[0.002s][info][metaspace]  - commit_granule_bytes: 65536.
[0.002s][info][metaspace]  - commit_granule_words: 8192.
[0.002s][info][metaspace]  - virtual_space_node_default_size: 8388608.
[0.002s][info][metaspace]  - enlarge_chunks_in_place: 1.
[0.004s][info][gc,init  ] CardTable entry size: 512
[0.008s][info][gc       ] Using G1
[0.012s][info][gc,init  ] Version: 24-internal-adhoc.root.jdk (release)
[0.012s][info][gc,init  ] CPUs: 2 total, 2 available
[0.012s][info][gc,init  ] Memory: 3908M
[0.012s][info][gc,init  ] Large Page Support: Disabled
[0.012s][info][gc,init  ] NUMA Support: Disabled
[0.012s][info][gc,init  ] Compressed Oops: Enabled (32-bit)
[0.012s][info][gc,init  ] Heap Region Size: 1M
[0.012s][info][gc,init  ] Heap Min Capacity: 256M
[0.012s][info][gc,init  ] Heap Initial Capacity: 256M
[0.012s][info][gc,init  ] Heap Max Capacity: 978M
[0.012s][info][gc,init  ] Pre-touch: Disabled
[0.012s][info][gc,init  ] Parallel Workers: 2
[0.012s][info][gc,init  ] Concurrent Workers: 1
[0.012s][info][gc,init  ] Concurrent Refinement Workers: 2
[0.012s][info][gc,init  ] Periodic GC: Disabled
[0.026s][info][gc,metaspace] CDS archive(s) mapped at: [0x00007f6336000000-0x00007f6336e7b000-0x00007f6336e7b000), size 15183872, SharedBaseAddress: 0x00007f6336000000, ArchiveRelocationMode: 1.
[0.026s][info][gc,metaspace] Compressed class space mapped at: 0x00007f6337000000-0x00007f6377000000, reserved size: 1073741824
[0.026s][info][gc,metaspace] UseCompressedClassPointers 1, UseCompactObjectHeaders 1
[0.026s][info][gc,metaspace] Narrow klass pointer bits 22, Max shift 10
[0.026s][info][gc,metaspace] Narrow klass base: 0x00007f6336000000, Narrow klass shift: 10
[0.026s][info][gc,metaspace] Encoding Range: [0x00007f6336000000 - 0x00007f6436000000), (4294967296 bytes)
[0.026s][info][gc,metaspace] Klass Range:    [0x00007f6336000000 - 0x00007f6377000000), (1090519040 bytes)
[0.026s][info][gc,metaspace] Klass ID Range:  [1 - 1064960) (1064959)
[0.287s][info][gc,start    ] GC(0) Pause Young (Normal) (G1 Evacuation Pause)
[0.287s][info][gc,task     ] GC(0) Using 2 workers of 2 for evacuation
[0.290s][info][gc,phases   ] GC(0)   Pre Evacuate Collection Set: 0.15ms
[0.290s][info][gc,phases   ] GC(0)   Merge Heap Roots: 0.07ms
[0.290s][info][gc,phases   ] GC(0)   Evacuate Collection Set: 3.03ms
[0.290s][info][gc,phases   ] GC(0)   Post Evacuate Collection Set: 0.25ms
[0.290s][info][gc,phases   ] GC(0)   Other: 0.22ms
[0.290s][info][gc,heap     ] GC(0) Eden regions: 12->0(10)
[0.290s][info][gc,heap     ] GC(0) Survivor regions: 0->2(2)
[0.290s][info][gc,heap     ] GC(0) Old regions: 2->2
[0.290s][info][gc,heap     ] GC(0) Humongous regions: 0->0
[0.291s][info][gc,metaspace] GC(0) Metaspace: 2354K(2496K)->2354K(2496K) NonClass: 2026K(2112K)->2026K(2112K) Class: 327K(384K)->327K(384K)
[0.291s][info][gc          ] GC(0) Pause Young (Normal) (G1 Evacuation Pause) 13M->2M(258M) 3.925ms
[0.291s][info][gc,cpu      ] GC(0) User=0.01s Sys=0.01s Real=0.00s
[0.315s][info][gc,start    ] GC(1) Pause Young (Normal) (G1 Evacuation Pause)
[0.315s][info][gc,task     ] GC(1) Using 2 workers of 2 for evacuation
[0.318s][info][gc,phases   ] GC(1)   Pre Evacuate Collection Set: 0.15ms
[0.318s][info][gc,phases   ] GC(1)   Merge Heap Roots: 0.04ms
[0.318s][info][gc,phases   ] GC(1)   Evacuate Collection Set: 2.73ms
[0.318s][info][gc,phases   ] GC(1)   Post Evacuate Collection Set: 0.21ms
[0.318s][info][gc,phases   ] GC(1)   Other: 0.07ms
[0.318s][info][gc,heap     ] GC(1) Eden regions: 10->0(20)
[0.318s][info][gc,heap     ] GC(1) Survivor regions: 2->1(2)
[0.318s][info][gc,heap     ] GC(1) Old regions: 2->4
[0.318s][info][gc,heap     ] GC(1) Humongous regions: 0->0
[0.318s][info][gc,metaspace] GC(1) Metaspace: 2419K(2560K)->2419K(2560K) NonClass: 2090K(2176K)->2090K(2176K) Class: 329K(384K)->329K(384K)
[0.318s][info][gc          ] GC(1) Pause Young (Normal) (G1 Evacuation Pause) 12M->2M(258M) 3.352ms
[0.318s][info][gc,cpu      ] GC(1) User=0.00s Sys=0.00s Real=0.01s
[0.365s][info][gc,start    ] GC(2) Pause Young (Normal) (G1 Evacuation Pause)
[0.365s][info][gc,task     ] GC(2) Using 2 workers of 2 for evacuation
[0.367s][info][gc,phases   ] GC(2)   Pre Evacuate Collection Set: 0.13ms
[0.367s][info][gc,phases   ] GC(2)   Merge Heap Roots: 0.03ms
[0.367s][info][gc,phases   ] GC(2)   Evacuate Collection Set: 2.15ms
[0.367s][info][gc,phases   ] GC(2)   Post Evacuate Collection Set: 0.14ms
[0.367s][info][gc,phases   ] GC(2)   Other: 0.08ms
[0.367s][info][gc,heap     ] GC(2) Eden regions: 20->0(25)
[0.367s][info][gc,heap     ] GC(2) Survivor regions: 1->1(3)
[0.368s][info][gc,heap     ] GC(2) Old regions: 4->4
[0.368s][info][gc,heap     ] GC(2) Humongous regions: 0->0
[0.368s][info][gc,metaspace] GC(2) Metaspace: 2583K(2688K)->2583K(2688K) NonClass: 2254K(2304K)->2254K(2304K) Class: 329K(384K)->329K(384K)
[0.368s][info][gc          ] GC(2) Pause Young (Normal) (G1 Evacuation Pause) 22M->2M(258M) 2.666ms
[0.368s][info][gc,cpu      ] GC(2) User=0.00s Sys=0.00s Real=0.01s
[0.745s][info][gc,start    ] GC(3) Pause Young (Normal) (G1 Evacuation Pause)
[0.745s][info][gc,task     ] GC(3) Using 2 workers of 2 for evacuation
[0.749s][info][gc,phases   ] GC(3)   Pre Evacuate Collection Set: 0.12ms
[0.749s][info][gc,phases   ] GC(3)   Merge Heap Roots: 0.04ms
[0.749s][info][gc,phases   ] GC(3)   Evacuate Collection Set: 3.25ms
[0.749s][info][gc,phases   ] GC(3)   Post Evacuate Collection Set: 0.26ms
[0.749s][info][gc,phases   ] GC(3)   Other: 0.06ms
[0.749s][info][gc,heap     ] GC(3) Eden regions: 25->0(33)
[0.749s][info][gc,heap     ] GC(3) Survivor regions: 1->2(4)
[0.749s][info][gc,heap     ] GC(3) Old regions: 4->4
[0.749s][info][gc,heap     ] GC(3) Humongous regions: 0->0
[0.749s][info][gc,metaspace] GC(3) Metaspace: 6376K(6528K)->6376K(6528K) NonClass: 5491K(5568K)->5491K(5568K) Class: 884K(960K)->884K(960K)
[0.749s][info][gc          ] GC(3) Pause Young (Normal) (G1 Evacuation Pause) 27M->4M(258M) 3.894ms
[0.749s][info][gc,cpu      ] GC(3) User=0.00s Sys=0.00s Real=0.01s
[0.937s][info][gc,start    ] GC(4) Pause Young (Normal) (G1 Evacuation Pause)
[0.937s][info][gc,task     ] GC(4) Using 2 workers of 2 for evacuation
[0.942s][info][gc,phases   ] GC(4)   Pre Evacuate Collection Set: 0.15ms
[0.942s][info][gc,phases   ] GC(4)   Merge Heap Roots: 0.04ms
[0.942s][info][gc,phases   ] GC(4)   Evacuate Collection Set: 3.64ms
[0.942s][info][gc,phases   ] GC(4)   Post Evacuate Collection Set: 0.35ms
[0.942s][info][gc,phases   ] GC(4)   Other: 0.07ms
[0.942s][info][gc,heap     ] GC(4) Eden regions: 33->0(43)
[0.942s][info][gc,heap     ] GC(4) Survivor regions: 2->2(5)
[0.942s][info][gc,heap     ] GC(4) Old regions: 4->4
[0.942s][info][gc,heap     ] GC(4) Humongous regions: 0->0
[0.942s][info][gc,metaspace] GC(4) Metaspace: 6603K(6784K)->6603K(6784K) NonClass: 5686K(5760K)->5686K(5760K) Class: 917K(1024K)->917K(1024K)
[0.942s][info][gc          ] GC(4) Pause Young (Normal) (G1 Evacuation Pause) 37M->4M(258M) 4.409ms
[0.942s][info][gc,cpu      ] GC(4) User=0.00s Sys=0.00s Real=0.00s
[1.180s][info][gc,start    ] GC(5) Pause Young (Normal) (G1 Evacuation Pause)
[1.180s][info][gc,task     ] GC(5) Using 2 workers of 2 for evacuation
[1.186s][info][gc,phases   ] GC(5)   Pre Evacuate Collection Set: 0.13ms
[1.186s][info][gc,phases   ] GC(5)   Merge Heap Roots: 0.03ms
[1.186s][info][gc,phases   ] GC(5)   Evacuate Collection Set: 4.97ms
[1.186s][info][gc,phases   ] GC(5)   Post Evacuate Collection Set: 0.28ms
[1.186s][info][gc,phases   ] GC(5)   Other: 0.08ms
[1.186s][info][gc,heap     ] GC(5) Eden regions: 43->0(56)
[1.186s][info][gc,heap     ] GC(5) Survivor regions: 2->2(6)
[1.186s][info][gc,heap     ] GC(5) Old regions: 4->4
[1.186s][info][gc,heap     ] GC(5) Humongous regions: 0->0
[1.186s][info][gc,metaspace] GC(5) Metaspace: 6951K(7104K)->6951K(7104K) NonClass: 5939K(6016K)->5939K(6016K) Class: 1012K(1088K)->1012K(1088K)
[1.186s][info][gc          ] GC(5) Pause Young (Normal) (G1 Evacuation Pause) 47M->4M(258M) 5.668ms
[1.186s][info][gc,cpu      ] GC(5) User=0.01s Sys=0.00s Real=0.00s
[1.427s][info][gc,start    ] GC(6) Pause Young (Normal) (G1 Evacuation Pause)
[1.428s][info][gc,task     ] GC(6) Using 2 workers of 2 for evacuation
[1.431s][info][gc,phases   ] GC(6)   Pre Evacuate Collection Set: 0.13ms
[1.431s][info][gc,phases   ] GC(6)   Merge Heap Roots: 0.04ms
[1.431s][info][gc,phases   ] GC(6)   Evacuate Collection Set: 2.62ms
[1.431s][info][gc,phases   ] GC(6)   Post Evacuate Collection Set: 0.30ms
[1.431s][info][gc,phases   ] GC(6)   Other: 0.10ms
[1.431s][info][gc,heap     ] GC(6) Eden regions: 56->0(71)
[1.431s][info][gc,heap     ] GC(6) Survivor regions: 2->3(8)
[1.431s][info][gc,heap     ] GC(6) Old regions: 4->4
[1.431s][info][gc,heap     ] GC(6) Humongous regions: 0->0
[1.431s][info][gc,metaspace] GC(6) Metaspace: 7466K(7680K)->7466K(7680K) NonClass: 6317K(6464K)->6317K(6464K) Class: 1148K(1216K)->1148K(1216K)
[1.431s][info][gc          ] GC(6) Pause Young (Normal) (G1 Evacuation Pause) 60M->4M(258M) 3.366ms
[1.431s][info][gc,cpu      ] GC(6) User=0.00s Sys=0.00s Real=0.00s
[1.675s][info][gc,start    ] GC(7) Pause Young (Normal) (G1 Evacuation Pause)
[1.675s][info][gc,task     ] GC(7) Using 2 workers of 2 for evacuation
[1.679s][info][gc,phases   ] GC(7)   Pre Evacuate Collection Set: 0.14ms
[1.679s][info][gc,phases   ] GC(7)   Merge Heap Roots: 0.04ms
[1.679s][info][gc,phases   ] GC(7)   Evacuate Collection Set: 3.23ms
[1.679s][info][gc,phases   ] GC(7)   Post Evacuate Collection Set: 0.32ms
[1.679s][info][gc,phases   ] GC(7)   Other: 0.09ms
[1.679s][info][gc,heap     ] GC(7) Eden regions: 71->0(93)
[1.679s][info][gc,heap     ] GC(7) Survivor regions: 3->2(10)
[1.679s][info][gc,heap     ] GC(7) Old regions: 4->4
[1.679s][info][gc,heap     ] GC(7) Humongous regions: 0->0
[1.679s][info][gc,metaspace] GC(7) Metaspace: 7738K(7872K)->7738K(7872K) NonClass: 6528K(6592K)->6528K(6592K) Class: 1210K(1280K)->1210K(1280K)
[1.679s][info][gc          ] GC(7) Pause Young (Normal) (G1 Evacuation Pause) 75M->4M(258M) 3.990ms
[1.679s][info][gc,cpu      ] GC(7) User=0.01s Sys=0.00s Real=0.01s
[2.003s][info][gc,start    ] GC(8) Pause Young (Normal) (G1 Evacuation Pause)
[2.003s][info][gc,task     ] GC(8) Using 2 workers of 2 for evacuation
[2.007s][info][gc,phases   ] GC(8)   Pre Evacuate Collection Set: 0.14ms
[2.007s][info][gc,phases   ] GC(8)   Merge Heap Roots: 0.05ms
[2.007s][info][gc,phases   ] GC(8)   Evacuate Collection Set: 3.24ms
[2.007s][info][gc,phases   ] GC(8)   Post Evacuate Collection Set: 0.38ms
[2.007s][info][gc,phases   ] GC(8)   Other: 0.09ms
[2.007s][info][gc,heap     ] GC(8) Eden regions: 93->0(114)
[2.007s][info][gc,heap     ] GC(8) Survivor regions: 2->3(12)
[2.007s][info][gc,heap     ] GC(8) Old regions: 4->4
[2.007s][info][gc,heap     ] GC(8) Humongous regions: 0->0
[2.007s][info][gc,metaspace] GC(8) Metaspace: 8004K(8256K)->8004K(8256K) NonClass: 6705K(6848K)->6705K(6848K) Class: 1299K(1408K)->1299K(1408K)
[2.007s][info][gc          ] GC(8) Pause Young (Normal) (G1 Evacuation Pause) 97M->4M(258M) 4.058ms
[2.007s][info][gc,cpu      ] GC(8) User=0.01s Sys=0.00s Real=0.01s
[2.572s][info][gc,start    ] GC(9) Pause Young (Normal) (G1 Evacuation Pause)
[2.572s][info][gc,task     ] GC(9) Using 2 workers of 2 for evacuation
[2.609s][info][gc,phases   ] GC(9)   Pre Evacuate Collection Set: 0.17ms
[2.609s][info][gc,phases   ] GC(9)   Merge Heap Roots: 0.06ms
[2.609s][info][gc,phases   ] GC(9)   Evacuate Collection Set: 35.93ms
[2.609s][info][gc,phases   ] GC(9)   Post Evacuate Collection Set: 0.61ms
[2.609s][info][gc,phases   ] GC(9)   Other: 0.07ms
[2.609s][info][gc,heap     ] GC(9) Eden regions: 114->0(101)
[2.609s][info][gc,heap     ] GC(9) Survivor regions: 3->15(15)
[2.609s][info][gc,heap     ] GC(9) Old regions: 4->15
[2.609s][info][gc,heap     ] GC(9) Humongous regions: 0->0
[2.609s][info][gc,metaspace] GC(9) Metaspace: 10515K(10624K)->10515K(10624K) NonClass: 8764K(8832K)->8764K(8832K) Class: 1751K(1792K)->1751K(1792K)
[2.609s][info][gc          ] GC(9) Pause Young (Normal) (G1 Evacuation Pause) 118M->29M(258M) 37.030ms
[2.609s][info][gc,cpu      ] GC(9) User=0.05s Sys=0.02s Real=0.04s
[2.972s][info][gc,start    ] GC(10) Pause Young (Normal) (G1 Evacuation Pause)
[2.972s][info][gc,task     ] GC(10) Using 2 workers of 2 for evacuation
[3.071s][info][gc,phases   ] GC(10)   Pre Evacuate Collection Set: 0.17ms
[3.071s][info][gc,phases   ] GC(10)   Merge Heap Roots: 0.20ms
[3.071s][info][gc,phases   ] GC(10)   Evacuate Collection Set: 97.30ms
[3.071s][info][gc,phases   ] GC(10)   Post Evacuate Collection Set: 0.88ms
[3.071s][info][gc,phases   ] GC(10)   Other: 0.09ms
[3.071s][info][gc,heap     ] GC(10) Eden regions: 101->0(1)
[3.071s][info][gc,heap     ] GC(10) Survivor regions: 15->15(15)
[3.071s][info][gc,heap     ] GC(10) Old regions: 15->57
[3.071s][info][gc,heap     ] GC(10) Humongous regions: 0->0
[3.071s][info][gc,metaspace] GC(10) Metaspace: 13809K(14016K)->13809K(14016K) NonClass: 11509K(11584K)->11509K(11584K) Class: 2300K(2432K)->2300K(2432K)
[3.071s][info][gc          ] GC(10) Pause Young (Normal) (G1 Evacuation Pause) 130M->71M(258M) 98.835ms
[3.071s][info][gc,cpu      ] GC(10) User=0.16s Sys=0.03s Real=0.10s
[3.073s][info][gc,start    ] GC(11) Pause Young (Normal) (G1 Evacuation Pause)
[3.073s][info][gc,task     ] GC(11) Using 2 workers of 2 for evacuation
[3.106s][info][gc,phases   ] GC(11)   Pre Evacuate Collection Set: 0.12ms
[3.106s][info][gc,phases   ] GC(11)   Merge Heap Roots: 0.48ms
[3.106s][info][gc,phases   ] GC(11)   Evacuate Collection Set: 30.86ms
[3.106s][info][gc,phases   ] GC(11)   Post Evacuate Collection Set: 1.63ms
[3.106s][info][gc,phases   ] GC(11)   Other: 0.08ms
[3.106s][info][gc,heap     ] GC(11) Eden regions: 1->0(18)
[3.106s][info][gc,heap     ] GC(11) Survivor regions: 15->1(2)
[3.106s][info][gc,heap     ] GC(11) Old regions: 57->73
[3.106s][info][gc,heap     ] GC(11) Humongous regions: 0->0
[3.106s][info][gc,metaspace] GC(11) Metaspace: 13815K(14016K)->13815K(14016K) NonClass: 11515K(11584K)->11515K(11584K) Class: 2300K(2432K)->2300K(2432K)
[3.106s][info][gc          ] GC(11) Pause Young (Normal) (G1 Evacuation Pause) 71M->72M(388M) 33.335ms
[3.106s][info][gc,cpu      ] GC(11) User=0.05s Sys=0.01s Real=0.03s
[3.925s][info][gc,start    ] GC(12) Pause Young (Normal) (G1 Evacuation Pause)
[3.925s][info][gc,task     ] GC(12) Using 2 workers of 2 for evacuation
[3.993s][info][gc,phases   ] GC(12)   Pre Evacuate Collection Set: 0.21ms
[3.993s][info][gc,phases   ] GC(12)   Merge Heap Roots: 0.10ms
[3.993s][info][gc,phases   ] GC(12)   Evacuate Collection Set: 66.90ms
[3.993s][info][gc,phases   ] GC(12)   Post Evacuate Collection Set: 0.61ms
[3.993s][info][gc,phases   ] GC(12)   Other: 0.12ms
[3.993s][info][gc,heap     ] GC(12) Eden regions: 157->0(1)
[3.993s][info][gc,heap     ] GC(12) Survivor regions: 1->20(20)
[3.993s][info][gc,heap     ] GC(12) Old regions: 73->107
[3.993s][info][gc,heap     ] GC(12) Humongous regions: 0->0
[3.993s][info][gc,metaspace] GC(12) Metaspace: 15278K(15488K)->15278K(15488K) NonClass: 12808K(12928K)->12808K(12928K) Class: 2470K(2560K)->2470K(2560K)
[3.993s][info][gc          ] GC(12) Pause Young (Normal) (G1 Evacuation Pause) 229M->125M(388M) 68.128ms
[3.994s][info][gc,cpu      ] GC(12) User=0.12s Sys=0.02s Real=0.07s
[3.998s][info][gc,start    ] GC(13) Pause Young (Normal) (G1 Evacuation Pause)
[3.998s][info][gc,task     ] GC(13) Using 2 workers of 2 for evacuation
[4.035s][info][gc,phases   ] GC(13)   Pre Evacuate Collection Set: 0.37ms
[4.035s][info][gc,phases   ] GC(13)   Merge Heap Roots: 0.30ms
[4.035s][info][gc,phases   ] GC(13)   Evacuate Collection Set: 36.11ms
[4.035s][info][gc,phases   ] GC(13)   Post Evacuate Collection Set: 0.23ms
[4.035s][info][gc,phases   ] GC(13)   Other: 0.11ms
[4.035s][info][gc,heap     ] GC(13) Eden regions: 1->0(18)
[4.035s][info][gc,heap     ] GC(13) Survivor regions: 20->1(3)
[4.035s][info][gc,heap     ] GC(13) Old regions: 107->127
[4.035s][info][gc,heap     ] GC(13) Humongous regions: 0->0
[4.035s][info][gc,metaspace] GC(13) Metaspace: 15278K(15488K)->15278K(15488K) NonClass: 12808K(12928K)->12808K(12928K) Class: 2470K(2560K)->2470K(2560K)
[4.035s][info][gc          ] GC(13) Pause Young (Normal) (G1 Evacuation Pause) 126M->127M(388M) 37.294ms
[4.035s][info][gc,cpu      ] GC(13) User=0.06s Sys=0.01s Real=0.03s
[4.694s][info][gc,start    ] GC(14) Pause Young (Normal) (G1 Evacuation Pause)
[4.694s][info][gc,task     ] GC(14) Using 2 workers of 2 for evacuation
[4.713s][info][gc,phases   ] GC(14)   Pre Evacuate Collection Set: 0.20ms
[4.713s][info][gc,phases   ] GC(14)   Merge Heap Roots: 0.36ms
[4.713s][info][gc,phases   ] GC(14)   Evacuate Collection Set: 17.72ms
[4.713s][info][gc,phases   ] GC(14)   Post Evacuate Collection Set: 0.37ms
[4.713s][info][gc,phases   ] GC(14)   Other: 0.06ms
[4.713s][info][gc,heap     ] GC(14) Eden regions: 86->0(9)
[4.713s][info][gc,heap     ] GC(14) Survivor regions: 1->10(11)
[4.713s][info][gc,heap     ] GC(14) Old regions: 127->127
[4.713s][info][gc,heap     ] GC(14) Humongous regions: 0->0
[4.713s][info][gc,metaspace] GC(14) Metaspace: 16217K(16384K)->16217K(16384K) NonClass: 13654K(13760K)->13654K(13760K) Class: 2563K(2624K)->2563K(2624K)
[4.713s][info][gc          ] GC(14) Pause Young (Normal) (G1 Evacuation Pause) 213M->136M(388M) 18.879ms
[4.713s][info][gc,cpu      ] GC(14) User=0.04s Sys=0.00s Real=0.02s
[4.779s][info][gc,start    ] GC(15) Pause Young (Normal) (G1 Evacuation Pause)
[4.779s][info][gc,task     ] GC(15) Using 2 workers of 2 for evacuation
[4.816s][info][gc,phases   ] GC(15)   Pre Evacuate Collection Set: 0.20ms
[4.816s][info][gc,phases   ] GC(15)   Merge Heap Roots: 0.44ms
[4.816s][info][gc,phases   ] GC(15)   Evacuate Collection Set: 35.43ms
[4.816s][info][gc,phases   ] GC(15)   Post Evacuate Collection Set: 0.33ms
[4.816s][info][gc,phases   ] GC(15)   Other: 0.06ms
[4.816s][info][gc,heap     ] GC(15) Eden regions: 23->0(32)
[4.816s][info][gc,heap     ] GC(15) Survivor regions: 10->5(5)
[4.816s][info][gc,heap     ] GC(15) Old regions: 127->143
[4.816s][info][gc,heap     ] GC(15) Humongous regions: 0->0
[4.816s][info][gc,metaspace] GC(15) Metaspace: 16235K(16384K)->16235K(16384K) NonClass: 13672K(13760K)->13672K(13760K) Class: 2563K(2624K)->2563K(2624K)
[4.816s][info][gc          ] GC(15) Pause Young (Normal) (G1 Evacuation Pause) 159M->146M(388M) 36.615ms
[4.816s][info][gc,cpu      ] GC(15) User=0.07s Sys=0.00s Real=0.03s
[4.902s][info][gc,start    ] GC(16) Pause Young (Normal) (G1 Evacuation Pause)
[4.902s][info][gc,task     ] GC(16) Using 2 workers of 2 for evacuation
[4.930s][info][gc,phases   ] GC(16)   Pre Evacuate Collection Set: 0.18ms
[4.931s][info][gc,phases   ] GC(16)   Merge Heap Roots: 0.35ms
[4.931s][info][gc,phases   ] GC(16)   Evacuate Collection Set: 24.93ms
[4.931s][info][gc,phases   ] GC(16)   Post Evacuate Collection Set: 3.02ms
[4.931s][info][gc,phases   ] GC(16)   Other: 0.07ms
[4.931s][info][gc,heap     ] GC(16) Eden regions: 24->0(62)
[4.931s][info][gc,heap     ] GC(16) Survivor regions: 5->4(4)
[4.931s][info][gc,heap     ] GC(16) Old regions: 143->154
[4.931s][info][gc,heap     ] GC(16) Humongous regions: 0->0
[4.931s][info][gc,metaspace] GC(16) Metaspace: 16265K(16384K)->16265K(16384K) NonClass: 13702K(13760K)->13702K(13760K) Class: 2563K(2624K)->2563K(2624K)
[4.931s][info][gc          ] GC(16) Pause Young (Normal) (G1 Evacuation Pause) 170M->156M(624M) 28.729ms
[4.931s][info][gc,cpu      ] GC(16) User=0.05s Sys=0.00s Real=0.03s
[5.055s][info][gc,start    ] GC(17) Pause Young (Normal) (G1 Evacuation Pause)
[5.055s][info][gc,task     ] GC(17) Using 2 workers of 2 for evacuation
[5.084s][info][gc,phases   ] GC(17)   Pre Evacuate Collection Set: 0.30ms
[5.084s][info][gc,phases   ] GC(17)   Merge Heap Roots: 0.60ms
[5.084s][info][gc,phases   ] GC(17)   Evacuate Collection Set: 28.24ms
[5.084s][info][gc,phases   ] GC(17)   Post Evacuate Collection Set: 0.31ms
[5.084s][info][gc,phases   ] GC(17)   Other: 0.10ms
[5.084s][info][gc,heap     ] GC(17) Eden regions: 27->0(88)
[5.084s][info][gc,heap     ] GC(17) Survivor regions: 4->4(4)
[5.085s][info][gc,heap     ] GC(17) Old regions: 154->164
[5.085s][info][gc,heap     ] GC(17) Humongous regions: 0->0
[5.085s][info][gc,metaspace] GC(17) Metaspace: 16465K(16640K)->16465K(16640K) NonClass: 13888K(14016K)->13888K(14016K) Class: 2577K(2624K)->2577K(2624K)
[5.085s][info][gc          ] GC(17) Pause Young (Normal) (G1 Evacuation Pause) 183M->166M(624M) 29.743ms
[5.085s][info][gc,cpu      ] GC(17) User=0.05s Sys=0.01s Real=0.03s
[5.534s][info][gc,start    ] GC(18) Pause Young (Normal) (G1 Evacuation Pause)
[5.534s][info][gc,task     ] GC(18) Using 2 workers of 2 for evacuation
[5.601s][info][gc,phases   ] GC(18)   Pre Evacuate Collection Set: 0.24ms
[5.601s][info][gc,phases   ] GC(18)   Merge Heap Roots: 0.47ms
[5.601s][info][gc,phases   ] GC(18)   Evacuate Collection Set: 66.10ms
[5.601s][info][gc,phases   ] GC(18)   Post Evacuate Collection Set: 0.43ms
[5.601s][info][gc,phases   ] GC(18)   Other: 0.09ms
[5.602s][info][gc,heap     ] GC(18) Eden regions: 85->0(75)
[5.602s][info][gc,heap     ] GC(18) Survivor regions: 4->12(12)
[5.602s][info][gc,heap     ] GC(18) Old regions: 164->185
[5.602s][info][gc,heap     ] GC(18) Humongous regions: 4->4
[5.602s][info][gc,metaspace] GC(18) Metaspace: 16600K(16704K)->16600K(16704K) NonClass: 14022K(14080K)->14022K(14080K) Class: 2578K(2624K)->2578K(2624K)
[5.602s][info][gc          ] GC(18) Pause Young (Normal) (G1 Evacuation Pause) 255M->199M(624M) 67.591ms
[5.602s][info][gc,cpu      ] GC(18) User=0.13s Sys=0.00s Real=0.07s
[5.760s][info][gc,start    ] GC(19) Pause Young (Normal) (G1 Evacuation Pause)
[5.760s][info][gc,task     ] GC(19) Using 2 workers of 2 for evacuation
[5.816s][info][gc,phases   ] GC(19)   Pre Evacuate Collection Set: 2.67ms
[5.817s][info][gc,phases   ] GC(19)   Merge Heap Roots: 0.43ms
[5.817s][info][gc,phases   ] GC(19)   Evacuate Collection Set: 53.16ms
[5.817s][info][gc,phases   ] GC(19)   Post Evacuate Collection Set: 0.34ms
[5.817s][info][gc,phases   ] GC(19)   Other: 0.09ms
[5.817s][info][gc,heap     ] GC(19) Eden regions: 64->0(128)
[5.817s][info][gc,heap     ] GC(19) Survivor regions: 12->9(10)
[5.817s][info][gc,heap     ] GC(19) Old regions: 185->197
[5.817s][info][gc,heap     ] GC(19) Humongous regions: 4->4
[5.817s][info][gc,metaspace] GC(19) Metaspace: 16623K(16768K)->16623K(16768K) NonClass: 14045K(14144K)->14045K(14144K) Class: 2578K(2624K)->2578K(2624K)
[5.817s][info][gc          ] GC(19) Pause Young (Normal) (G1 Evacuation Pause) 263M->209M(624M) 56.910ms
[5.817s][info][gc,cpu      ] GC(19) User=0.11s Sys=0.01s Real=0.06s
[6.404s][info][gc,start    ] GC(20) Pause Young (Normal) (G1 Evacuation Pause)
[6.404s][info][gc,task     ] GC(20) Using 2 workers of 2 for evacuation
[6.430s][info][gc,phases   ] GC(20)   Pre Evacuate Collection Set: 0.25ms
[6.430s][info][gc,phases   ] GC(20)   Merge Heap Roots: 0.14ms
[6.430s][info][gc,phases   ] GC(20)   Evacuate Collection Set: 24.66ms
[6.430s][info][gc,phases   ] GC(20)   Post Evacuate Collection Set: 1.40ms
[6.430s][info][gc,phases   ] GC(20)   Other: 0.12ms
[6.430s][info][gc,heap     ] GC(20) Eden regions: 242->0(180)
[6.430s][info][gc,heap     ] GC(20) Survivor regions: 9->21(32)
[6.430s][info][gc,heap     ] GC(20) Old regions: 197->197
[6.430s][info][gc,heap     ] GC(20) Humongous regions: 4->4
[6.430s][info][gc,metaspace] GC(20) Metaspace: 16686K(16832K)->16686K(16832K) NonClass: 14108K(14208K)->14108K(14208K) Class: 2578K(2624K)->2578K(2624K)
[6.430s][info][gc          ] GC(20) Pause Young (Normal) (G1 Evacuation Pause) 451M->221M(703M) 26.765ms
[6.430s][info][gc,cpu      ] GC(20) User=0.05s Sys=0.00s Real=0.03s
[6.910s][info][gc,start    ] GC(21) Pause Young (Normal) (G1 Evacuation Pause)
[6.911s][info][gc,task     ] GC(21) Using 2 workers of 2 for evacuation
[6.942s][info][gc,phases   ] GC(21)   Pre Evacuate Collection Set: 0.31ms
[6.942s][info][gc,phases   ] GC(21)   Merge Heap Roots: 0.18ms
[6.942s][info][gc,phases   ] GC(21)   Evacuate Collection Set: 30.73ms
[6.942s][info][gc,phases   ] GC(21)   Post Evacuate Collection Set: 0.44ms
[6.942s][info][gc,phases   ] GC(21)   Other: 0.11ms
[6.942s][info][gc,heap     ] GC(21) Eden regions: 256->0(269)
[6.942s][info][gc,heap     ] GC(21) Survivor regions: 21->20(35)
[6.942s][info][gc,heap     ] GC(21) Old regions: 197->206
[6.942s][info][gc,heap     ] GC(21) Humongous regions: 4->4
[6.942s][info][gc,metaspace] GC(21) Metaspace: 16793K(16960K)->16793K(16960K) NonClass: 14213K(14336K)->14213K(14336K) Class: 2579K(2624K)->2579K(2624K)
[6.943s][info][gc          ] GC(21) Pause Young (Normal) (G1 Evacuation Pause) 477M->228M(703M) 32.028ms
[6.943s][info][gc,cpu      ] GC(21) User=0.06s Sys=0.00s Real=0.03s
[7.552s][info][gc,start    ] GC(22) Pause Young (Normal) (G1 Evacuation Pause)
[7.552s][info][gc,task     ] GC(22) Using 2 workers of 2 for evacuation
[7.578s][info][gc,phases   ] GC(22)   Pre Evacuate Collection Set: 0.25ms
[7.578s][info][gc,phases   ] GC(22)   Merge Heap Roots: 0.15ms
[7.578s][info][gc,phases   ] GC(22)   Evacuate Collection Set: 24.71ms
[7.578s][info][gc,phases   ] GC(22)   Post Evacuate Collection Set: 0.43ms
[7.578s][info][gc,phases   ] GC(22)   Other: 0.09ms
[7.578s][info][gc,heap     ] GC(22) Eden regions: 284->0(301)
[7.578s][info][gc,heap     ] GC(22) Survivor regions: 20->12(38)
[7.578s][info][gc,heap     ] GC(22) Old regions: 206->219
[7.578s][info][gc,heap     ] GC(22) Humongous regions: 4->4
[7.578s][info][gc,metaspace] GC(22) Metaspace: 16894K(17024K)->16894K(17024K) NonClass: 14313K(14400K)->14313K(14400K) Class: 2580K(2624K)->2580K(2624K)
[7.578s][info][gc          ] GC(22) Pause Young (Normal) (G1 Evacuation Pause) 512M->233M(703M) 25.828ms
[7.578s][info][gc,cpu      ] GC(22) User=0.05s Sys=0.00s Real=0.03s
[8.338s][info][gc,start    ] GC(23) Pause Young (Normal) (G1 Evacuation Pause)
[8.338s][info][gc,task     ] GC(23) Using 2 workers of 2 for evacuation
[8.461s][info][gc,phases   ] GC(23)   Pre Evacuate Collection Set: 0.31ms
[8.461s][info][gc,phases   ] GC(23)   Merge Heap Roots: 0.27ms
[8.461s][info][gc,phases   ] GC(23)   Evacuate Collection Set: 121.91ms
[8.461s][info][gc,phases   ] GC(23)   Post Evacuate Collection Set: 0.62ms
[8.461s][info][gc,phases   ] GC(23)   Other: 0.10ms
[8.461s][info][gc,heap     ] GC(23) Eden regions: 301->0(254)
[8.461s][info][gc,heap     ] GC(23) Survivor regions: 12->40(40)
[8.461s][info][gc,heap     ] GC(23) Old regions: 219->261
[8.461s][info][gc,heap     ] GC(23) Humongous regions: 5->5
[8.461s][info][gc,metaspace] GC(23) Metaspace: 16958K(17152K)->16958K(17152K) NonClass: 14374K(14528K)->14374K(14528K) Class: 2584K(2624K)->2584K(2624K)
[8.461s][info][gc          ] GC(23) Pause Young (Normal) (G1 Evacuation Pause) 535M->304M(703M) 123.444ms
[8.461s][info][gc,cpu      ] GC(23) User=0.24s Sys=0.00s Real=0.12s
[9.023s][info][gc,start    ] GC(24) Pause Young (Normal) (G1 Evacuation Pause)
[9.023s][info][gc,task     ] GC(24) Using 2 workers of 2 for evacuation
[9.094s][info][gc,phases   ] GC(24)   Pre Evacuate Collection Set: 2.69ms
[9.094s][info][gc,phases   ] GC(24)   Merge Heap Roots: 0.52ms
[9.094s][info][gc,phases   ] GC(24)   Evacuate Collection Set: 67.40ms
[9.094s][info][gc,phases   ] GC(24)   Post Evacuate Collection Set: 0.47ms
[9.094s][info][gc,phases   ] GC(24)   Other: 0.10ms
[9.094s][info][gc,heap     ] GC(24) Eden regions: 254->0(268)
[9.094s][info][gc,heap     ] GC(24) Survivor regions: 40->5(37)
[9.094s][info][gc,heap     ] GC(24) Old regions: 261->301
[9.094s][info][gc,heap     ] GC(24) Humongous regions: 5->5
[9.094s][info][gc,metaspace] GC(24) Metaspace: 16971K(17152K)->16971K(17152K) NonClass: 14386K(14528K)->14386K(14528K) Class: 2585K(2624K)->2585K(2624K)
[9.094s][info][gc          ] GC(24) Pause Young (Normal) (G1 Evacuation Pause) 558M->310M(703M) 71.412ms
[9.094s][info][gc,cpu      ] GC(24) User=0.14s Sys=0.00s Real=0.07s
[10.011s][info][gc,start    ] GC(25) Pause Young (Normal) (G1 Evacuation Pause)
[10.011s][info][gc,task     ] GC(25) Using 2 workers of 2 for evacuation
[10.056s][info][gc,phases   ] GC(25)   Pre Evacuate Collection Set: 0.33ms
[10.056s][info][gc,phases   ] GC(25)   Merge Heap Roots: 0.21ms
[10.056s][info][gc,phases   ] GC(25)   Evacuate Collection Set: 43.73ms
[10.056s][info][gc,phases   ] GC(25)   Post Evacuate Collection Set: 0.57ms
[10.056s][info][gc,phases   ] GC(25)   Other: 0.08ms
[10.056s][info][gc,heap     ] GC(25) Eden regions: 268->0(250)
[10.056s][info][gc,heap     ] GC(25) Survivor regions: 5->33(35)
[10.056s][info][gc,heap     ] GC(25) Old regions: 301->301
[10.056s][info][gc,heap     ] GC(25) Humongous regions: 5->5
[10.056s][info][gc,metaspace] GC(25) Metaspace: 16986K(17152K)->16986K(17152K) NonClass: 14401K(14528K)->14401K(14528K) Class: 2585K(2624K)->2585K(2624K)
[10.056s][info][gc          ] GC(25) Pause Young (Normal) (G1 Evacuation Pause) 578M->337M(703M) 45.160ms
[10.056s][info][gc,cpu      ] GC(25) User=0.09s Sys=0.00s Real=0.05s
[10.576s][info][gc,start    ] GC(26) Pause Young (Normal) (G1 Evacuation Pause)
[10.576s][info][gc,task     ] GC(26) Using 2 workers of 2 for evacuation
[10.673s][info][gc,phases   ] GC(26)   Pre Evacuate Collection Set: 0.23ms
[10.673s][info][gc,phases   ] GC(26)   Merge Heap Roots: 1.81ms
[10.673s][info][gc,phases   ] GC(26)   Evacuate Collection Set: 94.04ms
[10.673s][info][gc,phases   ] GC(26)   Post Evacuate Collection Set: 0.55ms
[10.673s][info][gc,phases   ] GC(26)   Other: 0.08ms
[10.673s][info][gc,heap     ] GC(26) Eden regions: 250->0(204)
[10.673s][info][gc,heap     ] GC(26) Survivor regions: 33->36(36)
[10.673s][info][gc,heap     ] GC(26) Old regions: 301->349
[10.673s][info][gc,heap     ] GC(26) Humongous regions: 6->6
[10.673s][info][gc,metaspace] GC(26) Metaspace: 16993K(17152K)->16993K(17152K) NonClass: 14408K(14528K)->14408K(14528K) Class: 2585K(2624K)->2585K(2624K)
[10.673s][info][gc          ] GC(26) Pause Young (Normal) (G1 Evacuation Pause) 588M->390M(703M) 96.949ms
[10.673s][info][gc,cpu      ] GC(26) User=0.19s Sys=0.00s Real=0.10s
[11.098s][info][gc,start    ] GC(27) Pause Young (Concurrent Start) (G1 Evacuation Pause)
[11.098s][info][gc,task     ] GC(27) Using 2 workers of 2 for evacuation
[11.139s][info][gc,phases   ] GC(27)   Pre Evacuate Collection Set: 0.26ms
[11.139s][info][gc,phases   ] GC(27)   Merge Heap Roots: 0.28ms
[11.139s][info][gc,phases   ] GC(27)   Evacuate Collection Set: 39.35ms
[11.139s][info][gc,phases   ] GC(27)   Post Evacuate Collection Set: 0.42ms
[11.139s][info][gc,phases   ] GC(27)   Other: 0.16ms
[11.139s][info][gc,heap     ] GC(27) Eden regions: 204->0(216)
[11.139s][info][gc,heap     ] GC(27) Survivor regions: 36->3(30)
[11.139s][info][gc,heap     ] GC(27) Old regions: 349->386
[11.139s][info][gc,heap     ] GC(27) Humongous regions: 6->6
[11.139s][info][gc,metaspace] GC(27) Metaspace: 16998K(17152K)->16998K(17152K) NonClass: 14413K(14528K)->14413K(14528K) Class: 2585K(2624K)->2585K(2624K)
[11.139s][info][gc          ] GC(27) Pause Young (Concurrent Start) (G1 Evacuation Pause) 594M->393M(703M) 40.655ms
[11.139s][info][gc,cpu      ] GC(27) User=0.08s Sys=0.00s Real=0.04s
[11.139s][info][gc          ] GC(28) Concurrent Mark Cycle
[11.139s][info][gc,marking  ] GC(28) Concurrent Scan Root Regions
[11.177s][info][gc,marking  ] GC(28) Concurrent Scan Root Regions 38.110ms
[11.177s][info][gc,marking  ] GC(28) Concurrent Mark
[11.177s][info][gc,marking  ] GC(28) Concurrent Mark From Roots
[11.177s][info][gc,task     ] GC(28) Using 1 workers of 1 for marking
[11.855s][info][gc,start    ] GC(29) Pause Young (Normal) (G1 Evacuation Pause)
[11.855s][info][gc,task     ] GC(29) Using 2 workers of 2 for evacuation
[11.948s][info][gc,phases   ] GC(29)   Pre Evacuate Collection Set: 0.34ms
[11.948s][info][gc,phases   ] GC(29)   Merge Heap Roots: 0.21ms
[11.948s][info][gc,phases   ] GC(29)   Evacuate Collection Set: 90.79ms
[11.948s][info][gc,phases   ] GC(29)   Post Evacuate Collection Set: 0.91ms
[11.948s][info][gc,phases   ] GC(29)   Other: 0.10ms
[11.948s][info][gc,heap     ] GC(29) Eden regions: 216->0(155)
[11.948s][info][gc,heap     ] GC(29) Survivor regions: 3->28(28)
[11.948s][info][gc,heap     ] GC(29) Old regions: 386->449
[11.948s][info][gc,heap     ] GC(29) Humongous regions: 6->6
[11.948s][info][gc,metaspace] GC(29) Metaspace: 17004K(17152K)->17004K(17152K) NonClass: 14418K(14528K)->14418K(14528K) Class: 2585K(2624K)->2585K(2624K)
[11.948s][info][gc          ] GC(29) Pause Young (Normal) (G1 Evacuation Pause) 609M->481M(737M) 92.571ms
[11.948s][info][gc,cpu      ] GC(29) User=0.19s Sys=0.00s Real=0.10s
[12.274s][info][gc,marking  ] GC(28) Concurrent Mark From Roots 1097.068ms
[12.274s][info][gc,marking  ] GC(28) Concurrent Preclean
[12.274s][info][gc,marking  ] GC(28) Concurrent Preclean 0.042ms
[12.275s][info][gc,start    ] GC(28) Pause Remark
[12.287s][info][gc          ] GC(28) Pause Remark 530M->503M(760M) 11.900ms
[12.287s][info][gc,cpu      ] GC(28) User=0.02s Sys=0.00s Real=0.02s
[12.287s][info][gc,marking  ] GC(28) Concurrent Mark 1110.086ms
[12.287s][info][gc,marking  ] GC(28) Concurrent Rebuild Remembered Sets and Scrub Regions
[12.561s][info][gc,start    ] GC(30) Pause Young (Normal) (G1 Evacuation Pause)
[12.561s][info][gc,task     ] GC(30) Using 2 workers of 2 for evacuation
[12.651s][info][gc,phases   ] GC(30)   Pre Evacuate Collection Set: 0.40ms
[12.651s][info][gc,phases   ] GC(30)   Merge Heap Roots: 0.17ms
[12.651s][info][gc,phases   ] GC(30)   Evacuate Collection Set: 89.54ms
[12.651s][info][gc,phases   ] GC(30)   Post Evacuate Collection Set: 0.52ms
[12.651s][info][gc,phases   ] GC(30)   Other: 0.13ms
[12.651s][info][gc,heap     ] GC(30) Eden regions: 155->0(126)
[12.651s][info][gc,heap     ] GC(30) Survivor regions: 28->23(23)
[12.651s][info][gc,heap     ] GC(30) Old regions: 424->496
[12.651s][info][gc,heap     ] GC(30) Humongous regions: 4->4
[12.651s][info][gc,metaspace] GC(30) Metaspace: 17011K(17152K)->17011K(17152K) NonClass: 14426K(14528K)->14426K(14528K) Class: 2585K(2624K)->2585K(2624K)
[12.652s][info][gc          ] GC(30) Pause Young (Normal) (G1 Evacuation Pause) 609M->522M(760M) 90.997ms
[12.652s][info][gc,cpu      ] GC(30) User=0.17s Sys=0.00s Real=0.09s
[12.862s][info][gc,marking  ] GC(28) Concurrent Rebuild Remembered Sets and Scrub Regions 575.253ms
[12.863s][info][gc,start    ] GC(28) Pause Cleanup
[12.863s][info][gc          ] GC(28) Pause Cleanup 575M->575M(760M) 0.110ms
[12.863s][info][gc,cpu      ] GC(28) User=0.00s Sys=0.00s Real=0.00s
[12.863s][info][gc,marking  ] GC(28) Concurrent Clear Claimed Marks
[12.863s][info][gc,marking  ] GC(28) Concurrent Clear Claimed Marks 0.048ms
[12.863s][info][gc,marking  ] GC(28) Concurrent Cleanup for Next Mark
[12.882s][info][gc,marking  ] GC(28) Concurrent Cleanup for Next Mark 18.417ms
[12.882s][info][gc          ] GC(28) Concurrent Mark Cycle 1742.970ms
[12.958s][info][gc,start    ] GC(31) Pause Young (Prepare Mixed) (G1 Evacuation Pause)
[12.958s][info][gc,task     ] GC(31) Using 2 workers of 2 for evacuation
[13.019s][info][gc,phases   ] GC(31)   Pre Evacuate Collection Set: 0.38ms
[13.019s][info][gc,phases   ] GC(31)   Merge Heap Roots: 0.57ms
[13.019s][info][gc,phases   ] GC(31)   Evacuate Collection Set: 59.04ms
[13.019s][info][gc,phases   ] GC(31)   Post Evacuate Collection Set: 0.49ms
[13.019s][info][gc,phases   ] GC(31)   Other: 0.10ms
[13.019s][info][gc,heap     ] GC(31) Eden regions: 126->0(125)
[13.019s][info][gc,heap     ] GC(31) Survivor regions: 23->15(19)
[13.019s][info][gc,heap     ] GC(31) Old regions: 496->520
[13.019s][info][gc,heap     ] GC(31) Humongous regions: 5->5
[13.019s][info][gc,metaspace] GC(31) Metaspace: 17066K(17280K)->17066K(17280K) NonClass: 14472K(14592K)->14472K(14592K) Class: 2593K(2688K)->2593K(2688K)
[13.019s][info][gc          ] GC(31) Pause Young (Prepare Mixed) (G1 Evacuation Pause) 649M->538M(760M) 60.803ms
[13.019s][info][gc,cpu      ] GC(31) User=0.12s Sys=0.00s Real=0.06s
[13.204s][info][gc,start    ] GC(32) Pause Young (Mixed) (G1 Evacuation Pause)
[13.204s][info][gc,task     ] GC(32) Using 2 workers of 2 for evacuation
[13.252s][info][gc,phases   ] GC(32)   Pre Evacuate Collection Set: 0.34ms
[13.252s][info][gc,phases   ] GC(32)   Merge Heap Roots: 0.89ms
[13.252s][info][gc,phases   ] GC(32)   Evacuate Collection Set: 46.37ms
[13.252s][info][gc,phases   ] GC(32)   Post Evacuate Collection Set: 0.37ms
[13.252s][info][gc,phases   ] GC(32)   Other: 0.09ms
[13.252s][info][gc,heap     ] GC(32) Eden regions: 125->0(147)
[13.252s][info][gc,heap     ] GC(32) Survivor regions: 15->10(18)
[13.252s][info][gc,heap     ] GC(32) Old regions: 520->504
[13.252s][info][gc,heap     ] GC(32) Humongous regions: 5->5
[13.252s][info][gc,metaspace] GC(32) Metaspace: 17080K(17280K)->17080K(17280K) NonClass: 14482K(14592K)->14482K(14592K) Class: 2597K(2688K)->2597K(2688K)
[13.252s][info][gc          ] GC(32) Pause Young (Mixed) (G1 Evacuation Pause) 663M->518M(760M) 48.296ms
[13.252s][info][gc,cpu      ] GC(32) User=0.09s Sys=0.01s Real=0.05s
[13.465s][info][gc,start    ] GC(33) Pause Young (Concurrent Start) (G1 Evacuation Pause)
[13.465s][info][gc,task     ] GC(33) Using 2 workers of 2 for evacuation
[13.488s][info][gc,phases   ] GC(33)   Pre Evacuate Collection Set: 0.25ms
[13.488s][info][gc,phases   ] GC(33)   Merge Heap Roots: 0.07ms
[13.488s][info][gc,phases   ] GC(33)   Evacuate Collection Set: 22.51ms
[13.488s][info][gc,phases   ] GC(33)   Post Evacuate Collection Set: 0.36ms
[13.488s][info][gc,phases   ] GC(33)   Other: 0.09ms
[13.488s][info][gc,heap     ] GC(33) Eden regions: 147->0(143)
[13.488s][info][gc,heap     ] GC(33) Survivor regions: 10->20(20)
[13.488s][info][gc,heap     ] GC(33) Old regions: 504->509
[13.488s][info][gc,heap     ] GC(33) Humongous regions: 5->5
[13.488s][info][gc,metaspace] GC(33) Metaspace: 17100K(17280K)->17100K(17280K) NonClass: 14503K(14592K)->14503K(14592K) Class: 2597K(2688K)->2597K(2688K)
[13.488s][info][gc          ] GC(33) Pause Young (Concurrent Start) (G1 Evacuation Pause) 665M->533M(760M) 23.495ms
[13.488s][info][gc,cpu      ] GC(33) User=0.04s Sys=0.00s Real=0.03s
[13.488s][info][gc          ] GC(34) Concurrent Mark Cycle
[13.488s][info][gc,marking  ] GC(34) Concurrent Scan Root Regions
[13.526s][info][gc,marking  ] GC(34) Concurrent Scan Root Regions 37.985ms
[13.526s][info][gc,marking  ] GC(34) Concurrent Mark
[13.526s][info][gc,marking  ] GC(34) Concurrent Mark From Roots
[13.526s][info][gc,task     ] GC(34) Using 1 workers of 1 for marking
[13.751s][info][gc,marking  ] GC(34) Concurrent Mark From Roots 224.851ms
[13.751s][info][gc,marking  ] GC(34) Concurrent Preclean
[13.751s][info][gc,marking  ] GC(34) Concurrent Preclean 0.024ms
[13.751s][info][gc,start    ] GC(34) Pause Remark
[13.766s][info][gc          ] GC(34) Pause Remark 644M->318M(694M) 15.115ms
[13.766s][info][gc,cpu      ] GC(34) User=0.03s Sys=0.00s Real=0.02s
[13.769s][info][gc,marking  ] GC(34) Concurrent Mark 243.160ms
[13.769s][info][gc,marking  ] GC(34) Concurrent Rebuild Remembered Sets and Scrub Regions
[13.858s][info][gc,start    ] GC(35) Pause Young (Normal) (G1 Evacuation Pause)
[13.858s][info][gc,task     ] GC(35) Using 2 workers of 2 for evacuation
[13.913s][info][gc,phases   ] GC(35)   Pre Evacuate Collection Set: 0.24ms
[13.913s][info][gc,phases   ] GC(35)   Merge Heap Roots: 0.12ms
[13.913s][info][gc,phases   ] GC(35)   Evacuate Collection Set: 54.15ms
[13.913s][info][gc,phases   ] GC(35)   Post Evacuate Collection Set: 0.49ms
[13.913s][info][gc,phases   ] GC(35)   Other: 0.07ms
[13.913s][info][gc,heap     ] GC(35) Eden regions: 143->0(293)
[13.913s][info][gc,heap     ] GC(35) Survivor regions: 20->21(21)
[13.913s][info][gc,heap     ] GC(35) Old regions: 187->226
[13.913s][info][gc,heap     ] GC(35) Humongous regions: 1->1
[13.913s][info][gc,metaspace] GC(35) Metaspace: 17106K(17280K)->17106K(17280K) NonClass: 14506K(14592K)->14506K(14592K) Class: 2599K(2688K)->2599K(2688K)
[13.913s][info][gc          ] GC(35) Pause Young (Normal) (G1 Evacuation Pause) 350M->247M(694M) 55.298ms
[13.913s][info][gc,cpu      ] GC(35) User=0.11s Sys=0.00s Real=0.05s
[13.919s][info][gc,marking  ] GC(34) Concurrent Rebuild Remembered Sets and Scrub Regions 150.137ms
[13.920s][info][gc,start    ] GC(34) Pause Cleanup
[13.920s][info][gc          ] GC(34) Pause Cleanup 248M->248M(694M) 0.131ms
[13.920s][info][gc,cpu      ] GC(34) User=0.00s Sys=0.00s Real=0.00s
[13.920s][info][gc,marking  ] GC(34) Concurrent Clear Claimed Marks
[13.920s][info][gc,marking  ] GC(34) Concurrent Clear Claimed Marks 0.026ms
[13.920s][info][gc,marking  ] GC(34) Concurrent Cleanup for Next Mark
[13.928s][info][gc,marking  ] GC(34) Concurrent Cleanup for Next Mark 8.070ms
[13.929s][info][gc          ] GC(34) Concurrent Mark Cycle 440.466ms
[14.563s][info][gc,start    ] GC(36) Pause Young (Prepare Mixed) (G1 Evacuation Pause)
[14.563s][info][gc,task     ] GC(36) Using 2 workers of 2 for evacuation
[14.631s][info][gc,phases   ] GC(36)   Pre Evacuate Collection Set: 0.34ms
[14.631s][info][gc,phases   ] GC(36)   Merge Heap Roots: 0.70ms
[14.631s][info][gc,phases   ] GC(36)   Evacuate Collection Set: 66.34ms
[14.631s][info][gc,phases   ] GC(36)   Post Evacuate Collection Set: 0.60ms
[14.631s][info][gc,phases   ] GC(36)   Other: 0.12ms
[14.631s][info][gc,heap     ] GC(36) Eden regions: 293->0(268)
[14.631s][info][gc,heap     ] GC(36) Survivor regions: 21->40(40)
[14.631s][info][gc,heap     ] GC(36) Old regions: 226->247
[14.631s][info][gc,heap     ] GC(36) Humongous regions: 1->1
[14.631s][info][gc,metaspace] GC(36) Metaspace: 17124K(17280K)->17124K(17280K) NonClass: 14522K(14592K)->14522K(14592K) Class: 2602K(2688K)->2602K(2688K)
[14.631s][info][gc          ] GC(36) Pause Young (Prepare Mixed) (G1 Evacuation Pause) 540M->287M(694M) 68.334ms
[14.631s][info][gc,cpu      ] GC(36) User=0.13s Sys=0.00s Real=0.07s
[14.937s][info][gc,start    ] GC(37) Pause Young (Mixed) (G1 Evacuation Pause)
[14.937s][info][gc,task     ] GC(37) Using 2 workers of 2 for evacuation
[15.176s][info][gc,mmu      ] GC(37) MMU target violated: 201.0ms (200.0ms/201.0ms)
[15.176s][info][gc,phases   ] GC(37)   Pre Evacuate Collection Set: 0.27ms
[15.176s][info][gc,phases   ] GC(37)   Merge Heap Roots: 0.47ms
[15.176s][info][gc,phases   ] GC(37)   Evacuate Collection Set: 236.43ms
[15.176s][info][gc,phases   ] GC(37)   Post Evacuate Collection Set: 1.09ms
[15.176s][info][gc,phases   ] GC(37)   Other: 0.14ms
[15.176s][info][gc,heap     ] GC(37) Eden regions: 268->0(218)
[15.176s][info][gc,heap     ] GC(37) Survivor regions: 40->39(39)
[15.176s][info][gc,heap     ] GC(37) Old regions: 247->291
[15.176s][info][gc,heap     ] GC(37) Humongous regions: 4->4
[15.176s][info][gc,metaspace] GC(37) Metaspace: 17126K(17280K)->17126K(17280K) NonClass: 14524K(14592K)->14524K(14592K) Class: 2602K(2688K)->2602K(2688K)
[15.176s][info][gc          ] GC(37) Pause Young (Mixed) (G1 Evacuation Pause) 558M->333M(705M) 238.571ms
[15.176s][info][gc,cpu      ] GC(37) User=0.46s Sys=0.01s Real=0.23s
[15.514s][info][gc,start    ] GC(38) Pause Young (Mixed) (G1 Evacuation Pause)
[15.514s][info][gc,task     ] GC(38) Using 2 workers of 2 for evacuation
[15.653s][info][gc,phases   ] GC(38)   Pre Evacuate Collection Set: 0.33ms
[15.653s][info][gc,phases   ] GC(38)   Merge Heap Roots: 1.17ms
[15.653s][info][gc,phases   ] GC(38)   Evacuate Collection Set: 135.56ms
[15.653s][info][gc,phases   ] GC(38)   Post Evacuate Collection Set: 2.09ms
[15.653s][info][gc,phases   ] GC(38)   Other: 0.08ms
[15.653s][info][gc,heap     ] GC(38) Eden regions: 218->0(265)
[15.653s][info][gc,heap     ] GC(38) Survivor regions: 39->33(33)
[15.653s][info][gc,heap     ] GC(38) Old regions: 291->309
[15.653s][info][gc,heap     ] GC(38) Humongous regions: 4->4
[15.653s][info][gc,metaspace] GC(38) Metaspace: 17129K(17280K)->17129K(17280K) NonClass: 14527K(14592K)->14527K(14592K) Class: 2602K(2688K)->2602K(2688K)
[15.653s][info][gc          ] GC(38) Pause Young (Mixed) (G1 Evacuation Pause) 551M->345M(792M) 139.438ms
[15.654s][info][gc,cpu      ] GC(38) User=0.27s Sys=0.00s Real=0.14s
[15.999s][info][gc,start    ] GC(39) Pause Young (Normal) (G1 Evacuation Pause)
[15.999s][info][gc,task     ] GC(39) Using 2 workers of 2 for evacuation
[16.051s][info][gc,phases   ] GC(39)   Pre Evacuate Collection Set: 0.36ms
[16.051s][info][gc,phases   ] GC(39)   Merge Heap Roots: 0.49ms
[16.051s][info][gc,phases   ] GC(39)   Evacuate Collection Set: 50.21ms
[16.051s][info][gc,phases   ] GC(39)   Post Evacuate Collection Set: 0.52ms
[16.051s][info][gc,phases   ] GC(39)   Other: 0.10ms
[16.051s][info][gc,heap     ] GC(39) Eden regions: 265->0(284)
[16.051s][info][gc,heap     ] GC(39) Survivor regions: 33->6(38)
[16.051s][info][gc,heap     ] GC(39) Old regions: 309->342
[16.051s][info][gc,heap     ] GC(39) Humongous regions: 4->4
[16.051s][info][gc,metaspace] GC(39) Metaspace: 17144K(17280K)->17144K(17280K) NonClass: 14536K(14592K)->14536K(14592K) Class: 2608K(2688K)->2608K(2688K)
[16.051s][info][gc          ] GC(39) Pause Young (Normal) (G1 Evacuation Pause) 610M->351M(792M) 51.896ms
[16.051s][info][gc,cpu      ] GC(39) User=0.10s Sys=0.00s Real=0.05s
[16.517s][info][gc,start    ] GC(40) Pause Young (Normal) (G1 Evacuation Pause)
[16.517s][info][gc,task     ] GC(40) Using 2 workers of 2 for evacuation
[16.613s][info][gc,phases   ] GC(40)   Pre Evacuate Collection Set: 0.36ms
[16.613s][info][gc,phases   ] GC(40)   Merge Heap Roots: 0.52ms
[16.613s][info][gc,phases   ] GC(40)   Evacuate Collection Set: 94.87ms
[16.613s][info][gc,phases   ] GC(40)   Post Evacuate Collection Set: 0.61ms
[16.613s][info][gc,phases   ] GC(40)   Other: 0.08ms
[16.613s][info][gc,heap     ] GC(40) Eden regions: 284->0(244)
[16.613s][info][gc,heap     ] GC(40) Survivor regions: 6->37(37)
[16.613s][info][gc,heap     ] GC(40) Old regions: 342->370
[16.613s][info][gc,heap     ] GC(40) Humongous regions: 7->7
[16.613s][info][gc,metaspace] GC(40) Metaspace: 17147K(17280K)->17147K(17280K) NonClass: 14539K(14592K)->14539K(14592K) Class: 2608K(2688K)->2608K(2688K)
[16.613s][info][gc          ] GC(40) Pause Young (Normal) (G1 Evacuation Pause) 638M->413M(792M) 96.662ms
[16.613s][info][gc,cpu      ] GC(40) User=0.19s Sys=0.00s Real=0.09s
[17.016s][info][gc,start    ] GC(41) Pause Young (Concurrent Start) (G1 Evacuation Pause)
[17.016s][info][gc,task     ] GC(41) Using 2 workers of 2 for evacuation
[17.107s][info][gc,phases   ] GC(41)   Pre Evacuate Collection Set: 0.30ms
[17.107s][info][gc,phases   ] GC(41)   Merge Heap Roots: 0.82ms
[17.107s][info][gc,phases   ] GC(41)   Evacuate Collection Set: 89.29ms
[17.107s][info][gc,phases   ] GC(41)   Post Evacuate Collection Set: 0.45ms
[17.107s][info][gc,phases   ] GC(41)   Other: 0.14ms
[17.107s][info][gc,heap     ] GC(41) Eden regions: 244->0(248)
[17.107s][info][gc,heap     ] GC(41) Survivor regions: 37->14(36)
[17.107s][info][gc,heap     ] GC(41) Old regions: 370->407
[17.107s][info][gc,heap     ] GC(41) Humongous regions: 7->7
[17.107s][info][gc,metaspace] GC(41) Metaspace: 17150K(17280K)->17150K(17280K) NonClass: 14542K(14592K)->14542K(14592K) Class: 2608K(2688K)->2608K(2688K)
[17.107s][info][gc          ] GC(41) Pause Young (Concurrent Start) (G1 Evacuation Pause) 657M->427M(792M) 91.231ms
[17.107s][info][gc,cpu      ] GC(41) User=0.18s Sys=0.00s Real=0.10s
[17.107s][info][gc          ] GC(42) Concurrent Mark Cycle
[17.108s][info][gc,marking  ] GC(42) Concurrent Scan Root Regions
[17.226s][info][gc,marking  ] GC(42) Concurrent Scan Root Regions 117.769ms
[17.226s][info][gc,marking  ] GC(42) Concurrent Mark
[17.226s][info][gc,marking  ] GC(42) Concurrent Mark From Roots
[17.226s][info][gc,task     ] GC(42) Using 1 workers of 1 for marking
[17.948s][info][gc,start    ] GC(43) Pause Young (Normal) (G1 Evacuation Pause)
[17.948s][info][gc,task     ] GC(43) Using 2 workers of 2 for evacuation
[18.003s][info][gc,phases   ] GC(43)   Pre Evacuate Collection Set: 0.25ms
[18.003s][info][gc,phases   ] GC(43)   Merge Heap Roots: 0.24ms
[18.003s][info][gc,phases   ] GC(43)   Evacuate Collection Set: 52.80ms
[18.003s][info][gc,phases   ] GC(43)   Post Evacuate Collection Set: 1.07ms
[18.003s][info][gc,phases   ] GC(43)   Other: 0.08ms
[18.003s][info][gc,heap     ] GC(43) Eden regions: 248->0(264)
[18.003s][info][gc,heap     ] GC(43) Survivor regions: 14->33(33)
[18.003s][info][gc,heap     ] GC(43) Old regions: 407->408
[18.003s][info][gc,heap     ] GC(43) Humongous regions: 7->7
[18.003s][info][gc,metaspace] GC(43) Metaspace: 17169K(17344K)->17169K(17344K) NonClass: 14560K(14656K)->14560K(14656K) Class: 2608K(2688K)->2608K(2688K)
[18.003s][info][gc          ] GC(43) Pause Young (Normal) (G1 Evacuation Pause) 675M->447M(830M) 54.657ms
[18.003s][info][gc,cpu      ] GC(43) User=0.10s Sys=0.00s Real=0.05s
[18.160s][info][gc,marking  ] GC(42) Concurrent Mark From Roots 934.100ms
[18.160s][info][gc,marking  ] GC(42) Concurrent Preclean
[18.160s][info][gc,marking  ] GC(42) Concurrent Preclean 0.029ms
[18.160s][info][gc,start    ] GC(42) Pause Remark
[18.168s][info][gc          ] GC(42) Pause Remark 468M->371M(830M) 7.355ms
[18.168s][info][gc,cpu      ] GC(42) User=0.02s Sys=0.00s Real=0.01s
[18.168s][info][gc,marking  ] GC(42) Concurrent Mark 941.797ms
[18.168s][info][gc,marking  ] GC(42) Concurrent Rebuild Remembered Sets and Scrub Regions
[18.504s][info][gc,marking  ] GC(42) Concurrent Rebuild Remembered Sets and Scrub Regions 336.291ms
[18.505s][info][gc,start    ] GC(42) Pause Cleanup
[18.505s][info][gc          ] GC(42) Pause Cleanup 410M->410M(830M) 0.089ms
[18.505s][info][gc,cpu      ] GC(42) User=0.00s Sys=0.00s Real=0.00s
[18.505s][info][gc,marking  ] GC(42) Concurrent Clear Claimed Marks
[18.505s][info][gc,marking  ] GC(42) Concurrent Clear Claimed Marks 0.023ms
[18.505s][info][gc,marking  ] GC(42) Concurrent Cleanup for Next Mark
[18.513s][info][gc,marking  ] GC(42) Concurrent Cleanup for Next Mark 8.136ms
[18.513s][info][gc          ] GC(42) Concurrent Mark Cycle 1406.096ms
[19.131s][info][gc,start    ] GC(44) Pause Young (Prepare Mixed) (G1 Evacuation Pause)
[19.131s][info][gc,task     ] GC(44) Using 2 workers of 2 for evacuation
[19.170s][info][gc,phases   ] GC(44)   Pre Evacuate Collection Set: 0.25ms
[19.170s][info][gc,phases   ] GC(44)   Merge Heap Roots: 0.28ms
[19.170s][info][gc,phases   ] GC(44)   Evacuate Collection Set: 37.52ms
[19.170s][info][gc,phases   ] GC(44)   Post Evacuate Collection Set: 0.43ms
[19.170s][info][gc,phases   ] GC(44)   Other: 0.09ms
[19.170s][info][gc,heap     ] GC(44) Eden regions: 264->0(358)
[19.170s][info][gc,heap     ] GC(44) Survivor regions: 33->1(38)
[19.170s][info][gc,heap     ] GC(44) Old regions: 314->348
[19.170s][info][gc,heap     ] GC(44) Humongous regions: 4->4
[19.170s][info][gc,metaspace] GC(44) Metaspace: 17182K(17408K)->17182K(17408K) NonClass: 14574K(14720K)->14574K(14720K) Class: 2608K(2688K)->2608K(2688K)
[19.170s][info][gc          ] GC(44) Pause Young (Prepare Mixed) (G1 Evacuation Pause) 614M->352M(830M) 38.764ms
[19.170s][info][gc,cpu      ] GC(44) User=0.08s Sys=0.00s Real=0.04s
[20.143s][info][gc,start    ] GC(45) Pause Young (Mixed) (G1 Evacuation Pause)
[20.143s][info][gc,task     ] GC(45) Using 2 workers of 2 for evacuation
[20.173s][info][gc,phases   ] GC(45)   Pre Evacuate Collection Set: 0.25ms
[20.173s][info][gc,phases   ] GC(45)   Merge Heap Roots: 0.38ms
[20.173s][info][gc,phases   ] GC(45)   Evacuate Collection Set: 28.14ms
[20.173s][info][gc,phases   ] GC(45)   Post Evacuate Collection Set: 0.52ms
[20.173s][info][gc,phases   ] GC(45)   Other: 0.14ms
[20.173s][info][gc,heap     ] GC(45) Eden regions: 358->0(332)
[20.173s][info][gc,heap     ] GC(45) Survivor regions: 1->21(45)
[20.173s][info][gc,heap     ] GC(45) Old regions: 348->340
[20.173s][info][gc,heap     ] GC(45) Humongous regions: 4->4
[20.173s][info][gc,metaspace] GC(45) Metaspace: 17195K(17408K)->17195K(17408K) NonClass: 14587K(14720K)->14587K(14720K) Class: 2608K(2688K)->2608K(2688K)
[20.173s][info][gc          ] GC(45) Pause Young (Mixed) (G1 Evacuation Pause) 710M->364M(830M) 29.627ms
[20.173s][info][gc,cpu      ] GC(45) User=0.05s Sys=0.00s Real=0.03s
[20.812s][info][gc,start    ] GC(46) Pause Young (Normal) (G1 Evacuation Pause)
[20.812s][info][gc,task     ] GC(46) Using 2 workers of 2 for evacuation
[20.901s][info][gc,phases   ] GC(46)   Pre Evacuate Collection Set: 0.42ms
[20.901s][info][gc,phases   ] GC(46)   Merge Heap Roots: 0.52ms
[20.901s][info][gc,phases   ] GC(46)   Evacuate Collection Set: 87.24ms
[20.901s][info][gc,phases   ] GC(46)   Post Evacuate Collection Set: 0.70ms
[20.901s][info][gc,phases   ] GC(46)   Other: 0.08ms
[20.901s][info][gc,heap     ] GC(46) Eden regions: 332->0(291)
[20.901s][info][gc,heap     ] GC(46) Survivor regions: 21->45(45)
[20.901s][info][gc,heap     ] GC(46) Old regions: 340->375
[20.901s][info][gc,heap     ] GC(46) Humongous regions: 4->4
[20.901s][info][gc,metaspace] GC(46) Metaspace: 17200K(17408K)->17200K(17408K) NonClass: 14592K(14720K)->14592K(14720K) Class: 2608K(2688K)->2608K(2688K)
[20.901s][info][gc          ] GC(46) Pause Young (Normal) (G1 Evacuation Pause) 696M->423M(830M) 89.204ms
[20.901s][info][gc,cpu      ] GC(46) User=0.17s Sys=0.01s Real=0.09s
[20.979s][info][gc,start    ] GC(47) Pause Young (Concurrent Start) (G1 Humongous Allocation)
[20.979s][info][gc,task     ] GC(47) Using 2 workers of 2 for evacuation
[21.040s][info][gc,phases   ] GC(47)   Pre Evacuate Collection Set: 0.26ms
[21.040s][info][gc,phases   ] GC(47)   Merge Heap Roots: 0.46ms
[21.040s][info][gc,phases   ] GC(47)   Evacuate Collection Set: 59.53ms
[21.040s][info][gc,phases   ] GC(47)   Post Evacuate Collection Set: 0.30ms
[21.040s][info][gc,phases   ] GC(47)   Other: 0.16ms
[21.040s][info][gc,heap     ] GC(47) Eden regions: 33->0(299)
[21.040s][info][gc,heap     ] GC(47) Survivor regions: 45->6(42)
[21.040s][info][gc,heap     ] GC(47) Old regions: 375->421
[21.040s][info][gc,heap     ] GC(47) Humongous regions: 4->4
[21.040s][info][gc,metaspace] GC(47) Metaspace: 17200K(17408K)->17200K(17408K) NonClass: 14592K(14720K)->14592K(14720K) Class: 2608K(2688K)->2608K(2688K)
[21.040s][info][gc          ] GC(47) Pause Young (Concurrent Start) (G1 Humongous Allocation) 456M->429M(830M) 60.911ms
[21.040s][info][gc,cpu      ] GC(47) User=0.12s Sys=0.00s Real=0.06s
[21.040s][info][gc          ] GC(48) Concurrent Mark Cycle
[21.040s][info][gc,marking  ] GC(48) Concurrent Scan Root Regions
[21.126s][info][gc,marking  ] GC(48) Concurrent Scan Root Regions 86.385ms
[21.126s][info][gc,marking  ] GC(48) Concurrent Mark
[21.126s][info][gc,marking  ] GC(48) Concurrent Mark From Roots
[21.126s][info][gc,task     ] GC(48) Using 1 workers of 1 for marking
[21.719s][info][gc,start    ] GC(49) Pause Young (Normal) (G1 Evacuation Pause)
[21.719s][info][gc,task     ] GC(49) Using 2 workers of 2 for evacuation
[21.808s][info][gc,phases   ] GC(49)   Pre Evacuate Collection Set: 0.37ms
[21.809s][info][gc,phases   ] GC(49)   Merge Heap Roots: 0.20ms
[21.809s][info][gc,phases   ] GC(49)   Evacuate Collection Set: 87.72ms
[21.809s][info][gc,phases   ] GC(49)   Post Evacuate Collection Set: 0.65ms
[21.809s][info][gc,phases   ] GC(49)   Other: 0.07ms
[21.809s][info][gc,heap     ] GC(49) Eden regions: 299->0(227)
[21.809s][info][gc,heap     ] GC(49) Survivor regions: 6->39(39)
[21.809s][info][gc,heap     ] GC(49) Old regions: 421->459
[21.809s][info][gc,heap     ] GC(49) Humongous regions: 7->7
[21.809s][info][gc,metaspace] GC(49) Metaspace: 17214K(17408K)->17214K(17408K) NonClass: 14605K(14720K)->14605K(14720K) Class: 2609K(2688K)->2609K(2688K)
[21.809s][info][gc          ] GC(49) Pause Young (Normal) (G1 Evacuation Pause) 731M->504M(830M) 89.231ms
[21.809s][info][gc,cpu      ] GC(49) User=0.17s Sys=0.00s Real=0.09s
[22.137s][info][gc,start    ] GC(50) Pause Young (Normal) (G1 Evacuation Pause)
[22.137s][info][gc,task     ] GC(50) Using 2 workers of 2 for evacuation
[22.208s][info][gc,phases   ] GC(50)   Pre Evacuate Collection Set: 0.24ms
[22.208s][info][gc,phases   ] GC(50)   Merge Heap Roots: 0.45ms
[22.208s][info][gc,phases   ] GC(50)   Evacuate Collection Set: 70.08ms
[22.208s][info][gc,phases   ] GC(50)   Post Evacuate Collection Set: 0.43ms
[22.208s][info][gc,phases   ] GC(50)   Other: 0.08ms
[22.208s][info][gc,heap     ] GC(50) Eden regions: 227->0(222)
[22.208s][info][gc,heap     ] GC(50) Survivor regions: 39->16(34)
[22.208s][info][gc,heap     ] GC(50) Old regions: 459->499
[22.208s][info][gc,heap     ] GC(50) Humongous regions: 7->7
[22.208s][info][gc,metaspace] GC(50) Metaspace: 17219K(17408K)->17219K(17408K) NonClass: 14610K(14720K)->14610K(14720K) Class: 2609K(2688K)->2609K(2688K)
[22.208s][info][gc          ] GC(50) Pause Young (Normal) (G1 Evacuation Pause) 731M->521M(830M) 71.515ms
[22.208s][info][gc,cpu      ] GC(50) User=0.14s Sys=0.00s Real=0.07s
[22.562s][info][gc,start    ] GC(51) Pause Young (Normal) (G1 Evacuation Pause)
[22.562s][info][gc,task     ] GC(51) Using 2 workers of 2 for evacuation
[22.613s][info][gc,phases   ] GC(51)   Pre Evacuate Collection Set: 0.35ms
[22.613s][info][gc,phases   ] GC(51)   Merge Heap Roots: 0.45ms
[22.613s][info][gc,phases   ] GC(51)   Evacuate Collection Set: 49.06ms
[22.613s][info][gc,phases   ] GC(51)   Post Evacuate Collection Set: 0.84ms
[22.613s][info][gc,phases   ] GC(51)   Other: 0.09ms
[22.613s][info][gc,heap     ] GC(51) Eden regions: 222->0(245)
[22.613s][info][gc,heap     ] GC(51) Survivor regions: 16->10(30)
[22.613s][info][gc,heap     ] GC(51) Old regions: 499->515
[22.613s][info][gc,heap     ] GC(51) Humongous regions: 8->8
[22.613s][info][gc,metaspace] GC(51) Metaspace: 17219K(17408K)->17219K(17408K) NonClass: 14610K(14720K)->14610K(14720K) Class: 2609K(2688K)->2609K(2688K)
[22.613s][info][gc          ] GC(51) Pause Young (Normal) (G1 Evacuation Pause) 744M->531M(864M) 51.034ms
[22.613s][info][gc,cpu      ] GC(51) User=0.10s Sys=0.00s Real=0.05s
[22.645s][info][gc,marking  ] GC(48) Concurrent Mark From Roots 1518.670ms
[22.645s][info][gc,marking  ] GC(48) Concurrent Preclean
[22.645s][info][gc,marking  ] GC(48) Concurrent Preclean 0.024ms
[22.645s][info][gc,start    ] GC(48) Pause Remark
[22.654s][info][gc          ] GC(48) Pause Remark 540M->533M(877M) 8.595ms
[22.654s][info][gc,cpu      ] GC(48) User=0.02s Sys=0.00s Real=0.01s
[22.654s][info][gc,marking  ] GC(48) Concurrent Mark 1527.553ms
[22.654s][info][gc,marking  ] GC(48) Concurrent Rebuild Remembered Sets and Scrub Regions
[23.091s][info][gc,start    ] GC(52) Pause Young (Normal) (G1 Evacuation Pause)
[23.091s][info][gc,task     ] GC(52) Using 2 workers of 2 for evacuation
[23.180s][info][gc,phases   ] GC(52)   Pre Evacuate Collection Set: 0.42ms
[23.180s][info][gc,phases   ] GC(52)   Merge Heap Roots: 0.33ms
[23.180s][info][gc,phases   ] GC(52)   Evacuate Collection Set: 87.26ms
[23.180s][info][gc,phases   ] GC(52)   Post Evacuate Collection Set: 0.67ms
[23.180s][info][gc,phases   ] GC(52)   Other: 0.09ms
[23.180s][info][gc,heap     ] GC(52) Eden regions: 245->0(243)
[23.180s][info][gc,heap     ] GC(52) Survivor regions: 10->32(32)
[23.180s][info][gc,heap     ] GC(52) Old regions: 508->509
[23.180s][info][gc,heap     ] GC(52) Humongous regions: 8->8
[23.180s][info][gc,metaspace] GC(52) Metaspace: 17239K(17408K)->17239K(17408K) NonClass: 14630K(14720K)->14630K(14720K) Class: 2609K(2688K)->2609K(2688K)
[23.180s][info][gc          ] GC(52) Pause Young (Normal) (G1 Evacuation Pause) 769M->548M(877M) 89.016ms
[23.180s][info][gc,cpu      ] GC(52) User=0.18s Sys=0.00s Real=0.09s
[23.334s][info][gc,marking  ] GC(48) Concurrent Rebuild Remembered Sets and Scrub Regions 680.068ms
[23.340s][info][gc,start    ] GC(48) Pause Cleanup
[23.340s][info][gc          ] GC(48) Pause Cleanup 629M->629M(877M) 0.116ms
[23.341s][info][gc,cpu      ] GC(48) User=0.00s Sys=0.00s Real=0.00s
[23.341s][info][gc,marking  ] GC(48) Concurrent Clear Claimed Marks
[23.341s][info][gc,marking  ] GC(48) Concurrent Clear Claimed Marks 0.048ms
[23.341s][info][gc,marking  ] GC(48) Concurrent Cleanup for Next Mark
[23.348s][info][gc,marking  ] GC(48) Concurrent Cleanup for Next Mark 7.178ms
[23.348s][info][gc          ] GC(48) Concurrent Mark Cycle 2307.929ms
[23.695s][info][gc,start    ] GC(53) Pause Young (Prepare Mixed) (G1 Evacuation Pause)
[23.695s][info][gc,task     ] GC(53) Using 2 workers of 2 for evacuation
[23.765s][info][gc,phases   ] GC(53)   Pre Evacuate Collection Set: 0.46ms
[23.765s][info][gc,phases   ] GC(53)   Merge Heap Roots: 0.42ms
[23.765s][info][gc,phases   ] GC(53)   Evacuate Collection Set: 68.56ms
[23.765s][info][gc,phases   ] GC(53)   Post Evacuate Collection Set: 0.47ms
[23.765s][info][gc,phases   ] GC(53)   Other: 0.10ms
[23.765s][info][gc,heap     ] GC(53) Eden regions: 243->0(223)
[23.765s][info][gc,heap     ] GC(53) Survivor regions: 32->26(35)
[23.765s][info][gc,heap     ] GC(53) Old regions: 509->542
[23.765s][info][gc,heap     ] GC(53) Humongous regions: 8->8
[23.765s][info][gc,metaspace] GC(53) Metaspace: 17244K(17408K)->17244K(17408K) NonClass: 14634K(14720K)->14634K(14720K) Class: 2609K(2688K)->2609K(2688K)
[23.765s][info][gc          ] GC(53) Pause Young (Prepare Mixed) (G1 Evacuation Pause) 791M->574M(877M) 70.267ms
[23.765s][info][gc,cpu      ] GC(53) User=0.14s Sys=0.00s Real=0.07s
[24.436s][info][gc,start    ] GC(54) Pause Young (Mixed) (G1 Evacuation Pause)
[24.436s][info][gc,task     ] GC(54) Using 2 workers of 2 for evacuation
[24.488s][info][gc,phases   ] GC(54)   Pre Evacuate Collection Set: 0.43ms
[24.488s][info][gc,phases   ] GC(54)   Merge Heap Roots: 0.48ms
[24.488s][info][gc,phases   ] GC(54)   Evacuate Collection Set: 50.93ms
[24.488s][info][gc,phases   ] GC(54)   Post Evacuate Collection Set: 0.40ms
[24.488s][info][gc,phases   ] GC(54)   Other: 0.13ms
[24.488s][info][gc,heap     ] GC(54) Eden regions: 223->0(223)
[24.488s][info][gc,heap     ] GC(54) Survivor regions: 26->15(32)
[24.488s][info][gc,heap     ] GC(54) Old regions: 542->558
[24.488s][info][gc,heap     ] GC(54) Humongous regions: 8->8
[24.488s][info][gc,metaspace] GC(54) Metaspace: 17271K(17408K)->17271K(17408K) NonClass: 14661K(14720K)->14661K(14720K) Class: 2610K(2688K)->2610K(2688K)
[24.488s][info][gc          ] GC(54) Pause Young (Mixed) (G1 Evacuation Pause) 797M->580M(877M) 52.564ms
[24.488s][info][gc,cpu      ] GC(54) User=0.11s Sys=0.00s Real=0.06s
[24.940s][info][gc,start    ] GC(55) Pause Young (Concurrent Start) (G1 Evacuation Pause)
[24.940s][info][gc,task     ] GC(55) Using 2 workers of 2 for evacuation
[24.984s][info][gc,phases   ] GC(55)   Pre Evacuate Collection Set: 0.26ms
[24.984s][info][gc,phases   ] GC(55)   Merge Heap Roots: 0.13ms
[24.984s][info][gc,phases   ] GC(55)   Evacuate Collection Set: 42.82ms
[24.984s][info][gc,phases   ] GC(55)   Post Evacuate Collection Set: 0.50ms
[24.984s][info][gc,phases   ] GC(55)   Other: 0.11ms
[24.984s][info][gc,heap     ] GC(55) Eden regions: 223->0(189)
[24.984s][info][gc,heap     ] GC(55) Survivor regions: 15->30(30)
[24.984s][info][gc,heap     ] GC(55) Old regions: 558->575
[24.984s][info][gc,heap     ] GC(55) Humongous regions: 8->8
[24.984s][info][gc,metaspace] GC(55) Metaspace: 17292K(17472K)->17292K(17472K) NonClass: 14682K(14784K)->14682K(14784K) Class: 2610K(2688K)->2610K(2688K)
[24.984s][info][gc          ] GC(55) Pause Young (Concurrent Start) (G1 Evacuation Pause) 803M->612M(877M) 44.010ms
[24.984s][info][gc          ] GC(56) Concurrent Mark Cycle
[24.984s][info][gc,marking  ] GC(56) Concurrent Scan Root Regions
[24.984s][info][gc,cpu      ] GC(55) User=0.09s Sys=0.00s Real=0.04s
[25.030s][info][gc,marking  ] GC(56) Concurrent Scan Root Regions 45.353ms
[25.030s][info][gc,marking  ] GC(56) Concurrent Mark
[25.030s][info][gc,marking  ] GC(56) Concurrent Mark From Roots
[25.030s][info][gc,task     ] GC(56) Using 1 workers of 1 for marking
[25.561s][info][gc,start    ] GC(57) Pause Young (Normal) (G1 Evacuation Pause)
[25.561s][info][gc,task     ] GC(57) Using 2 workers of 2 for evacuation
[25.636s][info][gc,phases   ] GC(57)   Pre Evacuate Collection Set: 0.25ms
[25.636s][info][gc,phases   ] GC(57)   Merge Heap Roots: 0.28ms
[25.636s][info][gc,phases   ] GC(57)   Evacuate Collection Set: 74.18ms
[25.636s][info][gc,phases   ] GC(57)   Post Evacuate Collection Set: 0.50ms
[25.636s][info][gc,phases   ] GC(57)   Other: 0.07ms
[25.636s][info][gc,heap     ] GC(57) Eden regions: 189->0(144)
[25.636s][info][gc,heap     ] GC(57) Survivor regions: 30->28(28)
[25.636s][info][gc,heap     ] GC(57) Old regions: 575->625
[25.636s][info][gc,heap     ] GC(57) Humongous regions: 8->8
[25.636s][info][gc,metaspace] GC(57) Metaspace: 17303K(17536K)->17303K(17536K) NonClass: 14693K(14848K)->14693K(14848K) Class: 2610K(2688K)->2610K(2688K)
[25.636s][info][gc          ] GC(57) Pause Young (Normal) (G1 Evacuation Pause) 801M->660M(880M) 75.493ms
[25.636s][info][gc,cpu      ] GC(57) User=0.15s Sys=0.00s Real=0.08s
[26.007s][info][gc,start    ] GC(58) Pause Young (Normal) (G1 Evacuation Pause)
[26.007s][info][gc,task     ] GC(58) Using 2 workers of 2 for evacuation
[26.044s][info][gc,phases   ] GC(58)   Pre Evacuate Collection Set: 0.31ms
[26.044s][info][gc,phases   ] GC(58)   Merge Heap Roots: 0.35ms
[26.044s][info][gc,phases   ] GC(58)   Evacuate Collection Set: 36.22ms
[26.044s][info][gc,phases   ] GC(58)   Post Evacuate Collection Set: 0.63ms
[26.044s][info][gc,phases   ] GC(58)   Other: 0.07ms
[26.044s][info][gc,heap     ] GC(58) Eden regions: 144->0(162)
[26.044s][info][gc,heap     ] GC(58) Survivor regions: 28->4(22)
[26.044s][info][gc,heap     ] GC(58) Old regions: 625->654
[26.044s][info][gc,heap     ] GC(58) Humongous regions: 8->8
[26.045s][info][gc,metaspace] GC(58) Metaspace: 17303K(17536K)->17303K(17536K) NonClass: 14693K(14848K)->14693K(14848K) Class: 2610K(2688K)->2610K(2688K)
[26.045s][info][gc          ] GC(58) Pause Young (Normal) (G1 Evacuation Pause) 804M->664M(898M) 37.807ms
[26.045s][info][gc,cpu      ] GC(58) User=0.07s Sys=0.00s Real=0.03s
[26.495s][info][gc,marking  ] GC(56) Concurrent Mark From Roots 1464.865ms
[26.495s][info][gc,marking  ] GC(56) Concurrent Preclean
[26.495s][info][gc,marking  ] GC(56) Concurrent Preclean 0.028ms
[26.495s][info][gc,start    ] GC(56) Pause Remark
[26.502s][info][gc          ] GC(56) Pause Remark 802M->712M(965M) 7.260ms
[26.502s][info][gc,cpu      ] GC(56) User=0.01s Sys=0.00s Real=0.01s
[26.502s][info][gc,marking  ] GC(56) Concurrent Mark 1472.432ms
[26.502s][info][gc,marking  ] GC(56) Concurrent Rebuild Remembered Sets and Scrub Regions
[26.599s][info][gc,start    ] GC(59) Pause Young (Normal) (G1 Evacuation Pause)
[26.600s][info][gc,task     ] GC(59) Using 2 workers of 2 for evacuation
[26.663s][info][gc,phases   ] GC(59)   Pre Evacuate Collection Set: 0.25ms
[26.663s][info][gc,phases   ] GC(59)   Merge Heap Roots: 0.33ms
[26.663s][info][gc,phases   ] GC(59)   Evacuate Collection Set: 62.20ms
[26.663s][info][gc,phases   ] GC(59)   Post Evacuate Collection Set: 0.49ms
[26.663s][info][gc,phases   ] GC(59)   Other: 0.11ms
[26.663s][info][gc,heap     ] GC(59) Eden regions: 162->0(245)
[26.663s][info][gc,heap     ] GC(59) Survivor regions: 4->21(21)
[26.663s][info][gc,heap     ] GC(59) Old regions: 567->580
[26.663s][info][gc,heap     ] GC(59) Humongous regions: 8->8
[26.663s][info][gc,metaspace] GC(59) Metaspace: 17303K(17536K)->17303K(17536K) NonClass: 14693K(14848K)->14693K(14848K) Class: 2610K(2688K)->2610K(2688K)
[26.663s][info][gc          ] GC(59) Pause Young (Normal) (G1 Evacuation Pause) 739M->608M(965M) 63.604ms
[26.663s][info][gc,cpu      ] GC(59) User=0.11s Sys=0.01s Real=0.06s
[27.087s][info][gc,start    ] GC(60) Pause Young (Normal) (G1 Evacuation Pause)
[27.087s][info][gc,task     ] GC(60) Using 2 workers of 2 for evacuation
[27.162s][info][gc,phases   ] GC(60)   Pre Evacuate Collection Set: 0.26ms
[27.162s][info][gc,phases   ] GC(60)   Merge Heap Roots: 1.22ms
[27.162s][info][gc,phases   ] GC(60)   Evacuate Collection Set: 73.04ms
[27.162s][info][gc,phases   ] GC(60)   Post Evacuate Collection Set: 0.47ms
[27.162s][info][gc,phases   ] GC(60)   Other: 0.11ms
[27.163s][info][gc,heap     ] GC(60) Eden regions: 245->0(231)
[27.163s][info][gc,heap     ] GC(60) Survivor regions: 21->24(34)
[27.163s][info][gc,heap     ] GC(60) Old regions: 580->602
[27.163s][info][gc,heap     ] GC(60) Humongous regions: 8->8
[27.163s][info][gc,metaspace] GC(60) Metaspace: 17303K(17536K)->17303K(17536K) NonClass: 14693K(14848K)->14693K(14848K) Class: 2610K(2688K)->2610K(2688K)
[27.163s][info][gc          ] GC(60) Pause Young (Normal) (G1 Evacuation Pause) 853M->633M(965M) 75.357ms
[27.163s][info][gc,cpu      ] GC(60) User=0.15s Sys=0.00s Real=0.07s
[27.226s][info][gc,marking  ] GC(56) Concurrent Rebuild Remembered Sets and Scrub Regions 723.852ms
[27.226s][info][gc,start    ] GC(56) Pause Cleanup
[27.227s][info][gc          ] GC(56) Pause Cleanup 657M->657M(965M) 0.139ms
[27.227s][info][gc,cpu      ] GC(56) User=0.00s Sys=0.00s Real=0.00s
[27.227s][info][gc,marking  ] GC(56) Concurrent Clear Claimed Marks
[27.227s][info][gc,marking  ] GC(56) Concurrent Clear Claimed Marks 0.024ms
[27.227s][info][gc,marking  ] GC(56) Concurrent Cleanup for Next Mark
[27.234s][info][gc,marking  ] GC(56) Concurrent Cleanup for Next Mark 7.305ms
[27.234s][info][gc          ] GC(56) Concurrent Mark Cycle 2249.655ms
[27.440s][info][gc,start    ] GC(61) Pause Young (Prepare Mixed) (G1 Evacuation Pause)
[27.440s][info][gc,task     ] GC(61) Using 2 workers of 2 for evacuation
[27.504s][info][gc,phases   ] GC(61)   Pre Evacuate Collection Set: 0.27ms
[27.504s][info][gc,phases   ] GC(61)   Merge Heap Roots: 0.25ms
[27.504s][info][gc,phases   ] GC(61)   Evacuate Collection Set: 63.46ms
[27.504s][info][gc,phases   ] GC(61)   Post Evacuate Collection Set: 0.55ms
[27.504s][info][gc,phases   ] GC(61)   Other: 0.07ms
[27.504s][info][gc,heap     ] GC(61) Eden regions: 231->0(201)
[27.504s][info][gc,heap     ] GC(61) Survivor regions: 24->32(32)
[27.504s][info][gc,heap     ] GC(61) Old regions: 602->630
[27.504s][info][gc,heap     ] GC(61) Humongous regions: 8->8
[27.504s][info][gc,metaspace] GC(61) Metaspace: 17303K(17536K)->17303K(17536K) NonClass: 14693K(14848K)->14693K(14848K) Class: 2610K(2688K)->2610K(2688K)
[27.505s][info][gc          ] GC(61) Pause Young (Prepare Mixed) (G1 Evacuation Pause) 864M->669M(965M) 64.847ms
[27.505s][info][gc,cpu      ] GC(61) User=0.12s Sys=0.00s Real=0.06s
[27.756s][info][gc,start    ] GC(62) Pause Young (Mixed) (G1 Evacuation Pause)
[27.756s][info][gc,task     ] GC(62) Using 2 workers of 2 for evacuation
[27.870s][info][gc,phases   ] GC(62)   Pre Evacuate Collection Set: 0.50ms
[27.870s][info][gc,phases   ] GC(62)   Merge Heap Roots: 0.94ms
[27.870s][info][gc,phases   ] GC(62)   Evacuate Collection Set: 111.28ms
[27.870s][info][gc,phases   ] GC(62)   Post Evacuate Collection Set: 0.69ms
[27.870s][info][gc,phases   ] GC(62)   Other: 0.09ms
[27.870s][info][gc,heap     ] GC(62) Eden regions: 201->0(196)
[27.870s][info][gc,heap     ] GC(62) Survivor regions: 32->30(30)
[27.870s][info][gc,heap     ] GC(62) Old regions: 630->622
[27.870s][info][gc,heap     ] GC(62) Humongous regions: 8->8
[27.870s][info][gc,metaspace] GC(62) Metaspace: 17304K(17536K)->17304K(17536K) NonClass: 14694K(14848K)->14694K(14848K) Class: 2610K(2688K)->2610K(2688K)
[27.870s][info][gc          ] GC(62) Pause Young (Mixed) (G1 Evacuation Pause) 870M->660M(965M) 113.701ms
[27.870s][info][gc,cpu      ] GC(62) User=0.22s Sys=0.00s Real=0.12s
[28.153s][info][gc,start    ] GC(63) Pause Young (Concurrent Start) (G1 Humongous Allocation)
[28.154s][info][gc,task     ] GC(63) Using 2 workers of 2 for evacuation
[28.220s][info][gc,phases   ] GC(63)   Pre Evacuate Collection Set: 0.36ms
[28.220s][info][gc,phases   ] GC(63)   Merge Heap Roots: 0.38ms
[28.220s][info][gc,phases   ] GC(63)   Evacuate Collection Set: 64.61ms
[28.220s][info][gc,phases   ] GC(63)   Post Evacuate Collection Set: 0.53ms
[28.220s][info][gc,phases   ] GC(63)   Other: 0.17ms
[28.220s][info][gc,heap     ] GC(63) Eden regions: 194->0(180)
[28.220s][info][gc,heap     ] GC(63) Survivor regions: 30->28(29)
[28.220s][info][gc,heap     ] GC(63) Old regions: 622->653
[28.220s][info][gc,heap     ] GC(63) Humongous regions: 8->8
[28.220s][info][gc,metaspace] GC(63) Metaspace: 17304K(17536K)->17304K(17536K) NonClass: 14694K(14848K)->14694K(14848K) Class: 2610K(2688K)->2610K(2688K)
[28.220s][info][gc          ] GC(63) Pause Young (Concurrent Start) (G1 Humongous Allocation) 854M->688M(965M) 66.278ms
[28.220s][info][gc,cpu      ] GC(63) User=0.14s Sys=0.00s Real=0.07s
[28.220s][info][gc          ] GC(64) Concurrent Mark Cycle
[28.222s][info][gc,marking  ] GC(64) Concurrent Scan Root Regions
[28.321s][info][gc,marking  ] GC(64) Concurrent Scan Root Regions 98.973ms
[28.321s][info][gc,marking  ] GC(64) Concurrent Mark
[28.321s][info][gc,marking  ] GC(64) Concurrent Mark From Roots
[28.321s][info][gc,task     ] GC(64) Using 1 workers of 1 for marking
[28.657s][info][gc,start    ] GC(65) Pause Young (Normal) (G1 Evacuation Pause)
[28.657s][info][gc,task     ] GC(65) Using 2 workers of 2 for evacuation
[28.751s][info][gc,phases   ] GC(65)   Pre Evacuate Collection Set: 0.27ms
[28.751s][info][gc,phases   ] GC(65)   Merge Heap Roots: 0.39ms
[28.751s][info][gc,phases   ] GC(65)   Evacuate Collection Set: 92.53ms
[28.751s][info][gc,phases   ] GC(65)   Post Evacuate Collection Set: 0.51ms
[28.751s][info][gc,phases   ] GC(65)   Other: 0.09ms
[28.751s][info][gc,heap     ] GC(65) Eden regions: 180->0(143)
[28.751s][info][gc,heap     ] GC(65) Survivor regions: 28->26(26)
[28.751s][info][gc,heap     ] GC(65) Old regions: 653->700
[28.751s][info][gc,heap     ] GC(65) Humongous regions: 11->11
[28.751s][info][gc,metaspace] GC(65) Metaspace: 17312K(17536K)->17312K(17536K) NonClass: 14701K(14848K)->14701K(14848K) Class: 2611K(2688K)->2611K(2688K)
[28.751s][info][gc          ] GC(65) Pause Young (Normal) (G1 Evacuation Pause) 871M->737M(970M) 94.056ms
[28.751s][info][gc,cpu      ] GC(65) User=0.19s Sys=0.00s Real=0.09s
[29.016s][info][gc,start    ] GC(66) Pause Young (Normal) (G1 Evacuation Pause)
[29.016s][info][gc,task     ] GC(66) Using 2 workers of 2 for evacuation
[29.051s][info][gc,phases   ] GC(66)   Pre Evacuate Collection Set: 0.30ms
[29.051s][info][gc,phases   ] GC(66)   Merge Heap Roots: 0.17ms
[29.051s][info][gc,phases   ] GC(66)   Evacuate Collection Set: 34.11ms
[29.051s][info][gc,phases   ] GC(66)   Post Evacuate Collection Set: 0.36ms
[29.051s][info][gc,phases   ] GC(66)   Other: 0.09ms
[29.051s][info][gc,heap     ] GC(66) Eden regions: 143->0(152)
[29.051s][info][gc,heap     ] GC(66) Survivor regions: 26->4(22)
[29.051s][info][gc,heap     ] GC(66) Old regions: 700->727
[29.051s][info][gc,heap     ] GC(66) Humongous regions: 11->11
[29.051s][info][gc,metaspace] GC(66) Metaspace: 17313K(17536K)->17313K(17536K) NonClass: 14702K(14848K)->14702K(14848K) Class: 2611K(2688K)->2611K(2688K)
[29.051s][info][gc          ] GC(66) Pause Young (Normal) (G1 Evacuation Pause) 880M->741M(970M) 35.235ms
[29.051s][info][gc,cpu      ] GC(66) User=0.07s Sys=0.00s Real=0.04s
[29.419s][info][gc,start    ] GC(67) Pause Young (Normal) (G1 Evacuation Pause)
[29.419s][info][gc,task     ] GC(67) Using 2 workers of 2 for evacuation
[29.431s][info][gc,phases   ] GC(67)   Pre Evacuate Collection Set: 0.29ms
[29.431s][info][gc,phases   ] GC(67)   Merge Heap Roots: 0.21ms
[29.431s][info][gc,phases   ] GC(67)   Evacuate Collection Set: 10.99ms
[29.431s][info][gc,phases   ] GC(67)   Post Evacuate Collection Set: 0.32ms
[29.431s][info][gc,phases   ] GC(67)   Other: 0.08ms
[29.431s][info][gc,heap     ] GC(67) Eden regions: 152->0(162)
[29.431s][info][gc,heap     ] GC(67) Survivor regions: 4->5(20)
[29.431s][info][gc,heap     ] GC(67) Old regions: 727->727
[29.431s][info][gc,heap     ] GC(67) Humongous regions: 11->11
[29.431s][info][gc,metaspace] GC(67) Metaspace: 17318K(17536K)->17318K(17536K) NonClass: 14707K(14848K)->14707K(14848K) Class: 2611K(2688K)->2611K(2688K)
[29.431s][info][gc          ] GC(67) Pause Young (Normal) (G1 Evacuation Pause) 893M->742M(970M) 12.088ms
[29.431s][info][gc,cpu      ] GC(67) User=0.02s Sys=0.00s Real=0.01s
[29.784s][info][gc,marking  ] GC(64) Concurrent Mark From Roots 1462.708ms
[29.784s][info][gc,marking  ] GC(64) Concurrent Preclean
[29.784s][info][gc,marking  ] GC(64) Concurrent Preclean 0.030ms
[29.784s][info][gc,start    ] GC(64) Pause Remark
[29.791s][info][gc          ] GC(64) Pause Remark 863M->750M(978M) 6.787ms
[29.791s][info][gc,cpu      ] GC(64) User=0.01s Sys=0.00s Real=0.01s
[29.791s][info][gc,marking  ] GC(64) Concurrent Mark 1469.796ms
[29.791s][info][gc,marking  ] GC(64) Concurrent Rebuild Remembered Sets and Scrub Regions
[29.907s][info][gc,start    ] GC(68) Pause Young (Normal) (G1 Evacuation Pause)
[29.907s][info][gc,task     ] GC(68) Using 2 workers of 2 for evacuation
[29.937s][info][gc,phases   ] GC(68)   Pre Evacuate Collection Set: 0.42ms
[29.937s][info][gc,phases   ] GC(68)   Merge Heap Roots: 0.21ms
[29.937s][info][gc,phases   ] GC(68)   Evacuate Collection Set: 29.23ms
[29.937s][info][gc,phases   ] GC(68)   Post Evacuate Collection Set: 0.35ms
[29.937s][info][gc,phases   ] GC(68)   Other: 0.09ms
[29.937s][info][gc,heap     ] GC(68) Eden regions: 162->0(232)
[29.937s][info][gc,heap     ] GC(68) Survivor regions: 5->18(21)
[29.937s][info][gc,heap     ] GC(68) Old regions: 618->618
[29.937s][info][gc,heap     ] GC(68) Humongous regions: 7->7
[29.937s][info][gc,metaspace] GC(68) Metaspace: 17318K(17536K)->17318K(17536K) NonClass: 14707K(14848K)->14707K(14848K) Class: 2611K(2688K)->2611K(2688K)
[29.937s][info][gc          ] GC(68) Pause Young (Normal) (G1 Evacuation Pause) 791M->642M(978M) 30.531ms
[29.937s][info][gc,cpu      ] GC(68) User=0.06s Sys=0.00s Real=0.03s
[30.369s][info][gc,marking  ] GC(64) Concurrent Rebuild Remembered Sets and Scrub Regions 577.520ms
[30.369s][info][gc,start    ] GC(64) Pause Cleanup
[30.369s][info][gc          ] GC(64) Pause Cleanup 790M->790M(978M) 0.168ms
[30.369s][info][gc,cpu      ] GC(64) User=0.00s Sys=0.00s Real=0.00s
[30.369s][info][gc,marking  ] GC(64) Concurrent Clear Claimed Marks
[30.369s][info][gc,marking  ] GC(64) Concurrent Clear Claimed Marks 0.029ms
[30.369s][info][gc,marking  ] GC(64) Concurrent Cleanup for Next Mark
[30.374s][info][gc,marking  ] GC(64) Concurrent Cleanup for Next Mark 5.029ms
[30.374s][info][gc          ] GC(64) Concurrent Mark Cycle 2154.418ms
[30.652s][info][gc,start    ] GC(69) Pause Young (Prepare Mixed) (G1 Evacuation Pause)
[30.652s][info][gc,task     ] GC(69) Using 2 workers of 2 for evacuation
[30.696s][info][gc,phases   ] GC(69)   Pre Evacuate Collection Set: 0.50ms
[30.696s][info][gc,phases   ] GC(69)   Merge Heap Roots: 0.36ms
[30.696s][info][gc,phases   ] GC(69)   Evacuate Collection Set: 42.41ms
[30.696s][info][gc,phases   ] GC(69)   Post Evacuate Collection Set: 0.46ms
[30.696s][info][gc,phases   ] GC(69)   Other: 0.10ms
[30.696s][info][gc,heap     ] GC(69) Eden regions: 232->0(227)
[30.696s][info][gc,heap     ] GC(69) Survivor regions: 18->31(32)
[30.696s][info][gc,heap     ] GC(69) Old regions: 618->622
[30.696s][info][gc,heap     ] GC(69) Humongous regions: 7->7
[30.696s][info][gc,metaspace] GC(69) Metaspace: 17319K(17536K)->17319K(17536K) NonClass: 14708K(14848K)->14708K(14848K) Class: 2611K(2688K)->2611K(2688K)
[30.696s][info][gc          ] GC(69) Pause Young (Prepare Mixed) (G1 Evacuation Pause) 874M->659M(978M) 44.055ms
[30.696s][info][gc,cpu      ] GC(69) User=0.09s Sys=0.00s Real=0.04s
[31.282s][info][gc,start    ] GC(70) Pause Young (Mixed) (G1 Evacuation Pause)
[31.283s][info][gc,task     ] GC(70) Using 2 workers of 2 for evacuation
[31.317s][info][gc,phases   ] GC(70)   Pre Evacuate Collection Set: 0.50ms
[31.317s][info][gc,phases   ] GC(70)   Merge Heap Roots: 0.28ms
[31.317s][info][gc,phases   ] GC(70)   Evacuate Collection Set: 32.94ms
[31.317s][info][gc,phases   ] GC(70)   Post Evacuate Collection Set: 0.50ms
[31.317s][info][gc,phases   ] GC(70)   Other: 0.09ms
[31.317s][info][gc,heap     ] GC(70) Eden regions: 227->0(308)
[31.317s][info][gc,heap     ] GC(70) Survivor regions: 31->1(33)
[31.317s][info][gc,heap     ] GC(70) Old regions: 622->555
[31.317s][info][gc,heap     ] GC(70) Humongous regions: 7->7
[31.317s][info][gc,metaspace] GC(70) Metaspace: 17319K(17536K)->17319K(17536K) NonClass: 14708K(14848K)->14708K(14848K) Class: 2611K(2688K)->2611K(2688K)
[31.317s][info][gc          ] GC(70) Pause Young (Mixed) (G1 Evacuation Pause) 886M->563M(978M) 34.521ms
[31.317s][info][gc,cpu      ] GC(70) User=0.07s Sys=0.00s Real=0.04s
[32.078s][info][gc,start    ] GC(71) Pause Young (Mixed) (G1 Evacuation Pause)
[32.078s][info][gc,task     ] GC(71) Using 2 workers of 2 for evacuation
[32.091s][info][gc,phases   ] GC(71)   Pre Evacuate Collection Set: 0.29ms
[32.091s][info][gc,phases   ] GC(71)   Merge Heap Roots: 0.40ms
[32.091s][info][gc,phases   ] GC(71)   Evacuate Collection Set: 12.06ms
[32.091s][info][gc,phases   ] GC(71)   Post Evacuate Collection Set: 0.47ms
[32.091s][info][gc,phases   ] GC(71)   Other: 0.11ms
[32.091s][info][gc,heap     ] GC(71) Eden regions: 308->0(325)
[32.091s][info][gc,heap     ] GC(71) Survivor regions: 1->1(39)
[32.091s][info][gc,heap     ] GC(71) Old regions: 555->553
[32.091s][info][gc,heap     ] GC(71) Humongous regions: 7->7
[32.091s][info][gc,metaspace] GC(71) Metaspace: 17320K(17536K)->17320K(17536K) NonClass: 14709K(14848K)->14709K(14848K) Class: 2611K(2688K)->2611K(2688K)
[32.091s][info][gc          ] GC(71) Pause Young (Mixed) (G1 Evacuation Pause) 871M->561M(978M) 13.566ms
[32.091s][info][gc,cpu      ] GC(71) User=0.03s Sys=0.00s Real=0.01s
[32.594s][info][gc,start    ] GC(72) Pause Young (Concurrent Start) (G1 Evacuation Pause)
[32.594s][info][gc,task     ] GC(72) Using 2 workers of 2 for evacuation
[32.660s][info][gc,phases   ] GC(72)   Pre Evacuate Collection Set: 0.29ms
[32.660s][info][gc,phases   ] GC(72)   Merge Heap Roots: 0.12ms
[32.660s][info][gc,phases   ] GC(72)   Evacuate Collection Set: 65.10ms
[32.660s][info][gc,phases   ] GC(72)   Post Evacuate Collection Set: 0.66ms
[32.660s][info][gc,phases   ] GC(72)   Other: 0.10ms
[32.660s][info][gc,heap     ] GC(72) Eden regions: 325->0(234)
[32.660s][info][gc,heap     ] GC(72) Survivor regions: 1->41(41)
[32.660s][info][gc,heap     ] GC(72) Old regions: 553->586
[32.660s][info][gc,heap     ] GC(72) Humongous regions: 7->7
[32.660s][info][gc,metaspace] GC(72) Metaspace: 17320K(17536K)->17320K(17536K) NonClass: 14709K(14848K)->14709K(14848K) Class: 2611K(2688K)->2611K(2688K)
[32.660s][info][gc          ] GC(72) Pause Young (Concurrent Start) (G1 Evacuation Pause) 886M->633M(978M) 66.530ms
[32.660s][info][gc          ] GC(73) Concurrent Mark Cycle
[32.660s][info][gc,marking  ] GC(73) Concurrent Scan Root Regions
[32.663s][info][gc,cpu      ] GC(72) User=0.13s Sys=0.00s Real=0.07s
[32.721s][info][gc,marking  ] GC(73) Concurrent Scan Root Regions 60.566ms
[32.721s][info][gc,marking  ] GC(73) Concurrent Mark
[32.721s][info][gc,marking  ] GC(73) Concurrent Mark From Roots
[32.721s][info][gc,task     ] GC(73) Using 1 workers of 1 for marking
[33.240s][info][gc,start    ] GC(74) Pause Young (Normal) (G1 Evacuation Pause)
[33.240s][info][gc,task     ] GC(74) Using 2 workers of 2 for evacuation
[33.336s][info][gc,phases   ] GC(74)   Pre Evacuate Collection Set: 0.28ms
[33.336s][info][gc,phases   ] GC(74)   Merge Heap Roots: 0.40ms
[33.336s][info][gc,phases   ] GC(74)   Evacuate Collection Set: 93.77ms
[33.336s][info][gc,phases   ] GC(74)   Post Evacuate Collection Set: 0.55ms
[33.336s][info][gc,phases   ] GC(74)   Other: 0.08ms
[33.336s][info][gc,heap     ] GC(74) Eden regions: 234->0(204)
[33.336s][info][gc,heap     ] GC(74) Survivor regions: 41->35(35)
[33.336s][info][gc,heap     ] GC(74) Old regions: 586->627
[33.336s][info][gc,heap     ] GC(74) Humongous regions: 10->10
[33.336s][info][gc,metaspace] GC(74) Metaspace: 17321K(17536K)->17321K(17536K) NonClass: 14710K(14848K)->14710K(14848K) Class: 2611K(2688K)->2611K(2688K)
[33.336s][info][gc          ] GC(74) Pause Young (Normal) (G1 Evacuation Pause) 870M->672M(978M) 95.311ms
[33.336s][info][gc,cpu      ] GC(74) User=0.19s Sys=0.00s Real=0.09s
[33.619s][info][gc,start    ] GC(75) Pause Young (Normal) (G1 Evacuation Pause)
[33.619s][info][gc,task     ] GC(75) Using 2 workers of 2 for evacuation
[33.694s][info][gc,phases   ] GC(75)   Pre Evacuate Collection Set: 0.48ms
[33.694s][info][gc,phases   ] GC(75)   Merge Heap Roots: 0.30ms
[33.694s][info][gc,phases   ] GC(75)   Evacuate Collection Set: 72.97ms
[33.694s][info][gc,phases   ] GC(75)   Post Evacuate Collection Set: 0.43ms
[33.694s][info][gc,phases   ] GC(75)   Other: 0.09ms
[33.694s][info][gc,heap     ] GC(75) Eden regions: 204->0(192)
[33.694s][info][gc,heap     ] GC(75) Survivor regions: 35->23(30)
[33.694s][info][gc,heap     ] GC(75) Old regions: 627->662
[33.694s][info][gc,heap     ] GC(75) Humongous regions: 10->10
[33.694s][info][gc,metaspace] GC(75) Metaspace: 17322K(17536K)->17322K(17536K) NonClass: 14710K(14848K)->14710K(14848K) Class: 2611K(2688K)->2611K(2688K)
[33.694s][info][gc          ] GC(75) Pause Young (Normal) (G1 Evacuation Pause) 876M->694M(978M) 74.485ms
[33.694s][info][gc,cpu      ] GC(75) User=0.15s Sys=0.00s Real=0.07s
[34.054s][info][gc,start    ] GC(76) Pause Young (Normal) (G1 Evacuation Pause)
[34.054s][info][gc,task     ] GC(76) Using 2 workers of 2 for evacuation
[34.100s][info][gc,phases   ] GC(76)   Pre Evacuate Collection Set: 0.25ms
[34.100s][info][gc,phases   ] GC(76)   Merge Heap Roots: 0.49ms
[34.100s][info][gc,phases   ] GC(76)   Evacuate Collection Set: 44.63ms
[34.100s][info][gc,phases   ] GC(76)   Post Evacuate Collection Set: 0.36ms
[34.100s][info][gc,phases   ] GC(76)   Other: 0.06ms
[34.100s][info][gc,heap     ] GC(76) Eden regions: 192->0(200)
[34.100s][info][gc,heap     ] GC(76) Survivor regions: 23->5(27)
[34.100s][info][gc,heap     ] GC(76) Old regions: 662->684
[34.100s][info][gc,heap     ] GC(76) Humongous regions: 10->10
[34.100s][info][gc,metaspace] GC(76) Metaspace: 17322K(17536K)->17322K(17536K) NonClass: 14710K(14848K)->14710K(14848K) Class: 2611K(2688K)->2611K(2688K)
[34.100s][info][gc          ] GC(76) Pause Young (Normal) (G1 Evacuation Pause) 886M->699M(978M) 46.052ms
[34.100s][info][gc,cpu      ] GC(76) User=0.09s Sys=0.00s Real=0.05s
[34.567s][info][gc,start    ] GC(77) Pause Young (Normal) (G1 Evacuation Pause)
[34.567s][info][gc,task     ] GC(77) Using 2 workers of 2 for evacuation
[34.595s][info][gc,phases   ] GC(77)   Pre Evacuate Collection Set: 0.27ms
[34.595s][info][gc,phases   ] GC(77)   Merge Heap Roots: 0.17ms
[34.595s][info][gc,phases   ] GC(77)   Evacuate Collection Set: 27.11ms
[34.595s][info][gc,phases   ] GC(77)   Post Evacuate Collection Set: 0.37ms
[34.595s][info][gc,phases   ] GC(77)   Other: 0.07ms
[34.595s][info][gc,heap     ] GC(77) Eden regions: 200->0(184)
[34.595s][info][gc,heap     ] GC(77) Survivor regions: 5->25(26)
[34.595s][info][gc,heap     ] GC(77) Old regions: 684->684
[34.595s][info][gc,heap     ] GC(77) Humongous regions: 10->10
[34.595s][info][gc,metaspace] GC(77) Metaspace: 17322K(17536K)->17322K(17536K) NonClass: 14711K(14848K)->14711K(14848K) Class: 2611K(2688K)->2611K(2688K)
[34.595s][info][gc          ] GC(77) Pause Young (Normal) (G1 Evacuation Pause) 899M->719M(978M) 28.227ms
[34.595s][info][gc,cpu      ] GC(77) User=0.05s Sys=0.00s Real=0.02s
[34.760s][info][gc,marking  ] GC(73) Concurrent Mark From Roots 2038.394ms
[34.760s][info][gc,marking  ] GC(73) Concurrent Preclean
[34.760s][info][gc,marking  ] GC(73) Concurrent Preclean 0.025ms
[34.760s][info][gc,start    ] GC(73) Pause Remark
[34.766s][info][gc          ] GC(73) Pause Remark 784M->777M(978M) 6.065ms
[34.766s][info][gc,cpu      ] GC(73) User=0.01s Sys=0.00s Real=0.00s
[34.766s][info][gc,marking  ] GC(73) Concurrent Mark 2044.777ms
[34.766s][info][gc,marking  ] GC(73) Concurrent Rebuild Remembered Sets and Scrub Regions
[35.264s][info][gc,start    ] GC(78) Pause Young (Normal) (G1 Evacuation Pause)
[35.264s][info][gc,task     ] GC(78) Using 2 workers of 2 for evacuation
[35.314s][info][gc,phases   ] GC(78)   Pre Evacuate Collection Set: 0.45ms
[35.314s][info][gc,phases   ] GC(78)   Merge Heap Roots: 0.34ms
[35.314s][info][gc,phases   ] GC(78)   Evacuate Collection Set: 48.55ms
[35.314s][info][gc,phases   ] GC(78)   Post Evacuate Collection Set: 0.40ms
[35.314s][info][gc,phases   ] GC(78)   Other: 0.07ms
[35.314s][info][gc,heap     ] GC(78) Eden regions: 184->0(174)
[35.314s][info][gc,heap     ] GC(78) Survivor regions: 25->21(27)
[35.314s][info][gc,heap     ] GC(78) Old regions: 678->703
[35.314s][info][gc,heap     ] GC(78) Humongous regions: 9->9
[35.314s][info][gc,metaspace] GC(78) Metaspace: 17342K(17600K)->17342K(17600K) NonClass: 14728K(14848K)->14728K(14848K) Class: 2613K(2752K)->2613K(2752K)
[35.314s][info][gc          ] GC(78) Pause Young (Normal) (G1 Evacuation Pause) 896M->732M(978M) 50.014ms
[35.314s][info][gc,cpu      ] GC(78) User=0.09s Sys=0.00s Real=0.05s
[35.584s][info][gc,marking  ] GC(73) Concurrent Rebuild Remembered Sets and Scrub Regions 818.198ms
[35.584s][info][gc,start    ] GC(73) Pause Cleanup
[35.584s][info][gc          ] GC(73) Pause Cleanup 857M->857M(978M) 0.105ms
[35.584s][info][gc,cpu      ] GC(73) User=0.00s Sys=0.00s Real=0.00s
[35.585s][info][gc,marking  ] GC(73) Concurrent Clear Claimed Marks
[35.585s][info][gc,marking  ] GC(73) Concurrent Clear Claimed Marks 0.040ms
[35.585s][info][gc,marking  ] GC(73) Concurrent Cleanup for Next Mark
[35.592s][info][gc,marking  ] GC(73) Concurrent Cleanup for Next Mark 6.935ms
[35.592s][info][gc          ] GC(73) Concurrent Mark Cycle 2931.681ms
[35.676s][info][gc,start    ] GC(79) Pause Young (Prepare Mixed) (G1 Evacuation Pause)
[35.676s][info][gc,task     ] GC(79) Using 2 workers of 2 for evacuation
[35.706s][info][gc,phases   ] GC(79)   Pre Evacuate Collection Set: 0.45ms
[35.706s][info][gc,phases   ] GC(79)   Merge Heap Roots: 0.14ms
[35.706s][info][gc,phases   ] GC(79)   Evacuate Collection Set: 28.50ms
[35.706s][info][gc,phases   ] GC(79)   Post Evacuate Collection Set: 0.39ms
[35.706s][info][gc,phases   ] GC(79)   Other: 0.10ms
[35.706s][info][gc,heap     ] GC(79) Eden regions: 174->0(167)
[35.706s][info][gc,heap     ] GC(79) Survivor regions: 21->19(25)
[35.706s][info][gc,heap     ] GC(79) Old regions: 703->714
[35.706s][info][gc,heap     ] GC(79) Humongous regions: 9->9
[35.706s][info][gc,metaspace] GC(79) Metaspace: 17371K(17600K)->17371K(17600K) NonClass: 14756K(14848K)->14756K(14848K) Class: 2615K(2752K)->2615K(2752K)
[35.706s][info][gc          ] GC(79) Pause Young (Prepare Mixed) (G1 Evacuation Pause) 906M->742M(978M) 29.781ms
[35.706s][info][gc,cpu      ] GC(79) User=0.06s Sys=0.00s Real=0.02s
[36.056s][info][gc,start    ] GC(80) Pause Young (Mixed) (G1 Evacuation Pause)
[36.056s][info][gc,task     ] GC(80) Using 2 workers of 2 for evacuation
[36.091s][info][gc,phases   ] GC(80)   Pre Evacuate Collection Set: 0.49ms
[36.091s][info][gc,phases   ] GC(80)   Merge Heap Roots: 0.13ms
[36.091s][info][gc,phases   ] GC(80)   Evacuate Collection Set: 33.34ms
[36.091s][info][gc,phases   ] GC(80)   Post Evacuate Collection Set: 0.43ms
[36.091s][info][gc,phases   ] GC(80)   Other: 0.09ms
[36.091s][info][gc,heap     ] GC(80) Eden regions: 167->0(168)
[36.091s][info][gc,heap     ] GC(80) Survivor regions: 19->20(24)
[36.091s][info][gc,heap     ] GC(80) Old regions: 714->711
[36.091s][info][gc,heap     ] GC(80) Humongous regions: 9->9
[36.091s][info][gc,metaspace] GC(80) Metaspace: 17407K(17600K)->17407K(17600K) NonClass: 14786K(14848K)->14786K(14848K) Class: 2621K(2752K)->2621K(2752K)
[36.091s][info][gc          ] GC(80) Pause Young (Mixed) (G1 Evacuation Pause) 909M->739M(978M) 34.689ms
[36.091s][info][gc,cpu      ] GC(80) User=0.06s Sys=0.00s Real=0.03s
[36.360s][info][gc,start    ] GC(81) Pause Young (Concurrent Start) (G1 Evacuation Pause)
[36.360s][info][gc,task     ] GC(81) Using 2 workers of 2 for evacuation
[36.389s][info][gc,phases   ] GC(81)   Pre Evacuate Collection Set: 0.29ms
[36.389s][info][gc,phases   ] GC(81)   Merge Heap Roots: 0.18ms
[36.389s][info][gc,phases   ] GC(81)   Evacuate Collection Set: 27.75ms
[36.389s][info][gc,phases   ] GC(81)   Post Evacuate Collection Set: 0.36ms
[36.389s][info][gc,phases   ] GC(81)   Other: 0.13ms
[36.389s][info][gc,heap     ] GC(81) Eden regions: 168->0(174)
[36.389s][info][gc,heap     ] GC(81) Survivor regions: 20->6(24)
[36.389s][info][gc,heap     ] GC(81) Old regions: 711->731
[36.389s][info][gc,heap     ] GC(81) Humongous regions: 9->9
[36.389s][info][gc,metaspace] GC(81) Metaspace: 17441K(17728K)->17441K(17728K) NonClass: 14820K(14976K)->14820K(14976K) Class: 2621K(2752K)->2621K(2752K)
[36.389s][info][gc          ] GC(81) Pause Young (Concurrent Start) (G1 Evacuation Pause) 907M->745M(978M) 28.913ms
[36.389s][info][gc          ] GC(82) Concurrent Mark Cycle
[36.389s][info][gc,marking  ] GC(82) Concurrent Scan Root Regions
[36.389s][info][gc,cpu      ] GC(81) User=0.06s Sys=0.00s Real=0.03s
[36.453s][info][gc,marking  ] GC(82) Concurrent Scan Root Regions 64.220ms
[36.453s][info][gc,marking  ] GC(82) Concurrent Mark
[36.453s][info][gc,marking  ] GC(82) Concurrent Mark From Roots
[36.453s][info][gc,task     ] GC(82) Using 1 workers of 1 for marking
[37.113s][info][gc,start    ] GC(83) Pause Young (Normal) (G1 Evacuation Pause)
[37.113s][info][gc,task     ] GC(83) Using 2 workers of 2 for evacuation
[37.121s][info][gc,phases   ] GC(83)   Pre Evacuate Collection Set: 0.25ms
[37.121s][info][gc,phases   ] GC(83)   Merge Heap Roots: 0.11ms
[37.121s][info][gc,phases   ] GC(83)   Evacuate Collection Set: 7.54ms
[37.121s][info][gc,phases   ] GC(83)   Post Evacuate Collection Set: 0.35ms
[37.121s][info][gc,phases   ] GC(83)   Other: 0.07ms
[37.121s][info][gc,heap     ] GC(83) Eden regions: 174->0(174)
[37.121s][info][gc,heap     ] GC(83) Survivor regions: 6->7(23)
[37.121s][info][gc,heap     ] GC(83) Old regions: 731->731
[37.121s][info][gc,heap     ] GC(83) Humongous regions: 9->9
[37.121s][info][gc,metaspace] GC(83) Metaspace: 17452K(17728K)->17452K(17728K) NonClass: 14830K(14976K)->14830K(14976K) Class: 2621K(2752K)->2621K(2752K)
[37.121s][info][gc          ] GC(83) Pause Young (Normal) (G1 Evacuation Pause) 919M->746M(978M) 8.520ms
[37.121s][info][gc,cpu      ] GC(83) User=0.02s Sys=0.01s Real=0.01s
[37.534s][info][gc,start    ] GC(84) Pause Young (Normal) (G1 Evacuation Pause)
[37.534s][info][gc,task     ] GC(84) Using 2 workers of 2 for evacuation
[37.559s][info][gc,phases   ] GC(84)   Pre Evacuate Collection Set: 0.25ms
[37.559s][info][gc,phases   ] GC(84)   Merge Heap Roots: 0.10ms
[37.559s][info][gc,phases   ] GC(84)   Evacuate Collection Set: 24.04ms
[37.559s][info][gc,phases   ] GC(84)   Post Evacuate Collection Set: 0.39ms
[37.559s][info][gc,phases   ] GC(84)   Other: 0.08ms
[37.559s][info][gc,heap     ] GC(84) Eden regions: 174->0(142)
[37.559s][info][gc,heap     ] GC(84) Survivor regions: 7->23(23)
[37.559s][info][gc,heap     ] GC(84) Old regions: 731->731
[37.559s][info][gc,heap     ] GC(84) Humongous regions: 9->9
[37.559s][info][gc,metaspace] GC(84) Metaspace: 17453K(17728K)->17453K(17728K) NonClass: 14832K(14976K)->14832K(14976K) Class: 2621K(2752K)->2621K(2752K)
[37.559s][info][gc          ] GC(84) Pause Young (Normal) (G1 Evacuation Pause) 920M->762M(978M) 25.047ms
[37.559s][info][gc,cpu      ] GC(84) User=0.05s Sys=0.00s Real=0.03s
[37.798s][info][gc,start    ] GC(85) Pause Young (Normal) (G1 Evacuation Pause)
[37.799s][info][gc,task     ] GC(85) Using 2 workers of 2 for evacuation
[37.863s][info][gc,phases   ] GC(85)   Pre Evacuate Collection Set: 0.26ms
[37.863s][info][gc,phases   ] GC(85)   Merge Heap Roots: 0.10ms
[37.863s][info][gc,phases   ] GC(85)   Evacuate Collection Set: 63.60ms
[37.863s][info][gc,phases   ] GC(85)   Post Evacuate Collection Set: 0.48ms
[37.863s][info][gc,phases   ] GC(85)   Other: 0.07ms
[37.863s][info][gc,heap     ] GC(85) Eden regions: 142->0(95)
[37.863s][info][gc,heap     ] GC(85) Survivor regions: 23->21(21)
[37.863s][info][gc,heap     ] GC(85) Old regions: 731->782
[37.863s][info][gc,heap     ] GC(85) Humongous regions: 9->9
[37.863s][info][gc,metaspace] GC(85) Metaspace: 17453K(17728K)->17453K(17728K) NonClass: 14832K(14976K)->14832K(14976K) Class: 2621K(2752K)->2621K(2752K)
[37.863s][info][gc          ] GC(85) Pause Young (Normal) (G1 Evacuation Pause) 904M->812M(978M) 64.726ms
[37.863s][info][gc,cpu      ] GC(85) User=0.13s Sys=0.00s Real=0.06s
[37.893s][info][gc,marking  ] GC(82) Concurrent Mark From Roots 1439.419ms
[37.893s][info][gc,marking  ] GC(82) Concurrent Preclean
[37.893s][info][gc,marking  ] GC(82) Concurrent Preclean 0.022ms
[37.893s][info][gc,start    ] GC(82) Pause Remark
[37.902s][info][gc          ] GC(82) Pause Remark 824M->605M(978M) 9.249ms
[37.902s][info][gc,cpu      ] GC(82) User=0.02s Sys=0.00s Real=0.01s
[37.902s][info][gc,marking  ] GC(82) Concurrent Mark 1448.931ms
[37.902s][info][gc,marking  ] GC(82) Concurrent Rebuild Remembered Sets and Scrub Regions
[38.156s][info][gc,start    ] GC(86) Pause Young (Normal) (G1 Evacuation Pause)
[38.156s][info][gc,task     ] GC(86) Using 2 workers of 2 for evacuation
[38.200s][info][gc,phases   ] GC(86)   Pre Evacuate Collection Set: 0.46ms
[38.200s][info][gc,phases   ] GC(86)   Merge Heap Roots: 0.45ms
[38.200s][info][gc,phases   ] GC(86)   Evacuate Collection Set: 42.03ms
[38.200s][info][gc,phases   ] GC(86)   Post Evacuate Collection Set: 0.33ms
[38.200s][info][gc,phases   ] GC(86)   Other: 0.10ms
[38.200s][info][gc,heap     ] GC(86) Eden regions: 95->0(257)
[38.200s][info][gc,heap     ] GC(86) Survivor regions: 21->15(15)
[38.200s][info][gc,heap     ] GC(86) Old regions: 568->595
[38.200s][info][gc,heap     ] GC(86) Humongous regions: 4->4
[38.200s][info][gc,metaspace] GC(86) Metaspace: 17453K(17728K)->17453K(17728K) NonClass: 14832K(14976K)->14832K(14976K) Class: 2621K(2752K)->2621K(2752K)
[38.200s][info][gc          ] GC(86) Pause Young (Normal) (G1 Evacuation Pause) 688M->614M(978M) 43.596ms
[38.200s][info][gc,cpu      ] GC(86) User=0.08s Sys=0.00s Real=0.05s
[38.434s][info][gc,marking  ] GC(82) Concurrent Rebuild Remembered Sets and Scrub Regions 531.338ms
[38.434s][info][gc,start    ] GC(82) Pause Cleanup
[38.434s][info][gc          ] GC(82) Pause Cleanup 746M->746M(978M) 0.176ms
[38.434s][info][gc,cpu      ] GC(82) User=0.00s Sys=0.00s Real=0.00s
[38.434s][info][gc,marking  ] GC(82) Concurrent Clear Claimed Marks
[38.434s][info][gc,marking  ] GC(82) Concurrent Clear Claimed Marks 0.032ms
[38.434s][info][gc,marking  ] GC(82) Concurrent Cleanup for Next Mark
[38.439s][info][gc,marking  ] GC(82) Concurrent Cleanup for Next Mark 5.001ms
[38.439s][info][gc          ] GC(82) Concurrent Mark Cycle 2050.156ms
[38.592s][info][gc,start    ] GC(87) Pause Young (Prepare Mixed) (G1 Evacuation Pause)
[38.592s][info][gc,task     ] GC(87) Using 2 workers of 2 for evacuation
[38.665s][info][gc,phases   ] GC(87)   Pre Evacuate Collection Set: 0.47ms
[38.665s][info][gc,phases   ] GC(87)   Merge Heap Roots: 0.42ms
[38.665s][info][gc,phases   ] GC(87)   Evacuate Collection Set: 71.14ms
[38.665s][info][gc,phases   ] GC(87)   Post Evacuate Collection Set: 0.54ms
[38.665s][info][gc,phases   ] GC(87)   Other: 0.10ms
[38.665s][info][gc,heap     ] GC(87) Eden regions: 257->0(213)
[38.665s][info][gc,heap     ] GC(87) Survivor regions: 15->34(34)
[38.665s][info][gc,heap     ] GC(87) Old regions: 595->617
[38.665s][info][gc,heap     ] GC(87) Humongous regions: 7->7
[38.665s][info][gc,metaspace] GC(87) Metaspace: 17454K(17728K)->17454K(17728K) NonClass: 14833K(14976K)->14833K(14976K) Class: 2621K(2752K)->2621K(2752K)
[38.665s][info][gc          ] GC(87) Pause Young (Prepare Mixed) (G1 Evacuation Pause) 874M->658M(978M) 72.935ms
[38.665s][info][gc,cpu      ] GC(87) User=0.14s Sys=0.00s Real=0.07s
[38.890s][info][gc,start    ] GC(88) Pause Young (Mixed) (G1 Evacuation Pause)
[38.890s][info][gc,task     ] GC(88) Using 2 workers of 2 for evacuation
[38.954s][info][gc,phases   ] GC(88)   Pre Evacuate Collection Set: 0.48ms
[38.955s][info][gc,phases   ] GC(88)   Merge Heap Roots: 0.45ms
[38.955s][info][gc,phases   ] GC(88)   Evacuate Collection Set: 63.13ms
[38.955s][info][gc,phases   ] GC(88)   Post Evacuate Collection Set: 0.57ms
[38.955s][info][gc,phases   ] GC(88)   Other: 0.10ms
[38.955s][info][gc,heap     ] GC(88) Eden regions: 213->0(291)
[38.955s][info][gc,heap     ] GC(88) Survivor regions: 34->16(31)
[38.955s][info][gc,heap     ] GC(88) Old regions: 617->554
[38.955s][info][gc,heap     ] GC(88) Humongous regions: 7->7
[38.955s][info][gc,metaspace] GC(88) Metaspace: 17454K(17728K)->17454K(17728K) NonClass: 14833K(14976K)->14833K(14976K) Class: 2621K(2752K)->2621K(2752K)
[38.955s][info][gc          ] GC(88) Pause Young (Mixed) (G1 Evacuation Pause) 871M->577M(978M) 64.948ms
[38.955s][info][gc,cpu      ] GC(88) User=0.12s Sys=0.00s Real=0.06s
[39.330s][info][gc,start    ] GC(89) Pause Young (Mixed) (G1 Evacuation Pause)
[39.330s][info][gc,task     ] GC(89) Using 2 workers of 2 for evacuation
[39.406s][info][gc,phases   ] GC(89)   Pre Evacuate Collection Set: 0.28ms
[39.406s][info][gc,phases   ] GC(89)   Merge Heap Roots: 1.09ms
[39.406s][info][gc,phases   ] GC(89)   Evacuate Collection Set: 74.30ms
[39.406s][info][gc,phases   ] GC(89)   Post Evacuate Collection Set: 0.46ms
[39.406s][info][gc,phases   ] GC(89)   Other: 0.09ms
[39.406s][info][gc,heap     ] GC(89) Eden regions: 291->0(291)
[39.406s][info][gc,heap     ] GC(89) Survivor regions: 16->30(39)
[39.406s][info][gc,heap     ] GC(89) Old regions: 554->551
[39.406s][info][gc,heap     ] GC(89) Humongous regions: 7->7
[39.406s][info][gc,metaspace] GC(89) Metaspace: 17455K(17728K)->17455K(17728K) NonClass: 14834K(14976K)->14834K(14976K) Class: 2621K(2752K)->2621K(2752K)
[39.406s][info][gc          ] GC(89) Pause Young (Mixed) (G1 Evacuation Pause) 868M->587M(978M) 76.481ms
[39.406s][info][gc,cpu      ] GC(89) User=0.15s Sys=0.00s Real=0.08s
[39.970s][info][gc,start    ] GC(90) Pause Young (Concurrent Start) (G1 Evacuation Pause)
[39.970s][info][gc,task     ] GC(90) Using 2 workers of 2 for evacuation
[40.059s][info][gc,phases   ] GC(90)   Pre Evacuate Collection Set: 0.33ms
[40.059s][info][gc,phases   ] GC(90)   Merge Heap Roots: 0.28ms
[40.059s][info][gc,phases   ] GC(90)   Evacuate Collection Set: 87.07ms
[40.059s][info][gc,phases   ] GC(90)   Post Evacuate Collection Set: 0.72ms
[40.059s][info][gc,phases   ] GC(90)   Other: 0.11ms
[40.059s][info][gc,heap     ] GC(90) Eden regions: 291->0(222)
[40.059s][info][gc,heap     ] GC(90) Survivor regions: 30->41(41)
[40.059s][info][gc,heap     ] GC(90) Old regions: 551->597
[40.059s][info][gc,heap     ] GC(90) Humongous regions: 7->7
[40.059s][info][gc,metaspace] GC(90) Metaspace: 17455K(17728K)->17455K(17728K) NonClass: 14834K(14976K)->14834K(14976K) Class: 2621K(2752K)->2621K(2752K)
[40.059s][info][gc          ] GC(90) Pause Young (Concurrent Start) (G1 Evacuation Pause) 878M->644M(978M) 88.744ms
[40.059s][info][gc,cpu      ] GC(90) User=0.18s Sys=0.00s Real=0.09s
[40.059s][info][gc          ] GC(91) Concurrent Mark Cycle
[40.059s][info][gc,marking  ] GC(91) Concurrent Scan Root Regions
[40.186s][info][gc,marking  ] GC(91) Concurrent Scan Root Regions 126.809ms
[40.186s][info][gc,marking  ] GC(91) Concurrent Mark
[40.186s][info][gc,marking  ] GC(91) Concurrent Mark From Roots
[40.186s][info][gc,task     ] GC(91) Using 1 workers of 1 for marking
[40.774s][info][gc,start    ] GC(92) Pause Young (Normal) (G1 Evacuation Pause)
[40.774s][info][gc,task     ] GC(92) Using 2 workers of 2 for evacuation
[40.847s][info][gc,phases   ] GC(92)   Pre Evacuate Collection Set: 0.49ms
[40.847s][info][gc,phases   ] GC(92)   Merge Heap Roots: 0.50ms
[40.847s][info][gc,phases   ] GC(92)   Evacuate Collection Set: 70.51ms
[40.847s][info][gc,phases   ] GC(92)   Post Evacuate Collection Set: 0.53ms
[40.847s][info][gc,phases   ] GC(92)   Other: 0.08ms
[40.847s][info][gc,heap     ] GC(92) Eden regions: 222->0(226)
[40.847s][info][gc,heap     ] GC(92) Survivor regions: 41->10(33)
[40.847s][info][gc,heap     ] GC(92) Old regions: 597->638
[40.847s][info][gc,heap     ] GC(92) Humongous regions: 8->8
[40.847s][info][gc,metaspace] GC(92) Metaspace: 17455K(17728K)->17455K(17728K) NonClass: 14834K(14976K)->14834K(14976K) Class: 2621K(2752K)->2621K(2752K)
[40.847s][info][gc          ] GC(92) Pause Young (Normal) (G1 Evacuation Pause) 867M->656M(978M) 72.351ms
[40.847s][info][gc,cpu      ] GC(92) User=0.14s Sys=0.00s Real=0.08s
[41.235s][info][gc,marking  ] GC(91) Concurrent Mark From Roots 1049.021ms
[41.235s][info][gc,marking  ] GC(91) Concurrent Preclean
[41.235s][info][gc,marking  ] GC(91) Concurrent Preclean 0.027ms
[41.235s][info][gc,start    ] GC(91) Pause Remark
[41.242s][info][gc          ] GC(91) Pause Remark 819M->685M(978M) 6.627ms
[41.242s][info][gc,cpu      ] GC(91) User=0.02s Sys=0.00s Real=0.01s
[41.243s][info][gc,marking  ] GC(91) Concurrent Mark 1057.035ms
[41.243s][info][gc,marking  ] GC(91) Concurrent Rebuild Remembered Sets and Scrub Regions
[41.333s][info][gc,start    ] GC(93) Pause Young (Normal) (G1 Evacuation Pause)
[41.333s][info][gc,task     ] GC(93) Using 2 workers of 2 for evacuation
[41.374s][info][gc,phases   ] GC(93)   Pre Evacuate Collection Set: 0.43ms
[41.374s][info][gc,phases   ] GC(93)   Merge Heap Roots: 0.31ms
[41.374s][info][gc,phases   ] GC(93)   Evacuate Collection Set: 40.01ms
[41.374s][info][gc,phases   ] GC(93)   Post Evacuate Collection Set: 0.44ms
[41.374s][info][gc,phases   ] GC(93)   Other: 0.09ms
[41.374s][info][gc,heap     ] GC(93) Eden regions: 226->0(329)
[41.374s][info][gc,heap     ] GC(93) Survivor regions: 10->30(30)
[41.374s][info][gc,heap     ] GC(93) Old regions: 507->508
[41.374s][info][gc,heap     ] GC(93) Humongous regions: 5->5
[41.374s][info][gc,metaspace] GC(93) Metaspace: 17455K(17728K)->17455K(17728K) NonClass: 14834K(14976K)->14834K(14976K) Class: 2621K(2752K)->2621K(2752K)
[41.374s][info][gc          ] GC(93) Pause Young (Normal) (G1 Evacuation Pause) 748M->542M(978M) 41.482ms
[41.374s][info][gc,cpu      ] GC(93) User=0.08s Sys=0.00s Real=0.04s
[41.697s][info][gc,marking  ] GC(91) Concurrent Rebuild Remembered Sets and Scrub Regions 454.202ms
[41.699s][info][gc,start    ] GC(91) Pause Cleanup
[41.699s][info][gc          ] GC(91) Pause Cleanup 723M->723M(978M) 0.153ms
[41.699s][info][gc,cpu      ] GC(91) User=0.00s Sys=0.00s Real=0.00s
[41.699s][info][gc,marking  ] GC(91) Concurrent Clear Claimed Marks
[41.699s][info][gc,marking  ] GC(91) Concurrent Clear Claimed Marks 0.044ms
[41.699s][info][gc,marking  ] GC(91) Concurrent Cleanup for Next Mark
[41.705s][info][gc,marking  ] GC(91) Concurrent Cleanup for Next Mark 6.456ms
[41.705s][info][gc          ] GC(91) Concurrent Mark Cycle 1646.213ms
[42.010s][info][gc,start    ] GC(94) Pause Young (Prepare Mixed) (G1 Evacuation Pause)
[42.010s][info][gc,task     ] GC(94) Using 2 workers of 2 for evacuation
[42.068s][info][gc,phases   ] GC(94)   Pre Evacuate Collection Set: 0.51ms
[42.068s][info][gc,phases   ] GC(94)   Merge Heap Roots: 0.29ms
[42.068s][info][gc,phases   ] GC(94)   Evacuate Collection Set: 56.27ms
[42.068s][info][gc,phases   ] GC(94)   Post Evacuate Collection Set: 0.56ms
[42.068s][info][gc,phases   ] GC(94)   Other: 0.09ms
[42.068s][info][gc,heap     ] GC(94) Eden regions: 329->0(322)
[42.068s][info][gc,heap     ] GC(94) Survivor regions: 30->38(45)
[42.068s][info][gc,heap     ] GC(94) Old regions: 508->518
[42.068s][info][gc,heap     ] GC(94) Humongous regions: 5->5
[42.068s][info][gc,metaspace] GC(94) Metaspace: 17457K(17728K)->17457K(17728K) NonClass: 14835K(14976K)->14835K(14976K) Class: 2621K(2752K)->2621K(2752K)
[42.068s][info][gc          ] GC(94) Pause Young (Prepare Mixed) (G1 Evacuation Pause) 871M->560M(978M) 57.925ms
[42.068s][info][gc,cpu      ] GC(94) User=0.12s Sys=0.00s Real=0.06s
[42.734s][info][gc,start    ] GC(95) Pause Young (Mixed) (G1 Evacuation Pause)
[42.734s][info][gc,task     ] GC(95) Using 2 workers of 2 for evacuation
[42.803s][info][gc,phases   ] GC(95)   Pre Evacuate Collection Set: 0.52ms
[42.803s][info][gc,phases   ] GC(95)   Merge Heap Roots: 0.78ms
[42.803s][info][gc,phases   ] GC(95)   Evacuate Collection Set: 66.83ms
[42.803s][info][gc,phases   ] GC(95)   Post Evacuate Collection Set: 0.60ms
[42.803s][info][gc,phases   ] GC(95)   Other: 0.11ms
[42.803s][info][gc,heap     ] GC(95) Eden regions: 322->0(414)
[42.803s][info][gc,heap     ] GC(95) Survivor regions: 38->18(45)
[42.803s][info][gc,heap     ] GC(95) Old regions: 518->456
[42.803s][info][gc,heap     ] GC(95) Humongous regions: 5->5
[42.803s][info][gc,metaspace] GC(95) Metaspace: 17457K(17728K)->17457K(17728K) NonClass: 14836K(14976K)->14836K(14976K) Class: 2621K(2752K)->2621K(2752K)
[42.803s][info][gc          ] GC(95) Pause Young (Mixed) (G1 Evacuation Pause) 882M->478M(978M) 69.075ms
[42.803s][info][gc,cpu      ] GC(95) User=0.14s Sys=0.01s Real=0.07s
[43.442s][info][gc,start    ] GC(96) Pause Young (Concurrent Start) (G1 Evacuation Pause)
[43.442s][info][gc,task     ] GC(96) Using 2 workers of 2 for evacuation
[43.545s][info][gc,phases   ] GC(96)   Pre Evacuate Collection Set: 0.38ms
[43.545s][info][gc,phases   ] GC(96)   Merge Heap Roots: 0.79ms
[43.545s][info][gc,phases   ] GC(96)   Evacuate Collection Set: 99.42ms
[43.545s][info][gc,phases   ] GC(96)   Post Evacuate Collection Set: 1.74ms
[43.545s][info][gc,phases   ] GC(96)   Other: 0.20ms
[43.545s][info][gc,heap     ] GC(96) Eden regions: 414->0(288)
[43.545s][info][gc,heap     ] GC(96) Survivor regions: 18->54(54)
[43.545s][info][gc,heap     ] GC(96) Old regions: 456->527
[43.545s][info][gc,heap     ] GC(96) Humongous regions: 5->5
[43.545s][info][gc,metaspace] GC(96) Metaspace: 17460K(17728K)->17460K(17728K) NonClass: 14839K(14976K)->14839K(14976K) Class: 2621K(2752K)->2621K(2752K)
[43.545s][info][gc          ] GC(96) Pause Young (Concurrent Start) (G1 Evacuation Pause) (Evacuation Failure: Allocation) 892M->586M(978M) 102.775ms
[43.545s][info][gc,cpu      ] GC(96) User=0.20s Sys=0.00s Real=0.10s
[43.545s][info][gc          ] GC(97) Concurrent Mark Cycle
[43.545s][info][gc,marking  ] GC(97) Concurrent Scan Root Regions
[43.641s][info][gc,marking  ] GC(97) Concurrent Scan Root Regions 96.264ms
[43.641s][info][gc,marking  ] GC(97) Concurrent Mark
[43.641s][info][gc,marking  ] GC(97) Concurrent Mark From Roots
[43.641s][info][gc,task     ] GC(97) Using 1 workers of 1 for marking
[44.196s][info][gc,start    ] GC(98) Pause Young (Normal) (G1 Evacuation Pause)
[44.196s][info][gc,task     ] GC(98) Using 2 workers of 2 for evacuation
[44.340s][info][gc,phases   ] GC(98)   Pre Evacuate Collection Set: 0.48ms
[44.340s][info][gc,phases   ] GC(98)   Merge Heap Roots: 0.43ms
[44.340s][info][gc,phases   ] GC(98)   Evacuate Collection Set: 134.20ms
[44.340s][info][gc,phases   ] GC(98)   Post Evacuate Collection Set: 8.78ms
[44.340s][info][gc,phases   ] GC(98)   Other: 0.10ms
[44.340s][info][gc,heap     ] GC(98) Eden regions: 288->0(179)
[44.340s][info][gc,heap     ] GC(98) Survivor regions: 54->43(43)
[44.340s][info][gc,heap     ] GC(98) Old regions: 527->655
[44.340s][info][gc,heap     ] GC(98) Humongous regions: 8->8
[44.340s][info][gc,metaspace] GC(98) Metaspace: 17473K(17728K)->17473K(17728K) NonClass: 14851K(14976K)->14851K(14976K) Class: 2621K(2752K)->2621K(2752K)
[44.340s][info][gc          ] GC(98) Pause Young (Normal) (G1 Evacuation Pause) (Evacuation Failure: Allocation) 877M->706M(978M) 144.248ms
[44.340s][info][gc,cpu      ] GC(98) User=0.29s Sys=0.00s Real=0.15s
[44.752s][info][gc,start    ] GC(99) Pause Young (Normal) (G1 Evacuation Pause)
[44.752s][info][gc,task     ] GC(99) Using 2 workers of 2 for evacuation
[44.833s][info][gc,phases   ] GC(99)   Pre Evacuate Collection Set: 0.50ms
[44.833s][info][gc,phases   ] GC(99)   Merge Heap Roots: 0.60ms
[44.833s][info][gc,phases   ] GC(99)   Evacuate Collection Set: 78.61ms
[44.833s][info][gc,phases   ] GC(99)   Post Evacuate Collection Set: 0.56ms
[44.833s][info][gc,phases   ] GC(99)   Other: 0.10ms
[44.833s][info][gc,heap     ] GC(99) Eden regions: 179->0(256)
[44.833s][info][gc,heap     ] GC(99) Survivor regions: 43->11(28)
[44.833s][info][gc,heap     ] GC(99) Old regions: 655->618
[44.833s][info][gc,heap     ] GC(99) Humongous regions: 8->8
[44.833s][info][gc,metaspace] GC(99) Metaspace: 17477K(17728K)->17477K(17728K) NonClass: 14856K(14976K)->14856K(14976K) Class: 2621K(2752K)->2621K(2752K)
[44.833s][info][gc          ] GC(99) Pause Young (Normal) (G1 Evacuation Pause) 885M->637M(978M) 80.602ms
[44.833s][info][gc,cpu      ] GC(99) User=0.16s Sys=0.00s Real=0.08s
[44.838s][info][gc,marking  ] GC(97) Concurrent Mark From Roots 1196.595ms
[44.838s][info][gc,marking  ] GC(97) Concurrent Preclean
[44.838s][info][gc,marking  ] GC(97) Concurrent Preclean 0.023ms
[44.838s][info][gc,start    ] GC(97) Pause Remark
[44.845s][info][gc          ] GC(97) Pause Remark 638M->511M(978M) 6.375ms
[44.845s][info][gc,cpu      ] GC(97) User=0.01s Sys=0.00s Real=0.00s
[44.846s][info][gc,marking  ] GC(97) Concurrent Mark 1205.076ms
[44.846s][info][gc,marking  ] GC(97) Concurrent Rebuild Remembered Sets and Scrub Regions
[45.181s][info][gc,marking  ] GC(97) Concurrent Rebuild Remembered Sets and Scrub Regions 334.402ms
[45.181s][info][gc,start    ] GC(97) Pause Cleanup
[45.181s][info][gc          ] GC(97) Pause Cleanup 646M->646M(978M) 0.102ms
[45.181s][info][gc,cpu      ] GC(97) User=0.00s Sys=0.00s Real=0.00s
[45.181s][info][gc,marking  ] GC(97) Concurrent Clear Claimed Marks
[45.181s][info][gc,marking  ] GC(97) Concurrent Clear Claimed Marks 0.025ms
[45.181s][info][gc,marking  ] GC(97) Concurrent Cleanup for Next Mark
[45.184s][info][gc,marking  ] GC(97) Concurrent Cleanup for Next Mark 2.801ms
[45.184s][info][gc          ] GC(97) Concurrent Mark Cycle 1639.091ms
[45.352s][info][gc,start    ] GC(100) Pause Young (Prepare Mixed) (G1 Evacuation Pause)
[45.352s][info][gc,task     ] GC(100) Using 2 workers of 2 for evacuation
[45.395s][info][gc,phases   ] GC(100)   Pre Evacuate Collection Set: 0.30ms
[45.395s][info][gc,phases   ] GC(100)   Merge Heap Roots: 0.52ms
[45.395s][info][gc,phases   ] GC(100)   Evacuate Collection Set: 40.85ms
[45.395s][info][gc,phases   ] GC(100)   Post Evacuate Collection Set: 0.53ms
[45.395s][info][gc,phases   ] GC(100)   Other: 0.11ms
[45.395s][info][gc,heap     ] GC(100) Eden regions: 256->0(335)
[45.395s][info][gc,heap     ] GC(100) Survivor regions: 11->27(34)
[45.395s][info][gc,heap     ] GC(100) Old regions: 493->493
[45.395s][info][gc,heap     ] GC(100) Humongous regions: 9->9
[45.395s][info][gc,metaspace] GC(100) Metaspace: 17478K(17728K)->17478K(17728K) NonClass: 14856K(14976K)->14856K(14976K) Class: 2621K(2752K)->2621K(2752K)
[45.395s][info][gc          ] GC(100) Pause Young (Prepare Mixed) (G1 Evacuation Pause) 769M->529M(978M) 42.555ms
[45.395s][info][gc,cpu      ] GC(100) User=0.09s Sys=0.00s Real=0.04s
[45.892s][info][gc,start    ] GC(101) Pause Young (Mixed) (G1 Evacuation Pause)
[45.893s][info][gc,task     ] GC(101) Using 2 workers of 2 for evacuation
[45.933s][info][gc,phases   ] GC(101)   Pre Evacuate Collection Set: 0.50ms
[45.934s][info][gc,phases   ] GC(101)   Merge Heap Roots: 0.36ms
[45.934s][info][gc,phases   ] GC(101)   Evacuate Collection Set: 39.46ms
[45.934s][info][gc,phases   ] GC(101)   Post Evacuate Collection Set: 0.58ms
[45.934s][info][gc,phases   ] GC(101)   Other: 0.08ms
[45.934s][info][gc,heap     ] GC(101) Eden regions: 335->0(374)
[45.934s][info][gc,heap     ] GC(101) Survivor regions: 27->16(46)
[45.934s][info][gc,heap     ] GC(101) Old regions: 493->469
[45.934s][info][gc,heap     ] GC(101) Humongous regions: 9->9
[45.934s][info][gc,metaspace] GC(101) Metaspace: 17478K(17728K)->17478K(17728K) NonClass: 14856K(14976K)->14856K(14976K) Class: 2621K(2752K)->2621K(2752K)
[45.934s][info][gc          ] GC(101) Pause Young (Mixed) (G1 Evacuation Pause) 864M->493M(978M) 41.247ms
[45.934s][info][gc,cpu      ] GC(101) User=0.08s Sys=0.00s Real=0.04s
[46.479s][info][gc,start    ] GC(102) Pause Young (Concurrent Start) (G1 Evacuation Pause)
[46.479s][info][gc,task     ] GC(102) Using 2 workers of 2 for evacuation
[46.505s][info][gc,phases   ] GC(102)   Pre Evacuate Collection Set: 0.32ms
[46.505s][info][gc,phases   ] GC(102)   Merge Heap Roots: 0.19ms
[46.505s][info][gc,phases   ] GC(102)   Evacuate Collection Set: 24.23ms
[46.505s][info][gc,phases   ] GC(102)   Post Evacuate Collection Set: 0.57ms
[46.505s][info][gc,phases   ] GC(102)   Other: 0.19ms
[46.505s][info][gc,heap     ] GC(102) Eden regions: 374->0(390)
[46.505s][info][gc,heap     ] GC(102) Survivor regions: 16->16(49)
[46.505s][info][gc,heap     ] GC(102) Old regions: 469->469
[46.505s][info][gc,heap     ] GC(102) Humongous regions: 9->9
[46.505s][info][gc,metaspace] GC(102) Metaspace: 17479K(17728K)->17479K(17728K) NonClass: 14858K(14976K)->14858K(14976K) Class: 2621K(2752K)->2621K(2752K)
[46.505s][info][gc          ] GC(102) Pause Young (Concurrent Start) (G1 Evacuation Pause) 867M->493M(978M) 25.730ms
[46.505s][info][gc,cpu      ] GC(102) User=0.05s Sys=0.00s Real=0.02s
[46.505s][info][gc          ] GC(103) Concurrent Mark Cycle
[46.507s][info][gc,marking  ] GC(103) Concurrent Scan Root Regions
[46.561s][info][gc,marking  ] GC(103) Concurrent Scan Root Regions 53.738ms
[46.561s][info][gc,marking  ] GC(103) Concurrent Mark
[46.561s][info][gc,marking  ] GC(103) Concurrent Mark From Roots
[46.561s][info][gc,task     ] GC(103) Using 1 workers of 1 for marking
[47.380s][info][gc,start    ] GC(104) Pause Young (Normal) (G1 Evacuation Pause)
[47.380s][info][gc,task     ] GC(104) Using 2 workers of 2 for evacuation
[47.445s][info][gc,phases   ] GC(104)   Pre Evacuate Collection Set: 0.27ms
[47.445s][info][gc,phases   ] GC(104)   Merge Heap Roots: 0.28ms
[47.445s][info][gc,phases   ] GC(104)   Evacuate Collection Set: 63.02ms
[47.445s][info][gc,phases   ] GC(104)   Post Evacuate Collection Set: 0.59ms
[47.445s][info][gc,phases   ] GC(104)   Other: 0.11ms
[47.445s][info][gc,heap     ] GC(104) Eden regions: 390->0(350)
[47.445s][info][gc,heap     ] GC(104) Survivor regions: 16->50(51)
[47.445s][info][gc,heap     ] GC(104) Old regions: 469->469
[47.445s][info][gc,heap     ] GC(104) Humongous regions: 9->9
[47.445s][info][gc,metaspace] GC(104) Metaspace: 17480K(17728K)->17480K(17728K) NonClass: 14858K(14976K)->14858K(14976K) Class: 2621K(2752K)->2621K(2752K)
[47.445s][info][gc          ] GC(104) Pause Young (Normal) (G1 Evacuation Pause) 883M->527M(978M) 64.498ms
[47.445s][info][gc,cpu      ] GC(104) User=0.12s Sys=0.00s Real=0.06s
[47.808s][info][gc,marking  ] GC(103) Concurrent Mark From Roots 1247.073ms
[47.808s][info][gc,marking  ] GC(103) Concurrent Preclean
[47.808s][info][gc,marking  ] GC(103) Concurrent Preclean 0.028ms
[47.808s][info][gc,start    ] GC(103) Pause Remark
[47.814s][info][gc          ] GC(103) Pause Remark 743M->741M(978M) 5.863ms
[47.814s][info][gc,cpu      ] GC(103) User=0.01s Sys=0.00s Real=0.00s
[47.815s][info][gc,marking  ] GC(103) Concurrent Mark 1253.897ms
[47.815s][info][gc,marking  ] GC(103) Concurrent Rebuild Remembered Sets and Scrub Regions
[47.980s][info][gc,start    ] GC(105) Pause Young (Normal) (G1 Evacuation Pause)
[47.980s][info][gc,task     ] GC(105) Using 2 workers of 2 for evacuation
[48.046s][info][gc,phases   ] GC(105)   Pre Evacuate Collection Set: 0.39ms
[48.046s][info][gc,phases   ] GC(105)   Merge Heap Roots: 0.40ms
[48.046s][info][gc,phases   ] GC(105)   Evacuate Collection Set: 64.52ms
[48.046s][info][gc,phases   ] GC(105)   Post Evacuate Collection Set: 0.55ms
[48.046s][info][gc,phases   ] GC(105)   Other: 0.07ms
[48.046s][info][gc,heap     ] GC(105) Eden regions: 350->0(366)
[48.046s][info][gc,heap     ] GC(105) Survivor regions: 50->6(50)
[48.046s][info][gc,heap     ] GC(105) Old regions: 469->519
[48.046s][info][gc,heap     ] GC(105) Humongous regions: 7->7
[48.046s][info][gc,metaspace] GC(105) Metaspace: 17482K(17728K)->17482K(17728K) NonClass: 14861K(14976K)->14861K(14976K) Class: 2621K(2752K)->2621K(2752K)
[48.046s][info][gc          ] GC(105) Pause Young (Normal) (G1 Evacuation Pause) 875M->531M(978M) 66.150ms
[48.046s][info][gc,cpu      ] GC(105) User=0.13s Sys=0.00s Real=0.06s
[48.264s][info][gc,marking  ] GC(103) Concurrent Rebuild Remembered Sets and Scrub Regions 449.311ms
[48.264s][info][gc,start    ] GC(103) Pause Cleanup
[48.265s][info][gc          ] GC(103) Pause Cleanup 694M->694M(978M) 0.088ms
[48.265s][info][gc,cpu      ] GC(103) User=0.00s Sys=0.00s Real=0.00s
[48.265s][info][gc,marking  ] GC(103) Concurrent Clear Claimed Marks
[48.265s][info][gc,marking  ] GC(103) Concurrent Clear Claimed Marks 0.023ms
[48.265s][info][gc,marking  ] GC(103) Concurrent Cleanup for Next Mark
[48.267s][info][gc,marking  ] GC(103) Concurrent Cleanup for Next Mark 2.788ms
[48.267s][info][gc          ] GC(103) Concurrent Mark Cycle 1762.713ms
[48.413s][info][gc,start    ] GC(106) Pause Young (Prepare Mixed) (G1 Evacuation Pause)
[48.414s][info][gc,task     ] GC(106) Using 2 workers of 2 for evacuation
[48.486s][info][gc,phases   ] GC(106)   Pre Evacuate Collection Set: 0.45ms
[48.486s][info][gc,phases   ] GC(106)   Merge Heap Roots: 0.37ms
[48.486s][info][gc,phases   ] GC(106)   Evacuate Collection Set: 71.37ms
[48.486s][info][gc,phases   ] GC(106)   Post Evacuate Collection Set: 0.57ms
[48.486s][info][gc,phases   ] GC(106)   Other: 0.09ms
[48.486s][info][gc,heap     ] GC(106) Eden regions: 366->0(292)
[48.486s][info][gc,heap     ] GC(106) Survivor regions: 6->47(47)
[48.486s][info][gc,heap     ] GC(106) Old regions: 519->535
[48.486s][info][gc,heap     ] GC(106) Humongous regions: 7->7
[48.486s][info][gc,metaspace] GC(106) Metaspace: 17482K(17728K)->17482K(17728K) NonClass: 14861K(14976K)->14861K(14976K) Class: 2621K(2752K)->2621K(2752K)
[48.486s][info][gc          ] GC(106) Pause Young (Prepare Mixed) (G1 Evacuation Pause) 897M->589M(978M) 73.055ms
[48.487s][info][gc,cpu      ] GC(106) User=0.15s Sys=0.00s Real=0.08s
[48.871s][info][gc,start    ] GC(107) Pause Young (Mixed) (G1 Evacuation Pause)
[48.871s][info][gc,task     ] GC(107) Using 2 workers of 2 for evacuation
[48.936s][info][gc,phases   ] GC(107)   Pre Evacuate Collection Set: 0.31ms
[48.936s][info][gc,phases   ] GC(107)   Merge Heap Roots: 0.31ms
[48.936s][info][gc,phases   ] GC(107)   Evacuate Collection Set: 63.80ms
[48.936s][info][gc,phases   ] GC(107)   Post Evacuate Collection Set: 0.51ms
[48.936s][info][gc,phases   ] GC(107)   Other: 0.09ms
[48.936s][info][gc,heap     ] GC(107) Eden regions: 292->0(302)
[48.936s][info][gc,heap     ] GC(107) Survivor regions: 47->12(43)
[48.937s][info][gc,heap     ] GC(107) Old regions: 535->574
[48.937s][info][gc,heap     ] GC(107) Humongous regions: 7->7
[48.937s][info][gc,metaspace] GC(107) Metaspace: 17503K(17728K)->17503K(17728K) NonClass: 14882K(14976K)->14882K(14976K) Class: 2621K(2752K)->2621K(2752K)
[48.937s][info][gc          ] GC(107) Pause Young (Mixed) (G1 Evacuation Pause) 881M->593M(978M) 65.288ms
[48.937s][info][gc,cpu      ] GC(107) User=0.13s Sys=0.00s Real=0.07s
[49.670s][info][gc,start    ] GC(108) Pause Young (Concurrent Start) (G1 Evacuation Pause)
[49.670s][info][gc,task     ] GC(108) Using 2 workers of 2 for evacuation
[49.703s][info][gc,phases   ] GC(108)   Pre Evacuate Collection Set: 0.32ms
[49.703s][info][gc,phases   ] GC(108)   Merge Heap Roots: 0.25ms
[49.703s][info][gc,phases   ] GC(108)   Evacuate Collection Set: 31.54ms
[49.703s][info][gc,phases   ] GC(108)   Post Evacuate Collection Set: 0.48ms
[49.703s][info][gc,phases   ] GC(108)   Other: 0.22ms
[49.703s][info][gc,heap     ] GC(108) Eden regions: 302->0(293)
[49.703s][info][gc,heap     ] GC(108) Survivor regions: 12->27(40)
[49.703s][info][gc,heap     ] GC(108) Old regions: 574->574
[49.703s][info][gc,heap     ] GC(108) Humongous regions: 7->7
[49.703s][info][gc,metaspace] GC(108) Metaspace: 17509K(17728K)->17509K(17728K) NonClass: 14888K(14976K)->14888K(14976K) Class: 2621K(2752K)->2621K(2752K)
[49.703s][info][gc          ] GC(108) Pause Young (Concurrent Start) (G1 Evacuation Pause) 895M->608M(978M) 33.021ms
[49.703s][info][gc,cpu      ] GC(108) User=0.06s Sys=0.00s Real=0.03s
[49.703s][info][gc          ] GC(109) Concurrent Mark Cycle
[49.703s][info][gc,marking  ] GC(109) Concurrent Scan Root Regions
[49.753s][info][gc,marking  ] GC(109) Concurrent Scan Root Regions 50.412ms
[49.754s][info][gc,marking  ] GC(109) Concurrent Mark
[49.754s][info][gc,marking  ] GC(109) Concurrent Mark From Roots
[49.754s][info][gc,task     ] GC(109) Using 1 workers of 1 for marking
[50.744s][info][gc,start    ] GC(110) Pause Young (Normal) (G1 Evacuation Pause)
[50.744s][info][gc,task     ] GC(110) Using 2 workers of 2 for evacuation
[50.774s][info][gc,phases   ] GC(110)   Pre Evacuate Collection Set: 0.27ms
[50.774s][info][gc,phases   ] GC(110)   Merge Heap Roots: 0.20ms
[50.774s][info][gc,phases   ] GC(110)   Evacuate Collection Set: 28.99ms
[50.774s][info][gc,phases   ] GC(110)   Post Evacuate Collection Set: 0.48ms
[50.774s][info][gc,phases   ] GC(110)   Other: 0.11ms
[50.774s][info][gc,heap     ] GC(110) Eden regions: 293->0(303)
[50.774s][info][gc,heap     ] GC(110) Survivor regions: 27->16(40)
[50.774s][info][gc,heap     ] GC(110) Old regions: 574->586
[50.774s][info][gc,heap     ] GC(110) Humongous regions: 7->7
[50.774s][info][gc,metaspace] GC(110) Metaspace: 17509K(17728K)->17509K(17728K) NonClass: 14888K(14976K)->14888K(14976K) Class: 2621K(2752K)->2621K(2752K)
[50.774s][info][gc          ] GC(110) Pause Young (Normal) (G1 Evacuation Pause) 901M->608M(978M) 30.303ms
[50.774s][info][gc,cpu      ] GC(110) User=0.06s Sys=0.00s Real=0.03s
[51.760s][info][gc,marking  ] GC(109) Concurrent Mark From Roots 2006.157ms
[51.760s][info][gc,marking  ] GC(109) Concurrent Preclean
[51.760s][info][gc,marking  ] GC(109) Concurrent Preclean 0.029ms
[51.760s][info][gc,start    ] GC(109) Pause Remark
[51.766s][info][gc          ] GC(109) Pause Remark 872M->872M(978M) 5.955ms
[51.766s][info][gc,cpu      ] GC(109) User=0.01s Sys=0.00s Real=0.00s
[51.768s][info][gc,marking  ] GC(109) Concurrent Mark 2014.747ms
[51.768s][info][gc,marking  ] GC(109) Concurrent Rebuild Remembered Sets and Scrub Regions
[51.909s][info][gc,start    ] GC(111) Pause Young (Normal) (G1 Evacuation Pause)
[51.909s][info][gc,task     ] GC(111) Using 2 workers of 2 for evacuation
[51.926s][info][gc,phases   ] GC(111)   Pre Evacuate Collection Set: 0.46ms
[51.926s][info][gc,phases   ] GC(111)   Merge Heap Roots: 0.18ms
[51.926s][info][gc,phases   ] GC(111)   Evacuate Collection Set: 16.23ms
[51.926s][info][gc,phases   ] GC(111)   Post Evacuate Collection Set: 0.45ms
[51.926s][info][gc,phases   ] GC(111)   Other: 0.09ms
[51.926s][info][gc,heap     ] GC(111) Eden regions: 303->0(303)
[51.926s][info][gc,heap     ] GC(111) Survivor regions: 16->16(40)
[51.926s][info][gc,heap     ] GC(111) Old regions: 586->586
[51.926s][info][gc,heap     ] GC(111) Humongous regions: 7->7
[51.926s][info][gc,metaspace] GC(111) Metaspace: 17512K(17728K)->17512K(17728K) NonClass: 14891K(14976K)->14891K(14976K) Class: 2621K(2752K)->2621K(2752K)
[51.926s][info][gc          ] GC(111) Pause Young (Normal) (G1 Evacuation Pause) 911M->608M(978M) 17.655ms
[51.926s][info][gc,cpu      ] GC(111) User=0.04s Sys=0.00s Real=0.02s
[52.305s][info][gc,marking  ] GC(109) Concurrent Rebuild Remembered Sets and Scrub Regions 536.259ms
[52.305s][info][gc,start    ] GC(109) Pause Cleanup
[52.305s][info][gc          ] GC(109) Pause Cleanup 734M->734M(978M) 0.097ms
[52.305s][info][gc,cpu      ] GC(109) User=0.00s Sys=0.00s Real=0.00s
[52.305s][info][gc,marking  ] GC(109) Concurrent Clear Claimed Marks
[52.305s][info][gc,marking  ] GC(109) Concurrent Clear Claimed Marks 0.039ms
[52.305s][info][gc,marking  ] GC(109) Concurrent Cleanup for Next Mark
[52.310s][info][gc,marking  ] GC(109) Concurrent Cleanup for Next Mark 4.849ms
[52.310s][info][gc          ] GC(109) Concurrent Mark Cycle 2607.277ms
[52.483s][info][gc,start    ] GC(112) Pause Young (Prepare Mixed) (G1 Evacuation Pause)
[52.483s][info][gc,task     ] GC(112) Using 2 workers of 2 for evacuation
[52.556s][info][gc,phases   ] GC(112)   Pre Evacuate Collection Set: 0.27ms
[52.556s][info][gc,phases   ] GC(112)   Merge Heap Roots: 0.17ms
[52.556s][info][gc,phases   ] GC(112)   Evacuate Collection Set: 69.05ms
[52.556s][info][gc,phases   ] GC(112)   Post Evacuate Collection Set: 2.80ms
[52.556s][info][gc,phases   ] GC(112)   Other: 0.10ms
[52.556s][info][gc,heap     ] GC(112) Eden regions: 303->0(202)
[52.556s][info][gc,heap     ] GC(112) Survivor regions: 16->40(40)
[52.556s][info][gc,heap     ] GC(112) Old regions: 586->639
[52.556s][info][gc,heap     ] GC(112) Humongous regions: 7->7
[52.556s][info][gc,metaspace] GC(112) Metaspace: 17513K(17728K)->17513K(17728K) NonClass: 14891K(14976K)->14891K(14976K) Class: 2621K(2752K)->2621K(2752K)
[52.556s][info][gc          ] GC(112) Pause Young (Prepare Mixed) (G1 Evacuation Pause) (Evacuation Failure: Allocation) 911M->686M(978M) 72.603ms
[52.556s][info][gc,cpu      ] GC(112) User=0.14s Sys=0.00s Real=0.07s
[52.964s][info][gc,start    ] GC(113) Pause Young (Mixed) (G1 Evacuation Pause)
[52.964s][info][gc,task     ] GC(113) Using 2 workers of 2 for evacuation
[53.036s][info][gc,phases   ] GC(113)   Pre Evacuate Collection Set: 0.46ms
[53.036s][info][gc,phases   ] GC(113)   Merge Heap Roots: 0.69ms
[53.036s][info][gc,phases   ] GC(113)   Evacuate Collection Set: 70.01ms
[53.036s][info][gc,phases   ] GC(113)   Post Evacuate Collection Set: 0.56ms
[53.036s][info][gc,phases   ] GC(113)   Other: 0.09ms
[53.036s][info][gc,heap     ] GC(113) Eden regions: 202->0(230)
[53.036s][info][gc,heap     ] GC(113) Survivor regions: 40->15(31)
[53.036s][info][gc,heap     ] GC(113) Old regions: 639->653
[53.036s][info][gc,heap     ] GC(113) Humongous regions: 7->7
[53.036s][info][gc,metaspace] GC(113) Metaspace: 17519K(17728K)->17519K(17728K) NonClass: 14897K(14976K)->14897K(14976K) Class: 2621K(2752K)->2621K(2752K)
[53.036s][info][gc          ] GC(113) Pause Young (Mixed) (G1 Evacuation Pause) 888M->674M(978M) 72.046ms
[53.036s][info][gc,cpu      ] GC(113) User=0.14s Sys=0.00s Real=0.07s
[53.066s][info][gc,start    ] GC(114) Pause Young (Concurrent Start) (G1 Humongous Allocation)
[53.066s][info][gc,task     ] GC(114) Using 2 workers of 2 for evacuation
[53.093s][info][gc,phases   ] GC(114)   Pre Evacuate Collection Set: 0.30ms
[53.093s][info][gc,phases   ] GC(114)   Merge Heap Roots: 0.22ms
[53.093s][info][gc,phases   ] GC(114)   Evacuate Collection Set: 25.94ms
[53.093s][info][gc,phases   ] GC(114)   Post Evacuate Collection Set: 0.37ms
[53.093s][info][gc,phases   ] GC(114)   Other: 0.21ms
[53.094s][info][gc,heap     ] GC(114) Eden regions: 14->0(230)
[53.094s][info][gc,heap     ] GC(114) Survivor regions: 15->19(31)
[53.094s][info][gc,heap     ] GC(114) Old regions: 653->653
[53.094s][info][gc,heap     ] GC(114) Humongous regions: 7->7
[53.094s][info][gc,metaspace] GC(114) Metaspace: 17519K(17728K)->17519K(17728K) NonClass: 14897K(14976K)->14897K(14976K) Class: 2621K(2752K)->2621K(2752K)
[53.094s][info][gc          ] GC(114) Pause Young (Concurrent Start) (G1 Humongous Allocation) 688M->678M(978M) 27.280ms
[53.094s][info][gc,cpu      ] GC(114) User=0.06s Sys=0.00s Real=0.02s
[53.094s][info][gc          ] GC(115) Concurrent Mark Cycle
[53.097s][info][gc,marking  ] GC(115) Concurrent Scan Root Regions
[53.136s][info][gc,marking  ] GC(115) Concurrent Scan Root Regions 38.520ms
[53.136s][info][gc,marking  ] GC(115) Concurrent Mark
[53.136s][info][gc,marking  ] GC(115) Concurrent Mark From Roots
[53.136s][info][gc,task     ] GC(115) Using 1 workers of 1 for marking
[53.658s][info][gc,start    ] GC(116) Pause Young (Normal) (G1 Evacuation Pause)
[53.658s][info][gc,task     ] GC(116) Using 2 workers of 2 for evacuation
[53.742s][info][gc,phases   ] GC(116)   Pre Evacuate Collection Set: 0.57ms
[53.742s][info][gc,phases   ] GC(116)   Merge Heap Roots: 0.32ms
[53.742s][info][gc,phases   ] GC(116)   Evacuate Collection Set: 80.12ms
[53.742s][info][gc,phases   ] GC(116)   Post Evacuate Collection Set: 2.79ms
[53.742s][info][gc,phases   ] GC(116)   Other: 0.10ms
[53.742s][info][gc,heap     ] GC(116) Eden regions: 230->0(139)
[53.742s][info][gc,heap     ] GC(116) Survivor regions: 19->32(32)
[53.742s][info][gc,heap     ] GC(116) Old regions: 653->715
[53.742s][info][gc,heap     ] GC(116) Humongous regions: 10->10
[53.742s][info][gc,metaspace] GC(116) Metaspace: 17521K(17728K)->17521K(17728K) NonClass: 14900K(14976K)->14900K(14976K) Class: 2621K(2752K)->2621K(2752K)
[53.742s][info][gc          ] GC(116) Pause Young (Normal) (G1 Evacuation Pause) (Evacuation Failure: Allocation) 911M->757M(978M) 84.200ms
[53.742s][info][gc,cpu      ] GC(116) User=0.17s Sys=0.00s Real=0.08s
[53.968s][info][gc,marking  ] GC(115) Concurrent Mark From Roots 832.411ms
[53.968s][info][gc,marking  ] GC(115) Concurrent Preclean
[53.968s][info][gc,marking  ] GC(115) Concurrent Preclean 0.027ms
[53.968s][info][gc,start    ] GC(115) Pause Remark
[53.976s][info][gc          ] GC(115) Pause Remark 859M->597M(978M) 8.007ms
[53.977s][info][gc,cpu      ] GC(115) User=0.02s Sys=0.00s Real=0.01s
[53.977s][info][gc,marking  ] GC(115) Concurrent Mark 841.184ms
[53.977s][info][gc,marking  ] GC(115) Concurrent Rebuild Remembered Sets and Scrub Regions
[54.120s][info][gc,start    ] GC(117) Pause Young (Normal) (G1 Evacuation Pause)
[54.120s][info][gc,task     ] GC(117) Using 2 workers of 2 for evacuation
[54.193s][info][gc,phases   ] GC(117)   Pre Evacuate Collection Set: 0.43ms
[54.193s][info][gc,phases   ] GC(117)   Merge Heap Roots: 0.43ms
[54.193s][info][gc,phases   ] GC(117)   Evacuate Collection Set: 71.94ms
[54.193s][info][gc,phases   ] GC(117)   Post Evacuate Collection Set: 0.47ms
[54.193s][info][gc,phases   ] GC(117)   Other: 0.09ms
[54.193s][info][gc,heap     ] GC(117) Eden regions: 139->0(351)
[54.193s][info][gc,heap     ] GC(117) Survivor regions: 32->22(22)
[54.193s][info][gc,heap     ] GC(117) Old regions: 458->481
[54.193s][info][gc,heap     ] GC(117) Humongous regions: 5->5
[54.193s][info][gc,metaspace] GC(117) Metaspace: 17521K(17728K)->17521K(17728K) NonClass: 14900K(14976K)->14900K(14976K) Class: 2621K(2752K)->2621K(2752K)
[54.193s][info][gc          ] GC(117) Pause Young (Normal) (G1 Evacuation Pause) 634M->507M(978M) 73.590ms
[54.193s][info][gc,cpu      ] GC(117) User=0.15s Sys=0.00s Real=0.07s
[54.403s][info][gc,marking  ] GC(115) Concurrent Rebuild Remembered Sets and Scrub Regions 425.665ms
[54.403s][info][gc,start    ] GC(115) Pause Cleanup
[54.403s][info][gc          ] GC(115) Pause Cleanup 594M->594M(978M) 0.142ms
[54.403s][info][gc,cpu      ] GC(115) User=0.00s Sys=0.00s Real=0.00s
[54.405s][info][gc,marking  ] GC(115) Concurrent Clear Claimed Marks
[54.405s][info][gc,marking  ] GC(115) Concurrent Clear Claimed Marks 0.041ms
[54.405s][info][gc,marking  ] GC(115) Concurrent Cleanup for Next Mark
[54.409s][info][gc,marking  ] GC(115) Concurrent Cleanup for Next Mark 4.818ms
[54.409s][info][gc          ] GC(115) Concurrent Mark Cycle 1315.823ms
[54.826s][info][gc,start    ] GC(118) Pause Young (Prepare Mixed) (G1 Evacuation Pause)
[54.826s][info][gc,task     ] GC(118) Using 2 workers of 2 for evacuation
[54.851s][info][gc,phases   ] GC(118)   Pre Evacuate Collection Set: 0.49ms
[54.851s][info][gc,phases   ] GC(118)   Merge Heap Roots: 0.28ms
[54.851s][info][gc,phases   ] GC(118)   Evacuate Collection Set: 23.12ms
[54.851s][info][gc,phases   ] GC(118)   Post Evacuate Collection Set: 0.56ms
[54.851s][info][gc,phases   ] GC(118)   Other: 0.11ms
[54.851s][info][gc,heap     ] GC(118) Eden regions: 351->0(370)
[54.851s][info][gc,heap     ] GC(118) Survivor regions: 22->23(47)
[54.851s][info][gc,heap     ] GC(118) Old regions: 481->481
[54.851s][info][gc,heap     ] GC(118) Humongous regions: 5->5
[54.851s][info][gc,metaspace] GC(118) Metaspace: 17521K(17728K)->17521K(17728K) NonClass: 14900K(14976K)->14900K(14976K) Class: 2621K(2752K)->2621K(2752K)
[54.851s][info][gc          ] GC(118) Pause Young (Prepare Mixed) (G1 Evacuation Pause) 858M->508M(978M) 24.770ms
[54.851s][info][gc,cpu      ] GC(118) User=0.05s Sys=0.00s Real=0.03s
[55.251s][info][gc,start    ] GC(119) Pause Young (Mixed) (G1 Evacuation Pause)
[55.251s][info][gc,task     ] GC(119) Using 2 workers of 2 for evacuation
[55.278s][info][gc,phases   ] GC(119)   Pre Evacuate Collection Set: 0.49ms
[55.278s][info][gc,phases   ] GC(119)   Merge Heap Roots: 0.32ms
[55.278s][info][gc,phases   ] GC(119)   Evacuate Collection Set: 25.08ms
[55.278s][info][gc,phases   ] GC(119)   Post Evacuate Collection Set: 0.67ms
[55.278s][info][gc,phases   ] GC(119)   Other: 0.12ms
[55.278s][info][gc,heap     ] GC(119) Eden regions: 370->0(469)
[55.278s][info][gc,heap     ] GC(119) Survivor regions: 23->23(50)
[55.278s][info][gc,heap     ] GC(119) Old regions: 481->383
[55.278s][info][gc,heap     ] GC(119) Humongous regions: 5->5
[55.278s][info][gc,metaspace] GC(119) Metaspace: 17521K(17728K)->17521K(17728K) NonClass: 14900K(14976K)->14900K(14976K) Class: 2621K(2752K)->2621K(2752K)
[55.278s][info][gc          ] GC(119) Pause Young (Mixed) (G1 Evacuation Pause) 878M->411M(978M) 26.900ms
[55.278s][info][gc,cpu      ] GC(119) User=0.05s Sys=0.00s Real=0.03s
[55.893s][info][gc,start    ] GC(120) Pause Young (Mixed) (G1 Evacuation Pause)
[55.893s][info][gc,task     ] GC(120) Using 2 workers of 2 for evacuation
[55.945s][info][gc,phases   ] GC(120)   Pre Evacuate Collection Set: 0.27ms
[55.945s][info][gc,phases   ] GC(120)   Merge Heap Roots: 0.94ms
[55.945s][info][gc,phases   ] GC(120)   Evacuate Collection Set: 49.60ms
[55.945s][info][gc,phases   ] GC(120)   Post Evacuate Collection Set: 0.76ms
[55.945s][info][gc,phases   ] GC(120)   Other: 0.11ms
[55.945s][info][gc,heap     ] GC(120) Eden regions: 469->0(462)
[55.945s][info][gc,heap     ] GC(120) Survivor regions: 23->28(62)
[55.945s][info][gc,heap     ] GC(120) Old regions: 383->360
[55.945s][info][gc,heap     ] GC(120) Humongous regions: 5->5
[55.945s][info][gc,metaspace] GC(120) Metaspace: 17521K(17728K)->17521K(17728K) NonClass: 14900K(14976K)->14900K(14976K) Class: 2621K(2752K)->2621K(2752K)
[55.945s][info][gc          ] GC(120) Pause Young (Mixed) (G1 Evacuation Pause) 880M->392M(978M) 51.921ms
[55.945s][info][gc,cpu      ] GC(120) User=0.10s Sys=0.00s Real=0.05s
[55.964s][info][gc,start    ] GC(121) Pause Young (Concurrent Start) (G1 Humongous Allocation)
[55.964s][info][gc,task     ] GC(121) Using 2 workers of 2 for evacuation
[56.004s][info][gc,phases   ] GC(121)   Pre Evacuate Collection Set: 0.34ms
[56.004s][info][gc,phases   ] GC(121)   Merge Heap Roots: 0.36ms
[56.004s][info][gc,phases   ] GC(121)   Evacuate Collection Set: 38.69ms
[56.004s][info][gc,phases   ] GC(121)   Post Evacuate Collection Set: 0.34ms
[56.004s][info][gc,phases   ] GC(121)   Other: 0.14ms
[56.004s][info][gc,heap     ] GC(121) Eden regions: 7->0(370)
[56.004s][info][gc,heap     ] GC(121) Survivor regions: 28->32(62)
[56.004s][info][gc,heap     ] GC(121) Old regions: 360->360
[56.004s][info][gc,heap     ] GC(121) Humongous regions: 5->5
[56.004s][info][gc,metaspace] GC(121) Metaspace: 17521K(17728K)->17521K(17728K) NonClass: 14900K(14976K)->14900K(14976K) Class: 2621K(2752K)->2621K(2752K)
[56.004s][info][gc          ] GC(121) Pause Young (Concurrent Start) (G1 Humongous Allocation) 399M->396M(978M) 40.072ms
[56.004s][info][gc          ] GC(122) Concurrent Mark Cycle
[56.004s][info][gc,marking  ] GC(122) Concurrent Scan Root Regions
[56.008s][info][gc,cpu      ] GC(121) User=0.08s Sys=0.01s Real=0.05s
[56.055s][info][gc,marking  ] GC(122) Concurrent Scan Root Regions 50.504ms
[56.055s][info][gc,marking  ] GC(122) Concurrent Mark
[56.055s][info][gc,marking  ] GC(122) Concurrent Mark From Roots
[56.055s][info][gc,task     ] GC(122) Using 1 workers of 1 for marking
[56.500s][info][gc,marking  ] GC(122) Concurrent Mark From Roots 445.630ms
[56.501s][info][gc,marking  ] GC(122) Concurrent Preclean
[56.501s][info][gc,marking  ] GC(122) Concurrent Preclean 0.031ms
[56.501s][info][gc,start    ] GC(122) Pause Remark
[56.507s][info][gc          ] GC(122) Pause Remark 556M->461M(978M) 6.287ms
[56.507s][info][gc,cpu      ] GC(122) User=0.01s Sys=0.00s Real=0.01s
[56.509s][info][gc,marking  ] GC(122) Concurrent Mark 453.761ms
[56.509s][info][gc,marking  ] GC(122) Concurrent Rebuild Remembered Sets and Scrub Regions
[56.670s][info][gc,marking  ] GC(122) Concurrent Rebuild Remembered Sets and Scrub Regions 161.284ms
[56.670s][info][gc,start    ] GC(122) Pause Cleanup
[56.670s][info][gc          ] GC(122) Pause Cleanup 559M->559M(978M) 0.105ms
[56.670s][info][gc,cpu      ] GC(122) User=0.00s Sys=0.00s Real=0.00s
[56.672s][info][gc,marking  ] GC(122) Concurrent Clear Claimed Marks
[56.672s][info][gc,marking  ] GC(122) Concurrent Clear Claimed Marks 0.040ms
[56.672s][info][gc,marking  ] GC(122) Concurrent Cleanup for Next Mark
[56.679s][info][gc,marking  ] GC(122) Concurrent Cleanup for Next Mark 7.520ms
[56.679s][info][gc          ] GC(122) Concurrent Mark Cycle 674.875ms
[56.778s][info][gc,start    ] GC(123) Pause Young (Prepare Mixed) (G1 Evacuation Pause)
[56.778s][info][gc,task     ] GC(123) Using 2 workers of 2 for evacuation
[56.869s][info][gc,phases   ] GC(123)   Pre Evacuate Collection Set: 0.48ms
[56.869s][info][gc,phases   ] GC(123)   Merge Heap Roots: 0.61ms
[56.869s][info][gc,phases   ] GC(123)   Evacuate Collection Set: 89.35ms
[56.869s][info][gc,phases   ] GC(123)   Post Evacuate Collection Set: 0.71ms
[56.869s][info][gc,phases   ] GC(123)   Other: 0.10ms
[56.869s][info][gc,heap     ] GC(123) Eden regions: 370->0(408)
[56.869s][info][gc,heap     ] GC(123) Survivor regions: 32->50(51)
[56.869s][info][gc,heap     ] GC(123) Old regions: 268->290
[56.870s][info][gc,heap     ] GC(123) Humongous regions: 5->5
[56.870s][info][gc,metaspace] GC(123) Metaspace: 17524K(17728K)->17524K(17728K) NonClass: 14903K(14976K)->14903K(14976K) Class: 2621K(2752K)->2621K(2752K)
[56.870s][info][gc          ] GC(123) Pause Young (Prepare Mixed) (G1 Evacuation Pause) 674M->344M(978M) 91.487ms
[56.870s][info][gc,cpu      ] GC(123) User=0.18s Sys=0.00s Real=0.09s
[57.247s][info][gc,start    ] GC(124) Pause Young (Mixed) (G1 Evacuation Pause)
[57.247s][info][gc,task     ] GC(124) Using 2 workers of 2 for evacuation
[57.326s][info][gc,phases   ] GC(124)   Pre Evacuate Collection Set: 0.52ms
[57.326s][info][gc,phases   ] GC(124)   Merge Heap Roots: 0.82ms
[57.326s][info][gc,phases   ] GC(124)   Evacuate Collection Set: 77.37ms
[57.326s][info][gc,phases   ] GC(124)   Post Evacuate Collection Set: 0.63ms
[57.326s][info][gc,phases   ] GC(124)   Other: 0.10ms
[57.326s][info][gc,heap     ] GC(124) Eden regions: 408->0(454)
[57.326s][info][gc,heap     ] GC(124) Survivor regions: 50->9(58)
[57.326s][info][gc,heap     ] GC(124) Old regions: 290->282
[57.326s][info][gc,heap     ] GC(124) Humongous regions: 5->5
[57.326s][info][gc,metaspace] GC(124) Metaspace: 17524K(17728K)->17524K(17728K) NonClass: 14903K(14976K)->14903K(14976K) Class: 2621K(2752K)->2621K(2752K)
[57.326s][info][gc          ] GC(124) Pause Young (Mixed) (G1 Evacuation Pause) 752M->295M(978M) 79.691ms
[57.326s][info][gc,cpu      ] GC(124) User=0.15s Sys=0.00s Real=0.08s
[57.928s][info][gc,start    ] GC(125) Pause Young (Concurrent Start) (G1 Evacuation Pause)
[57.928s][info][gc,task     ] GC(125) Using 2 workers of 2 for evacuation
[57.967s][info][gc,phases   ] GC(125)   Pre Evacuate Collection Set: 0.29ms
[57.967s][info][gc,phases   ] GC(125)   Merge Heap Roots: 0.27ms
[57.967s][info][gc,phases   ] GC(125)   Evacuate Collection Set: 37.32ms
[57.967s][info][gc,phases   ] GC(125)   Post Evacuate Collection Set: 0.66ms
[57.967s][info][gc,phases   ] GC(125)   Other: 0.19ms
[57.967s][info][gc,heap     ] GC(125) Eden regions: 454->0(459)
[57.967s][info][gc,heap     ] GC(125) Survivor regions: 9->32(58)
[57.967s][info][gc,heap     ] GC(125) Old regions: 282->282
[57.967s][info][gc,heap     ] GC(125) Humongous regions: 5->5
[57.967s][info][gc,metaspace] GC(125) Metaspace: 17524K(17728K)->17524K(17728K) NonClass: 14903K(14976K)->14903K(14976K) Class: 2621K(2752K)->2621K(2752K)
[57.967s][info][gc          ] GC(125) Pause Young (Concurrent Start) (G1 Evacuation Pause) 749M->318M(978M) 38.956ms
[57.967s][info][gc,cpu      ] GC(125) User=0.07s Sys=0.00s Real=0.04s
[57.967s][info][gc          ] GC(126) Concurrent Mark Cycle
[57.967s][info][gc,marking  ] GC(126) Concurrent Scan Root Regions
[58.027s][info][gc,marking  ] GC(126) Concurrent Scan Root Regions 60.260ms
[58.027s][info][gc,marking  ] GC(126) Concurrent Mark
[58.027s][info][gc,marking  ] GC(126) Concurrent Mark From Roots
[58.027s][info][gc,task     ] GC(126) Using 1 workers of 1 for marking
[58.631s][info][gc,marking  ] GC(126) Concurrent Mark From Roots 603.196ms
[58.631s][info][gc,marking  ] GC(126) Concurrent Preclean
[58.631s][info][gc,marking  ] GC(126) Concurrent Preclean 0.027ms
[58.631s][info][gc,start    ] GC(126) Pause Remark
[58.637s][info][gc          ] GC(126) Pause Remark 631M->630M(978M) 6.038ms
[58.637s][info][gc,cpu      ] GC(126) User=0.01s Sys=0.00s Real=0.01s
[58.637s][info][gc,marking  ] GC(126) Concurrent Mark 609.547ms
[58.637s][info][gc,marking  ] GC(126) Concurrent Rebuild Remembered Sets and Scrub Regions
[58.855s][info][gc,marking  ] GC(126) Concurrent Rebuild Remembered Sets and Scrub Regions 218.378ms
[58.855s][info][gc,start    ] GC(126) Pause Cleanup
[58.856s][info][gc          ] GC(126) Pause Cleanup 757M->757M(978M) 0.084ms
[58.856s][info][gc,cpu      ] GC(126) User=0.00s Sys=0.00s Real=0.00s
[58.856s][info][gc,marking  ] GC(126) Concurrent Clear Claimed Marks
[58.856s][info][gc,marking  ] GC(126) Concurrent Clear Claimed Marks 0.025ms
[58.856s][info][gc,marking  ] GC(126) Concurrent Cleanup for Next Mark
[58.858s][info][gc,marking  ] GC(126) Concurrent Cleanup for Next Mark 2.789ms
[58.858s][info][gc          ] GC(126) Concurrent Mark Cycle 891.485ms
[58.882s][info][gc,start    ] GC(127) Pause Young (Prepare Mixed) (G1 Evacuation Pause)
[58.883s][info][gc,task     ] GC(127) Using 2 workers of 2 for evacuation
[58.968s][info][gc,phases   ] GC(127)   Pre Evacuate Collection Set: 0.24ms
[58.968s][info][gc,phases   ] GC(127)   Merge Heap Roots: 0.54ms
[58.968s][info][gc,phases   ] GC(127)   Evacuate Collection Set: 83.58ms
[58.968s][info][gc,phases   ] GC(127)   Post Evacuate Collection Set: 0.63ms
[58.968s][info][gc,phases   ] GC(127)   Other: 0.08ms
[58.968s][info][gc,heap     ] GC(127) Eden regions: 459->0(441)
[58.968s][info][gc,heap     ] GC(127) Survivor regions: 32->62(62)
[58.968s][info][gc,heap     ] GC(127) Old regions: 282->294
[58.968s][info][gc,heap     ] GC(127) Humongous regions: 4->4
[58.968s][info][gc,metaspace] GC(127) Metaspace: 17530K(17728K)->17530K(17728K) NonClass: 14909K(14976K)->14909K(14976K) Class: 2621K(2752K)->2621K(2752K)
[58.968s][info][gc          ] GC(127) Pause Young (Prepare Mixed) (G1 Evacuation Pause) 776M->360M(978M) 85.230ms
[58.968s][info][gc,cpu      ] GC(127) User=0.16s Sys=0.00s Real=0.09s
[59.444s][info][gc,start    ] GC(128) Pause Young (Mixed) (G1 Evacuation Pause)
[59.444s][info][gc,task     ] GC(128) Using 2 workers of 2 for evacuation
[59.522s][info][gc,phases   ] GC(128)   Pre Evacuate Collection Set: 0.47ms
[59.522s][info][gc,phases   ] GC(128)   Merge Heap Roots: 0.34ms
[59.522s][info][gc,phases   ] GC(128)   Evacuate Collection Set: 76.45ms
[59.522s][info][gc,phases   ] GC(128)   Post Evacuate Collection Set: 0.67ms
[59.522s][info][gc,phases   ] GC(128)   Other: 0.10ms
[59.522s][info][gc,heap     ] GC(128) Eden regions: 441->0(454)
[59.522s][info][gc,heap     ] GC(128) Survivor regions: 62->14(63)
[59.522s][info][gc,heap     ] GC(128) Old regions: 294->348
[59.522s][info][gc,heap     ] GC(128) Humongous regions: 4->4
[59.522s][info][gc,metaspace] GC(128) Metaspace: 17531K(17728K)->17531K(17728K) NonClass: 14910K(14976K)->14910K(14976K) Class: 2621K(2752K)->2621K(2752K)
[59.522s][info][gc          ] GC(128) Pause Young (Mixed) (G1 Evacuation Pause) 801M->365M(978M) 78.284ms
[59.522s][info][gc,cpu      ] GC(128) User=0.16s Sys=0.00s Real=0.08s
[60.574s][info][gc,start    ] GC(129) Pause Young (Concurrent Start) (G1 Evacuation Pause)
[60.574s][info][gc,task     ] GC(129) Using 2 workers of 2 for evacuation
[60.599s][info][gc,phases   ] GC(129)   Pre Evacuate Collection Set: 0.33ms
[60.599s][info][gc,phases   ] GC(129)   Merge Heap Roots: 0.23ms
[60.599s][info][gc,phases   ] GC(129)   Evacuate Collection Set: 23.66ms
[60.599s][info][gc,phases   ] GC(129)   Post Evacuate Collection Set: 0.63ms
[60.599s][info][gc,phases   ] GC(129)   Other: 0.21ms
[60.599s][info][gc,heap     ] GC(129) Eden regions: 454->0(470)
[60.599s][info][gc,heap     ] GC(129) Survivor regions: 14->20(59)
[60.599s][info][gc,heap     ] GC(129) Old regions: 348->348
[60.599s][info][gc,heap     ] GC(129) Humongous regions: 4->4
[60.599s][info][gc,metaspace] GC(129) Metaspace: 17531K(17728K)->17531K(17728K) NonClass: 14910K(14976K)->14910K(14976K) Class: 2621K(2752K)->2621K(2752K)
[60.599s][info][gc          ] GC(129) Pause Young (Concurrent Start) (G1 Evacuation Pause) 819M->371M(978M) 25.312ms
[60.599s][info][gc,cpu      ] GC(129) User=0.05s Sys=0.00s Real=0.03s
[60.599s][info][gc          ] GC(130) Concurrent Mark Cycle
[60.599s][info][gc,marking  ] GC(130) Concurrent Scan Root Regions
[60.636s][info][gc,marking  ] GC(130) Concurrent Scan Root Regions 36.875ms
[60.636s][info][gc,marking  ] GC(130) Concurrent Mark
[60.636s][info][gc,marking  ] GC(130) Concurrent Mark From Roots
[60.636s][info][gc,task     ] GC(130) Using 1 workers of 1 for marking
[61.652s][info][gc,marking  ] GC(130) Concurrent Mark From Roots 1015.935ms
[61.652s][info][gc,marking  ] GC(130) Concurrent Preclean
[61.652s][info][gc,marking  ] GC(130) Concurrent Preclean 0.029ms
[61.652s][info][gc,start    ] GC(130) Pause Remark
[61.661s][info][gc          ] GC(130) Pause Remark 769M->769M(978M) 8.560ms
[61.661s][info][gc,cpu      ] GC(130) User=0.02s Sys=0.00s Real=0.01s
[61.661s][info][gc,marking  ] GC(130) Concurrent Mark 1024.791ms
[61.661s][info][gc,marking  ] GC(130) Concurrent Rebuild Remembered Sets and Scrub Regions
[61.721s][info][gc,start    ] GC(131) Pause Young (Normal) (G1 Evacuation Pause)
[61.721s][info][gc,task     ] GC(131) Using 2 workers of 2 for evacuation
[61.842s][info][gc,phases   ] GC(131)   Pre Evacuate Collection Set: 0.25ms
[61.842s][info][gc,phases   ] GC(131)   Merge Heap Roots: 0.26ms
[61.842s][info][gc,phases   ] GC(131)   Evacuate Collection Set: 119.37ms
[61.842s][info][gc,phases   ] GC(131)   Post Evacuate Collection Set: 0.99ms
[61.842s][info][gc,phases   ] GC(131)   Other: 0.10ms
[61.842s][info][gc,heap     ] GC(131) Eden regions: 470->0(338)
[61.842s][info][gc,heap     ] GC(131) Survivor regions: 20->62(62)
[61.842s][info][gc,heap     ] GC(131) Old regions: 348->415
[61.842s][info][gc,heap     ] GC(131) Humongous regions: 4->4
[61.842s][info][gc,metaspace] GC(131) Metaspace: 17538K(17792K)->17538K(17792K) NonClass: 14916K(15040K)->14916K(15040K) Class: 2621K(2752K)->2621K(2752K)
[61.842s][info][gc          ] GC(131) Pause Young (Normal) (G1 Evacuation Pause) 841M->480M(978M) 121.139ms
[61.842s][info][gc,cpu      ] GC(131) User=0.24s Sys=0.00s Real=0.12s
[62.123s][info][gc,marking  ] GC(130) Concurrent Rebuild Remembered Sets and Scrub Regions 462.287ms
[62.124s][info][gc,start    ] GC(130) Pause Cleanup
[62.124s][info][gc          ] GC(130) Pause Cleanup 626M->626M(978M) 0.138ms
[62.124s][info][gc,cpu      ] GC(130) User=0.00s Sys=0.00s Real=0.00s
[62.124s][info][gc,marking  ] GC(130) Concurrent Clear Claimed Marks
[62.124s][info][gc,marking  ] GC(130) Concurrent Clear Claimed Marks 0.029ms
[62.124s][info][gc,marking  ] GC(130) Concurrent Cleanup for Next Mark
[62.127s][info][gc,marking  ] GC(130) Concurrent Cleanup for Next Mark 2.847ms
[62.127s][info][gc          ] GC(130) Concurrent Mark Cycle 1527.874ms
[62.550s][info][gc,start    ] GC(132) Pause Young (Prepare Mixed) (G1 Evacuation Pause)
[62.550s][info][gc,task     ] GC(132) Using 2 workers of 2 for evacuation
[62.745s][info][gc,phases   ] GC(132)   Pre Evacuate Collection Set: 0.27ms
[62.745s][info][gc,phases   ] GC(132)   Merge Heap Roots: 0.53ms
[62.745s][info][gc,phases   ] GC(132)   Evacuate Collection Set: 189.74ms
[62.745s][info][gc,phases   ] GC(132)   Post Evacuate Collection Set: 3.76ms
[62.745s][info][gc,phases   ] GC(132)   Other: 0.09ms
[62.745s][info][gc,heap     ] GC(132) Eden regions: 338->0(226)
[62.745s][info][gc,heap     ] GC(132) Survivor regions: 62->50(50)
[62.745s][info][gc,heap     ] GC(132) Old regions: 415->567
[62.745s][info][gc,heap     ] GC(132) Humongous regions: 7->7
[62.745s][info][gc,metaspace] GC(132) Metaspace: 17542K(17792K)->17542K(17792K) NonClass: 14921K(15040K)->14921K(15040K) Class: 2621K(2752K)->2621K(2752K)
[62.745s][info][gc          ] GC(132) Pause Young (Prepare Mixed) (G1 Evacuation Pause) (Evacuation Failure: Allocation) 821M->624M(978M) 194.630ms
[62.745s][info][gc,cpu      ] GC(132) User=0.39s Sys=0.00s Real=0.19s
[63.049s][info][gc,start    ] GC(133) Pause Young (Mixed) (G1 Evacuation Pause)
[63.049s][info][gc,task     ] GC(133) Using 2 workers of 2 for evacuation
[63.145s][info][gc,phases   ] GC(133)   Pre Evacuate Collection Set: 0.31ms
[63.145s][info][gc,phases   ] GC(133)   Merge Heap Roots: 0.70ms
[63.145s][info][gc,phases   ] GC(133)   Evacuate Collection Set: 94.31ms
[63.145s][info][gc,phases   ] GC(133)   Post Evacuate Collection Set: 0.76ms
[63.145s][info][gc,phases   ] GC(133)   Other: 0.09ms
[63.145s][info][gc,heap     ] GC(133) Eden regions: 226->0(268)
[63.145s][info][gc,heap     ] GC(133) Survivor regions: 50->5(35)
[63.145s][info][gc,heap     ] GC(133) Old regions: 567->568
[63.145s][info][gc,heap     ] GC(133) Humongous regions: 7->7
[63.145s][info][gc,metaspace] GC(133) Metaspace: 17543K(17792K)->17543K(17792K) NonClass: 14922K(15040K)->14922K(15040K) Class: 2621K(2752K)->2621K(2752K)
[63.145s][info][gc          ] GC(133) Pause Young (Mixed) (G1 Evacuation Pause) 850M->580M(978M) 96.385ms
[63.145s][info][gc,cpu      ] GC(133) User=0.19s Sys=0.00s Real=0.09s
[63.175s][info][gc,start    ] GC(134) Pause Young (Concurrent Start) (G1 Humongous Allocation)
[63.175s][info][gc,task     ] GC(134) Using 2 workers of 2 for evacuation
[63.208s][info][gc,phases   ] GC(134)   Pre Evacuate Collection Set: 0.25ms
[63.208s][info][gc,phases   ] GC(134)   Merge Heap Roots: 0.50ms
[63.208s][info][gc,phases   ] GC(134)   Evacuate Collection Set: 31.70ms
[63.208s][info][gc,phases   ] GC(134)   Post Evacuate Collection Set: 0.46ms
[63.208s][info][gc,phases   ] GC(134)   Other: 0.10ms
[63.208s][info][gc,heap     ] GC(134) Eden regions: 19->0(279)
[63.208s][info][gc,heap     ] GC(134) Survivor regions: 5->10(35)
[63.208s][info][gc,heap     ] GC(134) Old regions: 568->568
[63.208s][info][gc,heap     ] GC(134) Humongous regions: 7->7
[63.208s][info][gc,metaspace] GC(134) Metaspace: 17543K(17792K)->17543K(17792K) NonClass: 14922K(15040K)->14922K(15040K) Class: 2621K(2752K)->2621K(2752K)
[63.208s][info][gc          ] GC(134) Pause Young (Concurrent Start) (G1 Humongous Allocation) 598M->585M(978M) 33.222ms
[63.208s][info][gc,cpu      ] GC(134) User=0.07s Sys=0.00s Real=0.04s
[63.208s][info][gc          ] GC(135) Concurrent Mark Cycle
[63.208s][info][gc,marking  ] GC(135) Concurrent Scan Root Regions
[63.249s][info][gc,marking  ] GC(135) Concurrent Scan Root Regions 40.727ms
[63.249s][info][gc,marking  ] GC(135) Concurrent Mark
[63.249s][info][gc,marking  ] GC(135) Concurrent Mark From Roots
[63.249s][info][gc,task     ] GC(135) Using 1 workers of 1 for marking
[64.168s][info][gc,marking  ] GC(135) Concurrent Mark From Roots 918.635ms
[64.168s][info][gc,marking  ] GC(135) Concurrent Preclean
[64.168s][info][gc,marking  ] GC(135) Concurrent Preclean 0.025ms
[64.168s][info][gc,start    ] GC(135) Pause Remark
[64.174s][info][gc          ] GC(135) Pause Remark 857M->799M(978M) 6.012ms
[64.174s][info][gc,cpu      ] GC(135) User=0.01s Sys=0.00s Real=0.00s
[64.179s][info][gc,marking  ] GC(135) Concurrent Mark 930.121ms
[64.179s][info][gc,marking  ] GC(135) Concurrent Rebuild Remembered Sets and Scrub Regions
[64.212s][info][gc,start    ] GC(136) Pause Young (Normal) (G1 Evacuation Pause)
[64.212s][info][gc,task     ] GC(136) Using 2 workers of 2 for evacuation
[64.281s][info][gc,phases   ] GC(136)   Pre Evacuate Collection Set: 0.39ms
[64.281s][info][gc,phases   ] GC(136)   Merge Heap Roots: 0.69ms
[64.281s][info][gc,phases   ] GC(136)   Evacuate Collection Set: 67.58ms
[64.281s][info][gc,phases   ] GC(136)   Post Evacuate Collection Set: 0.69ms
[64.281s][info][gc,phases   ] GC(136)   Other: 0.09ms
[64.281s][info][gc,heap     ] GC(136) Eden regions: 279->0(307)
[64.281s][info][gc,heap     ] GC(136) Survivor regions: 10->29(37)
[64.281s][info][gc,heap     ] GC(136) Old regions: 513->513
[64.281s][info][gc,heap     ] GC(136) Humongous regions: 10->10
[64.281s][info][gc,metaspace] GC(136) Metaspace: 17543K(17792K)->17543K(17792K) NonClass: 14922K(15040K)->14922K(15040K) Class: 2621K(2752K)->2621K(2752K)
[64.281s][info][gc          ] GC(136) Pause Young (Normal) (G1 Evacuation Pause) 812M->552M(978M) 69.620ms
[64.281s][info][gc,cpu      ] GC(136) User=0.13s Sys=0.00s Real=0.07s
[64.601s][info][gc,marking  ] GC(135) Concurrent Rebuild Remembered Sets and Scrub Regions 422.037ms
[64.602s][info][gc,start    ] GC(135) Pause Cleanup
[64.602s][info][gc          ] GC(135) Pause Cleanup 679M->679M(978M) 0.118ms
[64.602s][info][gc,cpu      ] GC(135) User=0.00s Sys=0.00s Real=0.00s
[64.602s][info][gc,marking  ] GC(135) Concurrent Clear Claimed Marks
[64.602s][info][gc,marking  ] GC(135) Concurrent Clear Claimed Marks 0.024ms
[64.602s][info][gc,marking  ] GC(135) Concurrent Cleanup for Next Mark
[64.605s][info][gc,marking  ] GC(135) Concurrent Cleanup for Next Mark 2.786ms
[64.605s][info][gc          ] GC(135) Concurrent Mark Cycle 1396.189ms
[64.877s][info][gc,start    ] GC(137) Pause Young (Prepare Mixed) (G1 Evacuation Pause)
[64.877s][info][gc,task     ] GC(137) Using 2 workers of 2 for evacuation
[64.941s][info][gc,phases   ] GC(137)   Pre Evacuate Collection Set: 0.30ms
[64.941s][info][gc,phases   ] GC(137)   Merge Heap Roots: 1.02ms
[64.941s][info][gc,phases   ] GC(137)   Evacuate Collection Set: 62.58ms
[64.941s][info][gc,phases   ] GC(137)   Post Evacuate Collection Set: 0.55ms
[64.941s][info][gc,phases   ] GC(137)   Other: 0.08ms
[64.941s][info][gc,heap     ] GC(137) Eden regions: 307->0(325)
[64.941s][info][gc,heap     ] GC(137) Survivor regions: 29->20(42)
[64.941s][info][gc,heap     ] GC(137) Old regions: 513->523
[64.941s][info][gc,heap     ] GC(137) Humongous regions: 10->10
[64.941s][info][gc,metaspace] GC(137) Metaspace: 17543K(17792K)->17543K(17792K) NonClass: 14922K(15040K)->14922K(15040K) Class: 2621K(2752K)->2621K(2752K)
[64.941s][info][gc          ] GC(137) Pause Young (Prepare Mixed) (G1 Evacuation Pause) 859M->552M(978M) 64.783ms
[64.941s][info][gc,cpu      ] GC(137) User=0.13s Sys=0.00s Real=0.06s
[65.412s][info][gc,start    ] GC(138) Pause Young (Mixed) (G1 Evacuation Pause)
[65.412s][info][gc,task     ] GC(138) Using 2 workers of 2 for evacuation
[65.518s][info][gc,phases   ] GC(138)   Pre Evacuate Collection Set: 0.38ms
[65.518s][info][gc,phases   ] GC(138)   Merge Heap Roots: 1.14ms
[65.518s][info][gc,phases   ] GC(138)   Evacuate Collection Set: 103.60ms
[65.518s][info][gc,phases   ] GC(138)   Post Evacuate Collection Set: 0.72ms
[65.518s][info][gc,phases   ] GC(138)   Other: 0.10ms
[65.518s][info][gc,heap     ] GC(138) Eden regions: 325->0(395)
[65.518s][info][gc,heap     ] GC(138) Survivor regions: 20->28(44)
[65.518s][info][gc,heap     ] GC(138) Old regions: 523->442
[65.518s][info][gc,heap     ] GC(138) Humongous regions: 10->10
[65.518s][info][gc,metaspace] GC(138) Metaspace: 17543K(17792K)->17543K(17792K) NonClass: 14922K(15040K)->14922K(15040K) Class: 2621K(2752K)->2621K(2752K)
[65.518s][info][gc          ] GC(138) Pause Young (Mixed) (G1 Evacuation Pause) 877M->479M(978M) 106.187ms
[65.518s][info][gc,cpu      ] GC(138) User=0.20s Sys=0.00s Real=0.11s
[65.889s][info][gc,start    ] GC(139) Pause Young (Concurrent Start) (G1 Evacuation Pause)
[65.889s][info][gc,task     ] GC(139) Using 2 workers of 2 for evacuation
[65.954s][info][gc,phases   ] GC(139)   Pre Evacuate Collection Set: 0.26ms
[65.954s][info][gc,phases   ] GC(139)   Merge Heap Roots: 0.21ms
[65.954s][info][gc,phases   ] GC(139)   Evacuate Collection Set: 63.54ms
[65.954s][info][gc,phases   ] GC(139)   Post Evacuate Collection Set: 0.59ms
[65.954s][info][gc,phases   ] GC(139)   Other: 0.13ms
[65.954s][info][gc,heap     ] GC(139) Eden regions: 395->0(378)
[65.954s][info][gc,heap     ] GC(139) Survivor regions: 28->33(53)
[65.954s][info][gc,heap     ] GC(139) Old regions: 442->462
[65.954s][info][gc,heap     ] GC(139) Humongous regions: 10->10
[65.954s][info][gc,metaspace] GC(139) Metaspace: 17543K(17792K)->17543K(17792K) NonClass: 14922K(15040K)->14922K(15040K) Class: 2621K(2752K)->2621K(2752K)
[65.954s][info][gc          ] GC(139) Pause Young (Concurrent Start) (G1 Evacuation Pause) 874M->504M(978M) 64.942ms
[65.954s][info][gc,cpu      ] GC(139) User=0.13s Sys=0.00s Real=0.06s
[65.954s][info][gc          ] GC(140) Concurrent Mark Cycle
[65.954s][info][gc,marking  ] GC(140) Concurrent Scan Root Regions
[66.058s][info][gc,marking  ] GC(140) Concurrent Scan Root Regions 104.476ms
[66.058s][info][gc,marking  ] GC(140) Concurrent Mark
[66.058s][info][gc,marking  ] GC(140) Concurrent Mark From Roots
[66.058s][info][gc,task     ] GC(140) Using 1 workers of 1 for marking
[67.071s][info][gc,start    ] GC(141) Pause Young (Normal) (G1 Evacuation Pause)
[67.071s][info][gc,task     ] GC(141) Using 2 workers of 2 for evacuation
[67.112s][info][gc,phases   ] GC(141)   Pre Evacuate Collection Set: 0.48ms
[67.112s][info][gc,phases   ] GC(141)   Merge Heap Roots: 0.21ms
[67.112s][info][gc,phases   ] GC(141)   Evacuate Collection Set: 39.70ms
[67.112s][info][gc,phases   ] GC(141)   Post Evacuate Collection Set: 0.59ms
[67.112s][info][gc,phases   ] GC(141)   Other: 0.10ms
[67.112s][info][gc,heap     ] GC(141) Eden regions: 378->0(382)
[67.113s][info][gc,heap     ] GC(141) Survivor regions: 33->33(52)
[67.113s][info][gc,heap     ] GC(141) Old regions: 462->470
[67.113s][info][gc,heap     ] GC(141) Humongous regions: 10->10
[67.113s][info][gc,metaspace] GC(141) Metaspace: 17544K(17792K)->17544K(17792K) NonClass: 14923K(15040K)->14923K(15040K) Class: 2621K(2752K)->2621K(2752K)
[67.113s][info][gc          ] GC(141) Pause Young (Normal) (G1 Evacuation Pause) 882M->512M(978M) 41.293ms
[67.113s][info][gc,cpu      ] GC(141) User=0.09s Sys=0.00s Real=0.04s
[67.240s][info][gc,marking  ] GC(140) Concurrent Mark From Roots 1181.903ms
[67.240s][info][gc,marking  ] GC(140) Concurrent Preclean
[67.240s][info][gc,marking  ] GC(140) Concurrent Preclean 0.033ms
[67.240s][info][gc,start    ] GC(140) Pause Remark
[67.247s][info][gc          ] GC(140) Pause Remark 552M->549M(978M) 6.089ms
[67.247s][info][gc,cpu      ] GC(140) User=0.01s Sys=0.00s Real=0.01s
[67.247s][info][gc,marking  ] GC(140) Concurrent Mark 1188.316ms
[67.247s][info][gc,marking  ] GC(140) Concurrent Rebuild Remembered Sets and Scrub Regions
[67.670s][info][gc,marking  ] GC(140) Concurrent Rebuild Remembered Sets and Scrub Regions 422.867ms
[67.670s][info][gc,start    ] GC(140) Pause Cleanup
[67.670s][info][gc          ] GC(140) Pause Cleanup 706M->706M(978M) 0.114ms
[67.670s][info][gc,cpu      ] GC(140) User=0.00s Sys=0.00s Real=0.00s
[67.670s][info][gc,marking  ] GC(140) Concurrent Clear Claimed Marks
[67.670s][info][gc,marking  ] GC(140) Concurrent Clear Claimed Marks 0.031ms
[67.670s][info][gc,marking  ] GC(140) Concurrent Cleanup for Next Mark
[67.673s][info][gc,marking  ] GC(140) Concurrent Cleanup for Next Mark 2.820ms
[67.673s][info][gc          ] GC(140) Concurrent Mark Cycle 1719.113ms
[67.962s][info][gc,start    ] GC(142) Pause Young (Prepare Mixed) (G1 Evacuation Pause)
[67.963s][info][gc,task     ] GC(142) Using 2 workers of 2 for evacuation
[68.007s][info][gc,phases   ] GC(142)   Pre Evacuate Collection Set: 0.46ms
[68.007s][info][gc,phases   ] GC(142)   Merge Heap Roots: 0.27ms
[68.007s][info][gc,phases   ] GC(142)   Evacuate Collection Set: 43.53ms
[68.007s][info][gc,phases   ] GC(142)   Post Evacuate Collection Set: 0.53ms
[68.007s][info][gc,phases   ] GC(142)   Other: 0.07ms
[68.007s][info][gc,heap     ] GC(142) Eden regions: 382->0(379)
[68.007s][info][gc,heap     ] GC(142) Survivor regions: 33->21(52)
[68.007s][info][gc,heap     ] GC(142) Old regions: 470->495
[68.007s][info][gc,heap     ] GC(142) Humongous regions: 7->7
[68.007s][info][gc,metaspace] GC(142) Metaspace: 17544K(17792K)->17544K(17792K) NonClass: 14923K(15040K)->14923K(15040K) Class: 2621K(2752K)->2621K(2752K)
[68.007s][info][gc          ] GC(142) Pause Young (Prepare Mixed) (G1 Evacuation Pause) 891M->522M(978M) 45.058ms
[68.008s][info][gc,cpu      ] GC(142) User=0.09s Sys=0.00s Real=0.05s
[68.646s][info][gc,start    ] GC(143) Pause Young (Mixed) (G1 Evacuation Pause)
[68.646s][info][gc,task     ] GC(143) Using 2 workers of 2 for evacuation
[68.763s][info][gc,phases   ] GC(143)   Pre Evacuate Collection Set: 0.28ms
[68.763s][info][gc,phases   ] GC(143)   Merge Heap Roots: 0.34ms
[68.763s][info][gc,phases   ] GC(143)   Evacuate Collection Set: 108.84ms
[68.763s][info][gc,phases   ] GC(143)   Post Evacuate Collection Set: 7.04ms
[68.763s][info][gc,phases   ] GC(143)   Other: 0.10ms
[68.763s][info][gc,heap     ] GC(143) Eden regions: 379->0(225)
[68.763s][info][gc,heap     ] GC(143) Survivor regions: 21->50(50)
[68.763s][info][gc,heap     ] GC(143) Old regions: 495->593
[68.763s][info][gc,heap     ] GC(143) Humongous regions: 10->10
[68.763s][info][gc,metaspace] GC(143) Metaspace: 17577K(17856K)->17577K(17856K) NonClass: 14950K(15104K)->14950K(15104K) Class: 2626K(2752K)->2626K(2752K)
[68.763s][info][gc          ] GC(143) Pause Young (Mixed) (G1 Evacuation Pause) (Evacuation Failure: Allocation) 904M->653M(978M) 116.822ms
[68.763s][info][gc,cpu      ] GC(143) User=0.23s Sys=0.00s Real=0.11s
[69.111s][info][gc,start    ] GC(144) Pause Young (Concurrent Start) (G1 Evacuation Pause)
[69.111s][info][gc,task     ] GC(144) Using 2 workers of 2 for evacuation
[69.176s][info][gc,phases   ] GC(144)   Pre Evacuate Collection Set: 0.38ms
[69.176s][info][gc,phases   ] GC(144)   Merge Heap Roots: 0.52ms
[69.176s][info][gc,phases   ] GC(144)   Evacuate Collection Set: 63.65ms
[69.176s][info][gc,phases   ] GC(144)   Post Evacuate Collection Set: 0.58ms
[69.176s][info][gc,phases   ] GC(144)   Other: 0.21ms
[69.176s][info][gc,heap     ] GC(144) Eden regions: 225->0(295)
[69.176s][info][gc,heap     ] GC(144) Survivor regions: 50->2(35)
[69.176s][info][gc,heap     ] GC(144) Old regions: 593->572
[69.176s][info][gc,heap     ] GC(144) Humongous regions: 10->10
[69.176s][info][gc,metaspace] GC(144) Metaspace: 17577K(17856K)->17577K(17856K) NonClass: 14950K(15104K)->14950K(15104K) Class: 2626K(2752K)->2626K(2752K)
[69.177s][info][gc          ] GC(144) Pause Young (Concurrent Start) (G1 Evacuation Pause) 878M->583M(978M) 65.567ms
[69.177s][info][gc,cpu      ] GC(144) User=0.13s Sys=0.00s Real=0.07s
[69.177s][info][gc          ] GC(145) Concurrent Mark Cycle
[69.177s][info][gc,marking  ] GC(145) Concurrent Scan Root Regions
[69.263s][info][gc,marking  ] GC(145) Concurrent Scan Root Regions 86.649ms
[69.263s][info][gc,marking  ] GC(145) Concurrent Mark
[69.263s][info][gc,marking  ] GC(145) Concurrent Mark From Roots
[69.263s][info][gc,task     ] GC(145) Using 1 workers of 1 for marking
[70.260s][info][gc,start    ] GC(146) Pause Young (Normal) (G1 Evacuation Pause)
[70.260s][info][gc,task     ] GC(146) Using 2 workers of 2 for evacuation
[70.264s][info][gc,phases   ] GC(146)   Pre Evacuate Collection Set: 0.46ms
[70.264s][info][gc,phases   ] GC(146)   Merge Heap Roots: 0.15ms
[70.264s][info][gc,phases   ] GC(146)   Evacuate Collection Set: 2.93ms
[70.264s][info][gc,phases   ] GC(146)   Post Evacuate Collection Set: 0.44ms
[70.264s][info][gc,phases   ] GC(146)   Other: 0.12ms
[70.264s][info][gc,heap     ] GC(146) Eden regions: 295->0(307)
[70.264s][info][gc,heap     ] GC(146) Survivor regions: 2->1(38)
[70.264s][info][gc,heap     ] GC(146) Old regions: 572->572
[70.264s][info][gc,heap     ] GC(146) Humongous regions: 10->10
[70.264s][info][gc,metaspace] GC(146) Metaspace: 17577K(17856K)->17577K(17856K) NonClass: 14950K(15104K)->14950K(15104K) Class: 2626K(2752K)->2626K(2752K)
[70.264s][info][gc          ] GC(146) Pause Young (Normal) (G1 Evacuation Pause) 878M->583M(978M) 4.296ms
[70.264s][info][gc,cpu      ] GC(146) User=0.01s Sys=0.00s Real=0.00s
[70.665s][info][gc,marking  ] GC(145) Concurrent Mark From Roots 1401.628ms
[70.665s][info][gc,marking  ] GC(145) Concurrent Preclean
[70.665s][info][gc,marking  ] GC(145) Concurrent Preclean 0.027ms
[70.665s][info][gc,start    ] GC(145) Pause Remark
[70.671s][info][gc          ] GC(145) Pause Remark 695M->694M(978M) 6.170ms
[70.671s][info][gc,cpu      ] GC(145) User=0.01s Sys=0.00s Real=0.01s
[70.671s][info][gc,marking  ] GC(145) Concurrent Mark 1408.124ms
[70.671s][info][gc,marking  ] GC(145) Concurrent Rebuild Remembered Sets and Scrub Regions
[71.128s][info][gc,marking  ] GC(145) Concurrent Rebuild Remembered Sets and Scrub Regions 456.537ms
[71.128s][info][gc,start    ] GC(145) Pause Cleanup
[71.128s][info][gc          ] GC(145) Pause Cleanup 882M->882M(978M) 0.082ms
[71.128s][info][gc,cpu      ] GC(145) User=0.00s Sys=0.00s Real=0.00s
[71.128s][info][gc,marking  ] GC(145) Concurrent Clear Claimed Marks
[71.128s][info][gc,marking  ] GC(145) Concurrent Clear Claimed Marks 0.025ms
[71.128s][info][gc,marking  ] GC(145) Concurrent Cleanup for Next Mark
[71.131s][info][gc,marking  ] GC(145) Concurrent Cleanup for Next Mark 2.787ms
[71.131s][info][gc          ] GC(145) Concurrent Mark Cycle 1954.529ms
[71.143s][info][gc,start    ] GC(147) Pause Young (Prepare Mixed) (G1 Evacuation Pause)
[71.143s][info][gc,task     ] GC(147) Using 2 workers of 2 for evacuation
[71.147s][info][gc,phases   ] GC(147)   Pre Evacuate Collection Set: 0.23ms
[71.147s][info][gc,phases   ] GC(147)   Merge Heap Roots: 0.12ms
[71.147s][info][gc,phases   ] GC(147)   Evacuate Collection Set: 2.89ms
[71.147s][info][gc,phases   ] GC(147)   Post Evacuate Collection Set: 0.42ms
[71.147s][info][gc,phases   ] GC(147)   Other: 0.08ms
[71.147s][info][gc,heap     ] GC(147) Eden regions: 307->0(319)
[71.147s][info][gc,heap     ] GC(147) Survivor regions: 1->2(39)
[71.147s][info][gc,heap     ] GC(147) Old regions: 572->572
[71.147s][info][gc,heap     ] GC(147) Humongous regions: 9->9
[71.147s][info][gc,metaspace] GC(147) Metaspace: 17577K(17856K)->17577K(17856K) NonClass: 14950K(15104K)->14950K(15104K) Class: 2626K(2752K)->2626K(2752K)
[71.147s][info][gc          ] GC(147) Pause Young (Prepare Mixed) (G1 Evacuation Pause) 889M->582M(978M) 3.892ms
[71.147s][info][gc,cpu      ] GC(147) User=0.00s Sys=0.01s Real=0.01s
[71.502s][info][gc,start    ] GC(148) Pause Young (Mixed) (G1 Evacuation Pause)
[71.502s][info][gc,task     ] GC(148) Using 2 workers of 2 for evacuation
[71.547s][info][gc,phases   ] GC(148)   Pre Evacuate Collection Set: 0.31ms
[71.547s][info][gc,phases   ] GC(148)   Merge Heap Roots: 0.37ms
[71.547s][info][gc,phases   ] GC(148)   Evacuate Collection Set: 43.70ms
[71.547s][info][gc,phases   ] GC(148)   Post Evacuate Collection Set: 0.51ms
[71.547s][info][gc,phases   ] GC(148)   Other: 0.07ms
[71.547s][info][gc,heap     ] GC(148) Eden regions: 319->0(296)
[71.547s][info][gc,heap     ] GC(148) Survivor regions: 2->28(41)
[71.547s][info][gc,heap     ] GC(148) Old regions: 572->567
[71.547s][info][gc,heap     ] GC(148) Humongous regions: 9->9
[71.547s][info][gc,metaspace] GC(148) Metaspace: 17577K(17856K)->17577K(17856K) NonClass: 14950K(15104K)->14950K(15104K) Class: 2626K(2752K)->2626K(2752K)
[71.547s][info][gc          ] GC(148) Pause Young (Mixed) (G1 Evacuation Pause) 901M->602M(978M) 45.209ms
[71.547s][info][gc,cpu      ] GC(148) User=0.08s Sys=0.00s Real=0.05s
[71.883s][info][gc,start    ] GC(149) Pause Young (Concurrent Start) (G1 Evacuation Pause)
[71.883s][info][gc,task     ] GC(149) Using 2 workers of 2 for evacuation
[71.918s][info][gc,phases   ] GC(149)   Pre Evacuate Collection Set: 0.31ms
[71.918s][info][gc,phases   ] GC(149)   Merge Heap Roots: 0.18ms
[71.918s][info][gc,phases   ] GC(149)   Evacuate Collection Set: 34.12ms
[71.918s][info][gc,phases   ] GC(149)   Post Evacuate Collection Set: 0.47ms
[71.918s][info][gc,phases   ] GC(149)   Other: 0.09ms
[71.918s][info][gc,heap     ] GC(149) Eden regions: 296->0(305)
[71.918s][info][gc,heap     ] GC(149) Survivor regions: 28->7(41)
[71.918s][info][gc,heap     ] GC(149) Old regions: 567->593
[71.918s][info][gc,heap     ] GC(149) Humongous regions: 9->9
[71.918s][info][gc,metaspace] GC(149) Metaspace: 17600K(17856K)->17600K(17856K) NonClass: 14973K(15104K)->14973K(15104K) Class: 2627K(2752K)->2627K(2752K)
[71.918s][info][gc          ] GC(149) Pause Young (Concurrent Start) (G1 Evacuation Pause) 898M->609M(978M) 35.393ms
[71.918s][info][gc,cpu      ] GC(149) User=0.07s Sys=0.00s Real=0.04s
[71.918s][info][gc          ] GC(150) Concurrent Mark Cycle
[71.922s][info][gc,marking  ] GC(150) Concurrent Scan Root Regions
[71.984s][info][gc,marking  ] GC(150) Concurrent Scan Root Regions 61.309ms
[71.984s][info][gc,marking  ] GC(150) Concurrent Mark
[71.984s][info][gc,marking  ] GC(150) Concurrent Mark From Roots
[71.984s][info][gc,task     ] GC(150) Using 1 workers of 1 for marking
[72.799s][info][gc,marking  ] GC(150) Concurrent Mark From Roots 815.040ms
[72.799s][info][gc,marking  ] GC(150) Concurrent Preclean
[72.799s][info][gc,marking  ] GC(150) Concurrent Preclean 0.031ms
[72.799s][info][gc,start    ] GC(150) Pause Remark
[72.805s][info][gc          ] GC(150) Pause Remark 891M->705M(978M) 6.213ms
[72.805s][info][gc,cpu      ] GC(150) User=0.01s Sys=0.00s Real=0.00s
[72.805s][info][gc,marking  ] GC(150) Concurrent Mark 821.588ms
[72.805s][info][gc,marking  ] GC(150) Concurrent Rebuild Remembered Sets and Scrub Regions
[72.845s][info][gc,start    ] GC(151) Pause Young (Normal) (G1 Evacuation Pause)
[72.845s][info][gc,task     ] GC(151) Using 2 workers of 2 for evacuation
[72.884s][info][gc,phases   ] GC(151)   Pre Evacuate Collection Set: 0.21ms
[72.884s][info][gc,phases   ] GC(151)   Merge Heap Roots: 0.37ms
[72.884s][info][gc,phases   ] GC(151)   Evacuate Collection Set: 38.06ms
[72.884s][info][gc,phases   ] GC(151)   Post Evacuate Collection Set: 0.47ms
[72.884s][info][gc,phases   ] GC(151)   Other: 0.09ms
[72.884s][info][gc,heap     ] GC(151) Eden regions: 305->0(416)
[72.884s][info][gc,heap     ] GC(151) Survivor regions: 7->30(39)
[72.884s][info][gc,heap     ] GC(151) Old regions: 411->411
[72.884s][info][gc,heap     ] GC(151) Humongous regions: 5->5
[72.884s][info][gc,metaspace] GC(151) Metaspace: 17601K(17856K)->17601K(17856K) NonClass: 14974K(15104K)->14974K(15104K) Class: 2627K(2752K)->2627K(2752K)
[72.884s][info][gc          ] GC(151) Pause Young (Normal) (G1 Evacuation Pause) 728M->446M(978M) 39.370ms
[72.884s][info][gc,cpu      ] GC(151) User=0.07s Sys=0.00s Real=0.04s
[73.053s][info][gc,marking  ] GC(150) Concurrent Rebuild Remembered Sets and Scrub Regions 247.555ms
[73.053s][info][gc,start    ] GC(150) Pause Cleanup
[73.053s][info][gc          ] GC(150) Pause Cleanup 516M->516M(978M) 0.122ms
[73.053s][info][gc,cpu      ] GC(150) User=0.00s Sys=0.00s Real=0.00s
[73.053s][info][gc,marking  ] GC(150) Concurrent Clear Claimed Marks
[73.053s][info][gc,marking  ] GC(150) Concurrent Clear Claimed Marks 0.026ms
[73.053s][info][gc,marking  ] GC(150) Concurrent Cleanup for Next Mark
[73.056s][info][gc,marking  ] GC(150) Concurrent Cleanup for Next Mark 2.868ms
[73.056s][info][gc          ] GC(150) Concurrent Mark Cycle 1138.297ms
[73.453s][info][gc,start    ] GC(152) Pause Young (Prepare Mixed) (G1 Evacuation Pause)
[73.453s][info][gc,task     ] GC(152) Using 2 workers of 2 for evacuation
[73.559s][info][gc,phases   ] GC(152)   Pre Evacuate Collection Set: 0.29ms
[73.559s][info][gc,phases   ] GC(152)   Merge Heap Roots: 0.42ms
[73.559s][info][gc,phases   ] GC(152)   Evacuate Collection Set: 104.49ms
[73.559s][info][gc,phases   ] GC(152)   Post Evacuate Collection Set: 0.75ms
[73.559s][info][gc,phases   ] GC(152)   Other: 0.08ms
[73.559s][info][gc,heap     ] GC(152) Eden regions: 416->0(339)
[73.559s][info][gc,heap     ] GC(152) Survivor regions: 30->56(56)
[73.559s][info][gc,heap     ] GC(152) Old regions: 411->455
[73.559s][info][gc,heap     ] GC(152) Humongous regions: 5->5
[73.559s][info][gc,metaspace] GC(152) Metaspace: 17602K(17856K)->17602K(17856K) NonClass: 14975K(15104K)->14975K(15104K) Class: 2627K(2752K)->2627K(2752K)
[73.559s][info][gc          ] GC(152) Pause Young (Prepare Mixed) (G1 Evacuation Pause) 862M->515M(978M) 106.212ms
[73.559s][info][gc,cpu      ] GC(152) User=0.21s Sys=0.00s Real=0.11s
[73.940s][info][gc,start    ] GC(153) Pause Young (Mixed) (G1 Evacuation Pause)
[73.940s][info][gc,task     ] GC(153) Using 2 workers of 2 for evacuation
[74.076s][info][gc,phases   ] GC(153)   Pre Evacuate Collection Set: 0.47ms
[74.076s][info][gc,phases   ] GC(153)   Merge Heap Roots: 0.86ms
[74.076s][info][gc,phases   ] GC(153)   Evacuate Collection Set: 132.86ms
[74.076s][info][gc,phases   ] GC(153)   Post Evacuate Collection Set: 2.26ms
[74.076s][info][gc,phases   ] GC(153)   Other: 0.08ms
[74.076s][info][gc,heap     ] GC(153) Eden regions: 339->0(302)
[74.076s][info][gc,heap     ] GC(153) Survivor regions: 56->50(50)
[74.076s][info][gc,heap     ] GC(153) Old regions: 455->490
[74.076s][info][gc,heap     ] GC(153) Humongous regions: 5->5
[74.076s][info][gc,metaspace] GC(153) Metaspace: 17629K(17856K)->17629K(17856K) NonClass: 14998K(15104K)->14998K(15104K) Class: 2631K(2752K)->2631K(2752K)
[74.076s][info][gc          ] GC(153) Pause Young (Mixed) (G1 Evacuation Pause) (Evacuation Failure: Allocation) 854M->545M(978M) 136.774ms
[74.076s][info][gc,cpu      ] GC(153) User=0.27s Sys=0.01s Real=0.14s
[74.421s][info][gc,start    ] GC(154) Pause Young (Concurrent Start) (G1 Evacuation Pause)
[74.421s][info][gc,task     ] GC(154) Using 2 workers of 2 for evacuation
[74.482s][info][gc,phases   ] GC(154)   Pre Evacuate Collection Set: 0.31ms
[74.482s][info][gc,phases   ] GC(154)   Merge Heap Roots: 0.49ms
[74.482s][info][gc,phases   ] GC(154)   Evacuate Collection Set: 59.67ms
[74.482s][info][gc,phases   ] GC(154)   Post Evacuate Collection Set: 0.58ms
[74.482s][info][gc,phases   ] GC(154)   Other: 0.09ms
[74.482s][info][gc,heap     ] GC(154) Eden regions: 302->0(356)
[74.482s][info][gc,heap     ] GC(154) Survivor regions: 50->5(44)
[74.482s][info][gc,heap     ] GC(154) Old regions: 490->487
[74.482s][info][gc,heap     ] GC(154) Humongous regions: 5->5
[74.482s][info][gc,metaspace] GC(154) Metaspace: 17630K(17856K)->17630K(17856K) NonClass: 14999K(15104K)->14999K(15104K) Class: 2631K(2752K)->2631K(2752K)
[74.482s][info][gc          ] GC(154) Pause Young (Concurrent Start) (G1 Evacuation Pause) 847M->496M(978M) 61.342ms
[74.482s][info][gc,cpu      ] GC(154) User=0.12s Sys=0.00s Real=0.06s
[74.482s][info][gc          ] GC(155) Concurrent Mark Cycle
[74.482s][info][gc,marking  ] GC(155) Concurrent Scan Root Regions
[74.551s][info][gc,marking  ] GC(155) Concurrent Scan Root Regions 69.115ms
[74.551s][info][gc,marking  ] GC(155) Concurrent Mark
[74.551s][info][gc,marking  ] GC(155) Concurrent Mark From Roots
[74.551s][info][gc,task     ] GC(155) Using 1 workers of 1 for marking
[75.121s][info][gc,start    ] GC(156) Pause Young (Normal) (G1 Evacuation Pause)
[75.121s][info][gc,task     ] GC(156) Using 2 workers of 2 for evacuation
[75.146s][info][gc,phases   ] GC(156)   Pre Evacuate Collection Set: 0.26ms
[75.146s][info][gc,phases   ] GC(156)   Merge Heap Roots: 0.23ms
[75.146s][info][gc,phases   ] GC(156)   Evacuate Collection Set: 24.60ms
[75.146s][info][gc,phases   ] GC(156)   Post Evacuate Collection Set: 0.51ms
[75.146s][info][gc,phases   ] GC(156)   Other: 0.09ms
[75.146s][info][gc,heap     ] GC(156) Eden regions: 356->0(353)
[75.146s][info][gc,heap     ] GC(156) Survivor regions: 5->21(46)
[75.146s][info][gc,heap     ] GC(156) Old regions: 487->487
[75.146s][info][gc,heap     ] GC(156) Humongous regions: 5->5
[75.146s][info][gc,metaspace] GC(156) Metaspace: 17630K(17856K)->17630K(17856K) NonClass: 14999K(15104K)->14999K(15104K) Class: 2631K(2752K)->2631K(2752K)
[75.147s][info][gc          ] GC(156) Pause Young (Normal) (G1 Evacuation Pause) 852M->512M(978M) 25.913ms
[75.147s][info][gc,cpu      ] GC(156) User=0.05s Sys=0.00s Real=0.03s
[75.969s][info][gc,start    ] GC(157) Pause Young (Normal) (G1 Evacuation Pause)
[75.969s][info][gc,task     ] GC(157) Using 2 workers of 2 for evacuation
[76.004s][info][gc,phases   ] GC(157)   Pre Evacuate Collection Set: 0.47ms
[76.004s][info][gc,phases   ] GC(157)   Merge Heap Roots: 0.27ms
[76.004s][info][gc,phases   ] GC(157)   Evacuate Collection Set: 33.13ms
[76.004s][info][gc,phases   ] GC(157)   Post Evacuate Collection Set: 0.56ms
[76.004s][info][gc,phases   ] GC(157)   Other: 0.11ms
[76.004s][info][gc,heap     ] GC(157) Eden regions: 353->0(365)
[76.004s][info][gc,heap     ] GC(157) Survivor regions: 21->27(47)
[76.004s][info][gc,heap     ] GC(157) Old regions: 487->487
[76.004s][info][gc,heap     ] GC(157) Humongous regions: 5->5
[76.004s][info][gc,metaspace] GC(157) Metaspace: 17633K(17856K)->17633K(17856K) NonClass: 15002K(15104K)->15002K(15104K) Class: 2631K(2752K)->2631K(2752K)
[76.004s][info][gc          ] GC(157) Pause Young (Normal) (G1 Evacuation Pause) 865M->518M(978M) 34.730ms
[76.004s][info][gc,cpu      ] GC(157) User=0.07s Sys=0.00s Real=0.03s
[76.127s][info][gc,marking  ] GC(155) Concurrent Mark From Roots 1575.724ms
[76.127s][info][gc,marking  ] GC(155) Concurrent Preclean
[76.127s][info][gc,marking  ] GC(155) Concurrent Preclean 0.028ms
[76.127s][info][gc,start    ] GC(155) Pause Remark
[76.133s][info][gc          ] GC(155) Pause Remark 592M->592M(978M) 5.998ms
[76.133s][info][gc,cpu      ] GC(155) User=0.01s Sys=0.00s Real=0.00s
[76.134s][info][gc,marking  ] GC(155) Concurrent Mark 1582.810ms
[76.134s][info][gc,marking  ] GC(155) Concurrent Rebuild Remembered Sets and Scrub Regions
[76.773s][info][gc,marking  ] GC(155) Concurrent Rebuild Remembered Sets and Scrub Regions 639.304ms
[76.774s][info][gc,start    ] GC(155) Pause Cleanup
[76.774s][info][gc          ] GC(155) Pause Cleanup 782M->782M(978M) 0.082ms
[76.774s][info][gc,cpu      ] GC(155) User=0.00s Sys=0.00s Real=0.00s
[76.774s][info][gc,marking  ] GC(155) Concurrent Clear Claimed Marks
[76.774s][info][gc,marking  ] GC(155) Concurrent Clear Claimed Marks 0.025ms
[76.774s][info][gc,marking  ] GC(155) Concurrent Cleanup for Next Mark
[76.777s][info][gc,marking  ] GC(155) Concurrent Cleanup for Next Mark 2.808ms
[76.777s][info][gc          ] GC(155) Concurrent Mark Cycle 2294.539ms
[76.930s][info][gc,start    ] GC(158) Pause Young (Prepare Mixed) (G1 Evacuation Pause)
[76.930s][info][gc,task     ] GC(158) Using 2 workers of 2 for evacuation
[77.027s][info][gc,phases   ] GC(158)   Pre Evacuate Collection Set: 0.26ms
[77.027s][info][gc,phases   ] GC(158)   Merge Heap Roots: 0.80ms
[77.027s][info][gc,phases   ] GC(158)   Evacuate Collection Set: 94.61ms
[77.027s][info][gc,phases   ] GC(158)   Post Evacuate Collection Set: 0.76ms
[77.027s][info][gc,phases   ] GC(158)   Other: 0.09ms
[77.027s][info][gc,heap     ] GC(158) Eden regions: 365->0(314)
[77.027s][info][gc,heap     ] GC(158) Survivor regions: 27->49(49)
[77.027s][info][gc,heap     ] GC(158) Old regions: 487->508
[77.027s][info][gc,heap     ] GC(158) Humongous regions: 8->8
[77.027s][info][gc,metaspace] GC(158) Metaspace: 17661K(17920K)->17661K(17920K) NonClass: 15025K(15168K)->15025K(15168K) Class: 2636K(2752K)->2636K(2752K)
[77.027s][info][gc          ] GC(158) Pause Young (Prepare Mixed) (G1 Evacuation Pause) 886M->565M(978M) 96.751ms
[77.027s][info][gc,cpu      ] GC(158) User=0.20s Sys=0.00s Real=0.10s
[77.550s][info][gc,start    ] GC(159) Pause Young (Mixed) (G1 Evacuation Pause)
[77.550s][info][gc,task     ] GC(159) Using 2 workers of 2 for evacuation
[77.647s][info][gc,phases   ] GC(159)   Pre Evacuate Collection Set: 0.28ms
[77.647s][info][gc,phases   ] GC(159)   Merge Heap Roots: 0.71ms
[77.647s][info][gc,phases   ] GC(159)   Evacuate Collection Set: 95.50ms
[77.647s][info][gc,phases   ] GC(159)   Post Evacuate Collection Set: 0.86ms
[77.647s][info][gc,phases   ] GC(159)   Other: 0.09ms
[77.647s][info][gc,heap     ] GC(159) Eden regions: 314->0(312)
[77.647s][info][gc,heap     ] GC(159) Survivor regions: 49->17(46)
[77.647s][info][gc,heap     ] GC(159) Old regions: 508->551
[77.647s][info][gc,heap     ] GC(159) Humongous regions: 8->8
[77.647s][info][gc,metaspace] GC(159) Metaspace: 17673K(17920K)->17673K(17920K) NonClass: 15037K(15168K)->15037K(15168K) Class: 2636K(2752K)->2636K(2752K)
[77.647s][info][gc          ] GC(159) Pause Young (Mixed) (G1 Evacuation Pause) 879M->575M(978M) 97.698ms
[77.647s][info][gc,cpu      ] GC(159) User=0.20s Sys=0.00s Real=0.10s
[78.005s][info][gc,start    ] GC(160) Pause Young (Mixed) (G1 Evacuation Pause)
[78.006s][info][gc,task     ] GC(160) Using 2 workers of 2 for evacuation
[78.128s][info][gc,phases   ] GC(160)   Pre Evacuate Collection Set: 0.27ms
[78.128s][info][gc,phases   ] GC(160)   Merge Heap Roots: 0.70ms
[78.128s][info][gc,phases   ] GC(160)   Evacuate Collection Set: 120.99ms
[78.128s][info][gc,phases   ] GC(160)   Post Evacuate Collection Set: 0.57ms
[78.128s][info][gc,phases   ] GC(160)   Other: 0.07ms
[78.128s][info][gc,heap     ] GC(160) Eden regions: 312->0(320)
[78.128s][info][gc,heap     ] GC(160) Survivor regions: 17->22(42)
[78.128s][info][gc,heap     ] GC(160) Old regions: 551->551
[78.128s][info][gc,heap     ] GC(160) Humongous regions: 8->8
[78.128s][info][gc,metaspace] GC(160) Metaspace: 17686K(17920K)->17686K(17920K) NonClass: 15044K(15168K)->15044K(15168K) Class: 2641K(2752K)->2641K(2752K)
[78.128s][info][gc          ] GC(160) Pause Young (Mixed) (G1 Evacuation Pause) 887M->580M(978M) 122.820ms
[78.128s][info][gc,cpu      ] GC(160) User=0.25s Sys=0.00s Real=0.13s
[78.797s][info][gc,start    ] GC(161) Pause Young (Concurrent Start) (G1 Evacuation Pause)
[78.797s][info][gc,task     ] GC(161) Using 2 workers of 2 for evacuation
[78.827s][info][gc,phases   ] GC(161)   Pre Evacuate Collection Set: 0.32ms
[78.827s][info][gc,phases   ] GC(161)   Merge Heap Roots: 0.30ms
[78.827s][info][gc,phases   ] GC(161)   Evacuate Collection Set: 29.41ms
[78.827s][info][gc,phases   ] GC(161)   Post Evacuate Collection Set: 0.51ms
[78.827s][info][gc,phases   ] GC(161)   Other: 0.09ms
[78.827s][info][gc,heap     ] GC(161) Eden regions: 320->0(319)
[78.827s][info][gc,heap     ] GC(161) Survivor regions: 22->25(43)
[78.827s][info][gc,heap     ] GC(161) Old regions: 551->551
[78.827s][info][gc,heap     ] GC(161) Humongous regions: 8->8
[78.827s][info][gc,metaspace] GC(161) Metaspace: 17717K(17920K)->17717K(17920K) NonClass: 15075K(15168K)->15075K(15168K) Class: 2641K(2752K)->2641K(2752K)
[78.827s][info][gc          ] GC(161) Pause Young (Concurrent Start) (G1 Evacuation Pause) 900M->583M(978M) 30.838ms
[78.827s][info][gc,cpu      ] GC(161) User=0.06s Sys=0.00s Real=0.03s
[78.828s][info][gc          ] GC(162) Concurrent Mark Cycle
[78.828s][info][gc,marking  ] GC(162) Concurrent Scan Root Regions
[78.874s][info][gc,marking  ] GC(162) Concurrent Scan Root Regions 46.741ms
[78.874s][info][gc,marking  ] GC(162) Concurrent Mark
[78.874s][info][gc,marking  ] GC(162) Concurrent Mark From Roots
[78.874s][info][gc,task     ] GC(162) Using 1 workers of 1 for marking
[80.480s][info][gc,marking  ] GC(162) Concurrent Mark From Roots 1605.295ms
[80.480s][info][gc,marking  ] GC(162) Concurrent Preclean
[80.480s][info][gc,marking  ] GC(162) Concurrent Preclean 0.032ms
[80.480s][info][gc,start    ] GC(162) Pause Remark
[80.487s][info][gc          ] GC(162) Pause Remark 856M->855M(978M) 6.770ms
[80.487s][info][gc,cpu      ] GC(162) User=0.01s Sys=0.00s Real=0.01s
[80.487s][info][gc,marking  ] GC(162) Concurrent Mark 1612.386ms
[80.487s][info][gc,marking  ] GC(162) Concurrent Rebuild Remembered Sets and Scrub Regions
[80.648s][info][gc,start    ] GC(163) Pause Young (Normal) (G1 Evacuation Pause)
[80.648s][info][gc,task     ] GC(163) Using 2 workers of 2 for evacuation
[80.700s][info][gc,phases   ] GC(163)   Pre Evacuate Collection Set: 0.22ms
[80.700s][info][gc,phases   ] GC(163)   Merge Heap Roots: 0.32ms
[80.700s][info][gc,phases   ] GC(163)   Evacuate Collection Set: 50.74ms
[80.700s][info][gc,phases   ] GC(163)   Post Evacuate Collection Set: 0.57ms
[80.700s][info][gc,phases   ] GC(163)   Other: 0.09ms
[80.700s][info][gc,heap     ] GC(163) Eden regions: 319->0(296)
[80.700s][info][gc,heap     ] GC(163) Survivor regions: 25->29(43)
[80.700s][info][gc,heap     ] GC(163) Old regions: 551->567
[80.700s][info][gc,heap     ] GC(163) Humongous regions: 7->7
[80.700s][info][gc,metaspace] GC(163) Metaspace: 17717K(17920K)->17717K(17920K) NonClass: 15075K(15168K)->15075K(15168K) Class: 2641K(2752K)->2641K(2752K)
[80.700s][info][gc          ] GC(163) Pause Young (Normal) (G1 Evacuation Pause) 901M->603M(978M) 52.088ms
[80.700s][info][gc,cpu      ] GC(163) User=0.10s Sys=0.00s Real=0.05s
[81.024s][info][gc,marking  ] GC(162) Concurrent Rebuild Remembered Sets and Scrub Regions 537.334ms
[81.025s][info][gc,start    ] GC(162) Pause Cleanup
[81.025s][info][gc          ] GC(162) Pause Cleanup 698M->698M(978M) 0.102ms
[81.025s][info][gc,cpu      ] GC(162) User=0.00s Sys=0.00s Real=0.00s
[81.026s][info][gc,marking  ] GC(162) Concurrent Clear Claimed Marks
[81.026s][info][gc,marking  ] GC(162) Concurrent Clear Claimed Marks 0.046ms
[81.026s][info][gc,marking  ] GC(162) Concurrent Cleanup for Next Mark
[81.034s][info][gc,marking  ] GC(162) Concurrent Cleanup for Next Mark 8.462ms
[81.034s][info][gc          ] GC(162) Concurrent Mark Cycle 2206.599ms
[81.494s][info][gc,start    ] GC(164) Pause Young (Prepare Mixed) (G1 Evacuation Pause)
[81.494s][info][gc,task     ] GC(164) Using 2 workers of 2 for evacuation
[81.528s][info][gc,phases   ] GC(164)   Pre Evacuate Collection Set: 0.27ms
[81.528s][info][gc,phases   ] GC(164)   Merge Heap Roots: 0.31ms
[81.528s][info][gc,phases   ] GC(164)   Evacuate Collection Set: 32.76ms
[81.528s][info][gc,phases   ] GC(164)   Post Evacuate Collection Set: 0.52ms
[81.528s][info][gc,phases   ] GC(164)   Other: 0.11ms
[81.528s][info][gc,heap     ] GC(164) Eden regions: 296->0(319)
[81.528s][info][gc,heap     ] GC(164) Survivor regions: 29->1(41)
[81.528s][info][gc,heap     ] GC(164) Old regions: 567->596
[81.528s][info][gc,heap     ] GC(164) Humongous regions: 7->7
[81.528s][info][gc,metaspace] GC(164) Metaspace: 17721K(17920K)->17721K(17920K) NonClass: 15079K(15168K)->15079K(15168K) Class: 2641K(2752K)->2641K(2752K)
[81.528s][info][gc          ] GC(164) Pause Young (Prepare Mixed) (G1 Evacuation Pause) 899M->604M(978M) 34.165ms
[81.528s][info][gc,cpu      ] GC(164) User=0.06s Sys=0.00s Real=0.04s
[83.092s][info][gc,start    ] GC(165) Pause Young (Mixed) (G1 Evacuation Pause)
[83.092s][info][gc,task     ] GC(165) Using 2 workers of 2 for evacuation
[83.109s][info][gc,phases   ] GC(165)   Pre Evacuate Collection Set: 0.53ms
[83.109s][info][gc,phases   ] GC(165)   Merge Heap Roots: 0.39ms
[83.109s][info][gc,phases   ] GC(165)   Evacuate Collection Set: 14.98ms
[83.109s][info][gc,phases   ] GC(165)   Post Evacuate Collection Set: 0.52ms
[83.109s][info][gc,phases   ] GC(165)   Other: 0.07ms
[83.109s][info][gc,heap     ] GC(165) Eden regions: 319->0(324)
[83.109s][info][gc,heap     ] GC(165) Survivor regions: 1->3(40)
[83.109s][info][gc,heap     ] GC(165) Old regions: 596->591
[83.109s][info][gc,heap     ] GC(165) Humongous regions: 7->7
[83.109s][info][gc,metaspace] GC(165) Metaspace: 17936K(18112K)->17936K(18112K) NonClass: 15277K(15360K)->15277K(15360K) Class: 2659K(2752K)->2659K(2752K)
[83.109s][info][gc          ] GC(165) Pause Young (Mixed) (G1 Evacuation Pause) 922M->600M(978M) 16.674ms
[83.109s][info][gc,cpu      ] GC(165) User=0.03s Sys=0.00s Real=0.02s
[83.779s][info][gc,start    ] GC(166) Pause Young (Concurrent Start) (G1 Evacuation Pause)
[83.779s][info][gc,task     ] GC(166) Using 2 workers of 2 for evacuation
[83.822s][info][gc,phases   ] GC(166)   Pre Evacuate Collection Set: 0.28ms
[83.822s][info][gc,phases   ] GC(166)   Merge Heap Roots: 0.14ms
[83.822s][info][gc,phases   ] GC(166)   Evacuate Collection Set: 41.47ms
[83.822s][info][gc,phases   ] GC(166)   Post Evacuate Collection Set: 0.60ms
[83.822s][info][gc,phases   ] GC(166)   Other: 0.11ms
[83.822s][info][gc,heap     ] GC(166) Eden regions: 324->0(244)
[83.822s][info][gc,heap     ] GC(166) Survivor regions: 3->41(41)
[83.822s][info][gc,heap     ] GC(166) Old regions: 591->595
[83.822s][info][gc,heap     ] GC(166) Humongous regions: 7->7
[83.822s][info][gc,metaspace] GC(166) Metaspace: 18076K(18304K)->18076K(18304K) NonClass: 15417K(15552K)->15417K(15552K) Class: 2659K(2752K)->2659K(2752K)
[83.822s][info][gc          ] GC(166) Pause Young (Concurrent Start) (G1 Evacuation Pause) 924M->643M(978M) 42.821ms
[83.822s][info][gc          ] GC(167) Concurrent Mark Cycle
[83.822s][info][gc,marking  ] GC(167) Concurrent Scan Root Regions
[83.824s][info][gc,cpu      ] GC(166) User=0.09s Sys=0.01s Real=0.04s
[83.865s][info][gc,marking  ] GC(167) Concurrent Scan Root Regions 42.695ms
[83.865s][info][gc,marking  ] GC(167) Concurrent Mark
[83.865s][info][gc,marking  ] GC(167) Concurrent Mark From Roots
[83.865s][info][gc,task     ] GC(167) Using 1 workers of 1 for marking
[84.318s][info][gc,start    ] GC(168) Pause Young (Normal) (G1 Evacuation Pause)
[84.318s][info][gc,task     ] GC(168) Using 2 workers of 2 for evacuation
[84.433s][info][gc,phases   ] GC(168)   Pre Evacuate Collection Set: 0.49ms
[84.433s][info][gc,phases   ] GC(168)   Merge Heap Roots: 0.19ms
[84.433s][info][gc,phases   ] GC(168)   Evacuate Collection Set: 105.12ms
[84.433s][info][gc,phases   ] GC(168)   Post Evacuate Collection Set: 9.38ms
[84.433s][info][gc,phases   ] GC(168)   Other: 0.09ms
[84.433s][info][gc,heap     ] GC(168) Eden regions: 244->0(85)
[84.433s][info][gc,heap     ] GC(168) Survivor regions: 41->36(36)
[84.433s][info][gc,heap     ] GC(168) Old regions: 595->764
[84.433s][info][gc,heap     ] GC(168) Humongous regions: 7->7
[84.433s][info][gc,metaspace] GC(168) Metaspace: 18130K(18368K)->18130K(18368K) NonClass: 15471K(15616K)->15471K(15616K) Class: 2659K(2752K)->2659K(2752K)
[84.433s][info][gc          ] GC(168) Pause Young (Normal) (G1 Evacuation Pause) (Evacuation Failure: Allocation) 887M->807M(978M) 115.504ms
[84.433s][info][gc,cpu      ] GC(168) User=0.22s Sys=0.00s Real=0.11s
[84.663s][info][gc,start    ] GC(169) Pause Young (Normal) (G1 Evacuation Pause)
[84.663s][info][gc,task     ] GC(169) Using 2 workers of 2 for evacuation
[84.761s][info][gc,phases   ] GC(169)   Pre Evacuate Collection Set: 0.57ms
[84.761s][info][gc,phases   ] GC(169)   Merge Heap Roots: 0.67ms
[84.761s][info][gc,phases   ] GC(169)   Evacuate Collection Set: 92.34ms
[84.761s][info][gc,phases   ] GC(169)   Post Evacuate Collection Set: 4.63ms
[84.761s][info][gc,phases   ] GC(169)   Other: 0.09ms
[84.761s][info][gc,heap     ] GC(169) Eden regions: 85->0(114)
[84.761s][info][gc,heap     ] GC(169) Survivor regions: 36->16(16)
[84.761s][info][gc,heap     ] GC(169) Old regions: 764->768
[84.761s][info][gc,heap     ] GC(169) Humongous regions: 7->7
[84.761s][info][gc,metaspace] GC(169) Metaspace: 18133K(18368K)->18133K(18368K) NonClass: 15474K(15616K)->15474K(15616K) Class: 2659K(2752K)->2659K(2752K)
[84.761s][info][gc          ] GC(169) Pause Young (Normal) (G1 Evacuation Pause) (Evacuation Failure: Allocation) 892M->791M(978M) 98.525ms
[84.761s][info][gc,cpu      ] GC(169) User=0.19s Sys=0.00s Real=0.10s
[85.195s][info][gc,start    ] GC(170) Pause Young (Normal) (G1 Evacuation Pause)
[85.196s][info][gc,task     ] GC(170) Using 2 workers of 2 for evacuation
[85.295s][info][gc,phases   ] GC(170)   Pre Evacuate Collection Set: 0.50ms
[85.295s][info][gc,phases   ] GC(170)   Merge Heap Roots: 0.84ms
[85.295s][info][gc,phases   ] GC(170)   Evacuate Collection Set: 96.86ms
[85.295s][info][gc,phases   ] GC(170)   Post Evacuate Collection Set: 0.62ms
[85.295s][info][gc,phases   ] GC(170)   Other: 0.09ms
[85.295s][info][gc,heap     ] GC(170) Eden regions: 114->0(107)
[85.295s][info][gc,heap     ] GC(170) Survivor regions: 16->17(17)
[85.295s][info][gc,heap     ] GC(170) Old regions: 768->765
[85.295s][info][gc,heap     ] GC(170) Humongous regions: 11->11
[85.295s][info][gc,metaspace] GC(170) Metaspace: 18161K(18368K)->18161K(18368K) NonClass: 15502K(15616K)->15502K(15616K) Class: 2659K(2752K)->2659K(2752K)
[85.295s][info][gc          ] GC(170) Pause Young (Normal) (G1 Evacuation Pause) 909M->793M(978M) 99.205ms
[85.295s][info][gc,cpu      ] GC(170) User=0.20s Sys=0.00s Real=0.10s
[85.457s][info][gc,start    ] GC(171) Pause Young (Normal) (G1 Evacuation Pause)
[85.457s][info][gc,task     ] GC(171) Using 2 workers of 2 for evacuation
[85.508s][info][gc,phases   ] GC(171)   Pre Evacuate Collection Set: 0.28ms
[85.508s][info][gc,phases   ] GC(171)   Merge Heap Roots: 0.87ms
[85.508s][info][gc,phases   ] GC(171)   Evacuate Collection Set: 50.07ms
[85.508s][info][gc,phases   ] GC(171)   Post Evacuate Collection Set: 0.34ms
[85.508s][info][gc,phases   ] GC(171)   Other: 0.08ms
[85.508s][info][gc,heap     ] GC(171) Eden regions: 107->0(104)
[85.508s][info][gc,heap     ] GC(171) Survivor regions: 17->13(16)
[85.508s][info][gc,heap     ] GC(171) Old regions: 765->783
[85.508s][info][gc,heap     ] GC(171) Humongous regions: 11->11
[85.508s][info][gc,metaspace] GC(171) Metaspace: 18161K(18368K)->18161K(18368K) NonClass: 15502K(15616K)->15502K(15616K) Class: 2659K(2752K)->2659K(2752K)
[85.508s][info][gc          ] GC(171) Pause Young (Normal) (G1 Evacuation Pause) 900M->806M(978M) 51.841ms
[85.508s][info][gc,cpu      ] GC(171) User=0.11s Sys=0.00s Real=0.05s
[85.608s][info][gc,start    ] GC(172) Pause Young (Normal) (G1 Evacuation Pause)
[85.609s][info][gc,task     ] GC(172) Using 2 workers of 2 for evacuation
[85.625s][info][gc,phases   ] GC(172)   Pre Evacuate Collection Set: 0.26ms
[85.625s][info][gc,phases   ] GC(172)   Merge Heap Roots: 0.11ms
[85.625s][info][gc,phases   ] GC(172)   Evacuate Collection Set: 15.76ms
[85.625s][info][gc,phases   ] GC(172)   Post Evacuate Collection Set: 0.30ms
[85.625s][info][gc,phases   ] GC(172)   Other: 0.06ms
[85.625s][info][gc,heap     ] GC(172) Eden regions: 104->0(111)
[85.625s][info][gc,heap     ] GC(172) Survivor regions: 13->3(15)
[85.625s][info][gc,heap     ] GC(172) Old regions: 783->795
[85.625s][info][gc,heap     ] GC(172) Humongous regions: 11->11
[85.625s][info][gc,metaspace] GC(172) Metaspace: 18161K(18368K)->18161K(18368K) NonClass: 15502K(15616K)->15502K(15616K) Class: 2659K(2752K)->2659K(2752K)
[85.625s][info][gc          ] GC(172) Pause Young (Normal) (G1 Evacuation Pause) 910M->809M(978M) 16.722ms
[85.625s][info][gc,cpu      ] GC(172) User=0.03s Sys=0.00s Real=0.01s
[85.808s][info][gc,start    ] GC(173) Pause Young (Normal) (G1 Evacuation Pause)
[85.808s][info][gc,task     ] GC(173) Using 2 workers of 2 for evacuation
[85.819s][info][gc,phases   ] GC(173)   Pre Evacuate Collection Set: 0.49ms
[85.819s][info][gc,phases   ] GC(173)   Merge Heap Roots: 0.12ms
[85.819s][info][gc,phases   ] GC(173)   Evacuate Collection Set: 9.96ms
[85.819s][info][gc,phases   ] GC(173)   Post Evacuate Collection Set: 0.34ms
[85.819s][info][gc,phases   ] GC(173)   Other: 0.07ms
[85.820s][info][gc,heap     ] GC(173) Eden regions: 111->0(106)
[85.820s][info][gc,heap     ] GC(173) Survivor regions: 3->8(15)
[85.820s][info][gc,heap     ] GC(173) Old regions: 795->795
[85.820s][info][gc,heap     ] GC(173) Humongous regions: 11->11
[85.820s][info][gc,metaspace] GC(173) Metaspace: 18161K(18368K)->18161K(18368K) NonClass: 15502K(15616K)->15502K(15616K) Class: 2659K(2752K)->2659K(2752K)
[85.820s][info][gc          ] GC(173) Pause Young (Normal) (G1 Evacuation Pause) 920M->814M(978M) 11.187ms
[85.820s][info][gc,cpu      ] GC(173) User=0.02s Sys=0.00s Real=0.01s
[86.015s][info][gc,start    ] GC(174) Pause Young (Normal) (G1 Evacuation Pause)
[86.015s][info][gc,task     ] GC(174) Using 2 workers of 2 for evacuation
[86.049s][info][gc,phases   ] GC(174)   Pre Evacuate Collection Set: 0.44ms
[86.050s][info][gc,phases   ] GC(174)   Merge Heap Roots: 0.15ms
[86.050s][info][gc,phases   ] GC(174)   Evacuate Collection Set: 32.90ms
[86.050s][info][gc,phases   ] GC(174)   Post Evacuate Collection Set: 0.40ms
[86.050s][info][gc,phases   ] GC(174)   Other: 0.10ms
[86.050s][info][gc,heap     ] GC(174) Eden regions: 106->0(95)
[86.050s][info][gc,heap     ] GC(174) Survivor regions: 8->12(15)
[86.050s][info][gc,heap     ] GC(174) Old regions: 795->798
[86.050s][info][gc,heap     ] GC(174) Humongous regions: 11->11
[86.050s][info][gc,metaspace] GC(174) Metaspace: 18161K(18368K)->18161K(18368K) NonClass: 15502K(15616K)->15502K(15616K) Class: 2659K(2752K)->2659K(2752K)
[86.050s][info][gc          ] GC(174) Pause Young (Normal) (G1 Evacuation Pause) 920M->820M(978M) 34.227ms
[86.050s][info][gc,cpu      ] GC(174) User=0.07s Sys=0.00s Real=0.04s
[86.142s][info][gc,marking  ] GC(167) Concurrent Mark From Roots 2277.606ms
[86.142s][info][gc,marking  ] GC(167) Concurrent Preclean
[86.142s][info][gc,marking  ] GC(167) Concurrent Preclean 0.030ms
[86.143s][info][gc,start    ] GC(167) Pause Remark
[86.152s][info][gc          ] GC(167) Pause Remark 866M->817M(978M) 9.822ms
[86.152s][info][gc,cpu      ] GC(167) User=0.02s Sys=0.00s Real=0.01s
[86.154s][info][gc,marking  ] GC(167) Concurrent Mark 2289.614ms
[86.154s][info][gc,marking  ] GC(167) Concurrent Rebuild Remembered Sets and Scrub Regions
[86.256s][info][gc,start    ] GC(175) Pause Young (Normal) (G1 Evacuation Pause)
[86.256s][info][gc,task     ] GC(175) Using 2 workers of 2 for evacuation
[86.270s][info][gc,phases   ] GC(175)   Pre Evacuate Collection Set: 0.26ms
[86.270s][info][gc,phases   ] GC(175)   Merge Heap Roots: 0.13ms
[86.270s][info][gc,phases   ] GC(175)   Evacuate Collection Set: 13.21ms
[86.270s][info][gc,phases   ] GC(175)   Post Evacuate Collection Set: 0.30ms
[86.270s][info][gc,phases   ] GC(175)   Other: 0.10ms
[86.270s][info][gc,heap     ] GC(175) Eden regions: 95->0(148)
[86.270s][info][gc,heap     ] GC(175) Survivor regions: 12->7(14)
[86.270s][info][gc,heap     ] GC(175) Old regions: 751->757
[86.270s][info][gc,heap     ] GC(175) Humongous regions: 9->9
[86.270s][info][gc,metaspace] GC(175) Metaspace: 18161K(18368K)->18161K(18368K) NonClass: 15502K(15616K)->15502K(15616K) Class: 2659K(2752K)->2659K(2752K)
[86.270s][info][gc          ] GC(175) Pause Young (Normal) (G1 Evacuation Pause) 866M->772M(978M) 14.232ms
[86.270s][info][gc,cpu      ] GC(175) User=0.02s Sys=0.00s Real=0.02s
[86.442s][info][gc,start    ] GC(176) Pause Young (Normal) (G1 Evacuation Pause)
[86.442s][info][gc,task     ] GC(176) Using 2 workers of 2 for evacuation
[86.478s][info][gc,phases   ] GC(176)   Pre Evacuate Collection Set: 0.46ms
[86.478s][info][gc,phases   ] GC(176)   Merge Heap Roots: 0.18ms
[86.478s][info][gc,phases   ] GC(176)   Evacuate Collection Set: 35.49ms
[86.478s][info][gc,phases   ] GC(176)   Post Evacuate Collection Set: 0.40ms
[86.478s][info][gc,phases   ] GC(176)   Other: 0.10ms
[86.478s][info][gc,heap     ] GC(176) Eden regions: 148->0(109)
[86.479s][info][gc,heap     ] GC(176) Survivor regions: 7->20(20)
[86.479s][info][gc,heap     ] GC(176) Old regions: 757->770
[86.479s][info][gc,heap     ] GC(176) Humongous regions: 9->9
[86.479s][info][gc,metaspace] GC(176) Metaspace: 18161K(18368K)->18161K(18368K) NonClass: 15502K(15616K)->15502K(15616K) Class: 2659K(2752K)->2659K(2752K)
[86.479s][info][gc          ] GC(176) Pause Young (Normal) (G1 Evacuation Pause) 920M->799M(978M) 36.827ms
[86.479s][info][gc,cpu      ] GC(176) User=0.07s Sys=0.00s Real=0.04s
[86.552s][info][gc,start    ] GC(177) Pause Young (Normal) (G1 Evacuation Pause)
[86.552s][info][gc,task     ] GC(177) Using 2 workers of 2 for evacuation
[86.589s][info][gc,phases   ] GC(177)   Pre Evacuate Collection Set: 0.23ms
[86.589s][info][gc,phases   ] GC(177)   Merge Heap Roots: 0.18ms
[86.589s][info][gc,phases   ] GC(177)   Evacuate Collection Set: 36.11ms
[86.589s][info][gc,phases   ] GC(177)   Post Evacuate Collection Set: 0.33ms
[86.589s][info][gc,phases   ] GC(177)   Other: 0.08ms
[86.589s][info][gc,heap     ] GC(177) Eden regions: 109->0(94)
[86.589s][info][gc,heap     ] GC(177) Survivor regions: 20->17(17)
[86.589s][info][gc,heap     ] GC(177) Old regions: 770->791
[86.589s][info][gc,heap     ] GC(177) Humongous regions: 9->9
[86.589s][info][gc,metaspace] GC(177) Metaspace: 18161K(18368K)->18161K(18368K) NonClass: 15502K(15616K)->15502K(15616K) Class: 2659K(2752K)->2659K(2752K)
[86.589s][info][gc          ] GC(177) Pause Young (Normal) (G1 Evacuation Pause) 908M->817M(978M) 37.125ms
[86.589s][info][gc,cpu      ] GC(177) User=0.07s Sys=0.00s Real=0.04s
[86.717s][info][gc,start    ] GC(178) Pause Young (Normal) (G1 Evacuation Pause)
[86.717s][info][gc,task     ] GC(178) Using 2 workers of 2 for evacuation
[86.745s][info][gc,phases   ] GC(178)   Pre Evacuate Collection Set: 0.25ms
[86.745s][info][gc,phases   ] GC(178)   Merge Heap Roots: 0.13ms
[86.745s][info][gc,phases   ] GC(178)   Evacuate Collection Set: 27.08ms
[86.745s][info][gc,phases   ] GC(178)   Post Evacuate Collection Set: 0.34ms
[86.745s][info][gc,phases   ] GC(178)   Other: 0.07ms
[86.745s][info][gc,heap     ] GC(178) Eden regions: 94->0(83)
[86.745s][info][gc,heap     ] GC(178) Survivor regions: 17->14(14)
[86.745s][info][gc,heap     ] GC(178) Old regions: 791->808
[86.745s][info][gc,heap     ] GC(178) Humongous regions: 9->9
[86.745s][info][gc,metaspace] GC(178) Metaspace: 18161K(18368K)->18161K(18368K) NonClass: 15502K(15616K)->15502K(15616K) Class: 2659K(2752K)->2659K(2752K)
[86.745s][info][gc          ] GC(178) Pause Young (Normal) (G1 Evacuation Pause) 911M->831M(978M) 28.067ms
[86.745s][info][gc,cpu      ] GC(178) User=0.06s Sys=0.00s Real=0.02s
[86.904s][info][gc,start    ] GC(179) Pause Young (Normal) (G1 Evacuation Pause)
[86.904s][info][gc,task     ] GC(179) Using 2 workers of 2 for evacuation
[86.940s][info][gc,phases   ] GC(179)   Pre Evacuate Collection Set: 0.25ms
[86.940s][info][gc,phases   ] GC(179)   Merge Heap Roots: 0.27ms
[86.940s][info][gc,phases   ] GC(179)   Evacuate Collection Set: 34.90ms
[86.940s][info][gc,phases   ] GC(179)   Post Evacuate Collection Set: 0.40ms
[86.940s][info][gc,phases   ] GC(179)   Other: 0.08ms
[86.940s][info][gc,heap     ] GC(179) Eden regions: 83->0(69)
[86.940s][info][gc,heap     ] GC(179) Survivor regions: 14->13(13)
[86.940s][info][gc,heap     ] GC(179) Old regions: 808->823
[86.940s][info][gc,heap     ] GC(179) Humongous regions: 10->10
[86.940s][info][gc,metaspace] GC(179) Metaspace: 18161K(18368K)->18161K(18368K) NonClass: 15502K(15616K)->15502K(15616K) Class: 2659K(2752K)->2659K(2752K)
[86.940s][info][gc          ] GC(179) Pause Young (Normal) (G1 Evacuation Pause) 915M->845M(978M) 36.105ms
[86.940s][info][gc,cpu      ] GC(179) User=0.07s Sys=0.00s Real=0.04s
[87.007s][info][gc,start    ] GC(180) Pause Young (Normal) (G1 Evacuation Pause)
[87.007s][info][gc,task     ] GC(180) Using 2 workers of 2 for evacuation
[87.037s][info][gc,phases   ] GC(180)   Pre Evacuate Collection Set: 0.26ms
[87.037s][info][gc,phases   ] GC(180)   Merge Heap Roots: 0.31ms
[87.037s][info][gc,phases   ] GC(180)   Evacuate Collection Set: 29.06ms
[87.037s][info][gc,phases   ] GC(180)   Post Evacuate Collection Set: 0.29ms
[87.037s][info][gc,phases   ] GC(180)   Other: 0.10ms
[87.037s][info][gc,heap     ] GC(180) Eden regions: 69->0(76)
[87.038s][info][gc,heap     ] GC(180) Survivor regions: 13->3(11)
[87.038s][info][gc,heap     ] GC(180) Old regions: 823->836
[87.038s][info][gc,heap     ] GC(180) Humongous regions: 10->10
[87.038s][info][gc,metaspace] GC(180) Metaspace: 18161K(18368K)->18161K(18368K) NonClass: 15502K(15616K)->15502K(15616K) Class: 2659K(2752K)->2659K(2752K)
[87.038s][info][gc          ] GC(180) Pause Young (Normal) (G1 Evacuation Pause) 914M->848M(978M) 30.236ms
[87.038s][info][gc,cpu      ] GC(180) User=0.06s Sys=0.00s Real=0.03s
[87.066s][info][gc,marking  ] GC(167) Concurrent Rebuild Remembered Sets and Scrub Regions 911.219ms
[87.066s][info][gc,start    ] GC(167) Pause Cleanup
[87.066s][info][gc          ] GC(167) Pause Cleanup 891M->891M(978M) 0.110ms
[87.066s][info][gc,cpu      ] GC(167) User=0.00s Sys=0.00s Real=0.00s
[87.067s][info][gc,marking  ] GC(167) Concurrent Clear Claimed Marks
[87.067s][info][gc,marking  ] GC(167) Concurrent Clear Claimed Marks 0.040ms
[87.067s][info][gc,marking  ] GC(167) Concurrent Cleanup for Next Mark
[87.071s][info][gc,marking  ] GC(167) Concurrent Cleanup for Next Mark 4.883ms
[87.072s][info][gc          ] GC(167) Concurrent Mark Cycle 3249.609ms
[87.088s][info][gc,start    ] GC(181) Pause Young (Prepare Mixed) (G1 Evacuation Pause)
[87.088s][info][gc,task     ] GC(181) Using 2 workers of 2 for evacuation
[87.100s][info][gc,phases   ] GC(181)   Pre Evacuate Collection Set: 0.44ms
[87.100s][info][gc,phases   ] GC(181)   Merge Heap Roots: 0.15ms
[87.100s][info][gc,phases   ] GC(181)   Evacuate Collection Set: 11.01ms
[87.100s][info][gc,phases   ] GC(181)   Post Evacuate Collection Set: 0.31ms
[87.100s][info][gc,phases   ] GC(181)   Other: 0.07ms
[87.100s][info][gc,heap     ] GC(181) Eden regions: 76->0(68)
[87.100s][info][gc,heap     ] GC(181) Survivor regions: 3->7(10)
[87.100s][info][gc,heap     ] GC(181) Old regions: 836->836
[87.100s][info][gc,heap     ] GC(181) Humongous regions: 10->10
[87.100s][info][gc,metaspace] GC(181) Metaspace: 18161K(18368K)->18161K(18368K) NonClass: 15502K(15616K)->15502K(15616K) Class: 2659K(2752K)->2659K(2752K)
[87.100s][info][gc          ] GC(181) Pause Young (Prepare Mixed) (G1 Evacuation Pause) 924M->852M(978M) 12.137ms
[87.100s][info][gc,cpu      ] GC(181) User=0.02s Sys=0.00s Real=0.01s
[87.165s][info][gc,start    ] GC(182) Pause Young (Mixed) (G1 Evacuation Pause)
[87.165s][info][gc,task     ] GC(182) Using 2 workers of 2 for evacuation
[87.198s][info][gc,phases   ] GC(182)   Pre Evacuate Collection Set: 0.28ms
[87.198s][info][gc,phases   ] GC(182)   Merge Heap Roots: 0.52ms
[87.198s][info][gc,phases   ] GC(182)   Evacuate Collection Set: 31.38ms
[87.198s][info][gc,phases   ] GC(182)   Post Evacuate Collection Set: 0.38ms
[87.198s][info][gc,phases   ] GC(182)   Other: 0.06ms
[87.198s][info][gc,heap     ] GC(182) Eden regions: 68->0(127)
[87.198s][info][gc,heap     ] GC(182) Survivor regions: 7->6(10)
[87.198s][info][gc,heap     ] GC(182) Old regions: 836->779
[87.198s][info][gc,heap     ] GC(182) Humongous regions: 10->10
[87.198s][info][gc,metaspace] GC(182) Metaspace: 18161K(18368K)->18161K(18368K) NonClass: 15502K(15616K)->15502K(15616K) Class: 2659K(2752K)->2659K(2752K)
[87.198s][info][gc          ] GC(182) Pause Young (Mixed) (G1 Evacuation Pause) 920M->794M(978M) 32.832ms
[87.198s][info][gc,cpu      ] GC(182) User=0.07s Sys=0.00s Real=0.04s
[87.399s][info][gc,start    ] GC(183) Pause Young (Concurrent Start) (G1 Evacuation Pause)
[87.399s][info][gc,task     ] GC(183) Using 2 workers of 2 for evacuation
[87.409s][info][gc,phases   ] GC(183)   Pre Evacuate Collection Set: 0.29ms
[87.409s][info][gc,phases   ] GC(183)   Merge Heap Roots: 0.15ms
[87.409s][info][gc,phases   ] GC(183)   Evacuate Collection Set: 8.72ms
[87.409s][info][gc,phases   ] GC(183)   Post Evacuate Collection Set: 0.37ms
[87.409s][info][gc,phases   ] GC(183)   Other: 0.10ms
[87.409s][info][gc,heap     ] GC(183) Eden regions: 127->0(125)
[87.409s][info][gc,heap     ] GC(183) Survivor regions: 6->7(17)
[87.409s][info][gc,heap     ] GC(183) Old regions: 779->779
[87.409s][info][gc,heap     ] GC(183) Humongous regions: 10->10
[87.409s][info][gc,metaspace] GC(183) Metaspace: 18162K(18368K)->18162K(18368K) NonClass: 15503K(15616K)->15503K(15616K) Class: 2659K(2752K)->2659K(2752K)
[87.409s][info][gc          ] GC(183) Pause Young (Concurrent Start) (G1 Evacuation Pause) 921M->795M(978M) 9.836ms
[87.409s][info][gc          ] GC(184) Concurrent Mark Cycle
[87.409s][info][gc,marking  ] GC(184) Concurrent Scan Root Regions
[87.409s][info][gc,cpu      ] GC(183) User=0.01s Sys=0.00s Real=0.01s
[87.421s][info][gc,marking  ] GC(184) Concurrent Scan Root Regions 12.289ms
[87.421s][info][gc,marking  ] GC(184) Concurrent Mark
[87.421s][info][gc,marking  ] GC(184) Concurrent Mark From Roots
[87.421s][info][gc,task     ] GC(184) Using 1 workers of 1 for marking
[87.873s][info][gc,start    ] GC(185) Pause Young (Normal) (G1 Evacuation Pause)
[87.873s][info][gc,task     ] GC(185) Using 2 workers of 2 for evacuation
[87.882s][info][gc,phases   ] GC(185)   Pre Evacuate Collection Set: 0.28ms
[87.882s][info][gc,phases   ] GC(185)   Merge Heap Roots: 0.16ms
[87.882s][info][gc,phases   ] GC(185)   Evacuate Collection Set: 8.33ms
[87.882s][info][gc,phases   ] GC(185)   Post Evacuate Collection Set: 0.33ms
[87.882s][info][gc,phases   ] GC(185)   Other: 0.10ms
[87.882s][info][gc,heap     ] GC(185) Eden regions: 125->0(125)
[87.882s][info][gc,heap     ] GC(185) Survivor regions: 7->7(17)
[87.882s][info][gc,heap     ] GC(185) Old regions: 779->779
[87.882s][info][gc,heap     ] GC(185) Humongous regions: 10->10
[87.882s][info][gc,metaspace] GC(185) Metaspace: 18163K(18368K)->18163K(18368K) NonClass: 15504K(15616K)->15504K(15616K) Class: 2659K(2752K)->2659K(2752K)
[87.882s][info][gc          ] GC(185) Pause Young (Normal) (G1 Evacuation Pause) 920M->795M(978M) 9.390ms
[87.882s][info][gc,cpu      ] GC(185) User=0.01s Sys=0.00s Real=0.01s
[87.990s][info][gc,marking  ] GC(184) Concurrent Mark From Roots 568.906ms
[87.990s][info][gc,marking  ] GC(184) Concurrent Preclean
[87.990s][info][gc,marking  ] GC(184) Concurrent Preclean 0.031ms
[87.991s][info][gc,start    ] GC(184) Pause Remark
[87.998s][info][gc          ] GC(184) Pause Remark 827M->479M(978M) 7.621ms
[87.998s][info][gc,cpu      ] GC(184) User=0.02s Sys=0.00s Real=0.01s
[87.998s][info][gc,marking  ] GC(184) Concurrent Mark 576.885ms
[87.998s][info][gc,marking  ] GC(184) Concurrent Rebuild Remembered Sets and Scrub Regions
[88.203s][info][gc,marking  ] GC(184) Concurrent Rebuild Remembered Sets and Scrub Regions 204.741ms
[88.203s][info][gc,start    ] GC(186) Pause Young (Normal) (G1 Evacuation Pause)
[88.203s][info][gc,task     ] GC(186) Using 2 workers of 2 for evacuation
[88.243s][info][gc,phases   ] GC(186)   Pre Evacuate Collection Set: 0.45ms
[88.243s][info][gc,phases   ] GC(186)   Merge Heap Roots: 0.26ms
[88.243s][info][gc,phases   ] GC(186)   Evacuate Collection Set: 38.59ms
[88.243s][info][gc,phases   ] GC(186)   Post Evacuate Collection Set: 0.40ms
[88.243s][info][gc,phases   ] GC(186)   Other: 0.07ms
[88.243s][info][gc,heap     ] GC(186) Eden regions: 125->0(408)
[88.243s][info][gc,heap     ] GC(186) Survivor regions: 7->17(17)
[88.243s][info][gc,heap     ] GC(186) Old regions: 438->458
[88.243s][info][gc,heap     ] GC(186) Humongous regions: 3->3
[88.243s][info][gc,metaspace] GC(186) Metaspace: 18163K(18368K)->18163K(18368K) NonClass: 15504K(15616K)->15504K(15616K) Class: 2659K(2752K)->2659K(2752K)
[88.243s][info][gc          ] GC(186) Pause Young (Normal) (G1 Evacuation Pause) 572M->478M(978M) 39.942ms
[88.243s][info][gc,cpu      ] GC(186) User=0.08s Sys=0.00s Real=0.04s
[88.250s][info][gc,start    ] GC(184) Pause Cleanup
[88.250s][info][gc          ] GC(184) Pause Cleanup 481M->481M(978M) 0.171ms
[88.250s][info][gc,cpu      ] GC(184) User=0.00s Sys=0.00s Real=0.00s
[88.250s][info][gc,marking  ] GC(184) Concurrent Clear Claimed Marks
[88.250s][info][gc,marking  ] GC(184) Concurrent Clear Claimed Marks 0.056ms
[88.250s][info][gc,marking  ] GC(184) Concurrent Cleanup for Next Mark
[88.255s][info][gc,marking  ] GC(184) Concurrent Cleanup for Next Mark 4.814ms
[88.255s][info][gc          ] GC(184) Concurrent Mark Cycle 846.079ms
[88.753s][info][gc,start    ] GC(187) Pause Young (Prepare Mixed) (G1 Evacuation Pause)
[88.753s][info][gc,task     ] GC(187) Using 2 workers of 2 for evacuation
[88.826s][info][gc,phases   ] GC(187)   Pre Evacuate Collection Set: 0.29ms
[88.826s][info][gc,phases   ] GC(187)   Merge Heap Roots: 0.25ms
[88.826s][info][gc,phases   ] GC(187)   Evacuate Collection Set: 71.61ms
[88.826s][info][gc,phases   ] GC(187)   Post Evacuate Collection Set: 0.65ms
[88.826s][info][gc,phases   ] GC(187)   Other: 0.11ms
[88.826s][info][gc,heap     ] GC(187) Eden regions: 408->0(346)
[88.826s][info][gc,heap     ] GC(187) Survivor regions: 17->54(54)
[88.826s][info][gc,heap     ] GC(187) Old regions: 458->470
[88.826s][info][gc,heap     ] GC(187) Humongous regions: 4->4
[88.826s][info][gc,metaspace] GC(187) Metaspace: 18165K(18368K)->18165K(18368K) NonClass: 15506K(15616K)->15506K(15616K) Class: 2659K(2752K)->2659K(2752K)
[88.826s][info][gc          ] GC(187) Pause Young (Prepare Mixed) (G1 Evacuation Pause) 887M->528M(978M) 73.198ms
[88.826s][info][gc,cpu      ] GC(187) User=0.15s Sys=0.00s Real=0.08s
[89.421s][info][gc,start    ] GC(188) Pause Young (Mixed) (G1 Evacuation Pause)
[89.421s][info][gc,task     ] GC(188) Using 2 workers of 2 for evacuation
[89.573s][info][gc,phases   ] GC(188)   Pre Evacuate Collection Set: 0.52ms
[89.573s][info][gc,phases   ] GC(188)   Merge Heap Roots: 0.39ms
[89.573s][info][gc,phases   ] GC(188)   Evacuate Collection Set: 141.17ms
[89.573s][info][gc,phases   ] GC(188)   Post Evacuate Collection Set: 9.93ms
[89.573s][info][gc,phases   ] GC(188)   Other: 0.09ms
[89.573s][info][gc,heap     ] GC(188) Eden regions: 346->0(274)
[89.573s][info][gc,heap     ] GC(188) Survivor regions: 54->49(50)
[89.573s][info][gc,heap     ] GC(188) Old regions: 470->547
[89.573s][info][gc,heap     ] GC(188) Humongous regions: 4->4
[89.573s][info][gc,metaspace] GC(188) Metaspace: 18165K(18368K)->18165K(18368K) NonClass: 15506K(15616K)->15506K(15616K) Class: 2659K(2752K)->2659K(2752K)
[89.573s][info][gc          ] GC(188) Pause Young (Mixed) (G1 Evacuation Pause) (Evacuation Failure: Allocation) 874M->600M(978M) 152.338ms
[89.573s][info][gc,cpu      ] GC(188) User=0.30s Sys=0.00s Real=0.15s
[89.848s][info][gc,start    ] GC(189) Pause Young (Mixed) (G1 Evacuation Pause)
[89.849s][info][gc,task     ] GC(189) Using 2 workers of 2 for evacuation
[90.061s][info][gc,mmu      ] GC(189) MMU target violated: 201.0ms (200.0ms/201.0ms)
[90.061s][info][gc,phases   ] GC(189)   Pre Evacuate Collection Set: 0.53ms
[90.061s][info][gc,phases   ] GC(189)   Merge Heap Roots: 1.02ms
[90.061s][info][gc,phases   ] GC(189)   Evacuate Collection Set: 193.76ms
[90.061s][info][gc,phases   ] GC(189)   Post Evacuate Collection Set: 17.32ms
[90.061s][info][gc,phases   ] GC(189)   Other: 0.17ms
[90.061s][info][gc,heap     ] GC(189) Eden regions: 274->0(116)
[90.061s][info][gc,heap     ] GC(189) Survivor regions: 49->41(41)
[90.061s][info][gc,heap     ] GC(189) Old regions: 547->725
[90.061s][info][gc,heap     ] GC(189) Humongous regions: 5->5
[90.061s][info][gc,metaspace] GC(189) Metaspace: 18170K(18368K)->18170K(18368K) NonClass: 15510K(15616K)->15510K(15616K) Class: 2659K(2752K)->2659K(2752K)
[90.061s][info][gc          ] GC(189) Pause Young (Mixed) (G1 Evacuation Pause) (Evacuation Failure: Allocation) 875M->771M(978M) 212.970ms
[90.061s][info][gc,cpu      ] GC(189) User=0.42s Sys=0.00s Real=0.21s
[90.186s][info][gc,start    ] GC(190) Pause Young (Concurrent Start) (G1 Evacuation Pause)
[90.186s][info][gc,task     ] GC(190) Using 2 workers of 2 for evacuation
[90.275s][info][gc,phases   ] GC(190)   Pre Evacuate Collection Set: 0.49ms
[90.275s][info][gc,phases   ] GC(190)   Merge Heap Roots: 0.95ms
[90.275s][info][gc,phases   ] GC(190)   Evacuate Collection Set: 86.71ms
[90.275s][info][gc,phases   ] GC(190)   Post Evacuate Collection Set: 0.68ms
[90.275s][info][gc,phases   ] GC(190)   Other: 0.15ms
[90.276s][info][gc,heap     ] GC(190) Eden regions: 116->0(324)
[90.276s][info][gc,heap     ] GC(190) Survivor regions: 41->8(20)
[90.276s][info][gc,heap     ] GC(190) Old regions: 725->514
[90.276s][info][gc,heap     ] GC(190) Humongous regions: 5->5
[90.276s][info][gc,metaspace] GC(190) Metaspace: 18170K(18368K)->18170K(18368K) NonClass: 15511K(15616K)->15511K(15616K) Class: 2659K(2752K)->2659K(2752K)
[90.276s][info][gc          ] GC(190) Pause Young (Concurrent Start) (G1 Evacuation Pause) 887M->527M(978M) 89.185ms
[90.276s][info][gc,cpu      ] GC(190) User=0.17s Sys=0.00s Real=0.08s
[90.276s][info][gc          ] GC(191) Concurrent Mark Cycle
[90.279s][info][gc,marking  ] GC(191) Concurrent Scan Root Regions
[90.414s][info][gc,marking  ] GC(191) Concurrent Scan Root Regions 135.192ms
[90.415s][info][gc,marking  ] GC(191) Concurrent Mark
[90.415s][info][gc,marking  ] GC(191) Concurrent Mark From Roots
[90.415s][info][gc,task     ] GC(191) Using 1 workers of 1 for marking
[90.836s][info][gc,start    ] GC(192) Pause Young (Normal) (G1 Evacuation Pause)
[90.836s][info][gc,task     ] GC(192) Using 2 workers of 2 for evacuation
[90.922s][info][gc,phases   ] GC(192)   Pre Evacuate Collection Set: 0.48ms
[90.922s][info][gc,phases   ] GC(192)   Merge Heap Roots: 0.15ms
[90.922s][info][gc,phases   ] GC(192)   Evacuate Collection Set: 83.78ms
[90.922s][info][gc,phases   ] GC(192)   Post Evacuate Collection Set: 0.73ms
[90.922s][info][gc,phases   ] GC(192)   Other: 0.10ms
[90.922s][info][gc,heap     ] GC(192) Eden regions: 324->0(250)
[90.922s][info][gc,heap     ] GC(192) Survivor regions: 8->42(42)
[90.922s][info][gc,heap     ] GC(192) Old regions: 514->545
[90.922s][info][gc,heap     ] GC(192) Humongous regions: 5->5
[90.922s][info][gc,metaspace] GC(192) Metaspace: 18172K(18368K)->18172K(18368K) NonClass: 15513K(15616K)->15513K(15616K) Class: 2659K(2752K)->2659K(2752K)
[90.922s][info][gc          ] GC(192) Pause Young (Normal) (G1 Evacuation Pause) 851M->592M(978M) 85.486ms
[90.922s][info][gc,cpu      ] GC(192) User=0.17s Sys=0.00s Real=0.08s
[91.412s][info][gc,start    ] GC(193) Pause Young (Normal) (G1 Evacuation Pause)
[91.412s][info][gc,task     ] GC(193) Using 2 workers of 2 for evacuation
[91.523s][info][gc,phases   ] GC(193)   Pre Evacuate Collection Set: 0.48ms
[91.523s][info][gc,phases   ] GC(193)   Merge Heap Roots: 0.43ms
[91.523s][info][gc,phases   ] GC(193)   Evacuate Collection Set: 109.36ms
[91.523s][info][gc,phases   ] GC(193)   Post Evacuate Collection Set: 0.59ms
[91.523s][info][gc,phases   ] GC(193)   Other: 0.08ms
[91.523s][info][gc,heap     ] GC(193) Eden regions: 250->0(203)
[91.523s][info][gc,heap     ] GC(193) Survivor regions: 42->37(37)
[91.523s][info][gc,heap     ] GC(193) Old regions: 545->604
[91.523s][info][gc,heap     ] GC(193) Humongous regions: 8->8
[91.523s][info][gc,metaspace] GC(193) Metaspace: 18177K(18368K)->18177K(18368K) NonClass: 15518K(15616K)->15518K(15616K) Class: 2659K(2752K)->2659K(2752K)
[91.523s][info][gc          ] GC(193) Pause Young (Normal) (G1 Evacuation Pause) 845M->648M(978M) 111.175ms
[91.523s][info][gc,cpu      ] GC(193) User=0.22s Sys=0.00s Real=0.11s
[91.524s][info][gc,marking  ] GC(191) Concurrent Mark From Roots 1109.162ms
[91.524s][info][gc,marking  ] GC(191) Concurrent Preclean
[91.524s][info][gc,marking  ] GC(191) Concurrent Preclean 0.025ms
[91.526s][info][gc,start    ] GC(191) Pause Remark
[91.533s][info][gc          ] GC(191) Pause Remark 650M->607M(978M) 7.018ms
[91.534s][info][gc,cpu      ] GC(191) User=0.01s Sys=0.00s Real=0.00s
[91.534s][info][gc,marking  ] GC(191) Concurrent Mark 1119.002ms
[91.534s][info][gc,marking  ] GC(191) Concurrent Rebuild Remembered Sets and Scrub Regions
[91.720s][info][gc,start    ] GC(194) Pause Young (Normal) (G1 Evacuation Pause)
[91.720s][info][gc,task     ] GC(194) Using 2 workers of 2 for evacuation
[91.840s][info][gc,phases   ] GC(194)   Pre Evacuate Collection Set: 0.39ms
[91.840s][info][gc,phases   ] GC(194)   Merge Heap Roots: 0.47ms
[91.840s][info][gc,phases   ] GC(194)   Evacuate Collection Set: 118.28ms
[91.840s][info][gc,phases   ] GC(194)   Post Evacuate Collection Set: 0.89ms
[91.840s][info][gc,phases   ] GC(194)   Other: 0.07ms
[91.840s][info][gc,heap     ] GC(194) Eden regions: 203->0(167)
[91.840s][info][gc,heap     ] GC(194) Survivor regions: 37->30(30)
[91.840s][info][gc,heap     ] GC(194) Old regions: 562->648
[91.840s][info][gc,heap     ] GC(194) Humongous regions: 7->7
[91.840s][info][gc,metaspace] GC(194) Metaspace: 18177K(18368K)->18177K(18368K) NonClass: 15518K(15616K)->15518K(15616K) Class: 2659K(2752K)->2659K(2752K)
[91.840s][info][gc          ] GC(194) Pause Young (Normal) (G1 Evacuation Pause) 808M->685M(978M) 120.324ms
[91.840s][info][gc,cpu      ] GC(194) User=0.24s Sys=0.00s Real=0.12s
[92.113s][info][gc,start    ] GC(195) Pause Young (Normal) (G1 Evacuation Pause)
[92.113s][info][gc,task     ] GC(195) Using 2 workers of 2 for evacuation
[92.206s][info][gc,phases   ] GC(195)   Pre Evacuate Collection Set: 0.24ms
[92.206s][info][gc,phases   ] GC(195)   Merge Heap Roots: 0.55ms
[92.206s][info][gc,phases   ] GC(195)   Evacuate Collection Set: 91.75ms
[92.206s][info][gc,phases   ] GC(195)   Post Evacuate Collection Set: 0.65ms
[92.206s][info][gc,phases   ] GC(195)   Other: 0.09ms
[92.206s][info][gc,heap     ] GC(195) Eden regions: 167->0(146)
[92.206s][info][gc,heap     ] GC(195) Survivor regions: 30->25(25)
[92.206s][info][gc,heap     ] GC(195) Old regions: 648->690
[92.206s][info][gc,heap     ] GC(195) Humongous regions: 7->7
[92.206s][info][gc,metaspace] GC(195) Metaspace: 18177K(18368K)->18177K(18368K) NonClass: 15518K(15616K)->15518K(15616K) Class: 2659K(2752K)->2659K(2752K)
[92.206s][info][gc          ] GC(195) Pause Young (Normal) (G1 Evacuation Pause) 852M->721M(978M) 93.498ms
[92.206s][info][gc,cpu      ] GC(195) User=0.19s Sys=0.00s Real=0.09s
[92.330s][info][gc,start    ] GC(196) Pause Young (Normal) (G1 Evacuation Pause)
[92.330s][info][gc,task     ] GC(196) Using 2 workers of 2 for evacuation
[92.378s][info][gc,phases   ] GC(196)   Pre Evacuate Collection Set: 0.43ms
[92.378s][info][gc,phases   ] GC(196)   Merge Heap Roots: 0.49ms
[92.378s][info][gc,phases   ] GC(196)   Evacuate Collection Set: 46.34ms
[92.378s][info][gc,phases   ] GC(196)   Post Evacuate Collection Set: 0.63ms
[92.378s][info][gc,phases   ] GC(196)   Other: 0.08ms
[92.378s][info][gc,heap     ] GC(196) Eden regions: 146->0(154)
[92.378s][info][gc,heap     ] GC(196) Survivor regions: 25->6(22)
[92.378s][info][gc,heap     ] GC(196) Old regions: 690->715
[92.378s][info][gc,heap     ] GC(196) Humongous regions: 7->7
[92.378s][info][gc,metaspace] GC(196) Metaspace: 18177K(18368K)->18177K(18368K) NonClass: 15518K(15616K)->15518K(15616K) Class: 2659K(2752K)->2659K(2752K)
[92.378s][info][gc          ] GC(196) Pause Young (Normal) (G1 Evacuation Pause) 867M->728M(978M) 48.182ms
[92.378s][info][gc,cpu      ] GC(196) User=0.10s Sys=0.00s Real=0.05s
[92.544s][info][gc,marking  ] GC(191) Concurrent Rebuild Remembered Sets and Scrub Regions 1010.800ms
[92.545s][info][gc,start    ] GC(191) Pause Cleanup
[92.545s][info][gc          ] GC(191) Pause Cleanup 828M->828M(978M) 0.144ms
[92.545s][info][gc,cpu      ] GC(191) User=0.00s Sys=0.00s Real=0.00s
[92.545s][info][gc,marking  ] GC(191) Concurrent Clear Claimed Marks
[92.545s][info][gc,marking  ] GC(191) Concurrent Clear Claimed Marks 0.042ms
[92.545s][info][gc,marking  ] GC(191) Concurrent Cleanup for Next Mark
[92.550s][info][gc,marking  ] GC(191) Concurrent Cleanup for Next Mark 4.829ms
[92.550s][info][gc          ] GC(191) Concurrent Mark Cycle 2274.629ms
[92.598s][info][gc,start    ] GC(197) Pause Young (Prepare Mixed) (G1 Evacuation Pause)
[92.598s][info][gc,task     ] GC(197) Using 2 workers of 2 for evacuation
[92.649s][info][gc,phases   ] GC(197)   Pre Evacuate Collection Set: 0.26ms
[92.649s][info][gc,phases   ] GC(197)   Merge Heap Roots: 0.50ms
[92.649s][info][gc,phases   ] GC(197)   Evacuate Collection Set: 49.12ms
[92.649s][info][gc,phases   ] GC(197)   Post Evacuate Collection Set: 0.58ms
[92.649s][info][gc,phases   ] GC(197)   Other: 0.07ms
[92.649s][info][gc,heap     ] GC(197) Eden regions: 154->0(148)
[92.649s][info][gc,heap     ] GC(197) Survivor regions: 6->20(20)
[92.649s][info][gc,heap     ] GC(197) Old regions: 715->717
[92.649s][info][gc,heap     ] GC(197) Humongous regions: 10->10
[92.649s][info][gc,metaspace] GC(197) Metaspace: 18177K(18368K)->18177K(18368K) NonClass: 15518K(15616K)->15518K(15616K) Class: 2659K(2752K)->2659K(2752K)
[92.649s][info][gc          ] GC(197) Pause Young (Prepare Mixed) (G1 Evacuation Pause) 885M->746M(978M) 50.718ms
[92.649s][info][gc,cpu      ] GC(197) User=0.10s Sys=0.00s Real=0.05s
[92.774s][info][gc,start    ] GC(198) Pause Young (Mixed) (G1 Evacuation Pause)
[92.774s][info][gc,task     ] GC(198) Using 2 workers of 2 for evacuation
[92.853s][info][gc,phases   ] GC(198)   Pre Evacuate Collection Set: 0.31ms
[92.853s][info][gc,phases   ] GC(198)   Merge Heap Roots: 0.75ms
[92.853s][info][gc,phases   ] GC(198)   Evacuate Collection Set: 77.11ms
[92.853s][info][gc,phases   ] GC(198)   Post Evacuate Collection Set: 0.72ms
[92.853s][info][gc,phases   ] GC(198)   Other: 0.07ms
[92.853s][info][gc,heap     ] GC(198) Eden regions: 148->0(28)
[92.853s][info][gc,heap     ] GC(198) Survivor regions: 20->20(21)
[92.853s][info][gc,heap     ] GC(198) Old regions: 717->698
[92.853s][info][gc,heap     ] GC(198) Humongous regions: 10->10
[92.853s][info][gc,metaspace] GC(198) Metaspace: 18182K(18368K)->18182K(18368K) NonClass: 15523K(15616K)->15523K(15616K) Class: 2659K(2752K)->2659K(2752K)
[92.853s][info][gc          ] GC(198) Pause Young (Mixed) (G1 Evacuation Pause) 894M->727M(978M) 79.232ms
[92.853s][info][gc,cpu      ] GC(198) User=0.16s Sys=0.00s Real=0.08s
[92.895s][info][gc,start    ] GC(199) Pause Young (Mixed) (G1 Evacuation Pause)
[92.895s][info][gc,task     ] GC(199) Using 2 workers of 2 for evacuation
[93.079s][info][gc,phases   ] GC(199)   Pre Evacuate Collection Set: 0.23ms
[93.079s][info][gc,phases   ] GC(199)   Merge Heap Roots: 1.07ms
[93.079s][info][gc,phases   ] GC(199)   Evacuate Collection Set: 181.14ms
[93.079s][info][gc,phases   ] GC(199)   Post Evacuate Collection Set: 1.24ms
[93.079s][info][gc,phases   ] GC(199)   Other: 0.05ms
[93.079s][info][gc,heap     ] GC(199) Eden regions: 28->0(160)
[93.079s][info][gc,heap     ] GC(199) Survivor regions: 20->5(6)
[93.079s][info][gc,heap     ] GC(199) Old regions: 698->716
[93.079s][info][gc,heap     ] GC(199) Humongous regions: 10->10
[93.079s][info][gc,metaspace] GC(199) Metaspace: 18182K(18368K)->18182K(18368K) NonClass: 15523K(15616K)->15523K(15616K) Class: 2659K(2752K)->2659K(2752K)
[93.079s][info][gc          ] GC(199) Pause Young (Mixed) (G1 Evacuation Pause) 755M->730M(978M) 183.943ms
[93.079s][info][gc,cpu      ] GC(199) User=0.37s Sys=0.00s Real=0.19s
[93.236s][info][gc,start    ] GC(200) Pause Young (Concurrent Start) (G1 Evacuation Pause)
[93.236s][info][gc,task     ] GC(200) Using 2 workers of 2 for evacuation
[93.266s][info][gc,phases   ] GC(200)   Pre Evacuate Collection Set: 0.29ms
[93.266s][info][gc,phases   ] GC(200)   Merge Heap Roots: 0.18ms
[93.266s][info][gc,phases   ] GC(200)   Evacuate Collection Set: 29.05ms
[93.266s][info][gc,phases   ] GC(200)   Post Evacuate Collection Set: 0.38ms
[93.266s][info][gc,phases   ] GC(200)   Other: 0.08ms
[93.266s][info][gc,heap     ] GC(200) Eden regions: 160->0(149)
[93.266s][info][gc,heap     ] GC(200) Survivor regions: 5->21(21)
[93.266s][info][gc,heap     ] GC(200) Old regions: 716->720
[93.266s][info][gc,heap     ] GC(200) Humongous regions: 10->10
[93.266s][info][gc,metaspace] GC(200) Metaspace: 18188K(18368K)->18188K(18368K) NonClass: 15529K(15616K)->15529K(15616K) Class: 2659K(2752K)->2659K(2752K)
[93.266s][info][gc          ] GC(200) Pause Young (Concurrent Start) (G1 Evacuation Pause) 890M->750M(978M) 30.172ms
[93.267s][info][gc          ] GC(201) Concurrent Mark Cycle
[93.267s][info][gc,marking  ] GC(201) Concurrent Scan Root Regions
[93.267s][info][gc,cpu      ] GC(200) User=0.06s Sys=0.00s Real=0.03s
[93.321s][info][gc,marking  ] GC(201) Concurrent Scan Root Regions 54.341ms
[93.321s][info][gc,marking  ] GC(201) Concurrent Mark
[93.321s][info][gc,marking  ] GC(201) Concurrent Mark From Roots
[93.321s][info][gc,task     ] GC(201) Using 1 workers of 1 for marking
[93.514s][info][gc,start    ] GC(202) Pause Young (Normal) (G1 Evacuation Pause)
[93.514s][info][gc,task     ] GC(202) Using 2 workers of 2 for evacuation
[93.557s][info][gc,phases   ] GC(202)   Pre Evacuate Collection Set: 0.28ms
[93.557s][info][gc,phases   ] GC(202)   Merge Heap Roots: 1.07ms
[93.557s][info][gc,phases   ] GC(202)   Evacuate Collection Set: 41.65ms
[93.557s][info][gc,phases   ] GC(202)   Post Evacuate Collection Set: 0.37ms
[93.557s][info][gc,phases   ] GC(202)   Other: 0.07ms
[93.557s][info][gc,heap     ] GC(202) Eden regions: 149->0(145)
[93.557s][info][gc,heap     ] GC(202) Survivor regions: 21->14(22)
[93.557s][info][gc,heap     ] GC(202) Old regions: 720->741
[93.557s][info][gc,heap     ] GC(202) Humongous regions: 10->10
[93.558s][info][gc,metaspace] GC(202) Metaspace: 18189K(18368K)->18189K(18368K) NonClass: 15530K(15616K)->15530K(15616K) Class: 2659K(2752K)->2659K(2752K)
[93.558s][info][gc          ] GC(202) Pause Young (Normal) (G1 Evacuation Pause) 899M->765M(978M) 43.695ms
[93.558s][info][gc,cpu      ] GC(202) User=0.09s Sys=0.00s Real=0.05s
[93.874s][info][gc,start    ] GC(203) Pause Young (Normal) (G1 Evacuation Pause)
[93.874s][info][gc,task     ] GC(203) Using 2 workers of 2 for evacuation
[93.896s][info][gc,phases   ] GC(203)   Pre Evacuate Collection Set: 0.29ms
[93.897s][info][gc,phases   ] GC(203)   Merge Heap Roots: 0.21ms
[93.897s][info][gc,phases   ] GC(203)   Evacuate Collection Set: 21.90ms
[93.897s][info][gc,phases   ] GC(203)   Post Evacuate Collection Set: 0.34ms
[93.897s][info][gc,phases   ] GC(203)   Other: 0.07ms
[93.897s][info][gc,heap     ] GC(203) Eden regions: 145->0(151)
[93.897s][info][gc,heap     ] GC(203) Survivor regions: 14->4(20)
[93.897s][info][gc,heap     ] GC(203) Old regions: 741->755
[93.897s][info][gc,heap     ] GC(203) Humongous regions: 10->10
[93.897s][info][gc,metaspace] GC(203) Metaspace: 18191K(18368K)->18191K(18368K) NonClass: 15532K(15616K)->15532K(15616K) Class: 2659K(2752K)->2659K(2752K)
[93.897s][info][gc          ] GC(203) Pause Young (Normal) (G1 Evacuation Pause) 910M->768M(978M) 23.014ms
[93.897s][info][gc,cpu      ] GC(203) User=0.05s Sys=0.00s Real=0.03s
[94.185s][info][gc,marking  ] GC(201) Concurrent Mark From Roots 864.522ms
[94.186s][info][gc,marking  ] GC(201) Concurrent Preclean
[94.186s][info][gc,marking  ] GC(201) Concurrent Preclean 0.034ms
[94.186s][info][gc,start    ] GC(201) Pause Remark
[94.192s][info][gc          ] GC(201) Pause Remark 919M->570M(978M) 6.704ms
[94.192s][info][gc,cpu      ] GC(201) User=0.01s Sys=0.00s Real=0.01s
[94.192s][info][gc,marking  ] GC(201) Concurrent Mark 871.534ms
[94.192s][info][gc,marking  ] GC(201) Concurrent Rebuild Remembered Sets and Scrub Regions
[94.194s][info][gc,start    ] GC(204) Pause Young (Normal) (G1 Evacuation Pause)
[94.194s][info][gc,task     ] GC(204) Using 2 workers of 2 for evacuation
[94.222s][info][gc,phases   ] GC(204)   Pre Evacuate Collection Set: 0.20ms
[94.222s][info][gc,phases   ] GC(204)   Merge Heap Roots: 0.14ms
[94.222s][info][gc,phases   ] GC(204)   Evacuate Collection Set: 26.83ms
[94.222s][info][gc,phases   ] GC(204)   Post Evacuate Collection Set: 0.33ms
[94.222s][info][gc,phases   ] GC(204)   Other: 0.06ms
[94.222s][info][gc,heap     ] GC(204) Eden regions: 151->0(390)
[94.222s][info][gc,heap     ] GC(204) Survivor regions: 4->20(20)
[94.222s][info][gc,heap     ] GC(204) Old regions: 412->416
[94.222s][info][gc,heap     ] GC(204) Humongous regions: 4->4
[94.222s][info][gc,metaspace] GC(204) Metaspace: 18195K(18368K)->18195K(18368K) NonClass: 15536K(15616K)->15536K(15616K) Class: 2659K(2752K)->2659K(2752K)
[94.222s][info][gc          ] GC(204) Pause Young (Normal) (G1 Evacuation Pause) 570M->440M(978M) 27.705ms
[94.222s][info][gc,cpu      ] GC(204) User=0.06s Sys=0.00s Real=0.03s
[94.434s][info][gc,marking  ] GC(201) Concurrent Rebuild Remembered Sets and Scrub Regions 241.278ms
[94.434s][info][gc,start    ] GC(201) Pause Cleanup
[94.434s][info][gc          ] GC(201) Pause Cleanup 485M->485M(978M) 0.135ms
[94.434s][info][gc,cpu      ] GC(201) User=0.00s Sys=0.00s Real=0.00s
[94.434s][info][gc,marking  ] GC(201) Concurrent Clear Claimed Marks
[94.434s][info][gc,marking  ] GC(201) Concurrent Clear Claimed Marks 0.033ms
[94.434s][info][gc,marking  ] GC(201) Concurrent Cleanup for Next Mark
[94.439s][info][gc,marking  ] GC(201) Concurrent Cleanup for Next Mark 4.858ms
[94.439s][info][gc          ] GC(201) Concurrent Mark Cycle 1172.547ms
[95.315s][info][gc,start    ] GC(205) Pause Young (Prepare Mixed) (G1 Evacuation Pause)
[95.315s][info][gc,task     ] GC(205) Using 2 workers of 2 for evacuation
[95.343s][info][gc,phases   ] GC(205)   Pre Evacuate Collection Set: 0.48ms
[95.343s][info][gc,phases   ] GC(205)   Merge Heap Roots: 0.52ms
[95.343s][info][gc,phases   ] GC(205)   Evacuate Collection Set: 26.06ms
[95.343s][info][gc,phases   ] GC(205)   Post Evacuate Collection Set: 0.59ms
[95.343s][info][gc,phases   ] GC(205)   Other: 0.08ms
[95.343s][info][gc,heap     ] GC(205) Eden regions: 390->0(412)
[95.343s][info][gc,heap     ] GC(205) Survivor regions: 20->22(52)
[95.343s][info][gc,heap     ] GC(205) Old regions: 416->416
[95.343s][info][gc,heap     ] GC(205) Humongous regions: 4->4
[95.343s][info][gc,metaspace] GC(205) Metaspace: 18208K(18432K)->18208K(18432K) NonClass: 15549K(15680K)->15549K(15680K) Class: 2659K(2752K)->2659K(2752K)
[95.343s][info][gc          ] GC(205) Pause Young (Prepare Mixed) (G1 Evacuation Pause) 830M->441M(978M) 27.987ms
[95.343s][info][gc,cpu      ] GC(205) User=0.06s Sys=0.00s Real=0.03s
[96.022s][info][gc,start    ] GC(206) Pause Young (Mixed) (G1 Evacuation Pause)
[96.022s][info][gc,task     ] GC(206) Using 2 workers of 2 for evacuation
[96.118s][info][gc,phases   ] GC(206)   Pre Evacuate Collection Set: 0.49ms
[96.118s][info][gc,phases   ] GC(206)   Merge Heap Roots: 0.61ms
[96.118s][info][gc,phases   ] GC(206)   Evacuate Collection Set: 94.09ms
[96.118s][info][gc,phases   ] GC(206)   Post Evacuate Collection Set: 0.94ms
[96.118s][info][gc,phases   ] GC(206)   Other: 0.09ms
[96.118s][info][gc,heap     ] GC(206) Eden regions: 412->0(156)
[96.118s][info][gc,heap     ] GC(206) Survivor regions: 22->55(55)
[96.118s][info][gc,heap     ] GC(206) Old regions: 416->364
[96.118s][info][gc,heap     ] GC(206) Humongous regions: 4->4
[96.118s][info][gc,metaspace] GC(206) Metaspace: 18212K(18432K)->18212K(18432K) NonClass: 15553K(15680K)->15553K(15680K) Class: 2659K(2752K)->2659K(2752K)
[96.118s][info][gc          ] GC(206) Pause Young (Mixed) (G1 Evacuation Pause) 853M->423M(978M) 96.442ms
[96.118s][info][gc,cpu      ] GC(206) User=0.19s Sys=0.00s Real=0.10s
[96.332s][info][gc,start    ] GC(207) Pause Young (Mixed) (G1 Evacuation Pause)
[96.332s][info][gc,task     ] GC(207) Using 2 workers of 2 for evacuation
[96.458s][info][gc,phases   ] GC(207)   Pre Evacuate Collection Set: 0.48ms
[96.458s][info][gc,phases   ] GC(207)   Merge Heap Roots: 0.70ms
[96.458s][info][gc,phases   ] GC(207)   Evacuate Collection Set: 124.66ms
[96.458s][info][gc,phases   ] GC(207)   Post Evacuate Collection Set: 0.43ms
[96.458s][info][gc,phases   ] GC(207)   Other: 0.08ms
[96.458s][info][gc,heap     ] GC(207) Eden regions: 168->0(395)
[96.458s][info][gc,heap     ] GC(207) Survivor regions: 55->20(28)
[96.458s][info][gc,heap     ] GC(207) Old regions: 364->419
[96.458s][info][gc,heap     ] GC(207) Humongous regions: 4->4
[96.458s][info][gc,metaspace] GC(207) Metaspace: 18213K(18432K)->18213K(18432K) NonClass: 15554K(15680K)->15554K(15680K) Class: 2659K(2752K)->2659K(2752K)
[96.458s][info][gc          ] GC(207) Pause Young (Mixed) (G1 Evacuation Pause) 591M->442M(978M) 126.549ms
[96.458s][info][gc,cpu      ] GC(207) User=0.25s Sys=0.00s Real=0.13s
[96.568s][info][gc,start    ] GC(208) Pause Young (Concurrent Start) (G1 Humongous Allocation)
[96.568s][info][gc,task     ] GC(208) Using 2 workers of 2 for evacuation
[96.608s][info][gc,phases   ] GC(208)   Pre Evacuate Collection Set: 0.32ms
[96.608s][info][gc,phases   ] GC(208)   Merge Heap Roots: 0.29ms
[96.608s][info][gc,phases   ] GC(208)   Evacuate Collection Set: 39.07ms
[96.609s][info][gc,phases   ] GC(208)   Post Evacuate Collection Set: 0.45ms
[96.609s][info][gc,phases   ] GC(208)   Other: 0.18ms
[96.609s][info][gc,heap     ] GC(208) Eden regions: 115->0(399)
[96.609s][info][gc,heap     ] GC(208) Survivor regions: 20->31(52)
[96.609s][info][gc,heap     ] GC(208) Old regions: 419->419
[96.609s][info][gc,heap     ] GC(208) Humongous regions: 4->4
[96.609s][info][gc,metaspace] GC(208) Metaspace: 18216K(18432K)->18216K(18432K) NonClass: 15557K(15680K)->15557K(15680K) Class: 2659K(2752K)->2659K(2752K)
[96.609s][info][gc          ] GC(208) Pause Young (Concurrent Start) (G1 Humongous Allocation) 557M->453M(978M) 40.535ms
[96.609s][info][gc,cpu      ] GC(208) User=0.08s Sys=0.00s Real=0.04s
[96.609s][info][gc          ] GC(209) Concurrent Mark Cycle
[96.609s][info][gc,marking  ] GC(209) Concurrent Scan Root Regions
[96.671s][info][gc,marking  ] GC(209) Concurrent Scan Root Regions 61.903ms
[96.671s][info][gc,marking  ] GC(209) Concurrent Mark
[96.671s][info][gc,marking  ] GC(209) Concurrent Mark From Roots
[96.671s][info][gc,task     ] GC(209) Using 1 workers of 1 for marking
[97.139s][info][gc,start    ] GC(210) Pause Young (Normal) (G1 Evacuation Pause)
[97.140s][info][gc,task     ] GC(210) Using 2 workers of 2 for evacuation
[97.246s][info][gc,phases   ] GC(210)   Pre Evacuate Collection Set: 0.24ms
[97.246s][info][gc,phases   ] GC(210)   Merge Heap Roots: 0.36ms
[97.246s][info][gc,phases   ] GC(210)   Evacuate Collection Set: 105.31ms
[97.246s][info][gc,phases   ] GC(210)   Post Evacuate Collection Set: 0.76ms
[97.246s][info][gc,phases   ] GC(210)   Other: 0.08ms
[97.246s][info][gc,heap     ] GC(210) Eden regions: 399->0(335)
[97.246s][info][gc,heap     ] GC(210) Survivor regions: 31->54(54)
[97.246s][info][gc,heap     ] GC(210) Old regions: 419->460
[97.246s][info][gc,heap     ] GC(210) Humongous regions: 7->7
[97.246s][info][gc,metaspace] GC(210) Metaspace: 18216K(18432K)->18216K(18432K) NonClass: 15557K(15680K)->15557K(15680K) Class: 2659K(2752K)->2659K(2752K)
[97.246s][info][gc          ] GC(210) Pause Young (Normal) (G1 Evacuation Pause) 855M->521M(978M) 106.997ms
[97.246s][info][gc,cpu      ] GC(210) User=0.21s Sys=0.00s Real=0.11s
[97.668s][info][gc,start    ] GC(211) Pause Young (Normal) (G1 Evacuation Pause)
[97.668s][info][gc,task     ] GC(211) Using 2 workers of 2 for evacuation
[97.775s][info][gc,phases   ] GC(211)   Pre Evacuate Collection Set: 0.27ms
[97.775s][info][gc,phases   ] GC(211)   Merge Heap Roots: 0.45ms
[97.775s][info][gc,phases   ] GC(211)   Evacuate Collection Set: 105.81ms
[97.775s][info][gc,phases   ] GC(211)   Post Evacuate Collection Set: 0.59ms
[97.775s][info][gc,phases   ] GC(211)   Other: 0.08ms
[97.776s][info][gc,heap     ] GC(211) Eden regions: 335->0(308)
[97.776s][info][gc,heap     ] GC(211) Survivor regions: 54->36(49)
[97.776s][info][gc,heap     ] GC(211) Old regions: 460->515
[97.776s][info][gc,heap     ] GC(211) Humongous regions: 8->8
[97.776s][info][gc,metaspace] GC(211) Metaspace: 18224K(18432K)->18224K(18432K) NonClass: 15565K(15680K)->15565K(15680K) Class: 2659K(2752K)->2659K(2752K)
[97.776s][info][gc          ] GC(211) Pause Young (Normal) (G1 Evacuation Pause) 857M->558M(978M) 107.457ms
[97.776s][info][gc,cpu      ] GC(211) User=0.21s Sys=0.00s Real=0.10s
[97.950s][info][gc,marking  ] GC(209) Concurrent Mark From Roots 1279.593ms
[97.950s][info][gc,marking  ] GC(209) Concurrent Preclean
[97.950s][info][gc,marking  ] GC(209) Concurrent Preclean 0.041ms
[97.951s][info][gc,start    ] GC(209) Pause Remark
[97.958s][info][gc          ] GC(209) Pause Remark 717M->699M(978M) 6.596ms
[97.958s][info][gc,cpu      ] GC(209) User=0.01s Sys=0.00s Real=0.01s
[97.958s][info][gc,marking  ] GC(209) Concurrent Mark 1287.027ms
[97.958s][info][gc,marking  ] GC(209) Concurrent Rebuild Remembered Sets and Scrub Regions
[98.216s][info][gc,start    ] GC(212) Pause Young (Normal) (G1 Evacuation Pause)
[98.216s][info][gc,task     ] GC(212) Using 2 workers of 2 for evacuation
[98.284s][info][gc,phases   ] GC(212)   Pre Evacuate Collection Set: 0.27ms
[98.284s][info][gc,phases   ] GC(212)   Merge Heap Roots: 0.36ms
[98.284s][info][gc,phases   ] GC(212)   Evacuate Collection Set: 66.15ms
[98.284s][info][gc,phases   ] GC(212)   Post Evacuate Collection Set: 0.53ms
[98.284s][info][gc,phases   ] GC(212)   Other: 0.10ms
[98.284s][info][gc,heap     ] GC(212) Eden regions: 308->0(311)
[98.284s][info][gc,heap     ] GC(212) Survivor regions: 36->20(43)
[98.284s][info][gc,heap     ] GC(212) Old regions: 497->533
[98.284s][info][gc,heap     ] GC(212) Humongous regions: 8->8
[98.284s][info][gc,metaspace] GC(212) Metaspace: 18230K(18432K)->18230K(18432K) NonClass: 15571K(15680K)->15571K(15680K) Class: 2659K(2752K)->2659K(2752K)
[98.284s][info][gc          ] GC(212) Pause Young (Normal) (G1 Evacuation Pause) 848M->560M(978M) 67.642ms
[98.284s][info][gc,cpu      ] GC(212) User=0.13s Sys=0.00s Real=0.06s
[98.443s][info][gc,marking  ] GC(209) Concurrent Rebuild Remembered Sets and Scrub Regions 485.643ms
[98.444s][info][gc,start    ] GC(209) Pause Cleanup
[98.444s][info][gc          ] GC(209) Pause Cleanup 635M->635M(978M) 0.095ms
[98.444s][info][gc,cpu      ] GC(209) User=0.00s Sys=0.00s Real=0.00s
[98.444s][info][gc,marking  ] GC(209) Concurrent Clear Claimed Marks
[98.444s][info][gc,marking  ] GC(209) Concurrent Clear Claimed Marks 0.028ms
[98.444s][info][gc,marking  ] GC(209) Concurrent Cleanup for Next Mark
[98.447s][info][gc,marking  ] GC(209) Concurrent Cleanup for Next Mark 2.809ms
[98.447s][info][gc          ] GC(209) Concurrent Mark Cycle 1837.947ms
[98.847s][info][gc,start    ] GC(213) Pause Young (Prepare Mixed) (G1 Evacuation Pause)
[98.847s][info][gc,task     ] GC(213) Using 2 workers of 2 for evacuation
[98.912s][info][gc,phases   ] GC(213)   Pre Evacuate Collection Set: 0.51ms
[98.912s][info][gc,phases   ] GC(213)   Merge Heap Roots: 0.42ms
[98.912s][info][gc,phases   ] GC(213)   Evacuate Collection Set: 63.43ms
[98.912s][info][gc,phases   ] GC(213)   Post Evacuate Collection Set: 0.58ms
[98.912s][info][gc,phases   ] GC(213)   Other: 0.10ms
[98.912s][info][gc,heap     ] GC(213) Eden regions: 311->0(287)
[98.912s][info][gc,heap     ] GC(213) Survivor regions: 20->42(42)
[98.912s][info][gc,heap     ] GC(213) Old regions: 533->544
[98.912s][info][gc,heap     ] GC(213) Humongous regions: 8->8
[98.912s][info][gc,metaspace] GC(213) Metaspace: 18233K(18432K)->18233K(18432K) NonClass: 15574K(15680K)->15574K(15680K) Class: 2659K(2752K)->2659K(2752K)
[98.912s][info][gc          ] GC(213) Pause Young (Prepare Mixed) (G1 Evacuation Pause) 871M->594M(978M) 65.261ms
[98.912s][info][gc,cpu      ] GC(213) User=0.13s Sys=0.00s Real=0.06s
[99.236s][info][gc,start    ] GC(214) Pause Young (Mixed) (G1 Evacuation Pause)
[99.236s][info][gc,task     ] GC(214) Using 2 workers of 2 for evacuation
[99.351s][info][gc,phases   ] GC(214)   Pre Evacuate Collection Set: 0.31ms
[99.351s][info][gc,phases   ] GC(214)   Merge Heap Roots: 0.31ms
[99.351s][info][gc,phases   ] GC(214)   Evacuate Collection Set: 109.61ms
[99.351s][info][gc,phases   ] GC(214)   Post Evacuate Collection Set: 4.31ms
[99.351s][info][gc,phases   ] GC(214)   Other: 0.07ms
[99.351s][info][gc,heap     ] GC(214) Eden regions: 287->0(201)
[99.351s][info][gc,heap     ] GC(214) Survivor regions: 42->42(42)
[99.351s][info][gc,heap     ] GC(214) Old regions: 544->633
[99.351s][info][gc,heap     ] GC(214) Humongous regions: 8->8
[99.351s][info][gc,metaspace] GC(214) Metaspace: 18233K(18432K)->18233K(18432K) NonClass: 15574K(15680K)->15574K(15680K) Class: 2659K(2752K)->2659K(2752K)
[99.351s][info][gc          ] GC(214) Pause Young (Mixed) (G1 Evacuation Pause) (Evacuation Failure: Allocation) 881M->683M(978M) 114.807ms
[99.351s][info][gc,cpu      ] GC(214) User=0.23s Sys=0.00s Real=0.12s
[99.680s][info][gc,start    ] GC(215) Pause Young (Concurrent Start) (G1 Evacuation Pause)
[99.680s][info][gc,task     ] GC(215) Using 2 workers of 2 for evacuation
[99.748s][info][gc,phases   ] GC(215)   Pre Evacuate Collection Set: 0.32ms
[99.748s][info][gc,phases   ] GC(215)   Merge Heap Roots: 0.36ms
[99.748s][info][gc,phases   ] GC(215)   Evacuate Collection Set: 65.95ms
[99.748s][info][gc,phases   ] GC(215)   Post Evacuate Collection Set: 0.60ms
[99.748s][info][gc,phases   ] GC(215)   Other: 0.10ms
[99.748s][info][gc,heap     ] GC(215) Eden regions: 201->0(218)
[99.748s][info][gc,heap     ] GC(215) Survivor regions: 42->15(31)
[99.748s][info][gc,heap     ] GC(215) Old regions: 633->645
[99.748s][info][gc,heap     ] GC(215) Humongous regions: 8->8
[99.748s][info][gc,metaspace] GC(215) Metaspace: 18237K(18432K)->18237K(18432K) NonClass: 15578K(15680K)->15578K(15680K) Class: 2659K(2752K)->2659K(2752K)
[99.748s][info][gc          ] GC(215) Pause Young (Concurrent Start) (G1 Evacuation Pause) 884M->667M(978M) 67.574ms
[99.748s][info][gc          ] GC(216) Concurrent Mark Cycle
[99.748s][info][gc,marking  ] GC(216) Concurrent Scan Root Regions
[99.750s][info][gc,cpu      ] GC(215) User=0.13s Sys=0.00s Real=0.07s
[99.820s][info][gc,marking  ] GC(216) Concurrent Scan Root Regions 71.832ms
[99.820s][info][gc,marking  ] GC(216) Concurrent Mark
[99.820s][info][gc,marking  ] GC(216) Concurrent Mark From Roots
[99.820s][info][gc,task     ] GC(216) Using 1 workers of 1 for marking
[100.155s][info][gc,start    ] GC(217) Pause Young (Normal) (G1 Evacuation Pause)
[100.155s][info][gc,task     ] GC(217) Using 2 workers of 2 for evacuation
[100.235s][info][gc,phases   ] GC(217)   Pre Evacuate Collection Set: 0.50ms
[100.235s][info][gc,phases   ] GC(217)   Merge Heap Roots: 0.34ms
[100.235s][info][gc,phases   ] GC(217)   Evacuate Collection Set: 78.27ms
[100.235s][info][gc,phases   ] GC(217)   Post Evacuate Collection Set: 0.50ms
[100.235s][info][gc,phases   ] GC(217)   Other: 0.09ms
[100.235s][info][gc,heap     ] GC(217) Eden regions: 218->0(175)
[100.235s][info][gc,heap     ] GC(217) Survivor regions: 15->30(30)
[100.235s][info][gc,heap     ] GC(217) Old regions: 645->677
[100.235s][info][gc,heap     ] GC(217) Humongous regions: 11->11
[100.235s][info][gc,metaspace] GC(217) Metaspace: 18237K(18432K)->18237K(18432K) NonClass: 15578K(15680K)->15578K(15680K) Class: 2659K(2752K)->2659K(2752K)
[100.235s][info][gc          ] GC(217) Pause Young (Normal) (G1 Evacuation Pause) 888M->718M(978M) 79.935ms
[100.235s][info][gc,cpu      ] GC(217) User=0.15s Sys=0.00s Real=0.08s
[100.505s][info][gc,start    ] GC(218) Pause Young (Normal) (G1 Evacuation Pause)
[100.505s][info][gc,task     ] GC(218) Using 2 workers of 2 for evacuation
[100.551s][info][gc,phases   ] GC(218)   Pre Evacuate Collection Set: 0.27ms
[100.551s][info][gc,phases   ] GC(218)   Merge Heap Roots: 0.31ms
[100.551s][info][gc,phases   ] GC(218)   Evacuate Collection Set: 45.65ms
[100.551s][info][gc,phases   ] GC(218)   Post Evacuate Collection Set: 0.39ms
[100.551s][info][gc,phases   ] GC(218)   Other: 0.08ms
[100.551s][info][gc,heap     ] GC(218) Eden regions: 175->0(182)
[100.551s][info][gc,heap     ] GC(218) Survivor regions: 30->4(26)
[100.552s][info][gc,heap     ] GC(218) Old regions: 677->708
[100.552s][info][gc,heap     ] GC(218) Humongous regions: 11->11
[100.552s][info][gc,metaspace] GC(218) Metaspace: 18237K(18432K)->18237K(18432K) NonClass: 15578K(15680K)->15578K(15680K) Class: 2659K(2752K)->2659K(2752K)
[100.552s][info][gc          ] GC(218) Pause Young (Normal) (G1 Evacuation Pause) 893M->722M(978M) 46.955ms
[100.552s][info][gc,cpu      ] GC(218) User=0.10s Sys=0.00s Real=0.05s
[100.877s][info][gc,start    ] GC(219) Pause Young (Normal) (G1 Evacuation Pause)
[100.877s][info][gc,task     ] GC(219) Using 2 workers of 2 for evacuation
[100.893s][info][gc,phases   ] GC(219)   Pre Evacuate Collection Set: 0.27ms
[100.893s][info][gc,phases   ] GC(219)   Merge Heap Roots: 0.21ms
[100.893s][info][gc,phases   ] GC(219)   Evacuate Collection Set: 14.62ms
[100.893s][info][gc,phases   ] GC(219)   Post Evacuate Collection Set: 0.38ms
[100.893s][info][gc,phases   ] GC(219)   Other: 0.08ms
[100.893s][info][gc,heap     ] GC(219) Eden regions: 182->0(189)
[100.893s][info][gc,heap     ] GC(219) Survivor regions: 4->8(24)
[100.893s][info][gc,heap     ] GC(219) Old regions: 708->708
[100.893s][info][gc,heap     ] GC(219) Humongous regions: 11->11
[100.893s][info][gc,metaspace] GC(219) Metaspace: 18237K(18432K)->18237K(18432K) NonClass: 15578K(15680K)->15578K(15680K) Class: 2659K(2752K)->2659K(2752K)
[100.893s][info][gc          ] GC(219) Pause Young (Normal) (G1 Evacuation Pause) 904M->726M(978M) 15.774ms
[100.893s][info][gc,cpu      ] GC(219) User=0.03s Sys=0.00s Real=0.01s
[100.972s][info][gc,marking  ] GC(216) Concurrent Mark From Roots 1152.462ms
[100.972s][info][gc,marking  ] GC(216) Concurrent Preclean
[100.972s][info][gc,marking  ] GC(216) Concurrent Preclean 0.035ms
[100.973s][info][gc,start    ] GC(216) Pause Remark
[100.980s][info][gc          ] GC(216) Pause Remark 758M->609M(978M) 6.706ms
[100.980s][info][gc,cpu      ] GC(216) User=0.02s Sys=0.00s Real=0.01s
[100.980s][info][gc,marking  ] GC(216) Concurrent Mark 1159.838ms
[100.980s][info][gc,marking  ] GC(216) Concurrent Rebuild Remembered Sets and Scrub Regions
[101.335s][info][gc,start    ] GC(220) Pause Young (Normal) (G1 Evacuation Pause)
[101.335s][info][gc,task     ] GC(220) Using 2 workers of 2 for evacuation
[101.385s][info][gc,phases   ] GC(220)   Pre Evacuate Collection Set: 0.28ms
[101.385s][info][gc,phases   ] GC(220)   Merge Heap Roots: 0.51ms
[101.385s][info][gc,phases   ] GC(220)   Evacuate Collection Set: 49.01ms
[101.385s][info][gc,phases   ] GC(220)   Post Evacuate Collection Set: 0.48ms
[101.385s][info][gc,phases   ] GC(220)   Other: 0.08ms
[101.385s][info][gc,heap     ] GC(220) Eden regions: 189->0(264)
[101.385s][info][gc,heap     ] GC(220) Survivor regions: 8->25(25)
[101.385s][info][gc,heap     ] GC(220) Old regions: 563->571
[101.385s][info][gc,heap     ] GC(220) Humongous regions: 7->7
[101.385s][info][gc,metaspace] GC(220) Metaspace: 18237K(18432K)->18237K(18432K) NonClass: 15578K(15680K)->15578K(15680K) Class: 2659K(2752K)->2659K(2752K)
[101.385s][info][gc          ] GC(220) Pause Young (Normal) (G1 Evacuation Pause) 766M->603M(978M) 50.588ms
[101.385s][info][gc,cpu      ] GC(220) User=0.10s Sys=0.00s Real=0.05s
[101.681s][info][gc,marking  ] GC(216) Concurrent Rebuild Remembered Sets and Scrub Regions 701.510ms
[101.681s][info][gc,start    ] GC(216) Pause Cleanup
[101.681s][info][gc          ] GC(216) Pause Cleanup 786M->786M(978M) 0.119ms
[101.681s][info][gc,cpu      ] GC(216) User=0.00s Sys=0.00s Real=0.00s
[101.682s][info][gc,marking  ] GC(216) Concurrent Clear Claimed Marks
[101.682s][info][gc,marking  ] GC(216) Concurrent Clear Claimed Marks 0.040ms
[101.682s][info][gc,marking  ] GC(216) Concurrent Cleanup for Next Mark
[101.687s][info][gc,marking  ] GC(216) Concurrent Cleanup for Next Mark 4.860ms
[101.687s][info][gc          ] GC(216) Concurrent Mark Cycle 1939.386ms
[101.849s][info][gc,start    ] GC(221) Pause Young (Prepare Mixed) (G1 Evacuation Pause)
[101.849s][info][gc,task     ] GC(221) Using 2 workers of 2 for evacuation
[101.952s][info][gc,phases   ] GC(221)   Pre Evacuate Collection Set: 0.27ms
[101.952s][info][gc,phases   ] GC(221)   Merge Heap Roots: 0.48ms
[101.952s][info][gc,phases   ] GC(221)   Evacuate Collection Set: 101.82ms
[101.952s][info][gc,phases   ] GC(221)   Post Evacuate Collection Set: 0.97ms
[101.952s][info][gc,phases   ] GC(221)   Other: 0.10ms
[101.952s][info][gc,heap     ] GC(221) Eden regions: 264->0(187)
[101.952s][info][gc,heap     ] GC(221) Survivor regions: 25->37(37)
[101.952s][info][gc,heap     ] GC(221) Old regions: 571->636
[101.952s][info][gc,heap     ] GC(221) Humongous regions: 7->7
[101.952s][info][gc,metaspace] GC(221) Metaspace: 18237K(18432K)->18237K(18432K) NonClass: 15578K(15680K)->15578K(15680K) Class: 2659K(2752K)->2659K(2752K)
[101.952s][info][gc          ] GC(221) Pause Young (Prepare Mixed) (G1 Evacuation Pause) 867M->680M(978M) 103.882ms
[101.953s][info][gc,cpu      ] GC(221) User=0.21s Sys=0.00s Real=0.10s
[102.243s][info][gc,start    ] GC(222) Pause Young (Mixed) (G1 Evacuation Pause)
[102.243s][info][gc,task     ] GC(222) Using 2 workers of 2 for evacuation
[102.351s][info][gc,phases   ] GC(222)   Pre Evacuate Collection Set: 0.32ms
[102.351s][info][gc,phases   ] GC(222)   Merge Heap Roots: 0.91ms
[102.351s][info][gc,phases   ] GC(222)   Evacuate Collection Set: 106.11ms
[102.351s][info][gc,phases   ] GC(222)   Post Evacuate Collection Set: 0.81ms
[102.351s][info][gc,phases   ] GC(222)   Other: 0.08ms
[102.351s][info][gc,heap     ] GC(222) Eden regions: 187->0(63)
[102.351s][info][gc,heap     ] GC(222) Survivor regions: 37->22(28)
[102.351s][info][gc,heap     ] GC(222) Old regions: 636->612
[102.351s][info][gc,heap     ] GC(222) Humongous regions: 10->10
[102.351s][info][gc,metaspace] GC(222) Metaspace: 18240K(18432K)->18240K(18432K) NonClass: 15581K(15680K)->15581K(15680K) Class: 2659K(2752K)->2659K(2752K)
[102.351s][info][gc          ] GC(222) Pause Young (Mixed) (G1 Evacuation Pause) 870M->643M(978M) 108.477ms
[102.351s][info][gc,cpu      ] GC(222) User=0.21s Sys=0.01s Real=0.11s
[102.470s][info][gc,start    ] GC(223) Pause Young (Mixed) (G1 Evacuation Pause)
[102.470s][info][gc,task     ] GC(223) Using 2 workers of 2 for evacuation
[102.653s][info][gc,phases   ] GC(223)   Pre Evacuate Collection Set: 0.26ms
[102.653s][info][gc,phases   ] GC(223)   Merge Heap Roots: 0.89ms
[102.653s][info][gc,phases   ] GC(223)   Evacuate Collection Set: 181.18ms
[102.653s][info][gc,phases   ] GC(223)   Post Evacuate Collection Set: 1.11ms
[102.653s][info][gc,phases   ] GC(223)   Other: 0.07ms
[102.653s][info][gc,heap     ] GC(223) Eden regions: 80->0(203)
[102.653s][info][gc,heap     ] GC(223) Survivor regions: 22->13(13)
[102.653s][info][gc,heap     ] GC(223) Old regions: 612->637
[102.653s][info][gc,heap     ] GC(223) Humongous regions: 10->10
[102.653s][info][gc,metaspace] GC(223) Metaspace: 18240K(18432K)->18240K(18432K) NonClass: 15581K(15680K)->15581K(15680K) Class: 2659K(2752K)->2659K(2752K)
[102.653s][info][gc          ] GC(223) Pause Young (Mixed) (G1 Evacuation Pause) 723M->659M(978M) 183.785ms
[102.653s][info][gc,cpu      ] GC(223) User=0.36s Sys=0.00s Real=0.18s
[102.870s][info][gc,start    ] GC(224) Pause Young (Concurrent Start) (G1 Evacuation Pause)
[102.870s][info][gc,task     ] GC(224) Using 2 workers of 2 for evacuation
[102.906s][info][gc,phases   ] GC(224)   Pre Evacuate Collection Set: 0.33ms
[102.906s][info][gc,phases   ] GC(224)   Merge Heap Roots: 0.16ms
[102.906s][info][gc,phases   ] GC(224)   Evacuate Collection Set: 35.27ms
[102.906s][info][gc,phases   ] GC(224)   Post Evacuate Collection Set: 0.41ms
[102.906s][info][gc,phases   ] GC(224)   Other: 0.10ms
[102.906s][info][gc,heap     ] GC(224) Eden regions: 203->0(198)
[102.906s][info][gc,heap     ] GC(224) Survivor regions: 13->27(27)
[102.906s][info][gc,heap     ] GC(224) Old regions: 637->642
[102.906s][info][gc,heap     ] GC(224) Humongous regions: 10->10
[102.906s][info][gc,metaspace] GC(224) Metaspace: 18240K(18432K)->18240K(18432K) NonClass: 15581K(15680K)->15581K(15680K) Class: 2659K(2752K)->2659K(2752K)
[102.906s][info][gc          ] GC(224) Pause Young (Concurrent Start) (G1 Evacuation Pause) 862M->678M(978M) 36.470ms
[102.906s][info][gc          ] GC(225) Concurrent Mark Cycle
[102.906s][info][gc,marking  ] GC(225) Concurrent Scan Root Regions
[102.906s][info][gc,cpu      ] GC(224) User=0.07s Sys=0.00s Real=0.04s
[102.967s][info][gc,marking  ] GC(225) Concurrent Scan Root Regions 60.391ms
[102.967s][info][gc,marking  ] GC(225) Concurrent Mark
[102.967s][info][gc,marking  ] GC(225) Concurrent Mark From Roots
[102.967s][info][gc,task     ] GC(225) Using 1 workers of 1 for marking
[103.291s][info][gc,start    ] GC(226) Pause Young (Normal) (G1 Evacuation Pause)
[103.291s][info][gc,task     ] GC(226) Using 2 workers of 2 for evacuation
[103.325s][info][gc,phases   ] GC(226)   Pre Evacuate Collection Set: 0.27ms
[103.325s][info][gc,phases   ] GC(226)   Merge Heap Roots: 0.20ms
[103.325s][info][gc,phases   ] GC(226)   Evacuate Collection Set: 33.15ms
[103.325s][info][gc,phases   ] GC(226)   Post Evacuate Collection Set: 0.41ms
[103.325s][info][gc,phases   ] GC(226)   Other: 0.09ms
[103.325s][info][gc,heap     ] GC(226) Eden regions: 198->0(206)
[103.325s][info][gc,heap     ] GC(226) Survivor regions: 27->5(29)
[103.325s][info][gc,heap     ] GC(226) Old regions: 642->669
[103.325s][info][gc,heap     ] GC(226) Humongous regions: 10->10
[103.325s][info][gc,metaspace] GC(226) Metaspace: 18240K(18432K)->18240K(18432K) NonClass: 15581K(15680K)->15581K(15680K) Class: 2659K(2752K)->2659K(2752K)
[103.325s][info][gc          ] GC(226) Pause Young (Normal) (G1 Evacuation Pause) 876M->684M(978M) 34.341ms
[103.325s][info][gc,cpu      ] GC(226) User=0.07s Sys=0.00s Real=0.03s
[103.765s][info][gc,start    ] GC(227) Pause Young (Normal) (G1 Evacuation Pause)
[103.765s][info][gc,task     ] GC(227) Using 2 workers of 2 for evacuation
[103.787s][info][gc,phases   ] GC(227)   Pre Evacuate Collection Set: 0.28ms
[103.787s][info][gc,phases   ] GC(227)   Merge Heap Roots: 0.14ms
[103.787s][info][gc,phases   ] GC(227)   Evacuate Collection Set: 20.70ms
[103.787s][info][gc,phases   ] GC(227)   Post Evacuate Collection Set: 0.40ms
[103.787s][info][gc,phases   ] GC(227)   Other: 0.09ms
[103.787s][info][gc,heap     ] GC(227) Eden regions: 206->0(202)
[103.787s][info][gc,heap     ] GC(227) Survivor regions: 5->19(27)
[103.787s][info][gc,heap     ] GC(227) Old regions: 669->669
[103.787s][info][gc,heap     ] GC(227) Humongous regions: 10->10
[103.787s][info][gc,metaspace] GC(227) Metaspace: 18241K(18432K)->18241K(18432K) NonClass: 15582K(15680K)->15582K(15680K) Class: 2659K(2752K)->2659K(2752K)
[103.787s][info][gc          ] GC(227) Pause Young (Normal) (G1 Evacuation Pause) 890M->698M(978M) 21.863ms
[103.787s][info][gc,cpu      ] GC(227) User=0.04s Sys=0.00s Real=0.03s
[104.404s][info][gc,start    ] GC(228) Pause Young (Normal) (G1 Evacuation Pause)
[104.404s][info][gc,task     ] GC(228) Using 2 workers of 2 for evacuation
[104.440s][info][gc,phases   ] GC(228)   Pre Evacuate Collection Set: 0.28ms
[104.440s][info][gc,phases   ] GC(228)   Merge Heap Roots: 0.23ms
[104.440s][info][gc,phases   ] GC(228)   Evacuate Collection Set: 34.22ms
[104.440s][info][gc,phases   ] GC(228)   Post Evacuate Collection Set: 0.40ms
[104.440s][info][gc,phases   ] GC(228)   Other: 0.10ms
[104.440s][info][gc,heap     ] GC(228) Eden regions: 202->0(190)
[104.440s][info][gc,heap     ] GC(228) Survivor regions: 19->27(28)
[104.440s][info][gc,heap     ] GC(228) Old regions: 669->674
[104.440s][info][gc,heap     ] GC(228) Humongous regions: 10->10
[104.440s][info][gc,metaspace] GC(228) Metaspace: 18242K(18432K)->18242K(18432K) NonClass: 15583K(15680K)->15583K(15680K) Class: 2659K(2752K)->2659K(2752K)
[104.440s][info][gc          ] GC(228) Pause Young (Normal) (G1 Evacuation Pause) 900M->710M(978M) 35.448ms
[104.440s][info][gc,cpu      ] GC(228) User=0.07s Sys=0.00s Real=0.04s
[104.549s][info][gc,marking  ] GC(225) Concurrent Mark From Roots 1582.295ms
[104.549s][info][gc,marking  ] GC(225) Concurrent Preclean
[104.549s][info][gc,marking  ] GC(225) Concurrent Preclean 0.029ms
[104.549s][info][gc,start    ] GC(225) Pause Remark
[104.556s][info][gc          ] GC(225) Pause Remark 748M->618M(978M) 6.733ms
[104.556s][info][gc,cpu      ] GC(225) User=0.01s Sys=0.00s Real=0.00s
[104.558s][info][gc,marking  ] GC(225) Concurrent Mark 1590.941ms
[104.558s][info][gc,marking  ] GC(225) Concurrent Rebuild Remembered Sets and Scrub Regions
[105.034s][info][gc,marking  ] GC(225) Concurrent Rebuild Remembered Sets and Scrub Regions 476.719ms
[105.035s][info][gc,start    ] GC(225) Pause Cleanup
[105.035s][info][gc          ] GC(225) Pause Cleanup 760M->760M(978M) 0.100ms
[105.035s][info][gc,cpu      ] GC(225) User=0.00s Sys=0.00s Real=0.00s
[105.035s][info][gc,marking  ] GC(225) Concurrent Clear Claimed Marks
[105.035s][info][gc,marking  ] GC(225) Concurrent Clear Claimed Marks 0.026ms
[105.035s][info][gc,marking  ] GC(225) Concurrent Cleanup for Next Mark
[105.038s][info][gc,marking  ] GC(225) Concurrent Cleanup for Next Mark 2.799ms
[105.038s][info][gc          ] GC(225) Concurrent Mark Cycle 2131.343ms
[105.066s][info][gc,start    ] GC(229) Pause Young (Prepare Mixed) (G1 Evacuation Pause)
[105.066s][info][gc,task     ] GC(229) Using 2 workers of 2 for evacuation
[105.105s][info][gc,phases   ] GC(229)   Pre Evacuate Collection Set: 0.25ms
[105.105s][info][gc,phases   ] GC(229)   Merge Heap Roots: 0.45ms
[105.105s][info][gc,phases   ] GC(229)   Evacuate Collection Set: 37.77ms
[105.105s][info][gc,phases   ] GC(229)   Post Evacuate Collection Set: 0.38ms
[105.105s][info][gc,phases   ] GC(229)   Other: 0.06ms
[105.105s][info][gc,heap     ] GC(229) Eden regions: 190->0(309)
[105.105s][info][gc,heap     ] GC(229) Survivor regions: 27->13(28)
[105.105s][info][gc,heap     ] GC(229) Old regions: 548->563
[105.105s][info][gc,heap     ] GC(229) Humongous regions: 6->6
[105.105s][info][gc,metaspace] GC(229) Metaspace: 18242K(18432K)->18242K(18432K) NonClass: 15583K(15680K)->15583K(15680K) Class: 2659K(2752K)->2659K(2752K)
[105.105s][info][gc          ] GC(229) Pause Young (Prepare Mixed) (G1 Evacuation Pause) 770M->581M(978M) 39.078ms
[105.105s][info][gc,cpu      ] GC(229) User=0.08s Sys=0.00s Real=0.04s
[105.476s][info][gc,start    ] GC(230) Pause Young (Mixed) (G1 Evacuation Pause)
[105.476s][info][gc,task     ] GC(230) Using 2 workers of 2 for evacuation
[105.551s][info][gc,phases   ] GC(230)   Pre Evacuate Collection Set: 0.47ms
[105.551s][info][gc,phases   ] GC(230)   Merge Heap Roots: 0.19ms
[105.551s][info][gc,phases   ] GC(230)   Evacuate Collection Set: 73.99ms
[105.551s][info][gc,phases   ] GC(230)   Post Evacuate Collection Set: 0.78ms
[105.551s][info][gc,phases   ] GC(230)   Other: 0.08ms
[105.551s][info][gc,heap     ] GC(230) Eden regions: 309->0(236)
[105.551s][info][gc,heap     ] GC(230) Survivor regions: 13->41(41)
[105.551s][info][gc,heap     ] GC(230) Old regions: 563->583
[105.551s][info][gc,heap     ] GC(230) Humongous regions: 6->6
[105.551s][info][gc,metaspace] GC(230) Metaspace: 18246K(18432K)->18246K(18432K) NonClass: 15587K(15680K)->15587K(15680K) Class: 2659K(2752K)->2659K(2752K)
[105.551s][info][gc          ] GC(230) Pause Young (Mixed) (G1 Evacuation Pause) 890M->630M(978M) 75.761ms
[105.551s][info][gc,cpu      ] GC(230) User=0.15s Sys=0.00s Real=0.08s
[105.861s][info][gc,start    ] GC(231) Pause Young (Concurrent Start) (G1 Humongous Allocation)
[105.861s][info][gc,task     ] GC(231) Using 2 workers of 2 for evacuation
[105.930s][info][gc,phases   ] GC(231)   Pre Evacuate Collection Set: 0.33ms
[105.930s][info][gc,phases   ] GC(231)   Merge Heap Roots: 0.49ms
[105.930s][info][gc,phases   ] GC(231)   Evacuate Collection Set: 68.19ms
[105.930s][info][gc,phases   ] GC(231)   Post Evacuate Collection Set: 0.55ms
[105.930s][info][gc,phases   ] GC(231)   Other: 0.20ms
[105.930s][info][gc,heap     ] GC(231) Eden regions: 176->0(234)
[105.930s][info][gc,heap     ] GC(231) Survivor regions: 41->11(35)
[105.930s][info][gc,heap     ] GC(231) Old regions: 583->625
[105.930s][info][gc,heap     ] GC(231) Humongous regions: 6->6
[105.930s][info][gc,metaspace] GC(231) Metaspace: 18246K(18432K)->18246K(18432K) NonClass: 15587K(15680K)->15587K(15680K) Class: 2659K(2752K)->2659K(2752K)
[105.931s][info][gc          ] GC(231) Pause Young (Concurrent Start) (G1 Humongous Allocation) 806M->641M(978M) 70.004ms
[105.931s][info][gc,cpu      ] GC(231) User=0.14s Sys=0.00s Real=0.07s
[105.931s][info][gc          ] GC(232) Concurrent Mark Cycle
[105.931s][info][gc,marking  ] GC(232) Concurrent Scan Root Regions
[105.999s][info][gc,marking  ] GC(232) Concurrent Scan Root Regions 68.646ms
[105.999s][info][gc,marking  ] GC(232) Concurrent Mark
[105.999s][info][gc,marking  ] GC(232) Concurrent Mark From Roots
[105.999s][info][gc,task     ] GC(232) Using 1 workers of 1 for marking
[106.301s][info][gc,start    ] GC(233) Pause Young (Normal) (G1 Evacuation Pause)
[106.301s][info][gc,task     ] GC(233) Using 2 workers of 2 for evacuation
[106.381s][info][gc,phases   ] GC(233)   Pre Evacuate Collection Set: 0.48ms
[106.381s][info][gc,phases   ] GC(233)   Merge Heap Roots: 0.37ms
[106.381s][info][gc,phases   ] GC(233)   Evacuate Collection Set: 78.15ms
[106.381s][info][gc,phases   ] GC(233)   Post Evacuate Collection Set: 0.61ms
[106.381s][info][gc,phases   ] GC(233)   Other: 0.09ms
[106.381s][info][gc,heap     ] GC(233) Eden regions: 234->0(191)
[106.381s][info][gc,heap     ] GC(233) Survivor regions: 11->31(31)
[106.381s][info][gc,heap     ] GC(233) Old regions: 625->654
[106.381s][info][gc,heap     ] GC(233) Humongous regions: 9->9
[106.381s][info][gc,metaspace] GC(233) Metaspace: 18246K(18432K)->18246K(18432K) NonClass: 15587K(15680K)->15587K(15680K) Class: 2659K(2752K)->2659K(2752K)
[106.381s][info][gc          ] GC(233) Pause Young (Normal) (G1 Evacuation Pause) 878M->694M(978M) 79.967ms
[106.381s][info][gc,cpu      ] GC(233) User=0.16s Sys=0.00s Real=0.08s
[106.656s][info][gc,start    ] GC(234) Pause Young (Normal) (G1 Evacuation Pause)
[106.656s][info][gc,task     ] GC(234) Using 2 workers of 2 for evacuation
[106.708s][info][gc,phases   ] GC(234)   Pre Evacuate Collection Set: 0.47ms
[106.708s][info][gc,phases   ] GC(234)   Merge Heap Roots: 0.47ms
[106.708s][info][gc,phases   ] GC(234)   Evacuate Collection Set: 50.39ms
[106.708s][info][gc,phases   ] GC(234)   Post Evacuate Collection Set: 0.37ms
[106.708s][info][gc,phases   ] GC(234)   Other: 0.10ms
[106.708s][info][gc,heap     ] GC(234) Eden regions: 191->0(201)
[106.708s][info][gc,heap     ] GC(234) Survivor regions: 31->1(28)
[106.708s][info][gc,heap     ] GC(234) Old regions: 654->686
[106.708s][info][gc,heap     ] GC(234) Humongous regions: 9->9
[106.708s][info][gc,metaspace] GC(234) Metaspace: 18246K(18432K)->18246K(18432K) NonClass: 15587K(15680K)->15587K(15680K) Class: 2659K(2752K)->2659K(2752K)
[106.708s][info][gc          ] GC(234) Pause Young (Normal) (G1 Evacuation Pause) 885M->695M(978M) 52.031ms
[106.708s][info][gc,cpu      ] GC(234) User=0.10s Sys=0.00s Real=0.05s
[107.119s][info][gc,start    ] GC(235) Pause Young (Normal) (G1 Evacuation Pause)
[107.119s][info][gc,task     ] GC(235) Using 2 workers of 2 for evacuation
[107.138s][info][gc,phases   ] GC(235)   Pre Evacuate Collection Set: 0.29ms
[107.138s][info][gc,phases   ] GC(235)   Merge Heap Roots: 0.19ms
[107.138s][info][gc,phases   ] GC(235)   Evacuate Collection Set: 18.23ms
[107.138s][info][gc,phases   ] GC(235)   Post Evacuate Collection Set: 0.41ms
[107.138s][info][gc,phases   ] GC(235)   Other: 0.09ms
[107.139s][info][gc,heap     ] GC(235) Eden regions: 201->0(197)
[107.139s][info][gc,heap     ] GC(235) Survivor regions: 1->14(26)
[107.139s][info][gc,heap     ] GC(235) Old regions: 686->686
[107.139s][info][gc,heap     ] GC(235) Humongous regions: 9->9
[107.139s][info][gc,metaspace] GC(235) Metaspace: 18246K(18432K)->18246K(18432K) NonClass: 15587K(15680K)->15587K(15680K) Class: 2659K(2752K)->2659K(2752K)
[107.139s][info][gc          ] GC(235) Pause Young (Normal) (G1 Evacuation Pause) 896M->708M(978M) 19.413ms
[107.139s][info][gc,cpu      ] GC(235) User=0.03s Sys=0.00s Real=0.02s
[107.616s][info][gc,marking  ] GC(232) Concurrent Mark From Roots 1617.024ms
[107.616s][info][gc,marking  ] GC(232) Concurrent Preclean
[107.616s][info][gc,marking  ] GC(232) Concurrent Preclean 0.030ms
[107.617s][info][gc,start    ] GC(232) Pause Remark
[107.624s][info][gc          ] GC(232) Pause Remark 885M->875M(978M) 6.611ms
[107.624s][info][gc,cpu      ] GC(232) User=0.01s Sys=0.00s Real=0.00s
[107.624s][info][gc,marking  ] GC(232) Concurrent Mark 1624.736ms
[107.624s][info][gc,marking  ] GC(232) Concurrent Rebuild Remembered Sets and Scrub Regions
[107.784s][info][gc,start    ] GC(236) Pause Young (Normal) (G1 Evacuation Pause)
[107.785s][info][gc,task     ] GC(236) Using 2 workers of 2 for evacuation
[107.822s][info][gc,phases   ] GC(236)   Pre Evacuate Collection Set: 0.26ms
[107.822s][info][gc,phases   ] GC(236)   Merge Heap Roots: 0.25ms
[107.822s][info][gc,phases   ] GC(236)   Evacuate Collection Set: 36.10ms
[107.822s][info][gc,phases   ] GC(236)   Post Evacuate Collection Set: 0.42ms
[107.822s][info][gc,phases   ] GC(236)   Other: 0.09ms
[107.822s][info][gc,heap     ] GC(236) Eden regions: 197->0(185)
[107.822s][info][gc,heap     ] GC(236) Survivor regions: 14->27(27)
[107.822s][info][gc,heap     ] GC(236) Old regions: 676->680
[107.822s][info][gc,heap     ] GC(236) Humongous regions: 9->9
[107.822s][info][gc,metaspace] GC(236) Metaspace: 18247K(18432K)->18247K(18432K) NonClass: 15587K(15680K)->15587K(15680K) Class: 2659K(2752K)->2659K(2752K)
[107.822s][info][gc          ] GC(236) Pause Young (Normal) (G1 Evacuation Pause) 895M->715M(978M) 37.346ms
[107.822s][info][gc,cpu      ] GC(236) User=0.07s Sys=0.00s Real=0.04s
[108.277s][info][gc,marking  ] GC(232) Concurrent Rebuild Remembered Sets and Scrub Regions 652.615ms
[108.277s][info][gc,start    ] GC(232) Pause Cleanup
[108.277s][info][gc          ] GC(232) Pause Cleanup 831M->831M(978M) 0.120ms
[108.277s][info][gc,cpu      ] GC(232) User=0.00s Sys=0.00s Real=0.00s
[108.277s][info][gc,marking  ] GC(232) Concurrent Clear Claimed Marks
[108.277s][info][gc,marking  ] GC(232) Concurrent Clear Claimed Marks 0.034ms
[108.277s][info][gc,marking  ] GC(232) Concurrent Cleanup for Next Mark
[108.284s][info][gc,marking  ] GC(232) Concurrent Cleanup for Next Mark 7.008ms
[108.284s][info][gc          ] GC(232) Concurrent Mark Cycle 2353.626ms
[108.427s][info][gc,start    ] GC(237) Pause Young (Prepare Mixed) (G1 Evacuation Pause)
[108.427s][info][gc,task     ] GC(237) Using 2 workers of 2 for evacuation
[108.468s][info][gc,phases   ] GC(237)   Pre Evacuate Collection Set: 0.29ms
[108.468s][info][gc,phases   ] GC(237)   Merge Heap Roots: 0.47ms
[108.468s][info][gc,phases   ] GC(237)   Evacuate Collection Set: 39.03ms
[108.468s][info][gc,phases   ] GC(237)   Post Evacuate Collection Set: 0.37ms
[108.468s][info][gc,phases   ] GC(237)   Other: 0.07ms
[108.468s][info][gc,heap     ] GC(237) Eden regions: 185->0(203)
[108.468s][info][gc,heap     ] GC(237) Survivor regions: 27->1(27)
[108.468s][info][gc,heap     ] GC(237) Old regions: 680->707
[108.468s][info][gc,heap     ] GC(237) Humongous regions: 9->9
[108.468s][info][gc,metaspace] GC(237) Metaspace: 18247K(18432K)->18247K(18432K) NonClass: 15587K(15680K)->15587K(15680K) Class: 2659K(2752K)->2659K(2752K)
[108.468s][info][gc          ] GC(237) Pause Young (Prepare Mixed) (G1 Evacuation Pause) 900M->717M(978M) 40.437ms
[108.468s][info][gc,cpu      ] GC(237) User=0.08s Sys=0.00s Real=0.04s
[108.827s][info][gc,start    ] GC(238) Pause Young (Mixed) (G1 Evacuation Pause)
[108.827s][info][gc,task     ] GC(238) Using 2 workers of 2 for evacuation
[108.848s][info][gc,phases   ] GC(238)   Pre Evacuate Collection Set: 0.28ms
[108.848s][info][gc,phases   ] GC(238)   Merge Heap Roots: 0.12ms
[108.848s][info][gc,phases   ] GC(238)   Evacuate Collection Set: 20.02ms
[108.848s][info][gc,phases   ] GC(238)   Post Evacuate Collection Set: 0.42ms
[108.848s][info][gc,phases   ] GC(238)   Other: 0.07ms
[108.848s][info][gc,heap     ] GC(238) Eden regions: 203->0(184)
[108.848s][info][gc,heap     ] GC(238) Survivor regions: 1->20(26)
[108.848s][info][gc,heap     ] GC(238) Old regions: 707->695
[108.848s][info][gc,heap     ] GC(238) Humongous regions: 9->9
[108.849s][info][gc,metaspace] GC(238) Metaspace: 18255K(18432K)->18255K(18432K) NonClass: 15596K(15680K)->15596K(15680K) Class: 2659K(2752K)->2659K(2752K)
[108.849s][info][gc          ] GC(238) Pause Young (Mixed) (G1 Evacuation Pause) 920M->723M(978M) 21.133ms
[108.849s][info][gc,cpu      ] GC(238) User=0.04s Sys=0.00s Real=0.02s
[109.050s][info][gc,start    ] GC(239) Pause Young (Concurrent Start) (G1 Evacuation Pause)
[109.050s][info][gc,task     ] GC(239) Using 2 workers of 2 for evacuation
[109.077s][info][gc,phases   ] GC(239)   Pre Evacuate Collection Set: 0.32ms
[109.077s][info][gc,phases   ] GC(239)   Merge Heap Roots: 0.11ms
[109.077s][info][gc,phases   ] GC(239)   Evacuate Collection Set: 25.74ms
[109.077s][info][gc,phases   ] GC(239)   Post Evacuate Collection Set: 0.43ms
[109.077s][info][gc,phases   ] GC(239)   Other: 0.10ms
[109.077s][info][gc,heap     ] GC(239) Eden regions: 184->0(171)
[109.077s][info][gc,heap     ] GC(239) Survivor regions: 20->24(26)
[109.077s][info][gc,heap     ] GC(239) Old regions: 695->700
[109.077s][info][gc,heap     ] GC(239) Humongous regions: 9->9
[109.077s][info][gc,metaspace] GC(239) Metaspace: 18255K(18432K)->18255K(18432K) NonClass: 15596K(15680K)->15596K(15680K) Class: 2659K(2752K)->2659K(2752K)
[109.077s][info][gc          ] GC(239) Pause Young (Concurrent Start) (G1 Evacuation Pause) 907M->733M(978M) 26.911ms
[109.077s][info][gc          ] GC(240) Concurrent Mark Cycle
[109.077s][info][gc,marking  ] GC(240) Concurrent Scan Root Regions
[109.077s][info][gc,cpu      ] GC(239) User=0.05s Sys=0.00s Real=0.03s
[109.111s][info][gc,marking  ] GC(240) Concurrent Scan Root Regions 34.623ms
[109.111s][info][gc,marking  ] GC(240) Concurrent Mark
[109.111s][info][gc,marking  ] GC(240) Concurrent Mark From Roots
[109.111s][info][gc,task     ] GC(240) Using 1 workers of 1 for marking
[109.361s][info][gc,start    ] GC(241) Pause Young (Normal) (G1 Evacuation Pause)
[109.361s][info][gc,task     ] GC(241) Using 2 workers of 2 for evacuation
[109.394s][info][gc,phases   ] GC(241)   Pre Evacuate Collection Set: 0.28ms
[109.394s][info][gc,phases   ] GC(241)   Merge Heap Roots: 0.08ms
[109.394s][info][gc,phases   ] GC(241)   Evacuate Collection Set: 31.79ms
[109.394s][info][gc,phases   ] GC(241)   Post Evacuate Collection Set: 0.42ms
[109.394s][info][gc,phases   ] GC(241)   Other: 0.10ms
[109.394s][info][gc,heap     ] GC(241) Eden regions: 171->0(168)
[109.394s][info][gc,heap     ] GC(241) Survivor regions: 24->16(25)
[109.394s][info][gc,heap     ] GC(241) Old regions: 700->719
[109.394s][info][gc,heap     ] GC(241) Humongous regions: 9->9
[109.394s][info][gc,metaspace] GC(241) Metaspace: 18256K(18432K)->18256K(18432K) NonClass: 15597K(15680K)->15597K(15680K) Class: 2659K(2752K)->2659K(2752K)
[109.394s][info][gc          ] GC(241) Pause Young (Normal) (G1 Evacuation Pause) 904M->743M(978M) 32.943ms
[109.394s][info][gc,cpu      ] GC(241) User=0.06s Sys=0.00s Real=0.03s
[109.859s][info][gc,start    ] GC(242) Pause Young (Normal) (G1 Evacuation Pause)
[109.859s][info][gc,task     ] GC(242) Using 2 workers of 2 for evacuation
[109.883s][info][gc,phases   ] GC(242)   Pre Evacuate Collection Set: 0.29ms
[109.883s][info][gc,phases   ] GC(242)   Merge Heap Roots: 0.15ms
[109.883s][info][gc,phases   ] GC(242)   Evacuate Collection Set: 23.11ms
[109.883s][info][gc,phases   ] GC(242)   Post Evacuate Collection Set: 0.36ms
[109.883s][info][gc,phases   ] GC(242)   Other: 0.09ms
[109.883s][info][gc,heap     ] GC(242) Eden regions: 168->0(175)
[109.883s][info][gc,heap     ] GC(242) Survivor regions: 16->5(23)
[109.883s][info][gc,heap     ] GC(242) Old regions: 719->734
[109.883s][info][gc,heap     ] GC(242) Humongous regions: 9->9
[109.883s][info][gc,metaspace] GC(242) Metaspace: 18257K(18432K)->18257K(18432K) NonClass: 15598K(15680K)->15598K(15680K) Class: 2659K(2752K)->2659K(2752K)
[109.883s][info][gc          ] GC(242) Pause Young (Normal) (G1 Evacuation Pause) 911M->748M(978M) 24.247ms
[109.883s][info][gc,cpu      ] GC(242) User=0.04s Sys=0.00s Real=0.02s
[110.273s][info][gc,start    ] GC(243) Pause Young (Normal) (G1 Evacuation Pause)
[110.273s][info][gc,task     ] GC(243) Using 2 workers of 2 for evacuation
[110.292s][info][gc,phases   ] GC(243)   Pre Evacuate Collection Set: 0.26ms
[110.293s][info][gc,phases   ] GC(243)   Merge Heap Roots: 0.10ms
[110.293s][info][gc,phases   ] GC(243)   Evacuate Collection Set: 18.92ms
[110.293s][info][gc,phases   ] GC(243)   Post Evacuate Collection Set: 0.39ms
[110.293s][info][gc,phases   ] GC(243)   Other: 0.07ms
[110.293s][info][gc,heap     ] GC(243) Eden regions: 175->0(147)
[110.293s][info][gc,heap     ] GC(243) Survivor regions: 5->19(23)
[110.293s][info][gc,heap     ] GC(243) Old regions: 734->734
[110.293s][info][gc,heap     ] GC(243) Humongous regions: 9->9
[110.293s][info][gc,metaspace] GC(243) Metaspace: 18259K(18432K)->18259K(18432K) NonClass: 15600K(15680K)->15600K(15680K) Class: 2659K(2752K)->2659K(2752K)
[110.293s][info][gc          ] GC(243) Pause Young (Normal) (G1 Evacuation Pause) 923M->761M(978M) 19.987ms
[110.293s][info][gc,cpu      ] GC(243) User=0.04s Sys=0.00s Real=0.02s
[110.536s][info][gc,start    ] GC(244) Pause Young (Normal) (G1 Evacuation Pause)
[110.536s][info][gc,task     ] GC(244) Using 2 workers of 2 for evacuation
[110.586s][info][gc,phases   ] GC(244)   Pre Evacuate Collection Set: 0.50ms
[110.586s][info][gc,phases   ] GC(244)   Merge Heap Roots: 0.09ms
[110.586s][info][gc,phases   ] GC(244)   Evacuate Collection Set: 48.53ms
[110.586s][info][gc,phases   ] GC(244)   Post Evacuate Collection Set: 0.46ms
[110.586s][info][gc,phases   ] GC(244)   Other: 0.07ms
[110.586s][info][gc,heap     ] GC(244) Eden regions: 147->0(111)
[110.586s][info][gc,heap     ] GC(244) Survivor regions: 19->21(21)
[110.586s][info][gc,heap     ] GC(244) Old regions: 734->766
[110.586s][info][gc,heap     ] GC(244) Humongous regions: 9->9
[110.586s][info][gc,metaspace] GC(244) Metaspace: 18260K(18432K)->18260K(18432K) NonClass: 15601K(15680K)->15601K(15680K) Class: 2659K(2752K)->2659K(2752K)
[110.586s][info][gc          ] GC(244) Pause Young (Normal) (G1 Evacuation Pause) 908M->796M(978M) 49.867ms
[110.586s][info][gc,cpu      ] GC(244) User=0.10s Sys=0.00s Real=0.05s
[110.735s][info][gc,start    ] GC(245) Pause Young (Normal) (G1 Evacuation Pause)
[110.735s][info][gc,task     ] GC(245) Using 2 workers of 2 for evacuation
[110.787s][info][gc,phases   ] GC(245)   Pre Evacuate Collection Set: 0.28ms
[110.787s][info][gc,phases   ] GC(245)   Merge Heap Roots: 0.21ms
[110.787s][info][gc,phases   ] GC(245)   Evacuate Collection Set: 51.29ms
[110.787s][info][gc,phases   ] GC(245)   Post Evacuate Collection Set: 0.45ms
[110.787s][info][gc,phases   ] GC(245)   Other: 0.08ms
[110.787s][info][gc,heap     ] GC(245) Eden regions: 111->0(78)
[110.787s][info][gc,heap     ] GC(245) Survivor regions: 21->17(17)
[110.787s][info][gc,heap     ] GC(245) Old regions: 766->807
[110.787s][info][gc,heap     ] GC(245) Humongous regions: 9->9
[110.787s][info][gc,metaspace] GC(245) Metaspace: 18260K(18432K)->18260K(18432K) NonClass: 15601K(15680K)->15601K(15680K) Class: 2659K(2752K)->2659K(2752K)
[110.787s][info][gc          ] GC(245) Pause Young (Normal) (G1 Evacuation Pause) 907M->832M(978M) 52.522ms
[110.787s][info][gc,cpu      ] GC(245) User=0.10s Sys=0.00s Real=0.06s
[111.006s][info][gc,start    ] GC(246) Pause Young (Normal) (G1 Evacuation Pause)
[111.006s][info][gc,task     ] GC(246) Using 2 workers of 2 for evacuation
[111.030s][info][gc,phases   ] GC(246)   Pre Evacuate Collection Set: 0.29ms
[111.030s][info][gc,phases   ] GC(246)   Merge Heap Roots: 0.34ms
[111.030s][info][gc,phases   ] GC(246)   Evacuate Collection Set: 23.37ms
[111.030s][info][gc,phases   ] GC(246)   Post Evacuate Collection Set: 0.32ms
[111.030s][info][gc,phases   ] GC(246)   Other: 0.07ms
[111.030s][info][gc,heap     ] GC(246) Eden regions: 78->0(89)
[111.030s][info][gc,heap     ] GC(246) Survivor regions: 17->3(12)
[111.030s][info][gc,heap     ] GC(246) Old regions: 807->824
[111.030s][info][gc,heap     ] GC(246) Humongous regions: 9->9
[111.030s][info][gc,metaspace] GC(246) Metaspace: 18261K(18432K)->18261K(18432K) NonClass: 15601K(15680K)->15601K(15680K) Class: 2659K(2752K)->2659K(2752K)
[111.030s][info][gc          ] GC(246) Pause Young (Normal) (G1 Evacuation Pause) 910M->835M(978M) 24.616ms
[111.030s][info][gc,cpu      ] GC(246) User=0.05s Sys=0.00s Real=0.03s
[111.063s][info][gc,marking  ] GC(240) Concurrent Mark From Roots 1951.240ms
[111.063s][info][gc,marking  ] GC(240) Concurrent Preclean
[111.063s][info][gc,marking  ] GC(240) Concurrent Preclean 0.031ms
[111.063s][info][gc,start    ] GC(240) Pause Remark
[111.069s][info][gc          ] GC(240) Pause Remark 873M->752M(978M) 6.578ms
[111.069s][info][gc,cpu      ] GC(240) User=0.01s Sys=0.00s Real=0.01s
[111.070s][info][gc,marking  ] GC(240) Concurrent Mark 1959.088ms
[111.071s][info][gc,marking  ] GC(240) Concurrent Rebuild Remembered Sets and Scrub Regions
[111.168s][info][gc,start    ] GC(247) Pause Young (Normal) (G1 Evacuation Pause)
[111.168s][info][gc,task     ] GC(247) Using 2 workers of 2 for evacuation
[111.186s][info][gc,phases   ] GC(247)   Pre Evacuate Collection Set: 0.28ms
[111.186s][info][gc,phases   ] GC(247)   Merge Heap Roots: 0.28ms
[111.186s][info][gc,phases   ] GC(247)   Evacuate Collection Set: 16.46ms
[111.186s][info][gc,phases   ] GC(247)   Post Evacuate Collection Set: 0.37ms
[111.186s][info][gc,phases   ] GC(247)   Other: 0.09ms
[111.186s][info][gc,heap     ] GC(247) Eden regions: 89->0(186)
[111.186s][info][gc,heap     ] GC(247) Survivor regions: 3->6(12)
[111.186s][info][gc,heap     ] GC(247) Old regions: 706->706
[111.186s][info][gc,heap     ] GC(247) Humongous regions: 6->6
[111.186s][info][gc,metaspace] GC(247) Metaspace: 18261K(18432K)->18261K(18432K) NonClass: 15601K(15680K)->15601K(15680K) Class: 2659K(2752K)->2659K(2752K)
[111.186s][info][gc          ] GC(247) Pause Young (Normal) (G1 Evacuation Pause) 803M->717M(978M) 17.655ms
[111.186s][info][gc,cpu      ] GC(247) User=0.04s Sys=0.00s Real=0.01s
[111.554s][info][gc,start    ] GC(248) Pause Young (Normal) (G1 Evacuation Pause)
[111.554s][info][gc,task     ] GC(248) Using 2 workers of 2 for evacuation
[111.636s][info][gc,phases   ] GC(248)   Pre Evacuate Collection Set: 0.27ms
[111.636s][info][gc,phases   ] GC(248)   Merge Heap Roots: 0.68ms
[111.636s][info][gc,phases   ] GC(248)   Evacuate Collection Set: 80.53ms
[111.636s][info][gc,phases   ] GC(248)   Post Evacuate Collection Set: 0.51ms
[111.636s][info][gc,phases   ] GC(248)   Other: 0.08ms
[111.636s][info][gc,heap     ] GC(248) Eden regions: 186->0(140)
[111.636s][info][gc,heap     ] GC(248) Survivor regions: 6->24(24)
[111.636s][info][gc,heap     ] GC(248) Old regions: 706->731
[111.636s][info][gc,heap     ] GC(248) Humongous regions: 9->9
[111.636s][info][gc,metaspace] GC(248) Metaspace: 18261K(18432K)->18261K(18432K) NonClass: 15601K(15680K)->15601K(15680K) Class: 2659K(2752K)->2659K(2752K)
[111.636s][info][gc          ] GC(248) Pause Young (Normal) (G1 Evacuation Pause) 906M->763M(978M) 82.313ms
[111.636s][info][gc,cpu      ] GC(248) User=0.16s Sys=0.00s Real=0.08s
[111.821s][info][gc,marking  ] GC(240) Concurrent Rebuild Remembered Sets and Scrub Regions 749.997ms
[111.821s][info][gc,start    ] GC(240) Pause Cleanup
[111.821s][info][gc          ] GC(240) Pause Cleanup 859M->859M(978M) 0.108ms
[111.821s][info][gc,cpu      ] GC(240) User=0.00s Sys=0.00s Real=0.00s
[111.821s][info][gc,marking  ] GC(240) Concurrent Clear Claimed Marks
[111.821s][info][gc,marking  ] GC(240) Concurrent Clear Claimed Marks 0.026ms
[111.821s][info][gc,marking  ] GC(240) Concurrent Cleanup for Next Mark
[111.824s][info][gc,marking  ] GC(240) Concurrent Cleanup for Next Mark 2.795ms
[111.824s][info][gc          ] GC(240) Concurrent Mark Cycle 2747.010ms
[111.859s][info][gc,start    ] GC(249) Pause Young (Prepare Mixed) (G1 Evacuation Pause)
[111.859s][info][gc,task     ] GC(249) Using 2 workers of 2 for evacuation
[111.907s][info][gc,phases   ] GC(249)   Pre Evacuate Collection Set: 0.27ms
[111.907s][info][gc,phases   ] GC(249)   Merge Heap Roots: 0.38ms
[111.907s][info][gc,phases   ] GC(249)   Evacuate Collection Set: 46.80ms
[111.907s][info][gc,phases   ] GC(249)   Post Evacuate Collection Set: 0.36ms
[111.907s][info][gc,phases   ] GC(249)   Other: 0.08ms
[111.907s][info][gc,heap     ] GC(249) Eden regions: 140->0(141)
[111.907s][info][gc,heap     ] GC(249) Survivor regions: 24->11(21)
[111.907s][info][gc,heap     ] GC(249) Old regions: 731->755
[111.907s][info][gc,heap     ] GC(249) Humongous regions: 9->9
[111.907s][info][gc,metaspace] GC(249) Metaspace: 18261K(18432K)->18261K(18432K) NonClass: 15601K(15680K)->15601K(15680K) Class: 2659K(2752K)->2659K(2752K)
[111.907s][info][gc          ] GC(249) Pause Young (Prepare Mixed) (G1 Evacuation Pause) 903M->774M(978M) 48.027ms
[111.907s][info][gc,cpu      ] GC(249) User=0.09s Sys=0.00s Real=0.05s
[111.992s][info][gc,start    ] GC(250) Pause Young (Mixed) (G1 Evacuation Pause)
[111.992s][info][gc,task     ] GC(250) Using 2 workers of 2 for evacuation
[112.034s][info][gc,phases   ] GC(250)   Pre Evacuate Collection Set: 0.45ms
[112.034s][info][gc,phases   ] GC(250)   Merge Heap Roots: 0.20ms
[112.034s][info][gc,phases   ] GC(250)   Evacuate Collection Set: 41.07ms
[112.034s][info][gc,phases   ] GC(250)   Post Evacuate Collection Set: 0.46ms
[112.034s][info][gc,phases   ] GC(250)   Other: 0.08ms
[112.034s][info][gc,heap     ] GC(250) Eden regions: 141->0(137)
[112.034s][info][gc,heap     ] GC(250) Survivor regions: 11->19(19)
[112.034s][info][gc,heap     ] GC(250) Old regions: 755->744
[112.034s][info][gc,heap     ] GC(250) Humongous regions: 9->9
[112.034s][info][gc,metaspace] GC(250) Metaspace: 18261K(18432K)->18261K(18432K) NonClass: 15601K(15680K)->15601K(15680K) Class: 2659K(2752K)->2659K(2752K)
[112.034s][info][gc          ] GC(250) Pause Young (Mixed) (G1 Evacuation Pause) 915M->771M(978M) 42.422ms
[112.035s][info][gc,cpu      ] GC(250) User=0.08s Sys=0.00s Real=0.04s
[112.144s][info][gc,start    ] GC(251) Pause Young (Concurrent Start) (G1 Evacuation Pause)
[112.144s][info][gc,task     ] GC(251) Using 2 workers of 2 for evacuation
[112.176s][info][gc,phases   ] GC(251)   Pre Evacuate Collection Set: 0.26ms
[112.176s][info][gc,phases   ] GC(251)   Merge Heap Roots: 0.28ms
[112.176s][info][gc,phases   ] GC(251)   Evacuate Collection Set: 31.04ms
[112.176s][info][gc,phases   ] GC(251)   Post Evacuate Collection Set: 0.35ms
[112.176s][info][gc,phases   ] GC(251)   Other: 0.10ms
[112.176s][info][gc,heap     ] GC(251) Eden regions: 137->0(136)
[112.176s][info][gc,heap     ] GC(251) Survivor regions: 19->10(20)
[112.176s][info][gc,heap     ] GC(251) Old regions: 744->763
[112.176s][info][gc,heap     ] GC(251) Humongous regions: 9->9
[112.176s][info][gc,metaspace] GC(251) Metaspace: 18261K(18432K)->18261K(18432K) NonClass: 15601K(15680K)->15601K(15680K) Class: 2659K(2752K)->2659K(2752K)
[112.176s][info][gc          ] GC(251) Pause Young (Concurrent Start) (G1 Evacuation Pause) 908M->781M(978M) 32.286ms
[112.176s][info][gc          ] GC(252) Concurrent Mark Cycle
[112.176s][info][gc,marking  ] GC(252) Concurrent Scan Root Regions
[112.177s][info][gc,cpu      ] GC(251) User=0.06s Sys=0.00s Real=0.04s
[112.200s][info][gc,marking  ] GC(252) Concurrent Scan Root Regions 24.059ms
[112.200s][info][gc,marking  ] GC(252) Concurrent Mark
[112.200s][info][gc,marking  ] GC(252) Concurrent Mark From Roots
[112.200s][info][gc,task     ] GC(252) Using 1 workers of 1 for marking
[112.395s][info][gc,start    ] GC(253) Pause Young (Normal) (G1 Evacuation Pause)
[112.395s][info][gc,task     ] GC(253) Using 2 workers of 2 for evacuation
[112.428s][info][gc,phases   ] GC(253)   Pre Evacuate Collection Set: 0.27ms
[112.428s][info][gc,phases   ] GC(253)   Merge Heap Roots: 0.22ms
[112.428s][info][gc,phases   ] GC(253)   Evacuate Collection Set: 31.26ms
[112.428s][info][gc,phases   ] GC(253)   Post Evacuate Collection Set: 0.42ms
[112.428s][info][gc,phases   ] GC(253)   Other: 0.10ms
[112.428s][info][gc,heap     ] GC(253) Eden regions: 136->0(113)
[112.428s][info][gc,heap     ] GC(253) Survivor regions: 10->19(19)
[112.428s][info][gc,heap     ] GC(253) Old regions: 763->767
[112.428s][info][gc,heap     ] GC(253) Humongous regions: 10->10
[112.428s][info][gc,metaspace] GC(253) Metaspace: 18261K(18432K)->18261K(18432K) NonClass: 15601K(15680K)->15601K(15680K) Class: 2659K(2752K)->2659K(2752K)
[112.428s][info][gc          ] GC(253) Pause Young (Normal) (G1 Evacuation Pause) 918M->796M(978M) 32.486ms
[112.428s][info][gc,cpu      ] GC(253) User=0.07s Sys=0.00s Real=0.04s
[112.692s][info][gc,start    ] GC(254) Pause Young (Normal) (G1 Evacuation Pause)
[112.692s][info][gc,task     ] GC(254) Using 2 workers of 2 for evacuation
[112.734s][info][gc,phases   ] GC(254)   Pre Evacuate Collection Set: 0.26ms
[112.734s][info][gc,phases   ] GC(254)   Merge Heap Roots: 0.24ms
[112.734s][info][gc,phases   ] GC(254)   Evacuate Collection Set: 40.85ms
[112.734s][info][gc,phases   ] GC(254)   Post Evacuate Collection Set: 0.33ms
[112.734s][info][gc,phases   ] GC(254)   Other: 0.07ms
[112.734s][info][gc,heap     ] GC(254) Eden regions: 113->0(99)
[112.734s][info][gc,heap     ] GC(254) Survivor regions: 19->16(17)
[112.734s][info][gc,heap     ] GC(254) Old regions: 767->787
[112.734s][info][gc,heap     ] GC(254) Humongous regions: 10->10
[112.734s][info][gc,metaspace] GC(254) Metaspace: 18261K(18432K)->18261K(18432K) NonClass: 15601K(15680K)->15601K(15680K) Class: 2659K(2752K)->2659K(2752K)
[112.734s][info][gc          ] GC(254) Pause Young (Normal) (G1 Evacuation Pause) 909M->812M(978M) 41.971ms
[112.734s][info][gc,cpu      ] GC(254) User=0.09s Sys=0.00s Real=0.04s
[112.960s][info][gc,start    ] GC(255) Pause Young (Normal) (G1 Evacuation Pause)
[112.960s][info][gc,task     ] GC(255) Using 2 workers of 2 for evacuation
[112.991s][info][gc,phases   ] GC(255)   Pre Evacuate Collection Set: 0.26ms
[112.991s][info][gc,phases   ] GC(255)   Merge Heap Roots: 0.19ms
[112.991s][info][gc,phases   ] GC(255)   Evacuate Collection Set: 29.35ms
[112.991s][info][gc,phases   ] GC(255)   Post Evacuate Collection Set: 0.31ms
[112.991s][info][gc,phases   ] GC(255)   Other: 0.08ms
[112.991s][info][gc,heap     ] GC(255) Eden regions: 99->0(92)
[112.991s][info][gc,heap     ] GC(255) Survivor regions: 16->12(15)
[112.991s][info][gc,heap     ] GC(255) Old regions: 787->802
[112.991s][info][gc,heap     ] GC(255) Humongous regions: 10->10
[112.991s][info][gc,metaspace] GC(255) Metaspace: 18261K(18432K)->18261K(18432K) NonClass: 15601K(15680K)->15601K(15680K) Class: 2659K(2752K)->2659K(2752K)
[112.991s][info][gc          ] GC(255) Pause Young (Normal) (G1 Evacuation Pause) 911M->824M(978M) 30.416ms
[112.991s][info][gc,cpu      ] GC(255) User=0.06s Sys=0.00s Real=0.03s
[113.256s][info][gc,marking  ] GC(252) Concurrent Mark From Roots 1055.712ms
[113.256s][info][gc,marking  ] GC(252) Concurrent Preclean
[113.256s][info][gc,marking  ] GC(252) Concurrent Preclean 0.029ms
[113.256s][info][gc,start    ] GC(252) Pause Remark
[113.263s][info][gc          ] GC(252) Pause Remark 885M->579M(978M) 6.886ms
[113.263s][info][gc,cpu      ] GC(252) User=0.02s Sys=0.00s Real=0.00s
[113.263s][info][gc,marking  ] GC(252) Concurrent Mark 1062.937ms
[113.263s][info][gc,marking  ] GC(252) Concurrent Rebuild Remembered Sets and Scrub Regions
[113.346s][info][gc,start    ] GC(256) Pause Young (Normal) (G1 Evacuation Pause)
[113.346s][info][gc,task     ] GC(256) Using 2 workers of 2 for evacuation
[113.373s][info][gc,phases   ] GC(256)   Pre Evacuate Collection Set: 0.24ms
[113.373s][info][gc,phases   ] GC(256)   Merge Heap Roots: 0.16ms
[113.373s][info][gc,phases   ] GC(256)   Evacuate Collection Set: 26.65ms
[113.373s][info][gc,phases   ] GC(256)   Post Evacuate Collection Set: 0.32ms
[113.373s][info][gc,phases   ] GC(256)   Other: 0.10ms
[113.373s][info][gc,heap     ] GC(256) Eden regions: 92->0(262)
[113.373s][info][gc,heap     ] GC(256) Survivor regions: 12->13(13)
[113.373s][info][gc,heap     ] GC(256) Old regions: 501->513
[113.373s][info][gc,heap     ] GC(256) Humongous regions: 5->5
[113.373s][info][gc,metaspace] GC(256) Metaspace: 18262K(18432K)->18262K(18432K) NonClass: 15603K(15680K)->15603K(15680K) Class: 2659K(2752K)->2659K(2752K)
[113.373s][info][gc          ] GC(256) Pause Young (Normal) (G1 Evacuation Pause) 610M->531M(978M) 27.672ms
[113.373s][info][gc,cpu      ] GC(256) User=0.05s Sys=0.00s Real=0.03s
[113.676s][info][gc,marking  ] GC(252) Concurrent Rebuild Remembered Sets and Scrub Regions 412.315ms
[113.676s][info][gc,start    ] GC(252) Pause Cleanup
[113.676s][info][gc          ] GC(252) Pause Cleanup 704M->704M(978M) 0.148ms
[113.676s][info][gc,cpu      ] GC(252) User=0.00s Sys=0.00s Real=0.00s
[113.676s][info][gc,marking  ] GC(252) Concurrent Clear Claimed Marks
[113.676s][info][gc,marking  ] GC(252) Concurrent Clear Claimed Marks 0.033ms
[113.676s][info][gc,marking  ] GC(252) Concurrent Cleanup for Next Mark
[113.679s][info][gc,marking  ] GC(252) Concurrent Cleanup for Next Mark 2.826ms
[113.679s][info][gc          ] GC(252) Concurrent Mark Cycle 1502.841ms
[113.787s][info][gc,start    ] GC(257) Pause Young (Prepare Mixed) (G1 Evacuation Pause)
[113.788s][info][gc,task     ] GC(257) Using 2 workers of 2 for evacuation
[113.813s][info][gc,phases   ] GC(257)   Pre Evacuate Collection Set: 0.48ms
[113.813s][info][gc,phases   ] GC(257)   Merge Heap Roots: 0.20ms
[113.813s][info][gc,phases   ] GC(257)   Evacuate Collection Set: 24.19ms
[113.813s][info][gc,phases   ] GC(257)   Post Evacuate Collection Set: 0.46ms
[113.813s][info][gc,phases   ] GC(257)   Other: 0.08ms
[113.813s][info][gc,heap     ] GC(257) Eden regions: 262->0(274)
[113.813s][info][gc,heap     ] GC(257) Survivor regions: 13->24(35)
[113.813s][info][gc,heap     ] GC(257) Old regions: 513->513
[113.813s][info][gc,heap     ] GC(257) Humongous regions: 5->5
[113.813s][info][gc,metaspace] GC(257) Metaspace: 18267K(18432K)->18267K(18432K) NonClass: 15608K(15680K)->15608K(15680K) Class: 2659K(2752K)->2659K(2752K)
[113.813s][info][gc          ] GC(257) Pause Young (Prepare Mixed) (G1 Evacuation Pause) 793M->541M(978M) 25.605ms
[113.813s][info][gc,cpu      ] GC(257) User=0.05s Sys=0.00s Real=0.02s
[114.332s][info][gc,start    ] GC(258) Pause Young (Mixed) (G1 Evacuation Pause)
[114.332s][info][gc,task     ] GC(258) Using 2 workers of 2 for evacuation
[114.384s][info][gc,phases   ] GC(258)   Pre Evacuate Collection Set: 0.52ms
[114.384s][info][gc,phases   ] GC(258)   Merge Heap Roots: 0.51ms
[114.384s][info][gc,phases   ] GC(258)   Evacuate Collection Set: 50.16ms
[114.384s][info][gc,phases   ] GC(258)   Post Evacuate Collection Set: 0.56ms
[114.384s][info][gc,phases   ] GC(258)   Other: 0.08ms
[114.384s][info][gc,heap     ] GC(258) Eden regions: 274->0(325)
[114.384s][info][gc,heap     ] GC(258) Survivor regions: 24->25(38)
[114.384s][info][gc,heap     ] GC(258) Old regions: 513->451
[114.384s][info][gc,heap     ] GC(258) Humongous regions: 5->5
[114.384s][info][gc,metaspace] GC(258) Metaspace: 18267K(18432K)->18267K(18432K) NonClass: 15608K(15680K)->15608K(15680K) Class: 2659K(2752K)->2659K(2752K)
[114.384s][info][gc          ] GC(258) Pause Young (Mixed) (G1 Evacuation Pause) 815M->481M(978M) 52.100ms
[114.384s][info][gc,cpu      ] GC(258) User=0.11s Sys=0.00s Real=0.05s
[114.923s][info][gc,start    ] GC(259) Pause Young (Concurrent Start) (G1 Evacuation Pause)
[114.923s][info][gc,task     ] GC(259) Using 2 workers of 2 for evacuation
[114.975s][info][gc,phases   ] GC(259)   Pre Evacuate Collection Set: 0.32ms
[114.975s][info][gc,phases   ] GC(259)   Merge Heap Roots: 0.57ms
[114.975s][info][gc,phases   ] GC(259)   Evacuate Collection Set: 51.01ms
[114.975s][info][gc,phases   ] GC(259)   Post Evacuate Collection Set: 0.54ms
[114.975s][info][gc,phases   ] GC(259)   Other: 0.09ms
[114.975s][info][gc,heap     ] GC(259) Eden regions: 325->0(323)
[114.975s][info][gc,heap     ] GC(259) Survivor regions: 25->36(44)
[114.975s][info][gc,heap     ] GC(259) Old regions: 451->462
[114.975s][info][gc,heap     ] GC(259) Humongous regions: 5->5
[114.975s][info][gc,metaspace] GC(259) Metaspace: 18267K(18432K)->18267K(18432K) NonClass: 15608K(15680K)->15608K(15680K) Class: 2659K(2752K)->2659K(2752K)
[114.975s][info][gc          ] GC(259) Pause Young (Concurrent Start) (G1 Evacuation Pause) 806M->503M(978M) 52.738ms
[114.975s][info][gc          ] GC(260) Concurrent Mark Cycle
[114.975s][info][gc,marking  ] GC(260) Concurrent Scan Root Regions
[114.976s][info][gc,cpu      ] GC(259) User=0.10s Sys=0.00s Real=0.06s
[115.037s][info][gc,marking  ] GC(260) Concurrent Scan Root Regions 61.679ms
[115.037s][info][gc,marking  ] GC(260) Concurrent Mark
[115.037s][info][gc,marking  ] GC(260) Concurrent Mark From Roots
[115.037s][info][gc,task     ] GC(260) Using 1 workers of 1 for marking
[115.573s][info][gc,start    ] GC(261) Pause Young (Normal) (G1 Evacuation Pause)
[115.573s][info][gc,task     ] GC(261) Using 2 workers of 2 for evacuation
[115.659s][info][gc,phases   ] GC(261)   Pre Evacuate Collection Set: 0.27ms
[115.659s][info][gc,phases   ] GC(261)   Merge Heap Roots: 0.15ms
[115.659s][info][gc,phases   ] GC(261)   Evacuate Collection Set: 84.67ms
[115.659s][info][gc,phases   ] GC(261)   Post Evacuate Collection Set: 0.70ms
[115.659s][info][gc,phases   ] GC(261)   Other: 0.10ms
[115.659s][info][gc,heap     ] GC(261) Eden regions: 323->0(288)
[115.659s][info][gc,heap     ] GC(261) Survivor regions: 36->45(45)
[115.659s][info][gc,heap     ] GC(261) Old regions: 462->505
[115.659s][info][gc,heap     ] GC(261) Humongous regions: 5->5
[115.659s][info][gc,metaspace] GC(261) Metaspace: 18267K(18432K)->18267K(18432K) NonClass: 15608K(15680K)->15608K(15680K) Class: 2659K(2752K)->2659K(2752K)
[115.659s][info][gc          ] GC(261) Pause Young (Normal) (G1 Evacuation Pause) 826M->555M(978M) 86.105ms
[115.659s][info][gc,cpu      ] GC(261) User=0.16s Sys=0.00s Real=0.09s
[115.825s][info][gc,marking  ] GC(260) Concurrent Mark From Roots 788.310ms
[115.826s][info][gc,marking  ] GC(260) Concurrent Preclean
[115.826s][info][gc,marking  ] GC(260) Concurrent Preclean 0.029ms
[115.826s][info][gc,start    ] GC(260) Pause Remark
[115.832s][info][gc          ] GC(260) Pause Remark 621M->476M(978M) 6.604ms
[115.832s][info][gc,cpu      ] GC(260) User=0.01s Sys=0.00s Real=0.01s
[115.832s][info][gc,marking  ] GC(260) Concurrent Mark 795.230ms
[115.832s][info][gc,marking  ] GC(260) Concurrent Rebuild Remembered Sets and Scrub Regions
[116.115s][info][gc,marking  ] GC(260) Concurrent Rebuild Remembered Sets and Scrub Regions 282.826ms
[116.115s][info][gc,start    ] GC(260) Pause Cleanup
[116.116s][info][gc          ] GC(260) Pause Cleanup 572M->572M(978M) 0.091ms
[116.116s][info][gc,cpu      ] GC(260) User=0.00s Sys=0.00s Real=0.00s
[116.116s][info][gc,marking  ] GC(260) Concurrent Clear Claimed Marks
[116.116s][info][gc,marking  ] GC(260) Concurrent Clear Claimed Marks 0.026ms
[116.116s][info][gc,marking  ] GC(260) Concurrent Cleanup for Next Mark
[116.118s][info][gc,marking  ] GC(260) Concurrent Cleanup for Next Mark 2.810ms
[116.118s][info][gc          ] GC(260) Concurrent Mark Cycle 1143.042ms
[116.339s][info][gc,start    ] GC(262) Pause Young (Prepare Mixed) (G1 Evacuation Pause)
[116.339s][info][gc,task     ] GC(262) Using 2 workers of 2 for evacuation
[116.420s][info][gc,phases   ] GC(262)   Pre Evacuate Collection Set: 0.30ms
[116.420s][info][gc,phases   ] GC(262)   Merge Heap Roots: 0.40ms
[116.420s][info][gc,phases   ] GC(262)   Evacuate Collection Set: 79.42ms
[116.420s][info][gc,phases   ] GC(262)   Post Evacuate Collection Set: 0.49ms
[116.420s][info][gc,phases   ] GC(262)   Other: 0.10ms
[116.420s][info][gc,heap     ] GC(262) Eden regions: 288->0(368)
[116.420s][info][gc,heap     ] GC(262) Survivor regions: 45->13(42)
[116.420s][info][gc,heap     ] GC(262) Old regions: 362->408
[116.420s][info][gc,heap     ] GC(262) Humongous regions: 6->6
[116.420s][info][gc,metaspace] GC(262) Metaspace: 18269K(18432K)->18269K(18432K) NonClass: 15610K(15680K)->15610K(15680K) Class: 2659K(2752K)->2659K(2752K)
[116.420s][info][gc          ] GC(262) Pause Young (Prepare Mixed) (G1 Evacuation Pause) 701M->426M(978M) 80.943ms
[116.420s][info][gc,cpu      ] GC(262) User=0.16s Sys=0.00s Real=0.08s
[116.821s][info][gc,start    ] GC(263) Pause Young (Mixed) (G1 Evacuation Pause)
[116.821s][info][gc,task     ] GC(263) Using 2 workers of 2 for evacuation
[116.899s][info][gc,phases   ] GC(263)   Pre Evacuate Collection Set: 0.28ms
[116.899s][info][gc,phases   ] GC(263)   Merge Heap Roots: 0.18ms
[116.899s][info][gc,phases   ] GC(263)   Evacuate Collection Set: 77.03ms
[116.899s][info][gc,phases   ] GC(263)   Post Evacuate Collection Set: 0.79ms
[116.899s][info][gc,phases   ] GC(263)   Other: 0.08ms
[116.899s][info][gc,heap     ] GC(263) Eden regions: 368->0(331)
[116.899s][info][gc,heap     ] GC(263) Survivor regions: 13->48(48)
[116.899s][info][gc,heap     ] GC(263) Old regions: 408->422
[116.899s][info][gc,heap     ] GC(263) Humongous regions: 6->6
[116.899s][info][gc,metaspace] GC(263) Metaspace: 18276K(18432K)->18276K(18432K) NonClass: 15616K(15680K)->15616K(15680K) Class: 2659K(2752K)->2659K(2752K)
[116.899s][info][gc          ] GC(263) Pause Young (Mixed) (G1 Evacuation Pause) 794M->475M(978M) 78.587ms
[116.899s][info][gc,cpu      ] GC(263) User=0.15s Sys=0.00s Real=0.08s
[117.054s][info][gc,start    ] GC(264) Pause Young (Concurrent Start) (G1 Humongous Allocation)
[117.054s][info][gc,task     ] GC(264) Using 2 workers of 2 for evacuation
[117.125s][info][gc,phases   ] GC(264)   Pre Evacuate Collection Set: 0.31ms
[117.125s][info][gc,phases   ] GC(264)   Merge Heap Roots: 0.45ms
[117.125s][info][gc,phases   ] GC(264)   Evacuate Collection Set: 68.76ms
[117.125s][info][gc,phases   ] GC(264)   Post Evacuate Collection Set: 0.50ms
[117.125s][info][gc,phases   ] GC(264)   Other: 0.16ms
[117.125s][info][gc,heap     ] GC(264) Eden regions: 135->0(347)
[117.125s][info][gc,heap     ] GC(264) Survivor regions: 48->7(48)
[117.125s][info][gc,heap     ] GC(264) Old regions: 422->470
[117.125s][info][gc,heap     ] GC(264) Humongous regions: 6->6
[117.125s][info][gc,metaspace] GC(264) Metaspace: 18276K(18432K)->18276K(18432K) NonClass: 15616K(15680K)->15616K(15680K) Class: 2659K(2752K)->2659K(2752K)
[117.125s][info][gc          ] GC(264) Pause Young (Concurrent Start) (G1 Humongous Allocation) 610M->483M(978M) 70.401ms
[117.125s][info][gc,cpu      ] GC(264) User=0.13s Sys=0.00s Real=0.07s
[117.125s][info][gc          ] GC(265) Concurrent Mark Cycle
[117.127s][info][gc,marking  ] GC(265) Concurrent Scan Root Regions
[117.224s][info][gc,marking  ] GC(265) Concurrent Scan Root Regions 96.842ms
[117.224s][info][gc,marking  ] GC(265) Concurrent Mark
[117.224s][info][gc,marking  ] GC(265) Concurrent Mark From Roots
[117.224s][info][gc,task     ] GC(265) Using 1 workers of 1 for marking
[118.172s][info][gc,marking  ] GC(265) Concurrent Mark From Roots 948.205ms
[118.172s][info][gc,marking  ] GC(265) Concurrent Preclean
[118.172s][info][gc,marking  ] GC(265) Concurrent Preclean 0.026ms
[118.173s][info][gc,start    ] GC(265) Pause Remark
[118.179s][info][gc          ] GC(265) Pause Remark 819M->818M(978M) 6.437ms
[118.179s][info][gc,cpu      ] GC(265) User=0.01s Sys=0.00s Real=0.01s
[118.179s][info][gc,marking  ] GC(265) Concurrent Mark 954.947ms
[118.179s][info][gc,marking  ] GC(265) Concurrent Rebuild Remembered Sets and Scrub Regions
[118.219s][info][gc,start    ] GC(266) Pause Young (Normal) (G1 Evacuation Pause)
[118.219s][info][gc,task     ] GC(266) Using 2 workers of 2 for evacuation
[118.251s][info][gc,phases   ] GC(266)   Pre Evacuate Collection Set: 0.23ms
[118.251s][info][gc,phases   ] GC(266)   Merge Heap Roots: 0.33ms
[118.251s][info][gc,phases   ] GC(266)   Evacuate Collection Set: 30.62ms
[118.251s][info][gc,phases   ] GC(266)   Post Evacuate Collection Set: 0.59ms
[118.251s][info][gc,phases   ] GC(266)   Other: 0.11ms
[118.251s][info][gc,heap     ] GC(266) Eden regions: 347->0(353)
[118.251s][info][gc,heap     ] GC(266) Survivor regions: 7->18(45)
[118.251s][info][gc,heap     ] GC(266) Old regions: 470->470
[118.251s][info][gc,heap     ] GC(266) Humongous regions: 8->8
[118.251s][info][gc,metaspace] GC(266) Metaspace: 18276K(18432K)->18276K(18432K) NonClass: 15616K(15680K)->15616K(15680K) Class: 2659K(2752K)->2659K(2752K)
[118.251s][info][gc          ] GC(266) Pause Young (Normal) (G1 Evacuation Pause) 832M->495M(978M) 32.051ms
[118.251s][info][gc,cpu      ] GC(266) User=0.06s Sys=0.00s Real=0.03s
[118.584s][info][gc,marking  ] GC(265) Concurrent Rebuild Remembered Sets and Scrub Regions 404.768ms
[118.584s][info][gc,start    ] GC(265) Pause Cleanup
[118.584s][info][gc          ] GC(265) Pause Cleanup 635M->635M(978M) 0.101ms
[118.584s][info][gc,cpu      ] GC(265) User=0.00s Sys=0.00s Real=0.00s
[118.584s][info][gc,marking  ] GC(265) Concurrent Clear Claimed Marks
[118.584s][info][gc,marking  ] GC(265) Concurrent Clear Claimed Marks 0.033ms
[118.584s][info][gc,marking  ] GC(265) Concurrent Cleanup for Next Mark
[118.589s][info][gc,marking  ] GC(265) Concurrent Cleanup for Next Mark 4.802ms
[118.589s][info][gc          ] GC(265) Concurrent Mark Cycle 1464.332ms
[118.874s][info][gc,start    ] GC(267) Pause Young (Prepare Mixed) (G1 Evacuation Pause)
[118.874s][info][gc,task     ] GC(267) Using 2 workers of 2 for evacuation
[118.917s][info][gc,phases   ] GC(267)   Pre Evacuate Collection Set: 0.46ms
[118.917s][info][gc,phases   ] GC(267)   Merge Heap Roots: 0.50ms
[118.917s][info][gc,phases   ] GC(267)   Evacuate Collection Set: 41.93ms
[118.917s][info][gc,phases   ] GC(267)   Post Evacuate Collection Set: 0.63ms
[118.917s][info][gc,phases   ] GC(267)   Other: 0.10ms
[118.917s][info][gc,heap     ] GC(267) Eden regions: 353->0(360)
[118.917s][info][gc,heap     ] GC(267) Survivor regions: 18->27(47)
[118.917s][info][gc,heap     ] GC(267) Old regions: 470->470
[118.917s][info][gc,heap     ] GC(267) Humongous regions: 8->8
[118.917s][info][gc,metaspace] GC(267) Metaspace: 18276K(18432K)->18276K(18432K) NonClass: 15616K(15680K)->15616K(15680K) Class: 2659K(2752K)->2659K(2752K)
[118.917s][info][gc          ] GC(267) Pause Young (Prepare Mixed) (G1 Evacuation Pause) 848M->505M(978M) 43.851ms
[118.918s][info][gc,cpu      ] GC(267) User=0.08s Sys=0.00s Real=0.05s
[119.260s][info][gc,start    ] GC(268) Pause Young (Mixed) (G1 Evacuation Pause)
[119.260s][info][gc,task     ] GC(268) Using 2 workers of 2 for evacuation
[119.391s][info][gc,phases   ] GC(268)   Pre Evacuate Collection Set: 0.28ms
[119.391s][info][gc,phases   ] GC(268)   Merge Heap Roots: 0.92ms
[119.391s][info][gc,phases   ] GC(268)   Evacuate Collection Set: 129.43ms
[119.391s][info][gc,phases   ] GC(268)   Post Evacuate Collection Set: 0.63ms
[119.391s][info][gc,phases   ] GC(268)   Other: 0.07ms
[119.392s][info][gc,heap     ] GC(268) Eden regions: 360->0(350)
[119.392s][info][gc,heap     ] GC(268) Survivor regions: 27->47(49)
[119.392s][info][gc,heap     ] GC(268) Old regions: 470->467
[119.392s][info][gc,heap     ] GC(268) Humongous regions: 8->8
[119.392s][info][gc,metaspace] GC(268) Metaspace: 18276K(18432K)->18276K(18432K) NonClass: 15616K(15680K)->15616K(15680K) Class: 2659K(2752K)->2659K(2752K)
[119.392s][info][gc          ] GC(268) Pause Young (Mixed) (G1 Evacuation Pause) 865M->521M(978M) 131.597ms
[119.392s][info][gc,cpu      ] GC(268) User=0.26s Sys=0.00s Real=0.13s
[119.736s][info][gc,start    ] GC(269) Pause Young (Concurrent Start) (G1 Evacuation Pause)
[119.736s][info][gc,task     ] GC(269) Using 2 workers of 2 for evacuation
[119.798s][info][gc,phases   ] GC(269)   Pre Evacuate Collection Set: 0.31ms
[119.798s][info][gc,phases   ] GC(269)   Merge Heap Roots: 0.30ms
[119.798s][info][gc,phases   ] GC(269)   Evacuate Collection Set: 61.10ms
[119.798s][info][gc,phases   ] GC(269)   Post Evacuate Collection Set: 0.54ms
[119.798s][info][gc,phases   ] GC(269)   Other: 0.18ms
[119.798s][info][gc,heap     ] GC(269) Eden regions: 350->0(350)
[119.798s][info][gc,heap     ] GC(269) Survivor regions: 47->13(50)
[119.798s][info][gc,heap     ] GC(269) Old regions: 467->513
[119.798s][info][gc,heap     ] GC(269) Humongous regions: 8->8
[119.798s][info][gc,metaspace] GC(269) Metaspace: 18278K(18432K)->18278K(18432K) NonClass: 15619K(15680K)->15619K(15680K) Class: 2659K(2752K)->2659K(2752K)
[119.798s][info][gc          ] GC(269) Pause Young (Concurrent Start) (G1 Evacuation Pause) 871M->533M(978M) 62.646ms
[119.798s][info][gc,cpu      ] GC(269) User=0.13s Sys=0.00s Real=0.07s
[119.798s][info][gc          ] GC(270) Concurrent Mark Cycle
[119.800s][info][gc,marking  ] GC(270) Concurrent Scan Root Regions
[119.927s][info][gc,marking  ] GC(270) Concurrent Scan Root Regions 126.654ms
[119.927s][info][gc,marking  ] GC(270) Concurrent Mark
[119.927s][info][gc,marking  ] GC(270) Concurrent Mark From Roots
[119.927s][info][gc,task     ] GC(270) Using 1 workers of 1 for marking
[120.886s][info][gc,start    ] GC(271) Pause Young (Normal) (G1 Evacuation Pause)
[120.886s][info][gc,task     ] GC(271) Using 2 workers of 2 for evacuation
[120.937s][info][gc,phases   ] GC(271)   Pre Evacuate Collection Set: 0.51ms
[120.937s][info][gc,phases   ] GC(271)   Merge Heap Roots: 0.33ms
[120.937s][info][gc,phases   ] GC(271)   Evacuate Collection Set: 49.78ms
[120.937s][info][gc,phases   ] GC(271)   Post Evacuate Collection Set: 0.56ms
[120.937s][info][gc,phases   ] GC(271)   Other: 0.08ms
[120.937s][info][gc,heap     ] GC(271) Eden regions: 350->0(323)
[120.937s][info][gc,heap     ] GC(271) Survivor regions: 13->42(46)
[120.937s][info][gc,heap     ] GC(271) Old regions: 513->513
[120.937s][info][gc,heap     ] GC(271) Humongous regions: 8->8
[120.937s][info][gc,metaspace] GC(271) Metaspace: 18278K(18432K)->18278K(18432K) NonClass: 15619K(15680K)->15619K(15680K) Class: 2659K(2752K)->2659K(2752K)
[120.938s][info][gc          ] GC(271) Pause Young (Normal) (G1 Evacuation Pause) 883M->563M(978M) 51.453ms
[120.938s][info][gc,cpu      ] GC(271) User=0.10s Sys=0.00s Real=0.06s
[121.136s][info][gc,marking  ] GC(270) Concurrent Mark From Roots 1208.637ms
[121.136s][info][gc,marking  ] GC(270) Concurrent Preclean
[121.136s][info][gc,marking  ] GC(270) Concurrent Preclean 0.034ms
[121.136s][info][gc,start    ] GC(270) Pause Remark
[121.142s][info][gc          ] GC(270) Pause Remark 674M->673M(978M) 6.510ms
[121.142s][info][gc,cpu      ] GC(270) User=0.02s Sys=0.00s Real=0.01s
[121.143s][info][gc,marking  ] GC(270) Concurrent Mark 1216.293ms
[121.143s][info][gc,marking  ] GC(270) Concurrent Rebuild Remembered Sets and Scrub Regions
[121.492s][info][gc,start    ] GC(272) Pause Young (Normal) (G1 Evacuation Pause)
[121.492s][info][gc,task     ] GC(272) Using 2 workers of 2 for evacuation
[121.559s][info][gc,phases   ] GC(272)   Pre Evacuate Collection Set: 0.25ms
[121.559s][info][gc,phases   ] GC(272)   Merge Heap Roots: 0.33ms
[121.559s][info][gc,phases   ] GC(272)   Evacuate Collection Set: 65.93ms
[121.559s][info][gc,phases   ] GC(272)   Post Evacuate Collection Set: 0.85ms
[121.559s][info][gc,phases   ] GC(272)   Other: 0.08ms
[121.559s][info][gc,heap     ] GC(272) Eden regions: 323->0(315)
[121.559s][info][gc,heap     ] GC(272) Survivor regions: 42->22(46)
[121.559s][info][gc,heap     ] GC(272) Old regions: 513->555
[121.559s][info][gc,heap     ] GC(272) Humongous regions: 7->7
[121.559s][info][gc,metaspace] GC(272) Metaspace: 18278K(18432K)->18278K(18432K) NonClass: 15619K(15680K)->15619K(15680K) Class: 2659K(2752K)->2659K(2752K)
[121.559s][info][gc          ] GC(272) Pause Young (Normal) (G1 Evacuation Pause) 885M->583M(978M) 67.701ms
[121.559s][info][gc,cpu      ] GC(272) User=0.13s Sys=0.00s Real=0.07s
[121.798s][info][gc,marking  ] GC(270) Concurrent Rebuild Remembered Sets and Scrub Regions 654.384ms
[121.798s][info][gc,start    ] GC(270) Pause Cleanup
[121.798s][info][gc          ] GC(270) Pause Cleanup 755M->755M(978M) 0.092ms
[121.798s][info][gc,cpu      ] GC(270) User=0.00s Sys=0.00s Real=0.00s
[121.798s][info][gc,marking  ] GC(270) Concurrent Clear Claimed Marks
[121.798s][info][gc,marking  ] GC(270) Concurrent Clear Claimed Marks 0.026ms
[121.798s][info][gc,marking  ] GC(270) Concurrent Cleanup for Next Mark
[121.801s][info][gc,marking  ] GC(270) Concurrent Cleanup for Next Mark 2.791ms
[121.801s][info][gc          ] GC(270) Concurrent Mark Cycle 2002.647ms
[121.999s][info][gc,start    ] GC(273) Pause Young (Prepare Mixed) (G1 Evacuation Pause)
[121.999s][info][gc,task     ] GC(273) Using 2 workers of 2 for evacuation
[122.063s][info][gc,phases   ] GC(273)   Pre Evacuate Collection Set: 0.30ms
[122.063s][info][gc,phases   ] GC(273)   Merge Heap Roots: 0.47ms
[122.063s][info][gc,phases   ] GC(273)   Evacuate Collection Set: 62.01ms
[122.063s][info][gc,phases   ] GC(273)   Post Evacuate Collection Set: 0.72ms
[122.063s][info][gc,phases   ] GC(273)   Other: 0.10ms
[122.063s][info][gc,heap     ] GC(273) Eden regions: 315->0(276)
[122.063s][info][gc,heap     ] GC(273) Survivor regions: 22->43(43)
[122.063s][info][gc,heap     ] GC(273) Old regions: 555->559
[122.063s][info][gc,heap     ] GC(273) Humongous regions: 7->7
[122.063s][info][gc,metaspace] GC(273) Metaspace: 18279K(18432K)->18279K(18432K) NonClass: 15620K(15680K)->15620K(15680K) Class: 2659K(2752K)->2659K(2752K)
[122.063s][info][gc          ] GC(273) Pause Young (Prepare Mixed) (G1 Evacuation Pause) 898M->609M(978M) 63.830ms
[122.063s][info][gc,cpu      ] GC(273) User=0.12s Sys=0.00s Real=0.06s
[122.764s][info][gc,start    ] GC(274) Pause Young (Mixed) (G1 Evacuation Pause)
[122.764s][info][gc,task     ] GC(274) Using 2 workers of 2 for evacuation
[122.833s][info][gc,phases   ] GC(274)   Pre Evacuate Collection Set: 0.48ms
[122.833s][info][gc,phases   ] GC(274)   Merge Heap Roots: 0.68ms
[122.833s][info][gc,phases   ] GC(274)   Evacuate Collection Set: 66.29ms
[122.833s][info][gc,phases   ] GC(274)   Post Evacuate Collection Set: 1.71ms
[122.833s][info][gc,phases   ] GC(274)   Other: 0.07ms
[122.833s][info][gc,heap     ] GC(274) Eden regions: 276->0(308)
[122.833s][info][gc,heap     ] GC(274) Survivor regions: 43->1(40)
[122.833s][info][gc,heap     ] GC(274) Old regions: 559->595
[122.833s][info][gc,heap     ] GC(274) Humongous regions: 7->7
[122.833s][info][gc,metaspace] GC(274) Metaspace: 18280K(18432K)->18280K(18432K) NonClass: 15621K(15680K)->15621K(15680K) Class: 2659K(2752K)->2659K(2752K)
[122.833s][info][gc          ] GC(274) Pause Young (Mixed) (G1 Evacuation Pause) 885M->603M(978M) 69.447ms
[122.833s][info][gc,cpu      ] GC(274) User=0.13s Sys=0.00s Real=0.07s
[123.515s][info][gc,start    ] GC(275) Pause Young (Mixed) (G1 Evacuation Pause)
[123.515s][info][gc,task     ] GC(275) Using 2 workers of 2 for evacuation
[123.658s][info][gc,phases   ] GC(275)   Pre Evacuate Collection Set: 0.50ms
[123.658s][info][gc,phases   ] GC(275)   Merge Heap Roots: 0.80ms
[123.658s][info][gc,phases   ] GC(275)   Evacuate Collection Set: 141.13ms
[123.658s][info][gc,phases   ] GC(275)   Post Evacuate Collection Set: 0.49ms
[123.658s][info][gc,phases   ] GC(275)   Other: 0.10ms
[123.658s][info][gc,heap     ] GC(275) Eden regions: 294->0(315)
[123.658s][info][gc,heap     ] GC(275) Survivor regions: 1->3(37)
[123.658s][info][gc,heap     ] GC(275) Old regions: 595->595
[123.658s][info][gc,heap     ] GC(275) Humongous regions: 7->7
[123.658s][info][gc,metaspace] GC(275) Metaspace: 18280K(18432K)->18280K(18432K) NonClass: 15621K(15680K)->15621K(15680K) Class: 2659K(2752K)->2659K(2752K)
[123.658s][info][gc          ] GC(275) Pause Young (Mixed) (G1 Evacuation Pause) 897M->605M(978M) 143.282ms
[123.658s][info][gc,cpu      ] GC(275) User=0.28s Sys=0.01s Real=0.15s
[124.028s][info][gc,start    ] GC(276) Pause Young (Concurrent Start) (G1 Evacuation Pause)
[124.028s][info][gc,task     ] GC(276) Using 2 workers of 2 for evacuation
[124.098s][info][gc,phases   ] GC(276)   Pre Evacuate Collection Set: 0.34ms
[124.098s][info][gc,phases   ] GC(276)   Merge Heap Roots: 0.13ms
[124.098s][info][gc,phases   ] GC(276)   Evacuate Collection Set: 64.41ms
[124.098s][info][gc,phases   ] GC(276)   Post Evacuate Collection Set: 5.27ms
[124.098s][info][gc,phases   ] GC(276)   Other: 0.10ms
[124.098s][info][gc,heap     ] GC(276) Eden regions: 315->0(154)
[124.098s][info][gc,heap     ] GC(276) Survivor regions: 3->40(40)
[124.098s][info][gc,heap     ] GC(276) Old regions: 595->687
[124.098s][info][gc,heap     ] GC(276) Humongous regions: 7->7
[124.098s][info][gc,metaspace] GC(276) Metaspace: 18280K(18432K)->18280K(18432K) NonClass: 15621K(15680K)->15621K(15680K) Class: 2659K(2752K)->2659K(2752K)
[124.098s][info][gc          ] GC(276) Pause Young (Concurrent Start) (G1 Evacuation Pause) (Evacuation Failure: Allocation) 920M->734M(978M) 70.486ms
[124.098s][info][gc,cpu      ] GC(276) User=0.14s Sys=0.00s Real=0.07s
[124.098s][info][gc          ] GC(277) Concurrent Mark Cycle
[124.102s][info][gc,marking  ] GC(277) Concurrent Scan Root Regions
[124.184s][info][gc,marking  ] GC(277) Concurrent Scan Root Regions 82.172ms
[124.185s][info][gc,marking  ] GC(277) Concurrent Mark
[124.185s][info][gc,marking  ] GC(277) Concurrent Mark From Roots
[124.185s][info][gc,task     ] GC(277) Using 1 workers of 1 for marking
[124.418s][info][gc,start    ] GC(278) Pause Young (Normal) (G1 Evacuation Pause)
[124.418s][info][gc,task     ] GC(278) Using 2 workers of 2 for evacuation
[124.500s][info][gc,phases   ] GC(278)   Pre Evacuate Collection Set: 0.51ms
[124.500s][info][gc,phases   ] GC(278)   Merge Heap Roots: 0.65ms
[124.500s][info][gc,phases   ] GC(278)   Evacuate Collection Set: 80.20ms
[124.500s][info][gc,phases   ] GC(278)   Post Evacuate Collection Set: 0.56ms
[124.500s][info][gc,phases   ] GC(278)   Other: 0.11ms
[124.501s][info][gc,heap     ] GC(278) Eden regions: 154->0(215)
[124.501s][info][gc,heap     ] GC(278) Survivor regions: 40->18(25)
[124.501s][info][gc,heap     ] GC(278) Old regions: 687->667
[124.501s][info][gc,heap     ] GC(278) Humongous regions: 10->10
[124.501s][info][gc,metaspace] GC(278) Metaspace: 18280K(18432K)->18280K(18432K) NonClass: 15621K(15680K)->15621K(15680K) Class: 2659K(2752K)->2659K(2752K)
[124.501s][info][gc          ] GC(278) Pause Young (Normal) (G1 Evacuation Pause) 891M->694M(978M) 82.272ms
[124.501s][info][gc,cpu      ] GC(278) User=0.16s Sys=0.00s Real=0.08s
[125.190s][info][gc,marking  ] GC(277) Concurrent Mark From Roots 1005.937ms
[125.191s][info][gc,marking  ] GC(277) Concurrent Preclean
[125.191s][info][gc,marking  ] GC(277) Concurrent Preclean 0.033ms
[125.191s][info][gc,start    ] GC(277) Pause Remark
[125.341s][info][gc          ] GC(277) Pause Remark 879M->827M(978M) 150.160ms
[125.341s][info][gc,cpu      ] GC(277) User=0.29s Sys=0.00s Real=0.15s
[125.343s][info][gc,marking  ] GC(277) Concurrent Mark 1158.746ms
[125.343s][info][gc,marking  ] GC(277) Concurrent Rebuild Remembered Sets and Scrub Regions
[125.424s][info][gc,start    ] GC(279) Pause Young (Normal) (G1 Evacuation Pause)
[125.424s][info][gc,task     ] GC(279) Using 2 workers of 2 for evacuation
[125.456s][info][gc,phases   ] GC(279)   Pre Evacuate Collection Set: 0.22ms
[125.456s][info][gc,phases   ] GC(279)   Merge Heap Roots: 0.28ms
[125.456s][info][gc,phases   ] GC(279)   Evacuate Collection Set: 30.53ms
[125.456s][info][gc,phases   ] GC(279)   Post Evacuate Collection Set: 0.38ms
[125.456s][info][gc,phases   ] GC(279)   Other: 0.10ms
[125.456s][info][gc,heap     ] GC(279) Eden regions: 215->0(261)
[125.456s][info][gc,heap     ] GC(279) Survivor regions: 18->1(30)
[125.456s][info][gc,heap     ] GC(279) Old regions: 616->634
[125.456s][info][gc,heap     ] GC(279) Humongous regions: 9->9
[125.456s][info][gc,metaspace] GC(279) Metaspace: 18280K(18432K)->18280K(18432K) NonClass: 15621K(15680K)->15621K(15680K) Class: 2659K(2752K)->2659K(2752K)
[125.456s][info][gc          ] GC(279) Pause Young (Normal) (G1 Evacuation Pause) 857M->643M(978M) 31.696ms
[125.456s][info][gc,cpu      ] GC(279) User=0.06s Sys=0.00s Real=0.03s
[125.968s][info][gc,start    ] GC(280) Pause Young (Normal) (G1 Evacuation Pause)
[125.968s][info][gc,task     ] GC(280) Using 2 workers of 2 for evacuation
[125.994s][info][gc,phases   ] GC(280)   Pre Evacuate Collection Set: 0.29ms
[125.994s][info][gc,phases   ] GC(280)   Merge Heap Roots: 0.11ms
[125.994s][info][gc,phases   ] GC(280)   Evacuate Collection Set: 24.63ms
[125.994s][info][gc,phases   ] GC(280)   Post Evacuate Collection Set: 0.41ms
[125.994s][info][gc,phases   ] GC(280)   Other: 0.11ms
[125.994s][info][gc,heap     ] GC(280) Eden regions: 261->0(227)
[125.994s][info][gc,heap     ] GC(280) Survivor regions: 1->29(33)
[125.994s][info][gc,heap     ] GC(280) Old regions: 634->634
[125.994s][info][gc,heap     ] GC(280) Humongous regions: 9->9
[125.994s][info][gc,metaspace] GC(280) Metaspace: 18280K(18432K)->18280K(18432K) NonClass: 15621K(15680K)->15621K(15680K) Class: 2659K(2752K)->2659K(2752K)
[125.994s][info][gc          ] GC(280) Pause Young (Normal) (G1 Evacuation Pause) 904M->671M(978M) 25.739ms
[125.994s][info][gc,cpu      ] GC(280) User=0.05s Sys=0.00s Real=0.02s
[126.087s][info][gc,marking  ] GC(277) Concurrent Rebuild Remembered Sets and Scrub Regions 743.956ms
[126.087s][info][gc,start    ] GC(277) Pause Cleanup
[126.088s][info][gc          ] GC(277) Pause Cleanup 744M->744M(978M) 0.119ms
[126.088s][info][gc,cpu      ] GC(277) User=0.00s Sys=0.00s Real=0.00s
[126.088s][info][gc,marking  ] GC(277) Concurrent Clear Claimed Marks
[126.088s][info][gc,marking  ] GC(277) Concurrent Clear Claimed Marks 0.027ms
[126.088s][info][gc,marking  ] GC(277) Concurrent Cleanup for Next Mark
[126.095s][info][gc,marking  ] GC(277) Concurrent Cleanup for Next Mark 6.865ms
[126.095s][info][gc          ] GC(277) Concurrent Mark Cycle 1996.161ms
[126.364s][info][gc,start    ] GC(281) Pause Young (Prepare Mixed) (G1 Evacuation Pause)
[126.364s][info][gc,task     ] GC(281) Using 2 workers of 2 for evacuation
[126.441s][info][gc,phases   ] GC(281)   Pre Evacuate Collection Set: 0.46ms
[126.441s][info][gc,phases   ] GC(281)   Merge Heap Roots: 0.10ms
[126.441s][info][gc,phases   ] GC(281)   Evacuate Collection Set: 75.46ms
[126.441s][info][gc,phases   ] GC(281)   Post Evacuate Collection Set: 0.56ms
[126.441s][info][gc,phases   ] GC(281)   Other: 0.09ms
[126.441s][info][gc,heap     ] GC(281) Eden regions: 227->0(22)
[126.441s][info][gc,heap     ] GC(281) Survivor regions: 29->32(32)
[126.441s][info][gc,heap     ] GC(281) Old regions: 634->680
[126.441s][info][gc,heap     ] GC(281) Humongous regions: 9->9
[126.441s][info][gc,metaspace] GC(281) Metaspace: 18280K(18432K)->18280K(18432K) NonClass: 15621K(15680K)->15621K(15680K) Class: 2659K(2752K)->2659K(2752K)
[126.441s][info][gc          ] GC(281) Pause Young (Prepare Mixed) (G1 Evacuation Pause) 898M->720M(978M) 76.927ms
[126.441s][info][gc,cpu      ] GC(281) User=0.15s Sys=0.00s Real=0.08s
[126.486s][info][gc,start    ] GC(282) Pause Young (Mixed) (G1 Evacuation Pause)
[126.486s][info][gc,task     ] GC(282) Using 2 workers of 2 for evacuation
[126.516s][info][gc,phases   ] GC(282)   Pre Evacuate Collection Set: 0.26ms
[126.516s][info][gc,phases   ] GC(282)   Merge Heap Roots: 0.23ms
[126.516s][info][gc,phases   ] GC(282)   Evacuate Collection Set: 29.20ms
[126.516s][info][gc,phases   ] GC(282)   Post Evacuate Collection Set: 0.26ms
[126.516s][info][gc,phases   ] GC(282)   Other: 0.08ms
[126.516s][info][gc,heap     ] GC(282) Eden regions: 35->0(182)
[126.516s][info][gc,heap     ] GC(282) Survivor regions: 32->1(9)
[126.516s][info][gc,heap     ] GC(282) Old regions: 680->709
[126.516s][info][gc,heap     ] GC(282) Humongous regions: 9->9
[126.516s][info][gc,metaspace] GC(282) Metaspace: 18280K(18432K)->18280K(18432K) NonClass: 15621K(15680K)->15621K(15680K) Class: 2659K(2752K)->2659K(2752K)
[126.517s][info][gc          ] GC(282) Pause Young (Mixed) (G1 Evacuation Pause) 755M->719M(978M) 30.248ms
[126.517s][info][gc,cpu      ] GC(282) User=0.06s Sys=0.00s Real=0.03s
[126.736s][info][gc,start    ] GC(283) Pause Young (Mixed) (G1 Evacuation Pause)
[126.736s][info][gc,task     ] GC(283) Using 2 workers of 2 for evacuation
[126.738s][info][gc,phases   ] GC(283)   Pre Evacuate Collection Set: 0.49ms
[126.739s][info][gc,phases   ] GC(283)   Merge Heap Roots: 0.09ms
[126.739s][info][gc,phases   ] GC(283)   Evacuate Collection Set: 1.17ms
[126.739s][info][gc,phases   ] GC(283)   Post Evacuate Collection Set: 0.35ms
[126.739s][info][gc,phases   ] GC(283)   Other: 0.08ms
[126.739s][info][gc,heap     ] GC(283) Eden regions: 182->0(206)
[126.739s][info][gc,heap     ] GC(283) Survivor regions: 1->1(23)
[126.739s][info][gc,heap     ] GC(283) Old regions: 709->691
[126.739s][info][gc,heap     ] GC(283) Humongous regions: 9->9
[126.739s][info][gc,metaspace] GC(283) Metaspace: 18280K(18432K)->18280K(18432K) NonClass: 15621K(15680K)->15621K(15680K) Class: 2659K(2752K)->2659K(2752K)
[126.739s][info][gc          ] GC(283) Pause Young (Mixed) (G1 Evacuation Pause) 901M->701M(978M) 2.423ms
[126.739s][info][gc,cpu      ] GC(283) User=0.00s Sys=0.00s Real=0.01s
[126.959s][info][gc,start    ] GC(284) Pause Young (Concurrent Start) (G1 Evacuation Pause)
[126.959s][info][gc,task     ] GC(284) Using 2 workers of 2 for evacuation
[126.961s][info][gc,phases   ] GC(284)   Pre Evacuate Collection Set: 0.27ms
[126.961s][info][gc,phases   ] GC(284)   Merge Heap Roots: 0.08ms
[126.961s][info][gc,phases   ] GC(284)   Evacuate Collection Set: 1.35ms
[126.961s][info][gc,phases   ] GC(284)   Post Evacuate Collection Set: 0.35ms
[126.961s][info][gc,phases   ] GC(284)   Other: 0.10ms
[126.961s][info][gc,heap     ] GC(284) Eden regions: 206->0(218)
[126.961s][info][gc,heap     ] GC(284) Survivor regions: 1->1(26)
[126.961s][info][gc,heap     ] GC(284) Old regions: 691->691
[126.961s][info][gc,heap     ] GC(284) Humongous regions: 9->9
[126.961s][info][gc,metaspace] GC(284) Metaspace: 18280K(18432K)->18280K(18432K) NonClass: 15621K(15680K)->15621K(15680K) Class: 2659K(2752K)->2659K(2752K)
[126.961s][info][gc          ] GC(284) Pause Young (Concurrent Start) (G1 Evacuation Pause) 907M->700M(978M) 2.353ms
[126.961s][info][gc,cpu      ] GC(284) User=0.00s Sys=0.00s Real=0.00s
[126.961s][info][gc          ] GC(285) Concurrent Mark Cycle
[126.961s][info][gc,marking  ] GC(285) Concurrent Scan Root Regions
[126.965s][info][gc,marking  ] GC(285) Concurrent Scan Root Regions 4.171ms
[126.965s][info][gc,marking  ] GC(285) Concurrent Mark
[126.965s][info][gc,marking  ] GC(285) Concurrent Mark From Roots
[126.965s][info][gc,task     ] GC(285) Using 1 workers of 1 for marking
[127.369s][info][gc,start    ] GC(286) Pause Young (Normal) (G1 Evacuation Pause)
[127.369s][info][gc,task     ] GC(286) Using 2 workers of 2 for evacuation
[127.372s][info][gc,phases   ] GC(286)   Pre Evacuate Collection Set: 0.47ms
[127.372s][info][gc,phases   ] GC(286)   Merge Heap Roots: 0.09ms
[127.372s][info][gc,phases   ] GC(286)   Evacuate Collection Set: 1.28ms
[127.372s][info][gc,phases   ] GC(286)   Post Evacuate Collection Set: 0.38ms
[127.372s][info][gc,phases   ] GC(286)   Other: 0.08ms
[127.372s][info][gc,heap     ] GC(286) Eden regions: 218->0(226)
[127.372s][info][gc,heap     ] GC(286) Survivor regions: 1->1(28)
[127.372s][info][gc,heap     ] GC(286) Old regions: 691->691
[127.372s][info][gc,heap     ] GC(286) Humongous regions: 9->9
[127.372s][info][gc,metaspace] GC(286) Metaspace: 18280K(18432K)->18280K(18432K) NonClass: 15621K(15680K)->15621K(15680K) Class: 2659K(2752K)->2659K(2752K)
[127.372s][info][gc          ] GC(286) Pause Young (Normal) (G1 Evacuation Pause) 918M->700M(978M) 2.526ms
[127.372s][info][gc,cpu      ] GC(286) User=0.00s Sys=0.00s Real=0.00s
[127.812s][info][gc,start    ] GC(287) Pause Young (Normal) (G1 Evacuation Pause)
[127.812s][info][gc,task     ] GC(287) Using 2 workers of 2 for evacuation
[127.821s][info][gc,phases   ] GC(287)   Pre Evacuate Collection Set: 0.26ms
[127.821s][info][gc,phases   ] GC(287)   Merge Heap Roots: 0.23ms
[127.821s][info][gc,phases   ] GC(287)   Evacuate Collection Set: 8.25ms
[127.821s][info][gc,phases   ] GC(287)   Post Evacuate Collection Set: 0.42ms
[127.822s][info][gc,phases   ] GC(287)   Other: 0.10ms
[127.822s][info][gc,heap     ] GC(287) Eden regions: 226->0(220)
[127.822s][info][gc,heap     ] GC(287) Survivor regions: 1->4(29)
[127.822s][info][gc,heap     ] GC(287) Old regions: 691->691
[127.822s][info][gc,heap     ] GC(287) Humongous regions: 9->9
[127.822s][info][gc,metaspace] GC(287) Metaspace: 18280K(18432K)->18280K(18432K) NonClass: 15621K(15680K)->15621K(15680K) Class: 2659K(2752K)->2659K(2752K)
[127.822s][info][gc          ] GC(287) Pause Young (Normal) (G1 Evacuation Pause) 926M->703M(978M) 9.483ms
[127.822s][info][gc,cpu      ] GC(287) User=0.02s Sys=0.00s Real=0.01s
[127.858s][info][gc,marking  ] GC(285) Concurrent Mark From Roots 892.450ms
[127.858s][info][gc,marking  ] GC(285) Concurrent Preclean
[127.858s][info][gc,marking  ] GC(285) Concurrent Preclean 0.025ms
[127.858s][info][gc,start    ] GC(285) Pause Remark
[127.865s][info][gc          ] GC(285) Pause Remark 728M->521M(978M) 6.621ms
[127.865s][info][gc,cpu      ] GC(285) User=0.01s Sys=0.00s Real=0.00s
[127.865s][info][gc,marking  ] GC(285) Concurrent Mark 900.147ms
[127.865s][info][gc,marking  ] GC(285) Concurrent Rebuild Remembered Sets and Scrub Regions
[128.213s][info][gc,marking  ] GC(285) Concurrent Rebuild Remembered Sets and Scrub Regions 347.363ms
[128.213s][info][gc,start    ] GC(285) Pause Cleanup
[128.213s][info][gc          ] GC(285) Pause Cleanup 687M->687M(978M) 0.147ms
[128.213s][info][gc,cpu      ] GC(285) User=0.00s Sys=0.00s Real=0.00s
[128.213s][info][gc,marking  ] GC(285) Concurrent Clear Claimed Marks
[128.213s][info][gc,marking  ] GC(285) Concurrent Clear Claimed Marks 0.038ms
[128.213s][info][gc,marking  ] GC(285) Concurrent Cleanup for Next Mark
[128.216s][info][gc,marking  ] GC(285) Concurrent Cleanup for Next Mark 2.787ms
[128.216s][info][gc          ] GC(285) Concurrent Mark Cycle 1255.009ms
[128.260s][info][gc,start    ] GC(288) Pause Young (Prepare Mixed) (G1 Evacuation Pause)
[128.260s][info][gc,task     ] GC(288) Using 2 workers of 2 for evacuation
[128.298s][info][gc,phases   ] GC(288)   Pre Evacuate Collection Set: 0.43ms
[128.299s][info][gc,phases   ] GC(288)   Merge Heap Roots: 0.57ms
[128.299s][info][gc,phases   ] GC(288)   Evacuate Collection Set: 36.45ms
[128.299s][info][gc,phases   ] GC(288)   Post Evacuate Collection Set: 0.53ms
[128.299s][info][gc,phases   ] GC(288)   Other: 0.07ms
[128.299s][info][gc,heap     ] GC(288) Eden regions: 220->0(290)
[128.299s][info][gc,heap     ] GC(288) Survivor regions: 4->19(28)
[128.299s][info][gc,heap     ] GC(288) Old regions: 489->489
[128.299s][info][gc,heap     ] GC(288) Humongous regions: 7->7
[128.299s][info][gc,metaspace] GC(288) Metaspace: 18280K(18432K)->18280K(18432K) NonClass: 15621K(15680K)->15621K(15680K) Class: 2659K(2752K)->2659K(2752K)
[128.299s][info][gc          ] GC(288) Pause Young (Prepare Mixed) (G1 Evacuation Pause) 719M->514M(978M) 38.257ms
[128.299s][info][gc,cpu      ] GC(288) User=0.08s Sys=0.00s Real=0.04s
[128.625s][info][gc,start    ] GC(289) Pause Young (Mixed) (G1 Evacuation Pause)
[128.625s][info][gc,task     ] GC(289) Using 2 workers of 2 for evacuation
[128.696s][info][gc,phases   ] GC(289)   Pre Evacuate Collection Set: 0.49ms
[128.696s][info][gc,phases   ] GC(289)   Merge Heap Roots: 0.43ms
[128.696s][info][gc,phases   ] GC(289)   Evacuate Collection Set: 68.87ms
[128.696s][info][gc,phases   ] GC(289)   Post Evacuate Collection Set: 0.64ms
[128.696s][info][gc,phases   ] GC(289)   Other: 0.08ms
[128.696s][info][gc,heap     ] GC(289) Eden regions: 288->0(179)
[128.696s][info][gc,heap     ] GC(289) Survivor regions: 19->39(39)
[128.696s][info][gc,heap     ] GC(289) Old regions: 489->485
[128.696s][info][gc,heap     ] GC(289) Humongous regions: 7->7
[128.696s][info][gc,metaspace] GC(289) Metaspace: 18280K(18432K)->18280K(18432K) NonClass: 15621K(15680K)->15621K(15680K) Class: 2659K(2752K)->2659K(2752K)
[128.696s][info][gc          ] GC(289) Pause Young (Mixed) (G1 Evacuation Pause) 802M->530M(978M) 70.762ms
[128.696s][info][gc,cpu      ] GC(289) User=0.14s Sys=0.00s Real=0.07s
[128.834s][info][gc,start    ] GC(290) Pause Young (Mixed) (G1 Evacuation Pause)
[128.834s][info][gc,task     ] GC(290) Using 2 workers of 2 for evacuation
[128.897s][info][gc,phases   ] GC(290)   Pre Evacuate Collection Set: 0.47ms
[128.897s][info][gc,phases   ] GC(290)   Merge Heap Roots: 0.43ms
[128.897s][info][gc,phases   ] GC(290)   Evacuate Collection Set: 61.53ms
[128.897s][info][gc,phases   ] GC(290)   Post Evacuate Collection Set: 0.65ms
[128.897s][info][gc,phases   ] GC(290)   Other: 0.07ms
[128.897s][info][gc,heap     ] GC(290) Eden regions: 178->0(347)
[128.897s][info][gc,heap     ] GC(290) Survivor regions: 39->6(28)
[128.897s][info][gc,heap     ] GC(290) Old regions: 485->509
[128.897s][info][gc,heap     ] GC(290) Humongous regions: 7->7
[128.897s][info][gc,metaspace] GC(290) Metaspace: 18280K(18432K)->18280K(18432K) NonClass: 15621K(15680K)->15621K(15680K) Class: 2659K(2752K)->2659K(2752K)
[128.897s][info][gc          ] GC(290) Pause Young (Mixed) (G1 Evacuation Pause) 708M->521M(978M) 63.396ms
[128.897s][info][gc,cpu      ] GC(290) User=0.12s Sys=0.00s Real=0.07s
[129.239s][info][gc,start    ] GC(291) Pause Young (Mixed) (G1 Evacuation Pause)
[129.239s][info][gc,task     ] GC(291) Using 2 workers of 2 for evacuation
[129.294s][info][gc,phases   ] GC(291)   Pre Evacuate Collection Set: 0.48ms
[129.294s][info][gc,phases   ] GC(291)   Merge Heap Roots: 0.92ms
[129.294s][info][gc,phases   ] GC(291)   Evacuate Collection Set: 52.87ms
[129.294s][info][gc,phases   ] GC(291)   Post Evacuate Collection Set: 0.95ms
[129.294s][info][gc,phases   ] GC(291)   Other: 0.08ms
[129.294s][info][gc,heap     ] GC(291) Eden regions: 347->0(375)
[129.294s][info][gc,heap     ] GC(291) Survivor regions: 6->15(45)
[129.294s][info][gc,heap     ] GC(291) Old regions: 509->433
[129.294s][info][gc,heap     ] GC(291) Humongous regions: 7->7
[129.294s][info][gc,metaspace] GC(291) Metaspace: 18280K(18432K)->18280K(18432K) NonClass: 15621K(15680K)->15621K(15680K) Class: 2659K(2752K)->2659K(2752K)
[129.294s][info][gc          ] GC(291) Pause Young (Mixed) (G1 Evacuation Pause) 868M->454M(978M) 55.506ms
[129.294s][info][gc,cpu      ] GC(291) User=0.11s Sys=0.00s Real=0.05s
[129.836s][info][gc,start    ] GC(292) Pause Young (Mixed) (G1 Evacuation Pause)
[129.837s][info][gc,task     ] GC(292) Using 2 workers of 2 for evacuation
[129.950s][info][gc,phases   ] GC(292)   Pre Evacuate Collection Set: 0.48ms
[129.950s][info][gc,phases   ] GC(292)   Merge Heap Roots: 0.91ms
[129.950s][info][gc,phases   ] GC(292)   Evacuate Collection Set: 111.23ms
[129.950s][info][gc,phases   ] GC(292)   Post Evacuate Collection Set: 0.62ms
[129.950s][info][gc,phases   ] GC(292)   Other: 0.08ms
[129.950s][info][gc,heap     ] GC(292) Eden regions: 354->0(391)
[129.950s][info][gc,heap     ] GC(292) Survivor regions: 15->38(47)
[129.950s][info][gc,heap     ] GC(292) Old regions: 433->433
[129.950s][info][gc,heap     ] GC(292) Humongous regions: 7->7
[129.950s][info][gc,metaspace] GC(292) Metaspace: 18280K(18432K)->18280K(18432K) NonClass: 15621K(15680K)->15621K(15680K) Class: 2659K(2752K)->2659K(2752K)
[129.950s][info][gc          ] GC(292) Pause Young (Mixed) (G1 Evacuation Pause) 808M->478M(978M) 113.560ms
[129.950s][info][gc,cpu      ] GC(292) User=0.22s Sys=0.00s Real=0.11s
[130.369s][info][gc,start    ] GC(293) Pause Young (Concurrent Start) (G1 Evacuation Pause)
[130.369s][info][gc,task     ] GC(293) Using 2 workers of 2 for evacuation
[130.450s][info][gc,phases   ] GC(293)   Pre Evacuate Collection Set: 0.31ms
[130.450s][info][gc,phases   ] GC(293)   Merge Heap Roots: 0.35ms
[130.450s][info][gc,phases   ] GC(293)   Evacuate Collection Set: 79.65ms
[130.450s][info][gc,phases   ] GC(293)   Post Evacuate Collection Set: 0.61ms
[130.450s][info][gc,phases   ] GC(293)   Other: 0.17ms
[130.450s][info][gc,heap     ] GC(293) Eden regions: 391->0(361)
[130.450s][info][gc,heap     ] GC(293) Survivor regions: 38->54(54)
[130.450s][info][gc,heap     ] GC(293) Old regions: 433->452
[130.450s][info][gc,heap     ] GC(293) Humongous regions: 7->7
[130.450s][info][gc,metaspace] GC(293) Metaspace: 18280K(18432K)->18280K(18432K) NonClass: 15621K(15680K)->15621K(15680K) Class: 2659K(2752K)->2659K(2752K)
[130.450s][info][gc          ] GC(293) Pause Young (Concurrent Start) (G1 Evacuation Pause) 869M->512M(978M) 81.304ms
[130.450s][info][gc,cpu      ] GC(293) User=0.16s Sys=0.00s Real=0.08s
[130.450s][info][gc          ] GC(294) Concurrent Mark Cycle
[130.450s][info][gc,marking  ] GC(294) Concurrent Scan Root Regions
[130.587s][info][gc,marking  ] GC(294) Concurrent Scan Root Regions 136.822ms
[130.587s][info][gc,marking  ] GC(294) Concurrent Mark
[130.587s][info][gc,marking  ] GC(294) Concurrent Mark From Roots
[130.587s][info][gc,task     ] GC(294) Using 1 workers of 1 for marking
[130.993s][info][gc,start    ] GC(295) Pause Young (Normal) (G1 Evacuation Pause)
[130.993s][info][gc,task     ] GC(295) Using 2 workers of 2 for evacuation
[131.054s][info][gc,phases   ] GC(295)   Pre Evacuate Collection Set: 0.47ms
[131.054s][info][gc,phases   ] GC(295)   Merge Heap Roots: 0.32ms
[131.054s][info][gc,phases   ] GC(295)   Evacuate Collection Set: 59.63ms
[131.054s][info][gc,phases   ] GC(295)   Post Evacuate Collection Set: 0.60ms
[131.054s][info][gc,phases   ] GC(295)   Other: 0.08ms
[131.054s][info][gc,heap     ] GC(295) Eden regions: 361->0(370)
[131.054s][info][gc,heap     ] GC(295) Survivor regions: 54->7(52)
[131.054s][info][gc,heap     ] GC(295) Old regions: 452->506
[131.054s][info][gc,heap     ] GC(295) Humongous regions: 7->7
[131.054s][info][gc,metaspace] GC(295) Metaspace: 18280K(18432K)->18280K(18432K) NonClass: 15621K(15680K)->15621K(15680K) Class: 2659K(2752K)->2659K(2752K)
[131.054s][info][gc          ] GC(295) Pause Young (Normal) (G1 Evacuation Pause) 873M->519M(978M) 61.317ms
[131.054s][info][gc,cpu      ] GC(295) User=0.12s Sys=0.00s Real=0.06s
[131.370s][info][gc,marking  ] GC(294) Concurrent Mark From Roots 783.447ms
[131.370s][info][gc,marking  ] GC(294) Concurrent Preclean
[131.370s][info][gc,marking  ] GC(294) Concurrent Preclean 0.036ms
[131.371s][info][gc,start    ] GC(294) Pause Remark
[131.377s][info][gc          ] GC(294) Pause Remark 678M->565M(978M) 6.719ms
[131.377s][info][gc,cpu      ] GC(294) User=0.01s Sys=0.00s Real=0.01s
[131.377s][info][gc,marking  ] GC(294) Concurrent Mark 790.509ms
[131.377s][info][gc,marking  ] GC(294) Concurrent Rebuild Remembered Sets and Scrub Regions
[131.702s][info][gc,marking  ] GC(294) Concurrent Rebuild Remembered Sets and Scrub Regions 324.460ms
[131.702s][info][gc,start    ] GC(294) Pause Cleanup
[131.702s][info][gc          ] GC(294) Pause Cleanup 666M->666M(978M) 0.133ms
[131.702s][info][gc,cpu      ] GC(294) User=0.00s Sys=0.00s Real=0.00s
[131.702s][info][gc,marking  ] GC(294) Concurrent Clear Claimed Marks
[131.702s][info][gc,marking  ] GC(294) Concurrent Clear Claimed Marks 0.037ms
[131.703s][info][gc,marking  ] GC(294) Concurrent Cleanup for Next Mark
[131.707s][info][gc,marking  ] GC(294) Concurrent Cleanup for Next Mark 4.869ms
[131.707s][info][gc          ] GC(294) Concurrent Mark Cycle 1257.530ms
[132.002s][info][gc,start    ] GC(296) Pause Young (Prepare Mixed) (G1 Evacuation Pause)
[132.002s][info][gc,task     ] GC(296) Using 2 workers of 2 for evacuation
[132.029s][info][gc,phases   ] GC(296)   Pre Evacuate Collection Set: 0.51ms
[132.029s][info][gc,phases   ] GC(296)   Merge Heap Roots: 0.30ms
[132.029s][info][gc,phases   ] GC(296)   Evacuate Collection Set: 25.25ms
[132.029s][info][gc,phases   ] GC(296)   Post Evacuate Collection Set: 0.54ms
[132.029s][info][gc,phases   ] GC(296)   Other: 0.13ms
[132.029s][info][gc,heap     ] GC(296) Eden regions: 370->0(446)
[132.029s][info][gc,heap     ] GC(296) Survivor regions: 7->22(48)
[132.029s][info][gc,heap     ] GC(296) Old regions: 396->396
[132.029s][info][gc,heap     ] GC(296) Humongous regions: 4->4
[132.029s][info][gc,metaspace] GC(296) Metaspace: 18280K(18432K)->18280K(18432K) NonClass: 15621K(15680K)->15621K(15680K) Class: 2659K(2752K)->2659K(2752K)
[132.029s][info][gc          ] GC(296) Pause Young (Prepare Mixed) (G1 Evacuation Pause) 776M->421M(978M) 26.964ms
[132.029s][info][gc,cpu      ] GC(296) User=0.05s Sys=0.00s Real=0.03s
[132.867s][info][gc,start    ] GC(297) Pause Young (Mixed) (G1 Evacuation Pause)
[132.867s][info][gc,task     ] GC(297) Using 2 workers of 2 for evacuation
[132.930s][info][gc,phases   ] GC(297)   Pre Evacuate Collection Set: 0.48ms
[132.930s][info][gc,phases   ] GC(297)   Merge Heap Roots: 0.29ms
[132.930s][info][gc,phases   ] GC(297)   Evacuate Collection Set: 62.15ms
[132.930s][info][gc,phases   ] GC(297)   Post Evacuate Collection Set: 0.73ms
[132.930s][info][gc,phases   ] GC(297)   Other: 0.10ms
[132.930s][info][gc,heap     ] GC(297) Eden regions: 446->0(429)
[132.931s][info][gc,heap     ] GC(297) Survivor regions: 22->59(59)
[132.931s][info][gc,heap     ] GC(297) Old regions: 396->361
[132.931s][info][gc,heap     ] GC(297) Humongous regions: 4->4
[132.931s][info][gc,metaspace] GC(297) Metaspace: 18281K(18432K)->18281K(18432K) NonClass: 15622K(15680K)->15622K(15680K) Class: 2659K(2752K)->2659K(2752K)
[132.931s][info][gc          ] GC(297) Pause Young (Mixed) (G1 Evacuation Pause) 867M->424M(978M) 63.974ms
[132.931s][info][gc,cpu      ] GC(297) User=0.13s Sys=0.00s Real=0.06s
[133.421s][info][gc,start    ] GC(298) Pause Young (Concurrent Start) (G1 Evacuation Pause)
[133.421s][info][gc,task     ] GC(298) Using 2 workers of 2 for evacuation
[133.663s][info][gc,mmu      ] GC(298) MMU target violated: 201.0ms (200.0ms/201.0ms)
[133.663s][info][gc,phases   ] GC(298)   Pre Evacuate Collection Set: 0.28ms
[133.663s][info][gc,phases   ] GC(298)   Merge Heap Roots: 0.32ms
[133.663s][info][gc,phases   ] GC(298)   Evacuate Collection Set: 221.19ms
[133.663s][info][gc,phases   ] GC(298)   Post Evacuate Collection Set: 20.32ms
[133.663s][info][gc,phases   ] GC(298)   Other: 0.19ms
[133.663s][info][gc,heap     ] GC(298) Eden regions: 429->0(176)
[133.663s][info][gc,heap     ] GC(298) Survivor regions: 59->61(61)
[133.663s][info][gc,heap     ] GC(298) Old regions: 361->626
[133.663s][info][gc,heap     ] GC(298) Humongous regions: 4->4
[133.663s][info][gc,metaspace] GC(298) Metaspace: 18281K(18432K)->18281K(18432K) NonClass: 15622K(15680K)->15622K(15680K) Class: 2659K(2752K)->2659K(2752K)
[133.663s][info][gc          ] GC(298) Pause Young (Concurrent Start) (G1 Evacuation Pause) (Evacuation Failure: Allocation) 853M->691M(978M) 242.494ms
[133.663s][info][gc          ] GC(299) Concurrent Mark Cycle
[133.663s][info][gc,marking  ] GC(299) Concurrent Scan Root Regions
[133.664s][info][gc,cpu      ] GC(298) User=0.48s Sys=0.00s Real=0.24s
[133.828s][info][gc,marking  ] GC(299) Concurrent Scan Root Regions 164.952ms
[133.828s][info][gc,marking  ] GC(299) Concurrent Mark
[133.828s][info][gc,marking  ] GC(299) Concurrent Mark From Roots
[133.828s][info][gc,task     ] GC(299) Using 1 workers of 1 for marking
[134.147s][info][gc,start    ] GC(300) Pause Young (Normal) (G1 Evacuation Pause)
[134.147s][info][gc,task     ] GC(300) Using 2 workers of 2 for evacuation
[134.276s][info][gc,phases   ] GC(300)   Pre Evacuate Collection Set: 0.35ms
[134.276s][info][gc,phases   ] GC(300)   Merge Heap Roots: 0.56ms
[134.276s][info][gc,phases   ] GC(300)   Evacuate Collection Set: 124.37ms
[134.276s][info][gc,phases   ] GC(300)   Post Evacuate Collection Set: 3.73ms
[134.276s][info][gc,phases   ] GC(300)   Other: 0.09ms
[134.276s][info][gc,heap     ] GC(300) Eden regions: 176->0(225)
[134.276s][info][gc,heap     ] GC(300) Survivor regions: 61->15(30)
[134.276s][info][gc,heap     ] GC(300) Old regions: 626->628
[134.276s][info][gc,heap     ] GC(300) Humongous regions: 7->7
[134.276s][info][gc,metaspace] GC(300) Metaspace: 18281K(18432K)->18281K(18432K) NonClass: 15622K(15680K)->15622K(15680K) Class: 2659K(2752K)->2659K(2752K)
[134.276s][info][gc          ] GC(300) Pause Young (Normal) (G1 Evacuation Pause) (Evacuation Failure: Allocation) 870M->650M(978M) 129.390ms
[134.276s][info][gc,cpu      ] GC(300) User=0.26s Sys=0.00s Real=0.13s
[134.893s][info][gc,start    ] GC(301) Pause Young (Normal) (G1 Evacuation Pause)
[134.893s][info][gc,task     ] GC(301) Using 2 workers of 2 for evacuation
[134.993s][info][gc,phases   ] GC(301)   Pre Evacuate Collection Set: 0.49ms
[134.993s][info][gc,phases   ] GC(301)   Merge Heap Roots: 0.97ms
[134.993s][info][gc,phases   ] GC(301)   Evacuate Collection Set: 96.84ms
[134.993s][info][gc,phases   ] GC(301)   Post Evacuate Collection Set: 0.82ms
[134.993s][info][gc,phases   ] GC(301)   Other: 0.10ms
[134.993s][info][gc,heap     ] GC(301) Eden regions: 225->0(242)
[134.993s][info][gc,heap     ] GC(301) Survivor regions: 15->30(30)
[134.993s][info][gc,heap     ] GC(301) Old regions: 628->584
[134.993s][info][gc,heap     ] GC(301) Humongous regions: 13->13
[134.993s][info][gc,metaspace] GC(301) Metaspace: 18281K(18432K)->18281K(18432K) NonClass: 15622K(15680K)->15622K(15680K) Class: 2659K(2752K)->2659K(2752K)
[134.993s][info][gc          ] GC(301) Pause Young (Normal) (G1 Evacuation Pause) 881M->627M(978M) 99.438ms
[134.993s][info][gc,cpu      ] GC(301) User=0.19s Sys=0.00s Real=0.10s
[135.193s][info][gc,marking  ] GC(299) Concurrent Mark From Roots 1364.647ms
[135.193s][info][gc,marking  ] GC(299) Concurrent Preclean
[135.193s][info][gc,marking  ] GC(299) Concurrent Preclean 0.032ms
[135.193s][info][gc,start    ] GC(299) Pause Remark
[135.201s][info][gc          ] GC(299) Pause Remark 684M->684M(978M) 8.030ms
[135.201s][info][gc,cpu      ] GC(299) User=0.01s Sys=0.01s Real=0.01s
[135.203s][info][gc,marking  ] GC(299) Concurrent Mark 1374.518ms
[135.203s][info][gc,marking  ] GC(299) Concurrent Rebuild Remembered Sets and Scrub Regions
[135.644s][info][gc,start    ] GC(302) Pause Young (Normal) (G1 Evacuation Pause)
[135.644s][info][gc,task     ] GC(302) Using 2 workers of 2 for evacuation
[135.711s][info][gc,phases   ] GC(302)   Pre Evacuate Collection Set: 0.45ms
[135.711s][info][gc,phases   ] GC(302)   Merge Heap Roots: 1.65ms
[135.711s][info][gc,phases   ] GC(302)   Evacuate Collection Set: 64.57ms
[135.711s][info][gc,phases   ] GC(302)   Post Evacuate Collection Set: 0.66ms
[135.711s][info][gc,phases   ] GC(302)   Other: 0.09ms
[135.711s][info][gc,heap     ] GC(302) Eden regions: 242->0(256)
[135.711s][info][gc,heap     ] GC(302) Survivor regions: 30->17(34)
[135.711s][info][gc,heap     ] GC(302) Old regions: 584->598
[135.711s][info][gc,heap     ] GC(302) Humongous regions: 13->13
[135.711s][info][gc,metaspace] GC(302) Metaspace: 18281K(18432K)->18281K(18432K) NonClass: 15622K(15680K)->15622K(15680K) Class: 2659K(2752K)->2659K(2752K)
[135.711s][info][gc          ] GC(302) Pause Young (Normal) (G1 Evacuation Pause) 869M->627M(978M) 67.668ms
[135.711s][info][gc,cpu      ] GC(302) User=0.13s Sys=0.00s Real=0.07s
[135.785s][info][gc,marking  ] GC(299) Concurrent Rebuild Remembered Sets and Scrub Regions 581.748ms
[135.786s][info][gc,start    ] GC(299) Pause Cleanup
[135.786s][info][gc          ] GC(299) Pause Cleanup 652M->652M(978M) 0.103ms
[135.786s][info][gc,cpu      ] GC(299) User=0.00s Sys=0.00s Real=0.00s
[135.786s][info][gc,marking  ] GC(299) Concurrent Clear Claimed Marks
[135.786s][info][gc,marking  ] GC(299) Concurrent Clear Claimed Marks 0.040ms
[135.786s][info][gc,marking  ] GC(299) Concurrent Cleanup for Next Mark
[135.791s][info][gc,marking  ] GC(299) Concurrent Cleanup for Next Mark 4.832ms
[135.791s][info][gc          ] GC(299) Concurrent Mark Cycle 2127.558ms
[136.143s][info][gc,start    ] GC(303) Pause Young (Prepare Mixed) (G1 Evacuation Pause)
[136.143s][info][gc,task     ] GC(303) Using 2 workers of 2 for evacuation
[136.184s][info][gc,phases   ] GC(303)   Pre Evacuate Collection Set: 0.27ms
[136.184s][info][gc,phases   ] GC(303)   Merge Heap Roots: 0.61ms
[136.184s][info][gc,phases   ] GC(303)   Evacuate Collection Set: 39.59ms
[136.184s][info][gc,phases   ] GC(303)   Post Evacuate Collection Set: 0.67ms
[136.184s][info][gc,phases   ] GC(303)   Other: 0.08ms
[136.184s][info][gc,heap     ] GC(303) Eden regions: 256->0(271)
[136.184s][info][gc,heap     ] GC(303) Survivor regions: 17->17(35)
[136.184s][info][gc,heap     ] GC(303) Old regions: 598->598
[136.184s][info][gc,heap     ] GC(303) Humongous regions: 13->13
[136.184s][info][gc,metaspace] GC(303) Metaspace: 18281K(18432K)->18281K(18432K) NonClass: 15622K(15680K)->15622K(15680K) Class: 2659K(2752K)->2659K(2752K)
[136.184s][info][gc          ] GC(303) Pause Young (Prepare Mixed) (G1 Evacuation Pause) 883M->627M(978M) 41.451ms
[136.184s][info][gc,cpu      ] GC(303) User=0.08s Sys=0.00s Real=0.04s
[136.585s][info][gc,start    ] GC(304) Pause Young (Mixed) (G1 Evacuation Pause)
[136.585s][info][gc,task     ] GC(304) Using 2 workers of 2 for evacuation
[136.627s][info][gc,phases   ] GC(304)   Pre Evacuate Collection Set: 0.30ms
[136.627s][info][gc,phases   ] GC(304)   Merge Heap Roots: 0.52ms
[136.627s][info][gc,phases   ] GC(304)   Evacuate Collection Set: 40.32ms
[136.627s][info][gc,phases   ] GC(304)   Post Evacuate Collection Set: 0.67ms
[136.627s][info][gc,phases   ] GC(304)   Other: 0.08ms
[136.627s][info][gc,heap     ] GC(304) Eden regions: 271->0(292)
[136.627s][info][gc,heap     ] GC(304) Survivor regions: 17->17(36)
[136.627s][info][gc,heap     ] GC(304) Old regions: 598->587
[136.627s][info][gc,heap     ] GC(304) Humongous regions: 13->13
[136.627s][info][gc,metaspace] GC(304) Metaspace: 18281K(18432K)->18281K(18432K) NonClass: 15622K(15680K)->15622K(15680K) Class: 2659K(2752K)->2659K(2752K)
[136.627s][info][gc          ] GC(304) Pause Young (Mixed) (G1 Evacuation Pause) 898M->616M(978M) 42.156ms
[136.627s][info][gc,cpu      ] GC(304) User=0.09s Sys=0.00s Real=0.05s
[136.988s][info][gc,start    ] GC(305) Pause Young (Concurrent Start) (G1 Evacuation Pause)
[136.988s][info][gc,task     ] GC(305) Using 2 workers of 2 for evacuation
[137.059s][info][gc,phases   ] GC(305)   Pre Evacuate Collection Set: 0.30ms
[137.059s][info][gc,phases   ] GC(305)   Merge Heap Roots: 0.62ms
[137.059s][info][gc,phases   ] GC(305)   Evacuate Collection Set: 69.77ms
[137.059s][info][gc,phases   ] GC(305)   Post Evacuate Collection Set: 0.70ms
[137.059s][info][gc,phases   ] GC(305)   Other: 0.19ms
[137.059s][info][gc,heap     ] GC(305) Eden regions: 292->0(245)
[137.059s][info][gc,heap     ] GC(305) Survivor regions: 17->39(39)
[137.059s][info][gc,heap     ] GC(305) Old regions: 587->592
[137.059s][info][gc,heap     ] GC(305) Humongous regions: 13->13
[137.059s][info][gc,metaspace] GC(305) Metaspace: 18281K(18432K)->18281K(18432K) NonClass: 15622K(15680K)->15622K(15680K) Class: 2659K(2752K)->2659K(2752K)
[137.059s][info][gc          ] GC(305) Pause Young (Concurrent Start) (G1 Evacuation Pause) 908M->643M(978M) 71.810ms
[137.059s][info][gc,cpu      ] GC(305) User=0.14s Sys=0.00s Real=0.07s
[137.059s][info][gc          ] GC(306) Concurrent Mark Cycle
[137.063s][info][gc,marking  ] GC(306) Concurrent Scan Root Regions
[137.184s][info][gc,marking  ] GC(306) Concurrent Scan Root Regions 121.162ms
[137.184s][info][gc,marking  ] GC(306) Concurrent Mark
[137.184s][info][gc,marking  ] GC(306) Concurrent Mark From Roots
[137.184s][info][gc,task     ] GC(306) Using 1 workers of 1 for marking
[137.391s][info][gc,start    ] GC(307) Pause Young (Normal) (G1 Evacuation Pause)
[137.391s][info][gc,task     ] GC(307) Using 2 workers of 2 for evacuation
[137.460s][info][gc,phases   ] GC(307)   Pre Evacuate Collection Set: 0.50ms
[137.460s][info][gc,phases   ] GC(307)   Merge Heap Roots: 0.60ms
[137.460s][info][gc,phases   ] GC(307)   Evacuate Collection Set: 66.95ms
[137.460s][info][gc,phases   ] GC(307)   Post Evacuate Collection Set: 0.45ms
[137.460s][info][gc,phases   ] GC(307)   Other: 0.08ms
[137.460s][info][gc,heap     ] GC(307) Eden regions: 245->0(266)
[137.460s][info][gc,heap     ] GC(307) Survivor regions: 39->7(36)
[137.460s][info][gc,heap     ] GC(307) Old regions: 592->631
[137.460s][info][gc,heap     ] GC(307) Humongous regions: 13->13
[137.460s][info][gc,metaspace] GC(307) Metaspace: 18281K(18432K)->18281K(18432K) NonClass: 15622K(15680K)->15622K(15680K) Class: 2659K(2752K)->2659K(2752K)
[137.460s][info][gc          ] GC(307) Pause Young (Normal) (G1 Evacuation Pause) 888M->650M(978M) 68.836ms
[137.460s][info][gc,cpu      ] GC(307) User=0.13s Sys=0.00s Real=0.07s
[138.236s][info][gc,start    ] GC(308) Pause Young (Normal) (G1 Evacuation Pause)
[138.236s][info][gc,task     ] GC(308) Using 2 workers of 2 for evacuation
[138.253s][info][gc,phases   ] GC(308)   Pre Evacuate Collection Set: 0.49ms
[138.253s][info][gc,phases   ] GC(308)   Merge Heap Roots: 0.17ms
[138.253s][info][gc,phases   ] GC(308)   Evacuate Collection Set: 16.16ms
[138.253s][info][gc,phases   ] GC(308)   Post Evacuate Collection Set: 0.42ms
[138.253s][info][gc,phases   ] GC(308)   Other: 0.09ms
[138.253s][info][gc,heap     ] GC(308) Eden regions: 266->0(256)
[138.253s][info][gc,heap     ] GC(308) Survivor regions: 7->14(35)
[138.253s][info][gc,heap     ] GC(308) Old regions: 631->631
[138.253s][info][gc,heap     ] GC(308) Humongous regions: 13->13
[138.253s][info][gc,metaspace] GC(308) Metaspace: 18281K(18432K)->18281K(18432K) NonClass: 15622K(15680K)->15622K(15680K) Class: 2659K(2752K)->2659K(2752K)
[138.253s][info][gc          ] GC(308) Pause Young (Normal) (G1 Evacuation Pause) 916M->657M(978M) 17.538ms
[138.253s][info][gc,cpu      ] GC(308) User=0.03s Sys=0.00s Real=0.02s
[138.337s][info][gc,marking  ] GC(306) Concurrent Mark From Roots 1152.952ms
[138.337s][info][gc,marking  ] GC(306) Concurrent Preclean
[138.337s][info][gc,marking  ] GC(306) Concurrent Preclean 0.031ms
[138.339s][info][gc,start    ] GC(306) Pause Remark
[138.346s][info][gc          ] GC(306) Pause Remark 686M->616M(978M) 6.918ms
[138.346s][info][gc,cpu      ] GC(306) User=0.01s Sys=0.00s Real=0.00s
[138.346s][info][gc,marking  ] GC(306) Concurrent Mark 1161.381ms
[138.346s][info][gc,marking  ] GC(306) Concurrent Rebuild Remembered Sets and Scrub Regions
[138.885s][info][gc,marking  ] GC(306) Concurrent Rebuild Remembered Sets and Scrub Regions 539.040ms
[138.885s][info][gc,start    ] GC(306) Pause Cleanup
[138.885s][info][gc          ] GC(306) Pause Cleanup 805M->805M(978M) 0.150ms
[138.885s][info][gc,cpu      ] GC(306) User=0.00s Sys=0.00s Real=0.00s
[138.885s][info][gc,marking  ] GC(306) Concurrent Clear Claimed Marks
[138.885s][info][gc,marking  ] GC(306) Concurrent Clear Claimed Marks 0.034ms
[138.885s][info][gc,marking  ] GC(306) Concurrent Cleanup for Next Mark
[138.888s][info][gc,marking  ] GC(306) Concurrent Cleanup for Next Mark 2.833ms
[138.888s][info][gc          ] GC(306) Concurrent Mark Cycle 1828.546ms
[138.939s][info][gc,start    ] GC(309) Pause Young (Prepare Mixed) (G1 Evacuation Pause)
[138.939s][info][gc,task     ] GC(309) Using 2 workers of 2 for evacuation
[138.963s][info][gc,phases   ] GC(309)   Pre Evacuate Collection Set: 0.25ms
[138.963s][info][gc,phases   ] GC(309)   Merge Heap Roots: 0.20ms
[138.963s][info][gc,phases   ] GC(309)   Evacuate Collection Set: 22.63ms
[138.963s][info][gc,phases   ] GC(309)   Post Evacuate Collection Set: 0.47ms
[138.963s][info][gc,phases   ] GC(309)   Other: 0.07ms
[138.963s][info][gc,heap     ] GC(309) Eden regions: 256->0(310)
[138.963s][info][gc,heap     ] GC(309) Survivor regions: 14->22(34)
[138.963s][info][gc,heap     ] GC(309) Old regions: 567->567
[138.963s][info][gc,heap     ] GC(309) Humongous regions: 7->7
[138.963s][info][gc,metaspace] GC(309) Metaspace: 18281K(18432K)->18281K(18432K) NonClass: 15622K(15680K)->15622K(15680K) Class: 2659K(2752K)->2659K(2752K)
[138.963s][info][gc          ] GC(309) Pause Young (Prepare Mixed) (G1 Evacuation Pause) 843M->595M(978M) 23.833ms
[138.963s][info][gc,cpu      ] GC(309) User=0.05s Sys=0.00s Real=0.02s
[139.299s][info][gc,start    ] GC(310) Pause Young (Mixed) (G1 Evacuation Pause)
[139.299s][info][gc,task     ] GC(310) Using 2 workers of 2 for evacuation
[139.466s][info][gc,phases   ] GC(310)   Pre Evacuate Collection Set: 0.29ms
[139.466s][info][gc,phases   ] GC(310)   Merge Heap Roots: 0.49ms
[139.466s][info][gc,phases   ] GC(310)   Evacuate Collection Set: 84.50ms
[139.466s][info][gc,phases   ] GC(310)   Merge Optional Heap Roots: 0.63ms
[139.466s][info][gc,phases   ] GC(310)   Evacuate Optional Collection Set: 79.36ms
[139.466s][info][gc,phases   ] GC(310)   Post Evacuate Collection Set: 2.02ms
[139.466s][info][gc,phases   ] GC(310)   Other: 0.06ms
[139.466s][info][gc,heap     ] GC(310) Eden regions: 310->0(323)
[139.466s][info][gc,heap     ] GC(310) Survivor regions: 22->42(42)
[139.466s][info][gc,heap     ] GC(310) Old regions: 567->514
[139.466s][info][gc,heap     ] GC(310) Humongous regions: 7->7
[139.466s][info][gc,metaspace] GC(310) Metaspace: 18281K(18432K)->18281K(18432K) NonClass: 15622K(15680K)->15622K(15680K) Class: 2659K(2752K)->2659K(2752K)
[139.467s][info][gc          ] GC(310) Pause Young (Mixed) (G1 Evacuation Pause) 905M->562M(978M) 167.583ms
[139.467s][info][gc,cpu      ] GC(310) User=0.33s Sys=0.00s Real=0.17s
[139.726s][info][gc,start    ] GC(311) Pause Young (Concurrent Start) (G1 Humongous Allocation)
[139.726s][info][gc,task     ] GC(311) Using 2 workers of 2 for evacuation
[139.802s][info][gc,phases   ] GC(311)   Pre Evacuate Collection Set: 0.31ms
[139.802s][info][gc,phases   ] GC(311)   Merge Heap Roots: 0.43ms
[139.802s][info][gc,phases   ] GC(311)   Evacuate Collection Set: 74.48ms
[139.802s][info][gc,phases   ] GC(311)   Post Evacuate Collection Set: 0.48ms
[139.802s][info][gc,phases   ] GC(311)   Other: 0.17ms
[139.802s][info][gc,heap     ] GC(311) Eden regions: 158->0(289)
[139.802s][info][gc,heap     ] GC(311) Survivor regions: 42->20(46)
[139.802s][info][gc,heap     ] GC(311) Old regions: 514->556
[139.802s][info][gc,heap     ] GC(311) Humongous regions: 7->7
[139.802s][info][gc,metaspace] GC(311) Metaspace: 18282K(18496K)->18282K(18496K) NonClass: 15623K(15744K)->15623K(15744K) Class: 2659K(2752K)->2659K(2752K)
[139.802s][info][gc          ] GC(311) Pause Young (Concurrent Start) (G1 Humongous Allocation) 720M->582M(978M) 76.096ms
[139.802s][info][gc,cpu      ] GC(311) User=0.16s Sys=0.00s Real=0.08s
[139.802s][info][gc          ] GC(312) Concurrent Mark Cycle
[139.802s][info][gc,marking  ] GC(312) Concurrent Scan Root Regions
[139.861s][info][gc,marking  ] GC(312) Concurrent Scan Root Regions 59.303ms
[139.861s][info][gc,marking  ] GC(312) Concurrent Mark
[139.861s][info][gc,marking  ] GC(312) Concurrent Mark From Roots
[139.861s][info][gc,task     ] GC(312) Using 1 workers of 1 for marking
[140.670s][info][gc,marking  ] GC(312) Concurrent Mark From Roots 808.675ms
[140.670s][info][gc,marking  ] GC(312) Concurrent Preclean
[140.670s][info][gc,marking  ] GC(312) Concurrent Preclean 0.035ms
[140.670s][info][gc,start    ] GC(312) Pause Remark
[140.677s][info][gc          ] GC(312) Pause Remark 821M->659M(978M) 6.867ms
[140.677s][info][gc,cpu      ] GC(312) User=0.01s Sys=0.00s Real=0.01s
[140.677s][info][gc,marking  ] GC(312) Concurrent Mark 815.945ms
[140.677s][info][gc,marking  ] GC(312) Concurrent Rebuild Remembered Sets and Scrub Regions
[140.796s][info][gc,start    ] GC(313) Pause Young (Normal) (G1 Evacuation Pause)
[140.797s][info][gc,task     ] GC(313) Using 2 workers of 2 for evacuation
[140.835s][info][gc,phases   ] GC(313)   Pre Evacuate Collection Set: 0.46ms
[140.835s][info][gc,phases   ] GC(313)   Merge Heap Roots: 0.71ms
[140.835s][info][gc,phases   ] GC(313)   Evacuate Collection Set: 36.27ms
[140.835s][info][gc,phases   ] GC(313)   Post Evacuate Collection Set: 0.58ms
[140.835s][info][gc,phases   ] GC(313)   Other: 0.10ms
[140.835s][info][gc,heap     ] GC(313) Eden regions: 289->0(415)
[140.835s][info][gc,heap     ] GC(313) Survivor regions: 20->25(39)
[140.835s][info][gc,heap     ] GC(313) Old regions: 396->396
[140.835s][info][gc,heap     ] GC(313) Humongous regions: 8->8
[140.835s][info][gc,metaspace] GC(313) Metaspace: 18282K(18496K)->18282K(18496K) NonClass: 15623K(15744K)->15623K(15744K) Class: 2659K(2752K)->2659K(2752K)
[140.835s][info][gc          ] GC(313) Pause Young (Normal) (G1 Evacuation Pause) 712M->429M(978M) 38.386ms
[140.835s][info][gc,cpu      ] GC(313) User=0.08s Sys=0.00s Real=0.03s
[141.057s][info][gc,marking  ] GC(312) Concurrent Rebuild Remembered Sets and Scrub Regions 379.452ms
[141.057s][info][gc,start    ] GC(312) Pause Cleanup
[141.057s][info][gc          ] GC(312) Pause Cleanup 519M->519M(978M) 0.100ms
[141.057s][info][gc,cpu      ] GC(312) User=0.00s Sys=0.00s Real=0.00s
[141.057s][info][gc,marking  ] GC(312) Concurrent Clear Claimed Marks
[141.057s][info][gc,marking  ] GC(312) Concurrent Clear Claimed Marks 0.033ms
[141.057s][info][gc,marking  ] GC(312) Concurrent Cleanup for Next Mark
[141.062s][info][gc,marking  ] GC(312) Concurrent Cleanup for Next Mark 4.843ms
[141.062s][info][gc          ] GC(312) Concurrent Mark Cycle 1260.075ms
[141.557s][info][gc,start    ] GC(314) Pause Young (Prepare Mixed) (G1 Evacuation Pause)
[141.557s][info][gc,task     ] GC(314) Using 2 workers of 2 for evacuation
[141.593s][info][gc,phases   ] GC(314)   Pre Evacuate Collection Set: 0.52ms
[141.593s][info][gc,phases   ] GC(314)   Merge Heap Roots: 0.30ms
[141.593s][info][gc,phases   ] GC(314)   Evacuate Collection Set: 34.14ms
[141.593s][info][gc,phases   ] GC(314)   Post Evacuate Collection Set: 0.68ms
[141.593s][info][gc,phases   ] GC(314)   Other: 0.11ms
[141.593s][info][gc,heap     ] GC(314) Eden regions: 415->0(438)
[141.593s][info][gc,heap     ] GC(314) Survivor regions: 25->25(55)
[141.593s][info][gc,heap     ] GC(314) Old regions: 396->396
[141.593s][info][gc,heap     ] GC(314) Humongous regions: 8->8
[141.593s][info][gc,metaspace] GC(314) Metaspace: 18282K(18496K)->18282K(18496K) NonClass: 15623K(15744K)->15623K(15744K) Class: 2659K(2752K)->2659K(2752K)
[141.593s][info][gc          ] GC(314) Pause Young (Prepare Mixed) (G1 Evacuation Pause) 844M->428M(978M) 35.987ms
[141.593s][info][gc,cpu      ] GC(314) User=0.07s Sys=0.00s Real=0.03s
[142.127s][info][gc,start    ] GC(315) Pause Young (Mixed) (G1 Evacuation Pause)
[142.127s][info][gc,task     ] GC(315) Using 2 workers of 2 for evacuation
[142.188s][info][gc,phases   ] GC(315)   Pre Evacuate Collection Set: 0.29ms
[142.188s][info][gc,phases   ] GC(315)   Merge Heap Roots: 0.32ms
[142.188s][info][gc,phases   ] GC(315)   Evacuate Collection Set: 60.04ms
[142.188s][info][gc,phases   ] GC(315)   Post Evacuate Collection Set: 0.68ms
[142.188s][info][gc,phases   ] GC(315)   Other: 0.08ms
[142.188s][info][gc,heap     ] GC(315) Eden regions: 438->0(427)
[142.188s][info][gc,heap     ] GC(315) Survivor regions: 25->50(58)
[142.188s][info][gc,heap     ] GC(315) Old regions: 396->387
[142.188s][info][gc,heap     ] GC(315) Humongous regions: 8->8
[142.188s][info][gc,metaspace] GC(315) Metaspace: 18282K(18496K)->18282K(18496K) NonClass: 15623K(15744K)->15623K(15744K) Class: 2659K(2752K)->2659K(2752K)
[142.188s][info][gc          ] GC(315) Pause Young (Mixed) (G1 Evacuation Pause) 866M->444M(978M) 61.643ms
[142.188s][info][gc,cpu      ] GC(315) User=0.13s Sys=0.00s Real=0.06s
[142.582s][info][gc,start    ] GC(316) Pause Young (Concurrent Start) (G1 Evacuation Pause)
[142.582s][info][gc,task     ] GC(316) Using 2 workers of 2 for evacuation
[142.656s][info][gc,phases   ] GC(316)   Pre Evacuate Collection Set: 0.31ms
[142.657s][info][gc,phases   ] GC(316)   Merge Heap Roots: 0.27ms
[142.657s][info][gc,phases   ] GC(316)   Evacuate Collection Set: 72.61ms
[142.657s][info][gc,phases   ] GC(316)   Post Evacuate Collection Set: 0.63ms
[142.657s][info][gc,phases   ] GC(316)   Other: 0.17ms
[142.657s][info][gc,heap     ] GC(316) Eden regions: 427->0(426)
[142.657s][info][gc,heap     ] GC(316) Survivor regions: 50->39(60)
[142.657s][info][gc,heap     ] GC(316) Old regions: 387->411
[142.657s][info][gc,heap     ] GC(316) Humongous regions: 8->8
[142.657s][info][gc,metaspace] GC(316) Metaspace: 18282K(18496K)->18282K(18496K) NonClass: 15623K(15744K)->15623K(15744K) Class: 2659K(2752K)->2659K(2752K)
[142.657s][info][gc          ] GC(316) Pause Young (Concurrent Start) (G1 Evacuation Pause) 871M->458M(978M) 74.262ms
[142.657s][info][gc          ] GC(317) Concurrent Mark Cycle
[142.657s][info][gc,marking  ] GC(317) Concurrent Scan Root Regions
[142.657s][info][gc,cpu      ] GC(316) User=0.14s Sys=0.00s Real=0.08s
[142.762s][info][gc,marking  ] GC(317) Concurrent Scan Root Regions 105.390ms
[142.762s][info][gc,marking  ] GC(317) Concurrent Mark
[142.762s][info][gc,marking  ] GC(317) Concurrent Mark From Roots
[142.762s][info][gc,task     ] GC(317) Using 1 workers of 1 for marking
[143.513s][info][gc,marking  ] GC(317) Concurrent Mark From Roots 751.027ms
[143.513s][info][gc,marking  ] GC(317) Concurrent Preclean
[143.513s][info][gc,marking  ] GC(317) Concurrent Preclean 0.030ms
[143.513s][info][gc,start    ] GC(317) Pause Remark
[143.520s][info][gc          ] GC(317) Pause Remark 738M->692M(978M) 6.588ms
[143.520s][info][gc,cpu      ] GC(317) User=0.01s Sys=0.00s Real=0.01s
[143.520s][info][gc,marking  ] GC(317) Concurrent Mark 757.942ms
[143.520s][info][gc,marking  ] GC(317) Concurrent Rebuild Remembered Sets and Scrub Regions
[143.775s][info][gc,marking  ] GC(317) Concurrent Rebuild Remembered Sets and Scrub Regions 254.431ms
[143.775s][info][gc,start    ] GC(317) Pause Cleanup
[143.775s][info][gc          ] GC(317) Pause Cleanup 825M->825M(978M) 0.121ms
[143.775s][info][gc,cpu      ] GC(317) User=0.00s Sys=0.00s Real=0.00s
[143.775s][info][gc,marking  ] GC(317) Concurrent Clear Claimed Marks
[143.775s][info][gc,marking  ] GC(317) Concurrent Clear Claimed Marks 0.027ms
[143.775s][info][gc,marking  ] GC(317) Concurrent Cleanup for Next Mark
[143.778s][info][gc,marking  ] GC(317) Concurrent Cleanup for Next Mark 2.818ms
[143.778s][info][gc          ] GC(317) Concurrent Mark Cycle 1121.062ms
[143.794s][info][gc,start    ] GC(318) Pause Young (Prepare Mixed) (G1 Evacuation Pause)
[143.794s][info][gc,task     ] GC(318) Using 2 workers of 2 for evacuation
[143.884s][info][gc,phases   ] GC(318)   Pre Evacuate Collection Set: 0.24ms
[143.884s][info][gc,phases   ] GC(318)   Merge Heap Roots: 0.57ms
[143.884s][info][gc,phases   ] GC(318)   Evacuate Collection Set: 88.75ms
[143.884s][info][gc,phases   ] GC(318)   Post Evacuate Collection Set: 0.81ms
[143.884s][info][gc,phases   ] GC(318)   Other: 0.09ms
[143.884s][info][gc,heap     ] GC(318) Eden regions: 426->0(416)
[143.884s][info][gc,heap     ] GC(318) Survivor regions: 39->56(59)
[143.884s][info][gc,heap     ] GC(318) Old regions: 368->394
[143.884s][info][gc,heap     ] GC(318) Humongous regions: 5->5
[143.884s][info][gc,metaspace] GC(318) Metaspace: 18284K(18496K)->18284K(18496K) NonClass: 15625K(15744K)->15625K(15744K) Class: 2659K(2752K)->2659K(2752K)
[143.884s][info][gc          ] GC(318) Pause Young (Prepare Mixed) (G1 Evacuation Pause) 838M->454M(978M) 90.638ms
[143.884s][info][gc,cpu      ] GC(318) User=0.18s Sys=0.00s Real=0.09s
[144.228s][info][gc,start    ] GC(319) Pause Young (Mixed) (G1 Evacuation Pause)
[144.228s][info][gc,task     ] GC(319) Using 2 workers of 2 for evacuation
[144.414s][info][gc,phases   ] GC(319)   Pre Evacuate Collection Set: 0.46ms
[144.414s][info][gc,phases   ] GC(319)   Merge Heap Roots: 1.24ms
[144.414s][info][gc,phases   ] GC(319)   Evacuate Collection Set: 170.26ms
[144.414s][info][gc,phases   ] GC(319)   Post Evacuate Collection Set: 14.46ms
[144.414s][info][gc,phases   ] GC(319)   Other: 0.11ms
[144.414s][info][gc,heap     ] GC(319) Eden regions: 416->0(135)
[144.414s][info][gc,heap     ] GC(319) Survivor regions: 56->50(59)
[144.414s][info][gc,heap     ] GC(319) Old regions: 394->688
[144.414s][info][gc,heap     ] GC(319) Humongous regions: 5->5
[144.414s][info][gc,metaspace] GC(319) Metaspace: 18288K(18496K)->18288K(18496K) NonClass: 15629K(15744K)->15629K(15744K) Class: 2659K(2752K)->2659K(2752K)
[144.414s][info][gc          ] GC(319) Pause Young (Mixed) (G1 Evacuation Pause) (Evacuation Failure: Allocation) 870M->743M(978M) 186.799ms
[144.414s][info][gc,cpu      ] GC(319) User=0.36s Sys=0.00s Real=0.18s
[144.621s][info][gc,start    ] GC(320) Pause Young (Mixed) (G1 Evacuation Pause)
[144.621s][info][gc,task     ] GC(320) Using 2 workers of 2 for evacuation
[144.815s][info][gc,phases   ] GC(320)   Pre Evacuate Collection Set: 0.51ms
[144.815s][info][gc,phases   ] GC(320)   Merge Heap Roots: 1.15ms
[144.815s][info][gc,phases   ] GC(320)   Evacuate Collection Set: 122.99ms
[144.815s][info][gc,phases   ] GC(320)   Merge Optional Heap Roots: 0.66ms
[144.815s][info][gc,phases   ] GC(320)   Evacuate Optional Collection Set: 64.96ms
[144.815s][info][gc,phases   ] GC(320)   Post Evacuate Collection Set: 3.67ms
[144.815s][info][gc,phases   ] GC(320)   Other: 0.18ms
[144.815s][info][gc,heap     ] GC(320) Eden regions: 135->0(276)
[144.815s][info][gc,heap     ] GC(320) Survivor regions: 50->24(24)
[144.815s][info][gc,heap     ] GC(320) Old regions: 688->576
[144.815s][info][gc,heap     ] GC(320) Humongous regions: 5->5
[144.815s][info][gc,metaspace] GC(320) Metaspace: 18291K(18496K)->18291K(18496K) NonClass: 15632K(15744K)->15632K(15744K) Class: 2659K(2752K)->2659K(2752K)
[144.815s][info][gc          ] GC(320) Pause Young (Mixed) (G1 Evacuation Pause) (Evacuation Failure: Allocation) 878M->605M(978M) 194.376ms
[144.815s][info][gc,cpu      ] GC(320) User=0.38s Sys=0.01s Real=0.19s
[145.087s][info][gc,start    ] GC(321) Pause Young (Mixed) (G1 Evacuation Pause)
[145.087s][info][gc,task     ] GC(321) Using 2 workers of 2 for evacuation
[145.188s][info][gc,phases   ] GC(321)   Pre Evacuate Collection Set: 0.52ms
[145.188s][info][gc,phases   ] GC(321)   Merge Heap Roots: 1.24ms
[145.188s][info][gc,phases   ] GC(321)   Evacuate Collection Set: 69.13ms
[145.188s][info][gc,phases   ] GC(321)   Merge Optional Heap Roots: 0.37ms
[145.188s][info][gc,phases   ] GC(321)   Evacuate Optional Collection Set: 28.81ms
[145.188s][info][gc,phases   ] GC(321)   Post Evacuate Collection Set: 1.09ms
[145.188s][info][gc,phases   ] GC(321)   Other: 0.01ms
[145.188s][info][gc,heap     ] GC(321) Eden regions: 276->0(367)
[145.188s][info][gc,heap     ] GC(321) Survivor regions: 24->2(38)
[145.188s][info][gc,heap     ] GC(321) Old regions: 576->489
[145.188s][info][gc,heap     ] GC(321) Humongous regions: 5->5
[145.188s][info][gc,metaspace] GC(321) Metaspace: 18291K(18496K)->18291K(18496K) NonClass: 15632K(15744K)->15632K(15744K) Class: 2659K(2752K)->2659K(2752K)
[145.188s][info][gc          ] GC(321) Pause Young (Mixed) (G1 Evacuation Pause) 881M->496M(978M) 101.440ms
[145.188s][info][gc,cpu      ] GC(321) User=0.20s Sys=0.00s Real=0.10s
[145.498s][info][gc,start    ] GC(322) Pause Young (Mixed) (G1 Evacuation Pause)
[145.498s][info][gc,task     ] GC(322) Using 2 workers of 2 for evacuation
[145.531s][info][gc,phases   ] GC(322)   Pre Evacuate Collection Set: 0.28ms
[145.531s][info][gc,phases   ] GC(322)   Merge Heap Roots: 0.63ms
[145.531s][info][gc,phases   ] GC(322)   Evacuate Collection Set: 30.91ms
[145.531s][info][gc,phases   ] GC(322)   Post Evacuate Collection Set: 1.21ms
[145.531s][info][gc,phases   ] GC(322)   Other: 0.09ms
[145.531s][info][gc,heap     ] GC(322) Eden regions: 367->0(383)
[145.531s][info][gc,heap     ] GC(322) Survivor regions: 2->6(47)
[145.531s][info][gc,heap     ] GC(322) Old regions: 489->489
[145.531s][info][gc,heap     ] GC(322) Humongous regions: 5->5
[145.531s][info][gc,metaspace] GC(322) Metaspace: 18291K(18496K)->18291K(18496K) NonClass: 15632K(15744K)->15632K(15744K) Class: 2659K(2752K)->2659K(2752K)
[145.531s][info][gc          ] GC(322) Pause Young (Mixed) (G1 Evacuation Pause) 863M->499M(978M) 33.343ms
[145.531s][info][gc,cpu      ] GC(322) User=0.06s Sys=0.00s Real=0.03s
[145.956s][info][gc,start    ] GC(323) Pause Young (Concurrent Start) (G1 Evacuation Pause)
[145.956s][info][gc,task     ] GC(323) Using 2 workers of 2 for evacuation
[145.993s][info][gc,phases   ] GC(323)   Pre Evacuate Collection Set: 0.31ms
[145.993s][info][gc,phases   ] GC(323)   Merge Heap Roots: 0.37ms
[145.993s][info][gc,phases   ] GC(323)   Evacuate Collection Set: 36.03ms
[145.993s][info][gc,phases   ] GC(323)   Post Evacuate Collection Set: 0.61ms
[145.993s][info][gc,phases   ] GC(323)   Other: 0.20ms
[145.993s][info][gc,heap     ] GC(323) Eden regions: 383->0(372)
[145.993s][info][gc,heap     ] GC(323) Survivor regions: 6->24(49)
[145.993s][info][gc,heap     ] GC(323) Old regions: 489->489
[145.993s][info][gc,heap     ] GC(323) Humongous regions: 5->5
[145.993s][info][gc,metaspace] GC(323) Metaspace: 18299K(18496K)->18299K(18496K) NonClass: 15640K(15744K)->15640K(15744K) Class: 2659K(2752K)->2659K(2752K)
[145.993s][info][gc          ] GC(323) Pause Young (Concurrent Start) (G1 Evacuation Pause) 882M->517M(978M) 37.756ms
[145.993s][info][gc,cpu      ] GC(323) User=0.07s Sys=0.00s Real=0.04s
[145.993s][info][gc          ] GC(324) Concurrent Mark Cycle
[145.993s][info][gc,marking  ] GC(324) Concurrent Scan Root Regions
[146.046s][info][gc,marking  ] GC(324) Concurrent Scan Root Regions 52.253ms
[146.046s][info][gc,marking  ] GC(324) Concurrent Mark
[146.046s][info][gc,marking  ] GC(324) Concurrent Mark From Roots
[146.046s][info][gc,task     ] GC(324) Using 1 workers of 1 for marking
[146.865s][info][gc,start    ] GC(325) Pause Young (Normal) (G1 Evacuation Pause)
[146.866s][info][gc,task     ] GC(325) Using 2 workers of 2 for evacuation
[146.963s][info][gc,phases   ] GC(325)   Pre Evacuate Collection Set: 0.27ms
[146.964s][info][gc,phases   ] GC(325)   Merge Heap Roots: 0.51ms
[146.964s][info][gc,phases   ] GC(325)   Evacuate Collection Set: 96.35ms
[146.964s][info][gc,phases   ] GC(325)   Post Evacuate Collection Set: 0.69ms
[146.964s][info][gc,phases   ] GC(325)   Other: 0.10ms
[146.964s][info][gc,heap     ] GC(325) Eden regions: 372->0(304)
[146.964s][info][gc,heap     ] GC(325) Survivor regions: 24->50(50)
[146.964s][info][gc,heap     ] GC(325) Old regions: 489->516
[146.964s][info][gc,heap     ] GC(325) Humongous regions: 8->8
[146.964s][info][gc,metaspace] GC(325) Metaspace: 18304K(18496K)->18304K(18496K) NonClass: 15645K(15744K)->15645K(15744K) Class: 2659K(2752K)->2659K(2752K)
[146.964s][info][gc          ] GC(325) Pause Young (Normal) (G1 Evacuation Pause) 892M->573M(978M) 98.165ms
[146.964s][info][gc,cpu      ] GC(325) User=0.19s Sys=0.00s Real=0.10s
[147.459s][info][gc,marking  ] GC(324) Concurrent Mark From Roots 1413.581ms
[147.459s][info][gc,marking  ] GC(324) Concurrent Preclean
[147.459s][info][gc,marking  ] GC(324) Concurrent Preclean 0.034ms
[147.460s][info][gc,start    ] GC(324) Pause Remark
[147.466s][info][gc          ] GC(324) Pause Remark 837M->837M(978M) 6.468ms
[147.466s][info][gc,cpu      ] GC(324) User=0.01s Sys=0.00s Real=0.00s
[147.466s][info][gc,marking  ] GC(324) Concurrent Mark 1420.360ms
[147.466s][info][gc,marking  ] GC(324) Concurrent Rebuild Remembered Sets and Scrub Regions
[147.548s][info][gc,start    ] GC(326) Pause Young (Normal) (G1 Evacuation Pause)
[147.548s][info][gc,task     ] GC(326) Using 2 workers of 2 for evacuation
[147.622s][info][gc,phases   ] GC(326)   Pre Evacuate Collection Set: 0.24ms
[147.622s][info][gc,phases   ] GC(326)   Merge Heap Roots: 0.44ms
[147.622s][info][gc,phases   ] GC(326)   Evacuate Collection Set: 71.93ms
[147.622s][info][gc,phases   ] GC(326)   Post Evacuate Collection Set: 0.54ms
[147.622s][info][gc,phases   ] GC(326)   Other: 0.09ms
[147.622s][info][gc,heap     ] GC(326) Eden regions: 304->0(319)
[147.622s][info][gc,heap     ] GC(326) Survivor regions: 50->9(45)
[147.622s][info][gc,heap     ] GC(326) Old regions: 516->566
[147.622s][info][gc,heap     ] GC(326) Humongous regions: 8->8
[147.622s][info][gc,metaspace] GC(326) Metaspace: 18310K(18496K)->18310K(18496K) NonClass: 15651K(15744K)->15651K(15744K) Class: 2659K(2752K)->2659K(2752K)
[147.622s][info][gc          ] GC(326) Pause Young (Normal) (G1 Evacuation Pause) 877M->583M(978M) 73.417ms
[147.622s][info][gc,cpu      ] GC(326) User=0.14s Sys=0.00s Real=0.07s
[147.944s][info][gc,marking  ] GC(324) Concurrent Rebuild Remembered Sets and Scrub Regions 477.745ms
[147.944s][info][gc,start    ] GC(324) Pause Cleanup
[147.944s][info][gc          ] GC(324) Pause Cleanup 825M->825M(978M) 0.083ms
[147.944s][info][gc,cpu      ] GC(324) User=0.00s Sys=0.00s Real=0.00s
[147.945s][info][gc,marking  ] GC(324) Concurrent Clear Claimed Marks
[147.945s][info][gc,marking  ] GC(324) Concurrent Clear Claimed Marks 0.043ms
[147.945s][info][gc,marking  ] GC(324) Concurrent Cleanup for Next Mark
[147.952s][info][gc,marking  ] GC(324) Concurrent Cleanup for Next Mark 6.863ms
[147.952s][info][gc          ] GC(324) Concurrent Mark Cycle 1958.685ms
[148.053s][info][gc,start    ] GC(327) Pause Young (Prepare Mixed) (G1 Evacuation Pause)
[148.053s][info][gc,task     ] GC(327) Using 2 workers of 2 for evacuation
[148.075s][info][gc,phases   ] GC(327)   Pre Evacuate Collection Set: 0.28ms
[148.075s][info][gc,phases   ] GC(327)   Merge Heap Roots: 0.27ms
[148.075s][info][gc,phases   ] GC(327)   Evacuate Collection Set: 20.57ms
[148.075s][info][gc,phases   ] GC(327)   Post Evacuate Collection Set: 0.52ms
[148.075s][info][gc,phases   ] GC(327)   Other: 0.08ms
[148.075s][info][gc,heap     ] GC(327) Eden regions: 319->0(321)
[148.075s][info][gc,heap     ] GC(327) Survivor regions: 9->16(41)
[148.075s][info][gc,heap     ] GC(327) Old regions: 566->566
[148.075s][info][gc,heap     ] GC(327) Humongous regions: 8->8
[148.075s][info][gc,metaspace] GC(327) Metaspace: 18314K(18496K)->18314K(18496K) NonClass: 15655K(15744K)->15655K(15744K) Class: 2659K(2752K)->2659K(2752K)
[148.075s][info][gc          ] GC(327) Pause Young (Prepare Mixed) (G1 Evacuation Pause) 902M->590M(978M) 21.923ms
[148.075s][info][gc,cpu      ] GC(327) User=0.04s Sys=0.00s Real=0.02s
[148.861s][info][gc,start    ] GC(328) Pause Young (Mixed) (G1 Evacuation Pause)
[148.861s][info][gc,task     ] GC(328) Using 2 workers of 2 for evacuation
[148.896s][info][gc,phases   ] GC(328)   Pre Evacuate Collection Set: 0.26ms
[148.896s][info][gc,phases   ] GC(328)   Merge Heap Roots: 0.53ms
[148.896s][info][gc,phases   ] GC(328)   Evacuate Collection Set: 33.49ms
[148.896s][info][gc,phases   ] GC(328)   Post Evacuate Collection Set: 0.55ms
[148.896s][info][gc,phases   ] GC(328)   Other: 0.10ms
[148.896s][info][gc,heap     ] GC(328) Eden regions: 321->0(327)
[148.896s][info][gc,heap     ] GC(328) Survivor regions: 16->17(43)
[148.896s][info][gc,heap     ] GC(328) Old regions: 566->559
[148.896s][info][gc,heap     ] GC(328) Humongous regions: 8->8
[148.896s][info][gc,metaspace] GC(328) Metaspace: 18319K(18496K)->18319K(18496K) NonClass: 15660K(15744K)->15660K(15744K) Class: 2659K(2752K)->2659K(2752K)
[148.896s][info][gc          ] GC(328) Pause Young (Mixed) (G1 Evacuation Pause) 911M->584M(978M) 35.135ms
[148.896s][info][gc,cpu      ] GC(328) User=0.07s Sys=0.00s Real=0.03s
[149.951s][info][gc,start    ] GC(329) Pause Young (Concurrent Start) (G1 Evacuation Pause)
[149.951s][info][gc,task     ] GC(329) Using 2 workers of 2 for evacuation
[149.994s][info][gc,phases   ] GC(329)   Pre Evacuate Collection Set: 0.28ms
[149.994s][info][gc,phases   ] GC(329)   Merge Heap Roots: 0.31ms
[149.994s][info][gc,phases   ] GC(329)   Evacuate Collection Set: 41.21ms
[149.994s][info][gc,phases   ] GC(329)   Post Evacuate Collection Set: 0.57ms
[149.994s][info][gc,phases   ] GC(329)   Other: 0.09ms
[149.994s][info][gc,heap     ] GC(329) Eden regions: 327->0(285)
[149.994s][info][gc,heap     ] GC(329) Survivor regions: 17->38(43)
[149.994s][info][gc,heap     ] GC(329) Old regions: 559->559
[149.994s][info][gc,heap     ] GC(329) Humongous regions: 8->8
[149.994s][info][gc,metaspace] GC(329) Metaspace: 18319K(18496K)->18319K(18496K) NonClass: 15660K(15744K)->15660K(15744K) Class: 2659K(2752K)->2659K(2752K)
[149.994s][info][gc          ] GC(329) Pause Young (Concurrent Start) (G1 Evacuation Pause) 911M->604M(978M) 42.666ms
[149.994s][info][gc          ] GC(330) Concurrent Mark Cycle
[149.994s][info][gc,marking  ] GC(330) Concurrent Scan Root Regions
[149.994s][info][gc,cpu      ] GC(329) User=0.08s Sys=0.00s Real=0.04s
[150.066s][info][gc,marking  ] GC(330) Concurrent Scan Root Regions 72.528ms
[150.066s][info][gc,marking  ] GC(330) Concurrent Mark
[150.066s][info][gc,marking  ] GC(330) Concurrent Mark From Roots
[150.066s][info][gc,task     ] GC(330) Using 1 workers of 1 for marking
[151.120s][info][gc,start    ] GC(331) Pause Young (Normal) (G1 Evacuation Pause)
[151.120s][info][gc,task     ] GC(331) Using 2 workers of 2 for evacuation
[151.161s][info][gc,phases   ] GC(331)   Pre Evacuate Collection Set: 0.25ms
[151.161s][info][gc,phases   ] GC(331)   Merge Heap Roots: 0.32ms
[151.161s][info][gc,phases   ] GC(331)   Evacuate Collection Set: 40.38ms
[151.161s][info][gc,phases   ] GC(331)   Post Evacuate Collection Set: 0.46ms
[151.161s][info][gc,phases   ] GC(331)   Other: 0.07ms
[151.161s][info][gc,heap     ] GC(331) Eden regions: 285->0(320)
[151.161s][info][gc,heap     ] GC(331) Survivor regions: 38->1(41)
[151.161s][info][gc,heap     ] GC(331) Old regions: 559->597
[151.161s][info][gc,heap     ] GC(331) Humongous regions: 8->8
[151.161s][info][gc,metaspace] GC(331) Metaspace: 18320K(18496K)->18320K(18496K) NonClass: 15661K(15744K)->15661K(15744K) Class: 2659K(2752K)->2659K(2752K)
[151.162s][info][gc          ] GC(331) Pause Young (Normal) (G1 Evacuation Pause) 889M->605M(978M) 41.680ms
[151.162s][info][gc,cpu      ] GC(331) User=0.08s Sys=0.00s Real=0.04s
[151.623s][info][gc,marking  ] GC(330) Concurrent Mark From Roots 1556.916ms
[151.623s][info][gc,marking  ] GC(330) Concurrent Preclean
[151.623s][info][gc,marking  ] GC(330) Concurrent Preclean 0.024ms
[151.623s][info][gc,start    ] GC(330) Pause Remark
[151.734s][info][gc          ] GC(330) Pause Remark 667M->666M(978M) 110.796ms
[151.734s][info][gc,cpu      ] GC(330) User=0.22s Sys=0.00s Real=0.11s
[151.735s][info][gc,marking  ] GC(330) Concurrent Mark 1669.001ms
[151.735s][info][gc,marking  ] GC(330) Concurrent Rebuild Remembered Sets and Scrub Regions
[152.146s][info][gc,marking  ] GC(330) Concurrent Rebuild Remembered Sets and Scrub Regions 410.406ms
[152.146s][info][gc,start    ] GC(330) Pause Cleanup
[152.146s][info][gc          ] GC(330) Pause Cleanup 700M->700M(978M) 0.083ms
[152.146s][info][gc,cpu      ] GC(330) User=0.00s Sys=0.00s Real=0.00s
[152.146s][info][gc,marking  ] GC(330) Concurrent Clear Claimed Marks
[152.146s][info][gc,marking  ] GC(330) Concurrent Clear Claimed Marks 0.034ms
[152.146s][info][gc,marking  ] GC(330) Concurrent Cleanup for Next Mark
[152.151s][info][gc,marking  ] GC(330) Concurrent Cleanup for Next Mark 4.824ms
[152.151s][info][gc          ] GC(330) Concurrent Mark Cycle 2157.642ms
[152.961s][info][gc,start    ] GC(332) Pause Young (Prepare Mixed) (G1 Evacuation Pause)
[152.961s][info][gc,task     ] GC(332) Using 2 workers of 2 for evacuation
[152.966s][info][gc,phases   ] GC(332)   Pre Evacuate Collection Set: 0.29ms
[152.966s][info][gc,phases   ] GC(332)   Merge Heap Roots: 0.16ms
[152.966s][info][gc,phases   ] GC(332)   Evacuate Collection Set: 4.04ms
[152.966s][info][gc,phases   ] GC(332)   Post Evacuate Collection Set: 0.48ms
[152.966s][info][gc,phases   ] GC(332)   Other: 0.08ms
[152.966s][info][gc,heap     ] GC(332) Eden regions: 320->0(318)
[152.966s][info][gc,heap     ] GC(332) Survivor regions: 1->3(41)
[152.966s][info][gc,heap     ] GC(332) Old regions: 597->597
[152.966s][info][gc,heap     ] GC(332) Humongous regions: 7->7
[152.966s][info][gc,metaspace] GC(332) Metaspace: 18353K(18560K)->18353K(18560K) NonClass: 15694K(15808K)->15694K(15808K) Class: 2659K(2752K)->2659K(2752K)
[152.966s][info][gc          ] GC(332) Pause Young (Prepare Mixed) (G1 Evacuation Pause) 924M->606M(978M) 5.210ms
[152.966s][info][gc,cpu      ] GC(332) User=0.01s Sys=0.00s Real=0.00s
[153.553s][info][gc,start    ] GC(333) Pause Young (Mixed) (G1 Evacuation Pause)
[153.553s][info][gc,task     ] GC(333) Using 2 workers of 2 for evacuation
[153.633s][info][gc,phases   ] GC(333)   Pre Evacuate Collection Set: 0.27ms
[153.633s][info][gc,phases   ] GC(333)   Merge Heap Roots: 0.41ms
[153.633s][info][gc,phases   ] GC(333)   Evacuate Collection Set: 72.64ms
[153.633s][info][gc,phases   ] GC(333)   Post Evacuate Collection Set: 6.35ms
[153.633s][info][gc,phases   ] GC(333)   Other: 0.07ms
[153.633s][info][gc,heap     ] GC(333) Eden regions: 318->0(183)
[153.633s][info][gc,heap     ] GC(333) Survivor regions: 3->41(41)
[153.633s][info][gc,heap     ] GC(333) Old regions: 597->656
[153.633s][info][gc,heap     ] GC(333) Humongous regions: 7->7
[153.633s][info][gc,metaspace] GC(333) Metaspace: 18473K(18688K)->18473K(18688K) NonClass: 15814K(15936K)->15814K(15936K) Class: 2659K(2752K)->2659K(2752K)
[153.633s][info][gc          ] GC(333) Pause Young (Mixed) (G1 Evacuation Pause) (Evacuation Failure: Allocation) 924M->704M(978M) 79.981ms
[153.633s][info][gc,cpu      ] GC(333) User=0.16s Sys=0.00s Real=0.08s
[153.811s][info][gc,start    ] GC(334) Pause Young (Concurrent Start) (G1 Evacuation Pause)
[153.811s][info][gc,task     ] GC(334) Using 2 workers of 2 for evacuation
[153.922s][info][gc,phases   ] GC(334)   Pre Evacuate Collection Set: 0.36ms
[153.922s][info][gc,phases   ] GC(334)   Merge Heap Roots: 0.33ms
[153.922s][info][gc,phases   ] GC(334)   Evacuate Collection Set: 100.68ms
[153.922s][info][gc,phases   ] GC(334)   Post Evacuate Collection Set: 8.74ms
[153.922s][info][gc,phases   ] GC(334)   Other: 0.11ms
[153.922s][info][gc,heap     ] GC(334) Eden regions: 183->0(106)
[153.922s][info][gc,heap     ] GC(334) Survivor regions: 41->28(28)
[153.922s][info][gc,heap     ] GC(334) Old regions: 656->759
[153.922s][info][gc,heap     ] GC(334) Humongous regions: 7->7
[153.922s][info][gc,metaspace] GC(334) Metaspace: 18473K(18688K)->18473K(18688K) NonClass: 15814K(15936K)->15814K(15936K) Class: 2659K(2752K)->2659K(2752K)
[153.922s][info][gc          ] GC(334) Pause Young (Concurrent Start) (G1 Evacuation Pause) (Evacuation Failure: Allocation) 887M->794M(978M) 110.479ms
[153.922s][info][gc          ] GC(335) Concurrent Mark Cycle
[153.922s][info][gc,marking  ] GC(335) Concurrent Scan Root Regions
[153.922s][info][gc,cpu      ] GC(334) User=0.22s Sys=0.00s Real=0.11s
[154.029s][info][gc,marking  ] GC(335) Concurrent Scan Root Regions 107.755ms
[154.030s][info][gc,marking  ] GC(335) Concurrent Mark
[154.030s][info][gc,marking  ] GC(335) Concurrent Mark From Roots
[154.030s][info][gc,task     ] GC(335) Using 1 workers of 1 for marking
[154.168s][info][gc,start    ] GC(336) Pause Young (Normal) (G1 Evacuation Pause)
[154.168s][info][gc,task     ] GC(336) Using 2 workers of 2 for evacuation
[154.250s][info][gc,phases   ] GC(336)   Pre Evacuate Collection Set: 0.35ms
[154.250s][info][gc,phases   ] GC(336)   Merge Heap Roots: 0.36ms
[154.250s][info][gc,phases   ] GC(336)   Evacuate Collection Set: 76.35ms
[154.250s][info][gc,phases   ] GC(336)   Post Evacuate Collection Set: 4.52ms
[154.250s][info][gc,phases   ] GC(336)   Other: 0.07ms
[154.250s][info][gc,heap     ] GC(336) Eden regions: 106->0(104)
[154.250s][info][gc,heap     ] GC(336) Survivor regions: 28->17(17)
[154.250s][info][gc,heap     ] GC(336) Old regions: 759->783
[154.250s][info][gc,heap     ] GC(336) Humongous regions: 7->7
[154.250s][info][gc,metaspace] GC(336) Metaspace: 18474K(18688K)->18474K(18688K) NonClass: 15815K(15936K)->15815K(15936K) Class: 2659K(2752K)->2659K(2752K)
[154.250s][info][gc          ] GC(336) Pause Young (Normal) (G1 Evacuation Pause) (Evacuation Failure: Allocation) 900M->807M(978M) 81.922ms
[154.250s][info][gc,cpu      ] GC(336) User=0.16s Sys=0.00s Real=0.08s
[154.419s][info][gc,start    ] GC(337) Pause Young (Normal) (G1 Evacuation Pause)
[154.419s][info][gc,task     ] GC(337) Using 2 workers of 2 for evacuation
[154.468s][info][gc,phases   ] GC(337)   Pre Evacuate Collection Set: 0.53ms
[154.468s][info][gc,phases   ] GC(337)   Merge Heap Roots: 0.49ms
[154.468s][info][gc,phases   ] GC(337)   Evacuate Collection Set: 47.25ms
[154.468s][info][gc,phases   ] GC(337)   Post Evacuate Collection Set: 0.40ms
[154.468s][info][gc,phases   ] GC(337)   Other: 0.09ms
[154.468s][info][gc,heap     ] GC(337) Eden regions: 104->0(133)
[154.468s][info][gc,heap     ] GC(337) Survivor regions: 17->15(16)
[154.468s][info][gc,heap     ] GC(337) Old regions: 783->749
[154.468s][info][gc,heap     ] GC(337) Humongous regions: 8->8
[154.468s][info][gc,metaspace] GC(337) Metaspace: 18474K(18688K)->18474K(18688K) NonClass: 15815K(15936K)->15815K(15936K) Class: 2659K(2752K)->2659K(2752K)
[154.468s][info][gc          ] GC(337) Pause Young (Normal) (G1 Evacuation Pause) 912M->771M(978M) 49.022ms
[154.468s][info][gc,cpu      ] GC(337) User=0.10s Sys=0.00s Real=0.05s
[154.771s][info][gc,start    ] GC(338) Pause Young (Normal) (G1 Evacuation Pause)
[154.771s][info][gc,task     ] GC(338) Using 2 workers of 2 for evacuation
[154.821s][info][gc,phases   ] GC(338)   Pre Evacuate Collection Set: 0.44ms
[154.821s][info][gc,phases   ] GC(338)   Merge Heap Roots: 0.97ms
[154.821s][info][gc,phases   ] GC(338)   Evacuate Collection Set: 47.23ms
[154.821s][info][gc,phases   ] GC(338)   Post Evacuate Collection Set: 0.63ms
[154.821s][info][gc,phases   ] GC(338)   Other: 0.09ms
[154.821s][info][gc,heap     ] GC(338) Eden regions: 133->0(136)
[154.821s][info][gc,heap     ] GC(338) Survivor regions: 15->7(19)
[154.821s][info][gc,heap     ] GC(338) Old regions: 749->764
[154.821s][info][gc,heap     ] GC(338) Humongous regions: 8->8
[154.821s][info][gc,metaspace] GC(338) Metaspace: 18525K(18752K)->18525K(18752K) NonClass: 15866K(16000K)->15866K(16000K) Class: 2659K(2752K)->2659K(2752K)
[154.821s][info][gc          ] GC(338) Pause Young (Normal) (G1 Evacuation Pause) 904M->778M(978M) 49.604ms
[154.821s][info][gc,cpu      ] GC(338) User=0.10s Sys=0.00s Real=0.05s
[155.236s][info][gc,start    ] GC(339) Pause Young (Normal) (G1 Evacuation Pause)
[155.236s][info][gc,task     ] GC(339) Using 2 workers of 2 for evacuation
[155.307s][info][gc,phases   ] GC(339)   Pre Evacuate Collection Set: 0.47ms
[155.308s][info][gc,phases   ] GC(339)   Merge Heap Roots: 1.12ms
[155.308s][info][gc,phases   ] GC(339)   Evacuate Collection Set: 68.62ms
[155.308s][info][gc,phases   ] GC(339)   Post Evacuate Collection Set: 0.74ms
[155.308s][info][gc,phases   ] GC(339)   Other: 0.09ms
[155.308s][info][gc,heap     ] GC(339) Eden regions: 136->0(101)
[155.308s][info][gc,heap     ] GC(339) Survivor regions: 7->18(18)
[155.308s][info][gc,heap     ] GC(339) Old regions: 764->780
[155.308s][info][gc,heap     ] GC(339) Humongous regions: 11->11
[155.308s][info][gc,metaspace] GC(339) Metaspace: 18525K(18752K)->18525K(18752K) NonClass: 15866K(16000K)->15866K(16000K) Class: 2659K(2752K)->2659K(2752K)
[155.308s][info][gc          ] GC(339) Pause Young (Normal) (G1 Evacuation Pause) 917M->808M(978M) 71.268ms
[155.308s][info][gc,cpu      ] GC(339) User=0.14s Sys=0.00s Real=0.07s
[155.507s][info][gc,start    ] GC(340) Pause Young (Normal) (G1 Evacuation Pause)
[155.507s][info][gc,task     ] GC(340) Using 2 workers of 2 for evacuation
[155.562s][info][gc,phases   ] GC(340)   Pre Evacuate Collection Set: 0.50ms
[155.562s][info][gc,phases   ] GC(340)   Merge Heap Roots: 0.72ms
[155.562s][info][gc,phases   ] GC(340)   Evacuate Collection Set: 53.20ms
[155.562s][info][gc,phases   ] GC(340)   Post Evacuate Collection Set: 0.32ms
[155.562s][info][gc,phases   ] GC(340)   Other: 0.07ms
[155.562s][info][gc,heap     ] GC(340) Eden regions: 101->0(105)
[155.562s][info][gc,heap     ] GC(340) Survivor regions: 18->7(15)
[155.562s][info][gc,heap     ] GC(340) Old regions: 780->798
[155.562s][info][gc,heap     ] GC(340) Humongous regions: 11->11
[155.562s][info][gc,metaspace] GC(340) Metaspace: 18525K(18752K)->18525K(18752K) NonClass: 15866K(16000K)->15866K(16000K) Class: 2659K(2752K)->2659K(2752K)
[155.562s][info][gc          ] GC(340) Pause Young (Normal) (G1 Evacuation Pause) 909M->815M(978M) 55.009ms
[155.562s][info][gc,cpu      ] GC(340) User=0.11s Sys=0.00s Real=0.05s
[155.710s][info][gc,start    ] GC(341) Pause Young (Normal) (G1 Evacuation Pause)
[155.711s][info][gc,task     ] GC(341) Using 2 workers of 2 for evacuation
[155.724s][info][gc,phases   ] GC(341)   Pre Evacuate Collection Set: 0.26ms
[155.724s][info][gc,phases   ] GC(341)   Merge Heap Roots: 0.13ms
[155.724s][info][gc,phases   ] GC(341)   Evacuate Collection Set: 12.99ms
[155.724s][info][gc,phases   ] GC(341)   Post Evacuate Collection Set: 0.33ms
[155.724s][info][gc,phases   ] GC(341)   Other: 0.08ms
[155.724s][info][gc,heap     ] GC(341) Eden regions: 105->0(97)
[155.724s][info][gc,heap     ] GC(341) Survivor regions: 7->11(14)
[155.724s][info][gc,heap     ] GC(341) Old regions: 798->798
[155.724s][info][gc,heap     ] GC(341) Humongous regions: 11->11
[155.724s][info][gc,metaspace] GC(341) Metaspace: 18525K(18752K)->18525K(18752K) NonClass: 15866K(16000K)->15866K(16000K) Class: 2659K(2752K)->2659K(2752K)
[155.724s][info][gc          ] GC(341) Pause Young (Normal) (G1 Evacuation Pause) 920M->820M(978M) 14.042ms
[155.724s][info][gc,cpu      ] GC(341) User=0.03s Sys=0.00s Real=0.01s
[155.853s][info][gc,start    ] GC(342) Pause Young (Normal) (G1 Evacuation Pause)
[155.853s][info][gc,task     ] GC(342) Using 2 workers of 2 for evacuation
[155.877s][info][gc,phases   ] GC(342)   Pre Evacuate Collection Set: 0.50ms
[155.877s][info][gc,phases   ] GC(342)   Merge Heap Roots: 0.14ms
[155.877s][info][gc,phases   ] GC(342)   Evacuate Collection Set: 22.88ms
[155.877s][info][gc,phases   ] GC(342)   Post Evacuate Collection Set: 0.31ms
[155.877s][info][gc,phases   ] GC(342)   Other: 0.08ms
[155.877s][info][gc,heap     ] GC(342) Eden regions: 97->0(83)
[155.877s][info][gc,heap     ] GC(342) Survivor regions: 11->14(14)
[155.877s][info][gc,heap     ] GC(342) Old regions: 798->806
[155.877s][info][gc,heap     ] GC(342) Humongous regions: 11->11
[155.877s][info][gc,metaspace] GC(342) Metaspace: 18525K(18752K)->18525K(18752K) NonClass: 15866K(16000K)->15866K(16000K) Class: 2659K(2752K)->2659K(2752K)
[155.877s][info][gc          ] GC(342) Pause Young (Normal) (G1 Evacuation Pause) 917M->830M(978M) 24.126ms
[155.877s][info][gc,cpu      ] GC(342) User=0.04s Sys=0.00s Real=0.03s
[155.937s][info][gc,marking  ] GC(335) Concurrent Mark From Roots 1907.951ms
[155.938s][info][gc,marking  ] GC(335) Concurrent Preclean
[155.938s][info][gc,marking  ] GC(335) Concurrent Preclean 0.025ms
[155.938s][info][gc,start    ] GC(335) Pause Remark
[155.945s][info][gc          ] GC(335) Pause Remark 893M->808M(978M) 7.218ms
[155.945s][info][gc,cpu      ] GC(335) User=0.02s Sys=0.00s Real=0.00s
[155.945s][info][gc,marking  ] GC(335) Concurrent Mark 1915.456ms
[155.945s][info][gc,marking  ] GC(335) Concurrent Rebuild Remembered Sets and Scrub Regions
[155.973s][info][gc,start    ] GC(343) Pause Young (Normal) (G1 Evacuation Pause)
[155.973s][info][gc,task     ] GC(343) Using 2 workers of 2 for evacuation
[156.001s][info][gc,phases   ] GC(343)   Pre Evacuate Collection Set: 0.21ms
[156.001s][info][gc,phases   ] GC(343)   Merge Heap Roots: 0.13ms
[156.001s][info][gc,phases   ] GC(343)   Evacuate Collection Set: 26.57ms
[156.001s][info][gc,phases   ] GC(343)   Post Evacuate Collection Set: 0.55ms
[156.001s][info][gc,phases   ] GC(343)   Other: 0.07ms
[156.001s][info][gc,heap     ] GC(343) Eden regions: 83->0(145)
[156.001s][info][gc,heap     ] GC(343) Survivor regions: 14->12(13)
[156.001s][info][gc,heap     ] GC(343) Old regions: 723->738
[156.001s][info][gc,heap     ] GC(343) Humongous regions: 9->9
[156.001s][info][gc,metaspace] GC(343) Metaspace: 18525K(18752K)->18525K(18752K) NonClass: 15866K(16000K)->15866K(16000K) Class: 2659K(2752K)->2659K(2752K)
[156.001s][info][gc          ] GC(343) Pause Young (Normal) (G1 Evacuation Pause) 828M->758M(978M) 27.677ms
[156.001s][info][gc,cpu      ] GC(343) User=0.05s Sys=0.01s Real=0.03s
[156.111s][info][gc,start    ] GC(344) Pause Young (Normal) (G1 Evacuation Pause)
[156.111s][info][gc,task     ] GC(344) Using 2 workers of 2 for evacuation
[156.151s][info][gc,phases   ] GC(344)   Pre Evacuate Collection Set: 0.40ms
[156.151s][info][gc,phases   ] GC(344)   Merge Heap Roots: 0.31ms
[156.151s][info][gc,phases   ] GC(344)   Evacuate Collection Set: 38.59ms
[156.151s][info][gc,phases   ] GC(344)   Post Evacuate Collection Set: 0.49ms
[156.151s][info][gc,phases   ] GC(344)   Other: 0.09ms
[156.151s][info][gc,heap     ] GC(344) Eden regions: 145->0(129)
[156.151s][info][gc,heap     ] GC(344) Survivor regions: 12->20(20)
[156.151s][info][gc,heap     ] GC(344) Old regions: 738->750
[156.151s][info][gc,heap     ] GC(344) Humongous regions: 9->9
[156.151s][info][gc,metaspace] GC(344) Metaspace: 18525K(18752K)->18525K(18752K) NonClass: 15866K(16000K)->15866K(16000K) Class: 2659K(2752K)->2659K(2752K)
[156.151s][info][gc          ] GC(344) Pause Young (Normal) (G1 Evacuation Pause) 903M->778M(978M) 40.067ms
[156.151s][info][gc,cpu      ] GC(344) User=0.08s Sys=0.00s Real=0.04s
[156.452s][info][gc,start    ] GC(345) Pause Young (Normal) (G1 Evacuation Pause)
[156.452s][info][gc,task     ] GC(345) Using 2 workers of 2 for evacuation
[156.516s][info][gc,phases   ] GC(345)   Pre Evacuate Collection Set: 0.27ms
[156.516s][info][gc,phases   ] GC(345)   Merge Heap Roots: 0.63ms
[156.516s][info][gc,phases   ] GC(345)   Evacuate Collection Set: 62.35ms
[156.516s][info][gc,phases   ] GC(345)   Post Evacuate Collection Set: 0.60ms
[156.516s][info][gc,phases   ] GC(345)   Other: 0.09ms
[156.516s][info][gc,heap     ] GC(345) Eden regions: 129->0(105)
[156.516s][info][gc,heap     ] GC(345) Survivor regions: 20->19(19)
[156.516s][info][gc,heap     ] GC(345) Old regions: 750->775
[156.516s][info][gc,heap     ] GC(345) Humongous regions: 10->10
[156.516s][info][gc,metaspace] GC(345) Metaspace: 18525K(18752K)->18525K(18752K) NonClass: 15866K(16000K)->15866K(16000K) Class: 2659K(2752K)->2659K(2752K)
[156.516s][info][gc          ] GC(345) Pause Young (Normal) (G1 Evacuation Pause) 908M->803M(978M) 64.185ms
[156.516s][info][gc,cpu      ] GC(345) User=0.13s Sys=0.00s Real=0.06s
[156.626s][info][gc,start    ] GC(346) Pause Young (Normal) (G1 Evacuation Pause)
[156.627s][info][gc,task     ] GC(346) Using 2 workers of 2 for evacuation
[156.670s][info][gc,phases   ] GC(346)   Pre Evacuate Collection Set: 0.24ms
[156.670s][info][gc,phases   ] GC(346)   Merge Heap Roots: 0.44ms
[156.670s][info][gc,phases   ] GC(346)   Evacuate Collection Set: 42.30ms
[156.670s][info][gc,phases   ] GC(346)   Post Evacuate Collection Set: 0.52ms
[156.670s][info][gc,phases   ] GC(346)   Other: 0.10ms
[156.670s][info][gc,heap     ] GC(346) Eden regions: 105->0(106)
[156.670s][info][gc,heap     ] GC(346) Survivor regions: 19->9(16)
[156.670s][info][gc,heap     ] GC(346) Old regions: 775->794
[156.670s][info][gc,heap     ] GC(346) Humongous regions: 10->10
[156.670s][info][gc,metaspace] GC(346) Metaspace: 18525K(18752K)->18525K(18752K) NonClass: 15866K(16000K)->15866K(16000K) Class: 2659K(2752K)->2659K(2752K)
[156.670s][info][gc          ] GC(346) Pause Young (Normal) (G1 Evacuation Pause) 908M->812M(978M) 43.849ms
[156.670s][info][gc,cpu      ] GC(346) User=0.09s Sys=0.00s Real=0.04s
[156.803s][info][gc,start    ] GC(347) Pause Young (Normal) (G1 Evacuation Pause)
[156.803s][info][gc,task     ] GC(347) Using 2 workers of 2 for evacuation
[156.831s][info][gc,phases   ] GC(347)   Pre Evacuate Collection Set: 0.27ms
[156.831s][info][gc,phases   ] GC(347)   Merge Heap Roots: 0.38ms
[156.831s][info][gc,phases   ] GC(347)   Evacuate Collection Set: 26.65ms
[156.831s][info][gc,phases   ] GC(347)   Post Evacuate Collection Set: 0.47ms
[156.831s][info][gc,phases   ] GC(347)   Other: 0.07ms
[156.831s][info][gc,heap     ] GC(347) Eden regions: 106->0(106)
[156.831s][info][gc,heap     ] GC(347) Survivor regions: 9->5(15)
[156.831s][info][gc,heap     ] GC(347) Old regions: 794->802
[156.831s][info][gc,heap     ] GC(347) Humongous regions: 10->10
[156.831s][info][gc,metaspace] GC(347) Metaspace: 18525K(18752K)->18525K(18752K) NonClass: 15866K(16000K)->15866K(16000K) Class: 2659K(2752K)->2659K(2752K)
[156.831s][info][gc          ] GC(347) Pause Young (Normal) (G1 Evacuation Pause) 918M->816M(978M) 28.037ms
[156.831s][info][gc,cpu      ] GC(347) User=0.06s Sys=0.00s Real=0.03s
[156.951s][info][gc,marking  ] GC(335) Concurrent Rebuild Remembered Sets and Scrub Regions 1006.007ms
[156.951s][info][gc,start    ] GC(335) Pause Cleanup
[156.952s][info][gc          ] GC(335) Pause Cleanup 900M->900M(978M) 0.122ms
[156.952s][info][gc,cpu      ] GC(335) User=0.00s Sys=0.00s Real=0.00s
[156.952s][info][gc,marking  ] GC(335) Concurrent Clear Claimed Marks
[156.952s][info][gc,marking  ] GC(335) Concurrent Clear Claimed Marks 0.030ms
[156.952s][info][gc,marking  ] GC(335) Concurrent Cleanup for Next Mark
[156.958s][info][gc,marking  ] GC(335) Concurrent Cleanup for Next Mark 6.412ms
[156.958s][info][gc          ] GC(335) Concurrent Mark Cycle 3036.434ms
[156.978s][info][gc,start    ] GC(348) Pause Young (Prepare Mixed) (G1 Evacuation Pause)
[156.978s][info][gc,task     ] GC(348) Using 2 workers of 2 for evacuation
[157.002s][info][gc,phases   ] GC(348)   Pre Evacuate Collection Set: 0.25ms
[157.002s][info][gc,phases   ] GC(348)   Merge Heap Roots: 0.46ms
[157.002s][info][gc,phases   ] GC(348)   Evacuate Collection Set: 23.03ms
[157.002s][info][gc,phases   ] GC(348)   Post Evacuate Collection Set: 0.48ms
[157.002s][info][gc,phases   ] GC(348)   Other: 0.08ms
[157.002s][info][gc,heap     ] GC(348) Eden regions: 106->0(104)
[157.002s][info][gc,heap     ] GC(348) Survivor regions: 5->6(14)
[157.002s][info][gc,heap     ] GC(348) Old regions: 802->802
[157.002s][info][gc,heap     ] GC(348) Humongous regions: 10->10
[157.002s][info][gc,metaspace] GC(348) Metaspace: 18525K(18752K)->18525K(18752K) NonClass: 15866K(16000K)->15866K(16000K) Class: 2659K(2752K)->2659K(2752K)
[157.002s][info][gc          ] GC(348) Pause Young (Prepare Mixed) (G1 Evacuation Pause) 922M->817M(978M) 24.484ms
[157.002s][info][gc,cpu      ] GC(348) User=0.05s Sys=0.00s Real=0.02s
[157.264s][info][gc,start    ] GC(349) Pause Young (Mixed) (G1 Evacuation Pause)
[157.264s][info][gc,task     ] GC(349) Using 2 workers of 2 for evacuation
[157.300s][info][gc,phases   ] GC(349)   Pre Evacuate Collection Set: 0.50ms
[157.300s][info][gc,phases   ] GC(349)   Merge Heap Roots: 0.62ms
[157.300s][info][gc,phases   ] GC(349)   Evacuate Collection Set: 33.23ms
[157.300s][info][gc,phases   ] GC(349)   Post Evacuate Collection Set: 1.17ms
[157.300s][info][gc,phases   ] GC(349)   Other: 0.08ms
[157.300s][info][gc,heap     ] GC(349) Eden regions: 104->0(125)
[157.300s][info][gc,heap     ] GC(349) Survivor regions: 6->7(14)
[157.300s][info][gc,heap     ] GC(349) Old regions: 802->779
[157.300s][info][gc,heap     ] GC(349) Humongous regions: 10->10
[157.300s][info][gc,metaspace] GC(349) Metaspace: 18525K(18752K)->18525K(18752K) NonClass: 15866K(16000K)->15866K(16000K) Class: 2659K(2752K)->2659K(2752K)
[157.300s][info][gc          ] GC(349) Pause Young (Mixed) (G1 Evacuation Pause) 921M->795M(978M) 35.799ms
[157.300s][info][gc,cpu      ] GC(349) User=0.07s Sys=0.00s Real=0.04s
[157.514s][info][gc,start    ] GC(350) Pause Young (Mixed) (G1 Evacuation Pause)
[157.514s][info][gc,task     ] GC(350) Using 2 workers of 2 for evacuation
[157.676s][info][gc,phases   ] GC(350)   Pre Evacuate Collection Set: 0.51ms
[157.676s][info][gc,phases   ] GC(350)   Merge Heap Roots: 0.84ms
[157.676s][info][gc,phases   ] GC(350)   Evacuate Collection Set: 159.87ms
[157.676s][info][gc,phases   ] GC(350)   Post Evacuate Collection Set: 0.38ms
[157.676s][info][gc,phases   ] GC(350)   Other: 0.08ms
[157.676s][info][gc,heap     ] GC(350) Eden regions: 125->0(112)
[157.676s][info][gc,heap     ] GC(350) Survivor regions: 7->14(17)
[157.676s][info][gc,heap     ] GC(350) Old regions: 779->778
[157.676s][info][gc,heap     ] GC(350) Humongous regions: 10->10
[157.676s][info][gc,metaspace] GC(350) Metaspace: 18525K(18752K)->18525K(18752K) NonClass: 15866K(16000K)->15866K(16000K) Class: 2659K(2752K)->2659K(2752K)
[157.676s][info][gc          ] GC(350) Pause Young (Mixed) (G1 Evacuation Pause) 920M->800M(978M) 161.900ms
[157.676s][info][gc,cpu      ] GC(350) User=0.32s Sys=0.00s Real=0.16s
[157.793s][info][gc,start    ] GC(351) Pause Young (Concurrent Start) (G1 Evacuation Pause)
[157.793s][info][gc,task     ] GC(351) Using 2 workers of 2 for evacuation
[157.852s][info][gc,phases   ] GC(351)   Pre Evacuate Collection Set: 0.33ms
[157.852s][info][gc,phases   ] GC(351)   Merge Heap Roots: 0.16ms
[157.852s][info][gc,phases   ] GC(351)   Evacuate Collection Set: 57.61ms
[157.852s][info][gc,phases   ] GC(351)   Post Evacuate Collection Set: 0.45ms
[157.852s][info][gc,phases   ] GC(351)   Other: 0.19ms
[157.852s][info][gc,heap     ] GC(351) Eden regions: 112->0(65)
[157.852s][info][gc,heap     ] GC(351) Survivor regions: 14->16(16)
[157.852s][info][gc,heap     ] GC(351) Old regions: 778->821
[157.852s][info][gc,heap     ] GC(351) Humongous regions: 10->10
[157.852s][info][gc,metaspace] GC(351) Metaspace: 18527K(18752K)->18527K(18752K) NonClass: 15867K(16000K)->15867K(16000K) Class: 2659K(2752K)->2659K(2752K)
[157.852s][info][gc          ] GC(351) Pause Young (Concurrent Start) (G1 Evacuation Pause) 912M->846M(978M) 58.963ms
[157.852s][info][gc,cpu      ] GC(351) User=0.12s Sys=0.00s Real=0.06s
[157.852s][info][gc          ] GC(352) Concurrent Mark Cycle
[157.852s][info][gc,marking  ] GC(352) Concurrent Scan Root Regions
[157.909s][info][gc,marking  ] GC(352) Concurrent Scan Root Regions 56.760ms
[157.909s][info][gc,marking  ] GC(352) Concurrent Mark
[157.909s][info][gc,marking  ] GC(352) Concurrent Mark From Roots
[157.909s][info][gc,task     ] GC(352) Using 1 workers of 1 for marking
[158.048s][info][gc,start    ] GC(353) Pause Young (Normal) (G1 Evacuation Pause)
[158.048s][info][gc,task     ] GC(353) Using 2 workers of 2 for evacuation
[158.083s][info][gc,phases   ] GC(353)   Pre Evacuate Collection Set: 0.49ms
[158.083s][info][gc,phases   ] GC(353)   Merge Heap Roots: 0.26ms
[158.083s][info][gc,phases   ] GC(353)   Evacuate Collection Set: 33.98ms
[158.083s][info][gc,phases   ] GC(353)   Post Evacuate Collection Set: 0.31ms
[158.083s][info][gc,phases   ] GC(353)   Other: 0.08ms
[158.083s][info][gc,heap     ] GC(353) Eden regions: 65->0(56)
[158.083s][info][gc,heap     ] GC(353) Survivor regions: 16->11(11)
[158.083s][info][gc,heap     ] GC(353) Old regions: 821->840
[158.083s][info][gc,heap     ] GC(353) Humongous regions: 10->10
[158.083s][info][gc,metaspace] GC(353) Metaspace: 18527K(18752K)->18527K(18752K) NonClass: 15868K(16000K)->15868K(16000K) Class: 2659K(2752K)->2659K(2752K)
[158.083s][info][gc          ] GC(353) Pause Young (Normal) (G1 Evacuation Pause) 911M->860M(978M) 35.334ms
[158.083s][info][gc,cpu      ] GC(353) User=0.07s Sys=0.00s Real=0.03s
[158.160s][info][gc,start    ] GC(354) Pause Young (Normal) (G1 Evacuation Pause)
[158.161s][info][gc,task     ] GC(354) Using 2 workers of 2 for evacuation
[158.184s][info][gc,phases   ] GC(354)   Pre Evacuate Collection Set: 0.25ms
[158.184s][info][gc,phases   ] GC(354)   Merge Heap Roots: 0.12ms
[158.184s][info][gc,phases   ] GC(354)   Evacuate Collection Set: 22.28ms
[158.184s][info][gc,phases   ] GC(354)   Post Evacuate Collection Set: 0.30ms
[158.184s][info][gc,phases   ] GC(354)   Other: 0.07ms
[158.184s][info][gc,heap     ] GC(354) Eden regions: 56->0(48)
[158.184s][info][gc,heap     ] GC(354) Survivor regions: 11->9(9)
[158.184s][info][gc,heap     ] GC(354) Old regions: 840->851
[158.184s][info][gc,heap     ] GC(354) Humongous regions: 11->11
[158.184s][info][gc,metaspace] GC(354) Metaspace: 18527K(18752K)->18527K(18752K) NonClass: 15868K(16000K)->15868K(16000K) Class: 2659K(2752K)->2659K(2752K)
[158.184s][info][gc          ] GC(354) Pause Young (Normal) (G1 Evacuation Pause) 917M->870M(978M) 23.212ms
[158.184s][info][gc,cpu      ] GC(354) User=0.05s Sys=0.00s Real=0.02s
[158.270s][info][gc,start    ] GC(355) Pause Young (Normal) (G1 Evacuation Pause)
[158.270s][info][gc,task     ] GC(355) Using 2 workers of 2 for evacuation
[158.286s][info][gc,phases   ] GC(355)   Pre Evacuate Collection Set: 0.30ms
[158.286s][info][gc,phases   ] GC(355)   Merge Heap Roots: 0.08ms
[158.286s][info][gc,phases   ] GC(355)   Evacuate Collection Set: 14.38ms
[158.286s][info][gc,phases   ] GC(355)   Post Evacuate Collection Set: 0.27ms
[158.286s][info][gc,phases   ] GC(355)   Other: 0.08ms
[158.286s][info][gc,heap     ] GC(355) Eden regions: 48->0(51)
[158.286s][info][gc,heap     ] GC(355) Survivor regions: 9->3(8)
[158.286s][info][gc,heap     ] GC(355) Old regions: 851->860
[158.286s][info][gc,heap     ] GC(355) Humongous regions: 11->11
[158.286s][info][gc,metaspace] GC(355) Metaspace: 18527K(18752K)->18527K(18752K) NonClass: 15868K(16000K)->15868K(16000K) Class: 2659K(2752K)->2659K(2752K)
[158.286s][info][gc          ] GC(355) Pause Young (Normal) (G1 Evacuation Pause) 918M->873M(978M) 15.338ms
[158.286s][info][gc,cpu      ] GC(355) User=0.03s Sys=0.00s Real=0.01s
[158.387s][info][gc,start    ] GC(356) Pause Young (Normal) (G1 Evacuation Pause)
[158.387s][info][gc,task     ] GC(356) Using 2 workers of 2 for evacuation
[158.394s][info][gc,phases   ] GC(356)   Pre Evacuate Collection Set: 0.49ms
[158.394s][info][gc,phases   ] GC(356)   Merge Heap Roots: 0.09ms
[158.394s][info][gc,phases   ] GC(356)   Evacuate Collection Set: 6.03ms
[158.394s][info][gc,phases   ] GC(356)   Post Evacuate Collection Set: 0.27ms
[158.394s][info][gc,phases   ] GC(356)   Other: 0.06ms
[158.394s][info][gc,heap     ] GC(356) Eden regions: 51->0(45)
[158.395s][info][gc,heap     ] GC(356) Survivor regions: 3->6(7)
[158.395s][info][gc,heap     ] GC(356) Old regions: 860->860
[158.395s][info][gc,heap     ] GC(356) Humongous regions: 11->11
[158.395s][info][gc,metaspace] GC(356) Metaspace: 18527K(18752K)->18527K(18752K) NonClass: 15868K(16000K)->15868K(16000K) Class: 2659K(2752K)->2659K(2752K)
[158.395s][info][gc          ] GC(356) Pause Young (Normal) (G1 Evacuation Pause) 924M->875M(978M) 7.151ms
[158.395s][info][gc,cpu      ] GC(356) User=0.01s Sys=0.00s Real=0.00s
[158.475s][info][gc,start    ] GC(357) Pause Young (Normal) (G1 Evacuation Pause)
[158.475s][info][gc,task     ] GC(357) Using 2 workers of 2 for evacuation
[158.482s][info][gc,phases   ] GC(357)   Pre Evacuate Collection Set: 0.47ms
[158.482s][info][gc,phases   ] GC(357)   Merge Heap Roots: 0.09ms
[158.482s][info][gc,phases   ] GC(357)   Evacuate Collection Set: 5.79ms
[158.482s][info][gc,phases   ] GC(357)   Post Evacuate Collection Set: 0.28ms
[158.482s][info][gc,phases   ] GC(357)   Other: 0.07ms
[158.482s][info][gc,heap     ] GC(357) Eden regions: 45->0(49)
[158.482s][info][gc,heap     ] GC(357) Survivor regions: 6->3(7)
[158.482s][info][gc,heap     ] GC(357) Old regions: 860->862
[158.482s][info][gc,heap     ] GC(357) Humongous regions: 11->11
[158.482s][info][gc,metaspace] GC(357) Metaspace: 18527K(18752K)->18527K(18752K) NonClass: 15868K(16000K)->15868K(16000K) Class: 2659K(2752K)->2659K(2752K)
[158.482s][info][gc          ] GC(357) Pause Young (Normal) (G1 Evacuation Pause) 920M->875M(978M) 6.904ms
[158.482s][info][gc,cpu      ] GC(357) User=0.01s Sys=0.00s Real=0.01s
[158.535s][info][gc,start    ] GC(358) Pause Young (Normal) (G1 Evacuation Pause)
[158.535s][info][gc,task     ] GC(358) Using 2 workers of 2 for evacuation
[158.540s][info][gc,phases   ] GC(358)   Pre Evacuate Collection Set: 0.27ms
[158.540s][info][gc,phases   ] GC(358)   Merge Heap Roots: 0.07ms
[158.540s][info][gc,phases   ] GC(358)   Evacuate Collection Set: 4.64ms
[158.540s][info][gc,phases   ] GC(358)   Post Evacuate Collection Set: 0.24ms
[158.540s][info][gc,phases   ] GC(358)   Other: 0.05ms
[158.540s][info][gc,heap     ] GC(358) Eden regions: 49->0(47)
[158.540s][info][gc,heap     ] GC(358) Survivor regions: 3->4(7)
[158.540s][info][gc,heap     ] GC(358) Old regions: 862->862
[158.540s][info][gc,heap     ] GC(358) Humongous regions: 11->11
[158.540s][info][gc,metaspace] GC(358) Metaspace: 18527K(18752K)->18527K(18752K) NonClass: 15868K(16000K)->15868K(16000K) Class: 2659K(2752K)->2659K(2752K)
[158.540s][info][gc          ] GC(358) Pause Young (Normal) (G1 Evacuation Pause) 924M->876M(978M) 5.430ms
[158.540s][info][gc,cpu      ] GC(358) User=0.01s Sys=0.00s Real=0.01s
[158.571s][info][gc,marking  ] GC(352) Concurrent Mark From Roots 661.897ms
[158.571s][info][gc,marking  ] GC(352) Concurrent Preclean
[158.571s][info][gc,marking  ] GC(352) Concurrent Preclean 0.072ms
[158.571s][info][gc,start    ] GC(352) Pause Remark
[158.581s][info][metaspace   ] ChkMgr @0x00007f63b01626e0 (non-class-space): : reclaiming memory...
[158.581s][info][metaspace   ] ChkMgr @0x00007f63b01626e0 (non-class-space): nothing reclaimed.
[158.581s][info][metaspace   ] ChkMgr @0x00007f63b01607f0 (class-space): : reclaiming memory...
[158.581s][info][metaspace   ] ChkMgr @0x00007f63b01607f0 (class-space): nothing reclaimed.
[158.582s][info][gc          ] GC(352) Pause Remark 902M->452M(978M) 10.835ms
[158.582s][info][gc,cpu      ] GC(352) User=0.02s Sys=0.00s Real=0.01s
[158.583s][info][gc,marking  ] GC(352) Concurrent Mark 673.651ms
[158.583s][info][gc,marking  ] GC(352) Concurrent Rebuild Remembered Sets and Scrub Regions
[158.626s][info][gc,start    ] GC(359) Pause Young (Normal) (G1 Evacuation Pause)
[158.626s][info][gc,task     ] GC(359) Using 2 workers of 2 for evacuation
[158.631s][info][gc,phases   ] GC(359)   Pre Evacuate Collection Set: 0.40ms
[158.631s][info][gc,phases   ] GC(359)   Merge Heap Roots: 0.07ms
[158.631s][info][gc,phases   ] GC(359)   Evacuate Collection Set: 4.43ms
[158.631s][info][gc,phases   ] GC(359)   Post Evacuate Collection Set: 0.24ms
[158.631s][info][gc,phases   ] GC(359)   Other: 0.07ms
[158.631s][info][gc,heap     ] GC(359) Eden regions: 47->0(324)
[158.631s][info][gc,heap     ] GC(359) Survivor regions: 4->2(7)
[158.631s][info][gc,heap     ] GC(359) Old regions: 419->422
[158.631s][info][gc,heap     ] GC(359) Humongous regions: 4->4
[158.631s][info][gc,metaspace] GC(359) Metaspace: 18504K(18752K)->18504K(18752K) NonClass: 15845K(16000K)->15845K(16000K) Class: 2659K(2752K)->2659K(2752K)
[158.631s][info][gc          ] GC(359) Pause Young (Normal) (G1 Evacuation Pause) 473M->427M(978M) 5.351ms
[158.631s][info][gc,cpu      ] GC(359) User=0.01s Sys=0.00s Real=0.01s
[158.934s][info][gc,marking  ] GC(352) Concurrent Rebuild Remembered Sets and Scrub Regions 351.006ms
[158.934s][info][gc,start    ] GC(352) Pause Cleanup
[158.934s][info][gc          ] GC(352) Pause Cleanup 543M->543M(978M) 0.163ms
[158.934s][info][gc,cpu      ] GC(352) User=0.00s Sys=0.00s Real=0.00s
[158.936s][info][gc,marking  ] GC(352) Concurrent Clear Claimed Marks
[158.936s][info][gc,marking  ] GC(352) Concurrent Clear Claimed Marks 0.049ms
[158.936s][info][gc,marking  ] GC(352) Concurrent Cleanup for Next Mark
[158.939s][info][gc,marking  ] GC(352) Concurrent Cleanup for Next Mark 2.854ms
[158.939s][info][gc          ] GC(352) Concurrent Mark Cycle 1087.227ms
[159.252s][info][gc,start    ] GC(360) Pause Young (Prepare Mixed) (G1 Evacuation Pause)
[159.252s][info][gc,task     ] GC(360) Using 2 workers of 2 for evacuation
[159.321s][info][gc,phases   ] GC(360)   Pre Evacuate Collection Set: 0.32ms
[159.321s][info][gc,phases   ] GC(360)   Merge Heap Roots: 0.23ms
[159.321s][info][gc,phases   ] GC(360)   Evacuate Collection Set: 67.27ms
[159.321s][info][gc,phases   ] GC(360)   Post Evacuate Collection Set: 0.59ms
[159.321s][info][gc,phases   ] GC(360)   Other: 0.09ms
[159.321s][info][gc,heap     ] GC(360) Eden regions: 324->0(158)
[159.321s][info][gc,heap     ] GC(360) Survivor regions: 2->41(41)
[159.321s][info][gc,heap     ] GC(360) Old regions: 422->447
[159.321s][info][gc,heap     ] GC(360) Humongous regions: 4->4
[159.321s][info][gc,metaspace] GC(360) Metaspace: 18504K(18752K)->18504K(18752K) NonClass: 15845K(16000K)->15845K(16000K) Class: 2659K(2752K)->2659K(2752K)
[159.321s][info][gc          ] GC(360) Pause Young (Prepare Mixed) (G1 Evacuation Pause) 751M->492M(978M) 68.714ms
[159.321s][info][gc,cpu      ] GC(360) User=0.14s Sys=0.00s Real=0.07s
[159.489s][info][gc,start    ] GC(361) Pause Young (Mixed) (G1 Evacuation Pause)
[159.490s][info][gc,task     ] GC(361) Using 2 workers of 2 for evacuation
[159.629s][info][gc,phases   ] GC(361)   Pre Evacuate Collection Set: 0.30ms
[159.629s][info][gc,phases   ] GC(361)   Merge Heap Roots: 0.29ms
[159.629s][info][gc,phases   ] GC(361)   Evacuate Collection Set: 137.51ms
[159.629s][info][gc,phases   ] GC(361)   Post Evacuate Collection Set: 0.73ms
[159.629s][info][gc,phases   ] GC(361)   Other: 0.08ms
[159.629s][info][gc,heap     ] GC(361) Eden regions: 189->0(179)
[159.629s][info][gc,heap     ] GC(361) Survivor regions: 41->29(29)
[159.629s][info][gc,heap     ] GC(361) Old regions: 447->546
[159.629s][info][gc,heap     ] GC(361) Humongous regions: 4->4
[159.629s][info][gc,metaspace] GC(361) Metaspace: 18504K(18752K)->18504K(18752K) NonClass: 15845K(16000K)->15845K(16000K) Class: 2659K(2752K)->2659K(2752K)
[159.629s][info][gc          ] GC(361) Pause Young (Mixed) (G1 Evacuation Pause) 681M->579M(978M) 139.191ms
[159.629s][info][gc,cpu      ] GC(361) User=0.28s Sys=0.00s Real=0.14s
[159.784s][info][gc,start    ] GC(362) Pause Young (Mixed) (G1 Evacuation Pause)
[159.784s][info][gc,task     ] GC(362) Using 2 workers of 2 for evacuation
[159.843s][info][gc,phases   ] GC(362)   Pre Evacuate Collection Set: 0.49ms
[159.843s][info][gc,phases   ] GC(362)   Merge Heap Roots: 0.69ms
[159.843s][info][gc,phases   ] GC(362)   Evacuate Collection Set: 57.24ms
[159.843s][info][gc,phases   ] GC(362)   Post Evacuate Collection Set: 0.57ms
[159.843s][info][gc,phases   ] GC(362)   Other: 0.08ms
[159.843s][info][gc,heap     ] GC(362) Eden regions: 175->0(220)
[159.843s][info][gc,heap     ] GC(362) Survivor regions: 29->11(26)
[159.843s][info][gc,heap     ] GC(362) Old regions: 546->566
[159.843s][info][gc,heap     ] GC(362) Humongous regions: 5->5
[159.843s][info][gc,metaspace] GC(362) Metaspace: 18505K(18752K)->18505K(18752K) NonClass: 15846K(16000K)->15846K(16000K) Class: 2659K(2752K)->2659K(2752K)
[159.843s][info][gc          ] GC(362) Pause Young (Mixed) (G1 Evacuation Pause) 755M->581M(978M) 59.283ms
[159.843s][info][gc,cpu      ] GC(362) User=0.11s Sys=0.00s Real=0.06s
[160.032s][info][gc,start    ] GC(363) Pause Young (Mixed) (G1 Evacuation Pause)
[160.033s][info][gc,task     ] GC(363) Using 2 workers of 2 for evacuation
[160.113s][info][gc,phases   ] GC(363)   Pre Evacuate Collection Set: 0.50ms
[160.113s][info][gc,phases   ] GC(363)   Merge Heap Roots: 1.20ms
[160.113s][info][gc,phases   ] GC(363)   Evacuate Collection Set: 77.93ms
[160.113s][info][gc,phases   ] GC(363)   Post Evacuate Collection Set: 0.76ms
[160.113s][info][gc,phases   ] GC(363)   Other: 0.09ms
[160.113s][info][gc,heap     ] GC(363) Eden regions: 220->0(260)
[160.113s][info][gc,heap     ] GC(363) Survivor regions: 11->25(29)
[160.113s][info][gc,heap     ] GC(363) Old regions: 566->513
[160.113s][info][gc,heap     ] GC(363) Humongous regions: 5->5
[160.113s][info][gc,metaspace] GC(363) Metaspace: 18505K(18752K)->18505K(18752K) NonClass: 15846K(16000K)->15846K(16000K) Class: 2659K(2752K)->2659K(2752K)
[160.113s][info][gc          ] GC(363) Pause Young (Mixed) (G1 Evacuation Pause) 801M->542M(978M) 80.689ms
[160.113s][info][gc,cpu      ] GC(363) User=0.16s Sys=0.00s Real=0.08s
[160.368s][info][gc,start    ] GC(364) Pause Young (Mixed) (G1 Evacuation Pause)
[160.368s][info][gc,task     ] GC(364) Using 2 workers of 2 for evacuation
[160.468s][info][gc,phases   ] GC(364)   Pre Evacuate Collection Set: 0.29ms
[160.468s][info][gc,phases   ] GC(364)   Merge Heap Roots: 0.43ms
[160.468s][info][gc,phases   ] GC(364)   Evacuate Collection Set: 96.96ms
[160.468s][info][gc,phases   ] GC(364)   Post Evacuate Collection Set: 1.80ms
[160.468s][info][gc,phases   ] GC(364)   Other: 0.10ms
[160.468s][info][gc,heap     ] GC(364) Eden regions: 260->0(224)
[160.468s][info][gc,heap     ] GC(364) Survivor regions: 25->36(36)
[160.468s][info][gc,heap     ] GC(364) Old regions: 513->563
[160.468s][info][gc,heap     ] GC(364) Humongous regions: 5->5
[160.468s][info][gc,metaspace] GC(364) Metaspace: 18506K(18752K)->18506K(18752K) NonClass: 15847K(16000K)->15847K(16000K) Class: 2659K(2752K)->2659K(2752K)
[160.468s][info][gc          ] GC(364) Pause Young (Mixed) (G1 Evacuation Pause) 802M->604M(978M) 99.832ms
[160.468s][info][gc,cpu      ] GC(364) User=0.20s Sys=0.00s Real=0.10s
[160.646s][info][gc,start    ] GC(365) Pause Young (Concurrent Start) (G1 Humongous Allocation)
[160.646s][info][gc,task     ] GC(365) Using 2 workers of 2 for evacuation
[160.759s][info][gc,phases   ] GC(365)   Pre Evacuate Collection Set: 0.29ms
[160.759s][info][gc,phases   ] GC(365)   Merge Heap Roots: 0.46ms
[160.759s][info][gc,phases   ] GC(365)   Evacuate Collection Set: 111.54ms
[160.759s][info][gc,phases   ] GC(365)   Post Evacuate Collection Set: 0.58ms
[160.759s][info][gc,phases   ] GC(365)   Other: 0.09ms
[160.759s][info][gc,heap     ] GC(365) Eden regions: 195->0(174)
[160.759s][info][gc,heap     ] GC(365) Survivor regions: 36->33(33)
[160.759s][info][gc,heap     ] GC(365) Old regions: 563->629
[160.759s][info][gc,heap     ] GC(365) Humongous regions: 5->5
[160.759s][info][gc,metaspace] GC(365) Metaspace: 18506K(18752K)->18506K(18752K) NonClass: 15847K(16000K)->15847K(16000K) Class: 2659K(2752K)->2659K(2752K)
[160.759s][info][gc          ] GC(365) Pause Young (Concurrent Start) (G1 Humongous Allocation) 799M->666M(978M) 113.206ms
[160.760s][info][gc,cpu      ] GC(365) User=0.22s Sys=0.00s Real=0.11s
[160.760s][info][gc          ] GC(366) Concurrent Mark Cycle
[160.760s][info][gc,marking  ] GC(366) Concurrent Scan Root Regions
[160.898s][info][gc,marking  ] GC(366) Concurrent Scan Root Regions 138.284ms
[160.898s][info][gc,marking  ] GC(366) Concurrent Mark
[160.898s][info][gc,marking  ] GC(366) Concurrent Mark From Roots
[160.898s][info][gc,task     ] GC(366) Using 1 workers of 1 for marking
[160.998s][info][gc,start    ] GC(367) Pause Young (Normal) (G1 Evacuation Pause)
[160.998s][info][gc,task     ] GC(367) Using 2 workers of 2 for evacuation
[161.100s][info][gc,phases   ] GC(367)   Pre Evacuate Collection Set: 0.49ms
[161.100s][info][gc,phases   ] GC(367)   Merge Heap Roots: 0.41ms
[161.100s][info][gc,phases   ] GC(367)   Evacuate Collection Set: 100.55ms
[161.100s][info][gc,phases   ] GC(367)   Post Evacuate Collection Set: 0.73ms
[161.100s][info][gc,phases   ] GC(367)   Other: 0.07ms
[161.100s][info][gc,heap     ] GC(367) Eden regions: 174->0(126)
[161.100s][info][gc,heap     ] GC(367) Survivor regions: 33->26(26)
[161.100s][info][gc,heap     ] GC(367) Old regions: 629->703
[161.100s][info][gc,heap     ] GC(367) Humongous regions: 8->8
[161.100s][info][gc,metaspace] GC(367) Metaspace: 18506K(18752K)->18506K(18752K) NonClass: 15847K(16000K)->15847K(16000K) Class: 2659K(2752K)->2659K(2752K)
[161.100s][info][gc          ] GC(367) Pause Young (Normal) (G1 Evacuation Pause) 843M->736M(978M) 102.493ms
[161.100s][info][gc,cpu      ] GC(367) User=0.21s Sys=0.00s Real=0.10s
[161.252s][info][gc,marking  ] GC(366) Concurrent Mark From Roots 354.175ms
[161.252s][info][gc,marking  ] GC(366) Concurrent Preclean
[161.252s][info][gc,marking  ] GC(366) Concurrent Preclean 0.027ms
[161.252s][info][gc,start    ] GC(366) Pause Remark
[161.260s][info][gc          ] GC(366) Pause Remark 810M->492M(978M) 7.219ms
[161.260s][info][gc,cpu      ] GC(366) User=0.02s Sys=0.00s Real=0.01s
[161.260s][info][gc,marking  ] GC(366) Concurrent Mark 361.730ms
[161.260s][info][gc,marking  ] GC(366) Concurrent Rebuild Remembered Sets and Scrub Regions
[161.342s][info][gc,start    ] GC(368) Pause Young (Normal) (G1 Evacuation Pause)
[161.342s][info][gc,task     ] GC(368) Using 2 workers of 2 for evacuation
[161.408s][info][gc,phases   ] GC(368)   Pre Evacuate Collection Set: 0.25ms
[161.408s][info][gc,phases   ] GC(368)   Merge Heap Roots: 0.50ms
[161.408s][info][gc,phases   ] GC(368)   Evacuate Collection Set: 64.38ms
[161.408s][info][gc,phases   ] GC(368)   Post Evacuate Collection Set: 0.35ms
[161.408s][info][gc,phases   ] GC(368)   Other: 0.08ms
[161.408s][info][gc,heap     ] GC(368) Eden regions: 126->0(311)
[161.408s][info][gc,heap     ] GC(368) Survivor regions: 26->19(19)
[161.408s][info][gc,heap     ] GC(368) Old regions: 389->419
[161.408s][info][gc,heap     ] GC(368) Humongous regions: 4->4
[161.408s][info][gc,metaspace] GC(368) Metaspace: 18509K(18752K)->18509K(18752K) NonClass: 15850K(16000K)->15850K(16000K) Class: 2659K(2752K)->2659K(2752K)
[161.408s][info][gc          ] GC(368) Pause Young (Normal) (G1 Evacuation Pause) 544M->442M(978M) 65.740ms
[161.408s][info][gc,cpu      ] GC(368) User=0.13s Sys=0.00s Real=0.07s
[161.567s][info][gc,marking  ] GC(366) Concurrent Rebuild Remembered Sets and Scrub Regions 307.711ms
[161.568s][info][gc,start    ] GC(366) Pause Cleanup
[161.568s][info][gc          ] GC(366) Pause Cleanup 610M->610M(978M) 0.124ms
[161.568s][info][gc,cpu      ] GC(366) User=0.00s Sys=0.00s Real=0.00s
[161.568s][info][gc,marking  ] GC(366) Concurrent Clear Claimed Marks
[161.568s][info][gc,marking  ] GC(366) Concurrent Clear Claimed Marks 0.028ms
[161.568s][info][gc,marking  ] GC(366) Concurrent Cleanup for Next Mark
[161.573s][info][gc,marking  ] GC(366) Concurrent Cleanup for Next Mark 4.846ms
[161.573s][info][gc          ] GC(366) Concurrent Mark Cycle 813.347ms
[161.685s][info][gc,start    ] GC(369) Pause Young (Prepare Mixed) (G1 Evacuation Pause)
[161.685s][info][gc,task     ] GC(369) Using 2 workers of 2 for evacuation
[161.750s][info][gc,phases   ] GC(369)   Pre Evacuate Collection Set: 0.47ms
[161.750s][info][gc,phases   ] GC(369)   Merge Heap Roots: 0.50ms
[161.750s][info][gc,phases   ] GC(369)   Evacuate Collection Set: 64.14ms
[161.750s][info][gc,phases   ] GC(369)   Post Evacuate Collection Set: 0.60ms
[161.750s][info][gc,phases   ] GC(369)   Other: 0.08ms
[161.751s][info][gc,heap     ] GC(369) Eden regions: 311->0(309)
[161.751s][info][gc,heap     ] GC(369) Survivor regions: 19->42(42)
[161.751s][info][gc,heap     ] GC(369) Old regions: 419->426
[161.751s][info][gc,heap     ] GC(369) Humongous regions: 7->7
[161.751s][info][gc,metaspace] GC(369) Metaspace: 18510K(18752K)->18510K(18752K) NonClass: 15851K(16000K)->15851K(16000K) Class: 2659K(2752K)->2659K(2752K)
[161.751s][info][gc          ] GC(369) Pause Young (Prepare Mixed) (G1 Evacuation Pause) 756M->474M(978M) 66.021ms
[161.751s][info][gc,cpu      ] GC(369) User=0.13s Sys=0.00s Real=0.07s
[161.984s][info][gc,start    ] GC(370) Pause Young (Mixed) (G1 Evacuation Pause)
[161.984s][info][gc,task     ] GC(370) Using 2 workers of 2 for evacuation
[162.075s][info][gc,phases   ] GC(370)   Pre Evacuate Collection Set: 0.33ms
[162.075s][info][gc,phases   ] GC(370)   Merge Heap Roots: 0.38ms
[162.075s][info][gc,phases   ] GC(370)   Evacuate Collection Set: 89.55ms
[162.075s][info][gc,phases   ] GC(370)   Merge Optional Heap Roots: 0.04ms
[162.075s][info][gc,phases   ] GC(370)   Evacuate Optional Collection Set: 0.05ms
[162.075s][info][gc,phases   ] GC(370)   Post Evacuate Collection Set: 0.62ms
[162.075s][info][gc,phases   ] GC(370)   Other: 0.14ms
[162.075s][info][gc,heap     ] GC(370) Eden regions: 309->0(318)
[162.075s][info][gc,heap     ] GC(370) Survivor regions: 42->35(44)
[162.075s][info][gc,heap     ] GC(370) Old regions: 426->440
[162.075s][info][gc,heap     ] GC(370) Humongous regions: 7->7
[162.075s][info][gc,metaspace] GC(370) Metaspace: 18512K(18752K)->18512K(18752K) NonClass: 15853K(16000K)->15853K(16000K) Class: 2659K(2752K)->2659K(2752K)
[162.075s][info][gc          ] GC(370) Pause Young (Mixed) (G1 Evacuation Pause) 783M->482M(978M) 91.346ms
[162.075s][info][gc,cpu      ] GC(370) User=0.18s Sys=0.00s Real=0.09s
[162.338s][info][gc,start    ] GC(371) Pause Young (Mixed) (G1 Evacuation Pause)
[162.338s][info][gc,task     ] GC(371) Using 2 workers of 2 for evacuation
[162.406s][info][gc,phases   ] GC(371)   Pre Evacuate Collection Set: 0.49ms
[162.406s][info][gc,phases   ] GC(371)   Merge Heap Roots: 0.47ms
[162.406s][info][gc,phases   ] GC(371)   Evacuate Collection Set: 67.00ms
[162.406s][info][gc,phases   ] GC(371)   Post Evacuate Collection Set: 0.57ms
[162.406s][info][gc,phases   ] GC(371)   Other: 0.12ms
[162.406s][info][gc,heap     ] GC(371) Eden regions: 318->0(363)
[162.406s][info][gc,heap     ] GC(371) Survivor regions: 35->26(45)
[162.406s][info][gc,heap     ] GC(371) Old regions: 440->406
[162.406s][info][gc,heap     ] GC(371) Humongous regions: 7->7
[162.406s][info][gc,metaspace] GC(371) Metaspace: 18512K(18752K)->18512K(18752K) NonClass: 15853K(16000K)->15853K(16000K) Class: 2659K(2752K)->2659K(2752K)
[162.406s][info][gc          ] GC(371) Pause Young (Mixed) (G1 Evacuation Pause) 800M->438M(978M) 68.869ms
[162.406s][info][gc,cpu      ] GC(371) User=0.14s Sys=0.00s Real=0.07s
[163.217s][info][gc,start    ] GC(372) Pause Young (Concurrent Start) (G1 Evacuation Pause)
[163.217s][info][gc,task     ] GC(372) Using 2 workers of 2 for evacuation
[163.269s][info][gc,phases   ] GC(372)   Pre Evacuate Collection Set: 0.39ms
[163.269s][info][gc,phases   ] GC(372)   Merge Heap Roots: 0.40ms
[163.269s][info][gc,phases   ] GC(372)   Evacuate Collection Set: 50.64ms
[163.269s][info][gc,phases   ] GC(372)   Post Evacuate Collection Set: 0.54ms
[163.269s][info][gc,phases   ] GC(372)   Other: 0.15ms
[163.269s][info][gc,heap     ] GC(372) Eden regions: 363->0(363)
[163.269s][info][gc,heap     ] GC(372) Survivor regions: 26->22(49)
[163.269s][info][gc,heap     ] GC(372) Old regions: 406->432
[163.269s][info][gc,heap     ] GC(372) Humongous regions: 7->7
[163.269s][info][gc,metaspace] GC(372) Metaspace: 18512K(18752K)->18512K(18752K) NonClass: 15853K(16000K)->15853K(16000K) Class: 2659K(2752K)->2659K(2752K)
[163.269s][info][gc          ] GC(372) Pause Young (Concurrent Start) (G1 Evacuation Pause) 801M->460M(978M) 52.399ms
[163.269s][info][gc          ] GC(373) Concurrent Mark Cycle
[163.269s][info][gc,marking  ] GC(373) Concurrent Scan Root Regions
[163.269s][info][gc,cpu      ] GC(372) User=0.11s Sys=0.00s Real=0.05s
[163.321s][info][gc,marking  ] GC(373) Concurrent Scan Root Regions 51.290ms
[163.321s][info][gc,marking  ] GC(373) Concurrent Mark
[163.321s][info][gc,marking  ] GC(373) Concurrent Mark From Roots
[163.321s][info][gc,task     ] GC(373) Using 1 workers of 1 for marking
[163.995s][info][gc,marking  ] GC(373) Concurrent Mark From Roots 674.348ms
[163.995s][info][gc,marking  ] GC(373) Concurrent Preclean
[163.995s][info][gc,marking  ] GC(373) Concurrent Preclean 0.032ms
[163.995s][info][gc,start    ] GC(373) Pause Remark
[164.002s][info][gc          ] GC(373) Pause Remark 665M->582M(978M) 6.997ms
[164.002s][info][gc,cpu      ] GC(373) User=0.02s Sys=0.00s Real=0.01s
[164.002s][info][gc,marking  ] GC(373) Concurrent Mark 681.791ms
[164.002s][info][gc,marking  ] GC(373) Concurrent Rebuild Remembered Sets and Scrub Regions
[164.331s][info][gc,marking  ] GC(373) Concurrent Rebuild Remembered Sets and Scrub Regions 328.333ms
[164.332s][info][gc,start    ] GC(373) Pause Cleanup
[164.332s][info][gc          ] GC(373) Pause Cleanup 685M->685M(978M) 0.117ms
[164.332s][info][gc,cpu      ] GC(373) User=0.00s Sys=0.00s Real=0.00s
[164.333s][info][gc,marking  ] GC(373) Concurrent Clear Claimed Marks
[164.333s][info][gc,marking  ] GC(373) Concurrent Clear Claimed Marks 0.046ms
[164.333s][info][gc,marking  ] GC(373) Concurrent Cleanup for Next Mark
[164.337s][info][gc,marking  ] GC(373) Concurrent Cleanup for Next Mark 4.844ms
[164.337s][info][gc          ] GC(373) Concurrent Mark Cycle 1068.166ms
[164.460s][info][gc,start    ] GC(374) Pause Young (Prepare Mixed) (G1 Evacuation Pause)
[164.460s][info][gc,task     ] GC(374) Using 2 workers of 2 for evacuation
[164.496s][info][gc,phases   ] GC(374)   Pre Evacuate Collection Set: 0.27ms
[164.496s][info][gc,phases   ] GC(374)   Merge Heap Roots: 0.51ms
[164.496s][info][gc,phases   ] GC(374)   Evacuate Collection Set: 34.55ms
[164.496s][info][gc,phases   ] GC(374)   Post Evacuate Collection Set: 0.61ms
[164.496s][info][gc,phases   ] GC(374)   Other: 0.10ms
[164.496s][info][gc,heap     ] GC(374) Eden regions: 363->0(454)
[164.496s][info][gc,heap     ] GC(374) Survivor regions: 22->22(49)
[164.496s][info][gc,heap     ] GC(374) Old regions: 352->352
[164.496s][info][gc,heap     ] GC(374) Humongous regions: 4->4
[164.496s][info][gc,metaspace] GC(374) Metaspace: 18513K(18752K)->18513K(18752K) NonClass: 15853K(16000K)->15853K(16000K) Class: 2659K(2752K)->2659K(2752K)
[164.496s][info][gc          ] GC(374) Pause Young (Prepare Mixed) (G1 Evacuation Pause) 740M->377M(978M) 36.277ms
[164.496s][info][gc,cpu      ] GC(374) User=0.07s Sys=0.00s Real=0.03s
[165.002s][info][gc,start    ] GC(375) Pause Young (Mixed) (G1 Evacuation Pause)
[165.002s][info][gc,task     ] GC(375) Using 2 workers of 2 for evacuation
[165.221s][info][gc,mmu      ] GC(375) MMU target violated: 201.0ms (200.0ms/201.0ms)
[165.221s][info][gc,phases   ] GC(375)   Pre Evacuate Collection Set: 0.28ms
[165.221s][info][gc,phases   ] GC(375)   Merge Heap Roots: 0.70ms
[165.221s][info][gc,phases   ] GC(375)   Evacuate Collection Set: 125.98ms
[165.221s][info][gc,phases   ] GC(375)   Merge Optional Heap Roots: 0.45ms
[165.221s][info][gc,phases   ] GC(375)   Evacuate Optional Collection Set: 88.53ms
[165.221s][info][gc,phases   ] GC(375)   Post Evacuate Collection Set: 2.32ms
[165.221s][info][gc,phases   ] GC(375)   Other: 0.15ms
[165.221s][info][gc,heap     ] GC(375) Eden regions: 454->0(369)
[165.221s][info][gc,heap     ] GC(375) Survivor regions: 22->60(60)
[165.221s][info][gc,heap     ] GC(375) Old regions: 352->381
[165.221s][info][gc,heap     ] GC(375) Humongous regions: 4->4
[165.221s][info][gc,metaspace] GC(375) Metaspace: 18515K(18752K)->18515K(18752K) NonClass: 15856K(16000K)->15856K(16000K) Class: 2659K(2752K)->2659K(2752K)
[165.221s][info][gc          ] GC(375) Pause Young (Mixed) (G1 Evacuation Pause) 831M->445M(978M) 218.659ms
[165.221s][info][gc,cpu      ] GC(375) User=0.43s Sys=0.01s Real=0.22s
[165.359s][info][gc,start    ] GC(376) Pause Young (Concurrent Start) (G1 Humongous Allocation)
[165.359s][info][gc,task     ] GC(376) Using 2 workers of 2 for evacuation
[165.462s][info][gc,phases   ] GC(376)   Pre Evacuate Collection Set: 0.29ms
[165.462s][info][gc,phases   ] GC(376)   Merge Heap Roots: 0.51ms
[165.462s][info][gc,phases   ] GC(376)   Evacuate Collection Set: 101.31ms
[165.462s][info][gc,phases   ] GC(376)   Post Evacuate Collection Set: 0.55ms
[165.462s][info][gc,phases   ] GC(376)   Other: 0.19ms
[165.462s][info][gc,heap     ] GC(376) Eden regions: 159->0(340)
[165.462s][info][gc,heap     ] GC(376) Survivor regions: 60->39(54)
[165.462s][info][gc,heap     ] GC(376) Old regions: 381->442
[165.462s][info][gc,heap     ] GC(376) Humongous regions: 4->4
[165.462s][info][gc,metaspace] GC(376) Metaspace: 18515K(18752K)->18515K(18752K) NonClass: 15856K(16000K)->15856K(16000K) Class: 2659K(2752K)->2659K(2752K)
[165.462s][info][gc          ] GC(376) Pause Young (Concurrent Start) (G1 Humongous Allocation) 604M->484M(978M) 103.063ms
[165.462s][info][gc,cpu      ] GC(376) User=0.20s Sys=0.00s Real=0.10s
[165.462s][info][gc          ] GC(377) Concurrent Mark Cycle
[165.463s][info][gc,marking  ] GC(377) Concurrent Scan Root Regions
[165.575s][info][gc,marking  ] GC(377) Concurrent Scan Root Regions 112.733ms
[165.575s][info][gc,marking  ] GC(377) Concurrent Mark
[165.575s][info][gc,marking  ] GC(377) Concurrent Mark From Roots
[165.575s][info][gc,task     ] GC(377) Using 1 workers of 1 for marking
[165.960s][info][gc,start    ] GC(378) Pause Young (Normal) (G1 Evacuation Pause)
[165.960s][info][gc,task     ] GC(378) Using 2 workers of 2 for evacuation
[166.054s][info][gc,phases   ] GC(378)   Pre Evacuate Collection Set: 0.48ms
[166.054s][info][gc,phases   ] GC(378)   Merge Heap Roots: 0.35ms
[166.054s][info][gc,phases   ] GC(378)   Evacuate Collection Set: 92.21ms
[166.054s][info][gc,phases   ] GC(378)   Post Evacuate Collection Set: 0.65ms
[166.054s][info][gc,phases   ] GC(378)   Other: 0.11ms
[166.054s][info][gc,heap     ] GC(378) Eden regions: 340->0(310)
[166.054s][info][gc,heap     ] GC(378) Survivor regions: 39->43(48)
[166.054s][info][gc,heap     ] GC(378) Old regions: 442->480
[166.054s][info][gc,heap     ] GC(378) Humongous regions: 8->8
[166.054s][info][gc,metaspace] GC(378) Metaspace: 18515K(18752K)->18515K(18752K) NonClass: 15856K(16000K)->15856K(16000K) Class: 2659K(2752K)->2659K(2752K)
[166.054s][info][gc          ] GC(378) Pause Young (Normal) (G1 Evacuation Pause) 828M->530M(978M) 94.044ms
[166.054s][info][gc,cpu      ] GC(378) User=0.18s Sys=0.00s Real=0.09s
[166.439s][info][gc,marking  ] GC(377) Concurrent Mark From Roots 863.946ms
[166.439s][info][gc,marking  ] GC(377) Concurrent Preclean
[166.439s][info][gc,marking  ] GC(377) Concurrent Preclean 0.031ms
[166.440s][info][gc,start    ] GC(377) Pause Remark
[166.446s][info][gc          ] GC(377) Pause Remark 840M->830M(978M) 6.744ms
[166.446s][info][gc,cpu      ] GC(377) User=0.02s Sys=0.00s Real=0.01s
[166.446s][info][gc,marking  ] GC(377) Concurrent Mark 871.024ms
[166.446s][info][gc,marking  ] GC(377) Concurrent Rebuild Remembered Sets and Scrub Regions
[166.447s][info][gc,start    ] GC(379) Pause Young (Normal) (G1 Evacuation Pause)
[166.448s][info][gc,task     ] GC(379) Using 2 workers of 2 for evacuation
[166.530s][info][gc,phases   ] GC(379)   Pre Evacuate Collection Set: 0.37ms
[166.531s][info][gc,phases   ] GC(379)   Merge Heap Roots: 0.31ms
[166.531s][info][gc,phases   ] GC(379)   Evacuate Collection Set: 81.67ms
[166.531s][info][gc,phases   ] GC(379)   Post Evacuate Collection Set: 0.54ms
[166.531s][info][gc,phases   ] GC(379)   Other: 0.08ms
[166.531s][info][gc,heap     ] GC(379) Eden regions: 310->0(304)
[166.531s][info][gc,heap     ] GC(379) Survivor regions: 43->28(45)
[166.531s][info][gc,heap     ] GC(379) Old regions: 470->513
[166.531s][info][gc,heap     ] GC(379) Humongous regions: 8->8
[166.531s][info][gc,metaspace] GC(379) Metaspace: 18515K(18752K)->18515K(18752K) NonClass: 15856K(16000K)->15856K(16000K) Class: 2659K(2752K)->2659K(2752K)
[166.531s][info][gc          ] GC(379) Pause Young (Normal) (G1 Evacuation Pause) 830M->548M(978M) 83.177ms
[166.531s][info][gc,cpu      ] GC(379) User=0.16s Sys=0.00s Real=0.08s
[166.967s][info][gc,start    ] GC(380) Pause Young (Normal) (G1 Evacuation Pause)
[166.967s][info][gc,task     ] GC(380) Using 2 workers of 2 for evacuation
[167.011s][info][gc,phases   ] GC(380)   Pre Evacuate Collection Set: 0.50ms
[167.011s][info][gc,phases   ] GC(380)   Merge Heap Roots: 0.29ms
[167.011s][info][gc,phases   ] GC(380)   Evacuate Collection Set: 43.06ms
[167.011s][info][gc,phases   ] GC(380)   Post Evacuate Collection Set: 0.49ms
[167.011s][info][gc,phases   ] GC(380)   Other: 0.10ms
[167.011s][info][gc,heap     ] GC(380) Eden regions: 304->0(309)
[167.011s][info][gc,heap     ] GC(380) Survivor regions: 28->12(42)
[167.011s][info][gc,heap     ] GC(380) Old regions: 513->541
[167.011s][info][gc,heap     ] GC(380) Humongous regions: 8->8
[167.011s][info][gc,metaspace] GC(380) Metaspace: 18515K(18752K)->18515K(18752K) NonClass: 15856K(16000K)->15856K(16000K) Class: 2659K(2752K)->2659K(2752K)
[167.011s][info][gc          ] GC(380) Pause Young (Normal) (G1 Evacuation Pause) 852M->560M(978M) 44.670ms
[167.011s][info][gc,cpu      ] GC(380) User=0.09s Sys=0.00s Real=0.04s
[167.019s][info][gc,marking  ] GC(377) Concurrent Rebuild Remembered Sets and Scrub Regions 573.016ms
[167.020s][info][gc,start    ] GC(377) Pause Cleanup
[167.020s][info][gc          ] GC(377) Pause Cleanup 564M->564M(978M) 0.075ms
[167.020s][info][gc,cpu      ] GC(377) User=0.00s Sys=0.00s Real=0.00s
[167.020s][info][gc,marking  ] GC(377) Concurrent Clear Claimed Marks
[167.020s][info][gc,marking  ] GC(377) Concurrent Clear Claimed Marks 0.028ms
[167.020s][info][gc,marking  ] GC(377) Concurrent Cleanup for Next Mark
[167.025s][info][gc,marking  ] GC(377) Concurrent Cleanup for Next Mark 4.819ms
[167.025s][info][gc          ] GC(377) Concurrent Mark Cycle 1562.337ms
[167.386s][info][gc,start    ] GC(381) Pause Young (Prepare Mixed) (G1 Evacuation Pause)
[167.386s][info][gc,task     ] GC(381) Using 2 workers of 2 for evacuation
[167.449s][info][gc,phases   ] GC(381)   Pre Evacuate Collection Set: 0.49ms
[167.449s][info][gc,phases   ] GC(381)   Merge Heap Roots: 0.42ms
[167.449s][info][gc,phases   ] GC(381)   Evacuate Collection Set: 61.28ms
[167.449s][info][gc,phases   ] GC(381)   Post Evacuate Collection Set: 0.61ms
[167.449s][info][gc,phases   ] GC(381)   Other: 0.10ms
[167.449s][info][gc,heap     ] GC(381) Eden regions: 309->0(271)
[167.449s][info][gc,heap     ] GC(381) Survivor regions: 12->41(41)
[167.449s][info][gc,heap     ] GC(381) Old regions: 541->552
[167.449s][info][gc,heap     ] GC(381) Humongous regions: 8->8
[167.449s][info][gc,metaspace] GC(381) Metaspace: 18515K(18752K)->18515K(18752K) NonClass: 15856K(16000K)->15856K(16000K) Class: 2659K(2752K)->2659K(2752K)
[167.449s][info][gc          ] GC(381) Pause Young (Prepare Mixed) (G1 Evacuation Pause) 869M->600M(978M) 63.137ms
[167.449s][info][gc,cpu      ] GC(381) User=0.12s Sys=0.00s Real=0.07s
[167.721s][info][gc,start    ] GC(382) Pause Young (Mixed) (G1 Evacuation Pause)
[167.721s][info][gc,task     ] GC(382) Using 2 workers of 2 for evacuation
[167.830s][info][gc,phases   ] GC(382)   Pre Evacuate Collection Set: 0.31ms
[167.830s][info][gc,phases   ] GC(382)   Merge Heap Roots: 0.32ms
[167.830s][info][gc,phases   ] GC(382)   Evacuate Collection Set: 104.06ms
[167.830s][info][gc,phases   ] GC(382)   Post Evacuate Collection Set: 3.84ms
[167.830s][info][gc,phases   ] GC(382)   Other: 0.10ms
[167.830s][info][gc,heap     ] GC(382) Eden regions: 271->0(184)
[167.830s][info][gc,heap     ] GC(382) Survivor regions: 41->39(39)
[167.830s][info][gc,heap     ] GC(382) Old regions: 552->646
[167.830s][info][gc,heap     ] GC(382) Humongous regions: 8->8
[167.830s][info][gc,metaspace] GC(382) Metaspace: 18515K(18752K)->18515K(18752K) NonClass: 15856K(16000K)->15856K(16000K) Class: 2659K(2752K)->2659K(2752K)
[167.830s][info][gc          ] GC(382) Pause Young (Mixed) (G1 Evacuation Pause) (Evacuation Failure: Allocation) 871M->693M(978M) 108.855ms
[167.830s][info][gc,cpu      ] GC(382) User=0.21s Sys=0.00s Real=0.11s
[168.122s][info][gc,start    ] GC(383) Pause Young (Concurrent Start) (G1 Humongous Allocation)
[168.122s][info][gc,task     ] GC(383) Using 2 workers of 2 for evacuation
[168.186s][info][gc,phases   ] GC(383)   Pre Evacuate Collection Set: 0.34ms
[168.186s][info][gc,phases   ] GC(383)   Merge Heap Roots: 0.46ms
[168.186s][info][gc,phases   ] GC(383)   Evacuate Collection Set: 62.53ms
[168.186s][info][gc,phases   ] GC(383)   Post Evacuate Collection Set: 0.59ms
[168.186s][info][gc,phases   ] GC(383)   Other: 0.17ms
[168.186s][info][gc,heap     ] GC(383) Eden regions: 174->0(205)
[168.186s][info][gc,heap     ] GC(383) Survivor regions: 39->10(28)
[168.186s][info][gc,heap     ] GC(383) Old regions: 646->657
[168.186s][info][gc,heap     ] GC(383) Humongous regions: 8->8
[168.186s][info][gc,metaspace] GC(383) Metaspace: 18515K(18752K)->18515K(18752K) NonClass: 15856K(16000K)->15856K(16000K) Class: 2659K(2752K)->2659K(2752K)
[168.186s][info][gc          ] GC(383) Pause Young (Concurrent Start) (G1 Humongous Allocation) 866M->674M(978M) 64.326ms
[168.186s][info][gc,cpu      ] GC(383) User=0.13s Sys=0.00s Real=0.06s
[168.186s][info][gc          ] GC(384) Concurrent Mark Cycle
[168.186s][info][gc,marking  ] GC(384) Concurrent Scan Root Regions
[168.249s][info][gc,marking  ] GC(384) Concurrent Scan Root Regions 63.057ms
[168.249s][info][gc,marking  ] GC(384) Concurrent Mark
[168.249s][info][gc,marking  ] GC(384) Concurrent Mark From Roots
[168.249s][info][gc,task     ] GC(384) Using 1 workers of 1 for marking
[168.589s][info][gc,start    ] GC(385) Pause Young (Normal) (G1 Evacuation Pause)
[168.589s][info][gc,task     ] GC(385) Using 2 workers of 2 for evacuation
[168.663s][info][gc,phases   ] GC(385)   Pre Evacuate Collection Set: 0.48ms
[168.663s][info][gc,phases   ] GC(385)   Merge Heap Roots: 0.41ms
[168.663s][info][gc,phases   ] GC(385)   Evacuate Collection Set: 73.00ms
[168.663s][info][gc,phases   ] GC(385)   Post Evacuate Collection Set: 0.54ms
[168.663s][info][gc,phases   ] GC(385)   Other: 0.08ms
[168.663s][info][gc,heap     ] GC(385) Eden regions: 205->0(167)
[168.663s][info][gc,heap     ] GC(385) Survivor regions: 10->27(27)
[168.663s][info][gc,heap     ] GC(385) Old regions: 657->685
[168.663s][info][gc,heap     ] GC(385) Humongous regions: 11->11
[168.663s][info][gc,metaspace] GC(385) Metaspace: 18515K(18752K)->18515K(18752K) NonClass: 15856K(16000K)->15856K(16000K) Class: 2659K(2752K)->2659K(2752K)
[168.663s][info][gc          ] GC(385) Pause Young (Normal) (G1 Evacuation Pause) 882M->723M(978M) 74.762ms
[168.663s][info][gc,cpu      ] GC(385) User=0.15s Sys=0.00s Real=0.07s
[168.878s][info][gc,start    ] GC(386) Pause Young (Normal) (G1 Evacuation Pause)
[168.878s][info][gc,task     ] GC(386) Using 2 workers of 2 for evacuation
[168.929s][info][gc,phases   ] GC(386)   Pre Evacuate Collection Set: 0.28ms
[168.929s][info][gc,phases   ] GC(386)   Merge Heap Roots: 0.43ms
[168.929s][info][gc,phases   ] GC(386)   Evacuate Collection Set: 49.35ms
[168.929s][info][gc,phases   ] GC(386)   Post Evacuate Collection Set: 0.39ms
[168.929s][info][gc,phases   ] GC(386)   Other: 0.08ms
[168.929s][info][gc,heap     ] GC(386) Eden regions: 167->0(174)
[168.929s][info][gc,heap     ] GC(386) Survivor regions: 27->5(25)
[168.929s][info][gc,heap     ] GC(386) Old regions: 685->713
[168.929s][info][gc,heap     ] GC(386) Humongous regions: 11->11
[168.929s][info][gc,metaspace] GC(386) Metaspace: 18515K(18752K)->18515K(18752K) NonClass: 15856K(16000K)->15856K(16000K) Class: 2659K(2752K)->2659K(2752K)
[168.929s][info][gc          ] GC(386) Pause Young (Normal) (G1 Evacuation Pause) 890M->728M(978M) 50.753ms
[168.929s][info][gc,cpu      ] GC(386) User=0.10s Sys=0.01s Real=0.05s
[169.222s][info][gc,start    ] GC(387) Pause Young (Normal) (G1 Evacuation Pause)
[169.222s][info][gc,task     ] GC(387) Using 2 workers of 2 for evacuation
[169.238s][info][gc,phases   ] GC(387)   Pre Evacuate Collection Set: 0.48ms
[169.238s][info][gc,phases   ] GC(387)   Merge Heap Roots: 0.20ms
[169.238s][info][gc,phases   ] GC(387)   Evacuate Collection Set: 15.14ms
[169.238s][info][gc,phases   ] GC(387)   Post Evacuate Collection Set: 0.39ms
[169.238s][info][gc,phases   ] GC(387)   Other: 0.10ms
[169.238s][info][gc,heap     ] GC(387) Eden regions: 174->0(180)
[169.238s][info][gc,heap     ] GC(387) Survivor regions: 5->9(23)
[169.238s][info][gc,heap     ] GC(387) Old regions: 713->713
[169.238s][info][gc,heap     ] GC(387) Humongous regions: 11->11
[169.238s][info][gc,metaspace] GC(387) Metaspace: 18515K(18752K)->18515K(18752K) NonClass: 15856K(16000K)->15856K(16000K) Class: 2659K(2752K)->2659K(2752K)
[169.238s][info][gc          ] GC(387) Pause Young (Normal) (G1 Evacuation Pause) 902M->732M(978M) 16.511ms
[169.238s][info][gc,cpu      ] GC(387) User=0.03s Sys=0.00s Real=0.02s
[169.646s][info][gc,start    ] GC(388) Pause Young (Normal) (G1 Evacuation Pause)
[169.646s][info][gc,task     ] GC(388) Using 2 workers of 2 for evacuation
[169.675s][info][gc,phases   ] GC(388)   Pre Evacuate Collection Set: 0.29ms
[169.675s][info][gc,phases   ] GC(388)   Merge Heap Roots: 0.17ms
[169.675s][info][gc,phases   ] GC(388)   Evacuate Collection Set: 27.15ms
[169.675s][info][gc,phases   ] GC(388)   Post Evacuate Collection Set: 0.44ms
[169.675s][info][gc,phases   ] GC(388)   Other: 0.09ms
[169.675s][info][gc,heap     ] GC(388) Eden regions: 180->0(156)
[169.675s][info][gc,heap     ] GC(388) Survivor regions: 9->24(24)
[169.675s][info][gc,heap     ] GC(388) Old regions: 713->713
[169.675s][info][gc,heap     ] GC(388) Humongous regions: 11->11
[169.675s][info][gc,metaspace] GC(388) Metaspace: 18515K(18752K)->18515K(18752K) NonClass: 15856K(16000K)->15856K(16000K) Class: 2659K(2752K)->2659K(2752K)
[169.675s][info][gc          ] GC(388) Pause Young (Normal) (G1 Evacuation Pause) 912M->747M(978M) 28.345ms
[169.675s][info][gc,cpu      ] GC(388) User=0.06s Sys=0.00s Real=0.02s
[169.822s][info][gc,marking  ] GC(384) Concurrent Mark From Roots 1573.165ms
[169.822s][info][gc,marking  ] GC(384) Concurrent Preclean
[169.822s][info][gc,marking  ] GC(384) Concurrent Preclean 0.028ms
[169.822s][info][gc,start    ] GC(384) Pause Remark
[169.829s][info][gc          ] GC(384) Pause Remark 814M->706M(978M) 6.894ms
[169.829s][info][gc,cpu      ] GC(384) User=0.01s Sys=0.00s Real=0.01s
[169.829s][info][gc,marking  ] GC(384) Concurrent Mark 1580.397ms
[169.829s][info][gc,marking  ] GC(384) Concurrent Rebuild Remembered Sets and Scrub Regions
[170.167s][info][gc,start    ] GC(389) Pause Young (Normal) (G1 Evacuation Pause)
[170.167s][info][gc,task     ] GC(389) Using 2 workers of 2 for evacuation
[170.223s][info][gc,phases   ] GC(389)   Pre Evacuate Collection Set: 0.27ms
[170.223s][info][gc,phases   ] GC(389)   Merge Heap Roots: 0.87ms
[170.223s][info][gc,phases   ] GC(389)   Evacuate Collection Set: 53.92ms
[170.223s][info][gc,phases   ] GC(389)   Post Evacuate Collection Set: 0.55ms
[170.223s][info][gc,phases   ] GC(389)   Other: 0.09ms
[170.223s][info][gc,heap     ] GC(389) Eden regions: 156->0(231)
[170.223s][info][gc,heap     ] GC(389) Survivor regions: 24->17(23)
[170.223s][info][gc,heap     ] GC(389) Old regions: 608->631
[170.223s][info][gc,heap     ] GC(389) Humongous regions: 8->8
[170.223s][info][gc,metaspace] GC(389) Metaspace: 18515K(18752K)->18515K(18752K) NonClass: 15856K(16000K)->15856K(16000K) Class: 2659K(2752K)->2659K(2752K)
[170.223s][info][gc          ] GC(389) Pause Young (Normal) (G1 Evacuation Pause) 795M->655M(978M) 55.976ms
[170.223s][info][gc,cpu      ] GC(389) User=0.11s Sys=0.00s Real=0.05s
[170.550s][info][gc,marking  ] GC(384) Concurrent Rebuild Remembered Sets and Scrub Regions 720.734ms
[170.550s][info][gc,start    ] GC(384) Pause Cleanup
[170.551s][info][gc          ] GC(384) Pause Cleanup 845M->845M(978M) 0.137ms
[170.551s][info][gc,cpu      ] GC(384) User=0.00s Sys=0.00s Real=0.00s
[170.551s][info][gc,marking  ] GC(384) Concurrent Clear Claimed Marks
[170.551s][info][gc,marking  ] GC(384) Concurrent Clear Claimed Marks 0.029ms
[170.551s][info][gc,marking  ] GC(384) Concurrent Cleanup for Next Mark
[170.553s][info][gc,marking  ] GC(384) Concurrent Cleanup for Next Mark 2.847ms
[170.554s][info][gc          ] GC(384) Concurrent Mark Cycle 2367.654ms
[170.627s][info][gc,start    ] GC(390) Pause Young (Prepare Mixed) (G1 Evacuation Pause)
[170.627s][info][gc,task     ] GC(390) Using 2 workers of 2 for evacuation
[170.725s][info][gc,phases   ] GC(390)   Pre Evacuate Collection Set: 0.29ms
[170.725s][info][gc,phases   ] GC(390)   Merge Heap Roots: 0.51ms
[170.725s][info][gc,phases   ] GC(390)   Evacuate Collection Set: 95.35ms
[170.725s][info][gc,phases   ] GC(390)   Post Evacuate Collection Set: 1.03ms
[170.725s][info][gc,phases   ] GC(390)   Other: 0.08ms
[170.725s][info][gc,heap     ] GC(390) Eden regions: 231->0(164)
[170.725s][info][gc,heap     ] GC(390) Survivor regions: 17->31(31)
[170.725s][info][gc,heap     ] GC(390) Old regions: 631->688
[170.725s][info][gc,heap     ] GC(390) Humongous regions: 8->8
[170.725s][info][gc,metaspace] GC(390) Metaspace: 18515K(18752K)->18515K(18752K) NonClass: 15856K(16000K)->15856K(16000K) Class: 2659K(2752K)->2659K(2752K)
[170.725s][info][gc          ] GC(390) Pause Young (Prepare Mixed) (G1 Evacuation Pause) 886M->726M(978M) 97.506ms
[170.725s][info][gc,cpu      ] GC(390) User=0.19s Sys=0.00s Real=0.09s
[171.029s][info][gc,start    ] GC(391) Pause Young (Mixed) (G1 Evacuation Pause)
[171.029s][info][gc,task     ] GC(391) Using 2 workers of 2 for evacuation
[171.119s][info][gc,phases   ] GC(391)   Pre Evacuate Collection Set: 0.51ms
[171.119s][info][gc,phases   ] GC(391)   Merge Heap Roots: 0.71ms
[171.119s][info][gc,phases   ] GC(391)   Evacuate Collection Set: 87.64ms
[171.119s][info][gc,phases   ] GC(391)   Post Evacuate Collection Set: 0.78ms
[171.119s][info][gc,phases   ] GC(391)   Other: 0.08ms
[171.119s][info][gc,heap     ] GC(391) Eden regions: 164->0(119)
[171.119s][info][gc,heap     ] GC(391) Survivor regions: 31->18(25)
[171.119s][info][gc,heap     ] GC(391) Old regions: 688->679
[171.119s][info][gc,heap     ] GC(391) Humongous regions: 11->11
[171.119s][info][gc,metaspace] GC(391) Metaspace: 18515K(18752K)->18515K(18752K) NonClass: 15856K(16000K)->15856K(16000K) Class: 2659K(2752K)->2659K(2752K)
[171.119s][info][gc          ] GC(391) Pause Young (Mixed) (G1 Evacuation Pause) 893M->707M(978M) 89.978ms
[171.119s][info][gc,cpu      ] GC(391) User=0.18s Sys=0.01s Real=0.09s
[171.313s][info][gc,start    ] GC(392) Pause Young (Mixed) (G1 Evacuation Pause)
[171.313s][info][gc,task     ] GC(392) Using 2 workers of 2 for evacuation
[171.528s][info][gc,mmu      ] GC(392) MMU target violated: 201.0ms (200.0ms/201.0ms)
[171.528s][info][gc,phases   ] GC(392)   Pre Evacuate Collection Set: 0.32ms
[171.528s][info][gc,phases   ] GC(392)   Merge Heap Roots: 1.01ms
[171.528s][info][gc,phases   ] GC(392)   Evacuate Collection Set: 213.34ms
[171.528s][info][gc,phases   ] GC(392)   Post Evacuate Collection Set: 0.45ms
[171.528s][info][gc,phases   ] GC(392)   Other: 0.20ms
[171.528s][info][gc,heap     ] GC(392) Eden regions: 159->0(155)
[171.528s][info][gc,heap     ] GC(392) Survivor regions: 18->23(23)
[171.528s][info][gc,heap     ] GC(392) Old regions: 679->705
[171.528s][info][gc,heap     ] GC(392) Humongous regions: 11->11
[171.528s][info][gc,metaspace] GC(392) Metaspace: 18515K(18752K)->18515K(18752K) NonClass: 15856K(16000K)->15856K(16000K) Class: 2659K(2752K)->2659K(2752K)
[171.528s][info][gc          ] GC(392) Pause Young (Mixed) (G1 Evacuation Pause) 866M->738M(978M) 215.558ms
[171.528s][info][gc,cpu      ] GC(392) User=0.43s Sys=0.00s Real=0.22s
[171.677s][info][gc,start    ] GC(393) Pause Young (Concurrent Start) (G1 Evacuation Pause)
[171.677s][info][gc,task     ] GC(393) Using 2 workers of 2 for evacuation
[171.711s][info][gc,phases   ] GC(393)   Pre Evacuate Collection Set: 0.36ms
[171.711s][info][gc,phases   ] GC(393)   Merge Heap Roots: 0.17ms
[171.711s][info][gc,phases   ] GC(393)   Evacuate Collection Set: 32.73ms
[171.711s][info][gc,phases   ] GC(393)   Post Evacuate Collection Set: 0.41ms
[171.711s][info][gc,phases   ] GC(393)   Other: 0.20ms
[171.711s][info][gc,heap     ] GC(393) Eden regions: 155->0(156)
[171.711s][info][gc,heap     ] GC(393) Survivor regions: 23->9(23)
[171.711s][info][gc,heap     ] GC(393) Old regions: 705->728
[171.711s][info][gc,heap     ] GC(393) Humongous regions: 11->11
[171.711s][info][gc,metaspace] GC(393) Metaspace: 18515K(18752K)->18515K(18752K) NonClass: 15856K(16000K)->15856K(16000K) Class: 2659K(2752K)->2659K(2752K)
[171.711s][info][gc          ] GC(393) Pause Young (Concurrent Start) (G1 Evacuation Pause) 893M->747M(978M) 34.085ms
[171.711s][info][gc,cpu      ] GC(393) User=0.06s Sys=0.00s Real=0.03s
[171.711s][info][gc          ] GC(394) Concurrent Mark Cycle
[171.713s][info][gc,marking  ] GC(394) Concurrent Scan Root Regions
[171.773s][info][gc,marking  ] GC(394) Concurrent Scan Root Regions 60.198ms
[171.773s][info][gc,marking  ] GC(394) Concurrent Mark
[171.773s][info][gc,marking  ] GC(394) Concurrent Mark From Roots
[171.773s][info][gc,task     ] GC(394) Using 1 workers of 1 for marking
[171.971s][info][gc,start    ] GC(395) Pause Young (Normal) (G1 Evacuation Pause)
[171.971s][info][gc,task     ] GC(395) Using 2 workers of 2 for evacuation
[171.987s][info][gc,phases   ] GC(395)   Pre Evacuate Collection Set: 0.48ms
[171.987s][info][gc,phases   ] GC(395)   Merge Heap Roots: 0.19ms
[171.987s][info][gc,phases   ] GC(395)   Evacuate Collection Set: 14.52ms
[171.987s][info][gc,phases   ] GC(395)   Post Evacuate Collection Set: 0.37ms
[171.987s][info][gc,phases   ] GC(395)   Other: 0.08ms
[171.987s][info][gc,heap     ] GC(395) Eden regions: 156->0(165)
[171.987s][info][gc,heap     ] GC(395) Survivor regions: 9->10(21)
[171.987s][info][gc,heap     ] GC(395) Old regions: 728->728
[171.987s][info][gc,heap     ] GC(395) Humongous regions: 11->11
[171.987s][info][gc,metaspace] GC(395) Metaspace: 18515K(18752K)->18515K(18752K) NonClass: 15856K(16000K)->15856K(16000K) Class: 2659K(2752K)->2659K(2752K)
[171.987s][info][gc          ] GC(395) Pause Young (Normal) (G1 Evacuation Pause) 903M->748M(978M) 15.846ms
[171.987s][info][gc,cpu      ] GC(395) User=0.03s Sys=0.00s Real=0.02s
[172.305s][info][gc,start    ] GC(396) Pause Young (Normal) (G1 Evacuation Pause)
[172.305s][info][gc,task     ] GC(396) Using 2 workers of 2 for evacuation
[172.323s][info][gc,phases   ] GC(396)   Pre Evacuate Collection Set: 0.49ms
[172.323s][info][gc,phases   ] GC(396)   Merge Heap Roots: 0.15ms
[172.323s][info][gc,phases   ] GC(396)   Evacuate Collection Set: 15.99ms
[172.323s][info][gc,phases   ] GC(396)   Post Evacuate Collection Set: 0.40ms
[172.323s][info][gc,phases   ] GC(396)   Other: 0.09ms
[172.323s][info][gc,heap     ] GC(396) Eden regions: 165->0(161)
[172.323s][info][gc,heap     ] GC(396) Survivor regions: 10->14(22)
[172.323s][info][gc,heap     ] GC(396) Old regions: 728->728
[172.323s][info][gc,heap     ] GC(396) Humongous regions: 11->11
[172.323s][info][gc,metaspace] GC(396) Metaspace: 18515K(18752K)->18515K(18752K) NonClass: 15856K(16000K)->15856K(16000K) Class: 2659K(2752K)->2659K(2752K)
[172.323s][info][gc          ] GC(396) Pause Young (Normal) (G1 Evacuation Pause) 913M->752M(978M) 17.332ms
[172.323s][info][gc,cpu      ] GC(396) User=0.03s Sys=0.00s Real=0.02s
[172.642s][info][gc,start    ] GC(397) Pause Young (Normal) (G1 Evacuation Pause)
[172.642s][info][gc,task     ] GC(397) Using 2 workers of 2 for evacuation
[172.684s][info][gc,phases   ] GC(397)   Pre Evacuate Collection Set: 0.51ms
[172.684s][info][gc,phases   ] GC(397)   Merge Heap Roots: 0.18ms
[172.684s][info][gc,phases   ] GC(397)   Evacuate Collection Set: 40.86ms
[172.684s][info][gc,phases   ] GC(397)   Post Evacuate Collection Set: 0.41ms
[172.684s][info][gc,phases   ] GC(397)   Other: 0.11ms
[172.684s][info][gc,heap     ] GC(397) Eden regions: 161->0(128)
[172.684s][info][gc,heap     ] GC(397) Survivor regions: 14->22(22)
[172.684s][info][gc,heap     ] GC(397) Old regions: 728->745
[172.684s][info][gc,heap     ] GC(397) Humongous regions: 11->11
[172.684s][info][gc,metaspace] GC(397) Metaspace: 18515K(18752K)->18515K(18752K) NonClass: 15856K(16000K)->15856K(16000K) Class: 2659K(2752K)->2659K(2752K)
[172.684s][info][gc          ] GC(397) Pause Young (Normal) (G1 Evacuation Pause) 913M->777M(978M) 42.300ms
[172.684s][info][gc,cpu      ] GC(397) User=0.08s Sys=0.00s Real=0.04s
[173.230s][info][gc,start    ] GC(398) Pause Young (Normal) (G1 Evacuation Pause)
[173.230s][info][gc,task     ] GC(398) Using 2 workers of 2 for evacuation
[173.256s][info][gc,phases   ] GC(398)   Pre Evacuate Collection Set: 0.49ms
[173.256s][info][gc,phases   ] GC(398)   Merge Heap Roots: 0.20ms
[173.256s][info][gc,phases   ] GC(398)   Evacuate Collection Set: 24.49ms
[173.256s][info][gc,phases   ] GC(398)   Post Evacuate Collection Set: 0.35ms
[173.256s][info][gc,phases   ] GC(398)   Other: 0.09ms
[173.256s][info][gc,heap     ] GC(398) Eden regions: 128->0(148)
[173.256s][info][gc,heap     ] GC(398) Survivor regions: 22->1(19)
[173.256s][info][gc,heap     ] GC(398) Old regions: 745->767
[173.256s][info][gc,heap     ] GC(398) Humongous regions: 11->11
[173.256s][info][gc,metaspace] GC(398) Metaspace: 18515K(18752K)->18515K(18752K) NonClass: 15856K(16000K)->15856K(16000K) Class: 2659K(2752K)->2659K(2752K)
[173.256s][info][gc          ] GC(398) Pause Young (Normal) (G1 Evacuation Pause) 905M->779M(978M) 25.826ms
[173.256s][info][gc,cpu      ] GC(398) User=0.05s Sys=0.00s Real=0.02s
[173.389s][info][gc,marking  ] GC(394) Concurrent Mark From Roots 1615.951ms
[173.389s][info][gc,marking  ] GC(394) Concurrent Preclean
[173.389s][info][gc,marking  ] GC(394) Concurrent Preclean 0.028ms
[173.389s][info][gc,start    ] GC(394) Pause Remark
[173.397s][info][gc          ] GC(394) Pause Remark 829M->659M(978M) 7.070ms
[173.397s][info][gc,cpu      ] GC(394) User=0.02s Sys=0.00s Real=0.01s
[173.397s][info][gc,marking  ] GC(394) Concurrent Mark 1623.834ms
[173.397s][info][gc,marking  ] GC(394) Concurrent Rebuild Remembered Sets and Scrub Regions
[173.774s][info][gc,start    ] GC(399) Pause Young (Normal) (G1 Evacuation Pause)
[173.775s][info][gc,task     ] GC(399) Using 2 workers of 2 for evacuation
[173.789s][info][gc,phases   ] GC(399)   Pre Evacuate Collection Set: 0.47ms
[173.789s][info][gc,phases   ] GC(399)   Merge Heap Roots: 0.41ms
[173.789s][info][gc,phases   ] GC(399)   Evacuate Collection Set: 13.01ms
[173.789s][info][gc,phases   ] GC(399)   Post Evacuate Collection Set: 0.35ms
[173.789s][info][gc,phases   ] GC(399)   Other: 0.11ms
[173.789s][info][gc,heap     ] GC(399) Eden regions: 148->0(260)
[173.789s][info][gc,heap     ] GC(399) Survivor regions: 1->1(19)
[173.789s][info][gc,heap     ] GC(399) Old regions: 602->602
[173.789s][info][gc,heap     ] GC(399) Humongous regions: 6->6
[173.789s][info][gc,metaspace] GC(399) Metaspace: 18515K(18752K)->18515K(18752K) NonClass: 15856K(16000K)->15856K(16000K) Class: 2659K(2752K)->2659K(2752K)
[173.789s][info][gc          ] GC(399) Pause Young (Normal) (G1 Evacuation Pause) 757M->609M(978M) 14.556ms
[173.789s][info][gc,cpu      ] GC(399) User=0.02s Sys=0.00s Real=0.02s
[173.920s][info][gc,marking  ] GC(394) Concurrent Rebuild Remembered Sets and Scrub Regions 522.656ms
[173.920s][info][gc,start    ] GC(394) Pause Cleanup
[173.920s][info][gc          ] GC(394) Pause Cleanup 645M->645M(978M) 0.126ms
[173.920s][info][gc,cpu      ] GC(394) User=0.01s Sys=0.00s Real=0.00s
[173.920s][info][gc,marking  ] GC(394) Concurrent Clear Claimed Marks
[173.920s][info][gc,marking  ] GC(394) Concurrent Clear Claimed Marks 0.031ms
[173.920s][info][gc,marking  ] GC(394) Concurrent Cleanup for Next Mark
[173.923s][info][gc,marking  ] GC(394) Concurrent Cleanup for Next Mark 2.837ms
[173.923s][info][gc          ] GC(394) Concurrent Mark Cycle 2212.368ms
[174.230s][info][gc,start    ] GC(400) Pause Young (Prepare Mixed) (G1 Evacuation Pause)
[174.230s][info][gc,task     ] GC(400) Using 2 workers of 2 for evacuation
[174.267s][info][gc,phases   ] GC(400)   Pre Evacuate Collection Set: 0.49ms
[174.267s][info][gc,phases   ] GC(400)   Merge Heap Roots: 0.14ms
[174.267s][info][gc,phases   ] GC(400)   Evacuate Collection Set: 35.25ms
[174.267s][info][gc,phases   ] GC(400)   Post Evacuate Collection Set: 0.49ms
[174.267s][info][gc,phases   ] GC(400)   Other: 0.10ms
[174.267s][info][gc,heap     ] GC(400) Eden regions: 260->0(223)
[174.267s][info][gc,heap     ] GC(400) Survivor regions: 1->33(33)
[174.267s][info][gc,heap     ] GC(400) Old regions: 602->610
[174.267s][info][gc,heap     ] GC(400) Humongous regions: 6->6
[174.267s][info][gc,metaspace] GC(400) Metaspace: 18515K(18752K)->18515K(18752K) NonClass: 15856K(16000K)->15856K(16000K) Class: 2659K(2752K)->2659K(2752K)
[174.267s][info][gc          ] GC(400) Pause Young (Prepare Mixed) (G1 Evacuation Pause) 869M->648M(978M) 36.670ms
[174.267s][info][gc,cpu      ] GC(400) User=0.07s Sys=0.00s Real=0.04s
[174.529s][info][gc,start    ] GC(401) Pause Young (Mixed) (G1 Evacuation Pause)
[174.529s][info][gc,task     ] GC(401) Using 2 workers of 2 for evacuation
[174.628s][info][gc,phases   ] GC(401)   Pre Evacuate Collection Set: 0.50ms
[174.628s][info][gc,phases   ] GC(401)   Merge Heap Roots: 0.78ms
[174.628s][info][gc,phases   ] GC(401)   Evacuate Collection Set: 97.62ms
[174.628s][info][gc,phases   ] GC(401)   Post Evacuate Collection Set: 0.62ms
[174.628s][info][gc,phases   ] GC(401)   Other: 0.10ms
[174.628s][info][gc,heap     ] GC(401) Eden regions: 223->0(232)
[174.628s][info][gc,heap     ] GC(401) Survivor regions: 33->32(32)
[174.628s][info][gc,heap     ] GC(401) Old regions: 610->598
[174.628s][info][gc,heap     ] GC(401) Humongous regions: 6->6
[174.628s][info][gc,metaspace] GC(401) Metaspace: 18515K(18752K)->18515K(18752K) NonClass: 15856K(16000K)->15856K(16000K) Class: 2659K(2752K)->2659K(2752K)
[174.628s][info][gc          ] GC(401) Pause Young (Mixed) (G1 Evacuation Pause) 871M->636M(978M) 99.868ms
[174.628s][info][gc,cpu      ] GC(401) User=0.20s Sys=0.01s Real=0.10s
[174.724s][info][gc,start    ] GC(402) Pause Young (Concurrent Start) (G1 Humongous Allocation)
[174.724s][info][gc,task     ] GC(402) Using 2 workers of 2 for evacuation
[174.762s][info][gc,phases   ] GC(402)   Pre Evacuate Collection Set: 0.26ms
[174.762s][info][gc,phases   ] GC(402)   Merge Heap Roots: 0.19ms
[174.762s][info][gc,phases   ] GC(402)   Evacuate Collection Set: 37.32ms
[174.762s][info][gc,phases   ] GC(402)   Post Evacuate Collection Set: 0.39ms
[174.762s][info][gc,phases   ] GC(402)   Other: 0.11ms
[174.762s][info][gc,heap     ] GC(402) Eden regions: 53->0(239)
[174.762s][info][gc,heap     ] GC(402) Survivor regions: 32->6(33)
[174.762s][info][gc,heap     ] GC(402) Old regions: 598->631
[174.762s][info][gc,heap     ] GC(402) Humongous regions: 6->6
[174.762s][info][gc,metaspace] GC(402) Metaspace: 18515K(18752K)->18515K(18752K) NonClass: 15856K(16000K)->15856K(16000K) Class: 2659K(2752K)->2659K(2752K)
[174.762s][info][gc          ] GC(402) Pause Young (Concurrent Start) (G1 Humongous Allocation) 688M->642M(978M) 38.502ms
[174.762s][info][gc,cpu      ] GC(402) User=0.07s Sys=0.00s Real=0.04s
[174.762s][info][gc          ] GC(403) Concurrent Mark Cycle
[174.762s][info][gc,marking  ] GC(403) Concurrent Scan Root Regions
[174.809s][info][gc,marking  ] GC(403) Concurrent Scan Root Regions 46.861ms
[174.809s][info][gc,marking  ] GC(403) Concurrent Mark
[174.809s][info][gc,marking  ] GC(403) Concurrent Mark From Roots
[174.809s][info][gc,task     ] GC(403) Using 1 workers of 1 for marking
[175.192s][info][gc,start    ] GC(404) Pause Young (Normal) (G1 Evacuation Pause)
[175.193s][info][gc,task     ] GC(404) Using 2 workers of 2 for evacuation
[175.261s][info][gc,phases   ] GC(404)   Pre Evacuate Collection Set: 0.28ms
[175.261s][info][gc,phases   ] GC(404)   Merge Heap Roots: 0.27ms
[175.261s][info][gc,phases   ] GC(404)   Evacuate Collection Set: 66.93ms
[175.261s][info][gc,phases   ] GC(404)   Post Evacuate Collection Set: 0.55ms
[175.261s][info][gc,phases   ] GC(404)   Other: 0.10ms
[175.261s][info][gc,heap     ] GC(404) Eden regions: 239->0(199)
[175.261s][info][gc,heap     ] GC(404) Survivor regions: 6->31(31)
[175.261s][info][gc,heap     ] GC(404) Old regions: 631->651
[175.261s][info][gc,heap     ] GC(404) Humongous regions: 9->9
[175.261s][info][gc,metaspace] GC(404) Metaspace: 18515K(18752K)->18515K(18752K) NonClass: 15856K(16000K)->15856K(16000K) Class: 2659K(2752K)->2659K(2752K)
[175.261s][info][gc          ] GC(404) Pause Young (Normal) (G1 Evacuation Pause) 884M->691M(978M) 68.382ms
[175.261s][info][gc,cpu      ] GC(404) User=0.14s Sys=0.00s Real=0.07s
[175.608s][info][gc,start    ] GC(405) Pause Young (Normal) (G1 Evacuation Pause)
[175.608s][info][gc,task     ] GC(405) Using 2 workers of 2 for evacuation
[175.657s][info][gc,phases   ] GC(405)   Pre Evacuate Collection Set: 0.28ms
[175.657s][info][gc,phases   ] GC(405)   Merge Heap Roots: 0.32ms
[175.657s][info][gc,phases   ] GC(405)   Evacuate Collection Set: 48.33ms
[175.657s][info][gc,phases   ] GC(405)   Post Evacuate Collection Set: 0.44ms
[175.657s][info][gc,phases   ] GC(405)   Other: 0.07ms
[175.657s][info][gc,heap     ] GC(405) Eden regions: 199->0(206)
[175.657s][info][gc,heap     ] GC(405) Survivor regions: 31->5(29)
[175.658s][info][gc,heap     ] GC(405) Old regions: 651->683
[175.658s][info][gc,heap     ] GC(405) Humongous regions: 9->9
[175.658s][info][gc,metaspace] GC(405) Metaspace: 18515K(18752K)->18515K(18752K) NonClass: 15856K(16000K)->15856K(16000K) Class: 2659K(2752K)->2659K(2752K)
[175.658s][info][gc          ] GC(405) Pause Young (Normal) (G1 Evacuation Pause) 890M->696M(978M) 49.681ms
[175.658s][info][gc,cpu      ] GC(405) User=0.10s Sys=0.00s Real=0.05s
[176.044s][info][gc,start    ] GC(406) Pause Young (Normal) (G1 Evacuation Pause)
[176.044s][info][gc,task     ] GC(406) Using 2 workers of 2 for evacuation
[176.070s][info][gc,phases   ] GC(406)   Pre Evacuate Collection Set: 0.30ms
[176.070s][info][gc,phases   ] GC(406)   Merge Heap Roots: 0.42ms
[176.070s][info][gc,phases   ] GC(406)   Evacuate Collection Set: 24.55ms
[176.070s][info][gc,phases   ] GC(406)   Post Evacuate Collection Set: 0.40ms
[176.070s][info][gc,phases   ] GC(406)   Other: 0.08ms
[176.070s][info][gc,heap     ] GC(406) Eden regions: 206->0(212)
[176.070s][info][gc,heap     ] GC(406) Survivor regions: 5->9(27)
[176.070s][info][gc,heap     ] GC(406) Old regions: 683->683
[176.070s][info][gc,heap     ] GC(406) Humongous regions: 9->9
[176.070s][info][gc,metaspace] GC(406) Metaspace: 18515K(18752K)->18515K(18752K) NonClass: 15856K(16000K)->15856K(16000K) Class: 2659K(2752K)->2659K(2752K)
[176.070s][info][gc          ] GC(406) Pause Young (Normal) (G1 Evacuation Pause) 902M->700M(978M) 25.976ms
[176.070s][info][gc,cpu      ] GC(406) User=0.05s Sys=0.01s Real=0.03s
[176.602s][info][gc,marking  ] GC(403) Concurrent Mark From Roots 1792.593ms
[176.602s][info][gc,marking  ] GC(403) Concurrent Preclean
[176.602s][info][gc,marking  ] GC(403) Concurrent Preclean 0.037ms
[176.602s][info][gc,start    ] GC(403) Pause Remark
[176.609s][info][gc          ] GC(403) Pause Remark 907M->897M(978M) 7.008ms
[176.609s][info][gc,cpu      ] GC(403) User=0.01s Sys=0.00s Real=0.01s
[176.611s][info][gc,marking  ] GC(403) Concurrent Mark 1801.921ms
[176.611s][info][gc,marking  ] GC(403) Concurrent Rebuild Remembered Sets and Scrub Regions
[176.626s][info][gc,start    ] GC(407) Pause Young (Normal) (G1 Evacuation Pause)
[176.626s][info][gc,task     ] GC(407) Using 2 workers of 2 for evacuation
[176.676s][info][gc,phases   ] GC(407)   Pre Evacuate Collection Set: 0.25ms
[176.676s][info][gc,phases   ] GC(407)   Merge Heap Roots: 0.39ms
[176.677s][info][gc,phases   ] GC(407)   Evacuate Collection Set: 49.40ms
[176.677s][info][gc,phases   ] GC(407)   Post Evacuate Collection Set: 0.43ms
[176.677s][info][gc,phases   ] GC(407)   Other: 0.07ms
[176.677s][info][gc,heap     ] GC(407) Eden regions: 212->0(181)
[176.677s][info][gc,heap     ] GC(407) Survivor regions: 9->28(28)
[176.677s][info][gc,heap     ] GC(407) Old regions: 673->682
[176.677s][info][gc,heap     ] GC(407) Humongous regions: 9->9
[176.677s][info][gc,metaspace] GC(407) Metaspace: 18515K(18752K)->18515K(18752K) NonClass: 15856K(16000K)->15856K(16000K) Class: 2659K(2752K)->2659K(2752K)
[176.677s][info][gc          ] GC(407) Pause Young (Normal) (G1 Evacuation Pause) 902M->718M(978M) 50.789ms
[176.677s][info][gc,cpu      ] GC(407) User=0.10s Sys=0.00s Real=0.06s
[177.123s][info][gc,start    ] GC(408) Pause Young (Normal) (G1 Evacuation Pause)
[177.123s][info][gc,task     ] GC(408) Using 2 workers of 2 for evacuation
[177.158s][info][gc,phases   ] GC(408)   Pre Evacuate Collection Set: 0.27ms
[177.158s][info][gc,phases   ] GC(408)   Merge Heap Roots: 0.23ms
[177.158s][info][gc,phases   ] GC(408)   Evacuate Collection Set: 34.09ms
[177.158s][info][gc,phases   ] GC(408)   Post Evacuate Collection Set: 0.45ms
[177.158s][info][gc,phases   ] GC(408)   Other: 0.10ms
[177.158s][info][gc,heap     ] GC(408) Eden regions: 181->0(196)
[177.158s][info][gc,heap     ] GC(408) Survivor regions: 28->5(27)
[177.158s][info][gc,heap     ] GC(408) Old regions: 682->710
[177.158s][info][gc,heap     ] GC(408) Humongous regions: 9->9
[177.158s][info][gc,metaspace] GC(408) Metaspace: 18515K(18752K)->18515K(18752K) NonClass: 15856K(16000K)->15856K(16000K) Class: 2659K(2752K)->2659K(2752K)
[177.158s][info][gc          ] GC(408) Pause Young (Normal) (G1 Evacuation Pause) 899M->724M(978M) 35.340ms
[177.158s][info][gc,cpu      ] GC(408) User=0.07s Sys=0.00s Real=0.04s
[177.352s][info][gc,marking  ] GC(403) Concurrent Rebuild Remembered Sets and Scrub Regions 741.066ms
[177.353s][info][gc,start    ] GC(403) Pause Cleanup
[177.353s][info][gc          ] GC(403) Pause Cleanup 878M->878M(978M) 0.124ms
[177.353s][info][gc,cpu      ] GC(403) User=0.00s Sys=0.00s Real=0.00s
[177.353s][info][gc,marking  ] GC(403) Concurrent Clear Claimed Marks
[177.353s][info][gc,marking  ] GC(403) Concurrent Clear Claimed Marks 0.028ms
[177.353s][info][gc,marking  ] GC(403) Concurrent Cleanup for Next Mark
[177.360s][info][gc,marking  ] GC(403) Concurrent Cleanup for Next Mark 7.174ms
[177.361s][info][gc          ] GC(403) Concurrent Mark Cycle 2598.193ms
[177.403s][info][gc,start    ] GC(409) Pause Young (Prepare Mixed) (G1 Evacuation Pause)
[177.403s][info][gc,task     ] GC(409) Using 2 workers of 2 for evacuation
[177.438s][info][gc,phases   ] GC(409)   Pre Evacuate Collection Set: 0.27ms
[177.438s][info][gc,phases   ] GC(409)   Merge Heap Roots: 0.14ms
[177.438s][info][gc,phases   ] GC(409)   Evacuate Collection Set: 33.85ms
[177.438s][info][gc,phases   ] GC(409)   Post Evacuate Collection Set: 0.47ms
[177.438s][info][gc,phases   ] GC(409)   Other: 0.08ms
[177.438s][info][gc,heap     ] GC(409) Eden regions: 196->0(152)
[177.438s][info][gc,heap     ] GC(409) Survivor regions: 5->26(26)
[177.438s][info][gc,heap     ] GC(409) Old regions: 710->715
[177.438s][info][gc,heap     ] GC(409) Humongous regions: 9->9
[177.438s][info][gc,metaspace] GC(409) Metaspace: 18520K(18752K)->18520K(18752K) NonClass: 15861K(16000K)->15861K(16000K) Class: 2659K(2752K)->2659K(2752K)
[177.438s][info][gc          ] GC(409) Pause Young (Prepare Mixed) (G1 Evacuation Pause) 920M->750M(978M) 35.073ms
[177.438s][info][gc,cpu      ] GC(409) User=0.07s Sys=0.00s Real=0.04s
[177.595s][info][gc,start    ] GC(410) Pause Young (Mixed) (G1 Evacuation Pause)
[177.595s][info][gc,task     ] GC(410) Using 2 workers of 2 for evacuation
[177.649s][info][gc,phases   ] GC(410)   Pre Evacuate Collection Set: 0.51ms
[177.649s][info][gc,phases   ] GC(410)   Merge Heap Roots: 0.54ms
[177.649s][info][gc,phases   ] GC(410)   Evacuate Collection Set: 51.38ms
[177.649s][info][gc,phases   ] GC(410)   Post Evacuate Collection Set: 0.62ms
[177.649s][info][gc,phases   ] GC(410)   Other: 0.08ms
[177.649s][info][gc,heap     ] GC(410) Eden regions: 152->0(174)
[177.649s][info][gc,heap     ] GC(410) Survivor regions: 26->8(23)
[177.649s][info][gc,heap     ] GC(410) Old regions: 715->729
[177.649s][info][gc,heap     ] GC(410) Humongous regions: 9->9
[177.649s][info][gc,metaspace] GC(410) Metaspace: 18525K(18752K)->18525K(18752K) NonClass: 15866K(16000K)->15866K(16000K) Class: 2659K(2752K)->2659K(2752K)
[177.649s][info][gc          ] GC(410) Pause Young (Mixed) (G1 Evacuation Pause) 902M->745M(978M) 53.415ms
[177.649s][info][gc,cpu      ] GC(410) User=0.10s Sys=0.00s Real=0.06s
[178.055s][info][gc,start    ] GC(411) Pause Young (Concurrent Start) (G1 Evacuation Pause)
[178.055s][info][gc,task     ] GC(411) Using 2 workers of 2 for evacuation
[178.066s][info][gc,phases   ] GC(411)   Pre Evacuate Collection Set: 0.29ms
[178.066s][info][gc,phases   ] GC(411)   Merge Heap Roots: 0.15ms
[178.066s][info][gc,phases   ] GC(411)   Evacuate Collection Set: 10.33ms
[178.066s][info][gc,phases   ] GC(411)   Post Evacuate Collection Set: 0.38ms
[178.066s][info][gc,phases   ] GC(411)   Other: 0.11ms
[178.066s][info][gc,heap     ] GC(411) Eden regions: 174->0(170)
[178.066s][info][gc,heap     ] GC(411) Survivor regions: 8->10(23)
[178.066s][info][gc,heap     ] GC(411) Old regions: 729->729
[178.066s][info][gc,heap     ] GC(411) Humongous regions: 9->9
[178.066s][info][gc,metaspace] GC(411) Metaspace: 18525K(18752K)->18525K(18752K) NonClass: 15866K(16000K)->15866K(16000K) Class: 2659K(2752K)->2659K(2752K)
[178.066s][info][gc          ] GC(411) Pause Young (Concurrent Start) (G1 Evacuation Pause) 919M->747M(978M) 11.502ms
[178.066s][info][gc          ] GC(412) Concurrent Mark Cycle
[178.066s][info][gc,marking  ] GC(412) Concurrent Scan Root Regions
[178.067s][info][gc,cpu      ] GC(411) User=0.02s Sys=0.01s Real=0.02s
[178.085s][info][gc,marking  ] GC(412) Concurrent Scan Root Regions 18.213ms
[178.085s][info][gc,marking  ] GC(412) Concurrent Mark
[178.085s][info][gc,marking  ] GC(412) Concurrent Mark From Roots
[178.085s][info][gc,task     ] GC(412) Using 1 workers of 1 for marking
[178.379s][info][gc,start    ] GC(413) Pause Young (Normal) (G1 Evacuation Pause)
[178.380s][info][gc,task     ] GC(413) Using 2 workers of 2 for evacuation
[178.404s][info][gc,phases   ] GC(413)   Pre Evacuate Collection Set: 0.27ms
[178.404s][info][gc,phases   ] GC(413)   Merge Heap Roots: 0.12ms
[178.404s][info][gc,phases   ] GC(413)   Evacuate Collection Set: 23.77ms
[178.404s][info][gc,phases   ] GC(413)   Post Evacuate Collection Set: 0.38ms
[178.404s][info][gc,phases   ] GC(413)   Other: 0.07ms
[178.404s][info][gc,heap     ] GC(413) Eden regions: 170->0(144)
[178.404s][info][gc,heap     ] GC(413) Survivor regions: 10->23(23)
[178.404s][info][gc,heap     ] GC(413) Old regions: 729->729
[178.404s][info][gc,heap     ] GC(413) Humongous regions: 9->9
[178.404s][info][gc,metaspace] GC(413) Metaspace: 18527K(18752K)->18527K(18752K) NonClass: 15868K(16000K)->15868K(16000K) Class: 2659K(2752K)->2659K(2752K)
[178.404s][info][gc          ] GC(413) Pause Young (Normal) (G1 Evacuation Pause) 917M->761M(978M) 24.880ms
[178.404s][info][gc,cpu      ] GC(413) User=0.05s Sys=0.00s Real=0.02s
[178.654s][info][gc,start    ] GC(414) Pause Young (Normal) (G1 Evacuation Pause)
[178.654s][info][gc,task     ] GC(414) Using 2 workers of 2 for evacuation
[178.714s][info][gc,phases   ] GC(414)   Pre Evacuate Collection Set: 0.28ms
[178.714s][info][gc,phases   ] GC(414)   Merge Heap Roots: 0.12ms
[178.714s][info][gc,phases   ] GC(414)   Evacuate Collection Set: 58.42ms
[178.714s][info][gc,phases   ] GC(414)   Post Evacuate Collection Set: 0.51ms
[178.714s][info][gc,phases   ] GC(414)   Other: 0.09ms
[178.714s][info][gc,heap     ] GC(414) Eden regions: 144->0(103)
[178.714s][info][gc,heap     ] GC(414) Survivor regions: 23->21(21)
[178.714s][info][gc,heap     ] GC(414) Old regions: 729->774
[178.714s][info][gc,heap     ] GC(414) Humongous regions: 9->9
[178.714s][info][gc,metaspace] GC(414) Metaspace: 18527K(18752K)->18527K(18752K) NonClass: 15868K(16000K)->15868K(16000K) Class: 2659K(2752K)->2659K(2752K)
[178.714s][info][gc          ] GC(414) Pause Young (Normal) (G1 Evacuation Pause) 905M->804M(978M) 59.654ms
[178.714s][info][gc,cpu      ] GC(414) User=0.12s Sys=0.00s Real=0.06s
[178.936s][info][gc,start    ] GC(415) Pause Young (Normal) (G1 Evacuation Pause)
[178.936s][info][gc,task     ] GC(415) Using 2 workers of 2 for evacuation
[178.983s][info][gc,phases   ] GC(415)   Pre Evacuate Collection Set: 0.28ms
[178.983s][info][gc,phases   ] GC(415)   Merge Heap Roots: 0.32ms
[178.983s][info][gc,phases   ] GC(415)   Evacuate Collection Set: 46.32ms
[178.983s][info][gc,phases   ] GC(415)   Post Evacuate Collection Set: 0.40ms
[178.983s][info][gc,phases   ] GC(415)   Other: 0.08ms
[178.983s][info][gc,heap     ] GC(415) Eden regions: 103->0(79)
[178.983s][info][gc,heap     ] GC(415) Survivor regions: 21->16(16)
[178.983s][info][gc,heap     ] GC(415) Old regions: 774->808
[178.983s][info][gc,heap     ] GC(415) Humongous regions: 9->9
[178.983s][info][gc,metaspace] GC(415) Metaspace: 18527K(18752K)->18527K(18752K) NonClass: 15868K(16000K)->15868K(16000K) Class: 2659K(2752K)->2659K(2752K)
[178.983s][info][gc          ] GC(415) Pause Young (Normal) (G1 Evacuation Pause) 907M->833M(978M) 47.632ms
[178.983s][info][gc,cpu      ] GC(415) User=0.09s Sys=0.00s Real=0.05s
[179.126s][info][gc,start    ] GC(416) Pause Young (Normal) (G1 Evacuation Pause)
[179.126s][info][gc,task     ] GC(416) Using 2 workers of 2 for evacuation
[179.149s][info][gc,phases   ] GC(416)   Pre Evacuate Collection Set: 0.27ms
[179.149s][info][gc,phases   ] GC(416)   Merge Heap Roots: 0.26ms
[179.149s][info][gc,phases   ] GC(416)   Evacuate Collection Set: 22.23ms
[179.149s][info][gc,phases   ] GC(416)   Post Evacuate Collection Set: 0.33ms
[179.149s][info][gc,phases   ] GC(416)   Other: 0.08ms
[179.149s][info][gc,heap     ] GC(416) Eden regions: 79->0(88)
[179.149s][info][gc,heap     ] GC(416) Survivor regions: 16->3(12)
[179.149s][info][gc,heap     ] GC(416) Old regions: 808->825
[179.149s][info][gc,heap     ] GC(416) Humongous regions: 9->9
[179.149s][info][gc,metaspace] GC(416) Metaspace: 18527K(18752K)->18527K(18752K) NonClass: 15868K(16000K)->15868K(16000K) Class: 2659K(2752K)->2659K(2752K)
[179.149s][info][gc          ] GC(416) Pause Young (Normal) (G1 Evacuation Pause) 912M->836M(978M) 23.362ms
[179.149s][info][gc,cpu      ] GC(416) User=0.05s Sys=0.00s Real=0.03s
[179.351s][info][gc,marking  ] GC(412) Concurrent Mark From Roots 1266.024ms
[179.351s][info][gc,marking  ] GC(412) Concurrent Preclean
[179.351s][info][gc,marking  ] GC(412) Concurrent Preclean 0.032ms
[179.351s][info][gc,start    ] GC(412) Pause Remark
[179.358s][info][gc          ] GC(412) Pause Remark 924M->657M(978M) 7.124ms
[179.358s][info][gc,cpu      ] GC(412) User=0.02s Sys=0.00s Real=0.01s
[179.358s][info][gc,marking  ] GC(412) Concurrent Mark 1273.474ms
[179.358s][info][gc,marking  ] GC(412) Concurrent Rebuild Remembered Sets and Scrub Regions
[179.365s][info][gc,start    ] GC(417) Pause Young (Normal) (G1 Evacuation Pause)
[179.365s][info][gc,task     ] GC(417) Using 2 workers of 2 for evacuation
[179.403s][info][gc,phases   ] GC(417)   Pre Evacuate Collection Set: 0.38ms
[179.403s][info][gc,phases   ] GC(417)   Merge Heap Roots: 0.42ms
[179.403s][info][gc,phases   ] GC(417)   Evacuate Collection Set: 36.34ms
[179.403s][info][gc,phases   ] GC(417)   Post Evacuate Collection Set: 0.43ms
[179.403s][info][gc,phases   ] GC(417)   Other: 0.08ms
[179.403s][info][gc,heap     ] GC(417) Eden regions: 88->0(270)
[179.403s][info][gc,heap     ] GC(417) Survivor regions: 3->12(12)
[179.403s][info][gc,heap     ] GC(417) Old regions: 563->570
[179.403s][info][gc,heap     ] GC(417) Humongous regions: 7->7
[179.403s][info][gc,metaspace] GC(417) Metaspace: 18527K(18752K)->18527K(18752K) NonClass: 15868K(16000K)->15868K(16000K) Class: 2659K(2752K)->2659K(2752K)
[179.403s][info][gc          ] GC(417) Pause Young (Normal) (G1 Evacuation Pause) 660M->589M(978M) 37.852ms
[179.403s][info][gc,cpu      ] GC(417) User=0.07s Sys=0.00s Real=0.04s
[179.766s][info][gc,start    ] GC(418) Pause Young (Normal) (G1 Evacuation Pause)
[179.766s][info][gc,task     ] GC(418) Using 2 workers of 2 for evacuation
[179.831s][info][gc,phases   ] GC(418)   Pre Evacuate Collection Set: 0.26ms
[179.831s][info][gc,phases   ] GC(418)   Merge Heap Roots: 0.40ms
[179.831s][info][gc,phases   ] GC(418)   Evacuate Collection Set: 63.68ms
[179.831s][info][gc,phases   ] GC(418)   Post Evacuate Collection Set: 0.56ms
[179.831s][info][gc,phases   ] GC(418)   Other: 0.08ms
[179.831s][info][gc,heap     ] GC(418) Eden regions: 270->0(240)
[179.831s][info][gc,heap     ] GC(418) Survivor regions: 12->36(36)
[179.831s][info][gc,heap     ] GC(418) Old regions: 570->585
[179.831s][info][gc,heap     ] GC(418) Humongous regions: 7->7
[179.831s][info][gc,metaspace] GC(418) Metaspace: 18527K(18752K)->18527K(18752K) NonClass: 15868K(16000K)->15868K(16000K) Class: 2659K(2752K)->2659K(2752K)
[179.831s][info][gc          ] GC(418) Pause Young (Normal) (G1 Evacuation Pause) 859M->627M(978M) 65.205ms
[179.831s][info][gc,cpu      ] GC(418) User=0.13s Sys=0.00s Real=0.07s
[179.911s][info][gc,marking  ] GC(412) Concurrent Rebuild Remembered Sets and Scrub Regions 552.945ms
[179.911s][info][gc,start    ] GC(412) Pause Cleanup
[179.911s][info][gc          ] GC(412) Pause Cleanup 673M->673M(978M) 0.123ms
[179.911s][info][gc,cpu      ] GC(412) User=0.00s Sys=0.00s Real=0.00s
[179.911s][info][gc,marking  ] GC(412) Concurrent Clear Claimed Marks
[179.911s][info][gc,marking  ] GC(412) Concurrent Clear Claimed Marks 0.028ms
[179.911s][info][gc,marking  ] GC(412) Concurrent Cleanup for Next Mark
[179.914s][info][gc,marking  ] GC(412) Concurrent Cleanup for Next Mark 2.819ms
[179.914s][info][gc          ] GC(412) Concurrent Mark Cycle 1847.960ms
[180.139s][info][gc,start    ] GC(419) Pause Young (Prepare Mixed) (G1 Evacuation Pause)
[180.139s][info][gc,task     ] GC(419) Using 2 workers of 2 for evacuation
[180.193s][info][gc,phases   ] GC(419)   Pre Evacuate Collection Set: 0.27ms
[180.193s][info][gc,phases   ] GC(419)   Merge Heap Roots: 0.43ms
[180.193s][info][gc,phases   ] GC(419)   Evacuate Collection Set: 52.08ms
[180.193s][info][gc,phases   ] GC(419)   Post Evacuate Collection Set: 0.46ms
[180.193s][info][gc,phases   ] GC(419)   Other: 0.09ms
[180.193s][info][gc,heap     ] GC(419) Eden regions: 240->0(251)
[180.193s][info][gc,heap     ] GC(419) Survivor regions: 36->5(35)
[180.193s][info][gc,heap     ] GC(419) Old regions: 585->621
[180.193s][info][gc,heap     ] GC(419) Humongous regions: 7->7
[180.193s][info][gc,metaspace] GC(419) Metaspace: 18527K(18752K)->18527K(18752K) NonClass: 15868K(16000K)->15868K(16000K) Class: 2659K(2752K)->2659K(2752K)
[180.193s][info][gc          ] GC(419) Pause Young (Prepare Mixed) (G1 Evacuation Pause) 867M->633M(978M) 53.556ms
[180.193s][info][gc,cpu      ] GC(419) User=0.11s Sys=0.00s Real=0.05s
[180.623s][info][gc,start    ] GC(420) Pause Young (Mixed) (G1 Evacuation Pause)
[180.623s][info][gc,task     ] GC(420) Using 2 workers of 2 for evacuation
[180.676s][info][gc,phases   ] GC(420)   Pre Evacuate Collection Set: 0.32ms
[180.676s][info][gc,phases   ] GC(420)   Merge Heap Roots: 0.69ms
[180.676s][info][gc,phases   ] GC(420)   Evacuate Collection Set: 51.60ms
[180.676s][info][gc,phases   ] GC(420)   Post Evacuate Collection Set: 0.56ms
[180.676s][info][gc,phases   ] GC(420)   Other: 0.10ms
[180.676s][info][gc,heap     ] GC(420) Eden regions: 251->0(270)
[180.676s][info][gc,heap     ] GC(420) Survivor regions: 5->31(32)
[180.676s][info][gc,heap     ] GC(420) Old regions: 621->569
[180.676s][info][gc,heap     ] GC(420) Humongous regions: 7->7
[180.676s][info][gc,metaspace] GC(420) Metaspace: 18527K(18752K)->18527K(18752K) NonClass: 15868K(16000K)->15868K(16000K) Class: 2659K(2752K)->2659K(2752K)
[180.676s][info][gc          ] GC(420) Pause Young (Mixed) (G1 Evacuation Pause) 884M->607M(978M) 53.527ms
[180.676s][info][gc,cpu      ] GC(420) User=0.10s Sys=0.00s Real=0.06s
[181.155s][info][gc,start    ] GC(421) Pause Young (Concurrent Start) (G1 Evacuation Pause)
[181.155s][info][gc,task     ] GC(421) Using 2 workers of 2 for evacuation
[181.223s][info][gc,phases   ] GC(421)   Pre Evacuate Collection Set: 0.34ms
[181.223s][info][gc,phases   ] GC(421)   Merge Heap Roots: 0.22ms
[181.223s][info][gc,phases   ] GC(421)   Evacuate Collection Set: 66.75ms
[181.223s][info][gc,phases   ] GC(421)   Post Evacuate Collection Set: 0.54ms
[181.223s][info][gc,phases   ] GC(421)   Other: 0.10ms
[181.223s][info][gc,heap     ] GC(421) Eden regions: 270->0(232)
[181.223s][info][gc,heap     ] GC(421) Survivor regions: 31->38(38)
[181.223s][info][gc,heap     ] GC(421) Old regions: 569->602
[181.223s][info][gc,heap     ] GC(421) Humongous regions: 7->7
[181.223s][info][gc,metaspace] GC(421) Metaspace: 18527K(18752K)->18527K(18752K) NonClass: 15868K(16000K)->15868K(16000K) Class: 2659K(2752K)->2659K(2752K)
[181.223s][info][gc          ] GC(421) Pause Young (Concurrent Start) (G1 Evacuation Pause) 877M->646M(978M) 68.222ms
[181.223s][info][gc          ] GC(422) Concurrent Mark Cycle
[181.223s][info][gc,marking  ] GC(422) Concurrent Scan Root Regions
[181.225s][info][gc,cpu      ] GC(421) User=0.14s Sys=0.00s Real=0.07s
[181.319s][info][gc,marking  ] GC(422) Concurrent Scan Root Regions 95.764ms
[181.319s][info][gc,marking  ] GC(422) Concurrent Mark
[181.319s][info][gc,marking  ] GC(422) Concurrent Mark From Roots
[181.319s][info][gc,task     ] GC(422) Using 1 workers of 1 for marking
[181.860s][info][gc,start    ] GC(423) Pause Young (Normal) (G1 Evacuation Pause)
[181.860s][info][gc,task     ] GC(423) Using 2 workers of 2 for evacuation
[181.910s][info][gc,phases   ] GC(423)   Pre Evacuate Collection Set: 0.27ms
[181.910s][info][gc,phases   ] GC(423)   Merge Heap Roots: 0.14ms
[181.910s][info][gc,phases   ] GC(423)   Evacuate Collection Set: 48.94ms
[181.910s][info][gc,phases   ] GC(423)   Post Evacuate Collection Set: 0.54ms
[181.910s][info][gc,phases   ] GC(423)   Other: 0.08ms
[181.910s][info][gc,heap     ] GC(423) Eden regions: 232->0(232)
[181.910s][info][gc,heap     ] GC(423) Survivor regions: 38->11(34)
[181.910s][info][gc,heap     ] GC(423) Old regions: 602->640
[181.910s][info][gc,heap     ] GC(423) Humongous regions: 8->8
[181.910s][info][gc,metaspace] GC(423) Metaspace: 18528K(18752K)->18528K(18752K) NonClass: 15869K(16000K)->15869K(16000K) Class: 2659K(2752K)->2659K(2752K)
[181.911s][info][gc          ] GC(423) Pause Young (Normal) (G1 Evacuation Pause) 879M->658M(978M) 50.234ms
[181.911s][info][gc,cpu      ] GC(423) User=0.10s Sys=0.00s Real=0.05s
[182.265s][info][gc,marking  ] GC(422) Concurrent Mark From Roots 946.226ms
[182.265s][info][gc,marking  ] GC(422) Concurrent Preclean
[182.265s][info][gc,marking  ] GC(422) Concurrent Preclean 0.029ms
[182.265s][info][gc,start    ] GC(422) Pause Remark
[182.272s][info][gc          ] GC(422) Pause Remark 805M->616M(978M) 7.112ms
[182.272s][info][gc,cpu      ] GC(422) User=0.01s Sys=0.00s Real=0.01s
[182.272s][info][gc,marking  ] GC(422) Concurrent Mark 953.662ms
[182.272s][info][gc,marking  ] GC(422) Concurrent Rebuild Remembered Sets and Scrub Regions
[182.439s][info][gc,start    ] GC(424) Pause Young (Normal) (G1 Evacuation Pause)
[182.439s][info][gc,task     ] GC(424) Using 2 workers of 2 for evacuation
[182.479s][info][gc,phases   ] GC(424)   Pre Evacuate Collection Set: 0.25ms
[182.479s][info][gc,phases   ] GC(424)   Merge Heap Roots: 0.29ms
[182.479s][info][gc,phases   ] GC(424)   Evacuate Collection Set: 38.84ms
[182.479s][info][gc,phases   ] GC(424)   Post Evacuate Collection Set: 0.47ms
[182.479s][info][gc,phases   ] GC(424)   Other: 0.08ms
[182.479s][info][gc,heap     ] GC(424) Eden regions: 232->0(379)
[182.479s][info][gc,heap     ] GC(424) Survivor regions: 11->31(31)
[182.479s][info][gc,heap     ] GC(424) Old regions: 454->454
[182.479s][info][gc,heap     ] GC(424) Humongous regions: 5->5
[182.479s][info][gc,metaspace] GC(424) Metaspace: 18528K(18752K)->18528K(18752K) NonClass: 15869K(16000K)->15869K(16000K) Class: 2659K(2752K)->2659K(2752K)
[182.479s][info][gc          ] GC(424) Pause Young (Normal) (G1 Evacuation Pause) 701M->490M(978M) 40.207ms
[182.479s][info][gc,cpu      ] GC(424) User=0.08s Sys=0.00s Real=0.04s
[182.621s][info][gc,marking  ] GC(422) Concurrent Rebuild Remembered Sets and Scrub Regions 348.976ms
[182.622s][info][gc,start    ] GC(422) Pause Cleanup
[182.622s][info][gc          ] GC(422) Pause Cleanup 573M->573M(978M) 0.120ms
[182.622s][info][gc,cpu      ] GC(422) User=0.00s Sys=0.00s Real=0.00s
[182.622s][info][gc,marking  ] GC(422) Concurrent Clear Claimed Marks
[182.622s][info][gc,marking  ] GC(422) Concurrent Clear Claimed Marks 0.038ms
[182.622s][info][gc,marking  ] GC(422) Concurrent Cleanup for Next Mark
[182.627s][info][gc,marking  ] GC(422) Concurrent Cleanup for Next Mark 4.876ms
[182.627s][info][gc          ] GC(422) Concurrent Mark Cycle 1403.874ms
[183.084s][info][gc,start    ] GC(425) Pause Young (Prepare Mixed) (G1 Evacuation Pause)
[183.085s][info][gc,task     ] GC(425) Using 2 workers of 2 for evacuation
[183.142s][info][gc,phases   ] GC(425)   Pre Evacuate Collection Set: 0.31ms
[183.142s][info][gc,phases   ] GC(425)   Merge Heap Roots: 0.26ms
[183.142s][info][gc,phases   ] GC(425)   Evacuate Collection Set: 56.14ms
[183.142s][info][gc,phases   ] GC(425)   Post Evacuate Collection Set: 0.60ms
[183.142s][info][gc,phases   ] GC(425)   Other: 0.09ms
[183.142s][info][gc,heap     ] GC(425) Eden regions: 379->0(373)
[183.142s][info][gc,heap     ] GC(425) Survivor regions: 31->38(52)
[183.142s][info][gc,heap     ] GC(425) Old regions: 454->464
[183.142s][info][gc,heap     ] GC(425) Humongous regions: 5->5
[183.142s][info][gc,metaspace] GC(425) Metaspace: 18528K(18752K)->18528K(18752K) NonClass: 15869K(16000K)->15869K(16000K) Class: 2659K(2752K)->2659K(2752K)
[183.142s][info][gc          ] GC(425) Pause Young (Prepare Mixed) (G1 Evacuation Pause) 869M->507M(978M) 57.682ms
[183.142s][info][gc,cpu      ] GC(425) User=0.12s Sys=0.00s Real=0.06s
[183.833s][info][gc,start    ] GC(426) Pause Young (Mixed) (G1 Evacuation Pause)
[183.833s][info][gc,task     ] GC(426) Using 2 workers of 2 for evacuation
[183.894s][info][gc,phases   ] GC(426)   Pre Evacuate Collection Set: 0.29ms
[183.894s][info][gc,phases   ] GC(426)   Merge Heap Roots: 0.56ms
[183.894s][info][gc,phases   ] GC(426)   Evacuate Collection Set: 60.08ms
[183.894s][info][gc,phases   ] GC(426)   Post Evacuate Collection Set: 0.65ms
[183.894s][info][gc,phases   ] GC(426)   Other: 0.09ms
[183.894s][info][gc,heap     ] GC(426) Eden regions: 373->0(396)
[183.895s][info][gc,heap     ] GC(426) Survivor regions: 38->29(52)
[183.895s][info][gc,heap     ] GC(426) Old regions: 464->457
[183.895s][info][gc,heap     ] GC(426) Humongous regions: 5->5
[183.895s][info][gc,metaspace] GC(426) Metaspace: 18541K(18752K)->18541K(18752K) NonClass: 15882K(16000K)->15882K(16000K) Class: 2659K(2752K)->2659K(2752K)
[183.895s][info][gc          ] GC(426) Pause Young (Mixed) (G1 Evacuation Pause) 880M->490M(978M) 61.903ms
[183.895s][info][gc,cpu      ] GC(426) User=0.12s Sys=0.00s Real=0.06s
[184.168s][info][gc,start    ] GC(427) Pause Young (Concurrent Start) (G1 Evacuation Pause)
[184.168s][info][gc,task     ] GC(427) Using 2 workers of 2 for evacuation
[184.328s][info][gc,phases   ] GC(427)   Pre Evacuate Collection Set: 0.29ms
[184.328s][info][gc,phases   ] GC(427)   Merge Heap Roots: 0.16ms
[184.328s][info][gc,phases   ] GC(427)   Evacuate Collection Set: 138.03ms
[184.328s][info][gc,phases   ] GC(427)   Post Evacuate Collection Set: 21.16ms
[184.328s][info][gc,phases   ] GC(427)   Other: 0.22ms
[184.328s][info][gc,heap     ] GC(427) Eden regions: 396->0(0)
[184.328s][info][gc,heap     ] GC(427) Survivor regions: 29->54(54)
[184.328s][info][gc,heap     ] GC(427) Old regions: 457->822
[184.328s][info][gc,heap     ] GC(427) Humongous regions: 5->5
[184.328s][info][gc,metaspace] GC(427) Metaspace: 18542K(18752K)->18542K(18752K) NonClass: 15883K(16000K)->15883K(16000K) Class: 2659K(2752K)->2659K(2752K)
[184.328s][info][gc          ] GC(427) Pause Young (Concurrent Start) (G1 Evacuation Pause) (Evacuation Failure: Allocation) 886M->881M(978M) 160.119ms
[184.328s][info][gc,cpu      ] GC(427) User=0.32s Sys=0.00s Real=0.16s
[184.328s][info][gc,ergo     ] Attempting full compaction
[184.328s][info][gc,start    ] GC(429) Pause Full (G1 Compaction Pause)
[184.328s][info][gc          ] GC(428) Concurrent Mark Cycle
[184.329s][info][gc,marking  ] GC(428) Concurrent Scan Root Regions
[184.328s][info][gc,task     ] GC(429) Using 2 workers of 2 for full compaction
[184.329s][info][gc,marking  ] GC(428) Concurrent Scan Root Regions 0.759ms
[184.329s][info][gc,marking  ] GC(428) Concurrent Mark
[184.329s][info][gc,marking  ] GC(428) Concurrent Mark From Roots
[184.329s][info][gc,task     ] GC(428) Using 1 workers of 1 for marking
[184.331s][info][gc,phases,start] GC(429) Phase 1: Mark live objects
[184.816s][info][gc,phases      ] GC(429) Phase 1: Mark live objects 485.371ms
[184.816s][info][gc,phases,start] GC(429) Phase 2: Prepare compaction
[184.837s][info][gc,phases      ] GC(429) Phase 2: Prepare compaction 20.699ms
[184.837s][info][gc,phases,start] GC(429) Phase 3: Adjust pointers
[184.957s][info][gc,phases      ] GC(429) Phase 3: Adjust pointers 120.254ms
[184.957s][info][gc,phases,start] GC(429) Phase 4: Compact heap
[184.984s][info][gc,phases      ] GC(429) Phase 4: Compact heap 27.223ms
[184.985s][info][gc,phases,start] GC(429) Phase 5: Reset Metadata
[185.040s][info][gc,phases      ] GC(429) Phase 5: Reset Metadata 55.566ms
[185.048s][info][gc,heap        ] GC(429) Eden regions: 0->0(433)
[185.048s][info][gc,heap        ] GC(429) Survivor regions: 54->0(54)
[185.048s][info][gc,heap        ] GC(429) Old regions: 822->403
[185.048s][info][gc,heap        ] GC(429) Humongous regions: 5->3
[185.048s][info][gc,metaspace   ] GC(429) Metaspace: 18542K(18752K)->18542K(18752K) NonClass: 15883K(16000K)->15883K(16000K) Class: 2659K(2752K)->2659K(2752K)
[185.048s][info][gc             ] GC(429) Pause Full (G1 Compaction Pause) 881M->404M(978M) 719.492ms
[185.048s][info][gc,cpu         ] GC(429) User=1.39s Sys=0.00s Real=0.72s
[185.048s][info][gc,marking     ] GC(428) Concurrent Mark From Roots 718.817ms
[185.048s][info][gc,marking     ] GC(428) Concurrent Mark Abort
[185.048s][info][gc             ] GC(428) Concurrent Mark Cycle 719.737ms
[185.167s][info][gc,start       ] GC(430) Pause Young (Concurrent Start) (G1 Humongous Allocation)
[185.167s][info][gc,task        ] GC(430) Using 2 workers of 2 for evacuation
[185.192s][info][gc,phases      ] GC(430)   Pre Evacuate Collection Set: 0.30ms
[185.192s][info][gc,phases      ] GC(430)   Merge Heap Roots: 0.37ms
[185.192s][info][gc,phases      ] GC(430)   Evacuate Collection Set: 23.18ms
[185.192s][info][gc,phases      ] GC(430)   Post Evacuate Collection Set: 0.48ms
[185.192s][info][gc,phases      ] GC(430)   Other: 0.20ms
[185.192s][info][gc,heap        ] GC(430) Eden regions: 146->0(445)
[185.192s][info][gc,heap        ] GC(430) Survivor regions: 0->9(55)
[185.192s][info][gc,heap        ] GC(430) Old regions: 403->403
[185.192s][info][gc,heap        ] GC(430) Humongous regions: 3->3
[185.192s][info][gc,metaspace   ] GC(430) Metaspace: 18545K(18752K)->18545K(18752K) NonClass: 15886K(16000K)->15886K(16000K) Class: 2659K(2752K)->2659K(2752K)
[185.192s][info][gc             ] GC(430) Pause Young (Concurrent Start) (G1 Humongous Allocation) 549M->412M(978M) 24.731ms
[185.192s][info][gc,cpu         ] GC(430) User=0.04s Sys=0.00s Real=0.02s
[185.192s][info][gc             ] GC(431) Concurrent Mark Cycle
[185.192s][info][gc,marking     ] GC(431) Concurrent Scan Root Regions
[185.219s][info][gc,marking     ] GC(431) Concurrent Scan Root Regions 27.701ms
[185.220s][info][gc,marking     ] GC(431) Concurrent Mark
[185.220s][info][gc,marking     ] GC(431) Concurrent Mark From Roots
[185.220s][info][gc,task        ] GC(431) Using 1 workers of 1 for marking
[186.346s][info][gc,start       ] GC(432) Pause Young (Normal) (G1 Evacuation Pause)
[186.347s][info][gc,task        ] GC(432) Using 2 workers of 2 for evacuation
[186.412s][info][gc,phases      ] GC(432)   Pre Evacuate Collection Set: 0.30ms
[186.412s][info][gc,phases      ] GC(432)   Merge Heap Roots: 0.52ms
[186.412s][info][gc,phases      ] GC(432)   Evacuate Collection Set: 64.08ms
[186.412s][info][gc,phases      ] GC(432)   Post Evacuate Collection Set: 0.78ms
[186.412s][info][gc,phases      ] GC(432)   Other: 0.09ms
[186.412s][info][gc,heap        ] GC(432) Eden regions: 445->0(424)
[186.412s][info][gc,heap        ] GC(432) Survivor regions: 9->34(57)
[186.412s][info][gc,heap        ] GC(432) Old regions: 403->403
[186.412s][info][gc,heap        ] GC(432) Humongous regions: 9->9
[186.412s][info][gc,metaspace   ] GC(432) Metaspace: 18545K(18752K)->18545K(18752K) NonClass: 15886K(16000K)->15886K(16000K) Class: 2659K(2752K)->2659K(2752K)
[186.412s][info][gc             ] GC(432) Pause Young (Normal) (G1 Evacuation Pause) 863M->444M(978M) 66.068ms
[186.413s][info][gc,cpu         ] GC(432) User=0.13s Sys=0.00s Real=0.06s
[186.521s][info][gc,marking     ] GC(431) Concurrent Mark From Roots 1301.354ms
[186.521s][info][gc,marking     ] GC(431) Concurrent Preclean
[186.521s][info][gc,marking     ] GC(431) Concurrent Preclean 0.034ms
[186.521s][info][gc,start       ] GC(431) Pause Remark
[186.528s][info][gc             ] GC(431) Pause Remark 476M->476M(978M) 6.785ms
[186.528s][info][gc,cpu         ] GC(431) User=0.01s Sys=0.00s Real=0.01s
[186.530s][info][gc,marking     ] GC(431) Concurrent Mark 1310.817ms
[186.530s][info][gc,marking     ] GC(431) Concurrent Rebuild Remembered Sets and Scrub Regions
[186.815s][info][gc,marking     ] GC(431) Concurrent Rebuild Remembered Sets and Scrub Regions 284.893ms
[186.815s][info][gc,start       ] GC(431) Pause Cleanup
[186.816s][info][gc             ] GC(431) Pause Cleanup 583M->583M(978M) 0.084ms
[186.816s][info][gc,cpu         ] GC(431) User=0.00s Sys=0.00s Real=0.00s
[186.816s][info][gc,marking     ] GC(431) Concurrent Clear Claimed Marks
[186.816s][info][gc,marking     ] GC(431) Concurrent Clear Claimed Marks 0.032ms
[186.816s][info][gc,marking     ] GC(431) Concurrent Cleanup for Next Mark
[186.822s][info][gc,marking     ] GC(431) Concurrent Cleanup for Next Mark 5.777ms
[186.822s][info][gc             ] GC(431) Concurrent Mark Cycle 1630.406ms
[187.230s][info][gc,start       ] GC(433) Pause Young (Prepare Mixed) (G1 Evacuation Pause)
[187.230s][info][gc,task        ] GC(433) Using 2 workers of 2 for evacuation
[187.292s][info][gc,phases      ] GC(433)   Pre Evacuate Collection Set: 0.31ms
[187.292s][info][gc,phases      ] GC(433)   Merge Heap Roots: 0.77ms
[187.292s][info][gc,phases      ] GC(433)   Evacuate Collection Set: 59.80ms
[187.292s][info][gc,phases      ] GC(433)   Post Evacuate Collection Set: 0.69ms
[187.292s][info][gc,phases      ] GC(433)   Other: 0.10ms
[187.292s][info][gc,heap        ] GC(433) Eden regions: 424->0(440)
[187.292s][info][gc,heap        ] GC(433) Survivor regions: 34->27(58)
[187.292s][info][gc,heap        ] GC(433) Old regions: 403->411
[187.292s][info][gc,heap        ] GC(433) Humongous regions: 9->9
[187.292s][info][gc,metaspace   ] GC(433) Metaspace: 18545K(18752K)->18545K(18752K) NonClass: 15886K(16000K)->15886K(16000K) Class: 2659K(2752K)->2659K(2752K)
[187.292s][info][gc             ] GC(433) Pause Young (Prepare Mixed) (G1 Evacuation Pause) 868M->444M(978M) 61.942ms
[187.292s][info][gc,cpu         ] GC(433) User=0.13s Sys=0.00s Real=0.06s
[187.945s][info][gc,start       ] GC(434) Pause Young (Mixed) (G1 Evacuation Pause)
[187.945s][info][gc,task        ] GC(434) Using 2 workers of 2 for evacuation
[187.986s][info][gc,phases      ] GC(434)   Pre Evacuate Collection Set: 0.27ms
[187.986s][info][gc,phases      ] GC(434)   Merge Heap Roots: 0.39ms
[187.986s][info][gc,phases      ] GC(434)   Evacuate Collection Set: 38.83ms
[187.986s][info][gc,phases      ] GC(434)   Post Evacuate Collection Set: 0.66ms
[187.986s][info][gc,phases      ] GC(434)   Other: 0.08ms
[187.986s][info][gc,heap        ] GC(434) Eden regions: 440->0(454)
[187.986s][info][gc,heap        ] GC(434) Survivor regions: 27->27(59)
[187.986s][info][gc,heap        ] GC(434) Old regions: 411->411
[187.986s][info][gc,heap        ] GC(434) Humongous regions: 9->9
[187.986s][info][gc,metaspace   ] GC(434) Metaspace: 18545K(18752K)->18545K(18752K) NonClass: 15886K(16000K)->15886K(16000K) Class: 2659K(2752K)->2659K(2752K)
[187.986s][info][gc             ] GC(434) Pause Young (Mixed) (G1 Evacuation Pause) 884M->445M(978M) 40.504ms
[187.986s][info][gc,cpu         ] GC(434) User=0.08s Sys=0.00s Real=0.04s
[188.389s][info][gc,start       ] GC(435) Pause Young (Concurrent Start) (G1 Evacuation Pause)
[188.390s][info][gc,task        ] GC(435) Using 2 workers of 2 for evacuation
[188.511s][info][gc,phases      ] GC(435)   Pre Evacuate Collection Set: 0.28ms
[188.511s][info][gc,phases      ] GC(435)   Merge Heap Roots: 0.26ms
[188.511s][info][gc,phases      ] GC(435)   Evacuate Collection Set: 114.20ms
[188.511s][info][gc,phases      ] GC(435)   Post Evacuate Collection Set: 6.50ms
[188.511s][info][gc,phases      ] GC(435)   Other: 0.12ms
[188.511s][info][gc,heap        ] GC(435) Eden regions: 454->0(288)
[188.511s][info][gc,heap        ] GC(435) Survivor regions: 27->61(61)
[188.511s][info][gc,heap        ] GC(435) Old regions: 411->509
[188.511s][info][gc,heap        ] GC(435) Humongous regions: 9->9
[188.511s][info][gc,metaspace   ] GC(435) Metaspace: 18545K(18752K)->18545K(18752K) NonClass: 15886K(16000K)->15886K(16000K) Class: 2659K(2752K)->2659K(2752K)
[188.511s][info][gc             ] GC(435) Pause Young (Concurrent Start) (G1 Evacuation Pause) (Evacuation Failure: Allocation) 899M->578M(978M) 121.627ms
[188.511s][info][gc,cpu         ] GC(435) User=0.24s Sys=0.00s Real=0.12s
[188.511s][info][gc             ] GC(436) Concurrent Mark Cycle
[188.511s][info][gc,marking     ] GC(436) Concurrent Scan Root Regions
[188.648s][info][gc,marking     ] GC(436) Concurrent Scan Root Regions 136.866ms
[188.648s][info][gc,marking     ] GC(436) Concurrent Mark
[188.648s][info][gc,marking     ] GC(436) Concurrent Mark From Roots
[188.648s][info][gc,task        ] GC(436) Using 1 workers of 1 for marking
[188.851s][info][gc,start       ] GC(437) Pause Young (Normal) (G1 Evacuation Pause)
[188.851s][info][gc,task        ] GC(437) Using 2 workers of 2 for evacuation
[188.947s][info][gc,phases      ] GC(437)   Pre Evacuate Collection Set: 0.32ms
[188.947s][info][gc,phases      ] GC(437)   Merge Heap Roots: 0.38ms
[188.947s][info][gc,phases      ] GC(437)   Evacuate Collection Set: 94.89ms
[188.947s][info][gc,phases      ] GC(437)   Post Evacuate Collection Set: 0.59ms
[188.947s][info][gc,phases      ] GC(437)   Other: 0.09ms
[188.947s][info][gc,heap        ] GC(437) Eden regions: 288->0(377)
[188.947s][info][gc,heap        ] GC(437) Survivor regions: 61->10(44)
[188.947s][info][gc,heap        ] GC(437) Old regions: 509->503
[188.947s][info][gc,heap        ] GC(437) Humongous regions: 9->9
[188.947s][info][gc,metaspace   ] GC(437) Metaspace: 18545K(18752K)->18545K(18752K) NonClass: 15886K(16000K)->15886K(16000K) Class: 2659K(2752K)->2659K(2752K)
[188.947s][info][gc             ] GC(437) Pause Young (Normal) (G1 Evacuation Pause) 866M->520M(978M) 96.536ms
[188.947s][info][gc,cpu         ] GC(437) User=0.19s Sys=0.00s Real=0.10s
[189.415s][info][gc,start       ] GC(438) Pause Young (Normal) (G1 Evacuation Pause)
[189.416s][info][gc,task        ] GC(438) Using 2 workers of 2 for evacuation
[189.459s][info][gc,phases      ] GC(438)   Pre Evacuate Collection Set: 0.46ms
[189.459s][info][gc,phases      ] GC(438)   Merge Heap Roots: 0.27ms
[189.459s][info][gc,phases      ] GC(438)   Evacuate Collection Set: 41.69ms
[189.459s][info][gc,phases      ] GC(438)   Post Evacuate Collection Set: 0.59ms
[189.459s][info][gc,phases      ] GC(438)   Other: 0.11ms
[189.459s][info][gc,heap        ] GC(438) Eden regions: 377->0(344)
[189.459s][info][gc,heap        ] GC(438) Survivor regions: 10->36(49)
[189.459s][info][gc,heap        ] GC(438) Old regions: 503->503
[189.459s][info][gc,heap        ] GC(438) Humongous regions: 9->9
[189.459s][info][gc,metaspace   ] GC(438) Metaspace: 18549K(18752K)->18549K(18752K) NonClass: 15890K(16000K)->15890K(16000K) Class: 2659K(2752K)->2659K(2752K)
[189.459s][info][gc             ] GC(438) Pause Young (Normal) (G1 Evacuation Pause) 897M->547M(978M) 43.358ms
[189.459s][info][gc,cpu         ] GC(438) User=0.08s Sys=0.00s Real=0.05s
[190.013s][info][gc,marking     ] GC(436) Concurrent Mark From Roots 1365.006ms
[190.013s][info][gc,marking     ] GC(436) Concurrent Preclean
[190.013s][info][gc,marking     ] GC(436) Concurrent Preclean 0.036ms
[190.013s][info][gc,start       ] GC(436) Pause Remark
[190.020s][info][gc             ] GC(436) Pause Remark 745M->743M(978M) 6.770ms
[190.020s][info][gc,cpu         ] GC(436) User=0.01s Sys=0.00s Real=0.01s
[190.022s][info][gc,marking     ] GC(436) Concurrent Mark 1374.207ms
[190.022s][info][gc,marking     ] GC(436) Concurrent Rebuild Remembered Sets and Scrub Regions
[190.514s][info][gc,marking     ] GC(436) Concurrent Rebuild Remembered Sets and Scrub Regions 492.101ms
[190.515s][info][gc,start       ] GC(436) Pause Cleanup
[190.515s][info][gc             ] GC(436) Pause Cleanup 863M->863M(978M) 0.090ms
[190.515s][info][gc,cpu         ] GC(436) User=0.00s Sys=0.00s Real=0.00s
[190.516s][info][gc,marking     ] GC(436) Concurrent Clear Claimed Marks
[190.516s][info][gc,marking     ] GC(436) Concurrent Clear Claimed Marks 0.050ms
[190.516s][info][gc,marking     ] GC(436) Concurrent Cleanup for Next Mark
[190.521s][info][gc,marking     ] GC(436) Concurrent Cleanup for Next Mark 4.858ms
[190.521s][info][gc             ] GC(436) Concurrent Mark Cycle 2010.160ms
[190.592s][info][gc,start       ] GC(439) Pause Young (Prepare Mixed) (G1 Evacuation Pause)
[190.592s][info][gc,task        ] GC(439) Using 2 workers of 2 for evacuation
[190.664s][info][gc,phases      ] GC(439)   Pre Evacuate Collection Set: 0.29ms
[190.664s][info][gc,phases      ] GC(439)   Merge Heap Roots: 0.56ms
[190.664s][info][gc,phases      ] GC(439)   Evacuate Collection Set: 70.52ms
[190.664s][info][gc,phases      ] GC(439)   Post Evacuate Collection Set: 0.57ms
[190.664s][info][gc,phases      ] GC(439)   Other: 0.11ms
[190.664s][info][gc,heap        ] GC(439) Eden regions: 344->0(330)
[190.664s][info][gc,heap        ] GC(439) Survivor regions: 36->23(48)
[190.664s][info][gc,heap        ] GC(439) Old regions: 503->540
[190.664s][info][gc,heap        ] GC(439) Humongous regions: 7->7
[190.664s][info][gc,metaspace   ] GC(439) Metaspace: 18549K(18752K)->18549K(18752K) NonClass: 15890K(16000K)->15890K(16000K) Class: 2659K(2752K)->2659K(2752K)
[190.664s][info][gc             ] GC(439) Pause Young (Prepare Mixed) (G1 Evacuation Pause) 889M->568M(978M) 72.242ms
[190.664s][info][gc,cpu         ] GC(439) User=0.14s Sys=0.00s Real=0.07s
[191.407s][info][gc,start       ] GC(440) Pause Young (Mixed) (G1 Evacuation Pause)
[191.407s][info][gc,task        ] GC(440) Using 2 workers of 2 for evacuation
[191.432s][info][gc,phases      ] GC(440)   Pre Evacuate Collection Set: 0.28ms
[191.432s][info][gc,phases      ] GC(440)   Merge Heap Roots: 0.26ms
[191.432s][info][gc,phases      ] GC(440)   Evacuate Collection Set: 24.08ms
[191.432s][info][gc,phases      ] GC(440)   Post Evacuate Collection Set: 0.53ms
[191.433s][info][gc,phases      ] GC(440)   Other: 0.12ms
[191.433s][info][gc,heap        ] GC(440) Eden regions: 330->0(335)
[191.433s][info][gc,heap        ] GC(440) Survivor regions: 23->23(45)
[191.433s][info][gc,heap        ] GC(440) Old regions: 540->540
[191.433s][info][gc,heap        ] GC(440) Humongous regions: 7->7
[191.433s][info][gc,metaspace   ] GC(440) Metaspace: 18549K(18752K)->18549K(18752K) NonClass: 15890K(16000K)->15890K(16000K) Class: 2659K(2752K)->2659K(2752K)
[191.433s][info][gc             ] GC(440) Pause Young (Mixed) (G1 Evacuation Pause) 898M->568M(978M) 25.537ms
[191.433s][info][gc,cpu         ] GC(440) User=0.05s Sys=0.00s Real=0.02s
[192.129s][info][gc,start       ] GC(441) Pause Young (Concurrent Start) (G1 Evacuation Pause)
[192.129s][info][gc,task        ] GC(441) Using 2 workers of 2 for evacuation
[192.154s][info][gc,phases      ] GC(441)   Pre Evacuate Collection Set: 0.30ms
[192.154s][info][gc,phases      ] GC(441)   Merge Heap Roots: 0.22ms
[192.154s][info][gc,phases      ] GC(441)   Evacuate Collection Set: 23.72ms
[192.154s][info][gc,phases      ] GC(441)   Post Evacuate Collection Set: 0.55ms
[192.154s][info][gc,phases      ] GC(441)   Other: 0.13ms
[192.154s][info][gc,heap        ] GC(441) Eden regions: 335->0(335)
[192.154s][info][gc,heap        ] GC(441) Survivor regions: 23->23(45)
[192.154s][info][gc,heap        ] GC(441) Old regions: 540->540
[192.154s][info][gc,heap        ] GC(441) Humongous regions: 7->7
[192.154s][info][gc,metaspace   ] GC(441) Metaspace: 18549K(18752K)->18549K(18752K) NonClass: 15890K(16000K)->15890K(16000K) Class: 2659K(2752K)->2659K(2752K)
[192.154s][info][gc             ] GC(441) Pause Young (Concurrent Start) (G1 Evacuation Pause) 903M->568M(978M) 25.212ms
[192.154s][info][gc,cpu         ] GC(441) User=0.05s Sys=0.00s Real=0.02s
[192.154s][info][gc             ] GC(442) Concurrent Mark Cycle
[192.154s][info][gc,marking     ] GC(442) Concurrent Scan Root Regions
[192.195s][info][gc,marking     ] GC(442) Concurrent Scan Root Regions 41.071ms
[192.195s][info][gc,marking     ] GC(442) Concurrent Mark
[192.195s][info][gc,marking     ] GC(442) Concurrent Mark From Roots
[192.195s][info][gc,task        ] GC(442) Using 1 workers of 1 for marking
[193.243s][info][gc,start       ] GC(443) Pause Young (Normal) (G1 Evacuation Pause)
[193.243s][info][gc,task        ] GC(443) Using 2 workers of 2 for evacuation
[193.313s][info][gc,phases      ] GC(443)   Pre Evacuate Collection Set: 0.48ms
[193.313s][info][gc,phases      ] GC(443)   Merge Heap Roots: 0.23ms
[193.313s][info][gc,phases      ] GC(443)   Evacuate Collection Set: 68.08ms
[193.313s][info][gc,phases      ] GC(443)   Post Evacuate Collection Set: 0.71ms
[193.313s][info][gc,phases      ] GC(443)   Other: 0.08ms
[193.313s][info][gc,heap        ] GC(443) Eden regions: 335->0(264)
[193.313s][info][gc,heap        ] GC(443) Survivor regions: 23->45(45)
[193.313s][info][gc,heap        ] GC(443) Old regions: 540->567
[193.313s][info][gc,heap        ] GC(443) Humongous regions: 7->7
[193.313s][info][gc,metaspace   ] GC(443) Metaspace: 18549K(18752K)->18549K(18752K) NonClass: 15890K(16000K)->15890K(16000K) Class: 2659K(2752K)->2659K(2752K)
[193.313s][info][gc             ] GC(443) Pause Young (Normal) (G1 Evacuation Pause) 903M->618M(978M) 69.811ms
[193.313s][info][gc,cpu         ] GC(443) User=0.13s Sys=0.00s Real=0.07s
[193.692s][info][gc,start       ] GC(444) Pause Young (Normal) (G1 Evacuation Pause)
[193.692s][info][gc,task        ] GC(444) Using 2 workers of 2 for evacuation
[193.814s][info][gc,phases      ] GC(444)   Pre Evacuate Collection Set: 0.49ms
[193.814s][info][gc,phases      ] GC(444)   Merge Heap Roots: 0.42ms
[193.814s][info][gc,phases      ] GC(444)   Evacuate Collection Set: 113.31ms
[193.814s][info][gc,phases      ] GC(444)   Post Evacuate Collection Set: 7.51ms
[193.814s][info][gc,phases      ] GC(444)   Other: 0.08ms
[193.814s][info][gc,heap        ] GC(444) Eden regions: 264->0(112)
[193.814s][info][gc,heap        ] GC(444) Survivor regions: 45->39(39)
[193.814s][info][gc,heap        ] GC(444) Old regions: 567->731
[193.814s][info][gc,heap        ] GC(444) Humongous regions: 7->7
[193.814s][info][gc,metaspace   ] GC(444) Metaspace: 18549K(18752K)->18549K(18752K) NonClass: 15890K(16000K)->15890K(16000K) Class: 2659K(2752K)->2659K(2752K)
[193.814s][info][gc             ] GC(444) Pause Young (Normal) (G1 Evacuation Pause) (Evacuation Failure: Allocation) 882M->776M(978M) 122.057ms
[193.814s][info][gc,cpu         ] GC(444) User=0.24s Sys=0.00s Real=0.12s
[193.996s][info][gc,start       ] GC(445) Pause Young (Normal) (G1 Evacuation Pause)
[193.996s][info][gc,task        ] GC(445) Using 2 workers of 2 for evacuation
[194.104s][info][gc,phases      ] GC(445)   Pre Evacuate Collection Set: 0.33ms
[194.104s][info][gc,phases      ] GC(445)   Merge Heap Roots: 0.49ms
[194.104s][info][gc,phases      ] GC(445)   Evacuate Collection Set: 102.36ms
[194.104s][info][gc,phases      ] GC(445)   Post Evacuate Collection Set: 5.23ms
[194.104s][info][gc,phases      ] GC(445)   Other: 0.08ms
[194.104s][info][gc,heap        ] GC(445) Eden regions: 112->0(121)
[194.104s][info][gc,heap        ] GC(445) Survivor regions: 39->19(19)
[194.104s][info][gc,heap        ] GC(445) Old regions: 731->759
[194.104s][info][gc,heap        ] GC(445) Humongous regions: 10->10
[194.104s][info][gc,metaspace   ] GC(445) Metaspace: 18552K(18752K)->18552K(18752K) NonClass: 15892K(16000K)->15892K(16000K) Class: 2659K(2752K)->2659K(2752K)
[194.105s][info][gc             ] GC(445) Pause Young (Normal) (G1 Evacuation Pause) (Evacuation Failure: Allocation) 891M->787M(978M) 108.799ms
[194.105s][info][gc,cpu         ] GC(445) User=0.21s Sys=0.00s Real=0.11s
[194.158s][info][gc,marking     ] GC(442) Concurrent Mark From Roots 1963.098ms
[194.158s][info][gc,marking     ] GC(442) Concurrent Preclean
[194.158s][info][gc,marking     ] GC(442) Concurrent Preclean 0.036ms
[194.158s][info][gc,start       ] GC(442) Pause Remark
[194.165s][info][gc             ] GC(442) Pause Remark 806M->806M(978M) 6.908ms
[194.165s][info][gc,cpu         ] GC(442) User=0.02s Sys=0.00s Real=0.00s
[194.165s][info][gc,marking     ] GC(442) Concurrent Mark 1970.317ms
[194.165s][info][gc,marking     ] GC(442) Concurrent Rebuild Remembered Sets and Scrub Regions
[194.327s][info][gc,start       ] GC(446) Pause Young (Normal) (G1 Evacuation Pause)
[194.327s][info][gc,task        ] GC(446) Using 2 workers of 2 for evacuation
[194.378s][info][gc,phases      ] GC(446)   Pre Evacuate Collection Set: 0.29ms
[194.378s][info][gc,phases      ] GC(446)   Merge Heap Roots: 0.73ms
[194.378s][info][gc,phases      ] GC(446)   Evacuate Collection Set: 49.44ms
[194.378s][info][gc,phases      ] GC(446)   Post Evacuate Collection Set: 0.42ms
[194.378s][info][gc,phases      ] GC(446)   Other: 0.08ms
[194.378s][info][gc,heap        ] GC(446) Eden regions: 121->0(176)
[194.378s][info][gc,heap        ] GC(446) Survivor regions: 19->4(18)
[194.378s][info][gc,heap        ] GC(446) Old regions: 759->725
[194.378s][info][gc,heap        ] GC(446) Humongous regions: 10->10
[194.378s][info][gc,metaspace   ] GC(446) Metaspace: 18552K(18752K)->18552K(18752K) NonClass: 15893K(16000K)->15893K(16000K) Class: 2659K(2752K)->2659K(2752K)
[194.379s][info][gc             ] GC(446) Pause Young (Normal) (G1 Evacuation Pause) 908M->738M(978M) 51.173ms
[194.379s][info][gc,cpu         ] GC(446) User=0.09s Sys=0.00s Real=0.05s
[194.650s][info][gc,start       ] GC(447) Pause Young (Normal) (G1 Evacuation Pause)
[194.651s][info][gc,task        ] GC(447) Using 2 workers of 2 for evacuation
[194.658s][info][gc,phases      ] GC(447)   Pre Evacuate Collection Set: 0.45ms
[194.658s][info][gc,phases      ] GC(447)   Merge Heap Roots: 0.14ms
[194.658s][info][gc,phases      ] GC(447)   Evacuate Collection Set: 6.16ms
[194.658s][info][gc,phases      ] GC(447)   Post Evacuate Collection Set: 0.38ms
[194.658s][info][gc,phases      ] GC(447)   Other: 0.10ms
[194.658s][info][gc,heap        ] GC(447) Eden regions: 176->0(183)
[194.658s][info][gc,heap        ] GC(447) Survivor regions: 4->5(23)
[194.658s][info][gc,heap        ] GC(447) Old regions: 725->725
[194.658s][info][gc,heap        ] GC(447) Humongous regions: 10->10
[194.658s][info][gc,metaspace   ] GC(447) Metaspace: 18552K(18752K)->18552K(18752K) NonClass: 15893K(16000K)->15893K(16000K) Class: 2659K(2752K)->2659K(2752K)
[194.658s][info][gc             ] GC(447) Pause Young (Normal) (G1 Evacuation Pause) 914M->739M(978M) 7.434ms
[194.658s][info][gc,cpu         ] GC(447) User=0.02s Sys=0.00s Real=0.01s
[194.929s][info][gc,marking     ] GC(442) Concurrent Rebuild Remembered Sets and Scrub Regions 763.702ms
[194.929s][info][gc,start       ] GC(442) Pause Cleanup
[194.930s][info][gc             ] GC(442) Pause Cleanup 904M->904M(978M) 0.120ms
[194.930s][info][gc,cpu         ] GC(442) User=0.00s Sys=0.00s Real=0.00s
[194.930s][info][gc,marking     ] GC(442) Concurrent Clear Claimed Marks
[194.930s][info][gc,marking     ] GC(442) Concurrent Clear Claimed Marks 0.032ms
[194.930s][info][gc,marking     ] GC(442) Concurrent Cleanup for Next Mark
[194.935s][info][gc,marking     ] GC(442) Concurrent Cleanup for Next Mark 4.911ms
[194.935s][info][gc             ] GC(442) Concurrent Mark Cycle 2780.588ms
[194.952s][info][gc,start       ] GC(448) Pause Young (Prepare Mixed) (G1 Evacuation Pause)
[194.952s][info][gc,task        ] GC(448) Using 2 workers of 2 for evacuation
[194.960s][info][gc,phases      ] GC(448)   Pre Evacuate Collection Set: 0.26ms
[194.960s][info][gc,phases      ] GC(448)   Merge Heap Roots: 0.16ms
[194.960s][info][gc,phases      ] GC(448)   Evacuate Collection Set: 6.85ms
[194.960s][info][gc,phases      ] GC(448)   Post Evacuate Collection Set: 0.40ms
[194.960s][info][gc,phases      ] GC(448)   Other: 0.10ms
[194.960s][info][gc,heap        ] GC(448) Eden regions: 183->0(183)
[194.960s][info][gc,heap        ] GC(448) Survivor regions: 5->5(24)
[194.960s][info][gc,heap        ] GC(448) Old regions: 725->725
[194.960s][info][gc,heap        ] GC(448) Humongous regions: 10->10
[194.960s][info][gc,metaspace   ] GC(448) Metaspace: 18552K(18752K)->18552K(18752K) NonClass: 15893K(16000K)->15893K(16000K) Class: 2659K(2752K)->2659K(2752K)
[194.960s][info][gc             ] GC(448) Pause Young (Prepare Mixed) (G1 Evacuation Pause) 922M->739M(978M) 7.977ms
[194.960s][info][gc,cpu         ] GC(448) User=0.01s Sys=0.00s Real=0.01s
[195.160s][info][gc,start       ] GC(449) Pause Young (Mixed) (G1 Evacuation Pause)
[195.161s][info][gc,task        ] GC(449) Using 2 workers of 2 for evacuation
[195.169s][info][gc,phases      ] GC(449)   Pre Evacuate Collection Set: 0.48ms
[195.169s][info][gc,phases      ] GC(449)   Merge Heap Roots: 0.15ms
[195.169s][info][gc,phases      ] GC(449)   Evacuate Collection Set: 7.36ms
[195.169s][info][gc,phases      ] GC(449)   Post Evacuate Collection Set: 0.37ms
[195.169s][info][gc,phases      ] GC(449)   Other: 0.11ms
[195.169s][info][gc,heap        ] GC(449) Eden regions: 183->0(185)
[195.169s][info][gc,heap        ] GC(449) Survivor regions: 5->4(24)
[195.169s][info][gc,heap        ] GC(449) Old regions: 725->725
[195.169s][info][gc,heap        ] GC(449) Humongous regions: 10->10
[195.169s][info][gc,metaspace   ] GC(449) Metaspace: 18552K(18752K)->18552K(18752K) NonClass: 15893K(16000K)->15893K(16000K) Class: 2659K(2752K)->2659K(2752K)
[195.169s][info][gc             ] GC(449) Pause Young (Mixed) (G1 Evacuation Pause) 922M->738M(978M) 8.703ms
[195.169s][info][gc,cpu         ] GC(449) User=0.01s Sys=0.00s Real=0.01s
[195.364s][info][gc,start       ] GC(450) Pause Young (Concurrent Start) (G1 Evacuation Pause)
[195.364s][info][gc,task        ] GC(450) Using 2 workers of 2 for evacuation
[195.373s][info][gc,phases      ] GC(450)   Pre Evacuate Collection Set: 0.30ms
[195.373s][info][gc,phases      ] GC(450)   Merge Heap Roots: 0.15ms
[195.373s][info][gc,phases      ] GC(450)   Evacuate Collection Set: 7.78ms
[195.373s][info][gc,phases      ] GC(450)   Post Evacuate Collection Set: 0.40ms
[195.373s][info][gc,phases      ] GC(450)   Other: 0.14ms
[195.373s][info][gc,heap        ] GC(450) Eden regions: 185->0(183)
[195.373s][info][gc,heap        ] GC(450) Survivor regions: 4->5(24)
[195.373s][info][gc,heap        ] GC(450) Old regions: 725->725
[195.373s][info][gc,heap        ] GC(450) Humongous regions: 10->10
[195.373s][info][gc,metaspace   ] GC(450) Metaspace: 18552K(18752K)->18552K(18752K) NonClass: 15893K(16000K)->15893K(16000K) Class: 2659K(2752K)->2659K(2752K)
[195.373s][info][gc             ] GC(450) Pause Young (Concurrent Start) (G1 Evacuation Pause) 923M->738M(978M) 8.953ms
[195.373s][info][gc             ] GC(451) Concurrent Mark Cycle
[195.373s][info][gc,marking     ] GC(451) Concurrent Scan Root Regions
[195.373s][info][gc,cpu         ] GC(450) User=0.02s Sys=0.00s Real=0.01s
[195.385s][info][gc,marking     ] GC(451) Concurrent Scan Root Regions 11.578ms
[195.385s][info][gc,marking     ] GC(451) Concurrent Mark
[195.385s][info][gc,marking     ] GC(451) Concurrent Mark From Roots
[195.385s][info][gc,task        ] GC(451) Using 1 workers of 1 for marking
[195.719s][info][gc,start       ] GC(452) Pause Young (Normal) (G1 Evacuation Pause)
[195.719s][info][gc,task        ] GC(452) Using 2 workers of 2 for evacuation
[195.736s][info][gc,phases      ] GC(452)   Pre Evacuate Collection Set: 0.50ms
[195.736s][info][gc,phases      ] GC(452)   Merge Heap Roots: 0.24ms
[195.736s][info][gc,phases      ] GC(452)   Evacuate Collection Set: 15.12ms
[195.736s][info][gc,phases      ] GC(452)   Post Evacuate Collection Set: 0.43ms
[195.736s][info][gc,phases      ] GC(452)   Other: 0.10ms
[195.736s][info][gc,heap        ] GC(452) Eden regions: 183->0(177)
[195.736s][info][gc,heap        ] GC(452) Survivor regions: 5->8(24)
[195.736s][info][gc,heap        ] GC(452) Old regions: 725->725
[195.736s][info][gc,heap        ] GC(452) Humongous regions: 10->10
[195.736s][info][gc,metaspace   ] GC(452) Metaspace: 18555K(18752K)->18555K(18752K) NonClass: 15896K(16000K)->15896K(16000K) Class: 2659K(2752K)->2659K(2752K)
[195.736s][info][gc             ] GC(452) Pause Young (Normal) (G1 Evacuation Pause) 921M->741M(978M) 16.628ms
[195.736s][info][gc,cpu         ] GC(452) User=0.03s Sys=0.00s Real=0.01s
[196.272s][info][gc,marking     ] GC(451) Concurrent Mark From Roots 887.150ms
[196.272s][info][gc,marking     ] GC(451) Concurrent Preclean
[196.272s][info][gc,marking     ] GC(451) Concurrent Preclean 0.033ms
[196.272s][info][gc,start       ] GC(451) Pause Remark
[196.279s][info][gc             ] GC(451) Pause Remark 919M->685M(978M) 7.116ms
[196.279s][info][gc,cpu         ] GC(451) User=0.01s Sys=0.00s Real=0.01s
[196.279s][info][gc,marking     ] GC(451) Concurrent Mark 894.589ms
[196.279s][info][gc,marking     ] GC(451) Concurrent Rebuild Remembered Sets and Scrub Regions
[196.285s][info][gc,start       ] GC(453) Pause Young (Normal) (G1 Evacuation Pause)
[196.285s][info][gc,task        ] GC(453) Using 2 workers of 2 for evacuation
[196.328s][info][gc,phases      ] GC(453)   Pre Evacuate Collection Set: 0.22ms
[196.328s][info][gc,phases      ] GC(453)   Merge Heap Roots: 0.38ms
[196.328s][info][gc,phases      ] GC(453)   Evacuate Collection Set: 41.39ms
[196.328s][info][gc,phases      ] GC(453)   Post Evacuate Collection Set: 0.48ms
[196.328s][info][gc,phases      ] GC(453)   Other: 0.07ms
[196.328s][info][gc,heap        ] GC(453) Eden regions: 177->0(378)
[196.328s][info][gc,heap        ] GC(453) Survivor regions: 8->22(24)
[196.328s][info][gc,heap        ] GC(453) Old regions: 497->497
[196.328s][info][gc,heap        ] GC(453) Humongous regions: 7->7
[196.328s][info][gc,metaspace   ] GC(453) Metaspace: 18555K(18752K)->18555K(18752K) NonClass: 15896K(16000K)->15896K(16000K) Class: 2659K(2752K)->2659K(2752K)
[196.328s][info][gc             ] GC(453) Pause Young (Normal) (G1 Evacuation Pause) 687M->525M(978M) 42.717ms
[196.328s][info][gc,cpu         ] GC(453) User=0.08s Sys=0.00s Real=0.05s
[196.653s][info][gc,marking     ] GC(451) Concurrent Rebuild Remembered Sets and Scrub Regions 373.720ms
[196.653s][info][gc,start       ] GC(451) Pause Cleanup
[196.653s][info][gc             ] GC(451) Pause Cleanup 665M->665M(978M) 0.199ms
[196.653s][info][gc,cpu         ] GC(451) User=0.00s Sys=0.00s Real=0.00s
[196.654s][info][gc,marking     ] GC(451) Concurrent Clear Claimed Marks
[196.654s][info][gc,marking     ] GC(451) Concurrent Clear Claimed Marks 0.033ms
[196.654s][info][gc,marking     ] GC(451) Concurrent Cleanup for Next Mark
[196.657s][info][gc,marking     ] GC(451) Concurrent Cleanup for Next Mark 2.838ms
[196.657s][info][gc             ] GC(451) Concurrent Mark Cycle 1284.081ms
[196.991s][info][gc,start       ] GC(454) Pause Young (Prepare Mixed) (G1 Evacuation Pause)
[196.991s][info][gc,task        ] GC(454) Using 2 workers of 2 for evacuation
[197.031s][info][gc,phases      ] GC(454)   Pre Evacuate Collection Set: 0.31ms
[197.032s][info][gc,phases      ] GC(454)   Merge Heap Roots: 0.60ms
[197.032s][info][gc,phases      ] GC(454)   Evacuate Collection Set: 38.69ms
[197.032s][info][gc,phases      ] GC(454)   Post Evacuate Collection Set: 0.68ms
[197.032s][info][gc,phases      ] GC(454)   Other: 0.08ms
[197.032s][info][gc,heap        ] GC(454) Eden regions: 378->0(380)
[197.032s][info][gc,heap        ] GC(454) Survivor regions: 22->22(50)
[197.032s][info][gc,heap        ] GC(454) Old regions: 497->497
[197.032s][info][gc,heap        ] GC(454) Humongous regions: 7->7
[197.032s][info][gc,metaspace   ] GC(454) Metaspace: 18555K(18752K)->18555K(18752K) NonClass: 15896K(16000K)->15896K(16000K) Class: 2659K(2752K)->2659K(2752K)
[197.032s][info][gc             ] GC(454) Pause Young (Prepare Mixed) (G1 Evacuation Pause) 903M->525M(978M) 40.641ms
[197.032s][info][gc,cpu         ] GC(454) User=0.08s Sys=0.00s Real=0.04s
[197.471s][info][gc,start       ] GC(455) Pause Young (Mixed) (G1 Evacuation Pause)
[197.471s][info][gc,task        ] GC(455) Using 2 workers of 2 for evacuation
[197.564s][info][gc,phases      ] GC(455)   Pre Evacuate Collection Set: 0.33ms
[197.564s][info][gc,phases      ] GC(455)   Merge Heap Roots: 0.61ms
[197.564s][info][gc,phases      ] GC(455)   Evacuate Collection Set: 91.11ms
[197.564s][info][gc,phases      ] GC(455)   Post Evacuate Collection Set: 0.89ms
[197.564s][info][gc,phases      ] GC(455)   Other: 0.09ms
[197.564s][info][gc,heap        ] GC(455) Eden regions: 380->0(404)
[197.564s][info][gc,heap        ] GC(455) Survivor regions: 22->51(51)
[197.564s][info][gc,heap        ] GC(455) Old regions: 497->415
[197.564s][info][gc,heap        ] GC(455) Humongous regions: 7->7
[197.564s][info][gc,metaspace   ] GC(455) Metaspace: 18555K(18752K)->18555K(18752K) NonClass: 15896K(16000K)->15896K(16000K) Class: 2659K(2752K)->2659K(2752K)
[197.564s][info][gc             ] GC(455) Pause Young (Mixed) (G1 Evacuation Pause) 905M->472M(978M) 93.307ms
[197.565s][info][gc,cpu         ] GC(455) User=0.19s Sys=0.00s Real=0.09s
[197.911s][info][gc,start       ] GC(456) Pause Young (Mixed) (G1 Evacuation Pause)
[197.911s][info][gc,task        ] GC(456) Using 2 workers of 2 for evacuation
[198.035s][info][gc,phases      ] GC(456)   Pre Evacuate Collection Set: 0.50ms
[198.035s][info][gc,phases      ] GC(456)   Merge Heap Roots: 1.19ms
[198.035s][info][gc,phases      ] GC(456)   Evacuate Collection Set: 114.05ms
[198.035s][info][gc,phases      ] GC(456)   Merge Optional Heap Roots: 0.25ms
[198.035s][info][gc,phases      ] GC(456)   Evacuate Optional Collection Set: 7.28ms
[198.035s][info][gc,phases      ] GC(456)   Post Evacuate Collection Set: 1.05ms
[198.035s][info][gc,phases      ] GC(456)   Other: 0.12ms
[198.035s][info][gc,heap        ] GC(456) Eden regions: 404->0(453)
[198.035s][info][gc,heap        ] GC(456) Survivor regions: 51->8(57)
[198.035s][info][gc,heap        ] GC(456) Old regions: 415->434
[198.035s][info][gc,heap        ] GC(456) Humongous regions: 7->7
[198.035s][info][gc,metaspace   ] GC(456) Metaspace: 18555K(18752K)->18555K(18752K) NonClass: 15896K(16000K)->15896K(16000K) Class: 2659K(2752K)->2659K(2752K)
[198.035s][info][gc             ] GC(456) Pause Young (Mixed) (G1 Evacuation Pause) 876M->447M(978M) 124.679ms
[198.035s][info][gc,cpu         ] GC(456) User=0.24s Sys=0.00s Real=0.12s
[198.451s][info][gc,start       ] GC(457) Pause Young (Mixed) (G1 Evacuation Pause)
[198.451s][info][gc,task        ] GC(457) Using 2 workers of 2 for evacuation
[198.592s][info][gc,phases      ] GC(457)   Pre Evacuate Collection Set: 0.48ms
[198.592s][info][gc,phases      ] GC(457)   Merge Heap Roots: 1.13ms
[198.592s][info][gc,phases      ] GC(457)   Evacuate Collection Set: 138.27ms
[198.592s][info][gc,phases      ] GC(457)   Post Evacuate Collection Set: 0.68ms
[198.592s][info][gc,phases      ] GC(457)   Other: 0.08ms
[198.592s][info][gc,heap        ] GC(457) Eden regions: 453->0(360)
[198.592s][info][gc,heap        ] GC(457) Survivor regions: 8->58(58)
[198.592s][info][gc,heap        ] GC(457) Old regions: 434->445
[198.592s][info][gc,heap        ] GC(457) Humongous regions: 7->7
[198.592s][info][gc,metaspace   ] GC(457) Metaspace: 18555K(18752K)->18555K(18752K) NonClass: 15896K(16000K)->15896K(16000K) Class: 2659K(2752K)->2659K(2752K)
[198.592s][info][gc             ] GC(457) Pause Young (Mixed) (G1 Evacuation Pause) 900M->509M(978M) 140.872ms
[198.592s][info][gc,cpu         ] GC(457) User=0.28s Sys=0.00s Real=0.14s
[198.977s][info][gc,start       ] GC(458) Pause Young (Concurrent Start) (G1 Evacuation Pause)
[198.977s][info][gc,task        ] GC(458) Using 2 workers of 2 for evacuation
[199.044s][info][gc,phases      ] GC(458)   Pre Evacuate Collection Set: 0.36ms
[199.044s][info][gc,phases      ] GC(458)   Merge Heap Roots: 0.31ms
[199.044s][info][gc,phases      ] GC(458)   Evacuate Collection Set: 65.77ms
[199.044s][info][gc,phases      ] GC(458)   Post Evacuate Collection Set: 0.56ms
[199.044s][info][gc,phases      ] GC(458)   Other: 0.13ms
[199.044s][info][gc,heap        ] GC(458) Eden regions: 360->0(376)
[199.044s][info][gc,heap        ] GC(458) Survivor regions: 58->7(53)
[199.044s][info][gc,heap        ] GC(458) Old regions: 445->504
[199.044s][info][gc,heap        ] GC(458) Humongous regions: 7->7
[199.044s][info][gc,metaspace   ] GC(458) Metaspace: 18557K(18752K)->18557K(18752K) NonClass: 15898K(16000K)->15898K(16000K) Class: 2659K(2752K)->2659K(2752K)
[199.044s][info][gc             ] GC(458) Pause Young (Concurrent Start) (G1 Evacuation Pause) 869M->516M(978M) 67.431ms
[199.044s][info][gc,cpu         ] GC(458) User=0.13s Sys=0.00s Real=0.06s
[199.044s][info][gc             ] GC(459) Concurrent Mark Cycle
[199.045s][info][gc,marking     ] GC(459) Concurrent Scan Root Regions
[199.166s][info][gc,marking     ] GC(459) Concurrent Scan Root Regions 121.763ms
[199.166s][info][gc,marking     ] GC(459) Concurrent Mark
[199.166s][info][gc,marking     ] GC(459) Concurrent Mark From Roots
[199.166s][info][gc,task        ] GC(459) Using 1 workers of 1 for marking
[199.751s][info][gc,marking     ] GC(459) Concurrent Mark From Roots 584.653ms
[199.751s][info][gc,marking     ] GC(459) Concurrent Preclean
[199.751s][info][gc,marking     ] GC(459) Concurrent Preclean 0.037ms
[199.751s][info][gc,start       ] GC(459) Pause Remark
[199.758s][info][gc             ] GC(459) Pause Remark 788M->673M(978M) 6.989ms
[199.758s][info][gc,cpu         ] GC(459) User=0.02s Sys=0.00s Real=0.01s
[199.762s][info][gc,marking     ] GC(459) Concurrent Mark 595.904ms
[199.762s][info][gc,marking     ] GC(459) Concurrent Rebuild Remembered Sets and Scrub Regions
[200.064s][info][gc,marking     ] GC(459) Concurrent Rebuild Remembered Sets and Scrub Regions 301.626ms
[200.064s][info][gc,start       ] GC(459) Pause Cleanup
[200.064s][info][gc             ] GC(459) Pause Cleanup 729M->729M(978M) 0.129ms
[200.064s][info][gc,cpu         ] GC(459) User=0.00s Sys=0.00s Real=0.00s
[200.064s][info][gc,marking     ] GC(459) Concurrent Clear Claimed Marks
[200.064s][info][gc,marking     ] GC(459) Concurrent Clear Claimed Marks 0.033ms
[200.064s][info][gc,marking     ] GC(459) Concurrent Cleanup for Next Mark
[200.071s][info][gc,marking     ] GC(459) Concurrent Cleanup for Next Mark 6.772ms
[200.071s][info][gc             ] GC(459) Concurrent Mark Cycle 1026.716ms
[200.168s][info][gc,start       ] GC(460) Pause Young (Prepare Mixed) (G1 Evacuation Pause)
[200.169s][info][gc,task        ] GC(460) Using 2 workers of 2 for evacuation
[200.196s][info][gc,phases      ] GC(460)   Pre Evacuate Collection Set: 0.31ms
[200.196s][info][gc,phases      ] GC(460)   Merge Heap Roots: 0.31ms
[200.196s][info][gc,phases      ] GC(460)   Evacuate Collection Set: 26.02ms
[200.196s][info][gc,phases      ] GC(460)   Post Evacuate Collection Set: 0.56ms
[200.196s][info][gc,phases      ] GC(460)   Other: 0.10ms
[200.196s][info][gc,heap        ] GC(460) Eden regions: 376->0(470)
[200.196s][info][gc,heap        ] GC(460) Survivor regions: 7->22(48)
[200.196s][info][gc,heap        ] GC(460) Old regions: 392->392
[200.196s][info][gc,heap        ] GC(460) Humongous regions: 4->4
[200.196s][info][gc,metaspace   ] GC(460) Metaspace: 18557K(18752K)->18557K(18752K) NonClass: 15898K(16000K)->15898K(16000K) Class: 2659K(2752K)->2659K(2752K)
[200.196s][info][gc             ] GC(460) Pause Young (Prepare Mixed) (G1 Evacuation Pause) 777M->416M(978M) 27.547ms
[200.196s][info][gc,cpu         ] GC(460) User=0.05s Sys=0.00s Real=0.02s
[201.192s][info][gc,start       ] GC(461) Pause Young (Mixed) (G1 Evacuation Pause)
[201.192s][info][gc,task        ] GC(461) Using 2 workers of 2 for evacuation
[201.223s][info][gc,phases      ] GC(461)   Pre Evacuate Collection Set: 0.32ms
[201.223s][info][gc,phases      ] GC(461)   Merge Heap Roots: 0.27ms
[201.223s][info][gc,phases      ] GC(461)   Evacuate Collection Set: 29.16ms
[201.223s][info][gc,phases      ] GC(461)   Post Evacuate Collection Set: 0.72ms
[201.223s][info][gc,phases      ] GC(461)   Other: 0.08ms
[201.223s][info][gc,heap        ] GC(461) Eden regions: 470->0(513)
[201.223s][info][gc,heap        ] GC(461) Survivor regions: 22->27(62)
[201.223s][info][gc,heap        ] GC(461) Old regions: 392->355
[201.223s][info][gc,heap        ] GC(461) Humongous regions: 4->4
[201.223s][info][gc,metaspace   ] GC(461) Metaspace: 18557K(18752K)->18557K(18752K) NonClass: 15898K(16000K)->15898K(16000K) Class: 2659K(2752K)->2659K(2752K)
[201.223s][info][gc             ] GC(461) Pause Young (Mixed) (G1 Evacuation Pause) 886M->385M(978M) 30.815ms
[201.223s][info][gc,cpu         ] GC(461) User=0.06s Sys=0.00s Real=0.03s
[201.832s][info][gc,start       ] GC(462) Pause Young (Concurrent Start) (G1 Evacuation Pause)
[201.832s][info][gc,task        ] GC(462) Using 2 workers of 2 for evacuation
[202.046s][info][gc,mmu         ] GC(462) MMU target violated: 201.0ms (200.0ms/201.0ms)
[202.046s][info][gc,phases      ] GC(462)   Pre Evacuate Collection Set: 0.26ms
[202.046s][info][gc,phases      ] GC(462)   Merge Heap Roots: 0.26ms
[202.046s][info][gc,phases      ] GC(462)   Evacuate Collection Set: 177.99ms
[202.046s][info][gc,phases      ] GC(462)   Post Evacuate Collection Set: 35.09ms
[202.046s][info][gc,phases      ] GC(462)   Other: 0.26ms
[202.046s][info][gc,heap        ] GC(462) Eden regions: 513->0(48)
[202.046s][info][gc,heap        ] GC(462) Survivor regions: 27->68(68)
[202.046s][info][gc,heap        ] GC(462) Old regions: 355->740
[202.046s][info][gc,heap        ] GC(462) Humongous regions: 4->4
[202.046s][info][gc,metaspace   ] GC(462) Metaspace: 18565K(18752K)->18565K(18752K) NonClass: 15906K(16000K)->15906K(16000K) Class: 2659K(2752K)->2659K(2752K)
[202.046s][info][gc             ] GC(462) Pause Young (Concurrent Start) (G1 Evacuation Pause) (Evacuation Failure: Allocation) 898M->811M(978M) 214.032ms
[202.046s][info][gc             ] GC(463) Concurrent Mark Cycle
[202.046s][info][gc,marking     ] GC(463) Concurrent Scan Root Regions
[202.046s][info][gc,cpu         ] GC(462) User=0.42s Sys=0.00s Real=0.21s
[202.230s][info][gc,start       ] GC(464) Pause Young (Normal) (G1 Evacuation Pause)
[202.230s][info][gc,task        ] GC(464) Using 2 workers of 2 for evacuation
[202.281s][info][gc,marking     ] GC(463) Concurrent Scan Root Regions 234.316ms
[202.281s][info][gc,marking     ] GC(463) Concurrent Mark
[202.281s][info][gc,marking     ] GC(463) Concurrent Mark From Roots
[202.281s][info][gc,task        ] GC(463) Using 1 workers of 1 for marking
[202.422s][info][gc,phases      ] GC(464)   Pre Evacuate Collection Set: 0.31ms
[202.422s][info][gc,phases      ] GC(464)   Merge Heap Roots: 1.47ms
[202.422s][info][gc,phases      ] GC(464)   Evacuate Collection Set: 137.32ms
[202.422s][info][gc,phases      ] GC(464)   Post Evacuate Collection Set: 2.15ms
[202.422s][info][gc,phases      ] GC(464)   Other: 0.07ms
[202.422s][info][gc,heap        ] GC(464) Eden regions: 48->0(163)
[202.422s][info][gc,heap        ] GC(464) Survivor regions: 68->15(15)
[202.422s][info][gc,heap        ] GC(464) Old regions: 740->731
[202.422s][info][gc,heap        ] GC(464) Humongous regions: 4->4
[202.422s][info][gc,metaspace   ] GC(464) Metaspace: 18565K(18752K)->18565K(18752K) NonClass: 15906K(16000K)->15906K(16000K) Class: 2659K(2752K)->2659K(2752K)
[202.422s][info][gc             ] GC(464) Pause Young (Normal) (G1 Evacuation Pause) (Evacuation Failure: Allocation) 859M->749M(978M) 191.691ms
[202.422s][info][gc,cpu         ] GC(464) User=0.33s Sys=0.00s Real=0.19s
[202.707s][info][gc,start       ] GC(465) Pause Young (Normal) (G1 Evacuation Pause)
[202.707s][info][gc,task        ] GC(465) Using 2 workers of 2 for evacuation
[202.776s][info][gc,phases      ] GC(465)   Pre Evacuate Collection Set: 0.35ms
[202.776s][info][gc,phases      ] GC(465)   Merge Heap Roots: 0.57ms
[202.776s][info][gc,phases      ] GC(465)   Evacuate Collection Set: 66.80ms
[202.776s][info][gc,phases      ] GC(465)   Post Evacuate Collection Set: 0.69ms
[202.776s][info][gc,phases      ] GC(465)   Other: 0.10ms
[202.776s][info][gc,heap        ] GC(465) Eden regions: 163->0(244)
[202.776s][info][gc,heap        ] GC(465) Survivor regions: 15->14(23)
[202.776s][info][gc,heap        ] GC(465) Old regions: 731->636
[202.776s][info][gc,heap        ] GC(465) Humongous regions: 4->4
[202.776s][info][gc,metaspace   ] GC(465) Metaspace: 18566K(18752K)->18566K(18752K) NonClass: 15907K(16000K)->15907K(16000K) Class: 2659K(2752K)->2659K(2752K)
[202.776s][info][gc             ] GC(465) Pause Young (Normal) (G1 Evacuation Pause) 912M->653M(978M) 68.731ms
[202.776s][info][gc,cpu         ] GC(465) User=0.14s Sys=0.00s Real=0.06s
[203.401s][info][gc,start       ] GC(466) Pause Young (Normal) (G1 Evacuation Pause)
[203.401s][info][gc,task        ] GC(466) Using 2 workers of 2 for evacuation
[203.555s][info][gc,phases      ] GC(466)   Pre Evacuate Collection Set: 0.52ms
[203.555s][info][gc,phases      ] GC(466)   Merge Heap Roots: 0.91ms
[203.555s][info][gc,phases      ] GC(466)   Evacuate Collection Set: 139.84ms
[203.555s][info][gc,phases      ] GC(466)   Post Evacuate Collection Set: 12.28ms
[203.555s][info][gc,phases      ] GC(466)   Other: 0.09ms
[203.555s][info][gc,heap        ] GC(466) Eden regions: 244->0(120)
[203.555s][info][gc,heap        ] GC(466) Survivor regions: 14->32(33)
[203.555s][info][gc,heap        ] GC(466) Old regions: 636->731
[203.555s][info][gc,heap        ] GC(466) Humongous regions: 13->13
[203.555s][info][gc,metaspace   ] GC(466) Metaspace: 18566K(18752K)->18566K(18752K) NonClass: 15907K(16000K)->15907K(16000K) Class: 2659K(2752K)->2659K(2752K)
[203.555s][info][gc             ] GC(466) Pause Young (Normal) (G1 Evacuation Pause) (Evacuation Failure: Allocation) 906M->775M(978M) 153.910ms
[203.555s][info][gc,cpu         ] GC(466) User=0.30s Sys=0.00s Real=0.15s
[203.625s][info][gc,start       ] GC(467) Pause Young (Normal) (G1 Evacuation Pause)
[203.625s][info][gc,task        ] GC(467) Using 2 workers of 2 for evacuation
[203.743s][info][gc,phases      ] GC(467)   Pre Evacuate Collection Set: 0.52ms
[203.743s][info][gc,phases      ] GC(467)   Merge Heap Roots: 3.65ms
[203.743s][info][gc,phases      ] GC(467)   Evacuate Collection Set: 73.98ms
[203.743s][info][gc,phases      ] GC(467)   Merge Optional Heap Roots: 0.25ms
[203.743s][info][gc,phases      ] GC(467)   Evacuate Optional Collection Set: 37.17ms
[203.743s][info][gc,phases      ] GC(467)   Post Evacuate Collection Set: 1.32ms
[203.743s][info][gc,phases      ] GC(467)   Other: 0.17ms
[203.743s][info][gc,heap        ] GC(467) Eden regions: 16->0(267)
[203.743s][info][gc,heap        ] GC(467) Survivor regions: 32->1(6)
[203.743s][info][gc,heap        ] GC(467) Old regions: 731->613
[203.743s][info][gc,heap        ] GC(467) Humongous regions: 13->13
[203.743s][info][gc,metaspace   ] GC(467) Metaspace: 18566K(18752K)->18566K(18752K) NonClass: 15907K(16000K)->15907K(16000K) Class: 2659K(2752K)->2659K(2752K)
[203.743s][info][gc             ] GC(467) Pause Young (Normal) (G1 Evacuation Pause) 791M->626M(978M) 117.332ms
[203.743s][info][gc,cpu         ] GC(467) User=0.23s Sys=0.00s Real=0.12s
[203.775s][info][gc,marking     ] GC(463) Concurrent Mark From Roots 1494.704ms
[203.775s][info][gc,marking     ] GC(463) Concurrent Preclean
[203.775s][info][gc,marking     ] GC(463) Concurrent Preclean 0.043ms
[203.775s][info][gc,start       ] GC(463) Pause Remark
[203.782s][info][gc             ] GC(463) Pause Remark 638M->637M(978M) 6.879ms
[203.782s][info][gc,cpu         ] GC(463) User=0.01s Sys=0.00s Real=0.01s
[203.784s][info][gc,marking     ] GC(463) Concurrent Mark 1503.443ms
[203.784s][info][gc,marking     ] GC(463) Concurrent Rebuild Remembered Sets and Scrub Regions
[204.325s][info][gc,marking     ] GC(463) Concurrent Rebuild Remembered Sets and Scrub Regions 540.871ms
[204.325s][info][gc,start       ] GC(463) Pause Cleanup
[204.325s][info][gc             ] GC(463) Pause Cleanup 877M->877M(978M) 0.087ms
[204.325s][info][gc,cpu         ] GC(463) User=0.00s Sys=0.00s Real=0.00s
[204.325s][info][gc,marking     ] GC(463) Concurrent Clear Claimed Marks
[204.325s][info][gc,marking     ] GC(463) Concurrent Clear Claimed Marks 0.040ms
[204.325s][info][gc,marking     ] GC(463) Concurrent Cleanup for Next Mark
[204.328s][info][gc,marking     ] GC(463) Concurrent Cleanup for Next Mark 2.804ms
[204.328s][info][gc             ] GC(463) Concurrent Mark Cycle 2281.913ms
[204.354s][info][gc,start       ] GC(468) Pause Young (Prepare Mixed) (G1 Evacuation Pause)
[204.354s][info][gc,task        ] GC(468) Using 2 workers of 2 for evacuation
[204.368s][info][gc,phases      ] GC(468)   Pre Evacuate Collection Set: 0.25ms
[204.368s][info][gc,phases      ] GC(468)   Merge Heap Roots: 0.49ms
[204.368s][info][gc,phases      ] GC(468)   Evacuate Collection Set: 12.83ms
[204.368s][info][gc,phases      ] GC(468)   Post Evacuate Collection Set: 0.41ms
[204.368s][info][gc,phases      ] GC(468)   Other: 0.09ms
[204.368s][info][gc,heap        ] GC(468) Eden regions: 267->0(283)
[204.368s][info][gc,heap        ] GC(468) Survivor regions: 1->1(34)
[204.368s][info][gc,heap        ] GC(468) Old regions: 612->612
[204.368s][info][gc,heap        ] GC(468) Humongous regions: 13->13
[204.368s][info][gc,metaspace   ] GC(468) Metaspace: 18566K(18752K)->18566K(18752K) NonClass: 15907K(16000K)->15907K(16000K) Class: 2659K(2752K)->2659K(2752K)
[204.368s][info][gc             ] GC(468) Pause Young (Prepare Mixed) (G1 Evacuation Pause) 892M->625M(978M) 14.215ms
[204.368s][info][gc,cpu         ] GC(468) User=0.03s Sys=0.00s Real=0.02s
[204.786s][info][gc,start       ] GC(469) Pause Young (Mixed) (G1 Evacuation Pause)
[204.786s][info][gc,task        ] GC(469) Using 2 workers of 2 for evacuation
[204.788s][info][gc,phases      ] GC(469)   Pre Evacuate Collection Set: 0.29ms
[204.788s][info][gc,phases      ] GC(469)   Merge Heap Roots: 0.11ms
[204.788s][info][gc,phases      ] GC(469)   Evacuate Collection Set: 0.78ms
[204.788s][info][gc,phases      ] GC(469)   Post Evacuate Collection Set: 0.44ms
[204.788s][info][gc,phases      ] GC(469)   Other: 0.11ms
[204.788s][info][gc,heap        ] GC(469) Eden regions: 283->0(302)
[204.788s][info][gc,heap        ] GC(469) Survivor regions: 1->1(36)
[204.788s][info][gc,heap        ] GC(469) Old regions: 612->602
[204.788s][info][gc,heap        ] GC(469) Humongous regions: 13->13
[204.788s][info][gc,metaspace   ] GC(469) Metaspace: 18566K(18752K)->18566K(18752K) NonClass: 15907K(16000K)->15907K(16000K) Class: 2659K(2752K)->2659K(2752K)
[204.788s][info][gc             ] GC(469) Pause Young (Mixed) (G1 Evacuation Pause) 908M->615M(978M) 1.925ms
[204.788s][info][gc,cpu         ] GC(469) User=0.00s Sys=0.00s Real=0.01s
[205.232s][info][gc,start       ] GC(470) Pause Young (Concurrent Start) (G1 Evacuation Pause)
[205.232s][info][gc,task        ] GC(470) Using 2 workers of 2 for evacuation
[205.234s][info][gc,phases      ] GC(470)   Pre Evacuate Collection Set: 0.29ms
[205.234s][info][gc,phases      ] GC(470)   Merge Heap Roots: 0.09ms
[205.234s][info][gc,phases      ] GC(470)   Evacuate Collection Set: 0.48ms
[205.234s][info][gc,phases      ] GC(470)   Post Evacuate Collection Set: 0.45ms
[205.234s][info][gc,phases      ] GC(470)   Other: 0.10ms
[205.234s][info][gc,heap        ] GC(470) Eden regions: 302->0(311)
[205.234s][info][gc,heap        ] GC(470) Survivor regions: 1->1(38)
[205.234s][info][gc,heap        ] GC(470) Old regions: 602->602
[205.234s][info][gc,heap        ] GC(470) Humongous regions: 13->13
[205.234s][info][gc,metaspace   ] GC(470) Metaspace: 18566K(18752K)->18566K(18752K) NonClass: 15907K(16000K)->15907K(16000K) Class: 2659K(2752K)->2659K(2752K)
[205.234s][info][gc             ] GC(470) Pause Young (Concurrent Start) (G1 Evacuation Pause) 917M->615M(978M) 1.609ms
[205.234s][info][gc,cpu         ] GC(470) User=0.00s Sys=0.00s Real=0.00s
[205.234s][info][gc             ] GC(471) Concurrent Mark Cycle
[205.234s][info][gc,marking     ] GC(471) Concurrent Scan Root Regions
[205.237s][info][gc,marking     ] GC(471) Concurrent Scan Root Regions 2.570ms
[205.237s][info][gc,marking     ] GC(471) Concurrent Mark
[205.237s][info][gc,marking     ] GC(471) Concurrent Mark From Roots
[205.237s][info][gc,task        ] GC(471) Using 1 workers of 1 for marking
[205.850s][info][gc,start       ] GC(472) Pause Young (Normal) (G1 Evacuation Pause)
[205.850s][info][gc,task        ] GC(472) Using 2 workers of 2 for evacuation
[205.885s][info][gc,phases      ] GC(472)   Pre Evacuate Collection Set: 0.28ms
[205.885s][info][gc,phases      ] GC(472)   Merge Heap Roots: 0.20ms
[205.885s][info][gc,phases      ] GC(472)   Evacuate Collection Set: 33.78ms
[205.885s][info][gc,phases      ] GC(472)   Post Evacuate Collection Set: 0.50ms
[205.885s][info][gc,phases      ] GC(472)   Other: 0.10ms
[205.885s][info][gc,heap        ] GC(472) Eden regions: 311->0(251)
[205.885s][info][gc,heap        ] GC(472) Survivor regions: 1->31(39)
[205.885s][info][gc,heap        ] GC(472) Old regions: 602->602
[205.885s][info][gc,heap        ] GC(472) Humongous regions: 13->13
[205.885s][info][gc,metaspace   ] GC(472) Metaspace: 18566K(18752K)->18566K(18752K) NonClass: 15907K(16000K)->15907K(16000K) Class: 2659K(2752K)->2659K(2752K)
[205.885s][info][gc             ] GC(472) Pause Young (Normal) (G1 Evacuation Pause) 926M->645M(978M) 35.079ms
[205.885s][info][gc,cpu         ] GC(472) User=0.07s Sys=0.00s Real=0.03s
[206.293s][info][gc,start       ] GC(473) Pause Young (Normal) (G1 Evacuation Pause)
[206.294s][info][gc,task        ] GC(473) Using 2 workers of 2 for evacuation
[206.330s][info][gc,phases      ] GC(473)   Pre Evacuate Collection Set: 0.47ms
[206.330s][info][gc,phases      ] GC(473)   Merge Heap Roots: 0.16ms
[206.330s][info][gc,phases      ] GC(473)   Evacuate Collection Set: 35.16ms
[206.330s][info][gc,phases      ] GC(473)   Post Evacuate Collection Set: 0.46ms
[206.330s][info][gc,phases      ] GC(473)   Other: 0.09ms
[206.330s][info][gc,heap        ] GC(473) Eden regions: 251->0(269)
[206.330s][info][gc,heap        ] GC(473) Survivor regions: 31->7(36)
[206.330s][info][gc,heap        ] GC(473) Old regions: 602->632
[206.330s][info][gc,heap        ] GC(473) Humongous regions: 13->13
[206.330s][info][gc,metaspace   ] GC(473) Metaspace: 18569K(18752K)->18569K(18752K) NonClass: 15910K(16000K)->15910K(16000K) Class: 2659K(2752K)->2659K(2752K)
[206.330s][info][gc             ] GC(473) Pause Young (Normal) (G1 Evacuation Pause) 896M->651M(978M) 36.548ms
[206.330s][info][gc,cpu         ] GC(473) User=0.08s Sys=0.00s Real=0.04s
[206.747s][info][gc,marking     ] GC(471) Concurrent Mark From Roots 1510.400ms
[206.747s][info][gc,marking     ] GC(471) Concurrent Preclean
[206.747s][info][gc,marking     ] GC(471) Concurrent Preclean 0.040ms
[206.747s][info][gc,start       ] GC(471) Pause Remark
[206.754s][info][gc             ] GC(471) Pause Remark 783M->710M(978M) 7.004ms
[206.754s][info][gc,cpu         ] GC(471) User=0.01s Sys=0.00s Real=0.00s
[206.758s][info][gc,marking     ] GC(471) Concurrent Mark 1521.723ms
[206.758s][info][gc,marking     ] GC(471) Concurrent Rebuild Remembered Sets and Scrub Regions
[207.135s][info][gc,marking     ] GC(471) Concurrent Rebuild Remembered Sets and Scrub Regions 377.096ms
[207.136s][info][gc,start       ] GC(471) Pause Cleanup
[207.136s][info][gc             ] GC(471) Pause Cleanup 836M->836M(978M) 0.130ms
[207.136s][info][gc,cpu         ] GC(471) User=0.00s Sys=0.00s Real=0.00s
[207.136s][info][gc,marking     ] GC(471) Concurrent Clear Claimed Marks
[207.136s][info][gc,marking     ] GC(471) Concurrent Clear Claimed Marks 0.029ms
[207.136s][info][gc,marking     ] GC(471) Concurrent Cleanup for Next Mark
[207.139s][info][gc,marking     ] GC(471) Concurrent Cleanup for Next Mark 2.817ms
[207.139s][info][gc             ] GC(471) Concurrent Mark Cycle 1904.802ms
[207.162s][info][gc,start       ] GC(474) Pause Young (Prepare Mixed) (G1 Evacuation Pause)
[207.163s][info][gc,task        ] GC(474) Using 2 workers of 2 for evacuation
[207.176s][info][gc,phases      ] GC(474)   Pre Evacuate Collection Set: 0.43ms
[207.176s][info][gc,phases      ] GC(474)   Merge Heap Roots: 0.21ms
[207.176s][info][gc,phases      ] GC(474)   Evacuate Collection Set: 11.82ms
[207.176s][info][gc,phases      ] GC(474)   Post Evacuate Collection Set: 0.49ms
[207.176s][info][gc,phases      ] GC(474)   Other: 0.08ms
[207.176s][info][gc,heap        ] GC(474) Eden regions: 269->0(334)
[207.176s][info][gc,heap        ] GC(474) Survivor regions: 7->11(35)
[207.176s][info][gc,heap        ] GC(474) Old regions: 565->565
[207.176s][info][gc,heap        ] GC(474) Humongous regions: 7->7
[207.176s][info][gc,metaspace   ] GC(474) Metaspace: 18569K(18752K)->18569K(18752K) NonClass: 15910K(16000K)->15910K(16000K) Class: 2659K(2752K)->2659K(2752K)
[207.176s][info][gc             ] GC(474) Pause Young (Prepare Mixed) (G1 Evacuation Pause) 847M->582M(978M) 13.216ms
[207.176s][info][gc,cpu         ] GC(474) User=0.02s Sys=0.00s Real=0.01s
[207.735s][info][gc,start       ] GC(475) Pause Young (Mixed) (G1 Evacuation Pause)
[207.736s][info][gc,task        ] GC(475) Using 2 workers of 2 for evacuation
[207.771s][info][gc,phases      ] GC(475)   Pre Evacuate Collection Set: 0.31ms
[207.771s][info][gc,phases      ] GC(475)   Merge Heap Roots: 0.44ms
[207.771s][info][gc,phases      ] GC(475)   Evacuate Collection Set: 34.11ms
[207.771s][info][gc,phases      ] GC(475)   Post Evacuate Collection Set: 0.61ms
[207.771s][info][gc,phases      ] GC(475)   Other: 0.09ms
[207.771s][info][gc,heap        ] GC(475) Eden regions: 334->0(383)
[207.771s][info][gc,heap        ] GC(475) Survivor regions: 11->23(44)
[207.771s][info][gc,heap        ] GC(475) Old regions: 565->492
[207.771s][info][gc,heap        ] GC(475) Humongous regions: 7->7
[207.771s][info][gc,metaspace   ] GC(475) Metaspace: 18569K(18752K)->18569K(18752K) NonClass: 15910K(16000K)->15910K(16000K) Class: 2659K(2752K)->2659K(2752K)
[207.771s][info][gc             ] GC(475) Pause Young (Mixed) (G1 Evacuation Pause) 916M->521M(978M) 35.844ms
[207.771s][info][gc,cpu         ] GC(475) User=0.07s Sys=0.00s Real=0.04s
[208.251s][info][gc,start       ] GC(476) Pause Young (Concurrent Start) (G1 Evacuation Pause)
[208.251s][info][gc,task        ] GC(476) Using 2 workers of 2 for evacuation
[208.328s][info][gc,phases      ] GC(476)   Pre Evacuate Collection Set: 0.29ms
[208.328s][info][gc,phases      ] GC(476)   Merge Heap Roots: 0.20ms
[208.328s][info][gc,phases      ] GC(476)   Evacuate Collection Set: 73.85ms
[208.328s][info][gc,phases      ] GC(476)   Post Evacuate Collection Set: 2.99ms
[208.328s][info][gc,phases      ] GC(476)   Other: 0.10ms
[208.328s][info][gc,heap        ] GC(476) Eden regions: 383->0(236)
[208.328s][info][gc,heap        ] GC(476) Survivor regions: 23->51(51)
[208.328s][info][gc,heap        ] GC(476) Old regions: 492->583
[208.328s][info][gc,heap        ] GC(476) Humongous regions: 7->7
[208.328s][info][gc,metaspace   ] GC(476) Metaspace: 18580K(18752K)->18580K(18752K) NonClass: 15921K(16000K)->15921K(16000K) Class: 2659K(2752K)->2659K(2752K)
[208.328s][info][gc             ] GC(476) Pause Young (Concurrent Start) (G1 Evacuation Pause) (Evacuation Failure: Allocation) 904M->640M(978M) 77.709ms
[208.329s][info][gc             ] GC(477) Concurrent Mark Cycle
[208.329s][info][gc,marking     ] GC(477) Concurrent Scan Root Regions
[208.329s][info][gc,cpu         ] GC(476) User=0.15s Sys=0.01s Real=0.08s
[208.418s][info][gc,marking     ] GC(477) Concurrent Scan Root Regions 89.556ms
[208.418s][info][gc,marking     ] GC(477) Concurrent Mark
[208.418s][info][gc,marking     ] GC(477) Concurrent Mark From Roots
[208.418s][info][gc,task        ] GC(477) Using 1 workers of 1 for marking
[209.094s][info][gc,start       ] GC(478) Pause Young (Normal) (G1 Evacuation Pause)
[209.094s][info][gc,task        ] GC(478) Using 2 workers of 2 for evacuation
[209.171s][info][gc,phases      ] GC(478)   Pre Evacuate Collection Set: 0.31ms
[209.171s][info][gc,phases      ] GC(478)   Merge Heap Roots: 0.42ms
[209.171s][info][gc,phases      ] GC(478)   Evacuate Collection Set: 75.01ms
[209.171s][info][gc,phases      ] GC(478)   Post Evacuate Collection Set: 0.54ms
[209.171s][info][gc,phases      ] GC(478)   Other: 0.12ms
[209.171s][info][gc,heap        ] GC(478) Eden regions: 236->0(307)
[209.171s][info][gc,heap        ] GC(478) Survivor regions: 51->10(36)
[209.171s][info][gc,heap        ] GC(478) Old regions: 583->570
[209.171s][info][gc,heap        ] GC(478) Humongous regions: 10->10
[209.171s][info][gc,metaspace   ] GC(478) Metaspace: 18580K(18752K)->18580K(18752K) NonClass: 15921K(16000K)->15921K(16000K) Class: 2659K(2752K)->2659K(2752K)
[209.171s][info][gc             ] GC(478) Pause Young (Normal) (G1 Evacuation Pause) 879M->589M(978M) 76.644ms
[209.171s][info][gc,cpu         ] GC(478) User=0.16s Sys=0.00s Real=0.08s
[209.858s][info][gc,marking     ] GC(477) Concurrent Mark From Roots 1440.267ms
[209.859s][info][gc,marking     ] GC(477) Concurrent Preclean
[209.859s][info][gc,marking     ] GC(477) Concurrent Preclean 0.036ms
[209.859s][info][gc,start       ] GC(477) Pause Remark
[209.866s][info][gc             ] GC(477) Pause Remark 799M->799M(978M) 6.875ms
[209.866s][info][gc,cpu         ] GC(477) User=0.02s Sys=0.00s Real=0.00s
[209.866s][info][gc,marking     ] GC(477) Concurrent Mark 1447.504ms
[209.866s][info][gc,marking     ] GC(477) Concurrent Rebuild Remembered Sets and Scrub Regions
[210.083s][info][gc,start       ] GC(479) Pause Young (Normal) (G1 Evacuation Pause)
[210.083s][info][gc,task        ] GC(479) Using 2 workers of 2 for evacuation
[210.096s][info][gc,phases      ] GC(479)   Pre Evacuate Collection Set: 0.27ms
[210.096s][info][gc,phases      ] GC(479)   Merge Heap Roots: 0.11ms
[210.096s][info][gc,phases      ] GC(479)   Evacuate Collection Set: 12.32ms
[210.096s][info][gc,phases      ] GC(479)   Post Evacuate Collection Set: 0.48ms
[210.097s][info][gc,phases      ] GC(479)   Other: 0.08ms
[210.097s][info][gc,heap        ] GC(479) Eden regions: 307->0(323)
[210.097s][info][gc,heap        ] GC(479) Survivor regions: 10->10(40)
[210.097s][info][gc,heap        ] GC(479) Old regions: 570->570
[210.097s][info][gc,heap        ] GC(479) Humongous regions: 10->10
[210.097s][info][gc,metaspace   ] GC(479) Metaspace: 18580K(18752K)->18580K(18752K) NonClass: 15921K(16000K)->15921K(16000K) Class: 2659K(2752K)->2659K(2752K)
[210.097s][info][gc             ] GC(479) Pause Young (Normal) (G1 Evacuation Pause) 896M->589M(978M) 13.524ms
[210.097s][info][gc,cpu         ] GC(479) User=0.02s Sys=0.00s Real=0.02s
[210.425s][info][gc,marking     ] GC(477) Concurrent Rebuild Remembered Sets and Scrub Regions 559.561ms
[210.425s][info][gc,start       ] GC(477) Pause Cleanup
[210.426s][info][gc             ] GC(477) Pause Cleanup 754M->754M(978M) 0.107ms
[210.426s][info][gc,cpu         ] GC(477) User=0.00s Sys=0.00s Real=0.00s
[210.426s][info][gc,marking     ] GC(477) Concurrent Clear Claimed Marks
[210.426s][info][gc,marking     ] GC(477) Concurrent Clear Claimed Marks 0.060ms
[210.426s][info][gc,marking     ] GC(477) Concurrent Cleanup for Next Mark
[210.434s][info][gc,marking     ] GC(477) Concurrent Cleanup for Next Mark 7.940ms
[210.434s][info][gc             ] GC(477) Concurrent Mark Cycle 2105.795ms
[210.673s][info][gc,start       ] GC(480) Pause Young (Prepare Mixed) (G1 Evacuation Pause)
[210.674s][info][gc,task        ] GC(480) Using 2 workers of 2 for evacuation
[210.688s][info][gc,phases      ] GC(480)   Pre Evacuate Collection Set: 0.27ms
[210.688s][info][gc,phases      ] GC(480)   Merge Heap Roots: 0.10ms
[210.688s][info][gc,phases      ] GC(480)   Evacuate Collection Set: 13.62ms
[210.688s][info][gc,phases      ] GC(480)   Post Evacuate Collection Set: 0.49ms
[210.688s][info][gc,phases      ] GC(480)   Other: 0.08ms
[210.688s][info][gc,heap        ] GC(480) Eden regions: 323->0(328)
[210.688s][info][gc,heap        ] GC(480) Survivor regions: 10->10(42)
[210.688s][info][gc,heap        ] GC(480) Old regions: 570->570
[210.688s][info][gc,heap        ] GC(480) Humongous regions: 10->10
[210.688s][info][gc,metaspace   ] GC(480) Metaspace: 18580K(18752K)->18580K(18752K) NonClass: 15921K(16000K)->15921K(16000K) Class: 2659K(2752K)->2659K(2752K)
[210.688s][info][gc             ] GC(480) Pause Young (Prepare Mixed) (G1 Evacuation Pause) 912M->589M(978M) 14.838ms
[210.688s][info][gc,cpu         ] GC(480) User=0.03s Sys=0.00s Real=0.02s
[211.027s][info][gc,start       ] GC(481) Pause Young (Mixed) (G1 Evacuation Pause)
[211.027s][info][gc,task        ] GC(481) Using 2 workers of 2 for evacuation
[211.077s][info][gc,phases      ] GC(481)   Pre Evacuate Collection Set: 0.50ms
[211.077s][info][gc,phases      ] GC(481)   Merge Heap Roots: 0.26ms
[211.077s][info][gc,phases      ] GC(481)   Evacuate Collection Set: 48.67ms
[211.077s][info][gc,phases      ] GC(481)   Post Evacuate Collection Set: 0.50ms
[211.077s][info][gc,phases      ] GC(481)   Other: 0.08ms
[211.077s][info][gc,heap        ] GC(481) Eden regions: 328->0(285)
[211.077s][info][gc,heap        ] GC(481) Survivor regions: 10->36(43)
[211.077s][info][gc,heap        ] GC(481) Old regions: 570->561
[211.077s][info][gc,heap        ] GC(481) Humongous regions: 10->10
[211.077s][info][gc,metaspace   ] GC(481) Metaspace: 18583K(18752K)->18583K(18752K) NonClass: 15924K(16000K)->15924K(16000K) Class: 2659K(2752K)->2659K(2752K)
[211.077s][info][gc             ] GC(481) Pause Young (Mixed) (G1 Evacuation Pause) 917M->606M(978M) 50.247ms
[211.077s][info][gc,cpu         ] GC(481) User=0.10s Sys=0.00s Real=0.05s
[211.352s][info][gc,start       ] GC(482) Pause Young (Concurrent Start) (G1 Evacuation Pause)
[211.352s][info][gc,task        ] GC(482) Using 2 workers of 2 for evacuation
[211.403s][info][gc,phases      ] GC(482)   Pre Evacuate Collection Set: 0.32ms
[211.403s][info][gc,phases      ] GC(482)   Merge Heap Roots: 0.09ms
[211.403s][info][gc,phases      ] GC(482)   Evacuate Collection Set: 50.05ms
[211.403s][info][gc,phases      ] GC(482)   Post Evacuate Collection Set: 0.48ms
[211.403s][info][gc,phases      ] GC(482)   Other: 0.18ms
[211.403s][info][gc,heap        ] GC(482) Eden regions: 285->0(301)
[211.403s][info][gc,heap        ] GC(482) Survivor regions: 36->10(41)
[211.403s][info][gc,heap        ] GC(482) Old regions: 561->597
[211.403s][info][gc,heap        ] GC(482) Humongous regions: 10->10
[211.403s][info][gc,metaspace   ] GC(482) Metaspace: 18588K(18752K)->18588K(18752K) NonClass: 15929K(16000K)->15929K(16000K) Class: 2659K(2752K)->2659K(2752K)
[211.403s][info][gc             ] GC(482) Pause Young (Concurrent Start) (G1 Evacuation Pause) 891M->616M(978M) 51.319ms
[211.403s][info][gc             ] GC(483) Concurrent Mark Cycle
[211.403s][info][gc,marking     ] GC(483) Concurrent Scan Root Regions
[211.403s][info][gc,cpu         ] GC(482) User=0.11s Sys=0.00s Real=0.05s
[211.495s][info][gc,marking     ] GC(483) Concurrent Scan Root Regions 91.442ms
[211.495s][info][gc,marking     ] GC(483) Concurrent Mark
[211.495s][info][gc,marking     ] GC(483) Concurrent Mark From Roots
[211.495s][info][gc,task        ] GC(483) Using 1 workers of 1 for marking
[212.136s][info][gc,start       ] GC(484) Pause Young (Normal) (G1 Evacuation Pause)
[212.136s][info][gc,task        ] GC(484) Using 2 workers of 2 for evacuation
[212.197s][info][gc,phases      ] GC(484)   Pre Evacuate Collection Set: 0.29ms
[212.198s][info][gc,phases      ] GC(484)   Merge Heap Roots: 0.41ms
[212.198s][info][gc,phases      ] GC(484)   Evacuate Collection Set: 60.19ms
[212.198s][info][gc,phases      ] GC(484)   Post Evacuate Collection Set: 0.51ms
[212.198s][info][gc,phases      ] GC(484)   Other: 0.09ms
[212.198s][info][gc,heap        ] GC(484) Eden regions: 301->0(231)
[212.198s][info][gc,heap        ] GC(484) Survivor regions: 10->39(39)
[212.198s][info][gc,heap        ] GC(484) Old regions: 597->609
[212.198s][info][gc,heap        ] GC(484) Humongous regions: 10->10
[212.198s][info][gc,metaspace   ] GC(484) Metaspace: 18599K(18816K)->18599K(18816K) NonClass: 15939K(16064K)->15939K(16064K) Class: 2659K(2752K)->2659K(2752K)
[212.198s][info][gc             ] GC(484) Pause Young (Normal) (G1 Evacuation Pause) 917M->657M(978M) 61.742ms
[212.198s][info][gc,cpu         ] GC(484) User=0.12s Sys=0.00s Real=0.07s
[212.632s][info][gc,start       ] GC(485) Pause Young (Normal) (G1 Evacuation Pause)
[212.633s][info][gc,task        ] GC(485) Using 2 workers of 2 for evacuation
[212.710s][info][gc,phases      ] GC(485)   Pre Evacuate Collection Set: 0.30ms
[212.710s][info][gc,phases      ] GC(485)   Merge Heap Roots: 0.28ms
[212.710s][info][gc,phases      ] GC(485)   Evacuate Collection Set: 76.16ms
[212.710s][info][gc,phases      ] GC(485)   Post Evacuate Collection Set: 0.51ms
[212.710s][info][gc,phases      ] GC(485)   Other: 0.10ms
[212.710s][info][gc,heap        ] GC(485) Eden regions: 231->0(202)
[212.710s][info][gc,heap        ] GC(485) Survivor regions: 39->34(34)
[212.710s][info][gc,heap        ] GC(485) Old regions: 609->648
[212.710s][info][gc,heap        ] GC(485) Humongous regions: 10->10
[212.710s][info][gc,metaspace   ] GC(485) Metaspace: 18626K(18816K)->18626K(18816K) NonClass: 15967K(16064K)->15967K(16064K) Class: 2659K(2752K)->2659K(2752K)
[212.710s][info][gc             ] GC(485) Pause Young (Normal) (G1 Evacuation Pause) 888M->691M(978M) 77.605ms
[212.710s][info][gc,cpu         ] GC(485) User=0.15s Sys=0.00s Real=0.08s
[212.761s][info][gc,marking     ] GC(483) Concurrent Mark From Roots 1266.361ms
[212.761s][info][gc,marking     ] GC(483) Concurrent Preclean
[212.761s][info][gc,marking     ] GC(483) Concurrent Preclean 0.031ms
[212.761s][info][gc,start       ] GC(483) Pause Remark
[212.768s][info][gc             ] GC(483) Pause Remark 747M->673M(978M) 7.142ms
[212.768s][info][gc,cpu         ] GC(483) User=0.01s Sys=0.00s Real=0.01s
[212.768s][info][gc,marking     ] GC(483) Concurrent Mark 1273.818ms
[212.769s][info][gc,marking     ] GC(483) Concurrent Rebuild Remembered Sets and Scrub Regions
[212.985s][info][gc,start       ] GC(486) Pause Young (Normal) (G1 Evacuation Pause)
[212.985s][info][gc,task        ] GC(486) Using 2 workers of 2 for evacuation
[213.031s][info][gc,phases      ] GC(486)   Pre Evacuate Collection Set: 0.25ms
[213.031s][info][gc,phases      ] GC(486)   Merge Heap Roots: 0.31ms
[213.031s][info][gc,phases      ] GC(486)   Evacuate Collection Set: 45.01ms
[213.031s][info][gc,phases      ] GC(486)   Post Evacuate Collection Set: 0.44ms
[213.031s][info][gc,phases      ] GC(486)   Other: 0.11ms
[213.031s][info][gc,heap        ] GC(486) Eden regions: 202->0(278)
[213.031s][info][gc,heap        ] GC(486) Survivor regions: 34->6(30)
[213.031s][info][gc,heap        ] GC(486) Old regions: 577->611
[213.031s][info][gc,heap        ] GC(486) Humongous regions: 7->7
[213.031s][info][gc,metaspace   ] GC(486) Metaspace: 18626K(18816K)->18626K(18816K) NonClass: 15967K(16064K)->15967K(16064K) Class: 2659K(2752K)->2659K(2752K)
[213.031s][info][gc             ] GC(486) Pause Young (Normal) (G1 Evacuation Pause) 819M->623M(978M) 46.371ms
[213.031s][info][gc,cpu         ] GC(486) User=0.09s Sys=0.00s Real=0.05s
[213.317s][info][gc,marking     ] GC(483) Concurrent Rebuild Remembered Sets and Scrub Regions 548.413ms
[213.317s][info][gc,start       ] GC(483) Pause Cleanup
[213.317s][info][gc             ] GC(483) Pause Cleanup 841M->841M(978M) 0.156ms
[213.317s][info][gc,cpu         ] GC(483) User=0.00s Sys=0.00s Real=0.00s
[213.317s][info][gc,marking     ] GC(483) Concurrent Clear Claimed Marks
[213.317s][info][gc,marking     ] GC(483) Concurrent Clear Claimed Marks 0.034ms
[213.317s][info][gc,marking     ] GC(483) Concurrent Cleanup for Next Mark
[213.322s][info][gc,marking     ] GC(483) Concurrent Cleanup for Next Mark 4.823ms
[213.322s][info][gc             ] GC(483) Concurrent Mark Cycle 1919.115ms
[213.389s][info][gc,start       ] GC(487) Pause Young (Prepare Mixed) (G1 Evacuation Pause)
[213.389s][info][gc,task        ] GC(487) Using 2 workers of 2 for evacuation
[213.427s][info][gc,phases      ] GC(487)   Pre Evacuate Collection Set: 0.47ms
[213.427s][info][gc,phases      ] GC(487)   Merge Heap Roots: 0.38ms
[213.427s][info][gc,phases      ] GC(487)   Evacuate Collection Set: 36.26ms
[213.427s][info][gc,phases      ] GC(487)   Post Evacuate Collection Set: 0.54ms
[213.427s][info][gc,phases      ] GC(487)   Other: 0.09ms
[213.427s][info][gc,heap        ] GC(487) Eden regions: 278->0(260)
[213.427s][info][gc,heap        ] GC(487) Survivor regions: 6->25(36)
[213.427s][info][gc,heap        ] GC(487) Old regions: 611->611
[213.427s][info][gc,heap        ] GC(487) Humongous regions: 7->7
[213.427s][info][gc,metaspace   ] GC(487) Metaspace: 18629K(18816K)->18629K(18816K) NonClass: 15969K(16064K)->15969K(16064K) Class: 2659K(2752K)->2659K(2752K)
[213.427s][info][gc             ] GC(487) Pause Young (Prepare Mixed) (G1 Evacuation Pause) 901M->642M(978M) 37.919ms
[213.427s][info][gc,cpu         ] GC(487) User=0.07s Sys=0.00s Real=0.04s
[213.618s][info][gc,start       ] GC(488) Pause Young (Mixed) (G1 Evacuation Pause)
[213.618s][info][gc,task        ] GC(488) Using 2 workers of 2 for evacuation
[213.755s][info][gc,phases      ] GC(488)   Pre Evacuate Collection Set: 0.33ms
[213.755s][info][gc,phases      ] GC(488)   Merge Heap Roots: 1.08ms
[213.755s][info][gc,phases      ] GC(488)   Evacuate Collection Set: 125.89ms
[213.755s][info][gc,phases      ] GC(488)   Post Evacuate Collection Set: 9.39ms
[213.755s][info][gc,phases      ] GC(488)   Other: 0.11ms
[213.755s][info][gc,heap        ] GC(488) Eden regions: 260->0(128)
[213.755s][info][gc,heap        ] GC(488) Survivor regions: 25->36(36)
[213.755s][info][gc,heap        ] GC(488) Old regions: 611->721
[213.755s][info][gc,heap        ] GC(488) Humongous regions: 7->7
[213.755s][info][gc,metaspace   ] GC(488) Metaspace: 18629K(18816K)->18629K(18816K) NonClass: 15969K(16064K)->15969K(16064K) Class: 2659K(2752K)->2659K(2752K)
[213.755s][info][gc             ] GC(488) Pause Young (Mixed) (G1 Evacuation Pause) (Evacuation Failure: Allocation) 902M->763M(978M) 137.073ms
[213.755s][info][gc,cpu         ] GC(488) User=0.27s Sys=0.00s Real=0.13s
[213.894s][info][gc,start       ] GC(489) Pause Young (Concurrent Start) (G1 Evacuation Pause)
[213.894s][info][gc,task        ] GC(489) Using 2 workers of 2 for evacuation
[213.954s][info][gc,phases      ] GC(489)   Pre Evacuate Collection Set: 0.40ms
[213.954s][info][gc,phases      ] GC(489)   Merge Heap Roots: 0.47ms
[213.954s][info][gc,phases      ] GC(489)   Evacuate Collection Set: 58.77ms
[213.954s][info][gc,phases      ] GC(489)   Post Evacuate Collection Set: 0.52ms
[213.954s][info][gc,phases      ] GC(489)   Other: 0.21ms
[213.954s][info][gc,heap        ] GC(489) Eden regions: 128->0(240)
[213.954s][info][gc,heap        ] GC(489) Survivor regions: 36->3(21)
[213.954s][info][gc,heap        ] GC(489) Old regions: 721->655
[213.954s][info][gc,heap        ] GC(489) Humongous regions: 7->7
[213.954s][info][gc,metaspace   ] GC(489) Metaspace: 18629K(18816K)->18629K(18816K) NonClass: 15969K(16064K)->15969K(16064K) Class: 2659K(2752K)->2659K(2752K)
[213.954s][info][gc             ] GC(489) Pause Young (Concurrent Start) (G1 Evacuation Pause) 891M->663M(978M) 60.629ms
[213.954s][info][gc,cpu         ] GC(489) User=0.12s Sys=0.00s Real=0.06s
[213.954s][info][gc             ] GC(490) Concurrent Mark Cycle
[213.954s][info][gc,marking     ] GC(490) Concurrent Scan Root Regions
[214.039s][info][gc,marking     ] GC(490) Concurrent Scan Root Regions 84.528ms
[214.039s][info][gc,marking     ] GC(490) Concurrent Mark
[214.039s][info][gc,marking     ] GC(490) Concurrent Mark From Roots
[214.039s][info][gc,task        ] GC(490) Using 1 workers of 1 for marking
[214.480s][info][gc,start       ] GC(491) Pause Young (Normal) (G1 Evacuation Pause)
[214.480s][info][gc,task        ] GC(491) Using 2 workers of 2 for evacuation
[214.500s][info][gc,phases      ] GC(491)   Pre Evacuate Collection Set: 0.27ms
[214.500s][info][gc,phases      ] GC(491)   Merge Heap Roots: 0.15ms
[214.500s][info][gc,phases      ] GC(491)   Evacuate Collection Set: 18.88ms
[214.500s][info][gc,phases      ] GC(491)   Post Evacuate Collection Set: 0.42ms
[214.500s][info][gc,phases      ] GC(491)   Other: 0.12ms
[214.500s][info][gc,heap        ] GC(491) Eden regions: 240->0(232)
[214.500s][info][gc,heap        ] GC(491) Survivor regions: 3->17(31)
[214.500s][info][gc,heap        ] GC(491) Old regions: 655->655
[214.500s][info][gc,heap        ] GC(491) Humongous regions: 7->7
[214.500s][info][gc,metaspace   ] GC(491) Metaspace: 18629K(18816K)->18629K(18816K) NonClass: 15969K(16064K)->15969K(16064K) Class: 2659K(2752K)->2659K(2752K)
[214.500s][info][gc             ] GC(491) Pause Young (Normal) (G1 Evacuation Pause) 903M->678M(978M) 20.085ms
[214.500s][info][gc,cpu         ] GC(491) User=0.04s Sys=0.00s Real=0.02s
[214.913s][info][gc,start       ] GC(492) Pause Young (Normal) (G1 Evacuation Pause)
[214.913s][info][gc,task        ] GC(492) Using 2 workers of 2 for evacuation
[214.942s][info][gc,phases      ] GC(492)   Pre Evacuate Collection Set: 0.51ms
[214.943s][info][gc,phases      ] GC(492)   Merge Heap Roots: 0.22ms
[214.943s][info][gc,phases      ] GC(492)   Evacuate Collection Set: 28.20ms
[214.943s][info][gc,phases      ] GC(492)   Post Evacuate Collection Set: 0.44ms
[214.943s][info][gc,phases      ] GC(492)   Other: 0.10ms
[214.943s][info][gc,heap        ] GC(492) Eden regions: 232->0(216)
[214.943s][info][gc,heap        ] GC(492) Survivor regions: 17->24(32)
[214.943s][info][gc,heap        ] GC(492) Old regions: 655->657
[214.943s][info][gc,heap        ] GC(492) Humongous regions: 7->7
[214.943s][info][gc,metaspace   ] GC(492) Metaspace: 18629K(18816K)->18629K(18816K) NonClass: 15969K(16064K)->15969K(16064K) Class: 2659K(2752K)->2659K(2752K)
[214.943s][info][gc             ] GC(492) Pause Young (Normal) (G1 Evacuation Pause) 910M->687M(978M) 29.737ms
[214.943s][info][gc,cpu         ] GC(492) User=0.06s Sys=0.00s Real=0.03s
[215.306s][info][gc,start       ] GC(493) Pause Young (Normal) (G1 Evacuation Pause)
[215.306s][info][gc,task        ] GC(493) Using 2 workers of 2 for evacuation
[215.336s][info][gc,phases      ] GC(493)   Pre Evacuate Collection Set: 0.28ms
[215.336s][info][gc,phases      ] GC(493)   Merge Heap Roots: 0.22ms
[215.336s][info][gc,phases      ] GC(493)   Evacuate Collection Set: 29.26ms
[215.336s][info][gc,phases      ] GC(493)   Post Evacuate Collection Set: 0.43ms
[215.336s][info][gc,phases      ] GC(493)   Other: 0.11ms
[215.336s][info][gc,heap        ] GC(493) Eden regions: 216->0(225)
[215.336s][info][gc,heap        ] GC(493) Survivor regions: 24->12(30)
[215.336s][info][gc,heap        ] GC(493) Old regions: 657->672
[215.336s][info][gc,heap        ] GC(493) Humongous regions: 7->7
[215.336s][info][gc,metaspace   ] GC(493) Metaspace: 18629K(18816K)->18629K(18816K) NonClass: 15969K(16064K)->15969K(16064K) Class: 2659K(2752K)->2659K(2752K)
[215.336s][info][gc             ] GC(493) Pause Young (Normal) (G1 Evacuation Pause) 903M->690M(978M) 30.559ms
[215.336s][info][gc,cpu         ] GC(493) User=0.06s Sys=0.00s Real=0.03s
[215.932s][info][gc,marking     ] GC(490) Concurrent Mark From Roots 1893.304ms
[215.932s][info][gc,marking     ] GC(490) Concurrent Preclean
[215.932s][info][gc,marking     ] GC(490) Concurrent Preclean 0.038ms
[215.933s][info][gc,start       ] GC(490) Pause Remark
[215.940s][info][gc             ] GC(490) Pause Remark 855M->855M(978M) 7.125ms
[215.940s][info][gc,cpu         ] GC(490) User=0.01s Sys=0.00s Real=0.01s
[215.940s][info][gc,marking     ] GC(490) Concurrent Mark 1900.790ms
[215.940s][info][gc,marking     ] GC(490) Concurrent Rebuild Remembered Sets and Scrub Regions
[216.033s][info][gc,start       ] GC(494) Pause Young (Normal) (G1 Evacuation Pause)
[216.033s][info][gc,task        ] GC(494) Using 2 workers of 2 for evacuation
[216.090s][info][gc,phases      ] GC(494)   Pre Evacuate Collection Set: 0.27ms
[216.090s][info][gc,phases      ] GC(494)   Merge Heap Roots: 0.38ms
[216.090s][info][gc,phases      ] GC(494)   Evacuate Collection Set: 55.21ms
[216.090s][info][gc,phases      ] GC(494)   Post Evacuate Collection Set: 0.55ms
[216.090s][info][gc,phases      ] GC(494)   Other: 0.10ms
[216.090s][info][gc,heap        ] GC(494) Eden regions: 225->0(179)
[216.090s][info][gc,heap        ] GC(494) Survivor regions: 12->30(30)
[216.090s][info][gc,heap        ] GC(494) Old regions: 672->679
[216.090s][info][gc,heap        ] GC(494) Humongous regions: 10->10
[216.090s][info][gc,metaspace   ] GC(494) Metaspace: 18629K(18816K)->18629K(18816K) NonClass: 15970K(16064K)->15970K(16064K) Class: 2659K(2752K)->2659K(2752K)
[216.090s][info][gc             ] GC(494) Pause Young (Normal) (G1 Evacuation Pause) 918M->718M(978M) 56.763ms
[216.090s][info][gc,cpu         ] GC(494) User=0.11s Sys=0.00s Real=0.06s
[216.337s][info][gc,start       ] GC(495) Pause Young (Normal) (G1 Evacuation Pause)
[216.337s][info][gc,task        ] GC(495) Using 2 workers of 2 for evacuation
[216.407s][info][gc,phases      ] GC(495)   Pre Evacuate Collection Set: 0.50ms
[216.407s][info][gc,phases      ] GC(495)   Merge Heap Roots: 0.44ms
[216.407s][info][gc,phases      ] GC(495)   Evacuate Collection Set: 68.69ms
[216.407s][info][gc,phases      ] GC(495)   Post Evacuate Collection Set: 0.43ms
[216.407s][info][gc,phases      ] GC(495)   Other: 0.08ms
[216.407s][info][gc,heap        ] GC(495) Eden regions: 179->0(162)
[216.407s][info][gc,heap        ] GC(495) Survivor regions: 30->23(27)
[216.407s][info][gc,heap        ] GC(495) Old regions: 679->710
[216.407s][info][gc,heap        ] GC(495) Humongous regions: 10->10
[216.407s][info][gc,metaspace   ] GC(495) Metaspace: 18633K(18816K)->18633K(18816K) NonClass: 15974K(16064K)->15974K(16064K) Class: 2659K(2752K)->2659K(2752K)
[216.407s][info][gc             ] GC(495) Pause Young (Normal) (G1 Evacuation Pause) 897M->742M(978M) 70.355ms
[216.407s][info][gc,cpu         ] GC(495) User=0.14s Sys=0.00s Real=0.07s
[216.730s][info][gc,marking     ] GC(490) Concurrent Rebuild Remembered Sets and Scrub Regions 789.704ms
[216.730s][info][gc,start       ] GC(490) Pause Cleanup
[216.730s][info][gc             ] GC(490) Pause Cleanup 890M->890M(978M) 0.088ms
[216.730s][info][gc,cpu         ] GC(490) User=0.00s Sys=0.00s Real=0.00s
[216.730s][info][gc,marking     ] GC(490) Concurrent Clear Claimed Marks
[216.730s][info][gc,marking     ] GC(490) Concurrent Clear Claimed Marks 0.026ms
[216.730s][info][gc,marking     ] GC(490) Concurrent Cleanup for Next Mark
[216.733s][info][gc,marking     ] GC(490) Concurrent Cleanup for Next Mark 2.800ms
[216.733s][info][gc             ] GC(490) Concurrent Mark Cycle 2778.350ms
[216.760s][info][gc,start       ] GC(496) Pause Young (Prepare Mixed) (G1 Evacuation Pause)
[216.760s][info][gc,task        ] GC(496) Using 2 workers of 2 for evacuation
[216.792s][info][gc,phases      ] GC(496)   Pre Evacuate Collection Set: 0.26ms
[216.792s][info][gc,phases      ] GC(496)   Merge Heap Roots: 0.22ms
[216.792s][info][gc,phases      ] GC(496)   Evacuate Collection Set: 31.07ms
[216.792s][info][gc,phases      ] GC(496)   Post Evacuate Collection Set: 0.42ms
[216.792s][info][gc,phases      ] GC(496)   Other: 0.09ms
[216.792s][info][gc,heap        ] GC(496) Eden regions: 162->0(173)
[216.792s][info][gc,heap        ] GC(496) Survivor regions: 23->6(24)
[216.792s][info][gc,heap        ] GC(496) Old regions: 710->733
[216.792s][info][gc,heap        ] GC(496) Humongous regions: 10->10
[216.792s][info][gc,metaspace   ] GC(496) Metaspace: 18633K(18816K)->18633K(18816K) NonClass: 15974K(16064K)->15974K(16064K) Class: 2659K(2752K)->2659K(2752K)
[216.792s][info][gc             ] GC(496) Pause Young (Prepare Mixed) (G1 Evacuation Pause) 904M->747M(978M) 32.249ms
[216.792s][info][gc,cpu         ] GC(496) User=0.06s Sys=0.00s Real=0.03s
[216.965s][info][gc,start       ] GC(497) Pause Young (Mixed) (G1 Evacuation Pause)
[216.965s][info][gc,task        ] GC(497) Using 2 workers of 2 for evacuation
[217.002s][info][gc,phases      ] GC(497)   Pre Evacuate Collection Set: 0.30ms
[217.002s][info][gc,phases      ] GC(497)   Merge Heap Roots: 0.39ms
[217.002s][info][gc,phases      ] GC(497)   Evacuate Collection Set: 35.01ms
[217.002s][info][gc,phases      ] GC(497)   Post Evacuate Collection Set: 0.39ms
[217.002s][info][gc,phases      ] GC(497)   Other: 0.10ms
[217.002s][info][gc,heap        ] GC(497) Eden regions: 173->0(181)
[217.002s][info][gc,heap        ] GC(497) Survivor regions: 6->6(23)
[217.002s][info][gc,heap        ] GC(497) Old regions: 733->725
[217.002s][info][gc,heap        ] GC(497) Humongous regions: 10->10
[217.002s][info][gc,metaspace   ] GC(497) Metaspace: 18638K(18816K)->18638K(18816K) NonClass: 15979K(16064K)->15979K(16064K) Class: 2659K(2752K)->2659K(2752K)
[217.002s][info][gc             ] GC(497) Pause Young (Mixed) (G1 Evacuation Pause) 920M->740M(978M) 36.505ms
[217.002s][info][gc,cpu         ] GC(497) User=0.08s Sys=0.00s Real=0.04s
[217.183s][info][gc,start       ] GC(498) Pause Young (Concurrent Start) (G1 Evacuation Pause)
[217.184s][info][gc,task        ] GC(498) Using 2 workers of 2 for evacuation
[217.198s][info][gc,phases      ] GC(498)   Pre Evacuate Collection Set: 0.30ms
[217.198s][info][gc,phases      ] GC(498)   Merge Heap Roots: 0.14ms
[217.198s][info][gc,phases      ] GC(498)   Evacuate Collection Set: 13.34ms
[217.198s][info][gc,phases      ] GC(498)   Post Evacuate Collection Set: 0.39ms
[217.198s][info][gc,phases      ] GC(498)   Other: 0.12ms
[217.198s][info][gc,heap        ] GC(498) Eden regions: 181->0(171)
[217.198s][info][gc,heap        ] GC(498) Survivor regions: 6->11(24)
[217.198s][info][gc,heap        ] GC(498) Old regions: 725->725
[217.198s][info][gc,heap        ] GC(498) Humongous regions: 10->10
[217.198s][info][gc,metaspace   ] GC(498) Metaspace: 18638K(18816K)->18638K(18816K) NonClass: 15979K(16064K)->15979K(16064K) Class: 2659K(2752K)->2659K(2752K)
[217.198s][info][gc             ] GC(498) Pause Young (Concurrent Start) (G1 Evacuation Pause) 921M->745M(978M) 14.536ms
[217.198s][info][gc,cpu         ] GC(498) User=0.02s Sys=0.00s Real=0.02s
[217.198s][info][gc             ] GC(499) Concurrent Mark Cycle
[217.198s][info][gc,marking     ] GC(499) Concurrent Scan Root Regions
[217.220s][info][gc,marking     ] GC(499) Concurrent Scan Root Regions 22.190ms
[217.220s][info][gc,marking     ] GC(499) Concurrent Mark
[217.220s][info][gc,marking     ] GC(499) Concurrent Mark From Roots
[217.220s][info][gc,task        ] GC(499) Using 1 workers of 1 for marking
[217.571s][info][gc,start       ] GC(500) Pause Young (Normal) (G1 Evacuation Pause)
[217.571s][info][gc,task        ] GC(500) Using 2 workers of 2 for evacuation
[217.590s][info][gc,phases      ] GC(500)   Pre Evacuate Collection Set: 0.28ms
[217.590s][info][gc,phases      ] GC(500)   Merge Heap Roots: 0.24ms
[217.590s][info][gc,phases      ] GC(500)   Evacuate Collection Set: 17.88ms
[217.590s][info][gc,phases      ] GC(500)   Post Evacuate Collection Set: 0.37ms
[217.590s][info][gc,phases      ] GC(500)   Other: 0.09ms
[217.590s][info][gc,heap        ] GC(500) Eden regions: 171->0(167)
[217.590s][info][gc,heap        ] GC(500) Survivor regions: 11->13(23)
[217.590s][info][gc,heap        ] GC(500) Old regions: 725->725
[217.590s][info][gc,heap        ] GC(500) Humongous regions: 10->10
[217.590s][info][gc,metaspace   ] GC(500) Metaspace: 18641K(18816K)->18641K(18816K) NonClass: 15982K(16064K)->15982K(16064K) Class: 2659K(2752K)->2659K(2752K)
[217.590s][info][gc             ] GC(500) Pause Young (Normal) (G1 Evacuation Pause) 916M->747M(978M) 19.117ms
[217.590s][info][gc,cpu         ] GC(500) User=0.03s Sys=0.00s Real=0.02s
[218.241s][info][gc,start       ] GC(501) Pause Young (Normal) (G1 Evacuation Pause)
[218.242s][info][gc,task        ] GC(501) Using 2 workers of 2 for evacuation
[218.258s][info][gc,phases      ] GC(501)   Pre Evacuate Collection Set: 0.28ms
[218.258s][info][gc,phases      ] GC(501)   Merge Heap Roots: 0.19ms
[218.258s][info][gc,phases      ] GC(501)   Evacuate Collection Set: 15.58ms
[218.258s][info][gc,phases      ] GC(501)   Post Evacuate Collection Set: 0.38ms
[218.258s][info][gc,phases      ] GC(501)   Other: 0.07ms
[218.258s][info][gc,heap        ] GC(501) Eden regions: 167->0(169)
[218.258s][info][gc,heap        ] GC(501) Survivor regions: 13->9(23)
[218.258s][info][gc,heap        ] GC(501) Old regions: 725->731
[218.258s][info][gc,heap        ] GC(501) Humongous regions: 10->10
[218.258s][info][gc,metaspace   ] GC(501) Metaspace: 18644K(18816K)->18644K(18816K) NonClass: 15985K(16064K)->15985K(16064K) Class: 2659K(2752K)->2659K(2752K)
[218.258s][info][gc             ] GC(501) Pause Young (Normal) (G1 Evacuation Pause) 914M->748M(978M) 16.742ms
[218.258s][info][gc,cpu         ] GC(501) User=0.03s Sys=0.00s Real=0.02s
[219.287s][info][gc,start       ] GC(502) Pause Young (Normal) (G1 Evacuation Pause)
[219.287s][info][gc,task        ] GC(502) Using 2 workers of 2 for evacuation
[219.319s][info][gc,phases      ] GC(502)   Pre Evacuate Collection Set: 0.29ms
[219.319s][info][gc,phases      ] GC(502)   Merge Heap Roots: 0.21ms
[219.319s][info][gc,phases      ] GC(502)   Evacuate Collection Set: 31.25ms
[219.319s][info][gc,phases      ] GC(502)   Post Evacuate Collection Set: 0.40ms
[219.319s][info][gc,phases      ] GC(502)   Other: 0.06ms
[219.319s][info][gc,heap        ] GC(502) Eden regions: 169->0(135)
[219.319s][info][gc,heap        ] GC(502) Survivor regions: 9->23(23)
[219.319s][info][gc,heap        ] GC(502) Old regions: 731->737
[219.319s][info][gc,heap        ] GC(502) Humongous regions: 10->10
[219.319s][info][gc,metaspace   ] GC(502) Metaspace: 18645K(18816K)->18645K(18816K) NonClass: 15986K(16064K)->15986K(16064K) Class: 2659K(2752K)->2659K(2752K)
[219.319s][info][gc             ] GC(502) Pause Young (Normal) (G1 Evacuation Pause) 917M->769M(978M) 32.412ms
[219.319s][info][gc,cpu         ] GC(502) User=0.06s Sys=0.00s Real=0.03s
[219.470s][info][gc,marking     ] GC(499) Concurrent Mark From Roots 2249.688ms
[219.470s][info][gc,marking     ] GC(499) Concurrent Preclean
[219.470s][info][gc,marking     ] GC(499) Concurrent Preclean 0.032ms
[219.470s][info][gc,start       ] GC(499) Pause Remark
[219.477s][info][gc             ] GC(499) Pause Remark 792M->791M(978M) 7.159ms
[219.477s][info][gc,cpu         ] GC(499) User=0.02s Sys=0.00s Real=0.01s
[219.478s][info][gc,marking     ] GC(499) Concurrent Mark 2258.135ms
[219.478s][info][gc,marking     ] GC(499) Concurrent Rebuild Remembered Sets and Scrub Regions
[219.814s][info][gc,start       ] GC(503) Pause Young (Normal) (G1 Evacuation Pause)
[219.814s][info][gc,task        ] GC(503) Using 2 workers of 2 for evacuation
[219.839s][info][gc,phases      ] GC(503)   Pre Evacuate Collection Set: 0.21ms
[219.839s][info][gc,phases      ] GC(503)   Merge Heap Roots: 0.19ms
[219.839s][info][gc,phases      ] GC(503)   Evacuate Collection Set: 24.22ms
[219.839s][info][gc,phases      ] GC(503)   Post Evacuate Collection Set: 0.34ms
[219.839s][info][gc,phases      ] GC(503)   Other: 0.08ms
[219.839s][info][gc,heap        ] GC(503) Eden regions: 135->0(157)
[219.839s][info][gc,heap        ] GC(503) Survivor regions: 23->1(20)
[219.839s][info][gc,heap        ] GC(503) Old regions: 737->760
[219.839s][info][gc,heap        ] GC(503) Humongous regions: 9->9
[219.839s][info][gc,metaspace   ] GC(503) Metaspace: 18645K(18816K)->18645K(18816K) NonClass: 15986K(16064K)->15986K(16064K) Class: 2659K(2752K)->2659K(2752K)
[219.839s][info][gc             ] GC(503) Pause Young (Normal) (G1 Evacuation Pause) 903M->769M(978M) 25.247ms
[219.839s][info][gc,cpu         ] GC(503) User=0.05s Sys=0.00s Real=0.03s
[220.251s][info][gc,start       ] GC(504) Pause Young (Normal) (G1 Evacuation Pause)
[220.251s][info][gc,task        ] GC(504) Using 2 workers of 2 for evacuation
[220.257s][info][gc,phases      ] GC(504)   Pre Evacuate Collection Set: 0.27ms
[220.257s][info][gc,phases      ] GC(504)   Merge Heap Roots: 0.16ms
[220.257s][info][gc,phases      ] GC(504)   Evacuate Collection Set: 4.72ms
[220.257s][info][gc,phases      ] GC(504)   Post Evacuate Collection Set: 0.37ms
[220.257s][info][gc,phases      ] GC(504)   Other: 0.10ms
[220.257s][info][gc,heap        ] GC(504) Eden regions: 157->0(157)
[220.257s][info][gc,heap        ] GC(504) Survivor regions: 1->1(20)
[220.257s][info][gc,heap        ] GC(504) Old regions: 760->760
[220.257s][info][gc,heap        ] GC(504) Humongous regions: 9->9
[220.257s][info][gc,metaspace   ] GC(504) Metaspace: 18645K(18816K)->18645K(18816K) NonClass: 15986K(16064K)->15986K(16064K) Class: 2659K(2752K)->2659K(2752K)
[220.257s][info][gc             ] GC(504) Pause Young (Normal) (G1 Evacuation Pause) 926M->769M(978M) 5.836ms
[220.257s][info][gc,cpu         ] GC(504) User=0.01s Sys=0.00s Real=0.01s
[220.396s][info][gc,marking     ] GC(499) Concurrent Rebuild Remembered Sets and Scrub Regions 917.206ms
[220.396s][info][gc,start       ] GC(499) Pause Cleanup
[220.396s][info][gc             ] GC(499) Pause Cleanup 805M->805M(978M) 0.093ms
[220.396s][info][gc,cpu         ] GC(499) User=0.00s Sys=0.00s Real=0.00s
[220.396s][info][gc,marking     ] GC(499) Concurrent Clear Claimed Marks
[220.396s][info][gc,marking     ] GC(499) Concurrent Clear Claimed Marks 0.026ms
[220.396s][info][gc,marking     ] GC(499) Concurrent Cleanup for Next Mark
[220.399s][info][gc,marking     ] GC(499) Concurrent Cleanup for Next Mark 2.804ms
[220.399s][info][gc             ] GC(499) Concurrent Mark Cycle 3200.828ms
[221.053s][info][gc,start       ] GC(505) Pause Young (Prepare Mixed) (G1 Evacuation Pause)
[221.053s][info][gc,task        ] GC(505) Using 2 workers of 2 for evacuation
[221.061s][info][gc,phases      ] GC(505)   Pre Evacuate Collection Set: 0.30ms
[221.061s][info][gc,phases      ] GC(505)   Merge Heap Roots: 0.21ms
[221.061s][info][gc,phases      ] GC(505)   Evacuate Collection Set: 6.68ms
[221.061s][info][gc,phases      ] GC(505)   Post Evacuate Collection Set: 0.38ms
[221.061s][info][gc,phases      ] GC(505)   Other: 0.07ms
[221.061s][info][gc,heap        ] GC(505) Eden regions: 157->0(157)
[221.061s][info][gc,heap        ] GC(505) Survivor regions: 1->1(20)
[221.061s][info][gc,heap        ] GC(505) Old regions: 760->760
[221.061s][info][gc,heap        ] GC(505) Humongous regions: 9->9
[221.061s][info][gc,metaspace   ] GC(505) Metaspace: 18655K(18816K)->18655K(18816K) NonClass: 15996K(16064K)->15996K(16064K) Class: 2659K(2752K)->2659K(2752K)
[221.061s][info][gc             ] GC(505) Pause Young (Prepare Mixed) (G1 Evacuation Pause) 926M->769M(978M) 7.841ms
[221.061s][info][gc,cpu         ] GC(505) User=0.01s Sys=0.00s Real=0.01s
[221.745s][info][gc,start       ] GC(506) Pause Young (Mixed) (G1 Evacuation Pause)
[221.745s][info][gc,task        ] GC(506) Using 2 workers of 2 for evacuation
[221.841s][info][gc,phases      ] GC(506)   Pre Evacuate Collection Set: 0.31ms
[221.841s][info][gc,phases      ] GC(506)   Merge Heap Roots: 1.29ms
[221.841s][info][gc,phases      ] GC(506)   Evacuate Collection Set: 93.74ms
[221.841s][info][gc,phases      ] GC(506)   Post Evacuate Collection Set: 0.43ms
[221.841s][info][gc,phases      ] GC(506)   Other: 0.08ms
[221.841s][info][gc,heap        ] GC(506) Eden regions: 157->0(160)
[221.841s][info][gc,heap        ] GC(506) Survivor regions: 1->3(20)
[221.841s][info][gc,heap        ] GC(506) Old regions: 760->753
[221.841s][info][gc,heap        ] GC(506) Humongous regions: 9->9
[221.841s][info][gc,metaspace   ] GC(506) Metaspace: 18680K(18880K)->18680K(18880K) NonClass: 16021K(16128K)->16021K(16128K) Class: 2659K(2752K)->2659K(2752K)
[221.841s][info][gc             ] GC(506) Pause Young (Mixed) (G1 Evacuation Pause) 926M->763M(978M) 96.050ms
[221.841s][info][gc,cpu         ] GC(506) User=0.19s Sys=0.00s Real=0.10s
[222.227s][info][gc,start       ] GC(507) Pause Young (Concurrent Start) (G1 Evacuation Pause)
[222.227s][info][gc,task        ] GC(507) Using 2 workers of 2 for evacuation
[222.231s][info][gc,phases      ] GC(507)   Pre Evacuate Collection Set: 0.33ms
[222.231s][info][gc,phases      ] GC(507)   Merge Heap Roots: 0.09ms
[222.231s][info][gc,phases      ] GC(507)   Evacuate Collection Set: 3.31ms
[222.231s][info][gc,phases      ] GC(507)   Post Evacuate Collection Set: 0.37ms
[222.231s][info][gc,phases      ] GC(507)   Other: 0.20ms
[222.231s][info][gc,heap        ] GC(507) Eden regions: 160->0(160)
[222.231s][info][gc,heap        ] GC(507) Survivor regions: 3->3(21)
[222.231s][info][gc,heap        ] GC(507) Old regions: 753->753
[222.231s][info][gc,heap        ] GC(507) Humongous regions: 9->9
[222.231s][info][gc,metaspace   ] GC(507) Metaspace: 18680K(18880K)->18680K(18880K) NonClass: 16021K(16128K)->16021K(16128K) Class: 2659K(2752K)->2659K(2752K)
[222.231s][info][gc             ] GC(507) Pause Young (Concurrent Start) (G1 Evacuation Pause) 923M->763M(978M) 4.502ms
[222.231s][info][gc             ] GC(508) Concurrent Mark Cycle
[222.231s][info][gc,marking     ] GC(508) Concurrent Scan Root Regions
[222.233s][info][gc,cpu         ] GC(507) User=0.01s Sys=0.00s Real=0.00s
[222.235s][info][gc,marking     ] GC(508) Concurrent Scan Root Regions 4.249ms
[222.235s][info][gc,marking     ] GC(508) Concurrent Mark
[222.235s][info][gc,marking     ] GC(508) Concurrent Mark From Roots
[222.235s][info][gc,task        ] GC(508) Using 1 workers of 1 for marking
[222.605s][info][gc,start       ] GC(509) Pause Young (Normal) (G1 Evacuation Pause)
[222.605s][info][gc,task        ] GC(509) Using 2 workers of 2 for evacuation
[222.625s][info][gc,phases      ] GC(509)   Pre Evacuate Collection Set: 0.44ms
[222.626s][info][gc,phases      ] GC(509)   Merge Heap Roots: 0.10ms
[222.626s][info][gc,phases      ] GC(509)   Evacuate Collection Set: 19.20ms
[222.626s][info][gc,phases      ] GC(509)   Post Evacuate Collection Set: 0.43ms
[222.626s][info][gc,phases      ] GC(509)   Other: 0.09ms
[222.626s][info][gc,heap        ] GC(509) Eden regions: 160->0(130)
[222.626s][info][gc,heap        ] GC(509) Survivor regions: 3->18(21)
[222.626s][info][gc,heap        ] GC(509) Old regions: 753->753
[222.626s][info][gc,heap        ] GC(509) Humongous regions: 9->9
[222.626s][info][gc,metaspace   ] GC(509) Metaspace: 18686K(18880K)->18686K(18880K) NonClass: 16026K(16128K)->16026K(16128K) Class: 2660K(2752K)->2660K(2752K)
[222.626s][info][gc             ] GC(509) Pause Young (Normal) (G1 Evacuation Pause) 923M->779M(978M) 20.442ms
[222.626s][info][gc,cpu         ] GC(509) User=0.03s Sys=0.00s Real=0.02s
[222.831s][info][gc,start       ] GC(510) Pause Young (Normal) (G1 Evacuation Pause)
[222.831s][info][gc,task        ] GC(510) Using 2 workers of 2 for evacuation
[222.889s][info][gc,phases      ] GC(510)   Pre Evacuate Collection Set: 0.47ms
[222.889s][info][gc,phases      ] GC(510)   Merge Heap Roots: 0.17ms
[222.889s][info][gc,phases      ] GC(510)   Evacuate Collection Set: 56.77ms
[222.889s][info][gc,phases      ] GC(510)   Post Evacuate Collection Set: 0.54ms
[222.889s][info][gc,phases      ] GC(510)   Other: 0.07ms
[222.889s][info][gc,heap        ] GC(510) Eden regions: 130->0(83)
[222.889s][info][gc,heap        ] GC(510) Survivor regions: 18->19(19)
[222.889s][info][gc,heap        ] GC(510) Old regions: 753->798
[222.890s][info][gc,heap        ] GC(510) Humongous regions: 9->9
[222.890s][info][gc,metaspace   ] GC(510) Metaspace: 18695K(18880K)->18695K(18880K) NonClass: 16035K(16128K)->16035K(16128K) Class: 2660K(2752K)->2660K(2752K)
[222.890s][info][gc             ] GC(510) Pause Young (Normal) (G1 Evacuation Pause) 909M->825M(978M) 58.241ms
[222.890s][info][gc,cpu         ] GC(510) User=0.11s Sys=0.00s Real=0.06s
[223.065s][info][gc,start       ] GC(511) Pause Young (Normal) (G1 Evacuation Pause)
[223.065s][info][gc,task        ] GC(511) Using 2 workers of 2 for evacuation
[223.132s][info][gc,phases      ] GC(511)   Pre Evacuate Collection Set: 0.45ms
[223.132s][info][gc,phases      ] GC(511)   Merge Heap Roots: 0.38ms
[223.132s][info][gc,phases      ] GC(511)   Evacuate Collection Set: 64.96ms
[223.132s][info][gc,phases      ] GC(511)   Post Evacuate Collection Set: 0.38ms
[223.132s][info][gc,phases      ] GC(511)   Other: 0.07ms
[223.132s][info][gc,heap        ] GC(511) Eden regions: 83->0(65)
[223.132s][info][gc,heap        ] GC(511) Survivor regions: 19->13(13)
[223.132s][info][gc,heap        ] GC(511) Old regions: 798->828
[223.132s][info][gc,heap        ] GC(511) Humongous regions: 9->9
[223.132s][info][gc,metaspace   ] GC(511) Metaspace: 18695K(18880K)->18695K(18880K) NonClass: 16035K(16128K)->16035K(16128K) Class: 2660K(2752K)->2660K(2752K)
[223.132s][info][gc             ] GC(511) Pause Young (Normal) (G1 Evacuation Pause) 908M->849M(978M) 66.447ms
[223.132s][info][gc,cpu         ] GC(511) User=0.13s Sys=0.00s Real=0.07s
[223.270s][info][gc,start       ] GC(512) Pause Young (Normal) (G1 Evacuation Pause)
[223.270s][info][gc,task        ] GC(512) Using 2 workers of 2 for evacuation
[223.307s][info][gc,phases      ] GC(512)   Pre Evacuate Collection Set: 0.51ms
[223.307s][info][gc,phases      ] GC(512)   Merge Heap Roots: 0.28ms
[223.307s][info][gc,phases      ] GC(512)   Evacuate Collection Set: 35.50ms
[223.307s][info][gc,phases      ] GC(512)   Post Evacuate Collection Set: 0.37ms
[223.307s][info][gc,phases      ] GC(512)   Other: 0.07ms
[223.307s][info][gc,heap        ] GC(512) Eden regions: 65->0(45)
[223.307s][info][gc,heap        ] GC(512) Survivor regions: 13->10(10)
[223.307s][info][gc,heap        ] GC(512) Old regions: 828->854
[223.307s][info][gc,heap        ] GC(512) Humongous regions: 9->9
[223.307s][info][gc,metaspace   ] GC(512) Metaspace: 18695K(18880K)->18695K(18880K) NonClass: 16035K(16128K)->16035K(16128K) Class: 2660K(2752K)->2660K(2752K)
[223.307s][info][gc             ] GC(512) Pause Young (Normal) (G1 Evacuation Pause) 914M->872M(978M) 36.952ms
[223.307s][info][gc,cpu         ] GC(512) User=0.07s Sys=0.00s Real=0.04s
[223.386s][info][gc,start       ] GC(513) Pause Young (Normal) (G1 Evacuation Pause)
[223.386s][info][gc,task        ] GC(513) Using 2 workers of 2 for evacuation
[223.418s][info][gc,phases      ] GC(513)   Pre Evacuate Collection Set: 0.47ms
[223.418s][info][gc,phases      ] GC(513)   Merge Heap Roots: 0.18ms
[223.418s][info][gc,phases      ] GC(513)   Evacuate Collection Set: 30.27ms
[223.418s][info][gc,phases      ] GC(513)   Post Evacuate Collection Set: 0.35ms
[223.418s][info][gc,phases      ] GC(513)   Other: 0.07ms
[223.418s][info][gc,heap        ] GC(513) Eden regions: 45->0(41)
[223.418s][info][gc,heap        ] GC(513) Survivor regions: 10->7(7)
[223.418s][info][gc,heap        ] GC(513) Old regions: 854->878
[223.418s][info][gc,heap        ] GC(513) Humongous regions: 9->9
[223.418s][info][gc,metaspace   ] GC(513) Metaspace: 18700K(18880K)->18700K(18880K) NonClass: 16040K(16128K)->16040K(16128K) Class: 2660K(2752K)->2660K(2752K)
[223.418s][info][gc             ] GC(513) Pause Young (Normal) (G1 Evacuation Pause) 917M->893M(978M) 31.542ms
[223.418s][info][gc,cpu         ] GC(513) User=0.07s Sys=0.00s Real=0.03s
[223.482s][info][gc,start       ] GC(514) Pause Young (Normal) (G1 Evacuation Pause)
[223.482s][info][gc,task        ] GC(514) Using 2 workers of 2 for evacuation
[223.510s][info][gc,phases      ] GC(514)   Pre Evacuate Collection Set: 0.28ms
[223.510s][info][gc,phases      ] GC(514)   Merge Heap Roots: 0.18ms
[223.510s][info][gc,phases      ] GC(514)   Evacuate Collection Set: 27.40ms
[223.510s][info][gc,phases      ] GC(514)   Post Evacuate Collection Set: 0.34ms
[223.510s][info][gc,phases      ] GC(514)   Other: 0.06ms
[223.510s][info][gc,heap        ] GC(514) Eden regions: 41->0(42)
[223.510s][info][gc,heap        ] GC(514) Survivor regions: 7->6(6)
[223.510s][info][gc,heap        ] GC(514) Old regions: 878->898
[223.510s][info][gc,heap        ] GC(514) Humongous regions: 9->9
[223.510s][info][gc,metaspace   ] GC(514) Metaspace: 18700K(18880K)->18700K(18880K) NonClass: 16040K(16128K)->16040K(16128K) Class: 2660K(2752K)->2660K(2752K)
[223.510s][info][gc             ] GC(514) Pause Young (Normal) (G1 Evacuation Pause) 934M->912M(978M) 28.460ms
[223.510s][info][gc,cpu         ] GC(514) User=0.06s Sys=0.00s Real=0.03s
[223.729s][info][gc,start       ] GC(515) Pause Young (Normal) (G1 Evacuation Pause)
[223.729s][info][gc,task        ] GC(515) Using 2 workers of 2 for evacuation
[223.771s][info][gc,phases      ] GC(515)   Pre Evacuate Collection Set: 0.45ms
[223.771s][info][gc,phases      ] GC(515)   Merge Heap Roots: 0.41ms
[223.771s][info][gc,phases      ] GC(515)   Evacuate Collection Set: 40.04ms
[223.771s][info][gc,phases      ] GC(515)   Post Evacuate Collection Set: 0.34ms
[223.771s][info][gc,phases      ] GC(515)   Other: 0.06ms
[223.771s][info][gc,heap        ] GC(515) Eden regions: 42->0(42)
[223.771s][info][gc,heap        ] GC(515) Survivor regions: 6->6(6)
[223.771s][info][gc,heap        ] GC(515) Old regions: 898->913
[223.771s][info][gc,heap        ] GC(515) Humongous regions: 10->10
[223.771s][info][gc,metaspace   ] GC(515) Metaspace: 18700K(18880K)->18700K(18880K) NonClass: 16040K(16128K)->16040K(16128K) Class: 2660K(2752K)->2660K(2752K)
[223.771s][info][gc             ] GC(515) Pause Young (Normal) (G1 Evacuation Pause) 955M->928M(978M) 41.576ms
[223.771s][info][gc,cpu         ] GC(515) User=0.08s Sys=0.00s Real=0.04s
[223.894s][info][gc,start       ] GC(516) Pause Young (Normal) (G1 Evacuation Pause)
[223.894s][info][gc,task        ] GC(516) Using 2 workers of 2 for evacuation
[223.915s][info][gc,phases      ] GC(516)   Pre Evacuate Collection Set: 0.28ms
[223.915s][info][gc,phases      ] GC(516)   Merge Heap Roots: 0.20ms
[223.915s][info][gc,phases      ] GC(516)   Evacuate Collection Set: 18.01ms
[223.915s][info][gc,phases      ] GC(516)   Post Evacuate Collection Set: 2.22ms
[223.915s][info][gc,phases      ] GC(516)   Other: 0.08ms
[223.915s][info][gc,heap        ] GC(516) Eden regions: 42->0(8)
[223.915s][info][gc,heap        ] GC(516) Survivor regions: 6->1(6)
[223.915s][info][gc,heap        ] GC(516) Old regions: 913->958
[223.915s][info][gc,heap        ] GC(516) Humongous regions: 10->10
[223.915s][info][gc,metaspace   ] GC(516) Metaspace: 18700K(18880K)->18700K(18880K) NonClass: 16040K(16128K)->16040K(16128K) Class: 2660K(2752K)->2660K(2752K)
[223.915s][info][gc             ] GC(516) Pause Young (Normal) (G1 Evacuation Pause) (Evacuation Failure: Allocation) 970M->968M(978M) 20.999ms
[223.915s][info][gc,cpu         ] GC(516) User=0.04s Sys=0.00s Real=0.02s
[223.939s][info][gc,start       ] GC(517) Pause Young (Normal) (G1 Evacuation Pause)
[223.939s][info][gc,task        ] GC(517) Using 2 workers of 2 for evacuation
[223.954s][info][gc,phases      ] GC(517)   Pre Evacuate Collection Set: 0.27ms
[223.954s][info][gc,phases      ] GC(517)   Merge Heap Roots: 0.17ms
[223.954s][info][gc,phases      ] GC(517)   Evacuate Collection Set: 11.10ms
[223.954s][info][gc,phases      ] GC(517)   Post Evacuate Collection Set: 2.65ms
[223.954s][info][gc,phases      ] GC(517)   Other: 0.08ms
[223.954s][info][gc,heap        ] GC(517) Eden regions: 8->0(0)
[223.954s][info][gc,heap        ] GC(517) Survivor regions: 1->1(1)
[223.954s][info][gc,heap        ] GC(517) Old regions: 958->966
[223.954s][info][gc,heap        ] GC(517) Humongous regions: 10->10
[223.954s][info][gc,metaspace   ] GC(517) Metaspace: 18700K(18880K)->18700K(18880K) NonClass: 16040K(16128K)->16040K(16128K) Class: 2660K(2752K)->2660K(2752K)
[223.954s][info][gc             ] GC(517) Pause Young (Normal) (G1 Evacuation Pause) (Evacuation Failure: Allocation) 976M->976M(978M) 14.441ms
[223.954s][info][gc,cpu         ] GC(517) User=0.02s Sys=0.00s Real=0.01s
[223.954s][info][gc,ergo        ] Attempting full compaction
[223.954s][info][gc,start       ] GC(518) Pause Full (G1 Compaction Pause)
[223.954s][info][gc,task        ] GC(518) Using 2 workers of 2 for full compaction
[223.955s][info][gc,phases,start] GC(518) Phase 1: Mark live objects
[224.081s][info][metaspace      ] ChkMgr @0x00007f63b01626e0 (non-class-space): : reclaiming memory...
[224.081s][info][metaspace      ] ChkMgr @0x00007f63b01626e0 (non-class-space): nothing reclaimed.
[224.081s][info][metaspace      ] ChkMgr @0x00007f63b01607f0 (class-space): : reclaiming memory...
[224.081s][info][metaspace      ] ChkMgr @0x00007f63b01607f0 (class-space): nothing reclaimed.
[224.081s][info][gc,phases      ] GC(518) Phase 1: Mark live objects 125.416ms
[224.081s][info][gc,phases,start] GC(518) Phase 2: Prepare compaction
[224.087s][info][gc,phases      ] GC(518) Phase 2: Prepare compaction 6.555ms
[224.087s][info][gc,phases,start] GC(518) Phase 3: Adjust pointers
[224.135s][info][gc,phases      ] GC(518) Phase 3: Adjust pointers 47.782ms
[224.135s][info][gc,phases,start] GC(518) Phase 4: Compact heap
[224.144s][info][gc,phases      ] GC(518) Phase 4: Compact heap 8.238ms
[224.144s][info][gc,phases,start] GC(518) Phase 5: Reset Metadata
[224.171s][info][gc,phases      ] GC(518) Phase 5: Reset Metadata 27.732ms
[224.178s][info][gc,heap        ] GC(518) Eden regions: 0->0(324)
[224.178s][info][gc,heap        ] GC(518) Survivor regions: 1->0(1)
[224.178s][info][gc,heap        ] GC(518) Old regions: 966->178
[224.179s][info][gc,heap        ] GC(518) Humongous regions: 10->1
[224.179s][info][gc,metaspace   ] GC(518) Metaspace: 18700K(18880K)->18693K(18880K) NonClass: 16040K(16128K)->16033K(16128K) Class: 2660K(2752K)->2660K(2752K)
[224.179s][info][gc             ] GC(518) Pause Full (G1 Compaction Pause) 976M->177M(597M) 224.737ms
[224.179s][info][gc,cpu         ] GC(518) User=0.44s Sys=0.00s Real=0.23s
[224.179s][info][gc,marking     ] GC(508) Concurrent Mark From Roots 1943.310ms
[224.179s][info][gc,marking     ] GC(508) Concurrent Mark Abort
[224.179s][info][gc             ] GC(508) Concurrent Mark Cycle 1947.624ms
[224.372s][info][gc,start       ] GC(519) Pause Young (Concurrent Start) (G1 Humongous Allocation)
[224.372s][info][gc,task        ] GC(519) Using 2 workers of 2 for evacuation
[224.413s][info][gc,phases      ] GC(519)   Pre Evacuate Collection Set: 0.25ms
[224.413s][info][gc,phases      ] GC(519)   Merge Heap Roots: 0.96ms
[224.413s][info][gc,phases      ] GC(519)   Evacuate Collection Set: 39.13ms
[224.413s][info][gc,phases      ] GC(519)   Post Evacuate Collection Set: 0.64ms
[224.413s][info][gc,phases      ] GC(519)   Other: 0.15ms
[224.413s][info][gc,heap        ] GC(519) Eden regions: 141->0(324)
[224.413s][info][gc,heap        ] GC(519) Survivor regions: 0->12(41)
[224.413s][info][gc,heap        ] GC(519) Old regions: 178->178
[224.413s][info][gc,heap        ] GC(519) Humongous regions: 1->1
[224.413s][info][gc,metaspace   ] GC(519) Metaspace: 18701K(18880K)->18701K(18880K) NonClass: 16040K(16128K)->16040K(16128K) Class: 2660K(2752K)->2660K(2752K)
[224.413s][info][gc             ] GC(519) Pause Young (Concurrent Start) (G1 Humongous Allocation) 317M->189M(597M) 41.353ms
[224.413s][info][gc             ] GC(520) Concurrent Mark Cycle
[224.413s][info][gc,marking     ] GC(520) Concurrent Scan Root Regions
[224.414s][info][gc,cpu         ] GC(519) User=0.09s Sys=0.00s Real=0.04s
[224.458s][info][gc,marking     ] GC(520) Concurrent Scan Root Regions 45.003ms
[224.458s][info][gc,marking     ] GC(520) Concurrent Mark
[224.458s][info][gc,marking     ] GC(520) Concurrent Mark From Roots
[224.458s][info][gc,task        ] GC(520) Using 1 workers of 1 for marking
[225.171s][info][gc,marking     ] GC(520) Concurrent Mark From Roots 712.858ms
[225.171s][info][gc,marking     ] GC(520) Concurrent Preclean
[225.171s][info][gc,marking     ] GC(520) Concurrent Preclean 0.041ms
[225.172s][info][gc,start       ] GC(520) Pause Remark
[225.183s][info][gc             ] GC(520) Pause Remark 434M->434M(597M) 11.028ms
[225.183s][info][gc,cpu         ] GC(520) User=0.02s Sys=0.00s Real=0.01s
[225.185s][info][gc,marking     ] GC(520) Concurrent Mark 726.282ms
[225.185s][info][gc,marking     ] GC(520) Concurrent Rebuild Remembered Sets and Scrub Regions
[225.321s][info][gc,start       ] GC(521) Pause Young (Normal) (G1 Evacuation Pause)
[225.321s][info][gc,task        ] GC(521) Using 2 workers of 2 for evacuation
[225.406s][info][gc,phases      ] GC(521)   Pre Evacuate Collection Set: 0.24ms
[225.406s][info][gc,phases      ] GC(521)   Merge Heap Roots: 0.87ms
[225.406s][info][gc,phases      ] GC(521)   Evacuate Collection Set: 82.64ms
[225.406s][info][gc,phases      ] GC(521)   Post Evacuate Collection Set: 0.81ms
[225.406s][info][gc,phases      ] GC(521)   Other: 0.09ms
[225.406s][info][gc,heap        ] GC(521) Eden regions: 324->0(286)
[225.406s][info][gc,heap        ] GC(521) Survivor regions: 12->42(42)
[225.406s][info][gc,heap        ] GC(521) Old regions: 178->183
[225.406s][info][gc,heap        ] GC(521) Humongous regions: 4->4
[225.406s][info][gc,metaspace   ] GC(521) Metaspace: 18726K(18944K)->18726K(18944K) NonClass: 16065K(16192K)->16065K(16192K) Class: 2660K(2752K)->2660K(2752K)
[225.406s][info][gc             ] GC(521) Pause Young (Normal) (G1 Evacuation Pause) 516M->227M(597M) 84.895ms
[225.406s][info][gc,cpu         ] GC(521) User=0.17s Sys=0.00s Real=0.08s
[225.436s][info][gc,marking     ] GC(520) Concurrent Rebuild Remembered Sets and Scrub Regions 251.160ms
[225.436s][info][gc,start       ] GC(520) Pause Cleanup
[225.436s][info][gc             ] GC(520) Pause Cleanup 242M->242M(597M) 0.074ms
[225.436s][info][gc,cpu         ] GC(520) User=0.00s Sys=0.00s Real=0.00s
[225.436s][info][gc,marking     ] GC(520) Concurrent Clear Claimed Marks
[225.436s][info][gc,marking     ] GC(520) Concurrent Clear Claimed Marks 0.035ms
[225.436s][info][gc,marking     ] GC(520) Concurrent Cleanup for Next Mark
[225.438s][info][gc,marking     ] GC(520) Concurrent Cleanup for Next Mark 1.758ms
[225.438s][info][gc             ] GC(520) Concurrent Mark Cycle 1024.723ms
[225.646s][info][gc,start       ] GC(522) Pause Young (Prepare Mixed) (G1 Evacuation Pause)
[225.647s][info][gc,task        ] GC(522) Using 2 workers of 2 for evacuation
[225.757s][info][gc,phases      ] GC(522)   Pre Evacuate Collection Set: 0.24ms
[225.757s][info][gc,phases      ] GC(522)   Merge Heap Roots: 0.64ms
[225.757s][info][gc,phases      ] GC(522)   Evacuate Collection Set: 109.24ms
[225.757s][info][gc,phases      ] GC(522)   Post Evacuate Collection Set: 0.51ms
[225.757s][info][gc,phases      ] GC(522)   Other: 0.12ms
[225.757s][info][gc,heap        ] GC(522) Eden regions: 286->0(238)
[225.757s][info][gc,heap        ] GC(522) Survivor regions: 42->41(41)
[225.757s][info][gc,heap        ] GC(522) Old regions: 183->225
[225.757s][info][gc,heap        ] GC(522) Humongous regions: 4->4
[225.757s][info][gc,metaspace   ] GC(522) Metaspace: 18726K(18944K)->18726K(18944K) NonClass: 16066K(16192K)->16066K(16192K) Class: 2660K(2752K)->2660K(2752K)
[225.757s][info][gc             ] GC(522) Pause Young (Prepare Mixed) (G1 Evacuation Pause) 513M->268M(598M) 110.957ms
[225.757s][info][gc,cpu         ] GC(522) User=0.21s Sys=0.00s Real=0.11s
[225.967s][info][gc,start       ] GC(523) Pause Young (Mixed) (G1 Evacuation Pause)
[225.967s][info][gc,task        ] GC(523) Using 2 workers of 2 for evacuation
[226.039s][info][gc,phases      ] GC(523)   Pre Evacuate Collection Set: 0.23ms
[226.039s][info][gc,phases      ] GC(523)   Merge Heap Roots: 0.16ms
[226.039s][info][gc,phases      ] GC(523)   Evacuate Collection Set: 70.75ms
[226.039s][info][gc,phases      ] GC(523)   Post Evacuate Collection Set: 0.51ms
[226.039s][info][gc,phases      ] GC(523)   Other: 0.09ms
[226.039s][info][gc,heap        ] GC(523) Eden regions: 238->0(214)
[226.039s][info][gc,heap        ] GC(523) Survivor regions: 41->30(35)
[226.039s][info][gc,heap        ] GC(523) Old regions: 225->265
[226.039s][info][gc,heap        ] GC(523) Humongous regions: 5->5
[226.039s][info][gc,metaspace   ] GC(523) Metaspace: 18726K(18944K)->18726K(18944K) NonClass: 16066K(16192K)->16066K(16192K) Class: 2660K(2752K)->2660K(2752K)
[226.039s][info][gc             ] GC(523) Pause Young (Mixed) (G1 Evacuation Pause) 507M->298M(598M) 71.967ms
[226.039s][info][gc,cpu         ] GC(523) User=0.14s Sys=0.00s Real=0.07s
[226.184s][info][gc,start       ] GC(524) Pause Young (Concurrent Start) (G1 Evacuation Pause)
[226.184s][info][gc,task        ] GC(524) Using 2 workers of 2 for evacuation
[226.226s][info][gc,phases      ] GC(524)   Pre Evacuate Collection Set: 0.28ms
[226.226s][info][gc,phases      ] GC(524)   Merge Heap Roots: 0.24ms
[226.226s][info][gc,phases      ] GC(524)   Evacuate Collection Set: 40.69ms
[226.226s][info][gc,phases      ] GC(524)   Post Evacuate Collection Set: 0.46ms
[226.226s][info][gc,phases      ] GC(524)   Other: 0.09ms
[226.226s][info][gc,heap        ] GC(524) Eden regions: 214->0(218)
[226.226s][info][gc,heap        ] GC(524) Survivor regions: 30->7(31)
[226.226s][info][gc,heap        ] GC(524) Old regions: 265->295
[226.226s][info][gc,heap        ] GC(524) Humongous regions: 5->5
[226.226s][info][gc,metaspace   ] GC(524) Metaspace: 18726K(18944K)->18726K(18944K) NonClass: 16066K(16192K)->16066K(16192K) Class: 2660K(2752K)->2660K(2752K)
[226.226s][info][gc             ] GC(524) Pause Young (Concurrent Start) (G1 Evacuation Pause) 512M->305M(598M) 41.998ms
[226.226s][info][gc,cpu         ] GC(524) User=0.09s Sys=0.00s Real=0.04s
[226.226s][info][gc             ] GC(525) Concurrent Mark Cycle
[226.228s][info][gc,marking     ] GC(525) Concurrent Scan Root Regions
[226.279s][info][gc,marking     ] GC(525) Concurrent Scan Root Regions 50.691ms
[226.279s][info][gc,marking     ] GC(525) Concurrent Mark
[226.279s][info][gc,marking     ] GC(525) Concurrent Mark From Roots
[226.279s][info][gc,task        ] GC(525) Using 1 workers of 1 for marking
[226.741s][info][gc,start       ] GC(526) Pause Young (Normal) (G1 Evacuation Pause)
[226.741s][info][gc,task        ] GC(526) Using 2 workers of 2 for evacuation
[226.756s][info][gc,phases      ] GC(526)   Pre Evacuate Collection Set: 0.25ms
[226.756s][info][gc,phases      ] GC(526)   Merge Heap Roots: 0.15ms
[226.756s][info][gc,phases      ] GC(526)   Evacuate Collection Set: 12.87ms
[226.756s][info][gc,phases      ] GC(526)   Post Evacuate Collection Set: 1.48ms
[226.756s][info][gc,phases      ] GC(526)   Other: 0.09ms
[226.756s][info][gc,heap        ] GC(526) Eden regions: 218->0(334)
[226.756s][info][gc,heap        ] GC(526) Survivor regions: 7->11(29)
[226.756s][info][gc,heap        ] GC(526) Old regions: 295->295
[226.756s][info][gc,heap        ] GC(526) Humongous regions: 5->5
[226.756s][info][gc,metaspace   ] GC(526) Metaspace: 18731K(18944K)->18731K(18944K) NonClass: 16071K(16192K)->16071K(16192K) Class: 2660K(2752K)->2660K(2752K)
[226.756s][info][gc             ] GC(526) Pause Young (Normal) (G1 Evacuation Pause) 523M->309M(749M) 15.059ms
[226.756s][info][gc,cpu         ] GC(526) User=0.02s Sys=0.00s Real=0.02s
[226.865s][info][gc,marking     ] GC(525) Concurrent Mark From Roots 586.020ms
[226.865s][info][gc,marking     ] GC(525) Concurrent Preclean
[226.865s][info][gc,marking     ] GC(525) Concurrent Preclean 0.042ms
[226.865s][info][gc,start       ] GC(525) Pause Remark
[226.873s][info][gc             ] GC(525) Pause Remark 329M->289M(749M) 7.490ms
[226.873s][info][gc,cpu         ] GC(525) User=0.01s Sys=0.00s Real=0.01s
[226.873s][info][gc,marking     ] GC(525) Concurrent Mark 593.833ms
[226.873s][info][gc,marking     ] GC(525) Concurrent Rebuild Remembered Sets and Scrub Regions
[227.091s][info][gc,marking     ] GC(525) Concurrent Rebuild Remembered Sets and Scrub Regions 218.333ms
[227.091s][info][gc,start       ] GC(525) Pause Cleanup
[227.092s][info][gc             ] GC(525) Pause Cleanup 345M->345M(749M) 0.091ms
[227.092s][info][gc,cpu         ] GC(525) User=0.00s Sys=0.00s Real=0.00s
[227.092s][info][gc,marking     ] GC(525) Concurrent Clear Claimed Marks
[227.092s][info][gc,marking     ] GC(525) Concurrent Clear Claimed Marks 0.029ms
[227.092s][info][gc,marking     ] GC(525) Concurrent Cleanup for Next Mark
[227.095s][info][gc,marking     ] GC(525) Concurrent Cleanup for Next Mark 3.708ms
[227.095s][info][gc             ] GC(525) Concurrent Mark Cycle 869.516ms
[227.462s][info][gc,start       ] GC(527) Pause Young (Prepare Mixed) (G1 Evacuation Pause)
[227.462s][info][gc,task        ] GC(527) Using 2 workers of 2 for evacuation
[227.554s][info][gc,phases      ] GC(527)   Pre Evacuate Collection Set: 0.28ms
[227.554s][info][gc,phases      ] GC(527)   Merge Heap Roots: 0.25ms
[227.554s][info][gc,phases      ] GC(527)   Evacuate Collection Set: 90.56ms
[227.554s][info][gc,phases      ] GC(527)   Post Evacuate Collection Set: 0.59ms
[227.554s][info][gc,phases      ] GC(527)   Other: 0.10ms
[227.554s][info][gc,heap        ] GC(527) Eden regions: 334->0(272)
[227.554s][info][gc,heap        ] GC(527) Survivor regions: 11->44(44)
[227.554s][info][gc,heap        ] GC(527) Old regions: 257->300
[227.554s][info][gc,heap        ] GC(527) Humongous regions: 4->4
[227.554s][info][gc,metaspace   ] GC(527) Metaspace: 18732K(18944K)->18732K(18944K) NonClass: 16072K(16192K)->16072K(16192K) Class: 2660K(2752K)->2660K(2752K)
[227.554s][info][gc             ] GC(527) Pause Young (Prepare Mixed) (G1 Evacuation Pause) 604M->347M(749M) 92.038ms
[227.554s][info][gc,cpu         ] GC(527) User=0.18s Sys=0.00s Real=0.09s
[227.856s][info][gc,start       ] GC(528) Pause Young (Mixed) (G1 Evacuation Pause)
[227.857s][info][gc,task        ] GC(528) Using 2 workers of 2 for evacuation
[227.906s][info][gc,phases      ] GC(528)   Pre Evacuate Collection Set: 0.41ms
[227.906s][info][gc,phases      ] GC(528)   Merge Heap Roots: 0.28ms
[227.906s][info][gc,phases      ] GC(528)   Evacuate Collection Set: 47.59ms
[227.906s][info][gc,phases      ] GC(528)   Post Evacuate Collection Set: 0.55ms
[227.906s][info][gc,phases      ] GC(528)   Other: 0.10ms
[227.906s][info][gc,heap        ] GC(528) Eden regions: 272->0(293)
[227.906s][info][gc,heap        ] GC(528) Survivor regions: 44->4(40)
[227.906s][info][gc,heap        ] GC(528) Old regions: 300->334
[227.906s][info][gc,heap        ] GC(528) Humongous regions: 4->4
[227.906s][info][gc,metaspace   ] GC(528) Metaspace: 18732K(18944K)->18732K(18944K) NonClass: 16072K(16192K)->16072K(16192K) Class: 2660K(2752K)->2660K(2752K)
[227.906s][info][gc             ] GC(528) Pause Young (Mixed) (G1 Evacuation Pause) 619M->340M(749M) 49.170ms
[227.906s][info][gc,cpu         ] GC(528) User=0.09s Sys=0.00s Real=0.04s
[228.341s][info][gc,start       ] GC(529) Pause Young (Concurrent Start) (G1 Evacuation Pause)
[228.341s][info][gc,task        ] GC(529) Using 2 workers of 2 for evacuation
[228.409s][info][gc,phases      ] GC(529)   Pre Evacuate Collection Set: 0.25ms
[228.409s][info][gc,phases      ] GC(529)   Merge Heap Roots: 0.20ms
[228.409s][info][gc,phases      ] GC(529)   Evacuate Collection Set: 67.25ms
[228.409s][info][gc,phases      ] GC(529)   Post Evacuate Collection Set: 0.64ms
[228.409s][info][gc,phases      ] GC(529)   Other: 0.12ms
[228.409s][info][gc,heap        ] GC(529) Eden regions: 293->0(227)
[228.409s][info][gc,heap        ] GC(529) Survivor regions: 4->38(38)
[228.409s][info][gc,heap        ] GC(529) Old regions: 334->362
[228.409s][info][gc,heap        ] GC(529) Humongous regions: 4->4
[228.409s][info][gc,metaspace   ] GC(529) Metaspace: 18732K(18944K)->18732K(18944K) NonClass: 16072K(16192K)->16072K(16192K) Class: 2660K(2752K)->2660K(2752K)
[228.409s][info][gc             ] GC(529) Pause Young (Concurrent Start) (G1 Evacuation Pause) 633M->403M(749M) 68.680ms
[228.409s][info][gc             ] GC(530) Concurrent Mark Cycle
[228.409s][info][gc,marking     ] GC(530) Concurrent Scan Root Regions
[228.410s][info][gc,cpu         ] GC(529) User=0.14s Sys=0.00s Real=0.07s
[228.491s][info][gc,marking     ] GC(530) Concurrent Scan Root Regions 81.868ms
[228.491s][info][gc,marking     ] GC(530) Concurrent Mark
[228.491s][info][gc,marking     ] GC(530) Concurrent Mark From Roots
[228.491s][info][gc,task        ] GC(530) Using 1 workers of 1 for marking
[228.853s][info][gc,start       ] GC(531) Pause Young (Normal) (G1 Evacuation Pause)
[228.853s][info][gc,task        ] GC(531) Using 2 workers of 2 for evacuation
[228.983s][info][gc,phases      ] GC(531)   Pre Evacuate Collection Set: 0.37ms
[228.984s][info][gc,phases      ] GC(531)   Merge Heap Roots: 0.57ms
[228.984s][info][gc,phases      ] GC(531)   Evacuate Collection Set: 128.44ms
[228.984s][info][gc,phases      ] GC(531)   Post Evacuate Collection Set: 0.56ms
[228.984s][info][gc,phases      ] GC(531)   Other: 0.09ms
[228.984s][info][gc,heap        ] GC(531) Eden regions: 227->0(153)
[228.984s][info][gc,heap        ] GC(531) Survivor regions: 38->34(34)
[228.984s][info][gc,heap        ] GC(531) Old regions: 362->435
[228.984s][info][gc,heap        ] GC(531) Humongous regions: 5->5
[228.984s][info][gc,metaspace   ] GC(531) Metaspace: 18732K(18944K)->18732K(18944K) NonClass: 16072K(16192K)->16072K(16192K) Class: 2660K(2752K)->2660K(2752K)
[228.984s][info][gc             ] GC(531) Pause Young (Normal) (G1 Evacuation Pause) 631M->473M(749M) 130.320ms
[228.984s][info][gc,cpu         ] GC(531) User=0.26s Sys=0.00s Real=0.13s
[229.161s][info][gc,start       ] GC(532) Pause Young (Normal) (G1 Evacuation Pause)
[229.161s][info][gc,task        ] GC(532) Using 2 workers of 2 for evacuation
[229.234s][info][gc,phases      ] GC(532)   Pre Evacuate Collection Set: 0.28ms
[229.234s][info][gc,phases      ] GC(532)   Merge Heap Roots: 0.35ms
[229.234s][info][gc,phases      ] GC(532)   Evacuate Collection Set: 70.78ms
[229.234s][info][gc,phases      ] GC(532)   Post Evacuate Collection Set: 0.76ms
[229.234s][info][gc,phases      ] GC(532)   Other: 0.10ms
[229.234s][info][gc,heap        ] GC(532) Eden regions: 153->0(169)
[229.234s][info][gc,heap        ] GC(532) Survivor regions: 34->24(24)
[229.234s][info][gc,heap        ] GC(532) Old regions: 435->477
[229.234s][info][gc,heap        ] GC(532) Humongous regions: 5->5
[229.234s][info][gc,metaspace   ] GC(532) Metaspace: 18732K(18944K)->18732K(18944K) NonClass: 16072K(16192K)->16072K(16192K) Class: 2660K(2752K)->2660K(2752K)
[229.234s][info][gc             ] GC(532) Pause Young (Normal) (G1 Evacuation Pause) 626M->505M(795M) 72.557ms
[229.234s][info][gc,cpu         ] GC(532) User=0.14s Sys=0.00s Real=0.07s
[229.513s][info][gc,marking     ] GC(530) Concurrent Mark From Roots 1021.255ms
[229.513s][info][gc,marking     ] GC(530) Concurrent Preclean
[229.513s][info][gc,marking     ] GC(530) Concurrent Preclean 0.037ms
[229.513s][info][gc,start       ] GC(530) Pause Remark
[229.520s][info][gc             ] GC(530) Pause Remark 590M->543M(795M) 7.364ms
[229.520s][info][gc,cpu         ] GC(530) User=0.02s Sys=0.00s Real=0.01s
[229.521s][info][gc,marking     ] GC(530) Concurrent Mark 1029.931ms
[229.521s][info][gc,marking     ] GC(530) Concurrent Rebuild Remembered Sets and Scrub Regions
[229.645s][info][gc,start       ] GC(533) Pause Young (Normal) (G1 Evacuation Pause)
[229.645s][info][gc,task        ] GC(533) Using 2 workers of 2 for evacuation
[229.676s][info][gc,phases      ] GC(533)   Pre Evacuate Collection Set: 0.41ms
[229.676s][info][gc,phases      ] GC(533)   Merge Heap Roots: 0.13ms
[229.676s][info][gc,phases      ] GC(533)   Evacuate Collection Set: 29.87ms
[229.676s][info][gc,phases      ] GC(533)   Post Evacuate Collection Set: 0.36ms
[229.676s][info][gc,phases      ] GC(533)   Other: 0.11ms
[229.676s][info][gc,heap        ] GC(533) Eden regions: 169->0(212)
[229.676s][info][gc,heap        ] GC(533) Survivor regions: 24->8(25)
[229.676s][info][gc,heap        ] GC(533) Old regions: 431->455
[229.676s][info][gc,heap        ] GC(533) Humongous regions: 4->4
[229.676s][info][gc,metaspace   ] GC(533) Metaspace: 18739K(18944K)->18739K(18944K) NonClass: 16079K(16192K)->16079K(16192K) Class: 2660K(2752K)->2660K(2752K)
[229.676s][info][gc             ] GC(533) Pause Young (Normal) (G1 Evacuation Pause) 627M->466M(795M) 31.086ms
[229.677s][info][gc,cpu         ] GC(533) User=0.06s Sys=0.00s Real=0.04s
[229.907s][info][gc,marking     ] GC(530) Concurrent Rebuild Remembered Sets and Scrub Regions 386.137ms
[229.908s][info][gc,start       ] GC(530) Pause Cleanup
[229.908s][info][gc             ] GC(530) Pause Cleanup 603M->603M(795M) 0.104ms
[229.908s][info][gc,cpu         ] GC(530) User=0.00s Sys=0.00s Real=0.00s
[229.909s][info][gc,marking     ] GC(530) Concurrent Clear Claimed Marks
[229.909s][info][gc,marking     ] GC(530) Concurrent Clear Claimed Marks 0.056ms
[229.909s][info][gc,marking     ] GC(530) Concurrent Cleanup for Next Mark
[229.914s][info][gc,marking     ] GC(530) Concurrent Cleanup for Next Mark 4.834ms
[229.914s][info][gc             ] GC(530) Concurrent Mark Cycle 1504.681ms
[229.946s][info][gc,start       ] GC(534) Pause Young (Prepare Mixed) (G1 Evacuation Pause)
[229.946s][info][gc,task        ] GC(534) Using 2 workers of 2 for evacuation
[230.022s][info][gc,phases      ] GC(534)   Pre Evacuate Collection Set: 0.40ms
[230.022s][info][gc,phases      ] GC(534)   Merge Heap Roots: 0.12ms
[230.022s][info][gc,phases      ] GC(534)   Evacuate Collection Set: 74.26ms
[230.022s][info][gc,phases      ] GC(534)   Post Evacuate Collection Set: 0.48ms
[230.022s][info][gc,phases      ] GC(534)   Other: 0.09ms
[230.022s][info][gc,heap        ] GC(534) Eden regions: 212->0(134)
[230.022s][info][gc,heap        ] GC(534) Survivor regions: 8->28(28)
[230.022s][info][gc,heap        ] GC(534) Old regions: 455->508
[230.022s][info][gc,heap        ] GC(534) Humongous regions: 4->4
[230.022s][info][gc,metaspace   ] GC(534) Metaspace: 18739K(18944K)->18739K(18944K) NonClass: 16079K(16192K)->16079K(16192K) Class: 2660K(2752K)->2660K(2752K)
[230.022s][info][gc             ] GC(534) Pause Young (Prepare Mixed) (G1 Evacuation Pause) 678M->539M(795M) 75.548ms
[230.022s][info][gc,cpu         ] GC(534) User=0.15s Sys=0.00s Real=0.07s
[230.087s][info][gc,start       ] GC(535) Pause Young (Mixed) (G1 Evacuation Pause)
[230.087s][info][gc,task        ] GC(535) Using 2 workers of 2 for evacuation
[230.161s][info][gc,phases      ] GC(535)   Pre Evacuate Collection Set: 0.27ms
[230.161s][info][gc,phases      ] GC(535)   Merge Heap Roots: 0.24ms
[230.161s][info][gc,phases      ] GC(535)   Evacuate Collection Set: 72.21ms
[230.161s][info][gc,phases      ] GC(535)   Post Evacuate Collection Set: 0.61ms
[230.161s][info][gc,phases      ] GC(535)   Other: 0.11ms
[230.161s][info][gc,heap        ] GC(535) Eden regions: 134->0(121)
[230.161s][info][gc,heap        ] GC(535) Survivor regions: 28->21(21)
[230.161s][info][gc,heap        ] GC(535) Old regions: 508->533
[230.161s][info][gc,heap        ] GC(535) Humongous regions: 4->4
[230.161s][info][gc,metaspace   ] GC(535) Metaspace: 18739K(18944K)->18739K(18944K) NonClass: 16079K(16192K)->16079K(16192K) Class: 2660K(2752K)->2660K(2752K)
[230.161s][info][gc             ] GC(535) Pause Young (Mixed) (G1 Evacuation Pause) 673M->557M(795M) 73.663ms
[230.161s][info][gc,cpu         ] GC(535) User=0.14s Sys=0.00s Real=0.07s
[230.249s][info][gc,start       ] GC(536) Pause Young (Concurrent Start) (G1 Evacuation Pause)
[230.249s][info][gc,task        ] GC(536) Using 2 workers of 2 for evacuation
[230.318s][info][gc,phases      ] GC(536)   Pre Evacuate Collection Set: 0.26ms
[230.318s][info][gc,phases      ] GC(536)   Merge Heap Roots: 0.37ms
[230.318s][info][gc,phases      ] GC(536)   Evacuate Collection Set: 67.40ms
[230.318s][info][gc,phases      ] GC(536)   Post Evacuate Collection Set: 0.53ms
[230.318s][info][gc,phases      ] GC(536)   Other: 0.18ms
[230.318s][info][gc,heap        ] GC(536) Eden regions: 121->0(92)
[230.318s][info][gc,heap        ] GC(536) Survivor regions: 21->18(18)
[230.318s][info][gc,heap        ] GC(536) Old regions: 533->586
[230.318s][info][gc,heap        ] GC(536) Humongous regions: 4->4
[230.318s][info][gc,metaspace   ] GC(536) Metaspace: 18739K(18944K)->18739K(18944K) NonClass: 16079K(16192K)->16079K(16192K) Class: 2660K(2752K)->2660K(2752K)
[230.318s][info][gc             ] GC(536) Pause Young (Concurrent Start) (G1 Evacuation Pause) 678M->607M(795M) 68.940ms
[230.318s][info][gc             ] GC(537) Concurrent Mark Cycle
[230.318s][info][gc,marking     ] GC(537) Concurrent Scan Root Regions
[230.320s][info][gc,cpu         ] GC(536) User=0.13s Sys=0.00s Real=0.07s
[230.365s][info][gc,marking     ] GC(537) Concurrent Scan Root Regions 47.236ms
[230.365s][info][gc,marking     ] GC(537) Concurrent Mark
[230.365s][info][gc,marking     ] GC(537) Concurrent Mark From Roots
[230.365s][info][gc,task        ] GC(537) Using 1 workers of 1 for marking
[230.467s][info][gc,start       ] GC(538) Pause Young (Normal) (G1 Evacuation Pause)
[230.468s][info][gc,task        ] GC(538) Using 2 workers of 2 for evacuation
[230.512s][info][gc,phases      ] GC(538)   Pre Evacuate Collection Set: 0.28ms
[230.512s][info][gc,phases      ] GC(538)   Merge Heap Roots: 0.42ms
[230.512s][info][gc,phases      ] GC(538)   Evacuate Collection Set: 43.17ms
[230.512s][info][gc,phases      ] GC(538)   Post Evacuate Collection Set: 0.36ms
[230.512s][info][gc,phases      ] GC(538)   Other: 0.09ms
[230.512s][info][gc,heap        ] GC(538) Eden regions: 92->0(90)
[230.512s][info][gc,heap        ] GC(538) Survivor regions: 18->14(14)
[230.512s][info][gc,heap        ] GC(538) Old regions: 586->606
[230.512s][info][gc,heap        ] GC(538) Humongous regions: 4->4
[230.512s][info][gc,metaspace   ] GC(538) Metaspace: 18739K(18944K)->18739K(18944K) NonClass: 16079K(16192K)->16079K(16192K) Class: 2660K(2752K)->2660K(2752K)
[230.512s][info][gc             ] GC(538) Pause Young (Normal) (G1 Evacuation Pause) 699M->623M(795M) 44.585ms
[230.512s][info][gc,cpu         ] GC(538) User=0.09s Sys=0.00s Real=0.04s
[230.685s][info][gc,start       ] GC(539) Pause Young (Normal) (G1 Evacuation Pause)
[230.685s][info][gc,task        ] GC(539) Using 2 workers of 2 for evacuation
[230.716s][info][gc,phases      ] GC(539)   Pre Evacuate Collection Set: 0.26ms
[230.716s][info][gc,phases      ] GC(539)   Merge Heap Roots: 0.30ms
[230.716s][info][gc,phases      ] GC(539)   Evacuate Collection Set: 28.55ms
[230.716s][info][gc,phases      ] GC(539)   Post Evacuate Collection Set: 1.09ms
[230.716s][info][gc,phases      ] GC(539)   Other: 0.12ms
[230.716s][info][gc,heap        ] GC(539) Eden regions: 90->0(133)
[230.716s][info][gc,heap        ] GC(539) Survivor regions: 14->6(13)
[230.716s][info][gc,heap        ] GC(539) Old regions: 606->621
[230.716s][info][gc,heap        ] GC(539) Humongous regions: 4->4
[230.716s][info][gc,metaspace   ] GC(539) Metaspace: 18740K(18944K)->18740K(18944K) NonClass: 16080K(16192K)->16080K(16192K) Class: 2660K(2752K)->2660K(2752K)
[230.716s][info][gc             ] GC(539) Pause Young (Normal) (G1 Evacuation Pause) 713M->630M(869M) 30.566ms
[230.716s][info][gc,cpu         ] GC(539) User=0.05s Sys=0.00s Real=0.03s
[230.878s][info][gc,marking     ] GC(537) Concurrent Mark From Roots 512.477ms
[230.878s][info][gc,marking     ] GC(537) Concurrent Preclean
[230.878s][info][gc,marking     ] GC(537) Concurrent Preclean 0.040ms
[230.878s][info][gc,start       ] GC(537) Pause Remark
[230.886s][info][gc             ] GC(537) Pause Remark 726M->449M(869M) 7.465ms
[230.886s][info][gc,cpu         ] GC(537) User=0.02s Sys=0.00s Real=0.00s
[230.886s][info][gc,marking     ] GC(537) Concurrent Mark 520.293ms
[230.886s][info][gc,marking     ] GC(537) Concurrent Rebuild Remembered Sets and Scrub Regions
[230.944s][info][gc,start       ] GC(540) Pause Young (Normal) (G1 Evacuation Pause)
[230.944s][info][gc,task        ] GC(540) Using 2 workers of 2 for evacuation
[230.983s][info][gc,phases      ] GC(540)   Pre Evacuate Collection Set: 0.36ms
[230.983s][info][gc,phases      ] GC(540)   Merge Heap Roots: 0.40ms
[230.983s][info][gc,phases      ] GC(540)   Evacuate Collection Set: 37.87ms
[230.983s][info][gc,phases      ] GC(540)   Post Evacuate Collection Set: 0.44ms
[230.983s][info][gc,phases      ] GC(540)   Other: 0.07ms
[230.983s][info][gc,heap        ] GC(540) Eden regions: 133->0(299)
[230.983s][info][gc,heap        ] GC(540) Survivor regions: 6->18(18)
[230.983s][info][gc,heap        ] GC(540) Old regions: 347->349
[230.983s][info][gc,heap        ] GC(540) Humongous regions: 4->4
[230.983s][info][gc,metaspace   ] GC(540) Metaspace: 18740K(18944K)->18740K(18944K) NonClass: 16080K(16192K)->16080K(16192K) Class: 2660K(2752K)->2660K(2752K)
[230.983s][info][gc             ] GC(540) Pause Young (Normal) (G1 Evacuation Pause) 489M->370M(869M) 39.326ms
[230.983s][info][gc,cpu         ] GC(540) User=0.08s Sys=0.00s Real=0.04s
[231.098s][info][gc,marking     ] GC(537) Concurrent Rebuild Remembered Sets and Scrub Regions 212.035ms
[231.099s][info][gc,start       ] GC(537) Pause Cleanup
[231.099s][info][gc             ] GC(537) Pause Cleanup 426M->426M(869M) 0.117ms
[231.099s][info][gc,cpu         ] GC(537) User=0.00s Sys=0.00s Real=0.00s
[231.101s][info][gc,marking     ] GC(537) Concurrent Clear Claimed Marks
[231.101s][info][gc,marking     ] GC(537) Concurrent Clear Claimed Marks 0.050ms
[231.101s][info][gc,marking     ] GC(537) Concurrent Cleanup for Next Mark
[231.105s][info][gc,marking     ] GC(537) Concurrent Cleanup for Next Mark 4.296ms
[231.105s][info][gc             ] GC(537) Concurrent Mark Cycle 786.989ms
[231.330s][info][gc,start       ] GC(541) Pause Young (Prepare Mixed) (G1 Evacuation Pause)
[231.330s][info][gc,task        ] GC(541) Using 2 workers of 2 for evacuation
[231.449s][info][gc,phases      ] GC(541)   Pre Evacuate Collection Set: 0.30ms
[231.449s][info][gc,phases      ] GC(541)   Merge Heap Roots: 0.78ms
[231.449s][info][gc,phases      ] GC(541)   Evacuate Collection Set: 117.01ms
[231.449s][info][gc,phases      ] GC(541)   Post Evacuate Collection Set: 0.57ms
[231.449s][info][gc,phases      ] GC(541)   Other: 0.11ms
[231.449s][info][gc,heap        ] GC(541) Eden regions: 299->0(260)
[231.449s][info][gc,heap        ] GC(541) Survivor regions: 18->40(40)
[231.449s][info][gc,heap        ] GC(541) Old regions: 349->390
[231.449s][info][gc,heap        ] GC(541) Humongous regions: 7->7
[231.449s][info][gc,metaspace   ] GC(541) Metaspace: 18740K(18944K)->18740K(18944K) NonClass: 16080K(16192K)->16080K(16192K) Class: 2660K(2752K)->2660K(2752K)
[231.449s][info][gc             ] GC(541) Pause Young (Prepare Mixed) (G1 Evacuation Pause) 672M->436M(869M) 119.089ms
[231.449s][info][gc,cpu         ] GC(541) User=0.23s Sys=0.00s Real=0.12s
[231.630s][info][gc,start       ] GC(542) Pause Young (Mixed) (G1 Evacuation Pause)
[231.630s][info][gc,task        ] GC(542) Using 2 workers of 2 for evacuation
[231.701s][info][gc,phases      ] GC(542)   Pre Evacuate Collection Set: 0.30ms
[231.701s][info][gc,phases      ] GC(542)   Merge Heap Roots: 0.30ms
[231.701s][info][gc,phases      ] GC(542)   Evacuate Collection Set: 68.77ms
[231.701s][info][gc,phases      ] GC(542)   Post Evacuate Collection Set: 0.74ms
[231.701s][info][gc,phases      ] GC(542)   Other: 0.11ms
[231.701s][info][gc,heap        ] GC(542) Eden regions: 260->0(297)
[231.701s][info][gc,heap        ] GC(542) Survivor regions: 40->18(38)
[231.701s][info][gc,heap        ] GC(542) Old regions: 390->375
[231.701s][info][gc,heap        ] GC(542) Humongous regions: 7->7
[231.701s][info][gc,metaspace   ] GC(542) Metaspace: 18740K(18944K)->18740K(18944K) NonClass: 16080K(16192K)->16080K(16192K) Class: 2660K(2752K)->2660K(2752K)
[231.701s][info][gc             ] GC(542) Pause Young (Mixed) (G1 Evacuation Pause) 696M->399M(869M) 70.498ms
[231.701s][info][gc,cpu         ] GC(542) User=0.14s Sys=0.00s Real=0.07s
[231.929s][info][gc,start       ] GC(543) Pause Young (Concurrent Start) (G1 Evacuation Pause)
[231.929s][info][gc,task        ] GC(543) Using 2 workers of 2 for evacuation
[231.968s][info][gc,phases      ] GC(543)   Pre Evacuate Collection Set: 0.29ms
[231.968s][info][gc,phases      ] GC(543)   Merge Heap Roots: 0.25ms
[231.968s][info][gc,phases      ] GC(543)   Evacuate Collection Set: 37.59ms
[231.968s][info][gc,phases      ] GC(543)   Post Evacuate Collection Set: 0.51ms
[231.968s][info][gc,phases      ] GC(543)   Other: 0.21ms
[231.968s][info][gc,heap        ] GC(543) Eden regions: 297->0(307)
[231.968s][info][gc,heap        ] GC(543) Survivor regions: 18->32(40)
[231.968s][info][gc,heap        ] GC(543) Old regions: 375->375
[231.968s][info][gc,heap        ] GC(543) Humongous regions: 7->7
[231.968s][info][gc,metaspace   ] GC(543) Metaspace: 18742K(18944K)->18742K(18944K) NonClass: 16082K(16192K)->16082K(16192K) Class: 2660K(2752K)->2660K(2752K)
[231.968s][info][gc             ] GC(543) Pause Young (Concurrent Start) (G1 Evacuation Pause) 696M->413M(869M) 39.060ms
[231.968s][info][gc             ] GC(544) Concurrent Mark Cycle
[231.968s][info][gc,marking     ] GC(544) Concurrent Scan Root Regions
[231.970s][info][gc,cpu         ] GC(543) User=0.08s Sys=0.00s Real=0.04s
[232.013s][info][gc,marking     ] GC(544) Concurrent Scan Root Regions 45.613ms
[232.014s][info][gc,marking     ] GC(544) Concurrent Mark
[232.014s][info][gc,marking     ] GC(544) Concurrent Mark From Roots
[232.014s][info][gc,task        ] GC(544) Using 1 workers of 1 for marking
[232.660s][info][gc,marking     ] GC(544) Concurrent Mark From Roots 646.130ms
[232.660s][info][gc,marking     ] GC(544) Concurrent Preclean
[232.660s][info][gc,marking     ] GC(544) Concurrent Preclean 0.040ms
[232.660s][info][gc,start       ] GC(544) Pause Remark
[232.667s][info][gc             ] GC(544) Pause Remark 678M->588M(869M) 7.432ms
[232.667s][info][gc,cpu         ] GC(544) User=0.01s Sys=0.00s Real=0.01s
[232.667s][info][gc,marking     ] GC(544) Concurrent Mark 653.926ms
[232.667s][info][gc,marking     ] GC(544) Concurrent Rebuild Remembered Sets and Scrub Regions
[232.859s][info][gc,start       ] GC(545) Pause Young (Normal) (G1 Evacuation Pause)
[232.859s][info][gc,task        ] GC(545) Using 2 workers of 2 for evacuation
[232.936s][info][gc,phases      ] GC(545)   Pre Evacuate Collection Set: 0.45ms
[232.936s][info][gc,phases      ] GC(545)   Merge Heap Roots: 0.52ms
[232.936s][info][gc,phases      ] GC(545)   Evacuate Collection Set: 75.59ms
[232.936s][info][gc,phases      ] GC(545)   Post Evacuate Collection Set: 0.55ms
[232.936s][info][gc,phases      ] GC(545)   Other: 0.10ms
[232.936s][info][gc,heap        ] GC(545) Eden regions: 307->0(356)
[232.936s][info][gc,heap        ] GC(545) Survivor regions: 32->43(43)
[232.936s][info][gc,heap        ] GC(545) Old regions: 288->311
[232.936s][info][gc,heap        ] GC(545) Humongous regions: 4->4
[232.936s][info][gc,metaspace   ] GC(545) Metaspace: 18742K(18944K)->18742K(18944K) NonClass: 16082K(16192K)->16082K(16192K) Class: 2660K(2752K)->2660K(2752K)
[232.936s][info][gc             ] GC(545) Pause Young (Normal) (G1 Evacuation Pause) 630M->357M(869M) 77.469ms
[232.936s][info][gc,cpu         ] GC(545) User=0.15s Sys=0.01s Real=0.07s
[232.944s][info][gc,marking     ] GC(544) Concurrent Rebuild Remembered Sets and Scrub Regions 276.167ms
[232.944s][info][gc,start       ] GC(544) Pause Cleanup
[232.944s][info][gc             ] GC(544) Pause Cleanup 360M->360M(869M) 0.084ms
[232.944s][info][gc,cpu         ] GC(544) User=0.00s Sys=0.00s Real=0.00s
[232.946s][info][gc,marking     ] GC(544) Concurrent Clear Claimed Marks
[232.946s][info][gc,marking     ] GC(544) Concurrent Clear Claimed Marks 0.046ms
[232.946s][info][gc,marking     ] GC(544) Concurrent Cleanup for Next Mark
[232.949s][info][gc,marking     ] GC(544) Concurrent Cleanup for Next Mark 2.511ms
[232.949s][info][gc             ] GC(544) Concurrent Mark Cycle 981.110ms
[233.772s][info][gc,start       ] GC(546) Pause Young (Prepare Mixed) (G1 Evacuation Pause)
[233.772s][info][gc,task        ] GC(546) Using 2 workers of 2 for evacuation
[233.818s][info][gc,phases      ] GC(546)   Pre Evacuate Collection Set: 0.29ms
[233.818s][info][gc,phases      ] GC(546)   Merge Heap Roots: 0.26ms
[233.818s][info][gc,phases      ] GC(546)   Evacuate Collection Set: 44.73ms
[233.818s][info][gc,phases      ] GC(546)   Post Evacuate Collection Set: 0.54ms
[233.818s][info][gc,phases      ] GC(546)   Other: 0.09ms
[233.818s][info][gc,heap        ] GC(546) Eden regions: 356->0(381)
[233.818s][info][gc,heap        ] GC(546) Survivor regions: 43->1(50)
[233.818s][info][gc,heap        ] GC(546) Old regions: 311->355
[233.818s][info][gc,heap        ] GC(546) Humongous regions: 4->4
[233.818s][info][gc,metaspace   ] GC(546) Metaspace: 18742K(18944K)->18742K(18944K) NonClass: 16082K(16192K)->16082K(16192K) Class: 2660K(2752K)->2660K(2752K)
[233.818s][info][gc             ] GC(546) Pause Young (Prepare Mixed) (G1 Evacuation Pause) 713M->359M(869M) 46.126ms
[233.818s][info][gc,cpu         ] GC(546) User=0.09s Sys=0.00s Real=0.05s
[234.496s][info][gc,start       ] GC(547) Pause Young (Mixed) (G1 Evacuation Pause)
[234.497s][info][gc,task        ] GC(547) Using 2 workers of 2 for evacuation
[234.550s][info][gc,phases      ] GC(547)   Pre Evacuate Collection Set: 0.43ms
[234.550s][info][gc,phases      ] GC(547)   Merge Heap Roots: 0.45ms
[234.550s][info][gc,phases      ] GC(547)   Evacuate Collection Set: 51.91ms
[234.550s][info][gc,phases      ] GC(547)   Post Evacuate Collection Set: 0.56ms
[234.550s][info][gc,phases      ] GC(547)   Other: 0.08ms
[234.550s][info][gc,heap        ] GC(547) Eden regions: 381->0(340)
[234.550s][info][gc,heap        ] GC(547) Survivor regions: 1->47(48)
[234.550s][info][gc,heap        ] GC(547) Old regions: 355->346
[234.550s][info][gc,heap        ] GC(547) Humongous regions: 4->4
[234.550s][info][gc,metaspace   ] GC(547) Metaspace: 18742K(18944K)->18742K(18944K) NonClass: 16082K(16192K)->16082K(16192K) Class: 2660K(2752K)->2660K(2752K)
[234.550s][info][gc             ] GC(547) Pause Young (Mixed) (G1 Evacuation Pause) 740M->396M(869M) 53.639ms
[234.550s][info][gc,cpu         ] GC(547) User=0.11s Sys=0.00s Real=0.05s
[234.813s][info][gc,start       ] GC(548) Pause Young (Concurrent Start) (G1 Evacuation Pause)
[234.813s][info][gc,task        ] GC(548) Using 2 workers of 2 for evacuation
[234.915s][info][gc,phases      ] GC(548)   Pre Evacuate Collection Set: 0.27ms
[234.915s][info][gc,phases      ] GC(548)   Merge Heap Roots: 0.15ms
[234.915s][info][gc,phases      ] GC(548)   Evacuate Collection Set: 100.97ms
[234.915s][info][gc,phases      ] GC(548)   Post Evacuate Collection Set: 0.71ms
[234.915s][info][gc,phases      ] GC(548)   Other: 0.10ms
[234.915s][info][gc,heap        ] GC(548) Eden regions: 340->0(274)
[234.915s][info][gc,heap        ] GC(548) Survivor regions: 47->49(49)
[234.915s][info][gc,heap        ] GC(548) Old regions: 346->415
[234.915s][info][gc,heap        ] GC(548) Humongous regions: 4->4
[234.915s][info][gc,metaspace   ] GC(548) Metaspace: 18743K(18944K)->18743K(18944K) NonClass: 16083K(16192K)->16083K(16192K) Class: 2660K(2752K)->2660K(2752K)
[234.915s][info][gc             ] GC(548) Pause Young (Concurrent Start) (G1 Evacuation Pause) 736M->467M(869M) 102.443ms
[234.915s][info][gc,cpu         ] GC(548) User=0.21s Sys=0.00s Real=0.10s
[234.915s][info][gc             ] GC(549) Concurrent Mark Cycle
[234.917s][info][gc,marking     ] GC(549) Concurrent Scan Root Regions
[234.976s][info][gc,marking     ] GC(549) Concurrent Scan Root Regions 59.461ms
[234.976s][info][gc,marking     ] GC(549) Concurrent Mark
[234.976s][info][gc,marking     ] GC(549) Concurrent Mark From Roots
[234.976s][info][gc,task        ] GC(549) Using 1 workers of 1 for marking
[235.267s][info][gc,start       ] GC(550) Pause Young (Normal) (G1 Evacuation Pause)
[235.267s][info][gc,task        ] GC(550) Using 2 workers of 2 for evacuation
[235.347s][info][gc,phases      ] GC(550)   Pre Evacuate Collection Set: 0.29ms
[235.347s][info][gc,phases      ] GC(550)   Merge Heap Roots: 0.41ms
[235.347s][info][gc,phases      ] GC(550)   Evacuate Collection Set: 77.83ms
[235.347s][info][gc,phases      ] GC(550)   Post Evacuate Collection Set: 0.65ms
[235.347s][info][gc,phases      ] GC(550)   Other: 0.09ms
[235.347s][info][gc,heap        ] GC(550) Eden regions: 274->0(268)
[235.347s][info][gc,heap        ] GC(550) Survivor regions: 49->24(41)
[235.347s][info][gc,heap        ] GC(550) Old regions: 415->454
[235.347s][info][gc,heap        ] GC(550) Humongous regions: 7->7
[235.347s][info][gc,metaspace   ] GC(550) Metaspace: 18743K(18944K)->18743K(18944K) NonClass: 16083K(16192K)->16083K(16192K) Class: 2660K(2752K)->2660K(2752K)
[235.347s][info][gc             ] GC(550) Pause Young (Normal) (G1 Evacuation Pause) 744M->484M(869M) 79.542ms
[235.347s][info][gc,cpu         ] GC(550) User=0.16s Sys=0.00s Real=0.08s
[235.710s][info][gc,start       ] GC(551) Pause Young (Normal) (G1 Evacuation Pause)
[235.710s][info][gc,task        ] GC(551) Using 2 workers of 2 for evacuation
[235.798s][info][gc,phases      ] GC(551)   Pre Evacuate Collection Set: 0.45ms
[235.798s][info][gc,phases      ] GC(551)   Merge Heap Roots: 0.41ms
[235.798s][info][gc,phases      ] GC(551)   Evacuate Collection Set: 86.37ms
[235.798s][info][gc,phases      ] GC(551)   Post Evacuate Collection Set: 0.83ms
[235.798s][info][gc,phases      ] GC(551)   Other: 0.10ms
[235.798s][info][gc,heap        ] GC(551) Eden regions: 268->0(258)
[235.798s][info][gc,heap        ] GC(551) Survivor regions: 24->37(37)
[235.798s][info][gc,heap        ] GC(551) Old regions: 454->483
[235.798s][info][gc,heap        ] GC(551) Humongous regions: 8->8
[235.798s][info][gc,metaspace   ] GC(551) Metaspace: 18743K(18944K)->18743K(18944K) NonClass: 16083K(16192K)->16083K(16192K) Class: 2660K(2752K)->2660K(2752K)
[235.798s][info][gc             ] GC(551) Pause Young (Normal) (G1 Evacuation Pause) 753M->527M(902M) 88.375ms
[235.798s][info][gc,cpu         ] GC(551) User=0.18s Sys=0.00s Real=0.09s
[236.126s][info][gc,marking     ] GC(549) Concurrent Mark From Roots 1149.640ms
[236.126s][info][gc,marking     ] GC(549) Concurrent Preclean
[236.126s][info][gc,marking     ] GC(549) Concurrent Preclean 0.042ms
[236.126s][info][gc,start       ] GC(549) Pause Remark
[236.133s][info][gc             ] GC(549) Pause Remark 782M->776M(902M) 7.285ms
[236.133s][info][gc,cpu         ] GC(549) User=0.02s Sys=0.00s Real=0.01s
[236.134s][info][gc,marking     ] GC(549) Concurrent Mark 1157.344ms
[236.134s][info][gc,marking     ] GC(549) Concurrent Rebuild Remembered Sets and Scrub Regions
[236.142s][info][gc,start       ] GC(552) Pause Young (Normal) (G1 Evacuation Pause)
[236.142s][info][gc,task        ] GC(552) Using 2 workers of 2 for evacuation
[236.205s][info][gc,phases      ] GC(552)   Pre Evacuate Collection Set: 0.23ms
[236.205s][info][gc,phases      ] GC(552)   Merge Heap Roots: 0.21ms
[236.205s][info][gc,phases      ] GC(552)   Evacuate Collection Set: 61.93ms
[236.205s][info][gc,phases      ] GC(552)   Post Evacuate Collection Set: 0.50ms
[236.205s][info][gc,phases      ] GC(552)   Other: 0.08ms
[236.205s][info][gc,heap        ] GC(552) Eden regions: 258->0(253)
[236.205s][info][gc,heap        ] GC(552) Survivor regions: 37->22(37)
[236.205s][info][gc,heap        ] GC(552) Old regions: 477->515
[236.205s][info][gc,heap        ] GC(552) Humongous regions: 8->8
[236.205s][info][gc,metaspace   ] GC(552) Metaspace: 18743K(18944K)->18743K(18944K) NonClass: 16083K(16192K)->16083K(16192K) Class: 2660K(2752K)->2660K(2752K)
[236.205s][info][gc             ] GC(552) Pause Young (Normal) (G1 Evacuation Pause) 779M->544M(902M) 63.118ms
[236.205s][info][gc,cpu         ] GC(552) User=0.13s Sys=0.00s Real=0.06s
[236.620s][info][gc,start       ] GC(553) Pause Young (Normal) (G1 Evacuation Pause)
[236.620s][info][gc,task        ] GC(553) Using 2 workers of 2 for evacuation
[236.655s][info][gc,phases      ] GC(553)   Pre Evacuate Collection Set: 0.28ms
[236.655s][info][gc,phases      ] GC(553)   Merge Heap Roots: 0.28ms
[236.655s][info][gc,phases      ] GC(553)   Evacuate Collection Set: 33.10ms
[236.655s][info][gc,phases      ] GC(553)   Post Evacuate Collection Set: 0.46ms
[236.655s][info][gc,phases      ] GC(553)   Other: 0.10ms
[236.655s][info][gc,heap        ] GC(553) Eden regions: 253->0(261)
[236.655s][info][gc,heap        ] GC(553) Survivor regions: 22->6(35)
[236.655s][info][gc,heap        ] GC(553) Old regions: 515->537
[236.655s][info][gc,heap        ] GC(553) Humongous regions: 8->8
[236.655s][info][gc,metaspace   ] GC(553) Metaspace: 18743K(18944K)->18743K(18944K) NonClass: 16083K(16192K)->16083K(16192K) Class: 2660K(2752K)->2660K(2752K)
[236.655s][info][gc             ] GC(553) Pause Young (Normal) (G1 Evacuation Pause) 797M->550M(902M) 34.461ms
[236.655s][info][gc,cpu         ] GC(553) User=0.07s Sys=0.00s Real=0.03s
[236.660s][info][gc,marking     ] GC(549) Concurrent Rebuild Remembered Sets and Scrub Regions 526.907ms
[236.661s][info][gc,start       ] GC(549) Pause Cleanup
[236.661s][info][gc             ] GC(549) Pause Cleanup 553M->553M(902M) 0.080ms
[236.661s][info][gc,cpu         ] GC(549) User=0.00s Sys=0.00s Real=0.00s
[236.661s][info][gc,marking     ] GC(549) Concurrent Clear Claimed Marks
[236.661s][info][gc,marking     ] GC(549) Concurrent Clear Claimed Marks 0.029ms
[236.661s][info][gc,marking     ] GC(549) Concurrent Cleanup for Next Mark
[236.664s][info][gc,marking     ] GC(549) Concurrent Cleanup for Next Mark 2.984ms
[236.664s][info][gc             ] GC(549) Concurrent Mark Cycle 1748.454ms
[237.048s][info][gc,start       ] GC(554) Pause Young (Prepare Mixed) (G1 Evacuation Pause)
[237.048s][info][gc,task        ] GC(554) Using 2 workers of 2 for evacuation
[237.103s][info][gc,phases      ] GC(554)   Pre Evacuate Collection Set: 0.29ms
[237.104s][info][gc,phases      ] GC(554)   Merge Heap Roots: 0.37ms
[237.104s][info][gc,phases      ] GC(554)   Evacuate Collection Set: 53.95ms
[237.104s][info][gc,phases      ] GC(554)   Post Evacuate Collection Set: 0.59ms
[237.104s][info][gc,phases      ] GC(554)   Other: 0.09ms
[237.104s][info][gc,heap        ] GC(554) Eden regions: 261->0(227)
[237.104s][info][gc,heap        ] GC(554) Survivor regions: 6->34(34)
[237.104s][info][gc,heap        ] GC(554) Old regions: 537->547
[237.104s][info][gc,heap        ] GC(554) Humongous regions: 8->8
[237.104s][info][gc,metaspace   ] GC(554) Metaspace: 18753K(18944K)->18753K(18944K) NonClass: 16093K(16192K)->16093K(16192K) Class: 2660K(2752K)->2660K(2752K)
[237.104s][info][gc             ] GC(554) Pause Young (Prepare Mixed) (G1 Evacuation Pause) 811M->588M(902M) 55.590ms
[237.104s][info][gc,cpu         ] GC(554) User=0.11s Sys=0.00s Real=0.05s
[237.333s][info][gc,start       ] GC(555) Pause Young (Mixed) (G1 Evacuation Pause)
[237.333s][info][gc,task        ] GC(555) Using 2 workers of 2 for evacuation
[237.418s][info][gc,phases      ] GC(555)   Pre Evacuate Collection Set: 0.27ms
[237.418s][info][gc,phases      ] GC(555)   Merge Heap Roots: 0.24ms
[237.418s][info][gc,phases      ] GC(555)   Evacuate Collection Set: 83.54ms
[237.418s][info][gc,phases      ] GC(555)   Post Evacuate Collection Set: 0.62ms
[237.418s][info][gc,phases      ] GC(555)   Other: 0.09ms
[237.418s][info][gc,heap        ] GC(555) Eden regions: 227->0(176)
[237.418s][info][gc,heap        ] GC(555) Survivor regions: 34->33(33)
[237.418s][info][gc,heap        ] GC(555) Old regions: 547->595
[237.418s][info][gc,heap        ] GC(555) Humongous regions: 8->8
[237.418s][info][gc,metaspace   ] GC(555) Metaspace: 18758K(18944K)->18758K(18944K) NonClass: 16097K(16192K)->16097K(16192K) Class: 2660K(2752K)->2660K(2752K)
[237.418s][info][gc             ] GC(555) Pause Young (Mixed) (G1 Evacuation Pause) 815M->635M(906M) 84.969ms
[237.418s][info][gc,cpu         ] GC(555) User=0.17s Sys=0.00s Real=0.09s
[237.678s][info][gc,start       ] GC(556) Pause Young (Concurrent Start) (G1 Evacuation Pause)
[237.678s][info][gc,task        ] GC(556) Using 2 workers of 2 for evacuation
[237.732s][info][gc,phases      ] GC(556)   Pre Evacuate Collection Set: 0.30ms
[237.732s][info][gc,phases      ] GC(556)   Merge Heap Roots: 0.40ms
[237.732s][info][gc,phases      ] GC(556)   Evacuate Collection Set: 52.61ms
[237.732s][info][gc,phases      ] GC(556)   Post Evacuate Collection Set: 0.49ms
[237.732s][info][gc,phases      ] GC(556)   Other: 0.11ms
[237.732s][info][gc,heap        ] GC(556) Eden regions: 176->0(164)
[237.732s][info][gc,heap        ] GC(556) Survivor regions: 33->23(27)
[237.732s][info][gc,heap        ] GC(556) Old regions: 595->628
[237.732s][info][gc,heap        ] GC(556) Humongous regions: 8->8
[237.732s][info][gc,metaspace   ] GC(556) Metaspace: 18758K(18944K)->18758K(18944K) NonClass: 16097K(16192K)->16097K(16192K) Class: 2660K(2752K)->2660K(2752K)
[237.732s][info][gc             ] GC(556) Pause Young (Concurrent Start) (G1 Evacuation Pause) 811M->658M(906M) 54.160ms
[237.732s][info][gc,cpu         ] GC(556) User=0.11s Sys=0.00s Real=0.05s
[237.732s][info][gc             ] GC(557) Concurrent Mark Cycle
[237.734s][info][gc,marking     ] GC(557) Concurrent Scan Root Regions
[237.790s][info][gc,marking     ] GC(557) Concurrent Scan Root Regions 56.174ms
[237.791s][info][gc,marking     ] GC(557) Concurrent Mark
[237.791s][info][gc,marking     ] GC(557) Concurrent Mark From Roots
[237.791s][info][gc,task        ] GC(557) Using 1 workers of 1 for marking
[238.114s][info][gc,start       ] GC(558) Pause Young (Normal) (G1 Evacuation Pause)
[238.114s][info][gc,task        ] GC(558) Using 2 workers of 2 for evacuation
[238.183s][info][gc,phases      ] GC(558)   Pre Evacuate Collection Set: 0.27ms
[238.183s][info][gc,phases      ] GC(558)   Merge Heap Roots: 0.31ms
[238.183s][info][gc,phases      ] GC(558)   Evacuate Collection Set: 67.66ms
[238.183s][info][gc,phases      ] GC(558)   Post Evacuate Collection Set: 0.79ms
[238.183s][info][gc,phases      ] GC(558)   Other: 0.09ms
[238.183s][info][gc,heap        ] GC(558) Eden regions: 164->0(156)
[238.183s][info][gc,heap        ] GC(558) Survivor regions: 23->24(24)
[238.183s][info][gc,heap        ] GC(558) Old regions: 628->657
[238.183s][info][gc,heap        ] GC(558) Humongous regions: 11->11
[238.183s][info][gc,metaspace   ] GC(558) Metaspace: 18758K(18944K)->18758K(18944K) NonClass: 16097K(16192K)->16097K(16192K) Class: 2660K(2752K)->2660K(2752K)
[238.183s][info][gc             ] GC(558) Pause Young (Normal) (G1 Evacuation Pause) 825M->691M(935M) 69.365ms
[238.183s][info][gc,cpu         ] GC(558) User=0.14s Sys=0.00s Real=0.07s
[238.506s][info][gc,start       ] GC(559) Pause Young (Normal) (G1 Evacuation Pause)
[238.506s][info][gc,task        ] GC(559) Using 2 workers of 2 for evacuation
[238.568s][info][gc,phases      ] GC(559)   Pre Evacuate Collection Set: 0.26ms
[238.568s][info][gc,phases      ] GC(559)   Merge Heap Roots: 0.28ms
[238.568s][info][gc,phases      ] GC(559)   Evacuate Collection Set: 61.28ms
[238.568s][info][gc,phases      ] GC(559)   Post Evacuate Collection Set: 0.40ms
[238.568s][info][gc,phases      ] GC(559)   Other: 0.09ms
[238.568s][info][gc,heap        ] GC(559) Eden regions: 156->0(143)
[238.568s][info][gc,heap        ] GC(559) Survivor regions: 24->22(23)
[238.568s][info][gc,heap        ] GC(559) Old regions: 657->682
[238.568s][info][gc,heap        ] GC(559) Humongous regions: 11->11
[238.568s][info][gc,metaspace   ] GC(559) Metaspace: 18758K(18944K)->18758K(18944K) NonClass: 16097K(16192K)->16097K(16192K) Class: 2660K(2752K)->2660K(2752K)
[238.568s][info][gc             ] GC(559) Pause Young (Normal) (G1 Evacuation Pause) 847M->714M(935M) 62.539ms
[238.568s][info][gc,cpu         ] GC(559) User=0.12s Sys=0.00s Real=0.07s
[238.770s][info][gc,start       ] GC(560) Pause Young (Normal) (G1 Evacuation Pause)
[238.770s][info][gc,task        ] GC(560) Using 2 workers of 2 for evacuation
[238.797s][info][gc,phases      ] GC(560)   Pre Evacuate Collection Set: 0.26ms
[238.797s][info][gc,phases      ] GC(560)   Merge Heap Roots: 0.16ms
[238.797s][info][gc,phases      ] GC(560)   Evacuate Collection Set: 26.15ms
[238.797s][info][gc,phases      ] GC(560)   Post Evacuate Collection Set: 0.36ms
[238.797s][info][gc,phases      ] GC(560)   Other: 0.07ms
[238.797s][info][gc,heap        ] GC(560) Eden regions: 143->0(151)
[238.797s][info][gc,heap        ] GC(560) Survivor regions: 22->3(21)
[238.797s][info][gc,heap        ] GC(560) Old regions: 682->704
[238.797s][info][gc,heap        ] GC(560) Humongous regions: 11->11
[238.797s][info][gc,metaspace   ] GC(560) Metaspace: 18758K(18944K)->18758K(18944K) NonClass: 16097K(16192K)->16097K(16192K) Class: 2660K(2752K)->2660K(2752K)
[238.798s][info][gc             ] GC(560) Pause Young (Normal) (G1 Evacuation Pause) 857M->717M(935M) 27.234ms
[238.798s][info][gc,cpu         ] GC(560) User=0.05s Sys=0.01s Real=0.03s
[239.009s][info][gc,marking     ] GC(557) Concurrent Mark From Roots 1218.539ms
[239.009s][info][gc,marking     ] GC(557) Concurrent Preclean
[239.009s][info][gc,marking     ] GC(557) Concurrent Preclean 0.037ms
[239.009s][info][gc,start       ] GC(557) Pause Remark
[239.017s][info][gc             ] GC(557) Pause Remark 841M->738M(978M) 7.781ms
[239.017s][info][gc,cpu         ] GC(557) User=0.01s Sys=0.00s Real=0.01s
[239.017s][info][gc,marking     ] GC(557) Concurrent Mark 1226.645ms
[239.017s][info][gc,marking     ] GC(557) Concurrent Rebuild Remembered Sets and Scrub Regions
[239.097s][info][gc,start       ] GC(561) Pause Young (Normal) (G1 Evacuation Pause)
[239.097s][info][gc,task        ] GC(561) Using 2 workers of 2 for evacuation
[239.115s][info][gc,phases      ] GC(561)   Pre Evacuate Collection Set: 0.24ms
[239.115s][info][gc,phases      ] GC(561)   Merge Heap Roots: 0.20ms
[239.115s][info][gc,phases      ] GC(561)   Evacuate Collection Set: 17.24ms
[239.115s][info][gc,phases      ] GC(561)   Post Evacuate Collection Set: 0.41ms
[239.115s][info][gc,phases      ] GC(561)   Other: 0.09ms
[239.115s][info][gc,heap        ] GC(561) Eden regions: 151->0(257)
[239.115s][info][gc,heap        ] GC(561) Survivor regions: 3->7(20)
[239.115s][info][gc,heap        ] GC(561) Old regions: 605->605
[239.115s][info][gc,heap        ] GC(561) Humongous regions: 7->7
[239.115s][info][gc,metaspace   ] GC(561) Metaspace: 18762K(18944K)->18762K(18944K) NonClass: 16102K(16192K)->16102K(16192K) Class: 2660K(2752K)->2660K(2752K)
[239.115s][info][gc             ] GC(561) Pause Young (Normal) (G1 Evacuation Pause) 765M->618M(978M) 18.390ms
[239.115s][info][gc,cpu         ] GC(561) User=0.03s Sys=0.01s Real=0.01s
[239.642s][info][gc,marking     ] GC(557) Concurrent Rebuild Remembered Sets and Scrub Regions 625.083ms
[239.642s][info][gc,start       ] GC(557) Pause Cleanup
[239.643s][info][gc             ] GC(557) Pause Cleanup 846M->846M(978M) 0.200ms
[239.643s][info][gc,cpu         ] GC(557) User=0.00s Sys=0.00s Real=0.00s
[239.643s][info][gc,marking     ] GC(557) Concurrent Clear Claimed Marks
[239.643s][info][gc,marking     ] GC(557) Concurrent Clear Claimed Marks 0.043ms
[239.643s][info][gc,marking     ] GC(557) Concurrent Cleanup for Next Mark
[239.650s][info][gc,marking     ] GC(557) Concurrent Cleanup for Next Mark 7.368ms
[239.650s][info][gc             ] GC(557) Concurrent Mark Cycle 1918.291ms
[239.702s][info][gc,start       ] GC(562) Pause Young (Prepare Mixed) (G1 Evacuation Pause)
[239.702s][info][gc,task        ] GC(562) Using 2 workers of 2 for evacuation
[239.756s][info][gc,phases      ] GC(562)   Pre Evacuate Collection Set: 0.27ms
[239.756s][info][gc,phases      ] GC(562)   Merge Heap Roots: 0.57ms
[239.756s][info][gc,phases      ] GC(562)   Evacuate Collection Set: 51.68ms
[239.756s][info][gc,phases      ] GC(562)   Post Evacuate Collection Set: 0.55ms
[239.756s][info][gc,phases      ] GC(562)   Other: 0.10ms
[239.756s][info][gc,heap        ] GC(562) Eden regions: 257->0(235)
[239.756s][info][gc,heap        ] GC(562) Survivor regions: 7->33(33)
[239.756s][info][gc,heap        ] GC(562) Old regions: 605->608
[239.756s][info][gc,heap        ] GC(562) Humongous regions: 7->7
[239.756s][info][gc,metaspace   ] GC(562) Metaspace: 18762K(18944K)->18762K(18944K) NonClass: 16102K(16192K)->16102K(16192K) Class: 2660K(2752K)->2660K(2752K)
[239.756s][info][gc             ] GC(562) Pause Young (Prepare Mixed) (G1 Evacuation Pause) 875M->647M(978M) 53.386ms
[239.756s][info][gc,cpu         ] GC(562) User=0.11s Sys=0.00s Real=0.05s
[240.066s][info][gc,start       ] GC(563) Pause Young (Mixed) (G1 Evacuation Pause)
[240.066s][info][gc,task        ] GC(563) Using 2 workers of 2 for evacuation
[240.196s][info][gc,phases      ] GC(563)   Pre Evacuate Collection Set: 0.38ms
[240.196s][info][gc,phases      ] GC(563)   Merge Heap Roots: 0.50ms
[240.196s][info][gc,phases      ] GC(563)   Evacuate Collection Set: 121.13ms
[240.196s][info][gc,phases      ] GC(563)   Post Evacuate Collection Set: 7.75ms
[240.196s][info][gc,phases      ] GC(563)   Other: 0.09ms
[240.196s][info][gc,heap        ] GC(563) Eden regions: 235->0(183)
[240.196s][info][gc,heap        ] GC(563) Survivor regions: 33->34(34)
[240.196s][info][gc,heap        ] GC(563) Old regions: 608->648
[240.196s][info][gc,heap        ] GC(563) Humongous regions: 7->7
[240.196s][info][gc,metaspace   ] GC(563) Metaspace: 18767K(18944K)->18767K(18944K) NonClass: 16107K(16192K)->16107K(16192K) Class: 2660K(2752K)->2660K(2752K)
[240.196s][info][gc             ] GC(563) Pause Young (Mixed) (G1 Evacuation Pause) (Evacuation Failure: Allocation) 882M->688M(978M) 130.116ms
[240.196s][info][gc,cpu         ] GC(563) User=0.26s Sys=0.00s Real=0.13s
[240.509s][info][gc,start       ] GC(564) Pause Young (Mixed) (G1 Evacuation Pause)
[240.509s][info][gc,task        ] GC(564) Using 2 workers of 2 for evacuation
[240.640s][info][gc,phases      ] GC(564)   Pre Evacuate Collection Set: 0.55ms
[240.640s][info][gc,phases      ] GC(564)   Merge Heap Roots: 2.33ms
[240.640s][info][gc,phases      ] GC(564)   Evacuate Collection Set: 109.68ms
[240.640s][info][gc,phases      ] GC(564)   Merge Optional Heap Roots: 0.13ms
[240.640s][info][gc,phases      ] GC(564)   Evacuate Optional Collection Set: 17.50ms
[240.640s][info][gc,phases      ] GC(564)   Post Evacuate Collection Set: 1.11ms
[240.640s][info][gc,phases      ] GC(564)   Other: 0.13ms
[240.640s][info][gc,heap        ] GC(564) Eden regions: 183->0(242)
[240.640s][info][gc,heap        ] GC(564) Survivor regions: 34->11(28)
[240.640s][info][gc,heap        ] GC(564) Old regions: 648->610
[240.640s][info][gc,heap        ] GC(564) Humongous regions: 8->8
[240.640s][info][gc,metaspace   ] GC(564) Metaspace: 18767K(18944K)->18767K(18944K) NonClass: 16107K(16192K)->16107K(16192K) Class: 2660K(2752K)->2660K(2752K)
[240.640s][info][gc             ] GC(564) Pause Young (Mixed) (G1 Evacuation Pause) 872M->627M(978M) 131.779ms
[240.641s][info][gc,cpu         ] GC(564) User=0.26s Sys=0.00s Real=0.13s
[240.959s][info][gc,start       ] GC(565) Pause Young (Mixed) (G1 Evacuation Pause)
[240.960s][info][gc,task        ] GC(565) Using 2 workers of 2 for evacuation
[241.119s][info][gc,phases      ] GC(565)   Pre Evacuate Collection Set: 0.48ms
[241.119s][info][gc,phases      ] GC(565)   Merge Heap Roots: 1.47ms
[241.119s][info][gc,phases      ] GC(565)   Evacuate Collection Set: 156.72ms
[241.119s][info][gc,phases      ] GC(565)   Post Evacuate Collection Set: 0.55ms
[241.119s][info][gc,phases      ] GC(565)   Other: 0.08ms
[241.119s][info][gc,heap        ] GC(565) Eden regions: 242->0(200)
[241.119s][info][gc,heap        ] GC(565) Survivor regions: 11->32(32)
[241.119s][info][gc,heap        ] GC(565) Old regions: 610->634
[241.119s][info][gc,heap        ] GC(565) Humongous regions: 10->10
[241.119s][info][gc,metaspace   ] GC(565) Metaspace: 18767K(18944K)->18767K(18944K) NonClass: 16107K(16192K)->16107K(16192K) Class: 2660K(2752K)->2660K(2752K)
[241.119s][info][gc             ] GC(565) Pause Young (Mixed) (G1 Evacuation Pause) 871M->675M(978M) 159.526ms
[241.119s][info][gc,cpu         ] GC(565) User=0.32s Sys=0.00s Real=0.16s
[241.309s][info][gc,start       ] GC(566) Pause Young (Concurrent Start) (G1 Evacuation Pause)
[241.309s][info][gc,task        ] GC(566) Using 2 workers of 2 for evacuation
[241.354s][info][gc,phases      ] GC(566)   Pre Evacuate Collection Set: 0.29ms
[241.354s][info][gc,phases      ] GC(566)   Merge Heap Roots: 0.28ms
[241.354s][info][gc,phases      ] GC(566)   Evacuate Collection Set: 43.48ms
[241.354s][info][gc,phases      ] GC(566)   Post Evacuate Collection Set: 0.41ms
[241.354s][info][gc,phases      ] GC(566)   Other: 0.10ms
[241.354s][info][gc,heap        ] GC(566) Eden regions: 200->0(215)
[241.354s][info][gc,heap        ] GC(566) Survivor regions: 32->1(29)
[241.354s][info][gc,heap        ] GC(566) Old regions: 634->666
[241.354s][info][gc,heap        ] GC(566) Humongous regions: 10->10
[241.354s][info][gc,metaspace   ] GC(566) Metaspace: 18767K(18944K)->18767K(18944K) NonClass: 16107K(16192K)->16107K(16192K) Class: 2660K(2752K)->2660K(2752K)
[241.354s][info][gc             ] GC(566) Pause Young (Concurrent Start) (G1 Evacuation Pause) 875M->676M(978M) 44.784ms
[241.354s][info][gc             ] GC(567) Concurrent Mark Cycle
[241.354s][info][gc,marking     ] GC(567) Concurrent Scan Root Regions
[241.356s][info][gc,cpu         ] GC(566) User=0.09s Sys=0.00s Real=0.05s
[241.417s][info][gc,marking     ] GC(567) Concurrent Scan Root Regions 63.083ms
[241.417s][info][gc,marking     ] GC(567) Concurrent Mark
[241.417s][info][gc,marking     ] GC(567) Concurrent Mark From Roots
[241.417s][info][gc,task        ] GC(567) Using 1 workers of 1 for marking
[241.775s][info][gc,start       ] GC(568) Pause Young (Normal) (G1 Evacuation Pause)
[241.775s][info][gc,task        ] GC(568) Using 2 workers of 2 for evacuation
[241.794s][info][gc,phases      ] GC(568)   Pre Evacuate Collection Set: 0.28ms
[241.794s][info][gc,phases      ] GC(568)   Merge Heap Roots: 0.17ms
[241.794s][info][gc,phases      ] GC(568)   Evacuate Collection Set: 18.53ms
[241.794s][info][gc,phases      ] GC(568)   Post Evacuate Collection Set: 0.42ms
[241.794s][info][gc,phases      ] GC(568)   Other: 0.09ms
[241.794s][info][gc,heap        ] GC(568) Eden regions: 215->0(211)
[241.794s][info][gc,heap        ] GC(568) Survivor regions: 1->14(27)
[241.794s][info][gc,heap        ] GC(568) Old regions: 666->666
[241.794s][info][gc,heap        ] GC(568) Humongous regions: 10->10
[241.794s][info][gc,metaspace   ] GC(568) Metaspace: 18767K(18944K)->18767K(18944K) NonClass: 16107K(16192K)->16107K(16192K) Class: 2660K(2752K)->2660K(2752K)
[241.794s][info][gc             ] GC(568) Pause Young (Normal) (G1 Evacuation Pause) 891M->689M(978M) 19.736ms
[241.794s][info][gc,cpu         ] GC(568) User=0.04s Sys=0.00s Real=0.02s
[242.491s][info][gc,start       ] GC(569) Pause Young (Normal) (G1 Evacuation Pause)
[242.492s][info][gc,task        ] GC(569) Using 2 workers of 2 for evacuation
[242.529s][info][gc,phases      ] GC(569)   Pre Evacuate Collection Set: 0.48ms
[242.529s][info][gc,phases      ] GC(569)   Merge Heap Roots: 0.25ms
[242.529s][info][gc,phases      ] GC(569)   Evacuate Collection Set: 36.10ms
[242.529s][info][gc,phases      ] GC(569)   Post Evacuate Collection Set: 0.45ms
[242.529s][info][gc,phases      ] GC(569)   Other: 0.07ms
[242.529s][info][gc,heap        ] GC(569) Eden regions: 211->0(192)
[242.529s][info][gc,heap        ] GC(569) Survivor regions: 14->29(29)
[242.529s][info][gc,heap        ] GC(569) Old regions: 666->668
[242.529s][info][gc,heap        ] GC(569) Humongous regions: 10->10
[242.529s][info][gc,metaspace   ] GC(569) Metaspace: 18767K(18944K)->18767K(18944K) NonClass: 16107K(16192K)->16107K(16192K) Class: 2660K(2752K)->2660K(2752K)
[242.529s][info][gc             ] GC(569) Pause Young (Normal) (G1 Evacuation Pause) 900M->706M(978M) 37.584ms
[242.529s][info][gc,cpu         ] GC(569) User=0.07s Sys=0.00s Real=0.04s
[242.742s][info][gc,marking     ] GC(567) Concurrent Mark From Roots 1324.289ms
[242.742s][info][gc,marking     ] GC(567) Concurrent Preclean
[242.742s][info][gc,marking     ] GC(567) Concurrent Preclean 0.041ms
[242.742s][info][gc,start       ] GC(567) Pause Remark
[242.749s][info][gc             ] GC(567) Pause Remark 762M->642M(978M) 7.426ms
[242.749s][info][gc,cpu         ] GC(567) User=0.01s Sys=0.00s Real=0.01s
[242.751s][info][gc,marking     ] GC(567) Concurrent Mark 1333.978ms
[242.751s][info][gc,marking     ] GC(567) Concurrent Rebuild Remembered Sets and Scrub Regions
[243.187s][info][gc,marking     ] GC(567) Concurrent Rebuild Remembered Sets and Scrub Regions 435.473ms
[243.187s][info][gc,start       ] GC(567) Pause Cleanup
[243.187s][info][gc             ] GC(567) Pause Cleanup 775M->775M(978M) 0.112ms
[243.187s][info][gc,cpu         ] GC(567) User=0.00s Sys=0.00s Real=0.00s
[243.187s][info][gc,marking     ] GC(567) Concurrent Clear Claimed Marks
[243.187s][info][gc,marking     ] GC(567) Concurrent Clear Claimed Marks 0.030ms
[243.187s][info][gc,marking     ] GC(567) Concurrent Cleanup for Next Mark
[243.190s][info][gc,marking     ] GC(567) Concurrent Cleanup for Next Mark 2.854ms
[243.190s][info][gc             ] GC(567) Concurrent Mark Cycle 1835.920ms
[243.199s][info][gc,start       ] GC(570) Pause Young (Prepare Mixed) (G1 Evacuation Pause)
[243.199s][info][gc,task        ] GC(570) Using 2 workers of 2 for evacuation
[243.238s][info][gc,phases      ] GC(570)   Pre Evacuate Collection Set: 0.44ms
[243.238s][info][gc,phases      ] GC(570)   Merge Heap Roots: 0.71ms
[243.238s][info][gc,phases      ] GC(570)   Evacuate Collection Set: 37.24ms
[243.238s][info][gc,phases      ] GC(570)   Post Evacuate Collection Set: 0.39ms
[243.238s][info][gc,phases      ] GC(570)   Other: 0.07ms
[243.238s][info][gc,heap        ] GC(570) Eden regions: 192->0(304)
[243.238s][info][gc,heap        ] GC(570) Survivor regions: 29->1(28)
[243.238s][info][gc,heap        ] GC(570) Old regions: 552->582
[243.238s][info][gc,heap        ] GC(570) Humongous regions: 6->6
[243.238s][info][gc,metaspace   ] GC(570) Metaspace: 18767K(18944K)->18767K(18944K) NonClass: 16107K(16192K)->16107K(16192K) Class: 2660K(2752K)->2660K(2752K)
[243.238s][info][gc             ] GC(570) Pause Young (Prepare Mixed) (G1 Evacuation Pause) 778M->588M(978M) 39.038ms
[243.238s][info][gc,cpu         ] GC(570) User=0.07s Sys=0.00s Real=0.04s
[243.702s][info][gc,start       ] GC(571) Pause Young (Mixed) (G1 Evacuation Pause)
[243.702s][info][gc,task        ] GC(571) Using 2 workers of 2 for evacuation
[243.756s][info][gc,phases      ] GC(571)   Pre Evacuate Collection Set: 0.30ms
[243.756s][info][gc,phases      ] GC(571)   Merge Heap Roots: 0.31ms
[243.756s][info][gc,phases      ] GC(571)   Evacuate Collection Set: 52.90ms
[243.756s][info][gc,phases      ] GC(571)   Post Evacuate Collection Set: 0.64ms
[243.756s][info][gc,phases      ] GC(571)   Other: 0.10ms
[243.756s][info][gc,heap        ] GC(571) Eden regions: 304->0(260)
[243.756s][info][gc,heap        ] GC(571) Survivor regions: 1->39(39)
[243.756s][info][gc,heap        ] GC(571) Old regions: 582->570
[243.756s][info][gc,heap        ] GC(571) Humongous regions: 6->6
[243.756s][info][gc,metaspace   ] GC(571) Metaspace: 18767K(18944K)->18767K(18944K) NonClass: 16107K(16192K)->16107K(16192K) Class: 2660K(2752K)->2660K(2752K)
[243.756s][info][gc             ] GC(571) Pause Young (Mixed) (G1 Evacuation Pause) 892M->614M(978M) 54.552ms
[243.756s][info][gc,cpu         ] GC(571) User=0.11s Sys=0.00s Real=0.06s
[244.096s][info][gc,start       ] GC(572) Pause Young (Concurrent Start) (G1 Humongous Allocation)
[244.096s][info][gc,task        ] GC(572) Using 2 workers of 2 for evacuation
[244.161s][info][gc,phases      ] GC(572)   Pre Evacuate Collection Set: 0.35ms
[244.162s][info][gc,phases      ] GC(572)   Merge Heap Roots: 0.29ms
[244.162s][info][gc,phases      ] GC(572)   Evacuate Collection Set: 64.26ms
[244.162s][info][gc,phases      ] GC(572)   Post Evacuate Collection Set: 0.59ms
[244.162s][info][gc,phases      ] GC(572)   Other: 0.21ms
[244.162s][info][gc,heap        ] GC(572) Eden regions: 237->0(238)
[244.162s][info][gc,heap        ] GC(572) Survivor regions: 39->26(38)
[244.162s][info][gc,heap        ] GC(572) Old regions: 570->610
[244.162s][info][gc,heap        ] GC(572) Humongous regions: 6->6
[244.162s][info][gc,metaspace   ] GC(572) Metaspace: 18768K(18944K)->18768K(18944K) NonClass: 16108K(16192K)->16108K(16192K) Class: 2660K(2752K)->2660K(2752K)
[244.162s][info][gc             ] GC(572) Pause Young (Concurrent Start) (G1 Humongous Allocation) 851M->640M(978M) 65.983ms
[244.162s][info][gc,cpu         ] GC(572) User=0.13s Sys=0.00s Real=0.07s
[244.162s][info][gc             ] GC(573) Concurrent Mark Cycle
[244.162s][info][gc,marking     ] GC(573) Concurrent Scan Root Regions
[244.228s][info][gc,marking     ] GC(573) Concurrent Scan Root Regions 66.590ms
[244.228s][info][gc,marking     ] GC(573) Concurrent Mark
[244.228s][info][gc,marking     ] GC(573) Concurrent Mark From Roots
[244.228s][info][gc,task        ] GC(573) Using 1 workers of 1 for marking
[244.656s][info][gc,start       ] GC(574) Pause Young (Normal) (G1 Evacuation Pause)
[244.656s][info][gc,task        ] GC(574) Using 2 workers of 2 for evacuation
[244.742s][info][gc,phases      ] GC(574)   Pre Evacuate Collection Set: 0.52ms
[244.742s][info][gc,phases      ] GC(574)   Merge Heap Roots: 0.32ms
[244.742s][info][gc,phases      ] GC(574)   Evacuate Collection Set: 83.99ms
[244.742s][info][gc,phases      ] GC(574)   Post Evacuate Collection Set: 0.50ms
[244.742s][info][gc,phases      ] GC(574)   Other: 0.09ms
[244.742s][info][gc,heap        ] GC(574) Eden regions: 238->0(198)
[244.742s][info][gc,heap        ] GC(574) Survivor regions: 26->33(33)
[244.742s][info][gc,heap        ] GC(574) Old regions: 610->648
[244.742s][info][gc,heap        ] GC(574) Humongous regions: 9->9
[244.742s][info][gc,metaspace   ] GC(574) Metaspace: 18768K(18944K)->18768K(18944K) NonClass: 16108K(16192K)->16108K(16192K) Class: 2660K(2752K)->2660K(2752K)
[244.742s][info][gc             ] GC(574) Pause Young (Normal) (G1 Evacuation Pause) 881M->689M(978M) 85.675ms
[244.742s][info][gc,cpu         ] GC(574) User=0.17s Sys=0.00s Real=0.09s
[245.096s][info][gc,start       ] GC(575) Pause Young (Normal) (G1 Evacuation Pause)
[245.096s][info][gc,task        ] GC(575) Using 2 workers of 2 for evacuation
[245.138s][info][gc,phases      ] GC(575)   Pre Evacuate Collection Set: 0.30ms
[245.138s][info][gc,phases      ] GC(575)   Merge Heap Roots: 0.16ms
[245.138s][info][gc,phases      ] GC(575)   Evacuate Collection Set: 40.22ms
[245.138s][info][gc,phases      ] GC(575)   Post Evacuate Collection Set: 0.44ms
[245.138s][info][gc,phases      ] GC(575)   Other: 0.10ms
[245.138s][info][gc,heap        ] GC(575) Eden regions: 198->0(204)
[245.138s][info][gc,heap        ] GC(575) Survivor regions: 33->5(29)
[245.138s][info][gc,heap        ] GC(575) Old regions: 648->682
[245.138s][info][gc,heap        ] GC(575) Humongous regions: 9->9
[245.138s][info][gc,metaspace   ] GC(575) Metaspace: 18768K(18944K)->18768K(18944K) NonClass: 16108K(16192K)->16108K(16192K) Class: 2660K(2752K)->2660K(2752K)
[245.138s][info][gc             ] GC(575) Pause Young (Normal) (G1 Evacuation Pause) 887M->695M(978M) 41.476ms
[245.138s][info][gc,cpu         ] GC(575) User=0.08s Sys=0.00s Real=0.04s
[245.495s][info][gc,start       ] GC(576) Pause Young (Normal) (G1 Evacuation Pause)
[245.495s][info][gc,task        ] GC(576) Using 2 workers of 2 for evacuation
[245.512s][info][gc,phases      ] GC(576)   Pre Evacuate Collection Set: 0.30ms
[245.512s][info][gc,phases      ] GC(576)   Merge Heap Roots: 0.22ms
[245.512s][info][gc,phases      ] GC(576)   Evacuate Collection Set: 15.58ms
[245.512s][info][gc,phases      ] GC(576)   Post Evacuate Collection Set: 0.41ms
[245.512s][info][gc,phases      ] GC(576)   Other: 0.12ms
[245.512s][info][gc,heap        ] GC(576) Eden regions: 204->0(211)
[245.512s][info][gc,heap        ] GC(576) Survivor regions: 5->9(27)
[245.512s][info][gc,heap        ] GC(576) Old regions: 682->682
[245.512s][info][gc,heap        ] GC(576) Humongous regions: 9->9
[245.512s][info][gc,metaspace   ] GC(576) Metaspace: 18768K(18944K)->18768K(18944K) NonClass: 16108K(16192K)->16108K(16192K) Class: 2660K(2752K)->2660K(2752K)
[245.512s][info][gc             ] GC(576) Pause Young (Normal) (G1 Evacuation Pause) 899M->699M(978M) 16.864ms
[245.512s][info][gc,cpu         ] GC(576) User=0.03s Sys=0.00s Real=0.02s
[245.951s][info][gc,start       ] GC(577) Pause Young (Normal) (G1 Evacuation Pause)
[245.951s][info][gc,task        ] GC(577) Using 2 workers of 2 for evacuation
[246.001s][info][gc,phases      ] GC(577)   Pre Evacuate Collection Set: 0.28ms
[246.001s][info][gc,phases      ] GC(577)   Merge Heap Roots: 0.47ms
[246.001s][info][gc,phases      ] GC(577)   Evacuate Collection Set: 48.61ms
[246.001s][info][gc,phases      ] GC(577)   Post Evacuate Collection Set: 0.45ms
[246.001s][info][gc,phases      ] GC(577)   Other: 0.07ms
[246.001s][info][gc,heap        ] GC(577) Eden regions: 211->0(175)
[246.001s][info][gc,heap        ] GC(577) Survivor regions: 9->28(28)
[246.001s][info][gc,heap        ] GC(577) Old regions: 682->688
[246.001s][info][gc,heap        ] GC(577) Humongous regions: 9->9
[246.001s][info][gc,metaspace   ] GC(577) Metaspace: 18768K(18944K)->18768K(18944K) NonClass: 16108K(16192K)->16108K(16192K) Class: 2660K(2752K)->2660K(2752K)
[246.001s][info][gc             ] GC(577) Pause Young (Normal) (G1 Evacuation Pause) 910M->724M(978M) 50.100ms
[246.001s][info][gc,cpu         ] GC(577) User=0.10s Sys=0.00s Real=0.05s
[246.079s][info][gc,marking     ] GC(573) Concurrent Mark From Roots 1850.745ms
[246.079s][info][gc,marking     ] GC(573) Concurrent Preclean
[246.079s][info][gc,marking     ] GC(573) Concurrent Preclean 0.051ms
[246.081s][info][gc,start       ] GC(573) Pause Remark
[246.089s][info][gc             ] GC(573) Pause Remark 753M->744M(978M) 7.451ms
[246.089s][info][gc,cpu         ] GC(573) User=0.01s Sys=0.00s Real=0.01s
[246.089s][info][gc,marking     ] GC(573) Concurrent Mark 1860.300ms
[246.089s][info][gc,marking     ] GC(573) Concurrent Rebuild Remembered Sets and Scrub Regions
[246.486s][info][gc,start       ] GC(578) Pause Young (Normal) (G1 Evacuation Pause)
[246.487s][info][gc,task        ] GC(578) Using 2 workers of 2 for evacuation
[246.538s][info][gc,phases      ] GC(578)   Pre Evacuate Collection Set: 0.47ms
[246.538s][info][gc,phases      ] GC(578)   Merge Heap Roots: 0.27ms
[246.538s][info][gc,phases      ] GC(578)   Evacuate Collection Set: 50.36ms
[246.538s][info][gc,phases      ] GC(578)   Post Evacuate Collection Set: 0.40ms
[246.538s][info][gc,phases      ] GC(578)   Other: 0.08ms
[246.538s][info][gc,heap        ] GC(578) Eden regions: 175->0(171)
[246.538s][info][gc,heap        ] GC(578) Survivor regions: 28->20(26)
[246.538s][info][gc,heap        ] GC(578) Old regions: 679->708
[246.538s][info][gc,heap        ] GC(578) Humongous regions: 9->9
[246.538s][info][gc,metaspace   ] GC(578) Metaspace: 18769K(18944K)->18769K(18944K) NonClass: 16109K(16192K)->16109K(16192K) Class: 2660K(2752K)->2660K(2752K)
[246.538s][info][gc             ] GC(578) Pause Young (Normal) (G1 Evacuation Pause) 890M->735M(978M) 51.892ms
[246.538s][info][gc,cpu         ] GC(578) User=0.10s Sys=0.01s Real=0.05s
[246.809s][info][gc,marking     ] GC(573) Concurrent Rebuild Remembered Sets and Scrub Regions 720.323ms
[246.810s][info][gc,start       ] GC(573) Pause Cleanup
[246.810s][info][gc             ] GC(573) Pause Cleanup 886M->886M(978M) 0.119ms
[246.810s][info][gc,cpu         ] GC(573) User=0.00s Sys=0.00s Real=0.00s
[246.810s][info][gc,marking     ] GC(573) Concurrent Clear Claimed Marks
[246.810s][info][gc,marking     ] GC(573) Concurrent Clear Claimed Marks 0.050ms
[246.810s][info][gc,marking     ] GC(573) Concurrent Cleanup for Next Mark
[246.815s][info][gc,marking     ] GC(573) Concurrent Cleanup for Next Mark 4.871ms
[246.815s][info][gc             ] GC(573) Concurrent Mark Cycle 2653.260ms
[246.836s][info][gc,start       ] GC(579) Pause Young (Prepare Mixed) (G1 Evacuation Pause)
[246.836s][info][gc,task        ] GC(579) Using 2 workers of 2 for evacuation
[246.862s][info][gc,phases      ] GC(579)   Pre Evacuate Collection Set: 0.25ms
[246.862s][info][gc,phases      ] GC(579)   Merge Heap Roots: 0.10ms
[246.862s][info][gc,phases      ] GC(579)   Evacuate Collection Set: 25.84ms
[246.862s][info][gc,phases      ] GC(579)   Post Evacuate Collection Set: 0.43ms
[246.862s][info][gc,phases      ] GC(579)   Other: 0.09ms
[246.862s][info][gc,heap        ] GC(579) Eden regions: 171->0(158)
[246.862s][info][gc,heap        ] GC(579) Survivor regions: 20->24(24)
[246.862s][info][gc,heap        ] GC(579) Old regions: 708->713
[246.862s][info][gc,heap        ] GC(579) Humongous regions: 9->9
[246.862s][info][gc,metaspace   ] GC(579) Metaspace: 18770K(18944K)->18770K(18944K) NonClass: 16110K(16192K)->16110K(16192K) Class: 2660K(2752K)->2660K(2752K)
[246.862s][info][gc             ] GC(579) Pause Young (Prepare Mixed) (G1 Evacuation Pause) 906M->745M(978M) 26.928ms
[246.862s][info][gc,cpu         ] GC(579) User=0.05s Sys=0.00s Real=0.03s
[247.035s][info][gc,start       ] GC(580) Pause Young (Mixed) (G1 Evacuation Pause)
[247.035s][info][gc,task        ] GC(580) Using 2 workers of 2 for evacuation
[247.069s][info][gc,phases      ] GC(580)   Pre Evacuate Collection Set: 0.30ms
[247.069s][info][gc,phases      ] GC(580)   Merge Heap Roots: 0.09ms
[247.069s][info][gc,phases      ] GC(580)   Evacuate Collection Set: 32.80ms
[247.069s][info][gc,phases      ] GC(580)   Post Evacuate Collection Set: 0.44ms
[247.069s][info][gc,phases      ] GC(580)   Other: 0.07ms
[247.069s][info][gc,heap        ] GC(580) Eden regions: 158->0(172)
[247.069s][info][gc,heap        ] GC(580) Survivor regions: 24->15(23)
[247.069s][info][gc,heap        ] GC(580) Old regions: 713->716
[247.069s][info][gc,heap        ] GC(580) Humongous regions: 9->9
[247.069s][info][gc,metaspace   ] GC(580) Metaspace: 18770K(18944K)->18770K(18944K) NonClass: 16110K(16192K)->16110K(16192K) Class: 2660K(2752K)->2660K(2752K)
[247.069s][info][gc             ] GC(580) Pause Young (Mixed) (G1 Evacuation Pause) 903M->739M(978M) 33.958ms
[247.069s][info][gc,cpu         ] GC(580) User=0.06s Sys=0.00s Real=0.04s
[247.365s][info][gc,start       ] GC(581) Pause Young (Concurrent Start) (G1 Evacuation Pause)
[247.366s][info][gc,task        ] GC(581) Using 2 workers of 2 for evacuation
[247.389s][info][gc,phases      ] GC(581)   Pre Evacuate Collection Set: 0.29ms
[247.389s][info][gc,phases      ] GC(581)   Merge Heap Roots: 0.18ms
[247.389s][info][gc,phases      ] GC(581)   Evacuate Collection Set: 22.68ms
[247.389s][info][gc,phases      ] GC(581)   Post Evacuate Collection Set: 0.41ms
[247.389s][info][gc,phases      ] GC(581)   Other: 0.10ms
[247.389s][info][gc,heap        ] GC(581) Eden regions: 172->0(178)
[247.389s][info][gc,heap        ] GC(581) Survivor regions: 15->4(24)
[247.389s][info][gc,heap        ] GC(581) Old regions: 716->731
[247.389s][info][gc,heap        ] GC(581) Humongous regions: 9->9
[247.389s][info][gc,metaspace   ] GC(581) Metaspace: 18773K(18944K)->18773K(18944K) NonClass: 16113K(16192K)->16113K(16192K) Class: 2660K(2752K)->2660K(2752K)
[247.389s][info][gc             ] GC(581) Pause Young (Concurrent Start) (G1 Evacuation Pause) 911M->743M(978M) 23.910ms
[247.389s][info][gc,cpu         ] GC(581) User=0.05s Sys=0.00s Real=0.03s
[247.389s][info][gc             ] GC(582) Concurrent Mark Cycle
[247.391s][info][gc,marking     ] GC(582) Concurrent Scan Root Regions
[247.426s][info][gc,marking     ] GC(582) Concurrent Scan Root Regions 34.734ms
[247.426s][info][gc,marking     ] GC(582) Concurrent Mark
[247.426s][info][gc,marking     ] GC(582) Concurrent Mark From Roots
[247.426s][info][gc,task        ] GC(582) Using 1 workers of 1 for marking
[247.764s][info][gc,start       ] GC(583) Pause Young (Normal) (G1 Evacuation Pause)
[247.764s][info][gc,task        ] GC(583) Using 2 workers of 2 for evacuation
[247.784s][info][gc,phases      ] GC(583)   Pre Evacuate Collection Set: 0.30ms
[247.784s][info][gc,phases      ] GC(583)   Merge Heap Roots: 0.11ms
[247.784s][info][gc,phases      ] GC(583)   Evacuate Collection Set: 18.63ms
[247.784s][info][gc,phases      ] GC(583)   Post Evacuate Collection Set: 0.37ms
[247.784s][info][gc,phases      ] GC(583)   Other: 0.08ms
[247.784s][info][gc,heap        ] GC(583) Eden regions: 178->0(152)
[247.784s][info][gc,heap        ] GC(583) Survivor regions: 4->18(23)
[247.784s][info][gc,heap        ] GC(583) Old regions: 731->731
[247.784s][info][gc,heap        ] GC(583) Humongous regions: 9->9
[247.784s][info][gc,metaspace   ] GC(583) Metaspace: 18773K(18944K)->18773K(18944K) NonClass: 16113K(16192K)->16113K(16192K) Class: 2660K(2752K)->2660K(2752K)
[247.784s][info][gc             ] GC(583) Pause Young (Normal) (G1 Evacuation Pause) 921M->756M(978M) 19.727ms
[247.784s][info][gc,cpu         ] GC(583) User=0.04s Sys=0.00s Real=0.02s
[248.070s][info][gc,start       ] GC(584) Pause Young (Normal) (G1 Evacuation Pause)
[248.070s][info][gc,task        ] GC(584) Using 2 workers of 2 for evacuation
[248.109s][info][gc,phases      ] GC(584)   Pre Evacuate Collection Set: 0.28ms
[248.109s][info][gc,phases      ] GC(584)   Merge Heap Roots: 0.12ms
[248.109s][info][gc,phases      ] GC(584)   Evacuate Collection Set: 38.40ms
[248.109s][info][gc,phases      ] GC(584)   Post Evacuate Collection Set: 0.42ms
[248.109s][info][gc,phases      ] GC(584)   Other: 0.07ms
[248.109s][info][gc,heap        ] GC(584) Eden regions: 152->0(123)
[248.109s][info][gc,heap        ] GC(584) Survivor regions: 18->22(22)
[248.109s][info][gc,heap        ] GC(584) Old regions: 731->752
[248.109s][info][gc,heap        ] GC(584) Humongous regions: 9->9
[248.109s][info][gc,metaspace   ] GC(584) Metaspace: 18773K(18944K)->18773K(18944K) NonClass: 16113K(16192K)->16113K(16192K) Class: 2660K(2752K)->2660K(2752K)
[248.109s][info][gc             ] GC(584) Pause Young (Normal) (G1 Evacuation Pause) 908M->782M(978M) 39.484ms
[248.109s][info][gc,cpu         ] GC(584) User=0.08s Sys=0.00s Real=0.04s
[248.277s][info][gc,start       ] GC(585) Pause Young (Normal) (G1 Evacuation Pause)
[248.277s][info][gc,task        ] GC(585) Using 2 workers of 2 for evacuation
[248.331s][info][gc,phases      ] GC(585)   Pre Evacuate Collection Set: 0.29ms
[248.331s][info][gc,phases      ] GC(585)   Merge Heap Roots: 0.11ms
[248.331s][info][gc,phases      ] GC(585)   Evacuate Collection Set: 52.75ms
[248.331s][info][gc,phases      ] GC(585)   Post Evacuate Collection Set: 0.47ms
[248.331s][info][gc,phases      ] GC(585)   Other: 0.09ms
[248.331s][info][gc,heap        ] GC(585) Eden regions: 123->0(86)
[248.331s][info][gc,heap        ] GC(585) Survivor regions: 22->19(19)
[248.331s][info][gc,heap        ] GC(585) Old regions: 752->795
[248.331s][info][gc,heap        ] GC(585) Humongous regions: 9->9
[248.331s][info][gc,metaspace   ] GC(585) Metaspace: 18773K(18944K)->18773K(18944K) NonClass: 16113K(16192K)->16113K(16192K) Class: 2660K(2752K)->2660K(2752K)
[248.331s][info][gc             ] GC(585) Pause Young (Normal) (G1 Evacuation Pause) 905M->822M(978M) 54.007ms
[248.331s][info][gc,cpu         ] GC(585) User=0.11s Sys=0.00s Real=0.05s
[248.570s][info][gc,start       ] GC(586) Pause Young (Normal) (G1 Evacuation Pause)
[248.571s][info][gc,task        ] GC(586) Using 2 workers of 2 for evacuation
[248.601s][info][gc,phases      ] GC(586)   Pre Evacuate Collection Set: 0.29ms
[248.601s][info][gc,phases      ] GC(586)   Merge Heap Roots: 0.32ms
[248.601s][info][gc,phases      ] GC(586)   Evacuate Collection Set: 29.47ms
[248.601s][info][gc,phases      ] GC(586)   Post Evacuate Collection Set: 0.34ms
[248.601s][info][gc,phases      ] GC(586)   Other: 0.07ms
[248.601s][info][gc,heap        ] GC(586) Eden regions: 86->0(85)
[248.601s][info][gc,heap        ] GC(586) Survivor regions: 19->10(14)
[248.601s][info][gc,heap        ] GC(586) Old regions: 795->814
[248.601s][info][gc,heap        ] GC(586) Humongous regions: 9->9
[248.601s][info][gc,metaspace   ] GC(586) Metaspace: 18773K(18944K)->18773K(18944K) NonClass: 16113K(16192K)->16113K(16192K) Class: 2660K(2752K)->2660K(2752K)
[248.601s][info][gc             ] GC(586) Pause Young (Normal) (G1 Evacuation Pause) 908M->832M(978M) 30.720ms
[248.601s][info][gc,cpu         ] GC(586) User=0.06s Sys=0.00s Real=0.03s
[248.735s][info][gc,start       ] GC(587) Pause Young (Normal) (G1 Evacuation Pause)
[248.735s][info][gc,task        ] GC(587) Using 2 workers of 2 for evacuation
[248.754s][info][gc,phases      ] GC(587)   Pre Evacuate Collection Set: 0.47ms
[248.754s][info][gc,phases      ] GC(587)   Merge Heap Roots: 0.26ms
[248.754s][info][gc,phases      ] GC(587)   Evacuate Collection Set: 17.72ms
[248.754s][info][gc,phases      ] GC(587)   Post Evacuate Collection Set: 0.37ms
[248.754s][info][gc,phases      ] GC(587)   Other: 0.07ms
[248.754s][info][gc,heap        ] GC(587) Eden regions: 85->0(91)
[248.754s][info][gc,heap        ] GC(587) Survivor regions: 10->2(12)
[248.754s][info][gc,heap        ] GC(587) Old regions: 814->824
[248.754s][info][gc,heap        ] GC(587) Humongous regions: 9->9
[248.754s][info][gc,metaspace   ] GC(587) Metaspace: 18773K(18944K)->18773K(18944K) NonClass: 16113K(16192K)->16113K(16192K) Class: 2660K(2752K)->2660K(2752K)
[248.754s][info][gc             ] GC(587) Pause Young (Normal) (G1 Evacuation Pause) 917M->834M(978M) 19.100ms
[248.754s][info][gc,cpu         ] GC(587) User=0.03s Sys=0.00s Real=0.02s
[248.822s][info][gc,marking     ] GC(582) Concurrent Mark From Roots 1396.299ms
[248.822s][info][gc,marking     ] GC(582) Concurrent Preclean
[248.822s][info][gc,marking     ] GC(582) Concurrent Preclean 0.055ms
[248.824s][info][gc,start       ] GC(582) Pause Remark
[248.832s][info][gc             ] GC(582) Pause Remark 860M->602M(978M) 7.432ms
[248.832s][info][gc,cpu         ] GC(582) User=0.02s Sys=0.00s Real=0.01s
[248.833s][info][gc,marking     ] GC(582) Concurrent Mark 1407.075ms
[248.833s][info][gc,marking     ] GC(582) Concurrent Rebuild Remembered Sets and Scrub Regions
[248.993s][info][gc,start       ] GC(588) Pause Young (Normal) (G1 Evacuation Pause)
[248.993s][info][gc,task        ] GC(588) Using 2 workers of 2 for evacuation
[249.032s][info][gc,phases      ] GC(588)   Pre Evacuate Collection Set: 0.48ms
[249.032s][info][gc,phases      ] GC(588)   Merge Heap Roots: 0.26ms
[249.032s][info][gc,phases      ] GC(588)   Evacuate Collection Set: 37.66ms
[249.032s][info][gc,phases      ] GC(588)   Post Evacuate Collection Set: 0.41ms
[249.032s][info][gc,phases      ] GC(588)   Other: 0.08ms
[249.032s][info][gc,heap        ] GC(588) Eden regions: 91->0(279)
[249.032s][info][gc,heap        ] GC(588) Survivor regions: 2->12(12)
[249.032s][info][gc,heap        ] GC(588) Old regions: 571->580
[249.032s][info][gc,heap        ] GC(588) Humongous regions: 7->7
[249.032s][info][gc,metaspace   ] GC(588) Metaspace: 18773K(18944K)->18773K(18944K) NonClass: 16113K(16192K)->16113K(16192K) Class: 2660K(2752K)->2660K(2752K)
[249.032s][info][gc             ] GC(588) Pause Young (Normal) (G1 Evacuation Pause) 670M->598M(978M) 39.130ms
[249.032s][info][gc,cpu         ] GC(588) User=0.07s Sys=0.00s Real=0.04s
[249.296s][info][gc,marking     ] GC(582) Concurrent Rebuild Remembered Sets and Scrub Regions 462.921ms
[249.296s][info][gc,start       ] GC(582) Pause Cleanup
[249.296s][info][gc             ] GC(582) Pause Cleanup 736M->736M(978M) 0.122ms
[249.296s][info][gc,cpu         ] GC(582) User=0.00s Sys=0.00s Real=0.00s
[249.296s][info][gc,marking     ] GC(582) Concurrent Clear Claimed Marks
[249.296s][info][gc,marking     ] GC(582) Concurrent Clear Claimed Marks 0.039ms
[249.296s][info][gc,marking     ] GC(582) Concurrent Cleanup for Next Mark
[249.303s][info][gc,marking     ] GC(582) Concurrent Cleanup for Next Mark 6.811ms
[249.303s][info][gc             ] GC(582) Concurrent Mark Cycle 1913.736ms
[249.434s][info][gc,start       ] GC(589) Pause Young (Prepare Mixed) (G1 Evacuation Pause)
[249.434s][info][gc,task        ] GC(589) Using 2 workers of 2 for evacuation
[249.496s][info][gc,phases      ] GC(589)   Pre Evacuate Collection Set: 0.49ms
[249.496s][info][gc,phases      ] GC(589)   Merge Heap Roots: 0.49ms
[249.496s][info][gc,phases      ] GC(589)   Evacuate Collection Set: 60.37ms
[249.496s][info][gc,phases      ] GC(589)   Post Evacuate Collection Set: 0.61ms
[249.496s][info][gc,phases      ] GC(589)   Other: 0.08ms
[249.496s][info][gc,heap        ] GC(589) Eden regions: 279->0(249)
[249.496s][info][gc,heap        ] GC(589) Survivor regions: 12->37(37)
[249.496s][info][gc,heap        ] GC(589) Old regions: 580->590
[249.496s][info][gc,heap        ] GC(589) Humongous regions: 7->7
[249.496s][info][gc,metaspace   ] GC(589) Metaspace: 18773K(18944K)->18773K(18944K) NonClass: 16113K(16192K)->16113K(16192K) Class: 2660K(2752K)->2660K(2752K)
[249.496s][info][gc             ] GC(589) Pause Young (Prepare Mixed) (G1 Evacuation Pause) 877M->633M(978M) 62.254ms
[249.496s][info][gc,cpu         ] GC(589) User=0.13s Sys=0.00s Real=0.06s
[249.799s][info][gc,start       ] GC(590) Pause Young (Mixed) (G1 Evacuation Pause)
[249.799s][info][gc,task        ] GC(590) Using 2 workers of 2 for evacuation
[249.894s][info][gc,phases      ] GC(590)   Pre Evacuate Collection Set: 0.68ms
[249.894s][info][gc,phases      ] GC(590)   Merge Heap Roots: 1.87ms
[249.894s][info][gc,phases      ] GC(590)   Evacuate Collection Set: 92.21ms
[249.894s][info][gc,phases      ] GC(590)   Post Evacuate Collection Set: 0.50ms
[249.894s][info][gc,phases      ] GC(590)   Other: 0.07ms
[249.894s][info][gc,heap        ] GC(590) Eden regions: 249->0(294)
[249.894s][info][gc,heap        ] GC(590) Survivor regions: 37->6(36)
[249.894s][info][gc,heap        ] GC(590) Old regions: 590->568
[249.894s][info][gc,heap        ] GC(590) Humongous regions: 7->7
[249.894s][info][gc,metaspace   ] GC(590) Metaspace: 18773K(18944K)->18773K(18944K) NonClass: 16113K(16192K)->16113K(16192K) Class: 2660K(2752K)->2660K(2752K)
[249.894s][info][gc             ] GC(590) Pause Young (Mixed) (G1 Evacuation Pause) 882M->580M(978M) 95.566ms
[249.894s][info][gc,cpu         ] GC(590) User=0.18s Sys=0.00s Real=0.09s
[250.262s][info][gc,start       ] GC(591) Pause Young (Concurrent Start) (G1 Evacuation Pause)
[250.262s][info][gc,task        ] GC(591) Using 2 workers of 2 for evacuation
[250.328s][info][gc,phases      ] GC(591)   Pre Evacuate Collection Set: 0.30ms
[250.328s][info][gc,phases      ] GC(591)   Merge Heap Roots: 0.27ms
[250.328s][info][gc,phases      ] GC(591)   Evacuate Collection Set: 64.53ms
[250.328s][info][gc,phases      ] GC(591)   Post Evacuate Collection Set: 0.68ms
[250.328s][info][gc,phases      ] GC(591)   Other: 0.13ms
[250.328s][info][gc,heap        ] GC(591) Eden regions: 294->0(239)
[250.328s][info][gc,heap        ] GC(591) Survivor regions: 6->38(38)
[250.328s][info][gc,heap        ] GC(591) Old regions: 568->592
[250.328s][info][gc,heap        ] GC(591) Humongous regions: 7->7
[250.328s][info][gc,metaspace   ] GC(591) Metaspace: 18773K(18944K)->18773K(18944K) NonClass: 16113K(16192K)->16113K(16192K) Class: 2660K(2752K)->2660K(2752K)
[250.328s][info][gc             ] GC(591) Pause Young (Concurrent Start) (G1 Evacuation Pause) 874M->636M(978M) 66.140ms
[250.328s][info][gc             ] GC(592) Concurrent Mark Cycle
[250.328s][info][gc,marking     ] GC(592) Concurrent Scan Root Regions
[250.330s][info][gc,cpu         ] GC(591) User=0.13s Sys=0.00s Real=0.07s
[250.413s][info][gc,marking     ] GC(592) Concurrent Scan Root Regions 85.199ms
[250.413s][info][gc,marking     ] GC(592) Concurrent Mark
[250.413s][info][gc,marking     ] GC(592) Concurrent Mark From Roots
[250.413s][info][gc,task        ] GC(592) Using 1 workers of 1 for marking
[251.025s][info][gc,start       ] GC(593) Pause Young (Normal) (G1 Evacuation Pause)
[251.026s][info][gc,task        ] GC(593) Using 2 workers of 2 for evacuation
[251.097s][info][gc,phases      ] GC(593)   Pre Evacuate Collection Set: 0.48ms
[251.097s][info][gc,phases      ] GC(593)   Merge Heap Roots: 0.49ms
[251.097s][info][gc,phases      ] GC(593)   Evacuate Collection Set: 69.86ms
[251.097s][info][gc,phases      ] GC(593)   Post Evacuate Collection Set: 0.53ms
[251.097s][info][gc,phases      ] GC(593)   Other: 0.09ms
[251.097s][info][gc,heap        ] GC(593) Eden regions: 239->0(230)
[251.097s][info][gc,heap        ] GC(593) Survivor regions: 38->20(35)
[251.097s][info][gc,heap        ] GC(593) Old regions: 592->631
[251.097s][info][gc,heap        ] GC(593) Humongous regions: 8->8
[251.097s][info][gc,metaspace   ] GC(593) Metaspace: 18773K(18944K)->18773K(18944K) NonClass: 16113K(16192K)->16113K(16192K) Class: 2660K(2752K)->2660K(2752K)
[251.097s][info][gc             ] GC(593) Pause Young (Normal) (G1 Evacuation Pause) 876M->657M(978M) 71.683ms
[251.097s][info][gc,cpu         ] GC(593) User=0.14s Sys=0.00s Real=0.08s
[251.401s][info][gc,marking     ] GC(592) Concurrent Mark From Roots 987.512ms
[251.401s][info][gc,marking     ] GC(592) Concurrent Preclean
[251.401s][info][gc,marking     ] GC(592) Concurrent Preclean 0.040ms
[251.401s][info][gc,start       ] GC(592) Pause Remark
[251.409s][info][gc             ] GC(592) Pause Remark 749M->578M(978M) 7.457ms
[251.409s][info][gc,cpu         ] GC(592) User=0.01s Sys=0.00s Real=0.01s
[251.409s][info][gc,marking     ] GC(592) Concurrent Mark 995.541ms
[251.409s][info][gc,marking     ] GC(592) Concurrent Rebuild Remembered Sets and Scrub Regions
[251.632s][info][gc,start       ] GC(594) Pause Young (Normal) (G1 Evacuation Pause)
[251.632s][info][gc,task        ] GC(594) Using 2 workers of 2 for evacuation
[251.681s][info][gc,phases      ] GC(594)   Pre Evacuate Collection Set: 0.47ms
[251.681s][info][gc,phases      ] GC(594)   Merge Heap Roots: 0.31ms
[251.681s][info][gc,phases      ] GC(594)   Evacuate Collection Set: 47.26ms
[251.681s][info][gc,phases      ] GC(594)   Post Evacuate Collection Set: 0.46ms
[251.681s][info][gc,phases      ] GC(594)   Other: 0.10ms
[251.681s][info][gc,heap        ] GC(594) Eden regions: 230->0(333)
[251.681s][info][gc,heap        ] GC(594) Survivor regions: 20->21(32)
[251.681s][info][gc,heap        ] GC(594) Old regions: 463->483
[251.681s][info][gc,heap        ] GC(594) Humongous regions: 5->5
[251.681s][info][gc,metaspace   ] GC(594) Metaspace: 18773K(18944K)->18773K(18944K) NonClass: 16113K(16192K)->16113K(16192K) Class: 2660K(2752K)->2660K(2752K)
[251.681s][info][gc             ] GC(594) Pause Young (Normal) (G1 Evacuation Pause) 716M->507M(978M) 48.815ms
[251.681s][info][gc,cpu         ] GC(594) User=0.09s Sys=0.00s Real=0.05s
[251.756s][info][gc,marking     ] GC(592) Concurrent Rebuild Remembered Sets and Scrub Regions 347.445ms
[251.756s][info][gc,start       ] GC(592) Pause Cleanup
[251.756s][info][gc             ] GC(592) Pause Cleanup 554M->554M(978M) 0.128ms
[251.756s][info][gc,cpu         ] GC(592) User=0.00s Sys=0.00s Real=0.01s
[251.757s][info][gc,marking     ] GC(592) Concurrent Clear Claimed Marks
[251.757s][info][gc,marking     ] GC(592) Concurrent Clear Claimed Marks 0.039ms
[251.757s][info][gc,marking     ] GC(592) Concurrent Cleanup for Next Mark
[251.760s][info][gc,marking     ] GC(592) Concurrent Cleanup for Next Mark 2.825ms
[251.760s][info][gc             ] GC(592) Concurrent Mark Cycle 1432.476ms
[252.192s][info][gc,start       ] GC(595) Pause Young (Prepare Mixed) (G1 Evacuation Pause)
[252.192s][info][gc,task        ] GC(595) Using 2 workers of 2 for evacuation
[252.232s][info][gc,phases      ] GC(595)   Pre Evacuate Collection Set: 0.29ms
[252.232s][info][gc,phases      ] GC(595)   Merge Heap Roots: 0.26ms
[252.232s][info][gc,phases      ] GC(595)   Evacuate Collection Set: 39.11ms
[252.232s][info][gc,phases      ] GC(595)   Post Evacuate Collection Set: 0.52ms
[252.232s][info][gc,phases      ] GC(595)   Other: 0.11ms
[252.232s][info][gc,heap        ] GC(595) Eden regions: 333->0(333)
[252.232s][info][gc,heap        ] GC(595) Survivor regions: 21->38(45)
[252.232s][info][gc,heap        ] GC(595) Old regions: 483->483
[252.232s][info][gc,heap        ] GC(595) Humongous regions: 5->5
[252.232s][info][gc,metaspace   ] GC(595) Metaspace: 18773K(18944K)->18773K(18944K) NonClass: 16113K(16192K)->16113K(16192K) Class: 2660K(2752K)->2660K(2752K)
[252.232s][info][gc             ] GC(595) Pause Young (Prepare Mixed) (G1 Evacuation Pause) 840M->524M(978M) 40.535ms
[252.232s][info][gc,cpu         ] GC(595) User=0.08s Sys=0.00s Real=0.04s
[252.884s][info][gc,start       ] GC(596) Pause Young (Mixed) (G1 Evacuation Pause)
[252.884s][info][gc,task        ] GC(596) Using 2 workers of 2 for evacuation
[252.929s][info][gc,phases      ] GC(596)   Pre Evacuate Collection Set: 0.51ms
[252.929s][info][gc,phases      ] GC(596)   Merge Heap Roots: 0.43ms
[252.929s][info][gc,phases      ] GC(596)   Evacuate Collection Set: 43.91ms
[252.929s][info][gc,phases      ] GC(596)   Post Evacuate Collection Set: 0.59ms
[252.929s][info][gc,phases      ] GC(596)   Other: 0.09ms
[252.929s][info][gc,heap        ] GC(596) Eden regions: 333->0(381)
[252.929s][info][gc,heap        ] GC(596) Survivor regions: 38->18(47)
[252.929s][info][gc,heap        ] GC(596) Old regions: 483->459
[252.929s][info][gc,heap        ] GC(596) Humongous regions: 5->5
[252.929s][info][gc,metaspace   ] GC(596) Metaspace: 18773K(18944K)->18773K(18944K) NonClass: 16113K(16192K)->16113K(16192K) Class: 2660K(2752K)->2660K(2752K)
[252.929s][info][gc             ] GC(596) Pause Young (Mixed) (G1 Evacuation Pause) 857M->480M(978M) 45.795ms
[252.929s][info][gc,cpu         ] GC(596) User=0.09s Sys=0.00s Real=0.05s
[253.361s][info][gc,start       ] GC(597) Pause Young (Concurrent Start) (G1 Evacuation Pause)
[253.361s][info][gc,task        ] GC(597) Using 2 workers of 2 for evacuation
[253.456s][info][gc,phases      ] GC(597)   Pre Evacuate Collection Set: 0.33ms
[253.456s][info][gc,phases      ] GC(597)   Merge Heap Roots: 0.49ms
[253.456s][info][gc,phases      ] GC(597)   Evacuate Collection Set: 93.35ms
[253.456s][info][gc,phases      ] GC(597)   Post Evacuate Collection Set: 0.81ms
[253.456s][info][gc,phases      ] GC(597)   Other: 0.20ms
[253.456s][info][gc,heap        ] GC(597) Eden regions: 381->0(306)
[253.456s][info][gc,heap        ] GC(597) Survivor regions: 18->50(50)
[253.456s][info][gc,heap        ] GC(597) Old regions: 459->495
[253.456s][info][gc,heap        ] GC(597) Humongous regions: 5->5
[253.456s][info][gc,metaspace   ] GC(597) Metaspace: 18773K(18944K)->18773K(18944K) NonClass: 16113K(16192K)->16113K(16192K) Class: 2660K(2752K)->2660K(2752K)
[253.456s][info][gc             ] GC(597) Pause Young (Concurrent Start) (G1 Evacuation Pause) 861M->549M(978M) 95.415ms
[253.456s][info][gc,cpu         ] GC(597) User=0.19s Sys=0.00s Real=0.09s
[253.456s][info][gc             ] GC(598) Concurrent Mark Cycle
[253.456s][info][gc,marking     ] GC(598) Concurrent Scan Root Regions
[253.538s][info][gc,marking     ] GC(598) Concurrent Scan Root Regions 81.504ms
[253.538s][info][gc,marking     ] GC(598) Concurrent Mark
[253.538s][info][gc,marking     ] GC(598) Concurrent Mark From Roots
[253.538s][info][gc,task        ] GC(598) Using 1 workers of 1 for marking
[254.230s][info][gc,start       ] GC(599) Pause Young (Normal) (G1 Evacuation Pause)
[254.230s][info][gc,task        ] GC(599) Using 2 workers of 2 for evacuation
[254.348s][info][gc,phases      ] GC(599)   Pre Evacuate Collection Set: 0.51ms
[254.348s][info][gc,phases      ] GC(599)   Merge Heap Roots: 0.62ms
[254.348s][info][gc,phases      ] GC(599)   Evacuate Collection Set: 115.77ms
[254.348s][info][gc,phases      ] GC(599)   Post Evacuate Collection Set: 0.71ms
[254.348s][info][gc,phases      ] GC(599)   Other: 0.12ms
[254.348s][info][gc,heap        ] GC(599) Eden regions: 306->0(251)
[254.348s][info][gc,heap        ] GC(599) Survivor regions: 50->45(45)
[254.348s][info][gc,heap        ] GC(599) Old regions: 495->555
[254.348s][info][gc,heap        ] GC(599) Humongous regions: 8->8
[254.348s][info][gc,metaspace   ] GC(599) Metaspace: 18773K(18944K)->18773K(18944K) NonClass: 16113K(16192K)->16113K(16192K) Class: 2660K(2752K)->2660K(2752K)
[254.348s][info][gc             ] GC(599) Pause Young (Normal) (G1 Evacuation Pause) 858M->607M(978M) 117.959ms
[254.348s][info][gc,cpu         ] GC(599) User=0.24s Sys=0.00s Real=0.12s
[254.362s][info][gc,marking     ] GC(598) Concurrent Mark From Roots 824.583ms
[254.362s][info][gc,marking     ] GC(598) Concurrent Preclean
[254.362s][info][gc,marking     ] GC(598) Concurrent Preclean 0.034ms
[254.363s][info][gc,start       ] GC(598) Pause Remark
[254.370s][info][gc             ] GC(598) Pause Remark 619M->482M(978M) 7.368ms
[254.370s][info][gc,cpu         ] GC(598) User=0.01s Sys=0.00s Real=0.01s
[254.370s][info][gc,marking     ] GC(598) Concurrent Mark 832.255ms
[254.370s][info][gc,marking     ] GC(598) Concurrent Rebuild Remembered Sets and Scrub Regions
[254.724s][info][gc,marking     ] GC(598) Concurrent Rebuild Remembered Sets and Scrub Regions 353.867ms
[254.724s][info][gc,start       ] GC(598) Pause Cleanup
[254.724s][info][gc             ] GC(598) Pause Cleanup 720M->720M(978M) 0.122ms
[254.724s][info][gc,cpu         ] GC(598) User=0.00s Sys=0.00s Real=0.00s
[254.724s][info][gc,marking     ] GC(598) Concurrent Clear Claimed Marks
[254.724s][info][gc,marking     ] GC(598) Concurrent Clear Claimed Marks 0.039ms
[254.724s][info][gc,marking     ] GC(598) Concurrent Cleanup for Next Mark
[254.727s][info][gc,marking     ] GC(598) Concurrent Cleanup for Next Mark 2.813ms
[254.727s][info][gc             ] GC(598) Concurrent Mark Cycle 1271.081ms
[254.728s][info][gc,start       ] GC(600) Pause Young (Prepare Mixed) (G1 Evacuation Pause)
[254.728s][info][gc,task        ] GC(600) Using 2 workers of 2 for evacuation
[254.809s][info][gc,phases      ] GC(600)   Pre Evacuate Collection Set: 0.43ms
[254.809s][info][gc,phases      ] GC(600)   Merge Heap Roots: 0.48ms
[254.809s][info][gc,phases      ] GC(600)   Evacuate Collection Set: 79.93ms
[254.809s][info][gc,phases      ] GC(600)   Post Evacuate Collection Set: 0.55ms
[254.809s][info][gc,phases      ] GC(600)   Other: 0.10ms
[254.809s][info][gc,heap        ] GC(600) Eden regions: 251->0(315)
[254.809s][info][gc,heap        ] GC(600) Survivor regions: 45->33(37)
[254.809s][info][gc,heap        ] GC(600) Old regions: 420->465
[254.809s][info][gc,heap        ] GC(600) Humongous regions: 6->6
[254.809s][info][gc,metaspace   ] GC(600) Metaspace: 18773K(18944K)->18773K(18944K) NonClass: 16113K(16192K)->16113K(16192K) Class: 2660K(2752K)->2660K(2752K)
[254.809s][info][gc             ] GC(600) Pause Young (Prepare Mixed) (G1 Evacuation Pause) 721M->503M(978M) 81.651ms
[254.809s][info][gc,cpu         ] GC(600) User=0.16s Sys=0.00s Real=0.08s
[255.264s][info][gc,start       ] GC(601) Pause Young (Mixed) (G1 Evacuation Pause)
[255.264s][info][gc,task        ] GC(601) Using 2 workers of 2 for evacuation
[255.321s][info][gc,phases      ] GC(601)   Pre Evacuate Collection Set: 0.33ms
[255.321s][info][gc,phases      ] GC(601)   Merge Heap Roots: 0.29ms
[255.321s][info][gc,phases      ] GC(601)   Evacuate Collection Set: 55.66ms
[255.321s][info][gc,phases      ] GC(601)   Post Evacuate Collection Set: 0.62ms
[255.321s][info][gc,phases      ] GC(601)   Other: 0.09ms
[255.321s][info][gc,heap        ] GC(601) Eden regions: 315->0(334)
[255.321s][info][gc,heap        ] GC(601) Survivor regions: 33->16(44)
[255.321s][info][gc,heap        ] GC(601) Old regions: 465->471
[255.321s][info][gc,heap        ] GC(601) Humongous regions: 9->9
[255.321s][info][gc,metaspace   ] GC(601) Metaspace: 18773K(18944K)->18773K(18944K) NonClass: 16113K(16192K)->16113K(16192K) Class: 2660K(2752K)->2660K(2752K)
[255.321s][info][gc             ] GC(601) Pause Young (Mixed) (G1 Evacuation Pause) 821M->495M(978M) 57.288ms
[255.321s][info][gc,cpu         ] GC(601) User=0.12s Sys=0.00s Real=0.06s
[255.807s][info][gc,start       ] GC(602) Pause Young (Concurrent Start) (G1 Evacuation Pause)
[255.807s][info][gc,task        ] GC(602) Using 2 workers of 2 for evacuation
[255.832s][info][gc,phases      ] GC(602)   Pre Evacuate Collection Set: 0.30ms
[255.832s][info][gc,phases      ] GC(602)   Merge Heap Roots: 0.19ms
[255.832s][info][gc,phases      ] GC(602)   Evacuate Collection Set: 23.29ms
[255.832s][info][gc,phases      ] GC(602)   Post Evacuate Collection Set: 0.54ms
[255.832s][info][gc,phases      ] GC(602)   Other: 0.11ms
[255.832s][info][gc,heap        ] GC(602) Eden regions: 334->0(355)
[255.832s][info][gc,heap        ] GC(602) Survivor regions: 16->16(44)
[255.832s][info][gc,heap        ] GC(602) Old regions: 471->471
[255.832s][info][gc,heap        ] GC(602) Humongous regions: 9->9
[255.832s][info][gc,metaspace   ] GC(602) Metaspace: 18773K(18944K)->18773K(18944K) NonClass: 16113K(16192K)->16113K(16192K) Class: 2660K(2752K)->2660K(2752K)
[255.832s][info][gc             ] GC(602) Pause Young (Concurrent Start) (G1 Evacuation Pause) 829M->495M(978M) 24.656ms
[255.832s][info][gc,cpu         ] GC(602) User=0.05s Sys=0.00s Real=0.02s
[255.832s][info][gc             ] GC(603) Concurrent Mark Cycle
[255.832s][info][gc,marking     ] GC(603) Concurrent Scan Root Regions
[255.888s][info][gc,marking     ] GC(603) Concurrent Scan Root Regions 56.180ms
[255.888s][info][gc,marking     ] GC(603) Concurrent Mark
[255.888s][info][gc,marking     ] GC(603) Concurrent Mark From Roots
[255.888s][info][gc,task        ] GC(603) Using 1 workers of 1 for marking
[256.982s][info][gc,start       ] GC(604) Pause Young (Normal) (G1 Evacuation Pause)
[256.982s][info][gc,task        ] GC(604) Using 2 workers of 2 for evacuation
[257.007s][info][gc,phases      ] GC(604)   Pre Evacuate Collection Set: 0.29ms
[257.007s][info][gc,phases      ] GC(604)   Merge Heap Roots: 0.20ms
[257.007s][info][gc,phases      ] GC(604)   Evacuate Collection Set: 23.67ms
[257.007s][info][gc,phases      ] GC(604)   Post Evacuate Collection Set: 0.57ms
[257.007s][info][gc,phases      ] GC(604)   Other: 0.08ms
[257.007s][info][gc,heap        ] GC(604) Eden regions: 355->0(374)
[257.007s][info][gc,heap        ] GC(604) Survivor regions: 16->16(47)
[257.007s][info][gc,heap        ] GC(604) Old regions: 471->471
[257.007s][info][gc,heap        ] GC(604) Humongous regions: 9->9
[257.007s][info][gc,metaspace   ] GC(604) Metaspace: 18773K(18944K)->18773K(18944K) NonClass: 16113K(16192K)->16113K(16192K) Class: 2660K(2752K)->2660K(2752K)
[257.007s][info][gc             ] GC(604) Pause Young (Normal) (G1 Evacuation Pause) 850M->494M(978M) 25.015ms
[257.007s][info][gc,cpu         ] GC(604) User=0.05s Sys=0.00s Real=0.03s
[257.116s][info][gc,marking     ] GC(603) Concurrent Mark From Roots 1228.147ms
[257.117s][info][gc,marking     ] GC(603) Concurrent Preclean
[257.117s][info][gc,marking     ] GC(603) Concurrent Preclean 0.039ms
[257.117s][info][gc,start       ] GC(603) Pause Remark
[257.124s][info][gc             ] GC(603) Pause Remark 524M->522M(978M) 7.274ms
[257.124s][info][gc,cpu         ] GC(603) User=0.01s Sys=0.00s Real=0.00s
[257.124s][info][gc,marking     ] GC(603) Concurrent Mark 1235.746ms
[257.124s][info][gc,marking     ] GC(603) Concurrent Rebuild Remembered Sets and Scrub Regions
[257.587s][info][gc,start       ] GC(605) Pause Young (Normal) (G1 Evacuation Pause)
[257.587s][info][gc,task        ] GC(605) Using 2 workers of 2 for evacuation
[257.651s][info][gc,phases      ] GC(605)   Pre Evacuate Collection Set: 0.46ms
[257.651s][info][gc,phases      ] GC(605)   Merge Heap Roots: 0.39ms
[257.651s][info][gc,phases      ] GC(605)   Evacuate Collection Set: 62.92ms
[257.651s][info][gc,phases      ] GC(605)   Post Evacuate Collection Set: 0.59ms
[257.651s][info][gc,phases      ] GC(605)   Other: 0.08ms
[257.651s][info][gc,heap        ] GC(605) Eden regions: 374->0(346)
[257.651s][info][gc,heap        ] GC(605) Survivor regions: 16->49(49)
[257.651s][info][gc,heap        ] GC(605) Old regions: 471->472
[257.651s][info][gc,heap        ] GC(605) Humongous regions: 7->7
[257.651s][info][gc,metaspace   ] GC(605) Metaspace: 18773K(18944K)->18773K(18944K) NonClass: 16113K(16192K)->16113K(16192K) Class: 2660K(2752K)->2660K(2752K)
[257.651s][info][gc             ] GC(605) Pause Young (Normal) (G1 Evacuation Pause) 866M->527M(978M) 64.690ms
[257.651s][info][gc,cpu         ] GC(605) User=0.13s Sys=0.00s Real=0.06s
[257.705s][info][gc,marking     ] GC(603) Concurrent Rebuild Remembered Sets and Scrub Regions 580.838ms
[257.705s][info][gc,start       ] GC(603) Pause Cleanup
[257.705s][info][gc             ] GC(603) Pause Cleanup 570M->570M(978M) 0.102ms
[257.706s][info][gc,cpu         ] GC(603) User=0.00s Sys=0.00s Real=0.00s
[257.706s][info][gc,marking     ] GC(603) Concurrent Clear Claimed Marks
[257.706s][info][gc,marking     ] GC(603) Concurrent Clear Claimed Marks 0.037ms
[257.706s][info][gc,marking     ] GC(603) Concurrent Cleanup for Next Mark
[257.708s][info][gc,marking     ] GC(603) Concurrent Cleanup for Next Mark 2.829ms
[257.708s][info][gc             ] GC(603) Concurrent Mark Cycle 1876.405ms
[257.961s][info][gc,start       ] GC(606) Pause Young (Prepare Mixed) (G1 Evacuation Pause)
[257.961s][info][gc,task        ] GC(606) Using 2 workers of 2 for evacuation
[258.047s][info][gc,phases      ] GC(606)   Pre Evacuate Collection Set: 0.30ms
[258.047s][info][gc,phases      ] GC(606)   Merge Heap Roots: 0.27ms
[258.047s][info][gc,phases      ] GC(606)   Evacuate Collection Set: 84.46ms
[258.047s][info][gc,phases      ] GC(606)   Post Evacuate Collection Set: 0.60ms
[258.047s][info][gc,phases      ] GC(606)   Other: 0.09ms
[258.047s][info][gc,heap        ] GC(606) Eden regions: 346->0(325)
[258.047s][info][gc,heap        ] GC(606) Survivor regions: 49->27(50)
[258.047s][info][gc,heap        ] GC(606) Old regions: 472->521
[258.047s][info][gc,heap        ] GC(606) Humongous regions: 7->7
[258.047s][info][gc,metaspace   ] GC(606) Metaspace: 18773K(18944K)->18773K(18944K) NonClass: 16113K(16192K)->16113K(16192K) Class: 2660K(2752K)->2660K(2752K)
[258.047s][info][gc             ] GC(606) Pause Young (Prepare Mixed) (G1 Evacuation Pause) 873M->554M(978M) 85.979ms
[258.047s][info][gc,cpu         ] GC(606) User=0.17s Sys=0.00s Real=0.09s
[258.284s][info][gc,start       ] GC(607) Pause Young (Mixed) (G1 Evacuation Pause)
[258.284s][info][gc,task        ] GC(607) Using 2 workers of 2 for evacuation
[258.351s][info][gc,phases      ] GC(607)   Pre Evacuate Collection Set: 0.32ms
[258.351s][info][gc,phases      ] GC(607)   Merge Heap Roots: 0.30ms
[258.351s][info][gc,phases      ] GC(607)   Evacuate Collection Set: 66.01ms
[258.351s][info][gc,phases      ] GC(607)   Post Evacuate Collection Set: 0.54ms
[258.351s][info][gc,phases      ] GC(607)   Other: 0.08ms
[258.351s][info][gc,heap        ] GC(607) Eden regions: 325->0(297)
[258.351s][info][gc,heap        ] GC(607) Survivor regions: 27->38(44)
[258.351s][info][gc,heap        ] GC(607) Old regions: 521->538
[258.351s][info][gc,heap        ] GC(607) Humongous regions: 7->7
[258.351s][info][gc,metaspace   ] GC(607) Metaspace: 18773K(18944K)->18773K(18944K) NonClass: 16113K(16192K)->16113K(16192K) Class: 2660K(2752K)->2660K(2752K)
[258.351s][info][gc             ] GC(607) Pause Young (Mixed) (G1 Evacuation Pause) 879M->582M(978M) 67.477ms
[258.351s][info][gc,cpu         ] GC(607) User=0.13s Sys=0.00s Real=0.07s
[258.716s][info][gc,start       ] GC(608) Pause Young (Concurrent Start) (G1 Evacuation Pause)
[258.716s][info][gc,task        ] GC(608) Using 2 workers of 2 for evacuation
[258.772s][info][gc,phases      ] GC(608)   Pre Evacuate Collection Set: 0.34ms
[258.772s][info][gc,phases      ] GC(608)   Merge Heap Roots: 0.34ms
[258.772s][info][gc,phases      ] GC(608)   Evacuate Collection Set: 54.82ms
[258.772s][info][gc,phases      ] GC(608)   Post Evacuate Collection Set: 0.52ms
[258.772s][info][gc,phases      ] GC(608)   Other: 0.19ms
[258.772s][info][gc,heap        ] GC(608) Eden regions: 297->0(295)
[258.772s][info][gc,heap        ] GC(608) Survivor regions: 38->13(42)
[258.772s][info][gc,heap        ] GC(608) Old regions: 538->576
[258.772s][info][gc,heap        ] GC(608) Humongous regions: 7->7
[258.772s][info][gc,metaspace   ] GC(608) Metaspace: 18773K(18944K)->18773K(18944K) NonClass: 16113K(16192K)->16113K(16192K) Class: 2660K(2752K)->2660K(2752K)
[258.772s][info][gc             ] GC(608) Pause Young (Concurrent Start) (G1 Evacuation Pause) 879M->594M(978M) 56.468ms
[258.772s][info][gc             ] GC(609) Concurrent Mark Cycle
[258.772s][info][gc,marking     ] GC(609) Concurrent Scan Root Regions
[258.772s][info][gc,cpu         ] GC(608) User=0.12s Sys=0.00s Real=0.06s
[258.861s][info][gc,marking     ] GC(609) Concurrent Scan Root Regions 88.826ms
[258.861s][info][gc,marking     ] GC(609) Concurrent Mark
[258.861s][info][gc,marking     ] GC(609) Concurrent Mark From Roots
[258.861s][info][gc,task        ] GC(609) Using 1 workers of 1 for marking
[259.741s][info][gc,start       ] GC(610) Pause Young (Normal) (G1 Evacuation Pause)
[259.741s][info][gc,task        ] GC(610) Using 2 workers of 2 for evacuation
[259.774s][info][gc,phases      ] GC(610)   Pre Evacuate Collection Set: 0.49ms
[259.774s][info][gc,phases      ] GC(610)   Merge Heap Roots: 0.28ms
[259.774s][info][gc,phases      ] GC(610)   Evacuate Collection Set: 31.05ms
[259.774s][info][gc,phases      ] GC(610)   Post Evacuate Collection Set: 0.52ms
[259.774s][info][gc,phases      ] GC(610)   Other: 0.09ms
[259.774s][info][gc,heap        ] GC(610) Eden regions: 295->0(290)
[259.774s][info][gc,heap        ] GC(610) Survivor regions: 13->27(39)
[259.774s][info][gc,heap        ] GC(610) Old regions: 576->576
[259.774s][info][gc,heap        ] GC(610) Humongous regions: 7->7
[259.774s][info][gc,metaspace   ] GC(610) Metaspace: 18773K(18944K)->18773K(18944K) NonClass: 16113K(16192K)->16113K(16192K) Class: 2660K(2752K)->2660K(2752K)
[259.774s][info][gc             ] GC(610) Pause Young (Normal) (G1 Evacuation Pause) 889M->609M(978M) 32.629ms
[259.774s][info][gc,cpu         ] GC(610) User=0.07s Sys=0.00s Real=0.03s
[260.338s][info][gc,marking     ] GC(609) Concurrent Mark From Roots 1477.039ms
[260.338s][info][gc,marking     ] GC(609) Concurrent Preclean
[260.338s][info][gc,marking     ] GC(609) Concurrent Preclean 0.037ms
[260.339s][info][gc,start       ] GC(609) Pause Remark
[260.346s][info][gc             ] GC(609) Pause Remark 757M->757M(978M) 7.188ms
[260.346s][info][gc,cpu         ] GC(609) User=0.02s Sys=0.00s Real=0.00s
[260.346s][info][gc,marking     ] GC(609) Concurrent Mark 1484.572ms
[260.346s][info][gc,marking     ] GC(609) Concurrent Rebuild Remembered Sets and Scrub Regions
[260.852s][info][gc,start       ] GC(611) Pause Young (Normal) (G1 Evacuation Pause)
[260.853s][info][gc,task        ] GC(611) Using 2 workers of 2 for evacuation
[260.881s][info][gc,phases      ] GC(611)   Pre Evacuate Collection Set: 0.27ms
[260.881s][info][gc,phases      ] GC(611)   Merge Heap Roots: 0.25ms
[260.881s][info][gc,phases      ] GC(611)   Evacuate Collection Set: 27.52ms
[260.881s][info][gc,phases      ] GC(611)   Post Evacuate Collection Set: 0.46ms
[260.881s][info][gc,phases      ] GC(611)   Other: 0.08ms
[260.881s][info][gc,heap        ] GC(611) Eden regions: 290->0(303)
[260.881s][info][gc,heap        ] GC(611) Survivor regions: 27->15(40)
[260.881s][info][gc,heap        ] GC(611) Old regions: 576->588
[260.881s][info][gc,heap        ] GC(611) Humongous regions: 7->7
[260.881s][info][gc,metaspace   ] GC(611) Metaspace: 18773K(18944K)->18773K(18944K) NonClass: 16113K(16192K)->16113K(16192K) Class: 2660K(2752K)->2660K(2752K)
[260.881s][info][gc             ] GC(611) Pause Young (Normal) (G1 Evacuation Pause) 899M->609M(978M) 28.792ms
[260.881s][info][gc,cpu         ] GC(611) User=0.06s Sys=0.00s Real=0.03s
[260.895s][info][gc,marking     ] GC(609) Concurrent Rebuild Remembered Sets and Scrub Regions 549.301ms
[260.895s][info][gc,start       ] GC(609) Pause Cleanup
[260.895s][info][gc             ] GC(609) Pause Cleanup 612M->612M(978M) 0.075ms
[260.895s][info][gc,cpu         ] GC(609) User=0.00s Sys=0.00s Real=0.00s
[260.895s][info][gc,marking     ] GC(609) Concurrent Clear Claimed Marks
[260.895s][info][gc,marking     ] GC(609) Concurrent Clear Claimed Marks 0.027ms
[260.895s][info][gc,marking     ] GC(609) Concurrent Cleanup for Next Mark
[260.898s][info][gc,marking     ] GC(609) Concurrent Cleanup for Next Mark 2.807ms
[260.898s][info][gc             ] GC(609) Concurrent Mark Cycle 2125.930ms
[261.581s][info][gc,start       ] GC(612) Pause Young (Prepare Mixed) (G1 Evacuation Pause)
[261.581s][info][gc,task        ] GC(612) Using 2 workers of 2 for evacuation
[261.598s][info][gc,phases      ] GC(612)   Pre Evacuate Collection Set: 0.51ms
[261.598s][info][gc,phases      ] GC(612)   Merge Heap Roots: 0.16ms
[261.598s][info][gc,phases      ] GC(612)   Evacuate Collection Set: 15.54ms
[261.598s][info][gc,phases      ] GC(612)   Post Evacuate Collection Set: 0.50ms
[261.598s][info][gc,phases      ] GC(612)   Other: 0.11ms
[261.598s][info][gc,heap        ] GC(612) Eden regions: 303->0(303)
[261.598s][info][gc,heap        ] GC(612) Survivor regions: 15->15(40)
[261.598s][info][gc,heap        ] GC(612) Old regions: 588->588
[261.598s][info][gc,heap        ] GC(612) Humongous regions: 7->7
[261.598s][info][gc,metaspace   ] GC(612) Metaspace: 18773K(18944K)->18773K(18944K) NonClass: 16113K(16192K)->16113K(16192K) Class: 2660K(2752K)->2660K(2752K)
[261.598s][info][gc             ] GC(612) Pause Young (Prepare Mixed) (G1 Evacuation Pause) 912M->609M(978M) 17.044ms
[261.598s][info][gc,cpu         ] GC(612) User=0.03s Sys=0.00s Real=0.02s
[262.062s][info][gc,start       ] GC(613) Pause Young (Mixed) (G1 Evacuation Pause)
[262.062s][info][gc,task        ] GC(613) Using 2 workers of 2 for evacuation
[262.126s][info][gc,phases      ] GC(613)   Pre Evacuate Collection Set: 0.49ms
[262.126s][info][gc,phases      ] GC(613)   Merge Heap Roots: 0.22ms
[262.126s][info][gc,phases      ] GC(613)   Evacuate Collection Set: 62.08ms
[262.126s][info][gc,phases      ] GC(613)   Post Evacuate Collection Set: 1.24ms
[262.126s][info][gc,phases      ] GC(613)   Other: 0.09ms
[262.126s][info][gc,heap        ] GC(613) Eden regions: 303->0(229)
[262.126s][info][gc,heap        ] GC(613) Survivor regions: 15->40(40)
[262.126s][info][gc,heap        ] GC(613) Old regions: 588->612
[262.126s][info][gc,heap        ] GC(613) Humongous regions: 7->7
[262.126s][info][gc,metaspace   ] GC(613) Metaspace: 18773K(18944K)->18773K(18944K) NonClass: 16113K(16192K)->16113K(16192K) Class: 2660K(2752K)->2660K(2752K)
[262.126s][info][gc             ] GC(613) Pause Young (Mixed) (G1 Evacuation Pause) (Evacuation Failure: Allocation) 912M->658M(978M) 64.327ms
[262.126s][info][gc,cpu         ] GC(613) User=0.13s Sys=0.00s Real=0.06s
[262.400s][info][gc,start       ] GC(614) Pause Young (Concurrent Start) (G1 Evacuation Pause)
[262.401s][info][gc,task        ] GC(614) Using 2 workers of 2 for evacuation
[262.466s][info][gc,phases      ] GC(614)   Pre Evacuate Collection Set: 0.31ms
[262.466s][info][gc,phases      ] GC(614)   Merge Heap Roots: 0.45ms
[262.466s][info][gc,phases      ] GC(614)   Evacuate Collection Set: 64.22ms
[262.466s][info][gc,phases      ] GC(614)   Post Evacuate Collection Set: 0.55ms
[262.466s][info][gc,phases      ] GC(614)   Other: 0.12ms
[262.466s][info][gc,heap        ] GC(614) Eden regions: 229->0(224)
[262.466s][info][gc,heap        ] GC(614) Survivor regions: 40->23(34)
[262.466s][info][gc,heap        ] GC(614) Old regions: 612->647
[262.466s][info][gc,heap        ] GC(614) Humongous regions: 7->7
[262.466s][info][gc,metaspace   ] GC(614) Metaspace: 18773K(18944K)->18773K(18944K) NonClass: 16113K(16192K)->16113K(16192K) Class: 2660K(2752K)->2660K(2752K)
[262.466s][info][gc             ] GC(614) Pause Young (Concurrent Start) (G1 Evacuation Pause) 887M->675M(978M) 65.944ms
[262.466s][info][gc             ] GC(615) Concurrent Mark Cycle
[262.466s][info][gc,marking     ] GC(615) Concurrent Scan Root Regions
[262.467s][info][gc,cpu         ] GC(614) User=0.13s Sys=0.00s Real=0.07s
[262.545s][info][gc,marking     ] GC(615) Concurrent Scan Root Regions 78.646ms
[262.545s][info][gc,marking     ] GC(615) Concurrent Mark
[262.545s][info][gc,marking     ] GC(615) Concurrent Mark From Roots
[262.545s][info][gc,task        ] GC(615) Using 1 workers of 1 for marking
[262.841s][info][gc,start       ] GC(616) Pause Young (Normal) (G1 Evacuation Pause)
[262.841s][info][gc,task        ] GC(616) Using 2 workers of 2 for evacuation
[262.959s][info][gc,phases      ] GC(616)   Pre Evacuate Collection Set: 0.29ms
[262.959s][info][gc,phases      ] GC(616)   Merge Heap Roots: 0.31ms
[262.959s][info][gc,phases      ] GC(616)   Evacuate Collection Set: 107.89ms
[262.959s][info][gc,phases      ] GC(616)   Post Evacuate Collection Set: 9.61ms
[262.959s][info][gc,phases      ] GC(616)   Other: 0.11ms
[262.959s][info][gc,heap        ] GC(616) Eden regions: 224->0(51)
[262.959s][info][gc,heap        ] GC(616) Survivor regions: 23->31(31)
[262.959s][info][gc,heap        ] GC(616) Old regions: 647->805
[262.959s][info][gc,heap        ] GC(616) Humongous regions: 10->10
[262.959s][info][gc,metaspace   ] GC(616) Metaspace: 18773K(18944K)->18773K(18944K) NonClass: 16113K(16192K)->16113K(16192K) Class: 2660K(2752K)->2660K(2752K)
[262.959s][info][gc             ] GC(616) Pause Young (Normal) (G1 Evacuation Pause) (Evacuation Failure: Allocation) 902M->845M(978M) 118.478ms
[262.959s][info][gc,cpu         ] GC(616) User=0.23s Sys=0.00s Real=0.12s
[263.106s][info][gc,start       ] GC(617) Pause Young (Normal) (G1 Evacuation Pause)
[263.106s][info][gc,task        ] GC(617) Using 2 workers of 2 for evacuation
[263.177s][info][gc,phases      ] GC(617)   Pre Evacuate Collection Set: 0.34ms
[263.177s][info][gc,phases      ] GC(617)   Merge Heap Roots: 0.41ms
[263.177s][info][gc,phases      ] GC(617)   Evacuate Collection Set: 69.46ms
[263.177s][info][gc,phases      ] GC(617)   Post Evacuate Collection Set: 0.41ms
[263.177s][info][gc,phases      ] GC(617)   Other: 0.09ms
[263.177s][info][gc,heap        ] GC(617) Eden regions: 51->0(148)
[263.177s][info][gc,heap        ] GC(617) Survivor regions: 31->8(11)
[263.177s][info][gc,heap        ] GC(617) Old regions: 805->753
[263.177s][info][gc,heap        ] GC(617) Humongous regions: 10->10
[263.177s][info][gc,metaspace   ] GC(617) Metaspace: 18773K(18944K)->18773K(18944K) NonClass: 16113K(16192K)->16113K(16192K) Class: 2660K(2752K)->2660K(2752K)
[263.177s][info][gc             ] GC(617) Pause Young (Normal) (G1 Evacuation Pause) 896M->770M(978M) 70.954ms
[263.177s][info][gc,cpu         ] GC(617) User=0.14s Sys=0.00s Real=0.08s
[263.435s][info][gc,start       ] GC(618) Pause Young (Normal) (G1 Evacuation Pause)
[263.435s][info][gc,task        ] GC(618) Using 2 workers of 2 for evacuation
[263.442s][info][gc,phases      ] GC(618)   Pre Evacuate Collection Set: 0.29ms
[263.442s][info][gc,phases      ] GC(618)   Merge Heap Roots: 0.11ms
[263.442s][info][gc,phases      ] GC(618)   Evacuate Collection Set: 6.95ms
[263.442s][info][gc,phases      ] GC(618)   Post Evacuate Collection Set: 0.36ms
[263.442s][info][gc,phases      ] GC(618)   Other: 0.10ms
[263.443s][info][gc,heap        ] GC(618) Eden regions: 148->0(149)
[263.443s][info][gc,heap        ] GC(618) Survivor regions: 8->8(20)
[263.443s][info][gc,heap        ] GC(618) Old regions: 753->753
[263.443s][info][gc,heap        ] GC(618) Humongous regions: 10->10
[263.443s][info][gc,metaspace   ] GC(618) Metaspace: 18773K(18944K)->18773K(18944K) NonClass: 16113K(16192K)->16113K(16192K) Class: 2660K(2752K)->2660K(2752K)
[263.443s][info][gc             ] GC(618) Pause Young (Normal) (G1 Evacuation Pause) 918M->770M(978M) 8.049ms
[263.443s][info][gc,cpu         ] GC(618) User=0.02s Sys=0.00s Real=0.01s
[263.696s][info][gc,marking     ] GC(615) Concurrent Mark From Roots 1151.135ms
[263.696s][info][gc,marking     ] GC(615) Concurrent Preclean
[263.696s][info][gc,marking     ] GC(615) Concurrent Preclean 0.038ms
[263.697s][info][gc,start       ] GC(615) Pause Remark
[263.704s][info][gc             ] GC(615) Pause Remark 915M->724M(978M) 7.379ms
[263.704s][info][gc,cpu         ] GC(615) User=0.01s Sys=0.00s Real=0.00s
[263.704s][info][gc,marking     ] GC(615) Concurrent Mark 1158.872ms
[263.704s][info][gc,marking     ] GC(615) Concurrent Rebuild Remembered Sets and Scrub Regions
[263.711s][info][gc,start       ] GC(619) Pause Young (Normal) (G1 Evacuation Pause)
[263.711s][info][gc,task        ] GC(619) Using 2 workers of 2 for evacuation
[263.720s][info][gc,phases      ] GC(619)   Pre Evacuate Collection Set: 0.40ms
[263.720s][info][gc,phases      ] GC(619)   Merge Heap Roots: 0.12ms
[263.720s][info][gc,phases      ] GC(619)   Evacuate Collection Set: 7.70ms
[263.720s][info][gc,phases      ] GC(619)   Post Evacuate Collection Set: 0.35ms
[263.720s][info][gc,phases      ] GC(619)   Other: 0.11ms
[263.720s][info][gc,heap        ] GC(619) Eden regions: 149->0(290)
[263.720s][info][gc,heap        ] GC(619) Survivor regions: 8->8(20)
[263.720s][info][gc,heap        ] GC(619) Old regions: 565->565
[263.720s][info][gc,heap        ] GC(619) Humongous regions: 7->7
[263.720s][info][gc,metaspace   ] GC(619) Metaspace: 18773K(18944K)->18773K(18944K) NonClass: 16113K(16192K)->16113K(16192K) Class: 2660K(2752K)->2660K(2752K)
[263.720s][info][gc             ] GC(619) Pause Young (Normal) (G1 Evacuation Pause) 728M->579M(978M) 8.840ms
[263.720s][info][gc,cpu         ] GC(619) User=0.02s Sys=0.00s Real=0.01s
[264.162s][info][gc,marking     ] GC(615) Concurrent Rebuild Remembered Sets and Scrub Regions 458.176ms
[264.162s][info][gc,start       ] GC(615) Pause Cleanup
[264.163s][info][gc             ] GC(615) Pause Cleanup 856M->856M(978M) 0.103ms
[264.163s][info][gc,cpu         ] GC(615) User=0.00s Sys=0.00s Real=0.00s
[264.163s][info][gc,marking     ] GC(615) Concurrent Clear Claimed Marks
[264.163s][info][gc,marking     ] GC(615) Concurrent Clear Claimed Marks 0.029ms
[264.163s][info][gc,marking     ] GC(615) Concurrent Cleanup for Next Mark
[264.165s][info][gc,marking     ] GC(615) Concurrent Cleanup for Next Mark 2.793ms
[264.165s][info][gc             ] GC(615) Concurrent Mark Cycle 1698.995ms
[264.182s][info][gc,start       ] GC(620) Pause Young (Prepare Mixed) (G1 Evacuation Pause)
[264.182s][info][gc,task        ] GC(620) Using 2 workers of 2 for evacuation
[264.191s][info][gc,phases      ] GC(620)   Pre Evacuate Collection Set: 0.41ms
[264.192s][info][gc,phases      ] GC(620)   Merge Heap Roots: 0.21ms
[264.192s][info][gc,phases      ] GC(620)   Evacuate Collection Set: 8.67ms
[264.192s][info][gc,phases      ] GC(620)   Post Evacuate Collection Set: 0.46ms
[264.192s][info][gc,phases      ] GC(620)   Other: 0.07ms
[264.192s][info][gc,heap        ] GC(620) Eden regions: 290->0(309)
[264.192s][info][gc,heap        ] GC(620) Survivor regions: 8->8(38)
[264.192s][info][gc,heap        ] GC(620) Old regions: 565->565
[264.192s][info][gc,heap        ] GC(620) Humongous regions: 7->7
[264.192s][info][gc,metaspace   ] GC(620) Metaspace: 18773K(18944K)->18773K(18944K) NonClass: 16113K(16192K)->16113K(16192K) Class: 2660K(2752K)->2660K(2752K)
[264.192s][info][gc             ] GC(620) Pause Young (Prepare Mixed) (G1 Evacuation Pause) 869M->579M(978M) 9.964ms
[264.192s][info][gc,cpu         ] GC(620) User=0.02s Sys=0.00s Real=0.01s
[264.531s][info][gc,start       ] GC(621) Pause Young (Mixed) (G1 Evacuation Pause)
[264.531s][info][gc,task        ] GC(621) Using 2 workers of 2 for evacuation
[264.563s][info][gc,phases      ] GC(621)   Pre Evacuate Collection Set: 0.31ms
[264.563s][info][gc,phases      ] GC(621)   Merge Heap Roots: 0.48ms
[264.563s][info][gc,phases      ] GC(621)   Evacuate Collection Set: 30.49ms
[264.563s][info][gc,phases      ] GC(621)   Post Evacuate Collection Set: 0.58ms
[264.563s][info][gc,phases      ] GC(621)   Other: 0.13ms
[264.563s][info][gc,heap        ] GC(621) Eden regions: 309->0(354)
[264.563s][info][gc,heap        ] GC(621) Survivor regions: 8->11(40)
[264.563s][info][gc,heap        ] GC(621) Old regions: 565->524
[264.563s][info][gc,heap        ] GC(621) Humongous regions: 7->7
[264.563s][info][gc,metaspace   ] GC(621) Metaspace: 18773K(18944K)->18773K(18944K) NonClass: 16113K(16192K)->16113K(16192K) Class: 2660K(2752K)->2660K(2752K)
[264.563s][info][gc             ] GC(621) Pause Young (Mixed) (G1 Evacuation Pause) 888M->540M(978M) 32.261ms
[264.563s][info][gc,cpu         ] GC(621) User=0.07s Sys=0.00s Real=0.03s
[264.683s][info][gc,start       ] GC(622) Pause Young (Concurrent Start) (G1 Humongous Allocation)
[264.684s][info][gc,task        ] GC(622) Using 2 workers of 2 for evacuation
[264.711s][info][gc,phases      ] GC(622)   Pre Evacuate Collection Set: 0.28ms
[264.711s][info][gc,phases      ] GC(622)   Merge Heap Roots: 0.29ms
[264.711s][info][gc,phases      ] GC(622)   Evacuate Collection Set: 26.09ms
[264.711s][info][gc,phases      ] GC(622)   Post Evacuate Collection Set: 0.45ms
[264.711s][info][gc,phases      ] GC(622)   Other: 0.13ms
[264.711s][info][gc,heap        ] GC(622) Eden regions: 110->0(354)
[264.711s][info][gc,heap        ] GC(622) Survivor regions: 11->17(46)
[264.711s][info][gc,heap        ] GC(622) Old regions: 524->524
[264.711s][info][gc,heap        ] GC(622) Humongous regions: 7->7
[264.711s][info][gc,metaspace   ] GC(622) Metaspace: 18773K(18944K)->18773K(18944K) NonClass: 16113K(16192K)->16113K(16192K) Class: 2660K(2752K)->2660K(2752K)
[264.711s][info][gc             ] GC(622) Pause Young (Concurrent Start) (G1 Humongous Allocation) 650M->546M(978M) 27.504ms
[264.711s][info][gc,cpu         ] GC(622) User=0.06s Sys=0.00s Real=0.03s
[264.711s][info][gc             ] GC(623) Concurrent Mark Cycle
[264.711s][info][gc,marking     ] GC(623) Concurrent Scan Root Regions
[264.745s][info][gc,marking     ] GC(623) Concurrent Scan Root Regions 34.203ms
[264.745s][info][gc,marking     ] GC(623) Concurrent Mark
[264.745s][info][gc,marking     ] GC(623) Concurrent Mark From Roots
[264.745s][info][gc,task        ] GC(623) Using 1 workers of 1 for marking
[265.205s][info][gc,marking     ] GC(623) Concurrent Mark From Roots 459.410ms
[265.205s][info][gc,marking     ] GC(623) Concurrent Preclean
[265.205s][info][gc,marking     ] GC(623) Concurrent Preclean 0.036ms
[265.205s][info][gc,start       ] GC(623) Pause Remark
[265.212s][info][gc             ] GC(623) Pause Remark 709M->510M(978M) 7.412ms
[265.212s][info][gc,cpu         ] GC(623) User=0.01s Sys=0.00s Real=0.01s
[265.213s][info][gc,marking     ] GC(623) Concurrent Mark 467.174ms
[265.213s][info][gc,marking     ] GC(623) Concurrent Rebuild Remembered Sets and Scrub Regions
[265.365s][info][gc,marking     ] GC(623) Concurrent Rebuild Remembered Sets and Scrub Regions 152.639ms
[265.366s][info][gc,start       ] GC(623) Pause Cleanup
[265.366s][info][gc             ] GC(623) Pause Cleanup 585M->585M(978M) 0.157ms
[265.366s][info][gc,cpu         ] GC(623) User=0.00s Sys=0.00s Real=0.00s
[265.366s][info][gc,marking     ] GC(623) Concurrent Clear Claimed Marks
[265.366s][info][gc,marking     ] GC(623) Concurrent Clear Claimed Marks 0.052ms
[265.366s][info][gc,marking     ] GC(623) Concurrent Cleanup for Next Mark
[265.371s][info][gc,marking     ] GC(623) Concurrent Cleanup for Next Mark 4.852ms
[265.371s][info][gc             ] GC(623) Concurrent Mark Cycle 660.161ms
[265.525s][info][gc,start       ] GC(624) Pause Young (Prepare Mixed) (G1 Evacuation Pause)
[265.525s][info][gc,task        ] GC(624) Using 2 workers of 2 for evacuation
[265.568s][info][gc,phases      ] GC(624)   Pre Evacuate Collection Set: 0.51ms
[265.568s][info][gc,phases      ] GC(624)   Merge Heap Roots: 0.58ms
[265.568s][info][gc,phases      ] GC(624)   Evacuate Collection Set: 41.01ms
[265.568s][info][gc,phases      ] GC(624)   Post Evacuate Collection Set: 0.65ms
[265.568s][info][gc,phases      ] GC(624)   Other: 0.08ms
[265.568s][info][gc,heap        ] GC(624) Eden regions: 354->0(471)
[265.568s][info][gc,heap        ] GC(624) Survivor regions: 17->26(47)
[265.568s][info][gc,heap        ] GC(624) Old regions: 330->330
[265.568s][info][gc,heap        ] GC(624) Humongous regions: 5->5
[265.568s][info][gc,metaspace   ] GC(624) Metaspace: 18773K(18944K)->18773K(18944K) NonClass: 16113K(16192K)->16113K(16192K) Class: 2660K(2752K)->2660K(2752K)
[265.568s][info][gc             ] GC(624) Pause Young (Prepare Mixed) (G1 Evacuation Pause) 704M->360M(978M) 43.112ms
[265.568s][info][gc,cpu         ] GC(624) User=0.09s Sys=0.00s Real=0.05s
[266.184s][info][gc,start       ] GC(625) Pause Young (Mixed) (G1 Evacuation Pause)
[266.184s][info][gc,task        ] GC(625) Using 2 workers of 2 for evacuation
[266.248s][info][gc,phases      ] GC(625)   Pre Evacuate Collection Set: 0.52ms
[266.248s][info][gc,phases      ] GC(625)   Merge Heap Roots: 0.50ms
[266.248s][info][gc,phases      ] GC(625)   Evacuate Collection Set: 61.32ms
[266.248s][info][gc,phases      ] GC(625)   Post Evacuate Collection Set: 0.87ms
[266.248s][info][gc,phases      ] GC(625)   Other: 0.10ms
[266.248s][info][gc,heap        ] GC(625) Eden regions: 471->0(529)
[266.248s][info][gc,heap        ] GC(625) Survivor regions: 26->43(63)
[266.248s][info][gc,heap        ] GC(625) Old regions: 330->232
[266.248s][info][gc,heap        ] GC(625) Humongous regions: 5->5
[266.248s][info][gc,metaspace   ] GC(625) Metaspace: 18773K(18944K)->18773K(18944K) NonClass: 16113K(16192K)->16113K(16192K) Class: 2660K(2752K)->2660K(2752K)
[266.248s][info][gc             ] GC(625) Pause Young (Mixed) (G1 Evacuation Pause) 831M->279M(978M) 63.562ms
[266.248s][info][gc,cpu         ] GC(625) User=0.12s Sys=0.00s Real=0.07s
[266.701s][info][gc,start       ] GC(626) Pause Young (Mixed) (G1 Evacuation Pause)
[266.701s][info][gc,task        ] GC(626) Using 2 workers of 2 for evacuation
[266.809s][info][gc,phases      ] GC(626)   Pre Evacuate Collection Set: 0.29ms
[266.809s][info][gc,phases      ] GC(626)   Merge Heap Roots: 0.51ms
[266.809s][info][gc,phases      ] GC(626)   Evacuate Collection Set: 106.35ms
[266.809s][info][gc,phases      ] GC(626)   Post Evacuate Collection Set: 0.85ms
[266.809s][info][gc,phases      ] GC(626)   Other: 0.12ms
[266.809s][info][gc,heap        ] GC(626) Eden regions: 529->0(508)
[266.809s][info][gc,heap        ] GC(626) Survivor regions: 43->72(72)
[266.809s][info][gc,heap        ] GC(626) Old regions: 232->238
[266.809s][info][gc,heap        ] GC(626) Humongous regions: 5->5
[266.809s][info][gc,metaspace   ] GC(626) Metaspace: 18776K(19008K)->18776K(19008K) NonClass: 16116K(16256K)->16116K(16256K) Class: 2660K(2752K)->2660K(2752K)
[266.809s][info][gc             ] GC(626) Pause Young (Mixed) (G1 Evacuation Pause) 808M->314M(978M) 108.410ms
[266.809s][info][gc,cpu         ] GC(626) User=0.22s Sys=0.00s Real=0.11s
[267.211s][info][gc,start       ] GC(627) Pause Young (Concurrent Start) (G1 Evacuation Pause)
[267.211s][info][gc,task        ] GC(627) Using 2 workers of 2 for evacuation
[267.346s][info][gc,phases      ] GC(627)   Pre Evacuate Collection Set: 0.28ms
[267.346s][info][gc,phases      ] GC(627)   Merge Heap Roots: 0.54ms
[267.346s][info][gc,phases      ] GC(627)   Evacuate Collection Set: 133.44ms
[267.346s][info][gc,phases      ] GC(627)   Post Evacuate Collection Set: 0.76ms
[267.346s][info][gc,phases      ] GC(627)   Other: 0.13ms
[267.346s][info][gc,heap        ] GC(627) Eden regions: 508->0(474)
[267.346s][info][gc,heap        ] GC(627) Survivor regions: 72->47(73)
[267.346s][info][gc,heap        ] GC(627) Old regions: 238->310
[267.346s][info][gc,heap        ] GC(627) Humongous regions: 5->5
[267.346s][info][gc,metaspace   ] GC(627) Metaspace: 18776K(19008K)->18776K(19008K) NonClass: 16116K(16256K)->16116K(16256K) Class: 2660K(2752K)->2660K(2752K)
[267.346s][info][gc             ] GC(627) Pause Young (Concurrent Start) (G1 Evacuation Pause) 822M->361M(978M) 135.426ms
[267.346s][info][gc,cpu         ] GC(627) User=0.27s Sys=0.00s Real=0.13s
[267.346s][info][gc             ] GC(628) Concurrent Mark Cycle
[267.348s][info][gc,marking     ] GC(628) Concurrent Scan Root Regions
[267.539s][info][gc,marking     ] GC(628) Concurrent Scan Root Regions 190.465ms
[267.539s][info][gc,marking     ] GC(628) Concurrent Mark
[267.539s][info][gc,marking     ] GC(628) Concurrent Mark From Roots
[267.539s][info][gc,task        ] GC(628) Using 1 workers of 1 for marking
[268.063s][info][gc,marking     ] GC(628) Concurrent Mark From Roots 523.999ms
[268.063s][info][gc,marking     ] GC(628) Concurrent Preclean
[268.063s][info][gc,marking     ] GC(628) Concurrent Preclean 0.037ms
[268.063s][info][gc,start       ] GC(628) Pause Remark
[268.070s][info][gc             ] GC(628) Pause Remark 772M->771M(978M) 7.228ms
[268.070s][info][gc,cpu         ] GC(628) User=0.01s Sys=0.00s Real=0.01s
[268.071s][info][gc,marking     ] GC(628) Concurrent Mark 532.508ms
[268.071s][info][gc,marking     ] GC(628) Concurrent Rebuild Remembered Sets and Scrub Regions
[268.285s][info][gc,start       ] GC(629) Pause Young (Normal) (G1 Evacuation Pause)
[268.285s][info][gc,task        ] GC(629) Using 2 workers of 2 for evacuation
[268.355s][info][gc,phases      ] GC(629)   Pre Evacuate Collection Set: 0.27ms
[268.355s][info][gc,phases      ] GC(629)   Merge Heap Roots: 0.41ms
[268.356s][info][gc,phases      ] GC(629)   Evacuate Collection Set: 68.77ms
[268.356s][info][gc,phases      ] GC(629)   Post Evacuate Collection Set: 0.66ms
[268.356s][info][gc,phases      ] GC(629)   Other: 0.08ms
[268.356s][info][gc,heap        ] GC(629) Eden regions: 474->0(472)
[268.356s][info][gc,heap        ] GC(629) Survivor regions: 47->20(66)
[268.356s][info][gc,heap        ] GC(629) Old regions: 310->357
[268.356s][info][gc,heap        ] GC(629) Humongous regions: 4->4
[268.356s][info][gc,metaspace   ] GC(629) Metaspace: 18776K(19008K)->18776K(19008K) NonClass: 16116K(16256K)->16116K(16256K) Class: 2660K(2752K)->2660K(2752K)
[268.356s][info][gc             ] GC(629) Pause Young (Normal) (G1 Evacuation Pause) 834M->380M(978M) 70.423ms
[268.356s][info][gc,cpu         ] GC(629) User=0.14s Sys=0.00s Real=0.07s
[268.401s][info][gc,marking     ] GC(628) Concurrent Rebuild Remembered Sets and Scrub Regions 329.925ms
[268.401s][info][gc,start       ] GC(628) Pause Cleanup
[268.402s][info][gc             ] GC(628) Pause Cleanup 399M->399M(978M) 0.080ms
[268.402s][info][gc,cpu         ] GC(628) User=0.00s Sys=0.00s Real=0.00s
[268.403s][info][gc,marking     ] GC(628) Concurrent Clear Claimed Marks
[268.403s][info][gc,marking     ] GC(628) Concurrent Clear Claimed Marks 0.044ms
[268.403s][info][gc,marking     ] GC(628) Concurrent Cleanup for Next Mark
[268.410s][info][gc,marking     ] GC(628) Concurrent Cleanup for Next Mark 6.776ms
[268.410s][info][gc             ] GC(628) Concurrent Mark Cycle 1063.941ms
[269.409s][info][gc,start       ] GC(630) Pause Young (Prepare Mixed) (G1 Evacuation Pause)
[269.409s][info][gc,task        ] GC(630) Using 2 workers of 2 for evacuation
[269.433s][info][gc,phases      ] GC(630)   Pre Evacuate Collection Set: 0.28ms
[269.433s][info][gc,phases      ] GC(630)   Merge Heap Roots: 0.26ms
[269.433s][info][gc,phases      ] GC(630)   Evacuate Collection Set: 23.15ms
[269.433s][info][gc,phases      ] GC(630)   Post Evacuate Collection Set: 0.66ms
[269.433s][info][gc,phases      ] GC(630)   Other: 0.08ms
[269.433s][info][gc,heap        ] GC(630) Eden regions: 472->0(491)
[269.433s][info][gc,heap        ] GC(630) Survivor regions: 20->20(62)
[269.433s][info][gc,heap        ] GC(630) Old regions: 357->357
[269.433s][info][gc,heap        ] GC(630) Humongous regions: 4->4
[269.433s][info][gc,metaspace   ] GC(630) Metaspace: 18776K(19008K)->18776K(19008K) NonClass: 16116K(16256K)->16116K(16256K) Class: 2660K(2752K)->2660K(2752K)
[269.433s][info][gc             ] GC(630) Pause Young (Prepare Mixed) (G1 Evacuation Pause) 852M->380M(978M) 24.652ms
[269.433s][info][gc,cpu         ] GC(630) User=0.04s Sys=0.00s Real=0.02s
[270.084s][info][gc,start       ] GC(631) Pause Young (Mixed) (G1 Evacuation Pause)
[270.084s][info][gc,task        ] GC(631) Using 2 workers of 2 for evacuation
[270.216s][info][gc,phases      ] GC(631)   Pre Evacuate Collection Set: 0.31ms
[270.216s][info][gc,phases      ] GC(631)   Merge Heap Roots: 0.27ms
[270.216s][info][gc,phases      ] GC(631)   Evacuate Collection Set: 123.77ms
[270.216s][info][gc,phases      ] GC(631)   Post Evacuate Collection Set: 8.06ms
[270.216s][info][gc,phases      ] GC(631)   Other: 0.11ms
[270.216s][info][gc,heap        ] GC(631) Eden regions: 491->0(312)
[270.216s][info][gc,heap        ] GC(631) Survivor regions: 20->64(64)
[270.216s][info][gc,heap        ] GC(631) Old regions: 357->479
[270.216s][info][gc,heap        ] GC(631) Humongous regions: 4->4
[270.216s][info][gc,metaspace   ] GC(631) Metaspace: 18776K(19008K)->18776K(19008K) NonClass: 16116K(16256K)->16116K(16256K) Class: 2660K(2752K)->2660K(2752K)
[270.216s][info][gc             ] GC(631) Pause Young (Mixed) (G1 Evacuation Pause) (Evacuation Failure: Allocation) 871M->546M(978M) 132.836ms
[270.216s][info][gc,cpu         ] GC(631) User=0.27s Sys=0.00s Real=0.14s
[270.675s][info][gc,start       ] GC(632) Pause Young (Concurrent Start) (G1 Humongous Allocation)
[270.675s][info][gc,task        ] GC(632) Using 2 workers of 2 for evacuation
[270.891s][info][gc,mmu         ] GC(632) MMU target violated: 201.0ms (200.0ms/201.0ms)
[270.891s][info][gc,phases      ] GC(632)   Pre Evacuate Collection Set: 0.35ms
[270.891s][info][gc,phases      ] GC(632)   Merge Heap Roots: 0.58ms
[270.891s][info][gc,phases      ] GC(632)   Evacuate Collection Set: 202.29ms
[270.891s][info][gc,phases      ] GC(632)   Post Evacuate Collection Set: 12.38ms
[270.891s][info][gc,phases      ] GC(632)   Other: 0.24ms
[270.891s][info][gc,heap        ] GC(632) Eden regions: 299->0(218)
[270.891s][info][gc,heap        ] GC(632) Survivor regions: 64->47(47)
[270.891s][info][gc,heap        ] GC(632) Old regions: 479->596
[270.891s][info][gc,heap        ] GC(632) Humongous regions: 4->4
[270.891s][info][gc,metaspace   ] GC(632) Metaspace: 18776K(19008K)->18776K(19008K) NonClass: 16116K(16256K)->16116K(16256K) Class: 2660K(2752K)->2660K(2752K)
[270.891s][info][gc             ] GC(632) Pause Young (Concurrent Start) (G1 Humongous Allocation) (Evacuation Failure: Allocation) 845M->646M(978M) 216.039ms
[270.891s][info][gc,cpu         ] GC(632) User=0.43s Sys=0.00s Real=0.22s
[270.891s][info][gc             ] GC(633) Concurrent Mark Cycle
[270.891s][info][gc,marking     ] GC(633) Concurrent Scan Root Regions
[271.061s][info][gc,marking     ] GC(633) Concurrent Scan Root Regions 169.579ms
[271.061s][info][gc,marking     ] GC(633) Concurrent Mark
[271.061s][info][gc,marking     ] GC(633) Concurrent Mark From Roots
[271.061s][info][gc,task        ] GC(633) Using 1 workers of 1 for marking
[271.384s][info][gc,start       ] GC(634) Pause Young (Normal) (G1 Evacuation Pause)
[271.384s][info][gc,task        ] GC(634) Using 2 workers of 2 for evacuation
[271.496s][info][gc,phases      ] GC(634)   Pre Evacuate Collection Set: 0.33ms
[271.496s][info][gc,phases      ] GC(634)   Merge Heap Roots: 0.67ms
[271.496s][info][gc,phases      ] GC(634)   Evacuate Collection Set: 109.55ms
[271.496s][info][gc,phases      ] GC(634)   Post Evacuate Collection Set: 0.81ms
[271.496s][info][gc,phases      ] GC(634)   Other: 0.10ms
[271.496s][info][gc,heap        ] GC(634) Eden regions: 218->0(266)
[271.496s][info][gc,heap        ] GC(634) Survivor regions: 47->11(34)
[271.496s][info][gc,heap        ] GC(634) Old regions: 596->569
[271.496s][info][gc,heap        ] GC(634) Humongous regions: 7->7
[271.496s][info][gc,metaspace   ] GC(634) Metaspace: 18776K(19008K)->18776K(19008K) NonClass: 16116K(16256K)->16116K(16256K) Class: 2660K(2752K)->2660K(2752K)
[271.496s][info][gc             ] GC(634) Pause Young (Normal) (G1 Evacuation Pause) 867M->586M(978M) 111.704ms
[271.496s][info][gc,cpu         ] GC(634) User=0.22s Sys=0.00s Real=0.11s
[272.280s][info][gc,start       ] GC(635) Pause Young (Normal) (G1 Evacuation Pause)
[272.280s][info][gc,task        ] GC(635) Using 2 workers of 2 for evacuation
[272.356s][info][gc,phases      ] GC(635)   Pre Evacuate Collection Set: 0.50ms
[272.356s][info][gc,phases      ] GC(635)   Merge Heap Roots: 0.75ms
[272.356s][info][gc,phases      ] GC(635)   Evacuate Collection Set: 73.84ms
[272.356s][info][gc,phases      ] GC(635)   Post Evacuate Collection Set: 0.77ms
[272.356s][info][gc,phases      ] GC(635)   Other: 0.10ms
[272.356s][info][gc,heap        ] GC(635) Eden regions: 266->0(251)
[272.356s][info][gc,heap        ] GC(635) Survivor regions: 11->35(35)
[272.356s][info][gc,heap        ] GC(635) Old regions: 569->569
[272.356s][info][gc,heap        ] GC(635) Humongous regions: 13->13
[272.356s][info][gc,metaspace   ] GC(635) Metaspace: 18776K(19008K)->18776K(19008K) NonClass: 16116K(16256K)->16116K(16256K) Class: 2660K(2752K)->2660K(2752K)
[272.356s][info][gc             ] GC(635) Pause Young (Normal) (G1 Evacuation Pause) 858M->616M(978M) 76.248ms
[272.356s][info][gc,cpu         ] GC(635) User=0.15s Sys=0.00s Real=0.08s
[272.438s][info][gc,marking     ] GC(633) Concurrent Mark From Roots 1377.222ms
[272.438s][info][gc,marking     ] GC(633) Concurrent Preclean
[272.438s][info][gc,marking     ] GC(633) Concurrent Preclean 0.036ms
[272.439s][info][gc,start       ] GC(633) Pause Remark
[272.446s][info][gc             ] GC(633) Pause Remark 645M->645M(978M) 7.165ms
[272.446s][info][gc,cpu         ] GC(633) User=0.01s Sys=0.00s Real=0.00s
[272.448s][info][gc,marking     ] GC(633) Concurrent Mark 1386.741ms
[272.448s][info][gc,marking     ] GC(633) Concurrent Rebuild Remembered Sets and Scrub Regions
[272.964s][info][gc,start       ] GC(636) Pause Young (Normal) (G1 Evacuation Pause)
[272.965s][info][gc,task        ] GC(636) Using 2 workers of 2 for evacuation
[273.038s][info][gc,phases      ] GC(636)   Pre Evacuate Collection Set: 0.26ms
[273.038s][info][gc,phases      ] GC(636)   Merge Heap Roots: 0.97ms
[273.038s][info][gc,phases      ] GC(636)   Evacuate Collection Set: 71.21ms
[273.038s][info][gc,phases      ] GC(636)   Post Evacuate Collection Set: 0.51ms
[273.038s][info][gc,phases      ] GC(636)   Other: 0.09ms
[273.038s][info][gc,heap        ] GC(636) Eden regions: 251->0(265)
[273.038s][info][gc,heap        ] GC(636) Survivor regions: 35->1(36)
[273.038s][info][gc,heap        ] GC(636) Old regions: 569->605
[273.038s][info][gc,heap        ] GC(636) Humongous regions: 13->13
[273.038s][info][gc,metaspace   ] GC(636) Metaspace: 18776K(19008K)->18776K(19008K) NonClass: 16116K(16256K)->16116K(16256K) Class: 2660K(2752K)->2660K(2752K)
[273.038s][info][gc             ] GC(636) Pause Young (Normal) (G1 Evacuation Pause) 867M->618M(978M) 73.296ms
[273.038s][info][gc,cpu         ] GC(636) User=0.15s Sys=0.00s Real=0.08s
[273.066s][info][gc,marking     ] GC(633) Concurrent Rebuild Remembered Sets and Scrub Regions 617.826ms
[273.066s][info][gc,start       ] GC(633) Pause Cleanup
[273.066s][info][gc             ] GC(633) Pause Cleanup 631M->631M(978M) 0.089ms
[273.066s][info][gc,cpu         ] GC(633) User=0.00s Sys=0.00s Real=0.00s
[273.066s][info][gc,marking     ] GC(633) Concurrent Clear Claimed Marks
[273.066s][info][gc,marking     ] GC(633) Concurrent Clear Claimed Marks 0.038ms
[273.066s][info][gc,marking     ] GC(633) Concurrent Cleanup for Next Mark
[273.071s][info][gc,marking     ] GC(633) Concurrent Cleanup for Next Mark 4.803ms
[273.071s][info][gc             ] GC(633) Concurrent Mark Cycle 2179.678ms
[273.446s][info][gc,start       ] GC(637) Pause Young (Prepare Mixed) (G1 Evacuation Pause)
[273.446s][info][gc,task        ] GC(637) Using 2 workers of 2 for evacuation
[273.447s][info][gc,phases      ] GC(637)   Pre Evacuate Collection Set: 0.27ms
[273.447s][info][gc,phases      ] GC(637)   Merge Heap Roots: 0.08ms
[273.447s][info][gc,phases      ] GC(637)   Evacuate Collection Set: 0.21ms
[273.447s][info][gc,phases      ] GC(637)   Post Evacuate Collection Set: 0.42ms
[273.447s][info][gc,phases      ] GC(637)   Other: 0.09ms
[273.447s][info][gc,heap        ] GC(637) Eden regions: 265->0(279)
[273.447s][info][gc,heap        ] GC(637) Survivor regions: 1->1(34)
[273.447s][info][gc,heap        ] GC(637) Old regions: 605->605
[273.447s][info][gc,heap        ] GC(637) Humongous regions: 13->13
[273.447s][info][gc,metaspace   ] GC(637) Metaspace: 18776K(19008K)->18776K(19008K) NonClass: 16116K(16256K)->16116K(16256K) Class: 2660K(2752K)->2660K(2752K)
[273.447s][info][gc             ] GC(637) Pause Young (Prepare Mixed) (G1 Evacuation Pause) 883M->618M(978M) 1.291ms
[273.447s][info][gc,cpu         ] GC(637) User=0.00s Sys=0.00s Real=0.01s
[273.832s][info][gc,start       ] GC(638) Pause Young (Mixed) (G1 Evacuation Pause)
[273.833s][info][gc,task        ] GC(638) Using 2 workers of 2 for evacuation
[273.880s][info][gc,phases      ] GC(638)   Pre Evacuate Collection Set: 0.48ms
[273.880s][info][gc,phases      ] GC(638)   Merge Heap Roots: 0.68ms
[273.880s][info][gc,phases      ] GC(638)   Evacuate Collection Set: 45.48ms
[273.880s][info][gc,phases      ] GC(638)   Post Evacuate Collection Set: 0.49ms
[273.880s][info][gc,phases      ] GC(638)   Other: 0.09ms
[273.880s][info][gc,heap        ] GC(638) Eden regions: 279->0(282)
[273.880s][info][gc,heap        ] GC(638) Survivor regions: 1->11(35)
[273.880s][info][gc,heap        ] GC(638) Old regions: 605->597
[273.880s][info][gc,heap        ] GC(638) Humongous regions: 13->13
[273.880s][info][gc,metaspace   ] GC(638) Metaspace: 18776K(19008K)->18776K(19008K) NonClass: 16116K(16256K)->16116K(16256K) Class: 2660K(2752K)->2660K(2752K)
[273.880s][info][gc             ] GC(638) Pause Young (Mixed) (G1 Evacuation Pause) 897M->620M(978M) 47.431ms
[273.880s][info][gc,cpu         ] GC(638) User=0.10s Sys=0.00s Real=0.05s
[274.134s][info][gc,start       ] GC(639) Pause Young (Concurrent Start) (G1 Evacuation Pause)
[274.134s][info][gc,task        ] GC(639) Using 2 workers of 2 for evacuation
[274.169s][info][gc,phases      ] GC(639)   Pre Evacuate Collection Set: 0.33ms
[274.169s][info][gc,phases      ] GC(639)   Merge Heap Roots: 0.14ms
[274.169s][info][gc,phases      ] GC(639)   Evacuate Collection Set: 34.08ms
[274.169s][info][gc,phases      ] GC(639)   Post Evacuate Collection Set: 0.50ms
[274.169s][info][gc,phases      ] GC(639)   Other: 0.21ms
[274.169s][info][gc,heap        ] GC(639) Eden regions: 282->0(254)
[274.169s][info][gc,heap        ] GC(639) Survivor regions: 11->32(37)
[274.169s][info][gc,heap        ] GC(639) Old regions: 597->597
[274.169s][info][gc,heap        ] GC(639) Humongous regions: 13->13
[274.169s][info][gc,metaspace   ] GC(639) Metaspace: 18776K(19008K)->18776K(19008K) NonClass: 16116K(16256K)->16116K(16256K) Class: 2660K(2752K)->2660K(2752K)
[274.169s][info][gc             ] GC(639) Pause Young (Concurrent Start) (G1 Evacuation Pause) 902M->641M(978M) 35.477ms
[274.169s][info][gc             ] GC(640) Concurrent Mark Cycle
[274.170s][info][gc,marking     ] GC(640) Concurrent Scan Root Regions
[274.171s][info][gc,cpu         ] GC(639) User=0.07s Sys=0.00s Real=0.04s
[274.229s][info][gc,marking     ] GC(640) Concurrent Scan Root Regions 59.005ms
[274.229s][info][gc,marking     ] GC(640) Concurrent Mark
[274.229s][info][gc,marking     ] GC(640) Concurrent Mark From Roots
[274.229s][info][gc,task        ] GC(640) Using 1 workers of 1 for marking
[274.715s][info][gc,start       ] GC(641) Pause Young (Normal) (G1 Evacuation Pause)
[274.715s][info][gc,task        ] GC(641) Using 2 workers of 2 for evacuation
[274.755s][info][gc,phases      ] GC(641)   Pre Evacuate Collection Set: 0.28ms
[274.755s][info][gc,phases      ] GC(641)   Merge Heap Roots: 0.16ms
[274.755s][info][gc,phases      ] GC(641)   Evacuate Collection Set: 38.16ms
[274.755s][info][gc,phases      ] GC(641)   Post Evacuate Collection Set: 0.47ms
[274.755s][info][gc,phases      ] GC(641)   Other: 0.07ms
[274.755s][info][gc,heap        ] GC(641) Eden regions: 254->0(265)
[274.755s][info][gc,heap        ] GC(641) Survivor regions: 32->10(36)
[274.755s][info][gc,heap        ] GC(641) Old regions: 597->628
[274.755s][info][gc,heap        ] GC(641) Humongous regions: 13->13
[274.755s][info][gc,metaspace   ] GC(641) Metaspace: 18776K(19008K)->18776K(19008K) NonClass: 16116K(16256K)->16116K(16256K) Class: 2660K(2752K)->2660K(2752K)
[274.755s][info][gc             ] GC(641) Pause Young (Normal) (G1 Evacuation Pause) 895M->650M(978M) 39.346ms
[274.755s][info][gc,cpu         ] GC(641) User=0.07s Sys=0.00s Real=0.04s
[275.431s][info][gc,marking     ] GC(640) Concurrent Mark From Roots 1202.854ms
[275.432s][info][gc,marking     ] GC(640) Concurrent Preclean
[275.432s][info][gc,marking     ] GC(640) Concurrent Preclean 0.039ms
[275.432s][info][gc,start       ] GC(640) Pause Remark
[275.439s][info][gc             ] GC(640) Pause Remark 839M->771M(978M) 7.554ms
[275.439s][info][gc,cpu         ] GC(640) User=0.02s Sys=0.00s Real=0.01s
[275.439s][info][gc,marking     ] GC(640) Concurrent Mark 1210.761ms
[275.439s][info][gc,marking     ] GC(640) Concurrent Rebuild Remembered Sets and Scrub Regions
[275.664s][info][gc,start       ] GC(642) Pause Young (Normal) (G1 Evacuation Pause)
[275.664s][info][gc,task        ] GC(642) Using 2 workers of 2 for evacuation
[275.677s][info][gc,phases      ] GC(642)   Pre Evacuate Collection Set: 0.27ms
[275.677s][info][gc,phases      ] GC(642)   Merge Heap Roots: 0.19ms
[275.677s][info][gc,phases      ] GC(642)   Evacuate Collection Set: 11.51ms
[275.677s][info][gc,phases      ] GC(642)   Post Evacuate Collection Set: 0.47ms
[275.677s][info][gc,phases      ] GC(642)   Other: 0.09ms
[275.677s][info][gc,heap        ] GC(642) Eden regions: 265->0(326)
[275.677s][info][gc,heap        ] GC(642) Survivor regions: 10->10(35)
[275.677s][info][gc,heap        ] GC(642) Old regions: 566->566
[275.677s][info][gc,heap        ] GC(642) Humongous regions: 7->7
[275.677s][info][gc,metaspace   ] GC(642) Metaspace: 18776K(19008K)->18776K(19008K) NonClass: 16116K(16256K)->16116K(16256K) Class: 2660K(2752K)->2660K(2752K)
[275.677s][info][gc             ] GC(642) Pause Young (Normal) (G1 Evacuation Pause) 847M->582M(978M) 12.767ms
[275.677s][info][gc,cpu         ] GC(642) User=0.03s Sys=0.00s Real=0.02s
[275.816s][info][gc,marking     ] GC(640) Concurrent Rebuild Remembered Sets and Scrub Regions 376.858ms
[275.816s][info][gc,start       ] GC(640) Pause Cleanup
[275.817s][info][gc             ] GC(640) Pause Cleanup 641M->641M(978M) 0.133ms
[275.817s][info][gc,cpu         ] GC(640) User=0.00s Sys=0.00s Real=0.00s
[275.817s][info][gc,marking     ] GC(640) Concurrent Clear Claimed Marks
[275.817s][info][gc,marking     ] GC(640) Concurrent Clear Claimed Marks 0.029ms
[275.817s][info][gc,marking     ] GC(640) Concurrent Cleanup for Next Mark
[275.819s][info][gc,marking     ] GC(640) Concurrent Cleanup for Next Mark 2.799ms
[275.819s][info][gc             ] GC(640) Concurrent Mark Cycle 1649.952ms
[276.245s][info][gc,start       ] GC(643) Pause Young (Prepare Mixed) (G1 Evacuation Pause)
[276.245s][info][gc,task        ] GC(643) Using 2 workers of 2 for evacuation
[276.270s][info][gc,phases      ] GC(643)   Pre Evacuate Collection Set: 0.27ms
[276.270s][info][gc,phases      ] GC(643)   Merge Heap Roots: 0.20ms
[276.270s][info][gc,phases      ] GC(643)   Evacuate Collection Set: 24.06ms
[276.270s][info][gc,phases      ] GC(643)   Post Evacuate Collection Set: 0.50ms
[276.270s][info][gc,phases      ] GC(643)   Other: 0.09ms
[276.270s][info][gc,heap        ] GC(643) Eden regions: 326->0(309)
[276.270s][info][gc,heap        ] GC(643) Survivor regions: 10->23(42)
[276.270s][info][gc,heap        ] GC(643) Old regions: 566->566
[276.270s][info][gc,heap        ] GC(643) Humongous regions: 7->7
[276.270s][info][gc,metaspace   ] GC(643) Metaspace: 18776K(19008K)->18776K(19008K) NonClass: 16116K(16256K)->16116K(16256K) Class: 2660K(2752K)->2660K(2752K)
[276.270s][info][gc             ] GC(643) Pause Young (Prepare Mixed) (G1 Evacuation Pause) 908M->595M(978M) 25.338ms
[276.270s][info][gc,cpu         ] GC(643) User=0.05s Sys=0.00s Real=0.03s
[276.645s][info][gc,start       ] GC(644) Pause Young (Mixed) (G1 Evacuation Pause)
[276.646s][info][gc,task        ] GC(644) Using 2 workers of 2 for evacuation
[276.729s][info][gc,phases      ] GC(644)   Pre Evacuate Collection Set: 0.49ms
[276.730s][info][gc,phases      ] GC(644)   Merge Heap Roots: 0.45ms
[276.730s][info][gc,phases      ] GC(644)   Evacuate Collection Set: 78.84ms
[276.730s][info][gc,phases      ] GC(644)   Post Evacuate Collection Set: 3.99ms
[276.730s][info][gc,phases      ] GC(644)   Other: 0.10ms
[276.730s][info][gc,heap        ] GC(644) Eden regions: 309->0(242)
[276.730s][info][gc,heap        ] GC(644) Survivor regions: 23->42(42)
[276.730s][info][gc,heap        ] GC(644) Old regions: 566->595
[276.730s][info][gc,heap        ] GC(644) Humongous regions: 7->7
[276.730s][info][gc,metaspace   ] GC(644) Metaspace: 18776K(19008K)->18776K(19008K) NonClass: 16116K(16256K)->16116K(16256K) Class: 2660K(2752K)->2660K(2752K)
[276.730s][info][gc             ] GC(644) Pause Young (Mixed) (G1 Evacuation Pause) (Evacuation Failure: Allocation) 904M->643M(978M) 84.147ms
[276.730s][info][gc,cpu         ] GC(644) User=0.17s Sys=0.00s Real=0.09s
[276.775s][info][gc,start       ] GC(645) Pause Young (Concurrent Start) (G1 Humongous Allocation)
[276.775s][info][gc,task        ] GC(645) Using 2 workers of 2 for evacuation
[276.832s][info][gc,phases      ] GC(645)   Pre Evacuate Collection Set: 0.31ms
[276.832s][info][gc,phases      ] GC(645)   Merge Heap Roots: 0.35ms
[276.832s][info][gc,phases      ] GC(645)   Evacuate Collection Set: 55.24ms
[276.832s][info][gc,phases      ] GC(645)   Post Evacuate Collection Set: 0.40ms
[276.832s][info][gc,phases      ] GC(645)   Other: 0.18ms
[276.832s][info][gc,heap        ] GC(645) Eden regions: 27->0(312)
[276.832s][info][gc,heap        ] GC(645) Survivor regions: 42->6(36)
[276.832s][info][gc,heap        ] GC(645) Old regions: 595->570
[276.832s][info][gc,heap        ] GC(645) Humongous regions: 7->7
[276.832s][info][gc,metaspace   ] GC(645) Metaspace: 18776K(19008K)->18776K(19008K) NonClass: 16116K(16256K)->16116K(16256K) Class: 2660K(2752K)->2660K(2752K)
[276.832s][info][gc             ] GC(645) Pause Young (Concurrent Start) (G1 Humongous Allocation) 670M->582M(978M) 56.689ms
[276.832s][info][gc,cpu         ] GC(645) User=0.11s Sys=0.00s Real=0.06s
[276.832s][info][gc             ] GC(646) Concurrent Mark Cycle
[276.832s][info][gc,marking     ] GC(646) Concurrent Scan Root Regions
[276.904s][info][gc,marking     ] GC(646) Concurrent Scan Root Regions 72.108ms
[276.904s][info][gc,marking     ] GC(646) Concurrent Mark
[276.904s][info][gc,marking     ] GC(646) Concurrent Mark From Roots
[276.904s][info][gc,task        ] GC(646) Using 1 workers of 1 for marking
[277.893s][info][gc,start       ] GC(647) Pause Young (Normal) (G1 Evacuation Pause)
[277.893s][info][gc,task        ] GC(647) Using 2 workers of 2 for evacuation
[277.911s][info][gc,phases      ] GC(647)   Pre Evacuate Collection Set: 0.47ms
[277.911s][info][gc,phases      ] GC(647)   Merge Heap Roots: 0.22ms
[277.911s][info][gc,phases      ] GC(647)   Evacuate Collection Set: 16.68ms
[277.911s][info][gc,phases      ] GC(647)   Post Evacuate Collection Set: 0.55ms
[277.911s][info][gc,phases      ] GC(647)   Other: 0.09ms
[277.911s][info][gc,heap        ] GC(647) Eden regions: 312->0(317)
[277.911s][info][gc,heap        ] GC(647) Survivor regions: 6->10(40)
[277.911s][info][gc,heap        ] GC(647) Old regions: 570->570
[277.911s][info][gc,heap        ] GC(647) Humongous regions: 10->10
[277.911s][info][gc,metaspace   ] GC(647) Metaspace: 18776K(19008K)->18776K(19008K) NonClass: 16116K(16256K)->16116K(16256K) Class: 2660K(2752K)->2660K(2752K)
[277.911s][info][gc             ] GC(647) Pause Young (Normal) (G1 Evacuation Pause) 897M->589M(978M) 18.218ms
[277.911s][info][gc,cpu         ] GC(647) User=0.04s Sys=0.00s Real=0.02s
[278.253s][info][gc,marking     ] GC(646) Concurrent Mark From Roots 1348.233ms
[278.253s][info][gc,marking     ] GC(646) Concurrent Preclean
[278.253s][info][gc,marking     ] GC(646) Concurrent Preclean 0.039ms
[278.253s][info][gc,start       ] GC(646) Pause Remark
[278.260s][info][gc             ] GC(646) Pause Remark 692M->692M(978M) 7.353ms
[278.260s][info][gc,cpu         ] GC(646) User=0.01s Sys=0.00s Real=0.01s
[278.260s][info][gc,marking     ] GC(646) Concurrent Mark 1355.963ms
[278.260s][info][gc,marking     ] GC(646) Concurrent Rebuild Remembered Sets and Scrub Regions
[278.711s][info][gc,start       ] GC(648) Pause Young (Normal) (G1 Evacuation Pause)
[278.711s][info][gc,task        ] GC(648) Using 2 workers of 2 for evacuation
[278.727s][info][gc,phases      ] GC(648)   Pre Evacuate Collection Set: 0.30ms
[278.727s][info][gc,phases      ] GC(648)   Merge Heap Roots: 0.23ms
[278.727s][info][gc,phases      ] GC(648)   Evacuate Collection Set: 15.12ms
[278.727s][info][gc,phases      ] GC(648)   Post Evacuate Collection Set: 0.51ms
[278.727s][info][gc,phases      ] GC(648)   Other: 0.10ms
[278.727s][info][gc,heap        ] GC(648) Eden regions: 317->0(328)
[278.727s][info][gc,heap        ] GC(648) Survivor regions: 10->10(41)
[278.727s][info][gc,heap        ] GC(648) Old regions: 570->570
[278.727s][info][gc,heap        ] GC(648) Humongous regions: 10->10
[278.727s][info][gc,metaspace   ] GC(648) Metaspace: 18776K(19008K)->18776K(19008K) NonClass: 16116K(16256K)->16116K(16256K) Class: 2660K(2752K)->2660K(2752K)
[278.727s][info][gc             ] GC(648) Pause Young (Normal) (G1 Evacuation Pause) 906M->589M(978M) 16.503ms
[278.727s][info][gc,cpu         ] GC(648) User=0.03s Sys=0.00s Real=0.02s
[278.815s][info][gc,marking     ] GC(646) Concurrent Rebuild Remembered Sets and Scrub Regions 554.475ms
[278.815s][info][gc,start       ] GC(646) Pause Cleanup
[278.815s][info][gc             ] GC(646) Pause Cleanup 632M->632M(978M) 0.106ms
[278.815s][info][gc,cpu         ] GC(646) User=0.00s Sys=0.00s Real=0.00s
[278.817s][info][gc,marking     ] GC(646) Concurrent Clear Claimed Marks
[278.817s][info][gc,marking     ] GC(646) Concurrent Clear Claimed Marks 0.045ms
[278.817s][info][gc,marking     ] GC(646) Concurrent Cleanup for Next Mark
[278.820s][info][gc,marking     ] GC(646) Concurrent Cleanup for Next Mark 2.807ms
[278.820s][info][gc             ] GC(646) Concurrent Mark Cycle 1988.165ms
[279.209s][info][gc,start       ] GC(649) Pause Young (Prepare Mixed) (G1 Evacuation Pause)
[279.209s][info][gc,task        ] GC(649) Using 2 workers of 2 for evacuation
[279.240s][info][gc,phases      ] GC(649)   Pre Evacuate Collection Set: 0.53ms
[279.240s][info][gc,phases      ] GC(649)   Merge Heap Roots: 0.23ms
[279.240s][info][gc,phases      ] GC(649)   Evacuate Collection Set: 29.28ms
[279.240s][info][gc,phases      ] GC(649)   Post Evacuate Collection Set: 0.57ms
[279.240s][info][gc,phases      ] GC(649)   Other: 0.08ms
[279.240s][info][gc,heap        ] GC(649) Eden regions: 328->0(304)
[279.240s][info][gc,heap        ] GC(649) Survivor regions: 10->22(43)
[279.240s][info][gc,heap        ] GC(649) Old regions: 570->570
[279.240s][info][gc,heap        ] GC(649) Humongous regions: 10->10
[279.240s][info][gc,metaspace   ] GC(649) Metaspace: 18776K(19008K)->18776K(19008K) NonClass: 16116K(16256K)->16116K(16256K) Class: 2660K(2752K)->2660K(2752K)
[279.240s][info][gc             ] GC(649) Pause Young (Prepare Mixed) (G1 Evacuation Pause) 917M->601M(978M) 30.903ms
[279.240s][info][gc,cpu         ] GC(649) User=0.06s Sys=0.00s Real=0.03s
[279.519s][info][gc,start       ] GC(650) Pause Young (Mixed) (G1 Evacuation Pause)
[279.519s][info][gc,task        ] GC(650) Using 2 workers of 2 for evacuation
[279.573s][info][gc,phases      ] GC(650)   Pre Evacuate Collection Set: 0.27ms
[279.573s][info][gc,phases      ] GC(650)   Merge Heap Roots: 0.26ms
[279.573s][info][gc,phases      ] GC(650)   Evacuate Collection Set: 52.63ms
[279.573s][info][gc,phases      ] GC(650)   Post Evacuate Collection Set: 0.56ms
[279.573s][info][gc,phases      ] GC(650)   Other: 0.10ms
[279.573s][info][gc,heap        ] GC(650) Eden regions: 304->0(286)
[279.573s][info][gc,heap        ] GC(650) Survivor regions: 22->33(41)
[279.573s][info][gc,heap        ] GC(650) Old regions: 570->566
[279.573s][info][gc,heap        ] GC(650) Humongous regions: 10->10
[279.573s][info][gc,metaspace   ] GC(650) Metaspace: 18776K(19008K)->18776K(19008K) NonClass: 16116K(16256K)->16116K(16256K) Class: 2660K(2752K)->2660K(2752K)
[279.573s][info][gc             ] GC(650) Pause Young (Mixed) (G1 Evacuation Pause) 905M->608M(978M) 54.078ms
[279.573s][info][gc,cpu         ] GC(650) User=0.10s Sys=0.00s Real=0.05s
[279.853s][info][gc,start       ] GC(651) Pause Young (Concurrent Start) (G1 Evacuation Pause)
[279.853s][info][gc,task        ] GC(651) Using 2 workers of 2 for evacuation
[279.903s][info][gc,phases      ] GC(651)   Pre Evacuate Collection Set: 0.35ms
[279.903s][info][gc,phases      ] GC(651)   Merge Heap Roots: 0.40ms
[279.903s][info][gc,phases      ] GC(651)   Evacuate Collection Set: 48.20ms
[279.903s][info][gc,phases      ] GC(651)   Post Evacuate Collection Set: 0.58ms
[279.903s][info][gc,phases      ] GC(651)   Other: 0.22ms
[279.903s][info][gc,heap        ] GC(651) Eden regions: 286->0(279)
[279.903s][info][gc,heap        ] GC(651) Survivor regions: 33->28(40)
[279.903s][info][gc,heap        ] GC(651) Old regions: 566->583
[279.903s][info][gc,heap        ] GC(651) Humongous regions: 10->10
[279.903s][info][gc,metaspace   ] GC(651) Metaspace: 18776K(19008K)->18776K(19008K) NonClass: 16116K(16256K)->16116K(16256K) Class: 2660K(2752K)->2660K(2752K)
[279.903s][info][gc             ] GC(651) Pause Young (Concurrent Start) (G1 Evacuation Pause) 894M->620M(978M) 50.001ms
[279.903s][info][gc,cpu         ] GC(651) User=0.10s Sys=0.00s Real=0.05s
[279.903s][info][gc             ] GC(652) Concurrent Mark Cycle
[279.903s][info][gc,marking     ] GC(652) Concurrent Scan Root Regions
[279.986s][info][gc,marking     ] GC(652) Concurrent Scan Root Regions 83.364ms
[279.986s][info][gc,marking     ] GC(652) Concurrent Mark
[279.986s][info][gc,marking     ] GC(652) Concurrent Mark From Roots
[279.986s][info][gc,task        ] GC(652) Using 1 workers of 1 for marking
[280.575s][info][gc,start       ] GC(653) Pause Young (Normal) (G1 Evacuation Pause)
[280.576s][info][gc,task        ] GC(653) Using 2 workers of 2 for evacuation
[280.661s][info][gc,phases      ] GC(653)   Pre Evacuate Collection Set: 0.51ms
[280.661s][info][gc,phases      ] GC(653)   Merge Heap Roots: 0.44ms
[280.661s][info][gc,phases      ] GC(653)   Evacuate Collection Set: 83.68ms
[280.661s][info][gc,phases      ] GC(653)   Post Evacuate Collection Set: 0.77ms
[280.661s][info][gc,phases      ] GC(653)   Other: 0.11ms
[280.661s][info][gc,heap        ] GC(653) Eden regions: 279->0(226)
[280.661s][info][gc,heap        ] GC(653) Survivor regions: 28->39(39)
[280.661s][info][gc,heap        ] GC(653) Old regions: 583->614
[280.661s][info][gc,heap        ] GC(653) Humongous regions: 10->10
[280.661s][info][gc,metaspace   ] GC(653) Metaspace: 18776K(19008K)->18776K(19008K) NonClass: 16116K(16256K)->16116K(16256K) Class: 2660K(2752K)->2660K(2752K)
[280.661s][info][gc             ] GC(653) Pause Young (Normal) (G1 Evacuation Pause) 899M->662M(978M) 85.799ms
[280.661s][info][gc,cpu         ] GC(653) User=0.17s Sys=0.00s Real=0.09s
[281.093s][info][gc,start       ] GC(654) Pause Young (Normal) (G1 Evacuation Pause)
[281.094s][info][gc,task        ] GC(654) Using 2 workers of 2 for evacuation
[281.168s][info][gc,phases      ] GC(654)   Pre Evacuate Collection Set: 0.49ms
[281.168s][info][gc,phases      ] GC(654)   Merge Heap Roots: 0.31ms
[281.168s][info][gc,phases      ] GC(654)   Evacuate Collection Set: 72.77ms
[281.168s][info][gc,phases      ] GC(654)   Post Evacuate Collection Set: 0.51ms
[281.168s][info][gc,phases      ] GC(654)   Other: 0.07ms
[281.168s][info][gc,heap        ] GC(654) Eden regions: 226->0(204)
[281.168s][info][gc,heap        ] GC(654) Survivor regions: 39->30(34)
[281.168s][info][gc,heap        ] GC(654) Old regions: 614->654
[281.168s][info][gc,heap        ] GC(654) Humongous regions: 10->10
[281.168s][info][gc,metaspace   ] GC(654) Metaspace: 18776K(19008K)->18776K(19008K) NonClass: 16116K(16256K)->16116K(16256K) Class: 2660K(2752K)->2660K(2752K)
[281.168s][info][gc             ] GC(654) Pause Young (Normal) (G1 Evacuation Pause) 888M->693M(978M) 74.391ms
[281.168s][info][gc,cpu         ] GC(654) User=0.14s Sys=0.00s Real=0.08s
[281.261s][info][gc,marking     ] GC(652) Concurrent Mark From Roots 1274.513ms
[281.261s][info][gc,marking     ] GC(652) Concurrent Preclean
[281.261s][info][gc,marking     ] GC(652) Concurrent Preclean 0.038ms
[281.261s][info][gc,start       ] GC(652) Pause Remark
[281.268s][info][gc             ] GC(652) Pause Remark 781M->727M(978M) 7.220ms
[281.268s][info][gc,cpu         ] GC(652) User=0.02s Sys=0.00s Real=0.01s
[281.270s][info][gc,marking     ] GC(652) Concurrent Mark 1283.291ms
[281.270s][info][gc,marking     ] GC(652) Concurrent Rebuild Remembered Sets and Scrub Regions
[281.483s][info][gc,start       ] GC(655) Pause Young (Normal) (G1 Evacuation Pause)
[281.483s][info][gc,task        ] GC(655) Using 2 workers of 2 for evacuation
[281.527s][info][gc,phases      ] GC(655)   Pre Evacuate Collection Set: 0.28ms
[281.527s][info][gc,phases      ] GC(655)   Merge Heap Roots: 0.33ms
[281.527s][info][gc,phases      ] GC(655)   Evacuate Collection Set: 42.01ms
[281.527s][info][gc,phases      ] GC(655)   Post Evacuate Collection Set: 0.49ms
[281.527s][info][gc,phases      ] GC(655)   Other: 0.09ms
[281.527s][info][gc,heap        ] GC(655) Eden regions: 204->0(262)
[281.527s][info][gc,heap        ] GC(655) Survivor regions: 30->4(30)
[281.527s][info][gc,heap        ] GC(655) Old regions: 603->633
[281.527s][info][gc,heap        ] GC(655) Humongous regions: 7->7
[281.527s][info][gc,metaspace   ] GC(655) Metaspace: 18776K(19008K)->18776K(19008K) NonClass: 16116K(16256K)->16116K(16256K) Class: 2660K(2752K)->2660K(2752K)
[281.527s][info][gc             ] GC(655) Pause Young (Normal) (G1 Evacuation Pause) 843M->643M(978M) 43.435ms
[281.527s][info][gc,cpu         ] GC(655) User=0.09s Sys=0.00s Real=0.05s
[281.867s][info][gc,marking     ] GC(652) Concurrent Rebuild Remembered Sets and Scrub Regions 597.615ms
[281.867s][info][gc,start       ] GC(652) Pause Cleanup
[281.868s][info][gc             ] GC(652) Pause Cleanup 895M->895M(978M) 0.172ms
[281.868s][info][gc,cpu         ] GC(652) User=0.00s Sys=0.00s Real=0.00s
[281.868s][info][gc,marking     ] GC(652) Concurrent Clear Claimed Marks
[281.868s][info][gc,marking     ] GC(652) Concurrent Clear Claimed Marks 0.034ms
[281.868s][info][gc,marking     ] GC(652) Concurrent Cleanup for Next Mark
[281.873s][info][gc,marking     ] GC(652) Concurrent Cleanup for Next Mark 4.846ms
[281.873s][info][gc             ] GC(652) Concurrent Mark Cycle 1969.750ms
[281.874s][info][gc,start       ] GC(656) Pause Young (Prepare Mixed) (G1 Evacuation Pause)
[281.874s][info][gc,task        ] GC(656) Using 2 workers of 2 for evacuation
[281.922s][info][gc,phases      ] GC(656)   Pre Evacuate Collection Set: 0.47ms
[281.922s][info][gc,phases      ] GC(656)   Merge Heap Roots: 0.42ms
[281.922s][info][gc,phases      ] GC(656)   Evacuate Collection Set: 46.15ms
[281.922s][info][gc,phases      ] GC(656)   Post Evacuate Collection Set: 0.57ms
[281.922s][info][gc,phases      ] GC(656)   Other: 0.08ms
[281.922s][info][gc,heap        ] GC(656) Eden regions: 262->0(220)
[281.922s][info][gc,heap        ] GC(656) Survivor regions: 4->34(34)
[281.922s][info][gc,heap        ] GC(656) Old regions: 633->633
[281.922s][info][gc,heap        ] GC(656) Humongous regions: 7->7
[281.922s][info][gc,metaspace   ] GC(656) Metaspace: 18776K(19008K)->18776K(19008K) NonClass: 16116K(16256K)->16116K(16256K) Class: 2660K(2752K)->2660K(2752K)
[281.922s][info][gc             ] GC(656) Pause Young (Prepare Mixed) (G1 Evacuation Pause) 905M->672M(978M) 47.900ms
[281.922s][info][gc,cpu         ] GC(656) User=0.09s Sys=0.00s Real=0.05s
[282.067s][info][gc,start       ] GC(657) Pause Young (Mixed) (G1 Evacuation Pause)
[282.067s][info][gc,task        ] GC(657) Using 2 workers of 2 for evacuation
[282.212s][info][gc,phases      ] GC(657)   Pre Evacuate Collection Set: 0.35ms
[282.212s][info][gc,phases      ] GC(657)   Merge Heap Roots: 1.33ms
[282.212s][info][gc,phases      ] GC(657)   Evacuate Collection Set: 131.23ms
[282.212s][info][gc,phases      ] GC(657)   Post Evacuate Collection Set: 11.94ms
[282.212s][info][gc,phases      ] GC(657)   Other: 0.11ms
[282.212s][info][gc,heap        ] GC(657) Eden regions: 220->0(102)
[282.212s][info][gc,heap        ] GC(657) Survivor regions: 34->28(32)
[282.212s][info][gc,heap        ] GC(657) Old regions: 633->763
[282.212s][info][gc,heap        ] GC(657) Humongous regions: 7->7
[282.212s][info][gc,metaspace   ] GC(657) Metaspace: 18780K(19008K)->18780K(19008K) NonClass: 16120K(16256K)->16120K(16256K) Class: 2660K(2752K)->2660K(2752K)
[282.212s][info][gc             ] GC(657) Pause Young (Mixed) (G1 Evacuation Pause) (Evacuation Failure: Allocation) 892M->797M(978M) 145.269ms
[282.212s][info][gc,cpu         ] GC(657) User=0.28s Sys=0.00s Real=0.14s
[282.323s][info][gc,start       ] GC(658) Pause Young (Mixed) (G1 Evacuation Pause)
[282.323s][info][gc,task        ] GC(658) Using 2 workers of 2 for evacuation
[282.401s][info][gc,phases      ] GC(658)   Pre Evacuate Collection Set: 0.38ms
[282.401s][info][gc,phases      ] GC(658)   Merge Heap Roots: 1.11ms
[282.401s][info][gc,phases      ] GC(658)   Evacuate Collection Set: 75.69ms
[282.401s][info][gc,phases      ] GC(658)   Post Evacuate Collection Set: 0.52ms
[282.401s][info][gc,phases      ] GC(658)   Other: 0.09ms
[282.401s][info][gc,heap        ] GC(658) Eden regions: 102->0(238)
[282.401s][info][gc,heap        ] GC(658) Survivor regions: 28->1(17)
[282.401s][info][gc,heap        ] GC(658) Old regions: 763->655
[282.401s][info][gc,heap        ] GC(658) Humongous regions: 7->7
[282.401s][info][gc,metaspace   ] GC(658) Metaspace: 18780K(19008K)->18780K(19008K) NonClass: 16120K(16256K)->16120K(16256K) Class: 2660K(2752K)->2660K(2752K)
[282.401s][info][gc             ] GC(658) Pause Young (Mixed) (G1 Evacuation Pause) 899M->662M(978M) 78.038ms
[282.401s][info][gc,cpu         ] GC(658) User=0.16s Sys=0.00s Real=0.08s
[282.690s][info][gc,start       ] GC(659) Pause Young (Concurrent Start) (G1 Evacuation Pause)
[282.690s][info][gc,task        ] GC(659) Using 2 workers of 2 for evacuation
[282.713s][info][gc,phases      ] GC(659)   Pre Evacuate Collection Set: 0.31ms
[282.713s][info][gc,phases      ] GC(659)   Merge Heap Roots: 0.15ms
[282.713s][info][gc,phases      ] GC(659)   Evacuate Collection Set: 21.83ms
[282.713s][info][gc,phases      ] GC(659)   Post Evacuate Collection Set: 0.45ms
[282.713s][info][gc,phases      ] GC(659)   Other: 0.21ms
[282.713s][info][gc,heap        ] GC(659) Eden regions: 238->0(230)
[282.713s][info][gc,heap        ] GC(659) Survivor regions: 1->17(30)
[282.713s][info][gc,heap        ] GC(659) Old regions: 655->653
[282.713s][info][gc,heap        ] GC(659) Humongous regions: 7->7
[282.713s][info][gc,metaspace   ] GC(659) Metaspace: 18780K(19008K)->18780K(19008K) NonClass: 16120K(16256K)->16120K(16256K) Class: 2660K(2752K)->2660K(2752K)
[282.713s][info][gc             ] GC(659) Pause Young (Concurrent Start) (G1 Evacuation Pause) 900M->676M(978M) 23.124ms
[282.714s][info][gc             ] GC(660) Concurrent Mark Cycle
[282.714s][info][gc,marking     ] GC(660) Concurrent Scan Root Regions
[282.714s][info][gc,cpu         ] GC(659) User=0.04s Sys=0.00s Real=0.02s
[282.753s][info][gc,marking     ] GC(660) Concurrent Scan Root Regions 39.300ms
[282.753s][info][gc,marking     ] GC(660) Concurrent Mark
[282.753s][info][gc,marking     ] GC(660) Concurrent Mark From Roots
[282.753s][info][gc,task        ] GC(660) Using 1 workers of 1 for marking
[283.052s][info][gc,start       ] GC(661) Pause Young (Normal) (G1 Evacuation Pause)
[283.052s][info][gc,task        ] GC(661) Using 2 workers of 2 for evacuation
[283.081s][info][gc,phases      ] GC(661)   Pre Evacuate Collection Set: 0.29ms
[283.081s][info][gc,phases      ] GC(661)   Merge Heap Roots: 0.23ms
[283.081s][info][gc,phases      ] GC(661)   Evacuate Collection Set: 27.50ms
[283.081s][info][gc,phases      ] GC(661)   Post Evacuate Collection Set: 0.43ms
[283.081s][info][gc,phases      ] GC(661)   Other: 0.11ms
[283.081s][info][gc,heap        ] GC(661) Eden regions: 230->0(229)
[283.081s][info][gc,heap        ] GC(661) Survivor regions: 17->10(31)
[283.081s][info][gc,heap        ] GC(661) Old regions: 653->670
[283.081s][info][gc,heap        ] GC(661) Humongous regions: 7->7
[283.081s][info][gc,metaspace   ] GC(661) Metaspace: 18780K(19008K)->18780K(19008K) NonClass: 16120K(16256K)->16120K(16256K) Class: 2660K(2752K)->2660K(2752K)
[283.081s][info][gc             ] GC(661) Pause Young (Normal) (G1 Evacuation Pause) 906M->685M(978M) 28.822ms
[283.081s][info][gc,cpu         ] GC(661) User=0.05s Sys=0.00s Real=0.03s
[283.421s][info][gc,start       ] GC(662) Pause Young (Normal) (G1 Evacuation Pause)
[283.421s][info][gc,task        ] GC(662) Using 2 workers of 2 for evacuation
[283.435s][info][gc,phases      ] GC(662)   Pre Evacuate Collection Set: 0.26ms
[283.435s][info][gc,phases      ] GC(662)   Merge Heap Roots: 0.15ms
[283.435s][info][gc,phases      ] GC(662)   Evacuate Collection Set: 13.76ms
[283.435s][info][gc,phases      ] GC(662)   Post Evacuate Collection Set: 0.44ms
[283.435s][info][gc,phases      ] GC(662)   Other: 0.07ms
[283.435s][info][gc,heap        ] GC(662) Eden regions: 229->0(227)
[283.435s][info][gc,heap        ] GC(662) Survivor regions: 10->12(30)
[283.435s][info][gc,heap        ] GC(662) Old regions: 670->670
[283.435s][info][gc,heap        ] GC(662) Humongous regions: 7->7
[283.435s][info][gc,metaspace   ] GC(662) Metaspace: 18781K(19008K)->18781K(19008K) NonClass: 16120K(16256K)->16120K(16256K) Class: 2660K(2752K)->2660K(2752K)
[283.435s][info][gc             ] GC(662) Pause Young (Normal) (G1 Evacuation Pause) 914M->687M(978M) 14.878ms
[283.435s][info][gc,cpu         ] GC(662) User=0.03s Sys=0.00s Real=0.01s
[284.272s][info][gc,start       ] GC(663) Pause Young (Normal) (G1 Evacuation Pause)
[284.272s][info][gc,task        ] GC(663) Using 2 workers of 2 for evacuation
[284.322s][info][gc,phases      ] GC(663)   Pre Evacuate Collection Set: 0.50ms
[284.322s][info][gc,phases      ] GC(663)   Merge Heap Roots: 0.38ms
[284.322s][info][gc,phases      ] GC(663)   Evacuate Collection Set: 48.72ms
[284.322s][info][gc,phases      ] GC(663)   Post Evacuate Collection Set: 0.54ms
[284.322s][info][gc,phases      ] GC(663)   Other: 0.07ms
[284.322s][info][gc,heap        ] GC(663) Eden regions: 227->0(187)
[284.322s][info][gc,heap        ] GC(663) Survivor regions: 12->30(30)
[284.322s][info][gc,heap        ] GC(663) Old regions: 670->671
[284.322s][info][gc,heap        ] GC(663) Humongous regions: 10->10
[284.322s][info][gc,metaspace   ] GC(663) Metaspace: 18785K(19008K)->18785K(19008K) NonClass: 16125K(16256K)->16125K(16256K) Class: 2660K(2752K)->2660K(2752K)
[284.322s][info][gc             ] GC(663) Pause Young (Normal) (G1 Evacuation Pause) 917M->710M(978M) 50.473ms
[284.322s][info][gc,cpu         ] GC(663) User=0.10s Sys=0.00s Real=0.05s
[284.629s][info][gc,marking     ] GC(660) Concurrent Mark From Roots 1875.902ms
[284.629s][info][gc,marking     ] GC(660) Concurrent Preclean
[284.629s][info][gc,marking     ] GC(660) Concurrent Preclean 0.040ms
[284.629s][info][gc,start       ] GC(660) Pause Remark
[284.636s][info][gc             ] GC(660) Pause Remark 832M->832M(978M) 7.154ms
[284.636s][info][gc,cpu         ] GC(660) User=0.01s Sys=0.00s Real=0.01s
[284.637s][info][gc,marking     ] GC(660) Concurrent Mark 1884.185ms
[284.637s][info][gc,marking     ] GC(660) Concurrent Rebuild Remembered Sets and Scrub Regions
[284.800s][info][gc,start       ] GC(664) Pause Young (Normal) (G1 Evacuation Pause)
[284.800s][info][gc,task        ] GC(664) Using 2 workers of 2 for evacuation
[284.878s][info][gc,phases      ] GC(664)   Pre Evacuate Collection Set: 0.26ms
[284.878s][info][gc,phases      ] GC(664)   Merge Heap Roots: 0.37ms
[284.878s][info][gc,phases      ] GC(664)   Evacuate Collection Set: 76.12ms
[284.878s][info][gc,phases      ] GC(664)   Post Evacuate Collection Set: 0.47ms
[284.878s][info][gc,phases      ] GC(664)   Other: 0.07ms
[284.878s][info][gc,heap        ] GC(664) Eden regions: 187->0(160)
[284.878s][info][gc,heap        ] GC(664) Survivor regions: 30->28(28)
[284.878s][info][gc,heap        ] GC(664) Old regions: 671->702
[284.878s][info][gc,heap        ] GC(664) Humongous regions: 10->10
[284.878s][info][gc,metaspace   ] GC(664) Metaspace: 18786K(19008K)->18786K(19008K) NonClass: 16126K(16256K)->16126K(16256K) Class: 2660K(2752K)->2660K(2752K)
[284.878s][info][gc             ] GC(664) Pause Young (Normal) (G1 Evacuation Pause) 897M->739M(978M) 77.538ms
[284.878s][info][gc,cpu         ] GC(664) User=0.15s Sys=0.00s Real=0.08s
[285.079s][info][gc,start       ] GC(665) Pause Young (Normal) (G1 Evacuation Pause)
[285.079s][info][gc,task        ] GC(665) Using 2 workers of 2 for evacuation
[285.113s][info][gc,phases      ] GC(665)   Pre Evacuate Collection Set: 0.46ms
[285.113s][info][gc,phases      ] GC(665)   Merge Heap Roots: 0.22ms
[285.113s][info][gc,phases      ] GC(665)   Evacuate Collection Set: 32.97ms
[285.113s][info][gc,phases      ] GC(665)   Post Evacuate Collection Set: 0.38ms
[285.113s][info][gc,phases      ] GC(665)   Other: 0.07ms
[285.113s][info][gc,heap        ] GC(665) Eden regions: 160->0(180)
[285.113s][info][gc,heap        ] GC(665) Survivor regions: 28->4(24)
[285.113s][info][gc,heap        ] GC(665) Old regions: 702->730
[285.113s][info][gc,heap        ] GC(665) Humongous regions: 10->10
[285.113s][info][gc,metaspace   ] GC(665) Metaspace: 18786K(19008K)->18786K(19008K) NonClass: 16126K(16256K)->16126K(16256K) Class: 2660K(2752K)->2660K(2752K)
[285.113s][info][gc             ] GC(665) Pause Young (Normal) (G1 Evacuation Pause) 899M->743M(978M) 34.291ms
[285.113s][info][gc,cpu         ] GC(665) User=0.06s Sys=0.00s Real=0.03s
[285.383s][info][gc,start       ] GC(666) Pause Young (Normal) (G1 Evacuation Pause)
[285.383s][info][gc,task        ] GC(666) Using 2 workers of 2 for evacuation
[285.396s][info][gc,phases      ] GC(666)   Pre Evacuate Collection Set: 0.45ms
[285.396s][info][gc,phases      ] GC(666)   Merge Heap Roots: 0.20ms
[285.396s][info][gc,phases      ] GC(666)   Evacuate Collection Set: 11.42ms
[285.396s][info][gc,phases      ] GC(666)   Post Evacuate Collection Set: 0.37ms
[285.396s][info][gc,phases      ] GC(666)   Other: 0.07ms
[285.396s][info][gc,heap        ] GC(666) Eden regions: 180->0(174)
[285.396s][info][gc,heap        ] GC(666) Survivor regions: 4->7(23)
[285.396s][info][gc,heap        ] GC(666) Old regions: 730->730
[285.396s][info][gc,heap        ] GC(666) Humongous regions: 10->10
[285.396s][info][gc,metaspace   ] GC(666) Metaspace: 18787K(19008K)->18787K(19008K) NonClass: 16127K(16256K)->16127K(16256K) Class: 2660K(2752K)->2660K(2752K)
[285.396s][info][gc             ] GC(666) Pause Young (Normal) (G1 Evacuation Pause) 923M->746M(978M) 12.697ms
[285.396s][info][gc,cpu         ] GC(666) User=0.02s Sys=0.00s Real=0.01s
[285.409s][info][gc,marking     ] GC(660) Concurrent Rebuild Remembered Sets and Scrub Regions 771.907ms
[285.409s][info][gc,start       ] GC(660) Pause Cleanup
[285.409s][info][gc             ] GC(660) Pause Cleanup 756M->756M(978M) 0.077ms
[285.409s][info][gc,cpu         ] GC(660) User=0.00s Sys=0.00s Real=0.00s
[285.410s][info][gc,marking     ] GC(660) Concurrent Clear Claimed Marks
[285.410s][info][gc,marking     ] GC(660) Concurrent Clear Claimed Marks 0.034ms
[285.410s][info][gc,marking     ] GC(660) Concurrent Cleanup for Next Mark
[285.416s][info][gc,marking     ] GC(660) Concurrent Cleanup for Next Mark 6.513ms
[285.416s][info][gc             ] GC(660) Concurrent Mark Cycle 2702.649ms
[285.546s][info][gc,start       ] GC(667) Pause Young (Prepare Mixed) (G1 Evacuation Pause)
[285.546s][info][gc,task        ] GC(667) Using 2 workers of 2 for evacuation
[285.555s][info][gc,phases      ] GC(667)   Pre Evacuate Collection Set: 0.45ms
[285.555s][info][gc,phases      ] GC(667)   Merge Heap Roots: 0.15ms
[285.555s][info][gc,phases      ] GC(667)   Evacuate Collection Set: 8.25ms
[285.555s][info][gc,phases      ] GC(667)   Post Evacuate Collection Set: 0.41ms
[285.555s][info][gc,phases      ] GC(667)   Other: 0.07ms
[285.555s][info][gc,heap        ] GC(667) Eden regions: 174->0(174)
[285.555s][info][gc,heap        ] GC(667) Survivor regions: 7->7(23)
[285.555s][info][gc,heap        ] GC(667) Old regions: 730->730
[285.555s][info][gc,heap        ] GC(667) Humongous regions: 10->10
[285.555s][info][gc,metaspace   ] GC(667) Metaspace: 18787K(19008K)->18787K(19008K) NonClass: 16127K(16256K)->16127K(16256K) Class: 2660K(2752K)->2660K(2752K)
[285.555s][info][gc             ] GC(667) Pause Young (Prepare Mixed) (G1 Evacuation Pause) 920M->746M(978M) 9.545ms
[285.555s][info][gc,cpu         ] GC(667) User=0.02s Sys=0.00s Real=0.01s
[285.783s][info][gc,start       ] GC(668) Pause Young (Mixed) (G1 Evacuation Pause)
[285.783s][info][gc,task        ] GC(668) Using 2 workers of 2 for evacuation
[285.818s][info][gc,phases      ] GC(668)   Pre Evacuate Collection Set: 0.28ms
[285.818s][info][gc,phases      ] GC(668)   Merge Heap Roots: 0.51ms
[285.818s][info][gc,phases      ] GC(668)   Evacuate Collection Set: 34.03ms
[285.818s][info][gc,phases      ] GC(668)   Post Evacuate Collection Set: 0.40ms
[285.818s][info][gc,phases      ] GC(668)   Other: 0.09ms
[285.818s][info][gc,heap        ] GC(668) Eden regions: 174->0(167)
[285.818s][info][gc,heap        ] GC(668) Survivor regions: 7->14(23)
[285.818s][info][gc,heap        ] GC(668) Old regions: 730->723
[285.818s][info][gc,heap        ] GC(668) Humongous regions: 10->10
[285.818s][info][gc,metaspace   ] GC(668) Metaspace: 18787K(19008K)->18787K(19008K) NonClass: 16127K(16256K)->16127K(16256K) Class: 2660K(2752K)->2660K(2752K)
[285.818s][info][gc             ] GC(668) Pause Young (Mixed) (G1 Evacuation Pause) 920M->746M(978M) 35.549ms
[285.818s][info][gc,cpu         ] GC(668) User=0.07s Sys=0.00s Real=0.04s
[286.254s][info][gc,start       ] GC(669) Pause Young (Concurrent Start) (G1 Evacuation Pause)
[286.254s][info][gc,task        ] GC(669) Using 2 workers of 2 for evacuation
[286.272s][info][gc,phases      ] GC(669)   Pre Evacuate Collection Set: 0.34ms
[286.272s][info][gc,phases      ] GC(669)   Merge Heap Roots: 0.22ms
[286.272s][info][gc,phases      ] GC(669)   Evacuate Collection Set: 16.71ms
[286.272s][info][gc,phases      ] GC(669)   Post Evacuate Collection Set: 0.43ms
[286.272s][info][gc,phases      ] GC(669)   Other: 0.24ms
[286.272s][info][gc,heap        ] GC(669) Eden regions: 167->0(169)
[286.272s][info][gc,heap        ] GC(669) Survivor regions: 14->11(23)
[286.272s][info][gc,heap        ] GC(669) Old regions: 723->727
[286.272s][info][gc,heap        ] GC(669) Humongous regions: 10->10
[286.272s][info][gc,metaspace   ] GC(669) Metaspace: 18787K(19008K)->18787K(19008K) NonClass: 16127K(16256K)->16127K(16256K) Class: 2660K(2752K)->2660K(2752K)
[286.272s][info][gc             ] GC(669) Pause Young (Concurrent Start) (G1 Evacuation Pause) 913M->747M(978M) 18.204ms
[286.272s][info][gc,cpu         ] GC(669) User=0.04s Sys=0.00s Real=0.02s
[286.272s][info][gc             ] GC(670) Concurrent Mark Cycle
[286.272s][info][gc,marking     ] GC(670) Concurrent Scan Root Regions
[286.300s][info][gc,marking     ] GC(670) Concurrent Scan Root Regions 28.367ms
[286.300s][info][gc,marking     ] GC(670) Concurrent Mark
[286.300s][info][gc,marking     ] GC(670) Concurrent Mark From Roots
[286.300s][info][gc,task        ] GC(670) Using 1 workers of 1 for marking
[286.882s][info][gc,start       ] GC(671) Pause Young (Normal) (G1 Evacuation Pause)
[286.882s][info][gc,task        ] GC(671) Using 2 workers of 2 for evacuation
[286.915s][info][gc,phases      ] GC(671)   Pre Evacuate Collection Set: 0.30ms
[286.915s][info][gc,phases      ] GC(671)   Merge Heap Roots: 0.23ms
[286.915s][info][gc,phases      ] GC(671)   Evacuate Collection Set: 31.18ms
[286.915s][info][gc,phases      ] GC(671)   Post Evacuate Collection Set: 0.44ms
[286.915s][info][gc,phases      ] GC(671)   Other: 0.07ms
[286.915s][info][gc,heap        ] GC(671) Eden regions: 169->0(139)
[286.915s][info][gc,heap        ] GC(671) Survivor regions: 11->23(23)
[286.915s][info][gc,heap        ] GC(671) Old regions: 727->733
[286.915s][info][gc,heap        ] GC(671) Humongous regions: 10->10
[286.915s][info][gc,metaspace   ] GC(671) Metaspace: 18787K(19008K)->18787K(19008K) NonClass: 16127K(16256K)->16127K(16256K) Class: 2660K(2752K)->2660K(2752K)
[286.915s][info][gc             ] GC(671) Pause Young (Normal) (G1 Evacuation Pause) 916M->765M(978M) 32.439ms
[286.915s][info][gc,cpu         ] GC(671) User=0.06s Sys=0.00s Real=0.03s
[287.717s][info][gc,start       ] GC(672) Pause Young (Normal) (G1 Evacuation Pause)
[287.717s][info][gc,task        ] GC(672) Using 2 workers of 2 for evacuation
[287.745s][info][gc,phases      ] GC(672)   Pre Evacuate Collection Set: 0.28ms
[287.745s][info][gc,phases      ] GC(672)   Merge Heap Roots: 0.19ms
[287.745s][info][gc,phases      ] GC(672)   Evacuate Collection Set: 27.01ms
[287.745s][info][gc,phases      ] GC(672)   Post Evacuate Collection Set: 0.33ms
[287.745s][info][gc,phases      ] GC(672)   Other: 0.09ms
[287.745s][info][gc,heap        ] GC(672) Eden regions: 139->0(153)
[287.745s][info][gc,heap        ] GC(672) Survivor regions: 23->4(21)
[287.745s][info][gc,heap        ] GC(672) Old regions: 733->757
[287.745s][info][gc,heap        ] GC(672) Humongous regions: 10->10
[287.745s][info][gc,metaspace   ] GC(672) Metaspace: 18787K(19008K)->18787K(19008K) NonClass: 16127K(16256K)->16127K(16256K) Class: 2660K(2752K)->2660K(2752K)
[287.745s][info][gc             ] GC(672) Pause Young (Normal) (G1 Evacuation Pause) 904M->769M(978M) 28.180ms
[287.745s][info][gc,cpu         ] GC(672) User=0.06s Sys=0.00s Real=0.02s
[287.927s][info][gc,marking     ] GC(670) Concurrent Mark From Roots 1626.183ms
[287.927s][info][gc,marking     ] GC(670) Concurrent Preclean
[287.927s][info][gc,marking     ] GC(670) Concurrent Preclean 0.041ms
[287.929s][info][gc,start       ] GC(670) Pause Remark
[287.937s][info][gc             ] GC(670) Pause Remark 795M->665M(978M) 7.383ms
[287.937s][info][gc,cpu         ] GC(670) User=0.01s Sys=0.00s Real=0.01s
[287.937s][info][gc,marking     ] GC(670) Concurrent Mark 1636.363ms
[287.937s][info][gc,marking     ] GC(670) Concurrent Rebuild Remembered Sets and Scrub Regions
[288.299s][info][gc,start       ] GC(673) Pause Young (Normal) (G1 Evacuation Pause)
[288.299s][info][gc,task        ] GC(673) Using 2 workers of 2 for evacuation
[288.305s][info][gc,phases      ] GC(673)   Pre Evacuate Collection Set: 0.38ms
[288.305s][info][gc,phases      ] GC(673)   Merge Heap Roots: 0.11ms
[288.305s][info][gc,phases      ] GC(673)   Evacuate Collection Set: 5.23ms
[288.305s][info][gc,phases      ] GC(673)   Post Evacuate Collection Set: 0.32ms
[288.305s][info][gc,phases      ] GC(673)   Other: 0.06ms
[288.305s][info][gc,heap        ] GC(673) Eden regions: 153->0(285)
[288.305s][info][gc,heap        ] GC(673) Survivor regions: 4->3(20)
[288.305s][info][gc,heap        ] GC(673) Old regions: 630->630
[288.305s][info][gc,heap        ] GC(673) Humongous regions: 7->7
[288.305s][info][gc,metaspace   ] GC(673) Metaspace: 18787K(19008K)->18787K(19008K) NonClass: 16127K(16256K)->16127K(16256K) Class: 2660K(2752K)->2660K(2752K)
[288.305s][info][gc             ] GC(673) Pause Young (Normal) (G1 Evacuation Pause) 792M->639M(978M) 6.278ms
[288.305s][info][gc,cpu         ] GC(673) User=0.01s Sys=0.00s Real=0.00s
[288.472s][info][gc,marking     ] GC(670) Concurrent Rebuild Remembered Sets and Scrub Regions 535.336ms
[288.472s][info][gc,start       ] GC(670) Pause Cleanup
[288.472s][info][gc             ] GC(670) Pause Cleanup 679M->679M(978M) 0.107ms
[288.472s][info][gc,cpu         ] GC(670) User=0.00s Sys=0.00s Real=0.00s
[288.474s][info][gc,marking     ] GC(670) Concurrent Clear Claimed Marks
[288.474s][info][gc,marking     ] GC(670) Concurrent Clear Claimed Marks 0.037ms
[288.474s][info][gc,marking     ] GC(670) Concurrent Cleanup for Next Mark
[288.479s][info][gc,marking     ] GC(670) Concurrent Cleanup for Next Mark 5.834ms
[288.480s][info][gc             ] GC(670) Concurrent Mark Cycle 2207.677ms
[289.766s][info][gc,start       ] GC(674) Pause Young (Prepare Mixed) (G1 Evacuation Pause)
[289.766s][info][gc,task        ] GC(674) Using 2 workers of 2 for evacuation
[289.774s][info][gc,phases      ] GC(674)   Pre Evacuate Collection Set: 0.28ms
[289.774s][info][gc,phases      ] GC(674)   Merge Heap Roots: 0.18ms
[289.774s][info][gc,phases      ] GC(674)   Evacuate Collection Set: 7.23ms
[289.774s][info][gc,phases      ] GC(674)   Post Evacuate Collection Set: 0.48ms
[289.774s][info][gc,phases      ] GC(674)   Other: 0.11ms
[289.774s][info][gc,heap        ] GC(674) Eden regions: 285->0(279)
[289.774s][info][gc,heap        ] GC(674) Survivor regions: 3->6(36)
[289.774s][info][gc,heap        ] GC(674) Old regions: 630->630
[289.774s][info][gc,heap        ] GC(674) Humongous regions: 7->7
[289.774s][info][gc,metaspace   ] GC(674) Metaspace: 18836K(19072K)->18836K(19072K) NonClass: 16176K(16320K)->16176K(16320K) Class: 2660K(2752K)->2660K(2752K)
[289.774s][info][gc             ] GC(674) Pause Young (Prepare Mixed) (G1 Evacuation Pause) 924M->642M(978M) 8.527ms
[289.774s][info][gc,cpu         ] GC(674) User=0.01s Sys=0.00s Real=0.01s
[290.457s][info][gc,start       ] GC(675) Pause Young (Mixed) (G1 Evacuation Pause)
[290.457s][info][gc,task        ] GC(675) Using 2 workers of 2 for evacuation
[290.501s][info][gc,phases      ] GC(675)   Pre Evacuate Collection Set: 0.52ms
[290.501s][info][gc,phases      ] GC(675)   Merge Heap Roots: 0.75ms
[290.501s][info][gc,phases      ] GC(675)   Evacuate Collection Set: 41.75ms
[290.501s][info][gc,phases      ] GC(675)   Post Evacuate Collection Set: 0.53ms
[290.501s][info][gc,phases      ] GC(675)   Other: 0.08ms
[290.501s][info][gc,heap        ] GC(675) Eden regions: 279->0(309)
[290.501s][info][gc,heap        ] GC(675) Survivor regions: 6->6(36)
[290.501s][info][gc,heap        ] GC(675) Old regions: 630->600
[290.501s][info][gc,heap        ] GC(675) Humongous regions: 7->7
[290.501s][info][gc,metaspace   ] GC(675) Metaspace: 18840K(19072K)->18840K(19072K) NonClass: 16180K(16320K)->16180K(16320K) Class: 2660K(2752K)->2660K(2752K)
[290.501s][info][gc             ] GC(675) Pause Young (Mixed) (G1 Evacuation Pause) 921M->611M(978M) 43.844ms
[290.501s][info][gc,cpu         ] GC(675) User=0.09s Sys=0.00s Real=0.04s
[290.908s][info][gc,start       ] GC(676) Pause Young (Concurrent Start) (G1 Evacuation Pause)
[290.908s][info][gc,task        ] GC(676) Using 2 workers of 2 for evacuation
[291.008s][info][gc,phases      ] GC(676)   Pre Evacuate Collection Set: 0.32ms
[291.008s][info][gc,phases      ] GC(676)   Merge Heap Roots: 0.14ms
[291.008s][info][gc,phases      ] GC(676)   Evacuate Collection Set: 86.77ms
[291.008s][info][gc,phases      ] GC(676)   Post Evacuate Collection Set: 12.06ms
[291.008s][info][gc,phases      ] GC(676)   Other: 0.21ms
[291.008s][info][gc,heap        ] GC(676) Eden regions: 309->0(94)
[291.008s][info][gc,heap        ] GC(676) Survivor regions: 6->40(40)
[291.008s][info][gc,heap        ] GC(676) Old regions: 600->747
[291.008s][info][gc,heap        ] GC(676) Humongous regions: 7->7
[291.008s][info][gc,metaspace   ] GC(676) Metaspace: 18851K(19072K)->18851K(19072K) NonClass: 16191K(16320K)->16191K(16320K) Class: 2660K(2752K)->2660K(2752K)
[291.008s][info][gc             ] GC(676) Pause Young (Concurrent Start) (G1 Evacuation Pause) (Evacuation Failure: Allocation) 920M->793M(978M) 99.721ms
[291.008s][info][gc             ] GC(677) Concurrent Mark Cycle
[291.008s][info][gc,marking     ] GC(677) Concurrent Scan Root Regions
[291.010s][info][gc,cpu         ] GC(676) User=0.20s Sys=0.00s Real=0.10s
[291.115s][info][gc,marking     ] GC(677) Concurrent Scan Root Regions 106.906ms
[291.115s][info][gc,marking     ] GC(677) Concurrent Mark
[291.115s][info][gc,marking     ] GC(677) Concurrent Mark From Roots
[291.115s][info][gc,task        ] GC(677) Using 1 workers of 1 for marking
[291.157s][info][gc,start       ] GC(678) Pause Young (Normal) (G1 Evacuation Pause)
[291.158s][info][gc,task        ] GC(678) Using 2 workers of 2 for evacuation
[291.264s][info][gc,phases      ] GC(678)   Pre Evacuate Collection Set: 0.52ms
[291.265s][info][gc,phases      ] GC(678)   Merge Heap Roots: 0.39ms
[291.265s][info][gc,phases      ] GC(678)   Evacuate Collection Set: 98.97ms
[291.265s][info][gc,phases      ] GC(678)   Post Evacuate Collection Set: 6.98ms
[291.265s][info][gc,phases      ] GC(678)   Other: 0.09ms
[291.265s][info][gc,heap        ] GC(678) Eden regions: 94->0(109)
[291.265s][info][gc,heap        ] GC(678) Survivor regions: 40->16(17)
[291.265s][info][gc,heap        ] GC(678) Old regions: 747->780
[291.265s][info][gc,heap        ] GC(678) Humongous regions: 7->7
[291.265s][info][gc,metaspace   ] GC(678) Metaspace: 18851K(19072K)->18851K(19072K) NonClass: 16191K(16320K)->16191K(16320K) Class: 2660K(2752K)->2660K(2752K)
[291.265s][info][gc             ] GC(678) Pause Young (Normal) (G1 Evacuation Pause) (Evacuation Failure: Allocation) 887M->802M(978M) 107.191ms
[291.265s][info][gc,cpu         ] GC(678) User=0.21s Sys=0.00s Real=0.10s
[291.534s][info][gc,start       ] GC(679) Pause Young (Normal) (G1 Evacuation Pause)
[291.535s][info][gc,task        ] GC(679) Using 2 workers of 2 for evacuation
[291.618s][info][gc,phases      ] GC(679)   Pre Evacuate Collection Set: 0.53ms
[291.619s][info][gc,phases      ] GC(679)   Merge Heap Roots: 0.33ms
[291.619s][info][gc,phases      ] GC(679)   Evacuate Collection Set: 77.34ms
[291.619s][info][gc,phases      ] GC(679)   Post Evacuate Collection Set: 5.62ms
[291.619s][info][gc,phases      ] GC(679)   Other: 0.09ms
[291.619s][info][gc,heap        ] GC(679) Eden regions: 109->0(64)
[291.619s][info][gc,heap        ] GC(679) Survivor regions: 16->16(16)
[291.619s][info][gc,heap        ] GC(679) Old regions: 780->824
[291.619s][info][gc,heap        ] GC(679) Humongous regions: 8->8
[291.619s][info][gc,metaspace   ] GC(679) Metaspace: 18852K(19072K)->18852K(19072K) NonClass: 16191K(16320K)->16191K(16320K) Class: 2661K(2752K)->2661K(2752K)
[291.619s][info][gc             ] GC(679) Pause Young (Normal) (G1 Evacuation Pause) (Evacuation Failure: Allocation) 912M->847M(978M) 84.165ms
[291.619s][info][gc,cpu         ] GC(679) User=0.17s Sys=0.00s Real=0.09s
[291.781s][info][gc,start       ] GC(680) Pause Young (Normal) (G1 Evacuation Pause)
[291.781s][info][gc,task        ] GC(680) Using 2 workers of 2 for evacuation
[291.821s][info][gc,phases      ] GC(680)   Pre Evacuate Collection Set: 0.54ms
[291.821s][info][gc,phases      ] GC(680)   Merge Heap Roots: 0.30ms
[291.821s][info][gc,phases      ] GC(680)   Evacuate Collection Set: 38.46ms
[291.821s][info][gc,phases      ] GC(680)   Post Evacuate Collection Set: 0.40ms
[291.821s][info][gc,phases      ] GC(680)   Other: 0.09ms
[291.821s][info][gc,heap        ] GC(680) Eden regions: 64->0(132)
[291.821s][info][gc,heap        ] GC(680) Survivor regions: 16->6(10)
[291.821s][info][gc,heap        ] GC(680) Old regions: 824->770
[291.821s][info][gc,heap        ] GC(680) Humongous regions: 8->8
[291.821s][info][gc,metaspace   ] GC(680) Metaspace: 18852K(19072K)->18852K(19072K) NonClass: 16191K(16320K)->16191K(16320K) Class: 2661K(2752K)->2661K(2752K)
[291.821s][info][gc             ] GC(680) Pause Young (Normal) (G1 Evacuation Pause) 911M->783M(978M) 39.999ms
[291.821s][info][gc,cpu         ] GC(680) User=0.07s Sys=0.00s Real=0.04s
[292.037s][info][gc,start       ] GC(681) Pause Young (Normal) (G1 Evacuation Pause)
[292.037s][info][gc,task        ] GC(681) Using 2 workers of 2 for evacuation
[292.072s][info][gc,phases      ] GC(681)   Pre Evacuate Collection Set: 0.49ms
[292.072s][info][gc,phases      ] GC(681)   Merge Heap Roots: 0.62ms
[292.072s][info][gc,phases      ] GC(681)   Evacuate Collection Set: 33.14ms
[292.072s][info][gc,phases      ] GC(681)   Post Evacuate Collection Set: 0.63ms
[292.072s][info][gc,phases      ] GC(681)   Other: 0.10ms
[292.072s][info][gc,heap        ] GC(681) Eden regions: 132->0(128)
[292.072s][info][gc,heap        ] GC(681) Survivor regions: 6->11(18)
[292.072s][info][gc,heap        ] GC(681) Old regions: 770->770
[292.072s][info][gc,heap        ] GC(681) Humongous regions: 8->8
[292.072s][info][gc,metaspace   ] GC(681) Metaspace: 18859K(19072K)->18859K(19072K) NonClass: 16198K(16320K)->16198K(16320K) Class: 2661K(2752K)->2661K(2752K)
[292.072s][info][gc             ] GC(681) Pause Young (Normal) (G1 Evacuation Pause) 915M->788M(978M) 35.174ms
[292.072s][info][gc,cpu         ] GC(681) User=0.07s Sys=0.00s Real=0.03s
[292.532s][info][gc,start       ] GC(682) Pause Young (Normal) (G1 Evacuation Pause)
[292.532s][info][gc,task        ] GC(682) Using 2 workers of 2 for evacuation
[292.611s][info][gc,phases      ] GC(682)   Pre Evacuate Collection Set: 0.49ms
[292.611s][info][gc,phases      ] GC(682)   Merge Heap Roots: 1.32ms
[292.611s][info][gc,phases      ] GC(682)   Evacuate Collection Set: 76.15ms
[292.611s][info][gc,phases      ] GC(682)   Post Evacuate Collection Set: 0.79ms
[292.611s][info][gc,phases      ] GC(682)   Other: 0.09ms
[292.611s][info][gc,heap        ] GC(682) Eden regions: 128->0(90)
[292.611s][info][gc,heap        ] GC(682) Survivor regions: 11->18(18)
[292.611s][info][gc,heap        ] GC(682) Old regions: 770->791
[292.611s][info][gc,heap        ] GC(682) Humongous regions: 11->11
[292.611s][info][gc,metaspace   ] GC(682) Metaspace: 18861K(19072K)->18861K(19072K) NonClass: 16200K(16320K)->16200K(16320K) Class: 2661K(2752K)->2661K(2752K)
[292.611s][info][gc             ] GC(682) Pause Young (Normal) (G1 Evacuation Pause) 919M->819M(978M) 79.113ms
[292.611s][info][gc,cpu         ] GC(682) User=0.15s Sys=0.00s Real=0.08s
[292.790s][info][gc,marking     ] GC(677) Concurrent Mark From Roots 1674.777ms
[292.790s][info][gc,marking     ] GC(677) Concurrent Preclean
[292.790s][info][gc,marking     ] GC(677) Concurrent Preclean 0.043ms
[292.790s][info][gc,start       ] GC(677) Pause Remark
[292.801s][info][metaspace      ] ChkMgr @0x00007f63b01626e0 (non-class-space): : reclaiming memory...
[292.801s][info][metaspace      ] ChkMgr @0x00007f63b01626e0 (non-class-space): nothing reclaimed.
[292.801s][info][metaspace      ] ChkMgr @0x00007f63b01607f0 (class-space): : reclaiming memory...
[292.801s][info][metaspace      ] ChkMgr @0x00007f63b01607f0 (class-space): nothing reclaimed.
[292.801s][info][gc             ] GC(677) Pause Remark 908M->832M(978M) 11.196ms
[292.801s][info][gc,cpu         ] GC(677) User=0.02s Sys=0.00s Real=0.01s
[292.803s][info][gc,marking     ] GC(677) Concurrent Mark 1687.643ms
[292.803s][info][gc,marking     ] GC(677) Concurrent Rebuild Remembered Sets and Scrub Regions
[292.806s][info][gc,start       ] GC(683) Pause Young (Normal) (G1 Evacuation Pause)
[292.806s][info][gc,task        ] GC(683) Using 2 workers of 2 for evacuation
[292.858s][info][gc,phases      ] GC(683)   Pre Evacuate Collection Set: 0.43ms
[292.858s][info][gc,phases      ] GC(683)   Merge Heap Roots: 0.73ms
[292.858s][info][gc,phases      ] GC(683)   Evacuate Collection Set: 50.16ms
[292.858s][info][gc,phases      ] GC(683)   Post Evacuate Collection Set: 0.31ms
[292.858s][info][gc,phases      ] GC(683)   Other: 0.07ms
[292.858s][info][gc,heap        ] GC(683) Eden regions: 90->0(165)
[292.858s][info][gc,heap        ] GC(683) Survivor regions: 18->2(14)
[292.858s][info][gc,heap        ] GC(683) Old regions: 717->736
[292.858s][info][gc,heap        ] GC(683) Humongous regions: 9->9
[292.858s][info][gc,metaspace   ] GC(683) Metaspace: 18849K(19072K)->18849K(19072K) NonClass: 16188K(16320K)->16188K(16320K) Class: 2661K(2752K)->2661K(2752K)
[292.858s][info][gc             ] GC(683) Pause Young (Normal) (G1 Evacuation Pause) 833M->746M(978M) 51.890ms
[292.858s][info][gc,cpu         ] GC(683) User=0.10s Sys=0.00s Real=0.06s
[293.110s][info][gc,start       ] GC(684) Pause Young (Normal) (G1 Evacuation Pause)
[293.110s][info][gc,task        ] GC(684) Using 2 workers of 2 for evacuation
[293.145s][info][gc,phases      ] GC(684)   Pre Evacuate Collection Set: 0.48ms
[293.145s][info][gc,phases      ] GC(684)   Merge Heap Roots: 0.19ms
[293.145s][info][gc,phases      ] GC(684)   Evacuate Collection Set: 33.83ms
[293.145s][info][gc,phases      ] GC(684)   Post Evacuate Collection Set: 0.39ms
[293.145s][info][gc,phases      ] GC(684)   Other: 0.07ms
[293.145s][info][gc,heap        ] GC(684) Eden regions: 165->0(131)
[293.145s][info][gc,heap        ] GC(684) Survivor regions: 2->21(21)
[293.145s][info][gc,heap        ] GC(684) Old regions: 736->746
[293.145s][info][gc,heap        ] GC(684) Humongous regions: 9->9
[293.145s][info][gc,metaspace   ] GC(684) Metaspace: 18849K(19072K)->18849K(19072K) NonClass: 16188K(16320K)->16188K(16320K) Class: 2661K(2752K)->2661K(2752K)
[293.145s][info][gc             ] GC(684) Pause Young (Normal) (G1 Evacuation Pause) 911M->775M(978M) 35.184ms
[293.145s][info][gc,cpu         ] GC(684) User=0.07s Sys=0.00s Real=0.03s
[293.249s][info][gc,start       ] GC(685) Pause Young (Normal) (G1 Evacuation Pause)
[293.250s][info][gc,task        ] GC(685) Using 2 workers of 2 for evacuation
[293.300s][info][gc,phases      ] GC(685)   Pre Evacuate Collection Set: 0.25ms
[293.300s][info][gc,phases      ] GC(685)   Merge Heap Roots: 0.12ms
[293.300s][info][gc,phases      ] GC(685)   Evacuate Collection Set: 49.22ms
[293.300s][info][gc,phases      ] GC(685)   Post Evacuate Collection Set: 0.41ms
[293.300s][info][gc,phases      ] GC(685)   Other: 0.08ms
[293.300s][info][gc,heap        ] GC(685) Eden regions: 131->0(102)
[293.300s][info][gc,heap        ] GC(685) Survivor regions: 21->19(19)
[293.300s][info][gc,heap        ] GC(685) Old regions: 746->779
[293.300s][info][gc,heap        ] GC(685) Humongous regions: 9->9
[293.300s][info][gc,metaspace   ] GC(685) Metaspace: 18849K(19072K)->18849K(19072K) NonClass: 16188K(16320K)->16188K(16320K) Class: 2661K(2752K)->2661K(2752K)
[293.300s][info][gc             ] GC(685) Pause Young (Normal) (G1 Evacuation Pause) 906M->806M(978M) 50.306ms
[293.300s][info][gc,cpu         ] GC(685) User=0.10s Sys=0.00s Real=0.05s
[293.434s][info][gc,start       ] GC(686) Pause Young (Normal) (G1 Evacuation Pause)
[293.434s][info][gc,task        ] GC(686) Using 2 workers of 2 for evacuation
[293.471s][info][gc,phases      ] GC(686)   Pre Evacuate Collection Set: 0.29ms
[293.471s][info][gc,phases      ] GC(686)   Merge Heap Roots: 0.25ms
[293.471s][info][gc,phases      ] GC(686)   Evacuate Collection Set: 36.08ms
[293.471s][info][gc,phases      ] GC(686)   Post Evacuate Collection Set: 0.42ms
[293.471s][info][gc,phases      ] GC(686)   Other: 0.10ms
[293.471s][info][gc,heap        ] GC(686) Eden regions: 102->0(93)
[293.471s][info][gc,heap        ] GC(686) Survivor regions: 19->13(16)
[293.471s][info][gc,heap        ] GC(686) Old regions: 779->799
[293.471s][info][gc,heap        ] GC(686) Humongous regions: 10->10
[293.471s][info][gc,metaspace   ] GC(686) Metaspace: 18849K(19072K)->18849K(19072K) NonClass: 16188K(16320K)->16188K(16320K) Class: 2661K(2752K)->2661K(2752K)
[293.471s][info][gc             ] GC(686) Pause Young (Normal) (G1 Evacuation Pause) 909M->821M(978M) 37.428ms
[293.471s][info][gc,cpu         ] GC(686) User=0.07s Sys=0.00s Real=0.04s
[293.564s][info][gc,start       ] GC(687) Pause Young (Normal) (G1 Evacuation Pause)
[293.564s][info][gc,task        ] GC(687) Using 2 workers of 2 for evacuation
[293.594s][info][gc,phases      ] GC(687)   Pre Evacuate Collection Set: 0.27ms
[293.594s][info][gc,phases      ] GC(687)   Merge Heap Roots: 0.29ms
[293.594s][info][gc,phases      ] GC(687)   Evacuate Collection Set: 28.80ms
[293.594s][info][gc,phases      ] GC(687)   Post Evacuate Collection Set: 0.31ms
[293.594s][info][gc,phases      ] GC(687)   Other: 0.09ms
[293.594s][info][gc,heap        ] GC(687) Eden regions: 93->0(90)
[293.594s][info][gc,heap        ] GC(687) Survivor regions: 13->8(14)
[293.594s][info][gc,heap        ] GC(687) Old regions: 799->812
[293.594s][info][gc,heap        ] GC(687) Humongous regions: 10->10
[293.594s][info][gc,metaspace   ] GC(687) Metaspace: 18849K(19072K)->18849K(19072K) NonClass: 16188K(16320K)->16188K(16320K) Class: 2661K(2752K)->2661K(2752K)
[293.594s][info][gc             ] GC(687) Pause Young (Normal) (G1 Evacuation Pause) 914M->828M(978M) 30.016ms
[293.594s][info][gc,cpu         ] GC(687) User=0.05s Sys=0.00s Real=0.03s
[293.664s][info][gc,start       ] GC(688) Pause Young (Normal) (G1 Evacuation Pause)
[293.664s][info][gc,task        ] GC(688) Using 2 workers of 2 for evacuation
[293.676s][info][gc,phases      ] GC(688)   Pre Evacuate Collection Set: 0.47ms
[293.676s][info][gc,phases      ] GC(688)   Merge Heap Roots: 0.11ms
[293.676s][info][gc,phases      ] GC(688)   Evacuate Collection Set: 10.86ms
[293.676s][info][gc,phases      ] GC(688)   Post Evacuate Collection Set: 0.29ms
[293.676s][info][gc,phases      ] GC(688)   Other: 0.10ms
[293.676s][info][gc,heap        ] GC(688) Eden regions: 90->0(93)
[293.676s][info][gc,heap        ] GC(688) Survivor regions: 8->3(13)
[293.676s][info][gc,heap        ] GC(688) Old regions: 812->819
[293.676s][info][gc,heap        ] GC(688) Humongous regions: 10->10
[293.676s][info][gc,metaspace   ] GC(688) Metaspace: 18851K(19072K)->18851K(19072K) NonClass: 16190K(16320K)->16190K(16320K) Class: 2661K(2752K)->2661K(2752K)
[293.676s][info][gc             ] GC(688) Pause Young (Normal) (G1 Evacuation Pause) 918M->831M(978M) 12.083ms
[293.676s][info][gc,cpu         ] GC(688) User=0.02s Sys=0.00s Real=0.01s
[293.720s][info][gc,marking     ] GC(677) Concurrent Rebuild Remembered Sets and Scrub Regions 917.698ms
[293.721s][info][gc,start       ] GC(677) Pause Cleanup
[293.721s][info][gc             ] GC(677) Pause Cleanup 890M->890M(978M) 0.154ms
[293.721s][info][gc,cpu         ] GC(677) User=0.00s Sys=0.00s Real=0.00s
[293.721s][info][gc,marking     ] GC(677) Concurrent Clear Claimed Marks
[293.721s][info][gc,marking     ] GC(677) Concurrent Clear Claimed Marks 0.036ms
[293.721s][info][gc,marking     ] GC(677) Concurrent Cleanup for Next Mark
[293.726s][info][gc,marking     ] GC(677) Concurrent Cleanup for Next Mark 4.888ms
[293.726s][info][gc             ] GC(677) Concurrent Mark Cycle 2717.743ms
[293.739s][info][gc,start       ] GC(689) Pause Young (Prepare Mixed) (G1 Evacuation Pause)
[293.739s][info][gc,task        ] GC(689) Using 2 workers of 2 for evacuation
[293.744s][info][gc,phases      ] GC(689)   Pre Evacuate Collection Set: 0.44ms
[293.744s][info][gc,phases      ] GC(689)   Merge Heap Roots: 0.09ms
[293.744s][info][gc,phases      ] GC(689)   Evacuate Collection Set: 4.59ms
[293.744s][info][gc,phases      ] GC(689)   Post Evacuate Collection Set: 0.33ms
[293.744s][info][gc,phases      ] GC(689)   Other: 0.08ms
[293.744s][info][gc,heap        ] GC(689) Eden regions: 93->0(91)
[293.744s][info][gc,heap        ] GC(689) Survivor regions: 3->4(12)
[293.744s][info][gc,heap        ] GC(689) Old regions: 819->819
[293.744s][info][gc,heap        ] GC(689) Humongous regions: 10->10
[293.744s][info][gc,metaspace   ] GC(689) Metaspace: 18851K(19072K)->18851K(19072K) NonClass: 16190K(16320K)->16190K(16320K) Class: 2661K(2752K)->2661K(2752K)
[293.744s][info][gc             ] GC(689) Pause Young (Prepare Mixed) (G1 Evacuation Pause) 924M->832M(978M) 5.681ms
[293.744s][info][gc,cpu         ] GC(689) User=0.01s Sys=0.00s Real=0.00s
[293.820s][info][gc,start       ] GC(690) Pause Young (Mixed) (G1 Evacuation Pause)
[293.820s][info][gc,task        ] GC(690) Using 2 workers of 2 for evacuation
[293.836s][info][gc,phases      ] GC(690)   Pre Evacuate Collection Set: 0.31ms
[293.836s][info][gc,phases      ] GC(690)   Merge Heap Roots: 0.27ms
[293.836s][info][gc,phases      ] GC(690)   Evacuate Collection Set: 14.58ms
[293.836s][info][gc,phases      ] GC(690)   Post Evacuate Collection Set: 0.36ms
[293.836s][info][gc,phases      ] GC(690)   Other: 0.10ms
[293.836s][info][gc,heap        ] GC(690) Eden regions: 91->0(134)
[293.836s][info][gc,heap        ] GC(690) Survivor regions: 4->5(12)
[293.836s][info][gc,heap        ] GC(690) Old regions: 819->774
[293.836s][info][gc,heap        ] GC(690) Humongous regions: 10->10
[293.836s][info][gc,metaspace   ] GC(690) Metaspace: 18851K(19072K)->18851K(19072K) NonClass: 16190K(16320K)->16190K(16320K) Class: 2661K(2752K)->2661K(2752K)
[293.836s][info][gc             ] GC(690) Pause Young (Mixed) (G1 Evacuation Pause) 923M->788M(978M) 15.847ms
[293.836s][info][gc,cpu         ] GC(690) User=0.03s Sys=0.00s Real=0.01s
[293.988s][info][gc,start       ] GC(691) Pause Young (Concurrent Start) (G1 Evacuation Pause)
[293.988s][info][gc,task        ] GC(691) Using 2 workers of 2 for evacuation
[293.999s][info][gc,phases      ] GC(691)   Pre Evacuate Collection Set: 0.31ms
[293.999s][info][gc,phases      ] GC(691)   Merge Heap Roots: 0.14ms
[293.999s][info][gc,phases      ] GC(691)   Evacuate Collection Set: 9.77ms
[293.999s][info][gc,phases      ] GC(691)   Post Evacuate Collection Set: 0.38ms
[293.999s][info][gc,phases      ] GC(691)   Other: 0.12ms
[293.999s][info][gc,heap        ] GC(691) Eden regions: 134->0(128)
[293.999s][info][gc,heap        ] GC(691) Survivor regions: 5->8(18)
[293.999s][info][gc,heap        ] GC(691) Old regions: 774->774
[293.999s][info][gc,heap        ] GC(691) Humongous regions: 10->10
[293.999s][info][gc,metaspace   ] GC(691) Metaspace: 18857K(19072K)->18857K(19072K) NonClass: 16196K(16320K)->16196K(16320K) Class: 2661K(2752K)->2661K(2752K)
[293.999s][info][gc             ] GC(691) Pause Young (Concurrent Start) (G1 Evacuation Pause) 922M->791M(978M) 11.026ms
[293.999s][info][gc,cpu         ] GC(691) User=0.02s Sys=0.00s Real=0.01s
[293.999s][info][gc             ] GC(692) Concurrent Mark Cycle
[293.999s][info][gc,marking     ] GC(692) Concurrent Scan Root Regions
[294.011s][info][gc,marking     ] GC(692) Concurrent Scan Root Regions 11.968ms
[294.011s][info][gc,marking     ] GC(692) Concurrent Mark
[294.011s][info][gc,marking     ] GC(692) Concurrent Mark From Roots
[294.011s][info][gc,task        ] GC(692) Using 1 workers of 1 for marking
[294.260s][info][gc,start       ] GC(693) Pause Young (Normal) (G1 Evacuation Pause)
[294.260s][info][gc,task        ] GC(693) Using 2 workers of 2 for evacuation
[294.272s][info][gc,phases      ] GC(693)   Pre Evacuate Collection Set: 0.52ms
[294.272s][info][gc,phases      ] GC(693)   Merge Heap Roots: 0.15ms
[294.272s][info][gc,phases      ] GC(693)   Evacuate Collection Set: 11.24ms
[294.272s][info][gc,phases      ] GC(693)   Post Evacuate Collection Set: 0.33ms
[294.272s][info][gc,phases      ] GC(693)   Other: 0.11ms
[294.272s][info][gc,heap        ] GC(693) Eden regions: 128->0(124)
[294.272s][info][gc,heap        ] GC(693) Survivor regions: 8->10(17)
[294.272s][info][gc,heap        ] GC(693) Old regions: 774->774
[294.272s][info][gc,heap        ] GC(693) Humongous regions: 10->10
[294.272s][info][gc,metaspace   ] GC(693) Metaspace: 18857K(19072K)->18857K(19072K) NonClass: 16196K(16320K)->16196K(16320K) Class: 2661K(2752K)->2661K(2752K)
[294.272s][info][gc             ] GC(693) Pause Young (Normal) (G1 Evacuation Pause) 919M->793M(978M) 12.613ms
[294.272s][info][gc,cpu         ] GC(693) User=0.03s Sys=0.00s Real=0.01s
[294.692s][info][gc,start       ] GC(694) Pause Young (Normal) (G1 Evacuation Pause)
[294.692s][info][gc,task        ] GC(694) Using 2 workers of 2 for evacuation
[294.739s][info][gc,phases      ] GC(694)   Pre Evacuate Collection Set: 0.51ms
[294.739s][info][gc,phases      ] GC(694)   Merge Heap Roots: 0.18ms
[294.739s][info][gc,phases      ] GC(694)   Evacuate Collection Set: 45.51ms
[294.739s][info][gc,phases      ] GC(694)   Post Evacuate Collection Set: 0.42ms
[294.739s][info][gc,phases      ] GC(694)   Other: 0.07ms
[294.739s][info][gc,heap        ] GC(694) Eden regions: 124->0(81)
[294.739s][info][gc,heap        ] GC(694) Survivor regions: 10->17(17)
[294.739s][info][gc,heap        ] GC(694) Old regions: 774->803
[294.739s][info][gc,heap        ] GC(694) Humongous regions: 10->10
[294.739s][info][gc,metaspace   ] GC(694) Metaspace: 18857K(19072K)->18857K(19072K) NonClass: 16196K(16320K)->16196K(16320K) Class: 2661K(2752K)->2661K(2752K)
[294.739s][info][gc             ] GC(694) Pause Young (Normal) (G1 Evacuation Pause) 917M->829M(978M) 46.902ms
[294.739s][info][gc,cpu         ] GC(694) User=0.09s Sys=0.00s Real=0.05s
[294.743s][info][gc,marking     ] GC(692) Concurrent Mark From Roots 731.536ms
[294.743s][info][gc,marking     ] GC(692) Concurrent Preclean
[294.743s][info][gc,marking     ] GC(692) Concurrent Preclean 0.041ms
[294.743s][info][gc,start       ] GC(692) Pause Remark
[294.754s][info][metaspace      ] ChkMgr @0x00007f63b01626e0 (non-class-space): : reclaiming memory...
[294.754s][info][metaspace      ] ChkMgr @0x00007f63b01626e0 (non-class-space): nothing reclaimed.
[294.754s][info][metaspace      ] ChkMgr @0x00007f63b01607f0 (class-space): : reclaiming memory...
[294.754s][info][metaspace      ] ChkMgr @0x00007f63b01607f0 (class-space): nothing reclaimed.
[294.754s][info][gc             ] GC(692) Pause Remark 830M->350M(978M) 11.279ms
[294.754s][info][gc,cpu         ] GC(692) User=0.02s Sys=0.00s Real=0.01s
[294.758s][info][gc,marking     ] GC(692) Concurrent Mark 746.910ms
[294.758s][info][gc,marking     ] GC(692) Concurrent Rebuild Remembered Sets and Scrub Regions
[294.868s][info][gc,start       ] GC(695) Pause Young (Normal) (G1 Evacuation Pause)
[294.868s][info][gc,task        ] GC(695) Using 2 workers of 2 for evacuation
[294.911s][info][gc,phases      ] GC(695)   Pre Evacuate Collection Set: 0.24ms
[294.911s][info][gc,phases      ] GC(695)   Merge Heap Roots: 0.19ms
[294.911s][info][gc,phases      ] GC(695)   Evacuate Collection Set: 42.33ms
[294.911s][info][gc,phases      ] GC(695)   Post Evacuate Collection Set: 0.44ms
[294.911s][info][gc,phases      ] GC(695)   Other: 0.06ms
[294.911s][info][gc,heap        ] GC(695) Eden regions: 81->0(490)
[294.911s][info][gc,heap        ] GC(695) Survivor regions: 17->13(13)
[294.911s][info][gc,heap        ] GC(695) Old regions: 330->362
[294.911s][info][gc,heap        ] GC(695) Humongous regions: 3->3
[294.911s][info][gc,metaspace   ] GC(695) Metaspace: 18851K(19072K)->18851K(19072K) NonClass: 16190K(16320K)->16190K(16320K) Class: 2661K(2752K)->2661K(2752K)
[294.911s][info][gc             ] GC(695) Pause Young (Normal) (G1 Evacuation Pause) 430M->377M(978M) 43.450ms
[294.911s][info][gc,cpu         ] GC(695) User=0.09s Sys=0.00s Real=0.04s
[295.035s][info][gc,marking     ] GC(692) Concurrent Rebuild Remembered Sets and Scrub Regions 276.405ms
[295.035s][info][gc,start       ] GC(692) Pause Cleanup
[295.035s][info][gc             ] GC(692) Pause Cleanup 418M->418M(978M) 0.097ms
[295.035s][info][gc,cpu         ] GC(692) User=0.00s Sys=0.00s Real=0.00s
[295.037s][info][gc,marking     ] GC(692) Concurrent Clear Claimed Marks
[295.037s][info][gc,marking     ] GC(692) Concurrent Clear Claimed Marks 0.046ms
[295.037s][info][gc,marking     ] GC(692) Concurrent Cleanup for Next Mark
[295.040s][info][gc,marking     ] GC(692) Concurrent Cleanup for Next Mark 2.939ms
[295.040s][info][gc             ] GC(692) Concurrent Mark Cycle 1040.495ms
[295.593s][info][gc,start       ] GC(696) Pause Young (Prepare Mixed) (G1 Evacuation Pause)
[295.593s][info][gc,task        ] GC(696) Using 2 workers of 2 for evacuation
[295.638s][info][gc,phases      ] GC(696)   Pre Evacuate Collection Set: 0.51ms
[295.638s][info][gc,phases      ] GC(696)   Merge Heap Roots: 0.46ms
[295.638s][info][gc,phases      ] GC(696)   Evacuate Collection Set: 42.85ms
[295.638s][info][gc,phases      ] GC(696)   Post Evacuate Collection Set: 0.80ms
[295.638s][info][gc,phases      ] GC(696)   Other: 0.10ms
[295.638s][info][gc,heap        ] GC(696) Eden regions: 490->0(479)
[295.638s][info][gc,heap        ] GC(696) Survivor regions: 13->31(63)
[295.638s][info][gc,heap        ] GC(696) Old regions: 362->362
[295.638s][info][gc,heap        ] GC(696) Humongous regions: 4->4
[295.638s][info][gc,metaspace   ] GC(696) Metaspace: 18851K(19072K)->18851K(19072K) NonClass: 16190K(16320K)->16190K(16320K) Class: 2661K(2752K)->2661K(2752K)
[295.638s][info][gc             ] GC(696) Pause Young (Prepare Mixed) (G1 Evacuation Pause) 868M->396M(978M) 44.961ms
[295.638s][info][gc,cpu         ] GC(696) User=0.08s Sys=0.00s Real=0.05s
[296.223s][info][gc,start       ] GC(697) Pause Young (Mixed) (G1 Evacuation Pause)
[296.223s][info][gc,task        ] GC(697) Using 2 workers of 2 for evacuation
[296.403s][info][gc,phases      ] GC(697)   Pre Evacuate Collection Set: 0.43ms
[296.403s][info][gc,phases      ] GC(697)   Merge Heap Roots: 0.82ms
[296.403s][info][gc,phases      ] GC(697)   Evacuate Collection Set: 169.33ms
[296.403s][info][gc,phases      ] GC(697)   Post Evacuate Collection Set: 9.00ms
[296.403s][info][gc,phases      ] GC(697)   Other: 0.10ms
[296.403s][info][gc,heap        ] GC(697) Eden regions: 479->0(347)
[296.403s][info][gc,heap        ] GC(697) Survivor regions: 31->64(64)
[296.403s][info][gc,heap        ] GC(697) Old regions: 362->448
[296.403s][info][gc,heap        ] GC(697) Humongous regions: 5->5
[296.403s][info][gc,metaspace   ] GC(697) Metaspace: 18851K(19072K)->18851K(19072K) NonClass: 16190K(16320K)->16190K(16320K) Class: 2661K(2752K)->2661K(2752K)
[296.403s][info][gc             ] GC(697) Pause Young (Mixed) (G1 Evacuation Pause) (Evacuation Failure: Allocation) 876M->516M(978M) 179.969ms
[296.403s][info][gc,cpu         ] GC(697) User=0.36s Sys=0.00s Real=0.18s
[296.436s][info][gc,start       ] GC(698) Pause Young (Concurrent Start) (G1 Evacuation Pause)
[296.436s][info][gc,task        ] GC(698) Using 2 workers of 2 for evacuation
[296.545s][info][gc,phases      ] GC(698)   Pre Evacuate Collection Set: 0.31ms
[296.545s][info][gc,phases      ] GC(698)   Merge Heap Roots: 1.32ms
[296.545s][info][gc,phases      ] GC(698)   Evacuate Collection Set: 107.15ms
[296.545s][info][gc,phases      ] GC(698)   Post Evacuate Collection Set: 0.46ms
[296.545s][info][gc,phases      ] GC(698)   Other: 0.15ms
[296.545s][info][gc,heap        ] GC(698) Eden regions: 34->0(322)
[296.545s][info][gc,heap        ] GC(698) Survivor regions: 64->12(13)
[296.545s][info][gc,heap        ] GC(698) Old regions: 448->440
[296.545s][info][gc,heap        ] GC(698) Humongous regions: 5->5
[296.545s][info][gc,metaspace   ] GC(698) Metaspace: 18851K(19072K)->18851K(19072K) NonClass: 16190K(16320K)->16190K(16320K) Class: 2661K(2752K)->2661K(2752K)
[296.545s][info][gc             ] GC(698) Pause Young (Concurrent Start) (G1 Evacuation Pause) 550M->456M(978M) 109.607ms
[296.545s][info][gc,cpu         ] GC(698) User=0.22s Sys=0.00s Real=0.11s
[296.545s][info][gc             ] GC(699) Concurrent Mark Cycle
[296.547s][info][gc,marking     ] GC(699) Concurrent Scan Root Regions
[296.654s][info][gc,marking     ] GC(699) Concurrent Scan Root Regions 106.403ms
[296.654s][info][gc,marking     ] GC(699) Concurrent Mark
[296.654s][info][gc,marking     ] GC(699) Concurrent Mark From Roots
[296.654s][info][gc,task        ] GC(699) Using 1 workers of 1 for marking
[297.307s][info][gc,marking     ] GC(699) Concurrent Mark From Roots 653.643ms
[297.307s][info][gc,marking     ] GC(699) Concurrent Preclean
[297.308s][info][gc,marking     ] GC(699) Concurrent Preclean 0.049ms
[297.308s][info][gc,start       ] GC(699) Pause Remark
[297.315s][info][gc             ] GC(699) Pause Remark 763M->709M(978M) 7.456ms
[297.315s][info][gc,cpu         ] GC(699) User=0.02s Sys=0.00s Real=0.00s
[297.315s][info][gc,marking     ] GC(699) Concurrent Mark 661.496ms
[297.315s][info][gc,marking     ] GC(699) Concurrent Rebuild Remembered Sets and Scrub Regions
[297.341s][info][gc,start       ] GC(700) Pause Young (Normal) (G1 Evacuation Pause)
[297.341s][info][gc,task        ] GC(700) Using 2 workers of 2 for evacuation
[297.433s][info][gc,phases      ] GC(700)   Pre Evacuate Collection Set: 0.25ms
[297.433s][info][gc,phases      ] GC(700)   Merge Heap Roots: 0.23ms
[297.433s][info][gc,phases      ] GC(700)   Evacuate Collection Set: 90.61ms
[297.433s][info][gc,phases      ] GC(700)   Post Evacuate Collection Set: 0.53ms
[297.433s][info][gc,phases      ] GC(700)   Other: 0.10ms
[297.433s][info][gc,heap        ] GC(700) Eden regions: 322->0(298)
[297.433s][info][gc,heap        ] GC(700) Survivor regions: 12->42(42)
[297.433s][info][gc,heap        ] GC(700) Old regions: 387->439
[297.433s][info][gc,heap        ] GC(700) Humongous regions: 4->4
[297.433s][info][gc,metaspace   ] GC(700) Metaspace: 18852K(19072K)->18852K(19072K) NonClass: 16191K(16320K)->16191K(16320K) Class: 2661K(2752K)->2661K(2752K)
[297.433s][info][gc             ] GC(700) Pause Young (Normal) (G1 Evacuation Pause) 724M->484M(978M) 91.950ms
[297.433s][info][gc,cpu         ] GC(700) User=0.18s Sys=0.00s Real=0.09s
[297.645s][info][gc,marking     ] GC(699) Concurrent Rebuild Remembered Sets and Scrub Regions 329.427ms
[297.645s][info][gc,start       ] GC(699) Pause Cleanup
[297.645s][info][gc             ] GC(699) Pause Cleanup 698M->698M(978M) 0.097ms
[297.645s][info][gc,cpu         ] GC(699) User=0.00s Sys=0.00s Real=0.00s
[297.645s][info][gc,marking     ] GC(699) Concurrent Clear Claimed Marks
[297.645s][info][gc,marking     ] GC(699) Concurrent Clear Claimed Marks 0.030ms
[297.645s][info][gc,marking     ] GC(699) Concurrent Cleanup for Next Mark
[297.648s][info][gc,marking     ] GC(699) Concurrent Cleanup for Next Mark 2.889ms
[297.648s][info][gc             ] GC(699) Concurrent Mark Cycle 1102.697ms
[297.680s][info][gc,start       ] GC(701) Pause Young (Prepare Mixed) (G1 Evacuation Pause)
[297.680s][info][gc,task        ] GC(701) Using 2 workers of 2 for evacuation
[297.825s][info][gc,phases      ] GC(701)   Pre Evacuate Collection Set: 0.45ms
[297.825s][info][gc,phases      ] GC(701)   Merge Heap Roots: 0.33ms
[297.825s][info][gc,phases      ] GC(701)   Evacuate Collection Set: 143.14ms
[297.825s][info][gc,phases      ] GC(701)   Post Evacuate Collection Set: 0.78ms
[297.825s][info][gc,phases      ] GC(701)   Other: 0.11ms
[297.825s][info][gc,heap        ] GC(701) Eden regions: 298->0(219)
[297.825s][info][gc,heap        ] GC(701) Survivor regions: 42->43(43)
[297.825s][info][gc,heap        ] GC(701) Old regions: 439->559
[297.825s][info][gc,heap        ] GC(701) Humongous regions: 4->4
[297.825s][info][gc,metaspace   ] GC(701) Metaspace: 18852K(19072K)->18852K(19072K) NonClass: 16191K(16320K)->16191K(16320K) Class: 2661K(2752K)->2661K(2752K)
[297.825s][info][gc             ] GC(701) Pause Young (Prepare Mixed) (G1 Evacuation Pause) 782M->605M(978M) 145.042ms
[297.825s][info][gc,cpu         ] GC(701) User=0.29s Sys=0.00s Real=0.14s
[298.026s][info][gc,start       ] GC(702) Pause Young (Mixed) (G1 Evacuation Pause)
[298.026s][info][gc,task        ] GC(702) Using 2 workers of 2 for evacuation
[298.137s][info][gc,phases      ] GC(702)   Pre Evacuate Collection Set: 0.30ms
[298.137s][info][gc,phases      ] GC(702)   Merge Heap Roots: 0.57ms
[298.137s][info][gc,phases      ] GC(702)   Evacuate Collection Set: 109.54ms
[298.137s][info][gc,phases      ] GC(702)   Post Evacuate Collection Set: 0.62ms
[298.137s][info][gc,phases      ] GC(702)   Other: 0.08ms
[298.137s][info][gc,heap        ] GC(702) Eden regions: 219->0(198)
[298.137s][info][gc,heap        ] GC(702) Survivor regions: 43->33(33)
[298.137s][info][gc,heap        ] GC(702) Old regions: 559->597
[298.137s][info][gc,heap        ] GC(702) Humongous regions: 4->4
[298.137s][info][gc,metaspace   ] GC(702) Metaspace: 18852K(19072K)->18852K(19072K) NonClass: 16191K(16320K)->16191K(16320K) Class: 2661K(2752K)->2661K(2752K)
[298.137s][info][gc             ] GC(702) Pause Young (Mixed) (G1 Evacuation Pause) 824M->633M(978M) 111.372ms
[298.137s][info][gc,cpu         ] GC(702) User=0.22s Sys=0.00s Real=0.12s
[298.261s][info][gc,start       ] GC(703) Pause Young (Concurrent Start) (G1 Humongous Allocation)
[298.261s][info][gc,task        ] GC(703) Using 2 workers of 2 for evacuation
[298.313s][info][gc,phases      ] GC(703)   Pre Evacuate Collection Set: 0.32ms
[298.313s][info][gc,phases      ] GC(703)   Merge Heap Roots: 0.43ms
[298.313s][info][gc,phases      ] GC(703)   Evacuate Collection Set: 50.74ms
[298.313s][info][gc,phases      ] GC(703)   Post Evacuate Collection Set: 0.59ms
[298.313s][info][gc,phases      ] GC(703)   Other: 0.19ms
[298.313s][info][gc,heap        ] GC(703) Eden regions: 169->0(209)
[298.313s][info][gc,heap        ] GC(703) Survivor regions: 33->9(29)
[298.313s][info][gc,heap        ] GC(703) Old regions: 597->630
[298.313s][info][gc,heap        ] GC(703) Humongous regions: 4->4
[298.313s][info][gc,metaspace   ] GC(703) Metaspace: 18852K(19072K)->18852K(19072K) NonClass: 16191K(16320K)->16191K(16320K) Class: 2661K(2752K)->2661K(2752K)
[298.313s][info][gc             ] GC(703) Pause Young (Concurrent Start) (G1 Humongous Allocation) 802M->642M(978M) 52.454ms
[298.313s][info][gc,cpu         ] GC(703) User=0.10s Sys=0.00s Real=0.05s
[298.313s][info][gc             ] GC(704) Concurrent Mark Cycle
[298.313s][info][gc,marking     ] GC(704) Concurrent Scan Root Regions
[298.374s][info][gc,marking     ] GC(704) Concurrent Scan Root Regions 60.990ms
[298.374s][info][gc,marking     ] GC(704) Concurrent Mark
[298.374s][info][gc,marking     ] GC(704) Concurrent Mark From Roots
[298.374s][info][gc,task        ] GC(704) Using 1 workers of 1 for marking
[298.664s][info][gc,start       ] GC(705) Pause Young (Normal) (G1 Evacuation Pause)
[298.664s][info][gc,task        ] GC(705) Using 2 workers of 2 for evacuation
[298.762s][info][gc,phases      ] GC(705)   Pre Evacuate Collection Set: 0.29ms
[298.762s][info][gc,phases      ] GC(705)   Merge Heap Roots: 0.51ms
[298.762s][info][gc,phases      ] GC(705)   Evacuate Collection Set: 96.42ms
[298.762s][info][gc,phases      ] GC(705)   Post Evacuate Collection Set: 0.65ms
[298.762s][info][gc,phases      ] GC(705)   Other: 0.08ms
[298.762s][info][gc,heap        ] GC(705) Eden regions: 209->0(166)
[298.762s][info][gc,heap        ] GC(705) Survivor regions: 9->28(28)
[298.762s][info][gc,heap        ] GC(705) Old regions: 630->668
[298.762s][info][gc,heap        ] GC(705) Humongous regions: 10->10
[298.762s][info][gc,metaspace   ] GC(705) Metaspace: 18852K(19072K)->18852K(19072K) NonClass: 16191K(16320K)->16191K(16320K) Class: 2661K(2752K)->2661K(2752K)
[298.762s][info][gc             ] GC(705) Pause Young (Normal) (G1 Evacuation Pause) 857M->705M(978M) 98.206ms
[298.762s][info][gc,cpu         ] GC(705) User=0.20s Sys=0.00s Real=0.10s
[298.969s][info][gc,start       ] GC(706) Pause Young (Normal) (G1 Evacuation Pause)
[298.969s][info][gc,task        ] GC(706) Using 2 workers of 2 for evacuation
[299.049s][info][gc,phases      ] GC(706)   Pre Evacuate Collection Set: 0.28ms
[299.049s][info][gc,phases      ] GC(706)   Merge Heap Roots: 0.52ms
[299.049s][info][gc,phases      ] GC(706)   Evacuate Collection Set: 78.46ms
[299.049s][info][gc,phases      ] GC(706)   Post Evacuate Collection Set: 0.41ms
[299.049s][info][gc,phases      ] GC(706)   Other: 0.09ms
[299.049s][info][gc,heap        ] GC(706) Eden regions: 166->0(152)
[299.049s][info][gc,heap        ] GC(706) Survivor regions: 28->25(25)
[299.049s][info][gc,heap        ] GC(706) Old regions: 668->699
[299.049s][info][gc,heap        ] GC(706) Humongous regions: 10->10
[299.049s][info][gc,metaspace   ] GC(706) Metaspace: 18852K(19072K)->18852K(19072K) NonClass: 16191K(16320K)->16191K(16320K) Class: 2661K(2752K)->2661K(2752K)
[299.049s][info][gc             ] GC(706) Pause Young (Normal) (G1 Evacuation Pause) 871M->733M(978M) 80.010ms
[299.049s][info][gc,cpu         ] GC(706) User=0.16s Sys=0.00s Real=0.08s
[299.142s][info][gc,marking     ] GC(704) Concurrent Mark From Roots 767.652ms
[299.142s][info][gc,marking     ] GC(704) Concurrent Preclean
[299.142s][info][gc,marking     ] GC(704) Concurrent Preclean 0.039ms
[299.142s][info][gc,start       ] GC(704) Pause Remark
[299.150s][info][gc             ] GC(704) Pause Remark 817M->548M(978M) 7.674ms
[299.150s][info][gc,cpu         ] GC(704) User=0.01s Sys=0.00s Real=0.01s
[299.150s][info][gc,marking     ] GC(704) Concurrent Mark 775.679ms
[299.150s][info][gc,marking     ] GC(704) Concurrent Rebuild Remembered Sets and Scrub Regions
[299.221s][info][gc,start       ] GC(707) Pause Young (Normal) (G1 Evacuation Pause)
[299.221s][info][gc,task        ] GC(707) Using 2 workers of 2 for evacuation
[299.254s][info][gc,phases      ] GC(707)   Pre Evacuate Collection Set: 0.23ms
[299.254s][info][gc,phases      ] GC(707)   Merge Heap Roots: 0.19ms
[299.254s][info][gc,phases      ] GC(707)   Evacuate Collection Set: 32.31ms
[299.254s][info][gc,phases      ] GC(707)   Post Evacuate Collection Set: 0.35ms
[299.254s][info][gc,phases      ] GC(707)   Other: 0.09ms
[299.254s][info][gc,heap        ] GC(707) Eden regions: 152->0(305)
[299.254s][info][gc,heap        ] GC(707) Survivor regions: 25->5(23)
[299.254s][info][gc,heap        ] GC(707) Old regions: 433->458
[299.254s][info][gc,heap        ] GC(707) Humongous regions: 7->7
[299.254s][info][gc,metaspace   ] GC(707) Metaspace: 18852K(19072K)->18852K(19072K) NonClass: 16191K(16320K)->16191K(16320K) Class: 2661K(2752K)->2661K(2752K)
[299.254s][info][gc             ] GC(707) Pause Young (Normal) (G1 Evacuation Pause) 616M->469M(978M) 33.389ms
[299.254s][info][gc,cpu         ] GC(707) User=0.07s Sys=0.00s Real=0.03s
[299.431s][info][gc,marking     ] GC(704) Concurrent Rebuild Remembered Sets and Scrub Regions 280.991ms
[299.431s][info][gc,start       ] GC(704) Pause Cleanup
[299.431s][info][gc             ] GC(704) Pause Cleanup 630M->630M(978M) 0.152ms
[299.431s][info][gc,cpu         ] GC(704) User=0.00s Sys=0.00s Real=0.00s
[299.432s][info][gc,marking     ] GC(704) Concurrent Clear Claimed Marks
[299.432s][info][gc,marking     ] GC(704) Concurrent Clear Claimed Marks 0.052ms
[299.432s][info][gc,marking     ] GC(704) Concurrent Cleanup for Next Mark
[299.439s][info][gc,marking     ] GC(704) Concurrent Cleanup for Next Mark 7.127ms
[299.439s][info][gc             ] GC(704) Concurrent Mark Cycle 1125.943ms
[299.539s][info][gc,start       ] GC(708) Pause Young (Prepare Mixed) (G1 Evacuation Pause)
[299.539s][info][gc,task        ] GC(708) Using 2 workers of 2 for evacuation
[299.563s][info][gc,phases      ] GC(708)   Pre Evacuate Collection Set: 0.53ms
[299.563s][info][gc,phases      ] GC(708)   Merge Heap Roots: 0.31ms
[299.563s][info][gc,phases      ] GC(708)   Evacuate Collection Set: 22.81ms
[299.563s][info][gc,phases      ] GC(708)   Post Evacuate Collection Set: 0.51ms
[299.563s][info][gc,phases      ] GC(708)   Other: 0.10ms
[299.563s][info][gc,heap        ] GC(708) Eden regions: 305->0(324)
[299.563s][info][gc,heap        ] GC(708) Survivor regions: 5->12(39)
[299.563s][info][gc,heap        ] GC(708) Old regions: 458->458
[299.564s][info][gc,heap        ] GC(708) Humongous regions: 7->7
[299.564s][info][gc,metaspace   ] GC(708) Metaspace: 18852K(19072K)->18852K(19072K) NonClass: 16191K(16320K)->16191K(16320K) Class: 2661K(2752K)->2661K(2752K)
[299.564s][info][gc             ] GC(708) Pause Young (Prepare Mixed) (G1 Evacuation Pause) 774M->476M(978M) 24.498ms
[299.564s][info][gc,cpu         ] GC(708) User=0.05s Sys=0.00s Real=0.02s
[300.074s][info][gc,start       ] GC(709) Pause Young (Mixed) (G1 Evacuation Pause)
[300.074s][info][gc,task        ] GC(709) Using 2 workers of 2 for evacuation
[300.140s][info][gc,phases      ] GC(709)   Pre Evacuate Collection Set: 0.34ms
[300.140s][info][gc,phases      ] GC(709)   Merge Heap Roots: 0.39ms
[300.140s][info][gc,phases      ] GC(709)   Evacuate Collection Set: 64.03ms
[300.140s][info][gc,phases      ] GC(709)   Post Evacuate Collection Set: 0.63ms
[300.140s][info][gc,phases      ] GC(709)   Other: 0.08ms
[300.140s][info][gc,heap        ] GC(709) Eden regions: 324->0(347)
[300.140s][info][gc,heap        ] GC(709) Survivor regions: 12->42(42)
[300.140s][info][gc,heap        ] GC(709) Old regions: 458->404
[300.140s][info][gc,heap        ] GC(709) Humongous regions: 7->7
[300.140s][info][gc,metaspace   ] GC(709) Metaspace: 18852K(19072K)->18852K(19072K) NonClass: 16191K(16320K)->16191K(16320K) Class: 2661K(2752K)->2661K(2752K)
[300.140s][info][gc             ] GC(709) Pause Young (Mixed) (G1 Evacuation Pause) 800M->452M(978M) 65.707ms
[300.140s][info][gc,cpu         ] GC(709) User=0.13s Sys=0.00s Real=0.07s
[300.927s][info][gc,start       ] GC(710) Pause Young (Concurrent Start) (G1 Evacuation Pause)
[300.927s][info][gc,task        ] GC(710) Using 2 workers of 2 for evacuation
[300.974s][info][gc,phases      ] GC(710)   Pre Evacuate Collection Set: 0.35ms
[300.974s][info][gc,phases      ] GC(710)   Merge Heap Roots: 0.28ms
[300.974s][info][gc,phases      ] GC(710)   Evacuate Collection Set: 45.85ms
[300.974s][info][gc,phases      ] GC(710)   Post Evacuate Collection Set: 0.55ms
[300.974s][info][gc,phases      ] GC(710)   Other: 0.13ms
[300.974s][info][gc,heap        ] GC(710) Eden regions: 347->0(372)
[300.974s][info][gc,heap        ] GC(710) Survivor regions: 42->1(49)
[300.974s][info][gc,heap        ] GC(710) Old regions: 404->447
[300.974s][info][gc,heap        ] GC(710) Humongous regions: 7->7
[300.974s][info][gc,metaspace   ] GC(710) Metaspace: 18852K(19072K)->18852K(19072K) NonClass: 16191K(16320K)->16191K(16320K) Class: 2661K(2752K)->2661K(2752K)
[300.974s][info][gc             ] GC(710) Pause Young (Concurrent Start) (G1 Evacuation Pause) 799M->454M(978M) 47.399ms
[300.974s][info][gc             ] GC(711) Concurrent Mark Cycle
[300.974s][info][gc,marking     ] GC(711) Concurrent Scan Root Regions
[300.974s][info][gc,cpu         ] GC(710) User=0.10s Sys=0.01s Real=0.04s
[301.013s][info][gc,marking     ] GC(711) Concurrent Scan Root Regions 39.332ms
[301.013s][info][gc,marking     ] GC(711) Concurrent Mark
[301.013s][info][gc,marking     ] GC(711) Concurrent Mark From Roots
[301.013s][info][gc,task        ] GC(711) Using 1 workers of 1 for marking
[301.739s][info][gc,marking     ] GC(711) Concurrent Mark From Roots 725.885ms
[301.739s][info][gc,marking     ] GC(711) Concurrent Preclean
[301.739s][info][gc,marking     ] GC(711) Concurrent Preclean 0.042ms
[301.740s][info][gc,start       ] GC(711) Pause Remark
[301.747s][info][gc             ] GC(711) Pause Remark 666M->584M(978M) 7.647ms
[301.747s][info][gc,cpu         ] GC(711) User=0.01s Sys=0.00s Real=0.01s
[301.747s][info][gc,marking     ] GC(711) Concurrent Mark 733.918ms
[301.747s][info][gc,marking     ] GC(711) Concurrent Rebuild Remembered Sets and Scrub Regions
[302.074s][info][gc,start       ] GC(712) Pause Young (Normal) (G1 Evacuation Pause)
[302.075s][info][gc,task        ] GC(712) Using 2 workers of 2 for evacuation
[302.118s][info][gc,phases      ] GC(712)   Pre Evacuate Collection Set: 0.48ms
[302.118s][info][gc,phases      ] GC(712)   Merge Heap Roots: 0.44ms
[302.118s][info][gc,phases      ] GC(712)   Evacuate Collection Set: 41.67ms
[302.118s][info][gc,phases      ] GC(712)   Post Evacuate Collection Set: 0.60ms
[302.118s][info][gc,phases      ] GC(712)   Other: 0.11ms
[302.118s][info][gc,heap        ] GC(712) Eden regions: 372->0(410)
[302.118s][info][gc,heap        ] GC(712) Survivor regions: 1->34(47)
[302.118s][info][gc,heap        ] GC(712) Old regions: 368->368
[302.118s][info][gc,heap        ] GC(712) Humongous regions: 4->4
[302.118s][info][gc,metaspace   ] GC(712) Metaspace: 18852K(19072K)->18852K(19072K) NonClass: 16191K(16320K)->16191K(16320K) Class: 2661K(2752K)->2661K(2752K)
[302.118s][info][gc             ] GC(712) Pause Young (Normal) (G1 Evacuation Pause) 744M->404M(978M) 43.541ms
[302.118s][info][gc,cpu         ] GC(712) User=0.09s Sys=0.01s Real=0.05s
[302.200s][info][gc,marking     ] GC(711) Concurrent Rebuild Remembered Sets and Scrub Regions 452.966ms
[302.200s][info][gc,start       ] GC(711) Pause Cleanup
[302.201s][info][gc             ] GC(711) Pause Cleanup 511M->511M(978M) 0.110ms
[302.201s][info][gc,cpu         ] GC(711) User=0.00s Sys=0.00s Real=0.00s
[302.201s][info][gc,marking     ] GC(711) Concurrent Clear Claimed Marks
[302.201s][info][gc,marking     ] GC(711) Concurrent Clear Claimed Marks 0.033ms
[302.201s][info][gc,marking     ] GC(711) Concurrent Cleanup for Next Mark
[302.204s][info][gc,marking     ] GC(711) Concurrent Cleanup for Next Mark 2.815ms
[302.204s][info][gc             ] GC(711) Concurrent Mark Cycle 1230.215ms
[302.493s][info][gc,start       ] GC(713) Pause Young (Prepare Mixed) (G1 Evacuation Pause)
[302.494s][info][gc,task        ] GC(713) Using 2 workers of 2 for evacuation
[302.601s][info][gc,phases      ] GC(713)   Pre Evacuate Collection Set: 0.46ms
[302.601s][info][gc,phases      ] GC(713)   Merge Heap Roots: 0.22ms
[302.601s][info][gc,phases      ] GC(713)   Evacuate Collection Set: 105.75ms
[302.601s][info][gc,phases      ] GC(713)   Post Evacuate Collection Set: 0.84ms
[302.601s][info][gc,phases      ] GC(713)   Other: 0.09ms
[302.601s][info][gc,heap        ] GC(713) Eden regions: 410->0(339)
[302.601s][info][gc,heap        ] GC(713) Survivor regions: 34->56(56)
[302.601s][info][gc,heap        ] GC(713) Old regions: 368->429
[302.601s][info][gc,heap        ] GC(713) Humongous regions: 4->4
[302.601s][info][gc,metaspace   ] GC(713) Metaspace: 18853K(19072K)->18853K(19072K) NonClass: 16192K(16320K)->16192K(16320K) Class: 2661K(2752K)->2661K(2752K)
[302.601s][info][gc             ] GC(713) Pause Young (Prepare Mixed) (G1 Evacuation Pause) 814M->488M(978M) 107.603ms
[302.601s][info][gc,cpu         ] GC(713) User=0.22s Sys=0.00s Real=0.11s
[302.879s][info][gc,start       ] GC(714) Pause Young (Mixed) (G1 Evacuation Pause)
[302.880s][info][gc,task        ] GC(714) Using 2 workers of 2 for evacuation
[303.010s][info][gc,phases      ] GC(714)   Pre Evacuate Collection Set: 0.32ms
[303.010s][info][gc,phases      ] GC(714)   Merge Heap Roots: 0.76ms
[303.010s][info][gc,phases      ] GC(714)   Evacuate Collection Set: 128.29ms
[303.010s][info][gc,phases      ] GC(714)   Post Evacuate Collection Set: 0.67ms
[303.010s][info][gc,phases      ] GC(714)   Other: 0.09ms
[303.010s][info][gc,heap        ] GC(714) Eden regions: 339->0(324)
[303.010s][info][gc,heap        ] GC(714) Survivor regions: 56->47(50)
[303.010s][info][gc,heap        ] GC(714) Old regions: 429->458
[303.010s][info][gc,heap        ] GC(714) Humongous regions: 8->8
[303.010s][info][gc,metaspace   ] GC(714) Metaspace: 18853K(19072K)->18853K(19072K) NonClass: 16192K(16320K)->16192K(16320K) Class: 2661K(2752K)->2661K(2752K)
[303.010s][info][gc             ] GC(714) Pause Young (Mixed) (G1 Evacuation Pause) 831M->512M(978M) 130.438ms
[303.010s][info][gc,cpu         ] GC(714) User=0.26s Sys=0.00s Real=0.13s
[303.233s][info][gc,start       ] GC(715) Pause Young (Concurrent Start) (G1 Evacuation Pause)
[303.233s][info][gc,task        ] GC(715) Using 2 workers of 2 for evacuation
[303.326s][info][gc,phases      ] GC(715)   Pre Evacuate Collection Set: 0.30ms
[303.326s][info][gc,phases      ] GC(715)   Merge Heap Roots: 0.21ms
[303.326s][info][gc,phases      ] GC(715)   Evacuate Collection Set: 91.11ms
[303.326s][info][gc,phases      ] GC(715)   Post Evacuate Collection Set: 0.61ms
[303.326s][info][gc,phases      ] GC(715)   Other: 0.13ms
[303.326s][info][gc,heap        ] GC(715) Eden regions: 324->0(309)
[303.326s][info][gc,heap        ] GC(715) Survivor regions: 47->33(47)
[303.326s][info][gc,heap        ] GC(715) Old regions: 458->505
[303.326s][info][gc,heap        ] GC(715) Humongous regions: 8->8
[303.326s][info][gc,metaspace   ] GC(715) Metaspace: 18854K(19072K)->18854K(19072K) NonClass: 16193K(16320K)->16193K(16320K) Class: 2661K(2752K)->2661K(2752K)
[303.326s][info][gc             ] GC(715) Pause Young (Concurrent Start) (G1 Evacuation Pause) 836M->545M(978M) 92.628ms
[303.326s][info][gc,cpu         ] GC(715) User=0.18s Sys=0.00s Real=0.09s
[303.326s][info][gc             ] GC(716) Concurrent Mark Cycle
[303.326s][info][gc,marking     ] GC(716) Concurrent Scan Root Regions
[303.483s][info][gc,marking     ] GC(716) Concurrent Scan Root Regions 157.430ms
[303.483s][info][gc,marking     ] GC(716) Concurrent Mark
[303.483s][info][gc,marking     ] GC(716) Concurrent Mark From Roots
[303.483s][info][gc,task        ] GC(716) Using 1 workers of 1 for marking
[303.778s][info][gc,start       ] GC(717) Pause Young (Normal) (G1 Evacuation Pause)
[303.778s][info][gc,task        ] GC(717) Using 2 workers of 2 for evacuation
[303.829s][info][gc,phases      ] GC(717)   Pre Evacuate Collection Set: 0.30ms
[303.829s][info][gc,phases      ] GC(717)   Merge Heap Roots: 0.28ms
[303.829s][info][gc,phases      ] GC(717)   Evacuate Collection Set: 50.14ms
[303.829s][info][gc,phases      ] GC(717)   Post Evacuate Collection Set: 0.53ms
[303.829s][info][gc,phases      ] GC(717)   Other: 0.08ms
[303.829s][info][gc,heap        ] GC(717) Eden regions: 309->0(311)
[303.829s][info][gc,heap        ] GC(717) Survivor regions: 33->13(43)
[303.829s][info][gc,heap        ] GC(717) Old regions: 505->538
[303.829s][info][gc,heap        ] GC(717) Humongous regions: 8->8
[303.829s][info][gc,metaspace   ] GC(717) Metaspace: 18856K(19072K)->18856K(19072K) NonClass: 16194K(16320K)->16194K(16320K) Class: 2661K(2752K)->2661K(2752K)
[303.830s][info][gc             ] GC(717) Pause Young (Normal) (G1 Evacuation Pause) 854M->557M(978M) 51.569ms
[303.830s][info][gc,cpu         ] GC(717) User=0.10s Sys=0.00s Real=0.05s
[304.238s][info][gc,marking     ] GC(716) Concurrent Mark From Roots 754.148ms
[304.238s][info][gc,marking     ] GC(716) Concurrent Preclean
[304.238s][info][gc,marking     ] GC(716) Concurrent Preclean 0.043ms
[304.238s][info][gc,start       ] GC(716) Pause Remark
[304.245s][info][gc             ] GC(716) Pause Remark 756M->667M(978M) 7.543ms
[304.245s][info][gc,cpu         ] GC(716) User=0.01s Sys=0.00s Real=0.00s
[304.245s][info][gc,marking     ] GC(716) Concurrent Mark 762.091ms
[304.245s][info][gc,marking     ] GC(716) Concurrent Rebuild Remembered Sets and Scrub Regions
[304.499s][info][gc,start       ] GC(718) Pause Young (Normal) (G1 Evacuation Pause)
[304.499s][info][gc,task        ] GC(718) Using 2 workers of 2 for evacuation
[304.565s][info][gc,phases      ] GC(718)   Pre Evacuate Collection Set: 0.47ms
[304.565s][info][gc,phases      ] GC(718)   Merge Heap Roots: 0.51ms
[304.565s][info][gc,phases      ] GC(718)   Evacuate Collection Set: 64.23ms
[304.565s][info][gc,phases      ] GC(718)   Post Evacuate Collection Set: 0.60ms
[304.565s][info][gc,phases      ] GC(718)   Other: 0.09ms
[304.565s][info][gc,heap        ] GC(718) Eden regions: 311->0(332)
[304.566s][info][gc,heap        ] GC(718) Survivor regions: 13->41(41)
[304.566s][info][gc,heap        ] GC(718) Old regions: 452->464
[304.566s][info][gc,heap        ] GC(718) Humongous regions: 5->5
[304.566s][info][gc,metaspace   ] GC(718) Metaspace: 18867K(19072K)->18867K(19072K) NonClass: 16205K(16320K)->16205K(16320K) Class: 2661K(2752K)->2661K(2752K)
[304.566s][info][gc             ] GC(718) Pause Young (Normal) (G1 Evacuation Pause) 779M->509M(978M) 66.151ms
[304.566s][info][gc,cpu         ] GC(718) User=0.13s Sys=0.00s Real=0.06s
[304.721s][info][gc,marking     ] GC(716) Concurrent Rebuild Remembered Sets and Scrub Regions 475.793ms
[304.721s][info][gc,start       ] GC(716) Pause Cleanup
[304.722s][info][gc             ] GC(716) Pause Cleanup 578M->578M(978M) 0.145ms
[304.722s][info][gc,cpu         ] GC(716) User=0.00s Sys=0.00s Real=0.00s
[304.722s][info][gc,marking     ] GC(716) Concurrent Clear Claimed Marks
[304.722s][info][gc,marking     ] GC(716) Concurrent Clear Claimed Marks 0.030ms
[304.722s][info][gc,marking     ] GC(716) Concurrent Cleanup for Next Mark
[304.725s][info][gc,marking     ] GC(716) Concurrent Cleanup for Next Mark 2.825ms
[304.725s][info][gc             ] GC(716) Concurrent Mark Cycle 1398.745ms
[305.026s][info][gc,start       ] GC(719) Pause Young (Prepare Mixed) (G1 Evacuation Pause)
[305.026s][info][gc,task        ] GC(719) Using 2 workers of 2 for evacuation
[305.132s][info][gc,phases      ] GC(719)   Pre Evacuate Collection Set: 0.30ms
[305.132s][info][gc,phases      ] GC(719)   Merge Heap Roots: 0.34ms
[305.132s][info][gc,phases      ] GC(719)   Evacuate Collection Set: 104.50ms
[305.132s][info][gc,phases      ] GC(719)   Post Evacuate Collection Set: 0.81ms
[305.132s][info][gc,phases      ] GC(719)   Other: 0.08ms
[305.132s][info][gc,heap        ] GC(719) Eden regions: 332->0(259)
[305.132s][info][gc,heap        ] GC(719) Survivor regions: 41->47(47)
[305.132s][info][gc,heap        ] GC(719) Old regions: 464->534
[305.132s][info][gc,heap        ] GC(719) Humongous regions: 5->5
[305.132s][info][gc,metaspace   ] GC(719) Metaspace: 18869K(19072K)->18869K(19072K) NonClass: 16208K(16320K)->16208K(16320K) Class: 2661K(2752K)->2661K(2752K)
[305.132s][info][gc             ] GC(719) Pause Young (Prepare Mixed) (G1 Evacuation Pause) 841M->585M(978M) 106.263ms
[305.132s][info][gc,cpu         ] GC(719) User=0.21s Sys=0.00s Real=0.11s
[305.467s][info][gc,start       ] GC(720) Pause Young (Mixed) (G1 Evacuation Pause)
[305.467s][info][gc,task        ] GC(720) Using 2 workers of 2 for evacuation
[305.604s][info][gc,phases      ] GC(720)   Pre Evacuate Collection Set: 0.34ms
[305.604s][info][gc,phases      ] GC(720)   Merge Heap Roots: 0.73ms
[305.604s][info][gc,phases      ] GC(720)   Evacuate Collection Set: 135.30ms
[305.604s][info][gc,phases      ] GC(720)   Post Evacuate Collection Set: 0.80ms
[305.604s][info][gc,phases      ] GC(720)   Other: 0.09ms
[305.604s][info][gc,heap        ] GC(720) Eden regions: 259->0(277)
[305.604s][info][gc,heap        ] GC(720) Survivor regions: 47->39(39)
[305.604s][info][gc,heap        ] GC(720) Old regions: 534->513
[305.604s][info][gc,heap        ] GC(720) Humongous regions: 8->8
[305.604s][info][gc,metaspace   ] GC(720) Metaspace: 18869K(19072K)->18869K(19072K) NonClass: 16208K(16320K)->16208K(16320K) Class: 2661K(2752K)->2661K(2752K)
[305.604s][info][gc             ] GC(720) Pause Young (Mixed) (G1 Evacuation Pause) 847M->559M(978M) 137.544ms
[305.604s][info][gc,cpu         ] GC(720) User=0.27s Sys=0.00s Real=0.13s
[305.886s][info][gc,start       ] GC(721) Pause Young (Mixed) (G1 Evacuation Pause)
[305.886s][info][gc,task        ] GC(721) Using 2 workers of 2 for evacuation
[306.014s][info][gc,phases      ] GC(721)   Pre Evacuate Collection Set: 0.31ms
[306.014s][info][gc,phases      ] GC(721)   Merge Heap Roots: 1.12ms
[306.014s][info][gc,phases      ] GC(721)   Evacuate Collection Set: 125.52ms
[306.014s][info][gc,phases      ] GC(721)   Post Evacuate Collection Set: 0.54ms
[306.014s][info][gc,phases      ] GC(721)   Other: 0.12ms
[306.014s][info][gc,heap        ] GC(721) Eden regions: 277->0(274)
[306.014s][info][gc,heap        ] GC(721) Survivor regions: 39->20(40)
[306.014s][info][gc,heap        ] GC(721) Old regions: 513->551
[306.014s][info][gc,heap        ] GC(721) Humongous regions: 8->8
[306.014s][info][gc,metaspace   ] GC(721) Metaspace: 18869K(19072K)->18869K(19072K) NonClass: 16208K(16320K)->16208K(16320K) Class: 2661K(2752K)->2661K(2752K)
[306.014s][info][gc             ] GC(721) Pause Young (Mixed) (G1 Evacuation Pause) 836M->578M(978M) 127.872ms
[306.014s][info][gc,cpu         ] GC(721) User=0.25s Sys=0.00s Real=0.13s
[306.340s][info][gc,start       ] GC(722) Pause Young (Concurrent Start) (G1 Evacuation Pause)
[306.340s][info][gc,task        ] GC(722) Using 2 workers of 2 for evacuation
[306.386s][info][gc,phases      ] GC(722)   Pre Evacuate Collection Set: 0.38ms
[306.386s][info][gc,phases      ] GC(722)   Merge Heap Roots: 0.28ms
[306.386s][info][gc,phases      ] GC(722)   Evacuate Collection Set: 44.77ms
[306.386s][info][gc,phases      ] GC(722)   Post Evacuate Collection Set: 0.52ms
[306.386s][info][gc,phases      ] GC(722)   Other: 0.13ms
[306.386s][info][gc,heap        ] GC(722) Eden regions: 274->0(277)
[306.386s][info][gc,heap        ] GC(722) Survivor regions: 20->13(37)
[306.386s][info][gc,heap        ] GC(722) Old regions: 551->571
[306.386s][info][gc,heap        ] GC(722) Humongous regions: 8->8
[306.386s][info][gc,metaspace   ] GC(722) Metaspace: 18871K(19072K)->18871K(19072K) NonClass: 16210K(16320K)->16210K(16320K) Class: 2661K(2752K)->2661K(2752K)
[306.386s][info][gc             ] GC(722) Pause Young (Concurrent Start) (G1 Evacuation Pause) 852M->591M(978M) 46.326ms
[306.386s][info][gc,cpu         ] GC(722) User=0.09s Sys=0.00s Real=0.04s
[306.386s][info][gc             ] GC(723) Concurrent Mark Cycle
[306.386s][info][gc,marking     ] GC(723) Concurrent Scan Root Regions
[306.449s][info][gc,marking     ] GC(723) Concurrent Scan Root Regions 62.926ms
[306.449s][info][gc,marking     ] GC(723) Concurrent Mark
[306.449s][info][gc,marking     ] GC(723) Concurrent Mark From Roots
[306.449s][info][gc,task        ] GC(723) Using 1 workers of 1 for marking
[307.299s][info][gc,start       ] GC(724) Pause Young (Normal) (G1 Evacuation Pause)
[307.299s][info][gc,task        ] GC(724) Using 2 workers of 2 for evacuation
[307.372s][info][gc,phases      ] GC(724)   Pre Evacuate Collection Set: 0.28ms
[307.372s][info][gc,phases      ] GC(724)   Merge Heap Roots: 0.51ms
[307.372s][info][gc,phases      ] GC(724)   Evacuate Collection Set: 71.89ms
[307.372s][info][gc,phases      ] GC(724)   Post Evacuate Collection Set: 0.63ms
[307.372s][info][gc,phases      ] GC(724)   Other: 0.09ms
[307.372s][info][gc,heap        ] GC(724) Eden regions: 277->0(233)
[307.373s][info][gc,heap        ] GC(724) Survivor regions: 13->37(37)
[307.373s][info][gc,heap        ] GC(724) Old regions: 571->593
[307.373s][info][gc,heap        ] GC(724) Humongous regions: 8->8
[307.373s][info][gc,metaspace   ] GC(724) Metaspace: 18871K(19072K)->18871K(19072K) NonClass: 16210K(16320K)->16210K(16320K) Class: 2661K(2752K)->2661K(2752K)
[307.373s][info][gc             ] GC(724) Pause Young (Normal) (G1 Evacuation Pause) 868M->637M(978M) 73.699ms
[307.373s][info][gc,cpu         ] GC(724) User=0.15s Sys=0.00s Real=0.07s
[307.769s][info][gc,marking     ] GC(723) Concurrent Mark From Roots 1319.565ms
[307.769s][info][gc,marking     ] GC(723) Concurrent Preclean
[307.769s][info][gc,marking     ] GC(723) Concurrent Preclean 0.039ms
[307.769s][info][gc,start       ] GC(723) Pause Remark
[307.777s][info][gc             ] GC(723) Pause Remark 821M->796M(978M) 7.879ms
[307.777s][info][gc,cpu         ] GC(723) User=0.02s Sys=0.00s Real=0.01s
[307.777s][info][gc,marking     ] GC(723) Concurrent Mark 1327.845ms
[307.777s][info][gc,marking     ] GC(723) Concurrent Rebuild Remembered Sets and Scrub Regions
[307.829s][info][gc,start       ] GC(725) Pause Young (Normal) (G1 Evacuation Pause)
[307.829s][info][gc,task        ] GC(725) Using 2 workers of 2 for evacuation
[307.917s][info][gc,phases      ] GC(725)   Pre Evacuate Collection Set: 0.27ms
[307.917s][info][gc,phases      ] GC(725)   Merge Heap Roots: 0.41ms
[307.917s][info][gc,phases      ] GC(725)   Evacuate Collection Set: 86.51ms
[307.917s][info][gc,phases      ] GC(725)   Post Evacuate Collection Set: 0.61ms
[307.917s][info][gc,phases      ] GC(725)   Other: 0.10ms
[307.917s][info][gc,heap        ] GC(725) Eden regions: 233->0(210)
[307.917s][info][gc,heap        ] GC(725) Survivor regions: 37->34(34)
[307.917s][info][gc,heap        ] GC(725) Old regions: 570->623
[307.917s][info][gc,heap        ] GC(725) Humongous regions: 6->6
[307.917s][info][gc,metaspace   ] GC(725) Metaspace: 18871K(19072K)->18871K(19072K) NonClass: 16210K(16320K)->16210K(16320K) Class: 2661K(2752K)->2661K(2752K)
[307.917s][info][gc             ] GC(725) Pause Young (Normal) (G1 Evacuation Pause) 845M->662M(978M) 88.150ms
[307.917s][info][gc,cpu         ] GC(725) User=0.17s Sys=0.00s Real=0.09s
[308.293s][info][gc,start       ] GC(726) Pause Young (Normal) (G1 Evacuation Pause)
[308.293s][info][gc,task        ] GC(726) Using 2 workers of 2 for evacuation
[308.386s][info][gc,phases      ] GC(726)   Pre Evacuate Collection Set: 0.27ms
[308.386s][info][gc,phases      ] GC(726)   Merge Heap Roots: 0.39ms
[308.386s][info][gc,phases      ] GC(726)   Evacuate Collection Set: 92.18ms
[308.386s][info][gc,phases      ] GC(726)   Post Evacuate Collection Set: 0.54ms
[308.386s][info][gc,phases      ] GC(726)   Other: 0.11ms
[308.386s][info][gc,heap        ] GC(726) Eden regions: 210->0(173)
[308.386s][info][gc,heap        ] GC(726) Survivor regions: 34->31(31)
[308.386s][info][gc,heap        ] GC(726) Old regions: 623->667
[308.386s][info][gc,heap        ] GC(726) Humongous regions: 9->9
[308.386s][info][gc,metaspace   ] GC(726) Metaspace: 18871K(19072K)->18871K(19072K) NonClass: 16210K(16320K)->16210K(16320K) Class: 2661K(2752K)->2661K(2752K)
[308.386s][info][gc             ] GC(726) Pause Young (Normal) (G1 Evacuation Pause) 875M->706M(978M) 93.782ms
[308.386s][info][gc,cpu         ] GC(726) User=0.18s Sys=0.00s Real=0.10s
[308.540s][info][gc,marking     ] GC(723) Concurrent Rebuild Remembered Sets and Scrub Regions 762.687ms
[308.540s][info][gc,start       ] GC(723) Pause Cleanup
[308.540s][info][gc             ] GC(723) Pause Cleanup 797M->797M(978M) 0.140ms
[308.540s][info][gc,cpu         ] GC(723) User=0.00s Sys=0.00s Real=0.00s
[308.540s][info][gc,marking     ] GC(723) Concurrent Clear Claimed Marks
[308.540s][info][gc,marking     ] GC(723) Concurrent Clear Claimed Marks 0.036ms
[308.540s][info][gc,marking     ] GC(723) Concurrent Cleanup for Next Mark
[308.545s][info][gc,marking     ] GC(723) Concurrent Cleanup for Next Mark 4.839ms
[308.545s][info][gc             ] GC(723) Concurrent Mark Cycle 2159.047ms
[308.601s][info][gc,start       ] GC(727) Pause Young (Prepare Mixed) (G1 Evacuation Pause)
[308.601s][info][gc,task        ] GC(727) Using 2 workers of 2 for evacuation
[308.659s][info][gc,phases      ] GC(727)   Pre Evacuate Collection Set: 0.50ms
[308.660s][info][gc,phases      ] GC(727)   Merge Heap Roots: 0.34ms
[308.660s][info][gc,phases      ] GC(727)   Evacuate Collection Set: 57.03ms
[308.660s][info][gc,phases      ] GC(727)   Post Evacuate Collection Set: 0.43ms
[308.660s][info][gc,phases      ] GC(727)   Other: 0.07ms
[308.660s][info][gc,heap        ] GC(727) Eden regions: 173->0(170)
[308.660s][info][gc,heap        ] GC(727) Survivor regions: 31->15(26)
[308.660s][info][gc,heap        ] GC(727) Old regions: 667->699
[308.660s][info][gc,heap        ] GC(727) Humongous regions: 9->9
[308.660s][info][gc,metaspace   ] GC(727) Metaspace: 18871K(19072K)->18871K(19072K) NonClass: 16210K(16320K)->16210K(16320K) Class: 2661K(2752K)->2661K(2752K)
[308.660s][info][gc             ] GC(727) Pause Young (Prepare Mixed) (G1 Evacuation Pause) 879M->721M(978M) 58.587ms
[308.660s][info][gc,cpu         ] GC(727) User=0.11s Sys=0.00s Real=0.06s
[308.837s][info][gc,start       ] GC(728) Pause Young (Mixed) (G1 Evacuation Pause)
[308.837s][info][gc,task        ] GC(728) Using 2 workers of 2 for evacuation
[308.906s][info][gc,phases      ] GC(728)   Pre Evacuate Collection Set: 0.51ms
[308.906s][info][gc,phases      ] GC(728)   Merge Heap Roots: 0.91ms
[308.906s][info][gc,phases      ] GC(728)   Evacuate Collection Set: 66.47ms
[308.906s][info][gc,phases      ] GC(728)   Post Evacuate Collection Set: 0.60ms
[308.906s][info][gc,phases      ] GC(728)   Other: 0.08ms
[308.906s][info][gc,heap        ] GC(728) Eden regions: 170->0(213)
[308.906s][info][gc,heap        ] GC(728) Survivor regions: 15->3(24)
[308.906s][info][gc,heap        ] GC(728) Old regions: 699->667
[308.906s][info][gc,heap        ] GC(728) Humongous regions: 9->9
[308.906s][info][gc,metaspace   ] GC(728) Metaspace: 18871K(19072K)->18871K(19072K) NonClass: 16210K(16320K)->16210K(16320K) Class: 2661K(2752K)->2661K(2752K)
[308.906s][info][gc             ] GC(728) Pause Young (Mixed) (G1 Evacuation Pause) 891M->678M(978M) 68.783ms
[308.906s][info][gc,cpu         ] GC(728) User=0.14s Sys=0.00s Real=0.06s
[309.226s][info][gc,start       ] GC(729) Pause Young (Concurrent Start) (G1 Evacuation Pause)
[309.226s][info][gc,task        ] GC(729) Using 2 workers of 2 for evacuation
[309.246s][info][gc,phases      ] GC(729)   Pre Evacuate Collection Set: 0.29ms
[309.246s][info][gc,phases      ] GC(729)   Merge Heap Roots: 0.15ms
[309.246s][info][gc,phases      ] GC(729)   Evacuate Collection Set: 18.95ms
[309.246s][info][gc,phases      ] GC(729)   Post Evacuate Collection Set: 0.43ms
[309.246s][info][gc,phases      ] GC(729)   Other: 0.14ms
[309.246s][info][gc,heap        ] GC(729) Eden regions: 213->0(210)
[309.246s][info][gc,heap        ] GC(729) Survivor regions: 3->16(27)
[309.246s][info][gc,heap        ] GC(729) Old regions: 667->667
[309.246s][info][gc,heap        ] GC(729) Humongous regions: 9->9
[309.246s][info][gc,metaspace   ] GC(729) Metaspace: 18871K(19072K)->18871K(19072K) NonClass: 16210K(16320K)->16210K(16320K) Class: 2661K(2752K)->2661K(2752K)
[309.246s][info][gc             ] GC(729) Pause Young (Concurrent Start) (G1 Evacuation Pause) 891M->691M(978M) 20.194ms
[309.247s][info][gc             ] GC(730) Concurrent Mark Cycle
[309.247s][info][gc,marking     ] GC(730) Concurrent Scan Root Regions
[309.247s][info][gc,cpu         ] GC(729) User=0.04s Sys=0.00s Real=0.02s
[309.275s][info][gc,marking     ] GC(730) Concurrent Scan Root Regions 28.632ms
[309.275s][info][gc,marking     ] GC(730) Concurrent Mark
[309.275s][info][gc,marking     ] GC(730) Concurrent Mark From Roots
[309.275s][info][gc,task        ] GC(730) Using 1 workers of 1 for marking
[309.997s][info][gc,start       ] GC(731) Pause Young (Normal) (G1 Evacuation Pause)
[309.997s][info][gc,task        ] GC(731) Using 2 workers of 2 for evacuation
[310.033s][info][gc,phases      ] GC(731)   Pre Evacuate Collection Set: 0.30ms
[310.033s][info][gc,phases      ] GC(731)   Merge Heap Roots: 0.24ms
[310.033s][info][gc,phases      ] GC(731)   Evacuate Collection Set: 35.35ms
[310.033s][info][gc,phases      ] GC(731)   Post Evacuate Collection Set: 0.43ms
[310.033s][info][gc,phases      ] GC(731)   Other: 0.10ms
[310.033s][info][gc,heap        ] GC(731) Eden regions: 210->0(193)
[310.033s][info][gc,heap        ] GC(731) Survivor regions: 16->28(29)
[310.033s][info][gc,heap        ] GC(731) Old regions: 667->670
[310.033s][info][gc,heap        ] GC(731) Humongous regions: 9->9
[310.033s][info][gc,metaspace   ] GC(731) Metaspace: 18871K(19072K)->18871K(19072K) NonClass: 16210K(16320K)->16210K(16320K) Class: 2661K(2752K)->2661K(2752K)
[310.033s][info][gc             ] GC(731) Pause Young (Normal) (G1 Evacuation Pause) 901M->706M(978M) 36.711ms
[310.033s][info][gc,cpu         ] GC(731) User=0.07s Sys=0.01s Real=0.03s
[310.628s][info][gc,marking     ] GC(730) Concurrent Mark From Roots 1353.206ms
[310.628s][info][gc,marking     ] GC(730) Concurrent Preclean
[310.629s][info][gc,marking     ] GC(730) Concurrent Preclean 0.049ms
[310.629s][info][gc,start       ] GC(730) Pause Remark
[310.637s][info][gc             ] GC(730) Pause Remark 866M->734M(978M) 7.950ms
[310.637s][info][gc,cpu         ] GC(730) User=0.02s Sys=0.00s Real=0.01s
[310.638s][info][gc,marking     ] GC(730) Concurrent Mark 1362.673ms
[310.638s][info][gc,marking     ] GC(730) Concurrent Rebuild Remembered Sets and Scrub Regions
[310.742s][info][gc,start       ] GC(732) Pause Young (Normal) (G1 Evacuation Pause)
[310.742s][info][gc,task        ] GC(732) Using 2 workers of 2 for evacuation
[310.789s][info][gc,phases      ] GC(732)   Pre Evacuate Collection Set: 0.29ms
[310.789s][info][gc,phases      ] GC(732)   Merge Heap Roots: 0.82ms
[310.789s][info][gc,phases      ] GC(732)   Evacuate Collection Set: 45.33ms
[310.789s][info][gc,phases      ] GC(732)   Post Evacuate Collection Set: 0.43ms
[310.789s][info][gc,phases      ] GC(732)   Other: 0.08ms
[310.789s][info][gc,heap        ] GC(732) Eden regions: 193->0(307)
[310.790s][info][gc,heap        ] GC(732) Survivor regions: 28->1(28)
[310.790s][info][gc,heap        ] GC(732) Old regions: 541->569
[310.790s][info][gc,heap        ] GC(732) Humongous regions: 6->6
[310.790s][info][gc,metaspace   ] GC(732) Metaspace: 18871K(19072K)->18871K(19072K) NonClass: 16210K(16320K)->16210K(16320K) Class: 2661K(2752K)->2661K(2752K)
[310.790s][info][gc             ] GC(732) Pause Young (Normal) (G1 Evacuation Pause) 767M->575M(978M) 47.188ms
[310.790s][info][gc,cpu         ] GC(732) User=0.09s Sys=0.00s Real=0.05s
[311.304s][info][gc,marking     ] GC(730) Concurrent Rebuild Remembered Sets and Scrub Regions 666.547ms
[311.305s][info][gc,start       ] GC(730) Pause Cleanup
[311.305s][info][gc             ] GC(730) Pause Cleanup 773M->773M(978M) 0.114ms
[311.305s][info][gc,cpu         ] GC(730) User=0.00s Sys=0.00s Real=0.00s
[311.305s][info][gc,marking     ] GC(730) Concurrent Clear Claimed Marks
[311.305s][info][gc,marking     ] GC(730) Concurrent Clear Claimed Marks 0.037ms
[311.305s][info][gc,marking     ] GC(730) Concurrent Cleanup for Next Mark
[311.308s][info][gc,marking     ] GC(730) Concurrent Cleanup for Next Mark 2.852ms
[311.308s][info][gc             ] GC(730) Concurrent Mark Cycle 2061.745ms
[311.384s][info][gc,start       ] GC(733) Pause Young (Prepare Mixed) (G1 Evacuation Pause)
[311.385s][info][gc,task        ] GC(733) Using 2 workers of 2 for evacuation
[311.431s][info][gc,phases      ] GC(733)   Pre Evacuate Collection Set: 0.26ms
[311.431s][info][gc,phases      ] GC(733)   Merge Heap Roots: 0.14ms
[311.431s][info][gc,phases      ] GC(733)   Evacuate Collection Set: 45.07ms
[311.431s][info][gc,phases      ] GC(733)   Post Evacuate Collection Set: 0.60ms
[311.431s][info][gc,phases      ] GC(733)   Other: 0.08ms
[311.431s][info][gc,heap        ] GC(733) Eden regions: 307->0(246)
[311.431s][info][gc,heap        ] GC(733) Survivor regions: 1->39(39)
[311.431s][info][gc,heap        ] GC(733) Old regions: 569->582
[311.431s][info][gc,heap        ] GC(733) Humongous regions: 6->6
[311.431s][info][gc,metaspace   ] GC(733) Metaspace: 18871K(19072K)->18871K(19072K) NonClass: 16210K(16320K)->16210K(16320K) Class: 2661K(2752K)->2661K(2752K)
[311.431s][info][gc             ] GC(733) Pause Young (Prepare Mixed) (G1 Evacuation Pause) 882M->626M(978M) 46.381ms
[311.431s][info][gc,cpu         ] GC(733) User=0.10s Sys=0.00s Real=0.05s
[311.781s][info][gc,start       ] GC(734) Pause Young (Mixed) (G1 Evacuation Pause)
[311.782s][info][gc,task        ] GC(734) Using 2 workers of 2 for evacuation
[311.852s][info][gc,phases      ] GC(734)   Pre Evacuate Collection Set: 0.33ms
[311.852s][info][gc,phases      ] GC(734)   Merge Heap Roots: 0.28ms
[311.852s][info][gc,phases      ] GC(734)   Evacuate Collection Set: 68.98ms
[311.852s][info][gc,phases      ] GC(734)   Post Evacuate Collection Set: 0.61ms
[311.852s][info][gc,phases      ] GC(734)   Other: 0.12ms
[311.852s][info][gc,heap        ] GC(734) Eden regions: 246->0(236)
[311.852s][info][gc,heap        ] GC(734) Survivor regions: 39->29(36)
[311.852s][info][gc,heap        ] GC(734) Old regions: 582->607
[311.852s][info][gc,heap        ] GC(734) Humongous regions: 7->7
[311.852s][info][gc,metaspace   ] GC(734) Metaspace: 18871K(19072K)->18871K(19072K) NonClass: 16210K(16320K)->16210K(16320K) Class: 2661K(2752K)->2661K(2752K)
[311.852s][info][gc             ] GC(734) Pause Young (Mixed) (G1 Evacuation Pause) 873M->641M(978M) 70.606ms
[311.852s][info][gc,cpu         ] GC(734) User=0.14s Sys=0.00s Real=0.07s
[311.865s][info][gc,start       ] GC(735) Pause Young (Concurrent Start) (G1 Humongous Allocation)
[311.866s][info][gc,task        ] GC(735) Using 2 workers of 2 for evacuation
[311.904s][info][gc,phases      ] GC(735)   Pre Evacuate Collection Set: 0.30ms
[311.904s][info][gc,phases      ] GC(735)   Merge Heap Roots: 0.22ms
[311.904s][info][gc,phases      ] GC(735)   Evacuate Collection Set: 37.50ms
[311.904s][info][gc,phases      ] GC(735)   Post Evacuate Collection Set: 0.32ms
[311.904s][info][gc,phases      ] GC(735)   Other: 0.18ms
[311.904s][info][gc,heap        ] GC(735) Eden regions: 7->0(191)
[311.904s][info][gc,heap        ] GC(735) Survivor regions: 29->4(34)
[311.904s][info][gc,heap        ] GC(735) Old regions: 607->635
[311.904s][info][gc,heap        ] GC(735) Humongous regions: 7->7
[311.904s][info][gc,metaspace   ] GC(735) Metaspace: 18871K(19072K)->18871K(19072K) NonClass: 16210K(16320K)->16210K(16320K) Class: 2661K(2752K)->2661K(2752K)
[311.904s][info][gc             ] GC(735) Pause Young (Concurrent Start) (G1 Humongous Allocation) 648M->645M(978M) 38.703ms
[311.904s][info][gc,cpu         ] GC(735) User=0.07s Sys=0.00s Real=0.04s
[311.904s][info][gc             ] GC(736) Concurrent Mark Cycle
[311.904s][info][gc,marking     ] GC(736) Concurrent Scan Root Regions
[311.966s][info][gc,marking     ] GC(736) Concurrent Scan Root Regions 61.997ms
[311.966s][info][gc,marking     ] GC(736) Concurrent Mark
[311.966s][info][gc,marking     ] GC(736) Concurrent Mark From Roots
[311.966s][info][gc,task        ] GC(736) Using 1 workers of 1 for marking
[312.288s][info][gc,start       ] GC(737) Pause Young (Normal) (G1 Evacuation Pause)
[312.288s][info][gc,task        ] GC(737) Using 2 workers of 2 for evacuation
[312.341s][info][gc,phases      ] GC(737)   Pre Evacuate Collection Set: 0.29ms
[312.341s][info][gc,phases      ] GC(737)   Merge Heap Roots: 0.24ms
[312.341s][info][gc,phases      ] GC(737)   Evacuate Collection Set: 52.10ms
[312.341s][info][gc,phases      ] GC(737)   Post Evacuate Collection Set: 0.40ms
[312.341s][info][gc,phases      ] GC(737)   Other: 0.07ms
[312.341s][info][gc,heap        ] GC(737) Eden regions: 191->0(170)
[312.341s][info][gc,heap        ] GC(737) Survivor regions: 4->25(25)
[312.341s][info][gc,heap        ] GC(737) Old regions: 635->654
[312.341s][info][gc,heap        ] GC(737) Humongous regions: 9->9
[312.341s][info][gc,metaspace   ] GC(737) Metaspace: 18871K(19072K)->18871K(19072K) NonClass: 16210K(16320K)->16210K(16320K) Class: 2661K(2752K)->2661K(2752K)
[312.341s][info][gc             ] GC(737) Pause Young (Normal) (G1 Evacuation Pause) 838M->687M(978M) 53.353ms
[312.341s][info][gc,cpu         ] GC(737) User=0.11s Sys=0.00s Real=0.05s
[312.590s][info][gc,start       ] GC(738) Pause Young (Normal) (G1 Evacuation Pause)
[312.590s][info][gc,task        ] GC(738) Using 2 workers of 2 for evacuation
[312.626s][info][gc,phases      ] GC(738)   Pre Evacuate Collection Set: 0.27ms
[312.626s][info][gc,phases      ] GC(738)   Merge Heap Roots: 0.15ms
[312.626s][info][gc,phases      ] GC(738)   Evacuate Collection Set: 34.40ms
[312.626s][info][gc,phases      ] GC(738)   Post Evacuate Collection Set: 0.40ms
[312.626s][info][gc,phases      ] GC(738)   Other: 0.07ms
[312.626s][info][gc,heap        ] GC(738) Eden regions: 170->0(177)
[312.626s][info][gc,heap        ] GC(738) Survivor regions: 25->7(25)
[312.626s][info][gc,heap        ] GC(738) Old regions: 654->680
[312.626s][info][gc,heap        ] GC(738) Humongous regions: 9->9
[312.626s][info][gc,metaspace   ] GC(738) Metaspace: 18871K(19072K)->18871K(19072K) NonClass: 16210K(16320K)->16210K(16320K) Class: 2661K(2752K)->2661K(2752K)
[312.626s][info][gc             ] GC(738) Pause Young (Normal) (G1 Evacuation Pause) 857M->695M(978M) 35.524ms
[312.626s][info][gc,cpu         ] GC(738) User=0.07s Sys=0.00s Real=0.03s
[312.915s][info][gc,start       ] GC(739) Pause Young (Normal) (G1 Evacuation Pause)
[312.915s][info][gc,task        ] GC(739) Using 2 workers of 2 for evacuation
[312.934s][info][gc,phases      ] GC(739)   Pre Evacuate Collection Set: 0.30ms
[312.934s][info][gc,phases      ] GC(739)   Merge Heap Roots: 0.23ms
[312.934s][info][gc,phases      ] GC(739)   Evacuate Collection Set: 17.47ms
[312.934s][info][gc,phases      ] GC(739)   Post Evacuate Collection Set: 0.45ms
[312.934s][info][gc,phases      ] GC(739)   Other: 0.07ms
[312.934s][info][gc,heap        ] GC(739) Eden regions: 177->0(186)
[312.934s][info][gc,heap        ] GC(739) Survivor regions: 7->11(23)
[312.934s][info][gc,heap        ] GC(739) Old regions: 680->680
[312.934s][info][gc,heap        ] GC(739) Humongous regions: 9->9
[312.934s][info][gc,metaspace   ] GC(739) Metaspace: 18871K(19072K)->18871K(19072K) NonClass: 16210K(16320K)->16210K(16320K) Class: 2661K(2752K)->2661K(2752K)
[312.934s][info][gc             ] GC(739) Pause Young (Normal) (G1 Evacuation Pause) 872M->698M(978M) 18.731ms
[312.934s][info][gc,cpu         ] GC(739) User=0.03s Sys=0.00s Real=0.02s
[313.260s][info][gc,marking     ] GC(736) Concurrent Mark From Roots 1293.513ms
[313.260s][info][gc,marking     ] GC(736) Concurrent Preclean
[313.260s][info][gc,marking     ] GC(736) Concurrent Preclean 0.033ms
[313.260s][info][gc,start       ] GC(736) Pause Remark
[313.405s][info][gc             ] GC(736) Pause Remark 843M->833M(978M) 145.020ms
[313.405s][info][gc,cpu         ] GC(736) User=0.29s Sys=0.00s Real=0.14s
[313.405s][info][gc,marking     ] GC(736) Concurrent Mark 1438.922ms
[313.405s][info][gc,marking     ] GC(736) Concurrent Rebuild Remembered Sets and Scrub Regions
[313.544s][info][gc,start       ] GC(740) Pause Young (Normal) (G1 Evacuation Pause)
[313.544s][info][gc,task        ] GC(740) Using 2 workers of 2 for evacuation
[313.584s][info][gc,phases      ] GC(740)   Pre Evacuate Collection Set: 0.44ms
[313.584s][info][gc,phases      ] GC(740)   Merge Heap Roots: 0.48ms
[313.584s][info][gc,phases      ] GC(740)   Evacuate Collection Set: 38.36ms
[313.584s][info][gc,phases      ] GC(740)   Post Evacuate Collection Set: 0.42ms
[313.584s][info][gc,phases      ] GC(740)   Other: 0.07ms
[313.584s][info][gc,heap        ] GC(740) Eden regions: 186->0(190)
[313.584s][info][gc,heap        ] GC(740) Survivor regions: 11->24(25)
[313.584s][info][gc,heap        ] GC(740) Old regions: 670->670
[313.584s][info][gc,heap        ] GC(740) Humongous regions: 9->9
[313.584s][info][gc,metaspace   ] GC(740) Metaspace: 18871K(19072K)->18871K(19072K) NonClass: 16210K(16320K)->16210K(16320K) Class: 2661K(2752K)->2661K(2752K)
[313.584s][info][gc             ] GC(740) Pause Young (Normal) (G1 Evacuation Pause) 874M->702M(978M) 39.973ms
[313.584s][info][gc,cpu         ] GC(740) User=0.08s Sys=0.00s Real=0.04s
[313.946s][info][gc,start       ] GC(741) Pause Young (Normal) (G1 Evacuation Pause)
[313.946s][info][gc,task        ] GC(741) Using 2 workers of 2 for evacuation
[314.002s][info][gc,phases      ] GC(741)   Pre Evacuate Collection Set: 0.48ms
[314.002s][info][gc,phases      ] GC(741)   Merge Heap Roots: 0.36ms
[314.002s][info][gc,phases      ] GC(741)   Evacuate Collection Set: 54.84ms
[314.002s][info][gc,phases      ] GC(741)   Post Evacuate Collection Set: 0.46ms
[314.002s][info][gc,phases      ] GC(741)   Other: 0.08ms
[314.002s][info][gc,heap        ] GC(741) Eden regions: 190->0(172)
[314.002s][info][gc,heap        ] GC(741) Survivor regions: 24->27(27)
[314.002s][info][gc,heap        ] GC(741) Old regions: 670->693
[314.002s][info][gc,heap        ] GC(741) Humongous regions: 9->9
[314.002s][info][gc,metaspace   ] GC(741) Metaspace: 18873K(19072K)->18873K(19072K) NonClass: 16212K(16320K)->16212K(16320K) Class: 2661K(2752K)->2661K(2752K)
[314.002s][info][gc             ] GC(741) Pause Young (Normal) (G1 Evacuation Pause) 892M->728M(978M) 56.487ms
[314.002s][info][gc,cpu         ] GC(741) User=0.11s Sys=0.00s Real=0.06s
[314.206s][info][gc,marking     ] GC(736) Concurrent Rebuild Remembered Sets and Scrub Regions 800.844ms
[314.207s][info][gc,start       ] GC(736) Pause Cleanup
[314.207s][info][gc             ] GC(736) Pause Cleanup 818M->818M(978M) 0.119ms
[314.207s][info][gc,cpu         ] GC(736) User=0.00s Sys=0.00s Real=0.00s
[314.207s][info][gc,marking     ] GC(736) Concurrent Clear Claimed Marks
[314.207s][info][gc,marking     ] GC(736) Concurrent Clear Claimed Marks 0.031ms
[314.207s][info][gc,marking     ] GC(736) Concurrent Cleanup for Next Mark
[314.212s][info][gc,marking     ] GC(736) Concurrent Cleanup for Next Mark 5.196ms
[314.212s][info][gc             ] GC(736) Concurrent Mark Cycle 2307.909ms
[314.301s][info][gc,start       ] GC(742) Pause Young (Prepare Mixed) (G1 Evacuation Pause)
[314.301s][info][gc,task        ] GC(742) Using 2 workers of 2 for evacuation
[314.351s][info][gc,phases      ] GC(742)   Pre Evacuate Collection Set: 0.28ms
[314.351s][info][gc,phases      ] GC(742)   Merge Heap Roots: 0.19ms
[314.351s][info][gc,phases      ] GC(742)   Evacuate Collection Set: 48.62ms
[314.351s][info][gc,phases      ] GC(742)   Post Evacuate Collection Set: 0.41ms
[314.351s][info][gc,phases      ] GC(742)   Other: 0.09ms
[314.351s][info][gc,heap        ] GC(742) Eden regions: 172->0(149)
[314.351s][info][gc,heap        ] GC(742) Survivor regions: 27->25(25)
[314.351s][info][gc,heap        ] GC(742) Old regions: 693->720
[314.351s][info][gc,heap        ] GC(742) Humongous regions: 9->9
[314.351s][info][gc,metaspace   ] GC(742) Metaspace: 18876K(19072K)->18876K(19072K) NonClass: 16215K(16320K)->16215K(16320K) Class: 2661K(2752K)->2661K(2752K)
[314.351s][info][gc             ] GC(742) Pause Young (Prepare Mixed) (G1 Evacuation Pause) 900M->753M(978M) 49.839ms
[314.351s][info][gc,cpu         ] GC(742) User=0.10s Sys=0.00s Real=0.05s
[314.513s][info][gc,start       ] GC(743) Pause Young (Mixed) (G1 Evacuation Pause)
[314.513s][info][gc,task        ] GC(743) Using 2 workers of 2 for evacuation
[314.548s][info][gc,phases      ] GC(743)   Pre Evacuate Collection Set: 0.55ms
[314.548s][info][gc,phases      ] GC(743)   Merge Heap Roots: 0.13ms
[314.548s][info][gc,phases      ] GC(743)   Evacuate Collection Set: 33.93ms
[314.548s][info][gc,phases      ] GC(743)   Post Evacuate Collection Set: 0.43ms
[314.548s][info][gc,phases      ] GC(743)   Other: 0.10ms
[314.548s][info][gc,heap        ] GC(743) Eden regions: 149->0(159)
[314.548s][info][gc,heap        ] GC(743) Survivor regions: 25->15(22)
[314.548s][info][gc,heap        ] GC(743) Old regions: 720->726
[314.548s][info][gc,heap        ] GC(743) Humongous regions: 9->9
[314.548s][info][gc,metaspace   ] GC(743) Metaspace: 18876K(19072K)->18876K(19072K) NonClass: 16215K(16320K)->16215K(16320K) Class: 2661K(2752K)->2661K(2752K)
[314.548s][info][gc             ] GC(743) Pause Young (Mixed) (G1 Evacuation Pause) 902M->749M(978M) 35.446ms
[314.548s][info][gc,cpu         ] GC(743) User=0.06s Sys=0.00s Real=0.04s
[314.767s][info][gc,start       ] GC(744) Pause Young (Concurrent Start) (G1 Evacuation Pause)
[314.767s][info][gc,task        ] GC(744) Using 2 workers of 2 for evacuation
[314.791s][info][gc,phases      ] GC(744)   Pre Evacuate Collection Set: 0.30ms
[314.791s][info][gc,phases      ] GC(744)   Merge Heap Roots: 0.17ms
[314.791s][info][gc,phases      ] GC(744)   Evacuate Collection Set: 22.77ms
[314.791s][info][gc,phases      ] GC(744)   Post Evacuate Collection Set: 0.42ms
[314.791s][info][gc,phases      ] GC(744)   Other: 0.09ms
[314.791s][info][gc,heap        ] GC(744) Eden regions: 159->0(165)
[314.791s][info][gc,heap        ] GC(744) Survivor regions: 15->5(22)
[314.791s][info][gc,heap        ] GC(744) Old regions: 726->740
[314.791s][info][gc,heap        ] GC(744) Humongous regions: 9->9
[314.791s][info][gc,metaspace   ] GC(744) Metaspace: 18876K(19072K)->18876K(19072K) NonClass: 16215K(16320K)->16215K(16320K) Class: 2661K(2752K)->2661K(2752K)
[314.791s][info][gc             ] GC(744) Pause Young (Concurrent Start) (G1 Evacuation Pause) 908M->753M(978M) 24.016ms
[314.791s][info][gc,cpu         ] GC(744) User=0.05s Sys=0.00s Real=0.02s
[314.791s][info][gc             ] GC(745) Concurrent Mark Cycle
[314.791s][info][gc,marking     ] GC(745) Concurrent Scan Root Regions
[314.827s][info][gc,marking     ] GC(745) Concurrent Scan Root Regions 35.799ms
[314.827s][info][gc,marking     ] GC(745) Concurrent Mark
[314.827s][info][gc,marking     ] GC(745) Concurrent Mark From Roots
[314.827s][info][gc,task        ] GC(745) Using 1 workers of 1 for marking
[315.353s][info][gc,start       ] GC(746) Pause Young (Normal) (G1 Evacuation Pause)
[315.353s][info][gc,task        ] GC(746) Using 2 workers of 2 for evacuation
[315.362s][info][gc,phases      ] GC(746)   Pre Evacuate Collection Set: 0.30ms
[315.362s][info][gc,phases      ] GC(746)   Merge Heap Roots: 0.14ms
[315.362s][info][gc,phases      ] GC(746)   Evacuate Collection Set: 7.57ms
[315.362s][info][gc,phases      ] GC(746)   Post Evacuate Collection Set: 0.43ms
[315.362s][info][gc,phases      ] GC(746)   Other: 0.07ms
[315.362s][info][gc,heap        ] GC(746) Eden regions: 165->0(165)
[315.362s][info][gc,heap        ] GC(746) Survivor regions: 5->7(22)
[315.362s][info][gc,heap        ] GC(746) Old regions: 740->740
[315.362s][info][gc,heap        ] GC(746) Humongous regions: 9->9
[315.362s][info][gc,metaspace   ] GC(746) Metaspace: 18876K(19072K)->18876K(19072K) NonClass: 16215K(16320K)->16215K(16320K) Class: 2661K(2752K)->2661K(2752K)
[315.362s][info][gc             ] GC(746) Pause Young (Normal) (G1 Evacuation Pause) 918M->755M(978M) 8.691ms
[315.362s][info][gc,cpu         ] GC(746) User=0.01s Sys=0.00s Real=0.01s
[315.734s][info][gc,start       ] GC(747) Pause Young (Normal) (G1 Evacuation Pause)
[315.734s][info][gc,task        ] GC(747) Using 2 workers of 2 for evacuation
[315.755s][info][gc,phases      ] GC(747)   Pre Evacuate Collection Set: 0.29ms
[315.755s][info][gc,phases      ] GC(747)   Merge Heap Roots: 0.12ms
[315.755s][info][gc,phases      ] GC(747)   Evacuate Collection Set: 20.07ms
[315.755s][info][gc,phases      ] GC(747)   Post Evacuate Collection Set: 0.39ms
[315.755s][info][gc,phases      ] GC(747)   Other: 0.07ms
[315.755s][info][gc,heap        ] GC(747) Eden regions: 165->0(139)
[315.755s][info][gc,heap        ] GC(747) Survivor regions: 7->20(22)
[315.755s][info][gc,heap        ] GC(747) Old regions: 740->740
[315.755s][info][gc,heap        ] GC(747) Humongous regions: 9->9
[315.755s][info][gc,metaspace   ] GC(747) Metaspace: 18876K(19072K)->18876K(19072K) NonClass: 16215K(16320K)->16215K(16320K) Class: 2661K(2752K)->2661K(2752K)
[315.755s][info][gc             ] GC(747) Pause Young (Normal) (G1 Evacuation Pause) 920M->768M(978M) 21.157ms
[315.755s][info][gc,cpu         ] GC(747) User=0.04s Sys=0.00s Real=0.02s
[315.860s][info][gc,marking     ] GC(745) Concurrent Mark From Roots 1033.130ms
[315.861s][info][gc,marking     ] GC(745) Concurrent Preclean
[315.861s][info][gc,marking     ] GC(745) Concurrent Preclean 0.034ms
[315.861s][info][gc,start       ] GC(745) Pause Remark
[315.868s][info][gc             ] GC(745) Pause Remark 807M->549M(978M) 7.565ms
[315.868s][info][gc,cpu         ] GC(745) User=0.01s Sys=0.00s Real=0.01s
[315.868s][info][gc,marking     ] GC(745) Concurrent Mark 1041.073ms
[315.868s][info][gc,marking     ] GC(745) Concurrent Rebuild Remembered Sets and Scrub Regions
[316.028s][info][gc,start       ] GC(748) Pause Young (Normal) (G1 Evacuation Pause)
[316.029s][info][gc,task        ] GC(748) Using 2 workers of 2 for evacuation
[316.075s][info][gc,phases      ] GC(748)   Pre Evacuate Collection Set: 0.27ms
[316.075s][info][gc,phases      ] GC(748)   Merge Heap Roots: 0.11ms
[316.075s][info][gc,phases      ] GC(748)   Evacuate Collection Set: 45.65ms
[316.075s][info][gc,phases      ] GC(748)   Post Evacuate Collection Set: 0.42ms
[316.075s][info][gc,phases      ] GC(748)   Other: 0.07ms
[316.075s][info][gc,heap        ] GC(748) Eden regions: 139->0(308)
[316.075s][info][gc,heap        ] GC(748) Survivor regions: 20->20(20)
[316.075s][info][gc,heap        ] GC(748) Old regions: 487->516
[316.075s][info][gc,heap        ] GC(748) Humongous regions: 4->4
[316.075s][info][gc,metaspace   ] GC(748) Metaspace: 18876K(19072K)->18876K(19072K) NonClass: 16215K(16320K)->16215K(16320K) Class: 2661K(2752K)->2661K(2752K)
[316.075s][info][gc             ] GC(748) Pause Young (Normal) (G1 Evacuation Pause) 649M->539M(978M) 46.769ms
[316.075s][info][gc,cpu         ] GC(748) User=0.09s Sys=0.00s Real=0.04s
[316.308s][info][gc,marking     ] GC(745) Concurrent Rebuild Remembered Sets and Scrub Regions 439.352ms
[316.308s][info][gc,start       ] GC(745) Pause Cleanup
[316.308s][info][gc             ] GC(745) Pause Cleanup 686M->686M(978M) 0.118ms
[316.308s][info][gc,cpu         ] GC(745) User=0.00s Sys=0.00s Real=0.00s
[316.308s][info][gc,marking     ] GC(745) Concurrent Clear Claimed Marks
[316.308s][info][gc,marking     ] GC(745) Concurrent Clear Claimed Marks 0.032ms
[316.308s][info][gc,marking     ] GC(745) Concurrent Cleanup for Next Mark
[316.311s][info][gc,marking     ] GC(745) Concurrent Cleanup for Next Mark 2.854ms
[316.311s][info][gc             ] GC(745) Concurrent Mark Cycle 1519.627ms
[316.541s][info][gc,start       ] GC(749) Pause Young (Prepare Mixed) (G1 Evacuation Pause)
[316.541s][info][gc,task        ] GC(749) Using 2 workers of 2 for evacuation
[316.616s][info][gc,phases      ] GC(749)   Pre Evacuate Collection Set: 0.29ms
[316.616s][info][gc,phases      ] GC(749)   Merge Heap Roots: 0.23ms
[316.616s][info][gc,phases      ] GC(749)   Evacuate Collection Set: 73.49ms
[316.616s][info][gc,phases      ] GC(749)   Post Evacuate Collection Set: 0.76ms
[316.616s][info][gc,phases      ] GC(749)   Other: 0.10ms
[316.616s][info][gc,heap        ] GC(749) Eden regions: 308->0(269)
[316.616s][info][gc,heap        ] GC(749) Survivor regions: 20->41(41)
[316.616s][info][gc,heap        ] GC(749) Old regions: 516->546
[316.616s][info][gc,heap        ] GC(749) Humongous regions: 5->5
[316.616s][info][gc,metaspace   ] GC(749) Metaspace: 18876K(19072K)->18876K(19072K) NonClass: 16215K(16320K)->16215K(16320K) Class: 2661K(2752K)->2661K(2752K)
[316.616s][info][gc             ] GC(749) Pause Young (Prepare Mixed) (G1 Evacuation Pause) 848M->591M(978M) 75.121ms
[316.616s][info][gc,cpu         ] GC(749) User=0.15s Sys=0.00s Real=0.07s
[316.941s][info][gc,start       ] GC(750) Pause Young (Mixed) (G1 Evacuation Pause)
[316.941s][info][gc,task        ] GC(750) Using 2 workers of 2 for evacuation
[317.059s][info][gc,phases      ] GC(750)   Pre Evacuate Collection Set: 0.35ms
[317.059s][info][gc,phases      ] GC(750)   Merge Heap Roots: 0.60ms
[317.059s][info][gc,phases      ] GC(750)   Evacuate Collection Set: 115.90ms
[317.059s][info][gc,phases      ] GC(750)   Post Evacuate Collection Set: 0.66ms
[317.059s][info][gc,phases      ] GC(750)   Other: 0.11ms
[317.059s][info][gc,heap        ] GC(750) Eden regions: 269->0(273)
[317.059s][info][gc,heap        ] GC(750) Survivor regions: 41->39(39)
[317.059s][info][gc,heap        ] GC(750) Old regions: 546->527
[317.059s][info][gc,heap        ] GC(750) Humongous regions: 7->7
[317.059s][info][gc,metaspace   ] GC(750) Metaspace: 18876K(19072K)->18876K(19072K) NonClass: 16215K(16320K)->16215K(16320K) Class: 2661K(2752K)->2661K(2752K)
[317.059s][info][gc             ] GC(750) Pause Young (Mixed) (G1 Evacuation Pause) 862M->572M(978M) 117.890ms
[317.059s][info][gc,cpu         ] GC(750) User=0.23s Sys=0.00s Real=0.12s
[317.347s][info][gc,start       ] GC(751) Pause Young (Concurrent Start) (G1 Evacuation Pause)
[317.347s][info][gc,task        ] GC(751) Using 2 workers of 2 for evacuation
[317.412s][info][gc,phases      ] GC(751)   Pre Evacuate Collection Set: 0.28ms
[317.412s][info][gc,phases      ] GC(751)   Merge Heap Roots: 0.50ms
[317.412s][info][gc,phases      ] GC(751)   Evacuate Collection Set: 63.41ms
[317.412s][info][gc,phases      ] GC(751)   Post Evacuate Collection Set: 0.53ms
[317.412s][info][gc,phases      ] GC(751)   Other: 0.12ms
[317.412s][info][gc,heap        ] GC(751) Eden regions: 273->0(286)
[317.412s][info][gc,heap        ] GC(751) Survivor regions: 39->5(39)
[317.412s][info][gc,heap        ] GC(751) Old regions: 527->567
[317.412s][info][gc,heap        ] GC(751) Humongous regions: 7->7
[317.412s][info][gc,metaspace   ] GC(751) Metaspace: 18876K(19072K)->18876K(19072K) NonClass: 16215K(16320K)->16215K(16320K) Class: 2661K(2752K)->2661K(2752K)
[317.412s][info][gc             ] GC(751) Pause Young (Concurrent Start) (G1 Evacuation Pause) 845M->578M(978M) 65.091ms
[317.412s][info][gc,cpu         ] GC(751) User=0.12s Sys=0.00s Real=0.06s
[317.412s][info][gc             ] GC(752) Concurrent Mark Cycle
[317.414s][info][gc,marking     ] GC(752) Concurrent Scan Root Regions
[317.504s][info][gc,marking     ] GC(752) Concurrent Scan Root Regions 89.269ms
[317.504s][info][gc,marking     ] GC(752) Concurrent Mark
[317.504s][info][gc,marking     ] GC(752) Concurrent Mark From Roots
[317.504s][info][gc,task        ] GC(752) Using 1 workers of 1 for marking
[318.018s][info][gc,start       ] GC(753) Pause Young (Normal) (G1 Evacuation Pause)
[318.018s][info][gc,task        ] GC(753) Using 2 workers of 2 for evacuation
[318.091s][info][gc,phases      ] GC(753)   Pre Evacuate Collection Set: 0.28ms
[318.091s][info][gc,phases      ] GC(753)   Merge Heap Roots: 0.25ms
[318.091s][info][gc,phases      ] GC(753)   Evacuate Collection Set: 71.16ms
[318.091s][info][gc,phases      ] GC(753)   Post Evacuate Collection Set: 0.70ms
[318.091s][info][gc,phases      ] GC(753)   Other: 0.08ms
[318.091s][info][gc,heap        ] GC(753) Eden regions: 286->0(221)
[318.091s][info][gc,heap        ] GC(753) Survivor regions: 5->37(37)
[318.091s][info][gc,heap        ] GC(753) Old regions: 567->599
[318.091s][info][gc,heap        ] GC(753) Humongous regions: 7->7
[318.091s][info][gc,metaspace   ] GC(753) Metaspace: 18876K(19072K)->18876K(19072K) NonClass: 16215K(16320K)->16215K(16320K) Class: 2661K(2752K)->2661K(2752K)
[318.091s][info][gc             ] GC(753) Pause Young (Normal) (G1 Evacuation Pause) 864M->642M(978M) 72.726ms
[318.091s][info][gc,cpu         ] GC(753) User=0.14s Sys=0.00s Real=0.07s
[318.323s][info][gc,marking     ] GC(752) Concurrent Mark From Roots 819.772ms
[318.324s][info][gc,marking     ] GC(752) Concurrent Preclean
[318.324s][info][gc,marking     ] GC(752) Concurrent Preclean 0.031ms
[318.324s][info][gc,start       ] GC(752) Pause Remark
[318.331s][info][gc             ] GC(752) Pause Remark 749M->556M(978M) 7.621ms
[318.331s][info][gc,cpu         ] GC(752) User=0.02s Sys=0.00s Real=0.01s
[318.332s][info][gc,marking     ] GC(752) Concurrent Mark 828.645ms
[318.332s][info][gc,marking     ] GC(752) Concurrent Rebuild Remembered Sets and Scrub Regions
[318.651s][info][gc,marking     ] GC(752) Concurrent Rebuild Remembered Sets and Scrub Regions 318.437ms
[318.651s][info][gc,start       ] GC(752) Pause Cleanup
[318.651s][info][gc             ] GC(752) Pause Cleanup 655M->655M(978M) 0.099ms
[318.651s][info][gc,cpu         ] GC(752) User=0.00s Sys=0.00s Real=0.00s
[318.651s][info][gc,marking     ] GC(752) Concurrent Clear Claimed Marks
[318.651s][info][gc,marking     ] GC(752) Concurrent Clear Claimed Marks 0.032ms
[318.651s][info][gc,marking     ] GC(752) Concurrent Cleanup for Next Mark
[318.654s][info][gc,marking     ] GC(752) Concurrent Cleanup for Next Mark 2.829ms
[318.654s][info][gc             ] GC(752) Concurrent Mark Cycle 1242.156ms
[318.681s][info][gc,start       ] GC(754) Pause Young (Prepare Mixed) (G1 Evacuation Pause)
[318.681s][info][gc,task        ] GC(754) Using 2 workers of 2 for evacuation
[318.747s][info][gc,phases      ] GC(754)   Pre Evacuate Collection Set: 0.27ms
[318.747s][info][gc,phases      ] GC(754)   Merge Heap Roots: 0.53ms
[318.747s][info][gc,phases      ] GC(754)   Evacuate Collection Set: 64.52ms
[318.747s][info][gc,phases      ] GC(754)   Post Evacuate Collection Set: 0.52ms
[318.747s][info][gc,phases      ] GC(754)   Other: 0.14ms
[318.747s][info][gc,heap        ] GC(754) Eden regions: 221->0(354)
[318.747s][info][gc,heap        ] GC(754) Survivor regions: 37->13(33)
[318.747s][info][gc,heap        ] GC(754) Old regions: 409->446
[318.747s][info][gc,heap        ] GC(754) Humongous regions: 5->5
[318.747s][info][gc,metaspace   ] GC(754) Metaspace: 18876K(19072K)->18876K(19072K) NonClass: 16215K(16320K)->16215K(16320K) Class: 2661K(2752K)->2661K(2752K)
[318.747s][info][gc             ] GC(754) Pause Young (Prepare Mixed) (G1 Evacuation Pause) 671M->463M(978M) 66.211ms
[318.747s][info][gc,cpu         ] GC(754) User=0.13s Sys=0.00s Real=0.07s
[319.174s][info][gc,start       ] GC(755) Pause Young (Mixed) (G1 Evacuation Pause)
[319.174s][info][gc,task        ] GC(755) Using 2 workers of 2 for evacuation
[319.222s][info][gc,phases      ] GC(755)   Pre Evacuate Collection Set: 0.29ms
[319.222s][info][gc,phases      ] GC(755)   Merge Heap Roots: 0.29ms
[319.222s][info][gc,phases      ] GC(755)   Evacuate Collection Set: 46.64ms
[319.222s][info][gc,phases      ] GC(755)   Post Evacuate Collection Set: 0.66ms
[319.222s][info][gc,phases      ] GC(755)   Other: 0.10ms
[319.222s][info][gc,heap        ] GC(755) Eden regions: 354->0(366)
[319.222s][info][gc,heap        ] GC(755) Survivor regions: 13->35(46)
[319.222s][info][gc,heap        ] GC(755) Old regions: 446->425
[319.222s][info][gc,heap        ] GC(755) Humongous regions: 5->5
[319.222s][info][gc,metaspace   ] GC(755) Metaspace: 18876K(19072K)->18876K(19072K) NonClass: 16215K(16320K)->16215K(16320K) Class: 2661K(2752K)->2661K(2752K)
[319.222s][info][gc             ] GC(755) Pause Young (Mixed) (G1 Evacuation Pause) 817M->464M(978M) 48.218ms
[319.223s][info][gc,cpu         ] GC(755) User=0.10s Sys=0.00s Real=0.05s
[319.909s][info][gc,start       ] GC(756) Pause Young (Concurrent Start) (G1 Evacuation Pause)
[319.909s][info][gc,task        ] GC(756) Using 2 workers of 2 for evacuation
[319.968s][info][gc,phases      ] GC(756)   Pre Evacuate Collection Set: 0.36ms
[319.968s][info][gc,phases      ] GC(756)   Merge Heap Roots: 0.26ms
[319.968s][info][gc,phases      ] GC(756)   Evacuate Collection Set: 57.87ms
[319.968s][info][gc,phases      ] GC(756)   Post Evacuate Collection Set: 0.59ms
[319.968s][info][gc,phases      ] GC(756)   Other: 0.23ms
[319.968s][info][gc,heap        ] GC(756) Eden regions: 366->0(371)
[319.968s][info][gc,heap        ] GC(756) Survivor regions: 35->38(51)
[319.968s][info][gc,heap        ] GC(756) Old regions: 425->437
[319.968s][info][gc,heap        ] GC(756) Humongous regions: 5->5
[319.968s][info][gc,metaspace   ] GC(756) Metaspace: 18876K(19072K)->18876K(19072K) NonClass: 16215K(16320K)->16215K(16320K) Class: 2661K(2752K)->2661K(2752K)
[319.969s][info][gc             ] GC(756) Pause Young (Concurrent Start) (G1 Evacuation Pause) 830M->478M(978M) 59.584ms
[319.969s][info][gc             ] GC(757) Concurrent Mark Cycle
[319.969s][info][gc,marking     ] GC(757) Concurrent Scan Root Regions
[319.969s][info][gc,cpu         ] GC(756) User=0.12s Sys=0.00s Real=0.06s
[320.058s][info][gc,marking     ] GC(757) Concurrent Scan Root Regions 89.346ms
[320.058s][info][gc,marking     ] GC(757) Concurrent Mark
[320.058s][info][gc,marking     ] GC(757) Concurrent Mark From Roots
[320.058s][info][gc,task        ] GC(757) Using 1 workers of 1 for marking
[320.980s][info][gc,start       ] GC(758) Pause Young (Normal) (G1 Evacuation Pause)
[320.980s][info][gc,task        ] GC(758) Using 2 workers of 2 for evacuation
[321.065s][info][gc,phases      ] GC(758)   Pre Evacuate Collection Set: 0.47ms
[321.065s][info][gc,phases      ] GC(758)   Merge Heap Roots: 0.39ms
[321.065s][info][gc,phases      ] GC(758)   Evacuate Collection Set: 83.04ms
[321.065s][info][gc,phases      ] GC(758)   Post Evacuate Collection Set: 0.66ms
[321.065s][info][gc,phases      ] GC(758)   Other: 0.09ms
[321.065s][info][gc,heap        ] GC(758) Eden regions: 371->0(329)
[321.065s][info][gc,heap        ] GC(758) Survivor regions: 38->52(52)
[321.065s][info][gc,heap        ] GC(758) Old regions: 437->468
[321.065s][info][gc,heap        ] GC(758) Humongous regions: 5->5
[321.065s][info][gc,metaspace   ] GC(758) Metaspace: 18876K(19072K)->18876K(19072K) NonClass: 16215K(16320K)->16215K(16320K) Class: 2661K(2752K)->2661K(2752K)
[321.065s][info][gc             ] GC(758) Pause Young (Normal) (G1 Evacuation Pause) 849M->524M(978M) 84.948ms
[321.065s][info][gc,cpu         ] GC(758) User=0.17s Sys=0.00s Real=0.08s
[321.198s][info][gc,marking     ] GC(757) Concurrent Mark From Roots 1139.651ms
[321.198s][info][gc,marking     ] GC(757) Concurrent Preclean
[321.198s][info][gc,marking     ] GC(757) Concurrent Preclean 0.031ms
[321.198s][info][gc,start       ] GC(757) Pause Remark
[321.205s][info][gc             ] GC(757) Pause Remark 593M->593M(978M) 7.315ms
[321.205s][info][gc,cpu         ] GC(757) User=0.01s Sys=0.00s Real=0.00s
[321.207s][info][gc,marking     ] GC(757) Concurrent Mark 1149.393ms
[321.207s][info][gc,marking     ] GC(757) Concurrent Rebuild Remembered Sets and Scrub Regions
[321.643s][info][gc,marking     ] GC(757) Concurrent Rebuild Remembered Sets and Scrub Regions 435.879ms
[321.643s][info][gc,start       ] GC(757) Pause Cleanup
[321.644s][info][gc             ] GC(757) Pause Cleanup 769M->769M(978M) 0.124ms
[321.644s][info][gc,cpu         ] GC(757) User=0.00s Sys=0.00s Real=0.00s
[321.644s][info][gc,marking     ] GC(757) Concurrent Clear Claimed Marks
[321.644s][info][gc,marking     ] GC(757) Concurrent Clear Claimed Marks 0.038ms
[321.644s][info][gc,marking     ] GC(757) Concurrent Cleanup for Next Mark
[321.649s][info][gc,marking     ] GC(757) Concurrent Cleanup for Next Mark 4.860ms
[321.649s][info][gc             ] GC(757) Concurrent Mark Cycle 1680.075ms
[321.763s][info][gc,start       ] GC(759) Pause Young (Prepare Mixed) (G1 Evacuation Pause)
[321.763s][info][gc,task        ] GC(759) Using 2 workers of 2 for evacuation
[321.879s][info][gc,phases      ] GC(759)   Pre Evacuate Collection Set: 0.51ms
[321.879s][info][gc,phases      ] GC(759)   Merge Heap Roots: 0.99ms
[321.879s][info][gc,phases      ] GC(759)   Evacuate Collection Set: 113.38ms
[321.879s][info][gc,phases      ] GC(759)   Post Evacuate Collection Set: 0.68ms
[321.879s][info][gc,phases      ] GC(759)   Other: 0.12ms
[321.879s][info][gc,heap        ] GC(759) Eden regions: 329->0(295)
[321.879s][info][gc,heap        ] GC(759) Survivor regions: 52->41(48)
[321.879s][info][gc,heap        ] GC(759) Old regions: 468->520
[321.879s][info][gc,heap        ] GC(759) Humongous regions: 8->8
[321.879s][info][gc,metaspace   ] GC(759) Metaspace: 18876K(19072K)->18876K(19072K) NonClass: 16215K(16320K)->16215K(16320K) Class: 2661K(2752K)->2661K(2752K)
[321.879s][info][gc             ] GC(759) Pause Young (Prepare Mixed) (G1 Evacuation Pause) 856M->568M(978M) 115.986ms
[321.879s][info][gc,cpu         ] GC(759) User=0.22s Sys=0.00s Real=0.12s
[322.203s][info][gc,start       ] GC(760) Pause Young (Mixed) (G1 Evacuation Pause)
[322.203s][info][gc,task        ] GC(760) Using 2 workers of 2 for evacuation
[322.311s][info][gc,phases      ] GC(760)   Pre Evacuate Collection Set: 0.51ms
[322.311s][info][gc,phases      ] GC(760)   Merge Heap Roots: 0.30ms
[322.311s][info][gc,phases      ] GC(760)   Evacuate Collection Set: 106.92ms
[322.311s][info][gc,phases      ] GC(760)   Post Evacuate Collection Set: 0.67ms
[322.311s][info][gc,phases      ] GC(760)   Other: 0.08ms
[322.311s][info][gc,heap        ] GC(760) Eden regions: 295->0(234)
[322.311s][info][gc,heap        ] GC(760) Survivor regions: 41->42(42)
[322.311s][info][gc,heap        ] GC(760) Old regions: 520->576
[322.311s][info][gc,heap        ] GC(760) Humongous regions: 8->8
[322.311s][info][gc,metaspace   ] GC(760) Metaspace: 18876K(19072K)->18876K(19072K) NonClass: 16215K(16320K)->16215K(16320K) Class: 2661K(2752K)->2661K(2752K)
[322.311s][info][gc             ] GC(760) Pause Young (Mixed) (G1 Evacuation Pause) 863M->625M(978M) 108.755ms
[322.311s][info][gc,cpu         ] GC(760) User=0.21s Sys=0.00s Real=0.11s
[322.510s][info][gc,start       ] GC(761) Pause Young (Concurrent Start) (G1 Humongous Allocation)
[322.510s][info][gc,task        ] GC(761) Using 2 workers of 2 for evacuation
[322.566s][info][gc,phases      ] GC(761)   Pre Evacuate Collection Set: 0.33ms
[322.566s][info][gc,phases      ] GC(761)   Merge Heap Roots: 0.34ms
[322.566s][info][gc,phases      ] GC(761)   Evacuate Collection Set: 54.74ms
[322.566s][info][gc,phases      ] GC(761)   Post Evacuate Collection Set: 0.56ms
[322.566s][info][gc,phases      ] GC(761)   Other: 0.18ms
[322.566s][info][gc,heap        ] GC(761) Eden regions: 187->0(241)
[322.566s][info][gc,heap        ] GC(761) Survivor regions: 42->8(35)
[322.566s][info][gc,heap        ] GC(761) Old regions: 576->619
[322.566s][info][gc,heap        ] GC(761) Humongous regions: 8->8
[322.566s][info][gc,metaspace   ] GC(761) Metaspace: 18876K(19072K)->18876K(19072K) NonClass: 16215K(16320K)->16215K(16320K) Class: 2661K(2752K)->2661K(2752K)
[322.566s][info][gc             ] GC(761) Pause Young (Concurrent Start) (G1 Humongous Allocation) 812M->634M(978M) 56.399ms
[322.566s][info][gc             ] GC(762) Concurrent Mark Cycle
[322.566s][info][gc,marking     ] GC(762) Concurrent Scan Root Regions
[322.568s][info][gc,cpu         ] GC(761) User=0.11s Sys=0.00s Real=0.06s
[322.623s][info][gc,marking     ] GC(762) Concurrent Scan Root Regions 56.328ms
[322.623s][info][gc,marking     ] GC(762) Concurrent Mark
[322.623s][info][gc,marking     ] GC(762) Concurrent Mark From Roots
[322.623s][info][gc,task        ] GC(762) Using 1 workers of 1 for marking
[323.311s][info][gc,start       ] GC(763) Pause Young (Normal) (G1 Evacuation Pause)
[323.311s][info][gc,task        ] GC(763) Using 2 workers of 2 for evacuation
[323.344s][info][gc,phases      ] GC(763)   Pre Evacuate Collection Set: 0.50ms
[323.344s][info][gc,phases      ] GC(763)   Merge Heap Roots: 0.33ms
[323.344s][info][gc,phases      ] GC(763)   Evacuate Collection Set: 31.93ms
[323.344s][info][gc,phases      ] GC(763)   Post Evacuate Collection Set: 0.51ms
[323.344s][info][gc,phases      ] GC(763)   Other: 0.08ms
[323.344s][info][gc,heap        ] GC(763) Eden regions: 241->0(240)
[323.344s][info][gc,heap        ] GC(763) Survivor regions: 8->19(32)
[323.344s][info][gc,heap        ] GC(763) Old regions: 619->619
[323.344s][info][gc,heap        ] GC(763) Humongous regions: 11->11
[323.344s][info][gc,metaspace   ] GC(763) Metaspace: 18876K(19072K)->18876K(19072K) NonClass: 16215K(16320K)->16215K(16320K) Class: 2661K(2752K)->2661K(2752K)
[323.344s][info][gc             ] GC(763) Pause Young (Normal) (G1 Evacuation Pause) 878M->647M(978M) 33.581ms
[323.344s][info][gc,cpu         ] GC(763) User=0.07s Sys=0.00s Real=0.03s
[323.915s][info][gc,marking     ] GC(762) Concurrent Mark From Roots 1292.106ms
[323.915s][info][gc,marking     ] GC(762) Concurrent Preclean
[323.915s][info][gc,marking     ] GC(762) Concurrent Preclean 0.030ms
[323.915s][info][gc,start       ] GC(762) Pause Remark
[323.923s][info][gc             ] GC(762) Pause Remark 834M->707M(978M) 7.594ms
[323.923s][info][gc,cpu         ] GC(762) User=0.02s Sys=0.00s Real=0.01s
[323.923s][info][gc,marking     ] GC(762) Concurrent Mark 1300.720ms
[323.923s][info][gc,marking     ] GC(762) Concurrent Rebuild Remembered Sets and Scrub Regions
[324.058s][info][gc,start       ] GC(764) Pause Young (Normal) (G1 Evacuation Pause)
[324.058s][info][gc,task        ] GC(764) Using 2 workers of 2 for evacuation
[324.090s][info][gc,phases      ] GC(764)   Pre Evacuate Collection Set: 0.25ms
[324.090s][info][gc,phases      ] GC(764)   Merge Heap Roots: 0.26ms
[324.090s][info][gc,phases      ] GC(764)   Evacuate Collection Set: 31.62ms
[324.090s][info][gc,phases      ] GC(764)   Post Evacuate Collection Set: 0.48ms
[324.090s][info][gc,phases      ] GC(764)   Other: 0.08ms
[324.090s][info][gc,heap        ] GC(764) Eden regions: 240->0(347)
[324.090s][info][gc,heap        ] GC(764) Survivor regions: 19->12(33)
[324.090s][info][gc,heap        ] GC(764) Old regions: 495->502
[324.091s][info][gc,heap        ] GC(764) Humongous regions: 8->8
[324.091s][info][gc,metaspace   ] GC(764) Metaspace: 18876K(19072K)->18876K(19072K) NonClass: 16215K(16320K)->16215K(16320K) Class: 2661K(2752K)->2661K(2752K)
[324.091s][info][gc             ] GC(764) Pause Young (Normal) (G1 Evacuation Pause) 760M->521M(978M) 32.962ms
[324.091s][info][gc,cpu         ] GC(764) User=0.06s Sys=0.00s Real=0.03s
[324.286s][info][gc,marking     ] GC(762) Concurrent Rebuild Remembered Sets and Scrub Regions 363.091ms
[324.287s][info][gc,start       ] GC(762) Pause Cleanup
[324.287s][info][gc             ] GC(762) Pause Cleanup 603M->603M(978M) 0.113ms
[324.287s][info][gc,cpu         ] GC(762) User=0.00s Sys=0.00s Real=0.00s
[324.287s][info][gc,marking     ] GC(762) Concurrent Clear Claimed Marks
[324.287s][info][gc,marking     ] GC(762) Concurrent Clear Claimed Marks 0.038ms
[324.287s][info][gc,marking     ] GC(762) Concurrent Cleanup for Next Mark
[324.292s][info][gc,marking     ] GC(762) Concurrent Cleanup for Next Mark 5.286ms
[324.292s][info][gc             ] GC(762) Concurrent Mark Cycle 1725.967ms
[324.674s][info][gc,start       ] GC(765) Pause Young (Prepare Mixed) (G1 Evacuation Pause)
[324.674s][info][gc,task        ] GC(765) Using 2 workers of 2 for evacuation
[324.690s][info][gc,phases      ] GC(765)   Pre Evacuate Collection Set: 0.51ms
[324.690s][info][gc,phases      ] GC(765)   Merge Heap Roots: 0.48ms
[324.690s][info][gc,phases      ] GC(765)   Evacuate Collection Set: 14.86ms
[324.690s][info][gc,phases      ] GC(765)   Post Evacuate Collection Set: 0.54ms
[324.690s][info][gc,phases      ] GC(765)   Other: 0.12ms
[324.690s][info][gc,heap        ] GC(765) Eden regions: 347->0(366)
[324.690s][info][gc,heap        ] GC(765) Survivor regions: 12->12(45)
[324.690s][info][gc,heap        ] GC(765) Old regions: 502->502
[324.690s][info][gc,heap        ] GC(765) Humongous regions: 8->8
[324.691s][info][gc,metaspace   ] GC(765) Metaspace: 18876K(19072K)->18876K(19072K) NonClass: 16215K(16320K)->16215K(16320K) Class: 2661K(2752K)->2661K(2752K)
[324.691s][info][gc             ] GC(765) Pause Young (Prepare Mixed) (G1 Evacuation Pause) 868M->521M(978M) 16.729ms
[324.691s][info][gc,cpu         ] GC(765) User=0.03s Sys=0.00s Real=0.02s
[325.115s][info][gc,start       ] GC(766) Pause Young (Mixed) (G1 Evacuation Pause)
[325.116s][info][gc,task        ] GC(766) Using 2 workers of 2 for evacuation
[325.170s][info][gc,phases      ] GC(766)   Pre Evacuate Collection Set: 0.49ms
[325.170s][info][gc,phases      ] GC(766)   Merge Heap Roots: 0.25ms
[325.170s][info][gc,phases      ] GC(766)   Evacuate Collection Set: 52.78ms
[325.170s][info][gc,phases      ] GC(766)   Post Evacuate Collection Set: 0.62ms
[325.170s][info][gc,phases      ] GC(766)   Other: 0.11ms
[325.170s][info][gc,heap        ] GC(766) Eden regions: 366->0(352)
[325.170s][info][gc,heap        ] GC(766) Survivor regions: 12->46(48)
[325.170s][info][gc,heap        ] GC(766) Old regions: 502->475
[325.170s][info][gc,heap        ] GC(766) Humongous regions: 8->8
[325.170s][info][gc,metaspace   ] GC(766) Metaspace: 18876K(19072K)->18876K(19072K) NonClass: 16215K(16320K)->16215K(16320K) Class: 2661K(2752K)->2661K(2752K)
[325.170s][info][gc             ] GC(766) Pause Young (Mixed) (G1 Evacuation Pause) 887M->527M(978M) 54.480ms
[325.170s][info][gc,cpu         ] GC(766) User=0.11s Sys=0.00s Real=0.06s
[325.485s][info][gc,start       ] GC(767) Pause Young (Concurrent Start) (G1 Evacuation Pause)
[325.485s][info][gc,task        ] GC(767) Using 2 workers of 2 for evacuation
[325.540s][info][gc,phases      ] GC(767)   Pre Evacuate Collection Set: 0.31ms
[325.540s][info][gc,phases      ] GC(767)   Merge Heap Roots: 0.22ms
[325.540s][info][gc,phases      ] GC(767)   Evacuate Collection Set: 53.29ms
[325.540s][info][gc,phases      ] GC(767)   Post Evacuate Collection Set: 0.59ms
[325.540s][info][gc,phases      ] GC(767)   Other: 0.10ms
[325.540s][info][gc,heap        ] GC(767) Eden regions: 352->0(363)
[325.540s][info][gc,heap        ] GC(767) Survivor regions: 46->5(50)
[325.540s][info][gc,heap        ] GC(767) Old regions: 475->520
[325.540s][info][gc,heap        ] GC(767) Humongous regions: 8->8
[325.540s][info][gc,metaspace   ] GC(767) Metaspace: 18876K(19072K)->18876K(19072K) NonClass: 16215K(16320K)->16215K(16320K) Class: 2661K(2752K)->2661K(2752K)
[325.540s][info][gc             ] GC(767) Pause Young (Concurrent Start) (G1 Evacuation Pause) 879M->532M(978M) 54.763ms
[325.540s][info][gc,cpu         ] GC(767) User=0.10s Sys=0.00s Real=0.06s
[325.540s][info][gc             ] GC(768) Concurrent Mark Cycle
[325.540s][info][gc,marking     ] GC(768) Concurrent Scan Root Regions
[325.652s][info][gc,marking     ] GC(768) Concurrent Scan Root Regions 112.075ms
[325.652s][info][gc,marking     ] GC(768) Concurrent Mark
[325.652s][info][gc,marking     ] GC(768) Concurrent Mark From Roots
[325.652s][info][gc,task        ] GC(768) Using 1 workers of 1 for marking
[326.016s][info][gc,start       ] GC(769) Pause Young (Normal) (G1 Evacuation Pause)
[326.016s][info][gc,task        ] GC(769) Using 2 workers of 2 for evacuation
[326.089s][info][gc,phases      ] GC(769)   Pre Evacuate Collection Set: 0.48ms
[326.089s][info][gc,phases      ] GC(769)   Merge Heap Roots: 0.46ms
[326.089s][info][gc,phases      ] GC(769)   Evacuate Collection Set: 71.10ms
[326.089s][info][gc,phases      ] GC(769)   Post Evacuate Collection Set: 0.56ms
[326.089s][info][gc,phases      ] GC(769)   Other: 0.10ms
[326.089s][info][gc,heap        ] GC(769) Eden regions: 363->0(291)
[326.089s][info][gc,heap        ] GC(769) Survivor regions: 5->46(46)
[326.089s][info][gc,heap        ] GC(769) Old regions: 520->537
[326.089s][info][gc,heap        ] GC(769) Humongous regions: 8->8
[326.089s][info][gc,metaspace   ] GC(769) Metaspace: 18876K(19072K)->18876K(19072K) NonClass: 16215K(16320K)->16215K(16320K) Class: 2661K(2752K)->2661K(2752K)
[326.089s][info][gc             ] GC(769) Pause Young (Normal) (G1 Evacuation Pause) 895M->590M(978M) 72.971ms
[326.089s][info][gc,cpu         ] GC(769) User=0.14s Sys=0.00s Real=0.08s
[326.684s][info][gc,start       ] GC(770) Pause Young (Normal) (G1 Evacuation Pause)
[326.684s][info][gc,task        ] GC(770) Using 2 workers of 2 for evacuation
[326.740s][info][gc,phases      ] GC(770)   Pre Evacuate Collection Set: 0.32ms
[326.740s][info][gc,phases      ] GC(770)   Merge Heap Roots: 0.30ms
[326.740s][info][gc,phases      ] GC(770)   Evacuate Collection Set: 54.30ms
[326.740s][info][gc,phases      ] GC(770)   Post Evacuate Collection Set: 0.52ms
[326.740s][info][gc,phases      ] GC(770)   Other: 0.10ms
[326.740s][info][gc,heap        ] GC(770) Eden regions: 291->0(299)
[326.740s][info][gc,heap        ] GC(770) Survivor regions: 46->6(43)
[326.740s][info][gc,heap        ] GC(770) Old regions: 537->583
[326.740s][info][gc,heap        ] GC(770) Humongous regions: 8->8
[326.740s][info][gc,metaspace   ] GC(770) Metaspace: 18876K(19072K)->18876K(19072K) NonClass: 16215K(16320K)->16215K(16320K) Class: 2661K(2752K)->2661K(2752K)
[326.740s][info][gc             ] GC(770) Pause Young (Normal) (G1 Evacuation Pause) 881M->596M(978M) 55.820ms
[326.740s][info][gc,cpu         ] GC(770) User=0.11s Sys=0.00s Real=0.06s
[326.968s][info][gc,marking     ] GC(768) Concurrent Mark From Roots 1316.078ms
[326.968s][info][gc,marking     ] GC(768) Concurrent Preclean
[326.969s][info][gc,marking     ] GC(768) Concurrent Preclean 0.039ms
[326.969s][info][gc,start       ] GC(768) Pause Remark
[326.976s][info][gc             ] GC(768) Pause Remark 717M->716M(978M) 7.378ms
[326.976s][info][gc,cpu         ] GC(768) User=0.01s Sys=0.00s Real=0.00s
[326.976s][info][gc,marking     ] GC(768) Concurrent Mark 1323.806ms
[326.976s][info][gc,marking     ] GC(768) Concurrent Rebuild Remembered Sets and Scrub Regions
[327.439s][info][gc,marking     ] GC(768) Concurrent Rebuild Remembered Sets and Scrub Regions 462.623ms
[327.439s][info][gc,start       ] GC(768) Pause Cleanup
[327.439s][info][gc             ] GC(768) Pause Cleanup 888M->888M(978M) 0.131ms
[327.439s][info][gc,cpu         ] GC(768) User=0.00s Sys=0.00s Real=0.00s
[327.439s][info][gc,marking     ] GC(768) Concurrent Clear Claimed Marks
[327.439s][info][gc,marking     ] GC(768) Concurrent Clear Claimed Marks 0.031ms
[327.439s][info][gc,marking     ] GC(768) Concurrent Cleanup for Next Mark
[327.442s][info][gc,marking     ] GC(768) Concurrent Cleanup for Next Mark 2.808ms
[327.442s][info][gc             ] GC(768) Concurrent Mark Cycle 1901.870ms
[327.468s][info][gc,start       ] GC(771) Pause Young (Prepare Mixed) (G1 Evacuation Pause)
[327.468s][info][gc,task        ] GC(771) Using 2 workers of 2 for evacuation
[327.502s][info][gc,phases      ] GC(771)   Pre Evacuate Collection Set: 0.43ms
[327.502s][info][gc,phases      ] GC(771)   Merge Heap Roots: 0.51ms
[327.502s][info][gc,phases      ] GC(771)   Evacuate Collection Set: 33.22ms
[327.502s][info][gc,phases      ] GC(771)   Post Evacuate Collection Set: 0.51ms
[327.503s][info][gc,phases      ] GC(771)   Other: 0.08ms
[327.503s][info][gc,heap        ] GC(771) Eden regions: 299->0(280)
[327.503s][info][gc,heap        ] GC(771) Survivor regions: 6->28(39)
[327.503s][info][gc,heap        ] GC(771) Old regions: 583->583
[327.503s][info][gc,heap        ] GC(771) Humongous regions: 7->7
[327.503s][info][gc,metaspace   ] GC(771) Metaspace: 18876K(19072K)->18876K(19072K) NonClass: 16215K(16320K)->16215K(16320K) Class: 2661K(2752K)->2661K(2752K)
[327.503s][info][gc             ] GC(771) Pause Young (Prepare Mixed) (G1 Evacuation Pause) 894M->617M(978M) 34.934ms
[327.503s][info][gc,cpu         ] GC(771) User=0.07s Sys=0.00s Real=0.03s
[328.162s][info][gc,start       ] GC(772) Pause Young (Mixed) (G1 Evacuation Pause)
[328.162s][info][gc,task        ] GC(772) Using 2 workers of 2 for evacuation
[328.192s][info][gc,phases      ] GC(772)   Pre Evacuate Collection Set: 0.50ms
[328.192s][info][gc,phases      ] GC(772)   Merge Heap Roots: 0.21ms
[328.192s][info][gc,phases      ] GC(772)   Evacuate Collection Set: 28.29ms
[328.192s][info][gc,phases      ] GC(772)   Post Evacuate Collection Set: 0.47ms
[328.192s][info][gc,phases      ] GC(772)   Other: 0.10ms
[328.192s][info][gc,heap        ] GC(772) Eden regions: 280->0(300)
[328.192s][info][gc,heap        ] GC(772) Survivor regions: 28->1(39)
[328.192s][info][gc,heap        ] GC(772) Old regions: 583->603
[328.192s][info][gc,heap        ] GC(772) Humongous regions: 7->7
[328.192s][info][gc,metaspace   ] GC(772) Metaspace: 18876K(19072K)->18876K(19072K) NonClass: 16215K(16320K)->16215K(16320K) Class: 2661K(2752K)->2661K(2752K)
[328.192s][info][gc             ] GC(772) Pause Young (Mixed) (G1 Evacuation Pause) 897M->610M(978M) 29.798ms
[328.192s][info][gc,cpu         ] GC(772) User=0.06s Sys=0.00s Real=0.03s
[328.807s][info][gc,start       ] GC(773) Pause Young (Concurrent Start) (G1 Evacuation Pause)
[328.807s][info][gc,task        ] GC(773) Using 2 workers of 2 for evacuation
[328.809s][info][gc,phases      ] GC(773)   Pre Evacuate Collection Set: 0.30ms
[328.810s][info][gc,phases      ] GC(773)   Merge Heap Roots: 0.11ms
[328.810s][info][gc,phases      ] GC(773)   Evacuate Collection Set: 1.09ms
[328.810s][info][gc,phases      ] GC(773)   Post Evacuate Collection Set: 0.48ms
[328.810s][info][gc,phases      ] GC(773)   Other: 0.12ms
[328.810s][info][gc,heap        ] GC(773) Eden regions: 300->0(311)
[328.810s][info][gc,heap        ] GC(773) Survivor regions: 1->1(38)
[328.810s][info][gc,heap        ] GC(773) Old regions: 603->603
[328.810s][info][gc,heap        ] GC(773) Humongous regions: 7->7
[328.810s][info][gc,metaspace   ] GC(773) Metaspace: 18876K(19072K)->18876K(19072K) NonClass: 16215K(16320K)->16215K(16320K) Class: 2661K(2752K)->2661K(2752K)
[328.810s][info][gc             ] GC(773) Pause Young (Concurrent Start) (G1 Evacuation Pause) 910M->610M(978M) 2.298ms
[328.810s][info][gc             ] GC(774) Concurrent Mark Cycle
[328.810s][info][gc,marking     ] GC(774) Concurrent Scan Root Regions
[328.810s][info][gc,marking     ] GC(774) Concurrent Scan Root Regions 0.379ms
[328.810s][info][gc,marking     ] GC(774) Concurrent Mark
[328.810s][info][gc,marking     ] GC(774) Concurrent Mark From Roots
[328.810s][info][gc,task        ] GC(774) Using 1 workers of 1 for marking
[328.810s][info][gc,cpu         ] GC(773) User=0.00s Sys=0.00s Real=0.00s
[329.843s][info][gc,start       ] GC(775) Pause Young (Normal) (G1 Evacuation Pause)
[329.843s][info][gc,task        ] GC(775) Using 2 workers of 2 for evacuation
[329.867s][info][gc,phases      ] GC(775)   Pre Evacuate Collection Set: 0.29ms
[329.867s][info][gc,phases      ] GC(775)   Merge Heap Roots: 0.16ms
[329.867s][info][gc,phases      ] GC(775)   Evacuate Collection Set: 22.95ms
[329.867s][info][gc,phases      ] GC(775)   Post Evacuate Collection Set: 0.52ms
[329.867s][info][gc,phases      ] GC(775)   Other: 0.08ms
[329.867s][info][gc,heap        ] GC(775) Eden regions: 311->0(266)
[329.867s][info][gc,heap        ] GC(775) Survivor regions: 1->26(39)
[329.867s][info][gc,heap        ] GC(775) Old regions: 603->603
[329.867s][info][gc,heap        ] GC(775) Humongous regions: 7->7
[329.867s][info][gc,metaspace   ] GC(775) Metaspace: 18876K(19072K)->18876K(19072K) NonClass: 16215K(16320K)->16215K(16320K) Class: 2661K(2752K)->2661K(2752K)
[329.867s][info][gc             ] GC(775) Pause Young (Normal) (G1 Evacuation Pause) 921M->634M(978M) 24.223ms
[329.867s][info][gc,cpu         ] GC(775) User=0.05s Sys=0.00s Real=0.03s
[330.136s][info][gc,marking     ] GC(774) Concurrent Mark From Roots 1326.444ms
[330.137s][info][gc,marking     ] GC(774) Concurrent Preclean
[330.137s][info][gc,marking     ] GC(774) Concurrent Preclean 0.032ms
[330.137s][info][gc,start       ] GC(774) Pause Remark
[330.222s][info][gc             ] GC(774) Pause Remark 764M->764M(978M) 85.425ms
[330.222s][info][gc,cpu         ] GC(774) User=0.17s Sys=0.00s Real=0.08s
[330.226s][info][gc,marking     ] GC(774) Concurrent Mark 1416.244ms
[330.226s][info][gc,marking     ] GC(774) Concurrent Rebuild Remembered Sets and Scrub Regions
[330.541s][info][gc,start       ] GC(776) Pause Young (Normal) (G1 Evacuation Pause)
[330.541s][info][gc,task        ] GC(776) Using 2 workers of 2 for evacuation
[330.606s][info][gc,phases      ] GC(776)   Pre Evacuate Collection Set: 0.29ms
[330.606s][info][gc,phases      ] GC(776)   Merge Heap Roots: 0.15ms
[330.606s][info][gc,phases      ] GC(776)   Evacuate Collection Set: 64.25ms
[330.606s][info][gc,phases      ] GC(776)   Post Evacuate Collection Set: 0.55ms
[330.606s][info][gc,phases      ] GC(776)   Other: 0.10ms
[330.606s][info][gc,heap        ] GC(776) Eden regions: 266->0(207)
[330.606s][info][gc,heap        ] GC(776) Survivor regions: 26->37(37)
[330.606s][info][gc,heap        ] GC(776) Old regions: 603->640
[330.606s][info][gc,heap        ] GC(776) Humongous regions: 7->7
[330.606s][info][gc,metaspace   ] GC(776) Metaspace: 18876K(19072K)->18876K(19072K) NonClass: 16215K(16320K)->16215K(16320K) Class: 2661K(2752K)->2661K(2752K)
[330.606s][info][gc             ] GC(776) Pause Young (Normal) (G1 Evacuation Pause) 900M->683M(978M) 65.581ms
[330.607s][info][gc,cpu         ] GC(776) User=0.13s Sys=0.00s Real=0.07s
[330.818s][info][gc,start       ] GC(777) Pause Young (Normal) (G1 Evacuation Pause)
[330.818s][info][gc,task        ] GC(777) Using 2 workers of 2 for evacuation
[330.912s][info][gc,phases      ] GC(777)   Pre Evacuate Collection Set: 0.28ms
[330.912s][info][gc,phases      ] GC(777)   Merge Heap Roots: 0.30ms
[330.912s][info][gc,phases      ] GC(777)   Evacuate Collection Set: 89.62ms
[330.912s][info][gc,phases      ] GC(777)   Post Evacuate Collection Set: 3.63ms
[330.912s][info][gc,phases      ] GC(777)   Other: 0.10ms
[330.912s][info][gc,heap        ] GC(777) Eden regions: 207->0(122)
[330.912s][info][gc,heap        ] GC(777) Survivor regions: 37->31(31)
[330.912s][info][gc,heap        ] GC(777) Old regions: 640->737
[330.912s][info][gc,heap        ] GC(777) Humongous regions: 7->7
[330.912s][info][gc,metaspace   ] GC(777) Metaspace: 18876K(19072K)->18876K(19072K) NonClass: 16215K(16320K)->16215K(16320K) Class: 2661K(2752K)->2661K(2752K)
[330.912s][info][gc             ] GC(777) Pause Young (Normal) (G1 Evacuation Pause) (Evacuation Failure: Allocation) 890M->774M(978M) 94.235ms
[330.912s][info][gc,cpu         ] GC(777) User=0.18s Sys=0.00s Real=0.09s
[330.934s][info][gc,marking     ] GC(774) Concurrent Rebuild Remembered Sets and Scrub Regions 707.862ms
[330.934s][info][gc,start       ] GC(774) Pause Cleanup
[330.935s][info][gc             ] GC(774) Pause Cleanup 789M->789M(978M) 0.121ms
[330.935s][info][gc,cpu         ] GC(774) User=0.00s Sys=0.00s Real=0.00s
[330.935s][info][gc,marking     ] GC(774) Concurrent Clear Claimed Marks
[330.935s][info][gc,marking     ] GC(774) Concurrent Clear Claimed Marks 0.044ms
[330.935s][info][gc,marking     ] GC(774) Concurrent Cleanup for Next Mark
[330.942s][info][gc,marking     ] GC(774) Concurrent Cleanup for Next Mark 6.870ms
[330.942s][info][gc             ] GC(774) Concurrent Mark Cycle 2132.680ms
[331.070s][info][gc,start       ] GC(778) Pause Young (Prepare Mixed) (G1 Evacuation Pause)
[331.070s][info][gc,task        ] GC(778) Using 2 workers of 2 for evacuation
[331.147s][info][gc,phases      ] GC(778)   Pre Evacuate Collection Set: 0.54ms
[331.147s][info][gc,phases      ] GC(778)   Merge Heap Roots: 0.48ms
[331.147s][info][gc,phases      ] GC(778)   Evacuate Collection Set: 74.76ms
[331.147s][info][gc,phases      ] GC(778)   Post Evacuate Collection Set: 0.55ms
[331.147s][info][gc,phases      ] GC(778)   Other: 0.08ms
[331.147s][info][gc,heap        ] GC(778) Eden regions: 122->0(126)
[331.147s][info][gc,heap        ] GC(778) Survivor regions: 31->20(20)
[331.147s][info][gc,heap        ] GC(778) Old regions: 737->749
[331.147s][info][gc,heap        ] GC(778) Humongous regions: 10->10
[331.147s][info][gc,metaspace   ] GC(778) Metaspace: 18876K(19072K)->18876K(19072K) NonClass: 16215K(16320K)->16215K(16320K) Class: 2661K(2752K)->2661K(2752K)
[331.147s][info][gc             ] GC(778) Pause Young (Prepare Mixed) (G1 Evacuation Pause) 899M->778M(978M) 76.634ms
[331.147s][info][gc,cpu         ] GC(778) User=0.15s Sys=0.00s Real=0.08s
[331.283s][info][gc,start       ] GC(779) Pause Young (Mixed) (G1 Evacuation Pause)
[331.283s][info][gc,task        ] GC(779) Using 2 workers of 2 for evacuation
[331.313s][info][gc,phases      ] GC(779)   Pre Evacuate Collection Set: 0.31ms
[331.314s][info][gc,phases      ] GC(779)   Merge Heap Roots: 0.24ms
[331.314s][info][gc,phases      ] GC(779)   Evacuate Collection Set: 28.97ms
[331.314s][info][gc,phases      ] GC(779)   Post Evacuate Collection Set: 0.37ms
[331.314s][info][gc,phases      ] GC(779)   Other: 0.09ms
[331.314s][info][gc,heap        ] GC(779) Eden regions: 126->0(137)
[331.314s][info][gc,heap        ] GC(779) Survivor regions: 20->1(19)
[331.314s][info][gc,heap        ] GC(779) Old regions: 749->761
[331.314s][info][gc,heap        ] GC(779) Humongous regions: 10->10
[331.314s][info][gc,metaspace   ] GC(779) Metaspace: 18876K(19072K)->18876K(19072K) NonClass: 16215K(16320K)->16215K(16320K) Class: 2661K(2752K)->2661K(2752K)
[331.314s][info][gc             ] GC(779) Pause Young (Mixed) (G1 Evacuation Pause) 904M->771M(978M) 30.251ms
[331.314s][info][gc,cpu         ] GC(779) User=0.06s Sys=0.00s Real=0.03s
[331.466s][info][gc,start       ] GC(780) Pause Young (Concurrent Start) (G1 Evacuation Pause)
[331.466s][info][gc,task        ] GC(780) Using 2 workers of 2 for evacuation
[331.468s][info][gc,phases      ] GC(780)   Pre Evacuate Collection Set: 0.29ms
[331.468s][info][gc,phases      ] GC(780)   Merge Heap Roots: 0.06ms
[331.468s][info][gc,phases      ] GC(780)   Evacuate Collection Set: 1.03ms
[331.468s][info][gc,phases      ] GC(780)   Post Evacuate Collection Set: 0.35ms
[331.468s][info][gc,phases      ] GC(780)   Other: 0.13ms
[331.468s][info][gc,heap        ] GC(780) Eden regions: 137->0(145)
[331.468s][info][gc,heap        ] GC(780) Survivor regions: 1->1(18)
[331.468s][info][gc,heap        ] GC(780) Old regions: 761->761
[331.468s][info][gc,heap        ] GC(780) Humongous regions: 10->10
[331.468s][info][gc,metaspace   ] GC(780) Metaspace: 18876K(19072K)->18876K(19072K) NonClass: 16215K(16320K)->16215K(16320K) Class: 2661K(2752K)->2661K(2752K)
[331.468s][info][gc             ] GC(780) Pause Young (Concurrent Start) (G1 Evacuation Pause) 908M->771M(978M) 2.107ms
[331.468s][info][gc,cpu         ] GC(780) User=0.00s Sys=0.00s Real=0.01s
[331.468s][info][gc             ] GC(781) Concurrent Mark Cycle
[331.468s][info][gc,marking     ] GC(781) Concurrent Scan Root Regions
[331.471s][info][gc,marking     ] GC(781) Concurrent Scan Root Regions 3.139ms
[331.471s][info][gc,marking     ] GC(781) Concurrent Mark
[331.471s][info][gc,marking     ] GC(781) Concurrent Mark From Roots
[331.471s][info][gc,task        ] GC(781) Using 1 workers of 1 for marking
[331.722s][info][gc,start       ] GC(782) Pause Young (Normal) (G1 Evacuation Pause)
[331.722s][info][gc,task        ] GC(782) Using 2 workers of 2 for evacuation
[331.724s][info][gc,phases      ] GC(782)   Pre Evacuate Collection Set: 0.29ms
[331.724s][info][gc,phases      ] GC(782)   Merge Heap Roots: 0.07ms
[331.724s][info][gc,phases      ] GC(782)   Evacuate Collection Set: 1.20ms
[331.724s][info][gc,phases      ] GC(782)   Post Evacuate Collection Set: 0.31ms
[331.724s][info][gc,phases      ] GC(782)   Other: 0.08ms
[331.724s][info][gc,heap        ] GC(782) Eden regions: 145->0(153)
[331.724s][info][gc,heap        ] GC(782) Survivor regions: 1->1(19)
[331.724s][info][gc,heap        ] GC(782) Old regions: 761->761
[331.724s][info][gc,heap        ] GC(782) Humongous regions: 10->10
[331.724s][info][gc,metaspace   ] GC(782) Metaspace: 18876K(19072K)->18876K(19072K) NonClass: 16215K(16320K)->16215K(16320K) Class: 2661K(2752K)->2661K(2752K)
[331.724s][info][gc             ] GC(782) Pause Young (Normal) (G1 Evacuation Pause) 916M->770M(978M) 2.163ms
[331.724s][info][gc,cpu         ] GC(782) User=0.00s Sys=0.00s Real=0.00s
[332.015s][info][gc,start       ] GC(783) Pause Young (Normal) (G1 Evacuation Pause)
[332.015s][info][gc,task        ] GC(783) Using 2 workers of 2 for evacuation
[332.018s][info][gc,phases      ] GC(783)   Pre Evacuate Collection Set: 0.48ms
[332.018s][info][gc,phases      ] GC(783)   Merge Heap Roots: 0.08ms
[332.018s][info][gc,phases      ] GC(783)   Evacuate Collection Set: 1.29ms
[332.018s][info][gc,phases      ] GC(783)   Post Evacuate Collection Set: 0.35ms
[332.018s][info][gc,phases      ] GC(783)   Other: 0.07ms
[332.018s][info][gc,heap        ] GC(783) Eden regions: 153->0(155)
[332.018s][info][gc,heap        ] GC(783) Survivor regions: 1->1(20)
[332.018s][info][gc,heap        ] GC(783) Old regions: 761->761
[332.018s][info][gc,heap        ] GC(783) Humongous regions: 10->10
[332.018s][info][gc,metaspace   ] GC(783) Metaspace: 18876K(19072K)->18876K(19072K) NonClass: 16215K(16320K)->16215K(16320K) Class: 2661K(2752K)->2661K(2752K)
[332.018s][info][gc             ] GC(783) Pause Young (Normal) (G1 Evacuation Pause) 923M->771M(978M) 2.457ms
[332.018s][info][gc,cpu         ] GC(783) User=0.00s Sys=0.00s Real=0.01s
[332.275s][info][gc,start       ] GC(784) Pause Young (Normal) (G1 Evacuation Pause)
[332.275s][info][gc,task        ] GC(784) Using 2 workers of 2 for evacuation
[332.278s][info][gc,phases      ] GC(784)   Pre Evacuate Collection Set: 0.47ms
[332.278s][info][gc,phases      ] GC(784)   Merge Heap Roots: 0.07ms
[332.278s][info][gc,phases      ] GC(784)   Evacuate Collection Set: 1.43ms
[332.278s][info][gc,phases      ] GC(784)   Post Evacuate Collection Set: 0.37ms
[332.278s][info][gc,phases      ] GC(784)   Other: 0.07ms
[332.278s][info][gc,heap        ] GC(784) Eden regions: 155->0(155)
[332.278s][info][gc,heap        ] GC(784) Survivor regions: 1->1(20)
[332.278s][info][gc,heap        ] GC(784) Old regions: 761->761
[332.278s][info][gc,heap        ] GC(784) Humongous regions: 10->10
[332.278s][info][gc,metaspace   ] GC(784) Metaspace: 18876K(19072K)->18876K(19072K) NonClass: 16215K(16320K)->16215K(16320K) Class: 2661K(2752K)->2661K(2752K)
[332.278s][info][gc             ] GC(784) Pause Young (Normal) (G1 Evacuation Pause) 926M->771M(978M) 2.583ms
[332.278s][info][gc,cpu         ] GC(784) User=0.00s Sys=0.00s Real=0.01s
[332.472s][info][gc,marking     ] GC(781) Concurrent Mark From Roots 1001.354ms
[332.472s][info][gc,marking     ] GC(781) Concurrent Preclean
[332.472s][info][gc,marking     ] GC(781) Concurrent Preclean 0.038ms
[332.472s][info][gc,start       ] GC(781) Pause Remark
[332.480s][info][gc             ] GC(781) Pause Remark 859M->587M(978M) 7.501ms
[332.480s][info][gc,cpu         ] GC(781) User=0.02s Sys=0.00s Real=0.01s
[332.481s][info][gc,marking     ] GC(781) Concurrent Mark 1010.565ms
[332.481s][info][gc,marking     ] GC(781) Concurrent Rebuild Remembered Sets and Scrub Regions
[332.570s][info][gc,start       ] GC(785) Pause Young (Normal) (G1 Evacuation Pause)
[332.570s][info][gc,task        ] GC(785) Using 2 workers of 2 for evacuation
[332.580s][info][gc,phases      ] GC(785)   Pre Evacuate Collection Set: 0.25ms
[332.580s][info][gc,phases      ] GC(785)   Merge Heap Roots: 0.16ms
[332.580s][info][gc,phases      ] GC(785)   Evacuate Collection Set: 9.52ms
[332.580s][info][gc,phases      ] GC(785)   Post Evacuate Collection Set: 0.35ms
[332.580s][info][gc,phases      ] GC(785)   Other: 0.06ms
[332.580s][info][gc,heap        ] GC(785) Eden regions: 155->0(324)
[332.580s][info][gc,heap        ] GC(785) Survivor regions: 1->5(20)
[332.580s][info][gc,heap        ] GC(785) Old regions: 495->495
[332.580s][info][gc,heap        ] GC(785) Humongous regions: 4->4
[332.580s][info][gc,metaspace   ] GC(785) Metaspace: 18877K(19072K)->18877K(19072K) NonClass: 16216K(16320K)->16216K(16320K) Class: 2661K(2752K)->2661K(2752K)
[332.580s][info][gc             ] GC(785) Pause Young (Normal) (G1 Evacuation Pause) 654M->502M(978M) 10.533ms
[332.580s][info][gc,cpu         ] GC(785) User=0.02s Sys=0.00s Real=0.01s
[332.853s][info][gc,marking     ] GC(781) Concurrent Rebuild Remembered Sets and Scrub Regions 371.848ms
[332.854s][info][gc,start       ] GC(781) Pause Cleanup
[332.854s][info][gc             ] GC(781) Pause Cleanup 655M->655M(978M) 0.143ms
[332.854s][info][gc,cpu         ] GC(781) User=0.00s Sys=0.00s Real=0.00s
[332.854s][info][gc,marking     ] GC(781) Concurrent Clear Claimed Marks
[332.854s][info][gc,marking     ] GC(781) Concurrent Clear Claimed Marks 0.031ms
[332.854s][info][gc,marking     ] GC(781) Concurrent Cleanup for Next Mark
[332.860s][info][gc,marking     ] GC(781) Concurrent Cleanup for Next Mark 6.190ms
[332.860s][info][gc             ] GC(781) Concurrent Mark Cycle 1392.514ms
[333.080s][info][gc,start       ] GC(786) Pause Young (Prepare Mixed) (G1 Evacuation Pause)
[333.080s][info][gc,task        ] GC(786) Using 2 workers of 2 for evacuation
[333.117s][info][gc,phases      ] GC(786)   Pre Evacuate Collection Set: 0.49ms
[333.117s][info][gc,phases      ] GC(786)   Merge Heap Roots: 0.61ms
[333.117s][info][gc,phases      ] GC(786)   Evacuate Collection Set: 35.49ms
[333.117s][info][gc,phases      ] GC(786)   Post Evacuate Collection Set: 0.62ms
[333.117s][info][gc,phases      ] GC(786)   Other: 0.08ms
[333.117s][info][gc,heap        ] GC(786) Eden regions: 324->0(327)
[333.117s][info][gc,heap        ] GC(786) Survivor regions: 5->19(42)
[333.117s][info][gc,heap        ] GC(786) Old regions: 495->495
[333.117s][info][gc,heap        ] GC(786) Humongous regions: 7->7
[333.117s][info][gc,metaspace   ] GC(786) Metaspace: 18877K(19072K)->18877K(19072K) NonClass: 16216K(16320K)->16216K(16320K) Class: 2661K(2752K)->2661K(2752K)
[333.117s][info][gc             ] GC(786) Pause Young (Prepare Mixed) (G1 Evacuation Pause) 829M->520M(978M) 37.518ms
[333.117s][info][gc,cpu         ] GC(786) User=0.07s Sys=0.00s Real=0.04s
[333.579s][info][gc,start       ] GC(787) Pause Young (Mixed) (G1 Evacuation Pause)
[333.579s][info][gc,task        ] GC(787) Using 2 workers of 2 for evacuation
[333.617s][info][gc,phases      ] GC(787)   Pre Evacuate Collection Set: 0.32ms
[333.617s][info][gc,phases      ] GC(787)   Merge Heap Roots: 0.40ms
[333.617s][info][gc,phases      ] GC(787)   Evacuate Collection Set: 35.92ms
[333.617s][info][gc,phases      ] GC(787)   Post Evacuate Collection Set: 0.74ms
[333.617s][info][gc,phases      ] GC(787)   Other: 0.14ms
[333.617s][info][gc,heap        ] GC(787) Eden regions: 327->0(411)
[333.617s][info][gc,heap        ] GC(787) Survivor regions: 19->19(44)
[333.617s][info][gc,heap        ] GC(787) Old regions: 495->398
[333.617s][info][gc,heap        ] GC(787) Humongous regions: 7->7
[333.617s][info][gc,metaspace   ] GC(787) Metaspace: 18877K(19072K)->18877K(19072K) NonClass: 16216K(16320K)->16216K(16320K) Class: 2661K(2752K)->2661K(2752K)
[333.617s][info][gc             ] GC(787) Pause Young (Mixed) (G1 Evacuation Pause) 847M->423M(978M) 37.838ms
[333.617s][info][gc,cpu         ] GC(787) User=0.07s Sys=0.00s Real=0.04s
[334.115s][info][gc,start       ] GC(788) Pause Young (Mixed) (G1 Evacuation Pause)
[334.115s][info][gc,task        ] GC(788) Using 2 workers of 2 for evacuation
[334.191s][info][gc,phases      ] GC(788)   Pre Evacuate Collection Set: 0.50ms
[334.191s][info][gc,phases      ] GC(788)   Merge Heap Roots: 0.56ms
[334.191s][info][gc,phases      ] GC(788)   Evacuate Collection Set: 73.61ms
[334.191s][info][gc,phases      ] GC(788)   Post Evacuate Collection Set: 0.82ms
[334.191s][info][gc,phases      ] GC(788)   Other: 0.10ms
[334.191s][info][gc,heap        ] GC(788) Eden regions: 411->0(403)
[334.191s][info][gc,heap        ] GC(788) Survivor regions: 19->48(54)
[334.191s][info][gc,heap        ] GC(788) Old regions: 398->383
[334.191s][info][gc,heap        ] GC(788) Humongous regions: 7->7
[334.191s][info][gc,metaspace   ] GC(788) Metaspace: 18877K(19072K)->18877K(19072K) NonClass: 16216K(16320K)->16216K(16320K) Class: 2661K(2752K)->2661K(2752K)
[334.191s][info][gc             ] GC(788) Pause Young (Mixed) (G1 Evacuation Pause) 834M->436M(978M) 75.846ms
[334.191s][info][gc,cpu         ] GC(788) User=0.15s Sys=0.00s Real=0.08s
[334.515s][info][gc,start       ] GC(789) Pause Young (Concurrent Start) (G1 Evacuation Pause)
[334.515s][info][gc,task        ] GC(789) Using 2 workers of 2 for evacuation
[334.619s][info][gc,phases      ] GC(789)   Pre Evacuate Collection Set: 0.30ms
[334.619s][info][gc,phases      ] GC(789)   Merge Heap Roots: 0.48ms
[334.619s][info][gc,phases      ] GC(789)   Evacuate Collection Set: 102.91ms
[334.619s][info][gc,phases      ] GC(789)   Post Evacuate Collection Set: 0.65ms
[334.619s][info][gc,phases      ] GC(789)   Other: 0.18ms
[334.619s][info][gc,heap        ] GC(789) Eden regions: 403->0(377)
[334.619s][info][gc,heap        ] GC(789) Survivor regions: 48->36(57)
[334.619s][info][gc,heap        ] GC(789) Old regions: 383->430
[334.619s][info][gc,heap        ] GC(789) Humongous regions: 7->7
[334.619s][info][gc,metaspace   ] GC(789) Metaspace: 18877K(19072K)->18877K(19072K) NonClass: 16216K(16320K)->16216K(16320K) Class: 2661K(2752K)->2661K(2752K)
[334.619s][info][gc             ] GC(789) Pause Young (Concurrent Start) (G1 Evacuation Pause) 839M->472M(978M) 104.796ms
[334.619s][info][gc,cpu         ] GC(789) User=0.21s Sys=0.00s Real=0.11s
[334.619s][info][gc             ] GC(790) Concurrent Mark Cycle
[334.619s][info][gc,marking     ] GC(790) Concurrent Scan Root Regions
[334.796s][info][gc,marking     ] GC(790) Concurrent Scan Root Regions 176.853ms
[334.796s][info][gc,marking     ] GC(790) Concurrent Mark
[334.796s][info][gc,marking     ] GC(790) Concurrent Mark From Roots
[334.796s][info][gc,task        ] GC(790) Using 1 workers of 1 for marking
[335.063s][info][gc,start       ] GC(791) Pause Young (Normal) (G1 Evacuation Pause)
[335.063s][info][gc,task        ] GC(791) Using 2 workers of 2 for evacuation
[335.131s][info][gc,phases      ] GC(791)   Pre Evacuate Collection Set: 0.47ms
[335.131s][info][gc,phases      ] GC(791)   Merge Heap Roots: 0.32ms
[335.131s][info][gc,phases      ] GC(791)   Evacuate Collection Set: 67.18ms
[335.131s][info][gc,phases      ] GC(791)   Post Evacuate Collection Set: 0.56ms
[335.131s][info][gc,phases      ] GC(791)   Other: 0.08ms
[335.131s][info][gc,heap        ] GC(791) Eden regions: 377->0(354)
[335.131s][info][gc,heap        ] GC(791) Survivor regions: 36->30(52)
[335.131s][info][gc,heap        ] GC(791) Old regions: 430->467
[335.131s][info][gc,heap        ] GC(791) Humongous regions: 7->7
[335.131s][info][gc,metaspace   ] GC(791) Metaspace: 18878K(19072K)->18878K(19072K) NonClass: 16217K(16320K)->16217K(16320K) Class: 2661K(2752K)->2661K(2752K)
[335.131s][info][gc             ] GC(791) Pause Young (Normal) (G1 Evacuation Pause) 849M->502M(978M) 68.879ms
[335.131s][info][gc,cpu         ] GC(791) User=0.13s Sys=0.00s Real=0.07s
[335.257s][info][gc,marking     ] GC(790) Concurrent Mark From Roots 460.562ms
[335.257s][info][gc,marking     ] GC(790) Concurrent Preclean
[335.257s][info][gc,marking     ] GC(790) Concurrent Preclean 0.030ms
[335.257s][info][gc,start       ] GC(790) Pause Remark
[335.265s][info][gc             ] GC(790) Pause Remark 605M->489M(978M) 7.638ms
[335.265s][info][gc,cpu         ] GC(790) User=0.01s Sys=0.00s Real=0.00s
[335.266s][info][gc,marking     ] GC(790) Concurrent Mark 469.170ms
[335.266s][info][gc,marking     ] GC(790) Concurrent Rebuild Remembered Sets and Scrub Regions
[335.502s][info][gc,marking     ] GC(790) Concurrent Rebuild Remembered Sets and Scrub Regions 235.962ms
[335.502s][info][gc,start       ] GC(790) Pause Cleanup
[335.502s][info][gc             ] GC(790) Pause Cleanup 646M->646M(978M) 0.090ms
[335.502s][info][gc,cpu         ] GC(790) User=0.00s Sys=0.00s Real=0.00s
[335.502s][info][gc,marking     ] GC(790) Concurrent Clear Claimed Marks
[335.502s][info][gc,marking     ] GC(790) Concurrent Clear Claimed Marks 0.030ms
[335.502s][info][gc,marking     ] GC(790) Concurrent Cleanup for Next Mark
[335.507s][info][gc,marking     ] GC(790) Concurrent Cleanup for Next Mark 5.210ms
[335.507s][info][gc             ] GC(790) Concurrent Mark Cycle 887.795ms
[335.569s][info][gc,start       ] GC(792) Pause Young (Prepare Mixed) (G1 Evacuation Pause)
[335.569s][info][gc,task        ] GC(792) Using 2 workers of 2 for evacuation
[335.623s][info][gc,phases      ] GC(792)   Pre Evacuate Collection Set: 0.48ms
[335.624s][info][gc,phases      ] GC(792)   Merge Heap Roots: 0.46ms
[335.624s][info][gc,phases      ] GC(792)   Evacuate Collection Set: 52.83ms
[335.624s][info][gc,phases      ] GC(792)   Post Evacuate Collection Set: 0.56ms
[335.624s][info][gc,phases      ] GC(792)   Other: 0.08ms
[335.624s][info][gc,heap        ] GC(792) Eden regions: 354->0(434)
[335.624s][info][gc,heap        ] GC(792) Survivor regions: 30->16(48)
[335.624s][info][gc,heap        ] GC(792) Old regions: 354->383
[335.624s][info][gc,heap        ] GC(792) Humongous regions: 4->4
[335.624s][info][gc,metaspace   ] GC(792) Metaspace: 18878K(19072K)->18878K(19072K) NonClass: 16217K(16320K)->16217K(16320K) Class: 2661K(2752K)->2661K(2752K)
[335.624s][info][gc             ] GC(792) Pause Young (Prepare Mixed) (G1 Evacuation Pause) 740M->402M(978M) 54.616ms
[335.624s][info][gc,cpu         ] GC(792) User=0.11s Sys=0.00s Real=0.05s
[336.530s][info][gc,start       ] GC(793) Pause Young (Mixed) (G1 Evacuation Pause)
[336.530s][info][gc,task        ] GC(793) Using 2 workers of 2 for evacuation
[336.567s][info][gc,phases      ] GC(793)   Pre Evacuate Collection Set: 0.33ms
[336.567s][info][gc,phases      ] GC(793)   Merge Heap Roots: 0.31ms
[336.567s][info][gc,phases      ] GC(793)   Evacuate Collection Set: 35.39ms
[336.567s][info][gc,phases      ] GC(793)   Post Evacuate Collection Set: 0.67ms
[336.567s][info][gc,phases      ] GC(793)   Other: 0.11ms
[336.567s][info][gc,heap        ] GC(793) Eden regions: 434->0(459)
[336.567s][info][gc,heap        ] GC(793) Survivor regions: 16->31(57)
[336.567s][info][gc,heap        ] GC(793) Old regions: 383->347
[336.567s][info][gc,heap        ] GC(793) Humongous regions: 4->4
[336.567s][info][gc,metaspace   ] GC(793) Metaspace: 18878K(19072K)->18878K(19072K) NonClass: 16217K(16320K)->16217K(16320K) Class: 2661K(2752K)->2661K(2752K)
[336.567s][info][gc             ] GC(793) Pause Young (Mixed) (G1 Evacuation Pause) 836M->381M(978M) 37.047ms
[336.567s][info][gc,cpu         ] GC(793) User=0.07s Sys=0.00s Real=0.04s
[337.488s][info][gc,start       ] GC(794) Pause Young (Concurrent Start) (G1 Evacuation Pause)
[337.488s][info][gc,task        ] GC(794) Using 2 workers of 2 for evacuation
[337.533s][info][gc,phases      ] GC(794)   Pre Evacuate Collection Set: 0.35ms
[337.533s][info][gc,phases      ] GC(794)   Merge Heap Roots: 0.28ms
[337.533s][info][gc,phases      ] GC(794)   Evacuate Collection Set: 43.59ms
[337.533s][info][gc,phases      ] GC(794)   Post Evacuate Collection Set: 0.73ms
[337.533s][info][gc,phases      ] GC(794)   Other: 0.21ms
[337.533s][info][gc,heap        ] GC(794) Eden regions: 459->0(465)
[337.533s][info][gc,heap        ] GC(794) Survivor regions: 31->42(62)
[337.533s][info][gc,heap        ] GC(794) Old regions: 347->347
[337.533s][info][gc,heap        ] GC(794) Humongous regions: 4->4
[337.533s][info][gc,metaspace   ] GC(794) Metaspace: 18878K(19072K)->18878K(19072K) NonClass: 16217K(16320K)->16217K(16320K) Class: 2661K(2752K)->2661K(2752K)
[337.533s][info][gc             ] GC(794) Pause Young (Concurrent Start) (G1 Evacuation Pause) 840M->391M(978M) 45.389ms
[337.534s][info][gc,cpu         ] GC(794) User=0.09s Sys=0.00s Real=0.04s
[337.534s][info][gc             ] GC(795) Concurrent Mark Cycle
[337.534s][info][gc,marking     ] GC(795) Concurrent Scan Root Regions
[337.606s][info][gc,marking     ] GC(795) Concurrent Scan Root Regions 72.693ms
[337.606s][info][gc,marking     ] GC(795) Concurrent Mark
[337.606s][info][gc,marking     ] GC(795) Concurrent Mark From Roots
[337.606s][info][gc,task        ] GC(795) Using 1 workers of 1 for marking
[338.449s][info][gc,marking     ] GC(795) Concurrent Mark From Roots 842.494ms
[338.449s][info][gc,marking     ] GC(795) Concurrent Preclean
[338.449s][info][gc,marking     ] GC(795) Concurrent Preclean 0.030ms
[338.449s][info][gc,start       ] GC(795) Pause Remark
[338.459s][info][gc             ] GC(795) Pause Remark 819M->819M(978M) 9.885ms
[338.459s][info][gc,cpu         ] GC(795) User=0.02s Sys=0.00s Real=0.01s
[338.459s][info][gc,marking     ] GC(795) Concurrent Mark 853.055ms
[338.459s][info][gc,marking     ] GC(795) Concurrent Rebuild Remembered Sets and Scrub Regions
[338.625s][info][gc,start       ] GC(796) Pause Young (Normal) (G1 Evacuation Pause)
[338.625s][info][gc,task        ] GC(796) Using 2 workers of 2 for evacuation
[338.808s][info][gc,phases      ] GC(796)   Pre Evacuate Collection Set: 0.27ms
[338.808s][info][gc,phases      ] GC(796)   Merge Heap Roots: 0.34ms
[338.808s][info][gc,phases      ] GC(796)   Evacuate Collection Set: 162.89ms
[338.808s][info][gc,phases      ] GC(796)   Post Evacuate Collection Set: 19.00ms
[338.808s][info][gc,phases      ] GC(796)   Other: 0.11ms
[338.808s][info][gc,heap        ] GC(796) Eden regions: 465->0(164)
[338.808s][info][gc,heap        ] GC(796) Survivor regions: 42->64(64)
[338.808s][info][gc,heap        ] GC(796) Old regions: 347->632
[338.808s][info][gc,heap        ] GC(796) Humongous regions: 4->4
[338.808s][info][gc,metaspace   ] GC(796) Metaspace: 18878K(19072K)->18878K(19072K) NonClass: 16217K(16320K)->16217K(16320K) Class: 2661K(2752K)->2661K(2752K)
[338.808s][info][gc             ] GC(796) Pause Young (Normal) (G1 Evacuation Pause) (Evacuation Failure: Allocation) 856M->699M(978M) 182.858ms
[338.808s][info][gc,cpu         ] GC(796) User=0.37s Sys=0.00s Real=0.19s
[338.931s][info][gc,marking     ] GC(795) Concurrent Rebuild Remembered Sets and Scrub Regions 471.177ms
[338.931s][info][gc,start       ] GC(795) Pause Cleanup
[338.931s][info][gc             ] GC(795) Pause Cleanup 774M->774M(978M) 0.090ms
[338.931s][info][gc,cpu         ] GC(795) User=0.00s Sys=0.00s Real=0.00s
[338.933s][info][gc,marking     ] GC(795) Concurrent Clear Claimed Marks
[338.933s][info][gc,marking     ] GC(795) Concurrent Clear Claimed Marks 0.047ms
[338.933s][info][gc,marking     ] GC(795) Concurrent Cleanup for Next Mark
[338.938s][info][gc,marking     ] GC(795) Concurrent Cleanup for Next Mark 4.869ms
[338.938s][info][gc             ] GC(795) Concurrent Mark Cycle 1404.715ms
[339.069s][info][gc,start       ] GC(797) Pause Young (Prepare Mixed) (G1 Evacuation Pause)
[339.069s][info][gc,task        ] GC(797) Using 2 workers of 2 for evacuation
[339.236s][info][gc,phases      ] GC(797)   Pre Evacuate Collection Set: 0.36ms
[339.236s][info][gc,phases      ] GC(797)   Merge Heap Roots: 0.80ms
[339.236s][info][gc,phases      ] GC(797)   Evacuate Collection Set: 153.59ms
[339.236s][info][gc,phases      ] GC(797)   Post Evacuate Collection Set: 11.51ms
[339.236s][info][gc,phases      ] GC(797)   Other: 0.11ms
[339.236s][info][gc,heap        ] GC(797) Eden regions: 164->0(157)
[339.236s][info][gc,heap        ] GC(797) Survivor regions: 64->29(29)
[339.236s][info][gc,heap        ] GC(797) Old regions: 632->709
[339.236s][info][gc,heap        ] GC(797) Humongous regions: 4->4
[339.236s][info][gc,metaspace   ] GC(797) Metaspace: 18878K(19072K)->18878K(19072K) NonClass: 16217K(16320K)->16217K(16320K) Class: 2661K(2752K)->2661K(2752K)
[339.236s][info][gc             ] GC(797) Pause Young (Prepare Mixed) (G1 Evacuation Pause) (Evacuation Failure: Allocation) 863M->741M(978M) 166.638ms
[339.236s][info][gc,cpu         ] GC(797) User=0.33s Sys=0.00s Real=0.16s
[339.397s][info][gc,start       ] GC(798) Pause Young (Mixed) (G1 Evacuation Pause)
[339.397s][info][gc,task        ] GC(798) Using 2 workers of 2 for evacuation
[339.486s][info][gc,phases      ] GC(798)   Pre Evacuate Collection Set: 0.35ms
[339.486s][info][gc,phases      ] GC(798)   Merge Heap Roots: 0.70ms
[339.486s][info][gc,phases      ] GC(798)   Evacuate Collection Set: 86.51ms
[339.486s][info][gc,phases      ] GC(798)   Post Evacuate Collection Set: 0.91ms
[339.486s][info][gc,phases      ] GC(798)   Other: 0.10ms
[339.486s][info][gc,heap        ] GC(798) Eden regions: 157->0(269)
[339.486s][info][gc,heap        ] GC(798) Survivor regions: 29->13(24)
[339.486s][info][gc,heap        ] GC(798) Old regions: 709->578
[339.486s][info][gc,heap        ] GC(798) Humongous regions: 5->5
[339.486s][info][gc,metaspace   ] GC(798) Metaspace: 18878K(19072K)->18878K(19072K) NonClass: 16217K(16320K)->16217K(16320K) Class: 2661K(2752K)->2661K(2752K)
[339.486s][info][gc             ] GC(798) Pause Young (Mixed) (G1 Evacuation Pause) 899M->595M(978M) 88.822ms
[339.486s][info][gc,cpu         ] GC(798) User=0.18s Sys=0.00s Real=0.08s
[339.491s][info][gc,start       ] GC(799) Pause Young (Concurrent Start) (G1 Humongous Allocation)
[339.491s][info][gc,task        ] GC(799) Using 2 workers of 2 for evacuation
[339.543s][info][gc,phases      ] GC(799)   Pre Evacuate Collection Set: 0.31ms
[339.543s][info][gc,phases      ] GC(799)   Merge Heap Roots: 0.64ms
[339.543s][info][gc,phases      ] GC(799)   Evacuate Collection Set: 49.85ms
[339.543s][info][gc,phases      ] GC(799)   Post Evacuate Collection Set: 0.70ms
[339.543s][info][gc,phases      ] GC(799)   Other: 0.10ms
[339.543s][info][gc,heap        ] GC(799) Eden regions: 3->0(222)
[339.543s][info][gc,heap        ] GC(799) Survivor regions: 13->14(36)
[339.543s][info][gc,heap        ] GC(799) Old regions: 578->566
[339.543s][info][gc,heap        ] GC(799) Humongous regions: 5->5
[339.543s][info][gc,metaspace   ] GC(799) Metaspace: 18878K(19072K)->18878K(19072K) NonClass: 16217K(16320K)->16217K(16320K) Class: 2661K(2752K)->2661K(2752K)
[339.543s][info][gc             ] GC(799) Pause Young (Concurrent Start) (G1 Humongous Allocation) 598M->584M(978M) 51.784ms
[339.543s][info][gc             ] GC(800) Concurrent Mark Cycle
[339.543s][info][gc,marking     ] GC(800) Concurrent Scan Root Regions
[339.545s][info][gc,cpu         ] GC(799) User=0.11s Sys=0.00s Real=0.05s
[339.597s][info][gc,marking     ] GC(800) Concurrent Scan Root Regions 54.071ms
[339.597s][info][gc,marking     ] GC(800) Concurrent Mark
[339.597s][info][gc,marking     ] GC(800) Concurrent Mark From Roots
[339.597s][info][gc,task        ] GC(800) Using 1 workers of 1 for marking
[340.265s][info][gc,start       ] GC(801) Pause Young (Normal) (G1 Evacuation Pause)
[340.266s][info][gc,task        ] GC(801) Using 2 workers of 2 for evacuation
[340.357s][info][gc,phases      ] GC(801)   Pre Evacuate Collection Set: 0.27ms
[340.357s][info][gc,phases      ] GC(801)   Merge Heap Roots: 0.95ms
[340.357s][info][gc,phases      ] GC(801)   Evacuate Collection Set: 89.01ms
[340.357s][info][gc,phases      ] GC(801)   Post Evacuate Collection Set: 0.89ms
[340.357s][info][gc,phases      ] GC(801)   Other: 0.08ms
[340.357s][info][gc,heap        ] GC(801) Eden regions: 222->0(212)
[340.357s][info][gc,heap        ] GC(801) Survivor regions: 14->30(30)
[340.357s][info][gc,heap        ] GC(801) Old regions: 566->576
[340.357s][info][gc,heap        ] GC(801) Humongous regions: 13->13
[340.357s][info][gc,metaspace   ] GC(801) Metaspace: 18878K(19072K)->18878K(19072K) NonClass: 16217K(16320K)->16217K(16320K) Class: 2661K(2752K)->2661K(2752K)
[340.357s][info][gc             ] GC(801) Pause Young (Normal) (G1 Evacuation Pause) 814M->618M(978M) 91.514ms
[340.357s][info][gc,cpu         ] GC(801) User=0.18s Sys=0.00s Real=0.10s
[341.138s][info][gc,marking     ] GC(800) Concurrent Mark From Roots 1541.338ms
[341.139s][info][gc,marking     ] GC(800) Concurrent Preclean
[341.139s][info][gc,marking     ] GC(800) Concurrent Preclean 0.030ms
[341.139s][info][gc,start       ] GC(800) Pause Remark
[341.146s][info][gc             ] GC(800) Pause Remark 823M->823M(978M) 7.468ms
[341.146s][info][gc,cpu         ] GC(800) User=0.01s Sys=0.00s Real=0.00s
[341.146s][info][gc,marking     ] GC(800) Concurrent Mark 1549.170ms
[341.146s][info][gc,marking     ] GC(800) Concurrent Rebuild Remembered Sets and Scrub Regions
[341.169s][info][gc,start       ] GC(802) Pause Young (Normal) (G1 Evacuation Pause)
[341.169s][info][gc,task        ] GC(802) Using 2 workers of 2 for evacuation
[341.242s][info][gc,phases      ] GC(802)   Pre Evacuate Collection Set: 0.24ms
[341.242s][info][gc,phases      ] GC(802)   Merge Heap Roots: 0.76ms
[341.242s][info][gc,phases      ] GC(802)   Evacuate Collection Set: 71.25ms
[341.242s][info][gc,phases      ] GC(802)   Post Evacuate Collection Set: 0.41ms
[341.242s][info][gc,phases      ] GC(802)   Other: 0.09ms
[341.242s][info][gc,heap        ] GC(802) Eden regions: 212->0(230)
[341.242s][info][gc,heap        ] GC(802) Survivor regions: 30->1(31)
[341.242s][info][gc,heap        ] GC(802) Old regions: 576->606
[341.242s][info][gc,heap        ] GC(802) Humongous regions: 13->13
[341.242s][info][gc,metaspace   ] GC(802) Metaspace: 18878K(19072K)->18878K(19072K) NonClass: 16217K(16320K)->16217K(16320K) Class: 2661K(2752K)->2661K(2752K)
[341.242s][info][gc             ] GC(802) Pause Young (Normal) (G1 Evacuation Pause) 830M->619M(978M) 72.960ms
[341.242s][info][gc,cpu         ] GC(802) User=0.14s Sys=0.00s Real=0.07s
[341.682s][info][gc,marking     ] GC(800) Concurrent Rebuild Remembered Sets and Scrub Regions 535.226ms
[341.682s][info][gc,start       ] GC(800) Pause Cleanup
[341.682s][info][gc             ] GC(800) Pause Cleanup 800M->800M(978M) 0.080ms
[341.682s][info][gc,cpu         ] GC(800) User=0.00s Sys=0.00s Real=0.00s
[341.682s][info][gc,marking     ] GC(800) Concurrent Clear Claimed Marks
[341.682s][info][gc,marking     ] GC(800) Concurrent Clear Claimed Marks 0.031ms
[341.682s][info][gc,marking     ] GC(800) Concurrent Cleanup for Next Mark
[341.685s][info][gc,marking     ] GC(800) Concurrent Cleanup for Next Mark 2.807ms
[341.685s][info][gc             ] GC(800) Concurrent Mark Cycle 2141.715ms
[341.762s][info][gc,start       ] GC(803) Pause Young (Prepare Mixed) (G1 Evacuation Pause)
[341.762s][info][gc,task        ] GC(803) Using 2 workers of 2 for evacuation
[341.763s][info][gc,phases      ] GC(803)   Pre Evacuate Collection Set: 0.29ms
[341.763s][info][gc,phases      ] GC(803)   Merge Heap Roots: 0.07ms
[341.763s][info][gc,phases      ] GC(803)   Evacuate Collection Set: 0.20ms
[341.763s][info][gc,phases      ] GC(803)   Post Evacuate Collection Set: 0.36ms
[341.763s][info][gc,phases      ] GC(803)   Other: 0.10ms
[341.763s][info][gc,heap        ] GC(803) Eden regions: 230->0(247)
[341.763s][info][gc,heap        ] GC(803) Survivor regions: 1->1(29)
[341.763s][info][gc,heap        ] GC(803) Old regions: 606->606
[341.763s][info][gc,heap        ] GC(803) Humongous regions: 13->13
[341.763s][info][gc,metaspace   ] GC(803) Metaspace: 18878K(19072K)->18878K(19072K) NonClass: 16217K(16320K)->16217K(16320K) Class: 2661K(2752K)->2661K(2752K)
[341.763s][info][gc             ] GC(803) Pause Young (Prepare Mixed) (G1 Evacuation Pause) 849M->619M(978M) 1.257ms
[341.763s][info][gc,cpu         ] GC(803) User=0.00s Sys=0.00s Real=0.00s
[342.132s][info][gc,start       ] GC(804) Pause Young (Mixed) (G1 Evacuation Pause)
[342.132s][info][gc,task        ] GC(804) Using 2 workers of 2 for evacuation
[342.134s][info][gc,phases      ] GC(804)   Pre Evacuate Collection Set: 0.29ms
[342.134s][info][gc,phases      ] GC(804)   Merge Heap Roots: 0.10ms
[342.134s][info][gc,phases      ] GC(804)   Evacuate Collection Set: 0.93ms
[342.134s][info][gc,phases      ] GC(804)   Post Evacuate Collection Set: 0.38ms
[342.134s][info][gc,phases      ] GC(804)   Other: 0.09ms
[342.134s][info][gc,heap        ] GC(804) Eden regions: 247->0(268)
[342.134s][info][gc,heap        ] GC(804) Survivor regions: 1->1(31)
[342.134s][info][gc,heap        ] GC(804) Old regions: 606->598
[342.134s][info][gc,heap        ] GC(804) Humongous regions: 13->13
[342.134s][info][gc,metaspace   ] GC(804) Metaspace: 18878K(19072K)->18878K(19072K) NonClass: 16217K(16320K)->16217K(16320K) Class: 2661K(2752K)->2661K(2752K)
[342.134s][info][gc             ] GC(804) Pause Young (Mixed) (G1 Evacuation Pause) 866M->611M(978M) 2.003ms
[342.134s][info][gc,cpu         ] GC(804) User=0.00s Sys=0.00s Real=0.00s
[342.494s][info][gc,start       ] GC(805) Pause Young (Concurrent Start) (G1 Evacuation Pause)
[342.494s][info][gc,task        ] GC(805) Using 2 workers of 2 for evacuation
[342.513s][info][gc,phases      ] GC(805)   Pre Evacuate Collection Set: 0.29ms
[342.513s][info][gc,phases      ] GC(805)   Merge Heap Roots: 0.15ms
[342.513s][info][gc,phases      ] GC(805)   Evacuate Collection Set: 17.47ms
[342.513s][info][gc,phases      ] GC(805)   Post Evacuate Collection Set: 0.46ms
[342.513s][info][gc,phases      ] GC(805)   Other: 0.10ms
[342.513s][info][gc,heap        ] GC(805) Eden regions: 268->0(265)
[342.513s][info][gc,heap        ] GC(805) Survivor regions: 1->15(34)
[342.513s][info][gc,heap        ] GC(805) Old regions: 598->598
[342.513s][info][gc,heap        ] GC(805) Humongous regions: 13->13
[342.513s][info][gc,metaspace   ] GC(805) Metaspace: 18878K(19072K)->18878K(19072K) NonClass: 16217K(16320K)->16217K(16320K) Class: 2661K(2752K)->2661K(2752K)
[342.513s][info][gc             ] GC(805) Pause Young (Concurrent Start) (G1 Evacuation Pause) 879M->625M(978M) 18.672ms
[342.513s][info][gc,cpu         ] GC(805) User=0.03s Sys=0.00s Real=0.02s
[342.513s][info][gc             ] GC(806) Concurrent Mark Cycle
[342.513s][info][gc,marking     ] GC(806) Concurrent Scan Root Regions
[342.544s][info][gc,marking     ] GC(806) Concurrent Scan Root Regions 30.529ms
[342.544s][info][gc,marking     ] GC(806) Concurrent Mark
[342.544s][info][gc,marking     ] GC(806) Concurrent Mark From Roots
[342.544s][info][gc,task        ] GC(806) Using 1 workers of 1 for marking
[342.974s][info][gc,start       ] GC(807) Pause Young (Normal) (G1 Evacuation Pause)
[342.974s][info][gc,task        ] GC(807) Using 2 workers of 2 for evacuation
[343.006s][info][gc,phases      ] GC(807)   Pre Evacuate Collection Set: 0.28ms
[343.006s][info][gc,phases      ] GC(807)   Merge Heap Roots: 0.14ms
[343.006s][info][gc,phases      ] GC(807)   Evacuate Collection Set: 31.66ms
[343.006s][info][gc,phases      ] GC(807)   Post Evacuate Collection Set: 0.46ms
[343.006s][info][gc,phases      ] GC(807)   Other: 0.09ms
[343.006s][info][gc,heap        ] GC(807) Eden regions: 265->0(255)
[343.006s][info][gc,heap        ] GC(807) Survivor regions: 15->31(35)
[343.006s][info][gc,heap        ] GC(807) Old regions: 598->598
[343.006s][info][gc,heap        ] GC(807) Humongous regions: 13->13
[343.006s][info][gc,metaspace   ] GC(807) Metaspace: 18878K(19072K)->18878K(19072K) NonClass: 16217K(16320K)->16217K(16320K) Class: 2661K(2752K)->2661K(2752K)
[343.006s][info][gc             ] GC(807) Pause Young (Normal) (G1 Evacuation Pause) 890M->641M(978M) 32.841ms
[343.006s][info][gc,cpu         ] GC(807) User=0.06s Sys=0.00s Real=0.04s
[343.571s][info][gc,start       ] GC(808) Pause Young (Normal) (G1 Evacuation Pause)
[343.572s][info][gc,task        ] GC(808) Using 2 workers of 2 for evacuation
[343.612s][info][gc,phases      ] GC(808)   Pre Evacuate Collection Set: 0.47ms
[343.612s][info][gc,phases      ] GC(808)   Merge Heap Roots: 0.19ms
[343.612s][info][gc,phases      ] GC(808)   Evacuate Collection Set: 39.44ms
[343.612s][info][gc,phases      ] GC(808)   Post Evacuate Collection Set: 0.49ms
[343.612s][info][gc,phases      ] GC(808)   Other: 0.07ms
[343.612s][info][gc,heap        ] GC(808) Eden regions: 255->0(250)
[343.612s][info][gc,heap        ] GC(808) Survivor regions: 31->26(36)
[343.612s][info][gc,heap        ] GC(808) Old regions: 598->613
[343.612s][info][gc,heap        ] GC(808) Humongous regions: 13->13
[343.612s][info][gc,metaspace   ] GC(808) Metaspace: 18878K(19072K)->18878K(19072K) NonClass: 16217K(16320K)->16217K(16320K) Class: 2661K(2752K)->2661K(2752K)
[343.612s][info][gc             ] GC(808) Pause Young (Normal) (G1 Evacuation Pause) 896M->651M(978M) 40.893ms
[343.612s][info][gc,cpu         ] GC(808) User=0.08s Sys=0.00s Real=0.04s
[343.817s][info][gc,marking     ] GC(806) Concurrent Mark From Roots 1273.460ms
[343.817s][info][gc,marking     ] GC(806) Concurrent Preclean
[343.817s][info][gc,marking     ] GC(806) Concurrent Preclean 0.030ms
[343.817s][info][gc,start       ] GC(806) Pause Remark
[343.825s][info][gc             ] GC(806) Pause Remark 705M->642M(978M) 7.481ms
[343.825s][info][gc,cpu         ] GC(806) User=0.02s Sys=0.00s Real=0.00s
[343.825s][info][gc,marking     ] GC(806) Concurrent Mark 1281.282ms
[343.825s][info][gc,marking     ] GC(806) Concurrent Rebuild Remembered Sets and Scrub Regions
[344.267s][info][gc,marking     ] GC(806) Concurrent Rebuild Remembered Sets and Scrub Regions 441.741ms
[344.267s][info][gc,start       ] GC(806) Pause Cleanup
[344.267s][info][gc             ] GC(806) Pause Cleanup 808M->808M(978M) 0.132ms
[344.267s][info][gc,cpu         ] GC(806) User=0.00s Sys=0.00s Real=0.00s
[344.267s][info][gc,marking     ] GC(806) Concurrent Clear Claimed Marks
[344.267s][info][gc,marking     ] GC(806) Concurrent Clear Claimed Marks 0.030ms
[344.267s][info][gc,marking     ] GC(806) Concurrent Cleanup for Next Mark
[344.270s][info][gc,marking     ] GC(806) Concurrent Cleanup for Next Mark 2.810ms
[344.270s][info][gc             ] GC(806) Concurrent Mark Cycle 1756.865ms
[344.319s][info][gc,start       ] GC(809) Pause Young (Prepare Mixed) (G1 Evacuation Pause)
[344.319s][info][gc,task        ] GC(809) Using 2 workers of 2 for evacuation
[344.346s][info][gc,phases      ] GC(809)   Pre Evacuate Collection Set: 0.27ms
[344.346s][info][gc,phases      ] GC(809)   Merge Heap Roots: 0.23ms
[344.346s][info][gc,phases      ] GC(809)   Evacuate Collection Set: 25.82ms
[344.346s][info][gc,phases      ] GC(809)   Post Evacuate Collection Set: 0.47ms
[344.346s][info][gc,phases      ] GC(809)   Other: 0.10ms
[344.346s][info][gc,heap        ] GC(809) Eden regions: 250->0(314)
[344.346s][info][gc,heap        ] GC(809) Survivor regions: 26->10(35)
[344.346s][info][gc,heap        ] GC(809) Old regions: 556->573
[344.346s][info][gc,heap        ] GC(809) Humongous regions: 7->7
[344.346s][info][gc,metaspace   ] GC(809) Metaspace: 18878K(19072K)->18878K(19072K) NonClass: 16217K(16320K)->16217K(16320K) Class: 2661K(2752K)->2661K(2752K)
[344.346s][info][gc             ] GC(809) Pause Young (Prepare Mixed) (G1 Evacuation Pause) 838M->589M(978M) 27.107ms
[344.346s][info][gc,cpu         ] GC(809) User=0.06s Sys=0.00s Real=0.02s
[344.828s][info][gc,start       ] GC(810) Pause Young (Mixed) (G1 Evacuation Pause)
[344.828s][info][gc,task        ] GC(810) Using 2 workers of 2 for evacuation
[344.881s][info][gc,phases      ] GC(810)   Pre Evacuate Collection Set: 0.31ms
[344.881s][info][gc,phases      ] GC(810)   Merge Heap Roots: 0.56ms
[344.881s][info][gc,phases      ] GC(810)   Evacuate Collection Set: 51.32ms
[344.881s][info][gc,phases      ] GC(810)   Post Evacuate Collection Set: 0.69ms
[344.881s][info][gc,phases      ] GC(810)   Other: 0.10ms
[344.881s][info][gc,heap        ] GC(810) Eden regions: 314->0(365)
[344.881s][info][gc,heap        ] GC(810) Survivor regions: 10->23(41)
[344.881s][info][gc,heap        ] GC(810) Old regions: 573->494
[344.881s][info][gc,heap        ] GC(810) Humongous regions: 7->7
[344.881s][info][gc,metaspace   ] GC(810) Metaspace: 18878K(19072K)->18878K(19072K) NonClass: 16217K(16320K)->16217K(16320K) Class: 2661K(2752K)->2661K(2752K)
[344.881s][info][gc             ] GC(810) Pause Young (Mixed) (G1 Evacuation Pause) 903M->522M(978M) 53.247ms
[344.881s][info][gc,cpu         ] GC(810) User=0.11s Sys=0.00s Real=0.05s
[345.258s][info][gc,start       ] GC(811) Pause Young (Concurrent Start) (G1 Humongous Allocation)
[345.258s][info][gc,task        ] GC(811) Using 2 workers of 2 for evacuation
[345.341s][info][gc,phases      ] GC(811)   Pre Evacuate Collection Set: 0.31ms
[345.341s][info][gc,phases      ] GC(811)   Merge Heap Roots: 0.19ms
[345.341s][info][gc,phases      ] GC(811)   Evacuate Collection Set: 82.09ms
[345.341s][info][gc,phases      ] GC(811)   Post Evacuate Collection Set: 0.62ms
[345.341s][info][gc,phases      ] GC(811)   Other: 0.12ms
[345.341s][info][gc,heap        ] GC(811) Eden regions: 304->0(292)
[345.341s][info][gc,heap        ] GC(811) Survivor regions: 23->49(49)
[345.341s][info][gc,heap        ] GC(811) Old regions: 494->527
[345.341s][info][gc,heap        ] GC(811) Humongous regions: 7->7
[345.341s][info][gc,metaspace   ] GC(811) Metaspace: 18878K(19072K)->18878K(19072K) NonClass: 16217K(16320K)->16217K(16320K) Class: 2661K(2752K)->2661K(2752K)
[345.342s][info][gc             ] GC(811) Pause Young (Concurrent Start) (G1 Humongous Allocation) 826M->582M(978M) 83.584ms
[345.342s][info][gc             ] GC(812) Concurrent Mark Cycle
[345.342s][info][gc,marking     ] GC(812) Concurrent Scan Root Regions
[345.342s][info][gc,cpu         ] GC(811) User=0.17s Sys=0.00s Real=0.08s
[345.423s][info][gc,marking     ] GC(812) Concurrent Scan Root Regions 81.028ms
[345.423s][info][gc,marking     ] GC(812) Concurrent Mark
[345.423s][info][gc,marking     ] GC(812) Concurrent Mark From Roots
[345.423s][info][gc,task        ] GC(812) Using 1 workers of 1 for marking
[346.346s][info][gc,start       ] GC(813) Pause Young (Normal) (G1 Evacuation Pause)
[346.346s][info][gc,task        ] GC(813) Using 2 workers of 2 for evacuation
[346.401s][info][gc,phases      ] GC(813)   Pre Evacuate Collection Set: 0.30ms
[346.402s][info][gc,phases      ] GC(813)   Merge Heap Roots: 0.24ms
[346.402s][info][gc,phases      ] GC(813)   Evacuate Collection Set: 54.09ms
[346.402s][info][gc,phases      ] GC(813)   Post Evacuate Collection Set: 0.52ms
[346.402s][info][gc,phases      ] GC(813)   Other: 0.10ms
[346.402s][info][gc,heap        ] GC(813) Eden regions: 292->0(299)
[346.402s][info][gc,heap        ] GC(813) Survivor regions: 49->6(43)
[346.402s][info][gc,heap        ] GC(813) Old regions: 527->576
[346.402s][info][gc,heap        ] GC(813) Humongous regions: 10->10
[346.402s][info][gc,metaspace   ] GC(813) Metaspace: 18878K(19072K)->18878K(19072K) NonClass: 16217K(16320K)->16217K(16320K) Class: 2661K(2752K)->2661K(2752K)
[346.402s][info][gc             ] GC(813) Pause Young (Normal) (G1 Evacuation Pause) 877M->591M(978M) 55.523ms
[346.402s][info][gc,cpu         ] GC(813) User=0.11s Sys=0.00s Real=0.06s
[346.785s][info][gc,marking     ] GC(812) Concurrent Mark From Roots 1362.146ms
[346.785s][info][gc,marking     ] GC(812) Concurrent Preclean
[346.785s][info][gc,marking     ] GC(812) Concurrent Preclean 0.038ms
[346.785s][info][gc,start       ] GC(812) Pause Remark
[346.793s][info][gc             ] GC(812) Pause Remark 709M->709M(978M) 7.540ms
[346.793s][info][gc,cpu         ] GC(812) User=0.01s Sys=0.00s Real=0.01s
[346.793s][info][gc,marking     ] GC(812) Concurrent Mark 1370.741ms
[346.793s][info][gc,marking     ] GC(812) Concurrent Rebuild Remembered Sets and Scrub Regions
[347.209s][info][gc,start       ] GC(814) Pause Young (Normal) (G1 Evacuation Pause)
[347.210s][info][gc,task        ] GC(814) Using 2 workers of 2 for evacuation
[347.218s][info][gc,phases      ] GC(814)   Pre Evacuate Collection Set: 0.29ms
[347.218s][info][gc,phases      ] GC(814)   Merge Heap Roots: 0.13ms
[347.218s][info][gc,phases      ] GC(814)   Evacuate Collection Set: 7.68ms
[347.218s][info][gc,phases      ] GC(814)   Post Evacuate Collection Set: 0.46ms
[347.218s][info][gc,phases      ] GC(814)   Other: 0.14ms
[347.218s][info][gc,heap        ] GC(814) Eden regions: 299->0(314)
[347.218s][info][gc,heap        ] GC(814) Survivor regions: 6->6(39)
[347.218s][info][gc,heap        ] GC(814) Old regions: 576->576
[347.218s][info][gc,heap        ] GC(814) Humongous regions: 10->10
[347.218s][info][gc,metaspace   ] GC(814) Metaspace: 18878K(19072K)->18878K(19072K) NonClass: 16217K(16320K)->16217K(16320K) Class: 2661K(2752K)->2661K(2752K)
[347.218s][info][gc             ] GC(814) Pause Young (Normal) (G1 Evacuation Pause) 890M->591M(978M) 8.965ms
[347.218s][info][gc,cpu         ] GC(814) User=0.02s Sys=0.00s Real=0.01s
[347.320s][info][gc,marking     ] GC(812) Concurrent Rebuild Remembered Sets and Scrub Regions 526.412ms
[347.320s][info][gc,start       ] GC(812) Pause Cleanup
[347.320s][info][gc             ] GC(812) Pause Cleanup 640M->640M(978M) 0.084ms
[347.320s][info][gc,cpu         ] GC(812) User=0.00s Sys=0.00s Real=0.00s
[347.320s][info][gc,marking     ] GC(812) Concurrent Clear Claimed Marks
[347.320s][info][gc,marking     ] GC(812) Concurrent Clear Claimed Marks 0.030ms
[347.320s][info][gc,marking     ] GC(812) Concurrent Cleanup for Next Mark
[347.327s][info][gc,marking     ] GC(812) Concurrent Cleanup for Next Mark 6.908ms
[347.327s][info][gc             ] GC(812) Concurrent Mark Cycle 1985.584ms
[347.679s][info][gc,start       ] GC(815) Pause Young (Prepare Mixed) (G1 Evacuation Pause)
[347.679s][info][gc,task        ] GC(815) Using 2 workers of 2 for evacuation
[347.703s][info][gc,phases      ] GC(815)   Pre Evacuate Collection Set: 0.51ms
[347.703s][info][gc,phases      ] GC(815)   Merge Heap Roots: 0.18ms
[347.703s][info][gc,phases      ] GC(815)   Evacuate Collection Set: 22.02ms
[347.703s][info][gc,phases      ] GC(815)   Post Evacuate Collection Set: 0.55ms
[347.703s][info][gc,phases      ] GC(815)   Other: 0.11ms
[347.703s][info][gc,heap        ] GC(815) Eden regions: 314->0(308)
[347.703s][info][gc,heap        ] GC(815) Survivor regions: 6->17(40)
[347.703s][info][gc,heap        ] GC(815) Old regions: 576->576
[347.703s][info][gc,heap        ] GC(815) Humongous regions: 10->10
[347.703s][info][gc,metaspace   ] GC(815) Metaspace: 18878K(19072K)->18878K(19072K) NonClass: 16217K(16320K)->16217K(16320K) Class: 2661K(2752K)->2661K(2752K)
[347.703s][info][gc             ] GC(815) Pause Young (Prepare Mixed) (G1 Evacuation Pause) 905M->602M(978M) 23.592ms
[347.703s][info][gc,cpu         ] GC(815) User=0.05s Sys=0.00s Real=0.02s
[347.979s][info][gc,start       ] GC(816) Pause Young (Mixed) (G1 Evacuation Pause)
[347.979s][info][gc,task        ] GC(816) Using 2 workers of 2 for evacuation
[348.067s][info][gc,phases      ] GC(816)   Pre Evacuate Collection Set: 0.47ms
[348.067s][info][gc,phases      ] GC(816)   Merge Heap Roots: 0.65ms
[348.067s][info][gc,phases      ] GC(816)   Evacuate Collection Set: 85.76ms
[348.067s][info][gc,phases      ] GC(816)   Post Evacuate Collection Set: 0.58ms
[348.067s][info][gc,phases      ] GC(816)   Other: 0.11ms
[348.067s][info][gc,heap        ] GC(816) Eden regions: 308->0(280)
[348.067s][info][gc,heap        ] GC(816) Survivor regions: 17->35(41)
[348.067s][info][gc,heap        ] GC(816) Old regions: 576->568
[348.067s][info][gc,heap        ] GC(816) Humongous regions: 10->10
[348.067s][info][gc,metaspace   ] GC(816) Metaspace: 18878K(19072K)->18878K(19072K) NonClass: 16217K(16320K)->16217K(16320K) Class: 2661K(2752K)->2661K(2752K)
[348.067s][info][gc             ] GC(816) Pause Young (Mixed) (G1 Evacuation Pause) 910M->611M(978M) 87.810ms
[348.067s][info][gc,cpu         ] GC(816) User=0.17s Sys=0.00s Real=0.09s
[348.340s][info][gc,start       ] GC(817) Pause Young (Concurrent Start) (G1 Evacuation Pause)
[348.340s][info][gc,task        ] GC(817) Using 2 workers of 2 for evacuation
[348.389s][info][gc,phases      ] GC(817)   Pre Evacuate Collection Set: 0.34ms
[348.389s][info][gc,phases      ] GC(817)   Merge Heap Roots: 0.16ms
[348.389s][info][gc,phases      ] GC(817)   Evacuate Collection Set: 47.51ms
[348.389s][info][gc,phases      ] GC(817)   Post Evacuate Collection Set: 0.56ms
[348.389s][info][gc,phases      ] GC(817)   Other: 0.20ms
[348.389s][info][gc,heap        ] GC(817) Eden regions: 280->0(278)
[348.389s][info][gc,heap        ] GC(817) Survivor regions: 35->28(40)
[348.389s][info][gc,heap        ] GC(817) Old regions: 568->584
[348.389s][info][gc,heap        ] GC(817) Humongous regions: 10->10
[348.389s][info][gc,metaspace   ] GC(817) Metaspace: 18878K(19072K)->18878K(19072K) NonClass: 16217K(16320K)->16217K(16320K) Class: 2661K(2752K)->2661K(2752K)
[348.389s][info][gc             ] GC(817) Pause Young (Concurrent Start) (G1 Evacuation Pause) 891M->621M(978M) 49.007ms
[348.389s][info][gc             ] GC(818) Concurrent Mark Cycle
[348.389s][info][gc,marking     ] GC(818) Concurrent Scan Root Regions
[348.389s][info][gc,cpu         ] GC(817) User=0.10s Sys=0.00s Real=0.05s
[348.472s][info][gc,marking     ] GC(818) Concurrent Scan Root Regions 83.514ms
[348.472s][info][gc,marking     ] GC(818) Concurrent Mark
[348.472s][info][gc,marking     ] GC(818) Concurrent Mark From Roots
[348.472s][info][gc,task        ] GC(818) Using 1 workers of 1 for marking
[349.264s][info][gc,start       ] GC(819) Pause Young (Normal) (G1 Evacuation Pause)
[349.264s][info][gc,task        ] GC(819) Using 2 workers of 2 for evacuation
[349.318s][info][gc,phases      ] GC(819)   Pre Evacuate Collection Set: 0.50ms
[349.318s][info][gc,phases      ] GC(819)   Merge Heap Roots: 0.34ms
[349.318s][info][gc,phases      ] GC(819)   Evacuate Collection Set: 52.11ms
[349.318s][info][gc,phases      ] GC(819)   Post Evacuate Collection Set: 0.52ms
[349.318s][info][gc,phases      ] GC(819)   Other: 0.10ms
[349.318s][info][gc,heap        ] GC(819) Eden regions: 278->0(258)
[349.318s][info][gc,heap        ] GC(819) Survivor regions: 28->29(39)
[349.318s][info][gc,heap        ] GC(819) Old regions: 584->602
[349.318s][info][gc,heap        ] GC(819) Humongous regions: 10->10
[349.318s][info][gc,metaspace   ] GC(819) Metaspace: 18878K(19072K)->18878K(19072K) NonClass: 16217K(16320K)->16217K(16320K) Class: 2661K(2752K)->2661K(2752K)
[349.318s][info][gc             ] GC(819) Pause Young (Normal) (G1 Evacuation Pause) 899M->639M(978M) 53.807ms
[349.318s][info][gc,cpu         ] GC(819) User=0.10s Sys=0.00s Real=0.06s
[349.809s][info][gc,start       ] GC(820) Pause Young (Normal) (G1 Evacuation Pause)
[349.809s][info][gc,task        ] GC(820) Using 2 workers of 2 for evacuation
[349.884s][info][gc,phases      ] GC(820)   Pre Evacuate Collection Set: 0.29ms
[349.884s][info][gc,phases      ] GC(820)   Merge Heap Roots: 0.31ms
[349.884s][info][gc,phases      ] GC(820)   Evacuate Collection Set: 73.64ms
[349.884s][info][gc,phases      ] GC(820)   Post Evacuate Collection Set: 0.49ms
[349.884s][info][gc,phases      ] GC(820)   Other: 0.10ms
[349.884s][info][gc,heap        ] GC(820) Eden regions: 258->0(210)
[349.884s][info][gc,heap        ] GC(820) Survivor regions: 29->36(36)
[349.884s][info][gc,heap        ] GC(820) Old regions: 602->636
[349.884s][info][gc,heap        ] GC(820) Humongous regions: 10->10
[349.884s][info][gc,metaspace   ] GC(820) Metaspace: 18878K(19072K)->18878K(19072K) NonClass: 16217K(16320K)->16217K(16320K) Class: 2661K(2752K)->2661K(2752K)
[349.884s][info][gc             ] GC(820) Pause Young (Normal) (G1 Evacuation Pause) 897M->681M(978M) 75.033ms
[349.884s][info][gc,cpu         ] GC(820) User=0.15s Sys=0.00s Real=0.07s
[349.894s][info][gc,marking     ] GC(818) Concurrent Mark From Roots 1421.567ms
[349.894s][info][gc,marking     ] GC(818) Concurrent Preclean
[349.894s][info][gc,marking     ] GC(818) Concurrent Preclean 0.034ms
[349.894s][info][gc,start       ] GC(818) Pause Remark
[349.902s][info][gc             ] GC(818) Pause Remark 685M->620M(978M) 7.539ms
[349.902s][info][gc,cpu         ] GC(818) User=0.01s Sys=0.00s Real=0.01s
[349.902s][info][gc,marking     ] GC(818) Concurrent Mark 1429.433ms
[349.902s][info][gc,marking     ] GC(818) Concurrent Rebuild Remembered Sets and Scrub Regions
[350.124s][info][gc,start       ] GC(821) Pause Young (Normal) (G1 Evacuation Pause)
[350.124s][info][gc,task        ] GC(821) Using 2 workers of 2 for evacuation
[350.203s][info][gc,phases      ] GC(821)   Pre Evacuate Collection Set: 0.45ms
[350.203s][info][gc,phases      ] GC(821)   Merge Heap Roots: 0.29ms
[350.203s][info][gc,phases      ] GC(821)   Evacuate Collection Set: 77.32ms
[350.203s][info][gc,phases      ] GC(821)   Post Evacuate Collection Set: 0.56ms
[350.203s][info][gc,phases      ] GC(821)   Other: 0.09ms
[350.203s][info][gc,heap        ] GC(821) Eden regions: 210->0(227)
[350.203s][info][gc,heap        ] GC(821) Survivor regions: 36->31(31)
[350.203s][info][gc,heap        ] GC(821) Old regions: 574->621
[350.203s][info][gc,heap        ] GC(821) Humongous regions: 7->7
[350.203s][info][gc,metaspace   ] GC(821) Metaspace: 18878K(19072K)->18878K(19072K) NonClass: 16217K(16320K)->16217K(16320K) Class: 2661K(2752K)->2661K(2752K)
[350.203s][info][gc             ] GC(821) Pause Young (Normal) (G1 Evacuation Pause) 826M->658M(978M) 78.903ms
[350.203s][info][gc,cpu         ] GC(821) User=0.16s Sys=0.00s Real=0.08s
[350.421s][info][gc,start       ] GC(822) Pause Young (Normal) (G1 Evacuation Pause)
[350.422s][info][gc,task        ] GC(822) Using 2 workers of 2 for evacuation
[350.510s][info][gc,phases      ] GC(822)   Pre Evacuate Collection Set: 0.44ms
[350.510s][info][gc,phases      ] GC(822)   Merge Heap Roots: 0.52ms
[350.510s][info][gc,phases      ] GC(822)   Evacuate Collection Set: 86.97ms
[350.510s][info][gc,phases      ] GC(822)   Post Evacuate Collection Set: 0.60ms
[350.510s][info][gc,phases      ] GC(822)   Other: 0.11ms
[350.510s][info][gc,heap        ] GC(822) Eden regions: 227->0(182)
[350.510s][info][gc,heap        ] GC(822) Survivor regions: 31->33(33)
[350.510s][info][gc,heap        ] GC(822) Old regions: 621->669
[350.510s][info][gc,heap        ] GC(822) Humongous regions: 7->7
[350.510s][info][gc,metaspace   ] GC(822) Metaspace: 18878K(19072K)->18878K(19072K) NonClass: 16217K(16320K)->16217K(16320K) Class: 2661K(2752K)->2661K(2752K)
[350.510s][info][gc             ] GC(822) Pause Young (Normal) (G1 Evacuation Pause) 885M->708M(978M) 88.901ms
[350.510s][info][gc,cpu         ] GC(822) User=0.18s Sys=0.01s Real=0.09s
[350.607s][info][gc,marking     ] GC(818) Concurrent Rebuild Remembered Sets and Scrub Regions 705.415ms
[350.607s][info][gc,start       ] GC(818) Pause Cleanup
[350.608s][info][gc             ] GC(818) Pause Cleanup 777M->777M(978M) 0.150ms
[350.608s][info][gc,cpu         ] GC(818) User=0.00s Sys=0.00s Real=0.00s
[350.609s][info][gc,marking     ] GC(818) Concurrent Clear Claimed Marks
[350.609s][info][gc,marking     ] GC(818) Concurrent Clear Claimed Marks 0.061ms
[350.609s][info][gc,marking     ] GC(818) Concurrent Cleanup for Next Mark
[350.612s][info][gc,marking     ] GC(818) Concurrent Cleanup for Next Mark 2.934ms
[350.612s][info][gc             ] GC(818) Concurrent Mark Cycle 2223.611ms
[350.706s][info][gc,start       ] GC(823) Pause Young (Prepare Mixed) (G1 Evacuation Pause)
[350.706s][info][gc,task        ] GC(823) Using 2 workers of 2 for evacuation
[350.751s][info][gc,phases      ] GC(823)   Pre Evacuate Collection Set: 0.52ms
[350.751s][info][gc,phases      ] GC(823)   Merge Heap Roots: 0.46ms
[350.751s][info][gc,phases      ] GC(823)   Evacuate Collection Set: 43.30ms
[350.751s][info][gc,phases      ] GC(823)   Post Evacuate Collection Set: 0.48ms
[350.751s][info][gc,phases      ] GC(823)   Other: 0.09ms
[350.751s][info][gc,heap        ] GC(823) Eden regions: 182->0(192)
[350.751s][info][gc,heap        ] GC(823) Survivor regions: 33->3(27)
[350.751s][info][gc,heap        ] GC(823) Old regions: 669->702
[350.751s][info][gc,heap        ] GC(823) Humongous regions: 7->7
[350.751s][info][gc,metaspace   ] GC(823) Metaspace: 18878K(19072K)->18878K(19072K) NonClass: 16217K(16320K)->16217K(16320K) Class: 2661K(2752K)->2661K(2752K)
[350.751s][info][gc             ] GC(823) Pause Young (Prepare Mixed) (G1 Evacuation Pause) 890M->711M(978M) 45.134ms
[350.751s][info][gc,cpu         ] GC(823) User=0.08s Sys=0.00s Real=0.05s
[350.916s][info][gc,start       ] GC(824) Pause Young (Mixed) (G1 Evacuation Pause)
[350.916s][info][gc,task        ] GC(824) Using 2 workers of 2 for evacuation
[351.024s][info][gc,phases      ] GC(824)   Pre Evacuate Collection Set: 0.35ms
[351.024s][info][gc,phases      ] GC(824)   Merge Heap Roots: 1.51ms
[351.024s][info][gc,phases      ] GC(824)   Evacuate Collection Set: 83.89ms
[351.024s][info][gc,phases      ] GC(824)   Merge Optional Heap Roots: 0.10ms
[351.024s][info][gc,phases      ] GC(824)   Evacuate Optional Collection Set: 21.01ms
[351.024s][info][gc,phases      ] GC(824)   Post Evacuate Collection Set: 0.87ms
[351.024s][info][gc,phases      ] GC(824)   Other: 0.11ms
[351.024s][info][gc,heap        ] GC(824) Eden regions: 192->0(239)
[351.024s][info][gc,heap        ] GC(824) Survivor regions: 3->6(25)
[351.024s][info][gc,heap        ] GC(824) Old regions: 702->649
[351.024s][info][gc,heap        ] GC(824) Humongous regions: 7->7
[351.024s][info][gc,metaspace   ] GC(824) Metaspace: 18878K(19072K)->18878K(19072K) NonClass: 16217K(16320K)->16217K(16320K) Class: 2661K(2752K)->2661K(2752K)
[351.024s][info][gc             ] GC(824) Pause Young (Mixed) (G1 Evacuation Pause) 903M->661M(978M) 108.134ms
[351.024s][info][gc,cpu         ] GC(824) User=0.21s Sys=0.00s Real=0.10s
[351.248s][info][gc,start       ] GC(825) Pause Young (Mixed) (G1 Evacuation Pause)
[351.248s][info][gc,task        ] GC(825) Using 2 workers of 2 for evacuation
[351.302s][info][gc,phases      ] GC(825)   Pre Evacuate Collection Set: 0.28ms
[351.302s][info][gc,phases      ] GC(825)   Merge Heap Roots: 0.71ms
[351.302s][info][gc,phases      ] GC(825)   Evacuate Collection Set: 52.20ms
[351.302s][info][gc,phases      ] GC(825)   Post Evacuate Collection Set: 0.46ms
[351.302s][info][gc,phases      ] GC(825)   Other: 0.08ms
[351.302s][info][gc,heap        ] GC(825) Eden regions: 239->0(252)
[351.302s][info][gc,heap        ] GC(825) Survivor regions: 6->6(31)
[351.302s][info][gc,heap        ] GC(825) Old regions: 649->649
[351.302s][info][gc,heap        ] GC(825) Humongous regions: 7->7
[351.302s][info][gc,metaspace   ] GC(825) Metaspace: 18878K(19072K)->18878K(19072K) NonClass: 16217K(16320K)->16217K(16320K) Class: 2661K(2752K)->2661K(2752K)
[351.302s][info][gc             ] GC(825) Pause Young (Mixed) (G1 Evacuation Pause) 900M->661M(978M) 53.996ms
[351.302s][info][gc,cpu         ] GC(825) User=0.11s Sys=0.00s Real=0.05s
[351.594s][info][gc,start       ] GC(826) Pause Young (Concurrent Start) (G1 Evacuation Pause)
[351.594s][info][gc,task        ] GC(826) Using 2 workers of 2 for evacuation
[351.626s][info][gc,phases      ] GC(826)   Pre Evacuate Collection Set: 0.29ms
[351.626s][info][gc,phases      ] GC(826)   Merge Heap Roots: 0.26ms
[351.626s][info][gc,phases      ] GC(826)   Evacuate Collection Set: 30.56ms
[351.626s][info][gc,phases      ] GC(826)   Post Evacuate Collection Set: 0.49ms
[351.626s][info][gc,phases      ] GC(826)   Other: 0.11ms
[351.626s][info][gc,heap        ] GC(826) Eden regions: 252->0(226)
[351.626s][info][gc,heap        ] GC(826) Survivor regions: 6->23(33)
[351.626s][info][gc,heap        ] GC(826) Old regions: 649->649
[351.626s][info][gc,heap        ] GC(826) Humongous regions: 7->7
[351.626s][info][gc,metaspace   ] GC(826) Metaspace: 18878K(19072K)->18878K(19072K) NonClass: 16217K(16320K)->16217K(16320K) Class: 2661K(2752K)->2661K(2752K)
[351.626s][info][gc             ] GC(826) Pause Young (Concurrent Start) (G1 Evacuation Pause) 913M->678M(978M) 31.924ms
[351.626s][info][gc,cpu         ] GC(826) User=0.06s Sys=0.00s Real=0.03s
[351.626s][info][gc             ] GC(827) Concurrent Mark Cycle
[351.626s][info][gc,marking     ] GC(827) Concurrent Scan Root Regions
[351.677s][info][gc,marking     ] GC(827) Concurrent Scan Root Regions 50.473ms
[351.677s][info][gc,marking     ] GC(827) Concurrent Mark
[351.677s][info][gc,marking     ] GC(827) Concurrent Mark From Roots
[351.677s][info][gc,task        ] GC(827) Using 1 workers of 1 for marking
[351.927s][info][gc,start       ] GC(828) Pause Young (Normal) (G1 Evacuation Pause)
[351.927s][info][gc,task        ] GC(828) Using 2 workers of 2 for evacuation
[351.977s][info][gc,phases      ] GC(828)   Pre Evacuate Collection Set: 0.29ms
[351.977s][info][gc,phases      ] GC(828)   Merge Heap Roots: 0.40ms
[351.977s][info][gc,phases      ] GC(828)   Evacuate Collection Set: 48.58ms
[351.977s][info][gc,phases      ] GC(828)   Post Evacuate Collection Set: 0.54ms
[351.977s][info][gc,phases      ] GC(828)   Other: 0.08ms
[351.977s][info][gc,heap        ] GC(828) Eden regions: 226->0(223)
[351.977s][info][gc,heap        ] GC(828) Survivor regions: 23->13(32)
[351.977s][info][gc,heap        ] GC(828) Old regions: 649->672
[351.977s][info][gc,heap        ] GC(828) Humongous regions: 7->7
[351.977s][info][gc,metaspace   ] GC(828) Metaspace: 18882K(19072K)->18882K(19072K) NonClass: 16221K(16320K)->16221K(16320K) Class: 2661K(2752K)->2661K(2752K)
[351.977s][info][gc             ] GC(828) Pause Young (Normal) (G1 Evacuation Pause) 904M->691M(978M) 50.116ms
[351.977s][info][gc,cpu         ] GC(828) User=0.10s Sys=0.00s Real=0.05s
[352.534s][info][gc,start       ] GC(829) Pause Young (Normal) (G1 Evacuation Pause)
[352.535s][info][gc,task        ] GC(829) Using 2 workers of 2 for evacuation
[352.593s][info][gc,phases      ] GC(829)   Pre Evacuate Collection Set: 0.50ms
[352.593s][info][gc,phases      ] GC(829)   Merge Heap Roots: 0.45ms
[352.593s][info][gc,phases      ] GC(829)   Evacuate Collection Set: 56.73ms
[352.593s][info][gc,phases      ] GC(829)   Post Evacuate Collection Set: 0.57ms
[352.593s][info][gc,phases      ] GC(829)   Other: 0.10ms
[352.593s][info][gc,heap        ] GC(829) Eden regions: 223->0(177)
[352.593s][info][gc,heap        ] GC(829) Survivor regions: 13->30(30)
[352.593s][info][gc,heap        ] GC(829) Old regions: 672->681
[352.593s][info][gc,heap        ] GC(829) Humongous regions: 10->10
[352.593s][info][gc,metaspace   ] GC(829) Metaspace: 18882K(19072K)->18882K(19072K) NonClass: 16221K(16320K)->16221K(16320K) Class: 2661K(2752K)->2661K(2752K)
[352.593s][info][gc             ] GC(829) Pause Young (Normal) (G1 Evacuation Pause) 917M->720M(978M) 58.598ms
[352.593s][info][gc,cpu         ] GC(829) User=0.12s Sys=0.00s Real=0.06s
[352.923s][info][gc,start       ] GC(830) Pause Young (Normal) (G1 Evacuation Pause)
[352.924s][info][gc,task        ] GC(830) Using 2 workers of 2 for evacuation
[352.987s][info][gc,phases      ] GC(830)   Pre Evacuate Collection Set: 0.31ms
[352.988s][info][gc,phases      ] GC(830)   Merge Heap Roots: 0.34ms
[352.988s][info][gc,phases      ] GC(830)   Evacuate Collection Set: 62.77ms
[352.988s][info][gc,phases      ] GC(830)   Post Evacuate Collection Set: 0.44ms
[352.988s][info][gc,phases      ] GC(830)   Other: 0.07ms
[352.988s][info][gc,heap        ] GC(830) Eden regions: 177->0(166)
[352.988s][info][gc,heap        ] GC(830) Survivor regions: 30->20(26)
[352.988s][info][gc,heap        ] GC(830) Old regions: 681->712
[352.988s][info][gc,heap        ] GC(830) Humongous regions: 10->10
[352.988s][info][gc,metaspace   ] GC(830) Metaspace: 18882K(19072K)->18882K(19072K) NonClass: 16221K(16320K)->16221K(16320K) Class: 2661K(2752K)->2661K(2752K)
[352.988s][info][gc             ] GC(830) Pause Young (Normal) (G1 Evacuation Pause) 897M->741M(978M) 64.181ms
[352.988s][info][gc,cpu         ] GC(830) User=0.13s Sys=0.00s Real=0.07s
[353.383s][info][gc,start       ] GC(831) Pause Young (Normal) (G1 Evacuation Pause)
[353.383s][info][gc,task        ] GC(831) Using 2 workers of 2 for evacuation
[353.413s][info][gc,phases      ] GC(831)   Pre Evacuate Collection Set: 0.29ms
[353.413s][info][gc,phases      ] GC(831)   Merge Heap Roots: 0.24ms
[353.413s][info][gc,phases      ] GC(831)   Evacuate Collection Set: 28.71ms
[353.413s][info][gc,phases      ] GC(831)   Post Evacuate Collection Set: 0.42ms
[353.413s][info][gc,phases      ] GC(831)   Other: 0.08ms
[353.413s][info][gc,heap        ] GC(831) Eden regions: 166->0(176)
[353.413s][info][gc,heap        ] GC(831) Survivor regions: 20->5(24)
[353.413s][info][gc,heap        ] GC(831) Old regions: 712->732
[353.413s][info][gc,heap        ] GC(831) Humongous regions: 10->10
[353.413s][info][gc,metaspace   ] GC(831) Metaspace: 18884K(19072K)->18884K(19072K) NonClass: 16223K(16320K)->16223K(16320K) Class: 2661K(2752K)->2661K(2752K)
[353.413s][info][gc             ] GC(831) Pause Young (Normal) (G1 Evacuation Pause) 907M->746M(978M) 29.998ms
[353.413s][info][gc,cpu         ] GC(831) User=0.06s Sys=0.00s Real=0.03s
[353.669s][info][gc,start       ] GC(832) Pause Young (Normal) (G1 Evacuation Pause)
[353.669s][info][gc,task        ] GC(832) Using 2 workers of 2 for evacuation
[353.678s][info][gc,phases      ] GC(832)   Pre Evacuate Collection Set: 0.26ms
[353.678s][info][gc,phases      ] GC(832)   Merge Heap Roots: 0.15ms
[353.678s][info][gc,phases      ] GC(832)   Evacuate Collection Set: 7.32ms
[353.678s][info][gc,phases      ] GC(832)   Post Evacuate Collection Set: 0.39ms
[353.678s][info][gc,phases      ] GC(832)   Other: 0.09ms
[353.678s][info][gc,heap        ] GC(832) Eden regions: 176->0(174)
[353.678s][info][gc,heap        ] GC(832) Survivor regions: 5->6(23)
[353.678s][info][gc,heap        ] GC(832) Old regions: 732->732
[353.678s][info][gc,heap        ] GC(832) Humongous regions: 10->10
[353.678s][info][gc,metaspace   ] GC(832) Metaspace: 18884K(19072K)->18884K(19072K) NonClass: 16223K(16320K)->16223K(16320K) Class: 2661K(2752K)->2661K(2752K)
[353.678s][info][gc             ] GC(832) Pause Young (Normal) (G1 Evacuation Pause) 922M->746M(978M) 8.387ms
[353.678s][info][gc,cpu         ] GC(832) User=0.02s Sys=0.00s Real=0.01s
[353.922s][info][gc,marking     ] GC(827) Concurrent Mark From Roots 2245.275ms
[353.922s][info][gc,marking     ] GC(827) Concurrent Preclean
[353.922s][info][gc,marking     ] GC(827) Concurrent Preclean 0.056ms
[353.923s][info][gc,start       ] GC(827) Pause Remark
[353.931s][info][gc             ] GC(827) Pause Remark 886M->886M(978M) 7.412ms
[353.931s][info][gc,cpu         ] GC(827) User=0.01s Sys=0.00s Real=0.01s
[353.931s][info][gc,marking     ] GC(827) Concurrent Mark 2254.150ms
[353.931s][info][gc,marking     ] GC(827) Concurrent Rebuild Remembered Sets and Scrub Regions
[354.011s][info][gc,start       ] GC(833) Pause Young (Normal) (G1 Evacuation Pause)
[354.011s][info][gc,task        ] GC(833) Using 2 workers of 2 for evacuation
[354.027s][info][gc,phases      ] GC(833)   Pre Evacuate Collection Set: 0.24ms
[354.027s][info][gc,phases      ] GC(833)   Merge Heap Roots: 0.17ms
[354.027s][info][gc,phases      ] GC(833)   Evacuate Collection Set: 14.42ms
[354.027s][info][gc,phases      ] GC(833)   Post Evacuate Collection Set: 0.38ms
[354.027s][info][gc,phases      ] GC(833)   Other: 0.08ms
[354.027s][info][gc,heap        ] GC(833) Eden regions: 174->0(162)
[354.027s][info][gc,heap        ] GC(833) Survivor regions: 6->12(23)
[354.027s][info][gc,heap        ] GC(833) Old regions: 732->732
[354.027s][info][gc,heap        ] GC(833) Humongous regions: 10->10
[354.027s][info][gc,metaspace   ] GC(833) Metaspace: 18884K(19072K)->18884K(19072K) NonClass: 16223K(16320K)->16223K(16320K) Class: 2661K(2752K)->2661K(2752K)
[354.027s][info][gc             ] GC(833) Pause Young (Normal) (G1 Evacuation Pause) 920M->753M(978M) 15.498ms
[354.027s][info][gc,cpu         ] GC(833) User=0.03s Sys=0.00s Real=0.02s
[354.345s][info][gc,start       ] GC(834) Pause Young (Normal) (G1 Evacuation Pause)
[354.345s][info][gc,task        ] GC(834) Using 2 workers of 2 for evacuation
[354.362s][info][gc,phases      ] GC(834)   Pre Evacuate Collection Set: 0.26ms
[354.362s][info][gc,phases      ] GC(834)   Merge Heap Roots: 0.22ms
[354.362s][info][gc,phases      ] GC(834)   Evacuate Collection Set: 15.39ms
[354.362s][info][gc,phases      ] GC(834)   Post Evacuate Collection Set: 0.39ms
[354.362s][info][gc,phases      ] GC(834)   Other: 0.09ms
[354.362s][info][gc,heap        ] GC(834) Eden regions: 162->0(163)
[354.362s][info][gc,heap        ] GC(834) Survivor regions: 12->9(22)
[354.362s][info][gc,heap        ] GC(834) Old regions: 732->737
[354.362s][info][gc,heap        ] GC(834) Humongous regions: 10->10
[354.362s][info][gc,metaspace   ] GC(834) Metaspace: 18885K(19072K)->18885K(19072K) NonClass: 16224K(16320K)->16224K(16320K) Class: 2661K(2752K)->2661K(2752K)
[354.362s][info][gc             ] GC(834) Pause Young (Normal) (G1 Evacuation Pause) 915M->754M(978M) 16.599ms
[354.362s][info][gc,cpu         ] GC(834) User=0.03s Sys=0.00s Real=0.02s
[354.824s][info][gc,marking     ] GC(827) Concurrent Rebuild Remembered Sets and Scrub Regions 893.412ms
[354.825s][info][gc,start       ] GC(827) Pause Cleanup
[354.825s][info][gc             ] GC(827) Pause Cleanup 860M->860M(978M) 0.108ms
[354.825s][info][gc,cpu         ] GC(827) User=0.00s Sys=0.00s Real=0.00s
[354.826s][info][gc,marking     ] GC(827) Concurrent Clear Claimed Marks
[354.826s][info][gc,marking     ] GC(827) Concurrent Clear Claimed Marks 0.061ms
[354.826s][info][gc,marking     ] GC(827) Concurrent Cleanup for Next Mark
[354.832s][info][gc,marking     ] GC(827) Concurrent Cleanup for Next Mark 5.918ms
[354.832s][info][gc             ] GC(827) Concurrent Mark Cycle 3206.121ms
[354.920s][info][gc,start       ] GC(835) Pause Young (Prepare Mixed) (G1 Evacuation Pause)
[354.920s][info][gc,task        ] GC(835) Using 2 workers of 2 for evacuation
[354.932s][info][gc,phases      ] GC(835)   Pre Evacuate Collection Set: 0.50ms
[354.932s][info][gc,phases      ] GC(835)   Merge Heap Roots: 0.23ms
[354.932s][info][gc,phases      ] GC(835)   Evacuate Collection Set: 11.03ms
[354.932s][info][gc,phases      ] GC(835)   Post Evacuate Collection Set: 0.39ms
[354.932s][info][gc,phases      ] GC(835)   Other: 0.10ms
[354.932s][info][gc,heap        ] GC(835) Eden regions: 163->0(163)
[354.932s][info][gc,heap        ] GC(835) Survivor regions: 9->9(22)
[354.932s][info][gc,heap        ] GC(835) Old regions: 737->737
[354.932s][info][gc,heap        ] GC(835) Humongous regions: 10->10
[354.932s][info][gc,metaspace   ] GC(835) Metaspace: 18885K(19072K)->18885K(19072K) NonClass: 16224K(16320K)->16224K(16320K) Class: 2661K(2752K)->2661K(2752K)
[354.932s][info][gc             ] GC(835) Pause Young (Prepare Mixed) (G1 Evacuation Pause) 917M->754M(978M) 12.464ms
[354.932s][info][gc,cpu         ] GC(835) User=0.03s Sys=0.00s Real=0.01s
[355.606s][info][gc,start       ] GC(836) Pause Young (Mixed) (G1 Evacuation Pause)
[355.606s][info][gc,task        ] GC(836) Using 2 workers of 2 for evacuation
[355.677s][info][gc,phases      ] GC(836)   Pre Evacuate Collection Set: 0.51ms
[355.677s][info][gc,phases      ] GC(836)   Merge Heap Roots: 0.60ms
[355.677s][info][gc,phases      ] GC(836)   Evacuate Collection Set: 69.44ms
[355.677s][info][gc,phases      ] GC(836)   Post Evacuate Collection Set: 0.43ms
[355.677s][info][gc,phases      ] GC(836)   Other: 0.09ms
[355.677s][info][gc,heap        ] GC(836) Eden regions: 163->0(171)
[355.677s][info][gc,heap        ] GC(836) Survivor regions: 9->9(22)
[355.677s][info][gc,heap        ] GC(836) Old regions: 737->729
[355.677s][info][gc,heap        ] GC(836) Humongous regions: 10->10
[355.677s][info][gc,metaspace   ] GC(836) Metaspace: 18885K(19072K)->18885K(19072K) NonClass: 16224K(16320K)->16224K(16320K) Class: 2661K(2752K)->2661K(2752K)
[355.677s][info][gc             ] GC(836) Pause Young (Mixed) (G1 Evacuation Pause) 917M->747M(978M) 71.291ms
[355.677s][info][gc,cpu         ] GC(836) User=0.15s Sys=0.00s Real=0.08s
[356.028s][info][gc,start       ] GC(837) Pause Young (Concurrent Start) (G1 Evacuation Pause)
[356.028s][info][gc,task        ] GC(837) Using 2 workers of 2 for evacuation
[356.060s][info][gc,phases      ] GC(837)   Pre Evacuate Collection Set: 0.30ms
[356.060s][info][gc,phases      ] GC(837)   Merge Heap Roots: 0.20ms
[356.060s][info][gc,phases      ] GC(837)   Evacuate Collection Set: 31.22ms
[356.060s][info][gc,phases      ] GC(837)   Post Evacuate Collection Set: 0.42ms
[356.060s][info][gc,phases      ] GC(837)   Other: 0.10ms
[356.060s][info][gc,heap        ] GC(837) Eden regions: 171->0(137)
[356.060s][info][gc,heap        ] GC(837) Survivor regions: 9->23(23)
[356.060s][info][gc,heap        ] GC(837) Old regions: 729->735
[356.060s][info][gc,heap        ] GC(837) Humongous regions: 10->10
[356.060s][info][gc,metaspace   ] GC(837) Metaspace: 18885K(19072K)->18885K(19072K) NonClass: 16224K(16320K)->16224K(16320K) Class: 2661K(2752K)->2661K(2752K)
[356.060s][info][gc             ] GC(837) Pause Young (Concurrent Start) (G1 Evacuation Pause) 918M->767M(978M) 32.483ms
[356.061s][info][gc,cpu         ] GC(837) User=0.07s Sys=0.00s Real=0.03s
[356.061s][info][gc             ] GC(838) Concurrent Mark Cycle
[356.061s][info][gc,marking     ] GC(838) Concurrent Scan Root Regions
[356.116s][info][gc,marking     ] GC(838) Concurrent Scan Root Regions 55.692ms
[356.116s][info][gc,marking     ] GC(838) Concurrent Mark
[356.116s][info][gc,marking     ] GC(838) Concurrent Mark From Roots
[356.116s][info][gc,task        ] GC(838) Using 1 workers of 1 for marking
[356.635s][info][gc,start       ] GC(839) Pause Young (Normal) (G1 Evacuation Pause)
[356.635s][info][gc,task        ] GC(839) Using 2 workers of 2 for evacuation
[356.661s][info][gc,phases      ] GC(839)   Pre Evacuate Collection Set: 0.48ms
[356.661s][info][gc,phases      ] GC(839)   Merge Heap Roots: 0.20ms
[356.661s][info][gc,phases      ] GC(839)   Evacuate Collection Set: 25.02ms
[356.661s][info][gc,phases      ] GC(839)   Post Evacuate Collection Set: 0.36ms
[356.661s][info][gc,phases      ] GC(839)   Other: 0.07ms
[356.661s][info][gc,heap        ] GC(839) Eden regions: 137->0(157)
[356.661s][info][gc,heap        ] GC(839) Survivor regions: 23->1(20)
[356.661s][info][gc,heap        ] GC(839) Old regions: 735->759
[356.661s][info][gc,heap        ] GC(839) Humongous regions: 10->10
[356.661s][info][gc,metaspace   ] GC(839) Metaspace: 18885K(19072K)->18885K(19072K) NonClass: 16224K(16320K)->16224K(16320K) Class: 2661K(2752K)->2661K(2752K)
[356.661s][info][gc             ] GC(839) Pause Young (Normal) (G1 Evacuation Pause) 904M->769M(978M) 26.325ms
[356.661s][info][gc,cpu         ] GC(839) User=0.05s Sys=0.00s Real=0.03s
[357.553s][info][gc,marking     ] GC(838) Concurrent Mark From Roots 1436.215ms
[357.553s][info][gc,marking     ] GC(838) Concurrent Preclean
[357.553s][info][gc,marking     ] GC(838) Concurrent Preclean 0.061ms
[357.553s][info][gc,start       ] GC(838) Pause Remark
[357.664s][info][gc             ] GC(838) Pause Remark 911M->771M(978M) 111.386ms
[357.664s][info][gc,cpu         ] GC(838) User=0.22s Sys=0.00s Real=0.11s
[357.666s][info][gc,marking     ] GC(838) Concurrent Mark 1550.056ms
[357.666s][info][gc,marking     ] GC(838) Concurrent Rebuild Remembered Sets and Scrub Regions
[357.795s][info][gc,start       ] GC(840) Pause Young (Normal) (G1 Evacuation Pause)
[357.795s][info][gc,task        ] GC(840) Using 2 workers of 2 for evacuation
[357.798s][info][gc,phases      ] GC(840)   Pre Evacuate Collection Set: 0.44ms
[357.798s][info][gc,phases      ] GC(840)   Merge Heap Roots: 0.18ms
[357.798s][info][gc,phases      ] GC(840)   Evacuate Collection Set: 2.81ms
[357.798s][info][gc,phases      ] GC(840)   Post Evacuate Collection Set: 0.35ms
[357.799s][info][gc,phases      ] GC(840)   Other: 0.08ms
[357.799s][info][gc,heap        ] GC(840) Eden regions: 157->0(296)
[357.799s][info][gc,heap        ] GC(840) Survivor regions: 1->1(20)
[357.799s][info][gc,heap        ] GC(840) Old regions: 622->622
[357.799s][info][gc,heap        ] GC(840) Humongous regions: 7->7
[357.799s][info][gc,metaspace   ] GC(840) Metaspace: 18886K(19072K)->18886K(19072K) NonClass: 16225K(16320K)->16225K(16320K) Class: 2661K(2752K)->2661K(2752K)
[357.799s][info][gc             ] GC(840) Pause Young (Normal) (G1 Evacuation Pause) 786M->629M(978M) 4.075ms
[357.799s][info][gc,cpu         ] GC(840) User=0.00s Sys=0.00s Real=0.01s
[358.104s][info][gc,marking     ] GC(838) Concurrent Rebuild Remembered Sets and Scrub Regions 437.770ms
[358.104s][info][gc,start       ] GC(838) Pause Cleanup
[358.105s][info][gc             ] GC(838) Pause Cleanup 706M->706M(978M) 0.105ms
[358.105s][info][gc,cpu         ] GC(838) User=0.00s Sys=0.00s Real=0.00s
[358.105s][info][gc,marking     ] GC(838) Concurrent Clear Claimed Marks
[358.105s][info][gc,marking     ] GC(838) Concurrent Clear Claimed Marks 0.033ms
[358.105s][info][gc,marking     ] GC(838) Concurrent Cleanup for Next Mark
[358.107s][info][gc,marking     ] GC(838) Concurrent Cleanup for Next Mark 2.812ms
[358.107s][info][gc             ] GC(838) Concurrent Mark Cycle 2046.949ms
[358.917s][info][gc,start       ] GC(841) Pause Young (Prepare Mixed) (G1 Evacuation Pause)
[358.917s][info][gc,task        ] GC(841) Using 2 workers of 2 for evacuation
[358.922s][info][gc,phases      ] GC(841)   Pre Evacuate Collection Set: 0.29ms
[358.922s][info][gc,phases      ] GC(841)   Merge Heap Roots: 0.15ms
[358.922s][info][gc,phases      ] GC(841)   Evacuate Collection Set: 3.55ms
[358.922s][info][gc,phases      ] GC(841)   Post Evacuate Collection Set: 0.49ms
[358.922s][info][gc,phases      ] GC(841)   Other: 0.11ms
[358.922s][info][gc,heap        ] GC(841) Eden regions: 296->0(293)
[358.922s][info][gc,heap        ] GC(841) Survivor regions: 1->3(38)
[358.922s][info][gc,heap        ] GC(841) Old regions: 622->622
[358.922s][info][gc,heap        ] GC(841) Humongous regions: 7->7
[358.922s][info][gc,metaspace   ] GC(841) Metaspace: 18892K(19136K)->18892K(19136K) NonClass: 16231K(16384K)->16231K(16384K) Class: 2661K(2752K)->2661K(2752K)
[358.922s][info][gc             ] GC(841) Pause Young (Prepare Mixed) (G1 Evacuation Pause) 925M->631M(978M) 4.780ms
[358.922s][info][gc,cpu         ] GC(841) User=0.00s Sys=0.00s Real=0.00s
[359.482s][info][gc,start       ] GC(842) Pause Young (Mixed) (G1 Evacuation Pause)
[359.482s][info][gc,task        ] GC(842) Using 2 workers of 2 for evacuation
[359.518s][info][gc,phases      ] GC(842)   Pre Evacuate Collection Set: 0.29ms
[359.518s][info][gc,phases      ] GC(842)   Merge Heap Roots: 0.15ms
[359.518s][info][gc,phases      ] GC(842)   Evacuate Collection Set: 34.87ms
[359.518s][info][gc,phases      ] GC(842)   Post Evacuate Collection Set: 0.54ms
[359.518s][info][gc,phases      ] GC(842)   Other: 0.11ms
[359.518s][info][gc,heap        ] GC(842) Eden regions: 293->0(246)
[359.518s][info][gc,heap        ] GC(842) Survivor regions: 3->37(37)
[359.518s][info][gc,heap        ] GC(842) Old regions: 622->601
[359.518s][info][gc,heap        ] GC(842) Humongous regions: 7->7
[359.518s][info][gc,metaspace   ] GC(842) Metaspace: 18900K(19136K)->18900K(19136K) NonClass: 16239K(16384K)->16239K(16384K) Class: 2661K(2752K)->2661K(2752K)
[359.518s][info][gc             ] GC(842) Pause Young (Mixed) (G1 Evacuation Pause) 924M->644M(978M) 36.187ms
[359.518s][info][gc,cpu         ] GC(842) User=0.07s Sys=0.00s Real=0.04s
[359.692s][info][gc,start       ] GC(843) Pause Young (Concurrent Start) (G1 Evacuation Pause)
[359.692s][info][gc,task        ] GC(843) Using 2 workers of 2 for evacuation
[359.818s][info][gc,phases      ] GC(843)   Pre Evacuate Collection Set: 0.33ms
[359.818s][info][gc,phases      ] GC(843)   Merge Heap Roots: 0.14ms
[359.818s][info][gc,phases      ] GC(843)   Evacuate Collection Set: 111.80ms
[359.818s][info][gc,phases      ] GC(843)   Post Evacuate Collection Set: 13.34ms
[359.818s][info][gc,phases      ] GC(843)   Other: 0.20ms
[359.818s][info][gc,heap        ] GC(843) Eden regions: 246->0(37)
[359.818s][info][gc,heap        ] GC(843) Survivor regions: 37->36(36)
[359.818s][info][gc,heap        ] GC(843) Old regions: 601->812
[359.818s][info][gc,heap        ] GC(843) Humongous regions: 7->7
[359.818s][info][gc,metaspace   ] GC(843) Metaspace: 18900K(19136K)->18900K(19136K) NonClass: 16239K(16384K)->16239K(16384K) Class: 2661K(2752K)->2661K(2752K)
[359.818s][info][gc             ] GC(843) Pause Young (Concurrent Start) (G1 Evacuation Pause) (Evacuation Failure: Allocation) 890M->854M(978M) 126.006ms
[359.818s][info][gc,cpu         ] GC(843) User=0.25s Sys=0.00s Real=0.13s
[359.818s][info][gc             ] GC(844) Concurrent Mark Cycle
[359.818s][info][gc,marking     ] GC(844) Concurrent Scan Root Regions
[359.881s][info][gc,start       ] GC(845) Pause Young (Normal) (G1 Evacuation Pause)
[359.881s][info][gc,task        ] GC(845) Using 2 workers of 2 for evacuation
[359.915s][info][gc,marking     ] GC(844) Concurrent Scan Root Regions 96.962ms
[359.915s][info][gc,marking     ] GC(844) Concurrent Mark
[359.915s][info][gc,marking     ] GC(844) Concurrent Mark From Roots
[359.915s][info][gc,task        ] GC(844) Using 1 workers of 1 for marking
[359.998s][info][gc,phases      ] GC(845)   Pre Evacuate Collection Set: 0.57ms
[359.998s][info][gc,phases      ] GC(845)   Merge Heap Roots: 0.36ms
[359.998s][info][gc,phases      ] GC(845)   Evacuate Collection Set: 79.36ms
[359.998s][info][gc,phases      ] GC(845)   Post Evacuate Collection Set: 2.24ms
[359.998s][info][gc,phases      ] GC(845)   Other: 0.09ms
[359.998s][info][gc,heap        ] GC(845) Eden regions: 37->0(143)
[359.998s][info][gc,heap        ] GC(845) Survivor regions: 36->10(10)
[359.998s][info][gc,heap        ] GC(845) Old regions: 812->757
[359.998s][info][gc,heap        ] GC(845) Humongous regions: 7->7
[359.998s][info][gc,metaspace   ] GC(845) Metaspace: 18900K(19136K)->18900K(19136K) NonClass: 16239K(16384K)->16239K(16384K) Class: 2661K(2752K)->2661K(2752K)
[359.998s][info][gc             ] GC(845) Pause Young (Normal) (G1 Evacuation Pause) (Evacuation Failure: Allocation) 891M->773M(978M) 117.153ms
[359.998s][info][gc,cpu         ] GC(845) User=0.19s Sys=0.00s Real=0.12s
[360.262s][info][gc,start       ] GC(846) Pause Young (Normal) (G1 Evacuation Pause)
[360.262s][info][gc,task        ] GC(846) Using 2 workers of 2 for evacuation
[360.309s][info][gc,phases      ] GC(846)   Pre Evacuate Collection Set: 0.30ms
[360.309s][info][gc,phases      ] GC(846)   Merge Heap Roots: 0.23ms
[360.309s][info][gc,phases      ] GC(846)   Evacuate Collection Set: 45.46ms
[360.309s][info][gc,phases      ] GC(846)   Post Evacuate Collection Set: 0.50ms
[360.309s][info][gc,phases      ] GC(846)   Other: 0.09ms
[360.309s][info][gc,heap        ] GC(846) Eden regions: 143->0(128)
[360.309s][info][gc,heap        ] GC(846) Survivor regions: 10->20(20)
[360.309s][info][gc,heap        ] GC(846) Old regions: 757->752
[360.309s][info][gc,heap        ] GC(846) Humongous regions: 8->8
[360.309s][info][gc,metaspace   ] GC(846) Metaspace: 18900K(19136K)->18900K(19136K) NonClass: 16239K(16384K)->16239K(16384K) Class: 2661K(2752K)->2661K(2752K)
[360.309s][info][gc             ] GC(846) Pause Young (Normal) (G1 Evacuation Pause) 917M->779M(978M) 46.838ms
[360.309s][info][gc,cpu         ] GC(846) User=0.09s Sys=0.00s Real=0.05s
[360.580s][info][gc,start       ] GC(847) Pause Young (Normal) (G1 Evacuation Pause)
[360.580s][info][gc,task        ] GC(847) Using 2 workers of 2 for evacuation
[360.635s][info][gc,phases      ] GC(847)   Pre Evacuate Collection Set: 0.40ms
[360.635s][info][gc,phases      ] GC(847)   Merge Heap Roots: 1.11ms
[360.635s][info][gc,phases      ] GC(847)   Evacuate Collection Set: 52.73ms
[360.635s][info][gc,phases      ] GC(847)   Post Evacuate Collection Set: 0.72ms
[360.635s][info][gc,phases      ] GC(847)   Other: 0.10ms
[360.635s][info][gc,heap        ] GC(847) Eden regions: 128->0(131)
[360.635s][info][gc,heap        ] GC(847) Survivor regions: 20->8(19)
[360.635s][info][gc,heap        ] GC(847) Old regions: 752->773
[360.635s][info][gc,heap        ] GC(847) Humongous regions: 8->8
[360.635s][info][gc,metaspace   ] GC(847) Metaspace: 18911K(19136K)->18911K(19136K) NonClass: 16250K(16384K)->16250K(16384K) Class: 2661K(2752K)->2661K(2752K)
[360.635s][info][gc             ] GC(847) Pause Young (Normal) (G1 Evacuation Pause) 907M->788M(978M) 55.327ms
[360.635s][info][gc,cpu         ] GC(847) User=0.11s Sys=0.00s Real=0.05s
[360.967s][info][gc,start       ] GC(848) Pause Young (Normal) (G1 Evacuation Pause)
[360.968s][info][gc,task        ] GC(848) Using 2 workers of 2 for evacuation
[361.039s][info][gc,phases      ] GC(848)   Pre Evacuate Collection Set: 0.30ms
[361.039s][info][gc,phases      ] GC(848)   Merge Heap Roots: 0.76ms
[361.039s][info][gc,phases      ] GC(848)   Evacuate Collection Set: 70.12ms
[361.039s][info][gc,phases      ] GC(848)   Post Evacuate Collection Set: 0.57ms
[361.039s][info][gc,phases      ] GC(848)   Other: 0.14ms
[361.040s][info][gc,heap        ] GC(848) Eden regions: 131->0(91)
[361.040s][info][gc,heap        ] GC(848) Survivor regions: 8->18(18)
[361.040s][info][gc,heap        ] GC(848) Old regions: 773->790
[361.040s][info][gc,heap        ] GC(848) Humongous regions: 11->11
[361.040s][info][gc,metaspace   ] GC(848) Metaspace: 18911K(19136K)->18911K(19136K) NonClass: 16250K(16384K)->16250K(16384K) Class: 2661K(2752K)->2661K(2752K)
[361.040s][info][gc             ] GC(848) Pause Young (Normal) (G1 Evacuation Pause) 922M->818M(978M) 72.177ms
[361.040s][info][gc,cpu         ] GC(848) User=0.14s Sys=0.00s Real=0.07s
[361.177s][info][gc,start       ] GC(849) Pause Young (Normal) (G1 Evacuation Pause)
[361.178s][info][gc,task        ] GC(849) Using 2 workers of 2 for evacuation
[361.215s][info][gc,phases      ] GC(849)   Pre Evacuate Collection Set: 0.30ms
[361.215s][info][gc,phases      ] GC(849)   Merge Heap Roots: 0.43ms
[361.215s][info][gc,phases      ] GC(849)   Evacuate Collection Set: 36.50ms
[361.215s][info][gc,phases      ] GC(849)   Post Evacuate Collection Set: 0.32ms
[361.215s][info][gc,phases      ] GC(849)   Other: 0.09ms
[361.215s][info][gc,heap        ] GC(849) Eden regions: 91->0(104)
[361.215s][info][gc,heap        ] GC(849) Survivor regions: 18->2(14)
[361.215s][info][gc,heap        ] GC(849) Old regions: 790->809
[361.215s][info][gc,heap        ] GC(849) Humongous regions: 11->11
[361.215s][info][gc,metaspace   ] GC(849) Metaspace: 18911K(19136K)->18911K(19136K) NonClass: 16250K(16384K)->16250K(16384K) Class: 2661K(2752K)->2661K(2752K)
[361.215s][info][gc             ] GC(849) Pause Young (Normal) (G1 Evacuation Pause) 909M->821M(978M) 37.927ms
[361.215s][info][gc,cpu         ] GC(849) User=0.07s Sys=0.00s Real=0.03s
[361.361s][info][gc,start       ] GC(850) Pause Young (Normal) (G1 Evacuation Pause)
[361.361s][info][gc,task        ] GC(850) Using 2 workers of 2 for evacuation
[361.392s][info][gc,phases      ] GC(850)   Pre Evacuate Collection Set: 0.29ms
[361.392s][info][gc,phases      ] GC(850)   Merge Heap Roots: 0.14ms
[361.392s][info][gc,phases      ] GC(850)   Evacuate Collection Set: 29.87ms
[361.392s][info][gc,phases      ] GC(850)   Post Evacuate Collection Set: 0.32ms
[361.392s][info][gc,phases      ] GC(850)   Other: 0.09ms
[361.392s][info][gc,heap        ] GC(850) Eden regions: 104->0(66)
[361.392s][info][gc,heap        ] GC(850) Survivor regions: 2->14(14)
[361.392s][info][gc,heap        ] GC(850) Old regions: 809->823
[361.392s][info][gc,heap        ] GC(850) Humongous regions: 11->11
[361.392s][info][gc,metaspace   ] GC(850) Metaspace: 18911K(19136K)->18911K(19136K) NonClass: 16250K(16384K)->16250K(16384K) Class: 2661K(2752K)->2661K(2752K)
[361.392s][info][gc             ] GC(850) Pause Young (Normal) (G1 Evacuation Pause) 925M->847M(978M) 30.948ms
[361.392s][info][gc,cpu         ] GC(850) User=0.06s Sys=0.00s Real=0.03s
[361.497s][info][gc,start       ] GC(851) Pause Young (Normal) (G1 Evacuation Pause)
[361.498s][info][gc,task        ] GC(851) Using 2 workers of 2 for evacuation
[361.520s][info][gc,phases      ] GC(851)   Pre Evacuate Collection Set: 0.45ms
[361.520s][info][gc,phases      ] GC(851)   Merge Heap Roots: 0.10ms
[361.520s][info][gc,phases      ] GC(851)   Evacuate Collection Set: 21.83ms
[361.520s][info][gc,phases      ] GC(851)   Post Evacuate Collection Set: 0.32ms
[361.520s][info][gc,phases      ] GC(851)   Other: 0.08ms
[361.520s][info][gc,heap        ] GC(851) Eden regions: 66->0(63)
[361.520s][info][gc,heap        ] GC(851) Survivor regions: 14->8(10)
[361.520s][info][gc,heap        ] GC(851) Old regions: 823->838
[361.520s][info][gc,heap        ] GC(851) Humongous regions: 11->11
[361.520s][info][gc,metaspace   ] GC(851) Metaspace: 18911K(19136K)->18911K(19136K) NonClass: 16250K(16384K)->16250K(16384K) Class: 2661K(2752K)->2661K(2752K)
[361.520s][info][gc             ] GC(851) Pause Young (Normal) (G1 Evacuation Pause) 913M->856M(978M) 22.973ms
[361.520s][info][gc,cpu         ] GC(851) User=0.04s Sys=0.00s Real=0.02s
[361.577s][info][gc,start       ] GC(852) Pause Young (Normal) (G1 Evacuation Pause)
[361.577s][info][gc,task        ] GC(852) Using 2 workers of 2 for evacuation
[361.593s][info][gc,phases      ] GC(852)   Pre Evacuate Collection Set: 0.46ms
[361.593s][info][gc,phases      ] GC(852)   Merge Heap Roots: 0.07ms
[361.593s][info][gc,phases      ] GC(852)   Evacuate Collection Set: 15.17ms
[361.593s][info][gc,phases      ] GC(852)   Post Evacuate Collection Set: 0.29ms
[361.593s][info][gc,phases      ] GC(852)   Other: 0.06ms
[361.593s][info][gc,heap        ] GC(852) Eden regions: 63->0(53)
[361.593s][info][gc,heap        ] GC(852) Survivor regions: 8->9(9)
[361.593s][info][gc,heap        ] GC(852) Old regions: 838->846
[361.593s][info][gc,heap        ] GC(852) Humongous regions: 11->11
[361.593s][info][gc,metaspace   ] GC(852) Metaspace: 18911K(19136K)->18911K(19136K) NonClass: 16250K(16384K)->16250K(16384K) Class: 2661K(2752K)->2661K(2752K)
[361.593s][info][gc             ] GC(852) Pause Young (Normal) (G1 Evacuation Pause) 919M->865M(978M) 16.211ms
[361.593s][info][gc,cpu         ] GC(852) User=0.03s Sys=0.00s Real=0.01s
[361.645s][info][gc,start       ] GC(853) Pause Young (Normal) (G1 Evacuation Pause)
[361.645s][info][gc,task        ] GC(853) Using 2 workers of 2 for evacuation
[361.660s][info][gc,phases      ] GC(853)   Pre Evacuate Collection Set: 0.46ms
[361.660s][info][gc,phases      ] GC(853)   Merge Heap Roots: 0.07ms
[361.660s][info][gc,phases      ] GC(853)   Evacuate Collection Set: 13.94ms
[361.660s][info][gc,phases      ] GC(853)   Post Evacuate Collection Set: 0.27ms
[361.660s][info][gc,phases      ] GC(853)   Other: 0.05ms
[361.660s][info][gc,heap        ] GC(853) Eden regions: 53->0(46)
[361.660s][info][gc,heap        ] GC(853) Survivor regions: 9->8(8)
[361.660s][info][gc,heap        ] GC(853) Old regions: 846->855
[361.660s][info][gc,heap        ] GC(853) Humongous regions: 11->11
[361.660s][info][gc,metaspace   ] GC(853) Metaspace: 18911K(19136K)->18911K(19136K) NonClass: 16250K(16384K)->16250K(16384K) Class: 2661K(2752K)->2661K(2752K)
[361.660s][info][gc             ] GC(853) Pause Young (Normal) (G1 Evacuation Pause) 918M->873M(978M) 14.959ms
[361.660s][info][gc,cpu         ] GC(853) User=0.03s Sys=0.00s Real=0.02s
[361.701s][info][gc,start       ] GC(854) Pause Young (Normal) (G1 Evacuation Pause)
[361.701s][info][gc,task        ] GC(854) Using 2 workers of 2 for evacuation
[361.712s][info][gc,phases      ] GC(854)   Pre Evacuate Collection Set: 0.44ms
[361.712s][info][gc,phases      ] GC(854)   Merge Heap Roots: 0.05ms
[361.712s][info][gc,phases      ] GC(854)   Evacuate Collection Set: 10.65ms
[361.712s][info][gc,phases      ] GC(854)   Post Evacuate Collection Set: 0.30ms
[361.712s][info][gc,phases      ] GC(854)   Other: 0.06ms
[361.712s][info][gc,heap        ] GC(854) Eden regions: 46->0(42)
[361.712s][info][gc,heap        ] GC(854) Survivor regions: 8->6(7)
[361.712s][info][gc,heap        ] GC(854) Old regions: 855->863
[361.712s][info][gc,heap        ] GC(854) Humongous regions: 11->11
[361.712s][info][gc,metaspace   ] GC(854) Metaspace: 18911K(19136K)->18911K(19136K) NonClass: 16250K(16384K)->16250K(16384K) Class: 2661K(2752K)->2661K(2752K)
[361.712s][info][gc             ] GC(854) Pause Young (Normal) (G1 Evacuation Pause) 919M->879M(978M) 11.668ms
[361.712s][info][gc,cpu         ] GC(854) User=0.03s Sys=0.00s Real=0.01s
[361.750s][info][gc,start       ] GC(855) Pause Young (Normal) (G1 Evacuation Pause)
[361.750s][info][gc,task        ] GC(855) Using 2 workers of 2 for evacuation
[361.760s][info][gc,phases      ] GC(855)   Pre Evacuate Collection Set: 0.47ms
[361.760s][info][gc,phases      ] GC(855)   Merge Heap Roots: 0.06ms
[361.760s][info][gc,phases      ] GC(855)   Evacuate Collection Set: 9.08ms
[361.760s][info][gc,phases      ] GC(855)   Post Evacuate Collection Set: 0.26ms
[361.760s][info][gc,phases      ] GC(855)   Other: 0.09ms
[361.760s][info][gc,heap        ] GC(855) Eden regions: 42->0(42)
[361.760s][info][gc,heap        ] GC(855) Survivor regions: 6->6(6)
[361.760s][info][gc,heap        ] GC(855) Old regions: 863->869
[361.760s][info][gc,heap        ] GC(855) Humongous regions: 11->11
[361.760s][info][gc,metaspace   ] GC(855) Metaspace: 18911K(19136K)->18911K(19136K) NonClass: 16250K(16384K)->16250K(16384K) Class: 2661K(2752K)->2661K(2752K)
[361.760s][info][gc             ] GC(855) Pause Young (Normal) (G1 Evacuation Pause) 921M->885M(978M) 10.159ms
[361.760s][info][gc,cpu         ] GC(855) User=0.02s Sys=0.00s Real=0.01s
[361.857s][info][gc,marking     ] GC(844) Concurrent Mark From Roots 1941.973ms
[361.857s][info][gc,marking     ] GC(844) Concurrent Preclean
[361.857s][info][gc,marking     ] GC(844) Concurrent Preclean 0.044ms
[361.857s][info][gc,start       ] GC(844) Pause Remark
[361.868s][info][metaspace      ] ChkMgr @0x00007f63b01626e0 (non-class-space): : reclaiming memory...
[361.868s][info][metaspace      ] ChkMgr @0x00007f63b01626e0 (non-class-space): nothing reclaimed.
[361.868s][info][metaspace      ] ChkMgr @0x00007f63b01607f0 (class-space): : reclaiming memory...
[361.868s][info][metaspace      ] ChkMgr @0x00007f63b01607f0 (class-space): nothing reclaimed.
[361.869s][info][gc             ] GC(844) Pause Remark 923M->843M(978M) 11.213ms
[361.869s][info][gc,cpu         ] GC(844) User=0.02s Sys=0.00s Real=0.01s
[361.870s][info][gc,marking     ] GC(844) Concurrent Mark 1955.185ms
[361.870s][info][gc,marking     ] GC(844) Concurrent Rebuild Remembered Sets and Scrub Regions
[361.879s][info][gc,start       ] GC(856) Pause Young (Normal) (G1 Evacuation Pause)
[361.879s][info][gc,task        ] GC(856) Using 2 workers of 2 for evacuation
[361.896s][info][gc,phases      ] GC(856)   Pre Evacuate Collection Set: 0.25ms
[361.896s][info][gc,phases      ] GC(856)   Merge Heap Roots: 0.23ms
[361.896s][info][gc,phases      ] GC(856)   Evacuate Collection Set: 16.62ms
[361.896s][info][gc,phases      ] GC(856)   Post Evacuate Collection Set: 0.35ms
[361.896s][info][gc,phases      ] GC(856)   Other: 0.07ms
[361.896s][info][gc,heap        ] GC(856) Eden regions: 42->0(108)
[361.896s][info][gc,heap        ] GC(856) Survivor regions: 6->6(6)
[361.896s][info][gc,heap        ] GC(856) Old regions: 791->797
[361.896s][info][gc,heap        ] GC(856) Humongous regions: 9->9
[361.896s][info][gc,metaspace   ] GC(856) Metaspace: 18906K(19136K)->18906K(19136K) NonClass: 16244K(16384K)->16244K(16384K) Class: 2661K(2752K)->2661K(2752K)
[361.896s][info][gc             ] GC(856) Pause Young (Normal) (G1 Evacuation Pause) 847M->811M(978M) 17.687ms
[361.896s][info][gc,cpu         ] GC(856) User=0.04s Sys=0.00s Real=0.02s
[362.008s][info][gc,start       ] GC(857) Pause Young (Normal) (G1 Evacuation Pause)
[362.008s][info][gc,task        ] GC(857) Using 2 workers of 2 for evacuation
[362.036s][info][gc,phases      ] GC(857)   Pre Evacuate Collection Set: 0.50ms
[362.036s][info][gc,phases      ] GC(857)   Merge Heap Roots: 0.41ms
[362.036s][info][gc,phases      ] GC(857)   Evacuate Collection Set: 26.16ms
[362.036s][info][gc,phases      ] GC(857)   Post Evacuate Collection Set: 0.40ms
[362.036s][info][gc,phases      ] GC(857)   Other: 0.11ms
[362.036s][info][gc,heap        ] GC(857) Eden regions: 108->0(89)
[362.036s][info][gc,heap        ] GC(857) Survivor regions: 6->15(15)
[362.036s][info][gc,heap        ] GC(857) Old regions: 797->799
[362.036s][info][gc,heap        ] GC(857) Humongous regions: 10->10
[362.036s][info][gc,metaspace   ] GC(857) Metaspace: 18906K(19136K)->18906K(19136K) NonClass: 16244K(16384K)->16244K(16384K) Class: 2661K(2752K)->2661K(2752K)
[362.036s][info][gc             ] GC(857) Pause Young (Normal) (G1 Evacuation Pause) 920M->823M(978M) 27.825ms
[362.036s][info][gc,cpu         ] GC(857) User=0.05s Sys=0.00s Real=0.02s
[362.139s][info][gc,start       ] GC(858) Pause Young (Normal) (G1 Evacuation Pause)
[362.140s][info][gc,task        ] GC(858) Using 2 workers of 2 for evacuation
[362.168s][info][gc,phases      ] GC(858)   Pre Evacuate Collection Set: 0.45ms
[362.168s][info][gc,phases      ] GC(858)   Merge Heap Roots: 0.27ms
[362.168s][info][gc,phases      ] GC(858)   Evacuate Collection Set: 27.03ms
[362.168s][info][gc,phases      ] GC(858)   Post Evacuate Collection Set: 0.31ms
[362.168s][info][gc,phases      ] GC(858)   Other: 0.09ms
[362.168s][info][gc,heap        ] GC(858) Eden regions: 89->0(96)
[362.168s][info][gc,heap        ] GC(858) Survivor regions: 15->4(13)
[362.168s][info][gc,heap        ] GC(858) Old regions: 799->814
[362.168s][info][gc,heap        ] GC(858) Humongous regions: 10->10
[362.168s][info][gc,metaspace   ] GC(858) Metaspace: 18906K(19136K)->18906K(19136K) NonClass: 16244K(16384K)->16244K(16384K) Class: 2661K(2752K)->2661K(2752K)
[362.168s][info][gc             ] GC(858) Pause Young (Normal) (G1 Evacuation Pause) 912M->827M(978M) 28.400ms
[362.168s][info][gc,cpu         ] GC(858) User=0.06s Sys=0.00s Real=0.03s
[362.267s][info][gc,start       ] GC(859) Pause Young (Normal) (G1 Evacuation Pause)
[362.267s][info][gc,task        ] GC(859) Using 2 workers of 2 for evacuation
[362.275s][info][gc,phases      ] GC(859)   Pre Evacuate Collection Set: 0.46ms
[362.275s][info][gc,phases      ] GC(859)   Merge Heap Roots: 0.10ms
[362.275s][info][gc,phases      ] GC(859)   Evacuate Collection Set: 6.26ms
[362.275s][info][gc,phases      ] GC(859)   Post Evacuate Collection Set: 0.33ms
[362.275s][info][gc,phases      ] GC(859)   Other: 0.08ms
[362.275s][info][gc,heap        ] GC(859) Eden regions: 96->0(94)
[362.275s][info][gc,heap        ] GC(859) Survivor regions: 4->5(13)
[362.275s][info][gc,heap        ] GC(859) Old regions: 814->814
[362.275s][info][gc,heap        ] GC(859) Humongous regions: 10->10
[362.275s][info][gc,metaspace   ] GC(859) Metaspace: 18906K(19136K)->18906K(19136K) NonClass: 16244K(16384K)->16244K(16384K) Class: 2661K(2752K)->2661K(2752K)
[362.275s][info][gc             ] GC(859) Pause Young (Normal) (G1 Evacuation Pause) 923M->828M(978M) 7.432ms
[362.275s][info][gc,cpu         ] GC(859) User=0.01s Sys=0.00s Real=0.00s
[362.380s][info][gc,start       ] GC(860) Pause Young (Normal) (G1 Evacuation Pause)
[362.381s][info][gc,task        ] GC(860) Using 2 workers of 2 for evacuation
[362.389s][info][gc,phases      ] GC(860)   Pre Evacuate Collection Set: 0.27ms
[362.389s][info][gc,phases      ] GC(860)   Merge Heap Roots: 0.10ms
[362.389s][info][gc,phases      ] GC(860)   Evacuate Collection Set: 7.29ms
[362.389s][info][gc,phases      ] GC(860)   Post Evacuate Collection Set: 0.30ms
[362.389s][info][gc,phases      ] GC(860)   Other: 0.07ms
[362.389s][info][gc,heap        ] GC(860) Eden regions: 94->0(92)
[362.389s][info][gc,heap        ] GC(860) Survivor regions: 5->6(13)
[362.389s][info][gc,heap        ] GC(860) Old regions: 814->814
[362.389s][info][gc,heap        ] GC(860) Humongous regions: 10->10
[362.389s][info][gc,metaspace   ] GC(860) Metaspace: 18906K(19136K)->18906K(19136K) NonClass: 16244K(16384K)->16244K(16384K) Class: 2661K(2752K)->2661K(2752K)
[362.389s][info][gc             ] GC(860) Pause Young (Normal) (G1 Evacuation Pause) 922M->829M(978M) 8.279ms
[362.389s][info][gc,cpu         ] GC(860) User=0.02s Sys=0.00s Real=0.01s
[362.452s][info][gc,start       ] GC(861) Pause Young (Normal) (G1 Evacuation Pause)
[362.452s][info][gc,task        ] GC(861) Using 2 workers of 2 for evacuation
[362.463s][info][gc,phases      ] GC(861)   Pre Evacuate Collection Set: 0.23ms
[362.463s][info][gc,phases      ] GC(861)   Merge Heap Roots: 0.10ms
[362.463s][info][gc,phases      ] GC(861)   Evacuate Collection Set: 10.85ms
[362.463s][info][gc,phases      ] GC(861)   Post Evacuate Collection Set: 0.30ms
[362.463s][info][gc,phases      ] GC(861)   Other: 0.09ms
[362.463s][info][gc,heap        ] GC(861) Eden regions: 92->0(84)
[362.463s][info][gc,heap        ] GC(861) Survivor regions: 6->10(13)
[362.463s][info][gc,heap        ] GC(861) Old regions: 814->814
[362.463s][info][gc,heap        ] GC(861) Humongous regions: 10->10
[362.463s][info][gc,metaspace   ] GC(861) Metaspace: 18906K(19136K)->18906K(19136K) NonClass: 16244K(16384K)->16244K(16384K) Class: 2661K(2752K)->2661K(2752K)
[362.463s][info][gc             ] GC(861) Pause Young (Normal) (G1 Evacuation Pause) 921M->833M(978M) 11.754ms
[362.463s][info][gc,cpu         ] GC(861) User=0.02s Sys=0.00s Real=0.01s
[362.681s][info][gc,start       ] GC(862) Pause Young (Normal) (G1 Evacuation Pause)
[362.681s][info][gc,task        ] GC(862) Using 2 workers of 2 for evacuation
[362.694s][info][gc,phases      ] GC(862)   Pre Evacuate Collection Set: 0.49ms
[362.694s][info][gc,phases      ] GC(862)   Merge Heap Roots: 0.13ms
[362.695s][info][gc,phases      ] GC(862)   Evacuate Collection Set: 11.94ms
[362.695s][info][gc,phases      ] GC(862)   Post Evacuate Collection Set: 0.32ms
[362.695s][info][gc,phases      ] GC(862)   Other: 0.11ms
[362.695s][info][gc,heap        ] GC(862) Eden regions: 84->0(85)
[362.695s][info][gc,heap        ] GC(862) Survivor regions: 10->7(12)
[362.695s][info][gc,heap        ] GC(862) Old regions: 814->819
[362.695s][info][gc,heap        ] GC(862) Humongous regions: 10->10
[362.695s][info][gc,metaspace   ] GC(862) Metaspace: 18906K(19136K)->18906K(19136K) NonClass: 16244K(16384K)->16244K(16384K) Class: 2661K(2752K)->2661K(2752K)
[362.695s][info][gc             ] GC(862) Pause Young (Normal) (G1 Evacuation Pause) 917M->835M(978M) 13.208ms
[362.695s][info][gc,cpu         ] GC(862) User=0.03s Sys=0.00s Real=0.01s
[362.758s][info][gc,marking     ] GC(844) Concurrent Rebuild Remembered Sets and Scrub Regions 887.946ms
[362.758s][info][gc,start       ] GC(844) Pause Cleanup
[362.759s][info][gc             ] GC(844) Pause Cleanup 863M->863M(978M) 0.144ms
[362.759s][info][gc,cpu         ] GC(844) User=0.00s Sys=0.00s Real=0.00s
[362.760s][info][gc,marking     ] GC(844) Concurrent Clear Claimed Marks
[362.760s][info][gc,marking     ] GC(844) Concurrent Clear Claimed Marks 0.053ms
[362.760s][info][gc,marking     ] GC(844) Concurrent Cleanup for Next Mark
[362.767s][info][gc,marking     ] GC(844) Concurrent Cleanup for Next Mark 7.164ms
[362.767s][info][gc             ] GC(844) Concurrent Mark Cycle 2949.136ms
[362.907s][info][gc,start       ] GC(863) Pause Young (Prepare Mixed) (G1 Evacuation Pause)
[362.907s][info][gc,task        ] GC(863) Using 2 workers of 2 for evacuation
[362.918s][info][gc,phases      ] GC(863)   Pre Evacuate Collection Set: 0.50ms
[362.918s][info][gc,phases      ] GC(863)   Merge Heap Roots: 0.16ms
[362.918s][info][gc,phases      ] GC(863)   Evacuate Collection Set: 9.98ms
[362.918s][info][gc,phases      ] GC(863)   Post Evacuate Collection Set: 0.36ms
[362.918s][info][gc,phases      ] GC(863)   Other: 0.10ms
[362.918s][info][gc,heap        ] GC(863) Eden regions: 85->0(83)
[362.918s][info][gc,heap        ] GC(863) Survivor regions: 7->7(12)
[362.918s][info][gc,heap        ] GC(863) Old regions: 819->821
[362.918s][info][gc,heap        ] GC(863) Humongous regions: 10->10
[362.918s][info][gc,metaspace   ] GC(863) Metaspace: 18906K(19136K)->18906K(19136K) NonClass: 16245K(16384K)->16245K(16384K) Class: 2661K(2752K)->2661K(2752K)
[362.918s][info][gc             ] GC(863) Pause Young (Prepare Mixed) (G1 Evacuation Pause) 920M->837M(978M) 11.334ms
[362.918s][info][gc,cpu         ] GC(863) User=0.02s Sys=0.00s Real=0.01s
[363.027s][info][gc,start       ] GC(864) Pause Young (Mixed) (G1 Evacuation Pause)
[363.027s][info][gc,task        ] GC(864) Using 2 workers of 2 for evacuation
[363.088s][info][gc,phases      ] GC(864)   Pre Evacuate Collection Set: 0.52ms
[363.088s][info][gc,phases      ] GC(864)   Merge Heap Roots: 0.48ms
[363.088s][info][gc,phases      ] GC(864)   Evacuate Collection Set: 58.71ms
[363.088s][info][gc,phases      ] GC(864)   Post Evacuate Collection Set: 0.53ms
[363.088s][info][gc,phases      ] GC(864)   Other: 0.11ms
[363.088s][info][gc,heap        ] GC(864) Eden regions: 83->0(79)
[363.088s][info][gc,heap        ] GC(864) Survivor regions: 7->12(12)
[363.088s][info][gc,heap        ] GC(864) Old regions: 821->815
[363.088s][info][gc,heap        ] GC(864) Humongous regions: 10->10
[363.088s][info][gc,metaspace   ] GC(864) Metaspace: 18915K(19136K)->18915K(19136K) NonClass: 16253K(16384K)->16253K(16384K) Class: 2661K(2752K)->2661K(2752K)
[363.088s][info][gc             ] GC(864) Pause Young (Mixed) (G1 Evacuation Pause) 920M->836M(978M) 60.565ms
[363.088s][info][gc,cpu         ] GC(864) User=0.12s Sys=0.00s Real=0.06s
[363.191s][info][gc,start       ] GC(865) Pause Young (Concurrent Start) (G1 Evacuation Pause)
[363.191s][info][gc,task        ] GC(865) Using 2 workers of 2 for evacuation
[363.227s][info][gc,phases      ] GC(865)   Pre Evacuate Collection Set: 0.35ms
[363.227s][info][gc,phases      ] GC(865)   Merge Heap Roots: 0.17ms
[363.227s][info][gc,phases      ] GC(865)   Evacuate Collection Set: 34.53ms
[363.227s][info][gc,phases      ] GC(865)   Post Evacuate Collection Set: 0.42ms
[363.227s][info][gc,phases      ] GC(865)   Other: 0.20ms
[363.227s][info][gc,heap        ] GC(865) Eden regions: 79->0(55)
[363.227s][info][gc,heap        ] GC(865) Survivor regions: 12->12(12)
[363.227s][info][gc,heap        ] GC(865) Old regions: 815->839
[363.227s][info][gc,heap        ] GC(865) Humongous regions: 10->10
[363.227s][info][gc,metaspace   ] GC(865) Metaspace: 18916K(19136K)->18916K(19136K) NonClass: 16255K(16384K)->16255K(16384K) Class: 2661K(2752K)->2661K(2752K)
[363.227s][info][gc             ] GC(865) Pause Young (Concurrent Start) (G1 Evacuation Pause) 915M->860M(978M) 35.943ms
[363.227s][info][gc,cpu         ] GC(865) User=0.07s Sys=0.00s Real=0.04s
[363.227s][info][gc             ] GC(866) Concurrent Mark Cycle
[363.229s][info][gc,marking     ] GC(866) Concurrent Scan Root Regions
[363.271s][info][gc,marking     ] GC(866) Concurrent Scan Root Regions 41.710ms
[363.271s][info][gc,marking     ] GC(866) Concurrent Mark
[363.271s][info][gc,marking     ] GC(866) Concurrent Mark From Roots
[363.271s][info][gc,task        ] GC(866) Using 1 workers of 1 for marking
[363.335s][info][gc,start       ] GC(867) Pause Young (Normal) (G1 Evacuation Pause)
[363.335s][info][gc,task        ] GC(867) Using 2 workers of 2 for evacuation
[363.365s][info][gc,phases      ] GC(867)   Pre Evacuate Collection Set: 0.27ms
[363.365s][info][gc,phases      ] GC(867)   Merge Heap Roots: 0.23ms
[363.365s][info][gc,phases      ] GC(867)   Evacuate Collection Set: 28.97ms
[363.365s][info][gc,phases      ] GC(867)   Post Evacuate Collection Set: 0.37ms
[363.365s][info][gc,phases      ] GC(867)   Other: 0.10ms
[363.365s][info][gc,heap        ] GC(867) Eden regions: 55->0(47)
[363.365s][info][gc,heap        ] GC(867) Survivor regions: 12->9(9)
[363.365s][info][gc,heap        ] GC(867) Old regions: 839->852
[363.365s][info][gc,heap        ] GC(867) Humongous regions: 11->11
[363.365s][info][gc,metaspace   ] GC(867) Metaspace: 18916K(19136K)->18916K(19136K) NonClass: 16255K(16384K)->16255K(16384K) Class: 2661K(2752K)->2661K(2752K)
[363.365s][info][gc             ] GC(867) Pause Young (Normal) (G1 Evacuation Pause) 916M->871M(978M) 30.156ms
[363.365s][info][gc,cpu         ] GC(867) User=0.06s Sys=0.00s Real=0.03s
[363.452s][info][gc,start       ] GC(868) Pause Young (Normal) (G1 Evacuation Pause)
[363.452s][info][gc,task        ] GC(868) Using 2 workers of 2 for evacuation
[363.472s][info][gc,phases      ] GC(868)   Pre Evacuate Collection Set: 0.48ms
[363.472s][info][gc,phases      ] GC(868)   Merge Heap Roots: 0.24ms
[363.472s][info][gc,phases      ] GC(868)   Evacuate Collection Set: 19.49ms
[363.472s][info][gc,phases      ] GC(868)   Post Evacuate Collection Set: 0.29ms
[363.472s][info][gc,phases      ] GC(868)   Other: 0.08ms
[363.472s][info][gc,heap        ] GC(868) Eden regions: 47->0(50)
[363.472s][info][gc,heap        ] GC(868) Survivor regions: 9->3(7)
[363.472s][info][gc,heap        ] GC(868) Old regions: 852->861
[363.472s][info][gc,heap        ] GC(868) Humongous regions: 11->11
[363.472s][info][gc,metaspace   ] GC(868) Metaspace: 18916K(19136K)->18916K(19136K) NonClass: 16255K(16384K)->16255K(16384K) Class: 2661K(2752K)->2661K(2752K)
[363.472s][info][gc             ] GC(868) Pause Young (Normal) (G1 Evacuation Pause) 918M->874M(978M) 20.825ms
[363.472s][info][gc,cpu         ] GC(868) User=0.04s Sys=0.00s Real=0.02s
[363.542s][info][gc,start       ] GC(869) Pause Young (Normal) (G1 Evacuation Pause)
[363.543s][info][gc,task        ] GC(869) Using 2 workers of 2 for evacuation
[363.548s][info][gc,phases      ] GC(869)   Pre Evacuate Collection Set: 0.28ms
[363.548s][info][gc,phases      ] GC(869)   Merge Heap Roots: 0.06ms
[363.548s][info][gc,phases      ] GC(869)   Evacuate Collection Set: 4.74ms
[363.548s][info][gc,phases      ] GC(869)   Post Evacuate Collection Set: 0.27ms
[363.548s][info][gc,phases      ] GC(869)   Other: 0.07ms
[363.548s][info][gc,heap        ] GC(869) Eden regions: 50->0(46)
[363.548s][info][gc,heap        ] GC(869) Survivor regions: 3->5(7)
[363.548s][info][gc,heap        ] GC(869) Old regions: 861->861
[363.548s][info][gc,heap        ] GC(869) Humongous regions: 11->11
[363.548s][info][gc,metaspace   ] GC(869) Metaspace: 18916K(19136K)->18916K(19136K) NonClass: 16255K(16384K)->16255K(16384K) Class: 2661K(2752K)->2661K(2752K)
[363.548s][info][gc             ] GC(869) Pause Young (Normal) (G1 Evacuation Pause) 924M->876M(978M) 5.636ms
[363.548s][info][gc,cpu         ] GC(869) User=0.01s Sys=0.00s Real=0.01s
[363.604s][info][gc,start       ] GC(870) Pause Young (Normal) (G1 Evacuation Pause)
[363.604s][info][gc,task        ] GC(870) Using 2 workers of 2 for evacuation
[363.610s][info][gc,phases      ] GC(870)   Pre Evacuate Collection Set: 0.50ms
[363.610s][info][gc,phases      ] GC(870)   Merge Heap Roots: 0.07ms
[363.610s][info][gc,phases      ] GC(870)   Evacuate Collection Set: 5.51ms
[363.610s][info][gc,phases      ] GC(870)   Post Evacuate Collection Set: 0.28ms
[363.610s][info][gc,phases      ] GC(870)   Other: 0.07ms
[363.610s][info][gc,heap        ] GC(870) Eden regions: 46->0(47)
[363.610s][info][gc,heap        ] GC(870) Survivor regions: 5->3(7)
[363.611s][info][gc,heap        ] GC(870) Old regions: 861->864
[363.611s][info][gc,heap        ] GC(870) Humongous regions: 11->11
[363.611s][info][gc,metaspace   ] GC(870) Metaspace: 18916K(19136K)->18916K(19136K) NonClass: 16255K(16384K)->16255K(16384K) Class: 2661K(2752K)->2661K(2752K)
[363.611s][info][gc             ] GC(870) Pause Young (Normal) (G1 Evacuation Pause) 922M->877M(978M) 6.630ms
[363.611s][info][gc,cpu         ] GC(870) User=0.01s Sys=0.00s Real=0.01s
[363.665s][info][gc,start       ] GC(871) Pause Young (Normal) (G1 Evacuation Pause)
[363.665s][info][gc,task        ] GC(871) Using 2 workers of 2 for evacuation
[363.670s][info][gc,phases      ] GC(871)   Pre Evacuate Collection Set: 0.26ms
[363.670s][info][gc,phases      ] GC(871)   Merge Heap Roots: 0.10ms
[363.670s][info][gc,phases      ] GC(871)   Evacuate Collection Set: 4.19ms
[363.670s][info][gc,phases      ] GC(871)   Post Evacuate Collection Set: 0.29ms
[363.670s][info][gc,phases      ] GC(871)   Other: 0.08ms
[363.670s][info][gc,heap        ] GC(871) Eden regions: 47->0(47)
[363.670s][info][gc,heap        ] GC(871) Survivor regions: 3->3(7)
[363.670s][info][gc,heap        ] GC(871) Old regions: 864->864
[363.670s][info][gc,heap        ] GC(871) Humongous regions: 11->11
[363.670s][info][gc,metaspace   ] GC(871) Metaspace: 18916K(19136K)->18916K(19136K) NonClass: 16255K(16384K)->16255K(16384K) Class: 2661K(2752K)->2661K(2752K)
[363.670s][info][gc             ] GC(871) Pause Young (Normal) (G1 Evacuation Pause) 924M->877M(978M) 5.102ms
[363.670s][info][gc,cpu         ] GC(871) User=0.01s Sys=0.01s Real=0.01s
[363.735s][info][gc,start       ] GC(872) Pause Young (Normal) (G1 Evacuation Pause)
[363.735s][info][gc,task        ] GC(872) Using 2 workers of 2 for evacuation
[363.740s][info][gc,phases      ] GC(872)   Pre Evacuate Collection Set: 0.47ms
[363.740s][info][gc,phases      ] GC(872)   Merge Heap Roots: 0.07ms
[363.740s][info][gc,phases      ] GC(872)   Evacuate Collection Set: 4.39ms
[363.740s][info][gc,phases      ] GC(872)   Post Evacuate Collection Set: 0.27ms
[363.740s][info][gc,phases      ] GC(872)   Other: 0.09ms
[363.740s][info][gc,heap        ] GC(872) Eden regions: 47->0(45)
[363.740s][info][gc,heap        ] GC(872) Survivor regions: 3->4(7)
[363.740s][info][gc,heap        ] GC(872) Old regions: 864->864
[363.740s][info][gc,heap        ] GC(872) Humongous regions: 11->11
[363.740s][info][gc,metaspace   ] GC(872) Metaspace: 18916K(19136K)->18916K(19136K) NonClass: 16255K(16384K)->16255K(16384K) Class: 2661K(2752K)->2661K(2752K)
[363.740s][info][gc             ] GC(872) Pause Young (Normal) (G1 Evacuation Pause) 924M->878M(978M) 5.481ms
[363.740s][info][gc,cpu         ] GC(872) User=0.01s Sys=0.00s Real=0.01s
[363.886s][info][gc,start       ] GC(873) Pause Young (Normal) (G1 Evacuation Pause)
[363.886s][info][gc,task        ] GC(873) Using 2 workers of 2 for evacuation
[363.891s][info][gc,phases      ] GC(873)   Pre Evacuate Collection Set: 0.28ms
[363.892s][info][gc,phases      ] GC(873)   Merge Heap Roots: 0.06ms
[363.892s][info][gc,phases      ] GC(873)   Evacuate Collection Set: 4.45ms
[363.892s][info][gc,phases      ] GC(873)   Post Evacuate Collection Set: 0.28ms
[363.892s][info][gc,phases      ] GC(873)   Other: 0.09ms
[363.892s][info][gc,heap        ] GC(873) Eden regions: 45->0(45)
[363.892s][info][gc,heap        ] GC(873) Survivor regions: 4->3(7)
[363.892s][info][gc,heap        ] GC(873) Old regions: 864->866
[363.892s][info][gc,heap        ] GC(873) Humongous regions: 11->11
[363.892s][info][gc,metaspace   ] GC(873) Metaspace: 18916K(19136K)->18916K(19136K) NonClass: 16255K(16384K)->16255K(16384K) Class: 2661K(2752K)->2661K(2752K)
[363.892s][info][gc             ] GC(873) Pause Young (Normal) (G1 Evacuation Pause) 923M->879M(978M) 5.416ms
[363.892s][info][gc,cpu         ] GC(873) User=0.01s Sys=0.00s Real=0.01s
[363.991s][info][gc,start       ] GC(874) Pause Young (Normal) (G1 Evacuation Pause)
[363.991s][info][gc,task        ] GC(874) Using 2 workers of 2 for evacuation
[363.996s][info][gc,phases      ] GC(874)   Pre Evacuate Collection Set: 0.49ms
[363.996s][info][gc,phases      ] GC(874)   Merge Heap Roots: 0.11ms
[363.996s][info][gc,phases      ] GC(874)   Evacuate Collection Set: 3.63ms
[363.996s][info][gc,phases      ] GC(874)   Post Evacuate Collection Set: 0.31ms
[363.996s][info][gc,phases      ] GC(874)   Other: 0.10ms
[363.996s][info][gc,heap        ] GC(874) Eden regions: 45->0(45)
[363.996s][info][gc,heap        ] GC(874) Survivor regions: 3->3(6)
[363.996s][info][gc,heap        ] GC(874) Old regions: 866->866
[363.996s][info][gc,heap        ] GC(874) Humongous regions: 11->11
[363.996s][info][gc,metaspace   ] GC(874) Metaspace: 18917K(19136K)->18917K(19136K) NonClass: 16256K(16384K)->16256K(16384K) Class: 2661K(2752K)->2661K(2752K)
[363.996s][info][gc             ] GC(874) Pause Young (Normal) (G1 Evacuation Pause) 924M->878M(978M) 4.869ms
[363.996s][info][gc,cpu         ] GC(874) User=0.01s Sys=0.00s Real=0.00s
[364.119s][info][gc,start       ] GC(875) Pause Young (Normal) (G1 Evacuation Pause)
[364.119s][info][gc,task        ] GC(875) Using 2 workers of 2 for evacuation
[364.125s][info][gc,phases      ] GC(875)   Pre Evacuate Collection Set: 0.52ms
[364.125s][info][gc,phases      ] GC(875)   Merge Heap Roots: 0.17ms
[364.125s][info][gc,phases      ] GC(875)   Evacuate Collection Set: 4.31ms
[364.125s][info][gc,phases      ] GC(875)   Post Evacuate Collection Set: 0.32ms
[364.125s][info][gc,phases      ] GC(875)   Other: 0.09ms
[364.125s][info][gc,heap        ] GC(875) Eden regions: 45->0(45)
[364.125s][info][gc,heap        ] GC(875) Survivor regions: 3->3(6)
[364.125s][info][gc,heap        ] GC(875) Old regions: 866->866
[364.125s][info][gc,heap        ] GC(875) Humongous regions: 11->11
[364.125s][info][gc,metaspace   ] GC(875) Metaspace: 18918K(19136K)->18918K(19136K) NonClass: 16257K(16384K)->16257K(16384K) Class: 2661K(2752K)->2661K(2752K)
[364.125s][info][gc             ] GC(875) Pause Young (Normal) (G1 Evacuation Pause) 923M->878M(978M) 5.629ms
[364.125s][info][gc,cpu         ] GC(875) User=0.01s Sys=0.00s Real=0.00s
[364.143s][info][gc,marking     ] GC(866) Concurrent Mark From Roots 872.220ms
[364.143s][info][gc,marking     ] GC(866) Concurrent Preclean
[364.143s][info][gc,marking     ] GC(866) Concurrent Preclean 0.046ms
[364.143s][info][gc,start       ] GC(866) Pause Remark
[364.154s][info][metaspace      ] ChkMgr @0x00007f63b01626e0 (non-class-space): : reclaiming memory...
[364.154s][info][metaspace      ] ChkMgr @0x00007f63b01626e0 (non-class-space): nothing reclaimed.
[364.154s][info][metaspace      ] ChkMgr @0x00007f63b01607f0 (class-space): : reclaiming memory...
[364.154s][info][metaspace      ] ChkMgr @0x00007f63b01607f0 (class-space): nothing reclaimed.
[364.155s][info][gc             ] GC(866) Pause Remark 886M->380M(978M) 11.551ms
[364.155s][info][gc,cpu         ] GC(866) User=0.02s Sys=0.00s Real=0.01s
[364.157s][info][gc,marking     ] GC(866) Concurrent Mark 885.477ms
[364.157s][info][gc,marking     ] GC(866) Concurrent Rebuild Remembered Sets and Scrub Regions
[364.260s][info][gc,start       ] GC(876) Pause Young (Normal) (G1 Evacuation Pause)
[364.261s][info][gc,task        ] GC(876) Using 2 workers of 2 for evacuation
[364.265s][info][gc,phases      ] GC(876)   Pre Evacuate Collection Set: 0.28ms
[364.265s][info][gc,phases      ] GC(876)   Merge Heap Roots: 0.13ms
[364.265s][info][gc,phases      ] GC(876)   Evacuate Collection Set: 3.84ms
[364.265s][info][gc,phases      ] GC(876)   Post Evacuate Collection Set: 0.27ms
[364.265s][info][gc,phases      ] GC(876)   Other: 0.09ms
[364.265s][info][gc,heap        ] GC(876) Eden regions: 45->0(427)
[364.265s][info][gc,heap        ] GC(876) Survivor regions: 3->3(6)
[364.265s][info][gc,heap        ] GC(876) Old regions: 367->367
[364.265s][info][gc,heap        ] GC(876) Humongous regions: 4->4
[364.265s][info][gc,metaspace   ] GC(876) Metaspace: 18912K(19136K)->18912K(19136K) NonClass: 16251K(16384K)->16251K(16384K) Class: 2661K(2752K)->2661K(2752K)
[364.265s][info][gc             ] GC(876) Pause Young (Normal) (G1 Evacuation Pause) 417M->372M(978M) 4.825ms
[364.265s][info][gc,cpu         ] GC(876) User=0.01s Sys=0.00s Real=0.00s
[364.431s][info][gc,marking     ] GC(866) Concurrent Rebuild Remembered Sets and Scrub Regions 274.023ms
[364.431s][info][gc,start       ] GC(866) Pause Cleanup
[364.431s][info][gc             ] GC(866) Pause Cleanup 429M->429M(978M) 0.100ms
[364.431s][info][gc,cpu         ] GC(866) User=0.00s Sys=0.00s Real=0.00s
[364.431s][info][gc,marking     ] GC(866) Concurrent Clear Claimed Marks
[364.431s][info][gc,marking     ] GC(866) Concurrent Clear Claimed Marks 0.032ms
[364.431s][info][gc,marking     ] GC(866) Concurrent Cleanup for Next Mark
[364.434s][info][gc,marking     ] GC(866) Concurrent Cleanup for Next Mark 2.829ms
[364.434s][info][gc             ] GC(866) Concurrent Mark Cycle 1206.510ms
[364.887s][info][gc,start       ] GC(877) Pause Young (Prepare Mixed) (G1 Evacuation Pause)
[364.887s][info][gc,task        ] GC(877) Using 2 workers of 2 for evacuation
[365.001s][info][gc,phases      ] GC(877)   Pre Evacuate Collection Set: 0.30ms
[365.002s][info][gc,phases      ] GC(877)   Merge Heap Roots: 0.31ms
[365.002s][info][gc,phases      ] GC(877)   Evacuate Collection Set: 113.09ms
[365.002s][info][gc,phases      ] GC(877)   Post Evacuate Collection Set: 0.77ms
[365.002s][info][gc,phases      ] GC(877)   Other: 0.10ms
[365.002s][info][gc,heap        ] GC(877) Eden regions: 427->0(317)
[365.002s][info][gc,heap        ] GC(877) Survivor regions: 3->54(54)
[365.002s][info][gc,heap        ] GC(877) Old regions: 367->421
[365.002s][info][gc,heap        ] GC(877) Humongous regions: 5->5
[365.002s][info][gc,metaspace   ] GC(877) Metaspace: 18916K(19136K)->18916K(19136K) NonClass: 16255K(16384K)->16255K(16384K) Class: 2661K(2752K)->2661K(2752K)
[365.002s][info][gc             ] GC(877) Pause Young (Prepare Mixed) (G1 Evacuation Pause) 800M->479M(978M) 114.863ms
[365.002s][info][gc,cpu         ] GC(877) User=0.23s Sys=0.00s Real=0.11s
[365.312s][info][gc,start       ] GC(878) Pause Young (Mixed) (G1 Evacuation Pause)
[365.312s][info][gc,task        ] GC(878) Using 2 workers of 2 for evacuation
[365.434s][info][gc,phases      ] GC(878)   Pre Evacuate Collection Set: 0.31ms
[365.434s][info][gc,phases      ] GC(878)   Merge Heap Roots: 0.41ms
[365.434s][info][gc,phases      ] GC(878)   Evacuate Collection Set: 120.46ms
[365.434s][info][gc,phases      ] GC(878)   Post Evacuate Collection Set: 0.62ms
[365.434s][info][gc,phases      ] GC(878)   Other: 0.09ms
[365.434s][info][gc,heap        ] GC(878) Eden regions: 317->0(290)
[365.434s][info][gc,heap        ] GC(878) Survivor regions: 54->47(47)
[365.434s][info][gc,heap        ] GC(878) Old regions: 421->473
[365.434s][info][gc,heap        ] GC(878) Humongous regions: 5->5
[365.434s][info][gc,metaspace   ] GC(878) Metaspace: 18923K(19136K)->18923K(19136K) NonClass: 16262K(16384K)->16262K(16384K) Class: 2661K(2752K)->2661K(2752K)
[365.434s][info][gc             ] GC(878) Pause Young (Mixed) (G1 Evacuation Pause) 796M->524M(978M) 122.200ms
[365.434s][info][gc,cpu         ] GC(878) User=0.25s Sys=0.00s Real=0.12s
[365.675s][info][gc,start       ] GC(879) Pause Young (Concurrent Start) (G1 Evacuation Pause)
[365.675s][info][gc,task        ] GC(879) Using 2 workers of 2 for evacuation
[365.800s][info][gc,phases      ] GC(879)   Pre Evacuate Collection Set: 0.34ms
[365.800s][info][gc,phases      ] GC(879)   Merge Heap Roots: 0.19ms
[365.800s][info][gc,phases      ] GC(879)   Evacuate Collection Set: 123.90ms
[365.800s][info][gc,phases      ] GC(879)   Post Evacuate Collection Set: 0.73ms
[365.800s][info][gc,phases      ] GC(879)   Other: 0.19ms
[365.800s][info][gc,heap        ] GC(879) Eden regions: 290->0(216)
[365.800s][info][gc,heap        ] GC(879) Survivor regions: 47->43(43)
[365.800s][info][gc,heap        ] GC(879) Old regions: 473->564
[365.800s][info][gc,heap        ] GC(879) Humongous regions: 5->5
[365.800s][info][gc,metaspace   ] GC(879) Metaspace: 18923K(19136K)->18923K(19136K) NonClass: 16262K(16384K)->16262K(16384K) Class: 2661K(2752K)->2661K(2752K)
[365.800s][info][gc             ] GC(879) Pause Young (Concurrent Start) (G1 Evacuation Pause) 814M->611M(978M) 125.605ms
[365.800s][info][gc,cpu         ] GC(879) User=0.25s Sys=0.00s Real=0.13s
[365.800s][info][gc             ] GC(880) Concurrent Mark Cycle
[365.800s][info][gc,marking     ] GC(880) Concurrent Scan Root Regions
[366.002s][info][gc,marking     ] GC(880) Concurrent Scan Root Regions 201.608ms
[366.002s][info][gc,marking     ] GC(880) Concurrent Mark
[366.002s][info][gc,marking     ] GC(880) Concurrent Mark From Roots
[366.002s][info][gc,task        ] GC(880) Using 1 workers of 1 for marking
[366.094s][info][gc,start       ] GC(881) Pause Young (Normal) (G1 Evacuation Pause)
[366.095s][info][gc,task        ] GC(881) Using 2 workers of 2 for evacuation
[366.218s][info][gc,phases      ] GC(881)   Pre Evacuate Collection Set: 0.47ms
[366.218s][info][gc,phases      ] GC(881)   Merge Heap Roots: 0.43ms
[366.218s][info][gc,phases      ] GC(881)   Evacuate Collection Set: 121.64ms
[366.218s][info][gc,phases      ] GC(881)   Post Evacuate Collection Set: 0.73ms
[366.218s][info][gc,phases      ] GC(881)   Other: 0.09ms
[366.218s][info][gc,heap        ] GC(881) Eden regions: 216->0(156)
[366.218s][info][gc,heap        ] GC(881) Survivor regions: 43->33(33)
[366.218s][info][gc,heap        ] GC(881) Old regions: 564->656
[366.218s][info][gc,heap        ] GC(881) Humongous regions: 5->5
[366.218s][info][gc,metaspace   ] GC(881) Metaspace: 18923K(19136K)->18923K(19136K) NonClass: 16262K(16384K)->16262K(16384K) Class: 2661K(2752K)->2661K(2752K)
[366.218s][info][gc             ] GC(881) Pause Young (Normal) (G1 Evacuation Pause) 827M->693M(978M) 123.624ms
[366.218s][info][gc,cpu         ] GC(881) User=0.24s Sys=0.00s Real=0.13s
[366.436s][info][gc,start       ] GC(882) Pause Young (Normal) (G1 Evacuation Pause)
[366.437s][info][gc,task        ] GC(882) Using 2 workers of 2 for evacuation
[366.501s][info][gc,phases      ] GC(882)   Pre Evacuate Collection Set: 0.50ms
[366.501s][info][gc,phases      ] GC(882)   Merge Heap Roots: 0.53ms
[366.501s][info][gc,phases      ] GC(882)   Evacuate Collection Set: 62.50ms
[366.501s][info][gc,phases      ] GC(882)   Post Evacuate Collection Set: 0.52ms
[366.501s][info][gc,phases      ] GC(882)   Other: 0.09ms
[366.501s][info][gc,heap        ] GC(882) Eden regions: 156->0(149)
[366.501s][info][gc,heap        ] GC(882) Survivor regions: 33->24(24)
[366.501s][info][gc,heap        ] GC(882) Old regions: 656->689
[366.501s][info][gc,heap        ] GC(882) Humongous regions: 5->5
[366.501s][info][gc,metaspace   ] GC(882) Metaspace: 18923K(19136K)->18923K(19136K) NonClass: 16262K(16384K)->16262K(16384K) Class: 2661K(2752K)->2661K(2752K)
[366.501s][info][gc             ] GC(882) Pause Young (Normal) (G1 Evacuation Pause) 849M->717M(978M) 64.404ms
[366.501s][info][gc,cpu         ] GC(882) User=0.13s Sys=0.00s Real=0.06s
[366.740s][info][gc,start       ] GC(883) Pause Young (Normal) (G1 Evacuation Pause)
[366.740s][info][gc,task        ] GC(883) Using 2 workers of 2 for evacuation
[366.799s][info][gc,phases      ] GC(883)   Pre Evacuate Collection Set: 0.32ms
[366.799s][info][gc,phases      ] GC(883)   Merge Heap Roots: 0.34ms
[366.799s][info][gc,phases      ] GC(883)   Evacuate Collection Set: 57.29ms
[366.799s][info][gc,phases      ] GC(883)   Post Evacuate Collection Set: 0.42ms
[366.799s][info][gc,phases      ] GC(883)   Other: 0.08ms
[366.799s][info][gc,heap        ] GC(883) Eden regions: 149->0(139)
[366.799s][info][gc,heap        ] GC(883) Survivor regions: 24->22(22)
[366.799s][info][gc,heap        ] GC(883) Old regions: 689->713
[366.799s][info][gc,heap        ] GC(883) Humongous regions: 8->8
[366.799s][info][gc,metaspace   ] GC(883) Metaspace: 18923K(19136K)->18923K(19136K) NonClass: 16262K(16384K)->16262K(16384K) Class: 2661K(2752K)->2661K(2752K)
[366.799s][info][gc             ] GC(883) Pause Young (Normal) (G1 Evacuation Pause) 869M->742M(978M) 58.737ms
[366.799s][info][gc,cpu         ] GC(883) User=0.12s Sys=0.00s Real=0.06s
[367.009s][info][gc,start       ] GC(884) Pause Young (Normal) (G1 Evacuation Pause)
[367.009s][info][gc,task        ] GC(884) Using 2 workers of 2 for evacuation
[367.086s][info][gc,phases      ] GC(884)   Pre Evacuate Collection Set: 0.53ms
[367.086s][info][gc,phases      ] GC(884)   Merge Heap Roots: 0.30ms
[367.086s][info][gc,phases      ] GC(884)   Evacuate Collection Set: 75.99ms
[367.086s][info][gc,phases      ] GC(884)   Post Evacuate Collection Set: 0.42ms
[367.086s][info][gc,phases      ] GC(884)   Other: 0.08ms
[367.086s][info][gc,heap        ] GC(884) Eden regions: 139->0(118)
[367.086s][info][gc,heap        ] GC(884) Survivor regions: 22->21(21)
[367.086s][info][gc,heap        ] GC(884) Old regions: 713->747
[367.086s][info][gc,heap        ] GC(884) Humongous regions: 11->11
[367.086s][info][gc,metaspace   ] GC(884) Metaspace: 18923K(19136K)->18923K(19136K) NonClass: 16262K(16384K)->16262K(16384K) Class: 2661K(2752K)->2661K(2752K)
[367.087s][info][gc             ] GC(884) Pause Young (Normal) (G1 Evacuation Pause) 884M->778M(978M) 77.598ms
[367.087s][info][gc,cpu         ] GC(884) User=0.15s Sys=0.00s Real=0.08s
[367.110s][info][gc,marking     ] GC(880) Concurrent Mark From Roots 1108.239ms
[367.110s][info][gc,marking     ] GC(880) Concurrent Preclean
[367.110s][info][gc,marking     ] GC(880) Concurrent Preclean 0.037ms
[367.110s][info][gc,start       ] GC(880) Pause Remark
[367.118s][info][gc             ] GC(880) Pause Remark 796M->688M(978M) 7.757ms
[367.118s][info][gc,cpu         ] GC(880) User=0.01s Sys=0.00s Real=0.01s
[367.119s][info][gc,marking     ] GC(880) Concurrent Mark 1117.467ms
[367.120s][info][gc,marking     ] GC(880) Concurrent Rebuild Remembered Sets and Scrub Regions
[367.245s][info][gc,start       ] GC(885) Pause Young (Normal) (G1 Evacuation Pause)
[367.245s][info][gc,task        ] GC(885) Using 2 workers of 2 for evacuation
[367.288s][info][gc,phases      ] GC(885)   Pre Evacuate Collection Set: 0.39ms
[367.288s][info][gc,phases      ] GC(885)   Merge Heap Roots: 0.18ms
[367.288s][info][gc,phases      ] GC(885)   Evacuate Collection Set: 41.45ms
[367.288s][info][gc,phases      ] GC(885)   Post Evacuate Collection Set: 0.40ms
[367.288s][info][gc,phases      ] GC(885)   Other: 0.08ms
[367.288s][info][gc,heap        ] GC(885) Eden regions: 118->0(182)
[367.288s][info][gc,heap        ] GC(885) Survivor regions: 21->11(18)
[367.288s][info][gc,heap        ] GC(885) Old regions: 641->662
[367.288s][info][gc,heap        ] GC(885) Humongous regions: 9->9
[367.288s][info][gc,metaspace   ] GC(885) Metaspace: 18923K(19136K)->18923K(19136K) NonClass: 16262K(16384K)->16262K(16384K) Class: 2661K(2752K)->2661K(2752K)
[367.288s][info][gc             ] GC(885) Pause Young (Normal) (G1 Evacuation Pause) 788M->681M(978M) 42.768ms
[367.288s][info][gc,cpu         ] GC(885) User=0.09s Sys=0.00s Real=0.05s
[367.484s][info][gc,start       ] GC(886) Pause Young (Normal) (G1 Evacuation Pause)
[367.484s][info][gc,task        ] GC(886) Using 2 workers of 2 for evacuation
[367.523s][info][gc,phases      ] GC(886)   Pre Evacuate Collection Set: 0.27ms
[367.523s][info][gc,phases      ] GC(886)   Merge Heap Roots: 0.29ms
[367.523s][info][gc,phases      ] GC(886)   Evacuate Collection Set: 37.43ms
[367.523s][info][gc,phases      ] GC(886)   Post Evacuate Collection Set: 0.47ms
[367.523s][info][gc,phases      ] GC(886)   Other: 0.08ms
[367.523s][info][gc,heap        ] GC(886) Eden regions: 182->0(180)
[367.523s][info][gc,heap        ] GC(886) Survivor regions: 11->25(25)
[367.523s][info][gc,heap        ] GC(886) Old regions: 662->666
[367.523s][info][gc,heap        ] GC(886) Humongous regions: 9->9
[367.523s][info][gc,metaspace   ] GC(886) Metaspace: 18923K(19136K)->18923K(19136K) NonClass: 16262K(16384K)->16262K(16384K) Class: 2661K(2752K)->2661K(2752K)
[367.523s][info][gc             ] GC(886) Pause Young (Normal) (G1 Evacuation Pause) 863M->699M(978M) 38.768ms
[367.523s][info][gc,cpu         ] GC(886) User=0.07s Sys=0.00s Real=0.04s
[367.712s][info][gc,marking     ] GC(880) Concurrent Rebuild Remembered Sets and Scrub Regions 591.995ms
[367.712s][info][gc,start       ] GC(880) Pause Cleanup
[367.712s][info][gc             ] GC(880) Pause Cleanup 874M->874M(978M) 0.116ms
[367.712s][info][gc,cpu         ] GC(880) User=0.00s Sys=0.00s Real=0.00s
[367.713s][info][gc,marking     ] GC(880) Concurrent Clear Claimed Marks
[367.713s][info][gc,marking     ] GC(880) Concurrent Clear Claimed Marks 0.055ms
[367.713s][info][gc,marking     ] GC(880) Concurrent Cleanup for Next Mark
[367.716s][info][gc,marking     ] GC(880) Concurrent Cleanup for Next Mark 2.843ms
[367.716s][info][gc             ] GC(880) Concurrent Mark Cycle 1915.489ms
[367.718s][info][gc,start       ] GC(887) Pause Young (Prepare Mixed) (G1 Evacuation Pause)
[367.719s][info][gc,task        ] GC(887) Using 2 workers of 2 for evacuation
[367.773s][info][gc,phases      ] GC(887)   Pre Evacuate Collection Set: 0.25ms
[367.773s][info][gc,phases      ] GC(887)   Merge Heap Roots: 0.36ms
[367.773s][info][gc,phases      ] GC(887)   Evacuate Collection Set: 52.80ms
[367.773s][info][gc,phases      ] GC(887)   Post Evacuate Collection Set: 0.61ms
[367.773s][info][gc,phases      ] GC(887)   Other: 0.08ms
[367.773s][info][gc,heap        ] GC(887) Eden regions: 180->0(174)
[367.773s][info][gc,heap        ] GC(887) Survivor regions: 25->18(26)
[367.773s][info][gc,heap        ] GC(887) Old regions: 666->691
[367.773s][info][gc,heap        ] GC(887) Humongous regions: 9->9
[367.773s][info][gc,metaspace   ] GC(887) Metaspace: 18923K(19136K)->18923K(19136K) NonClass: 16262K(16384K)->16262K(16384K) Class: 2661K(2752K)->2661K(2752K)
[367.773s][info][gc             ] GC(887) Pause Young (Prepare Mixed) (G1 Evacuation Pause) 879M->717M(978M) 54.294ms
[367.773s][info][gc,cpu         ] GC(887) User=0.10s Sys=0.00s Real=0.05s
[367.915s][info][gc,start       ] GC(888) Pause Young (Mixed) (G1 Evacuation Pause)
[367.915s][info][gc,task        ] GC(888) Using 2 workers of 2 for evacuation
[368.031s][info][gc,phases      ] GC(888)   Pre Evacuate Collection Set: 0.49ms
[368.031s][info][gc,phases      ] GC(888)   Merge Heap Roots: 1.35ms
[368.031s][info][gc,phases      ] GC(888)   Evacuate Collection Set: 113.23ms
[368.031s][info][gc,phases      ] GC(888)   Post Evacuate Collection Set: 0.47ms
[368.031s][info][gc,phases      ] GC(888)   Other: 0.07ms
[368.031s][info][gc,heap        ] GC(888) Eden regions: 174->0(210)
[368.031s][info][gc,heap        ] GC(888) Survivor regions: 18->9(24)
[368.031s][info][gc,heap        ] GC(888) Old regions: 691->650
[368.031s][info][gc,heap        ] GC(888) Humongous regions: 9->9
[368.031s][info][gc,metaspace   ] GC(888) Metaspace: 18923K(19136K)->18923K(19136K) NonClass: 16262K(16384K)->16262K(16384K) Class: 2661K(2752K)->2661K(2752K)
[368.031s][info][gc             ] GC(888) Pause Young (Mixed) (G1 Evacuation Pause) 891M->666M(978M) 115.841ms
[368.031s][info][gc,cpu         ] GC(888) User=0.22s Sys=0.00s Real=0.12s
[368.244s][info][gc,start       ] GC(889) Pause Young (Concurrent Start) (G1 Evacuation Pause)
[368.244s][info][gc,task        ] GC(889) Using 2 workers of 2 for evacuation
[368.280s][info][gc,phases      ] GC(889)   Pre Evacuate Collection Set: 0.34ms
[368.280s][info][gc,phases      ] GC(889)   Merge Heap Roots: 0.25ms
[368.280s][info][gc,phases      ] GC(889)   Evacuate Collection Set: 34.86ms
[368.280s][info][gc,phases      ] GC(889)   Post Evacuate Collection Set: 0.44ms
[368.280s][info][gc,phases      ] GC(889)   Other: 0.12ms
[368.280s][info][gc,heap        ] GC(889) Eden regions: 210->0(204)
[368.280s][info][gc,heap        ] GC(889) Survivor regions: 9->28(28)
[368.280s][info][gc,heap        ] GC(889) Old regions: 650->650
[368.280s][info][gc,heap        ] GC(889) Humongous regions: 9->9
[368.280s][info][gc,metaspace   ] GC(889) Metaspace: 18923K(19136K)->18923K(19136K) NonClass: 16262K(16384K)->16262K(16384K) Class: 2661K(2752K)->2661K(2752K)
[368.280s][info][gc             ] GC(889) Pause Young (Concurrent Start) (G1 Evacuation Pause) 876M->686M(978M) 36.275ms
[368.281s][info][gc             ] GC(890) Concurrent Mark Cycle
[368.281s][info][gc,marking     ] GC(890) Concurrent Scan Root Regions
[368.281s][info][gc,cpu         ] GC(889) User=0.07s Sys=0.00s Real=0.04s
[368.336s][info][gc,marking     ] GC(890) Concurrent Scan Root Regions 55.401ms
[368.336s][info][gc,marking     ] GC(890) Concurrent Mark
[368.336s][info][gc,marking     ] GC(890) Concurrent Mark From Roots
[368.336s][info][gc,task        ] GC(890) Using 1 workers of 1 for marking
[368.978s][info][gc,start       ] GC(891) Pause Young (Normal) (G1 Evacuation Pause)
[368.978s][info][gc,task        ] GC(891) Using 2 workers of 2 for evacuation
[369.028s][info][gc,phases      ] GC(891)   Pre Evacuate Collection Set: 0.32ms
[369.028s][info][gc,phases      ] GC(891)   Merge Heap Roots: 0.27ms
[369.028s][info][gc,phases      ] GC(891)   Evacuate Collection Set: 49.14ms
[369.028s][info][gc,phases      ] GC(891)   Post Evacuate Collection Set: 0.46ms
[369.029s][info][gc,phases      ] GC(891)   Other: 0.10ms
[369.029s][info][gc,heap        ] GC(891) Eden regions: 204->0(198)
[369.029s][info][gc,heap        ] GC(891) Survivor regions: 28->19(29)
[369.029s][info][gc,heap        ] GC(891) Old regions: 650->678
[369.029s][info][gc,heap        ] GC(891) Humongous regions: 9->9
[369.029s][info][gc,metaspace   ] GC(891) Metaspace: 18923K(19136K)->18923K(19136K) NonClass: 16262K(16384K)->16262K(16384K) Class: 2661K(2752K)->2661K(2752K)
[369.029s][info][gc             ] GC(891) Pause Young (Normal) (G1 Evacuation Pause) 890M->705M(978M) 50.534ms
[369.029s][info][gc,cpu         ] GC(891) User=0.10s Sys=0.00s Real=0.05s
[369.280s][info][gc,marking     ] GC(890) Concurrent Mark From Roots 944.289ms
[369.280s][info][gc,marking     ] GC(890) Concurrent Preclean
[369.280s][info][gc,marking     ] GC(890) Concurrent Preclean 0.053ms
[369.281s][info][gc,start       ] GC(890) Pause Remark
[369.288s][info][gc             ] GC(890) Pause Remark 786M->470M(978M) 7.798ms
[369.288s][info][gc,cpu         ] GC(890) User=0.01s Sys=0.00s Real=0.01s
[369.288s][info][gc,marking     ] GC(890) Concurrent Mark 952.454ms
[369.288s][info][gc,marking     ] GC(890) Concurrent Rebuild Remembered Sets and Scrub Regions
[369.550s][info][gc,marking     ] GC(890) Concurrent Rebuild Remembered Sets and Scrub Regions 261.719ms
[369.551s][info][gc,start       ] GC(890) Pause Cleanup
[369.552s][info][gc             ] GC(890) Pause Cleanup 535M->535M(978M) 0.125ms
[369.552s][info][gc,cpu         ] GC(890) User=0.00s Sys=0.00s Real=0.00s
[369.552s][info][gc,marking     ] GC(890) Concurrent Clear Claimed Marks
[369.552s][info][gc,marking     ] GC(890) Concurrent Clear Claimed Marks 0.055ms
[369.552s][info][gc,marking     ] GC(890) Concurrent Cleanup for Next Mark
[369.558s][info][gc,marking     ] GC(890) Concurrent Cleanup for Next Mark 6.461ms
[369.558s][info][gc             ] GC(890) Concurrent Mark Cycle 1277.640ms
[369.668s][info][gc,start       ] GC(892) Pause Young (Prepare Mixed) (G1 Evacuation Pause)
[369.668s][info][gc,task        ] GC(892) Using 2 workers of 2 for evacuation
[369.688s][info][gc,phases      ] GC(892)   Pre Evacuate Collection Set: 0.32ms
[369.688s][info][gc,phases      ] GC(892)   Merge Heap Roots: 0.19ms
[369.688s][info][gc,phases      ] GC(892)   Evacuate Collection Set: 18.72ms
[369.688s][info][gc,phases      ] GC(892)   Post Evacuate Collection Set: 0.39ms
[369.688s][info][gc,phases      ] GC(892)   Other: 0.09ms
[369.688s][info][gc,heap        ] GC(892) Eden regions: 198->0(438)
[369.688s][info][gc,heap        ] GC(892) Survivor regions: 19->1(28)
[369.688s][info][gc,heap        ] GC(892) Old regions: 367->386
[369.688s][info][gc,heap        ] GC(892) Humongous regions: 4->4
[369.688s][info][gc,metaspace   ] GC(892) Metaspace: 18923K(19136K)->18923K(19136K) NonClass: 16262K(16384K)->16262K(16384K) Class: 2661K(2752K)->2661K(2752K)
[369.688s][info][gc             ] GC(892) Pause Young (Prepare Mixed) (G1 Evacuation Pause) 587M->390M(978M) 19.929ms
[369.688s][info][gc,cpu         ] GC(892) User=0.04s Sys=0.00s Real=0.02s
[370.542s][info][gc,start       ] GC(893) Pause Young (Mixed) (G1 Evacuation Pause)
[370.542s][info][gc,task        ] GC(893) Using 2 workers of 2 for evacuation
[370.579s][info][gc,phases      ] GC(893)   Pre Evacuate Collection Set: 0.30ms
[370.579s][info][gc,phases      ] GC(893)   Merge Heap Roots: 0.46ms
[370.579s][info][gc,phases      ] GC(893)   Evacuate Collection Set: 35.67ms
[370.579s][info][gc,phases      ] GC(893)   Post Evacuate Collection Set: 0.68ms
[370.579s][info][gc,phases      ] GC(893)   Other: 0.11ms
[370.579s][info][gc,heap        ] GC(893) Eden regions: 438->0(453)
[370.579s][info][gc,heap        ] GC(893) Survivor regions: 1->26(55)
[370.579s][info][gc,heap        ] GC(893) Old regions: 386->353
[370.579s][info][gc,heap        ] GC(893) Humongous regions: 4->4
[370.579s][info][gc,metaspace   ] GC(893) Metaspace: 18923K(19136K)->18923K(19136K) NonClass: 16262K(16384K)->16262K(16384K) Class: 2661K(2752K)->2661K(2752K)
[370.579s][info][gc             ] GC(893) Pause Young (Mixed) (G1 Evacuation Pause) 828M->381M(978M) 37.419ms
[370.579s][info][gc,cpu         ] GC(893) User=0.07s Sys=0.00s Real=0.04s
[370.965s][info][gc,start       ] GC(894) Pause Young (Concurrent Start) (G1 Evacuation Pause)
[370.966s][info][gc,task        ] GC(894) Using 2 workers of 2 for evacuation
[371.081s][info][gc,phases      ] GC(894)   Pre Evacuate Collection Set: 0.32ms
[371.081s][info][gc,phases      ] GC(894)   Merge Heap Roots: 0.17ms
[371.081s][info][gc,phases      ] GC(894)   Evacuate Collection Set: 113.68ms
[371.081s][info][gc,phases      ] GC(894)   Post Evacuate Collection Set: 0.79ms
[371.081s][info][gc,phases      ] GC(894)   Other: 0.13ms
[371.081s][info][gc,heap        ] GC(894) Eden regions: 453->0(353)
[371.081s][info][gc,heap        ] GC(894) Survivor regions: 26->60(60)
[371.081s][info][gc,heap        ] GC(894) Old regions: 353->416
[371.081s][info][gc,heap        ] GC(894) Humongous regions: 4->4
[371.081s][info][gc,metaspace   ] GC(894) Metaspace: 18923K(19136K)->18923K(19136K) NonClass: 16262K(16384K)->16262K(16384K) Class: 2661K(2752K)->2661K(2752K)
[371.081s][info][gc             ] GC(894) Pause Young (Concurrent Start) (G1 Evacuation Pause) 834M->479M(978M) 115.373ms
[371.081s][info][gc             ] GC(895) Concurrent Mark Cycle
[371.081s][info][gc,marking     ] GC(895) Concurrent Scan Root Regions
[371.081s][info][gc,cpu         ] GC(894) User=0.23s Sys=0.00s Real=0.12s
[371.167s][info][gc,marking     ] GC(895) Concurrent Scan Root Regions 85.932ms
[371.167s][info][gc,marking     ] GC(895) Concurrent Mark
[371.167s][info][gc,marking     ] GC(895) Concurrent Mark From Roots
[371.167s][info][gc,task        ] GC(895) Using 1 workers of 1 for marking
[371.562s][info][gc,start       ] GC(896) Pause Young (Normal) (G1 Evacuation Pause)
[371.562s][info][gc,task        ] GC(896) Using 2 workers of 2 for evacuation
[371.684s][info][gc,phases      ] GC(896)   Pre Evacuate Collection Set: 0.30ms
[371.685s][info][gc,phases      ] GC(896)   Merge Heap Roots: 0.36ms
[371.685s][info][gc,phases      ] GC(896)   Evacuate Collection Set: 120.82ms
[371.685s][info][gc,phases      ] GC(896)   Post Evacuate Collection Set: 0.61ms
[371.685s][info][gc,phases      ] GC(896)   Other: 0.08ms
[371.685s][info][gc,heap        ] GC(896) Eden regions: 353->0(315)
[371.685s][info][gc,heap        ] GC(896) Survivor regions: 60->47(52)
[371.685s][info][gc,heap        ] GC(896) Old regions: 416->476
[371.685s][info][gc,heap        ] GC(896) Humongous regions: 8->8
[371.685s][info][gc,metaspace   ] GC(896) Metaspace: 18923K(19136K)->18923K(19136K) NonClass: 16262K(16384K)->16262K(16384K) Class: 2661K(2752K)->2661K(2752K)
[371.685s][info][gc             ] GC(896) Pause Young (Normal) (G1 Evacuation Pause) 836M->530M(978M) 122.440ms
[371.685s][info][gc,cpu         ] GC(896) User=0.24s Sys=0.00s Real=0.12s
[372.034s][info][gc,start       ] GC(897) Pause Young (Normal) (G1 Evacuation Pause)
[372.034s][info][gc,task        ] GC(897) Using 2 workers of 2 for evacuation
[372.131s][info][gc,phases      ] GC(897)   Pre Evacuate Collection Set: 0.30ms
[372.131s][info][gc,phases      ] GC(897)   Merge Heap Roots: 0.23ms
[372.131s][info][gc,phases      ] GC(897)   Evacuate Collection Set: 94.90ms
[372.131s][info][gc,phases      ] GC(897)   Post Evacuate Collection Set: 0.59ms
[372.131s][info][gc,phases      ] GC(897)   Other: 0.08ms
[372.131s][info][gc,heap        ] GC(897) Eden regions: 315->0(300)
[372.131s][info][gc,heap        ] GC(897) Survivor regions: 47->30(46)
[372.131s][info][gc,heap        ] GC(897) Old regions: 476->523
[372.131s][info][gc,heap        ] GC(897) Humongous regions: 8->8
[372.131s][info][gc,metaspace   ] GC(897) Metaspace: 18923K(19136K)->18923K(19136K) NonClass: 16262K(16384K)->16262K(16384K) Class: 2661K(2752K)->2661K(2752K)
[372.131s][info][gc             ] GC(897) Pause Young (Normal) (G1 Evacuation Pause) 845M->560M(978M) 96.328ms
[372.131s][info][gc,cpu         ] GC(897) User=0.19s Sys=0.00s Real=0.10s
[372.330s][info][gc,marking     ] GC(895) Concurrent Mark From Roots 1162.738ms
[372.330s][info][gc,marking     ] GC(895) Concurrent Preclean
[372.330s][info][gc,marking     ] GC(895) Concurrent Preclean 0.047ms
[372.330s][info][gc,start       ] GC(895) Pause Remark
[372.337s][info][gc             ] GC(895) Pause Remark 699M->690M(978M) 7.514ms
[372.337s][info][gc,cpu         ] GC(895) User=0.01s Sys=0.00s Real=0.01s
[372.338s][info][gc,marking     ] GC(895) Concurrent Mark 1171.040ms
[372.338s][info][gc,marking     ] GC(895) Concurrent Rebuild Remembered Sets and Scrub Regions
[372.595s][info][gc,start       ] GC(898) Pause Young (Normal) (G1 Evacuation Pause)
[372.596s][info][gc,task        ] GC(898) Using 2 workers of 2 for evacuation
[372.642s][info][gc,phases      ] GC(898)   Pre Evacuate Collection Set: 0.50ms
[372.642s][info][gc,phases      ] GC(898)   Merge Heap Roots: 0.60ms
[372.642s][info][gc,phases      ] GC(898)   Evacuate Collection Set: 44.50ms
[372.642s][info][gc,phases      ] GC(898)   Post Evacuate Collection Set: 0.55ms
[372.642s][info][gc,phases      ] GC(898)   Other: 0.10ms
[372.642s][info][gc,heap        ] GC(898) Eden regions: 300->0(312)
[372.642s][info][gc,heap        ] GC(898) Survivor regions: 30->9(42)
[372.642s][info][gc,heap        ] GC(898) Old regions: 514->544
[372.642s][info][gc,heap        ] GC(898) Humongous regions: 8->8
[372.642s][info][gc,metaspace   ] GC(898) Metaspace: 18924K(19136K)->18924K(19136K) NonClass: 16263K(16384K)->16263K(16384K) Class: 2661K(2752K)->2661K(2752K)
[372.642s][info][gc             ] GC(898) Pause Young (Normal) (G1 Evacuation Pause) 851M->560M(978M) 46.500ms
[372.642s][info][gc,cpu         ] GC(898) User=0.08s Sys=0.00s Real=0.05s
[372.801s][info][gc,marking     ] GC(895) Concurrent Rebuild Remembered Sets and Scrub Regions 462.691ms
[372.801s][info][gc,start       ] GC(895) Pause Cleanup
[372.801s][info][gc             ] GC(895) Pause Cleanup 629M->629M(978M) 0.101ms
[372.801s][info][gc,cpu         ] GC(895) User=0.00s Sys=0.00s Real=0.00s
[372.801s][info][gc,marking     ] GC(895) Concurrent Clear Claimed Marks
[372.801s][info][gc,marking     ] GC(895) Concurrent Clear Claimed Marks 0.031ms
[372.801s][info][gc,marking     ] GC(895) Concurrent Cleanup for Next Mark
[372.804s][info][gc,marking     ] GC(895) Concurrent Cleanup for Next Mark 2.879ms
[372.804s][info][gc             ] GC(895) Concurrent Mark Cycle 1723.113ms
[373.052s][info][gc,start       ] GC(899) Pause Young (Prepare Mixed) (G1 Evacuation Pause)
[373.052s][info][gc,task        ] GC(899) Using 2 workers of 2 for evacuation
[373.115s][info][gc,phases      ] GC(899)   Pre Evacuate Collection Set: 0.30ms
[373.115s][info][gc,phases      ] GC(899)   Merge Heap Roots: 0.42ms
[373.115s][info][gc,phases      ] GC(899)   Evacuate Collection Set: 61.22ms
[373.115s][info][gc,phases      ] GC(899)   Post Evacuate Collection Set: 0.64ms
[373.115s][info][gc,phases      ] GC(899)   Other: 0.11ms
[373.115s][info][gc,heap        ] GC(899) Eden regions: 312->0(273)
[373.115s][info][gc,heap        ] GC(899) Survivor regions: 9->41(41)
[373.115s][info][gc,heap        ] GC(899) Old regions: 544->555
[373.115s][info][gc,heap        ] GC(899) Humongous regions: 8->8
[373.115s][info][gc,metaspace   ] GC(899) Metaspace: 18924K(19136K)->18924K(19136K) NonClass: 16263K(16384K)->16263K(16384K) Class: 2661K(2752K)->2661K(2752K)
[373.115s][info][gc             ] GC(899) Pause Young (Prepare Mixed) (G1 Evacuation Pause) 872M->603M(978M) 62.978ms
[373.115s][info][gc,cpu         ] GC(899) User=0.12s Sys=0.00s Real=0.06s
[373.471s][info][gc,start       ] GC(900) Pause Young (Mixed) (G1 Evacuation Pause)
[373.471s][info][gc,task        ] GC(900) Using 2 workers of 2 for evacuation
[373.578s][info][gc,phases      ] GC(900)   Pre Evacuate Collection Set: 0.30ms
[373.578s][info][gc,phases      ] GC(900)   Merge Heap Roots: 0.29ms
[373.578s][info][gc,phases      ] GC(900)   Evacuate Collection Set: 102.09ms
[373.578s][info][gc,phases      ] GC(900)   Post Evacuate Collection Set: 4.65ms
[373.578s][info][gc,phases      ] GC(900)   Other: 0.10ms
[373.578s][info][gc,heap        ] GC(900) Eden regions: 273->0(174)
[373.578s][info][gc,heap        ] GC(900) Survivor regions: 41->40(40)
[373.578s][info][gc,heap        ] GC(900) Old regions: 555->663
[373.578s][info][gc,heap        ] GC(900) Humongous regions: 8->8
[373.578s][info][gc,metaspace   ] GC(900) Metaspace: 18924K(19136K)->18924K(19136K) NonClass: 16263K(16384K)->16263K(16384K) Class: 2661K(2752K)->2661K(2752K)
[373.578s][info][gc             ] GC(900) Pause Young (Mixed) (G1 Evacuation Pause) (Evacuation Failure: Allocation) 876M->710M(978M) 107.728ms
[373.578s][info][gc,cpu         ] GC(900) User=0.21s Sys=0.00s Real=0.11s
[373.753s][info][gc,start       ] GC(901) Pause Young (Concurrent Start) (G1 Humongous Allocation)
[373.753s][info][gc,task        ] GC(901) Using 2 workers of 2 for evacuation
[373.817s][info][gc,phases      ] GC(901)   Pre Evacuate Collection Set: 0.38ms
[373.817s][info][gc,phases      ] GC(901)   Merge Heap Roots: 0.41ms
[373.817s][info][gc,phases      ] GC(901)   Evacuate Collection Set: 61.86ms
[373.817s][info][gc,phases      ] GC(901)   Post Evacuate Collection Set: 0.57ms
[373.817s][info][gc,phases      ] GC(901)   Other: 0.20ms
[373.817s][info][gc,heap        ] GC(901) Eden regions: 136->0(209)
[373.817s][info][gc,heap        ] GC(901) Survivor regions: 40->8(27)
[373.817s][info][gc,heap        ] GC(901) Old regions: 663->661
[373.817s][info][gc,heap        ] GC(901) Humongous regions: 8->8
[373.817s][info][gc,metaspace   ] GC(901) Metaspace: 18924K(19136K)->18924K(19136K) NonClass: 16263K(16384K)->16263K(16384K) Class: 2661K(2752K)->2661K(2752K)
[373.817s][info][gc             ] GC(901) Pause Young (Concurrent Start) (G1 Humongous Allocation) 846M->676M(978M) 63.668ms
[373.817s][info][gc,cpu         ] GC(901) User=0.13s Sys=0.00s Real=0.07s
[373.817s][info][gc             ] GC(902) Concurrent Mark Cycle
[373.817s][info][gc,marking     ] GC(902) Concurrent Scan Root Regions
[373.882s][info][gc,marking     ] GC(902) Concurrent Scan Root Regions 65.493ms
[373.882s][info][gc,marking     ] GC(902) Concurrent Mark
[373.882s][info][gc,marking     ] GC(902) Concurrent Mark From Roots
[373.882s][info][gc,task        ] GC(902) Using 1 workers of 1 for marking
[374.257s][info][gc,start       ] GC(903) Pause Young (Normal) (G1 Evacuation Pause)
[374.257s][info][gc,task        ] GC(903) Using 2 workers of 2 for evacuation
[374.329s][info][gc,phases      ] GC(903)   Pre Evacuate Collection Set: 0.31ms
[374.329s][info][gc,phases      ] GC(903)   Merge Heap Roots: 0.35ms
[374.329s][info][gc,phases      ] GC(903)   Evacuate Collection Set: 70.56ms
[374.329s][info][gc,phases      ] GC(903)   Post Evacuate Collection Set: 0.57ms
[374.329s][info][gc,phases      ] GC(903)   Other: 0.09ms
[374.329s][info][gc,heap        ] GC(903) Eden regions: 209->0(170)
[374.329s][info][gc,heap        ] GC(903) Survivor regions: 8->28(28)
[374.329s][info][gc,heap        ] GC(903) Old regions: 661->686
[374.329s][info][gc,heap        ] GC(903) Humongous regions: 11->11
[374.329s][info][gc,metaspace   ] GC(903) Metaspace: 18924K(19136K)->18924K(19136K) NonClass: 16263K(16384K)->16263K(16384K) Class: 2661K(2752K)->2661K(2752K)
[374.329s][info][gc             ] GC(903) Pause Young (Normal) (G1 Evacuation Pause) 888M->724M(978M) 72.092ms
[374.329s][info][gc,cpu         ] GC(903) User=0.14s Sys=0.00s Real=0.07s
[374.537s][info][gc,start       ] GC(904) Pause Young (Normal) (G1 Evacuation Pause)
[374.537s][info][gc,task        ] GC(904) Using 2 workers of 2 for evacuation
[374.586s][info][gc,phases      ] GC(904)   Pre Evacuate Collection Set: 0.30ms
[374.586s][info][gc,phases      ] GC(904)   Merge Heap Roots: 0.38ms
[374.586s][info][gc,phases      ] GC(904)   Evacuate Collection Set: 47.52ms
[374.586s][info][gc,phases      ] GC(904)   Post Evacuate Collection Set: 0.41ms
[374.586s][info][gc,phases      ] GC(904)   Other: 0.07ms
[374.586s][info][gc,heap        ] GC(904) Eden regions: 170->0(175)
[374.586s][info][gc,heap        ] GC(904) Survivor regions: 28->5(25)
[374.586s][info][gc,heap        ] GC(904) Old regions: 686->715
[374.586s][info][gc,heap        ] GC(904) Humongous regions: 11->11
[374.586s][info][gc,metaspace   ] GC(904) Metaspace: 18924K(19136K)->18924K(19136K) NonClass: 16263K(16384K)->16263K(16384K) Class: 2661K(2752K)->2661K(2752K)
[374.586s][info][gc             ] GC(904) Pause Young (Normal) (G1 Evacuation Pause) 894M->730M(978M) 48.931ms
[374.586s][info][gc,cpu         ] GC(904) User=0.10s Sys=0.00s Real=0.04s
[374.893s][info][gc,start       ] GC(905) Pause Young (Normal) (G1 Evacuation Pause)
[374.893s][info][gc,task        ] GC(905) Using 2 workers of 2 for evacuation
[374.909s][info][gc,phases      ] GC(905)   Pre Evacuate Collection Set: 0.28ms
[374.909s][info][gc,phases      ] GC(905)   Merge Heap Roots: 0.20ms
[374.909s][info][gc,phases      ] GC(905)   Evacuate Collection Set: 15.15ms
[374.909s][info][gc,phases      ] GC(905)   Post Evacuate Collection Set: 0.38ms
[374.909s][info][gc,phases      ] GC(905)   Other: 0.07ms
[374.909s][info][gc,heap        ] GC(905) Eden regions: 175->0(180)
[374.909s][info][gc,heap        ] GC(905) Survivor regions: 5->9(23)
[374.909s][info][gc,heap        ] GC(905) Old regions: 715->715
[374.909s][info][gc,heap        ] GC(905) Humongous regions: 11->11
[374.909s][info][gc,metaspace   ] GC(905) Metaspace: 18924K(19136K)->18924K(19136K) NonClass: 16263K(16384K)->16263K(16384K) Class: 2661K(2752K)->2661K(2752K)
[374.909s][info][gc             ] GC(905) Pause Young (Normal) (G1 Evacuation Pause) 905M->734M(978M) 16.287ms
[374.909s][info][gc,cpu         ] GC(905) User=0.03s Sys=0.00s Real=0.02s
[375.107s][info][gc,marking     ] GC(902) Concurrent Mark From Roots 1224.815ms
[375.107s][info][gc,marking     ] GC(902) Concurrent Preclean
[375.107s][info][gc,marking     ] GC(902) Concurrent Preclean 0.071ms
[375.107s][info][gc,start       ] GC(902) Pause Remark
[375.115s][info][gc             ] GC(902) Pause Remark 832M->714M(978M) 7.634ms
[375.115s][info][gc,cpu         ] GC(902) User=0.01s Sys=0.00s Real=0.00s
[375.115s][info][gc,marking     ] GC(902) Concurrent Mark 1232.811ms
[375.115s][info][gc,marking     ] GC(902) Concurrent Rebuild Remembered Sets and Scrub Regions
[375.306s][info][gc,start       ] GC(906) Pause Young (Normal) (G1 Evacuation Pause)
[375.306s][info][gc,task        ] GC(906) Using 2 workers of 2 for evacuation
[375.338s][info][gc,phases      ] GC(906)   Pre Evacuate Collection Set: 0.28ms
[375.338s][info][gc,phases      ] GC(906)   Merge Heap Roots: 0.18ms
[375.338s][info][gc,phases      ] GC(906)   Evacuate Collection Set: 30.24ms
[375.338s][info][gc,phases      ] GC(906)   Post Evacuate Collection Set: 0.43ms
[375.338s][info][gc,phases      ] GC(906)   Other: 0.10ms
[375.338s][info][gc,heap        ] GC(906) Eden regions: 180->0(251)
[375.338s][info][gc,heap        ] GC(906) Survivor regions: 9->24(24)
[375.338s][info][gc,heap        ] GC(906) Old regions: 601->603
[375.338s][info][gc,heap        ] GC(906) Humongous regions: 7->7
[375.338s][info][gc,metaspace   ] GC(906) Metaspace: 18924K(19136K)->18924K(19136K) NonClass: 16263K(16384K)->16263K(16384K) Class: 2661K(2752K)->2661K(2752K)
[375.338s][info][gc             ] GC(906) Pause Young (Normal) (G1 Evacuation Pause) 796M->633M(978M) 31.436ms
[375.338s][info][gc,cpu         ] GC(906) User=0.06s Sys=0.00s Real=0.03s
[375.649s][info][gc,marking     ] GC(902) Concurrent Rebuild Remembered Sets and Scrub Regions 533.654ms
[375.649s][info][gc,start       ] GC(902) Pause Cleanup
[375.649s][info][gc             ] GC(902) Pause Cleanup 722M->722M(978M) 0.148ms
[375.649s][info][gc,cpu         ] GC(902) User=0.00s Sys=0.00s Real=0.00s
[375.649s][info][gc,marking     ] GC(902) Concurrent Clear Claimed Marks
[375.649s][info][gc,marking     ] GC(902) Concurrent Clear Claimed Marks 0.031ms
[375.649s][info][gc,marking     ] GC(902) Concurrent Cleanup for Next Mark
[375.652s][info][gc,marking     ] GC(902) Concurrent Cleanup for Next Mark 2.821ms
[375.652s][info][gc             ] GC(902) Concurrent Mark Cycle 1835.460ms
[376.035s][info][gc,start       ] GC(907) Pause Young (Prepare Mixed) (G1 Evacuation Pause)
[376.035s][info][gc,task        ] GC(907) Using 2 workers of 2 for evacuation
[376.092s][info][gc,phases      ] GC(907)   Pre Evacuate Collection Set: 0.30ms
[376.092s][info][gc,phases      ] GC(907)   Merge Heap Roots: 0.51ms
[376.092s][info][gc,phases      ] GC(907)   Evacuate Collection Set: 55.60ms
[376.092s][info][gc,phases      ] GC(907)   Post Evacuate Collection Set: 0.53ms
[376.092s][info][gc,phases      ] GC(907)   Other: 0.10ms
[376.092s][info][gc,heap        ] GC(907) Eden regions: 251->0(240)
[376.092s][info][gc,heap        ] GC(907) Survivor regions: 24->35(35)
[376.092s][info][gc,heap        ] GC(907) Old regions: 603->611
[376.092s][info][gc,heap        ] GC(907) Humongous regions: 7->7
[376.092s][info][gc,metaspace   ] GC(907) Metaspace: 18924K(19136K)->18924K(19136K) NonClass: 16263K(16384K)->16263K(16384K) Class: 2661K(2752K)->2661K(2752K)
[376.092s][info][gc             ] GC(907) Pause Young (Prepare Mixed) (G1 Evacuation Pause) 884M->652M(978M) 57.264ms
[376.092s][info][gc,cpu         ] GC(907) User=0.11s Sys=0.00s Real=0.06s
[376.358s][info][gc,start       ] GC(908) Pause Young (Mixed) (G1 Evacuation Pause)
[376.358s][info][gc,task        ] GC(908) Using 2 workers of 2 for evacuation
[376.466s][info][gc,phases      ] GC(908)   Pre Evacuate Collection Set: 0.52ms
[376.466s][info][gc,phases      ] GC(908)   Merge Heap Roots: 0.38ms
[376.466s][info][gc,phases      ] GC(908)   Evacuate Collection Set: 99.22ms
[376.466s][info][gc,phases      ] GC(908)   Post Evacuate Collection Set: 7.36ms
[376.466s][info][gc,phases      ] GC(908)   Other: 0.08ms
[376.466s][info][gc,heap        ] GC(908) Eden regions: 240->0(192)
[376.466s][info][gc,heap        ] GC(908) Survivor regions: 35->35(35)
[376.466s][info][gc,heap        ] GC(908) Old regions: 611->659
[376.466s][info][gc,heap        ] GC(908) Humongous regions: 7->7
[376.466s][info][gc,metaspace   ] GC(908) Metaspace: 18924K(19136K)->18924K(19136K) NonClass: 16263K(16384K)->16263K(16384K) Class: 2661K(2752K)->2661K(2752K)
[376.466s][info][gc             ] GC(908) Pause Young (Mixed) (G1 Evacuation Pause) (Evacuation Failure: Allocation) 892M->700M(978M) 107.829ms
[376.466s][info][gc,cpu         ] GC(908) User=0.21s Sys=0.00s Real=0.10s
[376.741s][info][gc,start       ] GC(909) Pause Young (Mixed) (G1 Evacuation Pause)
[376.742s][info][gc,task        ] GC(909) Using 2 workers of 2 for evacuation
[376.902s][info][gc,phases      ] GC(909)   Pre Evacuate Collection Set: 0.54ms
[376.902s][info][gc,phases      ] GC(909)   Merge Heap Roots: 1.48ms
[376.902s][info][gc,phases      ] GC(909)   Evacuate Collection Set: 156.08ms
[376.902s][info][gc,phases      ] GC(909)   Post Evacuate Collection Set: 2.49ms
[376.902s][info][gc,phases      ] GC(909)   Other: 0.09ms
[376.902s][info][gc,heap        ] GC(909) Eden regions: 192->0(206)
[376.902s][info][gc,heap        ] GC(909) Survivor regions: 35->23(29)
[376.902s][info][gc,heap        ] GC(909) Old regions: 659->650
[376.902s][info][gc,heap        ] GC(909) Humongous regions: 10->10
[376.902s][info][gc,metaspace   ] GC(909) Metaspace: 18924K(19136K)->18924K(19136K) NonClass: 16263K(16384K)->16263K(16384K) Class: 2661K(2752K)->2661K(2752K)
[376.902s][info][gc             ] GC(909) Pause Young (Mixed) (G1 Evacuation Pause) (Evacuation Failure: Allocation) 895M->682M(978M) 160.947ms
[376.902s][info][gc,cpu         ] GC(909) User=0.32s Sys=0.00s Real=0.16s
[377.147s][info][gc,start       ] GC(910) Pause Young (Concurrent Start) (G1 Evacuation Pause)
[377.147s][info][gc,task        ] GC(910) Using 2 workers of 2 for evacuation
[377.221s][info][gc,phases      ] GC(910)   Pre Evacuate Collection Set: 0.35ms
[377.221s][info][gc,phases      ] GC(910)   Merge Heap Roots: 0.48ms
[377.221s][info][gc,phases      ] GC(910)   Evacuate Collection Set: 72.37ms
[377.221s][info][gc,phases      ] GC(910)   Post Evacuate Collection Set: 0.53ms
[377.221s][info][gc,phases      ] GC(910)   Other: 0.20ms
[377.221s][info][gc,heap        ] GC(910) Eden regions: 206->0(205)
[377.221s][info][gc,heap        ] GC(910) Survivor regions: 23->29(29)
[377.221s][info][gc,heap        ] GC(910) Old regions: 650->639
[377.221s][info][gc,heap        ] GC(910) Humongous regions: 10->10
[377.221s][info][gc,metaspace   ] GC(910) Metaspace: 18924K(19136K)->18924K(19136K) NonClass: 16263K(16384K)->16263K(16384K) Class: 2661K(2752K)->2661K(2752K)
[377.222s][info][gc             ] GC(910) Pause Young (Concurrent Start) (G1 Evacuation Pause) 888M->677M(978M) 74.171ms
[377.222s][info][gc,cpu         ] GC(910) User=0.15s Sys=0.00s Real=0.07s
[377.222s][info][gc             ] GC(911) Concurrent Mark Cycle
[377.222s][info][gc,marking     ] GC(911) Concurrent Scan Root Regions
[377.343s][info][gc,marking     ] GC(911) Concurrent Scan Root Regions 121.653ms
[377.343s][info][gc,marking     ] GC(911) Concurrent Mark
[377.343s][info][gc,marking     ] GC(911) Concurrent Mark From Roots
[377.343s][info][gc,task        ] GC(911) Using 1 workers of 1 for marking
[377.517s][info][gc,start       ] GC(912) Pause Young (Normal) (G1 Evacuation Pause)
[377.517s][info][gc,task        ] GC(912) Using 2 workers of 2 for evacuation
[377.549s][info][gc,phases      ] GC(912)   Pre Evacuate Collection Set: 0.48ms
[377.549s][info][gc,phases      ] GC(912)   Merge Heap Roots: 0.23ms
[377.549s][info][gc,phases      ] GC(912)   Evacuate Collection Set: 30.97ms
[377.549s][info][gc,phases      ] GC(912)   Post Evacuate Collection Set: 0.41ms
[377.549s][info][gc,phases      ] GC(912)   Other: 0.07ms
[377.549s][info][gc,heap        ] GC(912) Eden regions: 205->0(217)
[377.549s][info][gc,heap        ] GC(912) Survivor regions: 29->1(30)
[377.549s][info][gc,heap        ] GC(912) Old regions: 639->669
[377.549s][info][gc,heap        ] GC(912) Humongous regions: 10->10
[377.549s][info][gc,metaspace   ] GC(912) Metaspace: 18924K(19136K)->18924K(19136K) NonClass: 16263K(16384K)->16263K(16384K) Class: 2661K(2752K)->2661K(2752K)
[377.549s][info][gc             ] GC(912) Pause Young (Normal) (G1 Evacuation Pause) 882M->679M(978M) 32.389ms
[377.549s][info][gc,cpu         ] GC(912) User=0.06s Sys=0.00s Real=0.03s
[377.985s][info][gc,start       ] GC(913) Pause Young (Normal) (G1 Evacuation Pause)
[377.986s][info][gc,task        ] GC(913) Using 2 workers of 2 for evacuation
[378.004s][info][gc,phases      ] GC(913)   Pre Evacuate Collection Set: 0.29ms
[378.005s][info][gc,phases      ] GC(913)   Merge Heap Roots: 0.17ms
[378.005s][info][gc,phases      ] GC(913)   Evacuate Collection Set: 17.98ms
[378.005s][info][gc,phases      ] GC(913)   Post Evacuate Collection Set: 0.42ms
[378.005s][info][gc,phases      ] GC(913)   Other: 0.08ms
[378.005s][info][gc,heap        ] GC(913) Eden regions: 217->0(213)
[378.005s][info][gc,heap        ] GC(913) Survivor regions: 1->14(28)
[378.005s][info][gc,heap        ] GC(913) Old regions: 669->669
[378.005s][info][gc,heap        ] GC(913) Humongous regions: 10->10
[378.005s][info][gc,metaspace   ] GC(913) Metaspace: 18924K(19136K)->18924K(19136K) NonClass: 16263K(16384K)->16263K(16384K) Class: 2661K(2752K)->2661K(2752K)
[378.005s][info][gc             ] GC(913) Pause Young (Normal) (G1 Evacuation Pause) 896M->692M(978M) 19.209ms
[378.005s][info][gc,cpu         ] GC(913) User=0.03s Sys=0.00s Real=0.02s
[378.695s][info][gc,start       ] GC(914) Pause Young (Normal) (G1 Evacuation Pause)
[378.695s][info][gc,task        ] GC(914) Using 2 workers of 2 for evacuation
[378.740s][info][gc,phases      ] GC(914)   Pre Evacuate Collection Set: 0.51ms
[378.740s][info][gc,phases      ] GC(914)   Merge Heap Roots: 0.46ms
[378.740s][info][gc,phases      ] GC(914)   Evacuate Collection Set: 43.33ms
[378.740s][info][gc,phases      ] GC(914)   Post Evacuate Collection Set: 0.45ms
[378.740s][info][gc,phases      ] GC(914)   Other: 0.07ms
[378.740s][info][gc,heap        ] GC(914) Eden regions: 213->0(189)
[378.740s][info][gc,heap        ] GC(914) Survivor regions: 14->29(29)
[378.740s][info][gc,heap        ] GC(914) Old regions: 669->671
[378.740s][info][gc,heap        ] GC(914) Humongous regions: 10->10
[378.740s][info][gc,metaspace   ] GC(914) Metaspace: 18924K(19136K)->18924K(19136K) NonClass: 16263K(16384K)->16263K(16384K) Class: 2661K(2752K)->2661K(2752K)
[378.740s][info][gc             ] GC(914) Pause Young (Normal) (G1 Evacuation Pause) 905M->709M(978M) 45.048ms
[378.740s][info][gc,cpu         ] GC(914) User=0.09s Sys=0.00s Real=0.05s
[379.204s][info][gc,marking     ] GC(911) Concurrent Mark From Roots 1860.603ms
[379.204s][info][gc,marking     ] GC(911) Concurrent Preclean
[379.204s][info][gc,marking     ] GC(911) Concurrent Preclean 0.054ms
[379.204s][info][gc,start       ] GC(911) Pause Remark
[379.212s][info][gc             ] GC(911) Pause Remark 852M->850M(978M) 7.800ms
[379.212s][info][gc,cpu         ] GC(911) User=0.02s Sys=0.00s Real=0.01s
[379.212s][info][gc,marking     ] GC(911) Concurrent Mark 1868.811ms
[379.212s][info][gc,marking     ] GC(911) Concurrent Rebuild Remembered Sets and Scrub Regions
[379.400s][info][gc,start       ] GC(915) Pause Young (Normal) (G1 Evacuation Pause)
[379.400s][info][gc,task        ] GC(915) Using 2 workers of 2 for evacuation
[379.437s][info][gc,phases      ] GC(915)   Pre Evacuate Collection Set: 0.50ms
[379.437s][info][gc,phases      ] GC(915)   Merge Heap Roots: 0.31ms
[379.437s][info][gc,phases      ] GC(915)   Evacuate Collection Set: 35.03ms
[379.437s][info][gc,phases      ] GC(915)   Post Evacuate Collection Set: 0.41ms
[379.437s][info][gc,phases      ] GC(915)   Other: 0.10ms
[379.437s][info][gc,heap        ] GC(915) Eden regions: 189->0(212)
[379.437s][info][gc,heap        ] GC(915) Survivor regions: 29->1(28)
[379.437s][info][gc,heap        ] GC(915) Old regions: 671->700
[379.437s][info][gc,heap        ] GC(915) Humongous regions: 8->8
[379.437s][info][gc,metaspace   ] GC(915) Metaspace: 18924K(19136K)->18924K(19136K) NonClass: 16263K(16384K)->16263K(16384K) Class: 2661K(2752K)->2661K(2752K)
[379.437s][info][gc             ] GC(915) Pause Young (Normal) (G1 Evacuation Pause) 896M->708M(978M) 36.563ms
[379.437s][info][gc,cpu         ] GC(915) User=0.07s Sys=0.00s Real=0.04s
[379.658s][info][gc,start       ] GC(916) Pause Young (Normal) (G1 Evacuation Pause)
[379.658s][info][gc,task        ] GC(916) Using 2 workers of 2 for evacuation
[379.721s][info][gc,phases      ] GC(916)   Pre Evacuate Collection Set: 0.48ms
[379.721s][info][gc,phases      ] GC(916)   Merge Heap Roots: 0.15ms
[379.721s][info][gc,phases      ] GC(916)   Evacuate Collection Set: 58.14ms
[379.721s][info][gc,phases      ] GC(916)   Post Evacuate Collection Set: 3.44ms
[379.721s][info][gc,phases      ] GC(916)   Other: 0.09ms
[379.721s][info][gc,heap        ] GC(916) Eden regions: 212->0(100)
[379.721s][info][gc,heap        ] GC(916) Survivor regions: 1->27(27)
[379.721s][info][gc,heap        ] GC(916) Old regions: 700->766
[379.721s][info][gc,heap        ] GC(916) Humongous regions: 8->8
[379.721s][info][gc,metaspace   ] GC(916) Metaspace: 18924K(19136K)->18924K(19136K) NonClass: 16263K(16384K)->16263K(16384K) Class: 2661K(2752K)->2661K(2752K)
[379.721s][info][gc             ] GC(916) Pause Young (Normal) (G1 Evacuation Pause) (Evacuation Failure: Allocation) 920M->800M(978M) 62.544ms
[379.721s][info][gc,cpu         ] GC(916) User=0.12s Sys=0.01s Real=0.06s
[379.943s][info][gc,start       ] GC(917) Pause Young (Normal) (G1 Evacuation Pause)
[379.943s][info][gc,task        ] GC(917) Using 2 workers of 2 for evacuation
[379.988s][info][gc,phases      ] GC(917)   Pre Evacuate Collection Set: 0.46ms
[379.988s][info][gc,phases      ] GC(917)   Merge Heap Roots: 0.37ms
[379.988s][info][gc,phases      ] GC(917)   Evacuate Collection Set: 43.38ms
[379.988s][info][gc,phases      ] GC(917)   Post Evacuate Collection Set: 0.39ms
[379.988s][info][gc,phases      ] GC(917)   Other: 0.08ms
[379.988s][info][gc,heap        ] GC(917) Eden regions: 100->0(140)
[379.988s][info][gc,heap        ] GC(917) Survivor regions: 27->6(16)
[379.988s][info][gc,heap        ] GC(917) Old regions: 766->768
[379.988s][info][gc,heap        ] GC(917) Humongous regions: 8->8
[379.988s][info][gc,metaspace   ] GC(917) Metaspace: 18925K(19136K)->18925K(19136K) NonClass: 16263K(16384K)->16263K(16384K) Class: 2661K(2752K)->2661K(2752K)
[379.988s][info][gc             ] GC(917) Pause Young (Normal) (G1 Evacuation Pause) 900M->781M(978M) 44.934ms
[379.988s][info][gc,cpu         ] GC(917) User=0.09s Sys=0.00s Real=0.05s
[380.089s][info][gc,marking     ] GC(911) Concurrent Rebuild Remembered Sets and Scrub Regions 876.799ms
[380.089s][info][gc,start       ] GC(911) Pause Cleanup
[380.089s][info][gc             ] GC(911) Pause Cleanup 833M->833M(978M) 0.117ms
[380.089s][info][gc,cpu         ] GC(911) User=0.00s Sys=0.00s Real=0.00s
[380.089s][info][gc,marking     ] GC(911) Concurrent Clear Claimed Marks
[380.089s][info][gc,marking     ] GC(911) Concurrent Clear Claimed Marks 0.029ms
[380.089s][info][gc,marking     ] GC(911) Concurrent Cleanup for Next Mark
[380.092s][info][gc,marking     ] GC(911) Concurrent Cleanup for Next Mark 2.821ms
[380.092s][info][gc             ] GC(911) Concurrent Mark Cycle 2870.699ms
[380.232s][info][gc,start       ] GC(918) Pause Young (Prepare Mixed) (G1 Evacuation Pause)
[380.232s][info][gc,task        ] GC(918) Using 2 workers of 2 for evacuation
[380.283s][info][gc,phases      ] GC(918)   Pre Evacuate Collection Set: 0.31ms
[380.283s][info][gc,phases      ] GC(918)   Merge Heap Roots: 0.31ms
[380.283s][info][gc,phases      ] GC(918)   Evacuate Collection Set: 49.37ms
[380.283s][info][gc,phases      ] GC(918)   Post Evacuate Collection Set: 0.48ms
[380.283s][info][gc,phases      ] GC(918)   Other: 0.10ms
[380.283s][info][gc,heap        ] GC(918) Eden regions: 140->0(98)
[380.283s][info][gc,heap        ] GC(918) Survivor regions: 6->19(19)
[380.283s][info][gc,heap        ] GC(918) Old regions: 768->781
[380.283s][info][gc,heap        ] GC(918) Humongous regions: 11->11
[380.283s][info][gc,metaspace   ] GC(918) Metaspace: 18925K(19136K)->18925K(19136K) NonClass: 16263K(16384K)->16263K(16384K) Class: 2661K(2752K)->2661K(2752K)
[380.283s][info][gc             ] GC(918) Pause Young (Prepare Mixed) (G1 Evacuation Pause) 924M->810M(978M) 50.880ms
[380.283s][info][gc,cpu         ] GC(918) User=0.10s Sys=0.00s Real=0.05s
[380.394s][info][gc,start       ] GC(919) Pause Young (Mixed) (G1 Evacuation Pause)
[380.394s][info][gc,task        ] GC(919) Using 2 workers of 2 for evacuation
[380.452s][info][gc,phases      ] GC(919)   Pre Evacuate Collection Set: 0.31ms
[380.452s][info][gc,phases      ] GC(919)   Merge Heap Roots: 0.36ms
[380.452s][info][gc,phases      ] GC(919)   Evacuate Collection Set: 56.52ms
[380.452s][info][gc,phases      ] GC(919)   Post Evacuate Collection Set: 0.39ms
[380.452s][info][gc,phases      ] GC(919)   Other: 0.10ms
[380.452s][info][gc,heap        ] GC(919) Eden regions: 98->0(95)
[380.452s][info][gc,heap        ] GC(919) Survivor regions: 19->15(15)
[380.452s][info][gc,heap        ] GC(919) Old regions: 781->792
[380.452s][info][gc,heap        ] GC(919) Humongous regions: 11->11
[380.452s][info][gc,metaspace   ] GC(919) Metaspace: 18925K(19136K)->18925K(19136K) NonClass: 16263K(16384K)->16263K(16384K) Class: 2661K(2752K)->2661K(2752K)
[380.452s][info][gc             ] GC(919) Pause Young (Mixed) (G1 Evacuation Pause) 908M->817M(978M) 57.932ms
[380.452s][info][gc,cpu         ] GC(919) User=0.12s Sys=0.00s Real=0.06s
[380.570s][info][gc,start       ] GC(920) Pause Young (Concurrent Start) (G1 Evacuation Pause)
[380.570s][info][gc,task        ] GC(920) Using 2 workers of 2 for evacuation
[380.605s][info][gc,phases      ] GC(920)   Pre Evacuate Collection Set: 0.38ms
[380.605s][info][gc,phases      ] GC(920)   Merge Heap Roots: 0.15ms
[380.605s][info][gc,phases      ] GC(920)   Evacuate Collection Set: 33.53ms
[380.605s][info][gc,phases      ] GC(920)   Post Evacuate Collection Set: 0.38ms
[380.605s][info][gc,phases      ] GC(920)   Other: 0.21ms
[380.605s][info][gc,heap        ] GC(920) Eden regions: 95->0(82)
[380.605s][info][gc,heap        ] GC(920) Survivor regions: 15->14(14)
[380.605s][info][gc,heap        ] GC(920) Old regions: 792->807
[380.605s][info][gc,heap        ] GC(920) Humongous regions: 11->11
[380.605s][info][gc,metaspace   ] GC(920) Metaspace: 18925K(19136K)->18925K(19136K) NonClass: 16263K(16384K)->16263K(16384K) Class: 2661K(2752K)->2661K(2752K)
[380.605s][info][gc             ] GC(920) Pause Young (Concurrent Start) (G1 Evacuation Pause) 912M->831M(978M) 34.889ms
[380.605s][info][gc,cpu         ] GC(920) User=0.07s Sys=0.00s Real=0.03s
[380.605s][info][gc             ] GC(921) Concurrent Mark Cycle
[380.607s][info][gc,marking     ] GC(921) Concurrent Scan Root Regions
[380.665s][info][gc,marking     ] GC(921) Concurrent Scan Root Regions 57.747ms
[380.665s][info][gc,marking     ] GC(921) Concurrent Mark
[380.665s][info][gc,marking     ] GC(921) Concurrent Mark From Roots
[380.665s][info][gc,task        ] GC(921) Using 1 workers of 1 for marking
[380.686s][info][gc,start       ] GC(922) Pause Young (Normal) (G1 Evacuation Pause)
[380.686s][info][gc,task        ] GC(922) Using 2 workers of 2 for evacuation
[380.701s][info][gc,phases      ] GC(922)   Pre Evacuate Collection Set: 0.25ms
[380.701s][info][gc,phases      ] GC(922)   Merge Heap Roots: 0.10ms
[380.701s][info][gc,phases      ] GC(922)   Evacuate Collection Set: 14.71ms
[380.701s][info][gc,phases      ] GC(922)   Post Evacuate Collection Set: 0.29ms
[380.701s][info][gc,phases      ] GC(922)   Other: 0.06ms
[380.701s][info][gc,heap        ] GC(922) Eden regions: 82->0(94)
[380.701s][info][gc,heap        ] GC(922) Survivor regions: 14->1(12)
[380.701s][info][gc,heap        ] GC(922) Old regions: 807->821
[380.701s][info][gc,heap        ] GC(922) Humongous regions: 11->11
[380.701s][info][gc,metaspace   ] GC(922) Metaspace: 18925K(19136K)->18925K(19136K) NonClass: 16263K(16384K)->16263K(16384K) Class: 2661K(2752K)->2661K(2752K)
[380.701s][info][gc             ] GC(922) Pause Young (Normal) (G1 Evacuation Pause) 913M->832M(978M) 15.642ms
[380.701s][info][gc,cpu         ] GC(922) User=0.03s Sys=0.00s Real=0.02s
[380.899s][info][gc,start       ] GC(923) Pause Young (Normal) (G1 Evacuation Pause)
[380.899s][info][gc,task        ] GC(923) Using 2 workers of 2 for evacuation
[380.906s][info][gc,phases      ] GC(923)   Pre Evacuate Collection Set: 0.30ms
[380.906s][info][gc,phases      ] GC(923)   Merge Heap Roots: 0.16ms
[380.906s][info][gc,phases      ] GC(923)   Evacuate Collection Set: 5.53ms
[380.906s][info][gc,phases      ] GC(923)   Post Evacuate Collection Set: 0.31ms
[380.906s][info][gc,phases      ] GC(923)   Other: 0.09ms
[380.906s][info][gc,heap        ] GC(923) Eden regions: 94->0(94)
[380.906s][info][gc,heap        ] GC(923) Survivor regions: 1->1(12)
[380.906s][info][gc,heap        ] GC(923) Old regions: 821->821
[380.906s][info][gc,heap        ] GC(923) Humongous regions: 11->11
[380.906s][info][gc,metaspace   ] GC(923) Metaspace: 18925K(19136K)->18925K(19136K) NonClass: 16263K(16384K)->16263K(16384K) Class: 2661K(2752K)->2661K(2752K)
[380.906s][info][gc             ] GC(923) Pause Young (Normal) (G1 Evacuation Pause) 926M->832M(978M) 6.617ms
[380.906s][info][gc,cpu         ] GC(923) User=0.02s Sys=0.00s Real=0.00s
[381.068s][info][gc,start       ] GC(924) Pause Young (Normal) (G1 Evacuation Pause)
[381.068s][info][gc,task        ] GC(924) Using 2 workers of 2 for evacuation
[381.078s][info][gc,phases      ] GC(924)   Pre Evacuate Collection Set: 0.30ms
[381.078s][info][gc,phases      ] GC(924)   Merge Heap Roots: 0.17ms
[381.078s][info][gc,phases      ] GC(924)   Evacuate Collection Set: 9.11ms
[381.078s][info][gc,phases      ] GC(924)   Post Evacuate Collection Set: 0.31ms
[381.078s][info][gc,phases      ] GC(924)   Other: 0.10ms
[381.078s][info][gc,heap        ] GC(924) Eden regions: 94->0(88)
[381.078s][info][gc,heap        ] GC(924) Survivor regions: 1->4(12)
[381.078s][info][gc,heap        ] GC(924) Old regions: 821->821
[381.078s][info][gc,heap        ] GC(924) Humongous regions: 11->11
[381.078s][info][gc,metaspace   ] GC(924) Metaspace: 18925K(19136K)->18925K(19136K) NonClass: 16263K(16384K)->16263K(16384K) Class: 2661K(2752K)->2661K(2752K)
[381.078s][info][gc             ] GC(924) Pause Young (Normal) (G1 Evacuation Pause) 926M->835M(978M) 10.213ms
[381.078s][info][gc,cpu         ] GC(924) User=0.02s Sys=0.00s Real=0.01s
[381.216s][info][gc,start       ] GC(925) Pause Young (Normal) (G1 Evacuation Pause)
[381.216s][info][gc,task        ] GC(925) Using 2 workers of 2 for evacuation
[381.224s][info][gc,phases      ] GC(925)   Pre Evacuate Collection Set: 0.28ms
[381.224s][info][gc,phases      ] GC(925)   Merge Heap Roots: 0.10ms
[381.224s][info][gc,phases      ] GC(925)   Evacuate Collection Set: 6.31ms
[381.224s][info][gc,phases      ] GC(925)   Post Evacuate Collection Set: 0.33ms
[381.224s][info][gc,phases      ] GC(925)   Other: 0.07ms
[381.224s][info][gc,heap        ] GC(925) Eden regions: 88->0(86)
[381.224s][info][gc,heap        ] GC(925) Survivor regions: 4->5(12)
[381.224s][info][gc,heap        ] GC(925) Old regions: 821->821
[381.224s][info][gc,heap        ] GC(925) Humongous regions: 11->11
[381.224s][info][gc,metaspace   ] GC(925) Metaspace: 18925K(19136K)->18925K(19136K) NonClass: 16263K(16384K)->16263K(16384K) Class: 2661K(2752K)->2661K(2752K)
[381.224s][info][gc             ] GC(925) Pause Young (Normal) (G1 Evacuation Pause) 923M->836M(978M) 7.292ms
[381.224s][info][gc,cpu         ] GC(925) User=0.01s Sys=0.00s Real=0.00s
[381.405s][info][gc,start       ] GC(926) Pause Young (Normal) (G1 Evacuation Pause)
[381.405s][info][gc,task        ] GC(926) Using 2 workers of 2 for evacuation
[381.424s][info][gc,phases      ] GC(926)   Pre Evacuate Collection Set: 0.51ms
[381.424s][info][gc,phases      ] GC(926)   Merge Heap Roots: 0.13ms
[381.424s][info][gc,phases      ] GC(926)   Evacuate Collection Set: 17.77ms
[381.424s][info][gc,phases      ] GC(926)   Post Evacuate Collection Set: 0.35ms
[381.424s][info][gc,phases      ] GC(926)   Other: 0.09ms
[381.424s][info][gc,heap        ] GC(926) Eden regions: 86->0(70)
[381.424s][info][gc,heap        ] GC(926) Survivor regions: 5->12(12)
[381.424s][info][gc,heap        ] GC(926) Old regions: 821->823
[381.424s][info][gc,heap        ] GC(926) Humongous regions: 11->11
[381.424s][info][gc,metaspace   ] GC(926) Metaspace: 18925K(19136K)->18925K(19136K) NonClass: 16263K(16384K)->16263K(16384K) Class: 2661K(2752K)->2661K(2752K)
[381.424s][info][gc             ] GC(926) Pause Young (Normal) (G1 Evacuation Pause) 922M->845M(978M) 19.094ms
[381.425s][info][gc,cpu         ] GC(926) User=0.04s Sys=0.00s Real=0.02s
[381.616s][info][gc,start       ] GC(927) Pause Young (Normal) (G1 Evacuation Pause)
[381.616s][info][gc,task        ] GC(927) Using 2 workers of 2 for evacuation
[381.641s][info][gc,phases      ] GC(927)   Pre Evacuate Collection Set: 0.49ms
[381.641s][info][gc,phases      ] GC(927)   Merge Heap Roots: 0.15ms
[381.641s][info][gc,phases      ] GC(927)   Evacuate Collection Set: 24.12ms
[381.641s][info][gc,phases      ] GC(927)   Post Evacuate Collection Set: 0.33ms
[381.641s][info][gc,phases      ] GC(927)   Other: 0.07ms
[381.641s][info][gc,heap        ] GC(927) Eden regions: 70->0(60)
[381.641s][info][gc,heap        ] GC(927) Survivor regions: 12->11(11)
[381.641s][info][gc,heap        ] GC(927) Old regions: 823->835
[381.641s][info][gc,heap        ] GC(927) Humongous regions: 11->11
[381.641s][info][gc,metaspace   ] GC(927) Metaspace: 18925K(19136K)->18925K(19136K) NonClass: 16263K(16384K)->16263K(16384K) Class: 2661K(2752K)->2661K(2752K)
[381.641s][info][gc             ] GC(927) Pause Young (Normal) (G1 Evacuation Pause) 915M->856M(978M) 25.360ms
[381.641s][info][gc,cpu         ] GC(927) User=0.05s Sys=0.00s Real=0.03s
[381.818s][info][gc,start       ] GC(928) Pause Young (Normal) (G1 Evacuation Pause)
[381.818s][info][gc,task        ] GC(928) Using 2 workers of 2 for evacuation
[381.843s][info][gc,phases      ] GC(928)   Pre Evacuate Collection Set: 0.31ms
[381.843s][info][gc,phases      ] GC(928)   Merge Heap Roots: 0.28ms
[381.843s][info][gc,phases      ] GC(928)   Evacuate Collection Set: 23.48ms
[381.843s][info][gc,phases      ] GC(928)   Post Evacuate Collection Set: 0.30ms
[381.843s][info][gc,phases      ] GC(928)   Other: 0.10ms
[381.843s][info][gc,heap        ] GC(928) Eden regions: 60->0(55)
[381.843s][info][gc,heap        ] GC(928) Survivor regions: 11->8(9)
[381.843s][info][gc,heap        ] GC(928) Old regions: 835->846
[381.843s][info][gc,heap        ] GC(928) Humongous regions: 11->11
[381.843s][info][gc,metaspace   ] GC(928) Metaspace: 18925K(19136K)->18925K(19136K) NonClass: 16263K(16384K)->16263K(16384K) Class: 2661K(2752K)->2661K(2752K)
[381.843s][info][gc             ] GC(928) Pause Young (Normal) (G1 Evacuation Pause) 916M->864M(978M) 24.701ms
[381.843s][info][gc,cpu         ] GC(928) User=0.05s Sys=0.00s Real=0.02s
[382.067s][info][gc,start       ] GC(929) Pause Young (Normal) (G1 Evacuation Pause)
[382.067s][info][gc,task        ] GC(929) Using 2 workers of 2 for evacuation
[382.085s][info][gc,phases      ] GC(929)   Pre Evacuate Collection Set: 0.55ms
[382.085s][info][gc,phases      ] GC(929)   Merge Heap Roots: 0.33ms
[382.085s][info][gc,phases      ] GC(929)   Evacuate Collection Set: 16.65ms
[382.085s][info][gc,phases      ] GC(929)   Post Evacuate Collection Set: 0.29ms
[382.085s][info][gc,phases      ] GC(929)   Other: 0.11ms
[382.085s][info][gc,heap        ] GC(929) Eden regions: 55->0(61)
[382.085s][info][gc,heap        ] GC(929) Survivor regions: 8->1(8)
[382.085s][info][gc,heap        ] GC(929) Old regions: 846->854
[382.085s][info][gc,heap        ] GC(929) Humongous regions: 11->11
[382.085s][info][gc,metaspace   ] GC(929) Metaspace: 18925K(19136K)->18925K(19136K) NonClass: 16263K(16384K)->16263K(16384K) Class: 2661K(2752K)->2661K(2752K)
[382.085s][info][gc             ] GC(929) Pause Young (Normal) (G1 Evacuation Pause) 919M->865M(978M) 18.163ms
[382.085s][info][gc,cpu         ] GC(929) User=0.04s Sys=0.00s Real=0.01s
[382.341s][info][gc,start       ] GC(930) Pause Young (Normal) (G1 Evacuation Pause)
[382.342s][info][gc,task        ] GC(930) Using 2 workers of 2 for evacuation
[382.343s][info][gc,phases      ] GC(930)   Pre Evacuate Collection Set: 0.33ms
[382.343s][info][gc,phases      ] GC(930)   Merge Heap Roots: 0.08ms
[382.343s][info][gc,phases      ] GC(930)   Evacuate Collection Set: 1.13ms
[382.343s][info][gc,phases      ] GC(930)   Post Evacuate Collection Set: 0.27ms
[382.343s][info][gc,phases      ] GC(930)   Other: 0.07ms
[382.343s][info][gc,heap        ] GC(930) Eden regions: 61->0(61)
[382.343s][info][gc,heap        ] GC(930) Survivor regions: 1->1(8)
[382.343s][info][gc,heap        ] GC(930) Old regions: 854->854
[382.343s][info][gc,heap        ] GC(930) Humongous regions: 11->11
[382.343s][info][gc,metaspace   ] GC(930) Metaspace: 18925K(19136K)->18925K(19136K) NonClass: 16263K(16384K)->16263K(16384K) Class: 2661K(2752K)->2661K(2752K)
[382.344s][info][gc             ] GC(930) Pause Young (Normal) (G1 Evacuation Pause) 926M->865M(978M) 2.115ms
[382.344s][info][gc,cpu         ] GC(930) User=0.00s Sys=0.00s Real=0.00s
[382.573s][info][gc,start       ] GC(931) Pause Young (Normal) (G1 Evacuation Pause)
[382.573s][info][gc,task        ] GC(931) Using 2 workers of 2 for evacuation
[382.577s][info][gc,phases      ] GC(931)   Pre Evacuate Collection Set: 0.30ms
[382.577s][info][gc,phases      ] GC(931)   Merge Heap Roots: 0.07ms
[382.577s][info][gc,phases      ] GC(931)   Evacuate Collection Set: 2.45ms
[382.577s][info][gc,phases      ] GC(931)   Post Evacuate Collection Set: 0.28ms
[382.577s][info][gc,phases      ] GC(931)   Other: 0.11ms
[382.577s][info][gc,heap        ] GC(931) Eden regions: 61->0(57)
[382.577s][info][gc,heap        ] GC(931) Survivor regions: 1->3(8)
[382.577s][info][gc,heap        ] GC(931) Old regions: 854->854
[382.577s][info][gc,heap        ] GC(931) Humongous regions: 11->11
[382.577s][info][gc,metaspace   ] GC(931) Metaspace: 18925K(19136K)->18925K(19136K) NonClass: 16263K(16384K)->16263K(16384K) Class: 2661K(2752K)->2661K(2752K)
[382.577s][info][gc             ] GC(931) Pause Young (Normal) (G1 Evacuation Pause) 926M->867M(978M) 3.413ms
[382.577s][info][gc,cpu         ] GC(931) User=0.01s Sys=0.00s Real=0.01s
[382.726s][info][gc,start       ] GC(932) Pause Young (Normal) (G1 Evacuation Pause)
[382.726s][info][gc,task        ] GC(932) Using 2 workers of 2 for evacuation
[382.735s][info][gc,phases      ] GC(932)   Pre Evacuate Collection Set: 0.30ms
[382.735s][info][gc,phases      ] GC(932)   Merge Heap Roots: 0.07ms
[382.735s][info][gc,phases      ] GC(932)   Evacuate Collection Set: 8.21ms
[382.735s][info][gc,phases      ] GC(932)   Post Evacuate Collection Set: 0.30ms
[382.735s][info][gc,phases      ] GC(932)   Other: 0.10ms
[382.735s][info][gc,heap        ] GC(932) Eden regions: 57->0(46)
[382.735s][info][gc,heap        ] GC(932) Survivor regions: 3->8(8)
[382.735s][info][gc,heap        ] GC(932) Old regions: 854->855
[382.735s][info][gc,heap        ] GC(932) Humongous regions: 11->11
[382.735s][info][gc,metaspace   ] GC(932) Metaspace: 18938K(19136K)->18938K(19136K) NonClass: 16277K(16384K)->16277K(16384K) Class: 2661K(2752K)->2661K(2752K)
[382.735s][info][gc             ] GC(932) Pause Young (Normal) (G1 Evacuation Pause) 924M->873M(978M) 9.186ms
[382.735s][info][gc,cpu         ] GC(932) User=0.01s Sys=0.00s Real=0.01s
[382.768s][info][gc,marking     ] GC(921) Concurrent Mark From Roots 2102.981ms
[382.768s][info][gc,marking     ] GC(921) Concurrent Preclean
[382.768s][info][gc,marking     ] GC(921) Concurrent Preclean 0.048ms
[382.769s][info][gc,start       ] GC(921) Pause Remark
[382.777s][info][gc             ] GC(921) Pause Remark 891M->765M(978M) 7.681ms
[382.777s][info][gc,cpu         ] GC(921) User=0.01s Sys=0.00s Real=0.01s
[382.777s][info][gc,marking     ] GC(921) Concurrent Mark 2112.029ms
[382.777s][info][gc,marking     ] GC(921) Concurrent Rebuild Remembered Sets and Scrub Regions
[382.824s][info][gc,start       ] GC(933) Pause Young (Normal) (G1 Evacuation Pause)
[382.824s][info][gc,task        ] GC(933) Using 2 workers of 2 for evacuation
[382.837s][info][gc,phases      ] GC(933)   Pre Evacuate Collection Set: 0.46ms
[382.837s][info][gc,phases      ] GC(933)   Merge Heap Roots: 0.09ms
[382.837s][info][gc,phases      ] GC(933)   Evacuate Collection Set: 11.57ms
[382.837s][info][gc,phases      ] GC(933)   Post Evacuate Collection Set: 0.29ms
[382.837s][info][gc,phases      ] GC(933)   Other: 0.07ms
[382.837s][info][gc,heap        ] GC(933) Eden regions: 46->0(170)
[382.837s][info][gc,heap        ] GC(933) Survivor regions: 8->5(7)
[382.837s][info][gc,heap        ] GC(933) Old regions: 732->740
[382.837s][info][gc,heap        ] GC(933) Humongous regions: 8->8
[382.837s][info][gc,metaspace   ] GC(933) Metaspace: 18938K(19136K)->18938K(19136K) NonClass: 16277K(16384K)->16277K(16384K) Class: 2661K(2752K)->2661K(2752K)
[382.837s][info][gc             ] GC(933) Pause Young (Normal) (G1 Evacuation Pause) 793M->751M(978M) 12.652ms
[382.837s][info][gc,cpu         ] GC(933) User=0.02s Sys=0.00s Real=0.02s
[383.129s][info][gc,start       ] GC(934) Pause Young (Normal) (G1 Evacuation Pause)
[383.129s][info][gc,task        ] GC(934) Using 2 workers of 2 for evacuation
[383.148s][info][gc,phases      ] GC(934)   Pre Evacuate Collection Set: 0.47ms
[383.148s][info][gc,phases      ] GC(934)   Merge Heap Roots: 0.12ms
[383.148s][info][gc,phases      ] GC(934)   Evacuate Collection Set: 17.31ms
[383.148s][info][gc,phases      ] GC(934)   Post Evacuate Collection Set: 0.39ms
[383.148s][info][gc,phases      ] GC(934)   Other: 0.07ms
[383.148s][info][gc,heap        ] GC(934) Eden regions: 170->0(144)
[383.148s][info][gc,heap        ] GC(934) Survivor regions: 5->18(22)
[383.148s][info][gc,heap        ] GC(934) Old regions: 740->740
[383.148s][info][gc,heap        ] GC(934) Humongous regions: 8->8
[383.148s][info][gc,metaspace   ] GC(934) Metaspace: 18940K(19136K)->18940K(19136K) NonClass: 16279K(16384K)->16279K(16384K) Class: 2661K(2752K)->2661K(2752K)
[383.148s][info][gc             ] GC(934) Pause Young (Normal) (G1 Evacuation Pause) 921M->764M(978M) 18.556ms
[383.148s][info][gc,cpu         ] GC(934) User=0.04s Sys=0.00s Real=0.02s
[383.376s][info][gc,start       ] GC(935) Pause Young (Normal) (G1 Evacuation Pause)
[383.376s][info][gc,task        ] GC(935) Using 2 workers of 2 for evacuation
[383.411s][info][gc,phases      ] GC(935)   Pre Evacuate Collection Set: 0.29ms
[383.411s][info][gc,phases      ] GC(935)   Merge Heap Roots: 0.09ms
[383.411s][info][gc,phases      ] GC(935)   Evacuate Collection Set: 34.23ms
[383.411s][info][gc,phases      ] GC(935)   Post Evacuate Collection Set: 0.38ms
[383.411s][info][gc,phases      ] GC(935)   Other: 0.10ms
[383.411s][info][gc,heap        ] GC(935) Eden regions: 144->0(126)
[383.411s][info][gc,heap        ] GC(935) Survivor regions: 18->21(21)
[383.411s][info][gc,heap        ] GC(935) Old regions: 740->752
[383.411s][info][gc,heap        ] GC(935) Humongous regions: 8->8
[383.411s][info][gc,metaspace   ] GC(935) Metaspace: 18940K(19136K)->18940K(19136K) NonClass: 16279K(16384K)->16279K(16384K) Class: 2661K(2752K)->2661K(2752K)
[383.411s][info][gc             ] GC(935) Pause Young (Normal) (G1 Evacuation Pause) 908M->780M(978M) 35.349ms
[383.412s][info][gc,cpu         ] GC(935) User=0.07s Sys=0.00s Real=0.04s
[383.544s][info][gc,marking     ] GC(921) Concurrent Rebuild Remembered Sets and Scrub Regions 767.268ms
[383.545s][info][gc,start       ] GC(921) Pause Cleanup
[383.545s][info][gc             ] GC(921) Pause Cleanup 880M->880M(978M) 0.124ms
[383.545s][info][gc,cpu         ] GC(921) User=0.00s Sys=0.00s Real=0.00s
[383.545s][info][gc,marking     ] GC(921) Concurrent Clear Claimed Marks
[383.545s][info][gc,marking     ] GC(921) Concurrent Clear Claimed Marks 0.031ms
[383.545s][info][gc,marking     ] GC(921) Concurrent Cleanup for Next Mark
[383.548s][info][gc,marking     ] GC(921) Concurrent Cleanup for Next Mark 2.833ms
[383.548s][info][gc             ] GC(921) Concurrent Mark Cycle 2942.799ms
[383.573s][info][gc,start       ] GC(936) Pause Young (Prepare Mixed) (G1 Evacuation Pause)
[383.574s][info][gc,task        ] GC(936) Using 2 workers of 2 for evacuation
[383.603s][info][gc,phases      ] GC(936)   Pre Evacuate Collection Set: 0.46ms
[383.603s][info][gc,phases      ] GC(936)   Merge Heap Roots: 0.11ms
[383.603s][info][gc,phases      ] GC(936)   Evacuate Collection Set: 28.31ms
[383.603s][info][gc,phases      ] GC(936)   Post Evacuate Collection Set: 0.39ms
[383.603s][info][gc,phases      ] GC(936)   Other: 0.10ms
[383.603s][info][gc,heap        ] GC(936) Eden regions: 126->0(132)
[383.603s][info][gc,heap        ] GC(936) Survivor regions: 21->7(19)
[383.603s][info][gc,heap        ] GC(936) Old regions: 752->774
[383.603s][info][gc,heap        ] GC(936) Humongous regions: 8->8
[383.603s][info][gc,metaspace   ] GC(936) Metaspace: 18940K(19136K)->18940K(19136K) NonClass: 16279K(16384K)->16279K(16384K) Class: 2661K(2752K)->2661K(2752K)
[383.603s][info][gc             ] GC(936) Pause Young (Prepare Mixed) (G1 Evacuation Pause) 906M->788M(978M) 29.560ms
[383.603s][info][gc,cpu         ] GC(936) User=0.06s Sys=0.00s Real=0.03s
[383.858s][info][gc,start       ] GC(937) Pause Young (Mixed) (G1 Evacuation Pause)
[383.859s][info][gc,task        ] GC(937) Using 2 workers of 2 for evacuation
[383.871s][info][gc,phases      ] GC(937)   Pre Evacuate Collection Set: 0.52ms
[383.871s][info][gc,phases      ] GC(937)   Merge Heap Roots: 0.17ms
[383.871s][info][gc,phases      ] GC(937)   Evacuate Collection Set: 11.14ms
[383.871s][info][gc,phases      ] GC(937)   Post Evacuate Collection Set: 0.39ms
[383.871s][info][gc,phases      ] GC(937)   Other: 0.10ms
[383.871s][info][gc,heap        ] GC(937) Eden regions: 132->0(161)
[383.871s][info][gc,heap        ] GC(937) Survivor regions: 7->10(18)
[383.871s][info][gc,heap        ] GC(937) Old regions: 774->739
[383.871s][info][gc,heap        ] GC(937) Humongous regions: 8->8
[383.871s][info][gc,metaspace   ] GC(937) Metaspace: 18940K(19136K)->18940K(19136K) NonClass: 16279K(16384K)->16279K(16384K) Class: 2661K(2752K)->2661K(2752K)
[383.871s][info][gc             ] GC(937) Pause Young (Mixed) (G1 Evacuation Pause) 920M->756M(978M) 12.550ms
[383.871s][info][gc,cpu         ] GC(937) User=0.02s Sys=0.00s Real=0.01s
[384.091s][info][gc,start       ] GC(938) Pause Young (Concurrent Start) (G1 Evacuation Pause)
[384.091s][info][gc,task        ] GC(938) Using 2 workers of 2 for evacuation
[384.115s][info][gc,phases      ] GC(938)   Pre Evacuate Collection Set: 0.31ms
[384.115s][info][gc,phases      ] GC(938)   Merge Heap Roots: 0.10ms
[384.115s][info][gc,phases      ] GC(938)   Evacuate Collection Set: 23.23ms
[384.115s][info][gc,phases      ] GC(938)   Post Evacuate Collection Set: 0.45ms
[384.115s][info][gc,phases      ] GC(938)   Other: 0.12ms
[384.115s][info][gc,heap        ] GC(938) Eden regions: 161->0(135)
[384.115s][info][gc,heap        ] GC(938) Survivor regions: 10->22(22)
[384.115s][info][gc,heap        ] GC(938) Old regions: 739->741
[384.115s][info][gc,heap        ] GC(938) Humongous regions: 8->8
[384.115s][info][gc,metaspace   ] GC(938) Metaspace: 18941K(19136K)->18941K(19136K) NonClass: 16279K(16384K)->16279K(16384K) Class: 2661K(2752K)->2661K(2752K)
[384.115s][info][gc             ] GC(938) Pause Young (Concurrent Start) (G1 Evacuation Pause) 917M->770M(978M) 24.438ms
[384.115s][info][gc             ] GC(939) Concurrent Mark Cycle
[384.115s][info][gc,marking     ] GC(939) Concurrent Scan Root Regions
[384.117s][info][gc,cpu         ] GC(938) User=0.05s Sys=0.00s Real=0.03s
[384.149s][info][gc,marking     ] GC(939) Concurrent Scan Root Regions 33.912ms
[384.149s][info][gc,marking     ] GC(939) Concurrent Mark
[384.149s][info][gc,marking     ] GC(939) Concurrent Mark From Roots
[384.149s][info][gc,task        ] GC(939) Using 1 workers of 1 for marking
[384.467s][info][gc,start       ] GC(940) Pause Young (Normal) (G1 Evacuation Pause)
[384.467s][info][gc,task        ] GC(940) Using 2 workers of 2 for evacuation
[384.495s][info][gc,phases      ] GC(940)   Pre Evacuate Collection Set: 0.31ms
[384.495s][info][gc,phases      ] GC(940)   Merge Heap Roots: 0.12ms
[384.495s][info][gc,phases      ] GC(940)   Evacuate Collection Set: 27.40ms
[384.495s][info][gc,phases      ] GC(940)   Post Evacuate Collection Set: 0.36ms
[384.495s][info][gc,phases      ] GC(940)   Other: 0.09ms
[384.495s][info][gc,heap        ] GC(940) Eden regions: 135->0(143)
[384.495s][info][gc,heap        ] GC(940) Survivor regions: 22->7(20)
[384.495s][info][gc,heap        ] GC(940) Old regions: 741->763
[384.495s][info][gc,heap        ] GC(940) Humongous regions: 8->8
[384.495s][info][gc,metaspace   ] GC(940) Metaspace: 18941K(19136K)->18941K(19136K) NonClass: 16280K(16384K)->16280K(16384K) Class: 2661K(2752K)->2661K(2752K)
[384.495s][info][gc             ] GC(940) Pause Young (Normal) (G1 Evacuation Pause) 905M->777M(978M) 28.509ms
[384.495s][info][gc,cpu         ] GC(940) User=0.06s Sys=0.00s Real=0.02s
[384.680s][info][gc,start       ] GC(941) Pause Young (Normal) (G1 Evacuation Pause)
[384.680s][info][gc,task        ] GC(941) Using 2 workers of 2 for evacuation
[384.730s][info][gc,phases      ] GC(941)   Pre Evacuate Collection Set: 0.28ms
[384.730s][info][gc,phases      ] GC(941)   Merge Heap Roots: 0.07ms
[384.730s][info][gc,phases      ] GC(941)   Evacuate Collection Set: 48.42ms
[384.730s][info][gc,phases      ] GC(941)   Post Evacuate Collection Set: 0.59ms
[384.730s][info][gc,phases      ] GC(941)   Other: 0.07ms
[384.730s][info][gc,heap        ] GC(941) Eden regions: 143->0(81)
[384.730s][info][gc,heap        ] GC(941) Survivor regions: 7->19(19)
[384.730s][info][gc,heap        ] GC(941) Old regions: 763->801
[384.730s][info][gc,heap        ] GC(941) Humongous regions: 8->8
[384.730s][info][gc,metaspace   ] GC(941) Metaspace: 18941K(19136K)->18941K(19136K) NonClass: 16280K(16384K)->16280K(16384K) Class: 2661K(2752K)->2661K(2752K)
[384.730s][info][gc             ] GC(941) Pause Young (Normal) (G1 Evacuation Pause) 920M->827M(978M) 49.617ms
[384.730s][info][gc,cpu         ] GC(941) User=0.10s Sys=0.01s Real=0.05s
[384.959s][info][gc,start       ] GC(942) Pause Young (Normal) (G1 Evacuation Pause)
[384.959s][info][gc,task        ] GC(942) Using 2 workers of 2 for evacuation
[385.004s][info][gc,phases      ] GC(942)   Pre Evacuate Collection Set: 0.29ms
[385.004s][info][gc,phases      ] GC(942)   Merge Heap Roots: 0.33ms
[385.004s][info][gc,phases      ] GC(942)   Evacuate Collection Set: 43.98ms
[385.004s][info][gc,phases      ] GC(942)   Post Evacuate Collection Set: 0.38ms
[385.004s][info][gc,phases      ] GC(942)   Other: 0.09ms
[385.004s][info][gc,heap        ] GC(942) Eden regions: 81->0(70)
[385.004s][info][gc,heap        ] GC(942) Survivor regions: 19->13(13)
[385.004s][info][gc,heap        ] GC(942) Old regions: 801->824
[385.004s][info][gc,heap        ] GC(942) Humongous regions: 8->8
[385.004s][info][gc,metaspace   ] GC(942) Metaspace: 18941K(19136K)->18941K(19136K) NonClass: 16280K(16384K)->16280K(16384K) Class: 2661K(2752K)->2661K(2752K)
[385.005s][info][gc             ] GC(942) Pause Young (Normal) (G1 Evacuation Pause) 908M->844M(978M) 45.308ms
[385.005s][info][gc,cpu         ] GC(942) User=0.09s Sys=0.00s Real=0.04s
[385.147s][info][gc,start       ] GC(943) Pause Young (Normal) (G1 Evacuation Pause)
[385.147s][info][gc,task        ] GC(943) Using 2 workers of 2 for evacuation
[385.165s][info][gc,phases      ] GC(943)   Pre Evacuate Collection Set: 0.49ms
[385.165s][info][gc,phases      ] GC(943)   Merge Heap Roots: 0.18ms
[385.165s][info][gc,phases      ] GC(943)   Evacuate Collection Set: 16.82ms
[385.165s][info][gc,phases      ] GC(943)   Post Evacuate Collection Set: 0.32ms
[385.165s][info][gc,phases      ] GC(943)   Other: 0.09ms
[385.165s][info][gc,heap        ] GC(943) Eden regions: 70->0(78)
[385.165s][info][gc,heap        ] GC(943) Survivor regions: 13->2(11)
[385.165s][info][gc,heap        ] GC(943) Old regions: 824->838
[385.166s][info][gc,heap        ] GC(943) Humongous regions: 8->8
[385.166s][info][gc,metaspace   ] GC(943) Metaspace: 18941K(19136K)->18941K(19136K) NonClass: 16280K(16384K)->16280K(16384K) Class: 2661K(2752K)->2661K(2752K)
[385.166s][info][gc             ] GC(943) Pause Young (Normal) (G1 Evacuation Pause) 914M->847M(978M) 18.183ms
[385.166s][info][gc,cpu         ] GC(943) User=0.03s Sys=0.00s Real=0.01s
[385.298s][info][gc,start       ] GC(944) Pause Young (Normal) (G1 Evacuation Pause)
[385.298s][info][gc,task        ] GC(944) Using 2 workers of 2 for evacuation
[385.311s][info][gc,phases      ] GC(944)   Pre Evacuate Collection Set: 0.30ms
[385.311s][info][gc,phases      ] GC(944)   Merge Heap Roots: 0.27ms
[385.311s][info][gc,phases      ] GC(944)   Evacuate Collection Set: 12.32ms
[385.311s][info][gc,phases      ] GC(944)   Post Evacuate Collection Set: 0.39ms
[385.311s][info][gc,phases      ] GC(944)   Other: 0.10ms
[385.311s][info][gc,heap        ] GC(944) Eden regions: 78->0(74)
[385.311s][info][gc,heap        ] GC(944) Survivor regions: 2->4(10)
[385.312s][info][gc,heap        ] GC(944) Old regions: 838->838
[385.312s][info][gc,heap        ] GC(944) Humongous regions: 8->8
[385.312s][info][gc,metaspace   ] GC(944) Metaspace: 18941K(19136K)->18941K(19136K) NonClass: 16280K(16384K)->16280K(16384K) Class: 2661K(2752K)->2661K(2752K)
[385.312s][info][gc             ] GC(944) Pause Young (Normal) (G1 Evacuation Pause) 925M->849M(978M) 13.598ms
[385.312s][info][gc,cpu         ] GC(944) User=0.03s Sys=0.00s Real=0.01s
[385.409s][info][gc,marking     ] GC(939) Concurrent Mark From Roots 1259.721ms
[385.409s][info][gc,marking     ] GC(939) Concurrent Preclean
[385.409s][info][gc,marking     ] GC(939) Concurrent Preclean 0.051ms
[385.409s][info][gc,start       ] GC(939) Pause Remark
[385.417s][info][gc             ] GC(939) Pause Remark 892M->623M(978M) 7.709ms
[385.417s][info][gc,cpu         ] GC(939) User=0.01s Sys=0.00s Real=0.01s
[385.420s][info][gc,marking     ] GC(939) Concurrent Mark 1271.290ms
[385.420s][info][gc,marking     ] GC(939) Concurrent Rebuild Remembered Sets and Scrub Regions
[385.485s][info][gc,start       ] GC(945) Pause Young (Normal) (G1 Evacuation Pause)
[385.485s][info][gc,task        ] GC(945) Using 2 workers of 2 for evacuation
[385.549s][info][gc,phases      ] GC(945)   Pre Evacuate Collection Set: 0.25ms
[385.549s][info][gc,phases      ] GC(945)   Merge Heap Roots: 0.63ms
[385.549s][info][gc,phases      ] GC(945)   Evacuate Collection Set: 62.41ms
[385.549s][info][gc,phases      ] GC(945)   Post Evacuate Collection Set: 0.46ms
[385.549s][info][gc,phases      ] GC(945)   Other: 0.07ms
[385.549s][info][gc,heap        ] GC(945) Eden regions: 74->0(247)
[385.549s][info][gc,heap        ] GC(945) Survivor regions: 4->10(10)
[385.549s][info][gc,heap        ] GC(945) Old regions: 573->595
[385.549s][info][gc,heap        ] GC(945) Humongous regions: 7->7
[385.549s][info][gc,metaspace   ] GC(945) Metaspace: 18941K(19136K)->18941K(19136K) NonClass: 16280K(16384K)->16280K(16384K) Class: 2661K(2752K)->2661K(2752K)
[385.549s][info][gc             ] GC(945) Pause Young (Normal) (G1 Evacuation Pause) 657M->611M(978M) 64.005ms
[385.549s][info][gc,cpu         ] GC(945) User=0.12s Sys=0.00s Real=0.07s
[385.930s][info][gc,marking     ] GC(939) Concurrent Rebuild Remembered Sets and Scrub Regions 510.184ms
[385.931s][info][gc,start       ] GC(939) Pause Cleanup
[385.931s][info][gc             ] GC(939) Pause Cleanup 854M->854M(978M) 0.136ms
[385.931s][info][gc,cpu         ] GC(939) User=0.00s Sys=0.00s Real=0.00s
[385.931s][info][gc,marking     ] GC(939) Concurrent Clear Claimed Marks
[385.931s][info][gc,marking     ] GC(939) Concurrent Clear Claimed Marks 0.037ms
[385.931s][info][gc,marking     ] GC(939) Concurrent Cleanup for Next Mark
[385.934s][info][gc,start       ] GC(946) Pause Young (Prepare Mixed) (G1 Evacuation Pause)
[385.934s][info][gc,task        ] GC(946) Using 2 workers of 2 for evacuation
[385.988s][info][gc,phases      ] GC(946)   Pre Evacuate Collection Set: 0.47ms
[385.988s][info][gc,phases      ] GC(946)   Merge Heap Roots: 0.54ms
[385.988s][info][gc,phases      ] GC(946)   Evacuate Collection Set: 52.15ms
[385.988s][info][gc,phases      ] GC(946)   Post Evacuate Collection Set: 0.64ms
[385.988s][info][gc,phases      ] GC(946)   Other: 0.08ms
[385.988s][info][gc,heap        ] GC(946) Eden regions: 247->0(231)
[385.988s][info][gc,heap        ] GC(946) Survivor regions: 10->33(33)
[385.988s][info][gc,heap        ] GC(946) Old regions: 595->598
[385.988s][info][gc,heap        ] GC(946) Humongous regions: 7->7
[385.988s][info][gc,metaspace   ] GC(946) Metaspace: 18941K(19136K)->18941K(19136K) NonClass: 16280K(16384K)->16280K(16384K) Class: 2661K(2752K)->2661K(2752K)
[385.988s][info][gc             ] GC(946) Pause Young (Prepare Mixed) (G1 Evacuation Pause) 858M->637M(978M) 54.088ms
[385.989s][info][gc,cpu         ] GC(946) User=0.10s Sys=0.00s Real=0.06s
[385.989s][info][gc,marking     ] GC(939) Concurrent Cleanup for Next Mark 57.978ms
[385.989s][info][gc             ] GC(939) Concurrent Mark Cycle 1873.976ms
[386.164s][info][gc,start       ] GC(947) Pause Young (Mixed) (G1 Evacuation Pause)
[386.165s][info][gc,task        ] GC(947) Using 2 workers of 2 for evacuation
[386.301s][info][gc,phases      ] GC(947)   Pre Evacuate Collection Set: 0.32ms
[386.301s][info][gc,phases      ] GC(947)   Merge Heap Roots: 1.50ms
[386.301s][info][gc,phases      ] GC(947)   Evacuate Collection Set: 134.20ms
[386.301s][info][gc,phases      ] GC(947)   Post Evacuate Collection Set: 0.62ms
[386.301s][info][gc,phases      ] GC(947)   Other: 0.12ms
[386.301s][info][gc,heap        ] GC(947) Eden regions: 231->0(246)
[386.301s][info][gc,heap        ] GC(947) Survivor regions: 33->33(33)
[386.301s][info][gc,heap        ] GC(947) Old regions: 598->575
[386.301s][info][gc,heap        ] GC(947) Humongous regions: 7->7
[386.301s][info][gc,metaspace   ] GC(947) Metaspace: 18941K(19136K)->18941K(19136K) NonClass: 16280K(16384K)->16280K(16384K) Class: 2661K(2752K)->2661K(2752K)
[386.301s][info][gc             ] GC(947) Pause Young (Mixed) (G1 Evacuation Pause) 868M->614M(978M) 137.012ms
[386.301s][info][gc,cpu         ] GC(947) User=0.27s Sys=0.00s Real=0.14s
[386.468s][info][gc,start       ] GC(948) Pause Young (Concurrent Start) (G1 Humongous Allocation)
[386.469s][info][gc,task        ] GC(948) Using 2 workers of 2 for evacuation
[386.517s][info][gc,phases      ] GC(948)   Pre Evacuate Collection Set: 0.31ms
[386.517s][info][gc,phases      ] GC(948)   Merge Heap Roots: 0.19ms
[386.517s][info][gc,phases      ] GC(948)   Evacuate Collection Set: 46.77ms
[386.517s][info][gc,phases      ] GC(948)   Post Evacuate Collection Set: 0.54ms
[386.517s][info][gc,phases      ] GC(948)   Other: 0.13ms
[386.517s][info][gc,heap        ] GC(948) Eden regions: 177->0(243)
[386.517s][info][gc,heap        ] GC(948) Survivor regions: 33->12(35)
[386.517s][info][gc,heap        ] GC(948) Old regions: 575->608
[386.517s][info][gc,heap        ] GC(948) Humongous regions: 7->7
[386.517s][info][gc,metaspace   ] GC(948) Metaspace: 18941K(19136K)->18941K(19136K) NonClass: 16280K(16384K)->16280K(16384K) Class: 2661K(2752K)->2661K(2752K)
[386.517s][info][gc             ] GC(948) Pause Young (Concurrent Start) (G1 Humongous Allocation) 791M->626M(978M) 48.221ms
[386.517s][info][gc             ] GC(949) Concurrent Mark Cycle
[386.517s][info][gc,marking     ] GC(949) Concurrent Scan Root Regions
[386.517s][info][gc,cpu         ] GC(948) User=0.10s Sys=0.00s Real=0.05s
[386.564s][info][gc,marking     ] GC(949) Concurrent Scan Root Regions 47.470ms
[386.564s][info][gc,marking     ] GC(949) Concurrent Mark
[386.564s][info][gc,marking     ] GC(949) Concurrent Mark From Roots
[386.564s][info][gc,task        ] GC(949) Using 1 workers of 1 for marking
[387.153s][info][gc,start       ] GC(950) Pause Young (Normal) (G1 Evacuation Pause)
[387.153s][info][gc,task        ] GC(950) Using 2 workers of 2 for evacuation
[387.210s][info][gc,phases      ] GC(950)   Pre Evacuate Collection Set: 0.28ms
[387.210s][info][gc,phases      ] GC(950)   Merge Heap Roots: 0.37ms
[387.210s][info][gc,phases      ] GC(950)   Evacuate Collection Set: 55.49ms
[387.210s][info][gc,phases      ] GC(950)   Post Evacuate Collection Set: 0.53ms
[387.210s][info][gc,phases      ] GC(950)   Other: 0.12ms
[387.210s][info][gc,heap        ] GC(950) Eden regions: 243->0(225)
[387.210s][info][gc,heap        ] GC(950) Survivor regions: 12->32(32)
[387.210s][info][gc,heap        ] GC(950) Old regions: 608->618
[387.210s][info][gc,heap        ] GC(950) Humongous regions: 8->8
[387.210s][info][gc,metaspace   ] GC(950) Metaspace: 18941K(19136K)->18941K(19136K) NonClass: 16280K(16384K)->16280K(16384K) Class: 2661K(2752K)->2661K(2752K)
[387.210s][info][gc             ] GC(950) Pause Young (Normal) (G1 Evacuation Pause) 870M->657M(978M) 57.065ms
[387.210s][info][gc,cpu         ] GC(950) User=0.11s Sys=0.00s Real=0.06s
[387.494s][info][gc,marking     ] GC(949) Concurrent Mark From Roots 929.859ms
[387.494s][info][gc,marking     ] GC(949) Concurrent Preclean
[387.494s][info][gc,marking     ] GC(949) Concurrent Preclean 0.060ms
[387.494s][info][gc,start       ] GC(949) Pause Remark
[387.502s][info][gc             ] GC(949) Pause Remark 766M->581M(978M) 7.855ms
[387.502s][info][gc,cpu         ] GC(949) User=0.01s Sys=0.00s Real=0.01s
[387.503s][info][gc,marking     ] GC(949) Concurrent Mark 939.044ms
[387.503s][info][gc,marking     ] GC(949) Concurrent Rebuild Remembered Sets and Scrub Regions
[387.668s][info][gc,start       ] GC(951) Pause Young (Normal) (G1 Evacuation Pause)
[387.668s][info][gc,task        ] GC(951) Using 2 workers of 2 for evacuation
[387.733s][info][gc,phases      ] GC(951)   Pre Evacuate Collection Set: 0.46ms
[387.733s][info][gc,phases      ] GC(951)   Merge Heap Roots: 0.44ms
[387.733s][info][gc,phases      ] GC(951)   Evacuate Collection Set: 63.04ms
[387.733s][info][gc,phases      ] GC(951)   Post Evacuate Collection Set: 0.46ms
[387.733s][info][gc,phases      ] GC(951)   Other: 0.08ms
[387.733s][info][gc,heap        ] GC(951) Eden regions: 225->0(335)
[387.733s][info][gc,heap        ] GC(951) Survivor regions: 32->22(33)
[387.733s][info][gc,heap        ] GC(951) Old regions: 436->469
[387.733s][info][gc,heap        ] GC(951) Humongous regions: 5->5
[387.733s][info][gc,metaspace   ] GC(951) Metaspace: 18941K(19136K)->18941K(19136K) NonClass: 16280K(16384K)->16280K(16384K) Class: 2661K(2752K)->2661K(2752K)
[387.733s][info][gc             ] GC(951) Pause Young (Normal) (G1 Evacuation Pause) 697M->495M(978M) 64.691ms
[387.733s][info][gc,cpu         ] GC(951) User=0.13s Sys=0.00s Real=0.06s
[387.853s][info][gc,marking     ] GC(949) Concurrent Rebuild Remembered Sets and Scrub Regions 349.668ms
[387.853s][info][gc,start       ] GC(949) Pause Cleanup
[387.853s][info][gc             ] GC(949) Pause Cleanup 566M->566M(978M) 0.140ms
[387.853s][info][gc,cpu         ] GC(949) User=0.00s Sys=0.00s Real=0.00s
[387.854s][info][gc,marking     ] GC(949) Concurrent Clear Claimed Marks
[387.854s][info][gc,marking     ] GC(949) Concurrent Clear Claimed Marks 0.040ms
[387.854s][info][gc,marking     ] GC(949) Concurrent Cleanup for Next Mark
[387.857s][info][gc,marking     ] GC(949) Concurrent Cleanup for Next Mark 2.870ms
[387.857s][info][gc             ] GC(949) Concurrent Mark Cycle 1340.585ms
[388.380s][info][gc,start       ] GC(952) Pause Young (Prepare Mixed) (G1 Evacuation Pause)
[388.380s][info][gc,task        ] GC(952) Using 2 workers of 2 for evacuation
[388.420s][info][gc,phases      ] GC(952)   Pre Evacuate Collection Set: 0.31ms
[388.420s][info][gc,phases      ] GC(952)   Merge Heap Roots: 0.24ms
[388.420s][info][gc,phases      ] GC(952)   Evacuate Collection Set: 39.16ms
[388.421s][info][gc,phases      ] GC(952)   Post Evacuate Collection Set: 0.59ms
[388.421s][info][gc,phases      ] GC(952)   Other: 0.10ms
[388.421s][info][gc,heap        ] GC(952) Eden regions: 335->0(338)
[388.421s][info][gc,heap        ] GC(952) Survivor regions: 22->38(45)
[388.421s][info][gc,heap        ] GC(952) Old regions: 469->469
[388.421s][info][gc,heap        ] GC(952) Humongous regions: 5->5
[388.421s][info][gc,metaspace   ] GC(952) Metaspace: 18945K(19136K)->18945K(19136K) NonClass: 16284K(16384K)->16284K(16384K) Class: 2661K(2752K)->2661K(2752K)
[388.421s][info][gc             ] GC(952) Pause Young (Prepare Mixed) (G1 Evacuation Pause) 830M->510M(978M) 40.671ms
[388.421s][info][gc,cpu         ] GC(952) User=0.08s Sys=0.00s Real=0.04s
[388.966s][info][gc,start       ] GC(953) Pause Young (Mixed) (G1 Evacuation Pause)
[388.966s][info][gc,task        ] GC(953) Using 2 workers of 2 for evacuation
[389.034s][info][gc,phases      ] GC(953)   Pre Evacuate Collection Set: 0.51ms
[389.034s][info][gc,phases      ] GC(953)   Merge Heap Roots: 0.41ms
[389.034s][info][gc,phases      ] GC(953)   Evacuate Collection Set: 66.88ms
[389.034s][info][gc,phases      ] GC(953)   Post Evacuate Collection Set: 0.64ms
[389.034s][info][gc,phases      ] GC(953)   Other: 0.08ms
[389.034s][info][gc,heap        ] GC(953) Eden regions: 338->0(344)
[389.034s][info][gc,heap        ] GC(953) Survivor regions: 38->44(47)
[389.034s][info][gc,heap        ] GC(953) Old regions: 469->458
[389.034s][info][gc,heap        ] GC(953) Humongous regions: 5->5
[389.034s][info][gc,metaspace   ] GC(953) Metaspace: 18945K(19136K)->18945K(19136K) NonClass: 16284K(16384K)->16284K(16384K) Class: 2661K(2752K)->2661K(2752K)
[389.035s][info][gc             ] GC(953) Pause Young (Mixed) (G1 Evacuation Pause) 848M->506M(978M) 68.716ms
[389.035s][info][gc,cpu         ] GC(953) User=0.13s Sys=0.00s Real=0.07s
[389.400s][info][gc,start       ] GC(954) Pause Young (Concurrent Start) (G1 Humongous Allocation)
[389.401s][info][gc,task        ] GC(954) Using 2 workers of 2 for evacuation
[389.488s][info][gc,phases      ] GC(954)   Pre Evacuate Collection Set: 0.31ms
[389.488s][info][gc,phases      ] GC(954)   Merge Heap Roots: 0.17ms
[389.488s][info][gc,phases      ] GC(954)   Evacuate Collection Set: 86.56ms
[389.488s][info][gc,phases      ] GC(954)   Post Evacuate Collection Set: 0.60ms
[389.488s][info][gc,phases      ] GC(954)   Other: 0.11ms
[389.488s][info][gc,heap        ] GC(954) Eden regions: 314->0(301)
[389.488s][info][gc,heap        ] GC(954) Survivor regions: 44->48(49)
[389.488s][info][gc,heap        ] GC(954) Old regions: 458->502
[389.488s][info][gc,heap        ] GC(954) Humongous regions: 5->5
[389.488s][info][gc,metaspace   ] GC(954) Metaspace: 18945K(19136K)->18945K(19136K) NonClass: 16284K(16384K)->16284K(16384K) Class: 2661K(2752K)->2661K(2752K)
[389.488s][info][gc             ] GC(954) Pause Young (Concurrent Start) (G1 Humongous Allocation) 820M->553M(978M) 87.985ms
[389.489s][info][gc,cpu         ] GC(954) User=0.17s Sys=0.00s Real=0.09s
[389.489s][info][gc             ] GC(955) Concurrent Mark Cycle
[389.489s][info][gc,marking     ] GC(955) Concurrent Scan Root Regions
[389.590s][info][gc,marking     ] GC(955) Concurrent Scan Root Regions 101.238ms
[389.590s][info][gc,marking     ] GC(955) Concurrent Mark
[389.590s][info][gc,marking     ] GC(955) Concurrent Mark From Roots
[389.590s][info][gc,task        ] GC(955) Using 1 workers of 1 for marking
[390.276s][info][gc,marking     ] GC(955) Concurrent Mark From Roots 686.138ms
[390.276s][info][gc,marking     ] GC(955) Concurrent Preclean
[390.276s][info][gc,marking     ] GC(955) Concurrent Preclean 0.041ms
[390.276s][info][gc,start       ] GC(955) Pause Remark
[390.284s][info][gc             ] GC(955) Pause Remark 808M->669M(978M) 7.699ms
[390.284s][info][gc,cpu         ] GC(955) User=0.01s Sys=0.00s Real=0.00s
[390.284s][info][gc,marking     ] GC(955) Concurrent Mark 694.216ms
[390.284s][info][gc,marking     ] GC(955) Concurrent Rebuild Remembered Sets and Scrub Regions
[390.460s][info][gc,start       ] GC(956) Pause Young (Normal) (G1 Evacuation Pause)
[390.461s][info][gc,task        ] GC(956) Using 2 workers of 2 for evacuation
[390.540s][info][gc,phases      ] GC(956)   Pre Evacuate Collection Set: 0.29ms
[390.540s][info][gc,phases      ] GC(956)   Merge Heap Roots: 0.53ms
[390.540s][info][gc,phases      ] GC(956)   Evacuate Collection Set: 78.07ms
[390.540s][info][gc,phases      ] GC(956)   Post Evacuate Collection Set: 0.59ms
[390.540s][info][gc,phases      ] GC(956)   Other: 0.09ms
[390.540s][info][gc,heap        ] GC(956) Eden regions: 301->0(400)
[390.540s][info][gc,heap        ] GC(956) Survivor regions: 48->12(44)
[390.540s][info][gc,heap        ] GC(956) Old regions: 365->412
[390.540s][info][gc,heap        ] GC(956) Humongous regions: 6->6
[390.540s][info][gc,metaspace   ] GC(956) Metaspace: 18945K(19136K)->18945K(19136K) NonClass: 16284K(16384K)->16284K(16384K) Class: 2661K(2752K)->2661K(2752K)
[390.540s][info][gc             ] GC(956) Pause Young (Normal) (G1 Evacuation Pause) 718M->429M(978M) 79.883ms
[390.540s][info][gc,cpu         ] GC(956) User=0.16s Sys=0.00s Real=0.08s
[390.625s][info][gc,marking     ] GC(955) Concurrent Rebuild Remembered Sets and Scrub Regions 340.533ms
[390.625s][info][gc,start       ] GC(955) Pause Cleanup
[390.625s][info][gc             ] GC(955) Pause Cleanup 455M->455M(978M) 0.104ms
[390.625s][info][gc,cpu         ] GC(955) User=0.00s Sys=0.00s Real=0.00s
[390.625s][info][gc,marking     ] GC(955) Concurrent Clear Claimed Marks
[390.625s][info][gc,marking     ] GC(955) Concurrent Clear Claimed Marks 0.032ms
[390.625s][info][gc,marking     ] GC(955) Concurrent Cleanup for Next Mark
[390.628s][info][gc,marking     ] GC(955) Concurrent Cleanup for Next Mark 2.864ms
[390.628s][info][gc             ] GC(955) Concurrent Mark Cycle 1139.444ms
[391.069s][info][gc,start       ] GC(957) Pause Young (Prepare Mixed) (G1 Evacuation Pause)
[391.069s][info][gc,task        ] GC(957) Using 2 workers of 2 for evacuation
[391.143s][info][gc,phases      ] GC(957)   Pre Evacuate Collection Set: 0.28ms
[391.143s][info][gc,phases      ] GC(957)   Merge Heap Roots: 0.30ms
[391.143s][info][gc,phases      ] GC(957)   Evacuate Collection Set: 72.38ms
[391.143s][info][gc,phases      ] GC(957)   Post Evacuate Collection Set: 0.79ms
[391.143s][info][gc,phases      ] GC(957)   Other: 0.13ms
[391.143s][info][gc,heap        ] GC(957) Eden regions: 400->0(331)
[391.143s][info][gc,heap        ] GC(957) Survivor regions: 12->52(52)
[391.143s][info][gc,heap        ] GC(957) Old regions: 412->438
[391.143s][info][gc,heap        ] GC(957) Humongous regions: 6->6
[391.143s][info][gc,metaspace   ] GC(957) Metaspace: 18945K(19136K)->18945K(19136K) NonClass: 16284K(16384K)->16284K(16384K) Class: 2661K(2752K)->2661K(2752K)
[391.143s][info][gc             ] GC(957) Pause Young (Prepare Mixed) (G1 Evacuation Pause) 829M->495M(978M) 74.183ms
[391.143s][info][gc,cpu         ] GC(957) User=0.15s Sys=0.01s Real=0.07s
[391.548s][info][gc,start       ] GC(958) Pause Young (Mixed) (G1 Evacuation Pause)
[391.548s][info][gc,task        ] GC(958) Using 2 workers of 2 for evacuation
[391.639s][info][gc,phases      ] GC(958)   Pre Evacuate Collection Set: 0.54ms
[391.639s][info][gc,phases      ] GC(958)   Merge Heap Roots: 0.52ms
[391.639s][info][gc,phases      ] GC(958)   Evacuate Collection Set: 88.94ms
[391.639s][info][gc,phases      ] GC(958)   Post Evacuate Collection Set: 0.69ms
[391.639s][info][gc,phases      ] GC(958)   Other: 0.10ms
[391.639s][info][gc,heap        ] GC(958) Eden regions: 331->0(345)
[391.639s][info][gc,heap        ] GC(958) Survivor regions: 52->20(48)
[391.639s][info][gc,heap        ] GC(958) Old regions: 438->467
[391.639s][info][gc,heap        ] GC(958) Humongous regions: 9->9
[391.639s][info][gc,metaspace   ] GC(958) Metaspace: 18945K(19136K)->18945K(19136K) NonClass: 16284K(16384K)->16284K(16384K) Class: 2661K(2752K)->2661K(2752K)
[391.639s][info][gc             ] GC(958) Pause Young (Mixed) (G1 Evacuation Pause) 829M->494M(978M) 91.061ms
[391.639s][info][gc,cpu         ] GC(958) User=0.18s Sys=0.00s Real=0.09s
[392.152s][info][gc,start       ] GC(959) Pause Young (Concurrent Start) (G1 Evacuation Pause)
[392.152s][info][gc,task        ] GC(959) Using 2 workers of 2 for evacuation
[392.187s][info][gc,phases      ] GC(959)   Pre Evacuate Collection Set: 0.33ms
[392.187s][info][gc,phases      ] GC(959)   Merge Heap Roots: 0.32ms
[392.187s][info][gc,phases      ] GC(959)   Evacuate Collection Set: 32.72ms
[392.187s][info][gc,phases      ] GC(959)   Post Evacuate Collection Set: 0.63ms
[392.187s][info][gc,phases      ] GC(959)   Other: 0.20ms
[392.187s][info][gc,heap        ] GC(959) Eden regions: 345->0(368)
[392.187s][info][gc,heap        ] GC(959) Survivor regions: 20->20(46)
[392.187s][info][gc,heap        ] GC(959) Old regions: 467->467
[392.187s][info][gc,heap        ] GC(959) Humongous regions: 9->9
[392.187s][info][gc,metaspace   ] GC(959) Metaspace: 18945K(19136K)->18945K(19136K) NonClass: 16284K(16384K)->16284K(16384K) Class: 2661K(2752K)->2661K(2752K)
[392.187s][info][gc             ] GC(959) Pause Young (Concurrent Start) (G1 Evacuation Pause) 839M->494M(978M) 34.468ms
[392.187s][info][gc             ] GC(960) Concurrent Mark Cycle
[392.187s][info][gc,marking     ] GC(960) Concurrent Scan Root Regions
[392.188s][info][gc,cpu         ] GC(959) User=0.07s Sys=0.00s Real=0.04s
[392.249s][info][gc,marking     ] GC(960) Concurrent Scan Root Regions 62.358ms
[392.249s][info][gc,marking     ] GC(960) Concurrent Mark
[392.249s][info][gc,marking     ] GC(960) Concurrent Mark From Roots
[392.249s][info][gc,task        ] GC(960) Using 1 workers of 1 for marking
[392.861s][info][gc,start       ] GC(961) Pause Young (Normal) (G1 Evacuation Pause)
[392.861s][info][gc,task        ] GC(961) Using 2 workers of 2 for evacuation
[392.934s][info][gc,phases      ] GC(961)   Pre Evacuate Collection Set: 0.47ms
[392.934s][info][gc,phases      ] GC(961)   Merge Heap Roots: 0.42ms
[392.934s][info][gc,phases      ] GC(961)   Evacuate Collection Set: 72.07ms
[392.934s][info][gc,phases      ] GC(961)   Post Evacuate Collection Set: 0.69ms
[392.934s][info][gc,phases      ] GC(961)   Other: 0.08ms
[392.934s][info][gc,heap        ] GC(961) Eden regions: 368->0(337)
[392.934s][info][gc,heap        ] GC(961) Survivor regions: 20->49(49)
[392.935s][info][gc,heap        ] GC(961) Old regions: 467->472
[392.935s][info][gc,heap        ] GC(961) Humongous regions: 9->9
[392.935s][info][gc,metaspace   ] GC(961) Metaspace: 18945K(19136K)->18945K(19136K) NonClass: 16284K(16384K)->16284K(16384K) Class: 2661K(2752K)->2661K(2752K)
[392.935s][info][gc             ] GC(961) Pause Young (Normal) (G1 Evacuation Pause) 862M->529M(978M) 73.955ms
[392.935s][info][gc,cpu         ] GC(961) User=0.14s Sys=0.00s Real=0.07s
[393.486s][info][gc,marking     ] GC(960) Concurrent Mark From Roots 1236.935ms
[393.486s][info][gc,marking     ] GC(960) Concurrent Preclean
[393.486s][info][gc,marking     ] GC(960) Concurrent Preclean 0.042ms
[393.487s][info][gc,start       ] GC(960) Pause Remark
[393.494s][info][gc             ] GC(960) Pause Remark 856M->854M(978M) 7.480ms
[393.494s][info][gc,cpu         ] GC(960) User=0.02s Sys=0.00s Real=0.00s
[393.494s][info][gc,marking     ] GC(960) Concurrent Mark 1244.766ms
[393.494s][info][gc,marking     ] GC(960) Concurrent Rebuild Remembered Sets and Scrub Regions
[393.508s][info][gc,start       ] GC(962) Pause Young (Normal) (G1 Evacuation Pause)
[393.508s][info][gc,task        ] GC(962) Using 2 workers of 2 for evacuation
[393.585s][info][gc,phases      ] GC(962)   Pre Evacuate Collection Set: 0.26ms
[393.585s][info][gc,phases      ] GC(962)   Merge Heap Roots: 0.35ms
[393.586s][info][gc,phases      ] GC(962)   Evacuate Collection Set: 76.12ms
[393.586s][info][gc,phases      ] GC(962)   Post Evacuate Collection Set: 0.57ms
[393.586s][info][gc,phases      ] GC(962)   Other: 0.09ms
[393.586s][info][gc,heap        ] GC(962) Eden regions: 337->0(338)
[393.586s][info][gc,heap        ] GC(962) Survivor regions: 49->13(49)
[393.586s][info][gc,heap        ] GC(962) Old regions: 472->521
[393.586s][info][gc,heap        ] GC(962) Humongous regions: 7->7
[393.586s][info][gc,metaspace   ] GC(962) Metaspace: 18945K(19136K)->18945K(19136K) NonClass: 16284K(16384K)->16284K(16384K) Class: 2661K(2752K)->2661K(2752K)
[393.586s][info][gc             ] GC(962) Pause Young (Normal) (G1 Evacuation Pause) 864M->540M(978M) 77.596ms
[393.586s][info][gc,cpu         ] GC(962) User=0.15s Sys=0.00s Real=0.07s
[393.917s][info][gc,marking     ] GC(960) Concurrent Rebuild Remembered Sets and Scrub Regions 423.329ms
[393.919s][info][gc,start       ] GC(960) Pause Cleanup
[393.919s][info][gc             ] GC(960) Pause Cleanup 708M->708M(978M) 0.113ms
[393.919s][info][gc,cpu         ] GC(960) User=0.00s Sys=0.00s Real=0.00s
[393.919s][info][gc,marking     ] GC(960) Concurrent Clear Claimed Marks
[393.919s][info][gc,marking     ] GC(960) Concurrent Clear Claimed Marks 0.047ms
[393.919s][info][gc,marking     ] GC(960) Concurrent Cleanup for Next Mark
[393.925s][info][gc,marking     ] GC(960) Concurrent Cleanup for Next Mark 5.862ms
[393.925s][info][gc             ] GC(960) Concurrent Mark Cycle 1737.976ms
[394.276s][info][gc,start       ] GC(963) Pause Young (Prepare Mixed) (G1 Evacuation Pause)
[394.276s][info][gc,task        ] GC(963) Using 2 workers of 2 for evacuation
[394.308s][info][gc,phases      ] GC(963)   Pre Evacuate Collection Set: 0.29ms
[394.308s][info][gc,phases      ] GC(963)   Merge Heap Roots: 0.32ms
[394.308s][info][gc,phases      ] GC(963)   Evacuate Collection Set: 31.21ms
[394.308s][info][gc,phases      ] GC(963)   Post Evacuate Collection Set: 0.54ms
[394.308s][info][gc,phases      ] GC(963)   Other: 0.11ms
[394.308s][info][gc,heap        ] GC(963) Eden regions: 338->0(334)
[394.308s][info][gc,heap        ] GC(963) Survivor regions: 13->28(44)
[394.308s][info][gc,heap        ] GC(963) Old regions: 521->521
[394.308s][info][gc,heap        ] GC(963) Humongous regions: 7->7
[394.308s][info][gc,metaspace   ] GC(963) Metaspace: 18945K(19136K)->18945K(19136K) NonClass: 16284K(16384K)->16284K(16384K) Class: 2661K(2752K)->2661K(2752K)
[394.308s][info][gc             ] GC(963) Pause Young (Prepare Mixed) (G1 Evacuation Pause) 878M->555M(978M) 32.669ms
[394.308s][info][gc,cpu         ] GC(963) User=0.06s Sys=0.00s Real=0.04s
[394.792s][info][gc,start       ] GC(964) Pause Young (Mixed) (G1 Evacuation Pause)
[394.792s][info][gc,task        ] GC(964) Using 2 workers of 2 for evacuation
[394.859s][info][gc,phases      ] GC(964)   Pre Evacuate Collection Set: 0.32ms
[394.859s][info][gc,phases      ] GC(964)   Merge Heap Roots: 0.31ms
[394.859s][info][gc,phases      ] GC(964)   Evacuate Collection Set: 65.26ms
[394.859s][info][gc,phases      ] GC(964)   Post Evacuate Collection Set: 0.59ms
[394.859s][info][gc,phases      ] GC(964)   Other: 0.11ms
[394.859s][info][gc,heap        ] GC(964) Eden regions: 334->0(303)
[394.859s][info][gc,heap        ] GC(964) Survivor regions: 28->46(46)
[394.859s][info][gc,heap        ] GC(964) Old regions: 521->526
[394.859s][info][gc,heap        ] GC(964) Humongous regions: 7->7
[394.859s][info][gc,metaspace   ] GC(964) Metaspace: 18945K(19136K)->18945K(19136K) NonClass: 16284K(16384K)->16284K(16384K) Class: 2661K(2752K)->2661K(2752K)
[394.859s][info][gc             ] GC(964) Pause Young (Mixed) (G1 Evacuation Pause) 889M->578M(978M) 66.867ms
[394.859s][info][gc,cpu         ] GC(964) User=0.13s Sys=0.00s Real=0.07s
[395.158s][info][gc,start       ] GC(965) Pause Young (Concurrent Start) (G1 Evacuation Pause)
[395.158s][info][gc,task        ] GC(965) Using 2 workers of 2 for evacuation
[395.210s][info][gc,phases      ] GC(965)   Pre Evacuate Collection Set: 0.35ms
[395.210s][info][gc,phases      ] GC(965)   Merge Heap Roots: 0.23ms
[395.210s][info][gc,phases      ] GC(965)   Evacuate Collection Set: 50.82ms
[395.210s][info][gc,phases      ] GC(965)   Post Evacuate Collection Set: 0.51ms
[395.210s][info][gc,phases      ] GC(965)   Other: 0.22ms
[395.210s][info][gc,heap        ] GC(965) Eden regions: 303->0(310)
[395.210s][info][gc,heap        ] GC(965) Survivor regions: 46->7(44)
[395.210s][info][gc,heap        ] GC(965) Old regions: 526->573
[395.210s][info][gc,heap        ] GC(965) Humongous regions: 7->7
[395.210s][info][gc,metaspace   ] GC(965) Metaspace: 18945K(19136K)->18945K(19136K) NonClass: 16284K(16384K)->16284K(16384K) Class: 2661K(2752K)->2661K(2752K)
[395.210s][info][gc             ] GC(965) Pause Young (Concurrent Start) (G1 Evacuation Pause) 881M->585M(978M) 52.372ms
[395.210s][info][gc,cpu         ] GC(965) User=0.10s Sys=0.00s Real=0.05s
[395.210s][info][gc             ] GC(966) Concurrent Mark Cycle
[395.212s][info][gc,marking     ] GC(966) Concurrent Scan Root Regions
[395.308s][info][gc,marking     ] GC(966) Concurrent Scan Root Regions 95.489ms
[395.308s][info][gc,marking     ] GC(966) Concurrent Mark
[395.308s][info][gc,marking     ] GC(966) Concurrent Mark From Roots
[395.308s][info][gc,task        ] GC(966) Using 1 workers of 1 for marking
[395.780s][info][gc,start       ] GC(967) Pause Young (Normal) (G1 Evacuation Pause)
[395.780s][info][gc,task        ] GC(967) Using 2 workers of 2 for evacuation
[395.815s][info][gc,phases      ] GC(967)   Pre Evacuate Collection Set: 0.52ms
[395.815s][info][gc,phases      ] GC(967)   Merge Heap Roots: 0.26ms
[395.815s][info][gc,phases      ] GC(967)   Evacuate Collection Set: 33.84ms
[395.815s][info][gc,phases      ] GC(967)   Post Evacuate Collection Set: 0.56ms
[395.815s][info][gc,phases      ] GC(967)   Other: 0.10ms
[395.816s][info][gc,heap        ] GC(967) Eden regions: 310->0(290)
[395.816s][info][gc,heap        ] GC(967) Survivor regions: 7->29(40)
[395.816s][info][gc,heap        ] GC(967) Old regions: 573->573
[395.816s][info][gc,heap        ] GC(967) Humongous regions: 7->7
[395.816s][info][gc,metaspace   ] GC(967) Metaspace: 18945K(19136K)->18945K(19136K) NonClass: 16284K(16384K)->16284K(16384K) Class: 2661K(2752K)->2661K(2752K)
[395.816s][info][gc             ] GC(967) Pause Young (Normal) (G1 Evacuation Pause) 895M->608M(978M) 35.550ms
[395.816s][info][gc,cpu         ] GC(967) User=0.06s Sys=0.00s Real=0.03s
[396.765s][info][gc,marking     ] GC(966) Concurrent Mark From Roots 1457.456ms
[396.765s][info][gc,marking     ] GC(966) Concurrent Preclean
[396.765s][info][gc,marking     ] GC(966) Concurrent Preclean 0.045ms
[396.766s][info][gc,start       ] GC(966) Pause Remark
[396.773s][info][gc             ] GC(966) Pause Remark 841M->841M(978M) 7.627ms
[396.773s][info][gc,cpu         ] GC(966) User=0.01s Sys=0.00s Real=0.01s
[396.773s][info][gc,marking     ] GC(966) Concurrent Mark 1465.443ms
[396.773s][info][gc,marking     ] GC(966) Concurrent Rebuild Remembered Sets and Scrub Regions
[397.037s][info][gc,start       ] GC(968) Pause Young (Normal) (G1 Evacuation Pause)
[397.038s][info][gc,task        ] GC(968) Using 2 workers of 2 for evacuation
[397.069s][info][gc,phases      ] GC(968)   Pre Evacuate Collection Set: 0.28ms
[397.069s][info][gc,phases      ] GC(968)   Merge Heap Roots: 0.22ms
[397.069s][info][gc,phases      ] GC(968)   Evacuate Collection Set: 29.94ms
[397.069s][info][gc,phases      ] GC(968)   Post Evacuate Collection Set: 0.49ms
[397.069s][info][gc,phases      ] GC(968)   Other: 0.11ms
[397.069s][info][gc,heap        ] GC(968) Eden regions: 290->0(303)
[397.069s][info][gc,heap        ] GC(968) Survivor regions: 29->1(40)
[397.069s][info][gc,heap        ] GC(968) Old regions: 573->602
[397.069s][info][gc,heap        ] GC(968) Humongous regions: 7->7
[397.069s][info][gc,metaspace   ] GC(968) Metaspace: 18945K(19136K)->18945K(19136K) NonClass: 16284K(16384K)->16284K(16384K) Class: 2661K(2752K)->2661K(2752K)
[397.069s][info][gc             ] GC(968) Pause Young (Normal) (G1 Evacuation Pause) 898M->609M(978M) 31.297ms
[397.069s][info][gc,cpu         ] GC(968) User=0.07s Sys=0.00s Real=0.03s
[397.355s][info][gc,marking     ] GC(966) Concurrent Rebuild Remembered Sets and Scrub Regions 581.835ms
[397.355s][info][gc,start       ] GC(966) Pause Cleanup
[397.355s][info][gc             ] GC(966) Pause Cleanup 718M->718M(978M) 0.094ms
[397.355s][info][gc,cpu         ] GC(966) User=0.00s Sys=0.00s Real=0.00s
[397.356s][info][gc,marking     ] GC(966) Concurrent Clear Claimed Marks
[397.356s][info][gc,marking     ] GC(966) Concurrent Clear Claimed Marks 0.030ms
[397.356s][info][gc,marking     ] GC(966) Concurrent Cleanup for Next Mark
[397.358s][info][gc,marking     ] GC(966) Concurrent Cleanup for Next Mark 2.801ms
[397.358s][info][gc             ] GC(966) Concurrent Mark Cycle 2148.454ms
[397.511s][info][gc,start       ] GC(969) Pause Young (Prepare Mixed) (G1 Evacuation Pause)
[397.511s][info][gc,task        ] GC(969) Using 2 workers of 2 for evacuation
[397.570s][info][gc,phases      ] GC(969)   Pre Evacuate Collection Set: 0.28ms
[397.570s][info][gc,phases      ] GC(969)   Merge Heap Roots: 0.12ms
[397.570s][info][gc,phases      ] GC(969)   Evacuate Collection Set: 57.59ms
[397.570s][info][gc,phases      ] GC(969)   Post Evacuate Collection Set: 1.29ms
[397.570s][info][gc,phases      ] GC(969)   Other: 0.08ms
[397.570s][info][gc,heap        ] GC(969) Eden regions: 303->0(199)
[397.570s][info][gc,heap        ] GC(969) Survivor regions: 1->38(38)
[397.571s][info][gc,heap        ] GC(969) Old regions: 602->639
[397.571s][info][gc,heap        ] GC(969) Humongous regions: 7->7
[397.571s][info][gc,metaspace   ] GC(969) Metaspace: 18945K(19136K)->18945K(19136K) NonClass: 16284K(16384K)->16284K(16384K) Class: 2661K(2752K)->2661K(2752K)
[397.571s][info][gc             ] GC(969) Pause Young (Prepare Mixed) (G1 Evacuation Pause) (Evacuation Failure: Allocation) 912M->683M(978M) 59.597ms
[397.571s][info][gc,cpu         ] GC(969) User=0.12s Sys=0.00s Real=0.06s
[397.869s][info][gc,start       ] GC(970) Pause Young (Mixed) (G1 Evacuation Pause)
[397.869s][info][gc,task        ] GC(970) Using 2 workers of 2 for evacuation
[397.924s][info][gc,phases      ] GC(970)   Pre Evacuate Collection Set: 0.30ms
[397.924s][info][gc,phases      ] GC(970)   Merge Heap Roots: 0.40ms
[397.924s][info][gc,phases      ] GC(970)   Evacuate Collection Set: 54.05ms
[397.924s][info][gc,phases      ] GC(970)   Post Evacuate Collection Set: 0.56ms
[397.924s][info][gc,phases      ] GC(970)   Other: 0.10ms
[397.924s][info][gc,heap        ] GC(970) Eden regions: 199->0(219)
[397.924s][info][gc,heap        ] GC(970) Survivor regions: 38->9(30)
[397.924s][info][gc,heap        ] GC(970) Old regions: 639->661
[397.924s][info][gc,heap        ] GC(970) Humongous regions: 7->7
[397.924s][info][gc,metaspace   ] GC(970) Metaspace: 18946K(19136K)->18946K(19136K) NonClass: 16285K(16384K)->16285K(16384K) Class: 2661K(2752K)->2661K(2752K)
[397.924s][info][gc             ] GC(970) Pause Young (Mixed) (G1 Evacuation Pause) 882M->676M(978M) 55.650ms
[397.924s][info][gc,cpu         ] GC(970) User=0.11s Sys=0.00s Real=0.05s
[397.932s][info][gc,start       ] GC(971) Pause Young (Concurrent Start) (G1 Humongous Allocation)
[397.932s][info][gc,task        ] GC(971) Using 2 workers of 2 for evacuation
[397.954s][info][gc,phases      ] GC(971)   Pre Evacuate Collection Set: 0.25ms
[397.954s][info][gc,phases      ] GC(971)   Merge Heap Roots: 0.22ms
[397.954s][info][gc,phases      ] GC(971)   Evacuate Collection Set: 21.50ms
[397.954s][info][gc,phases      ] GC(971)   Post Evacuate Collection Set: 0.33ms
[397.954s][info][gc,phases      ] GC(971)   Other: 0.07ms
[397.954s][info][gc,heap        ] GC(971) Eden regions: 4->0(171)
[397.954s][info][gc,heap        ] GC(971) Survivor regions: 9->11(29)
[397.954s][info][gc,heap        ] GC(971) Old regions: 661->661
[397.954s][info][gc,heap        ] GC(971) Humongous regions: 7->7
[397.954s][info][gc,metaspace   ] GC(971) Metaspace: 18946K(19136K)->18946K(19136K) NonClass: 16285K(16384K)->16285K(16384K) Class: 2661K(2752K)->2661K(2752K)
[397.954s][info][gc             ] GC(971) Pause Young (Concurrent Start) (G1 Humongous Allocation) 680M->678M(978M) 22.532ms
[397.954s][info][gc             ] GC(972) Concurrent Mark Cycle
[397.954s][info][gc,marking     ] GC(972) Concurrent Scan Root Regions
[397.956s][info][gc,cpu         ] GC(971) User=0.05s Sys=0.00s Real=0.03s
[397.982s][info][gc,marking     ] GC(972) Concurrent Scan Root Regions 27.395ms
[397.982s][info][gc,marking     ] GC(972) Concurrent Mark
[397.982s][info][gc,marking     ] GC(972) Concurrent Mark From Roots
[397.982s][info][gc,task        ] GC(972) Using 1 workers of 1 for marking
[398.501s][info][gc,start       ] GC(973) Pause Young (Normal) (G1 Evacuation Pause)
[398.501s][info][gc,task        ] GC(973) Using 2 workers of 2 for evacuation
[398.539s][info][gc,phases      ] GC(973)   Pre Evacuate Collection Set: 0.28ms
[398.539s][info][gc,phases      ] GC(973)   Merge Heap Roots: 0.34ms
[398.539s][info][gc,phases      ] GC(973)   Evacuate Collection Set: 37.15ms
[398.539s][info][gc,phases      ] GC(973)   Post Evacuate Collection Set: 0.51ms
[398.539s][info][gc,phases      ] GC(973)   Other: 0.10ms
[398.539s][info][gc,heap        ] GC(973) Eden regions: 171->0(175)
[398.539s][info][gc,heap        ] GC(973) Survivor regions: 11->21(23)
[398.539s][info][gc,heap        ] GC(973) Old regions: 661->661
[398.539s][info][gc,heap        ] GC(973) Humongous regions: 10->10
[398.539s][info][gc,metaspace   ] GC(973) Metaspace: 18946K(19136K)->18946K(19136K) NonClass: 16285K(16384K)->16285K(16384K) Class: 2661K(2752K)->2661K(2752K)
[398.539s][info][gc             ] GC(973) Pause Young (Normal) (G1 Evacuation Pause) 852M->691M(978M) 38.666ms
[398.539s][info][gc,cpu         ] GC(973) User=0.08s Sys=0.00s Real=0.04s
[399.068s][info][gc,marking     ] GC(972) Concurrent Mark From Roots 1086.669ms
[399.068s][info][gc,marking     ] GC(972) Concurrent Preclean
[399.068s][info][gc,marking     ] GC(972) Concurrent Preclean 0.052ms
[399.069s][info][gc,start       ] GC(972) Pause Remark
[399.076s][info][gc             ] GC(972) Pause Remark 858M->729M(978M) 7.808ms
[399.076s][info][gc,cpu         ] GC(972) User=0.01s Sys=0.00s Real=0.01s
[399.077s][info][gc,marking     ] GC(972) Concurrent Mark 1095.737ms
[399.077s][info][gc,marking     ] GC(972) Concurrent Rebuild Remembered Sets and Scrub Regions
[399.096s][info][gc,start       ] GC(974) Pause Young (Normal) (G1 Evacuation Pause)
[399.096s][info][gc,task        ] GC(974) Using 2 workers of 2 for evacuation
[399.135s][info][gc,phases      ] GC(974)   Pre Evacuate Collection Set: 0.25ms
[399.135s][info][gc,phases      ] GC(974)   Merge Heap Roots: 0.30ms
[399.135s][info][gc,phases      ] GC(974)   Evacuate Collection Set: 37.40ms
[399.135s][info][gc,phases      ] GC(974)   Post Evacuate Collection Set: 0.43ms
[399.135s][info][gc,phases      ] GC(974)   Other: 0.07ms
[399.135s][info][gc,heap        ] GC(974) Eden regions: 175->0(267)
[399.135s][info][gc,heap        ] GC(974) Survivor regions: 21->12(25)
[399.135s][info][gc,heap        ] GC(974) Old regions: 535->546
[399.135s][info][gc,heap        ] GC(974) Humongous regions: 7->7
[399.135s][info][gc,metaspace   ] GC(974) Metaspace: 18946K(19136K)->18946K(19136K) NonClass: 16285K(16384K)->16285K(16384K) Class: 2661K(2752K)->2661K(2752K)
[399.135s][info][gc             ] GC(974) Pause Young (Normal) (G1 Evacuation Pause) 737M->563M(978M) 38.634ms
[399.135s][info][gc,cpu         ] GC(974) User=0.08s Sys=0.00s Real=0.03s
[399.497s][info][gc,marking     ] GC(972) Concurrent Rebuild Remembered Sets and Scrub Regions 419.845ms
[399.497s][info][gc,start       ] GC(972) Pause Cleanup
[399.498s][info][gc             ] GC(972) Pause Cleanup 683M->683M(978M) 0.188ms
[399.498s][info][gc,cpu         ] GC(972) User=0.00s Sys=0.00s Real=0.00s
[399.498s][info][gc,marking     ] GC(972) Concurrent Clear Claimed Marks
[399.498s][info][gc,marking     ] GC(972) Concurrent Clear Claimed Marks 0.040ms
[399.498s][info][gc,marking     ] GC(972) Concurrent Cleanup for Next Mark
[399.504s][info][gc,marking     ] GC(972) Concurrent Cleanup for Next Mark 6.585ms
[399.504s][info][gc             ] GC(972) Concurrent Mark Cycle 1550.207ms
[399.721s][info][gc,start       ] GC(975) Pause Young (Prepare Mixed) (G1 Evacuation Pause)
[399.721s][info][gc,task        ] GC(975) Using 2 workers of 2 for evacuation
[399.745s][info][gc,phases      ] GC(975)   Pre Evacuate Collection Set: 0.30ms
[399.745s][info][gc,phases      ] GC(975)   Merge Heap Roots: 0.38ms
[399.745s][info][gc,phases      ] GC(975)   Evacuate Collection Set: 22.89ms
[399.745s][info][gc,phases      ] GC(975)   Post Evacuate Collection Set: 0.48ms
[399.745s][info][gc,phases      ] GC(975)   Other: 0.10ms
[399.745s][info][gc,heap        ] GC(975) Eden regions: 267->0(278)
[399.745s][info][gc,heap        ] GC(975) Survivor regions: 12->21(35)
[399.745s][info][gc,heap        ] GC(975) Old regions: 546->546
[399.745s][info][gc,heap        ] GC(975) Humongous regions: 7->7
[399.745s][info][gc,metaspace   ] GC(975) Metaspace: 18946K(19136K)->18946K(19136K) NonClass: 16285K(16384K)->16285K(16384K) Class: 2661K(2752K)->2661K(2752K)
[399.745s][info][gc             ] GC(975) Pause Young (Prepare Mixed) (G1 Evacuation Pause) 830M->572M(978M) 24.390ms
[399.745s][info][gc,cpu         ] GC(975) User=0.05s Sys=0.00s Real=0.02s
[400.016s][info][gc,start       ] GC(976) Pause Young (Mixed) (G1 Evacuation Pause)
[400.016s][info][gc,task        ] GC(976) Using 2 workers of 2 for evacuation
[400.107s][info][gc,phases      ] GC(976)   Pre Evacuate Collection Set: 0.52ms
[400.107s][info][gc,phases      ] GC(976)   Merge Heap Roots: 0.35ms
[400.107s][info][gc,phases      ] GC(976)   Evacuate Collection Set: 89.06ms
[400.107s][info][gc,phases      ] GC(976)   Post Evacuate Collection Set: 0.85ms
[400.107s][info][gc,phases      ] GC(976)   Other: 0.09ms
[400.107s][info][gc,heap        ] GC(976) Eden regions: 278->0(279)
[400.107s][info][gc,heap        ] GC(976) Survivor regions: 21->38(38)
[400.107s][info][gc,heap        ] GC(976) Old regions: 546->504
[400.107s][info][gc,heap        ] GC(976) Humongous regions: 7->7
[400.107s][info][gc,metaspace   ] GC(976) Metaspace: 18946K(19136K)->18946K(19136K) NonClass: 16285K(16384K)->16285K(16384K) Class: 2661K(2752K)->2661K(2752K)
[400.107s][info][gc             ] GC(976) Pause Young (Mixed) (G1 Evacuation Pause) 850M->548M(978M) 91.123ms
[400.107s][info][gc,cpu         ] GC(976) User=0.18s Sys=0.00s Real=0.10s
[400.417s][info][gc,start       ] GC(977) Pause Young (Concurrent Start) (G1 Evacuation Pause)
[400.417s][info][gc,task        ] GC(977) Using 2 workers of 2 for evacuation
[400.465s][info][gc,phases      ] GC(977)   Pre Evacuate Collection Set: 0.34ms
[400.465s][info][gc,phases      ] GC(977)   Merge Heap Roots: 0.55ms
[400.465s][info][gc,phases      ] GC(977)   Evacuate Collection Set: 46.29ms
[400.465s][info][gc,phases      ] GC(977)   Post Evacuate Collection Set: 0.51ms
[400.465s][info][gc,phases      ] GC(977)   Other: 0.11ms
[400.465s][info][gc,heap        ] GC(977) Eden regions: 279->0(301)
[400.465s][info][gc,heap        ] GC(977) Survivor regions: 38->1(40)
[400.465s][info][gc,heap        ] GC(977) Old regions: 504->543
[400.465s][info][gc,heap        ] GC(977) Humongous regions: 7->7
[400.465s][info][gc,metaspace   ] GC(977) Metaspace: 18946K(19136K)->18946K(19136K) NonClass: 16285K(16384K)->16285K(16384K) Class: 2661K(2752K)->2661K(2752K)
[400.465s][info][gc             ] GC(977) Pause Young (Concurrent Start) (G1 Evacuation Pause) 827M->550M(978M) 48.076ms
[400.465s][info][gc             ] GC(978) Concurrent Mark Cycle
[400.465s][info][gc,marking     ] GC(978) Concurrent Scan Root Regions
[400.465s][info][gc,cpu         ] GC(977) User=0.09s Sys=0.00s Real=0.04s
[400.503s][info][gc,marking     ] GC(978) Concurrent Scan Root Regions 37.535ms
[400.503s][info][gc,marking     ] GC(978) Concurrent Mark
[400.503s][info][gc,marking     ] GC(978) Concurrent Mark From Roots
[400.503s][info][gc,task        ] GC(978) Using 1 workers of 1 for marking
[401.091s][info][gc,start       ] GC(979) Pause Young (Normal) (G1 Evacuation Pause)
[401.092s][info][gc,task        ] GC(979) Using 2 workers of 2 for evacuation
[401.094s][info][gc,phases      ] GC(979)   Pre Evacuate Collection Set: 0.28ms
[401.094s][info][gc,phases      ] GC(979)   Merge Heap Roots: 0.11ms
[401.094s][info][gc,phases      ] GC(979)   Evacuate Collection Set: 1.43ms
[401.094s][info][gc,phases      ] GC(979)   Post Evacuate Collection Set: 0.45ms
[401.094s][info][gc,phases      ] GC(979)   Other: 0.10ms
[401.094s][info][gc,heap        ] GC(979) Eden regions: 301->0(320)
[401.094s][info][gc,heap        ] GC(979) Survivor regions: 1->1(38)
[401.094s][info][gc,heap        ] GC(979) Old regions: 543->543
[401.094s][info][gc,heap        ] GC(979) Humongous regions: 7->7
[401.094s][info][gc,metaspace   ] GC(979) Metaspace: 18946K(19136K)->18946K(19136K) NonClass: 16285K(16384K)->16285K(16384K) Class: 2661K(2752K)->2661K(2752K)
[401.094s][info][gc             ] GC(979) Pause Young (Normal) (G1 Evacuation Pause) 851M->550M(978M) 2.588ms
[401.094s][info][gc,cpu         ] GC(979) User=0.00s Sys=0.00s Real=0.00s
[401.302s][info][gc,marking     ] GC(978) Concurrent Mark From Roots 799.096ms
[401.302s][info][gc,marking     ] GC(978) Concurrent Preclean
[401.302s][info][gc,marking     ] GC(978) Concurrent Preclean 0.056ms
[401.302s][info][gc,start       ] GC(978) Pause Remark
[401.310s][info][gc             ] GC(978) Pause Remark 654M->505M(978M) 7.641ms
[401.310s][info][gc,cpu         ] GC(978) User=0.02s Sys=0.00s Real=0.01s
[401.310s][info][gc,marking     ] GC(978) Concurrent Mark 807.646ms
[401.310s][info][gc,marking     ] GC(978) Concurrent Rebuild Remembered Sets and Scrub Regions
[401.596s][info][gc,marking     ] GC(978) Concurrent Rebuild Remembered Sets and Scrub Regions 285.922ms
[401.596s][info][gc,start       ] GC(978) Pause Cleanup
[401.597s][info][gc             ] GC(978) Pause Cleanup 668M->668M(978M) 0.129ms
[401.597s][info][gc,cpu         ] GC(978) User=0.00s Sys=0.00s Real=0.00s
[401.597s][info][gc,marking     ] GC(978) Concurrent Clear Claimed Marks
[401.597s][info][gc,marking     ] GC(978) Concurrent Clear Claimed Marks 0.041ms
[401.597s][info][gc,marking     ] GC(978) Concurrent Cleanup for Next Mark
[401.602s][info][gc,marking     ] GC(978) Concurrent Cleanup for Next Mark 4.894ms
[401.602s][info][gc             ] GC(978) Concurrent Mark Cycle 1136.644ms
[401.650s][info][gc,start       ] GC(980) Pause Young (Prepare Mixed) (G1 Evacuation Pause)
[401.650s][info][gc,task        ] GC(980) Using 2 workers of 2 for evacuation
[401.660s][info][gc,phases      ] GC(980)   Pre Evacuate Collection Set: 0.46ms
[401.660s][info][gc,phases      ] GC(980)   Merge Heap Roots: 0.22ms
[401.660s][info][gc,phases      ] GC(980)   Evacuate Collection Set: 9.41ms
[401.660s][info][gc,phases      ] GC(980)   Post Evacuate Collection Set: 0.54ms
[401.660s][info][gc,phases      ] GC(980)   Other: 0.08ms
[401.660s][info][gc,heap        ] GC(980) Eden regions: 320->0(446)
[401.660s][info][gc,heap        ] GC(980) Survivor regions: 1->4(41)
[401.660s][info][gc,heap        ] GC(980) Old regions: 397->397
[401.660s][info][gc,heap        ] GC(980) Humongous regions: 4->4
[401.660s][info][gc,metaspace   ] GC(980) Metaspace: 18946K(19136K)->18946K(19136K) NonClass: 16285K(16384K)->16285K(16384K) Class: 2661K(2752K)->2661K(2752K)
[401.661s][info][gc             ] GC(980) Pause Young (Prepare Mixed) (G1 Evacuation Pause) 721M->404M(978M) 10.914ms
[401.661s][info][gc,cpu         ] GC(980) User=0.02s Sys=0.00s Real=0.01s
[402.065s][info][gc,start       ] GC(981) Pause Young (Mixed) (G1 Evacuation Pause)
[402.066s][info][gc,task        ] GC(981) Using 2 workers of 2 for evacuation
[402.146s][info][gc,phases      ] GC(981)   Pre Evacuate Collection Set: 0.30ms
[402.146s][info][gc,phases      ] GC(981)   Merge Heap Roots: 0.51ms
[402.146s][info][gc,phases      ] GC(981)   Evacuate Collection Set: 78.58ms
[402.146s][info][gc,phases      ] GC(981)   Post Evacuate Collection Set: 0.78ms
[402.146s][info][gc,phases      ] GC(981)   Other: 0.10ms
[402.146s][info][gc,heap        ] GC(981) Eden regions: 446->0(402)
[402.146s][info][gc,heap        ] GC(981) Survivor regions: 4->55(57)
[402.146s][info][gc,heap        ] GC(981) Old regions: 397->383
[402.146s][info][gc,heap        ] GC(981) Humongous regions: 7->7
[402.146s][info][gc,metaspace   ] GC(981) Metaspace: 18946K(19136K)->18946K(19136K) NonClass: 16285K(16384K)->16285K(16384K) Class: 2661K(2752K)->2661K(2752K)
[402.146s][info][gc             ] GC(981) Pause Young (Mixed) (G1 Evacuation Pause) 853M->444M(978M) 80.558ms
[402.146s][info][gc,cpu         ] GC(981) User=0.16s Sys=0.00s Real=0.08s
[402.540s][info][gc,start       ] GC(982) Pause Young (Concurrent Start) (G1 Evacuation Pause)
[402.540s][info][gc,task        ] GC(982) Using 2 workers of 2 for evacuation
[402.623s][info][gc,phases      ] GC(982)   Pre Evacuate Collection Set: 0.29ms
[402.623s][info][gc,phases      ] GC(982)   Merge Heap Roots: 0.43ms
[402.623s][info][gc,phases      ] GC(982)   Evacuate Collection Set: 81.18ms
[402.623s][info][gc,phases      ] GC(982)   Post Evacuate Collection Set: 0.65ms
[402.623s][info][gc,phases      ] GC(982)   Other: 0.11ms
[402.623s][info][gc,heap        ] GC(982) Eden regions: 402->0(406)
[402.623s][info][gc,heap        ] GC(982) Survivor regions: 55->13(58)
[402.623s][info][gc,heap        ] GC(982) Old regions: 383->438
[402.623s][info][gc,heap        ] GC(982) Humongous regions: 7->7
[402.623s][info][gc,metaspace   ] GC(982) Metaspace: 18948K(19136K)->18948K(19136K) NonClass: 16287K(16384K)->16287K(16384K) Class: 2661K(2752K)->2661K(2752K)
[402.623s][info][gc             ] GC(982) Pause Young (Concurrent Start) (G1 Evacuation Pause) 846M->456M(978M) 82.938ms
[402.623s][info][gc             ] GC(983) Concurrent Mark Cycle
[402.623s][info][gc,marking     ] GC(983) Concurrent Scan Root Regions
[402.625s][info][gc,cpu         ] GC(982) User=0.17s Sys=0.00s Real=0.08s
[402.717s][info][gc,marking     ] GC(983) Concurrent Scan Root Regions 93.488ms
[402.717s][info][gc,marking     ] GC(983) Concurrent Mark
[402.717s][info][gc,marking     ] GC(983) Concurrent Mark From Roots
[402.717s][info][gc,task        ] GC(983) Using 1 workers of 1 for marking
[403.122s][info][gc,marking     ] GC(983) Concurrent Mark From Roots 404.938ms
[403.122s][info][gc,marking     ] GC(983) Concurrent Preclean
[403.122s][info][gc,marking     ] GC(983) Concurrent Preclean 0.039ms
[403.122s][info][gc,start       ] GC(983) Pause Remark
[403.129s][info][gc             ] GC(983) Pause Remark 629M->507M(978M) 7.612ms
[403.129s][info][gc,cpu         ] GC(983) User=0.01s Sys=0.00s Real=0.01s
[403.130s][info][gc,marking     ] GC(983) Concurrent Mark 413.467ms
[403.130s][info][gc,marking     ] GC(983) Concurrent Rebuild Remembered Sets and Scrub Regions
[403.345s][info][gc,marking     ] GC(983) Concurrent Rebuild Remembered Sets and Scrub Regions 215.200ms
[403.345s][info][gc,start       ] GC(983) Pause Cleanup
[403.346s][info][gc             ] GC(983) Pause Cleanup 582M->582M(978M) 0.135ms
[403.346s][info][gc,cpu         ] GC(983) User=0.00s Sys=0.00s Real=0.00s
[403.346s][info][gc,marking     ] GC(983) Concurrent Clear Claimed Marks
[403.346s][info][gc,marking     ] GC(983) Concurrent Clear Claimed Marks 0.036ms
[403.346s][info][gc,marking     ] GC(983) Concurrent Cleanup for Next Mark
[403.351s][info][gc,marking     ] GC(983) Concurrent Cleanup for Next Mark 4.893ms
[403.351s][info][gc             ] GC(983) Concurrent Mark Cycle 727.642ms
[403.627s][info][gc,start       ] GC(984) Pause Young (Prepare Mixed) (G1 Evacuation Pause)
[403.627s][info][gc,task        ] GC(984) Using 2 workers of 2 for evacuation
[403.659s][info][gc,phases      ] GC(984)   Pre Evacuate Collection Set: 0.31ms
[403.659s][info][gc,phases      ] GC(984)   Merge Heap Roots: 0.30ms
[403.659s][info][gc,phases      ] GC(984)   Evacuate Collection Set: 30.44ms
[403.659s][info][gc,phases      ] GC(984)   Post Evacuate Collection Set: 0.59ms
[403.659s][info][gc,phases      ] GC(984)   Other: 0.09ms
[403.659s][info][gc,heap        ] GC(984) Eden regions: 406->0(507)
[403.659s][info][gc,heap        ] GC(984) Survivor regions: 13->27(53)
[403.659s][info][gc,heap        ] GC(984) Old regions: 319->319
[403.659s][info][gc,heap        ] GC(984) Humongous regions: 4->4
[403.659s][info][gc,metaspace   ] GC(984) Metaspace: 18948K(19136K)->18948K(19136K) NonClass: 16287K(16384K)->16287K(16384K) Class: 2661K(2752K)->2661K(2752K)
[403.659s][info][gc             ] GC(984) Pause Young (Prepare Mixed) (G1 Evacuation Pause) 740M->349M(978M) 31.977ms
[403.659s][info][gc,cpu         ] GC(984) User=0.06s Sys=0.00s Real=0.03s
[404.254s][info][gc,start       ] GC(985) Pause Young (Mixed) (G1 Evacuation Pause)
[404.254s][info][gc,task        ] GC(985) Using 2 workers of 2 for evacuation
[404.332s][info][gc,phases      ] GC(985)   Pre Evacuate Collection Set: 0.32ms
[404.332s][info][gc,phases      ] GC(985)   Merge Heap Roots: 0.42ms
[404.332s][info][gc,phases      ] GC(985)   Evacuate Collection Set: 76.68ms
[404.332s][info][gc,phases      ] GC(985)   Post Evacuate Collection Set: 0.72ms
[404.332s][info][gc,phases      ] GC(985)   Other: 0.10ms
[404.332s][info][gc,heap        ] GC(985) Eden regions: 507->0(492)
[404.332s][info][gc,heap        ] GC(985) Survivor regions: 27->67(67)
[404.332s][info][gc,heap        ] GC(985) Old regions: 319->289
[404.332s][info][gc,heap        ] GC(985) Humongous regions: 4->4
[404.332s][info][gc,metaspace   ] GC(985) Metaspace: 18948K(19136K)->18948K(19136K) NonClass: 16287K(16384K)->16287K(16384K) Class: 2661K(2752K)->2661K(2752K)
[404.332s][info][gc             ] GC(985) Pause Young (Mixed) (G1 Evacuation Pause) 856M->359M(978M) 78.551ms
[404.332s][info][gc,cpu         ] GC(985) User=0.16s Sys=0.00s Real=0.08s
[404.856s][info][gc,start       ] GC(986) Pause Young (Concurrent Start) (G1 Evacuation Pause)
[404.856s][info][gc,task        ] GC(986) Using 2 workers of 2 for evacuation
[404.938s][info][gc,phases      ] GC(986)   Pre Evacuate Collection Set: 0.32ms
[404.938s][info][gc,phases      ] GC(986)   Merge Heap Roots: 0.28ms
[404.938s][info][gc,phases      ] GC(986)   Evacuate Collection Set: 80.13ms
[404.938s][info][gc,phases      ] GC(986)   Post Evacuate Collection Set: 0.69ms
[404.938s][info][gc,phases      ] GC(986)   Other: 0.20ms
[404.938s][info][gc,heap        ] GC(986) Eden regions: 492->0(492)
[404.938s][info][gc,heap        ] GC(986) Survivor regions: 67->15(70)
[404.938s][info][gc,heap        ] GC(986) Old regions: 289->356
[404.938s][info][gc,heap        ] GC(986) Humongous regions: 4->4
[404.938s][info][gc,metaspace   ] GC(986) Metaspace: 18948K(19136K)->18948K(19136K) NonClass: 16287K(16384K)->16287K(16384K) Class: 2661K(2752K)->2661K(2752K)
[404.938s][info][gc             ] GC(986) Pause Young (Concurrent Start) (G1 Evacuation Pause) 851M->374M(978M) 81.842ms
[404.938s][info][gc             ] GC(987) Concurrent Mark Cycle
[404.938s][info][gc,marking     ] GC(987) Concurrent Scan Root Regions
[404.938s][info][gc,cpu         ] GC(986) User=0.16s Sys=0.00s Real=0.09s
[405.090s][info][gc,marking     ] GC(987) Concurrent Scan Root Regions 152.517ms
[405.091s][info][gc,marking     ] GC(987) Concurrent Mark
[405.091s][info][gc,marking     ] GC(987) Concurrent Mark From Roots
[405.091s][info][gc,task        ] GC(987) Using 1 workers of 1 for marking
[405.843s][info][gc,marking     ] GC(987) Concurrent Mark From Roots 751.928ms
[405.843s][info][gc,marking     ] GC(987) Concurrent Preclean
[405.843s][info][gc,marking     ] GC(987) Concurrent Preclean 0.042ms
[405.843s][info][gc,start       ] GC(987) Pause Remark
[405.850s][info][gc             ] GC(987) Pause Remark 645M->645M(978M) 7.558ms
[405.850s][info][gc,cpu         ] GC(987) User=0.02s Sys=0.00s Real=0.01s
[405.850s][info][gc,marking     ] GC(987) Concurrent Mark 759.884ms
[405.850s][info][gc,marking     ] GC(987) Concurrent Rebuild Remembered Sets and Scrub Regions
[406.116s][info][gc,marking     ] GC(987) Concurrent Rebuild Remembered Sets and Scrub Regions 265.830ms
[406.116s][info][gc,start       ] GC(987) Pause Cleanup
[406.117s][info][gc             ] GC(987) Pause Cleanup 720M->720M(978M) 0.098ms
[406.117s][info][gc,cpu         ] GC(987) User=0.00s Sys=0.00s Real=0.00s
[406.118s][info][gc,marking     ] GC(987) Concurrent Clear Claimed Marks
[406.118s][info][gc,marking     ] GC(987) Concurrent Clear Claimed Marks 0.056ms
[406.118s][info][gc,marking     ] GC(987) Concurrent Cleanup for Next Mark
[406.123s][info][gc,marking     ] GC(987) Concurrent Cleanup for Next Mark 4.859ms
[406.123s][info][gc             ] GC(987) Concurrent Mark Cycle 1185.324ms
[406.223s][info][gc,start       ] GC(988) Pause Young (Prepare Mixed) (G1 Evacuation Pause)
[406.223s][info][gc,task        ] GC(988) Using 2 workers of 2 for evacuation
[406.294s][info][gc,phases      ] GC(988)   Pre Evacuate Collection Set: 0.28ms
[406.295s][info][gc,phases      ] GC(988)   Merge Heap Roots: 0.32ms
[406.295s][info][gc,phases      ] GC(988)   Evacuate Collection Set: 69.60ms
[406.295s][info][gc,phases      ] GC(988)   Post Evacuate Collection Set: 0.82ms
[406.295s][info][gc,phases      ] GC(988)   Other: 0.09ms
[406.295s][info][gc,heap        ] GC(988) Eden regions: 492->0(417)
[406.295s][info][gc,heap        ] GC(988) Survivor regions: 15->64(64)
[406.295s][info][gc,heap        ] GC(988) Old regions: 356->365
[406.295s][info][gc,heap        ] GC(988) Humongous regions: 4->4
[406.295s][info][gc,metaspace   ] GC(988) Metaspace: 18948K(19136K)->18948K(19136K) NonClass: 16287K(16384K)->16287K(16384K) Class: 2661K(2752K)->2661K(2752K)
[406.295s][info][gc             ] GC(988) Pause Young (Prepare Mixed) (G1 Evacuation Pause) 866M->432M(978M) 71.367ms
[406.295s][info][gc,cpu         ] GC(988) User=0.14s Sys=0.00s Real=0.07s
[406.920s][info][gc,start       ] GC(989) Pause Young (Mixed) (G1 Evacuation Pause)
[406.920s][info][gc,task        ] GC(989) Using 2 workers of 2 for evacuation
[407.067s][info][gc,phases      ] GC(989)   Pre Evacuate Collection Set: 0.32ms
[407.067s][info][gc,phases      ] GC(989)   Merge Heap Roots: 0.34ms
[407.067s][info][gc,phases      ] GC(989)   Evacuate Collection Set: 138.58ms
[407.067s][info][gc,phases      ] GC(989)   Post Evacuate Collection Set: 7.40ms
[407.067s][info][gc,phases      ] GC(989)   Other: 0.09ms
[407.067s][info][gc,heap        ] GC(989) Eden regions: 417->0(274)
[407.067s][info][gc,heap        ] GC(989) Survivor regions: 64->61(61)
[407.067s][info][gc,heap        ] GC(989) Old regions: 365->528
[407.067s][info][gc,heap        ] GC(989) Humongous regions: 4->4
[407.067s][info][gc,metaspace   ] GC(989) Metaspace: 18948K(19136K)->18948K(19136K) NonClass: 16287K(16384K)->16287K(16384K) Class: 2661K(2752K)->2661K(2752K)
[407.067s][info][gc             ] GC(989) Pause Young (Mixed) (G1 Evacuation Pause) (Evacuation Failure: Allocation) 849M->592M(978M) 147.028ms
[407.067s][info][gc,cpu         ] GC(989) User=0.29s Sys=0.01s Real=0.15s
[407.257s][info][gc,start       ] GC(990) Pause Young (Concurrent Start) (G1 Humongous Allocation)
[407.257s][info][gc,task        ] GC(990) Using 2 workers of 2 for evacuation
[407.372s][info][gc,phases      ] GC(990)   Pre Evacuate Collection Set: 0.35ms
[407.372s][info][gc,phases      ] GC(990)   Merge Heap Roots: 0.72ms
[407.372s][info][gc,phases      ] GC(990)   Evacuate Collection Set: 112.49ms
[407.372s][info][gc,phases      ] GC(990)   Post Evacuate Collection Set: 0.90ms
[407.372s][info][gc,phases      ] GC(990)   Other: 0.10ms
[407.372s][info][gc,heap        ] GC(990) Eden regions: 189->0(313)
[407.372s][info][gc,heap        ] GC(990) Survivor regions: 61->32(42)
[407.372s][info][gc,heap        ] GC(990) Old regions: 528->509
[407.372s][info][gc,heap        ] GC(990) Humongous regions: 4->4
[407.372s][info][gc,metaspace   ] GC(990) Metaspace: 18948K(19136K)->18948K(19136K) NonClass: 16287K(16384K)->16287K(16384K) Class: 2661K(2752K)->2661K(2752K)
[407.372s][info][gc             ] GC(990) Pause Young (Concurrent Start) (G1 Humongous Allocation) 781M->544M(978M) 114.760ms
[407.372s][info][gc,cpu         ] GC(990) User=0.23s Sys=0.00s Real=0.11s
[407.372s][info][gc             ] GC(991) Concurrent Mark Cycle
[407.374s][info][gc,marking     ] GC(991) Concurrent Scan Root Regions
[407.483s][info][gc,marking     ] GC(991) Concurrent Scan Root Regions 108.730ms
[407.483s][info][gc,marking     ] GC(991) Concurrent Mark
[407.483s][info][gc,marking     ] GC(991) Concurrent Mark From Roots
[407.483s][info][gc,task        ] GC(991) Using 1 workers of 1 for marking
[408.143s][info][gc,start       ] GC(992) Pause Young (Normal) (G1 Evacuation Pause)
[408.143s][info][gc,task        ] GC(992) Using 2 workers of 2 for evacuation
[408.283s][info][gc,phases      ] GC(992)   Pre Evacuate Collection Set: 0.50ms
[408.283s][info][gc,phases      ] GC(992)   Merge Heap Roots: 0.71ms
[408.283s][info][gc,phases      ] GC(992)   Evacuate Collection Set: 137.81ms
[408.283s][info][gc,phases      ] GC(992)   Post Evacuate Collection Set: 0.72ms
[408.283s][info][gc,phases      ] GC(992)   Other: 0.09ms
[408.283s][info][gc,heap        ] GC(992) Eden regions: 313->0(251)
[408.283s][info][gc,heap        ] GC(992) Survivor regions: 32->44(44)
[408.283s][info][gc,heap        ] GC(992) Old regions: 509->563
[408.283s][info][gc,heap        ] GC(992) Humongous regions: 13->13
[408.283s][info][gc,metaspace   ] GC(992) Metaspace: 18948K(19136K)->18948K(19136K) NonClass: 16287K(16384K)->16287K(16384K) Class: 2661K(2752K)->2661K(2752K)
[408.283s][info][gc             ] GC(992) Pause Young (Normal) (G1 Evacuation Pause) 866M->619M(978M) 140.129ms
[408.283s][info][gc,cpu         ] GC(992) User=0.28s Sys=0.00s Real=0.14s
[408.290s][info][gc,marking     ] GC(991) Concurrent Mark From Roots 806.579ms
[408.290s][info][gc,marking     ] GC(991) Concurrent Preclean
[408.290s][info][gc,marking     ] GC(991) Concurrent Preclean 0.038ms
[408.290s][info][gc,start       ] GC(991) Pause Remark
[408.298s][info][gc             ] GC(991) Pause Remark 621M->546M(978M) 7.701ms
[408.298s][info][gc,cpu         ] GC(991) User=0.02s Sys=0.00s Real=0.01s
[408.298s][info][gc,marking     ] GC(991) Concurrent Mark 814.570ms
[408.298s][info][gc,marking     ] GC(991) Concurrent Rebuild Remembered Sets and Scrub Regions
[408.626s][info][gc,marking     ] GC(991) Concurrent Rebuild Remembered Sets and Scrub Regions 328.323ms
[408.626s][info][gc,start       ] GC(991) Pause Cleanup
[408.626s][info][gc             ] GC(991) Pause Cleanup 672M->672M(978M) 0.129ms
[408.626s][info][gc,cpu         ] GC(991) User=0.00s Sys=0.00s Real=0.01s
[408.626s][info][gc,marking     ] GC(991) Concurrent Clear Claimed Marks
[408.626s][info][gc,marking     ] GC(991) Concurrent Clear Claimed Marks 0.030ms
[408.626s][info][gc,marking     ] GC(991) Concurrent Cleanup for Next Mark
[408.629s][info][gc,marking     ] GC(991) Concurrent Cleanup for Next Mark 2.801ms
[408.629s][info][gc             ] GC(991) Concurrent Mark Cycle 1257.316ms
[408.818s][info][gc,start       ] GC(993) Pause Young (Prepare Mixed) (G1 Evacuation Pause)
[408.818s][info][gc,task        ] GC(993) Using 2 workers of 2 for evacuation
[408.876s][info][gc,phases      ] GC(993)   Pre Evacuate Collection Set: 0.29ms
[408.876s][info][gc,phases      ] GC(993)   Merge Heap Roots: 0.43ms
[408.876s][info][gc,phases      ] GC(993)   Evacuate Collection Set: 56.15ms
[408.876s][info][gc,phases      ] GC(993)   Post Evacuate Collection Set: 0.51ms
[408.876s][info][gc,phases      ] GC(993)   Other: 0.11ms
[408.876s][info][gc,heap        ] GC(993) Eden regions: 251->0(313)
[408.876s][info][gc,heap        ] GC(993) Survivor regions: 44->1(37)
[408.876s][info][gc,heap        ] GC(993) Old regions: 490->534
[408.876s][info][gc,heap        ] GC(993) Humongous regions: 11->11
[408.876s][info][gc,metaspace   ] GC(993) Metaspace: 18948K(19136K)->18948K(19136K) NonClass: 16287K(16384K)->16287K(16384K) Class: 2661K(2752K)->2661K(2752K)
[408.876s][info][gc             ] GC(993) Pause Young (Prepare Mixed) (G1 Evacuation Pause) 795M->545M(978M) 57.752ms
[408.876s][info][gc,cpu         ] GC(993) User=0.12s Sys=0.00s Real=0.05s
[409.344s][info][gc,start       ] GC(994) Pause Young (Mixed) (G1 Evacuation Pause)
[409.344s][info][gc,task        ] GC(994) Using 2 workers of 2 for evacuation
[409.378s][info][gc,phases      ] GC(994)   Pre Evacuate Collection Set: 0.34ms
[409.378s][info][gc,phases      ] GC(994)   Merge Heap Roots: 0.55ms
[409.378s][info][gc,phases      ] GC(994)   Evacuate Collection Set: 32.58ms
[409.378s][info][gc,phases      ] GC(994)   Post Evacuate Collection Set: 0.55ms
[409.378s][info][gc,phases      ] GC(994)   Other: 0.12ms
[409.379s][info][gc,heap        ] GC(994) Eden regions: 313->0(383)
[409.379s][info][gc,heap        ] GC(994) Survivor regions: 1->1(40)
[409.379s][info][gc,heap        ] GC(994) Old regions: 534->464
[409.379s][info][gc,heap        ] GC(994) Humongous regions: 11->11
[409.379s][info][gc,metaspace   ] GC(994) Metaspace: 18948K(19136K)->18948K(19136K) NonClass: 16287K(16384K)->16287K(16384K) Class: 2661K(2752K)->2661K(2752K)
[409.379s][info][gc             ] GC(994) Pause Young (Mixed) (G1 Evacuation Pause) 858M->475M(978M) 34.422ms
[409.379s][info][gc,cpu         ] GC(994) User=0.06s Sys=0.00s Real=0.04s
[409.941s][info][gc,start       ] GC(995) Pause Young (Concurrent Start) (G1 Evacuation Pause)
[409.941s][info][gc,task        ] GC(995) Using 2 workers of 2 for evacuation
[409.943s][info][gc,phases      ] GC(995)   Pre Evacuate Collection Set: 0.32ms
[409.943s][info][gc,phases      ] GC(995)   Merge Heap Roots: 0.10ms
[409.943s][info][gc,phases      ] GC(995)   Evacuate Collection Set: 0.47ms
[409.943s][info][gc,phases      ] GC(995)   Post Evacuate Collection Set: 0.52ms
[409.943s][info][gc,phases      ] GC(995)   Other: 0.15ms
[409.943s][info][gc,heap        ] GC(995) Eden regions: 383->0(406)
[409.943s][info][gc,heap        ] GC(995) Survivor regions: 1->1(48)
[409.943s][info][gc,heap        ] GC(995) Old regions: 464->464
[409.943s][info][gc,heap        ] GC(995) Humongous regions: 11->11
[409.943s][info][gc,metaspace   ] GC(995) Metaspace: 18948K(19136K)->18948K(19136K) NonClass: 16287K(16384K)->16287K(16384K) Class: 2661K(2752K)->2661K(2752K)
[409.943s][info][gc             ] GC(995) Pause Young (Concurrent Start) (G1 Evacuation Pause) 858M->475M(978M) 1.818ms
[409.943s][info][gc             ] GC(996) Concurrent Mark Cycle
[409.943s][info][gc,marking     ] GC(996) Concurrent Scan Root Regions
[409.943s][info][gc,marking     ] GC(996) Concurrent Scan Root Regions 0.273ms
[409.943s][info][gc,marking     ] GC(996) Concurrent Mark
[409.943s][info][gc,marking     ] GC(996) Concurrent Mark From Roots
[409.943s][info][gc,task        ] GC(996) Using 1 workers of 1 for marking
[409.943s][info][gc,cpu         ] GC(995) User=0.00s Sys=0.00s Real=0.00s
[410.737s][info][gc,start       ] GC(997) Pause Young (Normal) (G1 Evacuation Pause)
[410.738s][info][gc,task        ] GC(997) Using 2 workers of 2 for evacuation
[410.777s][info][gc,phases      ] GC(997)   Pre Evacuate Collection Set: 0.49ms
[410.777s][info][gc,phases      ] GC(997)   Merge Heap Roots: 0.21ms
[410.777s][info][gc,phases      ] GC(997)   Evacuate Collection Set: 38.48ms
[410.778s][info][gc,phases      ] GC(997)   Post Evacuate Collection Set: 0.61ms
[410.778s][info][gc,phases      ] GC(997)   Other: 0.08ms
[410.778s][info][gc,heap        ] GC(997) Eden regions: 406->0(373)
[410.778s][info][gc,heap        ] GC(997) Survivor regions: 1->33(51)
[410.778s][info][gc,heap        ] GC(997) Old regions: 464->464
[410.778s][info][gc,heap        ] GC(997) Humongous regions: 11->11
[410.778s][info][gc,metaspace   ] GC(997) Metaspace: 18948K(19136K)->18948K(19136K) NonClass: 16287K(16384K)->16287K(16384K) Class: 2661K(2752K)->2661K(2752K)
[410.778s][info][gc             ] GC(997) Pause Young (Normal) (G1 Evacuation Pause) 881M->506M(978M) 40.126ms
[410.778s][info][gc,cpu         ] GC(997) User=0.08s Sys=0.00s Real=0.04s
[411.223s][info][gc,marking     ] GC(996) Concurrent Mark From Roots 1279.018ms
[411.223s][info][gc,marking     ] GC(996) Concurrent Preclean
[411.223s][info][gc,marking     ] GC(996) Concurrent Preclean 0.043ms
[411.223s][info][gc,start       ] GC(996) Pause Remark
[411.230s][info][gc             ] GC(996) Pause Remark 705M->701M(978M) 7.654ms
[411.230s][info][gc,cpu         ] GC(996) User=0.01s Sys=0.00s Real=0.01s
[411.231s][info][gc,marking     ] GC(996) Concurrent Mark 1287.103ms
[411.231s][info][gc,marking     ] GC(996) Concurrent Rebuild Remembered Sets and Scrub Regions
[411.555s][info][gc,marking     ] GC(996) Concurrent Rebuild Remembered Sets and Scrub Regions 323.993ms
[411.555s][info][gc,start       ] GC(996) Pause Cleanup
[411.555s][info][gc             ] GC(996) Pause Cleanup 785M->785M(978M) 0.095ms
[411.555s][info][gc,cpu         ] GC(996) User=0.00s Sys=0.00s Real=0.00s
[411.556s][info][gc,marking     ] GC(996) Concurrent Clear Claimed Marks
[411.556s][info][gc,marking     ] GC(996) Concurrent Clear Claimed Marks 0.061ms
[411.556s][info][gc,marking     ] GC(996) Concurrent Cleanup for Next Mark
[411.561s][info][gc,marking     ] GC(996) Concurrent Cleanup for Next Mark 4.910ms
[411.561s][info][gc             ] GC(996) Concurrent Mark Cycle 1617.749ms
[411.734s][info][gc,start       ] GC(998) Pause Young (Prepare Mixed) (G1 Evacuation Pause)
[411.734s][info][gc,task        ] GC(998) Using 2 workers of 2 for evacuation
[411.775s][info][gc,phases      ] GC(998)   Pre Evacuate Collection Set: 0.31ms
[411.775s][info][gc,phases      ] GC(998)   Merge Heap Roots: 0.25ms
[411.775s][info][gc,phases      ] GC(998)   Evacuate Collection Set: 39.23ms
[411.775s][info][gc,phases      ] GC(998)   Post Evacuate Collection Set: 0.60ms
[411.775s][info][gc,phases      ] GC(998)   Other: 0.11ms
[411.775s][info][gc,heap        ] GC(998) Eden regions: 373->0(382)
[411.775s][info][gc,heap        ] GC(998) Survivor regions: 33->9(51)
[411.775s][info][gc,heap        ] GC(998) Old regions: 464->496
[411.775s][info][gc,heap        ] GC(998) Humongous regions: 7->7
[411.775s][info][gc,metaspace   ] GC(998) Metaspace: 18948K(19136K)->18948K(19136K) NonClass: 16287K(16384K)->16287K(16384K) Class: 2661K(2752K)->2661K(2752K)
[411.775s][info][gc             ] GC(998) Pause Young (Prepare Mixed) (G1 Evacuation Pause) 875M->511M(978M) 40.798ms
[411.775s][info][gc,cpu         ] GC(998) User=0.08s Sys=0.00s Real=0.04s
[412.376s][info][gc,start       ] GC(999) Pause Young (Mixed) (G1 Evacuation Pause)
[412.376s][info][gc,task        ] GC(999) Using 2 workers of 2 for evacuation
[412.407s][info][gc,phases      ] GC(999)   Pre Evacuate Collection Set: 0.29ms
[412.407s][info][gc,phases      ] GC(999)   Merge Heap Roots: 0.30ms
[412.407s][info][gc,phases      ] GC(999)   Evacuate Collection Set: 29.94ms
[412.407s][info][gc,phases      ] GC(999)   Post Evacuate Collection Set: 0.59ms
[412.407s][info][gc,phases      ] GC(999)   Other: 0.12ms
[412.407s][info][gc,heap        ] GC(999) Eden regions: 382->0(382)
[412.407s][info][gc,heap        ] GC(999) Survivor regions: 9->22(49)
[412.407s][info][gc,heap        ] GC(999) Old regions: 496->487
[412.407s][info][gc,heap        ] GC(999) Humongous regions: 7->7
[412.407s][info][gc,metaspace   ] GC(999) Metaspace: 18948K(19136K)->18948K(19136K) NonClass: 16287K(16384K)->16287K(16384K) Class: 2661K(2752K)->2661K(2752K)
[412.407s][info][gc             ] GC(999) Pause Young (Mixed) (G1 Evacuation Pause) 893M->515M(978M) 31.469ms
[412.407s][info][gc,cpu         ] GC(999) User=0.06s Sys=0.01s Real=0.04s
[412.823s][info][gc,start       ] GC(1000) Pause Young (Concurrent Start) (G1 Humongous Allocation)
[412.823s][info][gc,task        ] GC(1000) Using 2 workers of 2 for evacuation
[412.906s][info][gc,phases      ] GC(1000)   Pre Evacuate Collection Set: 0.30ms
[412.906s][info][gc,phases      ] GC(1000)   Merge Heap Roots: 0.18ms
[412.906s][info][gc,phases      ] GC(1000)   Evacuate Collection Set: 81.36ms
[412.906s][info][gc,phases      ] GC(1000)   Post Evacuate Collection Set: 0.76ms
[412.906s][info][gc,phases      ] GC(1000)   Other: 0.11ms
[412.906s][info][gc,heap        ] GC(1000) Eden regions: 333->0(302)
[412.906s][info][gc,heap        ] GC(1000) Survivor regions: 22->51(51)
[412.906s][info][gc,heap        ] GC(1000) Old regions: 487->517
[412.906s][info][gc,heap        ] GC(1000) Humongous regions: 7->7
[412.906s][info][gc,metaspace   ] GC(1000) Metaspace: 18950K(19136K)->18950K(19136K) NonClass: 16289K(16384K)->16289K(16384K) Class: 2661K(2752K)->2661K(2752K)
[412.906s][info][gc             ] GC(1000) Pause Young (Concurrent Start) (G1 Humongous Allocation) 847M->574M(978M) 82.971ms
[412.906s][info][gc             ] GC(1001) Concurrent Mark Cycle
[412.906s][info][gc,marking     ] GC(1001) Concurrent Scan Root Regions
[412.908s][info][gc,cpu         ] GC(1000) User=0.17s Sys=0.00s Real=0.09s
[412.972s][info][gc,marking     ] GC(1001) Concurrent Scan Root Regions 65.656ms
[412.972s][info][gc,marking     ] GC(1001) Concurrent Mark
[412.972s][info][gc,marking     ] GC(1001) Concurrent Mark From Roots
[412.972s][info][gc,task        ] GC(1001) Using 1 workers of 1 for marking
[413.794s][info][gc,marking     ] GC(1001) Concurrent Mark From Roots 821.873ms
[413.794s][info][gc,marking     ] GC(1001) Concurrent Preclean
[413.794s][info][gc,marking     ] GC(1001) Concurrent Preclean 0.048ms
[413.794s][info][gc,start       ] GC(1001) Pause Remark
[413.802s][info][gc             ] GC(1001) Pause Remark 836M->678M(978M) 7.639ms
[413.802s][info][gc,cpu         ] GC(1001) User=0.02s Sys=0.00s Real=0.01s
[413.803s][info][gc,marking     ] GC(1001) Concurrent Mark 830.832ms
[413.803s][info][gc,marking     ] GC(1001) Concurrent Rebuild Remembered Sets and Scrub Regions
[413.905s][info][gc,start       ] GC(1002) Pause Young (Normal) (G1 Evacuation Pause)
[413.905s][info][gc,task        ] GC(1002) Using 2 workers of 2 for evacuation
[413.970s][info][gc,phases      ] GC(1002)   Pre Evacuate Collection Set: 0.28ms
[413.970s][info][gc,phases      ] GC(1002)   Merge Heap Roots: 0.37ms
[413.970s][info][gc,phases      ] GC(1002)   Evacuate Collection Set: 63.61ms
[413.970s][info][gc,phases      ] GC(1002)   Post Evacuate Collection Set: 0.50ms
[413.970s][info][gc,phases      ] GC(1002)   Other: 0.10ms
[413.970s][info][gc,heap        ] GC(1002) Eden regions: 302->0(447)
[413.970s][info][gc,heap        ] GC(1002) Survivor regions: 51->6(45)
[413.970s][info][gc,heap        ] GC(1002) Old regions: 361->412
[413.970s][info][gc,heap        ] GC(1002) Humongous regions: 8->8
[413.970s][info][gc,metaspace   ] GC(1002) Metaspace: 18950K(19136K)->18950K(19136K) NonClass: 16289K(16384K)->16289K(16384K) Class: 2661K(2752K)->2661K(2752K)
[413.970s][info][gc             ] GC(1002) Pause Young (Normal) (G1 Evacuation Pause) 721M->425M(978M) 65.125ms
[413.970s][info][gc,cpu         ] GC(1002) User=0.13s Sys=0.00s Real=0.07s
[414.138s][info][gc,marking     ] GC(1001) Concurrent Rebuild Remembered Sets and Scrub Regions 335.243ms
[414.138s][info][gc,start       ] GC(1001) Pause Cleanup
[414.138s][info][gc             ] GC(1001) Pause Cleanup 500M->500M(978M) 0.092ms
[414.138s][info][gc,cpu         ] GC(1001) User=0.00s Sys=0.00s Real=0.00s
[414.138s][info][gc,marking     ] GC(1001) Concurrent Clear Claimed Marks
[414.138s][info][gc,marking     ] GC(1001) Concurrent Clear Claimed Marks 0.029ms
[414.138s][info][gc,marking     ] GC(1001) Concurrent Cleanup for Next Mark
[414.141s][info][gc,marking     ] GC(1001) Concurrent Cleanup for Next Mark 2.792ms
[414.141s][info][gc             ] GC(1001) Concurrent Mark Cycle 1235.006ms
[414.680s][info][gc,start       ] GC(1003) Pause Young (Prepare Mixed) (G1 Evacuation Pause)
[414.680s][info][gc,task        ] GC(1003) Using 2 workers of 2 for evacuation
[414.689s][info][gc,phases      ] GC(1003)   Pre Evacuate Collection Set: 0.30ms
[414.689s][info][gc,phases      ] GC(1003)   Merge Heap Roots: 0.14ms
[414.689s][info][gc,phases      ] GC(1003)   Evacuate Collection Set: 7.71ms
[414.689s][info][gc,phases      ] GC(1003)   Post Evacuate Collection Set: 0.60ms
[414.689s][info][gc,phases      ] GC(1003)   Other: 0.11ms
[414.689s][info][gc,heap        ] GC(1003) Eden regions: 447->0(469)
[414.689s][info][gc,heap        ] GC(1003) Survivor regions: 6->6(57)
[414.689s][info][gc,heap        ] GC(1003) Old regions: 412->412
[414.689s][info][gc,heap        ] GC(1003) Humongous regions: 8->8
[414.689s][info][gc,metaspace   ] GC(1003) Metaspace: 18950K(19136K)->18950K(19136K) NonClass: 16289K(16384K)->16289K(16384K) Class: 2661K(2752K)->2661K(2752K)
[414.689s][info][gc             ] GC(1003) Pause Young (Prepare Mixed) (G1 Evacuation Pause) 872M->425M(978M) 9.107ms
[414.689s][info][gc,cpu         ] GC(1003) User=0.02s Sys=0.00s Real=0.01s
[415.186s][info][gc,start       ] GC(1004) Pause Young (Mixed) (G1 Evacuation Pause)
[415.186s][info][gc,task        ] GC(1004) Using 2 workers of 2 for evacuation
[415.226s][info][gc,phases      ] GC(1004)   Pre Evacuate Collection Set: 0.30ms
[415.226s][info][gc,phases      ] GC(1004)   Merge Heap Roots: 0.23ms
[415.226s][info][gc,phases      ] GC(1004)   Evacuate Collection Set: 38.49ms
[415.226s][info][gc,phases      ] GC(1004)   Post Evacuate Collection Set: 0.65ms
[415.226s][info][gc,phases      ] GC(1004)   Other: 0.08ms
[415.226s][info][gc,heap        ] GC(1004) Eden regions: 469->0(448)
[415.226s][info][gc,heap        ] GC(1004) Survivor regions: 6->32(60)
[415.226s][info][gc,heap        ] GC(1004) Old regions: 412->403
[415.226s][info][gc,heap        ] GC(1004) Humongous regions: 8->8
[415.226s][info][gc,metaspace   ] GC(1004) Metaspace: 18950K(19136K)->18950K(19136K) NonClass: 16289K(16384K)->16289K(16384K) Class: 2661K(2752K)->2661K(2752K)
[415.226s][info][gc             ] GC(1004) Pause Young (Mixed) (G1 Evacuation Pause) 894M->442M(978M) 40.012ms
[415.226s][info][gc,cpu         ] GC(1004) User=0.08s Sys=0.00s Real=0.04s
[415.737s][info][gc,start       ] GC(1005) Pause Young (Concurrent Start) (G1 Evacuation Pause)
[415.737s][info][gc,task        ] GC(1005) Using 2 workers of 2 for evacuation
[415.820s][info][gc,phases      ] GC(1005)   Pre Evacuate Collection Set: 0.33ms
[415.820s][info][gc,phases      ] GC(1005)   Merge Heap Roots: 0.37ms
[415.820s][info][gc,phases      ] GC(1005)   Evacuate Collection Set: 81.49ms
[415.820s][info][gc,phases      ] GC(1005)   Post Evacuate Collection Set: 0.69ms
[415.820s][info][gc,phases      ] GC(1005)   Other: 0.20ms
[415.820s][info][gc,heap        ] GC(1005) Eden regions: 448->0(386)
[415.820s][info][gc,heap        ] GC(1005) Survivor regions: 32->60(60)
[415.820s][info][gc,heap        ] GC(1005) Old regions: 403->414
[415.820s][info][gc,heap        ] GC(1005) Humongous regions: 8->8
[415.820s][info][gc,metaspace   ] GC(1005) Metaspace: 18950K(19136K)->18950K(19136K) NonClass: 16289K(16384K)->16289K(16384K) Class: 2661K(2752K)->2661K(2752K)
[415.820s][info][gc             ] GC(1005) Pause Young (Concurrent Start) (G1 Evacuation Pause) 890M->481M(978M) 83.323ms
[415.820s][info][gc,cpu         ] GC(1005) User=0.17s Sys=0.00s Real=0.08s
[415.820s][info][gc             ] GC(1006) Concurrent Mark Cycle
[415.820s][info][gc,marking     ] GC(1006) Concurrent Scan Root Regions
[415.939s][info][gc,marking     ] GC(1006) Concurrent Scan Root Regions 118.669ms
[415.939s][info][gc,marking     ] GC(1006) Concurrent Mark
[415.939s][info][gc,marking     ] GC(1006) Concurrent Mark From Roots
[415.939s][info][gc,task        ] GC(1006) Using 1 workers of 1 for marking
[416.489s][info][gc,start       ] GC(1007) Pause Young (Normal) (G1 Evacuation Pause)
[416.489s][info][gc,task        ] GC(1007) Using 2 workers of 2 for evacuation
[416.599s][info][gc,phases      ] GC(1007)   Pre Evacuate Collection Set: 0.50ms
[416.600s][info][gc,phases      ] GC(1007)   Merge Heap Roots: 0.35ms
[416.600s][info][gc,phases      ] GC(1007)   Evacuate Collection Set: 108.90ms
[416.600s][info][gc,phases      ] GC(1007)   Post Evacuate Collection Set: 0.65ms
[416.600s][info][gc,phases      ] GC(1007)   Other: 0.11ms
[416.600s][info][gc,heap        ] GC(1007) Eden regions: 386->0(340)
[416.600s][info][gc,heap        ] GC(1007) Survivor regions: 60->48(56)
[416.600s][info][gc,heap        ] GC(1007) Old regions: 414->474
[416.600s][info][gc,heap        ] GC(1007) Humongous regions: 8->8
[416.600s][info][gc,metaspace   ] GC(1007) Metaspace: 18951K(19136K)->18951K(19136K) NonClass: 16290K(16384K)->16290K(16384K) Class: 2661K(2752K)->2661K(2752K)
[416.600s][info][gc             ] GC(1007) Pause Young (Normal) (G1 Evacuation Pause) 867M->529M(978M) 110.759ms
[416.600s][info][gc,cpu         ] GC(1007) User=0.22s Sys=0.00s Real=0.11s
[416.690s][info][gc,marking     ] GC(1006) Concurrent Mark From Roots 751.252ms
[416.690s][info][gc,marking     ] GC(1006) Concurrent Preclean
[416.690s][info][gc,marking     ] GC(1006) Concurrent Preclean 0.043ms
[416.690s][info][gc,start       ] GC(1006) Pause Remark
[416.698s][info][gc             ] GC(1006) Pause Remark 585M->501M(978M) 7.532ms
[416.698s][info][gc,cpu         ] GC(1006) User=0.01s Sys=0.00s Real=0.01s
[416.698s][info][gc,marking     ] GC(1006) Concurrent Mark 759.114ms
[416.698s][info][gc,marking     ] GC(1006) Concurrent Rebuild Remembered Sets and Scrub Regions
[416.981s][info][gc,marking     ] GC(1006) Concurrent Rebuild Remembered Sets and Scrub Regions 282.594ms
[416.981s][info][gc,start       ] GC(1006) Pause Cleanup
[416.981s][info][gc             ] GC(1006) Pause Cleanup 689M->689M(978M) 0.095ms
[416.981s][info][gc,cpu         ] GC(1006) User=0.00s Sys=0.00s Real=0.00s
[416.981s][info][gc,marking     ] GC(1006) Concurrent Clear Claimed Marks
[416.981s][info][gc,marking     ] GC(1006) Concurrent Clear Claimed Marks 0.031ms
[416.981s][info][gc,marking     ] GC(1006) Concurrent Cleanup for Next Mark
[416.984s][info][gc,marking     ] GC(1006) Concurrent Cleanup for Next Mark 2.829ms
[416.984s][info][gc             ] GC(1006) Concurrent Mark Cycle 1163.735ms
[417.067s][info][gc,start       ] GC(1008) Pause Young (Prepare Mixed) (G1 Evacuation Pause)
[417.067s][info][gc,task        ] GC(1008) Using 2 workers of 2 for evacuation
[417.136s][info][gc,phases      ] GC(1008)   Pre Evacuate Collection Set: 0.47ms
[417.136s][info][gc,phases      ] GC(1008)   Merge Heap Roots: 0.49ms
[417.136s][info][gc,phases      ] GC(1008)   Evacuate Collection Set: 67.59ms
[417.136s][info][gc,phases      ] GC(1008)   Post Evacuate Collection Set: 0.56ms
[417.136s][info][gc,phases      ] GC(1008)   Other: 0.09ms
[417.136s][info][gc,heap        ] GC(1008) Eden regions: 340->0(409)
[417.136s][info][gc,heap        ] GC(1008) Survivor regions: 48->15(49)
[417.136s][info][gc,heap        ] GC(1008) Old regions: 393->441
[417.136s][info][gc,heap        ] GC(1008) Humongous regions: 5->5
[417.136s][info][gc,metaspace   ] GC(1008) Metaspace: 18951K(19136K)->18951K(19136K) NonClass: 16290K(16384K)->16290K(16384K) Class: 2661K(2752K)->2661K(2752K)
[417.136s][info][gc             ] GC(1008) Pause Young (Prepare Mixed) (G1 Evacuation Pause) 785M->460M(978M) 69.399ms
[417.136s][info][gc,cpu         ] GC(1008) User=0.14s Sys=0.00s Real=0.06s
[417.481s][info][gc,start       ] GC(1009) Pause Young (Mixed) (G1 Evacuation Pause)
[417.481s][info][gc,task        ] GC(1009) Using 2 workers of 2 for evacuation
[417.559s][info][gc,phases      ] GC(1009)   Pre Evacuate Collection Set: 0.50ms
[417.559s][info][gc,phases      ] GC(1009)   Merge Heap Roots: 0.23ms
[417.559s][info][gc,phases      ] GC(1009)   Evacuate Collection Set: 76.30ms
[417.559s][info][gc,phases      ] GC(1009)   Post Evacuate Collection Set: 0.83ms
[417.559s][info][gc,phases      ] GC(1009)   Other: 0.10ms
[417.559s][info][gc,heap        ] GC(1009) Eden regions: 409->0(353)
[417.559s][info][gc,heap        ] GC(1009) Survivor regions: 15->53(53)
[417.559s][info][gc,heap        ] GC(1009) Old regions: 441->439
[417.559s][info][gc,heap        ] GC(1009) Humongous regions: 5->5
[417.559s][info][gc,metaspace   ] GC(1009) Metaspace: 18959K(19136K)->18959K(19136K) NonClass: 16298K(16384K)->16298K(16384K) Class: 2661K(2752K)->2661K(2752K)
[417.559s][info][gc             ] GC(1009) Pause Young (Mixed) (G1 Evacuation Pause) 869M->496M(978M) 78.201ms
[417.559s][info][gc,cpu         ] GC(1009) User=0.15s Sys=0.00s Real=0.08s
[418.051s][info][gc,start       ] GC(1010) Pause Young (Concurrent Start) (G1 Evacuation Pause)
[418.052s][info][gc,task        ] GC(1010) Using 2 workers of 2 for evacuation
[418.126s][info][gc,phases      ] GC(1010)   Pre Evacuate Collection Set: 0.32ms
[418.126s][info][gc,phases      ] GC(1010)   Merge Heap Roots: 0.40ms
[418.126s][info][gc,phases      ] GC(1010)   Evacuate Collection Set: 72.66ms
[418.126s][info][gc,phases      ] GC(1010)   Post Evacuate Collection Set: 0.60ms
[418.126s][info][gc,phases      ] GC(1010)   Other: 0.18ms
[418.126s][info][gc,heap        ] GC(1010) Eden regions: 353->0(350)
[418.126s][info][gc,heap        ] GC(1010) Survivor regions: 53->18(51)
[418.126s][info][gc,heap        ] GC(1010) Old regions: 439->493
[418.126s][info][gc,heap        ] GC(1010) Humongous regions: 5->5
[418.126s][info][gc,metaspace   ] GC(1010) Metaspace: 18959K(19136K)->18959K(19136K) NonClass: 16298K(16384K)->16298K(16384K) Class: 2661K(2752K)->2661K(2752K)
[418.126s][info][gc             ] GC(1010) Pause Young (Concurrent Start) (G1 Evacuation Pause) 849M->514M(978M) 74.430ms
[418.126s][info][gc,cpu         ] GC(1010) User=0.15s Sys=0.00s Real=0.07s
[418.126s][info][gc             ] GC(1011) Concurrent Mark Cycle
[418.126s][info][gc,marking     ] GC(1011) Concurrent Scan Root Regions
[418.228s][info][gc,marking     ] GC(1011) Concurrent Scan Root Regions 102.345ms
[418.228s][info][gc,marking     ] GC(1011) Concurrent Mark
[418.228s][info][gc,marking     ] GC(1011) Concurrent Mark From Roots
[418.228s][info][gc,task        ] GC(1011) Using 1 workers of 1 for marking
[418.479s][info][gc,start       ] GC(1012) Pause Young (Normal) (G1 Evacuation Pause)
[418.480s][info][gc,task        ] GC(1012) Using 2 workers of 2 for evacuation
[418.514s][info][gc,phases      ] GC(1012)   Pre Evacuate Collection Set: 0.46ms
[418.514s][info][gc,phases      ] GC(1012)   Merge Heap Roots: 0.29ms
[418.514s][info][gc,phases      ] GC(1012)   Evacuate Collection Set: 32.87ms
[418.514s][info][gc,phases      ] GC(1012)   Post Evacuate Collection Set: 0.56ms
[418.514s][info][gc,phases      ] GC(1012)   Other: 0.11ms
[418.514s][info][gc,heap        ] GC(1012) Eden regions: 350->0(357)
[418.514s][info][gc,heap        ] GC(1012) Survivor regions: 18->28(46)
[418.514s][info][gc,heap        ] GC(1012) Old regions: 493->493
[418.514s][info][gc,heap        ] GC(1012) Humongous regions: 5->5
[418.514s][info][gc,metaspace   ] GC(1012) Metaspace: 18961K(19136K)->18961K(19136K) NonClass: 16300K(16384K)->16300K(16384K) Class: 2661K(2752K)->2661K(2752K)
[418.514s][info][gc             ] GC(1012) Pause Young (Normal) (G1 Evacuation Pause) 864M->525M(978M) 34.499ms
[418.514s][info][gc,cpu         ] GC(1012) User=0.06s Sys=0.00s Real=0.03s
[419.343s][info][gc,marking     ] GC(1011) Concurrent Mark From Roots 1114.524ms
[419.343s][info][gc,marking     ] GC(1011) Concurrent Preclean
[419.343s][info][gc,marking     ] GC(1011) Concurrent Preclean 0.045ms
[419.343s][info][gc,start       ] GC(1011) Pause Remark
[419.351s][info][gc             ] GC(1011) Pause Remark 729M->729M(978M) 7.524ms
[419.351s][info][gc,cpu         ] GC(1011) User=0.02s Sys=0.00s Real=0.01s
[419.352s][info][gc,marking     ] GC(1011) Concurrent Mark 1123.406ms
[419.352s][info][gc,marking     ] GC(1011) Concurrent Rebuild Remembered Sets and Scrub Regions
[419.596s][info][gc,start       ] GC(1013) Pause Young (Normal) (G1 Evacuation Pause)
[419.596s][info][gc,task        ] GC(1013) Using 2 workers of 2 for evacuation
[419.691s][info][gc,phases      ] GC(1013)   Pre Evacuate Collection Set: 0.48ms
[419.691s][info][gc,phases      ] GC(1013)   Merge Heap Roots: 0.59ms
[419.691s][info][gc,phases      ] GC(1013)   Evacuate Collection Set: 92.61ms
[419.691s][info][gc,phases      ] GC(1013)   Post Evacuate Collection Set: 0.71ms
[419.691s][info][gc,phases      ] GC(1013)   Other: 0.09ms
[419.691s][info][gc,heap        ] GC(1013) Eden regions: 357->0(302)
[419.691s][info][gc,heap        ] GC(1013) Survivor regions: 28->49(49)
[419.691s][info][gc,heap        ] GC(1013) Old regions: 493->519
[419.691s][info][gc,heap        ] GC(1013) Humongous regions: 8->8
[419.691s][info][gc,metaspace   ] GC(1013) Metaspace: 18961K(19136K)->18961K(19136K) NonClass: 16300K(16384K)->16300K(16384K) Class: 2661K(2752K)->2661K(2752K)
[419.691s][info][gc             ] GC(1013) Pause Young (Normal) (G1 Evacuation Pause) 885M->575M(978M) 94.737ms
[419.691s][info][gc,cpu         ] GC(1013) User=0.19s Sys=0.00s Real=0.09s
[419.951s][info][gc,marking     ] GC(1011) Concurrent Rebuild Remembered Sets and Scrub Regions 599.108ms
[419.951s][info][gc,start       ] GC(1011) Pause Cleanup
[419.951s][info][gc             ] GC(1011) Pause Cleanup 770M->770M(978M) 0.091ms
[419.951s][info][gc,cpu         ] GC(1011) User=0.00s Sys=0.00s Real=0.00s
[419.952s][info][gc,marking     ] GC(1011) Concurrent Clear Claimed Marks
[419.952s][info][gc,marking     ] GC(1011) Concurrent Clear Claimed Marks 0.055ms
[419.952s][info][gc,marking     ] GC(1011) Concurrent Cleanup for Next Mark
[419.959s][info][gc,marking     ] GC(1011) Concurrent Cleanup for Next Mark 6.372ms
[419.959s][info][gc             ] GC(1011) Concurrent Mark Cycle 1832.747ms
[420.084s][info][gc,start       ] GC(1014) Pause Young (Prepare Mixed) (G1 Evacuation Pause)
[420.084s][info][gc,task        ] GC(1014) Using 2 workers of 2 for evacuation
[420.153s][info][gc,phases      ] GC(1014)   Pre Evacuate Collection Set: 0.31ms
[420.153s][info][gc,phases      ] GC(1014)   Merge Heap Roots: 0.46ms
[420.153s][info][gc,phases      ] GC(1014)   Evacuate Collection Set: 67.04ms
[420.153s][info][gc,phases      ] GC(1014)   Post Evacuate Collection Set: 0.54ms
[420.153s][info][gc,phases      ] GC(1014)   Other: 0.09ms
[420.153s][info][gc,heap        ] GC(1014) Eden regions: 302->0(310)
[420.153s][info][gc,heap        ] GC(1014) Survivor regions: 49->6(44)
[420.153s][info][gc,heap        ] GC(1014) Old regions: 519->569
[420.153s][info][gc,heap        ] GC(1014) Humongous regions: 8->8
[420.153s][info][gc,metaspace   ] GC(1014) Metaspace: 18964K(19136K)->18964K(19136K) NonClass: 16303K(16384K)->16303K(16384K) Class: 2661K(2752K)->2661K(2752K)
[420.153s][info][gc             ] GC(1014) Pause Young (Prepare Mixed) (G1 Evacuation Pause) 877M->582M(978M) 68.729ms
[420.153s][info][gc,cpu         ] GC(1014) User=0.13s Sys=0.00s Real=0.07s
[420.501s][info][gc,start       ] GC(1015) Pause Young (Mixed) (G1 Evacuation Pause)
[420.501s][info][gc,task        ] GC(1015) Using 2 workers of 2 for evacuation
[420.521s][info][gc,phases      ] GC(1015)   Pre Evacuate Collection Set: 0.31ms
[420.521s][info][gc,phases      ] GC(1015)   Merge Heap Roots: 0.21ms
[420.521s][info][gc,phases      ] GC(1015)   Evacuate Collection Set: 18.08ms
[420.521s][info][gc,phases      ] GC(1015)   Post Evacuate Collection Set: 0.56ms
[420.521s][info][gc,phases      ] GC(1015)   Other: 0.12ms
[420.521s][info][gc,heap        ] GC(1015) Eden regions: 310->0(322)
[420.521s][info][gc,heap        ] GC(1015) Survivor regions: 6->14(40)
[420.521s][info][gc,heap        ] GC(1015) Old regions: 569->558
[420.521s][info][gc,heap        ] GC(1015) Humongous regions: 8->8
[420.521s][info][gc,metaspace   ] GC(1015) Metaspace: 18964K(19136K)->18964K(19136K) NonClass: 16303K(16384K)->16303K(16384K) Class: 2661K(2752K)->2661K(2752K)
[420.521s][info][gc             ] GC(1015) Pause Young (Mixed) (G1 Evacuation Pause) 892M->579M(978M) 19.536ms
[420.521s][info][gc,cpu         ] GC(1015) User=0.04s Sys=0.00s Real=0.02s
[421.229s][info][gc,start       ] GC(1016) Pause Young (Concurrent Start) (G1 Evacuation Pause)
[421.230s][info][gc,task        ] GC(1016) Using 2 workers of 2 for evacuation
[421.250s][info][gc,phases      ] GC(1016)   Pre Evacuate Collection Set: 0.32ms
[421.250s][info][gc,phases      ] GC(1016)   Merge Heap Roots: 0.29ms
[421.250s][info][gc,phases      ] GC(1016)   Evacuate Collection Set: 19.25ms
[421.250s][info][gc,phases      ] GC(1016)   Post Evacuate Collection Set: 0.54ms
[421.250s][info][gc,phases      ] GC(1016)   Other: 0.13ms
[421.250s][info][gc,heap        ] GC(1016) Eden regions: 322->0(334)
[421.250s][info][gc,heap        ] GC(1016) Survivor regions: 14->14(42)
[421.250s][info][gc,heap        ] GC(1016) Old regions: 558->558
[421.250s][info][gc,heap        ] GC(1016) Humongous regions: 8->8
[421.250s][info][gc,metaspace   ] GC(1016) Metaspace: 18965K(19136K)->18965K(19136K) NonClass: 16304K(16384K)->16304K(16384K) Class: 2661K(2752K)->2661K(2752K)
[421.250s][info][gc             ] GC(1016) Pause Young (Concurrent Start) (G1 Evacuation Pause) 901M->579M(978M) 20.783ms
[421.250s][info][gc             ] GC(1017) Concurrent Mark Cycle
[421.250s][info][gc,marking     ] GC(1017) Concurrent Scan Root Regions
[421.250s][info][gc,cpu         ] GC(1016) User=0.04s Sys=0.00s Real=0.02s
[421.278s][info][gc,marking     ] GC(1017) Concurrent Scan Root Regions 27.417ms
[421.278s][info][gc,marking     ] GC(1017) Concurrent Mark
[421.278s][info][gc,marking     ] GC(1017) Concurrent Mark From Roots
[421.278s][info][gc,task        ] GC(1017) Using 1 workers of 1 for marking
[422.783s][info][gc,marking     ] GC(1017) Concurrent Mark From Roots 1505.303ms
[422.783s][info][gc,marking     ] GC(1017) Concurrent Preclean
[422.783s][info][gc,marking     ] GC(1017) Concurrent Preclean 0.043ms
[422.783s][info][gc,start       ] GC(1017) Pause Remark
[422.791s][info][gc             ] GC(1017) Pause Remark 812M->811M(978M) 7.661ms
[422.791s][info][gc,cpu         ] GC(1017) User=0.01s Sys=0.00s Real=0.01s
[422.791s][info][gc,marking     ] GC(1017) Concurrent Mark 1513.300ms
[422.791s][info][gc,marking     ] GC(1017) Concurrent Rebuild Remembered Sets and Scrub Regions
[423.084s][info][gc,start       ] GC(1018) Pause Young (Normal) (G1 Evacuation Pause)
[423.085s][info][gc,task        ] GC(1018) Using 2 workers of 2 for evacuation
[423.124s][info][gc,phases      ] GC(1018)   Pre Evacuate Collection Set: 0.26ms
[423.124s][info][gc,phases      ] GC(1018)   Merge Heap Roots: 0.31ms
[423.124s][info][gc,phases      ] GC(1018)   Evacuate Collection Set: 38.63ms
[423.124s][info][gc,phases      ] GC(1018)   Post Evacuate Collection Set: 0.55ms
[423.124s][info][gc,phases      ] GC(1018)   Other: 0.09ms
[423.124s][info][gc,heap        ] GC(1018) Eden regions: 334->0(293)
[423.125s][info][gc,heap        ] GC(1018) Survivor regions: 14->35(44)
[423.125s][info][gc,heap        ] GC(1018) Old regions: 558->558
[423.125s][info][gc,heap        ] GC(1018) Humongous regions: 7->7
[423.125s][info][gc,metaspace   ] GC(1018) Metaspace: 18965K(19136K)->18965K(19136K) NonClass: 16304K(16384K)->16304K(16384K) Class: 2661K(2752K)->2661K(2752K)
[423.125s][info][gc             ] GC(1018) Pause Young (Normal) (G1 Evacuation Pause) 912M->599M(978M) 40.092ms
[423.125s][info][gc,cpu         ] GC(1018) User=0.08s Sys=0.00s Real=0.04s
[423.272s][info][gc,marking     ] GC(1017) Concurrent Rebuild Remembered Sets and Scrub Regions 481.144ms
[423.272s][info][gc,start       ] GC(1017) Pause Cleanup
[423.272s][info][gc             ] GC(1017) Pause Cleanup 649M->649M(978M) 0.104ms
[423.272s][info][gc,cpu         ] GC(1017) User=0.00s Sys=0.00s Real=0.00s
[423.273s][info][gc,marking     ] GC(1017) Concurrent Clear Claimed Marks
[423.273s][info][gc,marking     ] GC(1017) Concurrent Clear Claimed Marks 0.039ms
[423.273s][info][gc,marking     ] GC(1017) Concurrent Cleanup for Next Mark
[423.276s][info][gc,marking     ] GC(1017) Concurrent Cleanup for Next Mark 2.836ms
[423.276s][info][gc             ] GC(1017) Concurrent Mark Cycle 2025.870ms
[423.918s][info][gc,start       ] GC(1019) Pause Young (Prepare Mixed) (G1 Evacuation Pause)
[423.918s][info][gc,task        ] GC(1019) Using 2 workers of 2 for evacuation
[423.957s][info][gc,phases      ] GC(1019)   Pre Evacuate Collection Set: 0.52ms
[423.957s][info][gc,phases      ] GC(1019)   Merge Heap Roots: 0.34ms
[423.957s][info][gc,phases      ] GC(1019)   Evacuate Collection Set: 37.48ms
[423.957s][info][gc,phases      ] GC(1019)   Post Evacuate Collection Set: 0.50ms
[423.957s][info][gc,phases      ] GC(1019)   Other: 0.09ms
[423.957s][info][gc,heap        ] GC(1019) Eden regions: 293->0(322)
[423.957s][info][gc,heap        ] GC(1019) Survivor regions: 35->2(41)
[423.957s][info][gc,heap        ] GC(1019) Old regions: 558->593
[423.957s][info][gc,heap        ] GC(1019) Humongous regions: 7->7
[423.957s][info][gc,metaspace   ] GC(1019) Metaspace: 18968K(19136K)->18968K(19136K) NonClass: 16307K(16384K)->16307K(16384K) Class: 2661K(2752K)->2661K(2752K)
[423.957s][info][gc             ] GC(1019) Pause Young (Prepare Mixed) (G1 Evacuation Pause) 892M->600M(978M) 39.152ms
[423.957s][info][gc,cpu         ] GC(1019) User=0.08s Sys=0.00s Real=0.04s
[425.012s][info][gc,start       ] GC(1020) Pause Young (Mixed) (G1 Evacuation Pause)
[425.012s][info][gc,task        ] GC(1020) Using 2 workers of 2 for evacuation
[425.019s][info][gc,phases      ] GC(1020)   Pre Evacuate Collection Set: 0.29ms
[425.019s][info][gc,phases      ] GC(1020)   Merge Heap Roots: 0.18ms
[425.019s][info][gc,phases      ] GC(1020)   Evacuate Collection Set: 5.84ms
[425.019s][info][gc,phases      ] GC(1020)   Post Evacuate Collection Set: 0.53ms
[425.019s][info][gc,phases      ] GC(1020)   Other: 0.08ms
[425.019s][info][gc,heap        ] GC(1020) Eden regions: 322->0(330)
[425.019s][info][gc,heap        ] GC(1020) Survivor regions: 2->3(41)
[425.019s][info][gc,heap        ] GC(1020) Old regions: 593->585
[425.019s][info][gc,heap        ] GC(1020) Humongous regions: 7->7
[425.019s][info][gc,metaspace   ] GC(1020) Metaspace: 18973K(19136K)->18973K(19136K) NonClass: 16312K(16384K)->16312K(16384K) Class: 2661K(2752K)->2661K(2752K)
[425.019s][info][gc             ] GC(1020) Pause Young (Mixed) (G1 Evacuation Pause) 922M->594M(978M) 7.118ms
[425.019s][info][gc,cpu         ] GC(1020) User=0.02s Sys=0.00s Real=0.01s
[425.461s][info][gc,start       ] GC(1021) Pause Young (Concurrent Start) (G1 Evacuation Pause)
[425.461s][info][gc,task        ] GC(1021) Using 2 workers of 2 for evacuation
[425.547s][info][gc,phases      ] GC(1021)   Pre Evacuate Collection Set: 0.32ms
[425.547s][info][gc,phases      ] GC(1021)   Merge Heap Roots: 0.13ms
[425.547s][info][gc,phases      ] GC(1021)   Evacuate Collection Set: 75.25ms
[425.547s][info][gc,phases      ] GC(1021)   Post Evacuate Collection Set: 9.41ms
[425.547s][info][gc,phases      ] GC(1021)   Other: 0.13ms
[425.547s][info][gc,heap        ] GC(1021) Eden regions: 330->0(130)
[425.547s][info][gc,heap        ] GC(1021) Survivor regions: 3->42(42)
[425.547s][info][gc,heap        ] GC(1021) Old regions: 585->707
[425.547s][info][gc,heap        ] GC(1021) Humongous regions: 7->7
[425.547s][info][gc,metaspace   ] GC(1021) Metaspace: 18976K(19136K)->18976K(19136K) NonClass: 16315K(16384K)->16315K(16384K) Class: 2661K(2752K)->2661K(2752K)
[425.547s][info][gc             ] GC(1021) Pause Young (Concurrent Start) (G1 Evacuation Pause) (Evacuation Failure: Allocation) 924M->755M(978M) 85.450ms
[425.547s][info][gc,cpu         ] GC(1021) User=0.16s Sys=0.00s Real=0.09s
[425.547s][info][gc             ] GC(1022) Concurrent Mark Cycle
[425.549s][info][gc,marking     ] GC(1022) Concurrent Scan Root Regions
[425.675s][info][gc,marking     ] GC(1022) Concurrent Scan Root Regions 125.515ms
[425.675s][info][gc,marking     ] GC(1022) Concurrent Mark
[425.675s][info][gc,marking     ] GC(1022) Concurrent Mark From Roots
[425.675s][info][gc,task        ] GC(1022) Using 1 workers of 1 for marking
[425.783s][info][gc,start       ] GC(1023) Pause Young (Normal) (G1 Evacuation Pause)
[425.783s][info][gc,task        ] GC(1023) Using 2 workers of 2 for evacuation
[425.898s][info][gc,phases      ] GC(1023)   Pre Evacuate Collection Set: 0.35ms
[425.898s][info][gc,phases      ] GC(1023)   Merge Heap Roots: 0.31ms
[425.898s][info][gc,phases      ] GC(1023)   Evacuate Collection Set: 104.77ms
[425.898s][info][gc,phases      ] GC(1023)   Post Evacuate Collection Set: 8.63ms
[425.898s][info][gc,phases      ] GC(1023)   Other: 0.09ms
[425.898s][info][gc,heap        ] GC(1023) Eden regions: 130->0(109)
[425.898s][info][gc,heap        ] GC(1023) Survivor regions: 42->22(22)
[425.898s][info][gc,heap        ] GC(1023) Old regions: 707->768
[425.898s][info][gc,heap        ] GC(1023) Humongous regions: 7->7
[425.898s][info][gc,metaspace   ] GC(1023) Metaspace: 18977K(19136K)->18977K(19136K) NonClass: 16316K(16384K)->16316K(16384K) Class: 2661K(2752K)->2661K(2752K)
[425.898s][info][gc             ] GC(1023) Pause Young (Normal) (G1 Evacuation Pause) (Evacuation Failure: Allocation) 885M->796M(978M) 114.384ms
[425.898s][info][gc,cpu         ] GC(1023) User=0.23s Sys=0.00s Real=0.12s
[426.176s][info][gc,start       ] GC(1024) Pause Young (Normal) (G1 Evacuation Pause)
[426.176s][info][gc,task        ] GC(1024) Using 2 workers of 2 for evacuation
[426.267s][info][gc,phases      ] GC(1024)   Pre Evacuate Collection Set: 0.34ms
[426.267s][info][gc,phases      ] GC(1024)   Merge Heap Roots: 0.34ms
[426.267s][info][gc,phases      ] GC(1024)   Evacuate Collection Set: 84.23ms
[426.267s][info][gc,phases      ] GC(1024)   Post Evacuate Collection Set: 5.14ms
[426.267s][info][gc,phases      ] GC(1024)   Other: 0.09ms
[426.267s][info][gc,heap        ] GC(1024) Eden regions: 109->0(110)
[426.267s][info][gc,heap        ] GC(1024) Survivor regions: 22->17(17)
[426.267s][info][gc,heap        ] GC(1024) Old regions: 768->776
[426.267s][info][gc,heap        ] GC(1024) Humongous regions: 8->8
[426.267s][info][gc,metaspace   ] GC(1024) Metaspace: 18977K(19136K)->18977K(19136K) NonClass: 16316K(16384K)->16316K(16384K) Class: 2661K(2752K)->2661K(2752K)
[426.267s][info][gc             ] GC(1024) Pause Young (Normal) (G1 Evacuation Pause) (Evacuation Failure: Allocation) 906M->800M(978M) 90.407ms
[426.267s][info][gc,cpu         ] GC(1024) User=0.18s Sys=0.00s Real=0.09s
[426.465s][info][gc,start       ] GC(1025) Pause Young (Normal) (G1 Evacuation Pause)
[426.466s][info][gc,task        ] GC(1025) Using 2 workers of 2 for evacuation
[426.523s][info][gc,phases      ] GC(1025)   Pre Evacuate Collection Set: 0.30ms
[426.523s][info][gc,phases      ] GC(1025)   Merge Heap Roots: 0.51ms
[426.523s][info][gc,phases      ] GC(1025)   Evacuate Collection Set: 55.54ms
[426.523s][info][gc,phases      ] GC(1025)   Post Evacuate Collection Set: 0.62ms
[426.523s][info][gc,phases      ] GC(1025)   Other: 0.08ms
[426.523s][info][gc,heap        ] GC(1025) Eden regions: 110->0(147)
[426.523s][info][gc,heap        ] GC(1025) Survivor regions: 17->8(16)
[426.523s][info][gc,heap        ] GC(1025) Old regions: 776->752
[426.523s][info][gc,heap        ] GC(1025) Humongous regions: 8->8
[426.523s][info][gc,metaspace   ] GC(1025) Metaspace: 18977K(19136K)->18977K(19136K) NonClass: 16316K(16384K)->16316K(16384K) Class: 2661K(2752K)->2661K(2752K)
[426.523s][info][gc             ] GC(1025) Pause Young (Normal) (G1 Evacuation Pause) 910M->767M(978M) 57.333ms
[426.523s][info][gc,cpu         ] GC(1025) User=0.11s Sys=0.00s Real=0.06s
[426.857s][info][gc,start       ] GC(1026) Pause Young (Normal) (G1 Evacuation Pause)
[426.857s][info][gc,task        ] GC(1026) Using 2 workers of 2 for evacuation
[426.928s][info][gc,phases      ] GC(1026)   Pre Evacuate Collection Set: 0.31ms
[426.928s][info][gc,phases      ] GC(1026)   Merge Heap Roots: 0.72ms
[426.928s][info][gc,phases      ] GC(1026)   Evacuate Collection Set: 68.69ms
[426.928s][info][gc,phases      ] GC(1026)   Post Evacuate Collection Set: 0.76ms
[426.928s][info][gc,phases      ] GC(1026)   Other: 0.08ms
[426.928s][info][gc,heap        ] GC(1026) Eden regions: 147->0(111)
[426.928s][info][gc,heap        ] GC(1026) Survivor regions: 8->20(20)
[426.928s][info][gc,heap        ] GC(1026) Old regions: 752->766
[426.928s][info][gc,heap        ] GC(1026) Humongous regions: 11->11
[426.928s][info][gc,metaspace   ] GC(1026) Metaspace: 18978K(19136K)->18978K(19136K) NonClass: 16317K(16384K)->16317K(16384K) Class: 2661K(2752K)->2661K(2752K)
[426.928s][info][gc             ] GC(1026) Pause Young (Normal) (G1 Evacuation Pause) 917M->796M(978M) 70.854ms
[426.928s][info][gc,cpu         ] GC(1026) User=0.14s Sys=0.00s Real=0.07s
[427.137s][info][gc,start       ] GC(1027) Pause Young (Normal) (G1 Evacuation Pause)
[427.137s][info][gc,task        ] GC(1027) Using 2 workers of 2 for evacuation
[427.192s][info][gc,phases      ] GC(1027)   Pre Evacuate Collection Set: 0.31ms
[427.192s][info][gc,phases      ] GC(1027)   Merge Heap Roots: 0.64ms
[427.192s][info][gc,phases      ] GC(1027)   Evacuate Collection Set: 52.89ms
[427.192s][info][gc,phases      ] GC(1027)   Post Evacuate Collection Set: 0.35ms
[427.192s][info][gc,phases      ] GC(1027)   Other: 0.08ms
[427.192s][info][gc,heap        ] GC(1027) Eden regions: 111->0(116)
[427.192s][info][gc,heap        ] GC(1027) Survivor regions: 20->7(17)
[427.192s][info][gc,heap        ] GC(1027) Old regions: 766->787
[427.192s][info][gc,heap        ] GC(1027) Humongous regions: 11->11
[427.192s][info][gc,metaspace   ] GC(1027) Metaspace: 18978K(19136K)->18978K(19136K) NonClass: 16317K(16384K)->16317K(16384K) Class: 2661K(2752K)->2661K(2752K)
[427.192s][info][gc             ] GC(1027) Pause Young (Normal) (G1 Evacuation Pause) 907M->803M(978M) 54.554ms
[427.192s][info][gc,cpu         ] GC(1027) User=0.10s Sys=0.00s Real=0.05s
[427.372s][info][gc,start       ] GC(1028) Pause Young (Normal) (G1 Evacuation Pause)
[427.372s][info][gc,task        ] GC(1028) Using 2 workers of 2 for evacuation
[427.403s][info][gc,phases      ] GC(1028)   Pre Evacuate Collection Set: 0.30ms
[427.403s][info][gc,phases      ] GC(1028)   Merge Heap Roots: 0.15ms
[427.403s][info][gc,phases      ] GC(1028)   Evacuate Collection Set: 30.18ms
[427.403s][info][gc,phases      ] GC(1028)   Post Evacuate Collection Set: 0.34ms
[427.403s][info][gc,phases      ] GC(1028)   Other: 0.09ms
[427.403s][info][gc,heap        ] GC(1028) Eden regions: 116->0(85)
[427.404s][info][gc,heap        ] GC(1028) Survivor regions: 7->16(16)
[427.404s][info][gc,heap        ] GC(1028) Old regions: 787->800
[427.404s][info][gc,heap        ] GC(1028) Humongous regions: 11->11
[427.404s][info][gc,metaspace   ] GC(1028) Metaspace: 18978K(19136K)->18978K(19136K) NonClass: 16317K(16384K)->16317K(16384K) Class: 2661K(2752K)->2661K(2752K)
[427.404s][info][gc             ] GC(1028) Pause Young (Normal) (G1 Evacuation Pause) 919M->826M(978M) 31.371ms
[427.404s][info][gc,cpu         ] GC(1028) User=0.06s Sys=0.00s Real=0.03s
[427.492s][info][gc,start       ] GC(1029) Pause Young (Normal) (G1 Evacuation Pause)
[427.492s][info][gc,task        ] GC(1029) Using 2 workers of 2 for evacuation
[427.530s][info][gc,phases      ] GC(1029)   Pre Evacuate Collection Set: 0.46ms
[427.530s][info][gc,phases      ] GC(1029)   Merge Heap Roots: 0.13ms
[427.530s][info][gc,phases      ] GC(1029)   Evacuate Collection Set: 37.35ms
[427.530s][info][gc,phases      ] GC(1029)   Post Evacuate Collection Set: 0.39ms
[427.530s][info][gc,phases      ] GC(1029)   Other: 0.08ms
[427.530s][info][gc,heap        ] GC(1029) Eden regions: 85->0(66)
[427.530s][info][gc,heap        ] GC(1029) Survivor regions: 16->13(13)
[427.530s][info][gc,heap        ] GC(1029) Old regions: 800->825
[427.530s][info][gc,heap        ] GC(1029) Humongous regions: 11->11
[427.530s][info][gc,metaspace   ] GC(1029) Metaspace: 18984K(19200K)->18984K(19200K) NonClass: 16323K(16448K)->16323K(16448K) Class: 2661K(2752K)->2661K(2752K)
[427.530s][info][gc             ] GC(1029) Pause Young (Normal) (G1 Evacuation Pause) 911M->848M(978M) 38.586ms
[427.530s][info][gc,cpu         ] GC(1029) User=0.08s Sys=0.00s Real=0.04s
[427.578s][info][gc,marking     ] GC(1022) Concurrent Mark From Roots 1903.393ms
[427.578s][info][gc,marking     ] GC(1022) Concurrent Preclean
[427.578s][info][gc,marking     ] GC(1022) Concurrent Preclean 0.040ms
[427.578s][info][gc,start       ] GC(1022) Pause Remark
[427.586s][info][gc             ] GC(1022) Pause Remark 882M->796M(978M) 7.871ms
[427.586s][info][gc,cpu         ] GC(1022) User=0.02s Sys=0.00s Real=0.01s
[427.588s][info][gc,marking     ] GC(1022) Concurrent Mark 1913.559ms
[427.588s][info][gc,marking     ] GC(1022) Concurrent Rebuild Remembered Sets and Scrub Regions
[427.625s][info][gc,start       ] GC(1030) Pause Young (Normal) (G1 Evacuation Pause)
[427.625s][info][gc,task        ] GC(1030) Using 2 workers of 2 for evacuation
[427.659s][info][gc,phases      ] GC(1030)   Pre Evacuate Collection Set: 0.23ms
[427.659s][info][gc,phases      ] GC(1030)   Merge Heap Roots: 0.18ms
[427.659s][info][gc,phases      ] GC(1030)   Evacuate Collection Set: 33.15ms
[427.659s][info][gc,phases      ] GC(1030)   Post Evacuate Collection Set: 0.32ms
[427.659s][info][gc,phases      ] GC(1030)   Other: 0.07ms
[427.659s][info][gc,heap        ] GC(1030) Eden regions: 66->0(124)
[427.659s][info][gc,heap        ] GC(1030) Survivor regions: 13->10(10)
[427.659s][info][gc,heap        ] GC(1030) Old regions: 741->763
[427.659s][info][gc,heap        ] GC(1030) Humongous regions: 9->9
[427.659s][info][gc,metaspace   ] GC(1030) Metaspace: 18984K(19200K)->18984K(19200K) NonClass: 16323K(16448K)->16323K(16448K) Class: 2661K(2752K)->2661K(2752K)
[427.659s][info][gc             ] GC(1030) Pause Young (Normal) (G1 Evacuation Pause) 828M->781M(978M) 34.149ms
[427.659s][info][gc,cpu         ] GC(1030) User=0.07s Sys=0.00s Real=0.04s
[427.835s][info][gc,start       ] GC(1031) Pause Young (Normal) (G1 Evacuation Pause)
[427.835s][info][gc,task        ] GC(1031) Using 2 workers of 2 for evacuation
[427.857s][info][gc,phases      ] GC(1031)   Pre Evacuate Collection Set: 0.26ms
[427.857s][info][gc,phases      ] GC(1031)   Merge Heap Roots: 0.26ms
[427.857s][info][gc,phases      ] GC(1031)   Evacuate Collection Set: 21.04ms
[427.857s][info][gc,phases      ] GC(1031)   Post Evacuate Collection Set: 0.42ms
[427.857s][info][gc,phases      ] GC(1031)   Other: 0.09ms
[427.857s][info][gc,heap        ] GC(1031) Eden regions: 124->0(127)
[427.857s][info][gc,heap        ] GC(1031) Survivor regions: 10->6(17)
[427.857s][info][gc,heap        ] GC(1031) Old regions: 763->774
[427.857s][info][gc,heap        ] GC(1031) Humongous regions: 9->9
[427.857s][info][gc,metaspace   ] GC(1031) Metaspace: 18984K(19200K)->18984K(19200K) NonClass: 16323K(16448K)->16323K(16448K) Class: 2661K(2752K)->2661K(2752K)
[427.858s][info][gc             ] GC(1031) Pause Young (Normal) (G1 Evacuation Pause) 905M->787M(978M) 22.357ms
[427.858s][info][gc,cpu         ] GC(1031) User=0.04s Sys=0.01s Real=0.03s
[428.009s][info][gc,start       ] GC(1032) Pause Young (Normal) (G1 Evacuation Pause)
[428.009s][info][gc,task        ] GC(1032) Using 2 workers of 2 for evacuation
[428.038s][info][gc,phases      ] GC(1032)   Pre Evacuate Collection Set: 0.46ms
[428.038s][info][gc,phases      ] GC(1032)   Merge Heap Roots: 0.32ms
[428.038s][info][gc,phases      ] GC(1032)   Evacuate Collection Set: 27.70ms
[428.038s][info][gc,phases      ] GC(1032)   Post Evacuate Collection Set: 0.45ms
[428.038s][info][gc,phases      ] GC(1032)   Other: 0.08ms
[428.038s][info][gc,heap        ] GC(1032) Eden regions: 127->0(110)
[428.038s][info][gc,heap        ] GC(1032) Survivor regions: 6->17(17)
[428.038s][info][gc,heap        ] GC(1032) Old regions: 774->774
[428.038s][info][gc,heap        ] GC(1032) Humongous regions: 10->10
[428.038s][info][gc,metaspace   ] GC(1032) Metaspace: 18984K(19200K)->18984K(19200K) NonClass: 16323K(16448K)->16323K(16448K) Class: 2661K(2752K)->2661K(2752K)
[428.038s][info][gc             ] GC(1032) Pause Young (Normal) (G1 Evacuation Pause) 915M->799M(978M) 29.286ms
[428.039s][info][gc,cpu         ] GC(1032) User=0.06s Sys=0.00s Real=0.03s
[428.130s][info][gc,start       ] GC(1033) Pause Young (Normal) (G1 Evacuation Pause)
[428.130s][info][gc,task        ] GC(1033) Using 2 workers of 2 for evacuation
[428.160s][info][gc,phases      ] GC(1033)   Pre Evacuate Collection Set: 0.46ms
[428.160s][info][gc,phases      ] GC(1033)   Merge Heap Roots: 0.27ms
[428.160s][info][gc,phases      ] GC(1033)   Evacuate Collection Set: 28.90ms
[428.160s][info][gc,phases      ] GC(1033)   Post Evacuate Collection Set: 0.32ms
[428.160s][info][gc,phases      ] GC(1033)   Other: 0.09ms
[428.160s][info][gc,heap        ] GC(1033) Eden regions: 110->0(120)
[428.160s][info][gc,heap        ] GC(1033) Survivor regions: 17->4(16)
[428.160s][info][gc,heap        ] GC(1033) Old regions: 774->790
[428.160s][info][gc,heap        ] GC(1033) Humongous regions: 10->10
[428.160s][info][gc,metaspace   ] GC(1033) Metaspace: 18984K(19200K)->18984K(19200K) NonClass: 16323K(16448K)->16323K(16448K) Class: 2661K(2752K)->2661K(2752K)
[428.160s][info][gc             ] GC(1033) Pause Young (Normal) (G1 Evacuation Pause) 909M->803M(978M) 30.282ms
[428.160s][info][gc,cpu         ] GC(1033) User=0.06s Sys=0.00s Real=0.03s
[428.264s][info][gc,marking     ] GC(1022) Concurrent Rebuild Remembered Sets and Scrub Regions 675.100ms
[428.264s][info][gc,start       ] GC(1022) Pause Cleanup
[428.264s][info][gc             ] GC(1022) Pause Cleanup 884M->884M(978M) 0.114ms
[428.264s][info][gc,cpu         ] GC(1022) User=0.00s Sys=0.00s Real=0.00s
[428.265s][info][gc,marking     ] GC(1022) Concurrent Clear Claimed Marks
[428.265s][info][gc,marking     ] GC(1022) Concurrent Clear Claimed Marks 0.036ms
[428.265s][info][gc,marking     ] GC(1022) Concurrent Cleanup for Next Mark
[428.268s][info][gc,marking     ] GC(1022) Concurrent Cleanup for Next Mark 2.803ms
[428.268s][info][gc             ] GC(1022) Concurrent Mark Cycle 2721.405ms
[428.293s][info][gc,start       ] GC(1034) Pause Young (Prepare Mixed) (G1 Evacuation Pause)
[428.294s][info][gc,task        ] GC(1034) Using 2 workers of 2 for evacuation
[428.300s][info][gc,phases      ] GC(1034)   Pre Evacuate Collection Set: 0.24ms
[428.300s][info][gc,phases      ] GC(1034)   Merge Heap Roots: 0.10ms
[428.300s][info][gc,phases      ] GC(1034)   Evacuate Collection Set: 5.80ms
[428.300s][info][gc,phases      ] GC(1034)   Post Evacuate Collection Set: 0.32ms
[428.300s][info][gc,phases      ] GC(1034)   Other: 0.08ms
[428.300s][info][gc,heap        ] GC(1034) Eden regions: 120->0(118)
[428.300s][info][gc,heap        ] GC(1034) Survivor regions: 4->5(16)
[428.300s][info][gc,heap        ] GC(1034) Old regions: 790->790
[428.300s][info][gc,heap        ] GC(1034) Humongous regions: 10->10
[428.300s][info][gc,metaspace   ] GC(1034) Metaspace: 18984K(19200K)->18984K(19200K) NonClass: 16323K(16448K)->16323K(16448K) Class: 2661K(2752K)->2661K(2752K)
[428.300s][info][gc             ] GC(1034) Pause Young (Prepare Mixed) (G1 Evacuation Pause) 923M->803M(978M) 6.731ms
[428.300s][info][gc,cpu         ] GC(1034) User=0.02s Sys=0.00s Real=0.01s
[428.405s][info][gc,start       ] GC(1035) Pause Young (Mixed) (G1 Evacuation Pause)
[428.405s][info][gc,task        ] GC(1035) Using 2 workers of 2 for evacuation
[428.419s][info][gc,phases      ] GC(1035)   Pre Evacuate Collection Set: 0.47ms
[428.419s][info][gc,phases      ] GC(1035)   Merge Heap Roots: 0.17ms
[428.419s][info][gc,phases      ] GC(1035)   Evacuate Collection Set: 12.77ms
[428.419s][info][gc,phases      ] GC(1035)   Post Evacuate Collection Set: 0.34ms
[428.419s][info][gc,phases      ] GC(1035)   Other: 0.08ms
[428.419s][info][gc,heap        ] GC(1035) Eden regions: 118->0(133)
[428.419s][info][gc,heap        ] GC(1035) Survivor regions: 5->7(16)
[428.419s][info][gc,heap        ] GC(1035) Old regions: 790->771
[428.419s][info][gc,heap        ] GC(1035) Humongous regions: 10->10
[428.419s][info][gc,metaspace   ] GC(1035) Metaspace: 18984K(19200K)->18984K(19200K) NonClass: 16323K(16448K)->16323K(16448K) Class: 2661K(2752K)->2661K(2752K)
[428.419s][info][gc             ] GC(1035) Pause Young (Mixed) (G1 Evacuation Pause) 921M->787M(978M) 14.037ms
[428.419s][info][gc,cpu         ] GC(1035) User=0.02s Sys=0.00s Real=0.02s
[428.585s][info][gc,start       ] GC(1036) Pause Young (Concurrent Start) (G1 Evacuation Pause)
[428.585s][info][gc,task        ] GC(1036) Using 2 workers of 2 for evacuation
[428.597s][info][gc,phases      ] GC(1036)   Pre Evacuate Collection Set: 0.36ms
[428.597s][info][gc,phases      ] GC(1036)   Merge Heap Roots: 0.14ms
[428.597s][info][gc,phases      ] GC(1036)   Evacuate Collection Set: 11.74ms
[428.598s][info][gc,phases      ] GC(1036)   Post Evacuate Collection Set: 0.39ms
[428.598s][info][gc,phases      ] GC(1036)   Other: 0.22ms
[428.598s][info][gc,heap        ] GC(1036) Eden regions: 133->0(125)
[428.598s][info][gc,heap        ] GC(1036) Survivor regions: 7->11(18)
[428.598s][info][gc,heap        ] GC(1036) Old regions: 771->771
[428.598s][info][gc,heap        ] GC(1036) Humongous regions: 10->10
[428.598s][info][gc,metaspace   ] GC(1036) Metaspace: 18984K(19200K)->18984K(19200K) NonClass: 16323K(16448K)->16323K(16448K) Class: 2661K(2752K)->2661K(2752K)
[428.598s][info][gc             ] GC(1036) Pause Young (Concurrent Start) (G1 Evacuation Pause) 920M->791M(978M) 13.084ms
[428.598s][info][gc,cpu         ] GC(1036) User=0.02s Sys=0.00s Real=0.02s
[428.598s][info][gc             ] GC(1037) Concurrent Mark Cycle
[428.598s][info][gc,marking     ] GC(1037) Concurrent Scan Root Regions
[428.615s][info][gc,marking     ] GC(1037) Concurrent Scan Root Regions 17.606ms
[428.615s][info][gc,marking     ] GC(1037) Concurrent Mark
[428.615s][info][gc,marking     ] GC(1037) Concurrent Mark From Roots
[428.615s][info][gc,task        ] GC(1037) Using 1 workers of 1 for marking
[429.101s][info][gc,start       ] GC(1038) Pause Young (Normal) (G1 Evacuation Pause)
[429.101s][info][gc,task        ] GC(1038) Using 2 workers of 2 for evacuation
[429.115s][info][gc,phases      ] GC(1038)   Pre Evacuate Collection Set: 0.30ms
[429.115s][info][gc,phases      ] GC(1038)   Merge Heap Roots: 0.17ms
[429.115s][info][gc,phases      ] GC(1038)   Evacuate Collection Set: 12.55ms
[429.115s][info][gc,phases      ] GC(1038)   Post Evacuate Collection Set: 0.37ms
[429.115s][info][gc,phases      ] GC(1038)   Other: 0.08ms
[429.115s][info][gc,heap        ] GC(1038) Eden regions: 125->0(128)
[429.115s][info][gc,heap        ] GC(1038) Survivor regions: 11->8(17)
[429.115s][info][gc,heap        ] GC(1038) Old regions: 771->774
[429.115s][info][gc,heap        ] GC(1038) Humongous regions: 10->10
[429.115s][info][gc,metaspace   ] GC(1038) Metaspace: 18985K(19200K)->18985K(19200K) NonClass: 16323K(16448K)->16323K(16448K) Class: 2661K(2752K)->2661K(2752K)
[429.115s][info][gc             ] GC(1038) Pause Young (Normal) (G1 Evacuation Pause) 916M->791M(978M) 13.695ms
[429.115s][info][gc,cpu         ] GC(1038) User=0.03s Sys=0.00s Real=0.01s
[429.258s][info][gc,marking     ] GC(1037) Concurrent Mark From Roots 642.883ms
[429.258s][info][gc,marking     ] GC(1037) Concurrent Preclean
[429.258s][info][gc,marking     ] GC(1037) Concurrent Preclean 0.046ms
[429.258s][info][gc,start       ] GC(1037) Pause Remark
[429.267s][info][gc             ] GC(1037) Pause Remark 862M->359M(964M) 8.266ms
[429.267s][info][gc,cpu         ] GC(1037) User=0.01s Sys=0.00s Real=0.01s
[429.267s][info][gc,marking     ] GC(1037) Concurrent Mark 652.128ms
[429.267s][info][gc,marking     ] GC(1037) Concurrent Rebuild Remembered Sets and Scrub Regions
[429.376s][info][gc,start       ] GC(1039) Pause Young (Normal) (G1 Evacuation Pause)
[429.376s][info][gc,task        ] GC(1039) Using 2 workers of 2 for evacuation
[429.426s][info][gc,phases      ] GC(1039)   Pre Evacuate Collection Set: 0.44ms
[429.426s][info][gc,phases      ] GC(1039)   Merge Heap Roots: 0.24ms
[429.426s][info][gc,phases      ] GC(1039)   Evacuate Collection Set: 49.24ms
[429.426s][info][gc,phases      ] GC(1039)   Post Evacuate Collection Set: 0.43ms
[429.426s][info][gc,phases      ] GC(1039)   Other: 0.08ms
[429.426s][info][gc,heap        ] GC(1039) Eden regions: 129->0(519)
[429.426s][info][gc,heap        ] GC(1039) Survivor regions: 8->18(18)
[429.426s][info][gc,heap        ] GC(1039) Old regions: 278->310
[429.426s][info][gc,heap        ] GC(1039) Humongous regions: 3->3
[429.426s][info][gc,metaspace   ] GC(1039) Metaspace: 18988K(19200K)->18988K(19200K) NonClass: 16326K(16448K)->16326K(16448K) Class: 2661K(2752K)->2661K(2752K)
[429.426s][info][gc             ] GC(1039) Pause Young (Normal) (G1 Evacuation Pause) 417M->330M(964M) 50.627ms
[429.426s][info][gc,cpu         ] GC(1039) User=0.10s Sys=0.00s Real=0.06s
[429.528s][info][gc,marking     ] GC(1037) Concurrent Rebuild Remembered Sets and Scrub Regions 260.500ms
[429.529s][info][gc,start       ] GC(1037) Pause Cleanup
[429.529s][info][gc             ] GC(1037) Pause Cleanup 388M->388M(964M) 0.104ms
[429.529s][info][gc,cpu         ] GC(1037) User=0.00s Sys=0.00s Real=0.00s
[429.529s][info][gc,marking     ] GC(1037) Concurrent Clear Claimed Marks
[429.529s][info][gc,marking     ] GC(1037) Concurrent Clear Claimed Marks 0.046ms
[429.529s][info][gc,marking     ] GC(1037) Concurrent Cleanup for Next Mark
[429.534s][info][gc,marking     ] GC(1037) Concurrent Cleanup for Next Mark 4.838ms
[429.534s][info][gc             ] GC(1037) Concurrent Mark Cycle 936.408ms
[430.133s][info][gc,start       ] GC(1040) Pause Young (Prepare Mixed) (G1 Evacuation Pause)
[430.133s][info][gc,task        ] GC(1040) Using 2 workers of 2 for evacuation
[430.203s][info][gc,phases      ] GC(1040)   Pre Evacuate Collection Set: 0.49ms
[430.204s][info][gc,phases      ] GC(1040)   Merge Heap Roots: 0.45ms
[430.204s][info][gc,phases      ] GC(1040)   Evacuate Collection Set: 68.92ms
[430.204s][info][gc,phases      ] GC(1040)   Post Evacuate Collection Set: 0.78ms
[430.204s][info][gc,phases      ] GC(1040)   Other: 0.12ms
[430.204s][info][gc,heap        ] GC(1040) Eden regions: 519->0(480)
[430.204s][info][gc,heap        ] GC(1040) Survivor regions: 18->58(68)
[430.204s][info][gc,heap        ] GC(1040) Old regions: 310->310
[430.204s][info][gc,heap        ] GC(1040) Humongous regions: 4->4
[430.204s][info][gc,metaspace   ] GC(1040) Metaspace: 18988K(19200K)->18988K(19200K) NonClass: 16327K(16448K)->16327K(16448K) Class: 2661K(2752K)->2661K(2752K)
[430.204s][info][gc             ] GC(1040) Pause Young (Prepare Mixed) (G1 Evacuation Pause) 850M->370M(964M) 71.024ms
[430.204s][info][gc,cpu         ] GC(1040) User=0.14s Sys=0.00s Real=0.07s
[430.817s][info][gc,start       ] GC(1041) Pause Young (Mixed) (G1 Evacuation Pause)
[430.817s][info][gc,task        ] GC(1041) Using 2 workers of 2 for evacuation
[431.120s][info][gc,mmu         ] GC(1041) MMU target violated: 201.0ms (200.0ms/201.0ms)
[431.120s][info][gc,phases      ] GC(1041)   Pre Evacuate Collection Set: 0.33ms
[431.120s][info][gc,phases      ] GC(1041)   Merge Heap Roots: 0.64ms
[431.120s][info][gc,phases      ] GC(1041)   Evacuate Collection Set: 275.51ms
[431.120s][info][gc,phases      ] GC(1041)   Post Evacuate Collection Set: 27.03ms
[431.120s][info][gc,phases      ] GC(1041)   Other: 0.17ms
[431.120s][info][gc,heap        ] GC(1041) Eden regions: 480->0(165)
[431.120s][info][gc,heap        ] GC(1041) Survivor regions: 58->68(68)
[431.120s][info][gc,heap        ] GC(1041) Old regions: 310->622
[431.120s][info][gc,heap        ] GC(1041) Humongous regions: 5->5
[431.120s][info][gc,metaspace   ] GC(1041) Metaspace: 18990K(19200K)->18990K(19200K) NonClass: 16329K(16448K)->16329K(16448K) Class: 2661K(2752K)->2661K(2752K)
[431.120s][info][gc             ] GC(1041) Pause Young (Mixed) (G1 Evacuation Pause) (Evacuation Failure: Allocation) 851M->694M(978M) 303.885ms
[431.120s][info][gc,cpu         ] GC(1041) User=0.60s Sys=0.01s Real=0.30s
[431.253s][info][gc,start       ] GC(1042) Pause Young (Concurrent Start) (G1 Evacuation Pause)
[431.253s][info][gc,task        ] GC(1042) Using 2 workers of 2 for evacuation
[431.368s][info][gc,phases      ] GC(1042)   Pre Evacuate Collection Set: 0.42ms
[431.368s][info][gc,phases      ] GC(1042)   Merge Heap Roots: 0.58ms
[431.368s][info][gc,phases      ] GC(1042)   Evacuate Collection Set: 112.81ms
[431.368s][info][gc,phases      ] GC(1042)   Post Evacuate Collection Set: 0.77ms
[431.368s][info][gc,phases      ] GC(1042)   Other: 0.11ms
[431.368s][info][gc,heap        ] GC(1042) Eden regions: 165->0(329)
[431.368s][info][gc,heap        ] GC(1042) Survivor regions: 68->9(30)
[431.368s][info][gc,heap        ] GC(1042) Old regions: 622->533
[431.368s][info][gc,heap        ] GC(1042) Humongous regions: 5->5
[431.368s][info][gc,metaspace   ] GC(1042) Metaspace: 18992K(19200K)->18992K(19200K) NonClass: 16331K(16448K)->16331K(16448K) Class: 2661K(2752K)->2661K(2752K)
[431.368s][info][gc             ] GC(1042) Pause Young (Concurrent Start) (G1 Evacuation Pause) 859M->546M(978M) 114.951ms
[431.368s][info][gc,cpu         ] GC(1042) User=0.23s Sys=0.00s Real=0.12s
[431.368s][info][gc             ] GC(1043) Concurrent Mark Cycle
[431.368s][info][gc,marking     ] GC(1043) Concurrent Scan Root Regions
[431.545s][info][gc,marking     ] GC(1043) Concurrent Scan Root Regions 177.028ms
[431.545s][info][gc,marking     ] GC(1043) Concurrent Mark
[431.545s][info][gc,marking     ] GC(1043) Concurrent Mark From Roots
[431.545s][info][gc,task        ] GC(1043) Using 1 workers of 1 for marking
[431.960s][info][gc,start       ] GC(1044) Pause Young (Normal) (G1 Evacuation Pause)
[431.960s][info][gc,task        ] GC(1044) Using 2 workers of 2 for evacuation
[432.067s][info][gc,phases      ] GC(1044)   Pre Evacuate Collection Set: 0.30ms
[432.067s][info][gc,phases      ] GC(1044)   Merge Heap Roots: 0.26ms
[432.067s][info][gc,phases      ] GC(1044)   Evacuate Collection Set: 104.20ms
[432.067s][info][gc,phases      ] GC(1044)   Post Evacuate Collection Set: 1.97ms
[432.067s][info][gc,phases      ] GC(1044)   Other: 0.09ms
[432.067s][info][gc,heap        ] GC(1044) Eden regions: 329->0(270)
[432.067s][info][gc,heap        ] GC(1044) Survivor regions: 9->43(43)
[432.067s][info][gc,heap        ] GC(1044) Old regions: 533->548
[432.067s][info][gc,heap        ] GC(1044) Humongous regions: 5->5
[432.067s][info][gc,metaspace   ] GC(1044) Metaspace: 18996K(19200K)->18996K(19200K) NonClass: 16335K(16448K)->16335K(16448K) Class: 2661K(2752K)->2661K(2752K)
[432.067s][info][gc             ] GC(1044) Pause Young (Normal) (G1 Evacuation Pause) (Evacuation Failure: Allocation) 875M->595M(978M) 107.112ms
[432.067s][info][gc,cpu         ] GC(1044) User=0.21s Sys=0.00s Real=0.11s
[432.430s][info][gc,start       ] GC(1045) Pause Young (Normal) (G1 Evacuation Pause)
[432.430s][info][gc,task        ] GC(1045) Using 2 workers of 2 for evacuation
[432.588s][info][gc,phases      ] GC(1045)   Pre Evacuate Collection Set: 0.50ms
[432.588s][info][gc,phases      ] GC(1045)   Merge Heap Roots: 0.51ms
[432.588s][info][gc,phases      ] GC(1045)   Evacuate Collection Set: 144.57ms
[432.588s][info][gc,phases      ] GC(1045)   Post Evacuate Collection Set: 12.08ms
[432.588s][info][gc,phases      ] GC(1045)   Other: 0.09ms
[432.588s][info][gc,heap        ] GC(1045) Eden regions: 270->0(80)
[432.588s][info][gc,heap        ] GC(1045) Survivor regions: 43->40(40)
[432.588s][info][gc,heap        ] GC(1045) Old regions: 548->763
[432.588s][info][gc,heap        ] GC(1045) Humongous regions: 5->5
[432.588s][info][gc,metaspace   ] GC(1045) Metaspace: 18998K(19200K)->18998K(19200K) NonClass: 16337K(16448K)->16337K(16448K) Class: 2661K(2752K)->2661K(2752K)
[432.588s][info][gc             ] GC(1045) Pause Young (Normal) (G1 Evacuation Pause) (Evacuation Failure: Allocation) 865M->807M(978M) 158.008ms
[432.588s][info][gc,cpu         ] GC(1045) User=0.32s Sys=0.00s Real=0.16s
[432.678s][info][gc,start       ] GC(1046) Pause Young (Normal) (G1 Evacuation Pause)
[432.678s][info][gc,task        ] GC(1046) Using 2 workers of 2 for evacuation
[432.756s][info][gc,phases      ] GC(1046)   Pre Evacuate Collection Set: 0.55ms
[432.756s][info][gc,phases      ] GC(1046)   Merge Heap Roots: 0.44ms
[432.756s][info][gc,phases      ] GC(1046)   Evacuate Collection Set: 76.32ms
[432.756s][info][gc,phases      ] GC(1046)   Post Evacuate Collection Set: 0.57ms
[432.756s][info][gc,phases      ] GC(1046)   Other: 0.09ms
[432.756s][info][gc,heap        ] GC(1046) Eden regions: 80->0(194)
[432.756s][info][gc,heap        ] GC(1046) Survivor regions: 40->13(15)
[432.756s][info][gc,heap        ] GC(1046) Old regions: 763->678
[432.756s][info][gc,heap        ] GC(1046) Humongous regions: 5->5
[432.756s][info][gc,metaspace   ] GC(1046) Metaspace: 18998K(19200K)->18998K(19200K) NonClass: 16337K(16448K)->16337K(16448K) Class: 2661K(2752K)->2661K(2752K)
[432.756s][info][gc             ] GC(1046) Pause Young (Normal) (G1 Evacuation Pause) 887M->695M(978M) 78.190ms
[432.756s][info][gc,cpu         ] GC(1046) User=0.15s Sys=0.00s Real=0.07s
[432.793s][info][gc,marking     ] GC(1043) Concurrent Mark From Roots 1247.703ms
[432.793s][info][gc,marking     ] GC(1043) Concurrent Preclean
[432.793s][info][gc,marking     ] GC(1043) Concurrent Preclean 0.040ms
[432.793s][info][gc,start       ] GC(1043) Pause Remark
[432.801s][info][gc             ] GC(1043) Pause Remark 712M->712M(978M) 7.752ms
[432.801s][info][gc,cpu         ] GC(1043) User=0.01s Sys=0.00s Real=0.01s
[432.803s][info][gc,marking     ] GC(1043) Concurrent Mark 1257.732ms
[432.803s][info][gc,marking     ] GC(1043) Concurrent Rebuild Remembered Sets and Scrub Regions
[433.077s][info][gc,start       ] GC(1047) Pause Young (Normal) (G1 Evacuation Pause)
[433.077s][info][gc,task        ] GC(1047) Using 2 workers of 2 for evacuation
[433.141s][info][gc,phases      ] GC(1047)   Pre Evacuate Collection Set: 0.47ms
[433.141s][info][gc,phases      ] GC(1047)   Merge Heap Roots: 0.42ms
[433.141s][info][gc,phases      ] GC(1047)   Evacuate Collection Set: 61.95ms
[433.141s][info][gc,phases      ] GC(1047)   Post Evacuate Collection Set: 0.63ms
[433.141s][info][gc,phases      ] GC(1047)   Other: 0.10ms
[433.141s][info][gc,heap        ] GC(1047) Eden regions: 194->0(163)
[433.141s][info][gc,heap        ] GC(1047) Survivor regions: 13->26(26)
[433.141s][info][gc,heap        ] GC(1047) Old regions: 678->705
[433.141s][info][gc,heap        ] GC(1047) Humongous regions: 8->8
[433.141s][info][gc,metaspace   ] GC(1047) Metaspace: 18998K(19200K)->18998K(19200K) NonClass: 16337K(16448K)->16337K(16448K) Class: 2661K(2752K)->2661K(2752K)
[433.141s][info][gc             ] GC(1047) Pause Young (Normal) (G1 Evacuation Pause) 892M->738M(978M) 63.825ms
[433.141s][info][gc,cpu         ] GC(1047) User=0.12s Sys=0.00s Real=0.06s
[433.386s][info][gc,start       ] GC(1048) Pause Young (Normal) (G1 Evacuation Pause)
[433.387s][info][gc,task        ] GC(1048) Using 2 workers of 2 for evacuation
[433.475s][info][gc,phases      ] GC(1048)   Pre Evacuate Collection Set: 0.28ms
[433.475s][info][gc,phases      ] GC(1048)   Merge Heap Roots: 0.66ms
[433.475s][info][gc,phases      ] GC(1048)   Evacuate Collection Set: 86.54ms
[433.475s][info][gc,phases      ] GC(1048)   Post Evacuate Collection Set: 0.48ms
[433.475s][info][gc,phases      ] GC(1048)   Other: 0.09ms
[433.475s][info][gc,heap        ] GC(1048) Eden regions: 163->0(124)
[433.475s][info][gc,heap        ] GC(1048) Survivor regions: 26->24(24)
[433.475s][info][gc,heap        ] GC(1048) Old regions: 705->745
[433.475s][info][gc,heap        ] GC(1048) Humongous regions: 11->11
[433.475s][info][gc,metaspace   ] GC(1048) Metaspace: 18998K(19200K)->18998K(19200K) NonClass: 16337K(16448K)->16337K(16448K) Class: 2661K(2752K)->2661K(2752K)
[433.475s][info][gc             ] GC(1048) Pause Young (Normal) (G1 Evacuation Pause) 904M->779M(978M) 88.334ms
[433.475s][info][gc,cpu         ] GC(1048) User=0.17s Sys=0.00s Real=0.08s
[433.526s][info][gc,marking     ] GC(1043) Concurrent Rebuild Remembered Sets and Scrub Regions 723.399ms
[433.526s][info][gc,start       ] GC(1043) Pause Cleanup
[433.527s][info][gc             ] GC(1043) Pause Cleanup 811M->811M(978M) 0.118ms
[433.527s][info][gc,cpu         ] GC(1043) User=0.00s Sys=0.00s Real=0.00s
[433.527s][info][gc,marking     ] GC(1043) Concurrent Clear Claimed Marks
[433.527s][info][gc,marking     ] GC(1043) Concurrent Clear Claimed Marks 0.037ms
[433.527s][info][gc,marking     ] GC(1043) Concurrent Cleanup for Next Mark
[433.533s][info][gc,marking     ] GC(1043) Concurrent Cleanup for Next Mark 6.409ms
[433.533s][info][gc             ] GC(1043) Concurrent Mark Cycle 2165.164ms
[433.591s][info][gc,start       ] GC(1049) Pause Young (Prepare Mixed) (G1 Evacuation Pause)
[433.591s][info][gc,task        ] GC(1049) Using 2 workers of 2 for evacuation
[433.643s][info][gc,phases      ] GC(1049)   Pre Evacuate Collection Set: 0.45ms
[433.643s][info][gc,phases      ] GC(1049)   Merge Heap Roots: 0.27ms
[433.643s][info][gc,phases      ] GC(1049)   Evacuate Collection Set: 51.02ms
[433.643s][info][gc,phases      ] GC(1049)   Post Evacuate Collection Set: 0.38ms
[433.643s][info][gc,phases      ] GC(1049)   Other: 0.08ms
[433.643s][info][gc,heap        ] GC(1049) Eden regions: 124->0(109)
[433.643s][info][gc,heap        ] GC(1049) Survivor regions: 24->19(19)
[433.643s][info][gc,heap        ] GC(1049) Old regions: 745->770
[433.643s][info][gc,heap        ] GC(1049) Humongous regions: 11->11
[433.643s][info][gc,metaspace   ] GC(1049) Metaspace: 18998K(19200K)->18998K(19200K) NonClass: 16337K(16448K)->16337K(16448K) Class: 2661K(2752K)->2661K(2752K)
[433.643s][info][gc             ] GC(1049) Pause Young (Prepare Mixed) (G1 Evacuation Pause) 903M->798M(978M) 52.389ms
[433.643s][info][gc,cpu         ] GC(1049) User=0.11s Sys=0.00s Real=0.05s
[433.712s][info][gc,start       ] GC(1050) Pause Young (Mixed) (G1 Evacuation Pause)
[433.712s][info][gc,task        ] GC(1050) Using 2 workers of 2 for evacuation
[433.753s][info][gc,phases      ] GC(1050)   Pre Evacuate Collection Set: 0.44ms
[433.753s][info][gc,phases      ] GC(1050)   Merge Heap Roots: 0.31ms
[433.753s][info][gc,phases      ] GC(1050)   Evacuate Collection Set: 39.72ms
[433.753s][info][gc,phases      ] GC(1050)   Post Evacuate Collection Set: 0.38ms
[433.753s][info][gc,phases      ] GC(1050)   Other: 0.08ms
[433.753s][info][gc,heap        ] GC(1050) Eden regions: 109->0(117)
[433.753s][info][gc,heap        ] GC(1050) Survivor regions: 19->11(16)
[433.753s][info][gc,heap        ] GC(1050) Old regions: 770->778
[433.753s][info][gc,heap        ] GC(1050) Humongous regions: 11->11
[433.753s][info][gc,metaspace   ] GC(1050) Metaspace: 18998K(19200K)->18998K(19200K) NonClass: 16337K(16448K)->16337K(16448K) Class: 2661K(2752K)->2661K(2752K)
[433.753s][info][gc             ] GC(1050) Pause Young (Mixed) (G1 Evacuation Pause) 907M->798M(978M) 41.117ms
[433.753s][info][gc,cpu         ] GC(1050) User=0.08s Sys=0.00s Real=0.04s
[433.843s][info][gc,start       ] GC(1051) Pause Young (Concurrent Start) (G1 Evacuation Pause)
[433.843s][info][gc,task        ] GC(1051) Using 2 workers of 2 for evacuation
[433.871s][info][gc,phases      ] GC(1051)   Pre Evacuate Collection Set: 0.27ms
[433.871s][info][gc,phases      ] GC(1051)   Merge Heap Roots: 0.19ms
[433.871s][info][gc,phases      ] GC(1051)   Evacuate Collection Set: 26.59ms
[433.871s][info][gc,phases      ] GC(1051)   Post Evacuate Collection Set: 0.35ms
[433.871s][info][gc,phases      ] GC(1051)   Other: 0.09ms
[433.871s][info][gc,heap        ] GC(1051) Eden regions: 117->0(105)
[433.871s][info][gc,heap        ] GC(1051) Survivor regions: 11->12(16)
[433.871s][info][gc,heap        ] GC(1051) Old regions: 778->788
[433.871s][info][gc,heap        ] GC(1051) Humongous regions: 11->11
[433.871s][info][gc,metaspace   ] GC(1051) Metaspace: 18998K(19200K)->18998K(19200K) NonClass: 16337K(16448K)->16337K(16448K) Class: 2661K(2752K)->2661K(2752K)
[433.871s][info][gc             ] GC(1051) Pause Young (Concurrent Start) (G1 Evacuation Pause) 915M->810M(978M) 27.698ms
[433.871s][info][gc,cpu         ] GC(1051) User=0.05s Sys=0.00s Real=0.03s
[433.871s][info][gc             ] GC(1052) Concurrent Mark Cycle
[433.871s][info][gc,marking     ] GC(1052) Concurrent Scan Root Regions
[433.891s][info][gc,marking     ] GC(1052) Concurrent Scan Root Regions 20.420ms
[433.892s][info][gc,marking     ] GC(1052) Concurrent Mark
[433.892s][info][gc,marking     ] GC(1052) Concurrent Mark From Roots
[433.892s][info][gc,task        ] GC(1052) Using 1 workers of 1 for marking
[433.988s][info][gc,start       ] GC(1053) Pause Young (Normal) (G1 Evacuation Pause)
[433.988s][info][gc,task        ] GC(1053) Using 2 workers of 2 for evacuation
[434.006s][info][gc,phases      ] GC(1053)   Pre Evacuate Collection Set: 0.29ms
[434.006s][info][gc,phases      ] GC(1053)   Merge Heap Roots: 0.15ms
[434.006s][info][gc,phases      ] GC(1053)   Evacuate Collection Set: 17.15ms
[434.006s][info][gc,phases      ] GC(1053)   Post Evacuate Collection Set: 0.31ms
[434.006s][info][gc,phases      ] GC(1053)   Other: 0.09ms
[434.006s][info][gc,heap        ] GC(1053) Eden regions: 105->0(109)
[434.006s][info][gc,heap        ] GC(1053) Survivor regions: 12->4(15)
[434.006s][info][gc,heap        ] GC(1053) Old regions: 788->800
[434.006s][info][gc,heap        ] GC(1053) Humongous regions: 11->11
[434.006s][info][gc,metaspace   ] GC(1053) Metaspace: 18998K(19200K)->18998K(19200K) NonClass: 16337K(16448K)->16337K(16448K) Class: 2661K(2752K)->2661K(2752K)
[434.006s][info][gc             ] GC(1053) Pause Young (Normal) (G1 Evacuation Pause) 915M->814M(978M) 18.200ms
[434.006s][info][gc,cpu         ] GC(1053) User=0.04s Sys=0.00s Real=0.02s
[434.137s][info][gc,start       ] GC(1054) Pause Young (Normal) (G1 Evacuation Pause)
[434.137s][info][gc,task        ] GC(1054) Using 2 workers of 2 for evacuation
[434.146s][info][gc,phases      ] GC(1054)   Pre Evacuate Collection Set: 0.30ms
[434.146s][info][gc,phases      ] GC(1054)   Merge Heap Roots: 0.15ms
[434.146s][info][gc,phases      ] GC(1054)   Evacuate Collection Set: 8.04ms
[434.146s][info][gc,phases      ] GC(1054)   Post Evacuate Collection Set: 0.32ms
[434.146s][info][gc,phases      ] GC(1054)   Other: 0.10ms
[434.146s][info][gc,heap        ] GC(1054) Eden regions: 109->0(107)
[434.146s][info][gc,heap        ] GC(1054) Survivor regions: 4->5(15)
[434.146s][info][gc,heap        ] GC(1054) Old regions: 800->800
[434.146s][info][gc,heap        ] GC(1054) Humongous regions: 11->11
[434.146s][info][gc,metaspace   ] GC(1054) Metaspace: 18998K(19200K)->18998K(19200K) NonClass: 16337K(16448K)->16337K(16448K) Class: 2661K(2752K)->2661K(2752K)
[434.146s][info][gc             ] GC(1054) Pause Young (Normal) (G1 Evacuation Pause) 923M->815M(978M) 9.133ms
[434.146s][info][gc,cpu         ] GC(1054) User=0.02s Sys=0.00s Real=0.01s
[434.287s][info][gc,start       ] GC(1055) Pause Young (Normal) (G1 Evacuation Pause)
[434.287s][info][gc,task        ] GC(1055) Using 2 workers of 2 for evacuation
[434.308s][info][gc,phases      ] GC(1055)   Pre Evacuate Collection Set: 0.50ms
[434.308s][info][gc,phases      ] GC(1055)   Merge Heap Roots: 0.18ms
[434.308s][info][gc,phases      ] GC(1055)   Evacuate Collection Set: 19.57ms
[434.308s][info][gc,phases      ] GC(1055)   Post Evacuate Collection Set: 0.34ms
[434.308s][info][gc,phases      ] GC(1055)   Other: 0.07ms
[434.308s][info][gc,heap        ] GC(1055) Eden regions: 107->0(89)
[434.308s][info][gc,heap        ] GC(1055) Survivor regions: 5->14(14)
[434.308s][info][gc,heap        ] GC(1055) Old regions: 800->800
[434.308s][info][gc,heap        ] GC(1055) Humongous regions: 11->11
[434.308s][info][gc,metaspace   ] GC(1055) Metaspace: 18998K(19200K)->18998K(19200K) NonClass: 16337K(16448K)->16337K(16448K) Class: 2661K(2752K)->2661K(2752K)
[434.308s][info][gc             ] GC(1055) Pause Young (Normal) (G1 Evacuation Pause) 922M->824M(978M) 20.902ms
[434.308s][info][gc,cpu         ] GC(1055) User=0.04s Sys=0.00s Real=0.02s
[434.432s][info][gc,start       ] GC(1056) Pause Young (Normal) (G1 Evacuation Pause)
[434.432s][info][gc,task        ] GC(1056) Using 2 workers of 2 for evacuation
[434.467s][info][gc,phases      ] GC(1056)   Pre Evacuate Collection Set: 0.47ms
[434.467s][info][gc,phases      ] GC(1056)   Merge Heap Roots: 0.22ms
[434.467s][info][gc,phases      ] GC(1056)   Evacuate Collection Set: 33.00ms
[434.467s][info][gc,phases      ] GC(1056)   Post Evacuate Collection Set: 0.43ms
[434.467s][info][gc,phases      ] GC(1056)   Other: 0.09ms
[434.467s][info][gc,heap        ] GC(1056) Eden regions: 89->0(76)
[434.467s][info][gc,heap        ] GC(1056) Survivor regions: 14->13(13)
[434.467s][info][gc,heap        ] GC(1056) Old regions: 800->815
[434.467s][info][gc,heap        ] GC(1056) Humongous regions: 11->11
[434.467s][info][gc,metaspace   ] GC(1056) Metaspace: 18998K(19200K)->18998K(19200K) NonClass: 16337K(16448K)->16337K(16448K) Class: 2661K(2752K)->2661K(2752K)
[434.467s][info][gc             ] GC(1056) Pause Young (Normal) (G1 Evacuation Pause) 913M->838M(978M) 34.431ms
[434.467s][info][gc,cpu         ] GC(1056) User=0.06s Sys=0.00s Real=0.04s
[434.651s][info][gc,marking     ] GC(1052) Concurrent Mark From Roots 759.746ms
[434.651s][info][gc,marking     ] GC(1052) Concurrent Preclean
[434.651s][info][gc,marking     ] GC(1052) Concurrent Preclean 0.048ms
[434.652s][info][gc,start       ] GC(1052) Pause Remark
[434.659s][info][gc             ] GC(1052) Pause Remark 912M->495M(978M) 7.880ms
[434.659s][info][gc,cpu         ] GC(1052) User=0.01s Sys=0.00s Real=0.01s
[434.660s][info][gc,marking     ] GC(1052) Concurrent Mark 768.003ms
[434.660s][info][gc,marking     ] GC(1052) Concurrent Rebuild Remembered Sets and Scrub Regions
[434.681s][info][gc,start       ] GC(1057) Pause Young (Normal) (G1 Evacuation Pause)
[434.681s][info][gc,task        ] GC(1057) Using 2 workers of 2 for evacuation
[434.697s][info][gc,phases      ] GC(1057)   Pre Evacuate Collection Set: 0.23ms
[434.697s][info][gc,phases      ] GC(1057)   Merge Heap Roots: 0.13ms
[434.697s][info][gc,phases      ] GC(1057)   Evacuate Collection Set: 14.37ms
[434.697s][info][gc,phases      ] GC(1057)   Post Evacuate Collection Set: 0.29ms
[434.697s][info][gc,phases      ] GC(1057)   Other: 0.09ms
[434.697s][info][gc,heap        ] GC(1057) Eden regions: 76->0(373)
[434.697s][info][gc,heap        ] GC(1057) Survivor regions: 13->1(12)
[434.697s][info][gc,heap        ] GC(1057) Old regions: 405->419
[434.697s][info][gc,heap        ] GC(1057) Humongous regions: 4->4
[434.697s][info][gc,metaspace   ] GC(1057) Metaspace: 18998K(19200K)->18998K(19200K) NonClass: 16337K(16448K)->16337K(16448K) Class: 2661K(2752K)->2661K(2752K)
[434.697s][info][gc             ] GC(1057) Pause Young (Normal) (G1 Evacuation Pause) 497M->423M(978M) 15.278ms
[434.697s][info][gc,cpu         ] GC(1057) User=0.03s Sys=0.00s Real=0.02s
[434.938s][info][gc,marking     ] GC(1052) Concurrent Rebuild Remembered Sets and Scrub Regions 278.616ms
[434.938s][info][gc,start       ] GC(1052) Pause Cleanup
[434.939s][info][gc             ] GC(1052) Pause Cleanup 535M->535M(978M) 0.148ms
[434.939s][info][gc,cpu         ] GC(1052) User=0.00s Sys=0.00s Real=0.00s
[434.939s][info][gc,marking     ] GC(1052) Concurrent Clear Claimed Marks
[434.939s][info][gc,marking     ] GC(1052) Concurrent Clear Claimed Marks 0.034ms
[434.939s][info][gc,marking     ] GC(1052) Concurrent Cleanup for Next Mark
[434.941s][info][gc,marking     ] GC(1052) Concurrent Cleanup for Next Mark 2.839ms
[434.942s][info][gc             ] GC(1052) Concurrent Mark Cycle 1070.529ms
[435.618s][info][gc,start       ] GC(1058) Pause Young (Prepare Mixed) (G1 Evacuation Pause)
[435.619s][info][gc,task        ] GC(1058) Using 2 workers of 2 for evacuation
[435.646s][info][gc,phases      ] GC(1058)   Pre Evacuate Collection Set: 0.31ms
[435.646s][info][gc,phases      ] GC(1058)   Merge Heap Roots: 0.26ms
[435.646s][info][gc,phases      ] GC(1058)   Evacuate Collection Set: 25.87ms
[435.646s][info][gc,phases      ] GC(1058)   Post Evacuate Collection Set: 0.59ms
[435.646s][info][gc,phases      ] GC(1058)   Other: 0.11ms
[435.646s][info][gc,heap        ] GC(1058) Eden regions: 373->0(375)
[435.646s][info][gc,heap        ] GC(1058) Survivor regions: 1->22(47)
[435.646s][info][gc,heap        ] GC(1058) Old regions: 419->419
[435.646s][info][gc,heap        ] GC(1058) Humongous regions: 4->4
[435.646s][info][gc,metaspace   ] GC(1058) Metaspace: 18998K(19200K)->18998K(19200K) NonClass: 16337K(16448K)->16337K(16448K) Class: 2661K(2752K)->2661K(2752K)
[435.646s][info][gc             ] GC(1058) Pause Young (Prepare Mixed) (G1 Evacuation Pause) 796M->443M(978M) 27.388ms
[435.646s][info][gc,cpu         ] GC(1058) User=0.05s Sys=0.00s Real=0.02s
[436.423s][info][gc,start       ] GC(1059) Pause Young (Mixed) (G1 Evacuation Pause)
[436.423s][info][gc,task        ] GC(1059) Using 2 workers of 2 for evacuation
[436.463s][info][gc,phases      ] GC(1059)   Pre Evacuate Collection Set: 0.35ms
[436.463s][info][gc,phases      ] GC(1059)   Merge Heap Roots: 0.55ms
[436.463s][info][gc,phases      ] GC(1059)   Evacuate Collection Set: 37.94ms
[436.463s][info][gc,phases      ] GC(1059)   Post Evacuate Collection Set: 0.70ms
[436.463s][info][gc,phases      ] GC(1059)   Other: 0.10ms
[436.463s][info][gc,heap        ] GC(1059) Eden regions: 375->0(462)
[436.463s][info][gc,heap        ] GC(1059) Survivor regions: 22->26(50)
[436.463s][info][gc,heap        ] GC(1059) Old regions: 419->332
[436.463s][info][gc,heap        ] GC(1059) Humongous regions: 4->4
[436.463s][info][gc,metaspace   ] GC(1059) Metaspace: 18998K(19200K)->18998K(19200K) NonClass: 16337K(16448K)->16337K(16448K) Class: 2661K(2752K)->2661K(2752K)
[436.463s][info][gc             ] GC(1059) Pause Young (Mixed) (G1 Evacuation Pause) 818M->361M(978M) 39.907ms
[436.463s][info][gc,cpu         ] GC(1059) User=0.07s Sys=0.00s Real=0.04s
[436.926s][info][gc,start       ] GC(1060) Pause Young (Concurrent Start) (G1 Evacuation Pause)
[436.927s][info][gc,task        ] GC(1060) Using 2 workers of 2 for evacuation
[437.054s][info][gc,phases      ] GC(1060)   Pre Evacuate Collection Set: 0.27ms
[437.054s][info][gc,phases      ] GC(1060)   Merge Heap Roots: 0.54ms
[437.054s][info][gc,phases      ] GC(1060)   Evacuate Collection Set: 125.93ms
[437.054s][info][gc,phases      ] GC(1060)   Post Evacuate Collection Set: 0.86ms
[437.054s][info][gc,phases      ] GC(1060)   Other: 0.13ms
[437.054s][info][gc,heap        ] GC(1060) Eden regions: 462->0(378)
[437.054s][info][gc,heap        ] GC(1060) Survivor regions: 26->61(61)
[437.054s][info][gc,heap        ] GC(1060) Old regions: 332->384
[437.054s][info][gc,heap        ] GC(1060) Humongous regions: 4->4
[437.054s][info][gc,metaspace   ] GC(1060) Metaspace: 18998K(19200K)->18998K(19200K) NonClass: 16337K(16448K)->16337K(16448K) Class: 2661K(2752K)->2661K(2752K)
[437.054s][info][gc             ] GC(1060) Pause Young (Concurrent Start) (G1 Evacuation Pause) 823M->448M(978M) 128.010ms
[437.054s][info][gc             ] GC(1061) Concurrent Mark Cycle
[437.055s][info][gc,marking     ] GC(1061) Concurrent Scan Root Regions
[437.056s][info][gc,cpu         ] GC(1060) User=0.26s Sys=0.00s Real=0.13s
[437.169s][info][gc,marking     ] GC(1061) Concurrent Scan Root Regions 114.748ms
[437.169s][info][gc,marking     ] GC(1061) Concurrent Mark
[437.169s][info][gc,marking     ] GC(1061) Concurrent Mark From Roots
[437.169s][info][gc,task        ] GC(1061) Using 1 workers of 1 for marking
[437.591s][info][gc,start       ] GC(1062) Pause Young (Normal) (G1 Evacuation Pause)
[437.591s][info][gc,task        ] GC(1062) Using 2 workers of 2 for evacuation
[437.742s][info][gc,phases      ] GC(1062)   Pre Evacuate Collection Set: 0.29ms
[437.742s][info][gc,phases      ] GC(1062)   Merge Heap Roots: 0.49ms
[437.742s][info][gc,phases      ] GC(1062)   Evacuate Collection Set: 149.10ms
[437.742s][info][gc,phases      ] GC(1062)   Post Evacuate Collection Set: 0.74ms
[437.742s][info][gc,phases      ] GC(1062)   Other: 0.12ms
[437.742s][info][gc,heap        ] GC(1062) Eden regions: 378->0(318)
[437.742s][info][gc,heap        ] GC(1062) Survivor regions: 61->55(55)
[437.742s][info][gc,heap        ] GC(1062) Old regions: 384->467
[437.742s][info][gc,heap        ] GC(1062) Humongous regions: 7->7
[437.742s][info][gc,metaspace   ] GC(1062) Metaspace: 18998K(19200K)->18998K(19200K) NonClass: 16337K(16448K)->16337K(16448K) Class: 2661K(2752K)->2661K(2752K)
[437.742s][info][gc             ] GC(1062) Pause Young (Normal) (G1 Evacuation Pause) 829M->528M(978M) 150.988ms
[437.742s][info][gc,cpu         ] GC(1062) User=0.30s Sys=0.00s Real=0.15s
[438.107s][info][gc,start       ] GC(1063) Pause Young (Normal) (G1 Evacuation Pause)
[438.107s][info][gc,task        ] GC(1063) Using 2 workers of 2 for evacuation
[438.205s][info][gc,phases      ] GC(1063)   Pre Evacuate Collection Set: 0.52ms
[438.205s][info][gc,phases      ] GC(1063)   Merge Heap Roots: 0.39ms
[438.205s][info][gc,phases      ] GC(1063)   Evacuate Collection Set: 95.79ms
[438.205s][info][gc,phases      ] GC(1063)   Post Evacuate Collection Set: 0.60ms
[438.205s][info][gc,phases      ] GC(1063)   Other: 0.11ms
[438.205s][info][gc,heap        ] GC(1063) Eden regions: 318->0(307)
[438.205s][info][gc,heap        ] GC(1063) Survivor regions: 55->24(47)
[438.205s][info][gc,heap        ] GC(1063) Old regions: 467->523
[438.205s][info][gc,heap        ] GC(1063) Humongous regions: 8->8
[438.205s][info][gc,metaspace   ] GC(1063) Metaspace: 18998K(19200K)->18998K(19200K) NonClass: 16337K(16448K)->16337K(16448K) Class: 2661K(2752K)->2661K(2752K)
[438.205s][info][gc             ] GC(1063) Pause Young (Normal) (G1 Evacuation Pause) 847M->554M(978M) 97.656ms
[438.205s][info][gc,cpu         ] GC(1063) User=0.19s Sys=0.00s Real=0.09s
[438.206s][info][gc,marking     ] GC(1061) Concurrent Mark From Roots 1036.191ms
[438.206s][info][gc,marking     ] GC(1061) Concurrent Preclean
[438.206s][info][gc,marking     ] GC(1061) Concurrent Preclean 0.033ms
[438.206s][info][gc,start       ] GC(1061) Pause Remark
[438.213s][info][gc             ] GC(1061) Pause Remark 555M->550M(978M) 7.566ms
[438.213s][info][gc,cpu         ] GC(1061) User=0.02s Sys=0.00s Real=0.01s
[438.213s][info][gc,marking     ] GC(1061) Concurrent Mark 1044.067ms
[438.213s][info][gc,marking     ] GC(1061) Concurrent Rebuild Remembered Sets and Scrub Regions
[438.559s][info][gc,start       ] GC(1064) Pause Young (Normal) (G1 Evacuation Pause)
[438.560s][info][gc,task        ] GC(1064) Using 2 workers of 2 for evacuation
[438.614s][info][gc,phases      ] GC(1064)   Pre Evacuate Collection Set: 0.46ms
[438.614s][info][gc,phases      ] GC(1064)   Merge Heap Roots: 0.47ms
[438.614s][info][gc,phases      ] GC(1064)   Evacuate Collection Set: 52.89ms
[438.614s][info][gc,phases      ] GC(1064)   Post Evacuate Collection Set: 0.50ms
[438.614s][info][gc,phases      ] GC(1064)   Other: 0.10ms
[438.614s][info][gc,heap        ] GC(1064) Eden regions: 307->0(308)
[438.614s][info][gc,heap        ] GC(1064) Survivor regions: 24->17(42)
[438.614s][info][gc,heap        ] GC(1064) Old regions: 518->542
[438.614s][info][gc,heap        ] GC(1064) Humongous regions: 8->8
[438.614s][info][gc,metaspace   ] GC(1064) Metaspace: 18998K(19200K)->18998K(19200K) NonClass: 16337K(16448K)->16337K(16448K) Class: 2661K(2752K)->2661K(2752K)
[438.614s][info][gc             ] GC(1064) Pause Young (Normal) (G1 Evacuation Pause) 856M->566M(978M) 54.643ms
[438.614s][info][gc,cpu         ] GC(1064) User=0.10s Sys=0.00s Real=0.05s
[438.697s][info][gc,marking     ] GC(1061) Concurrent Rebuild Remembered Sets and Scrub Regions 483.219ms
[438.697s][info][gc,start       ] GC(1061) Pause Cleanup
[438.697s][info][gc             ] GC(1061) Pause Cleanup 618M->618M(978M) 0.078ms
[438.697s][info][gc,cpu         ] GC(1061) User=0.00s Sys=0.00s Real=0.00s
[438.697s][info][gc,marking     ] GC(1061) Concurrent Clear Claimed Marks
[438.697s][info][gc,marking     ] GC(1061) Concurrent Clear Claimed Marks 0.034ms
[438.697s][info][gc,marking     ] GC(1061) Concurrent Cleanup for Next Mark
[438.704s][info][gc,marking     ] GC(1061) Concurrent Cleanup for Next Mark 6.763ms
[438.704s][info][gc             ] GC(1061) Concurrent Mark Cycle 1649.670ms
[439.202s][info][gc,start       ] GC(1065) Pause Young (Prepare Mixed) (G1 Evacuation Pause)
[439.202s][info][gc,task        ] GC(1065) Using 2 workers of 2 for evacuation
[439.263s][info][gc,phases      ] GC(1065)   Pre Evacuate Collection Set: 0.51ms
[439.263s][info][gc,phases      ] GC(1065)   Merge Heap Roots: 0.44ms
[439.263s][info][gc,phases      ] GC(1065)   Evacuate Collection Set: 59.58ms
[439.263s][info][gc,phases      ] GC(1065)   Post Evacuate Collection Set: 0.63ms
[439.264s][info][gc,phases      ] GC(1065)   Other: 0.10ms
[439.264s][info][gc,heap        ] GC(1065) Eden regions: 308->0(288)
[439.264s][info][gc,heap        ] GC(1065) Survivor regions: 17->41(41)
[439.264s][info][gc,heap        ] GC(1065) Old regions: 542->548
[439.264s][info][gc,heap        ] GC(1065) Humongous regions: 8->8
[439.264s][info][gc,metaspace   ] GC(1065) Metaspace: 18998K(19200K)->18998K(19200K) NonClass: 16337K(16448K)->16337K(16448K) Class: 2661K(2752K)->2661K(2752K)
[439.264s][info][gc             ] GC(1065) Pause Young (Prepare Mixed) (G1 Evacuation Pause) 874M->596M(978M) 61.494ms
[439.264s][info][gc,cpu         ] GC(1065) User=0.12s Sys=0.00s Real=0.06s
[439.602s][info][gc,start       ] GC(1066) Pause Young (Mixed) (G1 Evacuation Pause)
[439.602s][info][gc,task        ] GC(1066) Using 2 workers of 2 for evacuation
[439.695s][info][gc,phases      ] GC(1066)   Pre Evacuate Collection Set: 0.31ms
[439.695s][info][gc,phases      ] GC(1066)   Merge Heap Roots: 0.39ms
[439.695s][info][gc,phases      ] GC(1066)   Evacuate Collection Set: 91.38ms
[439.695s][info][gc,phases      ] GC(1066)   Post Evacuate Collection Set: 0.64ms
[439.695s][info][gc,phases      ] GC(1066)   Other: 0.09ms
[439.695s][info][gc,heap        ] GC(1066) Eden regions: 288->0(251)
[439.695s][info][gc,heap        ] GC(1066) Survivor regions: 41->42(42)
[439.695s][info][gc,heap        ] GC(1066) Old regions: 548->583
[439.695s][info][gc,heap        ] GC(1066) Humongous regions: 8->8
[439.695s][info][gc,metaspace   ] GC(1066) Metaspace: 18998K(19200K)->18998K(19200K) NonClass: 16337K(16448K)->16337K(16448K) Class: 2661K(2752K)->2661K(2752K)
[439.695s][info][gc             ] GC(1066) Pause Young (Mixed) (G1 Evacuation Pause) 884M->632M(978M) 93.060ms
[439.695s][info][gc,cpu         ] GC(1066) User=0.18s Sys=0.00s Real=0.09s
[439.983s][info][gc,start       ] GC(1067) Pause Young (Concurrent Start) (G1 Evacuation Pause)
[439.983s][info][gc,task        ] GC(1067) Using 2 workers of 2 for evacuation
[440.057s][info][gc,phases      ] GC(1067)   Pre Evacuate Collection Set: 0.30ms
[440.057s][info][gc,phases      ] GC(1067)   Merge Heap Roots: 0.19ms
[440.057s][info][gc,phases      ] GC(1067)   Evacuate Collection Set: 71.99ms
[440.057s][info][gc,phases      ] GC(1067)   Post Evacuate Collection Set: 0.55ms
[440.057s][info][gc,phases      ] GC(1067)   Other: 0.13ms
[440.057s][info][gc,heap        ] GC(1067) Eden regions: 251->0(216)
[440.057s][info][gc,heap        ] GC(1067) Survivor regions: 42->37(37)
[440.057s][info][gc,heap        ] GC(1067) Old regions: 583->630
[440.057s][info][gc,heap        ] GC(1067) Humongous regions: 8->8
[440.057s][info][gc,metaspace   ] GC(1067) Metaspace: 18998K(19200K)->18998K(19200K) NonClass: 16337K(16448K)->16337K(16448K) Class: 2661K(2752K)->2661K(2752K)
[440.057s][info][gc             ] GC(1067) Pause Young (Concurrent Start) (G1 Evacuation Pause) 883M->674M(978M) 73.401ms
[440.057s][info][gc,cpu         ] GC(1067) User=0.15s Sys=0.00s Real=0.08s
[440.057s][info][gc             ] GC(1068) Concurrent Mark Cycle
[440.057s][info][gc,marking     ] GC(1068) Concurrent Scan Root Regions
[440.141s][info][gc,marking     ] GC(1068) Concurrent Scan Root Regions 84.649ms
[440.142s][info][gc,marking     ] GC(1068) Concurrent Mark
[440.142s][info][gc,marking     ] GC(1068) Concurrent Mark From Roots
[440.142s][info][gc,task        ] GC(1068) Using 1 workers of 1 for marking
[440.458s][info][gc,start       ] GC(1069) Pause Young (Normal) (G1 Evacuation Pause)
[440.458s][info][gc,task        ] GC(1069) Using 2 workers of 2 for evacuation
[440.563s][info][gc,phases      ] GC(1069)   Pre Evacuate Collection Set: 0.31ms
[440.563s][info][gc,phases      ] GC(1069)   Merge Heap Roots: 0.27ms
[440.563s][info][gc,phases      ] GC(1069)   Evacuate Collection Set: 102.97ms
[440.563s][info][gc,phases      ] GC(1069)   Post Evacuate Collection Set: 2.07ms
[440.563s][info][gc,phases      ] GC(1069)   Other: 0.10ms
[440.563s][info][gc,heap        ] GC(1069) Eden regions: 216->0(140)
[440.563s][info][gc,heap        ] GC(1069) Survivor regions: 37->32(32)
[440.563s][info][gc,heap        ] GC(1069) Old regions: 630->713
[440.563s][info][gc,heap        ] GC(1069) Humongous regions: 11->11
[440.563s][info][gc,metaspace   ] GC(1069) Metaspace: 18998K(19200K)->18998K(19200K) NonClass: 16337K(16448K)->16337K(16448K) Class: 2661K(2752K)->2661K(2752K)
[440.563s][info][gc             ] GC(1069) Pause Young (Normal) (G1 Evacuation Pause) (Evacuation Failure: Allocation) 893M->755M(978M) 105.958ms
[440.563s][info][gc,cpu         ] GC(1069) User=0.21s Sys=0.00s Real=0.10s
[440.760s][info][gc,start       ] GC(1070) Pause Young (Normal) (G1 Evacuation Pause)
[440.760s][info][gc,task        ] GC(1070) Using 2 workers of 2 for evacuation
[440.818s][info][gc,phases      ] GC(1070)   Pre Evacuate Collection Set: 0.38ms
[440.818s][info][gc,phases      ] GC(1070)   Merge Heap Roots: 0.48ms
[440.818s][info][gc,phases      ] GC(1070)   Evacuate Collection Set: 56.32ms
[440.818s][info][gc,phases      ] GC(1070)   Post Evacuate Collection Set: 0.44ms
[440.818s][info][gc,phases      ] GC(1070)   Other: 0.09ms
[440.818s][info][gc,heap        ] GC(1070) Eden regions: 140->0(172)
[440.818s][info][gc,heap        ] GC(1070) Survivor regions: 32->7(22)
[440.818s][info][gc,heap        ] GC(1070) Old regions: 713->715
[440.818s][info][gc,heap        ] GC(1070) Humongous regions: 11->11
[440.818s][info][gc,metaspace   ] GC(1070) Metaspace: 18998K(19200K)->18998K(19200K) NonClass: 16337K(16448K)->16337K(16448K) Class: 2661K(2752K)->2661K(2752K)
[440.818s][info][gc             ] GC(1070) Pause Young (Normal) (G1 Evacuation Pause) 895M->731M(978M) 57.988ms
[440.818s][info][gc,cpu         ] GC(1070) User=0.11s Sys=0.00s Real=0.06s
[441.110s][info][gc,start       ] GC(1071) Pause Young (Normal) (G1 Evacuation Pause)
[441.110s][info][gc,task        ] GC(1071) Using 2 workers of 2 for evacuation
[441.130s][info][gc,phases      ] GC(1071)   Pre Evacuate Collection Set: 0.48ms
[441.130s][info][gc,phases      ] GC(1071)   Merge Heap Roots: 0.22ms
[441.130s][info][gc,phases      ] GC(1071)   Evacuate Collection Set: 18.22ms
[441.130s][info][gc,phases      ] GC(1071)   Post Evacuate Collection Set: 0.41ms
[441.130s][info][gc,phases      ] GC(1071)   Other: 0.10ms
[441.130s][info][gc,heap        ] GC(1071) Eden regions: 172->0(176)
[441.130s][info][gc,heap        ] GC(1071) Survivor regions: 7->12(23)
[441.130s][info][gc,heap        ] GC(1071) Old regions: 715->715
[441.130s][info][gc,heap        ] GC(1071) Humongous regions: 11->11
[441.130s][info][gc,metaspace   ] GC(1071) Metaspace: 18998K(19200K)->18998K(19200K) NonClass: 16337K(16448K)->16337K(16448K) Class: 2661K(2752K)->2661K(2752K)
[441.130s][info][gc             ] GC(1071) Pause Young (Normal) (G1 Evacuation Pause) 903M->736M(978M) 19.655ms
[441.130s][info][gc,cpu         ] GC(1071) User=0.03s Sys=0.00s Real=0.02s
[441.484s][info][gc,marking     ] GC(1068) Concurrent Mark From Roots 1342.791ms
[441.484s][info][gc,marking     ] GC(1068) Concurrent Preclean
[441.484s][info][gc,marking     ] GC(1068) Concurrent Preclean 0.064ms
[441.485s][info][gc,start       ] GC(1068) Pause Remark
[441.493s][info][gc             ] GC(1068) Pause Remark 898M->765M(978M) 8.069ms
[441.493s][info][gc,cpu         ] GC(1068) User=0.02s Sys=0.00s Real=0.01s
[441.495s][info][gc,marking     ] GC(1068) Concurrent Mark 1353.738ms
[441.495s][info][gc,marking     ] GC(1068) Concurrent Rebuild Remembered Sets and Scrub Regions
[441.567s][info][gc,start       ] GC(1072) Pause Young (Normal) (G1 Evacuation Pause)
[441.567s][info][gc,task        ] GC(1072) Using 2 workers of 2 for evacuation
[441.610s][info][gc,phases      ] GC(1072)   Pre Evacuate Collection Set: 0.29ms
[441.610s][info][gc,phases      ] GC(1072)   Merge Heap Roots: 0.49ms
[441.610s][info][gc,phases      ] GC(1072)   Evacuate Collection Set: 41.35ms
[441.610s][info][gc,phases      ] GC(1072)   Post Evacuate Collection Set: 0.64ms
[441.610s][info][gc,phases      ] GC(1072)   Other: 0.10ms
[441.610s][info][gc,heap        ] GC(1072) Eden regions: 176->0(256)
[441.610s][info][gc,heap        ] GC(1072) Survivor regions: 12->23(24)
[441.610s][info][gc,heap        ] GC(1072) Old regions: 586->586
[441.610s][info][gc,heap        ] GC(1072) Humongous regions: 7->7
[441.610s][info][gc,metaspace   ] GC(1072) Metaspace: 18998K(19200K)->18998K(19200K) NonClass: 16337K(16448K)->16337K(16448K) Class: 2661K(2752K)->2661K(2752K)
[441.610s][info][gc             ] GC(1072) Pause Young (Normal) (G1 Evacuation Pause) 779M->614M(978M) 43.138ms
[441.610s][info][gc,cpu         ] GC(1072) User=0.08s Sys=0.00s Real=0.04s
[442.071s][info][gc,start       ] GC(1073) Pause Young (Normal) (G1 Evacuation Pause)
[442.071s][info][gc,task        ] GC(1073) Using 2 workers of 2 for evacuation
[442.170s][info][gc,phases      ] GC(1073)   Pre Evacuate Collection Set: 0.28ms
[442.170s][info][gc,phases      ] GC(1073)   Merge Heap Roots: 0.51ms
[442.170s][info][gc,phases      ] GC(1073)   Evacuate Collection Set: 97.19ms
[442.170s][info][gc,phases      ] GC(1073)   Post Evacuate Collection Set: 0.92ms
[442.170s][info][gc,phases      ] GC(1073)   Other: 0.10ms
[442.170s][info][gc,heap        ] GC(1073) Eden regions: 256->0(194)
[442.170s][info][gc,heap        ] GC(1073) Survivor regions: 23->35(35)
[442.170s][info][gc,heap        ] GC(1073) Old regions: 586->641
[442.170s][info][gc,heap        ] GC(1073) Humongous regions: 7->7
[442.170s][info][gc,metaspace   ] GC(1073) Metaspace: 18998K(19200K)->18998K(19200K) NonClass: 16337K(16448K)->16337K(16448K) Class: 2661K(2752K)->2661K(2752K)
[442.170s][info][gc             ] GC(1073) Pause Young (Normal) (G1 Evacuation Pause) 870M->682M(978M) 99.243ms
[442.170s][info][gc,cpu         ] GC(1073) User=0.20s Sys=0.00s Real=0.10s
[442.396s][info][gc,marking     ] GC(1068) Concurrent Rebuild Remembered Sets and Scrub Regions 901.087ms
[442.397s][info][gc,start       ] GC(1068) Pause Cleanup
[442.397s][info][gc             ] GC(1068) Pause Cleanup 789M->789M(978M) 0.142ms
[442.397s][info][gc,cpu         ] GC(1068) User=0.00s Sys=0.00s Real=0.00s
[442.397s][info][gc,marking     ] GC(1068) Concurrent Clear Claimed Marks
[442.397s][info][gc,marking     ] GC(1068) Concurrent Clear Claimed Marks 0.029ms
[442.397s][info][gc,marking     ] GC(1068) Concurrent Cleanup for Next Mark
[442.404s][info][gc,marking     ] GC(1068) Concurrent Cleanup for Next Mark 6.829ms
[442.404s][info][gc             ] GC(1068) Concurrent Mark Cycle 2347.007ms
[442.517s][info][gc,start       ] GC(1074) Pause Young (Prepare Mixed) (G1 Evacuation Pause)
[442.517s][info][gc,task        ] GC(1074) Using 2 workers of 2 for evacuation
[442.597s][info][gc,phases      ] GC(1074)   Pre Evacuate Collection Set: 0.51ms
[442.597s][info][gc,phases      ] GC(1074)   Merge Heap Roots: 0.65ms
[442.597s][info][gc,phases      ] GC(1074)   Evacuate Collection Set: 77.73ms
[442.597s][info][gc,phases      ] GC(1074)   Post Evacuate Collection Set: 0.60ms
[442.597s][info][gc,phases      ] GC(1074)   Other: 0.10ms
[442.597s][info][gc,heap        ] GC(1074) Eden regions: 194->0(180)
[442.597s][info][gc,heap        ] GC(1074) Survivor regions: 35->26(29)
[442.597s][info][gc,heap        ] GC(1074) Old regions: 641->676
[442.597s][info][gc,heap        ] GC(1074) Humongous regions: 7->7
[442.597s][info][gc,metaspace   ] GC(1074) Metaspace: 18998K(19200K)->18998K(19200K) NonClass: 16337K(16448K)->16337K(16448K) Class: 2661K(2752K)->2661K(2752K)
[442.597s][info][gc             ] GC(1074) Pause Young (Prepare Mixed) (G1 Evacuation Pause) 876M->708M(978M) 79.843ms
[442.597s][info][gc,cpu         ] GC(1074) User=0.15s Sys=0.00s Real=0.08s
[442.854s][info][gc,start       ] GC(1075) Pause Young (Mixed) (G1 Evacuation Pause)
[442.854s][info][gc,task        ] GC(1075) Using 2 workers of 2 for evacuation
[442.971s][info][gc,phases      ] GC(1075)   Pre Evacuate Collection Set: 0.35ms
[442.971s][info][gc,phases      ] GC(1075)   Merge Heap Roots: 0.91ms
[442.971s][info][gc,phases      ] GC(1075)   Evacuate Collection Set: 114.89ms
[442.971s][info][gc,phases      ] GC(1075)   Post Evacuate Collection Set: 0.93ms
[442.971s][info][gc,phases      ] GC(1075)   Other: 0.10ms
[442.971s][info][gc,heap        ] GC(1075) Eden regions: 180->0(199)
[442.971s][info][gc,heap        ] GC(1075) Survivor regions: 26->26(26)
[442.971s][info][gc,heap        ] GC(1075) Old regions: 676->635
[442.971s][info][gc,heap        ] GC(1075) Humongous regions: 10->10
[442.971s][info][gc,metaspace   ] GC(1075) Metaspace: 18998K(19200K)->18998K(19200K) NonClass: 16337K(16448K)->16337K(16448K) Class: 2661K(2752K)->2661K(2752K)
[442.971s][info][gc             ] GC(1075) Pause Young (Mixed) (G1 Evacuation Pause) 891M->670M(978M) 117.473ms
[442.971s][info][gc,cpu         ] GC(1075) User=0.24s Sys=0.00s Real=0.12s
[443.182s][info][gc,start       ] GC(1076) Pause Young (Mixed) (G1 Evacuation Pause)
[443.182s][info][gc,task        ] GC(1076) Using 2 workers of 2 for evacuation
[443.311s][info][gc,phases      ] GC(1076)   Pre Evacuate Collection Set: 0.31ms
[443.311s][info][gc,phases      ] GC(1076)   Merge Heap Roots: 1.41ms
[443.311s][info][gc,phases      ] GC(1076)   Evacuate Collection Set: 104.62ms
[443.311s][info][gc,phases      ] GC(1076)   Merge Optional Heap Roots: 0.26ms
[443.311s][info][gc,phases      ] GC(1076)   Evacuate Optional Collection Set: 21.35ms
[443.311s][info][gc,phases      ] GC(1076)   Post Evacuate Collection Set: 1.00ms
[443.311s][info][gc,phases      ] GC(1076)   Other: 0.09ms
[443.311s][info][gc,heap        ] GC(1076) Eden regions: 199->0(198)
[443.311s][info][gc,heap        ] GC(1076) Survivor regions: 26->21(29)
[443.311s][info][gc,heap        ] GC(1076) Old regions: 635->649
[443.311s][info][gc,heap        ] GC(1076) Humongous regions: 10->10
[443.311s][info][gc,metaspace   ] GC(1076) Metaspace: 18998K(19200K)->18998K(19200K) NonClass: 16337K(16448K)->16337K(16448K) Class: 2661K(2752K)->2661K(2752K)
[443.311s][info][gc             ] GC(1076) Pause Young (Mixed) (G1 Evacuation Pause) 869M->679M(978M) 129.340ms
[443.311s][info][gc,cpu         ] GC(1076) User=0.26s Sys=0.00s Real=0.13s
[443.553s][info][gc,start       ] GC(1077) Pause Young (Mixed) (G1 Evacuation Pause)
[443.554s][info][gc,task        ] GC(1077) Using 2 workers of 2 for evacuation
[443.656s][info][gc,phases      ] GC(1077)   Pre Evacuate Collection Set: 0.48ms
[443.656s][info][gc,phases      ] GC(1077)   Merge Heap Roots: 1.45ms
[443.656s][info][gc,phases      ] GC(1077)   Evacuate Collection Set: 99.74ms
[443.656s][info][gc,phases      ] GC(1077)   Post Evacuate Collection Set: 0.45ms
[443.656s][info][gc,phases      ] GC(1077)   Other: 0.09ms
[443.656s][info][gc,heap        ] GC(1077) Eden regions: 198->0(207)
[443.656s][info][gc,heap        ] GC(1077) Survivor regions: 21->5(28)
[443.656s][info][gc,heap        ] GC(1077) Old regions: 649->669
[443.656s][info][gc,heap        ] GC(1077) Humongous regions: 10->10
[443.656s][info][gc,metaspace   ] GC(1077) Metaspace: 18998K(19200K)->18998K(19200K) NonClass: 16337K(16448K)->16337K(16448K) Class: 2661K(2752K)->2661K(2752K)
[443.656s][info][gc             ] GC(1077) Pause Young (Mixed) (G1 Evacuation Pause) 877M->683M(978M) 102.450ms
[443.656s][info][gc,cpu         ] GC(1077) User=0.20s Sys=0.00s Real=0.10s
[443.961s][info][gc,start       ] GC(1078) Pause Young (Concurrent Start) (G1 Evacuation Pause)
[443.961s][info][gc,task        ] GC(1078) Using 2 workers of 2 for evacuation
[443.986s][info][gc,phases      ] GC(1078)   Pre Evacuate Collection Set: 0.34ms
[443.987s][info][gc,phases      ] GC(1078)   Merge Heap Roots: 0.16ms
[443.987s][info][gc,phases      ] GC(1078)   Evacuate Collection Set: 24.28ms
[443.987s][info][gc,phases      ] GC(1078)   Post Evacuate Collection Set: 0.46ms
[443.987s][info][gc,phases      ] GC(1078)   Other: 0.10ms
[443.987s][info][gc,heap        ] GC(1078) Eden regions: 207->0(200)
[443.987s][info][gc,heap        ] GC(1078) Survivor regions: 5->21(27)
[443.987s][info][gc,heap        ] GC(1078) Old regions: 669->669
[443.987s][info][gc,heap        ] GC(1078) Humongous regions: 10->10
[443.987s][info][gc,metaspace   ] GC(1078) Metaspace: 18998K(19200K)->18998K(19200K) NonClass: 16337K(16448K)->16337K(16448K) Class: 2661K(2752K)->2661K(2752K)
[443.987s][info][gc             ] GC(1078) Pause Young (Concurrent Start) (G1 Evacuation Pause) 890M->699M(978M) 25.603ms
[443.987s][info][gc,cpu         ] GC(1078) User=0.05s Sys=0.00s Real=0.03s
[443.987s][info][gc             ] GC(1079) Concurrent Mark Cycle
[443.987s][info][gc,marking     ] GC(1079) Concurrent Scan Root Regions
[444.027s][info][gc,marking     ] GC(1079) Concurrent Scan Root Regions 40.029ms
[444.027s][info][gc,marking     ] GC(1079) Concurrent Mark
[444.027s][info][gc,marking     ] GC(1079) Concurrent Mark From Roots
[444.027s][info][gc,task        ] GC(1079) Using 1 workers of 1 for marking
[444.707s][info][gc,start       ] GC(1080) Pause Young (Normal) (G1 Evacuation Pause)
[444.707s][info][gc,task        ] GC(1080) Using 2 workers of 2 for evacuation
[444.743s][info][gc,phases      ] GC(1080)   Pre Evacuate Collection Set: 0.50ms
[444.743s][info][gc,phases      ] GC(1080)   Merge Heap Roots: 0.26ms
[444.743s][info][gc,phases      ] GC(1080)   Evacuate Collection Set: 34.96ms
[444.743s][info][gc,phases      ] GC(1080)   Post Evacuate Collection Set: 0.41ms
[444.743s][info][gc,phases      ] GC(1080)   Other: 0.10ms
[444.743s][info][gc,heap        ] GC(1080) Eden regions: 200->0(199)
[444.743s][info][gc,heap        ] GC(1080) Survivor regions: 21->11(28)
[444.743s][info][gc,heap        ] GC(1080) Old regions: 669->690
[444.743s][info][gc,heap        ] GC(1080) Humongous regions: 10->10
[444.743s][info][gc,metaspace   ] GC(1080) Metaspace: 18998K(19200K)->18998K(19200K) NonClass: 16337K(16448K)->16337K(16448K) Class: 2661K(2752K)->2661K(2752K)
[444.743s][info][gc             ] GC(1080) Pause Young (Normal) (G1 Evacuation Pause) 899M->710M(978M) 36.445ms
[444.743s][info][gc,cpu         ] GC(1080) User=0.07s Sys=0.00s Real=0.03s
[445.450s][info][gc,start       ] GC(1081) Pause Young (Normal) (G1 Evacuation Pause)
[445.451s][info][gc,task        ] GC(1081) Using 2 workers of 2 for evacuation
[445.474s][info][gc,phases      ] GC(1081)   Pre Evacuate Collection Set: 0.29ms
[445.474s][info][gc,phases      ] GC(1081)   Merge Heap Roots: 0.44ms
[445.474s][info][gc,phases      ] GC(1081)   Evacuate Collection Set: 21.90ms
[445.474s][info][gc,phases      ] GC(1081)   Post Evacuate Collection Set: 0.40ms
[445.474s][info][gc,phases      ] GC(1081)   Other: 0.11ms
[445.474s][info][gc,heap        ] GC(1081) Eden regions: 199->0(208)
[445.474s][info][gc,heap        ] GC(1081) Survivor regions: 11->10(27)
[445.474s][info][gc,heap        ] GC(1081) Old regions: 690->690
[445.474s][info][gc,heap        ] GC(1081) Humongous regions: 10->10
[445.474s][info][gc,metaspace   ] GC(1081) Metaspace: 18998K(19200K)->18998K(19200K) NonClass: 16337K(16448K)->16337K(16448K) Class: 2661K(2752K)->2661K(2752K)
[445.474s][info][gc             ] GC(1081) Pause Young (Normal) (G1 Evacuation Pause) 909M->709M(978M) 23.341ms
[445.474s][info][gc,cpu         ] GC(1081) User=0.05s Sys=0.00s Real=0.02s
[445.494s][info][gc,marking     ] GC(1079) Concurrent Mark From Roots 1467.221ms
[445.494s][info][gc,marking     ] GC(1079) Concurrent Preclean
[445.494s][info][gc,marking     ] GC(1079) Concurrent Preclean 0.051ms
[445.494s][info][gc,start       ] GC(1079) Pause Remark
[445.502s][info][gc             ] GC(1079) Pause Remark 714M->583M(978M) 7.672ms
[445.502s][info][gc,cpu         ] GC(1079) User=0.01s Sys=0.00s Real=0.01s
[445.504s][info][gc,marking     ] GC(1079) Concurrent Mark 1477.582ms
[445.504s][info][gc,marking     ] GC(1079) Concurrent Rebuild Remembered Sets and Scrub Regions
[445.965s][info][gc,marking     ] GC(1079) Concurrent Rebuild Remembered Sets and Scrub Regions 460.876ms
[445.965s][info][gc,start       ] GC(1079) Pause Cleanup
[445.966s][info][gc             ] GC(1079) Pause Cleanup 728M->728M(978M) 0.123ms
[445.966s][info][gc,cpu         ] GC(1079) User=0.00s Sys=0.00s Real=0.00s
[445.966s][info][gc,marking     ] GC(1079) Concurrent Clear Claimed Marks
[445.966s][info][gc,marking     ] GC(1079) Concurrent Clear Claimed Marks 0.037ms
[445.966s][info][gc,marking     ] GC(1079) Concurrent Cleanup for Next Mark
[445.969s][info][gc,marking     ] GC(1079) Concurrent Cleanup for Next Mark 2.836ms
[445.969s][info][gc             ] GC(1079) Concurrent Mark Cycle 1982.608ms
[446.043s][info][gc,start       ] GC(1082) Pause Young (Prepare Mixed) (G1 Evacuation Pause)
[446.044s][info][gc,task        ] GC(1082) Using 2 workers of 2 for evacuation
[446.071s][info][gc,phases      ] GC(1082)   Pre Evacuate Collection Set: 0.28ms
[446.071s][info][gc,phases      ] GC(1082)   Merge Heap Roots: 0.15ms
[446.071s][info][gc,phases      ] GC(1082)   Evacuate Collection Set: 26.10ms
[446.071s][info][gc,phases      ] GC(1082)   Post Evacuate Collection Set: 0.47ms
[446.071s][info][gc,phases      ] GC(1082)   Other: 0.08ms
[446.071s][info][gc,heap        ] GC(1082) Eden regions: 208->0(291)
[446.071s][info][gc,heap        ] GC(1082) Survivor regions: 10->28(28)
[446.071s][info][gc,heap        ] GC(1082) Old regions: 563->563
[446.071s][info][gc,heap        ] GC(1082) Humongous regions: 6->6
[446.071s][info][gc,metaspace   ] GC(1082) Metaspace: 18998K(19200K)->18998K(19200K) NonClass: 16337K(16448K)->16337K(16448K) Class: 2661K(2752K)->2661K(2752K)
[446.071s][info][gc             ] GC(1082) Pause Young (Prepare Mixed) (G1 Evacuation Pause) 786M->596M(978M) 27.271ms
[446.071s][info][gc,cpu         ] GC(1082) User=0.05s Sys=0.00s Real=0.03s
[446.389s][info][gc,start       ] GC(1083) Pause Young (Mixed) (G1 Evacuation Pause)
[446.389s][info][gc,task        ] GC(1083) Using 2 workers of 2 for evacuation
[446.466s][info][gc,phases      ] GC(1083)   Pre Evacuate Collection Set: 0.31ms
[446.466s][info][gc,phases      ] GC(1083)   Merge Heap Roots: 0.15ms
[446.466s][info][gc,phases      ] GC(1083)   Evacuate Collection Set: 75.90ms
[446.466s][info][gc,phases      ] GC(1083)   Post Evacuate Collection Set: 0.76ms
[446.466s][info][gc,phases      ] GC(1083)   Other: 0.09ms
[446.466s][info][gc,heap        ] GC(1083) Eden regions: 291->0(249)
[446.466s][info][gc,heap        ] GC(1083) Survivor regions: 28->40(40)
[446.466s][info][gc,heap        ] GC(1083) Old regions: 563->588
[446.466s][info][gc,heap        ] GC(1083) Humongous regions: 6->6
[446.466s][info][gc,metaspace   ] GC(1083) Metaspace: 18998K(19200K)->18998K(19200K) NonClass: 16337K(16448K)->16337K(16448K) Class: 2661K(2752K)->2661K(2752K)
[446.466s][info][gc             ] GC(1083) Pause Young (Mixed) (G1 Evacuation Pause) 887M->633M(978M) 77.459ms
[446.466s][info][gc,cpu         ] GC(1083) User=0.15s Sys=0.00s Real=0.08s
[446.561s][info][gc,start       ] GC(1084) Pause Young (Concurrent Start) (G1 Humongous Allocation)
[446.561s][info][gc,task        ] GC(1084) Using 2 workers of 2 for evacuation
[446.616s][info][gc,phases      ] GC(1084)   Pre Evacuate Collection Set: 0.31ms
[446.616s][info][gc,phases      ] GC(1084)   Merge Heap Roots: 0.42ms
[446.616s][info][gc,phases      ] GC(1084)   Evacuate Collection Set: 53.55ms
[446.616s][info][gc,phases      ] GC(1084)   Post Evacuate Collection Set: 0.42ms
[446.616s][info][gc,phases      ] GC(1084)   Other: 0.12ms
[446.616s][info][gc,heap        ] GC(1084) Eden regions: 51->0(254)
[446.616s][info][gc,heap        ] GC(1084) Survivor regions: 40->6(37)
[446.616s][info][gc,heap        ] GC(1084) Old regions: 588->628
[446.616s][info][gc,heap        ] GC(1084) Humongous regions: 6->6
[446.616s][info][gc,metaspace   ] GC(1084) Metaspace: 18998K(19200K)->18998K(19200K) NonClass: 16337K(16448K)->16337K(16448K) Class: 2661K(2752K)->2661K(2752K)
[446.616s][info][gc             ] GC(1084) Pause Young (Concurrent Start) (G1 Humongous Allocation) 683M->639M(978M) 55.092ms
[446.616s][info][gc,cpu         ] GC(1084) User=0.11s Sys=0.00s Real=0.05s
[446.616s][info][gc             ] GC(1085) Concurrent Mark Cycle
[446.616s][info][gc,marking     ] GC(1085) Concurrent Scan Root Regions
[446.667s][info][gc,marking     ] GC(1085) Concurrent Scan Root Regions 51.172ms
[446.667s][info][gc,marking     ] GC(1085) Concurrent Mark
[446.667s][info][gc,marking     ] GC(1085) Concurrent Mark From Roots
[446.667s][info][gc,task        ] GC(1085) Using 1 workers of 1 for marking
[447.107s][info][gc,start       ] GC(1086) Pause Young (Normal) (G1 Evacuation Pause)
[447.107s][info][gc,task        ] GC(1086) Using 2 workers of 2 for evacuation
[447.181s][info][gc,phases      ] GC(1086)   Pre Evacuate Collection Set: 0.50ms
[447.181s][info][gc,phases      ] GC(1086)   Merge Heap Roots: 0.35ms
[447.181s][info][gc,phases      ] GC(1086)   Evacuate Collection Set: 72.25ms
[447.181s][info][gc,phases      ] GC(1086)   Post Evacuate Collection Set: 0.63ms
[447.181s][info][gc,phases      ] GC(1086)   Other: 0.11ms
[447.181s][info][gc,heap        ] GC(1086) Eden regions: 254->0(203)
[447.181s][info][gc,heap        ] GC(1086) Survivor regions: 6->33(33)
[447.181s][info][gc,heap        ] GC(1086) Old regions: 628->650
[447.181s][info][gc,heap        ] GC(1086) Humongous regions: 9->9
[447.181s][info][gc,metaspace   ] GC(1086) Metaspace: 18998K(19200K)->18998K(19200K) NonClass: 16337K(16448K)->16337K(16448K) Class: 2661K(2752K)->2661K(2752K)
[447.182s][info][gc             ] GC(1086) Pause Young (Normal) (G1 Evacuation Pause) 896M->691M(978M) 74.111ms
[447.182s][info][gc,cpu         ] GC(1086) User=0.15s Sys=0.00s Real=0.07s
[447.483s][info][gc,start       ] GC(1087) Pause Young (Normal) (G1 Evacuation Pause)
[447.483s][info][gc,task        ] GC(1087) Using 2 workers of 2 for evacuation
[447.532s][info][gc,phases      ] GC(1087)   Pre Evacuate Collection Set: 0.50ms
[447.532s][info][gc,phases      ] GC(1087)   Merge Heap Roots: 0.39ms
[447.532s][info][gc,phases      ] GC(1087)   Evacuate Collection Set: 47.46ms
[447.532s][info][gc,phases      ] GC(1087)   Post Evacuate Collection Set: 0.42ms
[447.532s][info][gc,phases      ] GC(1087)   Other: 0.07ms
[447.532s][info][gc,heap        ] GC(1087) Eden regions: 203->0(215)
[447.532s][info][gc,heap        ] GC(1087) Survivor regions: 33->1(30)
[447.532s][info][gc,heap        ] GC(1087) Old regions: 650->684
[447.532s][info][gc,heap        ] GC(1087) Humongous regions: 9->9
[447.532s][info][gc,metaspace   ] GC(1087) Metaspace: 18998K(19200K)->18998K(19200K) NonClass: 16337K(16448K)->16337K(16448K) Class: 2661K(2752K)->2661K(2752K)
[447.532s][info][gc             ] GC(1087) Pause Young (Normal) (G1 Evacuation Pause) 894M->693M(978M) 49.082ms
[447.532s][info][gc,cpu         ] GC(1087) User=0.10s Sys=0.00s Real=0.05s
[448.018s][info][gc,start       ] GC(1088) Pause Young (Normal) (G1 Evacuation Pause)
[448.018s][info][gc,task        ] GC(1088) Using 2 workers of 2 for evacuation
[448.051s][info][gc,phases      ] GC(1088)   Pre Evacuate Collection Set: 0.52ms
[448.051s][info][gc,phases      ] GC(1088)   Merge Heap Roots: 0.51ms
[448.051s][info][gc,phases      ] GC(1088)   Evacuate Collection Set: 31.51ms
[448.051s][info][gc,phases      ] GC(1088)   Post Evacuate Collection Set: 0.45ms
[448.051s][info][gc,phases      ] GC(1088)   Other: 0.08ms
[448.051s][info][gc,heap        ] GC(1088) Eden regions: 215->0(205)
[448.051s][info][gc,heap        ] GC(1088) Survivor regions: 1->15(27)
[448.051s][info][gc,heap        ] GC(1088) Old regions: 684->684
[448.051s][info][gc,heap        ] GC(1088) Humongous regions: 9->9
[448.051s][info][gc,metaspace   ] GC(1088) Metaspace: 18998K(19200K)->18998K(19200K) NonClass: 16337K(16448K)->16337K(16448K) Class: 2661K(2752K)->2661K(2752K)
[448.051s][info][gc             ] GC(1088) Pause Young (Normal) (G1 Evacuation Pause) 908M->706M(978M) 33.303ms
[448.051s][info][gc,cpu         ] GC(1088) User=0.06s Sys=0.00s Real=0.03s
[448.320s][info][gc,marking     ] GC(1085) Concurrent Mark From Roots 1652.593ms
[448.320s][info][gc,marking     ] GC(1085) Concurrent Preclean
[448.320s][info][gc,marking     ] GC(1085) Concurrent Preclean 0.053ms
[448.320s][info][gc,start       ] GC(1085) Pause Remark
[448.328s][info][gc             ] GC(1085) Pause Remark 828M->817M(978M) 7.658ms
[448.328s][info][gc,cpu         ] GC(1085) User=0.02s Sys=0.00s Real=0.01s
[448.328s][info][gc,marking     ] GC(1085) Concurrent Mark 1660.613ms
[448.328s][info][gc,marking     ] GC(1085) Concurrent Rebuild Remembered Sets and Scrub Regions
[448.625s][info][gc,start       ] GC(1089) Pause Young (Normal) (G1 Evacuation Pause)
[448.625s][info][gc,task        ] GC(1089) Using 2 workers of 2 for evacuation
[448.672s][info][gc,phases      ] GC(1089)   Pre Evacuate Collection Set: 0.30ms
[448.672s][info][gc,phases      ] GC(1089)   Merge Heap Roots: 0.27ms
[448.672s][info][gc,phases      ] GC(1089)   Evacuate Collection Set: 45.70ms
[448.672s][info][gc,phases      ] GC(1089)   Post Evacuate Collection Set: 0.45ms
[448.672s][info][gc,phases      ] GC(1089)   Other: 0.10ms
[448.672s][info][gc,heap        ] GC(1089) Eden regions: 205->0(177)
[448.672s][info][gc,heap        ] GC(1089) Survivor regions: 15->28(28)
[448.672s][info][gc,heap        ] GC(1089) Old regions: 673->686
[448.672s][info][gc,heap        ] GC(1089) Humongous regions: 9->9
[448.672s][info][gc,metaspace   ] GC(1089) Metaspace: 18999K(19200K)->18999K(19200K) NonClass: 16338K(16448K)->16338K(16448K) Class: 2661K(2752K)->2661K(2752K)
[448.672s][info][gc             ] GC(1089) Pause Young (Normal) (G1 Evacuation Pause) 900M->722M(978M) 47.095ms
[448.672s][info][gc,cpu         ] GC(1089) User=0.10s Sys=0.00s Real=0.05s
[448.982s][info][gc,marking     ] GC(1085) Concurrent Rebuild Remembered Sets and Scrub Regions 654.485ms
[448.983s][info][gc,start       ] GC(1085) Pause Cleanup
[448.983s][info][gc             ] GC(1085) Pause Cleanup 880M->880M(978M) 0.112ms
[448.983s][info][gc,cpu         ] GC(1085) User=0.00s Sys=0.00s Real=0.00s
[448.985s][info][gc,marking     ] GC(1085) Concurrent Clear Claimed Marks
[448.985s][info][gc,marking     ] GC(1085) Concurrent Clear Claimed Marks 0.052ms
[448.985s][info][gc,marking     ] GC(1085) Concurrent Cleanup for Next Mark
[448.990s][info][gc,marking     ] GC(1085) Concurrent Cleanup for Next Mark 4.876ms
[448.990s][info][gc             ] GC(1085) Concurrent Mark Cycle 2374.180ms
[449.010s][info][gc,start       ] GC(1090) Pause Young (Prepare Mixed) (G1 Evacuation Pause)
[449.010s][info][gc,task        ] GC(1090) Using 2 workers of 2 for evacuation
[449.052s][info][gc,phases      ] GC(1090)   Pre Evacuate Collection Set: 0.47ms
[449.052s][info][gc,phases      ] GC(1090)   Merge Heap Roots: 0.24ms
[449.052s][info][gc,phases      ] GC(1090)   Evacuate Collection Set: 41.50ms
[449.052s][info][gc,phases      ] GC(1090)   Post Evacuate Collection Set: 0.46ms
[449.052s][info][gc,phases      ] GC(1090)   Other: 0.10ms
[449.052s][info][gc,heap        ] GC(1090) Eden regions: 177->0(178)
[449.052s][info][gc,heap        ] GC(1090) Survivor regions: 28->13(26)
[449.052s][info][gc,heap        ] GC(1090) Old regions: 686->715
[449.052s][info][gc,heap        ] GC(1090) Humongous regions: 9->9
[449.052s][info][gc,metaspace   ] GC(1090) Metaspace: 19005K(19200K)->19005K(19200K) NonClass: 16343K(16448K)->16343K(16448K) Class: 2661K(2752K)->2661K(2752K)
[449.053s][info][gc             ] GC(1090) Pause Young (Prepare Mixed) (G1 Evacuation Pause) 899M->735M(978M) 42.992ms
[449.053s][info][gc,cpu         ] GC(1090) User=0.09s Sys=0.00s Real=0.04s
[449.258s][info][gc,start       ] GC(1091) Pause Young (Mixed) (G1 Evacuation Pause)
[449.258s][info][gc,task        ] GC(1091) Using 2 workers of 2 for evacuation
[449.315s][info][gc,phases      ] GC(1091)   Pre Evacuate Collection Set: 0.33ms
[449.315s][info][gc,phases      ] GC(1091)   Merge Heap Roots: 0.62ms
[449.315s][info][gc,phases      ] GC(1091)   Evacuate Collection Set: 55.55ms
[449.315s][info][gc,phases      ] GC(1091)   Post Evacuate Collection Set: 0.52ms
[449.315s][info][gc,phases      ] GC(1091)   Other: 0.10ms
[449.315s][info][gc,heap        ] GC(1091) Eden regions: 178->0(158)
[449.315s][info][gc,heap        ] GC(1091) Survivor regions: 13->24(24)
[449.315s][info][gc,heap        ] GC(1091) Old regions: 715->713
[449.315s][info][gc,heap        ] GC(1091) Humongous regions: 9->9
[449.315s][info][gc,metaspace   ] GC(1091) Metaspace: 19005K(19200K)->19005K(19200K) NonClass: 16344K(16448K)->16344K(16448K) Class: 2661K(2752K)->2661K(2752K)
[449.315s][info][gc             ] GC(1091) Pause Young (Mixed) (G1 Evacuation Pause) 913M->745M(978M) 57.365ms
[449.315s][info][gc,cpu         ] GC(1091) User=0.11s Sys=0.01s Real=0.05s
[449.506s][info][gc,start       ] GC(1092) Pause Young (Concurrent Start) (G1 Evacuation Pause)
[449.506s][info][gc,task        ] GC(1092) Using 2 workers of 2 for evacuation
[449.538s][info][gc,phases      ] GC(1092)   Pre Evacuate Collection Set: 0.49ms
[449.538s][info][gc,phases      ] GC(1092)   Merge Heap Roots: 0.17ms
[449.538s][info][gc,phases      ] GC(1092)   Evacuate Collection Set: 30.57ms
[449.538s][info][gc,phases      ] GC(1092)   Post Evacuate Collection Set: 0.45ms
[449.538s][info][gc,phases      ] GC(1092)   Other: 0.20ms
[449.538s][info][gc,heap        ] GC(1092) Eden regions: 158->0(170)
[449.538s][info][gc,heap        ] GC(1092) Survivor regions: 24->6(23)
[449.538s][info][gc,heap        ] GC(1092) Old regions: 713->737
[449.538s][info][gc,heap        ] GC(1092) Humongous regions: 9->9
[449.538s][info][gc,metaspace   ] GC(1092) Metaspace: 19005K(19200K)->19005K(19200K) NonClass: 16344K(16448K)->16344K(16448K) Class: 2661K(2752K)->2661K(2752K)
[449.538s][info][gc             ] GC(1092) Pause Young (Concurrent Start) (G1 Evacuation Pause) 903M->751M(978M) 32.098ms
[449.538s][info][gc             ] GC(1093) Concurrent Mark Cycle
[449.538s][info][gc,marking     ] GC(1093) Concurrent Scan Root Regions
[449.540s][info][gc,cpu         ] GC(1092) User=0.06s Sys=0.00s Real=0.04s
[449.557s][info][gc,marking     ] GC(1093) Concurrent Scan Root Regions 18.771ms
[449.557s][info][gc,marking     ] GC(1093) Concurrent Mark
[449.557s][info][gc,marking     ] GC(1093) Concurrent Mark From Roots
[449.557s][info][gc,task        ] GC(1093) Using 1 workers of 1 for marking
[450.137s][info][gc,start       ] GC(1094) Pause Young (Normal) (G1 Evacuation Pause)
[450.138s][info][gc,task        ] GC(1094) Using 2 workers of 2 for evacuation
[450.146s][info][gc,phases      ] GC(1094)   Pre Evacuate Collection Set: 0.29ms
[450.146s][info][gc,phases      ] GC(1094)   Merge Heap Roots: 0.13ms
[450.146s][info][gc,phases      ] GC(1094)   Evacuate Collection Set: 8.01ms
[450.146s][info][gc,phases      ] GC(1094)   Post Evacuate Collection Set: 0.37ms
[450.146s][info][gc,phases      ] GC(1094)   Other: 0.10ms
[450.147s][info][gc,heap        ] GC(1094) Eden regions: 170->0(168)
[450.147s][info][gc,heap        ] GC(1094) Survivor regions: 6->7(22)
[450.147s][info][gc,heap        ] GC(1094) Old regions: 737->737
[450.147s][info][gc,heap        ] GC(1094) Humongous regions: 9->9
[450.147s][info][gc,metaspace   ] GC(1094) Metaspace: 19005K(19200K)->19005K(19200K) NonClass: 16344K(16448K)->16344K(16448K) Class: 2661K(2752K)->2661K(2752K)
[450.147s][info][gc             ] GC(1094) Pause Young (Normal) (G1 Evacuation Pause) 921M->752M(978M) 9.141ms
[450.147s][info][gc,cpu         ] GC(1094) User=0.01s Sys=0.00s Real=0.01s
[450.477s][info][gc,start       ] GC(1095) Pause Young (Normal) (G1 Evacuation Pause)
[450.477s][info][gc,task        ] GC(1095) Using 2 workers of 2 for evacuation
[450.502s][info][gc,phases      ] GC(1095)   Pre Evacuate Collection Set: 0.30ms
[450.502s][info][gc,phases      ] GC(1095)   Merge Heap Roots: 0.11ms
[450.502s][info][gc,phases      ] GC(1095)   Evacuate Collection Set: 23.78ms
[450.502s][info][gc,phases      ] GC(1095)   Post Evacuate Collection Set: 0.38ms
[450.502s][info][gc,phases      ] GC(1095)   Other: 0.14ms
[450.502s][info][gc,heap        ] GC(1095) Eden regions: 168->0(140)
[450.502s][info][gc,heap        ] GC(1095) Survivor regions: 7->21(22)
[450.502s][info][gc,heap        ] GC(1095) Old regions: 737->737
[450.502s][info][gc,heap        ] GC(1095) Humongous regions: 9->9
[450.502s][info][gc,metaspace   ] GC(1095) Metaspace: 19005K(19200K)->19005K(19200K) NonClass: 16344K(16448K)->16344K(16448K) Class: 2661K(2752K)->2661K(2752K)
[450.502s][info][gc             ] GC(1095) Pause Young (Normal) (G1 Evacuation Pause) 920M->766M(978M) 24.985ms
[450.502s][info][gc,cpu         ] GC(1095) User=0.05s Sys=0.00s Real=0.02s
[450.641s][info][gc,marking     ] GC(1093) Concurrent Mark From Roots 1084.387ms
[450.641s][info][gc,marking     ] GC(1093) Concurrent Preclean
[450.641s][info][gc,marking     ] GC(1093) Concurrent Preclean 0.046ms
[450.641s][info][gc,start       ] GC(1093) Pause Remark
[450.650s][info][gc             ] GC(1093) Pause Remark 834M->580M(978M) 8.085ms
[450.650s][info][gc,cpu         ] GC(1093) User=0.02s Sys=0.00s Real=0.01s
[450.650s][info][gc,marking     ] GC(1093) Concurrent Mark 1093.438ms
[450.650s][info][gc,marking     ] GC(1093) Concurrent Rebuild Remembered Sets and Scrub Regions
[450.701s][info][gc,start       ] GC(1096) Pause Young (Normal) (G1 Evacuation Pause)
[450.701s][info][gc,task        ] GC(1096) Using 2 workers of 2 for evacuation
[450.758s][info][gc,phases      ] GC(1096)   Pre Evacuate Collection Set: 0.27ms
[450.758s][info][gc,phases      ] GC(1096)   Merge Heap Roots: 0.13ms
[450.758s][info][gc,phases      ] GC(1096)   Evacuate Collection Set: 55.93ms
[450.758s][info][gc,phases      ] GC(1096)   Post Evacuate Collection Set: 0.51ms
[450.758s][info][gc,phases      ] GC(1096)   Other: 0.10ms
[450.758s][info][gc,heap        ] GC(1096) Eden regions: 140->0(309)
[450.758s][info][gc,heap        ] GC(1096) Survivor regions: 21->21(21)
[450.758s][info][gc,heap        ] GC(1096) Old regions: 488->528
[450.758s][info][gc,heap        ] GC(1096) Humongous regions: 4->4
[450.758s][info][gc,metaspace   ] GC(1096) Metaspace: 19005K(19200K)->19005K(19200K) NonClass: 16344K(16448K)->16344K(16448K) Class: 2661K(2752K)->2661K(2752K)
[450.758s][info][gc             ] GC(1096) Pause Young (Normal) (G1 Evacuation Pause) 652M->552M(978M) 57.161ms
[450.758s][info][gc,cpu         ] GC(1096) User=0.11s Sys=0.00s Real=0.06s
[451.073s][info][gc,marking     ] GC(1093) Concurrent Rebuild Remembered Sets and Scrub Regions 423.089ms
[451.074s][info][gc,start       ] GC(1093) Pause Cleanup
[451.074s][info][gc             ] GC(1093) Pause Cleanup 736M->736M(978M) 0.123ms
[451.074s][info][gc,cpu         ] GC(1093) User=0.00s Sys=0.00s Real=0.00s
[451.074s][info][gc,marking     ] GC(1093) Concurrent Clear Claimed Marks
[451.074s][info][gc,marking     ] GC(1093) Concurrent Clear Claimed Marks 0.032ms
[451.074s][info][gc,marking     ] GC(1093) Concurrent Cleanup for Next Mark
[451.077s][info][gc,marking     ] GC(1093) Concurrent Cleanup for Next Mark 2.824ms
[451.077s][info][gc             ] GC(1093) Concurrent Mark Cycle 1538.669ms
[451.285s][info][gc,start       ] GC(1097) Pause Young (Prepare Mixed) (G1 Evacuation Pause)
[451.285s][info][gc,task        ] GC(1097) Using 2 workers of 2 for evacuation
[451.382s][info][gc,phases      ] GC(1097)   Pre Evacuate Collection Set: 0.30ms
[451.382s][info][gc,phases      ] GC(1097)   Merge Heap Roots: 0.33ms
[451.382s][info][gc,phases      ] GC(1097)   Evacuate Collection Set: 95.65ms
[451.382s][info][gc,phases      ] GC(1097)   Post Evacuate Collection Set: 0.79ms
[451.382s][info][gc,phases      ] GC(1097)   Other: 0.11ms
[451.382s][info][gc,heap        ] GC(1097) Eden regions: 309->0(255)
[451.382s][info][gc,heap        ] GC(1097) Survivor regions: 21->42(42)
[451.382s][info][gc,heap        ] GC(1097) Old regions: 528->565
[451.382s][info][gc,heap        ] GC(1097) Humongous regions: 7->7
[451.382s][info][gc,metaspace   ] GC(1097) Metaspace: 19005K(19200K)->19005K(19200K) NonClass: 16344K(16448K)->16344K(16448K) Class: 2661K(2752K)->2661K(2752K)
[451.382s][info][gc             ] GC(1097) Pause Young (Prepare Mixed) (G1 Evacuation Pause) 864M->613M(978M) 97.489ms
[451.382s][info][gc,cpu         ] GC(1097) User=0.19s Sys=0.00s Real=0.10s
[451.659s][info][gc,start       ] GC(1098) Pause Young (Mixed) (G1 Evacuation Pause)
[451.659s][info][gc,task        ] GC(1098) Using 2 workers of 2 for evacuation
[451.750s][info][gc,phases      ] GC(1098)   Pre Evacuate Collection Set: 0.51ms
[451.750s][info][gc,phases      ] GC(1098)   Merge Heap Roots: 0.58ms
[451.750s][info][gc,phases      ] GC(1098)   Evacuate Collection Set: 89.23ms
[451.750s][info][gc,phases      ] GC(1098)   Post Evacuate Collection Set: 0.63ms
[451.750s][info][gc,phases      ] GC(1098)   Other: 0.11ms
[451.750s][info][gc,heap        ] GC(1098) Eden regions: 255->0(278)
[451.750s][info][gc,heap        ] GC(1098) Survivor regions: 42->32(38)
[451.750s][info][gc,heap        ] GC(1098) Old regions: 565->536
[451.750s][info][gc,heap        ] GC(1098) Humongous regions: 7->7
[451.750s][info][gc,metaspace   ] GC(1098) Metaspace: 19005K(19200K)->19005K(19200K) NonClass: 16344K(16448K)->16344K(16448K) Class: 2661K(2752K)->2661K(2752K)
[451.750s][info][gc             ] GC(1098) Pause Young (Mixed) (G1 Evacuation Pause) 868M->573M(978M) 91.331ms
[451.750s][info][gc,cpu         ] GC(1098) User=0.17s Sys=0.00s Real=0.09s
[452.075s][info][gc,start       ] GC(1099) Pause Young (Concurrent Start) (G1 Evacuation Pause)
[452.075s][info][gc,task        ] GC(1099) Using 2 workers of 2 for evacuation
[452.127s][info][gc,phases      ] GC(1099)   Pre Evacuate Collection Set: 0.32ms
[452.127s][info][gc,phases      ] GC(1099)   Merge Heap Roots: 0.60ms
[452.127s][info][gc,phases      ] GC(1099)   Evacuate Collection Set: 50.35ms
[452.127s][info][gc,phases      ] GC(1099)   Post Evacuate Collection Set: 0.53ms
[452.127s][info][gc,phases      ] GC(1099)   Other: 0.19ms
[452.127s][info][gc,heap        ] GC(1099) Eden regions: 278->0(292)
[452.127s][info][gc,heap        ] GC(1099) Survivor regions: 32->5(39)
[452.127s][info][gc,heap        ] GC(1099) Old regions: 536->567
[452.127s][info][gc,heap        ] GC(1099) Humongous regions: 7->7
[452.127s][info][gc,metaspace   ] GC(1099) Metaspace: 19005K(19200K)->19005K(19200K) NonClass: 16344K(16448K)->16344K(16448K) Class: 2661K(2752K)->2661K(2752K)
[452.127s][info][gc             ] GC(1099) Pause Young (Concurrent Start) (G1 Evacuation Pause) 851M->578M(978M) 52.190ms
[452.127s][info][gc,cpu         ] GC(1099) User=0.10s Sys=0.00s Real=0.06s
[452.127s][info][gc             ] GC(1100) Concurrent Mark Cycle
[452.127s][info][gc,marking     ] GC(1100) Concurrent Scan Root Regions
[452.196s][info][gc,marking     ] GC(1100) Concurrent Scan Root Regions 69.455ms
[452.196s][info][gc,marking     ] GC(1100) Concurrent Mark
[452.196s][info][gc,marking     ] GC(1100) Concurrent Mark From Roots
[452.196s][info][gc,task        ] GC(1100) Using 1 workers of 1 for marking
[452.767s][info][gc,start       ] GC(1101) Pause Young (Normal) (G1 Evacuation Pause)
[452.767s][info][gc,task        ] GC(1101) Using 2 workers of 2 for evacuation
[452.837s][info][gc,phases      ] GC(1101)   Pre Evacuate Collection Set: 0.29ms
[452.837s][info][gc,phases      ] GC(1101)   Merge Heap Roots: 0.26ms
[452.837s][info][gc,phases      ] GC(1101)   Evacuate Collection Set: 68.35ms
[452.837s][info][gc,phases      ] GC(1101)   Post Evacuate Collection Set: 0.70ms
[452.837s][info][gc,phases      ] GC(1101)   Other: 0.09ms
[452.837s][info][gc,heap        ] GC(1101) Eden regions: 292->0(233)
[452.837s][info][gc,heap        ] GC(1101) Survivor regions: 5->38(38)
[452.837s][info][gc,heap        ] GC(1101) Old regions: 567->596
[452.837s][info][gc,heap        ] GC(1101) Humongous regions: 7->7
[452.837s][info][gc,metaspace   ] GC(1101) Metaspace: 19011K(19200K)->19011K(19200K) NonClass: 16350K(16448K)->16350K(16448K) Class: 2661K(2752K)->2661K(2752K)
[452.837s][info][gc             ] GC(1101) Pause Young (Normal) (G1 Evacuation Pause) 870M->640M(978M) 69.921ms
[452.837s][info][gc,cpu         ] GC(1101) User=0.13s Sys=0.00s Real=0.07s
[453.145s][info][gc,marking     ] GC(1100) Concurrent Mark From Roots 948.225ms
[453.145s][info][gc,marking     ] GC(1100) Concurrent Preclean
[453.145s][info][gc,marking     ] GC(1100) Concurrent Preclean 0.053ms
[453.145s][info][gc,start       ] GC(1100) Pause Remark
[453.153s][info][gc             ] GC(1100) Pause Remark 751M->581M(978M) 7.831ms
[453.153s][info][gc,cpu         ] GC(1100) User=0.01s Sys=0.00s Real=0.01s
[453.153s][info][gc,marking     ] GC(1100) Concurrent Mark 956.417ms
[453.153s][info][gc,marking     ] GC(1100) Concurrent Rebuild Remembered Sets and Scrub Regions
[453.432s][info][gc,start       ] GC(1102) Pause Young (Normal) (G1 Evacuation Pause)
[453.432s][info][gc,task        ] GC(1102) Using 2 workers of 2 for evacuation
[453.500s][info][gc,phases      ] GC(1102)   Pre Evacuate Collection Set: 0.31ms
[453.500s][info][gc,phases      ] GC(1102)   Merge Heap Roots: 0.59ms
[453.500s][info][gc,phases      ] GC(1102)   Evacuate Collection Set: 66.88ms
[453.500s][info][gc,phases      ] GC(1102)   Post Evacuate Collection Set: 0.56ms
[453.500s][info][gc,phases      ] GC(1102)   Other: 0.11ms
[453.500s][info][gc,heap        ] GC(1102) Eden regions: 233->0(346)
[453.500s][info][gc,heap        ] GC(1102) Survivor regions: 38->15(34)
[453.500s][info][gc,heap        ] GC(1102) Old regions: 429->468
[453.500s][info][gc,heap        ] GC(1102) Humongous regions: 5->5
[453.500s][info][gc,metaspace   ] GC(1102) Metaspace: 19011K(19200K)->19011K(19200K) NonClass: 16350K(16448K)->16350K(16448K) Class: 2661K(2752K)->2661K(2752K)
[453.500s][info][gc             ] GC(1102) Pause Young (Normal) (G1 Evacuation Pause) 704M->487M(978M) 68.759ms
[453.500s][info][gc,cpu         ] GC(1102) User=0.13s Sys=0.00s Real=0.07s
[453.632s][info][gc,marking     ] GC(1100) Concurrent Rebuild Remembered Sets and Scrub Regions 478.767ms
[453.632s][info][gc,start       ] GC(1100) Pause Cleanup
[453.632s][info][gc             ] GC(1100) Pause Cleanup 545M->545M(978M) 0.104ms
[453.632s][info][gc,cpu         ] GC(1100) User=0.00s Sys=0.00s Real=0.00s
[453.633s][info][gc,marking     ] GC(1100) Concurrent Clear Claimed Marks
[453.633s][info][gc,marking     ] GC(1100) Concurrent Clear Claimed Marks 0.055ms
[453.633s][info][gc,marking     ] GC(1100) Concurrent Cleanup for Next Mark
[453.639s][info][gc,marking     ] GC(1100) Concurrent Cleanup for Next Mark 5.870ms
[453.639s][info][gc             ] GC(1100) Concurrent Mark Cycle 1511.807ms
[453.951s][info][gc,start       ] GC(1103) Pause Young (Prepare Mixed) (G1 Evacuation Pause)
[453.951s][info][gc,task        ] GC(1103) Using 2 workers of 2 for evacuation
[454.010s][info][gc,phases      ] GC(1103)   Pre Evacuate Collection Set: 0.53ms
[454.010s][info][gc,phases      ] GC(1103)   Merge Heap Roots: 0.34ms
[454.010s][info][gc,phases      ] GC(1103)   Evacuate Collection Set: 57.00ms
[454.010s][info][gc,phases      ] GC(1103)   Post Evacuate Collection Set: 0.66ms
[454.010s][info][gc,phases      ] GC(1103)   Other: 0.09ms
[454.010s][info][gc,heap        ] GC(1103) Eden regions: 346->0(332)
[454.010s][info][gc,heap        ] GC(1103) Survivor regions: 15->43(46)
[454.010s][info][gc,heap        ] GC(1103) Old regions: 468->468
[454.010s][info][gc,heap        ] GC(1103) Humongous regions: 5->5
[454.010s][info][gc,metaspace   ] GC(1103) Metaspace: 19011K(19200K)->19011K(19200K) NonClass: 16350K(16448K)->16350K(16448K) Class: 2661K(2752K)->2661K(2752K)
[454.010s][info][gc             ] GC(1103) Pause Young (Prepare Mixed) (G1 Evacuation Pause) 833M->515M(978M) 58.844ms
[454.010s][info][gc,cpu         ] GC(1103) User=0.11s Sys=0.00s Real=0.06s
[454.655s][info][gc,start       ] GC(1104) Pause Young (Mixed) (G1 Evacuation Pause)
[454.655s][info][gc,task        ] GC(1104) Using 2 workers of 2 for evacuation
[454.759s][info][gc,phases      ] GC(1104)   Pre Evacuate Collection Set: 0.52ms
[454.759s][info][gc,phases      ] GC(1104)   Merge Heap Roots: 1.02ms
[454.759s][info][gc,phases      ] GC(1104)   Evacuate Collection Set: 102.25ms
[454.759s][info][gc,phases      ] GC(1104)   Post Evacuate Collection Set: 0.60ms
[454.759s][info][gc,phases      ] GC(1104)   Other: 0.11ms
[454.759s][info][gc,heap        ] GC(1104) Eden regions: 332->0(375)
[454.759s][info][gc,heap        ] GC(1104) Survivor regions: 43->10(47)
[454.759s][info][gc,heap        ] GC(1104) Old regions: 468->466
[454.759s][info][gc,heap        ] GC(1104) Humongous regions: 5->5
[454.759s][info][gc,metaspace   ] GC(1104) Metaspace: 19011K(19200K)->19011K(19200K) NonClass: 16350K(16448K)->16350K(16448K) Class: 2661K(2752K)->2661K(2752K)
[454.759s][info][gc             ] GC(1104) Pause Young (Mixed) (G1 Evacuation Pause) 847M->480M(978M) 104.765ms
[454.759s][info][gc,cpu         ] GC(1104) User=0.20s Sys=0.01s Real=0.11s
[455.298s][info][gc,start       ] GC(1105) Pause Young (Concurrent Start) (G1 Evacuation Pause)
[455.298s][info][gc,task        ] GC(1105) Using 2 workers of 2 for evacuation
[455.376s][info][gc,phases      ] GC(1105)   Pre Evacuate Collection Set: 0.32ms
[455.376s][info][gc,phases      ] GC(1105)   Merge Heap Roots: 0.35ms
[455.376s][info][gc,phases      ] GC(1105)   Evacuate Collection Set: 76.05ms
[455.376s][info][gc,phases      ] GC(1105)   Post Evacuate Collection Set: 0.79ms
[455.376s][info][gc,phases      ] GC(1105)   Other: 0.19ms
[455.376s][info][gc,heap        ] GC(1105) Eden regions: 375->0(298)
[455.376s][info][gc,heap        ] GC(1105) Survivor regions: 10->49(49)
[455.376s][info][gc,heap        ] GC(1105) Old regions: 466->493
[455.376s][info][gc,heap        ] GC(1105) Humongous regions: 5->5
[455.376s][info][gc,metaspace   ] GC(1105) Metaspace: 19013K(19200K)->19013K(19200K) NonClass: 16351K(16448K)->16351K(16448K) Class: 2661K(2752K)->2661K(2752K)
[455.376s][info][gc             ] GC(1105) Pause Young (Concurrent Start) (G1 Evacuation Pause) 855M->546M(978M) 77.963ms
[455.376s][info][gc,cpu         ] GC(1105) User=0.16s Sys=0.00s Real=0.08s
[455.376s][info][gc             ] GC(1106) Concurrent Mark Cycle
[455.376s][info][gc,marking     ] GC(1106) Concurrent Scan Root Regions
[455.448s][info][gc,marking     ] GC(1106) Concurrent Scan Root Regions 71.839ms
[455.448s][info][gc,marking     ] GC(1106) Concurrent Mark
[455.448s][info][gc,marking     ] GC(1106) Concurrent Mark From Roots
[455.448s][info][gc,task        ] GC(1106) Using 1 workers of 1 for marking
[456.136s][info][gc,start       ] GC(1107) Pause Young (Normal) (G1 Evacuation Pause)
[456.136s][info][gc,task        ] GC(1107) Using 2 workers of 2 for evacuation
[456.225s][info][gc,phases      ] GC(1107)   Pre Evacuate Collection Set: 0.29ms
[456.225s][info][gc,phases      ] GC(1107)   Merge Heap Roots: 0.54ms
[456.225s][info][gc,phases      ] GC(1107)   Evacuate Collection Set: 87.41ms
[456.225s][info][gc,phases      ] GC(1107)   Post Evacuate Collection Set: 0.63ms
[456.225s][info][gc,phases      ] GC(1107)   Other: 0.08ms
[456.225s][info][gc,heap        ] GC(1107) Eden regions: 298->0(292)
[456.225s][info][gc,heap        ] GC(1107) Survivor regions: 49->19(44)
[456.225s][info][gc,heap        ] GC(1107) Old regions: 493->543
[456.225s][info][gc,heap        ] GC(1107) Humongous regions: 8->8
[456.225s][info][gc,metaspace   ] GC(1107) Metaspace: 19013K(19200K)->19013K(19200K) NonClass: 16351K(16448K)->16351K(16448K) Class: 2661K(2752K)->2661K(2752K)
[456.225s][info][gc             ] GC(1107) Pause Young (Normal) (G1 Evacuation Pause) 847M->569M(978M) 89.198ms
[456.225s][info][gc,cpu         ] GC(1107) User=0.17s Sys=0.00s Real=0.08s
[456.343s][info][gc,marking     ] GC(1106) Concurrent Mark From Roots 894.178ms
[456.343s][info][gc,marking     ] GC(1106) Concurrent Preclean
[456.343s][info][gc,marking     ] GC(1106) Concurrent Preclean 0.042ms
[456.343s][info][gc,start       ] GC(1106) Pause Remark
[456.350s][info][gc             ] GC(1106) Pause Remark 600M->452M(978M) 7.722ms
[456.351s][info][gc,cpu         ] GC(1106) User=0.02s Sys=0.00s Real=0.01s
[456.351s][info][gc,marking     ] GC(1106) Concurrent Mark 902.262ms
[456.351s][info][gc,marking     ] GC(1106) Concurrent Rebuild Remembered Sets and Scrub Regions
[456.640s][info][gc,marking     ] GC(1106) Concurrent Rebuild Remembered Sets and Scrub Regions 289.174ms
[456.640s][info][gc,start       ] GC(1106) Pause Cleanup
[456.640s][info][gc             ] GC(1106) Pause Cleanup 542M->542M(978M) 0.080ms
[456.640s][info][gc,cpu         ] GC(1106) User=0.00s Sys=0.00s Real=0.00s
[456.640s][info][gc,marking     ] GC(1106) Concurrent Clear Claimed Marks
[456.640s][info][gc,marking     ] GC(1106) Concurrent Clear Claimed Marks 0.030ms
[456.640s][info][gc,marking     ] GC(1106) Concurrent Cleanup for Next Mark
[456.643s][info][gc,marking     ] GC(1106) Concurrent Cleanup for Next Mark 2.798ms
[456.643s][info][gc             ] GC(1106) Concurrent Mark Cycle 1266.540ms
[456.846s][info][gc,start       ] GC(1108) Pause Young (Prepare Mixed) (G1 Evacuation Pause)
[456.847s][info][gc,task        ] GC(1108) Using 2 workers of 2 for evacuation
[456.914s][info][gc,phases      ] GC(1108)   Pre Evacuate Collection Set: 0.29ms
[456.914s][info][gc,phases      ] GC(1108)   Merge Heap Roots: 0.65ms
[456.914s][info][gc,phases      ] GC(1108)   Evacuate Collection Set: 65.18ms
[456.914s][info][gc,phases      ] GC(1108)   Post Evacuate Collection Set: 0.75ms
[456.914s][info][gc,phases      ] GC(1108)   Other: 0.11ms
[456.914s][info][gc,heap        ] GC(1108) Eden regions: 292->0(389)
[456.914s][info][gc,heap        ] GC(1108) Survivor regions: 19->39(39)
[456.914s][info][gc,heap        ] GC(1108) Old regions: 397->408
[456.914s][info][gc,heap        ] GC(1108) Humongous regions: 6->6
[456.914s][info][gc,metaspace   ] GC(1108) Metaspace: 19014K(19200K)->19014K(19200K) NonClass: 16352K(16448K)->16352K(16448K) Class: 2661K(2752K)->2661K(2752K)
[456.914s][info][gc             ] GC(1108) Pause Young (Prepare Mixed) (G1 Evacuation Pause) 713M->452M(978M) 67.235ms
[456.914s][info][gc,cpu         ] GC(1108) User=0.14s Sys=0.00s Real=0.06s
[457.379s][info][gc,start       ] GC(1109) Pause Young (Mixed) (G1 Evacuation Pause)
[457.380s][info][gc,task        ] GC(1109) Using 2 workers of 2 for evacuation
[457.502s][info][gc,phases      ] GC(1109)   Pre Evacuate Collection Set: 0.28ms
[457.502s][info][gc,phases      ] GC(1109)   Merge Heap Roots: 0.48ms
[457.502s][info][gc,phases      ] GC(1109)   Evacuate Collection Set: 120.43ms
[457.502s][info][gc,phases      ] GC(1109)   Post Evacuate Collection Set: 0.80ms
[457.502s][info][gc,phases      ] GC(1109)   Other: 0.08ms
[457.502s][info][gc,heap        ] GC(1109) Eden regions: 389->0(349)
[457.502s][info][gc,heap        ] GC(1109) Survivor regions: 39->54(54)
[457.502s][info][gc,heap        ] GC(1109) Old regions: 408->432
[457.502s][info][gc,heap        ] GC(1109) Humongous regions: 9->9
[457.502s][info][gc,metaspace   ] GC(1109) Metaspace: 19015K(19200K)->19015K(19200K) NonClass: 16354K(16448K)->16354K(16448K) Class: 2661K(2752K)->2661K(2752K)
[457.502s][info][gc             ] GC(1109) Pause Young (Mixed) (G1 Evacuation Pause) 844M->494M(978M) 122.319ms
[457.502s][info][gc,cpu         ] GC(1109) User=0.24s Sys=0.00s Real=0.12s
[458.025s][info][gc,start       ] GC(1110) Pause Young (Concurrent Start) (G1 Evacuation Pause)
[458.025s][info][gc,task        ] GC(1110) Using 2 workers of 2 for evacuation
[458.088s][info][gc,phases      ] GC(1110)   Pre Evacuate Collection Set: 0.34ms
[458.088s][info][gc,phases      ] GC(1110)   Merge Heap Roots: 0.41ms
[458.088s][info][gc,phases      ] GC(1110)   Evacuate Collection Set: 60.93ms
[458.088s][info][gc,phases      ] GC(1110)   Post Evacuate Collection Set: 0.59ms
[458.088s][info][gc,phases      ] GC(1110)   Other: 0.13ms
[458.088s][info][gc,heap        ] GC(1110) Eden regions: 349->0(369)
[458.088s][info][gc,heap        ] GC(1110) Survivor regions: 54->1(51)
[458.088s][info][gc,heap        ] GC(1110) Old regions: 432->486
[458.088s][info][gc,heap        ] GC(1110) Humongous regions: 9->9
[458.088s][info][gc,metaspace   ] GC(1110) Metaspace: 19015K(19200K)->19015K(19200K) NonClass: 16354K(16448K)->16354K(16448K) Class: 2661K(2752K)->2661K(2752K)
[458.088s][info][gc             ] GC(1110) Pause Young (Concurrent Start) (G1 Evacuation Pause) 843M->495M(978M) 62.700ms
[458.088s][info][gc,cpu         ] GC(1110) User=0.12s Sys=0.00s Real=0.07s
[458.088s][info][gc             ] GC(1111) Concurrent Mark Cycle
[458.092s][info][gc,marking     ] GC(1111) Concurrent Scan Root Regions
[458.145s][info][gc,marking     ] GC(1111) Concurrent Scan Root Regions 53.161ms
[458.145s][info][gc,marking     ] GC(1111) Concurrent Mark
[458.145s][info][gc,marking     ] GC(1111) Concurrent Mark From Roots
[458.145s][info][gc,task        ] GC(1111) Using 1 workers of 1 for marking
[459.304s][info][gc,start       ] GC(1112) Pause Young (Normal) (G1 Evacuation Pause)
[459.304s][info][gc,task        ] GC(1112) Using 2 workers of 2 for evacuation
[459.317s][info][gc,phases      ] GC(1112)   Pre Evacuate Collection Set: 0.48ms
[459.317s][info][gc,phases      ] GC(1112)   Merge Heap Roots: 0.16ms
[459.317s][info][gc,phases      ] GC(1112)   Evacuate Collection Set: 12.45ms
[459.318s][info][gc,phases      ] GC(1112)   Post Evacuate Collection Set: 0.51ms
[459.318s][info][gc,phases      ] GC(1112)   Other: 0.11ms
[459.318s][info][gc,heap        ] GC(1112) Eden regions: 369->0(374)
[459.318s][info][gc,heap        ] GC(1112) Survivor regions: 1->11(47)
[459.318s][info][gc,heap        ] GC(1112) Old regions: 486->486
[459.318s][info][gc,heap        ] GC(1112) Humongous regions: 9->9
[459.318s][info][gc,metaspace   ] GC(1112) Metaspace: 19015K(19200K)->19015K(19200K) NonClass: 16354K(16448K)->16354K(16448K) Class: 2661K(2752K)->2661K(2752K)
[459.318s][info][gc             ] GC(1112) Pause Young (Normal) (G1 Evacuation Pause) 864M->505M(978M) 13.972ms
[459.318s][info][gc,cpu         ] GC(1112) User=0.02s Sys=0.00s Real=0.02s
[459.415s][info][gc,marking     ] GC(1111) Concurrent Mark From Roots 1269.266ms
[459.415s][info][gc,marking     ] GC(1111) Concurrent Preclean
[459.415s][info][gc,marking     ] GC(1111) Concurrent Preclean 0.039ms
[459.415s][info][gc,start       ] GC(1111) Pause Remark
[459.423s][info][gc             ] GC(1111) Pause Remark 545M->543M(978M) 7.791ms
[459.423s][info][gc,cpu         ] GC(1111) User=0.01s Sys=0.00s Real=0.01s
[459.424s][info][gc,marking     ] GC(1111) Concurrent Mark 1278.594ms
[459.424s][info][gc,marking     ] GC(1111) Concurrent Rebuild Remembered Sets and Scrub Regions
[459.855s][info][gc,start       ] GC(1113) Pause Young (Normal) (G1 Evacuation Pause)
[459.855s][info][gc,task        ] GC(1113) Using 2 workers of 2 for evacuation
[459.895s][info][gc,phases      ] GC(1113)   Pre Evacuate Collection Set: 0.47ms
[459.895s][info][gc,phases      ] GC(1113)   Merge Heap Roots: 0.27ms
[459.895s][info][gc,phases      ] GC(1113)   Evacuate Collection Set: 39.19ms
[459.895s][info][gc,phases      ] GC(1113)   Post Evacuate Collection Set: 0.56ms
[459.895s][info][gc,phases      ] GC(1113)   Other: 0.08ms
[459.895s][info][gc,heap        ] GC(1113) Eden regions: 374->0(354)
[459.895s][info][gc,heap        ] GC(1113) Survivor regions: 11->36(49)
[459.895s][info][gc,heap        ] GC(1113) Old regions: 486->486
[459.895s][info][gc,heap        ] GC(1113) Humongous regions: 7->7
[459.895s][info][gc,metaspace   ] GC(1113) Metaspace: 19015K(19200K)->19015K(19200K) NonClass: 16354K(16448K)->16354K(16448K) Class: 2661K(2752K)->2661K(2752K)
[459.895s][info][gc             ] GC(1113) Pause Young (Normal) (G1 Evacuation Pause) 877M->528M(978M) 40.796ms
[459.895s][info][gc,cpu         ] GC(1113) User=0.08s Sys=0.00s Real=0.04s
[459.951s][info][gc,marking     ] GC(1111) Concurrent Rebuild Remembered Sets and Scrub Regions 526.748ms
[459.951s][info][gc,start       ] GC(1111) Pause Cleanup
[459.951s][info][gc             ] GC(1111) Pause Cleanup 565M->565M(978M) 0.096ms
[459.951s][info][gc,cpu         ] GC(1111) User=0.00s Sys=0.00s Real=0.00s
[459.951s][info][gc,marking     ] GC(1111) Concurrent Clear Claimed Marks
[459.951s][info][gc,marking     ] GC(1111) Concurrent Clear Claimed Marks 0.078ms
[459.951s][info][gc,marking     ] GC(1111) Concurrent Cleanup for Next Mark
[459.956s][info][gc,marking     ] GC(1111) Concurrent Cleanup for Next Mark 4.840ms
[459.956s][info][gc             ] GC(1111) Concurrent Mark Cycle 1868.386ms
[460.261s][info][gc,start       ] GC(1114) Pause Young (Prepare Mixed) (G1 Evacuation Pause)
[460.261s][info][gc,task        ] GC(1114) Using 2 workers of 2 for evacuation
[460.308s][info][gc,phases      ] GC(1114)   Pre Evacuate Collection Set: 0.29ms
[460.308s][info][gc,phases      ] GC(1114)   Merge Heap Roots: 0.20ms
[460.308s][info][gc,phases      ] GC(1114)   Evacuate Collection Set: 46.42ms
[460.308s][info][gc,phases      ] GC(1114)   Post Evacuate Collection Set: 0.55ms
[460.308s][info][gc,phases      ] GC(1114)   Other: 0.10ms
[460.308s][info][gc,heap        ] GC(1114) Eden regions: 354->0(353)
[460.308s][info][gc,heap        ] GC(1114) Survivor regions: 36->12(49)
[460.308s][info][gc,heap        ] GC(1114) Old regions: 486->522
[460.308s][info][gc,heap        ] GC(1114) Humongous regions: 7->7
[460.308s][info][gc,metaspace   ] GC(1114) Metaspace: 19015K(19200K)->19015K(19200K) NonClass: 16354K(16448K)->16354K(16448K) Class: 2661K(2752K)->2661K(2752K)
[460.308s][info][gc             ] GC(1114) Pause Young (Prepare Mixed) (G1 Evacuation Pause) 882M->540M(978M) 47.758ms
[460.308s][info][gc,cpu         ] GC(1114) User=0.10s Sys=0.00s Real=0.05s
[460.766s][info][gc,start       ] GC(1115) Pause Young (Mixed) (G1 Evacuation Pause)
[460.766s][info][gc,task        ] GC(1115) Using 2 workers of 2 for evacuation
[460.841s][info][gc,phases      ] GC(1115)   Pre Evacuate Collection Set: 0.32ms
[460.841s][info][gc,phases      ] GC(1115)   Merge Heap Roots: 0.34ms
[460.841s][info][gc,phases      ] GC(1115)   Evacuate Collection Set: 73.31ms
[460.841s][info][gc,phases      ] GC(1115)   Post Evacuate Collection Set: 0.61ms
[460.841s][info][gc,phases      ] GC(1115)   Other: 0.12ms
[460.841s][info][gc,heap        ] GC(1115) Eden regions: 353->0(302)
[460.841s][info][gc,heap        ] GC(1115) Survivor regions: 12->46(46)
[460.841s][info][gc,heap        ] GC(1115) Old regions: 522->527
[460.841s][info][gc,heap        ] GC(1115) Humongous regions: 7->7
[460.841s][info][gc,metaspace   ] GC(1115) Metaspace: 19015K(19200K)->19015K(19200K) NonClass: 16354K(16448K)->16354K(16448K) Class: 2661K(2752K)->2661K(2752K)
[460.841s][info][gc             ] GC(1115) Pause Young (Mixed) (G1 Evacuation Pause) 893M->579M(978M) 75.017ms
[460.841s][info][gc,cpu         ] GC(1115) User=0.15s Sys=0.00s Real=0.07s
[461.163s][info][gc,start       ] GC(1116) Pause Young (Concurrent Start) (G1 Evacuation Pause)
[461.163s][info][gc,task        ] GC(1116) Using 2 workers of 2 for evacuation
[461.216s][info][gc,phases      ] GC(1116)   Pre Evacuate Collection Set: 0.32ms
[461.216s][info][gc,phases      ] GC(1116)   Merge Heap Roots: 0.23ms
[461.216s][info][gc,phases      ] GC(1116)   Evacuate Collection Set: 51.08ms
[461.216s][info][gc,phases      ] GC(1116)   Post Evacuate Collection Set: 0.51ms
[461.216s][info][gc,phases      ] GC(1116)   Other: 0.13ms
[461.216s][info][gc,heap        ] GC(1116) Eden regions: 302->0(311)
[461.216s][info][gc,heap        ] GC(1116) Survivor regions: 46->6(44)
[461.216s][info][gc,heap        ] GC(1116) Old regions: 527->574
[461.216s][info][gc,heap        ] GC(1116) Humongous regions: 7->7
[461.216s][info][gc,metaspace   ] GC(1116) Metaspace: 19015K(19200K)->19015K(19200K) NonClass: 16354K(16448K)->16354K(16448K) Class: 2661K(2752K)->2661K(2752K)
[461.216s][info][gc             ] GC(1116) Pause Young (Concurrent Start) (G1 Evacuation Pause) 881M->585M(978M) 52.541ms
[461.216s][info][gc             ] GC(1117) Concurrent Mark Cycle
[461.216s][info][gc,marking     ] GC(1117) Concurrent Scan Root Regions
[461.218s][info][gc,cpu         ] GC(1116) User=0.10s Sys=0.00s Real=0.06s
[461.281s][info][gc,marking     ] GC(1117) Concurrent Scan Root Regions 64.957ms
[461.281s][info][gc,marking     ] GC(1117) Concurrent Mark
[461.281s][info][gc,marking     ] GC(1117) Concurrent Mark From Roots
[461.281s][info][gc,task        ] GC(1117) Using 1 workers of 1 for marking
[462.009s][info][gc,start       ] GC(1118) Pause Young (Normal) (G1 Evacuation Pause)
[462.010s][info][gc,task        ] GC(1118) Using 2 workers of 2 for evacuation
[462.045s][info][gc,phases      ] GC(1118)   Pre Evacuate Collection Set: 0.28ms
[462.045s][info][gc,phases      ] GC(1118)   Merge Heap Roots: 0.27ms
[462.045s][info][gc,phases      ] GC(1118)   Evacuate Collection Set: 34.20ms
[462.045s][info][gc,phases      ] GC(1118)   Post Evacuate Collection Set: 0.52ms
[462.045s][info][gc,phases      ] GC(1118)   Other: 0.11ms
[462.045s][info][gc,heap        ] GC(1118) Eden regions: 311->0(289)
[462.045s][info][gc,heap        ] GC(1118) Survivor regions: 6->29(40)
[462.045s][info][gc,heap        ] GC(1118) Old regions: 574->574
[462.045s][info][gc,heap        ] GC(1118) Humongous regions: 7->7
[462.045s][info][gc,metaspace   ] GC(1118) Metaspace: 19015K(19200K)->19015K(19200K) NonClass: 16354K(16448K)->16354K(16448K) Class: 2661K(2752K)->2661K(2752K)
[462.045s][info][gc             ] GC(1118) Pause Young (Normal) (G1 Evacuation Pause) 896M->608M(978M) 35.592ms
[462.045s][info][gc,cpu         ] GC(1118) User=0.07s Sys=0.00s Real=0.03s
[462.669s][info][gc,marking     ] GC(1117) Concurrent Mark From Roots 1387.847ms
[462.669s][info][gc,marking     ] GC(1117) Concurrent Preclean
[462.669s][info][gc,marking     ] GC(1117) Concurrent Preclean 0.047ms
[462.669s][info][gc,start       ] GC(1117) Pause Remark
[462.677s][info][gc             ] GC(1117) Pause Remark 775M->775M(978M) 7.816ms
[462.677s][info][gc,cpu         ] GC(1117) User=0.02s Sys=0.00s Real=0.01s
[462.679s][info][gc,marking     ] GC(1117) Concurrent Mark 1398.164ms
[462.679s][info][gc,marking     ] GC(1117) Concurrent Rebuild Remembered Sets and Scrub Regions
[463.062s][info][gc,start       ] GC(1119) Pause Young (Normal) (G1 Evacuation Pause)
[463.062s][info][gc,task        ] GC(1119) Using 2 workers of 2 for evacuation
[463.092s][info][gc,phases      ] GC(1119)   Pre Evacuate Collection Set: 0.27ms
[463.092s][info][gc,phases      ] GC(1119)   Merge Heap Roots: 0.23ms
[463.092s][info][gc,phases      ] GC(1119)   Evacuate Collection Set: 28.61ms
[463.092s][info][gc,phases      ] GC(1119)   Post Evacuate Collection Set: 0.45ms
[463.092s][info][gc,phases      ] GC(1119)   Other: 0.09ms
[463.092s][info][gc,heap        ] GC(1119) Eden regions: 289->0(303)
[463.092s][info][gc,heap        ] GC(1119) Survivor regions: 29->1(40)
[463.092s][info][gc,heap        ] GC(1119) Old regions: 574->602
[463.092s][info][gc,heap        ] GC(1119) Humongous regions: 7->7
[463.092s][info][gc,metaspace   ] GC(1119) Metaspace: 19015K(19200K)->19015K(19200K) NonClass: 16354K(16448K)->16354K(16448K) Class: 2661K(2752K)->2661K(2752K)
[463.092s][info][gc             ] GC(1119) Pause Young (Normal) (G1 Evacuation Pause) 897M->609M(978M) 29.881ms
[463.092s][info][gc,cpu         ] GC(1119) User=0.06s Sys=0.00s Real=0.03s
[463.276s][info][gc,marking     ] GC(1117) Concurrent Rebuild Remembered Sets and Scrub Regions 597.301ms
[463.276s][info][gc,start       ] GC(1117) Pause Cleanup
[463.277s][info][gc             ] GC(1117) Pause Cleanup 659M->659M(978M) 0.091ms
[463.277s][info][gc,cpu         ] GC(1117) User=0.00s Sys=0.00s Real=0.00s
[463.277s][info][gc,marking     ] GC(1117) Concurrent Clear Claimed Marks
[463.277s][info][gc,marking     ] GC(1117) Concurrent Clear Claimed Marks 0.030ms
[463.277s][info][gc,marking     ] GC(1117) Concurrent Cleanup for Next Mark
[463.280s][info][gc,marking     ] GC(1117) Concurrent Cleanup for Next Mark 2.893ms
[463.280s][info][gc             ] GC(1117) Concurrent Mark Cycle 2063.822ms
[463.835s][info][gc,start       ] GC(1120) Pause Young (Prepare Mixed) (G1 Evacuation Pause)
[463.835s][info][gc,task        ] GC(1120) Using 2 workers of 2 for evacuation
[463.839s][info][gc,phases      ] GC(1120)   Pre Evacuate Collection Set: 0.31ms
[463.839s][info][gc,phases      ] GC(1120)   Merge Heap Roots: 0.12ms
[463.839s][info][gc,phases      ] GC(1120)   Evacuate Collection Set: 3.10ms
[463.839s][info][gc,phases      ] GC(1120)   Post Evacuate Collection Set: 0.48ms
[463.839s][info][gc,phases      ] GC(1120)   Other: 0.11ms
[463.839s][info][gc,heap        ] GC(1120) Eden regions: 303->0(311)
[463.839s][info][gc,heap        ] GC(1120) Survivor regions: 1->3(38)
[463.839s][info][gc,heap        ] GC(1120) Old regions: 602->602
[463.839s][info][gc,heap        ] GC(1120) Humongous regions: 7->7
[463.839s][info][gc,metaspace   ] GC(1120) Metaspace: 19015K(19200K)->19015K(19200K) NonClass: 16354K(16448K)->16354K(16448K) Class: 2661K(2752K)->2661K(2752K)
[463.839s][info][gc             ] GC(1120) Pause Young (Prepare Mixed) (G1 Evacuation Pause) 912M->611M(978M) 4.403ms
[463.839s][info][gc,cpu         ] GC(1120) User=0.00s Sys=0.00s Real=0.01s
[464.208s][info][gc,start       ] GC(1121) Pause Young (Mixed) (G1 Evacuation Pause)
[464.208s][info][gc,task        ] GC(1121) Using 2 workers of 2 for evacuation
[464.281s][info][gc,phases      ] GC(1121)   Pre Evacuate Collection Set: 0.34ms
[464.281s][info][gc,phases      ] GC(1121)   Merge Heap Roots: 0.18ms
[464.281s][info][gc,phases      ] GC(1121)   Evacuate Collection Set: 66.33ms
[464.281s][info][gc,phases      ] GC(1121)   Post Evacuate Collection Set: 6.16ms
[464.281s][info][gc,phases      ] GC(1121)   Other: 0.10ms
[464.281s][info][gc,heap        ] GC(1121) Eden regions: 311->0(151)
[464.281s][info][gc,heap        ] GC(1121) Survivor regions: 3->40(40)
[464.281s][info][gc,heap        ] GC(1121) Old regions: 602->690
[464.281s][info][gc,heap        ] GC(1121) Humongous regions: 7->7
[464.281s][info][gc,metaspace   ] GC(1121) Metaspace: 19015K(19200K)->19015K(19200K) NonClass: 16354K(16448K)->16354K(16448K) Class: 2661K(2752K)->2661K(2752K)
[464.281s][info][gc             ] GC(1121) Pause Young (Mixed) (G1 Evacuation Pause) (Evacuation Failure: Allocation) 922M->736M(978M) 73.390ms
[464.281s][info][gc,cpu         ] GC(1121) User=0.15s Sys=0.00s Real=0.07s
[464.437s][info][gc,start       ] GC(1122) Pause Young (Concurrent Start) (G1 Humongous Allocation)
[464.437s][info][gc,task        ] GC(1122) Using 2 workers of 2 for evacuation
[464.500s][info][gc,phases      ] GC(1122)   Pre Evacuate Collection Set: 0.40ms
[464.500s][info][gc,phases      ] GC(1122)   Merge Heap Roots: 0.43ms
[464.500s][info][gc,phases      ] GC(1122)   Evacuate Collection Set: 61.43ms
[464.500s][info][gc,phases      ] GC(1122)   Post Evacuate Collection Set: 0.57ms
[464.500s][info][gc,phases      ] GC(1122)   Other: 0.12ms
[464.500s][info][gc,heap        ] GC(1122) Eden regions: 122->0(237)
[464.500s][info][gc,heap        ] GC(1122) Survivor regions: 40->7(24)
[464.500s][info][gc,heap        ] GC(1122) Old regions: 690->665
[464.500s][info][gc,heap        ] GC(1122) Humongous regions: 7->7
[464.500s][info][gc,metaspace   ] GC(1122) Metaspace: 19015K(19200K)->19015K(19200K) NonClass: 16354K(16448K)->16354K(16448K) Class: 2661K(2752K)->2661K(2752K)
[464.500s][info][gc             ] GC(1122) Pause Young (Concurrent Start) (G1 Humongous Allocation) 858M->678M(978M) 63.201ms
[464.501s][info][gc,cpu         ] GC(1122) User=0.12s Sys=0.00s Real=0.06s
[464.501s][info][gc             ] GC(1123) Concurrent Mark Cycle
[464.501s][info][gc,marking     ] GC(1123) Concurrent Scan Root Regions
[464.569s][info][gc,marking     ] GC(1123) Concurrent Scan Root Regions 68.160ms
[464.569s][info][gc,marking     ] GC(1123) Concurrent Mark
[464.569s][info][gc,marking     ] GC(1123) Concurrent Mark From Roots
[464.569s][info][gc,task        ] GC(1123) Using 1 workers of 1 for marking
[465.321s][info][gc,start       ] GC(1124) Pause Young (Normal) (G1 Evacuation Pause)
[465.321s][info][gc,task        ] GC(1124) Using 2 workers of 2 for evacuation
[465.357s][info][gc,phases      ] GC(1124)   Pre Evacuate Collection Set: 0.28ms
[465.357s][info][gc,phases      ] GC(1124)   Merge Heap Roots: 0.32ms
[465.357s][info][gc,phases      ] GC(1124)   Evacuate Collection Set: 34.60ms
[465.357s][info][gc,phases      ] GC(1124)   Post Evacuate Collection Set: 0.53ms
[465.357s][info][gc,phases      ] GC(1124)   Other: 0.11ms
[465.357s][info][gc,heap        ] GC(1124) Eden regions: 237->0(213)
[465.357s][info][gc,heap        ] GC(1124) Survivor regions: 7->20(31)
[465.357s][info][gc,heap        ] GC(1124) Old regions: 665->665
[465.357s][info][gc,heap        ] GC(1124) Humongous regions: 10->10
[465.357s][info][gc,metaspace   ] GC(1124) Metaspace: 19015K(19200K)->19015K(19200K) NonClass: 16354K(16448K)->16354K(16448K) Class: 2661K(2752K)->2661K(2752K)
[465.357s][info][gc             ] GC(1124) Pause Young (Normal) (G1 Evacuation Pause) 918M->694M(978M) 36.118ms
[465.357s][info][gc,cpu         ] GC(1124) User=0.07s Sys=0.00s Real=0.04s
[465.742s][info][gc,start       ] GC(1125) Pause Young (Normal) (G1 Evacuation Pause)
[465.742s][info][gc,task        ] GC(1125) Using 2 workers of 2 for evacuation
[465.824s][info][gc,phases      ] GC(1125)   Pre Evacuate Collection Set: 0.28ms
[465.824s][info][gc,phases      ] GC(1125)   Merge Heap Roots: 0.29ms
[465.824s][info][gc,phases      ] GC(1125)   Evacuate Collection Set: 79.15ms
[465.824s][info][gc,phases      ] GC(1125)   Post Evacuate Collection Set: 2.13ms
[465.824s][info][gc,phases      ] GC(1125)   Other: 0.07ms
[465.824s][info][gc,heap        ] GC(1125) Eden regions: 213->0(133)
[465.824s][info][gc,heap        ] GC(1125) Survivor regions: 20->30(30)
[465.824s][info][gc,heap        ] GC(1125) Old regions: 665->725
[465.824s][info][gc,heap        ] GC(1125) Humongous regions: 10->10
[465.824s][info][gc,metaspace   ] GC(1125) Metaspace: 19015K(19200K)->19015K(19200K) NonClass: 16354K(16448K)->16354K(16448K) Class: 2661K(2752K)->2661K(2752K)
[465.824s][info][gc             ] GC(1125) Pause Young (Normal) (G1 Evacuation Pause) (Evacuation Failure: Allocation) 907M->764M(978M) 82.153ms
[465.824s][info][gc,cpu         ] GC(1125) User=0.16s Sys=0.00s Real=0.08s
[466.092s][info][gc,start       ] GC(1126) Pause Young (Normal) (G1 Evacuation Pause)
[466.092s][info][gc,task        ] GC(1126) Using 2 workers of 2 for evacuation
[466.153s][info][gc,phases      ] GC(1126)   Pre Evacuate Collection Set: 0.53ms
[466.153s][info][gc,phases      ] GC(1126)   Merge Heap Roots: 0.68ms
[466.153s][info][gc,phases      ] GC(1126)   Evacuate Collection Set: 58.78ms
[466.153s][info][gc,phases      ] GC(1126)   Post Evacuate Collection Set: 0.43ms
[466.153s][info][gc,phases      ] GC(1126)   Other: 0.07ms
[466.153s][info][gc,heap        ] GC(1126) Eden regions: 133->0(137)
[466.153s][info][gc,heap        ] GC(1126) Survivor regions: 30->20(21)
[466.153s][info][gc,heap        ] GC(1126) Old regions: 725->741
[466.153s][info][gc,heap        ] GC(1126) Humongous regions: 10->10
[466.153s][info][gc,metaspace   ] GC(1126) Metaspace: 19016K(19200K)->19016K(19200K) NonClass: 16355K(16448K)->16355K(16448K) Class: 2661K(2752K)->2661K(2752K)
[466.153s][info][gc             ] GC(1126) Pause Young (Normal) (G1 Evacuation Pause) 897M->769M(978M) 60.719ms
[466.153s][info][gc,cpu         ] GC(1126) User=0.12s Sys=0.00s Real=0.06s
[466.272s][info][gc,marking     ] GC(1123) Concurrent Mark From Roots 1702.920ms
[466.272s][info][gc,marking     ] GC(1123) Concurrent Preclean
[466.272s][info][gc,marking     ] GC(1123) Concurrent Preclean 0.045ms
[466.272s][info][gc,start       ] GC(1123) Pause Remark
[466.280s][info][gc             ] GC(1123) Pause Remark 843M->771M(978M) 7.687ms
[466.280s][info][gc,cpu         ] GC(1123) User=0.02s Sys=0.01s Real=0.01s
[466.282s][info][gc,marking     ] GC(1123) Concurrent Mark 1712.588ms
[466.282s][info][gc,marking     ] GC(1123) Concurrent Rebuild Remembered Sets and Scrub Regions
[466.400s][info][gc,start       ] GC(1127) Pause Young (Normal) (G1 Evacuation Pause)
[466.400s][info][gc,task        ] GC(1127) Using 2 workers of 2 for evacuation
[466.418s][info][gc,phases      ] GC(1127)   Pre Evacuate Collection Set: 0.46ms
[466.418s][info][gc,phases      ] GC(1127)   Merge Heap Roots: 0.13ms
[466.418s][info][gc,phases      ] GC(1127)   Evacuate Collection Set: 16.24ms
[466.418s][info][gc,phases      ] GC(1127)   Post Evacuate Collection Set: 0.36ms
[466.418s][info][gc,phases      ] GC(1127)   Other: 0.08ms
[466.418s][info][gc,heap        ] GC(1127) Eden regions: 137->0(209)
[466.418s][info][gc,heap        ] GC(1127) Survivor regions: 20->1(20)
[466.418s][info][gc,heap        ] GC(1127) Old regions: 670->689
[466.418s][info][gc,heap        ] GC(1127) Humongous regions: 9->9
[466.418s][info][gc,metaspace   ] GC(1127) Metaspace: 19016K(19200K)->19016K(19200K) NonClass: 16355K(16448K)->16355K(16448K) Class: 2661K(2752K)->2661K(2752K)
[466.418s][info][gc             ] GC(1127) Pause Young (Normal) (G1 Evacuation Pause) 834M->698M(978M) 17.473ms
[466.418s][info][gc,cpu         ] GC(1127) User=0.04s Sys=0.00s Real=0.02s
[466.718s][info][gc,start       ] GC(1128) Pause Young (Normal) (G1 Evacuation Pause)
[466.718s][info][gc,task        ] GC(1128) Using 2 workers of 2 for evacuation
[466.720s][info][gc,phases      ] GC(1128)   Pre Evacuate Collection Set: 0.47ms
[466.720s][info][gc,phases      ] GC(1128)   Merge Heap Roots: 0.08ms
[466.720s][info][gc,phases      ] GC(1128)   Evacuate Collection Set: 1.26ms
[466.720s][info][gc,phases      ] GC(1128)   Post Evacuate Collection Set: 0.37ms
[466.720s][info][gc,phases      ] GC(1128)   Other: 0.09ms
[466.720s][info][gc,heap        ] GC(1128) Eden regions: 209->0(220)
[466.720s][info][gc,heap        ] GC(1128) Survivor regions: 1->1(27)
[466.720s][info][gc,heap        ] GC(1128) Old regions: 689->689
[466.720s][info][gc,heap        ] GC(1128) Humongous regions: 9->9
[466.720s][info][gc,metaspace   ] GC(1128) Metaspace: 19016K(19200K)->19016K(19200K) NonClass: 16355K(16448K)->16355K(16448K) Class: 2661K(2752K)->2661K(2752K)
[466.720s][info][gc             ] GC(1128) Pause Young (Normal) (G1 Evacuation Pause) 907M->698M(978M) 2.474ms
[466.720s][info][gc,cpu         ] GC(1128) User=0.01s Sys=0.00s Real=0.00s
[466.946s][info][gc,marking     ] GC(1123) Concurrent Rebuild Remembered Sets and Scrub Regions 664.530ms
[466.946s][info][gc,start       ] GC(1123) Pause Cleanup
[466.946s][info][gc             ] GC(1123) Pause Cleanup 844M->844M(978M) 0.092ms
[466.946s][info][gc,cpu         ] GC(1123) User=0.00s Sys=0.00s Real=0.00s
[466.946s][info][gc,marking     ] GC(1123) Concurrent Clear Claimed Marks
[466.947s][info][gc,marking     ] GC(1123) Concurrent Clear Claimed Marks 0.028ms
[466.947s][info][gc,marking     ] GC(1123) Concurrent Cleanup for Next Mark
[466.949s][info][gc,marking     ] GC(1123) Concurrent Cleanup for Next Mark 2.814ms
[466.949s][info][gc             ] GC(1123) Concurrent Mark Cycle 2448.845ms
[467.036s][info][gc,start       ] GC(1129) Pause Young (Prepare Mixed) (G1 Evacuation Pause)
[467.036s][info][gc,task        ] GC(1129) Using 2 workers of 2 for evacuation
[467.039s][info][gc,phases      ] GC(1129)   Pre Evacuate Collection Set: 0.30ms
[467.039s][info][gc,phases      ] GC(1129)   Merge Heap Roots: 0.11ms
[467.039s][info][gc,phases      ] GC(1129)   Evacuate Collection Set: 1.44ms
[467.039s][info][gc,phases      ] GC(1129)   Post Evacuate Collection Set: 0.42ms
[467.039s][info][gc,phases      ] GC(1129)   Other: 0.11ms
[467.039s][info][gc,heap        ] GC(1129) Eden regions: 220->0(228)
[467.039s][info][gc,heap        ] GC(1129) Survivor regions: 1->1(28)
[467.039s][info][gc,heap        ] GC(1129) Old regions: 689->689
[467.039s][info][gc,heap        ] GC(1129) Humongous regions: 9->9
[467.039s][info][gc,metaspace   ] GC(1129) Metaspace: 19016K(19200K)->19016K(19200K) NonClass: 16355K(16448K)->16355K(16448K) Class: 2661K(2752K)->2661K(2752K)
[467.039s][info][gc             ] GC(1129) Pause Young (Prepare Mixed) (G1 Evacuation Pause) 918M->698M(978M) 2.621ms
[467.039s][info][gc,cpu         ] GC(1129) User=0.00s Sys=0.00s Real=0.01s
[467.286s][info][gc,start       ] GC(1130) Pause Young (Mixed) (G1 Evacuation Pause)
[467.286s][info][gc,task        ] GC(1130) Using 2 workers of 2 for evacuation
[467.290s][info][gc,phases      ] GC(1130)   Pre Evacuate Collection Set: 0.52ms
[467.290s][info][gc,phases      ] GC(1130)   Merge Heap Roots: 0.14ms
[467.290s][info][gc,phases      ] GC(1130)   Evacuate Collection Set: 2.71ms
[467.290s][info][gc,phases      ] GC(1130)   Post Evacuate Collection Set: 0.40ms
[467.290s][info][gc,phases      ] GC(1130)   Other: 0.11ms
[467.290s][info][gc,heap        ] GC(1130) Eden regions: 228->0(237)
[467.290s][info][gc,heap        ] GC(1130) Survivor regions: 1->1(29)
[467.290s][info][gc,heap        ] GC(1130) Old regions: 689->680
[467.290s][info][gc,heap        ] GC(1130) Humongous regions: 9->9
[467.290s][info][gc,metaspace   ] GC(1130) Metaspace: 19016K(19200K)->19016K(19200K) NonClass: 16355K(16448K)->16355K(16448K) Class: 2661K(2752K)->2661K(2752K)
[467.290s][info][gc             ] GC(1130) Pause Young (Mixed) (G1 Evacuation Pause) 926M->689M(978M) 4.136ms
[467.290s][info][gc,cpu         ] GC(1130) User=0.01s Sys=0.00s Real=0.01s
[467.551s][info][gc,start       ] GC(1131) Pause Young (Concurrent Start) (G1 Humongous Allocation)
[467.551s][info][gc,task        ] GC(1131) Using 2 workers of 2 for evacuation
[467.574s][info][gc,phases      ] GC(1131)   Pre Evacuate Collection Set: 0.32ms
[467.574s][info][gc,phases      ] GC(1131)   Merge Heap Roots: 0.31ms
[467.574s][info][gc,phases      ] GC(1131)   Evacuate Collection Set: 22.10ms
[467.575s][info][gc,phases      ] GC(1131)   Post Evacuate Collection Set: 0.57ms
[467.575s][info][gc,phases      ] GC(1131)   Other: 0.12ms
[467.575s][info][gc,heap        ] GC(1131) Eden regions: 229->0(219)
[467.575s][info][gc,heap        ] GC(1131) Survivor regions: 1->10(30)
[467.575s][info][gc,heap        ] GC(1131) Old regions: 680->680
[467.575s][info][gc,heap        ] GC(1131) Humongous regions: 9->9
[467.575s][info][gc,metaspace   ] GC(1131) Metaspace: 19016K(19200K)->19016K(19200K) NonClass: 16355K(16448K)->16355K(16448K) Class: 2661K(2752K)->2661K(2752K)
[467.575s][info][gc             ] GC(1131) Pause Young (Concurrent Start) (G1 Humongous Allocation) 918M->697M(978M) 23.689ms
[467.575s][info][gc,cpu         ] GC(1131) User=0.04s Sys=0.00s Real=0.02s
[467.575s][info][gc             ] GC(1132) Concurrent Mark Cycle
[467.575s][info][gc,marking     ] GC(1132) Concurrent Scan Root Regions
[467.603s][info][gc,marking     ] GC(1132) Concurrent Scan Root Regions 28.507ms
[467.603s][info][gc,marking     ] GC(1132) Concurrent Mark
[467.603s][info][gc,marking     ] GC(1132) Concurrent Mark From Roots
[467.603s][info][gc,task        ] GC(1132) Using 1 workers of 1 for marking
[468.045s][info][gc,marking     ] GC(1132) Concurrent Mark From Roots 441.547ms
[468.045s][info][gc,marking     ] GC(1132) Concurrent Preclean
[468.045s][info][gc,marking     ] GC(1132) Concurrent Preclean 0.046ms
[468.045s][info][gc,start       ] GC(1132) Pause Remark
[468.053s][info][gc             ] GC(1132) Pause Remark 855M->521M(978M) 7.929ms
[468.053s][info][gc,cpu         ] GC(1132) User=0.01s Sys=0.00s Real=0.01s
[468.055s][info][gc,marking     ] GC(1132) Concurrent Mark 452.075ms
[468.055s][info][gc,marking     ] GC(1132) Concurrent Rebuild Remembered Sets and Scrub Regions
[468.189s][info][gc,marking     ] GC(1132) Concurrent Rebuild Remembered Sets and Scrub Regions 133.144ms
[468.189s][info][gc,start       ] GC(1132) Pause Cleanup
[468.189s][info][gc             ] GC(1132) Pause Cleanup 580M->580M(978M) 0.126ms
[468.189s][info][gc,cpu         ] GC(1132) User=0.00s Sys=0.00s Real=0.00s
[468.190s][info][gc,marking     ] GC(1132) Concurrent Clear Claimed Marks
[468.190s][info][gc,marking     ] GC(1132) Concurrent Clear Claimed Marks 0.035ms
[468.190s][info][gc,marking     ] GC(1132) Concurrent Cleanup for Next Mark
[468.195s][info][gc,marking     ] GC(1132) Concurrent Cleanup for Next Mark 5.789ms
[468.196s][info][gc             ] GC(1132) Concurrent Mark Cycle 620.875ms
[468.198s][info][gc,start       ] GC(1133) Pause Young (Prepare Mixed) (G1 Evacuation Pause)
[468.198s][info][gc,task        ] GC(1133) Using 2 workers of 2 for evacuation
[468.235s][info][gc,phases      ] GC(1133)   Pre Evacuate Collection Set: 0.47ms
[468.235s][info][gc,phases      ] GC(1133)   Merge Heap Roots: 0.57ms
[468.235s][info][gc,phases      ] GC(1133)   Evacuate Collection Set: 35.38ms
[468.235s][info][gc,phases      ] GC(1133)   Post Evacuate Collection Set: 0.57ms
[468.235s][info][gc,phases      ] GC(1133)   Other: 0.10ms
[468.235s][info][gc,heap        ] GC(1133) Eden regions: 219->0(431)
[468.235s][info][gc,heap        ] GC(1133) Survivor regions: 10->19(29)
[468.235s][info][gc,heap        ] GC(1133) Old regions: 353->353
[468.235s][info][gc,heap        ] GC(1133) Humongous regions: 5->5
[468.235s][info][gc,metaspace   ] GC(1133) Metaspace: 19016K(19200K)->19016K(19200K) NonClass: 16355K(16448K)->16355K(16448K) Class: 2661K(2752K)->2661K(2752K)
[468.235s][info][gc             ] GC(1133) Pause Young (Prepare Mixed) (G1 Evacuation Pause) 585M->375M(978M) 37.302ms
[468.235s][info][gc,cpu         ] GC(1133) User=0.07s Sys=0.00s Real=0.03s
[468.661s][info][gc,start       ] GC(1134) Pause Young (Mixed) (G1 Evacuation Pause)
[468.661s][info][gc,task        ] GC(1134) Using 2 workers of 2 for evacuation
[468.736s][info][gc,phases      ] GC(1134)   Pre Evacuate Collection Set: 0.55ms
[468.736s][info][gc,phases      ] GC(1134)   Merge Heap Roots: 0.51ms
[468.736s][info][gc,phases      ] GC(1134)   Evacuate Collection Set: 72.71ms
[468.736s][info][gc,phases      ] GC(1134)   Post Evacuate Collection Set: 0.87ms
[468.736s][info][gc,phases      ] GC(1134)   Other: 0.13ms
[468.736s][info][gc,heap        ] GC(1134) Eden regions: 431->0(477)
[468.736s][info][gc,heap        ] GC(1134) Survivor regions: 19->54(57)
[468.736s][info][gc,heap        ] GC(1134) Old regions: 353->255
[468.736s][info][gc,heap        ] GC(1134) Humongous regions: 5->5
[468.736s][info][gc,metaspace   ] GC(1134) Metaspace: 19017K(19200K)->19017K(19200K) NonClass: 16355K(16448K)->16355K(16448K) Class: 2661K(2752K)->2661K(2752K)
[468.736s][info][gc             ] GC(1134) Pause Young (Mixed) (G1 Evacuation Pause) 806M->312M(978M) 75.053ms
[468.736s][info][gc,cpu         ] GC(1134) User=0.15s Sys=0.00s Real=0.07s
[469.197s][info][gc,start       ] GC(1135) Pause Young (Mixed) (G1 Evacuation Pause)
[469.197s][info][gc,task        ] GC(1135) Using 2 workers of 2 for evacuation
[469.291s][info][gc,phases      ] GC(1135)   Pre Evacuate Collection Set: 0.32ms
[469.291s][info][gc,phases      ] GC(1135)   Merge Heap Roots: 0.49ms
[469.291s][info][gc,phases      ] GC(1135)   Evacuate Collection Set: 92.63ms
[469.291s][info][gc,phases      ] GC(1135)   Post Evacuate Collection Set: 0.71ms
[469.291s][info][gc,phases      ] GC(1135)   Other: 0.11ms
[469.291s][info][gc,heap        ] GC(1135) Eden regions: 477->0(488)
[469.291s][info][gc,heap        ] GC(1135) Survivor regions: 54->24(67)
[469.291s][info][gc,heap        ] GC(1135) Old regions: 255->287
[469.291s][info][gc,heap        ] GC(1135) Humongous regions: 5->5
[469.291s][info][gc,metaspace   ] GC(1135) Metaspace: 19017K(19200K)->19017K(19200K) NonClass: 16355K(16448K)->16355K(16448K) Class: 2661K(2752K)->2661K(2752K)
[469.292s][info][gc             ] GC(1135) Pause Young (Mixed) (G1 Evacuation Pause) 789M->314M(978M) 94.549ms
[469.292s][info][gc,cpu         ] GC(1135) User=0.18s Sys=0.00s Real=0.09s
[469.914s][info][gc,start       ] GC(1136) Pause Young (Concurrent Start) (G1 Evacuation Pause)
[469.914s][info][gc,task        ] GC(1136) Using 2 workers of 2 for evacuation
[469.994s][info][gc,phases      ] GC(1136)   Pre Evacuate Collection Set: 0.31ms
[469.995s][info][gc,phases      ] GC(1136)   Merge Heap Roots: 0.44ms
[469.995s][info][gc,phases      ] GC(1136)   Evacuate Collection Set: 78.76ms
[469.995s][info][gc,phases      ] GC(1136)   Post Evacuate Collection Set: 0.72ms
[469.995s][info][gc,phases      ] GC(1136)   Other: 0.14ms
[469.995s][info][gc,heap        ] GC(1136) Eden regions: 488->0(460)
[469.995s][info][gc,heap        ] GC(1136) Survivor regions: 24->64(64)
[469.995s][info][gc,heap        ] GC(1136) Old regions: 287->291
[469.995s][info][gc,heap        ] GC(1136) Humongous regions: 5->5
[469.995s][info][gc,metaspace   ] GC(1136) Metaspace: 19017K(19200K)->19017K(19200K) NonClass: 16355K(16448K)->16355K(16448K) Class: 2661K(2752K)->2661K(2752K)
[469.995s][info][gc             ] GC(1136) Pause Young (Concurrent Start) (G1 Evacuation Pause) 802M->359M(978M) 80.660ms
[469.995s][info][gc,cpu         ] GC(1136) User=0.16s Sys=0.00s Real=0.08s
[469.995s][info][gc             ] GC(1137) Concurrent Mark Cycle
[469.995s][info][gc,marking     ] GC(1137) Concurrent Scan Root Regions
[470.121s][info][gc,marking     ] GC(1137) Concurrent Scan Root Regions 126.038ms
[470.121s][info][gc,marking     ] GC(1137) Concurrent Mark
[470.121s][info][gc,marking     ] GC(1137) Concurrent Mark From Roots
[470.121s][info][gc,task        ] GC(1137) Using 1 workers of 1 for marking
[470.775s][info][gc,start       ] GC(1138) Pause Young (Normal) (G1 Evacuation Pause)
[470.775s][info][gc,task        ] GC(1138) Using 2 workers of 2 for evacuation
[470.854s][info][gc,phases      ] GC(1138)   Pre Evacuate Collection Set: 0.31ms
[470.854s][info][gc,phases      ] GC(1138)   Merge Heap Roots: 0.31ms
[470.854s][info][gc,phases      ] GC(1138)   Evacuate Collection Set: 77.34ms
[470.854s][info][gc,phases      ] GC(1138)   Post Evacuate Collection Set: 0.69ms
[470.854s][info][gc,phases      ] GC(1138)   Other: 0.15ms
[470.854s][info][gc,heap        ] GC(1138) Eden regions: 460->0(471)
[470.854s][info][gc,heap        ] GC(1138) Survivor regions: 64->10(66)
[470.854s][info][gc,heap        ] GC(1138) Old regions: 291->356
[470.854s][info][gc,heap        ] GC(1138) Humongous regions: 5->5
[470.854s][info][gc,metaspace   ] GC(1138) Metaspace: 19017K(19200K)->19017K(19200K) NonClass: 16355K(16448K)->16355K(16448K) Class: 2661K(2752K)->2661K(2752K)
[470.854s][info][gc             ] GC(1138) Pause Young (Normal) (G1 Evacuation Pause) 819M->370M(978M) 79.051ms
[470.854s][info][gc,cpu         ] GC(1138) User=0.16s Sys=0.00s Real=0.08s
[470.892s][info][gc,marking     ] GC(1137) Concurrent Mark From Roots 770.890ms
[470.892s][info][gc,marking     ] GC(1137) Concurrent Preclean
[470.892s][info][gc,marking     ] GC(1137) Concurrent Preclean 0.044ms
[470.893s][info][gc,start       ] GC(1137) Pause Remark
[470.901s][info][gc             ] GC(1137) Pause Remark 393M->392M(978M) 7.700ms
[470.901s][info][gc,cpu         ] GC(1137) User=0.02s Sys=0.00s Real=0.01s
[470.901s][info][gc,marking     ] GC(1137) Concurrent Mark 779.740ms
[470.901s][info][gc,marking     ] GC(1137) Concurrent Rebuild Remembered Sets and Scrub Regions
[471.215s][info][gc,marking     ] GC(1137) Concurrent Rebuild Remembered Sets and Scrub Regions 314.037ms
[471.215s][info][gc,start       ] GC(1137) Pause Cleanup
[471.215s][info][gc             ] GC(1137) Pause Cleanup 536M->536M(978M) 0.114ms
[471.215s][info][gc,cpu         ] GC(1137) User=0.00s Sys=0.00s Real=0.00s
[471.215s][info][gc,marking     ] GC(1137) Concurrent Clear Claimed Marks
[471.215s][info][gc,marking     ] GC(1137) Concurrent Clear Claimed Marks 0.035ms
[471.215s][info][gc,marking     ] GC(1137) Concurrent Cleanup for Next Mark
[471.218s][info][gc,marking     ] GC(1137) Concurrent Cleanup for Next Mark 2.892ms
[471.218s][info][gc             ] GC(1137) Concurrent Mark Cycle 1223.346ms
[471.964s][info][gc,start       ] GC(1139) Pause Young (Prepare Mixed) (G1 Evacuation Pause)
[471.964s][info][gc,task        ] GC(1139) Using 2 workers of 2 for evacuation
[471.991s][info][gc,phases      ] GC(1139)   Pre Evacuate Collection Set: 0.32ms
[471.991s][info][gc,phases      ] GC(1139)   Merge Heap Roots: 0.28ms
[471.991s][info][gc,phases      ] GC(1139)   Evacuate Collection Set: 25.38ms
[471.991s][info][gc,phases      ] GC(1139)   Post Evacuate Collection Set: 0.69ms
[471.991s][info][gc,phases      ] GC(1139)   Other: 0.13ms
[471.991s][info][gc,heap        ] GC(1139) Eden regions: 471->0(477)
[471.991s][info][gc,heap        ] GC(1139) Survivor regions: 10->22(61)
[471.991s][info][gc,heap        ] GC(1139) Old regions: 356->356
[471.991s][info][gc,heap        ] GC(1139) Humongous regions: 4->4
[471.991s][info][gc,metaspace   ] GC(1139) Metaspace: 19017K(19200K)->19017K(19200K) NonClass: 16355K(16448K)->16355K(16448K) Class: 2661K(2752K)->2661K(2752K)
[471.991s][info][gc             ] GC(1139) Pause Young (Prepare Mixed) (G1 Evacuation Pause) 840M->381M(978M) 27.048ms
[471.991s][info][gc,cpu         ] GC(1139) User=0.05s Sys=0.00s Real=0.03s
[472.738s][info][gc,start       ] GC(1140) Pause Young (Mixed) (G1 Evacuation Pause)
[472.738s][info][gc,task        ] GC(1140) Using 2 workers of 2 for evacuation
[472.862s][info][gc,phases      ] GC(1140)   Pre Evacuate Collection Set: 0.31ms
[472.862s][info][gc,phases      ] GC(1140)   Merge Heap Roots: 0.72ms
[472.862s][info][gc,phases      ] GC(1140)   Evacuate Collection Set: 122.01ms
[472.862s][info][gc,phases      ] GC(1140)   Post Evacuate Collection Set: 0.93ms
[472.862s][info][gc,phases      ] GC(1140)   Other: 0.09ms
[472.862s][info][gc,heap        ] GC(1140) Eden regions: 477->0(388)
[472.862s][info][gc,heap        ] GC(1140) Survivor regions: 22->63(63)
[472.862s][info][gc,heap        ] GC(1140) Old regions: 356->379
[472.862s][info][gc,heap        ] GC(1140) Humongous regions: 4->4
[472.862s][info][gc,metaspace   ] GC(1140) Metaspace: 19020K(19200K)->19020K(19200K) NonClass: 16359K(16448K)->16359K(16448K) Class: 2661K(2752K)->2661K(2752K)
[472.862s][info][gc             ] GC(1140) Pause Young (Mixed) (G1 Evacuation Pause) 858M->445M(978M) 124.239ms
[472.862s][info][gc,cpu         ] GC(1140) User=0.24s Sys=0.00s Real=0.12s
[473.195s][info][gc,start       ] GC(1141) Pause Young (Concurrent Start) (G1 Humongous Allocation)
[473.195s][info][gc,task        ] GC(1141) Using 2 workers of 2 for evacuation
[473.379s][info][gc,phases      ] GC(1141)   Pre Evacuate Collection Set: 0.30ms
[473.379s][info][gc,phases      ] GC(1141)   Merge Heap Roots: 0.50ms
[473.379s][info][gc,phases      ] GC(1141)   Evacuate Collection Set: 179.96ms
[473.379s][info][gc,phases      ] GC(1141)   Post Evacuate Collection Set: 2.70ms
[473.379s][info][gc,phases      ] GC(1141)   Other: 0.15ms
[473.379s][info][gc,heap        ] GC(1141) Eden regions: 354->0(236)
[473.379s][info][gc,heap        ] GC(1141) Survivor regions: 63->57(57)
[473.379s][info][gc,heap        ] GC(1141) Old regions: 379->537
[473.379s][info][gc,heap        ] GC(1141) Humongous regions: 4->4
[473.379s][info][gc,metaspace   ] GC(1141) Metaspace: 19041K(19200K)->19041K(19200K) NonClass: 16380K(16448K)->16380K(16448K) Class: 2661K(2752K)->2661K(2752K)
[473.379s][info][gc             ] GC(1141) Pause Young (Concurrent Start) (G1 Humongous Allocation) (Evacuation Failure: Allocation) 799M->597M(978M) 183.830ms
[473.379s][info][gc,cpu         ] GC(1141) User=0.37s Sys=0.00s Real=0.19s
[473.379s][info][gc             ] GC(1142) Concurrent Mark Cycle
[473.379s][info][gc,marking     ] GC(1142) Concurrent Scan Root Regions
[473.538s][info][gc,marking     ] GC(1142) Concurrent Scan Root Regions 158.874ms
[473.538s][info][gc,marking     ] GC(1142) Concurrent Mark
[473.538s][info][gc,marking     ] GC(1142) Concurrent Mark From Roots
[473.538s][info][gc,task        ] GC(1142) Using 1 workers of 1 for marking
[473.988s][info][gc,start       ] GC(1143) Pause Young (Normal) (G1 Evacuation Pause)
[473.988s][info][gc,task        ] GC(1143) Using 2 workers of 2 for evacuation
[474.083s][info][gc,phases      ] GC(1143)   Pre Evacuate Collection Set: 0.29ms
[474.083s][info][gc,phases      ] GC(1143)   Merge Heap Roots: 0.59ms
[474.083s][info][gc,phases      ] GC(1143)   Evacuate Collection Set: 92.24ms
[474.083s][info][gc,phases      ] GC(1143)   Post Evacuate Collection Set: 0.82ms
[474.083s][info][gc,phases      ] GC(1143)   Other: 0.09ms
[474.083s][info][gc,heap        ] GC(1143) Eden regions: 236->0(257)
[474.083s][info][gc,heap        ] GC(1143) Survivor regions: 57->12(37)
[474.083s][info][gc,heap        ] GC(1143) Old regions: 537->569
[474.083s][info][gc,heap        ] GC(1143) Humongous regions: 7->7
[474.083s][info][gc,metaspace   ] GC(1143) Metaspace: 19041K(19200K)->19041K(19200K) NonClass: 16380K(16448K)->16380K(16448K) Class: 2661K(2752K)->2661K(2752K)
[474.083s][info][gc             ] GC(1143) Pause Young (Normal) (G1 Evacuation Pause) 836M->587M(978M) 94.259ms
[474.083s][info][gc,cpu         ] GC(1143) User=0.18s Sys=0.00s Real=0.09s
[474.638s][info][gc,marking     ] GC(1142) Concurrent Mark From Roots 1099.366ms
[474.638s][info][gc,marking     ] GC(1142) Concurrent Preclean
[474.638s][info][gc,marking     ] GC(1142) Concurrent Preclean 0.054ms
[474.638s][info][gc,start       ] GC(1142) Pause Remark
[474.646s][info][gc             ] GC(1142) Pause Remark 778M->778M(978M) 7.663ms
[474.646s][info][gc,cpu         ] GC(1142) User=0.02s Sys=0.00s Real=0.00s
[474.647s][info][gc,marking     ] GC(1142) Concurrent Mark 1108.393ms
[474.647s][info][gc,marking     ] GC(1142) Concurrent Rebuild Remembered Sets and Scrub Regions
[474.782s][info][gc,start       ] GC(1144) Pause Young (Normal) (G1 Evacuation Pause)
[474.782s][info][gc,task        ] GC(1144) Using 2 workers of 2 for evacuation
[474.859s][info][gc,phases      ] GC(1144)   Pre Evacuate Collection Set: 0.26ms
[474.859s][info][gc,phases      ] GC(1144)   Merge Heap Roots: 0.68ms
[474.859s][info][gc,phases      ] GC(1144)   Evacuate Collection Set: 75.30ms
[474.859s][info][gc,phases      ] GC(1144)   Post Evacuate Collection Set: 0.71ms
[474.859s][info][gc,phases      ] GC(1144)   Other: 0.11ms
[474.859s][info][gc,heap        ] GC(1144) Eden regions: 257->0(241)
[474.860s][info][gc,heap        ] GC(1144) Survivor regions: 12->34(34)
[474.860s][info][gc,heap        ] GC(1144) Old regions: 569->572
[474.860s][info][gc,heap        ] GC(1144) Humongous regions: 13->13
[474.860s][info][gc,metaspace   ] GC(1144) Metaspace: 19041K(19200K)->19041K(19200K) NonClass: 16380K(16448K)->16380K(16448K) Class: 2661K(2752K)->2661K(2752K)
[474.860s][info][gc             ] GC(1144) Pause Young (Normal) (G1 Evacuation Pause) 850M->618M(978M) 77.354ms
[474.860s][info][gc,cpu         ] GC(1144) User=0.15s Sys=0.00s Real=0.08s
[475.275s][info][gc,marking     ] GC(1142) Concurrent Rebuild Remembered Sets and Scrub Regions 628.177ms
[475.275s][info][gc,start       ] GC(1142) Pause Cleanup
[475.275s][info][gc             ] GC(1142) Pause Cleanup 795M->795M(978M) 0.084ms
[475.275s][info][gc,cpu         ] GC(1142) User=0.00s Sys=0.00s Real=0.00s
[475.275s][info][gc,marking     ] GC(1142) Concurrent Clear Claimed Marks
[475.275s][info][gc,marking     ] GC(1142) Concurrent Clear Claimed Marks 0.030ms
[475.275s][info][gc,marking     ] GC(1142) Concurrent Cleanup for Next Mark
[475.278s][info][gc,marking     ] GC(1142) Concurrent Cleanup for Next Mark 2.867ms
[475.278s][info][gc             ] GC(1142) Concurrent Mark Cycle 1898.975ms
[475.379s][info][gc,start       ] GC(1145) Pause Young (Prepare Mixed) (G1 Evacuation Pause)
[475.379s][info][gc,task        ] GC(1145) Using 2 workers of 2 for evacuation
[475.449s][info][gc,phases      ] GC(1145)   Pre Evacuate Collection Set: 0.33ms
[475.449s][info][gc,phases      ] GC(1145)   Merge Heap Roots: 0.91ms
[475.449s][info][gc,phases      ] GC(1145)   Evacuate Collection Set: 67.93ms
[475.449s][info][gc,phases      ] GC(1145)   Post Evacuate Collection Set: 0.46ms
[475.449s][info][gc,phases      ] GC(1145)   Other: 0.08ms
[475.449s][info][gc,heap        ] GC(1145) Eden regions: 241->0(259)
[475.449s][info][gc,heap        ] GC(1145) Survivor regions: 34->1(35)
[475.449s][info][gc,heap        ] GC(1145) Old regions: 572->606
[475.449s][info][gc,heap        ] GC(1145) Humongous regions: 13->13
[475.449s][info][gc,metaspace   ] GC(1145) Metaspace: 19041K(19200K)->19041K(19200K) NonClass: 16380K(16448K)->16380K(16448K) Class: 2661K(2752K)->2661K(2752K)
[475.449s][info][gc             ] GC(1145) Pause Young (Prepare Mixed) (G1 Evacuation Pause) 859M->619M(978M) 69.922ms
[475.449s][info][gc,cpu         ] GC(1145) User=0.13s Sys=0.00s Real=0.07s
[475.841s][info][gc,start       ] GC(1146) Pause Young (Mixed) (G1 Evacuation Pause)
[475.841s][info][gc,task        ] GC(1146) Using 2 workers of 2 for evacuation
[475.845s][info][gc,phases      ] GC(1146)   Pre Evacuate Collection Set: 0.55ms
[475.845s][info][gc,phases      ] GC(1146)   Merge Heap Roots: 0.15ms
[475.845s][info][gc,phases      ] GC(1146)   Evacuate Collection Set: 2.64ms
[475.845s][info][gc,phases      ] GC(1146)   Post Evacuate Collection Set: 0.45ms
[475.845s][info][gc,phases      ] GC(1146)   Other: 0.10ms
[475.845s][info][gc,heap        ] GC(1146) Eden regions: 259->0(278)
[475.845s][info][gc,heap        ] GC(1146) Survivor regions: 1->1(33)
[475.845s][info][gc,heap        ] GC(1146) Old regions: 606->599
[475.845s][info][gc,heap        ] GC(1146) Humongous regions: 13->13
[475.845s][info][gc,metaspace   ] GC(1146) Metaspace: 19041K(19200K)->19041K(19200K) NonClass: 16380K(16448K)->16380K(16448K) Class: 2661K(2752K)->2661K(2752K)
[475.845s][info][gc             ] GC(1146) Pause Young (Mixed) (G1 Evacuation Pause) 878M->612M(978M) 4.140ms
[475.845s][info][gc,cpu         ] GC(1146) User=0.01s Sys=0.00s Real=0.00s
[476.252s][info][gc,start       ] GC(1147) Pause Young (Concurrent Start) (G1 Evacuation Pause)
[476.252s][info][gc,task        ] GC(1147) Using 2 workers of 2 for evacuation
[476.254s][info][gc,phases      ] GC(1147)   Pre Evacuate Collection Set: 0.31ms
[476.254s][info][gc,phases      ] GC(1147)   Merge Heap Roots: 0.08ms
[476.254s][info][gc,phases      ] GC(1147)   Evacuate Collection Set: 0.46ms
[476.254s][info][gc,phases      ] GC(1147)   Post Evacuate Collection Set: 0.44ms
[476.254s][info][gc,phases      ] GC(1147)   Other: 0.15ms
[476.254s][info][gc,heap        ] GC(1147) Eden regions: 278->0(291)
[476.254s][info][gc,heap        ] GC(1147) Survivor regions: 1->1(35)
[476.254s][info][gc,heap        ] GC(1147) Old regions: 599->599
[476.254s][info][gc,heap        ] GC(1147) Humongous regions: 13->13
[476.254s][info][gc,metaspace   ] GC(1147) Metaspace: 19041K(19200K)->19041K(19200K) NonClass: 16380K(16448K)->16380K(16448K) Class: 2661K(2752K)->2661K(2752K)
[476.254s][info][gc             ] GC(1147) Pause Young (Concurrent Start) (G1 Evacuation Pause) 890M->612M(978M) 1.682ms
[476.254s][info][gc,cpu         ] GC(1147) User=0.00s Sys=0.00s Real=0.00s
[476.254s][info][gc             ] GC(1148) Concurrent Mark Cycle
[476.254s][info][gc,marking     ] GC(1148) Concurrent Scan Root Regions
[476.256s][info][gc,marking     ] GC(1148) Concurrent Scan Root Regions 2.473ms
[476.257s][info][gc,marking     ] GC(1148) Concurrent Mark
[476.257s][info][gc,marking     ] GC(1148) Concurrent Mark From Roots
[476.257s][info][gc,task        ] GC(1148) Using 1 workers of 1 for marking
[476.816s][info][gc,start       ] GC(1149) Pause Young (Normal) (G1 Evacuation Pause)
[476.816s][info][gc,task        ] GC(1149) Using 2 workers of 2 for evacuation
[476.852s][info][gc,phases      ] GC(1149)   Pre Evacuate Collection Set: 0.52ms
[476.852s][info][gc,phases      ] GC(1149)   Merge Heap Roots: 0.19ms
[476.852s][info][gc,phases      ] GC(1149)   Evacuate Collection Set: 34.28ms
[476.852s][info][gc,phases      ] GC(1149)   Post Evacuate Collection Set: 0.48ms
[476.852s][info][gc,phases      ] GC(1149)   Other: 0.10ms
[476.852s][info][gc,heap        ] GC(1149) Eden regions: 291->0(254)
[476.852s][info][gc,heap        ] GC(1149) Survivor regions: 1->31(37)
[476.852s][info][gc,heap        ] GC(1149) Old regions: 599->599
[476.852s][info][gc,heap        ] GC(1149) Humongous regions: 13->13
[476.852s][info][gc,metaspace   ] GC(1149) Metaspace: 19042K(19200K)->19042K(19200K) NonClass: 16381K(16448K)->16381K(16448K) Class: 2661K(2752K)->2661K(2752K)
[476.852s][info][gc             ] GC(1149) Pause Young (Normal) (G1 Evacuation Pause) 903M->642M(978M) 35.801ms
[476.852s][info][gc,cpu         ] GC(1149) User=0.07s Sys=0.00s Real=0.04s
[477.368s][info][gc,start       ] GC(1150) Pause Young (Normal) (G1 Evacuation Pause)
[477.369s][info][gc,task        ] GC(1150) Using 2 workers of 2 for evacuation
[477.406s][info][gc,phases      ] GC(1150)   Pre Evacuate Collection Set: 0.48ms
[477.406s][info][gc,phases      ] GC(1150)   Merge Heap Roots: 0.18ms
[477.406s][info][gc,phases      ] GC(1150)   Evacuate Collection Set: 35.85ms
[477.406s][info][gc,phases      ] GC(1150)   Post Evacuate Collection Set: 0.45ms
[477.406s][info][gc,phases      ] GC(1150)   Other: 0.09ms
[477.406s][info][gc,heap        ] GC(1150) Eden regions: 254->0(263)
[477.406s][info][gc,heap        ] GC(1150) Survivor regions: 31->7(36)
[477.406s][info][gc,heap        ] GC(1150) Old regions: 599->630
[477.406s][info][gc,heap        ] GC(1150) Humongous regions: 13->13
[477.406s][info][gc,metaspace   ] GC(1150) Metaspace: 19043K(19200K)->19043K(19200K) NonClass: 16382K(16448K)->16382K(16448K) Class: 2661K(2752K)->2661K(2752K)
[477.406s][info][gc             ] GC(1150) Pause Young (Normal) (G1 Evacuation Pause) 896M->649M(978M) 37.320ms
[477.406s][info][gc,cpu         ] GC(1150) User=0.07s Sys=0.00s Real=0.03s
[477.572s][info][gc,marking     ] GC(1148) Concurrent Mark From Roots 1315.950ms
[477.573s][info][gc,marking     ] GC(1148) Concurrent Preclean
[477.573s][info][gc,marking     ] GC(1148) Concurrent Preclean 0.044ms
[477.573s][info][gc,start       ] GC(1148) Pause Remark
[477.580s][info][gc             ] GC(1148) Pause Remark 732M->671M(978M) 7.721ms
[477.580s][info][gc,cpu         ] GC(1148) User=0.01s Sys=0.00s Real=0.01s
[477.581s][info][gc,marking     ] GC(1148) Concurrent Mark 1324.778ms
[477.581s][info][gc,marking     ] GC(1148) Concurrent Rebuild Remembered Sets and Scrub Regions
[477.986s][info][gc,marking     ] GC(1148) Concurrent Rebuild Remembered Sets and Scrub Regions 404.611ms
[477.986s][info][gc,start       ] GC(1148) Pause Cleanup
[477.986s][info][gc             ] GC(1148) Pause Cleanup 789M->789M(978M) 0.159ms
[477.986s][info][gc,cpu         ] GC(1148) User=0.00s Sys=0.00s Real=0.01s
[477.987s][info][gc,marking     ] GC(1148) Concurrent Clear Claimed Marks
[477.987s][info][gc,marking     ] GC(1148) Concurrent Clear Claimed Marks 0.033ms
[477.987s][info][gc,marking     ] GC(1148) Concurrent Cleanup for Next Mark
[477.993s][info][gc,marking     ] GC(1148) Concurrent Cleanup for Next Mark 6.641ms
[477.993s][info][gc             ] GC(1148) Concurrent Mark Cycle 1739.327ms
[478.098s][info][gc,start       ] GC(1151) Pause Young (Prepare Mixed) (G1 Evacuation Pause)
[478.098s][info][gc,task        ] GC(1151) Using 2 workers of 2 for evacuation
[478.110s][info][gc,phases      ] GC(1151)   Pre Evacuate Collection Set: 0.48ms
[478.111s][info][gc,phases      ] GC(1151)   Merge Heap Roots: 0.19ms
[478.111s][info][gc,phases      ] GC(1151)   Evacuate Collection Set: 11.65ms
[478.111s][info][gc,phases      ] GC(1151)   Post Evacuate Collection Set: 0.47ms
[478.111s][info][gc,phases      ] GC(1151)   Other: 0.09ms
[478.111s][info][gc,heap        ] GC(1151) Eden regions: 263->0(317)
[478.111s][info][gc,heap        ] GC(1151) Survivor regions: 7->11(34)
[478.111s][info][gc,heap        ] GC(1151) Old regions: 575->575
[478.111s][info][gc,heap        ] GC(1151) Humongous regions: 7->7
[478.111s][info][gc,metaspace   ] GC(1151) Metaspace: 19048K(19200K)->19048K(19200K) NonClass: 16387K(16448K)->16387K(16448K) Class: 2661K(2752K)->2661K(2752K)
[478.111s][info][gc             ] GC(1151) Pause Young (Prepare Mixed) (G1 Evacuation Pause) 851M->591M(978M) 13.084ms
[478.111s][info][gc,cpu         ] GC(1151) User=0.03s Sys=0.00s Real=0.01s
[478.666s][info][gc,start       ] GC(1152) Pause Young (Mixed) (G1 Evacuation Pause)
[478.666s][info][gc,task        ] GC(1152) Using 2 workers of 2 for evacuation
[478.700s][info][gc,phases      ] GC(1152)   Pre Evacuate Collection Set: 0.34ms
[478.700s][info][gc,phases      ] GC(1152)   Merge Heap Roots: 0.36ms
[478.700s][info][gc,phases      ] GC(1152)   Evacuate Collection Set: 32.31ms
[478.700s][info][gc,phases      ] GC(1152)   Post Evacuate Collection Set: 0.63ms
[478.700s][info][gc,phases      ] GC(1152)   Other: 0.12ms
[478.700s][info][gc,heap        ] GC(1152) Eden regions: 317->0(373)
[478.700s][info][gc,heap        ] GC(1152) Survivor regions: 11->23(41)
[478.700s][info][gc,heap        ] GC(1152) Old regions: 575->493
[478.700s][info][gc,heap        ] GC(1152) Humongous regions: 7->7
[478.700s][info][gc,metaspace   ] GC(1152) Metaspace: 19058K(19200K)->19058K(19200K) NonClass: 16396K(16448K)->16396K(16448K) Class: 2661K(2752K)->2661K(2752K)
[478.700s][info][gc             ] GC(1152) Pause Young (Mixed) (G1 Evacuation Pause) 908M->522M(978M) 33.985ms
[478.700s][info][gc,cpu         ] GC(1152) User=0.07s Sys=0.00s Real=0.04s
[479.130s][info][gc,start       ] GC(1153) Pause Young (Concurrent Start) (G1 Evacuation Pause)
[479.130s][info][gc,task        ] GC(1153) Using 2 workers of 2 for evacuation
[479.198s][info][gc,phases      ] GC(1153)   Pre Evacuate Collection Set: 0.33ms
[479.198s][info][gc,phases      ] GC(1153)   Merge Heap Roots: 0.20ms
[479.198s][info][gc,phases      ] GC(1153)   Evacuate Collection Set: 66.98ms
[479.198s][info][gc,phases      ] GC(1153)   Post Evacuate Collection Set: 0.75ms
[479.198s][info][gc,phases      ] GC(1153)   Other: 0.11ms
[479.198s][info][gc,heap        ] GC(1153) Eden regions: 373->0(303)
[479.199s][info][gc,heap        ] GC(1153) Survivor regions: 23->50(50)
[479.199s][info][gc,heap        ] GC(1153) Old regions: 493->518
[479.199s][info][gc,heap        ] GC(1153) Humongous regions: 7->7
[479.199s][info][gc,metaspace   ] GC(1153) Metaspace: 19062K(19264K)->19062K(19264K) NonClass: 16401K(16512K)->16401K(16512K) Class: 2661K(2752K)->2661K(2752K)
[479.199s][info][gc             ] GC(1153) Pause Young (Concurrent Start) (G1 Evacuation Pause) 895M->574M(978M) 68.620ms
[479.199s][info][gc,cpu         ] GC(1153) User=0.13s Sys=0.00s Real=0.07s
[479.199s][info][gc             ] GC(1154) Concurrent Mark Cycle
[479.199s][info][gc,marking     ] GC(1154) Concurrent Scan Root Regions
[479.288s][info][gc,marking     ] GC(1154) Concurrent Scan Root Regions 89.637ms
[479.288s][info][gc,marking     ] GC(1154) Concurrent Mark
[479.288s][info][gc,marking     ] GC(1154) Concurrent Mark From Roots
[479.288s][info][gc,task        ] GC(1154) Using 1 workers of 1 for marking
[480.081s][info][gc,marking     ] GC(1154) Concurrent Mark From Roots 792.530ms
[480.081s][info][gc,marking     ] GC(1154) Concurrent Preclean
[480.081s][info][gc,marking     ] GC(1154) Concurrent Preclean 0.046ms
[480.081s][info][gc,start       ] GC(1154) Pause Remark
[480.089s][info][gc             ] GC(1154) Pause Remark 832M->695M(978M) 7.806ms
[480.089s][info][gc,cpu         ] GC(1154) User=0.01s Sys=0.00s Real=0.01s
[480.089s][info][gc,marking     ] GC(1154) Concurrent Mark 800.695ms
[480.089s][info][gc,marking     ] GC(1154) Concurrent Rebuild Remembered Sets and Scrub Regions
[480.196s][info][gc,start       ] GC(1155) Pause Young (Normal) (G1 Evacuation Pause)
[480.196s][info][gc,task        ] GC(1155) Using 2 workers of 2 for evacuation
[480.271s][info][gc,phases      ] GC(1155)   Pre Evacuate Collection Set: 0.27ms
[480.271s][info][gc,phases      ] GC(1155)   Merge Heap Roots: 0.48ms
[480.271s][info][gc,phases      ] GC(1155)   Evacuate Collection Set: 73.47ms
[480.271s][info][gc,phases      ] GC(1155)   Post Evacuate Collection Set: 0.61ms
[480.271s][info][gc,phases      ] GC(1155)   Other: 0.10ms
[480.271s][info][gc,heap        ] GC(1155) Eden regions: 303->0(410)
[480.271s][info][gc,heap        ] GC(1155) Survivor regions: 50->12(45)
[480.271s][info][gc,heap        ] GC(1155) Old regions: 383->434
[480.271s][info][gc,heap        ] GC(1155) Humongous regions: 8->8
[480.271s][info][gc,metaspace   ] GC(1155) Metaspace: 19062K(19264K)->19062K(19264K) NonClass: 16401K(16512K)->16401K(16512K) Class: 2661K(2752K)->2661K(2752K)
[480.271s][info][gc             ] GC(1155) Pause Young (Normal) (G1 Evacuation Pause) 743M->453M(978M) 75.208ms
[480.272s][info][gc,cpu         ] GC(1155) User=0.15s Sys=0.00s Real=0.07s
[480.498s][info][gc,marking     ] GC(1154) Concurrent Rebuild Remembered Sets and Scrub Regions 409.053ms
[480.498s][info][gc,start       ] GC(1154) Pause Cleanup
[480.499s][info][gc             ] GC(1154) Pause Cleanup 555M->555M(978M) 0.154ms
[480.499s][info][gc,cpu         ] GC(1154) User=0.00s Sys=0.00s Real=0.00s
[480.499s][info][gc,marking     ] GC(1154) Concurrent Clear Claimed Marks
[480.499s][info][gc,marking     ] GC(1154) Concurrent Clear Claimed Marks 0.037ms
[480.499s][info][gc,marking     ] GC(1154) Concurrent Cleanup for Next Mark
[480.501s][info][gc,marking     ] GC(1154) Concurrent Cleanup for Next Mark 2.878ms
[480.502s][info][gc             ] GC(1154) Concurrent Mark Cycle 1302.950ms
[480.984s][info][gc,start       ] GC(1156) Pause Young (Prepare Mixed) (G1 Evacuation Pause)
[480.984s][info][gc,task        ] GC(1156) Using 2 workers of 2 for evacuation
[481.010s][info][gc,phases      ] GC(1156)   Pre Evacuate Collection Set: 0.55ms
[481.010s][info][gc,phases      ] GC(1156)   Merge Heap Roots: 0.32ms
[481.010s][info][gc,phases      ] GC(1156)   Evacuate Collection Set: 24.22ms
[481.010s][info][gc,phases      ] GC(1156)   Post Evacuate Collection Set: 0.68ms
[481.010s][info][gc,phases      ] GC(1156)   Other: 0.10ms
[481.010s][info][gc,heap        ] GC(1156) Eden regions: 410->0(430)
[481.010s][info][gc,heap        ] GC(1156) Survivor regions: 12->13(53)
[481.010s][info][gc,heap        ] GC(1156) Old regions: 434->434
[481.010s][info][gc,heap        ] GC(1156) Humongous regions: 8->8
[481.010s][info][gc,metaspace   ] GC(1156) Metaspace: 19062K(19264K)->19062K(19264K) NonClass: 16401K(16512K)->16401K(16512K) Class: 2661K(2752K)->2661K(2752K)
[481.010s][info][gc             ] GC(1156) Pause Young (Prepare Mixed) (G1 Evacuation Pause) 863M->453M(978M) 26.169ms
[481.010s][info][gc,cpu         ] GC(1156) User=0.05s Sys=0.00s Real=0.03s
[481.546s][info][gc,start       ] GC(1157) Pause Young (Mixed) (G1 Evacuation Pause)
[481.547s][info][gc,task        ] GC(1157) Using 2 workers of 2 for evacuation
[481.600s][info][gc,phases      ] GC(1157)   Pre Evacuate Collection Set: 0.52ms
[481.600s][info][gc,phases      ] GC(1157)   Merge Heap Roots: 0.39ms
[481.600s][info][gc,phases      ] GC(1157)   Evacuate Collection Set: 51.56ms
[481.600s][info][gc,phases      ] GC(1157)   Post Evacuate Collection Set: 0.71ms
[481.600s][info][gc,phases      ] GC(1157)   Other: 0.10ms
[481.600s][info][gc,heap        ] GC(1157) Eden regions: 430->0(430)
[481.600s][info][gc,heap        ] GC(1157) Survivor regions: 13->37(56)
[481.600s][info][gc,heap        ] GC(1157) Old regions: 434->409
[481.600s][info][gc,heap        ] GC(1157) Humongous regions: 8->8
[481.600s][info][gc,metaspace   ] GC(1157) Metaspace: 19062K(19264K)->19062K(19264K) NonClass: 16401K(16512K)->16401K(16512K) Class: 2661K(2752K)->2661K(2752K)
[481.600s][info][gc             ] GC(1157) Pause Young (Mixed) (G1 Evacuation Pause) 883M->453M(978M) 53.557ms
[481.600s][info][gc,cpu         ] GC(1157) User=0.11s Sys=0.00s Real=0.05s
[481.978s][info][gc,start       ] GC(1158) Pause Young (Concurrent Start) (G1 Evacuation Pause)
[481.978s][info][gc,task        ] GC(1158) Using 2 workers of 2 for evacuation
[482.068s][info][gc,phases      ] GC(1158)   Pre Evacuate Collection Set: 0.33ms
[482.068s][info][gc,phases      ] GC(1158)   Merge Heap Roots: 0.44ms
[482.068s][info][gc,phases      ] GC(1158)   Evacuate Collection Set: 88.68ms
[482.068s][info][gc,phases      ] GC(1158)   Post Evacuate Collection Set: 0.70ms
[482.068s][info][gc,phases      ] GC(1158)   Other: 0.11ms
[482.068s][info][gc,heap        ] GC(1158) Eden regions: 430->0(386)
[482.068s][info][gc,heap        ] GC(1158) Survivor regions: 37->56(59)
[482.068s][info][gc,heap        ] GC(1158) Old regions: 409->422
[482.068s][info][gc,heap        ] GC(1158) Humongous regions: 8->8
[482.068s][info][gc,metaspace   ] GC(1158) Metaspace: 19062K(19264K)->19062K(19264K) NonClass: 16401K(16512K)->16401K(16512K) Class: 2661K(2752K)->2661K(2752K)
[482.068s][info][gc             ] GC(1158) Pause Young (Concurrent Start) (G1 Evacuation Pause) 883M->484M(978M) 90.499ms
[482.068s][info][gc,cpu         ] GC(1158) User=0.18s Sys=0.00s Real=0.09s
[482.068s][info][gc             ] GC(1159) Concurrent Mark Cycle
[482.068s][info][gc,marking     ] GC(1159) Concurrent Scan Root Regions
[482.207s][info][gc,marking     ] GC(1159) Concurrent Scan Root Regions 138.291ms
[482.207s][info][gc,marking     ] GC(1159) Concurrent Mark
[482.207s][info][gc,marking     ] GC(1159) Concurrent Mark From Roots
[482.207s][info][gc,task        ] GC(1159) Using 1 workers of 1 for marking
[482.762s][info][gc,marking     ] GC(1159) Concurrent Mark From Roots 555.688ms
[482.762s][info][gc,marking     ] GC(1159) Concurrent Preclean
[482.762s][info][gc,marking     ] GC(1159) Concurrent Preclean 0.044ms
[482.763s][info][gc,start       ] GC(1159) Pause Remark
[482.770s][info][gc             ] GC(1159) Pause Remark 845M->765M(978M) 7.660ms
[482.770s][info][gc,cpu         ] GC(1159) User=0.01s Sys=0.00s Real=0.01s
[482.771s][info][gc,marking     ] GC(1159) Concurrent Mark 564.012ms
[482.771s][info][gc,marking     ] GC(1159) Concurrent Rebuild Remembered Sets and Scrub Regions
[482.790s][info][gc,start       ] GC(1160) Pause Young (Normal) (G1 Evacuation Pause)
[482.790s][info][gc,task        ] GC(1160) Using 2 workers of 2 for evacuation
[482.906s][info][gc,phases      ] GC(1160)   Pre Evacuate Collection Set: 0.27ms
[482.906s][info][gc,phases      ] GC(1160)   Merge Heap Roots: 0.34ms
[482.906s][info][gc,phases      ] GC(1160)   Evacuate Collection Set: 114.87ms
[482.906s][info][gc,phases      ] GC(1160)   Post Evacuate Collection Set: 0.62ms
[482.906s][info][gc,phases      ] GC(1160)   Other: 0.09ms
[482.906s][info][gc,heap        ] GC(1160) Eden regions: 386->0(394)
[482.906s][info][gc,heap        ] GC(1160) Survivor regions: 56->56(56)
[482.906s][info][gc,heap        ] GC(1160) Old regions: 345->400
[482.906s][info][gc,heap        ] GC(1160) Humongous regions: 5->5
[482.906s][info][gc,metaspace   ] GC(1160) Metaspace: 19062K(19264K)->19062K(19264K) NonClass: 16401K(16512K)->16401K(16512K) Class: 2661K(2752K)->2661K(2752K)
[482.907s][info][gc             ] GC(1160) Pause Young (Normal) (G1 Evacuation Pause) 790M->460M(978M) 116.370ms
[482.907s][info][gc,cpu         ] GC(1160) User=0.23s Sys=0.00s Real=0.12s
[483.154s][info][gc,marking     ] GC(1159) Concurrent Rebuild Remembered Sets and Scrub Regions 383.319ms
[483.154s][info][gc,start       ] GC(1159) Pause Cleanup
[483.154s][info][gc             ] GC(1159) Pause Cleanup 659M->659M(978M) 0.105ms
[483.154s][info][gc,cpu         ] GC(1159) User=0.00s Sys=0.00s Real=0.00s
[483.156s][info][gc,marking     ] GC(1159) Concurrent Clear Claimed Marks
[483.156s][info][gc,marking     ] GC(1159) Concurrent Clear Claimed Marks 0.053ms
[483.156s][info][gc,marking     ] GC(1159) Concurrent Cleanup for Next Mark
[483.159s][info][gc,marking     ] GC(1159) Concurrent Cleanup for Next Mark 2.890ms
[483.159s][info][gc             ] GC(1159) Concurrent Mark Cycle 1091.112ms
[483.373s][info][gc,start       ] GC(1161) Pause Young (Prepare Mixed) (G1 Evacuation Pause)
[483.373s][info][gc,task        ] GC(1161) Using 2 workers of 2 for evacuation
[483.439s][info][gc,phases      ] GC(1161)   Pre Evacuate Collection Set: 0.29ms
[483.439s][info][gc,phases      ] GC(1161)   Merge Heap Roots: 0.41ms
[483.439s][info][gc,phases      ] GC(1161)   Evacuate Collection Set: 64.43ms
[483.439s][info][gc,phases      ] GC(1161)   Post Evacuate Collection Set: 0.63ms
[483.439s][info][gc,phases      ] GC(1161)   Other: 0.09ms
[483.439s][info][gc,heap        ] GC(1161) Eden regions: 394->0(404)
[483.439s][info][gc,heap        ] GC(1161) Survivor regions: 56->9(57)
[483.439s][info][gc,heap        ] GC(1161) Old regions: 400->456
[483.439s][info][gc,heap        ] GC(1161) Humongous regions: 5->5
[483.439s][info][gc,metaspace   ] GC(1161) Metaspace: 19062K(19264K)->19062K(19264K) NonClass: 16401K(16512K)->16401K(16512K) Class: 2661K(2752K)->2661K(2752K)
[483.439s][info][gc             ] GC(1161) Pause Young (Prepare Mixed) (G1 Evacuation Pause) 854M->469M(978M) 66.127ms
[483.439s][info][gc,cpu         ] GC(1161) User=0.13s Sys=0.00s Real=0.07s
[483.783s][info][gc,start       ] GC(1162) Pause Young (Mixed) (G1 Evacuation Pause)
[483.783s][info][gc,task        ] GC(1162) Using 2 workers of 2 for evacuation
[483.879s][info][gc,phases      ] GC(1162)   Pre Evacuate Collection Set: 0.31ms
[483.879s][info][gc,phases      ] GC(1162)   Merge Heap Roots: 0.53ms
[483.879s][info][gc,phases      ] GC(1162)   Evacuate Collection Set: 93.53ms
[483.879s][info][gc,phases      ] GC(1162)   Post Evacuate Collection Set: 0.88ms
[483.879s][info][gc,phases      ] GC(1162)   Other: 0.10ms
[483.879s][info][gc,heap        ] GC(1162) Eden regions: 404->0(341)
[483.879s][info][gc,heap        ] GC(1162) Survivor regions: 9->52(52)
[483.879s][info][gc,heap        ] GC(1162) Old regions: 456->441
[483.879s][info][gc,heap        ] GC(1162) Humongous regions: 5->5
[483.879s][info][gc,metaspace   ] GC(1162) Metaspace: 19062K(19264K)->19062K(19264K) NonClass: 16401K(16512K)->16401K(16512K) Class: 2661K(2752K)->2661K(2752K)
[483.879s][info][gc             ] GC(1162) Pause Young (Mixed) (G1 Evacuation Pause) 873M->497M(978M) 95.587ms
[483.879s][info][gc,cpu         ] GC(1162) User=0.19s Sys=0.00s Real=0.10s
[484.354s][info][gc,start       ] GC(1163) Pause Young (Concurrent Start) (G1 Evacuation Pause)
[484.354s][info][gc,task        ] GC(1163) Using 2 workers of 2 for evacuation
[484.433s][info][gc,phases      ] GC(1163)   Pre Evacuate Collection Set: 0.30ms
[484.433s][info][gc,phases      ] GC(1163)   Merge Heap Roots: 0.50ms
[484.433s][info][gc,phases      ] GC(1163)   Evacuate Collection Set: 77.51ms
[484.433s][info][gc,phases      ] GC(1163)   Post Evacuate Collection Set: 0.64ms
[484.433s][info][gc,phases      ] GC(1163)   Other: 0.11ms
[484.433s][info][gc,heap        ] GC(1163) Eden regions: 341->0(336)
[484.433s][info][gc,heap        ] GC(1163) Survivor regions: 52->20(50)
[484.433s][info][gc,heap        ] GC(1163) Old regions: 441->493
[484.433s][info][gc,heap        ] GC(1163) Humongous regions: 5->5
[484.433s][info][gc,metaspace   ] GC(1163) Metaspace: 19062K(19264K)->19062K(19264K) NonClass: 16401K(16512K)->16401K(16512K) Class: 2661K(2752K)->2661K(2752K)
[484.433s][info][gc             ] GC(1163) Pause Young (Concurrent Start) (G1 Evacuation Pause) 838M->517M(978M) 79.341ms
[484.433s][info][gc,cpu         ] GC(1163) User=0.16s Sys=0.00s Real=0.08s
[484.433s][info][gc             ] GC(1164) Concurrent Mark Cycle
[484.433s][info][gc,marking     ] GC(1164) Concurrent Scan Root Regions
[484.543s][info][gc,marking     ] GC(1164) Concurrent Scan Root Regions 110.136ms
[484.543s][info][gc,marking     ] GC(1164) Concurrent Mark
[484.543s][info][gc,marking     ] GC(1164) Concurrent Mark From Roots
[484.543s][info][gc,task        ] GC(1164) Using 1 workers of 1 for marking
[484.953s][info][gc,start       ] GC(1165) Pause Young (Normal) (G1 Evacuation Pause)
[484.953s][info][gc,task        ] GC(1165) Using 2 workers of 2 for evacuation
[484.986s][info][gc,phases      ] GC(1165)   Pre Evacuate Collection Set: 0.49ms
[484.986s][info][gc,phases      ] GC(1165)   Merge Heap Roots: 0.29ms
[484.986s][info][gc,phases      ] GC(1165)   Evacuate Collection Set: 31.65ms
[484.986s][info][gc,phases      ] GC(1165)   Post Evacuate Collection Set: 0.58ms
[484.986s][info][gc,phases      ] GC(1165)   Other: 0.11ms
[484.986s][info][gc,heap        ] GC(1165) Eden regions: 336->0(346)
[484.986s][info][gc,heap        ] GC(1165) Survivor regions: 20->27(45)
[484.986s][info][gc,heap        ] GC(1165) Old regions: 493->493
[484.986s][info][gc,heap        ] GC(1165) Humongous regions: 5->5
[484.986s][info][gc,metaspace   ] GC(1165) Metaspace: 19063K(19264K)->19063K(19264K) NonClass: 16402K(16512K)->16402K(16512K) Class: 2661K(2752K)->2661K(2752K)
[484.986s][info][gc             ] GC(1165) Pause Young (Normal) (G1 Evacuation Pause) 853M->524M(978M) 33.362ms
[484.986s][info][gc,cpu         ] GC(1165) User=0.07s Sys=0.00s Real=0.03s
[485.843s][info][gc,marking     ] GC(1164) Concurrent Mark From Roots 1299.937ms
[485.843s][info][gc,marking     ] GC(1164) Concurrent Preclean
[485.843s][info][gc,marking     ] GC(1164) Concurrent Preclean 0.049ms
[485.844s][info][gc,start       ] GC(1164) Pause Remark
[485.851s][info][gc             ] GC(1164) Pause Remark 850M->850M(978M) 7.693ms
[485.851s][info][gc,cpu         ] GC(1164) User=0.02s Sys=0.00s Real=0.01s
[485.852s][info][gc,marking     ] GC(1164) Concurrent Mark 1308.856ms
[485.852s][info][gc,marking     ] GC(1164) Concurrent Rebuild Remembered Sets and Scrub Regions
[485.885s][info][gc,start       ] GC(1166) Pause Young (Normal) (G1 Evacuation Pause)
[485.885s][info][gc,task        ] GC(1166) Using 2 workers of 2 for evacuation
[485.957s][info][gc,phases      ] GC(1166)   Pre Evacuate Collection Set: 0.26ms
[485.958s][info][gc,phases      ] GC(1166)   Merge Heap Roots: 0.43ms
[485.958s][info][gc,phases      ] GC(1166)   Evacuate Collection Set: 71.17ms
[485.958s][info][gc,phases      ] GC(1166)   Post Evacuate Collection Set: 0.68ms
[485.958s][info][gc,phases      ] GC(1166)   Other: 0.08ms
[485.958s][info][gc,heap        ] GC(1166) Eden regions: 346->0(325)
[485.958s][info][gc,heap        ] GC(1166) Survivor regions: 27->34(47)
[485.958s][info][gc,heap        ] GC(1166) Old regions: 493->513
[485.958s][info][gc,heap        ] GC(1166) Humongous regions: 8->8
[485.958s][info][gc,metaspace   ] GC(1166) Metaspace: 19063K(19264K)->19063K(19264K) NonClass: 16402K(16512K)->16402K(16512K) Class: 2661K(2752K)->2661K(2752K)
[485.958s][info][gc             ] GC(1166) Pause Young (Normal) (G1 Evacuation Pause) 873M->554M(978M) 72.871ms
[485.958s][info][gc,cpu         ] GC(1166) User=0.15s Sys=0.00s Real=0.08s
[486.410s][info][gc,marking     ] GC(1164) Concurrent Rebuild Remembered Sets and Scrub Regions 557.989ms
[486.410s][info][gc,start       ] GC(1164) Pause Cleanup
[486.411s][info][gc             ] GC(1164) Pause Cleanup 811M->811M(978M) 0.122ms
[486.411s][info][gc,cpu         ] GC(1164) User=0.00s Sys=0.00s Real=0.00s
[486.412s][info][gc,marking     ] GC(1164) Concurrent Clear Claimed Marks
[486.412s][info][gc,marking     ] GC(1164) Concurrent Clear Claimed Marks 0.064ms
[486.412s][info][gc,marking     ] GC(1164) Concurrent Cleanup for Next Mark
[486.418s][info][gc,marking     ] GC(1164) Concurrent Cleanup for Next Mark 6.462ms
[486.418s][info][gc             ] GC(1164) Concurrent Mark Cycle 1985.161ms
[486.507s][info][gc,start       ] GC(1167) Pause Young (Prepare Mixed) (G1 Evacuation Pause)
[486.507s][info][gc,task        ] GC(1167) Using 2 workers of 2 for evacuation
[486.584s][info][gc,phases      ] GC(1167)   Pre Evacuate Collection Set: 0.27ms
[486.584s][info][gc,phases      ] GC(1167)   Merge Heap Roots: 0.55ms
[486.584s][info][gc,phases      ] GC(1167)   Evacuate Collection Set: 75.03ms
[486.584s][info][gc,phases      ] GC(1167)   Post Evacuate Collection Set: 0.58ms
[486.584s][info][gc,phases      ] GC(1167)   Other: 0.09ms
[486.584s][info][gc,heap        ] GC(1167) Eden regions: 325->0(305)
[486.584s][info][gc,heap        ] GC(1167) Survivor regions: 34->26(45)
[486.584s][info][gc,heap        ] GC(1167) Old regions: 513->547
[486.584s][info][gc,heap        ] GC(1167) Humongous regions: 8->8
[486.584s][info][gc,metaspace   ] GC(1167) Metaspace: 19063K(19264K)->19063K(19264K) NonClass: 16402K(16512K)->16402K(16512K) Class: 2661K(2752K)->2661K(2752K)
[486.584s][info][gc             ] GC(1167) Pause Young (Prepare Mixed) (G1 Evacuation Pause) 879M->580M(978M) 76.752ms
[486.584s][info][gc,cpu         ] GC(1167) User=0.16s Sys=0.00s Real=0.07s
[486.843s][info][gc,start       ] GC(1168) Pause Young (Mixed) (G1 Evacuation Pause)
[486.844s][info][gc,task        ] GC(1168) Using 2 workers of 2 for evacuation
[486.923s][info][gc,phases      ] GC(1168)   Pre Evacuate Collection Set: 0.29ms
[486.923s][info][gc,phases      ] GC(1168)   Merge Heap Roots: 0.84ms
[486.923s][info][gc,phases      ] GC(1168)   Evacuate Collection Set: 77.55ms
[486.923s][info][gc,phases      ] GC(1168)   Post Evacuate Collection Set: 0.63ms
[486.923s][info][gc,phases      ] GC(1168)   Other: 0.10ms
[486.923s][info][gc,heap        ] GC(1168) Eden regions: 305->0(322)
[486.923s][info][gc,heap        ] GC(1168) Survivor regions: 26->3(42)
[486.923s][info][gc,heap        ] GC(1168) Old regions: 547->564
[486.923s][info][gc,heap        ] GC(1168) Humongous regions: 8->8
[486.923s][info][gc,metaspace   ] GC(1168) Metaspace: 19063K(19264K)->19063K(19264K) NonClass: 16402K(16512K)->16402K(16512K) Class: 2661K(2752K)->2661K(2752K)
[486.923s][info][gc             ] GC(1168) Pause Young (Mixed) (G1 Evacuation Pause) 885M->574M(978M) 79.649ms
[486.923s][info][gc,cpu         ] GC(1168) User=0.16s Sys=0.00s Real=0.08s
[487.519s][info][gc,start       ] GC(1169) Pause Young (Concurrent Start) (G1 Evacuation Pause)
[487.519s][info][gc,task        ] GC(1169) Using 2 workers of 2 for evacuation
[487.537s][info][gc,phases      ] GC(1169)   Pre Evacuate Collection Set: 0.32ms
[487.537s][info][gc,phases      ] GC(1169)   Merge Heap Roots: 0.28ms
[487.537s][info][gc,phases      ] GC(1169)   Evacuate Collection Set: 16.71ms
[487.537s][info][gc,phases      ] GC(1169)   Post Evacuate Collection Set: 0.53ms
[487.537s][info][gc,phases      ] GC(1169)   Other: 0.10ms
[487.537s][info][gc,heap        ] GC(1169) Eden regions: 322->0(325)
[487.537s][info][gc,heap        ] GC(1169) Survivor regions: 3->11(41)
[487.537s][info][gc,heap        ] GC(1169) Old regions: 564->564
[487.537s][info][gc,heap        ] GC(1169) Humongous regions: 8->8
[487.537s][info][gc,metaspace   ] GC(1169) Metaspace: 19066K(19264K)->19066K(19264K) NonClass: 16405K(16512K)->16405K(16512K) Class: 2661K(2752K)->2661K(2752K)
[487.537s][info][gc             ] GC(1169) Pause Young (Concurrent Start) (G1 Evacuation Pause) 896M->581M(978M) 18.204ms
[487.538s][info][gc             ] GC(1170) Concurrent Mark Cycle
[487.538s][info][gc,marking     ] GC(1170) Concurrent Scan Root Regions
[487.538s][info][gc,cpu         ] GC(1169) User=0.03s Sys=0.00s Real=0.02s
[487.557s][info][gc,marking     ] GC(1170) Concurrent Scan Root Regions 19.820ms
[487.557s][info][gc,marking     ] GC(1170) Concurrent Mark
[487.557s][info][gc,marking     ] GC(1170) Concurrent Mark From Roots
[487.557s][info][gc,task        ] GC(1170) Using 1 workers of 1 for marking
[489.062s][info][gc,start       ] GC(1171) Pause Young (Normal) (G1 Evacuation Pause)
[489.062s][info][gc,task        ] GC(1171) Using 2 workers of 2 for evacuation
[489.098s][info][gc,phases      ] GC(1171)   Pre Evacuate Collection Set: 0.27ms
[489.098s][info][gc,phases      ] GC(1171)   Merge Heap Roots: 0.25ms
[489.098s][info][gc,phases      ] GC(1171)   Evacuate Collection Set: 34.64ms
[489.098s][info][gc,phases      ] GC(1171)   Post Evacuate Collection Set: 0.53ms
[489.098s][info][gc,phases      ] GC(1171)   Other: 0.09ms
[489.098s][info][gc,heap        ] GC(1171) Eden regions: 325->0(292)
[489.098s][info][gc,heap        ] GC(1171) Survivor regions: 11->32(42)
[489.098s][info][gc,heap        ] GC(1171) Old regions: 564->564
[489.098s][info][gc,heap        ] GC(1171) Humongous regions: 8->8
[489.098s][info][gc,metaspace   ] GC(1171) Metaspace: 19066K(19264K)->19066K(19264K) NonClass: 16405K(16512K)->16405K(16512K) Class: 2661K(2752K)->2661K(2752K)
[489.098s][info][gc             ] GC(1171) Pause Young (Normal) (G1 Evacuation Pause) 906M->602M(978M) 35.955ms
[489.098s][info][gc,cpu         ] GC(1171) User=0.08s Sys=0.00s Real=0.04s
[489.230s][info][gc,marking     ] GC(1170) Concurrent Mark From Roots 1672.531ms
[489.230s][info][gc,marking     ] GC(1170) Concurrent Preclean
[489.230s][info][gc,marking     ] GC(1170) Concurrent Preclean 0.051ms
[489.230s][info][gc,start       ] GC(1170) Pause Remark
[489.238s][info][gc             ] GC(1170) Pause Remark 635M->634M(978M) 7.824ms
[489.238s][info][gc,cpu         ] GC(1170) User=0.01s Sys=0.00s Real=0.01s
[489.238s][info][gc,marking     ] GC(1170) Concurrent Mark 1680.668ms
[489.238s][info][gc,marking     ] GC(1170) Concurrent Rebuild Remembered Sets and Scrub Regions
[489.725s][info][gc,marking     ] GC(1170) Concurrent Rebuild Remembered Sets and Scrub Regions 486.445ms
[489.725s][info][gc,start       ] GC(1170) Pause Cleanup
[489.725s][info][gc             ] GC(1170) Pause Cleanup 778M->778M(978M) 0.083ms
[489.725s][info][gc,cpu         ] GC(1170) User=0.00s Sys=0.00s Real=0.00s
[489.727s][info][gc,marking     ] GC(1170) Concurrent Clear Claimed Marks
[489.727s][info][gc,marking     ] GC(1170) Concurrent Clear Claimed Marks 0.041ms
[489.727s][info][gc,marking     ] GC(1170) Concurrent Cleanup for Next Mark
[489.732s][info][gc,marking     ] GC(1170) Concurrent Cleanup for Next Mark 4.636ms
[489.732s][info][gc             ] GC(1170) Concurrent Mark Cycle 2194.456ms
[490.181s][info][gc,start       ] GC(1172) Pause Young (Prepare Mixed) (G1 Evacuation Pause)
[490.181s][info][gc,task        ] GC(1172) Using 2 workers of 2 for evacuation
[490.216s][info][gc,phases      ] GC(1172)   Pre Evacuate Collection Set: 0.50ms
[490.216s][info][gc,phases      ] GC(1172)   Merge Heap Roots: 0.39ms
[490.216s][info][gc,phases      ] GC(1172)   Evacuate Collection Set: 33.91ms
[490.216s][info][gc,phases      ] GC(1172)   Post Evacuate Collection Set: 0.52ms
[490.216s][info][gc,phases      ] GC(1172)   Other: 0.11ms
[490.216s][info][gc,heap        ] GC(1172) Eden regions: 292->0(316)
[490.216s][info][gc,heap        ] GC(1172) Survivor regions: 32->1(41)
[490.216s][info][gc,heap        ] GC(1172) Old regions: 564->595
[490.216s][info][gc,heap        ] GC(1172) Humongous regions: 7->7
[490.216s][info][gc,metaspace   ] GC(1172) Metaspace: 19066K(19264K)->19066K(19264K) NonClass: 16405K(16512K)->16405K(16512K) Class: 2661K(2752K)->2661K(2752K)
[490.216s][info][gc             ] GC(1172) Pause Young (Prepare Mixed) (G1 Evacuation Pause) 893M->602M(978M) 35.665ms
[490.216s][info][gc,cpu         ] GC(1172) User=0.07s Sys=0.00s Real=0.03s
[491.524s][info][gc,start       ] GC(1173) Pause Young (Mixed) (G1 Evacuation Pause)
[491.524s][info][gc,task        ] GC(1173) Using 2 workers of 2 for evacuation
[491.541s][info][gc,phases      ] GC(1173)   Pre Evacuate Collection Set: 0.29ms
[491.541s][info][gc,phases      ] GC(1173)   Merge Heap Roots: 0.53ms
[491.541s][info][gc,phases      ] GC(1173)   Evacuate Collection Set: 15.28ms
[491.541s][info][gc,phases      ] GC(1173)   Post Evacuate Collection Set: 0.52ms
[491.541s][info][gc,phases      ] GC(1173)   Other: 0.09ms
[491.541s][info][gc,heap        ] GC(1173) Eden regions: 316->0(326)
[491.541s][info][gc,heap        ] GC(1173) Survivor regions: 1->3(40)
[491.541s][info][gc,heap        ] GC(1173) Old regions: 595->589
[491.541s][info][gc,heap        ] GC(1173) Humongous regions: 7->7
[491.541s][info][gc,metaspace   ] GC(1173) Metaspace: 19071K(19264K)->19071K(19264K) NonClass: 16409K(16512K)->16409K(16512K) Class: 2661K(2752K)->2661K(2752K)
[491.541s][info][gc             ] GC(1173) Pause Young (Mixed) (G1 Evacuation Pause) 918M->598M(978M) 16.880ms
[491.541s][info][gc,cpu         ] GC(1173) User=0.03s Sys=0.00s Real=0.02s
[492.124s][info][gc,start       ] GC(1174) Pause Young (Concurrent Start) (G1 Evacuation Pause)
[492.125s][info][gc,task        ] GC(1174) Using 2 workers of 2 for evacuation
[492.165s][info][gc,phases      ] GC(1174)   Pre Evacuate Collection Set: 0.34ms
[492.165s][info][gc,phases      ] GC(1174)   Merge Heap Roots: 0.13ms
[492.165s][info][gc,phases      ] GC(1174)   Evacuate Collection Set: 39.44ms
[492.165s][info][gc,phases      ] GC(1174)   Post Evacuate Collection Set: 0.56ms
[492.165s][info][gc,phases      ] GC(1174)   Other: 0.22ms
[492.165s][info][gc,heap        ] GC(1174) Eden regions: 326->0(247)
[492.165s][info][gc,heap        ] GC(1174) Survivor regions: 3->42(42)
[492.165s][info][gc,heap        ] GC(1174) Old regions: 589->590
[492.165s][info][gc,heap        ] GC(1174) Humongous regions: 7->7
[492.165s][info][gc,metaspace   ] GC(1174) Metaspace: 19082K(19328K)->19082K(19328K) NonClass: 16420K(16576K)->16420K(16576K) Class: 2661K(2752K)->2661K(2752K)
[492.165s][info][gc             ] GC(1174) Pause Young (Concurrent Start) (G1 Evacuation Pause) 924M->638M(978M) 40.927ms
[492.165s][info][gc             ] GC(1175) Concurrent Mark Cycle
[492.165s][info][gc,marking     ] GC(1175) Concurrent Scan Root Regions
[492.166s][info][gc,cpu         ] GC(1174) User=0.08s Sys=0.00s Real=0.05s
[492.208s][info][gc,marking     ] GC(1175) Concurrent Scan Root Regions 42.783ms
[492.208s][info][gc,marking     ] GC(1175) Concurrent Mark
[492.208s][info][gc,marking     ] GC(1175) Concurrent Mark From Roots
[492.208s][info][gc,task        ] GC(1175) Using 1 workers of 1 for marking
[492.592s][info][gc,start       ] GC(1176) Pause Young (Normal) (G1 Evacuation Pause)
[492.592s][info][gc,task        ] GC(1176) Using 2 workers of 2 for evacuation
[492.749s][info][gc,phases      ] GC(1176)   Pre Evacuate Collection Set: 0.29ms
[492.749s][info][gc,phases      ] GC(1176)   Merge Heap Roots: 0.14ms
[492.749s][info][gc,phases      ] GC(1176)   Evacuate Collection Set: 140.47ms
[492.749s][info][gc,phases      ] GC(1176)   Post Evacuate Collection Set: 15.54ms
[492.749s][info][gc,phases      ] GC(1176)   Other: 0.08ms
[492.749s][info][gc,heap        ] GC(1176) Eden regions: 247->0(14)
[492.749s][info][gc,heap        ] GC(1176) Survivor regions: 42->37(37)
[492.749s][info][gc,heap        ] GC(1176) Old regions: 590->833
[492.749s][info][gc,heap        ] GC(1176) Humongous regions: 7->7
[492.749s][info][gc,metaspace   ] GC(1176) Metaspace: 19082K(19328K)->19082K(19328K) NonClass: 16420K(16576K)->16420K(16576K) Class: 2661K(2752K)->2661K(2752K)
[492.749s][info][gc             ] GC(1176) Pause Young (Normal) (G1 Evacuation Pause) (Evacuation Failure: Allocation) 885M->876M(978M) 156.838ms
[492.749s][info][gc,cpu         ] GC(1176) User=0.31s Sys=0.00s Real=0.16s
[492.784s][info][gc,start       ] GC(1177) Pause Young (Normal) (G1 Evacuation Pause)
[492.784s][info][gc,task        ] GC(1177) Using 2 workers of 2 for evacuation
[492.859s][info][gc,phases      ] GC(1177)   Pre Evacuate Collection Set: 0.48ms
[492.859s][info][gc,phases      ] GC(1177)   Merge Heap Roots: 0.76ms
[492.859s][info][gc,phases      ] GC(1177)   Evacuate Collection Set: 73.03ms
[492.859s][info][gc,phases      ] GC(1177)   Post Evacuate Collection Set: 0.45ms
[492.859s][info][gc,phases      ] GC(1177)   Other: 0.07ms
[492.859s][info][gc,heap        ] GC(1177) Eden regions: 14->0(153)
[492.859s][info][gc,heap        ] GC(1177) Survivor regions: 37->7(7)
[492.859s][info][gc,heap        ] GC(1177) Old regions: 833->733
[492.859s][info][gc,heap        ] GC(1177) Humongous regions: 7->7
[492.859s][info][gc,metaspace   ] GC(1177) Metaspace: 19082K(19328K)->19082K(19328K) NonClass: 16420K(16576K)->16420K(16576K) Class: 2661K(2752K)->2661K(2752K)
[492.859s][info][gc             ] GC(1177) Pause Young (Normal) (G1 Evacuation Pause) 890M->746M(978M) 75.055ms
[492.859s][info][gc,cpu         ] GC(1177) User=0.15s Sys=0.00s Real=0.08s
[493.260s][info][gc,start       ] GC(1178) Pause Young (Normal) (G1 Evacuation Pause)
[493.260s][info][gc,task        ] GC(1178) Using 2 workers of 2 for evacuation
[493.328s][info][gc,phases      ] GC(1178)   Pre Evacuate Collection Set: 0.47ms
[493.328s][info][gc,phases      ] GC(1178)   Merge Heap Roots: 1.06ms
[493.328s][info][gc,phases      ] GC(1178)   Evacuate Collection Set: 65.51ms
[493.328s][info][gc,phases      ] GC(1178)   Post Evacuate Collection Set: 0.45ms
[493.328s][info][gc,phases      ] GC(1178)   Other: 0.08ms
[493.328s][info][gc,heap        ] GC(1178) Eden regions: 153->0(131)
[493.328s][info][gc,heap        ] GC(1178) Survivor regions: 7->20(20)
[493.328s][info][gc,heap        ] GC(1178) Old regions: 733->745
[493.328s][info][gc,heap        ] GC(1178) Humongous regions: 8->8
[493.328s][info][gc,metaspace   ] GC(1178) Metaspace: 19082K(19328K)->19082K(19328K) NonClass: 16420K(16576K)->16420K(16576K) Class: 2661K(2752K)->2661K(2752K)
[493.328s][info][gc             ] GC(1178) Pause Young (Normal) (G1 Evacuation Pause) 900M->772M(978M) 67.840ms
[493.328s][info][gc,cpu         ] GC(1178) User=0.13s Sys=0.00s Real=0.07s
[493.594s][info][gc,start       ] GC(1179) Pause Young (Normal) (G1 Evacuation Pause)
[493.594s][info][gc,task        ] GC(1179) Using 2 workers of 2 for evacuation
[493.649s][info][gc,phases      ] GC(1179)   Pre Evacuate Collection Set: 0.29ms
[493.649s][info][gc,phases      ] GC(1179)   Merge Heap Roots: 0.28ms
[493.649s][info][gc,phases      ] GC(1179)   Evacuate Collection Set: 53.07ms
[493.649s][info][gc,phases      ] GC(1179)   Post Evacuate Collection Set: 0.41ms
[493.649s][info][gc,phases      ] GC(1179)   Other: 0.08ms
[493.649s][info][gc,heap        ] GC(1179) Eden regions: 131->0(113)
[493.649s][info][gc,heap        ] GC(1179) Survivor regions: 20->19(19)
[493.649s][info][gc,heap        ] GC(1179) Old regions: 745->766
[493.649s][info][gc,heap        ] GC(1179) Humongous regions: 11->11
[493.649s][info][gc,metaspace   ] GC(1179) Metaspace: 19090K(19328K)->19090K(19328K) NonClass: 16429K(16576K)->16429K(16576K) Class: 2661K(2752K)->2661K(2752K)
[493.649s][info][gc             ] GC(1179) Pause Young (Normal) (G1 Evacuation Pause) 906M->795M(978M) 54.436ms
[493.649s][info][gc,cpu         ] GC(1179) User=0.11s Sys=0.00s Real=0.06s
[493.850s][info][gc,start       ] GC(1180) Pause Young (Normal) (G1 Evacuation Pause)
[493.850s][info][gc,task        ] GC(1180) Using 2 workers of 2 for evacuation
[493.893s][info][gc,phases      ] GC(1180)   Pre Evacuate Collection Set: 0.30ms
[493.893s][info][gc,phases      ] GC(1180)   Merge Heap Roots: 0.12ms
[493.893s][info][gc,phases      ] GC(1180)   Evacuate Collection Set: 42.50ms
[493.893s][info][gc,phases      ] GC(1180)   Post Evacuate Collection Set: 0.37ms
[493.893s][info][gc,phases      ] GC(1180)   Other: 0.09ms
[493.893s][info][gc,heap        ] GC(1180) Eden regions: 113->0(107)
[493.893s][info][gc,heap        ] GC(1180) Survivor regions: 19->12(17)
[493.893s][info][gc,heap        ] GC(1180) Old regions: 766->786
[493.893s][info][gc,heap        ] GC(1180) Humongous regions: 11->11
[493.893s][info][gc,metaspace   ] GC(1180) Metaspace: 19090K(19328K)->19090K(19328K) NonClass: 16429K(16576K)->16429K(16576K) Class: 2661K(2752K)->2661K(2752K)
[493.893s][info][gc             ] GC(1180) Pause Young (Normal) (G1 Evacuation Pause) 908M->808M(978M) 43.612ms
[493.893s][info][gc,cpu         ] GC(1180) User=0.08s Sys=0.00s Real=0.04s
[494.047s][info][gc,marking     ] GC(1175) Concurrent Mark From Roots 1839.107ms
[494.047s][info][gc,marking     ] GC(1175) Concurrent Preclean
[494.048s][info][gc,marking     ] GC(1175) Concurrent Preclean 0.055ms
[494.048s][info][gc,start       ] GC(1175) Pause Remark
[494.059s][info][metaspace      ] ChkMgr @0x00007f63b01626e0 (non-class-space): : reclaiming memory...
[494.059s][info][metaspace      ] ChkMgr @0x00007f63b01626e0 (non-class-space): nothing reclaimed.
[494.059s][info][metaspace      ] ChkMgr @0x00007f63b01607f0 (class-space): : reclaiming memory...
[494.059s][info][metaspace      ] ChkMgr @0x00007f63b01607f0 (class-space): nothing reclaimed.
[494.060s][info][gc             ] GC(1175) Pause Remark 902M->820M(978M) 11.844ms
[494.060s][info][gc,cpu         ] GC(1175) User=0.02s Sys=0.00s Real=0.01s
[494.061s][info][gc,marking     ] GC(1175) Concurrent Mark 1853.003ms
[494.061s][info][gc,marking     ] GC(1175) Concurrent Rebuild Remembered Sets and Scrub Regions
[494.103s][info][gc,start       ] GC(1181) Pause Young (Normal) (G1 Evacuation Pause)
[494.103s][info][gc,task        ] GC(1181) Using 2 workers of 2 for evacuation
[494.120s][info][gc,phases      ] GC(1181)   Pre Evacuate Collection Set: 0.45ms
[494.120s][info][gc,phases      ] GC(1181)   Merge Heap Roots: 0.13ms
[494.120s][info][gc,phases      ] GC(1181)   Evacuate Collection Set: 15.86ms
[494.120s][info][gc,phases      ] GC(1181)   Post Evacuate Collection Set: 0.32ms
[494.120s][info][gc,phases      ] GC(1181)   Other: 0.08ms
[494.120s][info][gc,heap        ] GC(1181) Eden regions: 107->0(173)
[494.120s][info][gc,heap        ] GC(1181) Survivor regions: 12->4(15)
[494.120s][info][gc,heap        ] GC(1181) Old regions: 706->718
[494.120s][info][gc,heap        ] GC(1181) Humongous regions: 9->9
[494.120s][info][gc,metaspace   ] GC(1181) Metaspace: 19085K(19328K)->19085K(19328K) NonClass: 16423K(16576K)->16423K(16576K) Class: 2661K(2752K)->2661K(2752K)
[494.120s][info][gc             ] GC(1181) Pause Young (Normal) (G1 Evacuation Pause) 833M->730M(978M) 17.043ms
[494.120s][info][gc,cpu         ] GC(1181) User=0.03s Sys=0.00s Real=0.02s
[494.353s][info][gc,start       ] GC(1182) Pause Young (Normal) (G1 Evacuation Pause)
[494.354s][info][gc,task        ] GC(1182) Using 2 workers of 2 for evacuation
[494.388s][info][gc,phases      ] GC(1182)   Pre Evacuate Collection Set: 0.27ms
[494.388s][info][gc,phases      ] GC(1182)   Merge Heap Roots: 0.18ms
[494.388s][info][gc,phases      ] GC(1182)   Evacuate Collection Set: 33.97ms
[494.388s][info][gc,phases      ] GC(1182)   Post Evacuate Collection Set: 0.40ms
[494.389s][info][gc,phases      ] GC(1182)   Other: 0.08ms
[494.389s][info][gc,heap        ] GC(1182) Eden regions: 173->0(147)
[494.389s][info][gc,heap        ] GC(1182) Survivor regions: 4->23(23)
[494.389s][info][gc,heap        ] GC(1182) Old regions: 718->726
[494.389s][info][gc,heap        ] GC(1182) Humongous regions: 9->9
[494.389s][info][gc,metaspace   ] GC(1182) Metaspace: 19085K(19328K)->19085K(19328K) NonClass: 16423K(16576K)->16423K(16576K) Class: 2661K(2752K)->2661K(2752K)
[494.389s][info][gc             ] GC(1182) Pause Young (Normal) (G1 Evacuation Pause) 903M->757M(978M) 35.207ms
[494.389s][info][gc,cpu         ] GC(1182) User=0.07s Sys=0.00s Real=0.04s
[494.525s][info][gc,start       ] GC(1183) Pause Young (Normal) (G1 Evacuation Pause)
[494.526s][info][gc,task        ] GC(1183) Using 2 workers of 2 for evacuation
[494.582s][info][gc,phases      ] GC(1183)   Pre Evacuate Collection Set: 0.26ms
[494.582s][info][gc,phases      ] GC(1183)   Merge Heap Roots: 0.17ms
[494.582s][info][gc,phases      ] GC(1183)   Evacuate Collection Set: 55.65ms
[494.582s][info][gc,phases      ] GC(1183)   Post Evacuate Collection Set: 0.45ms
[494.582s][info][gc,phases      ] GC(1183)   Other: 0.10ms
[494.582s][info][gc,heap        ] GC(1183) Eden regions: 147->0(112)
[494.582s][info][gc,heap        ] GC(1183) Survivor regions: 23->22(22)
[494.582s][info][gc,heap        ] GC(1183) Old regions: 726->763
[494.582s][info][gc,heap        ] GC(1183) Humongous regions: 9->9
[494.582s][info][gc,metaspace   ] GC(1183) Metaspace: 19085K(19328K)->19085K(19328K) NonClass: 16423K(16576K)->16423K(16576K) Class: 2661K(2752K)->2661K(2752K)
[494.582s][info][gc             ] GC(1183) Pause Young (Normal) (G1 Evacuation Pause) 904M->793M(978M) 56.858ms
[494.582s][info][gc,cpu         ] GC(1183) User=0.11s Sys=0.00s Real=0.06s
[494.716s][info][gc,start       ] GC(1184) Pause Young (Normal) (G1 Evacuation Pause)
[494.716s][info][gc,task        ] GC(1184) Using 2 workers of 2 for evacuation
[494.757s][info][gc,phases      ] GC(1184)   Pre Evacuate Collection Set: 0.49ms
[494.757s][info][gc,phases      ] GC(1184)   Merge Heap Roots: 0.46ms
[494.757s][info][gc,phases      ] GC(1184)   Evacuate Collection Set: 39.46ms
[494.757s][info][gc,phases      ] GC(1184)   Post Evacuate Collection Set: 0.47ms
[494.757s][info][gc,phases      ] GC(1184)   Other: 0.09ms
[494.757s][info][gc,heap        ] GC(1184) Eden regions: 112->0(112)
[494.757s][info][gc,heap        ] GC(1184) Survivor regions: 22->10(17)
[494.757s][info][gc,heap        ] GC(1184) Old regions: 763->786
[494.757s][info][gc,heap        ] GC(1184) Humongous regions: 10->10
[494.757s][info][gc,metaspace   ] GC(1184) Metaspace: 19085K(19328K)->19085K(19328K) NonClass: 16423K(16576K)->16423K(16576K) Class: 2661K(2752K)->2661K(2752K)
[494.757s][info][gc             ] GC(1184) Pause Young (Normal) (G1 Evacuation Pause) 906M->805M(978M) 41.232ms
[494.757s][info][gc,cpu         ] GC(1184) User=0.08s Sys=0.00s Real=0.05s
[494.769s][info][gc,marking     ] GC(1175) Concurrent Rebuild Remembered Sets and Scrub Regions 707.304ms
[494.769s][info][gc,start       ] GC(1175) Pause Cleanup
[494.769s][info][gc             ] GC(1175) Pause Cleanup 815M->815M(978M) 0.121ms
[494.769s][info][gc,cpu         ] GC(1175) User=0.00s Sys=0.00s Real=0.00s
[494.769s][info][gc,marking     ] GC(1175) Concurrent Clear Claimed Marks
[494.769s][info][gc,marking     ] GC(1175) Concurrent Clear Claimed Marks 0.029ms
[494.769s][info][gc,marking     ] GC(1175) Concurrent Cleanup for Next Mark
[494.776s][info][gc,marking     ] GC(1175) Concurrent Cleanup for Next Mark 6.609ms
[494.776s][info][gc             ] GC(1175) Concurrent Mark Cycle 2610.746ms
[494.831s][info][gc,start       ] GC(1185) Pause Young (Prepare Mixed) (G1 Evacuation Pause)
[494.831s][info][gc,task        ] GC(1185) Using 2 workers of 2 for evacuation
[494.858s][info][gc,phases      ] GC(1185)   Pre Evacuate Collection Set: 0.27ms
[494.858s][info][gc,phases      ] GC(1185)   Merge Heap Roots: 0.31ms
[494.858s][info][gc,phases      ] GC(1185)   Evacuate Collection Set: 26.04ms
[494.858s][info][gc,phases      ] GC(1185)   Post Evacuate Collection Set: 0.35ms
[494.858s][info][gc,phases      ] GC(1185)   Other: 0.08ms
[494.858s][info][gc,heap        ] GC(1185) Eden regions: 112->0(111)
[494.858s][info][gc,heap        ] GC(1185) Survivor regions: 10->6(16)
[494.858s][info][gc,heap        ] GC(1185) Old regions: 786->795
[494.858s][info][gc,heap        ] GC(1185) Humongous regions: 10->10
[494.858s][info][gc,metaspace   ] GC(1185) Metaspace: 19085K(19328K)->19085K(19328K) NonClass: 16423K(16576K)->16423K(16576K) Class: 2661K(2752K)->2661K(2752K)
[494.859s][info][gc             ] GC(1185) Pause Young (Prepare Mixed) (G1 Evacuation Pause) 917M->810M(978M) 27.282ms
[494.859s][info][gc,cpu         ] GC(1185) User=0.05s Sys=0.00s Real=0.03s
[494.937s][info][gc,start       ] GC(1186) Pause Young (Mixed) (G1 Evacuation Pause)
[494.937s][info][gc,task        ] GC(1186) Using 2 workers of 2 for evacuation
[494.965s][info][gc,phases      ] GC(1186)   Pre Evacuate Collection Set: 0.48ms
[494.965s][info][gc,phases      ] GC(1186)   Merge Heap Roots: 0.44ms
[494.965s][info][gc,phases      ] GC(1186)   Evacuate Collection Set: 26.29ms
[494.965s][info][gc,phases      ] GC(1186)   Post Evacuate Collection Set: 0.37ms
[494.965s][info][gc,phases      ] GC(1186)   Other: 0.08ms
[494.965s][info][gc,heap        ] GC(1186) Eden regions: 111->0(131)
[494.965s][info][gc,heap        ] GC(1186) Survivor regions: 6->9(15)
[494.965s][info][gc,heap        ] GC(1186) Old regions: 795->769
[494.965s][info][gc,heap        ] GC(1186) Humongous regions: 10->10
[494.965s][info][gc,metaspace   ] GC(1186) Metaspace: 19085K(19328K)->19085K(19328K) NonClass: 16423K(16576K)->16423K(16576K) Class: 2661K(2752K)->2661K(2752K)
[494.965s][info][gc             ] GC(1186) Pause Young (Mixed) (G1 Evacuation Pause) 921M->786M(978M) 27.845ms
[494.965s][info][gc,cpu         ] GC(1186) User=0.05s Sys=0.00s Real=0.02s
[495.070s][info][gc,start       ] GC(1187) Pause Young (Concurrent Start) (G1 Evacuation Pause)
[495.070s][info][gc,task        ] GC(1187) Using 2 workers of 2 for evacuation
[495.083s][info][gc,phases      ] GC(1187)   Pre Evacuate Collection Set: 0.35ms
[495.083s][info][gc,phases      ] GC(1187)   Merge Heap Roots: 0.10ms
[495.083s][info][gc,phases      ] GC(1187)   Evacuate Collection Set: 11.37ms
[495.083s][info][gc,phases      ] GC(1187)   Post Evacuate Collection Set: 0.40ms
[495.083s][info][gc,phases      ] GC(1187)   Other: 0.22ms
[495.083s][info][gc,heap        ] GC(1187) Eden regions: 131->0(127)
[495.083s][info][gc,heap        ] GC(1187) Survivor regions: 9->11(18)
[495.083s][info][gc,heap        ] GC(1187) Old regions: 769->769
[495.083s][info][gc,heap        ] GC(1187) Humongous regions: 10->10
[495.083s][info][gc,metaspace   ] GC(1187) Metaspace: 19085K(19328K)->19085K(19328K) NonClass: 16423K(16576K)->16423K(16576K) Class: 2661K(2752K)->2661K(2752K)
[495.083s][info][gc             ] GC(1187) Pause Young (Concurrent Start) (G1 Evacuation Pause) 917M->788M(978M) 12.639ms
[495.083s][info][gc             ] GC(1188) Concurrent Mark Cycle
[495.083s][info][gc,marking     ] GC(1188) Concurrent Scan Root Regions
[495.085s][info][gc,cpu         ] GC(1187) User=0.02s Sys=0.00s Real=0.01s
[495.102s][info][gc,marking     ] GC(1188) Concurrent Scan Root Regions 19.481ms
[495.102s][info][gc,marking     ] GC(1188) Concurrent Mark
[495.102s][info][gc,marking     ] GC(1188) Concurrent Mark From Roots
[495.102s][info][gc,task        ] GC(1188) Using 1 workers of 1 for marking
[495.283s][info][gc,start       ] GC(1189) Pause Young (Normal) (G1 Evacuation Pause)
[495.283s][info][gc,task        ] GC(1189) Using 2 workers of 2 for evacuation
[495.300s][info][gc,phases      ] GC(1189)   Pre Evacuate Collection Set: 0.50ms
[495.300s][info][gc,phases      ] GC(1189)   Merge Heap Roots: 0.12ms
[495.300s][info][gc,phases      ] GC(1189)   Evacuate Collection Set: 15.20ms
[495.300s][info][gc,phases      ] GC(1189)   Post Evacuate Collection Set: 0.34ms
[495.300s][info][gc,phases      ] GC(1189)   Other: 0.07ms
[495.300s][info][gc,heap        ] GC(1189) Eden regions: 127->0(124)
[495.300s][info][gc,heap        ] GC(1189) Survivor regions: 11->10(18)
[495.300s][info][gc,heap        ] GC(1189) Old regions: 769->774
[495.300s][info][gc,heap        ] GC(1189) Humongous regions: 10->10
[495.300s][info][gc,metaspace   ] GC(1189) Metaspace: 19085K(19328K)->19085K(19328K) NonClass: 16423K(16576K)->16423K(16576K) Class: 2661K(2752K)->2661K(2752K)
[495.300s][info][gc             ] GC(1189) Pause Young (Normal) (G1 Evacuation Pause) 915M->793M(978M) 16.499ms
[495.300s][info][gc,cpu         ] GC(1189) User=0.04s Sys=0.00s Real=0.02s
[495.602s][info][gc,marking     ] GC(1188) Concurrent Mark From Roots 499.448ms
[495.602s][info][gc,marking     ] GC(1188) Concurrent Preclean
[495.602s][info][gc,marking     ] GC(1188) Concurrent Preclean 0.034ms
[495.602s][info][gc,start       ] GC(1188) Pause Remark
[495.610s][info][gc             ] GC(1188) Pause Remark 892M->387M(964M) 8.238ms
[495.610s][info][gc,cpu         ] GC(1188) User=0.01s Sys=0.00s Real=0.01s
[495.614s][info][gc,marking     ] GC(1188) Concurrent Mark 511.970ms
[495.614s][info][gc,marking     ] GC(1188) Concurrent Rebuild Remembered Sets and Scrub Regions
[495.706s][info][gc,start       ] GC(1190) Pause Young (Normal) (G1 Evacuation Pause)
[495.706s][info][gc,task        ] GC(1190) Using 2 workers of 2 for evacuation
[495.718s][info][gc,phases      ] GC(1190)   Pre Evacuate Collection Set: 0.29ms
[495.718s][info][gc,phases      ] GC(1190)   Merge Heap Roots: 0.14ms
[495.718s][info][gc,phases      ] GC(1190)   Evacuate Collection Set: 11.03ms
[495.718s][info][gc,phases      ] GC(1190)   Post Evacuate Collection Set: 0.38ms
[495.718s][info][gc,phases      ] GC(1190)   Other: 0.07ms
[495.719s][info][gc,heap        ] GC(1190) Eden regions: 125->0(570)
[495.719s][info][gc,heap        ] GC(1190) Survivor regions: 10->8(17)
[495.719s][info][gc,heap        ] GC(1190) Old regions: 276->279
[495.719s][info][gc,heap        ] GC(1190) Humongous regions: 3->3
[495.719s][info][gc,metaspace   ] GC(1190) Metaspace: 19085K(19328K)->19085K(19328K) NonClass: 16423K(16576K)->16423K(16576K) Class: 2661K(2752K)->2661K(2752K)
[495.719s][info][gc             ] GC(1190) Pause Young (Normal) (G1 Evacuation Pause) 413M->289M(964M) 12.150ms
[495.719s][info][gc,cpu         ] GC(1190) User=0.02s Sys=0.00s Real=0.01s
[495.815s][info][gc,marking     ] GC(1188) Concurrent Rebuild Remembered Sets and Scrub Regions 200.747ms
[495.816s][info][gc,start       ] GC(1188) Pause Cleanup
[495.816s][info][gc             ] GC(1188) Pause Cleanup 341M->341M(964M) 0.114ms
[495.816s][info][gc,cpu         ] GC(1188) User=0.00s Sys=0.00s Real=0.00s
[495.816s][info][gc,marking     ] GC(1188) Concurrent Clear Claimed Marks
[495.816s][info][gc,marking     ] GC(1188) Concurrent Clear Claimed Marks 0.035ms
[495.816s][info][gc,marking     ] GC(1188) Concurrent Cleanup for Next Mark
[495.819s][info][gc,marking     ] GC(1188) Concurrent Cleanup for Next Mark 2.814ms
[495.819s][info][gc             ] GC(1188) Concurrent Mark Cycle 735.932ms
[496.499s][info][gc,start       ] GC(1191) Pause Young (Prepare Mixed) (G1 Evacuation Pause)
[496.499s][info][gc,task        ] GC(1191) Using 2 workers of 2 for evacuation
[496.592s][info][gc,phases      ] GC(1191)   Pre Evacuate Collection Set: 0.52ms
[496.592s][info][gc,phases      ] GC(1191)   Merge Heap Roots: 0.32ms
[496.592s][info][gc,phases      ] GC(1191)   Evacuate Collection Set: 91.35ms
[496.592s][info][gc,phases      ] GC(1191)   Post Evacuate Collection Set: 0.83ms
[496.592s][info][gc,phases      ] GC(1191)   Other: 0.17ms
[496.592s][info][gc,heap        ] GC(1191) Eden regions: 570->0(471)
[496.592s][info][gc,heap        ] GC(1191) Survivor regions: 8->73(73)
[496.592s][info][gc,heap        ] GC(1191) Old regions: 279->294
[496.592s][info][gc,heap        ] GC(1191) Humongous regions: 4->4
[496.592s][info][gc,metaspace   ] GC(1191) Metaspace: 19085K(19328K)->19085K(19328K) NonClass: 16423K(16576K)->16423K(16576K) Class: 2661K(2752K)->2661K(2752K)
[496.592s][info][gc             ] GC(1191) Pause Young (Prepare Mixed) (G1 Evacuation Pause) 860M->370M(964M) 93.462ms
[496.592s][info][gc,cpu         ] GC(1191) User=0.18s Sys=0.00s Real=0.09s
[497.300s][info][gc,start       ] GC(1192) Pause Young (Mixed) (G1 Evacuation Pause)
[497.300s][info][gc,task        ] GC(1192) Using 2 workers of 2 for evacuation
[497.466s][info][gc,phases      ] GC(1192)   Pre Evacuate Collection Set: 0.32ms
[497.466s][info][gc,phases      ] GC(1192)   Merge Heap Roots: 0.37ms
[497.466s][info][gc,phases      ] GC(1192)   Evacuate Collection Set: 161.14ms
[497.466s][info][gc,phases      ] GC(1192)   Post Evacuate Collection Set: 3.96ms
[497.466s][info][gc,phases      ] GC(1192)   Other: 0.11ms
[497.466s][info][gc,heap        ] GC(1192) Eden regions: 471->0(402)
[497.466s][info][gc,heap        ] GC(1192) Survivor regions: 73->68(68)
[497.466s][info][gc,heap        ] GC(1192) Old regions: 294->384
[497.466s][info][gc,heap        ] GC(1192) Humongous regions: 5->5
[497.466s][info][gc,metaspace   ] GC(1192) Metaspace: 19085K(19328K)->19085K(19328K) NonClass: 16423K(16576K)->16423K(16576K) Class: 2661K(2752K)->2661K(2752K)
[497.466s][info][gc             ] GC(1192) Pause Young (Mixed) (G1 Evacuation Pause) (Evacuation Failure: Allocation) 842M->456M(978M) 166.193ms
[497.466s][info][gc,cpu         ] GC(1192) User=0.32s Sys=0.01s Real=0.17s
[497.869s][info][gc,start       ] GC(1193) Pause Young (Concurrent Start) (G1 Evacuation Pause)
[497.869s][info][gc,task        ] GC(1193) Using 2 workers of 2 for evacuation
[498.074s][info][gc,mmu         ] GC(1193) MMU target violated: 201.0ms (200.0ms/201.0ms)
[498.074s][info][gc,phases      ] GC(1193)   Pre Evacuate Collection Set: 0.36ms
[498.074s][info][gc,phases      ] GC(1193)   Merge Heap Roots: 0.33ms
[498.074s][info][gc,phases      ] GC(1193)   Evacuate Collection Set: 187.01ms
[498.074s][info][gc,phases      ] GC(1193)   Post Evacuate Collection Set: 16.75ms
[498.074s][info][gc,phases      ] GC(1193)   Other: 0.26ms
[498.074s][info][gc,heap        ] GC(1193) Eden regions: 402->0(170)
[498.074s][info][gc,heap        ] GC(1193) Survivor regions: 68->59(59)
[498.074s][info][gc,heap        ] GC(1193) Old regions: 384->635
[498.074s][info][gc,heap        ] GC(1193) Humongous regions: 5->5
[498.074s][info][gc,metaspace   ] GC(1193) Metaspace: 19085K(19328K)->19085K(19328K) NonClass: 16423K(16576K)->16423K(16576K) Class: 2661K(2752K)->2661K(2752K)
[498.074s][info][gc             ] GC(1193) Pause Young (Concurrent Start) (G1 Evacuation Pause) (Evacuation Failure: Allocation) 858M->698M(978M) 204.882ms
[498.074s][info][gc             ] GC(1194) Concurrent Mark Cycle
[498.074s][info][gc,marking     ] GC(1194) Concurrent Scan Root Regions
[498.074s][info][gc,cpu         ] GC(1193) User=0.41s Sys=0.00s Real=0.20s
[498.257s][info][gc,marking     ] GC(1194) Concurrent Scan Root Regions 182.927ms
[498.257s][info][gc,marking     ] GC(1194) Concurrent Mark
[498.257s][info][gc,marking     ] GC(1194) Concurrent Mark From Roots
[498.257s][info][gc,task        ] GC(1194) Using 1 workers of 1 for marking
[498.352s][info][gc,start       ] GC(1195) Pause Young (Normal) (G1 Evacuation Pause)
[498.352s][info][gc,task        ] GC(1195) Using 2 workers of 2 for evacuation
[498.535s][info][gc,phases      ] GC(1195)   Pre Evacuate Collection Set: 0.46ms
[498.535s][info][gc,phases      ] GC(1195)   Merge Heap Roots: 0.38ms
[498.535s][info][gc,phases      ] GC(1195)   Evacuate Collection Set: 167.42ms
[498.535s][info][gc,phases      ] GC(1195)   Post Evacuate Collection Set: 14.19ms
[498.535s][info][gc,phases      ] GC(1195)   Other: 0.11ms
[498.535s][info][gc,heap        ] GC(1195) Eden regions: 170->0(247)
[498.535s][info][gc,heap        ] GC(1195) Survivor regions: 59->24(29)
[498.535s][info][gc,heap        ] GC(1195) Old regions: 635->611
[498.535s][info][gc,heap        ] GC(1195) Humongous regions: 5->5
[498.535s][info][gc,metaspace   ] GC(1195) Metaspace: 19085K(19328K)->19085K(19328K) NonClass: 16423K(16576K)->16423K(16576K) Class: 2661K(2752K)->2661K(2752K)
[498.535s][info][gc             ] GC(1195) Pause Young (Normal) (G1 Evacuation Pause) (Evacuation Failure: Allocation) 868M->639M(978M) 182.801ms
[498.535s][info][gc,cpu         ] GC(1195) User=0.36s Sys=0.00s Real=0.18s
[498.755s][info][gc,start       ] GC(1196) Pause Young (Normal) (G1 Evacuation Pause)
[498.755s][info][gc,task        ] GC(1196) Using 2 workers of 2 for evacuation
[498.900s][info][gc,phases      ] GC(1196)   Pre Evacuate Collection Set: 0.30ms
[498.900s][info][gc,phases      ] GC(1196)   Merge Heap Roots: 0.39ms
[498.900s][info][gc,phases      ] GC(1196)   Evacuate Collection Set: 127.37ms
[498.900s][info][gc,phases      ] GC(1196)   Post Evacuate Collection Set: 16.73ms
[498.900s][info][gc,phases      ] GC(1196)   Other: 0.09ms
[498.900s][info][gc,heap        ] GC(1196) Eden regions: 247->0(14)
[498.900s][info][gc,heap        ] GC(1196) Survivor regions: 24->34(34)
[498.900s][info][gc,heap        ] GC(1196) Old regions: 611->844
[498.900s][info][gc,heap        ] GC(1196) Humongous regions: 5->5
[498.901s][info][gc,metaspace   ] GC(1196) Metaspace: 19085K(19328K)->19085K(19328K) NonClass: 16423K(16576K)->16423K(16576K) Class: 2661K(2752K)->2661K(2752K)
[498.901s][info][gc             ] GC(1196) Pause Young (Normal) (G1 Evacuation Pause) (Evacuation Failure: Allocation) 886M->882M(978M) 145.147ms
[498.901s][info][gc,cpu         ] GC(1196) User=0.29s Sys=0.00s Real=0.15s
[498.925s][info][gc,start       ] GC(1197) Pause Young (Normal) (G1 Evacuation Pause)
[498.925s][info][gc,task        ] GC(1197) Using 2 workers of 2 for evacuation
[498.997s][info][gc,phases      ] GC(1197)   Pre Evacuate Collection Set: 0.52ms
[498.997s][info][gc,phases      ] GC(1197)   Merge Heap Roots: 0.67ms
[498.997s][info][gc,phases      ] GC(1197)   Evacuate Collection Set: 70.18ms
[498.997s][info][gc,phases      ] GC(1197)   Post Evacuate Collection Set: 0.48ms
[498.997s][info][gc,phases      ] GC(1197)   Other: 0.07ms
[498.997s][info][gc,heap        ] GC(1197) Eden regions: 14->0(190)
[498.997s][info][gc,heap        ] GC(1197) Survivor regions: 34->6(6)
[498.997s][info][gc,heap        ] GC(1197) Old regions: 844->707
[498.997s][info][gc,heap        ] GC(1197) Humongous regions: 5->5
[498.997s][info][gc,metaspace   ] GC(1197) Metaspace: 19085K(19328K)->19085K(19328K) NonClass: 16423K(16576K)->16423K(16576K) Class: 2661K(2752K)->2661K(2752K)
[498.997s][info][gc             ] GC(1197) Pause Young (Normal) (G1 Evacuation Pause) 896M->717M(978M) 72.123ms
[498.997s][info][gc,cpu         ] GC(1197) User=0.14s Sys=0.00s Real=0.08s
[499.273s][info][gc,start       ] GC(1198) Pause Young (Normal) (G1 Evacuation Pause)
[499.274s][info][gc,task        ] GC(1198) Using 2 workers of 2 for evacuation
[499.317s][info][gc,phases      ] GC(1198)   Pre Evacuate Collection Set: 0.29ms
[499.317s][info][gc,phases      ] GC(1198)   Merge Heap Roots: 0.23ms
[499.317s][info][gc,phases      ] GC(1198)   Evacuate Collection Set: 42.01ms
[499.317s][info][gc,phases      ] GC(1198)   Post Evacuate Collection Set: 0.46ms
[499.317s][info][gc,phases      ] GC(1198)   Other: 0.10ms
[499.317s][info][gc,heap        ] GC(1198) Eden regions: 190->0(184)
[499.317s][info][gc,heap        ] GC(1198) Survivor regions: 6->25(25)
[499.317s][info][gc,heap        ] GC(1198) Old regions: 707->689
[499.317s][info][gc,heap        ] GC(1198) Humongous regions: 5->5
[499.317s][info][gc,metaspace   ] GC(1198) Metaspace: 19085K(19328K)->19085K(19328K) NonClass: 16423K(16576K)->16423K(16576K) Class: 2661K(2752K)->2661K(2752K)
[499.317s][info][gc             ] GC(1198) Pause Young (Normal) (G1 Evacuation Pause) 907M->718M(978M) 43.325ms
[499.317s][info][gc,cpu         ] GC(1198) User=0.09s Sys=0.00s Real=0.05s
[499.645s][info][gc,start       ] GC(1199) Pause Young (Normal) (G1 Evacuation Pause)
[499.645s][info][gc,task        ] GC(1199) Using 2 workers of 2 for evacuation
[499.726s][info][gc,phases      ] GC(1199)   Pre Evacuate Collection Set: 0.49ms
[499.726s][info][gc,phases      ] GC(1199)   Merge Heap Roots: 0.42ms
[499.726s][info][gc,phases      ] GC(1199)   Evacuate Collection Set: 78.86ms
[499.726s][info][gc,phases      ] GC(1199)   Post Evacuate Collection Set: 0.63ms
[499.726s][info][gc,phases      ] GC(1199)   Other: 0.11ms
[499.726s][info][gc,heap        ] GC(1199) Eden regions: 184->0(144)
[499.726s][info][gc,heap        ] GC(1199) Survivor regions: 25->27(27)
[499.726s][info][gc,heap        ] GC(1199) Old regions: 689->719
[499.726s][info][gc,heap        ] GC(1199) Humongous regions: 11->11
[499.726s][info][gc,metaspace   ] GC(1199) Metaspace: 19085K(19328K)->19085K(19328K) NonClass: 16423K(16576K)->16423K(16576K) Class: 2661K(2752K)->2661K(2752K)
[499.726s][info][gc             ] GC(1199) Pause Young (Normal) (G1 Evacuation Pause) 908M->756M(978M) 80.821ms
[499.726s][info][gc,cpu         ] GC(1199) User=0.16s Sys=0.00s Real=0.08s
[499.789s][info][gc,marking     ] GC(1194) Concurrent Mark From Roots 1531.906ms
[499.789s][info][gc,marking     ] GC(1194) Concurrent Preclean
[499.789s][info][gc,marking     ] GC(1194) Concurrent Preclean 0.049ms
[499.789s][info][gc,start       ] GC(1194) Pause Remark
[499.797s][info][gc             ] GC(1194) Pause Remark 783M->783M(978M) 7.956ms
[499.797s][info][gc,cpu         ] GC(1194) User=0.02s Sys=0.00s Real=0.01s
[499.797s][info][gc,marking     ] GC(1194) Concurrent Mark 1540.203ms
[499.797s][info][gc,marking     ] GC(1194) Concurrent Rebuild Remembered Sets and Scrub Regions
[499.942s][info][gc,start       ] GC(1200) Pause Young (Normal) (G1 Evacuation Pause)
[499.942s][info][gc,task        ] GC(1200) Using 2 workers of 2 for evacuation
[500.023s][info][gc,phases      ] GC(1200)   Pre Evacuate Collection Set: 0.26ms
[500.023s][info][gc,phases      ] GC(1200)   Merge Heap Roots: 0.40ms
[500.023s][info][gc,phases      ] GC(1200)   Evacuate Collection Set: 79.40ms
[500.023s][info][gc,phases      ] GC(1200)   Post Evacuate Collection Set: 0.48ms
[500.023s][info][gc,phases      ] GC(1200)   Other: 0.09ms
[500.023s][info][gc,heap        ] GC(1200) Eden regions: 144->0(117)
[500.023s][info][gc,heap        ] GC(1200) Survivor regions: 27->22(22)
[500.023s][info][gc,heap        ] GC(1200) Old regions: 719->756
[500.023s][info][gc,heap        ] GC(1200) Humongous regions: 11->11
[500.023s][info][gc,metaspace   ] GC(1200) Metaspace: 19085K(19328K)->19085K(19328K) NonClass: 16423K(16576K)->16423K(16576K) Class: 2661K(2752K)->2661K(2752K)
[500.023s][info][gc             ] GC(1200) Pause Young (Normal) (G1 Evacuation Pause) 900M->788M(978M) 80.848ms
[500.023s][info][gc,cpu         ] GC(1200) User=0.16s Sys=0.00s Real=0.08s
[500.145s][info][gc,start       ] GC(1201) Pause Young (Normal) (G1 Evacuation Pause)
[500.145s][info][gc,task        ] GC(1201) Using 2 workers of 2 for evacuation
[500.198s][info][gc,phases      ] GC(1201)   Pre Evacuate Collection Set: 0.26ms
[500.198s][info][gc,phases      ] GC(1201)   Merge Heap Roots: 0.30ms
[500.198s][info][gc,phases      ] GC(1201)   Evacuate Collection Set: 51.87ms
[500.198s][info][gc,phases      ] GC(1201)   Post Evacuate Collection Set: 0.55ms
[500.198s][info][gc,phases      ] GC(1201)   Other: 0.08ms
[500.198s][info][gc,heap        ] GC(1201) Eden regions: 117->0(100)
[500.198s][info][gc,heap        ] GC(1201) Survivor regions: 22->18(18)
[500.198s][info][gc,heap        ] GC(1201) Old regions: 756->781
[500.198s][info][gc,heap        ] GC(1201) Humongous regions: 11->11
[500.198s][info][gc,metaspace   ] GC(1201) Metaspace: 19085K(19328K)->19085K(19328K) NonClass: 16423K(16576K)->16423K(16576K) Class: 2661K(2752K)->2661K(2752K)
[500.198s][info][gc             ] GC(1201) Pause Young (Normal) (G1 Evacuation Pause) 905M->809M(978M) 53.288ms
[500.198s][info][gc,cpu         ] GC(1201) User=0.11s Sys=0.00s Real=0.06s
[500.286s][info][gc,start       ] GC(1202) Pause Young (Normal) (G1 Evacuation Pause)
[500.286s][info][gc,task        ] GC(1202) Using 2 workers of 2 for evacuation
[500.333s][info][gc,phases      ] GC(1202)   Pre Evacuate Collection Set: 0.26ms
[500.333s][info][gc,phases      ] GC(1202)   Merge Heap Roots: 0.71ms
[500.333s][info][gc,phases      ] GC(1202)   Evacuate Collection Set: 44.65ms
[500.333s][info][gc,phases      ] GC(1202)   Post Evacuate Collection Set: 0.52ms
[500.333s][info][gc,phases      ] GC(1202)   Other: 0.08ms
[500.333s][info][gc,heap        ] GC(1202) Eden regions: 100->0(93)
[500.333s][info][gc,heap        ] GC(1202) Survivor regions: 18->12(15)
[500.333s][info][gc,heap        ] GC(1202) Old regions: 781->800
[500.333s][info][gc,heap        ] GC(1202) Humongous regions: 11->11
[500.333s][info][gc,metaspace   ] GC(1202) Metaspace: 19085K(19328K)->19085K(19328K) NonClass: 16423K(16576K)->16423K(16576K) Class: 2661K(2752K)->2661K(2752K)
[500.333s][info][gc             ] GC(1202) Pause Young (Normal) (G1 Evacuation Pause) 909M->822M(978M) 46.460ms
[500.333s][info][gc,cpu         ] GC(1202) User=0.09s Sys=0.00s Real=0.04s
[500.394s][info][gc,start       ] GC(1203) Pause Young (Normal) (G1 Evacuation Pause)
[500.394s][info][gc,task        ] GC(1203) Using 2 workers of 2 for evacuation
[500.427s][info][gc,phases      ] GC(1203)   Pre Evacuate Collection Set: 0.26ms
[500.427s][info][gc,phases      ] GC(1203)   Merge Heap Roots: 0.42ms
[500.427s][info][gc,phases      ] GC(1203)   Evacuate Collection Set: 31.42ms
[500.427s][info][gc,phases      ] GC(1203)   Post Evacuate Collection Set: 0.50ms
[500.427s][info][gc,phases      ] GC(1203)   Other: 0.09ms
[500.427s][info][gc,heap        ] GC(1203) Eden regions: 93->0(101)
[500.427s][info][gc,heap        ] GC(1203) Survivor regions: 12->2(14)
[500.427s][info][gc,heap        ] GC(1203) Old regions: 800->812
[500.427s][info][gc,heap        ] GC(1203) Humongous regions: 11->11
[500.427s][info][gc,metaspace   ] GC(1203) Metaspace: 19085K(19328K)->19085K(19328K) NonClass: 16423K(16576K)->16423K(16576K) Class: 2661K(2752K)->2661K(2752K)
[500.427s][info][gc             ] GC(1203) Pause Young (Normal) (G1 Evacuation Pause) 915M->824M(978M) 32.899ms
[500.427s][info][gc,cpu         ] GC(1203) User=0.07s Sys=0.00s Real=0.04s
[500.542s][info][gc,start       ] GC(1204) Pause Young (Normal) (G1 Evacuation Pause)
[500.542s][info][gc,task        ] GC(1204) Using 2 workers of 2 for evacuation
[500.566s][info][gc,phases      ] GC(1204)   Pre Evacuate Collection Set: 0.26ms
[500.566s][info][gc,phases      ] GC(1204)   Merge Heap Roots: 0.49ms
[500.566s][info][gc,phases      ] GC(1204)   Evacuate Collection Set: 22.74ms
[500.566s][info][gc,phases      ] GC(1204)   Post Evacuate Collection Set: 0.51ms
[500.566s][info][gc,phases      ] GC(1204)   Other: 0.09ms
[500.566s][info][gc,heap        ] GC(1204) Eden regions: 101->0(101)
[500.566s][info][gc,heap        ] GC(1204) Survivor regions: 2->2(13)
[500.566s][info][gc,heap        ] GC(1204) Old regions: 812->812
[500.566s][info][gc,heap        ] GC(1204) Humongous regions: 11->11
[500.566s][info][gc,metaspace   ] GC(1204) Metaspace: 19085K(19328K)->19085K(19328K) NonClass: 16423K(16576K)->16423K(16576K) Class: 2661K(2752K)->2661K(2752K)
[500.566s][info][gc             ] GC(1204) Pause Young (Normal) (G1 Evacuation Pause) 925M->824M(978M) 24.332ms
[500.566s][info][gc,cpu         ] GC(1204) User=0.05s Sys=0.00s Real=0.02s
[500.682s][info][gc,start       ] GC(1205) Pause Young (Normal) (G1 Evacuation Pause)
[500.683s][info][gc,task        ] GC(1205) Using 2 workers of 2 for evacuation
[500.710s][info][gc,phases      ] GC(1205)   Pre Evacuate Collection Set: 0.49ms
[500.710s][info][gc,phases      ] GC(1205)   Merge Heap Roots: 0.49ms
[500.710s][info][gc,phases      ] GC(1205)   Evacuate Collection Set: 26.05ms
[500.710s][info][gc,phases      ] GC(1205)   Post Evacuate Collection Set: 0.53ms
[500.710s][info][gc,phases      ] GC(1205)   Other: 0.10ms
[500.710s][info][gc,heap        ] GC(1205) Eden regions: 101->0(93)
[500.710s][info][gc,heap        ] GC(1205) Survivor regions: 2->6(13)
[500.710s][info][gc,heap        ] GC(1205) Old regions: 812->812
[500.710s][info][gc,heap        ] GC(1205) Humongous regions: 11->11
[500.710s][info][gc,metaspace   ] GC(1205) Metaspace: 19085K(19328K)->19085K(19328K) NonClass: 16423K(16576K)->16423K(16576K) Class: 2661K(2752K)->2661K(2752K)
[500.710s][info][gc             ] GC(1205) Pause Young (Normal) (G1 Evacuation Pause) 925M->827M(978M) 27.960ms
[500.710s][info][gc,cpu         ] GC(1205) User=0.06s Sys=0.00s Real=0.03s
[500.759s][info][gc,marking     ] GC(1194) Concurrent Rebuild Remembered Sets and Scrub Regions 961.890ms
[500.759s][info][gc,start       ] GC(1194) Pause Cleanup
[500.759s][info][gc             ] GC(1194) Pause Cleanup 862M->862M(978M) 0.145ms
[500.759s][info][gc,cpu         ] GC(1194) User=0.00s Sys=0.00s Real=0.00s
[500.761s][info][gc,marking     ] GC(1194) Concurrent Clear Claimed Marks
[500.761s][info][gc,marking     ] GC(1194) Concurrent Clear Claimed Marks 0.045ms
[500.761s][info][gc,marking     ] GC(1194) Concurrent Cleanup for Next Mark
[500.763s][info][gc,marking     ] GC(1194) Concurrent Cleanup for Next Mark 2.853ms
[500.764s][info][gc             ] GC(1194) Concurrent Mark Cycle 2689.792ms
[500.824s][info][gc,start       ] GC(1206) Pause Young (Prepare Mixed) (G1 Evacuation Pause)
[500.825s][info][gc,task        ] GC(1206) Using 2 workers of 2 for evacuation
[500.855s][info][gc,phases      ] GC(1206)   Pre Evacuate Collection Set: 0.48ms
[500.855s][info][gc,phases      ] GC(1206)   Merge Heap Roots: 0.48ms
[500.855s][info][gc,phases      ] GC(1206)   Evacuate Collection Set: 28.49ms
[500.855s][info][gc,phases      ] GC(1206)   Post Evacuate Collection Set: 0.56ms
[500.855s][info][gc,phases      ] GC(1206)   Other: 0.09ms
[500.855s][info][gc,heap        ] GC(1206) Eden regions: 93->0(87)
[500.855s][info][gc,heap        ] GC(1206) Survivor regions: 6->9(13)
[500.855s][info][gc,heap        ] GC(1206) Old regions: 812->812
[500.855s][info][gc,heap        ] GC(1206) Humongous regions: 11->11
[500.855s][info][gc,metaspace   ] GC(1206) Metaspace: 19085K(19328K)->19085K(19328K) NonClass: 16423K(16576K)->16423K(16576K) Class: 2661K(2752K)->2661K(2752K)
[500.855s][info][gc             ] GC(1206) Pause Young (Prepare Mixed) (G1 Evacuation Pause) 920M->830M(978M) 30.326ms
[500.855s][info][gc,cpu         ] GC(1206) User=0.05s Sys=0.00s Real=0.03s
[500.926s][info][gc,start       ] GC(1207) Pause Young (Mixed) (G1 Evacuation Pause)
[500.926s][info][gc,task        ] GC(1207) Using 2 workers of 2 for evacuation
[501.017s][info][gc,phases      ] GC(1207)   Pre Evacuate Collection Set: 0.50ms
[501.017s][info][gc,phases      ] GC(1207)   Merge Heap Roots: 1.24ms
[501.017s][info][gc,phases      ] GC(1207)   Evacuate Collection Set: 88.83ms
[501.017s][info][gc,phases      ] GC(1207)   Post Evacuate Collection Set: 0.37ms
[501.017s][info][gc,phases      ] GC(1207)   Other: 0.06ms
[501.017s][info][gc,heap        ] GC(1207) Eden regions: 87->0(90)
[501.017s][info][gc,heap        ] GC(1207) Survivor regions: 9->11(12)
[501.017s][info][gc,heap        ] GC(1207) Old regions: 812->805
[501.017s][info][gc,heap        ] GC(1207) Humongous regions: 11->11
[501.017s][info][gc,metaspace   ] GC(1207) Metaspace: 19085K(19328K)->19085K(19328K) NonClass: 16423K(16576K)->16423K(16576K) Class: 2661K(2752K)->2661K(2752K)
[501.017s][info][gc             ] GC(1207) Pause Young (Mixed) (G1 Evacuation Pause) 917M->826M(978M) 91.191ms
[501.017s][info][gc,cpu         ] GC(1207) User=0.18s Sys=0.00s Real=0.10s
[501.097s][info][gc,start       ] GC(1208) Pause Young (Concurrent Start) (G1 Evacuation Pause)
[501.097s][info][gc,task        ] GC(1208) Using 2 workers of 2 for evacuation
[501.129s][info][gc,phases      ] GC(1208)   Pre Evacuate Collection Set: 0.30ms
[501.129s][info][gc,phases      ] GC(1208)   Merge Heap Roots: 0.13ms
[501.130s][info][gc,phases      ] GC(1208)   Evacuate Collection Set: 31.37ms
[501.130s][info][gc,phases      ] GC(1208)   Post Evacuate Collection Set: 0.35ms
[501.130s][info][gc,phases      ] GC(1208)   Other: 0.08ms
[501.130s][info][gc,heap        ] GC(1208) Eden regions: 90->0(69)
[501.130s][info][gc,heap        ] GC(1208) Survivor regions: 11->13(13)
[501.130s][info][gc,heap        ] GC(1208) Old regions: 805->822
[501.130s][info][gc,heap        ] GC(1208) Humongous regions: 11->11
[501.130s][info][gc,metaspace   ] GC(1208) Metaspace: 19085K(19328K)->19085K(19328K) NonClass: 16423K(16576K)->16423K(16576K) Class: 2661K(2752K)->2661K(2752K)
[501.130s][info][gc             ] GC(1208) Pause Young (Concurrent Start) (G1 Evacuation Pause) 916M->845M(978M) 32.451ms
[501.130s][info][gc,cpu         ] GC(1208) User=0.07s Sys=0.00s Real=0.03s
[501.130s][info][gc             ] GC(1209) Concurrent Mark Cycle
[501.130s][info][gc,marking     ] GC(1209) Concurrent Scan Root Regions
[501.185s][info][gc,marking     ] GC(1209) Concurrent Scan Root Regions 54.891ms
[501.185s][info][gc,marking     ] GC(1209) Concurrent Mark
[501.185s][info][gc,marking     ] GC(1209) Concurrent Mark From Roots
[501.185s][info][gc,task        ] GC(1209) Using 1 workers of 1 for marking
[501.269s][info][gc,start       ] GC(1210) Pause Young (Normal) (G1 Evacuation Pause)
[501.269s][info][gc,task        ] GC(1210) Using 2 workers of 2 for evacuation
[501.293s][info][gc,phases      ] GC(1210)   Pre Evacuate Collection Set: 0.49ms
[501.293s][info][gc,phases      ] GC(1210)   Merge Heap Roots: 0.18ms
[501.293s][info][gc,phases      ] GC(1210)   Evacuate Collection Set: 22.90ms
[501.293s][info][gc,phases      ] GC(1210)   Post Evacuate Collection Set: 0.34ms
[501.294s][info][gc,phases      ] GC(1210)   Other: 0.07ms
[501.294s][info][gc,heap        ] GC(1210) Eden regions: 69->0(66)
[501.294s][info][gc,heap        ] GC(1210) Survivor regions: 13->8(11)
[501.294s][info][gc,heap        ] GC(1210) Old regions: 822->835
[501.294s][info][gc,heap        ] GC(1210) Humongous regions: 11->11
[501.294s][info][gc,metaspace   ] GC(1210) Metaspace: 19085K(19328K)->19085K(19328K) NonClass: 16423K(16576K)->16423K(16576K) Class: 2661K(2752K)->2661K(2752K)
[501.294s][info][gc             ] GC(1210) Pause Young (Normal) (G1 Evacuation Pause) 914M->853M(978M) 24.190ms
[501.294s][info][gc,cpu         ] GC(1210) User=0.04s Sys=0.00s Real=0.02s
[501.487s][info][gc,start       ] GC(1211) Pause Young (Normal) (G1 Evacuation Pause)
[501.488s][info][gc,task        ] GC(1211) Using 2 workers of 2 for evacuation
[501.508s][info][gc,phases      ] GC(1211)   Pre Evacuate Collection Set: 0.50ms
[501.508s][info][gc,phases      ] GC(1211)   Merge Heap Roots: 0.18ms
[501.508s][info][gc,phases      ] GC(1211)   Evacuate Collection Set: 19.64ms
[501.508s][info][gc,phases      ] GC(1211)   Post Evacuate Collection Set: 0.32ms
[501.508s][info][gc,phases      ] GC(1211)   Other: 0.07ms
[501.508s][info][gc,heap        ] GC(1211) Eden regions: 66->0(56)
[501.508s][info][gc,heap        ] GC(1211) Survivor regions: 8->9(10)
[501.508s][info][gc,heap        ] GC(1211) Old regions: 835->843
[501.508s][info][gc,heap        ] GC(1211) Humongous regions: 11->11
[501.508s][info][gc,metaspace   ] GC(1211) Metaspace: 19085K(19328K)->19085K(19328K) NonClass: 16423K(16576K)->16423K(16576K) Class: 2661K(2752K)->2661K(2752K)
[501.508s][info][gc             ] GC(1211) Pause Young (Normal) (G1 Evacuation Pause) 919M->862M(978M) 20.940ms
[501.508s][info][gc,cpu         ] GC(1211) User=0.04s Sys=0.00s Real=0.02s
[501.876s][info][gc,start       ] GC(1212) Pause Young (Normal) (G1 Evacuation Pause)
[501.877s][info][gc,task        ] GC(1212) Using 2 workers of 2 for evacuation
[501.887s][info][gc,phases      ] GC(1212)   Pre Evacuate Collection Set: 0.51ms
[501.887s][info][gc,phases      ] GC(1212)   Merge Heap Roots: 0.11ms
[501.887s][info][gc,phases      ] GC(1212)   Evacuate Collection Set: 9.09ms
[501.887s][info][gc,phases      ] GC(1212)   Post Evacuate Collection Set: 0.30ms
[501.887s][info][gc,phases      ] GC(1212)   Other: 0.09ms
[501.887s][info][gc,heap        ] GC(1212) Eden regions: 56->0(63)
[501.887s][info][gc,heap        ] GC(1212) Survivor regions: 9->1(9)
[501.887s][info][gc,heap        ] GC(1212) Old regions: 843->852
[501.887s][info][gc,heap        ] GC(1212) Humongous regions: 11->11
[501.887s][info][gc,metaspace   ] GC(1212) Metaspace: 19085K(19328K)->19085K(19328K) NonClass: 16423K(16576K)->16423K(16576K) Class: 2661K(2752K)->2661K(2752K)
[501.887s][info][gc             ] GC(1212) Pause Young (Normal) (G1 Evacuation Pause) 918M->863M(978M) 10.313ms
[501.887s][info][gc,cpu         ] GC(1212) User=0.02s Sys=0.00s Real=0.01s
[502.051s][info][gc,marking     ] GC(1209) Concurrent Mark From Roots 866.831ms
[502.051s][info][gc,marking     ] GC(1209) Concurrent Preclean
[502.052s][info][gc,marking     ] GC(1209) Concurrent Preclean 0.031ms
[502.052s][info][gc,start       ] GC(1209) Pause Remark
[502.060s][info][gc             ] GC(1209) Pause Remark 914M->464M(978M) 8.285ms
[502.060s][info][gc,cpu         ] GC(1209) User=0.02s Sys=0.00s Real=0.01s
[502.060s][info][gc,marking     ] GC(1209) Concurrent Mark 875.414ms
[502.060s][info][gc,marking     ] GC(1209) Concurrent Rebuild Remembered Sets and Scrub Regions
[502.125s][info][gc,start       ] GC(1213) Pause Young (Normal) (G1 Evacuation Pause)
[502.125s][info][gc,task        ] GC(1213) Using 2 workers of 2 for evacuation
[502.126s][info][gc,phases      ] GC(1213)   Pre Evacuate Collection Set: 0.25ms
[502.126s][info][gc,phases      ] GC(1213)   Merge Heap Roots: 0.09ms
[502.127s][info][gc,phases      ] GC(1213)   Evacuate Collection Set: 0.97ms
[502.127s][info][gc,phases      ] GC(1213)   Post Evacuate Collection Set: 0.27ms
[502.127s][info][gc,phases      ] GC(1213)   Other: 0.08ms
[502.127s][info][gc,heap        ] GC(1213) Eden regions: 63->0(424)
[502.127s][info][gc,heap        ] GC(1213) Survivor regions: 1->1(8)
[502.127s][info][gc,heap        ] GC(1213) Old regions: 409->409
[502.127s][info][gc,heap        ] GC(1213) Humongous regions: 4->4
[502.127s][info][gc,metaspace   ] GC(1213) Metaspace: 19085K(19328K)->19085K(19328K) NonClass: 16423K(16576K)->16423K(16576K) Class: 2661K(2752K)->2661K(2752K)
[502.127s][info][gc             ] GC(1213) Pause Young (Normal) (G1 Evacuation Pause) 476M->413M(978M) 1.834ms
[502.127s][info][gc,cpu         ] GC(1213) User=0.00s Sys=0.00s Real=0.01s
[502.323s][info][gc,marking     ] GC(1209) Concurrent Rebuild Remembered Sets and Scrub Regions 263.238ms
[502.323s][info][gc,start       ] GC(1209) Pause Cleanup
[502.324s][info][gc             ] GC(1209) Pause Cleanup 456M->456M(978M) 0.154ms
[502.324s][info][gc,cpu         ] GC(1209) User=0.00s Sys=0.00s Real=0.00s
[502.324s][info][gc,marking     ] GC(1209) Concurrent Clear Claimed Marks
[502.324s][info][gc,marking     ] GC(1209) Concurrent Clear Claimed Marks 0.036ms
[502.324s][info][gc,marking     ] GC(1209) Concurrent Cleanup for Next Mark
[502.329s][info][gc,marking     ] GC(1209) Concurrent Cleanup for Next Mark 5.336ms
[502.329s][info][gc             ] GC(1209) Concurrent Mark Cycle 1199.486ms
[503.123s][info][gc,start       ] GC(1214) Pause Young (Prepare Mixed) (G1 Evacuation Pause)
[503.123s][info][gc,task        ] GC(1214) Using 2 workers of 2 for evacuation
[503.127s][info][gc,phases      ] GC(1214)   Pre Evacuate Collection Set: 0.29ms
[503.127s][info][gc,phases      ] GC(1214)   Merge Heap Roots: 0.19ms
[503.127s][info][gc,phases      ] GC(1214)   Evacuate Collection Set: 2.06ms
[503.127s][info][gc,phases      ] GC(1214)   Post Evacuate Collection Set: 0.57ms
[503.127s][info][gc,phases      ] GC(1214)   Other: 0.12ms
[503.127s][info][gc,heap        ] GC(1214) Eden regions: 424->0(451)
[503.127s][info][gc,heap        ] GC(1214) Survivor regions: 1->1(54)
[503.127s][info][gc,heap        ] GC(1214) Old regions: 409->409
[503.127s][info][gc,heap        ] GC(1214) Humongous regions: 4->4
[503.127s][info][gc,metaspace   ] GC(1214) Metaspace: 19085K(19328K)->19085K(19328K) NonClass: 16423K(16576K)->16423K(16576K) Class: 2661K(2752K)->2661K(2752K)
[503.127s][info][gc             ] GC(1214) Pause Young (Prepare Mixed) (G1 Evacuation Pause) 837M->413M(978M) 3.466ms
[503.127s][info][gc,cpu         ] GC(1214) User=0.01s Sys=0.00s Real=0.01s
[503.721s][info][gc,start       ] GC(1215) Pause Young (Mixed) (G1 Evacuation Pause)
[503.721s][info][gc,task        ] GC(1215) Using 2 workers of 2 for evacuation
[503.817s][info][gc,phases      ] GC(1215)   Pre Evacuate Collection Set: 0.53ms
[503.817s][info][gc,phases      ] GC(1215)   Merge Heap Roots: 0.47ms
[503.817s][info][gc,phases      ] GC(1215)   Evacuate Collection Set: 93.43ms
[503.817s][info][gc,phases      ] GC(1215)   Post Evacuate Collection Set: 0.95ms
[503.817s][info][gc,phases      ] GC(1215)   Other: 0.12ms
[503.817s][info][gc,heap        ] GC(1215) Eden regions: 451->0(370)
[503.817s][info][gc,heap        ] GC(1215) Survivor regions: 1->57(57)
[503.817s][info][gc,heap        ] GC(1215) Old regions: 409->388
[503.817s][info][gc,heap        ] GC(1215) Humongous regions: 4->4
[503.817s][info][gc,metaspace   ] GC(1215) Metaspace: 19085K(19328K)->19085K(19328K) NonClass: 16423K(16576K)->16423K(16576K) Class: 2661K(2752K)->2661K(2752K)
[503.817s][info][gc             ] GC(1215) Pause Young (Mixed) (G1 Evacuation Pause) 864M->448M(978M) 95.764ms
[503.817s][info][gc,cpu         ] GC(1215) User=0.19s Sys=0.00s Real=0.10s
[503.999s][info][gc,start       ] GC(1216) Pause Young (Concurrent Start) (G1 Humongous Allocation)
[503.999s][info][gc,task        ] GC(1216) Using 2 workers of 2 for evacuation
[504.099s][info][gc,phases      ] GC(1216)   Pre Evacuate Collection Set: 0.28ms
[504.099s][info][gc,phases      ] GC(1216)   Merge Heap Roots: 0.47ms
[504.099s][info][gc,phases      ] GC(1216)   Evacuate Collection Set: 97.78ms
[504.099s][info][gc,phases      ] GC(1216)   Post Evacuate Collection Set: 0.66ms
[504.099s][info][gc,phases      ] GC(1216)   Other: 0.10ms
[504.099s][info][gc,heap        ] GC(1216) Eden regions: 262->0(341)
[504.099s][info][gc,heap        ] GC(1216) Survivor regions: 57->36(54)
[504.099s][info][gc,heap        ] GC(1216) Old regions: 388->445
[504.099s][info][gc,heap        ] GC(1216) Humongous regions: 4->4
[504.099s][info][gc,metaspace   ] GC(1216) Metaspace: 19085K(19328K)->19085K(19328K) NonClass: 16423K(16576K)->16423K(16576K) Class: 2661K(2752K)->2661K(2752K)
[504.099s][info][gc             ] GC(1216) Pause Young (Concurrent Start) (G1 Humongous Allocation) 710M->484M(978M) 99.553ms
[504.099s][info][gc             ] GC(1217) Concurrent Mark Cycle
[504.099s][info][gc,marking     ] GC(1217) Concurrent Scan Root Regions
[504.099s][info][gc,cpu         ] GC(1216) User=0.20s Sys=0.00s Real=0.10s
[504.186s][info][gc,marking     ] GC(1217) Concurrent Scan Root Regions 87.689ms
[504.187s][info][gc,marking     ] GC(1217) Concurrent Mark
[504.187s][info][gc,marking     ] GC(1217) Concurrent Mark From Roots
[504.187s][info][gc,task        ] GC(1217) Using 1 workers of 1 for marking
[504.583s][info][gc,start       ] GC(1218) Pause Young (Normal) (G1 Evacuation Pause)
[504.583s][info][gc,task        ] GC(1218) Using 2 workers of 2 for evacuation
[504.674s][info][gc,phases      ] GC(1218)   Pre Evacuate Collection Set: 0.28ms
[504.674s][info][gc,phases      ] GC(1218)   Merge Heap Roots: 0.37ms
[504.674s][info][gc,phases      ] GC(1218)   Evacuate Collection Set: 89.86ms
[504.674s][info][gc,phases      ] GC(1218)   Post Evacuate Collection Set: 0.67ms
[504.674s][info][gc,phases      ] GC(1218)   Other: 0.11ms
[504.674s][info][gc,heap        ] GC(1218) Eden regions: 341->0(311)
[504.674s][info][gc,heap        ] GC(1218) Survivor regions: 36->41(48)
[504.674s][info][gc,heap        ] GC(1218) Old regions: 445->481
[504.674s][info][gc,heap        ] GC(1218) Humongous regions: 8->8
[504.674s][info][gc,metaspace   ] GC(1218) Metaspace: 19085K(19328K)->19085K(19328K) NonClass: 16423K(16576K)->16423K(16576K) Class: 2661K(2752K)->2661K(2752K)
[504.674s][info][gc             ] GC(1218) Pause Young (Normal) (G1 Evacuation Pause) 829M->529M(978M) 91.556ms
[504.674s][info][gc,cpu         ] GC(1218) User=0.18s Sys=0.00s Real=0.09s
[505.109s][info][gc,start       ] GC(1219) Pause Young (Normal) (G1 Evacuation Pause)
[505.109s][info][gc,task        ] GC(1219) Using 2 workers of 2 for evacuation
[505.203s][info][gc,phases      ] GC(1219)   Pre Evacuate Collection Set: 0.31ms
[505.203s][info][gc,phases      ] GC(1219)   Merge Heap Roots: 0.36ms
[505.203s][info][gc,phases      ] GC(1219)   Evacuate Collection Set: 92.51ms
[505.203s][info][gc,phases      ] GC(1219)   Post Evacuate Collection Set: 0.57ms
[505.203s][info][gc,phases      ] GC(1219)   Other: 0.10ms
[505.203s][info][gc,heap        ] GC(1219) Eden regions: 311->0(287)
[505.203s][info][gc,heap        ] GC(1219) Survivor regions: 41->38(44)
[505.203s][info][gc,heap        ] GC(1219) Old regions: 481->522
[505.203s][info][gc,heap        ] GC(1219) Humongous regions: 8->8
[505.203s][info][gc,metaspace   ] GC(1219) Metaspace: 19085K(19328K)->19085K(19328K) NonClass: 16423K(16576K)->16423K(16576K) Class: 2661K(2752K)->2661K(2752K)
[505.203s][info][gc             ] GC(1219) Pause Young (Normal) (G1 Evacuation Pause) 840M->566M(978M) 94.168ms
[505.203s][info][gc,cpu         ] GC(1219) User=0.18s Sys=0.00s Real=0.09s
[505.323s][info][gc,marking     ] GC(1217) Concurrent Mark From Roots 1136.189ms
[505.323s][info][gc,marking     ] GC(1217) Concurrent Preclean
[505.323s][info][gc,marking     ] GC(1217) Concurrent Preclean 0.033ms
[505.323s][info][gc,start       ] GC(1217) Pause Remark
[505.331s][info][gc             ] GC(1217) Pause Remark 634M->619M(978M) 7.966ms
[505.331s][info][gc,cpu         ] GC(1217) User=0.02s Sys=0.00s Real=0.01s
[505.331s][info][gc,marking     ] GC(1217) Concurrent Mark 1144.516ms
[505.331s][info][gc,marking     ] GC(1217) Concurrent Rebuild Remembered Sets and Scrub Regions
[505.696s][info][gc,start       ] GC(1220) Pause Young (Normal) (G1 Evacuation Pause)
[505.696s][info][gc,task        ] GC(1220) Using 2 workers of 2 for evacuation
[505.746s][info][gc,phases      ] GC(1220)   Pre Evacuate Collection Set: 0.30ms
[505.746s][info][gc,phases      ] GC(1220)   Merge Heap Roots: 0.46ms
[505.746s][info][gc,phases      ] GC(1220)   Evacuate Collection Set: 48.51ms
[505.746s][info][gc,phases      ] GC(1220)   Post Evacuate Collection Set: 0.53ms
[505.746s][info][gc,phases      ] GC(1220)   Other: 0.08ms
[505.746s][info][gc,heap        ] GC(1220) Eden regions: 287->0(310)
[505.746s][info][gc,heap        ] GC(1220) Survivor regions: 38->5(41)
[505.746s][info][gc,heap        ] GC(1220) Old regions: 507->544
[505.746s][info][gc,heap        ] GC(1220) Humongous regions: 8->8
[505.746s][info][gc,metaspace   ] GC(1220) Metaspace: 19085K(19328K)->19085K(19328K) NonClass: 16423K(16576K)->16423K(16576K) Class: 2661K(2752K)->2661K(2752K)
[505.746s][info][gc             ] GC(1220) Pause Young (Normal) (G1 Evacuation Pause) 838M->556M(978M) 50.112ms
[505.746s][info][gc,cpu         ] GC(1220) User=0.09s Sys=0.00s Real=0.05s
[505.807s][info][gc,marking     ] GC(1217) Concurrent Rebuild Remembered Sets and Scrub Regions 475.813ms
[505.807s][info][gc,start       ] GC(1217) Pause Cleanup
[505.807s][info][gc             ] GC(1217) Pause Cleanup 598M->598M(978M) 0.089ms
[505.807s][info][gc,cpu         ] GC(1217) User=0.00s Sys=0.00s Real=0.00s
[505.807s][info][gc,marking     ] GC(1217) Concurrent Clear Claimed Marks
[505.807s][info][gc,marking     ] GC(1217) Concurrent Clear Claimed Marks 0.030ms
[505.807s][info][gc,marking     ] GC(1217) Concurrent Cleanup for Next Mark
[505.810s][info][gc,marking     ] GC(1217) Concurrent Cleanup for Next Mark 2.827ms
[505.810s][info][gc             ] GC(1217) Concurrent Mark Cycle 1711.343ms
[506.083s][info][gc,start       ] GC(1221) Pause Young (Prepare Mixed) (G1 Evacuation Pause)
[506.083s][info][gc,task        ] GC(1221) Using 2 workers of 2 for evacuation
[506.137s][info][gc,phases      ] GC(1221)   Pre Evacuate Collection Set: 0.32ms
[506.137s][info][gc,phases      ] GC(1221)   Merge Heap Roots: 0.25ms
[506.137s][info][gc,phases      ] GC(1221)   Evacuate Collection Set: 52.45ms
[506.137s][info][gc,phases      ] GC(1221)   Post Evacuate Collection Set: 0.63ms
[506.137s][info][gc,phases      ] GC(1221)   Other: 0.10ms
[506.137s][info][gc,heap        ] GC(1221) Eden regions: 310->0(273)
[506.137s][info][gc,heap        ] GC(1221) Survivor regions: 5->40(40)
[506.137s][info][gc,heap        ] GC(1221) Old regions: 544->553
[506.137s][info][gc,heap        ] GC(1221) Humongous regions: 8->8
[506.137s][info][gc,metaspace   ] GC(1221) Metaspace: 19085K(19328K)->19085K(19328K) NonClass: 16423K(16576K)->16423K(16576K) Class: 2661K(2752K)->2661K(2752K)
[506.137s][info][gc             ] GC(1221) Pause Young (Prepare Mixed) (G1 Evacuation Pause) 866M->600M(978M) 54.026ms
[506.137s][info][gc,cpu         ] GC(1221) User=0.10s Sys=0.00s Real=0.06s
[506.445s][info][gc,start       ] GC(1222) Pause Young (Mixed) (G1 Evacuation Pause)
[506.445s][info][gc,task        ] GC(1222) Using 2 workers of 2 for evacuation
[506.578s][info][gc,phases      ] GC(1222)   Pre Evacuate Collection Set: 0.32ms
[506.578s][info][gc,phases      ] GC(1222)   Merge Heap Roots: 0.34ms
[506.578s][info][gc,phases      ] GC(1222)   Evacuate Collection Set: 127.96ms
[506.578s][info][gc,phases      ] GC(1222)   Post Evacuate Collection Set: 3.86ms
[506.578s][info][gc,phases      ] GC(1222)   Other: 0.10ms
[506.578s][info][gc,heap        ] GC(1222) Eden regions: 273->0(174)
[506.578s][info][gc,heap        ] GC(1222) Survivor regions: 40->40(40)
[506.578s][info][gc,heap        ] GC(1222) Old regions: 553->666
[506.578s][info][gc,heap        ] GC(1222) Humongous regions: 8->8
[506.578s][info][gc,metaspace   ] GC(1222) Metaspace: 19085K(19328K)->19085K(19328K) NonClass: 16423K(16576K)->16423K(16576K) Class: 2661K(2752K)->2661K(2752K)
[506.578s][info][gc             ] GC(1222) Pause Young (Mixed) (G1 Evacuation Pause) (Evacuation Failure: Allocation) 873M->713M(978M) 132.918ms
[506.578s][info][gc,cpu         ] GC(1222) User=0.27s Sys=0.00s Real=0.14s
[506.692s][info][gc,start       ] GC(1223) Pause Young (Concurrent Start) (G1 Humongous Allocation)
[506.692s][info][gc,task        ] GC(1223) Using 2 workers of 2 for evacuation
[506.751s][info][gc,phases      ] GC(1223)   Pre Evacuate Collection Set: 0.33ms
[506.751s][info][gc,phases      ] GC(1223)   Merge Heap Roots: 0.44ms
[506.751s][info][gc,phases      ] GC(1223)   Evacuate Collection Set: 57.30ms
[506.751s][info][gc,phases      ] GC(1223)   Post Evacuate Collection Set: 0.51ms
[506.751s][info][gc,phases      ] GC(1223)   Other: 0.10ms
[506.751s][info][gc,heap        ] GC(1223) Eden regions: 79->0(221)
[506.751s][info][gc,heap        ] GC(1223) Survivor regions: 40->7(27)
[506.751s][info][gc,heap        ] GC(1223) Old regions: 666->658
[506.751s][info][gc,heap        ] GC(1223) Humongous regions: 8->8
[506.751s][info][gc,metaspace   ] GC(1223) Metaspace: 19085K(19328K)->19085K(19328K) NonClass: 16423K(16576K)->16423K(16576K) Class: 2661K(2752K)->2661K(2752K)
[506.751s][info][gc             ] GC(1223) Pause Young (Concurrent Start) (G1 Humongous Allocation) 792M->672M(978M) 58.928ms
[506.751s][info][gc,cpu         ] GC(1223) User=0.12s Sys=0.00s Real=0.06s
[506.751s][info][gc             ] GC(1224) Concurrent Mark Cycle
[506.751s][info][gc,marking     ] GC(1224) Concurrent Scan Root Regions
[506.806s][info][gc,marking     ] GC(1224) Concurrent Scan Root Regions 55.108ms
[506.806s][info][gc,marking     ] GC(1224) Concurrent Mark
[506.806s][info][gc,marking     ] GC(1224) Concurrent Mark From Roots
[506.806s][info][gc,task        ] GC(1224) Using 1 workers of 1 for marking
[507.211s][info][gc,start       ] GC(1225) Pause Young (Normal) (G1 Evacuation Pause)
[507.212s][info][gc,task        ] GC(1225) Using 2 workers of 2 for evacuation
[507.283s][info][gc,phases      ] GC(1225)   Pre Evacuate Collection Set: 0.29ms
[507.283s][info][gc,phases      ] GC(1225)   Merge Heap Roots: 0.33ms
[507.283s][info][gc,phases      ] GC(1225)   Evacuate Collection Set: 69.64ms
[507.283s][info][gc,phases      ] GC(1225)   Post Evacuate Collection Set: 0.61ms
[507.283s][info][gc,phases      ] GC(1225)   Other: 0.09ms
[507.283s][info][gc,heap        ] GC(1225) Eden regions: 221->0(178)
[507.283s][info][gc,heap        ] GC(1225) Survivor regions: 7->29(29)
[507.283s][info][gc,heap        ] GC(1225) Old regions: 658->681
[507.283s][info][gc,heap        ] GC(1225) Humongous regions: 11->11
[507.283s][info][gc,metaspace   ] GC(1225) Metaspace: 19085K(19328K)->19085K(19328K) NonClass: 16423K(16576K)->16423K(16576K) Class: 2661K(2752K)->2661K(2752K)
[507.283s][info][gc             ] GC(1225) Pause Young (Normal) (G1 Evacuation Pause) 896M->720M(978M) 71.211ms
[507.283s][info][gc,cpu         ] GC(1225) User=0.14s Sys=0.00s Real=0.07s
[507.524s][info][gc,start       ] GC(1226) Pause Young (Normal) (G1 Evacuation Pause)
[507.524s][info][gc,task        ] GC(1226) Using 2 workers of 2 for evacuation
[507.573s][info][gc,phases      ] GC(1226)   Pre Evacuate Collection Set: 0.28ms
[507.573s][info][gc,phases      ] GC(1226)   Merge Heap Roots: 0.36ms
[507.573s][info][gc,phases      ] GC(1226)   Evacuate Collection Set: 47.70ms
[507.573s][info][gc,phases      ] GC(1226)   Post Evacuate Collection Set: 0.40ms
[507.573s][info][gc,phases      ] GC(1226)   Other: 0.07ms
[507.573s][info][gc,heap        ] GC(1226) Eden regions: 178->0(185)
[507.573s][info][gc,heap        ] GC(1226) Survivor regions: 29->5(26)
[507.573s][info][gc,heap        ] GC(1226) Old regions: 681->711
[507.573s][info][gc,heap        ] GC(1226) Humongous regions: 11->11
[507.573s][info][gc,metaspace   ] GC(1226) Metaspace: 19085K(19328K)->19085K(19328K) NonClass: 16423K(16576K)->16423K(16576K) Class: 2661K(2752K)->2661K(2752K)
[507.573s][info][gc             ] GC(1226) Pause Young (Normal) (G1 Evacuation Pause) 898M->726M(978M) 49.076ms
[507.573s][info][gc,cpu         ] GC(1226) User=0.10s Sys=0.00s Real=0.05s
[507.868s][info][gc,start       ] GC(1227) Pause Young (Normal) (G1 Evacuation Pause)
[507.868s][info][gc,task        ] GC(1227) Using 2 workers of 2 for evacuation
[507.884s][info][gc,phases      ] GC(1227)   Pre Evacuate Collection Set: 0.27ms
[507.884s][info][gc,phases      ] GC(1227)   Merge Heap Roots: 0.20ms
[507.884s][info][gc,phases      ] GC(1227)   Evacuate Collection Set: 15.12ms
[507.884s][info][gc,phases      ] GC(1227)   Post Evacuate Collection Set: 0.38ms
[507.884s][info][gc,phases      ] GC(1227)   Other: 0.09ms
[507.884s][info][gc,heap        ] GC(1227) Eden regions: 185->0(188)
[507.884s][info][gc,heap        ] GC(1227) Survivor regions: 5->9(24)
[507.884s][info][gc,heap        ] GC(1227) Old regions: 711->711
[507.884s][info][gc,heap        ] GC(1227) Humongous regions: 11->11
[507.884s][info][gc,metaspace   ] GC(1227) Metaspace: 19085K(19328K)->19085K(19328K) NonClass: 16423K(16576K)->16423K(16576K) Class: 2661K(2752K)->2661K(2752K)
[507.884s][info][gc             ] GC(1227) Pause Young (Normal) (G1 Evacuation Pause) 911M->730M(978M) 16.257ms
[507.884s][info][gc,cpu         ] GC(1227) User=0.03s Sys=0.00s Real=0.01s
[508.097s][info][gc,marking     ] GC(1224) Concurrent Mark From Roots 1290.730ms
[508.097s][info][gc,marking     ] GC(1224) Concurrent Preclean
[508.097s][info][gc,marking     ] GC(1224) Concurrent Preclean 0.034ms
[508.097s][info][gc,start       ] GC(1224) Pause Remark
[508.105s][info][gc             ] GC(1224) Pause Remark 826M->757M(978M) 7.914ms
[508.105s][info][gc,cpu         ] GC(1224) User=0.01s Sys=0.00s Real=0.00s
[508.105s][info][gc,marking     ] GC(1224) Concurrent Mark 1298.965ms
[508.105s][info][gc,marking     ] GC(1224) Concurrent Rebuild Remembered Sets and Scrub Regions
[508.384s][info][gc,start       ] GC(1228) Pause Young (Normal) (G1 Evacuation Pause)
[508.384s][info][gc,task        ] GC(1228) Using 2 workers of 2 for evacuation
[508.419s][info][gc,phases      ] GC(1228)   Pre Evacuate Collection Set: 0.50ms
[508.419s][info][gc,phases      ] GC(1228)   Merge Heap Roots: 0.23ms
[508.419s][info][gc,phases      ] GC(1228)   Evacuate Collection Set: 33.47ms
[508.419s][info][gc,phases      ] GC(1228)   Post Evacuate Collection Set: 0.45ms
[508.419s][info][gc,phases      ] GC(1228)   Other: 0.08ms
[508.419s][info][gc,heap        ] GC(1228) Eden regions: 188->0(216)
[508.419s][info][gc,heap        ] GC(1228) Survivor regions: 9->25(25)
[508.419s][info][gc,heap        ] GC(1228) Old regions: 646->650
[508.419s][info][gc,heap        ] GC(1228) Humongous regions: 7->7
[508.419s][info][gc,metaspace   ] GC(1228) Metaspace: 19085K(19328K)->19085K(19328K) NonClass: 16423K(16576K)->16423K(16576K) Class: 2661K(2752K)->2661K(2752K)
[508.419s][info][gc             ] GC(1228) Pause Young (Normal) (G1 Evacuation Pause) 849M->681M(978M) 34.955ms
[508.419s][info][gc,cpu         ] GC(1228) User=0.07s Sys=0.00s Real=0.04s
[508.684s][info][gc,marking     ] GC(1224) Concurrent Rebuild Remembered Sets and Scrub Regions 579.384ms
[508.685s][info][gc,start       ] GC(1224) Pause Cleanup
[508.686s][info][gc             ] GC(1224) Pause Cleanup 772M->772M(978M) 0.221ms
[508.686s][info][gc,cpu         ] GC(1224) User=0.00s Sys=0.00s Real=0.00s
[508.686s][info][gc,marking     ] GC(1224) Concurrent Clear Claimed Marks
[508.686s][info][gc,marking     ] GC(1224) Concurrent Clear Claimed Marks 0.050ms
[508.686s][info][gc,marking     ] GC(1224) Concurrent Cleanup for Next Mark
[508.692s][info][gc,marking     ] GC(1224) Concurrent Cleanup for Next Mark 6.393ms
[508.692s][info][gc             ] GC(1224) Concurrent Mark Cycle 1941.495ms
[508.937s][info][gc,start       ] GC(1229) Pause Young (Prepare Mixed) (G1 Evacuation Pause)
[508.937s][info][gc,task        ] GC(1229) Using 2 workers of 2 for evacuation
[509.006s][info][gc,phases      ] GC(1229)   Pre Evacuate Collection Set: 0.50ms
[509.006s][info][gc,phases      ] GC(1229)   Merge Heap Roots: 0.55ms
[509.006s][info][gc,phases      ] GC(1229)   Evacuate Collection Set: 66.72ms
[509.006s][info][gc,phases      ] GC(1229)   Post Evacuate Collection Set: 0.55ms
[509.006s][info][gc,phases      ] GC(1229)   Other: 0.09ms
[509.006s][info][gc,heap        ] GC(1229) Eden regions: 216->0(183)
[509.006s][info][gc,heap        ] GC(1229) Survivor regions: 25->31(31)
[509.006s][info][gc,heap        ] GC(1229) Old regions: 650->676
[509.006s][info][gc,heap        ] GC(1229) Humongous regions: 7->7
[509.006s][info][gc,metaspace   ] GC(1229) Metaspace: 19085K(19328K)->19085K(19328K) NonClass: 16423K(16576K)->16423K(16576K) Class: 2661K(2752K)->2661K(2752K)
[509.006s][info][gc             ] GC(1229) Pause Young (Prepare Mixed) (G1 Evacuation Pause) 897M->713M(978M) 68.634ms
[509.006s][info][gc,cpu         ] GC(1229) User=0.14s Sys=0.00s Real=0.06s
[509.215s][info][gc,start       ] GC(1230) Pause Young (Mixed) (G1 Evacuation Pause)
[509.215s][info][gc,task        ] GC(1230) Using 2 workers of 2 for evacuation
[509.299s][info][gc,phases      ] GC(1230)   Pre Evacuate Collection Set: 0.34ms
[509.299s][info][gc,phases      ] GC(1230)   Merge Heap Roots: 0.36ms
[509.299s][info][gc,phases      ] GC(1230)   Evacuate Collection Set: 80.93ms
[509.299s][info][gc,phases      ] GC(1230)   Post Evacuate Collection Set: 2.26ms
[509.299s][info][gc,phases      ] GC(1230)   Other: 0.08ms
[509.299s][info][gc,heap        ] GC(1230) Eden regions: 183->0(189)
[509.299s][info][gc,heap        ] GC(1230) Survivor regions: 31->27(27)
[509.299s][info][gc,heap        ] GC(1230) Old regions: 676->661
[509.299s][info][gc,heap        ] GC(1230) Humongous regions: 7->7
[509.299s][info][gc,metaspace   ] GC(1230) Metaspace: 19085K(19328K)->19085K(19328K) NonClass: 16423K(16576K)->16423K(16576K) Class: 2661K(2752K)->2661K(2752K)
[509.299s][info][gc             ] GC(1230) Pause Young (Mixed) (G1 Evacuation Pause) (Evacuation Failure: Allocation) 896M->694M(978M) 84.195ms
[509.299s][info][gc,cpu         ] GC(1230) User=0.17s Sys=0.00s Real=0.09s
[509.569s][info][gc,start       ] GC(1231) Pause Young (Mixed) (G1 Evacuation Pause)
[509.569s][info][gc,task        ] GC(1231) Using 2 workers of 2 for evacuation
[509.724s][info][gc,phases      ] GC(1231)   Pre Evacuate Collection Set: 0.56ms
[509.724s][info][gc,phases      ] GC(1231)   Merge Heap Roots: 1.28ms
[509.724s][info][gc,phases      ] GC(1231)   Evacuate Collection Set: 126.97ms
[509.724s][info][gc,phases      ] GC(1231)   Merge Optional Heap Roots: 0.31ms
[509.724s][info][gc,phases      ] GC(1231)   Evacuate Optional Collection Set: 21.63ms
[509.724s][info][gc,phases      ] GC(1231)   Post Evacuate Collection Set: 3.94ms
[509.724s][info][gc,phases      ] GC(1231)   Other: 0.04ms
[509.724s][info][gc,heap        ] GC(1231) Eden regions: 189->0(196)
[509.724s][info][gc,heap        ] GC(1231) Survivor regions: 27->27(27)
[509.724s][info][gc,heap        ] GC(1231) Old regions: 661->645
[509.724s][info][gc,heap        ] GC(1231) Humongous regions: 10->10
[509.724s][info][gc,metaspace   ] GC(1231) Metaspace: 19085K(19328K)->19085K(19328K) NonClass: 16423K(16576K)->16423K(16576K) Class: 2661K(2752K)->2661K(2752K)
[509.724s][info][gc             ] GC(1231) Pause Young (Mixed) (G1 Evacuation Pause) (Evacuation Failure: Allocation) 886M->681M(978M) 154.996ms
[509.724s][info][gc,cpu         ] GC(1231) User=0.31s Sys=0.00s Real=0.15s
[509.986s][info][gc,start       ] GC(1232) Pause Young (Mixed) (G1 Evacuation Pause)
[509.986s][info][gc,task        ] GC(1232) Using 2 workers of 2 for evacuation
[510.143s][info][gc,phases      ] GC(1232)   Pre Evacuate Collection Set: 0.32ms
[510.143s][info][gc,phases      ] GC(1232)   Merge Heap Roots: 1.80ms
[510.143s][info][gc,phases      ] GC(1232)   Evacuate Collection Set: 153.61ms
[510.143s][info][gc,phases      ] GC(1232)   Post Evacuate Collection Set: 0.59ms
[510.143s][info][gc,phases      ] GC(1232)   Other: 0.13ms
[510.143s][info][gc,heap        ] GC(1232) Eden regions: 196->0(198)
[510.143s][info][gc,heap        ] GC(1232) Survivor regions: 27->28(28)
[510.143s][info][gc,heap        ] GC(1232) Old regions: 645->641
[510.143s][info][gc,heap        ] GC(1232) Humongous regions: 10->10
[510.143s][info][gc,metaspace   ] GC(1232) Metaspace: 19085K(19328K)->19085K(19328K) NonClass: 16423K(16576K)->16423K(16576K) Class: 2661K(2752K)->2661K(2752K)
[510.143s][info][gc             ] GC(1232) Pause Young (Mixed) (G1 Evacuation Pause) 877M->678M(978M) 156.716ms
[510.143s][info][gc,cpu         ] GC(1232) User=0.31s Sys=0.00s Real=0.16s
[510.331s][info][gc,start       ] GC(1233) Pause Young (Concurrent Start) (G1 Evacuation Pause)
[510.331s][info][gc,task        ] GC(1233) Using 2 workers of 2 for evacuation
[510.363s][info][gc,phases      ] GC(1233)   Pre Evacuate Collection Set: 0.34ms
[510.363s][info][gc,phases      ] GC(1233)   Merge Heap Roots: 0.18ms
[510.363s][info][gc,phases      ] GC(1233)   Evacuate Collection Set: 30.44ms
[510.363s][info][gc,phases      ] GC(1233)   Post Evacuate Collection Set: 0.44ms
[510.363s][info][gc,phases      ] GC(1233)   Other: 0.23ms
[510.363s][info][gc,heap        ] GC(1233) Eden regions: 198->0(211)
[510.363s][info][gc,heap        ] GC(1233) Survivor regions: 28->1(29)
[510.363s][info][gc,heap        ] GC(1233) Old regions: 641->670
[510.363s][info][gc,heap        ] GC(1233) Humongous regions: 10->10
[510.363s][info][gc,metaspace   ] GC(1233) Metaspace: 19085K(19328K)->19085K(19328K) NonClass: 16423K(16576K)->16423K(16576K) Class: 2661K(2752K)->2661K(2752K)
[510.363s][info][gc             ] GC(1233) Pause Young (Concurrent Start) (G1 Evacuation Pause) 876M->680M(978M) 31.851ms
[510.363s][info][gc,cpu         ] GC(1233) User=0.06s Sys=0.00s Real=0.03s
[510.363s][info][gc             ] GC(1234) Concurrent Mark Cycle
[510.363s][info][gc,marking     ] GC(1234) Concurrent Scan Root Regions
[510.421s][info][gc,marking     ] GC(1234) Concurrent Scan Root Regions 57.936ms
[510.421s][info][gc,marking     ] GC(1234) Concurrent Mark
[510.421s][info][gc,marking     ] GC(1234) Concurrent Mark From Roots
[510.421s][info][gc,task        ] GC(1234) Using 1 workers of 1 for marking
[510.777s][info][gc,start       ] GC(1235) Pause Young (Normal) (G1 Evacuation Pause)
[510.777s][info][gc,task        ] GC(1235) Using 2 workers of 2 for evacuation
[510.800s][info][gc,phases      ] GC(1235)   Pre Evacuate Collection Set: 0.33ms
[510.800s][info][gc,phases      ] GC(1235)   Merge Heap Roots: 0.34ms
[510.800s][info][gc,phases      ] GC(1235)   Evacuate Collection Set: 21.23ms
[510.800s][info][gc,phases      ] GC(1235)   Post Evacuate Collection Set: 0.46ms
[510.800s][info][gc,phases      ] GC(1235)   Other: 0.07ms
[510.800s][info][gc,heap        ] GC(1235) Eden regions: 211->0(207)
[510.800s][info][gc,heap        ] GC(1235) Survivor regions: 1->14(27)
[510.800s][info][gc,heap        ] GC(1235) Old regions: 670->670
[510.800s][info][gc,heap        ] GC(1235) Humongous regions: 10->10
[510.800s][info][gc,metaspace   ] GC(1235) Metaspace: 19085K(19328K)->19085K(19328K) NonClass: 16423K(16576K)->16423K(16576K) Class: 2661K(2752K)->2661K(2752K)
[510.800s][info][gc             ] GC(1235) Pause Young (Normal) (G1 Evacuation Pause) 891M->693M(978M) 22.681ms
[510.800s][info][gc,cpu         ] GC(1235) User=0.04s Sys=0.00s Real=0.02s
[511.561s][info][gc,start       ] GC(1236) Pause Young (Normal) (G1 Evacuation Pause)
[511.561s][info][gc,task        ] GC(1236) Using 2 workers of 2 for evacuation
[511.598s][info][gc,phases      ] GC(1236)   Pre Evacuate Collection Set: 0.50ms
[511.598s][info][gc,phases      ] GC(1236)   Merge Heap Roots: 0.26ms
[511.598s][info][gc,phases      ] GC(1236)   Evacuate Collection Set: 35.16ms
[511.598s][info][gc,phases      ] GC(1236)   Post Evacuate Collection Set: 0.47ms
[511.598s][info][gc,phases      ] GC(1236)   Other: 0.08ms
[511.598s][info][gc,heap        ] GC(1236) Eden regions: 207->0(189)
[511.598s][info][gc,heap        ] GC(1236) Survivor regions: 14->28(28)
[511.598s][info][gc,heap        ] GC(1236) Old regions: 670->673
[511.598s][info][gc,heap        ] GC(1236) Humongous regions: 10->10
[511.598s][info][gc,metaspace   ] GC(1236) Metaspace: 19085K(19328K)->19085K(19328K) NonClass: 16423K(16576K)->16423K(16576K) Class: 2661K(2752K)->2661K(2752K)
[511.598s][info][gc             ] GC(1236) Pause Young (Normal) (G1 Evacuation Pause) 900M->710M(978M) 36.718ms
[511.598s][info][gc,cpu         ] GC(1236) User=0.07s Sys=0.00s Real=0.04s
[511.819s][info][gc,marking     ] GC(1234) Concurrent Mark From Roots 1397.711ms
[511.819s][info][gc,marking     ] GC(1234) Concurrent Preclean
[511.819s][info][gc,marking     ] GC(1234) Concurrent Preclean 0.045ms
[511.819s][info][gc,start       ] GC(1234) Pause Remark
[511.827s][info][gc             ] GC(1234) Pause Remark 784M->670M(978M) 8.056ms
[511.827s][info][gc,cpu         ] GC(1234) User=0.01s Sys=0.00s Real=0.01s
[511.829s][info][gc,marking     ] GC(1234) Concurrent Mark 1407.938ms
[511.829s][info][gc,marking     ] GC(1234) Concurrent Rebuild Remembered Sets and Scrub Regions
[512.225s][info][gc,start       ] GC(1237) Pause Young (Normal) (G1 Evacuation Pause)
[512.225s][info][gc,task        ] GC(1237) Using 2 workers of 2 for evacuation
[512.255s][info][gc,phases      ] GC(1237)   Pre Evacuate Collection Set: 0.27ms
[512.255s][info][gc,phases      ] GC(1237)   Merge Heap Roots: 0.22ms
[512.255s][info][gc,phases      ] GC(1237)   Evacuate Collection Set: 28.74ms
[512.255s][info][gc,phases      ] GC(1237)   Post Evacuate Collection Set: 0.39ms
[512.255s][info][gc,phases      ] GC(1237)   Other: 0.08ms
[512.255s][info][gc,heap        ] GC(1237) Eden regions: 189->0(288)
[512.255s][info][gc,heap        ] GC(1237) Survivor regions: 28->1(28)
[512.255s][info][gc,heap        ] GC(1237) Old regions: 563->591
[512.255s][info][gc,heap        ] GC(1237) Humongous regions: 6->6
[512.255s][info][gc,metaspace   ] GC(1237) Metaspace: 19085K(19328K)->19085K(19328K) NonClass: 16423K(16576K)->16423K(16576K) Class: 2661K(2752K)->2661K(2752K)
[512.255s][info][gc             ] GC(1237) Pause Young (Normal) (G1 Evacuation Pause) 785M->597M(978M) 29.939ms
[512.255s][info][gc,cpu         ] GC(1237) User=0.06s Sys=0.00s Real=0.03s
[512.340s][info][gc,marking     ] GC(1234) Concurrent Rebuild Remembered Sets and Scrub Regions 510.488ms
[512.340s][info][gc,start       ] GC(1234) Pause Cleanup
[512.340s][info][gc             ] GC(1234) Pause Cleanup 619M->619M(978M) 0.096ms
[512.340s][info][gc,cpu         ] GC(1234) User=0.00s Sys=0.00s Real=0.00s
[512.340s][info][gc,marking     ] GC(1234) Concurrent Clear Claimed Marks
[512.340s][info][gc,marking     ] GC(1234) Concurrent Clear Claimed Marks 0.031ms
[512.340s][info][gc,marking     ] GC(1234) Concurrent Cleanup for Next Mark
[512.343s][info][gc,marking     ] GC(1234) Concurrent Cleanup for Next Mark 2.866ms
[512.343s][info][gc             ] GC(1234) Concurrent Mark Cycle 1979.763ms
[512.780s][info][gc,start       ] GC(1238) Pause Young (Prepare Mixed) (G1 Evacuation Pause)
[512.780s][info][gc,task        ] GC(1238) Using 2 workers of 2 for evacuation
[512.823s][info][gc,phases      ] GC(1238)   Pre Evacuate Collection Set: 0.28ms
[512.823s][info][gc,phases      ] GC(1238)   Merge Heap Roots: 0.41ms
[512.823s][info][gc,phases      ] GC(1238)   Evacuate Collection Set: 41.73ms
[512.823s][info][gc,phases      ] GC(1238)   Post Evacuate Collection Set: 0.54ms
[512.823s][info][gc,phases      ] GC(1238)   Other: 0.12ms
[512.823s][info][gc,heap        ] GC(1238) Eden regions: 288->0(253)
[512.823s][info][gc,heap        ] GC(1238) Survivor regions: 1->35(37)
[512.823s][info][gc,heap        ] GC(1238) Old regions: 591->591
[512.823s][info][gc,heap        ] GC(1238) Humongous regions: 6->6
[512.823s][info][gc,metaspace   ] GC(1238) Metaspace: 19085K(19328K)->19085K(19328K) NonClass: 16423K(16576K)->16423K(16576K) Class: 2661K(2752K)->2661K(2752K)
[512.823s][info][gc             ] GC(1238) Pause Young (Prepare Mixed) (G1 Evacuation Pause) 885M->631M(978M) 43.347ms
[512.823s][info][gc,cpu         ] GC(1238) User=0.08s Sys=0.00s Real=0.04s
[513.118s][info][gc,start       ] GC(1239) Pause Young (Mixed) (G1 Evacuation Pause)
[513.118s][info][gc,task        ] GC(1239) Using 2 workers of 2 for evacuation
[513.180s][info][gc,phases      ] GC(1239)   Pre Evacuate Collection Set: 0.51ms
[513.180s][info][gc,phases      ] GC(1239)   Merge Heap Roots: 0.17ms
[513.180s][info][gc,phases      ] GC(1239)   Evacuate Collection Set: 60.89ms
[513.180s][info][gc,phases      ] GC(1239)   Post Evacuate Collection Set: 0.59ms
[513.180s][info][gc,phases      ] GC(1239)   Other: 0.08ms
[513.180s][info][gc,heap        ] GC(1239) Eden regions: 253->0(243)
[513.180s][info][gc,heap        ] GC(1239) Survivor regions: 35->36(36)
[513.180s][info][gc,heap        ] GC(1239) Old regions: 591->593
[513.180s][info][gc,heap        ] GC(1239) Humongous regions: 6->6
[513.180s][info][gc,metaspace   ] GC(1239) Metaspace: 19085K(19328K)->19085K(19328K) NonClass: 16423K(16576K)->16423K(16576K) Class: 2661K(2752K)->2661K(2752K)
[513.180s][info][gc             ] GC(1239) Pause Young (Mixed) (G1 Evacuation Pause) 884M->634M(978M) 62.453ms
[513.180s][info][gc,cpu         ] GC(1239) User=0.13s Sys=0.00s Real=0.06s
[513.258s][info][gc,start       ] GC(1240) Pause Young (Concurrent Start) (G1 Humongous Allocation)
[513.259s][info][gc,task        ] GC(1240) Using 2 workers of 2 for evacuation
[513.300s][info][gc,phases      ] GC(1240)   Pre Evacuate Collection Set: 0.28ms
[513.300s][info][gc,phases      ] GC(1240)   Merge Heap Roots: 0.20ms
[513.300s][info][gc,phases      ] GC(1240)   Evacuate Collection Set: 40.55ms
[513.300s][info][gc,phases      ] GC(1240)   Post Evacuate Collection Set: 0.42ms
[513.300s][info][gc,phases      ] GC(1240)   Other: 0.09ms
[513.300s][info][gc,heap        ] GC(1240) Eden regions: 40->0(249)
[513.300s][info][gc,heap        ] GC(1240) Survivor regions: 36->6(35)
[513.300s][info][gc,heap        ] GC(1240) Old regions: 593->630
[513.300s][info][gc,heap        ] GC(1240) Humongous regions: 6->6
[513.300s][info][gc,metaspace   ] GC(1240) Metaspace: 19085K(19328K)->19085K(19328K) NonClass: 16423K(16576K)->16423K(16576K) Class: 2661K(2752K)->2661K(2752K)
[513.300s][info][gc             ] GC(1240) Pause Young (Concurrent Start) (G1 Humongous Allocation) 674M->640M(978M) 41.789ms
[513.300s][info][gc,cpu         ] GC(1240) User=0.08s Sys=0.00s Real=0.04s
[513.300s][info][gc             ] GC(1241) Concurrent Mark Cycle
[513.300s][info][gc,marking     ] GC(1241) Concurrent Scan Root Regions
[513.355s][info][gc,marking     ] GC(1241) Concurrent Scan Root Regions 54.893ms
[513.355s][info][gc,marking     ] GC(1241) Concurrent Mark
[513.355s][info][gc,marking     ] GC(1241) Concurrent Mark From Roots
[513.355s][info][gc,task        ] GC(1241) Using 1 workers of 1 for marking
[513.805s][info][gc,start       ] GC(1242) Pause Young (Normal) (G1 Evacuation Pause)
[513.806s][info][gc,task        ] GC(1242) Using 2 workers of 2 for evacuation
[513.874s][info][gc,phases      ] GC(1242)   Pre Evacuate Collection Set: 0.49ms
[513.874s][info][gc,phases      ] GC(1242)   Merge Heap Roots: 0.30ms
[513.874s][info][gc,phases      ] GC(1242)   Evacuate Collection Set: 66.53ms
[513.874s][info][gc,phases      ] GC(1242)   Post Evacuate Collection Set: 0.61ms
[513.874s][info][gc,phases      ] GC(1242)   Other: 0.08ms
[513.874s][info][gc,heap        ] GC(1242) Eden regions: 249->0(206)
[513.874s][info][gc,heap        ] GC(1242) Survivor regions: 6->32(32)
[513.874s][info][gc,heap        ] GC(1242) Old regions: 630->649
[513.874s][info][gc,heap        ] GC(1242) Humongous regions: 9->9
[513.874s][info][gc,metaspace   ] GC(1242) Metaspace: 19085K(19328K)->19085K(19328K) NonClass: 16423K(16576K)->16423K(16576K) Class: 2661K(2752K)->2661K(2752K)
[513.874s][info][gc             ] GC(1242) Pause Young (Normal) (G1 Evacuation Pause) 892M->689M(978M) 68.285ms
[513.874s][info][gc,cpu         ] GC(1242) User=0.13s Sys=0.00s Real=0.07s
[514.213s][info][gc,start       ] GC(1243) Pause Young (Normal) (G1 Evacuation Pause)
[514.213s][info][gc,task        ] GC(1243) Using 2 workers of 2 for evacuation
[514.264s][info][gc,phases      ] GC(1243)   Pre Evacuate Collection Set: 0.28ms
[514.264s][info][gc,phases      ] GC(1243)   Merge Heap Roots: 0.36ms
[514.264s][info][gc,phases      ] GC(1243)   Evacuate Collection Set: 49.44ms
[514.264s][info][gc,phases      ] GC(1243)   Post Evacuate Collection Set: 0.46ms
[514.264s][info][gc,phases      ] GC(1243)   Other: 0.10ms
[514.264s][info][gc,heap        ] GC(1243) Eden regions: 206->0(213)
[514.264s][info][gc,heap        ] GC(1243) Survivor regions: 32->5(30)
[514.264s][info][gc,heap        ] GC(1243) Old regions: 649->682
[514.264s][info][gc,heap        ] GC(1243) Humongous regions: 9->9
[514.264s][info][gc,metaspace   ] GC(1243) Metaspace: 19085K(19328K)->19085K(19328K) NonClass: 16423K(16576K)->16423K(16576K) Class: 2661K(2752K)->2661K(2752K)
[514.264s][info][gc             ] GC(1243) Pause Young (Normal) (G1 Evacuation Pause) 895M->694M(978M) 50.891ms
[514.264s][info][gc,cpu         ] GC(1243) User=0.10s Sys=0.00s Real=0.05s
[514.643s][info][gc,start       ] GC(1244) Pause Young (Normal) (G1 Evacuation Pause)
[514.643s][info][gc,task        ] GC(1244) Using 2 workers of 2 for evacuation
[514.678s][info][gc,phases      ] GC(1244)   Pre Evacuate Collection Set: 0.26ms
[514.678s][info][gc,phases      ] GC(1244)   Merge Heap Roots: 0.53ms
[514.678s][info][gc,phases      ] GC(1244)   Evacuate Collection Set: 33.15ms
[514.678s][info][gc,phases      ] GC(1244)   Post Evacuate Collection Set: 0.44ms
[514.678s][info][gc,phases      ] GC(1244)   Other: 0.09ms
[514.678s][info][gc,heap        ] GC(1244) Eden regions: 213->0(207)
[514.678s][info][gc,heap        ] GC(1244) Survivor regions: 5->15(28)
[514.678s][info][gc,heap        ] GC(1244) Old regions: 682->682
[514.678s][info][gc,heap        ] GC(1244) Humongous regions: 9->9
[514.678s][info][gc,metaspace   ] GC(1244) Metaspace: 19085K(19328K)->19085K(19328K) NonClass: 16423K(16576K)->16423K(16576K) Class: 2661K(2752K)->2661K(2752K)
[514.678s][info][gc             ] GC(1244) Pause Young (Normal) (G1 Evacuation Pause) 907M->705M(978M) 34.708ms
[514.678s][info][gc,cpu         ] GC(1244) User=0.07s Sys=0.00s Real=0.04s
[515.060s][info][gc,marking     ] GC(1241) Concurrent Mark From Roots 1704.293ms
[515.060s][info][gc,marking     ] GC(1241) Concurrent Preclean
[515.060s][info][gc,marking     ] GC(1241) Concurrent Preclean 0.046ms
[515.060s][info][gc,start       ] GC(1241) Pause Remark
[515.068s][info][gc             ] GC(1241) Pause Remark 861M->852M(978M) 7.703ms
[515.068s][info][gc,cpu         ] GC(1241) User=0.02s Sys=0.00s Real=0.01s
[515.068s][info][gc,marking     ] GC(1241) Concurrent Mark 1712.370ms
[515.068s][info][gc,marking     ] GC(1241) Concurrent Rebuild Remembered Sets and Scrub Regions
[515.198s][info][gc,start       ] GC(1245) Pause Young (Normal) (G1 Evacuation Pause)
[515.198s][info][gc,task        ] GC(1245) Using 2 workers of 2 for evacuation
[515.248s][info][gc,phases      ] GC(1245)   Pre Evacuate Collection Set: 0.27ms
[515.248s][info][gc,phases      ] GC(1245)   Merge Heap Roots: 0.27ms
[515.248s][info][gc,phases      ] GC(1245)   Evacuate Collection Set: 48.02ms
[515.248s][info][gc,phases      ] GC(1245)   Post Evacuate Collection Set: 0.46ms
[515.248s][info][gc,phases      ] GC(1245)   Other: 0.10ms
[515.248s][info][gc,heap        ] GC(1245) Eden regions: 207->0(176)
[515.248s][info][gc,heap        ] GC(1245) Survivor regions: 15->28(28)
[515.248s][info][gc,heap        ] GC(1245) Old regions: 673->687
[515.248s][info][gc,heap        ] GC(1245) Humongous regions: 9->9
[515.248s][info][gc,metaspace   ] GC(1245) Metaspace: 19085K(19328K)->19085K(19328K) NonClass: 16423K(16576K)->16423K(16576K) Class: 2661K(2752K)->2661K(2752K)
[515.248s][info][gc             ] GC(1245) Pause Young (Normal) (G1 Evacuation Pause) 903M->723M(978M) 49.356ms
[515.248s][info][gc,cpu         ] GC(1245) User=0.09s Sys=0.00s Real=0.05s
[515.669s][info][gc,start       ] GC(1246) Pause Young (Normal) (G1 Evacuation Pause)
[515.669s][info][gc,task        ] GC(1246) Using 2 workers of 2 for evacuation
[515.711s][info][gc,phases      ] GC(1246)   Pre Evacuate Collection Set: 0.50ms
[515.711s][info][gc,phases      ] GC(1246)   Merge Heap Roots: 0.26ms
[515.711s][info][gc,phases      ] GC(1246)   Evacuate Collection Set: 41.26ms
[515.711s][info][gc,phases      ] GC(1246)   Post Evacuate Collection Set: 0.43ms
[515.711s][info][gc,phases      ] GC(1246)   Other: 0.10ms
[515.711s][info][gc,heap        ] GC(1246) Eden regions: 176->0(177)
[515.711s][info][gc,heap        ] GC(1246) Survivor regions: 28->13(26)
[515.711s][info][gc,heap        ] GC(1246) Old regions: 687->716
[515.711s][info][gc,heap        ] GC(1246) Humongous regions: 9->9
[515.711s][info][gc,metaspace   ] GC(1246) Metaspace: 19085K(19328K)->19085K(19328K) NonClass: 16423K(16576K)->16423K(16576K) Class: 2661K(2752K)->2661K(2752K)
[515.711s][info][gc             ] GC(1246) Pause Young (Normal) (G1 Evacuation Pause) 899M->736M(978M) 42.793ms
[515.711s][info][gc,cpu         ] GC(1246) User=0.08s Sys=0.00s Real=0.04s
[515.716s][info][gc,marking     ] GC(1241) Concurrent Rebuild Remembered Sets and Scrub Regions 648.683ms
[515.717s][info][gc,start       ] GC(1241) Pause Cleanup
[515.717s][info][gc             ] GC(1241) Pause Cleanup 738M->738M(978M) 0.092ms
[515.717s][info][gc,cpu         ] GC(1241) User=0.00s Sys=0.00s Real=0.00s
[515.717s][info][gc,marking     ] GC(1241) Concurrent Clear Claimed Marks
[515.717s][info][gc,marking     ] GC(1241) Concurrent Clear Claimed Marks 0.030ms
[515.717s][info][gc,marking     ] GC(1241) Concurrent Cleanup for Next Mark
[515.722s][info][gc,marking     ] GC(1241) Concurrent Cleanup for Next Mark 5.213ms
[515.722s][info][gc             ] GC(1241) Concurrent Mark Cycle 2421.840ms
[515.911s][info][gc,start       ] GC(1247) Pause Young (Prepare Mixed) (G1 Evacuation Pause)
[515.911s][info][gc,task        ] GC(1247) Using 2 workers of 2 for evacuation
[515.950s][info][gc,phases      ] GC(1247)   Pre Evacuate Collection Set: 0.52ms
[515.950s][info][gc,phases      ] GC(1247)   Merge Heap Roots: 0.12ms
[515.950s][info][gc,phases      ] GC(1247)   Evacuate Collection Set: 37.28ms
[515.950s][info][gc,phases      ] GC(1247)   Post Evacuate Collection Set: 0.52ms
[515.950s][info][gc,phases      ] GC(1247)   Other: 0.10ms
[515.950s][info][gc,heap        ] GC(1247) Eden regions: 177->0(144)
[515.950s][info][gc,heap        ] GC(1247) Survivor regions: 13->24(24)
[515.950s][info][gc,heap        ] GC(1247) Old regions: 716->727
[515.950s][info][gc,heap        ] GC(1247) Humongous regions: 9->9
[515.950s][info][gc,metaspace   ] GC(1247) Metaspace: 19085K(19328K)->19085K(19328K) NonClass: 16423K(16576K)->16423K(16576K) Class: 2661K(2752K)->2661K(2752K)
[515.950s][info][gc             ] GC(1247) Pause Young (Prepare Mixed) (G1 Evacuation Pause) 913M->759M(978M) 38.790ms
[515.950s][info][gc,cpu         ] GC(1247) User=0.07s Sys=0.00s Real=0.04s
[516.101s][info][gc,start       ] GC(1248) Pause Young (Mixed) (G1 Evacuation Pause)
[516.101s][info][gc,task        ] GC(1248) Using 2 workers of 2 for evacuation
[516.137s][info][gc,phases      ] GC(1248)   Pre Evacuate Collection Set: 0.33ms
[516.137s][info][gc,phases      ] GC(1248)   Merge Heap Roots: 0.23ms
[516.137s][info][gc,phases      ] GC(1248)   Evacuate Collection Set: 34.69ms
[516.137s][info][gc,phases      ] GC(1248)   Post Evacuate Collection Set: 0.40ms
[516.137s][info][gc,phases      ] GC(1248)   Other: 0.09ms
[516.137s][info][gc,heap        ] GC(1248) Eden regions: 144->0(166)
[516.137s][info][gc,heap        ] GC(1248) Survivor regions: 24->8(21)
[516.137s][info][gc,heap        ] GC(1248) Old regions: 727->737
[516.137s][info][gc,heap        ] GC(1248) Humongous regions: 9->9
[516.137s][info][gc,metaspace   ] GC(1248) Metaspace: 19085K(19328K)->19085K(19328K) NonClass: 16423K(16576K)->16423K(16576K) Class: 2661K(2752K)->2661K(2752K)
[516.137s][info][gc             ] GC(1248) Pause Young (Mixed) (G1 Evacuation Pause) 903M->753M(978M) 36.033ms
[516.137s][info][gc,cpu         ] GC(1248) User=0.07s Sys=0.00s Real=0.04s
[516.480s][info][gc,start       ] GC(1249) Pause Young (Concurrent Start) (G1 Evacuation Pause)
[516.480s][info][gc,task        ] GC(1249) Using 2 workers of 2 for evacuation
[516.492s][info][gc,phases      ] GC(1249)   Pre Evacuate Collection Set: 0.38ms
[516.493s][info][gc,phases      ] GC(1249)   Merge Heap Roots: 0.14ms
[516.493s][info][gc,phases      ] GC(1249)   Evacuate Collection Set: 11.18ms
[516.493s][info][gc,phases      ] GC(1249)   Post Evacuate Collection Set: 0.42ms
[516.493s][info][gc,phases      ] GC(1249)   Other: 0.24ms
[516.493s][info][gc,heap        ] GC(1249) Eden regions: 166->0(162)
[516.493s][info][gc,heap        ] GC(1249) Survivor regions: 8->10(22)
[516.493s][info][gc,heap        ] GC(1249) Old regions: 737->737
[516.493s][info][gc,heap        ] GC(1249) Humongous regions: 9->9
[516.493s][info][gc,metaspace   ] GC(1249) Metaspace: 19085K(19328K)->19085K(19328K) NonClass: 16423K(16576K)->16423K(16576K) Class: 2661K(2752K)->2661K(2752K)
[516.493s][info][gc             ] GC(1249) Pause Young (Concurrent Start) (G1 Evacuation Pause) 919M->755M(978M) 12.586ms
[516.493s][info][gc,cpu         ] GC(1249) User=0.02s Sys=0.00s Real=0.01s
[516.493s][info][gc             ] GC(1250) Concurrent Mark Cycle
[516.493s][info][gc,marking     ] GC(1250) Concurrent Scan Root Regions
[516.509s][info][gc,marking     ] GC(1250) Concurrent Scan Root Regions 16.614ms
[516.509s][info][gc,marking     ] GC(1250) Concurrent Mark
[516.509s][info][gc,marking     ] GC(1250) Concurrent Mark From Roots
[516.509s][info][gc,task        ] GC(1250) Using 1 workers of 1 for marking
[516.831s][info][gc,start       ] GC(1251) Pause Young (Normal) (G1 Evacuation Pause)
[516.832s][info][gc,task        ] GC(1251) Using 2 workers of 2 for evacuation
[516.857s][info][gc,phases      ] GC(1251)   Pre Evacuate Collection Set: 0.50ms
[516.857s][info][gc,phases      ] GC(1251)   Merge Heap Roots: 0.12ms
[516.857s][info][gc,phases      ] GC(1251)   Evacuate Collection Set: 23.91ms
[516.857s][info][gc,phases      ] GC(1251)   Post Evacuate Collection Set: 0.44ms
[516.857s][info][gc,phases      ] GC(1251)   Other: 0.10ms
[516.857s][info][gc,heap        ] GC(1251) Eden regions: 162->0(136)
[516.857s][info][gc,heap        ] GC(1251) Survivor regions: 10->22(22)
[516.857s][info][gc,heap        ] GC(1251) Old regions: 737->739
[516.857s][info][gc,heap        ] GC(1251) Humongous regions: 9->9
[516.857s][info][gc,metaspace   ] GC(1251) Metaspace: 19085K(19328K)->19085K(19328K) NonClass: 16423K(16576K)->16423K(16576K) Class: 2661K(2752K)->2661K(2752K)
[516.857s][info][gc             ] GC(1251) Pause Young (Normal) (G1 Evacuation Pause) 917M->769M(978M) 25.292ms
[516.857s][info][gc,cpu         ] GC(1251) User=0.05s Sys=0.00s Real=0.03s
[517.138s][info][gc,start       ] GC(1252) Pause Young (Normal) (G1 Evacuation Pause)
[517.138s][info][gc,task        ] GC(1252) Using 2 workers of 2 for evacuation
[517.176s][info][gc,phases      ] GC(1252)   Pre Evacuate Collection Set: 0.51ms
[517.176s][info][gc,phases      ] GC(1252)   Merge Heap Roots: 0.12ms
[517.176s][info][gc,phases      ] GC(1252)   Evacuate Collection Set: 37.21ms
[517.176s][info][gc,phases      ] GC(1252)   Post Evacuate Collection Set: 0.38ms
[517.176s][info][gc,phases      ] GC(1252)   Other: 0.09ms
[517.176s][info][gc,heap        ] GC(1252) Eden regions: 136->0(121)
[517.176s][info][gc,heap        ] GC(1252) Survivor regions: 22->18(20)
[517.176s][info][gc,heap        ] GC(1252) Old regions: 739->762
[517.176s][info][gc,heap        ] GC(1252) Humongous regions: 9->9
[517.176s][info][gc,metaspace   ] GC(1252) Metaspace: 19085K(19328K)->19085K(19328K) NonClass: 16423K(16576K)->16423K(16576K) Class: 2661K(2752K)->2661K(2752K)
[517.176s][info][gc             ] GC(1252) Pause Young (Normal) (G1 Evacuation Pause) 905M->788M(978M) 38.525ms
[517.177s][info][gc,cpu         ] GC(1252) User=0.07s Sys=0.00s Real=0.04s
[517.362s][info][gc,start       ] GC(1253) Pause Young (Normal) (G1 Evacuation Pause)
[517.363s][info][gc,task        ] GC(1253) Using 2 workers of 2 for evacuation
[517.409s][info][gc,phases      ] GC(1253)   Pre Evacuate Collection Set: 0.28ms
[517.409s][info][gc,phases      ] GC(1253)   Merge Heap Roots: 0.07ms
[517.409s][info][gc,phases      ] GC(1253)   Evacuate Collection Set: 45.24ms
[517.409s][info][gc,phases      ] GC(1253)   Post Evacuate Collection Set: 0.47ms
[517.409s][info][gc,phases      ] GC(1253)   Other: 0.09ms
[517.409s][info][gc,heap        ] GC(1253) Eden regions: 121->0(83)
[517.409s][info][gc,heap        ] GC(1253) Survivor regions: 18->18(18)
[517.409s][info][gc,heap        ] GC(1253) Old regions: 762->800
[517.409s][info][gc,heap        ] GC(1253) Humongous regions: 9->9
[517.409s][info][gc,metaspace   ] GC(1253) Metaspace: 19085K(19328K)->19085K(19328K) NonClass: 16423K(16576K)->16423K(16576K) Class: 2661K(2752K)->2661K(2752K)
[517.409s][info][gc             ] GC(1253) Pause Young (Normal) (G1 Evacuation Pause) 909M->826M(978M) 46.398ms
[517.409s][info][gc,cpu         ] GC(1253) User=0.09s Sys=0.00s Real=0.05s
[517.609s][info][gc,start       ] GC(1254) Pause Young (Normal) (G1 Evacuation Pause)
[517.609s][info][gc,task        ] GC(1254) Using 2 workers of 2 for evacuation
[517.646s][info][gc,phases      ] GC(1254)   Pre Evacuate Collection Set: 0.50ms
[517.646s][info][gc,phases      ] GC(1254)   Merge Heap Roots: 0.30ms
[517.646s][info][gc,phases      ] GC(1254)   Evacuate Collection Set: 34.85ms
[517.646s][info][gc,phases      ] GC(1254)   Post Evacuate Collection Set: 0.40ms
[517.646s][info][gc,phases      ] GC(1254)   Other: 0.09ms
[517.646s][info][gc,heap        ] GC(1254) Eden regions: 83->0(72)
[517.646s][info][gc,heap        ] GC(1254) Survivor regions: 18->13(13)
[517.646s][info][gc,heap        ] GC(1254) Old regions: 800->821
[517.646s][info][gc,heap        ] GC(1254) Humongous regions: 9->9
[517.646s][info][gc,metaspace   ] GC(1254) Metaspace: 19085K(19328K)->19085K(19328K) NonClass: 16423K(16576K)->16423K(16576K) Class: 2661K(2752K)->2661K(2752K)
[517.646s][info][gc             ] GC(1254) Pause Young (Normal) (G1 Evacuation Pause) 909M->842M(978M) 36.400ms
[517.646s][info][gc,cpu         ] GC(1254) User=0.07s Sys=0.00s Real=0.03s
[517.826s][info][gc,start       ] GC(1255) Pause Young (Normal) (G1 Evacuation Pause)
[517.827s][info][gc,task        ] GC(1255) Using 2 workers of 2 for evacuation
[517.843s][info][gc,phases      ] GC(1255)   Pre Evacuate Collection Set: 0.29ms
[517.843s][info][gc,phases      ] GC(1255)   Merge Heap Roots: 0.15ms
[517.843s][info][gc,phases      ] GC(1255)   Evacuate Collection Set: 15.67ms
[517.843s][info][gc,phases      ] GC(1255)   Post Evacuate Collection Set: 0.31ms
[517.843s][info][gc,phases      ] GC(1255)   Other: 0.10ms
[517.843s][info][gc,heap        ] GC(1255) Eden regions: 72->0(79)
[517.843s][info][gc,heap        ] GC(1255) Survivor regions: 13->3(11)
[517.843s][info][gc,heap        ] GC(1255) Old regions: 821->834
[517.843s][info][gc,heap        ] GC(1255) Humongous regions: 9->9
[517.843s][info][gc,metaspace   ] GC(1255) Metaspace: 19085K(19328K)->19085K(19328K) NonClass: 16423K(16576K)->16423K(16576K) Class: 2661K(2752K)->2661K(2752K)
[517.843s][info][gc             ] GC(1255) Pause Young (Normal) (G1 Evacuation Pause) 914M->845M(978M) 16.759ms
[517.843s][info][gc,cpu         ] GC(1255) User=0.03s Sys=0.00s Real=0.01s
[517.924s][info][gc,marking     ] GC(1250) Concurrent Mark From Roots 1414.417ms
[517.924s][info][gc,marking     ] GC(1250) Concurrent Preclean
[517.924s][info][gc,marking     ] GC(1250) Concurrent Preclean 0.044ms
[517.924s][info][gc,start       ] GC(1250) Pause Remark
[517.932s][info][gc             ] GC(1250) Pause Remark 902M->628M(978M) 8.004ms
[517.932s][info][gc,cpu         ] GC(1250) User=0.01s Sys=0.00s Real=0.01s
[517.933s][info][gc,marking     ] GC(1250) Concurrent Mark 1423.317ms
[517.933s][info][gc,marking     ] GC(1250) Concurrent Rebuild Remembered Sets and Scrub Regions
[517.972s][info][gc,start       ] GC(1256) Pause Young (Normal) (G1 Evacuation Pause)
[517.973s][info][gc,task        ] GC(1256) Using 2 workers of 2 for evacuation
[517.983s][info][gc,phases      ] GC(1256)   Pre Evacuate Collection Set: 0.41ms
[517.983s][info][gc,phases      ] GC(1256)   Merge Heap Roots: 0.17ms
[517.983s][info][gc,phases      ] GC(1256)   Evacuate Collection Set: 9.46ms
[517.983s][info][gc,phases      ] GC(1256)   Post Evacuate Collection Set: 0.33ms
[517.983s][info][gc,phases      ] GC(1256)   Other: 0.06ms
[517.983s][info][gc,heap        ] GC(1256) Eden regions: 79->0(300)
[517.983s][info][gc,heap        ] GC(1256) Survivor regions: 3->4(11)
[517.983s][info][gc,heap        ] GC(1256) Old regions: 565->565
[517.983s][info][gc,heap        ] GC(1256) Humongous regions: 4->4
[517.983s][info][gc,metaspace   ] GC(1256) Metaspace: 19085K(19328K)->19085K(19328K) NonClass: 16423K(16576K)->16423K(16576K) Class: 2661K(2752K)->2661K(2752K)
[517.983s][info][gc             ] GC(1256) Pause Young (Normal) (G1 Evacuation Pause) 650M->572M(978M) 10.607ms
[517.983s][info][gc,cpu         ] GC(1256) User=0.02s Sys=0.00s Real=0.01s
[518.451s][info][gc,marking     ] GC(1250) Concurrent Rebuild Remembered Sets and Scrub Regions 518.036ms
[518.451s][info][gc,start       ] GC(1250) Pause Cleanup
[518.451s][info][gc             ] GC(1250) Pause Cleanup 821M->821M(978M) 0.136ms
[518.451s][info][gc,cpu         ] GC(1250) User=0.00s Sys=0.00s Real=0.00s
[518.452s][info][gc,marking     ] GC(1250) Concurrent Clear Claimed Marks
[518.452s][info][gc,marking     ] GC(1250) Concurrent Clear Claimed Marks 0.041ms
[518.452s][info][gc,marking     ] GC(1250) Concurrent Cleanup for Next Mark
[518.455s][info][gc,marking     ] GC(1250) Concurrent Cleanup for Next Mark 2.845ms
[518.455s][info][gc             ] GC(1250) Concurrent Mark Cycle 1962.528ms
[518.509s][info][gc,start       ] GC(1257) Pause Young (Prepare Mixed) (G1 Evacuation Pause)
[518.509s][info][gc,task        ] GC(1257) Using 2 workers of 2 for evacuation
[518.599s][info][gc,phases      ] GC(1257)   Pre Evacuate Collection Set: 0.45ms
[518.599s][info][gc,phases      ] GC(1257)   Merge Heap Roots: 0.74ms
[518.599s][info][gc,phases      ] GC(1257)   Evacuate Collection Set: 87.44ms
[518.599s][info][gc,phases      ] GC(1257)   Post Evacuate Collection Set: 0.60ms
[518.599s][info][gc,phases      ] GC(1257)   Other: 0.09ms
[518.599s][info][gc,heap        ] GC(1257) Eden regions: 300->0(244)
[518.599s][info][gc,heap        ] GC(1257) Survivor regions: 4->38(38)
[518.599s][info][gc,heap        ] GC(1257) Old regions: 565->584
[518.599s][info][gc,heap        ] GC(1257) Humongous regions: 7->7
[518.599s][info][gc,metaspace   ] GC(1257) Metaspace: 19085K(19328K)->19085K(19328K) NonClass: 16423K(16576K)->16423K(16576K) Class: 2661K(2752K)->2661K(2752K)
[518.599s][info][gc             ] GC(1257) Pause Young (Prepare Mixed) (G1 Evacuation Pause) 875M->628M(978M) 89.532ms
[518.599s][info][gc,cpu         ] GC(1257) User=0.18s Sys=0.00s Real=0.09s
[518.835s][info][gc,start       ] GC(1258) Pause Young (Mixed) (G1 Evacuation Pause)
[518.835s][info][gc,task        ] GC(1258) Using 2 workers of 2 for evacuation
[518.931s][info][gc,phases      ] GC(1258)   Pre Evacuate Collection Set: 0.34ms
[518.931s][info][gc,phases      ] GC(1258)   Merge Heap Roots: 0.94ms
[518.931s][info][gc,phases      ] GC(1258)   Evacuate Collection Set: 93.59ms
[518.931s][info][gc,phases      ] GC(1258)   Post Evacuate Collection Set: 0.55ms
[518.931s][info][gc,phases      ] GC(1258)   Other: 0.10ms
[518.931s][info][gc,heap        ] GC(1258) Eden regions: 244->0(291)
[518.931s][info][gc,heap        ] GC(1258) Survivor regions: 38->6(36)
[518.931s][info][gc,heap        ] GC(1258) Old regions: 584->568
[518.931s][info][gc,heap        ] GC(1258) Humongous regions: 7->7
[518.931s][info][gc,metaspace   ] GC(1258) Metaspace: 19085K(19328K)->19085K(19328K) NonClass: 16423K(16576K)->16423K(16576K) Class: 2661K(2752K)->2661K(2752K)
[518.931s][info][gc             ] GC(1258) Pause Young (Mixed) (G1 Evacuation Pause) 872M->579M(978M) 95.790ms
[518.931s][info][gc,cpu         ] GC(1258) User=0.19s Sys=0.00s Real=0.10s
[519.199s][info][gc,start       ] GC(1259) Pause Young (Concurrent Start) (G1 Evacuation Pause)
[519.199s][info][gc,task        ] GC(1259) Using 2 workers of 2 for evacuation
[519.252s][info][gc,phases      ] GC(1259)   Pre Evacuate Collection Set: 0.32ms
[519.253s][info][gc,phases      ] GC(1259)   Merge Heap Roots: 0.17ms
[519.253s][info][gc,phases      ] GC(1259)   Evacuate Collection Set: 52.28ms
[519.253s][info][gc,phases      ] GC(1259)   Post Evacuate Collection Set: 0.65ms
[519.253s][info][gc,phases      ] GC(1259)   Other: 0.18ms
[519.253s][info][gc,heap        ] GC(1259) Eden regions: 291->0(242)
[519.253s][info][gc,heap        ] GC(1259) Survivor regions: 6->38(38)
[519.253s][info][gc,heap        ] GC(1259) Old regions: 568->585
[519.253s][info][gc,heap        ] GC(1259) Humongous regions: 7->7
[519.253s][info][gc,metaspace   ] GC(1259) Metaspace: 19085K(19328K)->19085K(19328K) NonClass: 16423K(16576K)->16423K(16576K) Class: 2661K(2752K)->2661K(2752K)
[519.253s][info][gc             ] GC(1259) Pause Young (Concurrent Start) (G1 Evacuation Pause) 870M->629M(978M) 53.853ms
[519.253s][info][gc,cpu         ] GC(1259) User=0.11s Sys=0.00s Real=0.05s
[519.253s][info][gc             ] GC(1260) Concurrent Mark Cycle
[519.256s][info][gc,marking     ] GC(1260) Concurrent Scan Root Regions
[519.321s][info][gc,marking     ] GC(1260) Concurrent Scan Root Regions 64.559ms
[519.321s][info][gc,marking     ] GC(1260) Concurrent Mark
[519.321s][info][gc,marking     ] GC(1260) Concurrent Mark From Roots
[519.321s][info][gc,task        ] GC(1260) Using 1 workers of 1 for marking
[519.912s][info][gc,start       ] GC(1261) Pause Young (Normal) (G1 Evacuation Pause)
[519.912s][info][gc,task        ] GC(1261) Using 2 workers of 2 for evacuation
[519.992s][info][gc,phases      ] GC(1261)   Pre Evacuate Collection Set: 0.31ms
[519.992s][info][gc,phases      ] GC(1261)   Merge Heap Roots: 0.43ms
[519.992s][info][gc,phases      ] GC(1261)   Evacuate Collection Set: 78.76ms
[519.992s][info][gc,phases      ] GC(1261)   Post Evacuate Collection Set: 0.50ms
[519.992s][info][gc,phases      ] GC(1261)   Other: 0.11ms
[519.992s][info][gc,heap        ] GC(1261) Eden regions: 242->0(226)
[519.992s][info][gc,heap        ] GC(1261) Survivor regions: 38->29(35)
[519.992s][info][gc,heap        ] GC(1261) Old regions: 585->624
[519.992s][info][gc,heap        ] GC(1261) Humongous regions: 8->8
[519.992s][info][gc,metaspace   ] GC(1261) Metaspace: 19085K(19328K)->19085K(19328K) NonClass: 16423K(16576K)->16423K(16576K) Class: 2661K(2752K)->2661K(2752K)
[519.992s][info][gc             ] GC(1261) Pause Young (Normal) (G1 Evacuation Pause) 872M->659M(978M) 80.406ms
[519.992s][info][gc,cpu         ] GC(1261) User=0.16s Sys=0.00s Real=0.08s
[520.350s][info][gc,start       ] GC(1262) Pause Young (Normal) (G1 Evacuation Pause)
[520.351s][info][gc,task        ] GC(1262) Using 2 workers of 2 for evacuation
[520.405s][info][gc,phases      ] GC(1262)   Pre Evacuate Collection Set: 0.30ms
[520.405s][info][gc,phases      ] GC(1262)   Merge Heap Roots: 0.23ms
[520.405s][info][gc,phases      ] GC(1262)   Evacuate Collection Set: 53.58ms
[520.405s][info][gc,phases      ] GC(1262)   Post Evacuate Collection Set: 0.46ms
[520.405s][info][gc,phases      ] GC(1262)   Other: 0.10ms
[520.405s][info][gc,heap        ] GC(1262) Eden regions: 226->0(219)
[520.405s][info][gc,heap        ] GC(1262) Survivor regions: 29->19(32)
[520.405s][info][gc,heap        ] GC(1262) Old regions: 624->653
[520.405s][info][gc,heap        ] GC(1262) Humongous regions: 8->8
[520.405s][info][gc,metaspace   ] GC(1262) Metaspace: 19085K(19328K)->19085K(19328K) NonClass: 16423K(16576K)->16423K(16576K) Class: 2661K(2752K)->2661K(2752K)
[520.405s][info][gc             ] GC(1262) Pause Young (Normal) (G1 Evacuation Pause) 885M->679M(978M) 54.944ms
[520.405s][info][gc,cpu         ] GC(1262) User=0.11s Sys=0.00s Real=0.05s
[520.407s][info][gc,marking     ] GC(1260) Concurrent Mark From Roots 1086.367ms
[520.407s][info][gc,marking     ] GC(1260) Concurrent Preclean
[520.407s][info][gc,marking     ] GC(1260) Concurrent Preclean 0.045ms
[520.410s][info][gc,start       ] GC(1260) Pause Remark
[520.418s][info][gc             ] GC(1260) Pause Remark 680M->498M(978M) 7.882ms
[520.418s][info][gc,cpu         ] GC(1260) User=0.01s Sys=0.00s Real=0.01s
[520.420s][info][gc,marking     ] GC(1260) Concurrent Mark 1099.403ms
[520.420s][info][gc,marking     ] GC(1260) Concurrent Rebuild Remembered Sets and Scrub Regions
[520.858s][info][gc,marking     ] GC(1260) Concurrent Rebuild Remembered Sets and Scrub Regions 437.310ms
[520.858s][info][gc,start       ] GC(1260) Pause Cleanup
[520.858s][info][gc             ] GC(1260) Pause Cleanup 674M->674M(978M) 0.116ms
[520.858s][info][gc,cpu         ] GC(1260) User=0.00s Sys=0.00s Real=0.00s
[520.860s][info][gc,marking     ] GC(1260) Concurrent Clear Claimed Marks
[520.860s][info][gc,marking     ] GC(1260) Concurrent Clear Claimed Marks 0.059ms
[520.860s][info][gc,marking     ] GC(1260) Concurrent Cleanup for Next Mark
[520.863s][info][gc,marking     ] GC(1260) Concurrent Cleanup for Next Mark 2.881ms
[520.863s][info][gc             ] GC(1260) Concurrent Mark Cycle 1610.719ms
[520.948s][info][gc,start       ] GC(1263) Pause Young (Prepare Mixed) (G1 Evacuation Pause)
[520.949s][info][gc,task        ] GC(1263) Using 2 workers of 2 for evacuation
[520.987s][info][gc,phases      ] GC(1263)   Pre Evacuate Collection Set: 0.48ms
[520.987s][info][gc,phases      ] GC(1263)   Merge Heap Roots: 0.27ms
[520.987s][info][gc,phases      ] GC(1263)   Evacuate Collection Set: 36.89ms
[520.987s][info][gc,phases      ] GC(1263)   Post Evacuate Collection Set: 0.50ms
[520.987s][info][gc,phases      ] GC(1263)   Other: 0.08ms
[520.987s][info][gc,heap        ] GC(1263) Eden regions: 219->0(338)
[520.987s][info][gc,heap        ] GC(1263) Survivor regions: 19->17(30)
[520.987s][info][gc,heap        ] GC(1263) Old regions: 474->493
[520.987s][info][gc,heap        ] GC(1263) Humongous regions: 5->5
[520.987s][info][gc,metaspace   ] GC(1263) Metaspace: 19085K(19328K)->19085K(19328K) NonClass: 16423K(16576K)->16423K(16576K) Class: 2661K(2752K)->2661K(2752K)
[520.987s][info][gc             ] GC(1263) Pause Young (Prepare Mixed) (G1 Evacuation Pause) 716M->513M(978M) 38.411ms
[520.987s][info][gc,cpu         ] GC(1263) User=0.07s Sys=0.00s Real=0.04s
[521.670s][info][gc,start       ] GC(1264) Pause Young (Mixed) (G1 Evacuation Pause)
[521.670s][info][gc,task        ] GC(1264) Using 2 workers of 2 for evacuation
[521.697s][info][gc,phases      ] GC(1264)   Pre Evacuate Collection Set: 0.53ms
[521.697s][info][gc,phases      ] GC(1264)   Merge Heap Roots: 0.43ms
[521.697s][info][gc,phases      ] GC(1264)   Evacuate Collection Set: 25.60ms
[521.697s][info][gc,phases      ] GC(1264)   Post Evacuate Collection Set: 0.59ms
[521.697s][info][gc,phases      ] GC(1264)   Other: 0.08ms
[521.697s][info][gc,heap        ] GC(1264) Eden regions: 338->0(385)
[521.697s][info][gc,heap        ] GC(1264) Survivor regions: 17->17(45)
[521.697s][info][gc,heap        ] GC(1264) Old regions: 493->459
[521.697s][info][gc,heap        ] GC(1264) Humongous regions: 5->5
[521.697s][info][gc,metaspace   ] GC(1264) Metaspace: 19085K(19328K)->19085K(19328K) NonClass: 16423K(16576K)->16423K(16576K) Class: 2661K(2752K)->2661K(2752K)
[521.697s][info][gc             ] GC(1264) Pause Young (Mixed) (G1 Evacuation Pause) 851M->480M(978M) 27.445ms
[521.697s][info][gc,cpu         ] GC(1264) User=0.06s Sys=0.00s Real=0.03s
[522.113s][info][gc,start       ] GC(1265) Pause Young (Concurrent Start) (G1 Evacuation Pause)
[522.113s][info][gc,task        ] GC(1265) Using 2 workers of 2 for evacuation
[522.197s][info][gc,phases      ] GC(1265)   Pre Evacuate Collection Set: 0.29ms
[522.197s][info][gc,phases      ] GC(1265)   Merge Heap Roots: 0.17ms
[522.197s][info][gc,phases      ] GC(1265)   Evacuate Collection Set: 81.85ms
[522.197s][info][gc,phases      ] GC(1265)   Post Evacuate Collection Set: 0.89ms
[522.197s][info][gc,phases      ] GC(1265)   Other: 0.15ms
[522.197s][info][gc,heap        ] GC(1265) Eden regions: 385->0(311)
[522.197s][info][gc,heap        ] GC(1265) Survivor regions: 17->51(51)
[522.197s][info][gc,heap        ] GC(1265) Old regions: 459->494
[522.197s][info][gc,heap        ] GC(1265) Humongous regions: 5->5
[522.197s][info][gc,metaspace   ] GC(1265) Metaspace: 19085K(19328K)->19085K(19328K) NonClass: 16423K(16576K)->16423K(16576K) Class: 2661K(2752K)->2661K(2752K)
[522.197s][info][gc             ] GC(1265) Pause Young (Concurrent Start) (G1 Evacuation Pause) 865M->549M(978M) 83.682ms
[522.197s][info][gc             ] GC(1266) Concurrent Mark Cycle
[522.197s][info][gc,marking     ] GC(1266) Concurrent Scan Root Regions
[522.197s][info][gc,cpu         ] GC(1265) User=0.17s Sys=0.00s Real=0.09s
[522.292s][info][gc,marking     ] GC(1266) Concurrent Scan Root Regions 95.102ms
[522.292s][info][gc,marking     ] GC(1266) Concurrent Mark
[522.292s][info][gc,marking     ] GC(1266) Concurrent Mark From Roots
[522.292s][info][gc,task        ] GC(1266) Using 1 workers of 1 for marking
[523.011s][info][gc,marking     ] GC(1266) Concurrent Mark From Roots 719.255ms
[523.011s][info][gc,marking     ] GC(1266) Concurrent Preclean
[523.011s][info][gc,marking     ] GC(1266) Concurrent Preclean 0.049ms
[523.012s][info][gc,start       ] GC(1266) Pause Remark
[523.019s][info][gc             ] GC(1266) Pause Remark 782M->647M(978M) 7.816ms
[523.019s][info][gc,cpu         ] GC(1266) User=0.01s Sys=0.00s Real=0.01s
[523.021s][info][gc,marking     ] GC(1266) Concurrent Mark 728.672ms
[523.021s][info][gc,marking     ] GC(1266) Concurrent Rebuild Remembered Sets and Scrub Regions
[523.199s][info][gc,start       ] GC(1267) Pause Young (Normal) (G1 Evacuation Pause)
[523.199s][info][gc,task        ] GC(1267) Using 2 workers of 2 for evacuation
[523.296s][info][gc,phases      ] GC(1267)   Pre Evacuate Collection Set: 0.30ms
[523.296s][info][gc,phases      ] GC(1267)   Merge Heap Roots: 0.52ms
[523.296s][info][gc,phases      ] GC(1267)   Evacuate Collection Set: 95.47ms
[523.296s][info][gc,phases      ] GC(1267)   Post Evacuate Collection Set: 0.62ms
[523.296s][info][gc,phases      ] GC(1267)   Other: 0.08ms
[523.296s][info][gc,heap        ] GC(1267) Eden regions: 311->0(407)
[523.296s][info][gc,heap        ] GC(1267) Survivor regions: 51->16(46)
[523.296s][info][gc,heap        ] GC(1267) Old regions: 361->413
[523.296s][info][gc,heap        ] GC(1267) Humongous regions: 6->6
[523.296s][info][gc,metaspace   ] GC(1267) Metaspace: 19085K(19328K)->19085K(19328K) NonClass: 16423K(16576K)->16423K(16576K) Class: 2661K(2752K)->2661K(2752K)
[523.296s][info][gc             ] GC(1267) Pause Young (Normal) (G1 Evacuation Pause) 728M->433M(978M) 97.232ms
[523.296s][info][gc,cpu         ] GC(1267) User=0.20s Sys=0.00s Real=0.09s
[523.478s][info][gc,marking     ] GC(1266) Concurrent Rebuild Remembered Sets and Scrub Regions 456.726ms
[523.478s][info][gc,start       ] GC(1266) Pause Cleanup
[523.478s][info][gc             ] GC(1266) Pause Cleanup 515M->515M(978M) 0.111ms
[523.478s][info][gc,cpu         ] GC(1266) User=0.00s Sys=0.00s Real=0.00s
[523.478s][info][gc,marking     ] GC(1266) Concurrent Clear Claimed Marks
[523.478s][info][gc,marking     ] GC(1266) Concurrent Clear Claimed Marks 0.044ms
[523.478s][info][gc,marking     ] GC(1266) Concurrent Cleanup for Next Mark
[523.481s][info][gc,marking     ] GC(1266) Concurrent Cleanup for Next Mark 2.835ms
[523.481s][info][gc             ] GC(1266) Concurrent Mark Cycle 1283.935ms
[523.807s][info][gc,start       ] GC(1268) Pause Young (Prepare Mixed) (G1 Evacuation Pause)
[523.807s][info][gc,task        ] GC(1268) Using 2 workers of 2 for evacuation
[523.897s][info][gc,phases      ] GC(1268)   Pre Evacuate Collection Set: 0.52ms
[523.897s][info][gc,phases      ] GC(1268)   Merge Heap Roots: 0.33ms
[523.897s][info][gc,phases      ] GC(1268)   Evacuate Collection Set: 88.01ms
[523.897s][info][gc,phases      ] GC(1268)   Post Evacuate Collection Set: 0.87ms
[523.897s][info][gc,phases      ] GC(1268)   Other: 0.10ms
[523.897s][info][gc,heap        ] GC(1268) Eden regions: 407->0(334)
[523.897s][info][gc,heap        ] GC(1268) Survivor regions: 16->53(53)
[523.897s][info][gc,heap        ] GC(1268) Old regions: 413->444
[523.897s][info][gc,heap        ] GC(1268) Humongous regions: 6->6
[523.897s][info][gc,metaspace   ] GC(1268) Metaspace: 19085K(19328K)->19085K(19328K) NonClass: 16423K(16576K)->16423K(16576K) Class: 2661K(2752K)->2661K(2752K)
[523.897s][info][gc             ] GC(1268) Pause Young (Prepare Mixed) (G1 Evacuation Pause) 840M->502M(978M) 90.083ms
[523.897s][info][gc,cpu         ] GC(1268) User=0.17s Sys=0.00s Real=0.09s
[524.324s][info][gc,start       ] GC(1269) Pause Young (Mixed) (G1 Evacuation Pause)
[524.324s][info][gc,task        ] GC(1269) Using 2 workers of 2 for evacuation
[524.420s][info][gc,phases      ] GC(1269)   Pre Evacuate Collection Set: 0.55ms
[524.420s][info][gc,phases      ] GC(1269)   Merge Heap Roots: 0.62ms
[524.420s][info][gc,phases      ] GC(1269)   Evacuate Collection Set: 94.54ms
[524.420s][info][gc,phases      ] GC(1269)   Post Evacuate Collection Set: 0.72ms
[524.420s][info][gc,phases      ] GC(1269)   Other: 0.08ms
[524.421s][info][gc,heap        ] GC(1269) Eden regions: 334->0(352)
[524.421s][info][gc,heap        ] GC(1269) Survivor regions: 53->17(49)
[524.421s][info][gc,heap        ] GC(1269) Old regions: 444->469
[524.421s][info][gc,heap        ] GC(1269) Humongous regions: 9->9
[524.421s][info][gc,metaspace   ] GC(1269) Metaspace: 19085K(19328K)->19085K(19328K) NonClass: 16423K(16576K)->16423K(16576K) Class: 2661K(2752K)->2661K(2752K)
[524.421s][info][gc             ] GC(1269) Pause Young (Mixed) (G1 Evacuation Pause) 839M->494M(978M) 96.778ms
[524.421s][info][gc,cpu         ] GC(1269) User=0.19s Sys=0.00s Real=0.10s
[524.948s][info][gc,start       ] GC(1270) Pause Young (Concurrent Start) (G1 Evacuation Pause)
[524.949s][info][gc,task        ] GC(1270) Using 2 workers of 2 for evacuation
[524.980s][info][gc,phases      ] GC(1270)   Pre Evacuate Collection Set: 0.30ms
[524.980s][info][gc,phases      ] GC(1270)   Merge Heap Roots: 0.29ms
[524.980s][info][gc,phases      ] GC(1270)   Evacuate Collection Set: 29.91ms
[524.980s][info][gc,phases      ] GC(1270)   Post Evacuate Collection Set: 0.62ms
[524.980s][info][gc,phases      ] GC(1270)   Other: 0.13ms
[524.980s][info][gc,heap        ] GC(1270) Eden regions: 352->0(376)
[524.980s][info][gc,heap        ] GC(1270) Survivor regions: 17->18(47)
[524.980s][info][gc,heap        ] GC(1270) Old regions: 469->469
[524.980s][info][gc,heap        ] GC(1270) Humongous regions: 9->9
[524.980s][info][gc,metaspace   ] GC(1270) Metaspace: 19085K(19328K)->19085K(19328K) NonClass: 16423K(16576K)->16423K(16576K) Class: 2661K(2752K)->2661K(2752K)
[524.980s][info][gc             ] GC(1270) Pause Young (Concurrent Start) (G1 Evacuation Pause) 846M->495M(978M) 31.514ms
[524.980s][info][gc,cpu         ] GC(1270) User=0.06s Sys=0.00s Real=0.03s
[524.980s][info][gc             ] GC(1271) Concurrent Mark Cycle
[524.982s][info][gc,marking     ] GC(1271) Concurrent Scan Root Regions
[525.040s][info][gc,marking     ] GC(1271) Concurrent Scan Root Regions 57.792ms
[525.040s][info][gc,marking     ] GC(1271) Concurrent Mark
[525.040s][info][gc,marking     ] GC(1271) Concurrent Mark From Roots
[525.040s][info][gc,task        ] GC(1271) Using 1 workers of 1 for marking
[525.772s][info][gc,start       ] GC(1272) Pause Young (Normal) (G1 Evacuation Pause)
[525.772s][info][gc,task        ] GC(1272) Using 2 workers of 2 for evacuation
[525.842s][info][gc,phases      ] GC(1272)   Pre Evacuate Collection Set: 0.47ms
[525.842s][info][gc,phases      ] GC(1272)   Merge Heap Roots: 0.40ms
[525.842s][info][gc,phases      ] GC(1272)   Evacuate Collection Set: 68.78ms
[525.842s][info][gc,phases      ] GC(1272)   Post Evacuate Collection Set: 0.66ms
[525.842s][info][gc,phases      ] GC(1272)   Other: 0.08ms
[525.842s][info][gc,heap        ] GC(1272) Eden regions: 376->0(342)
[525.842s][info][gc,heap        ] GC(1272) Survivor regions: 18->50(50)
[525.842s][info][gc,heap        ] GC(1272) Old regions: 469->471
[525.842s][info][gc,heap        ] GC(1272) Humongous regions: 9->9
[525.842s][info][gc,metaspace   ] GC(1272) Metaspace: 19085K(19328K)->19085K(19328K) NonClass: 16423K(16576K)->16423K(16576K) Class: 2661K(2752K)->2661K(2752K)
[525.842s][info][gc             ] GC(1272) Pause Young (Normal) (G1 Evacuation Pause) 871M->529M(978M) 70.650ms
[525.842s][info][gc,cpu         ] GC(1272) User=0.14s Sys=0.00s Real=0.07s
[526.334s][info][gc,start       ] GC(1273) Pause Young (Normal) (G1 Evacuation Pause)
[526.334s][info][gc,task        ] GC(1273) Using 2 workers of 2 for evacuation
[526.408s][info][gc,phases      ] GC(1273)   Pre Evacuate Collection Set: 0.30ms
[526.408s][info][gc,phases      ] GC(1273)   Merge Heap Roots: 0.36ms
[526.408s][info][gc,phases      ] GC(1273)   Evacuate Collection Set: 71.84ms
[526.408s][info][gc,phases      ] GC(1273)   Post Evacuate Collection Set: 0.56ms
[526.408s][info][gc,phases      ] GC(1273)   Other: 0.08ms
[526.408s][info][gc,heap        ] GC(1273) Eden regions: 342->0(346)
[526.408s][info][gc,heap        ] GC(1273) Survivor regions: 50->10(49)
[526.408s][info][gc,heap        ] GC(1273) Old regions: 471->521
[526.408s][info][gc,heap        ] GC(1273) Humongous regions: 9->9
[526.408s][info][gc,metaspace   ] GC(1273) Metaspace: 19085K(19328K)->19085K(19328K) NonClass: 16423K(16576K)->16423K(16576K) Class: 2661K(2752K)->2661K(2752K)
[526.408s][info][gc             ] GC(1273) Pause Young (Normal) (G1 Evacuation Pause) 871M->539M(978M) 73.340ms
[526.408s][info][gc,cpu         ] GC(1273) User=0.15s Sys=0.00s Real=0.08s
[526.486s][info][gc,marking     ] GC(1271) Concurrent Mark From Roots 1446.069ms
[526.486s][info][gc,marking     ] GC(1271) Concurrent Preclean
[526.486s][info][gc,marking     ] GC(1271) Concurrent Preclean 0.053ms
[526.486s][info][gc,start       ] GC(1271) Pause Remark
[526.494s][info][gc             ] GC(1271) Pause Remark 580M->578M(978M) 7.683ms
[526.494s][info][gc,cpu         ] GC(1271) User=0.02s Sys=0.00s Real=0.00s
[526.496s][info][gc,marking     ] GC(1271) Concurrent Mark 1456.159ms
[526.496s][info][gc,marking     ] GC(1271) Concurrent Rebuild Remembered Sets and Scrub Regions
[526.995s][info][gc,marking     ] GC(1271) Concurrent Rebuild Remembered Sets and Scrub Regions 498.986ms
[526.995s][info][gc,start       ] GC(1271) Pause Cleanup
[526.996s][info][gc             ] GC(1271) Pause Cleanup 783M->783M(978M) 0.100ms
[526.996s][info][gc,cpu         ] GC(1271) User=0.00s Sys=0.00s Real=0.00s
[526.996s][info][gc,marking     ] GC(1271) Concurrent Clear Claimed Marks
[526.996s][info][gc,marking     ] GC(1271) Concurrent Clear Claimed Marks 0.033ms
[526.996s][info][gc,marking     ] GC(1271) Concurrent Cleanup for Next Mark
[527.001s][info][gc,marking     ] GC(1271) Concurrent Cleanup for Next Mark 4.930ms
[527.001s][info][gc             ] GC(1271) Concurrent Mark Cycle 2021.123ms
[527.173s][info][gc,start       ] GC(1274) Pause Young (Prepare Mixed) (G1 Evacuation Pause)
[527.173s][info][gc,task        ] GC(1274) Using 2 workers of 2 for evacuation
[527.207s][info][gc,phases      ] GC(1274)   Pre Evacuate Collection Set: 0.31ms
[527.207s][info][gc,phases      ] GC(1274)   Merge Heap Roots: 0.32ms
[527.207s][info][gc,phases      ] GC(1274)   Evacuate Collection Set: 32.22ms
[527.207s][info][gc,phases      ] GC(1274)   Post Evacuate Collection Set: 0.59ms
[527.207s][info][gc,phases      ] GC(1274)   Other: 0.10ms
[527.207s][info][gc,heap        ] GC(1274) Eden regions: 346->0(339)
[527.207s][info][gc,heap        ] GC(1274) Survivor regions: 10->28(45)
[527.207s][info][gc,heap        ] GC(1274) Old regions: 521->521
[527.207s][info][gc,heap        ] GC(1274) Humongous regions: 7->7
[527.207s][info][gc,metaspace   ] GC(1274) Metaspace: 19085K(19328K)->19085K(19328K) NonClass: 16423K(16576K)->16423K(16576K) Class: 2661K(2752K)->2661K(2752K)
[527.207s][info][gc             ] GC(1274) Pause Young (Prepare Mixed) (G1 Evacuation Pause) 883M->555M(978M) 33.758ms
[527.207s][info][gc,cpu         ] GC(1274) User=0.07s Sys=0.00s Real=0.04s
[527.652s][info][gc,start       ] GC(1275) Pause Young (Mixed) (G1 Evacuation Pause)
[527.652s][info][gc,task        ] GC(1275) Using 2 workers of 2 for evacuation
[527.722s][info][gc,phases      ] GC(1275)   Pre Evacuate Collection Set: 0.50ms
[527.722s][info][gc,phases      ] GC(1275)   Merge Heap Roots: 0.34ms
[527.722s][info][gc,phases      ] GC(1275)   Evacuate Collection Set: 67.67ms
[527.722s][info][gc,phases      ] GC(1275)   Post Evacuate Collection Set: 0.61ms
[527.722s][info][gc,phases      ] GC(1275)   Other: 0.11ms
[527.722s][info][gc,heap        ] GC(1275) Eden regions: 339->0(302)
[527.722s][info][gc,heap        ] GC(1275) Survivor regions: 28->46(46)
[527.722s][info][gc,heap        ] GC(1275) Old regions: 521->527
[527.722s][info][gc,heap        ] GC(1275) Humongous regions: 7->7
[527.722s][info][gc,metaspace   ] GC(1275) Metaspace: 19085K(19328K)->19085K(19328K) NonClass: 16423K(16576K)->16423K(16576K) Class: 2661K(2752K)->2661K(2752K)
[527.722s][info][gc             ] GC(1275) Pause Young (Mixed) (G1 Evacuation Pause) 894M->579M(978M) 69.470ms
[527.722s][info][gc,cpu         ] GC(1275) User=0.14s Sys=0.00s Real=0.07s
[528.033s][info][gc,start       ] GC(1276) Pause Young (Concurrent Start) (G1 Evacuation Pause)
[528.033s][info][gc,task        ] GC(1276) Using 2 workers of 2 for evacuation
[528.085s][info][gc,phases      ] GC(1276)   Pre Evacuate Collection Set: 0.33ms
[528.085s][info][gc,phases      ] GC(1276)   Merge Heap Roots: 0.23ms
[528.085s][info][gc,phases      ] GC(1276)   Evacuate Collection Set: 50.57ms
[528.085s][info][gc,phases      ] GC(1276)   Post Evacuate Collection Set: 0.53ms
[528.085s][info][gc,phases      ] GC(1276)   Other: 0.21ms
[528.085s][info][gc,heap        ] GC(1276) Eden regions: 302->0(316)
[528.085s][info][gc,heap        ] GC(1276) Survivor regions: 46->5(44)
[528.085s][info][gc,heap        ] GC(1276) Old regions: 527->574
[528.085s][info][gc,heap        ] GC(1276) Humongous regions: 7->7
[528.085s][info][gc,metaspace   ] GC(1276) Metaspace: 19085K(19328K)->19085K(19328K) NonClass: 16423K(16576K)->16423K(16576K) Class: 2661K(2752K)->2661K(2752K)
[528.085s][info][gc             ] GC(1276) Pause Young (Concurrent Start) (G1 Evacuation Pause) 881M->585M(978M) 52.116ms
[528.085s][info][gc             ] GC(1277) Concurrent Mark Cycle
[528.085s][info][gc,marking     ] GC(1277) Concurrent Scan Root Regions
[528.085s][info][gc,cpu         ] GC(1276) User=0.10s Sys=0.00s Real=0.05s
[528.181s][info][gc,marking     ] GC(1277) Concurrent Scan Root Regions 96.417ms
[528.182s][info][gc,marking     ] GC(1277) Concurrent Mark
[528.182s][info][gc,marking     ] GC(1277) Concurrent Mark From Roots
[528.182s][info][gc,task        ] GC(1277) Using 1 workers of 1 for marking
[528.824s][info][gc,start       ] GC(1278) Pause Young (Normal) (G1 Evacuation Pause)
[528.824s][info][gc,task        ] GC(1278) Using 2 workers of 2 for evacuation
[528.858s][info][gc,phases      ] GC(1278)   Pre Evacuate Collection Set: 0.51ms
[528.858s][info][gc,phases      ] GC(1278)   Merge Heap Roots: 0.25ms
[528.858s][info][gc,phases      ] GC(1278)   Evacuate Collection Set: 32.61ms
[528.858s][info][gc,phases      ] GC(1278)   Post Evacuate Collection Set: 0.53ms
[528.858s][info][gc,phases      ] GC(1278)   Other: 0.10ms
[528.858s][info][gc,heap        ] GC(1278) Eden regions: 316->0(291)
[528.858s][info][gc,heap        ] GC(1278) Survivor regions: 5->28(41)
[528.858s][info][gc,heap        ] GC(1278) Old regions: 574->574
[528.858s][info][gc,heap        ] GC(1278) Humongous regions: 7->7
[528.858s][info][gc,metaspace   ] GC(1278) Metaspace: 19085K(19328K)->19085K(19328K) NonClass: 16423K(16576K)->16423K(16576K) Class: 2661K(2752K)->2661K(2752K)
[528.858s][info][gc             ] GC(1278) Pause Young (Normal) (G1 Evacuation Pause) 901M->608M(978M) 34.217ms
[528.858s][info][gc,cpu         ] GC(1278) User=0.07s Sys=0.00s Real=0.04s
[529.794s][info][gc,marking     ] GC(1277) Concurrent Mark From Roots 1612.019ms
[529.794s][info][gc,marking     ] GC(1277) Concurrent Preclean
[529.794s][info][gc,marking     ] GC(1277) Concurrent Preclean 0.040ms
[529.794s][info][gc,start       ] GC(1277) Pause Remark
[529.801s][info][gc             ] GC(1277) Pause Remark 848M->848M(978M) 7.690ms
[529.802s][info][gc,cpu         ] GC(1277) User=0.02s Sys=0.00s Real=0.01s
[529.803s][info][gc,marking     ] GC(1277) Concurrent Mark 1621.714ms
[529.803s][info][gc,marking     ] GC(1277) Concurrent Rebuild Remembered Sets and Scrub Regions
[529.954s][info][gc,start       ] GC(1279) Pause Young (Normal) (G1 Evacuation Pause)
[529.954s][info][gc,task        ] GC(1279) Using 2 workers of 2 for evacuation
[529.984s][info][gc,phases      ] GC(1279)   Pre Evacuate Collection Set: 0.29ms
[529.984s][info][gc,phases      ] GC(1279)   Merge Heap Roots: 0.22ms
[529.984s][info][gc,phases      ] GC(1279)   Evacuate Collection Set: 28.61ms
[529.984s][info][gc,phases      ] GC(1279)   Post Evacuate Collection Set: 0.48ms
[529.984s][info][gc,phases      ] GC(1279)   Other: 0.09ms
[529.984s][info][gc,heap        ] GC(1279) Eden regions: 291->0(306)
[529.984s][info][gc,heap        ] GC(1279) Survivor regions: 28->1(40)
[529.984s][info][gc,heap        ] GC(1279) Old regions: 574->602
[529.984s][info][gc,heap        ] GC(1279) Humongous regions: 7->7
[529.984s][info][gc,metaspace   ] GC(1279) Metaspace: 19085K(19328K)->19085K(19328K) NonClass: 16423K(16576K)->16423K(16576K) Class: 2661K(2752K)->2661K(2752K)
[529.984s][info][gc             ] GC(1279) Pause Young (Normal) (G1 Evacuation Pause) 899M->609M(978M) 29.885ms
[529.984s][info][gc,cpu         ] GC(1279) User=0.06s Sys=0.00s Real=0.03s
[530.381s][info][gc,marking     ] GC(1277) Concurrent Rebuild Remembered Sets and Scrub Regions 577.663ms
[530.381s][info][gc,start       ] GC(1277) Pause Cleanup
[530.381s][info][gc             ] GC(1277) Pause Cleanup 809M->809M(978M) 0.093ms
[530.381s][info][gc,cpu         ] GC(1277) User=0.00s Sys=0.00s Real=0.00s
[530.382s][info][gc,marking     ] GC(1277) Concurrent Clear Claimed Marks
[530.382s][info][gc,marking     ] GC(1277) Concurrent Clear Claimed Marks 0.047ms
[530.382s][info][gc,marking     ] GC(1277) Concurrent Cleanup for Next Mark
[530.385s][info][gc,marking     ] GC(1277) Concurrent Cleanup for Next Mark 2.903ms
[530.385s][info][gc             ] GC(1277) Concurrent Mark Cycle 2300.275ms
[530.515s][info][gc,start       ] GC(1280) Pause Young (Prepare Mixed) (G1 Evacuation Pause)
[530.515s][info][gc,task        ] GC(1280) Using 2 workers of 2 for evacuation
[530.581s][info][gc,phases      ] GC(1280)   Pre Evacuate Collection Set: 0.28ms
[530.581s][info][gc,phases      ] GC(1280)   Merge Heap Roots: 0.13ms
[530.581s][info][gc,phases      ] GC(1280)   Evacuate Collection Set: 61.91ms
[530.581s][info][gc,phases      ] GC(1280)   Post Evacuate Collection Set: 2.87ms
[530.581s][info][gc,phases      ] GC(1280)   Other: 0.08ms
[530.581s][info][gc,heap        ] GC(1280) Eden regions: 306->0(184)
[530.581s][info][gc,heap        ] GC(1280) Survivor regions: 1->39(39)
[530.581s][info][gc,heap        ] GC(1280) Old regions: 602->659
[530.581s][info][gc,heap        ] GC(1280) Humongous regions: 7->7
[530.581s][info][gc,metaspace   ] GC(1280) Metaspace: 19085K(19328K)->19085K(19328K) NonClass: 16423K(16576K)->16423K(16576K) Class: 2661K(2752K)->2661K(2752K)
[530.581s][info][gc             ] GC(1280) Pause Young (Prepare Mixed) (G1 Evacuation Pause) (Evacuation Failure: Allocation) 915M->704M(978M) 65.541ms
[530.581s][info][gc,cpu         ] GC(1280) User=0.13s Sys=0.00s Real=0.07s
[530.839s][info][gc,start       ] GC(1281) Pause Young (Mixed) (G1 Evacuation Pause)
[530.839s][info][gc,task        ] GC(1281) Using 2 workers of 2 for evacuation
[530.901s][info][gc,phases      ] GC(1281)   Pre Evacuate Collection Set: 0.33ms
[530.901s][info][gc,phases      ] GC(1281)   Merge Heap Roots: 0.43ms
[530.901s][info][gc,phases      ] GC(1281)   Evacuate Collection Set: 60.40ms
[530.901s][info][gc,phases      ] GC(1281)   Post Evacuate Collection Set: 0.55ms
[530.901s][info][gc,phases      ] GC(1281)   Other: 0.09ms
[530.901s][info][gc,heap        ] GC(1281) Eden regions: 184->0(220)
[530.901s][info][gc,heap        ] GC(1281) Survivor regions: 39->8(28)
[530.901s][info][gc,heap        ] GC(1281) Old regions: 659->663
[530.901s][info][gc,heap        ] GC(1281) Humongous regions: 7->7
[530.901s][info][gc,metaspace   ] GC(1281) Metaspace: 19096K(19328K)->19096K(19328K) NonClass: 16435K(16576K)->16435K(16576K) Class: 2661K(2752K)->2661K(2752K)
[530.901s][info][gc             ] GC(1281) Pause Young (Mixed) (G1 Evacuation Pause) 888M->677M(978M) 62.138ms
[530.901s][info][gc,cpu         ] GC(1281) User=0.12s Sys=0.00s Real=0.06s
[530.904s][info][gc,start       ] GC(1282) Pause Young (Concurrent Start) (G1 Humongous Allocation)
[530.904s][info][gc,task        ] GC(1282) Using 2 workers of 2 for evacuation
[530.923s][info][gc,phases      ] GC(1282)   Pre Evacuate Collection Set: 0.31ms
[530.923s][info][gc,phases      ] GC(1282)   Merge Heap Roots: 0.21ms
[530.923s][info][gc,phases      ] GC(1282)   Evacuate Collection Set: 17.56ms
[530.923s][info][gc,phases      ] GC(1282)   Post Evacuate Collection Set: 0.33ms
[530.923s][info][gc,phases      ] GC(1282)   Other: 0.10ms
[530.923s][info][gc,heap        ] GC(1282) Eden regions: 1->0(200)
[530.923s][info][gc,heap        ] GC(1282) Survivor regions: 8->9(29)
[530.923s][info][gc,heap        ] GC(1282) Old regions: 663->663
[530.923s][info][gc,heap        ] GC(1282) Humongous regions: 7->7
[530.923s][info][gc,metaspace   ] GC(1282) Metaspace: 19096K(19328K)->19096K(19328K) NonClass: 16435K(16576K)->16435K(16576K) Class: 2661K(2752K)->2661K(2752K)
[530.923s][info][gc             ] GC(1282) Pause Young (Concurrent Start) (G1 Humongous Allocation) 678M->678M(978M) 18.662ms
[530.923s][info][gc,cpu         ] GC(1282) User=0.03s Sys=0.00s Real=0.02s
[530.923s][info][gc             ] GC(1283) Concurrent Mark Cycle
[530.923s][info][gc,marking     ] GC(1283) Concurrent Scan Root Regions
[530.953s][info][gc,marking     ] GC(1283) Concurrent Scan Root Regions 29.317ms
[530.953s][info][gc,marking     ] GC(1283) Concurrent Mark
[530.953s][info][gc,marking     ] GC(1283) Concurrent Mark From Roots
[530.953s][info][gc,task        ] GC(1283) Using 1 workers of 1 for marking
[531.449s][info][gc,start       ] GC(1284) Pause Young (Normal) (G1 Evacuation Pause)
[531.450s][info][gc,task        ] GC(1284) Using 2 workers of 2 for evacuation
[531.492s][info][gc,phases      ] GC(1284)   Pre Evacuate Collection Set: 0.30ms
[531.492s][info][gc,phases      ] GC(1284)   Merge Heap Roots: 0.33ms
[531.492s][info][gc,phases      ] GC(1284)   Evacuate Collection Set: 40.69ms
[531.492s][info][gc,phases      ] GC(1284)   Post Evacuate Collection Set: 0.58ms
[531.492s][info][gc,phases      ] GC(1284)   Other: 0.11ms
[531.492s][info][gc,heap        ] GC(1284) Eden regions: 200->0(200)
[531.492s][info][gc,heap        ] GC(1284) Survivor regions: 9->19(27)
[531.492s][info][gc,heap        ] GC(1284) Old regions: 663->663
[531.492s][info][gc,heap        ] GC(1284) Humongous regions: 10->10
[531.492s][info][gc,metaspace   ] GC(1284) Metaspace: 19096K(19328K)->19096K(19328K) NonClass: 16435K(16576K)->16435K(16576K) Class: 2661K(2752K)->2661K(2752K)
[531.492s][info][gc             ] GC(1284) Pause Young (Normal) (G1 Evacuation Pause) 881M->691M(978M) 42.265ms
[531.492s][info][gc,cpu         ] GC(1284) User=0.08s Sys=0.00s Real=0.04s
[532.143s][info][gc,start       ] GC(1285) Pause Young (Normal) (G1 Evacuation Pause)
[532.144s][info][gc,task        ] GC(1285) Using 2 workers of 2 for evacuation
[532.181s][info][gc,phases      ] GC(1285)   Pre Evacuate Collection Set: 0.49ms
[532.181s][info][gc,phases      ] GC(1285)   Merge Heap Roots: 0.31ms
[532.181s][info][gc,phases      ] GC(1285)   Evacuate Collection Set: 36.21ms
[532.181s][info][gc,phases      ] GC(1285)   Post Evacuate Collection Set: 0.46ms
[532.181s][info][gc,phases      ] GC(1285)   Other: 0.09ms
[532.181s][info][gc,heap        ] GC(1285) Eden regions: 200->0(209)
[532.181s][info][gc,heap        ] GC(1285) Survivor regions: 19->14(28)
[532.181s][info][gc,heap        ] GC(1285) Old regions: 663->671
[532.181s][info][gc,heap        ] GC(1285) Humongous regions: 10->10
[532.181s][info][gc,metaspace   ] GC(1285) Metaspace: 19096K(19328K)->19096K(19328K) NonClass: 16435K(16576K)->16435K(16576K) Class: 2661K(2752K)->2661K(2752K)
[532.181s][info][gc             ] GC(1285) Pause Young (Normal) (G1 Evacuation Pause) 891M->693M(978M) 37.830ms
[532.181s][info][gc,cpu         ] GC(1285) User=0.07s Sys=0.00s Real=0.04s
[532.271s][info][gc,marking     ] GC(1283) Concurrent Mark From Roots 1318.851ms
[532.271s][info][gc,marking     ] GC(1283) Concurrent Preclean
[532.272s][info][gc,marking     ] GC(1283) Concurrent Preclean 0.055ms
[532.272s][info][gc,start       ] GC(1283) Pause Remark
[532.279s][info][gc             ] GC(1283) Pause Remark 714M->604M(978M) 7.836ms
[532.280s][info][gc,cpu         ] GC(1283) User=0.01s Sys=0.00s Real=0.01s
[532.280s][info][gc,marking     ] GC(1283) Concurrent Mark 1327.743ms
[532.280s][info][gc,marking     ] GC(1283) Concurrent Rebuild Remembered Sets and Scrub Regions
[532.620s][info][gc,start       ] GC(1286) Pause Young (Normal) (G1 Evacuation Pause)
[532.620s][info][gc,task        ] GC(1286) Using 2 workers of 2 for evacuation
[532.671s][info][gc,phases      ] GC(1286)   Pre Evacuate Collection Set: 0.28ms
[532.671s][info][gc,phases      ] GC(1286)   Merge Heap Roots: 0.35ms
[532.671s][info][gc,phases      ] GC(1286)   Evacuate Collection Set: 49.79ms
[532.671s][info][gc,phases      ] GC(1286)   Post Evacuate Collection Set: 0.57ms
[532.671s][info][gc,phases      ] GC(1286)   Other: 0.10ms
[532.671s][info][gc,heap        ] GC(1286) Eden regions: 209->0(250)
[532.671s][info][gc,heap        ] GC(1286) Survivor regions: 14->28(28)
[532.671s][info][gc,heap        ] GC(1286) Old regions: 564->585
[532.671s][info][gc,heap        ] GC(1286) Humongous regions: 7->7
[532.671s][info][gc,metaspace   ] GC(1286) Metaspace: 19096K(19328K)->19096K(19328K) NonClass: 16435K(16576K)->16435K(16576K) Class: 2661K(2752K)->2661K(2752K)
[532.671s][info][gc             ] GC(1286) Pause Young (Normal) (G1 Evacuation Pause) 792M->619M(978M) 51.341ms
[532.671s][info][gc,cpu         ] GC(1286) User=0.09s Sys=0.00s Real=0.05s
[532.693s][info][gc,marking     ] GC(1283) Concurrent Rebuild Remembered Sets and Scrub Regions 412.781ms
[532.693s][info][gc,start       ] GC(1283) Pause Cleanup
[532.694s][info][gc             ] GC(1283) Pause Cleanup 634M->634M(978M) 0.135ms
[532.694s][info][gc,cpu         ] GC(1283) User=0.00s Sys=0.00s Real=0.00s
[532.694s][info][gc,marking     ] GC(1283) Concurrent Clear Claimed Marks
[532.694s][info][gc,marking     ] GC(1283) Concurrent Clear Claimed Marks 0.027ms
[532.694s][info][gc,marking     ] GC(1283) Concurrent Cleanup for Next Mark
[532.696s][info][gc,marking     ] GC(1283) Concurrent Cleanup for Next Mark 2.782ms
[532.696s][info][gc             ] GC(1283) Concurrent Mark Cycle 1773.253ms
[532.951s][info][gc,start       ] GC(1287) Pause Young (Prepare Mixed) (G1 Evacuation Pause)
[532.952s][info][gc,task        ] GC(1287) Using 2 workers of 2 for evacuation
[533.023s][info][gc,phases      ] GC(1287)   Pre Evacuate Collection Set: 0.28ms
[533.023s][info][gc,phases      ] GC(1287)   Merge Heap Roots: 0.36ms
[533.023s][info][gc,phases      ] GC(1287)   Evacuate Collection Set: 69.71ms
[533.023s][info][gc,phases      ] GC(1287)   Post Evacuate Collection Set: 0.75ms
[533.023s][info][gc,phases      ] GC(1287)   Other: 0.09ms
[533.023s][info][gc,heap        ] GC(1287) Eden regions: 250->0(220)
[533.023s][info][gc,heap        ] GC(1287) Survivor regions: 28->35(35)
[533.023s][info][gc,heap        ] GC(1287) Old regions: 585->619
[533.023s][info][gc,heap        ] GC(1287) Humongous regions: 7->7
[533.023s][info][gc,metaspace   ] GC(1287) Metaspace: 19096K(19328K)->19096K(19328K) NonClass: 16435K(16576K)->16435K(16576K) Class: 2661K(2752K)->2661K(2752K)
[533.023s][info][gc             ] GC(1287) Pause Young (Prepare Mixed) (G1 Evacuation Pause) 869M->660M(978M) 71.441ms
[533.023s][info][gc,cpu         ] GC(1287) User=0.14s Sys=0.00s Real=0.07s
[533.269s][info][gc,start       ] GC(1288) Pause Young (Mixed) (G1 Evacuation Pause)
[533.269s][info][gc,task        ] GC(1288) Using 2 workers of 2 for evacuation
[533.321s][info][gc,phases      ] GC(1288)   Pre Evacuate Collection Set: 0.35ms
[533.321s][info][gc,phases      ] GC(1288)   Merge Heap Roots: 0.65ms
[533.321s][info][gc,phases      ] GC(1288)   Evacuate Collection Set: 49.90ms
[533.321s][info][gc,phases      ] GC(1288)   Post Evacuate Collection Set: 0.60ms
[533.321s][info][gc,phases      ] GC(1288)   Other: 0.09ms
[533.321s][info][gc,heap        ] GC(1288) Eden regions: 220->0(291)
[533.321s][info][gc,heap        ] GC(1288) Survivor regions: 35->1(32)
[533.321s][info][gc,heap        ] GC(1288) Old regions: 619->560
[533.321s][info][gc,heap        ] GC(1288) Humongous regions: 7->7
[533.321s][info][gc,metaspace   ] GC(1288) Metaspace: 19096K(19328K)->19096K(19328K) NonClass: 16435K(16576K)->16435K(16576K) Class: 2661K(2752K)->2661K(2752K)
[533.321s][info][gc             ] GC(1288) Pause Young (Mixed) (G1 Evacuation Pause) 880M->567M(978M) 51.863ms
[533.321s][info][gc,cpu         ] GC(1288) User=0.10s Sys=0.00s Real=0.05s
[533.642s][info][gc,start       ] GC(1289) Pause Young (Mixed) (G1 Evacuation Pause)
[533.643s][info][gc,task        ] GC(1289) Using 2 workers of 2 for evacuation
[533.690s][info][gc,phases      ] GC(1289)   Pre Evacuate Collection Set: 0.50ms
[533.690s][info][gc,phases      ] GC(1289)   Merge Heap Roots: 0.86ms
[533.690s][info][gc,phases      ] GC(1289)   Evacuate Collection Set: 45.14ms
[533.690s][info][gc,phases      ] GC(1289)   Post Evacuate Collection Set: 0.60ms
[533.690s][info][gc,phases      ] GC(1289)   Other: 0.08ms
[533.690s][info][gc,heap        ] GC(1289) Eden regions: 291->0(319)
[533.690s][info][gc,heap        ] GC(1289) Survivor regions: 1->1(37)
[533.690s][info][gc,heap        ] GC(1289) Old regions: 560->542
[533.690s][info][gc,heap        ] GC(1289) Humongous regions: 7->7
[533.690s][info][gc,metaspace   ] GC(1289) Metaspace: 19096K(19328K)->19096K(19328K) NonClass: 16435K(16576K)->16435K(16576K) Class: 2661K(2752K)->2661K(2752K)
[533.690s][info][gc             ] GC(1289) Pause Young (Mixed) (G1 Evacuation Pause) 858M->549M(978M) 47.421ms
[533.690s][info][gc,cpu         ] GC(1289) User=0.09s Sys=0.00s Real=0.05s
[534.030s][info][gc,start       ] GC(1290) Pause Young (Concurrent Start) (G1 Evacuation Pause)
[534.030s][info][gc,task        ] GC(1290) Using 2 workers of 2 for evacuation
[534.033s][info][gc,phases      ] GC(1290)   Pre Evacuate Collection Set: 0.35ms
[534.033s][info][gc,phases      ] GC(1290)   Merge Heap Roots: 0.11ms
[534.033s][info][gc,phases      ] GC(1290)   Evacuate Collection Set: 1.62ms
[534.033s][info][gc,phases      ] GC(1290)   Post Evacuate Collection Set: 0.49ms
[534.033s][info][gc,phases      ] GC(1290)   Other: 0.12ms
[534.033s][info][gc,heap        ] GC(1290) Eden regions: 319->0(335)
[534.033s][info][gc,heap        ] GC(1290) Survivor regions: 1->1(40)
[534.033s][info][gc,heap        ] GC(1290) Old regions: 542->542
[534.033s][info][gc,heap        ] GC(1290) Humongous regions: 7->7
[534.033s][info][gc,metaspace   ] GC(1290) Metaspace: 19096K(19328K)->19096K(19328K) NonClass: 16435K(16576K)->16435K(16576K) Class: 2661K(2752K)->2661K(2752K)
[534.033s][info][gc             ] GC(1290) Pause Young (Concurrent Start) (G1 Evacuation Pause) 868M->549M(978M) 2.911ms
[534.033s][info][gc,cpu         ] GC(1290) User=0.01s Sys=0.00s Real=0.00s
[534.033s][info][gc             ] GC(1291) Concurrent Mark Cycle
[534.033s][info][gc,marking     ] GC(1291) Concurrent Scan Root Regions
[534.037s][info][gc,marking     ] GC(1291) Concurrent Scan Root Regions 4.215ms
[534.037s][info][gc,marking     ] GC(1291) Concurrent Mark
[534.037s][info][gc,marking     ] GC(1291) Concurrent Mark From Roots
[534.037s][info][gc,task        ] GC(1291) Using 1 workers of 1 for marking
[534.566s][info][gc,start       ] GC(1292) Pause Young (Normal) (G1 Evacuation Pause)
[534.567s][info][gc,task        ] GC(1292) Using 2 workers of 2 for evacuation
[534.645s][info][gc,phases      ] GC(1292)   Pre Evacuate Collection Set: 0.48ms
[534.645s][info][gc,phases      ] GC(1292)   Merge Heap Roots: 0.49ms
[534.645s][info][gc,phases      ] GC(1292)   Evacuate Collection Set: 76.65ms
[534.645s][info][gc,phases      ] GC(1292)   Post Evacuate Collection Set: 0.69ms
[534.645s][info][gc,phases      ] GC(1292)   Other: 0.08ms
[534.645s][info][gc,heap        ] GC(1292) Eden regions: 335->0(277)
[534.645s][info][gc,heap        ] GC(1292) Survivor regions: 1->42(42)
[534.645s][info][gc,heap        ] GC(1292) Old regions: 542->553
[534.645s][info][gc,heap        ] GC(1292) Humongous regions: 10->10
[534.645s][info][gc,metaspace   ] GC(1292) Metaspace: 19098K(19328K)->19098K(19328K) NonClass: 16437K(16576K)->16437K(16576K) Class: 2661K(2752K)->2661K(2752K)
[534.645s][info][gc             ] GC(1292) Pause Young (Normal) (G1 Evacuation Pause) 887M->604M(978M) 78.668ms
[534.645s][info][gc,cpu         ] GC(1292) User=0.15s Sys=0.00s Real=0.07s
[535.114s][info][gc,start       ] GC(1293) Pause Young (Normal) (G1 Evacuation Pause)
[535.114s][info][gc,task        ] GC(1293) Using 2 workers of 2 for evacuation
[535.177s][info][gc,phases      ] GC(1293)   Pre Evacuate Collection Set: 0.51ms
[535.177s][info][gc,phases      ] GC(1293)   Merge Heap Roots: 0.43ms
[535.177s][info][gc,phases      ] GC(1293)   Evacuate Collection Set: 60.97ms
[535.177s][info][gc,phases      ] GC(1293)   Post Evacuate Collection Set: 0.55ms
[535.177s][info][gc,phases      ] GC(1293)   Other: 0.08ms
[535.177s][info][gc,heap        ] GC(1293) Eden regions: 277->0(283)
[535.177s][info][gc,heap        ] GC(1293) Survivor regions: 42->6(40)
[535.177s][info][gc,heap        ] GC(1293) Old regions: 553->596
[535.177s][info][gc,heap        ] GC(1293) Humongous regions: 10->10
[535.177s][info][gc,metaspace   ] GC(1293) Metaspace: 19098K(19328K)->19098K(19328K) NonClass: 16437K(16576K)->16437K(16576K) Class: 2661K(2752K)->2661K(2752K)
[535.177s][info][gc             ] GC(1293) Pause Young (Normal) (G1 Evacuation Pause) 881M->610M(978M) 62.794ms
[535.177s][info][gc,cpu         ] GC(1293) User=0.13s Sys=0.00s Real=0.07s
[535.181s][info][gc,marking     ] GC(1291) Concurrent Mark From Roots 1144.354ms
[535.181s][info][gc,marking     ] GC(1291) Concurrent Preclean
[535.181s][info][gc,marking     ] GC(1291) Concurrent Preclean 0.036ms
[535.182s][info][gc,start       ] GC(1291) Pause Remark
[535.190s][info][gc             ] GC(1291) Pause Remark 611M->466M(978M) 7.758ms
[535.190s][info][gc,cpu         ] GC(1291) User=0.01s Sys=0.00s Real=0.01s
[535.190s][info][gc,marking     ] GC(1291) Concurrent Mark 1153.181ms
[535.190s][info][gc,marking     ] GC(1291) Concurrent Rebuild Remembered Sets and Scrub Regions
[535.569s][info][gc,start       ] GC(1294) Pause Young (Normal) (G1 Evacuation Pause)
[535.569s][info][gc,task        ] GC(1294) Using 2 workers of 2 for evacuation
[535.591s][info][gc,phases      ] GC(1294)   Pre Evacuate Collection Set: 0.27ms
[535.591s][info][gc,phases      ] GC(1294)   Merge Heap Roots: 0.18ms
[535.591s][info][gc,phases      ] GC(1294)   Evacuate Collection Set: 21.34ms
[535.591s][info][gc,phases      ] GC(1294)   Post Evacuate Collection Set: 0.45ms
[535.591s][info][gc,phases      ] GC(1294)   Other: 0.09ms
[535.591s][info][gc,heap        ] GC(1294) Eden regions: 283->0(378)
[535.591s][info][gc,heap        ] GC(1294) Survivor regions: 6->20(37)
[535.591s][info][gc,heap        ] GC(1294) Old regions: 454->454
[535.591s][info][gc,heap        ] GC(1294) Humongous regions: 7->7
[535.591s][info][gc,metaspace   ] GC(1294) Metaspace: 19098K(19328K)->19098K(19328K) NonClass: 16437K(16576K)->16437K(16576K) Class: 2661K(2752K)->2661K(2752K)
[535.591s][info][gc             ] GC(1294) Pause Young (Normal) (G1 Evacuation Pause) 748M->480M(978M) 22.562ms
[535.591s][info][gc,cpu         ] GC(1294) User=0.05s Sys=0.00s Real=0.02s
[535.691s][info][gc,marking     ] GC(1291) Concurrent Rebuild Remembered Sets and Scrub Regions 500.850ms
[535.691s][info][gc,start       ] GC(1291) Pause Cleanup
[535.691s][info][gc             ] GC(1291) Pause Cleanup 560M->560M(978M) 0.113ms
[535.691s][info][gc,cpu         ] GC(1291) User=0.00s Sys=0.00s Real=0.00s
[535.691s][info][gc,marking     ] GC(1291) Concurrent Clear Claimed Marks
[535.691s][info][gc,marking     ] GC(1291) Concurrent Clear Claimed Marks 0.042ms
[535.692s][info][gc,marking     ] GC(1291) Concurrent Cleanup for Next Mark
[535.696s][info][gc,marking     ] GC(1291) Concurrent Cleanup for Next Mark 4.855ms
[535.696s][info][gc             ] GC(1291) Concurrent Mark Cycle 1663.692ms
[536.246s][info][gc,start       ] GC(1295) Pause Young (Prepare Mixed) (G1 Evacuation Pause)
[536.247s][info][gc,task        ] GC(1295) Using 2 workers of 2 for evacuation
[536.279s][info][gc,phases      ] GC(1295)   Pre Evacuate Collection Set: 0.50ms
[536.279s][info][gc,phases      ] GC(1295)   Merge Heap Roots: 0.24ms
[536.279s][info][gc,phases      ] GC(1295)   Evacuate Collection Set: 30.99ms
[536.279s][info][gc,phases      ] GC(1295)   Post Evacuate Collection Set: 0.61ms
[536.279s][info][gc,phases      ] GC(1295)   Other: 0.10ms
[536.279s][info][gc,heap        ] GC(1295) Eden regions: 378->0(386)
[536.279s][info][gc,heap        ] GC(1295) Survivor regions: 20->29(50)
[536.279s][info][gc,heap        ] GC(1295) Old regions: 454->454
[536.279s][info][gc,heap        ] GC(1295) Humongous regions: 7->7
[536.279s][info][gc,metaspace   ] GC(1295) Metaspace: 19098K(19328K)->19098K(19328K) NonClass: 16437K(16576K)->16437K(16576K) Class: 2661K(2752K)->2661K(2752K)
[536.279s][info][gc             ] GC(1295) Pause Young (Prepare Mixed) (G1 Evacuation Pause) 858M->488M(978M) 32.693ms
[536.279s][info][gc,cpu         ] GC(1295) User=0.06s Sys=0.00s Real=0.03s
[536.816s][info][gc,start       ] GC(1296) Pause Young (Mixed) (G1 Evacuation Pause)
[536.816s][info][gc,task        ] GC(1296) Using 2 workers of 2 for evacuation
[536.887s][info][gc,phases      ] GC(1296)   Pre Evacuate Collection Set: 0.50ms
[536.887s][info][gc,phases      ] GC(1296)   Merge Heap Roots: 0.45ms
[536.887s][info][gc,phases      ] GC(1296)   Evacuate Collection Set: 69.66ms
[536.887s][info][gc,phases      ] GC(1296)   Post Evacuate Collection Set: 0.66ms
[536.887s][info][gc,phases      ] GC(1296)   Other: 0.10ms
[536.887s][info][gc,heap        ] GC(1296) Eden regions: 386->0(369)
[536.887s][info][gc,heap        ] GC(1296) Survivor regions: 29->52(52)
[536.887s][info][gc,heap        ] GC(1296) Old regions: 454->445
[536.887s][info][gc,heap        ] GC(1296) Humongous regions: 7->7
[536.887s][info][gc,metaspace   ] GC(1296) Metaspace: 19098K(19328K)->19098K(19328K) NonClass: 16437K(16576K)->16437K(16576K) Class: 2661K(2752K)->2661K(2752K)
[536.887s][info][gc             ] GC(1296) Pause Young (Mixed) (G1 Evacuation Pause) 874M->503M(978M) 71.590ms
[536.887s][info][gc,cpu         ] GC(1296) User=0.14s Sys=0.00s Real=0.08s
[537.249s][info][gc,start       ] GC(1297) Pause Young (Concurrent Start) (G1 Evacuation Pause)
[537.249s][info][gc,task        ] GC(1297) Using 2 workers of 2 for evacuation
[537.316s][info][gc,phases      ] GC(1297)   Pre Evacuate Collection Set: 0.32ms
[537.316s][info][gc,phases      ] GC(1297)   Merge Heap Roots: 0.27ms
[537.316s][info][gc,phases      ] GC(1297)   Evacuate Collection Set: 65.70ms
[537.316s][info][gc,phases      ] GC(1297)   Post Evacuate Collection Set: 0.60ms
[537.316s][info][gc,phases      ] GC(1297)   Other: 0.21ms
[537.316s][info][gc,heap        ] GC(1297) Eden regions: 369->0(367)
[537.316s][info][gc,heap        ] GC(1297) Survivor regions: 52->14(53)
[537.316s][info][gc,heap        ] GC(1297) Old regions: 445->498
[537.316s][info][gc,heap        ] GC(1297) Humongous regions: 7->7
[537.316s][info][gc,metaspace   ] GC(1297) Metaspace: 19098K(19328K)->19098K(19328K) NonClass: 16437K(16576K)->16437K(16576K) Class: 2661K(2752K)->2661K(2752K)
[537.316s][info][gc             ] GC(1297) Pause Young (Concurrent Start) (G1 Evacuation Pause) 872M->517M(978M) 67.315ms
[537.316s][info][gc             ] GC(1298) Concurrent Mark Cycle
[537.316s][info][gc,marking     ] GC(1298) Concurrent Scan Root Regions
[537.316s][info][gc,cpu         ] GC(1297) User=0.14s Sys=0.00s Real=0.06s
[537.443s][info][gc,marking     ] GC(1298) Concurrent Scan Root Regions 126.535ms
[537.443s][info][gc,marking     ] GC(1298) Concurrent Mark
[537.443s][info][gc,marking     ] GC(1298) Concurrent Mark From Roots
[537.443s][info][gc,task        ] GC(1298) Using 1 workers of 1 for marking
[537.915s][info][gc,start       ] GC(1299) Pause Young (Normal) (G1 Evacuation Pause)
[537.915s][info][gc,task        ] GC(1299) Using 2 workers of 2 for evacuation
[537.949s][info][gc,phases      ] GC(1299)   Pre Evacuate Collection Set: 0.50ms
[537.949s][info][gc,phases      ] GC(1299)   Merge Heap Roots: 0.24ms
[537.949s][info][gc,phases      ] GC(1299)   Evacuate Collection Set: 32.14ms
[537.949s][info][gc,phases      ] GC(1299)   Post Evacuate Collection Set: 0.56ms
[537.949s][info][gc,phases      ] GC(1299)   Other: 0.09ms
[537.949s][info][gc,heap        ] GC(1299) Eden regions: 367->0(361)
[537.949s][info][gc,heap        ] GC(1299) Survivor regions: 14->29(48)
[537.949s][info][gc,heap        ] GC(1299) Old regions: 498->498
[537.949s][info][gc,heap        ] GC(1299) Humongous regions: 7->7
[537.949s][info][gc,metaspace   ] GC(1299) Metaspace: 19098K(19328K)->19098K(19328K) NonClass: 16437K(16576K)->16437K(16576K) Class: 2661K(2752K)->2661K(2752K)
[537.949s][info][gc             ] GC(1299) Pause Young (Normal) (G1 Evacuation Pause) 884M->533M(978M) 33.745ms
[537.949s][info][gc,cpu         ] GC(1299) User=0.06s Sys=0.00s Real=0.04s
[538.165s][info][gc,marking     ] GC(1298) Concurrent Mark From Roots 722.412ms
[538.165s][info][gc,marking     ] GC(1298) Concurrent Preclean
[538.165s][info][gc,marking     ] GC(1298) Concurrent Preclean 0.045ms
[538.166s][info][gc,start       ] GC(1298) Pause Remark
[538.173s][info][gc             ] GC(1298) Pause Remark 608M->478M(978M) 7.758ms
[538.173s][info][gc,cpu         ] GC(1298) User=0.02s Sys=0.00s Real=0.01s
[538.173s][info][gc,marking     ] GC(1298) Concurrent Mark 730.758ms
[538.173s][info][gc,marking     ] GC(1298) Concurrent Rebuild Remembered Sets and Scrub Regions
[538.443s][info][gc,marking     ] GC(1298) Concurrent Rebuild Remembered Sets and Scrub Regions 269.375ms
[538.444s][info][gc,start       ] GC(1298) Pause Cleanup
[538.444s][info][gc             ] GC(1298) Pause Cleanup 516M->516M(978M) 0.127ms
[538.444s][info][gc,cpu         ] GC(1298) User=0.00s Sys=0.00s Real=0.00s
[538.444s][info][gc,marking     ] GC(1298) Concurrent Clear Claimed Marks
[538.444s][info][gc,marking     ] GC(1298) Concurrent Clear Claimed Marks 0.048ms
[538.444s][info][gc,marking     ] GC(1298) Concurrent Cleanup for Next Mark
[538.451s][info][gc,marking     ] GC(1298) Concurrent Cleanup for Next Mark 7.226ms
[538.451s][info][gc             ] GC(1298) Concurrent Mark Cycle 1135.180ms
[538.890s][info][gc,start       ] GC(1300) Pause Young (Prepare Mixed) (G1 Evacuation Pause)
[538.890s][info][gc,task        ] GC(1300) Using 2 workers of 2 for evacuation
[538.947s][info][gc,phases      ] GC(1300)   Pre Evacuate Collection Set: 0.31ms
[538.947s][info][gc,phases      ] GC(1300)   Merge Heap Roots: 0.31ms
[538.947s][info][gc,phases      ] GC(1300)   Evacuate Collection Set: 55.02ms
[538.947s][info][gc,phases      ] GC(1300)   Post Evacuate Collection Set: 0.63ms
[538.947s][info][gc,phases      ] GC(1300)   Other: 0.09ms
[538.947s][info][gc,heap        ] GC(1300) Eden regions: 361->0(434)
[538.947s][info][gc,heap        ] GC(1300) Survivor regions: 29->44(49)
[538.947s][info][gc,heap        ] GC(1300) Old regions: 371->385
[538.947s][info][gc,heap        ] GC(1300) Humongous regions: 4->4
[538.947s][info][gc,metaspace   ] GC(1300) Metaspace: 19098K(19328K)->19098K(19328K) NonClass: 16437K(16576K)->16437K(16576K) Class: 2661K(2752K)->2661K(2752K)
[538.947s][info][gc             ] GC(1300) Pause Young (Prepare Mixed) (G1 Evacuation Pause) 764M->431M(978M) 56.612ms
[538.947s][info][gc,cpu         ] GC(1300) User=0.11s Sys=0.01s Real=0.06s
[539.542s][info][gc,start       ] GC(1301) Pause Young (Mixed) (G1 Evacuation Pause)
[539.542s][info][gc,task        ] GC(1301) Using 2 workers of 2 for evacuation
[539.697s][info][gc,phases      ] GC(1301)   Pre Evacuate Collection Set: 0.51ms
[539.697s][info][gc,phases      ] GC(1301)   Merge Heap Roots: 0.24ms
[539.697s][info][gc,phases      ] GC(1301)   Evacuate Collection Set: 139.12ms
[539.697s][info][gc,phases      ] GC(1301)   Post Evacuate Collection Set: 14.15ms
[539.697s][info][gc,phases      ] GC(1301)   Other: 0.11ms
[539.697s][info][gc,heap        ] GC(1301) Eden regions: 434->0(219)
[539.697s][info][gc,heap        ] GC(1301) Survivor regions: 44->60(60)
[539.697s][info][gc,heap        ] GC(1301) Old regions: 385->585
[539.697s][info][gc,heap        ] GC(1301) Humongous regions: 4->4
[539.697s][info][gc,metaspace   ] GC(1301) Metaspace: 19098K(19328K)->19098K(19328K) NonClass: 16437K(16576K)->16437K(16576K) Class: 2661K(2752K)->2661K(2752K)
[539.697s][info][gc             ] GC(1301) Pause Young (Mixed) (G1 Evacuation Pause) (Evacuation Failure: Allocation) 865M->648M(978M) 154.422ms
[539.697s][info][gc,cpu         ] GC(1301) User=0.30s Sys=0.00s Real=0.16s
[539.958s][info][gc,start       ] GC(1302) Pause Young (Concurrent Start) (G1 Evacuation Pause)
[539.958s][info][gc,task        ] GC(1302) Using 2 workers of 2 for evacuation
[540.089s][info][gc,phases      ] GC(1302)   Pre Evacuate Collection Set: 0.36ms
[540.089s][info][gc,phases      ] GC(1302)   Merge Heap Roots: 0.47ms
[540.089s][info][gc,phases      ] GC(1302)   Evacuate Collection Set: 122.43ms
[540.089s][info][gc,phases      ] GC(1302)   Post Evacuate Collection Set: 6.84ms
[540.089s][info][gc,phases      ] GC(1302)   Other: 0.13ms
[540.089s][info][gc,heap        ] GC(1302) Eden regions: 219->0(290)
[540.089s][info][gc,heap        ] GC(1302) Survivor regions: 60->10(35)
[540.089s][info][gc,heap        ] GC(1302) Old regions: 585->587
[540.089s][info][gc,heap        ] GC(1302) Humongous regions: 4->4
[540.089s][info][gc,metaspace   ] GC(1302) Metaspace: 19098K(19328K)->19098K(19328K) NonClass: 16437K(16576K)->16437K(16576K) Class: 2661K(2752K)->2661K(2752K)
[540.089s][info][gc             ] GC(1302) Pause Young (Concurrent Start) (G1 Evacuation Pause) (Evacuation Failure: Allocation) 867M->600M(978M) 130.494ms
[540.089s][info][gc,cpu         ] GC(1302) User=0.25s Sys=0.00s Real=0.13s
[540.089s][info][gc             ] GC(1303) Concurrent Mark Cycle
[540.091s][info][gc,marking     ] GC(1303) Concurrent Scan Root Regions
[540.225s][info][gc,marking     ] GC(1303) Concurrent Scan Root Regions 133.778ms
[540.225s][info][gc,marking     ] GC(1303) Concurrent Mark
[540.225s][info][gc,marking     ] GC(1303) Concurrent Mark From Roots
[540.225s][info][gc,task        ] GC(1303) Using 1 workers of 1 for marking
[540.785s][info][gc,start       ] GC(1304) Pause Young (Normal) (G1 Evacuation Pause)
[540.785s][info][gc,task        ] GC(1304) Using 2 workers of 2 for evacuation
[540.956s][info][gc,phases      ] GC(1304)   Pre Evacuate Collection Set: 0.32ms
[540.956s][info][gc,phases      ] GC(1304)   Merge Heap Roots: 0.86ms
[540.956s][info][gc,phases      ] GC(1304)   Evacuate Collection Set: 157.98ms
[540.956s][info][gc,phases      ] GC(1304)   Post Evacuate Collection Set: 11.13ms
[540.956s][info][gc,phases      ] GC(1304)   Other: 0.10ms
[540.956s][info][gc,heap        ] GC(1304) Eden regions: 290->0(183)
[540.956s][info][gc,heap        ] GC(1304) Survivor regions: 10->38(38)
[540.956s][info][gc,heap        ] GC(1304) Old regions: 587->656
[540.956s][info][gc,heap        ] GC(1304) Humongous regions: 13->13
[540.956s][info][gc,metaspace   ] GC(1304) Metaspace: 19098K(19328K)->19098K(19328K) NonClass: 16437K(16576K)->16437K(16576K) Class: 2661K(2752K)->2661K(2752K)
[540.956s][info][gc             ] GC(1304) Pause Young (Normal) (G1 Evacuation Pause) (Evacuation Failure: Allocation) 899M->706M(978M) 170.603ms
[540.956s][info][gc,cpu         ] GC(1304) User=0.34s Sys=0.00s Real=0.17s
[540.999s][info][gc,start       ] GC(1305) Pause Young (Normal) (G1 Evacuation Pause)
[540.999s][info][gc,task        ] GC(1305) Using 2 workers of 2 for evacuation
[541.114s][info][gc,phases      ] GC(1305)   Pre Evacuate Collection Set: 0.50ms
[541.114s][info][gc,phases      ] GC(1305)   Merge Heap Roots: 4.47ms
[541.114s][info][gc,phases      ] GC(1305)   Evacuate Collection Set: 73.62ms
[541.114s][info][gc,phases      ] GC(1305)   Merge Optional Heap Roots: 0.24ms
[541.114s][info][gc,phases      ] GC(1305)   Evacuate Optional Collection Set: 34.37ms
[541.114s][info][gc,phases      ] GC(1305)   Post Evacuate Collection Set: 1.10ms
[541.114s][info][gc,phases      ] GC(1305)   Other: 0.12ms
[541.114s][info][gc,heap        ] GC(1305) Eden regions: 10->0(252)
[541.114s][info][gc,heap        ] GC(1305) Survivor regions: 38->1(6)
[541.114s][info][gc,heap        ] GC(1305) Old regions: 656->613
[541.114s][info][gc,heap        ] GC(1305) Humongous regions: 13->13
[541.114s][info][gc,metaspace   ] GC(1305) Metaspace: 19098K(19328K)->19098K(19328K) NonClass: 16437K(16576K)->16437K(16576K) Class: 2661K(2752K)->2661K(2752K)
[541.114s][info][gc             ] GC(1305) Pause Young (Normal) (G1 Evacuation Pause) 716M->626M(978M) 114.709ms
[541.114s][info][gc,cpu         ] GC(1305) User=0.22s Sys=0.00s Real=0.11s
[541.754s][info][gc,marking     ] GC(1303) Concurrent Mark From Roots 1529.117ms
[541.754s][info][gc,marking     ] GC(1303) Concurrent Preclean
[541.754s][info][gc,marking     ] GC(1303) Concurrent Preclean 0.041ms
[541.754s][info][gc,start       ] GC(1303) Pause Remark
[541.762s][info][gc             ] GC(1303) Pause Remark 832M->832M(978M) 7.714ms
[541.762s][info][gc,cpu         ] GC(1303) User=0.01s Sys=0.00s Real=0.01s
[541.763s][info][gc,marking     ] GC(1303) Concurrent Mark 1537.977ms
[541.763s][info][gc,marking     ] GC(1303) Concurrent Rebuild Remembered Sets and Scrub Regions
[541.856s][info][gc,start       ] GC(1306) Pause Young (Normal) (G1 Evacuation Pause)
[541.856s][info][gc,task        ] GC(1306) Using 2 workers of 2 for evacuation
[541.866s][info][gc,phases      ] GC(1306)   Pre Evacuate Collection Set: 0.46ms
[541.866s][info][gc,phases      ] GC(1306)   Merge Heap Roots: 0.55ms
[541.866s][info][gc,phases      ] GC(1306)   Evacuate Collection Set: 8.73ms
[541.866s][info][gc,phases      ] GC(1306)   Post Evacuate Collection Set: 0.39ms
[541.866s][info][gc,phases      ] GC(1306)   Other: 0.09ms
[541.866s][info][gc,heap        ] GC(1306) Eden regions: 252->0(266)
[541.866s][info][gc,heap        ] GC(1306) Survivor regions: 1->1(32)
[541.866s][info][gc,heap        ] GC(1306) Old regions: 613->613
[541.866s][info][gc,heap        ] GC(1306) Humongous regions: 13->13
[541.866s][info][gc,metaspace   ] GC(1306) Metaspace: 19098K(19328K)->19098K(19328K) NonClass: 16437K(16576K)->16437K(16576K) Class: 2661K(2752K)->2661K(2752K)
[541.866s][info][gc             ] GC(1306) Pause Young (Normal) (G1 Evacuation Pause) 878M->626M(978M) 10.416ms
[541.866s][info][gc,cpu         ] GC(1306) User=0.02s Sys=0.00s Real=0.02s
[542.271s][info][gc,marking     ] GC(1303) Concurrent Rebuild Remembered Sets and Scrub Regions 507.615ms
[542.271s][info][gc,start       ] GC(1303) Pause Cleanup
[542.271s][info][gc             ] GC(1303) Pause Cleanup 794M->794M(978M) 0.091ms
[542.271s][info][gc,cpu         ] GC(1303) User=0.00s Sys=0.00s Real=0.00s
[542.271s][info][gc,marking     ] GC(1303) Concurrent Clear Claimed Marks
[542.271s][info][gc,marking     ] GC(1303) Concurrent Clear Claimed Marks 0.033ms
[542.271s][info][gc,marking     ] GC(1303) Concurrent Cleanup for Next Mark
[542.274s][info][gc,marking     ] GC(1303) Concurrent Cleanup for Next Mark 2.832ms
[542.274s][info][gc             ] GC(1303) Concurrent Mark Cycle 2185.275ms
[542.419s][info][gc,start       ] GC(1307) Pause Young (Prepare Mixed) (G1 Evacuation Pause)
[542.419s][info][gc,task        ] GC(1307) Using 2 workers of 2 for evacuation
[542.421s][info][gc,phases      ] GC(1307)   Pre Evacuate Collection Set: 0.49ms
[542.421s][info][gc,phases      ] GC(1307)   Merge Heap Roots: 0.09ms
[542.421s][info][gc,phases      ] GC(1307)   Evacuate Collection Set: 0.21ms
[542.421s][info][gc,phases      ] GC(1307)   Post Evacuate Collection Set: 0.44ms
[542.421s][info][gc,phases      ] GC(1307)   Other: 0.11ms
[542.421s][info][gc,heap        ] GC(1307) Eden regions: 266->0(280)
[542.421s][info][gc,heap        ] GC(1307) Survivor regions: 1->1(34)
[542.421s][info][gc,heap        ] GC(1307) Old regions: 613->613
[542.421s][info][gc,heap        ] GC(1307) Humongous regions: 13->13
[542.421s][info][gc,metaspace   ] GC(1307) Metaspace: 19098K(19328K)->19098K(19328K) NonClass: 16437K(16576K)->16437K(16576K) Class: 2661K(2752K)->2661K(2752K)
[542.421s][info][gc             ] GC(1307) Pause Young (Prepare Mixed) (G1 Evacuation Pause) 892M->626M(978M) 1.562ms
[542.421s][info][gc,cpu         ] GC(1307) User=0.00s Sys=0.00s Real=0.00s
[542.830s][info][gc,start       ] GC(1308) Pause Young (Mixed) (G1 Evacuation Pause)
[542.830s][info][gc,task        ] GC(1308) Using 2 workers of 2 for evacuation
[542.831s][info][gc,phases      ] GC(1308)   Pre Evacuate Collection Set: 0.30ms
[542.831s][info][gc,phases      ] GC(1308)   Merge Heap Roots: 0.10ms
[542.831s][info][gc,phases      ] GC(1308)   Evacuate Collection Set: 0.30ms
[542.831s][info][gc,phases      ] GC(1308)   Post Evacuate Collection Set: 0.41ms
[542.831s][info][gc,phases      ] GC(1308)   Other: 0.10ms
[542.831s][info][gc,heap        ] GC(1308) Eden regions: 280->0(299)
[542.831s][info][gc,heap        ] GC(1308) Survivor regions: 1->1(36)
[542.831s][info][gc,heap        ] GC(1308) Old regions: 613->604
[542.831s][info][gc,heap        ] GC(1308) Humongous regions: 13->13
[542.831s][info][gc,metaspace   ] GC(1308) Metaspace: 19098K(19328K)->19098K(19328K) NonClass: 16437K(16576K)->16437K(16576K) Class: 2661K(2752K)->2661K(2752K)
[542.831s][info][gc             ] GC(1308) Pause Young (Mixed) (G1 Evacuation Pause) 906M->616M(978M) 1.449ms
[542.831s][info][gc,cpu         ] GC(1308) User=0.01s Sys=0.00s Real=0.00s
[543.251s][info][gc,start       ] GC(1309) Pause Young (Concurrent Start) (G1 Evacuation Pause)
[543.251s][info][gc,task        ] GC(1309) Using 2 workers of 2 for evacuation
[543.263s][info][gc,phases      ] GC(1309)   Pre Evacuate Collection Set: 0.35ms
[543.263s][info][gc,phases      ] GC(1309)   Merge Heap Roots: 0.14ms
[543.263s][info][gc,phases      ] GC(1309)   Evacuate Collection Set: 10.39ms
[543.263s][info][gc,phases      ] GC(1309)   Post Evacuate Collection Set: 0.50ms
[543.263s][info][gc,phases      ] GC(1309)   Other: 0.22ms
[543.263s][info][gc,heap        ] GC(1309) Eden regions: 299->0(293)
[543.263s][info][gc,heap        ] GC(1309) Survivor regions: 1->9(38)
[543.263s][info][gc,heap        ] GC(1309) Old regions: 604->604
[543.263s][info][gc,heap        ] GC(1309) Humongous regions: 13->13
[543.263s][info][gc,metaspace   ] GC(1309) Metaspace: 19098K(19328K)->19098K(19328K) NonClass: 16437K(16576K)->16437K(16576K) Class: 2661K(2752K)->2661K(2752K)
[543.263s][info][gc             ] GC(1309) Pause Young (Concurrent Start) (G1 Evacuation Pause) 915M->624M(978M) 11.815ms
[543.263s][info][gc,cpu         ] GC(1309) User=0.02s Sys=0.00s Real=0.01s
[543.263s][info][gc             ] GC(1310) Concurrent Mark Cycle
[543.263s][info][gc,marking     ] GC(1310) Concurrent Scan Root Regions
[543.279s][info][gc,marking     ] GC(1310) Concurrent Scan Root Regions 16.318ms
[543.279s][info][gc,marking     ] GC(1310) Concurrent Mark
[543.279s][info][gc,marking     ] GC(1310) Concurrent Mark From Roots
[543.279s][info][gc,task        ] GC(1310) Using 1 workers of 1 for marking
[543.719s][info][gc,start       ] GC(1311) Pause Young (Normal) (G1 Evacuation Pause)
[543.719s][info][gc,task        ] GC(1311) Using 2 workers of 2 for evacuation
[543.754s][info][gc,phases      ] GC(1311)   Pre Evacuate Collection Set: 0.50ms
[543.754s][info][gc,phases      ] GC(1311)   Merge Heap Roots: 0.17ms
[543.754s][info][gc,phases      ] GC(1311)   Evacuate Collection Set: 33.74ms
[543.754s][info][gc,phases      ] GC(1311)   Post Evacuate Collection Set: 0.49ms
[543.754s][info][gc,phases      ] GC(1311)   Other: 0.09ms
[543.754s][info][gc,heap        ] GC(1311) Eden regions: 293->0(249)
[543.754s][info][gc,heap        ] GC(1311) Survivor regions: 9->31(38)
[543.754s][info][gc,heap        ] GC(1311) Old regions: 604->604
[543.754s][info][gc,heap        ] GC(1311) Humongous regions: 13->13
[543.754s][info][gc,metaspace   ] GC(1311) Metaspace: 19098K(19328K)->19098K(19328K) NonClass: 16437K(16576K)->16437K(16576K) Class: 2661K(2752K)->2661K(2752K)
[543.754s][info][gc             ] GC(1311) Pause Young (Normal) (G1 Evacuation Pause) 917M->647M(978M) 35.225ms
[543.754s][info][gc,cpu         ] GC(1311) User=0.07s Sys=0.00s Real=0.03s
[544.249s][info][gc,start       ] GC(1312) Pause Young (Normal) (G1 Evacuation Pause)
[544.249s][info][gc,task        ] GC(1312) Using 2 workers of 2 for evacuation
[544.290s][info][gc,phases      ] GC(1312)   Pre Evacuate Collection Set: 0.50ms
[544.290s][info][gc,phases      ] GC(1312)   Merge Heap Roots: 0.17ms
[544.290s][info][gc,phases      ] GC(1312)   Evacuate Collection Set: 39.72ms
[544.290s][info][gc,phases      ] GC(1312)   Post Evacuate Collection Set: 0.48ms
[544.290s][info][gc,phases      ] GC(1312)   Other: 0.09ms
[544.290s][info][gc,heap        ] GC(1312) Eden regions: 249->0(261)
[544.290s][info][gc,heap        ] GC(1312) Survivor regions: 31->10(35)
[544.290s][info][gc,heap        ] GC(1312) Old regions: 604->634
[544.290s][info][gc,heap        ] GC(1312) Humongous regions: 13->13
[544.290s][info][gc,metaspace   ] GC(1312) Metaspace: 19098K(19328K)->19098K(19328K) NonClass: 16437K(16576K)->16437K(16576K) Class: 2661K(2752K)->2661K(2752K)
[544.290s][info][gc             ] GC(1312) Pause Young (Normal) (G1 Evacuation Pause) 896M->656M(978M) 41.172ms
[544.290s][info][gc,cpu         ] GC(1312) User=0.08s Sys=0.00s Real=0.04s
[544.672s][info][gc,marking     ] GC(1310) Concurrent Mark From Roots 1392.506ms
[544.672s][info][gc,marking     ] GC(1310) Concurrent Preclean
[544.672s][info][gc,marking     ] GC(1310) Concurrent Preclean 0.049ms
[544.672s][info][gc,start       ] GC(1310) Pause Remark
[544.680s][info][gc             ] GC(1310) Pause Remark 748M->684M(978M) 7.861ms
[544.680s][info][gc,cpu         ] GC(1310) User=0.01s Sys=0.00s Real=0.01s
[544.680s][info][gc,marking     ] GC(1310) Concurrent Mark 1400.746ms
[544.680s][info][gc,marking     ] GC(1310) Concurrent Rebuild Remembered Sets and Scrub Regions
[545.076s][info][gc,marking     ] GC(1310) Concurrent Rebuild Remembered Sets and Scrub Regions 396.199ms
[545.076s][info][gc,start       ] GC(1310) Pause Cleanup
[545.077s][info][gc             ] GC(1310) Pause Cleanup 820M->820M(978M) 0.154ms
[545.077s][info][gc,cpu         ] GC(1310) User=0.00s Sys=0.00s Real=0.00s
[545.078s][info][gc,marking     ] GC(1310) Concurrent Clear Claimed Marks
[545.078s][info][gc,marking     ] GC(1310) Concurrent Clear Claimed Marks 0.044ms
[545.078s][info][gc,marking     ] GC(1310) Concurrent Cleanup for Next Mark
[545.085s][info][gc,marking     ] GC(1310) Concurrent Cleanup for Next Mark 6.771ms
[545.085s][info][gc             ] GC(1310) Concurrent Mark Cycle 1822.244ms
[545.144s][info][gc,start       ] GC(1313) Pause Young (Prepare Mixed) (G1 Evacuation Pause)
[545.144s][info][gc,task        ] GC(1313) Using 2 workers of 2 for evacuation
[545.156s][info][gc,phases      ] GC(1313)   Pre Evacuate Collection Set: 0.29ms
[545.156s][info][gc,phases      ] GC(1313)   Merge Heap Roots: 0.18ms
[545.156s][info][gc,phases      ] GC(1313)   Evacuate Collection Set: 11.08ms
[545.156s][info][gc,phases      ] GC(1313)   Post Evacuate Collection Set: 0.44ms
[545.156s][info][gc,phases      ] GC(1313)   Other: 0.09ms
[545.156s][info][gc,heap        ] GC(1313) Eden regions: 261->0(325)
[545.156s][info][gc,heap        ] GC(1313) Survivor regions: 10->10(34)
[545.156s][info][gc,heap        ] GC(1313) Old regions: 576->576
[545.156s][info][gc,heap        ] GC(1313) Humongous regions: 7->7
[545.156s][info][gc,metaspace   ] GC(1313) Metaspace: 19098K(19328K)->19098K(19328K) NonClass: 16437K(16576K)->16437K(16576K) Class: 2661K(2752K)->2661K(2752K)
[545.156s][info][gc             ] GC(1313) Pause Young (Prepare Mixed) (G1 Evacuation Pause) 853M->592M(978M) 12.264ms
[545.156s][info][gc,cpu         ] GC(1313) User=0.03s Sys=0.00s Real=0.01s
[545.655s][info][gc,start       ] GC(1314) Pause Young (Mixed) (G1 Evacuation Pause)
[545.655s][info][gc,task        ] GC(1314) Using 2 workers of 2 for evacuation
[545.711s][info][gc,phases      ] GC(1314)   Pre Evacuate Collection Set: 0.53ms
[545.711s][info][gc,phases      ] GC(1314)   Merge Heap Roots: 1.18ms
[545.711s][info][gc,phases      ] GC(1314)   Evacuate Collection Set: 54.23ms
[545.712s][info][gc,phases      ] GC(1314)   Post Evacuate Collection Set: 0.63ms
[545.712s][info][gc,phases      ] GC(1314)   Other: 0.09ms
[545.712s][info][gc,heap        ] GC(1314) Eden regions: 325->0(381)
[545.712s][info][gc,heap        ] GC(1314) Survivor regions: 10->23(42)
[545.712s][info][gc,heap        ] GC(1314) Old regions: 576->494
[545.712s][info][gc,heap        ] GC(1314) Humongous regions: 7->7
[545.712s][info][gc,metaspace   ] GC(1314) Metaspace: 19098K(19328K)->19098K(19328K) NonClass: 16437K(16576K)->16437K(16576K) Class: 2661K(2752K)->2661K(2752K)
[545.712s][info][gc             ] GC(1314) Pause Young (Mixed) (G1 Evacuation Pause) 917M->523M(978M) 56.941ms
[545.712s][info][gc,cpu         ] GC(1314) User=0.11s Sys=0.00s Real=0.06s
[546.136s][info][gc,start       ] GC(1315) Pause Young (Concurrent Start) (G1 Humongous Allocation)
[546.136s][info][gc,task        ] GC(1315) Using 2 workers of 2 for evacuation
[546.218s][info][gc,phases      ] GC(1315)   Pre Evacuate Collection Set: 0.33ms
[546.218s][info][gc,phases      ] GC(1315)   Merge Heap Roots: 0.19ms
[546.218s][info][gc,phases      ] GC(1315)   Evacuate Collection Set: 79.90ms
[546.218s][info][gc,phases      ] GC(1315)   Post Evacuate Collection Set: 1.15ms
[546.218s][info][gc,phases      ] GC(1315)   Other: 0.11ms
[546.218s][info][gc,heap        ] GC(1315) Eden regions: 338->0(294)
[546.218s][info][gc,heap        ] GC(1315) Survivor regions: 23->51(51)
[546.218s][info][gc,heap        ] GC(1315) Old regions: 494->525
[546.218s][info][gc,heap        ] GC(1315) Humongous regions: 7->7
[546.218s][info][gc,metaspace   ] GC(1315) Metaspace: 19098K(19328K)->19098K(19328K) NonClass: 16437K(16576K)->16437K(16576K) Class: 2661K(2752K)->2661K(2752K)
[546.218s][info][gc             ] GC(1315) Pause Young (Concurrent Start) (G1 Humongous Allocation) 861M->582M(978M) 81.973ms
[546.218s][info][gc,cpu         ] GC(1315) User=0.16s Sys=0.00s Real=0.08s
[546.218s][info][gc             ] GC(1316) Concurrent Mark Cycle
[546.221s][info][gc,marking     ] GC(1316) Concurrent Scan Root Regions
[546.299s][info][gc,marking     ] GC(1316) Concurrent Scan Root Regions 77.975ms
[546.299s][info][gc,marking     ] GC(1316) Concurrent Mark
[546.299s][info][gc,marking     ] GC(1316) Concurrent Mark From Roots
[546.299s][info][gc,task        ] GC(1316) Using 1 workers of 1 for marking
[547.106s][info][gc,marking     ] GC(1316) Concurrent Mark From Roots 806.515ms
[547.106s][info][gc,marking     ] GC(1316) Concurrent Preclean
[547.106s][info][gc,marking     ] GC(1316) Concurrent Preclean 0.045ms
[547.106s][info][gc,start       ] GC(1316) Pause Remark
[547.114s][info][gc             ] GC(1316) Pause Remark 836M->672M(978M) 8.024ms
[547.114s][info][gc,cpu         ] GC(1316) User=0.02s Sys=0.00s Real=0.01s
[547.114s][info][gc,marking     ] GC(1316) Concurrent Mark 815.044ms
[547.114s][info][gc,marking     ] GC(1316) Concurrent Rebuild Remembered Sets and Scrub Regions
[547.198s][info][gc,start       ] GC(1317) Pause Young (Normal) (G1 Evacuation Pause)
[547.198s][info][gc,task        ] GC(1317) Using 2 workers of 2 for evacuation
[547.267s][info][gc,phases      ] GC(1317)   Pre Evacuate Collection Set: 0.28ms
[547.267s][info][gc,phases      ] GC(1317)   Merge Heap Roots: 0.44ms
[547.267s][info][gc,phases      ] GC(1317)   Evacuate Collection Set: 66.99ms
[547.267s][info][gc,phases      ] GC(1317)   Post Evacuate Collection Set: 0.53ms
[547.267s][info][gc,phases      ] GC(1317)   Other: 0.11ms
[547.267s][info][gc,heap        ] GC(1317) Eden regions: 294->0(454)
[547.267s][info][gc,heap        ] GC(1317) Survivor regions: 51->6(44)
[547.267s][info][gc,heap        ] GC(1317) Old regions: 363->414
[547.267s][info][gc,heap        ] GC(1317) Humongous regions: 8->8
[547.267s][info][gc,metaspace   ] GC(1317) Metaspace: 19098K(19328K)->19098K(19328K) NonClass: 16437K(16576K)->16437K(16576K) Class: 2661K(2752K)->2661K(2752K)
[547.267s][info][gc             ] GC(1317) Pause Young (Normal) (G1 Evacuation Pause) 715M->426M(978M) 68.572ms
[547.267s][info][gc,cpu         ] GC(1317) User=0.13s Sys=0.00s Real=0.07s
[547.519s][info][gc,marking     ] GC(1316) Concurrent Rebuild Remembered Sets and Scrub Regions 404.189ms
[547.520s][info][gc,start       ] GC(1316) Pause Cleanup
[547.520s][info][gc             ] GC(1316) Pause Cleanup 540M->540M(978M) 0.097ms
[547.520s][info][gc,cpu         ] GC(1316) User=0.00s Sys=0.00s Real=0.00s
[547.520s][info][gc,marking     ] GC(1316) Concurrent Clear Claimed Marks
[547.520s][info][gc,marking     ] GC(1316) Concurrent Clear Claimed Marks 0.032ms
[547.520s][info][gc,marking     ] GC(1316) Concurrent Cleanup for Next Mark
[547.525s][info][gc,marking     ] GC(1316) Concurrent Cleanup for Next Mark 4.868ms
[547.525s][info][gc             ] GC(1316) Concurrent Mark Cycle 1306.540ms
[548.007s][info][gc,start       ] GC(1318) Pause Young (Prepare Mixed) (G1 Evacuation Pause)
[548.007s][info][gc,task        ] GC(1318) Using 2 workers of 2 for evacuation
[548.017s][info][gc,phases      ] GC(1318)   Pre Evacuate Collection Set: 0.54ms
[548.017s][info][gc,phases      ] GC(1318)   Merge Heap Roots: 0.15ms
[548.017s][info][gc,phases      ] GC(1318)   Evacuate Collection Set: 8.21ms
[548.017s][info][gc,phases      ] GC(1318)   Post Evacuate Collection Set: 0.66ms
[548.017s][info][gc,phases      ] GC(1318)   Other: 0.11ms
[548.017s][info][gc,heap        ] GC(1318) Eden regions: 454->0(473)
[548.017s][info][gc,heap        ] GC(1318) Survivor regions: 6->6(58)
[548.017s][info][gc,heap        ] GC(1318) Old regions: 414->414
[548.017s][info][gc,heap        ] GC(1318) Humongous regions: 8->8
[548.017s][info][gc,metaspace   ] GC(1318) Metaspace: 19098K(19328K)->19098K(19328K) NonClass: 16437K(16576K)->16437K(16576K) Class: 2661K(2752K)->2661K(2752K)
[548.017s][info][gc             ] GC(1318) Pause Young (Prepare Mixed) (G1 Evacuation Pause) 880M->427M(978M) 9.911ms
[548.017s][info][gc,cpu         ] GC(1318) User=0.02s Sys=0.00s Real=0.01s
[548.526s][info][gc,start       ] GC(1319) Pause Young (Mixed) (G1 Evacuation Pause)
[548.526s][info][gc,task        ] GC(1319) Using 2 workers of 2 for evacuation
[548.567s][info][gc,phases      ] GC(1319)   Pre Evacuate Collection Set: 0.49ms
[548.567s][info][gc,phases      ] GC(1319)   Merge Heap Roots: 0.25ms
[548.567s][info][gc,phases      ] GC(1319)   Evacuate Collection Set: 39.39ms
[548.567s][info][gc,phases      ] GC(1319)   Post Evacuate Collection Set: 0.67ms
[548.567s][info][gc,phases      ] GC(1319)   Other: 0.08ms
[548.567s][info][gc,heap        ] GC(1319) Eden regions: 473->0(451)
[548.567s][info][gc,heap        ] GC(1319) Survivor regions: 6->32(60)
[548.567s][info][gc,heap        ] GC(1319) Old regions: 414->405
[548.567s][info][gc,heap        ] GC(1319) Humongous regions: 8->8
[548.567s][info][gc,metaspace   ] GC(1319) Metaspace: 19098K(19328K)->19098K(19328K) NonClass: 16437K(16576K)->16437K(16576K) Class: 2661K(2752K)->2661K(2752K)
[548.567s][info][gc             ] GC(1319) Pause Young (Mixed) (G1 Evacuation Pause) 900M->444M(978M) 41.129ms
[548.567s][info][gc,cpu         ] GC(1319) User=0.08s Sys=0.00s Real=0.05s
[548.901s][info][gc,start       ] GC(1320) Pause Young (Concurrent Start) (G1 Evacuation Pause)
[548.901s][info][gc,task        ] GC(1320) Using 2 workers of 2 for evacuation
[549.035s][info][gc,phases      ] GC(1320)   Pre Evacuate Collection Set: 0.31ms
[549.035s][info][gc,phases      ] GC(1320)   Merge Heap Roots: 0.42ms
[549.035s][info][gc,phases      ] GC(1320)   Evacuate Collection Set: 122.70ms
[549.035s][info][gc,phases      ] GC(1320)   Post Evacuate Collection Set: 9.87ms
[549.035s][info][gc,phases      ] GC(1320)   Other: 0.21ms
[549.035s][info][gc,heap        ] GC(1320) Eden regions: 451->0(230)
[549.035s][info][gc,heap        ] GC(1320) Survivor regions: 32->61(61)
[549.035s][info][gc,heap        ] GC(1320) Old regions: 405->568
[549.035s][info][gc,heap        ] GC(1320) Humongous regions: 8->8
[549.035s][info][gc,metaspace   ] GC(1320) Metaspace: 19098K(19328K)->19098K(19328K) NonClass: 16437K(16576K)->16437K(16576K) Class: 2661K(2752K)->2661K(2752K)
[549.035s][info][gc             ] GC(1320) Pause Young (Concurrent Start) (G1 Evacuation Pause) (Evacuation Failure: Allocation) 895M->636M(978M) 133.771ms
[549.035s][info][gc             ] GC(1321) Concurrent Mark Cycle
[549.035s][info][gc,marking     ] GC(1321) Concurrent Scan Root Regions
[549.035s][info][gc,cpu         ] GC(1320) User=0.27s Sys=0.00s Real=0.13s
[549.165s][info][gc,marking     ] GC(1321) Concurrent Scan Root Regions 129.807ms
[549.165s][info][gc,marking     ] GC(1321) Concurrent Mark
[549.165s][info][gc,marking     ] GC(1321) Concurrent Mark From Roots
[549.165s][info][gc,task        ] GC(1321) Using 1 workers of 1 for marking
[549.441s][info][gc,start       ] GC(1322) Pause Young (Normal) (G1 Evacuation Pause)
[549.441s][info][gc,task        ] GC(1322) Using 2 workers of 2 for evacuation
[549.542s][info][gc,phases      ] GC(1322)   Pre Evacuate Collection Set: 0.37ms
[549.543s][info][gc,phases      ] GC(1322)   Merge Heap Roots: 0.63ms
[549.543s][info][gc,phases      ] GC(1322)   Evacuate Collection Set: 100.18ms
[549.543s][info][gc,phases      ] GC(1322)   Post Evacuate Collection Set: 0.61ms
[549.543s][info][gc,phases      ] GC(1322)   Other: 0.10ms
[549.543s][info][gc,heap        ] GC(1322) Eden regions: 230->0(356)
[549.543s][info][gc,heap        ] GC(1322) Survivor regions: 61->17(37)
[549.543s][info][gc,heap        ] GC(1322) Old regions: 568->509
[549.543s][info][gc,heap        ] GC(1322) Humongous regions: 8->8
[549.543s][info][gc,metaspace   ] GC(1322) Metaspace: 19098K(19328K)->19098K(19328K) NonClass: 16437K(16576K)->16437K(16576K) Class: 2661K(2752K)->2661K(2752K)
[549.543s][info][gc             ] GC(1322) Pause Young (Normal) (G1 Evacuation Pause) 866M->533M(978M) 102.154ms
[549.543s][info][gc,cpu         ] GC(1322) User=0.21s Sys=0.00s Real=0.10s
[549.997s][info][gc,marking     ] GC(1321) Concurrent Mark From Roots 832.588ms
[549.997s][info][gc,marking     ] GC(1321) Concurrent Preclean
[549.997s][info][gc,marking     ] GC(1321) Concurrent Preclean 0.043ms
[549.997s][info][gc,start       ] GC(1321) Pause Remark
[550.005s][info][gc             ] GC(1321) Pause Remark 776M->695M(978M) 7.837ms
[550.005s][info][gc,cpu         ] GC(1321) User=0.02s Sys=0.00s Real=0.00s
[550.007s][info][gc,marking     ] GC(1321) Concurrent Mark 842.757ms
[550.007s][info][gc,marking     ] GC(1321) Concurrent Rebuild Remembered Sets and Scrub Regions
[550.251s][info][gc,start       ] GC(1323) Pause Young (Normal) (G1 Evacuation Pause)
[550.251s][info][gc,task        ] GC(1323) Using 2 workers of 2 for evacuation
[550.285s][info][gc,phases      ] GC(1323)   Pre Evacuate Collection Set: 0.28ms
[550.285s][info][gc,phases      ] GC(1323)   Merge Heap Roots: 0.42ms
[550.285s][info][gc,phases      ] GC(1323)   Evacuate Collection Set: 33.06ms
[550.285s][info][gc,phases      ] GC(1323)   Post Evacuate Collection Set: 0.60ms
[550.285s][info][gc,phases      ] GC(1323)   Other: 0.11ms
[550.285s][info][gc,heap        ] GC(1323) Eden regions: 356->0(429)
[550.285s][info][gc,heap        ] GC(1323) Survivor regions: 17->21(47)
[550.285s][info][gc,heap        ] GC(1323) Old regions: 431->431
[550.285s][info][gc,heap        ] GC(1323) Humongous regions: 5->5
[550.285s][info][gc,metaspace   ] GC(1323) Metaspace: 19098K(19328K)->19098K(19328K) NonClass: 16437K(16576K)->16437K(16576K) Class: 2661K(2752K)->2661K(2752K)
[550.285s][info][gc             ] GC(1323) Pause Young (Normal) (G1 Evacuation Pause) 808M->456M(978M) 34.651ms
[550.285s][info][gc,cpu         ] GC(1323) User=0.07s Sys=0.00s Real=0.03s
[550.350s][info][gc,marking     ] GC(1321) Concurrent Rebuild Remembered Sets and Scrub Regions 342.985ms
[550.351s][info][gc,start       ] GC(1321) Pause Cleanup
[550.351s][info][gc             ] GC(1321) Pause Cleanup 523M->523M(978M) 0.089ms
[550.351s][info][gc,cpu         ] GC(1321) User=0.00s Sys=0.00s Real=0.00s
[550.351s][info][gc,marking     ] GC(1321) Concurrent Clear Claimed Marks
[550.351s][info][gc,marking     ] GC(1321) Concurrent Clear Claimed Marks 0.036ms
[550.351s][info][gc,marking     ] GC(1321) Concurrent Cleanup for Next Mark
[550.357s][info][gc,marking     ] GC(1321) Concurrent Cleanup for Next Mark 5.907ms
[550.357s][info][gc             ] GC(1321) Concurrent Mark Cycle 1322.402ms
[550.671s][info][gc,start       ] GC(1324) Pause Young (Prepare Mixed) (G1 Evacuation Pause)
[550.671s][info][gc,task        ] GC(1324) Using 2 workers of 2 for evacuation
[550.796s][info][gc,phases      ] GC(1324)   Pre Evacuate Collection Set: 0.48ms
[550.796s][info][gc,phases      ] GC(1324)   Merge Heap Roots: 0.54ms
[550.796s][info][gc,phases      ] GC(1324)   Evacuate Collection Set: 118.31ms
[550.796s][info][gc,phases      ] GC(1324)   Post Evacuate Collection Set: 5.26ms
[550.796s][info][gc,phases      ] GC(1324)   Other: 0.10ms
[550.796s][info][gc,heap        ] GC(1324) Eden regions: 429->0(276)
[550.796s][info][gc,heap        ] GC(1324) Survivor regions: 21->57(57)
[550.796s][info][gc,heap        ] GC(1324) Old regions: 431->533
[550.796s][info][gc,heap        ] GC(1324) Humongous regions: 5->5
[550.796s][info][gc,metaspace   ] GC(1324) Metaspace: 19098K(19328K)->19098K(19328K) NonClass: 16437K(16576K)->16437K(16576K) Class: 2661K(2752K)->2661K(2752K)
[550.796s][info][gc             ] GC(1324) Pause Young (Prepare Mixed) (G1 Evacuation Pause) (Evacuation Failure: Allocation) 885M->594M(978M) 124.955ms
[550.796s][info][gc,cpu         ] GC(1324) User=0.25s Sys=0.00s Real=0.12s
[551.227s][info][gc,start       ] GC(1325) Pause Young (Mixed) (G1 Evacuation Pause)
[551.227s][info][gc,task        ] GC(1325) Using 2 workers of 2 for evacuation
[551.349s][info][gc,phases      ] GC(1325)   Pre Evacuate Collection Set: 0.54ms
[551.349s][info][gc,phases      ] GC(1325)   Merge Heap Roots: 0.72ms
[551.349s][info][gc,phases      ] GC(1325)   Evacuate Collection Set: 93.04ms
[551.349s][info][gc,phases      ] GC(1325)   Merge Optional Heap Roots: 0.41ms
[551.349s][info][gc,phases      ] GC(1325)   Evacuate Optional Collection Set: 25.86ms
[551.349s][info][gc,phases      ] GC(1325)   Post Evacuate Collection Set: 0.82ms
[551.349s][info][gc,phases      ] GC(1325)   Other: 0.11ms
[551.349s][info][gc,heap        ] GC(1325) Eden regions: 276->0(348)
[551.349s][info][gc,heap        ] GC(1325) Survivor regions: 57->14(42)
[551.349s][info][gc,heap        ] GC(1325) Old regions: 533->501
[551.349s][info][gc,heap        ] GC(1325) Humongous regions: 5->5
[551.349s][info][gc,metaspace   ] GC(1325) Metaspace: 19098K(19328K)->19098K(19328K) NonClass: 16437K(16576K)->16437K(16576K) Class: 2661K(2752K)->2661K(2752K)
[551.349s][info][gc             ] GC(1325) Pause Young (Mixed) (G1 Evacuation Pause) 870M->518M(978M) 121.747ms
[551.349s][info][gc,cpu         ] GC(1325) User=0.24s Sys=0.00s Real=0.12s
[551.781s][info][gc,start       ] GC(1326) Pause Young (Concurrent Start) (G1 Evacuation Pause)
[551.781s][info][gc,task        ] GC(1326) Using 2 workers of 2 for evacuation
[551.813s][info][gc,phases      ] GC(1326)   Pre Evacuate Collection Set: 0.30ms
[551.813s][info][gc,phases      ] GC(1326)   Merge Heap Roots: 0.45ms
[551.813s][info][gc,phases      ] GC(1326)   Evacuate Collection Set: 30.54ms
[551.813s][info][gc,phases      ] GC(1326)   Post Evacuate Collection Set: 0.61ms
[551.813s][info][gc,phases      ] GC(1326)   Other: 0.11ms
[551.813s][info][gc,heap        ] GC(1326) Eden regions: 348->0(366)
[551.813s][info][gc,heap        ] GC(1326) Survivor regions: 14->17(46)
[551.813s][info][gc,heap        ] GC(1326) Old regions: 501->501
[551.813s][info][gc,heap        ] GC(1326) Humongous regions: 5->5
[551.813s][info][gc,metaspace   ] GC(1326) Metaspace: 19098K(19328K)->19098K(19328K) NonClass: 16437K(16576K)->16437K(16576K) Class: 2661K(2752K)->2661K(2752K)
[551.813s][info][gc             ] GC(1326) Pause Young (Concurrent Start) (G1 Evacuation Pause) 866M->521M(978M) 32.266ms
[551.813s][info][gc,cpu         ] GC(1326) User=0.06s Sys=0.00s Real=0.03s
[551.813s][info][gc             ] GC(1327) Concurrent Mark Cycle
[551.813s][info][gc,marking     ] GC(1327) Concurrent Scan Root Regions
[551.846s][info][gc,marking     ] GC(1327) Concurrent Scan Root Regions 32.476ms
[551.846s][info][gc,marking     ] GC(1327) Concurrent Mark
[551.846s][info][gc,marking     ] GC(1327) Concurrent Mark From Roots
[551.846s][info][gc,task        ] GC(1327) Using 1 workers of 1 for marking
[552.864s][info][gc,start       ] GC(1328) Pause Young (Normal) (G1 Evacuation Pause)
[552.864s][info][gc,task        ] GC(1328) Using 2 workers of 2 for evacuation
[552.927s][info][gc,phases      ] GC(1328)   Pre Evacuate Collection Set: 0.29ms
[552.927s][info][gc,phases      ] GC(1328)   Merge Heap Roots: 0.43ms
[552.927s][info][gc,phases      ] GC(1328)   Evacuate Collection Set: 61.17ms
[552.927s][info][gc,phases      ] GC(1328)   Post Evacuate Collection Set: 0.70ms
[552.927s][info][gc,phases      ] GC(1328)   Other: 0.11ms
[552.927s][info][gc,heap        ] GC(1328) Eden regions: 366->0(335)
[552.927s][info][gc,heap        ] GC(1328) Survivor regions: 17->42(48)
[552.927s][info][gc,heap        ] GC(1328) Old regions: 501->501
[552.927s][info][gc,heap        ] GC(1328) Humongous regions: 8->8
[552.927s][info][gc,metaspace   ] GC(1328) Metaspace: 19100K(19328K)->19100K(19328K) NonClass: 16439K(16576K)->16439K(16576K) Class: 2661K(2752K)->2661K(2752K)
[552.927s][info][gc             ] GC(1328) Pause Young (Normal) (G1 Evacuation Pause) 890M->550M(978M) 62.980ms
[552.927s][info][gc,cpu         ] GC(1328) User=0.12s Sys=0.00s Real=0.07s
[553.362s][info][gc,marking     ] GC(1327) Concurrent Mark From Roots 1516.529ms
[553.362s][info][gc,marking     ] GC(1327) Concurrent Preclean
[553.362s][info][gc,marking     ] GC(1327) Concurrent Preclean 0.042ms
[553.363s][info][gc,start       ] GC(1327) Pause Remark
[553.370s][info][gc             ] GC(1327) Pause Remark 812M->812M(978M) 7.757ms
[553.370s][info][gc,cpu         ] GC(1327) User=0.01s Sys=0.00s Real=0.01s
[553.370s][info][gc,marking     ] GC(1327) Concurrent Mark 1524.670ms
[553.370s][info][gc,marking     ] GC(1327) Concurrent Rebuild Remembered Sets and Scrub Regions
[553.496s][info][gc,start       ] GC(1329) Pause Young (Normal) (G1 Evacuation Pause)
[553.496s][info][gc,task        ] GC(1329) Using 2 workers of 2 for evacuation
[553.583s][info][gc,phases      ] GC(1329)   Pre Evacuate Collection Set: 0.26ms
[553.584s][info][gc,phases      ] GC(1329)   Merge Heap Roots: 0.53ms
[553.584s][info][gc,phases      ] GC(1329)   Evacuate Collection Set: 85.51ms
[553.584s][info][gc,phases      ] GC(1329)   Post Evacuate Collection Set: 0.59ms
[553.584s][info][gc,phases      ] GC(1329)   Other: 0.12ms
[553.584s][info][gc,heap        ] GC(1329) Eden regions: 335->0(312)
[553.584s][info][gc,heap        ] GC(1329) Survivor regions: 42->28(48)
[553.584s][info][gc,heap        ] GC(1329) Old regions: 501->542
[553.584s][info][gc,heap        ] GC(1329) Humongous regions: 8->8
[553.584s][info][gc,metaspace   ] GC(1329) Metaspace: 19100K(19328K)->19100K(19328K) NonClass: 16439K(16576K)->16439K(16576K) Class: 2661K(2752K)->2661K(2752K)
[553.584s][info][gc             ] GC(1329) Pause Young (Normal) (G1 Evacuation Pause) 885M->577M(978M) 87.254ms
[553.584s][info][gc,cpu         ] GC(1329) User=0.18s Sys=0.00s Real=0.08s
[553.875s][info][gc,marking     ] GC(1327) Concurrent Rebuild Remembered Sets and Scrub Regions 504.775ms
[553.875s][info][gc,start       ] GC(1327) Pause Cleanup
[553.876s][info][gc             ] GC(1327) Pause Cleanup 705M->705M(978M) 0.103ms
[553.876s][info][gc,cpu         ] GC(1327) User=0.00s Sys=0.00s Real=0.00s
[553.877s][info][gc,marking     ] GC(1327) Concurrent Clear Claimed Marks
[553.877s][info][gc,marking     ] GC(1327) Concurrent Clear Claimed Marks 0.057ms
[553.877s][info][gc,marking     ] GC(1327) Concurrent Cleanup for Next Mark
[553.882s][info][gc,marking     ] GC(1327) Concurrent Cleanup for Next Mark 4.892ms
[553.882s][info][gc             ] GC(1327) Concurrent Mark Cycle 2068.967ms
[554.004s][info][gc,start       ] GC(1330) Pause Young (Prepare Mixed) (G1 Evacuation Pause)
[554.004s][info][gc,task        ] GC(1330) Using 2 workers of 2 for evacuation
[554.037s][info][gc,phases      ] GC(1330)   Pre Evacuate Collection Set: 0.27ms
[554.037s][info][gc,phases      ] GC(1330)   Merge Heap Roots: 0.27ms
[554.037s][info][gc,phases      ] GC(1330)   Evacuate Collection Set: 32.46ms
[554.037s][info][gc,phases      ] GC(1330)   Post Evacuate Collection Set: 0.51ms
[554.037s][info][gc,phases      ] GC(1330)   Other: 0.11ms
[554.037s][info][gc,heap        ] GC(1330) Eden regions: 312->0(323)
[554.037s][info][gc,heap        ] GC(1330) Survivor regions: 28->3(43)
[554.037s][info][gc,heap        ] GC(1330) Old regions: 542->570
[554.037s][info][gc,heap        ] GC(1330) Humongous regions: 8->8
[554.037s][info][gc,metaspace   ] GC(1330) Metaspace: 19101K(19328K)->19101K(19328K) NonClass: 16440K(16576K)->16440K(16576K) Class: 2661K(2752K)->2661K(2752K)
[554.037s][info][gc             ] GC(1330) Pause Young (Prepare Mixed) (G1 Evacuation Pause) 889M->580M(978M) 33.851ms
[554.037s][info][gc,cpu         ] GC(1330) User=0.06s Sys=0.00s Real=0.04s
[554.615s][info][gc,start       ] GC(1331) Pause Young (Mixed) (G1 Evacuation Pause)
[554.615s][info][gc,task        ] GC(1331) Using 2 workers of 2 for evacuation
[554.637s][info][gc,phases      ] GC(1331)   Pre Evacuate Collection Set: 0.32ms
[554.637s][info][gc,phases      ] GC(1331)   Merge Heap Roots: 0.33ms
[554.637s][info][gc,phases      ] GC(1331)   Evacuate Collection Set: 20.69ms
[554.637s][info][gc,phases      ] GC(1331)   Post Evacuate Collection Set: 0.53ms
[554.637s][info][gc,phases      ] GC(1331)   Other: 0.08ms
[554.637s][info][gc,heap        ] GC(1331) Eden regions: 323->0(332)
[554.637s][info][gc,heap        ] GC(1331) Survivor regions: 3->11(41)
[554.637s][info][gc,heap        ] GC(1331) Old regions: 570->561
[554.637s][info][gc,heap        ] GC(1331) Humongous regions: 8->8
[554.637s][info][gc,metaspace   ] GC(1331) Metaspace: 19101K(19328K)->19101K(19328K) NonClass: 16440K(16576K)->16440K(16576K) Class: 2661K(2752K)->2661K(2752K)
[554.637s][info][gc             ] GC(1331) Pause Young (Mixed) (G1 Evacuation Pause) 903M->579M(978M) 22.165ms
[554.637s][info][gc,cpu         ] GC(1331) User=0.04s Sys=0.00s Real=0.03s
[555.369s][info][gc,start       ] GC(1332) Pause Young (Concurrent Start) (G1 Evacuation Pause)
[555.369s][info][gc,task        ] GC(1332) Using 2 workers of 2 for evacuation
[555.404s][info][gc,phases      ] GC(1332)   Pre Evacuate Collection Set: 0.34ms
[555.404s][info][gc,phases      ] GC(1332)   Merge Heap Roots: 0.25ms
[555.405s][info][gc,phases      ] GC(1332)   Evacuate Collection Set: 34.21ms
[555.405s][info][gc,phases      ] GC(1332)   Post Evacuate Collection Set: 0.55ms
[555.405s][info][gc,phases      ] GC(1332)   Other: 0.10ms
[555.405s][info][gc,heap        ] GC(1332) Eden regions: 332->0(295)
[555.405s][info][gc,heap        ] GC(1332) Survivor regions: 11->32(43)
[555.405s][info][gc,heap        ] GC(1332) Old regions: 561->561
[555.405s][info][gc,heap        ] GC(1332) Humongous regions: 8->8
[555.405s][info][gc,metaspace   ] GC(1332) Metaspace: 19101K(19328K)->19101K(19328K) NonClass: 16440K(16576K)->16440K(16576K) Class: 2661K(2752K)->2661K(2752K)
[555.405s][info][gc             ] GC(1332) Pause Young (Concurrent Start) (G1 Evacuation Pause) 911M->600M(978M) 35.652ms
[555.405s][info][gc,cpu         ] GC(1332) User=0.07s Sys=0.00s Real=0.03s
[555.405s][info][gc             ] GC(1333) Concurrent Mark Cycle
[555.405s][info][gc,marking     ] GC(1333) Concurrent Scan Root Regions
[555.464s][info][gc,marking     ] GC(1333) Concurrent Scan Root Regions 59.602ms
[555.464s][info][gc,marking     ] GC(1333) Concurrent Mark
[555.464s][info][gc,marking     ] GC(1333) Concurrent Mark From Roots
[555.464s][info][gc,task        ] GC(1333) Using 1 workers of 1 for marking
[557.167s][info][gc,marking     ] GC(1333) Concurrent Mark From Roots 1703.069ms
[557.167s][info][gc,marking     ] GC(1333) Concurrent Preclean
[557.168s][info][gc,marking     ] GC(1333) Concurrent Preclean 0.046ms
[557.168s][info][gc,start       ] GC(1333) Pause Remark
[557.176s][info][gc             ] GC(1333) Pause Remark 839M->838M(978M) 8.070ms
[557.176s][info][gc,cpu         ] GC(1333) User=0.02s Sys=0.00s Real=0.00s
[557.176s][info][gc,marking     ] GC(1333) Concurrent Mark 1711.550ms
[557.176s][info][gc,marking     ] GC(1333) Concurrent Rebuild Remembered Sets and Scrub Regions
[557.586s][info][gc,marking     ] GC(1333) Concurrent Rebuild Remembered Sets and Scrub Regions 409.993ms
[557.586s][info][gc,start       ] GC(1333) Pause Cleanup
[557.586s][info][gc             ] GC(1333) Pause Cleanup 889M->889M(978M) 0.103ms
[557.586s][info][gc,cpu         ] GC(1333) User=0.00s Sys=0.00s Real=0.00s
[557.586s][info][gc,marking     ] GC(1333) Concurrent Clear Claimed Marks
[557.586s][info][gc,marking     ] GC(1333) Concurrent Clear Claimed Marks 0.040ms
[557.586s][info][gc,marking     ] GC(1333) Concurrent Cleanup for Next Mark
[557.589s][info][gc,marking     ] GC(1333) Concurrent Cleanup for Next Mark 2.821ms
[557.589s][info][gc             ] GC(1333) Concurrent Mark Cycle 2184.584ms
[557.618s][info][gc,start       ] GC(1334) Pause Young (Prepare Mixed) (G1 Evacuation Pause)
[557.618s][info][gc,task        ] GC(1334) Using 2 workers of 2 for evacuation
[557.653s][info][gc,phases      ] GC(1334)   Pre Evacuate Collection Set: 0.28ms
[557.653s][info][gc,phases      ] GC(1334)   Merge Heap Roots: 0.34ms
[557.653s][info][gc,phases      ] GC(1334)   Evacuate Collection Set: 33.98ms
[557.653s][info][gc,phases      ] GC(1334)   Post Evacuate Collection Set: 0.53ms
[557.653s][info][gc,phases      ] GC(1334)   Other: 0.10ms
[557.653s][info][gc,heap        ] GC(1334) Eden regions: 295->0(320)
[557.653s][info][gc,heap        ] GC(1334) Survivor regions: 32->2(41)
[557.653s][info][gc,heap        ] GC(1334) Old regions: 561->592
[557.653s][info][gc,heap        ] GC(1334) Humongous regions: 7->7
[557.653s][info][gc,metaspace   ] GC(1334) Metaspace: 19101K(19328K)->19101K(19328K) NonClass: 16440K(16576K)->16440K(16576K) Class: 2661K(2752K)->2661K(2752K)
[557.653s][info][gc             ] GC(1334) Pause Young (Prepare Mixed) (G1 Evacuation Pause) 894M->600M(978M) 35.406ms
[557.653s][info][gc,cpu         ] GC(1334) User=0.07s Sys=0.00s Real=0.03s
[558.729s][info][gc,start       ] GC(1335) Pause Young (Mixed) (G1 Evacuation Pause)
[558.729s][info][gc,task        ] GC(1335) Using 2 workers of 2 for evacuation
[558.792s][info][gc,phases      ] GC(1335)   Pre Evacuate Collection Set: 0.30ms
[558.792s][info][gc,phases      ] GC(1335)   Merge Heap Roots: 1.05ms
[558.792s][info][gc,phases      ] GC(1335)   Evacuate Collection Set: 60.64ms
[558.792s][info][gc,phases      ] GC(1335)   Post Evacuate Collection Set: 0.58ms
[558.792s][info][gc,phases      ] GC(1335)   Other: 0.08ms
[558.792s][info][gc,heap        ] GC(1335) Eden regions: 320->0(329)
[558.792s][info][gc,heap        ] GC(1335) Survivor regions: 2->3(41)
[558.792s][info][gc,heap        ] GC(1335) Old regions: 592->586
[558.792s][info][gc,heap        ] GC(1335) Humongous regions: 7->7
[558.792s][info][gc,metaspace   ] GC(1335) Metaspace: 19109K(19328K)->19109K(19328K) NonClass: 16448K(16576K)->16448K(16576K) Class: 2661K(2752K)->2661K(2752K)
[558.792s][info][gc             ] GC(1335) Pause Young (Mixed) (G1 Evacuation Pause) 920M->595M(978M) 62.858ms
[558.792s][info][gc,cpu         ] GC(1335) User=0.12s Sys=0.00s Real=0.06s
[559.298s][info][gc,start       ] GC(1336) Pause Young (Concurrent Start) (G1 Evacuation Pause)
[559.298s][info][gc,task        ] GC(1336) Using 2 workers of 2 for evacuation
[559.379s][info][gc,phases      ] GC(1336)   Pre Evacuate Collection Set: 0.33ms
[559.379s][info][gc,phases      ] GC(1336)   Merge Heap Roots: 0.12ms
[559.379s][info][gc,phases      ] GC(1336)   Evacuate Collection Set: 71.98ms
[559.379s][info][gc,phases      ] GC(1336)   Post Evacuate Collection Set: 8.22ms
[559.379s][info][gc,phases      ] GC(1336)   Other: 0.21ms
[559.379s][info][gc,heap        ] GC(1336) Eden regions: 329->0(160)
[559.379s][info][gc,heap        ] GC(1336) Survivor regions: 3->42(42)
[559.379s][info][gc,heap        ] GC(1336) Old regions: 586->677
[559.379s][info][gc,heap        ] GC(1336) Humongous regions: 7->7
[559.379s][info][gc,metaspace   ] GC(1336) Metaspace: 19110K(19328K)->19110K(19328K) NonClass: 16449K(16576K)->16449K(16576K) Class: 2661K(2752K)->2661K(2752K)
[559.379s][info][gc             ] GC(1336) Pause Young (Concurrent Start) (G1 Evacuation Pause) (Evacuation Failure: Allocation) 924M->725M(978M) 81.094ms
[559.380s][info][gc,cpu         ] GC(1336) User=0.16s Sys=0.00s Real=0.08s
[559.380s][info][gc             ] GC(1337) Concurrent Mark Cycle
[559.380s][info][gc,marking     ] GC(1337) Concurrent Scan Root Regions
[559.481s][info][gc,marking     ] GC(1337) Concurrent Scan Root Regions 101.317ms
[559.481s][info][gc,marking     ] GC(1337) Concurrent Mark
[559.481s][info][gc,marking     ] GC(1337) Concurrent Mark From Roots
[559.481s][info][gc,task        ] GC(1337) Using 1 workers of 1 for marking
[559.696s][info][gc,start       ] GC(1338) Pause Young (Normal) (G1 Evacuation Pause)
[559.696s][info][gc,task        ] GC(1338) Using 2 workers of 2 for evacuation
[559.801s][info][gc,phases      ] GC(1338)   Pre Evacuate Collection Set: 0.54ms
[559.801s][info][gc,phases      ] GC(1338)   Merge Heap Roots: 0.55ms
[559.801s][info][gc,phases      ] GC(1338)   Evacuate Collection Set: 97.37ms
[559.801s][info][gc,phases      ] GC(1338)   Post Evacuate Collection Set: 6.68ms
[559.801s][info][gc,phases      ] GC(1338)   Other: 0.09ms
[559.801s][info][gc,heap        ] GC(1338) Eden regions: 160->0(134)
[559.801s][info][gc,heap        ] GC(1338) Survivor regions: 42->25(26)
[559.801s][info][gc,heap        ] GC(1338) Old regions: 677->737
[559.801s][info][gc,heap        ] GC(1338) Humongous regions: 7->7
[559.801s][info][gc,metaspace   ] GC(1338) Metaspace: 19113K(19328K)->19113K(19328K) NonClass: 16452K(16576K)->16452K(16576K) Class: 2661K(2752K)->2661K(2752K)
[559.801s][info][gc             ] GC(1338) Pause Young (Normal) (G1 Evacuation Pause) (Evacuation Failure: Allocation) 885M->768M(978M) 105.512ms
[559.801s][info][gc,cpu         ] GC(1338) User=0.20s Sys=0.00s Real=0.11s
[560.108s][info][gc,start       ] GC(1339) Pause Young (Normal) (G1 Evacuation Pause)
[560.108s][info][gc,task        ] GC(1339) Using 2 workers of 2 for evacuation
[560.205s][info][gc,phases      ] GC(1339)   Pre Evacuate Collection Set: 0.54ms
[560.205s][info][gc,phases      ] GC(1339)   Merge Heap Roots: 0.34ms
[560.205s][info][gc,phases      ] GC(1339)   Evacuate Collection Set: 89.49ms
[560.205s][info][gc,phases      ] GC(1339)   Post Evacuate Collection Set: 5.82ms
[560.205s][info][gc,phases      ] GC(1339)   Other: 0.09ms
[560.205s][info][gc,heap        ] GC(1339) Eden regions: 134->0(98)
[560.205s][info][gc,heap        ] GC(1339) Survivor regions: 25->20(20)
[560.205s][info][gc,heap        ] GC(1339) Old regions: 737->782
[560.205s][info][gc,heap        ] GC(1339) Humongous regions: 8->8
[560.205s][info][gc,metaspace   ] GC(1339) Metaspace: 19113K(19328K)->19113K(19328K) NonClass: 16452K(16576K)->16452K(16576K) Class: 2661K(2752K)->2661K(2752K)
[560.205s][info][gc             ] GC(1339) Pause Young (Normal) (G1 Evacuation Pause) (Evacuation Failure: Allocation) 903M->809M(978M) 96.518ms
[560.205s][info][gc,cpu         ] GC(1339) User=0.19s Sys=0.00s Real=0.09s
[560.351s][info][gc,start       ] GC(1340) Pause Young (Normal) (G1 Evacuation Pause)
[560.351s][info][gc,task        ] GC(1340) Using 2 workers of 2 for evacuation
[560.416s][info][gc,phases      ] GC(1340)   Pre Evacuate Collection Set: 0.29ms
[560.417s][info][gc,phases      ] GC(1340)   Merge Heap Roots: 0.65ms
[560.417s][info][gc,phases      ] GC(1340)   Evacuate Collection Set: 63.22ms
[560.417s][info][gc,phases      ] GC(1340)   Post Evacuate Collection Set: 0.71ms
[560.417s][info][gc,phases      ] GC(1340)   Other: 0.09ms
[560.417s][info][gc,heap        ] GC(1340) Eden regions: 98->0(144)
[560.417s][info][gc,heap        ] GC(1340) Survivor regions: 20->7(15)
[560.417s][info][gc,heap        ] GC(1340) Old regions: 782->755
[560.417s][info][gc,heap        ] GC(1340) Humongous regions: 8->8
[560.417s][info][gc,metaspace   ] GC(1340) Metaspace: 19113K(19328K)->19113K(19328K) NonClass: 16452K(16576K)->16452K(16576K) Class: 2661K(2752K)->2661K(2752K)
[560.417s][info][gc             ] GC(1340) Pause Young (Normal) (G1 Evacuation Pause) 907M->768M(978M) 65.241ms
[560.417s][info][gc,cpu         ] GC(1340) User=0.13s Sys=0.00s Real=0.07s
[560.736s][info][gc,start       ] GC(1341) Pause Young (Normal) (G1 Evacuation Pause)
[560.736s][info][gc,task        ] GC(1341) Using 2 workers of 2 for evacuation
[560.804s][info][gc,phases      ] GC(1341)   Pre Evacuate Collection Set: 0.29ms
[560.804s][info][gc,phases      ] GC(1341)   Merge Heap Roots: 1.29ms
[560.804s][info][gc,phases      ] GC(1341)   Evacuate Collection Set: 65.61ms
[560.804s][info][gc,phases      ] GC(1341)   Post Evacuate Collection Set: 0.57ms
[560.804s][info][gc,phases      ] GC(1341)   Other: 0.12ms
[560.804s][info][gc,heap        ] GC(1341) Eden regions: 144->0(115)
[560.804s][info][gc,heap        ] GC(1341) Survivor regions: 7->19(19)
[560.804s][info][gc,heap        ] GC(1341) Old regions: 755->764
[560.804s][info][gc,heap        ] GC(1341) Humongous regions: 11->11
[560.804s][info][gc,metaspace   ] GC(1341) Metaspace: 19114K(19328K)->19114K(19328K) NonClass: 16453K(16576K)->16453K(16576K) Class: 2661K(2752K)->2661K(2752K)
[560.804s][info][gc             ] GC(1341) Pause Young (Normal) (G1 Evacuation Pause) 915M->793M(978M) 68.106ms
[560.804s][info][gc,cpu         ] GC(1341) User=0.13s Sys=0.00s Real=0.06s
[560.984s][info][gc,start       ] GC(1342) Pause Young (Normal) (G1 Evacuation Pause)
[560.984s][info][gc,task        ] GC(1342) Using 2 workers of 2 for evacuation
[561.031s][info][gc,phases      ] GC(1342)   Pre Evacuate Collection Set: 0.32ms
[561.031s][info][gc,phases      ] GC(1342)   Merge Heap Roots: 0.43ms
[561.031s][info][gc,phases      ] GC(1342)   Evacuate Collection Set: 45.49ms
[561.031s][info][gc,phases      ] GC(1342)   Post Evacuate Collection Set: 0.39ms
[561.031s][info][gc,phases      ] GC(1342)   Other: 0.08ms
[561.031s][info][gc,heap        ] GC(1342) Eden regions: 115->0(112)
[561.031s][info][gc,heap        ] GC(1342) Survivor regions: 19->11(17)
[561.031s][info][gc,heap        ] GC(1342) Old regions: 764->783
[561.031s][info][gc,heap        ] GC(1342) Humongous regions: 11->11
[561.031s][info][gc,metaspace   ] GC(1342) Metaspace: 19114K(19328K)->19114K(19328K) NonClass: 16453K(16576K)->16453K(16576K) Class: 2661K(2752K)->2661K(2752K)
[561.031s][info][gc             ] GC(1342) Pause Young (Normal) (G1 Evacuation Pause) 908M->804M(978M) 46.988ms
[561.031s][info][gc,cpu         ] GC(1342) User=0.09s Sys=0.00s Real=0.05s
[561.211s][info][gc,start       ] GC(1343) Pause Young (Normal) (G1 Evacuation Pause)
[561.211s][info][gc,task        ] GC(1343) Using 2 workers of 2 for evacuation
[561.230s][info][gc,phases      ] GC(1343)   Pre Evacuate Collection Set: 0.53ms
[561.230s][info][gc,phases      ] GC(1343)   Merge Heap Roots: 0.13ms
[561.230s][info][gc,phases      ] GC(1343)   Evacuate Collection Set: 17.88ms
[561.230s][info][gc,phases      ] GC(1343)   Post Evacuate Collection Set: 0.34ms
[561.230s][info][gc,phases      ] GC(1343)   Other: 0.10ms
[561.230s][info][gc,heap        ] GC(1343) Eden regions: 112->0(109)
[561.230s][info][gc,heap        ] GC(1343) Survivor regions: 11->7(16)
[561.230s][info][gc,heap        ] GC(1343) Old regions: 783->794
[561.230s][info][gc,heap        ] GC(1343) Humongous regions: 11->11
[561.230s][info][gc,metaspace   ] GC(1343) Metaspace: 19114K(19328K)->19114K(19328K) NonClass: 16453K(16576K)->16453K(16576K) Class: 2661K(2752K)->2661K(2752K)
[561.230s][info][gc             ] GC(1343) Pause Young (Normal) (G1 Evacuation Pause) 916M->811M(978M) 19.227ms
[561.230s][info][gc,cpu         ] GC(1343) User=0.04s Sys=0.00s Real=0.02s
[561.361s][info][gc,start       ] GC(1344) Pause Young (Normal) (G1 Evacuation Pause)
[561.361s][info][gc,task        ] GC(1344) Using 2 workers of 2 for evacuation
[561.394s][info][gc,phases      ] GC(1344)   Pre Evacuate Collection Set: 0.52ms
[561.394s][info][gc,phases      ] GC(1344)   Merge Heap Roots: 0.14ms
[561.394s][info][gc,phases      ] GC(1344)   Evacuate Collection Set: 32.18ms
[561.394s][info][gc,phases      ] GC(1344)   Post Evacuate Collection Set: 0.38ms
[561.394s][info][gc,phases      ] GC(1344)   Other: 0.07ms
[561.394s][info][gc,heap        ] GC(1344) Eden regions: 109->0(78)
[561.394s][info][gc,heap        ] GC(1344) Survivor regions: 7->15(15)
[561.394s][info][gc,heap        ] GC(1344) Old regions: 794->809
[561.394s][info][gc,heap        ] GC(1344) Humongous regions: 11->11
[561.394s][info][gc,metaspace   ] GC(1344) Metaspace: 19114K(19328K)->19114K(19328K) NonClass: 16453K(16576K)->16453K(16576K) Class: 2661K(2752K)->2661K(2752K)
[561.395s][info][gc             ] GC(1344) Pause Young (Normal) (G1 Evacuation Pause) 920M->834M(978M) 33.553ms
[561.395s][info][gc,cpu         ] GC(1344) User=0.06s Sys=0.00s Real=0.03s
[561.404s][info][gc,marking     ] GC(1337) Concurrent Mark From Roots 1923.097ms
[561.404s][info][gc,marking     ] GC(1337) Concurrent Preclean
[561.405s][info][gc,marking     ] GC(1337) Concurrent Preclean 0.039ms
[561.405s][info][gc,start       ] GC(1337) Pause Remark
[561.414s][info][gc             ] GC(1337) Pause Remark 843M->760M(978M) 8.491ms
[561.414s][info][gc,cpu         ] GC(1337) User=0.02s Sys=0.00s Real=0.01s
[561.414s][info][gc,marking     ] GC(1337) Concurrent Mark 1932.301ms
[561.414s][info][gc,marking     ] GC(1337) Concurrent Rebuild Remembered Sets and Scrub Regions
[561.499s][info][gc,start       ] GC(1345) Pause Young (Normal) (G1 Evacuation Pause)
[561.499s][info][gc,task        ] GC(1345) Using 2 workers of 2 for evacuation
[561.526s][info][gc,phases      ] GC(1345)   Pre Evacuate Collection Set: 0.29ms
[561.526s][info][gc,phases      ] GC(1345)   Merge Heap Roots: 0.12ms
[561.526s][info][gc,phases      ] GC(1345)   Evacuate Collection Set: 26.89ms
[561.526s][info][gc,phases      ] GC(1345)   Post Evacuate Collection Set: 0.30ms
[561.526s][info][gc,phases      ] GC(1345)   Other: 0.10ms
[561.526s][info][gc,heap        ] GC(1345) Eden regions: 78->0(141)
[561.526s][info][gc,heap        ] GC(1345) Survivor regions: 15->12(12)
[561.526s][info][gc,heap        ] GC(1345) Old regions: 728->744
[561.526s][info][gc,heap        ] GC(1345) Humongous regions: 9->9
[561.526s][info][gc,metaspace   ] GC(1345) Metaspace: 19114K(19328K)->19114K(19328K) NonClass: 16453K(16576K)->16453K(16576K) Class: 2661K(2752K)->2661K(2752K)
[561.526s][info][gc             ] GC(1345) Pause Young (Normal) (G1 Evacuation Pause) 829M->763M(978M) 27.888ms
[561.526s][info][gc,cpu         ] GC(1345) User=0.06s Sys=0.00s Real=0.03s
[561.692s][info][gc,start       ] GC(1346) Pause Young (Normal) (G1 Evacuation Pause)
[561.692s][info][gc,task        ] GC(1346) Using 2 workers of 2 for evacuation
[561.725s][info][gc,phases      ] GC(1346)   Pre Evacuate Collection Set: 0.28ms
[561.725s][info][gc,phases      ] GC(1346)   Merge Heap Roots: 0.09ms
[561.725s][info][gc,phases      ] GC(1346)   Evacuate Collection Set: 32.21ms
[561.725s][info][gc,phases      ] GC(1346)   Post Evacuate Collection Set: 0.41ms
[561.725s][info][gc,phases      ] GC(1346)   Other: 0.11ms
[561.725s][info][gc,heap        ] GC(1346) Eden regions: 141->0(118)
[561.725s][info][gc,heap        ] GC(1346) Survivor regions: 12->20(20)
[561.725s][info][gc,heap        ] GC(1346) Old regions: 744->761
[561.725s][info][gc,heap        ] GC(1346) Humongous regions: 9->9
[561.725s][info][gc,metaspace   ] GC(1346) Metaspace: 19114K(19328K)->19114K(19328K) NonClass: 16453K(16576K)->16453K(16576K) Class: 2661K(2752K)->2661K(2752K)
[561.725s][info][gc             ] GC(1346) Pause Young (Normal) (G1 Evacuation Pause) 904M->789M(978M) 33.319ms
[561.725s][info][gc,cpu         ] GC(1346) User=0.07s Sys=0.00s Real=0.03s
[561.857s][info][gc,start       ] GC(1347) Pause Young (Normal) (G1 Evacuation Pause)
[561.857s][info][gc,task        ] GC(1347) Using 2 workers of 2 for evacuation
[561.896s][info][gc,phases      ] GC(1347)   Pre Evacuate Collection Set: 0.50ms
[561.896s][info][gc,phases      ] GC(1347)   Merge Heap Roots: 0.24ms
[561.896s][info][gc,phases      ] GC(1347)   Evacuate Collection Set: 38.03ms
[561.896s][info][gc,phases      ] GC(1347)   Post Evacuate Collection Set: 0.40ms
[561.896s][info][gc,phases      ] GC(1347)   Other: 0.09ms
[561.896s][info][gc,heap        ] GC(1347) Eden regions: 118->0(108)
[561.896s][info][gc,heap        ] GC(1347) Survivor regions: 20->14(18)
[561.896s][info][gc,heap        ] GC(1347) Old regions: 761->782
[561.896s][info][gc,heap        ] GC(1347) Humongous regions: 10->10
[561.896s][info][gc,metaspace   ] GC(1347) Metaspace: 19114K(19328K)->19114K(19328K) NonClass: 16453K(16576K)->16453K(16576K) Class: 2661K(2752K)->2661K(2752K)
[561.897s][info][gc             ] GC(1347) Pause Young (Normal) (G1 Evacuation Pause) 908M->804M(978M) 39.564ms
[561.897s][info][gc,cpu         ] GC(1347) User=0.07s Sys=0.00s Real=0.04s
[561.997s][info][gc,start       ] GC(1348) Pause Young (Normal) (G1 Evacuation Pause)
[561.997s][info][gc,task        ] GC(1348) Using 2 workers of 2 for evacuation
[562.018s][info][gc,phases      ] GC(1348)   Pre Evacuate Collection Set: 0.27ms
[562.018s][info][gc,phases      ] GC(1348)   Merge Heap Roots: 0.12ms
[562.018s][info][gc,phases      ] GC(1348)   Evacuate Collection Set: 20.75ms
[562.018s][info][gc,phases      ] GC(1348)   Post Evacuate Collection Set: 0.30ms
[562.018s][info][gc,phases      ] GC(1348)   Other: 0.08ms
[562.018s][info][gc,heap        ] GC(1348) Eden regions: 108->0(117)
[562.018s][info][gc,heap        ] GC(1348) Survivor regions: 14->3(16)
[562.018s][info][gc,heap        ] GC(1348) Old regions: 782->795
[562.018s][info][gc,heap        ] GC(1348) Humongous regions: 10->10
[562.018s][info][gc,metaspace   ] GC(1348) Metaspace: 19114K(19328K)->19114K(19328K) NonClass: 16453K(16576K)->16453K(16576K) Class: 2661K(2752K)->2661K(2752K)
[562.018s][info][gc             ] GC(1348) Pause Young (Normal) (G1 Evacuation Pause) 912M->807M(978M) 21.727ms
[562.018s][info][gc,cpu         ] GC(1348) User=0.04s Sys=0.00s Real=0.02s
[562.142s][info][gc,marking     ] GC(1337) Concurrent Rebuild Remembered Sets and Scrub Regions 727.920ms
[562.142s][info][gc,start       ] GC(1337) Pause Cleanup
[562.142s][info][gc             ] GC(1337) Pause Cleanup 898M->898M(978M) 0.097ms
[562.142s][info][gc,cpu         ] GC(1337) User=0.00s Sys=0.00s Real=0.00s
[562.142s][info][gc,marking     ] GC(1337) Concurrent Clear Claimed Marks
[562.142s][info][gc,marking     ] GC(1337) Concurrent Clear Claimed Marks 0.032ms
[562.142s][info][gc,marking     ] GC(1337) Concurrent Cleanup for Next Mark
[562.147s][info][gc,marking     ] GC(1337) Concurrent Cleanup for Next Mark 4.874ms
[562.147s][info][gc             ] GC(1337) Concurrent Mark Cycle 2767.398ms
[562.171s][info][gc,start       ] GC(1349) Pause Young (Prepare Mixed) (G1 Evacuation Pause)
[562.171s][info][gc,task        ] GC(1349) Using 2 workers of 2 for evacuation
[562.177s][info][gc,phases      ] GC(1349)   Pre Evacuate Collection Set: 0.26ms
[562.177s][info][gc,phases      ] GC(1349)   Merge Heap Roots: 0.09ms
[562.177s][info][gc,phases      ] GC(1349)   Evacuate Collection Set: 5.33ms
[562.177s][info][gc,phases      ] GC(1349)   Post Evacuate Collection Set: 0.33ms
[562.177s][info][gc,phases      ] GC(1349)   Other: 0.09ms
[562.177s][info][gc,heap        ] GC(1349) Eden regions: 117->0(115)
[562.177s][info][gc,heap        ] GC(1349) Survivor regions: 3->4(15)
[562.177s][info][gc,heap        ] GC(1349) Old regions: 795->795
[562.178s][info][gc,heap        ] GC(1349) Humongous regions: 10->10
[562.178s][info][gc,metaspace   ] GC(1349) Metaspace: 19114K(19328K)->19114K(19328K) NonClass: 16453K(16576K)->16453K(16576K) Class: 2661K(2752K)->2661K(2752K)
[562.178s][info][gc             ] GC(1349) Pause Young (Prepare Mixed) (G1 Evacuation Pause) 924M->808M(978M) 6.330ms
[562.178s][info][gc,cpu         ] GC(1349) User=0.01s Sys=0.00s Real=0.01s
[562.277s][info][gc,start       ] GC(1350) Pause Young (Mixed) (G1 Evacuation Pause)
[562.277s][info][gc,task        ] GC(1350) Using 2 workers of 2 for evacuation
[562.287s][info][gc,phases      ] GC(1350)   Pre Evacuate Collection Set: 0.50ms
[562.287s][info][gc,phases      ] GC(1350)   Merge Heap Roots: 0.14ms
[562.287s][info][gc,phases      ] GC(1350)   Evacuate Collection Set: 9.25ms
[562.287s][info][gc,phases      ] GC(1350)   Post Evacuate Collection Set: 0.36ms
[562.287s][info][gc,phases      ] GC(1350)   Other: 0.09ms
[562.287s][info][gc,heap        ] GC(1350) Eden regions: 115->0(131)
[562.287s][info][gc,heap        ] GC(1350) Survivor regions: 4->7(15)
[562.287s][info][gc,heap        ] GC(1350) Old regions: 795->773
[562.287s][info][gc,heap        ] GC(1350) Humongous regions: 10->10
[562.287s][info][gc,metaspace   ] GC(1350) Metaspace: 19114K(19328K)->19114K(19328K) NonClass: 16453K(16576K)->16453K(16576K) Class: 2661K(2752K)->2661K(2752K)
[562.287s][info][gc             ] GC(1350) Pause Young (Mixed) (G1 Evacuation Pause) 923M->789M(978M) 10.608ms
[562.287s][info][gc,cpu         ] GC(1350) User=0.02s Sys=0.00s Real=0.01s
[562.474s][info][gc,start       ] GC(1351) Pause Young (Concurrent Start) (G1 Evacuation Pause)
[562.474s][info][gc,task        ] GC(1351) Using 2 workers of 2 for evacuation
[562.486s][info][gc,phases      ] GC(1351)   Pre Evacuate Collection Set: 0.37ms
[562.486s][info][gc,phases      ] GC(1351)   Merge Heap Roots: 0.12ms
[562.486s][info][gc,phases      ] GC(1351)   Evacuate Collection Set: 11.08ms
[562.486s][info][gc,phases      ] GC(1351)   Post Evacuate Collection Set: 0.39ms
[562.486s][info][gc,phases      ] GC(1351)   Other: 0.13ms
[562.486s][info][gc,heap        ] GC(1351) Eden regions: 131->0(125)
[562.486s][info][gc,heap        ] GC(1351) Survivor regions: 7->10(18)
[562.486s][info][gc,heap        ] GC(1351) Old regions: 773->773
[562.486s][info][gc,heap        ] GC(1351) Humongous regions: 10->10
[562.486s][info][gc,metaspace   ] GC(1351) Metaspace: 19114K(19328K)->19114K(19328K) NonClass: 16453K(16576K)->16453K(16576K) Class: 2661K(2752K)->2661K(2752K)
[562.486s][info][gc             ] GC(1351) Pause Young (Concurrent Start) (G1 Evacuation Pause) 920M->792M(978M) 12.377ms
[562.486s][info][gc             ] GC(1352) Concurrent Mark Cycle
[562.486s][info][gc,marking     ] GC(1352) Concurrent Scan Root Regions
[562.487s][info][gc,cpu         ] GC(1351) User=0.02s Sys=0.00s Real=0.02s
[562.503s][info][gc,marking     ] GC(1352) Concurrent Scan Root Regions 17.025ms
[562.503s][info][gc,marking     ] GC(1352) Concurrent Mark
[562.503s][info][gc,marking     ] GC(1352) Concurrent Mark From Roots
[562.503s][info][gc,task        ] GC(1352) Using 1 workers of 1 for marking
[562.885s][info][gc,start       ] GC(1353) Pause Young (Normal) (G1 Evacuation Pause)
[562.885s][info][gc,task        ] GC(1353) Using 2 workers of 2 for evacuation
[562.924s][info][gc,phases      ] GC(1353)   Pre Evacuate Collection Set: 0.28ms
[562.924s][info][gc,phases      ] GC(1353)   Merge Heap Roots: 0.18ms
[562.924s][info][gc,phases      ] GC(1353)   Evacuate Collection Set: 38.37ms
[562.924s][info][gc,phases      ] GC(1353)   Post Evacuate Collection Set: 0.35ms
[562.924s][info][gc,phases      ] GC(1353)   Other: 0.10ms
[562.924s][info][gc,heap        ] GC(1353) Eden regions: 125->0(90)
[562.924s][info][gc,heap        ] GC(1353) Survivor regions: 10->17(17)
[562.924s][info][gc,heap        ] GC(1353) Old regions: 773->794
[562.924s][info][gc,heap        ] GC(1353) Humongous regions: 10->10
[562.924s][info][gc,metaspace   ] GC(1353) Metaspace: 19114K(19328K)->19114K(19328K) NonClass: 16453K(16576K)->16453K(16576K) Class: 2661K(2752K)->2661K(2752K)
[562.924s][info][gc             ] GC(1353) Pause Young (Normal) (G1 Evacuation Pause) 917M->820M(978M) 39.539ms
[562.924s][info][gc,cpu         ] GC(1353) User=0.08s Sys=0.00s Real=0.04s
[563.127s][info][gc,start       ] GC(1354) Pause Young (Normal) (G1 Evacuation Pause)
[563.128s][info][gc,task        ] GC(1354) Using 2 workers of 2 for evacuation
[563.168s][info][gc,phases      ] GC(1354)   Pre Evacuate Collection Set: 0.29ms
[563.168s][info][gc,phases      ] GC(1354)   Merge Heap Roots: 0.15ms
[563.168s][info][gc,phases      ] GC(1354)   Evacuate Collection Set: 39.47ms
[563.168s][info][gc,phases      ] GC(1354)   Post Evacuate Collection Set: 0.39ms
[563.168s][info][gc,phases      ] GC(1354)   Other: 0.09ms
[563.168s][info][gc,heap        ] GC(1354) Eden regions: 90->0(68)
[563.168s][info][gc,heap        ] GC(1354) Survivor regions: 17->14(14)
[563.168s][info][gc,heap        ] GC(1354) Old regions: 794->822
[563.168s][info][gc,heap        ] GC(1354) Humongous regions: 10->10
[563.168s][info][gc,metaspace   ] GC(1354) Metaspace: 19114K(19328K)->19114K(19328K) NonClass: 16453K(16576K)->16453K(16576K) Class: 2661K(2752K)->2661K(2752K)
[563.168s][info][gc             ] GC(1354) Pause Young (Normal) (G1 Evacuation Pause) 910M->845M(978M) 40.658ms
[563.168s][info][gc,cpu         ] GC(1354) User=0.08s Sys=0.00s Real=0.04s
[563.304s][info][gc,marking     ] GC(1352) Concurrent Mark From Roots 800.439ms
[563.304s][info][gc,marking     ] GC(1352) Concurrent Preclean
[563.304s][info][gc,marking     ] GC(1352) Concurrent Preclean 0.042ms
[563.304s][info][gc,start       ] GC(1352) Pause Remark
[563.312s][info][gc             ] GC(1352) Pause Remark 906M->401M(978M) 8.224ms
[563.312s][info][gc,cpu         ] GC(1352) User=0.02s Sys=0.00s Real=0.01s
[563.312s][info][gc,marking     ] GC(1352) Concurrent Mark 808.995ms
[563.312s][info][gc,marking     ] GC(1352) Concurrent Rebuild Remembered Sets and Scrub Regions
[563.349s][info][gc,start       ] GC(1355) Pause Young (Normal) (G1 Evacuation Pause)
[563.349s][info][gc,task        ] GC(1355) Using 2 workers of 2 for evacuation
[563.377s][info][gc,phases      ] GC(1355)   Pre Evacuate Collection Set: 0.26ms
[563.377s][info][gc,phases      ] GC(1355)   Merge Heap Roots: 0.21ms
[563.377s][info][gc,phases      ] GC(1355)   Evacuate Collection Set: 27.04ms
[563.377s][info][gc,phases      ] GC(1355)   Post Evacuate Collection Set: 0.32ms
[563.377s][info][gc,phases      ] GC(1355)   Other: 0.09ms
[563.377s][info][gc,heap        ] GC(1355) Eden regions: 68->0(519)
[563.377s][info][gc,heap        ] GC(1355) Survivor regions: 14->11(11)
[563.377s][info][gc,heap        ] GC(1355) Old regions: 324->340
[563.377s][info][gc,heap        ] GC(1355) Humongous regions: 3->3
[563.377s][info][gc,metaspace   ] GC(1355) Metaspace: 19114K(19328K)->19114K(19328K) NonClass: 16453K(16576K)->16453K(16576K) Class: 2661K(2752K)->2661K(2752K)
[563.377s][info][gc             ] GC(1355) Pause Young (Normal) (G1 Evacuation Pause) 408M->353M(978M) 28.128ms
[563.377s][info][gc,cpu         ] GC(1355) User=0.06s Sys=0.00s Real=0.03s
[563.527s][info][gc,marking     ] GC(1352) Concurrent Rebuild Remembered Sets and Scrub Regions 214.879ms
[563.527s][info][gc,start       ] GC(1352) Pause Cleanup
[563.528s][info][gc             ] GC(1352) Pause Cleanup 410M->410M(978M) 0.126ms
[563.528s][info][gc,cpu         ] GC(1352) User=0.00s Sys=0.00s Real=0.00s
[563.528s][info][gc,marking     ] GC(1352) Concurrent Clear Claimed Marks
[563.528s][info][gc,marking     ] GC(1352) Concurrent Clear Claimed Marks 0.036ms
[563.528s][info][gc,marking     ] GC(1352) Concurrent Cleanup for Next Mark
[563.534s][info][gc,marking     ] GC(1352) Concurrent Cleanup for Next Mark 6.430ms
[563.534s][info][gc             ] GC(1352) Concurrent Mark Cycle 1047.887ms
[564.090s][info][gc,start       ] GC(1356) Pause Young (Prepare Mixed) (G1 Evacuation Pause)
[564.090s][info][gc,task        ] GC(1356) Using 2 workers of 2 for evacuation
[564.131s][info][gc,phases      ] GC(1356)   Pre Evacuate Collection Set: 0.50ms
[564.131s][info][gc,phases      ] GC(1356)   Merge Heap Roots: 0.42ms
[564.131s][info][gc,phases      ] GC(1356)   Evacuate Collection Set: 39.22ms
[564.131s][info][gc,phases      ] GC(1356)   Post Evacuate Collection Set: 0.74ms
[564.131s][info][gc,phases      ] GC(1356)   Other: 0.10ms
[564.131s][info][gc,heap        ] GC(1356) Eden regions: 519->0(505)
[564.131s][info][gc,heap        ] GC(1356) Survivor regions: 11->31(67)
[564.131s][info][gc,heap        ] GC(1356) Old regions: 340->340
[564.131s][info][gc,heap        ] GC(1356) Humongous regions: 4->4
[564.131s][info][gc,metaspace   ] GC(1356) Metaspace: 19114K(19328K)->19114K(19328K) NonClass: 16453K(16576K)->16453K(16576K) Class: 2661K(2752K)->2661K(2752K)
[564.131s][info][gc             ] GC(1356) Pause Young (Prepare Mixed) (G1 Evacuation Pause) 873M->374M(978M) 41.202ms
[564.131s][info][gc,cpu         ] GC(1356) User=0.08s Sys=0.00s Real=0.04s
[564.643s][info][gc,start       ] GC(1357) Pause Young (Mixed) (G1 Evacuation Pause)
[564.643s][info][gc,task        ] GC(1357) Using 2 workers of 2 for evacuation
[564.899s][info][gc,mmu         ] GC(1357) MMU target violated: 201.0ms (200.0ms/201.0ms)
[564.900s][info][gc,phases      ] GC(1357)   Pre Evacuate Collection Set: 0.31ms
[564.900s][info][gc,phases      ] GC(1357)   Merge Heap Roots: 0.41ms
[564.900s][info][gc,phases      ] GC(1357)   Evacuate Collection Set: 227.46ms
[564.900s][info][gc,phases      ] GC(1357)   Post Evacuate Collection Set: 28.11ms
[564.900s][info][gc,phases      ] GC(1357)   Other: 0.17ms
[564.900s][info][gc,heap        ] GC(1357) Eden regions: 505->0(184)
[564.900s][info][gc,heap        ] GC(1357) Survivor regions: 31->67(67)
[564.900s][info][gc,heap        ] GC(1357) Old regions: 340->605
[564.900s][info][gc,heap        ] GC(1357) Humongous regions: 5->5
[564.900s][info][gc,metaspace   ] GC(1357) Metaspace: 19116K(19328K)->19116K(19328K) NonClass: 16455K(16576K)->16455K(16576K) Class: 2661K(2752K)->2661K(2752K)
[564.900s][info][gc             ] GC(1357) Pause Young (Mixed) (G1 Evacuation Pause) (Evacuation Failure: Allocation) 880M->676M(978M) 256.643ms
[564.900s][info][gc,cpu         ] GC(1357) User=0.51s Sys=0.00s Real=0.26s
[564.901s][info][gc,start       ] GC(1358) Pause Young (Concurrent Start) (G1 Evacuation Pause)
[564.901s][info][gc,task        ] GC(1358) Using 2 workers of 2 for evacuation
[565.036s][info][gc,phases      ] GC(1358)   Pre Evacuate Collection Set: 0.44ms
[565.037s][info][gc,phases      ] GC(1358)   Merge Heap Roots: 2.21ms
[565.037s][info][gc,phases      ] GC(1358)   Evacuate Collection Set: 83.52ms
[565.037s][info][gc,phases      ] GC(1358)   Merge Optional Heap Roots: 0.11ms
[565.037s][info][gc,phases      ] GC(1358)   Evacuate Optional Collection Set: 48.19ms
[565.037s][info][gc,phases      ] GC(1358)   Post Evacuate Collection Set: 1.02ms
[565.037s][info][gc,phases      ] GC(1358)   Other: 0.20ms
[565.037s][info][gc,heap        ] GC(1358) Eden regions: 1->0(369)
[565.037s][info][gc,heap        ] GC(1358) Survivor regions: 67->1(9)
[565.037s][info][gc,heap        ] GC(1358) Old regions: 605->523
[565.037s][info][gc,heap        ] GC(1358) Humongous regions: 5->5
[565.037s][info][gc,metaspace   ] GC(1358) Metaspace: 19116K(19328K)->19116K(19328K) NonClass: 16455K(16576K)->16455K(16576K) Class: 2661K(2752K)->2661K(2752K)
[565.037s][info][gc             ] GC(1358) Pause Young (Concurrent Start) (G1 Evacuation Pause) 677M->528M(978M) 135.902ms
[565.037s][info][gc             ] GC(1359) Concurrent Mark Cycle
[565.037s][info][gc,marking     ] GC(1359) Concurrent Scan Root Regions
[565.037s][info][gc,cpu         ] GC(1358) User=0.27s Sys=0.00s Real=0.14s
[565.236s][info][gc,marking     ] GC(1359) Concurrent Scan Root Regions 199.410ms
[565.236s][info][gc,marking     ] GC(1359) Concurrent Mark
[565.236s][info][gc,marking     ] GC(1359) Concurrent Mark From Roots
[565.236s][info][gc,task        ] GC(1359) Using 1 workers of 1 for marking
[565.801s][info][gc,start       ] GC(1360) Pause Young (Normal) (G1 Evacuation Pause)
[565.801s][info][gc,task        ] GC(1360) Using 2 workers of 2 for evacuation
[565.938s][info][gc,phases      ] GC(1360)   Pre Evacuate Collection Set: 0.53ms
[565.938s][info][gc,phases      ] GC(1360)   Merge Heap Roots: 0.49ms
[565.938s][info][gc,phases      ] GC(1360)   Evacuate Collection Set: 124.73ms
[565.938s][info][gc,phases      ] GC(1360)   Post Evacuate Collection Set: 11.26ms
[565.938s][info][gc,phases      ] GC(1360)   Other: 0.08ms
[565.938s][info][gc,heap        ] GC(1360) Eden regions: 369->0(172)
[565.938s][info][gc,heap        ] GC(1360) Survivor regions: 1->47(47)
[565.938s][info][gc,heap        ] GC(1360) Old regions: 523->622
[565.938s][info][gc,heap        ] GC(1360) Humongous regions: 5->5
[565.938s][info][gc,metaspace   ] GC(1360) Metaspace: 19118K(19328K)->19118K(19328K) NonClass: 16457K(16576K)->16457K(16576K) Class: 2661K(2752K)->2661K(2752K)
[565.938s][info][gc             ] GC(1360) Pause Young (Normal) (G1 Evacuation Pause) (Evacuation Failure: Allocation) 897M->673M(978M) 137.334ms
[565.938s][info][gc,cpu         ] GC(1360) User=0.27s Sys=0.00s Real=0.14s
[566.144s][info][gc,start       ] GC(1361) Pause Young (Normal) (G1 Evacuation Pause)
[566.144s][info][gc,task        ] GC(1361) Using 2 workers of 2 for evacuation
[566.303s][info][gc,phases      ] GC(1361)   Pre Evacuate Collection Set: 0.33ms
[566.303s][info][gc,phases      ] GC(1361)   Merge Heap Roots: 0.38ms
[566.303s][info][gc,phases      ] GC(1361)   Evacuate Collection Set: 141.80ms
[566.303s][info][gc,phases      ] GC(1361)   Post Evacuate Collection Set: 16.73ms
[566.303s][info][gc,phases      ] GC(1361)   Other: 0.08ms
[566.303s][info][gc,heap        ] GC(1361) Eden regions: 204->0(85)
[566.303s][info][gc,heap        ] GC(1361) Survivor regions: 47->21(32)
[566.303s][info][gc,heap        ] GC(1361) Old regions: 622->796
[566.303s][info][gc,heap        ] GC(1361) Humongous regions: 5->5
[566.303s][info][gc,metaspace   ] GC(1361) Metaspace: 19118K(19328K)->19118K(19328K) NonClass: 16457K(16576K)->16457K(16576K) Class: 2661K(2752K)->2661K(2752K)
[566.303s][info][gc             ] GC(1361) Pause Young (Normal) (G1 Evacuation Pause) (Evacuation Failure: Allocation) 877M->821M(978M) 159.527ms
[566.303s][info][gc,cpu         ] GC(1361) User=0.31s Sys=0.00s Real=0.16s
[566.313s][info][gc,marking     ] GC(1359) Concurrent Mark From Roots 1076.983ms
[566.313s][info][gc,marking     ] GC(1359) Concurrent Preclean
[566.313s][info][gc,marking     ] GC(1359) Concurrent Preclean 0.037ms
[566.314s][info][gc,start       ] GC(1359) Pause Remark
[566.322s][info][gc             ] GC(1359) Pause Remark 828M->769M(978M) 7.950ms
[566.322s][info][gc,cpu         ] GC(1359) User=0.02s Sys=0.00s Real=0.01s
[566.323s][info][gc,marking     ] GC(1359) Concurrent Mark 1086.762ms
[566.323s][info][gc,marking     ] GC(1359) Concurrent Rebuild Remembered Sets and Scrub Regions
[566.398s][info][gc,start       ] GC(1362) Pause Young (Normal) (G1 Evacuation Pause)
[566.398s][info][gc,task        ] GC(1362) Using 2 workers of 2 for evacuation
[566.486s][info][gc,phases      ] GC(1362)   Pre Evacuate Collection Set: 0.30ms
[566.486s][info][gc,phases      ] GC(1362)   Merge Heap Roots: 0.44ms
[566.486s][info][gc,phases      ] GC(1362)   Evacuate Collection Set: 86.26ms
[566.486s][info][gc,phases      ] GC(1362)   Post Evacuate Collection Set: 0.61ms
[566.486s][info][gc,phases      ] GC(1362)   Other: 0.10ms
[566.486s][info][gc,heap        ] GC(1362) Eden regions: 85->0(201)
[566.486s][info][gc,heap        ] GC(1362) Survivor regions: 21->14(14)
[566.486s][info][gc,heap        ] GC(1362) Old regions: 738->647
[566.486s][info][gc,heap        ] GC(1362) Humongous regions: 4->4
[566.486s][info][gc,metaspace   ] GC(1362) Metaspace: 19118K(19328K)->19118K(19328K) NonClass: 16457K(16576K)->16457K(16576K) Class: 2661K(2752K)->2661K(2752K)
[566.486s][info][gc             ] GC(1362) Pause Young (Normal) (G1 Evacuation Pause) 847M->664M(978M) 87.941ms
[566.486s][info][gc,cpu         ] GC(1362) User=0.17s Sys=0.00s Real=0.08s
[566.785s][info][gc,start       ] GC(1363) Pause Young (Normal) (G1 Evacuation Pause)
[566.785s][info][gc,task        ] GC(1363) Using 2 workers of 2 for evacuation
[566.837s][info][gc,phases      ] GC(1363)   Pre Evacuate Collection Set: 0.48ms
[566.837s][info][gc,phases      ] GC(1363)   Merge Heap Roots: 0.43ms
[566.837s][info][gc,phases      ] GC(1363)   Evacuate Collection Set: 50.27ms
[566.837s][info][gc,phases      ] GC(1363)   Post Evacuate Collection Set: 0.53ms
[566.837s][info][gc,phases      ] GC(1363)   Other: 0.07ms
[566.837s][info][gc,heap        ] GC(1363) Eden regions: 201->0(210)
[566.837s][info][gc,heap        ] GC(1363) Survivor regions: 14->18(27)
[566.837s][info][gc,heap        ] GC(1363) Old regions: 647->637
[566.837s][info][gc,heap        ] GC(1363) Humongous regions: 4->4
[566.837s][info][gc,metaspace   ] GC(1363) Metaspace: 19118K(19328K)->19118K(19328K) NonClass: 16457K(16576K)->16457K(16576K) Class: 2661K(2752K)->2661K(2752K)
[566.837s][info][gc             ] GC(1363) Pause Young (Normal) (G1 Evacuation Pause) 865M->658M(978M) 52.020ms
[566.837s][info][gc,cpu         ] GC(1363) User=0.11s Sys=0.00s Real=0.06s
[566.877s][info][gc,marking     ] GC(1359) Concurrent Rebuild Remembered Sets and Scrub Regions 553.565ms
[566.877s][info][gc,start       ] GC(1359) Pause Cleanup
[566.878s][info][gc             ] GC(1359) Pause Cleanup 689M->689M(978M) 0.117ms
[566.878s][info][gc,cpu         ] GC(1359) User=0.00s Sys=0.00s Real=0.00s
[566.878s][info][gc,marking     ] GC(1359) Concurrent Clear Claimed Marks
[566.878s][info][gc,marking     ] GC(1359) Concurrent Clear Claimed Marks 0.047ms
[566.878s][info][gc,marking     ] GC(1359) Concurrent Cleanup for Next Mark
[566.880s][info][gc,marking     ] GC(1359) Concurrent Cleanup for Next Mark 2.841ms
[566.881s][info][gc             ] GC(1359) Concurrent Mark Cycle 1843.844ms
[567.096s][info][gc,start       ] GC(1364) Pause Young (Prepare Mixed) (G1 Evacuation Pause)
[567.097s][info][gc,task        ] GC(1364) Using 2 workers of 2 for evacuation
[567.193s][info][gc,phases      ] GC(1364)   Pre Evacuate Collection Set: 0.49ms
[567.193s][info][gc,phases      ] GC(1364)   Merge Heap Roots: 0.56ms
[567.193s][info][gc,phases      ] GC(1364)   Evacuate Collection Set: 94.56ms
[567.193s][info][gc,phases      ] GC(1364)   Post Evacuate Collection Set: 0.65ms
[567.193s][info][gc,phases      ] GC(1364)   Other: 0.08ms
[567.193s][info][gc,heap        ] GC(1364) Eden regions: 210->0(174)
[567.193s][info][gc,heap        ] GC(1364) Survivor regions: 18->29(29)
[567.193s][info][gc,heap        ] GC(1364) Old regions: 637->669
[567.193s][info][gc,heap        ] GC(1364) Humongous regions: 10->10
[567.193s][info][gc,metaspace   ] GC(1364) Metaspace: 19121K(19328K)->19121K(19328K) NonClass: 16459K(16576K)->16459K(16576K) Class: 2661K(2752K)->2661K(2752K)
[567.193s][info][gc             ] GC(1364) Pause Young (Prepare Mixed) (G1 Evacuation Pause) 874M->707M(978M) 96.551ms
[567.193s][info][gc,cpu         ] GC(1364) User=0.19s Sys=0.00s Real=0.09s
[567.334s][info][gc,start       ] GC(1365) Pause Young (Mixed) (G1 Evacuation Pause)
[567.334s][info][gc,task        ] GC(1365) Using 2 workers of 2 for evacuation
[567.421s][info][gc,phases      ] GC(1365)   Pre Evacuate Collection Set: 0.52ms
[567.421s][info][gc,phases      ] GC(1365)   Merge Heap Roots: 0.45ms
[567.421s][info][gc,phases      ] GC(1365)   Evacuate Collection Set: 85.27ms
[567.421s][info][gc,phases      ] GC(1365)   Post Evacuate Collection Set: 0.48ms
[567.421s][info][gc,phases      ] GC(1365)   Other: 0.08ms
[567.421s][info][gc,heap        ] GC(1365) Eden regions: 174->0(162)
[567.421s][info][gc,heap        ] GC(1365) Survivor regions: 29->26(26)
[567.421s][info][gc,heap        ] GC(1365) Old regions: 669->687
[567.421s][info][gc,heap        ] GC(1365) Humongous regions: 10->10
[567.421s][info][gc,metaspace   ] GC(1365) Metaspace: 19121K(19328K)->19121K(19328K) NonClass: 16459K(16576K)->16459K(16576K) Class: 2661K(2752K)->2661K(2752K)
[567.421s][info][gc             ] GC(1365) Pause Young (Mixed) (G1 Evacuation Pause) 881M->722M(978M) 87.039ms
[567.421s][info][gc,cpu         ] GC(1365) User=0.17s Sys=0.00s Real=0.09s
[567.521s][info][gc,start       ] GC(1366) Pause Young (Concurrent Start) (G1 Evacuation Pause)
[567.521s][info][gc,task        ] GC(1366) Using 2 workers of 2 for evacuation
[567.567s][info][gc,phases      ] GC(1366)   Pre Evacuate Collection Set: 0.29ms
[567.567s][info][gc,phases      ] GC(1366)   Merge Heap Roots: 0.34ms
[567.567s][info][gc,phases      ] GC(1366)   Evacuate Collection Set: 44.64ms
[567.567s][info][gc,phases      ] GC(1366)   Post Evacuate Collection Set: 0.44ms
[567.567s][info][gc,phases      ] GC(1366)   Other: 0.09ms
[567.567s][info][gc,heap        ] GC(1366) Eden regions: 162->0(159)
[567.567s][info][gc,heap        ] GC(1366) Survivor regions: 26->14(24)
[567.567s][info][gc,heap        ] GC(1366) Old regions: 687->714
[567.567s][info][gc,heap        ] GC(1366) Humongous regions: 10->10
[567.567s][info][gc,metaspace   ] GC(1366) Metaspace: 19121K(19328K)->19121K(19328K) NonClass: 16459K(16576K)->16459K(16576K) Class: 2661K(2752K)->2661K(2752K)
[567.567s][info][gc             ] GC(1366) Pause Young (Concurrent Start) (G1 Evacuation Pause) 884M->737M(978M) 46.078ms
[567.567s][info][gc,cpu         ] GC(1366) User=0.09s Sys=0.00s Real=0.05s
[567.567s][info][gc             ] GC(1367) Concurrent Mark Cycle
[567.567s][info][gc,marking     ] GC(1367) Concurrent Scan Root Regions
[567.644s][info][gc,marking     ] GC(1367) Concurrent Scan Root Regions 77.092ms
[567.644s][info][gc,marking     ] GC(1367) Concurrent Mark
[567.644s][info][gc,marking     ] GC(1367) Concurrent Mark From Roots
[567.644s][info][gc,task        ] GC(1367) Using 1 workers of 1 for marking
[567.733s][info][gc,start       ] GC(1368) Pause Young (Normal) (G1 Evacuation Pause)
[567.733s][info][gc,task        ] GC(1368) Using 2 workers of 2 for evacuation
[567.758s][info][gc,phases      ] GC(1368)   Pre Evacuate Collection Set: 0.50ms
[567.758s][info][gc,phases      ] GC(1368)   Merge Heap Roots: 0.26ms
[567.758s][info][gc,phases      ] GC(1368)   Evacuate Collection Set: 23.48ms
[567.758s][info][gc,phases      ] GC(1368)   Post Evacuate Collection Set: 0.38ms
[567.758s][info][gc,phases      ] GC(1368)   Other: 0.10ms
[567.758s][info][gc,heap        ] GC(1368) Eden regions: 159->0(167)
[567.758s][info][gc,heap        ] GC(1368) Survivor regions: 14->2(22)
[567.758s][info][gc,heap        ] GC(1368) Old regions: 714->728
[567.758s][info][gc,heap        ] GC(1368) Humongous regions: 10->10
[567.758s][info][gc,metaspace   ] GC(1368) Metaspace: 19121K(19328K)->19121K(19328K) NonClass: 16459K(16576K)->16459K(16576K) Class: 2661K(2752K)->2661K(2752K)
[567.758s][info][gc             ] GC(1368) Pause Young (Normal) (G1 Evacuation Pause) 896M->739M(978M) 24.948ms
[567.758s][info][gc,cpu         ] GC(1368) User=0.05s Sys=0.00s Real=0.03s
[567.954s][info][gc,start       ] GC(1369) Pause Young (Normal) (G1 Evacuation Pause)
[567.954s][info][gc,task        ] GC(1369) Using 2 workers of 2 for evacuation
[567.973s][info][gc,phases      ] GC(1369)   Pre Evacuate Collection Set: 0.27ms
[567.973s][info][gc,phases      ] GC(1369)   Merge Heap Roots: 0.26ms
[567.973s][info][gc,phases      ] GC(1369)   Evacuate Collection Set: 17.97ms
[567.973s][info][gc,phases      ] GC(1369)   Post Evacuate Collection Set: 0.37ms
[567.973s][info][gc,phases      ] GC(1369)   Other: 0.09ms
[567.973s][info][gc,heap        ] GC(1369) Eden regions: 167->0(169)
[567.973s][info][gc,heap        ] GC(1369) Survivor regions: 2->9(22)
[567.973s][info][gc,heap        ] GC(1369) Old regions: 728->728
[567.973s][info][gc,heap        ] GC(1369) Humongous regions: 10->10
[567.973s][info][gc,metaspace   ] GC(1369) Metaspace: 19121K(19328K)->19121K(19328K) NonClass: 16459K(16576K)->16459K(16576K) Class: 2661K(2752K)->2661K(2752K)
[567.973s][info][gc             ] GC(1369) Pause Young (Normal) (G1 Evacuation Pause) 906M->746M(978M) 19.188ms
[567.973s][info][gc,cpu         ] GC(1369) User=0.04s Sys=0.00s Real=0.02s
[568.233s][info][gc,start       ] GC(1370) Pause Young (Normal) (G1 Evacuation Pause)
[568.233s][info][gc,task        ] GC(1370) Using 2 workers of 2 for evacuation
[568.259s][info][gc,phases      ] GC(1370)   Pre Evacuate Collection Set: 0.29ms
[568.259s][info][gc,phases      ] GC(1370)   Merge Heap Roots: 0.19ms
[568.259s][info][gc,phases      ] GC(1370)   Evacuate Collection Set: 25.07ms
[568.259s][info][gc,phases      ] GC(1370)   Post Evacuate Collection Set: 0.39ms
[568.259s][info][gc,phases      ] GC(1370)   Other: 0.07ms
[568.259s][info][gc,heap        ] GC(1370) Eden regions: 169->0(146)
[568.259s][info][gc,heap        ] GC(1370) Survivor regions: 9->22(23)
[568.259s][info][gc,heap        ] GC(1370) Old regions: 728->728
[568.259s][info][gc,heap        ] GC(1370) Humongous regions: 10->10
[568.259s][info][gc,metaspace   ] GC(1370) Metaspace: 19121K(19328K)->19121K(19328K) NonClass: 16459K(16576K)->16459K(16576K) Class: 2661K(2752K)->2661K(2752K)
[568.259s][info][gc             ] GC(1370) Pause Young (Normal) (G1 Evacuation Pause) 915M->759M(978M) 26.283ms
[568.259s][info][gc,cpu         ] GC(1370) User=0.05s Sys=0.00s Real=0.03s
[568.391s][info][gc,marking     ] GC(1367) Concurrent Mark From Roots 747.064ms
[568.391s][info][gc,marking     ] GC(1367) Concurrent Preclean
[568.392s][info][gc,marking     ] GC(1367) Concurrent Preclean 0.046ms
[568.392s][info][gc,start       ] GC(1367) Pause Remark
[568.400s][info][gc             ] GC(1367) Pause Remark 860M->498M(978M) 8.058ms
[568.400s][info][gc,cpu         ] GC(1367) User=0.02s Sys=0.00s Real=0.01s
[568.400s][info][gc,marking     ] GC(1367) Concurrent Mark 755.804ms
[568.400s][info][gc,marking     ] GC(1367) Concurrent Rebuild Remembered Sets and Scrub Regions
[568.490s][info][gc,start       ] GC(1371) Pause Young (Normal) (G1 Evacuation Pause)
[568.491s][info][gc,task        ] GC(1371) Using 2 workers of 2 for evacuation
[568.549s][info][gc,phases      ] GC(1371)   Pre Evacuate Collection Set: 0.27ms
[568.549s][info][gc,phases      ] GC(1371)   Merge Heap Roots: 0.30ms
[568.549s][info][gc,phases      ] GC(1371)   Evacuate Collection Set: 57.00ms
[568.549s][info][gc,phases      ] GC(1371)   Post Evacuate Collection Set: 0.41ms
[568.549s][info][gc,phases      ] GC(1371)   Other: 0.08ms
[568.549s][info][gc,heap        ] GC(1371) Eden regions: 146->0(373)
[568.549s][info][gc,heap        ] GC(1371) Survivor regions: 22->21(21)
[568.549s][info][gc,heap        ] GC(1371) Old regions: 372->401
[568.549s][info][gc,heap        ] GC(1371) Humongous regions: 4->4
[568.549s][info][gc,metaspace   ] GC(1371) Metaspace: 19121K(19328K)->19121K(19328K) NonClass: 16459K(16576K)->16459K(16576K) Class: 2661K(2752K)->2661K(2752K)
[568.549s][info][gc             ] GC(1371) Pause Young (Normal) (G1 Evacuation Pause) 543M->425M(978M) 58.308ms
[568.549s][info][gc,cpu         ] GC(1371) User=0.11s Sys=0.00s Real=0.06s
[568.690s][info][gc,marking     ] GC(1367) Concurrent Rebuild Remembered Sets and Scrub Regions 289.481ms
[568.690s][info][gc,start       ] GC(1367) Pause Cleanup
[568.691s][info][gc             ] GC(1367) Pause Cleanup 452M->452M(978M) 0.140ms
[568.691s][info][gc,cpu         ] GC(1367) User=0.00s Sys=0.00s Real=0.00s
[568.692s][info][gc,marking     ] GC(1367) Concurrent Clear Claimed Marks
[568.692s][info][gc,marking     ] GC(1367) Concurrent Clear Claimed Marks 0.055ms
[568.692s][info][gc,marking     ] GC(1367) Concurrent Cleanup for Next Mark
[568.699s][info][gc,marking     ] GC(1367) Concurrent Cleanup for Next Mark 6.732ms
[568.699s][info][gc             ] GC(1367) Concurrent Mark Cycle 1131.985ms
[569.592s][info][gc,start       ] GC(1372) Pause Young (Prepare Mixed) (G1 Evacuation Pause)
[569.592s][info][gc,task        ] GC(1372) Using 2 workers of 2 for evacuation
[569.617s][info][gc,phases      ] GC(1372)   Pre Evacuate Collection Set: 0.30ms
[569.618s][info][gc,phases      ] GC(1372)   Merge Heap Roots: 0.26ms
[569.618s][info][gc,phases      ] GC(1372)   Evacuate Collection Set: 23.96ms
[569.618s][info][gc,phases      ] GC(1372)   Post Evacuate Collection Set: 0.59ms
[569.618s][info][gc,phases      ] GC(1372)   Other: 0.10ms
[569.618s][info][gc,heap        ] GC(1372) Eden regions: 373->0(399)
[569.618s][info][gc,heap        ] GC(1372) Survivor regions: 21->22(50)
[569.618s][info][gc,heap        ] GC(1372) Old regions: 401->401
[569.618s][info][gc,heap        ] GC(1372) Humongous regions: 4->4
[569.618s][info][gc,metaspace   ] GC(1372) Metaspace: 19121K(19328K)->19121K(19328K) NonClass: 16459K(16576K)->16459K(16576K) Class: 2661K(2752K)->2661K(2752K)
[569.618s][info][gc             ] GC(1372) Pause Young (Prepare Mixed) (G1 Evacuation Pause) 798M->426M(978M) 25.483ms
[569.618s][info][gc,cpu         ] GC(1372) User=0.05s Sys=0.00s Real=0.03s
[570.413s][info][gc,start       ] GC(1373) Pause Young (Mixed) (G1 Evacuation Pause)
[570.413s][info][gc,task        ] GC(1373) Using 2 workers of 2 for evacuation
[570.469s][info][gc,phases      ] GC(1373)   Pre Evacuate Collection Set: 0.31ms
[570.469s][info][gc,phases      ] GC(1373)   Merge Heap Roots: 0.49ms
[570.469s][info][gc,phases      ] GC(1373)   Evacuate Collection Set: 54.79ms
[570.469s][info][gc,phases      ] GC(1373)   Post Evacuate Collection Set: 0.70ms
[570.469s][info][gc,phases      ] GC(1373)   Other: 0.11ms
[570.469s][info][gc,heap        ] GC(1373) Eden regions: 399->0(436)
[570.469s][info][gc,heap        ] GC(1373) Survivor regions: 22->45(53)
[570.469s][info][gc,heap        ] GC(1373) Old regions: 401->339
[570.469s][info][gc,heap        ] GC(1373) Humongous regions: 4->4
[570.469s][info][gc,metaspace   ] GC(1373) Metaspace: 19122K(19328K)->19122K(19328K) NonClass: 16461K(16576K)->16461K(16576K) Class: 2661K(2752K)->2661K(2752K)
[570.469s][info][gc             ] GC(1373) Pause Young (Mixed) (G1 Evacuation Pause) 825M->387M(978M) 56.642ms
[570.469s][info][gc,cpu         ] GC(1373) User=0.11s Sys=0.00s Real=0.06s
[570.813s][info][gc,start       ] GC(1374) Pause Young (Concurrent Start) (G1 Evacuation Pause)
[570.814s][info][gc,task        ] GC(1374) Using 2 workers of 2 for evacuation
[570.945s][info][gc,phases      ] GC(1374)   Pre Evacuate Collection Set: 0.33ms
[570.946s][info][gc,phases      ] GC(1374)   Merge Heap Roots: 0.24ms
[570.946s][info][gc,phases      ] GC(1374)   Evacuate Collection Set: 130.07ms
[570.946s][info][gc,phases      ] GC(1374)   Post Evacuate Collection Set: 1.06ms
[570.946s][info][gc,phases      ] GC(1374)   Other: 0.22ms
[570.946s][info][gc,heap        ] GC(1374) Eden regions: 436->0(343)
[570.946s][info][gc,heap        ] GC(1374) Survivor regions: 45->61(61)
[570.946s][info][gc,heap        ] GC(1374) Old regions: 339->422
[570.946s][info][gc,heap        ] GC(1374) Humongous regions: 4->4
[570.946s][info][gc,metaspace   ] GC(1374) Metaspace: 19122K(19328K)->19122K(19328K) NonClass: 16461K(16576K)->16461K(16576K) Class: 2661K(2752K)->2661K(2752K)
[570.946s][info][gc             ] GC(1374) Pause Young (Concurrent Start) (G1 Evacuation Pause) 823M->486M(978M) 132.188ms
[570.946s][info][gc             ] GC(1375) Concurrent Mark Cycle
[570.946s][info][gc,marking     ] GC(1375) Concurrent Scan Root Regions
[570.946s][info][gc,cpu         ] GC(1374) User=0.26s Sys=0.00s Real=0.13s
[571.076s][info][gc,marking     ] GC(1375) Concurrent Scan Root Regions 130.770ms
[571.077s][info][gc,marking     ] GC(1375) Concurrent Mark
[571.077s][info][gc,marking     ] GC(1375) Concurrent Mark From Roots
[571.077s][info][gc,task        ] GC(1375) Using 1 workers of 1 for marking
[571.477s][info][gc,start       ] GC(1376) Pause Young (Normal) (G1 Evacuation Pause)
[571.478s][info][gc,task        ] GC(1376) Using 2 workers of 2 for evacuation
[571.606s][info][gc,phases      ] GC(1376)   Pre Evacuate Collection Set: 0.26ms
[571.606s][info][gc,phases      ] GC(1376)   Merge Heap Roots: 0.49ms
[571.606s][info][gc,phases      ] GC(1376)   Evacuate Collection Set: 127.26ms
[571.606s][info][gc,phases      ] GC(1376)   Post Evacuate Collection Set: 0.73ms
[571.606s][info][gc,phases      ] GC(1376)   Other: 0.08ms
[571.606s][info][gc,heap        ] GC(1376) Eden regions: 343->0(309)
[571.606s][info][gc,heap        ] GC(1376) Survivor regions: 61->48(51)
[571.606s][info][gc,heap        ] GC(1376) Old regions: 422->472
[571.606s][info][gc,heap        ] GC(1376) Humongous regions: 8->8
[571.606s][info][gc,metaspace   ] GC(1376) Metaspace: 19122K(19328K)->19122K(19328K) NonClass: 16461K(16576K)->16461K(16576K) Class: 2661K(2752K)->2661K(2752K)
[571.607s][info][gc             ] GC(1376) Pause Young (Normal) (G1 Evacuation Pause) 833M->527M(978M) 129.092ms
[571.607s][info][gc,cpu         ] GC(1376) User=0.26s Sys=0.00s Real=0.13s
[571.953s][info][gc,start       ] GC(1377) Pause Young (Normal) (G1 Evacuation Pause)
[571.953s][info][gc,task        ] GC(1377) Using 2 workers of 2 for evacuation
[572.059s][info][gc,phases      ] GC(1377)   Pre Evacuate Collection Set: 0.53ms
[572.059s][info][gc,phases      ] GC(1377)   Merge Heap Roots: 0.42ms
[572.059s][info][gc,phases      ] GC(1377)   Evacuate Collection Set: 104.54ms
[572.059s][info][gc,phases      ] GC(1377)   Post Evacuate Collection Set: 0.60ms
[572.059s][info][gc,phases      ] GC(1377)   Other: 0.08ms
[572.059s][info][gc,heap        ] GC(1377) Eden regions: 309->0(289)
[572.059s][info][gc,heap        ] GC(1377) Survivor regions: 48->34(45)
[572.059s][info][gc,heap        ] GC(1377) Old regions: 472->520
[572.059s][info][gc,heap        ] GC(1377) Humongous regions: 8->8
[572.059s][info][gc,metaspace   ] GC(1377) Metaspace: 19122K(19328K)->19122K(19328K) NonClass: 16461K(16576K)->16461K(16576K) Class: 2661K(2752K)->2661K(2752K)
[572.060s][info][gc             ] GC(1377) Pause Young (Normal) (G1 Evacuation Pause) 836M->561M(978M) 106.475ms
[572.060s][info][gc,cpu         ] GC(1377) User=0.21s Sys=0.00s Real=0.11s
[572.228s][info][gc,marking     ] GC(1375) Concurrent Mark From Roots 1151.525ms
[572.228s][info][gc,marking     ] GC(1375) Concurrent Preclean
[572.228s][info][gc,marking     ] GC(1375) Concurrent Preclean 0.039ms
[572.228s][info][gc,start       ] GC(1375) Pause Remark
[572.236s][info][gc             ] GC(1375) Pause Remark 683M->663M(978M) 7.955ms
[572.236s][info][gc,cpu         ] GC(1375) User=0.01s Sys=0.00s Real=0.01s
[572.238s][info][gc,marking     ] GC(1375) Concurrent Mark 1161.280ms
[572.238s][info][gc,marking     ] GC(1375) Concurrent Rebuild Remembered Sets and Scrub Regions
[572.485s][info][gc,start       ] GC(1378) Pause Young (Normal) (G1 Evacuation Pause)
[572.485s][info][gc,task        ] GC(1378) Using 2 workers of 2 for evacuation
[572.528s][info][gc,phases      ] GC(1378)   Pre Evacuate Collection Set: 0.28ms
[572.528s][info][gc,phases      ] GC(1378)   Merge Heap Roots: 0.29ms
[572.528s][info][gc,phases      ] GC(1378)   Evacuate Collection Set: 41.84ms
[572.528s][info][gc,phases      ] GC(1378)   Post Evacuate Collection Set: 0.49ms
[572.528s][info][gc,phases      ] GC(1378)   Other: 0.08ms
[572.528s][info][gc,heap        ] GC(1378) Eden regions: 289->0(317)
[572.528s][info][gc,heap        ] GC(1378) Survivor regions: 34->6(41)
[572.528s][info][gc,heap        ] GC(1378) Old regions: 500->534
[572.528s][info][gc,heap        ] GC(1378) Humongous regions: 8->8
[572.528s][info][gc,metaspace   ] GC(1378) Metaspace: 19122K(19328K)->19122K(19328K) NonClass: 16461K(16576K)->16461K(16576K) Class: 2661K(2752K)->2661K(2752K)
[572.528s][info][gc             ] GC(1378) Pause Young (Normal) (G1 Evacuation Pause) 830M->546M(978M) 43.182ms
[572.528s][info][gc,cpu         ] GC(1378) User=0.08s Sys=0.00s Real=0.05s
[572.671s][info][gc,marking     ] GC(1375) Concurrent Rebuild Remembered Sets and Scrub Regions 432.719ms
[572.671s][info][gc,start       ] GC(1375) Pause Cleanup
[572.671s][info][gc             ] GC(1375) Pause Cleanup 615M->615M(978M) 0.092ms
[572.671s][info][gc,cpu         ] GC(1375) User=0.00s Sys=0.00s Real=0.00s
[572.671s][info][gc,marking     ] GC(1375) Concurrent Clear Claimed Marks
[572.671s][info][gc,marking     ] GC(1375) Concurrent Clear Claimed Marks 0.031ms
[572.671s][info][gc,marking     ] GC(1375) Concurrent Cleanup for Next Mark
[572.674s][info][gc,marking     ] GC(1375) Concurrent Cleanup for Next Mark 2.834ms
[572.674s][info][gc             ] GC(1375) Concurrent Mark Cycle 1728.166ms
[572.960s][info][gc,start       ] GC(1379) Pause Young (Prepare Mixed) (G1 Evacuation Pause)
[572.960s][info][gc,task        ] GC(1379) Using 2 workers of 2 for evacuation
[573.017s][info][gc,phases      ] GC(1379)   Pre Evacuate Collection Set: 0.51ms
[573.017s][info][gc,phases      ] GC(1379)   Merge Heap Roots: 0.43ms
[573.017s][info][gc,phases      ] GC(1379)   Evacuate Collection Set: 55.45ms
[573.017s][info][gc,phases      ] GC(1379)   Post Evacuate Collection Set: 0.59ms
[573.017s][info][gc,phases      ] GC(1379)   Other: 0.08ms
[573.017s][info][gc,heap        ] GC(1379) Eden regions: 317->0(281)
[573.017s][info][gc,heap        ] GC(1379) Survivor regions: 6->41(41)
[573.017s][info][gc,heap        ] GC(1379) Old regions: 534->538
[573.017s][info][gc,heap        ] GC(1379) Humongous regions: 8->8
[573.017s][info][gc,metaspace   ] GC(1379) Metaspace: 19122K(19328K)->19122K(19328K) NonClass: 16461K(16576K)->16461K(16576K) Class: 2661K(2752K)->2661K(2752K)
[573.017s][info][gc             ] GC(1379) Pause Young (Prepare Mixed) (G1 Evacuation Pause) 863M->586M(978M) 57.320ms
[573.017s][info][gc,cpu         ] GC(1379) User=0.12s Sys=0.00s Real=0.06s
[573.308s][info][gc,start       ] GC(1380) Pause Young (Mixed) (G1 Evacuation Pause)
[573.309s][info][gc,task        ] GC(1380) Using 2 workers of 2 for evacuation
[573.412s][info][gc,phases      ] GC(1380)   Pre Evacuate Collection Set: 0.30ms
[573.412s][info][gc,phases      ] GC(1380)   Merge Heap Roots: 0.26ms
[573.412s][info][gc,phases      ] GC(1380)   Evacuate Collection Set: 100.25ms
[573.412s][info][gc,phases      ] GC(1380)   Post Evacuate Collection Set: 2.14ms
[573.412s][info][gc,phases      ] GC(1380)   Other: 0.08ms
[573.412s][info][gc,heap        ] GC(1380) Eden regions: 281->0(194)
[573.412s][info][gc,heap        ] GC(1380) Survivor regions: 41->41(41)
[573.412s][info][gc,heap        ] GC(1380) Old regions: 538->619
[573.412s][info][gc,heap        ] GC(1380) Humongous regions: 8->8
[573.412s][info][gc,metaspace   ] GC(1380) Metaspace: 19122K(19328K)->19122K(19328K) NonClass: 16461K(16576K)->16461K(16576K) Class: 2661K(2752K)->2661K(2752K)
[573.412s][info][gc             ] GC(1380) Pause Young (Mixed) (G1 Evacuation Pause) (Evacuation Failure: Allocation) 867M->667M(978M) 103.254ms
[573.412s][info][gc,cpu         ] GC(1380) User=0.20s Sys=0.00s Real=0.10s
[573.691s][info][gc,start       ] GC(1381) Pause Young (Concurrent Start) (G1 Humongous Allocation)
[573.692s][info][gc,task        ] GC(1381) Using 2 workers of 2 for evacuation
[573.755s][info][gc,phases      ] GC(1381)   Pre Evacuate Collection Set: 0.32ms
[573.755s][info][gc,phases      ] GC(1381)   Merge Heap Roots: 0.49ms
[573.755s][info][gc,phases      ] GC(1381)   Evacuate Collection Set: 61.51ms
[573.755s][info][gc,phases      ] GC(1381)   Post Evacuate Collection Set: 0.62ms
[573.755s][info][gc,phases      ] GC(1381)   Other: 0.10ms
[573.755s][info][gc,heap        ] GC(1381) Eden regions: 174->0(211)
[573.755s][info][gc,heap        ] GC(1381) Survivor regions: 41->9(30)
[573.755s][info][gc,heap        ] GC(1381) Old regions: 619->645
[573.755s][info][gc,heap        ] GC(1381) Humongous regions: 8->8
[573.755s][info][gc,metaspace   ] GC(1381) Metaspace: 19122K(19328K)->19122K(19328K) NonClass: 16461K(16576K)->16461K(16576K) Class: 2661K(2752K)->2661K(2752K)
[573.755s][info][gc             ] GC(1381) Pause Young (Concurrent Start) (G1 Humongous Allocation) 841M->661M(978M) 63.289ms
[573.755s][info][gc,cpu         ] GC(1381) User=0.13s Sys=0.00s Real=0.06s
[573.755s][info][gc             ] GC(1382) Concurrent Mark Cycle
[573.755s][info][gc,marking     ] GC(1382) Concurrent Scan Root Regions
[573.816s][info][gc,marking     ] GC(1382) Concurrent Scan Root Regions 61.490ms
[573.816s][info][gc,marking     ] GC(1382) Concurrent Mark
[573.816s][info][gc,marking     ] GC(1382) Concurrent Mark From Roots
[573.816s][info][gc,task        ] GC(1382) Using 1 workers of 1 for marking
[574.126s][info][gc,start       ] GC(1383) Pause Young (Normal) (G1 Evacuation Pause)
[574.126s][info][gc,task        ] GC(1383) Using 2 workers of 2 for evacuation
[574.201s][info][gc,phases      ] GC(1383)   Pre Evacuate Collection Set: 0.52ms
[574.201s][info][gc,phases      ] GC(1383)   Merge Heap Roots: 0.37ms
[574.201s][info][gc,phases      ] GC(1383)   Evacuate Collection Set: 73.75ms
[574.201s][info][gc,phases      ] GC(1383)   Post Evacuate Collection Set: 0.62ms
[574.201s][info][gc,phases      ] GC(1383)   Other: 0.08ms
[574.201s][info][gc,heap        ] GC(1383) Eden regions: 211->0(175)
[574.201s][info][gc,heap        ] GC(1383) Survivor regions: 9->28(28)
[574.201s][info][gc,heap        ] GC(1383) Old regions: 645->672
[574.201s][info][gc,heap        ] GC(1383) Humongous regions: 11->11
[574.201s][info][gc,metaspace   ] GC(1383) Metaspace: 19122K(19328K)->19122K(19328K) NonClass: 16461K(16576K)->16461K(16576K) Class: 2661K(2752K)->2661K(2752K)
[574.202s][info][gc             ] GC(1383) Pause Young (Normal) (G1 Evacuation Pause) 875M->710M(978M) 75.587ms
[574.202s][info][gc,cpu         ] GC(1383) User=0.15s Sys=0.00s Real=0.08s
[574.450s][info][gc,start       ] GC(1384) Pause Young (Normal) (G1 Evacuation Pause)
[574.450s][info][gc,task        ] GC(1384) Using 2 workers of 2 for evacuation
[574.501s][info][gc,phases      ] GC(1384)   Pre Evacuate Collection Set: 0.50ms
[574.501s][info][gc,phases      ] GC(1384)   Merge Heap Roots: 0.46ms
[574.501s][info][gc,phases      ] GC(1384)   Evacuate Collection Set: 49.24ms
[574.501s][info][gc,phases      ] GC(1384)   Post Evacuate Collection Set: 0.42ms
[574.501s][info][gc,phases      ] GC(1384)   Other: 0.07ms
[574.501s][info][gc,heap        ] GC(1384) Eden regions: 175->0(181)
[574.501s][info][gc,heap        ] GC(1384) Survivor regions: 28->5(26)
[574.501s][info][gc,heap        ] GC(1384) Old regions: 672->701
[574.501s][info][gc,heap        ] GC(1384) Humongous regions: 11->11
[574.501s][info][gc,metaspace   ] GC(1384) Metaspace: 19122K(19328K)->19122K(19328K) NonClass: 16461K(16576K)->16461K(16576K) Class: 2661K(2752K)->2661K(2752K)
[574.501s][info][gc             ] GC(1384) Pause Young (Normal) (G1 Evacuation Pause) 885M->716M(978M) 50.940ms
[574.501s][info][gc,cpu         ] GC(1384) User=0.10s Sys=0.00s Real=0.05s
[574.779s][info][gc,start       ] GC(1385) Pause Young (Normal) (G1 Evacuation Pause)
[574.779s][info][gc,task        ] GC(1385) Using 2 workers of 2 for evacuation
[574.795s][info][gc,phases      ] GC(1385)   Pre Evacuate Collection Set: 0.31ms
[574.795s][info][gc,phases      ] GC(1385)   Merge Heap Roots: 0.19ms
[574.795s][info][gc,phases      ] GC(1385)   Evacuate Collection Set: 14.99ms
[574.795s][info][gc,phases      ] GC(1385)   Post Evacuate Collection Set: 0.41ms
[574.795s][info][gc,phases      ] GC(1385)   Other: 0.07ms
[574.795s][info][gc,heap        ] GC(1385) Eden regions: 181->0(187)
[574.795s][info][gc,heap        ] GC(1385) Survivor regions: 5->9(24)
[574.795s][info][gc,heap        ] GC(1385) Old regions: 701->701
[574.795s][info][gc,heap        ] GC(1385) Humongous regions: 11->11
[574.795s][info][gc,metaspace   ] GC(1385) Metaspace: 19122K(19328K)->19122K(19328K) NonClass: 16461K(16576K)->16461K(16576K) Class: 2661K(2752K)->2661K(2752K)
[574.795s][info][gc             ] GC(1385) Pause Young (Normal) (G1 Evacuation Pause) 897M->720M(978M) 16.192ms
[574.795s][info][gc,cpu         ] GC(1385) User=0.03s Sys=0.00s Real=0.01s
[575.238s][info][gc,start       ] GC(1386) Pause Young (Normal) (G1 Evacuation Pause)
[575.238s][info][gc,task        ] GC(1386) Using 2 workers of 2 for evacuation
[575.284s][info][gc,phases      ] GC(1386)   Pre Evacuate Collection Set: 0.29ms
[575.284s][info][gc,phases      ] GC(1386)   Merge Heap Roots: 0.47ms
[575.284s][info][gc,phases      ] GC(1386)   Evacuate Collection Set: 44.36ms
[575.284s][info][gc,phases      ] GC(1386)   Post Evacuate Collection Set: 0.44ms
[575.284s][info][gc,phases      ] GC(1386)   Other: 0.11ms
[575.284s][info][gc,heap        ] GC(1386) Eden regions: 187->0(163)
[575.284s][info][gc,heap        ] GC(1386) Survivor regions: 9->25(25)
[575.284s][info][gc,heap        ] GC(1386) Old regions: 701->704
[575.284s][info][gc,heap        ] GC(1386) Humongous regions: 11->11
[575.284s][info][gc,metaspace   ] GC(1386) Metaspace: 19122K(19328K)->19122K(19328K) NonClass: 16461K(16576K)->16461K(16576K) Class: 2661K(2752K)->2661K(2752K)
[575.284s][info][gc             ] GC(1386) Pause Young (Normal) (G1 Evacuation Pause) 907M->739M(978M) 45.925ms
[575.284s][info][gc,cpu         ] GC(1386) User=0.09s Sys=0.00s Real=0.04s
[575.344s][info][gc,marking     ] GC(1382) Concurrent Mark From Roots 1527.640ms
[575.344s][info][gc,marking     ] GC(1382) Concurrent Preclean
[575.344s][info][gc,marking     ] GC(1382) Concurrent Preclean 0.039ms
[575.346s][info][gc,start       ] GC(1382) Pause Remark
[575.354s][info][gc             ] GC(1382) Pause Remark 778M->701M(978M) 8.009ms
[575.354s][info][gc,cpu         ] GC(1382) User=0.02s Sys=0.00s Real=0.00s
[575.356s][info][gc,marking     ] GC(1382) Concurrent Mark 1539.867ms
[575.356s][info][gc,marking     ] GC(1382) Concurrent Rebuild Remembered Sets and Scrub Regions
[575.833s][info][gc,start       ] GC(1387) Pause Young (Normal) (G1 Evacuation Pause)
[575.833s][info][gc,task        ] GC(1387) Using 2 workers of 2 for evacuation
[575.882s][info][gc,phases      ] GC(1387)   Pre Evacuate Collection Set: 0.27ms
[575.882s][info][gc,phases      ] GC(1387)   Merge Heap Roots: 0.26ms
[575.882s][info][gc,phases      ] GC(1387)   Evacuate Collection Set: 47.68ms
[575.882s][info][gc,phases      ] GC(1387)   Post Evacuate Collection Set: 0.44ms
[575.882s][info][gc,phases      ] GC(1387)   Other: 0.11ms
[575.882s][info][gc,heap        ] GC(1387) Eden regions: 163->0(209)
[575.882s][info][gc,heap        ] GC(1387) Survivor regions: 25->18(24)
[575.882s][info][gc,heap        ] GC(1387) Old regions: 631->656
[575.882s][info][gc,heap        ] GC(1387) Humongous regions: 7->7
[575.882s][info][gc,metaspace   ] GC(1387) Metaspace: 19122K(19328K)->19122K(19328K) NonClass: 16461K(16576K)->16461K(16576K) Class: 2661K(2752K)->2661K(2752K)
[575.882s][info][gc             ] GC(1387) Pause Young (Normal) (G1 Evacuation Pause) 825M->680M(978M) 48.950ms
[575.882s][info][gc,cpu         ] GC(1387) User=0.09s Sys=0.00s Real=0.05s
[576.117s][info][gc,marking     ] GC(1382) Concurrent Rebuild Remembered Sets and Scrub Regions 761.037ms
[576.117s][info][gc,start       ] GC(1382) Pause Cleanup
[576.118s][info][gc             ] GC(1382) Pause Cleanup 886M->886M(978M) 0.210ms
[576.118s][info][gc,cpu         ] GC(1382) User=0.00s Sys=0.00s Real=0.00s
[576.119s][info][gc,marking     ] GC(1382) Concurrent Clear Claimed Marks
[576.119s][info][gc,marking     ] GC(1382) Concurrent Clear Claimed Marks 0.054ms
[576.119s][info][gc,marking     ] GC(1382) Concurrent Cleanup for Next Mark
[576.124s][info][gc,marking     ] GC(1382) Concurrent Cleanup for Next Mark 4.894ms
[576.124s][info][gc             ] GC(1382) Concurrent Mark Cycle 2369.290ms
[576.131s][info][gc,start       ] GC(1388) Pause Young (Prepare Mixed) (G1 Evacuation Pause)
[576.131s][info][gc,task        ] GC(1388) Using 2 workers of 2 for evacuation
[576.211s][info][gc,phases      ] GC(1388)   Pre Evacuate Collection Set: 0.26ms
[576.211s][info][gc,phases      ] GC(1388)   Merge Heap Roots: 0.28ms
[576.211s][info][gc,phases      ] GC(1388)   Evacuate Collection Set: 79.32ms
[576.211s][info][gc,phases      ] GC(1388)   Post Evacuate Collection Set: 0.71ms
[576.211s][info][gc,phases      ] GC(1388)   Other: 0.08ms
[576.211s][info][gc,heap        ] GC(1388) Eden regions: 209->0(152)
[576.211s][info][gc,heap        ] GC(1388) Survivor regions: 18->29(29)
[576.211s][info][gc,heap        ] GC(1388) Old regions: 656->711
[576.211s][info][gc,heap        ] GC(1388) Humongous regions: 7->7
[576.211s][info][gc,metaspace   ] GC(1388) Metaspace: 19122K(19328K)->19122K(19328K) NonClass: 16461K(16576K)->16461K(16576K) Class: 2661K(2752K)->2661K(2752K)
[576.212s][info][gc             ] GC(1388) Pause Young (Prepare Mixed) (G1 Evacuation Pause) 889M->746M(978M) 80.827ms
[576.212s][info][gc,cpu         ] GC(1388) User=0.16s Sys=0.00s Real=0.08s
[576.450s][info][gc,start       ] GC(1389) Pause Young (Mixed) (G1 Evacuation Pause)
[576.450s][info][gc,task        ] GC(1389) Using 2 workers of 2 for evacuation
[576.563s][info][gc,phases      ] GC(1389)   Pre Evacuate Collection Set: 0.37ms
[576.563s][info][gc,phases      ] GC(1389)   Merge Heap Roots: 1.03ms
[576.563s][info][gc,phases      ] GC(1389)   Evacuate Collection Set: 110.45ms
[576.563s][info][gc,phases      ] GC(1389)   Post Evacuate Collection Set: 0.89ms
[576.563s][info][gc,phases      ] GC(1389)   Other: 0.09ms
[576.563s][info][gc,heap        ] GC(1389) Eden regions: 152->0(190)
[576.563s][info][gc,heap        ] GC(1389) Survivor regions: 29->16(23)
[576.563s][info][gc,heap        ] GC(1389) Old regions: 711->663
[576.563s][info][gc,heap        ] GC(1389) Humongous regions: 10->10
[576.563s][info][gc,metaspace   ] GC(1389) Metaspace: 19122K(19328K)->19122K(19328K) NonClass: 16461K(16576K)->16461K(16576K) Class: 2661K(2752K)->2661K(2752K)
[576.563s][info][gc             ] GC(1389) Pause Young (Mixed) (G1 Evacuation Pause) 901M->688M(978M) 113.053ms
[576.563s][info][gc,cpu         ] GC(1389) User=0.22s Sys=0.00s Real=0.11s
[576.822s][info][gc,start       ] GC(1390) Pause Young (Mixed) (G1 Evacuation Pause)
[576.823s][info][gc,task        ] GC(1390) Using 2 workers of 2 for evacuation
[576.963s][info][gc,phases      ] GC(1390)   Pre Evacuate Collection Set: 0.35ms
[576.963s][info][gc,phases      ] GC(1390)   Merge Heap Roots: 1.44ms
[576.963s][info][gc,phases      ] GC(1390)   Evacuate Collection Set: 125.87ms
[576.963s][info][gc,phases      ] GC(1390)   Merge Optional Heap Roots: 0.30ms
[576.963s][info][gc,phases      ] GC(1390)   Evacuate Optional Collection Set: 10.94ms
[576.963s][info][gc,phases      ] GC(1390)   Post Evacuate Collection Set: 1.11ms
[576.963s][info][gc,phases      ] GC(1390)   Other: 0.13ms
[576.963s][info][gc,heap        ] GC(1390) Eden regions: 190->0(22)
[576.963s][info][gc,heap        ] GC(1390) Survivor regions: 16->26(26)
[576.963s][info][gc,heap        ] GC(1390) Old regions: 663->656
[576.963s][info][gc,heap        ] GC(1390) Humongous regions: 10->10
[576.963s][info][gc,metaspace   ] GC(1390) Metaspace: 19122K(19328K)->19122K(19328K) NonClass: 16461K(16576K)->16461K(16576K) Class: 2661K(2752K)->2661K(2752K)
[576.963s][info][gc             ] GC(1390) Pause Young (Mixed) (G1 Evacuation Pause) 878M->691M(978M) 140.444ms
[576.963s][info][gc,cpu         ] GC(1390) User=0.28s Sys=0.00s Real=0.14s
[577.039s][info][gc,start       ] GC(1391) Pause Young (Mixed) (G1 Evacuation Pause)
[577.039s][info][gc,task        ] GC(1391) Using 2 workers of 2 for evacuation
[577.191s][info][gc,phases      ] GC(1391)   Pre Evacuate Collection Set: 0.46ms
[577.191s][info][gc,phases      ] GC(1391)   Merge Heap Roots: 3.05ms
[577.191s][info][gc,phases      ] GC(1391)   Evacuate Collection Set: 148.12ms
[577.191s][info][gc,phases      ] GC(1391)   Post Evacuate Collection Set: 0.51ms
[577.191s][info][gc,phases      ] GC(1391)   Other: 0.06ms
[577.191s][info][gc,heap        ] GC(1391) Eden regions: 22->0(194)
[577.191s][info][gc,heap        ] GC(1391) Survivor regions: 26->1(6)
[577.191s][info][gc,heap        ] GC(1391) Old regions: 656->669
[577.191s][info][gc,heap        ] GC(1391) Humongous regions: 10->10
[577.191s][info][gc,metaspace   ] GC(1391) Metaspace: 19122K(19328K)->19122K(19328K) NonClass: 16461K(16576K)->16461K(16576K) Class: 2661K(2752K)->2661K(2752K)
[577.192s][info][gc             ] GC(1391) Pause Young (Mixed) (G1 Evacuation Pause) 713M->679M(978M) 152.401ms
[577.192s][info][gc,cpu         ] GC(1391) User=0.30s Sys=0.01s Real=0.15s
[577.372s][info][gc,start       ] GC(1392) Pause Young (Mixed) (G1 Evacuation Pause)
[577.372s][info][gc,task        ] GC(1392) Using 2 workers of 2 for evacuation
[577.409s][info][gc,phases      ] GC(1392)   Pre Evacuate Collection Set: 0.29ms
[577.409s][info][gc,phases      ] GC(1392)   Merge Heap Roots: 0.46ms
[577.409s][info][gc,phases      ] GC(1392)   Evacuate Collection Set: 35.22ms
[577.409s][info][gc,phases      ] GC(1392)   Post Evacuate Collection Set: 0.41ms
[577.409s][info][gc,phases      ] GC(1392)   Other: 0.07ms
[577.409s][info][gc,heap        ] GC(1392) Eden regions: 194->0(203)
[577.409s][info][gc,heap        ] GC(1392) Survivor regions: 1->5(25)
[577.409s][info][gc,heap        ] GC(1392) Old regions: 669->669
[577.409s][info][gc,heap        ] GC(1392) Humongous regions: 10->10
[577.409s][info][gc,metaspace   ] GC(1392) Metaspace: 19122K(19328K)->19122K(19328K) NonClass: 16461K(16576K)->16461K(16576K) Class: 2661K(2752K)->2661K(2752K)
[577.409s][info][gc             ] GC(1392) Pause Young (Mixed) (G1 Evacuation Pause) 873M->683M(978M) 36.642ms
[577.409s][info][gc,cpu         ] GC(1392) User=0.07s Sys=0.00s Real=0.04s
[577.644s][info][gc,start       ] GC(1393) Pause Young (Concurrent Start) (G1 Evacuation Pause)
[577.645s][info][gc,task        ] GC(1393) Using 2 workers of 2 for evacuation
[577.662s][info][gc,phases      ] GC(1393)   Pre Evacuate Collection Set: 0.33ms
[577.662s][info][gc,phases      ] GC(1393)   Merge Heap Roots: 0.21ms
[577.662s][info][gc,phases      ] GC(1393)   Evacuate Collection Set: 15.84ms
[577.662s][info][gc,phases      ] GC(1393)   Post Evacuate Collection Set: 0.47ms
[577.662s][info][gc,phases      ] GC(1393)   Other: 0.18ms
[577.662s][info][gc,heap        ] GC(1393) Eden regions: 203->0(210)
[577.662s][info][gc,heap        ] GC(1393) Survivor regions: 5->9(26)
[577.662s][info][gc,heap        ] GC(1393) Old regions: 669->669
[577.662s][info][gc,heap        ] GC(1393) Humongous regions: 10->10
[577.662s][info][gc,metaspace   ] GC(1393) Metaspace: 19122K(19328K)->19122K(19328K) NonClass: 16461K(16576K)->16461K(16576K) Class: 2661K(2752K)->2661K(2752K)
[577.662s][info][gc             ] GC(1393) Pause Young (Concurrent Start) (G1 Evacuation Pause) 886M->686M(978M) 17.266ms
[577.662s][info][gc,cpu         ] GC(1393) User=0.03s Sys=0.00s Real=0.02s
[577.662s][info][gc             ] GC(1394) Concurrent Mark Cycle
[577.662s][info][gc,marking     ] GC(1394) Concurrent Scan Root Regions
[577.682s][info][gc,marking     ] GC(1394) Concurrent Scan Root Regions 20.423ms
[577.682s][info][gc,marking     ] GC(1394) Concurrent Mark
[577.682s][info][gc,marking     ] GC(1394) Concurrent Mark From Roots
[577.682s][info][gc,task        ] GC(1394) Using 1 workers of 1 for marking
[578.173s][info][gc,start       ] GC(1395) Pause Young (Normal) (G1 Evacuation Pause)
[578.173s][info][gc,task        ] GC(1395) Using 2 workers of 2 for evacuation
[578.215s][info][gc,phases      ] GC(1395)   Pre Evacuate Collection Set: 0.27ms
[578.215s][info][gc,phases      ] GC(1395)   Merge Heap Roots: 0.27ms
[578.215s][info][gc,phases      ] GC(1395)   Evacuate Collection Set: 40.35ms
[578.215s][info][gc,phases      ] GC(1395)   Post Evacuate Collection Set: 0.43ms
[578.215s][info][gc,phases      ] GC(1395)   Other: 0.07ms
[578.215s][info][gc,heap        ] GC(1395) Eden regions: 210->0(186)
[578.215s][info][gc,heap        ] GC(1395) Survivor regions: 9->28(28)
[578.215s][info][gc,heap        ] GC(1395) Old regions: 669->676
[578.215s][info][gc,heap        ] GC(1395) Humongous regions: 10->10
[578.215s][info][gc,metaspace   ] GC(1395) Metaspace: 19122K(19328K)->19122K(19328K) NonClass: 16461K(16576K)->16461K(16576K) Class: 2661K(2752K)->2661K(2752K)
[578.215s][info][gc             ] GC(1395) Pause Young (Normal) (G1 Evacuation Pause) 896M->713M(978M) 41.630ms
[578.215s][info][gc,cpu         ] GC(1395) User=0.09s Sys=0.00s Real=0.04s
[578.968s][info][gc,start       ] GC(1396) Pause Young (Normal) (G1 Evacuation Pause)
[578.968s][info][gc,task        ] GC(1396) Using 2 workers of 2 for evacuation
[578.998s][info][gc,phases      ] GC(1396)   Pre Evacuate Collection Set: 0.32ms
[578.998s][info][gc,phases      ] GC(1396)   Merge Heap Roots: 0.19ms
[578.998s][info][gc,phases      ] GC(1396)   Evacuate Collection Set: 28.53ms
[578.998s][info][gc,phases      ] GC(1396)   Post Evacuate Collection Set: 0.38ms
[578.998s][info][gc,phases      ] GC(1396)   Other: 0.07ms
[578.998s][info][gc,heap        ] GC(1396) Eden regions: 186->0(200)
[578.998s][info][gc,heap        ] GC(1396) Survivor regions: 28->1(27)
[578.998s][info][gc,heap        ] GC(1396) Old regions: 676->704
[578.998s][info][gc,heap        ] GC(1396) Humongous regions: 10->10
[578.998s][info][gc,metaspace   ] GC(1396) Metaspace: 19122K(19328K)->19122K(19328K) NonClass: 16461K(16576K)->16461K(16576K) Class: 2661K(2752K)->2661K(2752K)
[578.998s][info][gc             ] GC(1396) Pause Young (Normal) (G1 Evacuation Pause) 899M->714M(978M) 29.685ms
[578.998s][info][gc,cpu         ] GC(1396) User=0.06s Sys=0.01s Real=0.03s
[579.092s][info][gc,marking     ] GC(1394) Concurrent Mark From Roots 1409.887ms
[579.092s][info][gc,marking     ] GC(1394) Concurrent Preclean
[579.092s][info][gc,marking     ] GC(1394) Concurrent Preclean 0.043ms
[579.092s][info][gc,start       ] GC(1394) Pause Remark
[579.100s][info][gc             ] GC(1394) Pause Remark 734M->635M(978M) 7.846ms
[579.100s][info][gc,cpu         ] GC(1394) User=0.02s Sys=0.00s Real=0.01s
[579.100s][info][gc,marking     ] GC(1394) Concurrent Mark 1418.090ms
[579.100s][info][gc,marking     ] GC(1394) Concurrent Rebuild Remembered Sets and Scrub Regions
[579.515s][info][gc,marking     ] GC(1394) Concurrent Rebuild Remembered Sets and Scrub Regions 414.497ms
[579.515s][info][gc,start       ] GC(1394) Pause Cleanup
[579.515s][info][gc             ] GC(1394) Pause Cleanup 740M->740M(978M) 0.119ms
[579.515s][info][gc,cpu         ] GC(1394) User=0.00s Sys=0.00s Real=0.00s
[579.515s][info][gc,marking     ] GC(1394) Concurrent Clear Claimed Marks
[579.515s][info][gc,marking     ] GC(1394) Concurrent Clear Claimed Marks 0.031ms
[579.515s][info][gc,marking     ] GC(1394) Concurrent Cleanup for Next Mark
[579.518s][info][gc,marking     ] GC(1394) Concurrent Cleanup for Next Mark 2.790ms
[579.518s][info][gc             ] GC(1394) Concurrent Mark Cycle 1856.354ms
[579.678s][info][gc,start       ] GC(1397) Pause Young (Prepare Mixed) (G1 Evacuation Pause)
[579.678s][info][gc,task        ] GC(1397) Using 2 workers of 2 for evacuation
[579.695s][info][gc,phases      ] GC(1397)   Pre Evacuate Collection Set: 0.29ms
[579.695s][info][gc,phases      ] GC(1397)   Merge Heap Roots: 0.42ms
[579.695s][info][gc,phases      ] GC(1397)   Evacuate Collection Set: 15.35ms
[579.695s][info][gc,phases      ] GC(1397)   Post Evacuate Collection Set: 0.43ms
[579.695s][info][gc,phases      ] GC(1397)   Other: 0.07ms
[579.695s][info][gc,heap        ] GC(1397) Eden regions: 200->0(284)
[579.695s][info][gc,heap        ] GC(1397) Survivor regions: 1->4(26)
[579.695s][info][gc,heap        ] GC(1397) Old regions: 609->609
[579.695s][info][gc,heap        ] GC(1397) Humongous regions: 6->6
[579.695s][info][gc,metaspace   ] GC(1397) Metaspace: 19122K(19328K)->19122K(19328K) NonClass: 16461K(16576K)->16461K(16576K) Class: 2661K(2752K)->2661K(2752K)
[579.695s][info][gc             ] GC(1397) Pause Young (Prepare Mixed) (G1 Evacuation Pause) 815M->618M(978M) 16.727ms
[579.695s][info][gc,cpu         ] GC(1397) User=0.04s Sys=0.00s Real=0.01s
[579.992s][info][gc,start       ] GC(1398) Pause Young (Mixed) (G1 Evacuation Pause)
[579.992s][info][gc,task        ] GC(1398) Using 2 workers of 2 for evacuation
[580.070s][info][gc,phases      ] GC(1398)   Pre Evacuate Collection Set: 0.36ms
[580.070s][info][gc,phases      ] GC(1398)   Merge Heap Roots: 0.45ms
[580.070s][info][gc,phases      ] GC(1398)   Evacuate Collection Set: 76.47ms
[580.070s][info][gc,phases      ] GC(1398)   Post Evacuate Collection Set: 0.77ms
[580.070s][info][gc,phases      ] GC(1398)   Other: 0.09ms
[580.070s][info][gc,heap        ] GC(1398) Eden regions: 284->0(244)
[580.070s][info][gc,heap        ] GC(1398) Survivor regions: 4->36(36)
[580.070s][info][gc,heap        ] GC(1398) Old regions: 609->592
[580.070s][info][gc,heap        ] GC(1398) Humongous regions: 6->6
[580.070s][info][gc,metaspace   ] GC(1398) Metaspace: 19122K(19328K)->19122K(19328K) NonClass: 16461K(16576K)->16461K(16576K) Class: 2661K(2752K)->2661K(2752K)
[580.070s][info][gc             ] GC(1398) Pause Young (Mixed) (G1 Evacuation Pause) 902M->633M(978M) 78.439ms
[580.070s][info][gc,cpu         ] GC(1398) User=0.15s Sys=0.00s Real=0.08s
[580.207s][info][gc,start       ] GC(1399) Pause Young (Concurrent Start) (G1 Humongous Allocation)
[580.207s][info][gc,task        ] GC(1399) Using 2 workers of 2 for evacuation
[580.262s][info][gc,phases      ] GC(1399)   Pre Evacuate Collection Set: 0.34ms
[580.262s][info][gc,phases      ] GC(1399)   Merge Heap Roots: 0.46ms
[580.262s][info][gc,phases      ] GC(1399)   Evacuate Collection Set: 53.48ms
[580.262s][info][gc,phases      ] GC(1399)   Post Evacuate Collection Set: 0.50ms
[580.262s][info][gc,phases      ] GC(1399)   Other: 0.10ms
[580.262s][info][gc,heap        ] GC(1399) Eden regions: 98->0(251)
[580.262s][info][gc,heap        ] GC(1399) Survivor regions: 36->7(35)
[580.262s][info][gc,heap        ] GC(1399) Old regions: 592->628
[580.262s][info][gc,heap        ] GC(1399) Humongous regions: 6->6
[580.262s][info][gc,metaspace   ] GC(1399) Metaspace: 19122K(19328K)->19122K(19328K) NonClass: 16461K(16576K)->16461K(16576K) Class: 2661K(2752K)->2661K(2752K)
[580.262s][info][gc             ] GC(1399) Pause Young (Concurrent Start) (G1 Humongous Allocation) 731M->640M(978M) 55.131ms
[580.262s][info][gc,cpu         ] GC(1399) User=0.11s Sys=0.00s Real=0.05s
[580.262s][info][gc             ] GC(1400) Concurrent Mark Cycle
[580.264s][info][gc,marking     ] GC(1400) Concurrent Scan Root Regions
[580.313s][info][gc,marking     ] GC(1400) Concurrent Scan Root Regions 48.627ms
[580.313s][info][gc,marking     ] GC(1400) Concurrent Mark
[580.313s][info][gc,marking     ] GC(1400) Concurrent Mark From Roots
[580.313s][info][gc,task        ] GC(1400) Using 1 workers of 1 for marking
[580.747s][info][gc,start       ] GC(1401) Pause Young (Normal) (G1 Evacuation Pause)
[580.747s][info][gc,task        ] GC(1401) Using 2 workers of 2 for evacuation
[580.823s][info][gc,phases      ] GC(1401)   Pre Evacuate Collection Set: 0.29ms
[580.823s][info][gc,phases      ] GC(1401)   Merge Heap Roots: 0.33ms
[580.823s][info][gc,phases      ] GC(1401)   Evacuate Collection Set: 74.79ms
[580.823s][info][gc,phases      ] GC(1401)   Post Evacuate Collection Set: 0.52ms
[580.823s][info][gc,phases      ] GC(1401)   Other: 0.08ms
[580.823s][info][gc,heap        ] GC(1401) Eden regions: 251->0(201)
[580.823s][info][gc,heap        ] GC(1401) Survivor regions: 7->33(33)
[580.823s][info][gc,heap        ] GC(1401) Old regions: 628->652
[580.823s][info][gc,heap        ] GC(1401) Humongous regions: 9->9
[580.823s][info][gc,metaspace   ] GC(1401) Metaspace: 19122K(19328K)->19122K(19328K) NonClass: 16461K(16576K)->16461K(16576K) Class: 2661K(2752K)->2661K(2752K)
[580.823s][info][gc             ] GC(1401) Pause Young (Normal) (G1 Evacuation Pause) 894M->693M(978M) 76.283ms
[580.823s][info][gc,cpu         ] GC(1401) User=0.15s Sys=0.00s Real=0.07s
[581.138s][info][gc,start       ] GC(1402) Pause Young (Normal) (G1 Evacuation Pause)
[581.138s][info][gc,task        ] GC(1402) Using 2 workers of 2 for evacuation
[581.183s][info][gc,phases      ] GC(1402)   Pre Evacuate Collection Set: 0.29ms
[581.183s][info][gc,phases      ] GC(1402)   Merge Heap Roots: 0.26ms
[581.183s][info][gc,phases      ] GC(1402)   Evacuate Collection Set: 43.80ms
[581.183s][info][gc,phases      ] GC(1402)   Post Evacuate Collection Set: 0.42ms
[581.183s][info][gc,phases      ] GC(1402)   Other: 0.11ms
[581.183s][info][gc,heap        ] GC(1402) Eden regions: 201->0(214)
[581.183s][info][gc,heap        ] GC(1402) Survivor regions: 33->1(30)
[581.183s][info][gc,heap        ] GC(1402) Old regions: 652->685
[581.183s][info][gc,heap        ] GC(1402) Humongous regions: 9->9
[581.183s][info][gc,metaspace   ] GC(1402) Metaspace: 19122K(19328K)->19122K(19328K) NonClass: 16461K(16576K)->16461K(16576K) Class: 2661K(2752K)->2661K(2752K)
[581.183s][info][gc             ] GC(1402) Pause Young (Normal) (G1 Evacuation Pause) 894M->694M(978M) 45.089ms
[581.183s][info][gc,cpu         ] GC(1402) User=0.09s Sys=0.00s Real=0.04s
[581.591s][info][gc,start       ] GC(1403) Pause Young (Normal) (G1 Evacuation Pause)
[581.591s][info][gc,task        ] GC(1403) Using 2 workers of 2 for evacuation
[581.612s][info][gc,phases      ] GC(1403)   Pre Evacuate Collection Set: 0.29ms
[581.612s][info][gc,phases      ] GC(1403)   Merge Heap Roots: 0.23ms
[581.612s][info][gc,phases      ] GC(1403)   Evacuate Collection Set: 19.48ms
[581.612s][info][gc,phases      ] GC(1403)   Post Evacuate Collection Set: 0.43ms
[581.612s][info][gc,phases      ] GC(1403)   Other: 0.08ms
[581.612s][info][gc,heap        ] GC(1403) Eden regions: 214->0(210)
[581.612s][info][gc,heap        ] GC(1403) Survivor regions: 1->12(27)
[581.612s][info][gc,heap        ] GC(1403) Old regions: 685->685
[581.612s][info][gc,heap        ] GC(1403) Humongous regions: 9->9
[581.612s][info][gc,metaspace   ] GC(1403) Metaspace: 19122K(19328K)->19122K(19328K) NonClass: 16461K(16576K)->16461K(16576K) Class: 2661K(2752K)->2661K(2752K)
[581.612s][info][gc             ] GC(1403) Pause Young (Normal) (G1 Evacuation Pause) 908M->705M(978M) 20.740ms
[581.612s][info][gc,cpu         ] GC(1403) User=0.04s Sys=0.00s Real=0.02s
[582.007s][info][gc,marking     ] GC(1400) Concurrent Mark From Roots 1694.339ms
[582.007s][info][gc,marking     ] GC(1400) Concurrent Preclean
[582.007s][info][gc,marking     ] GC(1400) Concurrent Preclean 0.041ms
[582.008s][info][gc,start       ] GC(1400) Pause Remark
[582.015s][info][gc             ] GC(1400) Pause Remark 854M->839M(978M) 7.826ms
[582.015s][info][gc,cpu         ] GC(1400) User=0.01s Sys=0.00s Real=0.00s
[582.016s][info][gc,marking     ] GC(1400) Concurrent Mark 1702.554ms
[582.016s][info][gc,marking     ] GC(1400) Concurrent Rebuild Remembered Sets and Scrub Regions
[582.231s][info][gc,start       ] GC(1404) Pause Young (Normal) (G1 Evacuation Pause)
[582.232s][info][gc,task        ] GC(1404) Using 2 workers of 2 for evacuation
[582.280s][info][gc,phases      ] GC(1404)   Pre Evacuate Collection Set: 0.27ms
[582.280s][info][gc,phases      ] GC(1404)   Merge Heap Roots: 0.54ms
[582.280s][info][gc,phases      ] GC(1404)   Evacuate Collection Set: 47.26ms
[582.280s][info][gc,phases      ] GC(1404)   Post Evacuate Collection Set: 0.42ms
[582.280s][info][gc,phases      ] GC(1404)   Other: 0.09ms
[582.280s][info][gc,heap        ] GC(1404) Eden regions: 210->0(189)
[582.280s][info][gc,heap        ] GC(1404) Survivor regions: 12->28(28)
[582.280s][info][gc,heap        ] GC(1404) Old regions: 670->674
[582.280s][info][gc,heap        ] GC(1404) Humongous regions: 9->9
[582.280s][info][gc,metaspace   ] GC(1404) Metaspace: 19122K(19328K)->19122K(19328K) NonClass: 16461K(16576K)->16461K(16576K) Class: 2661K(2752K)->2661K(2752K)
[582.280s][info][gc             ] GC(1404) Pause Young (Normal) (G1 Evacuation Pause) 900M->710M(978M) 48.828ms
[582.280s][info][gc,cpu         ] GC(1404) User=0.09s Sys=0.00s Real=0.05s
[582.698s][info][gc,marking     ] GC(1400) Concurrent Rebuild Remembered Sets and Scrub Regions 682.261ms
[582.698s][info][gc,start       ] GC(1400) Pause Cleanup
[582.698s][info][gc             ] GC(1400) Pause Cleanup 864M->864M(978M) 0.102ms
[582.698s][info][gc,cpu         ] GC(1400) User=0.00s Sys=0.00s Real=0.00s
[582.700s][info][gc,marking     ] GC(1400) Concurrent Clear Claimed Marks
[582.700s][info][gc,marking     ] GC(1400) Concurrent Clear Claimed Marks 0.052ms
[582.700s][info][gc,marking     ] GC(1400) Concurrent Cleanup for Next Mark
[582.705s][info][gc,marking     ] GC(1400) Concurrent Cleanup for Next Mark 4.860ms
[582.705s][info][gc             ] GC(1400) Concurrent Mark Cycle 2443.160ms
[582.755s][info][gc,start       ] GC(1405) Pause Young (Prepare Mixed) (G1 Evacuation Pause)
[582.755s][info][gc,task        ] GC(1405) Using 2 workers of 2 for evacuation
[582.803s][info][gc,phases      ] GC(1405)   Pre Evacuate Collection Set: 0.49ms
[582.803s][info][gc,phases      ] GC(1405)   Merge Heap Roots: 0.25ms
[582.803s][info][gc,phases      ] GC(1405)   Evacuate Collection Set: 46.10ms
[582.803s][info][gc,phases      ] GC(1405)   Post Evacuate Collection Set: 0.49ms
[582.803s][info][gc,phases      ] GC(1405)   Other: 0.10ms
[582.803s][info][gc,heap        ] GC(1405) Eden regions: 189->0(181)
[582.803s][info][gc,heap        ] GC(1405) Survivor regions: 28->18(28)
[582.803s][info][gc,heap        ] GC(1405) Old regions: 674->702
[582.803s][info][gc,heap        ] GC(1405) Humongous regions: 9->9
[582.803s][info][gc,metaspace   ] GC(1405) Metaspace: 19122K(19328K)->19122K(19328K) NonClass: 16461K(16576K)->16461K(16576K) Class: 2661K(2752K)->2661K(2752K)
[582.803s][info][gc             ] GC(1405) Pause Young (Prepare Mixed) (G1 Evacuation Pause) 899M->728M(978M) 47.627ms
[582.803s][info][gc,cpu         ] GC(1405) User=0.09s Sys=0.00s Real=0.05s
[583.006s][info][gc,start       ] GC(1406) Pause Young (Mixed) (G1 Evacuation Pause)
[583.006s][info][gc,task        ] GC(1406) Using 2 workers of 2 for evacuation
[583.038s][info][gc,phases      ] GC(1406)   Pre Evacuate Collection Set: 0.56ms
[583.038s][info][gc,phases      ] GC(1406)   Merge Heap Roots: 0.25ms
[583.038s][info][gc,phases      ] GC(1406)   Evacuate Collection Set: 30.38ms
[583.038s][info][gc,phases      ] GC(1406)   Post Evacuate Collection Set: 0.46ms
[583.038s][info][gc,phases      ] GC(1406)   Other: 0.09ms
[583.038s][info][gc,heap        ] GC(1406) Eden regions: 181->0(180)
[583.038s][info][gc,heap        ] GC(1406) Survivor regions: 18->24(25)
[583.038s][info][gc,heap        ] GC(1406) Old regions: 702->691
[583.038s][info][gc,heap        ] GC(1406) Humongous regions: 9->9
[583.038s][info][gc,metaspace   ] GC(1406) Metaspace: 19122K(19328K)->19122K(19328K) NonClass: 16461K(16576K)->16461K(16576K) Class: 2661K(2752K)->2661K(2752K)
[583.038s][info][gc             ] GC(1406) Pause Young (Mixed) (G1 Evacuation Pause) 909M->723M(978M) 31.972ms
[583.038s][info][gc,cpu         ] GC(1406) User=0.06s Sys=0.00s Real=0.04s
[583.217s][info][gc,start       ] GC(1407) Pause Young (Concurrent Start) (G1 Evacuation Pause)
[583.217s][info][gc,task        ] GC(1407) Using 2 workers of 2 for evacuation
[583.252s][info][gc,phases      ] GC(1407)   Pre Evacuate Collection Set: 0.34ms
[583.252s][info][gc,phases      ] GC(1407)   Merge Heap Roots: 0.10ms
[583.252s][info][gc,phases      ] GC(1407)   Evacuate Collection Set: 33.34ms
[583.252s][info][gc,phases      ] GC(1407)   Post Evacuate Collection Set: 0.50ms
[583.252s][info][gc,phases      ] GC(1407)   Other: 0.22ms
[583.252s][info][gc,heap        ] GC(1407) Eden regions: 180->0(177)
[583.252s][info][gc,heap        ] GC(1407) Survivor regions: 24->16(26)
[583.252s][info][gc,heap        ] GC(1407) Old regions: 691->710
[583.252s][info][gc,heap        ] GC(1407) Humongous regions: 9->9
[583.252s][info][gc,metaspace   ] GC(1407) Metaspace: 19122K(19328K)->19122K(19328K) NonClass: 16461K(16576K)->16461K(16576K) Class: 2661K(2752K)->2661K(2752K)
[583.252s][info][gc             ] GC(1407) Pause Young (Concurrent Start) (G1 Evacuation Pause) 903M->734M(978M) 34.731ms
[583.252s][info][gc             ] GC(1408) Concurrent Mark Cycle
[583.252s][info][gc,marking     ] GC(1408) Concurrent Scan Root Regions
[583.254s][info][gc,cpu         ] GC(1407) User=0.07s Sys=0.00s Real=0.03s
[583.292s][info][gc,marking     ] GC(1408) Concurrent Scan Root Regions 40.260ms
[583.292s][info][gc,marking     ] GC(1408) Concurrent Mark
[583.292s][info][gc,marking     ] GC(1408) Concurrent Mark From Roots
[583.292s][info][gc,task        ] GC(1408) Using 1 workers of 1 for marking
[583.767s][info][gc,start       ] GC(1409) Pause Young (Normal) (G1 Evacuation Pause)
[583.767s][info][gc,task        ] GC(1409) Using 2 workers of 2 for evacuation
[583.790s][info][gc,phases      ] GC(1409)   Pre Evacuate Collection Set: 0.28ms
[583.790s][info][gc,phases      ] GC(1409)   Merge Heap Roots: 0.16ms
[583.790s][info][gc,phases      ] GC(1409)   Evacuate Collection Set: 21.96ms
[583.790s][info][gc,phases      ] GC(1409)   Post Evacuate Collection Set: 0.42ms
[583.790s][info][gc,phases      ] GC(1409)   Other: 0.08ms
[583.790s][info][gc,heap        ] GC(1409) Eden regions: 177->0(186)
[583.790s][info][gc,heap        ] GC(1409) Survivor regions: 16->4(25)
[583.790s][info][gc,heap        ] GC(1409) Old regions: 710->725
[583.790s][info][gc,heap        ] GC(1409) Humongous regions: 9->9
[583.790s][info][gc,metaspace   ] GC(1409) Metaspace: 19123K(19328K)->19123K(19328K) NonClass: 16462K(16576K)->16462K(16576K) Class: 2661K(2752K)->2661K(2752K)
[583.790s][info][gc             ] GC(1409) Pause Young (Normal) (G1 Evacuation Pause) 911M->737M(978M) 23.114ms
[583.790s][info][gc,cpu         ] GC(1409) User=0.04s Sys=0.00s Real=0.02s
[584.187s][info][gc,start       ] GC(1410) Pause Young (Normal) (G1 Evacuation Pause)
[584.187s][info][gc,task        ] GC(1410) Using 2 workers of 2 for evacuation
[584.207s][info][gc,phases      ] GC(1410)   Pre Evacuate Collection Set: 0.30ms
[584.207s][info][gc,phases      ] GC(1410)   Merge Heap Roots: 0.11ms
[584.207s][info][gc,phases      ] GC(1410)   Evacuate Collection Set: 18.77ms
[584.207s][info][gc,phases      ] GC(1410)   Post Evacuate Collection Set: 0.40ms
[584.207s][info][gc,phases      ] GC(1410)   Other: 0.12ms
[584.207s][info][gc,heap        ] GC(1410) Eden regions: 186->0(156)
[584.207s][info][gc,heap        ] GC(1410) Survivor regions: 4->19(24)
[584.207s][info][gc,heap        ] GC(1410) Old regions: 725->725
[584.207s][info][gc,heap        ] GC(1410) Humongous regions: 9->9
[584.207s][info][gc,metaspace   ] GC(1410) Metaspace: 19123K(19328K)->19123K(19328K) NonClass: 16462K(16576K)->16462K(16576K) Class: 2661K(2752K)->2661K(2752K)
[584.207s][info][gc             ] GC(1410) Pause Young (Normal) (G1 Evacuation Pause) 923M->752M(978M) 19.992ms
[584.207s][info][gc,cpu         ] GC(1410) User=0.03s Sys=0.00s Real=0.02s
[584.387s][info][gc,marking     ] GC(1408) Concurrent Mark From Roots 1094.656ms
[584.387s][info][gc,marking     ] GC(1408) Concurrent Preclean
[584.387s][info][gc,marking     ] GC(1408) Concurrent Preclean 0.036ms
[584.387s][info][gc,start       ] GC(1408) Pause Remark
[584.395s][info][gc             ] GC(1408) Pause Remark 814M->561M(978M) 7.792ms
[584.395s][info][gc,cpu         ] GC(1408) User=0.01s Sys=0.00s Real=0.00s
[584.395s][info][gc,marking     ] GC(1408) Concurrent Mark 1102.756ms
[584.395s][info][gc,marking     ] GC(1408) Concurrent Rebuild Remembered Sets and Scrub Regions
[584.505s][info][gc,start       ] GC(1411) Pause Young (Normal) (G1 Evacuation Pause)
[584.505s][info][gc,task        ] GC(1411) Using 2 workers of 2 for evacuation
[584.553s][info][gc,phases      ] GC(1411)   Pre Evacuate Collection Set: 0.27ms
[584.553s][info][gc,phases      ] GC(1411)   Merge Heap Roots: 0.10ms
[584.553s][info][gc,phases      ] GC(1411)   Evacuate Collection Set: 46.33ms
[584.553s][info][gc,phases      ] GC(1411)   Post Evacuate Collection Set: 0.45ms
[584.553s][info][gc,phases      ] GC(1411)   Other: 0.07ms
[584.553s][info][gc,heap        ] GC(1411) Eden regions: 156->0(335)
[584.553s][info][gc,heap        ] GC(1411) Survivor regions: 19->22(22)
[584.553s][info][gc,heap        ] GC(1411) Old regions: 477->508
[584.553s][info][gc,heap        ] GC(1411) Humongous regions: 4->4
[584.553s][info][gc,metaspace   ] GC(1411) Metaspace: 19123K(19328K)->19123K(19328K) NonClass: 16462K(16576K)->16462K(16576K) Class: 2661K(2752K)->2661K(2752K)
[584.553s][info][gc             ] GC(1411) Pause Young (Normal) (G1 Evacuation Pause) 655M->533M(978M) 47.431ms
[584.553s][info][gc,cpu         ] GC(1411) User=0.09s Sys=0.00s Real=0.05s
[584.740s][info][gc,marking     ] GC(1408) Concurrent Rebuild Remembered Sets and Scrub Regions 345.151ms
[584.740s][info][gc,start       ] GC(1408) Pause Cleanup
[584.741s][info][gc             ] GC(1408) Pause Cleanup 646M->646M(978M) 0.111ms
[584.741s][info][gc,cpu         ] GC(1408) User=0.00s Sys=0.00s Real=0.00s
[584.742s][info][gc,marking     ] GC(1408) Concurrent Clear Claimed Marks
[584.742s][info][gc,marking     ] GC(1408) Concurrent Clear Claimed Marks 0.045ms
[584.742s][info][gc,marking     ] GC(1408) Concurrent Cleanup for Next Mark
[584.747s][info][gc,marking     ] GC(1408) Concurrent Cleanup for Next Mark 5.005ms
[584.747s][info][gc             ] GC(1408) Concurrent Mark Cycle 1495.095ms
[585.061s][info][gc,start       ] GC(1412) Pause Young (Prepare Mixed) (G1 Evacuation Pause)
[585.061s][info][gc,task        ] GC(1412) Using 2 workers of 2 for evacuation
[585.162s][info][gc,phases      ] GC(1412)   Pre Evacuate Collection Set: 0.30ms
[585.162s][info][gc,phases      ] GC(1412)   Merge Heap Roots: 0.25ms
[585.162s][info][gc,phases      ] GC(1412)   Evacuate Collection Set: 99.21ms
[585.162s][info][gc,phases      ] GC(1412)   Post Evacuate Collection Set: 0.79ms
[585.162s][info][gc,phases      ] GC(1412)   Other: 0.11ms
[585.162s][info][gc,heap        ] GC(1412) Eden regions: 335->0(267)
[585.162s][info][gc,heap        ] GC(1412) Survivor regions: 22->45(45)
[585.162s][info][gc,heap        ] GC(1412) Old regions: 508->550
[585.162s][info][gc,heap        ] GC(1412) Humongous regions: 7->7
[585.162s][info][gc,metaspace   ] GC(1412) Metaspace: 19123K(19328K)->19123K(19328K) NonClass: 16462K(16576K)->16462K(16576K) Class: 2661K(2752K)->2661K(2752K)
[585.162s][info][gc             ] GC(1412) Pause Young (Prepare Mixed) (G1 Evacuation Pause) 871M->601M(978M) 100.928ms
[585.162s][info][gc,cpu         ] GC(1412) User=0.20s Sys=0.00s Real=0.10s
[585.439s][info][gc,start       ] GC(1413) Pause Young (Mixed) (G1 Evacuation Pause)
[585.439s][info][gc,task        ] GC(1413) Using 2 workers of 2 for evacuation
[585.531s][info][gc,phases      ] GC(1413)   Pre Evacuate Collection Set: 0.53ms
[585.531s][info][gc,phases      ] GC(1413)   Merge Heap Roots: 0.55ms
[585.531s][info][gc,phases      ] GC(1413)   Evacuate Collection Set: 90.57ms
[585.531s][info][gc,phases      ] GC(1413)   Post Evacuate Collection Set: 0.62ms
[585.531s][info][gc,phases      ] GC(1413)   Other: 0.08ms
[585.531s][info][gc,heap        ] GC(1413) Eden regions: 267->0(285)
[585.531s][info][gc,heap        ] GC(1413) Survivor regions: 45->30(39)
[585.531s][info][gc,heap        ] GC(1413) Old regions: 550->537
[585.531s][info][gc,heap        ] GC(1413) Humongous regions: 7->7
[585.531s][info][gc,metaspace   ] GC(1413) Metaspace: 19123K(19328K)->19123K(19328K) NonClass: 16462K(16576K)->16462K(16576K) Class: 2661K(2752K)->2661K(2752K)
[585.531s][info][gc             ] GC(1413) Pause Young (Mixed) (G1 Evacuation Pause) 868M->573M(978M) 92.616ms
[585.531s][info][gc,cpu         ] GC(1413) User=0.18s Sys=0.00s Real=0.09s
[585.878s][info][gc,start       ] GC(1414) Pause Young (Concurrent Start) (G1 Evacuation Pause)
[585.878s][info][gc,task        ] GC(1414) Using 2 workers of 2 for evacuation
[585.928s][info][gc,phases      ] GC(1414)   Pre Evacuate Collection Set: 0.29ms
[585.928s][info][gc,phases      ] GC(1414)   Merge Heap Roots: 0.56ms
[585.928s][info][gc,phases      ] GC(1414)   Evacuate Collection Set: 48.81ms
[585.928s][info][gc,phases      ] GC(1414)   Post Evacuate Collection Set: 0.53ms
[585.928s][info][gc,phases      ] GC(1414)   Other: 0.09ms
[585.928s][info][gc,heap        ] GC(1414) Eden regions: 285->0(296)
[585.928s][info][gc,heap        ] GC(1414) Survivor regions: 30->6(40)
[585.928s][info][gc,heap        ] GC(1414) Old regions: 537->567
[585.928s][info][gc,heap        ] GC(1414) Humongous regions: 7->7
[585.928s][info][gc,metaspace   ] GC(1414) Metaspace: 19123K(19328K)->19123K(19328K) NonClass: 16462K(16576K)->16462K(16576K) Class: 2661K(2752K)->2661K(2752K)
[585.929s][info][gc             ] GC(1414) Pause Young (Concurrent Start) (G1 Evacuation Pause) 858M->579M(978M) 50.526ms
[585.929s][info][gc             ] GC(1415) Concurrent Mark Cycle
[585.929s][info][gc,marking     ] GC(1415) Concurrent Scan Root Regions
[585.929s][info][gc,cpu         ] GC(1414) User=0.10s Sys=0.00s Real=0.05s
[585.996s][info][gc,marking     ] GC(1415) Concurrent Scan Root Regions 67.368ms
[585.996s][info][gc,marking     ] GC(1415) Concurrent Mark
[585.996s][info][gc,marking     ] GC(1415) Concurrent Mark From Roots
[585.996s][info][gc,task        ] GC(1415) Using 1 workers of 1 for marking
[586.544s][info][gc,start       ] GC(1416) Pause Young (Normal) (G1 Evacuation Pause)
[586.544s][info][gc,task        ] GC(1416) Using 2 workers of 2 for evacuation
[586.619s][info][gc,phases      ] GC(1416)   Pre Evacuate Collection Set: 0.51ms
[586.619s][info][gc,phases      ] GC(1416)   Merge Heap Roots: 0.27ms
[586.619s][info][gc,phases      ] GC(1416)   Evacuate Collection Set: 73.03ms
[586.619s][info][gc,phases      ] GC(1416)   Post Evacuate Collection Set: 0.75ms
[586.619s][info][gc,phases      ] GC(1416)   Other: 0.08ms
[586.619s][info][gc,heap        ] GC(1416) Eden regions: 296->0(228)
[586.619s][info][gc,heap        ] GC(1416) Survivor regions: 6->38(38)
[586.619s][info][gc,heap        ] GC(1416) Old regions: 567->600
[586.619s][info][gc,heap        ] GC(1416) Humongous regions: 7->7
[586.619s][info][gc,metaspace   ] GC(1416) Metaspace: 19123K(19328K)->19123K(19328K) NonClass: 16462K(16576K)->16462K(16576K) Class: 2661K(2752K)->2661K(2752K)
[586.619s][info][gc             ] GC(1416) Pause Young (Normal) (G1 Evacuation Pause) 875M->644M(978M) 74.874ms
[586.619s][info][gc,cpu         ] GC(1416) User=0.15s Sys=0.00s Real=0.08s
[587.100s][info][gc,marking     ] GC(1415) Concurrent Mark From Roots 1103.749ms
[587.100s][info][gc,marking     ] GC(1415) Concurrent Preclean
[587.100s][info][gc,marking     ] GC(1415) Concurrent Preclean 0.035ms
[587.100s][info][gc,start       ] GC(1415) Pause Remark
[587.108s][info][gc             ] GC(1415) Pause Remark 805M->625M(978M) 7.899ms
[587.108s][info][gc,cpu         ] GC(1415) User=0.02s Sys=0.00s Real=0.01s
[587.109s][info][gc,marking     ] GC(1415) Concurrent Mark 1112.557ms
[587.109s][info][gc,marking     ] GC(1415) Concurrent Rebuild Remembered Sets and Scrub Regions
[587.239s][info][gc,start       ] GC(1417) Pause Young (Normal) (G1 Evacuation Pause)
[587.239s][info][gc,task        ] GC(1417) Using 2 workers of 2 for evacuation
[587.308s][info][gc,phases      ] GC(1417)   Pre Evacuate Collection Set: 0.30ms
[587.308s][info][gc,phases      ] GC(1417)   Merge Heap Roots: 0.52ms
[587.308s][info][gc,phases      ] GC(1417)   Evacuate Collection Set: 67.04ms
[587.308s][info][gc,phases      ] GC(1417)   Post Evacuate Collection Set: 0.53ms
[587.308s][info][gc,phases      ] GC(1417)   Other: 0.10ms
[587.308s][info][gc,heap        ] GC(1417) Eden regions: 228->0(355)
[587.308s][info][gc,heap        ] GC(1417) Survivor regions: 38->14(34)
[587.308s][info][gc,heap        ] GC(1417) Old regions: 423->462
[587.308s][info][gc,heap        ] GC(1417) Humongous regions: 5->5
[587.308s][info][gc,metaspace   ] GC(1417) Metaspace: 19123K(19328K)->19123K(19328K) NonClass: 16462K(16576K)->16462K(16576K) Class: 2661K(2752K)->2661K(2752K)
[587.308s][info][gc             ] GC(1417) Pause Young (Normal) (G1 Evacuation Pause) 693M->479M(978M) 68.737ms
[587.308s][info][gc,cpu         ] GC(1417) User=0.13s Sys=0.00s Real=0.07s
[587.616s][info][gc,marking     ] GC(1415) Concurrent Rebuild Remembered Sets and Scrub Regions 507.349ms
[587.616s][info][gc,start       ] GC(1415) Pause Cleanup
[587.616s][info][gc             ] GC(1415) Pause Cleanup 694M->694M(978M) 0.100ms
[587.616s][info][gc,cpu         ] GC(1415) User=0.00s Sys=0.00s Real=0.00s
[587.618s][info][gc,marking     ] GC(1415) Concurrent Clear Claimed Marks
[587.618s][info][gc,marking     ] GC(1415) Concurrent Clear Claimed Marks 0.049ms
[587.618s][info][gc,marking     ] GC(1415) Concurrent Cleanup for Next Mark
[587.622s][info][gc,marking     ] GC(1415) Concurrent Cleanup for Next Mark 4.834ms
[587.622s][info][gc             ] GC(1415) Concurrent Mark Cycle 1693.901ms
[587.787s][info][gc,start       ] GC(1418) Pause Young (Prepare Mixed) (G1 Evacuation Pause)
[587.787s][info][gc,task        ] GC(1418) Using 2 workers of 2 for evacuation
[587.839s][info][gc,phases      ] GC(1418)   Pre Evacuate Collection Set: 0.49ms
[587.839s][info][gc,phases      ] GC(1418)   Merge Heap Roots: 0.33ms
[587.839s][info][gc,phases      ] GC(1418)   Evacuate Collection Set: 50.93ms
[587.839s][info][gc,phases      ] GC(1418)   Post Evacuate Collection Set: 0.60ms
[587.839s][info][gc,phases      ] GC(1418)   Other: 0.10ms
[587.839s][info][gc,heap        ] GC(1418) Eden regions: 355->0(339)
[587.839s][info][gc,heap        ] GC(1418) Survivor regions: 14->43(47)
[587.839s][info][gc,heap        ] GC(1418) Old regions: 462->462
[587.839s][info][gc,heap        ] GC(1418) Humongous regions: 5->5
[587.839s][info][gc,metaspace   ] GC(1418) Metaspace: 19123K(19328K)->19123K(19328K) NonClass: 16462K(16576K)->16462K(16576K) Class: 2661K(2752K)->2661K(2752K)
[587.839s][info][gc             ] GC(1418) Pause Young (Prepare Mixed) (G1 Evacuation Pause) 834M->508M(978M) 52.655ms
[587.839s][info][gc,cpu         ] GC(1418) User=0.11s Sys=0.00s Real=0.05s
[588.529s][info][gc,start       ] GC(1419) Pause Young (Mixed) (G1 Evacuation Pause)
[588.529s][info][gc,task        ] GC(1419) Using 2 workers of 2 for evacuation
[588.586s][info][gc,phases      ] GC(1419)   Pre Evacuate Collection Set: 0.55ms
[588.586s][info][gc,phases      ] GC(1419)   Merge Heap Roots: 0.28ms
[588.586s][info][gc,phases      ] GC(1419)   Evacuate Collection Set: 55.11ms
[588.586s][info][gc,phases      ] GC(1419)   Post Evacuate Collection Set: 0.62ms
[588.586s][info][gc,phases      ] GC(1419)   Other: 0.10ms
[588.586s][info][gc,heap        ] GC(1419) Eden regions: 339->0(378)
[588.586s][info][gc,heap        ] GC(1419) Survivor regions: 43->6(48)
[588.586s][info][gc,heap        ] GC(1419) Old regions: 462->470
[588.586s][info][gc,heap        ] GC(1419) Humongous regions: 5->5
[588.586s][info][gc,metaspace   ] GC(1419) Metaspace: 19123K(19328K)->19123K(19328K) NonClass: 16462K(16576K)->16462K(16576K) Class: 2661K(2752K)->2661K(2752K)
[588.586s][info][gc             ] GC(1419) Pause Young (Mixed) (G1 Evacuation Pause) 847M->479M(978M) 56.924ms
[588.586s][info][gc,cpu         ] GC(1419) User=0.11s Sys=0.00s Real=0.05s
[589.094s][info][gc,start       ] GC(1420) Pause Young (Concurrent Start) (G1 Evacuation Pause)
[589.094s][info][gc,task        ] GC(1420) Using 2 workers of 2 for evacuation
[589.169s][info][gc,phases      ] GC(1420)   Pre Evacuate Collection Set: 0.33ms
[589.169s][info][gc,phases      ] GC(1420)   Merge Heap Roots: 0.35ms
[589.169s][info][gc,phases      ] GC(1420)   Evacuate Collection Set: 73.13ms
[589.169s][info][gc,phases      ] GC(1420)   Post Evacuate Collection Set: 0.79ms
[589.169s][info][gc,phases      ] GC(1420)   Other: 0.13ms
[589.169s][info][gc,heap        ] GC(1420) Eden regions: 378->0(301)
[589.169s][info][gc,heap        ] GC(1420) Survivor regions: 6->48(48)
[589.169s][info][gc,heap        ] GC(1420) Old regions: 470->495
[589.169s][info][gc,heap        ] GC(1420) Humongous regions: 5->5
[589.169s][info][gc,metaspace   ] GC(1420) Metaspace: 19123K(19328K)->19123K(19328K) NonClass: 16462K(16576K)->16462K(16576K) Class: 2661K(2752K)->2661K(2752K)
[589.169s][info][gc             ] GC(1420) Pause Young (Concurrent Start) (G1 Evacuation Pause) 857M->547M(978M) 74.967ms
[589.169s][info][gc             ] GC(1421) Concurrent Mark Cycle
[589.169s][info][gc,marking     ] GC(1421) Concurrent Scan Root Regions
[589.171s][info][gc,cpu         ] GC(1420) User=0.15s Sys=0.00s Real=0.08s
[589.239s][info][gc,marking     ] GC(1421) Concurrent Scan Root Regions 70.246ms
[589.239s][info][gc,marking     ] GC(1421) Concurrent Mark
[589.239s][info][gc,marking     ] GC(1421) Concurrent Mark From Roots
[589.239s][info][gc,task        ] GC(1421) Using 1 workers of 1 for marking
[589.954s][info][gc,start       ] GC(1422) Pause Young (Normal) (G1 Evacuation Pause)
[589.954s][info][gc,task        ] GC(1422) Using 2 workers of 2 for evacuation
[590.046s][info][gc,phases      ] GC(1422)   Pre Evacuate Collection Set: 0.52ms
[590.046s][info][gc,phases      ] GC(1422)   Merge Heap Roots: 0.60ms
[590.046s][info][gc,phases      ] GC(1422)   Evacuate Collection Set: 89.54ms
[590.046s][info][gc,phases      ] GC(1422)   Post Evacuate Collection Set: 0.63ms
[590.046s][info][gc,phases      ] GC(1422)   Other: 0.10ms
[590.046s][info][gc,heap        ] GC(1422) Eden regions: 301->0(296)
[590.046s][info][gc,heap        ] GC(1422) Survivor regions: 48->18(44)
[590.046s][info][gc,heap        ] GC(1422) Old regions: 495->544
[590.046s][info][gc,heap        ] GC(1422) Humongous regions: 8->8
[590.046s][info][gc,metaspace   ] GC(1422) Metaspace: 19123K(19328K)->19123K(19328K) NonClass: 16462K(16576K)->16462K(16576K) Class: 2661K(2752K)->2661K(2752K)
[590.046s][info][gc             ] GC(1422) Pause Young (Normal) (G1 Evacuation Pause) 851M->568M(978M) 91.641ms
[590.046s][info][gc,cpu         ] GC(1422) User=0.18s Sys=0.00s Real=0.09s
[590.292s][info][gc,marking     ] GC(1421) Concurrent Mark From Roots 1052.742ms
[590.292s][info][gc,marking     ] GC(1421) Concurrent Preclean
[590.292s][info][gc,marking     ] GC(1421) Concurrent Preclean 0.042ms
[590.292s][info][gc,start       ] GC(1421) Pause Remark
[590.301s][info][gc             ] GC(1421) Pause Remark 653M->506M(978M) 8.218ms
[590.301s][info][gc,cpu         ] GC(1421) User=0.01s Sys=0.00s Real=0.01s
[590.301s][info][gc,marking     ] GC(1421) Concurrent Mark 1061.355ms
[590.301s][info][gc,marking     ] GC(1421) Concurrent Rebuild Remembered Sets and Scrub Regions
[590.575s][info][gc,start       ] GC(1423) Pause Young (Normal) (G1 Evacuation Pause)
[590.575s][info][gc,task        ] GC(1423) Using 2 workers of 2 for evacuation
[590.662s][info][gc,phases      ] GC(1423)   Pre Evacuate Collection Set: 0.49ms
[590.662s][info][gc,phases      ] GC(1423)   Merge Heap Roots: 0.38ms
[590.662s][info][gc,phases      ] GC(1423)   Evacuate Collection Set: 84.91ms
[590.662s][info][gc,phases      ] GC(1423)   Post Evacuate Collection Set: 0.84ms
[590.662s][info][gc,phases      ] GC(1423)   Other: 0.11ms
[590.662s][info][gc,heap        ] GC(1423) Eden regions: 296->0(341)
[590.662s][info][gc,heap        ] GC(1423) Survivor regions: 18->40(40)
[590.662s][info][gc,heap        ] GC(1423) Old regions: 399->438
[590.662s][info][gc,heap        ] GC(1423) Humongous regions: 6->6
[590.662s][info][gc,metaspace   ] GC(1423) Metaspace: 19123K(19328K)->19123K(19328K) NonClass: 16462K(16576K)->16462K(16576K) Class: 2661K(2752K)->2661K(2752K)
[590.662s][info][gc             ] GC(1423) Pause Young (Normal) (G1 Evacuation Pause) 717M->483M(978M) 86.987ms
[590.662s][info][gc,cpu         ] GC(1423) User=0.17s Sys=0.00s Real=0.09s
[590.696s][info][gc,marking     ] GC(1421) Concurrent Rebuild Remembered Sets and Scrub Regions 395.641ms
[590.697s][info][gc,start       ] GC(1421) Pause Cleanup
[590.697s][info][gc             ] GC(1421) Pause Cleanup 500M->500M(978M) 0.078ms
[590.697s][info][gc,cpu         ] GC(1421) User=0.00s Sys=0.00s Real=0.00s
[590.697s][info][gc,marking     ] GC(1421) Concurrent Clear Claimed Marks
[590.697s][info][gc,marking     ] GC(1421) Concurrent Clear Claimed Marks 0.027ms
[590.697s][info][gc,marking     ] GC(1421) Concurrent Cleanup for Next Mark
[590.700s][info][gc,marking     ] GC(1421) Concurrent Cleanup for Next Mark 2.796ms
[590.700s][info][gc             ] GC(1421) Concurrent Mark Cycle 1530.509ms
[591.138s][info][gc,start       ] GC(1424) Pause Young (Prepare Mixed) (G1 Evacuation Pause)
[591.138s][info][gc,task        ] GC(1424) Using 2 workers of 2 for evacuation
[591.239s][info][gc,phases      ] GC(1424)   Pre Evacuate Collection Set: 0.52ms
[591.239s][info][gc,phases      ] GC(1424)   Merge Heap Roots: 0.69ms
[591.239s][info][gc,phases      ] GC(1424)   Evacuate Collection Set: 98.56ms
[591.239s][info][gc,phases      ] GC(1424)   Post Evacuate Collection Set: 0.80ms
[591.239s][info][gc,phases      ] GC(1424)   Other: 0.10ms
[591.239s][info][gc,heap        ] GC(1424) Eden regions: 341->0(333)
[591.239s][info][gc,heap        ] GC(1424) Survivor regions: 40->48(48)
[591.239s][info][gc,heap        ] GC(1424) Old regions: 438->455
[591.239s][info][gc,heap        ] GC(1424) Humongous regions: 9->9
[591.239s][info][gc,metaspace   ] GC(1424) Metaspace: 19123K(19328K)->19123K(19328K) NonClass: 16462K(16576K)->16462K(16576K) Class: 2661K(2752K)->2661K(2752K)
[591.239s][info][gc             ] GC(1424) Pause Young (Prepare Mixed) (G1 Evacuation Pause) 827M->511M(978M) 100.904ms
[591.239s][info][gc,cpu         ] GC(1424) User=0.20s Sys=0.00s Real=0.10s
[591.754s][info][gc,start       ] GC(1425) Pause Young (Mixed) (G1 Evacuation Pause)
[591.754s][info][gc,task        ] GC(1425) Using 2 workers of 2 for evacuation
[591.819s][info][gc,phases      ] GC(1425)   Pre Evacuate Collection Set: 0.51ms
[591.819s][info][gc,phases      ] GC(1425)   Merge Heap Roots: 0.51ms
[591.819s][info][gc,phases      ] GC(1425)   Evacuate Collection Set: 63.65ms
[591.819s][info][gc,phases      ] GC(1425)   Post Evacuate Collection Set: 0.56ms
[591.819s][info][gc,phases      ] GC(1425)   Other: 0.11ms
[591.819s][info][gc,heap        ] GC(1425) Eden regions: 333->0(363)
[591.819s][info][gc,heap        ] GC(1425) Survivor regions: 48->1(48)
[591.819s][info][gc,heap        ] GC(1425) Old regions: 455->487
[591.819s][info][gc,heap        ] GC(1425) Humongous regions: 9->9
[591.819s][info][gc,metaspace   ] GC(1425) Metaspace: 19123K(19328K)->19123K(19328K) NonClass: 16462K(16576K)->16462K(16576K) Class: 2661K(2752K)->2661K(2752K)
[591.819s][info][gc             ] GC(1425) Pause Young (Mixed) (G1 Evacuation Pause) 844M->496M(978M) 65.593ms
[591.819s][info][gc,cpu         ] GC(1425) User=0.13s Sys=0.00s Real=0.07s
[592.340s][info][gc,start       ] GC(1426) Pause Young (Concurrent Start) (G1 Evacuation Pause)
[592.340s][info][gc,task        ] GC(1426) Using 2 workers of 2 for evacuation
[592.352s][info][gc,phases      ] GC(1426)   Pre Evacuate Collection Set: 0.33ms
[592.352s][info][gc,phases      ] GC(1426)   Merge Heap Roots: 0.14ms
[592.352s][info][gc,phases      ] GC(1426)   Evacuate Collection Set: 10.50ms
[592.352s][info][gc,phases      ] GC(1426)   Post Evacuate Collection Set: 0.55ms
[592.352s][info][gc,phases      ] GC(1426)   Other: 0.23ms
[592.352s][info][gc,heap        ] GC(1426) Eden regions: 363->0(371)
[592.352s][info][gc,heap        ] GC(1426) Survivor regions: 1->9(46)
[592.352s][info][gc,heap        ] GC(1426) Old regions: 487->487
[592.352s][info][gc,heap        ] GC(1426) Humongous regions: 9->9
[592.352s][info][gc,metaspace   ] GC(1426) Metaspace: 19123K(19328K)->19123K(19328K) NonClass: 16462K(16576K)->16462K(16576K) Class: 2661K(2752K)->2661K(2752K)
[592.352s][info][gc             ] GC(1426) Pause Young (Concurrent Start) (G1 Evacuation Pause) 859M->504M(978M) 12.010ms
[592.352s][info][gc             ] GC(1427) Concurrent Mark Cycle
[592.352s][info][gc,marking     ] GC(1427) Concurrent Scan Root Regions
[592.354s][info][gc,cpu         ] GC(1426) User=0.03s Sys=0.00s Real=0.01s
[592.370s][info][gc,marking     ] GC(1427) Concurrent Scan Root Regions 18.437ms
[592.370s][info][gc,marking     ] GC(1427) Concurrent Mark
[592.370s][info][gc,marking     ] GC(1427) Concurrent Mark From Roots
[592.370s][info][gc,task        ] GC(1427) Using 1 workers of 1 for marking
[593.016s][info][gc,start       ] GC(1428) Pause Young (Normal) (G1 Evacuation Pause)
[593.016s][info][gc,task        ] GC(1428) Using 2 workers of 2 for evacuation
[593.057s][info][gc,phases      ] GC(1428)   Pre Evacuate Collection Set: 0.31ms
[593.057s][info][gc,phases      ] GC(1428)   Merge Heap Roots: 0.21ms
[593.057s][info][gc,phases      ] GC(1428)   Evacuate Collection Set: 40.33ms
[593.057s][info][gc,phases      ] GC(1428)   Post Evacuate Collection Set: 0.53ms
[593.057s][info][gc,phases      ] GC(1428)   Other: 0.08ms
[593.057s][info][gc,heap        ] GC(1428) Eden regions: 371->0(349)
[593.057s][info][gc,heap        ] GC(1428) Survivor regions: 9->36(48)
[593.057s][info][gc,heap        ] GC(1428) Old regions: 487->487
[593.057s][info][gc,heap        ] GC(1428) Humongous regions: 9->9
[593.057s][info][gc,metaspace   ] GC(1428) Metaspace: 19123K(19328K)->19123K(19328K) NonClass: 16462K(16576K)->16462K(16576K) Class: 2661K(2752K)->2661K(2752K)
[593.057s][info][gc             ] GC(1428) Pause Young (Normal) (G1 Evacuation Pause) 875M->531M(978M) 41.673ms
[593.057s][info][gc,cpu         ] GC(1428) User=0.08s Sys=0.00s Real=0.05s
[593.654s][info][gc,start       ] GC(1429) Pause Young (Normal) (G1 Evacuation Pause)
[593.654s][info][gc,task        ] GC(1429) Using 2 workers of 2 for evacuation
[593.716s][info][gc,phases      ] GC(1429)   Pre Evacuate Collection Set: 0.28ms
[593.716s][info][gc,phases      ] GC(1429)   Merge Heap Roots: 0.19ms
[593.716s][info][gc,phases      ] GC(1429)   Evacuate Collection Set: 61.46ms
[593.716s][info][gc,phases      ] GC(1429)   Post Evacuate Collection Set: 0.58ms
[593.716s][info][gc,phases      ] GC(1429)   Other: 0.08ms
[593.716s][info][gc,heap        ] GC(1429) Eden regions: 349->0(327)
[593.716s][info][gc,heap        ] GC(1429) Survivor regions: 36->27(49)
[593.716s][info][gc,heap        ] GC(1429) Old regions: 487->523
[593.716s][info][gc,heap        ] GC(1429) Humongous regions: 9->9
[593.716s][info][gc,metaspace   ] GC(1429) Metaspace: 19123K(19328K)->19123K(19328K) NonClass: 16462K(16576K)->16462K(16576K) Class: 2661K(2752K)->2661K(2752K)
[593.717s][info][gc             ] GC(1429) Pause Young (Normal) (G1 Evacuation Pause) 880M->558M(978M) 62.884ms
[593.717s][info][gc,cpu         ] GC(1429) User=0.12s Sys=0.01s Real=0.07s
[593.774s][info][gc,marking     ] GC(1427) Concurrent Mark From Roots 1404.125ms
[593.775s][info][gc,marking     ] GC(1427) Concurrent Preclean
[593.775s][info][gc,marking     ] GC(1427) Concurrent Preclean 0.038ms
[593.776s][info][gc,start       ] GC(1427) Pause Remark
[593.784s][info][gc             ] GC(1427) Pause Remark 593M->591M(978M) 7.741ms
[593.784s][info][gc,cpu         ] GC(1427) User=0.02s Sys=0.00s Real=0.00s
[593.784s][info][gc,marking     ] GC(1427) Concurrent Mark 1413.890ms
[593.784s][info][gc,marking     ] GC(1427) Concurrent Rebuild Remembered Sets and Scrub Regions
[594.194s][info][gc,marking     ] GC(1427) Concurrent Rebuild Remembered Sets and Scrub Regions 409.781ms
[594.194s][info][gc,start       ] GC(1427) Pause Cleanup
[594.194s][info][gc             ] GC(1427) Pause Cleanup 716M->716M(978M) 0.116ms
[594.194s][info][gc,cpu         ] GC(1427) User=0.00s Sys=0.00s Real=0.00s
[594.194s][info][gc,marking     ] GC(1427) Concurrent Clear Claimed Marks
[594.194s][info][gc,marking     ] GC(1427) Concurrent Clear Claimed Marks 0.043ms
[594.194s][info][gc,marking     ] GC(1427) Concurrent Cleanup for Next Mark
[594.197s][info][gc,marking     ] GC(1427) Concurrent Cleanup for Next Mark 2.823ms
[594.197s][info][gc             ] GC(1427) Concurrent Mark Cycle 1845.529ms
[594.410s][info][gc,start       ] GC(1430) Pause Young (Prepare Mixed) (G1 Evacuation Pause)
[594.410s][info][gc,task        ] GC(1430) Using 2 workers of 2 for evacuation
[594.474s][info][gc,phases      ] GC(1430)   Pre Evacuate Collection Set: 0.31ms
[594.474s][info][gc,phases      ] GC(1430)   Merge Heap Roots: 0.37ms
[594.474s][info][gc,phases      ] GC(1430)   Evacuate Collection Set: 62.17ms
[594.474s][info][gc,phases      ] GC(1430)   Post Evacuate Collection Set: 0.57ms
[594.474s][info][gc,phases      ] GC(1430)   Other: 0.09ms
[594.474s][info][gc,heap        ] GC(1430) Eden regions: 327->0(298)
[594.474s][info][gc,heap        ] GC(1430) Survivor regions: 27->32(45)
[594.474s][info][gc,heap        ] GC(1430) Old regions: 523->550
[594.474s][info][gc,heap        ] GC(1430) Humongous regions: 7->7
[594.474s][info][gc,metaspace   ] GC(1430) Metaspace: 19123K(19328K)->19123K(19328K) NonClass: 16462K(16576K)->16462K(16576K) Class: 2661K(2752K)->2661K(2752K)
[594.474s][info][gc             ] GC(1430) Pause Young (Prepare Mixed) (G1 Evacuation Pause) 883M->587M(978M) 63.804ms
[594.474s][info][gc,cpu         ] GC(1430) User=0.13s Sys=0.00s Real=0.06s
[594.807s][info][gc,start       ] GC(1431) Pause Young (Mixed) (G1 Evacuation Pause)
[594.807s][info][gc,task        ] GC(1431) Using 2 workers of 2 for evacuation
[594.856s][info][gc,phases      ] GC(1431)   Pre Evacuate Collection Set: 0.29ms
[594.856s][info][gc,phases      ] GC(1431)   Merge Heap Roots: 0.23ms
[594.856s][info][gc,phases      ] GC(1431)   Evacuate Collection Set: 47.83ms
[594.856s][info][gc,phases      ] GC(1431)   Post Evacuate Collection Set: 0.56ms
[594.856s][info][gc,phases      ] GC(1431)   Other: 0.08ms
[594.856s][info][gc,heap        ] GC(1431) Eden regions: 298->0(311)
[594.856s][info][gc,heap        ] GC(1431) Survivor regions: 32->9(42)
[594.856s][info][gc,heap        ] GC(1431) Old regions: 550->571
[594.856s][info][gc,heap        ] GC(1431) Humongous regions: 7->7
[594.856s][info][gc,metaspace   ] GC(1431) Metaspace: 19123K(19328K)->19123K(19328K) NonClass: 16462K(16576K)->16462K(16576K) Class: 2661K(2752K)->2661K(2752K)
[594.856s][info][gc             ] GC(1431) Pause Young (Mixed) (G1 Evacuation Pause) 885M->586M(978M) 49.241ms
[594.856s][info][gc,cpu         ] GC(1431) User=0.09s Sys=0.00s Real=0.04s
[595.204s][info][gc,start       ] GC(1432) Pause Young (Concurrent Start) (G1 Evacuation Pause)
[595.204s][info][gc,task        ] GC(1432) Using 2 workers of 2 for evacuation
[595.243s][info][gc,phases      ] GC(1432)   Pre Evacuate Collection Set: 0.44ms
[595.243s][info][gc,phases      ] GC(1432)   Merge Heap Roots: 0.25ms
[595.243s][info][gc,phases      ] GC(1432)   Evacuate Collection Set: 37.58ms
[595.243s][info][gc,phases      ] GC(1432)   Post Evacuate Collection Set: 0.58ms
[595.243s][info][gc,phases      ] GC(1432)   Other: 0.20ms
[595.243s][info][gc,heap        ] GC(1432) Eden regions: 311->0(286)
[595.243s][info][gc,heap        ] GC(1432) Survivor regions: 9->32(40)
[595.243s][info][gc,heap        ] GC(1432) Old regions: 571->571
[595.243s][info][gc,heap        ] GC(1432) Humongous regions: 7->7
[595.243s][info][gc,metaspace   ] GC(1432) Metaspace: 19123K(19328K)->19123K(19328K) NonClass: 16462K(16576K)->16462K(16576K) Class: 2661K(2752K)->2661K(2752K)
[595.243s][info][gc             ] GC(1432) Pause Young (Concurrent Start) (G1 Evacuation Pause) 897M->609M(978M) 39.313ms
[595.243s][info][gc,cpu         ] GC(1432) User=0.07s Sys=0.00s Real=0.04s
[595.243s][info][gc             ] GC(1433) Concurrent Mark Cycle
[595.243s][info][gc,marking     ] GC(1433) Concurrent Scan Root Regions
[595.303s][info][gc,marking     ] GC(1433) Concurrent Scan Root Regions 59.030ms
[595.303s][info][gc,marking     ] GC(1433) Concurrent Mark
[595.303s][info][gc,marking     ] GC(1433) Concurrent Mark From Roots
[595.303s][info][gc,task        ] GC(1433) Using 1 workers of 1 for marking
[596.332s][info][gc,start       ] GC(1434) Pause Young (Normal) (G1 Evacuation Pause)
[596.332s][info][gc,task        ] GC(1434) Using 2 workers of 2 for evacuation
[596.368s][info][gc,phases      ] GC(1434)   Pre Evacuate Collection Set: 0.49ms
[596.368s][info][gc,phases      ] GC(1434)   Merge Heap Roots: 0.27ms
[596.368s][info][gc,phases      ] GC(1434)   Evacuate Collection Set: 33.83ms
[596.368s][info][gc,phases      ] GC(1434)   Post Evacuate Collection Set: 0.50ms
[596.368s][info][gc,phases      ] GC(1434)   Other: 0.10ms
[596.368s][info][gc,heap        ] GC(1434) Eden regions: 286->0(303)
[596.368s][info][gc,heap        ] GC(1434) Survivor regions: 32->1(40)
[596.368s][info][gc,heap        ] GC(1434) Old regions: 571->603
[596.368s][info][gc,heap        ] GC(1434) Humongous regions: 7->7
[596.368s][info][gc,metaspace   ] GC(1434) Metaspace: 19123K(19328K)->19123K(19328K) NonClass: 16462K(16576K)->16462K(16576K) Class: 2661K(2752K)->2661K(2752K)
[596.368s][info][gc             ] GC(1434) Pause Young (Normal) (G1 Evacuation Pause) 895M->610M(978M) 35.411ms
[596.368s][info][gc,cpu         ] GC(1434) User=0.07s Sys=0.00s Real=0.04s
[596.817s][info][gc,marking     ] GC(1433) Concurrent Mark From Roots 1514.016ms
[596.817s][info][gc,marking     ] GC(1433) Concurrent Preclean
[596.817s][info][gc,marking     ] GC(1433) Concurrent Preclean 0.041ms
[596.817s][info][gc,start       ] GC(1433) Pause Remark
[596.825s][info][gc             ] GC(1433) Pause Remark 734M->734M(978M) 7.890ms
[596.825s][info][gc,cpu         ] GC(1433) User=0.02s Sys=0.00s Real=0.00s
[596.827s][info][gc,marking     ] GC(1433) Concurrent Mark 1524.688ms
[596.827s][info][gc,marking     ] GC(1433) Concurrent Rebuild Remembered Sets and Scrub Regions
[597.380s][info][gc,start       ] GC(1435) Pause Young (Normal) (G1 Evacuation Pause)
[597.380s][info][gc,task        ] GC(1435) Using 2 workers of 2 for evacuation
[597.385s][info][gc,phases      ] GC(1435)   Pre Evacuate Collection Set: 0.27ms
[597.385s][info][gc,phases      ] GC(1435)   Merge Heap Roots: 0.15ms
[597.385s][info][gc,phases      ] GC(1435)   Evacuate Collection Set: 3.93ms
[597.385s][info][gc,phases      ] GC(1435)   Post Evacuate Collection Set: 0.47ms
[597.385s][info][gc,phases      ] GC(1435)   Other: 0.15ms
[597.385s][info][gc,heap        ] GC(1435) Eden regions: 303->0(312)
[597.385s][info][gc,heap        ] GC(1435) Survivor regions: 1->3(38)
[597.385s][info][gc,heap        ] GC(1435) Old regions: 603->603
[597.385s][info][gc,heap        ] GC(1435) Humongous regions: 7->7
[597.385s][info][gc,metaspace   ] GC(1435) Metaspace: 19123K(19328K)->19123K(19328K) NonClass: 16462K(16576K)->16462K(16576K) Class: 2661K(2752K)->2661K(2752K)
[597.385s][info][gc             ] GC(1435) Pause Young (Normal) (G1 Evacuation Pause) 913M->612M(978M) 5.176ms
[597.385s][info][gc,cpu         ] GC(1435) User=0.01s Sys=0.00s Real=0.00s
[597.524s][info][gc,marking     ] GC(1433) Concurrent Rebuild Remembered Sets and Scrub Regions 696.363ms
[597.524s][info][gc,start       ] GC(1433) Pause Cleanup
[597.524s][info][gc             ] GC(1433) Pause Cleanup 730M->730M(978M) 0.122ms
[597.524s][info][gc,cpu         ] GC(1433) User=0.00s Sys=0.00s Real=0.00s
[597.525s][info][gc,marking     ] GC(1433) Concurrent Clear Claimed Marks
[597.525s][info][gc,marking     ] GC(1433) Concurrent Clear Claimed Marks 0.047ms
[597.525s][info][gc,marking     ] GC(1433) Concurrent Cleanup for Next Mark
[597.528s][info][gc,marking     ] GC(1433) Concurrent Cleanup for Next Mark 2.857ms
[597.528s][info][gc             ] GC(1433) Concurrent Mark Cycle 2284.791ms
[597.816s][info][gc,start       ] GC(1436) Pause Young (Prepare Mixed) (G1 Evacuation Pause)
[597.816s][info][gc,task        ] GC(1436) Using 2 workers of 2 for evacuation
[597.890s][info][gc,phases      ] GC(1436)   Pre Evacuate Collection Set: 0.32ms
[597.890s][info][gc,phases      ] GC(1436)   Merge Heap Roots: 0.13ms
[597.890s][info][gc,phases      ] GC(1436)   Evacuate Collection Set: 66.11ms
[597.890s][info][gc,phases      ] GC(1436)   Post Evacuate Collection Set: 7.67ms
[597.890s][info][gc,phases      ] GC(1436)   Other: 0.07ms
[597.890s][info][gc,heap        ] GC(1436) Eden regions: 312->0(99)
[597.890s][info][gc,heap        ] GC(1436) Survivor regions: 3->40(40)
[597.890s][info][gc,heap        ] GC(1436) Old regions: 603->742
[597.890s][info][gc,heap        ] GC(1436) Humongous regions: 7->7
[597.890s][info][gc,metaspace   ] GC(1436) Metaspace: 19123K(19328K)->19123K(19328K) NonClass: 16462K(16576K)->16462K(16576K) Class: 2661K(2752K)->2661K(2752K)
[597.890s][info][gc             ] GC(1436) Pause Young (Prepare Mixed) (G1 Evacuation Pause) (Evacuation Failure: Allocation) 924M->788M(978M) 74.537ms
[597.890s][info][gc,cpu         ] GC(1436) User=0.15s Sys=0.00s Real=0.08s
[598.058s][info][gc,start       ] GC(1437) Pause Young (Mixed) (G1 Evacuation Pause)
[598.058s][info][gc,task        ] GC(1437) Using 2 workers of 2 for evacuation
[598.144s][info][gc,phases      ] GC(1437)   Pre Evacuate Collection Set: 0.36ms
[598.144s][info][gc,phases      ] GC(1437)   Merge Heap Roots: 0.45ms
[598.144s][info][gc,phases      ] GC(1437)   Evacuate Collection Set: 84.91ms
[598.144s][info][gc,phases      ] GC(1437)   Post Evacuate Collection Set: 0.58ms
[598.144s][info][gc,phases      ] GC(1437)   Other: 0.09ms
[598.144s][info][gc,heap        ] GC(1437) Eden regions: 99->0(212)
[598.144s][info][gc,heap        ] GC(1437) Survivor regions: 40->17(18)
[598.144s][info][gc,heap        ] GC(1437) Old regions: 742->667
[598.144s][info][gc,heap        ] GC(1437) Humongous regions: 10->10
[598.144s][info][gc,metaspace   ] GC(1437) Metaspace: 19123K(19328K)->19123K(19328K) NonClass: 16462K(16576K)->16462K(16576K) Class: 2661K(2752K)->2661K(2752K)
[598.144s][info][gc             ] GC(1437) Pause Young (Mixed) (G1 Evacuation Pause) 890M->692M(978M) 86.655ms
[598.144s][info][gc,cpu         ] GC(1437) User=0.17s Sys=0.00s Real=0.08s
[598.515s][info][gc,start       ] GC(1438) Pause Young (Concurrent Start) (G1 Evacuation Pause)
[598.515s][info][gc,task        ] GC(1438) Using 2 workers of 2 for evacuation
[598.546s][info][gc,phases      ] GC(1438)   Pre Evacuate Collection Set: 0.34ms
[598.546s][info][gc,phases      ] GC(1438)   Merge Heap Roots: 0.29ms
[598.546s][info][gc,phases      ] GC(1438)   Evacuate Collection Set: 29.57ms
[598.546s][info][gc,phases      ] GC(1438)   Post Evacuate Collection Set: 0.47ms
[598.546s][info][gc,phases      ] GC(1438)   Other: 0.11ms
[598.546s][info][gc,heap        ] GC(1438) Eden regions: 212->0(225)
[598.546s][info][gc,heap        ] GC(1438) Survivor regions: 17->2(29)
[598.546s][info][gc,heap        ] GC(1438) Old regions: 667->683
[598.546s][info][gc,heap        ] GC(1438) Humongous regions: 10->10
[598.546s][info][gc,metaspace   ] GC(1438) Metaspace: 19123K(19328K)->19123K(19328K) NonClass: 16462K(16576K)->16462K(16576K) Class: 2661K(2752K)->2661K(2752K)
[598.546s][info][gc             ] GC(1438) Pause Young (Concurrent Start) (G1 Evacuation Pause) 904M->694M(978M) 31.037ms
[598.546s][info][gc,cpu         ] GC(1438) User=0.06s Sys=0.00s Real=0.03s
[598.546s][info][gc             ] GC(1439) Concurrent Mark Cycle
[598.546s][info][gc,marking     ] GC(1439) Concurrent Scan Root Regions
[598.605s][info][gc,marking     ] GC(1439) Concurrent Scan Root Regions 59.138ms
[598.605s][info][gc,marking     ] GC(1439) Concurrent Mark
[598.605s][info][gc,marking     ] GC(1439) Concurrent Mark From Roots
[598.605s][info][gc,task        ] GC(1439) Using 1 workers of 1 for marking
[599.326s][info][gc,start       ] GC(1440) Pause Young (Normal) (G1 Evacuation Pause)
[599.327s][info][gc,task        ] GC(1440) Using 2 workers of 2 for evacuation
[599.330s][info][gc,phases      ] GC(1440)   Pre Evacuate Collection Set: 0.27ms
[599.330s][info][gc,phases      ] GC(1440)   Merge Heap Roots: 0.10ms
[599.330s][info][gc,phases      ] GC(1440)   Evacuate Collection Set: 2.80ms
[599.330s][info][gc,phases      ] GC(1440)   Post Evacuate Collection Set: 0.39ms
[599.330s][info][gc,phases      ] GC(1440)   Other: 0.08ms
[599.330s][info][gc,heap        ] GC(1440) Eden regions: 225->0(229)
[599.330s][info][gc,heap        ] GC(1440) Survivor regions: 2->3(29)
[599.330s][info][gc,heap        ] GC(1440) Old regions: 683->683
[599.330s][info][gc,heap        ] GC(1440) Humongous regions: 10->10
[599.330s][info][gc,metaspace   ] GC(1440) Metaspace: 19123K(19328K)->19123K(19328K) NonClass: 16462K(16576K)->16462K(16576K) Class: 2661K(2752K)->2661K(2752K)
[599.330s][info][gc             ] GC(1440) Pause Young (Normal) (G1 Evacuation Pause) 919M->695M(978M) 3.897ms
[599.330s][info][gc,cpu         ] GC(1440) User=0.01s Sys=0.00s Real=0.00s
[599.737s][info][gc,marking     ] GC(1439) Concurrent Mark From Roots 1131.923ms
[599.737s][info][gc,marking     ] GC(1439) Concurrent Preclean
[599.737s][info][gc,marking     ] GC(1439) Concurrent Preclean 0.038ms
[599.737s][info][gc,start       ] GC(1439) Pause Remark
[599.745s][info][gc             ] GC(1439) Pause Remark 889M->712M(978M) 7.948ms
[599.745s][info][gc,cpu         ] GC(1439) User=0.01s Sys=0.00s Real=0.00s
[599.745s][info][gc,marking     ] GC(1439) Concurrent Mark 1140.255ms
[599.746s][info][gc,marking     ] GC(1439) Concurrent Rebuild Remembered Sets and Scrub Regions
[599.785s][info][gc,start       ] GC(1441) Pause Young (Normal) (G1 Evacuation Pause)
[599.785s][info][gc,task        ] GC(1441) Using 2 workers of 2 for evacuation
[599.841s][info][gc,phases      ] GC(1441)   Pre Evacuate Collection Set: 0.42ms
[599.841s][info][gc,phases      ] GC(1441)   Merge Heap Roots: 0.10ms
[599.841s][info][gc,phases      ] GC(1441)   Evacuate Collection Set: 54.27ms
[599.841s][info][gc,phases      ] GC(1441)   Post Evacuate Collection Set: 0.65ms
[599.841s][info][gc,phases      ] GC(1441)   Other: 0.08ms
[599.841s][info][gc,heap        ] GC(1441) Eden regions: 229->0(289)
[599.841s][info][gc,heap        ] GC(1441) Survivor regions: 3->29(29)
[599.841s][info][gc,heap        ] GC(1441) Old regions: 510->546
[599.841s][info][gc,heap        ] GC(1441) Humongous regions: 6->6
[599.841s][info][gc,metaspace   ] GC(1441) Metaspace: 19123K(19328K)->19123K(19328K) NonClass: 16462K(16576K)->16462K(16576K) Class: 2661K(2752K)->2661K(2752K)
[599.841s][info][gc             ] GC(1441) Pause Young (Normal) (G1 Evacuation Pause) 747M->580M(978M) 55.668ms
[599.841s][info][gc,cpu         ] GC(1441) User=0.11s Sys=0.00s Real=0.06s
[600.153s][info][gc,marking     ] GC(1439) Concurrent Rebuild Remembered Sets and Scrub Regions 407.643ms
[600.153s][info][gc,start       ] GC(1439) Pause Cleanup
[600.154s][info][gc             ] GC(1439) Pause Cleanup 728M->728M(978M) 0.136ms
[600.154s][info][gc,cpu         ] GC(1439) User=0.00s Sys=0.00s Real=0.00s
[600.154s][info][gc,marking     ] GC(1439) Concurrent Clear Claimed Marks
[600.154s][info][gc,marking     ] GC(1439) Concurrent Clear Claimed Marks 0.037ms
[600.154s][info][gc,marking     ] GC(1439) Concurrent Cleanup for Next Mark
[600.157s][info][gc,marking     ] GC(1439) Concurrent Cleanup for Next Mark 2.836ms
[600.157s][info][gc             ] GC(1439) Concurrent Mark Cycle 1611.252ms
[600.323s][info][gc,start       ] GC(1442) Pause Young (Prepare Mixed) (G1 Evacuation Pause)
[600.323s][info][gc,task        ] GC(1442) Using 2 workers of 2 for evacuation
[600.369s][info][gc,phases      ] GC(1442)   Pre Evacuate Collection Set: 0.50ms
[600.369s][info][gc,phases      ] GC(1442)   Merge Heap Roots: 0.35ms
[600.369s][info][gc,phases      ] GC(1442)   Evacuate Collection Set: 44.34ms
[600.369s][info][gc,phases      ] GC(1442)   Post Evacuate Collection Set: 0.56ms
[600.369s][info][gc,phases      ] GC(1442)   Other: 0.10ms
[600.369s][info][gc,heap        ] GC(1442) Eden regions: 289->0(287)
[600.369s][info][gc,heap        ] GC(1442) Survivor regions: 29->14(40)
[600.369s][info][gc,heap        ] GC(1442) Old regions: 546->576
[600.369s][info][gc,heap        ] GC(1442) Humongous regions: 6->6
[600.369s][info][gc,metaspace   ] GC(1442) Metaspace: 19123K(19328K)->19123K(19328K) NonClass: 16462K(16576K)->16462K(16576K) Class: 2661K(2752K)->2661K(2752K)
[600.369s][info][gc             ] GC(1442) Pause Young (Prepare Mixed) (G1 Evacuation Pause) 869M->594M(978M) 46.089ms
[600.369s][info][gc,cpu         ] GC(1442) User=0.09s Sys=0.00s Real=0.05s
[600.697s][info][gc,start       ] GC(1443) Pause Young (Mixed) (G1 Evacuation Pause)
[600.697s][info][gc,task        ] GC(1443) Using 2 workers of 2 for evacuation
[600.712s][info][gc,phases      ] GC(1443)   Pre Evacuate Collection Set: 0.34ms
[600.712s][info][gc,phases      ] GC(1443)   Merge Heap Roots: 0.18ms
[600.712s][info][gc,phases      ] GC(1443)   Evacuate Collection Set: 13.26ms
[600.712s][info][gc,phases      ] GC(1443)   Post Evacuate Collection Set: 0.56ms
[600.712s][info][gc,phases      ] GC(1443)   Other: 0.09ms
[600.712s][info][gc,heap        ] GC(1443) Eden regions: 287->0(337)
[600.712s][info][gc,heap        ] GC(1443) Survivor regions: 14->14(38)
[600.712s][info][gc,heap        ] GC(1443) Old regions: 576->528
[600.712s][info][gc,heap        ] GC(1443) Humongous regions: 6->6
[600.712s][info][gc,metaspace   ] GC(1443) Metaspace: 19123K(19328K)->19123K(19328K) NonClass: 16462K(16576K)->16462K(16576K) Class: 2661K(2752K)->2661K(2752K)
[600.712s][info][gc             ] GC(1443) Pause Young (Mixed) (G1 Evacuation Pause) 881M->547M(978M) 14.648ms
[600.712s][info][gc,cpu         ] GC(1443) User=0.02s Sys=0.00s Real=0.01s
[601.085s][info][gc,start       ] GC(1444) Pause Young (Concurrent Start) (G1 Evacuation Pause)
[601.085s][info][gc,task        ] GC(1444) Using 2 workers of 2 for evacuation
[601.099s][info][gc,phases      ] GC(1444)   Pre Evacuate Collection Set: 0.34ms
[601.099s][info][gc,phases      ] GC(1444)   Merge Heap Roots: 0.16ms
[601.099s][info][gc,phases      ] GC(1444)   Evacuate Collection Set: 13.13ms
[601.099s][info][gc,phases      ] GC(1444)   Post Evacuate Collection Set: 0.56ms
[601.099s][info][gc,phases      ] GC(1444)   Other: 0.19ms
[601.099s][info][gc,heap        ] GC(1444) Eden regions: 337->0(353)
[601.099s][info][gc,heap        ] GC(1444) Survivor regions: 14->14(44)
[601.099s][info][gc,heap        ] GC(1444) Old regions: 528->528
[601.099s][info][gc,heap        ] GC(1444) Humongous regions: 6->6
[601.099s][info][gc,metaspace   ] GC(1444) Metaspace: 19123K(19328K)->19123K(19328K) NonClass: 16462K(16576K)->16462K(16576K) Class: 2661K(2752K)->2661K(2752K)
[601.099s][info][gc             ] GC(1444) Pause Young (Concurrent Start) (G1 Evacuation Pause) 884M->547M(978M) 14.635ms
[601.099s][info][gc,cpu         ] GC(1444) User=0.03s Sys=0.01s Real=0.02s
[601.100s][info][gc             ] GC(1445) Concurrent Mark Cycle
[601.100s][info][gc,marking     ] GC(1445) Concurrent Scan Root Regions
[601.117s][info][gc,marking     ] GC(1445) Concurrent Scan Root Regions 17.844ms
[601.117s][info][gc,marking     ] GC(1445) Concurrent Mark
[601.117s][info][gc,marking     ] GC(1445) Concurrent Mark From Roots
[601.117s][info][gc,task        ] GC(1445) Using 1 workers of 1 for marking
[601.661s][info][gc,start       ] GC(1446) Pause Young (Normal) (G1 Evacuation Pause)
[601.661s][info][gc,task        ] GC(1446) Using 2 workers of 2 for evacuation
[601.726s][info][gc,phases      ] GC(1446)   Pre Evacuate Collection Set: 0.51ms
[601.726s][info][gc,phases      ] GC(1446)   Merge Heap Roots: 0.42ms
[601.726s][info][gc,phases      ] GC(1446)   Evacuate Collection Set: 63.20ms
[601.726s][info][gc,phases      ] GC(1446)   Post Evacuate Collection Set: 0.63ms
[601.726s][info][gc,phases      ] GC(1446)   Other: 0.09ms
[601.726s][info][gc,heap        ] GC(1446) Eden regions: 353->0(296)
[601.726s][info][gc,heap        ] GC(1446) Survivor regions: 14->46(46)
[601.726s][info][gc,heap        ] GC(1446) Old regions: 528->534
[601.726s][info][gc,heap        ] GC(1446) Humongous regions: 6->6
[601.726s][info][gc,metaspace   ] GC(1446) Metaspace: 19123K(19328K)->19123K(19328K) NonClass: 16462K(16576K)->16462K(16576K) Class: 2661K(2752K)->2661K(2752K)
[601.726s][info][gc             ] GC(1446) Pause Young (Normal) (G1 Evacuation Pause) 900M->585M(978M) 65.108ms
[601.726s][info][gc,cpu         ] GC(1446) User=0.12s Sys=0.00s Real=0.06s
[602.030s][info][gc,marking     ] GC(1445) Concurrent Mark From Roots 912.409ms
[602.030s][info][gc,marking     ] GC(1445) Concurrent Preclean
[602.030s][info][gc,marking     ] GC(1445) Concurrent Preclean 0.042ms
[602.030s][info][gc,start       ] GC(1445) Pause Remark
[602.038s][info][gc             ] GC(1445) Pause Remark 781M->644M(978M) 8.266ms
[602.038s][info][gc,cpu         ] GC(1445) User=0.02s Sys=0.00s Real=0.01s
[602.038s][info][gc,marking     ] GC(1445) Concurrent Mark 921.057ms
[602.039s][info][gc,marking     ] GC(1445) Concurrent Rebuild Remembered Sets and Scrub Regions
[602.202s][info][gc,start       ] GC(1447) Pause Young (Normal) (G1 Evacuation Pause)
[602.202s][info][gc,task        ] GC(1447) Using 2 workers of 2 for evacuation
[602.280s][info][gc,phases      ] GC(1447)   Pre Evacuate Collection Set: 0.27ms
[602.280s][info][gc,phases      ] GC(1447)   Merge Heap Roots: 0.51ms
[602.280s][info][gc,phases      ] GC(1447)   Evacuate Collection Set: 77.09ms
[602.280s][info][gc,phases      ] GC(1447)   Post Evacuate Collection Set: 0.54ms
[602.280s][info][gc,phases      ] GC(1447)   Other: 0.10ms
[602.280s][info][gc,heap        ] GC(1447) Eden regions: 296->0(397)
[602.280s][info][gc,heap        ] GC(1447) Survivor regions: 46->20(43)
[602.280s][info][gc,heap        ] GC(1447) Old regions: 399->446
[602.280s][info][gc,heap        ] GC(1447) Humongous regions: 7->7
[602.280s][info][gc,metaspace   ] GC(1447) Metaspace: 19123K(19328K)->19123K(19328K) NonClass: 16462K(16576K)->16462K(16576K) Class: 2661K(2752K)->2661K(2752K)
[602.280s][info][gc             ] GC(1447) Pause Young (Normal) (G1 Evacuation Pause) 747M->471M(978M) 78.778ms
[602.280s][info][gc,cpu         ] GC(1447) User=0.16s Sys=0.00s Real=0.08s
[602.411s][info][gc,marking     ] GC(1445) Concurrent Rebuild Remembered Sets and Scrub Regions 372.361ms
[602.411s][info][gc,start       ] GC(1445) Pause Cleanup
[602.411s][info][gc             ] GC(1445) Pause Cleanup 593M->593M(978M) 0.094ms
[602.411s][info][gc,cpu         ] GC(1445) User=0.00s Sys=0.00s Real=0.00s
[602.411s][info][gc,marking     ] GC(1445) Concurrent Clear Claimed Marks
[602.411s][info][gc,marking     ] GC(1445) Concurrent Clear Claimed Marks 0.031ms
[602.411s][info][gc,marking     ] GC(1445) Concurrent Cleanup for Next Mark
[602.414s][info][gc,marking     ] GC(1445) Concurrent Cleanup for Next Mark 2.820ms
[602.414s][info][gc             ] GC(1445) Concurrent Mark Cycle 1314.609ms
[602.752s][info][gc,start       ] GC(1448) Pause Young (Prepare Mixed) (G1 Evacuation Pause)
[602.752s][info][gc,task        ] GC(1448) Using 2 workers of 2 for evacuation
[602.806s][info][gc,phases      ] GC(1448)   Pre Evacuate Collection Set: 0.52ms
[602.806s][info][gc,phases      ] GC(1448)   Merge Heap Roots: 0.30ms
[602.806s][info][gc,phases      ] GC(1448)   Evacuate Collection Set: 51.98ms
[602.806s][info][gc,phases      ] GC(1448)   Post Evacuate Collection Set: 0.64ms
[602.806s][info][gc,phases      ] GC(1448)   Other: 0.10ms
[602.806s][info][gc,heap        ] GC(1448) Eden regions: 397->0(383)
[602.806s][info][gc,heap        ] GC(1448) Survivor regions: 20->42(53)
[602.806s][info][gc,heap        ] GC(1448) Old regions: 446->446
[602.806s][info][gc,heap        ] GC(1448) Humongous regions: 7->7
[602.806s][info][gc,metaspace   ] GC(1448) Metaspace: 19123K(19328K)->19123K(19328K) NonClass: 16462K(16576K)->16462K(16576K) Class: 2661K(2752K)->2661K(2752K)
[602.806s][info][gc             ] GC(1448) Pause Young (Prepare Mixed) (G1 Evacuation Pause) 868M->494M(978M) 53.793ms
[602.806s][info][gc,cpu         ] GC(1448) User=0.11s Sys=0.00s Real=0.05s
[603.501s][info][gc,start       ] GC(1449) Pause Young (Mixed) (G1 Evacuation Pause)
[603.501s][info][gc,task        ] GC(1449) Using 2 workers of 2 for evacuation
[603.553s][info][gc,phases      ] GC(1449)   Pre Evacuate Collection Set: 0.52ms
[603.553s][info][gc,phases      ] GC(1449)   Merge Heap Roots: 0.30ms
[603.553s][info][gc,phases      ] GC(1449)   Evacuate Collection Set: 50.56ms
[603.553s][info][gc,phases      ] GC(1449)   Post Evacuate Collection Set: 0.66ms
[603.553s][info][gc,phases      ] GC(1449)   Other: 0.11ms
[603.553s][info][gc,heap        ] GC(1449) Eden regions: 383->0(420)
[603.553s][info][gc,heap        ] GC(1449) Survivor regions: 42->24(54)
[603.553s][info][gc,heap        ] GC(1449) Old regions: 446->440
[603.553s][info][gc,heap        ] GC(1449) Humongous regions: 7->7
[603.553s][info][gc,metaspace   ] GC(1449) Metaspace: 19123K(19328K)->19123K(19328K) NonClass: 16462K(16576K)->16462K(16576K) Class: 2661K(2752K)->2661K(2752K)
[603.553s][info][gc             ] GC(1449) Pause Young (Mixed) (G1 Evacuation Pause) 877M->470M(978M) 52.367ms
[603.553s][info][gc,cpu         ] GC(1449) User=0.11s Sys=0.00s Real=0.05s
[604.075s][info][gc,start       ] GC(1450) Pause Young (Concurrent Start) (G1 Evacuation Pause)
[604.075s][info][gc,task        ] GC(1450) Using 2 workers of 2 for evacuation
[604.147s][info][gc,phases      ] GC(1450)   Pre Evacuate Collection Set: 0.35ms
[604.147s][info][gc,phases      ] GC(1450)   Merge Heap Roots: 0.36ms
[604.147s][info][gc,phases      ] GC(1450)   Evacuate Collection Set: 70.50ms
[604.147s][info][gc,phases      ] GC(1450)   Post Evacuate Collection Set: 0.67ms
[604.147s][info][gc,phases      ] GC(1450)   Other: 0.22ms
[604.147s][info][gc,heap        ] GC(1450) Eden regions: 420->0(361)
[604.147s][info][gc,heap        ] GC(1450) Survivor regions: 24->56(56)
[604.147s][info][gc,heap        ] GC(1450) Old regions: 440->448
[604.147s][info][gc,heap        ] GC(1450) Humongous regions: 7->7
[604.147s][info][gc,metaspace   ] GC(1450) Metaspace: 19123K(19328K)->19123K(19328K) NonClass: 16462K(16576K)->16462K(16576K) Class: 2661K(2752K)->2661K(2752K)
[604.147s][info][gc             ] GC(1450) Pause Young (Concurrent Start) (G1 Evacuation Pause) 890M->510M(978M) 72.363ms
[604.147s][info][gc,cpu         ] GC(1450) User=0.15s Sys=0.00s Real=0.08s
[604.147s][info][gc             ] GC(1451) Concurrent Mark Cycle
[604.147s][info][gc,marking     ] GC(1451) Concurrent Scan Root Regions
[604.269s][info][gc,marking     ] GC(1451) Concurrent Scan Root Regions 121.866ms
[604.269s][info][gc,marking     ] GC(1451) Concurrent Mark
[604.269s][info][gc,marking     ] GC(1451) Concurrent Mark From Roots
[604.269s][info][gc,task        ] GC(1451) Using 1 workers of 1 for marking
[604.726s][info][gc,start       ] GC(1452) Pause Young (Normal) (G1 Evacuation Pause)
[604.726s][info][gc,task        ] GC(1452) Using 2 workers of 2 for evacuation
[604.790s][info][gc,phases      ] GC(1452)   Pre Evacuate Collection Set: 0.51ms
[604.790s][info][gc,phases      ] GC(1452)   Merge Heap Roots: 0.32ms
[604.790s][info][gc,phases      ] GC(1452)   Evacuate Collection Set: 62.33ms
[604.790s][info][gc,phases      ] GC(1452)   Post Evacuate Collection Set: 0.59ms
[604.790s][info][gc,phases      ] GC(1452)   Other: 0.10ms
[604.790s][info][gc,heap        ] GC(1452) Eden regions: 361->0(378)
[604.790s][info][gc,heap        ] GC(1452) Survivor regions: 56->7(53)
[604.790s][info][gc,heap        ] GC(1452) Old regions: 448->504
[604.790s][info][gc,heap        ] GC(1452) Humongous regions: 7->7
[604.790s][info][gc,metaspace   ] GC(1452) Metaspace: 19123K(19328K)->19123K(19328K) NonClass: 16462K(16576K)->16462K(16576K) Class: 2661K(2752K)->2661K(2752K)
[604.790s][info][gc             ] GC(1452) Pause Young (Normal) (G1 Evacuation Pause) 871M->517M(978M) 64.048ms
[604.790s][info][gc,cpu         ] GC(1452) User=0.13s Sys=0.00s Real=0.07s
[605.154s][info][gc,marking     ] GC(1451) Concurrent Mark From Roots 884.136ms
[605.154s][info][gc,marking     ] GC(1451) Concurrent Preclean
[605.154s][info][gc,marking     ] GC(1451) Concurrent Preclean 0.048ms
[605.154s][info][gc,start       ] GC(1451) Pause Remark
[605.162s][info][gc             ] GC(1451) Pause Remark 755M->655M(978M) 7.952ms
[605.162s][info][gc,cpu         ] GC(1451) User=0.02s Sys=0.00s Real=0.01s
[605.166s][info][gc,marking     ] GC(1451) Concurrent Mark 896.917ms
[605.166s][info][gc,marking     ] GC(1451) Concurrent Rebuild Remembered Sets and Scrub Regions
[605.439s][info][gc,marking     ] GC(1451) Concurrent Rebuild Remembered Sets and Scrub Regions 272.894ms
[605.439s][info][gc,start       ] GC(1451) Pause Cleanup
[605.440s][info][gc             ] GC(1451) Pause Cleanup 759M->759M(978M) 0.134ms
[605.440s][info][gc,cpu         ] GC(1451) User=0.00s Sys=0.00s Real=0.00s
[605.440s][info][gc,marking     ] GC(1451) Concurrent Clear Claimed Marks
[605.440s][info][gc,marking     ] GC(1451) Concurrent Clear Claimed Marks 0.037ms
[605.440s][info][gc,marking     ] GC(1451) Concurrent Cleanup for Next Mark
[605.443s][info][gc,marking     ] GC(1451) Concurrent Cleanup for Next Mark 2.889ms
[605.443s][info][gc             ] GC(1451) Concurrent Mark Cycle 1295.955ms
[605.519s][info][gc,start       ] GC(1453) Pause Young (Prepare Mixed) (G1 Evacuation Pause)
[605.519s][info][gc,task        ] GC(1453) Using 2 workers of 2 for evacuation
[605.546s][info][gc,phases      ] GC(1453)   Pre Evacuate Collection Set: 0.27ms
[605.546s][info][gc,phases      ] GC(1453)   Merge Heap Roots: 0.29ms
[605.546s][info][gc,phases      ] GC(1453)   Evacuate Collection Set: 25.57ms
[605.546s][info][gc,phases      ] GC(1453)   Post Evacuate Collection Set: 0.57ms
[605.546s][info][gc,phases      ] GC(1453)   Other: 0.08ms
[605.546s][info][gc,heap        ] GC(1453) Eden regions: 378->0(456)
[605.546s][info][gc,heap        ] GC(1453) Survivor regions: 7->23(49)
[605.546s][info][gc,heap        ] GC(1453) Old regions: 407->407
[605.546s][info][gc,heap        ] GC(1453) Humongous regions: 4->4
[605.546s][info][gc,metaspace   ] GC(1453) Metaspace: 19123K(19328K)->19123K(19328K) NonClass: 16462K(16576K)->16462K(16576K) Class: 2661K(2752K)->2661K(2752K)
[605.546s][info][gc             ] GC(1453) Pause Young (Prepare Mixed) (G1 Evacuation Pause) 795M->433M(978M) 27.049ms
[605.546s][info][gc,cpu         ] GC(1453) User=0.05s Sys=0.00s Real=0.03s
[606.096s][info][gc,start       ] GC(1454) Pause Young (Mixed) (G1 Evacuation Pause)
[606.097s][info][gc,task        ] GC(1454) Using 2 workers of 2 for evacuation
[606.260s][info][gc,phases      ] GC(1454)   Pre Evacuate Collection Set: 0.31ms
[606.260s][info][gc,phases      ] GC(1454)   Merge Heap Roots: 0.29ms
[606.260s][info][gc,phases      ] GC(1454)   Evacuate Collection Set: 142.52ms
[606.260s][info][gc,phases      ] GC(1454)   Post Evacuate Collection Set: 19.91ms
[606.260s][info][gc,phases      ] GC(1454)   Other: 0.11ms
[606.260s][info][gc,heap        ] GC(1454) Eden regions: 456->0(196)
[606.260s][info][gc,heap        ] GC(1454) Survivor regions: 23->60(60)
[606.260s][info][gc,heap        ] GC(1454) Old regions: 407->608
[606.260s][info][gc,heap        ] GC(1454) Humongous regions: 4->4
[606.260s][info][gc,metaspace   ] GC(1454) Metaspace: 19123K(19328K)->19123K(19328K) NonClass: 16462K(16576K)->16462K(16576K) Class: 2661K(2752K)->2661K(2752K)
[606.260s][info][gc             ] GC(1454) Pause Young (Mixed) (G1 Evacuation Pause) (Evacuation Failure: Allocation) 889M->671M(978M) 163.400ms
[606.260s][info][gc,cpu         ] GC(1454) User=0.32s Sys=0.00s Real=0.16s
[606.788s][info][gc,start       ] GC(1455) Pause Young (Concurrent Start) (G1 Evacuation Pause)
[606.788s][info][gc,task        ] GC(1455) Using 2 workers of 2 for evacuation
[606.897s][info][gc,phases      ] GC(1455)   Pre Evacuate Collection Set: 0.41ms
[606.897s][info][gc,phases      ] GC(1455)   Merge Heap Roots: 0.89ms
[606.897s][info][gc,phases      ] GC(1455)   Evacuate Collection Set: 106.61ms
[606.897s][info][gc,phases      ] GC(1455)   Post Evacuate Collection Set: 0.70ms
[606.897s][info][gc,phases      ] GC(1455)   Other: 0.14ms
[606.897s][info][gc,heap        ] GC(1455) Eden regions: 196->0(337)
[606.897s][info][gc,heap        ] GC(1455) Survivor regions: 60->5(32)
[606.897s][info][gc,heap        ] GC(1455) Old regions: 608->548
[606.897s][info][gc,heap        ] GC(1455) Humongous regions: 4->4
[606.897s][info][gc,metaspace   ] GC(1455) Metaspace: 19123K(19328K)->19123K(19328K) NonClass: 16462K(16576K)->16462K(16576K) Class: 2661K(2752K)->2661K(2752K)
[606.897s][info][gc             ] GC(1455) Pause Young (Concurrent Start) (G1 Evacuation Pause) 867M->556M(978M) 109.050ms
[606.897s][info][gc             ] GC(1456) Concurrent Mark Cycle
[606.897s][info][gc,marking     ] GC(1456) Concurrent Scan Root Regions
[606.899s][info][gc,cpu         ] GC(1455) User=0.22s Sys=0.00s Real=0.11s
[606.989s][info][gc,marking     ] GC(1456) Concurrent Scan Root Regions 91.434ms
[606.989s][info][gc,marking     ] GC(1456) Concurrent Mark
[606.989s][info][gc,marking     ] GC(1456) Concurrent Mark From Roots
[606.989s][info][gc,task        ] GC(1456) Using 1 workers of 1 for marking
[607.751s][info][gc,start       ] GC(1457) Pause Young (Normal) (G1 Evacuation Pause)
[607.751s][info][gc,task        ] GC(1457) Using 2 workers of 2 for evacuation
[607.863s][info][gc,phases      ] GC(1457)   Pre Evacuate Collection Set: 0.53ms
[607.863s][info][gc,phases      ] GC(1457)   Merge Heap Roots: 1.14ms
[607.863s][info][gc,phases      ] GC(1457)   Evacuate Collection Set: 108.86ms
[607.863s][info][gc,phases      ] GC(1457)   Post Evacuate Collection Set: 1.40ms
[607.863s][info][gc,phases      ] GC(1457)   Other: 0.09ms
[607.863s][info][gc,heap        ] GC(1457) Eden regions: 337->0(296)
[607.863s][info][gc,heap        ] GC(1457) Survivor regions: 5->43(43)
[607.863s][info][gc,heap        ] GC(1457) Old regions: 548->525
[607.863s][info][gc,heap        ] GC(1457) Humongous regions: 10->10
[607.863s][info][gc,metaspace   ] GC(1457) Metaspace: 19123K(19328K)->19123K(19328K) NonClass: 16462K(16576K)->16462K(16576K) Class: 2661K(2752K)->2661K(2752K)
[607.863s][info][gc             ] GC(1457) Pause Young (Normal) (G1 Evacuation Pause) (Evacuation Failure: Allocation) 899M->577M(978M) 112.255ms
[607.863s][info][gc,cpu         ] GC(1457) User=0.22s Sys=0.00s Real=0.11s
[608.090s][info][gc,marking     ] GC(1456) Concurrent Mark From Roots 1101.380ms
[608.090s][info][gc,marking     ] GC(1456) Concurrent Preclean
[608.090s][info][gc,marking     ] GC(1456) Concurrent Preclean 0.036ms
[608.090s][info][gc,start       ] GC(1456) Pause Remark
[608.098s][info][gc             ] GC(1456) Pause Remark 697M->697M(978M) 7.925ms
[608.098s][info][gc,cpu         ] GC(1456) User=0.02s Sys=0.00s Real=0.01s
[608.098s][info][gc,marking     ] GC(1456) Concurrent Mark 1109.622ms
[608.098s][info][gc,marking     ] GC(1456) Concurrent Rebuild Remembered Sets and Scrub Regions
[608.519s][info][gc,start       ] GC(1458) Pause Young (Normal) (G1 Evacuation Pause)
[608.519s][info][gc,task        ] GC(1458) Using 2 workers of 2 for evacuation
[608.663s][info][gc,phases      ] GC(1458)   Pre Evacuate Collection Set: 0.48ms
[608.663s][info][gc,phases      ] GC(1458)   Merge Heap Roots: 1.89ms
[608.663s][info][gc,phases      ] GC(1458)   Evacuate Collection Set: 141.24ms
[608.663s][info][gc,phases      ] GC(1458)   Post Evacuate Collection Set: 0.56ms
[608.663s][info][gc,phases      ] GC(1458)   Other: 0.08ms
[608.663s][info][gc,heap        ] GC(1458) Eden regions: 296->0(247)
[608.663s][info][gc,heap        ] GC(1458) Survivor regions: 43->43(43)
[608.663s][info][gc,heap        ] GC(1458) Old regions: 525->570
[608.663s][info][gc,heap        ] GC(1458) Humongous regions: 13->13
[608.663s][info][gc,metaspace   ] GC(1458) Metaspace: 19123K(19328K)->19123K(19328K) NonClass: 16462K(16576K)->16462K(16576K) Class: 2661K(2752K)->2661K(2752K)
[608.663s][info][gc             ] GC(1458) Pause Young (Normal) (G1 Evacuation Pause) 876M->625M(978M) 144.490ms
[608.663s][info][gc,cpu         ] GC(1458) User=0.28s Sys=0.00s Real=0.14s
[608.676s][info][gc,marking     ] GC(1456) Concurrent Rebuild Remembered Sets and Scrub Regions 577.697ms
[608.676s][info][gc,start       ] GC(1456) Pause Cleanup
[608.676s][info][gc             ] GC(1456) Pause Cleanup 630M->630M(978M) 0.081ms
[608.676s][info][gc,cpu         ] GC(1456) User=0.00s Sys=0.00s Real=0.00s
[608.676s][info][gc,marking     ] GC(1456) Concurrent Clear Claimed Marks
[608.676s][info][gc,marking     ] GC(1456) Concurrent Clear Claimed Marks 0.044ms
[608.676s][info][gc,marking     ] GC(1456) Concurrent Cleanup for Next Mark
[608.679s][info][gc,marking     ] GC(1456) Concurrent Cleanup for Next Mark 2.799ms
[608.679s][info][gc             ] GC(1456) Concurrent Mark Cycle 1782.003ms
[609.054s][info][gc,start       ] GC(1459) Pause Young (Prepare Mixed) (G1 Evacuation Pause)
[609.054s][info][gc,task        ] GC(1459) Using 2 workers of 2 for evacuation
[609.096s][info][gc,phases      ] GC(1459)   Pre Evacuate Collection Set: 0.30ms
[609.096s][info][gc,phases      ] GC(1459)   Merge Heap Roots: 0.18ms
[609.096s][info][gc,phases      ] GC(1459)   Evacuate Collection Set: 40.92ms
[609.096s][info][gc,phases      ] GC(1459)   Post Evacuate Collection Set: 0.50ms
[609.096s][info][gc,phases      ] GC(1459)   Other: 0.11ms
[609.096s][info][gc,heap        ] GC(1459) Eden regions: 247->0(262)
[609.096s][info][gc,heap        ] GC(1459) Survivor regions: 43->1(37)
[609.097s][info][gc,heap        ] GC(1459) Old regions: 570->614
[609.097s][info][gc,heap        ] GC(1459) Humongous regions: 13->13
[609.097s][info][gc,metaspace   ] GC(1459) Metaspace: 19123K(19328K)->19123K(19328K) NonClass: 16462K(16576K)->16462K(16576K) Class: 2661K(2752K)->2661K(2752K)
[609.097s][info][gc             ] GC(1459) Pause Young (Prepare Mixed) (G1 Evacuation Pause) 872M->627M(978M) 42.315ms
[609.097s][info][gc,cpu         ] GC(1459) User=0.08s Sys=0.00s Real=0.05s
[609.488s][info][gc,start       ] GC(1460) Pause Young (Mixed) (G1 Evacuation Pause)
[609.488s][info][gc,task        ] GC(1460) Using 2 workers of 2 for evacuation
[609.491s][info][gc,phases      ] GC(1460)   Pre Evacuate Collection Set: 0.31ms
[609.491s][info][gc,phases      ] GC(1460)   Merge Heap Roots: 0.11ms
[609.491s][info][gc,phases      ] GC(1460)   Evacuate Collection Set: 1.71ms
[609.491s][info][gc,phases      ] GC(1460)   Post Evacuate Collection Set: 0.45ms
[609.491s][info][gc,phases      ] GC(1460)   Other: 0.13ms
[609.491s][info][gc,heap        ] GC(1460) Eden regions: 262->0(283)
[609.491s][info][gc,heap        ] GC(1460) Survivor regions: 1->1(33)
[609.491s][info][gc,heap        ] GC(1460) Old regions: 614->605
[609.491s][info][gc,heap        ] GC(1460) Humongous regions: 13->13
[609.491s][info][gc,metaspace   ] GC(1460) Metaspace: 19123K(19328K)->19123K(19328K) NonClass: 16462K(16576K)->16462K(16576K) Class: 2661K(2752K)->2661K(2752K)
[609.491s][info][gc             ] GC(1460) Pause Young (Mixed) (G1 Evacuation Pause) 889M->618M(978M) 2.960ms
[609.491s][info][gc,cpu         ] GC(1460) User=0.01s Sys=0.00s Real=0.00s
[609.905s][info][gc,start       ] GC(1461) Pause Young (Concurrent Start) (G1 Evacuation Pause)
[609.905s][info][gc,task        ] GC(1461) Using 2 workers of 2 for evacuation
[609.907s][info][gc,phases      ] GC(1461)   Pre Evacuate Collection Set: 0.36ms
[609.907s][info][gc,phases      ] GC(1461)   Merge Heap Roots: 0.08ms
[609.907s][info][gc,phases      ] GC(1461)   Evacuate Collection Set: 0.42ms
[609.907s][info][gc,phases      ] GC(1461)   Post Evacuate Collection Set: 0.47ms
[609.907s][info][gc,phases      ] GC(1461)   Other: 0.23ms
[609.907s][info][gc,heap        ] GC(1461) Eden regions: 283->0(296)
[609.907s][info][gc,heap        ] GC(1461) Survivor regions: 1->1(36)
[609.907s][info][gc,heap        ] GC(1461) Old regions: 605->605
[609.907s][info][gc,heap        ] GC(1461) Humongous regions: 13->13
[609.907s][info][gc,metaspace   ] GC(1461) Metaspace: 19123K(19328K)->19123K(19328K) NonClass: 16462K(16576K)->16462K(16576K) Class: 2661K(2752K)->2661K(2752K)
[609.907s][info][gc             ] GC(1461) Pause Young (Concurrent Start) (G1 Evacuation Pause) 901M->618M(978M) 1.801ms
[609.907s][info][gc,cpu         ] GC(1461) User=0.00s Sys=0.00s Real=0.01s
[609.907s][info][gc             ] GC(1462) Concurrent Mark Cycle
[609.907s][info][gc,marking     ] GC(1462) Concurrent Scan Root Regions
[609.908s][info][gc,marking     ] GC(1462) Concurrent Scan Root Regions 1.362ms
[609.908s][info][gc,marking     ] GC(1462) Concurrent Mark
[609.908s][info][gc,marking     ] GC(1462) Concurrent Mark From Roots
[609.908s][info][gc,task        ] GC(1462) Using 1 workers of 1 for marking
[610.940s][info][gc,start       ] GC(1463) Pause Young (Normal) (G1 Evacuation Pause)
[610.940s][info][gc,task        ] GC(1463) Using 2 workers of 2 for evacuation
[610.958s][info][gc,phases      ] GC(1463)   Pre Evacuate Collection Set: 0.28ms
[610.958s][info][gc,phases      ] GC(1463)   Merge Heap Roots: 0.17ms
[610.958s][info][gc,phases      ] GC(1463)   Evacuate Collection Set: 16.95ms
[610.958s][info][gc,phases      ] GC(1463)   Post Evacuate Collection Set: 0.48ms
[610.958s][info][gc,phases      ] GC(1463)   Other: 0.08ms
[610.958s][info][gc,heap        ] GC(1463) Eden regions: 296->0(280)
[610.958s][info][gc,heap        ] GC(1463) Survivor regions: 1->15(38)
[610.958s][info][gc,heap        ] GC(1463) Old regions: 605->605
[610.958s][info][gc,heap        ] GC(1463) Humongous regions: 13->13
[610.958s][info][gc,metaspace   ] GC(1463) Metaspace: 19123K(19328K)->19123K(19328K) NonClass: 16462K(16576K)->16462K(16576K) Class: 2661K(2752K)->2661K(2752K)
[610.958s][info][gc             ] GC(1463) Pause Young (Normal) (G1 Evacuation Pause) 914M->631M(978M) 18.229ms
[610.958s][info][gc,cpu         ] GC(1463) User=0.04s Sys=0.00s Real=0.02s
[611.087s][info][gc,marking     ] GC(1462) Concurrent Mark From Roots 1178.815ms
[611.087s][info][gc,marking     ] GC(1462) Concurrent Preclean
[611.087s][info][gc,marking     ] GC(1462) Concurrent Preclean 0.062ms
[611.087s][info][gc,start       ] GC(1462) Pause Remark
[611.095s][info][gc             ] GC(1462) Pause Remark 698M->615M(978M) 7.851ms
[611.095s][info][gc,cpu         ] GC(1462) User=0.02s Sys=0.00s Real=0.00s
[611.096s][info][gc,marking     ] GC(1462) Concurrent Mark 1187.991ms
[611.096s][info][gc,marking     ] GC(1462) Concurrent Rebuild Remembered Sets and Scrub Regions
[611.406s][info][gc,marking     ] GC(1462) Concurrent Rebuild Remembered Sets and Scrub Regions 309.929ms
[611.406s][info][gc,start       ] GC(1462) Pause Cleanup
[611.407s][info][gc             ] GC(1462) Pause Cleanup 812M->812M(978M) 0.112ms
[611.407s][info][gc,cpu         ] GC(1462) User=0.00s Sys=0.00s Real=0.00s
[611.407s][info][gc,marking     ] GC(1462) Concurrent Clear Claimed Marks
[611.407s][info][gc,marking     ] GC(1462) Concurrent Clear Claimed Marks 0.063ms
[611.407s][info][gc,marking     ] GC(1462) Concurrent Cleanup for Next Mark
[611.415s][info][gc,marking     ] GC(1462) Concurrent Cleanup for Next Mark 7.845ms
[611.415s][info][gc             ] GC(1462) Concurrent Mark Cycle 1508.411ms
[611.423s][info][gc,start       ] GC(1464) Pause Young (Prepare Mixed) (G1 Evacuation Pause)
[611.423s][info][gc,task        ] GC(1464) Using 2 workers of 2 for evacuation
[611.458s][info][gc,phases      ] GC(1464)   Pre Evacuate Collection Set: 0.27ms
[611.458s][info][gc,phases      ] GC(1464)   Merge Heap Roots: 0.18ms
[611.458s][info][gc,phases      ] GC(1464)   Evacuate Collection Set: 33.51ms
[611.458s][info][gc,phases      ] GC(1464)   Post Evacuate Collection Set: 0.49ms
[611.458s][info][gc,phases      ] GC(1464)   Other: 0.09ms
[611.458s][info][gc,heap        ] GC(1464) Eden regions: 280->0(331)
[611.458s][info][gc,heap        ] GC(1464) Survivor regions: 15->31(37)
[611.458s][info][gc,heap        ] GC(1464) Old regions: 528->528
[611.458s][info][gc,heap        ] GC(1464) Humongous regions: 7->7
[611.458s][info][gc,metaspace   ] GC(1464) Metaspace: 19123K(19328K)->19123K(19328K) NonClass: 16462K(16576K)->16462K(16576K) Class: 2661K(2752K)->2661K(2752K)
[611.458s][info][gc             ] GC(1464) Pause Young (Prepare Mixed) (G1 Evacuation Pause) 828M->565M(978M) 34.739ms
[611.458s][info][gc,cpu         ] GC(1464) User=0.06s Sys=0.00s Real=0.04s
[611.861s][info][gc,start       ] GC(1465) Pause Young (Mixed) (G1 Evacuation Pause)
[611.861s][info][gc,task        ] GC(1465) Using 2 workers of 2 for evacuation
[611.906s][info][gc,phases      ] GC(1465)   Pre Evacuate Collection Set: 0.57ms
[611.906s][info][gc,phases      ] GC(1465)   Merge Heap Roots: 0.32ms
[611.906s][info][gc,phases      ] GC(1465)   Evacuate Collection Set: 43.24ms
[611.906s][info][gc,phases      ] GC(1465)   Post Evacuate Collection Set: 0.64ms
[611.906s][info][gc,phases      ] GC(1465)   Other: 0.09ms
[611.906s][info][gc,heap        ] GC(1465) Eden regions: 331->0(391)
[611.906s][info][gc,heap        ] GC(1465) Survivor regions: 31->27(46)
[611.906s][info][gc,heap        ] GC(1465) Old regions: 528->476
[611.906s][info][gc,heap        ] GC(1465) Humongous regions: 7->7
[611.906s][info][gc,metaspace   ] GC(1465) Metaspace: 19123K(19328K)->19123K(19328K) NonClass: 16462K(16576K)->16462K(16576K) Class: 2661K(2752K)->2661K(2752K)
[611.906s][info][gc             ] GC(1465) Pause Young (Mixed) (G1 Evacuation Pause) 896M->509M(978M) 45.132ms
[611.906s][info][gc,cpu         ] GC(1465) User=0.09s Sys=0.00s Real=0.04s
[612.606s][info][gc,start       ] GC(1466) Pause Young (Concurrent Start) (G1 Evacuation Pause)
[612.606s][info][gc,task        ] GC(1466) Using 2 workers of 2 for evacuation
[612.638s][info][gc,phases      ] GC(1466)   Pre Evacuate Collection Set: 0.35ms
[612.638s][info][gc,phases      ] GC(1466)   Merge Heap Roots: 0.23ms
[612.638s][info][gc,phases      ] GC(1466)   Evacuate Collection Set: 30.95ms
[612.638s][info][gc,phases      ] GC(1466)   Post Evacuate Collection Set: 0.60ms
[612.638s][info][gc,phases      ] GC(1466)   Other: 0.20ms
[612.638s][info][gc,heap        ] GC(1466) Eden regions: 391->0(383)
[612.638s][info][gc,heap        ] GC(1466) Survivor regions: 27->31(53)
[612.638s][info][gc,heap        ] GC(1466) Old regions: 476->476
[612.638s][info][gc,heap        ] GC(1466) Humongous regions: 7->7
[612.638s][info][gc,metaspace   ] GC(1466) Metaspace: 19123K(19328K)->19123K(19328K) NonClass: 16462K(16576K)->16462K(16576K) Class: 2661K(2752K)->2661K(2752K)
[612.638s][info][gc             ] GC(1466) Pause Young (Concurrent Start) (G1 Evacuation Pause) 900M->513M(978M) 32.588ms
[612.638s][info][gc             ] GC(1467) Concurrent Mark Cycle
[612.638s][info][gc,marking     ] GC(1467) Concurrent Scan Root Regions
[612.638s][info][gc,cpu         ] GC(1466) User=0.06s Sys=0.01s Real=0.04s
[612.694s][info][gc,marking     ] GC(1467) Concurrent Scan Root Regions 55.436ms
[612.694s][info][gc,marking     ] GC(1467) Concurrent Mark
[612.694s][info][gc,marking     ] GC(1467) Concurrent Mark From Roots
[612.694s][info][gc,task        ] GC(1467) Using 1 workers of 1 for marking
[613.590s][info][gc,start       ] GC(1468) Pause Young (Normal) (G1 Evacuation Pause)
[613.591s][info][gc,task        ] GC(1468) Using 2 workers of 2 for evacuation
[613.676s][info][gc,phases      ] GC(1468)   Pre Evacuate Collection Set: 0.28ms
[613.676s][info][gc,phases      ] GC(1468)   Merge Heap Roots: 0.21ms
[613.676s][info][gc,phases      ] GC(1468)   Evacuate Collection Set: 81.17ms
[613.676s][info][gc,phases      ] GC(1468)   Post Evacuate Collection Set: 4.04ms
[613.676s][info][gc,phases      ] GC(1468)   Other: 0.10ms
[613.676s][info][gc,heap        ] GC(1468) Eden regions: 383->0(255)
[613.676s][info][gc,heap        ] GC(1468) Survivor regions: 31->52(52)
[613.676s][info][gc,heap        ] GC(1468) Old regions: 476->562
[613.676s][info][gc,heap        ] GC(1468) Humongous regions: 7->7
[613.676s][info][gc,metaspace   ] GC(1468) Metaspace: 19123K(19328K)->19123K(19328K) NonClass: 16462K(16576K)->16462K(16576K) Class: 2661K(2752K)->2661K(2752K)
[613.676s][info][gc             ] GC(1468) Pause Young (Normal) (G1 Evacuation Pause) (Evacuation Failure: Allocation) 896M->620M(978M) 86.086ms
[613.677s][info][gc,cpu         ] GC(1468) User=0.17s Sys=0.00s Real=0.09s
[613.725s][info][gc,marking     ] GC(1467) Concurrent Mark From Roots 1031.117ms
[613.725s][info][gc,marking     ] GC(1467) Concurrent Preclean
[613.725s][info][gc,marking     ] GC(1467) Concurrent Preclean 0.069ms
[613.725s][info][gc,start       ] GC(1467) Pause Remark
[613.733s][info][gc             ] GC(1467) Pause Remark 638M->512M(978M) 7.821ms
[613.733s][info][gc,cpu         ] GC(1467) User=0.01s Sys=0.00s Real=0.01s
[613.734s][info][gc,marking     ] GC(1467) Concurrent Mark 1040.386ms
[613.734s][info][gc,marking     ] GC(1467) Concurrent Rebuild Remembered Sets and Scrub Regions
[613.984s][info][gc,marking     ] GC(1467) Concurrent Rebuild Remembered Sets and Scrub Regions 249.935ms
[613.984s][info][gc,start       ] GC(1467) Pause Cleanup
[613.984s][info][gc             ] GC(1467) Pause Cleanup 609M->609M(978M) 0.097ms
[613.984s][info][gc,cpu         ] GC(1467) User=0.00s Sys=0.00s Real=0.00s
[613.985s][info][gc,marking     ] GC(1467) Concurrent Clear Claimed Marks
[613.985s][info][gc,marking     ] GC(1467) Concurrent Clear Claimed Marks 0.032ms
[613.985s][info][gc,marking     ] GC(1467) Concurrent Cleanup for Next Mark
[613.987s][info][gc,marking     ] GC(1467) Concurrent Cleanup for Next Mark 2.799ms
[613.987s][info][gc             ] GC(1467) Concurrent Mark Cycle 1349.104ms
[614.194s][info][gc,start       ] GC(1469) Pause Young (Prepare Mixed) (G1 Evacuation Pause)
[614.194s][info][gc,task        ] GC(1469) Using 2 workers of 2 for evacuation
[614.273s][info][gc,phases      ] GC(1469)   Pre Evacuate Collection Set: 0.35ms
[614.273s][info][gc,phases      ] GC(1469)   Merge Heap Roots: 0.72ms
[614.273s][info][gc,phases      ] GC(1469)   Evacuate Collection Set: 76.81ms
[614.273s][info][gc,phases      ] GC(1469)   Post Evacuate Collection Set: 0.72ms
[614.273s][info][gc,phases      ] GC(1469)   Other: 0.09ms
[614.273s][info][gc,heap        ] GC(1469) Eden regions: 255->0(418)
[614.273s][info][gc,heap        ] GC(1469) Survivor regions: 52->13(39)
[614.273s][info][gc,heap        ] GC(1469) Old regions: 438->444
[614.273s][info][gc,heap        ] GC(1469) Humongous regions: 8->8
[614.273s][info][gc,metaspace   ] GC(1469) Metaspace: 19123K(19328K)->19123K(19328K) NonClass: 16462K(16576K)->16462K(16576K) Class: 2661K(2752K)->2661K(2752K)
[614.273s][info][gc             ] GC(1469) Pause Young (Prepare Mixed) (G1 Evacuation Pause) 752M->463M(978M) 78.951ms
[614.273s][info][gc,cpu         ] GC(1469) User=0.16s Sys=0.00s Real=0.08s
[614.876s][info][gc,start       ] GC(1470) Pause Young (Mixed) (G1 Evacuation Pause)
[614.876s][info][gc,task        ] GC(1470) Using 2 workers of 2 for evacuation
[614.919s][info][gc,phases      ] GC(1470)   Pre Evacuate Collection Set: 0.31ms
[614.919s][info][gc,phases      ] GC(1470)   Merge Heap Roots: 0.60ms
[614.919s][info][gc,phases      ] GC(1470)   Evacuate Collection Set: 41.57ms
[614.919s][info][gc,phases      ] GC(1470)   Post Evacuate Collection Set: 0.75ms
[614.919s][info][gc,phases      ] GC(1470)   Other: 0.09ms
[614.919s][info][gc,heap        ] GC(1470) Eden regions: 418->0(471)
[614.919s][info][gc,heap        ] GC(1470) Survivor regions: 13->12(54)
[614.919s][info][gc,heap        ] GC(1470) Old regions: 444->408
[614.919s][info][gc,heap        ] GC(1470) Humongous regions: 8->8
[614.919s][info][gc,metaspace   ] GC(1470) Metaspace: 19123K(19328K)->19123K(19328K) NonClass: 16462K(16576K)->16462K(16576K) Class: 2661K(2752K)->2661K(2752K)
[614.919s][info][gc             ] GC(1470) Pause Young (Mixed) (G1 Evacuation Pause) 881M->427M(978M) 43.594ms
[614.919s][info][gc,cpu         ] GC(1470) User=0.09s Sys=0.00s Real=0.05s
[615.489s][info][gc,start       ] GC(1471) Pause Young (Concurrent Start) (G1 Evacuation Pause)
[615.489s][info][gc,task        ] GC(1471) Using 2 workers of 2 for evacuation
[615.560s][info][gc,phases      ] GC(1471)   Pre Evacuate Collection Set: 0.30ms
[615.560s][info][gc,phases      ] GC(1471)   Merge Heap Roots: 0.47ms
[615.560s][info][gc,phases      ] GC(1471)   Evacuate Collection Set: 69.36ms
[615.560s][info][gc,phases      ] GC(1471)   Post Evacuate Collection Set: 0.75ms
[615.560s][info][gc,phases      ] GC(1471)   Other: 0.11ms
[615.560s][info][gc,heap        ] GC(1471) Eden regions: 471->0(412)
[615.560s][info][gc,heap        ] GC(1471) Survivor regions: 12->50(61)
[615.560s][info][gc,heap        ] GC(1471) Old regions: 408->408
[615.560s][info][gc,heap        ] GC(1471) Humongous regions: 8->8
[615.560s][info][gc,metaspace   ] GC(1471) Metaspace: 19123K(19328K)->19123K(19328K) NonClass: 16462K(16576K)->16462K(16576K) Class: 2661K(2752K)->2661K(2752K)
[615.560s][info][gc             ] GC(1471) Pause Young (Concurrent Start) (G1 Evacuation Pause) 898M->465M(978M) 71.293ms
[615.560s][info][gc             ] GC(1472) Concurrent Mark Cycle
[615.560s][info][gc,marking     ] GC(1472) Concurrent Scan Root Regions
[615.562s][info][gc,cpu         ] GC(1471) User=0.14s Sys=0.00s Real=0.07s
[615.629s][info][gc,marking     ] GC(1472) Concurrent Scan Root Regions 68.704ms
[615.629s][info][gc,marking     ] GC(1472) Concurrent Mark
[615.629s][info][gc,marking     ] GC(1472) Concurrent Mark From Roots
[615.629s][info][gc,task        ] GC(1472) Using 1 workers of 1 for marking
[616.073s][info][gc,start       ] GC(1473) Pause Young (Normal) (G1 Evacuation Pause)
[616.073s][info][gc,task        ] GC(1473) Using 2 workers of 2 for evacuation
[616.191s][info][gc,phases      ] GC(1473)   Pre Evacuate Collection Set: 0.28ms
[616.192s][info][gc,phases      ] GC(1473)   Merge Heap Roots: 0.50ms
[616.192s][info][gc,phases      ] GC(1473)   Evacuate Collection Set: 117.12ms
[616.192s][info][gc,phases      ] GC(1473)   Post Evacuate Collection Set: 0.68ms
[616.192s][info][gc,phases      ] GC(1473)   Other: 0.09ms
[616.192s][info][gc,heap        ] GC(1473) Eden regions: 412->0(357)
[616.192s][info][gc,heap        ] GC(1473) Survivor regions: 50->50(58)
[616.192s][info][gc,heap        ] GC(1473) Old regions: 408->458
[616.192s][info][gc,heap        ] GC(1473) Humongous regions: 8->8
[616.192s][info][gc,metaspace   ] GC(1473) Metaspace: 19123K(19328K)->19123K(19328K) NonClass: 16462K(16576K)->16462K(16576K) Class: 2661K(2752K)->2661K(2752K)
[616.192s][info][gc             ] GC(1473) Pause Young (Normal) (G1 Evacuation Pause) 877M->515M(978M) 118.946ms
[616.192s][info][gc,cpu         ] GC(1473) User=0.23s Sys=0.00s Real=0.12s
[616.309s][info][gc,marking     ] GC(1472) Concurrent Mark From Roots 680.692ms
[616.309s][info][gc,marking     ] GC(1472) Concurrent Preclean
[616.309s][info][gc,marking     ] GC(1472) Concurrent Preclean 0.040ms
[616.310s][info][gc,start       ] GC(1472) Pause Remark
[616.318s][info][gc             ] GC(1472) Pause Remark 597M->529M(978M) 8.066ms
[616.318s][info][gc,cpu         ] GC(1472) User=0.02s Sys=0.00s Real=0.01s
[616.318s][info][gc,marking     ] GC(1472) Concurrent Mark 689.128ms
[616.318s][info][gc,marking     ] GC(1472) Concurrent Rebuild Remembered Sets and Scrub Regions
[616.585s][info][gc,marking     ] GC(1472) Concurrent Rebuild Remembered Sets and Scrub Regions 267.052ms
[616.585s][info][gc,start       ] GC(1472) Pause Cleanup
[616.585s][info][gc             ] GC(1472) Pause Cleanup 778M->778M(978M) 0.106ms
[616.585s][info][gc,cpu         ] GC(1472) User=0.00s Sys=0.00s Real=0.00s
[616.585s][info][gc,marking     ] GC(1472) Concurrent Clear Claimed Marks
[616.585s][info][gc,marking     ] GC(1472) Concurrent Clear Claimed Marks 0.031ms
[616.585s][info][gc,marking     ] GC(1472) Concurrent Cleanup for Next Mark
[616.588s][info][gc,marking     ] GC(1472) Concurrent Cleanup for Next Mark 2.843ms
[616.588s][info][gc             ] GC(1472) Concurrent Mark Cycle 1028.252ms
[616.622s][info][gc,start       ] GC(1474) Pause Young (Prepare Mixed) (G1 Evacuation Pause)
[616.622s][info][gc,task        ] GC(1474) Using 2 workers of 2 for evacuation
[616.704s][info][gc,phases      ] GC(1474)   Pre Evacuate Collection Set: 0.29ms
[616.704s][info][gc,phases      ] GC(1474)   Merge Heap Roots: 0.47ms
[616.704s][info][gc,phases      ] GC(1474)   Evacuate Collection Set: 80.22ms
[616.704s][info][gc,phases      ] GC(1474)   Post Evacuate Collection Set: 0.77ms
[616.704s][info][gc,phases      ] GC(1474)   Other: 0.09ms
[616.704s][info][gc,heap        ] GC(1474) Eden regions: 357->0(395)
[616.704s][info][gc,heap        ] GC(1474) Survivor regions: 50->27(51)
[616.704s][info][gc,heap        ] GC(1474) Old regions: 393->443
[616.704s][info][gc,heap        ] GC(1474) Humongous regions: 5->5
[616.704s][info][gc,metaspace   ] GC(1474) Metaspace: 19123K(19328K)->19123K(19328K) NonClass: 16462K(16576K)->16462K(16576K) Class: 2661K(2752K)->2661K(2752K)
[616.704s][info][gc             ] GC(1474) Pause Young (Prepare Mixed) (G1 Evacuation Pause) 804M->474M(978M) 82.067ms
[616.704s][info][gc,cpu         ] GC(1474) User=0.16s Sys=0.00s Real=0.08s
[617.141s][info][gc,start       ] GC(1475) Pause Young (Mixed) (G1 Evacuation Pause)
[617.141s][info][gc,task        ] GC(1475) Using 2 workers of 2 for evacuation
[617.222s][info][gc,phases      ] GC(1475)   Pre Evacuate Collection Set: 0.54ms
[617.222s][info][gc,phases      ] GC(1475)   Merge Heap Roots: 1.03ms
[617.222s][info][gc,phases      ] GC(1475)   Evacuate Collection Set: 78.95ms
[617.222s][info][gc,phases      ] GC(1475)   Post Evacuate Collection Set: 0.71ms
[617.223s][info][gc,phases      ] GC(1475)   Other: 0.11ms
[617.223s][info][gc,heap        ] GC(1475) Eden regions: 395->0(461)
[617.223s][info][gc,heap        ] GC(1475) Survivor regions: 27->31(53)
[617.223s][info][gc,heap        ] GC(1475) Old regions: 443->386
[617.223s][info][gc,heap        ] GC(1475) Humongous regions: 5->5
[617.223s][info][gc,metaspace   ] GC(1475) Metaspace: 19123K(19328K)->19123K(19328K) NonClass: 16462K(16576K)->16462K(16576K) Class: 2661K(2752K)->2661K(2752K)
[617.223s][info][gc             ] GC(1475) Pause Young (Mixed) (G1 Evacuation Pause) 869M->421M(978M) 81.584ms
[617.223s][info][gc,cpu         ] GC(1475) User=0.16s Sys=0.00s Real=0.08s
[617.888s][info][gc,start       ] GC(1476) Pause Young (Concurrent Start) (G1 Evacuation Pause)
[617.888s][info][gc,task        ] GC(1476) Using 2 workers of 2 for evacuation
[618.019s][info][gc,phases      ] GC(1476)   Pre Evacuate Collection Set: 0.30ms
[618.019s][info][gc,phases      ] GC(1476)   Merge Heap Roots: 0.31ms
[618.019s][info][gc,phases      ] GC(1476)   Evacuate Collection Set: 119.48ms
[618.019s][info][gc,phases      ] GC(1476)   Post Evacuate Collection Set: 11.26ms
[618.019s][info][gc,phases      ] GC(1476)   Other: 0.12ms
[618.019s][info][gc,heap        ] GC(1476) Eden regions: 461->0(126)
[618.019s][info][gc,heap        ] GC(1476) Survivor regions: 31->62(62)
[618.019s][info][gc,heap        ] GC(1476) Old regions: 386->673
[618.019s][info][gc,heap        ] GC(1476) Humongous regions: 5->5
[618.019s][info][gc,metaspace   ] GC(1476) Metaspace: 19123K(19328K)->19123K(19328K) NonClass: 16462K(16576K)->16462K(16576K) Class: 2661K(2752K)->2661K(2752K)
[618.019s][info][gc             ] GC(1476) Pause Young (Concurrent Start) (G1 Evacuation Pause) (Evacuation Failure: Allocation) 882M->739M(978M) 131.771ms
[618.019s][info][gc,cpu         ] GC(1476) User=0.26s Sys=0.00s Real=0.13s
[618.019s][info][gc             ] GC(1477) Concurrent Mark Cycle
[618.019s][info][gc,marking     ] GC(1477) Concurrent Scan Root Regions
[618.174s][info][gc,start       ] GC(1478) Pause Young (Normal) (G1 Evacuation Pause)
[618.174s][info][gc,task        ] GC(1478) Using 2 workers of 2 for evacuation
[618.179s][info][gc,marking     ] GC(1477) Concurrent Scan Root Regions 159.590ms
[618.179s][info][gc,marking     ] GC(1477) Concurrent Mark
[618.179s][info][gc,marking     ] GC(1477) Concurrent Mark From Roots
[618.179s][info][gc,task        ] GC(1477) Using 1 workers of 1 for marking
[618.270s][info][gc,phases      ] GC(1478)   Pre Evacuate Collection Set: 0.62ms
[618.270s][info][gc,phases      ] GC(1478)   Merge Heap Roots: 0.94ms
[618.270s][info][gc,phases      ] GC(1478)   Evacuate Collection Set: 88.18ms
[618.270s][info][gc,phases      ] GC(1478)   Post Evacuate Collection Set: 0.62ms
[618.270s][info][gc,phases      ] GC(1478)   Other: 0.11ms
[618.270s][info][gc,heap        ] GC(1478) Eden regions: 126->0(336)
[618.270s][info][gc,heap        ] GC(1478) Survivor regions: 62->7(24)
[618.270s][info][gc,heap        ] GC(1478) Old regions: 673->509
[618.270s][info][gc,heap        ] GC(1478) Humongous regions: 5->5
[618.270s][info][gc,metaspace   ] GC(1478) Metaspace: 19123K(19328K)->19123K(19328K) NonClass: 16462K(16576K)->16462K(16576K) Class: 2661K(2752K)->2661K(2752K)
[618.270s][info][gc             ] GC(1478) Pause Young (Normal) (G1 Evacuation Pause) 865M->520M(978M) 95.969ms
[618.270s][info][gc,cpu         ] GC(1478) User=0.18s Sys=0.00s Real=0.10s
[619.034s][info][gc,start       ] GC(1479) Pause Young (Normal) (G1 Evacuation Pause)
[619.034s][info][gc,task        ] GC(1479) Using 2 workers of 2 for evacuation
[619.048s][info][gc,phases      ] GC(1479)   Pre Evacuate Collection Set: 0.50ms
[619.048s][info][gc,phases      ] GC(1479)   Merge Heap Roots: 0.24ms
[619.048s][info][gc,phases      ] GC(1479)   Evacuate Collection Set: 12.58ms
[619.049s][info][gc,phases      ] GC(1479)   Post Evacuate Collection Set: 0.54ms
[619.049s][info][gc,phases      ] GC(1479)   Other: 0.09ms
[619.049s][info][gc,heap        ] GC(1479) Eden regions: 336->0(351)
[619.049s][info][gc,heap        ] GC(1479) Survivor regions: 7->10(43)
[619.049s][info][gc,heap        ] GC(1479) Old regions: 509->509
[619.049s][info][gc,heap        ] GC(1479) Humongous regions: 5->5
[619.049s][info][gc,metaspace   ] GC(1479) Metaspace: 19128K(19328K)->19128K(19328K) NonClass: 16467K(16576K)->16467K(16576K) Class: 2661K(2752K)->2661K(2752K)
[619.049s][info][gc             ] GC(1479) Pause Young (Normal) (G1 Evacuation Pause) 856M->522M(978M) 14.202ms
[619.049s][info][gc,cpu         ] GC(1479) User=0.03s Sys=0.00s Real=0.02s
[619.428s][info][gc,marking     ] GC(1477) Concurrent Mark From Roots 1248.658ms
[619.428s][info][gc,marking     ] GC(1477) Concurrent Preclean
[619.428s][info][gc,marking     ] GC(1477) Concurrent Preclean 0.036ms
[619.428s][info][gc,start       ] GC(1477) Pause Remark
[619.436s][info][gc             ] GC(1477) Pause Remark 804M->804M(978M) 7.661ms
[619.436s][info][gc,cpu         ] GC(1477) User=0.01s Sys=0.00s Real=0.00s
[619.436s][info][gc,marking     ] GC(1477) Concurrent Mark 1256.995ms
[619.436s][info][gc,marking     ] GC(1477) Concurrent Rebuild Remembered Sets and Scrub Regions
[619.717s][info][gc,start       ] GC(1480) Pause Young (Normal) (G1 Evacuation Pause)
[619.717s][info][gc,task        ] GC(1480) Using 2 workers of 2 for evacuation
[619.753s][info][gc,phases      ] GC(1480)   Pre Evacuate Collection Set: 0.51ms
[619.753s][info][gc,phases      ] GC(1480)   Merge Heap Roots: 0.46ms
[619.753s][info][gc,phases      ] GC(1480)   Evacuate Collection Set: 34.49ms
[619.753s][info][gc,phases      ] GC(1480)   Post Evacuate Collection Set: 0.92ms
[619.754s][info][gc,phases      ] GC(1480)   Other: 0.11ms
[619.754s][info][gc,heap        ] GC(1480) Eden regions: 351->0(352)
[619.754s][info][gc,heap        ] GC(1480) Survivor regions: 10->20(46)
[619.754s][info][gc,heap        ] GC(1480) Old regions: 509->509
[619.754s][info][gc,heap        ] GC(1480) Humongous regions: 6->6
[619.754s][info][gc,metaspace   ] GC(1480) Metaspace: 19128K(19328K)->19128K(19328K) NonClass: 16467K(16576K)->16467K(16576K) Class: 2661K(2752K)->2661K(2752K)
[619.754s][info][gc             ] GC(1480) Pause Young (Normal) (G1 Evacuation Pause) 874M->534M(978M) 36.771ms
[619.754s][info][gc,cpu         ] GC(1480) User=0.07s Sys=0.00s Real=0.03s
[619.899s][info][gc,marking     ] GC(1477) Concurrent Rebuild Remembered Sets and Scrub Regions 463.136ms
[619.901s][info][gc,start       ] GC(1477) Pause Cleanup
[619.901s][info][gc             ] GC(1477) Pause Cleanup 574M->574M(978M) 0.124ms
[619.901s][info][gc,cpu         ] GC(1477) User=0.00s Sys=0.00s Real=0.00s
[619.902s][info][gc,marking     ] GC(1477) Concurrent Clear Claimed Marks
[619.902s][info][gc,marking     ] GC(1477) Concurrent Clear Claimed Marks 0.047ms
[619.902s][info][gc,marking     ] GC(1477) Concurrent Cleanup for Next Mark
[619.908s][info][gc,marking     ] GC(1477) Concurrent Cleanup for Next Mark 6.521ms
[619.908s][info][gc             ] GC(1477) Concurrent Mark Cycle 1888.683ms
[620.300s][info][gc,start       ] GC(1481) Pause Young (Prepare Mixed) (G1 Evacuation Pause)
[620.300s][info][gc,task        ] GC(1481) Using 2 workers of 2 for evacuation
[620.379s][info][gc,phases      ] GC(1481)   Pre Evacuate Collection Set: 0.32ms
[620.380s][info][gc,phases      ] GC(1481)   Merge Heap Roots: 0.52ms
[620.380s][info][gc,phases      ] GC(1481)   Evacuate Collection Set: 77.82ms
[620.380s][info][gc,phases      ] GC(1481)   Post Evacuate Collection Set: 0.73ms
[620.380s][info][gc,phases      ] GC(1481)   Other: 0.11ms
[620.380s][info][gc,heap        ] GC(1481) Eden regions: 352->0(305)
[620.380s][info][gc,heap        ] GC(1481) Survivor regions: 20->47(47)
[620.380s][info][gc,heap        ] GC(1481) Old regions: 509->521
[620.380s][info][gc,heap        ] GC(1481) Humongous regions: 8->8
[620.380s][info][gc,metaspace   ] GC(1481) Metaspace: 19128K(19328K)->19128K(19328K) NonClass: 16467K(16576K)->16467K(16576K) Class: 2661K(2752K)->2661K(2752K)
[620.380s][info][gc             ] GC(1481) Pause Young (Prepare Mixed) (G1 Evacuation Pause) 888M->575M(978M) 79.811ms
[620.380s][info][gc,cpu         ] GC(1481) User=0.16s Sys=0.00s Real=0.08s
[620.758s][info][gc,start       ] GC(1482) Pause Young (Mixed) (G1 Evacuation Pause)
[620.758s][info][gc,task        ] GC(1482) Using 2 workers of 2 for evacuation
[620.850s][info][gc,phases      ] GC(1482)   Pre Evacuate Collection Set: 0.31ms
[620.850s][info][gc,phases      ] GC(1482)   Merge Heap Roots: 0.77ms
[620.850s][info][gc,phases      ] GC(1482)   Evacuate Collection Set: 90.33ms
[620.850s][info][gc,phases      ] GC(1482)   Post Evacuate Collection Set: 0.73ms
[620.850s][info][gc,phases      ] GC(1482)   Other: 0.08ms
[620.850s][info][gc,heap        ] GC(1482) Eden regions: 305->0(325)
[620.850s][info][gc,heap        ] GC(1482) Survivor regions: 47->6(44)
[620.850s][info][gc,heap        ] GC(1482) Old regions: 521->560
[620.850s][info][gc,heap        ] GC(1482) Humongous regions: 8->8
[620.850s][info][gc,metaspace   ] GC(1482) Metaspace: 19129K(19328K)->19129K(19328K) NonClass: 16467K(16576K)->16467K(16576K) Class: 2661K(2752K)->2661K(2752K)
[620.850s][info][gc             ] GC(1482) Pause Young (Mixed) (G1 Evacuation Pause) 880M->573M(978M) 92.471ms
[620.850s][info][gc,cpu         ] GC(1482) User=0.18s Sys=0.00s Real=0.09s
[621.206s][info][gc,start       ] GC(1483) Pause Young (Concurrent Start) (G1 Evacuation Pause)
[621.207s][info][gc,task        ] GC(1483) Using 2 workers of 2 for evacuation
[621.224s][info][gc,phases      ] GC(1483)   Pre Evacuate Collection Set: 0.28ms
[621.224s][info][gc,phases      ] GC(1483)   Merge Heap Roots: 0.19ms
[621.224s][info][gc,phases      ] GC(1483)   Evacuate Collection Set: 16.21ms
[621.224s][info][gc,phases      ] GC(1483)   Post Evacuate Collection Set: 0.54ms
[621.224s][info][gc,phases      ] GC(1483)   Other: 0.13ms
[621.224s][info][gc,heap        ] GC(1483) Eden regions: 325->0(329)
[621.224s][info][gc,heap        ] GC(1483) Survivor regions: 6->13(42)
[621.224s][info][gc,heap        ] GC(1483) Old regions: 560->560
[621.224s][info][gc,heap        ] GC(1483) Humongous regions: 8->8
[621.224s][info][gc,metaspace   ] GC(1483) Metaspace: 19129K(19328K)->19129K(19328K) NonClass: 16467K(16576K)->16467K(16576K) Class: 2661K(2752K)->2661K(2752K)
[621.224s][info][gc             ] GC(1483) Pause Young (Concurrent Start) (G1 Evacuation Pause) 898M->580M(978M) 17.524ms
[621.224s][info][gc             ] GC(1484) Concurrent Mark Cycle
[621.224s][info][gc,marking     ] GC(1484) Concurrent Scan Root Regions
[621.224s][info][gc,cpu         ] GC(1483) User=0.03s Sys=0.00s Real=0.01s
[621.251s][info][gc,marking     ] GC(1484) Concurrent Scan Root Regions 26.602ms
[621.251s][info][gc,marking     ] GC(1484) Concurrent Mark
[621.251s][info][gc,marking     ] GC(1484) Concurrent Mark From Roots
[621.251s][info][gc,task        ] GC(1484) Using 1 workers of 1 for marking
[622.351s][info][gc,start       ] GC(1485) Pause Young (Normal) (G1 Evacuation Pause)
[622.351s][info][gc,task        ] GC(1485) Using 2 workers of 2 for evacuation
[622.390s][info][gc,phases      ] GC(1485)   Pre Evacuate Collection Set: 0.50ms
[622.390s][info][gc,phases      ] GC(1485)   Merge Heap Roots: 0.32ms
[622.390s][info][gc,phases      ] GC(1485)   Evacuate Collection Set: 38.24ms
[622.390s][info][gc,phases      ] GC(1485)   Post Evacuate Collection Set: 0.56ms
[622.390s][info][gc,phases      ] GC(1485)   Other: 0.11ms
[622.390s][info][gc,heap        ] GC(1485) Eden regions: 329->0(292)
[622.390s][info][gc,heap        ] GC(1485) Survivor regions: 13->34(43)
[622.390s][info][gc,heap        ] GC(1485) Old regions: 560->560
[622.390s][info][gc,heap        ] GC(1485) Humongous regions: 8->8
[622.390s][info][gc,metaspace   ] GC(1485) Metaspace: 19129K(19328K)->19129K(19328K) NonClass: 16467K(16576K)->16467K(16576K) Class: 2661K(2752K)->2661K(2752K)
[622.391s][info][gc             ] GC(1485) Pause Young (Normal) (G1 Evacuation Pause) 909M->601M(978M) 40.001ms
[622.391s][info][gc,cpu         ] GC(1485) User=0.07s Sys=0.00s Real=0.04s
[622.770s][info][gc,marking     ] GC(1484) Concurrent Mark From Roots 1519.492ms
[622.770s][info][gc,marking     ] GC(1484) Concurrent Preclean
[622.770s][info][gc,marking     ] GC(1484) Concurrent Preclean 0.050ms
[622.770s][info][gc,start       ] GC(1484) Pause Remark
[622.778s][info][gc             ] GC(1484) Pause Remark 671M->670M(978M) 7.792ms
[622.778s][info][gc,cpu         ] GC(1484) User=0.01s Sys=0.00s Real=0.01s
[622.779s][info][gc,marking     ] GC(1484) Concurrent Mark 1528.729ms
[622.779s][info][gc,marking     ] GC(1484) Concurrent Rebuild Remembered Sets and Scrub Regions
[623.250s][info][gc,marking     ] GC(1484) Concurrent Rebuild Remembered Sets and Scrub Regions 470.165ms
[623.250s][info][gc,start       ] GC(1484) Pause Cleanup
[623.250s][info][gc             ] GC(1484) Pause Cleanup 787M->787M(978M) 0.083ms
[623.250s][info][gc,cpu         ] GC(1484) User=0.00s Sys=0.00s Real=0.00s
[623.250s][info][gc,marking     ] GC(1484) Concurrent Clear Claimed Marks
[623.250s][info][gc,marking     ] GC(1484) Concurrent Clear Claimed Marks 0.029ms
[623.250s][info][gc,marking     ] GC(1484) Concurrent Cleanup for Next Mark
[623.255s][info][gc,marking     ] GC(1484) Concurrent Cleanup for Next Mark 4.622ms
[623.255s][info][gc             ] GC(1484) Concurrent Mark Cycle 2031.037ms
[624.006s][info][gc,start       ] GC(1486) Pause Young (Prepare Mixed) (G1 Evacuation Pause)
[624.006s][info][gc,task        ] GC(1486) Using 2 workers of 2 for evacuation
[624.044s][info][gc,phases      ] GC(1486)   Pre Evacuate Collection Set: 0.29ms
[624.044s][info][gc,phases      ] GC(1486)   Merge Heap Roots: 0.35ms
[624.044s][info][gc,phases      ] GC(1486)   Evacuate Collection Set: 35.88ms
[624.044s][info][gc,phases      ] GC(1486)   Post Evacuate Collection Set: 0.53ms
[624.044s][info][gc,phases      ] GC(1486)   Other: 0.10ms
[624.044s][info][gc,heap        ] GC(1486) Eden regions: 292->0(319)
[624.044s][info][gc,heap        ] GC(1486) Survivor regions: 34->1(41)
[624.044s][info][gc,heap        ] GC(1486) Old regions: 560->594
[624.044s][info][gc,heap        ] GC(1486) Humongous regions: 7->7
[624.044s][info][gc,metaspace   ] GC(1486) Metaspace: 19129K(19328K)->19129K(19328K) NonClass: 16468K(16576K)->16468K(16576K) Class: 2661K(2752K)->2661K(2752K)
[624.044s][info][gc             ] GC(1486) Pause Young (Prepare Mixed) (G1 Evacuation Pause) 892M->601M(978M) 37.347ms
[624.044s][info][gc,cpu         ] GC(1486) User=0.07s Sys=0.00s Real=0.03s
[625.446s][info][gc,start       ] GC(1487) Pause Young (Mixed) (G1 Evacuation Pause)
[625.446s][info][gc,task        ] GC(1487) Using 2 workers of 2 for evacuation
[625.474s][info][gc,phases      ] GC(1487)   Pre Evacuate Collection Set: 0.51ms
[625.475s][info][gc,phases      ] GC(1487)   Merge Heap Roots: 0.51ms
[625.475s][info][gc,phases      ] GC(1487)   Evacuate Collection Set: 26.95ms
[625.475s][info][gc,phases      ] GC(1487)   Post Evacuate Collection Set: 0.52ms
[625.475s][info][gc,phases      ] GC(1487)   Other: 0.08ms
[625.475s][info][gc,heap        ] GC(1487) Eden regions: 319->0(327)
[625.475s][info][gc,heap        ] GC(1487) Survivor regions: 1->3(40)
[625.475s][info][gc,heap        ] GC(1487) Old regions: 594->588
[625.475s][info][gc,heap        ] GC(1487) Humongous regions: 7->7
[625.475s][info][gc,metaspace   ] GC(1487) Metaspace: 19133K(19328K)->19133K(19328K) NonClass: 16472K(16576K)->16472K(16576K) Class: 2661K(2752K)->2661K(2752K)
[625.475s][info][gc             ] GC(1487) Pause Young (Mixed) (G1 Evacuation Pause) 920M->597M(978M) 28.818ms
[625.475s][info][gc,cpu         ] GC(1487) User=0.05s Sys=0.00s Real=0.03s
[626.124s][info][gc,start       ] GC(1488) Pause Young (Concurrent Start) (G1 Evacuation Pause)
[626.124s][info][gc,task        ] GC(1488) Using 2 workers of 2 for evacuation
[626.158s][info][gc,phases      ] GC(1488)   Pre Evacuate Collection Set: 0.30ms
[626.158s][info][gc,phases      ] GC(1488)   Merge Heap Roots: 0.14ms
[626.158s][info][gc,phases      ] GC(1488)   Evacuate Collection Set: 32.71ms
[626.158s][info][gc,phases      ] GC(1488)   Post Evacuate Collection Set: 0.61ms
[626.158s][info][gc,phases      ] GC(1488)   Other: 0.10ms
[626.158s][info][gc,heap        ] GC(1488) Eden regions: 327->0(259)
[626.158s][info][gc,heap        ] GC(1488) Survivor regions: 3->37(42)
[626.158s][info][gc,heap        ] GC(1488) Old regions: 588->588
[626.158s][info][gc,heap        ] GC(1488) Humongous regions: 7->7
[626.158s][info][gc,metaspace   ] GC(1488) Metaspace: 19136K(19328K)->19136K(19328K) NonClass: 16475K(16576K)->16475K(16576K) Class: 2661K(2752K)->2661K(2752K)
[626.158s][info][gc             ] GC(1488) Pause Young (Concurrent Start) (G1 Evacuation Pause) 924M->630M(978M) 34.080ms
[626.158s][info][gc,cpu         ] GC(1488) User=0.07s Sys=0.00s Real=0.04s
[626.158s][info][gc             ] GC(1489) Concurrent Mark Cycle
[626.158s][info][gc,marking     ] GC(1489) Concurrent Scan Root Regions
[626.202s][info][gc,marking     ] GC(1489) Concurrent Scan Root Regions 44.039ms
[626.202s][info][gc,marking     ] GC(1489) Concurrent Mark
[626.202s][info][gc,marking     ] GC(1489) Concurrent Mark From Roots
[626.202s][info][gc,task        ] GC(1489) Using 1 workers of 1 for marking
[626.495s][info][gc,start       ] GC(1490) Pause Young (Normal) (G1 Evacuation Pause)
[626.495s][info][gc,task        ] GC(1490) Using 2 workers of 2 for evacuation
[626.617s][info][gc,phases      ] GC(1490)   Pre Evacuate Collection Set: 0.30ms
[626.618s][info][gc,phases      ] GC(1490)   Merge Heap Roots: 0.13ms
[626.618s][info][gc,phases      ] GC(1490)   Evacuate Collection Set: 108.93ms
[626.618s][info][gc,phases      ] GC(1490)   Post Evacuate Collection Set: 12.96ms
[626.618s][info][gc,phases      ] GC(1490)   Other: 0.09ms
[626.618s][info][gc,heap        ] GC(1490) Eden regions: 259->0(39)
[626.618s][info][gc,heap        ] GC(1490) Survivor regions: 37->37(37)
[626.618s][info][gc,heap        ] GC(1490) Old regions: 588->808
[626.618s][info][gc,heap        ] GC(1490) Humongous regions: 7->7
[626.618s][info][gc,metaspace   ] GC(1490) Metaspace: 19144K(19328K)->19144K(19328K) NonClass: 16483K(16576K)->16483K(16576K) Class: 2661K(2752K)->2661K(2752K)
[626.618s][info][gc             ] GC(1490) Pause Young (Normal) (G1 Evacuation Pause) (Evacuation Failure: Allocation) 889M->851M(978M) 122.685ms
[626.618s][info][gc,cpu         ] GC(1490) User=0.24s Sys=0.00s Real=0.13s
[626.734s][info][gc,start       ] GC(1491) Pause Young (Normal) (G1 Evacuation Pause)
[626.735s][info][gc,task        ] GC(1491) Using 2 workers of 2 for evacuation
[626.818s][info][gc,phases      ] GC(1491)   Pre Evacuate Collection Set: 0.38ms
[626.818s][info][gc,phases      ] GC(1491)   Merge Heap Roots: 0.31ms
[626.818s][info][gc,phases      ] GC(1491)   Evacuate Collection Set: 80.90ms
[626.818s][info][gc,phases      ] GC(1491)   Post Evacuate Collection Set: 1.31ms
[626.818s][info][gc,phases      ] GC(1491)   Other: 0.08ms
[626.818s][info][gc,heap        ] GC(1491) Eden regions: 39->0(169)
[626.818s][info][gc,heap        ] GC(1491) Survivor regions: 37->10(10)
[626.818s][info][gc,heap        ] GC(1491) Old regions: 808->724
[626.818s][info][gc,heap        ] GC(1491) Humongous regions: 7->7
[626.818s][info][gc,metaspace   ] GC(1491) Metaspace: 19144K(19328K)->19144K(19328K) NonClass: 16483K(16576K)->16483K(16576K) Class: 2661K(2752K)->2661K(2752K)
[626.818s][info][gc             ] GC(1491) Pause Young (Normal) (G1 Evacuation Pause) (Evacuation Failure: Allocation) 890M->740M(978M) 83.255ms
[626.818s][info][gc,cpu         ] GC(1491) User=0.16s Sys=0.00s Real=0.09s
[627.176s][info][gc,start       ] GC(1492) Pause Young (Normal) (G1 Evacuation Pause)
[627.176s][info][gc,task        ] GC(1492) Using 2 workers of 2 for evacuation
[627.248s][info][gc,phases      ] GC(1492)   Pre Evacuate Collection Set: 0.31ms
[627.248s][info][gc,phases      ] GC(1492)   Merge Heap Roots: 0.63ms
[627.248s][info][gc,phases      ] GC(1492)   Evacuate Collection Set: 70.27ms
[627.248s][info][gc,phases      ] GC(1492)   Post Evacuate Collection Set: 0.59ms
[627.248s][info][gc,phases      ] GC(1492)   Other: 0.08ms
[627.248s][info][gc,heap        ] GC(1492) Eden regions: 169->0(135)
[627.248s][info][gc,heap        ] GC(1492) Survivor regions: 10->23(23)
[627.248s][info][gc,heap        ] GC(1492) Old regions: 724->739
[627.248s][info][gc,heap        ] GC(1492) Humongous regions: 8->8
[627.248s][info][gc,metaspace   ] GC(1492) Metaspace: 19144K(19328K)->19144K(19328K) NonClass: 16483K(16576K)->16483K(16576K) Class: 2661K(2752K)->2661K(2752K)
[627.248s][info][gc             ] GC(1492) Pause Young (Normal) (G1 Evacuation Pause) 910M->769M(978M) 72.157ms
[627.248s][info][gc,cpu         ] GC(1492) User=0.15s Sys=0.00s Real=0.07s
[627.446s][info][gc,start       ] GC(1493) Pause Young (Normal) (G1 Evacuation Pause)
[627.446s][info][gc,task        ] GC(1493) Using 2 workers of 2 for evacuation
[627.498s][info][gc,phases      ] GC(1493)   Pre Evacuate Collection Set: 0.32ms
[627.498s][info][gc,phases      ] GC(1493)   Merge Heap Roots: 0.41ms
[627.498s][info][gc,phases      ] GC(1493)   Evacuate Collection Set: 51.11ms
[627.498s][info][gc,phases      ] GC(1493)   Post Evacuate Collection Set: 0.38ms
[627.498s][info][gc,phases      ] GC(1493)   Other: 0.08ms
[627.498s][info][gc,heap        ] GC(1493) Eden regions: 135->0(124)
[627.498s][info][gc,heap        ] GC(1493) Survivor regions: 23->15(20)
[627.498s][info][gc,heap        ] GC(1493) Old regions: 739->763
[627.498s][info][gc,heap        ] GC(1493) Humongous regions: 11->11
[627.498s][info][gc,metaspace   ] GC(1493) Metaspace: 19146K(19328K)->19146K(19328K) NonClass: 16485K(16576K)->16485K(16576K) Class: 2661K(2752K)->2661K(2752K)
[627.498s][info][gc             ] GC(1493) Pause Young (Normal) (G1 Evacuation Pause) 907M->788M(978M) 52.578ms
[627.498s][info][gc,cpu         ] GC(1493) User=0.11s Sys=0.00s Real=0.06s
[627.763s][info][gc,start       ] GC(1494) Pause Young (Normal) (G1 Evacuation Pause)
[627.763s][info][gc,task        ] GC(1494) Using 2 workers of 2 for evacuation
[627.813s][info][gc,phases      ] GC(1494)   Pre Evacuate Collection Set: 0.32ms
[627.813s][info][gc,phases      ] GC(1494)   Merge Heap Roots: 0.27ms
[627.813s][info][gc,phases      ] GC(1494)   Evacuate Collection Set: 48.41ms
[627.813s][info][gc,phases      ] GC(1494)   Post Evacuate Collection Set: 0.45ms
[627.813s][info][gc,phases      ] GC(1494)   Other: 0.08ms
[627.813s][info][gc,heap        ] GC(1494) Eden regions: 124->0(103)
[627.813s][info][gc,heap        ] GC(1494) Survivor regions: 15->18(18)
[627.813s][info][gc,heap        ] GC(1494) Old regions: 763->778
[627.813s][info][gc,heap        ] GC(1494) Humongous regions: 11->11
[627.813s][info][gc,metaspace   ] GC(1494) Metaspace: 19146K(19328K)->19146K(19328K) NonClass: 16485K(16576K)->16485K(16576K) Class: 2661K(2752K)->2661K(2752K)
[627.813s][info][gc             ] GC(1494) Pause Young (Normal) (G1 Evacuation Pause) 912M->806M(978M) 49.821ms
[627.813s][info][gc,cpu         ] GC(1494) User=0.10s Sys=0.00s Real=0.05s
[627.963s][info][gc,start       ] GC(1495) Pause Young (Normal) (G1 Evacuation Pause)
[627.964s][info][gc,task        ] GC(1495) Using 2 workers of 2 for evacuation
[628.010s][info][gc,phases      ] GC(1495)   Pre Evacuate Collection Set: 0.49ms
[628.010s][info][gc,phases      ] GC(1495)   Merge Heap Roots: 0.71ms
[628.010s][info][gc,phases      ] GC(1495)   Evacuate Collection Set: 44.94ms
[628.010s][info][gc,phases      ] GC(1495)   Post Evacuate Collection Set: 0.36ms
[628.010s][info][gc,phases      ] GC(1495)   Other: 0.08ms
[628.010s][info][gc,heap        ] GC(1495) Eden regions: 103->0(85)
[628.010s][info][gc,heap        ] GC(1495) Survivor regions: 18->16(16)
[628.010s][info][gc,heap        ] GC(1495) Old regions: 778->800
[628.010s][info][gc,heap        ] GC(1495) Humongous regions: 11->11
[628.010s][info][gc,metaspace   ] GC(1495) Metaspace: 19146K(19328K)->19146K(19328K) NonClass: 16485K(16576K)->16485K(16576K) Class: 2661K(2752K)->2661K(2752K)
[628.010s][info][gc             ] GC(1495) Pause Young (Normal) (G1 Evacuation Pause) 909M->826M(978M) 46.898ms
[628.010s][info][gc,cpu         ] GC(1495) User=0.09s Sys=0.00s Real=0.05s
[628.108s][info][gc,marking     ] GC(1489) Concurrent Mark From Roots 1905.802ms
[628.108s][info][gc,marking     ] GC(1489) Concurrent Preclean
[628.108s][info][gc,marking     ] GC(1489) Concurrent Preclean 0.036ms
[628.108s][info][gc,start       ] GC(1489) Pause Remark
[628.116s][info][gc             ] GC(1489) Pause Remark 893M->815M(978M) 8.055ms
[628.116s][info][gc,cpu         ] GC(1489) User=0.01s Sys=0.00s Real=0.01s
[628.120s][info][gc,marking     ] GC(1489) Concurrent Mark 1918.086ms
[628.120s][info][gc,marking     ] GC(1489) Concurrent Rebuild Remembered Sets and Scrub Regions
[628.143s][info][gc,start       ] GC(1496) Pause Young (Normal) (G1 Evacuation Pause)
[628.143s][info][gc,task        ] GC(1496) Using 2 workers of 2 for evacuation
[628.181s][info][gc,phases      ] GC(1496)   Pre Evacuate Collection Set: 0.40ms
[628.181s][info][gc,phases      ] GC(1496)   Merge Heap Roots: 0.12ms
[628.181s][info][gc,phases      ] GC(1496)   Evacuate Collection Set: 36.89ms
[628.181s][info][gc,phases      ] GC(1496)   Post Evacuate Collection Set: 0.37ms
[628.181s][info][gc,phases      ] GC(1496)   Other: 0.07ms
[628.181s][info][gc,heap        ] GC(1496) Eden regions: 85->0(132)
[628.181s][info][gc,heap        ] GC(1496) Survivor regions: 16->13(13)
[628.181s][info][gc,heap        ] GC(1496) Old regions: 724->750
[628.181s][info][gc,heap        ] GC(1496) Humongous regions: 9->9
[628.181s][info][gc,metaspace   ] GC(1496) Metaspace: 19146K(19328K)->19146K(19328K) NonClass: 16485K(16576K)->16485K(16576K) Class: 2661K(2752K)->2661K(2752K)
[628.181s][info][gc             ] GC(1496) Pause Young (Normal) (G1 Evacuation Pause) 833M->771M(978M) 38.008ms
[628.181s][info][gc,cpu         ] GC(1496) User=0.08s Sys=0.00s Real=0.04s
[628.303s][info][gc,start       ] GC(1497) Pause Young (Normal) (G1 Evacuation Pause)
[628.303s][info][gc,task        ] GC(1497) Using 2 workers of 2 for evacuation
[628.339s][info][gc,phases      ] GC(1497)   Pre Evacuate Collection Set: 0.45ms
[628.339s][info][gc,phases      ] GC(1497)   Merge Heap Roots: 0.23ms
[628.339s][info][gc,phases      ] GC(1497)   Evacuate Collection Set: 35.22ms
[628.339s][info][gc,phases      ] GC(1497)   Post Evacuate Collection Set: 0.35ms
[628.339s][info][gc,phases      ] GC(1497)   Other: 0.09ms
[628.339s][info][gc,heap        ] GC(1497) Eden regions: 132->0(114)
[628.339s][info][gc,heap        ] GC(1497) Survivor regions: 13->19(19)
[628.339s][info][gc,heap        ] GC(1497) Old regions: 750->767
[628.339s][info][gc,heap        ] GC(1497) Humongous regions: 9->9
[628.339s][info][gc,metaspace   ] GC(1497) Metaspace: 19146K(19328K)->19146K(19328K) NonClass: 16485K(16576K)->16485K(16576K) Class: 2661K(2752K)->2661K(2752K)
[628.339s][info][gc             ] GC(1497) Pause Young (Normal) (G1 Evacuation Pause) 903M->794M(978M) 36.578ms
[628.339s][info][gc,cpu         ] GC(1497) User=0.07s Sys=0.00s Real=0.04s
[628.465s][info][gc,start       ] GC(1498) Pause Young (Normal) (G1 Evacuation Pause)
[628.466s][info][gc,task        ] GC(1498) Using 2 workers of 2 for evacuation
[628.497s][info][gc,phases      ] GC(1498)   Pre Evacuate Collection Set: 0.27ms
[628.497s][info][gc,phases      ] GC(1498)   Merge Heap Roots: 0.34ms
[628.497s][info][gc,phases      ] GC(1498)   Evacuate Collection Set: 30.15ms
[628.497s][info][gc,phases      ] GC(1498)   Post Evacuate Collection Set: 0.46ms
[628.497s][info][gc,phases      ] GC(1498)   Other: 0.08ms
[628.497s][info][gc,heap        ] GC(1498) Eden regions: 114->0(117)
[628.497s][info][gc,heap        ] GC(1498) Survivor regions: 19->7(17)
[628.497s][info][gc,heap        ] GC(1498) Old regions: 767->787
[628.497s][info][gc,heap        ] GC(1498) Humongous regions: 9->9
[628.497s][info][gc,metaspace   ] GC(1498) Metaspace: 19146K(19328K)->19146K(19328K) NonClass: 16485K(16576K)->16485K(16576K) Class: 2661K(2752K)->2661K(2752K)
[628.497s][info][gc             ] GC(1498) Pause Young (Normal) (G1 Evacuation Pause) 908M->801M(978M) 31.579ms
[628.497s][info][gc,cpu         ] GC(1498) User=0.06s Sys=0.00s Real=0.04s
[628.616s][info][gc,start       ] GC(1499) Pause Young (Normal) (G1 Evacuation Pause)
[628.617s][info][gc,task        ] GC(1499) Using 2 workers of 2 for evacuation
[628.645s][info][gc,phases      ] GC(1499)   Pre Evacuate Collection Set: 0.27ms
[628.645s][info][gc,phases      ] GC(1499)   Merge Heap Roots: 0.33ms
[628.645s][info][gc,phases      ] GC(1499)   Evacuate Collection Set: 27.58ms
[628.645s][info][gc,phases      ] GC(1499)   Post Evacuate Collection Set: 0.45ms
[628.645s][info][gc,phases      ] GC(1499)   Other: 0.09ms
[628.645s][info][gc,heap        ] GC(1499) Eden regions: 117->0(101)
[628.645s][info][gc,heap        ] GC(1499) Survivor regions: 7->15(16)
[628.645s][info][gc,heap        ] GC(1499) Old regions: 787->787
[628.645s][info][gc,heap        ] GC(1499) Humongous regions: 10->10
[628.645s][info][gc,metaspace   ] GC(1499) Metaspace: 19146K(19328K)->19146K(19328K) NonClass: 16485K(16576K)->16485K(16576K) Class: 2661K(2752K)->2661K(2752K)
[628.645s][info][gc             ] GC(1499) Pause Young (Normal) (G1 Evacuation Pause) 919M->811M(978M) 28.994ms
[628.645s][info][gc,cpu         ] GC(1499) User=0.05s Sys=0.00s Real=0.02s
[628.712s][info][gc,start       ] GC(1500) Pause Young (Normal) (G1 Evacuation Pause)
[628.713s][info][gc,task        ] GC(1500) Using 2 workers of 2 for evacuation
[628.741s][info][gc,phases      ] GC(1500)   Pre Evacuate Collection Set: 0.44ms
[628.741s][info][gc,phases      ] GC(1500)   Merge Heap Roots: 0.27ms
[628.741s][info][gc,phases      ] GC(1500)   Evacuate Collection Set: 27.46ms
[628.741s][info][gc,phases      ] GC(1500)   Post Evacuate Collection Set: 0.31ms
[628.741s][info][gc,phases      ] GC(1500)   Other: 0.10ms
[628.741s][info][gc,heap        ] GC(1500) Eden regions: 101->0(110)
[628.741s][info][gc,heap        ] GC(1500) Survivor regions: 15->3(15)
[628.741s][info][gc,heap        ] GC(1500) Old regions: 787->802
[628.741s][info][gc,heap        ] GC(1500) Humongous regions: 10->10
[628.741s][info][gc,metaspace   ] GC(1500) Metaspace: 19146K(19328K)->19146K(19328K) NonClass: 16485K(16576K)->16485K(16576K) Class: 2661K(2752K)->2661K(2752K)
[628.741s][info][gc             ] GC(1500) Pause Young (Normal) (G1 Evacuation Pause) 912M->813M(978M) 28.842ms
[628.741s][info][gc,cpu         ] GC(1500) User=0.05s Sys=0.00s Real=0.03s
[628.865s][info][gc,start       ] GC(1501) Pause Young (Normal) (G1 Evacuation Pause)
[628.865s][info][gc,task        ] GC(1501) Using 2 workers of 2 for evacuation
[628.871s][info][gc,phases      ] GC(1501)   Pre Evacuate Collection Set: 0.48ms
[628.871s][info][gc,phases      ] GC(1501)   Merge Heap Roots: 0.09ms
[628.871s][info][gc,phases      ] GC(1501)   Evacuate Collection Set: 4.98ms
[628.871s][info][gc,phases      ] GC(1501)   Post Evacuate Collection Set: 0.31ms
[628.871s][info][gc,phases      ] GC(1501)   Other: 0.07ms
[628.871s][info][gc,heap        ] GC(1501) Eden regions: 110->0(108)
[628.871s][info][gc,heap        ] GC(1501) Survivor regions: 3->4(15)
[628.871s][info][gc,heap        ] GC(1501) Old regions: 802->802
[628.871s][info][gc,heap        ] GC(1501) Humongous regions: 10->10
[628.871s][info][gc,metaspace   ] GC(1501) Metaspace: 19146K(19328K)->19146K(19328K) NonClass: 16485K(16576K)->16485K(16576K) Class: 2661K(2752K)->2661K(2752K)
[628.871s][info][gc             ] GC(1501) Pause Young (Normal) (G1 Evacuation Pause) 923M->814M(978M) 6.117ms
[628.871s][info][gc,cpu         ] GC(1501) User=0.01s Sys=0.00s Real=0.01s
[628.967s][info][gc,marking     ] GC(1489) Concurrent Rebuild Remembered Sets and Scrub Regions 846.880ms
[628.967s][info][gc,start       ] GC(1489) Pause Cleanup
[628.968s][info][gc             ] GC(1489) Pause Cleanup 885M->885M(978M) 0.107ms
[628.968s][info][gc,cpu         ] GC(1489) User=0.00s Sys=0.00s Real=0.00s
[628.968s][info][gc,marking     ] GC(1489) Concurrent Clear Claimed Marks
[628.968s][info][gc,marking     ] GC(1489) Concurrent Clear Claimed Marks 0.036ms
[628.968s][info][gc,marking     ] GC(1489) Concurrent Cleanup for Next Mark
[628.972s][info][gc,marking     ] GC(1489) Concurrent Cleanup for Next Mark 3.823ms
[628.972s][info][gc             ] GC(1489) Concurrent Mark Cycle 2814.000ms
[629.000s][info][gc,start       ] GC(1502) Pause Young (Prepare Mixed) (G1 Evacuation Pause)
[629.000s][info][gc,task        ] GC(1502) Using 2 workers of 2 for evacuation
[629.007s][info][gc,phases      ] GC(1502)   Pre Evacuate Collection Set: 0.28ms
[629.007s][info][gc,phases      ] GC(1502)   Merge Heap Roots: 0.09ms
[629.007s][info][gc,phases      ] GC(1502)   Evacuate Collection Set: 6.24ms
[629.007s][info][gc,phases      ] GC(1502)   Post Evacuate Collection Set: 0.34ms
[629.007s][info][gc,phases      ] GC(1502)   Other: 0.10ms
[629.007s][info][gc,heap        ] GC(1502) Eden regions: 108->0(106)
[629.007s][info][gc,heap        ] GC(1502) Survivor regions: 4->5(14)
[629.007s][info][gc,heap        ] GC(1502) Old regions: 802->802
[629.007s][info][gc,heap        ] GC(1502) Humongous regions: 10->10
[629.007s][info][gc,metaspace   ] GC(1502) Metaspace: 19146K(19328K)->19146K(19328K) NonClass: 16485K(16576K)->16485K(16576K) Class: 2661K(2752K)->2661K(2752K)
[629.007s][info][gc             ] GC(1502) Pause Young (Prepare Mixed) (G1 Evacuation Pause) 922M->816M(978M) 7.238ms
[629.007s][info][gc,cpu         ] GC(1502) User=0.02s Sys=0.00s Real=0.01s
[629.075s][info][gc,start       ] GC(1503) Pause Young (Mixed) (G1 Evacuation Pause)
[629.075s][info][gc,task        ] GC(1503) Using 2 workers of 2 for evacuation
[629.098s][info][gc,phases      ] GC(1503)   Pre Evacuate Collection Set: 0.31ms
[629.098s][info][gc,phases      ] GC(1503)   Merge Heap Roots: 0.26ms
[629.098s][info][gc,phases      ] GC(1503)   Evacuate Collection Set: 21.74ms
[629.098s][info][gc,phases      ] GC(1503)   Post Evacuate Collection Set: 0.40ms
[629.098s][info][gc,phases      ] GC(1503)   Other: 0.10ms
[629.098s][info][gc,heap        ] GC(1503) Eden regions: 106->0(126)
[629.098s][info][gc,heap        ] GC(1503) Survivor regions: 5->9(14)
[629.098s][info][gc,heap        ] GC(1503) Old regions: 802->774
[629.098s][info][gc,heap        ] GC(1503) Humongous regions: 10->10
[629.098s][info][gc,metaspace   ] GC(1503) Metaspace: 19146K(19328K)->19146K(19328K) NonClass: 16485K(16576K)->16485K(16576K) Class: 2661K(2752K)->2661K(2752K)
[629.098s][info][gc             ] GC(1503) Pause Young (Mixed) (G1 Evacuation Pause) 922M->792M(978M) 23.043ms
[629.098s][info][gc,cpu         ] GC(1503) User=0.04s Sys=0.00s Real=0.03s
[629.357s][info][gc,start       ] GC(1504) Pause Young (Concurrent Start) (G1 Evacuation Pause)
[629.357s][info][gc,task        ] GC(1504) Using 2 workers of 2 for evacuation
[629.369s][info][gc,phases      ] GC(1504)   Pre Evacuate Collection Set: 0.36ms
[629.369s][info][gc,phases      ] GC(1504)   Merge Heap Roots: 0.16ms
[629.369s][info][gc,phases      ] GC(1504)   Evacuate Collection Set: 11.26ms
[629.369s][info][gc,phases      ] GC(1504)   Post Evacuate Collection Set: 0.41ms
[629.369s][info][gc,phases      ] GC(1504)   Other: 0.22ms
[629.369s][info][gc,heap        ] GC(1504) Eden regions: 126->0(125)
[629.369s][info][gc,heap        ] GC(1504) Survivor regions: 9->8(17)
[629.369s][info][gc,heap        ] GC(1504) Old regions: 774->777
[629.369s][info][gc,heap        ] GC(1504) Humongous regions: 10->10
[629.369s][info][gc,metaspace   ] GC(1504) Metaspace: 19146K(19328K)->19146K(19328K) NonClass: 16485K(16576K)->16485K(16576K) Class: 2661K(2752K)->2661K(2752K)
[629.369s][info][gc             ] GC(1504) Pause Young (Concurrent Start) (G1 Evacuation Pause) 918M->793M(978M) 12.679ms
[629.370s][info][gc,cpu         ] GC(1504) User=0.02s Sys=0.00s Real=0.01s
[629.370s][info][gc             ] GC(1505) Concurrent Mark Cycle
[629.370s][info][gc,marking     ] GC(1505) Concurrent Scan Root Regions
[629.386s][info][gc,marking     ] GC(1505) Concurrent Scan Root Regions 16.691ms
[629.386s][info][gc,marking     ] GC(1505) Concurrent Mark
[629.386s][info][gc,marking     ] GC(1505) Concurrent Mark From Roots
[629.386s][info][gc,task        ] GC(1505) Using 1 workers of 1 for marking
[629.802s][info][gc,start       ] GC(1506) Pause Young (Normal) (G1 Evacuation Pause)
[629.802s][info][gc,task        ] GC(1506) Using 2 workers of 2 for evacuation
[629.848s][info][gc,phases      ] GC(1506)   Pre Evacuate Collection Set: 0.30ms
[629.848s][info][gc,phases      ] GC(1506)   Merge Heap Roots: 0.18ms
[629.848s][info][gc,phases      ] GC(1506)   Evacuate Collection Set: 45.24ms
[629.848s][info][gc,phases      ] GC(1506)   Post Evacuate Collection Set: 0.40ms
[629.848s][info][gc,phases      ] GC(1506)   Other: 0.08ms
[629.848s][info][gc,heap        ] GC(1506) Eden regions: 125->0(79)
[629.848s][info][gc,heap        ] GC(1506) Survivor regions: 8->17(17)
[629.848s][info][gc,heap        ] GC(1506) Old regions: 777->805
[629.848s][info][gc,heap        ] GC(1506) Humongous regions: 10->10
[629.848s][info][gc,metaspace   ] GC(1506) Metaspace: 19146K(19328K)->19146K(19328K) NonClass: 16485K(16576K)->16485K(16576K) Class: 2661K(2752K)->2661K(2752K)
[629.848s][info][gc             ] GC(1506) Pause Young (Normal) (G1 Evacuation Pause) 918M->831M(978M) 46.447ms
[629.848s][info][gc,cpu         ] GC(1506) User=0.09s Sys=0.00s Real=0.05s
[629.930s][info][gc,marking     ] GC(1505) Concurrent Mark From Roots 543.727ms
[629.930s][info][gc,marking     ] GC(1505) Concurrent Preclean
[629.930s][info][gc,marking     ] GC(1505) Concurrent Preclean 0.039ms
[629.930s][info][gc,start       ] GC(1505) Pause Remark
[629.938s][info][gc             ] GC(1505) Pause Remark 872M->358M(978M) 8.230ms
[629.939s][info][gc,cpu         ] GC(1505) User=0.01s Sys=0.01s Real=0.01s
[629.939s][info][gc,marking     ] GC(1505) Concurrent Mark 553.136ms
[629.939s][info][gc,marking     ] GC(1505) Concurrent Rebuild Remembered Sets and Scrub Regions
[629.991s][info][gc,start       ] GC(1507) Pause Young (Normal) (G1 Evacuation Pause)
[629.991s][info][gc,task        ] GC(1507) Using 2 workers of 2 for evacuation
[630.032s][info][gc,phases      ] GC(1507)   Pre Evacuate Collection Set: 0.41ms
[630.032s][info][gc,phases      ] GC(1507)   Merge Heap Roots: 0.21ms
[630.032s][info][gc,phases      ] GC(1507)   Evacuate Collection Set: 40.04ms
[630.032s][info][gc,phases      ] GC(1507)   Post Evacuate Collection Set: 0.42ms
[630.032s][info][gc,phases      ] GC(1507)   Other: 0.08ms
[630.032s][info][gc,heap        ] GC(1507) Eden regions: 79->0(491)
[630.032s][info][gc,heap        ] GC(1507) Survivor regions: 17->12(12)
[630.032s][info][gc,heap        ] GC(1507) Old regions: 298->328
[630.032s][info][gc,heap        ] GC(1507) Humongous regions: 3->3
[630.032s][info][gc,metaspace   ] GC(1507) Metaspace: 19146K(19328K)->19146K(19328K) NonClass: 16485K(16576K)->16485K(16576K) Class: 2661K(2752K)->2661K(2752K)
[630.032s][info][gc             ] GC(1507) Pause Young (Normal) (G1 Evacuation Pause) 396M->342M(978M) 41.344ms
[630.032s][info][gc,cpu         ] GC(1507) User=0.08s Sys=0.00s Real=0.04s
[630.189s][info][gc,marking     ] GC(1505) Concurrent Rebuild Remembered Sets and Scrub Regions 249.223ms
[630.189s][info][gc,start       ] GC(1505) Pause Cleanup
[630.189s][info][gc             ] GC(1505) Pause Cleanup 392M->392M(978M) 0.085ms
[630.189s][info][gc,cpu         ] GC(1505) User=0.00s Sys=0.00s Real=0.00s
[630.189s][info][gc,marking     ] GC(1505) Concurrent Clear Claimed Marks
[630.189s][info][gc,marking     ] GC(1505) Concurrent Clear Claimed Marks 0.048ms
[630.189s][info][gc,marking     ] GC(1505) Concurrent Cleanup for Next Mark
[630.194s][info][gc,marking     ] GC(1505) Concurrent Cleanup for Next Mark 4.935ms
[630.194s][info][gc             ] GC(1505) Concurrent Mark Cycle 824.801ms
[630.747s][info][gc,start       ] GC(1508) Pause Young (Prepare Mixed) (G1 Evacuation Pause)
[630.747s][info][gc,task        ] GC(1508) Using 2 workers of 2 for evacuation
[630.792s][info][gc,phases      ] GC(1508)   Pre Evacuate Collection Set: 0.54ms
[630.792s][info][gc,phases      ] GC(1508)   Merge Heap Roots: 0.39ms
[630.792s][info][gc,phases      ] GC(1508)   Evacuate Collection Set: 42.81ms
[630.792s][info][gc,phases      ] GC(1508)   Post Evacuate Collection Set: 0.79ms
[630.792s][info][gc,phases      ] GC(1508)   Other: 0.11ms
[630.792s][info][gc,heap        ] GC(1508) Eden regions: 491->0(486)
[630.792s][info][gc,heap        ] GC(1508) Survivor regions: 12->32(63)
[630.792s][info][gc,heap        ] GC(1508) Old regions: 328->328
[630.792s][info][gc,heap        ] GC(1508) Humongous regions: 4->4
[630.792s][info][gc,metaspace   ] GC(1508) Metaspace: 19146K(19328K)->19146K(19328K) NonClass: 16485K(16576K)->16485K(16576K) Class: 2661K(2752K)->2661K(2752K)
[630.792s][info][gc             ] GC(1508) Pause Young (Prepare Mixed) (G1 Evacuation Pause) 834M->363M(978M) 44.871ms
[630.792s][info][gc,cpu         ] GC(1508) User=0.09s Sys=0.00s Real=0.04s
[631.345s][info][gc,start       ] GC(1509) Pause Young (Mixed) (G1 Evacuation Pause)
[631.346s][info][gc,task        ] GC(1509) Using 2 workers of 2 for evacuation
[631.560s][info][gc,mmu         ] GC(1509) MMU target violated: 201.0ms (200.0ms/201.0ms)
[631.560s][info][gc,phases      ] GC(1509)   Pre Evacuate Collection Set: 0.52ms
[631.560s][info][gc,phases      ] GC(1509)   Merge Heap Roots: 0.48ms
[631.560s][info][gc,phases      ] GC(1509)   Evacuate Collection Set: 198.53ms
[631.560s][info][gc,phases      ] GC(1509)   Post Evacuate Collection Set: 14.52ms
[631.560s][info][gc,phases      ] GC(1509)   Other: 0.18ms
[631.560s][info][gc,heap        ] GC(1509) Eden regions: 486->0(251)
[631.560s][info][gc,heap        ] GC(1509) Survivor regions: 32->65(65)
[631.560s][info][gc,heap        ] GC(1509) Old regions: 328->542
[631.560s][info][gc,heap        ] GC(1509) Humongous regions: 5->5
[631.560s][info][gc,metaspace   ] GC(1509) Metaspace: 19146K(19328K)->19146K(19328K) NonClass: 16485K(16576K)->16485K(16576K) Class: 2661K(2752K)->2661K(2752K)
[631.560s][info][gc             ] GC(1509) Pause Young (Mixed) (G1 Evacuation Pause) (Evacuation Failure: Allocation) 850M->611M(978M) 214.428ms
[631.560s][info][gc,cpu         ] GC(1509) User=0.43s Sys=0.00s Real=0.22s
[631.853s][info][gc,start       ] GC(1510) Pause Young (Concurrent Start) (G1 Evacuation Pause)
[631.853s][info][gc,task        ] GC(1510) Using 2 workers of 2 for evacuation
[632.004s][info][gc,phases      ] GC(1510)   Pre Evacuate Collection Set: 0.45ms
[632.004s][info][gc,phases      ] GC(1510)   Merge Heap Roots: 0.66ms
[632.004s][info][gc,phases      ] GC(1510)   Evacuate Collection Set: 142.99ms
[632.004s][info][gc,phases      ] GC(1510)   Post Evacuate Collection Set: 6.66ms
[632.004s][info][gc,phases      ] GC(1510)   Other: 0.20ms
[632.004s][info][gc,heap        ] GC(1510) Eden regions: 251->0(254)
[632.004s][info][gc,heap        ] GC(1510) Survivor regions: 65->24(40)
[632.004s][info][gc,heap        ] GC(1510) Old regions: 542->601
[632.004s][info][gc,heap        ] GC(1510) Humongous regions: 5->5
[632.004s][info][gc,metaspace   ] GC(1510) Metaspace: 19147K(19328K)->19147K(19328K) NonClass: 16486K(16576K)->16486K(16576K) Class: 2661K(2752K)->2661K(2752K)
[632.004s][info][gc             ] GC(1510) Pause Young (Concurrent Start) (G1 Evacuation Pause) (Evacuation Failure: Allocation) 862M->629M(978M) 151.168ms
[632.004s][info][gc             ] GC(1511) Concurrent Mark Cycle
[632.004s][info][gc,marking     ] GC(1511) Concurrent Scan Root Regions
[632.004s][info][gc,cpu         ] GC(1510) User=0.30s Sys=0.00s Real=0.15s
[632.163s][info][gc,marking     ] GC(1511) Concurrent Scan Root Regions 159.219ms
[632.164s][info][gc,marking     ] GC(1511) Concurrent Mark
[632.164s][info][gc,marking     ] GC(1511) Concurrent Mark From Roots
[632.164s][info][gc,task        ] GC(1511) Using 1 workers of 1 for marking
[632.421s][info][gc,start       ] GC(1512) Pause Young (Normal) (G1 Evacuation Pause)
[632.422s][info][gc,task        ] GC(1512) Using 2 workers of 2 for evacuation
[632.564s][info][gc,phases      ] GC(1512)   Pre Evacuate Collection Set: 0.53ms
[632.564s][info][gc,phases      ] GC(1512)   Merge Heap Roots: 0.33ms
[632.564s][info][gc,phases      ] GC(1512)   Evacuate Collection Set: 130.36ms
[632.564s][info][gc,phases      ] GC(1512)   Post Evacuate Collection Set: 10.88ms
[632.564s][info][gc,phases      ] GC(1512)   Other: 0.10ms
[632.564s][info][gc,heap        ] GC(1512) Eden regions: 254->0(197)
[632.564s][info][gc,heap        ] GC(1512) Survivor regions: 24->35(35)
[632.564s][info][gc,heap        ] GC(1512) Old regions: 601->655
[632.564s][info][gc,heap        ] GC(1512) Humongous regions: 5->5
[632.564s][info][gc,metaspace   ] GC(1512) Metaspace: 19147K(19328K)->19147K(19328K) NonClass: 16486K(16576K)->16486K(16576K) Class: 2661K(2752K)->2661K(2752K)
[632.564s][info][gc             ] GC(1512) Pause Young (Normal) (G1 Evacuation Pause) (Evacuation Failure: Allocation) 883M->694M(978M) 142.447ms
[632.564s][info][gc,cpu         ] GC(1512) User=0.28s Sys=0.00s Real=0.14s
[632.770s][info][gc,start       ] GC(1513) Pause Young (Normal) (G1 Evacuation Pause)
[632.770s][info][gc,task        ] GC(1513) Using 2 workers of 2 for evacuation
[632.921s][info][gc,phases      ] GC(1513)   Pre Evacuate Collection Set: 0.34ms
[632.921s][info][gc,phases      ] GC(1513)   Merge Heap Roots: 0.36ms
[632.921s][info][gc,phases      ] GC(1513)   Evacuate Collection Set: 131.21ms
[632.921s][info][gc,phases      ] GC(1513)   Post Evacuate Collection Set: 19.37ms
[632.921s][info][gc,phases      ] GC(1513)   Other: 0.10ms
[632.921s][info][gc,heap        ] GC(1513) Eden regions: 197->0(19)
[632.921s][info][gc,heap        ] GC(1513) Survivor regions: 35->29(29)
[632.921s][info][gc,heap        ] GC(1513) Old regions: 655->882
[632.921s][info][gc,heap        ] GC(1513) Humongous regions: 5->5
[632.921s][info][gc,metaspace   ] GC(1513) Metaspace: 19147K(19328K)->19147K(19328K) NonClass: 16486K(16576K)->16486K(16576K) Class: 2661K(2752K)->2661K(2752K)
[632.922s][info][gc             ] GC(1513) Pause Young (Normal) (G1 Evacuation Pause) (Evacuation Failure: Allocation) 891M->915M(978M) 151.642ms
[632.922s][info][gc,cpu         ] GC(1513) User=0.31s Sys=0.00s Real=0.15s
[632.961s][info][gc,start       ] GC(1514) Pause Young (Normal) (G1 Evacuation Pause)
[632.961s][info][gc,task        ] GC(1514) Using 2 workers of 2 for evacuation
[633.036s][info][gc,phases      ] GC(1514)   Pre Evacuate Collection Set: 0.35ms
[633.036s][info][gc,phases      ] GC(1514)   Merge Heap Roots: 0.52ms
[633.036s][info][gc,phases      ] GC(1514)   Evacuate Collection Set: 66.38ms
[633.036s][info][gc,phases      ] GC(1514)   Post Evacuate Collection Set: 7.60ms
[633.036s][info][gc,phases      ] GC(1514)   Other: 0.07ms
[633.036s][info][gc,heap        ] GC(1514) Eden regions: 19->0(104)
[633.036s][info][gc,heap        ] GC(1514) Survivor regions: 29->2(6)
[633.036s][info][gc,heap        ] GC(1514) Old regions: 882->806
[633.036s][info][gc,heap        ] GC(1514) Humongous regions: 5->5
[633.036s][info][gc,metaspace   ] GC(1514) Metaspace: 19147K(19328K)->19147K(19328K) NonClass: 16486K(16576K)->16486K(16576K) Class: 2661K(2752K)->2661K(2752K)
[633.037s][info][gc             ] GC(1514) Pause Young (Normal) (G1 Evacuation Pause) (Evacuation Failure: Allocation) 934M->812M(978M) 75.131ms
[633.037s][info][gc,cpu         ] GC(1514) User=0.15s Sys=0.00s Real=0.08s
[633.275s][info][gc,marking     ] GC(1511) Concurrent Mark From Roots 1111.448ms
[633.275s][info][gc,marking     ] GC(1511) Concurrent Preclean
[633.275s][info][gc,marking     ] GC(1511) Concurrent Preclean 0.037ms
[633.275s][info][gc,start       ] GC(1511) Pause Remark
[633.283s][info][gc             ] GC(1511) Pause Remark 886M->844M(978M) 7.939ms
[633.283s][info][gc,cpu         ] GC(1511) User=0.01s Sys=0.00s Real=0.01s
[633.284s][info][gc,marking     ] GC(1511) Concurrent Mark 1120.808ms
[633.284s][info][gc,marking     ] GC(1511) Concurrent Rebuild Remembered Sets and Scrub Regions
[633.320s][info][gc,start       ] GC(1515) Pause Young (Normal) (G1 Evacuation Pause)
[633.320s][info][gc,task        ] GC(1515) Using 2 workers of 2 for evacuation
[633.377s][info][gc,phases      ] GC(1515)   Pre Evacuate Collection Set: 0.46ms
[633.377s][info][gc,phases      ] GC(1515)   Merge Heap Roots: 0.64ms
[633.377s][info][gc,phases      ] GC(1515)   Evacuate Collection Set: 55.41ms
[633.377s][info][gc,phases      ] GC(1515)   Post Evacuate Collection Set: 0.54ms
[633.377s][info][gc,phases      ] GC(1515)   Other: 0.09ms
[633.377s][info][gc,heap        ] GC(1515) Eden regions: 104->0(206)
[633.377s][info][gc,heap        ] GC(1515) Survivor regions: 2->14(14)
[633.377s][info][gc,heap        ] GC(1515) Old regions: 765->659
[633.377s][info][gc,heap        ] GC(1515) Humongous regions: 4->4
[633.377s][info][gc,metaspace   ] GC(1515) Metaspace: 19147K(19328K)->19147K(19328K) NonClass: 16486K(16576K)->16486K(16576K) Class: 2661K(2752K)->2661K(2752K)
[633.377s][info][gc             ] GC(1515) Pause Young (Normal) (G1 Evacuation Pause) 874M->676M(978M) 57.317ms
[633.377s][info][gc,cpu         ] GC(1515) User=0.11s Sys=0.00s Real=0.06s
[633.632s][info][gc,start       ] GC(1516) Pause Young (Normal) (G1 Evacuation Pause)
[633.632s][info][gc,task        ] GC(1516) Using 2 workers of 2 for evacuation
[633.692s][info][gc,phases      ] GC(1516)   Pre Evacuate Collection Set: 0.28ms
[633.692s][info][gc,phases      ] GC(1516)   Merge Heap Roots: 0.69ms
[633.692s][info][gc,phases      ] GC(1516)   Evacuate Collection Set: 57.68ms
[633.692s][info][gc,phases      ] GC(1516)   Post Evacuate Collection Set: 0.63ms
[633.692s][info][gc,phases      ] GC(1516)   Other: 0.08ms
[633.692s][info][gc,heap        ] GC(1516) Eden regions: 206->0(198)
[633.692s][info][gc,heap        ] GC(1516) Survivor regions: 14->28(28)
[633.692s][info][gc,heap        ] GC(1516) Old regions: 659->658
[633.692s][info][gc,heap        ] GC(1516) Humongous regions: 7->7
[633.692s][info][gc,metaspace   ] GC(1516) Metaspace: 19147K(19328K)->19147K(19328K) NonClass: 16486K(16576K)->16486K(16576K) Class: 2661K(2752K)->2661K(2752K)
[633.692s][info][gc             ] GC(1516) Pause Young (Normal) (G1 Evacuation Pause) 885M->692M(978M) 59.592ms
[633.692s][info][gc,cpu         ] GC(1516) User=0.12s Sys=0.00s Real=0.06s
[633.858s][info][gc,marking     ] GC(1511) Concurrent Rebuild Remembered Sets and Scrub Regions 573.898ms
[633.858s][info][gc,start       ] GC(1511) Pause Cleanup
[633.859s][info][gc             ] GC(1511) Pause Cleanup 782M->782M(978M) 0.113ms
[633.859s][info][gc,cpu         ] GC(1511) User=0.00s Sys=0.00s Real=0.00s
[633.859s][info][gc,marking     ] GC(1511) Concurrent Clear Claimed Marks
[633.859s][info][gc,marking     ] GC(1511) Concurrent Clear Claimed Marks 0.032ms
[633.859s][info][gc,marking     ] GC(1511) Concurrent Cleanup for Next Mark
[633.865s][info][gc,marking     ] GC(1511) Concurrent Cleanup for Next Mark 6.081ms
[633.865s][info][gc             ] GC(1511) Concurrent Mark Cycle 1860.948ms
[633.954s][info][gc,start       ] GC(1517) Pause Young (Prepare Mixed) (G1 Evacuation Pause)
[633.954s][info][gc,task        ] GC(1517) Using 2 workers of 2 for evacuation
[634.054s][info][gc,phases      ] GC(1517)   Pre Evacuate Collection Set: 0.49ms
[634.054s][info][gc,phases      ] GC(1517)   Merge Heap Roots: 0.55ms
[634.054s][info][gc,phases      ] GC(1517)   Evacuate Collection Set: 98.52ms
[634.054s][info][gc,phases      ] GC(1517)   Post Evacuate Collection Set: 0.60ms
[634.054s][info][gc,phases      ] GC(1517)   Other: 0.08ms
[634.054s][info][gc,heap        ] GC(1517) Eden regions: 198->0(150)
[634.054s][info][gc,heap        ] GC(1517) Survivor regions: 28->29(29)
[634.054s][info][gc,heap        ] GC(1517) Old regions: 658->704
[634.054s][info][gc,heap        ] GC(1517) Humongous regions: 10->10
[634.054s][info][gc,metaspace   ] GC(1517) Metaspace: 19147K(19328K)->19147K(19328K) NonClass: 16486K(16576K)->16486K(16576K) Class: 2661K(2752K)->2661K(2752K)
[634.054s][info][gc             ] GC(1517) Pause Young (Prepare Mixed) (G1 Evacuation Pause) 893M->742M(978M) 100.508ms
[634.054s][info][gc,cpu         ] GC(1517) User=0.19s Sys=0.00s Real=0.10s
[634.164s][info][gc,start       ] GC(1518) Pause Young (Mixed) (G1 Evacuation Pause)
[634.164s][info][gc,task        ] GC(1518) Using 2 workers of 2 for evacuation
[634.283s][info][gc,phases      ] GC(1518)   Pre Evacuate Collection Set: 0.30ms
[634.283s][info][gc,phases      ] GC(1518)   Merge Heap Roots: 0.99ms
[634.283s][info][gc,phases      ] GC(1518)   Evacuate Collection Set: 117.15ms
[634.283s][info][gc,phases      ] GC(1518)   Post Evacuate Collection Set: 0.48ms
[634.283s][info][gc,phases      ] GC(1518)   Other: 0.10ms
[634.283s][info][gc,heap        ] GC(1518) Eden regions: 150->0(156)
[634.283s][info][gc,heap        ] GC(1518) Survivor regions: 29->23(23)
[634.283s][info][gc,heap        ] GC(1518) Old regions: 704->699
[634.283s][info][gc,heap        ] GC(1518) Humongous regions: 10->10
[634.283s][info][gc,metaspace   ] GC(1518) Metaspace: 19147K(19328K)->19147K(19328K) NonClass: 16486K(16576K)->16486K(16576K) Class: 2661K(2752K)->2661K(2752K)
[634.283s][info][gc             ] GC(1518) Pause Young (Mixed) (G1 Evacuation Pause) 892M->731M(978M) 119.286ms
[634.283s][info][gc,cpu         ] GC(1518) User=0.24s Sys=0.00s Real=0.12s
[634.383s][info][gc,start       ] GC(1519) Pause Young (Concurrent Start) (G1 Evacuation Pause)
[634.383s][info][gc,task        ] GC(1519) Using 2 workers of 2 for evacuation
[634.416s][info][gc,phases      ] GC(1519)   Pre Evacuate Collection Set: 0.28ms
[634.416s][info][gc,phases      ] GC(1519)   Merge Heap Roots: 0.20ms
[634.416s][info][gc,phases      ] GC(1519)   Evacuate Collection Set: 32.78ms
[634.416s][info][gc,phases      ] GC(1519)   Post Evacuate Collection Set: 0.39ms
[634.417s][info][gc,phases      ] GC(1519)   Other: 0.11ms
[634.417s][info][gc,heap        ] GC(1519) Eden regions: 156->0(164)
[634.417s][info][gc,heap        ] GC(1519) Survivor regions: 23->5(23)
[634.417s][info][gc,heap        ] GC(1519) Old regions: 699->722
[634.417s][info][gc,heap        ] GC(1519) Humongous regions: 10->10
[634.417s][info][gc,metaspace   ] GC(1519) Metaspace: 19147K(19328K)->19147K(19328K) NonClass: 16486K(16576K)->16486K(16576K) Class: 2661K(2752K)->2661K(2752K)
[634.417s][info][gc             ] GC(1519) Pause Young (Concurrent Start) (G1 Evacuation Pause) 887M->736M(978M) 33.998ms
[634.417s][info][gc,cpu         ] GC(1519) User=0.07s Sys=0.00s Real=0.04s
[634.417s][info][gc             ] GC(1520) Concurrent Mark Cycle
[634.417s][info][gc,marking     ] GC(1520) Concurrent Scan Root Regions
[634.472s][info][gc,marking     ] GC(1520) Concurrent Scan Root Regions 55.707ms
[634.472s][info][gc,marking     ] GC(1520) Concurrent Mark
[634.472s][info][gc,marking     ] GC(1520) Concurrent Mark From Roots
[634.472s][info][gc,task        ] GC(1520) Using 1 workers of 1 for marking
[634.599s][info][gc,start       ] GC(1521) Pause Young (Normal) (G1 Evacuation Pause)
[634.599s][info][gc,task        ] GC(1521) Using 2 workers of 2 for evacuation
[634.618s][info][gc,phases      ] GC(1521)   Pre Evacuate Collection Set: 0.49ms
[634.619s][info][gc,phases      ] GC(1521)   Merge Heap Roots: 0.27ms
[634.619s][info][gc,phases      ] GC(1521)   Evacuate Collection Set: 18.33ms
[634.619s][info][gc,phases      ] GC(1521)   Post Evacuate Collection Set: 0.38ms
[634.619s][info][gc,phases      ] GC(1521)   Other: 0.11ms
[634.619s][info][gc,heap        ] GC(1521) Eden regions: 164->0(170)
[634.619s][info][gc,heap        ] GC(1521) Survivor regions: 5->9(22)
[634.619s][info][gc,heap        ] GC(1521) Old regions: 722->722
[634.619s][info][gc,heap        ] GC(1521) Humongous regions: 10->10
[634.619s][info][gc,metaspace   ] GC(1521) Metaspace: 19147K(19328K)->19147K(19328K) NonClass: 16486K(16576K)->16486K(16576K) Class: 2661K(2752K)->2661K(2752K)
[634.619s][info][gc             ] GC(1521) Pause Young (Normal) (G1 Evacuation Pause) 900M->740M(978M) 19.848ms
[634.619s][info][gc,cpu         ] GC(1521) User=0.04s Sys=0.00s Real=0.02s
[634.809s][info][gc,start       ] GC(1522) Pause Young (Normal) (G1 Evacuation Pause)
[634.809s][info][gc,task        ] GC(1522) Using 2 workers of 2 for evacuation
[634.828s][info][gc,phases      ] GC(1522)   Pre Evacuate Collection Set: 0.48ms
[634.828s][info][gc,phases      ] GC(1522)   Merge Heap Roots: 0.24ms
[634.828s][info][gc,phases      ] GC(1522)   Evacuate Collection Set: 18.22ms
[634.828s][info][gc,phases      ] GC(1522)   Post Evacuate Collection Set: 0.42ms
[634.828s][info][gc,phases      ] GC(1522)   Other: 0.07ms
[634.828s][info][gc,heap        ] GC(1522) Eden regions: 170->0(172)
[634.828s][info][gc,heap        ] GC(1522) Survivor regions: 9->12(23)
[634.828s][info][gc,heap        ] GC(1522) Old regions: 722->722
[634.828s][info][gc,heap        ] GC(1522) Humongous regions: 10->10
[634.828s][info][gc,metaspace   ] GC(1522) Metaspace: 19147K(19328K)->19147K(19328K) NonClass: 16486K(16576K)->16486K(16576K) Class: 2661K(2752K)->2661K(2752K)
[634.828s][info][gc             ] GC(1522) Pause Young (Normal) (G1 Evacuation Pause) 910M->743M(978M) 19.624ms
[634.828s][info][gc,cpu         ] GC(1522) User=0.04s Sys=0.00s Real=0.02s
[635.117s][info][gc,start       ] GC(1523) Pause Young (Normal) (G1 Evacuation Pause)
[635.117s][info][gc,task        ] GC(1523) Using 2 workers of 2 for evacuation
[635.163s][info][gc,phases      ] GC(1523)   Pre Evacuate Collection Set: 0.48ms
[635.163s][info][gc,phases      ] GC(1523)   Merge Heap Roots: 0.22ms
[635.163s][info][gc,phases      ] GC(1523)   Evacuate Collection Set: 44.84ms
[635.163s][info][gc,phases      ] GC(1523)   Post Evacuate Collection Set: 0.42ms
[635.163s][info][gc,phases      ] GC(1523)   Other: 0.07ms
[635.163s][info][gc,heap        ] GC(1523) Eden regions: 172->0(132)
[635.163s][info][gc,heap        ] GC(1523) Survivor regions: 12->23(23)
[635.163s][info][gc,heap        ] GC(1523) Old regions: 722->740
[635.163s][info][gc,heap        ] GC(1523) Humongous regions: 10->10
[635.163s][info][gc,metaspace   ] GC(1523) Metaspace: 19147K(19328K)->19147K(19328K) NonClass: 16486K(16576K)->16486K(16576K) Class: 2661K(2752K)->2661K(2752K)
[635.163s][info][gc             ] GC(1523) Pause Young (Normal) (G1 Evacuation Pause) 915M->772M(978M) 46.219ms
[635.163s][info][gc,cpu         ] GC(1523) User=0.09s Sys=0.00s Real=0.04s
[635.321s][info][gc,marking     ] GC(1520) Concurrent Mark From Roots 848.511ms
[635.321s][info][gc,marking     ] GC(1520) Concurrent Preclean
[635.321s][info][gc,marking     ] GC(1520) Concurrent Preclean 0.039ms
[635.321s][info][gc,start       ] GC(1520) Pause Remark
[635.329s][info][gc             ] GC(1520) Pause Remark 864M->475M(978M) 8.019ms
[635.329s][info][gc,cpu         ] GC(1520) User=0.02s Sys=0.00s Real=0.01s
[635.329s][info][gc,marking     ] GC(1520) Concurrent Mark 856.879ms
[635.329s][info][gc,marking     ] GC(1520) Concurrent Rebuild Remembered Sets and Scrub Regions
[635.603s][info][gc,marking     ] GC(1520) Concurrent Rebuild Remembered Sets and Scrub Regions 273.554ms
[635.603s][info][gc,start       ] GC(1520) Pause Cleanup
[635.603s][info][gc             ] GC(1520) Pause Cleanup 503M->503M(978M) 0.105ms
[635.603s][info][gc,cpu         ] GC(1520) User=0.00s Sys=0.00s Real=0.00s
[635.605s][info][gc,marking     ] GC(1520) Concurrent Clear Claimed Marks
[635.605s][info][gc,marking     ] GC(1520) Concurrent Clear Claimed Marks 0.052ms
[635.605s][info][gc,marking     ] GC(1520) Concurrent Cleanup for Next Mark
[635.610s][info][gc,marking     ] GC(1520) Concurrent Cleanup for Next Mark 4.774ms
[635.610s][info][gc             ] GC(1520) Concurrent Mark Cycle 1193.589ms
[635.664s][info][gc,start       ] GC(1524) Pause Young (Prepare Mixed) (G1 Evacuation Pause)
[635.664s][info][gc,task        ] GC(1524) Using 2 workers of 2 for evacuation
[635.707s][info][gc,phases      ] GC(1524)   Pre Evacuate Collection Set: 0.29ms
[635.707s][info][gc,phases      ] GC(1524)   Merge Heap Roots: 0.37ms
[635.707s][info][gc,phases      ] GC(1524)   Evacuate Collection Set: 41.77ms
[635.707s][info][gc,phases      ] GC(1524)   Post Evacuate Collection Set: 0.44ms
[635.707s][info][gc,phases      ] GC(1524)   Other: 0.09ms
[635.707s][info][gc,heap        ] GC(1524) Eden regions: 132->0(371)
[635.707s][info][gc,heap        ] GC(1524) Survivor regions: 23->14(20)
[635.707s][info][gc,heap        ] GC(1524) Old regions: 357->381
[635.707s][info][gc,heap        ] GC(1524) Humongous regions: 4->4
[635.707s][info][gc,metaspace   ] GC(1524) Metaspace: 19147K(19328K)->19147K(19328K) NonClass: 16486K(16576K)->16486K(16576K) Class: 2661K(2752K)->2661K(2752K)
[635.707s][info][gc             ] GC(1524) Pause Young (Prepare Mixed) (G1 Evacuation Pause) 515M->397M(978M) 43.194ms
[635.707s][info][gc,cpu         ] GC(1524) User=0.08s Sys=0.00s Real=0.05s
[636.546s][info][gc,start       ] GC(1525) Pause Young (Mixed) (G1 Evacuation Pause)
[636.546s][info][gc,task        ] GC(1525) Using 2 workers of 2 for evacuation
[636.581s][info][gc,phases      ] GC(1525)   Pre Evacuate Collection Set: 0.52ms
[636.581s][info][gc,phases      ] GC(1525)   Merge Heap Roots: 0.39ms
[636.581s][info][gc,phases      ] GC(1525)   Evacuate Collection Set: 33.45ms
[636.581s][info][gc,phases      ] GC(1525)   Post Evacuate Collection Set: 0.60ms
[636.581s][info][gc,phases      ] GC(1525)   Other: 0.11ms
[636.581s][info][gc,heap        ] GC(1525) Eden regions: 371->0(419)
[636.581s][info][gc,heap        ] GC(1525) Survivor regions: 14->14(49)
[636.581s][info][gc,heap        ] GC(1525) Old regions: 381->340
[636.581s][info][gc,heap        ] GC(1525) Humongous regions: 4->4
[636.581s][info][gc,metaspace   ] GC(1525) Metaspace: 19147K(19328K)->19147K(19328K) NonClass: 16486K(16576K)->16486K(16576K) Class: 2661K(2752K)->2661K(2752K)
[636.581s][info][gc             ] GC(1525) Pause Young (Mixed) (G1 Evacuation Pause) 768M->356M(978M) 35.288ms
[636.581s][info][gc,cpu         ] GC(1525) User=0.07s Sys=0.00s Real=0.04s
[637.320s][info][gc,start       ] GC(1526) Pause Young (Concurrent Start) (G1 Evacuation Pause)
[637.320s][info][gc,task        ] GC(1526) Using 2 workers of 2 for evacuation
[637.392s][info][gc,phases      ] GC(1526)   Pre Evacuate Collection Set: 0.25ms
[637.392s][info][gc,phases      ] GC(1526)   Merge Heap Roots: 0.63ms
[637.392s][info][gc,phases      ] GC(1526)   Evacuate Collection Set: 70.71ms
[637.392s][info][gc,phases      ] GC(1526)   Post Evacuate Collection Set: 0.71ms
[637.392s][info][gc,phases      ] GC(1526)   Other: 0.12ms
[637.392s][info][gc,heap        ] GC(1526) Eden regions: 419->0(393)
[637.392s][info][gc,heap        ] GC(1526) Survivor regions: 14->55(55)
[637.392s][info][gc,heap        ] GC(1526) Old regions: 340->345
[637.392s][info][gc,heap        ] GC(1526) Humongous regions: 4->4
[637.392s][info][gc,metaspace   ] GC(1526) Metaspace: 19147K(19328K)->19147K(19328K) NonClass: 16486K(16576K)->16486K(16576K) Class: 2661K(2752K)->2661K(2752K)
[637.392s][info][gc             ] GC(1526) Pause Young (Concurrent Start) (G1 Evacuation Pause) 775M->403M(978M) 72.587ms
[637.392s][info][gc,cpu         ] GC(1526) User=0.15s Sys=0.00s Real=0.07s
[637.392s][info][gc             ] GC(1527) Concurrent Mark Cycle
[637.392s][info][gc,marking     ] GC(1527) Concurrent Scan Root Regions
[637.468s][info][gc,marking     ] GC(1527) Concurrent Scan Root Regions 75.946ms
[637.468s][info][gc,marking     ] GC(1527) Concurrent Mark
[637.468s][info][gc,marking     ] GC(1527) Concurrent Mark From Roots
[637.468s][info][gc,task        ] GC(1527) Using 1 workers of 1 for marking
[637.869s][info][gc,start       ] GC(1528) Pause Young (Normal) (G1 Evacuation Pause)
[637.869s][info][gc,task        ] GC(1528) Using 2 workers of 2 for evacuation
[637.985s][info][gc,phases      ] GC(1528)   Pre Evacuate Collection Set: 0.48ms
[637.985s][info][gc,phases      ] GC(1528)   Merge Heap Roots: 0.30ms
[637.985s][info][gc,phases      ] GC(1528)   Evacuate Collection Set: 114.50ms
[637.985s][info][gc,phases      ] GC(1528)   Post Evacuate Collection Set: 0.80ms
[637.985s][info][gc,phases      ] GC(1528)   Other: 0.10ms
[637.985s][info][gc,heap        ] GC(1528) Eden regions: 393->0(337)
[637.985s][info][gc,heap        ] GC(1528) Survivor regions: 55->56(56)
[637.985s][info][gc,heap        ] GC(1528) Old regions: 345->420
[637.985s][info][gc,heap        ] GC(1528) Humongous regions: 4->4
[637.985s][info][gc,metaspace   ] GC(1528) Metaspace: 19147K(19328K)->19147K(19328K) NonClass: 16486K(16576K)->16486K(16576K) Class: 2661K(2752K)->2661K(2752K)
[637.985s][info][gc             ] GC(1528) Pause Young (Normal) (G1 Evacuation Pause) 796M->479M(978M) 116.447ms
[637.985s][info][gc,cpu         ] GC(1528) User=0.23s Sys=0.00s Real=0.11s
[638.405s][info][gc,marking     ] GC(1527) Concurrent Mark From Roots 936.862ms
[638.405s][info][gc,marking     ] GC(1527) Concurrent Preclean
[638.405s][info][gc,marking     ] GC(1527) Concurrent Preclean 0.039ms
[638.405s][info][gc,start       ] GC(1527) Pause Remark
[638.413s][info][gc             ] GC(1527) Pause Remark 756M->741M(978M) 7.726ms
[638.413s][info][gc,cpu         ] GC(1527) User=0.01s Sys=0.00s Real=0.01s
[638.413s][info][gc,marking     ] GC(1527) Concurrent Mark 945.001ms
[638.413s][info][gc,marking     ] GC(1527) Concurrent Rebuild Remembered Sets and Scrub Regions
[638.505s][info][gc,start       ] GC(1529) Pause Young (Normal) (G1 Evacuation Pause)
[638.505s][info][gc,task        ] GC(1529) Using 2 workers of 2 for evacuation
[638.632s][info][gc,phases      ] GC(1529)   Pre Evacuate Collection Set: 0.45ms
[638.632s][info][gc,phases      ] GC(1529)   Merge Heap Roots: 1.03ms
[638.632s][info][gc,phases      ] GC(1529)   Evacuate Collection Set: 124.10ms
[638.632s][info][gc,phases      ] GC(1529)   Post Evacuate Collection Set: 0.74ms
[638.632s][info][gc,phases      ] GC(1529)   Other: 0.09ms
[638.632s][info][gc,heap        ] GC(1529) Eden regions: 337->0(308)
[638.632s][info][gc,heap        ] GC(1529) Survivor regions: 56->50(50)
[638.632s][info][gc,heap        ] GC(1529) Old regions: 405->461
[638.632s][info][gc,heap        ] GC(1529) Humongous regions: 8->8
[638.632s][info][gc,metaspace   ] GC(1529) Metaspace: 19147K(19328K)->19147K(19328K) NonClass: 16486K(16576K)->16486K(16576K) Class: 2661K(2752K)->2661K(2752K)
[638.632s][info][gc             ] GC(1529) Pause Young (Normal) (G1 Evacuation Pause) 805M->518M(978M) 126.632ms
[638.632s][info][gc,cpu         ] GC(1529) User=0.25s Sys=0.00s Real=0.13s
[638.833s][info][gc,marking     ] GC(1527) Concurrent Rebuild Remembered Sets and Scrub Regions 419.913ms
[638.833s][info][gc,start       ] GC(1527) Pause Cleanup
[638.834s][info][gc             ] GC(1527) Pause Cleanup 694M->694M(978M) 0.099ms
[638.834s][info][gc,cpu         ] GC(1527) User=0.00s Sys=0.00s Real=0.00s
[638.834s][info][gc,marking     ] GC(1527) Concurrent Clear Claimed Marks
[638.834s][info][gc,marking     ] GC(1527) Concurrent Clear Claimed Marks 0.038ms
[638.834s][info][gc,marking     ] GC(1527) Concurrent Cleanup for Next Mark
[638.840s][info][gc,marking     ] GC(1527) Concurrent Cleanup for Next Mark 6.434ms
[638.840s][info][gc             ] GC(1527) Concurrent Mark Cycle 1447.917ms
[638.915s][info][gc,start       ] GC(1530) Pause Young (Prepare Mixed) (G1 Evacuation Pause)
[638.915s][info][gc,task        ] GC(1530) Using 2 workers of 2 for evacuation
[639.015s][info][gc,phases      ] GC(1530)   Pre Evacuate Collection Set: 0.54ms
[639.015s][info][gc,phases      ] GC(1530)   Merge Heap Roots: 0.46ms
[639.015s][info][gc,phases      ] GC(1530)   Evacuate Collection Set: 98.43ms
[639.015s][info][gc,phases      ] GC(1530)   Post Evacuate Collection Set: 0.62ms
[639.015s][info][gc,phases      ] GC(1530)   Other: 0.08ms
[639.015s][info][gc,heap        ] GC(1530) Eden regions: 308->0(296)
[639.015s][info][gc,heap        ] GC(1530) Survivor regions: 50->29(45)
[639.015s][info][gc,heap        ] GC(1530) Old regions: 461->511
[639.015s][info][gc,heap        ] GC(1530) Humongous regions: 8->8
[639.015s][info][gc,metaspace   ] GC(1530) Metaspace: 19147K(19328K)->19147K(19328K) NonClass: 16486K(16576K)->16486K(16576K) Class: 2661K(2752K)->2661K(2752K)
[639.015s][info][gc             ] GC(1530) Pause Young (Prepare Mixed) (G1 Evacuation Pause) 826M->547M(978M) 100.389ms
[639.015s][info][gc,cpu         ] GC(1530) User=0.20s Sys=0.00s Real=0.10s
[639.312s][info][gc,start       ] GC(1531) Pause Young (Mixed) (G1 Evacuation Pause)
[639.312s][info][gc,task        ] GC(1531) Using 2 workers of 2 for evacuation
[639.356s][info][gc,phases      ] GC(1531)   Pre Evacuate Collection Set: 0.32ms
[639.356s][info][gc,phases      ] GC(1531)   Merge Heap Roots: 0.26ms
[639.356s][info][gc,phases      ] GC(1531)   Evacuate Collection Set: 41.97ms
[639.356s][info][gc,phases      ] GC(1531)   Post Evacuate Collection Set: 0.56ms
[639.356s][info][gc,phases      ] GC(1531)   Other: 0.09ms
[639.356s][info][gc,heap        ] GC(1531) Eden regions: 296->0(312)
[639.356s][info][gc,heap        ] GC(1531) Survivor regions: 29->10(41)
[639.356s][info][gc,heap        ] GC(1531) Old regions: 511->531
[639.356s][info][gc,heap        ] GC(1531) Humongous regions: 8->8
[639.356s][info][gc,metaspace   ] GC(1531) Metaspace: 19147K(19328K)->19147K(19328K) NonClass: 16486K(16576K)->16486K(16576K) Class: 2661K(2752K)->2661K(2752K)
[639.356s][info][gc             ] GC(1531) Pause Young (Mixed) (G1 Evacuation Pause) 843M->548M(978M) 43.476ms
[639.356s][info][gc,cpu         ] GC(1531) User=0.08s Sys=0.00s Real=0.04s
[639.699s][info][gc,start       ] GC(1532) Pause Young (Concurrent Start) (G1 Evacuation Pause)
[639.700s][info][gc,task        ] GC(1532) Using 2 workers of 2 for evacuation
[639.763s][info][gc,phases      ] GC(1532)   Pre Evacuate Collection Set: 0.33ms
[639.763s][info][gc,phases      ] GC(1532)   Merge Heap Roots: 0.42ms
[639.763s][info][gc,phases      ] GC(1532)   Evacuate Collection Set: 61.55ms
[639.763s][info][gc,phases      ] GC(1532)   Post Evacuate Collection Set: 0.64ms
[639.763s][info][gc,phases      ] GC(1532)   Other: 0.19ms
[639.763s][info][gc,heap        ] GC(1532) Eden regions: 312->0(275)
[639.763s][info][gc,heap        ] GC(1532) Survivor regions: 10->41(41)
[639.763s][info][gc,heap        ] GC(1532) Old regions: 531->541
[639.763s][info][gc,heap        ] GC(1532) Humongous regions: 8->8
[639.763s][info][gc,metaspace   ] GC(1532) Metaspace: 19147K(19328K)->19147K(19328K) NonClass: 16486K(16576K)->16486K(16576K) Class: 2661K(2752K)->2661K(2752K)
[639.763s][info][gc             ] GC(1532) Pause Young (Concurrent Start) (G1 Evacuation Pause) 860M->589M(978M) 63.390ms
[639.763s][info][gc,cpu         ] GC(1532) User=0.12s Sys=0.00s Real=0.06s
[639.763s][info][gc             ] GC(1533) Concurrent Mark Cycle
[639.763s][info][gc,marking     ] GC(1533) Concurrent Scan Root Regions
[639.843s][info][gc,marking     ] GC(1533) Concurrent Scan Root Regions 80.402ms
[639.843s][info][gc,marking     ] GC(1533) Concurrent Mark
[639.843s][info][gc,marking     ] GC(1533) Concurrent Mark From Roots
[639.843s][info][gc,task        ] GC(1533) Using 1 workers of 1 for marking
[640.406s][info][gc,start       ] GC(1534) Pause Young (Normal) (G1 Evacuation Pause)
[640.406s][info][gc,task        ] GC(1534) Using 2 workers of 2 for evacuation
[640.514s][info][gc,phases      ] GC(1534)   Pre Evacuate Collection Set: 0.29ms
[640.514s][info][gc,phases      ] GC(1534)   Merge Heap Roots: 0.28ms
[640.514s][info][gc,phases      ] GC(1534)   Evacuate Collection Set: 106.26ms
[640.514s][info][gc,phases      ] GC(1534)   Post Evacuate Collection Set: 1.18ms
[640.514s][info][gc,phases      ] GC(1534)   Other: 0.10ms
[640.514s][info][gc,heap        ] GC(1534) Eden regions: 275->0(199)
[640.514s][info][gc,heap        ] GC(1534) Survivor regions: 41->40(40)
[640.514s][info][gc,heap        ] GC(1534) Old regions: 541->621
[640.514s][info][gc,heap        ] GC(1534) Humongous regions: 8->8
[640.514s][info][gc,metaspace   ] GC(1534) Metaspace: 19147K(19328K)->19147K(19328K) NonClass: 16486K(16576K)->16486K(16576K) Class: 2661K(2752K)->2661K(2752K)
[640.514s][info][gc             ] GC(1534) Pause Young (Normal) (G1 Evacuation Pause) (Evacuation Failure: Allocation) 864M->668M(978M) 108.396ms
[640.514s][info][gc,cpu         ] GC(1534) User=0.22s Sys=0.00s Real=0.11s
[640.841s][info][gc,marking     ] GC(1533) Concurrent Mark From Roots 997.389ms
[640.841s][info][gc,marking     ] GC(1533) Concurrent Preclean
[640.841s][info][gc,marking     ] GC(1533) Concurrent Preclean 0.041ms
[640.841s][info][gc,start       ] GC(1533) Pause Remark
[640.849s][info][gc             ] GC(1533) Pause Remark 807M->744M(978M) 8.295ms
[640.849s][info][gc,cpu         ] GC(1533) User=0.02s Sys=0.00s Real=0.01s
[640.851s][info][gc,marking     ] GC(1533) Concurrent Mark 1007.921ms
[640.851s][info][gc,marking     ] GC(1533) Concurrent Rebuild Remembered Sets and Scrub Regions
[641.069s][info][gc,start       ] GC(1535) Pause Young (Normal) (G1 Evacuation Pause)
[641.069s][info][gc,task        ] GC(1535) Using 2 workers of 2 for evacuation
[641.149s][info][gc,phases      ] GC(1535)   Pre Evacuate Collection Set: 0.28ms
[641.149s][info][gc,phases      ] GC(1535)   Merge Heap Roots: 0.46ms
[641.149s][info][gc,phases      ] GC(1535)   Evacuate Collection Set: 78.88ms
[641.149s][info][gc,phases      ] GC(1535)   Post Evacuate Collection Set: 0.54ms
[641.149s][info][gc,phases      ] GC(1535)   Other: 0.11ms
[641.149s][info][gc,heap        ] GC(1535) Eden regions: 199->0(234)
[641.149s][info][gc,heap        ] GC(1535) Survivor regions: 40->21(30)
[641.149s][info][gc,heap        ] GC(1535) Old regions: 561->596
[641.149s][info][gc,heap        ] GC(1535) Humongous regions: 8->8
[641.149s][info][gc,metaspace   ] GC(1535) Metaspace: 19147K(19328K)->19147K(19328K) NonClass: 16486K(16576K)->16486K(16576K) Class: 2661K(2752K)->2661K(2752K)
[641.149s][info][gc             ] GC(1535) Pause Young (Normal) (G1 Evacuation Pause) 807M->624M(978M) 80.578ms
[641.149s][info][gc,cpu         ] GC(1535) User=0.16s Sys=0.00s Real=0.08s
[641.260s][info][gc,marking     ] GC(1533) Concurrent Rebuild Remembered Sets and Scrub Regions 408.691ms
[641.260s][info][gc,start       ] GC(1533) Pause Cleanup
[641.260s][info][gc             ] GC(1533) Pause Cleanup 677M->677M(978M) 0.163ms
[641.260s][info][gc,cpu         ] GC(1533) User=0.00s Sys=0.00s Real=0.00s
[641.262s][info][gc,marking     ] GC(1533) Concurrent Clear Claimed Marks
[641.262s][info][gc,marking     ] GC(1533) Concurrent Clear Claimed Marks 0.057ms
[641.262s][info][gc,marking     ] GC(1533) Concurrent Cleanup for Next Mark
[641.267s][info][gc,marking     ] GC(1533) Concurrent Cleanup for Next Mark 4.876ms
[641.267s][info][gc             ] GC(1533) Concurrent Mark Cycle 1504.449ms
[641.462s][info][gc,start       ] GC(1536) Pause Young (Prepare Mixed) (G1 Evacuation Pause)
[641.462s][info][gc,task        ] GC(1536) Using 2 workers of 2 for evacuation
[641.540s][info][gc,phases      ] GC(1536)   Pre Evacuate Collection Set: 0.32ms
[641.540s][info][gc,phases      ] GC(1536)   Merge Heap Roots: 0.45ms
[641.540s][info][gc,phases      ] GC(1536)   Evacuate Collection Set: 76.26ms
[641.540s][info][gc,phases      ] GC(1536)   Post Evacuate Collection Set: 0.54ms
[641.540s][info][gc,phases      ] GC(1536)   Other: 0.11ms
[641.540s][info][gc,heap        ] GC(1536) Eden regions: 234->0(210)
[641.540s][info][gc,heap        ] GC(1536) Survivor regions: 21->32(32)
[641.540s][info][gc,heap        ] GC(1536) Old regions: 596->623
[641.540s][info][gc,heap        ] GC(1536) Humongous regions: 8->8
[641.540s][info][gc,metaspace   ] GC(1536) Metaspace: 19147K(19328K)->19147K(19328K) NonClass: 16486K(16576K)->16486K(16576K) Class: 2661K(2752K)->2661K(2752K)
[641.540s][info][gc             ] GC(1536) Pause Young (Prepare Mixed) (G1 Evacuation Pause) 858M->662M(978M) 77.973ms
[641.540s][info][gc,cpu         ] GC(1536) User=0.15s Sys=0.00s Real=0.08s
[641.741s][info][gc,start       ] GC(1537) Pause Young (Mixed) (G1 Evacuation Pause)
[641.741s][info][gc,task        ] GC(1537) Using 2 workers of 2 for evacuation
[641.800s][info][gc,phases      ] GC(1537)   Pre Evacuate Collection Set: 0.34ms
[641.800s][info][gc,phases      ] GC(1537)   Merge Heap Roots: 0.59ms
[641.800s][info][gc,phases      ] GC(1537)   Evacuate Collection Set: 56.85ms
[641.800s][info][gc,phases      ] GC(1537)   Post Evacuate Collection Set: 0.75ms
[641.800s][info][gc,phases      ] GC(1537)   Other: 0.08ms
[641.800s][info][gc,heap        ] GC(1537) Eden regions: 210->0(276)
[641.800s][info][gc,heap        ] GC(1537) Survivor regions: 32->2(31)
[641.800s][info][gc,heap        ] GC(1537) Old regions: 623->571
[641.800s][info][gc,heap        ] GC(1537) Humongous regions: 8->8
[641.800s][info][gc,metaspace   ] GC(1537) Metaspace: 19147K(19328K)->19147K(19328K) NonClass: 16486K(16576K)->16486K(16576K) Class: 2661K(2752K)->2661K(2752K)
[641.800s][info][gc             ] GC(1537) Pause Young (Mixed) (G1 Evacuation Pause) 872M->579M(978M) 58.869ms
[641.800s][info][gc,cpu         ] GC(1537) User=0.12s Sys=0.00s Real=0.06s
[642.186s][info][gc,start       ] GC(1538) Pause Young (Mixed) (G1 Evacuation Pause)
[642.186s][info][gc,task        ] GC(1538) Using 2 workers of 2 for evacuation
[642.289s][info][gc,phases      ] GC(1538)   Pre Evacuate Collection Set: 0.29ms
[642.289s][info][gc,phases      ] GC(1538)   Merge Heap Roots: 1.38ms
[642.289s][info][gc,phases      ] GC(1538)   Evacuate Collection Set: 100.58ms
[642.289s][info][gc,phases      ] GC(1538)   Post Evacuate Collection Set: 0.50ms
[642.289s][info][gc,phases      ] GC(1538)   Other: 0.07ms
[642.289s][info][gc,heap        ] GC(1538) Eden regions: 276->0(261)
[642.289s][info][gc,heap        ] GC(1538) Survivor regions: 2->29(35)
[642.289s][info][gc,heap        ] GC(1538) Old regions: 571->570
[642.289s][info][gc,heap        ] GC(1538) Humongous regions: 8->8
[642.289s][info][gc,metaspace   ] GC(1538) Metaspace: 19147K(19328K)->19147K(19328K) NonClass: 16486K(16576K)->16486K(16576K) Class: 2661K(2752K)->2661K(2752K)
[642.289s][info][gc             ] GC(1538) Pause Young (Mixed) (G1 Evacuation Pause) 855M->606M(978M) 103.065ms
[642.289s][info][gc,cpu         ] GC(1538) User=0.21s Sys=0.00s Real=0.11s
[642.711s][info][gc,start       ] GC(1539) Pause Young (Concurrent Start) (G1 Evacuation Pause)
[642.711s][info][gc,task        ] GC(1539) Using 2 workers of 2 for evacuation
[642.799s][info][gc,phases      ] GC(1539)   Pre Evacuate Collection Set: 0.34ms
[642.800s][info][gc,phases      ] GC(1539)   Merge Heap Roots: 0.48ms
[642.800s][info][gc,phases      ] GC(1539)   Evacuate Collection Set: 86.50ms
[642.800s][info][gc,phases      ] GC(1539)   Post Evacuate Collection Set: 0.62ms
[642.800s][info][gc,phases      ] GC(1539)   Other: 0.20ms
[642.800s][info][gc,heap        ] GC(1539) Eden regions: 261->0(212)
[642.800s][info][gc,heap        ] GC(1539) Survivor regions: 29->37(37)
[642.800s][info][gc,heap        ] GC(1539) Old regions: 570->614
[642.800s][info][gc,heap        ] GC(1539) Humongous regions: 8->8
[642.800s][info][gc,metaspace   ] GC(1539) Metaspace: 19147K(19328K)->19147K(19328K) NonClass: 16486K(16576K)->16486K(16576K) Class: 2661K(2752K)->2661K(2752K)
[642.800s][info][gc             ] GC(1539) Pause Young (Concurrent Start) (G1 Evacuation Pause) 867M->658M(978M) 88.364ms
[642.800s][info][gc,cpu         ] GC(1539) User=0.18s Sys=0.00s Real=0.09s
[642.800s][info][gc             ] GC(1540) Concurrent Mark Cycle
[642.800s][info][gc,marking     ] GC(1540) Concurrent Scan Root Regions
[642.906s][info][gc,marking     ] GC(1540) Concurrent Scan Root Regions 106.263ms
[642.906s][info][gc,marking     ] GC(1540) Concurrent Mark
[642.906s][info][gc,marking     ] GC(1540) Concurrent Mark From Roots
[642.906s][info][gc,task        ] GC(1540) Using 1 workers of 1 for marking
[643.218s][info][gc,start       ] GC(1541) Pause Young (Normal) (G1 Evacuation Pause)
[643.219s][info][gc,task        ] GC(1541) Using 2 workers of 2 for evacuation
[643.280s][info][gc,phases      ] GC(1541)   Pre Evacuate Collection Set: 0.27ms
[643.280s][info][gc,phases      ] GC(1541)   Merge Heap Roots: 0.32ms
[643.280s][info][gc,phases      ] GC(1541)   Evacuate Collection Set: 59.77ms
[643.280s][info][gc,phases      ] GC(1541)   Post Evacuate Collection Set: 0.54ms
[643.280s][info][gc,phases      ] GC(1541)   Other: 0.07ms
[643.280s][info][gc,heap        ] GC(1541) Eden regions: 212->0(193)
[643.280s][info][gc,heap        ] GC(1541) Survivor regions: 37->29(32)
[643.280s][info][gc,heap        ] GC(1541) Old regions: 614->651
[643.280s][info][gc,heap        ] GC(1541) Humongous regions: 8->8
[643.280s][info][gc,metaspace   ] GC(1541) Metaspace: 19147K(19328K)->19147K(19328K) NonClass: 16486K(16576K)->16486K(16576K) Class: 2661K(2752K)->2661K(2752K)
[643.280s][info][gc             ] GC(1541) Pause Young (Normal) (G1 Evacuation Pause) 870M->687M(978M) 61.222ms
[643.280s][info][gc,cpu         ] GC(1541) User=0.12s Sys=0.00s Real=0.06s
[643.653s][info][gc,start       ] GC(1542) Pause Young (Normal) (G1 Evacuation Pause)
[643.653s][info][gc,task        ] GC(1542) Using 2 workers of 2 for evacuation
[643.734s][info][gc,phases      ] GC(1542)   Pre Evacuate Collection Set: 0.52ms
[643.734s][info][gc,phases      ] GC(1542)   Merge Heap Roots: 0.34ms
[643.734s][info][gc,phases      ] GC(1542)   Evacuate Collection Set: 79.35ms
[643.734s][info][gc,phases      ] GC(1542)   Post Evacuate Collection Set: 0.55ms
[643.734s][info][gc,phases      ] GC(1542)   Other: 0.08ms
[643.734s][info][gc,heap        ] GC(1542) Eden regions: 193->0(158)
[643.734s][info][gc,heap        ] GC(1542) Survivor regions: 29->28(28)
[643.734s][info][gc,heap        ] GC(1542) Old regions: 651->692
[643.734s][info][gc,heap        ] GC(1542) Humongous regions: 11->11
[643.734s][info][gc,metaspace   ] GC(1542) Metaspace: 19147K(19328K)->19147K(19328K) NonClass: 16486K(16576K)->16486K(16576K) Class: 2661K(2752K)->2661K(2752K)
[643.734s][info][gc             ] GC(1542) Pause Young (Normal) (G1 Evacuation Pause) 883M->730M(978M) 81.080ms
[643.734s][info][gc,cpu         ] GC(1542) User=0.16s Sys=0.00s Real=0.08s
[643.972s][info][gc,start       ] GC(1543) Pause Young (Normal) (G1 Evacuation Pause)
[643.972s][info][gc,task        ] GC(1543) Using 2 workers of 2 for evacuation
[644.024s][info][gc,phases      ] GC(1543)   Pre Evacuate Collection Set: 0.50ms
[644.024s][info][gc,phases      ] GC(1543)   Merge Heap Roots: 0.28ms
[644.024s][info][gc,phases      ] GC(1543)   Evacuate Collection Set: 51.38ms
[644.024s][info][gc,phases      ] GC(1543)   Post Evacuate Collection Set: 0.43ms
[644.024s][info][gc,phases      ] GC(1543)   Other: 0.07ms
[644.025s][info][gc,heap        ] GC(1543) Eden regions: 158->0(155)
[644.025s][info][gc,heap        ] GC(1543) Survivor regions: 28->14(24)
[644.025s][info][gc,heap        ] GC(1543) Old regions: 692->721
[644.025s][info][gc,heap        ] GC(1543) Humongous regions: 11->11
[644.025s][info][gc,metaspace   ] GC(1543) Metaspace: 19147K(19328K)->19147K(19328K) NonClass: 16486K(16576K)->16486K(16576K) Class: 2661K(2752K)->2661K(2752K)
[644.025s][info][gc             ] GC(1543) Pause Young (Normal) (G1 Evacuation Pause) 888M->745M(978M) 52.900ms
[644.025s][info][gc,cpu         ] GC(1543) User=0.11s Sys=0.00s Real=0.05s
[644.123s][info][gc,marking     ] GC(1540) Concurrent Mark From Roots 1217.220ms
[644.123s][info][gc,marking     ] GC(1540) Concurrent Preclean
[644.123s][info][gc,marking     ] GC(1540) Concurrent Preclean 0.040ms
[644.124s][info][gc,start       ] GC(1540) Pause Remark
[644.131s][info][gc             ] GC(1540) Pause Remark 800M->628M(978M) 7.966ms
[644.132s][info][gc,cpu         ] GC(1540) User=0.01s Sys=0.00s Real=0.01s
[644.132s][info][gc,marking     ] GC(1540) Concurrent Mark 1226.005ms
[644.132s][info][gc,marking     ] GC(1540) Concurrent Rebuild Remembered Sets and Scrub Regions
[644.267s][info][gc,start       ] GC(1544) Pause Young (Normal) (G1 Evacuation Pause)
[644.267s][info][gc,task        ] GC(1544) Using 2 workers of 2 for evacuation
[644.287s][info][gc,phases      ] GC(1544)   Pre Evacuate Collection Set: 0.27ms
[644.287s][info][gc,phases      ] GC(1544)   Merge Heap Roots: 0.20ms
[644.287s][info][gc,phases      ] GC(1544)   Evacuate Collection Set: 19.14ms
[644.287s][info][gc,phases      ] GC(1544)   Post Evacuate Collection Set: 0.35ms
[644.287s][info][gc,phases      ] GC(1544)   Other: 0.08ms
[644.287s][info][gc,heap        ] GC(1544) Eden regions: 155->0(283)
[644.287s][info][gc,heap        ] GC(1544) Survivor regions: 14->1(22)
[644.287s][info][gc,heap        ] GC(1544) Old regions: 553->567
[644.287s][info][gc,heap        ] GC(1544) Humongous regions: 7->7
[644.287s][info][gc,metaspace   ] GC(1544) Metaspace: 19147K(19328K)->19147K(19328K) NonClass: 16486K(16576K)->16486K(16576K) Class: 2661K(2752K)->2661K(2752K)
[644.287s][info][gc             ] GC(1544) Pause Young (Normal) (G1 Evacuation Pause) 728M->574M(978M) 20.298ms
[644.287s][info][gc,cpu         ] GC(1544) User=0.04s Sys=0.00s Real=0.02s
[644.733s][info][gc,marking     ] GC(1540) Concurrent Rebuild Remembered Sets and Scrub Regions 601.257ms
[644.734s][info][gc,start       ] GC(1540) Pause Cleanup
[644.734s][info][gc             ] GC(1540) Pause Cleanup 808M->808M(978M) 0.106ms
[644.734s][info][gc,cpu         ] GC(1540) User=0.00s Sys=0.00s Real=0.00s
[644.734s][info][gc,marking     ] GC(1540) Concurrent Clear Claimed Marks
[644.734s][info][gc,marking     ] GC(1540) Concurrent Clear Claimed Marks 0.062ms
[644.734s][info][gc,marking     ] GC(1540) Concurrent Cleanup for Next Mark
[644.740s][info][gc,marking     ] GC(1540) Concurrent Cleanup for Next Mark 5.896ms
[644.740s][info][gc             ] GC(1540) Concurrent Mark Cycle 1940.603ms
[644.775s][info][gc,start       ] GC(1545) Pause Young (Prepare Mixed) (G1 Evacuation Pause)
[644.775s][info][gc,task        ] GC(1545) Using 2 workers of 2 for evacuation
[644.809s][info][gc,phases      ] GC(1545)   Pre Evacuate Collection Set: 0.49ms
[644.809s][info][gc,phases      ] GC(1545)   Merge Heap Roots: 0.24ms
[644.809s][info][gc,phases      ] GC(1545)   Evacuate Collection Set: 33.27ms
[644.809s][info][gc,phases      ] GC(1545)   Post Evacuate Collection Set: 0.52ms
[644.809s][info][gc,phases      ] GC(1545)   Other: 0.10ms
[644.809s][info][gc,heap        ] GC(1545) Eden regions: 283->0(266)
[644.809s][info][gc,heap        ] GC(1545) Survivor regions: 1->29(36)
[644.809s][info][gc,heap        ] GC(1545) Old regions: 567->567
[644.809s][info][gc,heap        ] GC(1545) Humongous regions: 7->7
[644.810s][info][gc,metaspace   ] GC(1545) Metaspace: 19147K(19328K)->19147K(19328K) NonClass: 16486K(16576K)->16486K(16576K) Class: 2661K(2752K)->2661K(2752K)
[644.810s][info][gc             ] GC(1545) Pause Young (Prepare Mixed) (G1 Evacuation Pause) 857M->602M(978M) 34.804ms
[644.810s][info][gc,cpu         ] GC(1545) User=0.06s Sys=0.00s Real=0.04s
[645.441s][info][gc,start       ] GC(1546) Pause Young (Mixed) (G1 Evacuation Pause)
[645.441s][info][gc,task        ] GC(1546) Using 2 workers of 2 for evacuation
[645.477s][info][gc,phases      ] GC(1546)   Pre Evacuate Collection Set: 0.56ms
[645.477s][info][gc,phases      ] GC(1546)   Merge Heap Roots: 0.31ms
[645.477s][info][gc,phases      ] GC(1546)   Evacuate Collection Set: 34.51ms
[645.477s][info][gc,phases      ] GC(1546)   Post Evacuate Collection Set: 0.52ms
[645.477s][info][gc,phases      ] GC(1546)   Other: 0.10ms
[645.477s][info][gc,heap        ] GC(1546) Eden regions: 266->0(314)
[645.477s][info][gc,heap        ] GC(1546) Survivor regions: 29->2(37)
[645.477s][info][gc,heap        ] GC(1546) Old regions: 567->553
[645.477s][info][gc,heap        ] GC(1546) Humongous regions: 7->7
[645.477s][info][gc,metaspace   ] GC(1546) Metaspace: 19147K(19328K)->19147K(19328K) NonClass: 16486K(16576K)->16486K(16576K) Class: 2661K(2752K)->2661K(2752K)
[645.477s][info][gc             ] GC(1546) Pause Young (Mixed) (G1 Evacuation Pause) 868M->561M(978M) 36.234ms
[645.477s][info][gc,cpu         ] GC(1546) User=0.07s Sys=0.00s Real=0.04s
[646.046s][info][gc,start       ] GC(1547) Pause Young (Concurrent Start) (G1 Evacuation Pause)
[646.046s][info][gc,task        ] GC(1547) Using 2 workers of 2 for evacuation
[646.092s][info][gc,phases      ] GC(1547)   Pre Evacuate Collection Set: 0.33ms
[646.092s][info][gc,phases      ] GC(1547)   Merge Heap Roots: 0.46ms
[646.092s][info][gc,phases      ] GC(1547)   Evacuate Collection Set: 44.09ms
[646.092s][info][gc,phases      ] GC(1547)   Post Evacuate Collection Set: 0.58ms
[646.092s][info][gc,phases      ] GC(1547)   Other: 0.24ms
[646.092s][info][gc,heap        ] GC(1547) Eden regions: 314->0(283)
[646.092s][info][gc,heap        ] GC(1547) Survivor regions: 2->35(40)
[646.092s][info][gc,heap        ] GC(1547) Old regions: 553->553
[646.092s][info][gc,heap        ] GC(1547) Humongous regions: 7->7
[646.092s][info][gc,metaspace   ] GC(1547) Metaspace: 19149K(19328K)->19149K(19328K) NonClass: 16488K(16576K)->16488K(16576K) Class: 2661K(2752K)->2661K(2752K)
[646.092s][info][gc             ] GC(1547) Pause Young (Concurrent Start) (G1 Evacuation Pause) 875M->594M(978M) 45.942ms
[646.092s][info][gc,cpu         ] GC(1547) User=0.09s Sys=0.00s Real=0.05s
[646.092s][info][gc             ] GC(1548) Concurrent Mark Cycle
[646.092s][info][gc,marking     ] GC(1548) Concurrent Scan Root Regions
[646.124s][info][gc,marking     ] GC(1548) Concurrent Scan Root Regions 32.378ms
[646.124s][info][gc,marking     ] GC(1548) Concurrent Mark
[646.124s][info][gc,marking     ] GC(1548) Concurrent Mark From Roots
[646.124s][info][gc,task        ] GC(1548) Using 1 workers of 1 for marking
[646.636s][info][gc,start       ] GC(1549) Pause Young (Normal) (G1 Evacuation Pause)
[646.636s][info][gc,task        ] GC(1549) Using 2 workers of 2 for evacuation
[646.701s][info][gc,phases      ] GC(1549)   Pre Evacuate Collection Set: 0.30ms
[646.701s][info][gc,phases      ] GC(1549)   Merge Heap Roots: 0.12ms
[646.701s][info][gc,phases      ] GC(1549)   Evacuate Collection Set: 63.94ms
[646.701s][info][gc,phases      ] GC(1549)   Post Evacuate Collection Set: 0.56ms
[646.701s][info][gc,phases      ] GC(1549)   Other: 0.09ms
[646.701s][info][gc,heap        ] GC(1549) Eden regions: 283->0(244)
[646.701s][info][gc,heap        ] GC(1549) Survivor regions: 35->40(40)
[646.701s][info][gc,heap        ] GC(1549) Old regions: 553->590
[646.701s][info][gc,heap        ] GC(1549) Humongous regions: 7->7
[646.701s][info][gc,metaspace   ] GC(1549) Metaspace: 19149K(19328K)->19149K(19328K) NonClass: 16488K(16576K)->16488K(16576K) Class: 2661K(2752K)->2661K(2752K)
[646.702s][info][gc             ] GC(1549) Pause Young (Normal) (G1 Evacuation Pause) 877M->636M(978M) 65.271ms
[646.702s][info][gc,cpu         ] GC(1549) User=0.13s Sys=0.00s Real=0.07s
[647.275s][info][gc,start       ] GC(1550) Pause Young (Normal) (G1 Evacuation Pause)
[647.275s][info][gc,task        ] GC(1550) Using 2 workers of 2 for evacuation
[647.367s][info][gc,phases      ] GC(1550)   Pre Evacuate Collection Set: 0.29ms
[647.367s][info][gc,phases      ] GC(1550)   Merge Heap Roots: 0.23ms
[647.367s][info][gc,phases      ] GC(1550)   Evacuate Collection Set: 90.12ms
[647.367s][info][gc,phases      ] GC(1550)   Post Evacuate Collection Set: 0.60ms
[647.367s][info][gc,phases      ] GC(1550)   Other: 0.08ms
[647.367s][info][gc,heap        ] GC(1550) Eden regions: 244->0(205)
[647.367s][info][gc,heap        ] GC(1550) Survivor regions: 40->36(36)
[647.367s][info][gc,heap        ] GC(1550) Old regions: 590->634
[647.367s][info][gc,heap        ] GC(1550) Humongous regions: 10->10
[647.367s][info][gc,metaspace   ] GC(1550) Metaspace: 19149K(19328K)->19149K(19328K) NonClass: 16488K(16576K)->16488K(16576K) Class: 2661K(2752K)->2661K(2752K)
[647.367s][info][gc             ] GC(1550) Pause Young (Normal) (G1 Evacuation Pause) 883M->679M(978M) 91.610ms
[647.367s][info][gc,cpu         ] GC(1550) User=0.18s Sys=0.00s Real=0.10s
[647.685s][info][gc,start       ] GC(1551) Pause Young (Normal) (G1 Evacuation Pause)
[647.686s][info][gc,task        ] GC(1551) Using 2 workers of 2 for evacuation
[647.748s][info][gc,phases      ] GC(1551)   Pre Evacuate Collection Set: 0.28ms
[647.748s][info][gc,phases      ] GC(1551)   Merge Heap Roots: 0.30ms
[647.748s][info][gc,phases      ] GC(1551)   Evacuate Collection Set: 61.30ms
[647.748s][info][gc,phases      ] GC(1551)   Post Evacuate Collection Set: 0.44ms
[647.748s][info][gc,phases      ] GC(1551)   Other: 0.09ms
[647.748s][info][gc,heap        ] GC(1551) Eden regions: 205->0(198)
[647.748s][info][gc,heap        ] GC(1551) Survivor regions: 36->17(31)
[647.748s][info][gc,heap        ] GC(1551) Old regions: 634->670
[647.748s][info][gc,heap        ] GC(1551) Humongous regions: 10->10
[647.748s][info][gc,metaspace   ] GC(1551) Metaspace: 19149K(19328K)->19149K(19328K) NonClass: 16488K(16576K)->16488K(16576K) Class: 2661K(2752K)->2661K(2752K)
[647.748s][info][gc             ] GC(1551) Pause Young (Normal) (G1 Evacuation Pause) 884M->696M(978M) 62.681ms
[647.748s][info][gc,cpu         ] GC(1551) User=0.13s Sys=0.00s Real=0.07s
[647.880s][info][gc,marking     ] GC(1548) Concurrent Mark From Roots 1755.889ms
[647.880s][info][gc,marking     ] GC(1548) Concurrent Preclean
[647.880s][info][gc,marking     ] GC(1548) Concurrent Preclean 0.044ms
[647.881s][info][gc,start       ] GC(1548) Pause Remark
[647.889s][info][gc             ] GC(1548) Pause Remark 776M->763M(978M) 8.077ms
[647.889s][info][gc,cpu         ] GC(1548) User=0.01s Sys=0.00s Real=0.01s
[647.890s][info][gc,marking     ] GC(1548) Concurrent Mark 1765.523ms
[647.890s][info][gc,marking     ] GC(1548) Concurrent Rebuild Remembered Sets and Scrub Regions
[648.119s][info][gc,start       ] GC(1552) Pause Young (Normal) (G1 Evacuation Pause)
[648.119s][info][gc,task        ] GC(1552) Using 2 workers of 2 for evacuation
[648.156s][info][gc,phases      ] GC(1552)   Pre Evacuate Collection Set: 0.32ms
[648.156s][info][gc,phases      ] GC(1552)   Merge Heap Roots: 0.50ms
[648.156s][info][gc,phases      ] GC(1552)   Evacuate Collection Set: 35.46ms
[648.156s][info][gc,phases      ] GC(1552)   Post Evacuate Collection Set: 0.42ms
[648.156s][info][gc,phases      ] GC(1552)   Other: 0.10ms
[648.156s][info][gc,heap        ] GC(1552) Eden regions: 198->0(214)
[648.156s][info][gc,heap        ] GC(1552) Survivor regions: 17->5(27)
[648.156s][info][gc,heap        ] GC(1552) Old regions: 658->675
[648.156s][info][gc,heap        ] GC(1552) Humongous regions: 9->9
[648.156s][info][gc,metaspace   ] GC(1552) Metaspace: 19149K(19328K)->19149K(19328K) NonClass: 16488K(16576K)->16488K(16576K) Class: 2661K(2752K)->2661K(2752K)
[648.156s][info][gc             ] GC(1552) Pause Young (Normal) (G1 Evacuation Pause) 881M->687M(978M) 37.061ms
[648.156s][info][gc,cpu         ] GC(1552) User=0.07s Sys=0.01s Real=0.04s
[648.497s][info][gc,marking     ] GC(1548) Concurrent Rebuild Remembered Sets and Scrub Regions 607.488ms
[648.498s][info][gc,start       ] GC(1548) Pause Cleanup
[648.498s][info][gc             ] GC(1548) Pause Cleanup 841M->841M(978M) 0.099ms
[648.498s][info][gc,cpu         ] GC(1548) User=0.00s Sys=0.00s Real=0.00s
[648.500s][info][gc,marking     ] GC(1548) Concurrent Clear Claimed Marks
[648.500s][info][gc,marking     ] GC(1548) Concurrent Clear Claimed Marks 0.053ms
[648.500s][info][gc,marking     ] GC(1548) Concurrent Cleanup for Next Mark
[648.504s][info][gc,marking     ] GC(1548) Concurrent Cleanup for Next Mark 4.848ms
[648.505s][info][gc             ] GC(1548) Concurrent Mark Cycle 2412.615ms
[648.563s][info][gc,start       ] GC(1553) Pause Young (Prepare Mixed) (G1 Evacuation Pause)
[648.563s][info][gc,task        ] GC(1553) Using 2 workers of 2 for evacuation
[648.598s][info][gc,phases      ] GC(1553)   Pre Evacuate Collection Set: 0.29ms
[648.598s][info][gc,phases      ] GC(1553)   Merge Heap Roots: 0.17ms
[648.598s][info][gc,phases      ] GC(1553)   Evacuate Collection Set: 33.91ms
[648.598s][info][gc,phases      ] GC(1553)   Post Evacuate Collection Set: 0.44ms
[648.598s][info][gc,phases      ] GC(1553)   Other: 0.08ms
[648.598s][info][gc,heap        ] GC(1553) Eden regions: 214->0(184)
[648.598s][info][gc,heap        ] GC(1553) Survivor regions: 5->28(28)
[648.598s][info][gc,heap        ] GC(1553) Old regions: 675->679
[648.598s][info][gc,heap        ] GC(1553) Humongous regions: 9->9
[648.598s][info][gc,metaspace   ] GC(1553) Metaspace: 19149K(19328K)->19149K(19328K) NonClass: 16488K(16576K)->16488K(16576K) Class: 2661K(2752K)->2661K(2752K)
[648.598s][info][gc             ] GC(1553) Pause Young (Prepare Mixed) (G1 Evacuation Pause) 901M->715M(978M) 35.127ms
[648.598s][info][gc,cpu         ] GC(1553) User=0.07s Sys=0.00s Real=0.04s
[648.802s][info][gc,start       ] GC(1554) Pause Young (Mixed) (G1 Evacuation Pause)
[648.802s][info][gc,task        ] GC(1554) Using 2 workers of 2 for evacuation
[648.853s][info][gc,phases      ] GC(1554)   Pre Evacuate Collection Set: 0.32ms
[648.853s][info][gc,phases      ] GC(1554)   Merge Heap Roots: 0.28ms
[648.853s][info][gc,phases      ] GC(1554)   Evacuate Collection Set: 50.05ms
[648.853s][info][gc,phases      ] GC(1554)   Post Evacuate Collection Set: 0.48ms
[648.853s][info][gc,phases      ] GC(1554)   Other: 0.08ms
[648.853s][info][gc,heap        ] GC(1554) Eden regions: 184->0(187)
[648.853s][info][gc,heap        ] GC(1554) Survivor regions: 28->18(27)
[648.853s][info][gc,heap        ] GC(1554) Old regions: 679->694
[648.853s][info][gc,heap        ] GC(1554) Humongous regions: 9->9
[648.853s][info][gc,metaspace   ] GC(1554) Metaspace: 19150K(19328K)->19150K(19328K) NonClass: 16489K(16576K)->16489K(16576K) Class: 2661K(2752K)->2661K(2752K)
[648.853s][info][gc             ] GC(1554) Pause Young (Mixed) (G1 Evacuation Pause) 899M->720M(978M) 51.475ms
[648.853s][info][gc,cpu         ] GC(1554) User=0.11s Sys=0.00s Real=0.05s
[649.092s][info][gc,start       ] GC(1555) Pause Young (Concurrent Start) (G1 Evacuation Pause)
[649.092s][info][gc,task        ] GC(1555) Using 2 workers of 2 for evacuation
[649.140s][info][gc,phases      ] GC(1555)   Pre Evacuate Collection Set: 0.36ms
[649.140s][info][gc,phases      ] GC(1555)   Merge Heap Roots: 0.14ms
[649.140s][info][gc,phases      ] GC(1555)   Evacuate Collection Set: 46.54ms
[649.140s][info][gc,phases      ] GC(1555)   Post Evacuate Collection Set: 0.51ms
[649.140s][info][gc,phases      ] GC(1555)   Other: 0.10ms
[649.140s][info][gc,heap        ] GC(1555) Eden regions: 187->0(153)
[649.140s][info][gc,heap        ] GC(1555) Survivor regions: 18->26(26)
[649.140s][info][gc,heap        ] GC(1555) Old regions: 694->714
[649.140s][info][gc,heap        ] GC(1555) Humongous regions: 9->9
[649.140s][info][gc,metaspace   ] GC(1555) Metaspace: 19150K(19328K)->19150K(19328K) NonClass: 16489K(16576K)->16489K(16576K) Class: 2661K(2752K)->2661K(2752K)
[649.140s][info][gc             ] GC(1555) Pause Young (Concurrent Start) (G1 Evacuation Pause) 907M->748M(978M) 47.918ms
[649.140s][info][gc             ] GC(1556) Concurrent Mark Cycle
[649.140s][info][gc,marking     ] GC(1556) Concurrent Scan Root Regions
[649.140s][info][gc,cpu         ] GC(1555) User=0.09s Sys=0.00s Real=0.05s
[649.201s][info][gc,marking     ] GC(1556) Concurrent Scan Root Regions 61.633ms
[649.202s][info][gc,marking     ] GC(1556) Concurrent Mark
[649.202s][info][gc,marking     ] GC(1556) Concurrent Mark From Roots
[649.202s][info][gc,task        ] GC(1556) Using 1 workers of 1 for marking
[649.441s][info][gc,start       ] GC(1557) Pause Young (Normal) (G1 Evacuation Pause)
[649.441s][info][gc,task        ] GC(1557) Using 2 workers of 2 for evacuation
[649.473s][info][gc,phases      ] GC(1557)   Pre Evacuate Collection Set: 0.32ms
[649.473s][info][gc,phases      ] GC(1557)   Merge Heap Roots: 0.16ms
[649.473s][info][gc,phases      ] GC(1557)   Evacuate Collection Set: 30.90ms
[649.473s][info][gc,phases      ] GC(1557)   Post Evacuate Collection Set: 0.38ms
[649.473s][info][gc,phases      ] GC(1557)   Other: 0.10ms
[649.473s][info][gc,heap        ] GC(1557) Eden regions: 153->0(166)
[649.473s][info][gc,heap        ] GC(1557) Survivor regions: 26->5(23)
[649.473s][info][gc,heap        ] GC(1557) Old regions: 714->740
[649.473s][info][gc,heap        ] GC(1557) Humongous regions: 9->9
[649.473s][info][gc,metaspace   ] GC(1557) Metaspace: 19150K(19328K)->19150K(19328K) NonClass: 16489K(16576K)->16489K(16576K) Class: 2661K(2752K)->2661K(2752K)
[649.473s][info][gc             ] GC(1557) Pause Young (Normal) (G1 Evacuation Pause) 901M->753M(978M) 32.150ms
[649.473s][info][gc,cpu         ] GC(1557) User=0.06s Sys=0.00s Real=0.03s
[649.915s][info][gc,start       ] GC(1558) Pause Young (Normal) (G1 Evacuation Pause)
[649.915s][info][gc,task        ] GC(1558) Using 2 workers of 2 for evacuation
[649.933s][info][gc,phases      ] GC(1558)   Pre Evacuate Collection Set: 0.28ms
[649.933s][info][gc,phases      ] GC(1558)   Merge Heap Roots: 0.11ms
[649.933s][info][gc,phases      ] GC(1558)   Evacuate Collection Set: 17.52ms
[649.933s][info][gc,phases      ] GC(1558)   Post Evacuate Collection Set: 0.38ms
[649.933s][info][gc,phases      ] GC(1558)   Other: 0.11ms
[649.933s][info][gc,heap        ] GC(1558) Eden regions: 166->0(143)
[649.933s][info][gc,heap        ] GC(1558) Survivor regions: 5->18(22)
[649.933s][info][gc,heap        ] GC(1558) Old regions: 740->740
[649.933s][info][gc,heap        ] GC(1558) Humongous regions: 9->9
[649.933s][info][gc,metaspace   ] GC(1558) Metaspace: 19150K(19328K)->19150K(19328K) NonClass: 16489K(16576K)->16489K(16576K) Class: 2661K(2752K)->2661K(2752K)
[649.933s][info][gc             ] GC(1558) Pause Young (Normal) (G1 Evacuation Pause) 919M->766M(978M) 18.679ms
[649.933s][info][gc,cpu         ] GC(1558) User=0.04s Sys=0.00s Real=0.02s
[650.199s][info][gc,start       ] GC(1559) Pause Young (Normal) (G1 Evacuation Pause)
[650.199s][info][gc,task        ] GC(1559) Using 2 workers of 2 for evacuation
[650.237s][info][gc,phases      ] GC(1559)   Pre Evacuate Collection Set: 0.27ms
[650.237s][info][gc,phases      ] GC(1559)   Merge Heap Roots: 0.12ms
[650.237s][info][gc,phases      ] GC(1559)   Evacuate Collection Set: 37.46ms
[650.237s][info][gc,phases      ] GC(1559)   Post Evacuate Collection Set: 0.39ms
[650.237s][info][gc,phases      ] GC(1559)   Other: 0.07ms
[650.237s][info][gc,heap        ] GC(1559) Eden regions: 143->0(116)
[650.237s][info][gc,heap        ] GC(1559) Survivor regions: 18->21(21)
[650.237s][info][gc,heap        ] GC(1559) Old regions: 740->761
[650.237s][info][gc,heap        ] GC(1559) Humongous regions: 9->9
[650.237s][info][gc,metaspace   ] GC(1559) Metaspace: 19150K(19328K)->19150K(19328K) NonClass: 16489K(16576K)->16489K(16576K) Class: 2661K(2752K)->2661K(2752K)
[650.237s][info][gc             ] GC(1559) Pause Young (Normal) (G1 Evacuation Pause) 909M->790M(978M) 38.540ms
[650.237s][info][gc,cpu         ] GC(1559) User=0.08s Sys=0.00s Real=0.04s
[650.369s][info][gc,marking     ] GC(1556) Concurrent Mark From Roots 1167.589ms
[650.369s][info][gc,marking     ] GC(1556) Concurrent Preclean
[650.369s][info][gc,marking     ] GC(1556) Concurrent Preclean 0.041ms
[650.369s][info][gc,start       ] GC(1556) Pause Remark
[650.377s][info][gc             ] GC(1556) Pause Remark 869M->638M(978M) 7.927ms
[650.377s][info][gc,cpu         ] GC(1556) User=0.01s Sys=0.00s Real=0.01s
[650.377s][info][gc,marking     ] GC(1556) Concurrent Mark 1175.892ms
[650.377s][info][gc,marking     ] GC(1556) Concurrent Rebuild Remembered Sets and Scrub Regions
[650.424s][info][gc,start       ] GC(1560) Pause Young (Normal) (G1 Evacuation Pause)
[650.424s][info][gc,task        ] GC(1560) Using 2 workers of 2 for evacuation
[650.472s][info][gc,phases      ] GC(1560)   Pre Evacuate Collection Set: 0.25ms
[650.472s][info][gc,phases      ] GC(1560)   Merge Heap Roots: 0.11ms
[650.472s][info][gc,phases      ] GC(1560)   Evacuate Collection Set: 47.29ms
[650.472s][info][gc,phases      ] GC(1560)   Post Evacuate Collection Set: 0.43ms
[650.472s][info][gc,phases      ] GC(1560)   Other: 0.10ms
[650.472s][info][gc,heap        ] GC(1560) Eden regions: 116->0(270)
[650.472s][info][gc,heap        ] GC(1560) Survivor regions: 21->18(18)
[650.472s][info][gc,heap        ] GC(1560) Old regions: 535->571
[650.472s][info][gc,heap        ] GC(1560) Humongous regions: 4->4
[650.472s][info][gc,metaspace   ] GC(1560) Metaspace: 19150K(19328K)->19150K(19328K) NonClass: 16489K(16576K)->16489K(16576K) Class: 2661K(2752K)->2661K(2752K)
[650.472s][info][gc             ] GC(1560) Pause Young (Normal) (G1 Evacuation Pause) 675M->592M(978M) 48.420ms
[650.472s][info][gc,cpu         ] GC(1560) User=0.09s Sys=0.00s Real=0.05s
[650.847s][info][gc,marking     ] GC(1556) Concurrent Rebuild Remembered Sets and Scrub Regions 469.186ms
[650.847s][info][gc,start       ] GC(1556) Pause Cleanup
[650.847s][info][gc             ] GC(1556) Pause Cleanup 732M->732M(978M) 0.178ms
[650.847s][info][gc,cpu         ] GC(1556) User=0.00s Sys=0.00s Real=0.00s
[650.847s][info][gc,marking     ] GC(1556) Concurrent Clear Claimed Marks
[650.847s][info][gc,marking     ] GC(1556) Concurrent Clear Claimed Marks 0.043ms
[650.848s][info][gc,marking     ] GC(1556) Concurrent Cleanup for Next Mark
[650.851s][info][gc,marking     ] GC(1556) Concurrent Cleanup for Next Mark 3.203ms
[650.851s][info][gc             ] GC(1556) Concurrent Mark Cycle 1710.980ms
[651.040s][info][gc,start       ] GC(1561) Pause Young (Prepare Mixed) (G1 Evacuation Pause)
[651.041s][info][gc,task        ] GC(1561) Using 2 workers of 2 for evacuation
[651.107s][info][gc,phases      ] GC(1561)   Pre Evacuate Collection Set: 0.50ms
[651.107s][info][gc,phases      ] GC(1561)   Merge Heap Roots: 0.39ms
[651.107s][info][gc,phases      ] GC(1561)   Evacuate Collection Set: 64.72ms
[651.107s][info][gc,phases      ] GC(1561)   Post Evacuate Collection Set: 0.66ms
[651.107s][info][gc,phases      ] GC(1561)   Other: 0.11ms
[651.107s][info][gc,heap        ] GC(1561) Eden regions: 270->0(244)
[651.107s][info][gc,heap        ] GC(1561) Survivor regions: 18->36(36)
[651.107s][info][gc,heap        ] GC(1561) Old regions: 571->586
[651.107s][info][gc,heap        ] GC(1561) Humongous regions: 7->7
[651.107s][info][gc,metaspace   ] GC(1561) Metaspace: 19150K(19328K)->19150K(19328K) NonClass: 16489K(16576K)->16489K(16576K) Class: 2661K(2752K)->2661K(2752K)
[651.107s][info][gc             ] GC(1561) Pause Young (Prepare Mixed) (G1 Evacuation Pause) 865M->628M(978M) 66.666ms
[651.107s][info][gc,cpu         ] GC(1561) User=0.13s Sys=0.00s Real=0.07s
[651.389s][info][gc,start       ] GC(1562) Pause Young (Mixed) (G1 Evacuation Pause)
[651.389s][info][gc,task        ] GC(1562) Using 2 workers of 2 for evacuation
[651.479s][info][gc,phases      ] GC(1562)   Pre Evacuate Collection Set: 0.32ms
[651.480s][info][gc,phases      ] GC(1562)   Merge Heap Roots: 0.50ms
[651.480s][info][gc,phases      ] GC(1562)   Evacuate Collection Set: 88.50ms
[651.480s][info][gc,phases      ] GC(1562)   Post Evacuate Collection Set: 0.68ms
[651.480s][info][gc,phases      ] GC(1562)   Other: 0.13ms
[651.480s][info][gc,heap        ] GC(1562) Eden regions: 244->0(268)
[651.480s][info][gc,heap        ] GC(1562) Survivor regions: 36->35(35)
[651.480s][info][gc,heap        ] GC(1562) Old regions: 586->542
[651.480s][info][gc,heap        ] GC(1562) Humongous regions: 7->7
[651.480s][info][gc,metaspace   ] GC(1562) Metaspace: 19150K(19328K)->19150K(19328K) NonClass: 16489K(16576K)->16489K(16576K) Class: 2661K(2752K)->2661K(2752K)
[651.480s][info][gc             ] GC(1562) Pause Young (Mixed) (G1 Evacuation Pause) 872M->583M(978M) 90.466ms
[651.480s][info][gc,cpu         ] GC(1562) User=0.18s Sys=0.00s Real=0.09s
[651.767s][info][gc,start       ] GC(1563) Pause Young (Concurrent Start) (G1 Evacuation Pause)
[651.767s][info][gc,task        ] GC(1563) Using 2 workers of 2 for evacuation
[651.807s][info][gc,phases      ] GC(1563)   Pre Evacuate Collection Set: 0.29ms
[651.807s][info][gc,phases      ] GC(1563)   Merge Heap Roots: 0.18ms
[651.807s][info][gc,phases      ] GC(1563)   Evacuate Collection Set: 39.06ms
[651.807s][info][gc,phases      ] GC(1563)   Post Evacuate Collection Set: 0.53ms
[651.807s][info][gc,phases      ] GC(1563)   Other: 0.12ms
[651.807s][info][gc,heap        ] GC(1563) Eden regions: 268->0(282)
[651.807s][info][gc,heap        ] GC(1563) Survivor regions: 35->5(38)
[651.807s][info][gc,heap        ] GC(1563) Old regions: 542->577
[651.807s][info][gc,heap        ] GC(1563) Humongous regions: 7->7
[651.807s][info][gc,metaspace   ] GC(1563) Metaspace: 19150K(19328K)->19150K(19328K) NonClass: 16489K(16576K)->16489K(16576K) Class: 2661K(2752K)->2661K(2752K)
[651.807s][info][gc             ] GC(1563) Pause Young (Concurrent Start) (G1 Evacuation Pause) 851M->588M(978M) 40.439ms
[651.807s][info][gc,cpu         ] GC(1563) User=0.08s Sys=0.00s Real=0.04s
[651.807s][info][gc             ] GC(1564) Concurrent Mark Cycle
[651.807s][info][gc,marking     ] GC(1564) Concurrent Scan Root Regions
[651.881s][info][gc,marking     ] GC(1564) Concurrent Scan Root Regions 73.648ms
[651.881s][info][gc,marking     ] GC(1564) Concurrent Mark
[651.881s][info][gc,marking     ] GC(1564) Concurrent Mark From Roots
[651.881s][info][gc,task        ] GC(1564) Using 1 workers of 1 for marking
[652.468s][info][gc,start       ] GC(1565) Pause Young (Normal) (G1 Evacuation Pause)
[652.468s][info][gc,task        ] GC(1565) Using 2 workers of 2 for evacuation
[652.506s][info][gc,phases      ] GC(1565)   Pre Evacuate Collection Set: 0.29ms
[652.506s][info][gc,phases      ] GC(1565)   Merge Heap Roots: 0.25ms
[652.506s][info][gc,phases      ] GC(1565)   Evacuate Collection Set: 36.40ms
[652.506s][info][gc,phases      ] GC(1565)   Post Evacuate Collection Set: 0.47ms
[652.506s][info][gc,phases      ] GC(1565)   Other: 0.10ms
[652.506s][info][gc,heap        ] GC(1565) Eden regions: 282->0(262)
[652.506s][info][gc,heap        ] GC(1565) Survivor regions: 5->31(36)
[652.506s][info][gc,heap        ] GC(1565) Old regions: 577->577
[652.506s][info][gc,heap        ] GC(1565) Humongous regions: 7->7
[652.506s][info][gc,metaspace   ] GC(1565) Metaspace: 19150K(19328K)->19150K(19328K) NonClass: 16489K(16576K)->16489K(16576K) Class: 2661K(2752K)->2661K(2752K)
[652.506s][info][gc             ] GC(1565) Pause Young (Normal) (G1 Evacuation Pause) 870M->614M(978M) 37.741ms
[652.506s][info][gc,cpu         ] GC(1565) User=0.07s Sys=0.00s Real=0.03s
[653.232s][info][gc,marking     ] GC(1564) Concurrent Mark From Roots 1351.468ms
[653.232s][info][gc,marking     ] GC(1564) Concurrent Preclean
[653.232s][info][gc,marking     ] GC(1564) Concurrent Preclean 0.047ms
[653.233s][info][gc,start       ] GC(1564) Pause Remark
[653.240s][info][gc             ] GC(1564) Pause Remark 777M->738M(978M) 7.947ms
[653.241s][info][gc,cpu         ] GC(1564) User=0.02s Sys=0.00s Real=0.01s
[653.242s][info][gc,marking     ] GC(1564) Concurrent Mark 1361.242ms
[653.242s][info][gc,marking     ] GC(1564) Concurrent Rebuild Remembered Sets and Scrub Regions
[653.370s][info][gc,start       ] GC(1566) Pause Young (Normal) (G1 Evacuation Pause)
[653.370s][info][gc,task        ] GC(1566) Using 2 workers of 2 for evacuation
[653.448s][info][gc,phases      ] GC(1566)   Pre Evacuate Collection Set: 0.47ms
[653.448s][info][gc,phases      ] GC(1566)   Merge Heap Roots: 0.56ms
[653.448s][info][gc,phases      ] GC(1566)   Evacuate Collection Set: 75.77ms
[653.448s][info][gc,phases      ] GC(1566)   Post Evacuate Collection Set: 0.50ms
[653.448s][info][gc,phases      ] GC(1566)   Other: 0.08ms
[653.448s][info][gc,heap        ] GC(1566) Eden regions: 262->0(259)
[653.448s][info][gc,heap        ] GC(1566) Survivor regions: 31->37(37)
[653.448s][info][gc,heap        ] GC(1566) Old regions: 539->570
[653.448s][info][gc,heap        ] GC(1566) Humongous regions: 6->6
[653.448s][info][gc,metaspace   ] GC(1566) Metaspace: 19150K(19328K)->19150K(19328K) NonClass: 16489K(16576K)->16489K(16576K) Class: 2661K(2752K)->2661K(2752K)
[653.448s][info][gc             ] GC(1566) Pause Young (Normal) (G1 Evacuation Pause) 837M->612M(978M) 77.590ms
[653.448s][info][gc,cpu         ] GC(1566) User=0.16s Sys=0.00s Real=0.08s
[653.752s][info][gc,marking     ] GC(1564) Concurrent Rebuild Remembered Sets and Scrub Regions 510.253ms
[653.752s][info][gc,start       ] GC(1564) Pause Cleanup
[653.753s][info][gc             ] GC(1564) Pause Cleanup 754M->754M(978M) 0.101ms
[653.753s][info][gc,cpu         ] GC(1564) User=0.00s Sys=0.00s Real=0.00s
[653.754s][info][gc,marking     ] GC(1564) Concurrent Clear Claimed Marks
[653.754s][info][gc,marking     ] GC(1564) Concurrent Clear Claimed Marks 0.042ms
[653.754s][info][gc,marking     ] GC(1564) Concurrent Cleanup for Next Mark
[653.760s][info][gc,marking     ] GC(1564) Concurrent Cleanup for Next Mark 5.855ms
[653.760s][info][gc             ] GC(1564) Concurrent Mark Cycle 1953.018ms
[653.932s][info][gc,start       ] GC(1567) Pause Young (Prepare Mixed) (G1 Evacuation Pause)
[653.932s][info][gc,task        ] GC(1567) Using 2 workers of 2 for evacuation
[653.983s][info][gc,phases      ] GC(1567)   Pre Evacuate Collection Set: 0.29ms
[653.983s][info][gc,phases      ] GC(1567)   Merge Heap Roots: 0.14ms
[653.983s][info][gc,phases      ] GC(1567)   Evacuate Collection Set: 48.93ms
[653.983s][info][gc,phases      ] GC(1567)   Post Evacuate Collection Set: 0.60ms
[653.983s][info][gc,phases      ] GC(1567)   Other: 0.09ms
[653.983s][info][gc,heap        ] GC(1567) Eden regions: 259->0(257)
[653.983s][info][gc,heap        ] GC(1567) Survivor regions: 37->14(37)
[653.983s][info][gc,heap        ] GC(1567) Old regions: 570->606
[653.983s][info][gc,heap        ] GC(1567) Humongous regions: 7->7
[653.983s][info][gc,metaspace   ] GC(1567) Metaspace: 19150K(19328K)->19150K(19328K) NonClass: 16489K(16576K)->16489K(16576K) Class: 2661K(2752K)->2661K(2752K)
[653.983s][info][gc             ] GC(1567) Pause Young (Prepare Mixed) (G1 Evacuation Pause) 872M->626M(978M) 50.336ms
[653.983s][info][gc,cpu         ] GC(1567) User=0.10s Sys=0.00s Real=0.05s
[654.266s][info][gc,start       ] GC(1568) Pause Young (Mixed) (G1 Evacuation Pause)
[654.266s][info][gc,task        ] GC(1568) Using 2 workers of 2 for evacuation
[654.313s][info][gc,phases      ] GC(1568)   Pre Evacuate Collection Set: 0.56ms
[654.313s][info][gc,phases      ] GC(1568)   Merge Heap Roots: 0.30ms
[654.313s][info][gc,phases      ] GC(1568)   Evacuate Collection Set: 45.26ms
[654.313s][info][gc,phases      ] GC(1568)   Post Evacuate Collection Set: 0.55ms
[654.313s][info][gc,phases      ] GC(1568)   Other: 0.09ms
[654.313s][info][gc,heap        ] GC(1568) Eden regions: 257->0(262)
[654.313s][info][gc,heap        ] GC(1568) Survivor regions: 14->34(34)
[654.313s][info][gc,heap        ] GC(1568) Old regions: 606->582
[654.313s][info][gc,heap        ] GC(1568) Humongous regions: 7->7
[654.313s][info][gc,metaspace   ] GC(1568) Metaspace: 19150K(19328K)->19150K(19328K) NonClass: 16489K(16576K)->16489K(16576K) Class: 2661K(2752K)->2661K(2752K)
[654.313s][info][gc             ] GC(1568) Pause Young (Mixed) (G1 Evacuation Pause) 883M->622M(978M) 47.002ms
[654.313s][info][gc,cpu         ] GC(1568) User=0.09s Sys=0.00s Real=0.05s
[654.732s][info][gc,start       ] GC(1569) Pause Young (Concurrent Start) (G1 Evacuation Pause)
[654.732s][info][gc,task        ] GC(1569) Using 2 workers of 2 for evacuation
[654.790s][info][gc,phases      ] GC(1569)   Pre Evacuate Collection Set: 0.30ms
[654.790s][info][gc,phases      ] GC(1569)   Merge Heap Roots: 0.24ms
[654.790s][info][gc,phases      ] GC(1569)   Evacuate Collection Set: 56.66ms
[654.790s][info][gc,phases      ] GC(1569)   Post Evacuate Collection Set: 0.56ms
[654.790s][info][gc,phases      ] GC(1569)   Other: 0.12ms
[654.790s][info][gc,heap        ] GC(1569) Eden regions: 262->0(253)
[654.790s][info][gc,heap        ] GC(1569) Survivor regions: 34->17(37)
[654.790s][info][gc,heap        ] GC(1569) Old regions: 582->616
[654.790s][info][gc,heap        ] GC(1569) Humongous regions: 7->7
[654.790s][info][gc,metaspace   ] GC(1569) Metaspace: 19150K(19328K)->19150K(19328K) NonClass: 16489K(16576K)->16489K(16576K) Class: 2661K(2752K)->2661K(2752K)
[654.790s][info][gc             ] GC(1569) Pause Young (Concurrent Start) (G1 Evacuation Pause) 884M->639M(978M) 58.135ms
[654.790s][info][gc,cpu         ] GC(1569) User=0.11s Sys=0.00s Real=0.06s
[654.790s][info][gc             ] GC(1570) Concurrent Mark Cycle
[654.792s][info][gc,marking     ] GC(1570) Concurrent Scan Root Regions
[654.878s][info][gc,marking     ] GC(1570) Concurrent Scan Root Regions 85.411ms
[654.878s][info][gc,marking     ] GC(1570) Concurrent Mark
[654.878s][info][gc,marking     ] GC(1570) Concurrent Mark From Roots
[654.878s][info][gc,task        ] GC(1570) Using 1 workers of 1 for marking
[655.471s][info][gc,start       ] GC(1571) Pause Young (Normal) (G1 Evacuation Pause)
[655.471s][info][gc,task        ] GC(1571) Using 2 workers of 2 for evacuation
[655.490s][info][gc,phases      ] GC(1571)   Pre Evacuate Collection Set: 0.30ms
[655.490s][info][gc,phases      ] GC(1571)   Merge Heap Roots: 0.16ms
[655.490s][info][gc,phases      ] GC(1571)   Evacuate Collection Set: 17.41ms
[655.490s][info][gc,phases      ] GC(1571)   Post Evacuate Collection Set: 0.46ms
[655.490s][info][gc,phases      ] GC(1571)   Other: 0.08ms
[655.490s][info][gc,heap        ] GC(1571) Eden regions: 253->0(267)
[655.490s][info][gc,heap        ] GC(1571) Survivor regions: 17->17(34)
[655.490s][info][gc,heap        ] GC(1571) Old regions: 616->616
[655.490s][info][gc,heap        ] GC(1571) Humongous regions: 7->7
[655.490s][info][gc,metaspace   ] GC(1571) Metaspace: 19150K(19328K)->19150K(19328K) NonClass: 16489K(16576K)->16489K(16576K) Class: 2661K(2752K)->2661K(2752K)
[655.490s][info][gc             ] GC(1571) Pause Young (Normal) (G1 Evacuation Pause) 892M->639M(978M) 18.689ms
[655.490s][info][gc,cpu         ] GC(1571) User=0.03s Sys=0.00s Real=0.02s
[655.614s][info][gc,marking     ] GC(1570) Concurrent Mark From Roots 736.703ms
[655.615s][info][gc,marking     ] GC(1570) Concurrent Preclean
[655.615s][info][gc,marking     ] GC(1570) Concurrent Preclean 0.042ms
[655.615s][info][gc,start       ] GC(1570) Pause Remark
[655.773s][info][gc             ] GC(1570) Pause Remark 672M->529M(978M) 157.876ms
[655.773s][info][gc,cpu         ] GC(1570) User=0.31s Sys=0.00s Real=0.16s
[655.775s][info][gc,marking     ] GC(1570) Concurrent Mark 897.489ms
[655.775s][info][gc,marking     ] GC(1570) Concurrent Rebuild Remembered Sets and Scrub Regions
[656.166s][info][gc,start       ] GC(1572) Pause Young (Normal) (G1 Evacuation Pause)
[656.166s][info][gc,task        ] GC(1572) Using 2 workers of 2 for evacuation
[656.248s][info][gc,phases      ] GC(1572)   Pre Evacuate Collection Set: 0.27ms
[656.248s][info][gc,phases      ] GC(1572)   Merge Heap Roots: 0.46ms
[656.248s][info][gc,phases      ] GC(1572)   Evacuate Collection Set: 80.75ms
[656.248s][info][gc,phases      ] GC(1572)   Post Evacuate Collection Set: 0.80ms
[656.248s][info][gc,phases      ] GC(1572)   Other: 0.10ms
[656.248s][info][gc,heap        ] GC(1572) Eden regions: 267->0(301)
[656.248s][info][gc,heap        ] GC(1572) Survivor regions: 17->36(36)
[656.248s][info][gc,heap        ] GC(1572) Old regions: 475->518
[656.248s][info][gc,heap        ] GC(1572) Humongous regions: 5->5
[656.248s][info][gc,metaspace   ] GC(1572) Metaspace: 19150K(19328K)->19150K(19328K) NonClass: 16489K(16576K)->16489K(16576K) Class: 2661K(2752K)->2661K(2752K)
[656.248s][info][gc             ] GC(1572) Pause Young (Normal) (G1 Evacuation Pause) 763M->558M(978M) 82.633ms
[656.248s][info][gc,cpu         ] GC(1572) User=0.16s Sys=0.00s Real=0.09s
[656.269s][info][gc,marking     ] GC(1570) Concurrent Rebuild Remembered Sets and Scrub Regions 493.855ms
[656.269s][info][gc,start       ] GC(1570) Pause Cleanup
[656.269s][info][gc             ] GC(1570) Pause Cleanup 570M->570M(978M) 0.102ms
[656.269s][info][gc,cpu         ] GC(1570) User=0.00s Sys=0.00s Real=0.00s
[656.269s][info][gc,marking     ] GC(1570) Concurrent Clear Claimed Marks
[656.269s][info][gc,marking     ] GC(1570) Concurrent Clear Claimed Marks 0.040ms
[656.269s][info][gc,marking     ] GC(1570) Concurrent Cleanup for Next Mark
[656.274s][info][gc,marking     ] GC(1570) Concurrent Cleanup for Next Mark 4.847ms
[656.274s][info][gc             ] GC(1570) Concurrent Mark Cycle 1484.562ms
[656.647s][info][gc,start       ] GC(1573) Pause Young (Prepare Mixed) (G1 Evacuation Pause)
[656.647s][info][gc,task        ] GC(1573) Using 2 workers of 2 for evacuation
[656.749s][info][gc,phases      ] GC(1573)   Pre Evacuate Collection Set: 0.30ms
[656.749s][info][gc,phases      ] GC(1573)   Merge Heap Roots: 0.56ms
[656.749s][info][gc,phases      ] GC(1573)   Evacuate Collection Set: 100.21ms
[656.749s][info][gc,phases      ] GC(1573)   Post Evacuate Collection Set: 0.90ms
[656.749s][info][gc,phases      ] GC(1573)   Other: 0.11ms
[656.749s][info][gc,heap        ] GC(1573) Eden regions: 301->0(257)
[656.749s][info][gc,heap        ] GC(1573) Survivor regions: 36->43(43)
[656.749s][info][gc,heap        ] GC(1573) Old regions: 518->556
[656.749s][info][gc,heap        ] GC(1573) Humongous regions: 8->8
[656.749s][info][gc,metaspace   ] GC(1573) Metaspace: 19150K(19328K)->19150K(19328K) NonClass: 16489K(16576K)->16489K(16576K) Class: 2661K(2752K)->2661K(2752K)
[656.749s][info][gc             ] GC(1573) Pause Young (Prepare Mixed) (G1 Evacuation Pause) 862M->606M(978M) 102.362ms
[656.749s][info][gc,cpu         ] GC(1573) User=0.20s Sys=0.00s Real=0.10s
[657.013s][info][gc,start       ] GC(1574) Pause Young (Mixed) (G1 Evacuation Pause)
[657.013s][info][gc,task        ] GC(1574) Using 2 workers of 2 for evacuation
[657.119s][info][gc,phases      ] GC(1574)   Pre Evacuate Collection Set: 0.29ms
[657.119s][info][gc,phases      ] GC(1574)   Merge Heap Roots: 0.63ms
[657.119s][info][gc,phases      ] GC(1574)   Evacuate Collection Set: 104.22ms
[657.119s][info][gc,phases      ] GC(1574)   Post Evacuate Collection Set: 0.48ms
[657.119s][info][gc,phases      ] GC(1574)   Other: 0.08ms
[657.119s][info][gc,heap        ] GC(1574) Eden regions: 257->0(225)
[657.119s][info][gc,heap        ] GC(1574) Survivor regions: 43->38(38)
[657.119s][info][gc,heap        ] GC(1574) Old regions: 556->590
[657.119s][info][gc,heap        ] GC(1574) Humongous regions: 8->8
[657.119s][info][gc,metaspace   ] GC(1574) Metaspace: 19150K(19328K)->19150K(19328K) NonClass: 16489K(16576K)->16489K(16576K) Class: 2661K(2752K)->2661K(2752K)
[657.119s][info][gc             ] GC(1574) Pause Young (Mixed) (G1 Evacuation Pause) 863M->635M(978M) 105.965ms
[657.119s][info][gc,cpu         ] GC(1574) User=0.21s Sys=0.00s Real=0.11s
[657.255s][info][gc,start       ] GC(1575) Pause Young (Concurrent Start) (G1 Humongous Allocation)
[657.255s][info][gc,task        ] GC(1575) Using 2 workers of 2 for evacuation
[657.297s][info][gc,phases      ] GC(1575)   Pre Evacuate Collection Set: 0.29ms
[657.297s][info][gc,phases      ] GC(1575)   Merge Heap Roots: 0.15ms
[657.297s][info][gc,phases      ] GC(1575)   Evacuate Collection Set: 40.68ms
[657.297s][info][gc,phases      ] GC(1575)   Post Evacuate Collection Set: 0.47ms
[657.297s][info][gc,phases      ] GC(1575)   Other: 0.08ms
[657.297s][info][gc,heap        ] GC(1575) Eden regions: 115->0(236)
[657.297s][info][gc,heap        ] GC(1575) Survivor regions: 38->7(33)
[657.297s][info][gc,heap        ] GC(1575) Old regions: 590->628
[657.297s][info][gc,heap        ] GC(1575) Humongous regions: 8->8
[657.297s][info][gc,metaspace   ] GC(1575) Metaspace: 19150K(19328K)->19150K(19328K) NonClass: 16489K(16576K)->16489K(16576K) Class: 2661K(2752K)->2661K(2752K)
[657.297s][info][gc             ] GC(1575) Pause Young (Concurrent Start) (G1 Humongous Allocation) 750M->642M(978M) 41.900ms
[657.297s][info][gc             ] GC(1576) Concurrent Mark Cycle
[657.297s][info][gc,marking     ] GC(1576) Concurrent Scan Root Regions
[657.299s][info][gc,cpu         ] GC(1575) User=0.09s Sys=0.01s Real=0.05s
[657.353s][info][gc,marking     ] GC(1576) Concurrent Scan Root Regions 55.467ms
[657.353s][info][gc,marking     ] GC(1576) Concurrent Mark
[657.353s][info][gc,marking     ] GC(1576) Concurrent Mark From Roots
[657.353s][info][gc,task        ] GC(1576) Using 1 workers of 1 for marking
[658.028s][info][gc,start       ] GC(1577) Pause Young (Normal) (G1 Evacuation Pause)
[658.028s][info][gc,task        ] GC(1577) Using 2 workers of 2 for evacuation
[658.059s][info][gc,phases      ] GC(1577)   Pre Evacuate Collection Set: 0.28ms
[658.059s][info][gc,phases      ] GC(1577)   Merge Heap Roots: 0.31ms
[658.059s][info][gc,phases      ] GC(1577)   Evacuate Collection Set: 29.67ms
[658.059s][info][gc,phases      ] GC(1577)   Post Evacuate Collection Set: 0.51ms
[658.059s][info][gc,phases      ] GC(1577)   Other: 0.10ms
[658.059s][info][gc,heap        ] GC(1577) Eden regions: 236->0(235)
[658.059s][info][gc,heap        ] GC(1577) Survivor regions: 7->17(31)
[658.059s][info][gc,heap        ] GC(1577) Old regions: 628->628
[658.059s][info][gc,heap        ] GC(1577) Humongous regions: 11->11
[658.059s][info][gc,metaspace   ] GC(1577) Metaspace: 19150K(19328K)->19150K(19328K) NonClass: 16489K(16576K)->16489K(16576K) Class: 2661K(2752K)->2661K(2752K)
[658.059s][info][gc             ] GC(1577) Pause Young (Normal) (G1 Evacuation Pause) 881M->655M(978M) 31.122ms
[658.059s][info][gc,cpu         ] GC(1577) User=0.06s Sys=0.00s Real=0.03s
[658.477s][info][gc,marking     ] GC(1576) Concurrent Mark From Roots 1124.125ms
[658.477s][info][gc,marking     ] GC(1576) Concurrent Preclean
[658.477s][info][gc,marking     ] GC(1576) Concurrent Preclean 0.039ms
[658.477s][info][gc,start       ] GC(1576) Pause Remark
[658.485s][info][gc             ] GC(1576) Pause Remark 778M->640M(978M) 8.012ms
[658.485s][info][gc,cpu         ] GC(1576) User=0.02s Sys=0.00s Real=0.00s
[658.485s][info][gc,marking     ] GC(1576) Concurrent Mark 1132.483ms
[658.485s][info][gc,marking     ] GC(1576) Concurrent Rebuild Remembered Sets and Scrub Regions
[658.731s][info][gc,start       ] GC(1578) Pause Young (Normal) (G1 Evacuation Pause)
[658.732s][info][gc,task        ] GC(1578) Using 2 workers of 2 for evacuation
[658.762s][info][gc,phases      ] GC(1578)   Pre Evacuate Collection Set: 0.42ms
[658.762s][info][gc,phases      ] GC(1578)   Merge Heap Roots: 0.28ms
[658.762s][info][gc,phases      ] GC(1578)   Evacuate Collection Set: 29.04ms
[658.762s][info][gc,phases      ] GC(1578)   Post Evacuate Collection Set: 0.49ms
[658.762s][info][gc,phases      ] GC(1578)   Other: 0.08ms
[658.762s][info][gc,heap        ] GC(1578) Eden regions: 235->0(356)
[658.762s][info][gc,heap        ] GC(1578) Survivor regions: 17->12(32)
[658.762s][info][gc,heap        ] GC(1578) Old regions: 493->500
[658.762s][info][gc,heap        ] GC(1578) Humongous regions: 8->8
[658.762s][info][gc,metaspace   ] GC(1578) Metaspace: 19150K(19328K)->19150K(19328K) NonClass: 16489K(16576K)->16489K(16576K) Class: 2661K(2752K)->2661K(2752K)
[658.762s][info][gc             ] GC(1578) Pause Young (Normal) (G1 Evacuation Pause) 752M->518M(978M) 30.541ms
[658.762s][info][gc,cpu         ] GC(1578) User=0.06s Sys=0.00s Real=0.03s
[658.888s][info][gc,marking     ] GC(1576) Concurrent Rebuild Remembered Sets and Scrub Regions 402.569ms
[658.888s][info][gc,start       ] GC(1576) Pause Cleanup
[658.888s][info][gc             ] GC(1576) Pause Cleanup 569M->569M(978M) 0.094ms
[658.888s][info][gc,cpu         ] GC(1576) User=0.00s Sys=0.00s Real=0.00s
[658.888s][info][gc,marking     ] GC(1576) Concurrent Clear Claimed Marks
[658.888s][info][gc,marking     ] GC(1576) Concurrent Clear Claimed Marks 0.031ms
[658.888s][info][gc,marking     ] GC(1576) Concurrent Cleanup for Next Mark
[658.891s][info][gc,marking     ] GC(1576) Concurrent Cleanup for Next Mark 2.859ms
[658.891s][info][gc             ] GC(1576) Concurrent Mark Cycle 1593.886ms
[659.334s][info][gc,start       ] GC(1579) Pause Young (Prepare Mixed) (G1 Evacuation Pause)
[659.334s][info][gc,task        ] GC(1579) Using 2 workers of 2 for evacuation
[659.350s][info][gc,phases      ] GC(1579)   Pre Evacuate Collection Set: 0.31ms
[659.350s][info][gc,phases      ] GC(1579)   Merge Heap Roots: 0.29ms
[659.350s][info][gc,phases      ] GC(1579)   Evacuate Collection Set: 14.67ms
[659.350s][info][gc,phases      ] GC(1579)   Post Evacuate Collection Set: 0.56ms
[659.350s][info][gc,phases      ] GC(1579)   Other: 0.11ms
[659.350s][info][gc,heap        ] GC(1579) Eden regions: 356->0(374)
[659.350s][info][gc,heap        ] GC(1579) Survivor regions: 12->12(46)
[659.350s][info][gc,heap        ] GC(1579) Old regions: 500->500
[659.350s][info][gc,heap        ] GC(1579) Humongous regions: 8->8
[659.350s][info][gc,metaspace   ] GC(1579) Metaspace: 19150K(19328K)->19150K(19328K) NonClass: 16489K(16576K)->16489K(16576K) Class: 2661K(2752K)->2661K(2752K)
[659.350s][info][gc             ] GC(1579) Pause Young (Prepare Mixed) (G1 Evacuation Pause) 874M->518M(978M) 16.157ms
[659.350s][info][gc,cpu         ] GC(1579) User=0.04s Sys=0.00s Real=0.02s
[659.831s][info][gc,start       ] GC(1580) Pause Young (Mixed) (G1 Evacuation Pause)
[659.831s][info][gc,task        ] GC(1580) Using 2 workers of 2 for evacuation
[659.873s][info][gc,phases      ] GC(1580)   Pre Evacuate Collection Set: 0.52ms
[659.873s][info][gc,phases      ] GC(1580)   Merge Heap Roots: 0.25ms
[659.873s][info][gc,phases      ] GC(1580)   Evacuate Collection Set: 40.35ms
[659.873s][info][gc,phases      ] GC(1580)   Post Evacuate Collection Set: 0.62ms
[659.873s][info][gc,phases      ] GC(1580)   Other: 0.10ms
[659.873s][info][gc,heap        ] GC(1580) Eden regions: 374->0(376)
[659.873s][info][gc,heap        ] GC(1580) Survivor regions: 12->33(49)
[659.873s][info][gc,heap        ] GC(1580) Old regions: 500->475
[659.873s][info][gc,heap        ] GC(1580) Humongous regions: 8->8
[659.873s][info][gc,metaspace   ] GC(1580) Metaspace: 19150K(19328K)->19150K(19328K) NonClass: 16489K(16576K)->16489K(16576K) Class: 2661K(2752K)->2661K(2752K)
[659.873s][info][gc             ] GC(1580) Pause Young (Mixed) (G1 Evacuation Pause) 892M->515M(978M) 42.084ms
[659.873s][info][gc,cpu         ] GC(1580) User=0.08s Sys=0.00s Real=0.04s
[660.201s][info][gc,start       ] GC(1581) Pause Young (Concurrent Start) (G1 Evacuation Pause)
[660.201s][info][gc,task        ] GC(1581) Using 2 workers of 2 for evacuation
[660.269s][info][gc,phases      ] GC(1581)   Pre Evacuate Collection Set: 0.35ms
[660.269s][info][gc,phases      ] GC(1581)   Merge Heap Roots: 0.23ms
[660.269s][info][gc,phases      ] GC(1581)   Evacuate Collection Set: 66.40ms
[660.269s][info][gc,phases      ] GC(1581)   Post Evacuate Collection Set: 0.69ms
[660.269s][info][gc,phases      ] GC(1581)   Other: 0.13ms
[660.269s][info][gc,heap        ] GC(1581) Eden regions: 376->0(334)
[660.269s][info][gc,heap        ] GC(1581) Survivor regions: 33->50(52)
[660.269s][info][gc,heap        ] GC(1581) Old regions: 475->486
[660.269s][info][gc,heap        ] GC(1581) Humongous regions: 8->8
[660.269s][info][gc,metaspace   ] GC(1581) Metaspace: 19150K(19328K)->19150K(19328K) NonClass: 16489K(16576K)->16489K(16576K) Class: 2661K(2752K)->2661K(2752K)
[660.269s][info][gc             ] GC(1581) Pause Young (Concurrent Start) (G1 Evacuation Pause) 891M->543M(978M) 68.041ms
[660.269s][info][gc,cpu         ] GC(1581) User=0.13s Sys=0.00s Real=0.07s
[660.269s][info][gc             ] GC(1582) Concurrent Mark Cycle
[660.269s][info][gc,marking     ] GC(1582) Concurrent Scan Root Regions
[660.391s][info][gc,marking     ] GC(1582) Concurrent Scan Root Regions 122.117ms
[660.391s][info][gc,marking     ] GC(1582) Concurrent Mark
[660.391s][info][gc,marking     ] GC(1582) Concurrent Mark From Roots
[660.391s][info][gc,task        ] GC(1582) Using 1 workers of 1 for marking
[660.651s][info][gc,start       ] GC(1583) Pause Young (Normal) (G1 Evacuation Pause)
[660.651s][info][gc,task        ] GC(1583) Using 2 workers of 2 for evacuation
[660.738s][info][gc,phases      ] GC(1583)   Pre Evacuate Collection Set: 0.52ms
[660.738s][info][gc,phases      ] GC(1583)   Merge Heap Roots: 0.42ms
[660.738s][info][gc,phases      ] GC(1583)   Evacuate Collection Set: 84.74ms
[660.738s][info][gc,phases      ] GC(1583)   Post Evacuate Collection Set: 0.63ms
[660.738s][info][gc,phases      ] GC(1583)   Other: 0.10ms
[660.738s][info][gc,heap        ] GC(1583) Eden regions: 334->0(321)
[660.738s][info][gc,heap        ] GC(1583) Survivor regions: 50->30(48)
[660.738s][info][gc,heap        ] GC(1583) Old regions: 486->535
[660.738s][info][gc,heap        ] GC(1583) Humongous regions: 8->8
[660.738s][info][gc,metaspace   ] GC(1583) Metaspace: 19150K(19328K)->19150K(19328K) NonClass: 16489K(16576K)->16489K(16576K) Class: 2661K(2752K)->2661K(2752K)
[660.738s][info][gc             ] GC(1583) Pause Young (Normal) (G1 Evacuation Pause) 877M->572M(978M) 86.648ms
[660.738s][info][gc,cpu         ] GC(1583) User=0.17s Sys=0.00s Real=0.09s
[661.290s][info][gc,start       ] GC(1584) Pause Young (Normal) (G1 Evacuation Pause)
[661.291s][info][gc,task        ] GC(1584) Using 2 workers of 2 for evacuation
[661.348s][info][gc,phases      ] GC(1584)   Pre Evacuate Collection Set: 0.29ms
[661.348s][info][gc,phases      ] GC(1584)   Merge Heap Roots: 0.31ms
[661.348s][info][gc,phases      ] GC(1584)   Evacuate Collection Set: 56.60ms
[661.348s][info][gc,phases      ] GC(1584)   Post Evacuate Collection Set: 0.57ms
[661.348s][info][gc,phases      ] GC(1584)   Other: 0.09ms
[661.348s][info][gc,heap        ] GC(1584) Eden regions: 321->0(302)
[661.349s][info][gc,heap        ] GC(1584) Survivor regions: 30->23(44)
[661.349s][info][gc,heap        ] GC(1584) Old regions: 535->565
[661.349s][info][gc,heap        ] GC(1584) Humongous regions: 8->8
[661.349s][info][gc,metaspace   ] GC(1584) Metaspace: 19150K(19328K)->19150K(19328K) NonClass: 16489K(16576K)->16489K(16576K) Class: 2661K(2752K)->2661K(2752K)
[661.349s][info][gc             ] GC(1584) Pause Young (Normal) (G1 Evacuation Pause) 893M->595M(978M) 58.151ms
[661.349s][info][gc,cpu         ] GC(1584) User=0.12s Sys=0.00s Real=0.06s
[661.788s][info][gc,marking     ] GC(1582) Concurrent Mark From Roots 1396.883ms
[661.788s][info][gc,marking     ] GC(1582) Concurrent Preclean
[661.788s][info][gc,marking     ] GC(1582) Concurrent Preclean 0.043ms
[661.789s][info][gc,start       ] GC(1582) Pause Remark
[661.796s][info][gc             ] GC(1582) Pause Remark 817M->816M(978M) 7.875ms
[661.796s][info][gc,cpu         ] GC(1582) User=0.02s Sys=0.00s Real=0.01s
[661.796s][info][gc,marking     ] GC(1582) Concurrent Mark 1405.121ms
[661.797s][info][gc,marking     ] GC(1582) Concurrent Rebuild Remembered Sets and Scrub Regions
[662.238s][info][gc,start       ] GC(1585) Pause Young (Normal) (G1 Evacuation Pause)
[662.239s][info][gc,task        ] GC(1585) Using 2 workers of 2 for evacuation
[662.290s][info][gc,phases      ] GC(1585)   Pre Evacuate Collection Set: 0.28ms
[662.290s][info][gc,phases      ] GC(1585)   Merge Heap Roots: 0.36ms
[662.290s][info][gc,phases      ] GC(1585)   Evacuate Collection Set: 50.27ms
[662.290s][info][gc,phases      ] GC(1585)   Post Evacuate Collection Set: 0.52ms
[662.290s][info][gc,phases      ] GC(1585)   Other: 0.08ms
[662.290s][info][gc,heap        ] GC(1585) Eden regions: 302->0(281)
[662.290s][info][gc,heap        ] GC(1585) Survivor regions: 23->24(41)
[662.290s][info][gc,heap        ] GC(1585) Old regions: 565->588
[662.290s][info][gc,heap        ] GC(1585) Humongous regions: 7->7
[662.290s][info][gc,metaspace   ] GC(1585) Metaspace: 19150K(19328K)->19150K(19328K) NonClass: 16489K(16576K)->16489K(16576K) Class: 2661K(2752K)->2661K(2752K)
[662.290s][info][gc             ] GC(1585) Pause Young (Normal) (G1 Evacuation Pause) 896M->618M(978M) 51.742ms
[662.290s][info][gc,cpu         ] GC(1585) User=0.10s Sys=0.00s Real=0.05s
[662.360s][info][gc,marking     ] GC(1582) Concurrent Rebuild Remembered Sets and Scrub Regions 563.262ms
[662.360s][info][gc,start       ] GC(1582) Pause Cleanup
[662.360s][info][gc             ] GC(1582) Pause Cleanup 642M->642M(978M) 0.118ms
[662.360s][info][gc,cpu         ] GC(1582) User=0.00s Sys=0.00s Real=0.00s
[662.360s][info][gc,marking     ] GC(1582) Concurrent Clear Claimed Marks
[662.360s][info][gc,marking     ] GC(1582) Concurrent Clear Claimed Marks 0.036ms
[662.360s][info][gc,marking     ] GC(1582) Concurrent Cleanup for Next Mark
[662.365s][info][gc,marking     ] GC(1582) Concurrent Cleanup for Next Mark 4.861ms
[662.365s][info][gc             ] GC(1582) Concurrent Mark Cycle 2095.960ms
[662.937s][info][gc,start       ] GC(1586) Pause Young (Prepare Mixed) (G1 Evacuation Pause)
[662.937s][info][gc,task        ] GC(1586) Using 2 workers of 2 for evacuation
[662.962s][info][gc,phases      ] GC(1586)   Pre Evacuate Collection Set: 0.29ms
[662.962s][info][gc,phases      ] GC(1586)   Merge Heap Roots: 0.21ms
[662.962s][info][gc,phases      ] GC(1586)   Evacuate Collection Set: 23.65ms
[662.962s][info][gc,phases      ] GC(1586)   Post Evacuate Collection Set: 0.50ms
[662.962s][info][gc,phases      ] GC(1586)   Other: 0.11ms
[662.962s][info][gc,heap        ] GC(1586) Eden regions: 281->0(295)
[662.962s][info][gc,heap        ] GC(1586) Survivor regions: 24->1(39)
[662.962s][info][gc,heap        ] GC(1586) Old regions: 588->612
[662.962s][info][gc,heap        ] GC(1586) Humongous regions: 7->7
[662.962s][info][gc,metaspace   ] GC(1586) Metaspace: 19150K(19328K)->19150K(19328K) NonClass: 16489K(16576K)->16489K(16576K) Class: 2661K(2752K)->2661K(2752K)
[662.962s][info][gc             ] GC(1586) Pause Young (Prepare Mixed) (G1 Evacuation Pause) 899M->619M(978M) 25.013ms
[662.962s][info][gc,cpu         ] GC(1586) User=0.05s Sys=0.00s Real=0.02s
[663.580s][info][gc,start       ] GC(1587) Pause Young (Mixed) (G1 Evacuation Pause)
[663.580s][info][gc,task        ] GC(1587) Using 2 workers of 2 for evacuation
[663.582s][info][gc,phases      ] GC(1587)   Pre Evacuate Collection Set: 0.31ms
[663.582s][info][gc,phases      ] GC(1587)   Merge Heap Roots: 0.14ms
[663.582s][info][gc,phases      ] GC(1587)   Evacuate Collection Set: 1.20ms
[663.582s][info][gc,phases      ] GC(1587)   Post Evacuate Collection Set: 0.48ms
[663.582s][info][gc,phases      ] GC(1587)   Other: 0.11ms
[663.582s][info][gc,heap        ] GC(1587) Eden regions: 295->0(314)
[663.582s][info][gc,heap        ] GC(1587) Survivor regions: 1->1(37)
[663.582s][info][gc,heap        ] GC(1587) Old regions: 612->603
[663.582s][info][gc,heap        ] GC(1587) Humongous regions: 7->7
[663.582s][info][gc,metaspace   ] GC(1587) Metaspace: 19150K(19328K)->19150K(19328K) NonClass: 16489K(16576K)->16489K(16576K) Class: 2661K(2752K)->2661K(2752K)
[663.582s][info][gc             ] GC(1587) Pause Young (Mixed) (G1 Evacuation Pause) 914M->610M(978M) 2.486ms
[663.582s][info][gc,cpu         ] GC(1587) User=0.00s Sys=0.00s Real=0.00s
[664.274s][info][gc,start       ] GC(1588) Pause Young (Concurrent Start) (G1 Evacuation Pause)
[664.275s][info][gc,task        ] GC(1588) Using 2 workers of 2 for evacuation
[664.282s][info][gc,phases      ] GC(1588)   Pre Evacuate Collection Set: 0.43ms
[664.282s][info][gc,phases      ] GC(1588)   Merge Heap Roots: 0.15ms
[664.282s][info][gc,phases      ] GC(1588)   Evacuate Collection Set: 5.91ms
[664.282s][info][gc,phases      ] GC(1588)   Post Evacuate Collection Set: 0.56ms
[664.282s][info][gc,phases      ] GC(1588)   Other: 0.19ms
[664.282s][info][gc,heap        ] GC(1588) Eden regions: 314->0(312)
[664.282s][info][gc,heap        ] GC(1588) Survivor regions: 1->3(40)
[664.282s][info][gc,heap        ] GC(1588) Old regions: 603->603
[664.282s][info][gc,heap        ] GC(1588) Humongous regions: 7->7
[664.282s][info][gc,metaspace   ] GC(1588) Metaspace: 19150K(19328K)->19150K(19328K) NonClass: 16489K(16576K)->16489K(16576K) Class: 2661K(2752K)->2661K(2752K)
[664.282s][info][gc             ] GC(1588) Pause Young (Concurrent Start) (G1 Evacuation Pause) 924M->612M(978M) 7.460ms
[664.282s][info][gc             ] GC(1589) Concurrent Mark Cycle
[664.282s][info][gc,marking     ] GC(1589) Concurrent Scan Root Regions
[664.282s][info][gc,cpu         ] GC(1588) User=0.01s Sys=0.00s Real=0.01s
[664.288s][info][gc,marking     ] GC(1589) Concurrent Scan Root Regions 6.518ms
[664.288s][info][gc,marking     ] GC(1589) Concurrent Mark
[664.288s][info][gc,marking     ] GC(1589) Concurrent Mark From Roots
[664.288s][info][gc,task        ] GC(1589) Using 1 workers of 1 for marking
[664.854s][info][gc,start       ] GC(1590) Pause Young (Normal) (G1 Evacuation Pause)
[664.854s][info][gc,task        ] GC(1590) Using 2 workers of 2 for evacuation
[664.956s][info][gc,phases      ] GC(1590)   Pre Evacuate Collection Set: 0.29ms
[664.956s][info][gc,phases      ] GC(1590)   Merge Heap Roots: 0.24ms
[664.956s][info][gc,phases      ] GC(1590)   Evacuate Collection Set: 87.07ms
[664.956s][info][gc,phases      ] GC(1590)   Post Evacuate Collection Set: 13.78ms
[664.956s][info][gc,phases      ] GC(1590)   Other: 0.09ms
[664.956s][info][gc,heap        ] GC(1590) Eden regions: 312->0(34)
[664.956s][info][gc,heap        ] GC(1590) Survivor regions: 3->40(40)
[664.956s][info][gc,heap        ] GC(1590) Old regions: 603->807
[664.956s][info][gc,heap        ] GC(1590) Humongous regions: 7->7
[664.956s][info][gc,metaspace   ] GC(1590) Metaspace: 19150K(19328K)->19150K(19328K) NonClass: 16489K(16576K)->16489K(16576K) Class: 2661K(2752K)->2661K(2752K)
[664.956s][info][gc             ] GC(1590) Pause Young (Normal) (G1 Evacuation Pause) (Evacuation Failure: Allocation) 924M->853M(978M) 101.675ms
[664.956s][info][gc,cpu         ] GC(1590) User=0.20s Sys=0.00s Real=0.10s
[664.997s][info][gc,start       ] GC(1591) Pause Young (Normal) (G1 Evacuation Pause)
[664.997s][info][gc,task        ] GC(1591) Using 2 workers of 2 for evacuation
[665.071s][info][gc,phases      ] GC(1591)   Pre Evacuate Collection Set: 0.32ms
[665.071s][info][gc,phases      ] GC(1591)   Merge Heap Roots: 0.62ms
[665.071s][info][gc,phases      ] GC(1591)   Evacuate Collection Set: 72.33ms
[665.071s][info][gc,phases      ] GC(1591)   Post Evacuate Collection Set: 0.47ms
[665.071s][info][gc,phases      ] GC(1591)   Other: 0.09ms
[665.071s][info][gc,heap        ] GC(1591) Eden regions: 34->0(187)
[665.071s][info][gc,heap        ] GC(1591) Survivor regions: 40->9(10)
[665.071s][info][gc,heap        ] GC(1591) Old regions: 807->711
[665.071s][info][gc,heap        ] GC(1591) Humongous regions: 7->7
[665.071s][info][gc,metaspace   ] GC(1591) Metaspace: 19150K(19328K)->19150K(19328K) NonClass: 16489K(16576K)->16489K(16576K) Class: 2661K(2752K)->2661K(2752K)
[665.071s][info][gc             ] GC(1591) Pause Young (Normal) (G1 Evacuation Pause) 887M->726M(978M) 74.036ms
[665.071s][info][gc,cpu         ] GC(1591) User=0.15s Sys=0.00s Real=0.07s
[665.323s][info][gc,start       ] GC(1592) Pause Young (Normal) (G1 Evacuation Pause)
[665.323s][info][gc,task        ] GC(1592) Using 2 workers of 2 for evacuation
[665.384s][info][gc,phases      ] GC(1592)   Pre Evacuate Collection Set: 0.49ms
[665.384s][info][gc,phases      ] GC(1592)   Merge Heap Roots: 0.29ms
[665.384s][info][gc,phases      ] GC(1592)   Evacuate Collection Set: 59.07ms
[665.384s][info][gc,phases      ] GC(1592)   Post Evacuate Collection Set: 0.79ms
[665.384s][info][gc,phases      ] GC(1592)   Other: 0.09ms
[665.384s][info][gc,heap        ] GC(1592) Eden regions: 187->0(140)
[665.384s][info][gc,heap        ] GC(1592) Survivor regions: 9->25(25)
[665.384s][info][gc,heap        ] GC(1592) Old regions: 711->731
[665.384s][info][gc,heap        ] GC(1592) Humongous regions: 7->7
[665.384s][info][gc,metaspace   ] GC(1592) Metaspace: 19150K(19328K)->19150K(19328K) NonClass: 16489K(16576K)->16489K(16576K) Class: 2661K(2752K)->2661K(2752K)
[665.384s][info][gc             ] GC(1592) Pause Young (Normal) (G1 Evacuation Pause) (Evacuation Failure: Allocation) 913M->762M(978M) 60.983ms
[665.384s][info][gc,cpu         ] GC(1592) User=0.12s Sys=0.01s Real=0.06s
[665.485s][info][gc,marking     ] GC(1589) Concurrent Mark From Roots 1196.052ms
[665.485s][info][gc,marking     ] GC(1589) Concurrent Preclean
[665.485s][info][gc,marking     ] GC(1589) Concurrent Preclean 0.034ms
[665.485s][info][gc,start       ] GC(1589) Pause Remark
[665.493s][info][gc             ] GC(1589) Pause Remark 809M->618M(978M) 7.843ms
[665.493s][info][gc,cpu         ] GC(1589) User=0.02s Sys=0.00s Real=0.01s
[665.493s][info][gc,marking     ] GC(1589) Concurrent Mark 1204.837ms
[665.493s][info][gc,marking     ] GC(1589) Concurrent Rebuild Remembered Sets and Scrub Regions
[665.664s][info][gc,start       ] GC(1593) Pause Young (Normal) (G1 Evacuation Pause)
[665.664s][info][gc,task        ] GC(1593) Using 2 workers of 2 for evacuation
[665.720s][info][gc,phases      ] GC(1593)   Pre Evacuate Collection Set: 0.49ms
[665.720s][info][gc,phases      ] GC(1593)   Merge Heap Roots: 0.51ms
[665.720s][info][gc,phases      ] GC(1593)   Evacuate Collection Set: 54.90ms
[665.720s][info][gc,phases      ] GC(1593)   Post Evacuate Collection Set: 0.40ms
[665.720s][info][gc,phases      ] GC(1593)   Other: 0.09ms
[665.720s][info][gc,heap        ] GC(1593) Eden regions: 140->0(283)
[665.720s][info][gc,heap        ] GC(1593) Survivor regions: 25->15(21)
[665.720s][info][gc,heap        ] GC(1593) Old regions: 543->567
[665.720s][info][gc,heap        ] GC(1593) Humongous regions: 7->7
[665.720s][info][gc,metaspace   ] GC(1593) Metaspace: 19150K(19328K)->19150K(19328K) NonClass: 16489K(16576K)->16489K(16576K) Class: 2661K(2752K)->2661K(2752K)
[665.721s][info][gc             ] GC(1593) Pause Young (Normal) (G1 Evacuation Pause) 714M->588M(978M) 56.608ms
[665.721s][info][gc,cpu         ] GC(1593) User=0.11s Sys=0.00s Real=0.06s
[665.904s][info][gc,marking     ] GC(1589) Concurrent Rebuild Remembered Sets and Scrub Regions 410.950ms
[665.904s][info][gc,start       ] GC(1589) Pause Cleanup
[665.905s][info][gc             ] GC(1589) Pause Cleanup 690M->690M(978M) 0.113ms
[665.905s][info][gc,cpu         ] GC(1589) User=0.00s Sys=0.00s Real=0.00s
[665.905s][info][gc,marking     ] GC(1589) Concurrent Clear Claimed Marks
[665.905s][info][gc,marking     ] GC(1589) Concurrent Clear Claimed Marks 0.044ms
[665.905s][info][gc,marking     ] GC(1589) Concurrent Cleanup for Next Mark
[665.911s][info][gc,marking     ] GC(1589) Concurrent Cleanup for Next Mark 5.982ms
[665.911s][info][gc             ] GC(1589) Concurrent Mark Cycle 1629.251ms
[666.094s][info][gc,start       ] GC(1594) Pause Young (Prepare Mixed) (G1 Evacuation Pause)
[666.094s][info][gc,task        ] GC(1594) Using 2 workers of 2 for evacuation
[666.117s][info][gc,phases      ] GC(1594)   Pre Evacuate Collection Set: 0.29ms
[666.117s][info][gc,phases      ] GC(1594)   Merge Heap Roots: 0.19ms
[666.117s][info][gc,phases      ] GC(1594)   Evacuate Collection Set: 21.74ms
[666.117s][info][gc,phases      ] GC(1594)   Post Evacuate Collection Set: 0.52ms
[666.117s][info][gc,phases      ] GC(1594)   Other: 0.09ms
[666.117s][info][gc,heap        ] GC(1594) Eden regions: 283->0(303)
[666.117s][info][gc,heap        ] GC(1594) Survivor regions: 15->15(38)
[666.117s][info][gc,heap        ] GC(1594) Old regions: 567->567
[666.117s][info][gc,heap        ] GC(1594) Humongous regions: 7->7
[666.117s][info][gc,metaspace   ] GC(1594) Metaspace: 19150K(19328K)->19150K(19328K) NonClass: 16489K(16576K)->16489K(16576K) Class: 2661K(2752K)->2661K(2752K)
[666.117s][info][gc             ] GC(1594) Pause Young (Prepare Mixed) (G1 Evacuation Pause) 871M->588M(978M) 23.022ms
[666.117s][info][gc,cpu         ] GC(1594) User=0.04s Sys=0.00s Real=0.03s
[666.436s][info][gc,start       ] GC(1595) Pause Young (Mixed) (G1 Evacuation Pause)
[666.436s][info][gc,task        ] GC(1595) Using 2 workers of 2 for evacuation
[666.461s][info][gc,phases      ] GC(1595)   Pre Evacuate Collection Set: 0.48ms
[666.461s][info][gc,phases      ] GC(1595)   Merge Heap Roots: 0.22ms
[666.461s][info][gc,phases      ] GC(1595)   Evacuate Collection Set: 22.97ms
[666.461s][info][gc,phases      ] GC(1595)   Post Evacuate Collection Set: 0.59ms
[666.461s][info][gc,phases      ] GC(1595)   Other: 0.10ms
[666.461s][info][gc,heap        ] GC(1595) Eden regions: 303->0(361)
[666.461s][info][gc,heap        ] GC(1595) Survivor regions: 15->16(40)
[666.461s][info][gc,heap        ] GC(1595) Old regions: 567->517
[666.461s][info][gc,heap        ] GC(1595) Humongous regions: 7->7
[666.461s][info][gc,metaspace   ] GC(1595) Metaspace: 19150K(19328K)->19150K(19328K) NonClass: 16489K(16576K)->16489K(16576K) Class: 2661K(2752K)->2661K(2752K)
[666.461s][info][gc             ] GC(1595) Pause Young (Mixed) (G1 Evacuation Pause) 891M->539M(978M) 24.582ms
[666.461s][info][gc,cpu         ] GC(1595) User=0.05s Sys=0.00s Real=0.02s
[666.854s][info][gc,start       ] GC(1596) Pause Young (Concurrent Start) (G1 Evacuation Pause)
[666.854s][info][gc,task        ] GC(1596) Using 2 workers of 2 for evacuation
[666.886s][info][gc,phases      ] GC(1596)   Pre Evacuate Collection Set: 0.31ms
[666.887s][info][gc,phases      ] GC(1596)   Merge Heap Roots: 0.25ms
[666.887s][info][gc,phases      ] GC(1596)   Evacuate Collection Set: 30.52ms
[666.887s][info][gc,phases      ] GC(1596)   Post Evacuate Collection Set: 0.68ms
[666.887s][info][gc,phases      ] GC(1596)   Other: 0.21ms
[666.887s][info][gc,heap        ] GC(1596) Eden regions: 361->0(366)
[666.887s][info][gc,heap        ] GC(1596) Survivor regions: 16->19(48)
[666.887s][info][gc,heap        ] GC(1596) Old regions: 517->517
[666.887s][info][gc,heap        ] GC(1596) Humongous regions: 7->7
[666.887s][info][gc,metaspace   ] GC(1596) Metaspace: 19150K(19328K)->19150K(19328K) NonClass: 16489K(16576K)->16489K(16576K) Class: 2661K(2752K)->2661K(2752K)
[666.887s][info][gc             ] GC(1596) Pause Young (Concurrent Start) (G1 Evacuation Pause) 900M->542M(978M) 32.217ms
[666.887s][info][gc             ] GC(1597) Concurrent Mark Cycle
[666.887s][info][gc,marking     ] GC(1597) Concurrent Scan Root Regions
[666.887s][info][gc,cpu         ] GC(1596) User=0.07s Sys=0.00s Real=0.04s
[666.951s][info][gc,marking     ] GC(1597) Concurrent Scan Root Regions 64.462ms
[666.951s][info][gc,marking     ] GC(1597) Concurrent Mark
[666.951s][info][gc,marking     ] GC(1597) Concurrent Mark From Roots
[666.951s][info][gc,task        ] GC(1597) Using 1 workers of 1 for marking
[667.702s][info][gc,marking     ] GC(1597) Concurrent Mark From Roots 750.808ms
[667.702s][info][gc,marking     ] GC(1597) Concurrent Preclean
[667.702s][info][gc,marking     ] GC(1597) Concurrent Preclean 0.040ms
[667.702s][info][gc,start       ] GC(1597) Pause Remark
[667.710s][info][gc             ] GC(1597) Pause Remark 833M->738M(978M) 7.969ms
[667.710s][info][gc,cpu         ] GC(1597) User=0.01s Sys=0.00s Real=0.01s
[667.711s][info][gc,marking     ] GC(1597) Concurrent Mark 759.951ms
[667.711s][info][gc,marking     ] GC(1597) Concurrent Rebuild Remembered Sets and Scrub Regions
[667.866s][info][gc,start       ] GC(1598) Pause Young (Normal) (G1 Evacuation Pause)
[667.866s][info][gc,task        ] GC(1598) Using 2 workers of 2 for evacuation
[667.925s][info][gc,phases      ] GC(1598)   Pre Evacuate Collection Set: 0.27ms
[667.925s][info][gc,phases      ] GC(1598)   Merge Heap Roots: 0.45ms
[667.925s][info][gc,phases      ] GC(1598)   Evacuate Collection Set: 57.28ms
[667.925s][info][gc,phases      ] GC(1598)   Post Evacuate Collection Set: 0.72ms
[667.925s][info][gc,phases      ] GC(1598)   Other: 0.09ms
[667.925s][info][gc,heap        ] GC(1598) Eden regions: 366->0(430)
[667.925s][info][gc,heap        ] GC(1598) Survivor regions: 19->33(49)
[667.925s][info][gc,heap        ] GC(1598) Old regions: 425->425
[667.925s][info][gc,heap        ] GC(1598) Humongous regions: 7->7
[667.925s][info][gc,metaspace   ] GC(1598) Metaspace: 19150K(19328K)->19150K(19328K) NonClass: 16489K(16576K)->16489K(16576K) Class: 2661K(2752K)->2661K(2752K)
[667.925s][info][gc             ] GC(1598) Pause Young (Normal) (G1 Evacuation Pause) 816M->464M(978M) 59.067ms
[667.925s][info][gc,cpu         ] GC(1598) User=0.12s Sys=0.00s Real=0.06s
[668.118s][info][gc,marking     ] GC(1597) Concurrent Rebuild Remembered Sets and Scrub Regions 406.780ms
[668.118s][info][gc,start       ] GC(1597) Pause Cleanup
[668.118s][info][gc             ] GC(1597) Pause Cleanup 558M->558M(978M) 0.151ms
[668.118s][info][gc,cpu         ] GC(1597) User=0.00s Sys=0.00s Real=0.00s
[668.118s][info][gc,marking     ] GC(1597) Concurrent Clear Claimed Marks
[668.118s][info][gc,marking     ] GC(1597) Concurrent Clear Claimed Marks 0.036ms
[668.118s][info][gc,marking     ] GC(1597) Concurrent Cleanup for Next Mark
[668.121s][info][gc,marking     ] GC(1597) Concurrent Cleanup for Next Mark 2.872ms
[668.121s][info][gc             ] GC(1597) Concurrent Mark Cycle 1234.663ms
[668.542s][info][gc,start       ] GC(1599) Pause Young (Prepare Mixed) (G1 Evacuation Pause)
[668.542s][info][gc,task        ] GC(1599) Using 2 workers of 2 for evacuation
[668.623s][info][gc,phases      ] GC(1599)   Pre Evacuate Collection Set: 0.51ms
[668.623s][info][gc,phases      ] GC(1599)   Merge Heap Roots: 1.03ms
[668.623s][info][gc,phases      ] GC(1599)   Evacuate Collection Set: 78.74ms
[668.623s][info][gc,phases      ] GC(1599)   Post Evacuate Collection Set: 0.78ms
[668.623s][info][gc,phases      ] GC(1599)   Other: 0.11ms
[668.623s][info][gc,heap        ] GC(1599) Eden regions: 430->0(401)
[668.623s][info][gc,heap        ] GC(1599) Survivor regions: 33->40(58)
[668.623s][info][gc,heap        ] GC(1599) Old regions: 425->440
[668.623s][info][gc,heap        ] GC(1599) Humongous regions: 7->7
[668.623s][info][gc,metaspace   ] GC(1599) Metaspace: 19150K(19328K)->19150K(19328K) NonClass: 16489K(16576K)->16489K(16576K) Class: 2661K(2752K)->2661K(2752K)
[668.623s][info][gc             ] GC(1599) Pause Young (Prepare Mixed) (G1 Evacuation Pause) 894M->486M(978M) 81.426ms
[668.623s][info][gc,cpu         ] GC(1599) User=0.16s Sys=0.00s Real=0.08s
[668.993s][info][gc,start       ] GC(1600) Pause Young (Mixed) (G1 Evacuation Pause)
[668.993s][info][gc,task        ] GC(1600) Using 2 workers of 2 for evacuation
[669.104s][info][gc,phases      ] GC(1600)   Pre Evacuate Collection Set: 0.35ms
[669.105s][info][gc,phases      ] GC(1600)   Merge Heap Roots: 0.80ms
[669.105s][info][gc,phases      ] GC(1600)   Evacuate Collection Set: 109.34ms
[669.105s][info][gc,phases      ] GC(1600)   Post Evacuate Collection Set: 0.71ms
[669.105s][info][gc,phases      ] GC(1600)   Other: 0.10ms
[669.105s][info][gc,heap        ] GC(1600) Eden regions: 401->0(440)
[669.105s][info][gc,heap        ] GC(1600) Survivor regions: 40->40(56)
[669.105s][info][gc,heap        ] GC(1600) Old regions: 440->401
[669.105s][info][gc,heap        ] GC(1600) Humongous regions: 7->7
[669.105s][info][gc,metaspace   ] GC(1600) Metaspace: 19150K(19328K)->19150K(19328K) NonClass: 16489K(16576K)->16489K(16576K) Class: 2661K(2752K)->2661K(2752K)
[669.105s][info][gc             ] GC(1600) Pause Young (Mixed) (G1 Evacuation Pause) 887M->447M(978M) 111.578ms
[669.105s][info][gc,cpu         ] GC(1600) User=0.22s Sys=0.00s Real=0.11s
[669.460s][info][gc,start       ] GC(1601) Pause Young (Concurrent Start) (G1 Evacuation Pause)
[669.460s][info][gc,task        ] GC(1601) Using 2 workers of 2 for evacuation
[669.580s][info][gc,phases      ] GC(1601)   Pre Evacuate Collection Set: 0.29ms
[669.580s][info][gc,phases      ] GC(1601)   Merge Heap Roots: 0.45ms
[669.580s][info][gc,phases      ] GC(1601)   Evacuate Collection Set: 112.91ms
[669.580s][info][gc,phases      ] GC(1601)   Post Evacuate Collection Set: 5.73ms
[669.580s][info][gc,phases      ] GC(1601)   Other: 0.11ms
[669.580s][info][gc,heap        ] GC(1601) Eden regions: 440->0(261)
[669.580s][info][gc,heap        ] GC(1601) Survivor regions: 40->60(60)
[669.580s][info][gc,heap        ] GC(1601) Old regions: 401->540
[669.580s][info][gc,heap        ] GC(1601) Humongous regions: 7->7
[669.580s][info][gc,metaspace   ] GC(1601) Metaspace: 19150K(19328K)->19150K(19328K) NonClass: 16489K(16576K)->16489K(16576K) Class: 2661K(2752K)->2661K(2752K)
[669.580s][info][gc             ] GC(1601) Pause Young (Concurrent Start) (G1 Evacuation Pause) (Evacuation Failure: Allocation) 887M->606M(978M) 119.725ms
[669.580s][info][gc,cpu         ] GC(1601) User=0.23s Sys=0.01s Real=0.12s
[669.580s][info][gc             ] GC(1602) Concurrent Mark Cycle
[669.580s][info][gc,marking     ] GC(1602) Concurrent Scan Root Regions
[669.769s][info][gc,marking     ] GC(1602) Concurrent Scan Root Regions 188.813ms
[669.769s][info][gc,marking     ] GC(1602) Concurrent Mark
[669.769s][info][gc,marking     ] GC(1602) Concurrent Mark From Roots
[669.769s][info][gc,task        ] GC(1602) Using 1 workers of 1 for marking
[669.995s][info][gc,start       ] GC(1603) Pause Young (Normal) (G1 Evacuation Pause)
[669.995s][info][gc,task        ] GC(1603) Using 2 workers of 2 for evacuation
[670.073s][info][gc,phases      ] GC(1603)   Pre Evacuate Collection Set: 0.53ms
[670.073s][info][gc,phases      ] GC(1603)   Merge Heap Roots: 0.32ms
[670.073s][info][gc,phases      ] GC(1603)   Evacuate Collection Set: 75.59ms
[670.073s][info][gc,phases      ] GC(1603)   Post Evacuate Collection Set: 0.62ms
[670.073s][info][gc,phases      ] GC(1603)   Other: 0.10ms
[670.073s][info][gc,heap        ] GC(1603) Eden regions: 261->0(365)
[670.073s][info][gc,heap        ] GC(1603) Survivor regions: 60->8(41)
[670.073s][info][gc,heap        ] GC(1603) Old regions: 540->504
[670.073s][info][gc,heap        ] GC(1603) Humongous regions: 7->7
[670.073s][info][gc,metaspace   ] GC(1603) Metaspace: 19150K(19328K)->19150K(19328K) NonClass: 16489K(16576K)->16489K(16576K) Class: 2661K(2752K)->2661K(2752K)
[670.073s][info][gc             ] GC(1603) Pause Young (Normal) (G1 Evacuation Pause) 867M->518M(978M) 77.394ms
[670.073s][info][gc,cpu         ] GC(1603) User=0.15s Sys=0.00s Real=0.08s
[670.476s][info][gc,marking     ] GC(1602) Concurrent Mark From Roots 707.048ms
[670.476s][info][gc,marking     ] GC(1602) Concurrent Preclean
[670.476s][info][gc,marking     ] GC(1602) Concurrent Preclean 0.063ms
[670.476s][info][gc,start       ] GC(1602) Pause Remark
[670.484s][info][gc             ] GC(1602) Pause Remark 786M->677M(978M) 7.906ms
[670.484s][info][gc,cpu         ] GC(1602) User=0.01s Sys=0.00s Real=0.01s
[670.484s][info][gc,marking     ] GC(1602) Concurrent Mark 715.340ms
[670.484s][info][gc,marking     ] GC(1602) Concurrent Rebuild Remembered Sets and Scrub Regions
[670.661s][info][gc,start       ] GC(1604) Pause Young (Normal) (G1 Evacuation Pause)
[670.661s][info][gc,task        ] GC(1604) Using 2 workers of 2 for evacuation
[670.685s][info][gc,phases      ] GC(1604)   Pre Evacuate Collection Set: 0.48ms
[670.685s][info][gc,phases      ] GC(1604)   Merge Heap Roots: 0.28ms
[670.686s][info][gc,phases      ] GC(1604)   Evacuate Collection Set: 23.36ms
[670.686s][info][gc,phases      ] GC(1604)   Post Evacuate Collection Set: 0.56ms
[670.686s][info][gc,phases      ] GC(1604)   Other: 0.11ms
[670.686s][info][gc,heap        ] GC(1604) Eden regions: 365->0(466)
[670.686s][info][gc,heap        ] GC(1604) Survivor regions: 8->21(47)
[670.686s][info][gc,heap        ] GC(1604) Old regions: 398->398
[670.686s][info][gc,heap        ] GC(1604) Humongous regions: 4->4
[670.686s][info][gc,metaspace   ] GC(1604) Metaspace: 19150K(19328K)->19150K(19328K) NonClass: 16489K(16576K)->16489K(16576K) Class: 2661K(2752K)->2661K(2752K)
[670.686s][info][gc             ] GC(1604) Pause Young (Normal) (G1 Evacuation Pause) 774M->421M(978M) 25.045ms
[670.686s][info][gc,cpu         ] GC(1604) User=0.05s Sys=0.00s Real=0.02s
[670.860s][info][gc,marking     ] GC(1602) Concurrent Rebuild Remembered Sets and Scrub Regions 375.465ms
[670.860s][info][gc,start       ] GC(1602) Pause Cleanup
[670.860s][info][gc             ] GC(1602) Pause Cleanup 489M->489M(978M) 0.108ms
[670.860s][info][gc,cpu         ] GC(1602) User=0.00s Sys=0.00s Real=0.00s
[670.860s][info][gc,marking     ] GC(1602) Concurrent Clear Claimed Marks
[670.860s][info][gc,marking     ] GC(1602) Concurrent Clear Claimed Marks 0.030ms
[670.860s][info][gc,marking     ] GC(1602) Concurrent Cleanup for Next Mark
[670.863s][info][gc,marking     ] GC(1602) Concurrent Cleanup for Next Mark 2.815ms
[670.863s][info][gc             ] GC(1602) Concurrent Mark Cycle 1283.002ms
[671.754s][info][gc,start       ] GC(1605) Pause Young (Prepare Mixed) (G1 Evacuation Pause)
[671.754s][info][gc,task        ] GC(1605) Using 2 workers of 2 for evacuation
[671.782s][info][gc,phases      ] GC(1605)   Pre Evacuate Collection Set: 0.53ms
[671.782s][info][gc,phases      ] GC(1605)   Merge Heap Roots: 0.31ms
[671.782s][info][gc,phases      ] GC(1605)   Evacuate Collection Set: 26.38ms
[671.782s][info][gc,phases      ] GC(1605)   Post Evacuate Collection Set: 0.66ms
[671.782s][info][gc,phases      ] GC(1605)   Other: 0.12ms
[671.782s][info][gc,heap        ] GC(1605) Eden regions: 466->0(477)
[671.782s][info][gc,heap        ] GC(1605) Survivor regions: 21->24(61)
[671.782s][info][gc,heap        ] GC(1605) Old regions: 398->398
[671.782s][info][gc,heap        ] GC(1605) Humongous regions: 4->4
[671.782s][info][gc,metaspace   ] GC(1605) Metaspace: 19150K(19328K)->19150K(19328K) NonClass: 16489K(16576K)->16489K(16576K) Class: 2661K(2752K)->2661K(2752K)
[671.782s][info][gc             ] GC(1605) Pause Young (Prepare Mixed) (G1 Evacuation Pause) 887M->424M(978M) 28.208ms
[671.782s][info][gc,cpu         ] GC(1605) User=0.06s Sys=0.00s Real=0.03s
[672.524s][info][gc,start       ] GC(1606) Pause Young (Mixed) (G1 Evacuation Pause)
[672.524s][info][gc,task        ] GC(1606) Using 2 workers of 2 for evacuation
[672.632s][info][gc,phases      ] GC(1606)   Pre Evacuate Collection Set: 0.52ms
[672.632s][info][gc,phases      ] GC(1606)   Merge Heap Roots: 0.33ms
[672.632s][info][gc,phases      ] GC(1606)   Evacuate Collection Set: 97.83ms
[672.632s][info][gc,phases      ] GC(1606)   Post Evacuate Collection Set: 9.51ms
[672.632s][info][gc,phases      ] GC(1606)   Other: 0.09ms
[672.632s][info][gc,heap        ] GC(1606) Eden regions: 477->0(331)
[672.632s][info][gc,heap        ] GC(1606) Survivor regions: 24->63(63)
[672.632s][info][gc,heap        ] GC(1606) Old regions: 398->467
[672.632s][info][gc,heap        ] GC(1606) Humongous regions: 4->4
[672.632s][info][gc,metaspace   ] GC(1606) Metaspace: 19150K(19328K)->19150K(19328K) NonClass: 16489K(16576K)->16489K(16576K) Class: 2661K(2752K)->2661K(2752K)
[672.632s][info][gc             ] GC(1606) Pause Young (Mixed) (G1 Evacuation Pause) (Evacuation Failure: Allocation) 901M->533M(978M) 108.558ms
[672.632s][info][gc,cpu         ] GC(1606) User=0.21s Sys=0.00s Real=0.11s
[673.030s][info][gc,start       ] GC(1607) Pause Young (Concurrent Start) (G1 Evacuation Pause)
[673.030s][info][gc,task        ] GC(1607) Using 2 workers of 2 for evacuation
[673.248s][info][gc,mmu         ] GC(1607) MMU target violated: 201.0ms (200.0ms/201.0ms)
[673.248s][info][gc,phases      ] GC(1607)   Pre Evacuate Collection Set: 0.38ms
[673.248s][info][gc,phases      ] GC(1607)   Merge Heap Roots: 0.48ms
[673.248s][info][gc,phases      ] GC(1607)   Evacuate Collection Set: 193.50ms
[673.248s][info][gc,phases      ] GC(1607)   Post Evacuate Collection Set: 23.56ms
[673.248s][info][gc,phases      ] GC(1607)   Other: 0.27ms
[673.248s][info][gc,heap        ] GC(1607) Eden regions: 331->0(163)
[673.248s][info][gc,heap        ] GC(1607) Survivor regions: 63->50(50)
[673.248s][info][gc,heap        ] GC(1607) Old regions: 467->661
[673.248s][info][gc,heap        ] GC(1607) Humongous regions: 4->4
[673.248s][info][gc,metaspace   ] GC(1607) Metaspace: 19150K(19328K)->19150K(19328K) NonClass: 16489K(16576K)->16489K(16576K) Class: 2661K(2752K)->2661K(2752K)
[673.248s][info][gc             ] GC(1607) Pause Young (Concurrent Start) (G1 Evacuation Pause) (Evacuation Failure: Allocation) 864M->714M(978M) 218.413ms
[673.248s][info][gc,cpu         ] GC(1607) User=0.43s Sys=0.00s Real=0.22s
[673.248s][info][gc             ] GC(1608) Concurrent Mark Cycle
[673.250s][info][gc,marking     ] GC(1608) Concurrent Scan Root Regions
[673.439s][info][gc,marking     ] GC(1608) Concurrent Scan Root Regions 188.874ms
[673.439s][info][gc,marking     ] GC(1608) Concurrent Mark
[673.439s][info][gc,marking     ] GC(1608) Concurrent Mark From Roots
[673.439s][info][gc,task        ] GC(1608) Using 1 workers of 1 for marking
[673.691s][info][gc,start       ] GC(1609) Pause Young (Normal) (G1 Evacuation Pause)
[673.691s][info][gc,task        ] GC(1609) Using 2 workers of 2 for evacuation
[673.815s][info][gc,phases      ] GC(1609)   Pre Evacuate Collection Set: 0.38ms
[673.815s][info][gc,phases      ] GC(1609)   Merge Heap Roots: 0.64ms
[673.815s][info][gc,phases      ] GC(1609)   Evacuate Collection Set: 115.09ms
[673.815s][info][gc,phases      ] GC(1609)   Post Evacuate Collection Set: 7.62ms
[673.815s][info][gc,phases      ] GC(1609)   Other: 0.08ms
[673.815s][info][gc,heap        ] GC(1609) Eden regions: 163->0(174)
[673.815s][info][gc,heap        ] GC(1609) Survivor regions: 50->11(27)
[673.815s][info][gc,heap        ] GC(1609) Old regions: 661->717
[673.815s][info][gc,heap        ] GC(1609) Humongous regions: 7->7
[673.815s][info][gc,metaspace   ] GC(1609) Metaspace: 19150K(19328K)->19150K(19328K) NonClass: 16489K(16576K)->16489K(16576K) Class: 2661K(2752K)->2661K(2752K)
[673.815s][info][gc             ] GC(1609) Pause Young (Normal) (G1 Evacuation Pause) (Evacuation Failure: Allocation) 880M->734M(978M) 124.080ms
[673.815s][info][gc,cpu         ] GC(1609) User=0.25s Sys=0.00s Real=0.12s
[674.240s][info][gc,start       ] GC(1610) Pause Young (Normal) (G1 Evacuation Pause)
[674.240s][info][gc,task        ] GC(1610) Using 2 workers of 2 for evacuation
[674.338s][info][gc,phases      ] GC(1610)   Pre Evacuate Collection Set: 0.39ms
[674.338s][info][gc,phases      ] GC(1610)   Merge Heap Roots: 1.04ms
[674.338s][info][gc,phases      ] GC(1610)   Evacuate Collection Set: 95.11ms
[674.338s][info][gc,phases      ] GC(1610)   Post Evacuate Collection Set: 0.92ms
[674.338s][info][gc,phases      ] GC(1610)   Other: 0.11ms
[674.338s][info][gc,heap        ] GC(1610) Eden regions: 174->0(247)
[674.338s][info][gc,heap        ] GC(1610) Survivor regions: 11->24(24)
[674.338s][info][gc,heap        ] GC(1610) Old regions: 717->583
[674.338s][info][gc,heap        ] GC(1610) Humongous regions: 13->13
[674.338s][info][gc,metaspace   ] GC(1610) Metaspace: 19150K(19328K)->19150K(19328K) NonClass: 16489K(16576K)->16489K(16576K) Class: 2661K(2752K)->2661K(2752K)
[674.338s][info][gc             ] GC(1610) Pause Young (Normal) (G1 Evacuation Pause) 914M->619M(978M) 97.825ms
[674.338s][info][gc,cpu         ] GC(1610) User=0.19s Sys=0.00s Real=0.10s
[674.691s][info][gc,marking     ] GC(1608) Concurrent Mark From Roots 1251.723ms
[674.691s][info][gc,marking     ] GC(1608) Concurrent Preclean
[674.691s][info][gc,marking     ] GC(1608) Concurrent Preclean 0.041ms
[674.691s][info][gc,start       ] GC(1608) Pause Remark
[674.699s][info][gc             ] GC(1608) Pause Remark 737M->737M(978M) 7.763ms
[674.699s][info][gc,cpu         ] GC(1608) User=0.02s Sys=0.00s Real=0.01s
[674.700s][info][gc,marking     ] GC(1608) Concurrent Mark 1260.379ms
[674.700s][info][gc,marking     ] GC(1608) Concurrent Rebuild Remembered Sets and Scrub Regions
[674.994s][info][gc,start       ] GC(1611) Pause Young (Normal) (G1 Evacuation Pause)
[674.994s][info][gc,task        ] GC(1611) Using 2 workers of 2 for evacuation
[675.065s][info][gc,phases      ] GC(1611)   Pre Evacuate Collection Set: 0.48ms
[675.065s][info][gc,phases      ] GC(1611)   Merge Heap Roots: 0.85ms
[675.065s][info][gc,phases      ] GC(1611)   Evacuate Collection Set: 68.54ms
[675.065s][info][gc,phases      ] GC(1611)   Post Evacuate Collection Set: 0.75ms
[675.065s][info][gc,phases      ] GC(1611)   Other: 0.10ms
[675.065s][info][gc,heap        ] GC(1611) Eden regions: 247->0(255)
[675.065s][info][gc,heap        ] GC(1611) Survivor regions: 24->20(34)
[675.065s][info][gc,heap        ] GC(1611) Old regions: 583->594
[675.065s][info][gc,heap        ] GC(1611) Humongous regions: 13->13
[675.065s][info][gc,metaspace   ] GC(1611) Metaspace: 19150K(19328K)->19150K(19328K) NonClass: 16489K(16576K)->16489K(16576K) Class: 2661K(2752K)->2661K(2752K)
[675.065s][info][gc             ] GC(1611) Pause Young (Normal) (G1 Evacuation Pause) 866M->626M(978M) 70.966ms
[675.065s][info][gc,cpu         ] GC(1611) User=0.14s Sys=0.00s Real=0.07s
[675.367s][info][gc,marking     ] GC(1608) Concurrent Rebuild Remembered Sets and Scrub Regions 667.595ms
[675.367s][info][gc,start       ] GC(1608) Pause Cleanup
[675.368s][info][gc             ] GC(1608) Pause Cleanup 767M->767M(978M) 0.096ms
[675.368s][info][gc,cpu         ] GC(1608) User=0.00s Sys=0.00s Real=0.00s
[675.368s][info][gc,marking     ] GC(1608) Concurrent Clear Claimed Marks
[675.368s][info][gc,marking     ] GC(1608) Concurrent Clear Claimed Marks 0.031ms
[675.368s][info][gc,marking     ] GC(1608) Concurrent Cleanup for Next Mark
[675.373s][info][gc,marking     ] GC(1608) Concurrent Cleanup for Next Mark 4.824ms
[675.373s][info][gc             ] GC(1608) Concurrent Mark Cycle 2124.481ms
[675.541s][info][gc,start       ] GC(1612) Pause Young (Prepare Mixed) (G1 Evacuation Pause)
[675.541s][info][gc,task        ] GC(1612) Using 2 workers of 2 for evacuation
[675.589s][info][gc,phases      ] GC(1612)   Pre Evacuate Collection Set: 0.52ms
[675.589s][info][gc,phases      ] GC(1612)   Merge Heap Roots: 0.82ms
[675.589s][info][gc,phases      ] GC(1612)   Evacuate Collection Set: 46.24ms
[675.589s][info][gc,phases      ] GC(1612)   Post Evacuate Collection Set: 0.52ms
[675.589s][info][gc,phases      ] GC(1612)   Other: 0.10ms
[675.589s][info][gc,heap        ] GC(1612) Eden regions: 255->0(269)
[675.589s][info][gc,heap        ] GC(1612) Survivor regions: 20->7(35)
[675.589s][info][gc,heap        ] GC(1612) Old regions: 594->608
[675.589s][info][gc,heap        ] GC(1612) Humongous regions: 13->13
[675.589s][info][gc,metaspace   ] GC(1612) Metaspace: 19150K(19328K)->19150K(19328K) NonClass: 16489K(16576K)->16489K(16576K) Class: 2661K(2752K)->2661K(2752K)
[675.589s][info][gc             ] GC(1612) Pause Young (Prepare Mixed) (G1 Evacuation Pause) 881M->626M(978M) 48.420ms
[675.590s][info][gc,cpu         ] GC(1612) User=0.09s Sys=0.00s Real=0.05s
[675.989s][info][gc,start       ] GC(1613) Pause Young (Mixed) (G1 Evacuation Pause)
[675.989s][info][gc,task        ] GC(1613) Using 2 workers of 2 for evacuation
[676.004s][info][gc,phases      ] GC(1613)   Pre Evacuate Collection Set: 0.29ms
[676.004s][info][gc,phases      ] GC(1613)   Merge Heap Roots: 0.17ms
[676.004s][info][gc,phases      ] GC(1613)   Evacuate Collection Set: 13.69ms
[676.004s][info][gc,phases      ] GC(1613)   Post Evacuate Collection Set: 0.53ms
[676.004s][info][gc,phases      ] GC(1613)   Other: 0.10ms
[676.004s][info][gc,heap        ] GC(1613) Eden regions: 269->0(289)
[676.004s][info][gc,heap        ] GC(1613) Survivor regions: 7->7(35)
[676.004s][info][gc,heap        ] GC(1613) Old regions: 608->599
[676.004s][info][gc,heap        ] GC(1613) Humongous regions: 13->13
[676.004s][info][gc,metaspace   ] GC(1613) Metaspace: 19150K(19328K)->19150K(19328K) NonClass: 16489K(16576K)->16489K(16576K) Class: 2661K(2752K)->2661K(2752K)
[676.004s][info][gc             ] GC(1613) Pause Young (Mixed) (G1 Evacuation Pause) 895M->617M(978M) 15.030ms
[676.004s][info][gc,cpu         ] GC(1613) User=0.02s Sys=0.00s Real=0.01s
[676.372s][info][gc,start       ] GC(1614) Pause Young (Concurrent Start) (G1 Evacuation Pause)
[676.372s][info][gc,task        ] GC(1614) Using 2 workers of 2 for evacuation
[676.413s][info][gc,phases      ] GC(1614)   Pre Evacuate Collection Set: 0.34ms
[676.413s][info][gc,phases      ] GC(1614)   Merge Heap Roots: 0.24ms
[676.413s][info][gc,phases      ] GC(1614)   Evacuate Collection Set: 39.10ms
[676.413s][info][gc,phases      ] GC(1614)   Post Evacuate Collection Set: 0.58ms
[676.413s][info][gc,phases      ] GC(1614)   Other: 0.13ms
[676.413s][info][gc,heap        ] GC(1614) Eden regions: 289->0(258)
[676.413s][info][gc,heap        ] GC(1614) Survivor regions: 7->29(37)
[676.413s][info][gc,heap        ] GC(1614) Old regions: 599->599
[676.413s][info][gc,heap        ] GC(1614) Humongous regions: 13->13
[676.413s][info][gc,metaspace   ] GC(1614) Metaspace: 19150K(19328K)->19150K(19328K) NonClass: 16489K(16576K)->16489K(16576K) Class: 2661K(2752K)->2661K(2752K)
[676.413s][info][gc             ] GC(1614) Pause Young (Concurrent Start) (G1 Evacuation Pause) 906M->639M(978M) 40.637ms
[676.413s][info][gc,cpu         ] GC(1614) User=0.08s Sys=0.00s Real=0.04s
[676.413s][info][gc             ] GC(1615) Concurrent Mark Cycle
[676.413s][info][gc,marking     ] GC(1615) Concurrent Scan Root Regions
[676.481s][info][gc,marking     ] GC(1615) Concurrent Scan Root Regions 68.605ms
[676.481s][info][gc,marking     ] GC(1615) Concurrent Mark
[676.481s][info][gc,marking     ] GC(1615) Concurrent Mark From Roots
[676.481s][info][gc,task        ] GC(1615) Using 1 workers of 1 for marking
[676.859s][info][gc,start       ] GC(1616) Pause Young (Normal) (G1 Evacuation Pause)
[676.859s][info][gc,task        ] GC(1616) Using 2 workers of 2 for evacuation
[676.906s][info][gc,phases      ] GC(1616)   Pre Evacuate Collection Set: 0.29ms
[676.906s][info][gc,phases      ] GC(1616)   Merge Heap Roots: 0.21ms
[676.906s][info][gc,phases      ] GC(1616)   Evacuate Collection Set: 46.00ms
[676.906s][info][gc,phases      ] GC(1616)   Post Evacuate Collection Set: 0.52ms
[676.906s][info][gc,phases      ] GC(1616)   Other: 0.10ms
[676.906s][info][gc,heap        ] GC(1616) Eden regions: 258->0(265)
[676.906s][info][gc,heap        ] GC(1616) Survivor regions: 29->11(36)
[676.906s][info][gc,heap        ] GC(1616) Old regions: 599->627
[676.906s][info][gc,heap        ] GC(1616) Humongous regions: 13->13
[676.906s][info][gc,metaspace   ] GC(1616) Metaspace: 19150K(19328K)->19150K(19328K) NonClass: 16489K(16576K)->16489K(16576K) Class: 2661K(2752K)->2661K(2752K)
[676.906s][info][gc             ] GC(1616) Pause Young (Normal) (G1 Evacuation Pause) 897M->649M(978M) 47.375ms
[676.906s][info][gc,cpu         ] GC(1616) User=0.10s Sys=0.00s Real=0.04s
[677.554s][info][gc,start       ] GC(1617) Pause Young (Normal) (G1 Evacuation Pause)
[677.555s][info][gc,task        ] GC(1617) Using 2 workers of 2 for evacuation
[677.576s][info][gc,phases      ] GC(1617)   Pre Evacuate Collection Set: 0.50ms
[677.576s][info][gc,phases      ] GC(1617)   Merge Heap Roots: 0.20ms
[677.576s][info][gc,phases      ] GC(1617)   Evacuate Collection Set: 20.13ms
[677.576s][info][gc,phases      ] GC(1617)   Post Evacuate Collection Set: 0.49ms
[677.576s][info][gc,phases      ] GC(1617)   Other: 0.12ms
[677.576s][info][gc,heap        ] GC(1617) Eden regions: 265->0(250)
[677.576s][info][gc,heap        ] GC(1617) Survivor regions: 11->19(35)
[677.576s][info][gc,heap        ] GC(1617) Old regions: 627->627
[677.576s][info][gc,heap        ] GC(1617) Humongous regions: 13->13
[677.576s][info][gc,metaspace   ] GC(1617) Metaspace: 19150K(19328K)->19150K(19328K) NonClass: 16489K(16576K)->16489K(16576K) Class: 2661K(2752K)->2661K(2752K)
[677.576s][info][gc             ] GC(1617) Pause Young (Normal) (G1 Evacuation Pause) 914M->657M(978M) 21.687ms
[677.576s][info][gc,cpu         ] GC(1617) User=0.04s Sys=0.00s Real=0.02s
[677.758s][info][gc,marking     ] GC(1615) Concurrent Mark From Roots 1277.000ms
[677.759s][info][gc,marking     ] GC(1615) Concurrent Preclean
[677.759s][info][gc,marking     ] GC(1615) Concurrent Preclean 0.041ms
[677.759s][info][gc,start       ] GC(1615) Pause Remark
[677.767s][info][gc             ] GC(1615) Pause Remark 710M->620M(978M) 7.955ms
[677.767s][info][gc,cpu         ] GC(1615) User=0.01s Sys=0.00s Real=0.01s
[677.767s][info][gc,marking     ] GC(1615) Concurrent Mark 1285.317ms
[677.767s][info][gc,marking     ] GC(1615) Concurrent Rebuild Remembered Sets and Scrub Regions
[678.129s][info][gc,marking     ] GC(1615) Concurrent Rebuild Remembered Sets and Scrub Regions 362.438ms
[678.130s][info][gc,start       ] GC(1615) Pause Cleanup
[678.130s][info][gc             ] GC(1615) Pause Cleanup 748M->748M(978M) 0.127ms
[678.130s][info][gc,cpu         ] GC(1615) User=0.00s Sys=0.00s Real=0.00s
[678.130s][info][gc,marking     ] GC(1615) Concurrent Clear Claimed Marks
[678.130s][info][gc,marking     ] GC(1615) Concurrent Clear Claimed Marks 0.030ms
[678.130s][info][gc,marking     ] GC(1615) Concurrent Cleanup for Next Mark
[678.137s][info][gc,marking     ] GC(1615) Concurrent Cleanup for Next Mark 6.896ms
[678.137s][info][gc             ] GC(1615) Concurrent Mark Cycle 1724.002ms
[678.275s][info][gc,start       ] GC(1618) Pause Young (Prepare Mixed) (G1 Evacuation Pause)
[678.276s][info][gc,task        ] GC(1618) Using 2 workers of 2 for evacuation
[678.296s][info][gc,phases      ] GC(1618)   Pre Evacuate Collection Set: 0.49ms
[678.296s][info][gc,phases      ] GC(1618)   Merge Heap Roots: 0.25ms
[678.296s][info][gc,phases      ] GC(1618)   Evacuate Collection Set: 19.44ms
[678.296s][info][gc,phases      ] GC(1618)   Post Evacuate Collection Set: 0.47ms
[678.296s][info][gc,phases      ] GC(1618)   Other: 0.08ms
[678.296s][info][gc,heap        ] GC(1618) Eden regions: 250->0(348)
[678.296s][info][gc,heap        ] GC(1618) Survivor regions: 19->9(34)
[678.296s][info][gc,heap        ] GC(1618) Old regions: 543->553
[678.296s][info][gc,heap        ] GC(1618) Humongous regions: 7->7
[678.296s][info][gc,metaspace   ] GC(1618) Metaspace: 19150K(19328K)->19150K(19328K) NonClass: 16489K(16576K)->16489K(16576K) Class: 2661K(2752K)->2661K(2752K)
[678.296s][info][gc             ] GC(1618) Pause Young (Prepare Mixed) (G1 Evacuation Pause) 817M->568M(978M) 20.926ms
[678.296s][info][gc,cpu         ] GC(1618) User=0.04s Sys=0.00s Real=0.03s
[678.744s][info][gc,start       ] GC(1619) Pause Young (Mixed) (G1 Evacuation Pause)
[678.744s][info][gc,task        ] GC(1619) Using 2 workers of 2 for evacuation
[678.793s][info][gc,phases      ] GC(1619)   Pre Evacuate Collection Set: 0.29ms
[678.793s][info][gc,phases      ] GC(1619)   Merge Heap Roots: 0.31ms
[678.793s][info][gc,phases      ] GC(1619)   Evacuate Collection Set: 48.01ms
[678.793s][info][gc,phases      ] GC(1619)   Post Evacuate Collection Set: 0.62ms
[678.793s][info][gc,phases      ] GC(1619)   Other: 0.11ms
[678.793s][info][gc,heap        ] GC(1619) Eden regions: 348->0(338)
[678.793s][info][gc,heap        ] GC(1619) Survivor regions: 9->44(45)
[678.793s][info][gc,heap        ] GC(1619) Old regions: 553->495
[678.793s][info][gc,heap        ] GC(1619) Humongous regions: 7->7
[678.793s][info][gc,metaspace   ] GC(1619) Metaspace: 19150K(19328K)->19150K(19328K) NonClass: 16489K(16576K)->16489K(16576K) Class: 2661K(2752K)->2661K(2752K)
[678.793s][info][gc             ] GC(1619) Pause Young (Mixed) (G1 Evacuation Pause) 916M->544M(978M) 49.594ms
[678.793s][info][gc,cpu         ] GC(1619) User=0.10s Sys=0.00s Real=0.05s
[679.074s][info][gc,start       ] GC(1620) Pause Young (Concurrent Start) (G1 Humongous Allocation)
[679.074s][info][gc,task        ] GC(1620) Using 2 workers of 2 for evacuation
[679.150s][info][gc,phases      ] GC(1620)   Pre Evacuate Collection Set: 0.36ms
[679.150s][info][gc,phases      ] GC(1620)   Merge Heap Roots: 0.16ms
[679.150s][info][gc,phases      ] GC(1620)   Evacuate Collection Set: 75.29ms
[679.150s][info][gc,phases      ] GC(1620)   Post Evacuate Collection Set: 0.56ms
[679.150s][info][gc,phases      ] GC(1620)   Other: 0.12ms
[679.150s][info][gc,heap        ] GC(1620) Eden regions: 209->0(290)
[679.150s][info][gc,heap        ] GC(1620) Survivor regions: 44->38(48)
[679.150s][info][gc,heap        ] GC(1620) Old regions: 495->538
[679.150s][info][gc,heap        ] GC(1620) Humongous regions: 7->7
[679.150s][info][gc,metaspace   ] GC(1620) Metaspace: 19150K(19328K)->19150K(19328K) NonClass: 16489K(16576K)->16489K(16576K) Class: 2661K(2752K)->2661K(2752K)
[679.150s][info][gc             ] GC(1620) Pause Young (Concurrent Start) (G1 Humongous Allocation) 753M->582M(978M) 76.754ms
[679.151s][info][gc,cpu         ] GC(1620) User=0.15s Sys=0.00s Real=0.08s
[679.151s][info][gc             ] GC(1621) Concurrent Mark Cycle
[679.151s][info][gc,marking     ] GC(1621) Concurrent Scan Root Regions
[679.247s][info][gc,marking     ] GC(1621) Concurrent Scan Root Regions 95.967ms
[679.247s][info][gc,marking     ] GC(1621) Concurrent Mark
[679.247s][info][gc,marking     ] GC(1621) Concurrent Mark From Roots
[679.247s][info][gc,task        ] GC(1621) Using 1 workers of 1 for marking
[680.070s][info][gc,start       ] GC(1622) Pause Young (Normal) (G1 Evacuation Pause)
[680.070s][info][gc,task        ] GC(1622) Using 2 workers of 2 for evacuation
[680.116s][info][gc,phases      ] GC(1622)   Pre Evacuate Collection Set: 0.49ms
[680.116s][info][gc,phases      ] GC(1622)   Merge Heap Roots: 0.22ms
[680.116s][info][gc,phases      ] GC(1622)   Evacuate Collection Set: 44.62ms
[680.116s][info][gc,phases      ] GC(1622)   Post Evacuate Collection Set: 0.58ms
[680.116s][info][gc,phases      ] GC(1622)   Other: 0.11ms
[680.116s][info][gc,heap        ] GC(1622) Eden regions: 290->0(297)
[680.116s][info][gc,heap        ] GC(1622) Survivor regions: 38->6(41)
[680.116s][info][gc,heap        ] GC(1622) Old regions: 538->576
[680.116s][info][gc,heap        ] GC(1622) Humongous regions: 10->10
[680.116s][info][gc,metaspace   ] GC(1622) Metaspace: 19150K(19328K)->19150K(19328K) NonClass: 16489K(16576K)->16489K(16576K) Class: 2661K(2752K)->2661K(2752K)
[680.116s][info][gc             ] GC(1622) Pause Young (Normal) (G1 Evacuation Pause) 875M->590M(978M) 46.275ms
[680.116s][info][gc,cpu         ] GC(1622) User=0.09s Sys=0.00s Real=0.04s
[680.818s][info][gc,marking     ] GC(1621) Concurrent Mark From Roots 1571.471ms
[680.818s][info][gc,marking     ] GC(1621) Concurrent Preclean
[680.818s][info][gc,marking     ] GC(1621) Concurrent Preclean 0.038ms
[680.818s][info][gc,start       ] GC(1621) Pause Remark
[680.826s][info][gc             ] GC(1621) Pause Remark 809M->809M(978M) 8.036ms
[680.826s][info][gc,cpu         ] GC(1621) User=0.01s Sys=0.00s Real=0.01s
[680.827s][info][gc,marking     ] GC(1621) Concurrent Mark 1580.683ms
[680.827s][info][gc,marking     ] GC(1621) Concurrent Rebuild Remembered Sets and Scrub Regions
[681.000s][info][gc,start       ] GC(1623) Pause Young (Normal) (G1 Evacuation Pause)
[681.000s][info][gc,task        ] GC(1623) Using 2 workers of 2 for evacuation
[681.009s][info][gc,phases      ] GC(1623)   Pre Evacuate Collection Set: 0.28ms
[681.009s][info][gc,phases      ] GC(1623)   Merge Heap Roots: 0.20ms
[681.009s][info][gc,phases      ] GC(1623)   Evacuate Collection Set: 7.74ms
[681.009s][info][gc,phases      ] GC(1623)   Post Evacuate Collection Set: 0.46ms
[681.009s][info][gc,phases      ] GC(1623)   Other: 0.10ms
[681.009s][info][gc,heap        ] GC(1623) Eden regions: 297->0(312)
[681.009s][info][gc,heap        ] GC(1623) Survivor regions: 6->6(38)
[681.009s][info][gc,heap        ] GC(1623) Old regions: 576->576
[681.009s][info][gc,heap        ] GC(1623) Humongous regions: 10->10
[681.009s][info][gc,metaspace   ] GC(1623) Metaspace: 19150K(19328K)->19150K(19328K) NonClass: 16489K(16576K)->16489K(16576K) Class: 2661K(2752K)->2661K(2752K)
[681.009s][info][gc             ] GC(1623) Pause Young (Normal) (G1 Evacuation Pause) 887M->591M(978M) 8.993ms
[681.009s][info][gc,cpu         ] GC(1623) User=0.01s Sys=0.00s Real=0.01s
[681.291s][info][gc,marking     ] GC(1621) Concurrent Rebuild Remembered Sets and Scrub Regions 463.292ms
[681.291s][info][gc,start       ] GC(1621) Pause Cleanup
[681.291s][info][gc             ] GC(1621) Pause Cleanup 707M->707M(978M) 0.095ms
[681.291s][info][gc,cpu         ] GC(1621) User=0.00s Sys=0.00s Real=0.00s
[681.293s][info][gc,marking     ] GC(1621) Concurrent Clear Claimed Marks
[681.293s][info][gc,marking     ] GC(1621) Concurrent Clear Claimed Marks 0.042ms
[681.293s][info][gc,marking     ] GC(1621) Concurrent Cleanup for Next Mark
[681.296s][info][gc,marking     ] GC(1621) Concurrent Cleanup for Next Mark 2.871ms
[681.296s][info][gc             ] GC(1621) Concurrent Mark Cycle 2145.741ms
[681.600s][info][gc,start       ] GC(1624) Pause Young (Prepare Mixed) (G1 Evacuation Pause)
[681.600s][info][gc,task        ] GC(1624) Using 2 workers of 2 for evacuation
[681.613s][info][gc,phases      ] GC(1624)   Pre Evacuate Collection Set: 0.29ms
[681.613s][info][gc,phases      ] GC(1624)   Merge Heap Roots: 0.18ms
[681.613s][info][gc,phases      ] GC(1624)   Evacuate Collection Set: 11.34ms
[681.613s][info][gc,phases      ] GC(1624)   Post Evacuate Collection Set: 0.57ms
[681.613s][info][gc,phases      ] GC(1624)   Other: 0.13ms
[681.613s][info][gc,heap        ] GC(1624) Eden regions: 312->0(323)
[681.613s][info][gc,heap        ] GC(1624) Survivor regions: 6->7(40)
[681.613s][info][gc,heap        ] GC(1624) Old regions: 576->576
[681.613s][info][gc,heap        ] GC(1624) Humongous regions: 10->10
[681.613s][info][gc,metaspace   ] GC(1624) Metaspace: 19150K(19328K)->19150K(19328K) NonClass: 16489K(16576K)->16489K(16576K) Class: 2661K(2752K)->2661K(2752K)
[681.613s][info][gc             ] GC(1624) Pause Young (Prepare Mixed) (G1 Evacuation Pause) 903M->592M(978M) 12.796ms
[681.613s][info][gc,cpu         ] GC(1624) User=0.02s Sys=0.00s Real=0.01s
[681.913s][info][gc,start       ] GC(1625) Pause Young (Mixed) (G1 Evacuation Pause)
[681.913s][info][gc,task        ] GC(1625) Using 2 workers of 2 for evacuation
[681.979s][info][gc,phases      ] GC(1625)   Pre Evacuate Collection Set: 0.53ms
[681.979s][info][gc,phases      ] GC(1625)   Merge Heap Roots: 0.52ms
[681.979s][info][gc,phases      ] GC(1625)   Evacuate Collection Set: 64.81ms
[681.979s][info][gc,phases      ] GC(1625)   Post Evacuate Collection Set: 0.54ms
[681.979s][info][gc,phases      ] GC(1625)   Other: 0.08ms
[681.979s][info][gc,heap        ] GC(1625) Eden regions: 323->0(288)
[681.979s][info][gc,heap        ] GC(1625) Survivor regions: 7->32(42)
[681.979s][info][gc,heap        ] GC(1625) Old regions: 576->566
[681.979s][info][gc,heap        ] GC(1625) Humongous regions: 10->10
[681.979s][info][gc,metaspace   ] GC(1625) Metaspace: 19150K(19328K)->19150K(19328K) NonClass: 16489K(16576K)->16489K(16576K) Class: 2661K(2752K)->2661K(2752K)
[681.979s][info][gc             ] GC(1625) Pause Young (Mixed) (G1 Evacuation Pause) 915M->607M(978M) 66.686ms
[681.979s][info][gc,cpu         ] GC(1625) User=0.14s Sys=0.00s Real=0.07s
[682.243s][info][gc,start       ] GC(1626) Pause Young (Concurrent Start) (G1 Evacuation Pause)
[682.243s][info][gc,task        ] GC(1626) Using 2 workers of 2 for evacuation
[682.291s][info][gc,phases      ] GC(1626)   Pre Evacuate Collection Set: 0.31ms
[682.291s][info][gc,phases      ] GC(1626)   Merge Heap Roots: 0.14ms
[682.291s][info][gc,phases      ] GC(1626)   Evacuate Collection Set: 46.35ms
[682.291s][info][gc,phases      ] GC(1626)   Post Evacuate Collection Set: 0.54ms
[682.291s][info][gc,phases      ] GC(1626)   Other: 0.09ms
[682.291s][info][gc,heap        ] GC(1626) Eden regions: 288->0(294)
[682.291s][info][gc,heap        ] GC(1626) Survivor regions: 32->13(40)
[682.291s][info][gc,heap        ] GC(1626) Old regions: 566->598
[682.291s][info][gc,heap        ] GC(1626) Humongous regions: 10->10
[682.291s][info][gc,metaspace   ] GC(1626) Metaspace: 19150K(19328K)->19150K(19328K) NonClass: 16489K(16576K)->16489K(16576K) Class: 2661K(2752K)->2661K(2752K)
[682.291s][info][gc             ] GC(1626) Pause Young (Concurrent Start) (G1 Evacuation Pause) 895M->620M(978M) 47.672ms
[682.291s][info][gc             ] GC(1627) Concurrent Mark Cycle
[682.291s][info][gc,marking     ] GC(1627) Concurrent Scan Root Regions
[682.291s][info][gc,cpu         ] GC(1626) User=0.09s Sys=0.01s Real=0.05s
[682.380s][info][gc,marking     ] GC(1627) Concurrent Scan Root Regions 89.174ms
[682.380s][info][gc,marking     ] GC(1627) Concurrent Mark
[682.380s][info][gc,marking     ] GC(1627) Concurrent Mark From Roots
[682.380s][info][gc,task        ] GC(1627) Using 1 workers of 1 for marking
[683.307s][info][gc,start       ] GC(1628) Pause Young (Normal) (G1 Evacuation Pause)
[683.307s][info][gc,task        ] GC(1628) Using 2 workers of 2 for evacuation
[683.347s][info][gc,phases      ] GC(1628)   Pre Evacuate Collection Set: 0.26ms
[683.347s][info][gc,phases      ] GC(1628)   Merge Heap Roots: 0.34ms
[683.347s][info][gc,phases      ] GC(1628)   Evacuate Collection Set: 38.37ms
[683.347s][info][gc,phases      ] GC(1628)   Post Evacuate Collection Set: 0.51ms
[683.347s][info][gc,phases      ] GC(1628)   Other: 0.08ms
[683.347s][info][gc,heap        ] GC(1628) Eden regions: 294->0(258)
[683.347s][info][gc,heap        ] GC(1628) Survivor regions: 13->31(39)
[683.347s][info][gc,heap        ] GC(1628) Old regions: 598->598
[683.347s][info][gc,heap        ] GC(1628) Humongous regions: 10->10
[683.347s][info][gc,metaspace   ] GC(1628) Metaspace: 19150K(19328K)->19150K(19328K) NonClass: 16489K(16576K)->16489K(16576K) Class: 2661K(2752K)->2661K(2752K)
[683.347s][info][gc             ] GC(1628) Pause Young (Normal) (G1 Evacuation Pause) 914M->638M(978M) 39.790ms
[683.347s][info][gc,cpu         ] GC(1628) User=0.08s Sys=0.00s Real=0.04s
[683.463s][info][gc,marking     ] GC(1627) Concurrent Mark From Roots 1082.727ms
[683.463s][info][gc,marking     ] GC(1627) Concurrent Preclean
[683.463s][info][gc,marking     ] GC(1627) Concurrent Preclean 0.043ms
[683.463s][info][gc,start       ] GC(1627) Pause Remark
[683.471s][info][gc             ] GC(1627) Pause Remark 714M->665M(978M) 7.876ms
[683.471s][info][gc,cpu         ] GC(1627) User=0.02s Sys=0.00s Real=0.01s
[683.473s][info][gc,marking     ] GC(1627) Concurrent Mark 1093.253ms
[683.473s][info][gc,marking     ] GC(1627) Concurrent Rebuild Remembered Sets and Scrub Regions
[683.804s][info][gc,start       ] GC(1629) Pause Young (Normal) (G1 Evacuation Pause)
[683.804s][info][gc,task        ] GC(1629) Using 2 workers of 2 for evacuation
[683.885s][info][gc,phases      ] GC(1629)   Pre Evacuate Collection Set: 0.46ms
[683.885s][info][gc,phases      ] GC(1629)   Merge Heap Roots: 0.43ms
[683.885s][info][gc,phases      ] GC(1629)   Evacuate Collection Set: 79.10ms
[683.885s][info][gc,phases      ] GC(1629)   Post Evacuate Collection Set: 0.59ms
[683.885s][info][gc,phases      ] GC(1629)   Other: 0.10ms
[683.885s][info][gc,heap        ] GC(1629) Eden regions: 258->0(258)
[683.885s][info][gc,heap        ] GC(1629) Survivor regions: 31->37(37)
[683.885s][info][gc,heap        ] GC(1629) Old regions: 552->589
[683.885s][info][gc,heap        ] GC(1629) Humongous regions: 7->7
[683.885s][info][gc,metaspace   ] GC(1629) Metaspace: 19150K(19328K)->19150K(19328K) NonClass: 16489K(16576K)->16489K(16576K) Class: 2661K(2752K)->2661K(2752K)
[683.885s][info][gc             ] GC(1629) Pause Young (Normal) (G1 Evacuation Pause) 847M->632M(978M) 80.973ms
[683.885s][info][gc,cpu         ] GC(1629) User=0.16s Sys=0.00s Real=0.08s
[684.081s][info][gc,marking     ] GC(1627) Concurrent Rebuild Remembered Sets and Scrub Regions 607.530ms
[684.081s][info][gc,start       ] GC(1627) Pause Cleanup
[684.081s][info][gc             ] GC(1627) Pause Cleanup 825M->825M(978M) 0.155ms
[684.081s][info][gc,cpu         ] GC(1627) User=0.00s Sys=0.00s Real=0.00s
[684.081s][info][gc,marking     ] GC(1627) Concurrent Clear Claimed Marks
[684.081s][info][gc,marking     ] GC(1627) Concurrent Clear Claimed Marks 0.030ms
[684.081s][info][gc,marking     ] GC(1627) Concurrent Cleanup for Next Mark
[684.084s][info][gc,marking     ] GC(1627) Concurrent Cleanup for Next Mark 2.796ms
[684.084s][info][gc             ] GC(1627) Concurrent Mark Cycle 1793.317ms
[684.153s][info][gc,start       ] GC(1630) Pause Young (Prepare Mixed) (G1 Evacuation Pause)
[684.153s][info][gc,task        ] GC(1630) Using 2 workers of 2 for evacuation
[684.225s][info][gc,phases      ] GC(1630)   Pre Evacuate Collection Set: 0.45ms
[684.225s][info][gc,phases      ] GC(1630)   Merge Heap Roots: 0.40ms
[684.225s][info][gc,phases      ] GC(1630)   Evacuate Collection Set: 70.40ms
[684.225s][info][gc,phases      ] GC(1630)   Post Evacuate Collection Set: 0.64ms
[684.225s][info][gc,phases      ] GC(1630)   Other: 0.07ms
[684.225s][info][gc,heap        ] GC(1630) Eden regions: 258->0(236)
[684.225s][info][gc,heap        ] GC(1630) Survivor regions: 37->29(37)
[684.225s][info][gc,heap        ] GC(1630) Old regions: 589->627
[684.225s][info][gc,heap        ] GC(1630) Humongous regions: 7->7
[684.225s][info][gc,metaspace   ] GC(1630) Metaspace: 19150K(19328K)->19150K(19328K) NonClass: 16489K(16576K)->16489K(16576K) Class: 2661K(2752K)->2661K(2752K)
[684.225s][info][gc             ] GC(1630) Pause Young (Prepare Mixed) (G1 Evacuation Pause) 890M->661M(978M) 72.141ms
[684.225s][info][gc,cpu         ] GC(1630) User=0.14s Sys=0.00s Real=0.07s
[684.364s][info][gc,start       ] GC(1631) Pause Young (Mixed) (G1 Evacuation Pause)
[684.364s][info][gc,task        ] GC(1631) Using 2 workers of 2 for evacuation
[684.525s][info][gc,phases      ] GC(1631)   Pre Evacuate Collection Set: 0.48ms
[684.525s][info][gc,phases      ] GC(1631)   Merge Heap Roots: 1.11ms
[684.525s][info][gc,phases      ] GC(1631)   Evacuate Collection Set: 145.42ms
[684.525s][info][gc,phases      ] GC(1631)   Post Evacuate Collection Set: 13.98ms
[684.525s][info][gc,phases      ] GC(1631)   Other: 0.08ms
[684.525s][info][gc,heap        ] GC(1631) Eden regions: 236->0(90)
[684.525s][info][gc,heap        ] GC(1631) Survivor regions: 29->34(34)
[684.525s][info][gc,heap        ] GC(1631) Old regions: 627->763
[684.525s][info][gc,heap        ] GC(1631) Humongous regions: 7->7
[684.525s][info][gc,metaspace   ] GC(1631) Metaspace: 19150K(19328K)->19150K(19328K) NonClass: 16489K(16576K)->16489K(16576K) Class: 2661K(2752K)->2661K(2752K)
[684.525s][info][gc             ] GC(1631) Pause Young (Mixed) (G1 Evacuation Pause) (Evacuation Failure: Allocation) 897M->803M(978M) 161.285ms
[684.525s][info][gc,cpu         ] GC(1631) User=0.32s Sys=0.00s Real=0.16s
[684.640s][info][gc,start       ] GC(1632) Pause Young (Mixed) (G1 Evacuation Pause)
[684.640s][info][gc,task        ] GC(1632) Using 2 workers of 2 for evacuation
[684.743s][info][gc,phases      ] GC(1632)   Pre Evacuate Collection Set: 0.52ms
[684.743s][info][gc,phases      ] GC(1632)   Merge Heap Roots: 1.13ms
[684.743s][info][gc,phases      ] GC(1632)   Evacuate Collection Set: 100.77ms
[684.743s][info][gc,phases      ] GC(1632)   Post Evacuate Collection Set: 0.65ms
[684.743s][info][gc,phases      ] GC(1632)   Other: 0.09ms
[684.743s][info][gc,heap        ] GC(1632) Eden regions: 90->0(227)
[684.743s][info][gc,heap        ] GC(1632) Survivor regions: 34->2(16)
[684.743s][info][gc,heap        ] GC(1632) Old regions: 763->658
[684.743s][info][gc,heap        ] GC(1632) Humongous regions: 7->7
[684.743s][info][gc,metaspace   ] GC(1632) Metaspace: 19150K(19328K)->19150K(19328K) NonClass: 16489K(16576K)->16489K(16576K) Class: 2661K(2752K)->2661K(2752K)
[684.743s][info][gc             ] GC(1632) Pause Young (Mixed) (G1 Evacuation Pause) 893M->665M(978M) 103.407ms
[684.743s][info][gc,cpu         ] GC(1632) User=0.21s Sys=0.00s Real=0.10s
[684.919s][info][gc,start       ] GC(1633) Pause Young (Concurrent Start) (G1 Evacuation Pause)
[684.919s][info][gc,task        ] GC(1633) Using 2 workers of 2 for evacuation
[684.945s][info][gc,phases      ] GC(1633)   Pre Evacuate Collection Set: 0.35ms
[684.945s][info][gc,phases      ] GC(1633)   Merge Heap Roots: 0.32ms
[684.945s][info][gc,phases      ] GC(1633)   Evacuate Collection Set: 24.07ms
[684.945s][info][gc,phases      ] GC(1633)   Post Evacuate Collection Set: 0.50ms
[684.945s][info][gc,phases      ] GC(1633)   Other: 0.13ms
[684.945s][info][gc,heap        ] GC(1633) Eden regions: 227->0(243)
[684.945s][info][gc,heap        ] GC(1633) Survivor regions: 2->5(29)
[684.945s][info][gc,heap        ] GC(1633) Old regions: 658->649
[684.945s][info][gc,heap        ] GC(1633) Humongous regions: 7->7
[684.945s][info][gc,metaspace   ] GC(1633) Metaspace: 19150K(19328K)->19150K(19328K) NonClass: 16489K(16576K)->16489K(16576K) Class: 2661K(2752K)->2661K(2752K)
[684.945s][info][gc             ] GC(1633) Pause Young (Concurrent Start) (G1 Evacuation Pause) 892M->659M(978M) 25.614ms
[684.945s][info][gc,cpu         ] GC(1633) User=0.05s Sys=0.00s Real=0.02s
[684.945s][info][gc             ] GC(1634) Concurrent Mark Cycle
[684.945s][info][gc,marking     ] GC(1634) Concurrent Scan Root Regions
[684.978s][info][gc,marking     ] GC(1634) Concurrent Scan Root Regions 33.296ms
[684.978s][info][gc,marking     ] GC(1634) Concurrent Mark
[684.978s][info][gc,marking     ] GC(1634) Concurrent Mark From Roots
[684.978s][info][gc,task        ] GC(1634) Using 1 workers of 1 for marking
[685.285s][info][gc,start       ] GC(1635) Pause Young (Normal) (G1 Evacuation Pause)
[685.285s][info][gc,task        ] GC(1635) Using 2 workers of 2 for evacuation
[685.306s][info][gc,phases      ] GC(1635)   Pre Evacuate Collection Set: 0.51ms
[685.306s][info][gc,phases      ] GC(1635)   Merge Heap Roots: 0.24ms
[685.306s][info][gc,phases      ] GC(1635)   Evacuate Collection Set: 19.57ms
[685.306s][info][gc,phases      ] GC(1635)   Post Evacuate Collection Set: 0.48ms
[685.306s][info][gc,phases      ] GC(1635)   Other: 0.14ms
[685.306s][info][gc,heap        ] GC(1635) Eden regions: 243->0(242)
[685.306s][info][gc,heap        ] GC(1635) Survivor regions: 5->14(31)
[685.306s][info][gc,heap        ] GC(1635) Old regions: 649->649
[685.306s][info][gc,heap        ] GC(1635) Humongous regions: 7->7
[685.306s][info][gc,metaspace   ] GC(1635) Metaspace: 19150K(19328K)->19150K(19328K) NonClass: 16489K(16576K)->16489K(16576K) Class: 2661K(2752K)->2661K(2752K)
[685.306s][info][gc             ] GC(1635) Pause Young (Normal) (G1 Evacuation Pause) 902M->669M(978M) 21.181ms
[685.306s][info][gc,cpu         ] GC(1635) User=0.04s Sys=0.00s Real=0.03s
[685.829s][info][gc,start       ] GC(1636) Pause Young (Normal) (G1 Evacuation Pause)
[685.829s][info][gc,task        ] GC(1636) Using 2 workers of 2 for evacuation
[685.860s][info][gc,phases      ] GC(1636)   Pre Evacuate Collection Set: 0.30ms
[685.860s][info][gc,phases      ] GC(1636)   Merge Heap Roots: 0.27ms
[685.860s][info][gc,phases      ] GC(1636)   Evacuate Collection Set: 29.60ms
[685.860s][info][gc,phases      ] GC(1636)   Post Evacuate Collection Set: 0.49ms
[685.860s][info][gc,phases      ] GC(1636)   Other: 0.09ms
[685.860s][info][gc,heap        ] GC(1636) Eden regions: 242->0(228)
[685.860s][info][gc,heap        ] GC(1636) Survivor regions: 14->22(32)
[685.860s][info][gc,heap        ] GC(1636) Old regions: 649->649
[685.860s][info][gc,heap        ] GC(1636) Humongous regions: 7->7
[685.860s][info][gc,metaspace   ] GC(1636) Metaspace: 19150K(19328K)->19150K(19328K) NonClass: 16489K(16576K)->16489K(16576K) Class: 2661K(2752K)->2661K(2752K)
[685.860s][info][gc             ] GC(1636) Pause Young (Normal) (G1 Evacuation Pause) 911M->677M(978M) 31.048ms
[685.860s][info][gc,cpu         ] GC(1636) User=0.07s Sys=0.00s Real=0.03s
[686.147s][info][gc,start       ] GC(1637) Pause Young (Normal) (G1 Evacuation Pause)
[686.147s][info][gc,task        ] GC(1637) Using 2 workers of 2 for evacuation
[686.187s][info][gc,phases      ] GC(1637)   Pre Evacuate Collection Set: 0.27ms
[686.187s][info][gc,phases      ] GC(1637)   Merge Heap Roots: 0.30ms
[686.187s][info][gc,phases      ] GC(1637)   Evacuate Collection Set: 38.54ms
[686.187s][info][gc,phases      ] GC(1637)   Post Evacuate Collection Set: 0.46ms
[686.187s][info][gc,phases      ] GC(1637)   Other: 0.07ms
[686.187s][info][gc,heap        ] GC(1637) Eden regions: 228->0(222)
[686.187s][info][gc,heap        ] GC(1637) Survivor regions: 22->18(32)
[686.187s][info][gc,heap        ] GC(1637) Old regions: 649->663
[686.187s][info][gc,heap        ] GC(1637) Humongous regions: 7->7
[686.187s][info][gc,metaspace   ] GC(1637) Metaspace: 19150K(19328K)->19150K(19328K) NonClass: 16489K(16576K)->16489K(16576K) Class: 2661K(2752K)->2661K(2752K)
[686.187s][info][gc             ] GC(1637) Pause Young (Normal) (G1 Evacuation Pause) 905M->687M(978M) 39.871ms
[686.187s][info][gc,cpu         ] GC(1637) User=0.08s Sys=0.00s Real=0.04s
[686.729s][info][gc,marking     ] GC(1634) Concurrent Mark From Roots 1750.688ms
[686.729s][info][gc,marking     ] GC(1634) Concurrent Preclean
[686.729s][info][gc,marking     ] GC(1634) Concurrent Preclean 0.040ms
[686.729s][info][gc,start       ] GC(1634) Pause Remark
[686.737s][info][gc             ] GC(1634) Pause Remark 858M->858M(978M) 7.871ms
[686.737s][info][gc,cpu         ] GC(1634) User=0.02s Sys=0.00s Real=0.01s
[686.739s][info][gc,marking     ] GC(1634) Concurrent Mark 1760.582ms
[686.739s][info][gc,marking     ] GC(1634) Concurrent Rebuild Remembered Sets and Scrub Regions
[686.851s][info][gc,start       ] GC(1638) Pause Young (Normal) (G1 Evacuation Pause)
[686.851s][info][gc,task        ] GC(1638) Using 2 workers of 2 for evacuation
[686.913s][info][gc,phases      ] GC(1638)   Pre Evacuate Collection Set: 0.44ms
[686.913s][info][gc,phases      ] GC(1638)   Merge Heap Roots: 0.46ms
[686.913s][info][gc,phases      ] GC(1638)   Evacuate Collection Set: 61.11ms
[686.913s][info][gc,phases      ] GC(1638)   Post Evacuate Collection Set: 0.57ms
[686.913s][info][gc,phases      ] GC(1638)   Other: 0.10ms
[686.913s][info][gc,heap        ] GC(1638) Eden regions: 222->0(182)
[686.913s][info][gc,heap        ] GC(1638) Survivor regions: 18->30(30)
[686.913s][info][gc,heap        ] GC(1638) Old regions: 663->676
[686.913s][info][gc,heap        ] GC(1638) Humongous regions: 10->10
[686.914s][info][gc,metaspace   ] GC(1638) Metaspace: 19150K(19328K)->19150K(19328K) NonClass: 16489K(16576K)->16489K(16576K) Class: 2661K(2752K)->2661K(2752K)
[686.914s][info][gc             ] GC(1638) Pause Young (Normal) (G1 Evacuation Pause) 912M->715M(978M) 62.960ms
[686.914s][info][gc,cpu         ] GC(1638) User=0.12s Sys=0.00s Real=0.06s
[687.368s][info][gc,start       ] GC(1639) Pause Young (Normal) (G1 Evacuation Pause)
[687.369s][info][gc,task        ] GC(1639) Using 2 workers of 2 for evacuation
[687.437s][info][gc,phases      ] GC(1639)   Pre Evacuate Collection Set: 0.48ms
[687.437s][info][gc,phases      ] GC(1639)   Merge Heap Roots: 0.50ms
[687.437s][info][gc,phases      ] GC(1639)   Evacuate Collection Set: 66.45ms
[687.437s][info][gc,phases      ] GC(1639)   Post Evacuate Collection Set: 0.51ms
[687.437s][info][gc,phases      ] GC(1639)   Other: 0.10ms
[687.437s][info][gc,heap        ] GC(1639) Eden regions: 182->0(163)
[687.437s][info][gc,heap        ] GC(1639) Survivor regions: 30->24(27)
[687.437s][info][gc,heap        ] GC(1639) Old regions: 676->707
[687.437s][info][gc,heap        ] GC(1639) Humongous regions: 10->10
[687.437s][info][gc,metaspace   ] GC(1639) Metaspace: 19150K(19328K)->19150K(19328K) NonClass: 16489K(16576K)->16489K(16576K) Class: 2661K(2752K)->2661K(2752K)
[687.437s][info][gc             ] GC(1639) Pause Young (Normal) (G1 Evacuation Pause) 897M->740M(978M) 68.344ms
[687.437s][info][gc,cpu         ] GC(1639) User=0.13s Sys=0.00s Real=0.07s
[687.454s][info][gc,marking     ] GC(1634) Concurrent Rebuild Remembered Sets and Scrub Regions 714.853ms
[687.454s][info][gc,start       ] GC(1634) Pause Cleanup
[687.454s][info][gc             ] GC(1634) Pause Cleanup 752M->752M(978M) 0.104ms
[687.454s][info][gc,cpu         ] GC(1634) User=0.00s Sys=0.00s Real=0.00s
[687.454s][info][gc,marking     ] GC(1634) Concurrent Clear Claimed Marks
[687.454s][info][gc,marking     ] GC(1634) Concurrent Clear Claimed Marks 0.031ms
[687.454s][info][gc,marking     ] GC(1634) Concurrent Cleanup for Next Mark
[687.461s][info][gc,marking     ] GC(1634) Concurrent Cleanup for Next Mark 6.959ms
[687.461s][info][gc             ] GC(1634) Concurrent Mark Cycle 2516.207ms
[687.631s][info][gc,start       ] GC(1640) Pause Young (Prepare Mixed) (G1 Evacuation Pause)
