[0.003s][info][metaspace]  - commit_granule_bytes: 65536.
[0.003s][info][metaspace]  - commit_granule_words: 8192.
[0.003s][info][metaspace]  - virtual_space_node_default_size: 8388608.
[0.003s][info][metaspace]  - enlarge_chunks_in_place: 1.
[0.005s][info][gc,init  ] CardTable entry size: 512
[0.005s][info][gc       ] Using Parallel
[0.007s][info][gc,init  ] Version: 24-internal-adhoc.root.jdk (release)
[0.007s][info][gc,init  ] CPUs: 2 total, 2 available
[0.007s][info][gc,init  ] Memory: 3908M
[0.007s][info][gc,init  ] Large Page Support: Disabled
[0.007s][info][gc,init  ] NUMA Support: Disabled
[0.007s][info][gc,init  ] Compressed Oops: Enabled (32-bit)
[0.007s][info][gc,init  ] Alignments: Space 512K, Generation 512K, Heap 2M
[0.007s][info][gc,init  ] Heap Min Capacity: 256M
[0.007s][info][gc,init  ] Heap Initial Capacity: 256M
[0.007s][info][gc,init  ] Heap Max Capacity: 978M
[0.007s][info][gc,init  ] Pre-touch: Disabled
[0.007s][info][gc,init  ] Parallel Workers: 2
[0.025s][info][gc,metaspace] CDS archive(s) mapped at: [0x00007fcd92000000-0x00007fcd92dc0000-0x00007fcd92dc0000), size 14417920, SharedBaseAddress: 0x00007fcd92000000, ArchiveRelocationMode: 1.
[0.025s][info][gc,metaspace] Compressed class space mapped at: 0x00007fcd93000000-0x00007fcdd3000000, reserved size: 1073741824
[0.025s][info][gc,metaspace] UseCompressedClassPointers 1, UseCompactObjectHeaders 0
[0.025s][info][gc,metaspace] Narrow klass pointer bits 32, Max shift 3
[0.025s][info][gc,metaspace] Narrow klass base: 0x00007fcd92000000, Narrow klass shift: 0
[0.025s][info][gc,metaspace] Encoding Range: [0x00007fcd92000000 - 0x00007fce92000000), (4294967296 bytes)
[0.025s][info][gc,metaspace] Klass Range:    [0x00007fcd92000000 - 0x00007fcdd3000000), (1090519040 bytes)
[0.025s][info][gc,metaspace] Klass ID Range:  [8 - 1090519033) (1090519025)
[0.899s][info][gc,start    ] GC(0) Pause Young (Allocation Failure)
[0.924s][info][gc,heap     ] GC(0) PSYoungGen: 65536K(76288K)->10207K(76288K) Eden: 65536K(65536K)->0K(65536K) From: 0K(10752K)->10207K(10752K)
[0.924s][info][gc,heap     ] GC(0) ParOldGen: 1157K(175104K)->1165K(175104K)
[0.924s][info][gc,metaspace] GC(0) Metaspace: 4836K(4992K)->4836K(4992K) NonClass: 4338K(4416K)->4338K(4416K) Class: 497K(576K)->497K(576K)
[0.924s][info][gc          ] GC(0) Pause Young (Allocation Failure) 65M->11M(245M) 24.638ms
[0.924s][info][gc,cpu      ] GC(0) User=0.04s Sys=0.00s Real=0.03s
[13.249s][info][gc,start    ] GC(1) Pause Young (Allocation Failure)
[13.274s][info][gc,heap     ] GC(1) PSYoungGen: 75743K(76288K)->10745K(141824K) Eden: 65536K(65536K)->0K(131072K) From: 10207K(10752K)->10745K(10752K)
[13.274s][info][gc,heap     ] GC(1) ParOldGen: 1165K(175104K)->3630K(175104K)
[13.274s][info][gc,metaspace] GC(1) Metaspace: 5215K(5376K)->5215K(5376K) NonClass: 4717K(4800K)->4717K(4800K) Class: 498K(576K)->498K(576K)
[13.274s][info][gc          ] GC(1) Pause Young (Allocation Failure) 75M->14M(309M) 25.204ms
[13.274s][info][gc,cpu      ] GC(1) User=0.03s Sys=0.01s Real=0.03s
[31.821s][info][gc,start    ] GC(2) Pause Young (Allocation Failure)
[31.843s][info][gc,heap     ] GC(2) PSYoungGen: 141817K(141824K)->10735K(141824K) Eden: 131072K(131072K)->0K(131072K) From: 10745K(10752K)->10735K(10752K)
[31.843s][info][gc,heap     ] GC(2) ParOldGen: 3630K(175104K)->3638K(175104K)
[31.843s][info][gc,metaspace] GC(2) Metaspace: 5224K(5376K)->5224K(5376K) NonClass: 4726K(4800K)->4726K(4800K) Class: 498K(576K)->498K(576K)
[31.843s][info][gc          ] GC(2) Pause Young (Allocation Failure) 142M->14M(309M) 22.144ms
[31.844s][info][gc,cpu      ] GC(2) User=0.04s Sys=0.00s Real=0.02s
[48.433s][info][gc,start    ] GC(3) Pause Young (Allocation Failure)
[48.450s][info][gc,heap     ] GC(3) PSYoungGen: 141807K(141824K)->10719K(141824K) Eden: 131072K(131072K)->0K(131072K) From: 10735K(10752K)->10719K(10752K)
[48.450s][info][gc,heap     ] GC(3) ParOldGen: 3638K(175104K)->3638K(175104K)
[48.450s][info][gc,metaspace] GC(3) Metaspace: 5225K(5376K)->5225K(5376K) NonClass: 4727K(4800K)->4727K(4800K) Class: 498K(576K)->498K(576K)
[48.450s][info][gc          ] GC(3) Pause Young (Allocation Failure) 142M->14M(309M) 17.302ms
[48.450s][info][gc,cpu      ] GC(3) User=0.04s Sys=0.00s Real=0.01s
[67.253s][info][gc,start    ] GC(4) Pause Young (Allocation Failure)
[67.273s][info][gc,heap     ] GC(4) PSYoungGen: 141791K(141824K)->10730K(137728K) Eden: 131072K(131072K)->0K(126976K) From: 10719K(10752K)->10730K(10752K)
[67.273s][info][gc,heap     ] GC(4) ParOldGen: 3638K(175104K)->3638K(175104K)
[67.273s][info][gc,metaspace] GC(4) Metaspace: 5225K(5376K)->5225K(5376K) NonClass: 4727K(4800K)->4727K(4800K) Class: 498K(576K)->498K(576K)
[67.273s][info][gc          ] GC(4) Pause Young (Allocation Failure) 142M->14M(305M) 20.292ms
[67.273s][info][gc,cpu      ] GC(4) User=0.03s Sys=0.00s Real=0.02s
[85.580s][info][gc,start    ] GC(5) Pause Young (Allocation Failure)
[85.598s][info][gc,heap     ] GC(5) PSYoungGen: 137706K(137728K)->10719K(133632K) Eden: 126976K(126976K)->0K(122880K) From: 10730K(10752K)->10719K(10752K)
[85.598s][info][gc,heap     ] GC(5) ParOldGen: 3638K(175104K)->3638K(175104K)
[85.598s][info][gc,metaspace] GC(5) Metaspace: 5225K(5376K)->5225K(5376K) NonClass: 4727K(4800K)->4727K(4800K) Class: 498K(576K)->498K(576K)
[85.598s][info][gc          ] GC(5) Pause Young (Allocation Failure) 138M->14M(301M) 17.560ms
[85.598s][info][gc,cpu      ] GC(5) User=0.04s Sys=0.00s Real=0.02s
[102.521s][info][gc,start    ] GC(6) Pause Young (Allocation Failure)
[102.543s][info][gc,heap     ] GC(6) PSYoungGen: 133599K(133632K)->64K(119808K) Eden: 122880K(122880K)->0K(119296K) From: 10719K(10752K)->64K(512K)
[102.543s][info][gc,heap     ] GC(6) ParOldGen: 3638K(175104K)->14119K(175104K)
[102.543s][info][gc,metaspace] GC(6) Metaspace: 5226K(5376K)->5226K(5376K) NonClass: 4728K(4800K)->4728K(4800K) Class: 498K(576K)->498K(576K)
[102.543s][info][gc          ] GC(6) Pause Young (Allocation Failure) 134M->13M(288M) 21.899ms
[102.543s][info][gc,cpu      ] GC(6) User=0.03s Sys=0.01s Real=0.03s
[118.937s][info][gc,start    ] GC(7) Pause Young (Allocation Failure)
[118.939s][info][gc,heap     ] GC(7) PSYoungGen: 119360K(119808K)->512K(129536K) Eden: 119296K(119296K)->0K(115712K) From: 64K(512K)->512K(13824K)
[118.939s][info][gc,heap     ] GC(7) ParOldGen: 14119K(175104K)->14127K(175104K)
[118.939s][info][gc,metaspace] GC(7) Metaspace: 5226K(5376K)->5226K(5376K) NonClass: 4728K(4800K)->4728K(4800K) Class: 498K(576K)->498K(576K)
[118.939s][info][gc          ] GC(7) Pause Young (Allocation Failure) 130M->14M(297M) 1.895ms
[118.939s][info][gc,cpu      ] GC(7) User=0.00s Sys=0.00s Real=0.00s
[137.469s][info][gc,start    ] GC(8) Pause Young (Allocation Failure)
[137.488s][info][gc,heap     ] GC(8) PSYoungGen: 116224K(129536K)->11953K(124416K) Eden: 115712K(115712K)->0K(112128K) From: 512K(13824K)->11953K(12288K)
[137.488s][info][gc,heap     ] GC(8) ParOldGen: 14127K(175104K)->14135K(175104K)
[137.488s][info][gc,metaspace] GC(8) Metaspace: 5418K(5504K)->5418K(5504K) NonClass: 4909K(4928K)->4909K(4928K) Class: 508K(576K)->508K(576K)
[137.488s][info][gc          ] GC(8) Pause Young (Allocation Failure) 127M->25M(292M) 18.924ms
[137.488s][info][gc,cpu      ] GC(8) User=0.03s Sys=0.00s Real=0.02s
[156.025s][info][gc,start    ] GC(9) Pause Young (Allocation Failure)
[156.041s][info][gc,heap     ] GC(9) PSYoungGen: 124081K(124416K)->11441K(122880K) Eden: 112128K(112128K)->0K(109056K) From: 11953K(12288K)->11441K(13824K)
[156.041s][info][gc,heap     ] GC(9) ParOldGen: 14135K(175104K)->14583K(175104K)
[156.041s][info][gc,metaspace] GC(9) Metaspace: 5420K(5568K)->5420K(5568K) NonClass: 4911K(4992K)->4911K(4992K) Class: 508K(576K)->508K(576K)
[156.041s][info][gc          ] GC(9) Pause Young (Allocation Failure) 134M->25M(291M) 16.093ms
[156.041s][info][gc,cpu      ] GC(9) User=0.03s Sys=0.01s Real=0.02s
[170.891s][info][gc,start    ] GC(10) Pause Young (Allocation Failure)
[170.919s][info][gc,heap     ] GC(10) PSYoungGen: 120497K(122880K)->64K(106496K) Eden: 109056K(109056K)->0K(105984K) From: 11441K(13824K)->64K(512K)
[170.919s][info][gc,heap     ] GC(10) ParOldGen: 14583K(175104K)->25733K(175104K)
[170.919s][info][gc,metaspace] GC(10) Metaspace: 5421K(5568K)->5421K(5568K) NonClass: 4912K(4992K)->4912K(4992K) Class: 508K(576K)->508K(576K)
[170.919s][info][gc          ] GC(10) Pause Young (Allocation Failure) 131M->25M(275M) 28.225ms
[170.919s][info][gc,cpu      ] GC(10) User=0.04s Sys=0.00s Real=0.03s
[186.336s][info][gc,start    ] GC(11) Pause Young (Allocation Failure)
[186.337s][info][gc,heap     ] GC(11) PSYoungGen: 106048K(106496K)->480K(118784K) Eden: 105984K(105984K)->0K(102912K) From: 64K(512K)->480K(15872K)
[186.337s][info][gc,heap     ] GC(11) ParOldGen: 25733K(175104K)->25741K(175104K)
[186.337s][info][gc,metaspace] GC(11) Metaspace: 5421K(5568K)->5421K(5568K) NonClass: 4912K(4992K)->4912K(4992K) Class: 508K(576K)->508K(576K)
[186.338s][info][gc          ] GC(11) Pause Young (Allocation Failure) 128M->25M(287M) 1.764ms
[186.338s][info][gc,cpu      ] GC(11) User=0.00s Sys=0.00s Real=0.00s
[200.185s][info][gc,start    ] GC(12) Pause Young (Allocation Failure)
[200.187s][info][gc,heap     ] GC(12) PSYoungGen: 103392K(118784K)->448K(100352K) Eden: 102912K(102912K)->0K(99840K) From: 480K(15872K)->448K(512K)
[200.187s][info][gc,heap     ] GC(12) ParOldGen: 25741K(175104K)->26173K(175104K)
[200.187s][info][gc,metaspace] GC(12) Metaspace: 5421K(5568K)->5421K(5568K) NonClass: 4912K(4992K)->4912K(4992K) Class: 508K(576K)->508K(576K)
[200.187s][info][gc          ] GC(12) Pause Young (Allocation Failure) 126M->25M(269M) 2.580ms
[200.187s][info][gc,cpu      ] GC(12) User=0.00s Sys=0.00s Real=0.00s
[213.625s][info][gc,start    ] GC(13) Pause Young (Allocation Failure)
[213.628s][info][gc,heap     ] GC(13) PSYoungGen: 100288K(100352K)->480K(113152K) Eden: 99840K(99840K)->0K(97280K) From: 448K(512K)->480K(15872K)
[213.628s][info][gc,heap     ] GC(13) ParOldGen: 26173K(175104K)->26589K(175104K)
[213.628s][info][gc,metaspace] GC(13) Metaspace: 5421K(5568K)->5421K(5568K) NonClass: 4912K(4992K)->4912K(4992K) Class: 508K(576K)->508K(576K)
[213.628s][info][gc          ] GC(13) Pause Young (Allocation Failure) 123M->26M(281M) 2.790ms
[213.628s][info][gc,cpu      ] GC(13) User=0.01s Sys=0.00s Real=0.00s
[226.605s][info][gc,start    ] GC(14) Pause Young (Allocation Failure)
[226.609s][info][gc,heap     ] GC(14) PSYoungGen: 97760K(113152K)->448K(95232K) Eden: 97280K(97280K)->0K(94720K) From: 480K(15872K)->448K(512K)
[226.609s][info][gc,heap     ] GC(14) ParOldGen: 26589K(175104K)->27013K(175104K)
[226.609s][info][gc,metaspace] GC(14) Metaspace: 5421K(5568K)->5421K(5568K) NonClass: 4912K(4992K)->4912K(4992K) Class: 508K(576K)->508K(576K)
[226.609s][info][gc          ] GC(14) Pause Young (Allocation Failure) 121M->26M(264M) 3.667ms
[226.609s][info][gc,cpu      ] GC(14) User=0.00s Sys=0.00s Real=0.00s
[238.775s][info][gc,start    ] GC(15) Pause Young (Allocation Failure)
[238.778s][info][gc,heap     ] GC(15) PSYoungGen: 95168K(95232K)->384K(107520K) Eden: 94720K(94720K)->0K(92160K) From: 448K(512K)->384K(15360K)
[238.778s][info][gc,heap     ] GC(15) ParOldGen: 27013K(175104K)->27405K(175104K)
[238.778s][info][gc,metaspace] GC(15) Metaspace: 5421K(5568K)->5421K(5568K) NonClass: 4912K(4992K)->4912K(4992K) Class: 508K(576K)->508K(576K)
[238.778s][info][gc          ] GC(15) Pause Young (Allocation Failure) 119M->27M(276M) 3.149ms
[238.778s][info][gc,cpu      ] GC(15) User=0.01s Sys=0.00s Real=0.00s
[251.856s][info][gc,start    ] GC(16) Pause Young (Allocation Failure)
[251.860s][info][gc,heap     ] GC(16) PSYoungGen: 92544K(107520K)->416K(90112K) Eden: 92160K(92160K)->0K(89600K) From: 384K(15360K)->416K(512K)
[251.860s][info][gc,heap     ] GC(16) ParOldGen: 27405K(175104K)->27757K(175104K)
[251.860s][info][gc,metaspace] GC(16) Metaspace: 5421K(5568K)->5421K(5568K) NonClass: 4912K(4992K)->4912K(4992K) Class: 508K(576K)->508K(576K)
[251.860s][info][gc          ] GC(16) Pause Young (Allocation Failure) 117M->27M(259M) 4.036ms
[251.860s][info][gc,cpu      ] GC(16) User=0.01s Sys=0.00s Real=0.00s
[266.756s][info][gc,start    ] GC(17) Pause Young (Allocation Failure)
[266.774s][info][gc,heap     ] GC(17) PSYoungGen: 90016K(90112K)->11105K(103936K) Eden: 89600K(89600K)->0K(87040K) From: 416K(512K)->11105K(16896K)
[266.774s][info][gc,heap     ] GC(17) ParOldGen: 27757K(175104K)->28125K(175104K)
[266.774s][info][gc,metaspace] GC(17) Metaspace: 5435K(5568K)->5435K(5568K) NonClass: 4926K(4992K)->4926K(4992K) Class: 508K(576K)->508K(576K)
[266.774s][info][gc          ] GC(17) Pause Young (Allocation Failure) 115M->38M(272M) 18.012ms
[266.774s][info][gc,cpu      ] GC(17) User=0.03s Sys=0.00s Real=0.02s
[282.418s][info][gc,start    ] GC(18) Pause Young (Allocation Failure)
[282.442s][info][gc,heap     ] GC(18) PSYoungGen: 98145K(103936K)->64K(85504K) Eden: 87040K(87040K)->0K(84992K) From: 11105K(16896K)->64K(512K)
[282.442s][info][gc,heap     ] GC(18) ParOldGen: 28125K(175104K)->38945K(175104K)
[282.442s][info][gc,metaspace] GC(18) Metaspace: 5437K(5568K)->5437K(5568K) NonClass: 4928K(4992K)->4928K(4992K) Class: 508K(576K)->508K(576K)
[282.443s][info][gc          ] GC(18) Pause Young (Allocation Failure) 123M->38M(254M) 24.659ms
[282.443s][info][gc,cpu      ] GC(18) User=0.04s Sys=0.00s Real=0.03s
[294.225s][info][gc,start    ] GC(19) Pause Young (Allocation Failure)
[294.226s][info][gc,heap     ] GC(19) PSYoungGen: 85056K(85504K)->416K(97792K) Eden: 84992K(84992K)->0K(82944K) From: 64K(512K)->416K(14848K)
[294.226s][info][gc,heap     ] GC(19) ParOldGen: 38945K(175104K)->38961K(175104K)
[294.226s][info][gc,metaspace] GC(19) Metaspace: 5437K(5568K)->5437K(5568K) NonClass: 4928K(4992K)->4928K(4992K) Class: 508K(576K)->508K(576K)
[294.226s][info][gc          ] GC(19) Pause Young (Allocation Failure) 121M->38M(266M) 1.867ms
[294.226s][info][gc,cpu      ] GC(19) User=0.00s Sys=0.00s Real=0.00s
[305.911s][info][gc,start    ] GC(20) Pause Young (Allocation Failure)
[305.914s][info][gc,heap     ] GC(20) PSYoungGen: 83359K(97792K)->384K(81408K) Eden: 82943K(82944K)->0K(80896K) From: 416K(14848K)->384K(512K)
[305.914s][info][gc,heap     ] GC(20) ParOldGen: 38961K(175104K)->39369K(175104K)
[305.914s][info][gc,metaspace] GC(20) Metaspace: 5437K(5568K)->5437K(5568K) NonClass: 4928K(4992K)->4928K(4992K) Class: 508K(576K)->508K(576K)
[305.914s][info][gc          ] GC(20) Pause Young (Allocation Failure) 119M->38M(250M) 2.680ms
[305.914s][info][gc,cpu      ] GC(20) User=0.01s Sys=0.00s Real=0.01s
[317.648s][info][gc,start    ] GC(21) Pause Young (Allocation Failure)
[317.651s][info][gc,heap     ] GC(21) PSYoungGen: 81280K(81408K)->416K(91648K) Eden: 80896K(80896K)->0K(78848K) From: 384K(512K)->416K(12800K)
[317.651s][info][gc,heap     ] GC(21) ParOldGen: 39369K(175104K)->39713K(175104K)
[317.651s][info][gc,metaspace] GC(21) Metaspace: 5437K(5568K)->5437K(5568K) NonClass: 4928K(4992K)->4928K(4992K) Class: 508K(576K)->508K(576K)
[317.651s][info][gc          ] GC(21) Pause Young (Allocation Failure) 117M->39M(260M) 2.881ms
[317.651s][info][gc,cpu      ] GC(21) User=0.00s Sys=0.00s Real=0.00s
[329.051s][info][gc,start    ] GC(22) Pause Young (Allocation Failure)
[329.055s][info][gc,heap     ] GC(22) PSYoungGen: 79264K(91648K)->384K(77312K) Eden: 78848K(78848K)->0K(76800K) From: 416K(12800K)->384K(512K)
[329.055s][info][gc,heap     ] GC(22) ParOldGen: 39713K(175104K)->40041K(175104K)
[329.055s][info][gc,metaspace] GC(22) Metaspace: 5437K(5568K)->5437K(5568K) NonClass: 4928K(4992K)->4928K(4992K) Class: 508K(576K)->508K(576K)
[329.055s][info][gc          ] GC(22) Pause Young (Allocation Failure) 116M->39M(246M) 4.202ms
[329.055s][info][gc,cpu      ] GC(22) User=0.00s Sys=0.01s Real=0.00s
[339.607s][info][gc,start    ] GC(23) Pause Young (Allocation Failure)
[339.611s][info][gc,heap     ] GC(23) PSYoungGen: 77184K(77312K)->384K(87040K) Eden: 76800K(76800K)->0K(74752K) From: 384K(512K)->384K(12288K)
[339.611s][info][gc,heap     ] GC(23) ParOldGen: 40041K(175104K)->40361K(175104K)
[339.611s][info][gc,metaspace] GC(23) Metaspace: 5437K(5568K)->5437K(5568K) NonClass: 4928K(4992K)->4928K(4992K) Class: 508K(576K)->508K(576K)
[339.612s][info][gc          ] GC(23) Pause Young (Allocation Failure) 114M->39M(256M) 4.905ms
[339.612s][info][gc,cpu      ] GC(23) User=0.01s Sys=0.00s Real=0.01s
[350.243s][info][gc,start    ] GC(24) Pause Young (Allocation Failure)
[350.246s][info][gc,heap     ] GC(24) PSYoungGen: 75136K(87040K)->352K(73728K) Eden: 74752K(74752K)->0K(73216K) From: 384K(12288K)->352K(512K)
[350.246s][info][gc,heap     ] GC(24) ParOldGen: 40361K(175104K)->40681K(175104K)
[350.246s][info][gc,metaspace] GC(24) Metaspace: 5437K(5568K)->5437K(5568K) NonClass: 4928K(4992K)->4928K(4992K) Class: 508K(576K)->508K(576K)
[350.246s][info][gc          ] GC(24) Pause Young (Allocation Failure) 112M->40M(243M) 2.862ms
[350.246s][info][gc,cpu      ] GC(24) User=0.00s Sys=0.00s Real=0.00s
[360.264s][info][gc,start    ] GC(25) Pause Young (Allocation Failure)
[360.266s][info][gc,heap     ] GC(25) PSYoungGen: 73568K(73728K)->320K(82944K) Eden: 73216K(73216K)->0K(71680K) From: 352K(512K)->320K(11264K)
[360.266s][info][gc,heap     ] GC(25) ParOldGen: 40681K(175104K)->41001K(175104K)
[360.266s][info][gc,metaspace] GC(25) Metaspace: 5437K(5568K)->5437K(5568K) NonClass: 4928K(4992K)->4928K(4992K) Class: 508K(576K)->508K(576K)
[360.266s][info][gc          ] GC(25) Pause Young (Allocation Failure) 111M->40M(252M) 2.106ms
[360.266s][info][gc,cpu      ] GC(25) User=0.00s Sys=0.00s Real=0.00s
[369.985s][info][gc,start    ] GC(26) Pause Young (Allocation Failure)
[369.987s][info][gc,heap     ] GC(26) PSYoungGen: 72000K(82944K)->320K(70656K) Eden: 71680K(71680K)->0K(70144K) From: 320K(11264K)->320K(512K)
[369.987s][info][gc,heap     ] GC(26) ParOldGen: 41001K(175104K)->41289K(175104K)
[369.987s][info][gc,metaspace] GC(26) Metaspace: 5437K(5568K)->5437K(5568K) NonClass: 4928K(4992K)->4928K(4992K) Class: 508K(576K)->508K(576K)
[369.987s][info][gc          ] GC(26) Pause Young (Allocation Failure) 110M->40M(240M) 2.438ms
[369.987s][info][gc,cpu      ] GC(26) User=0.00s Sys=0.00s Real=0.00s
[380.436s][info][gc,start    ] GC(27) Pause Young (Allocation Failure)
[380.441s][info][gc,heap     ] GC(27) PSYoungGen: 70464K(70656K)->320K(77824K) Eden: 70144K(70144K)->0K(68608K) From: 320K(512K)->320K(9216K)
[380.441s][info][gc,heap     ] GC(27) ParOldGen: 41289K(175104K)->41577K(175104K)
[380.441s][info][gc,metaspace] GC(27) Metaspace: 5437K(5568K)->5437K(5568K) NonClass: 4928K(4992K)->4928K(4992K) Class: 508K(576K)->508K(576K)
[380.441s][info][gc          ] GC(27) Pause Young (Allocation Failure) 109M->40M(247M) 5.140ms
[380.441s][info][gc,cpu      ] GC(27) User=0.00s Sys=0.00s Real=0.00s
[388.336s][info][gc,start    ] GC(28) Pause Young (Allocation Failure)
[388.353s][info][gc,heap     ] GC(28) PSYoungGen: 68927K(77824K)->11058K(78848K) Eden: 68607K(68608K)->0K(67072K) From: 320K(9216K)->11058K(11776K)
[388.353s][info][gc,heap     ] GC(28) ParOldGen: 41577K(175104K)->41865K(175104K)
[388.353s][info][gc,metaspace] GC(28) Metaspace: 5483K(5632K)->5483K(5632K) NonClass: 4974K(5056K)->4974K(5056K) Class: 508K(576K)->508K(576K)
[388.353s][info][gc          ] GC(28) Pause Young (Allocation Failure) 107M->51M(248M) 17.639ms
[388.353s][info][gc,cpu      ] GC(28) User=0.03s Sys=0.00s Real=0.02s
[402.415s][info][gc,start    ] GC(29) Pause Young (Allocation Failure)
[402.435s][info][gc,heap     ] GC(29) PSYoungGen: 78130K(78848K)->128K(77312K) Eden: 67072K(67072K)->0K(65536K) From: 11058K(11776K)->128K(11776K)
[402.435s][info][gc,heap     ] GC(29) ParOldGen: 41865K(175104K)->52691K(175104K)
[402.435s][info][gc,metaspace] GC(29) Metaspace: 5488K(5632K)->5488K(5632K) NonClass: 4979K(5056K)->4979K(5056K) Class: 508K(576K)->508K(576K)
[402.435s][info][gc          ] GC(29) Pause Young (Allocation Failure) 117M->51M(246M) 19.899ms
[402.435s][info][gc,cpu      ] GC(29) User=0.03s Sys=0.01s Real=0.02s
[412.254s][info][gc,start    ] GC(30) Pause Young (Allocation Failure)
[412.255s][info][gc,heap     ] GC(30) PSYoungGen: 65664K(77312K)->64K(64512K) Eden: 65536K(65536K)->0K(64000K) From: 128K(11776K)->64K(512K)
[412.255s][info][gc,heap     ] GC(30) ParOldGen: 52691K(175104K)->52771K(175104K)
[412.255s][info][gc,metaspace] GC(30) Metaspace: 5490K(5632K)->5490K(5632K) NonClass: 4981K(5056K)->4981K(5056K) Class: 508K(576K)->508K(576K)
[412.255s][info][gc          ] GC(30) Pause Young (Allocation Failure) 115M->51M(234M) 1.180ms
[412.255s][info][gc,cpu      ] GC(30) User=0.00s Sys=0.00s Real=0.00s
[420.928s][info][gc,start    ] GC(31) Pause Young (Allocation Failure)
[420.930s][info][gc,heap     ] GC(31) PSYoungGen: 64064K(64512K)->384K(72704K) Eden: 64000K(64000K)->0K(62464K) From: 64K(512K)->384K(10240K)
[420.930s][info][gc,heap     ] GC(31) ParOldGen: 52771K(175104K)->52779K(175104K)
[420.930s][info][gc,metaspace] GC(31) Metaspace: 5490K(5632K)->5490K(5632K) NonClass: 4981K(5056K)->4981K(5056K) Class: 508K(576K)->508K(576K)
[420.930s][info][gc          ] GC(31) Pause Young (Allocation Failure) 114M->51M(242M) 1.701ms
[420.930s][info][gc,cpu      ] GC(31) User=0.01s Sys=0.00s Real=0.00s
[429.435s][info][gc,start    ] GC(32) Pause Young (Allocation Failure)
[429.438s][info][gc,heap     ] GC(32) PSYoungGen: 62848K(72704K)->288K(74752K) Eden: 62464K(62464K)->0K(62464K) From: 384K(10240K)->288K(12288K)
[429.438s][info][gc,heap     ] GC(32) ParOldGen: 52779K(175104K)->53083K(175104K)
[429.438s][info][gc,metaspace] GC(32) Metaspace: 5490K(5632K)->5490K(5632K) NonClass: 4981K(5056K)->4981K(5056K) Class: 508K(576K)->508K(576K)
[429.438s][info][gc          ] GC(32) Pause Young (Allocation Failure) 112M->52M(244M) 2.177ms
[429.438s][info][gc,cpu      ] GC(32) User=0.00s Sys=0.00s Real=0.00s
[438.522s][info][gc,start    ] GC(33) Pause Young (Allocation Failure)
[438.524s][info][gc,heap     ] GC(33) PSYoungGen: 62752K(74752K)->288K(75776K) Eden: 62464K(62464K)->0K(64000K) From: 288K(12288K)->288K(11776K)
[438.524s][info][gc,heap     ] GC(33) ParOldGen: 53083K(175104K)->53331K(175104K)
[438.524s][info][gc,metaspace] GC(33) Metaspace: 5490K(5632K)->5490K(5632K) NonClass: 4981K(5056K)->4981K(5056K) Class: 508K(576K)->508K(576K)
[438.524s][info][gc          ] GC(33) Pause Young (Allocation Failure) 113M->52M(245M) 1.606ms
[438.524s][info][gc,cpu      ] GC(33) User=0.00s Sys=0.00s Real=0.00s
[447.950s][info][gc,start    ] GC(34) Pause Young (Allocation Failure)
[447.951s][info][gc,heap     ] GC(34) PSYoungGen: 64288K(75776K)->288K(75264K) Eden: 64000K(64000K)->0K(64000K) From: 288K(11776K)->288K(11264K)
[447.952s][info][gc,heap     ] GC(34) ParOldGen: 53331K(175104K)->53603K(175104K)
[447.952s][info][gc,metaspace] GC(34) Metaspace: 5490K(5632K)->5490K(5632K) NonClass: 4981K(5056K)->4981K(5056K) Class: 508K(576K)->508K(576K)
[447.952s][info][gc          ] GC(34) Pause Young (Allocation Failure) 114M->52M(244M) 1.727ms
[447.952s][info][gc,cpu      ] GC(34) User=0.01s Sys=0.00s Real=0.01s
[456.850s][info][gc,start    ] GC(35) Pause Young (Allocation Failure)
[456.851s][info][gc,heap     ] GC(35) PSYoungGen: 64287K(75264K)->320K(77312K) Eden: 63999K(64000K)->0K(67072K) From: 288K(11264K)->320K(10240K)
[456.851s][info][gc,heap     ] GC(35) ParOldGen: 53603K(175104K)->53867K(175104K)
[456.851s][info][gc,metaspace] GC(35) Metaspace: 5490K(5632K)->5490K(5632K) NonClass: 4981K(5056K)->4981K(5056K) Class: 508K(576K)->508K(576K)
[456.851s][info][gc          ] GC(35) Pause Young (Allocation Failure) 115M->52M(246M) 1.690ms
[456.851s][info][gc,cpu      ] GC(35) User=0.00s Sys=0.00s Real=0.01s
[466.908s][info][gc,start    ] GC(36) Pause Young (Allocation Failure)
[466.910s][info][gc,heap     ] GC(36) PSYoungGen: 67392K(77312K)->320K(76800K) Eden: 67072K(67072K)->0K(67072K) From: 320K(10240K)->320K(9728K)
[466.910s][info][gc,heap     ] GC(36) ParOldGen: 53867K(175104K)->54131K(175104K)
[466.910s][info][gc,metaspace] GC(36) Metaspace: 5490K(5632K)->5490K(5632K) NonClass: 4981K(5056K)->4981K(5056K) Class: 508K(576K)->508K(576K)
[466.910s][info][gc          ] GC(36) Pause Young (Allocation Failure) 118M->53M(246M) 2.326ms
[466.910s][info][gc,cpu      ] GC(36) User=0.01s Sys=0.00s Real=0.00s
[475.524s][info][gc,start    ] GC(37) Pause Young (Allocation Failure)
[475.529s][info][gc,heap     ] GC(37) PSYoungGen: 67392K(76800K)->320K(78336K) Eden: 67072K(67072K)->0K(69120K) From: 320K(9728K)->320K(9216K)
[475.529s][info][gc,heap     ] GC(37) ParOldGen: 54131K(175104K)->54411K(175104K)
[475.529s][info][gc,metaspace] GC(37) Metaspace: 5490K(5632K)->5490K(5632K) NonClass: 4981K(5056K)->4981K(5056K) Class: 508K(576K)->508K(576K)
[475.529s][info][gc          ] GC(37) Pause Young (Allocation Failure) 118M->53M(247M) 4.966ms
[475.529s][info][gc,cpu      ] GC(37) User=0.00s Sys=0.00s Real=0.00s
[484.476s][info][gc,start    ] GC(38) Pause Young (Allocation Failure)
[484.479s][info][gc,heap     ] GC(38) PSYoungGen: 69440K(78336K)->320K(77824K) Eden: 69120K(69120K)->0K(69120K) From: 320K(9216K)->320K(8704K)
[484.479s][info][gc,heap     ] GC(38) ParOldGen: 54411K(175104K)->54683K(175104K)
[484.479s][info][gc,metaspace] GC(38) Metaspace: 5490K(5632K)->5490K(5632K) NonClass: 4981K(5056K)->4981K(5056K) Class: 508K(576K)->508K(576K)
[484.479s][info][gc          ] GC(38) Pause Young (Allocation Failure) 120M->53M(247M) 2.676ms
[484.479s][info][gc,cpu      ] GC(38) User=0.01s Sys=0.00s Real=0.00s
[493.604s][info][gc,start    ] GC(39) Pause Young (Allocation Failure)
[493.606s][info][gc,heap     ] GC(39) PSYoungGen: 69439K(77824K)->288K(79360K) Eden: 69119K(69120K)->0K(71168K) From: 320K(8704K)->288K(8192K)
[493.606s][info][gc,heap     ] GC(39) ParOldGen: 54683K(175104K)->54963K(175104K)
[493.606s][info][gc,metaspace] GC(39) Metaspace: 5490K(5632K)->5490K(5632K) NonClass: 4981K(5056K)->4981K(5056K) Class: 508K(576K)->508K(576K)
[493.606s][info][gc          ] GC(39) Pause Young (Allocation Failure) 121M->53M(248M) 1.987ms
[493.606s][info][gc,cpu      ] GC(39) User=0.00s Sys=0.00s Real=0.00s
[503.823s][info][gc,start    ] GC(40) Pause Young (Allocation Failure)
[503.825s][info][gc,heap     ] GC(40) PSYoungGen: 71456K(79360K)->352K(78848K) Eden: 71168K(71168K)->0K(71168K) From: 288K(8192K)->352K(7680K)
[503.825s][info][gc,heap     ] GC(40) ParOldGen: 54963K(175104K)->55227K(175104K)
[503.825s][info][gc,metaspace] GC(40) Metaspace: 5490K(5632K)->5490K(5632K) NonClass: 4981K(5056K)->4981K(5056K) Class: 508K(576K)->508K(576K)
[503.825s][info][gc          ] GC(40) Pause Young (Allocation Failure) 123M->54M(248M) 2.174ms
[503.825s][info][gc,cpu      ] GC(40) User=0.00s Sys=0.00s Real=0.00s
[513.664s][info][gc,start    ] GC(41) Pause Young (Allocation Failure)
[513.666s][info][gc,heap     ] GC(41) PSYoungGen: 71519K(78848K)->352K(80384K) Eden: 71167K(71168K)->0K(73216K) From: 352K(7680K)->352K(7168K)
[513.666s][info][gc,heap     ] GC(41) ParOldGen: 55227K(175104K)->55515K(175104K)
[513.666s][info][gc,metaspace] GC(41) Metaspace: 5490K(5632K)->5490K(5632K) NonClass: 4981K(5056K)->4981K(5056K) Class: 508K(576K)->508K(576K)
[513.666s][info][gc          ] GC(41) Pause Young (Allocation Failure) 123M->54M(249M) 1.884ms
[513.666s][info][gc,cpu      ] GC(41) User=0.01s Sys=0.00s Real=0.00s
[527.741s][info][gc,start    ] GC(42) Pause Young (Allocation Failure)
[527.763s][info][gc,heap     ] GC(42) PSYoungGen: 73568K(80384K)->6625K(78336K) Eden: 73216K(73216K)->0K(71680K) From: 352K(7168K)->6625K(6656K)
[527.763s][info][gc,heap     ] GC(42) ParOldGen: 55515K(175104K)->60062K(175104K)
[527.763s][info][gc,metaspace] GC(42) Metaspace: 5506K(5696K)->5506K(5696K) NonClass: 4997K(5120K)->4997K(5120K) Class: 508K(576K)->508K(576K)
[527.763s][info][gc          ] GC(42) Pause Young (Allocation Failure) 126M->65M(247M) 22.275ms
[527.763s][info][gc,cpu      ] GC(42) User=0.04s Sys=0.00s Real=0.03s
[540.781s][info][gc,start    ] GC(43) Pause Young (Allocation Failure)
[540.794s][info][gc,heap     ] GC(43) PSYoungGen: 78305K(78336K)->64K(77312K) Eden: 71680K(71680K)->0K(70144K) From: 6625K(6656K)->64K(7168K)
[540.794s][info][gc,heap     ] GC(43) ParOldGen: 60062K(175104K)->66524K(175104K)
[540.794s][info][gc,metaspace] GC(43) Metaspace: 5506K(5696K)->5506K(5696K) NonClass: 4997K(5120K)->4997K(5120K) Class: 508K(576K)->508K(576K)
[540.794s][info][gc          ] GC(43) Pause Young (Allocation Failure) 135M->65M(246M) 13.411ms
[540.794s][info][gc,cpu      ] GC(43) User=0.02s Sys=0.00s Real=0.02s
[551.043s][info][gc,start    ] GC(44) Pause Young (Allocation Failure)
[551.045s][info][gc,heap     ] GC(44) PSYoungGen: 70208K(77312K)->384K(70656K) Eden: 70144K(70144K)->0K(70144K) From: 64K(7168K)->384K(512K)
[551.045s][info][gc,heap     ] GC(44) ParOldGen: 66524K(175104K)->66540K(175104K)
[551.045s][info][gc,metaspace] GC(44) Metaspace: 5506K(5696K)->5506K(5696K) NonClass: 4997K(5120K)->4997K(5120K) Class: 508K(576K)->508K(576K)
[551.045s][info][gc          ] GC(44) Pause Young (Allocation Failure) 133M->65M(240M) 1.810ms
[551.045s][info][gc,cpu      ] GC(44) User=0.00s Sys=0.00s Real=0.00s
[560.757s][info][gc,start    ] GC(45) Pause Young (Allocation Failure)
[560.759s][info][gc,heap     ] GC(45) PSYoungGen: 70528K(70656K)->320K(78336K) Eden: 70144K(70144K)->0K(69632K) From: 384K(512K)->320K(8704K)
[560.759s][info][gc,heap     ] GC(45) ParOldGen: 66540K(175104K)->66876K(175104K)
[560.759s][info][gc,metaspace] GC(45) Metaspace: 5506K(5696K)->5506K(5696K) NonClass: 4997K(5120K)->4997K(5120K) Class: 508K(576K)->508K(576K)
[560.759s][info][gc          ] GC(45) Pause Young (Allocation Failure) 133M->65M(247M) 2.195ms
[560.759s][info][gc,cpu      ] GC(45) User=0.01s Sys=0.00s Real=0.00s
[570.906s][info][gc,start    ] GC(46) Pause Young (Allocation Failure)
[570.909s][info][gc,heap     ] GC(46) PSYoungGen: 69952K(78336K)->320K(78336K) Eden: 69632K(69632K)->0K(69632K) From: 320K(8704K)->320K(8704K)
[570.909s][info][gc,heap     ] GC(46) ParOldGen: 66876K(175104K)->67156K(175104K)
[570.909s][info][gc,metaspace] GC(46) Metaspace: 5506K(5696K)->5506K(5696K) NonClass: 4997K(5120K)->4997K(5120K) Class: 508K(576K)->508K(576K)
[570.909s][info][gc          ] GC(46) Pause Young (Allocation Failure) 133M->65M(247M) 2.233ms
[570.909s][info][gc,cpu      ] GC(46) User=0.01s Sys=0.00s Real=0.00s
[580.597s][info][gc,start    ] GC(47) Pause Young (Allocation Failure)
[580.599s][info][gc,heap     ] GC(47) PSYoungGen: 69952K(78336K)->352K(79360K) Eden: 69632K(69632K)->0K(71168K) From: 320K(8704K)->352K(8192K)
[580.599s][info][gc,heap     ] GC(47) ParOldGen: 67156K(175104K)->67452K(175104K)
[580.599s][info][gc,metaspace] GC(47) Metaspace: 5506K(5696K)->5506K(5696K) NonClass: 4997K(5120K)->4997K(5120K) Class: 508K(576K)->508K(576K)
[580.599s][info][gc          ] GC(47) Pause Young (Allocation Failure) 133M->66M(248M) 1.828ms
[580.599s][info][gc,cpu      ] GC(47) User=0.01s Sys=0.00s Real=0.00s
[590.187s][info][gc,start    ] GC(48) Pause Young (Allocation Failure)
[590.189s][info][gc,heap     ] GC(48) PSYoungGen: 71520K(79360K)->352K(78848K) Eden: 71168K(71168K)->0K(71168K) From: 352K(8192K)->352K(7680K)
[590.189s][info][gc,heap     ] GC(48) ParOldGen: 67452K(175104K)->67740K(175104K)
[590.189s][info][gc,metaspace] GC(48) Metaspace: 5506K(5696K)->5506K(5696K) NonClass: 4997K(5120K)->4997K(5120K) Class: 508K(576K)->508K(576K)
[590.190s][info][gc          ] GC(48) Pause Young (Allocation Failure) 135M->66M(248M) 2.231ms
[590.190s][info][gc,cpu      ] GC(48) User=0.00s Sys=0.00s Real=0.00s
[600.295s][info][gc,start    ] GC(49) Pause Young (Allocation Failure)
[600.300s][info][gc,heap     ] GC(49) PSYoungGen: 71520K(78848K)->352K(80384K) Eden: 71168K(71168K)->0K(73216K) From: 352K(7680K)->352K(7168K)
[600.300s][info][gc,heap     ] GC(49) ParOldGen: 67740K(175104K)->68036K(175104K)
[600.300s][info][gc,metaspace] GC(49) Metaspace: 5506K(5696K)->5506K(5696K) NonClass: 4997K(5120K)->4997K(5120K) Class: 508K(576K)->508K(576K)
[600.300s][info][gc          ] GC(49) Pause Young (Allocation Failure) 135M->66M(249M) 5.045ms
[600.300s][info][gc,cpu      ] GC(49) User=0.00s Sys=0.00s Real=0.00s
[610.194s][info][gc,start    ] GC(50) Pause Young (Allocation Failure)
[610.196s][info][gc,heap     ] GC(50) PSYoungGen: 73568K(80384K)->384K(79872K) Eden: 73216K(73216K)->0K(73216K) From: 352K(7168K)->384K(6656K)
[610.196s][info][gc,heap     ] GC(50) ParOldGen: 68036K(175104K)->68348K(175104K)
[610.196s][info][gc,metaspace] GC(50) Metaspace: 5506K(5696K)->5506K(5696K) NonClass: 4997K(5120K)->4997K(5120K) Class: 508K(576K)->508K(576K)
[610.196s][info][gc          ] GC(50) Pause Young (Allocation Failure) 138M->67M(249M) 1.869ms
[610.196s][info][gc,cpu      ] GC(50) User=0.00s Sys=0.00s Real=0.00s
[619.752s][info][gc,start    ] GC(51) Pause Young (Allocation Failure)
[619.754s][info][gc,heap     ] GC(51) PSYoungGen: 73600K(79872K)->320K(80896K) Eden: 73216K(73216K)->0K(74752K) From: 384K(6656K)->320K(6144K)
[619.754s][info][gc,heap     ] GC(51) ParOldGen: 68348K(175104K)->68644K(175104K)
[619.754s][info][gc,metaspace] GC(51) Metaspace: 5506K(5696K)->5506K(5696K) NonClass: 4997K(5120K)->4997K(5120K) Class: 508K(576K)->508K(576K)
[619.754s][info][gc          ] GC(51) Pause Young (Allocation Failure) 138M->67M(250M) 2.305ms
[619.754s][info][gc,cpu      ] GC(51) User=0.00s Sys=0.00s Real=0.00s
[629.680s][info][gc,start    ] GC(52) Pause Young (Allocation Failure)
[629.682s][info][gc,heap     ] GC(52) PSYoungGen: 75072K(80896K)->384K(80896K) Eden: 74752K(74752K)->0K(74752K) From: 320K(6144K)->384K(6144K)
[629.682s][info][gc,heap     ] GC(52) ParOldGen: 68644K(175104K)->68948K(175104K)
[629.682s][info][gc,metaspace] GC(52) Metaspace: 5506K(5696K)->5506K(5696K) NonClass: 4997K(5120K)->4997K(5120K) Class: 508K(576K)->508K(576K)
[629.682s][info][gc          ] GC(52) Pause Young (Allocation Failure) 140M->67M(250M) 1.991ms
[629.682s][info][gc,cpu      ] GC(52) User=0.01s Sys=0.00s Real=0.01s
[639.487s][info][gc,start    ] GC(53) Pause Young (Allocation Failure)
[639.488s][info][gc,heap     ] GC(53) PSYoungGen: 75136K(80896K)->352K(81920K) Eden: 74752K(74752K)->0K(76288K) From: 384K(6144K)->352K(5632K)
[639.488s][info][gc,heap     ] GC(53) ParOldGen: 68948K(175104K)->69252K(175104K)
[639.488s][info][gc,metaspace] GC(53) Metaspace: 5506K(5696K)->5506K(5696K) NonClass: 4997K(5120K)->4997K(5120K) Class: 508K(576K)->508K(576K)
[639.489s][info][gc          ] GC(53) Pause Young (Allocation Failure) 140M->67M(251M) 1.761ms
[639.489s][info][gc,cpu      ] GC(53) User=0.00s Sys=0.00s Real=0.00s
[651.341s][info][gc,start    ] GC(54) Pause Young (Allocation Failure)
[651.377s][info][gc,heap     ] GC(54) PSYoungGen: 76640K(81920K)->5096K(79360K) Eden: 76288K(76288K)->0K(74240K) From: 352K(5632K)->5096K(5120K)
[651.377s][info][gc,heap     ] GC(54) ParOldGen: 69252K(175104K)->75341K(175104K)
[651.377s][info][gc,metaspace] GC(54) Metaspace: 5516K(5696K)->5516K(5696K) NonClass: 5007K(5120K)->5007K(5120K) Class: 508K(576K)->508K(576K)
[651.377s][info][gc          ] GC(54) Pause Young (Allocation Failure) 142M->78M(248M) 36.736ms
[651.377s][info][gc,cpu      ] GC(54) User=0.04s Sys=0.00s Real=0.04s
[663.738s][info][gc,start    ] GC(55) Pause Young (Allocation Failure)
[663.750s][info][gc,heap     ] GC(55) PSYoungGen: 79336K(79360K)->64K(78848K) Eden: 74240K(74240K)->0K(72704K) From: 5096K(5120K)->64K(6144K)
[663.750s][info][gc,heap     ] GC(55) ParOldGen: 75341K(175104K)->80345K(175104K)
[663.750s][info][gc,metaspace] GC(55) Metaspace: 5516K(5696K)->5516K(5696K) NonClass: 5007K(5120K)->5007K(5120K) Class: 508K(576K)->508K(576K)
[663.750s][info][gc          ] GC(55) Pause Young (Allocation Failure) 151M->78M(248M) 11.365ms
[663.750s][info][gc,cpu      ] GC(55) User=0.02s Sys=0.01s Real=0.01s
[673.650s][info][gc,start    ] GC(56) Pause Young (Allocation Failure)
[673.651s][info][gc,heap     ] GC(56) PSYoungGen: 72768K(78848K)->448K(73216K) Eden: 72704K(72704K)->0K(72704K) From: 64K(6144K)->448K(512K)
[673.651s][info][gc,heap     ] GC(56) ParOldGen: 80345K(175104K)->80353K(175104K)
[673.651s][info][gc,metaspace] GC(56) Metaspace: 5516K(5696K)->5516K(5696K) NonClass: 5007K(5120K)->5007K(5120K) Class: 508K(576K)->508K(576K)
[673.652s][info][gc          ] GC(56) Pause Young (Allocation Failure) 149M->78M(242M) 1.697ms
[673.652s][info][gc,cpu      ] GC(56) User=0.01s Sys=0.00s Real=0.01s
[682.612s][info][gc,start    ] GC(57) Pause Young (Allocation Failure)
[682.614s][info][gc,heap     ] GC(57) PSYoungGen: 73152K(73216K)->352K(79360K) Eden: 72704K(72704K)->0K(71680K) From: 448K(512K)->352K(7680K)
[682.614s][info][gc,heap     ] GC(57) ParOldGen: 80353K(175104K)->80713K(175104K)
[682.614s][info][gc,metaspace] GC(57) Metaspace: 5516K(5696K)->5516K(5696K) NonClass: 5007K(5120K)->5007K(5120K) Class: 508K(576K)->508K(576K)
[682.614s][info][gc          ] GC(57) Pause Young (Allocation Failure) 149M->79M(248M) 2.014ms
[682.614s][info][gc,cpu      ] GC(57) User=0.00s Sys=0.00s Real=0.00s
[692.307s][info][gc,start    ] GC(58) Pause Young (Allocation Failure)
[692.309s][info][gc,heap     ] GC(58) PSYoungGen: 72032K(79360K)->352K(79360K) Eden: 71680K(71680K)->0K(71680K) From: 352K(7680K)->352K(7680K)
[692.309s][info][gc,heap     ] GC(58) ParOldGen: 80713K(175104K)->81017K(175104K)
[692.309s][info][gc,metaspace] GC(58) Metaspace: 5516K(5696K)->5516K(5696K) NonClass: 5007K(5120K)->5007K(5120K) Class: 508K(576K)->508K(576K)
[692.309s][info][gc          ] GC(58) Pause Young (Allocation Failure) 149M->79M(248M) 1.912ms
[692.309s][info][gc,cpu      ] GC(58) User=0.01s Sys=0.00s Real=0.00s
[702.454s][info][gc,start    ] GC(59) Pause Young (Allocation Failure)
[702.455s][info][gc,heap     ] GC(59) PSYoungGen: 72032K(79360K)->352K(80384K) Eden: 71680K(71680K)->0K(73216K) From: 352K(7680K)->352K(7168K)
[702.455s][info][gc,heap     ] GC(59) ParOldGen: 81017K(175104K)->81321K(175104K)
[702.455s][info][gc,metaspace] GC(59) Metaspace: 5516K(5696K)->5516K(5696K) NonClass: 5007K(5120K)->5007K(5120K) Class: 508K(576K)->508K(576K)
[702.455s][info][gc          ] GC(59) Pause Young (Allocation Failure) 149M->79M(249M) 1.979ms
[702.455s][info][gc,cpu      ] GC(59) User=0.00s Sys=0.00s Real=0.00s
[712.241s][info][gc,start    ] GC(60) Pause Young (Allocation Failure)
[712.243s][info][gc,heap     ] GC(60) PSYoungGen: 73568K(80384K)->352K(79872K) Eden: 73216K(73216K)->0K(73216K) From: 352K(7168K)->352K(6656K)
[712.243s][info][gc,heap     ] GC(60) ParOldGen: 81321K(175104K)->81617K(175104K)
[712.243s][info][gc,metaspace] GC(60) Metaspace: 5516K(5696K)->5516K(5696K) NonClass: 5007K(5120K)->5007K(5120K) Class: 508K(576K)->508K(576K)
[712.243s][info][gc          ] GC(60) Pause Young (Allocation Failure) 151M->80M(249M) 2.288ms
[712.243s][info][gc,cpu      ] GC(60) User=0.00s Sys=0.00s Real=0.01s
[722.185s][info][gc,start    ] GC(61) Pause Young (Allocation Failure)
[722.188s][info][gc,heap     ] GC(61) PSYoungGen: 73568K(79872K)->352K(80896K) Eden: 73216K(73216K)->0K(74752K) From: 352K(6656K)->352K(6144K)
[722.188s][info][gc,heap     ] GC(61) ParOldGen: 81617K(175104K)->81913K(175104K)
[722.188s][info][gc,metaspace] GC(61) Metaspace: 5516K(5696K)->5516K(5696K) NonClass: 5007K(5120K)->5007K(5120K) Class: 508K(576K)->508K(576K)
[722.188s][info][gc          ] GC(61) Pause Young (Allocation Failure) 151M->80M(250M) 3.201ms
[722.188s][info][gc,cpu      ] GC(61) User=0.00s Sys=0.00s Real=0.00s
[731.783s][info][gc,start    ] GC(62) Pause Young (Allocation Failure)
[731.785s][info][gc,heap     ] GC(62) PSYoungGen: 75104K(80896K)->352K(80896K) Eden: 74752K(74752K)->0K(74752K) From: 352K(6144K)->352K(6144K)
[731.785s][info][gc,heap     ] GC(62) ParOldGen: 81913K(175104K)->82225K(175104K)
[731.785s][info][gc,metaspace] GC(62) Metaspace: 5516K(5696K)->5516K(5696K) NonClass: 5007K(5120K)->5007K(5120K) Class: 508K(576K)->508K(576K)
[731.785s][info][gc          ] GC(62) Pause Young (Allocation Failure) 153M->80M(250M) 1.960ms
[731.785s][info][gc,cpu      ] GC(62) User=0.00s Sys=0.00s Real=0.00s
[741.663s][info][gc,start    ] GC(63) Pause Young (Allocation Failure)
[741.665s][info][gc,heap     ] GC(63) PSYoungGen: 75104K(80896K)->352K(81920K) Eden: 74752K(74752K)->0K(76288K) From: 352K(6144K)->352K(5632K)
[741.665s][info][gc,heap     ] GC(63) ParOldGen: 82225K(175104K)->82529K(175104K)
[741.665s][info][gc,metaspace] GC(63) Metaspace: 5516K(5696K)->5516K(5696K) NonClass: 5007K(5120K)->5007K(5120K) Class: 508K(576K)->508K(576K)
[741.665s][info][gc          ] GC(63) Pause Young (Allocation Failure) 153M->80M(251M) 2.357ms
[741.665s][info][gc,cpu      ] GC(63) User=0.00s Sys=0.00s Real=0.00s
[753.552s][info][gc,start    ] GC(64) Pause Young (Allocation Failure)
[753.555s][info][gc,heap     ] GC(64) PSYoungGen: 76640K(81920K)->320K(81408K) Eden: 76288K(76288K)->0K(76288K) From: 352K(5632K)->320K(5120K)
[753.555s][info][gc,heap     ] GC(64) ParOldGen: 82529K(175104K)->82849K(175104K)
[753.555s][info][gc,metaspace] GC(64) Metaspace: 5516K(5696K)->5516K(5696K) NonClass: 5007K(5120K)->5007K(5120K) Class: 508K(576K)->508K(576K)
[753.555s][info][gc          ] GC(64) Pause Young (Allocation Failure) 155M->81M(250M) 2.478ms
[753.555s][info][gc,cpu      ] GC(64) User=0.00s Sys=0.00s Real=0.00s
[764.812s][info][gc,start    ] GC(65) Pause Young (Allocation Failure)
[764.817s][info][gc,heap     ] GC(65) PSYoungGen: 76608K(81408K)->352K(82432K) Eden: 76288K(76288K)->0K(77312K) From: 320K(5120K)->352K(5120K)
[764.817s][info][gc,heap     ] GC(65) ParOldGen: 82849K(175104K)->83137K(175104K)
[764.817s][info][gc,metaspace] GC(65) Metaspace: 5516K(5696K)->5516K(5696K) NonClass: 5007K(5120K)->5007K(5120K) Class: 508K(576K)->508K(576K)
[764.817s][info][gc          ] GC(65) Pause Young (Allocation Failure) 155M->81M(251M) 5.083ms
[764.817s][info][gc,cpu      ] GC(65) User=0.01s Sys=0.00s Real=0.00s
[780.004s][info][gc,start    ] GC(66) Pause Young (Allocation Failure)
[780.025s][info][gc,heap     ] GC(66) PSYoungGen: 77664K(82432K)->4587K(79872K) Eden: 77312K(77312K)->0K(75264K) From: 352K(5120K)->4587K(4608K)
[780.025s][info][gc,heap     ] GC(66) ParOldGen: 83137K(175104K)->89737K(175104K)
[780.025s][info][gc,metaspace] GC(66) Metaspace: 5528K(5696K)->5528K(5696K) NonClass: 5019K(5120K)->5019K(5120K) Class: 508K(576K)->508K(576K)
[780.025s][info][gc          ] GC(66) Pause Young (Allocation Failure) 157M->92M(249M) 21.108ms
[780.025s][info][gc,cpu      ] GC(66) User=0.02s Sys=0.02s Real=0.02s
[793.390s][info][gc,start    ] GC(67) Pause Young (Allocation Failure)
[793.404s][info][gc,heap     ] GC(67) PSYoungGen: 79851K(79872K)->704K(79360K) Eden: 75264K(75264K)->0K(73728K) From: 4587K(4608K)->704K(5632K)
[793.404s][info][gc,heap     ] GC(67) ParOldGen: 89737K(175104K)->94275K(175104K)
[793.404s][info][gc,metaspace] GC(67) Metaspace: 5528K(5696K)->5528K(5696K) NonClass: 5019K(5120K)->5019K(5120K) Class: 508K(576K)->508K(576K)
[793.404s][info][gc          ] GC(67) Pause Young (Allocation Failure) 165M->92M(248M) 14.220ms
[793.404s][info][gc,cpu      ] GC(67) User=0.02s Sys=0.00s Real=0.02s
[804.106s][info][gc,start    ] GC(68) Pause Young (Allocation Failure)
[804.108s][info][gc,heap     ] GC(68) PSYoungGen: 74432K(79360K)->384K(74240K) Eden: 73728K(73728K)->0K(73728K) From: 704K(5632K)->384K(512K)
[804.108s][info][gc,heap     ] GC(68) ParOldGen: 94275K(175104K)->94923K(175104K)
[804.108s][info][gc,metaspace] GC(68) Metaspace: 5528K(5696K)->5528K(5696K) NonClass: 5019K(5120K)->5019K(5120K) Class: 508K(576K)->508K(576K)
[804.108s][info][gc          ] GC(68) Pause Young (Allocation Failure) 164M->93M(243M) 2.532ms
[804.108s][info][gc,cpu      ] GC(68) User=0.01s Sys=0.00s Real=0.00s
[813.249s][info][gc,start    ] GC(69) Pause Young (Allocation Failure)
[813.251s][info][gc,heap     ] GC(69) PSYoungGen: 74112K(74240K)->352K(79872K) Eden: 73728K(73728K)->0K(72704K) From: 384K(512K)->352K(7168K)
[813.251s][info][gc,heap     ] GC(69) ParOldGen: 94923K(175104K)->95291K(175104K)
[813.251s][info][gc,metaspace] GC(69) Metaspace: 5528K(5696K)->5528K(5696K) NonClass: 5019K(5120K)->5019K(5120K) Class: 508K(576K)->508K(576K)
[813.251s][info][gc          ] GC(69) Pause Young (Allocation Failure) 165M->93M(249M) 2.074ms
[813.251s][info][gc,cpu      ] GC(69) User=0.01s Sys=0.01s Real=0.00s
[822.619s][info][gc,start    ] GC(70) Pause Young (Allocation Failure)
[822.621s][info][gc,heap     ] GC(70) PSYoungGen: 73056K(79872K)->352K(79872K) Eden: 72704K(72704K)->0K(72704K) From: 352K(7168K)->352K(7168K)
[822.621s][info][gc,heap     ] GC(70) ParOldGen: 95291K(175104K)->95595K(175104K)
[822.621s][info][gc,metaspace] GC(70) Metaspace: 5528K(5696K)->5528K(5696K) NonClass: 5019K(5120K)->5019K(5120K) Class: 508K(576K)->508K(576K)
[822.621s][info][gc          ] GC(70) Pause Young (Allocation Failure) 164M->93M(249M) 1.984ms
[822.621s][info][gc,cpu      ] GC(70) User=0.00s Sys=0.00s Real=0.00s
[833.104s][info][gc,start    ] GC(71) Pause Young (Allocation Failure)
[833.106s][info][gc,heap     ] GC(71) PSYoungGen: 73056K(79872K)->352K(80384K) Eden: 72704K(72704K)->0K(73728K) From: 352K(7168K)->352K(6656K)
[833.106s][info][gc,heap     ] GC(71) ParOldGen: 95595K(175104K)->95899K(175104K)
[833.106s][info][gc,metaspace] GC(71) Metaspace: 5528K(5696K)->5528K(5696K) NonClass: 5019K(5120K)->5019K(5120K) Class: 508K(576K)->508K(576K)
[833.106s][info][gc          ] GC(71) Pause Young (Allocation Failure) 164M->93M(249M) 1.950ms
[833.106s][info][gc,cpu      ] GC(71) User=0.00s Sys=0.00s Real=0.00s
[843.318s][info][gc,start    ] GC(72) Pause Young (Allocation Failure)
[843.320s][info][gc,heap     ] GC(72) PSYoungGen: 74080K(80384K)->320K(80384K) Eden: 73728K(73728K)->0K(73728K) From: 352K(6656K)->320K(6656K)
[843.320s][info][gc,heap     ] GC(72) ParOldGen: 95899K(175104K)->96211K(175104K)
[843.320s][info][gc,metaspace] GC(72) Metaspace: 5528K(5696K)->5528K(5696K) NonClass: 5019K(5120K)->5019K(5120K) Class: 508K(576K)->508K(576K)
[843.320s][info][gc          ] GC(72) Pause Young (Allocation Failure) 165M->94M(249M) 1.970ms
[843.320s][info][gc,cpu      ] GC(72) User=0.01s Sys=0.00s Real=0.00s
[852.551s][info][gc,start    ] GC(73) Pause Young (Allocation Failure)
[852.553s][info][gc,heap     ] GC(73) PSYoungGen: 74048K(80384K)->352K(81408K) Eden: 73728K(73728K)->0K(75264K) From: 320K(6656K)->352K(6144K)
[852.554s][info][gc,heap     ] GC(73) ParOldGen: 96211K(175104K)->96507K(175104K)
[852.554s][info][gc,metaspace] GC(73) Metaspace: 5528K(5696K)->5528K(5696K) NonClass: 5019K(5120K)->5019K(5120K) Class: 508K(576K)->508K(576K)
[852.554s][info][gc          ] GC(73) Pause Young (Allocation Failure) 166M->94M(250M) 2.532ms
[852.554s][info][gc,cpu      ] GC(73) User=0.01s Sys=0.00s Real=0.01s
[862.672s][info][gc,start    ] GC(74) Pause Young (Allocation Failure)
[862.674s][info][gc,heap     ] GC(74) PSYoungGen: 75616K(81408K)->320K(80896K) Eden: 75264K(75264K)->0K(75264K) From: 352K(6144K)->320K(5632K)
[862.674s][info][gc,heap     ] GC(74) ParOldGen: 96507K(175104K)->96811K(175104K)
[862.674s][info][gc,metaspace] GC(74) Metaspace: 5528K(5696K)->5528K(5696K) NonClass: 5019K(5120K)->5019K(5120K) Class: 508K(576K)->508K(576K)
[862.674s][info][gc          ] GC(74) Pause Young (Allocation Failure) 168M->94M(250M) 1.987ms
[862.674s][info][gc,cpu      ] GC(74) User=0.00s Sys=0.00s Real=0.00s
[872.710s][info][gc,start    ] GC(75) Pause Young (Allocation Failure)
[872.712s][info][gc,heap     ] GC(75) PSYoungGen: 75584K(80896K)->352K(81920K) Eden: 75264K(75264K)->0K(76288K) From: 320K(5632K)->352K(5632K)
[872.712s][info][gc,heap     ] GC(75) ParOldGen: 96811K(175104K)->97099K(175104K)
[872.712s][info][gc,metaspace] GC(75) Metaspace: 5528K(5696K)->5528K(5696K) NonClass: 5019K(5120K)->5019K(5120K) Class: 508K(576K)->508K(576K)
[872.712s][info][gc          ] GC(75) Pause Young (Allocation Failure) 168M->95M(251M) 1.884ms
[872.712s][info][gc,cpu      ] GC(75) User=0.01s Sys=0.00s Real=0.01s
[882.253s][info][gc,start    ] GC(76) Pause Young (Allocation Failure)
[882.257s][info][gc,heap     ] GC(76) PSYoungGen: 76640K(81920K)->320K(81408K) Eden: 76288K(76288K)->0K(76288K) From: 352K(5632K)->320K(5120K)
[882.257s][info][gc,heap     ] GC(76) ParOldGen: 97099K(175104K)->97387K(175104K)
[882.257s][info][gc,metaspace] GC(76) Metaspace: 5528K(5696K)->5528K(5696K) NonClass: 5019K(5120K)->5019K(5120K) Class: 508K(576K)->508K(576K)
[882.257s][info][gc          ] GC(76) Pause Young (Allocation Failure) 169M->95M(250M) 4.833ms
[882.257s][info][gc,cpu      ] GC(76) User=0.01s Sys=0.00s Real=0.00s
[892.633s][info][gc,start    ] GC(77) Pause Young (Allocation Failure)
[892.637s][info][gc,heap     ] GC(77) PSYoungGen: 76608K(81408K)->352K(82432K) Eden: 76288K(76288K)->0K(77824K) From: 320K(5120K)->352K(4608K)
[892.637s][info][gc,heap     ] GC(77) ParOldGen: 97387K(175104K)->97675K(175104K)
[892.637s][info][gc,metaspace] GC(77) Metaspace: 5528K(5696K)->5528K(5696K) NonClass: 5019K(5120K)->5019K(5120K) Class: 508K(576K)->508K(576K)
[892.637s][info][gc          ] GC(77) Pause Young (Allocation Failure) 169M->95M(251M) 3.968ms
[892.637s][info][gc,cpu      ] GC(77) User=0.01s Sys=0.01s Real=0.00s
[906.084s][info][gc,start    ] GC(78) Pause Young (Allocation Failure)
[906.105s][info][gc,heap     ] GC(78) PSYoungGen: 78176K(82432K)->4588K(80384K) Eden: 77824K(77824K)->0K(75776K) From: 352K(4608K)->4588K(4608K)
[906.105s][info][gc,heap     ] GC(78) ParOldGen: 97675K(175104K)->104318K(175104K)
[906.105s][info][gc,metaspace] GC(78) Metaspace: 5590K(5760K)->5590K(5760K) NonClass: 5080K(5184K)->5080K(5184K) Class: 509K(576K)->509K(576K)
[906.105s][info][gc          ] GC(78) Pause Young (Allocation Failure) 171M->106M(249M) 20.806ms
[906.105s][info][gc,cpu      ] GC(78) User=0.03s Sys=0.01s Real=0.02s
[918.705s][info][gc,start    ] GC(79) Pause Young (Allocation Failure)
[918.721s][info][gc,heap     ] GC(79) PSYoungGen: 80364K(80384K)->64K(79872K) Eden: 75776K(75776K)->0K(74240K) From: 4588K(4608K)->64K(5632K)
[918.721s][info][gc,heap     ] GC(79) ParOldGen: 104318K(175104K)->108852K(175104K)
[918.721s][info][gc,metaspace] GC(79) Metaspace: 5590K(5760K)->5590K(5760K) NonClass: 5080K(5184K)->5080K(5184K) Class: 509K(576K)->509K(576K)
[918.721s][info][gc          ] GC(79) Pause Young (Allocation Failure) 180M->106M(249M) 16.496ms
[918.721s][info][gc,cpu      ] GC(79) User=0.02s Sys=0.01s Real=0.01s
[929.075s][info][gc,start    ] GC(80) Pause Young (Allocation Failure)
[929.077s][info][gc,heap     ] GC(80) PSYoungGen: 74304K(79872K)->384K(74752K) Eden: 74240K(74240K)->0K(74240K) From: 64K(5632K)->384K(512K)
[929.077s][info][gc,heap     ] GC(80) ParOldGen: 108852K(175104K)->108860K(175104K)
[929.077s][info][gc,metaspace] GC(80) Metaspace: 5591K(5760K)->5591K(5760K) NonClass: 5081K(5184K)->5081K(5184K) Class: 509K(576K)->509K(576K)
[929.077s][info][gc          ] GC(80) Pause Young (Allocation Failure) 178M->106M(244M) 1.726ms
[929.077s][info][gc,cpu      ] GC(80) User=0.00s Sys=0.00s Real=0.00s
[938.457s][info][gc,start    ] GC(81) Pause Young (Allocation Failure)
[938.459s][info][gc,heap     ] GC(81) PSYoungGen: 74623K(74752K)->384K(79872K) Eden: 74239K(74240K)->0K(72704K) From: 384K(512K)->384K(7168K)
[938.459s][info][gc,heap     ] GC(81) ParOldGen: 108860K(175104K)->109220K(175104K)
[938.459s][info][gc,metaspace] GC(81) Metaspace: 5591K(5760K)->5591K(5760K) NonClass: 5081K(5184K)->5081K(5184K) Class: 509K(576K)->509K(576K)
[938.459s][info][gc          ] GC(81) Pause Young (Allocation Failure) 179M->107M(249M) 2.054ms
[938.459s][info][gc,cpu      ] GC(81) User=0.00s Sys=0.00s Real=0.00s
[948.433s][info][gc,start    ] GC(82) Pause Young (Allocation Failure)
[948.436s][info][gc,heap     ] GC(82) PSYoungGen: 73088K(79872K)->352K(79872K) Eden: 72704K(72704K)->0K(72704K) From: 384K(7168K)->352K(7168K)
[948.436s][info][gc,heap     ] GC(82) ParOldGen: 109220K(175104K)->109524K(175104K)
[948.436s][info][gc,metaspace] GC(82) Metaspace: 5591K(5760K)->5591K(5760K) NonClass: 5081K(5184K)->5081K(5184K) Class: 509K(576K)->509K(576K)
[948.436s][info][gc          ] GC(82) Pause Young (Allocation Failure) 178M->107M(249M) 2.549ms
[948.436s][info][gc,cpu      ] GC(82) User=0.00s Sys=0.01s Real=0.00s
[958.979s][info][gc,start    ] GC(83) Pause Young (Allocation Failure)
[958.981s][info][gc,heap     ] GC(83) PSYoungGen: 73056K(79872K)->352K(80896K) Eden: 72704K(72704K)->0K(74240K) From: 352K(7168K)->352K(6656K)
[958.981s][info][gc,heap     ] GC(83) ParOldGen: 109524K(175104K)->109828K(175104K)
[958.981s][info][gc,metaspace] GC(83) Metaspace: 5591K(5760K)->5591K(5760K) NonClass: 5081K(5184K)->5081K(5184K) Class: 509K(576K)->509K(576K)
[958.981s][info][gc          ] GC(83) Pause Young (Allocation Failure) 178M->107M(250M) 1.864ms
[958.981s][info][gc,cpu      ] GC(83) User=0.00s Sys=0.00s Real=0.00s
[968.841s][info][gc,start    ] GC(84) Pause Young (Allocation Failure)
[968.843s][info][gc,heap     ] GC(84) PSYoungGen: 74592K(80896K)->352K(80384K) Eden: 74240K(74240K)->0K(74240K) From: 352K(6656K)->352K(6144K)
[968.843s][info][gc,heap     ] GC(84) ParOldGen: 109828K(175104K)->110124K(175104K)
[968.843s][info][gc,metaspace] GC(84) Metaspace: 5591K(5760K)->5591K(5760K) NonClass: 5081K(5184K)->5081K(5184K) Class: 509K(576K)->509K(576K)
[968.843s][info][gc          ] GC(84) Pause Young (Allocation Failure) 180M->107M(249M) 2.001ms
[968.843s][info][gc,cpu      ] GC(84) User=0.00s Sys=0.00s Real=0.00s
[978.976s][info][gc,start    ] GC(85) Pause Young (Allocation Failure)
[978.978s][info][gc,heap     ] GC(85) PSYoungGen: 74592K(80384K)->384K(81408K) Eden: 74240K(74240K)->0K(75264K) From: 352K(6144K)->384K(6144K)
[978.978s][info][gc,heap     ] GC(85) ParOldGen: 110124K(175104K)->110428K(175104K)
[978.978s][info][gc,metaspace] GC(85) Metaspace: 5591K(5760K)->5591K(5760K) NonClass: 5081K(5184K)->5081K(5184K) Class: 509K(576K)->509K(576K)
[978.978s][info][gc          ] GC(85) Pause Young (Allocation Failure) 180M->108M(250M) 2.030ms
[978.978s][info][gc,cpu      ] GC(85) User=0.00s Sys=0.00s Real=0.00s
[988.969s][info][gc,start    ] GC(86) Pause Young (Allocation Failure)
[988.971s][info][gc,heap     ] GC(86) PSYoungGen: 75648K(81408K)->352K(80896K) Eden: 75264K(75264K)->0K(75264K) From: 384K(6144K)->352K(5632K)
[988.971s][info][gc,heap     ] GC(86) ParOldGen: 110428K(175104K)->110740K(175104K)
[988.971s][info][gc,metaspace] GC(86) Metaspace: 5591K(5760K)->5591K(5760K) NonClass: 5081K(5184K)->5081K(5184K) Class: 509K(576K)->509K(576K)
[988.971s][info][gc          ] GC(86) Pause Young (Allocation Failure) 181M->108M(250M) 2.003ms
[988.971s][info][gc,cpu      ] GC(86) User=0.00s Sys=0.00s Real=0.00s
[999.210s][info][gc,start    ] GC(87) Pause Young (Allocation Failure)
[999.213s][info][gc,heap     ] GC(87) PSYoungGen: 75616K(80896K)->352K(81920K) Eden: 75264K(75264K)->0K(76288K) From: 352K(5632K)->352K(5632K)
[999.213s][info][gc,heap     ] GC(87) ParOldGen: 110740K(175104K)->111036K(175104K)
[999.213s][info][gc,metaspace] GC(87) Metaspace: 5591K(5760K)->5591K(5760K) NonClass: 5081K(5184K)->5081K(5184K) Class: 509K(576K)->509K(576K)
[999.213s][info][gc          ] GC(87) Pause Young (Allocation Failure) 181M->108M(251M) 3.653ms
[999.213s][info][gc,cpu      ] GC(87) User=0.01s Sys=0.00s Real=0.01s
[1010.514s][info][gc,start    ] GC(88) Pause Young (Allocation Failure)
[1010.518s][info][gc,heap     ] GC(88) PSYoungGen: 76639K(81920K)->320K(81408K) Eden: 76287K(76288K)->0K(76288K) From: 352K(5632K)->320K(5120K)
[1010.518s][info][gc,heap     ] GC(88) ParOldGen: 111036K(175104K)->111340K(175104K)
[1010.518s][info][gc,metaspace] GC(88) Metaspace: 5591K(5760K)->5591K(5760K) NonClass: 5081K(5184K)->5081K(5184K) Class: 509K(576K)->509K(576K)
[1010.518s][info][gc          ] GC(88) Pause Young (Allocation Failure) 183M->109M(250M) 3.412ms
[1010.518s][info][gc,cpu      ] GC(88) User=0.00s Sys=0.00s Real=0.00s
[1020.366s][info][gc,start    ] GC(89) Pause Young (Allocation Failure)
[1020.368s][info][gc,heap     ] GC(89) PSYoungGen: 76608K(81408K)->320K(82432K) Eden: 76288K(76288K)->0K(77824K) From: 320K(5120K)->320K(4608K)
[1020.368s][info][gc,heap     ] GC(89) ParOldGen: 111340K(175104K)->111628K(175104K)
[1020.368s][info][gc,metaspace] GC(89) Metaspace: 5591K(5760K)->5591K(5760K) NonClass: 5081K(5184K)->5081K(5184K) Class: 509K(576K)->509K(576K)
[1020.368s][info][gc          ] GC(89) Pause Young (Allocation Failure) 183M->109M(251M) 1.955ms
[1020.368s][info][gc,cpu      ] GC(89) User=0.01s Sys=0.00s Real=0.00s
[1034.787s][info][gc,start    ] GC(90) Pause Young (Allocation Failure)
[1034.809s][info][gc,heap     ] GC(90) PSYoungGen: 78144K(82432K)->4595K(80384K) Eden: 77824K(77824K)->0K(75776K) From: 320K(4608K)->4595K(4608K)
[1034.810s][info][gc,heap     ] GC(90) ParOldGen: 111628K(175104K)->118124K(175104K)
[1034.810s][info][gc,metaspace] GC(90) Metaspace: 5594K(5760K)->5594K(5760K) NonClass: 5084K(5184K)->5084K(5184K) Class: 509K(576K)->509K(576K)
[1034.810s][info][gc          ] GC(90) Pause Young (Allocation Failure) 185M->119M(249M) 22.239ms
[1034.810s][info][gc,cpu      ] GC(90) User=0.04s Sys=0.00s Real=0.02s
[1048.582s][info][gc,start    ] GC(91) Pause Young (Allocation Failure)
[1048.594s][info][gc,heap     ] GC(91) PSYoungGen: 80371K(80384K)->64K(79872K) Eden: 75776K(75776K)->0K(74240K) From: 4595K(4608K)->64K(5632K)
[1048.594s][info][gc,heap     ] GC(91) ParOldGen: 118124K(175104K)->122651K(175104K)
[1048.594s][info][gc,metaspace] GC(91) Metaspace: 5594K(5760K)->5594K(5760K) NonClass: 5084K(5184K)->5084K(5184K) Class: 509K(576K)->509K(576K)
[1048.594s][info][gc          ] GC(91) Pause Young (Allocation Failure) 193M->119M(249M) 12.090ms
[1048.594s][info][gc,cpu      ] GC(91) User=0.02s Sys=0.00s Real=0.01s
[1060.117s][info][gc,start    ] GC(92) Pause Young (Allocation Failure)
[1060.119s][info][gc,heap     ] GC(92) PSYoungGen: 74304K(79872K)->384K(74752K) Eden: 74240K(74240K)->0K(74240K) From: 64K(5632K)->384K(512K)
[1060.119s][info][gc,heap     ] GC(92) ParOldGen: 122651K(175104K)->122651K(175104K)
[1060.119s][info][gc,metaspace] GC(92) Metaspace: 5594K(5760K)->5594K(5760K) NonClass: 5084K(5184K)->5084K(5184K) Class: 509K(576K)->509K(576K)
[1060.119s][info][gc          ] GC(92) Pause Young (Allocation Failure) 192M->120M(244M) 2.594ms
[1060.119s][info][gc,cpu      ] GC(92) User=0.01s Sys=0.00s Real=0.00s
[1070.778s][info][gc,start    ] GC(93) Pause Young (Allocation Failure)
[1070.780s][info][gc,heap     ] GC(93) PSYoungGen: 74624K(74752K)->352K(79872K) Eden: 74240K(74240K)->0K(72704K) From: 384K(512K)->352K(7168K)
[1070.780s][info][gc,heap     ] GC(93) ParOldGen: 122651K(175104K)->123011K(175104K)
[1070.780s][info][gc,metaspace] GC(93) Metaspace: 5594K(5760K)->5594K(5760K) NonClass: 5084K(5184K)->5084K(5184K) Class: 509K(576K)->509K(576K)
[1070.780s][info][gc          ] GC(93) Pause Young (Allocation Failure) 192M->120M(249M) 2.081ms
[1070.780s][info][gc,cpu      ] GC(93) User=0.01s Sys=0.00s Real=0.00s
[1081.536s][info][gc,start    ] GC(94) Pause Young (Allocation Failure)
[1081.538s][info][gc,heap     ] GC(94) PSYoungGen: 73055K(79872K)->384K(79872K) Eden: 72703K(72704K)->0K(72704K) From: 352K(7168K)->384K(7168K)
[1081.538s][info][gc,heap     ] GC(94) ParOldGen: 123011K(175104K)->123307K(175104K)
[1081.538s][info][gc,metaspace] GC(94) Metaspace: 5594K(5760K)->5594K(5760K) NonClass: 5084K(5184K)->5084K(5184K) Class: 509K(576K)->509K(576K)
[1081.538s][info][gc          ] GC(94) Pause Young (Allocation Failure) 191M->120M(249M) 2.733ms
[1081.538s][info][gc,cpu      ] GC(94) User=0.00s Sys=0.00s Real=0.00s
[1091.773s][info][gc,start    ] GC(95) Pause Young (Allocation Failure)
[1091.775s][info][gc,heap     ] GC(95) PSYoungGen: 73088K(79872K)->352K(80896K) Eden: 72704K(72704K)->0K(74240K) From: 384K(7168K)->352K(6656K)
[1091.775s][info][gc,heap     ] GC(95) ParOldGen: 123307K(175104K)->123627K(175104K)
[1091.775s][info][gc,metaspace] GC(95) Metaspace: 5594K(5760K)->5594K(5760K) NonClass: 5084K(5184K)->5084K(5184K) Class: 509K(576K)->509K(576K)
[1091.775s][info][gc          ] GC(95) Pause Young (Allocation Failure) 191M->121M(250M) 2.070ms
[1091.775s][info][gc,cpu      ] GC(95) User=0.01s Sys=0.00s Real=0.00s
[1102.347s][info][gc,start    ] GC(96) Pause Young (Allocation Failure)
[1102.350s][info][gc,heap     ] GC(96) PSYoungGen: 74592K(80896K)->352K(80384K) Eden: 74240K(74240K)->0K(74240K) From: 352K(6656K)->352K(6144K)
[1102.350s][info][gc,heap     ] GC(96) ParOldGen: 123627K(175104K)->123915K(175104K)
[1102.350s][info][gc,metaspace] GC(96) Metaspace: 5594K(5760K)->5594K(5760K) NonClass: 5084K(5184K)->5084K(5184K) Class: 509K(576K)->509K(576K)
[1102.350s][info][gc          ] GC(96) Pause Young (Allocation Failure) 193M->121M(249M) 3.078ms
[1102.350s][info][gc,cpu      ] GC(96) User=0.00s Sys=0.00s Real=0.00s
[1113.282s][info][gc,start    ] GC(97) Pause Young (Allocation Failure)
[1113.284s][info][gc,heap     ] GC(97) PSYoungGen: 74592K(80384K)->384K(81408K) Eden: 74240K(74240K)->0K(75264K) From: 352K(6144K)->384K(6144K)
[1113.284s][info][gc,heap     ] GC(97) ParOldGen: 123915K(175104K)->124219K(175104K)
[1113.284s][info][gc,metaspace] GC(97) Metaspace: 5594K(5760K)->5594K(5760K) NonClass: 5084K(5184K)->5084K(5184K) Class: 509K(576K)->509K(576K)
[1113.284s][info][gc          ] GC(97) Pause Young (Allocation Failure) 193M->121M(250M) 2.106ms
[1113.284s][info][gc,cpu      ] GC(97) User=0.00s Sys=0.00s Real=0.00s
[1123.477s][info][gc,start    ] GC(98) Pause Young (Allocation Failure)
[1123.479s][info][gc,heap     ] GC(98) PSYoungGen: 75648K(81408K)->320K(80896K) Eden: 75264K(75264K)->0K(75264K) From: 384K(6144K)->320K(5632K)
[1123.479s][info][gc,heap     ] GC(98) ParOldGen: 124219K(175104K)->124531K(175104K)
[1123.479s][info][gc,metaspace] GC(98) Metaspace: 5594K(5760K)->5594K(5760K) NonClass: 5084K(5184K)->5084K(5184K) Class: 509K(576K)->509K(576K)
[1123.479s][info][gc          ] GC(98) Pause Young (Allocation Failure) 195M->121M(250M) 2.169ms
[1123.479s][info][gc,cpu      ] GC(98) User=0.00s Sys=0.00s Real=0.00s
[1133.405s][info][gc,start    ] GC(99) Pause Young (Allocation Failure)
[1133.407s][info][gc,heap     ] GC(99) PSYoungGen: 75584K(80896K)->352K(81920K) Eden: 75264K(75264K)->0K(76800K) From: 320K(5632K)->352K(5120K)
[1133.407s][info][gc,heap     ] GC(99) ParOldGen: 124531K(175104K)->124827K(175104K)
[1133.407s][info][gc,metaspace] GC(99) Metaspace: 5594K(5760K)->5594K(5760K) NonClass: 5084K(5184K)->5084K(5184K) Class: 509K(576K)->509K(576K)
[1133.407s][info][gc          ] GC(99) Pause Young (Allocation Failure) 195M->122M(251M) 2.033ms
[1133.407s][info][gc,cpu      ] GC(99) User=0.00s Sys=0.00s Real=0.00s
[1144.397s][info][gc,start    ] GC(100) Pause Young (Allocation Failure)
[1144.401s][info][gc,heap     ] GC(100) PSYoungGen: 77152K(81920K)->384K(81920K) Eden: 76800K(76800K)->0K(76800K) From: 352K(5120K)->384K(5120K)
[1144.401s][info][gc,heap     ] GC(100) ParOldGen: 124827K(175104K)->125115K(175104K)
[1144.401s][info][gc,metaspace] GC(100) Metaspace: 5594K(5760K)->5594K(5760K) NonClass: 5084K(5184K)->5084K(5184K) Class: 509K(576K)->509K(576K)
[1144.401s][info][gc          ] GC(100) Pause Young (Allocation Failure) 197M->122M(251M) 4.941ms
[1144.401s][info][gc,cpu      ] GC(100) User=0.00s Sys=0.00s Real=0.01s
[1155.409s][info][gc,start    ] GC(101) Pause Young (Allocation Failure)
[1155.411s][info][gc,heap     ] GC(101) PSYoungGen: 77184K(81920K)->384K(82432K) Eden: 76800K(76800K)->0K(77824K) From: 384K(5120K)->384K(4608K)
[1155.411s][info][gc,heap     ] GC(101) ParOldGen: 125115K(175104K)->125435K(175104K)
[1155.411s][info][gc,metaspace] GC(101) Metaspace: 5594K(5760K)->5594K(5760K) NonClass: 5084K(5184K)->5084K(5184K) Class: 509K(576K)->509K(576K)
[1155.411s][info][gc          ] GC(101) Pause Young (Allocation Failure) 197M->122M(251M) 2.038ms
[1155.411s][info][gc,cpu      ] GC(101) User=0.00s Sys=0.00s Real=0.00s
[1169.948s][info][gc,start    ] GC(102) Pause Young (Allocation Failure)
[1169.968s][info][gc,heap     ] GC(102) PSYoungGen: 78208K(82432K)->4580K(80384K) Eden: 77824K(77824K)->0K(75776K) From: 384K(4608K)->4580K(4608K)
[1169.968s][info][gc,heap     ] GC(102) ParOldGen: 125435K(175104K)->131924K(175104K)
[1169.968s][info][gc,metaspace] GC(102) Metaspace: 5600K(5760K)->5600K(5760K) NonClass: 5090K(5184K)->5090K(5184K) Class: 509K(576K)->509K(576K)
[1169.968s][info][gc          ] GC(102) Pause Young (Allocation Failure) 198M->133M(249M) 19.843ms
[1169.968s][info][gc,cpu      ] GC(102) User=0.03s Sys=0.00s Real=0.02s
[1182.123s][info][gc,start    ] GC(103) Pause Young (Allocation Failure)
[1182.138s][info][gc,heap     ] GC(103) PSYoungGen: 80356K(80384K)->64K(80384K) Eden: 75776K(75776K)->0K(74240K) From: 4580K(4608K)->64K(6144K)
[1182.138s][info][gc,heap     ] GC(103) ParOldGen: 131924K(175104K)->136416K(175104K)
[1182.138s][info][gc,metaspace] GC(103) Metaspace: 5600K(5760K)->5600K(5760K) NonClass: 5090K(5184K)->5090K(5184K) Class: 509K(576K)->509K(576K)
[1182.138s][info][gc          ] GC(103) Pause Young (Allocation Failure) 207M->133M(249M) 15.442ms
[1182.138s][info][gc,cpu      ] GC(103) User=0.03s Sys=0.00s Real=0.01s
[1192.137s][info][gc,start    ] GC(104) Pause Young (Allocation Failure)
[1192.138s][info][gc,heap     ] GC(104) PSYoungGen: 74304K(80384K)->384K(74752K) Eden: 74240K(74240K)->0K(74240K) From: 64K(6144K)->384K(512K)
[1192.138s][info][gc,heap     ] GC(104) ParOldGen: 136416K(175104K)->136424K(175104K)
[1192.138s][info][gc,metaspace] GC(104) Metaspace: 5600K(5760K)->5600K(5760K) NonClass: 5090K(5184K)->5090K(5184K) Class: 509K(576K)->509K(576K)
[1192.138s][info][gc          ] GC(104) Pause Young (Allocation Failure) 205M->133M(244M) 1.709ms
[1192.138s][info][gc,cpu      ] GC(104) User=0.01s Sys=0.00s Real=0.00s
[1202.049s][info][gc,start    ] GC(105) Pause Young (Allocation Failure)
[1202.051s][info][gc,heap     ] GC(105) PSYoungGen: 74624K(74752K)->352K(79872K) Eden: 74240K(74240K)->0K(72704K) From: 384K(512K)->352K(7168K)
[1202.052s][info][gc,heap     ] GC(105) ParOldGen: 136424K(175104K)->136760K(175104K)
[1202.052s][info][gc,metaspace] GC(105) Metaspace: 5600K(5760K)->5600K(5760K) NonClass: 5090K(5184K)->5090K(5184K) Class: 509K(576K)->509K(576K)
[1202.052s][info][gc          ] GC(105) Pause Young (Allocation Failure) 206M->133M(249M) 2.700ms
[1202.052s][info][gc,cpu      ] GC(105) User=0.01s Sys=0.00s Real=0.01s
[1212.994s][info][gc,start    ] GC(106) Pause Young (Allocation Failure)
[1212.996s][info][gc,heap     ] GC(106) PSYoungGen: 73056K(79872K)->320K(79872K) Eden: 72704K(72704K)->0K(72704K) From: 352K(7168K)->320K(7168K)
[1212.996s][info][gc,heap     ] GC(106) ParOldGen: 136760K(175104K)->137064K(175104K)
[1212.996s][info][gc,metaspace] GC(106) Metaspace: 5600K(5760K)->5600K(5760K) NonClass: 5090K(5184K)->5090K(5184K) Class: 509K(576K)->509K(576K)
[1212.996s][info][gc          ] GC(106) Pause Young (Allocation Failure) 204M->134M(249M) 2.637ms
[1212.996s][info][gc,cpu      ] GC(106) User=0.00s Sys=0.00s Real=0.00s
[1222.842s][info][gc,start    ] GC(107) Pause Young (Allocation Failure)
[1222.845s][info][gc,heap     ] GC(107) PSYoungGen: 73024K(79872K)->352K(80896K) Eden: 72704K(72704K)->0K(74240K) From: 320K(7168K)->352K(6656K)
[1222.845s][info][gc,heap     ] GC(107) ParOldGen: 137064K(175104K)->137360K(175104K)
[1222.845s][info][gc,metaspace] GC(107) Metaspace: 5600K(5760K)->5600K(5760K) NonClass: 5090K(5184K)->5090K(5184K) Class: 509K(576K)->509K(576K)
[1222.845s][info][gc          ] GC(107) Pause Young (Allocation Failure) 205M->134M(250M) 3.741ms
[1222.845s][info][gc,cpu      ] GC(107) User=0.01s Sys=0.00s Real=0.00s
[1233.661s][info][gc,start    ] GC(108) Pause Young (Allocation Failure)
[1233.665s][info][gc,heap     ] GC(108) PSYoungGen: 74592K(80896K)->352K(80384K) Eden: 74240K(74240K)->0K(74240K) From: 352K(6656K)->352K(6144K)
[1233.665s][info][gc,heap     ] GC(108) ParOldGen: 137360K(175104K)->137664K(175104K)
[1233.665s][info][gc,metaspace] GC(108) Metaspace: 5600K(5760K)->5600K(5760K) NonClass: 5090K(5184K)->5090K(5184K) Class: 509K(576K)->509K(576K)
[1233.665s][info][gc          ] GC(108) Pause Young (Allocation Failure) 206M->134M(249M) 3.426ms
[1233.665s][info][gc,cpu      ] GC(108) User=0.00s Sys=0.00s Real=0.00s
[1244.259s][info][gc,start    ] GC(109) Pause Young (Allocation Failure)
[1244.263s][info][gc,heap     ] GC(109) PSYoungGen: 74592K(80384K)->320K(81408K) Eden: 74240K(74240K)->0K(75264K) From: 352K(6144K)->320K(6144K)
[1244.263s][info][gc,heap     ] GC(109) ParOldGen: 137664K(175104K)->137984K(175104K)
[1244.263s][info][gc,metaspace] GC(109) Metaspace: 5600K(5760K)->5600K(5760K) NonClass: 5090K(5184K)->5090K(5184K) Class: 509K(576K)->509K(576K)
[1244.263s][info][gc          ] GC(109) Pause Young (Allocation Failure) 207M->135M(250M) 4.668ms
[1244.263s][info][gc,cpu      ] GC(109) User=0.01s Sys=0.00s Real=0.01s
[1254.648s][info][gc,start    ] GC(110) Pause Young (Allocation Failure)
[1254.651s][info][gc,heap     ] GC(110) PSYoungGen: 75584K(81408K)->352K(80896K) Eden: 75264K(75264K)->0K(75264K) From: 320K(6144K)->352K(5632K)
[1254.651s][info][gc,heap     ] GC(110) ParOldGen: 137984K(175104K)->138296K(175104K)
[1254.651s][info][gc,metaspace] GC(110) Metaspace: 5600K(5760K)->5600K(5760K) NonClass: 5090K(5184K)->5090K(5184K) Class: 509K(576K)->509K(576K)
[1254.651s][info][gc          ] GC(110) Pause Young (Allocation Failure) 208M->135M(250M) 2.957ms
[1254.651s][info][gc,cpu      ] GC(110) User=0.01s Sys=0.00s Real=0.01s
[1265.443s][info][gc,start    ] GC(111) Pause Young (Allocation Failure)
[1265.448s][info][gc,heap     ] GC(111) PSYoungGen: 75616K(80896K)->352K(81920K) Eden: 75264K(75264K)->0K(76800K) From: 352K(5632K)->352K(5120K)
[1265.448s][info][gc,heap     ] GC(111) ParOldGen: 138296K(175104K)->138600K(175104K)
[1265.448s][info][gc,metaspace] GC(111) Metaspace: 5600K(5760K)->5600K(5760K) NonClass: 5090K(5184K)->5090K(5184K) Class: 509K(576K)->509K(576K)
[1265.448s][info][gc          ] GC(111) Pause Young (Allocation Failure) 208M->135M(251M) 4.992ms
[1265.448s][info][gc,cpu      ] GC(111) User=0.01s Sys=0.00s Real=0.00s
[1276.366s][info][gc,start    ] GC(112) Pause Young (Allocation Failure)
[1276.371s][info][gc,heap     ] GC(112) PSYoungGen: 77152K(81920K)->320K(81920K) Eden: 76800K(76800K)->0K(76800K) From: 352K(5120K)->320K(5120K)
[1276.371s][info][gc,heap     ] GC(112) ParOldGen: 138600K(175104K)->138920K(175104K)
[1276.371s][info][gc,metaspace] GC(112) Metaspace: 5600K(5760K)->5600K(5760K) NonClass: 5090K(5184K)->5090K(5184K) Class: 509K(576K)->509K(576K)
[1276.371s][info][gc          ] GC(112) Pause Young (Allocation Failure) 210M->135M(251M) 4.845ms
[1276.371s][info][gc,cpu      ] GC(112) User=0.00s Sys=0.00s Real=0.00s
[1286.538s][info][gc,start    ] GC(113) Pause Young (Allocation Failure)
[1286.546s][info][gc,heap     ] GC(113) PSYoungGen: 77120K(81920K)->4592K(79360K) Eden: 76800K(76800K)->0K(74752K) From: 320K(5120K)->4592K(4608K)
[1286.547s][info][gc,heap     ] GC(113) ParOldGen: 138920K(175104K)->139673K(175104K)
[1286.547s][info][gc,metaspace] GC(113) Metaspace: 5603K(5760K)->5603K(5760K) NonClass: 5093K(5184K)->5093K(5184K) Class: 509K(576K)->509K(576K)
[1286.547s][info][gc          ] GC(113) Pause Young (Allocation Failure) 210M->140M(248M) 8.414ms
[1286.547s][info][gc,cpu      ] GC(113) User=0.01s Sys=0.00s Real=0.01s
[1301.267s][info][gc,start    ] GC(114) Pause Young (Allocation Failure)
[1301.290s][info][gc,heap     ] GC(114) PSYoungGen: 79344K(79360K)->6130K(79360K) Eden: 74752K(74752K)->0K(73216K) From: 4592K(4608K)->6130K(6144K)
[1301.290s][info][gc,heap     ] GC(114) ParOldGen: 139673K(175104K)->145370K(175104K)
[1301.290s][info][gc,metaspace] GC(114) Metaspace: 5604K(5760K)->5604K(5760K) NonClass: 5094K(5184K)->5094K(5184K) Class: 509K(576K)->509K(576K)
[1301.290s][info][gc          ] GC(114) Pause Young (Allocation Failure) 213M->147M(248M) 22.472ms
[1301.290s][info][gc,cpu      ] GC(114) User=0.04s Sys=0.01s Real=0.02s
[1312.755s][info][gc,start    ] GC(115) Pause Young (Allocation Failure)
[1312.771s][info][gc,heap     ] GC(115) PSYoungGen: 79346K(79360K)->512K(79360K) Eden: 73216K(73216K)->0K(71680K) From: 6130K(6144K)->512K(7680K)
[1312.771s][info][gc,heap     ] GC(115) ParOldGen: 145370K(175104K)->151318K(175104K)
[1312.771s][info][gc,metaspace] GC(115) Metaspace: 5604K(5760K)->5604K(5760K) NonClass: 5094K(5184K)->5094K(5184K) Class: 509K(576K)->509K(576K)
[1312.771s][info][gc          ] GC(115) Pause Young (Allocation Failure) 219M->148M(248M) 15.747ms
[1312.771s][info][gc,cpu      ] GC(115) User=0.02s Sys=0.01s Real=0.02s
[1322.302s][info][gc,start    ] GC(116) Pause Young (Allocation Failure)
[1322.305s][info][gc,heap     ] GC(116) PSYoungGen: 72192K(79360K)->384K(70656K) Eden: 71680K(71680K)->0K(70144K) From: 512K(7680K)->384K(512K)
[1322.305s][info][gc,heap     ] GC(116) ParOldGen: 151318K(175104K)->151790K(175104K)
[1322.305s][info][gc,metaspace] GC(116) Metaspace: 5604K(5760K)->5604K(5760K) NonClass: 5094K(5184K)->5094K(5184K) Class: 509K(576K)->509K(576K)
[1322.305s][info][gc          ] GC(116) Pause Young (Allocation Failure) 218M->148M(240M) 3.636ms
[1322.305s][info][gc,cpu      ] GC(116) User=0.01s Sys=0.00s Real=0.00s
[1331.512s][info][gc,start    ] GC(117) Pause Young (Allocation Failure)
[1331.515s][info][gc,heap     ] GC(117) PSYoungGen: 70528K(70656K)->320K(78848K) Eden: 70144K(70144K)->0K(70656K) From: 384K(512K)->320K(8192K)
[1331.515s][info][gc,heap     ] GC(117) ParOldGen: 151790K(175104K)->152118K(175104K)
[1331.515s][info][gc,metaspace] GC(117) Metaspace: 5604K(5760K)->5604K(5760K) NonClass: 5094K(5184K)->5094K(5184K) Class: 509K(576K)->509K(576K)
[1331.515s][info][gc          ] GC(117) Pause Young (Allocation Failure) 217M->148M(248M) 2.491ms
[1331.515s][info][gc,cpu      ] GC(117) User=0.01s Sys=0.00s Real=0.00s
[1341.792s][info][gc,start    ] GC(118) Pause Young (Allocation Failure)
[1341.794s][info][gc,heap     ] GC(118) PSYoungGen: 70976K(78848K)->320K(78848K) Eden: 70656K(70656K)->0K(70656K) From: 320K(8192K)->320K(8192K)
[1341.794s][info][gc,heap     ] GC(118) ParOldGen: 152118K(175104K)->152406K(175104K)
[1341.794s][info][gc,metaspace] GC(118) Metaspace: 5604K(5760K)->5604K(5760K) NonClass: 5094K(5184K)->5094K(5184K) Class: 509K(576K)->509K(576K)
[1341.794s][info][gc          ] GC(118) Pause Young (Allocation Failure) 217M->149M(248M) 2.194ms
[1341.794s][info][gc,cpu      ] GC(118) User=0.00s Sys=0.00s Real=0.00s
[1351.538s][info][gc,start    ] GC(119) Pause Young (Allocation Failure)
[1351.540s][info][gc,heap     ] GC(119) PSYoungGen: 70976K(78848K)->352K(79360K) Eden: 70656K(70656K)->0K(71168K) From: 320K(8192K)->352K(8192K)
[1351.540s][info][gc,heap     ] GC(119) ParOldGen: 152406K(175104K)->152702K(175104K)
[1351.540s][info][gc,metaspace] GC(119) Metaspace: 5604K(5760K)->5604K(5760K) NonClass: 5094K(5184K)->5094K(5184K) Class: 509K(576K)->509K(576K)
[1351.540s][info][gc          ] GC(119) Pause Young (Allocation Failure) 218M->149M(248M) 2.561ms
[1351.540s][info][gc,cpu      ] GC(119) User=0.00s Sys=0.00s Real=0.00s
[1361.277s][info][gc,start    ] GC(120) Pause Young (Allocation Failure)
[1361.281s][info][gc,heap     ] GC(120) PSYoungGen: 71520K(79360K)->352K(78848K) Eden: 71168K(71168K)->0K(71168K) From: 352K(8192K)->352K(7680K)
[1361.281s][info][gc,heap     ] GC(120) ParOldGen: 152702K(175104K)->152990K(175104K)
[1361.281s][info][gc,metaspace] GC(120) Metaspace: 5604K(5760K)->5604K(5760K) NonClass: 5094K(5184K)->5094K(5184K) Class: 509K(576K)->509K(576K)
[1361.281s][info][gc          ] GC(120) Pause Young (Allocation Failure) 218M->149M(248M) 4.204ms
[1361.281s][info][gc,cpu      ] GC(120) User=0.01s Sys=0.00s Real=0.01s
[1370.743s][info][gc,start    ] GC(121) Pause Young (Allocation Failure)
[1370.746s][info][gc,heap     ] GC(121) PSYoungGen: 71520K(78848K)->320K(80384K) Eden: 71168K(71168K)->0K(73216K) From: 352K(7680K)->320K(7168K)
[1370.746s][info][gc,heap     ] GC(121) ParOldGen: 152990K(175104K)->153294K(175104K)
[1370.746s][info][gc,metaspace] GC(121) Metaspace: 5604K(5760K)->5604K(5760K) NonClass: 5094K(5184K)->5094K(5184K) Class: 509K(576K)->509K(576K)
[1370.746s][info][gc          ] GC(121) Pause Young (Allocation Failure) 219M->150M(249M) 3.106ms
[1370.747s][info][gc,cpu      ] GC(121) User=0.00s Sys=0.00s Real=0.00s
[1380.925s][info][gc,start    ] GC(122) Pause Young (Allocation Failure)
[1380.928s][info][gc,heap     ] GC(122) PSYoungGen: 73536K(80384K)->320K(79872K) Eden: 73216K(73216K)->0K(73216K) From: 320K(7168K)->320K(6656K)
[1380.928s][info][gc,heap     ] GC(122) ParOldGen: 153294K(175104K)->153566K(175104K)
[1380.928s][info][gc,metaspace] GC(122) Metaspace: 5604K(5760K)->5604K(5760K) NonClass: 5094K(5184K)->5094K(5184K) Class: 509K(576K)->509K(576K)
[1380.928s][info][gc          ] GC(122) Pause Young (Allocation Failure) 221M->150M(249M) 2.979ms
[1380.928s][info][gc,cpu      ] GC(122) User=0.00s Sys=0.01s Real=0.00s
[1391.127s][info][gc,start    ] GC(123) Pause Young (Allocation Failure)
[1391.131s][info][gc,heap     ] GC(123) PSYoungGen: 73536K(79872K)->416K(80896K) Eden: 73216K(73216K)->0K(74240K) From: 320K(6656K)->416K(6656K)
[1391.131s][info][gc,heap     ] GC(123) ParOldGen: 153566K(175104K)->153854K(175104K)
[1391.131s][info][gc,metaspace] GC(123) Metaspace: 5604K(5760K)->5604K(5760K) NonClass: 5094K(5184K)->5094K(5184K) Class: 509K(576K)->509K(576K)
[1391.131s][info][gc          ] GC(123) Pause Young (Allocation Failure) 221M->150M(250M) 4.004ms
[1391.131s][info][gc,cpu      ] GC(123) User=0.00s Sys=0.00s Real=0.01s
[1400.833s][info][gc,start    ] GC(124) Pause Young (Allocation Failure)
[1400.836s][info][gc,heap     ] GC(124) PSYoungGen: 74656K(80896K)->352K(80384K) Eden: 74240K(74240K)->0K(74240K) From: 416K(6656K)->352K(6144K)
[1400.836s][info][gc,heap     ] GC(124) ParOldGen: 153854K(175104K)->154158K(175104K)
[1400.836s][info][gc,metaspace] GC(124) Metaspace: 5604K(5760K)->5604K(5760K) NonClass: 5094K(5184K)->5094K(5184K) Class: 509K(576K)->509K(576K)
[1400.836s][info][gc          ] GC(124) Pause Young (Allocation Failure) 223M->150M(249M) 2.134ms
[1400.836s][info][gc,cpu      ] GC(124) User=0.01s Sys=0.00s Real=0.00s
[1410.407s][info][gc,start    ] GC(125) Pause Young (Allocation Failure)
[1410.409s][info][gc,heap     ] GC(125) PSYoungGen: 74592K(80384K)->352K(81408K) Eden: 74240K(74240K)->0K(75776K) From: 352K(6144K)->352K(5632K)
[1410.409s][info][gc,heap     ] GC(125) ParOldGen: 154158K(175104K)->154470K(175104K)
[1410.409s][info][gc,metaspace] GC(125) Metaspace: 5604K(5760K)->5604K(5760K) NonClass: 5094K(5184K)->5094K(5184K) Class: 509K(576K)->509K(576K)
[1410.410s][info][gc          ] GC(125) Pause Young (Allocation Failure) 223M->151M(250M) 2.075ms
[1410.410s][info][gc,cpu      ] GC(125) User=0.00s Sys=0.00s Real=0.00s
[1411.831s][info][gc,heap,exit] Heap
[1411.831s][info][gc,heap,exit]  PSYoungGen      total 81408K, used 12534K [0x00000000eba00000, 0x00000000f0f00000, 0x0000000100000000)
[1411.831s][info][gc,heap,exit]   eden space 75776K, 16% used [0x00000000eba00000,0x00000000ec5e5be8,0x00000000f0400000)
[1411.831s][info][gc,heap,exit]   from space 5632K, 6% used [0x00000000f0980000,0x00000000f09d8000,0x00000000f0f00000)
[1411.831s][info][gc,heap,exit]   to   space 5632K, 0% used [0x00000000f0400000,0x00000000f0400000,0x00000000f0980000)
[1411.831s][info][gc,heap,exit]  ParOldGen       total 175104K, used 154470K [0x00000000c2e00000, 0x00000000cd900000, 0x00000000eba00000)
[1411.831s][info][gc,heap,exit]   object space 175104K, 88% used [0x00000000c2e00000,0x00000000cc4d9a50,0x00000000cd900000)
[1411.831s][info][gc,heap,exit]  Metaspace       used 5683K, committed 5824K, reserved 1114112K
[1411.831s][info][gc,heap,exit]   class space    used 517K, committed 576K, reserved 1048576K
