[0.003s][info][metaspace]  - commit_granule_bytes: 65536.
[0.003s][info][metaspace]  - commit_granule_words: 8192.
[0.003s][info][metaspace]  - virtual_space_node_default_size: 8388608.
[0.003s][info][metaspace]  - enlarge_chunks_in_place: 1.
[0.005s][info][gc,init  ] CardTable entry size: 512
[0.005s][info][gc       ] Using Parallel
[0.006s][info][gc,init  ] Version: 24-internal-adhoc.root.jdk (release)
[0.006s][info][gc,init  ] CPUs: 2 total, 2 available
[0.006s][info][gc,init  ] Memory: 3908M
[0.006s][info][gc,init  ] Large Page Support: Disabled
[0.006s][info][gc,init  ] NUMA Support: Disabled
[0.006s][info][gc,init  ] Compressed Oops: Enabled (32-bit)
[0.006s][info][gc,init  ] Alignments: Space 512K, Generation 512K, Heap 2M
[0.006s][info][gc,init  ] Heap Min Capacity: 256M
[0.006s][info][gc,init  ] Heap Initial Capacity: 256M
[0.006s][info][gc,init  ] Heap Max Capacity: 978M
[0.006s][info][gc,init  ] Pre-touch: Disabled
[0.006s][info][gc,init  ] Parallel Workers: 2
[0.024s][info][gc,metaspace] CDS archive(s) mapped at: [0x00007f2a4e000000-0x00007f2a4edc0000-0x00007f2a4edc0000), size 14417920, SharedBaseAddress: 0x00007f2a4e000000, ArchiveRelocationMode: 1.
[0.024s][info][gc,metaspace] Compressed class space mapped at: 0x00007f2a4f000000-0x00007f2a8f000000, reserved size: 1073741824
[0.024s][info][gc,metaspace] UseCompressedClassPointers 1, UseCompactObjectHeaders 0
[0.024s][info][gc,metaspace] Narrow klass pointer bits 32, Max shift 3
[0.024s][info][gc,metaspace] Narrow klass base: 0x00007f2a4e000000, Narrow klass shift: 0
[0.024s][info][gc,metaspace] Encoding Range: [0x00007f2a4e000000 - 0x00007f2b4e000000), (4294967296 bytes)
[0.024s][info][gc,metaspace] Klass Range:    [0x00007f2a4e000000 - 0x00007f2a8f000000), (1090519040 bytes)
[0.024s][info][gc,metaspace] Klass ID Range:  [8 - 1090519033) (1090519025)
[1.367s][info][gc,start    ] GC(0) Pause Young (Allocation Failure)
[1.377s][info][gc,heap     ] GC(0) PSYoungGen: 65536K(76288K)->4194K(76288K) Eden: 65536K(65536K)->0K(65536K) From: 0K(10752K)->4194K(10752K)
[1.377s][info][gc,heap     ] GC(0) ParOldGen: 1157K(175104K)->1165K(175104K)
[1.377s][info][gc,metaspace] GC(0) Metaspace: 8275K(8512K)->8275K(8512K) NonClass: 7596K(7744K)->7596K(7744K) Class: 679K(768K)->679K(768K)
[1.377s][info][gc          ] GC(0) Pause Young (Allocation Failure) 65M->5M(245M) 9.456ms
[1.377s][info][gc,cpu      ] GC(0) User=0.01s Sys=0.00s Real=0.01s
[3.503s][info][gc,start    ] GC(1) Pause Young (Allocation Failure)
[3.533s][info][gc,heap     ] GC(1) PSYoungGen: 69730K(76288K)->8588K(76288K) Eden: 65536K(65536K)->0K(65536K) From: 4194K(10752K)->8588K(10752K)
[3.533s][info][gc,heap     ] GC(1) ParOldGen: 1165K(175104K)->1173K(175104K)
[3.533s][info][gc,metaspace] GC(1) Metaspace: 20918K(21312K)->20918K(21312K) NonClass: 19338K(19584K)->19338K(19584K) Class: 1579K(1728K)->1579K(1728K)
[3.533s][info][gc          ] GC(1) Pause Young (Allocation Failure) 69M->9M(245M) 30.465ms
[3.533s][info][gc,cpu      ] GC(1) User=0.03s Sys=0.00s Real=0.03s
[5.712s][info][metaspace   ] Arena @0x00007f2aac0557b0 (non-class arena): commit failure (requested size: 215)
[5.712s][info][metaspace   ] ChkMgr @0x00007f2aac03aa70 (non-class-space): failed to commit 215 words on chunk @0x00007f2aac69f750, f, base 0x00007f2a45380000, level lv05.
[5.712s][info][metaspace   ] Arena @0x00007f2aac0557b0 (non-class arena): failed to allocate new chunk for requested word size 215.
[5.712s][info][metaspace   ] Arena @0x00007f2aac0557b0 (non-class arena): allocation failed, returned null.
[5.712s][info][metaspace   ] Arena @0x00007f2aac0557b0 (non-class arena): commit failure (requested size: 215)
[5.712s][info][metaspace   ] ChkMgr @0x00007f2aac03aa70 (non-class-space): failed to commit 215 words on chunk @0x00007f2aac69f750, f, base 0x00007f2a45380000, level lv05.
[5.712s][info][metaspace   ] Arena @0x00007f2aac0557b0 (non-class arena): failed to allocate new chunk for requested word size 215.
[5.712s][info][metaspace   ] Arena @0x00007f2aac0557b0 (non-class arena): allocation failed, returned null.
[5.712s][info][metaspace   ] Arena @0x00007f2aac0557b0 (non-class arena): commit failure (requested size: 6)
[5.712s][info][metaspace   ] ChkMgr @0x00007f2aac03aa70 (non-class-space): failed to commit 6 words on chunk @0x00007f2aac69f750, f, base 0x00007f2a45380000, level lv05.
[5.712s][info][metaspace   ] Arena @0x00007f2aac0557b0 (non-class arena): failed to allocate new chunk for requested word size 6.
[5.712s][info][metaspace   ] Arena @0x00007f2aac0557b0 (non-class arena): allocation failed, returned null.
[5.712s][info][metaspace   ] Arena @0x00007f2aac0557b0 (non-class arena): commit failure (requested size: 6)
[5.713s][info][metaspace   ] ChkMgr @0x00007f2aac03aa70 (non-class-space): failed to commit 6 words on chunk @0x00007f2aac69f750, f, base 0x00007f2a45380000, level lv05.
[5.713s][info][metaspace   ] Arena @0x00007f2aac0557b0 (non-class arena): failed to allocate new chunk for requested word size 6.
[5.713s][info][metaspace   ] Arena @0x00007f2aac0557b0 (non-class arena): allocation failed, returned null.
[5.713s][info][metaspace   ] Arena @0x00007f2aac0557b0 (non-class arena): commit failure (requested size: 215)
[5.713s][info][metaspace   ] ChkMgr @0x00007f2aac03aa70 (non-class-space): failed to commit 215 words on chunk @0x00007f2aac69f750, f, base 0x00007f2a45380000, level lv05.
[5.713s][info][metaspace   ] Arena @0x00007f2aac0557b0 (non-class arena): failed to allocate new chunk for requested word size 215.
[5.713s][info][metaspace   ] Arena @0x00007f2aac0557b0 (non-class arena): allocation failed, returned null.
[5.713s][info][gc,start    ] GC(2) Pause Full (Metadata GC Threshold)
[5.713s][info][gc,phases,start] GC(2) Marking Phase
[5.726s][info][gc,phases      ] GC(2) Marking Phase 13.679ms
[5.726s][info][gc,phases,start] GC(2) Summary Phase
[5.726s][info][gc,phases      ] GC(2) Summary Phase 0.010ms
[5.726s][info][gc,phases,start] GC(2) Forward
[5.729s][info][gc,phases      ] GC(2) Forward 2.064ms
[5.729s][info][gc,phases,start] GC(2) Adjust Pointers
[5.736s][info][gc,phases      ] GC(2) Adjust Pointers 7.403ms
[5.736s][info][gc,phases,start] GC(2) Compaction Phase
[5.744s][info][gc,phases      ] GC(2) Compaction Phase 7.845ms
[5.744s][info][gc,phases,start] GC(2) Post Compact
[5.746s][info][gc,phases      ] GC(2) Post Compact 1.677ms
[5.746s][info][gc,heap        ] GC(2) PSYoungGen: 20081K(76288K)->0K(76288K) Eden: 11492K(65536K)->0K(65536K) From: 8588K(10752K)->0K(10752K)
[5.746s][info][gc,heap        ] GC(2) ParOldGen: 1173K(175104K)->9790K(175104K)
[5.746s][info][gc,metaspace   ] GC(2) Metaspace: 21074K(21504K)->21074K(21504K) NonClass: 19484K(19712K)->19484K(19712K) Class: 1590K(1792K)->1590K(1792K)
[5.746s][info][gc             ] GC(2) Pause Full (Metadata GC Threshold) 20M->9M(245M) 33.070ms
[5.746s][info][gc,cpu         ] GC(2) User=0.05s Sys=0.01s Real=0.03s
[6.722s][info][gc,start       ] GC(3) Pause Young (Allocation Failure)
[6.728s][info][gc,heap        ] GC(3) PSYoungGen: 65536K(76288K)->3488K(76288K) Eden: 65536K(65536K)->0K(65536K) From: 0K(10752K)->3488K(10752K)
[6.728s][info][gc,heap        ] GC(3) ParOldGen: 9790K(175104K)->9798K(175104K)
[6.728s][info][gc,metaspace   ] GC(3) Metaspace: 23982K(24320K)->23982K(24320K) NonClass: 22199K(22400K)->22199K(22400K) Class: 1783K(1920K)->1783K(1920K)
[6.728s][info][gc             ] GC(3) Pause Young (Allocation Failure) 73M->12M(245M) 6.379ms
[6.728s][info][gc,cpu         ] GC(3) User=0.01s Sys=0.00s Real=0.01s
[7.293s][info][gc,start       ] GC(4) Pause Young (Allocation Failure)
[7.300s][info][gc,heap        ] GC(4) PSYoungGen: 69024K(76288K)->3568K(76288K) Eden: 65536K(65536K)->0K(65536K) From: 3488K(10752K)->3568K(10752K)
[7.300s][info][gc,heap        ] GC(4) ParOldGen: 9798K(175104K)->9798K(175104K)
[7.300s][info][gc,metaspace   ] GC(4) Metaspace: 24321K(24704K)->24321K(24704K) NonClass: 22529K(22784K)->22529K(22784K) Class: 1791K(1920K)->1791K(1920K)
[7.300s][info][gc             ] GC(4) Pause Young (Allocation Failure) 76M->13M(245M) 7.016ms
[7.300s][info][gc,cpu         ] GC(4) User=0.01s Sys=0.00s Real=0.00s
[7.918s][info][gc,start       ] GC(5) Pause Young (Allocation Failure)
[7.924s][info][gc,heap        ] GC(5) PSYoungGen: 69104K(76288K)->5062K(76288K) Eden: 65536K(65536K)->0K(65536K) From: 3568K(10752K)->5062K(10752K)
[7.924s][info][gc,heap        ] GC(5) ParOldGen: 9798K(175104K)->9806K(175104K)
[7.924s][info][gc,metaspace   ] GC(5) Metaspace: 25854K(26304K)->25854K(26304K) NonClass: 23922K(24192K)->23922K(24192K) Class: 1932K(2112K)->1932K(2112K)
[7.924s][info][gc             ] GC(5) Pause Young (Allocation Failure) 77M->14M(245M) 6.157ms
[7.924s][info][gc,cpu         ] GC(5) User=0.01s Sys=0.00s Real=0.01s
[8.371s][info][gc,start       ] GC(6) Pause Young (Allocation Failure)
[8.385s][info][gc,heap        ] GC(6) PSYoungGen: 69824K(76288K)->7830K(77312K) Eden: 64761K(65536K)->0K(68608K) From: 5062K(10752K)->7830K(8704K)
[8.385s][info][gc,heap        ] GC(6) ParOldGen: 9806K(175104K)->9806K(175104K)
[8.385s][info][gc,metaspace   ] GC(6) Metaspace: 26073K(26496K)->26073K(26496K) NonClass: 24135K(24384K)->24135K(24384K) Class: 1937K(2112K)->1937K(2112K)
[8.385s][info][gc             ] GC(6) Pause Young (Allocation Failure) 77M->17M(246M) 13.966ms
[8.385s][info][gc,cpu         ] GC(6) User=0.02s Sys=0.00s Real=0.02s
[8.531s][info][gc,start       ] GC(7) Pause Young (Allocation Failure)
[8.541s][info][gc,heap        ] GC(7) PSYoungGen: 76396K(77312K)->9700K(78336K) Eden: 68566K(68608K)->0K(68608K) From: 7830K(8704K)->9700K(9728K)
[8.541s][info][gc,heap        ] GC(7) ParOldGen: 9806K(175104K)->9814K(175104K)
[8.541s][info][gc,metaspace   ] GC(7) Metaspace: 26085K(26496K)->26085K(26496K) NonClass: 24148K(24384K)->24148K(24384K) Class: 1937K(2112K)->1937K(2112K)
[8.541s][info][gc             ] GC(7) Pause Young (Allocation Failure) 84M->19M(247M) 10.085ms
[8.541s][info][gc,cpu         ] GC(7) User=0.02s Sys=0.00s Real=0.01s
[8.686s][info][gc,start       ] GC(8) Pause Young (Allocation Failure)
[8.697s][info][gc,heap        ] GC(8) PSYoungGen: 78308K(78336K)->5014K(147456K) Eden: 68608K(68608K)->0K(137216K) From: 9700K(9728K)->5014K(10240K)
[8.697s][info][gc,heap        ] GC(8) ParOldGen: 9814K(175104K)->12642K(175104K)
[8.697s][info][gc,metaspace   ] GC(8) Metaspace: 26141K(26560K)->26141K(26560K) NonClass: 24202K(24448K)->24202K(24448K) Class: 1939K(2112K)->1939K(2112K)
[8.697s][info][gc             ] GC(8) Pause Young (Allocation Failure) 86M->17M(315M) 10.752ms
[8.697s][info][gc,cpu         ] GC(8) User=0.02s Sys=0.00s Real=0.01s
[10.852s][info][gc,start       ] GC(9) Pause Young (Allocation Failure)
[10.863s][info][gc,heap        ] GC(9) PSYoungGen: 142230K(147456K)->2986K(147968K) Eden: 137216K(137216K)->0K(137216K) From: 5014K(10240K)->2986K(10752K)
[10.864s][info][gc,heap        ] GC(9) ParOldGen: 12642K(175104K)->17104K(175104K)
[10.864s][info][gc,metaspace   ] GC(9) Metaspace: 28336K(28736K)->28336K(28736K) NonClass: 26262K(26496K)->26262K(26496K) Class: 2074K(2240K)->2074K(2240K)
[10.864s][info][gc             ] GC(9) Pause Young (Allocation Failure) 151M->19M(315M) 11.860ms
[10.864s][info][gc,cpu         ] GC(9) User=0.01s Sys=0.01s Real=0.02s
[12.042s][info][gc,start       ] GC(10) Pause Young (Allocation Failure)
[12.060s][info][gc,heap        ] GC(10) PSYoungGen: 140202K(147968K)->9046K(229376K) Eden: 137216K(137216K)->0K(218624K) From: 2986K(10752K)->9046K(10752K)
[12.060s][info][gc,heap        ] GC(10) ParOldGen: 17104K(175104K)->17136K(175104K)
[12.060s][info][gc,metaspace   ] GC(10) Metaspace: 28486K(28864K)->28486K(28864K) NonClass: 26394K(26624K)->26394K(26624K) Class: 2091K(2240K)->2091K(2240K)
[12.060s][info][gc             ] GC(10) Pause Young (Allocation Failure) 153M->25M(395M) 18.229ms
[12.060s][info][gc,cpu         ] GC(10) User=0.03s Sys=0.01s Real=0.02s
[14.180s][info][gc,start       ] GC(11) Pause Young (Allocation Failure)
[14.223s][info][gc,heap        ] GC(11) PSYoungGen: 227670K(229376K)->11774K(230400K) Eden: 218624K(218624K)->0K(218624K) From: 9046K(10752K)->11774K(11776K)
[14.223s][info][gc,heap        ] GC(11) ParOldGen: 17136K(175104K)->34699K(175104K)
[14.223s][info][gc,metaspace   ] GC(11) Metaspace: 28540K(28928K)->28540K(28928K) NonClass: 26448K(26688K)->26448K(26688K) Class: 2092K(2240K)->2092K(2240K)
[14.223s][info][gc             ] GC(11) Pause Young (Allocation Failure) 239M->45M(396M) 42.398ms
[14.223s][info][gc,cpu         ] GC(11) User=0.07s Sys=0.01s Real=0.05s
[15.935s][info][gc,start       ] GC(12) Pause Young (Allocation Failure)
[15.984s][info][gc,heap        ] GC(12) PSYoungGen: 230398K(230400K)->19121K(308736K) Eden: 218624K(218624K)->0K(288768K) From: 11774K(11776K)->19121K(19968K)
[15.984s][info][gc,heap        ] GC(12) ParOldGen: 34699K(175104K)->46549K(175104K)
[15.984s][info][gc,metaspace   ] GC(12) Metaspace: 28560K(28928K)->28560K(28928K) NonClass: 26467K(26688K)->26467K(26688K) Class: 2093K(2240K)->2093K(2240K)
[15.984s][info][gc             ] GC(12) Pause Young (Allocation Failure) 258M->64M(472M) 49.187ms
[15.984s][info][gc,cpu         ] GC(12) User=0.08s Sys=0.02s Real=0.05s
[17.067s][info][gc,start       ] GC(13) Pause Young (Allocation Failure)
[17.147s][info][gc,heap        ] GC(13) PSYoungGen: 306766K(308736K)->22496K(311296K) Eden: 287645K(288768K)->0K(288768K) From: 19121K(19968K)->22496K(22528K)
[17.147s][info][gc,heap        ] GC(13) ParOldGen: 46549K(175104K)->80293K(175104K)
[17.147s][info][gc,metaspace   ] GC(13) Metaspace: 28659K(29120K)->28659K(29120K) NonClass: 26551K(26816K)->26551K(26816K) Class: 2107K(2304K)->2107K(2304K)
[17.147s][info][gc             ] GC(13) Pause Young (Allocation Failure) 345M->100M(475M) 79.470ms
[17.147s][info][gc,cpu         ] GC(13) User=0.12s Sys=0.04s Real=0.08s
[18.142s][info][gc,start       ] GC(14) Pause Young (Allocation Failure)
[18.226s][info][gc,heap        ] GC(14) PSYoungGen: 311264K(311296K)->22520K(251904K) Eden: 288768K(288768K)->0K(229376K) From: 22496K(22528K)->22520K(22528K)
[18.226s][info][gc,heap        ] GC(14) ParOldGen: 80293K(175104K)->115534K(175104K)
[18.226s][info][gc,metaspace   ] GC(14) Metaspace: 28670K(29120K)->28670K(29120K) NonClass: 26562K(26816K)->26562K(26816K) Class: 2107K(2304K)->2107K(2304K)
[18.226s][info][gc             ] GC(14) Pause Young (Allocation Failure) 382M->134M(417M) 84.697ms
[18.226s][info][gc,cpu         ] GC(14) User=0.14s Sys=0.03s Real=0.09s
[20.005s][info][gc,start       ] GC(15) Pause Young (Allocation Failure)
[20.068s][info][gc,heap        ] GC(15) PSYoungGen: 251896K(251904K)->20809K(281600K) Eden: 229376K(229376K)->0K(229376K) From: 22520K(22528K)->20809K(52224K)
[20.068s][info][gc,heap        ] GC(15) ParOldGen: 115534K(175104K)->138038K(175104K)
[20.068s][info][gc,metaspace   ] GC(15) Metaspace: 28693K(29184K)->28693K(29184K) NonClass: 26586K(26880K)->26586K(26880K) Class: 2107K(2304K)->2107K(2304K)
[20.068s][info][gc             ] GC(15) Pause Young (Allocation Failure) 358M->155M(446M) 62.603ms
[20.068s][info][gc,cpu         ] GC(15) User=0.11s Sys=0.01s Real=0.06s
[21.652s][info][gc,start       ] GC(16) Pause Young (Allocation Failure)
[21.717s][info][gc,heap        ] GC(16) PSYoungGen: 250185K(281600K)->23839K(276480K) Eden: 229376K(229376K)->0K(231424K) From: 20809K(52224K)->23839K(45056K)
[21.717s][info][gc,heap        ] GC(16) ParOldGen: 138038K(175104K)->158824K(175104K)
[21.717s][info][gc,metaspace   ] GC(16) Metaspace: 28739K(29248K)->28739K(29248K) NonClass: 26631K(26944K)->26631K(26944K) Class: 2107K(2304K)->2107K(2304K)
[21.717s][info][gc             ] GC(16) Pause Young (Allocation Failure) 379M->178M(441M) 65.357ms
[21.717s][info][gc,cpu         ] GC(16) User=0.11s Sys=0.02s Real=0.07s
[22.768s][info][gc,start       ] GC(17) Pause Young (Allocation Failure)
[22.825s][info][gc,heap        ] GC(17) PSYoungGen: 255263K(276480K)->31664K(280064K) Eden: 231424K(231424K)->0K(231424K) From: 23839K(45056K)->31664K(48640K)
[22.825s][info][gc,heap        ] GC(17) ParOldGen: 158824K(175104K)->179573K(179712K)
[22.825s][info][gc,metaspace   ] GC(17) Metaspace: 28774K(29248K)->28774K(29248K) NonClass: 26663K(26944K)->26663K(26944K) Class: 2111K(2304K)->2111K(2304K)
[22.825s][info][gc             ] GC(17) Pause Young (Allocation Failure) 404M->206M(449M) 56.838ms
[22.825s][info][gc,cpu         ] GC(17) User=0.10s Sys=0.01s Real=0.06s
[23.488s][info][gc,start       ] GC(18) Pause Young (Allocation Failure)
[23.560s][info][gc,heap        ] GC(18) PSYoungGen: 263088K(280064K)->28920K(283136K) Eden: 231424K(231424K)->0K(232448K) From: 31664K(48640K)->28920K(50688K)
[23.560s][info][gc,heap        ] GC(18) ParOldGen: 179573K(179712K)->210566K(210944K)
[23.560s][info][gc,metaspace   ] GC(18) Metaspace: 28777K(29248K)->28777K(29248K) NonClass: 26665K(26944K)->26665K(26944K) Class: 2111K(2304K)->2111K(2304K)
[23.560s][info][gc             ] GC(18) Pause Young (Allocation Failure) 432M->233M(482M) 72.143ms
[23.560s][info][gc,cpu         ] GC(18) User=0.12s Sys=0.03s Real=0.07s
[24.185s][info][gc,start       ] GC(19) Pause Young (Allocation Failure)
[24.253s][info][gc,heap        ] GC(19) PSYoungGen: 261368K(283136K)->29056K(283136K) Eden: 232448K(232448K)->0K(232448K) From: 28920K(50688K)->29056K(50688K)
[24.253s][info][gc,heap        ] GC(19) ParOldGen: 210566K(210944K)->238022K(238080K)
[24.253s][info][gc,metaspace   ] GC(19) Metaspace: 28777K(29248K)->28777K(29248K) NonClass: 26666K(26944K)->26666K(26944K) Class: 2111K(2304K)->2111K(2304K)
[24.253s][info][gc             ] GC(19) Pause Young (Allocation Failure) 460M->260M(509M) 67.937ms
[24.253s][info][gc,cpu         ] GC(19) User=0.10s Sys=0.02s Real=0.07s
[26.029s][info][gc,start       ] GC(20) Pause Young (Allocation Failure)
[26.095s][info][gc,heap        ] GC(20) PSYoungGen: 261504K(283136K)->13168K(280064K) Eden: 232448K(232448K)->0K(232448K) From: 29056K(50688K)->13168K(47616K)
[26.095s][info][gc,heap        ] GC(20) ParOldGen: 238022K(238080K)->267303K(267776K)
[26.095s][info][gc,metaspace   ] GC(20) Metaspace: 28816K(29248K)->28816K(29248K) NonClass: 26705K(26944K)->26705K(26944K) Class: 2111K(2304K)->2111K(2304K)
[26.095s][info][gc             ] GC(20) Pause Young (Allocation Failure) 487M->273M(535M) 65.866ms
[26.095s][info][gc,cpu         ] GC(20) User=0.10s Sys=0.02s Real=0.07s
[27.269s][info][gc,start       ] GC(21) Pause Young (Allocation Failure)
[27.300s][info][gc,heap        ] GC(21) PSYoungGen: 245616K(280064K)->10988K(281600K) Eden: 232448K(232448K)->0K(232448K) From: 13168K(47616K)->10988K(49152K)
[27.300s][info][gc,heap        ] GC(21) ParOldGen: 267303K(267776K)->279803K(280064K)
[27.300s][info][gc,metaspace   ] GC(21) Metaspace: 28846K(29248K)->28846K(29248K) NonClass: 26734K(26944K)->26734K(26944K) Class: 2111K(2304K)->2111K(2304K)
[27.300s][info][gc             ] GC(21) Pause Young (Allocation Failure) 500M->283M(548M) 31.296ms
[27.301s][info][gc,cpu         ] GC(21) User=0.05s Sys=0.01s Real=0.03s
[28.772s][info][gc,start       ] GC(22) Pause Young (Allocation Failure)
[28.792s][info][gc,heap        ] GC(22) PSYoungGen: 243436K(281600K)->7149K(283136K) Eden: 232448K(232448K)->0K(236544K) From: 10988K(49152K)->7149K(46592K)
[28.792s][info][gc,heap        ] GC(22) ParOldGen: 279803K(280064K)->290013K(290304K)
[28.792s][info][gc,metaspace   ] GC(22) Metaspace: 28852K(29312K)->28852K(29312K) NonClass: 26741K(27008K)->26741K(27008K) Class: 2111K(2304K)->2111K(2304K)
[28.792s][info][gc             ] GC(22) Pause Young (Allocation Failure) 510M->290M(560M) 20.335ms
[28.792s][info][gc,cpu         ] GC(22) User=0.03s Sys=0.01s Real=0.02s
[30.232s][info][gc,start       ] GC(23) Pause Young (Allocation Failure)
[30.265s][info][gc,heap        ] GC(23) PSYoungGen: 243693K(283136K)->22614K(284160K) Eden: 236544K(236544K)->0K(236544K) From: 7149K(46592K)->22614K(47616K)
[30.265s][info][gc,heap        ] GC(23) ParOldGen: 290013K(290304K)->297006K(297472K)
[30.265s][info][gc,metaspace   ] GC(23) Metaspace: 28855K(29312K)->28855K(29312K) NonClass: 26743K(27008K)->26743K(27008K) Class: 2111K(2304K)->2111K(2304K)
[30.265s][info][gc             ] GC(23) Pause Young (Allocation Failure) 521M->312M(568M) 32.717ms
[30.265s][info][gc,cpu         ] GC(23) User=0.06s Sys=0.00s Real=0.04s
[31.666s][info][gc,start       ] GC(24) Pause Young (Allocation Failure)
[31.714s][info][gc,heap        ] GC(24) PSYoungGen: 259158K(284160K)->20435K(282624K) Eden: 236544K(236544K)->0K(240128K) From: 22614K(47616K)->20435K(42496K)
[31.714s][info][gc,heap        ] GC(24) ParOldGen: 297006K(297472K)->319767K(320000K)
[31.714s][info][gc,metaspace   ] GC(24) Metaspace: 28932K(29376K)->28932K(29376K) NonClass: 26819K(27072K)->26819K(27072K) Class: 2112K(2304K)->2112K(2304K)
[31.714s][info][gc             ] GC(24) Pause Young (Allocation Failure) 543M->332M(588M) 48.427ms
[31.714s][info][gc,cpu         ] GC(24) User=0.07s Sys=0.01s Real=0.05s
[35.632s][info][gc,start       ] GC(25) Pause Young (Allocation Failure)
[35.671s][info][gc,heap        ] GC(25) PSYoungGen: 260563K(282624K)->10726K(284160K) Eden: 240128K(240128K)->0K(240128K) From: 20435K(42496K)->10726K(44032K)
[35.671s][info][gc,heap        ] GC(25) ParOldGen: 319767K(320000K)->340216K(340480K)
[35.671s][info][gc,metaspace   ] GC(25) Metaspace: 33581K(33984K)->33581K(33984K) NonClass: 31269K(31488K)->31269K(31488K) Class: 2311K(2496K)->2311K(2496K)
[35.671s][info][gc             ] GC(25) Pause Young (Allocation Failure) 566M->342M(610M) 39.489ms
[35.671s][info][gc,cpu         ] GC(25) User=0.05s Sys=0.03s Real=0.04s
[38.171s][info][gc,start       ] GC(26) Pause Young (Allocation Failure)
[38.189s][info][gc,heap        ] GC(26) PSYoungGen: 250854K(284160K)->8290K(288256K) Eden: 240128K(240128K)->0K(246784K) From: 10726K(44032K)->8290K(41472K)
[38.189s][info][gc,heap        ] GC(26) ParOldGen: 340216K(340480K)->347338K(347648K)
[38.189s][info][gc,metaspace   ] GC(26) Metaspace: 33982K(34432K)->33982K(34432K) NonClass: 31669K(31936K)->31669K(31936K) Class: 2313K(2496K)->2313K(2496K)
[38.189s][info][gc             ] GC(26) Pause Young (Allocation Failure) 577M->347M(621M) 17.337ms
[38.189s][info][gc,cpu         ] GC(26) User=0.03s Sys=0.00s Real=0.02s
[40.775s][info][gc,start       ] GC(27) Pause Young (Allocation Failure)
[40.800s][info][gc,heap        ] GC(27) PSYoungGen: 255074K(288256K)->20301K(289280K) Eden: 246784K(246784K)->0K(246784K) From: 8290K(41472K)->20301K(42496K)
[40.800s][info][gc,heap        ] GC(27) ParOldGen: 347338K(347648K)->348414K(348672K)
[40.800s][info][gc,metaspace   ] GC(27) Metaspace: 34111K(34560K)->34111K(34560K) NonClass: 31797K(32064K)->31797K(32064K) Class: 2314K(2496K)->2314K(2496K)
[40.800s][info][gc             ] GC(27) Pause Young (Allocation Failure) 588M->360M(623M) 24.838ms
[40.800s][info][gc,cpu         ] GC(27) User=0.05s Sys=0.01s Real=0.02s
[42.489s][info][gc,start       ] GC(28) Pause Young (Allocation Failure)
[42.501s][info][gc,heap        ] GC(28) PSYoungGen: 267085K(289280K)->5083K(290816K) Eden: 246784K(246784K)->0K(249856K) From: 20301K(42496K)->5083K(40960K)
[42.501s][info][gc,heap        ] GC(28) ParOldGen: 348414K(348672K)->350150K(350208K)
[42.501s][info][gc,metaspace   ] GC(28) Metaspace: 34158K(34624K)->34158K(34624K) NonClass: 31844K(32128K)->31844K(32128K) Class: 2314K(2496K)->2314K(2496K)
[42.501s][info][gc             ] GC(28) Pause Young (Allocation Failure) 601M->346M(626M) 12.047ms
[42.501s][info][gc,cpu         ] GC(28) User=0.02s Sys=0.00s Real=0.01s
[44.429s][info][gc,start       ] GC(29) Pause Young (Allocation Failure)
[44.439s][info][gc,heap        ] GC(29) PSYoungGen: 254939K(290816K)->8835K(290816K) Eden: 249856K(249856K)->0K(249856K) From: 5083K(40960K)->8835K(40960K)
[44.439s][info][gc,heap        ] GC(29) ParOldGen: 350150K(350208K)->351364K(351744K)
[44.439s][info][gc,metaspace   ] GC(29) Metaspace: 34195K(34624K)->34195K(34624K) NonClass: 31881K(32128K)->31881K(32128K) Class: 2314K(2496K)->2314K(2496K)
[44.439s][info][gc             ] GC(29) Pause Young (Allocation Failure) 590M->351M(627M) 9.940ms
[44.439s][info][gc,cpu         ] GC(29) User=0.02s Sys=0.00s Real=0.01s
[45.603s][info][gc,start       ] GC(30) Pause Full (CodeCache GC Threshold)
[45.603s][info][gc,phases,start] GC(30) Marking Phase
[45.686s][info][gc,phases      ] GC(30) Marking Phase 82.928ms
[45.686s][info][gc,phases,start] GC(30) Summary Phase
[45.686s][info][gc,phases      ] GC(30) Summary Phase 0.056ms
[45.686s][info][gc,phases,start] GC(30) Forward
[45.698s][info][gc,phases      ] GC(30) Forward 12.340ms
[45.698s][info][gc,phases,start] GC(30) Adjust Pointers
[45.743s][info][gc,phases      ] GC(30) Adjust Pointers 45.258ms
[45.744s][info][gc,phases,start] GC(30) Compaction Phase
[45.763s][info][gc,phases      ] GC(30) Compaction Phase 19.092ms
[45.763s][info][gc,phases,start] GC(30) Post Compact
[45.770s][info][gc,phases      ] GC(30) Post Compact 7.614ms
[45.770s][info][gc,heap        ] GC(30) PSYoungGen: 193624K(290816K)->0K(290816K) Eden: 184788K(249856K)->0K(249856K) From: 8835K(40960K)->0K(40960K)
[45.770s][info][gc,heap        ] GC(30) ParOldGen: 351364K(351744K)->72239K(351744K)
[45.770s][info][gc,metaspace   ] GC(30) Metaspace: 34210K(34624K)->34210K(34624K) NonClass: 31896K(32128K)->31896K(32128K) Class: 2314K(2496K)->2314K(2496K)
[45.771s][info][gc             ] GC(30) Pause Full (CodeCache GC Threshold) 532M->70M(627M) 167.806ms
[45.771s][info][gc,cpu         ] GC(30) User=0.24s Sys=0.01s Real=0.16s
[47.714s][info][gc,start       ] GC(31) Pause Young (Allocation Failure)
[47.772s][info][gc,heap        ] GC(31) PSYoungGen: 249856K(290816K)->39398K(273920K) Eden: 249856K(249856K)->0K(234496K) From: 0K(40960K)->39398K(39424K)
[47.772s][info][gc,heap        ] GC(31) ParOldGen: 72239K(351744K)->81445K(351744K)
[47.772s][info][gc,metaspace   ] GC(31) Metaspace: 34247K(34688K)->34247K(34688K) NonClass: 31933K(32192K)->31933K(32192K) Class: 2314K(2496K)->2314K(2496K)
[47.772s][info][gc             ] GC(31) Pause Young (Allocation Failure) 314M->118M(611M) 58.554ms
[47.772s][info][gc,cpu         ] GC(31) User=0.11s Sys=0.01s Real=0.05s
[49.511s][info][gc,start       ] GC(32) Pause Young (Allocation Failure)
[49.567s][info][gc,heap        ] GC(32) PSYoungGen: 273894K(273920K)->15307K(284160K) Eden: 234496K(234496K)->0K(234496K) From: 39398K(39424K)->15307K(49664K)
[49.567s][info][gc,heap        ] GC(32) ParOldGen: 81445K(351744K)->117906K(351744K)
[49.567s][info][gc,metaspace   ] GC(32) Metaspace: 34263K(34688K)->34263K(34688K) NonClass: 31949K(32192K)->31949K(32192K) Class: 2314K(2496K)->2314K(2496K)
[49.567s][info][gc             ] GC(32) Pause Young (Allocation Failure) 347M->130M(621M) 56.365ms
[49.567s][info][gc,cpu         ] GC(32) User=0.11s Sys=0.00s Real=0.06s
[51.168s][info][gc,start       ] GC(33) Pause Young (Allocation Failure)
[51.194s][info][gc,heap        ] GC(33) PSYoungGen: 249803K(284160K)->9231K(279552K) Eden: 234496K(234496K)->0K(237056K) From: 15307K(49664K)->9231K(42496K)
[51.194s][info][gc,heap        ] GC(33) ParOldGen: 117906K(351744K)->127564K(351744K)
[51.194s][info][gc,metaspace   ] GC(33) Metaspace: 34274K(34688K)->34274K(34688K) NonClass: 31960K(32192K)->31960K(32192K) Class: 2314K(2496K)->2314K(2496K)
[51.194s][info][gc             ] GC(33) Pause Young (Allocation Failure) 359M->133M(616M) 26.347ms
[51.194s][info][gc,cpu         ] GC(33) User=0.05s Sys=0.00s Real=0.03s
[52.648s][info][gc,start       ] GC(34) Pause Young (Allocation Failure)
[52.660s][info][gc,heap        ] GC(34) PSYoungGen: 246287K(279552K)->12144K(283136K) Eden: 237056K(237056K)->0K(237056K) From: 9231K(42496K)->12144K(46080K)
[52.660s][info][gc,heap        ] GC(34) ParOldGen: 127564K(351744K)->128715K(351744K)
[52.660s][info][gc,metaspace   ] GC(34) Metaspace: 34324K(34752K)->34324K(34752K) NonClass: 32010K(32256K)->32010K(32256K) Class: 2314K(2496K)->2314K(2496K)
[52.660s][info][gc             ] GC(34) Pause Young (Allocation Failure) 365M->137M(620M) 12.352ms
[52.660s][info][gc,cpu         ] GC(34) User=0.02s Sys=0.00s Real=0.01s
[53.900s][info][gc,start       ] GC(35) Pause Young (Allocation Failure)
[53.927s][info][gc,heap        ] GC(35) PSYoungGen: 249200K(283136K)->30610K(285696K) Eden: 237056K(237056K)->0K(241664K) From: 12144K(46080K)->30610K(44032K)
[53.927s][info][gc,heap        ] GC(35) ParOldGen: 128715K(351744K)->129803K(351744K)
[53.927s][info][gc,metaspace   ] GC(35) Metaspace: 34341K(34752K)->34341K(34752K) NonClass: 32027K(32256K)->32027K(32256K) Class: 2314K(2496K)->2314K(2496K)
[53.928s][info][gc             ] GC(35) Pause Young (Allocation Failure) 369M->156M(622M) 27.598ms
[53.928s][info][gc,cpu         ] GC(35) User=0.05s Sys=0.00s Real=0.03s
[55.728s][info][gc,start       ] GC(36) Pause Young (Allocation Failure)
[55.780s][info][gc,heap        ] GC(36) PSYoungGen: 272274K(285696K)->26097K(267776K) Eden: 241664K(241664K)->0K(241664K) From: 30610K(44032K)->26097K(26112K)
[55.780s][info][gc,heap        ] GC(36) ParOldGen: 129803K(351744K)->148623K(351744K)
[55.780s][info][gc,metaspace   ] GC(36) Metaspace: 34345K(34752K)->34345K(34752K) NonClass: 32031K(32256K)->32031K(32256K) Class: 2314K(2496K)->2314K(2496K)
[55.780s][info][gc             ] GC(36) Pause Young (Allocation Failure) 392M->170M(605M) 51.883ms
[55.780s][info][gc,cpu         ] GC(36) User=0.10s Sys=0.00s Real=0.05s
[57.608s][info][gc,start       ] GC(37) Pause Young (Allocation Failure)
[57.701s][info][gc,heap        ] GC(37) PSYoungGen: 267761K(267776K)->46583K(252416K) Eden: 241664K(241664K)->0K(205824K) From: 26097K(26112K)->46583K(46592K)
[57.701s][info][gc,heap        ] GC(37) ParOldGen: 148623K(351744K)->176779K(351744K)
[57.701s][info][gc,metaspace   ] GC(37) Metaspace: 34353K(34752K)->34353K(34752K) NonClass: 32039K(32256K)->32039K(32256K) Class: 2314K(2496K)->2314K(2496K)
[57.702s][info][gc             ] GC(37) Pause Young (Allocation Failure) 406M->218M(590M) 93.249ms
[57.702s][info][gc,cpu         ] GC(37) User=0.18s Sys=0.00s Real=0.09s
[58.942s][info][gc,start       ] GC(38) Pause Young (Allocation Failure)
[58.996s][info][gc,heap        ] GC(38) PSYoungGen: 252407K(252416K)->6116K(269824K) Eden: 205824K(205824K)->0K(205824K) From: 46583K(46592K)->6116K(64000K)
[58.996s][info][gc,heap        ] GC(38) ParOldGen: 176779K(351744K)->220452K(351744K)
[58.996s][info][gc,metaspace   ] GC(38) Metaspace: 34446K(34880K)->34446K(34880K) NonClass: 32127K(32384K)->32127K(32384K) Class: 2318K(2496K)->2318K(2496K)
[58.996s][info][gc             ] GC(38) Pause Young (Allocation Failure) 419M->221M(607M) 53.526ms
[58.996s][info][gc,cpu         ] GC(38) User=0.11s Sys=0.00s Real=0.06s
[60.436s][info][gc,start       ] GC(39) Pause Young (Allocation Failure)
[60.450s][info][gc,heap        ] GC(39) PSYoungGen: 211940K(269824K)->11434K(265216K) Eden: 205824K(205824K)->0K(206336K) From: 6116K(64000K)->11434K(58880K)
[60.450s][info][gc,heap        ] GC(39) ParOldGen: 220452K(351744K)->223629K(351744K)
[60.450s][info][gc,metaspace   ] GC(39) Metaspace: 35279K(35712K)->35279K(35712K) NonClass: 32898K(33152K)->32898K(33152K) Class: 2381K(2560K)->2381K(2560K)
[60.450s][info][gc             ] GC(39) Pause Young (Allocation Failure) 422M->229M(602M) 13.624ms
[60.450s][info][gc,cpu         ] GC(39) User=0.02s Sys=0.00s Real=0.01s
[61.435s][info][gc,start       ] GC(40) Pause Young (Allocation Failure)
[61.458s][info][gc,heap        ] GC(40) PSYoungGen: 217770K(265216K)->26940K(267776K) Eden: 206336K(206336K)->0K(206336K) From: 11434K(58880K)->26940K(61440K)
[61.458s][info][gc,heap        ] GC(40) ParOldGen: 223629K(351744K)->231605K(351744K)
[61.458s][info][gc,metaspace   ] GC(40) Metaspace: 35334K(35776K)->35334K(35776K) NonClass: 32952K(33216K)->32952K(33216K) Class: 2381K(2560K)->2381K(2560K)
[61.458s][info][gc             ] GC(40) Pause Young (Allocation Failure) 431M->252M(605M) 22.820ms
[61.458s][info][gc,cpu         ] GC(40) User=0.05s Sys=0.00s Real=0.02s
[62.305s][info][gc,start       ] GC(41) Pause Young (Allocation Failure)
[62.335s][info][gc,heap        ] GC(41) PSYoungGen: 233276K(267776K)->45317K(265216K) Eden: 206336K(206336K)->0K(205824K) From: 26940K(61440K)->45317K(59392K)
[62.335s][info][gc,heap        ] GC(41) ParOldGen: 231605K(351744K)->231869K(351744K)
[62.335s][info][gc,metaspace   ] GC(41) Metaspace: 35361K(35776K)->35361K(35776K) NonClass: 32979K(33216K)->32979K(33216K) Class: 2381K(2560K)->2381K(2560K)
[62.335s][info][gc             ] GC(41) Pause Young (Allocation Failure) 453M->270M(602M) 29.975ms
[62.335s][info][gc,cpu         ] GC(41) User=0.06s Sys=0.00s Real=0.03s
[63.262s][info][gc,start       ] GC(42) Pause Young (Allocation Failure)
[63.285s][info][gc,heap        ] GC(42) PSYoungGen: 251141K(265216K)->21854K(269824K) Eden: 205824K(205824K)->0K(205824K) From: 45317K(59392K)->21854K(64000K)
[63.285s][info][gc,heap        ] GC(42) ParOldGen: 231869K(351744K)->232714K(351744K)
[63.285s][info][gc,metaspace   ] GC(42) Metaspace: 35372K(35840K)->35372K(35840K) NonClass: 32991K(33280K)->32991K(33280K) Class: 2381K(2560K)->2381K(2560K)
[63.285s][info][gc             ] GC(42) Pause Young (Allocation Failure) 471M->248M(607M) 22.554ms
[63.285s][info][gc,cpu         ] GC(42) User=0.05s Sys=0.00s Real=0.03s
[64.109s][info][gc,start       ] GC(43) Pause Young (Allocation Failure)
[64.152s][info][gc,heap        ] GC(43) PSYoungGen: 227678K(269824K)->60915K(249344K) Eden: 205824K(205824K)->0K(188416K) From: 21854K(64000K)->60915K(60928K)
[64.152s][info][gc,heap        ] GC(43) ParOldGen: 232714K(351744K)->237886K(351744K)
[64.152s][info][gc,metaspace   ] GC(43) Metaspace: 35380K(35840K)->35380K(35840K) NonClass: 32998K(33280K)->32998K(33280K) Class: 2382K(2560K)->2382K(2560K)
[64.152s][info][gc             ] GC(43) Pause Young (Allocation Failure) 449M->291M(587M) 42.215ms
[64.152s][info][gc,cpu         ] GC(43) User=0.08s Sys=0.00s Real=0.04s
[65.062s][info][gc,start       ] GC(44) Pause Young (Allocation Failure)
[65.147s][info][gc,heap        ] GC(44) PSYoungGen: 249331K(249344K)->72673K(261120K) Eden: 188416K(188416K)->0K(188416K) From: 60915K(60928K)->72673K(72704K)
[65.147s][info][gc,heap        ] GC(44) ParOldGen: 237886K(351744K)->300229K(351744K)
[65.147s][info][gc,metaspace   ] GC(44) Metaspace: 35384K(35840K)->35384K(35840K) NonClass: 33002K(33280K)->33002K(33280K) Class: 2382K(2560K)->2382K(2560K)
[65.147s][info][gc             ] GC(44) Pause Young (Allocation Failure) 475M->364M(598M) 85.448ms
[65.147s][info][gc,cpu         ] GC(44) User=0.17s Sys=0.00s Real=0.09s
[65.914s][info][gc,start       ] GC(45) Pause Young (Allocation Failure)
[66.051s][info][gc,heap        ] GC(45) PSYoungGen: 261089K(261120K)->72693K(184320K) Eden: 188416K(188416K)->0K(111616K) From: 72673K(72704K)->72693K(72704K)
[66.051s][info][gc,heap        ] GC(45) ParOldGen: 300229K(351744K)->396728K(396800K)
[66.051s][info][gc,metaspace   ] GC(45) Metaspace: 35386K(35840K)->35386K(35840K) NonClass: 33004K(33280K)->33004K(33280K) Class: 2382K(2560K)->2382K(2560K)
[66.051s][info][gc             ] GC(45) Pause Young (Allocation Failure) 548M->458M(567M) 137.202ms
[66.051s][info][gc,cpu         ] GC(45) User=0.24s Sys=0.03s Real=0.13s
[66.484s][info][gc,start       ] GC(46) Pause Young (Allocation Failure)
[66.596s][info][gc,heap        ] GC(46) PSYoungGen: 184309K(184320K)->29583K(222720K) Eden: 111616K(111616K)->0K(111616K) From: 72693K(72704K)->29583K(111104K)
[66.596s][info][gc,heap        ] GC(46) ParOldGen: 396728K(396800K)->468922K(468992K)
[66.596s][info][gc,metaspace   ] GC(46) Metaspace: 35386K(35840K)->35386K(35840K) NonClass: 33004K(33280K)->33004K(33280K) Class: 2382K(2560K)->2382K(2560K)
[66.596s][info][gc             ] GC(46) Pause Young (Allocation Failure) 567M->486M(675M) 111.995ms
[66.596s][info][gc,cpu         ] GC(46) User=0.16s Sys=0.06s Real=0.11s
[67.054s][info][gc,start       ] GC(47) Pause Young (Allocation Failure)
[67.077s][info][gc,heap        ] GC(47) PSYoungGen: 141199K(222720K)->4169K(222720K) Eden: 111616K(111616K)->0K(111616K) From: 29583K(111104K)->4169K(111104K)
[67.077s][info][gc,heap        ] GC(47) ParOldGen: 468922K(468992K)->483694K(483840K)
[67.077s][info][gc,metaspace   ] GC(47) Metaspace: 35399K(35840K)->35399K(35840K) NonClass: 33015K(33280K)->33015K(33280K) Class: 2383K(2560K)->2383K(2560K)
[67.077s][info][gc             ] GC(47) Pause Young (Allocation Failure) 595M->476M(690M) 22.569ms
[67.077s][info][gc,cpu         ] GC(47) User=0.03s Sys=0.01s Real=0.02s
[67.557s][info][gc,start       ] GC(48) Pause Young (Allocation Failure)
[67.567s][info][gc,heap        ] GC(48) PSYoungGen: 115785K(222720K)->3112K(222720K) Eden: 111616K(111616K)->0K(111616K) From: 4169K(111104K)->3112K(111104K)
[67.567s][info][gc,heap        ] GC(48) ParOldGen: 483694K(483840K)->484419K(484864K)
[67.567s][info][gc,metaspace   ] GC(48) Metaspace: 35402K(35840K)->35402K(35840K) NonClass: 33018K(33280K)->33018K(33280K) Class: 2383K(2560K)->2383K(2560K)
[67.567s][info][gc             ] GC(48) Pause Young (Allocation Failure) 585M->476M(691M) 10.357ms
[67.567s][info][gc,cpu         ] GC(48) User=0.02s Sys=0.00s Real=0.01s
[68.036s][info][gc,start       ] GC(49) Pause Young (Allocation Failure)
[68.061s][info][gc,heap        ] GC(49) PSYoungGen: 114728K(222720K)->32090K(222720K) Eden: 111616K(111616K)->0K(111616K) From: 3112K(111104K)->32090K(111104K)
[68.061s][info][gc,heap        ] GC(49) ParOldGen: 484419K(484864K)->484718K(484864K)
[68.061s][info][gc,metaspace   ] GC(49) Metaspace: 35407K(35840K)->35407K(35840K) NonClass: 33024K(33280K)->33024K(33280K) Class: 2383K(2560K)->2383K(2560K)
[68.061s][info][gc             ] GC(49) Pause Young (Allocation Failure) 585M->504M(691M) 25.697ms
[68.061s][info][gc,cpu         ] GC(49) User=0.04s Sys=0.00s Real=0.02s
[68.519s][info][gc,start       ] GC(50) Pause Young (Allocation Failure)
[68.530s][info][gc,heap        ] GC(50) PSYoungGen: 143654K(222720K)->5724K(222720K) Eden: 111563K(111616K)->0K(111616K) From: 32090K(111104K)->5724K(111104K)
[68.530s][info][gc,heap        ] GC(50) ParOldGen: 484718K(484864K)->485351K(485376K)
[68.530s][info][gc,metaspace   ] GC(50) Metaspace: 35416K(35840K)->35416K(35840K) NonClass: 33032K(33280K)->33032K(33280K) Class: 2383K(2560K)->2383K(2560K)
[68.530s][info][gc             ] GC(50) Pause Young (Allocation Failure) 613M->479M(691M) 11.353ms
[68.530s][info][gc,cpu         ] GC(50) User=0.02s Sys=0.00s Real=0.01s
[68.949s][info][gc,start       ] GC(51) Pause Young (Allocation Failure)
[68.956s][info][gc,heap        ] GC(51) PSYoungGen: 117340K(222720K)->4552K(222720K) Eden: 111616K(111616K)->0K(111616K) From: 5724K(111104K)->4552K(111104K)
[68.956s][info][gc,heap        ] GC(51) ParOldGen: 485351K(485376K)->485998K(486400K)
[68.956s][info][gc,metaspace   ] GC(51) Metaspace: 35417K(35840K)->35417K(35840K) NonClass: 33033K(33280K)->33033K(33280K) Class: 2383K(2560K)->2383K(2560K)
[68.956s][info][gc             ] GC(51) Pause Young (Allocation Failure) 588M->479M(692M) 6.499ms
[68.956s][info][gc,cpu         ] GC(51) User=0.01s Sys=0.01s Real=0.01s
[69.354s][info][gc,start       ] GC(52) Pause Young (Allocation Failure)
[69.382s][info][gc,heap        ] GC(52) PSYoungGen: 116168K(222720K)->37654K(222720K) Eden: 111616K(111616K)->0K(111616K) From: 4552K(111104K)->37654K(111104K)
[69.382s][info][gc,heap        ] GC(52) ParOldGen: 485998K(486400K)->486247K(486400K)
[69.382s][info][gc,metaspace   ] GC(52) Metaspace: 35417K(35840K)->35417K(35840K) NonClass: 33033K(33280K)->33033K(33280K) Class: 2383K(2560K)->2383K(2560K)
[69.382s][info][gc             ] GC(52) Pause Young (Allocation Failure) 588M->511M(692M) 27.463ms
[69.382s][info][gc,cpu         ] GC(52) User=0.05s Sys=0.00s Real=0.02s
[69.817s][info][gc,start       ] GC(53) Pause Young (Allocation Failure)
[69.825s][info][gc,heap        ] GC(53) PSYoungGen: 149270K(222720K)->9427K(222720K) Eden: 111616K(111616K)->0K(111616K) From: 37654K(111104K)->9427K(111104K)
[69.825s][info][gc,heap        ] GC(53) ParOldGen: 486247K(486400K)->486481K(486912K)
[69.825s][info][gc,metaspace   ] GC(53) Metaspace: 35458K(35904K)->35458K(35904K) NonClass: 33075K(33344K)->33075K(33344K) Class: 2383K(2560K)->2383K(2560K)
[69.825s][info][gc             ] GC(53) Pause Young (Allocation Failure) 620M->484M(693M) 8.490ms
[69.825s][info][gc,cpu         ] GC(53) User=0.02s Sys=0.00s Real=0.01s
[70.239s][info][gc,start       ] GC(54) Pause Young (Allocation Failure)
[70.252s][info][gc,heap        ] GC(54) PSYoungGen: 121043K(222720K)->15003K(126976K) Eden: 111616K(111616K)->0K(111616K) From: 9427K(111104K)->15003K(15360K)
[70.252s][info][gc,heap        ] GC(54) ParOldGen: 486481K(486912K)->487279K(487424K)
[70.252s][info][gc,metaspace   ] GC(54) Metaspace: 35459K(35904K)->35459K(35904K) NonClass: 33076K(33344K)->33076K(33344K) Class: 2383K(2560K)->2383K(2560K)
[70.252s][info][gc             ] GC(54) Pause Young (Allocation Failure) 593M->490M(600M) 13.193ms
[70.252s][info][gc,cpu         ] GC(54) User=0.03s Sys=0.00s Real=0.01s
[70.660s][info][gc,start       ] GC(55) Pause Young (Allocation Failure)
[70.692s][info][gc,heap        ] GC(55) PSYoungGen: 126619K(126976K)->32115K(226304K) Eden: 111616K(111616K)->0K(118784K) From: 15003K(15360K)->32115K(107520K)
[70.692s][info][gc,heap        ] GC(55) ParOldGen: 487279K(487424K)->493555K(493568K)
[70.692s][info][gc,metaspace   ] GC(55) Metaspace: 35459K(35904K)->35459K(35904K) NonClass: 33076K(33344K)->33076K(33344K) Class: 2383K(2560K)->2383K(2560K)
[70.692s][info][gc             ] GC(55) Pause Young (Allocation Failure) 599M->513M(703M) 32.108ms
[70.692s][info][gc,cpu         ] GC(55) User=0.06s Sys=0.00s Real=0.03s
[71.145s][info][gc,start       ] GC(56) Pause Young (Allocation Failure)
[71.199s][info][gc,heap        ] GC(56) PSYoungGen: 150899K(226304K)->19784K(219136K) Eden: 118784K(118784K)->0K(118784K) From: 32115K(107520K)->19784K(100352K)
[71.199s][info][gc,heap        ] GC(56) ParOldGen: 493555K(493568K)->521087K(521216K)
[71.199s][info][gc,metaspace   ] GC(56) Metaspace: 35504K(35968K)->35504K(35968K) NonClass: 33116K(33408K)->33116K(33408K) Class: 2387K(2560K)->2387K(2560K)
[71.199s][info][gc             ] GC(56) Pause Young (Allocation Failure) 629M->528M(723M) 54.310ms
[71.199s][info][gc,cpu         ] GC(56) User=0.08s Sys=0.02s Real=0.05s
[71.597s][info][gc,start       ] GC(57) Pause Young (Allocation Failure)
[71.619s][info][gc,heap        ] GC(57) PSYoungGen: 138568K(219136K)->1194K(223232K) Eden: 118784K(118784K)->0K(128000K) From: 19784K(100352K)->1194K(95232K)
[71.619s][info][gc,heap        ] GC(57) ParOldGen: 521087K(521216K)->540215K(540672K)
[71.619s][info][gc,metaspace   ] GC(57) Metaspace: 35504K(35968K)->35504K(35968K) NonClass: 33116K(33408K)->33116K(33408K) Class: 2387K(2560K)->2387K(2560K)
[71.619s][info][gc             ] GC(57) Pause Young (Allocation Failure) 644M->528M(746M) 22.024ms
[71.619s][info][gc,cpu         ] GC(57) User=0.02s Sys=0.02s Real=0.02s
[72.052s][info][gc,start       ] GC(58) Pause Young (Allocation Failure)
[72.055s][info][gc,heap        ] GC(58) PSYoungGen: 129194K(223232K)->980K(221184K) Eden: 128000K(128000K)->0K(128000K) From: 1194K(95232K)->980K(93184K)
[72.055s][info][gc,heap        ] GC(58) ParOldGen: 540215K(540672K)->540272K(540672K)
[72.055s][info][gc,metaspace   ] GC(58) Metaspace: 35505K(35968K)->35505K(35968K) NonClass: 33118K(33408K)->33118K(33408K) Class: 2387K(2560K)->2387K(2560K)
[72.055s][info][gc             ] GC(58) Pause Young (Allocation Failure) 653M->528M(744M) 3.154ms
[72.055s][info][gc,cpu         ] GC(58) User=0.00s Sys=0.00s Real=0.01s
[72.423s][info][gc,start       ] GC(59) Pause Young (Allocation Failure)
[72.427s][info][gc,heap        ] GC(59) PSYoungGen: 128980K(221184K)->1221K(237568K) Eden: 128000K(128000K)->0K(148480K) From: 980K(93184K)->1221K(89088K)
[72.427s][info][gc,heap        ] GC(59) ParOldGen: 540272K(540672K)->540710K(541184K)
[72.427s][info][gc,metaspace   ] GC(59) Metaspace: 35514K(35968K)->35514K(35968K) NonClass: 33127K(33408K)->33127K(33408K) Class: 2387K(2560K)->2387K(2560K)
[72.427s][info][gc             ] GC(59) Pause Young (Allocation Failure) 653M->529M(760M) 3.949ms
[72.427s][info][gc,cpu         ] GC(59) User=0.00s Sys=0.01s Real=0.00s
[72.880s][info][gc,start       ] GC(60) Pause Young (Allocation Failure)
[72.888s][info][gc,heap        ] GC(60) PSYoungGen: 149701K(237568K)->5278K(236544K) Eden: 148480K(148480K)->0K(148480K) From: 1221K(89088K)->5278K(88064K)
[72.888s][info][gc,heap        ] GC(60) ParOldGen: 540710K(541184K)->541046K(541184K)
[72.888s][info][gc,metaspace   ] GC(60) Metaspace: 35891K(36352K)->35891K(36352K) NonClass: 33444K(33728K)->33444K(33728K) Class: 2447K(2624K)->2447K(2624K)
[72.888s][info][gc             ] GC(60) Pause Young (Allocation Failure) 674M->533M(759M) 7.941ms
[72.888s][info][gc,cpu         ] GC(60) User=0.01s Sys=0.00s Real=0.01s
[73.166s][info][gc,start       ] GC(61) Pause Young (Allocation Failure)
[73.175s][info][gc,heap        ] GC(61) PSYoungGen: 153758K(236544K)->2894K(242688K) Eden: 148480K(148480K)->0K(159744K) From: 5278K(88064K)->2894K(82944K)
[73.175s][info][gc,heap        ] GC(61) ParOldGen: 541046K(541184K)->543390K(544256K)
[73.175s][info][gc,metaspace   ] GC(61) Metaspace: 35915K(36352K)->35915K(36352K) NonClass: 33468K(33728K)->33468K(33728K) Class: 2447K(2624K)->2447K(2624K)
[73.175s][info][gc             ] GC(61) Pause Young (Allocation Failure) 678M->533M(768M) 9.875ms
[73.175s][info][gc,cpu         ] GC(61) User=0.01s Sys=0.01s Real=0.01s
[73.465s][info][gc,start       ] GC(62) Pause Young (Allocation Failure)
[73.469s][info][gc,heap        ] GC(62) PSYoungGen: 162638K(242688K)->1582K(240640K) Eden: 159744K(159744K)->0K(159744K) From: 2894K(82944K)->1582K(80896K)
[73.469s][info][gc,heap        ] GC(62) ParOldGen: 543390K(544256K)->543454K(544256K)
[73.469s][info][gc,metaspace   ] GC(62) Metaspace: 35938K(36352K)->35938K(36352K) NonClass: 33491K(33728K)->33491K(33728K) Class: 2447K(2624K)->2447K(2624K)
[73.469s][info][gc             ] GC(62) Pause Young (Allocation Failure) 689M->532M(766M) 3.754ms
[73.469s][info][gc,cpu         ] GC(62) User=0.01s Sys=0.00s Real=0.00s
[74.142s][info][gc,start       ] GC(63) Pause Young (Allocation Failure)
[74.151s][info][gc,heap        ] GC(63) PSYoungGen: 159679K(240640K)->10535K(247808K) Eden: 158096K(159744K)->0K(175104K) From: 1582K(80896K)->10535K(72704K)
[74.151s][info][gc,heap        ] GC(63) ParOldGen: 543454K(544256K)->543710K(544256K)
[74.151s][info][gc,metaspace   ] GC(63) Metaspace: 36523K(36864K)->36523K(36864K) NonClass: 34033K(34240K)->34033K(34240K) Class: 2489K(2624K)->2489K(2624K)
[74.151s][info][gc             ] GC(63) Pause Young (Allocation Failure) 686M->541M(773M) 9.894ms
[74.151s][info][gc,cpu         ] GC(63) User=0.02s Sys=0.00s Real=0.01s
[74.443s][info][gc,start       ] GC(64) Pause Young (Allocation Failure)
[74.456s][info][gc,heap        ] GC(64) PSYoungGen: 184805K(247808K)->1180K(247296K) Eden: 174269K(175104K)->0K(175104K) From: 10535K(72704K)->1180K(72192K)
[74.456s][info][gc,heap        ] GC(64) ParOldGen: 543710K(544256K)->554105K(554496K)
[74.456s][info][gc,metaspace   ] GC(64) Metaspace: 36529K(36864K)->36529K(36864K) NonClass: 34039K(34240K)->34039K(34240K) Class: 2489K(2624K)->2489K(2624K)
[74.456s][info][gc             ] GC(64) Pause Young (Allocation Failure) 711M->542M(783M) 13.347ms
[74.456s][info][gc,cpu         ] GC(64) User=0.02s Sys=0.00s Real=0.01s
[74.805s][info][gc,start       ] GC(65) Pause Young (Allocation Failure)
[74.816s][info][gc,heap        ] GC(65) PSYoungGen: 175443K(247296K)->1237K(258560K) Eden: 174262K(175104K)->0K(192000K) From: 1180K(72192K)->1237K(66560K)
[74.816s][info][gc,heap        ] GC(65) ParOldGen: 554105K(554496K)->555223K(555520K)
[74.816s][info][gc,metaspace   ] GC(65) Metaspace: 38009K(38400K)->38009K(38400K) NonClass: 35413K(35648K)->35413K(35648K) Class: 2596K(2752K)->2596K(2752K)
[74.816s][info][gc             ] GC(65) Pause Young (Allocation Failure) 712M->543M(795M) 11.451ms
[74.816s][info][gc,cpu         ] GC(65) User=0.03s Sys=0.00s Real=0.01s
[75.189s][info][gc,start       ] GC(66) Pause Young (Allocation Failure)
[75.200s][info][gc,heap        ] GC(66) PSYoungGen: 193237K(258560K)->3316K(258048K) Eden: 192000K(192000K)->0K(192000K) From: 1237K(66560K)->3316K(66048K)
[75.200s][info][gc,heap        ] GC(66) ParOldGen: 555223K(555520K)->556426K(556544K)
[75.200s][info][gc,metaspace   ] GC(66) Metaspace: 38162K(38528K)->38162K(38528K) NonClass: 35565K(35776K)->35565K(35776K) Class: 2597K(2752K)->2597K(2752K)
[75.201s][info][gc             ] GC(66) Pause Young (Allocation Failure) 730M->546M(795M) 11.151ms
[75.201s][info][gc,cpu         ] GC(66) User=0.01s Sys=0.00s Real=0.01s
[75.510s][info][gc,start       ] GC(67) Pause Young (Allocation Failure)
[75.519s][info][gc,heap        ] GC(67) PSYoungGen: 195316K(258048K)->1577K(264192K) Eden: 192000K(192000K)->0K(204800K) From: 3316K(66048K)->1577K(59392K)
[75.519s][info][gc,heap        ] GC(67) ParOldGen: 556426K(556544K)->559713K(560128K)
[75.519s][info][gc,metaspace   ] GC(67) Metaspace: 38189K(38592K)->38189K(38592K) NonClass: 35591K(35840K)->35591K(35840K) Class: 2597K(2752K)->2597K(2752K)
[75.519s][info][gc             ] GC(67) Pause Young (Allocation Failure) 734M->548M(805M) 8.588ms
[75.519s][info][gc,cpu         ] GC(67) User=0.01s Sys=0.00s Real=0.01s
[75.903s][info][gc,start       ] GC(68) Pause Young (Allocation Failure)
[75.914s][info][gc,heap        ] GC(68) PSYoungGen: 206218K(264192K)->7007K(263680K) Eden: 204641K(204800K)->0K(204800K) From: 1577K(59392K)->7007K(58880K)
[75.914s][info][gc,heap        ] GC(68) ParOldGen: 559713K(560128K)->561212K(561664K)
[75.914s][info][gc,metaspace   ] GC(68) Metaspace: 38313K(38656K)->38313K(38656K) NonClass: 35715K(35904K)->35715K(35904K) Class: 2598K(2752K)->2598K(2752K)
[75.914s][info][gc             ] GC(68) Pause Young (Allocation Failure) 747M->554M(806M) 11.415ms
[75.914s][info][gc,cpu         ] GC(68) User=0.02s Sys=0.00s Real=0.01s
[76.318s][info][gc,start       ] GC(69) Pause Young (Allocation Failure)
[76.347s][info][gc,heap        ] GC(69) PSYoungGen: 210695K(263680K)->7081K(271360K) Eden: 203687K(204800K)->0K(219136K) From: 7007K(58880K)->7081K(52224K)
[76.347s][info][gc,heap        ] GC(69) ParOldGen: 561212K(561664K)->568274K(568320K)
[76.347s][info][gc,metaspace   ] GC(69) Metaspace: 38356K(38720K)->38356K(38720K) NonClass: 35757K(35968K)->35757K(35968K) Class: 2598K(2752K)->2598K(2752K)
[76.347s][info][gc             ] GC(69) Pause Young (Allocation Failure) 753M->561M(820M) 29.626ms
[76.347s][info][gc,cpu         ] GC(69) User=0.04s Sys=0.00s Real=0.03s
[76.699s][info][gc,start       ] GC(70) Pause Young (Allocation Failure)
[76.719s][info][gc,heap        ] GC(70) PSYoungGen: 226217K(271360K)->3916K(270336K) Eden: 219136K(219136K)->0K(219136K) From: 7081K(52224K)->3916K(51200K)
[76.719s][info][gc,heap        ] GC(70) ParOldGen: 568274K(568320K)->575441K(575488K)
[76.719s][info][gc,metaspace   ] GC(70) Metaspace: 38369K(38784K)->38369K(38784K) NonClass: 35770K(36032K)->35770K(36032K) Class: 2598K(2752K)->2598K(2752K)
[76.719s][info][gc             ] GC(70) Pause Young (Allocation Failure) 775M->565M(826M) 20.640ms
[76.719s][info][gc,cpu         ] GC(70) User=0.03s Sys=0.00s Real=0.02s
[77.993s][info][gc,start       ] GC(71) Pause Young (Allocation Failure)
[78.020s][info][gc,heap        ] GC(71) PSYoungGen: 223052K(270336K)->13967K(280576K) Eden: 219136K(219136K)->0K(232448K) From: 3916K(51200K)->13967K(48128K)
[78.020s][info][gc,heap        ] GC(71) ParOldGen: 575441K(575488K)->579260K(579584K)
[78.020s][info][gc,metaspace   ] GC(71) Metaspace: 39034K(39424K)->39034K(39424K) NonClass: 36363K(36608K)->36363K(36608K) Class: 2671K(2816K)->2671K(2816K)
[78.020s][info][gc             ] GC(71) Pause Young (Allocation Failure) 779M->579M(840M) 27.150ms
[78.020s][info][gc,cpu         ] GC(71) User=0.05s Sys=0.00s Real=0.02s
[79.200s][info][gc,start       ] GC(72) Pause Young (Allocation Failure)
[79.231s][info][gc,heap        ] GC(72) PSYoungGen: 246415K(280576K)->5509K(278528K) Eden: 232448K(232448K)->0K(232448K) From: 13967K(48128K)->5509K(46080K)
[79.231s][info][gc,heap        ] GC(72) ParOldGen: 579260K(579584K)->592515K(592896K)
[79.231s][info][gc,metaspace   ] GC(72) Metaspace: 39381K(39744K)->39381K(39744K) NonClass: 36690K(36928K)->36690K(36928K) Class: 2691K(2816K)->2691K(2816K)
[79.231s][info][gc             ] GC(72) Pause Young (Allocation Failure) 806M->584M(851M) 31.008ms
[79.231s][info][gc,cpu         ] GC(72) User=0.05s Sys=0.01s Real=0.03s
[79.911s][info][gc,start       ] GC(73) Pause Young (Allocation Failure)
[79.917s][info][gc,heap        ] GC(73) PSYoungGen: 237957K(278528K)->3440K(284672K) Eden: 232448K(232448K)->0K(241664K) From: 5509K(46080K)->3440K(43008K)
[79.917s][info][gc,heap        ] GC(73) ParOldGen: 592515K(592896K)->593275K(593408K)
[79.917s][info][gc,metaspace   ] GC(73) Metaspace: 39395K(39808K)->39395K(39808K) NonClass: 36704K(36992K)->36704K(36992K) Class: 2691K(2816K)->2691K(2816K)
[79.917s][info][gc             ] GC(73) Pause Young (Allocation Failure) 811M->582M(857M) 6.793ms
[79.917s][info][gc,cpu         ] GC(73) User=0.01s Sys=0.00s Real=0.01s
[80.635s][info][gc,start       ] GC(74) Pause Young (Allocation Failure)
[80.646s][info][gc,heap        ] GC(74) PSYoungGen: 245104K(284672K)->4600K(282624K) Eden: 241664K(241664K)->0K(241664K) From: 3440K(43008K)->4600K(40960K)
[80.646s][info][gc,heap        ] GC(74) ParOldGen: 593275K(593408K)->593283K(593408K)
[80.646s][info][gc,metaspace   ] GC(74) Metaspace: 39426K(39808K)->39426K(39808K) NonClass: 36734K(36992K)->36734K(36992K) Class: 2691K(2816K)->2691K(2816K)
[80.646s][info][gc             ] GC(74) Pause Young (Allocation Failure) 818M->583M(855M) 10.184ms
[80.646s][info][gc,cpu         ] GC(74) User=0.02s Sys=0.00s Real=0.01s
[81.705s][info][gc,start       ] GC(75) Pause Young (Allocation Failure)
[81.712s][info][gc,heap        ] GC(75) PSYoungGen: 246264K(282624K)->2978K(290304K) Eden: 241664K(241664K)->0K(251904K) From: 4600K(40960K)->2978K(38400K)
[81.712s][info][gc,heap        ] GC(75) ParOldGen: 593283K(593408K)->593334K(593408K)
[81.712s][info][gc,metaspace   ] GC(75) Metaspace: 40113K(40512K)->40113K(40512K) NonClass: 37325K(37568K)->37325K(37568K) Class: 2788K(2944K)->2788K(2944K)
[81.712s][info][gc             ] GC(75) Pause Young (Allocation Failure) 819M->582M(863M) 7.000ms
[81.712s][info][gc,cpu         ] GC(75) User=0.01s Sys=0.00s Real=0.00s
[83.233s][info][gc,start       ] GC(76) Pause Young (Allocation Failure)
[83.240s][info][gc,heap        ] GC(76) PSYoungGen: 254882K(290304K)->6976K(288256K) Eden: 251904K(251904K)->0K(251904K) From: 2978K(38400K)->6976K(36352K)
[83.240s][info][gc,heap        ] GC(76) ParOldGen: 593334K(593408K)->593819K(593920K)
[83.240s][info][gc,metaspace   ] GC(76) Metaspace: 40339K(40768K)->40339K(40768K) NonClass: 37551K(37824K)->37551K(37824K) Class: 2788K(2944K)->2788K(2944K)
[83.240s][info][gc             ] GC(76) Pause Young (Allocation Failure) 828M->586M(861M) 7.082ms
[83.240s][info][gc,cpu         ] GC(76) User=0.01s Sys=0.00s Real=0.00s
[85.020s][info][gc,start       ] GC(77) Pause Young (Allocation Failure)
[85.028s][info][gc,heap        ] GC(77) PSYoungGen: 258880K(288256K)->3218K(294400K) Eden: 251904K(251904K)->0K(260608K) From: 6976K(36352K)->3218K(33792K)
[85.028s][info][gc,heap        ] GC(77) ParOldGen: 593819K(593920K)->593939K(594432K)
[85.028s][info][gc,metaspace   ] GC(77) Metaspace: 40534K(40960K)->40534K(40960K) NonClass: 37740K(38016K)->37740K(38016K) Class: 2794K(2944K)->2794K(2944K)
[85.028s][info][gc             ] GC(77) Pause Young (Allocation Failure) 832M->583M(868M) 8.556ms
[85.028s][info][gc,cpu         ] GC(77) User=0.02s Sys=0.00s Real=0.01s
[86.494s][info][gc,start       ] GC(78) Pause Young (Allocation Failure)
[86.523s][info][gc,heap        ] GC(78) PSYoungGen: 263826K(294400K)->20890K(292864K) Eden: 260608K(260608K)->0K(260608K) From: 3218K(33792K)->20890K(32256K)
[86.523s][info][gc,heap        ] GC(78) ParOldGen: 593939K(594432K)->597077K(597504K)
[86.523s][info][gc,metaspace   ] GC(78) Metaspace: 40910K(41280K)->40910K(41280K) NonClass: 38095K(38336K)->38095K(38336K) Class: 2814K(2944K)->2814K(2944K)
[86.523s][info][gc             ] GC(78) Pause Young (Allocation Failure) 837M->603M(869M) 29.785ms
[86.523s][info][gc,cpu         ] GC(78) User=0.06s Sys=0.00s Real=0.03s
[87.641s][info][gc,start       ] GC(79) Pause Young (Allocation Failure)
[87.707s][info][gc,heap        ] GC(79) PSYoungGen: 281498K(292864K)->29292K(289792K) Eden: 260608K(260608K)->0K(254976K) From: 20890K(32256K)->29292K(34816K)
[87.708s][info][gc,heap        ] GC(79) ParOldGen: 597077K(597504K)->617567K(617984K)
[87.708s][info][gc,metaspace   ] GC(79) Metaspace: 40930K(41280K)->40930K(41280K) NonClass: 38116K(38336K)->38116K(38336K) Class: 2814K(2944K)->2814K(2944K)
[87.708s][info][gc             ] GC(79) Pause Young (Allocation Failure) 857M->631M(886M) 66.983ms
[87.708s][info][gc,cpu         ] GC(79) User=0.10s Sys=0.03s Real=0.07s
[88.662s][info][gc,start       ] GC(80) Pause Young (Allocation Failure)
[88.733s][info][gc,heap        ] GC(80) PSYoungGen: 284268K(289792K)->26200K(281600K) Eden: 254976K(254976K)->0K(254976K) From: 29292K(34816K)->26200K(26624K)
[88.733s][info][gc,heap        ] GC(80) ParOldGen: 617567K(617984K)->647023K(647168K)
[88.733s][info][gc,metaspace   ] GC(80) Metaspace: 40938K(41280K)->40938K(41280K) NonClass: 38123K(38336K)->38123K(38336K) Class: 2814K(2944K)->2814K(2944K)
[88.733s][info][gc             ] GC(80) Pause Young (Allocation Failure) 880M->657M(907M) 71.158ms
[88.733s][info][gc,cpu         ] GC(80) User=0.10s Sys=0.04s Real=0.08s
[91.605s][info][gc,start       ] GC(81) Pause Full (Allocation Failure)
[91.605s][info][gc,phases,start] GC(81) Marking Phase
[91.693s][info][gc,phases      ] GC(81) Marking Phase 88.588ms
[91.693s][info][gc,phases,start] GC(81) Summary Phase
[91.694s][info][gc,phases      ] GC(81) Summary Phase 0.072ms
[91.694s][info][gc,phases,start] GC(81) Forward
[91.700s][info][gc,phases      ] GC(81) Forward 6.847ms
[91.700s][info][gc,phases,start] GC(81) Adjust Pointers
[91.739s][info][gc,phases      ] GC(81) Adjust Pointers 38.261ms
[91.739s][info][gc,phases,start] GC(81) Compaction Phase
[91.748s][info][gc,phases      ] GC(81) Compaction Phase 9.142ms
[91.748s][info][gc,phases,start] GC(81) Post Compact
[91.759s][info][gc,phases      ] GC(81) Post Compact 10.264ms
[91.799s][info][gc,heap        ] GC(81) PSYoungGen: 281176K(281600K)->0K(291328K) Eden: 254976K(254976K)->0K(248832K) From: 26200K(26624K)->0K(42496K)
[91.799s][info][gc,heap        ] GC(81) ParOldGen: 647023K(647168K)->61994K(175104K)
[91.799s][info][gc,metaspace   ] GC(81) Metaspace: 40953K(41280K)->40953K(41280K) NonClass: 38138K(38336K)->38138K(38336K) Class: 2814K(2944K)->2814K(2944K)
[91.799s][info][gc             ] GC(81) Pause Full (Allocation Failure) 906M->60M(455M) 194.344ms
[91.799s][info][gc,cpu         ] GC(81) User=0.20s Sys=0.05s Real=0.19s
[94.880s][info][gc,start       ] GC(82) Pause Young (Allocation Failure)
[94.886s][info][gc,heap        ] GC(82) PSYoungGen: 248832K(291328K)->3520K(252416K) Eden: 248832K(248832K)->0K(248832K) From: 0K(42496K)->3520K(3584K)
[94.886s][info][gc,heap        ] GC(82) ParOldGen: 61994K(175104K)->62002K(175104K)
[94.886s][info][gc,metaspace   ] GC(82) Metaspace: 41214K(41536K)->41214K(41536K) NonClass: 38399K(38592K)->38399K(38592K) Class: 2814K(2944K)->2814K(2944K)
[94.886s][info][gc             ] GC(82) Pause Young (Allocation Failure) 303M->63M(417M) 5.833ms
[94.886s][info][gc,cpu         ] GC(82) User=0.01s Sys=0.00s Real=0.01s
[96.393s][info][gc,start       ] GC(83) Pause Young (Allocation Failure)
[96.415s][info][gc,heap        ] GC(83) PSYoungGen: 252352K(252416K)->8192K(292352K) Eden: 248832K(248832K)->0K(251392K) From: 3520K(3584K)->8192K(40960K)
[96.415s][info][gc,heap        ] GC(83) ParOldGen: 62002K(175104K)->65368K(175104K)
[96.415s][info][gc,metaspace   ] GC(83) Metaspace: 41216K(41536K)->41216K(41536K) NonClass: 38401K(38592K)->38401K(38592K) Class: 2814K(2944K)->2814K(2944K)
[96.415s][info][gc             ] GC(83) Pause Young (Allocation Failure) 306M->71M(456M) 21.597ms
[96.415s][info][gc,cpu         ] GC(83) User=0.04s Sys=0.00s Real=0.02s
[98.162s][info][gc,start       ] GC(84) Pause Young (Allocation Failure)
[98.166s][info][gc,heap        ] GC(84) PSYoungGen: 259584K(292352K)->305K(289792K) Eden: 251392K(251392K)->0K(251392K) From: 8192K(40960K)->305K(38400K)
[98.166s][info][gc,heap        ] GC(84) ParOldGen: 65368K(175104K)->68061K(175104K)
[98.166s][info][gc,metaspace   ] GC(84) Metaspace: 41222K(41536K)->41222K(41536K) NonClass: 38407K(38592K)->38407K(38592K) Class: 2815K(2944K)->2815K(2944K)
[98.166s][info][gc             ] GC(84) Pause Young (Allocation Failure) 317M->66M(454M) 4.164ms
[98.166s][info][gc,cpu         ] GC(84) User=0.01s Sys=0.00s Real=0.01s
[99.765s][info][gc,start       ] GC(85) Pause Young (Allocation Failure)
[99.789s][info][gc,heap        ] GC(85) PSYoungGen: 251697K(289792K)->23273K(290304K) Eden: 251392K(251392K)->0K(252416K) From: 305K(38400K)->23273K(37888K)
[99.789s][info][gc,heap        ] GC(85) ParOldGen: 68061K(175104K)->68313K(175104K)
[99.789s][info][gc,metaspace   ] GC(85) Metaspace: 41223K(41600K)->41223K(41600K) NonClass: 38408K(38656K)->38408K(38656K) Class: 2815K(2944K)->2815K(2944K)
[99.789s][info][gc             ] GC(85) Pause Young (Allocation Failure) 312M->89M(454M) 24.085ms
[99.789s][info][gc,cpu         ] GC(85) User=0.04s Sys=0.00s Real=0.02s
[101.331s][info][gc,start       ] GC(86) Pause Young (Allocation Failure)
[101.372s][info][gc,heap        ] GC(86) PSYoungGen: 275689K(290304K)->22153K(292352K) Eden: 252416K(252416K)->0K(252416K) From: 23273K(37888K)->22153K(39936K)
[101.372s][info][gc,heap        ] GC(86) ParOldGen: 68313K(175104K)->91709K(175104K)
[101.372s][info][gc,metaspace   ] GC(86) Metaspace: 41224K(41600K)->41224K(41600K) NonClass: 38408K(38656K)->38408K(38656K) Class: 2815K(2944K)->2815K(2944K)
[101.372s][info][gc             ] GC(86) Pause Young (Allocation Failure) 335M->111M(456M) 40.621ms
[101.372s][info][gc,cpu         ] GC(86) User=0.08s Sys=0.00s Real=0.04s
[102.107s][info][gc,start       ] GC(87) Pause Young (Allocation Failure)
[102.158s][info][gc,heap        ] GC(87) PSYoungGen: 274569K(292352K)->36839K(280576K) Eden: 252416K(252416K)->0K(239616K) From: 22153K(39936K)->36839K(40960K)
[102.158s][info][gc,heap        ] GC(87) ParOldGen: 91709K(175104K)->113303K(175104K)
[102.158s][info][gc,metaspace   ] GC(87) Metaspace: 41228K(41600K)->41228K(41600K) NonClass: 38413K(38656K)->38413K(38656K) Class: 2815K(2944K)->2815K(2944K)
[102.158s][info][gc             ] GC(87) Pause Young (Allocation Failure) 357M->146M(445M) 51.474ms
[102.158s][info][gc,cpu         ] GC(87) User=0.10s Sys=0.00s Real=0.05s
[102.802s][info][gc,start       ] GC(88) Pause Young (Allocation Failure)
[102.864s][info][gc,heap        ] GC(88) PSYoungGen: 276455K(280576K)->29208K(269312K) Eden: 239616K(239616K)->0K(239616K) From: 36839K(40960K)->29208K(29696K)
[102.864s][info][gc,heap        ] GC(88) ParOldGen: 113303K(175104K)->149489K(175104K)
[102.864s][info][gc,metaspace   ] GC(88) Metaspace: 41229K(41600K)->41229K(41600K) NonClass: 38413K(38656K)->38413K(38656K) Class: 2815K(2944K)->2815K(2944K)
[102.864s][info][gc             ] GC(88) Pause Young (Allocation Failure) 380M->174M(434M) 62.865ms
[102.864s][info][gc,cpu         ] GC(88) User=0.12s Sys=0.00s Real=0.07s
[103.519s][info][gc,start       ] GC(89) Pause Young (Allocation Failure)
[103.601s][info][gc,heap        ] GC(89) PSYoungGen: 268824K(269312K)->29788K(280576K) Eden: 239616K(239616K)->0K(231424K) From: 29208K(29696K)->29788K(49152K)
[103.601s][info][gc,heap        ] GC(89) ParOldGen: 149489K(175104K)->177033K(177152K)
[103.601s][info][gc,metaspace   ] GC(89) Metaspace: 41229K(41600K)->41229K(41600K) NonClass: 38413K(38656K)->38413K(38656K) Class: 2815K(2944K)->2815K(2944K)
[103.601s][info][gc             ] GC(89) Pause Young (Allocation Failure) 408M->201M(447M) 81.873ms
[103.601s][info][gc,cpu         ] GC(89) User=0.12s Sys=0.00s Real=0.08s
[105.396s][info][gc,start       ] GC(90) Pause Young (Allocation Failure)
[105.440s][info][gc,heap        ] GC(90) PSYoungGen: 261212K(280576K)->9920K(282624K) Eden: 231424K(231424K)->0K(231424K) From: 29788K(49152K)->9920K(51200K)
[105.441s][info][gc,heap        ] GC(90) ParOldGen: 177033K(177152K)->206966K(207360K)
[105.441s][info][gc,metaspace   ] GC(90) Metaspace: 41239K(41600K)->41239K(41600K) NonClass: 38424K(38656K)->38424K(38656K) Class: 2815K(2944K)->2815K(2944K)
[105.441s][info][gc             ] GC(90) Pause Young (Allocation Failure) 427M->211M(478M) 44.388ms
[105.441s][info][gc,cpu         ] GC(90) User=0.06s Sys=0.03s Real=0.04s
[106.721s][info][gc,start       ] GC(91) Pause Young (Allocation Failure)
[106.737s][info][gc,heap        ] GC(91) PSYoungGen: 241344K(282624K)->5516K(279552K) Eden: 231424K(231424K)->0K(233472K) From: 9920K(51200K)->5516K(46080K)
[106.737s][info][gc,heap        ] GC(91) ParOldGen: 206966K(207360K)->212894K(212992K)
[106.737s][info][gc,metaspace   ] GC(91) Metaspace: 41240K(41600K)->41240K(41600K) NonClass: 38424K(38656K)->38424K(38656K) Class: 2815K(2944K)->2815K(2944K)
[106.737s][info][gc             ] GC(91) Pause Young (Allocation Failure) 437M->213M(481M) 16.203ms
[106.737s][info][gc,cpu         ] GC(91) User=0.03s Sys=0.00s Real=0.02s
[108.142s][info][gc,start       ] GC(92) Pause Young (Allocation Failure)
[108.173s][info][gc,heap        ] GC(92) PSYoungGen: 238988K(279552K)->25158K(281088K) Eden: 233472K(233472K)->0K(233472K) From: 5516K(46080K)->25158K(47616K)
[108.173s][info][gc,heap        ] GC(92) ParOldGen: 212894K(212992K)->218370K(218624K)
[108.173s][info][gc,metaspace   ] GC(92) Metaspace: 41240K(41600K)->41240K(41600K) NonClass: 38424K(38656K)->38424K(38656K) Class: 2815K(2944K)->2815K(2944K)
[108.173s][info][gc             ] GC(92) Pause Young (Allocation Failure) 441M->237M(488M) 31.770ms
[108.173s][info][gc,cpu         ] GC(92) User=0.06s Sys=0.00s Real=0.04s
[109.657s][info][gc,start       ] GC(93) Pause Young (Allocation Failure)
[109.711s][info][gc,heap        ] GC(93) PSYoungGen: 258630K(281088K)->22118K(284672K) Eden: 233472K(233472K)->0K(238080K) From: 25158K(47616K)->22118K(46592K)
[109.711s][info][gc,heap        ] GC(93) ParOldGen: 218370K(218624K)->243570K(243712K)
[109.711s][info][gc,metaspace   ] GC(93) Metaspace: 41241K(41600K)->41241K(41600K) NonClass: 38425K(38656K)->38425K(38656K) Class: 2815K(2944K)->2815K(2944K)
[109.711s][info][gc             ] GC(93) Pause Young (Allocation Failure) 465M->259M(516M) 53.230ms
[109.711s][info][gc,cpu         ] GC(93) User=0.08s Sys=0.02s Real=0.05s
[111.248s][info][gc,start       ] GC(94) Pause Young (Allocation Failure)
[111.300s][info][gc,heap        ] GC(94) PSYoungGen: 260198K(284672K)->27497K(285184K) Eden: 238080K(238080K)->0K(238080K) From: 22118K(46592K)->27497K(47104K)
[111.300s][info][gc,heap        ] GC(94) ParOldGen: 243570K(243712K)->265643K(265728K)
[111.300s][info][gc,metaspace   ] GC(94) Metaspace: 41262K(41664K)->41262K(41664K) NonClass: 38447K(38720K)->38447K(38720K) Class: 2815K(2944K)->2815K(2944K)
[111.301s][info][gc             ] GC(94) Pause Young (Allocation Failure) 491M->286M(538M) 52.256ms
[111.301s][info][gc,cpu         ] GC(94) User=0.09s Sys=0.01s Real=0.05s
[112.834s][info][gc,start       ] GC(95) Pause Young (Allocation Failure)
[112.884s][info][gc,heap        ] GC(95) PSYoungGen: 265577K(285184K)->15009K(283136K) Eden: 238080K(238080K)->0K(239104K) From: 27497K(47104K)->15009K(44032K)
[112.884s][info][gc,heap        ] GC(95) ParOldGen: 265643K(265728K)->284795K(285184K)
[112.884s][info][gc,metaspace   ] GC(95) Metaspace: 41266K(41664K)->41266K(41664K) NonClass: 38451K(38720K)->38451K(38720K) Class: 2815K(2944K)->2815K(2944K)
[112.884s][info][gc             ] GC(95) Pause Young (Allocation Failure) 518M->292M(555M) 49.870ms
[112.884s][info][gc,cpu         ] GC(95) User=0.08s Sys=0.01s Real=0.05s
[114.425s][info][gc,start       ] GC(96) Pause Young (Allocation Failure)
[114.439s][info][gc,heap        ] GC(96) PSYoungGen: 254113K(283136K)->14812K(284672K) Eden: 239104K(239104K)->0K(239104K) From: 15009K(44032K)->14812K(45568K)
[114.439s][info][gc,heap        ] GC(96) ParOldGen: 284795K(285184K)->285659K(285696K)
[114.439s][info][gc,metaspace   ] GC(96) Metaspace: 41280K(41664K)->41280K(41664K) NonClass: 38465K(38720K)->38465K(38720K) Class: 2815K(2944K)->2815K(2944K)
[114.439s][info][gc             ] GC(96) Pause Young (Allocation Failure) 526M->293M(557M) 13.871ms
[114.439s][info][gc,cpu         ] GC(96) User=0.02s Sys=0.00s Real=0.01s
[116.129s][info][gc,start       ] GC(97) Pause Young (Allocation Failure)
[116.136s][info][gc,heap        ] GC(97) PSYoungGen: 253916K(284672K)->4996K(287232K) Eden: 239104K(239104K)->0K(244224K) From: 14812K(45568K)->4996K(43008K)
[116.136s][info][gc,heap        ] GC(97) ParOldGen: 285659K(285696K)->286787K(287232K)
[116.136s][info][gc,metaspace   ] GC(97) Metaspace: 41294K(41664K)->41294K(41664K) NonClass: 38479K(38720K)->38479K(38720K) Class: 2815K(2944K)->2815K(2944K)
[116.136s][info][gc             ] GC(97) Pause Young (Allocation Failure) 526M->284M(561M) 7.385ms
[116.136s][info][gc,cpu         ] GC(97) User=0.01s Sys=0.00s Real=0.01s
[117.560s][info][gc,start       ] GC(98) Pause Young (Allocation Failure)
[117.565s][info][gc,heap        ] GC(98) PSYoungGen: 249220K(287232K)->3682K(287232K) Eden: 244224K(244224K)->0K(244224K) From: 4996K(43008K)->3682K(43008K)
[117.565s][info][gc,heap        ] GC(98) ParOldGen: 286787K(287232K)->288083K(288256K)
[117.565s][info][gc,metaspace   ] GC(98) Metaspace: 41303K(41664K)->41303K(41664K) NonClass: 38487K(38720K)->38487K(38720K) Class: 2815K(2944K)->2815K(2944K)
[117.565s][info][gc             ] GC(98) Pause Young (Allocation Failure) 523M->284M(562M) 4.855ms
[117.565s][info][gc,cpu         ] GC(98) User=0.01s Sys=0.00s Real=0.01s
[118.739s][info][gc,start       ] GC(99) Pause Young (Allocation Failure)
[118.764s][info][gc,heap        ] GC(99) PSYoungGen: 247906K(287232K)->28117K(287232K) Eden: 244224K(244224K)->0K(244736K) From: 3682K(43008K)->28117K(42496K)
[118.764s][info][gc,heap        ] GC(99) ParOldGen: 288083K(288256K)->289259K(289280K)
[118.764s][info][gc,metaspace   ] GC(99) Metaspace: 41318K(41664K)->41318K(41664K) NonClass: 38503K(38720K)->38503K(38720K) Class: 2815K(2944K)->2815K(2944K)
[118.764s][info][gc             ] GC(99) Pause Young (Allocation Failure) 523M->309M(563M) 25.106ms
[118.764s][info][gc,cpu         ] GC(99) User=0.05s Sys=0.00s Real=0.03s
[120.066s][info][gc,start       ] GC(100) Pause Young (Allocation Failure)
[120.075s][info][gc,heap        ] GC(100) PSYoungGen: 272853K(287232K)->6203K(289280K) Eden: 244736K(244736K)->0K(244736K) From: 28117K(42496K)->6203K(44544K)
[120.075s][info][gc,heap        ] GC(100) ParOldGen: 289259K(289280K)->290043K(290304K)
[120.075s][info][gc,metaspace   ] GC(100) Metaspace: 41322K(41728K)->41322K(41728K) NonClass: 38506K(38784K)->38506K(38784K) Class: 2815K(2944K)->2815K(2944K)
[120.075s][info][gc             ] GC(100) Pause Young (Allocation Failure) 548M->289M(566M) 8.212ms
[120.075s][info][gc,cpu         ] GC(100) User=0.01s Sys=0.00s Real=0.01s
[121.261s][info][gc,start       ] GC(101) Pause Young (Allocation Failure)
[121.269s][info][gc,heap        ] GC(101) PSYoungGen: 250939K(289280K)->7595K(285184K) Eden: 244736K(244736K)->0K(245760K) From: 6203K(44544K)->7595K(39424K)
[121.269s][info][gc,heap        ] GC(101) ParOldGen: 290043K(290304K)->291051K(291328K)
[121.269s][info][gc,metaspace   ] GC(101) Metaspace: 41326K(41728K)->41326K(41728K) NonClass: 38510K(38784K)->38510K(38784K) Class: 2815K(2944K)->2815K(2944K)
[121.269s][info][gc             ] GC(101) Pause Young (Allocation Failure) 528M->291M(563M) 8.450ms
[121.269s][info][gc,cpu         ] GC(101) User=0.02s Sys=0.00s Real=0.01s
[122.390s][info][gc,start       ] GC(102) Pause Young (Allocation Failure)
[122.401s][info][gc,heap        ] GC(102) PSYoungGen: 253355K(285184K)->9910K(287744K) Eden: 245760K(245760K)->0K(245760K) From: 7595K(39424K)->9910K(41984K)
[122.401s][info][gc,heap        ] GC(102) ParOldGen: 291051K(291328K)->292127K(292352K)
[122.401s][info][gc,metaspace   ] GC(102) Metaspace: 41330K(41728K)->41330K(41728K) NonClass: 38514K(38784K)->38514K(38784K) Class: 2815K(2944K)->2815K(2944K)
[122.401s][info][gc             ] GC(102) Pause Young (Allocation Failure) 531M->294M(566M) 10.710ms
[122.401s][info][gc,cpu         ] GC(102) User=0.02s Sys=0.00s Real=0.01s
[123.409s][info][gc,start       ] GC(103) Pause Young (Allocation Failure)
[123.426s][info][gc,heap        ] GC(103) PSYoungGen: 255670K(287744K)->14772K(287232K) Eden: 245760K(245760K)->0K(251904K) From: 9910K(41984K)->14772K(35328K)
[123.426s][info][gc,heap        ] GC(103) ParOldGen: 292127K(292352K)->293227K(293376K)
[123.426s][info][gc,metaspace   ] GC(103) Metaspace: 41335K(41728K)->41335K(41728K) NonClass: 38519K(38784K)->38519K(38784K) Class: 2815K(2944K)->2815K(2944K)
[123.426s][info][gc             ] GC(103) Pause Young (Allocation Failure) 534M->300M(567M) 17.152ms
[123.426s][info][gc,cpu         ] GC(103) User=0.03s Sys=0.00s Real=0.02s
[124.553s][info][gc,start       ] GC(104) Pause Young (Allocation Failure)
[124.570s][info][gc,heap        ] GC(104) PSYoungGen: 266676K(287232K)->20639K(289792K) Eden: 251904K(251904K)->0K(251904K) From: 14772K(35328K)->20639K(37888K)
[124.570s][info][gc,heap        ] GC(104) ParOldGen: 293227K(293376K)->294155K(294400K)
[124.570s][info][gc,metaspace   ] GC(104) Metaspace: 41354K(41728K)->41354K(41728K) NonClass: 38539K(38784K)->38539K(38784K) Class: 2815K(2944K)->2815K(2944K)
[124.570s][info][gc             ] GC(104) Pause Young (Allocation Failure) 546M->307M(570M) 17.748ms
[124.571s][info][gc,cpu         ] GC(104) User=0.03s Sys=0.00s Real=0.01s
[125.625s][info][gc,start       ] GC(105) Pause Young (Allocation Failure)
[125.679s][info][gc,heap        ] GC(105) PSYoungGen: 272543K(289792K)->33268K(286720K) Eden: 251904K(251904K)->0K(248832K) From: 20639K(37888K)->33268K(37888K)
[125.679s][info][gc,heap        ] GC(105) ParOldGen: 294155K(294400K)->307951K(308224K)
[125.679s][info][gc,metaspace   ] GC(105) Metaspace: 41355K(41728K)->41355K(41728K) NonClass: 38539K(38784K)->38539K(38784K) Class: 2815K(2944K)->2815K(2944K)
[125.679s][info][gc             ] GC(105) Pause Young (Allocation Failure) 553M->333M(581M) 53.875ms
[125.679s][info][gc,cpu         ] GC(105) User=0.09s Sys=0.02s Real=0.05s
[126.927s][info][gc,start       ] GC(106) Pause Young (Allocation Failure)
[127.015s][info][gc,heap        ] GC(106) PSYoungGen: 282100K(286720K)->42472K(291328K) Eden: 248832K(248832K)->0K(248832K) From: 33268K(37888K)->42472K(42496K)
[127.015s][info][gc,heap        ] GC(106) ParOldGen: 307951K(308224K)->335520K(335872K)
[127.015s][info][gc,metaspace   ] GC(106) Metaspace: 41374K(41728K)->41374K(41728K) NonClass: 38558K(38784K)->38558K(38784K) Class: 2815K(2944K)->2815K(2944K)
[127.015s][info][gc             ] GC(106) Pause Young (Allocation Failure) 576M->369M(612M) 88.155ms
[127.015s][info][gc,cpu         ] GC(106) User=0.15s Sys=0.03s Real=0.09s
[127.988s][info][gc,start       ] GC(107) Pause Young (Allocation Failure)
[128.055s][info][gc,heap        ] GC(107) PSYoungGen: 291304K(291328K)->7936K(259584K) Eden: 248832K(248832K)->0K(217088K) From: 42472K(42496K)->7936K(42496K)
[128.055s][info][gc,heap        ] GC(107) ParOldGen: 335520K(335872K)->371814K(372224K)
[128.055s][info][gc,metaspace   ] GC(107) Metaspace: 41374K(41728K)->41374K(41728K) NonClass: 38559K(38784K)->38559K(38784K) Class: 2815K(2944K)->2815K(2944K)
[128.055s][info][gc             ] GC(107) Pause Young (Allocation Failure) 612M->370M(617M) 66.255ms
[128.055s][info][gc,cpu         ] GC(107) User=0.09s Sys=0.04s Real=0.07s
[128.851s][info][gc,start       ] GC(108) Pause Young (Allocation Failure)
[128.885s][info][gc,heap        ] GC(108) PSYoungGen: 225024K(259584K)->16022K(275456K) Eden: 217088K(217088K)->0K(217088K) From: 7936K(42496K)->16022K(58368K)
[128.885s][info][gc,heap        ] GC(108) ParOldGen: 371814K(372224K)->378625K(378880K)
[128.885s][info][gc,metaspace   ] GC(108) Metaspace: 41397K(41792K)->41397K(41792K) NonClass: 38581K(38848K)->38581K(38848K) Class: 2815K(2944K)->2815K(2944K)
[128.885s][info][gc             ] GC(108) Pause Young (Allocation Failure) 582M->385M(639M) 34.378ms
[128.885s][info][gc,cpu         ] GC(108) User=0.06s Sys=0.01s Real=0.04s
[129.857s][info][gc,start       ] GC(109) Pause Young (Allocation Failure)
[129.874s][info][gc,heap        ] GC(109) PSYoungGen: 233110K(275456K)->8451K(269312K) Eden: 217088K(217088K)->0K(220160K) From: 16022K(58368K)->8451K(49152K)
[129.874s][info][gc,heap        ] GC(109) ParOldGen: 378625K(378880K)->387895K(388096K)
[129.874s][info][gc,metaspace   ] GC(109) Metaspace: 41397K(41792K)->41397K(41792K) NonClass: 38582K(38848K)->38582K(38848K) Class: 2815K(2944K)->2815K(2944K)
[129.874s][info][gc             ] GC(109) Pause Young (Allocation Failure) 597M->387M(642M) 17.206ms
[129.874s][info][gc,cpu         ] GC(109) User=0.03s Sys=0.01s Real=0.02s
[130.816s][info][gc,start       ] GC(110) Pause Young (Allocation Failure)
[130.844s][info][gc,heap        ] GC(110) PSYoungGen: 228611K(269312K)->43451K(273920K) Eden: 220160K(220160K)->0K(220160K) From: 8451K(49152K)->43451K(53760K)
[130.844s][info][gc,heap        ] GC(110) ParOldGen: 387895K(388096K)->388249K(388608K)
[130.844s][info][gc,metaspace   ] GC(110) Metaspace: 41399K(41792K)->41399K(41792K) NonClass: 38584K(38848K)->38584K(38848K) Class: 2815K(2944K)->2815K(2944K)
[130.844s][info][gc             ] GC(110) Pause Young (Allocation Failure) 602M->421M(647M) 28.233ms
[130.844s][info][gc,cpu         ] GC(110) User=0.06s Sys=0.00s Real=0.03s
[131.673s][info][gc,start       ] GC(111) Pause Young (Allocation Failure)
[131.691s][info][gc,heap        ] GC(111) PSYoungGen: 263611K(273920K)->26878K(275968K) Eden: 220160K(220160K)->0K(216576K) From: 43451K(53760K)->26878K(59392K)
[131.691s][info][gc,heap        ] GC(111) ParOldGen: 388249K(388608K)->388929K(389120K)
[131.691s][info][gc,metaspace   ] GC(111) Metaspace: 41400K(41792K)->41400K(41792K) NonClass: 38584K(38848K)->38584K(38848K) Class: 2815K(2944K)->2815K(2944K)
[131.691s][info][gc             ] GC(111) Pause Young (Allocation Failure) 636M->406M(649M) 17.704ms
[131.691s][info][gc,cpu         ] GC(111) User=0.04s Sys=0.00s Real=0.01s
[132.520s][info][gc,start       ] GC(112) Pause Young (Allocation Failure)
[132.540s][info][gc,heap        ] GC(112) PSYoungGen: 243454K(275968K)->27359K(244224K) Eden: 216576K(216576K)->0K(216576K) From: 26878K(59392K)->27359K(27648K)
[132.540s][info][gc,heap        ] GC(112) ParOldGen: 388929K(389120K)->389587K(389632K)
[132.540s][info][gc,metaspace   ] GC(112) Metaspace: 41400K(41792K)->41400K(41792K) NonClass: 38584K(38848K)->38584K(38848K) Class: 2815K(2944K)->2815K(2944K)
[132.540s][info][gc             ] GC(112) Pause Young (Allocation Failure) 617M->407M(619M) 20.672ms
[132.540s][info][gc,cpu         ] GC(112) User=0.04s Sys=0.00s Real=0.02s
[133.383s][info][gc,start       ] GC(113) Pause Young (Allocation Failure)
[133.432s][info][gc,heap        ] GC(113) PSYoungGen: 243935K(244224K)->56306K(251904K) Eden: 216576K(216576K)->0K(195584K) From: 27359K(27648K)->56306K(56320K)
[133.432s][info][gc,heap        ] GC(113) ParOldGen: 389587K(389632K)->399772K(399872K)
[133.432s][info][gc,metaspace   ] GC(113) Metaspace: 41400K(41792K)->41400K(41792K) NonClass: 38585K(38848K)->38585K(38848K) Class: 2815K(2944K)->2815K(2944K)
[133.432s][info][gc             ] GC(113) Pause Young (Allocation Failure) 618M->445M(636M) 48.433ms
[133.432s][info][gc,cpu         ] GC(113) User=0.09s Sys=0.01s Real=0.04s
[134.197s][info][gc,start       ] GC(114) Pause Young (Allocation Failure)
[134.279s][info][gc,heap        ] GC(114) PSYoungGen: 251890K(251904K)->47874K(243712K) Eden: 195584K(195584K)->0K(195584K) From: 56306K(56320K)->47874K(48128K)
[134.279s][info][gc,heap        ] GC(114) ParOldGen: 399772K(399872K)->444344K(444416K)
[134.279s][info][gc,metaspace   ] GC(114) Metaspace: 41401K(41792K)->41401K(41792K) NonClass: 38586K(38848K)->38586K(38848K) Class: 2815K(2944K)->2815K(2944K)
[134.279s][info][gc             ] GC(114) Pause Young (Allocation Failure) 636M->480M(672M) 81.945ms
[134.279s][info][gc,cpu         ] GC(114) User=0.12s Sys=0.03s Real=0.08s
[135.043s][info][gc,start       ] GC(115) Pause Young (Allocation Failure)
[135.106s][info][gc,heap        ] GC(115) PSYoungGen: 243458K(243712K)->38180K(262144K) Eden: 195584K(195584K)->0K(189440K) From: 47874K(48128K)->38180K(72704K)
[135.106s][info][gc,heap        ] GC(115) ParOldGen: 444344K(444416K)->477276K(477696K)
[135.106s][info][gc,metaspace   ] GC(115) Metaspace: 41404K(41792K)->41404K(41792K) NonClass: 38589K(38848K)->38589K(38848K) Class: 2815K(2944K)->2815K(2944K)
[135.106s][info][gc             ] GC(115) Pause Young (Allocation Failure) 671M->503M(722M) 63.389ms
[135.107s][info][gc,cpu         ] GC(115) User=0.10s Sys=0.03s Real=0.06s
[135.831s][info][gc,start       ] GC(116) Pause Young (Allocation Failure)
[135.843s][info][gc,heap        ] GC(116) PSYoungGen: 227620K(262144K)->12883K(202752K) Eden: 189440K(189440K)->0K(189440K) From: 38180K(72704K)->12883K(13312K)
[135.843s][info][gc,heap        ] GC(116) ParOldGen: 477276K(477696K)->478284K(478720K)
[135.843s][info][gc,metaspace   ] GC(116) Metaspace: 41409K(41792K)->41409K(41792K) NonClass: 38594K(38848K)->38594K(38848K) Class: 2815K(2944K)->2815K(2944K)
[135.843s][info][gc             ] GC(116) Pause Young (Allocation Failure) 688M->479M(665M) 11.595ms
[135.843s][info][gc,cpu         ] GC(116) User=0.02s Sys=0.00s Real=0.02s
[136.514s][info][gc,start       ] GC(117) Pause Young (Allocation Failure)
[136.523s][info][gc,heap        ] GC(117) PSYoungGen: 202323K(202752K)->9649K(260608K) Eden: 189440K(189440K)->0K(190464K) From: 12883K(13312K)->9649K(70144K)
[136.523s][info][gc,heap        ] GC(117) ParOldGen: 478284K(478720K)->479023K(479232K)
[136.523s][info][gc,metaspace   ] GC(117) Metaspace: 41413K(41792K)->41413K(41792K) NonClass: 38598K(38848K)->38598K(38848K) Class: 2815K(2944K)->2815K(2944K)
[136.523s][info][gc             ] GC(117) Pause Young (Allocation Failure) 664M->477M(722M) 8.492ms
[136.523s][info][gc,cpu         ] GC(117) User=0.01s Sys=0.00s Real=0.01s
[137.208s][info][gc,start       ] GC(118) Pause Young (Allocation Failure)
[137.215s][info][gc,heap        ] GC(118) PSYoungGen: 200113K(260608K)->6057K(259584K) Eden: 190464K(190464K)->0K(190464K) From: 9649K(70144K)->6057K(69120K)
[137.215s][info][gc,heap        ] GC(118) ParOldGen: 479023K(479232K)->479835K(480256K)
[137.215s][info][gc,metaspace   ] GC(118) Metaspace: 41413K(41792K)->41413K(41792K) NonClass: 38598K(38848K)->38598K(38848K) Class: 2815K(2944K)->2815K(2944K)
[137.215s][info][gc             ] GC(118) Pause Young (Allocation Failure) 663M->474M(722M) 7.243ms
[137.215s][info][gc,cpu         ] GC(118) User=0.01s Sys=0.00s Real=0.01s
[137.891s][info][gc,start       ] GC(119) Pause Young (Allocation Failure)
[137.895s][info][gc,heap        ] GC(119) PSYoungGen: 196521K(259584K)->2196K(263680K) Eden: 190464K(190464K)->0K(195072K) From: 6057K(69120K)->2196K(68608K)
[137.895s][info][gc,heap        ] GC(119) ParOldGen: 479835K(480256K)->480324K(480768K)
[137.895s][info][gc,metaspace   ] GC(119) Metaspace: 41418K(41792K)->41418K(41792K) NonClass: 38603K(38848K)->38603K(38848K) Class: 2815K(2944K)->2815K(2944K)
[137.895s][info][gc             ] GC(119) Pause Young (Allocation Failure) 660M->471M(727M) 4.072ms
[137.895s][info][gc,cpu         ] GC(119) User=0.01s Sys=0.00s Real=0.01s
[138.542s][info][gc,start       ] GC(120) Pause Young (Allocation Failure)
[138.558s][info][gc,heap        ] GC(120) PSYoungGen: 197268K(263680K)->22626K(218112K) Eden: 195072K(195072K)->0K(195072K) From: 2196K(68608K)->22626K(23040K)
[138.559s][info][gc,heap        ] GC(120) ParOldGen: 480324K(480768K)->480747K(480768K)
[138.559s][info][gc,metaspace   ] GC(120) Metaspace: 41420K(41792K)->41420K(41792K) NonClass: 38605K(38848K)->38605K(38848K) Class: 2815K(2944K)->2815K(2944K)
[138.559s][info][gc             ] GC(120) Pause Young (Allocation Failure) 661M->491M(682M) 16.527ms
[138.559s][info][gc,cpu         ] GC(120) User=0.03s Sys=0.00s Real=0.02s
[139.228s][info][gc,start       ] GC(121) Pause Young (Allocation Failure)
[139.252s][info][gc,heap        ] GC(121) PSYoungGen: 217698K(218112K)->748K(261120K) Eden: 195072K(195072K)->0K(197632K) From: 22626K(23040K)->748K(63488K)
[139.252s][info][gc,heap        ] GC(121) ParOldGen: 480747K(480768K)->502428K(502784K)
[139.252s][info][gc,metaspace   ] GC(121) Metaspace: 41420K(41792K)->41420K(41792K) NonClass: 38605K(38848K)->38605K(38848K) Class: 2815K(2944K)->2815K(2944K)
[139.252s][info][gc             ] GC(121) Pause Young (Allocation Failure) 682M->491M(746M) 24.232ms
[139.252s][info][gc,cpu         ] GC(121) User=0.03s Sys=0.02s Real=0.02s
[139.919s][info][gc,start       ] GC(122) Pause Young (Allocation Failure)
[139.926s][info][gc,heap        ] GC(122) PSYoungGen: 198380K(261120K)->4958K(260608K) Eden: 197632K(197632K)->0K(197632K) From: 748K(63488K)->4958K(62976K)
[139.926s][info][gc,heap        ] GC(122) ParOldGen: 502428K(502784K)->502444K(502784K)
[139.926s][info][gc,metaspace   ] GC(122) Metaspace: 41431K(41792K)->41431K(41792K) NonClass: 38615K(38848K)->38615K(38848K) Class: 2815K(2944K)->2815K(2944K)
[139.926s][info][gc             ] GC(122) Pause Young (Allocation Failure) 684M->495M(745M) 6.217ms
[139.926s][info][gc,cpu         ] GC(122) User=0.01s Sys=0.00s Real=0.01s
[140.283s][info][gc,start       ] GC(123) Pause Young (Allocation Failure)
[140.291s][info][gc,heap        ] GC(123) PSYoungGen: 202590K(260608K)->3694K(268800K) Eden: 197632K(197632K)->0K(209408K) From: 4958K(62976K)->3694K(59392K)
[140.291s][info][gc,heap        ] GC(123) ParOldGen: 502444K(502784K)->504512K(504832K)
[140.291s][info][gc,metaspace   ] GC(123) Metaspace: 41436K(41792K)->41436K(41792K) NonClass: 38620K(38848K)->38620K(38848K) Class: 2815K(2944K)->2815K(2944K)
[140.291s][info][gc             ] GC(123) Pause Young (Allocation Failure) 688M->496M(755M) 7.475ms
[140.291s][info][gc,cpu         ] GC(123) User=0.02s Sys=0.00s Real=0.00s
[140.658s][info][gc,start       ] GC(124) Pause Young (Allocation Failure)
[140.662s][info][gc,heap        ] GC(124) PSYoungGen: 213102K(268800K)->3054K(268800K) Eden: 209408K(209408K)->0K(209408K) From: 3694K(59392K)->3054K(59392K)
[140.662s][info][gc,heap        ] GC(124) ParOldGen: 504512K(504832K)->504616K(504832K)
[140.662s][info][gc,metaspace   ] GC(124) Metaspace: 41446K(41792K)->41446K(41792K) NonClass: 38630K(38848K)->38630K(38848K) Class: 2815K(2944K)->2815K(2944K)
[140.662s][info][gc             ] GC(124) Pause Young (Allocation Failure) 700M->495M(755M) 4.398ms
[140.662s][info][gc,cpu         ] GC(124) User=0.01s Sys=0.00s Real=0.00s
[141.094s][info][gc,start       ] GC(125) Pause Young (Allocation Failure)
[141.103s][info][gc,heap        ] GC(125) PSYoungGen: 211895K(268800K)->10613K(268800K) Eden: 208840K(209408K)->0K(216576K) From: 3054K(59392K)->10613K(52224K)
[141.103s][info][gc,heap        ] GC(125) ParOldGen: 504616K(504832K)->504876K(505344K)
[141.103s][info][gc,metaspace   ] GC(125) Metaspace: 41485K(41856K)->41485K(41856K) NonClass: 38670K(38912K)->38670K(38912K) Class: 2815K(2944K)->2815K(2944K)
[141.103s][info][gc             ] GC(125) Pause Young (Allocation Failure) 699M->503M(756M) 9.280ms
[141.103s][info][gc,cpu         ] GC(125) User=0.02s Sys=0.00s Real=0.01s
[141.419s][info][gc,start       ] GC(126) Pause Young (Allocation Failure)
[141.439s][info][gc,heap        ] GC(126) PSYoungGen: 226815K(268800K)->2149K(270848K) Eden: 216202K(216576K)->0K(216576K) From: 10613K(52224K)->2149K(54272K)
[141.439s][info][gc,heap        ] GC(126) ParOldGen: 504876K(505344K)->515273K(515584K)
[141.439s][info][gc,metaspace   ] GC(126) Metaspace: 41485K(41856K)->41485K(41856K) NonClass: 38670K(38912K)->38670K(38912K) Class: 2815K(2944K)->2815K(2944K)
[141.439s][info][gc             ] GC(126) Pause Young (Allocation Failure) 714M->505M(768M) 20.024ms
[141.439s][info][gc,cpu         ] GC(126) User=0.03s Sys=0.01s Real=0.02s
[141.768s][info][gc,start       ] GC(127) Pause Young (Allocation Failure)
[141.779s][info][gc,heap        ] GC(127) PSYoungGen: 218725K(270848K)->2128K(274944K) Eden: 216576K(216576K)->0K(226816K) From: 2149K(54272K)->2128K(48128K)
[141.779s][info][gc,heap        ] GC(127) ParOldGen: 515273K(515584K)->517358K(517632K)
[141.779s][info][gc,metaspace   ] GC(127) Metaspace: 41487K(41856K)->41487K(41856K) NonClass: 38672K(38912K)->38672K(38912K) Class: 2815K(2944K)->2815K(2944K)
[141.779s][info][gc             ] GC(127) Pause Young (Allocation Failure) 716M->507M(774M) 10.946ms
[141.779s][info][gc,cpu         ] GC(127) User=0.02s Sys=0.01s Real=0.01s
[142.126s][info][gc,start       ] GC(128) Pause Young (Allocation Failure)
[142.138s][info][gc,heap        ] GC(128) PSYoungGen: 228944K(274944K)->2837K(277504K) Eden: 226816K(226816K)->0K(226816K) From: 2128K(48128K)->2837K(50688K)
[142.138s][info][gc,heap        ] GC(128) ParOldGen: 517358K(517632K)->519441K(519680K)
[142.138s][info][gc,metaspace   ] GC(128) Metaspace: 41488K(41856K)->41488K(41856K) NonClass: 38673K(38912K)->38673K(38912K) Class: 2815K(2944K)->2815K(2944K)
[142.138s][info][gc             ] GC(128) Pause Young (Allocation Failure) 728M->510M(778M) 11.870ms
[142.138s][info][gc,cpu         ] GC(128) User=0.02s Sys=0.00s Real=0.01s
[142.518s][info][gc,start       ] GC(129) Pause Young (Allocation Failure)
[142.532s][info][gc,heap        ] GC(129) PSYoungGen: 228146K(277504K)->8309K(276480K) Eden: 225309K(226816K)->0K(234496K) From: 2837K(50688K)->8309K(41984K)
[142.532s][info][gc,heap        ] GC(129) ParOldGen: 519441K(519680K)->522192K(522240K)
[142.532s][info][gc,metaspace   ] GC(129) Metaspace: 41512K(41856K)->41512K(41856K) NonClass: 38696K(38912K)->38696K(38912K) Class: 2815K(2944K)->2815K(2944K)
[142.533s][info][gc             ] GC(129) Pause Young (Allocation Failure) 730M->518M(780M) 14.414ms
[142.533s][info][gc,cpu         ] GC(129) User=0.02s Sys=0.00s Real=0.02s
[142.922s][info][gc,start       ] GC(130) Pause Young (Allocation Failure)
[142.943s][info][gc,heap        ] GC(130) PSYoungGen: 242805K(276480K)->7104K(280064K) Eden: 234496K(234496K)->0K(234496K) From: 8309K(41984K)->7104K(45568K)
[142.943s][info][gc,heap        ] GC(130) ParOldGen: 522192K(522240K)->530564K(530944K)
[142.943s][info][gc,metaspace   ] GC(130) Metaspace: 41515K(41856K)->41515K(41856K) NonClass: 38700K(38912K)->38700K(38912K) Class: 2815K(2944K)->2815K(2944K)
[142.943s][info][gc             ] GC(130) Pause Young (Allocation Failure) 747M->525M(792M) 20.855ms
[142.943s][info][gc,cpu         ] GC(130) User=0.04s Sys=0.01s Real=0.03s
[143.317s][info][gc,start       ] GC(131) Pause Young (Allocation Failure)
[143.343s][info][gc,heap        ] GC(131) PSYoungGen: 241600K(280064K)->9295K(281088K) Eden: 234496K(234496K)->0K(245248K) From: 7104K(45568K)->9295K(35840K)
[143.343s][info][gc,heap        ] GC(131) ParOldGen: 530564K(530944K)->537807K(538112K)
[143.343s][info][gc,metaspace   ] GC(131) Metaspace: 41540K(41856K)->41540K(41856K) NonClass: 38724K(38912K)->38724K(38912K) Class: 2815K(2944K)->2815K(2944K)
[143.343s][info][gc             ] GC(131) Pause Young (Allocation Failure) 754M->534M(800M) 25.458ms
[143.343s][info][gc,cpu         ] GC(131) User=0.04s Sys=0.00s Real=0.03s
[144.145s][info][gc,start       ] GC(132) Pause Young (Allocation Failure)
[144.163s][info][gc,heap        ] GC(132) PSYoungGen: 254543K(281088K)->10417K(285184K) Eden: 245248K(245248K)->0K(245248K) From: 9295K(35840K)->10417K(39936K)
[144.163s][info][gc,heap        ] GC(132) ParOldGen: 537807K(538112K)->543290K(543744K)
[144.163s][info][gc,metaspace   ] GC(132) Metaspace: 41580K(41920K)->41580K(41920K) NonClass: 38764K(38976K)->38764K(38976K) Class: 2815K(2944K)->2815K(2944K)
[144.163s][info][gc             ] GC(132) Pause Young (Allocation Failure) 773M->540M(809M) 18.333ms
[144.163s][info][gc,cpu         ] GC(132) User=0.04s Sys=0.00s Real=0.02s
[144.830s][info][gc,start       ] GC(133) Pause Young (Allocation Failure)
[144.845s][info][gc,heap        ] GC(133) PSYoungGen: 255665K(285184K)->289K(290304K) Eden: 245248K(245248K)->0K(256512K) From: 10417K(39936K)->289K(33792K)
[144.845s][info][gc,heap        ] GC(133) ParOldGen: 543290K(543744K)->553933K(553984K)
[144.845s][info][gc,metaspace   ] GC(133) Metaspace: 41586K(41920K)->41586K(41920K) NonClass: 38770K(38976K)->38770K(38976K) Class: 2815K(2944K)->2815K(2944K)
[144.845s][info][gc             ] GC(133) Pause Young (Allocation Failure) 780M->541M(824M) 15.303ms
[144.845s][info][gc,cpu         ] GC(133) User=0.03s Sys=0.01s Real=0.02s
[145.525s][info][gc,start       ] GC(134) Pause Young (Allocation Failure)
[145.530s][info][gc,heap        ] GC(134) PSYoungGen: 256801K(290304K)->352K(292864K) Eden: 256512K(256512K)->0K(256512K) From: 289K(33792K)->352K(36352K)
[145.530s][info][gc,heap        ] GC(134) ParOldGen: 553933K(553984K)->554110K(554496K)
[145.530s][info][gc,metaspace   ] GC(134) Metaspace: 41590K(41920K)->41590K(41920K) NonClass: 38774K(38976K)->38774K(38976K) Class: 2815K(2944K)->2815K(2944K)
[145.530s][info][gc             ] GC(134) Pause Young (Allocation Failure) 791M->541M(827M) 4.135ms
[145.530s][info][gc,cpu         ] GC(134) User=0.01s Sys=0.00s Real=0.00s
[146.185s][info][gc,start       ] GC(135) Pause Young (Allocation Failure)
[146.188s][info][gc,heap        ] GC(135) PSYoungGen: 256864K(292864K)->1920K(293376K) Eden: 256512K(256512K)->0K(262144K) From: 352K(36352K)->1920K(31232K)
[146.188s][info][gc,heap        ] GC(135) ParOldGen: 554110K(554496K)->554110K(554496K)
[146.189s][info][gc,metaspace   ] GC(135) Metaspace: 41590K(41920K)->41590K(41920K) NonClass: 38774K(38976K)->38774K(38976K) Class: 2815K(2944K)->2815K(2944K)
[146.189s][info][gc             ] GC(135) Pause Young (Allocation Failure) 791M->542M(828M) 3.981ms
[146.189s][info][gc,cpu         ] GC(135) User=0.00s Sys=0.00s Real=0.00s
[146.954s][info][gc,start       ] GC(136) Pause Young (Allocation Failure)
[146.963s][info][gc,heap        ] GC(136) PSYoungGen: 264064K(293376K)->6962K(295936K) Eden: 262144K(262144K)->0K(262144K) From: 1920K(31232K)->6962K(33792K)
[146.963s][info][gc,heap        ] GC(136) ParOldGen: 554110K(554496K)->554174K(554496K)
[146.963s][info][gc,metaspace   ] GC(136) Metaspace: 41595K(41920K)->41595K(41920K) NonClass: 38780K(38976K)->38780K(38976K) Class: 2815K(2944K)->2815K(2944K)
[146.963s][info][gc             ] GC(136) Pause Young (Allocation Failure) 798M->547M(830M) 8.888ms
[146.963s][info][gc,cpu         ] GC(136) User=0.02s Sys=0.00s Real=0.01s
[147.855s][info][gc,start       ] GC(137) Pause Young (Allocation Failure)
[147.865s][info][gc,heap        ] GC(137) PSYoungGen: 269106K(295936K)->2994K(297984K) Eden: 262144K(262144K)->0K(268800K) From: 6962K(33792K)->2994K(29184K)
[147.865s][info][gc,heap        ] GC(137) ParOldGen: 554174K(554496K)->554294K(554496K)
[147.865s][info][gc,metaspace   ] GC(137) Metaspace: 41614K(42048K)->41614K(42048K) NonClass: 38799K(39104K)->38799K(39104K) Class: 2815K(2944K)->2815K(2944K)
[147.865s][info][gc             ] GC(137) Pause Young (Allocation Failure) 803M->544M(832M) 9.439ms
[147.865s][info][gc,cpu         ] GC(137) User=0.02s Sys=0.00s Real=0.01s
[149.415s][info][gc,start       ] GC(138) Pause Young (Allocation Failure)
[149.433s][info][gc,heap        ] GC(138) PSYoungGen: 271794K(297984K)->14801K(299008K) Eden: 268800K(268800K)->0K(268800K) From: 2994K(29184K)->14801K(30208K)
[149.433s][info][gc,heap        ] GC(138) ParOldGen: 554294K(554496K)->557032K(557056K)
[149.433s][info][gc,metaspace   ] GC(138) Metaspace: 41729K(42112K)->41729K(42112K) NonClass: 38913K(39168K)->38913K(39168K) Class: 2815K(2944K)->2815K(2944K)
[149.433s][info][gc             ] GC(138) Pause Young (Allocation Failure) 806M->558M(836M) 17.637ms
[149.433s][info][gc,cpu         ] GC(138) User=0.03s Sys=0.00s Real=0.02s
[150.165s][info][gc,start       ] GC(139) Pause Young (Allocation Failure)
[150.221s][info][gc,heap        ] GC(139) PSYoungGen: 283601K(299008K)->30270K(291840K) Eden: 268800K(268800K)->0K(261120K) From: 14801K(30208K)->30270K(30720K)
[150.221s][info][gc,heap        ] GC(139) ParOldGen: 557032K(557056K)->571175K(571392K)
[150.221s][info][gc,metaspace   ] GC(139) Metaspace: 41735K(42112K)->41735K(42112K) NonClass: 38919K(39168K)->38919K(39168K) Class: 2815K(2944K)->2815K(2944K)
[150.221s][info][gc             ] GC(139) Pause Young (Allocation Failure) 820M->587M(843M) 56.258ms
[150.221s][info][gc,cpu         ] GC(139) User=0.08s Sys=0.02s Real=0.05s
[151.247s][info][gc,start       ] GC(140) Pause Young (Allocation Failure)
[151.321s][info][gc,heap        ] GC(140) PSYoungGen: 291390K(291840K)->27768K(289280K) Eden: 261120K(261120K)->0K(261120K) From: 30270K(30720K)->27768K(28160K)
[151.321s][info][gc,heap        ] GC(140) ParOldGen: 571175K(571392K)->600280K(600576K)
[151.321s][info][gc,metaspace   ] GC(140) Metaspace: 41739K(42112K)->41739K(42112K) NonClass: 38924K(39168K)->38924K(39168K) Class: 2815K(2944K)->2815K(2944K)
[151.321s][info][gc             ] GC(140) Pause Young (Allocation Failure) 842M->613M(869M) 74.022ms
[151.321s][info][gc,cpu         ] GC(140) User=0.12s Sys=0.02s Real=0.07s
[155.254s][info][gc,start       ] GC(141) Pause Young (Allocation Failure)
[155.327s][info][gc,heap        ] GC(141) PSYoungGen: 288888K(289280K)->28208K(287232K) Eden: 261120K(261120K)->0K(246784K) From: 27768K(28160K)->28208K(40448K)
[155.327s][info][gc,heap        ] GC(141) ParOldGen: 600280K(600576K)->626285K(626688K)
[155.327s][info][gc,metaspace   ] GC(141) Metaspace: 41748K(42112K)->41748K(42112K) NonClass: 38933K(39168K)->38933K(39168K) Class: 2815K(2944K)->2815K(2944K)
[155.327s][info][gc             ] GC(141) Pause Young (Allocation Failure) 868M->639M(892M) 73.185ms
[155.327s][info][gc,cpu         ] GC(141) User=0.12s Sys=0.02s Real=0.07s
[156.371s][info][gc,start       ] GC(142) Pause Young (Allocation Failure)
[156.418s][info][gc,heap        ] GC(142) PSYoungGen: 274992K(287232K)->6538K(290304K) Eden: 246784K(246784K)->0K(246784K) From: 28208K(40448K)->6538K(43520K)
[156.418s][info][gc,heap        ] GC(142) ParOldGen: 626285K(626688K)->654602K(654848K)
[156.418s][info][gc,metaspace   ] GC(142) Metaspace: 41806K(42176K)->41806K(42176K) NonClass: 38991K(39232K)->38991K(39232K) Class: 2815K(2944K)->2815K(2944K)
[156.418s][info][gc             ] GC(142) Pause Young (Allocation Failure) 880M->645M(923M) 46.570ms
[156.418s][info][gc,cpu         ] GC(142) User=0.06s Sys=0.03s Real=0.05s
[157.096s][info][gc,start       ] GC(143) Pause Full (Allocation Failure)
[157.096s][info][gc,phases,start] GC(143) Marking Phase
[157.192s][info][gc,phases      ] GC(143) Marking Phase 96.221ms
[157.192s][info][gc,phases,start] GC(143) Summary Phase
[157.192s][info][gc,phases      ] GC(143) Summary Phase 0.033ms
[157.192s][info][gc,phases,start] GC(143) Forward
[157.210s][info][gc,phases      ] GC(143) Forward 18.223ms
[157.210s][info][gc,phases,start] GC(143) Adjust Pointers
[157.263s][info][gc,phases      ] GC(143) Adjust Pointers 52.429ms
[157.263s][info][gc,phases,start] GC(143) Compaction Phase
[157.283s][info][gc,phases      ] GC(143) Compaction Phase 20.497ms
[157.284s][info][gc,phases,start] GC(143) Post Compact
[157.287s][info][gc,phases      ] GC(143) Post Compact 3.790ms
[157.326s][info][gc,heap        ] GC(143) PSYoungGen: 253322K(290304K)->0K(289280K) Eden: 246784K(246784K)->0K(248832K) From: 6538K(43520K)->0K(40448K)
[157.326s][info][gc,heap        ] GC(143) ParOldGen: 654602K(654848K)->82918K(198656K)
[157.326s][info][gc,metaspace   ] GC(143) Metaspace: 41806K(42176K)->41806K(42176K) NonClass: 38991K(39232K)->38991K(39232K) Class: 2815K(2944K)->2815K(2944K)
[157.326s][info][gc             ] GC(143) Pause Full (Allocation Failure) 886M->80M(476M) 230.687ms
[157.326s][info][gc,cpu         ] GC(143) User=0.29s Sys=0.04s Real=0.23s
[157.989s][info][gc,start       ] GC(144) Pause Young (Allocation Failure)
[158.019s][info][gc,heap        ] GC(144) PSYoungGen: 248832K(289280K)->30360K(279552K) Eden: 248832K(248832K)->0K(248832K) From: 0K(40448K)->30360K(30720K)
[158.019s][info][gc,heap        ] GC(144) ParOldGen: 82918K(198656K)->82918K(198656K)
[158.019s][info][gc,metaspace   ] GC(144) Metaspace: 41806K(42176K)->41806K(42176K) NonClass: 38991K(39232K)->38991K(39232K) Class: 2815K(2944K)->2815K(2944K)
[158.019s][info][gc             ] GC(144) Pause Young (Allocation Failure) 323M->110M(467M) 30.668ms
[158.019s][info][gc,cpu         ] GC(144) User=0.06s Sys=0.00s Real=0.03s
[159.036s][info][gc,start       ] GC(145) Pause Young (Allocation Failure)
[159.114s][info][gc,heap        ] GC(145) PSYoungGen: 279192K(279552K)->43539K(273408K) Eden: 248832K(248832K)->0K(228352K) From: 30360K(30720K)->43539K(45056K)
[159.114s][info][gc,heap        ] GC(145) ParOldGen: 82918K(198656K)->114983K(198656K)
[159.114s][info][gc,metaspace   ] GC(145) Metaspace: 41806K(42176K)->41806K(42176K) NonClass: 38991K(39232K)->38991K(39232K) Class: 2815K(2944K)->2815K(2944K)
[159.114s][info][gc             ] GC(145) Pause Young (Allocation Failure) 353M->154M(461M) 78.093ms
[159.114s][info][gc,cpu         ] GC(145) User=0.15s Sys=0.00s Real=0.08s
[160.801s][info][gc,start       ] GC(146) Pause Young (Allocation Failure)
[160.830s][info][gc,heap        ] GC(146) PSYoungGen: 271891K(273408K)->11130K(281088K) Eden: 228352K(228352K)->0K(228352K) From: 43539K(45056K)->11130K(52736K)
[160.830s][info][gc,heap        ] GC(146) ParOldGen: 114983K(198656K)->139148K(198656K)
[160.830s][info][gc,metaspace   ] GC(146) Metaspace: 41807K(42176K)->41807K(42176K) NonClass: 38991K(39232K)->38991K(39232K) Class: 2815K(2944K)->2815K(2944K)
[160.830s][info][gc             ] GC(146) Pause Young (Allocation Failure) 377M->146M(468M) 29.318ms
[160.830s][info][gc,cpu         ] GC(146) User=0.05s Sys=0.00s Real=0.03s
[162.243s][info][gc,start       ] GC(147) Pause Young (Allocation Failure)
[162.250s][info][gc,heap        ] GC(147) PSYoungGen: 239482K(281088K)->288K(278016K) Eden: 228352K(228352K)->0K(230400K) From: 11130K(52736K)->288K(47616K)
[162.250s][info][gc,heap        ] GC(147) ParOldGen: 139148K(198656K)->147989K(198656K)
[162.250s][info][gc,metaspace   ] GC(147) Metaspace: 41809K(42176K)->41809K(42176K) NonClass: 38993K(39232K)->38993K(39232K) Class: 2815K(2944K)->2815K(2944K)
[162.250s][info][gc             ] GC(147) Pause Young (Allocation Failure) 369M->144M(465M) 6.883ms
[162.250s][info][gc,cpu         ] GC(147) User=0.02s Sys=0.00s Real=0.00s
[163.767s][info][gc,start       ] GC(148) Pause Young (Allocation Failure)
[163.789s][info][gc,heap        ] GC(148) PSYoungGen: 230688K(278016K)->20081K(280576K) Eden: 230400K(230400K)->0K(230400K) From: 288K(47616K)->20081K(50176K)
[163.789s][info][gc,heap        ] GC(148) ParOldGen: 147989K(198656K)->148250K(198656K)
[163.789s][info][gc,metaspace   ] GC(148) Metaspace: 41809K(42176K)->41809K(42176K) NonClass: 38993K(39232K)->38993K(39232K) Class: 2815K(2944K)->2815K(2944K)
[163.789s][info][gc             ] GC(148) Pause Young (Allocation Failure) 369M->164M(468M) 21.568ms
[163.789s][info][gc,cpu         ] GC(148) User=0.04s Sys=0.00s Real=0.02s
[165.216s][info][gc,start       ] GC(149) Pause Young (Allocation Failure)
[165.253s][info][gc,heap        ] GC(149) PSYoungGen: 250481K(280576K)->21981K(282112K) Eden: 230400K(230400K)->0K(235520K) From: 20081K(50176K)->21981K(46592K)
[165.253s][info][gc,heap        ] GC(149) ParOldGen: 148250K(198656K)->168473K(198656K)
[165.253s][info][gc,metaspace   ] GC(149) Metaspace: 41809K(42176K)->41809K(42176K) NonClass: 38993K(39232K)->38993K(39232K) Class: 2815K(2944K)->2815K(2944K)
[165.253s][info][gc             ] GC(149) Pause Young (Allocation Failure) 389M->185M(469M) 37.216ms
[165.253s][info][gc,cpu         ] GC(149) User=0.07s Sys=0.00s Real=0.04s
[166.269s][info][gc,start       ] GC(150) Pause Young (Allocation Failure)
[166.314s][info][gc,heap        ] GC(150) PSYoungGen: 257501K(282112K)->30894K(283136K) Eden: 235520K(235520K)->0K(235520K) From: 21981K(46592K)->30894K(47616K)
[166.314s][info][gc,heap        ] GC(150) ParOldGen: 168473K(198656K)->190476K(198656K)
[166.314s][info][gc,metaspace   ] GC(150) Metaspace: 41809K(42176K)->41809K(42176K) NonClass: 38993K(39232K)->38993K(39232K) Class: 2815K(2944K)->2815K(2944K)
[166.314s][info][gc             ] GC(150) Pause Young (Allocation Failure) 415M->216M(470M) 44.981ms
[166.314s][info][gc,cpu         ] GC(150) User=0.08s Sys=0.00s Real=0.05s
[166.973s][info][gc,start       ] GC(151) Pause Young (Allocation Failure)
[167.039s][info][gc,heap        ] GC(151) PSYoungGen: 266414K(283136K)->29356K(282112K) Eden: 235520K(235520K)->0K(232448K) From: 30894K(47616K)->29356K(49664K)
[167.039s][info][gc,heap        ] GC(151) ParOldGen: 190476K(198656K)->221082K(221184K)
[167.039s][info][gc,metaspace   ] GC(151) Metaspace: 41809K(42176K)->41809K(42176K) NonClass: 38993K(39232K)->38993K(39232K) Class: 2815K(2944K)->2815K(2944K)
[167.039s][info][gc             ] GC(151) Pause Young (Allocation Failure) 446M->244M(491M) 66.464ms
[167.039s][info][gc,cpu         ] GC(151) User=0.12s Sys=0.01s Real=0.06s
[167.615s][info][gc,start       ] GC(152) Pause Young (Allocation Failure)
[167.692s][info][gc,heap        ] GC(152) PSYoungGen: 261655K(282112K)->26616K(283136K) Eden: 232299K(232448K)->0K(232448K) From: 29356K(49664K)->26616K(50688K)
[167.692s][info][gc,heap        ] GC(152) ParOldGen: 221082K(221184K)->250634K(250880K)
[167.692s][info][gc,metaspace   ] GC(152) Metaspace: 41809K(42176K)->41809K(42176K) NonClass: 38993K(39232K)->38993K(39232K) Class: 2815K(2944K)->2815K(2944K)
[167.692s][info][gc             ] GC(152) Pause Young (Allocation Failure) 471M->270M(521M) 77.303ms
[167.693s][info][gc,cpu         ] GC(152) User=0.13s Sys=0.02s Real=0.08s
[169.424s][info][gc,start       ] GC(153) Pause Young (Allocation Failure)
[169.493s][info][gc,heap        ] GC(153) PSYoungGen: 259064K(283136K)->20112K(276992K) Eden: 232448K(232448K)->0K(232448K) From: 26616K(50688K)->20112K(44544K)
[169.493s][info][gc,heap        ] GC(153) ParOldGen: 250634K(250880K)->277195K(277504K)
[169.493s][info][gc,metaspace   ] GC(153) Metaspace: 41809K(42176K)->41809K(42176K) NonClass: 38993K(39232K)->38993K(39232K) Class: 2815K(2944K)->2815K(2944K)
[169.493s][info][gc             ] GC(153) Pause Young (Allocation Failure) 497M->290M(541M) 69.229ms
[169.493s][info][gc,cpu         ] GC(153) User=0.11s Sys=0.03s Real=0.07s
[170.628s][info][gc,start       ] GC(154) Pause Young (Allocation Failure)
[170.658s][info][gc,heap        ] GC(154) PSYoungGen: 252560K(276992K)->8801K(280064K) Eden: 232448K(232448K)->0K(232448K) From: 20112K(44544K)->8801K(47616K)
[170.658s][info][gc,heap        ] GC(154) ParOldGen: 277195K(277504K)->297419K(297472K)
[170.658s][info][gc,metaspace   ] GC(154) Metaspace: 41809K(42176K)->41809K(42176K) NonClass: 38993K(39232K)->38993K(39232K) Class: 2815K(2944K)->2815K(2944K)
[170.658s][info][gc             ] GC(154) Pause Young (Allocation Failure) 517M->299M(564M) 30.217ms
[170.658s][info][gc,cpu         ] GC(154) User=0.03s Sys=0.02s Real=0.03s
[172.059s][info][gc,start       ] GC(155) Pause Young (Allocation Failure)
[172.068s][info][gc,heap        ] GC(155) PSYoungGen: 241249K(280064K)->1964K(285184K) Eden: 232448K(232448K)->0K(239616K) From: 8801K(47616K)->1964K(45568K)
[172.068s][info][gc,heap        ] GC(155) ParOldGen: 297419K(297472K)->303149K(303616K)
[172.068s][info][gc,metaspace   ] GC(155) Metaspace: 41809K(42176K)->41809K(42176K) NonClass: 38993K(39232K)->38993K(39232K) Class: 2815K(2944K)->2815K(2944K)
[172.068s][info][gc             ] GC(155) Pause Young (Allocation Failure) 526M->297M(575M) 9.170ms
[172.068s][info][gc,cpu         ] GC(155) User=0.02s Sys=0.00s Real=0.01s
[173.544s][info][gc,start       ] GC(156) Pause Young (Allocation Failure)
[173.570s][info][gc,heap        ] GC(156) PSYoungGen: 241580K(285184K)->22245K(286208K) Eden: 239616K(239616K)->0K(239616K) From: 1964K(45568K)->22245K(46592K)
[173.570s][info][gc,heap        ] GC(156) ParOldGen: 303149K(303616K)->305076K(305152K)
[173.570s][info][gc,metaspace   ] GC(156) Metaspace: 41809K(42176K)->41809K(42176K) NonClass: 38993K(39232K)->38993K(39232K) Class: 2815K(2944K)->2815K(2944K)
[173.570s][info][gc             ] GC(156) Pause Young (Allocation Failure) 531M->319M(577M) 26.172ms
[173.570s][info][gc,cpu         ] GC(156) User=0.05s Sys=0.00s Real=0.02s
[174.985s][info][gc,start       ] GC(157) Pause Young (Allocation Failure)
[175.035s][info][gc,heap        ] GC(157) PSYoungGen: 261861K(286208K)->22734K(286208K) Eden: 239616K(239616K)->0K(241664K) From: 22245K(46592K)->22734K(44544K)
[175.035s][info][gc,heap        ] GC(157) ParOldGen: 305076K(305152K)->327385K(327680K)
[175.035s][info][gc,metaspace   ] GC(157) Metaspace: 41809K(42176K)->41809K(42176K) NonClass: 38993K(39232K)->38993K(39232K) Class: 2815K(2944K)->2815K(2944K)
[175.035s][info][gc             ] GC(157) Pause Young (Allocation Failure) 553M->341M(599M) 50.547ms
[175.035s][info][gc,cpu         ] GC(157) User=0.09s Sys=0.02s Real=0.05s
[176.110s][info][gc,start       ] GC(158) Pause Young (Allocation Failure)
[176.151s][info][gc,heap        ] GC(158) PSYoungGen: 264398K(286208K)->14301K(286720K) Eden: 241664K(241664K)->0K(241664K) From: 22734K(44544K)->14301K(45056K)
[176.151s][info][gc,heap        ] GC(158) ParOldGen: 327385K(327680K)->350177K(350208K)
[176.151s][info][gc,metaspace   ] GC(158) Metaspace: 41825K(42176K)->41825K(42176K) NonClass: 39010K(39232K)->39010K(39232K) Class: 2815K(2944K)->2815K(2944K)
[176.151s][info][gc             ] GC(158) Pause Young (Allocation Failure) 577M->355M(622M) 40.620ms
[176.151s][info][gc,cpu         ] GC(158) User=0.07s Sys=0.01s Real=0.04s
[177.272s][info][gc,start       ] GC(159) Pause Young (Allocation Failure)
[177.289s][info][gc,heap        ] GC(159) PSYoungGen: 255965K(286720K)->6118K(287744K) Eden: 241664K(241664K)->0K(244736K) From: 14301K(45056K)->6118K(43008K)
[177.289s][info][gc,heap        ] GC(159) ParOldGen: 350177K(350208K)->360306K(360448K)
[177.289s][info][gc,metaspace   ] GC(159) Metaspace: 41831K(42176K)->41831K(42176K) NonClass: 39015K(39232K)->39015K(39232K) Class: 2815K(2944K)->2815K(2944K)
[177.289s][info][gc             ] GC(159) Pause Young (Allocation Failure) 591M->357M(633M) 17.575ms
[177.289s][info][gc,cpu         ] GC(159) User=0.03s Sys=0.00s Real=0.02s
[178.312s][info][gc,start       ] GC(160) Pause Young (Allocation Failure)
[178.339s][info][gc,heap        ] GC(160) PSYoungGen: 250854K(287744K)->25134K(287232K) Eden: 244736K(244736K)->0K(244736K) From: 6118K(43008K)->25134K(42496K)
[178.339s][info][gc,heap        ] GC(160) ParOldGen: 360306K(360448K)->361218K(361472K)
[178.339s][info][gc,metaspace   ] GC(160) Metaspace: 41837K(42240K)->41837K(42240K) NonClass: 39021K(39296K)->39021K(39296K) Class: 2815K(2944K)->2815K(2944K)
[178.339s][info][gc             ] GC(160) Pause Young (Allocation Failure) 596M->377M(633M) 26.512ms
[178.339s][info][gc,cpu         ] GC(160) User=0.05s Sys=0.00s Real=0.03s
[179.244s][info][gc,start       ] GC(161) Pause Young (Allocation Failure)
[179.249s][info][gc,heap        ] GC(161) PSYoungGen: 269870K(287232K)->1235K(290816K) Eden: 244736K(244736K)->0K(247808K) From: 25134K(42496K)->1235K(43008K)
[179.249s][info][gc,heap        ] GC(161) ParOldGen: 361218K(361472K)->362490K(362496K)
[179.249s][info][gc,metaspace   ] GC(161) Metaspace: 41837K(42240K)->41837K(42240K) NonClass: 39022K(39296K)->39022K(39296K) Class: 2815K(2944K)->2815K(2944K)
[179.249s][info][gc             ] GC(161) Pause Young (Allocation Failure) 616M->355M(638M) 4.534ms
[179.249s][info][gc,cpu         ] GC(161) User=0.01s Sys=0.00s Real=0.00s
[180.198s][info][gc,start       ] GC(162) Pause Young (Allocation Failure)
[180.211s][info][gc,heap        ] GC(162) PSYoungGen: 249043K(290816K)->10712K(258560K) Eden: 247808K(247808K)->0K(247808K) From: 1235K(43008K)->10712K(10752K)
[180.211s][info][gc,heap        ] GC(162) ParOldGen: 362490K(362496K)->363394K(363520K)
[180.211s][info][gc,metaspace   ] GC(162) Metaspace: 41837K(42240K)->41837K(42240K) NonClass: 39022K(39296K)->39022K(39296K) Class: 2815K(2944K)->2815K(2944K)
[180.211s][info][gc             ] GC(162) Pause Young (Allocation Failure) 597M->365M(607M) 13.312ms
[180.211s][info][gc,cpu         ] GC(162) User=0.02s Sys=0.01s Real=0.01s
[181.222s][info][gc,start       ] GC(163) Pause Young (Allocation Failure)
[181.267s][info][gc,heap        ] GC(163) PSYoungGen: 258520K(258560K)->22739K(289280K) Eden: 247808K(247808K)->0K(247808K) From: 10712K(10752K)->22739K(41472K)
[181.267s][info][gc,heap        ] GC(163) ParOldGen: 363394K(363520K)->364722K(365056K)
[181.267s][info][gc,metaspace   ] GC(163) Metaspace: 41839K(42240K)->41839K(42240K) NonClass: 39023K(39296K)->39023K(39296K) Class: 2815K(2944K)->2815K(2944K)
[181.267s][info][gc             ] GC(163) Pause Young (Allocation Failure) 607M->378M(639M) 45.368ms
[181.267s][info][gc,cpu         ] GC(163) User=0.04s Sys=0.00s Real=0.05s
[182.326s][info][gc,start       ] GC(164) Pause Young (Allocation Failure)
[182.344s][info][gc,heap        ] GC(164) PSYoungGen: 270547K(289280K)->13196K(289280K) Eden: 247808K(247808K)->0K(247808K) From: 22739K(41472K)->13196K(41472K)
[182.344s][info][gc,heap        ] GC(164) ParOldGen: 364722K(365056K)->365426K(365568K)
[182.344s][info][gc,metaspace   ] GC(164) Metaspace: 41839K(42240K)->41839K(42240K) NonClass: 39023K(39296K)->39023K(39296K) Class: 2815K(2944K)->2815K(2944K)
[182.344s][info][gc             ] GC(164) Pause Young (Allocation Failure) 620M->369M(639M) 17.355ms
[182.344s][info][gc,cpu         ] GC(164) User=0.03s Sys=0.00s Real=0.02s
[183.348s][info][gc,start       ] GC(165) Pause Young (Allocation Failure)
[183.363s][info][gc,heap        ] GC(165) PSYoungGen: 261004K(289280K)->14509K(290304K) Eden: 247808K(247808K)->0K(252928K) From: 13196K(41472K)->14509K(37376K)
[183.363s][info][gc,heap        ] GC(165) ParOldGen: 365426K(365568K)->366602K(367104K)
[183.363s][info][gc,metaspace   ] GC(165) Metaspace: 41839K(42240K)->41839K(42240K) NonClass: 39023K(39296K)->39023K(39296K) Class: 2815K(2944K)->2815K(2944K)
[183.363s][info][gc             ] GC(165) Pause Young (Allocation Failure) 611M->372M(642M) 15.032ms
[183.363s][info][gc,cpu         ] GC(165) User=0.03s Sys=0.00s Real=0.02s
[184.449s][info][gc,start       ] GC(166) Pause Young (Allocation Failure)
[184.465s][info][gc,heap        ] GC(166) PSYoungGen: 267437K(290304K)->9711K(290304K) Eden: 252928K(252928K)->0K(252928K) From: 14509K(37376K)->9711K(37376K)
[184.465s][info][gc,heap        ] GC(166) ParOldGen: 366602K(367104K)->367506K(367616K)
[184.465s][info][gc,metaspace   ] GC(166) Metaspace: 41839K(42240K)->41839K(42240K) NonClass: 39023K(39296K)->39023K(39296K) Class: 2815K(2944K)->2815K(2944K)
[184.465s][info][gc             ] GC(166) Pause Young (Allocation Failure) 619M->368M(642M) 15.397ms
[184.465s][info][gc,cpu         ] GC(166) User=0.02s Sys=0.00s Real=0.02s
[185.534s][info][gc,start       ] GC(167) Pause Young (Allocation Failure)
[185.543s][info][gc,heap        ] GC(167) PSYoungGen: 262639K(290304K)->7734K(295424K) Eden: 252928K(252928K)->0K(260096K) From: 9711K(37376K)->7734K(35328K)
[185.543s][info][gc,heap        ] GC(167) ParOldGen: 367506K(367616K)->368646K(369152K)
[185.543s][info][gc,metaspace   ] GC(167) Metaspace: 41839K(42240K)->41839K(42240K) NonClass: 39023K(39296K)->39023K(39296K) Class: 2815K(2944K)->2815K(2944K)
[185.543s][info][gc             ] GC(167) Pause Young (Allocation Failure) 615M->367M(649M) 8.802ms
[185.543s][info][gc,cpu         ] GC(167) User=0.02s Sys=0.00s Real=0.01s
[186.439s][info][gc,start       ] GC(168) Pause Young (Allocation Failure)
[186.485s][info][gc,heap        ] GC(168) PSYoungGen: 267830K(295424K)->35315K(295424K) Eden: 260096K(260096K)->0K(260096K) From: 7734K(35328K)->35315K(35328K)
[186.485s][info][gc,heap        ] GC(168) ParOldGen: 368646K(369152K)->377724K(377856K)
[186.485s][info][gc,metaspace   ] GC(168) Metaspace: 41840K(42240K)->41840K(42240K) NonClass: 39025K(39296K)->39025K(39296K) Class: 2815K(2944K)->2815K(2944K)
[186.485s][info][gc             ] GC(168) Pause Young (Allocation Failure) 621M->403M(657M) 46.515ms
[186.485s][info][gc,cpu         ] GC(168) User=0.08s Sys=0.01s Real=0.05s
[187.829s][info][gc,start       ] GC(169) Pause Young (Allocation Failure)
[187.883s][info][gc,heap        ] GC(169) PSYoungGen: 295411K(295424K)->21290K(286208K) Eden: 260096K(260096K)->0K(247808K) From: 35315K(35328K)->21290K(38400K)
[187.883s][info][gc,heap        ] GC(169) ParOldGen: 377724K(377856K)->396371K(396800K)
[187.883s][info][gc,metaspace   ] GC(169) Metaspace: 41840K(42240K)->41840K(42240K) NonClass: 39025K(39296K)->39025K(39296K) Class: 2815K(2944K)->2815K(2944K)
[187.883s][info][gc             ] GC(169) Pause Young (Allocation Failure) 657M->407M(667M) 54.382ms
[187.883s][info][gc,cpu         ] GC(169) User=0.09s Sys=0.02s Real=0.06s
[189.111s][info][gc,start       ] GC(170) Pause Young (Allocation Failure)
[189.203s][info][gc,heap        ] GC(170) PSYoungGen: 269098K(286208K)->18066K(290816K) Eden: 247808K(247808K)->0K(247808K) From: 21290K(38400K)->18066K(43008K)
[189.203s][info][gc,heap        ] GC(170) ParOldGen: 396371K(396800K)->417460K(417792K)
[189.203s][info][gc,metaspace   ] GC(170) Metaspace: 41842K(42240K)->41842K(42240K) NonClass: 39026K(39296K)->39026K(39296K) Class: 2815K(2944K)->2815K(2944K)
[189.204s][info][gc             ] GC(170) Pause Young (Allocation Failure) 649M->425M(692M) 92.887ms
[189.204s][info][gc,cpu         ] GC(170) User=0.16s Sys=0.02s Real=0.10s
[190.213s][info][gc,start       ] GC(171) Pause Young (Allocation Failure)
[190.244s][info][gc,heap        ] GC(171) PSYoungGen: 265874K(290816K)->24905K(288768K) Eden: 247808K(247808K)->0K(249856K) From: 18066K(43008K)->24905K(38912K)
[190.244s][info][gc,heap        ] GC(171) ParOldGen: 417460K(417792K)->423706K(423936K)
[190.244s][info][gc,metaspace   ] GC(171) Metaspace: 41849K(42240K)->41849K(42240K) NonClass: 39033K(39296K)->39033K(39296K) Class: 2815K(2944K)->2815K(2944K)
[190.244s][info][gc             ] GC(171) Pause Young (Allocation Failure) 667M->438M(696M) 31.813ms
[190.244s][info][gc,cpu         ] GC(171) User=0.05s Sys=0.00s Real=0.03s
[191.123s][info][gc,start       ] GC(172) Pause Young (Allocation Failure)
[191.140s][info][gc,heap        ] GC(172) PSYoungGen: 274761K(288768K)->4744K(290816K) Eden: 249856K(249856K)->0K(249856K) From: 24905K(38912K)->4744K(40960K)
[191.140s][info][gc,heap        ] GC(172) ParOldGen: 423706K(423936K)->434089K(434176K)
[191.140s][info][gc,metaspace   ] GC(172) Metaspace: 41849K(42240K)->41849K(42240K) NonClass: 39034K(39296K)->39034K(39296K) Class: 2815K(2944K)->2815K(2944K)
[191.140s][info][gc             ] GC(172) Pause Young (Allocation Failure) 682M->428M(708M) 16.418ms
[191.140s][info][gc,cpu         ] GC(172) User=0.02s Sys=0.00s Real=0.01s
[192.051s][info][gc,start       ] GC(173) Pause Young (Allocation Failure)
[192.056s][info][gc,heap        ] GC(173) PSYoungGen: 254600K(290816K)->2721K(292352K) Eden: 249856K(249856K)->0K(250880K) From: 4744K(40960K)->2721K(41472K)
[192.056s][info][gc,heap        ] GC(173) ParOldGen: 434089K(434176K)->434487K(434688K)
[192.056s][info][gc,metaspace   ] GC(173) Metaspace: 41855K(42240K)->41855K(42240K) NonClass: 39039K(39296K)->39039K(39296K) Class: 2815K(2944K)->2815K(2944K)
[192.056s][info][gc             ] GC(173) Pause Young (Allocation Failure) 672M->426M(710M) 4.660ms
[192.056s][info][gc,cpu         ] GC(173) User=0.01s Sys=0.00s Real=0.01s
[192.974s][info][gc,start       ] GC(174) Pause Young (Allocation Failure)
[192.982s][info][gc,heap        ] GC(174) PSYoungGen: 253601K(292352K)->6067K(257024K) Eden: 250880K(250880K)->0K(250880K) From: 2721K(41472K)->6067K(6144K)
[192.982s][info][gc,heap        ] GC(174) ParOldGen: 434487K(434688K)->435292K(435712K)
[192.982s][info][gc,metaspace   ] GC(174) Metaspace: 41855K(42240K)->41855K(42240K) NonClass: 39040K(39296K)->39040K(39296K) Class: 2815K(2944K)->2815K(2944K)
[192.982s][info][gc             ] GC(174) Pause Young (Allocation Failure) 671M->431M(676M) 7.891ms
[192.982s][info][gc,cpu         ] GC(174) User=0.01s Sys=0.00s Real=0.00s
[193.940s][info][gc,start       ] GC(175) Pause Young (Allocation Failure)
[193.986s][info][gc,heap        ] GC(175) PSYoungGen: 256947K(257024K)->40444K(267776K) Eden: 250880K(250880K)->0K(227328K) From: 6067K(6144K)->40444K(40448K)
[193.986s][info][gc,heap        ] GC(175) ParOldGen: 435292K(435712K)->451079K(451584K)
[193.986s][info][gc,metaspace   ] GC(175) Metaspace: 41855K(42240K)->41855K(42240K) NonClass: 39040K(39296K)->39040K(39296K) Class: 2815K(2944K)->2815K(2944K)
[193.986s][info][gc             ] GC(175) Pause Young (Allocation Failure) 676M->480M(702M) 45.461ms
[193.986s][info][gc,cpu         ] GC(175) User=0.07s Sys=0.02s Real=0.05s
[194.888s][info][gc,start       ] GC(176) Pause Young (Allocation Failure)
[195.040s][info][gc,heap        ] GC(176) PSYoungGen: 267772K(267776K)->53221K(280576K) Eden: 227328K(227328K)->0K(227328K) From: 40444K(40448K)->53221K(53248K)
[195.040s][info][gc,heap        ] GC(176) ParOldGen: 451079K(451584K)->548296K(548352K)
[195.040s][info][gc,metaspace   ] GC(176) Metaspace: 41855K(42240K)->41855K(42240K) NonClass: 39040K(39296K)->39040K(39296K) Class: 2815K(2944K)->2815K(2944K)
[195.040s][info][gc             ] GC(176) Pause Young (Allocation Failure) 702M->587M(809M) 151.562ms
[195.040s][info][gc,cpu         ] GC(176) User=0.23s Sys=0.07s Real=0.15s
[195.876s][info][gc,start       ] GC(177) Pause Young (Allocation Failure)
[195.963s][info][gc,heap        ] GC(177) PSYoungGen: 280549K(280576K)->23151K(200704K) Eden: 227328K(227328K)->0K(147456K) From: 53221K(53248K)->23151K(53248K)
[195.963s][info][gc,heap        ] GC(177) ParOldGen: 548296K(548352K)->600993K(601088K)
[195.963s][info][gc,metaspace   ] GC(177) Metaspace: 41858K(42240K)->41858K(42240K) NonClass: 39042K(39296K)->39042K(39296K) Class: 2815K(2944K)->2815K(2944K)
[195.963s][info][gc             ] GC(177) Pause Young (Allocation Failure) 809M->609M(783M) 87.463ms
[195.963s][info][gc,cpu         ] GC(177) User=0.14s Sys=0.03s Real=0.09s
[196.533s][info][gc,start       ] GC(178) Pause Full (Allocation Failure)
[196.533s][info][gc,phases,start] GC(178) Marking Phase
[196.615s][info][gc,phases      ] GC(178) Marking Phase 81.632ms
[196.615s][info][gc,phases,start] GC(178) Summary Phase
[196.615s][info][gc,phases      ] GC(178) Summary Phase 0.034ms
[196.615s][info][gc,phases,start] GC(178) Forward
[196.629s][info][gc,phases      ] GC(178) Forward 13.867ms
[196.629s][info][gc,phases,start] GC(178) Adjust Pointers
[196.675s][info][gc,phases      ] GC(178) Adjust Pointers 45.859ms
[196.675s][info][gc,phases,start] GC(178) Compaction Phase
[196.694s][info][gc,phases      ] GC(178) Compaction Phase 19.206ms
[196.695s][info][gc,phases,start] GC(178) Post Compact
[196.698s][info][gc,phases      ] GC(178) Post Compact 3.129ms
[196.729s][info][gc,heap        ] GC(178) PSYoungGen: 170607K(200704K)->0K(240640K) Eden: 147456K(147456K)->0K(147456K) From: 23151K(53248K)->0K(93184K)
[196.729s][info][gc,heap        ] GC(178) ParOldGen: 600993K(601088K)->92897K(243200K)
[196.729s][info][gc,metaspace   ] GC(178) Metaspace: 41858K(42240K)->41858K(42240K) NonClass: 39042K(39296K)->39042K(39296K) Class: 2815K(2944K)->2815K(2944K)
[196.729s][info][gc             ] GC(178) Pause Full (Allocation Failure) 753M->90M(472M) 195.623ms
[196.729s][info][gc,cpu         ] GC(178) User=0.26s Sys=0.03s Real=0.19s
[197.333s][info][gc,start       ] GC(179) Pause Young (Allocation Failure)
[197.352s][info][gc,heap        ] GC(179) PSYoungGen: 147456K(240640K)->24456K(230400K) Eden: 147456K(147456K)->0K(147456K) From: 0K(93184K)->24456K(82944K)
[197.352s][info][gc,heap        ] GC(179) ParOldGen: 92897K(243200K)->92897K(243200K)
[197.352s][info][gc,metaspace   ] GC(179) Metaspace: 41858K(42240K)->41858K(42240K) NonClass: 39042K(39296K)->39042K(39296K) Class: 2815K(2944K)->2815K(2944K)
[197.352s][info][gc             ] GC(179) Pause Young (Allocation Failure) 234M->114M(462M) 18.474ms
[197.352s][info][gc,cpu         ] GC(179) User=0.04s Sys=0.00s Real=0.01s
[197.859s][info][gc,start       ] GC(180) Pause Young (Allocation Failure)
[197.869s][info][gc,heap        ] GC(180) PSYoungGen: 171912K(230400K)->6839K(235520K) Eden: 147456K(147456K)->0K(147456K) From: 24456K(82944K)->6839K(88064K)
[197.869s][info][gc,heap        ] GC(180) ParOldGen: 92897K(243200K)->96758K(243200K)
[197.869s][info][gc,metaspace   ] GC(180) Metaspace: 41858K(42240K)->41858K(42240K) NonClass: 39042K(39296K)->39042K(39296K) Class: 2815K(2944K)->2815K(2944K)
[197.870s][info][gc             ] GC(180) Pause Young (Allocation Failure) 258M->101M(467M) 10.449ms
[197.870s][info][gc,cpu         ] GC(180) User=0.02s Sys=0.00s Real=0.01s
[198.408s][info][gc,start       ] GC(181) Pause Young (Allocation Failure)
[198.415s][info][gc,heap        ] GC(181) PSYoungGen: 154295K(235520K)->7628K(239104K) Eden: 147456K(147456K)->0K(159232K) From: 6839K(88064K)->7628K(79872K)
[198.415s][info][gc,heap        ] GC(181) ParOldGen: 96758K(243200K)->97536K(243200K)
[198.415s][info][gc,metaspace   ] GC(181) Metaspace: 41858K(42240K)->41858K(42240K) NonClass: 39042K(39296K)->39042K(39296K) Class: 2815K(2944K)->2815K(2944K)
[198.415s][info][gc             ] GC(181) Pause Young (Allocation Failure) 245M->102M(471M) 7.134ms
[198.415s][info][gc,cpu         ] GC(181) User=0.01s Sys=0.00s Real=0.01s
[199.000s][info][gc,start       ] GC(182) Pause Young (Allocation Failure)
[199.005s][info][gc,heap        ] GC(182) PSYoungGen: 166860K(239104K)->5615K(243200K) Eden: 159232K(159232K)->0K(159232K) From: 7628K(79872K)->5615K(83968K)
[199.005s][info][gc,heap        ] GC(182) ParOldGen: 97536K(243200K)->97887K(243200K)
[199.005s][info][gc,metaspace   ] GC(182) Metaspace: 41858K(42240K)->41858K(42240K) NonClass: 39042K(39296K)->39042K(39296K) Class: 2815K(2944K)->2815K(2944K)
[199.005s][info][gc             ] GC(182) Pause Young (Allocation Failure) 258M->101M(475M) 5.226ms
[199.005s][info][gc,cpu         ] GC(182) User=0.01s Sys=0.00s Real=0.01s
[199.549s][info][gc,start       ] GC(183) Pause Young (Allocation Failure)
[199.562s][info][gc,heap        ] GC(183) PSYoungGen: 164847K(243200K)->18557K(238592K) Eden: 159232K(159232K)->0K(167936K) From: 5615K(83968K)->18557K(70656K)
[199.562s][info][gc,heap        ] GC(183) ParOldGen: 97887K(243200K)->98251K(243200K)
[199.562s][info][gc,metaspace   ] GC(183) Metaspace: 41860K(42240K)->41860K(42240K) NonClass: 39044K(39296K)->39044K(39296K) Class: 2815K(2944K)->2815K(2944K)
[199.562s][info][gc             ] GC(183) Pause Young (Allocation Failure) 256M->114M(470M) 12.795ms
[199.562s][info][gc,cpu         ] GC(183) User=0.03s Sys=0.00s Real=0.01s
[200.091s][info][gc,start       ] GC(184) Pause Young (Allocation Failure)
[200.106s][info][gc,heap        ] GC(184) PSYoungGen: 186493K(238592K)->4314K(245248K) Eden: 167936K(167936K)->0K(167936K) From: 18557K(70656K)->4314K(77312K)
[200.106s][info][gc,heap        ] GC(184) ParOldGen: 98251K(243200K)->116552K(243200K)
[200.106s][info][gc,metaspace   ] GC(184) Metaspace: 41860K(42240K)->41860K(42240K) NonClass: 39044K(39296K)->39044K(39296K) Class: 2815K(2944K)->2815K(2944K)
[200.106s][info][gc             ] GC(184) Pause Young (Allocation Failure) 278M->118M(477M) 15.705ms
[200.106s][info][gc,cpu         ] GC(184) User=0.03s Sys=0.00s Real=0.02s
[200.672s][info][gc,start       ] GC(185) Pause Young (Allocation Failure)
[200.675s][info][gc,heap        ] GC(185) PSYoungGen: 172250K(245248K)->901K(250880K) Eden: 167936K(167936K)->0K(181760K) From: 4314K(77312K)->901K(69120K)
[200.675s][info][gc,heap        ] GC(185) ParOldGen: 116552K(243200K)->120166K(243200K)
[200.675s][info][gc,metaspace   ] GC(185) Metaspace: 41860K(42240K)->41860K(42240K) NonClass: 39044K(39296K)->39044K(39296K) Class: 2815K(2944K)->2815K(2944K)
[200.675s][info][gc             ] GC(185) Pause Young (Allocation Failure) 282M->118M(482M) 2.803ms
[200.675s][info][gc,cpu         ] GC(185) User=0.01s Sys=0.00s Real=0.01s
[201.277s][info][gc,start       ] GC(186) Pause Young (Allocation Failure)
[201.282s][info][gc,heap        ] GC(186) PSYoungGen: 182661K(250880K)->4028K(254976K) Eden: 181760K(181760K)->0K(181760K) From: 901K(69120K)->4028K(73216K)
[201.282s][info][gc,heap        ] GC(186) ParOldGen: 120166K(243200K)->120190K(243200K)
[201.282s][info][gc,metaspace   ] GC(186) Metaspace: 41863K(42240K)->41863K(42240K) NonClass: 39047K(39296K)->39047K(39296K) Class: 2815K(2944K)->2815K(2944K)
[201.282s][info][gc             ] GC(186) Pause Young (Allocation Failure) 295M->121M(486M) 5.088ms
[201.282s][info][gc,cpu         ] GC(186) User=0.01s Sys=0.00s Real=0.00s
[201.615s][info][gc,start       ] GC(187) Pause Young (Allocation Failure)
[201.619s][info][gc,heap        ] GC(187) PSYoungGen: 185788K(254976K)->2190K(253952K) Eden: 181760K(181760K)->0K(189952K) From: 4028K(73216K)->2190K(64000K)
[201.619s][info][gc,heap        ] GC(187) ParOldGen: 120190K(243200K)->122234K(243200K)
[201.619s][info][gc,metaspace   ] GC(187) Metaspace: 41863K(42240K)->41863K(42240K) NonClass: 39047K(39296K)->39047K(39296K) Class: 2815K(2944K)->2815K(2944K)
[201.619s][info][gc             ] GC(187) Pause Young (Allocation Failure) 298M->121M(485M) 4.184ms
[201.619s][info][gc,cpu         ] GC(187) User=0.01s Sys=0.00s Real=0.00s
[201.955s][info][gc,start       ] GC(188) Pause Young (Allocation Failure)
[201.958s][info][gc,heap        ] GC(188) PSYoungGen: 192142K(253952K)->2958K(258048K) Eden: 189952K(189952K)->0K(189952K) From: 2190K(64000K)->2958K(68096K)
[201.958s][info][gc,heap        ] GC(188) ParOldGen: 122234K(243200K)->122338K(243200K)
[201.958s][info][gc,metaspace   ] GC(188) Metaspace: 41863K(42240K)->41863K(42240K) NonClass: 39047K(39296K)->39047K(39296K) Class: 2815K(2944K)->2815K(2944K)
[201.958s][info][gc             ] GC(188) Pause Young (Allocation Failure) 307M->122M(489M) 3.123ms
[201.958s][info][gc,cpu         ] GC(188) User=0.00s Sys=0.00s Real=0.00s
[202.351s][info][gc,start       ] GC(189) Pause Young (Allocation Failure)
[202.359s][info][gc,heap        ] GC(189) PSYoungGen: 192906K(258048K)->12462K(255488K) Eden: 189947K(189952K)->0K(200704K) From: 2958K(68096K)->12462K(54784K)
[202.359s][info][gc,heap        ] GC(189) ParOldGen: 122338K(243200K)->122590K(243200K)
[202.359s][info][gc,metaspace   ] GC(189) Metaspace: 41888K(42304K)->41888K(42304K) NonClass: 39073K(39360K)->39073K(39360K) Class: 2815K(2944K)->2815K(2944K)
[202.359s][info][gc             ] GC(189) Pause Young (Allocation Failure) 307M->131M(487M) 8.186ms
[202.359s][info][gc,cpu         ] GC(189) User=0.01s Sys=0.00s Real=0.01s
[202.643s][info][gc,start       ] GC(190) Pause Young (Allocation Failure)
[202.651s][info][gc,heap        ] GC(190) PSYoungGen: 213166K(255488K)->1692K(261120K) Eden: 200704K(200704K)->0K(200704K) From: 12462K(54784K)->1692K(60416K)
[202.651s][info][gc,heap        ] GC(190) ParOldGen: 122590K(243200K)->132934K(243200K)
[202.651s][info][gc,metaspace   ] GC(190) Metaspace: 41888K(42304K)->41888K(42304K) NonClass: 39073K(39360K)->39073K(39360K) Class: 2815K(2944K)->2815K(2944K)
[202.651s][info][gc             ] GC(190) Pause Young (Allocation Failure) 327M->131M(492M) 7.926ms
[202.651s][info][gc,cpu         ] GC(190) User=0.01s Sys=0.00s Real=0.00s
[202.929s][info][gc,start       ] GC(191) Pause Young (Allocation Failure)
[202.938s][info][gc,heap        ] GC(191) PSYoungGen: 201921K(261120K)->1896K(266240K) Eden: 200228K(200704K)->0K(215040K) From: 1692K(60416K)->1896K(51200K)
[202.938s][info][gc,heap        ] GC(191) ParOldGen: 132934K(243200K)->134580K(243200K)
[202.938s][info][gc,metaspace   ] GC(191) Metaspace: 41888K(42304K)->41888K(42304K) NonClass: 39073K(39360K)->39073K(39360K) Class: 2815K(2944K)->2815K(2944K)
[202.938s][info][gc             ] GC(191) Pause Young (Allocation Failure) 327M->133M(497M) 9.096ms
[202.938s][info][gc,cpu         ] GC(191) User=0.02s Sys=0.00s Real=0.01s
[203.249s][info][gc,start       ] GC(192) Pause Young (Allocation Failure)
[203.261s][info][gc,heap        ] GC(192) PSYoungGen: 216117K(266240K)->3375K(270848K) Eden: 214221K(215040K)->0K(215040K) From: 1896K(51200K)->3375K(55808K)
[203.261s][info][gc,heap        ] GC(192) ParOldGen: 134580K(243200K)->136456K(243200K)
[203.261s][info][gc,metaspace   ] GC(192) Metaspace: 41889K(42304K)->41889K(42304K) NonClass: 39073K(39360K)->39073K(39360K) Class: 2815K(2944K)->2815K(2944K)
[203.261s][info][gc             ] GC(192) Pause Young (Allocation Failure) 342M->136M(502M) 12.014ms
[203.261s][info][gc,cpu         ] GC(192) User=0.03s Sys=0.00s Real=0.01s
[203.586s][info][gc,start       ] GC(193) Pause Young (Allocation Failure)
[203.602s][info][gc,heap        ] GC(193) PSYoungGen: 217084K(270848K)->4335K(271360K) Eden: 213709K(215040K)->0K(225280K) From: 3375K(55808K)->4335K(46080K)
[203.602s][info][gc,heap        ] GC(193) ParOldGen: 136456K(243200K)->139781K(243200K)
[203.602s][info][gc,metaspace   ] GC(193) Metaspace: 41891K(42304K)->41891K(42304K) NonClass: 39075K(39360K)->39075K(39360K) Class: 2815K(2944K)->2815K(2944K)
[203.602s][info][gc             ] GC(193) Pause Young (Allocation Failure) 345M->140M(502M) 16.165ms
[203.602s][info][gc,cpu         ] GC(193) User=0.03s Sys=0.00s Real=0.01s
[203.950s][info][gc,start       ] GC(194) Pause Young (Allocation Failure)
[203.963s][info][gc,heap        ] GC(194) PSYoungGen: 229580K(271360K)->7865K(275456K) Eden: 225244K(225280K)->0K(225280K) From: 4335K(46080K)->7865K(50176K)
[203.963s][info][gc,heap        ] GC(194) ParOldGen: 139781K(243200K)->144136K(243200K)
[203.963s][info][gc,metaspace   ] GC(194) Metaspace: 41892K(42304K)->41892K(42304K) NonClass: 39076K(39360K)->39076K(39360K) Class: 2815K(2944K)->2815K(2944K)
[203.963s][info][gc             ] GC(194) Pause Young (Allocation Failure) 360M->148M(506M) 13.106ms
[203.963s][info][gc,cpu         ] GC(194) User=0.02s Sys=0.00s Real=0.02s
[204.278s][info][gc,start       ] GC(195) Pause Young (Allocation Failure)
[204.290s][info][gc,heap        ] GC(195) PSYoungGen: 231965K(275456K)->3526K(278016K) Eden: 224100K(225280K)->0K(237056K) From: 7865K(50176K)->3526K(40960K)
[204.290s][info][gc,heap        ] GC(195) ParOldGen: 144136K(243200K)->152069K(243200K)
[204.290s][info][gc,metaspace   ] GC(195) Metaspace: 41894K(42304K)->41894K(42304K) NonClass: 39078K(39360K)->39078K(39360K) Class: 2815K(2944K)->2815K(2944K)
[204.290s][info][gc             ] GC(195) Pause Young (Allocation Failure) 367M->151M(509M) 11.848ms
[204.290s][info][gc,cpu         ] GC(195) User=0.02s Sys=0.00s Real=0.01s
[204.806s][info][gc,start       ] GC(196) Pause Young (Allocation Failure)
[204.840s][info][gc,heap        ] GC(196) PSYoungGen: 240582K(278016K)->15403K(281088K) Eden: 237056K(237056K)->0K(237056K) From: 3526K(40960K)->15403K(44032K)
[204.840s][info][gc,heap        ] GC(196) ParOldGen: 152069K(243200K)->155424K(243200K)
[204.840s][info][gc,metaspace   ] GC(196) Metaspace: 41899K(42304K)->41899K(42304K) NonClass: 39084K(39360K)->39084K(39360K) Class: 2815K(2944K)->2815K(2944K)
[204.840s][info][gc             ] GC(196) Pause Young (Allocation Failure) 383M->166M(512M) 34.493ms
[204.840s][info][gc,cpu         ] GC(196) User=0.07s Sys=0.00s Real=0.03s
[205.475s][info][gc,start       ] GC(197) Pause Young (Allocation Failure)
[205.490s][info][gc,heap        ] GC(197) PSYoungGen: 252459K(281088K)->2430K(284672K) Eden: 237056K(237056K)->0K(246784K) From: 15403K(44032K)->2430K(37888K)
[205.490s][info][gc,heap        ] GC(197) ParOldGen: 155424K(243200K)->171044K(243200K)
[205.490s][info][gc,metaspace   ] GC(197) Metaspace: 41975K(42368K)->41975K(42368K) NonClass: 39160K(39424K)->39160K(39424K) Class: 2815K(2944K)->2815K(2944K)
[205.490s][info][gc             ] GC(197) Pause Young (Allocation Failure) 398M->169M(515M) 15.757ms
[205.490s][info][gc,cpu         ] GC(197) User=0.03s Sys=0.00s Real=0.01s
[206.169s][info][gc,start       ] GC(198) Pause Young (Allocation Failure)
[206.175s][info][gc,heap        ] GC(198) PSYoungGen: 249214K(284672K)->4437K(287744K) Eden: 246784K(246784K)->0K(246784K) From: 2430K(37888K)->4437K(40960K)
[206.175s][info][gc,heap        ] GC(198) ParOldGen: 171044K(243200K)->171724K(243200K)
[206.175s][info][gc,metaspace   ] GC(198) Metaspace: 41976K(42368K)->41976K(42368K) NonClass: 39161K(39424K)->39161K(39424K) Class: 2815K(2944K)->2815K(2944K)
[206.175s][info][gc             ] GC(198) Pause Young (Allocation Failure) 410M->172M(518M) 5.279ms
[206.175s][info][gc,cpu         ] GC(198) User=0.00s Sys=0.00s Real=0.01s
[206.768s][info][gc,start       ] GC(199) Pause Young (Allocation Failure)
[206.773s][info][gc,heap        ] GC(199) PSYoungGen: 251221K(287744K)->4888K(286720K) Eden: 246784K(246784K)->0K(253952K) From: 4437K(40960K)->4888K(32768K)
[206.773s][info][gc,heap        ] GC(199) ParOldGen: 171724K(243200K)->171740K(243200K)
[206.773s][info][gc,metaspace   ] GC(199) Metaspace: 41983K(42368K)->41983K(42368K) NonClass: 39168K(39424K)->39168K(39424K) Class: 2815K(2944K)->2815K(2944K)
[206.773s][info][gc             ] GC(199) Pause Young (Allocation Failure) 413M->172M(517M) 5.285ms
[206.773s][info][gc,cpu         ] GC(199) User=0.01s Sys=0.00s Real=0.01s
[207.410s][info][gc,start       ] GC(200) Pause Young (Allocation Failure)
[207.415s][info][gc,heap        ] GC(200) PSYoungGen: 258840K(286720K)->2810K(290304K) Eden: 253952K(253952K)->0K(253952K) From: 4888K(32768K)->2810K(36352K)
[207.415s][info][gc,heap        ] GC(200) ParOldGen: 171740K(243200K)->171780K(243200K)
[207.415s][info][gc,metaspace   ] GC(200) Metaspace: 41987K(42368K)->41987K(42368K) NonClass: 39171K(39424K)->39171K(39424K) Class: 2815K(2944K)->2815K(2944K)
[207.415s][info][gc             ] GC(200) Pause Young (Allocation Failure) 420M->170M(521M) 5.003ms
[207.415s][info][gc,cpu         ] GC(200) User=0.01s Sys=0.00s Real=0.01s
[208.084s][info][gc,start       ] GC(201) Pause Young (Allocation Failure)
[208.089s][info][gc,heap        ] GC(201) PSYoungGen: 256762K(290304K)->6966K(290816K) Eden: 253952K(253952K)->0K(262656K) From: 2810K(36352K)->6966K(28160K)
[208.089s][info][gc,heap        ] GC(201) ParOldGen: 171780K(243200K)->172347K(243200K)
[208.089s][info][gc,metaspace   ] GC(201) Metaspace: 42000K(42368K)->42000K(42368K) NonClass: 39184K(39424K)->39184K(39424K) Class: 2815K(2944K)->2815K(2944K)
[208.089s][info][gc             ] GC(201) Pause Young (Allocation Failure) 418M->175M(521M) 5.304ms
[208.089s][info][gc,cpu         ] GC(201) User=0.01s Sys=0.00s Real=0.00s
[209.400s][info][gc,start       ] GC(202) Pause Young (Allocation Failure)
[209.410s][info][gc,heap        ] GC(202) PSYoungGen: 269622K(290816K)->3282K(294912K) Eden: 262656K(262656K)->0K(262656K) From: 6966K(28160K)->3282K(32256K)
[209.410s][info][gc,heap        ] GC(202) ParOldGen: 172347K(243200K)->172467K(243200K)
[209.410s][info][gc,metaspace   ] GC(202) Metaspace: 42031K(42368K)->42031K(42368K) NonClass: 39215K(39424K)->39215K(39424K) Class: 2815K(2944K)->2815K(2944K)
[209.410s][info][gc             ] GC(202) Pause Young (Allocation Failure) 431M->171M(525M) 10.318ms
[209.410s][info][gc,cpu         ] GC(202) User=0.01s Sys=0.00s Real=0.01s
[210.469s][info][gc,start       ] GC(203) Pause Young (Allocation Failure)
[210.495s][info][gc,heap        ] GC(203) PSYoungGen: 265938K(294912K)->22367K(296960K) Eden: 262656K(262656K)->0K(266240K) From: 3282K(32256K)->22367K(30720K)
[210.495s][info][gc,heap        ] GC(203) ParOldGen: 172467K(243200K)->175645K(243200K)
[210.495s][info][gc,metaspace   ] GC(203) Metaspace: 42090K(42432K)->42090K(42432K) NonClass: 39275K(39488K)->39275K(39488K) Class: 2815K(2944K)->2815K(2944K)
[210.495s][info][gc             ] GC(203) Pause Young (Allocation Failure) 428M->193M(527M) 25.540ms
[210.495s][info][gc,cpu         ] GC(203) User=0.05s Sys=0.01s Real=0.03s
[211.220s][info][gc,start       ] GC(204) Pause Young (Allocation Failure)
[211.271s][info][gc,heap        ] GC(204) PSYoungGen: 288607K(296960K)->29740K(296448K) Eden: 266240K(266240K)->0K(266240K) From: 22367K(30720K)->29740K(30208K)
[211.271s][info][gc,heap        ] GC(204) ParOldGen: 175645K(243200K)->197634K(243200K)
[211.271s][info][gc,metaspace   ] GC(204) Metaspace: 42094K(42432K)->42094K(42432K) NonClass: 39279K(39488K)->39279K(39488K) Class: 2815K(2944K)->2815K(2944K)
[211.271s][info][gc             ] GC(204) Pause Young (Allocation Failure) 453M->222M(527M) 51.444ms
[211.271s][info][gc,cpu         ] GC(204) User=0.10s Sys=0.00s Real=0.05s
[212.259s][info][gc,start       ] GC(205) Pause Young (Allocation Failure)
[212.334s][info][gc,heap        ] GC(205) PSYoungGen: 295980K(296448K)->30264K(284160K) Eden: 266240K(266240K)->0K(246784K) From: 29740K(30208K)->30264K(37376K)
[212.334s][info][gc,heap        ] GC(205) ParOldGen: 197634K(243200K)->225842K(243200K)
[212.334s][info][gc,metaspace   ] GC(205) Metaspace: 42095K(42432K)->42095K(42432K) NonClass: 39280K(39488K)->39280K(39488K) Class: 2815K(2944K)->2815K(2944K)
[212.334s][info][gc             ] GC(205) Pause Young (Allocation Failure) 482M->250M(515M) 74.472ms
[212.334s][info][gc,cpu         ] GC(205) User=0.15s Sys=0.00s Real=0.08s
[216.180s][info][gc,start       ] GC(206) Pause Young (Allocation Failure)
[216.231s][info][gc,heap        ] GC(206) PSYoungGen: 277048K(284160K)->16720K(290304K) Eden: 246784K(246784K)->0K(246784K) From: 30264K(37376K)->16720K(43520K)
[216.231s][info][gc,heap        ] GC(206) ParOldGen: 225842K(243200K)->256059K(256512K)
[216.231s][info][gc,metaspace   ] GC(206) Metaspace: 42104K(42432K)->42104K(42432K) NonClass: 39288K(39488K)->39288K(39488K) Class: 2815K(2944K)->2815K(2944K)
[216.231s][info][gc             ] GC(206) Pause Young (Allocation Failure) 491M->266M(534M) 51.375ms
[216.231s][info][gc,cpu         ] GC(206) User=0.09s Sys=0.01s Real=0.05s
[217.406s][info][gc,start       ] GC(207) Pause Young (Allocation Failure)
[217.434s][info][gc,heap        ] GC(207) PSYoungGen: 263504K(290304K)->4128K(285696K) Eden: 246784K(246784K)->0K(248320K) From: 16720K(43520K)->4128K(37376K)
[217.434s][info][gc,heap        ] GC(207) ParOldGen: 256059K(256512K)->272752K(272896K)
[217.434s][info][gc,metaspace   ] GC(207) Metaspace: 42161K(42496K)->42161K(42496K) NonClass: 39346K(39552K)->39346K(39552K) Class: 2815K(2944K)->2815K(2944K)
[217.434s][info][gc             ] GC(207) Pause Young (Allocation Failure) 507M->270M(545M) 28.393ms
[217.434s][info][gc,cpu         ] GC(207) User=0.04s Sys=0.02s Real=0.03s
[218.594s][info][gc,start       ] GC(208) Pause Young (Allocation Failure)
[218.608s][info][gc,heap        ] GC(208) PSYoungGen: 252448K(285696K)->9363K(288768K) Eden: 248320K(248320K)->0K(248320K) From: 4128K(37376K)->9363K(40448K)
[218.608s][info][gc,heap        ] GC(208) ParOldGen: 272752K(272896K)->276033K(276480K)
[218.608s][info][gc,metaspace   ] GC(208) Metaspace: 42162K(42496K)->42162K(42496K) NonClass: 39346K(39552K)->39346K(39552K) Class: 2815K(2944K)->2815K(2944K)
[218.608s][info][gc             ] GC(208) Pause Young (Allocation Failure) 512M->278M(552M) 14.130ms
[218.608s][info][gc,cpu         ] GC(208) User=0.02s Sys=0.00s Real=0.01s
[220.180s][info][gc,start       ] GC(209) Pause Young (Allocation Failure)
[220.197s][info][gc,heap        ] GC(209) PSYoungGen: 257683K(288768K)->4236K(289280K) Eden: 248320K(248320K)->0K(254976K) From: 9363K(40448K)->4236K(34304K)
[220.197s][info][gc,heap        ] GC(209) ParOldGen: 276033K(276480K)->284339K(284672K)
[220.197s][info][gc,metaspace   ] GC(209) Metaspace: 42169K(42496K)->42169K(42496K) NonClass: 39354K(39552K)->39354K(39552K) Class: 2815K(2944K)->2815K(2944K)
[220.197s][info][gc             ] GC(209) Pause Young (Allocation Failure) 521M->281M(560M) 16.500ms
[220.197s][info][gc,cpu         ] GC(209) User=0.02s Sys=0.00s Real=0.02s
[221.821s][info][gc,start       ] GC(210) Pause Young (Allocation Failure)
[221.850s][info][gc,heap        ] GC(210) PSYoungGen: 259212K(289280K)->22561K(291840K) Eden: 254976K(254976K)->0K(254976K) From: 4236K(34304K)->22561K(36864K)
[221.850s][info][gc,heap        ] GC(210) ParOldGen: 284339K(284672K)->288418K(288768K)
[221.850s][info][gc,metaspace   ] GC(210) Metaspace: 42169K(42496K)->42169K(42496K) NonClass: 39354K(39552K)->39354K(39552K) Class: 2815K(2944K)->2815K(2944K)
[221.850s][info][gc             ] GC(210) Pause Young (Allocation Failure) 530M->303M(567M) 29.168ms
[221.850s][info][gc,cpu         ] GC(210) User=0.05s Sys=0.00s Real=0.03s
[223.251s][info][gc,start       ] GC(211) Pause Young (Allocation Failure)
[223.309s][info][gc,heap        ] GC(211) PSYoungGen: 277537K(291840K)->29260K(287232K) Eden: 254976K(254976K)->0K(248832K) From: 22561K(36864K)->29260K(38400K)
[223.309s][info][gc,heap        ] GC(211) ParOldGen: 288418K(288768K)->310967K(311296K)
[223.309s][info][gc,metaspace   ] GC(211) Metaspace: 42169K(42496K)->42169K(42496K) NonClass: 39354K(39552K)->39354K(39552K) Class: 2815K(2944K)->2815K(2944K)
[223.309s][info][gc             ] GC(211) Pause Young (Allocation Failure) 552M->332M(584M) 57.984ms
[223.309s][info][gc,cpu         ] GC(211) User=0.10s Sys=0.02s Real=0.06s
[223.931s][info][gc,start       ] GC(212) Pause Young (Allocation Failure)
[224.003s][info][gc,heap        ] GC(212) PSYoungGen: 278092K(287232K)->30732K(280064K) Eden: 248832K(248832K)->0K(248832K) From: 29260K(38400K)->30732K(31232K)
[224.003s][info][gc,heap        ] GC(212) ParOldGen: 310967K(311296K)->340359K(340480K)
[224.003s][info][gc,metaspace   ] GC(212) Metaspace: 42169K(42496K)->42169K(42496K) NonClass: 39354K(39552K)->39354K(39552K) Class: 2815K(2944K)->2815K(2944K)
[224.003s][info][gc             ] GC(212) Pause Young (Allocation Failure) 575M->362M(606M) 71.715ms
[224.003s][info][gc,cpu         ] GC(212) User=0.12s Sys=0.02s Real=0.08s
[224.623s][info][gc,start       ] GC(213) Pause Young (Allocation Failure)
[224.708s][info][gc,heap        ] GC(213) PSYoungGen: 279564K(280064K)->30200K(283136K) Eden: 248832K(248832K)->0K(237568K) From: 30732K(31232K)->30200K(45568K)
[224.708s][info][gc,heap        ] GC(213) ParOldGen: 340359K(340480K)->370430K(370688K)
[224.708s][info][gc,metaspace   ] GC(213) Metaspace: 42169K(42496K)->42169K(42496K) NonClass: 39354K(39552K)->39354K(39552K) Class: 2815K(2944K)->2815K(2944K)
[224.708s][info][gc             ] GC(213) Pause Young (Allocation Failure) 605M->391M(638M) 84.724ms
[224.708s][info][gc,cpu         ] GC(213) User=0.14s Sys=0.03s Real=0.08s
[225.577s][info][gc,start       ] GC(214) Pause Young (Allocation Failure)
[225.673s][info][gc,heap        ] GC(214) PSYoungGen: 267768K(283136K)->42794K(280576K) Eden: 237568K(237568K)->0K(237568K) From: 30200K(45568K)->42794K(43008K)
[225.673s][info][gc,heap        ] GC(214) ParOldGen: 370430K(370688K)->398927K(399360K)
[225.673s][info][gc,metaspace   ] GC(214) Metaspace: 42169K(42496K)->42169K(42496K) NonClass: 39354K(39552K)->39354K(39552K) Class: 2815K(2944K)->2815K(2944K)
[225.673s][info][gc             ] GC(214) Pause Young (Allocation Failure) 623M->431M(664M) 95.414ms
[225.673s][info][gc,cpu         ] GC(214) User=0.16s Sys=0.03s Real=0.10s
[227.290s][info][gc,start       ] GC(215) Pause Young (Allocation Failure)
[227.332s][info][gc,heap        ] GC(215) PSYoungGen: 280362K(280576K)->9768K(281088K) Eden: 237568K(237568K)->0K(227840K) From: 42794K(43008K)->9768K(53248K)
[227.332s][info][gc,heap        ] GC(215) ParOldGen: 398927K(399360K)->425899K(425984K)
[227.332s][info][gc,metaspace   ] GC(215) Metaspace: 42169K(42496K)->42169K(42496K) NonClass: 39354K(39552K)->39354K(39552K) Class: 2815K(2944K)->2815K(2944K)
[227.332s][info][gc             ] GC(215) Pause Young (Allocation Failure) 663M->425M(690M) 41.786ms
[227.332s][info][gc,cpu         ] GC(215) User=0.06s Sys=0.02s Real=0.04s
[228.664s][info][gc,start       ] GC(216) Pause Young (Allocation Failure)
[228.677s][info][gc,heap        ] GC(216) PSYoungGen: 237608K(281088K)->950K(228864K) Eden: 227840K(227840K)->0K(227840K) From: 9768K(53248K)->950K(1024K)
[228.677s][info][gc,heap        ] GC(216) ParOldGen: 425899K(425984K)->434789K(435200K)
[228.677s][info][gc,metaspace   ] GC(216) Metaspace: 42169K(42496K)->42169K(42496K) NonClass: 39354K(39552K)->39354K(39552K) Class: 2815K(2944K)->2815K(2944K)
[228.677s][info][gc             ] GC(216) Pause Young (Allocation Failure) 647M->425M(648M) 13.293ms
[228.677s][info][gc,cpu         ] GC(216) User=0.02s Sys=0.00s Real=0.01s
[230.048s][info][gc,start       ] GC(217) Pause Young (Allocation Failure)
[230.074s][info][gc,heap        ] GC(217) PSYoungGen: 228790K(228864K)->22200K(281600K) Eden: 227840K(227840K)->0K(229376K) From: 950K(1024K)->22200K(52224K)
[230.074s][info][gc,heap        ] GC(217) ParOldGen: 434789K(435200K)->435627K(435712K)
[230.074s][info][gc,metaspace   ] GC(217) Metaspace: 42169K(42496K)->42169K(42496K) NonClass: 39354K(39552K)->39354K(39552K) Class: 2815K(2944K)->2815K(2944K)
[230.074s][info][gc             ] GC(217) Pause Young (Allocation Failure) 648M->447M(700M) 25.828ms
[230.074s][info][gc,cpu         ] GC(217) User=0.05s Sys=0.00s Real=0.03s
[231.562s][info][gc,start       ] GC(218) Pause Young (Allocation Failure)
[231.612s][info][gc,heap        ] GC(218) PSYoungGen: 251576K(281600K)->22503K(280064K) Eden: 229376K(229376K)->0K(229376K) From: 22200K(52224K)->22503K(50688K)
[231.612s][info][gc,heap        ] GC(218) ParOldGen: 435627K(435712K)->457594K(457728K)
[231.612s][info][gc,metaspace   ] GC(218) Metaspace: 42170K(42496K)->42170K(42496K) NonClass: 39355K(39552K)->39355K(39552K) Class: 2815K(2944K)->2815K(2944K)
[231.612s][info][gc             ] GC(218) Pause Young (Allocation Failure) 671M->468M(720M) 50.766ms
[231.612s][info][gc,cpu         ] GC(218) User=0.08s Sys=0.02s Real=0.05s
[232.846s][info][gc,start       ] GC(219) Pause Young (Allocation Failure)
[232.893s][info][gc,heap        ] GC(219) PSYoungGen: 251879K(280064K)->19337K(280576K) Eden: 229376K(229376K)->0K(233472K) From: 22503K(50688K)->19337K(47104K)
[232.893s][info][gc,heap        ] GC(219) ParOldGen: 457594K(457728K)->480078K(480256K)
[232.893s][info][gc,metaspace   ] GC(219) Metaspace: 42179K(42496K)->42179K(42496K) NonClass: 39364K(39552K)->39364K(39552K) Class: 2815K(2944K)->2815K(2944K)
[232.893s][info][gc             ] GC(219) Pause Young (Allocation Failure) 692M->487M(743M) 47.341ms
[232.893s][info][gc,cpu         ] GC(219) User=0.08s Sys=0.02s Real=0.05s
[234.195s][info][gc,start       ] GC(220) Pause Young (Allocation Failure)
[234.227s][info][gc,heap        ] GC(220) PSYoungGen: 252809K(280576K)->14428K(280064K) Eden: 233472K(233472K)->0K(233472K) From: 19337K(47104K)->14428K(46592K)
[234.227s][info][gc,heap        ] GC(220) ParOldGen: 480078K(480256K)->496019K(496128K)
[234.227s][info][gc,metaspace   ] GC(220) Metaspace: 42188K(42496K)->42188K(42496K) NonClass: 39373K(39552K)->39373K(39552K) Class: 2815K(2944K)->2815K(2944K)
[234.227s][info][gc             ] GC(220) Pause Young (Allocation Failure) 715M->498M(758M) 32.601ms
[234.227s][info][gc,cpu         ] GC(220) User=0.06s Sys=0.01s Real=0.03s
[235.320s][info][gc,start       ] GC(221) Pause Young (Allocation Failure)
[235.339s][info][gc,heap        ] GC(221) PSYoungGen: 247900K(280064K)->19776K(285184K) Eden: 233472K(233472K)->0K(242176K) From: 14428K(46592K)->19776K(43008K)
[235.339s][info][gc,heap        ] GC(221) ParOldGen: 496019K(496128K)->496835K(497152K)
[235.339s][info][gc,metaspace   ] GC(221) Metaspace: 42190K(42496K)->42190K(42496K) NonClass: 39374K(39552K)->39374K(39552K) Class: 2815K(2944K)->2815K(2944K)
[235.339s][info][gc             ] GC(221) Pause Young (Allocation Failure) 726M->504M(764M) 18.941ms
[235.339s][info][gc,cpu         ] GC(221) User=0.03s Sys=0.01s Real=0.02s
[236.504s][info][gc,start       ] GC(222) Pause Young (Allocation Failure)
[236.513s][info][gc,heap        ] GC(222) PSYoungGen: 261952K(285184K)->6400K(284672K) Eden: 242176K(242176K)->0K(242176K) From: 19776K(43008K)->6400K(42496K)
[236.513s][info][gc,heap        ] GC(222) ParOldGen: 496835K(497152K)->497731K(498176K)
[236.513s][info][gc,metaspace   ] GC(222) Metaspace: 42201K(42560K)->42201K(42560K) NonClass: 39385K(39616K)->39385K(39616K) Class: 2815K(2944K)->2815K(2944K)
[236.513s][info][gc             ] GC(222) Pause Young (Allocation Failure) 741M->492M(764M) 8.743ms
[236.513s][info][gc,cpu         ] GC(222) User=0.02s Sys=0.00s Real=0.01s
[237.533s][info][gc,start       ] GC(223) Pause Young (Allocation Failure)
[237.540s][info][gc,heap        ] GC(223) PSYoungGen: 248576K(284672K)->5028K(290816K) Eden: 242176K(242176K)->0K(248832K) From: 6400K(42496K)->5028K(41984K)
[237.541s][info][gc,heap        ] GC(223) ParOldGen: 497731K(498176K)->499075K(499200K)
[237.541s][info][gc,metaspace   ] GC(223) Metaspace: 42201K(42560K)->42201K(42560K) NonClass: 39386K(39616K)->39386K(39616K) Class: 2815K(2944K)->2815K(2944K)
[237.541s][info][gc             ] GC(223) Pause Young (Allocation Failure) 728M->492M(771M) 7.301ms
[237.541s][info][gc,cpu         ] GC(223) User=0.02s Sys=0.00s Real=0.00s
[238.467s][info][gc,start       ] GC(224) Pause Young (Allocation Failure)
[238.519s][info][gc,heap        ] GC(224) PSYoungGen: 253860K(290816K)->28319K(290304K) Eden: 248832K(248832K)->0K(248832K) From: 5028K(41984K)->28319K(41472K)
[238.519s][info][gc,heap        ] GC(224) ParOldGen: 499075K(499200K)->500219K(500224K)
[238.519s][info][gc,metaspace   ] GC(224) Metaspace: 42202K(42560K)->42202K(42560K) NonClass: 39387K(39616K)->39387K(39616K) Class: 2815K(2944K)->2815K(2944K)
[238.519s][info][gc             ] GC(224) Pause Young (Allocation Failure) 735M->516M(772M) 52.080ms
[238.519s][info][gc,cpu         ] GC(224) User=0.05s Sys=0.00s Real=0.05s
[239.617s][info][gc,start       ] GC(225) Pause Young (Allocation Failure)
[239.628s][info][gc,heap        ] GC(225) PSYoungGen: 277151K(290304K)->9696K(291328K) Eden: 248832K(248832K)->0K(247808K) From: 28319K(41472K)->9696K(43520K)
[239.628s][info][gc,heap        ] GC(225) ParOldGen: 500219K(500224K)->501035K(501248K)
[239.628s][info][gc,metaspace   ] GC(225) Metaspace: 42204K(42560K)->42204K(42560K) NonClass: 39389K(39616K)->39389K(39616K) Class: 2815K(2944K)->2815K(2944K)
[239.628s][info][gc             ] GC(225) Pause Young (Allocation Failure) 759M->498M(774M) 10.931ms
[239.628s][info][gc,cpu         ] GC(225) User=0.02s Sys=0.00s Real=0.01s
[240.585s][info][gc,start       ] GC(226) Pause Young (Allocation Failure)
[240.606s][info][gc,heap        ] GC(226) PSYoungGen: 257504K(291328K)->7915K(256000K) Eden: 247808K(247808K)->0K(247808K) From: 9696K(43520K)->7915K(8192K)
[240.606s][info][gc,heap        ] GC(226) ParOldGen: 501035K(501248K)->502147K(502272K)
[240.606s][info][gc,metaspace   ] GC(226) Metaspace: 42205K(42560K)->42205K(42560K) NonClass: 39390K(39616K)->39390K(39616K) Class: 2815K(2944K)->2815K(2944K)
[240.606s][info][gc             ] GC(226) Pause Young (Allocation Failure) 740M->498M(740M) 21.278ms
[240.606s][info][gc,cpu         ] GC(226) User=0.02s Sys=0.01s Real=0.02s
[241.579s][info][gc,start       ] GC(227) Pause Young (Allocation Failure)
[241.584s][info][gc,heap        ] GC(227) PSYoungGen: 255723K(256000K)->1216K(288768K) Eden: 247808K(247808K)->0K(247808K) From: 7915K(8192K)->1216K(40960K)
[241.584s][info][gc,heap        ] GC(227) ParOldGen: 502147K(502272K)->503211K(503296K)
[241.584s][info][gc,metaspace   ] GC(227) Metaspace: 42205K(42560K)->42205K(42560K) NonClass: 39390K(39616K)->39390K(39616K) Class: 2815K(2944K)->2815K(2944K)
[241.584s][info][gc             ] GC(227) Pause Young (Allocation Failure) 740M->492M(773M) 5.269ms
[241.584s][info][gc,cpu         ] GC(227) User=0.01s Sys=0.00s Real=0.01s
[242.569s][info][gc,start       ] GC(228) Pause Young (Allocation Failure)
[242.586s][info][gc,heap        ] GC(228) PSYoungGen: 249024K(288768K)->14334K(288768K) Eden: 247808K(247808K)->0K(247808K) From: 1216K(40960K)->14334K(40960K)
[242.586s][info][gc,heap        ] GC(228) ParOldGen: 503211K(503296K)->504283K(504320K)
[242.586s][info][gc,metaspace   ] GC(228) Metaspace: 42205K(42560K)->42205K(42560K) NonClass: 39390K(39616K)->39390K(39616K) Class: 2815K(2944K)->2815K(2944K)
[242.586s][info][gc             ] GC(228) Pause Young (Allocation Failure) 734M->506M(774M) 16.935ms
[242.586s][info][gc,cpu         ] GC(228) User=0.03s Sys=0.00s Real=0.02s
[243.560s][info][gc,start       ] GC(229) Pause Young (Allocation Failure)
[243.583s][info][gc,heap        ] GC(229) PSYoungGen: 262142K(288768K)->27601K(287744K) Eden: 247808K(247808K)->0K(249344K) From: 14334K(40960K)->27601K(38400K)
[243.583s][info][gc,heap        ] GC(229) ParOldGen: 504283K(504320K)->505251K(505344K)
[243.583s][info][gc,metaspace   ] GC(229) Metaspace: 42205K(42560K)->42205K(42560K) NonClass: 39390K(39616K)->39390K(39616K) Class: 2815K(2944K)->2815K(2944K)
[243.583s][info][gc             ] GC(229) Pause Young (Allocation Failure) 748M->520M(774M) 23.418ms
[243.583s][info][gc,cpu         ] GC(229) User=0.05s Sys=0.00s Real=0.03s
[244.627s][info][gc,start       ] GC(230) Pause Young (Allocation Failure)
[244.683s][info][gc,heap        ] GC(230) PSYoungGen: 276945K(287744K)->26540K(290304K) Eden: 249344K(249344K)->0K(249344K) From: 27601K(38400K)->26540K(40960K)
[244.683s][info][gc,heap        ] GC(230) ParOldGen: 505251K(505344K)->524385K(524800K)
[244.683s][info][gc,metaspace   ] GC(230) Metaspace: 42205K(42560K)->42205K(42560K) NonClass: 39390K(39616K)->39390K(39616K) Class: 2815K(2944K)->2815K(2944K)
[244.683s][info][gc             ] GC(230) Pause Young (Allocation Failure) 763M->538M(796M) 55.833ms
[244.683s][info][gc,cpu         ] GC(230) User=0.10s Sys=0.01s Real=0.06s
[245.856s][info][gc,start       ] GC(231) Pause Young (Allocation Failure)
[245.973s][info][gc,heap        ] GC(231) PSYoungGen: 275884K(290304K)->42482K(246272K) Eden: 249344K(249344K)->0K(203776K) From: 26540K(40960K)->42482K(42496K)
[245.973s][info][gc,heap        ] GC(231) ParOldGen: 524385K(524800K)->566287K(566784K)
[245.973s][info][gc,metaspace   ] GC(231) Metaspace: 42205K(42560K)->42205K(42560K) NonClass: 39390K(39616K)->39390K(39616K) Class: 2815K(2944K)->2815K(2944K)
[245.973s][info][gc             ] GC(231) Pause Young (Allocation Failure) 781M->594M(794M) 117.309ms
[245.973s][info][gc,cpu         ] GC(231) User=0.19s Sys=0.04s Real=0.12s
[246.737s][info][gc,start       ] GC(232) Pause Young (Allocation Failure)
[246.843s][info][gc,heap        ] GC(232) PSYoungGen: 246258K(246272K)->16836K(268800K) Eden: 203776K(203776K)->0K(203776K) From: 42482K(42496K)->16836K(65024K)
[246.843s][info][gc,heap        ] GC(232) ParOldGen: 566287K(566784K)->606348K(606720K)
[246.843s][info][gc,metaspace   ] GC(232) Metaspace: 42207K(42560K)->42207K(42560K) NonClass: 39392K(39616K)->39392K(39616K) Class: 2815K(2944K)->2815K(2944K)
[246.843s][info][gc             ] GC(232) Pause Young (Allocation Failure) 793M->608M(855M) 105.980ms
[246.843s][info][gc,cpu         ] GC(232) User=0.13s Sys=0.02s Real=0.11s
[247.517s][info][gc,start       ] GC(233) Pause Young (Allocation Failure)
[247.551s][info][gc,heap        ] GC(233) PSYoungGen: 220612K(268800K)->30068K(263680K) Eden: 203776K(203776K)->0K(206848K) From: 16836K(65024K)->30068K(56832K)
[247.551s][info][gc,heap        ] GC(233) ParOldGen: 606348K(606720K)->614672K(614912K)
[247.551s][info][gc,metaspace   ] GC(233) Metaspace: 42220K(42624K)->42220K(42624K) NonClass: 39404K(39680K)->39404K(39680K) Class: 2815K(2944K)->2815K(2944K)
[247.551s][info][gc             ] GC(233) Pause Young (Allocation Failure) 807M->629M(858M) 34.070ms
[247.551s][info][gc,cpu         ] GC(233) User=0.06s Sys=0.01s Real=0.03s
[248.296s][info][gc,start       ] GC(234) Pause Young (Allocation Failure)
[248.327s][info][gc,heap        ] GC(234) PSYoungGen: 236916K(263680K)->31324K(267776K) Eden: 206848K(206848K)->0K(206848K) From: 30068K(56832K)->31324K(60928K)
[248.327s][info][gc,heap        ] GC(234) ParOldGen: 614672K(614912K)->624895K(625152K)
[248.327s][info][gc,metaspace   ] GC(234) Metaspace: 42221K(42624K)->42221K(42624K) NonClass: 39405K(39680K)->39405K(39680K) Class: 2815K(2944K)->2815K(2944K)
[248.327s][info][gc             ] GC(234) Pause Young (Allocation Failure) 831M->640M(872M) 30.917ms
[248.327s][info][gc,cpu         ] GC(234) User=0.05s Sys=0.01s Real=0.03s
[249.018s][info][gc,start       ] GC(235) Pause Full (Allocation Failure)
[249.018s][info][gc,phases,start] GC(235) Marking Phase
[249.105s][info][gc,phases      ] GC(235) Marking Phase 87.331ms
[249.105s][info][gc,phases,start] GC(235) Summary Phase
[249.105s][info][gc,phases      ] GC(235) Summary Phase 0.031ms
[249.105s][info][gc,phases,start] GC(235) Forward
[249.125s][info][gc,phases      ] GC(235) Forward 19.134ms
[249.125s][info][gc,phases,start] GC(235) Adjust Pointers
[249.173s][info][gc,phases      ] GC(235) Adjust Pointers 48.771ms
[249.173s][info][gc,phases,start] GC(235) Compaction Phase
[249.199s][info][gc,phases      ] GC(235) Compaction Phase 25.117ms
[249.199s][info][gc,phases,start] GC(235) Post Compact
[249.201s][info][gc,phases      ] GC(235) Post Compact 2.602ms
[249.233s][info][gc,heap        ] GC(235) PSYoungGen: 238172K(267776K)->0K(272384K) Eden: 206848K(206848K)->0K(212480K) From: 31324K(60928K)->0K(59904K)
[249.233s][info][gc,heap        ] GC(235) ParOldGen: 624895K(625152K)->114247K(243200K)
[249.233s][info][gc,metaspace   ] GC(235) Metaspace: 42222K(42624K)->42222K(42624K) NonClass: 39407K(39680K)->39407K(39680K) Class: 2815K(2944K)->2815K(2944K)
[249.233s][info][gc             ] GC(235) Pause Full (Allocation Failure) 842M->111M(503M) 215.543ms
[249.234s][info][gc,cpu         ] GC(235) User=0.29s Sys=0.03s Real=0.22s
[250.086s][info][gc,start       ] GC(236) Pause Young (Allocation Failure)
[250.136s][info][gc,heap        ] GC(236) PSYoungGen: 212480K(272384K)->57139K(269824K) Eden: 212480K(212480K)->0K(212480K) From: 0K(59904K)->57139K(57344K)
[250.136s][info][gc,heap        ] GC(236) ParOldGen: 114247K(243200K)->114247K(243200K)
[250.136s][info][gc,metaspace   ] GC(236) Metaspace: 42222K(42624K)->42222K(42624K) NonClass: 39407K(39680K)->39407K(39680K) Class: 2815K(2944K)->2815K(2944K)
[250.136s][info][gc             ] GC(236) Pause Young (Allocation Failure) 319M->167M(501M) 50.335ms
[250.136s][info][gc,cpu         ] GC(236) User=0.10s Sys=0.00s Real=0.05s
[250.909s][info][gc,start       ] GC(237) Pause Young (Allocation Failure)
[250.977s][info][gc,heap        ] GC(237) PSYoungGen: 269619K(269824K)->63973K(216576K) Eden: 212480K(212480K)->0K(152576K) From: 57139K(57344K)->63973K(64000K)
[250.977s][info][gc,heap        ] GC(237) ParOldGen: 114247K(243200K)->147443K(243200K)
[250.977s][info][gc,metaspace   ] GC(237) Metaspace: 42224K(42624K)->42224K(42624K) NonClass: 39408K(39680K)->39408K(39680K) Class: 2816K(2944K)->2816K(2944K)
[250.977s][info][gc             ] GC(237) Pause Young (Allocation Failure) 374M->206M(449M) 68.172ms
[250.977s][info][gc,cpu         ] GC(237) User=0.13s Sys=0.00s Real=0.07s
[251.578s][info][gc,start       ] GC(238) Pause Young (Allocation Failure)
[251.613s][info][gc,heap        ] GC(238) PSYoungGen: 216549K(216576K)->55661K(208384K) Eden: 152576K(152576K)->0K(152576K) From: 63973K(64000K)->55661K(55808K)
[251.613s][info][gc,heap        ] GC(238) ParOldGen: 147443K(243200K)->149394K(243200K)
[251.613s][info][gc,metaspace   ] GC(238) Metaspace: 42226K(42624K)->42226K(42624K) NonClass: 39410K(39680K)->39410K(39680K) Class: 2816K(2944K)->2816K(2944K)
[251.614s][info][gc             ] GC(238) Pause Young (Allocation Failure) 355M->200M(441M) 35.353ms
[251.614s][info][gc,cpu         ] GC(238) User=0.07s Sys=0.00s Real=0.04s
[252.228s][info][gc,start       ] GC(239) Pause Young (Allocation Failure)
[252.307s][info][gc,heap        ] GC(239) PSYoungGen: 208237K(208384K)->79885K(219648K) Eden: 152576K(152576K)->0K(126976K) From: 55661K(55808K)->79885K(92672K)
[252.307s][info][gc,heap        ] GC(239) ParOldGen: 149394K(243200K)->197518K(243200K)
[252.307s][info][gc,metaspace   ] GC(239) Metaspace: 42226K(42624K)->42226K(42624K) NonClass: 39410K(39680K)->39410K(39680K) Class: 2816K(2944K)->2816K(2944K)
[252.307s][info][gc             ] GC(239) Pause Young (Allocation Failure) 349M->270M(452M) 79.358ms
[252.307s][info][gc,cpu         ] GC(239) User=0.16s Sys=0.00s Real=0.08s
[252.782s][info][gc,start       ] GC(240) Pause Young (Allocation Failure)
[252.870s][info][gc,heap        ] GC(240) PSYoungGen: 206861K(219648K)->41282K(230400K) Eden: 126976K(126976K)->0K(126976K) From: 79885K(92672K)->41282K(103424K)
[252.870s][info][gc,heap        ] GC(240) ParOldGen: 197518K(243200K)->271359K(271360K)
[252.870s][info][gc,metaspace   ] GC(240) Metaspace: 42227K(42624K)->42227K(42624K) NonClass: 39411K(39680K)->39411K(39680K) Class: 2816K(2944K)->2816K(2944K)
[252.870s][info][gc             ] GC(240) Pause Young (Allocation Failure) 394M->305M(490M) 88.221ms
[252.870s][info][gc,cpu         ] GC(240) User=0.14s Sys=0.02s Real=0.09s
[253.335s][info][gc,start       ] GC(241) Pause Young (Allocation Failure)
[253.368s][info][gc,heap        ] GC(241) PSYoungGen: 168258K(230400K)->1248K(227840K) Eden: 126976K(126976K)->0K(133120K) From: 41282K(103424K)->1248K(94720K)
[253.368s][info][gc,heap        ] GC(241) ParOldGen: 271359K(271360K)->297720K(297984K)
[253.368s][info][gc,metaspace   ] GC(241) Metaspace: 42227K(42624K)->42227K(42624K) NonClass: 39411K(39680K)->39411K(39680K) Class: 2816K(2944K)->2816K(2944K)
[253.368s][info][gc             ] GC(241) Pause Young (Allocation Failure) 429M->291M(513M) 32.855ms
[253.368s][info][gc,cpu         ] GC(241) User=0.04s Sys=0.02s Real=0.03s
[253.892s][info][gc,start       ] GC(242) Pause Young (Allocation Failure)
[253.910s][info][gc,heap        ] GC(242) PSYoungGen: 134368K(227840K)->21277K(231424K) Eden: 133120K(133120K)->0K(133120K) From: 1248K(94720K)->21277K(98304K)
[253.910s][info][gc,heap        ] GC(242) ParOldGen: 297720K(297984K)->298358K(298496K)
[253.910s][info][gc,metaspace   ] GC(242) Metaspace: 42227K(42624K)->42227K(42624K) NonClass: 39411K(39680K)->39411K(39680K) Class: 2816K(2944K)->2816K(2944K)
[253.910s][info][gc             ] GC(242) Pause Young (Allocation Failure) 421M->312M(517M) 17.907ms
[253.910s][info][gc,cpu         ] GC(242) User=0.03s Sys=0.00s Real=0.02s
[254.412s][info][gc,start       ] GC(243) Pause Young (Allocation Failure)
[254.435s][info][gc,heap        ] GC(243) PSYoungGen: 154397K(231424K)->33757K(224256K) Eden: 133120K(133120K)->0K(140800K) From: 21277K(98304K)->33757K(83456K)
[254.435s][info][gc,heap        ] GC(243) ParOldGen: 298358K(298496K)->298884K(299008K)
[254.435s][info][gc,metaspace   ] GC(243) Metaspace: 42227K(42624K)->42227K(42624K) NonClass: 39411K(39680K)->39411K(39680K) Class: 2816K(2944K)->2816K(2944K)
[254.435s][info][gc             ] GC(243) Pause Young (Allocation Failure) 442M->324M(511M) 23.733ms
[254.435s][info][gc,cpu         ] GC(243) User=0.05s Sys=0.00s Real=0.03s
[254.960s][info][gc,start       ] GC(244) Pause Young (Allocation Failure)
[254.968s][info][gc,heap        ] GC(244) PSYoungGen: 174557K(224256K)->10184K(229888K) Eden: 140800K(140800K)->0K(140800K) From: 33757K(83456K)->10184K(89088K)
[254.968s][info][gc,heap        ] GC(244) ParOldGen: 298884K(299008K)->299517K(299520K)
[254.968s][info][gc,metaspace   ] GC(244) Metaspace: 42227K(42624K)->42227K(42624K) NonClass: 39411K(39680K)->39411K(39680K) Class: 2816K(2944K)->2816K(2944K)
[254.968s][info][gc             ] GC(244) Pause Young (Allocation Failure) 462M->302M(517M) 8.310ms
[254.968s][info][gc,cpu         ] GC(244) User=0.02s Sys=0.00s Real=0.01s
[255.475s][info][gc,start       ] GC(245) Pause Young (Allocation Failure)
[255.499s][info][gc,heap        ] GC(245) PSYoungGen: 150984K(229888K)->35534K(234496K) Eden: 140800K(140800K)->0K(156672K) From: 10184K(89088K)->35534K(77824K)
[255.499s][info][gc,heap        ] GC(245) ParOldGen: 299517K(299520K)->300199K(300544K)
[255.499s][info][gc,metaspace   ] GC(245) Metaspace: 42227K(42624K)->42227K(42624K) NonClass: 39411K(39680K)->39411K(39680K) Class: 2816K(2944K)->2816K(2944K)
[255.499s][info][gc             ] GC(245) Pause Young (Allocation Failure) 439M->327M(522M) 24.657ms
[255.499s][info][gc,cpu         ] GC(245) User=0.05s Sys=0.01s Real=0.02s
[256.085s][info][gc,start       ] GC(246) Pause Young (Allocation Failure)
[256.099s][info][gc,heap        ] GC(246) PSYoungGen: 192206K(234496K)->17837K(240128K) Eden: 156672K(156672K)->0K(156672K) From: 35534K(77824K)->17837K(83456K)
[256.099s][info][gc,heap        ] GC(246) ParOldGen: 300199K(300544K)->300632K(301056K)
[256.099s][info][gc,metaspace   ] GC(246) Metaspace: 42227K(42624K)->42227K(42624K) NonClass: 39411K(39680K)->39411K(39680K) Class: 2816K(2944K)->2816K(2944K)
[256.099s][info][gc             ] GC(246) Pause Young (Allocation Failure) 480M->311M(528M) 13.645ms
[256.099s][info][gc,cpu         ] GC(246) User=0.02s Sys=0.00s Real=0.01s
[256.664s][info][gc,start       ] GC(247) Pause Young (Allocation Failure)
[256.681s][info][gc,heap        ] GC(247) PSYoungGen: 174509K(240128K)->25170K(240128K) Eden: 156672K(156672K)->0K(168960K) From: 17837K(83456K)->25170K(71168K)
[256.681s][info][gc,heap        ] GC(247) ParOldGen: 300632K(301056K)->301366K(301568K)
[256.681s][info][gc,metaspace   ] GC(247) Metaspace: 42227K(42624K)->42227K(42624K) NonClass: 39411K(39680K)->39411K(39680K) Class: 2816K(2944K)->2816K(2944K)
[256.681s][info][gc             ] GC(247) Pause Young (Allocation Failure) 464M->318M(529M) 16.886ms
[256.681s][info][gc,cpu         ] GC(247) User=0.03s Sys=0.00s Real=0.01s
[257.240s][info][gc,start       ] GC(248) Pause Young (Allocation Failure)
[257.279s][info][gc,heap        ] GC(248) PSYoungGen: 194130K(240128K)->23379K(246272K) Eden: 168960K(168960K)->0K(168960K) From: 25170K(71168K)->23379K(77312K)
[257.279s][info][gc,heap        ] GC(248) ParOldGen: 301366K(301568K)->324590K(324608K)
[257.279s][info][gc,metaspace   ] GC(248) Metaspace: 42227K(42624K)->42227K(42624K) NonClass: 39411K(39680K)->39411K(39680K) Class: 2816K(2944K)->2816K(2944K)
[257.279s][info][gc             ] GC(248) Pause Young (Allocation Failure) 483M->339M(557M) 39.431ms
[257.279s][info][gc,cpu         ] GC(248) User=0.05s Sys=0.02s Real=0.04s
[257.848s][info][gc,start       ] GC(249) Pause Young (Allocation Failure)
[257.876s][info][gc,heap        ] GC(249) PSYoungGen: 192339K(246272K)->1246K(254976K) Eden: 168960K(168960K)->0K(182784K) From: 23379K(77312K)->1246K(72192K)
[257.876s][info][gc,heap        ] GC(249) ParOldGen: 324590K(324608K)->347290K(347648K)
[257.876s][info][gc,metaspace   ] GC(249) Metaspace: 42227K(42624K)->42227K(42624K) NonClass: 39411K(39680K)->39411K(39680K) Class: 2816K(2944K)->2816K(2944K)
[257.876s][info][gc             ] GC(249) Pause Young (Allocation Failure) 504M->340M(588M) 27.158ms
[257.876s][info][gc,cpu         ] GC(249) User=0.03s Sys=0.03s Real=0.03s
[258.468s][info][gc,start       ] GC(250) Pause Young (Allocation Failure)
[258.472s][info][gc,heap        ] GC(250) PSYoungGen: 184030K(254976K)->1472K(257024K) Eden: 182784K(182784K)->0K(182784K) From: 1246K(72192K)->1472K(74240K)
[258.472s][info][gc,heap        ] GC(250) ParOldGen: 347290K(347648K)->347498K(347648K)
[258.472s][info][gc,metaspace   ] GC(250) Metaspace: 42227K(42624K)->42227K(42624K) NonClass: 39411K(39680K)->39411K(39680K) Class: 2816K(2944K)->2816K(2944K)
[258.472s][info][gc             ] GC(250) Pause Young (Allocation Failure) 518M->340M(590M) 3.937ms
[258.472s][info][gc,cpu         ] GC(250) User=0.01s Sys=0.00s Real=0.00s
[258.949s][info][gc,start       ] GC(251) Pause Young (Allocation Failure)
[258.957s][info][gc,heap        ] GC(251) PSYoungGen: 184256K(257024K)->4979K(256512K) Eden: 182784K(182784K)->0K(185344K) From: 1472K(74240K)->4979K(71168K)
[258.957s][info][gc,heap        ] GC(251) ParOldGen: 347498K(347648K)->347970K(348160K)
[258.957s][info][gc,metaspace   ] GC(251) Metaspace: 42230K(42624K)->42230K(42624K) NonClass: 39414K(39680K)->39414K(39680K) Class: 2816K(2944K)->2816K(2944K)
[258.957s][info][gc             ] GC(251) Pause Young (Allocation Failure) 519M->344M(590M) 7.985ms
[258.957s][info][gc,cpu         ] GC(251) User=0.02s Sys=0.00s Real=0.01s
[259.314s][info][gc,start       ] GC(252) Pause Young (Allocation Failure)
[259.321s][info][gc,heap        ] GC(252) PSYoungGen: 190323K(256512K)->3150K(258048K) Eden: 185344K(185344K)->0K(185344K) From: 4979K(71168K)->3150K(72704K)
[259.321s][info][gc,heap        ] GC(252) ParOldGen: 347970K(348160K)->349821K(350208K)
[259.321s][info][gc,metaspace   ] GC(252) Metaspace: 42230K(42624K)->42230K(42624K) NonClass: 39414K(39680K)->39414K(39680K) Class: 2816K(2944K)->2816K(2944K)
[259.321s][info][gc             ] GC(252) Pause Young (Allocation Failure) 525M->344M(594M) 7.478ms
[259.321s][info][gc,cpu         ] GC(252) User=0.01s Sys=0.00s Real=0.00s
[259.737s][info][gc,start       ] GC(253) Pause Young (Allocation Failure)
[259.746s][info][gc,heap        ] GC(253) PSYoungGen: 188494K(258048K)->14669K(252928K) Eden: 185344K(185344K)->0K(189952K) From: 3150K(72704K)->14669K(62976K)
[259.746s][info][gc,heap        ] GC(253) ParOldGen: 349821K(350208K)->349853K(350208K)
[259.746s][info][gc,metaspace   ] GC(253) Metaspace: 42230K(42624K)->42230K(42624K) NonClass: 39414K(39680K)->39414K(39680K) Class: 2816K(2944K)->2816K(2944K)
[259.746s][info][gc             ] GC(253) Pause Young (Allocation Failure) 525M->355M(589M) 9.079ms
[259.746s][info][gc,cpu         ] GC(253) User=0.02s Sys=0.00s Real=0.01s
[260.109s][info][gc,start       ] GC(254) Pause Young (Allocation Failure)
[260.122s][info][gc,heap        ] GC(254) PSYoungGen: 204497K(252928K)->6435K(257024K) Eden: 189827K(189952K)->0K(189952K) From: 14669K(62976K)->6435K(67072K)
[260.122s][info][gc,heap        ] GC(254) ParOldGen: 349853K(350208K)->355975K(356352K)
[260.122s][info][gc,metaspace   ] GC(254) Metaspace: 42239K(42624K)->42239K(42624K) NonClass: 39422K(39680K)->39422K(39680K) Class: 2817K(2944K)->2817K(2944K)
[260.122s][info][gc             ] GC(254) Pause Young (Allocation Failure) 541M->353M(599M) 13.233ms
[260.122s][info][gc,cpu         ] GC(254) User=0.02s Sys=0.01s Real=0.01s
[260.387s][info][gc,start       ] GC(255) Pause Young (Allocation Failure)
[260.397s][info][gc,heap        ] GC(255) PSYoungGen: 194787K(257024K)->2101K(262144K) Eden: 188351K(189952K)->0K(202240K) From: 6435K(67072K)->2101K(59904K)
[260.397s][info][gc,heap        ] GC(255) ParOldGen: 355975K(356352K)->360546K(360960K)
[260.397s][info][gc,metaspace   ] GC(255) Metaspace: 42239K(42624K)->42239K(42624K) NonClass: 39422K(39680K)->39422K(39680K) Class: 2817K(2944K)->2817K(2944K)
[260.397s][info][gc             ] GC(255) Pause Young (Allocation Failure) 537M->354M(608M) 10.594ms
[260.397s][info][gc,cpu         ] GC(255) User=0.02s Sys=0.00s Real=0.01s
[260.680s][info][gc,start       ] GC(256) Pause Young (Allocation Failure)
[260.687s][info][gc,heap        ] GC(256) PSYoungGen: 203809K(262144K)->2112K(265216K) Eden: 201708K(202240K)->0K(202240K) From: 2101K(59904K)->2112K(62976K)
[260.687s][info][gc,heap        ] GC(256) ParOldGen: 360546K(360960K)->362601K(363008K)
[260.687s][info][gc,metaspace   ] GC(256) Metaspace: 42239K(42624K)->42239K(42624K) NonClass: 39422K(39680K)->39422K(39680K) Class: 2817K(2944K)->2817K(2944K)
[260.687s][info][gc             ] GC(256) Pause Young (Allocation Failure) 551M->356M(613M) 7.043ms
[260.687s][info][gc,cpu         ] GC(256) User=0.01s Sys=0.00s Real=0.01s
[260.972s][info][gc,start       ] GC(257) Pause Young (Allocation Failure)
[260.979s][info][gc,heap        ] GC(257) PSYoungGen: 203395K(265216K)->2777K(264704K) Eden: 201283K(202240K)->0K(209920K) From: 2112K(62976K)->2777K(54784K)
[260.979s][info][gc,heap        ] GC(257) ParOldGen: 362601K(363008K)->364689K(365056K)
[260.979s][info][gc,metaspace   ] GC(257) Metaspace: 42239K(42624K)->42239K(42624K) NonClass: 39422K(39680K)->39422K(39680K) Class: 2817K(2944K)->2817K(2944K)
[260.979s][info][gc             ] GC(257) Pause Young (Allocation Failure) 552M->358M(615M) 7.470ms
[260.979s][info][gc,cpu         ] GC(257) User=0.02s Sys=0.00s Real=0.01s
[261.348s][info][gc,start       ] GC(258) Pause Young (Allocation Failure)
[261.360s][info][gc,heap        ] GC(258) PSYoungGen: 212697K(264704K)->7096K(268288K) Eden: 209920K(209920K)->0K(209920K) From: 2777K(54784K)->7096K(58368K)
[261.360s][info][gc,heap        ] GC(258) ParOldGen: 364689K(365056K)->367351K(367616K)
[261.360s][info][gc,metaspace   ] GC(258) Metaspace: 42239K(42624K)->42239K(42624K) NonClass: 39422K(39680K)->39422K(39680K) Class: 2817K(2944K)->2817K(2944K)
[261.360s][info][gc             ] GC(258) Pause Young (Allocation Failure) 563M->365M(621M) 12.241ms
[261.360s][info][gc,cpu         ] GC(258) User=0.02s Sys=0.01s Real=0.01s
[261.684s][info][gc,start       ] GC(259) Pause Young (Allocation Failure)
[261.702s][info][gc,heap        ] GC(259) PSYoungGen: 215182K(268288K)->6273K(269824K) Eden: 208086K(209920K)->0K(220160K) From: 7096K(58368K)->6273K(49664K)
[261.702s][info][gc,heap        ] GC(259) ParOldGen: 367351K(367616K)->374427K(374784K)
[261.702s][info][gc,metaspace   ] GC(259) Metaspace: 42239K(42624K)->42239K(42624K) NonClass: 39422K(39680K)->39422K(39680K) Class: 2817K(2944K)->2817K(2944K)
[261.702s][info][gc             ] GC(259) Pause Young (Allocation Failure) 568M->371M(629M) 17.674ms
[261.702s][info][gc,cpu         ] GC(259) User=0.03s Sys=0.00s Real=0.01s
[262.028s][info][gc,start       ] GC(260) Pause Young (Allocation Failure)
[262.043s][info][gc,heap        ] GC(260) PSYoungGen: 224988K(269824K)->3601K(272896K) Eden: 218714K(220160K)->0K(220160K) From: 6273K(49664K)->3601K(52736K)
[262.043s][info][gc,heap        ] GC(260) ParOldGen: 374427K(374784K)->380812K(380928K)
[262.043s][info][gc,metaspace   ] GC(260) Metaspace: 42239K(42624K)->42239K(42624K) NonClass: 39422K(39680K)->39422K(39680K) Class: 2817K(2944K)->2817K(2944K)
[262.043s][info][gc             ] GC(260) Pause Young (Allocation Failure) 585M->375M(638M) 14.604ms
[262.043s][info][gc,cpu         ] GC(260) User=0.02s Sys=0.00s Real=0.02s
[262.545s][info][gc,start       ] GC(261) Pause Young (Allocation Failure)
[262.563s][info][gc,heap        ] GC(261) PSYoungGen: 223761K(272896K)->14950K(275456K) Eden: 220160K(220160K)->0K(230912K) From: 3601K(52736K)->14950K(44544K)
[262.563s][info][gc,heap        ] GC(261) ParOldGen: 380812K(380928K)->384189K(384512K)
[262.563s][info][gc,metaspace   ] GC(261) Metaspace: 42247K(42624K)->42247K(42624K) NonClass: 39430K(39680K)->39430K(39680K) Class: 2817K(2944K)->2817K(2944K)
[262.563s][info][gc             ] GC(261) Pause Young (Allocation Failure) 590M->389M(644M) 18.187ms
[262.563s][info][gc,cpu         ] GC(261) User=0.03s Sys=0.00s Real=0.02s
[263.145s][info][gc,start       ] GC(262) Pause Young (Allocation Failure)
[263.166s][info][gc,heap        ] GC(262) PSYoungGen: 245862K(275456K)->2328K(278528K) Eden: 230912K(230912K)->0K(230912K) From: 14950K(44544K)->2328K(47616K)
[263.166s][info][gc,heap        ] GC(262) ParOldGen: 384189K(384512K)->398550K(398848K)
[263.166s][info][gc,metaspace   ] GC(262) Metaspace: 42268K(42688K)->42268K(42688K) NonClass: 39451K(39744K)->39451K(39744K) Class: 2817K(2944K)->2817K(2944K)
[263.166s][info][gc             ] GC(262) Pause Young (Allocation Failure) 615M->391M(661M) 21.177ms
[263.166s][info][gc,cpu         ] GC(262) User=0.04s Sys=0.00s Real=0.02s
[263.749s][info][gc,start       ] GC(263) Pause Young (Allocation Failure)
[263.755s][info][gc,heap        ] GC(263) PSYoungGen: 233240K(278528K)->3408K(281088K) Eden: 230912K(230912K)->0K(240640K) From: 2328K(47616K)->3408K(40448K)
[263.755s][info][gc,heap        ] GC(263) ParOldGen: 398550K(398848K)->399214K(399360K)
[263.755s][info][gc,metaspace   ] GC(263) Metaspace: 42269K(42688K)->42269K(42688K) NonClass: 39452K(39744K)->39452K(39744K) Class: 2817K(2944K)->2817K(2944K)
[263.755s][info][gc             ] GC(263) Pause Young (Allocation Failure) 616M->393M(664M) 5.399ms
[263.755s][info][gc,cpu         ] GC(263) User=0.01s Sys=0.00s Real=0.01s
[264.364s][info][gc,start       ] GC(264) Pause Young (Allocation Failure)
[264.366s][info][gc,heap        ] GC(264) PSYoungGen: 244048K(281088K)->608K(284160K) Eden: 240640K(240640K)->0K(240640K) From: 3408K(40448K)->608K(43520K)
[264.366s][info][gc,heap        ] GC(264) ParOldGen: 399214K(399360K)->399214K(399360K)
[264.366s][info][gc,metaspace   ] GC(264) Metaspace: 42284K(42688K)->42284K(42688K) NonClass: 39467K(39744K)->39467K(39744K) Class: 2817K(2944K)->2817K(2944K)
[264.366s][info][gc             ] GC(264) Pause Young (Allocation Failure) 628M->390M(667M) 2.227ms
[264.366s][info][gc,cpu         ] GC(264) User=0.01s Sys=0.00s Real=0.00s
[264.945s][info][gc,start       ] GC(265) Pause Young (Allocation Failure)
[264.948s][info][gc,heap        ] GC(265) PSYoungGen: 241248K(284160K)->1854K(284672K) Eden: 240640K(240640K)->0K(248320K) From: 608K(43520K)->1854K(36352K)
[264.948s][info][gc,heap        ] GC(265) ParOldGen: 399214K(399360K)->399254K(399360K)
[264.948s][info][gc,metaspace   ] GC(265) Metaspace: 42352K(42752K)->42352K(42752K) NonClass: 39535K(39808K)->39535K(39808K) Class: 2817K(2944K)->2817K(2944K)
[264.948s][info][gc             ] GC(265) Pause Young (Allocation Failure) 625M->391M(668M) 2.970ms
[264.948s][info][gc,cpu         ] GC(265) User=0.01s Sys=0.00s Real=0.00s
[265.583s][info][gc,start       ] GC(266) Pause Young (Allocation Failure)
[265.590s][info][gc,heap        ] GC(266) PSYoungGen: 250174K(284672K)->7269K(288256K) Eden: 248320K(248320K)->0K(248320K) From: 1854K(36352K)->7269K(39936K)
[265.591s][info][gc,heap        ] GC(266) ParOldGen: 399254K(399360K)->399829K(399872K)
[265.591s][info][gc,metaspace   ] GC(266) Metaspace: 42459K(42880K)->42459K(42880K) NonClass: 39642K(39936K)->39642K(39936K) Class: 2817K(2944K)->2817K(2944K)
[265.591s][info][gc             ] GC(266) Pause Young (Allocation Failure) 634M->397M(672M) 7.363ms
[265.591s][info][gc,cpu         ] GC(266) User=0.01s Sys=0.01s Real=0.00s
[266.828s][info][gc,start       ] GC(267) Pause Young (Allocation Failure)
[266.834s][info][gc,heap        ] GC(267) PSYoungGen: 255589K(288256K)->3346K(288768K) Eden: 248320K(248320K)->0K(256512K) From: 7269K(39936K)->3346K(32256K)
[266.834s][info][gc,heap        ] GC(267) ParOldGen: 399829K(399872K)->399941K(400384K)
[266.834s][info][gc,metaspace   ] GC(267) Metaspace: 42465K(42880K)->42465K(42880K) NonClass: 39648K(39936K)->39648K(39936K) Class: 2817K(2944K)->2817K(2944K)
[266.834s][info][gc             ] GC(267) Pause Young (Allocation Failure) 640M->393M(673M) 5.879ms
[266.834s][info][gc,cpu         ] GC(267) User=0.01s Sys=0.00s Real=0.01s
[267.940s][info][gc,start       ] GC(268) Pause Young (Allocation Failure)
[267.968s][info][gc,heap        ] GC(268) PSYoungGen: 259858K(288768K)->21444K(291840K) Eden: 256512K(256512K)->0K(256512K) From: 3346K(32256K)->21444K(35328K)
[267.968s][info][gc,heap        ] GC(268) ParOldGen: 399941K(400384K)->403080K(403456K)
[267.968s][info][gc,metaspace   ] GC(268) Metaspace: 42494K(42880K)->42494K(42880K) NonClass: 39677K(39936K)->39677K(39936K) Class: 2817K(2944K)->2817K(2944K)
[267.968s][info][gc             ] GC(268) Pause Young (Allocation Failure) 644M->414M(679M) 28.193ms
[267.968s][info][gc,cpu         ] GC(268) User=0.05s Sys=0.00s Real=0.03s
[268.697s][info][gc,start       ] GC(269) Pause Young (Allocation Failure)
[268.763s][info][gc,heap        ] GC(269) PSYoungGen: 277956K(291840K)->28876K(287232K) Eden: 256512K(256512K)->0K(249856K) From: 21444K(35328K)->28876K(37376K)
[268.763s][info][gc,heap        ] GC(269) ParOldGen: 403080K(403456K)->424171K(424448K)
[268.763s][info][gc,metaspace   ] GC(269) Metaspace: 42494K(42880K)->42494K(42880K) NonClass: 39677K(39936K)->39677K(39936K) Class: 2817K(2944K)->2817K(2944K)
[268.763s][info][gc             ] GC(269) Pause Young (Allocation Failure) 665M->442M(695M) 65.581ms
[268.763s][info][gc,cpu         ] GC(269) User=0.11s Sys=0.02s Real=0.07s
[269.402s][info][gc,start       ] GC(270) Pause Young (Allocation Failure)
[269.474s][info][gc,heap        ] GC(270) PSYoungGen: 278732K(287232K)->25597K(275456K) Eden: 249856K(249856K)->0K(249856K) From: 28876K(37376K)->25597K(25600K)
[269.474s][info][gc,heap        ] GC(270) ParOldGen: 424171K(424448K)->453195K(453632K)
[269.474s][info][gc,metaspace   ] GC(270) Metaspace: 42496K(42880K)->42496K(42880K) NonClass: 39678K(39936K)->39678K(39936K) Class: 2817K(2944K)->2817K(2944K)
[269.474s][info][gc             ] GC(270) Pause Young (Allocation Failure) 686M->467M(712M) 72.223ms
[269.474s][info][gc,cpu         ] GC(270) User=0.12s Sys=0.02s Real=0.08s
[270.973s][info][gc,start       ] GC(271) Pause Young (Allocation Failure)
[271.050s][info][gc,heap        ] GC(271) PSYoungGen: 275453K(275456K)->33098K(280576K) Eden: 249856K(249856K)->0K(236544K) From: 25597K(25600K)->33098K(44032K)
[271.050s][info][gc,heap        ] GC(271) ParOldGen: 453195K(453632K)->478617K(478720K)
[271.050s][info][gc,metaspace   ] GC(271) Metaspace: 42497K(42880K)->42497K(42880K) NonClass: 39680K(39936K)->39680K(39936K) Class: 2817K(2944K)->2817K(2944K)
[271.050s][info][gc             ] GC(271) Pause Young (Allocation Failure) 711M->499M(741M) 77.522ms
[271.050s][info][gc,cpu         ] GC(271) User=0.13s Sys=0.02s Real=0.07s
[274.446s][info][gc,start       ] GC(272) Pause Young (Allocation Failure)
[274.481s][info][gc,heap        ] GC(272) PSYoungGen: 269642K(280576K)->3456K(285184K) Eden: 236544K(236544K)->0K(236544K) From: 33098K(44032K)->3456K(48640K)
[274.481s][info][gc,heap        ] GC(272) ParOldGen: 478617K(478720K)->501873K(502272K)
[274.481s][info][gc,metaspace   ] GC(272) Metaspace: 42526K(42944K)->42526K(42944K) NonClass: 39709K(40000K)->39709K(40000K) Class: 2817K(2944K)->2817K(2944K)
[274.481s][info][gc             ] GC(272) Pause Young (Allocation Failure) 730M->493M(769M) 35.004ms
[274.481s][info][gc,cpu         ] GC(272) User=0.05s Sys=0.02s Real=0.03s
[275.149s][info][gc,start       ] GC(273) Pause Young (Allocation Failure)
[275.179s][info][gc,heap        ] GC(273) PSYoungGen: 240000K(285184K)->25280K(284672K) Eden: 236544K(236544K)->0K(237568K) From: 3456K(48640K)->25280K(47104K)
[275.179s][info][gc,heap        ] GC(273) ParOldGen: 501873K(502272K)->504945K(505344K)
[275.179s][info][gc,metaspace   ] GC(273) Metaspace: 42532K(42944K)->42532K(42944K) NonClass: 39714K(40000K)->39714K(40000K) Class: 2817K(2944K)->2817K(2944K)
[275.179s][info][gc             ] GC(273) Pause Young (Allocation Failure) 724M->517M(771M) 30.087ms
[275.179s][info][gc,cpu         ] GC(273) User=0.06s Sys=0.00s Real=0.03s
[275.805s][info][gc,start       ] GC(274) Pause Young (Allocation Failure)
[275.874s][info][gc,heap        ] GC(274) PSYoungGen: 262848K(284672K)->29176K(266752K) Eden: 237568K(237568K)->0K(237568K) From: 25280K(47104K)->29176K(29184K)
[275.874s][info][gc,heap        ] GC(274) ParOldGen: 504945K(505344K)->529505K(529920K)
[275.874s][info][gc,metaspace   ] GC(274) Metaspace: 42532K(42944K)->42532K(42944K) NonClass: 39714K(40000K)->39714K(40000K) Class: 2817K(2944K)->2817K(2944K)
[275.874s][info][gc             ] GC(274) Pause Young (Allocation Failure) 749M->545M(778M) 68.719ms
[275.874s][info][gc,cpu         ] GC(274) User=0.12s Sys=0.02s Real=0.07s
[276.497s][info][gc,start       ] GC(275) Pause Young (Allocation Failure)
[276.568s][info][gc,heap        ] GC(275) PSYoungGen: 266744K(266752K)->29872K(280576K) Eden: 237568K(237568K)->0K(230400K) From: 29176K(29184K)->29872K(50176K)
[276.568s][info][gc,heap        ] GC(275) ParOldGen: 529505K(529920K)->556985K(557056K)
[276.568s][info][gc,metaspace   ] GC(275) Metaspace: 42532K(42944K)->42532K(42944K) NonClass: 39714K(40000K)->39714K(40000K) Class: 2817K(2944K)->2817K(2944K)
[276.568s][info][gc             ] GC(275) Pause Young (Allocation Failure) 777M->573M(818M) 71.284ms
[276.568s][info][gc,cpu         ] GC(275) User=0.13s Sys=0.02s Real=0.07s
[278.348s][info][gc,start       ] GC(276) Pause Young (Allocation Failure)
[278.400s][info][gc,heap        ] GC(276) PSYoungGen: 260272K(280576K)->15841K(246272K) Eden: 230400K(230400K)->0K(230400K) From: 29872K(50176K)->15841K(15872K)
[278.400s][info][gc,heap        ] GC(276) ParOldGen: 556985K(557056K)->587082K(587264K)
[278.400s][info][gc,metaspace   ] GC(276) Metaspace: 42532K(42944K)->42532K(42944K) NonClass: 39715K(40000K)->39715K(40000K) Class: 2817K(2944K)->2817K(2944K)
[278.400s][info][gc             ] GC(276) Pause Young (Allocation Failure) 798M->588M(814M) 52.619ms
[278.401s][info][gc,cpu         ] GC(276) User=0.07s Sys=0.03s Real=0.05s
[279.847s][info][gc,start       ] GC(277) Pause Young (Allocation Failure)
[279.869s][info][gc,heap        ] GC(277) PSYoungGen: 246241K(246272K)->4852K(281600K) Eden: 230400K(230400K)->0K(232960K) From: 15841K(15872K)->4852K(48640K)
[279.869s][info][gc,heap        ] GC(277) ParOldGen: 587082K(587264K)->598556K(599040K)
[279.869s][info][gc,metaspace   ] GC(277) Metaspace: 42532K(42944K)->42532K(42944K) NonClass: 39715K(40000K)->39715K(40000K) Class: 2817K(2944K)->2817K(2944K)
[279.869s][info][gc             ] GC(277) Pause Young (Allocation Failure) 813M->589M(860M) 21.834ms
[279.869s][info][gc,cpu         ] GC(277) User=0.03s Sys=0.01s Real=0.02s
[281.426s][info][gc,start       ] GC(278) Pause Young (Allocation Failure)
[281.457s][info][gc,heap        ] GC(278) PSYoungGen: 237812K(281600K)->24255K(280576K) Eden: 232960K(232960K)->0K(232960K) From: 4852K(48640K)->24255K(47616K)
[281.457s][info][gc,heap        ] GC(278) ParOldGen: 598556K(599040K)->603316K(603648K)
[281.457s][info][gc,metaspace   ] GC(278) Metaspace: 42533K(42944K)->42533K(42944K) NonClass: 39715K(40000K)->39715K(40000K) Class: 2817K(2944K)->2817K(2944K)
[281.457s][info][gc             ] GC(278) Pause Young (Allocation Failure) 816M->612M(863M) 30.761ms
[281.457s][info][gc,cpu         ] GC(278) User=0.06s Sys=0.00s Real=0.03s
[282.999s][info][gc,start       ] GC(279) Pause Young (Allocation Failure)
[283.053s][info][gc,heap        ] GC(279) PSYoungGen: 257215K(280576K)->20969K(284160K) Eden: 232960K(232960K)->0K(238592K) From: 24255K(47616K)->20969K(45568K)
[283.053s][info][gc,heap        ] GC(279) ParOldGen: 603316K(603648K)->627422K(627712K)
[283.053s][info][gc,metaspace   ] GC(279) Metaspace: 42533K(42944K)->42533K(42944K) NonClass: 39715K(40000K)->39715K(40000K) Class: 2817K(2944K)->2817K(2944K)
[283.053s][info][gc             ] GC(279) Pause Young (Allocation Failure) 840M->633M(890M) 53.811ms
[283.053s][info][gc,cpu         ] GC(279) User=0.09s Sys=0.01s Real=0.06s
[284.415s][info][gc,start       ] GC(280) Pause Full (Allocation Failure)
[284.415s][info][gc,phases,start] GC(280) Marking Phase
[284.474s][info][gc,phases      ] GC(280) Marking Phase 58.798ms
[284.474s][info][gc,phases,start] GC(280) Summary Phase
[284.474s][info][gc,phases      ] GC(280) Summary Phase 0.033ms
[284.474s][info][gc,phases,start] GC(280) Forward
[284.481s][info][gc,phases      ] GC(280) Forward 7.203ms
[284.481s][info][gc,phases,start] GC(280) Adjust Pointers
[284.511s][info][gc,phases      ] GC(280) Adjust Pointers 29.245ms
[284.511s][info][gc,phases,start] GC(280) Compaction Phase
[284.518s][info][gc,phases      ] GC(280) Compaction Phase 7.764ms
[284.519s][info][gc,phases,start] GC(280) Post Compact
[284.522s][info][gc,phases      ] GC(280) Post Compact 3.070ms
[284.565s][info][gc,heap        ] GC(280) PSYoungGen: 259561K(284160K)->0K(284672K) Eden: 238592K(238592K)->0K(238592K) From: 20969K(45568K)->0K(46080K)
[284.565s][info][gc,heap        ] GC(280) ParOldGen: 627422K(627712K)->59222K(188928K)
[284.565s][info][gc,metaspace   ] GC(280) Metaspace: 42533K(42944K)->42533K(42944K) NonClass: 39715K(40000K)->39715K(40000K) Class: 2817K(2944K)->2817K(2944K)
[284.565s][info][gc             ] GC(280) Pause Full (Allocation Failure) 866M->57M(462M) 149.658ms
[284.565s][info][gc,cpu         ] GC(280) User=0.14s Sys=0.04s Real=0.15s
[285.244s][info][gc,start       ] GC(281) Pause Young (Allocation Failure)
[285.274s][info][gc,heap        ] GC(281) PSYoungGen: 238592K(284672K)->29644K(284672K) Eden: 238592K(238592K)->0K(238592K) From: 0K(46080K)->29644K(46080K)
[285.274s][info][gc,heap        ] GC(281) ParOldGen: 59222K(188928K)->59222K(188928K)
[285.274s][info][gc,metaspace   ] GC(281) Metaspace: 42533K(42944K)->42533K(42944K) NonClass: 39715K(40000K)->39715K(40000K) Class: 2817K(2944K)->2817K(2944K)
[285.274s][info][gc             ] GC(281) Pause Young (Allocation Failure) 290M->86M(462M) 29.980ms
[285.274s][info][gc,cpu         ] GC(281) User=0.06s Sys=0.00s Real=0.03s
[285.908s][info][gc,start       ] GC(282) Pause Young (Allocation Failure)
[285.965s][info][gc,heap        ] GC(282) PSYoungGen: 268236K(284672K)->29080K(267776K) Eden: 238592K(238592K)->0K(238592K) From: 29644K(46080K)->29080K(29184K)
[285.965s][info][gc,heap        ] GC(282) ParOldGen: 59222K(188928K)->88196K(188928K)
[285.965s][info][gc,metaspace   ] GC(282) Metaspace: 42533K(42944K)->42533K(42944K) NonClass: 39715K(40000K)->39715K(40000K) Class: 2817K(2944K)->2817K(2944K)
[285.965s][info][gc             ] GC(282) Pause Young (Allocation Failure) 319M->114M(446M) 57.840ms
[285.965s][info][gc,cpu         ] GC(282) User=0.11s Sys=0.00s Real=0.06s
[286.824s][info][gc,start       ] GC(283) Pause Young (Allocation Failure)
[286.893s][info][gc,heap        ] GC(283) PSYoungGen: 267672K(267776K)->39639K(275968K) Eden: 238592K(238592K)->0K(227328K) From: 29080K(29184K)->39639K(48640K)
[286.893s][info][gc,heap        ] GC(283) ParOldGen: 88196K(188928K)->115597K(188928K)
[286.893s][info][gc,metaspace   ] GC(283) Metaspace: 42533K(42944K)->42533K(42944K) NonClass: 39715K(40000K)->39715K(40000K) Class: 2817K(2944K)->2817K(2944K)
[286.893s][info][gc             ] GC(283) Pause Young (Allocation Failure) 347M->151M(454M) 68.977ms
[286.893s][info][gc,cpu         ] GC(283) User=0.14s Sys=0.00s Real=0.07s
[288.615s][info][gc,start       ] GC(284) Pause Young (Allocation Failure)
[288.654s][info][gc,heap        ] GC(284) PSYoungGen: 266967K(275968K)->7507K(280576K) Eden: 227328K(227328K)->0K(227328K) From: 39639K(48640K)->7507K(53248K)
[288.654s][info][gc,heap        ] GC(284) ParOldGen: 115597K(188928K)->143245K(188928K)
[288.654s][info][gc,metaspace   ] GC(284) Metaspace: 42533K(42944K)->42533K(42944K) NonClass: 39715K(40000K)->39715K(40000K) Class: 2817K(2944K)->2817K(2944K)
[288.654s][info][gc             ] GC(284) Pause Young (Allocation Failure) 373M->147M(458M) 38.992ms
[288.654s][info][gc,cpu         ] GC(284) User=0.07s Sys=0.00s Real=0.04s
[290.054s][info][gc,start       ] GC(285) Pause Young (Allocation Failure)
[290.061s][info][gc,heap        ] GC(285) PSYoungGen: 234835K(280576K)->1044K(280064K) Eden: 227328K(227328K)->0K(227840K) From: 7507K(53248K)->1044K(52224K)
[290.061s][info][gc,heap        ] GC(285) ParOldGen: 143245K(188928K)->149363K(188928K)
[290.061s][info][gc,metaspace   ] GC(285) Metaspace: 42533K(42944K)->42533K(42944K) NonClass: 39715K(40000K)->39715K(40000K) Class: 2817K(2944K)->2817K(2944K)
[290.061s][info][gc             ] GC(285) Pause Young (Allocation Failure) 369M->146M(458M) 7.238ms
[290.061s][info][gc,cpu         ] GC(285) User=0.01s Sys=0.00s Real=0.00s
[291.487s][info][gc,start       ] GC(286) Pause Young (Allocation Failure)
[291.512s][info][gc,heap        ] GC(286) PSYoungGen: 228884K(280064K)->23098K(251392K) Eden: 227840K(227840K)->0K(227840K) From: 1044K(52224K)->23098K(23552K)
[291.512s][info][gc,heap        ] GC(286) ParOldGen: 149363K(188928K)->150228K(188928K)
[291.512s][info][gc,metaspace   ] GC(286) Metaspace: 42533K(42944K)->42533K(42944K) NonClass: 39715K(40000K)->39715K(40000K) Class: 2817K(2944K)->2817K(2944K)
[291.512s][info][gc             ] GC(286) Pause Young (Allocation Failure) 369M->169M(430M) 24.907ms
[291.512s][info][gc,cpu         ] GC(286) User=0.05s Sys=0.00s Real=0.02s
[292.979s][info][gc,start       ] GC(287) Pause Young (Allocation Failure)
[293.019s][info][gc,heap        ] GC(287) PSYoungGen: 250938K(251392K)->22396K(281088K) Eden: 227840K(227840K)->0K(230400K) From: 23098K(23552K)->22396K(50688K)
[293.019s][info][gc,heap        ] GC(287) ParOldGen: 150228K(188928K)->173427K(188928K)
[293.019s][info][gc,metaspace   ] GC(287) Metaspace: 42533K(42944K)->42533K(42944K) NonClass: 39715K(40000K)->39715K(40000K) Class: 2817K(2944K)->2817K(2944K)
[293.019s][info][gc             ] GC(287) Pause Young (Allocation Failure) 391M->191M(459M) 40.298ms
[293.019s][info][gc,cpu         ] GC(287) User=0.08s Sys=0.00s Real=0.04s
[294.349s][info][gc,start       ] GC(288) Pause Young (Allocation Failure)
[294.393s][info][gc,heap        ] GC(288) PSYoungGen: 252794K(281088K)->26147K(279552K) Eden: 230397K(230400K)->0K(230400K) From: 22396K(50688K)->26147K(49152K)
[294.393s][info][gc,heap        ] GC(288) ParOldGen: 173427K(188928K)->195695K(196096K)
[294.393s][info][gc,metaspace   ] GC(288) Metaspace: 42539K(42944K)->42539K(42944K) NonClass: 39722K(40000K)->39722K(40000K) Class: 2817K(2944K)->2817K(2944K)
[294.393s][info][gc             ] GC(288) Pause Young (Allocation Failure) 416M->216M(464M) 44.209ms
[294.394s][info][gc,cpu         ] GC(288) User=0.08s Sys=0.01s Real=0.05s
[295.290s][info][gc,start       ] GC(289) Pause Young (Allocation Failure)
[295.322s][info][gc,heap        ] GC(289) PSYoungGen: 256547K(279552K)->12577K(283136K) Eden: 230399K(230400K)->0K(235520K) From: 26147K(49152K)->12577K(47616K)
[295.322s][info][gc,heap        ] GC(289) ParOldGen: 195695K(196096K)->213104K(213504K)
[295.322s][info][gc,metaspace   ] GC(289) Metaspace: 42549K(42944K)->42549K(42944K) NonClass: 39732K(40000K)->39732K(40000K) Class: 2817K(2944K)->2817K(2944K)
[295.322s][info][gc             ] GC(289) Pause Young (Allocation Failure) 441M->220M(485M) 32.034ms
[295.322s][info][gc,cpu         ] GC(289) User=0.06s Sys=0.01s Real=0.03s
[296.295s][info][gc,start       ] GC(290) Pause Young (Allocation Failure)
[296.307s][info][gc,heap        ] GC(290) PSYoungGen: 248097K(283136K)->14004K(282624K) Eden: 235520K(235520K)->0K(235520K) From: 12577K(47616K)->14004K(47104K)
[296.307s][info][gc,heap        ] GC(290) ParOldGen: 213104K(213504K)->213872K(214016K)
[296.307s][info][gc,metaspace   ] GC(290) Metaspace: 42549K(42944K)->42549K(42944K) NonClass: 39732K(40000K)->39732K(40000K) Class: 2817K(2944K)->2817K(2944K)
[296.308s][info][gc             ] GC(290) Pause Young (Allocation Failure) 450M->222M(485M) 12.278ms
[296.308s][info][gc,cpu         ] GC(290) User=0.03s Sys=0.00s Real=0.01s
[297.317s][info][gc,start       ] GC(291) Pause Young (Allocation Failure)
[297.325s][info][gc,heap        ] GC(291) PSYoungGen: 249524K(282624K)->7309K(284672K) Eden: 235520K(235520K)->0K(239616K) From: 14004K(47104K)->7309K(45056K)
[297.325s][info][gc,heap        ] GC(291) ParOldGen: 213872K(214016K)->214880K(215040K)
[297.325s][info][gc,metaspace   ] GC(291) Metaspace: 42549K(42944K)->42549K(42944K) NonClass: 39732K(40000K)->39732K(40000K) Class: 2817K(2944K)->2817K(2944K)
[297.325s][info][gc             ] GC(291) Pause Young (Allocation Failure) 452M->216M(488M) 8.793ms
[297.326s][info][gc,cpu         ] GC(291) User=0.02s Sys=0.00s Real=0.01s
[298.204s][info][gc,start       ] GC(292) Pause Young (Allocation Failure)
[298.217s][info][gc,heap        ] GC(292) PSYoungGen: 246925K(284672K)->11027K(284160K) Eden: 239616K(239616K)->0K(239616K) From: 7309K(45056K)->11027K(44544K)
[298.217s][info][gc,heap        ] GC(292) ParOldGen: 214880K(215040K)->216479K(216576K)
[298.217s][info][gc,metaspace   ] GC(292) Metaspace: 42549K(42944K)->42549K(42944K) NonClass: 39732K(40000K)->39732K(40000K) Class: 2817K(2944K)->2817K(2944K)
[298.217s][info][gc             ] GC(292) Pause Young (Allocation Failure) 450M->222M(489M) 13.014ms
[298.217s][info][gc,cpu         ] GC(292) User=0.02s Sys=0.01s Real=0.01s
[299.235s][info][gc,start       ] GC(293) Pause Young (Allocation Failure)
[299.256s][info][gc,heap        ] GC(293) PSYoungGen: 250643K(284160K)->20491K(287744K) Eden: 239616K(239616K)->0K(245760K) From: 11027K(44544K)->20491K(41984K)
[299.256s][info][gc,heap        ] GC(293) ParOldGen: 216479K(216576K)->217567K(217600K)
[299.256s][info][gc,metaspace   ] GC(293) Metaspace: 42560K(42944K)->42560K(42944K) NonClass: 39742K(40000K)->39742K(40000K) Class: 2818K(2944K)->2818K(2944K)
[299.256s][info][gc             ] GC(293) Pause Young (Allocation Failure) 456M->232M(493M) 21.279ms
[299.256s][info][gc,cpu         ] GC(293) User=0.04s Sys=0.01s Real=0.02s
[300.464s][info][gc,start       ] GC(294) Pause Young (Allocation Failure)
[300.492s][info][gc,heap        ] GC(294) PSYoungGen: 266251K(287744K)->16556K(287232K) Eden: 245760K(245760K)->0K(245760K) From: 20491K(41984K)->16556K(41472K)
[300.492s][info][gc,heap        ] GC(294) ParOldGen: 217567K(217600K)->225526K(225792K)
[300.492s][info][gc,metaspace   ] GC(294) Metaspace: 42561K(42944K)->42561K(42944K) NonClass: 39742K(40000K)->39742K(40000K) Class: 2818K(2944K)->2818K(2944K)
[300.492s][info][gc             ] GC(294) Pause Young (Allocation Failure) 472M->236M(501M) 28.828ms
[300.492s][info][gc,cpu         ] GC(294) User=0.05s Sys=0.01s Real=0.02s
[301.417s][info][gc,start       ] GC(295) Pause Young (Allocation Failure)
[301.457s][info][gc,heap        ] GC(295) PSYoungGen: 262316K(287232K)->3968K(289792K) Eden: 245760K(245760K)->0K(250368K) From: 16556K(41472K)->3968K(39424K)
[301.457s][info][gc,heap        ] GC(295) ParOldGen: 225526K(225792K)->242119K(242176K)
[301.457s][info][gc,metaspace   ] GC(295) Metaspace: 42561K(42944K)->42561K(42944K) NonClass: 39742K(40000K)->39742K(40000K) Class: 2818K(2944K)->2818K(2944K)
[301.457s][info][gc             ] GC(295) Pause Young (Allocation Failure) 476M->240M(519M) 39.830ms
[301.457s][info][gc,cpu         ] GC(295) User=0.05s Sys=0.01s Real=0.04s
[302.485s][info][gc,start       ] GC(296) Pause Young (Allocation Failure)
[302.495s][info][gc,heap        ] GC(296) PSYoungGen: 254336K(289792K)->5123K(289792K) Eden: 250368K(250368K)->0K(250368K) From: 3968K(39424K)->5123K(39424K)
[302.495s][info][gc,heap        ] GC(296) ParOldGen: 242119K(242176K)->245615K(245760K)
[302.495s][info][gc,metaspace   ] GC(296) Metaspace: 42562K(42944K)->42562K(42944K) NonClass: 39743K(40000K)->39743K(40000K) Class: 2818K(2944K)->2818K(2944K)
[302.495s][info][gc             ] GC(296) Pause Young (Allocation Failure) 484M->244M(523M) 9.703ms
[302.495s][info][gc,cpu         ] GC(296) User=0.02s Sys=0.00s Real=0.01s
[303.401s][info][gc,start       ] GC(297) Pause Young (Allocation Failure)
[303.415s][info][gc,heap        ] GC(297) PSYoungGen: 255491K(289792K)->12877K(290816K) Eden: 250368K(250368K)->0K(255488K) From: 5123K(39424K)->12877K(35328K)
[303.415s][info][gc,heap        ] GC(297) ParOldGen: 245615K(245760K)->246707K(246784K)
[303.415s][info][gc,metaspace   ] GC(297) Metaspace: 42562K(42944K)->42562K(42944K) NonClass: 39743K(40000K)->39743K(40000K) Class: 2818K(2944K)->2818K(2944K)
[303.415s][info][gc             ] GC(297) Pause Young (Allocation Failure) 489M->253M(525M) 13.906ms
[303.415s][info][gc,cpu         ] GC(297) User=0.03s Sys=0.01s Real=0.02s
[304.500s][info][gc,start       ] GC(298) Pause Young (Allocation Failure)
[304.515s][info][gc,heap        ] GC(298) PSYoungGen: 268365K(290816K)->17818K(292352K) Eden: 255488K(255488K)->0K(255488K) From: 12877K(35328K)->17818K(36864K)
[304.515s][info][gc,heap        ] GC(298) ParOldGen: 246707K(246784K)->247595K(247808K)
[304.515s][info][gc,metaspace   ] GC(298) Metaspace: 42562K(42944K)->42562K(42944K) NonClass: 39743K(40000K)->39743K(40000K) Class: 2818K(2944K)->2818K(2944K)
[304.515s][info][gc             ] GC(298) Pause Young (Allocation Failure) 503M->259M(527M) 15.112ms
[304.515s][info][gc,cpu         ] GC(298) User=0.03s Sys=0.00s Real=0.02s
[305.508s][info][gc,start       ] GC(299) Pause Young (Allocation Failure)
[305.562s][info][gc,heap        ] GC(299) PSYoungGen: 273306K(292352K)->35557K(286720K) Eden: 255488K(255488K)->0K(250880K) From: 17818K(36864K)->35557K(35840K)
[305.562s][info][gc,heap        ] GC(299) ParOldGen: 247595K(247808K)->258610K(259072K)
[305.562s][info][gc,metaspace   ] GC(299) Metaspace: 42563K(42944K)->42563K(42944K) NonClass: 39744K(40000K)->39744K(40000K) Class: 2818K(2944K)->2818K(2944K)
[305.562s][info][gc             ] GC(299) Pause Young (Allocation Failure) 508M->287M(533M) 54.225ms
[305.562s][info][gc,cpu         ] GC(299) User=0.09s Sys=0.01s Real=0.05s
[306.883s][info][gc,start       ] GC(300) Pause Young (Allocation Failure)
[306.958s][info][gc,heap        ] GC(300) PSYoungGen: 286437K(286720K)->36154K(287232K) Eden: 250880K(250880K)->0K(250880K) From: 35557K(35840K)->36154K(36352K)
[306.958s][info][gc,heap        ] GC(300) ParOldGen: 258610K(259072K)->283391K(283648K)
[306.958s][info][gc,metaspace   ] GC(300) Metaspace: 42565K(42944K)->42565K(42944K) NonClass: 39746K(40000K)->39746K(40000K) Class: 2818K(2944K)->2818K(2944K)
[306.958s][info][gc             ] GC(300) Pause Young (Allocation Failure) 532M->312M(557M) 74.577ms
[306.958s][info][gc,cpu         ] GC(300) User=0.12s Sys=0.03s Real=0.07s
[307.941s][info][gc,start       ] GC(301) Pause Young (Allocation Failure)
[307.984s][info][gc,heap        ] GC(301) PSYoungGen: 287034K(287232K)->2688K(287744K) Eden: 250880K(250880K)->0K(241664K) From: 36154K(36352K)->2688K(46080K)
[307.984s][info][gc,heap        ] GC(301) ParOldGen: 283391K(283648K)->308735K(308736K)
[307.984s][info][gc,metaspace   ] GC(301) Metaspace: 42575K(42944K)->42575K(42944K) NonClass: 39756K(40000K)->39756K(40000K) Class: 2819K(2944K)->2819K(2944K)
[307.984s][info][gc             ] GC(301) Pause Young (Allocation Failure) 557M->304M(582M) 43.103ms
[307.984s][info][gc,cpu         ] GC(301) User=0.06s Sys=0.03s Real=0.05s
[308.762s][info][gc,start       ] GC(302) Pause Young (Allocation Failure)
[308.788s][info][gc,heap        ] GC(302) PSYoungGen: 244352K(287744K)->29194K(271360K) Eden: 241664K(241664K)->0K(241664K) From: 2688K(46080K)->29194K(29696K)
[308.788s][info][gc,heap        ] GC(302) ParOldGen: 308735K(308736K)->309911K(310272K)
[308.788s][info][gc,metaspace   ] GC(302) Metaspace: 42579K(42944K)->42579K(42944K) NonClass: 39759K(40000K)->39759K(40000K) Class: 2819K(2944K)->2819K(2944K)
[308.788s][info][gc             ] GC(302) Pause Young (Allocation Failure) 540M->331M(568M) 25.759ms
[308.788s][info][gc,cpu         ] GC(302) User=0.05s Sys=0.00s Real=0.03s
[309.646s][info][gc,start       ] GC(303) Pause Young (Allocation Failure)
[309.664s][info][gc,heap        ] GC(303) PSYoungGen: 270858K(271360K)->3717K(286720K) Eden: 241664K(241664K)->0K(239104K) From: 29194K(29696K)->3717K(47616K)
[309.664s][info][gc,heap        ] GC(303) ParOldGen: 309911K(310272K)->319974K(320000K)
[309.664s][info][gc,metaspace   ] GC(303) Metaspace: 42579K(42944K)->42579K(42944K) NonClass: 39759K(40000K)->39759K(40000K) Class: 2819K(2944K)->2819K(2944K)
[309.664s][info][gc             ] GC(303) Pause Young (Allocation Failure) 567M->316M(592M) 18.455ms
[309.664s][info][gc,cpu         ] GC(303) User=0.03s Sys=0.01s Real=0.02s
[310.575s][info][gc,start       ] GC(304) Pause Young (Allocation Failure)
[310.599s][info][gc,heap        ] GC(304) PSYoungGen: 242821K(286720K)->36335K(275456K) Eden: 239104K(239104K)->0K(239104K) From: 3717K(47616K)->36335K(36352K)
[310.599s][info][gc,heap        ] GC(304) ParOldGen: 319974K(320000K)->320504K(320512K)
[310.599s][info][gc,metaspace   ] GC(304) Metaspace: 42579K(42944K)->42579K(42944K) NonClass: 39759K(40000K)->39759K(40000K) Class: 2819K(2944K)->2819K(2944K)
[310.599s][info][gc             ] GC(304) Pause Young (Allocation Failure) 549M->348M(582M) 23.878ms
[310.599s][info][gc,cpu         ] GC(304) User=0.05s Sys=0.00s Real=0.02s
[311.491s][info][gc,start       ] GC(305) Pause Young (Allocation Failure)
[311.517s][info][gc,heap        ] GC(305) PSYoungGen: 275439K(275456K)->37149K(275968K) Eden: 239104K(239104K)->0K(224256K) From: 36335K(36352K)->37149K(51712K)
[311.518s][info][gc,heap        ] GC(305) ParOldGen: 320504K(320512K)->321178K(321536K)
[311.518s][info][gc,metaspace   ] GC(305) Metaspace: 42579K(42944K)->42579K(42944K) NonClass: 39760K(40000K)->39760K(40000K) Class: 2819K(2944K)->2819K(2944K)
[311.518s][info][gc             ] GC(305) Pause Young (Allocation Failure) 581M->349M(583M) 26.592ms
[311.518s][info][gc,cpu         ] GC(305) User=0.05s Sys=0.00s Real=0.03s
[312.395s][info][gc,start       ] GC(306) Pause Young (Allocation Failure)
[312.429s][info][gc,heap        ] GC(306) PSYoungGen: 261405K(275968K)->53927K(278528K) Eden: 224256K(224256K)->0K(224256K) From: 37149K(51712K)->53927K(54272K)
[312.429s][info][gc,heap        ] GC(306) ParOldGen: 321178K(321536K)->323052K(323072K)
[312.429s][info][gc,metaspace   ] GC(306) Metaspace: 42579K(42944K)->42579K(42944K) NonClass: 39760K(40000K)->39760K(40000K) Class: 2819K(2944K)->2819K(2944K)
[312.429s][info][gc             ] GC(306) Pause Young (Allocation Failure) 568M->368M(587M) 34.677ms
[312.430s][info][gc,cpu         ] GC(306) User=0.07s Sys=0.00s Real=0.03s
[313.298s][info][gc,start       ] GC(307) Pause Young (Allocation Failure)
[313.458s][info][gc,heap        ] GC(307) PSYoungGen: 278183K(278528K)->55285K(166912K) Eden: 224256K(224256K)->0K(111616K) From: 53927K(54272K)->55285K(55296K)
[313.458s][info][gc,heap        ] GC(307) ParOldGen: 323052K(323072K)->429934K(430080K)
[313.458s][info][gc,metaspace   ] GC(307) Metaspace: 42579K(42944K)->42579K(42944K) NonClass: 39760K(40000K)->39760K(40000K) Class: 2819K(2944K)->2819K(2944K)
[313.458s][info][gc             ] GC(307) Pause Young (Allocation Failure) 587M->473M(583M) 159.802ms
[313.458s][info][gc,cpu         ] GC(307) User=0.24s Sys=0.08s Real=0.16s
[313.876s][info][gc,start       ] GC(308) Pause Young (Allocation Failure)
[313.959s][info][gc,heap        ] GC(308) PSYoungGen: 166901K(166912K)->17867K(222720K) Eden: 111616K(111616K)->0K(111616K) From: 55285K(55296K)->17867K(111104K)
[313.959s][info][gc,heap        ] GC(308) ParOldGen: 429934K(430080K)->484936K(485376K)
[313.959s][info][gc,metaspace   ] GC(308) Metaspace: 42579K(42944K)->42579K(42944K) NonClass: 39760K(40000K)->39760K(40000K) Class: 2819K(2944K)->2819K(2944K)
[313.959s][info][gc             ] GC(308) Pause Young (Allocation Failure) 582M->491M(691M) 83.054ms
[313.959s][info][gc,cpu         ] GC(308) User=0.11s Sys=0.05s Real=0.08s
[314.371s][info][gc,start       ] GC(309) Pause Young (Allocation Failure)
[314.393s][info][gc,heap        ] GC(309) PSYoungGen: 129483K(222720K)->11568K(212480K) Eden: 111616K(111616K)->0K(115712K) From: 17867K(111104K)->11568K(96768K)
[314.393s][info][gc,heap        ] GC(309) ParOldGen: 484936K(485376K)->494835K(495104K)
[314.393s][info][gc,metaspace   ] GC(309) Metaspace: 42579K(42944K)->42579K(42944K) NonClass: 39760K(40000K)->39760K(40000K) Class: 2819K(2944K)->2819K(2944K)
[314.393s][info][gc             ] GC(309) Pause Young (Allocation Failure) 600M->494M(691M) 22.611ms
[314.393s][info][gc,cpu         ] GC(309) User=0.04s Sys=0.01s Real=0.03s
[314.844s][info][gc,start       ] GC(310) Pause Young (Allocation Failure)
[314.851s][info][gc,heap        ] GC(310) PSYoungGen: 127280K(212480K)->6062K(219648K) Eden: 115712K(115712K)->0K(115712K) From: 11568K(96768K)->6062K(103936K)
[314.851s][info][gc,heap        ] GC(310) ParOldGen: 494835K(495104K)->495446K(495616K)
[314.851s][info][gc,metaspace   ] GC(310) Metaspace: 42580K(42944K)->42580K(42944K) NonClass: 39761K(40000K)->39761K(40000K) Class: 2819K(2944K)->2819K(2944K)
[314.851s][info][gc             ] GC(310) Pause Young (Allocation Failure) 607M->489M(698M) 7.002ms
[314.851s][info][gc,cpu         ] GC(310) User=0.01s Sys=0.00s Real=0.00s
[315.299s][info][gc,start       ] GC(311) Pause Young (Allocation Failure)
[315.321s][info][gc,heap        ] GC(311) PSYoungGen: 121774K(219648K)->32517K(214528K) Eden: 115712K(115712K)->0K(128000K) From: 6062K(103936K)->32517K(86528K)
[315.321s][info][gc,heap        ] GC(311) ParOldGen: 495446K(495616K)->495787K(496128K)
[315.321s][info][gc,metaspace   ] GC(311) Metaspace: 42580K(42944K)->42580K(42944K) NonClass: 39761K(40000K)->39761K(40000K) Class: 2819K(2944K)->2819K(2944K)
[315.321s][info][gc             ] GC(311) Pause Young (Allocation Failure) 602M->515M(694M) 22.392ms
[315.321s][info][gc,cpu         ] GC(311) User=0.04s Sys=0.00s Real=0.02s
[315.789s][info][gc,start       ] GC(312) Pause Young (Allocation Failure)
[315.798s][info][gc,heap        ] GC(312) PSYoungGen: 160517K(214528K)->10538K(223232K) Eden: 128000K(128000K)->0K(128000K) From: 32517K(86528K)->10538K(95232K)
[315.798s][info][gc,heap        ] GC(312) ParOldGen: 495787K(496128K)->496346K(496640K)
[315.798s][info][gc,metaspace   ] GC(312) Metaspace: 42580K(42944K)->42580K(42944K) NonClass: 39761K(40000K)->39761K(40000K) Class: 2819K(2944K)->2819K(2944K)
[315.798s][info][gc             ] GC(312) Pause Young (Allocation Failure) 640M->495M(703M) 8.565ms
[315.798s][info][gc,cpu         ] GC(312) User=0.01s Sys=0.00s Real=0.01s
[316.265s][info][gc,start       ] GC(313) Pause Young (Allocation Failure)
[316.288s][info][gc,heap        ] GC(313) PSYoungGen: 138538K(223232K)->30330K(224256K) Eden: 128000K(128000K)->0K(146432K) From: 10538K(95232K)->30330K(77824K)
[316.288s][info][gc,heap        ] GC(313) ParOldGen: 496346K(496640K)->497073K(497152K)
[316.288s][info][gc,metaspace   ] GC(313) Metaspace: 42580K(42944K)->42580K(42944K) NonClass: 39761K(40000K)->39761K(40000K) Class: 2819K(2944K)->2819K(2944K)
[316.288s][info][gc             ] GC(313) Pause Young (Allocation Failure) 620M->515M(704M) 22.727ms
[316.288s][info][gc,cpu         ] GC(313) User=0.04s Sys=0.00s Real=0.02s
[316.840s][info][gc,start       ] GC(314) Pause Young (Allocation Failure)
[316.855s][info][gc,heap        ] GC(314) PSYoungGen: 176762K(224256K)->21903K(232960K) Eden: 146432K(146432K)->0K(146432K) From: 30330K(77824K)->21903K(86528K)
[316.855s][info][gc,heap        ] GC(314) ParOldGen: 497073K(497152K)->497464K(497664K)
[316.855s][info][gc,metaspace   ] GC(314) Metaspace: 42580K(42944K)->42580K(42944K) NonClass: 39761K(40000K)->39761K(40000K) Class: 2819K(2944K)->2819K(2944K)
[316.855s][info][gc             ] GC(314) Pause Young (Allocation Failure) 658M->507M(713M) 14.985ms
[316.855s][info][gc,cpu         ] GC(314) User=0.03s Sys=0.00s Real=0.02s
[317.393s][info][gc,start       ] GC(315) Pause Young (Allocation Failure)
[317.414s][info][gc,heap        ] GC(315) PSYoungGen: 168335K(232960K)->28866K(232960K) Eden: 146432K(146432K)->0K(165376K) From: 21903K(86528K)->28866K(67584K)
[317.414s][info][gc,heap        ] GC(315) ParOldGen: 497464K(497664K)->498132K(498176K)
[317.414s][info][gc,metaspace   ] GC(315) Metaspace: 42580K(42944K)->42580K(42944K) NonClass: 39761K(40000K)->39761K(40000K) Class: 2819K(2944K)->2819K(2944K)
[317.414s][info][gc             ] GC(315) Pause Young (Allocation Failure) 650M->514M(714M) 20.221ms
[317.414s][info][gc,cpu         ] GC(315) User=0.04s Sys=0.00s Real=0.02s
[317.973s][info][gc,start       ] GC(316) Pause Young (Allocation Failure)
[318.017s][info][gc,heap        ] GC(316) PSYoungGen: 194242K(232960K)->33162K(242176K) Eden: 165376K(165376K)->0K(165376K) From: 28866K(67584K)->33162K(76800K)
[318.017s][info][gc,heap        ] GC(316) ParOldGen: 498132K(498176K)->517735K(518144K)
[318.017s][info][gc,metaspace   ] GC(316) Metaspace: 42582K(43008K)->42582K(43008K) NonClass: 39763K(40064K)->39763K(40064K) Class: 2819K(2944K)->2819K(2944K)
[318.017s][info][gc             ] GC(316) Pause Young (Allocation Failure) 676M->537M(742M) 44.583ms
[318.017s][info][gc,cpu         ] GC(316) User=0.07s Sys=0.01s Real=0.04s
[318.558s][info][gc,start       ] GC(317) Pause Young (Allocation Failure)
[318.597s][info][gc,heap        ] GC(317) PSYoungGen: 198538K(242176K)->1262K(254976K) Eden: 165376K(165376K)->0K(183296K) From: 33162K(76800K)->1262K(71680K)
[318.597s][info][gc,heap        ] GC(317) ParOldGen: 517735K(518144K)->550182K(550400K)
[318.597s][info][gc,metaspace   ] GC(317) Metaspace: 42582K(43008K)->42582K(43008K) NonClass: 39763K(40064K)->39763K(40064K) Class: 2819K(2944K)->2819K(2944K)
[318.597s][info][gc             ] GC(317) Pause Young (Allocation Failure) 699M->538M(786M) 39.575ms
[318.597s][info][gc,cpu         ] GC(317) User=0.04s Sys=0.02s Real=0.04s
[319.207s][info][gc,start       ] GC(318) Pause Young (Allocation Failure)
[319.211s][info][gc,heap        ] GC(318) PSYoungGen: 184558K(254976K)->1240K(257536K) Eden: 183296K(183296K)->0K(183296K) From: 1262K(71680K)->1240K(74240K)
[319.211s][info][gc,heap        ] GC(318) ParOldGen: 550182K(550400K)->550270K(550400K)
[319.211s][info][gc,metaspace   ] GC(318) Metaspace: 42583K(43008K)->42583K(43008K) NonClass: 39764K(40064K)->39764K(40064K) Class: 2819K(2944K)->2819K(2944K)
[319.211s][info][gc             ] GC(318) Pause Young (Allocation Failure) 717M->538M(789M) 4.596ms
[319.211s][info][gc,cpu         ] GC(318) User=0.01s Sys=0.00s Real=0.00s
[319.725s][info][gc,start       ] GC(319) Pause Young (Allocation Failure)
[319.732s][info][gc,heap        ] GC(319) PSYoungGen: 184536K(257536K)->4348K(254976K) Eden: 183296K(183296K)->0K(185856K) From: 1240K(74240K)->4348K(69120K)
[319.732s][info][gc,heap        ] GC(319) ParOldGen: 550270K(550400K)->550774K(550912K)
[319.732s][info][gc,metaspace   ] GC(319) Metaspace: 42583K(43008K)->42583K(43008K) NonClass: 39764K(40064K)->39764K(40064K) Class: 2819K(2944K)->2819K(2944K)
[319.732s][info][gc             ] GC(319) Pause Young (Allocation Failure) 717M->542M(787M) 7.875ms
[319.733s][info][gc,cpu         ] GC(319) User=0.01s Sys=0.00s Real=0.01s
[320.049s][info][gc,start       ] GC(320) Pause Young (Allocation Failure)
[320.057s][info][gc,heap        ] GC(320) PSYoungGen: 190204K(254976K)->2830K(257536K) Eden: 185856K(185856K)->0K(185856K) From: 4348K(69120K)->2830K(71680K)
[320.057s][info][gc,heap        ] GC(320) ParOldGen: 550774K(550912K)->552709K(552960K)
[320.057s][info][gc,metaspace   ] GC(320) Metaspace: 42583K(43008K)->42583K(43008K) NonClass: 39764K(40064K)->39764K(40064K) Class: 2819K(2944K)->2819K(2944K)
[320.057s][info][gc             ] GC(320) Pause Young (Allocation Failure) 723M->542M(791M) 8.006ms
[320.057s][info][gc,cpu         ] GC(320) User=0.01s Sys=0.00s Real=0.01s
[320.413s][info][gc,start       ] GC(321) Pause Young (Allocation Failure)
[320.417s][info][gc,heap        ] GC(321) PSYoungGen: 188686K(257536K)->1870K(257024K) Eden: 185856K(185856K)->0K(192000K) From: 2830K(71680K)->1870K(65024K)
[320.417s][info][gc,heap        ] GC(321) ParOldGen: 552709K(552960K)->552773K(552960K)
[320.417s][info][gc,metaspace   ] GC(321) Metaspace: 42583K(43008K)->42583K(43008K) NonClass: 39764K(40064K)->39764K(40064K) Class: 2819K(2944K)->2819K(2944K)
[320.417s][info][gc             ] GC(321) Pause Young (Allocation Failure) 724M->541M(791M) 3.950ms
[320.417s][info][gc,cpu         ] GC(321) User=0.00s Sys=0.00s Real=0.00s
[320.783s][info][gc,start       ] GC(322) Pause Young (Allocation Failure)
[320.792s][info][gc,heap        ] GC(322) PSYoungGen: 192995K(257024K)->10612K(260096K) Eden: 191124K(192000K)->0K(192000K) From: 1870K(65024K)->10612K(68096K)
[320.792s][info][gc,heap        ] GC(322) ParOldGen: 552773K(552960K)->553034K(553472K)
[320.792s][info][gc,metaspace   ] GC(322) Metaspace: 42585K(43008K)->42585K(43008K) NonClass: 39766K(40064K)->39766K(40064K) Class: 2819K(2944K)->2819K(2944K)
[320.792s][info][gc             ] GC(322) Pause Young (Allocation Failure) 728M->550M(794M) 9.198ms
[320.792s][info][gc,cpu         ] GC(322) User=0.01s Sys=0.00s Real=0.00s
[321.071s][info][gc,start       ] GC(323) Pause Young (Allocation Failure)
[321.086s][info][gc,heap        ] GC(323) PSYoungGen: 201738K(260096K)->2133K(262144K) Eden: 191125K(192000K)->0K(201216K) From: 10612K(68096K)->2133K(60928K)
[321.086s][info][gc,heap        ] GC(323) ParOldGen: 553034K(553472K)->563410K(563712K)
[321.086s][info][gc,metaspace   ] GC(323) Metaspace: 42585K(43008K)->42585K(43008K) NonClass: 39766K(40064K)->39766K(40064K) Class: 2819K(2944K)->2819K(2944K)
[321.086s][info][gc             ] GC(323) Pause Young (Allocation Failure) 737M->552M(806M) 14.552ms
[321.086s][info][gc,cpu         ] GC(323) User=0.02s Sys=0.01s Real=0.02s
[321.371s][info][gc,start       ] GC(324) Pause Young (Allocation Failure)
[321.378s][info][gc,heap        ] GC(324) PSYoungGen: 201963K(262144K)->1720K(263680K) Eden: 199830K(201216K)->0K(201216K) From: 2133K(60928K)->1720K(62464K)
[321.378s][info][gc,heap        ] GC(324) ParOldGen: 563410K(563712K)->565494K(565760K)
[321.378s][info][gc,metaspace   ] GC(324) Metaspace: 42586K(43008K)->42586K(43008K) NonClass: 39766K(40064K)->39766K(40064K) Class: 2819K(2944K)->2819K(2944K)
[321.378s][info][gc             ] GC(324) Pause Young (Allocation Failure) 747M->553M(810M) 7.163ms
[321.378s][info][gc,cpu         ] GC(324) User=0.01s Sys=0.00s Real=0.01s
[321.669s][info][gc,start       ] GC(325) Pause Young (Allocation Failure)
[321.677s][info][gc,heap        ] GC(325) PSYoungGen: 202844K(263680K)->3105K(267264K) Eden: 201124K(201216K)->0K(211456K) From: 1720K(62464K)->3105K(55808K)
[321.677s][info][gc,heap        ] GC(325) ParOldGen: 565494K(565760K)->567177K(567296K)
[321.677s][info][gc,metaspace   ] GC(325) Metaspace: 42586K(43008K)->42586K(43008K) NonClass: 39766K(40064K)->39766K(40064K) Class: 2819K(2944K)->2819K(2944K)
[321.677s][info][gc             ] GC(325) Pause Young (Allocation Failure) 750M->556M(815M) 7.731ms
[321.677s][info][gc,cpu         ] GC(325) User=0.02s Sys=0.00s Real=0.01s
[321.995s][info][gc,start       ] GC(326) Pause Young (Allocation Failure)
[322.007s][info][gc,heap        ] GC(326) PSYoungGen: 214561K(267264K)->5503K(268800K) Eden: 211456K(211456K)->0K(211456K) From: 3105K(55808K)->5503K(57344K)
[322.007s][info][gc,heap        ] GC(326) ParOldGen: 567177K(567296K)->570252K(570368K)
[322.007s][info][gc,metaspace   ] GC(326) Metaspace: 42586K(43008K)->42586K(43008K) NonClass: 39766K(40064K)->39766K(40064K) Class: 2819K(2944K)->2819K(2944K)
[322.007s][info][gc             ] GC(326) Pause Young (Allocation Failure) 763M->562M(819M) 11.774ms
[322.007s][info][gc,cpu         ] GC(326) User=0.02s Sys=0.00s Real=0.01s
[322.331s][info][gc,start       ] GC(327) Pause Young (Allocation Failure)
[322.347s][info][gc,heap        ] GC(327) PSYoungGen: 215187K(268800K)->6668K(271872K) Eden: 209684K(211456K)->0K(222208K) From: 5503K(57344K)->6668K(49664K)
[322.347s][info][gc,heap        ] GC(327) ParOldGen: 570252K(570368K)->575745K(576000K)
[322.347s][info][gc,metaspace   ] GC(327) Metaspace: 42586K(43008K)->42586K(43008K) NonClass: 39766K(40064K)->39766K(40064K) Class: 2819K(2944K)->2819K(2944K)
[322.347s][info][gc             ] GC(327) Pause Young (Allocation Failure) 767M->568M(828M) 16.178ms
[322.347s][info][gc,cpu         ] GC(327) User=0.03s Sys=0.00s Real=0.02s
[322.673s][info][gc,start       ] GC(328) Pause Young (Allocation Failure)
[322.688s][info][gc,heap        ] GC(328) PSYoungGen: 228875K(271872K)->3526K(273408K) Eden: 222207K(222208K)->0K(222208K) From: 6668K(49664K)->3526K(51200K)
[322.688s][info][gc,heap        ] GC(328) ParOldGen: 575745K(576000K)->582504K(582656K)
[322.688s][info][gc,metaspace   ] GC(328) Metaspace: 42586K(43008K)->42586K(43008K) NonClass: 39766K(40064K)->39766K(40064K) Class: 2819K(2944K)->2819K(2944K)
[322.688s][info][gc             ] GC(328) Pause Young (Allocation Failure) 785M->572M(836M) 15.312ms
[322.688s][info][gc,cpu         ] GC(328) User=0.03s Sys=0.00s Real=0.01s
[323.180s][info][gc,start       ] GC(329) Pause Young (Allocation Failure)
[323.200s][info][gc,heap        ] GC(329) PSYoungGen: 225734K(273408K)->15754K(279552K) Eden: 222208K(222208K)->0K(233984K) From: 3526K(51200K)->15754K(45568K)
[323.200s][info][gc,heap        ] GC(329) ParOldGen: 582504K(582656K)->585840K(586240K)
[323.200s][info][gc,metaspace   ] GC(329) Metaspace: 42587K(43008K)->42587K(43008K) NonClass: 39768K(40064K)->39768K(40064K) Class: 2819K(2944K)->2819K(2944K)
[323.200s][info][gc             ] GC(329) Pause Young (Allocation Failure) 789M->587M(845M) 20.032ms
[323.200s][info][gc,cpu         ] GC(329) User=0.04s Sys=0.01s Real=0.02s
[323.784s][info][gc,start       ] GC(330) Pause Young (Allocation Failure)
[323.807s][info][gc,heap        ] GC(330) PSYoungGen: 249738K(279552K)->2494K(280576K) Eden: 233984K(233984K)->0K(233984K) From: 15754K(45568K)->2494K(46592K)
[323.807s][info][gc,heap        ] GC(330) ParOldGen: 585840K(586240K)->601433K(601600K)
[323.807s][info][gc,metaspace   ] GC(330) Metaspace: 42679K(43072K)->42679K(43072K) NonClass: 39860K(40128K)->39860K(40128K) Class: 2819K(2944K)->2819K(2944K)
[323.807s][info][gc             ] GC(330) Pause Young (Allocation Failure) 815M->589M(861M) 23.331ms
[323.807s][info][gc,cpu         ] GC(330) User=0.03s Sys=0.01s Real=0.02s
[324.352s][info][gc,start       ] GC(331) Pause Young (Allocation Failure)
[324.355s][info][gc,heap        ] GC(331) PSYoungGen: 236478K(280576K)->288K(285184K) Eden: 233984K(233984K)->0K(242688K) From: 2494K(46592K)->288K(42496K)
[324.355s][info][gc,heap        ] GC(331) ParOldGen: 601433K(601600K)->602113K(602624K)
[324.355s][info][gc,metaspace   ] GC(331) Metaspace: 42682K(43072K)->42682K(43072K) NonClass: 39862K(40128K)->39862K(40128K) Class: 2819K(2944K)->2819K(2944K)
[324.355s][info][gc             ] GC(331) Pause Young (Allocation Failure) 818M->588M(867M) 3.318ms
[324.355s][info][gc,cpu         ] GC(331) User=0.01s Sys=0.00s Real=0.01s
[324.912s][info][gc,start       ] GC(332) Pause Young (Allocation Failure)
[324.919s][info][gc,heap        ] GC(332) PSYoungGen: 242976K(285184K)->5095K(285696K) Eden: 242688K(242688K)->0K(242688K) From: 288K(42496K)->5095K(43008K)
[324.919s][info][gc,heap        ] GC(332) ParOldGen: 602113K(602624K)->602113K(602624K)
[324.919s][info][gc,metaspace   ] GC(332) Metaspace: 42682K(43072K)->42682K(43072K) NonClass: 39863K(40128K)->39863K(40128K) Class: 2819K(2944K)->2819K(2944K)
[324.919s][info][gc             ] GC(332) Pause Young (Allocation Failure) 825M->592M(867M) 6.758ms
[324.919s][info][gc,cpu         ] GC(332) User=0.01s Sys=0.00s Real=0.01s
[325.485s][info][gc,start       ] GC(333) Pause Young (Allocation Failure)
[325.489s][info][gc,heap        ] GC(333) PSYoungGen: 247783K(285696K)->3042K(288768K) Eden: 242688K(242688K)->0K(250368K) From: 5095K(43008K)->3042K(38400K)
[325.489s][info][gc,heap        ] GC(333) ParOldGen: 602113K(602624K)->602153K(602624K)
[325.489s][info][gc,metaspace   ] GC(333) Metaspace: 42683K(43072K)->42683K(43072K) NonClass: 39863K(40128K)->39863K(40128K) Class: 2819K(2944K)->2819K(2944K)
[325.489s][info][gc             ] GC(333) Pause Young (Allocation Failure) 829M->591M(870M) 4.563ms
[325.489s][info][gc,cpu         ] GC(333) User=0.01s Sys=0.00s Real=0.00s
[326.074s][info][gc,start       ] GC(334) Pause Young (Allocation Failure)
[326.082s][info][gc,heap        ] GC(334) PSYoungGen: 253410K(288768K)->7520K(288768K) Eden: 250368K(250368K)->0K(250368K) From: 3042K(38400K)->7520K(38400K)
[326.082s][info][gc,heap        ] GC(334) ParOldGen: 602153K(602624K)->602486K(602624K)
[326.082s][info][gc,metaspace   ] GC(334) Metaspace: 42739K(43136K)->42739K(43136K) NonClass: 39920K(40192K)->39920K(40192K) Class: 2819K(2944K)->2819K(2944K)
[326.082s][info][gc             ] GC(334) Pause Young (Allocation Failure) 835M->595M(870M) 7.344ms
[326.082s][info][gc,cpu         ] GC(334) User=0.01s Sys=0.01s Real=0.00s
[327.201s][info][gc,start       ] GC(335) Pause Young (Allocation Failure)
[327.205s][info][gc,heap        ] GC(335) PSYoungGen: 257888K(288768K)->1056K(293888K) Eden: 250368K(250368K)->0K(258560K) From: 7520K(38400K)->1056K(35328K)
[327.205s][info][gc,heap        ] GC(335) ParOldGen: 602486K(602624K)->602606K(602624K)
[327.205s][info][gc,metaspace   ] GC(335) Metaspace: 42760K(43136K)->42760K(43136K) NonClass: 39940K(40192K)->39940K(40192K) Class: 2819K(2944K)->2819K(2944K)
[327.205s][info][gc             ] GC(335) Pause Young (Allocation Failure) 840M->589M(875M) 4.322ms
[327.205s][info][gc,cpu         ] GC(335) User=0.01s Sys=0.00s Real=0.01s
[328.261s][info][gc,start       ] GC(336) Pause Young (Allocation Failure)
[328.284s][info][gc,heap        ] GC(336) PSYoungGen: 259616K(293888K)->21210K(292864K) Eden: 258560K(258560K)->0K(258560K) From: 1056K(35328K)->21210K(34304K)
[328.284s][info][gc,heap        ] GC(336) ParOldGen: 602606K(602624K)->603174K(603648K)
[328.284s][info][gc,metaspace   ] GC(336) Metaspace: 42784K(43200K)->42784K(43200K) NonClass: 39964K(40256K)->39964K(40256K) Class: 2819K(2944K)->2819K(2944K)
[328.284s][info][gc             ] GC(336) Pause Young (Allocation Failure) 842M->609M(875M) 22.586ms
[328.284s][info][gc,cpu         ] GC(336) User=0.05s Sys=0.01s Real=0.03s
[329.009s][info][gc,start       ] GC(337) Pause Young (Allocation Failure)
[329.079s][info][gc,heap        ] GC(337) PSYoungGen: 279770K(292864K)->29452K(287232K) Eden: 258560K(258560K)->0K(250880K) From: 21210K(34304K)->29452K(36352K)
[329.079s][info][gc,heap        ] GC(337) ParOldGen: 603174K(603648K)->624014K(624128K)
[329.079s][info][gc,metaspace   ] GC(337) Metaspace: 42784K(43200K)->42784K(43200K) NonClass: 39964K(40256K)->39964K(40256K) Class: 2819K(2944K)->2819K(2944K)
[329.079s][info][gc             ] GC(337) Pause Young (Allocation Failure) 862M->638M(890M) 70.270ms
[329.079s][info][gc,cpu         ] GC(337) User=0.11s Sys=0.02s Real=0.07s
[329.657s][info][gc,start       ] GC(338) Pause Young (Allocation Failure)
[329.731s][info][gc,heap        ] GC(338) PSYoungGen: 280332K(287232K)->29270K(280576K) Eden: 250880K(250880K)->0K(250880K) From: 29452K(36352K)->29270K(29696K)
[329.731s][info][gc,heap        ] GC(338) ParOldGen: 624014K(624128K)->653638K(653824K)
[329.731s][info][gc,metaspace   ] GC(338) Metaspace: 42784K(43200K)->42784K(43200K) NonClass: 39965K(40256K)->39965K(40256K) Class: 2819K(2944K)->2819K(2944K)
[329.731s][info][gc             ] GC(338) Pause Young (Allocation Failure) 883M->666M(912M) 74.378ms
[329.731s][info][gc,cpu         ] GC(338) User=0.12s Sys=0.02s Real=0.07s
[331.421s][info][gc,start       ] GC(339) Pause Full (Allocation Failure)
[331.421s][info][gc,phases,start] GC(339) Marking Phase
[331.548s][info][gc,phases      ] GC(339) Marking Phase 126.928ms
[331.548s][info][gc,phases,start] GC(339) Summary Phase
[331.548s][info][gc,phases      ] GC(339) Summary Phase 0.047ms
[331.548s][info][gc,phases,start] GC(339) Forward
[331.581s][info][gc,phases      ] GC(339) Forward 32.855ms
[331.581s][info][gc,phases,start] GC(339) Adjust Pointers
[331.673s][info][gc,phases      ] GC(339) Adjust Pointers 91.470ms
[331.673s][info][gc,phases,start] GC(339) Compaction Phase
[331.712s][info][gc,phases      ] GC(339) Compaction Phase 39.657ms
[331.712s][info][gc,phases,start] GC(339) Post Compact
[331.715s][info][gc,phases      ] GC(339) Post Compact 2.800ms
[331.747s][info][gc,heap        ] GC(339) PSYoungGen: 280150K(280576K)->0K(288768K) Eden: 250880K(250880K)->0K(243712K) From: 29270K(29696K)->0K(45056K)
[331.747s][info][gc,heap        ] GC(339) ParOldGen: 653638K(653824K)->151072K(274432K)
[331.747s][info][gc,metaspace   ] GC(339) Metaspace: 42785K(43200K)->42785K(43200K) NonClass: 39966K(40256K)->39966K(40256K) Class: 2819K(2944K)->2819K(2944K)
[331.747s][info][gc             ] GC(339) Pause Full (Allocation Failure) 911M->147M(550M) 326.392ms
[331.747s][info][gc,cpu         ] GC(339) User=0.51s Sys=0.03s Real=0.33s
[334.962s][info][gc,start       ] GC(340) Pause Young (Allocation Failure)
[334.970s][info][gc,heap        ] GC(340) PSYoungGen: 243712K(288768K)->7106K(250880K) Eden: 243712K(243712K)->0K(243712K) From: 0K(45056K)->7106K(7168K)
[334.970s][info][gc,heap        ] GC(340) ParOldGen: 151072K(274432K)->151072K(274432K)
[334.970s][info][gc,metaspace   ] GC(340) Metaspace: 42795K(43200K)->42795K(43200K) NonClass: 39976K(40256K)->39976K(40256K) Class: 2819K(2944K)->2819K(2944K)
[334.970s][info][gc             ] GC(340) Pause Young (Allocation Failure) 385M->154M(513M) 7.677ms
[334.970s][info][gc,cpu         ] GC(340) User=0.02s Sys=0.00s Real=0.01s
[335.591s][info][gc,start       ] GC(341) Pause Young (Allocation Failure)
[335.623s][info][gc,heap        ] GC(341) PSYoungGen: 250818K(250880K)->27039K(284160K) Eden: 243712K(243712K)->0K(241152K) From: 7106K(7168K)->27039K(43008K)
[335.623s][info][gc,heap        ] GC(341) ParOldGen: 151072K(274432K)->156473K(274432K)
[335.623s][info][gc,metaspace   ] GC(341) Metaspace: 42795K(43200K)->42795K(43200K) NonClass: 39976K(40256K)->39976K(40256K) Class: 2819K(2944K)->2819K(2944K)
[335.623s][info][gc             ] GC(341) Pause Young (Allocation Failure) 392M->179M(545M) 31.782ms
[335.623s][info][gc,cpu         ] GC(341) User=0.07s Sys=0.00s Real=0.04s
[336.269s][info][gc,start       ] GC(342) Pause Young (Allocation Failure)
[336.328s][info][gc,heap        ] GC(342) PSYoungGen: 268191K(284160K)->29432K(270848K) Eden: 241152K(241152K)->0K(241152K) From: 27039K(43008K)->29432K(29696K)
[336.329s][info][gc,heap        ] GC(342) ParOldGen: 156473K(274432K)->182792K(274432K)
[336.329s][info][gc,metaspace   ] GC(342) Metaspace: 42795K(43200K)->42795K(43200K) NonClass: 39976K(40256K)->39976K(40256K) Class: 2819K(2944K)->2819K(2944K)
[336.329s][info][gc             ] GC(342) Pause Young (Allocation Failure) 414M->207M(532M) 59.316ms
[336.329s][info][gc,cpu         ] GC(342) User=0.12s Sys=0.00s Real=0.06s
[337.004s][info][gc,start       ] GC(343) Pause Young (Allocation Failure)
[337.060s][info][gc,heap        ] GC(343) PSYoungGen: 270584K(270848K)->30161K(281600K) Eden: 241152K(241152K)->0K(233472K) From: 29432K(29696K)->30161K(48128K)
[337.060s][info][gc,heap        ] GC(343) ParOldGen: 182792K(274432K)->210528K(274432K)
[337.060s][info][gc,metaspace   ] GC(343) Metaspace: 42795K(43200K)->42795K(43200K) NonClass: 39976K(40256K)->39976K(40256K) Class: 2819K(2944K)->2819K(2944K)
[337.060s][info][gc             ] GC(343) Pause Young (Allocation Failure) 442M->235M(543M) 56.561ms
[337.060s][info][gc,cpu         ] GC(343) User=0.11s Sys=0.00s Real=0.05s
[338.874s][info][gc,start       ] GC(344) Pause Young (Allocation Failure)
[338.908s][info][gc,heap        ] GC(344) PSYoungGen: 263633K(281600K)->13158K(246784K) Eden: 233472K(233472K)->0K(233472K) From: 30161K(48128K)->13158K(13312K)
[338.908s][info][gc,heap        ] GC(344) ParOldGen: 210528K(274432K)->240849K(274432K)
[338.908s][info][gc,metaspace   ] GC(344) Metaspace: 42795K(43200K)->42795K(43200K) NonClass: 39976K(40256K)->39976K(40256K) Class: 2819K(2944K)->2819K(2944K)
[338.908s][info][gc             ] GC(344) Pause Young (Allocation Failure) 463M->248M(509M) 33.914ms
[338.908s][info][gc,cpu         ] GC(344) User=0.07s Sys=0.00s Real=0.03s
[340.352s][info][gc,start       ] GC(345) Pause Young (Allocation Failure)
[340.364s][info][gc,heap        ] GC(345) PSYoungGen: 246630K(246784K)->830K(283648K) Eden: 233472K(233472K)->0K(236032K) From: 13158K(13312K)->830K(47616K)
[340.364s][info][gc,heap        ] GC(345) ParOldGen: 240849K(274432K)->251876K(274432K)
[340.364s][info][gc,metaspace   ] GC(345) Metaspace: 42796K(43200K)->42796K(43200K) NonClass: 39977K(40256K)->39977K(40256K) Class: 2819K(2944K)->2819K(2944K)
[340.364s][info][gc             ] GC(345) Pause Young (Allocation Failure) 476M->246M(545M) 11.481ms
[340.364s][info][gc,cpu         ] GC(345) User=0.02s Sys=0.00s Real=0.02s
[341.933s][info][gc,start       ] GC(346) Pause Young (Allocation Failure)
[341.962s][info][gc,heap        ] GC(346) PSYoungGen: 236862K(283648K)->22376K(283136K) Eden: 236032K(236032K)->0K(236032K) From: 830K(47616K)->22376K(47104K)
[341.962s][info][gc,heap        ] GC(346) ParOldGen: 251876K(274432K)->252684K(274432K)
[341.962s][info][gc,metaspace   ] GC(346) Metaspace: 42796K(43200K)->42796K(43200K) NonClass: 39977K(40256K)->39977K(40256K) Class: 2819K(2944K)->2819K(2944K)
[341.962s][info][gc             ] GC(346) Pause Young (Allocation Failure) 477M->268M(544M) 28.624ms
[341.962s][info][gc,cpu         ] GC(346) User=0.05s Sys=0.00s Real=0.02s
[343.575s][info][gc,start       ] GC(347) Pause Young (Allocation Failure)
[343.615s][info][gc,heap        ] GC(347) PSYoungGen: 258408K(283136K)->22122K(286208K) Eden: 236032K(236032K)->0K(239616K) From: 22376K(47104K)->22122K(46592K)
[343.615s][info][gc,heap        ] GC(347) ParOldGen: 252684K(274432K)->275204K(275456K)
[343.615s][info][gc,metaspace   ] GC(347) Metaspace: 42796K(43200K)->42796K(43200K) NonClass: 39977K(40256K)->39977K(40256K) Class: 2819K(2944K)->2819K(2944K)
[343.615s][info][gc             ] GC(347) Pause Young (Allocation Failure) 499M->290M(548M) 39.965ms
[343.615s][info][gc,cpu         ] GC(347) User=0.08s Sys=0.00s Real=0.04s
[344.800s][info][gc,start       ] GC(348) Pause Young (Allocation Failure)
[344.856s][info][gc,heap        ] GC(348) PSYoungGen: 261738K(286208K)->30236K(285696K) Eden: 239616K(239616K)->0K(239616K) From: 22122K(46592K)->30236K(46080K)
[344.856s][info][gc,heap        ] GC(348) ParOldGen: 275204K(275456K)->297295K(297472K)
[344.856s][info][gc,metaspace   ] GC(348) Metaspace: 42797K(43200K)->42797K(43200K) NonClass: 39977K(40256K)->39977K(40256K) Class: 2819K(2944K)->2819K(2944K)
[344.856s][info][gc             ] GC(348) Pause Young (Allocation Failure) 524M->319M(569M) 55.591ms
[344.856s][info][gc,cpu         ] GC(348) User=0.10s Sys=0.02s Real=0.06s
[345.548s][info][gc,start       ] GC(349) Pause Young (Allocation Failure)
[345.623s][info][gc,heap        ] GC(349) PSYoungGen: 269852K(285696K)->29804K(282624K) Eden: 239616K(239616K)->0K(234496K) From: 30236K(46080K)->29804K(48128K)
[345.623s][info][gc,heap        ] GC(349) ParOldGen: 297295K(297472K)->327282K(327680K)
[345.623s][info][gc,metaspace   ] GC(349) Metaspace: 42797K(43200K)->42797K(43200K) NonClass: 39977K(40256K)->39977K(40256K) Class: 2819K(2944K)->2819K(2944K)
[345.623s][info][gc             ] GC(349) Pause Young (Allocation Failure) 553M->348M(596M) 75.300ms
[345.623s][info][gc,cpu         ] GC(349) User=0.12s Sys=0.02s Real=0.08s
[346.209s][info][gc,start       ] GC(350) Pause Young (Allocation Failure)
[346.280s][info][gc,heap        ] GC(350) PSYoungGen: 264300K(282624K)->26680K(284160K) Eden: 234496K(234496K)->0K(234496K) From: 29804K(48128K)->26680K(49664K)
[346.280s][info][gc,heap        ] GC(350) ParOldGen: 327282K(327680K)->357298K(357376K)
[346.280s][info][gc,metaspace   ] GC(350) Metaspace: 42797K(43200K)->42797K(43200K) NonClass: 39977K(40256K)->39977K(40256K) Class: 2819K(2944K)->2819K(2944K)
[346.280s][info][gc             ] GC(350) Pause Young (Allocation Failure) 577M->374M(626M) 70.447ms
[346.280s][info][gc,cpu         ] GC(350) User=0.12s Sys=0.02s Real=0.07s
[347.911s][info][gc,start       ] GC(351) Pause Young (Allocation Failure)
[347.973s][info][gc,heap        ] GC(351) PSYoungGen: 261176K(284160K)->23354K(281088K) Eden: 234496K(234496K)->0K(234496K) From: 26680K(49664K)->23354K(46592K)
[347.974s][info][gc,heap        ] GC(351) ParOldGen: 357298K(357376K)->383971K(384000K)
[347.974s][info][gc,metaspace   ] GC(351) Metaspace: 42797K(43200K)->42797K(43200K) NonClass: 39977K(40256K)->39977K(40256K) Class: 2819K(2944K)->2819K(2944K)
[347.974s][info][gc             ] GC(351) Pause Young (Allocation Failure) 603M->397M(649M) 62.695ms
[347.974s][info][gc,cpu         ] GC(351) User=0.10s Sys=0.02s Real=0.07s
[349.007s][info][gc,start       ] GC(352) Pause Young (Allocation Failure)
[349.043s][info][gc,heap        ] GC(352) PSYoungGen: 257850K(281088K)->8162K(282624K) Eden: 234496K(234496K)->0K(234496K) From: 23354K(46592K)->8162K(48128K)
[349.043s][info][gc,heap        ] GC(352) ParOldGen: 383971K(384000K)->406127K(406528K)
[349.043s][info][gc,metaspace   ] GC(352) Metaspace: 42797K(43200K)->42797K(43200K) NonClass: 39977K(40256K)->39977K(40256K) Class: 2819K(2944K)->2819K(2944K)
[349.043s][info][gc             ] GC(352) Pause Young (Allocation Failure) 626M->404M(673M) 36.298ms
[349.043s][info][gc,cpu         ] GC(352) User=0.05s Sys=0.02s Real=0.04s
[350.512s][info][gc,start       ] GC(353) Pause Young (Allocation Failure)
[350.521s][info][gc,heap        ] GC(353) PSYoungGen: 242658K(282624K)->1396K(285184K) Eden: 234496K(234496K)->0K(238592K) From: 8162K(48128K)->1396K(46592K)
[350.521s][info][gc,heap        ] GC(353) ParOldGen: 406127K(406528K)->411885K(412160K)
[350.521s][info][gc,metaspace   ] GC(353) Metaspace: 42797K(43200K)->42797K(43200K) NonClass: 39977K(40256K)->39977K(40256K) Class: 2819K(2944K)->2819K(2944K)
[350.521s][info][gc             ] GC(353) Pause Young (Allocation Failure) 633M->403M(681M) 9.195ms
[350.521s][info][gc,cpu         ] GC(353) User=0.01s Sys=0.00s Real=0.01s
[352.070s][info][gc,start       ] GC(354) Pause Young (Allocation Failure)
[352.095s][info][gc,heap        ] GC(354) PSYoungGen: 239988K(285184K)->21464K(285696K) Eden: 238592K(238592K)->0K(238592K) From: 1396K(46592K)->21464K(47104K)
[352.095s][info][gc,heap        ] GC(354) ParOldGen: 411885K(412160K)->413178K(413184K)
[352.095s][info][gc,metaspace   ] GC(354) Metaspace: 42797K(43200K)->42797K(43200K) NonClass: 39978K(40256K)->39978K(40256K) Class: 2819K(2944K)->2819K(2944K)
[352.095s][info][gc             ] GC(354) Pause Young (Allocation Failure) 636M->424M(682M) 25.116ms
[352.095s][info][gc,cpu         ] GC(354) User=0.05s Sys=0.00s Real=0.03s
[353.586s][info][gc,start       ] GC(355) Pause Young (Allocation Failure)
[353.644s][info][gc,heap        ] GC(355) PSYoungGen: 260056K(285696K)->23619K(286208K) Eden: 238592K(238592K)->0K(240640K) From: 21464K(47104K)->23619K(45568K)
[353.644s][info][gc,heap        ] GC(355) ParOldGen: 413178K(413184K)->434702K(435200K)
[353.644s][info][gc,metaspace   ] GC(355) Metaspace: 42797K(43200K)->42797K(43200K) NonClass: 39978K(40256K)->39978K(40256K) Class: 2819K(2944K)->2819K(2944K)
[353.644s][info][gc             ] GC(355) Pause Young (Allocation Failure) 657M->447M(704M) 58.431ms
[353.644s][info][gc,cpu         ] GC(355) User=0.10s Sys=0.01s Real=0.06s
[354.734s][info][gc,start       ] GC(356) Pause Young (Allocation Failure)
[354.776s][info][gc,heap        ] GC(356) PSYoungGen: 264259K(286208K)->14315K(286208K) Eden: 240640K(240640K)->0K(240640K) From: 23619K(45568K)->14315K(45568K)
[354.776s][info][gc,heap        ] GC(356) ParOldGen: 434702K(435200K)->458319K(458752K)
[354.776s][info][gc,metaspace   ] GC(356) Metaspace: 42798K(43200K)->42798K(43200K) NonClass: 39978K(40256K)->39978K(40256K) Class: 2819K(2944K)->2819K(2944K)
[354.776s][info][gc             ] GC(356) Pause Young (Allocation Failure) 682M->461M(727M) 42.226ms
[354.776s][info][gc,cpu         ] GC(356) User=0.07s Sys=0.02s Real=0.04s
[355.819s][info][gc,start       ] GC(357) Pause Young (Allocation Failure)
[355.836s][info][gc,heap        ] GC(357) PSYoungGen: 254955K(286208K)->5099K(286720K) Eden: 240640K(240640K)->0K(243200K) From: 14315K(45568K)->5099K(43520K)
[355.836s][info][gc,heap        ] GC(357) ParOldGen: 458319K(458752K)->469120K(469504K)
[355.836s][info][gc,metaspace   ] GC(357) Metaspace: 42798K(43200K)->42798K(43200K) NonClass: 39979K(40256K)->39979K(40256K) Class: 2819K(2944K)->2819K(2944K)
[355.836s][info][gc             ] GC(357) Pause Young (Allocation Failure) 696M->463M(738M) 17.285ms
[355.836s][info][gc,cpu         ] GC(357) User=0.03s Sys=0.01s Real=0.02s
[356.858s][info][gc,start       ] GC(358) Pause Young (Allocation Failure)
[356.881s][info][gc,heap        ] GC(358) PSYoungGen: 248299K(286720K)->22044K(286208K) Eden: 243199K(243200K)->0K(243200K) From: 5099K(43520K)->22044K(43008K)
[356.881s][info][gc,heap        ] GC(358) ParOldGen: 469120K(469504K)->470008K(470016K)
[356.881s][info][gc,metaspace   ] GC(358) Metaspace: 42798K(43200K)->42798K(43200K) NonClass: 39979K(40256K)->39979K(40256K) Class: 2819K(2944K)->2819K(2944K)
[356.881s][info][gc             ] GC(358) Pause Young (Allocation Failure) 700M->480M(738M) 23.433ms
[356.881s][info][gc,cpu         ] GC(358) User=0.04s Sys=0.00s Real=0.02s
[357.743s][info][gc,start       ] GC(359) Pause Young (Allocation Failure)
[357.748s][info][gc,heap        ] GC(359) PSYoungGen: 265244K(286208K)->1364K(289792K) Eden: 243200K(243200K)->0K(247296K) From: 22044K(43008K)->1364K(42496K)
[357.748s][info][gc,heap        ] GC(359) ParOldGen: 470008K(470016K)->471240K(471552K)
[357.748s][info][gc,metaspace   ] GC(359) Metaspace: 42798K(43200K)->42798K(43200K) NonClass: 39979K(40256K)->39979K(40256K) Class: 2819K(2944K)->2819K(2944K)
[357.748s][info][gc             ] GC(359) Pause Young (Allocation Failure) 718M->461M(743M) 4.832ms
[357.748s][info][gc,cpu         ] GC(359) User=0.01s Sys=0.00s Real=0.00s
[358.647s][info][gc,start       ] GC(360) Pause Young (Allocation Failure)
[358.657s][info][gc,heap        ] GC(360) PSYoungGen: 248660K(289792K)->8391K(289792K) Eden: 247296K(247296K)->0K(247296K) From: 1364K(42496K)->8391K(42496K)
[358.657s][info][gc,heap        ] GC(360) ParOldGen: 471240K(471552K)->472176K(472576K)
[358.657s][info][gc,metaspace   ] GC(360) Metaspace: 42799K(43200K)->42799K(43200K) NonClass: 39979K(40256K)->39979K(40256K) Class: 2819K(2944K)->2819K(2944K)
[358.657s][info][gc             ] GC(360) Pause Young (Allocation Failure) 703M->469M(744M) 9.842ms
[358.657s][info][gc,cpu         ] GC(360) User=0.02s Sys=0.00s Real=0.01s
[359.851s][info][gc,start       ] GC(361) Pause Young (Allocation Failure)
[359.874s][info][gc,heap        ] GC(361) PSYoungGen: 255687K(289792K)->21913K(289792K) Eden: 247296K(247296K)->0K(248832K) From: 8391K(42496K)->21913K(40960K)
[359.874s][info][gc,heap        ] GC(361) ParOldGen: 472176K(472576K)->473424K(473600K)
[359.874s][info][gc,metaspace   ] GC(361) Metaspace: 42799K(43200K)->42799K(43200K) NonClass: 39979K(40256K)->39979K(40256K) Class: 2819K(2944K)->2819K(2944K)
[359.874s][info][gc             ] GC(361) Pause Young (Allocation Failure) 710M->483M(745M) 22.657ms
[359.874s][info][gc,cpu         ] GC(361) User=0.05s Sys=0.00s Real=0.03s
[361.062s][info][gc,start       ] GC(362) Pause Young (Allocation Failure)
[361.077s][info][gc,heap        ] GC(362) PSYoungGen: 270745K(289792K)->12741K(289792K) Eden: 248832K(248832K)->0K(248832K) From: 21913K(40960K)->12741K(40960K)
[361.077s][info][gc,heap        ] GC(362) ParOldGen: 473424K(473600K)->474176K(474624K)
[361.077s][info][gc,metaspace   ] GC(362) Metaspace: 42799K(43200K)->42799K(43200K) NonClass: 39979K(40256K)->39979K(40256K) Class: 2819K(2944K)->2819K(2944K)
[361.077s][info][gc             ] GC(362) Pause Young (Allocation Failure) 726M->475M(746M) 14.818ms
[361.077s][info][gc,cpu         ] GC(362) User=0.03s Sys=0.00s Real=0.02s
[362.006s][info][gc,start       ] GC(363) Pause Young (Allocation Failure)
[362.017s][info][gc,heap        ] GC(363) PSYoungGen: 261573K(289792K)->11462K(291328K) Eden: 248832K(248832K)->0K(253440K) From: 12741K(40960K)->11462K(37888K)
[362.017s][info][gc,heap        ] GC(363) ParOldGen: 474176K(474624K)->475312K(475648K)
[362.017s][info][gc,metaspace   ] GC(363) Metaspace: 42799K(43200K)->42799K(43200K) NonClass: 39979K(40256K)->39979K(40256K) Class: 2819K(2944K)->2819K(2944K)
[362.017s][info][gc             ] GC(363) Pause Young (Allocation Failure) 718M->475M(749M) 11.743ms
[362.017s][info][gc,cpu         ] GC(363) User=0.02s Sys=0.00s Real=0.01s
[362.993s][info][gc,start       ] GC(364) Pause Young (Allocation Failure)
[363.003s][info][gc,heap        ] GC(364) PSYoungGen: 264902K(291328K)->8381K(290816K) Eden: 253440K(253440K)->0K(253440K) From: 11462K(37888K)->8381K(37376K)
[363.003s][info][gc,heap        ] GC(364) ParOldGen: 475312K(475648K)->476208K(476672K)
[363.003s][info][gc,metaspace   ] GC(364) Metaspace: 42799K(43200K)->42799K(43200K) NonClass: 39979K(40256K)->39979K(40256K) Class: 2819K(2944K)->2819K(2944K)
[363.003s][info][gc             ] GC(364) Pause Young (Allocation Failure) 722M->473M(749M) 9.890ms
[363.003s][info][gc,cpu         ] GC(364) User=0.02s Sys=0.00s Real=0.01s
[363.993s][info][gc,start       ] GC(365) Pause Young (Allocation Failure)
[364.000s][info][gc,heap        ] GC(365) PSYoungGen: 261821K(290816K)->5237K(295424K) Eden: 253440K(253440K)->0K(259584K) From: 8381K(37376K)->5237K(35840K)
[364.000s][info][gc,heap        ] GC(365) ParOldGen: 476208K(476672K)->477352K(477696K)
[364.000s][info][gc,metaspace   ] GC(365) Metaspace: 42799K(43200K)->42799K(43200K) NonClass: 39979K(40256K)->39979K(40256K) Class: 2819K(2944K)->2819K(2944K)
[364.000s][info][gc             ] GC(365) Pause Young (Allocation Failure) 720M->471M(755M) 6.373ms
[364.000s][info][gc,cpu         ] GC(365) User=0.02s Sys=0.00s Real=0.00s
[364.862s][info][gc,start       ] GC(366) Pause Young (Allocation Failure)
[364.950s][info][gc,heap        ] GC(366) PSYoungGen: 264821K(295424K)->35298K(294912K) Eden: 259584K(259584K)->0K(259584K) From: 5237K(35840K)->35298K(35328K)
[364.950s][info][gc,heap        ] GC(366) ParOldGen: 477352K(477696K)->485944K(486400K)
[364.950s][info][gc,metaspace   ] GC(366) Metaspace: 42799K(43200K)->42799K(43200K) NonClass: 39979K(40256K)->39979K(40256K) Class: 2819K(2944K)->2819K(2944K)
[364.950s][info][gc             ] GC(366) Pause Young (Allocation Failure) 724M->509M(763M) 88.683ms
[364.950s][info][gc,cpu         ] GC(366) User=0.09s Sys=0.01s Real=0.09s
[366.256s][info][gc,start       ] GC(367) Pause Young (Allocation Failure)
[366.314s][info][gc,heap        ] GC(367) PSYoungGen: 294882K(294912K)->24506K(282624K) Eden: 259584K(259584K)->0K(243712K) From: 35298K(35328K)->24506K(38912K)
[366.314s][info][gc,heap        ] GC(367) ParOldGen: 485944K(486400K)->505041K(505344K)
[366.314s][info][gc,metaspace   ] GC(367) Metaspace: 42799K(43200K)->42799K(43200K) NonClass: 39979K(40256K)->39979K(40256K) Class: 2819K(2944K)->2819K(2944K)
[366.314s][info][gc             ] GC(367) Pause Young (Allocation Failure) 762M->517M(769M) 58.321ms
[366.314s][info][gc,cpu         ] GC(367) User=0.09s Sys=0.02s Real=0.06s
[367.238s][info][gc,start       ] GC(368) Pause Young (Allocation Failure)
[367.310s][info][gc,heap        ] GC(368) PSYoungGen: 268218K(282624K)->21802K(288768K) Eden: 243712K(243712K)->0K(243712K) From: 24506K(38912K)->21802K(45056K)
[367.310s][info][gc,heap        ] GC(368) ParOldGen: 505041K(505344K)->529390K(529408K)
[367.310s][info][gc,metaspace   ] GC(368) Metaspace: 42799K(43200K)->42799K(43200K) NonClass: 39979K(40256K)->39979K(40256K) Class: 2819K(2944K)->2819K(2944K)
[367.310s][info][gc             ] GC(368) Pause Young (Allocation Failure) 755M->538M(799M) 72.321ms
[367.310s][info][gc,cpu         ] GC(368) User=0.09s Sys=0.01s Real=0.07s
[368.158s][info][gc,start       ] GC(369) Pause Young (Allocation Failure)
[368.206s][info][gc,heap        ] GC(369) PSYoungGen: 265514K(288768K)->44000K(269312K) Eden: 243712K(243712K)->0K(225280K) From: 21802K(45056K)->44000K(44032K)
[368.206s][info][gc,heap        ] GC(369) ParOldGen: 529390K(529408K)->538223K(538624K)
[368.206s][info][gc,metaspace   ] GC(369) Metaspace: 42799K(43200K)->42799K(43200K) NonClass: 39979K(40256K)->39979K(40256K) Class: 2819K(2944K)->2819K(2944K)
[368.206s][info][gc             ] GC(369) Pause Young (Allocation Failure) 776M->568M(789M) 48.346ms
[368.206s][info][gc,cpu         ] GC(369) User=0.08s Sys=0.01s Real=0.05s
[368.967s][info][gc,start       ] GC(370) Pause Young (Allocation Failure)
[368.999s][info][gc,heap        ] GC(370) PSYoungGen: 269280K(269312K)->31974K(257536K) Eden: 225280K(225280K)->0K(225280K) From: 44000K(44032K)->31974K(32256K)
[368.999s][info][gc,heap        ] GC(370) ParOldGen: 538223K(538624K)->548263K(548352K)
[368.999s][info][gc,metaspace   ] GC(370) Metaspace: 42799K(43200K)->42799K(43200K) NonClass: 39980K(40256K)->39980K(40256K) Class: 2819K(2944K)->2819K(2944K)
[368.999s][info][gc             ] GC(370) Pause Young (Allocation Failure) 788M->566M(787M) 32.873ms
[368.999s][info][gc,cpu         ] GC(370) User=0.05s Sys=0.01s Real=0.03s
[369.784s][info][gc,start       ] GC(371) Pause Young (Allocation Failure)
[369.807s][info][gc,heap        ] GC(371) PSYoungGen: 257254K(257536K)->33254K(276992K) Eden: 225280K(225280K)->0K(222208K) From: 31974K(32256K)->33254K(54784K)
[369.807s][info][gc,heap        ] GC(371) ParOldGen: 548263K(548352K)->548787K(548864K)
[369.807s][info][gc,metaspace   ] GC(371) Metaspace: 42799K(43200K)->42799K(43200K) NonClass: 39980K(40256K)->39980K(40256K) Class: 2819K(2944K)->2819K(2944K)
[369.807s][info][gc             ] GC(371) Pause Young (Allocation Failure) 786M->568M(806M) 23.588ms
[369.807s][info][gc,cpu         ] GC(371) User=0.05s Sys=0.00s Real=0.02s
[370.652s][info][gc,start       ] GC(372) Pause Young (Allocation Failure)
[370.668s][info][gc,heap        ] GC(372) PSYoungGen: 255462K(276992K)->18543K(241152K) Eden: 222208K(222208K)->0K(222208K) From: 33254K(54784K)->18543K(18944K)
[370.668s][info][gc,heap        ] GC(372) ParOldGen: 548787K(548864K)->549586K(549888K)
[370.668s][info][gc,metaspace   ] GC(372) Metaspace: 42799K(43200K)->42799K(43200K) NonClass: 39980K(40256K)->39980K(40256K) Class: 2819K(2944K)->2819K(2944K)
[370.668s][info][gc             ] GC(372) Pause Young (Allocation Failure) 785M->554M(772M) 15.671ms
[370.668s][info][gc,cpu         ] GC(372) User=0.03s Sys=0.00s Real=0.02s
[371.466s][info][gc,start       ] GC(373) Pause Young (Allocation Failure)
[371.518s][info][gc,heap        ] GC(373) PSYoungGen: 240751K(241152K)->53219K(252928K) Eden: 222208K(222208K)->0K(199680K) From: 18543K(18944K)->53219K(53248K)
[371.518s][info][gc,heap        ] GC(373) ParOldGen: 549586K(549888K)->564796K(565248K)
[371.518s][info][gc,metaspace   ] GC(373) Metaspace: 42799K(43200K)->42799K(43200K) NonClass: 39980K(40256K)->39980K(40256K) Class: 2819K(2944K)->2819K(2944K)
[371.518s][info][gc             ] GC(373) Pause Young (Allocation Failure) 771M->603M(799M) 52.071ms
[371.518s][info][gc,cpu         ] GC(373) User=0.08s Sys=0.02s Real=0.05s
[372.307s][info][gc,start       ] GC(374) Pause Young (Allocation Failure)
[372.451s][info][gc,heap        ] GC(374) PSYoungGen: 252899K(252928K)->67047K(266752K) Eden: 199680K(199680K)->0K(199680K) From: 53219K(53248K)->67047K(67072K)
[372.451s][info][gc,heap        ] GC(374) ParOldGen: 564796K(565248K)->652128K(652288K)
[372.451s][info][gc,metaspace   ] GC(374) Metaspace: 42799K(43200K)->42799K(43200K) NonClass: 39980K(40256K)->39980K(40256K) Class: 2819K(2944K)->2819K(2944K)
[372.451s][info][gc             ] GC(374) Pause Young (Allocation Failure) 798M->702M(897M) 143.683ms
[372.451s][info][gc,cpu         ] GC(374) User=0.21s Sys=0.08s Real=0.14s
[373.216s][info][gc,start       ] GC(375) Pause Full (Allocation Failure)
[373.216s][info][gc,phases,start] GC(375) Marking Phase
[373.286s][info][gc,phases      ] GC(375) Marking Phase 70.377ms
[373.286s][info][gc,phases,start] GC(375) Summary Phase
[373.286s][info][gc,phases      ] GC(375) Summary Phase 0.043ms
[373.286s][info][gc,phases,start] GC(375) Forward
[373.298s][info][gc,phases      ] GC(375) Forward 11.858ms
[373.298s][info][gc,phases,start] GC(375) Adjust Pointers
[373.337s][info][gc,phases      ] GC(375) Adjust Pointers 39.178ms
[373.337s][info][gc,phases,start] GC(375) Compaction Phase
[373.355s][info][gc,phases      ] GC(375) Compaction Phase 17.218ms
[373.355s][info][gc,phases,start] GC(375) Post Compact
[373.358s][info][gc,phases      ] GC(375) Post Compact 2.934ms
[373.393s][info][gc,heap        ] GC(375) PSYoungGen: 266727K(266752K)->0K(180736K) Eden: 199680K(199680K)->0K(113664K) From: 67047K(67072K)->0K(67072K)
[373.393s][info][gc,heap        ] GC(375) ParOldGen: 652128K(652288K)->89024K(237568K)
[373.393s][info][gc,metaspace   ] GC(375) Metaspace: 42799K(43200K)->42799K(43200K) NonClass: 39980K(40256K)->39980K(40256K) Class: 2819K(2944K)->2819K(2944K)
[373.393s][info][gc             ] GC(375) Pause Full (Allocation Failure) 897M->86M(408M) 177.155ms
[373.393s][info][gc,cpu         ] GC(375) User=0.23s Sys=0.03s Real=0.18s
[373.822s][info][gc,start       ] GC(376) Pause Young (Allocation Failure)
[373.838s][info][gc,heap        ] GC(376) PSYoungGen: 113664K(180736K)->22484K(223744K) Eden: 113664K(113664K)->0K(113664K) From: 0K(67072K)->22484K(110080K)
[373.838s][info][gc,heap        ] GC(376) ParOldGen: 89024K(237568K)->89024K(237568K)
[373.838s][info][gc,metaspace   ] GC(376) Metaspace: 42799K(43200K)->42799K(43200K) NonClass: 39980K(40256K)->39980K(40256K) Class: 2819K(2944K)->2819K(2944K)
[373.838s][info][gc             ] GC(376) Pause Young (Allocation Failure) 197M->108M(450M) 16.579ms
[373.838s][info][gc,cpu         ] GC(376) User=0.03s Sys=0.00s Real=0.02s
[374.250s][info][gc,start       ] GC(377) Pause Young (Allocation Failure)
[374.266s][info][gc,heap        ] GC(377) PSYoungGen: 136148K(223744K)->8709K(216064K) Eden: 113664K(113664K)->0K(117248K) From: 22484K(110080K)->8709K(98816K)
[374.266s][info][gc,heap        ] GC(377) ParOldGen: 89024K(237568K)->102397K(237568K)
[374.266s][info][gc,metaspace   ] GC(377) Metaspace: 42799K(43200K)->42799K(43200K) NonClass: 39980K(40256K)->39980K(40256K) Class: 2819K(2944K)->2819K(2944K)
[374.267s][info][gc             ] GC(377) Pause Young (Allocation Failure) 219M->108M(443M) 16.187ms
[374.267s][info][gc,cpu         ] GC(377) User=0.03s Sys=0.00s Real=0.02s
[374.726s][info][gc,start       ] GC(378) Pause Young (Allocation Failure)
[374.736s][info][gc,heap        ] GC(378) PSYoungGen: 125957K(216064K)->7651K(221696K) Eden: 117248K(117248K)->0K(117248K) From: 8709K(98816K)->7651K(104448K)
[374.736s][info][gc,heap        ] GC(378) ParOldGen: 102397K(237568K)->102832K(237568K)
[374.736s][info][gc,metaspace   ] GC(378) Metaspace: 42799K(43200K)->42799K(43200K) NonClass: 39980K(40256K)->39980K(40256K) Class: 2819K(2944K)->2819K(2944K)
[374.736s][info][gc             ] GC(378) Pause Young (Allocation Failure) 223M->107M(448M) 10.426ms
[374.736s][info][gc,cpu         ] GC(378) User=0.02s Sys=0.00s Real=0.01s
[375.184s][info][gc,start       ] GC(379) Pause Young (Allocation Failure)
[375.197s][info][gc,heap        ] GC(379) PSYoungGen: 124899K(221696K)->17670K(218112K) Eden: 117248K(117248K)->0K(126976K) From: 7651K(104448K)->17670K(91136K)
[375.197s][info][gc,heap        ] GC(379) ParOldGen: 102832K(237568K)->103293K(237568K)
[375.197s][info][gc,metaspace   ] GC(379) Metaspace: 42799K(43200K)->42799K(43200K) NonClass: 39980K(40256K)->39980K(40256K) Class: 2819K(2944K)->2819K(2944K)
[375.197s][info][gc             ] GC(379) Pause Young (Allocation Failure) 222M->118M(445M) 12.706ms
[375.197s][info][gc,cpu         ] GC(379) User=0.02s Sys=0.00s Real=0.01s
[375.640s][info][gc,start       ] GC(380) Pause Young (Allocation Failure)
[375.653s][info][gc,heap        ] GC(380) PSYoungGen: 144646K(218112K)->20525K(224768K) Eden: 126976K(126976K)->0K(126976K) From: 17670K(91136K)->20525K(97792K)
[375.653s][info][gc,heap        ] GC(380) ParOldGen: 103293K(237568K)->103787K(237568K)
[375.653s][info][gc,metaspace   ] GC(380) Metaspace: 42799K(43200K)->42799K(43200K) NonClass: 39980K(40256K)->39980K(40256K) Class: 2819K(2944K)->2819K(2944K)
[375.653s][info][gc             ] GC(380) Pause Young (Allocation Failure) 242M->121M(451M) 12.672ms
[375.653s][info][gc,cpu         ] GC(380) User=0.02s Sys=0.00s Real=0.02s
[376.114s][info][gc,start       ] GC(381) Pause Young (Allocation Failure)
[376.141s][info][gc,heap        ] GC(381) PSYoungGen: 147501K(224768K)->42089K(229888K) Eden: 126976K(126976K)->0K(142848K) From: 20525K(97792K)->42089K(87040K)
[376.141s][info][gc,heap        ] GC(381) ParOldGen: 103787K(237568K)->104444K(237568K)
[376.141s][info][gc,metaspace   ] GC(381) Metaspace: 42799K(43200K)->42799K(43200K) NonClass: 39980K(40256K)->39980K(40256K) Class: 2819K(2944K)->2819K(2944K)
[376.141s][info][gc             ] GC(381) Pause Young (Allocation Failure) 245M->143M(456M) 26.470ms
[376.141s][info][gc,cpu         ] GC(381) User=0.05s Sys=0.00s Real=0.02s
[376.669s][info][gc,start       ] GC(382) Pause Young (Allocation Failure)
[376.688s][info][gc,heap        ] GC(382) PSYoungGen: 184937K(229888K)->27998K(233984K) Eden: 142848K(142848K)->0K(142848K) From: 42089K(87040K)->27998K(91136K)
[376.688s][info][gc,heap        ] GC(382) ParOldGen: 104444K(237568K)->104803K(237568K)
[376.688s][info][gc,metaspace   ] GC(382) Metaspace: 42799K(43200K)->42799K(43200K) NonClass: 39980K(40256K)->39980K(40256K) Class: 2819K(2944K)->2819K(2944K)
[376.688s][info][gc             ] GC(382) Pause Young (Allocation Failure) 282M->129M(460M) 19.028ms
[376.688s][info][gc,cpu         ] GC(382) User=0.03s Sys=0.00s Real=0.02s
[377.195s][info][gc,start       ] GC(383) Pause Young (Allocation Failure)
[377.212s][info][gc,heap        ] GC(383) PSYoungGen: 170846K(233984K)->25080K(234496K) Eden: 142848K(142848K)->0K(156672K) From: 27998K(91136K)->25080K(77824K)
[377.212s][info][gc,heap        ] GC(383) ParOldGen: 104803K(237568K)->105617K(237568K)
[377.212s][info][gc,metaspace   ] GC(383) Metaspace: 42799K(43200K)->42799K(43200K) NonClass: 39980K(40256K)->39980K(40256K) Class: 2819K(2944K)->2819K(2944K)
[377.212s][info][gc             ] GC(383) Pause Young (Allocation Failure) 269M->127M(461M) 16.258ms
[377.212s][info][gc,cpu         ] GC(383) User=0.03s Sys=0.00s Real=0.01s
[377.727s][info][gc,start       ] GC(384) Pause Young (Allocation Failure)
[377.754s][info][gc,heap        ] GC(384) PSYoungGen: 181752K(234496K)->23812K(238080K) Eden: 156672K(156672K)->0K(156672K) From: 25080K(77824K)->23812K(81408K)
[377.754s][info][gc,heap        ] GC(384) ParOldGen: 105617K(237568K)->128573K(237568K)
[377.754s][info][gc,metaspace   ] GC(384) Metaspace: 42799K(43200K)->42799K(43200K) NonClass: 39980K(40256K)->39980K(40256K) Class: 2819K(2944K)->2819K(2944K)
[377.754s][info][gc             ] GC(384) Pause Young (Allocation Failure) 280M->148M(464M) 27.102ms
[377.754s][info][gc,cpu         ] GC(384) User=0.05s Sys=0.00s Real=0.03s
[378.265s][info][gc,start       ] GC(385) Pause Young (Allocation Failure)
[378.280s][info][gc,heap        ] GC(385) PSYoungGen: 180484K(238080K)->1284K(251904K) Eden: 156672K(156672K)->0K(174592K) From: 23812K(81408K)->1284K(77312K)
[378.280s][info][gc,heap        ] GC(385) ParOldGen: 128573K(237568K)->151500K(237568K)
[378.280s][info][gc,metaspace   ] GC(385) Metaspace: 42799K(43200K)->42799K(43200K) NonClass: 39980K(40256K)->39980K(40256K) Class: 2819K(2944K)->2819K(2944K)
[378.280s][info][gc             ] GC(385) Pause Young (Allocation Failure) 301M->149M(478M) 14.872ms
[378.280s][info][gc,cpu         ] GC(385) User=0.03s Sys=0.00s Real=0.01s
[378.861s][info][gc,start       ] GC(386) Pause Young (Allocation Failure)
[378.863s][info][gc,heap        ] GC(386) PSYoungGen: 175876K(251904K)->1436K(251904K) Eden: 174592K(174592K)->0K(174592K) From: 1284K(77312K)->1436K(77312K)
[378.863s][info][gc,heap        ] GC(386) ParOldGen: 151500K(237568K)->151612K(237568K)
[378.863s][info][gc,metaspace   ] GC(386) Metaspace: 42799K(43200K)->42799K(43200K) NonClass: 39980K(40256K)->39980K(40256K) Class: 2819K(2944K)->2819K(2944K)
[378.863s][info][gc             ] GC(386) Pause Young (Allocation Failure) 319M->149M(478M) 2.536ms
[378.863s][info][gc,cpu         ] GC(386) User=0.00s Sys=0.00s Real=0.01s
[379.372s][info][gc,start       ] GC(387) Pause Young (Allocation Failure)
[379.377s][info][gc,heap        ] GC(387) PSYoungGen: 176028K(251904K)->3463K(253952K) Eden: 174592K(174592K)->0K(179712K) From: 1436K(77312K)->3463K(74240K)
[379.378s][info][gc,heap        ] GC(387) ParOldGen: 151612K(237568K)->152092K(237568K)
[379.378s][info][gc,metaspace   ] GC(387) Metaspace: 42799K(43200K)->42799K(43200K) NonClass: 39980K(40256K)->39980K(40256K) Class: 2819K(2944K)->2819K(2944K)
[379.378s][info][gc             ] GC(387) Pause Young (Allocation Failure) 319M->151M(480M) 5.353ms
[379.378s][info][gc,cpu         ] GC(387) User=0.01s Sys=0.00s Real=0.01s
[379.701s][info][gc,start       ] GC(388) Pause Young (Allocation Failure)
[379.705s][info][gc,heap        ] GC(388) PSYoungGen: 183175K(253952K)->3022K(254976K) Eden: 179712K(179712K)->0K(179712K) From: 3463K(74240K)->3022K(75264K)
[379.705s][info][gc,heap        ] GC(388) ParOldGen: 152092K(237568K)->154024K(237568K)
[379.705s][info][gc,metaspace   ] GC(388) Metaspace: 42799K(43200K)->42799K(43200K) NonClass: 39980K(40256K)->39980K(40256K) Class: 2819K(2944K)->2819K(2944K)
[379.706s][info][gc             ] GC(388) Pause Young (Allocation Failure) 327M->153M(481M) 4.824ms
[379.706s][info][gc,cpu         ] GC(388) User=0.00s Sys=0.00s Real=0.01s
[380.027s][info][gc,start       ] GC(389) Pause Young (Allocation Failure)
[380.031s][info][gc,heap        ] GC(389) PSYoungGen: 182734K(254976K)->3054K(254464K) Eden: 179712K(179712K)->0K(185344K) From: 3022K(75264K)->3054K(69120K)
[380.031s][info][gc,heap        ] GC(389) ParOldGen: 154024K(237568K)->154088K(237568K)
[380.031s][info][gc,metaspace   ] GC(389) Metaspace: 42799K(43200K)->42799K(43200K) NonClass: 39980K(40256K)->39980K(40256K) Class: 2819K(2944K)->2819K(2944K)
[380.031s][info][gc             ] GC(389) Pause Young (Allocation Failure) 328M->153M(480M) 3.650ms
[380.031s][info][gc,cpu         ] GC(389) User=0.01s Sys=0.00s Real=0.00s
[380.403s][info][gc,start       ] GC(390) Pause Young (Allocation Failure)
[380.411s][info][gc,heap        ] GC(390) PSYoungGen: 188398K(254464K)->10627K(256000K) Eden: 185344K(185344K)->0K(185344K) From: 3054K(69120K)->10627K(70656K)
[380.411s][info][gc,heap        ] GC(390) ParOldGen: 154088K(237568K)->154348K(237568K)
[380.411s][info][gc,metaspace   ] GC(390) Metaspace: 42799K(43200K)->42799K(43200K) NonClass: 39980K(40256K)->39980K(40256K) Class: 2819K(2944K)->2819K(2944K)
[380.411s][info][gc             ] GC(390) Pause Young (Allocation Failure) 334M->161M(482M) 8.197ms
[380.411s][info][gc,cpu         ] GC(390) User=0.02s Sys=0.00s Real=0.00s
[380.670s][info][gc,start       ] GC(391) Pause Young (Allocation Failure)
[380.678s][info][gc,heap        ] GC(391) PSYoungGen: 195327K(256000K)->1756K(261120K) Eden: 184699K(185344K)->0K(196096K) From: 10627K(70656K)->1756K(65024K)
[380.678s][info][gc,heap        ] GC(391) ParOldGen: 154348K(237568K)->164739K(237568K)
[380.678s][info][gc,metaspace   ] GC(391) Metaspace: 42799K(43200K)->42799K(43200K) NonClass: 39980K(40256K)->39980K(40256K) Class: 2819K(2944K)->2819K(2944K)
[380.678s][info][gc             ] GC(391) Pause Young (Allocation Failure) 341M->162M(487M) 8.335ms
[380.678s][info][gc,cpu         ] GC(391) User=0.01s Sys=0.00s Real=0.01s
[380.965s][info][gc,start       ] GC(392) Pause Young (Allocation Failure)
[380.970s][info][gc,heap        ] GC(392) PSYoungGen: 196514K(261120K)->2024K(261120K) Eden: 194757K(196096K)->0K(196096K) From: 1756K(65024K)->2024K(65024K)
[380.970s][info][gc,heap        ] GC(392) ParOldGen: 164739K(237568K)->166462K(237568K)
[380.970s][info][gc,metaspace   ] GC(392) Metaspace: 42799K(43200K)->42799K(43200K) NonClass: 39980K(40256K)->39980K(40256K) Class: 2819K(2944K)->2819K(2944K)
[380.970s][info][gc             ] GC(392) Pause Young (Allocation Failure) 352M->164M(487M) 5.081ms
[380.970s][info][gc,cpu         ] GC(392) User=0.01s Sys=0.00s Real=0.00s
[381.255s][info][gc,start       ] GC(393) Pause Young (Allocation Failure)
[381.262s][info][gc,heap        ] GC(393) PSYoungGen: 196881K(261120K)->3135K(265216K) Eden: 194857K(196096K)->0K(206336K) From: 2024K(65024K)->3135K(58880K)
[381.262s][info][gc,heap        ] GC(393) ParOldGen: 166462K(237568K)->168474K(237568K)
[381.262s][info][gc,metaspace   ] GC(393) Metaspace: 42799K(43200K)->42799K(43200K) NonClass: 39980K(40256K)->39980K(40256K) Class: 2819K(2944K)->2819K(2944K)
[381.262s][info][gc             ] GC(393) Pause Young (Allocation Failure) 354M->167M(491M) 7.036ms
[381.262s][info][gc,cpu         ] GC(393) User=0.01s Sys=0.00s Real=0.00s
[381.572s][info][gc,start       ] GC(394) Pause Young (Allocation Failure)
[381.581s][info][gc,heap        ] GC(394) PSYoungGen: 209471K(265216K)->4295K(265728K) Eden: 206336K(206336K)->0K(206336K) From: 3135K(58880K)->4295K(59392K)
[381.581s][info][gc,heap        ] GC(394) ParOldGen: 168474K(237568K)->171508K(237568K)
[381.581s][info][gc,metaspace   ] GC(394) Metaspace: 42799K(43200K)->42799K(43200K) NonClass: 39980K(40256K)->39980K(40256K) Class: 2819K(2944K)->2819K(2944K)
[381.581s][info][gc             ] GC(394) Pause Young (Allocation Failure) 369M->171M(491M) 8.479ms
[381.581s][info][gc,cpu         ] GC(394) User=0.02s Sys=0.00s Real=0.01s
[381.914s][info][gc,start       ] GC(395) Pause Young (Allocation Failure)
[381.929s][info][gc,heap        ] GC(395) PSYoungGen: 209719K(265728K)->7289K(269312K) Eden: 205424K(206336K)->0K(217600K) From: 4295K(59392K)->7289K(51712K)
[381.929s][info][gc,heap        ] GC(395) ParOldGen: 171508K(237568K)->175858K(237568K)
[381.929s][info][gc,metaspace   ] GC(395) Metaspace: 42799K(43200K)->42799K(43200K) NonClass: 39980K(40256K)->39980K(40256K) Class: 2819K(2944K)->2819K(2944K)
[381.929s][info][gc             ] GC(395) Pause Young (Allocation Failure) 372M->178M(495M) 15.407ms
[381.929s][info][gc,cpu         ] GC(395) User=0.03s Sys=0.00s Real=0.01s
[382.264s][info][gc,start       ] GC(396) Pause Young (Allocation Failure)
[382.279s][info][gc,heap        ] GC(396) PSYoungGen: 224889K(269312K)->4011K(270848K) Eden: 217600K(217600K)->0K(217600K) From: 7289K(51712K)->4011K(53248K)
[382.279s][info][gc,heap        ] GC(396) ParOldGen: 175858K(237568K)->183271K(237568K)
[382.279s][info][gc,metaspace   ] GC(396) Metaspace: 42799K(43200K)->42799K(43200K) NonClass: 39980K(40256K)->39980K(40256K) Class: 2819K(2944K)->2819K(2944K)
[382.279s][info][gc             ] GC(396) Pause Young (Allocation Failure) 391M->182M(496M) 15.360ms
[382.279s][info][gc,cpu         ] GC(396) User=0.03s Sys=0.00s Real=0.01s
[382.723s][info][gc,start       ] GC(397) Pause Young (Allocation Failure)
[382.740s][info][gc,heap        ] GC(397) PSYoungGen: 221611K(270848K)->11684K(273408K) Eden: 217600K(217600K)->0K(229888K) From: 4011K(53248K)->11684K(43520K)
[382.740s][info][gc,heap        ] GC(397) ParOldGen: 183271K(237568K)->187250K(237568K)
[382.740s][info][gc,metaspace   ] GC(397) Metaspace: 42800K(43200K)->42800K(43200K) NonClass: 39980K(40256K)->39980K(40256K) Class: 2819K(2944K)->2819K(2944K)
[382.740s][info][gc             ] GC(397) Pause Young (Allocation Failure) 395M->194M(499M) 16.665ms
[382.740s][info][gc,cpu         ] GC(397) User=0.04s Sys=0.00s Real=0.01s
[383.359s][info][gc,start       ] GC(398) Pause Young (Allocation Failure)
[383.385s][info][gc,heap        ] GC(398) PSYoungGen: 241572K(273408K)->6820K(276480K) Eden: 229888K(229888K)->0K(229888K) From: 11684K(43520K)->6820K(46592K)
[383.385s][info][gc,heap        ] GC(398) ParOldGen: 187250K(237568K)->198846K(237568K)
[383.385s][info][gc,metaspace   ] GC(398) Metaspace: 42843K(43200K)->42843K(43200K) NonClass: 40023K(40256K)->40023K(40256K) Class: 2819K(2944K)->2819K(2944K)
[383.385s][info][gc             ] GC(398) Pause Young (Allocation Failure) 418M->200M(502M) 26.224ms
[383.385s][info][gc,cpu         ] GC(398) User=0.06s Sys=0.00s Real=0.03s
[384.050s][info][gc,start       ] GC(399) Pause Young (Allocation Failure)
[384.056s][info][gc,heap        ] GC(399) PSYoungGen: 236708K(276480K)->3100K(282624K) Eden: 229888K(229888K)->0K(243200K) From: 6820K(46592K)->3100K(39424K)
[384.056s][info][gc,heap        ] GC(399) ParOldGen: 198846K(237568K)->203580K(237568K)
[384.056s][info][gc,metaspace   ] GC(399) Metaspace: 42843K(43200K)->42843K(43200K) NonClass: 40023K(40256K)->40023K(40256K) Class: 2819K(2944K)->2819K(2944K)
[384.056s][info][gc             ] GC(399) Pause Young (Allocation Failure) 425M->201M(508M) 6.450ms
[384.056s][info][gc,cpu         ] GC(399) User=0.01s Sys=0.00s Real=0.01s
[384.672s][info][gc,start       ] GC(400) Pause Young (Allocation Failure)
[384.673s][info][gc,heap        ] GC(400) PSYoungGen: 246300K(282624K)->288K(285184K) Eden: 243200K(243200K)->0K(243200K) From: 3100K(39424K)->288K(41984K)
[384.673s][info][gc,heap        ] GC(400) ParOldGen: 203580K(237568K)->203580K(237568K)
[384.673s][info][gc,metaspace   ] GC(400) Metaspace: 42846K(43200K)->42846K(43200K) NonClass: 40027K(40256K)->40027K(40256K) Class: 2819K(2944K)->2819K(2944K)
[384.674s][info][gc             ] GC(400) Pause Young (Allocation Failure) 439M->199M(510M) 1.376ms
[384.674s][info][gc,cpu         ] GC(400) User=0.01s Sys=0.00s Real=0.01s
[385.250s][info][gc,start       ] GC(401) Pause Young (Allocation Failure)
[385.255s][info][gc,heap        ] GC(401) PSYoungGen: 243488K(285184K)->4920K(285696K) Eden: 243200K(243200K)->0K(251392K) From: 288K(41984K)->4920K(34304K)
[385.255s][info][gc,heap        ] GC(401) ParOldGen: 203580K(237568K)->203630K(237568K)
[385.255s][info][gc,metaspace   ] GC(401) Metaspace: 42861K(43200K)->42861K(43200K) NonClass: 40041K(40256K)->40041K(40256K) Class: 2819K(2944K)->2819K(2944K)
[385.255s][info][gc             ] GC(401) Pause Young (Allocation Failure) 436M->203M(511M) 5.473ms
[385.255s][info][gc,cpu         ] GC(401) User=0.01s Sys=0.00s Real=0.01s
[385.896s][info][gc,start       ] GC(402) Pause Young (Allocation Failure)
[385.904s][info][gc,heap        ] GC(402) PSYoungGen: 256312K(285696K)->7810K(289280K) Eden: 251392K(251392K)->0K(251392K) From: 4920K(34304K)->7810K(37888K)
[385.904s][info][gc,heap        ] GC(402) ParOldGen: 203630K(237568K)->203686K(237568K)
[385.904s][info][gc,metaspace   ] GC(402) Metaspace: 42864K(43200K)->42864K(43200K) NonClass: 40045K(40256K)->40045K(40256K) Class: 2819K(2944K)->2819K(2944K)
[385.904s][info][gc             ] GC(402) Pause Young (Allocation Failure) 449M->206M(514M) 8.646ms
[385.904s][info][gc,cpu         ] GC(402) User=0.01s Sys=0.00s Real=0.01s
[386.559s][info][gc,start       ] GC(403) Pause Young (Allocation Failure)
[386.564s][info][gc,heap        ] GC(403) PSYoungGen: 259202K(289280K)->4662K(290816K) Eden: 251392K(251392K)->0K(260608K) From: 7810K(37888K)->4662K(30208K)
[386.564s][info][gc,heap        ] GC(403) ParOldGen: 203686K(237568K)->205915K(237568K)
[386.564s][info][gc,metaspace   ] GC(403) Metaspace: 42867K(43200K)->42867K(43200K) NonClass: 40048K(40256K)->40048K(40256K) Class: 2819K(2944K)->2819K(2944K)
[386.564s][info][gc             ] GC(403) Pause Young (Allocation Failure) 452M->205M(516M) 5.568ms
[386.564s][info][gc,cpu         ] GC(403) User=0.00s Sys=0.00s Real=0.01s
[388.100s][info][gc,start       ] GC(404) Pause Young (Allocation Failure)
[388.116s][info][gc,heap        ] GC(404) PSYoungGen: 265270K(290816K)->11872K(293888K) Eden: 260608K(260608K)->0K(260608K) From: 4662K(30208K)->11872K(33280K)
[388.116s][info][gc,heap        ] GC(404) ParOldGen: 205915K(237568K)->208549K(237568K)
[388.116s][info][gc,metaspace   ] GC(404) Metaspace: 42894K(43200K)->42894K(43200K) NonClass: 40074K(40256K)->40074K(40256K) Class: 2819K(2944K)->2819K(2944K)
[388.116s][info][gc             ] GC(404) Pause Young (Allocation Failure) 460M->215M(519M) 15.961ms
[388.116s][info][gc,cpu         ] GC(404) User=0.03s Sys=0.00s Real=0.02s
[388.756s][info][gc,start       ] GC(405) Pause Young (Allocation Failure)
[388.802s][info][gc,heap        ] GC(405) PSYoungGen: 272480K(293888K)->29132K(291328K) Eden: 260608K(260608K)->0K(259072K) From: 11872K(33280K)->29132K(32256K)
[388.802s][info][gc,heap        ] GC(405) ParOldGen: 208549K(237568K)->220295K(237568K)
[388.802s][info][gc,metaspace   ] GC(405) Metaspace: 42894K(43200K)->42894K(43200K) NonClass: 40074K(40256K)->40074K(40256K) Class: 2819K(2944K)->2819K(2944K)
[388.802s][info][gc             ] GC(405) Pause Young (Allocation Failure) 469M->243M(516M) 45.546ms
[388.802s][info][gc,cpu         ] GC(405) User=0.08s Sys=0.01s Real=0.04s
[389.513s][info][gc,start       ] GC(406) Pause Young (Allocation Failure)
[389.577s][info][gc,heap        ] GC(406) PSYoungGen: 288204K(291328K)->28952K(288256K) Eden: 259072K(259072K)->0K(259072K) From: 29132K(32256K)->28952K(29184K)
[389.577s][info][gc,heap        ] GC(406) ParOldGen: 220295K(237568K)->248770K(248832K)
[389.577s][info][gc,metaspace   ] GC(406) Metaspace: 42894K(43200K)->42894K(43200K) NonClass: 40074K(40256K)->40074K(40256K) Class: 2819K(2944K)->2819K(2944K)
[389.577s][info][gc             ] GC(406) Pause Young (Allocation Failure) 496M->271M(524M) 63.917ms
[389.577s][info][gc,cpu         ] GC(406) User=0.12s Sys=0.01s Real=0.06s
[390.236s][info][gc,start       ] GC(407) Pause Young (Allocation Failure)
[390.310s][info][gc,heap        ] GC(407) PSYoungGen: 287857K(288256K)->33294K(282112K) Eden: 258905K(259072K)->0K(240640K) From: 28952K(29184K)->33294K(41472K)
[390.310s][info][gc,heap        ] GC(407) ParOldGen: 248770K(248832K)->275998K(276480K)
[390.310s][info][gc,metaspace   ] GC(407) Metaspace: 42895K(43200K)->42895K(43200K) NonClass: 40076K(40256K)->40076K(40256K) Class: 2819K(2944K)->2819K(2944K)
[390.310s][info][gc             ] GC(407) Pause Young (Allocation Failure) 524M->302M(545M) 73.390ms
[390.310s][info][gc,cpu         ] GC(407) User=0.13s Sys=0.02s Real=0.07s
[394.198s][info][gc,start       ] GC(408) Pause Young (Allocation Failure)
[394.241s][info][gc,heap        ] GC(408) PSYoungGen: 273934K(282112K)->5476K(287232K) Eden: 240640K(240640K)->0K(240640K) From: 33294K(41472K)->5476K(46592K)
[394.241s][info][gc,heap        ] GC(408) ParOldGen: 275998K(276480K)->305299K(305664K)
[394.241s][info][gc,metaspace   ] GC(408) Metaspace: 42903K(43200K)->42903K(43200K) NonClass: 40084K(40256K)->40084K(40256K) Class: 2819K(2944K)->2819K(2944K)
[394.241s][info][gc             ] GC(408) Pause Young (Allocation Failure) 537M->303M(579M) 42.668ms
[394.241s][info][gc,cpu         ] GC(408) User=0.05s Sys=0.04s Real=0.04s
[394.951s][info][gc,start       ] GC(409) Pause Young (Allocation Failure)
[394.986s][info][gc,heap        ] GC(409) PSYoungGen: 246116K(287232K)->28128K(284672K) Eden: 240640K(240640K)->0K(239616K) From: 5476K(46592K)->28128K(45056K)
[394.986s][info][gc,heap        ] GC(409) ParOldGen: 305299K(305664K)->309091K(309248K)
[394.986s][info][gc,metaspace   ] GC(409) Metaspace: 42912K(43264K)->42912K(43264K) NonClass: 40093K(40320K)->40093K(40320K) Class: 2819K(2944K)->2819K(2944K)
[394.986s][info][gc             ] GC(409) Pause Young (Allocation Failure) 538M->329M(580M) 34.865ms
[394.986s][info][gc,cpu         ] GC(409) User=0.07s Sys=0.00s Real=0.04s
[395.631s][info][gc,start       ] GC(410) Pause Young (Allocation Failure)
[395.713s][info][gc,heap        ] GC(410) PSYoungGen: 267744K(284672K)->29336K(269312K) Eden: 239616K(239616K)->0K(239616K) From: 28128K(45056K)->29336K(29696K)
[395.713s][info][gc,heap        ] GC(410) ParOldGen: 309091K(309248K)->336527K(336896K)
[395.713s][info][gc,metaspace   ] GC(410) Metaspace: 42912K(43264K)->42912K(43264K) NonClass: 40093K(40320K)->40093K(40320K) Class: 2819K(2944K)->2819K(2944K)
[395.713s][info][gc             ] GC(410) Pause Young (Allocation Failure) 563M->357M(592M) 81.907ms
[395.713s][info][gc,cpu         ] GC(410) User=0.14s Sys=0.02s Real=0.09s
[396.377s][info][gc,start       ] GC(411) Pause Young (Allocation Failure)
[396.447s][info][gc,heap        ] GC(411) PSYoungGen: 268952K(269312K)->30000K(281600K) Eden: 239616K(239616K)->0K(232448K) From: 29336K(29696K)->30000K(49152K)
[396.447s][info][gc,heap        ] GC(411) ParOldGen: 336527K(336896K)->364167K(364544K)
[396.447s][info][gc,metaspace   ] GC(411) Metaspace: 42912K(43264K)->42912K(43264K) NonClass: 40093K(40320K)->40093K(40320K) Class: 2819K(2944K)->2819K(2944K)
[396.447s][info][gc             ] GC(411) Pause Young (Allocation Failure) 591M->384M(631M) 70.094ms
[396.447s][info][gc,cpu         ] GC(411) User=0.12s Sys=0.02s Real=0.07s
[398.237s][info][gc,start       ] GC(412) Pause Young (Allocation Failure)
[398.291s][info][gc,heap        ] GC(412) PSYoungGen: 262448K(281600K)->13940K(246784K) Eden: 232448K(232448K)->0K(232448K) From: 30000K(49152K)->13940K(14336K)
[398.291s][info][gc,heap        ] GC(412) ParOldGen: 364167K(364544K)->394360K(394752K)
[398.291s][info][gc,metaspace   ] GC(412) Metaspace: 42912K(43264K)->42912K(43264K) NonClass: 40093K(40320K)->40093K(40320K) Class: 2819K(2944K)->2819K(2944K)
[398.291s][info][gc             ] GC(412) Pause Young (Allocation Failure) 611M->398M(626M) 53.833ms
[398.291s][info][gc,cpu         ] GC(412) User=0.09s Sys=0.02s Real=0.05s
[399.693s][info][gc,start       ] GC(413) Pause Young (Allocation Failure)
[399.714s][info][gc,heap        ] GC(413) PSYoungGen: 246388K(246784K)->571K(282112K) Eden: 232448K(232448K)->0K(233984K) From: 13940K(14336K)->571K(48128K)
[399.714s][info][gc,heap        ] GC(413) ParOldGen: 394360K(394752K)->406765K(407040K)
[399.714s][info][gc,metaspace   ] GC(413) Metaspace: 42912K(43264K)->42912K(43264K) NonClass: 40093K(40320K)->40093K(40320K) Class: 2819K(2944K)->2819K(2944K)
[399.714s][info][gc             ] GC(413) Pause Young (Allocation Failure) 625M->397M(673M) 20.998ms
[399.714s][info][gc,cpu         ] GC(413) User=0.02s Sys=0.02s Real=0.02s
[401.198s][info][gc,start       ] GC(414) Pause Young (Allocation Failure)
[401.229s][info][gc,heap        ] GC(414) PSYoungGen: 234555K(282112K)->23655K(282112K) Eden: 233984K(233984K)->0K(233984K) From: 571K(48128K)->23655K(48128K)
[401.229s][info][gc,heap        ] GC(414) ParOldGen: 406765K(407040K)->407261K(407552K)
[401.229s][info][gc,metaspace   ] GC(414) Metaspace: 42912K(43264K)->42912K(43264K) NonClass: 40093K(40320K)->40093K(40320K) Class: 2819K(2944K)->2819K(2944K)
[401.229s][info][gc             ] GC(414) Pause Young (Allocation Failure) 626M->420M(673M) 31.032ms
[401.229s][info][gc,cpu         ] GC(414) User=0.06s Sys=0.00s Real=0.03s
[402.747s][info][gc,start       ] GC(415) Pause Young (Allocation Failure)
[402.799s][info][gc,heap        ] GC(415) PSYoungGen: 257639K(282112K)->21476K(284160K) Eden: 233984K(233984K)->0K(238080K) From: 23655K(48128K)->21476K(46080K)
[402.799s][info][gc,heap        ] GC(415) ParOldGen: 407261K(407552K)->431045K(431104K)
[402.799s][info][gc,metaspace   ] GC(415) Metaspace: 42912K(43264K)->42912K(43264K) NonClass: 40093K(40320K)->40093K(40320K) Class: 2819K(2944K)->2819K(2944K)
[402.799s][info][gc             ] GC(415) Pause Young (Allocation Failure) 649M->441M(698M) 52.520ms
[402.799s][info][gc,cpu         ] GC(415) User=0.09s Sys=0.01s Real=0.05s
[403.962s][info][gc,start       ] GC(416) Pause Young (Allocation Failure)
[404.016s][info][gc,heap        ] GC(416) PSYoungGen: 259556K(284160K)->29894K(284672K) Eden: 238080K(238080K)->0K(238080K) From: 21476K(46080K)->29894K(46592K)
[404.016s][info][gc,heap        ] GC(416) ParOldGen: 431045K(431104K)->452332K(452608K)
[404.016s][info][gc,metaspace   ] GC(416) Metaspace: 42912K(43264K)->42912K(43264K) NonClass: 40093K(40320K)->40093K(40320K) Class: 2819K(2944K)->2819K(2944K)
[404.016s][info][gc             ] GC(416) Pause Young (Allocation Failure) 674M->470M(720M) 54.190ms
[404.016s][info][gc,cpu         ] GC(416) User=0.09s Sys=0.02s Real=0.06s
[404.693s][info][gc,start       ] GC(417) Pause Young (Allocation Failure)
[404.762s][info][gc,heap        ] GC(417) PSYoungGen: 267974K(284672K)->29516K(282624K) Eden: 238080K(238080K)->0K(234496K) From: 29894K(46592K)->29516K(48128K)
[404.762s][info][gc,heap        ] GC(417) ParOldGen: 452332K(452608K)->482166K(482304K)
[404.762s][info][gc,metaspace   ] GC(417) Metaspace: 42912K(43264K)->42912K(43264K) NonClass: 40093K(40320K)->40093K(40320K) Class: 2819K(2944K)->2819K(2944K)
[404.762s][info][gc             ] GC(417) Pause Young (Allocation Failure) 703M->499M(747M) 69.099ms
[404.762s][info][gc,cpu         ] GC(417) User=0.12s Sys=0.02s Real=0.06s
[405.348s][info][gc,start       ] GC(418) Pause Young (Allocation Failure)
[405.428s][info][gc,heap        ] GC(418) PSYoungGen: 264012K(282624K)->26936K(284160K) Eden: 234496K(234496K)->0K(234496K) From: 29516K(48128K)->26936K(49664K)
[405.429s][info][gc,heap        ] GC(418) ParOldGen: 482166K(482304K)->511854K(512000K)
[405.429s][info][gc,metaspace   ] GC(418) Metaspace: 42912K(43264K)->42912K(43264K) NonClass: 40093K(40320K)->40093K(40320K) Class: 2819K(2944K)->2819K(2944K)
[405.429s][info][gc             ] GC(418) Pause Young (Allocation Failure) 728M->526M(777M) 80.988ms
[405.429s][info][gc,cpu         ] GC(418) User=0.12s Sys=0.03s Real=0.08s
[406.527s][info][gc,start       ] GC(419) Pause Young (Allocation Failure)
[406.628s][info][gc,heap        ] GC(419) PSYoungGen: 261432K(284160K)->49123K(245760K) Eden: 234496K(234496K)->0K(196608K) From: 26936K(49664K)->49123K(49152K)
[406.628s][info][gc,heap        ] GC(419) ParOldGen: 511854K(512000K)->542421K(542720K)
[406.628s][info][gc,metaspace   ] GC(419) Metaspace: 42912K(43264K)->42912K(43264K) NonClass: 40093K(40320K)->40093K(40320K) Class: 2819K(2944K)->2819K(2944K)
[406.628s][info][gc             ] GC(419) Pause Young (Allocation Failure) 755M->577M(770M) 101.225ms
[406.628s][info][gc,cpu         ] GC(419) User=0.18s Sys=0.02s Real=0.10s
[407.826s][info][gc,start       ] GC(420) Pause Young (Allocation Failure)
[407.859s][info][gc,heap        ] GC(420) PSYoungGen: 245731K(245760K)->6936K(265216K) Eden: 196608K(196608K)->0K(196608K) From: 49123K(49152K)->6936K(68608K)
[407.859s][info][gc,heap        ] GC(420) ParOldGen: 542421K(542720K)->563418K(563712K)
[407.860s][info][gc,metaspace   ] GC(420) Metaspace: 42912K(43264K)->42912K(43264K) NonClass: 40093K(40320K)->40093K(40320K) Class: 2819K(2944K)->2819K(2944K)
[407.860s][info][gc             ] GC(420) Pause Young (Allocation Failure) 769M->556M(809M) 33.239ms
[407.860s][info][gc,cpu         ] GC(420) User=0.05s Sys=0.01s Real=0.03s
[408.906s][info][gc,start       ] GC(421) Pause Young (Allocation Failure)
[408.916s][info][gc,heap        ] GC(421) PSYoungGen: 203544K(265216K)->457K(263168K) Eden: 196608K(196608K)->0K(197632K) From: 6936K(68608K)->457K(65536K)
[408.916s][info][gc,heap        ] GC(421) ParOldGen: 563418K(563712K)->569716K(569856K)
[408.916s][info][gc,metaspace   ] GC(421) Metaspace: 42912K(43264K)->42912K(43264K) NonClass: 40093K(40320K)->40093K(40320K) Class: 2819K(2944K)->2819K(2944K)
[408.916s][info][gc             ] GC(421) Pause Young (Allocation Failure) 748M->556M(813M) 9.634ms
[408.916s][info][gc,cpu         ] GC(421) User=0.02s Sys=0.01s Real=0.01s
[410.054s][info][gc,start       ] GC(422) Pause Young (Allocation Failure)
[410.078s][info][gc,heap        ] GC(422) PSYoungGen: 198089K(263168K)->22557K(220672K) Eden: 197632K(197632K)->0K(197632K) From: 457K(65536K)->22557K(23040K)
[410.079s][info][gc,heap        ] GC(422) ParOldGen: 569716K(569856K)->570142K(570368K)
[410.079s][info][gc,metaspace   ] GC(422) Metaspace: 42912K(43264K)->42912K(43264K) NonClass: 40093K(40320K)->40093K(40320K) Class: 2819K(2944K)->2819K(2944K)
[410.079s][info][gc             ] GC(422) Pause Young (Allocation Failure) 749M->578M(772M) 24.421ms
[410.079s][info][gc,cpu         ] GC(422) User=0.05s Sys=0.00s Real=0.02s
[411.219s][info][gc,start       ] GC(423) Pause Young (Allocation Failure)
[411.267s][info][gc,heap        ] GC(423) PSYoungGen: 220189K(220672K)->19222K(267776K) Eden: 197632K(197632K)->0K(204800K) From: 22557K(23040K)->19222K(62976K)
[411.267s][info][gc,heap        ] GC(423) ParOldGen: 570142K(570368K)->592527K(592896K)
[411.267s][info][gc,metaspace   ] GC(423) Metaspace: 42912K(43264K)->42912K(43264K) NonClass: 40093K(40320K)->40093K(40320K) Class: 2819K(2944K)->2819K(2944K)
[411.267s][info][gc             ] GC(423) Pause Young (Allocation Failure) 771M->597M(840M) 47.438ms
[411.267s][info][gc,cpu         ] GC(423) User=0.08s Sys=0.01s Real=0.05s
[412.576s][info][gc,start       ] GC(424) Pause Young (Allocation Failure)
[412.664s][info][gc,heap        ] GC(424) PSYoungGen: 224022K(267776K)->17600K(264192K) Eden: 204800K(204800K)->0K(204800K) From: 19222K(62976K)->17600K(59392K)
[412.664s][info][gc,heap        ] GC(424) ParOldGen: 592527K(592896K)->611748K(611840K)
[412.664s][info][gc,metaspace   ] GC(424) Metaspace: 42912K(43264K)->42912K(43264K) NonClass: 40093K(40320K)->40093K(40320K) Class: 2819K(2944K)->2819K(2944K)
[412.664s][info][gc             ] GC(424) Pause Young (Allocation Failure) 797M->614M(855M) 87.646ms
[412.664s][info][gc,cpu         ] GC(424) User=0.09s Sys=0.02s Real=0.09s
[413.814s][info][gc,start       ] GC(425) Pause Young (Allocation Failure)
[413.906s][info][gc,heap        ] GC(425) PSYoungGen: 222400K(264192K)->11904K(269824K) Eden: 204800K(204800K)->0K(213504K) From: 17600K(59392K)->11904K(56320K)
[413.906s][info][gc,heap        ] GC(425) ParOldGen: 611748K(611840K)->629330K(629760K)
[413.906s][info][gc,metaspace   ] GC(425) Metaspace: 42917K(43264K)->42917K(43264K) NonClass: 40098K(40320K)->40098K(40320K) Class: 2819K(2944K)->2819K(2944K)
[413.906s][info][gc             ] GC(425) Pause Young (Allocation Failure) 814M->626M(878M) 92.306ms
[413.906s][info][gc,cpu         ] GC(425) User=0.05s Sys=0.01s Real=0.09s
[415.350s][info][gc,start       ] GC(426) Pause Full (Allocation Failure)
[415.350s][info][gc,phases,start] GC(426) Marking Phase
[415.436s][info][gc,phases      ] GC(426) Marking Phase 85.981ms
[415.436s][info][gc,phases,start] GC(426) Summary Phase
[415.436s][info][gc,phases      ] GC(426) Summary Phase 0.035ms
[415.436s][info][gc,phases,start] GC(426) Forward
[415.448s][info][gc,phases      ] GC(426) Forward 12.088ms
[415.448s][info][gc,phases,start] GC(426) Adjust Pointers
[415.497s][info][gc,phases      ] GC(426) Adjust Pointers 48.761ms
[415.497s][info][gc,phases,start] GC(426) Compaction Phase
[415.522s][info][gc,phases      ] GC(426) Compaction Phase 25.466ms
[415.522s][info][gc,phases,start] GC(426) Post Compact
[415.525s][info][gc,phases      ] GC(426) Post Compact 2.562ms
[415.565s][info][gc,heap        ] GC(426) PSYoungGen: 225408K(269824K)->0K(267776K) Eden: 213504K(213504K)->0K(213504K) From: 11904K(56320K)->0K(54272K)
[415.565s][info][gc,heap        ] GC(426) ParOldGen: 629330K(629760K)->69260K(202752K)
[415.565s][info][gc,metaspace   ] GC(426) Metaspace: 42933K(43264K)->42933K(43264K) NonClass: 40114K(40320K)->40114K(40320K) Class: 2819K(2944K)->2819K(2944K)
[415.565s][info][gc             ] GC(426) Pause Full (Allocation Failure) 834M->67M(459M) 215.432ms
[415.565s][info][gc,cpu         ] GC(426) User=0.17s Sys=0.04s Real=0.22s
[416.548s][info][gc,start       ] GC(427) Pause Young (Allocation Failure)
[416.581s][info][gc,heap        ] GC(427) PSYoungGen: 213504K(267776K)->33949K(275456K) Eden: 213504K(213504K)->0K(221184K) From: 0K(54272K)->33949K(54272K)
[416.581s][info][gc,heap        ] GC(427) ParOldGen: 69260K(202752K)->69260K(202752K)
[416.581s][info][gc,metaspace   ] GC(427) Metaspace: 42934K(43264K)->42934K(43264K) NonClass: 40114K(40320K)->40114K(40320K) Class: 2819K(2944K)->2819K(2944K)
[416.581s][info][gc             ] GC(427) Pause Young (Allocation Failure) 276M->100M(467M) 32.855ms
[416.581s][info][gc,cpu         ] GC(427) User=0.06s Sys=0.00s Real=0.03s
[417.471s][info][gc,start       ] GC(428) Pause Young (Allocation Failure)
[417.488s][info][gc,heap        ] GC(428) PSYoungGen: 255133K(275456K)->5325K(277504K) Eden: 221184K(221184K)->0K(221184K) From: 33949K(54272K)->5325K(56320K)
[417.488s][info][gc,heap        ] GC(428) ParOldGen: 69260K(202752K)->84322K(202752K)
[417.488s][info][gc,metaspace   ] GC(428) Metaspace: 42937K(43264K)->42937K(43264K) NonClass: 40118K(40320K)->40118K(40320K) Class: 2819K(2944K)->2819K(2944K)
[417.488s][info][gc             ] GC(428) Pause Young (Allocation Failure) 316M->87M(469M) 16.931ms
[417.488s][info][gc,cpu         ] GC(428) User=0.04s Sys=0.00s Real=0.02s
[418.239s][info][gc,start       ] GC(429) Pause Young (Allocation Failure)
[418.248s][info][gc,heap        ] GC(429) PSYoungGen: 226509K(277504K)->9231K(273408K) Eden: 221184K(221184K)->0K(222208K) From: 5325K(56320K)->9231K(51200K)
[418.248s][info][gc,heap        ] GC(429) ParOldGen: 84322K(202752K)->85514K(202752K)
[418.248s][info][gc,metaspace   ] GC(429) Metaspace: 42938K(43264K)->42938K(43264K) NonClass: 40118K(40320K)->40118K(40320K) Class: 2819K(2944K)->2819K(2944K)
[418.248s][info][gc             ] GC(429) Pause Young (Allocation Failure) 303M->92M(465M) 9.422ms
[418.248s][info][gc,cpu         ] GC(429) User=0.02s Sys=0.00s Real=0.01s
[419.066s][info][gc,start       ] GC(430) Pause Young (Allocation Failure)
[419.081s][info][gc,heap        ] GC(430) PSYoungGen: 231439K(273408K)->18117K(275968K) Eden: 222208K(222208K)->0K(222208K) From: 9231K(51200K)->18117K(53760K)
[419.081s][info][gc,heap        ] GC(430) ParOldGen: 85514K(202752K)->86546K(202752K)
[419.081s][info][gc,metaspace   ] GC(430) Metaspace: 42938K(43264K)->42938K(43264K) NonClass: 40118K(40320K)->40118K(40320K) Class: 2819K(2944K)->2819K(2944K)
[419.081s][info][gc             ] GC(430) Pause Young (Allocation Failure) 309M->102M(467M) 14.691ms
[419.081s][info][gc,cpu         ] GC(430) User=0.02s Sys=0.00s Real=0.01s
[420.038s][info][gc,start       ] GC(431) Pause Young (Allocation Failure)
[420.067s][info][gc,heap        ] GC(431) PSYoungGen: 240325K(275968K)->15219K(275456K) Eden: 222208K(222208K)->0K(229376K) From: 18117K(53760K)->15219K(46080K)
[420.067s][info][gc,heap        ] GC(431) ParOldGen: 86546K(202752K)->94981K(202752K)
[420.067s][info][gc,metaspace   ] GC(431) Metaspace: 42938K(43264K)->42938K(43264K) NonClass: 40118K(40320K)->40118K(40320K) Class: 2819K(2944K)->2819K(2944K)
[420.067s][info][gc             ] GC(431) Pause Young (Allocation Failure) 319M->107M(467M) 29.162ms
[420.067s][info][gc,cpu         ] GC(431) User=0.05s Sys=0.00s Real=0.03s
[420.951s][info][gc,start       ] GC(432) Pause Young (Allocation Failure)
[420.984s][info][gc,heap        ] GC(432) PSYoungGen: 244595K(275456K)->19117K(277504K) Eden: 229376K(229376K)->0K(229376K) From: 15219K(46080K)->19117K(48128K)
[420.984s][info][gc,heap        ] GC(432) ParOldGen: 94981K(202752K)->109871K(202752K)
[420.984s][info][gc,metaspace   ] GC(432) Metaspace: 42938K(43264K)->42938K(43264K) NonClass: 40118K(40320K)->40118K(40320K) Class: 2819K(2944K)->2819K(2944K)
[420.984s][info][gc             ] GC(432) Pause Young (Allocation Failure) 331M->125M(469M) 32.716ms
[420.984s][info][gc,cpu         ] GC(432) User=0.06s Sys=0.00s Real=0.04s
[421.798s][info][gc,start       ] GC(433) Pause Young (Allocation Failure)
[421.826s][info][gc,heap        ] GC(433) PSYoungGen: 248493K(277504K)->14378K(283648K) Eden: 229376K(229376K)->0K(240640K) From: 19117K(48128K)->14378K(43008K)
[421.827s][info][gc,heap        ] GC(433) ParOldGen: 109871K(202752K)->124341K(202752K)
[421.827s][info][gc,metaspace   ] GC(433) Metaspace: 42938K(43264K)->42938K(43264K) NonClass: 40119K(40320K)->40119K(40320K) Class: 2819K(2944K)->2819K(2944K)
[421.827s][info][gc             ] GC(433) Pause Young (Allocation Failure) 349M->135M(475M) 28.960ms
[421.827s][info][gc,cpu         ] GC(433) User=0.06s Sys=0.00s Real=0.03s
[422.753s][info][gc,start       ] GC(434) Pause Young (Allocation Failure)
[422.763s][info][gc,heap        ] GC(434) PSYoungGen: 255018K(283648K)->9386K(284160K) Eden: 240640K(240640K)->0K(240640K) From: 14378K(43008K)->9386K(43520K)
[422.763s][info][gc,heap        ] GC(434) ParOldGen: 124341K(202752K)->125157K(202752K)
[422.763s][info][gc,metaspace   ] GC(434) Metaspace: 42938K(43264K)->42938K(43264K) NonClass: 40119K(40320K)->40119K(40320K) Class: 2819K(2944K)->2819K(2944K)
[422.763s][info][gc             ] GC(434) Pause Young (Allocation Failure) 370M->131M(475M) 9.866ms
[422.763s][info][gc,cpu         ] GC(434) User=0.02s Sys=0.00s Real=0.01s
[423.712s][info][gc,start       ] GC(435) Pause Young (Allocation Failure)
[423.715s][info][gc,heap        ] GC(435) PSYoungGen: 250026K(284160K)->1408K(289792K) Eden: 240640K(240640K)->0K(247296K) From: 9386K(43520K)->1408K(42496K)
[423.715s][info][gc,heap        ] GC(435) ParOldGen: 125157K(202752K)->126221K(202752K)
[423.715s][info][gc,metaspace   ] GC(435) Metaspace: 42938K(43264K)->42938K(43264K) NonClass: 40119K(40320K)->40119K(40320K) Class: 2819K(2944K)->2819K(2944K)
[423.715s][info][gc             ] GC(435) Pause Young (Allocation Failure) 366M->124M(481M) 3.339ms
[423.715s][info][gc,cpu         ] GC(435) User=0.01s Sys=0.00s Real=0.01s
[424.525s][info][gc,start       ] GC(436) Pause Young (Allocation Failure)
[424.565s][info][gc,heap        ] GC(436) PSYoungGen: 248704K(289792K)->42034K(289792K) Eden: 247296K(247296K)->0K(247296K) From: 1408K(42496K)->42034K(42496K)
[424.565s][info][gc,heap        ] GC(436) ParOldGen: 126221K(202752K)->127349K(202752K)
[424.565s][info][gc,metaspace   ] GC(436) Metaspace: 42938K(43264K)->42938K(43264K) NonClass: 40119K(40320K)->40119K(40320K) Class: 2819K(2944K)->2819K(2944K)
[424.565s][info][gc             ] GC(436) Pause Young (Allocation Failure) 366M->165M(481M) 39.412ms
[424.565s][info][gc,cpu         ] GC(436) User=0.08s Sys=0.00s Real=0.04s
[425.889s][info][gc,start       ] GC(437) Pause Young (Allocation Failure)
[425.935s][info][gc,heap        ] GC(437) PSYoungGen: 289330K(289792K)->19573K(283648K) Eden: 247296K(247296K)->0K(239616K) From: 42034K(42496K)->19573K(44032K)
[425.935s][info][gc,heap        ] GC(437) ParOldGen: 127349K(202752K)->151346K(202752K)
[425.935s][info][gc,metaspace   ] GC(437) Metaspace: 42938K(43264K)->42938K(43264K) NonClass: 40119K(40320K)->40119K(40320K) Class: 2819K(2944K)->2819K(2944K)
[425.935s][info][gc             ] GC(437) Pause Young (Allocation Failure) 406M->166M(475M) 46.136ms
[425.935s][info][gc,cpu         ] GC(437) User=0.09s Sys=0.00s Real=0.05s
[427.005s][info][gc,start       ] GC(438) Pause Young (Allocation Failure)
[427.052s][info][gc,heap        ] GC(438) PSYoungGen: 259189K(283648K)->28174K(268288K) Eden: 239616K(239616K)->0K(239616K) From: 19573K(44032K)->28174K(28672K)
[427.053s][info][gc,heap        ] GC(438) ParOldGen: 151346K(202752K)->170626K(202752K)
[427.053s][info][gc,metaspace   ] GC(438) Metaspace: 42938K(43264K)->42938K(43264K) NonClass: 40119K(40320K)->40119K(40320K) Class: 2819K(2944K)->2819K(2944K)
[427.053s][info][gc             ] GC(438) Pause Young (Allocation Failure) 400M->194M(460M) 47.970ms
[427.053s][info][gc,cpu         ] GC(438) User=0.09s Sys=0.00s Real=0.05s
[427.857s][info][gc,start       ] GC(439) Pause Young (Allocation Failure)
[427.905s][info][gc,heap        ] GC(439) PSYoungGen: 267790K(268288K)->36886K(279040K) Eden: 239616K(239616K)->0K(231424K) From: 28174K(28672K)->36886K(47616K)
[427.905s][info][gc,heap        ] GC(439) ParOldGen: 170626K(202752K)->189894K(202752K)
[427.905s][info][gc,metaspace   ] GC(439) Metaspace: 42947K(43264K)->42947K(43264K) NonClass: 40127K(40320K)->40127K(40320K) Class: 2819K(2944K)->2819K(2944K)
[427.905s][info][gc             ] GC(439) Pause Young (Allocation Failure) 428M->221M(470M) 47.853ms
[427.905s][info][gc,cpu         ] GC(439) User=0.10s Sys=0.00s Real=0.05s
[428.745s][info][gc,start       ] GC(440) Pause Young (Allocation Failure)
[428.763s][info][gc,heap        ] GC(440) PSYoungGen: 268310K(279040K)->14617K(282624K) Eden: 231424K(231424K)->0K(231424K) From: 36886K(47616K)->14617K(51200K)
[428.763s][info][gc,heap        ] GC(440) ParOldGen: 189894K(202752K)->200566K(202752K)
[428.764s][info][gc,metaspace   ] GC(440) Metaspace: 42947K(43264K)->42947K(43264K) NonClass: 40127K(40320K)->40127K(40320K) Class: 2819K(2944K)->2819K(2944K)
[428.764s][info][gc             ] GC(440) Pause Young (Allocation Failure) 447M->210M(474M) 18.902ms
[428.764s][info][gc,cpu         ] GC(440) User=0.04s Sys=0.00s Real=0.02s
[429.598s][info][gc,start       ] GC(441) Pause Young (Allocation Failure)
[429.609s][info][gc,heap        ] GC(441) PSYoungGen: 246041K(282624K)->10558K(278016K) Eden: 231424K(231424K)->0K(232960K) From: 14617K(51200K)->10558K(45056K)
[429.609s][info][gc,heap        ] GC(441) ParOldGen: 200566K(202752K)->201074K(202752K)
[429.609s][info][gc,metaspace   ] GC(441) Metaspace: 42947K(43264K)->42947K(43264K) NonClass: 40127K(40320K)->40127K(40320K) Class: 2819K(2944K)->2819K(2944K)
[429.609s][info][gc             ] GC(441) Pause Young (Allocation Failure) 436M->206M(469M) 10.863ms
[429.609s][info][gc,cpu         ] GC(441) User=0.02s Sys=0.00s Real=0.01s
[430.552s][info][gc,start       ] GC(442) Pause Young (Allocation Failure)
[430.572s][info][gc,heap        ] GC(442) PSYoungGen: 243518K(278016K)->22922K(281088K) Eden: 232960K(232960K)->0K(232960K) From: 10558K(45056K)->22922K(48128K)
[430.572s][info][gc,heap        ] GC(442) ParOldGen: 201074K(202752K)->201777K(202752K)
[430.572s][info][gc,metaspace   ] GC(442) Metaspace: 42947K(43264K)->42947K(43264K) NonClass: 40127K(40320K)->40127K(40320K) Class: 2819K(2944K)->2819K(2944K)
[430.572s][info][gc             ] GC(442) Pause Young (Allocation Failure) 434M->219M(472M) 20.245ms
[430.572s][info][gc,cpu         ] GC(442) User=0.04s Sys=0.00s Real=0.02s
[431.381s][info][gc,start       ] GC(443) Pause Young (Allocation Failure)
[431.448s][info][gc,heap        ] GC(443) PSYoungGen: 255882K(281088K)->46567K(257536K) Eden: 232960K(232960K)->0K(210944K) From: 22922K(48128K)->46567K(46592K)
[431.448s][info][gc,heap        ] GC(443) ParOldGen: 201777K(202752K)->222258K(222720K)
[431.448s][info][gc,metaspace   ] GC(443) Metaspace: 42947K(43264K)->42947K(43264K) NonClass: 40127K(40320K)->40127K(40320K) Class: 2819K(2944K)->2819K(2944K)
[431.448s][info][gc             ] GC(443) Pause Young (Allocation Failure) 446M->262M(469M) 66.914ms
[431.448s][info][gc,cpu         ] GC(443) User=0.10s Sys=0.03s Real=0.07s
[432.250s][info][gc,start       ] GC(444) Pause Young (Allocation Failure)
[432.405s][info][gc,heap        ] GC(444) PSYoungGen: 257511K(257536K)->61412K(272384K) Eden: 210944K(210944K)->0K(210944K) From: 46567K(46592K)->61412K(61440K)
[432.405s][info][gc,heap        ] GC(444) ParOldGen: 222258K(222720K)->313994K(314368K)
[432.405s][info][gc,metaspace   ] GC(444) Metaspace: 42947K(43264K)->42947K(43264K) NonClass: 40127K(40320K)->40127K(40320K) Class: 2819K(2944K)->2819K(2944K)
[432.405s][info][gc             ] GC(444) Pause Young (Allocation Failure) 468M->366M(573M) 155.173ms
[432.405s][info][gc,cpu         ] GC(444) User=0.22s Sys=0.08s Real=0.16s
[433.201s][info][gc,start       ] GC(445) Pause Young (Allocation Failure)
[433.328s][info][gc,heap        ] GC(445) PSYoungGen: 272356K(272384K)->61409K(173056K) Eden: 210944K(210944K)->0K(111616K) From: 61412K(61440K)->61409K(61440K)
[433.328s][info][gc,heap        ] GC(445) ParOldGen: 313994K(314368K)->386255K(386560K)
[433.328s][info][gc,metaspace   ] GC(445) Metaspace: 42947K(43264K)->42947K(43264K) NonClass: 40127K(40320K)->40127K(40320K) Class: 2819K(2944K)->2819K(2944K)
[433.328s][info][gc             ] GC(445) Pause Young (Allocation Failure) 572M->437M(546M) 126.733ms
[433.328s][info][gc,cpu         ] GC(445) User=0.19s Sys=0.05s Real=0.13s
[433.775s][info][gc,start       ] GC(446) Pause Young (Allocation Failure)
[433.871s][info][gc,heap        ] GC(446) PSYoungGen: 173025K(173056K)->17694K(222720K) Eden: 111616K(111616K)->0K(111616K) From: 61409K(61440K)->17694K(111104K)
[433.871s][info][gc,heap        ] GC(446) ParOldGen: 386255K(386560K)->439086K(439296K)
[433.871s][info][gc,metaspace   ] GC(446) Metaspace: 42947K(43264K)->42947K(43264K) NonClass: 40127K(40320K)->40127K(40320K) Class: 2819K(2944K)->2819K(2944K)
[433.871s][info][gc             ] GC(446) Pause Young (Allocation Failure) 546M->446M(646M) 95.780ms
[433.871s][info][gc,cpu         ] GC(446) User=0.14s Sys=0.04s Real=0.09s
[434.361s][info][gc,start       ] GC(447) Pause Young (Allocation Failure)
[434.381s][info][gc,heap        ] GC(447) PSYoungGen: 129310K(222720K)->19876K(222720K) Eden: 111616K(111616K)->0K(111616K) From: 17694K(111104K)->19876K(111104K)
[434.381s][info][gc,heap        ] GC(447) ParOldGen: 439086K(439296K)->443642K(443904K)
[434.381s][info][gc,metaspace   ] GC(447) Metaspace: 42947K(43264K)->42947K(43264K) NonClass: 40127K(40320K)->40127K(40320K) Class: 2819K(2944K)->2819K(2944K)
[434.381s][info][gc             ] GC(447) Pause Young (Allocation Failure) 555M->452M(651M) 20.612ms
[434.381s][info][gc,cpu         ] GC(447) User=0.03s Sys=0.01s Real=0.02s
[434.803s][info][gc,start       ] GC(448) Pause Young (Allocation Failure)
[434.808s][info][gc,heap        ] GC(448) PSYoungGen: 131492K(222720K)->2416K(222720K) Eden: 111616K(111616K)->0K(111616K) From: 19876K(111104K)->2416K(111104K)
[434.808s][info][gc,heap        ] GC(448) ParOldGen: 443642K(443904K)->444109K(444416K)
[434.808s][info][gc,metaspace   ] GC(448) Metaspace: 42947K(43264K)->42947K(43264K) NonClass: 40127K(40320K)->40127K(40320K) Class: 2819K(2944K)->2819K(2944K)
[434.808s][info][gc             ] GC(448) Pause Young (Allocation Failure) 561M->436M(651M) 4.512ms
[434.808s][info][gc,cpu         ] GC(448) User=0.01s Sys=0.00s Real=0.00s
[435.249s][info][gc,start       ] GC(449) Pause Young (Allocation Failure)
[435.263s][info][gc,heap        ] GC(449) PSYoungGen: 114032K(222720K)->18295K(222720K) Eden: 111616K(111616K)->0K(111616K) From: 2416K(111104K)->18295K(111104K)
[435.263s][info][gc,heap        ] GC(449) ParOldGen: 444109K(444416K)->444588K(444928K)
[435.263s][info][gc,metaspace   ] GC(449) Metaspace: 42947K(43264K)->42947K(43264K) NonClass: 40127K(40320K)->40127K(40320K) Class: 2819K(2944K)->2819K(2944K)
[435.263s][info][gc             ] GC(449) Pause Young (Allocation Failure) 545M->452M(652M) 14.104ms
[435.263s][info][gc,cpu         ] GC(449) User=0.03s Sys=0.00s Real=0.02s
[435.710s][info][gc,start       ] GC(450) Pause Young (Allocation Failure)
[435.721s][info][gc,heap        ] GC(450) PSYoungGen: 129911K(222720K)->15804K(222720K) Eden: 111616K(111616K)->0K(111616K) From: 18295K(111104K)->15804K(111104K)
[435.722s][info][gc,heap        ] GC(450) ParOldGen: 444588K(444928K)->445032K(445440K)
[435.722s][info][gc,metaspace   ] GC(450) Metaspace: 42947K(43264K)->42947K(43264K) NonClass: 40127K(40320K)->40127K(40320K) Class: 2819K(2944K)->2819K(2944K)
[435.722s][info][gc             ] GC(450) Pause Young (Allocation Failure) 561M->450M(652M) 11.813ms
[435.722s][info][gc,cpu         ] GC(450) User=0.02s Sys=0.00s Real=0.01s
[436.117s][info][gc,start       ] GC(451) Pause Young (Allocation Failure)
[436.143s][info][gc,heap        ] GC(451) PSYoungGen: 127322K(222720K)->34162K(213504K) Eden: 111517K(111616K)->0K(111616K) From: 15804K(111104K)->34162K(101888K)
[436.143s][info][gc,heap        ] GC(451) ParOldGen: 445032K(445440K)->445694K(445952K)
[436.143s][info][gc,metaspace   ] GC(451) Metaspace: 42947K(43264K)->42947K(43264K) NonClass: 40127K(40320K)->40127K(40320K) Class: 2819K(2944K)->2819K(2944K)
[436.143s][info][gc             ] GC(451) Pause Young (Allocation Failure) 558M->468M(644M) 26.713ms
[436.143s][info][gc,cpu         ] GC(451) User=0.05s Sys=0.00s Real=0.03s
[436.557s][info][gc,start       ] GC(452) Pause Young (Allocation Failure)
[436.568s][info][gc,heap        ] GC(452) PSYoungGen: 145778K(213504K)->14365K(218112K) Eden: 111616K(111616K)->0K(111616K) From: 34162K(101888K)->14365K(106496K)
[436.568s][info][gc,heap        ] GC(452) ParOldGen: 445694K(445952K)->446052K(446464K)
[436.568s][info][gc,metaspace   ] GC(452) Metaspace: 42947K(43264K)->42947K(43264K) NonClass: 40127K(40320K)->40127K(40320K) Class: 2819K(2944K)->2819K(2944K)
[436.568s][info][gc             ] GC(452) Pause Young (Allocation Failure) 577M->449M(649M) 11.229ms
[436.568s][info][gc,cpu         ] GC(452) User=0.03s Sys=0.00s Real=0.01s
[436.997s][info][gc,start       ] GC(453) Pause Young (Allocation Failure)
[437.019s][info][gc,heap        ] GC(453) PSYoungGen: 125981K(218112K)->31136K(212480K) Eden: 111616K(111616K)->0K(124928K) From: 14365K(106496K)->31136K(87552K)
[437.019s][info][gc,heap        ] GC(453) ParOldGen: 446052K(446464K)->446259K(446464K)
[437.019s][info][gc,metaspace   ] GC(453) Metaspace: 42947K(43264K)->42947K(43264K) NonClass: 40127K(40320K)->40127K(40320K) Class: 2819K(2944K)->2819K(2944K)
[437.019s][info][gc             ] GC(453) Pause Young (Allocation Failure) 558M->466M(643M) 22.530ms
[437.019s][info][gc,cpu         ] GC(453) User=0.05s Sys=0.01s Real=0.02s
[437.468s][info][gc,start       ] GC(454) Pause Young (Allocation Failure)
[437.480s][info][gc,heap        ] GC(454) PSYoungGen: 156064K(212480K)->11267K(220160K) Eden: 124928K(124928K)->0K(124928K) From: 31136K(87552K)->11267K(95232K)
[437.481s][info][gc,heap        ] GC(454) ParOldGen: 446259K(446464K)->446501K(446976K)
[437.481s][info][gc,metaspace   ] GC(454) Metaspace: 42947K(43264K)->42947K(43264K) NonClass: 40127K(40320K)->40127K(40320K) Class: 2819K(2944K)->2819K(2944K)
[437.481s][info][gc             ] GC(454) Pause Young (Allocation Failure) 588M->447M(651M) 12.208ms
[437.481s][info][gc,cpu         ] GC(454) User=0.02s Sys=0.00s Real=0.01s
[437.889s][info][gc,start       ] GC(455) Pause Young (Allocation Failure)
[437.908s][info][gc,heap        ] GC(455) PSYoungGen: 136195K(220160K)->22421K(226304K) Eden: 124928K(124928K)->0K(145920K) From: 11267K(95232K)->22421K(80384K)
[437.908s][info][gc,heap        ] GC(455) ParOldGen: 446501K(446976K)->446860K(446976K)
[437.908s][info][gc,metaspace   ] GC(455) Metaspace: 42947K(43264K)->42947K(43264K) NonClass: 40127K(40320K)->40127K(40320K) Class: 2819K(2944K)->2819K(2944K)
[437.908s][info][gc             ] GC(455) Pause Young (Allocation Failure) 569M->458M(657M) 18.844ms
[437.908s][info][gc,cpu         ] GC(455) User=0.04s Sys=0.00s Real=0.02s
[438.379s][info][gc,start       ] GC(456) Pause Young (Allocation Failure)
[438.407s][info][gc,heap        ] GC(456) PSYoungGen: 168341K(226304K)->1383K(233472K) Eden: 145920K(145920K)->0K(145920K) From: 22421K(80384K)->1383K(87552K)
[438.407s][info][gc,heap        ] GC(456) ParOldGen: 446860K(446976K)->468346K(468480K)
[438.407s][info][gc,metaspace   ] GC(456) Metaspace: 42947K(43264K)->42947K(43264K) NonClass: 40127K(40320K)->40127K(40320K) Class: 2819K(2944K)->2819K(2944K)
[438.407s][info][gc             ] GC(456) Pause Young (Allocation Failure) 600M->458M(685M) 28.553ms
[438.407s][info][gc,cpu         ] GC(456) User=0.04s Sys=0.02s Real=0.03s
[438.907s][info][gc,start       ] GC(457) Pause Young (Allocation Failure)
[438.910s][info][gc,heap        ] GC(457) PSYoungGen: 147303K(233472K)->1184K(242176K) Eden: 145920K(145920K)->0K(159744K) From: 1383K(87552K)->1184K(82432K)
[438.910s][info][gc,heap        ] GC(457) ParOldGen: 468346K(468480K)->468434K(468480K)
[438.910s][info][gc,metaspace   ] GC(457) Metaspace: 42947K(43264K)->42947K(43264K) NonClass: 40127K(40320K)->40127K(40320K) Class: 2819K(2944K)->2819K(2944K)
[438.910s][info][gc             ] GC(457) Pause Young (Allocation Failure) 601M->458M(694M) 3.384ms
[438.910s][info][gc,cpu         ] GC(457) User=0.00s Sys=0.00s Real=0.00s
[439.433s][info][gc,start       ] GC(458) Pause Young (Allocation Failure)
[439.441s][info][gc,heap        ] GC(458) PSYoungGen: 160928K(242176K)->4722K(244736K) Eden: 159744K(159744K)->0K(159744K) From: 1184K(82432K)->4722K(84992K)
[439.441s][info][gc,heap        ] GC(458) ParOldGen: 468434K(468480K)->468826K(468992K)
[439.441s][info][gc,metaspace   ] GC(458) Metaspace: 42947K(43264K)->42947K(43264K) NonClass: 40127K(40320K)->40127K(40320K) Class: 2819K(2944K)->2819K(2944K)
[439.441s][info][gc             ] GC(458) Pause Young (Allocation Failure) 614M->462M(697M) 8.511ms
[439.442s][info][gc,cpu         ] GC(458) User=0.02s Sys=0.01s Real=0.00s
[439.712s][info][gc,start       ] GC(459) Pause Young (Allocation Failure)
[439.719s][info][gc,heap        ] GC(459) PSYoungGen: 164466K(244736K)->3694K(243200K) Eden: 159744K(159744K)->0K(166912K) From: 4722K(84992K)->3694K(76288K)
[439.719s][info][gc,heap        ] GC(459) ParOldGen: 468826K(468992K)->470814K(471040K)
[439.719s][info][gc,metaspace   ] GC(459) Metaspace: 42947K(43264K)->42947K(43264K) NonClass: 40127K(40320K)->40127K(40320K) Class: 2819K(2944K)->2819K(2944K)
[439.719s][info][gc             ] GC(459) Pause Young (Allocation Failure) 618M->463M(697M) 7.234ms
[439.719s][info][gc,cpu         ] GC(459) User=0.01s Sys=0.00s Real=0.01s
[440.001s][info][gc,start       ] GC(460) Pause Young (Allocation Failure)
[440.005s][info][gc,heap        ] GC(460) PSYoungGen: 170606K(243200K)->2222K(245760K) Eden: 166912K(166912K)->0K(166912K) From: 3694K(76288K)->2222K(78848K)
[440.005s][info][gc,heap        ] GC(460) ParOldGen: 470814K(471040K)->470926K(471040K)
[440.005s][info][gc,metaspace   ] GC(460) Metaspace: 42947K(43264K)->42947K(43264K) NonClass: 40127K(40320K)->40127K(40320K) Class: 2819K(2944K)->2819K(2944K)
[440.005s][info][gc             ] GC(460) Pause Young (Allocation Failure) 626M->462M(700M) 3.810ms
[440.005s][info][gc,cpu         ] GC(460) User=0.01s Sys=0.01s Real=0.01s
[440.353s][info][gc,start       ] GC(461) Pause Young (Allocation Failure)
[440.362s][info][gc,heap        ] GC(461) PSYoungGen: 169030K(245760K)->10443K(245760K) Eden: 166807K(166912K)->0K(178688K) From: 2222K(78848K)->10443K(67072K)
[440.362s][info][gc,heap        ] GC(461) ParOldGen: 470926K(471040K)->471178K(471552K)
[440.362s][info][gc,metaspace   ] GC(461) Metaspace: 42947K(43264K)->42947K(43264K) NonClass: 40127K(40320K)->40127K(40320K) Class: 2819K(2944K)->2819K(2944K)
[440.362s][info][gc             ] GC(461) Pause Young (Allocation Failure) 624M->470M(700M) 8.601ms
[440.362s][info][gc,cpu         ] GC(461) User=0.01s Sys=0.00s Real=0.00s
[440.592s][info][gc,start       ] GC(462) Pause Young (Allocation Failure)
[440.604s][info][gc,heap        ] GC(462) PSYoungGen: 187437K(245760K)->256K(250368K) Eden: 176994K(178688K)->0K(178688K) From: 10443K(67072K)->256K(71680K)
[440.604s][info][gc,heap        ] GC(462) ParOldGen: 471178K(471552K)->481446K(481792K)
[440.604s][info][gc,metaspace   ] GC(462) Metaspace: 42947K(43264K)->42947K(43264K) NonClass: 40127K(40320K)->40127K(40320K) Class: 2819K(2944K)->2819K(2944K)
[440.604s][info][gc             ] GC(462) Pause Young (Allocation Failure) 643M->470M(715M) 12.292ms
[440.604s][info][gc,cpu         ] GC(462) User=0.01s Sys=0.01s Real=0.02s
[440.849s][info][gc,start       ] GC(463) Pause Young (Allocation Failure)
[440.854s][info][gc,heap        ] GC(463) PSYoungGen: 178105K(250368K)->2085K(253952K) Eden: 177849K(178688K)->0K(193024K) From: 256K(71680K)->2085K(60928K)
[440.854s][info][gc,heap        ] GC(463) ParOldGen: 481446K(481792K)->481660K(481792K)
[440.854s][info][gc,metaspace   ] GC(463) Metaspace: 42947K(43264K)->42947K(43264K) NonClass: 40127K(40320K)->40127K(40320K) Class: 2819K(2944K)->2819K(2944K)
[440.854s][info][gc             ] GC(463) Pause Young (Allocation Failure) 644M->472M(718M) 4.810ms
[440.854s][info][gc,cpu         ] GC(463) User=0.01s Sys=0.00s Real=0.01s
[441.116s][info][gc,start       ] GC(464) Pause Young (Allocation Failure)
[441.123s][info][gc,heap        ] GC(464) PSYoungGen: 195109K(253952K)->2112K(259072K) Eden: 193024K(193024K)->0K(193024K) From: 2085K(60928K)->2112K(66048K)
[441.123s][info][gc,heap        ] GC(464) ParOldGen: 481660K(481792K)->483698K(483840K)
[441.123s][info][gc,metaspace   ] GC(464) Metaspace: 42947K(43264K)->42947K(43264K) NonClass: 40127K(40320K)->40127K(40320K) Class: 2819K(2944K)->2819K(2944K)
[441.123s][info][gc             ] GC(464) Pause Young (Allocation Failure) 660M->474M(725M) 7.099ms
[441.123s][info][gc,cpu         ] GC(464) User=0.01s Sys=0.01s Real=0.01s
[441.387s][info][gc,start       ] GC(465) Pause Young (Allocation Failure)
[441.395s][info][gc,heap        ] GC(465) PSYoungGen: 194661K(259072K)->2759K(259584K) Eden: 192548K(193024K)->0K(204800K) From: 2112K(66048K)->2759K(54784K)
[441.395s][info][gc,heap        ] GC(465) ParOldGen: 483698K(483840K)->485771K(485888K)
[441.395s][info][gc,metaspace   ] GC(465) Metaspace: 42947K(43264K)->42947K(43264K) NonClass: 40127K(40320K)->40127K(40320K) Class: 2819K(2944K)->2819K(2944K)
[441.395s][info][gc             ] GC(465) Pause Young (Allocation Failure) 662M->477M(728M) 7.759ms
[441.395s][info][gc,cpu         ] GC(465) User=0.02s Sys=0.00s Real=0.01s
[441.688s][info][gc,start       ] GC(466) Pause Young (Allocation Failure)
[441.700s][info][gc,heap        ] GC(466) PSYoungGen: 207535K(259584K)->7327K(264704K) Eden: 204776K(204800K)->0K(204800K) From: 2759K(54784K)->7327K(59904K)
[441.700s][info][gc,heap        ] GC(466) ParOldGen: 485771K(485888K)->488434K(488448K)
[441.700s][info][gc,metaspace   ] GC(466) Metaspace: 42947K(43264K)->42947K(43264K) NonClass: 40127K(40320K)->40127K(40320K) Class: 2819K(2944K)->2819K(2944K)
[441.700s][info][gc             ] GC(466) Pause Young (Allocation Failure) 677M->484M(735M) 11.264ms
[441.700s][info][gc,cpu         ] GC(466) User=0.02s Sys=0.00s Real=0.01s
[442.002s][info][gc,start       ] GC(467) Pause Young (Allocation Failure)
[442.019s][info][gc,heap        ] GC(467) PSYoungGen: 212127K(264704K)->6716K(265728K) Eden: 204800K(204800K)->0K(218112K) From: 7327K(59904K)->6716K(47616K)
[442.019s][info][gc,heap        ] GC(467) ParOldGen: 488434K(488448K)->493918K(494080K)
[442.019s][info][gc,metaspace   ] GC(467) Metaspace: 42947K(43264K)->42947K(43264K) NonClass: 40127K(40320K)->40127K(40320K) Class: 2819K(2944K)->2819K(2944K)
[442.019s][info][gc             ] GC(467) Pause Young (Allocation Failure) 684M->488M(742M) 16.404ms
[442.019s][info][gc,cpu         ] GC(467) User=0.03s Sys=0.01s Real=0.02s
[442.319s][info][gc,start       ] GC(468) Pause Young (Allocation Failure)
[442.333s][info][gc,heap        ] GC(468) PSYoungGen: 224828K(265728K)->3531K(270336K) Eden: 218112K(218112K)->0K(218112K) From: 6716K(47616K)->3531K(52224K)
[442.333s][info][gc,heap        ] GC(468) ParOldGen: 493918K(494080K)->500694K(500736K)
[442.333s][info][gc,metaspace   ] GC(468) Metaspace: 42947K(43264K)->42947K(43264K) NonClass: 40127K(40320K)->40127K(40320K) Class: 2819K(2944K)->2819K(2944K)
[442.333s][info][gc             ] GC(468) Pause Young (Allocation Failure) 701M->492M(753M) 14.518ms
[442.333s][info][gc,cpu         ] GC(468) User=0.03s Sys=0.00s Real=0.02s
[442.791s][info][gc,start       ] GC(469) Pause Young (Allocation Failure)
[442.811s][info][gc,heap        ] GC(469) PSYoungGen: 221643K(270336K)->15870K(275456K) Eden: 218112K(218112K)->0K(231936K) From: 3531K(52224K)->15870K(43520K)
[442.811s][info][gc,heap        ] GC(469) ParOldGen: 500694K(500736K)->504033K(504320K)
[442.811s][info][gc,metaspace   ] GC(469) Metaspace: 42948K(43328K)->42948K(43328K) NonClass: 40128K(40384K)->40128K(40384K) Class: 2819K(2944K)->2819K(2944K)
[442.811s][info][gc             ] GC(469) Pause Young (Allocation Failure) 705M->507M(761M) 20.113ms
[442.811s][info][gc,cpu         ] GC(469) User=0.04s Sys=0.00s Real=0.02s
[443.377s][info][gc,start       ] GC(470) Pause Young (Allocation Failure)
[443.400s][info][gc,heap        ] GC(470) PSYoungGen: 247806K(275456K)->1822K(279552K) Eden: 231936K(231936K)->0K(231936K) From: 15870K(43520K)->1822K(47616K)
[443.400s][info][gc,heap        ] GC(470) ParOldGen: 504033K(504320K)->519619K(519680K)
[443.400s][info][gc,metaspace   ] GC(470) Metaspace: 42950K(43328K)->42950K(43328K) NonClass: 40131K(40384K)->40131K(40384K) Class: 2819K(2944K)->2819K(2944K)
[443.400s][info][gc             ] GC(470) Pause Young (Allocation Failure) 734M->509M(780M) 23.033ms
[443.400s][info][gc,cpu         ] GC(470) User=0.03s Sys=0.02s Real=0.02s
[443.960s][info][gc,start       ] GC(471) Pause Young (Allocation Failure)
[443.966s][info][gc,heap        ] GC(471) PSYoungGen: 233758K(279552K)->3292K(280064K) Eden: 231936K(231936K)->0K(240640K) From: 1822K(47616K)->3292K(39424K)
[443.966s][info][gc,heap        ] GC(471) ParOldGen: 519619K(519680K)->520283K(520704K)
[443.966s][info][gc,metaspace   ] GC(471) Metaspace: 42955K(43328K)->42955K(43328K) NonClass: 40135K(40384K)->40135K(40384K) Class: 2819K(2944K)->2819K(2944K)
[443.966s][info][gc             ] GC(471) Pause Young (Allocation Failure) 735M->511M(782M) 5.681ms
[443.966s][info][gc,cpu         ] GC(471) User=0.01s Sys=0.00s Real=0.01s
[444.580s][info][gc,start       ] GC(472) Pause Young (Allocation Failure)
[444.587s][info][gc,heap        ] GC(472) PSYoungGen: 243932K(280064K)->3075K(284160K) Eden: 240640K(240640K)->0K(240640K) From: 3292K(39424K)->3075K(43520K)
[444.587s][info][gc,heap        ] GC(472) ParOldGen: 520283K(520704K)->520283K(520704K)
[444.587s][info][gc,metaspace   ] GC(472) Metaspace: 42963K(43328K)->42963K(43328K) NonClass: 40143K(40384K)->40143K(40384K) Class: 2819K(2944K)->2819K(2944K)
[444.587s][info][gc             ] GC(472) Pause Young (Allocation Failure) 746M->511M(786M) 6.657ms
[444.587s][info][gc,cpu         ] GC(472) User=0.01s Sys=0.00s Real=0.01s
[445.182s][info][gc,start       ] GC(473) Pause Young (Allocation Failure)
[445.185s][info][gc,heap        ] GC(473) PSYoungGen: 243715K(284160K)->1698K(284672K) Eden: 240640K(240640K)->0K(249344K) From: 3075K(43520K)->1698K(35328K)
[445.185s][info][gc,heap        ] GC(473) ParOldGen: 520283K(520704K)->520323K(520704K)
[445.185s][info][gc,metaspace   ] GC(473) Metaspace: 42992K(43328K)->42992K(43328K) NonClass: 40173K(40384K)->40173K(40384K) Class: 2819K(2944K)->2819K(2944K)
[445.185s][info][gc             ] GC(473) Pause Young (Allocation Failure) 746M->509M(786M) 3.212ms
[445.185s][info][gc,cpu         ] GC(473) User=0.00s Sys=0.00s Real=0.01s
[445.828s][info][gc,start       ] GC(474) Pause Young (Allocation Failure)
[445.835s][info][gc,heap        ] GC(474) PSYoungGen: 251042K(284672K)->7520K(288256K) Eden: 249344K(249344K)->0K(249344K) From: 1698K(35328K)->7520K(38912K)
[445.835s][info][gc,heap        ] GC(474) ParOldGen: 520323K(520704K)->520663K(520704K)
[445.835s][info][gc,metaspace   ] GC(474) Metaspace: 42993K(43328K)->42993K(43328K) NonClass: 40174K(40384K)->40174K(40384K) Class: 2819K(2944K)->2819K(2944K)
[445.835s][info][gc             ] GC(474) Pause Young (Allocation Failure) 753M->515M(790M) 7.336ms
[445.835s][info][gc,cpu         ] GC(474) User=0.02s Sys=0.00s Real=0.01s
[446.912s][info][gc,start       ] GC(475) Pause Young (Allocation Failure)
[446.918s][info][gc,heap        ] GC(475) PSYoungGen: 256864K(288256K)->3186K(290304K) Eden: 249344K(249344K)->0K(259072K) From: 7520K(38912K)->3186K(31232K)
[446.918s][info][gc,heap        ] GC(475) ParOldGen: 520663K(520704K)->520783K(521216K)
[446.918s][info][gc,metaspace   ] GC(475) Metaspace: 43005K(43392K)->43005K(43392K) NonClass: 40185K(40448K)->40185K(40448K) Class: 2819K(2944K)->2819K(2944K)
[446.918s][info][gc             ] GC(475) Pause Young (Allocation Failure) 759M->511M(792M) 6.029ms
[446.918s][info][gc,cpu         ] GC(475) User=0.01s Sys=0.00s Real=0.01s
[448.117s][info][gc,start       ] GC(476) Pause Young (Allocation Failure)
[448.144s][info][gc,heap        ] GC(476) PSYoungGen: 262258K(290304K)->19108K(292864K) Eden: 259072K(259072K)->0K(259072K) From: 3186K(31232K)->19108K(33792K)
[448.144s][info][gc,heap        ] GC(476) ParOldGen: 520783K(521216K)->523858K(524288K)
[448.144s][info][gc,metaspace   ] GC(476) Metaspace: 43030K(43456K)->43030K(43456K) NonClass: 40210K(40512K)->40210K(40512K) Class: 2819K(2944K)->2819K(2944K)
[448.144s][info][gc             ] GC(476) Pause Young (Allocation Failure) 764M->530M(798M) 27.218ms
[448.144s][info][gc,cpu         ] GC(476) User=0.05s Sys=0.00s Real=0.03s
[448.808s][info][gc,start       ] GC(477) Pause Young (Allocation Failure)
[448.871s][info][gc,heap        ] GC(477) PSYoungGen: 278180K(292864K)->29455K(287744K) Eden: 259072K(259072K)->0K(251904K) From: 19108K(33792K)->29455K(35840K)
[448.871s][info][gc,heap        ] GC(477) ParOldGen: 523858K(524288K)->542438K(542720K)
[448.871s][info][gc,metaspace   ] GC(477) Metaspace: 43030K(43456K)->43030K(43456K) NonClass: 40210K(40512K)->40210K(40512K) Class: 2819K(2944K)->2819K(2944K)
[448.871s][info][gc             ] GC(477) Pause Young (Allocation Failure) 783M->558M(811M) 62.991ms
[448.871s][info][gc,cpu         ] GC(477) User=0.10s Sys=0.02s Real=0.06s
[449.458s][info][gc,start       ] GC(478) Pause Young (Allocation Failure)
[449.532s][info][gc,heap        ] GC(478) PSYoungGen: 281359K(287744K)->26501K(278528K) Eden: 251904K(251904K)->0K(251904K) From: 29455K(35840K)->26501K(26624K)
[449.532s][info][gc,heap        ] GC(478) ParOldGen: 542438K(542720K)->572046K(572416K)
[449.532s][info][gc,metaspace   ] GC(478) Metaspace: 43033K(43456K)->43033K(43456K) NonClass: 40213K(40512K)->40213K(40512K) Class: 2819K(2944K)->2819K(2944K)
[449.532s][info][gc             ] GC(478) Pause Young (Allocation Failure) 804M->584M(831M) 73.713ms
[449.532s][info][gc,cpu         ] GC(478) User=0.11s Sys=0.03s Real=0.07s
[453.197s][info][gc,start       ] GC(479) Pause Young (Allocation Failure)
[453.265s][info][gc,heap        ] GC(479) PSYoungGen: 278405K(278528K)->24720K(287232K) Eden: 251904K(251904K)->0K(243712K) From: 26501K(26624K)->24720K(43520K)
[453.265s][info][gc,heap        ] GC(479) ParOldGen: 572046K(572416K)->598203K(598528K)
[453.266s][info][gc,metaspace   ] GC(479) Metaspace: 43035K(43456K)->43035K(43456K) NonClass: 40215K(40512K)->40215K(40512K) Class: 2819K(2944K)->2819K(2944K)
[453.266s][info][gc             ] GC(479) Pause Young (Allocation Failure) 830M->608M(865M) 68.526ms
[453.266s][info][gc,cpu         ] GC(479) User=0.11s Sys=0.02s Real=0.07s
[454.176s][info][gc,start       ] GC(480) Pause Young (Allocation Failure)
[454.221s][info][gc,heap        ] GC(480) PSYoungGen: 268432K(287232K)->8972K(252928K) Eden: 243712K(243712K)->0K(243712K) From: 24720K(43520K)->8972K(9216K)
[454.221s][info][gc,heap        ] GC(480) ParOldGen: 598203K(598528K)->622948K(623104K)
[454.221s][info][gc,metaspace   ] GC(480) Metaspace: 43038K(43456K)->43038K(43456K) NonClass: 40218K(40512K)->40218K(40512K) Class: 2819K(2944K)->2819K(2944K)
[454.221s][info][gc             ] GC(480) Pause Young (Allocation Failure) 846M->617M(855M) 45.235ms
[454.221s][info][gc,cpu         ] GC(480) User=0.06s Sys=0.02s Real=0.04s
[454.969s][info][gc,start       ] GC(481) Pause Young (Allocation Failure)
[455.016s][info][gc,heap        ] GC(481) PSYoungGen: 252684K(252928K)->29388K(284672K) Eden: 243712K(243712K)->0K(242176K) From: 8972K(9216K)->29388K(42496K)
[455.016s][info][gc,heap        ] GC(481) ParOldGen: 622948K(623104K)->631573K(631808K)
[455.016s][info][gc,metaspace   ] GC(481) Metaspace: 43041K(43456K)->43041K(43456K) NonClass: 40221K(40512K)->40221K(40512K) Class: 2819K(2944K)->2819K(2944K)
[455.016s][info][gc             ] GC(481) Pause Young (Allocation Failure) 855M->645M(895M) 47.533ms
[455.016s][info][gc,cpu         ] GC(481) User=0.09s Sys=0.00s Real=0.05s
[455.680s][info][gc,start       ] GC(482) Pause Full (Allocation Failure)
[455.680s][info][gc,phases,start] GC(482) Marking Phase
[455.775s][info][gc,phases      ] GC(482) Marking Phase 94.810ms
[455.775s][info][gc,phases,start] GC(482) Summary Phase
[455.775s][info][gc,phases      ] GC(482) Summary Phase 0.031ms
[455.775s][info][gc,phases,start] GC(482) Forward
[455.798s][info][gc,phases      ] GC(482) Forward 23.520ms
[455.798s][info][gc,phases,start] GC(482) Adjust Pointers
[455.864s][info][gc,phases      ] GC(482) Adjust Pointers 65.429ms
[455.864s][info][gc,phases,start] GC(482) Compaction Phase
[455.896s][info][gc,phases      ] GC(482) Compaction Phase 31.933ms
[455.896s][info][gc,phases,start] GC(482) Post Compact
[455.899s][info][gc,phases      ] GC(482) Post Compact 2.740ms
[455.933s][info][gc,heap        ] GC(482) PSYoungGen: 271564K(284672K)->0K(287744K) Eden: 242176K(242176K)->0K(242176K) From: 29388K(42496K)->0K(45568K)
[455.933s][info][gc,heap        ] GC(482) ParOldGen: 631573K(631808K)->112415K(243712K)
[455.933s][info][gc,metaspace   ] GC(482) Metaspace: 43041K(43456K)->43041K(43456K) NonClass: 40221K(40512K)->40221K(40512K) Class: 2819K(2944K)->2819K(2944K)
[455.933s][info][gc             ] GC(482) Pause Full (Allocation Failure) 881M->109M(519M) 253.173ms
[455.933s][info][gc,cpu         ] GC(482) User=0.38s Sys=0.03s Real=0.26s
[456.982s][info][gc,start       ] GC(483) Pause Young (Allocation Failure)
[457.036s][info][gc,heap        ] GC(483) PSYoungGen: 240895K(287744K)->45546K(268800K) Eden: 240895K(242176K)->0K(223232K) From: 0K(45568K)->45546K(45568K)
[457.036s][info][gc,heap        ] GC(483) ParOldGen: 112415K(243712K)->115280K(243712K)
[457.036s][info][gc,metaspace   ] GC(483) Metaspace: 43041K(43456K)->43041K(43456K) NonClass: 40221K(40512K)->40221K(40512K) Class: 2819K(2944K)->2819K(2944K)
[457.036s][info][gc             ] GC(483) Pause Young (Allocation Failure) 345M->157M(500M) 53.836ms
[457.036s][info][gc,cpu         ] GC(483) User=0.10s Sys=0.01s Real=0.06s
[458.584s][info][gc,start       ] GC(484) Pause Young (Allocation Failure)
[458.619s][info][gc,heap        ] GC(484) PSYoungGen: 268778K(268800K)->12326K(278528K) Eden: 223232K(223232K)->0K(223232K) From: 45546K(45568K)->12326K(55296K)
[458.619s][info][gc,heap        ] GC(484) ParOldGen: 115280K(243712K)->141469K(243712K)
[458.619s][info][gc,metaspace   ] GC(484) Metaspace: 43041K(43456K)->43041K(43456K) NonClass: 40221K(40512K)->40221K(40512K) Class: 2819K(2944K)->2819K(2944K)
[458.619s][info][gc             ] GC(484) Pause Young (Allocation Failure) 375M->150M(510M) 35.742ms
[458.619s][info][gc,cpu         ] GC(484) User=0.07s Sys=0.00s Real=0.03s
[459.956s][info][gc,start       ] GC(485) Pause Young (Allocation Failure)
[459.964s][info][gc,heap        ] GC(485) PSYoungGen: 235558K(278528K)->158K(273920K) Eden: 223232K(223232K)->0K(225792K) From: 12326K(55296K)->158K(48128K)
[459.964s][info][gc,heap        ] GC(485) ParOldGen: 141469K(243712K)->151539K(243712K)
[459.964s][info][gc,metaspace   ] GC(485) Metaspace: 43041K(43456K)->43041K(43456K) NonClass: 40221K(40512K)->40221K(40512K) Class: 2819K(2944K)->2819K(2944K)
[459.964s][info][gc             ] GC(485) Pause Young (Allocation Failure) 368M->148M(505M) 8.373ms
[459.964s][info][gc,cpu         ] GC(485) User=0.01s Sys=0.01s Real=0.01s
[461.273s][info][gc,start       ] GC(486) Pause Young (Allocation Failure)
[461.297s][info][gc,heap        ] GC(486) PSYoungGen: 225950K(273920K)->24068K(277504K) Eden: 225792K(225792K)->0K(225792K) From: 158K(48128K)->24068K(51712K)
[461.297s][info][gc,heap        ] GC(486) ParOldGen: 151539K(243712K)->151674K(243712K)
[461.297s][info][gc,metaspace   ] GC(486) Metaspace: 43041K(43456K)->43041K(43456K) NonClass: 40221K(40512K)->40221K(40512K) Class: 2819K(2944K)->2819K(2944K)
[461.298s][info][gc             ] GC(486) Pause Young (Allocation Failure) 368M->171M(509M) 24.350ms
[461.298s][info][gc,cpu         ] GC(486) User=0.05s Sys=0.00s Real=0.02s
[462.628s][info][gc,start       ] GC(487) Pause Young (Allocation Failure)
[462.667s][info][gc,heap        ] GC(487) PSYoungGen: 249860K(277504K)->23622K(280576K) Eden: 225792K(225792K)->0K(230912K) From: 24068K(51712K)->23622K(49664K)
[462.667s][info][gc,heap        ] GC(487) ParOldGen: 151674K(243712K)->171768K(243712K)
[462.667s][info][gc,metaspace   ] GC(487) Metaspace: 43041K(43456K)->43041K(43456K) NonClass: 40221K(40512K)->40221K(40512K) Class: 2819K(2944K)->2819K(2944K)
[462.668s][info][gc             ] GC(487) Pause Young (Allocation Failure) 392M->190M(512M) 39.384ms
[462.668s][info][gc,cpu         ] GC(487) User=0.08s Sys=0.00s Real=0.04s
[463.766s][info][gc,start       ] GC(488) Pause Young (Allocation Failure)
[463.809s][info][gc,heap        ] GC(488) PSYoungGen: 254534K(280576K)->28612K(281600K) Eden: 230912K(230912K)->0K(230912K) From: 23622K(49664K)->28612K(50688K)
[463.809s][info][gc,heap        ] GC(488) ParOldGen: 171768K(243712K)->194722K(243712K)
[463.809s][info][gc,metaspace   ] GC(488) Metaspace: 43041K(43456K)->43041K(43456K) NonClass: 40221K(40512K)->40221K(40512K) Class: 2819K(2944K)->2819K(2944K)
[463.809s][info][gc             ] GC(488) Pause Young (Allocation Failure) 416M->218M(513M) 43.050ms
[463.809s][info][gc,cpu         ] GC(488) User=0.08s Sys=0.00s Real=0.04s
[464.470s][info][gc,start       ] GC(489) Pause Young (Allocation Failure)
[464.523s][info][gc,heap        ] GC(489) PSYoungGen: 259524K(281600K)->28908K(281088K) Eden: 230912K(230912K)->0K(229376K) From: 28612K(50688K)->28908K(51712K)
[464.523s][info][gc,heap        ] GC(489) ParOldGen: 194722K(243712K)->223008K(243712K)
[464.523s][info][gc,metaspace   ] GC(489) Metaspace: 43041K(43456K)->43041K(43456K) NonClass: 40221K(40512K)->40221K(40512K) Class: 2819K(2944K)->2819K(2944K)
[464.523s][info][gc             ] GC(489) Pause Young (Allocation Failure) 443M->246M(512M) 52.477ms
[464.523s][info][gc,cpu         ] GC(489) User=0.10s Sys=0.00s Real=0.06s
[465.102s][info][gc,start       ] GC(490) Pause Young (Allocation Failure)
[465.161s][info][gc,heap        ] GC(490) PSYoungGen: 258284K(281088K)->26136K(256000K) Eden: 229376K(229376K)->0K(229376K) From: 28908K(51712K)->26136K(26624K)
[465.161s][info][gc,heap        ] GC(490) ParOldGen: 223008K(243712K)->252088K(252416K)
[465.161s][info][gc,metaspace   ] GC(490) Metaspace: 43041K(43456K)->43041K(43456K) NonClass: 40221K(40512K)->40221K(40512K) Class: 2819K(2944K)->2819K(2944K)
[465.161s][info][gc             ] GC(490) Pause Young (Allocation Failure) 470M->271M(496M) 59.282ms
[465.161s][info][gc,cpu         ] GC(490) User=0.11s Sys=0.01s Real=0.06s
[466.373s][info][gc,start       ] GC(491) Pause Young (Allocation Failure)
[466.464s][info][gc,heap        ] GC(491) PSYoungGen: 255512K(256000K)->47201K(268288K) Eden: 229376K(229376K)->0K(217088K) From: 26136K(26624K)->47201K(51200K)
[466.464s][info][gc,heap        ] GC(491) ParOldGen: 252088K(252416K)->278209K(278528K)
[466.464s][info][gc,metaspace   ] GC(491) Metaspace: 43041K(43456K)->43041K(43456K) NonClass: 40221K(40512K)->40221K(40512K) Class: 2819K(2944K)->2819K(2944K)
[466.464s][info][gc             ] GC(491) Pause Young (Allocation Failure) 495M->317M(534M) 90.867ms
[466.464s][info][gc,cpu         ] GC(491) User=0.16s Sys=0.01s Real=0.09s
[467.731s][info][gc,start       ] GC(492) Pause Young (Allocation Failure)
[467.775s][info][gc,heap        ] GC(492) PSYoungGen: 264289K(268288K)->7446K(275456K) Eden: 217088K(217088K)->0K(217088K) From: 47201K(51200K)->7446K(58368K)
[467.775s][info][gc,heap        ] GC(492) ParOldGen: 278209K(278528K)->301485K(301568K)
[467.775s][info][gc,metaspace   ] GC(492) Metaspace: 43041K(43456K)->43041K(43456K) NonClass: 40221K(40512K)->40221K(40512K) Class: 2819K(2944K)->2819K(2944K)
[467.775s][info][gc             ] GC(492) Pause Young (Allocation Failure) 529M->301M(563M) 44.352ms
[467.775s][info][gc,cpu         ] GC(492) User=0.07s Sys=0.02s Real=0.05s
[468.987s][info][gc,start       ] GC(493) Pause Young (Allocation Failure)
[468.996s][info][gc,heap        ] GC(493) PSYoungGen: 224534K(275456K)->745K(274432K) Eden: 217088K(217088K)->0K(218112K) From: 7446K(58368K)->745K(56320K)
[468.996s][info][gc,heap        ] GC(493) ParOldGen: 301485K(301568K)->307542K(307712K)
[468.996s][info][gc,metaspace   ] GC(493) Metaspace: 43041K(43456K)->43041K(43456K) NonClass: 40221K(40512K)->40221K(40512K) Class: 2819K(2944K)->2819K(2944K)
[468.996s][info][gc             ] GC(493) Pause Young (Allocation Failure) 513M->301M(568M) 8.814ms
[468.996s][info][gc,cpu         ] GC(493) User=0.01s Sys=0.01s Real=0.01s
[470.302s][info][gc,start       ] GC(494) Pause Young (Allocation Failure)
[470.326s][info][gc,heap        ] GC(494) PSYoungGen: 218857K(274432K)->21633K(240128K) Eden: 218112K(218112K)->0K(218112K) From: 745K(56320K)->21633K(22016K)
[470.326s][info][gc,heap        ] GC(494) ParOldGen: 307542K(307712K)->308191K(308224K)
[470.326s][info][gc,metaspace   ] GC(494) Metaspace: 43041K(43456K)->43041K(43456K) NonClass: 40221K(40512K)->40221K(40512K) Class: 2819K(2944K)->2819K(2944K)
[470.326s][info][gc             ] GC(494) Pause Young (Allocation Failure) 514M->322M(535M) 24.294ms
[470.326s][info][gc,cpu         ] GC(494) User=0.05s Sys=0.00s Real=0.03s
[471.729s][info][gc,start       ] GC(495) Pause Young (Allocation Failure)
[471.779s][info][gc,heap        ] GC(495) PSYoungGen: 239739K(240128K)->20645K(277504K) Eden: 218105K(218112K)->0K(223232K) From: 21633K(22016K)->20645K(54272K)
[471.779s][info][gc,heap        ] GC(495) ParOldGen: 308191K(308224K)->329959K(330240K)
[471.779s][info][gc,metaspace   ] GC(495) Metaspace: 43041K(43456K)->43041K(43456K) NonClass: 40221K(40512K)->40221K(40512K) Class: 2819K(2944K)->2819K(2944K)
[471.779s][info][gc             ] GC(495) Pause Young (Allocation Failure) 535M->342M(593M) 49.785ms
[471.779s][info][gc,cpu         ] GC(495) User=0.08s Sys=0.01s Real=0.05s
[472.986s][info][gc,start       ] GC(496) Pause Young (Allocation Failure)
[473.035s][info][gc,heap        ] GC(496) PSYoungGen: 243877K(277504K)->26906K(274432K) Eden: 223232K(223232K)->0K(223232K) From: 20645K(54272K)->26906K(51200K)
[473.036s][info][gc,heap        ] GC(496) ParOldGen: 329959K(330240K)->350688K(350720K)
[473.036s][info][gc,metaspace   ] GC(496) Metaspace: 43042K(43456K)->43042K(43456K) NonClass: 40222K(40512K)->40222K(40512K) Class: 2819K(2944K)->2819K(2944K)
[473.036s][info][gc             ] GC(496) Pause Young (Allocation Failure) 560M->368M(610M) 49.581ms
[473.036s][info][gc,cpu         ] GC(496) User=0.08s Sys=0.02s Real=0.05s
[473.977s][info][gc,start       ] GC(497) Pause Young (Allocation Failure)
[474.011s][info][gc,heap        ] GC(497) PSYoungGen: 250138K(274432K)->13222K(280576K) Eden: 223232K(223232K)->0K(229888K) From: 26906K(51200K)->13222K(50688K)
[474.011s][info][gc,heap        ] GC(497) ParOldGen: 350688K(350720K)->369376K(369664K)
[474.011s][info][gc,metaspace   ] GC(497) Metaspace: 43043K(43456K)->43043K(43456K) NonClass: 40223K(40512K)->40223K(40512K) Class: 2819K(2944K)->2819K(2944K)
[474.011s][info][gc             ] GC(497) Pause Young (Allocation Failure) 586M->373M(635M) 33.671ms
[474.011s][info][gc,cpu         ] GC(497) User=0.05s Sys=0.01s Real=0.03s
[474.948s][info][gc,start       ] GC(498) Pause Young (Allocation Failure)
[474.954s][info][gc,heap        ] GC(498) PSYoungGen: 243110K(280576K)->4724K(279040K) Eden: 229888K(229888K)->0K(229888K) From: 13222K(50688K)->4724K(49152K)
[474.954s][info][gc,heap        ] GC(498) ParOldGen: 369376K(369664K)->370128K(370176K)
[474.954s][info][gc,metaspace   ] GC(498) Metaspace: 43043K(43456K)->43043K(43456K) NonClass: 40223K(40512K)->40223K(40512K) Class: 2819K(2944K)->2819K(2944K)
[474.954s][info][gc             ] GC(498) Pause Young (Allocation Failure) 598M->366M(634M) 6.560ms
[474.954s][info][gc,cpu         ] GC(498) User=0.01s Sys=0.00s Real=0.01s
[475.921s][info][gc,start       ] GC(499) Pause Young (Allocation Failure)
[475.929s][info][gc,heap        ] GC(499) PSYoungGen: 234612K(279040K)->6265K(283648K) Eden: 229888K(229888K)->0K(235008K) From: 4724K(49152K)->6265K(48640K)
[475.929s][info][gc,heap        ] GC(499) ParOldGen: 370128K(370176K)->371284K(371712K)
[475.929s][info][gc,metaspace   ] GC(499) Metaspace: 43043K(43456K)->43043K(43456K) NonClass: 40223K(40512K)->40223K(40512K) Class: 2819K(2944K)->2819K(2944K)
[475.929s][info][gc             ] GC(499) Pause Young (Allocation Failure) 590M->368M(640M) 7.544ms
[475.929s][info][gc,cpu         ] GC(499) User=0.01s Sys=0.00s Real=0.01s
[476.730s][info][gc,start       ] GC(500) Pause Young (Allocation Failure)
[476.739s][info][gc,heap        ] GC(500) PSYoungGen: 241273K(283648K)->8104K(282624K) Eden: 235008K(235008K)->0K(235008K) From: 6265K(48640K)->8104K(47616K)
[476.739s][info][gc,heap        ] GC(500) ParOldGen: 371284K(371712K)->372460K(372736K)
[476.739s][info][gc,metaspace   ] GC(500) Metaspace: 43043K(43456K)->43043K(43456K) NonClass: 40223K(40512K)->40223K(40512K) Class: 2819K(2944K)->2819K(2944K)
[476.739s][info][gc             ] GC(500) Pause Young (Allocation Failure) 598M->371M(640M) 8.776ms
[476.739s][info][gc,cpu         ] GC(500) User=0.02s Sys=0.00s Real=0.01s
[477.635s][info][gc,start       ] GC(501) Pause Young (Allocation Failure)
[477.646s][info][gc,heap        ] GC(501) PSYoungGen: 243112K(282624K)->12060K(284160K) Eden: 235008K(235008K)->0K(239616K) From: 8104K(47616K)->12060K(44544K)
[477.646s][info][gc,heap        ] GC(501) ParOldGen: 372460K(372736K)->373468K(373760K)
[477.646s][info][gc,metaspace   ] GC(501) Metaspace: 43044K(43456K)->43044K(43456K) NonClass: 40224K(40512K)->40224K(40512K) Class: 2819K(2944K)->2819K(2944K)
[477.646s][info][gc             ] GC(501) Pause Young (Allocation Failure) 601M->376M(642M) 10.819ms
[477.646s][info][gc,cpu         ] GC(501) User=0.02s Sys=0.01s Real=0.01s
[478.705s][info][gc,start       ] GC(502) Pause Young (Allocation Failure)
[478.730s][info][gc,heap        ] GC(502) PSYoungGen: 251676K(284160K)->17599K(283648K) Eden: 239616K(239616K)->0K(239616K) From: 12060K(44544K)->17599K(44032K)
[478.730s][info][gc,heap        ] GC(502) ParOldGen: 373468K(373760K)->378804K(378880K)
[478.730s][info][gc,metaspace   ] GC(502) Metaspace: 43044K(43456K)->43044K(43456K) NonClass: 40224K(40512K)->40224K(40512K) Class: 2819K(2944K)->2819K(2944K)
[478.730s][info][gc             ] GC(502) Pause Young (Allocation Failure) 610M->387M(647M) 25.253ms
[478.730s][info][gc,cpu         ] GC(502) User=0.05s Sys=0.00s Real=0.02s
[479.671s][info][gc,start       ] GC(503) Pause Young (Allocation Failure)
[479.702s][info][gc,heap        ] GC(503) PSYoungGen: 257215K(283648K)->12294K(287744K) Eden: 239616K(239616K)->0K(247296K) From: 17599K(44032K)->12294K(40448K)
[479.702s][info][gc,heap        ] GC(503) ParOldGen: 378804K(378880K)->392497K(392704K)
[479.702s][info][gc,metaspace   ] GC(503) Metaspace: 43044K(43456K)->43044K(43456K) NonClass: 40224K(40512K)->40224K(40512K) Class: 2819K(2944K)->2819K(2944K)
[479.702s][info][gc             ] GC(503) Pause Young (Allocation Failure) 621M->395M(664M) 30.737ms
[479.702s][info][gc,cpu         ] GC(503) User=0.05s Sys=0.01s Real=0.03s
[480.610s][info][gc,start       ] GC(504) Pause Young (Allocation Failure)
[480.635s][info][gc,heap        ] GC(504) PSYoungGen: 259590K(287744K)->15460K(287232K) Eden: 247296K(247296K)->0K(247296K) From: 12294K(40448K)->15460K(39936K)
[480.635s][info][gc,heap        ] GC(504) ParOldGen: 392497K(392704K)->399135K(399360K)
[480.635s][info][gc,metaspace   ] GC(504) Metaspace: 43047K(43456K)->43047K(43456K) NonClass: 40228K(40512K)->40228K(40512K) Class: 2819K(2944K)->2819K(2944K)
[480.635s][info][gc             ] GC(504) Pause Young (Allocation Failure) 636M->404M(670M) 25.190ms
[480.635s][info][gc,cpu         ] GC(504) User=0.04s Sys=0.01s Real=0.03s
[481.576s][info][gc,start       ] GC(505) Pause Young (Allocation Failure)
[481.583s][info][gc,heap        ] GC(505) PSYoungGen: 262756K(287232K)->5711K(291328K) Eden: 247296K(247296K)->0K(253952K) From: 15460K(39936K)->5711K(37376K)
[481.583s][info][gc,heap        ] GC(505) ParOldGen: 399135K(399360K)->400079K(400384K)
[481.583s][info][gc,metaspace   ] GC(505) Metaspace: 43047K(43456K)->43047K(43456K) NonClass: 40228K(40512K)->40228K(40512K) Class: 2819K(2944K)->2819K(2944K)
[481.583s][info][gc             ] GC(505) Pause Young (Allocation Failure) 646M->396M(675M) 6.356ms
[481.583s][info][gc,cpu         ] GC(505) User=0.01s Sys=0.00s Real=0.01s
[482.584s][info][gc,start       ] GC(506) Pause Young (Allocation Failure)
[482.589s][info][gc,heap        ] GC(506) PSYoungGen: 259663K(291328K)->3749K(290816K) Eden: 253952K(253952K)->0K(253952K) From: 5711K(37376K)->3749K(36864K)
[482.589s][info][gc,heap        ] GC(506) ParOldGen: 400079K(400384K)->401155K(401408K)
[482.589s][info][gc,metaspace   ] GC(506) Metaspace: 43047K(43456K)->43047K(43456K) NonClass: 40228K(40512K)->40228K(40512K) Class: 2819K(2944K)->2819K(2944K)
[482.589s][info][gc             ] GC(506) Pause Young (Allocation Failure) 644M->395M(676M) 5.183ms
[482.590s][info][gc,cpu         ] GC(506) User=0.01s Sys=0.00s Real=0.00s
[483.466s][info][gc,start       ] GC(507) Pause Young (Allocation Failure)
[483.517s][info][gc,heap        ] GC(507) PSYoungGen: 257701K(290816K)->36344K(278016K) Eden: 253952K(253952K)->0K(241664K) From: 3749K(36864K)->36344K(36352K)
[483.517s][info][gc,heap        ] GC(507) ParOldGen: 401155K(401408K)->410573K(410624K)
[483.517s][info][gc,metaspace   ] GC(507) Metaspace: 43047K(43456K)->43047K(43456K) NonClass: 40228K(40512K)->40228K(40512K) Class: 2819K(2944K)->2819K(2944K)
[483.517s][info][gc             ] GC(507) Pause Young (Allocation Failure) 643M->436M(672M) 51.488ms
[483.517s][info][gc,cpu         ] GC(507) User=0.09s Sys=0.01s Real=0.05s
[484.735s][info][gc,start       ] GC(508) Pause Young (Allocation Failure)
[484.789s][info][gc,heap        ] GC(508) PSYoungGen: 278008K(278016K)->18132K(287744K) Eden: 241664K(241664K)->0K(241664K) From: 36344K(36352K)->18132K(46080K)
[484.789s][info][gc,heap        ] GC(508) ParOldGen: 410573K(410624K)->430315K(430592K)
[484.789s][info][gc,metaspace   ] GC(508) Metaspace: 43047K(43456K)->43047K(43456K) NonClass: 40228K(40512K)->40228K(40512K) Class: 2819K(2944K)->2819K(2944K)
[484.789s][info][gc             ] GC(508) Pause Young (Allocation Failure) 672M->437M(701M) 53.551ms
[484.789s][info][gc,cpu         ] GC(508) User=0.09s Sys=0.01s Real=0.05s
[485.712s][info][gc,start       ] GC(509) Pause Young (Allocation Failure)
[485.757s][info][gc,heap        ] GC(509) PSYoungGen: 259796K(287744K)->18003K(280576K) Eden: 241664K(241664K)->0K(243712K) From: 18132K(46080K)->18003K(36864K)
[485.757s][info][gc,heap        ] GC(509) ParOldGen: 430315K(430592K)->448054K(448512K)
[485.757s][info][gc,metaspace   ] GC(509) Metaspace: 43047K(43456K)->43047K(43456K) NonClass: 40228K(40512K)->40228K(40512K) Class: 2819K(2944K)->2819K(2944K)
[485.757s][info][gc             ] GC(509) Pause Young (Allocation Failure) 673M->455M(712M) 45.291ms
[485.757s][info][gc,cpu         ] GC(509) User=0.06s Sys=0.02s Real=0.05s
[486.528s][info][gc,start       ] GC(510) Pause Young (Allocation Failure)
[486.549s][info][gc,heap        ] GC(510) PSYoungGen: 261715K(280576K)->14118K(285184K) Eden: 243712K(243712K)->0K(243712K) From: 18003K(36864K)->14118K(41472K)
[486.549s][info][gc,heap        ] GC(510) ParOldGen: 448054K(448512K)->454000K(454144K)
[486.549s][info][gc,metaspace   ] GC(510) Metaspace: 43047K(43456K)->43047K(43456K) NonClass: 40228K(40512K)->40228K(40512K) Class: 2819K(2944K)->2819K(2944K)
[486.549s][info][gc             ] GC(510) Pause Young (Allocation Failure) 693M->457M(722M) 20.976ms
[486.549s][info][gc,cpu         ] GC(510) User=0.04s Sys=0.01s Real=0.02s
[487.419s][info][gc,start       ] GC(511) Pause Young (Allocation Failure)
[487.449s][info][gc,heap        ] GC(511) PSYoungGen: 257830K(285184K)->30055K(288256K) Eden: 243712K(243712K)->0K(248832K) From: 14118K(41472K)->30055K(39424K)
[487.449s][info][gc,heap        ] GC(511) ParOldGen: 454000K(454144K)->464353K(464384K)
[487.449s][info][gc,metaspace   ] GC(511) Metaspace: 43047K(43456K)->43047K(43456K) NonClass: 40228K(40512K)->40228K(40512K) Class: 2819K(2944K)->2819K(2944K)
[487.449s][info][gc             ] GC(511) Pause Young (Allocation Failure) 695M->482M(735M) 30.055ms
[487.449s][info][gc,cpu         ] GC(511) User=0.05s Sys=0.01s Real=0.03s
[488.340s][info][gc,start       ] GC(512) Pause Young (Allocation Failure)
[488.384s][info][gc,heap        ] GC(512) PSYoungGen: 278887K(288256K)->42484K(291328K) Eden: 248832K(248832K)->0K(248832K) From: 30055K(39424K)->42484K(42496K)
[488.384s][info][gc,heap        ] GC(512) ParOldGen: 464353K(464384K)->478271K(478720K)
[488.384s][info][gc,metaspace   ] GC(512) Metaspace: 43048K(43456K)->43048K(43456K) NonClass: 40228K(40512K)->40228K(40512K) Class: 2819K(2944K)->2819K(2944K)
[488.384s][info][gc             ] GC(512) Pause Young (Allocation Failure) 725M->508M(752M) 44.189ms
[488.384s][info][gc,cpu         ] GC(512) User=0.08s Sys=0.01s Real=0.05s
[489.364s][info][gc,start       ] GC(513) Pause Young (Allocation Failure)
[489.401s][info][gc,heap        ] GC(513) PSYoungGen: 291316K(291328K)->10533K(270848K) Eden: 248832K(248832K)->0K(228352K) From: 42484K(42496K)->10533K(42496K)
[489.401s][info][gc,heap        ] GC(513) ParOldGen: 478271K(478720K)->500758K(501248K)
[489.401s][info][gc,metaspace   ] GC(513) Metaspace: 43048K(43456K)->43048K(43456K) NonClass: 40228K(40512K)->40228K(40512K) Class: 2819K(2944K)->2819K(2944K)
[489.401s][info][gc             ] GC(513) Pause Young (Allocation Failure) 751M->499M(754M) 37.119ms
[489.401s][info][gc,cpu         ] GC(513) User=0.06s Sys=0.03s Real=0.03s
[490.286s][info][gc,start       ] GC(514) Pause Young (Allocation Failure)
[490.326s][info][gc,heap        ] GC(514) PSYoungGen: 238885K(270848K)->45755K(274432K) Eden: 228352K(228352K)->0K(228352K) From: 10533K(42496K)->45755K(46080K)
[490.326s][info][gc,heap        ] GC(514) ParOldGen: 500758K(501248K)->505453K(505856K)
[490.326s][info][gc,metaspace   ] GC(514) Metaspace: 43048K(43456K)->43048K(43456K) NonClass: 40228K(40512K)->40228K(40512K) Class: 2819K(2944K)->2819K(2944K)
[490.326s][info][gc             ] GC(514) Pause Young (Allocation Failure) 722M->538M(762M) 39.998ms
[490.326s][info][gc,cpu         ] GC(514) User=0.07s Sys=0.00s Real=0.04s
[491.234s][info][gc,start       ] GC(515) Pause Young (Allocation Failure)
[491.247s][info][gc,heap        ] GC(515) PSYoungGen: 274107K(274432K)->14119K(276992K) Eden: 228352K(228352K)->0K(218112K) From: 45755K(46080K)->14119K(58880K)
[491.247s][info][gc,heap        ] GC(515) ParOldGen: 505453K(505856K)->506817K(506880K)
[491.247s][info][gc,metaspace   ] GC(515) Metaspace: 43048K(43456K)->43048K(43456K) NonClass: 40228K(40512K)->40228K(40512K) Class: 2819K(2944K)->2819K(2944K)
[491.248s][info][gc             ] GC(515) Pause Young (Allocation Failure) 761M->508M(765M) 13.294ms
[491.248s][info][gc,cpu         ] GC(515) User=0.02s Sys=0.00s Real=0.01s
[492.072s][info][gc,start       ] GC(516) Pause Young (Allocation Failure)
[492.109s][info][gc,heap        ] GC(516) PSYoungGen: 232231K(276992K)->30151K(248320K) Eden: 218112K(218112K)->0K(218112K) From: 14119K(58880K)->30151K(30208K)
[492.109s][info][gc,heap        ] GC(516) ParOldGen: 506817K(506880K)->514682K(515072K)
[492.109s][info][gc,metaspace   ] GC(516) Metaspace: 43048K(43456K)->43048K(43456K) NonClass: 40228K(40512K)->40228K(40512K) Class: 2819K(2944K)->2819K(2944K)
[492.109s][info][gc             ] GC(516) Pause Young (Allocation Failure) 721M->532M(745M) 37.048ms
[492.109s][info][gc,cpu         ] GC(516) User=0.06s Sys=0.01s Real=0.04s
[492.943s][info][gc,start       ] GC(517) Pause Young (Allocation Failure)
[492.969s][info][gc,heap        ] GC(517) PSYoungGen: 248263K(248320K)->1648K(273920K) Eden: 218112K(218112K)->0K(217600K) From: 30151K(30208K)->1648K(56320K)
[492.969s][info][gc,heap        ] GC(517) ParOldGen: 514682K(515072K)->532710K(532992K)
[492.969s][info][gc,metaspace   ] GC(517) Metaspace: 43048K(43456K)->43048K(43456K) NonClass: 40228K(40512K)->40228K(40512K) Class: 2819K(2944K)->2819K(2944K)
[492.969s][info][gc             ] GC(517) Pause Young (Allocation Failure) 745M->521M(788M) 25.929ms
[492.969s][info][gc,cpu         ] GC(517) User=0.02s Sys=0.02s Real=0.02s
[493.797s][info][gc,start       ] GC(518) Pause Young (Allocation Failure)
[493.808s][info][gc,heap        ] GC(518) PSYoungGen: 219248K(273920K)->10804K(274432K) Eden: 217600K(217600K)->0K(217600K) From: 1648K(56320K)->10804K(56832K)
[493.809s][info][gc,heap        ] GC(518) ParOldGen: 532710K(532992K)->533632K(534016K)
[493.809s][info][gc,metaspace   ] GC(518) Metaspace: 43048K(43456K)->43048K(43456K) NonClass: 40228K(40512K)->40228K(40512K) Class: 2819K(2944K)->2819K(2944K)
[493.809s][info][gc             ] GC(518) Pause Young (Allocation Failure) 734M->531M(789M) 11.932ms
[493.809s][info][gc,cpu         ] GC(518) User=0.02s Sys=0.00s Real=0.01s
[494.581s][info][gc,start       ] GC(519) Pause Young (Allocation Failure)
[494.587s][info][gc,heap        ] GC(519) PSYoungGen: 228404K(274432K)->2978K(275968K) Eden: 217600K(217600K)->0K(221184K) From: 10804K(56832K)->2978K(54784K)
[494.587s][info][gc,heap        ] GC(519) ParOldGen: 533632K(534016K)->534725K(535040K)
[494.587s][info][gc,metaspace   ] GC(519) Metaspace: 43048K(43456K)->43048K(43456K) NonClass: 40228K(40512K)->40228K(40512K) Class: 2819K(2944K)->2819K(2944K)
[494.587s][info][gc             ] GC(519) Pause Young (Allocation Failure) 744M->525M(792M) 5.830ms
[494.587s][info][gc,cpu         ] GC(519) User=0.01s Sys=0.00s Real=0.01s
[495.365s][info][gc,start       ] GC(520) Pause Young (Allocation Failure)
[495.383s][info][gc,heap        ] GC(520) PSYoungGen: 224162K(275968K)->25560K(275456K) Eden: 221184K(221184K)->0K(221184K) From: 2978K(54784K)->25560K(54272K)
[495.383s][info][gc,heap        ] GC(520) ParOldGen: 534725K(535040K)->535251K(535552K)
[495.383s][info][gc,metaspace   ] GC(520) Metaspace: 43048K(43456K)->43048K(43456K) NonClass: 40228K(40512K)->40228K(40512K) Class: 2819K(2944K)->2819K(2944K)
[495.383s][info][gc             ] GC(520) Pause Young (Allocation Failure) 741M->547M(792M) 17.746ms
[495.383s][info][gc,cpu         ] GC(520) User=0.03s Sys=0.00s Real=0.02s
[496.067s][info][gc,start       ] GC(521) Pause Young (Allocation Failure)
[496.083s][info][gc,heap        ] GC(521) PSYoungGen: 246744K(275456K)->23595K(278016K) Eden: 221184K(221184K)->0K(226304K) From: 25560K(54272K)->23595K(51712K)
[496.083s][info][gc,heap        ] GC(521) ParOldGen: 535251K(535552K)->535669K(536064K)
[496.083s][info][gc,metaspace   ] GC(521) Metaspace: 43048K(43456K)->43048K(43456K) NonClass: 40228K(40512K)->40228K(40512K) Class: 2819K(2944K)->2819K(2944K)
[496.083s][info][gc             ] GC(521) Pause Young (Allocation Failure) 763M->546M(795M) 16.098ms
[496.083s][info][gc,cpu         ] GC(521) User=0.03s Sys=0.00s Real=0.02s
[496.783s][info][gc,start       ] GC(522) Pause Young (Allocation Failure)
[496.807s][info][gc,heap        ] GC(522) PSYoungGen: 249899K(278016K)->806K(278016K) Eden: 226304K(226304K)->0K(226304K) From: 23595K(51712K)->806K(51712K)
[496.807s][info][gc,heap        ] GC(522) ParOldGen: 535669K(536064K)->557257K(557568K)
[496.807s][info][gc,metaspace   ] GC(522) Metaspace: 43048K(43456K)->43048K(43456K) NonClass: 40228K(40512K)->40228K(40512K) Class: 2819K(2944K)->2819K(2944K)
[496.807s][info][gc             ] GC(522) Pause Young (Allocation Failure) 767M->544M(816M) 24.183ms
[496.807s][info][gc,cpu         ] GC(522) User=0.03s Sys=0.02s Real=0.02s
[497.434s][info][gc,start       ] GC(523) Pause Young (Allocation Failure)
[497.440s][info][gc,heap        ] GC(523) PSYoungGen: 227110K(278016K)->5340K(279040K) Eden: 226304K(226304K)->0K(230400K) From: 806K(51712K)->5340K(48640K)
[497.440s][info][gc,heap        ] GC(523) ParOldGen: 557257K(557568K)->557273K(557568K)
[497.440s][info][gc,metaspace   ] GC(523) Metaspace: 43048K(43456K)->43048K(43456K) NonClass: 40228K(40512K)->40228K(40512K) Class: 2819K(2944K)->2819K(2944K)
[497.440s][info][gc             ] GC(523) Pause Young (Allocation Failure) 765M->549M(817M) 6.606ms
[497.440s][info][gc,cpu         ] GC(523) User=0.01s Sys=0.00s Real=0.00s
[497.847s][info][gc,start       ] GC(524) Pause Young (Allocation Failure)
[497.853s][info][gc,heap        ] GC(524) PSYoungGen: 235740K(279040K)->1340K(280576K) Eden: 230400K(230400K)->0K(230400K) From: 5340K(48640K)->1340K(50176K)
[497.853s][info][gc,heap        ] GC(524) ParOldGen: 557273K(557568K)->559325K(559616K)
[497.853s][info][gc,metaspace   ] GC(524) Metaspace: 43048K(43456K)->43048K(43456K) NonClass: 40228K(40512K)->40228K(40512K) Class: 2819K(2944K)->2819K(2944K)
[497.853s][info][gc             ] GC(524) Pause Young (Allocation Failure) 774M->547M(820M) 5.686ms
[497.853s][info][gc,cpu         ] GC(524) User=0.01s Sys=0.00s Real=0.01s
[498.311s][info][gc,start       ] GC(525) Pause Young (Allocation Failure)
[498.320s][info][gc,heap        ] GC(525) PSYoungGen: 230020K(280576K)->10505K(276992K) Eden: 228679K(230400K)->0K(233984K) From: 1340K(50176K)->10505K(43008K)
[498.320s][info][gc,heap        ] GC(525) ParOldGen: 559325K(559616K)->559577K(559616K)
[498.320s][info][gc,metaspace   ] GC(525) Metaspace: 43048K(43456K)->43048K(43456K) NonClass: 40228K(40512K)->40228K(40512K) Class: 2819K(2944K)->2819K(2944K)
[498.320s][info][gc             ] GC(525) Pause Young (Allocation Failure) 770M->556M(817M) 9.034ms
[498.320s][info][gc,cpu         ] GC(525) User=0.02s Sys=0.00s Real=0.01s
[498.642s][info][gc,start       ] GC(526) Pause Young (Allocation Failure)
[498.655s][info][gc,heap        ] GC(526) PSYoungGen: 243035K(276992K)->1308K(280576K) Eden: 232529K(233984K)->0K(233984K) From: 10505K(43008K)->1308K(46592K)
[498.655s][info][gc,heap        ] GC(526) ParOldGen: 559577K(559616K)->569882K(570368K)
[498.655s][info][gc,metaspace   ] GC(526) Metaspace: 43048K(43456K)->43048K(43456K) NonClass: 40228K(40512K)->40228K(40512K) Class: 2819K(2944K)->2819K(2944K)
[498.655s][info][gc             ] GC(526) Pause Young (Allocation Failure) 783M->557M(831M) 13.642ms
[498.655s][info][gc,cpu         ] GC(526) User=0.02s Sys=0.00s Real=0.02s
[498.998s][info][gc,start       ] GC(527) Pause Young (Allocation Failure)
[499.005s][info][gc,heap        ] GC(527) PSYoungGen: 235292K(280576K)->2613K(283648K) Eden: 233984K(233984K)->0K(241152K) From: 1308K(46592K)->2613K(42496K)
[499.005s][info][gc,heap        ] GC(527) ParOldGen: 569882K(570368K)->571136K(571392K)
[499.005s][info][gc,metaspace   ] GC(527) Metaspace: 43051K(43456K)->43051K(43456K) NonClass: 40231K(40512K)->40231K(40512K) Class: 2819K(2944K)->2819K(2944K)
[499.005s][info][gc             ] GC(527) Pause Young (Allocation Failure) 786M->560M(835M) 6.971ms
[499.005s][info][gc,cpu         ] GC(527) User=0.01s Sys=0.01s Real=0.01s
[499.347s][info][gc,start       ] GC(528) Pause Young (Allocation Failure)
[499.356s][info][gc,heap        ] GC(528) PSYoungGen: 242688K(283648K)->3153K(285696K) Eden: 240075K(241152K)->0K(241152K) From: 2613K(42496K)->3153K(44544K)
[499.356s][info][gc,heap        ] GC(528) ParOldGen: 571136K(571392K)->573736K(573952K)
[499.356s][info][gc,metaspace   ] GC(528) Metaspace: 43051K(43456K)->43051K(43456K) NonClass: 40231K(40512K)->40231K(40512K) Class: 2819K(2944K)->2819K(2944K)
[499.356s][info][gc             ] GC(528) Pause Young (Allocation Failure) 794M->563M(839M) 9.361ms
[499.356s][info][gc,cpu         ] GC(528) User=0.02s Sys=0.00s Real=0.01s
[499.723s][info][gc,start       ] GC(529) Pause Young (Allocation Failure)
[499.736s][info][gc,heap        ] GC(529) PSYoungGen: 243449K(285696K)->7091K(285184K) Eden: 240295K(241152K)->0K(246784K) From: 3153K(44544K)->7091K(38400K)
[499.736s][info][gc,heap        ] GC(529) ParOldGen: 573736K(573952K)->576824K(577024K)
[499.736s][info][gc,metaspace   ] GC(529) Metaspace: 43051K(43456K)->43051K(43456K) NonClass: 40231K(40512K)->40231K(40512K) Class: 2819K(2944K)->2819K(2944K)
[499.736s][info][gc             ] GC(529) Pause Young (Allocation Failure) 798M->570M(842M) 13.622ms
[499.736s][info][gc,cpu         ] GC(529) User=0.02s Sys=0.00s Real=0.01s
[500.116s][info][gc,start       ] GC(530) Pause Young (Allocation Failure)
[500.136s][info][gc,heap        ] GC(530) PSYoungGen: 253875K(285184K)->7859K(287232K) Eden: 246784K(246784K)->0K(246784K) From: 7091K(38400K)->7859K(40448K)
[500.136s][info][gc,heap        ] GC(530) ParOldGen: 576824K(577024K)->583887K(584192K)
[500.136s][info][gc,metaspace   ] GC(530) Metaspace: 43053K(43456K)->43053K(43456K) NonClass: 40233K(40512K)->40233K(40512K) Class: 2819K(2944K)->2819K(2944K)
[500.136s][info][gc             ] GC(530) Pause Young (Allocation Failure) 811M->577M(851M) 19.837ms
[500.136s][info][gc,cpu         ] GC(530) User=0.03s Sys=0.01s Real=0.02s
[500.501s][info][gc,start       ] GC(531) Pause Young (Allocation Failure)
[500.520s][info][gc,heap        ] GC(531) PSYoungGen: 254643K(287232K)->6169K(289792K) Eden: 246784K(246784K)->0K(255488K) From: 7859K(40448K)->6169K(34304K)
[500.520s][info][gc,heap        ] GC(531) ParOldGen: 583887K(584192K)->591863K(591872K)
[500.520s][info][gc,metaspace   ] GC(531) Metaspace: 43053K(43456K)->43053K(43456K) NonClass: 40234K(40512K)->40234K(40512K) Class: 2819K(2944K)->2819K(2944K)
[500.520s][info][gc             ] GC(531) Pause Young (Allocation Failure) 818M->584M(861M) 19.559ms
[500.520s][info][gc,cpu         ] GC(531) User=0.04s Sys=0.01s Real=0.02s
[501.187s][info][gc,start       ] GC(532) Pause Young (Allocation Failure)
[501.214s][info][gc,heap        ] GC(532) PSYoungGen: 261657K(289792K)->12317K(291328K) Eden: 255488K(255488K)->0K(255488K) From: 6169K(34304K)->12317K(35840K)
[501.214s][info][gc,heap        ] GC(532) ParOldGen: 591863K(591872K)->597988K(598016K)
[501.214s][info][gc,metaspace   ] GC(532) Metaspace: 43053K(43456K)->43053K(43456K) NonClass: 40234K(40512K)->40234K(40512K) Class: 2819K(2944K)->2819K(2944K)
[501.214s][info][gc             ] GC(532) Pause Young (Allocation Failure) 833M->596M(868M) 26.961ms
[501.214s][info][gc,cpu         ] GC(532) User=0.05s Sys=0.01s Real=0.03s
[501.841s][info][gc,start       ] GC(533) Pause Young (Allocation Failure)
[501.861s][info][gc,heap        ] GC(533) PSYoungGen: 267805K(291328K)->2972K(294912K) Eden: 255488K(255488K)->0K(263680K) From: 12317K(35840K)->2972K(31232K)
[501.861s][info][gc,heap        ] GC(533) ParOldGen: 597988K(598016K)->608829K(609280K)
[501.861s][info][gc,metaspace   ] GC(533) Metaspace: 43068K(43456K)->43068K(43456K) NonClass: 40248K(40512K)->40248K(40512K) Class: 2819K(2944K)->2819K(2944K)
[501.861s][info][gc             ] GC(533) Pause Young (Allocation Failure) 845M->597M(883M) 19.901ms
[501.861s][info][gc,cpu         ] GC(533) User=0.03s Sys=0.01s Real=0.02s
[502.509s][info][gc,start       ] GC(534) Pause Young (Allocation Failure)
[502.514s][info][gc,heap        ] GC(534) PSYoungGen: 266652K(294912K)->3738K(296448K) Eden: 263680K(263680K)->0K(263680K) From: 2972K(31232K)->3738K(32768K)
[502.514s][info][gc,heap        ] GC(534) ParOldGen: 608829K(609280K)->608837K(609280K)
[502.514s][info][gc,metaspace   ] GC(534) Metaspace: 43070K(43456K)->43070K(43456K) NonClass: 40250K(40512K)->40250K(40512K) Class: 2819K(2944K)->2819K(2944K)
[502.514s][info][gc             ] GC(534) Pause Young (Allocation Failure) 854M->598M(884M) 5.371ms
[502.514s][info][gc,cpu         ] GC(534) User=0.01s Sys=0.00s Real=0.01s
[503.129s][info][gc,start       ] GC(535) Pause Young (Allocation Failure)
[503.135s][info][gc,heap        ] GC(535) PSYoungGen: 267418K(296448K)->3267K(297472K) Eden: 263680K(263680K)->0K(269312K) From: 3738K(32768K)->3267K(28160K)
[503.135s][info][gc,heap        ] GC(535) ParOldGen: 608837K(609280K)->608872K(609280K)
[503.135s][info][gc,metaspace   ] GC(535) Metaspace: 43070K(43456K)->43070K(43456K) NonClass: 40250K(40512K)->40250K(40512K) Class: 2819K(2944K)->2819K(2944K)
[503.135s][info][gc             ] GC(535) Pause Young (Allocation Failure) 855M->597M(885M) 6.120ms
[503.135s][info][gc,cpu         ] GC(535) User=0.01s Sys=0.00s Real=0.01s
[503.795s][info][gc,start       ] GC(536) Pause Young (Allocation Failure)
[503.800s][info][gc,heap        ] GC(536) PSYoungGen: 272579K(297472K)->5957K(299520K) Eden: 269312K(269312K)->0K(269312K) From: 3267K(28160K)->5957K(30208K)
[503.800s][info][gc,heap        ] GC(536) ParOldGen: 608872K(609280K)->608944K(609280K)
[503.800s][info][gc,metaspace   ] GC(536) Metaspace: 43071K(43456K)->43071K(43456K) NonClass: 40250K(40512K)->40250K(40512K) Class: 2820K(2944K)->2820K(2944K)
[503.800s][info][gc             ] GC(536) Pause Young (Allocation Failure) 860M->600M(887M) 5.140ms
[503.800s][info][gc,cpu         ] GC(536) User=0.01s Sys=0.01s Real=0.00s
[504.979s][info][gc,start       ] GC(537) Pause Young (Allocation Failure)
[504.984s][info][gc,heap        ] GC(537) PSYoungGen: 275263K(299520K)->1576K(301056K) Eden: 269305K(269312K)->0K(274944K) From: 5957K(30208K)->1576K(26112K)
[504.984s][info][gc,heap        ] GC(537) ParOldGen: 608944K(609280K)->609088K(609280K)
[504.984s][info][gc,metaspace   ] GC(537) Metaspace: 43072K(43456K)->43072K(43456K) NonClass: 40251K(40512K)->40251K(40512K) Class: 2820K(2944K)->2820K(2944K)
[504.984s][info][gc             ] GC(537) Pause Young (Allocation Failure) 863M->596M(889M) 5.036ms
[504.984s][info][gc,cpu         ] GC(537) User=0.01s Sys=0.00s Real=0.01s
[506.074s][info][gc,start       ] GC(538) Pause Young (Allocation Failure)
[506.098s][info][gc,heap        ] GC(538) PSYoungGen: 276520K(301056K)->22223K(302592K) Eden: 274944K(274944K)->0K(274944K) From: 1576K(26112K)->22223K(27648K)
[506.098s][info][gc,heap        ] GC(538) ParOldGen: 609088K(609280K)->609656K(609792K)
[506.098s][info][gc,metaspace   ] GC(538) Metaspace: 43078K(43456K)->43078K(43456K) NonClass: 40257K(40512K)->40257K(40512K) Class: 2820K(2944K)->2820K(2944K)
[506.098s][info][gc             ] GC(538) Pause Young (Allocation Failure) 864M->617M(891M) 23.846ms
[506.098s][info][gc,cpu         ] GC(538) User=0.04s Sys=0.01s Real=0.02s
[506.843s][info][gc,start       ] GC(539) Pause Young (Allocation Failure)
[506.918s][info][gc,heap        ] GC(539) PSYoungGen: 297167K(302592K)->31128K(290304K) Eden: 274944K(274944K)->0K(259072K) From: 22223K(27648K)->31128K(31232K)
[506.918s][info][gc,heap        ] GC(539) ParOldGen: 609656K(609792K)->631483K(631808K)
[506.918s][info][gc,metaspace   ] GC(539) Metaspace: 43078K(43456K)->43078K(43456K) NonClass: 40257K(40512K)->40257K(40512K) Class: 2820K(2944K)->2820K(2944K)
[506.918s][info][gc             ] GC(539) Pause Young (Allocation Failure) 885M->647M(900M) 75.256ms
[506.918s][info][gc,cpu         ] GC(539) User=0.11s Sys=0.04s Real=0.07s
[507.581s][info][gc,start       ] GC(540) Pause Young (Allocation Failure)
[507.656s][info][gc,heap        ] GC(540) PSYoungGen: 290200K(290304K)->28864K(288256K) Eden: 259072K(259072K)->0K(259072K) From: 31128K(31232K)->28864K(29184K)
[507.656s][info][gc,heap        ] GC(540) ParOldGen: 631483K(631808K)->661203K(661504K)
[507.656s][info][gc,metaspace   ] GC(540) Metaspace: 43078K(43456K)->43078K(43456K) NonClass: 40258K(40512K)->40258K(40512K) Class: 2820K(2944K)->2820K(2944K)
[507.656s][info][gc             ] GC(540) Pause Young (Allocation Failure) 900M->673M(927M) 75.094ms
[507.657s][info][gc,cpu         ] GC(540) User=0.13s Sys=0.03s Real=0.08s
[511.787s][info][gc,start       ] GC(541) Pause Full (Allocation Failure)
[511.787s][info][gc,phases,start] GC(541) Marking Phase
[511.837s][info][gc,phases      ] GC(541) Marking Phase 50.583ms
[511.837s][info][gc,phases,start] GC(541) Summary Phase
[511.837s][info][gc,phases      ] GC(541) Summary Phase 0.033ms
[511.837s][info][gc,phases,start] GC(541) Forward
[511.845s][info][gc,phases      ] GC(541) Forward 7.136ms
[511.845s][info][gc,phases,start] GC(541) Adjust Pointers
[511.873s][info][gc,phases      ] GC(541) Adjust Pointers 28.149ms
[511.873s][info][gc,phases,start] GC(541) Compaction Phase
[511.880s][info][gc,phases      ] GC(541) Compaction Phase 7.119ms
[511.880s][info][gc,phases,start] GC(541) Post Compact
[511.883s][info][gc,phases      ] GC(541) Post Compact 2.952ms
[511.928s][info][gc,heap        ] GC(541) PSYoungGen: 287935K(288256K)->0K(292864K) Eden: 259071K(259072K)->0K(251904K) From: 28864K(29184K)->0K(40960K)
[511.928s][info][gc,heap        ] GC(541) ParOldGen: 661203K(661504K)->50076K(176640K)
[511.928s][info][gc,metaspace   ] GC(541) Metaspace: 43080K(43456K)->43080K(43456K) NonClass: 40260K(40512K)->40260K(40512K) Class: 2820K(2944K)->2820K(2944K)
[511.928s][info][gc             ] GC(541) Pause Full (Allocation Failure) 926M->48M(458M) 141.447ms
[511.928s][info][gc,cpu         ] GC(541) User=0.14s Sys=0.04s Real=0.14s
[512.794s][info][gc,start       ] GC(542) Pause Young (Allocation Failure)
[512.809s][info][gc,heap        ] GC(542) PSYoungGen: 251904K(292864K)->14468K(266752K) Eden: 251904K(251904K)->0K(251904K) From: 0K(40960K)->14468K(14848K)
[512.809s][info][gc,heap        ] GC(542) ParOldGen: 50076K(176640K)->50076K(176640K)
[512.809s][info][gc,metaspace   ] GC(542) Metaspace: 43080K(43456K)->43080K(43456K) NonClass: 40260K(40512K)->40260K(40512K) Class: 2820K(2944K)->2820K(2944K)
[512.809s][info][gc             ] GC(542) Pause Young (Allocation Failure) 294M->63M(433M) 15.089ms
[512.809s][info][gc,cpu         ] GC(542) User=0.02s Sys=0.00s Real=0.01s
[513.537s][info][gc,start       ] GC(543) Pause Young (Allocation Failure)
[513.586s][info][gc,heap        ] GC(543) PSYoungGen: 266372K(266752K)->31244K(286720K) Eden: 251904K(251904K)->0K(247808K) From: 14468K(14848K)->31244K(38912K)
[513.586s][info][gc,heap        ] GC(543) ParOldGen: 50076K(176640K)->64161K(176640K)
[513.586s][info][gc,metaspace   ] GC(543) Metaspace: 43080K(43456K)->43080K(43456K) NonClass: 40260K(40512K)->40260K(40512K) Class: 2820K(2944K)->2820K(2944K)
[513.586s][info][gc             ] GC(543) Pause Young (Allocation Failure) 309M->93M(452M) 48.498ms
[513.586s][info][gc,cpu         ] GC(543) User=0.09s Sys=0.00s Real=0.05s
[514.294s][info][gc,start       ] GC(544) Pause Young (Allocation Failure)
[514.367s][info][gc,heap        ] GC(544) PSYoungGen: 279052K(286720K)->31352K(279552K) Eden: 247808K(247808K)->0K(247808K) From: 31244K(38912K)->31352K(31744K)
[514.367s][info][gc,heap        ] GC(544) ParOldGen: 64161K(176640K)->93881K(176640K)
[514.367s][info][gc,metaspace   ] GC(544) Metaspace: 43080K(43456K)->43080K(43456K) NonClass: 40260K(40512K)->40260K(40512K) Class: 2820K(2944K)->2820K(2944K)
[514.367s][info][gc             ] GC(544) Pause Young (Allocation Failure) 335M->122M(445M) 72.656ms
[514.367s][info][gc,cpu         ] GC(544) User=0.14s Sys=0.00s Real=0.07s
[516.004s][info][gc,start       ] GC(545) Pause Young (Allocation Failure)
[516.053s][info][gc,heap        ] GC(545) PSYoungGen: 279160K(279552K)->26513K(286208K) Eden: 247808K(247808K)->0K(239616K) From: 31352K(31744K)->26513K(46592K)
[516.053s][info][gc,heap        ] GC(545) ParOldGen: 93881K(176640K)->125266K(176640K)
[516.053s][info][gc,metaspace   ] GC(545) Metaspace: 43080K(43456K)->43080K(43456K) NonClass: 40260K(40512K)->40260K(40512K) Class: 2820K(2944K)->2820K(2944K)
[516.053s][info][gc             ] GC(545) Pause Young (Allocation Failure) 364M->148M(452M) 48.642ms
[516.053s][info][gc,cpu         ] GC(545) User=0.10s Sys=0.00s Real=0.05s
[517.225s][info][gc,start       ] GC(546) Pause Young (Allocation Failure)
[517.251s][info][gc,heap        ] GC(546) PSYoungGen: 266129K(286208K)->8909K(248832K) Eden: 239616K(239616K)->0K(239616K) From: 26513K(46592K)->8909K(9216K)
[517.251s][info][gc,heap        ] GC(546) ParOldGen: 125266K(176640K)->146973K(176640K)
[517.251s][info][gc,metaspace   ] GC(546) Metaspace: 43080K(43456K)->43080K(43456K) NonClass: 40260K(40512K)->40260K(40512K) Class: 2820K(2944K)->2820K(2944K)
[517.251s][info][gc             ] GC(546) Pause Young (Allocation Failure) 382M->152M(415M) 26.351ms
[517.251s][info][gc,cpu         ] GC(546) User=0.05s Sys=0.00s Real=0.02s
[518.739s][info][gc,start       ] GC(547) Pause Young (Allocation Failure)
[518.770s][info][gc,heap        ] GC(547) PSYoungGen: 248525K(248832K)->24681K(285696K) Eden: 239616K(239616K)->0K(240128K) From: 8909K(9216K)->24681K(45568K)
[518.770s][info][gc,heap        ] GC(547) ParOldGen: 146973K(176640K)->155936K(176640K)
[518.770s][info][gc,metaspace   ] GC(547) Metaspace: 43080K(43456K)->43080K(43456K) NonClass: 40260K(40512K)->40260K(40512K) Class: 2820K(2944K)->2820K(2944K)
[518.771s][info][gc             ] GC(547) Pause Young (Allocation Failure) 386M->176M(451M) 31.809ms
[518.771s][info][gc,cpu         ] GC(547) User=0.07s Sys=0.00s Real=0.03s
[520.207s][info][gc,start       ] GC(548) Pause Young (Allocation Failure)
[520.250s][info][gc,heap        ] GC(548) PSYoungGen: 264809K(285696K)->21345K(285696K) Eden: 240128K(240128K)->0K(240128K) From: 24681K(45568K)->21345K(45568K)
[520.250s][info][gc,heap        ] GC(548) ParOldGen: 155936K(176640K)->180569K(180736K)
[520.250s][info][gc,metaspace   ] GC(548) Metaspace: 43080K(43456K)->43080K(43456K) NonClass: 40260K(40512K)->40260K(40512K) Class: 2820K(2944K)->2820K(2944K)
[520.250s][info][gc             ] GC(548) Pause Young (Allocation Failure) 410M->197M(455M) 42.707ms
[520.250s][info][gc,cpu         ] GC(548) User=0.08s Sys=0.01s Real=0.04s
[521.668s][info][gc,start       ] GC(549) Pause Young (Allocation Failure)
[521.715s][info][gc,heap        ] GC(549) PSYoungGen: 261473K(285696K)->22121K(287232K) Eden: 240128K(240128K)->0K(243712K) From: 21345K(45568K)->22121K(43520K)
[521.715s][info][gc,heap        ] GC(549) ParOldGen: 180569K(180736K)->201934K(202240K)
[521.715s][info][gc,metaspace   ] GC(549) Metaspace: 43080K(43456K)->43080K(43456K) NonClass: 40260K(40512K)->40260K(40512K) Class: 2820K(2944K)->2820K(2944K)
[521.715s][info][gc             ] GC(549) Pause Young (Allocation Failure) 431M->218M(478M) 47.077ms
[521.715s][info][gc,cpu         ] GC(549) User=0.08s Sys=0.02s Real=0.05s
[522.339s][info][gc,start       ] GC(550) Pause Young (Allocation Failure)
[522.403s][info][gc,heap        ] GC(550) PSYoungGen: 265833K(287232K)->36214K(280064K) Eden: 243712K(243712K)->0K(243712K) From: 22121K(43520K)->36214K(36352K)
[522.403s][info][gc,heap        ] GC(550) ParOldGen: 201934K(202240K)->223481K(223744K)
[522.403s][info][gc,metaspace   ] GC(550) Metaspace: 43080K(43456K)->43080K(43456K) NonClass: 40260K(40512K)->40260K(40512K) Class: 2820K(2944K)->2820K(2944K)
[522.403s][info][gc             ] GC(550) Pause Young (Allocation Failure) 456M->253M(492M) 63.650ms
[522.403s][info][gc,cpu         ] GC(550) User=0.11s Sys=0.01s Real=0.07s
[523.023s][info][gc,start       ] GC(551) Pause Young (Allocation Failure)
[523.105s][info][gc,heap        ] GC(551) PSYoungGen: 279926K(280064K)->29688K(285184K) Eden: 243712K(243712K)->0K(237568K) From: 36214K(36352K)->29688K(47616K)
[523.106s][info][gc,heap        ] GC(551) ParOldGen: 223481K(223744K)->259049K(259072K)
[523.106s][info][gc,metaspace   ] GC(551) Metaspace: 43081K(43456K)->43081K(43456K) NonClass: 40260K(40512K)->40260K(40512K) Class: 2820K(2944K)->2820K(2944K)
[523.106s][info][gc             ] GC(551) Pause Young (Allocation Failure) 491M->281M(531M) 82.198ms
[523.106s][info][gc,cpu         ] GC(551) User=0.13s Sys=0.03s Real=0.08s
[523.753s][info][gc,start       ] GC(552) Pause Young (Allocation Failure)
[523.824s][info][gc,heap        ] GC(552) PSYoungGen: 267256K(285184K)->29744K(267776K) Eden: 237568K(237568K)->0K(237568K) From: 29688K(47616K)->29744K(30208K)
[523.824s][info][gc,heap        ] GC(552) ParOldGen: 259049K(259072K)->287049K(287232K)
[523.824s][info][gc,metaspace   ] GC(552) Metaspace: 43081K(43456K)->43081K(43456K) NonClass: 40260K(40512K)->40260K(40512K) Class: 2820K(2944K)->2820K(2944K)
[523.824s][info][gc             ] GC(552) Pause Young (Allocation Failure) 513M->309M(542M) 71.448ms
[523.824s][info][gc,cpu         ] GC(552) User=0.11s Sys=0.03s Real=0.07s
[525.603s][info][gc,start       ] GC(553) Pause Young (Allocation Failure)
[525.645s][info][gc,heap        ] GC(553) PSYoungGen: 267312K(267776K)->7576K(285184K) Eden: 237568K(237568K)->0K(236544K) From: 29744K(30208K)->7576K(48640K)
[525.645s][info][gc,heap        ] GC(553) ParOldGen: 287049K(287232K)->317026K(317440K)
[525.645s][info][gc,metaspace   ] GC(553) Metaspace: 43081K(43456K)->43081K(43456K) NonClass: 40260K(40512K)->40260K(40512K) Class: 2820K(2944K)->2820K(2944K)
[525.645s][info][gc             ] GC(553) Pause Young (Allocation Failure) 541M->316M(588M) 42.685ms
[525.645s][info][gc,cpu         ] GC(553) User=0.05s Sys=0.03s Real=0.04s
[527.058s][info][gc,start       ] GC(554) Pause Young (Allocation Failure)
[527.069s][info][gc,heap        ] GC(554) PSYoungGen: 244120K(285184K)->932K(237568K) Eden: 236544K(236544K)->0K(236544K) From: 7576K(48640K)->932K(1024K)
[527.069s][info][gc,heap        ] GC(554) ParOldGen: 317026K(317440K)->323768K(324096K)
[527.069s][info][gc,metaspace   ] GC(554) Metaspace: 43081K(43456K)->43081K(43456K) NonClass: 40260K(40512K)->40260K(40512K) Class: 2820K(2944K)->2820K(2944K)
[527.069s][info][gc             ] GC(554) Pause Young (Allocation Failure) 547M->317M(548M) 11.186ms
[527.069s][info][gc,cpu         ] GC(554) User=0.01s Sys=0.01s Real=0.01s
[528.483s][info][gc,start       ] GC(555) Pause Young (Allocation Failure)
[528.510s][info][gc,heap        ] GC(555) PSYoungGen: 237476K(237568K)->24898K(285184K) Eden: 236544K(236544K)->0K(236032K) From: 932K(1024K)->24898K(49152K)
[528.510s][info][gc,heap        ] GC(555) ParOldGen: 323768K(324096K)->324534K(324608K)
[528.510s][info][gc,metaspace   ] GC(555) Metaspace: 43081K(43456K)->43081K(43456K) NonClass: 40260K(40512K)->40260K(40512K) Class: 2820K(2944K)->2820K(2944K)
[528.510s][info][gc             ] GC(555) Pause Young (Allocation Failure) 548M->341M(595M) 26.837ms
[528.510s][info][gc,cpu         ] GC(555) User=0.05s Sys=0.00s Real=0.02s
[529.936s][info][gc,start       ] GC(556) Pause Young (Allocation Failure)
[529.990s][info][gc,heap        ] GC(556) PSYoungGen: 260930K(285184K)->22976K(259072K) Eden: 236032K(236032K)->0K(236032K) From: 24898K(49152K)->22976K(23040K)
[529.990s][info][gc,heap        ] GC(556) ParOldGen: 324534K(324608K)->349452K(349696K)
[529.990s][info][gc,metaspace   ] GC(556) Metaspace: 43081K(43456K)->43081K(43456K) NonClass: 40260K(40512K)->40260K(40512K) Class: 2820K(2944K)->2820K(2944K)
[529.990s][info][gc             ] GC(556) Pause Young (Allocation Failure) 571M->363M(594M) 54.029ms
[529.990s][info][gc,cpu         ] GC(556) User=0.09s Sys=0.02s Real=0.05s
[531.123s][info][gc,start       ] GC(557) Pause Young (Allocation Failure)
[531.170s][info][gc,heap        ] GC(557) PSYoungGen: 259008K(259072K)->19202K(285696K) Eden: 236032K(236032K)->0K(238592K) From: 22976K(23040K)->19202K(47104K)
[531.170s][info][gc,heap        ] GC(557) ParOldGen: 349452K(349696K)->372393K(372736K)
[531.170s][info][gc,metaspace   ] GC(557) Metaspace: 43082K(43456K)->43082K(43456K) NonClass: 40261K(40512K)->40261K(40512K) Class: 2820K(2944K)->2820K(2944K)
[531.170s][info][gc             ] GC(557) Pause Young (Allocation Failure) 594M->382M(643M) 46.829ms
[531.170s][info][gc,cpu         ] GC(557) User=0.08s Sys=0.01s Real=0.04s
[532.090s][info][gc,start       ] GC(558) Pause Young (Allocation Failure)
[532.121s][info][gc,heap        ] GC(558) PSYoungGen: 257794K(285696K)->12249K(283136K) Eden: 238592K(238592K)->0K(238592K) From: 19202K(47104K)->12249K(44544K)
[532.121s][info][gc,heap        ] GC(558) ParOldGen: 372393K(372736K)->389020K(389120K)
[532.121s][info][gc,metaspace   ] GC(558) Metaspace: 43082K(43456K)->43082K(43456K) NonClass: 40261K(40512K)->40261K(40512K) Class: 2820K(2944K)->2820K(2944K)
[532.121s][info][gc             ] GC(558) Pause Young (Allocation Failure) 615M->391M(656M) 30.986ms
[532.121s][info][gc,cpu         ] GC(558) User=0.05s Sys=0.01s Real=0.03s
[533.051s][info][gc,start       ] GC(559) Pause Young (Allocation Failure)
[533.071s][info][gc,heap        ] GC(559) PSYoungGen: 250841K(283136K)->20584K(286720K) Eden: 238592K(238592K)->0K(243712K) From: 12249K(44544K)->20584K(43008K)
[533.071s][info][gc,heap        ] GC(559) ParOldGen: 389020K(389120K)->389748K(390144K)
[533.071s][info][gc,metaspace   ] GC(559) Metaspace: 43112K(43520K)->43112K(43520K) NonClass: 40292K(40576K)->40292K(40576K) Class: 2820K(2944K)->2820K(2944K)
[533.071s][info][gc             ] GC(559) Pause Young (Allocation Failure) 624M->400M(661M) 20.173ms
[533.071s][info][gc,cpu         ] GC(559) User=0.04s Sys=0.00s Real=0.02s
[534.116s][info][gc,start       ] GC(560) Pause Young (Allocation Failure)
[534.121s][info][gc,heap        ] GC(560) PSYoungGen: 264296K(286720K)->1472K(285184K) Eden: 243712K(243712K)->0K(243712K) From: 20584K(43008K)->1472K(41472K)
[534.121s][info][gc,heap        ] GC(560) ParOldGen: 389748K(390144K)->390748K(391168K)
[534.121s][info][gc,metaspace   ] GC(560) Metaspace: 43112K(43520K)->43112K(43520K) NonClass: 40292K(40576K)->40292K(40576K) Class: 2820K(2944K)->2820K(2944K)
[534.121s][info][gc             ] GC(560) Pause Young (Allocation Failure) 638M->383M(660M) 4.955ms
[534.121s][info][gc,cpu         ] GC(560) User=0.01s Sys=0.00s Real=0.00s
[535.001s][info][gc,start       ] GC(561) Pause Young (Allocation Failure)
[535.008s][info][gc,heap        ] GC(561) PSYoungGen: 245184K(285184K)->5943K(291840K) Eden: 243712K(243712K)->0K(249856K) From: 1472K(41472K)->5943K(41984K)
[535.009s][info][gc,heap        ] GC(561) ParOldGen: 390748K(391168K)->392052K(392192K)
[535.009s][info][gc,metaspace   ] GC(561) Metaspace: 43112K(43520K)->43112K(43520K) NonClass: 40292K(40576K)->40292K(40576K) Class: 2820K(2944K)->2820K(2944K)
[535.009s][info][gc             ] GC(561) Pause Young (Allocation Failure) 621M->388M(668M) 7.405ms
[535.009s][info][gc,cpu         ] GC(561) User=0.02s Sys=0.00s Real=0.01s
[535.910s][info][gc,start       ] GC(562) Pause Young (Allocation Failure)
[535.936s][info][gc,heap        ] GC(562) PSYoungGen: 255799K(291840K)->27737K(278016K) Eden: 249856K(249856K)->0K(249856K) From: 5943K(41984K)->27737K(28160K)
[535.936s][info][gc,heap        ] GC(562) ParOldGen: 392052K(392192K)->393172K(393216K)
[535.936s][info][gc,metaspace   ] GC(562) Metaspace: 43112K(43520K)->43112K(43520K) NonClass: 40292K(40576K)->40292K(40576K) Class: 2820K(2944K)->2820K(2944K)
[535.936s][info][gc             ] GC(562) Pause Young (Allocation Failure) 632M->411M(655M) 25.511ms
[535.936s][info][gc,cpu         ] GC(562) User=0.04s Sys=0.00s Real=0.03s
[537.108s][info][gc,start       ] GC(563) Pause Young (Allocation Failure)
[537.120s][info][gc,heap        ] GC(563) PSYoungGen: 277593K(278016K)->10824K(291840K) Eden: 249856K(249856K)->0K(248320K) From: 27737K(28160K)->10824K(43520K)
[537.120s][info][gc,heap        ] GC(563) ParOldGen: 393172K(393216K)->394012K(394240K)
[537.120s][info][gc,metaspace   ] GC(563) Metaspace: 43112K(43520K)->43112K(43520K) NonClass: 40292K(40576K)->40292K(40576K) Class: 2820K(2944K)->2820K(2944K)
[537.120s][info][gc             ] GC(563) Pause Young (Allocation Failure) 655M->395M(670M) 11.851ms
[537.120s][info][gc,cpu         ] GC(563) User=0.02s Sys=0.00s Real=0.01s
[538.083s][info][gc,start       ] GC(564) Pause Young (Allocation Failure)
[538.109s][info][gc,heap        ] GC(564) PSYoungGen: 259144K(291840K)->4420K(252928K) Eden: 248320K(248320K)->0K(248320K) From: 10824K(43520K)->4420K(4608K)
[538.109s][info][gc,heap        ] GC(564) ParOldGen: 394012K(394240K)->395076K(395264K)
[538.109s][info][gc,metaspace   ] GC(564) Metaspace: 43112K(43520K)->43112K(43520K) NonClass: 40292K(40576K)->40292K(40576K) Class: 2820K(2944K)->2820K(2944K)
[538.109s][info][gc             ] GC(564) Pause Young (Allocation Failure) 637M->390M(633M) 26.071ms
[538.109s][info][gc,cpu         ] GC(564) User=0.03s Sys=0.00s Real=0.02s
[539.028s][info][gc,start       ] GC(565) Pause Young (Allocation Failure)
[539.033s][info][gc,heap        ] GC(565) PSYoungGen: 252740K(252928K)->4223K(290304K) Eden: 248320K(248320K)->0K(248832K) From: 4420K(4608K)->4223K(41472K)
[539.033s][info][gc,heap        ] GC(565) ParOldGen: 395076K(395264K)->396180K(396288K)
[539.033s][info][gc,metaspace   ] GC(565) Metaspace: 43112K(43520K)->43112K(43520K) NonClass: 40292K(40576K)->40292K(40576K) Class: 2820K(2944K)->2820K(2944K)
[539.033s][info][gc             ] GC(565) Pause Young (Allocation Failure) 632M->391M(670M) 5.137ms
[539.033s][info][gc,cpu         ] GC(565) User=0.01s Sys=0.00s Real=0.01s
[539.880s][info][gc,start       ] GC(566) Pause Young (Allocation Failure)
[539.885s][info][gc,heap        ] GC(566) PSYoungGen: 253055K(290304K)->4086K(289792K) Eden: 248832K(248832K)->0K(248832K) From: 4223K(41472K)->4086K(40960K)
[539.885s][info][gc,heap        ] GC(566) ParOldGen: 396180K(396288K)->397236K(397312K)
[539.885s][info][gc,metaspace   ] GC(566) Metaspace: 43112K(43520K)->43112K(43520K) NonClass: 40292K(40576K)->40292K(40576K) Class: 2820K(2944K)->2820K(2944K)
[539.885s][info][gc             ] GC(566) Pause Young (Allocation Failure) 634M->391M(671M) 5.001ms
[539.885s][info][gc,cpu         ] GC(566) User=0.01s Sys=0.00s Real=0.01s
[540.862s][info][gc,start       ] GC(567) Pause Young (Allocation Failure)
[540.894s][info][gc,heap        ] GC(567) PSYoungGen: 252918K(289792K)->28088K(288768K) Eden: 248832K(248832K)->0K(248832K) From: 4086K(40960K)->28088K(39936K)
[540.895s][info][gc,heap        ] GC(567) ParOldGen: 397236K(397312K)->398244K(398336K)
[540.895s][info][gc,metaspace   ] GC(567) Metaspace: 43112K(43520K)->43112K(43520K) NonClass: 40292K(40576K)->40292K(40576K) Class: 2820K(2944K)->2820K(2944K)
[540.895s][info][gc             ] GC(567) Pause Young (Allocation Failure) 634M->416M(671M) 32.819ms
[540.895s][info][gc,cpu         ] GC(567) User=0.06s Sys=0.00s Real=0.04s
[541.996s][info][gc,start       ] GC(568) Pause Young (Allocation Failure)
[542.051s][info][gc,heap        ] GC(568) PSYoungGen: 276920K(288768K)->26240K(275456K) Eden: 248832K(248832K)->0K(248832K) From: 28088K(39936K)->26240K(26624K)
[542.051s][info][gc,heap        ] GC(568) ParOldGen: 398244K(398336K)->416864K(417280K)
[542.051s][info][gc,metaspace   ] GC(568) Metaspace: 43112K(43520K)->43112K(43520K) NonClass: 40292K(40576K)->40292K(40576K) Class: 2820K(2944K)->2820K(2944K)
[542.051s][info][gc             ] GC(568) Pause Young (Allocation Failure) 659M->432M(676M) 54.872ms
[542.051s][info][gc,cpu         ] GC(568) User=0.09s Sys=0.02s Real=0.05s
[543.249s][info][gc,start       ] GC(569) Pause Young (Allocation Failure)
[543.358s][info][gc,heap        ] GC(569) PSYoungGen: 275072K(275456K)->44009K(246784K) Eden: 248832K(248832K)->0K(202752K) From: 26240K(26624K)->44009K(44032K)
[543.358s][info][gc,heap        ] GC(569) ParOldGen: 416864K(417280K)->453643K(454144K)
[543.358s][info][gc,metaspace   ] GC(569) Metaspace: 43112K(43520K)->43112K(43520K) NonClass: 40292K(40576K)->40292K(40576K) Class: 2820K(2944K)->2820K(2944K)
[543.358s][info][gc             ] GC(569) Pause Young (Allocation Failure) 675M->485M(684M) 108.680ms
[543.358s][info][gc,cpu         ] GC(569) User=0.17s Sys=0.04s Real=0.11s
[544.082s][info][gc,start       ] GC(570) Pause Young (Allocation Failure)
[544.155s][info][gc,heap        ] GC(570) PSYoungGen: 246761K(246784K)->7232K(268288K) Eden: 202752K(202752K)->0K(202752K) From: 44009K(44032K)->7232K(65536K)
[544.155s][info][gc,heap        ] GC(570) ParOldGen: 453643K(454144K)->495015K(495104K)
[544.155s][info][gc,metaspace   ] GC(570) Metaspace: 43112K(43520K)->43112K(43520K) NonClass: 40292K(40576K)->40292K(40576K) Class: 2820K(2944K)->2820K(2944K)
[544.155s][info][gc             ] GC(570) Pause Young (Allocation Failure) 683M->490M(745M) 73.241ms
[544.155s][info][gc,cpu         ] GC(570) User=0.12s Sys=0.03s Real=0.08s
[544.783s][info][gc,start       ] GC(571) Pause Young (Allocation Failure)
[544.821s][info][gc,heap        ] GC(571) PSYoungGen: 209984K(268288K)->31085K(265216K) Eden: 202752K(202752K)->0K(204800K) From: 7232K(65536K)->31085K(60416K)
[544.821s][info][gc,heap        ] GC(571) ParOldGen: 495015K(495104K)->499936K(500224K)
[544.821s][info][gc,metaspace   ] GC(571) Metaspace: 43112K(43520K)->43112K(43520K) NonClass: 40292K(40576K)->40292K(40576K) Class: 2820K(2944K)->2820K(2944K)
[544.821s][info][gc             ] GC(571) Pause Young (Allocation Failure) 688M->518M(747M) 37.384ms
[544.821s][info][gc,cpu         ] GC(571) User=0.07s Sys=0.01s Real=0.03s
[545.533s][info][gc,start       ] GC(572) Pause Young (Allocation Failure)
[545.570s][info][gc,heap        ] GC(572) PSYoungGen: 235885K(265216K)->29453K(267776K) Eden: 204800K(204800K)->0K(204800K) From: 31085K(60416K)->29453K(62976K)
[545.570s][info][gc,heap        ] GC(572) ParOldGen: 499936K(500224K)->509949K(509952K)
[545.570s][info][gc,metaspace   ] GC(572) Metaspace: 43112K(43520K)->43112K(43520K) NonClass: 40292K(40576K)->40292K(40576K) Class: 2820K(2944K)->2820K(2944K)
[545.570s][info][gc             ] GC(572) Pause Young (Allocation Failure) 718M->526M(759M) 37.691ms
[545.570s][info][gc,cpu         ] GC(572) User=0.07s Sys=0.01s Real=0.03s
[546.283s][info][gc,start       ] GC(573) Pause Young (Allocation Failure)
[546.319s][info][gc,heap        ] GC(573) PSYoungGen: 234253K(267776K)->41077K(265728K) Eden: 204800K(204800K)->0K(203776K) From: 29453K(62976K)->41077K(61952K)
[546.319s][info][gc,heap        ] GC(573) ParOldGen: 509949K(509952K)->510439K(510464K)
[546.319s][info][gc,metaspace   ] GC(573) Metaspace: 43112K(43520K)->43112K(43520K) NonClass: 40292K(40576K)->40292K(40576K) Class: 2820K(2944K)->2820K(2944K)
[546.319s][info][gc             ] GC(573) Pause Young (Allocation Failure) 726M->538M(758M) 36.328ms
[546.319s][info][gc,cpu         ] GC(573) User=0.07s Sys=0.00s Real=0.03s
[547.101s][info][gc,start       ] GC(574) Pause Young (Allocation Failure)
[547.120s][info][gc,heap        ] GC(574) PSYoungGen: 244853K(265728K)->25022K(228864K) Eden: 203776K(203776K)->0K(203776K) From: 41077K(61952K)->25022K(25088K)
[547.120s][info][gc,heap        ] GC(574) ParOldGen: 510439K(510464K)->511286K(511488K)
[547.120s][info][gc,metaspace   ] GC(574) Metaspace: 43112K(43520K)->43112K(43520K) NonClass: 40292K(40576K)->40292K(40576K) Class: 2820K(2944K)->2820K(2944K)
[547.120s][info][gc             ] GC(574) Pause Young (Allocation Failure) 737M->523M(723M) 19.220ms
[547.120s][info][gc,cpu         ] GC(574) User=0.03s Sys=0.00s Real=0.02s
[547.832s][info][gc,start       ] GC(575) Pause Young (Allocation Failure)
[547.874s][info][gc,heap        ] GC(575) PSYoungGen: 228798K(228864K)->60927K(250368K) Eden: 203776K(203776K)->0K(189440K) From: 25022K(25088K)->60927K(60928K)
[547.874s][info][gc,heap        ] GC(575) ParOldGen: 511286K(511488K)->514494K(514560K)
[547.874s][info][gc,metaspace   ] GC(575) Metaspace: 43112K(43520K)->43112K(43520K) NonClass: 40292K(40576K)->40292K(40576K) Class: 2820K(2944K)->2820K(2944K)
[547.875s][info][gc             ] GC(575) Pause Young (Allocation Failure) 722M->561M(747M) 42.159ms
[547.875s][info][gc,cpu         ] GC(575) User=0.08s Sys=0.00s Real=0.05s
[548.609s][info][gc,start       ] GC(576) Pause Young (Allocation Failure)
[548.716s][info][gc,heap        ] GC(576) PSYoungGen: 250367K(250368K)->72184K(261632K) Eden: 189440K(189440K)->0K(189440K) From: 60927K(60928K)->72184K(72192K)
[548.716s][info][gc,heap        ] GC(576) ParOldGen: 514494K(514560K)->570668K(570880K)
[548.717s][info][gc,metaspace   ] GC(576) Metaspace: 43112K(43520K)->43112K(43520K) NonClass: 40292K(40576K)->40292K(40576K) Class: 2820K(2944K)->2820K(2944K)
[548.717s][info][gc             ] GC(576) Pause Young (Allocation Failure) 746M->627M(813M) 107.737ms
[548.717s][info][gc,cpu         ] GC(576) User=0.18s Sys=0.04s Real=0.11s
[549.385s][info][gc,start       ] GC(577) Pause Young (Allocation Failure)
[549.534s][info][gc,heap        ] GC(577) PSYoungGen: 261624K(261632K)->72163K(183808K) Eden: 189440K(189440K)->0K(111616K) From: 72184K(72192K)->72163K(72192K)
[549.534s][info][gc,heap        ] GC(577) ParOldGen: 570668K(570880K)->665036K(665088K)
[549.534s][info][gc,metaspace   ] GC(577) Metaspace: 43112K(43520K)->43112K(43520K) NonClass: 40292K(40576K)->40292K(40576K) Class: 2820K(2944K)->2820K(2944K)
[549.534s][info][gc             ] GC(577) Pause Young (Allocation Failure) 812M->719M(829M) 148.585ms
[549.534s][info][gc,cpu         ] GC(577) User=0.22s Sys=0.07s Real=0.15s
[549.912s][info][gc,start       ] GC(578) Pause Full (Allocation Failure)
[549.912s][info][gc,phases,start] GC(578) Marking Phase
[549.993s][info][gc,phases      ] GC(578) Marking Phase 81.099ms
[549.993s][info][gc,phases,start] GC(578) Summary Phase
[549.993s][info][gc,phases      ] GC(578) Summary Phase 0.047ms
[549.993s][info][gc,phases,start] GC(578) Forward
[550.007s][info][gc,phases      ] GC(578) Forward 13.625ms
[550.007s][info][gc,phases,start] GC(578) Adjust Pointers
[550.054s][info][gc,phases      ] GC(578) Adjust Pointers 46.652ms
[550.054s][info][gc,phases,start] GC(578) Compaction Phase
[550.077s][info][gc,phases      ] GC(578) Compaction Phase 22.893ms
[550.077s][info][gc,phases,start] GC(578) Post Compact
[550.080s][info][gc,phases      ] GC(578) Post Compact 3.015ms
[550.111s][info][gc,heap        ] GC(578) PSYoungGen: 183779K(183808K)->0K(222720K) Eden: 111616K(111616K)->0K(111616K) From: 72163K(72192K)->0K(111104K)
[550.111s][info][gc,heap        ] GC(578) ParOldGen: 665036K(665088K)->95472K(274432K)
[550.111s][info][gc,metaspace   ] GC(578) Metaspace: 43112K(43520K)->43112K(43520K) NonClass: 40292K(40576K)->40292K(40576K) Class: 2820K(2944K)->2820K(2944K)
[550.112s][info][gc             ] GC(578) Pause Full (Allocation Failure) 828M->93M(485M) 199.629ms
[550.112s][info][gc,cpu         ] GC(578) User=0.28s Sys=0.03s Real=0.20s
[550.497s][info][gc,start       ] GC(579) Pause Young (Allocation Failure)
[550.506s][info][gc,heap        ] GC(579) PSYoungGen: 111616K(222720K)->8009K(222720K) Eden: 111616K(111616K)->0K(111616K) From: 0K(111104K)->8009K(111104K)
[550.506s][info][gc,heap        ] GC(579) ParOldGen: 95472K(274432K)->95472K(274432K)
[550.506s][info][gc,metaspace   ] GC(579) Metaspace: 43112K(43520K)->43112K(43520K) NonClass: 40292K(40576K)->40292K(40576K) Class: 2820K(2944K)->2820K(2944K)
[550.506s][info][gc             ] GC(579) Pause Young (Allocation Failure) 202M->101M(485M) 8.317ms
[550.506s][info][gc,cpu         ] GC(579) User=0.02s Sys=0.00s Real=0.01s
[550.916s][info][gc,start       ] GC(580) Pause Young (Allocation Failure)
[550.926s][info][gc,heap        ] GC(580) PSYoungGen: 119625K(222720K)->4473K(222720K) Eden: 111616K(111616K)->0K(111616K) From: 8009K(111104K)->4473K(111104K)
[550.926s][info][gc,heap        ] GC(580) ParOldGen: 95472K(274432K)->98942K(274432K)
[550.926s][info][gc,metaspace   ] GC(580) Metaspace: 43112K(43520K)->43112K(43520K) NonClass: 40292K(40576K)->40292K(40576K) Class: 2820K(2944K)->2820K(2944K)
[550.926s][info][gc             ] GC(580) Pause Young (Allocation Failure) 210M->100M(485M) 10.169ms
[550.926s][info][gc,cpu         ] GC(580) User=0.02s Sys=0.00s Real=0.01s
[551.308s][info][gc,start       ] GC(581) Pause Young (Allocation Failure)
[551.334s][info][gc,heap        ] GC(581) PSYoungGen: 116089K(222720K)->30796K(222720K) Eden: 111616K(111616K)->0K(111616K) From: 4473K(111104K)->30796K(111104K)
[551.334s][info][gc,heap        ] GC(581) ParOldGen: 98942K(274432K)->99307K(274432K)
[551.334s][info][gc,metaspace   ] GC(581) Metaspace: 43112K(43520K)->43112K(43520K) NonClass: 40292K(40576K)->40292K(40576K) Class: 2820K(2944K)->2820K(2944K)
[551.334s][info][gc             ] GC(581) Pause Young (Allocation Failure) 209M->127M(485M) 25.980ms
[551.334s][info][gc,cpu         ] GC(581) User=0.05s Sys=0.00s Real=0.03s
[551.722s][info][gc,start       ] GC(582) Pause Young (Allocation Failure)
[551.727s][info][gc,heap        ] GC(582) PSYoungGen: 142412K(222720K)->2716K(222720K) Eden: 111616K(111616K)->0K(111616K) From: 30796K(111104K)->2716K(111104K)
[551.727s][info][gc,heap        ] GC(582) ParOldGen: 99307K(274432K)->99940K(274432K)
[551.727s][info][gc,metaspace   ] GC(582) Metaspace: 43112K(43520K)->43112K(43520K) NonClass: 40292K(40576K)->40292K(40576K) Class: 2820K(2944K)->2820K(2944K)
[551.727s][info][gc             ] GC(582) Pause Young (Allocation Failure) 236M->100M(485M) 4.429ms
[551.727s][info][gc,cpu         ] GC(582) User=0.01s Sys=0.00s Real=0.01s
[552.078s][info][gc,start       ] GC(583) Pause Young (Allocation Failure)
[552.081s][info][gc,heap        ] GC(583) PSYoungGen: 114332K(222720K)->1392K(222720K) Eden: 111616K(111616K)->0K(111616K) From: 2716K(111104K)->1392K(111104K)
[552.081s][info][gc,heap        ] GC(583) ParOldGen: 99940K(274432K)->100575K(274432K)
[552.081s][info][gc,metaspace   ] GC(583) Metaspace: 43112K(43520K)->43112K(43520K) NonClass: 40292K(40576K)->40292K(40576K) Class: 2820K(2944K)->2820K(2944K)
[552.081s][info][gc             ] GC(583) Pause Young (Allocation Failure) 209M->99M(485M) 3.060ms
[552.081s][info][gc,cpu         ] GC(583) User=0.01s Sys=0.00s Real=0.00s
[552.460s][info][gc,start       ] GC(584) Pause Young (Allocation Failure)
[552.478s][info][gc,heap        ] GC(584) PSYoungGen: 113008K(222720K)->31897K(222720K) Eden: 111616K(111616K)->0K(111616K) From: 1392K(111104K)->31897K(111104K)
[552.478s][info][gc,heap        ] GC(584) ParOldGen: 100575K(274432K)->100816K(274432K)
[552.478s][info][gc,metaspace   ] GC(584) Metaspace: 43112K(43520K)->43112K(43520K) NonClass: 40292K(40576K)->40292K(40576K) Class: 2820K(2944K)->2820K(2944K)
[552.478s][info][gc             ] GC(584) Pause Young (Allocation Failure) 208M->129M(485M) 18.743ms
[552.479s][info][gc,cpu         ] GC(584) User=0.04s Sys=0.00s Real=0.02s
[552.857s][info][gc,start       ] GC(585) Pause Young (Allocation Failure)
[552.868s][info][gc,heap        ] GC(585) PSYoungGen: 143513K(222720K)->16808K(222720K) Eden: 111616K(111616K)->0K(111616K) From: 31897K(111104K)->16808K(111104K)
[552.868s][info][gc,heap        ] GC(585) ParOldGen: 100816K(274432K)->101066K(274432K)
[552.868s][info][gc,metaspace   ] GC(585) Metaspace: 43112K(43520K)->43112K(43520K) NonClass: 40292K(40576K)->40292K(40576K) Class: 2820K(2944K)->2820K(2944K)
[552.868s][info][gc             ] GC(585) Pause Young (Allocation Failure) 238M->115M(485M) 10.926ms
[552.868s][info][gc,cpu         ] GC(585) User=0.03s Sys=0.00s Real=0.01s
[553.236s][info][gc,start       ] GC(586) Pause Young (Allocation Failure)
[553.250s][info][gc,heap        ] GC(586) PSYoungGen: 128424K(222720K)->20320K(132096K) Eden: 111616K(111616K)->0K(111616K) From: 16808K(111104K)->20320K(20480K)
[553.250s][info][gc,heap        ] GC(586) ParOldGen: 101066K(274432K)->101920K(274432K)
[553.250s][info][gc,metaspace   ] GC(586) Metaspace: 43112K(43520K)->43112K(43520K) NonClass: 40292K(40576K)->40292K(40576K) Class: 2820K(2944K)->2820K(2944K)
[553.250s][info][gc             ] GC(586) Pause Young (Allocation Failure) 224M->119M(397M) 14.007ms
[553.250s][info][gc,cpu         ] GC(586) User=0.02s Sys=0.00s Real=0.01s
[553.601s][info][gc,start       ] GC(587) Pause Young (Allocation Failure)
[553.629s][info][gc,heap        ] GC(587) PSYoungGen: 131936K(132096K)->31744K(225792K) Eden: 111616K(111616K)->0K(118784K) From: 20320K(20480K)->31744K(107008K)
[553.629s][info][gc,heap        ] GC(587) ParOldGen: 101920K(274432K)->113016K(274432K)
[553.629s][info][gc,metaspace   ] GC(587) Metaspace: 43112K(43520K)->43112K(43520K) NonClass: 40292K(40576K)->40292K(40576K) Class: 2820K(2944K)->2820K(2944K)
[553.629s][info][gc             ] GC(587) Pause Young (Allocation Failure) 228M->141M(488M) 28.068ms
[553.629s][info][gc,cpu         ] GC(587) User=0.06s Sys=0.00s Real=0.03s
[553.958s][info][gc,start       ] GC(588) Pause Young (Allocation Failure)
[553.984s][info][gc,heap        ] GC(588) PSYoungGen: 150528K(225792K)->15668K(218624K) Eden: 118784K(118784K)->0K(118784K) From: 31744K(107008K)->15668K(99840K)
[553.984s][info][gc,heap        ] GC(588) ParOldGen: 113016K(274432K)->140303K(274432K)
[553.984s][info][gc,metaspace   ] GC(588) Metaspace: 43112K(43520K)->43112K(43520K) NonClass: 40292K(40576K)->40292K(40576K) Class: 2820K(2944K)->2820K(2944K)
[553.984s][info][gc             ] GC(588) Pause Young (Allocation Failure) 257M->152M(481M) 26.096ms
[553.984s][info][gc,cpu         ] GC(588) User=0.05s Sys=0.00s Real=0.03s
[554.342s][info][gc,start       ] GC(589) Pause Young (Allocation Failure)
[554.351s][info][gc,heap        ] GC(589) PSYoungGen: 134452K(218624K)->1305K(223744K) Eden: 118784K(118784K)->0K(128512K) From: 15668K(99840K)->1305K(95232K)
[554.351s][info][gc,heap        ] GC(589) ParOldGen: 140303K(274432K)->154661K(274432K)
[554.351s][info][gc,metaspace   ] GC(589) Metaspace: 43112K(43520K)->43112K(43520K) NonClass: 40292K(40576K)->40292K(40576K) Class: 2820K(2944K)->2820K(2944K)
[554.351s][info][gc             ] GC(589) Pause Young (Allocation Failure) 268M->152M(486M) 9.003ms
[554.351s][info][gc,cpu         ] GC(589) User=0.02s Sys=0.00s Real=0.01s
[554.748s][info][gc,start       ] GC(590) Pause Young (Allocation Failure)
[554.751s][info][gc,heap        ] GC(590) PSYoungGen: 129817K(223744K)->3536K(222208K) Eden: 128512K(128512K)->0K(128512K) From: 1305K(95232K)->3536K(93696K)
[554.751s][info][gc,heap        ] GC(590) ParOldGen: 154661K(274432K)->154734K(274432K)
[554.751s][info][gc,metaspace   ] GC(590) Metaspace: 43112K(43520K)->43112K(43520K) NonClass: 40292K(40576K)->40292K(40576K) Class: 2820K(2944K)->2820K(2944K)
[554.751s][info][gc             ] GC(590) Pause Young (Allocation Failure) 277M->154M(485M) 3.111ms
[554.751s][info][gc,cpu         ] GC(590) User=0.00s Sys=0.00s Real=0.00s
[555.102s][info][gc,start       ] GC(591) Pause Young (Allocation Failure)
[555.104s][info][gc,heap        ] GC(591) PSYoungGen: 132048K(222208K)->715K(237056K) Eden: 128512K(128512K)->0K(147968K) From: 3536K(93696K)->715K(89088K)
[555.104s][info][gc,heap        ] GC(591) ParOldGen: 154734K(274432K)->155165K(274432K)
[555.104s][info][gc,metaspace   ] GC(591) Metaspace: 43112K(43520K)->43112K(43520K) NonClass: 40292K(40576K)->40292K(40576K) Class: 2820K(2944K)->2820K(2944K)
[555.104s][info][gc             ] GC(591) Pause Young (Allocation Failure) 280M->152M(499M) 1.993ms
[555.104s][info][gc,cpu         ] GC(591) User=0.00s Sys=0.00s Real=0.01s
[555.427s][info][gc,start       ] GC(592) Pause Young (Allocation Failure)
[555.431s][info][gc,heap        ] GC(592) PSYoungGen: 148683K(237056K)->4278K(236032K) Eden: 147968K(147968K)->0K(147968K) From: 715K(89088K)->4278K(88064K)
[555.431s][info][gc,heap        ] GC(592) ParOldGen: 155165K(274432K)->155517K(274432K)
[555.431s][info][gc,metaspace   ] GC(592) Metaspace: 43112K(43520K)->43112K(43520K) NonClass: 40292K(40576K)->40292K(40576K) Class: 2820K(2944K)->2820K(2944K)
[555.431s][info][gc             ] GC(592) Pause Young (Allocation Failure) 296M->156M(498M) 4.478ms
[555.431s][info][gc,cpu         ] GC(592) User=0.00s Sys=0.00s Real=0.00s
[555.667s][info][gc,start       ] GC(593) Pause Young (Allocation Failure)
[555.671s][info][gc,heap        ] GC(593) PSYoungGen: 152246K(236032K)->3086K(242688K) Eden: 147968K(147968K)->0K(159744K) From: 4278K(88064K)->3086K(82944K)
[555.671s][info][gc,heap        ] GC(593) ParOldGen: 155517K(274432K)->157267K(274432K)
[555.671s][info][gc,metaspace   ] GC(593) Metaspace: 43112K(43520K)->43112K(43520K) NonClass: 40292K(40576K)->40292K(40576K) Class: 2820K(2944K)->2820K(2944K)
[555.671s][info][gc             ] GC(593) Pause Young (Allocation Failure) 300M->156M(505M) 4.092ms
[555.671s][info][gc,cpu         ] GC(593) User=0.01s Sys=0.00s Real=0.00s
[555.923s][info][gc,start       ] GC(594) Pause Young (Allocation Failure)
[555.926s][info][gc,heap        ] GC(594) PSYoungGen: 162830K(242688K)->1678K(241152K) Eden: 159744K(159744K)->0K(159744K) From: 3086K(82944K)->1678K(81408K)
[555.926s][info][gc,heap        ] GC(594) ParOldGen: 157267K(274432K)->157331K(274432K)
[555.926s][info][gc,metaspace   ] GC(594) Metaspace: 43112K(43520K)->43112K(43520K) NonClass: 40292K(40576K)->40292K(40576K) Class: 2820K(2944K)->2820K(2944K)
[555.926s][info][gc             ] GC(594) Pause Young (Allocation Failure) 312M->155M(503M) 2.773ms
[555.926s][info][gc,cpu         ] GC(594) User=0.01s Sys=0.00s Real=0.00s
[556.223s][info][gc,start       ] GC(595) Pause Young (Allocation Failure)
[556.231s][info][gc,heap        ] GC(595) PSYoungGen: 161422K(241152K)->10536K(247296K) Eden: 159744K(159744K)->0K(174592K) From: 1678K(81408K)->10536K(72704K)
[556.231s][info][gc,heap        ] GC(595) ParOldGen: 157331K(274432K)->157592K(274432K)
[556.231s][info][gc,metaspace   ] GC(595) Metaspace: 43112K(43520K)->43112K(43520K) NonClass: 40292K(40576K)->40292K(40576K) Class: 2820K(2944K)->2820K(2944K)
[556.231s][info][gc             ] GC(595) Pause Young (Allocation Failure) 311M->164M(509M) 8.432ms
[556.231s][info][gc,cpu         ] GC(595) User=0.02s Sys=0.00s Real=0.00s
[556.446s][info][gc,start       ] GC(596) Pause Young (Allocation Failure)
[556.454s][info][gc,heap        ] GC(596) PSYoungGen: 184374K(247296K)->1184K(247296K) Eden: 173838K(174592K)->0K(174592K) From: 10536K(72704K)->1184K(72704K)
[556.454s][info][gc,heap        ] GC(596) ParOldGen: 157592K(274432K)->167919K(274432K)
[556.454s][info][gc,metaspace   ] GC(596) Metaspace: 43112K(43520K)->43112K(43520K) NonClass: 40292K(40576K)->40292K(40576K) Class: 2820K(2944K)->2820K(2944K)
[556.455s][info][gc             ] GC(596) Pause Young (Allocation Failure) 333M->165M(509M) 8.367ms
[556.455s][info][gc,cpu         ] GC(596) User=0.02s Sys=0.00s Real=0.01s
[556.678s][info][gc,start       ] GC(597) Pause Young (Allocation Failure)
[556.682s][info][gc,heap        ] GC(597) PSYoungGen: 175776K(247296K)->1173K(258048K) Eden: 174592K(174592K)->0K(191488K) From: 1184K(72704K)->1173K(66560K)
[556.682s][info][gc,heap        ] GC(597) ParOldGen: 167919K(274432K)->169058K(274432K)
[556.682s][info][gc,metaspace   ] GC(597) Metaspace: 43112K(43520K)->43112K(43520K) NonClass: 40292K(40576K)->40292K(40576K) Class: 2820K(2944K)->2820K(2944K)
[556.682s][info][gc             ] GC(597) Pause Young (Allocation Failure) 335M->166M(520M) 4.037ms
[556.682s][info][gc,cpu         ] GC(597) User=0.00s Sys=0.00s Real=0.00s
[556.932s][info][gc,start       ] GC(598) Pause Young (Allocation Failure)
[556.938s][info][gc,heap        ] GC(598) PSYoungGen: 191028K(258048K)->3284K(258048K) Eden: 189855K(191488K)->0K(191488K) From: 1173K(66560K)->3284K(66560K)
[556.938s][info][gc,heap        ] GC(598) ParOldGen: 169058K(274432K)->170171K(274432K)
[556.938s][info][gc,metaspace   ] GC(598) Metaspace: 43112K(43520K)->43112K(43520K) NonClass: 40292K(40576K)->40292K(40576K) Class: 2820K(2944K)->2820K(2944K)
[556.938s][info][gc             ] GC(598) Pause Young (Allocation Failure) 351M->169M(520M) 5.963ms
[556.938s][info][gc,cpu         ] GC(598) User=0.02s Sys=0.00s Real=0.01s
[557.185s][info][gc,start       ] GC(599) Pause Young (Allocation Failure)
[557.193s][info][gc,heap        ] GC(599) PSYoungGen: 193141K(258048K)->2921K(263680K) Eden: 189857K(191488K)->0K(204288K) From: 3284K(66560K)->2921K(59392K)
[557.193s][info][gc,heap        ] GC(599) ParOldGen: 170171K(274432K)->173431K(274432K)
[557.193s][info][gc,metaspace   ] GC(599) Metaspace: 43112K(43520K)->43112K(43520K) NonClass: 40292K(40576K)->40292K(40576K) Class: 2820K(2944K)->2820K(2944K)
[557.193s][info][gc             ] GC(599) Pause Young (Allocation Failure) 354M->172M(525M) 7.566ms
[557.193s][info][gc,cpu         ] GC(599) User=0.01s Sys=0.00s Real=0.01s
[557.483s][info][gc,start       ] GC(600) Pause Young (Allocation Failure)
[557.494s][info][gc,heap        ] GC(600) PSYoungGen: 207209K(263680K)->6881K(263680K) Eden: 204288K(204288K)->0K(204288K) From: 2921K(59392K)->6881K(59392K)
[557.494s][info][gc,heap        ] GC(600) ParOldGen: 173431K(274432K)->176354K(274432K)
[557.494s][info][gc,metaspace   ] GC(600) Metaspace: 43112K(43520K)->43112K(43520K) NonClass: 40292K(40576K)->40292K(40576K) Class: 2820K(2944K)->2820K(2944K)
[557.494s][info][gc             ] GC(600) Pause Young (Allocation Failure) 371M->178M(525M) 11.460ms
[557.494s][info][gc,cpu         ] GC(600) User=0.02s Sys=0.00s Real=0.01s
[557.783s][info][gc,start       ] GC(601) Pause Young (Allocation Failure)
[557.795s][info][gc,heap        ] GC(601) PSYoungGen: 210604K(263680K)->5809K(270848K) Eden: 203723K(204288K)->0K(218624K) From: 6881K(59392K)->5809K(52224K)
[557.795s][info][gc,heap        ] GC(601) ParOldGen: 176354K(274432K)->183276K(274432K)
[557.795s][info][gc,metaspace   ] GC(601) Metaspace: 43112K(43520K)->43112K(43520K) NonClass: 40292K(40576K)->40292K(40576K) Class: 2820K(2944K)->2820K(2944K)
[557.795s][info][gc             ] GC(601) Pause Young (Allocation Failure) 377M->184M(532M) 12.485ms
[557.795s][info][gc,cpu         ] GC(601) User=0.02s Sys=0.00s Real=0.02s
[558.086s][info][gc,start       ] GC(602) Pause Young (Allocation Failure)
[558.096s][info][gc,heap        ] GC(602) PSYoungGen: 224433K(270848K)->4132K(270336K) Eden: 218624K(218624K)->0K(218624K) From: 5809K(52224K)->4132K(51712K)
[558.096s][info][gc,heap        ] GC(602) ParOldGen: 183276K(274432K)->189178K(274432K)
[558.096s][info][gc,metaspace   ] GC(602) Metaspace: 43112K(43520K)->43112K(43520K) NonClass: 40292K(40576K)->40292K(40576K) Class: 2820K(2944K)->2820K(2944K)
[558.096s][info][gc             ] GC(602) Pause Young (Allocation Failure) 398M->188M(532M) 10.306ms
[558.096s][info][gc,cpu         ] GC(602) User=0.02s Sys=0.00s Real=0.01s
[558.574s][info][gc,start       ] GC(603) Pause Young (Allocation Failure)
[558.591s][info][gc,heap        ] GC(603) PSYoungGen: 221365K(270336K)->14392K(280064K) Eden: 217233K(218624K)->0K(231936K) From: 4132K(51712K)->14392K(48128K)
[558.591s][info][gc,heap        ] GC(603) ParOldGen: 189178K(274432K)->193254K(274432K)
[558.591s][info][gc,metaspace   ] GC(603) Metaspace: 43113K(43520K)->43113K(43520K) NonClass: 40292K(40576K)->40292K(40576K) Class: 2820K(2944K)->2820K(2944K)
[558.591s][info][gc             ] GC(603) Pause Young (Allocation Failure) 400M->202M(541M) 16.487ms
[558.591s][info][gc,cpu         ] GC(603) User=0.04s Sys=0.00s Real=0.01s
[559.090s][info][gc,start       ] GC(604) Pause Young (Allocation Failure)
[559.102s][info][gc,heap        ] GC(604) PSYoungGen: 246328K(280064K)->3376K(278528K) Eden: 231936K(231936K)->0K(231936K) From: 14392K(48128K)->3376K(46592K)
[559.102s][info][gc,heap        ] GC(604) ParOldGen: 193254K(274432K)->206510K(274432K)
[559.102s][info][gc,metaspace   ] GC(604) Metaspace: 43121K(43520K)->43121K(43520K) NonClass: 40300K(40576K)->40300K(40576K) Class: 2820K(2944K)->2820K(2944K)
[559.102s][info][gc             ] GC(604) Pause Young (Allocation Failure) 429M->204M(540M) 12.643ms
[559.102s][info][gc,cpu         ] GC(604) User=0.03s Sys=0.00s Real=0.01s
[559.605s][info][gc,start       ] GC(605) Pause Young (Allocation Failure)
[559.607s][info][gc,heap        ] GC(605) PSYoungGen: 235312K(278528K)->1536K(285184K) Eden: 231936K(231936K)->0K(241152K) From: 3376K(46592K)->1536K(44032K)
[559.607s][info][gc,heap        ] GC(605) ParOldGen: 206510K(274432K)->206892K(274432K)
[559.607s][info][gc,metaspace   ] GC(605) Metaspace: 43123K(43520K)->43123K(43520K) NonClass: 40303K(40576K)->40303K(40576K) Class: 2820K(2944K)->2820K(2944K)
[559.607s][info][gc             ] GC(605) Pause Young (Allocation Failure) 431M->203M(546M) 2.473ms
[559.607s][info][gc,cpu         ] GC(605) User=0.01s Sys=0.00s Real=0.00s
[560.133s][info][gc,start       ] GC(606) Pause Young (Allocation Failure)
[560.138s][info][gc,heap        ] GC(606) PSYoungGen: 242688K(285184K)->5088K(283136K) Eden: 241152K(241152K)->0K(241152K) From: 1536K(44032K)->5088K(41984K)
[560.138s][info][gc,heap        ] GC(606) ParOldGen: 206892K(274432K)->206908K(274432K)
[560.138s][info][gc,metaspace   ] GC(606) Metaspace: 43123K(43520K)->43123K(43520K) NonClass: 40303K(40576K)->40303K(40576K) Class: 2820K(2944K)->2820K(2944K)
[560.138s][info][gc             ] GC(606) Pause Young (Allocation Failure) 439M->207M(544M) 4.995ms
[560.138s][info][gc,cpu         ] GC(606) User=0.01s Sys=0.00s Real=0.00s
[560.678s][info][gc,start       ] GC(607) Pause Young (Allocation Failure)
[560.681s][info][gc,heap        ] GC(607) PSYoungGen: 246240K(283136K)->4286K(289280K) Eden: 241152K(241152K)->0K(250368K) From: 5088K(41984K)->4286K(38912K)
[560.681s][info][gc,heap        ] GC(607) ParOldGen: 206908K(274432K)->206940K(274432K)
[560.681s][info][gc,metaspace   ] GC(607) Metaspace: 43123K(43520K)->43123K(43520K) NonClass: 40303K(40576K)->40303K(40576K) Class: 2820K(2944K)->2820K(2944K)
[560.681s][info][gc             ] GC(607) Pause Young (Allocation Failure) 442M->206M(550M) 3.648ms
[560.681s][info][gc,cpu         ] GC(607) User=0.01s Sys=0.00s Real=0.00s
[561.210s][info][gc,start       ] GC(608) Pause Young (Allocation Failure)
[561.214s][info][gc,heap        ] GC(608) PSYoungGen: 254654K(289280K)->6435K(287232K) Eden: 250368K(250368K)->0K(250368K) From: 4286K(38912K)->6435K(36864K)
[561.215s][info][gc,heap        ] GC(608) ParOldGen: 206940K(274432K)->207754K(274432K)
[561.215s][info][gc,metaspace   ] GC(608) Metaspace: 43129K(43520K)->43129K(43520K) NonClass: 40308K(40576K)->40308K(40576K) Class: 2820K(2944K)->2820K(2944K)
[561.215s][info][gc             ] GC(608) Pause Young (Allocation Failure) 450M->209M(548M) 4.513ms
[561.215s][info][gc,cpu         ] GC(608) User=0.00s Sys=0.00s Real=0.01s
[562.265s][info][gc,start       ] GC(609) Pause Young (Allocation Failure)
[562.270s][info][gc,heap        ] GC(609) PSYoungGen: 256803K(287232K)->3282K(293888K) Eden: 250368K(250368K)->0K(259584K) From: 6435K(36864K)->3282K(34304K)
[562.270s][info][gc,heap        ] GC(609) ParOldGen: 207754K(274432K)->207866K(274432K)
[562.270s][info][gc,metaspace   ] GC(609) Metaspace: 43131K(43520K)->43131K(43520K) NonClass: 40310K(40576K)->40310K(40576K) Class: 2820K(2944K)->2820K(2944K)
[562.270s][info][gc             ] GC(609) Pause Young (Allocation Failure) 453M->206M(555M) 4.942ms
[562.270s][info][gc,cpu         ] GC(609) User=0.01s Sys=0.00s Real=0.00s
[563.225s][info][gc,start       ] GC(610) Pause Young (Allocation Failure)
[563.248s][info][gc,heap        ] GC(610) PSYoungGen: 262866K(293888K)->22527K(292352K) Eden: 259584K(259584K)->0K(259584K) From: 3282K(34304K)->22527K(32768K)
[563.248s][info][gc,heap        ] GC(610) ParOldGen: 207866K(274432K)->211076K(274432K)
[563.248s][info][gc,metaspace   ] GC(610) Metaspace: 43148K(43520K)->43148K(43520K) NonClass: 40328K(40576K)->40328K(40576K) Class: 2820K(2944K)->2820K(2944K)
[563.248s][info][gc             ] GC(610) Pause Young (Allocation Failure) 459M->228M(553M) 23.338ms
[563.248s][info][gc,cpu         ] GC(610) User=0.05s Sys=0.00s Real=0.02s
[563.874s][info][gc,start       ] GC(611) Pause Young (Allocation Failure)
[563.929s][info][gc,heap        ] GC(611) PSYoungGen: 282111K(292352K)->29484K(288768K) Eden: 259584K(259584K)->0K(252928K) From: 22527K(32768K)->29484K(35840K)
[563.929s][info][gc,heap        ] GC(611) ParOldGen: 211076K(274432K)->233257K(274432K)
[563.929s][info][gc,metaspace   ] GC(611) Metaspace: 43148K(43520K)->43148K(43520K) NonClass: 40328K(40576K)->40328K(40576K) Class: 2820K(2944K)->2820K(2944K)
[563.929s][info][gc             ] GC(611) Pause Young (Allocation Failure) 481M->256M(550M) 55.284ms
[563.929s][info][gc,cpu         ] GC(611) User=0.11s Sys=0.01s Real=0.05s
[564.601s][info][gc,start       ] GC(612) Pause Young (Allocation Failure)
[564.656s][info][gc,heap        ] GC(612) PSYoungGen: 282412K(288768K)->29304K(282624K) Eden: 252928K(252928K)->0K(252928K) From: 29484K(35840K)->29304K(29696K)
[564.656s][info][gc,heap        ] GC(612) ParOldGen: 233257K(274432K)->261173K(274432K)
[564.656s][info][gc,metaspace   ] GC(612) Metaspace: 43148K(43520K)->43148K(43520K) NonClass: 40328K(40576K)->40328K(40576K) Class: 2820K(2944K)->2820K(2944K)
[564.656s][info][gc             ] GC(612) Pause Young (Allocation Failure) 503M->283M(544M) 54.579ms
[564.656s][info][gc,cpu         ] GC(612) User=0.11s Sys=0.00s Real=0.06s
[568.480s][info][gc,start       ] GC(613) Pause Young (Allocation Failure)
[568.533s][info][gc,heap        ] GC(613) PSYoungGen: 282232K(282624K)->18159K(290304K) Eden: 252928K(252928K)->0K(245760K) From: 29304K(29696K)->18159K(44544K)
[568.533s][info][gc,heap        ] GC(613) ParOldGen: 261173K(274432K)->290478K(290816K)
[568.533s][info][gc,metaspace   ] GC(613) Metaspace: 43155K(43520K)->43155K(43520K) NonClass: 40335K(40576K)->40335K(40576K) Class: 2820K(2944K)->2820K(2944K)
[568.533s][info][gc             ] GC(613) Pause Young (Allocation Failure) 530M->301M(567M) 52.825ms
[568.533s][info][gc,cpu         ] GC(613) User=0.08s Sys=0.01s Real=0.06s
[569.326s][info][gc,start       ] GC(614) Pause Young (Allocation Failure)
[569.361s][info][gc,heap        ] GC(614) PSYoungGen: 263919K(290304K)->13220K(259072K) Eden: 245760K(245760K)->0K(245760K) From: 18159K(44544K)->13220K(13312K)
[569.361s][info][gc,heap        ] GC(614) ParOldGen: 290478K(290816K)->308438K(308736K)
[569.361s][info][gc,metaspace   ] GC(614) Metaspace: 43155K(43520K)->43155K(43520K) NonClass: 40335K(40576K)->40335K(40576K) Class: 2820K(2944K)->2820K(2944K)
[569.361s][info][gc             ] GC(614) Pause Young (Allocation Failure) 541M->314M(554M) 34.922ms
[569.361s][info][gc,cpu         ] GC(614) User=0.04s Sys=0.03s Real=0.03s
[570.056s][info][gc,start       ] GC(615) Pause Young (Allocation Failure)
[570.106s][info][gc,heap        ] GC(615) PSYoungGen: 258980K(259072K)->30476K(282624K) Eden: 245760K(245760K)->0K(242176K) From: 13220K(13312K)->30476K(40448K)
[570.106s][info][gc,heap        ] GC(615) ParOldGen: 308438K(308736K)->321283K(321536K)
[570.106s][info][gc,metaspace   ] GC(615) Metaspace: 43155K(43520K)->43155K(43520K) NonClass: 40335K(40576K)->40335K(40576K) Class: 2820K(2944K)->2820K(2944K)
[570.106s][info][gc             ] GC(615) Pause Young (Allocation Failure) 554M->343M(590M) 49.852ms
[570.106s][info][gc,cpu         ] GC(615) User=0.08s Sys=0.01s Real=0.05s
[570.704s][info][gc,start       ] GC(616) Pause Young (Allocation Failure)
[570.777s][info][gc,heap        ] GC(616) PSYoungGen: 272652K(282624K)->27805K(286208K) Eden: 242176K(242176K)->0K(242176K) From: 30476K(40448K)->27805K(44032K)
[570.777s][info][gc,heap        ] GC(616) ParOldGen: 321283K(321536K)->351987K(352256K)
[570.777s][info][gc,metaspace   ] GC(616) Metaspace: 43155K(43520K)->43155K(43520K) NonClass: 40335K(40576K)->40335K(40576K) Class: 2820K(2944K)->2820K(2944K)
[570.777s][info][gc             ] GC(616) Pause Young (Allocation Failure) 580M->370M(623M) 73.036ms
[570.777s][info][gc,cpu         ] GC(616) User=0.12s Sys=0.02s Real=0.07s
[572.470s][info][gc,start       ] GC(617) Pause Young (Allocation Failure)
[572.533s][info][gc,heap        ] GC(617) PSYoungGen: 269981K(286208K)->21584K(288768K) Eden: 242176K(242176K)->0K(242688K) From: 27805K(44032K)->21584K(46080K)
[572.533s][info][gc,heap        ] GC(617) ParOldGen: 351987K(352256K)->379668K(379904K)
[572.533s][info][gc,metaspace   ] GC(617) Metaspace: 43155K(43520K)->43155K(43520K) NonClass: 40335K(40576K)->40335K(40576K) Class: 2820K(2944K)->2820K(2944K)
[572.533s][info][gc             ] GC(617) Pause Young (Allocation Failure) 607M->391M(653M) 63.422ms
[572.533s][info][gc,cpu         ] GC(617) User=0.10s Sys=0.02s Real=0.07s
[573.702s][info][gc,start       ] GC(618) Pause Young (Allocation Failure)
[573.747s][info][gc,heap        ] GC(618) PSYoungGen: 264272K(288768K)->14233K(257024K) Eden: 242688K(242688K)->0K(242688K) From: 21584K(46080K)->14233K(14336K)
[573.747s][info][gc,heap        ] GC(618) ParOldGen: 379668K(379904K)->400848K(400896K)
[573.747s][info][gc,metaspace   ] GC(618) Metaspace: 43155K(43520K)->43155K(43520K) NonClass: 40335K(40576K)->40335K(40576K) Class: 2820K(2944K)->2820K(2944K)
[573.747s][info][gc             ] GC(618) Pause Young (Allocation Failure) 628M->405M(642M) 45.084ms
[573.747s][info][gc,cpu         ] GC(618) User=0.07s Sys=0.02s Real=0.05s
[575.385s][info][gc,start       ] GC(619) Pause Young (Allocation Failure)
[575.412s][info][gc,heap        ] GC(619) PSYoungGen: 256921K(257024K)->5190K(285696K) Eden: 242688K(242688K)->0K(243200K) From: 14233K(14336K)->5190K(42496K)
[575.412s][info][gc,heap        ] GC(619) ParOldGen: 400848K(400896K)->414260K(414720K)
[575.412s][info][gc,metaspace   ] GC(619) Metaspace: 43155K(43520K)->43155K(43520K) NonClass: 40335K(40576K)->40335K(40576K) Class: 2820K(2944K)->2820K(2944K)
[575.412s][info][gc             ] GC(619) Pause Young (Allocation Failure) 642M->409M(684M) 27.094ms
[575.412s][info][gc,cpu         ] GC(619) User=0.04s Sys=0.01s Real=0.02s
[576.948s][info][gc,start       ] GC(620) Pause Young (Allocation Failure)
[576.977s][info][gc,heap        ] GC(620) PSYoungGen: 248390K(285696K)->22475K(285184K) Eden: 243200K(243200K)->0K(243200K) From: 5190K(42496K)->22475K(41984K)
[576.977s][info][gc,heap        ] GC(620) ParOldGen: 414260K(414720K)->419369K(419840K)
[576.977s][info][gc,metaspace   ] GC(620) Metaspace: 43155K(43520K)->43155K(43520K) NonClass: 40335K(40576K)->40335K(40576K) Class: 2820K(2944K)->2820K(2944K)
[576.977s][info][gc             ] GC(620) Pause Young (Allocation Failure) 647M->431M(688M) 29.213ms
[576.977s][info][gc,cpu         ] GC(620) User=0.06s Sys=0.01s Real=0.03s
[578.427s][info][gc,start       ] GC(621) Pause Young (Allocation Failure)
[578.474s][info][gc,heap        ] GC(621) PSYoungGen: 265675K(285184K)->19739K(290304K) Eden: 243200K(243200K)->0K(249856K) From: 22475K(41984K)->19739K(40448K)
[578.474s][info][gc,heap        ] GC(621) ParOldGen: 419369K(419840K)->441877K(442368K)
[578.474s][info][gc,metaspace   ] GC(621) Metaspace: 43155K(43520K)->43155K(43520K) NonClass: 40335K(40576K)->40335K(40576K) Class: 2820K(2944K)->2820K(2944K)
[578.474s][info][gc             ] GC(621) Pause Young (Allocation Failure) 668M->450M(715M) 46.916ms
[578.474s][info][gc,cpu         ] GC(621) User=0.08s Sys=0.01s Real=0.05s
[579.147s][info][gc,start       ] GC(622) Pause Young (Allocation Failure)
[579.207s][info][gc,heap        ] GC(622) PSYoungGen: 269595K(290304K)->37254K(287232K) Eden: 249856K(249856K)->0K(249856K) From: 19739K(40448K)->37254K(37376K)
[579.207s][info][gc,heap        ] GC(622) ParOldGen: 441877K(442368K)->461669K(461824K)
[579.207s][info][gc,metaspace   ] GC(622) Metaspace: 43155K(43520K)->43155K(43520K) NonClass: 40335K(40576K)->40335K(40576K) Class: 2820K(2944K)->2820K(2944K)
[579.207s][info][gc             ] GC(622) Pause Young (Allocation Failure) 694M->487M(731M) 59.505ms
[579.207s][info][gc,cpu         ] GC(622) User=0.11s Sys=0.01s Real=0.06s
[579.826s][info][gc,start       ] GC(623) Pause Young (Allocation Failure)
[579.908s][info][gc,heap        ] GC(623) PSYoungGen: 287110K(287232K)->30392K(284672K) Eden: 249856K(249856K)->0K(238592K) From: 37254K(37376K)->30392K(46080K)
[579.908s][info][gc,heap        ] GC(623) ParOldGen: 461669K(461824K)->498251K(498688K)
[579.908s][info][gc,metaspace   ] GC(623) Metaspace: 43155K(43520K)->43155K(43520K) NonClass: 40335K(40576K)->40335K(40576K) Class: 2820K(2944K)->2820K(2944K)
[579.908s][info][gc             ] GC(623) Pause Young (Allocation Failure) 731M->516M(765M) 82.000ms
[579.908s][info][gc,cpu         ] GC(623) User=0.12s Sys=0.03s Real=0.08s
[580.539s][info][gc,start       ] GC(624) Pause Young (Allocation Failure)
[580.611s][info][gc,heap        ] GC(624) PSYoungGen: 268984K(284672K)->29840K(268800K) Eden: 238592K(238592K)->0K(238592K) From: 30392K(46080K)->29840K(30208K)
[580.611s][info][gc,heap        ] GC(624) ParOldGen: 498251K(498688K)->526955K(527360K)
[580.611s][info][gc,metaspace   ] GC(624) Metaspace: 43155K(43520K)->43155K(43520K) NonClass: 40335K(40576K)->40335K(40576K) Class: 2820K(2944K)->2820K(2944K)
[580.611s][info][gc             ] GC(624) Pause Young (Allocation Failure) 749M->543M(777M) 72.069ms
[580.611s][info][gc,cpu         ] GC(624) User=0.11s Sys=0.03s Real=0.07s
[582.353s][info][gc,start       ] GC(625) Pause Young (Allocation Failure)
[582.400s][info][gc,heap        ] GC(625) PSYoungGen: 268432K(268800K)->14433K(286720K) Eden: 238592K(238592K)->0K(238080K) From: 29840K(30208K)->14433K(48640K)
[582.400s][info][gc,heap        ] GC(625) ParOldGen: 526955K(527360K)->557028K(557056K)
[582.400s][info][gc,metaspace   ] GC(625) Metaspace: 43155K(43520K)->43155K(43520K) NonClass: 40335K(40576K)->40335K(40576K) Class: 2820K(2944K)->2820K(2944K)
[582.400s][info][gc             ] GC(625) Pause Young (Allocation Failure) 776M->558M(824M) 47.828ms
[582.400s][info][gc,cpu         ] GC(625) User=0.08s Sys=0.02s Real=0.04s
[583.692s][info][gc,start       ] GC(626) Pause Young (Allocation Failure)
[583.705s][info][gc,heap        ] GC(626) PSYoungGen: 252513K(286720K)->3226K(285184K) Eden: 238080K(238080K)->0K(238080K) From: 14433K(48640K)->3226K(47104K)
[583.705s][info][gc,heap        ] GC(626) ParOldGen: 557028K(557056K)->563641K(563712K)
[583.705s][info][gc,metaspace   ] GC(626) Metaspace: 43155K(43520K)->43155K(43520K) NonClass: 40335K(40576K)->40335K(40576K) Class: 2820K(2944K)->2820K(2944K)
[583.705s][info][gc             ] GC(626) Pause Young (Allocation Failure) 790M->553M(829M) 12.621ms
[583.705s][info][gc,cpu         ] GC(626) User=0.01s Sys=0.01s Real=0.02s
[585.034s][info][gc,start       ] GC(627) Pause Young (Allocation Failure)
[585.063s][info][gc,heap        ] GC(627) PSYoungGen: 241306K(285184K)->24960K(285696K) Eden: 238080K(238080K)->0K(238592K) From: 3226K(47104K)->24960K(47104K)
[585.063s][info][gc,heap        ] GC(627) ParOldGen: 563641K(563712K)->566849K(567296K)
[585.063s][info][gc,metaspace   ] GC(627) Metaspace: 43155K(43520K)->43155K(43520K) NonClass: 40335K(40576K)->40335K(40576K) Class: 2820K(2944K)->2820K(2944K)
[585.063s][info][gc             ] GC(627) Pause Young (Allocation Failure) 786M->577M(833M) 28.860ms
[585.063s][info][gc,cpu         ] GC(627) User=0.05s Sys=0.01s Real=0.03s
[586.448s][info][gc,start       ] GC(628) Pause Young (Allocation Failure)
[586.502s][info][gc,heap        ] GC(628) PSYoungGen: 263552K(285696K)->23190K(285184K) Eden: 238592K(238592K)->0K(238592K) From: 24960K(47104K)->23190K(46592K)
[586.502s][info][gc,heap        ] GC(628) ParOldGen: 566849K(567296K)->591815K(591872K)
[586.502s][info][gc,metaspace   ] GC(628) Metaspace: 43155K(43520K)->43155K(43520K) NonClass: 40335K(40576K)->40335K(40576K) Class: 2820K(2944K)->2820K(2944K)
[586.502s][info][gc             ] GC(628) Pause Young (Allocation Failure) 810M->600M(856M) 53.550ms
[586.502s][info][gc,cpu         ] GC(628) User=0.09s Sys=0.02s Real=0.05s
[587.646s][info][gc,start       ] GC(629) Pause Young (Allocation Failure)
[587.696s][info][gc,heap        ] GC(629) PSYoungGen: 261782K(285184K)->19725K(283648K) Eden: 238592K(238592K)->0K(241664K) From: 23190K(46592K)->19725K(41984K)
[587.696s][info][gc,heap        ] GC(629) ParOldGen: 591815K(591872K)->614973K(615424K)
[587.696s][info][gc,metaspace   ] GC(629) Metaspace: 43155K(43520K)->43155K(43520K) NonClass: 40335K(40576K)->40335K(40576K) Class: 2820K(2944K)->2820K(2944K)
[587.696s][info][gc             ] GC(629) Pause Young (Allocation Failure) 833M->619M(878M) 50.656ms
[587.696s][info][gc,cpu         ] GC(629) User=0.08s Sys=0.02s Real=0.05s
[588.632s][info][gc,start       ] GC(630) Pause Young (Allocation Failure)
[588.669s][info][gc,heap        ] GC(630) PSYoungGen: 261389K(283648K)->13757K(284672K) Eden: 241664K(241664K)->0K(241664K) From: 19725K(41984K)->13757K(43008K)
[588.669s][info][gc,heap        ] GC(630) ParOldGen: 614973K(615424K)->631759K(631808K)
[588.669s][info][gc,metaspace   ] GC(630) Metaspace: 43155K(43520K)->43155K(43520K) NonClass: 40335K(40576K)->40335K(40576K) Class: 2820K(2944K)->2820K(2944K)
[588.669s][info][gc             ] GC(630) Pause Young (Allocation Failure) 855M->630M(895M) 36.958ms
[588.669s][info][gc,cpu         ] GC(630) User=0.05s Sys=0.02s Real=0.04s
[589.562s][info][gc,start       ] GC(631) Pause Full (Allocation Failure)
[589.563s][info][gc,phases,start] GC(631) Marking Phase
[589.625s][info][gc,phases      ] GC(631) Marking Phase 62.335ms
[589.625s][info][gc,phases,start] GC(631) Summary Phase
[589.625s][info][gc,phases      ] GC(631) Summary Phase 0.032ms
[589.625s][info][gc,phases,start] GC(631) Forward
[589.639s][info][gc,phases      ] GC(631) Forward 14.138ms
[589.639s][info][gc,phases,start] GC(631) Adjust Pointers
[589.677s][info][gc,phases      ] GC(631) Adjust Pointers 38.298ms
[589.678s][info][gc,phases,start] GC(631) Compaction Phase
[589.694s][info][gc,phases      ] GC(631) Compaction Phase 16.748ms
[589.694s][info][gc,phases,start] GC(631) Post Compact
[589.697s][info][gc,phases      ] GC(631) Post Compact 2.605ms
[589.731s][info][gc,heap        ] GC(631) PSYoungGen: 255421K(284672K)->0K(290304K) Eden: 241664K(241664K)->0K(248832K) From: 13757K(43008K)->0K(41472K)
[589.731s][info][gc,heap        ] GC(631) ParOldGen: 631759K(631808K)->82783K(225792K)
[589.731s][info][gc,metaspace   ] GC(631) Metaspace: 43155K(43520K)->43155K(43520K) NonClass: 40335K(40576K)->40335K(40576K) Class: 2820K(2944K)->2820K(2944K)
[589.731s][info][gc             ] GC(631) Pause Full (Allocation Failure) 866M->80M(504M) 168.532ms
[589.731s][info][gc,cpu         ] GC(631) User=0.21s Sys=0.04s Real=0.17s
[590.717s][info][gc,start       ] GC(632) Pause Young (Allocation Failure)
[590.755s][info][gc,heap        ] GC(632) PSYoungGen: 248832K(290304K)->40365K(289280K) Eden: 248832K(248832K)->0K(248832K) From: 0K(41472K)->40365K(40448K)
[590.755s][info][gc,heap        ] GC(632) ParOldGen: 82783K(225792K)->82783K(225792K)
[590.755s][info][gc,metaspace   ] GC(632) Metaspace: 43155K(43520K)->43155K(43520K) NonClass: 40335K(40576K)->40335K(40576K) Class: 2820K(2944K)->2820K(2944K)
[590.755s][info][gc             ] GC(632) Pause Young (Allocation Failure) 323M->120M(503M) 37.346ms
[590.755s][info][gc,cpu         ] GC(632) User=0.08s Sys=0.00s Real=0.04s
[591.593s][info][gc,start       ] GC(633) Pause Young (Allocation Failure)
[591.632s][info][gc,heap        ] GC(633) PSYoungGen: 289197K(289280K)->7363K(284160K) Eden: 248832K(248832K)->0K(239616K) From: 40365K(40448K)->7363K(44544K)
[591.632s][info][gc,heap        ] GC(633) ParOldGen: 82783K(225792K)->120358K(225792K)
[591.632s][info][gc,metaspace   ] GC(633) Metaspace: 43155K(43520K)->43155K(43520K) NonClass: 40335K(40576K)->40335K(40576K) Class: 2820K(2944K)->2820K(2944K)
[591.632s][info][gc             ] GC(633) Pause Young (Allocation Failure) 363M->124M(498M) 38.712ms
[591.632s][info][gc,cpu         ] GC(633) User=0.07s Sys=0.00s Real=0.03s
[592.463s][info][gc,start       ] GC(634) Pause Young (Allocation Failure)
[592.486s][info][gc,heap        ] GC(634) PSYoungGen: 246979K(284160K)->28207K(268288K) Eden: 239616K(239616K)->0K(239616K) From: 7363K(44544K)->28207K(28672K)
[592.486s][info][gc,heap        ] GC(634) ParOldGen: 120358K(225792K)->121550K(225792K)
[592.486s][info][gc,metaspace   ] GC(634) Metaspace: 43155K(43520K)->43155K(43520K) NonClass: 40335K(40576K)->40335K(40576K) Class: 2820K(2944K)->2820K(2944K)
[592.486s][info][gc             ] GC(634) Pause Young (Allocation Failure) 358M->146M(482M) 23.033ms
[592.486s][info][gc,cpu         ] GC(634) User=0.05s Sys=0.00s Real=0.02s
[593.444s][info][gc,start       ] GC(635) Pause Young (Allocation Failure)
[593.452s][info][gc,heap        ] GC(635) PSYoungGen: 267823K(268288K)->9389K(287232K) Eden: 239616K(239616K)->0K(239616K) From: 28207K(28672K)->9389K(47616K)
[593.452s][info][gc,heap        ] GC(635) ParOldGen: 121550K(225792K)->122326K(225792K)
[593.452s][info][gc,metaspace   ] GC(635) Metaspace: 43155K(43520K)->43155K(43520K) NonClass: 40335K(40576K)->40335K(40576K) Class: 2820K(2944K)->2820K(2944K)
[593.452s][info][gc             ] GC(635) Pause Young (Allocation Failure) 380M->128M(501M) 8.468ms
[593.452s][info][gc,cpu         ] GC(635) User=0.02s Sys=0.00s Real=0.00s
[594.246s][info][gc,start       ] GC(636) Pause Young (Allocation Failure)
[594.254s][info][gc,heap        ] GC(636) PSYoungGen: 249005K(287232K)->7892K(247808K) Eden: 239616K(239616K)->0K(239616K) From: 9389K(47616K)->7892K(8192K)
[594.254s][info][gc,heap        ] GC(636) ParOldGen: 122326K(225792K)->123334K(225792K)
[594.254s][info][gc,metaspace   ] GC(636) Metaspace: 43155K(43520K)->43155K(43520K) NonClass: 40335K(40576K)->40335K(40576K) Class: 2820K(2944K)->2820K(2944K)
[594.254s][info][gc             ] GC(636) Pause Young (Allocation Failure) 362M->128M(462M) 8.149ms
[594.254s][info][gc,cpu         ] GC(636) User=0.02s Sys=0.00s Real=0.01s
[595.117s][info][gc,start       ] GC(637) Pause Young (Allocation Failure)
[595.126s][info][gc,heap        ] GC(637) PSYoungGen: 247508K(247808K)->10368K(287232K) Eden: 239616K(239616K)->0K(241152K) From: 7892K(8192K)->10368K(46080K)
[595.126s][info][gc,heap        ] GC(637) ParOldGen: 123334K(225792K)->124358K(225792K)
[595.126s][info][gc,metaspace   ] GC(637) Metaspace: 43156K(43520K)->43156K(43520K) NonClass: 40335K(40576K)->40335K(40576K) Class: 2820K(2944K)->2820K(2944K)
[595.126s][info][gc             ] GC(637) Pause Young (Allocation Failure) 362M->131M(501M) 9.331ms
[595.126s][info][gc,cpu         ] GC(637) User=0.02s Sys=0.00s Real=0.01s
[595.982s][info][gc,start       ] GC(638) Pause Young (Allocation Failure)
[595.998s][info][gc,heap        ] GC(638) PSYoungGen: 251520K(287232K)->13309K(285696K) Eden: 241152K(241152K)->0K(241152K) From: 10368K(46080K)->13309K(44544K)
[595.998s][info][gc,heap        ] GC(638) ParOldGen: 124358K(225792K)->125378K(225792K)
[595.998s][info][gc,metaspace   ] GC(638) Metaspace: 43156K(43520K)->43156K(43520K) NonClass: 40335K(40576K)->40335K(40576K) Class: 2820K(2944K)->2820K(2944K)
[595.998s][info][gc             ] GC(638) Pause Young (Allocation Failure) 367M->135M(499M) 16.218ms
[595.998s][info][gc,cpu         ] GC(638) User=0.04s Sys=0.00s Real=0.02s
[596.938s][info][gc,start       ] GC(639) Pause Young (Allocation Failure)
[596.949s][info][gc,heap        ] GC(639) PSYoungGen: 254461K(285696K)->14198K(287232K) Eden: 241152K(241152K)->0K(245248K) From: 13309K(44544K)->14198K(41984K)
[596.949s][info][gc,heap        ] GC(639) ParOldGen: 125378K(225792K)->126290K(225792K)
[596.949s][info][gc,metaspace   ] GC(639) Metaspace: 43156K(43520K)->43156K(43520K) NonClass: 40335K(40576K)->40335K(40576K) Class: 2820K(2944K)->2820K(2944K)
[596.949s][info][gc             ] GC(639) Pause Young (Allocation Failure) 370M->137M(501M) 11.568ms
[596.949s][info][gc,cpu         ] GC(639) User=0.02s Sys=0.00s Real=0.01s
[597.915s][info][gc,start       ] GC(640) Pause Young (Allocation Failure)
[597.959s][info][gc,heap        ] GC(640) PSYoungGen: 259446K(287232K)->38018K(285696K) Eden: 245248K(245248K)->0K(245248K) From: 14198K(41984K)->38018K(40448K)
[597.959s][info][gc,heap        ] GC(640) ParOldGen: 126290K(225792K)->134648K(225792K)
[597.959s][info][gc,metaspace   ] GC(640) Metaspace: 43156K(43520K)->43156K(43520K) NonClass: 40335K(40576K)->40335K(40576K) Class: 2820K(2944K)->2820K(2944K)
[597.959s][info][gc             ] GC(640) Pause Young (Allocation Failure) 376M->168M(499M) 44.579ms
[597.959s][info][gc,cpu         ] GC(640) User=0.09s Sys=0.00s Real=0.04s
[599.179s][info][gc,start       ] GC(641) Pause Young (Allocation Failure)
[599.229s][info][gc,heap        ] GC(641) PSYoungGen: 283266K(285696K)->26647K(287744K) Eden: 245248K(245248K)->0K(241664K) From: 38018K(40448K)->26647K(46080K)
[599.229s][info][gc,heap        ] GC(641) ParOldGen: 134648K(225792K)->158233K(225792K)
[599.229s][info][gc,metaspace   ] GC(641) Metaspace: 43158K(43520K)->43158K(43520K) NonClass: 40338K(40576K)->40338K(40576K) Class: 2820K(2944K)->2820K(2944K)
[599.229s][info][gc             ] GC(641) Pause Young (Allocation Failure) 408M->180M(501M) 50.084ms
[599.230s][info][gc,cpu         ] GC(641) User=0.10s Sys=0.00s Real=0.05s
[600.226s][info][gc,start       ] GC(642) Pause Young (Allocation Failure)
[600.249s][info][gc,heap        ] GC(642) PSYoungGen: 268311K(287744K)->5539K(287744K) Eden: 241664K(241664K)->0K(241664K) From: 26647K(46080K)->5539K(46080K)
[600.249s][info][gc,heap        ] GC(642) ParOldGen: 158233K(225792K)->177420K(225792K)
[600.249s][info][gc,metaspace   ] GC(642) Metaspace: 43158K(43520K)->43158K(43520K) NonClass: 40338K(40576K)->40338K(40576K) Class: 2820K(2944K)->2820K(2944K)
[600.249s][info][gc             ] GC(642) Pause Young (Allocation Failure) 416M->178M(501M) 23.091ms
[600.249s][info][gc,cpu         ] GC(642) User=0.05s Sys=0.00s Real=0.02s
[601.049s][info][gc,start       ] GC(643) Pause Young (Allocation Failure)
[601.060s][info][gc,heap        ] GC(643) PSYoungGen: 247203K(287744K)->12033K(284672K) Eden: 241664K(241664K)->0K(241664K) From: 5539K(46080K)->12033K(43008K)
[601.060s][info][gc,heap        ] GC(643) ParOldGen: 177420K(225792K)->178348K(225792K)
[601.060s][info][gc,metaspace   ] GC(643) Metaspace: 43158K(43520K)->43158K(43520K) NonClass: 40338K(40576K)->40338K(40576K) Class: 2820K(2944K)->2820K(2944K)
[601.060s][info][gc             ] GC(643) Pause Young (Allocation Failure) 414M->185M(498M) 11.007ms
[601.060s][info][gc,cpu         ] GC(643) User=0.02s Sys=0.00s Real=0.01s
[601.889s][info][gc,start       ] GC(644) Pause Young (Allocation Failure)
[601.898s][info][gc,heap        ] GC(644) PSYoungGen: 253697K(284672K)->1772K(286208K) Eden: 241664K(241664K)->0K(241664K) From: 12033K(43008K)->1772K(44544K)
[601.898s][info][gc,heap        ] GC(644) ParOldGen: 178348K(225792K)->188376K(225792K)
[601.898s][info][gc,metaspace   ] GC(644) Metaspace: 43159K(43520K)->43159K(43520K) NonClass: 40339K(40576K)->40339K(40576K) Class: 2820K(2944K)->2820K(2944K)
[601.898s][info][gc             ] GC(644) Pause Young (Allocation Failure) 421M->185M(500M) 8.690ms
[601.898s][info][gc,cpu         ] GC(644) User=0.02s Sys=0.00s Real=0.01s
[602.818s][info][gc,start       ] GC(645) Pause Young (Allocation Failure)
[602.831s][info][gc,heap        ] GC(645) PSYoungGen: 243436K(286208K)->13559K(284160K) Eden: 241664K(241664K)->0K(244736K) From: 1772K(44544K)->13559K(39424K)
[602.831s][info][gc,heap        ] GC(645) ParOldGen: 188376K(225792K)->188832K(225792K)
[602.831s][info][gc,metaspace   ] GC(645) Metaspace: 43159K(43520K)->43159K(43520K) NonClass: 40339K(40576K)->40339K(40576K) Class: 2820K(2944K)->2820K(2944K)
[602.831s][info][gc             ] GC(645) Pause Young (Allocation Failure) 421M->197M(498M) 13.390ms
[602.831s][info][gc,cpu         ] GC(645) User=0.02s Sys=0.00s Real=0.01s
[603.745s][info][gc,start       ] GC(646) Pause Young (Allocation Failure)
[603.756s][info][gc,heap        ] GC(646) PSYoungGen: 258295K(284160K)->12321K(286720K) Eden: 244736K(244736K)->0K(244736K) From: 13559K(39424K)->12321K(41984K)
[603.756s][info][gc,heap        ] GC(646) ParOldGen: 188832K(225792K)->189648K(225792K)
[603.756s][info][gc,metaspace   ] GC(646) Metaspace: 43159K(43520K)->43159K(43520K) NonClass: 40339K(40576K)->40339K(40576K) Class: 2820K(2944K)->2820K(2944K)
[603.756s][info][gc             ] GC(646) Pause Young (Allocation Failure) 436M->197M(500M) 10.839ms
[603.756s][info][gc,cpu         ] GC(646) User=0.02s Sys=0.00s Real=0.01s
[604.726s][info][gc,start       ] GC(647) Pause Young (Allocation Failure)
[604.765s][info][gc,heap        ] GC(647) PSYoungGen: 257057K(286720K)->39929K(268288K) Eden: 244736K(244736K)->0K(228352K) From: 12321K(41984K)->39929K(39936K)
[604.765s][info][gc,heap        ] GC(647) ParOldGen: 189648K(225792K)->205716K(225792K)
[604.765s][info][gc,metaspace   ] GC(647) Metaspace: 43159K(43520K)->43159K(43520K) NonClass: 40339K(40576K)->40339K(40576K) Class: 2820K(2944K)->2820K(2944K)
[604.765s][info][gc             ] GC(647) Pause Young (Allocation Failure) 436M->239M(482M) 38.675ms
[604.765s][info][gc,cpu         ] GC(647) User=0.07s Sys=0.01s Real=0.04s
[605.672s][info][gc,start       ] GC(648) Pause Young (Allocation Failure)
[605.819s][info][gc,heap        ] GC(648) PSYoungGen: 268281K(268288K)->52728K(281088K) Eden: 228352K(228352K)->0K(228352K) From: 39929K(39936K)->52728K(52736K)
[605.819s][info][gc,heap        ] GC(648) ParOldGen: 205716K(225792K)->304516K(304640K)
[605.819s][info][gc,metaspace   ] GC(648) Metaspace: 43159K(43520K)->43159K(43520K) NonClass: 40339K(40576K)->40339K(40576K) Class: 2820K(2944K)->2820K(2944K)
[605.819s][info][gc             ] GC(648) Pause Young (Allocation Failure) 462M->348M(572M) 146.933ms
[605.819s][info][gc,cpu         ] GC(648) User=0.22s Sys=0.07s Real=0.15s
[606.656s][info][gc,start       ] GC(649) Pause Young (Allocation Failure)
[606.744s][info][gc,heap        ] GC(649) PSYoungGen: 281080K(281088K)->24545K(200192K) Eden: 228352K(228352K)->0K(147456K) From: 52728K(52736K)->24545K(52736K)
[606.744s][info][gc,heap        ] GC(649) ParOldGen: 304516K(304640K)->356733K(356864K)
[606.744s][info][gc,metaspace   ] GC(649) Metaspace: 43160K(43520K)->43160K(43520K) NonClass: 40340K(40576K)->40340K(40576K) Class: 2820K(2944K)->2820K(2944K)
[606.744s][info][gc             ] GC(649) Pause Young (Allocation Failure) 571M->372M(544M) 87.827ms
[606.744s][info][gc,cpu         ] GC(649) User=0.12s Sys=0.05s Real=0.09s
[607.328s][info][gc,start       ] GC(650) Pause Young (Allocation Failure)
[607.363s][info][gc,heap        ] GC(650) PSYoungGen: 172001K(200192K)->13557K(240640K) Eden: 147456K(147456K)->0K(147456K) From: 24545K(52736K)->13557K(93184K)
[607.363s][info][gc,heap        ] GC(650) ParOldGen: 356733K(356864K)->371401K(371712K)
[607.363s][info][gc,metaspace   ] GC(650) Metaspace: 43160K(43520K)->43160K(43520K) NonClass: 40340K(40576K)->40340K(40576K) Class: 2820K(2944K)->2820K(2944K)
[607.363s][info][gc             ] GC(650) Pause Young (Allocation Failure) 516M->375M(598M) 34.943ms
[607.363s][info][gc,cpu         ] GC(650) User=0.06s Sys=0.00s Real=0.04s
[607.958s][info][gc,start       ] GC(651) Pause Young (Allocation Failure)
[607.964s][info][gc,heap        ] GC(651) PSYoungGen: 161013K(240640K)->1861K(235520K) Eden: 147456K(147456K)->0K(150528K) From: 13557K(93184K)->1861K(84992K)
[607.964s][info][gc,heap        ] GC(651) ParOldGen: 371401K(371712K)->371912K(372224K)
[607.964s][info][gc,metaspace   ] GC(651) Metaspace: 43160K(43520K)->43160K(43520K) NonClass: 40340K(40576K)->40340K(40576K) Class: 2820K(2944K)->2820K(2944K)
[607.964s][info][gc             ] GC(651) Pause Young (Allocation Failure) 519M->365M(593M) 5.391ms
[607.964s][info][gc,cpu         ] GC(651) User=0.01s Sys=0.00s Real=0.01s
[608.489s][info][gc,start       ] GC(652) Pause Young (Allocation Failure)
[608.499s][info][gc,heap        ] GC(652) PSYoungGen: 152389K(235520K)->9297K(239616K) Eden: 150528K(150528K)->0K(150528K) From: 1861K(84992K)->9297K(89088K)
[608.499s][info][gc,heap        ] GC(652) ParOldGen: 371912K(372224K)->372449K(372736K)
[608.499s][info][gc,metaspace   ] GC(652) Metaspace: 43160K(43520K)->43160K(43520K) NonClass: 40340K(40576K)->40340K(40576K) Class: 2820K(2944K)->2820K(2944K)
[608.499s][info][gc             ] GC(652) Pause Young (Allocation Failure) 512M->372M(598M) 10.403ms
[608.499s][info][gc,cpu         ] GC(652) User=0.02s Sys=0.00s Real=0.01s
[609.057s][info][gc,start       ] GC(653) Pause Young (Allocation Failure)
[609.065s][info][gc,heap        ] GC(653) PSYoungGen: 159825K(239616K)->5723K(237568K) Eden: 150528K(150528K)->0K(158720K) From: 9297K(89088K)->5723K(78848K)
[609.065s][info][gc,heap        ] GC(653) ParOldGen: 372449K(372736K)->373180K(373248K)
[609.065s][info][gc,metaspace   ] GC(653) Metaspace: 43160K(43520K)->43160K(43520K) NonClass: 40340K(40576K)->40340K(40576K) Class: 2820K(2944K)->2820K(2944K)
[609.065s][info][gc             ] GC(653) Pause Young (Allocation Failure) 519M->370M(596M) 8.705ms
[609.065s][info][gc,cpu         ] GC(653) User=0.02s Sys=0.01s Real=0.01s
[609.660s][info][gc,start       ] GC(654) Pause Young (Allocation Failure)
[609.673s][info][gc,heap        ] GC(654) PSYoungGen: 164443K(237568K)->12712K(241664K) Eden: 158720K(158720K)->0K(158720K) From: 5723K(78848K)->12712K(82944K)
[609.673s][info][gc,heap        ] GC(654) ParOldGen: 373180K(373248K)->373597K(373760K)
[609.673s][info][gc,metaspace   ] GC(654) Metaspace: 43160K(43520K)->43160K(43520K) NonClass: 40340K(40576K)->40340K(40576K) Class: 2820K(2944K)->2820K(2944K)
[609.673s][info][gc             ] GC(654) Pause Young (Allocation Failure) 525M->377M(601M) 13.347ms
[609.673s][info][gc,cpu         ] GC(654) User=0.02s Sys=0.01s Real=0.02s
[610.232s][info][gc,start       ] GC(655) Pause Young (Allocation Failure)
[610.252s][info][gc,heap        ] GC(655) PSYoungGen: 171432K(241664K)->22892K(240640K) Eden: 158720K(158720K)->0K(172032K) From: 12712K(82944K)->22892K(68608K)
[610.252s][info][gc,heap        ] GC(655) ParOldGen: 373597K(373760K)->373959K(374272K)
[610.252s][info][gc,metaspace   ] GC(655) Metaspace: 43160K(43520K)->43160K(43520K) NonClass: 40340K(40576K)->40340K(40576K) Class: 2820K(2944K)->2820K(2944K)
[610.252s][info][gc             ] GC(655) Pause Young (Allocation Failure) 532M->387M(600M) 19.832ms
[610.252s][info][gc,cpu         ] GC(655) User=0.04s Sys=0.00s Real=0.02s
[610.813s][info][gc,start       ] GC(656) Pause Young (Allocation Failure)
[610.841s][info][gc,heap        ] GC(656) PSYoungGen: 194924K(240640K)->768K(245760K) Eden: 172032K(172032K)->0K(172032K) From: 22892K(68608K)->768K(73728K)
[610.841s][info][gc,heap        ] GC(656) ParOldGen: 373959K(374272K)->395722K(395776K)
[610.841s][info][gc,metaspace   ] GC(656) Metaspace: 43160K(43520K)->43160K(43520K) NonClass: 40340K(40576K)->40340K(40576K) Class: 2820K(2944K)->2820K(2944K)
[610.841s][info][gc             ] GC(656) Pause Young (Allocation Failure) 555M->387M(626M) 28.725ms
[610.841s][info][gc,cpu         ] GC(656) User=0.04s Sys=0.02s Real=0.02s
[611.473s][info][gc,start       ] GC(657) Pause Young (Allocation Failure)
[611.477s][info][gc,heap        ] GC(657) PSYoungGen: 172800K(245760K)->1233K(254464K) Eden: 172032K(172032K)->0K(187904K) From: 768K(73728K)->1233K(66560K)
[611.477s][info][gc,heap        ] GC(657) ParOldGen: 395722K(395776K)->395762K(395776K)
[611.477s][info][gc,metaspace   ] GC(657) Metaspace: 43160K(43520K)->43160K(43520K) NonClass: 40340K(40576K)->40340K(40576K) Class: 2820K(2944K)->2820K(2944K)
[611.477s][info][gc             ] GC(657) Pause Young (Allocation Failure) 555M->387M(635M) 4.248ms
[611.477s][info][gc,cpu         ] GC(657) User=0.01s Sys=0.00s Real=0.00s
[612.060s][info][gc,start       ] GC(658) Pause Young (Allocation Failure)
[612.068s][info][gc,heap        ] GC(658) PSYoungGen: 189137K(254464K)->3623K(258048K) Eden: 187904K(187904K)->0K(187904K) From: 1233K(66560K)->3623K(70144K)
[612.068s][info][gc,heap        ] GC(658) ParOldGen: 395762K(395776K)->396226K(396288K)
[612.068s][info][gc,metaspace   ] GC(658) Metaspace: 43160K(43520K)->43160K(43520K) NonClass: 40340K(40576K)->40340K(40576K) Class: 2820K(2944K)->2820K(2944K)
[612.068s][info][gc             ] GC(658) Pause Young (Allocation Failure) 571M->390M(639M) 7.519ms
[612.068s][info][gc,cpu         ] GC(658) User=0.02s Sys=0.00s Real=0.01s
[612.399s][info][gc,start       ] GC(659) Pause Young (Allocation Failure)
[612.406s][info][gc,heap        ] GC(659) PSYoungGen: 191527K(258048K)->1454K(257536K) Eden: 187904K(187904K)->0K(196096K) From: 3623K(70144K)->1454K(61440K)
[612.406s][info][gc,heap        ] GC(659) ParOldGen: 396226K(396288K)->398253K(398336K)
[612.407s][info][gc,metaspace   ] GC(659) Metaspace: 43160K(43520K)->43160K(43520K) NonClass: 40340K(40576K)->40340K(40576K) Class: 2820K(2944K)->2820K(2944K)
[612.407s][info][gc             ] GC(659) Pause Young (Allocation Failure) 573M->390M(640M) 7.122ms
[612.407s][info][gc,cpu         ] GC(659) User=0.01s Sys=0.00s Real=0.01s
[612.752s][info][gc,start       ] GC(660) Pause Young (Allocation Failure)
[612.757s][info][gc,heap        ] GC(660) PSYoungGen: 197550K(257536K)->2286K(261120K) Eden: 196096K(196096K)->0K(196096K) From: 1454K(61440K)->2286K(65024K)
[612.757s][info][gc,heap        ] GC(660) ParOldGen: 398253K(398336K)->398341K(398848K)
[612.757s][info][gc,metaspace   ] GC(660) Metaspace: 43160K(43520K)->43160K(43520K) NonClass: 40340K(40576K)->40340K(40576K) Class: 2820K(2944K)->2820K(2944K)
[612.757s][info][gc             ] GC(660) Pause Young (Allocation Failure) 581M->391M(644M) 5.064ms
[612.757s][info][gc,cpu         ] GC(660) User=0.01s Sys=0.00s Real=0.01s
[613.142s][info][gc,start       ] GC(661) Pause Young (Allocation Failure)
[613.153s][info][gc,heap        ] GC(661) PSYoungGen: 198382K(261120K)->10679K(259584K) Eden: 196096K(196096K)->0K(206336K) From: 2286K(65024K)->10679K(53248K)
[613.154s][info][gc,heap        ] GC(661) ParOldGen: 398341K(398848K)->398602K(398848K)
[613.154s][info][gc,metaspace   ] GC(661) Metaspace: 43160K(43520K)->43160K(43520K) NonClass: 40340K(40576K)->40340K(40576K) Class: 2820K(2944K)->2820K(2944K)
[613.154s][info][gc             ] GC(661) Pause Young (Allocation Failure) 582M->399M(643M) 12.029ms
[613.154s][info][gc,cpu         ] GC(661) User=0.02s Sys=0.00s Real=0.02s
[613.444s][info][gc,start       ] GC(662) Pause Young (Allocation Failure)
[613.464s][info][gc,heap        ] GC(662) PSYoungGen: 217015K(259584K)->2133K(264704K) Eden: 206336K(206336K)->0K(206336K) From: 10679K(53248K)->2133K(58368K)
[613.464s][info][gc,heap        ] GC(662) ParOldGen: 398602K(398848K)->408990K(409088K)
[613.464s][info][gc,metaspace   ] GC(662) Metaspace: 43160K(43520K)->43160K(43520K) NonClass: 40340K(40576K)->40340K(40576K) Class: 2820K(2944K)->2820K(2944K)
[613.464s][info][gc             ] GC(662) Pause Young (Allocation Failure) 601M->401M(658M) 19.761ms
[613.464s][info][gc,cpu         ] GC(662) User=0.02s Sys=0.01s Real=0.02s
[613.758s][info][gc,start       ] GC(663) Pause Young (Allocation Failure)
[613.768s][info][gc,heap        ] GC(663) PSYoungGen: 208469K(264704K)->1736K(267776K) Eden: 206336K(206336K)->0K(219648K) From: 2133K(58368K)->1736K(48128K)
[613.768s][info][gc,heap        ] GC(663) ParOldGen: 408990K(409088K)->411064K(411136K)
[613.768s][info][gc,metaspace   ] GC(663) Metaspace: 43160K(43520K)->43160K(43520K) NonClass: 40340K(40576K)->40340K(40576K) Class: 2820K(2944K)->2820K(2944K)
[613.768s][info][gc             ] GC(663) Pause Young (Allocation Failure) 602M->403M(663M) 9.681ms
[613.768s][info][gc,cpu         ] GC(663) User=0.01s Sys=0.00s Real=0.01s
[614.081s][info][gc,start       ] GC(664) Pause Young (Allocation Failure)
[614.092s][info][gc,heap        ] GC(664) PSYoungGen: 220129K(267776K)->3119K(272896K) Eden: 218392K(219648K)->0K(219648K) From: 1736K(48128K)->3119K(53248K)
[614.092s][info][gc,heap        ] GC(664) ParOldGen: 411064K(411136K)->412763K(413184K)
[614.092s][info][gc,metaspace   ] GC(664) Metaspace: 43160K(43520K)->43160K(43520K) NonClass: 40340K(40576K)->40340K(40576K) Class: 2820K(2944K)->2820K(2944K)
[614.092s][info][gc             ] GC(664) Pause Young (Allocation Failure) 616M->406M(670M) 10.492ms
[614.092s][info][gc,cpu         ] GC(664) User=0.02s Sys=0.00s Real=0.01s
[614.445s][info][gc,start       ] GC(665) Pause Young (Allocation Failure)
[614.462s][info][gc,heap        ] GC(665) PSYoungGen: 221580K(272896K)->5520K(271872K) Eden: 218461K(219648K)->0K(229888K) From: 3119K(53248K)->5520K(41984K)
[614.462s][info][gc,heap        ] GC(665) ParOldGen: 412763K(413184K)->415826K(416256K)
[614.462s][info][gc,metaspace   ] GC(665) Metaspace: 43160K(43520K)->43160K(43520K) NonClass: 40340K(40576K)->40340K(40576K) Class: 2820K(2944K)->2820K(2944K)
[614.462s][info][gc             ] GC(665) Pause Young (Allocation Failure) 619M->411M(672M) 16.375ms
[614.462s][info][gc,cpu         ] GC(665) User=0.03s Sys=0.00s Real=0.01s
[614.818s][info][gc,start       ] GC(666) Pause Young (Allocation Failure)
[614.843s][info][gc,heap        ] GC(666) PSYoungGen: 235408K(271872K)->8648K(277504K) Eden: 229888K(229888K)->0K(229888K) From: 5520K(41984K)->8648K(47616K)
[614.843s][info][gc,heap        ] GC(666) ParOldGen: 415826K(416256K)->421330K(421376K)
[614.843s][info][gc,metaspace   ] GC(666) Metaspace: 43161K(43520K)->43161K(43520K) NonClass: 40341K(40576K)->40341K(40576K) Class: 2820K(2944K)->2820K(2944K)
[614.843s][info][gc             ] GC(666) Pause Young (Allocation Failure) 635M->419M(682M) 24.515ms
[614.843s][info][gc,cpu         ] GC(666) User=0.04s Sys=0.01s Real=0.03s
[615.165s][info][gc,start       ] GC(667) Pause Young (Allocation Failure)
[615.183s][info][gc,heap        ] GC(667) PSYoungGen: 238536K(277504K)->3908K(279040K) Eden: 229888K(229888K)->0K(242176K) From: 8648K(47616K)->3908K(36864K)
[615.183s][info][gc,heap        ] GC(667) ParOldGen: 421330K(421376K)->430138K(430592K)
[615.183s][info][gc,metaspace   ] GC(667) Metaspace: 43161K(43520K)->43161K(43520K) NonClass: 40341K(40576K)->40341K(40576K) Class: 2820K(2944K)->2820K(2944K)
[615.183s][info][gc             ] GC(667) Pause Young (Allocation Failure) 644M->423M(693M) 18.180ms
[615.183s][info][gc,cpu         ] GC(667) User=0.02s Sys=0.01s Real=0.02s
[615.725s][info][gc,start       ] GC(668) Pause Young (Allocation Failure)
[615.744s][info][gc,heap        ] GC(668) PSYoungGen: 246084K(279040K)->13404K(283648K) Eden: 242176K(242176K)->0K(242176K) From: 3908K(36864K)->13404K(41472K)
[615.744s][info][gc,heap        ] GC(668) ParOldGen: 430138K(430592K)->433986K(434176K)
[615.744s][info][gc,metaspace   ] GC(668) Metaspace: 43161K(43520K)->43161K(43520K) NonClass: 40341K(40576K)->40341K(40576K) Class: 2820K(2944K)->2820K(2944K)
[615.744s][info][gc             ] GC(668) Pause Young (Allocation Failure) 660M->436M(701M) 18.519ms
[615.744s][info][gc,cpu         ] GC(668) User=0.03s Sys=0.00s Real=0.02s
[616.304s][info][gc,start       ] GC(669) Pause Young (Allocation Failure)
[616.326s][info][gc,heap        ] GC(669) PSYoungGen: 255580K(283648K)->3885K(286720K) Eden: 242176K(242176K)->0K(252416K) From: 13404K(41472K)->3885K(34304K)
[616.326s][info][gc,heap        ] GC(669) ParOldGen: 433986K(434176K)->447696K(448000K)
[616.326s][info][gc,metaspace   ] GC(669) Metaspace: 43164K(43520K)->43164K(43520K) NonClass: 40343K(40576K)->40343K(40576K) Class: 2820K(2944K)->2820K(2944K)
[616.326s][info][gc             ] GC(669) Pause Young (Allocation Failure) 673M->440M(717M) 21.840ms
[616.326s][info][gc,cpu         ] GC(669) User=0.03s Sys=0.01s Real=0.02s
[616.909s][info][gc,start       ] GC(670) Pause Young (Allocation Failure)
[616.912s][info][gc,heap        ] GC(670) PSYoungGen: 256301K(286720K)->1536K(290304K) Eden: 252416K(252416K)->0K(252416K) From: 3885K(34304K)->1536K(37888K)
[616.912s][info][gc,heap        ] GC(670) ParOldGen: 447696K(448000K)->447882K(448000K)
[616.912s][info][gc,metaspace   ] GC(670) Metaspace: 43164K(43520K)->43164K(43520K) NonClass: 40343K(40576K)->40343K(40576K) Class: 2820K(2944K)->2820K(2944K)
[616.912s][info][gc             ] GC(670) Pause Young (Allocation Failure) 687M->438M(721M) 3.356ms
[616.912s][info][gc,cpu         ] GC(670) User=0.01s Sys=0.00s Real=0.00s
[617.501s][info][gc,start       ] GC(671) Pause Young (Allocation Failure)
[617.506s][info][gc,heap        ] GC(671) PSYoungGen: 253952K(290304K)->4632K(290304K) Eden: 252416K(252416K)->0K(259584K) From: 1536K(37888K)->4632K(30720K)
[617.506s][info][gc,heap        ] GC(671) ParOldGen: 447882K(448000K)->447898K(448000K)
[617.506s][info][gc,metaspace   ] GC(671) Metaspace: 43168K(43520K)->43168K(43520K) NonClass: 40348K(40576K)->40348K(40576K) Class: 2820K(2944K)->2820K(2944K)
[617.506s][info][gc             ] GC(671) Pause Young (Allocation Failure) 685M->441M(721M) 5.839ms
[617.506s][info][gc,cpu         ] GC(671) User=0.01s Sys=0.00s Real=0.01s
[618.140s][info][gc,start       ] GC(672) Pause Young (Allocation Failure)
[618.146s][info][gc,heap        ] GC(672) PSYoungGen: 264216K(290304K)->4745K(293888K) Eden: 259584K(259584K)->0K(259584K) From: 4632K(30720K)->4745K(34304K)
[618.146s][info][gc,heap        ] GC(672) ParOldGen: 447898K(448000K)->447946K(448000K)
[618.146s][info][gc,metaspace   ] GC(672) Metaspace: 43189K(43584K)->43189K(43584K) NonClass: 40368K(40640K)->40368K(40640K) Class: 2820K(2944K)->2820K(2944K)
[618.146s][info][gc             ] GC(672) Pause Young (Allocation Failure) 695M->442M(724M) 6.369ms
[618.146s][info][gc,cpu         ] GC(672) User=0.01s Sys=0.00s Real=0.01s
[618.738s][info][gc,start       ] GC(673) Pause Young (Allocation Failure)
[618.747s][info][gc,heap        ] GC(673) PSYoungGen: 264329K(293888K)->8657K(293888K) Eden: 259584K(259584K)->0K(267264K) From: 4745K(34304K)->8657K(26624K)
[618.747s][info][gc,heap        ] GC(673) ParOldGen: 447946K(448000K)->449280K(449536K)
[618.747s][info][gc,metaspace   ] GC(673) Metaspace: 43189K(43584K)->43189K(43584K) NonClass: 40368K(40640K)->40368K(40640K) Class: 2820K(2944K)->2820K(2944K)
[618.747s][info][gc             ] GC(673) Pause Young (Allocation Failure) 695M->447M(726M) 8.452ms
[618.747s][info][gc,cpu         ] GC(673) User=0.01s Sys=0.00s Real=0.01s
[619.953s][info][gc,start       ] GC(674) Pause Young (Allocation Failure)
[619.961s][info][gc,heap        ] GC(674) PSYoungGen: 275921K(293888K)->5074K(297472K) Eden: 267264K(267264K)->0K(267264K) From: 8657K(26624K)->5074K(30208K)
[619.961s][info][gc,heap        ] GC(674) ParOldGen: 449280K(449536K)->449408K(449536K)
[619.961s][info][gc,metaspace   ] GC(674) Metaspace: 43195K(43584K)->43195K(43584K) NonClass: 40375K(40640K)->40375K(40640K) Class: 2820K(2944K)->2820K(2944K)
[619.961s][info][gc             ] GC(674) Pause Young (Allocation Failure) 708M->443M(729M) 8.277ms
[619.961s][info][gc,cpu         ] GC(674) User=0.01s Sys=0.00s Real=0.00s
[620.873s][info][gc,start       ] GC(675) Pause Young (Allocation Failure)
[620.917s][info][gc,heap        ] GC(675) PSYoungGen: 272338K(297472K)->28640K(288768K) Eden: 267264K(267264K)->0K(260096K) From: 5074K(30208K)->28640K(28672K)
[620.917s][info][gc,heap        ] GC(675) ParOldGen: 449408K(449536K)->456354K(456704K)
[620.917s][info][gc,metaspace   ] GC(675) Metaspace: 43197K(43584K)->43197K(43584K) NonClass: 40376K(40640K)->40376K(40640K) Class: 2820K(2944K)->2820K(2944K)
[620.917s][info][gc             ] GC(675) Pause Young (Allocation Failure) 704M->473M(728M) 44.607ms
[620.917s][info][gc,cpu         ] GC(675) User=0.08s Sys=0.01s Real=0.04s
[621.571s][info][gc,start       ] GC(676) Pause Young (Allocation Failure)
[621.647s][info][gc,heap        ] GC(676) PSYoungGen: 288736K(288768K)->29304K(289792K) Eden: 260096K(260096K)->0K(260096K) From: 28640K(28672K)->29304K(29696K)
[621.647s][info][gc,heap        ] GC(676) ParOldGen: 456354K(456704K)->484274K(484352K)
[621.647s][info][gc,metaspace   ] GC(676) Metaspace: 43197K(43584K)->43197K(43584K) NonClass: 40376K(40640K)->40376K(40640K) Class: 2820K(2944K)->2820K(2944K)
[621.647s][info][gc             ] GC(676) Pause Young (Allocation Failure) 727M->501M(756M) 76.858ms
[621.647s][info][gc,cpu         ] GC(676) User=0.11s Sys=0.02s Real=0.08s
[622.358s][info][gc,start       ] GC(677) Pause Young (Allocation Failure)
[622.428s][info][gc,heap        ] GC(677) PSYoungGen: 289400K(289792K)->29136K(285696K) Eden: 260096K(260096K)->0K(244736K) From: 29304K(29696K)->29136K(40960K)
[622.428s][info][gc,heap        ] GC(677) ParOldGen: 484274K(484352K)->511874K(512000K)
[622.428s][info][gc,metaspace   ] GC(677) Metaspace: 43197K(43584K)->43197K(43584K) NonClass: 40376K(40640K)->40376K(40640K) Class: 2820K(2944K)->2820K(2944K)
[622.428s][info][gc             ] GC(677) Pause Young (Allocation Failure) 755M->528M(779M) 70.585ms
[622.428s][info][gc,cpu         ] GC(677) User=0.11s Sys=0.03s Real=0.07s
[626.545s][info][gc,start       ] GC(678) Pause Young (Allocation Failure)
[626.594s][info][gc,heap        ] GC(678) PSYoungGen: 273872K(285696K)->10240K(289280K) Eden: 244736K(244736K)->0K(244736K) From: 29136K(40960K)->10240K(44544K)
[626.594s][info][gc,heap        ] GC(678) ParOldGen: 511874K(512000K)->541187K(541696K)
[626.594s][info][gc,metaspace   ] GC(678) Metaspace: 43200K(43584K)->43200K(43584K) NonClass: 40379K(40640K)->40379K(40640K) Class: 2820K(2944K)->2820K(2944K)
[626.594s][info][gc             ] GC(678) Pause Young (Allocation Failure) 767M->538M(811M) 49.366ms
[626.594s][info][gc,cpu         ] GC(678) User=0.07s Sys=0.03s Real=0.05s
[627.434s][info][gc,start       ] GC(679) Pause Young (Allocation Failure)
[627.454s][info][gc,heap        ] GC(679) PSYoungGen: 254976K(289280K)->5078K(286208K) Eden: 244736K(244736K)->0K(247296K) From: 10240K(44544K)->5078K(38912K)
[627.454s][info][gc,heap        ] GC(679) ParOldGen: 541187K(541696K)->551184K(551424K)
[627.454s][info][gc,metaspace   ] GC(679) Metaspace: 43200K(43584K)->43200K(43584K) NonClass: 40379K(40640K)->40379K(40640K) Class: 2820K(2944K)->2820K(2944K)
[627.454s][info][gc             ] GC(679) Pause Young (Allocation Failure) 777M->543M(818M) 20.142ms
[627.454s][info][gc,cpu         ] GC(679) User=0.03s Sys=0.01s Real=0.02s
[628.794s][info][gc,start       ] GC(680) Pause Young (Allocation Failure)
[628.803s][info][gc,heap        ] GC(680) PSYoungGen: 252374K(286208K)->2491K(288256K) Eden: 247296K(247296K)->0K(247296K) From: 5078K(38912K)->2491K(40960K)
[628.803s][info][gc,heap        ] GC(680) ParOldGen: 551184K(551424K)->554929K(555008K)
[628.803s][info][gc,metaspace   ] GC(680) Metaspace: 43200K(43584K)->43200K(43584K) NonClass: 40379K(40640K)->40379K(40640K) Class: 2820K(2944K)->2820K(2944K)
[628.803s][info][gc             ] GC(680) Pause Young (Allocation Failure) 784M->544M(823M) 9.132ms
[628.803s][info][gc,cpu         ] GC(680) User=0.02s Sys=0.00s Real=0.01s
[630.263s][info][gc,start       ] GC(681) Pause Young (Allocation Failure)
[630.293s][info][gc,heap        ] GC(681) PSYoungGen: 249787K(288256K)->25807K(289792K) Eden: 247296K(247296K)->0K(249856K) From: 2491K(40960K)->25807K(39936K)
[630.293s][info][gc,heap        ] GC(681) ParOldGen: 554929K(555008K)->557372K(557568K)
[630.293s][info][gc,metaspace   ] GC(681) Metaspace: 43200K(43584K)->43200K(43584K) NonClass: 40379K(40640K)->40379K(40640K) Class: 2820K(2944K)->2820K(2944K)
[630.293s][info][gc             ] GC(681) Pause Young (Allocation Failure) 785M->569M(827M) 30.456ms
[630.293s][info][gc,cpu         ] GC(681) User=0.06s Sys=0.00s Real=0.03s
[631.825s][info][gc,start       ] GC(682) Pause Young (Allocation Failure)
[631.880s][info][gc,heap        ] GC(682) PSYoungGen: 275663K(289792K)->22462K(272384K) Eden: 249856K(249856K)->0K(249856K) From: 25807K(39936K)->22462K(22528K)
[631.880s][info][gc,heap        ] GC(682) ParOldGen: 557372K(557568K)->582954K(583168K)
[631.880s][info][gc,metaspace   ] GC(682) Metaspace: 43200K(43584K)->43200K(43584K) NonClass: 40379K(40640K)->40379K(40640K) Class: 2820K(2944K)->2820K(2944K)
[631.880s][info][gc             ] GC(682) Pause Young (Allocation Failure) 813M->591M(835M) 55.004ms
[631.880s][info][gc,cpu         ] GC(682) User=0.09s Sys=0.02s Real=0.05s
[633.057s][info][gc,start       ] GC(683) Pause Young (Allocation Failure)
[633.110s][info][gc,heap        ] GC(683) PSYoungGen: 272318K(272384K)->31253K(284160K) Eden: 249856K(249856K)->0K(241664K) From: 22462K(22528K)->31253K(42496K)
[633.111s][info][gc,heap        ] GC(683) ParOldGen: 582954K(583168K)->605431K(605696K)
[633.111s][info][gc,metaspace   ] GC(683) Metaspace: 43200K(43584K)->43200K(43584K) NonClass: 40379K(40640K)->40379K(40640K) Class: 2820K(2944K)->2820K(2944K)
[633.111s][info][gc             ] GC(683) Pause Young (Allocation Failure) 835M->621M(869M) 53.975ms
[633.111s][info][gc,cpu         ] GC(683) User=0.09s Sys=0.02s Real=0.05s
[633.750s][info][gc,start       ] GC(684) Pause Young (Allocation Failure)
[633.819s][info][gc,heap        ] GC(684) PSYoungGen: 272917K(284160K)->30092K(271872K) Eden: 241664K(241664K)->0K(241664K) From: 31253K(42496K)->30092K(30208K)
[633.819s][info][gc,heap        ] GC(684) ParOldGen: 605431K(605696K)->636385K(636416K)
[633.819s][info][gc,metaspace   ] GC(684) Metaspace: 43200K(43584K)->43200K(43584K) NonClass: 40379K(40640K)->40379K(40640K) Class: 2820K(2944K)->2820K(2944K)
[633.819s][info][gc             ] GC(684) Pause Young (Allocation Failure) 857M->650M(887M) 68.735ms
[633.819s][info][gc,cpu         ] GC(684) User=0.11s Sys=0.03s Real=0.07s
[634.380s][info][gc,start       ] GC(685) Pause Full (Allocation Failure)
[634.380s][info][gc,phases,start] GC(685) Marking Phase
[634.472s][info][gc,phases      ] GC(685) Marking Phase 91.929ms
[634.472s][info][gc,phases,start] GC(685) Summary Phase
[634.472s][info][gc,phases      ] GC(685) Summary Phase 0.030ms
[634.472s][info][gc,phases,start] GC(685) Forward
[634.497s][info][gc,phases      ] GC(685) Forward 24.528ms
[634.497s][info][gc,phases,start] GC(685) Adjust Pointers
[634.561s][info][gc,phases      ] GC(685) Adjust Pointers 63.671ms
[634.561s][info][gc,phases,start] GC(685) Compaction Phase
[634.594s][info][gc,phases      ] GC(685) Compaction Phase 33.034ms
[634.594s][info][gc,phases,start] GC(685) Post Compact
[634.597s][info][gc,phases      ] GC(685) Post Compact 2.731ms
[634.628s][info][gc,heap        ] GC(685) PSYoungGen: 271756K(271872K)->0K(285184K) Eden: 241664K(241664K)->0K(236544K) From: 30092K(30208K)->0K(48640K)
[634.628s][info][gc,heap        ] GC(685) ParOldGen: 636385K(636416K)->119670K(265216K)
[634.628s][info][gc,metaspace   ] GC(685) Metaspace: 43200K(43584K)->43200K(43584K) NonClass: 40379K(40640K)->40379K(40640K) Class: 2820K(2944K)->2820K(2944K)
[634.629s][info][gc             ] GC(685) Pause Full (Allocation Failure) 886M->116M(537M) 248.283ms
[634.629s][info][gc,cpu         ] GC(685) User=0.38s Sys=0.03s Real=0.25s
[636.350s][info][gc,start       ] GC(686) Pause Young (Allocation Failure)
[636.374s][info][gc,heap        ] GC(686) PSYoungGen: 236544K(285184K)->23546K(260096K) Eden: 236544K(236544K)->0K(236544K) From: 0K(48640K)->23546K(23552K)
[636.374s][info][gc,heap        ] GC(686) ParOldGen: 119670K(265216K)->119670K(265216K)
[636.374s][info][gc,metaspace   ] GC(686) Metaspace: 43200K(43584K)->43200K(43584K) NonClass: 40379K(40640K)->40379K(40640K) Class: 2820K(2944K)->2820K(2944K)
[636.374s][info][gc             ] GC(686) Pause Young (Allocation Failure) 347M->139M(513M) 23.941ms
[636.374s][info][gc,cpu         ] GC(686) User=0.05s Sys=0.00s Real=0.03s
[637.366s][info][gc,start       ] GC(687) Pause Young (Allocation Failure)
[637.393s][info][gc,heap        ] GC(687) PSYoungGen: 260090K(260096K)->11761K(285696K) Eden: 236544K(236544K)->0K(238080K) From: 23546K(23552K)->11761K(47616K)
[637.393s][info][gc,heap        ] GC(687) ParOldGen: 119670K(265216K)->141782K(265216K)
[637.393s][info][gc,metaspace   ] GC(687) Metaspace: 43200K(43584K)->43200K(43584K) NonClass: 40379K(40640K)->40379K(40640K) Class: 2820K(2944K)->2820K(2944K)
[637.393s][info][gc             ] GC(687) Pause Young (Allocation Failure) 370M->149M(538M) 27.059ms
[637.393s][info][gc,cpu         ] GC(687) User=0.06s Sys=0.00s Real=0.03s
[638.718s][info][gc,start       ] GC(688) Pause Young (Allocation Failure)
[638.726s][info][gc,heap        ] GC(688) PSYoungGen: 249841K(285696K)->2377K(284160K) Eden: 238080K(238080K)->0K(238080K) From: 11761K(47616K)->2377K(46080K)
[638.726s][info][gc,heap        ] GC(688) ParOldGen: 141782K(265216K)->150376K(265216K)
[638.726s][info][gc,metaspace   ] GC(688) Metaspace: 43200K(43584K)->43200K(43584K) NonClass: 40379K(40640K)->40379K(40640K) Class: 2820K(2944K)->2820K(2944K)
[638.726s][info][gc             ] GC(688) Pause Young (Allocation Failure) 382M->149M(536M) 8.380ms
[638.726s][info][gc,cpu         ] GC(688) User=0.02s Sys=0.00s Real=0.01s
[640.147s][info][gc,start       ] GC(689) Pause Young (Allocation Failure)
[640.198s][info][gc,heap        ] GC(689) PSYoungGen: 240457K(284160K)->22033K(286208K) Eden: 238080K(238080K)->0K(240640K) From: 2377K(46080K)->22033K(45568K)
[640.198s][info][gc,heap        ] GC(689) ParOldGen: 150376K(265216K)->152277K(265216K)
[640.198s][info][gc,metaspace   ] GC(689) Metaspace: 43200K(43584K)->43200K(43584K) NonClass: 40379K(40640K)->40379K(40640K) Class: 2820K(2944K)->2820K(2944K)
[640.198s][info][gc             ] GC(689) Pause Young (Allocation Failure) 381M->170M(538M) 50.563ms
[640.198s][info][gc,cpu         ] GC(689) User=0.05s Sys=0.00s Real=0.05s
[641.642s][info][gc,start       ] GC(690) Pause Young (Allocation Failure)
[641.682s][info][gc,heap        ] GC(690) PSYoungGen: 262673K(286208K)->22868K(285696K) Eden: 240640K(240640K)->0K(240640K) From: 22033K(45568K)->22868K(45056K)
[641.683s][info][gc,heap        ] GC(690) ParOldGen: 152277K(265216K)->174425K(265216K)
[641.683s][info][gc,metaspace   ] GC(690) Metaspace: 43200K(43584K)->43200K(43584K) NonClass: 40379K(40640K)->40379K(40640K) Class: 2820K(2944K)->2820K(2944K)
[641.683s][info][gc             ] GC(690) Pause Young (Allocation Failure) 405M->192M(538M) 40.689ms
[641.683s][info][gc,cpu         ] GC(690) User=0.08s Sys=0.00s Real=0.05s
[642.681s][info][gc,start       ] GC(691) Pause Young (Allocation Failure)
[642.711s][info][gc,heap        ] GC(691) PSYoungGen: 263508K(285696K)->14191K(284672K) Eden: 240640K(240640K)->0K(244224K) From: 22868K(45056K)->14191K(40448K)
[642.711s][info][gc,heap        ] GC(691) ParOldGen: 174425K(265216K)->197338K(265216K)
[642.711s][info][gc,metaspace   ] GC(691) Metaspace: 43200K(43584K)->43200K(43584K) NonClass: 40379K(40640K)->40379K(40640K) Class: 2820K(2944K)->2820K(2944K)
[642.711s][info][gc             ] GC(691) Pause Young (Allocation Failure) 427M->206M(537M) 29.585ms
[642.711s][info][gc,cpu         ] GC(691) User=0.06s Sys=0.00s Real=0.03s
[643.717s][info][gc,start       ] GC(692) Pause Young (Allocation Failure)
[643.729s][info][gc,heap        ] GC(692) PSYoungGen: 258415K(284672K)->5934K(286208K) Eden: 244224K(244224K)->0K(244224K) From: 14191K(40448K)->5934K(41984K)
[643.729s][info][gc,heap        ] GC(692) ParOldGen: 197338K(265216K)->207537K(265216K)
[643.729s][info][gc,metaspace   ] GC(692) Metaspace: 43200K(43584K)->43200K(43584K) NonClass: 40379K(40640K)->40379K(40640K) Class: 2820K(2944K)->2820K(2944K)
[643.729s][info][gc             ] GC(692) Pause Young (Allocation Failure) 445M->208M(538M) 11.912ms
[643.729s][info][gc,cpu         ] GC(692) User=0.03s Sys=0.00s Real=0.01s
[644.767s][info][gc,start       ] GC(693) Pause Young (Allocation Failure)
[644.792s][info][gc,heap        ] GC(693) PSYoungGen: 250158K(286208K)->22972K(291328K) Eden: 244224K(244224K)->0K(250368K) From: 5934K(41984K)->22972K(40960K)
[644.792s][info][gc,heap        ] GC(693) ParOldGen: 207537K(265216K)->208449K(265216K)
[644.792s][info][gc,metaspace   ] GC(693) Metaspace: 43201K(43584K)->43201K(43584K) NonClass: 40381K(40640K)->40381K(40640K) Class: 2820K(2944K)->2820K(2944K)
[644.792s][info][gc             ] GC(693) Pause Young (Allocation Failure) 446M->225M(543M) 25.194ms
[644.792s][info][gc,cpu         ] GC(693) User=0.05s Sys=0.00s Real=0.02s
[645.687s][info][gc,start       ] GC(694) Pause Young (Allocation Failure)
[645.692s][info][gc,heap        ] GC(694) PSYoungGen: 273340K(291328K)->5181K(291840K) Eden: 250368K(250368K)->0K(250368K) From: 22972K(40960K)->5181K(41472K)
[645.692s][info][gc,heap        ] GC(694) ParOldGen: 208449K(265216K)->209721K(265216K)
[645.692s][info][gc,metaspace   ] GC(694) Metaspace: 43221K(43584K)->43221K(43584K) NonClass: 40401K(40640K)->40401K(40640K) Class: 2820K(2944K)->2820K(2944K)
[645.692s][info][gc             ] GC(694) Pause Young (Allocation Failure) 470M->209M(544M) 5.870ms
[645.692s][info][gc,cpu         ] GC(694) User=0.01s Sys=0.00s Real=0.00s
[646.598s][info][gc,start       ] GC(695) Pause Young (Allocation Failure)
[646.607s][info][gc,heap        ] GC(695) PSYoungGen: 255549K(291840K)->8710K(289280K) Eden: 250368K(250368K)->0K(251392K) From: 5181K(41472K)->8710K(37888K)
[646.607s][info][gc,heap        ] GC(695) ParOldGen: 209721K(265216K)->210585K(265216K)
[646.607s][info][gc,metaspace   ] GC(695) Metaspace: 43221K(43584K)->43221K(43584K) NonClass: 40401K(40640K)->40401K(40640K) Class: 2820K(2944K)->2820K(2944K)
[646.607s][info][gc             ] GC(695) Pause Young (Allocation Failure) 454M->214M(541M) 9.312ms
[646.607s][info][gc,cpu         ] GC(695) User=0.02s Sys=0.00s Real=0.01s
[647.761s][info][gc,start       ] GC(696) Pause Young (Allocation Failure)
[647.787s][info][gc,heap        ] GC(696) PSYoungGen: 260102K(289280K)->28908K(290816K) Eden: 251392K(251392K)->0K(251392K) From: 8710K(37888K)->28908K(39424K)
[647.788s][info][gc,heap        ] GC(696) ParOldGen: 210585K(265216K)->211905K(265216K)
[647.788s][info][gc,metaspace   ] GC(696) Metaspace: 43221K(43584K)->43221K(43584K) NonClass: 40401K(40640K)->40401K(40640K) Class: 2820K(2944K)->2820K(2944K)
[647.788s][info][gc             ] GC(696) Pause Young (Allocation Failure) 459M->235M(543M) 26.906ms
[647.788s][info][gc,cpu         ] GC(696) User=0.05s Sys=0.00s Real=0.03s
[648.774s][info][gc,start       ] GC(697) Pause Young (Allocation Failure)
[648.797s][info][gc,heap        ] GC(697) PSYoungGen: 280300K(290816K)->16509K(291840K) Eden: 251392K(251392K)->0K(251392K) From: 28908K(39424K)->16509K(40448K)
[648.797s][info][gc,heap        ] GC(697) ParOldGen: 211905K(265216K)->212609K(265216K)
[648.797s][info][gc,metaspace   ] GC(697) Metaspace: 43222K(43584K)->43222K(43584K) NonClass: 40401K(40640K)->40401K(40640K) Class: 2820K(2944K)->2820K(2944K)
[648.798s][info][gc             ] GC(697) Pause Young (Allocation Failure) 480M->223M(544M) 23.857ms
[648.798s][info][gc,cpu         ] GC(697) User=0.03s Sys=0.01s Real=0.02s
[649.652s][info][gc,start       ] GC(698) Pause Young (Allocation Failure)
[649.664s][info][gc,heap        ] GC(698) PSYoungGen: 267901K(291840K)->12615K(291328K) Eden: 251392K(251392K)->0K(251392K) From: 16509K(40448K)->12615K(39936K)
[649.664s][info][gc,heap        ] GC(698) ParOldGen: 212609K(265216K)->213729K(265216K)
[649.664s][info][gc,metaspace   ] GC(698) Metaspace: 43222K(43584K)->43222K(43584K) NonClass: 40401K(40640K)->40401K(40640K) Class: 2820K(2944K)->2820K(2944K)
[649.664s][info][gc             ] GC(698) Pause Young (Allocation Failure) 469M->221M(543M) 11.829ms
[649.664s][info][gc,cpu         ] GC(698) User=0.03s Sys=0.00s Real=0.02s
[650.588s][info][gc,start       ] GC(699) Pause Young (Allocation Failure)
[650.596s][info][gc,heap        ] GC(699) PSYoungGen: 264007K(291328K)->7845K(292864K) Eden: 251392K(251392K)->0K(254464K) From: 12615K(39936K)->7845K(38400K)
[650.596s][info][gc,heap        ] GC(699) ParOldGen: 213729K(265216K)->214637K(265216K)
[650.596s][info][gc,metaspace   ] GC(699) Metaspace: 43222K(43584K)->43222K(43584K) NonClass: 40401K(40640K)->40401K(40640K) Class: 2820K(2944K)->2820K(2944K)
[650.596s][info][gc             ] GC(699) Pause Young (Allocation Failure) 466M->217M(545M) 8.042ms
[650.596s][info][gc,cpu         ] GC(699) User=0.01s Sys=0.00s Real=0.01s
[651.595s][info][gc,start       ] GC(700) Pause Young (Allocation Failure)
[651.609s][info][gc,heap        ] GC(700) PSYoungGen: 262309K(292864K)->13453K(291840K) Eden: 254464K(254464K)->0K(254464K) From: 7845K(38400K)->13453K(37376K)
[651.609s][info][gc,heap        ] GC(700) ParOldGen: 214637K(265216K)->215769K(265216K)
[651.609s][info][gc,metaspace   ] GC(700) Metaspace: 43222K(43584K)->43222K(43584K) NonClass: 40401K(40640K)->40401K(40640K) Class: 2820K(2944K)->2820K(2944K)
[651.609s][info][gc             ] GC(700) Pause Young (Allocation Failure) 465M->223M(544M) 14.597ms
[651.609s][info][gc,cpu         ] GC(700) User=0.03s Sys=0.00s Real=0.01s
[652.425s][info][gc,start       ] GC(701) Pause Young (Allocation Failure)
[652.466s][info][gc,heap        ] GC(701) PSYoungGen: 267917K(291840K)->35305K(281088K) Eden: 254464K(254464K)->0K(245760K) From: 13453K(37376K)->35305K(35328K)
[652.466s][info][gc,heap        ] GC(701) ParOldGen: 215769K(265216K)->224681K(265216K)
[652.466s][info][gc,metaspace   ] GC(701) Metaspace: 43222K(43584K)->43222K(43584K) NonClass: 40402K(40640K)->40402K(40640K) Class: 2820K(2944K)->2820K(2944K)
[652.466s][info][gc             ] GC(701) Pause Young (Allocation Failure) 472M->253M(533M) 40.516ms
[652.466s][info][gc,cpu         ] GC(701) User=0.07s Sys=0.00s Real=0.04s
[653.694s][info][gc,start       ] GC(702) Pause Young (Allocation Failure)
[653.751s][info][gc,heap        ] GC(702) PSYoungGen: 281065K(281088K)->30839K(276992K) Eden: 245760K(245760K)->0K(245760K) From: 35305K(35328K)->30839K(31232K)
[653.751s][info][gc,heap        ] GC(702) ParOldGen: 224681K(265216K)->246116K(265216K)
[653.751s][info][gc,metaspace   ] GC(702) Metaspace: 43222K(43584K)->43222K(43584K) NonClass: 40402K(40640K)->40402K(40640K) Class: 2820K(2944K)->2820K(2944K)
[653.751s][info][gc             ] GC(702) Pause Young (Allocation Failure) 493M->270M(529M) 57.524ms
[653.751s][info][gc,cpu         ] GC(702) User=0.11s Sys=0.00s Real=0.05s
[654.780s][info][gc,start       ] GC(703) Pause Young (Allocation Failure)
[654.845s][info][gc,heap        ] GC(703) PSYoungGen: 276599K(276992K)->28011K(286208K) Eden: 245760K(245760K)->0K(239616K) From: 30839K(31232K)->28011K(46592K)
[654.845s][info][gc,heap        ] GC(703) ParOldGen: 246116K(265216K)->276598K(276992K)
[654.845s][info][gc,metaspace   ] GC(703) Metaspace: 43222K(43584K)->43222K(43584K) NonClass: 40402K(40640K)->40402K(40640K) Class: 2820K(2944K)->2820K(2944K)
[654.845s][info][gc             ] GC(703) Pause Young (Allocation Failure) 510M->297M(550M) 65.680ms
[654.845s][info][gc,cpu         ] GC(703) User=0.12s Sys=0.01s Real=0.07s
[655.620s][info][gc,start       ] GC(704) Pause Young (Allocation Failure)
[655.674s][info][gc,heap        ] GC(704) PSYoungGen: 267627K(286208K)->34394K(274432K) Eden: 239616K(239616K)->0K(239616K) From: 28011K(46592K)->34394K(34816K)
[655.674s][info][gc,heap        ] GC(704) ParOldGen: 276598K(276992K)->296406K(296448K)
[655.674s][info][gc,metaspace   ] GC(704) Metaspace: 43222K(43584K)->43222K(43584K) NonClass: 40402K(40640K)->40402K(40640K) Class: 2820K(2944K)->2820K(2944K)
[655.674s][info][gc             ] GC(704) Pause Young (Allocation Failure) 531M->323M(557M) 53.879ms
[655.674s][info][gc,cpu         ] GC(704) User=0.09s Sys=0.01s Real=0.06s
[656.532s][info][gc,start       ] GC(705) Pause Young (Allocation Failure)
[656.556s][info][gc,heap        ] GC(705) PSYoungGen: 274010K(274432K)->17848K(286208K) Eden: 239616K(239616K)->0K(236544K) From: 34394K(34816K)->17848K(49664K)
[656.556s][info][gc,heap        ] GC(705) ParOldGen: 296406K(296448K)->306895K(307200K)
[656.556s][info][gc,metaspace   ] GC(705) Metaspace: 43222K(43584K)->43222K(43584K) NonClass: 40402K(40640K)->40402K(40640K) Class: 2820K(2944K)->2820K(2944K)
[656.556s][info][gc             ] GC(705) Pause Young (Allocation Failure) 557M->317M(579M) 24.258ms
[656.556s][info][gc,cpu         ] GC(705) User=0.04s Sys=0.01s Real=0.03s
[657.395s][info][gc,start       ] GC(706) Pause Young (Allocation Failure)
[657.410s][info][gc,heap        ] GC(706) PSYoungGen: 254392K(286208K)->18381K(254976K) Eden: 236544K(236544K)->0K(236544K) From: 17848K(49664K)->18381K(18432K)
[657.410s][info][gc,heap        ] GC(706) ParOldGen: 306895K(307200K)->307419K(307712K)
[657.410s][info][gc,metaspace   ] GC(706) Metaspace: 43222K(43584K)->43222K(43584K) NonClass: 40402K(40640K)->40402K(40640K) Class: 2820K(2944K)->2820K(2944K)
[657.410s][info][gc             ] GC(706) Pause Young (Allocation Failure) 548M->318M(549M) 14.975ms
[657.410s][info][gc,cpu         ] GC(706) User=0.03s Sys=0.00s Real=0.01s
[658.364s][info][gc,start       ] GC(707) Pause Young (Allocation Failure)
[658.381s][info][gc,heap        ] GC(707) PSYoungGen: 254925K(254976K)->22050K(284160K) Eden: 236544K(236544K)->0K(238592K) From: 18381K(18432K)->22050K(45568K)
[658.381s][info][gc,heap        ] GC(707) ParOldGen: 307419K(307712K)->308138K(308224K)
[658.381s][info][gc,metaspace   ] GC(707) Metaspace: 43222K(43584K)->43222K(43584K) NonClass: 40402K(40640K)->40402K(40640K) Class: 2820K(2944K)->2820K(2944K)
[658.381s][info][gc             ] GC(707) Pause Young (Allocation Failure) 549M->322M(578M) 16.913ms
[658.381s][info][gc,cpu         ] GC(707) User=0.03s Sys=0.00s Real=0.01s
[659.288s][info][gc,start       ] GC(708) Pause Young (Allocation Failure)
[659.342s][info][gc,heap        ] GC(708) PSYoungGen: 260642K(284160K)->43515K(282112K) Eden: 238592K(238592K)->0K(238592K) From: 22050K(45568K)->43515K(43520K)
[659.342s][info][gc,heap        ] GC(708) ParOldGen: 308138K(308224K)->331737K(331776K)
[659.342s][info][gc,metaspace   ] GC(708) Metaspace: 43222K(43584K)->43222K(43584K) NonClass: 40402K(40640K)->40402K(40640K) Class: 2820K(2944K)->2820K(2944K)
[659.342s][info][gc             ] GC(708) Pause Young (Allocation Failure) 555M->366M(599M) 54.261ms
[659.342s][info][gc,cpu         ] GC(708) User=0.09s Sys=0.02s Real=0.05s
[660.267s][info][gc,start       ] GC(709) Pause Young (Allocation Failure)
[660.453s][info][gc,heap        ] GC(709) PSYoungGen: 282107K(282112K)->51680K(163328K) Eden: 238592K(238592K)->0K(111616K) From: 43515K(43520K)->51680K(51712K)
[660.453s][info][gc,heap        ] GC(709) ParOldGen: 331737K(331776K)->458297K(458752K)
[660.453s][info][gc,metaspace   ] GC(709) Metaspace: 43222K(43584K)->43222K(43584K) NonClass: 40402K(40640K)->40402K(40640K) Class: 2820K(2944K)->2820K(2944K)
[660.453s][info][gc             ] GC(709) Pause Young (Allocation Failure) 599M->498M(607M) 185.831ms
[660.453s][info][gc,cpu         ] GC(709) User=0.26s Sys=0.10s Real=0.19s
[660.912s][info][gc,start       ] GC(710) Pause Young (Allocation Failure)
[661.028s][info][gc,heap        ] GC(710) PSYoungGen: 163296K(163328K)->54919K(222720K) Eden: 111616K(111616K)->0K(111616K) From: 51680K(51712K)->54919K(111104K)
[661.028s][info][gc,heap        ] GC(710) ParOldGen: 458297K(458752K)->509636K(509952K)
[661.028s][info][gc,metaspace   ] GC(710) Metaspace: 43222K(43584K)->43222K(43584K) NonClass: 40402K(40640K)->40402K(40640K) Class: 2820K(2944K)->2820K(2944K)
[661.028s][info][gc             ] GC(710) Pause Young (Allocation Failure) 607M->551M(715M) 116.650ms
[661.028s][info][gc,cpu         ] GC(710) User=0.18s Sys=0.05s Real=0.12s
[661.452s][info][gc,start       ] GC(711) Pause Young (Allocation Failure)
[661.513s][info][gc,heap        ] GC(711) PSYoungGen: 166535K(222720K)->5415K(220160K) Eden: 111616K(111616K)->0K(113152K) From: 54919K(111104K)->5415K(107008K)
[661.513s][info][gc,heap        ] GC(711) ParOldGen: 509636K(509952K)->550181K(550400K)
[661.513s][info][gc,metaspace   ] GC(711) Metaspace: 43222K(43584K)->43222K(43584K) NonClass: 40402K(40640K)->40402K(40640K) Class: 2820K(2944K)->2820K(2944K)
[661.513s][info][gc             ] GC(711) Pause Young (Allocation Failure) 660M->542M(752M) 61.109ms
[661.513s][info][gc,cpu         ] GC(711) User=0.08s Sys=0.03s Real=0.07s
[661.931s][info][gc,start       ] GC(712) Pause Young (Allocation Failure)
[661.941s][info][gc,heap        ] GC(712) PSYoungGen: 118567K(220160K)->10220K(222208K) Eden: 113152K(113152K)->0K(113152K) From: 5415K(107008K)->10220K(109056K)
[661.941s][info][gc,heap        ] GC(712) ParOldGen: 550181K(550400K)->550550K(550912K)
[661.941s][info][gc,metaspace   ] GC(712) Metaspace: 43222K(43584K)->43222K(43584K) NonClass: 40402K(40640K)->40402K(40640K) Class: 2820K(2944K)->2820K(2944K)
[661.941s][info][gc             ] GC(712) Pause Young (Allocation Failure) 653M->547M(755M) 9.824ms
[661.941s][info][gc,cpu         ] GC(712) User=0.02s Sys=0.00s Real=0.01s
[662.426s][info][gc,start       ] GC(713) Pause Young (Allocation Failure)
[662.432s][info][gc,heap        ] GC(713) PSYoungGen: 123372K(222208K)->3896K(221696K) Eden: 113152K(113152K)->0K(117760K) From: 10220K(109056K)->3896K(103936K)
[662.432s][info][gc,heap        ] GC(713) ParOldGen: 550550K(550912K)->551185K(551424K)
[662.432s][info][gc,metaspace   ] GC(713) Metaspace: 43222K(43584K)->43222K(43584K) NonClass: 40402K(40640K)->40402K(40640K) Class: 2820K(2944K)->2820K(2944K)
[662.432s][info][gc             ] GC(713) Pause Young (Allocation Failure) 658M->542M(755M) 6.085ms
[662.433s][info][gc,cpu         ] GC(713) User=0.01s Sys=0.00s Real=0.01s
[662.885s][info][gc,start       ] GC(714) Pause Young (Allocation Failure)
[662.909s][info][gc,heap        ] GC(714) PSYoungGen: 121656K(221696K)->33448K(151552K) Eden: 117760K(117760K)->0K(117760K) From: 3896K(103936K)->33448K(33792K)
[662.909s][info][gc,heap        ] GC(714) ParOldGen: 551185K(551424K)->551518K(551936K)
[662.909s][info][gc,metaspace   ] GC(714) Metaspace: 43222K(43584K)->43222K(43584K) NonClass: 40402K(40640K)->40402K(40640K) Class: 2820K(2944K)->2820K(2944K)
[662.909s][info][gc             ] GC(714) Pause Young (Allocation Failure) 657M->571M(687M) 23.751ms
[662.909s][info][gc,cpu         ] GC(714) User=0.05s Sys=0.00s Real=0.02s
[663.353s][info][gc,start       ] GC(715) Pause Young (Allocation Failure)
[663.359s][info][gc,heap        ] GC(715) PSYoungGen: 151208K(151552K)->4651K(224256K) Eden: 117760K(117760K)->0K(125952K) From: 33448K(33792K)->4651K(98304K)
[663.359s][info][gc,heap        ] GC(715) ParOldGen: 551518K(551936K)->552085K(552448K)
[663.359s][info][gc,metaspace   ] GC(715) Metaspace: 43222K(43584K)->43222K(43584K) NonClass: 40402K(40640K)->40402K(40640K) Class: 2820K(2944K)->2820K(2944K)
[663.359s][info][gc             ] GC(715) Pause Young (Allocation Failure) 686M->543M(758M) 6.282ms
[663.359s][info][gc,cpu         ] GC(715) User=0.01s Sys=0.00s Real=0.00s
[663.821s][info][gc,start       ] GC(716) Pause Young (Allocation Failure)
[663.840s][info][gc,heap        ] GC(716) PSYoungGen: 130603K(224256K)->19758K(222720K) Eden: 125952K(125952K)->0K(125952K) From: 4651K(98304K)->19758K(96768K)
[663.840s][info][gc,heap        ] GC(716) ParOldGen: 552085K(552448K)->552773K(552960K)
[663.840s][info][gc,metaspace   ] GC(716) Metaspace: 43222K(43584K)->43222K(43584K) NonClass: 40402K(40640K)->40402K(40640K) Class: 2820K(2944K)->2820K(2944K)
[663.840s][info][gc             ] GC(716) Pause Young (Allocation Failure) 666M->559M(757M) 18.914ms
[663.840s][info][gc,cpu         ] GC(716) User=0.03s Sys=0.00s Real=0.02s
[664.301s][info][gc,start       ] GC(717) Pause Young (Allocation Failure)
[664.310s][info][gc,heap        ] GC(717) PSYoungGen: 145710K(222720K)->8673K(233472K) Eden: 125952K(125952K)->0K(141824K) From: 19758K(96768K)->8673K(91648K)
[664.310s][info][gc,heap        ] GC(717) ParOldGen: 552773K(552960K)->553182K(553472K)
[664.310s][info][gc,metaspace   ] GC(717) Metaspace: 43222K(43584K)->43222K(43584K) NonClass: 40402K(40640K)->40402K(40640K) Class: 2820K(2944K)->2820K(2944K)
[664.310s][info][gc             ] GC(717) Pause Young (Allocation Failure) 682M->548M(768M) 9.224ms
[664.311s][info][gc,cpu         ] GC(717) User=0.01s Sys=0.00s Real=0.01s
[664.843s][info][gc,start       ] GC(718) Pause Young (Allocation Failure)
[664.848s][info][gc,heap        ] GC(718) PSYoungGen: 150497K(233472K)->2396K(230400K) Eden: 141824K(141824K)->0K(141824K) From: 8673K(91648K)->2396K(88576K)
[664.848s][info][gc,heap        ] GC(718) ParOldGen: 553182K(553472K)->553413K(553472K)
[664.848s][info][gc,metaspace   ] GC(718) Metaspace: 43222K(43584K)->43222K(43584K) NonClass: 40402K(40640K)->40402K(40640K) Class: 2820K(2944K)->2820K(2944K)
[664.848s][info][gc             ] GC(718) Pause Young (Allocation Failure) 687M->542M(765M) 5.043ms
[664.848s][info][gc,cpu         ] GC(718) User=0.01s Sys=0.00s Real=0.00s
[665.372s][info][gc,start       ] GC(719) Pause Young (Allocation Failure)
[665.384s][info][gc,heap        ] GC(719) PSYoungGen: 144220K(230400K)->13672K(240640K) Eden: 141824K(141824K)->0K(158208K) From: 2396K(88576K)->13672K(82432K)
[665.384s][info][gc,heap        ] GC(719) ParOldGen: 553413K(553472K)->553671K(553984K)
[665.384s][info][gc,metaspace   ] GC(719) Metaspace: 43222K(43584K)->43222K(43584K) NonClass: 40402K(40640K)->40402K(40640K) Class: 2820K(2944K)->2820K(2944K)
[665.384s][info][gc             ] GC(719) Pause Young (Allocation Failure) 681M->554M(776M) 12.700ms
[665.384s][info][gc,cpu         ] GC(719) User=0.02s Sys=0.00s Real=0.02s
[665.890s][info][gc,start       ] GC(720) Pause Young (Allocation Failure)
[665.910s][info][gc,heap        ] GC(720) PSYoungGen: 171880K(240640K)->12573K(240640K) Eden: 158208K(158208K)->0K(158208K) From: 13672K(82432K)->12573K(82432K)
[665.910s][info][gc,heap        ] GC(720) ParOldGen: 553671K(553984K)->563936K(564224K)
[665.910s][info][gc,metaspace   ] GC(720) Metaspace: 43222K(43584K)->43222K(43584K) NonClass: 40402K(40640K)->40402K(40640K) Class: 2820K(2944K)->2820K(2944K)
[665.910s][info][gc             ] GC(720) Pause Young (Allocation Failure) 708M->562M(786M) 20.247ms
[665.910s][info][gc,cpu         ] GC(720) User=0.02s Sys=0.01s Real=0.02s
[666.447s][info][gc,start       ] GC(721) Pause Young (Allocation Failure)
[666.462s][info][gc,heap        ] GC(721) PSYoungGen: 170781K(240640K)->906K(249344K) Eden: 158208K(158208K)->0K(171008K) From: 12573K(82432K)->906K(78336K)
[666.462s][info][gc,heap        ] GC(721) ParOldGen: 563936K(564224K)->575432K(575488K)
[666.462s][info][gc,metaspace   ] GC(721) Metaspace: 43222K(43584K)->43222K(43584K) NonClass: 40402K(40640K)->40402K(40640K) Class: 2820K(2944K)->2820K(2944K)
[666.462s][info][gc             ] GC(721) Pause Young (Allocation Failure) 717M->562M(805M) 14.751ms
[666.462s][info][gc,cpu         ] GC(721) User=0.02s Sys=0.00s Real=0.01s
[667.007s][info][gc,start       ] GC(722) Pause Young (Allocation Failure)
[667.011s][info][gc,heap        ] GC(722) PSYoungGen: 171914K(249344K)->1397K(247296K) Eden: 171008K(171008K)->0K(171008K) From: 906K(78336K)->1397K(76288K)
[667.012s][info][gc,heap        ] GC(722) ParOldGen: 575432K(575488K)->575527K(576000K)
[667.012s][info][gc,metaspace   ] GC(722) Metaspace: 43222K(43584K)->43222K(43584K) NonClass: 40402K(40640K)->40402K(40640K) Class: 2820K(2944K)->2820K(2944K)
[667.012s][info][gc             ] GC(722) Pause Young (Allocation Failure) 729M->563M(804M) 5.000ms
[667.012s][info][gc,cpu         ] GC(722) User=0.01s Sys=0.00s Real=0.00s
[667.420s][info][gc,start       ] GC(723) Pause Young (Allocation Failure)
[667.429s][info][gc,heap        ] GC(723) PSYoungGen: 172405K(247296K)->4649K(254464K) Eden: 171008K(171008K)->0K(182272K) From: 1397K(76288K)->4649K(72192K)
[667.429s][info][gc,heap        ] GC(723) ParOldGen: 575527K(576000K)->575983K(576000K)
[667.429s][info][gc,metaspace   ] GC(723) Metaspace: 43222K(43584K)->43222K(43584K) NonClass: 40402K(40640K)->40402K(40640K) Class: 2820K(2944K)->2820K(2944K)
[667.429s][info][gc             ] GC(723) Pause Young (Allocation Failure) 730M->567M(811M) 8.532ms
[667.429s][info][gc,cpu         ] GC(723) User=0.02s Sys=0.00s Real=0.01s
[667.755s][info][gc,start       ] GC(724) Pause Young (Allocation Failure)
[667.762s][info][gc,heap        ] GC(724) PSYoungGen: 186921K(254464K)->3374K(252928K) Eden: 182272K(182272K)->0K(182272K) From: 4649K(72192K)->3374K(70656K)
[667.762s][info][gc,heap        ] GC(724) ParOldGen: 575983K(576000K)->577742K(578048K)
[667.762s][info][gc,metaspace   ] GC(724) Metaspace: 43222K(43584K)->43222K(43584K) NonClass: 40402K(40640K)->40402K(40640K) Class: 2820K(2944K)->2820K(2944K)
[667.762s][info][gc             ] GC(724) Pause Young (Allocation Failure) 745M->567M(811M) 6.949ms
[667.762s][info][gc,cpu         ] GC(724) User=0.01s Sys=0.01s Real=0.00s
[668.165s][info][gc,start       ] GC(725) Pause Young (Allocation Failure)
[668.174s][info][gc,heap        ] GC(725) PSYoungGen: 185646K(252928K)->9832K(259072K) Eden: 182272K(182272K)->0K(195072K) From: 3374K(70656K)->9832K(64000K)
[668.174s][info][gc,heap        ] GC(725) ParOldGen: 577742K(578048K)->577994K(578048K)
[668.174s][info][gc,metaspace   ] GC(725) Metaspace: 43222K(43584K)->43222K(43584K) NonClass: 40402K(40640K)->40402K(40640K) Class: 2820K(2944K)->2820K(2944K)
[668.174s][info][gc             ] GC(725) Pause Young (Allocation Failure) 745M->574M(817M) 9.843ms
[668.174s][info][gc,cpu         ] GC(725) User=0.01s Sys=0.00s Real=0.01s
[668.455s][info][gc,start       ] GC(726) Pause Young (Allocation Failure)
[668.467s][info][gc,heap        ] GC(726) PSYoungGen: 204904K(259072K)->960K(258560K) Eden: 195072K(195072K)->0K(195072K) From: 9832K(64000K)->960K(63488K)
[668.467s][info][gc,heap        ] GC(726) ParOldGen: 577994K(578048K)->587546K(587776K)
[668.467s][info][gc,metaspace   ] GC(726) Metaspace: 43222K(43584K)->43222K(43584K) NonClass: 40402K(40640K)->40402K(40640K) Class: 2820K(2944K)->2820K(2944K)
[668.467s][info][gc             ] GC(726) Pause Young (Allocation Failure) 764M->574M(826M) 12.312ms
[668.467s][info][gc,cpu         ] GC(726) User=0.02s Sys=0.01s Real=0.01s
[668.750s][info][gc,start       ] GC(727) Pause Young (Allocation Failure)
[668.756s][info][gc,heap        ] GC(727) PSYoungGen: 195856K(258560K)->2149K(267776K) Eden: 194896K(195072K)->0K(208896K) From: 960K(63488K)->2149K(58880K)
[668.756s][info][gc,heap        ] GC(727) ParOldGen: 587546K(587776K)->588470K(588800K)
[668.756s][info][gc,metaspace   ] GC(727) Metaspace: 43222K(43584K)->43222K(43584K) NonClass: 40402K(40640K)->40402K(40640K) Class: 2820K(2944K)->2820K(2944K)
[668.756s][info][gc             ] GC(727) Pause Young (Allocation Failure) 765M->576M(836M) 5.836ms
[668.756s][info][gc,cpu         ] GC(727) User=0.01s Sys=0.00s Real=0.01s
[669.066s][info][gc,start       ] GC(728) Pause Young (Allocation Failure)
[669.075s][info][gc,heap        ] GC(728) PSYoungGen: 211045K(267776K)->2640K(267264K) Eden: 208896K(208896K)->0K(208896K) From: 2149K(58880K)->2640K(58368K)
[669.075s][info][gc,heap        ] GC(728) ParOldGen: 588470K(588800K)->590566K(590848K)
[669.075s][info][gc,metaspace   ] GC(728) Metaspace: 43222K(43584K)->43222K(43584K) NonClass: 40402K(40640K)->40402K(40640K) Class: 2820K(2944K)->2820K(2944K)
[669.075s][info][gc             ] GC(728) Pause Young (Allocation Failure) 780M->579M(838M) 8.311ms
[669.075s][info][gc,cpu         ] GC(728) User=0.02s Sys=0.01s Real=0.01s
[669.390s][info][gc,start       ] GC(729) Pause Young (Allocation Failure)
[669.399s][info][gc,heap        ] GC(729) PSYoungGen: 211536K(267264K)->3545K(272384K) Eden: 208896K(208896K)->0K(219648K) From: 2640K(58368K)->3545K(52736K)
[669.400s][info][gc,heap        ] GC(729) ParOldGen: 590566K(590848K)->593221K(593408K)
[669.400s][info][gc,metaspace   ] GC(729) Metaspace: 43222K(43584K)->43222K(43584K) NonClass: 40402K(40640K)->40402K(40640K) Class: 2820K(2944K)->2820K(2944K)
[669.400s][info][gc             ] GC(729) Pause Young (Allocation Failure) 783M->582M(845M) 9.921ms
[669.400s][info][gc,cpu         ] GC(729) User=0.01s Sys=0.00s Real=0.01s
[669.758s][info][gc,start       ] GC(730) Pause Young (Allocation Failure)
[669.775s][info][gc,heap        ] GC(730) PSYoungGen: 222687K(272384K)->7933K(271872K) Eden: 219142K(219648K)->0K(219648K) From: 3545K(52736K)->7933K(52224K)
[669.775s][info][gc,heap        ] GC(730) ParOldGen: 593221K(593408K)->596783K(596992K)
[669.775s][info][gc,metaspace   ] GC(730) Metaspace: 43222K(43584K)->43222K(43584K) NonClass: 40402K(40640K)->40402K(40640K) Class: 2820K(2944K)->2820K(2944K)
[669.775s][info][gc             ] GC(730) Pause Young (Allocation Failure) 796M->590M(848M) 16.920ms
[669.775s][info][gc,cpu         ] GC(730) User=0.02s Sys=0.01s Real=0.02s
[670.131s][info][gc,start       ] GC(731) Pause Young (Allocation Failure)
[670.153s][info][gc,heap        ] GC(731) PSYoungGen: 226395K(271872K)->6029K(278528K) Eden: 218462K(219648K)->0K(231936K) From: 7933K(52224K)->6029K(46592K)
[670.153s][info][gc,heap        ] GC(731) ParOldGen: 596783K(596992K)->604836K(605184K)
[670.153s][info][gc,metaspace   ] GC(731) Metaspace: 43222K(43584K)->43222K(43584K) NonClass: 40402K(40640K)->40402K(40640K) Class: 2820K(2944K)->2820K(2944K)
[670.153s][info][gc             ] GC(731) Pause Young (Allocation Failure) 803M->596M(863M) 22.827ms
[670.153s][info][gc,cpu         ] GC(731) User=0.04s Sys=0.01s Real=0.03s
[670.515s][info][gc,start       ] GC(732) Pause Young (Allocation Failure)
[670.535s][info][gc,heap        ] GC(732) PSYoungGen: 237965K(278528K)->9287K(277504K) Eden: 231936K(231936K)->0K(231936K) From: 6029K(46592K)->9287K(45568K)
[670.536s][info][gc,heap        ] GC(732) ParOldGen: 604836K(605184K)->610956K(611328K)
[670.536s][info][gc,metaspace   ] GC(732) Metaspace: 43222K(43584K)->43222K(43584K) NonClass: 40402K(40640K)->40402K(40640K) Class: 2820K(2944K)->2820K(2944K)
[670.536s][info][gc             ] GC(732) Pause Young (Allocation Failure) 823M->605M(868M) 20.441ms
[670.536s][info][gc,cpu         ] GC(732) User=0.03s Sys=0.00s Real=0.02s
[671.208s][info][gc,start       ] GC(733) Pause Young (Allocation Failure)
[671.245s][info][gc,heap        ] GC(733) PSYoungGen: 241223K(277504K)->10744K(285696K) Eden: 231936K(231936K)->0K(244224K) From: 9287K(45568K)->10744K(41472K)
[671.245s][info][gc,heap        ] GC(733) ParOldGen: 610956K(611328K)->616456K(616960K)
[671.245s][info][gc,metaspace   ] GC(733) Metaspace: 43224K(43584K)->43224K(43584K) NonClass: 40403K(40640K)->40403K(40640K) Class: 2820K(2944K)->2820K(2944K)
[671.245s][info][gc             ] GC(733) Pause Young (Allocation Failure) 832M->612M(881M) 37.067ms
[671.245s][info][gc,cpu         ] GC(733) User=0.07s Sys=0.01s Real=0.04s
[671.963s][info][gc,start       ] GC(734) Pause Young (Allocation Failure)
[671.982s][info][gc,heap        ] GC(734) PSYoungGen: 254968K(285696K)->2989K(283648K) Eden: 244224K(244224K)->0K(244224K) From: 10744K(41472K)->2989K(39424K)
[671.982s][info][gc,heap        ] GC(734) ParOldGen: 616456K(616960K)->627104K(627200K)
[671.982s][info][gc,metaspace   ] GC(734) Metaspace: 43232K(43584K)->43232K(43584K) NonClass: 40411K(40640K)->40411K(40640K) Class: 2820K(2944K)->2820K(2944K)
[671.982s][info][gc             ] GC(734) Pause Young (Allocation Failure) 851M->615M(889M) 19.233ms
[671.982s][info][gc,cpu         ] GC(734) User=0.03s Sys=0.01s Real=0.01s
[672.616s][info][gc,start       ] GC(735) Pause Young (Allocation Failure)
[672.621s][info][gc,heap        ] GC(735) PSYoungGen: 247213K(283648K)->3004K(291840K) Eden: 244224K(244224K)->0K(254464K) From: 2989K(39424K)->3004K(37376K)
[672.621s][info][gc,heap        ] GC(735) ParOldGen: 627104K(627200K)->627305K(627712K)
[672.621s][info][gc,metaspace   ] GC(735) Metaspace: 43232K(43584K)->43232K(43584K) NonClass: 40411K(40640K)->40411K(40640K) Class: 2820K(2944K)->2820K(2944K)
[672.621s][info][gc             ] GC(735) Pause Young (Allocation Failure) 853M->615M(898M) 5.230ms
[672.621s][info][gc,cpu         ] GC(735) User=0.01s Sys=0.00s Real=0.00s
[673.258s][info][gc,start       ] GC(736) Pause Young (Allocation Failure)
[673.262s][info][gc,heap        ] GC(736) PSYoungGen: 257468K(291840K)->1888K(290304K) Eden: 254464K(254464K)->0K(254464K) From: 3004K(37376K)->1888K(35840K)
[673.262s][info][gc,heap        ] GC(736) ParOldGen: 627305K(627712K)->627305K(627712K)
[673.262s][info][gc,metaspace   ] GC(736) Metaspace: 43232K(43584K)->43232K(43584K) NonClass: 40411K(40640K)->40411K(40640K) Class: 2820K(2944K)->2820K(2944K)
[673.262s][info][gc             ] GC(736) Pause Young (Allocation Failure) 864M->614M(896M) 4.020ms
[673.262s][info][gc,cpu         ] GC(736) User=0.00s Sys=0.00s Real=0.00s
[673.921s][info][gc,start       ] GC(737) Pause Young (Allocation Failure)
[673.926s][info][gc,heap        ] GC(737) PSYoungGen: 256352K(290304K)->5286K(295936K) Eden: 254464K(254464K)->0K(262656K) From: 1888K(35840K)->5286K(33280K)
[673.927s][info][gc,heap        ] GC(737) ParOldGen: 627305K(627712K)->627369K(627712K)
[673.927s][info][gc,metaspace   ] GC(737) Metaspace: 43232K(43584K)->43232K(43584K) NonClass: 40411K(40640K)->40411K(40640K) Class: 2820K(2944K)->2820K(2944K)
[673.927s][info][gc             ] GC(737) Pause Young (Allocation Failure) 862M->617M(902M) 5.448ms
[673.927s][info][gc,cpu         ] GC(737) User=0.01s Sys=0.00s Real=0.01s
[674.572s][info][gc,start       ] GC(738) Pause Young (Allocation Failure)
[674.578s][info][gc,heap        ] GC(738) PSYoungGen: 267942K(295936K)->3466K(294912K) Eden: 262656K(262656K)->0K(262656K) From: 5286K(33280K)->3466K(32256K)
[674.578s][info][gc,heap        ] GC(738) ParOldGen: 627369K(627712K)->629313K(629760K)
[674.578s][info][gc,metaspace   ] GC(738) Metaspace: 43232K(43584K)->43232K(43584K) NonClass: 40411K(40640K)->40411K(40640K) Class: 2820K(2944K)->2820K(2944K)
[674.578s][info][gc             ] GC(738) Pause Young (Allocation Failure) 874M->617M(903M) 5.837ms
[674.578s][info][gc,cpu         ] GC(738) User=0.01s Sys=0.00s Real=0.01s
[676.036s][info][gc,start       ] GC(739) Pause Young (Allocation Failure)
[676.049s][info][gc,heap        ] GC(739) PSYoungGen: 266122K(294912K)->10130K(299520K) Eden: 262656K(262656K)->0K(269312K) From: 3466K(32256K)->10130K(30208K)
[676.049s][info][gc,heap        ] GC(739) ParOldGen: 629313K(629760K)->629425K(629760K)
[676.049s][info][gc,metaspace   ] GC(739) Metaspace: 43238K(43584K)->43238K(43584K) NonClass: 40418K(40640K)->40418K(40640K) Class: 2820K(2944K)->2820K(2944K)
[676.049s][info][gc             ] GC(739) Pause Young (Allocation Failure) 874M->624M(907M) 12.749ms
[676.049s][info][gc,cpu         ] GC(739) User=0.02s Sys=0.00s Real=0.01s
[676.909s][info][gc,start       ] GC(740) Pause Young (Allocation Failure)
[676.956s][info][gc,heap        ] GC(740) PSYoungGen: 279442K(299520K)->29152K(298496K) Eden: 269312K(269312K)->0K(269312K) From: 10130K(30208K)->29152K(29184K)
[676.956s][info][gc,heap        ] GC(740) ParOldGen: 629425K(629760K)->641512K(641536K)
[676.956s][info][gc,metaspace   ] GC(740) Metaspace: 43238K(43584K)->43238K(43584K) NonClass: 40418K(40640K)->40418K(40640K) Class: 2820K(2944K)->2820K(2944K)
[676.956s][info][gc             ] GC(740) Pause Young (Allocation Failure) 887M->654M(918M) 47.630ms
[676.956s][info][gc,cpu         ] GC(740) User=0.09s Sys=0.01s Real=0.05s
[677.653s][info][gc,start       ] GC(741) Pause Young (Allocation Failure)
[677.737s][info][gc,promotion   ] GC(741) Promotion failed
[677.737s][info][gc,heap        ] GC(741) PSYoungGen: 298464K(298496K)->298464K(298496K) Eden: 269312K(269312K)->269312K(269312K) From: 29152K(29184K)->29152K(29184K)
[677.737s][info][gc,heap        ] GC(741) ParOldGen: 641512K(641536K)->667647K(667648K)
[677.737s][info][gc,metaspace   ] GC(741) Metaspace: 43238K(43584K)->43238K(43584K) NonClass: 40418K(40640K)->40418K(40640K) Class: 2820K(2944K)->2820K(2944K)
[677.737s][info][gc             ] GC(741) Pause Young (Allocation Failure) 917M->943M(943M) 84.528ms
[677.737s][info][gc,cpu         ] GC(741) User=0.14s Sys=0.03s Real=0.08s
[677.737s][info][gc,start       ] GC(742) Pause Full (Allocation Failure)
[677.737s][info][gc,phases,start] GC(742) Marking Phase
[677.825s][info][gc,phases      ] GC(742) Marking Phase 88.158ms
[677.825s][info][gc,phases,start] GC(742) Summary Phase
[677.825s][info][gc,phases      ] GC(742) Summary Phase 0.031ms
[677.825s][info][gc,phases,start] GC(742) Forward
[677.843s][info][gc,phases      ] GC(742) Forward 17.203ms
[677.843s][info][gc,phases,start] GC(742) Adjust Pointers
[677.905s][info][gc,phases      ] GC(742) Adjust Pointers 62.523ms
[677.905s][info][gc,phases,start] GC(742) Compaction Phase
[677.932s][info][gc,phases      ] GC(742) Compaction Phase 26.670ms
[677.932s][info][gc,phases,start] GC(742) Post Compact
[677.935s][info][gc,phases      ] GC(742) Post Compact 2.948ms
[677.981s][info][gc,heap        ] GC(742) PSYoungGen: 298464K(298496K)->0K(290304K) Eden: 269312K(269312K)->0K(254976K) From: 29152K(29184K)->0K(35328K)
[677.981s][info][gc,heap        ] GC(742) ParOldGen: 667647K(667648K)->123918K(249856K)
[677.981s][info][gc,metaspace   ] GC(742) Metaspace: 43238K(43584K)->43238K(43584K) NonClass: 40418K(40640K)->40418K(40640K) Class: 2820K(2944K)->2820K(2944K)
[677.981s][info][gc             ] GC(742) Pause Full (Allocation Failure) 943M->121M(527M) 244.147ms
[677.981s][info][gc,cpu         ] GC(742) User=0.34s Sys=0.04s Real=0.24s
[678.655s][info][gc,start       ] GC(743) Pause Young (Allocation Failure)
[678.686s][info][gc,heap        ] GC(743) PSYoungGen: 254976K(290304K)->28464K(283648K) Eden: 254976K(254976K)->0K(254976K) From: 0K(35328K)->28464K(28672K)
[678.686s][info][gc,heap        ] GC(743) ParOldGen: 123918K(249856K)->123918K(249856K)
[678.686s][info][gc,metaspace   ] GC(743) Metaspace: 43238K(43584K)->43238K(43584K) NonClass: 40418K(40640K)->40418K(40640K) Class: 2820K(2944K)->2820K(2944K)
[678.686s][info][gc             ] GC(743) Pause Young (Allocation Failure) 370M->148M(521M) 30.840ms
[678.686s][info][gc,cpu         ] GC(743) User=0.06s Sys=0.00s Real=0.03s
[679.984s][info][gc,heap,exit   ] Heap
[679.984s][info][gc,heap,exit   ]  PSYoungGen      total 283648K, used 114192K [0x00000000eba00000, 0x0000000100000000, 0x0000000100000000)
[679.984s][info][gc,heap,exit   ]   eden space 254976K, 33% used [0x00000000eba00000,0x00000000f0db8040,0x00000000fb300000)
[679.984s][info][gc,heap,exit   ]   from space 28672K, 99% used [0x00000000fb300000,0x00000000fcecc018,0x00000000fcf00000)
[679.984s][info][gc,heap,exit   ]   to   space 43008K, 0% used [0x00000000fd600000,0x00000000fd600000,0x0000000100000000)
[679.984s][info][gc,heap,exit   ]  ParOldGen       total 249856K, used 123918K [0x00000000c2e00000, 0x00000000d2200000, 0x00000000eba00000)
[679.984s][info][gc,heap,exit   ]   object space 249856K, 49% used [0x00000000c2e00000,0x00000000ca7039e8,0x00000000d2200000)
[679.984s][info][gc,heap,exit   ]  Metaspace       used 43364K, committed 43712K, reserved 1114112K
[679.984s][info][gc,heap,exit   ]   class space    used 2834K, committed 2944K, reserved 1048576K
