[0.004s][info][metaspace]  - commit_granule_bytes: 65536.
[0.004s][info][metaspace]  - commit_granule_words: 8192.
[0.004s][info][metaspace]  - virtual_space_node_default_size: 8388608.
[0.004s][info][metaspace]  - enlarge_chunks_in_place: 1.
[0.008s][info][gc,init  ] CardTable entry size: 512
[0.008s][info][gc       ] Using Parallel
[0.009s][info][gc,init  ] Version: 24-internal-adhoc.root.jdk (release)
[0.009s][info][gc,init  ] CPUs: 2 total, 2 available
[0.009s][info][gc,init  ] Memory: 3908M
[0.009s][info][gc,init  ] Large Page Support: Disabled
[0.009s][info][gc,init  ] NUMA Support: Disabled
[0.009s][info][gc,init  ] Compressed Oops: Enabled (32-bit)
[0.009s][info][gc,init  ] Alignments: Space 512K, Generation 512K, Heap 2M
[0.009s][info][gc,init  ] Heap Min Capacity: 256M
[0.009s][info][gc,init  ] Heap Initial Capacity: 256M
[0.009s][info][gc,init  ] Heap Max Capacity: 978M
[0.009s][info][gc,init  ] Pre-touch: Disabled
[0.009s][info][gc,init  ] Parallel Workers: 2
[0.075s][info][gc,metaspace] CDS archive(s) mapped at: [0x00007fc926000000-0x00007fc926dc0000-0x00007fc926dc0000), size 14417920, SharedBaseAddress: 0x00007fc926000000, ArchiveRelocationMode: 1.
[0.075s][info][gc,metaspace] Compressed class space mapped at: 0x00007fc927000000-0x00007fc967000000, reserved size: 1073741824
[0.075s][info][gc,metaspace] UseCompressedClassPointers 1, UseCompactObjectHeaders 0
[0.075s][info][gc,metaspace] Narrow klass pointer bits 32, Max shift 3
[0.075s][info][gc,metaspace] Narrow klass base: 0x00007fc926000000, Narrow klass shift: 0
[0.075s][info][gc,metaspace] Encoding Range: [0x00007fc926000000 - 0x00007fca26000000), (4294967296 bytes)
[0.075s][info][gc,metaspace] Klass Range:    [0x00007fc926000000 - 0x00007fc967000000), (1090519040 bytes)
[0.075s][info][gc,metaspace] Klass ID Range:  [8 - 1090519033) (1090519025)
[1.738s][info][gc,start    ] GC(0) Pause Young (Allocation Failure)
[1.747s][info][gc,heap     ] GC(0) PSYoungGen: 65536K(76288K)->4196K(76288K) Eden: 65536K(65536K)->0K(65536K) From: 0K(10752K)->4196K(10752K)
[1.747s][info][gc,heap     ] GC(0) ParOldGen: 1157K(175104K)->1165K(175104K)
[1.747s][info][gc,metaspace] GC(0) Metaspace: 8243K(8448K)->8243K(8448K) NonClass: 7564K(7680K)->7564K(7680K) Class: 678K(768K)->678K(768K)
[1.747s][info][gc          ] GC(0) Pause Young (Allocation Failure) 65M->5M(245M) 9.567ms
[1.747s][info][gc,cpu      ] GC(0) User=0.02s Sys=0.00s Real=0.01s
[4.412s][info][gc,start    ] GC(1) Pause Young (Allocation Failure)
[4.426s][info][gc,heap     ] GC(1) PSYoungGen: 69732K(76288K)->8521K(76288K) Eden: 65536K(65536K)->0K(65536K) From: 4196K(10752K)->8521K(10752K)
[4.426s][info][gc,heap     ] GC(1) ParOldGen: 1165K(175104K)->1237K(175104K)
[4.426s][info][gc,metaspace] GC(1) Metaspace: 20901K(21312K)->20901K(21312K) NonClass: 19322K(19584K)->19322K(19584K) Class: 1578K(1728K)->1578K(1728K)
[4.426s][info][gc          ] GC(1) Pause Young (Allocation Failure) 69M->9M(245M) 14.223ms
[4.426s][info][gc,cpu      ] GC(1) User=0.02s Sys=0.01s Real=0.01s
[6.358s][info][metaspace   ] ChkMgr @0x00007fc98403aad0 (non-class-space): failed to commit 687 words on chunk @0x00007fc98466cd48, f, base 0x00007fc91d370000, level lv10.
[6.358s][info][metaspace   ] Arena @0x00007fc984498d00 (non-class arena): failed to allocate new chunk for requested word size 687.
[6.358s][info][metaspace   ] Arena @0x00007fc984498d00 (non-class arena): allocation failed, returned null.
[6.358s][info][metaspace   ] ChkMgr @0x00007fc98403aad0 (non-class-space): failed to commit 687 words on chunk @0x00007fc98466cd48, f, base 0x00007fc91d370000, level lv10.
[6.358s][info][metaspace   ] Arena @0x00007fc984498d00 (non-class arena): failed to allocate new chunk for requested word size 687.
[6.358s][info][metaspace   ] Arena @0x00007fc984498d00 (non-class arena): allocation failed, returned null.
[6.358s][info][metaspace   ] ChkMgr @0x00007fc98403aad0 (non-class-space): failed to commit 687 words on chunk @0x00007fc98466cd48, f, base 0x00007fc91d370000, level lv10.
[6.358s][info][metaspace   ] Arena @0x00007fc984498d00 (non-class arena): failed to allocate new chunk for requested word size 687.
[6.358s][info][metaspace   ] Arena @0x00007fc984498d00 (non-class arena): allocation failed, returned null.
[6.358s][info][gc,start    ] GC(2) Pause Full (Metadata GC Threshold)
[6.358s][info][gc,phases,start] GC(2) Marking Phase
[6.373s][info][gc,phases      ] GC(2) Marking Phase 14.137ms
[6.373s][info][gc,phases,start] GC(2) Summary Phase
[6.373s][info][gc,phases      ] GC(2) Summary Phase 0.011ms
[6.373s][info][gc,phases,start] GC(2) Forward
[6.375s][info][gc,phases      ] GC(2) Forward 2.153ms
[6.375s][info][gc,phases,start] GC(2) Adjust Pointers
[6.382s][info][gc,phases      ] GC(2) Adjust Pointers 7.310ms
[6.382s][info][gc,phases,start] GC(2) Compaction Phase
[6.389s][info][gc,phases      ] GC(2) Compaction Phase 7.251ms
[6.390s][info][gc,phases,start] GC(2) Post Compact
[6.391s][info][gc,phases      ] GC(2) Post Compact 1.565ms
[6.391s][info][gc,heap        ] GC(2) PSYoungGen: 19229K(76288K)->0K(76288K) Eden: 10707K(65536K)->0K(65536K) From: 8521K(10752K)->0K(10752K)
[6.391s][info][gc,heap        ] GC(2) ParOldGen: 1237K(175104K)->9833K(175104K)
[6.391s][info][gc,metaspace   ] GC(2) Metaspace: 21093K(21504K)->21093K(21504K) NonClass: 19499K(19712K)->19499K(19712K) Class: 1593K(1792K)->1593K(1792K)
[6.391s][info][gc             ] GC(2) Pause Full (Metadata GC Threshold) 19M->9M(245M) 32.832ms
[6.391s][info][gc,cpu         ] GC(2) User=0.04s Sys=0.00s Real=0.04s
[7.306s][info][gc,start       ] GC(3) Pause Young (Allocation Failure)
[7.311s][info][gc,heap        ] GC(3) PSYoungGen: 65536K(76288K)->3034K(76288K) Eden: 65536K(65536K)->0K(65536K) From: 0K(10752K)->3034K(10752K)
[7.311s][info][gc,heap        ] GC(3) ParOldGen: 9833K(175104K)->9841K(175104K)
[7.311s][info][gc,metaspace   ] GC(3) Metaspace: 23972K(24384K)->23972K(24384K) NonClass: 22188K(22464K)->22188K(22464K) Class: 1783K(1920K)->1783K(1920K)
[7.311s][info][gc             ] GC(3) Pause Young (Allocation Failure) 73M->12M(245M) 5.054ms
[7.311s][info][gc,cpu         ] GC(3) User=0.01s Sys=0.00s Real=0.01s
[7.834s][info][gc,start       ] GC(4) Pause Young (Allocation Failure)
[7.840s][info][gc,heap        ] GC(4) PSYoungGen: 68570K(76288K)->3968K(76288K) Eden: 65536K(65536K)->0K(65536K) From: 3034K(10752K)->3968K(10752K)
[7.840s][info][gc,heap        ] GC(4) ParOldGen: 9841K(175104K)->9849K(175104K)
[7.840s][info][gc,metaspace   ] GC(4) Metaspace: 24338K(24640K)->24338K(24640K) NonClass: 22547K(22720K)->22547K(22720K) Class: 1791K(1920K)->1791K(1920K)
[7.840s][info][gc             ] GC(4) Pause Young (Allocation Failure) 76M->13M(245M) 6.857ms
[7.840s][info][gc,cpu         ] GC(4) User=0.02s Sys=0.00s Real=0.01s
[8.410s][info][gc,start       ] GC(5) Pause Young (Allocation Failure)
[8.416s][info][gc,heap        ] GC(5) PSYoungGen: 69504K(76288K)->4822K(76288K) Eden: 65536K(65536K)->0K(65536K) From: 3968K(10752K)->4822K(10752K)
[8.416s][info][gc,heap        ] GC(5) ParOldGen: 9849K(175104K)->9857K(175104K)
[8.416s][info][gc,metaspace   ] GC(5) Metaspace: 25755K(26112K)->25755K(26112K) NonClass: 23825K(24000K)->23825K(24000K) Class: 1930K(2112K)->1930K(2112K)
[8.416s][info][gc             ] GC(5) Pause Young (Allocation Failure) 77M->14M(245M) 6.008ms
[8.416s][info][gc,cpu         ] GC(5) User=0.01s Sys=0.00s Real=0.00s
[8.857s][info][gc,start       ] GC(6) Pause Young (Allocation Failure)
[8.869s][info][gc,heap        ] GC(6) PSYoungGen: 70358K(76288K)->6918K(77824K) Eden: 65536K(65536K)->0K(69632K) From: 4822K(10752K)->6918K(8192K)
[8.869s][info][gc,heap        ] GC(6) ParOldGen: 9857K(175104K)->9865K(175104K)
[8.869s][info][gc,metaspace   ] GC(6) Metaspace: 25987K(26368K)->25987K(26368K) NonClass: 24051K(24256K)->24051K(24256K) Class: 1935K(2112K)->1935K(2112K)
[8.869s][info][gc             ] GC(6) Pause Young (Allocation Failure) 78M->16M(247M) 11.534ms
[8.869s][info][gc,cpu         ] GC(6) User=0.02s Sys=0.00s Real=0.01s
[9.014s][info][gc,start       ] GC(7) Pause Young (Allocation Failure)
[9.028s][info][gc,heap        ] GC(7) PSYoungGen: 75371K(77824K)->8225K(78848K) Eden: 68452K(69632K)->0K(69632K) From: 6918K(8192K)->8225K(9216K)
[9.028s][info][gc,heap        ] GC(7) ParOldGen: 9865K(175104K)->9865K(175104K)
[9.028s][info][gc,metaspace   ] GC(7) Metaspace: 26025K(26368K)->26025K(26368K) NonClass: 24090K(24256K)->24090K(24256K) Class: 1935K(2112K)->1935K(2112K)
[9.028s][info][gc             ] GC(7) Pause Young (Allocation Failure) 83M->17M(248M) 14.034ms
[9.028s][info][gc,cpu         ] GC(7) User=0.03s Sys=0.00s Real=0.01s
[9.239s][info][gc,start       ] GC(8) Pause Young (Allocation Failure)
[9.252s][info][gc,heap        ] GC(8) PSYoungGen: 77818K(78848K)->5796K(148480K) Eden: 69593K(69632K)->0K(139264K) From: 8225K(9216K)->5796K(9216K)
[9.252s][info][gc,heap        ] GC(8) ParOldGen: 9865K(175104K)->12803K(175104K)
[9.252s][info][gc,metaspace   ] GC(8) Metaspace: 27208K(27584K)->27208K(27584K) NonClass: 25182K(25408K)->25182K(25408K) Class: 2026K(2176K)->2026K(2176K)
[9.252s][info][gc             ] GC(8) Pause Young (Allocation Failure) 85M->18M(316M) 12.346ms
[9.252s][info][gc,cpu         ] GC(8) User=0.01s Sys=0.01s Real=0.01s
[10.439s][info][gc,start       ] GC(9) Pause Young (Allocation Failure)
[10.455s][info][gc,heap        ] GC(9) PSYoungGen: 145060K(148480K)->3451K(148992K) Eden: 139264K(139264K)->0K(139264K) From: 5796K(9216K)->3451K(9728K)
[10.455s][info][gc,heap        ] GC(9) ParOldGen: 12803K(175104K)->16405K(175104K)
[10.455s][info][gc,metaspace   ] GC(9) Metaspace: 27905K(28288K)->27905K(28288K) NonClass: 25841K(26048K)->25841K(26048K) Class: 2064K(2240K)->2064K(2240K)
[10.455s][info][gc             ] GC(9) Pause Young (Allocation Failure) 154M->19M(316M) 15.971ms
[10.455s][info][gc,cpu         ] GC(9) User=0.02s Sys=0.00s Real=0.01s
[12.323s][info][gc,start       ] GC(10) Pause Young (Allocation Failure)
[12.350s][info][gc,heap        ] GC(10) PSYoungGen: 142715K(148992K)->9696K(229888K) Eden: 139264K(139264K)->0K(220160K) From: 3451K(9728K)->9696K(9728K)
[12.350s][info][gc,heap        ] GC(10) ParOldGen: 16405K(175104K)->21521K(175104K)
[12.350s][info][gc,metaspace   ] GC(10) Metaspace: 28454K(28800K)->28454K(28800K) NonClass: 26363K(26560K)->26363K(26560K) Class: 2091K(2240K)->2091K(2240K)
[12.350s][info][gc             ] GC(10) Pause Young (Allocation Failure) 155M->30M(395M) 27.144ms
[12.350s][info][gc,cpu         ] GC(10) User=0.05s Sys=0.01s Real=0.03s
[14.624s][info][gc,start       ] GC(11) Pause Young (Allocation Failure)
[14.670s][info][gc,heap        ] GC(11) PSYoungGen: 229856K(229888K)->12781K(232960K) Eden: 220160K(220160K)->0K(220160K) From: 9696K(9728K)->12781K(12800K)
[14.670s][info][gc,heap        ] GC(11) ParOldGen: 21521K(175104K)->39552K(175104K)
[14.670s][info][gc,metaspace   ] GC(11) Metaspace: 28515K(28864K)->28515K(28864K) NonClass: 26422K(26624K)->26422K(26624K) Class: 2092K(2240K)->2092K(2240K)
[14.670s][info][gc             ] GC(11) Pause Young (Allocation Failure) 245M->51M(398M) 46.447ms
[14.670s][info][gc,cpu         ] GC(11) User=0.06s Sys=0.03s Real=0.05s
[16.463s][info][gc,start       ] GC(12) Pause Young (Allocation Failure)
[16.521s][info][gc,heap        ] GC(12) PSYoungGen: 232941K(232960K)->18674K(307712K) Eden: 220160K(220160K)->0K(286720K) From: 12781K(12800K)->18674K(20992K)
[16.521s][info][gc,heap        ] GC(12) ParOldGen: 39552K(175104K)->52448K(175104K)
[16.521s][info][gc,metaspace   ] GC(12) Metaspace: 28537K(28928K)->28537K(28928K) NonClass: 26443K(26688K)->26443K(26688K) Class: 2093K(2240K)->2093K(2240K)
[16.521s][info][gc             ] GC(12) Pause Young (Allocation Failure) 266M->69M(471M) 58.805ms
[16.521s][info][gc,cpu         ] GC(12) User=0.08s Sys=0.03s Real=0.06s
[18.252s][info][gc,start       ] GC(13) Pause Young (Allocation Failure)
[18.322s][info][gc,heap        ] GC(13) PSYoungGen: 305394K(307712K)->23542K(310272K) Eden: 286720K(286720K)->0K(286720K) From: 18674K(20992K)->23542K(23552K)
[18.323s][info][gc,heap        ] GC(13) ParOldGen: 52448K(175104K)->82447K(175104K)
[18.323s][info][gc,metaspace   ] GC(13) Metaspace: 28633K(28992K)->28633K(28992K) NonClass: 26529K(26752K)->26529K(26752K) Class: 2103K(2240K)->2103K(2240K)
[18.323s][info][gc             ] GC(13) Pause Young (Allocation Failure) 349M->103M(474M) 70.449ms
[18.323s][info][gc,cpu         ] GC(13) User=0.09s Sys=0.05s Real=0.07s
[19.323s][info][gc,start       ] GC(14) Pause Young (Allocation Failure)
[19.445s][info][gc,heap        ] GC(14) PSYoungGen: 310262K(310272K)->23544K(251904K) Eden: 286720K(286720K)->0K(228352K) From: 23542K(23552K)->23544K(23552K)
[19.445s][info][gc,heap        ] GC(14) ParOldGen: 82447K(175104K)->117719K(175104K)
[19.445s][info][gc,metaspace   ] GC(14) Metaspace: 28690K(28992K)->28690K(28992K) NonClass: 26583K(26752K)->26583K(26752K) Class: 2107K(2240K)->2107K(2240K)
[19.445s][info][gc             ] GC(14) Pause Young (Allocation Failure) 383M->137M(417M) 122.307ms
[19.445s][info][gc,cpu         ] GC(14) User=0.21s Sys=0.03s Real=0.12s
[20.168s][info][gc,start       ] GC(15) Pause Young (Allocation Failure)
[20.252s][info][gc,heap        ] GC(15) PSYoungGen: 251896K(251904K)->28416K(281088K) Eden: 228352K(228352K)->0K(228352K) From: 23544K(23552K)->28416K(52736K)
[20.252s][info][gc,heap        ] GC(15) ParOldGen: 117719K(175104K)->141535K(175104K)
[20.252s][info][gc,metaspace   ] GC(15) Metaspace: 28692K(29056K)->28692K(29056K) NonClass: 26584K(26816K)->26584K(26816K) Class: 2107K(2240K)->2107K(2240K)
[20.252s][info][gc             ] GC(15) Pause Young (Allocation Failure) 360M->165M(445M) 84.630ms
[20.252s][info][gc,cpu         ] GC(15) User=0.14s Sys=0.02s Real=0.09s
[22.468s][info][gc,start       ] GC(16) Pause Young (Allocation Failure)
[22.526s][info][gc,heap        ] GC(16) PSYoungGen: 256768K(281088K)->17494K(274944K) Eden: 228352K(228352K)->0K(228352K) From: 28416K(52736K)->17494K(46592K)
[22.526s][info][gc,heap        ] GC(16) ParOldGen: 141535K(175104K)->170176K(175104K)
[22.526s][info][gc,metaspace   ] GC(16) Metaspace: 28698K(29056K)->28698K(29056K) NonClass: 26590K(26816K)->26590K(26816K) Class: 2107K(2240K)->2107K(2240K)
[22.526s][info][gc             ] GC(16) Pause Young (Allocation Failure) 388M->183M(439M) 58.358ms
[22.526s][info][gc,cpu         ] GC(16) User=0.09s Sys=0.02s Real=0.06s
[23.547s][info][gc,start       ] GC(17) Pause Young (Allocation Failure)
[23.600s][info][gc,heap        ] GC(17) PSYoungGen: 245846K(274944K)->32365K(278016K) Eden: 228352K(228352K)->0K(228352K) From: 17494K(46592K)->32365K(49664K)
[23.601s][info][gc,heap        ] GC(17) ParOldGen: 170176K(175104K)->187639K(187904K)
[23.601s][info][gc,metaspace   ] GC(17) Metaspace: 28732K(29056K)->28732K(29056K) NonClass: 26621K(26816K)->26621K(26816K) Class: 2111K(2240K)->2111K(2240K)
[23.601s][info][gc             ] GC(17) Pause Young (Allocation Failure) 406M->214M(455M) 53.375ms
[23.601s][info][gc,cpu         ] GC(17) User=0.09s Sys=0.01s Real=0.06s
[24.261s][info][gc,start       ] GC(18) Pause Young (Allocation Failure)
[24.332s][info][gc,heap        ] GC(18) PSYoungGen: 260717K(278016K)->28408K(282624K) Eden: 228352K(228352K)->0K(230912K) From: 32365K(49664K)->28408K(51712K)
[24.332s][info][gc,heap        ] GC(18) ParOldGen: 187639K(187904K)->219334K(219648K)
[24.332s][info][gc,metaspace   ] GC(18) Metaspace: 28735K(29056K)->28735K(29056K) NonClass: 26624K(26816K)->26624K(26816K) Class: 2111K(2240K)->2111K(2240K)
[24.332s][info][gc             ] GC(18) Pause Young (Allocation Failure) 437M->241M(490M) 71.180ms
[24.332s][info][gc,cpu         ] GC(18) User=0.12s Sys=0.02s Real=0.07s
[24.995s][info][gc,start       ] GC(19) Pause Young (Allocation Failure)
[25.064s][info][gc,heap        ] GC(19) PSYoungGen: 259320K(282624K)->29280K(282112K) Eden: 230912K(230912K)->0K(230912K) From: 28408K(51712K)->29280K(51200K)
[25.064s][info][gc,heap        ] GC(19) ParOldGen: 219334K(219648K)->246334K(246784K)
[25.064s][info][gc,metaspace   ] GC(19) Metaspace: 28736K(29056K)->28736K(29056K) NonClass: 26624K(26816K)->26624K(26816K) Class: 2111K(2240K)->2111K(2240K)
[25.064s][info][gc             ] GC(19) Pause Young (Allocation Failure) 467M->269M(516M) 69.112ms
[25.064s][info][gc,cpu         ] GC(19) User=0.12s Sys=0.01s Real=0.07s
[26.822s][info][gc,start       ] GC(20) Pause Young (Allocation Failure)
[26.882s][info][gc,heap        ] GC(20) PSYoungGen: 260192K(282112K)->14352K(280064K) Eden: 230912K(230912K)->0K(231424K) From: 29280K(51200K)->14352K(48640K)
[26.882s][info][gc,heap        ] GC(20) ParOldGen: 246334K(246784K)->275807K(275968K)
[26.882s][info][gc,metaspace   ] GC(20) Metaspace: 28753K(29120K)->28753K(29120K) NonClass: 26642K(26880K)->26642K(26880K) Class: 2111K(2240K)->2111K(2240K)
[26.882s][info][gc             ] GC(20) Pause Young (Allocation Failure) 494M->283M(543M) 60.264ms
[26.882s][info][gc,cpu         ] GC(20) User=0.09s Sys=0.03s Real=0.06s
[28.078s][info][gc,start       ] GC(21) Pause Young (Allocation Failure)
[28.122s][info][gc,heap        ] GC(21) PSYoungGen: 245776K(280064K)->9698K(281088K) Eden: 231424K(231424K)->0K(231424K) From: 14352K(48640K)->9698K(49664K)
[28.122s][info][gc,heap        ] GC(21) ParOldGen: 275807K(275968K)->290212K(290304K)
[28.122s][info][gc,metaspace   ] GC(21) Metaspace: 28817K(29184K)->28817K(29184K) NonClass: 26705K(26944K)->26705K(26944K) Class: 2111K(2240K)->2111K(2240K)
[28.122s][info][gc             ] GC(21) Pause Young (Allocation Failure) 509M->292M(558M) 44.475ms
[28.122s][info][gc,cpu         ] GC(21) User=0.08s Sys=0.01s Real=0.05s
[29.592s][info][gc,start       ] GC(22) Pause Young (Allocation Failure)
[29.600s][info][gc,heap        ] GC(22) PSYoungGen: 241122K(281088K)->1399K(283648K) Eden: 231424K(231424K)->0K(235008K) From: 9698K(49664K)->1399K(48640K)
[29.600s][info][gc,heap        ] GC(22) ParOldGen: 290212K(290304K)->295773K(295936K)
[29.600s][info][gc,metaspace   ] GC(22) Metaspace: 28824K(29184K)->28824K(29184K) NonClass: 26713K(26944K)->26713K(26944K) Class: 2111K(2240K)->2111K(2240K)
[29.600s][info][gc             ] GC(22) Pause Young (Allocation Failure) 518M->290M(566M) 8.588ms
[29.600s][info][gc,cpu         ] GC(22) User=0.01s Sys=0.00s Real=0.01s
[31.108s][info][gc,start       ] GC(23) Pause Young (Allocation Failure)
[31.133s][info][gc,heap        ] GC(23) PSYoungGen: 236407K(283648K)->22219K(257536K) Eden: 235008K(235008K)->0K(235008K) From: 1399K(48640K)->22219K(22528K)
[31.133s][info][gc,heap        ] GC(23) ParOldGen: 295773K(295936K)->297035K(297472K)
[31.133s][info][gc,metaspace   ] GC(23) Metaspace: 28836K(29184K)->28836K(29184K) NonClass: 26724K(26944K)->26724K(26944K) Class: 2111K(2240K)->2111K(2240K)
[31.133s][info][gc             ] GC(23) Pause Young (Allocation Failure) 519M->311M(542M) 25.334ms
[31.133s][info][gc,cpu         ] GC(23) User=0.04s Sys=0.00s Real=0.03s
[32.519s][info][gc,start       ] GC(24) Pause Young (Allocation Failure)
[32.571s][info][gc,heap        ] GC(24) PSYoungGen: 257227K(257536K)->23483K(284672K) Eden: 235008K(235008K)->0K(237056K) From: 22219K(22528K)->23483K(47616K)
[32.571s][info][gc,heap        ] GC(24) ParOldGen: 297035K(297472K)->319413K(319488K)
[32.571s][info][gc,metaspace   ] GC(24) Metaspace: 28912K(29248K)->28912K(29248K) NonClass: 26799K(27008K)->26799K(27008K) Class: 2112K(2240K)->2112K(2240K)
[32.571s][info][gc             ] GC(24) Pause Young (Allocation Failure) 541M->334M(590M) 52.751ms
[32.571s][info][gc,cpu         ] GC(24) User=0.09s Sys=0.02s Real=0.06s
[36.359s][info][gc,start       ] GC(25) Pause Young (Allocation Failure)
[36.400s][info][gc,heap        ] GC(25) PSYoungGen: 260539K(284672K)->13071K(283648K) Eden: 237056K(237056K)->0K(237056K) From: 23483K(47616K)->13071K(46592K)
[36.400s][info][gc,heap        ] GC(25) ParOldGen: 319413K(319488K)->340848K(340992K)
[36.400s][info][gc,metaspace   ] GC(25) Metaspace: 33343K(33728K)->33343K(33728K) NonClass: 31033K(31296K)->31033K(31296K) Class: 2309K(2432K)->2309K(2432K)
[36.400s][info][gc             ] GC(25) Pause Young (Allocation Failure) 566M->345M(610M) 40.854ms
[36.400s][info][gc,cpu         ] GC(25) User=0.06s Sys=0.02s Real=0.05s
[39.066s][info][gc,start       ] GC(26) Pause Young (Allocation Failure)
[39.085s][info][gc,heap        ] GC(26) PSYoungGen: 250127K(283648K)->3637K(284672K) Eden: 237056K(237056K)->0K(239616K) From: 13071K(46592K)->3637K(45056K)
[39.085s][info][gc,heap        ] GC(26) ParOldGen: 340848K(340992K)->351077K(351232K)
[39.085s][info][gc,metaspace   ] GC(26) Metaspace: 33963K(34304K)->33963K(34304K) NonClass: 31650K(31872K)->31650K(31872K) Class: 2312K(2432K)->2312K(2432K)
[39.085s][info][gc             ] GC(26) Pause Young (Allocation Failure) 577M->346M(621M) 18.600ms
[39.085s][info][gc,cpu         ] GC(26) User=0.03s Sys=0.00s Real=0.02s
[41.738s][info][gc,start       ] GC(27) Pause Young (Allocation Failure)
[41.772s][info][gc,heap        ] GC(27) PSYoungGen: 243253K(284672K)->23576K(284672K) Eden: 239616K(239616K)->0K(239616K) From: 3637K(45056K)->23576K(45056K)
[41.772s][info][gc,heap        ] GC(27) ParOldGen: 351077K(351232K)->352115K(352256K)
[41.772s][info][gc,metaspace   ] GC(27) Metaspace: 34104K(34496K)->34104K(34496K) NonClass: 31791K(32064K)->31791K(32064K) Class: 2313K(2432K)->2313K(2432K)
[41.772s][info][gc             ] GC(27) Pause Young (Allocation Failure) 580M->366M(622M) 34.378ms
[41.772s][info][gc,cpu         ] GC(27) User=0.06s Sys=0.00s Real=0.04s
[43.778s][info][gc,start       ] GC(28) Pause Young (Allocation Failure)
[43.788s][info][gc,heap        ] GC(28) PSYoungGen: 263192K(284672K)->4756K(288256K) Eden: 239616K(239616K)->0K(244224K) From: 23576K(45056K)->4756K(44032K)
[43.788s][info][gc,heap        ] GC(28) ParOldGen: 352115K(352256K)->353587K(353792K)
[43.788s][info][gc,metaspace   ] GC(28) Metaspace: 34148K(34496K)->34148K(34496K) NonClass: 31834K(32064K)->31834K(32064K) Class: 2313K(2432K)->2313K(2432K)
[43.789s][info][gc             ] GC(28) Pause Young (Allocation Failure) 600M->349M(627M) 10.528ms
[43.789s][info][gc,cpu         ] GC(28) User=0.02s Sys=0.00s Real=0.01s
[45.655s][info][gc,start       ] GC(29) Pause Young (Allocation Failure)
[45.665s][info][gc,heap        ] GC(29) PSYoungGen: 248980K(288256K)->8084K(288256K) Eden: 244224K(244224K)->0K(244224K) From: 4756K(44032K)->8084K(44032K)
[45.665s][info][gc,heap        ] GC(29) ParOldGen: 353587K(353792K)->354752K(354816K)
[45.665s][info][gc,metaspace   ] GC(29) Metaspace: 34184K(34560K)->34184K(34560K) NonClass: 31870K(32128K)->31870K(32128K) Class: 2313K(2432K)->2313K(2432K)
[45.665s][info][gc             ] GC(29) Pause Young (Allocation Failure) 588M->354M(628M) 10.390ms
[45.665s][info][gc,cpu         ] GC(29) User=0.02s Sys=0.00s Real=0.01s
[46.921s][info][gc,start       ] GC(30) Pause Full (CodeCache GC Threshold)
[46.921s][info][gc,phases,start] GC(30) Marking Phase
[47.009s][info][gc,phases      ] GC(30) Marking Phase 88.241ms
[47.009s][info][gc,phases,start] GC(30) Summary Phase
[47.009s][info][gc,phases      ] GC(30) Summary Phase 0.048ms
[47.009s][info][gc,phases,start] GC(30) Forward
[47.023s][info][gc,phases      ] GC(30) Forward 14.033ms
[47.023s][info][gc,phases,start] GC(30) Adjust Pointers
[47.071s][info][gc,phases      ] GC(30) Adjust Pointers 47.216ms
[47.071s][info][gc,phases,start] GC(30) Compaction Phase
[47.091s][info][gc,phases      ] GC(30) Compaction Phase 19.907ms
[47.091s][info][gc,phases,start] GC(30) Post Compact
[47.099s][info][gc,phases      ] GC(30) Post Compact 8.214ms
[47.099s][info][gc,heap        ] GC(30) PSYoungGen: 182300K(288256K)->0K(288256K) Eden: 174215K(244224K)->0K(244224K) From: 8084K(44032K)->0K(44032K)
[47.099s][info][gc,heap        ] GC(30) ParOldGen: 354752K(354816K)->77165K(354816K)
[47.099s][info][gc,metaspace   ] GC(30) Metaspace: 34202K(34560K)->34202K(34560K) NonClass: 31889K(32128K)->31889K(32128K) Class: 2313K(2432K)->2313K(2432K)
[47.099s][info][gc             ] GC(30) Pause Full (CodeCache GC Threshold) 524M->75M(628M) 178.169ms
[47.099s][info][gc,cpu         ] GC(30) User=0.26s Sys=0.01s Real=0.18s
[48.970s][info][gc,start       ] GC(31) Pause Young (Allocation Failure)
[49.039s][info][gc,heap        ] GC(31) PSYoungGen: 244224K(288256K)->42986K(258048K) Eden: 244224K(244224K)->0K(215040K) From: 0K(44032K)->42986K(43008K)
[49.039s][info][gc,heap        ] GC(31) ParOldGen: 77165K(354816K)->101990K(354816K)
[49.039s][info][gc,metaspace   ] GC(31) Metaspace: 34233K(34560K)->34233K(34560K) NonClass: 31919K(32128K)->31919K(32128K) Class: 2313K(2432K)->2313K(2432K)
[49.039s][info][gc             ] GC(31) Pause Young (Allocation Failure) 313M->141M(598M) 69.540ms
[49.039s][info][gc,cpu         ] GC(31) User=0.13s Sys=0.00s Real=0.06s
[50.666s][info][gc,start       ] GC(32) Pause Young (Allocation Failure)
[50.723s][info][gc,heap        ] GC(32) PSYoungGen: 258026K(258048K)->12949K(274432K) Eden: 215040K(215040K)->0K(215040K) From: 42986K(43008K)->12949K(59392K)
[50.723s][info][gc,heap        ] GC(32) ParOldGen: 101990K(354816K)->142735K(354816K)
[50.723s][info][gc,metaspace   ] GC(32) Metaspace: 34262K(34624K)->34262K(34624K) NonClass: 31948K(32192K)->31948K(32192K) Class: 2313K(2432K)->2313K(2432K)
[50.723s][info][gc             ] GC(32) Pause Young (Allocation Failure) 351M->152M(614M) 57.884ms
[50.723s][info][gc,cpu         ] GC(32) User=0.12s Sys=0.00s Real=0.06s
[52.376s][info][gc,start       ] GC(33) Pause Young (Allocation Failure)
[52.390s][info][gc,heap        ] GC(33) PSYoungGen: 227989K(274432K)->5132K(269824K) Eden: 215040K(215040K)->0K(217600K) From: 12949K(59392K)->5132K(52224K)
[52.390s][info][gc,heap        ] GC(33) ParOldGen: 142735K(354816K)->148451K(354816K)
[52.390s][info][gc,metaspace   ] GC(33) Metaspace: 34271K(34624K)->34271K(34624K) NonClass: 31958K(32192K)->31958K(32192K) Class: 2313K(2432K)->2313K(2432K)
[52.390s][info][gc             ] GC(33) Pause Young (Allocation Failure) 362M->149M(610M) 14.476ms
[52.390s][info][gc,cpu         ] GC(33) User=0.03s Sys=0.00s Real=0.02s
[53.873s][info][gc,start       ] GC(34) Pause Young (Allocation Failure)
[53.887s][info][gc,heap        ] GC(34) PSYoungGen: 222732K(269824K)->10180K(273408K) Eden: 217600K(217600K)->0K(217600K) From: 5132K(52224K)->10180K(55808K)
[53.887s][info][gc,heap        ] GC(34) ParOldGen: 148451K(354816K)->149629K(354816K)
[53.887s][info][gc,metaspace   ] GC(34) Metaspace: 34310K(34688K)->34310K(34688K) NonClass: 31996K(32256K)->31996K(32256K) Class: 2313K(2432K)->2313K(2432K)
[53.887s][info][gc             ] GC(34) Pause Young (Allocation Failure) 362M->156M(613M) 14.538ms
[53.887s][info][gc,cpu         ] GC(34) User=0.02s Sys=0.00s Real=0.01s
[55.370s][info][gc,start       ] GC(35) Pause Young (Allocation Failure)
[55.380s][info][gc,heap        ] GC(35) PSYoungGen: 227780K(273408K)->9199K(271360K) Eden: 217600K(217600K)->0K(224256K) From: 10180K(55808K)->9199K(47104K)
[55.380s][info][gc,heap        ] GC(35) ParOldGen: 149629K(354816K)->150469K(354816K)
[55.380s][info][gc,metaspace   ] GC(35) Metaspace: 34329K(34688K)->34329K(34688K) NonClass: 32016K(32256K)->32016K(32256K) Class: 2313K(2432K)->2313K(2432K)
[55.380s][info][gc             ] GC(35) Pause Young (Allocation Failure) 368M->155M(611M) 10.189ms
[55.380s][info][gc,cpu         ] GC(35) User=0.02s Sys=0.00s Real=0.01s
[56.404s][info][gc,start       ] GC(36) Pause Young (Allocation Failure)
[56.443s][info][gc,heap        ] GC(36) PSYoungGen: 233455K(271360K)->41940K(275456K) Eden: 224256K(224256K)->0K(224256K) From: 9199K(47104K)->41940K(51200K)
[56.443s][info][gc,heap        ] GC(36) ParOldGen: 150469K(354816K)->151820K(354816K)
[56.443s][info][gc,metaspace   ] GC(36) Metaspace: 34336K(34688K)->34336K(34688K) NonClass: 32022K(32256K)->32022K(32256K) Class: 2313K(2432K)->2313K(2432K)
[56.443s][info][gc             ] GC(36) Pause Young (Allocation Failure) 374M->189M(615M) 39.677ms
[56.443s][info][gc,cpu         ] GC(36) User=0.08s Sys=0.00s Real=0.04s
[58.213s][info][gc,start       ] GC(37) Pause Young (Allocation Failure)
[58.279s][info][gc,heap        ] GC(37) PSYoungGen: 266196K(275456K)->18084K(279040K) Eden: 224256K(224256K)->0K(222720K) From: 41940K(51200K)->18084K(56320K)
[58.279s][info][gc,heap        ] GC(37) ParOldGen: 151820K(354816K)->177137K(354816K)
[58.279s][info][gc,metaspace   ] GC(37) Metaspace: 34340K(34688K)->34340K(34688K) NonClass: 32027K(32256K)->32027K(32256K) Class: 2313K(2432K)->2313K(2432K)
[58.279s][info][gc             ] GC(37) Pause Young (Allocation Failure) 408M->190M(619M) 66.406ms
[58.279s][info][gc,cpu         ] GC(37) User=0.13s Sys=0.00s Real=0.07s
[60.014s][info][gc,start       ] GC(38) Pause Young (Allocation Failure)
[60.058s][info][gc,heap        ] GC(38) PSYoungGen: 240804K(279040K)->27014K(276480K) Eden: 222720K(222720K)->0K(222720K) From: 18084K(56320K)->27014K(53760K)
[60.058s][info][gc,heap        ] GC(38) ParOldGen: 177137K(354816K)->194857K(354816K)
[60.058s][info][gc,metaspace   ] GC(38) Metaspace: 34352K(34688K)->34352K(34688K) NonClass: 32039K(32256K)->32039K(32256K) Class: 2313K(2432K)->2313K(2432K)
[60.058s][info][gc             ] GC(38) Pause Young (Allocation Failure) 408M->216M(616M) 44.202ms
[60.058s][info][gc,cpu         ] GC(38) User=0.09s Sys=0.00s Real=0.04s
[61.704s][info][gc,start       ] GC(39) Pause Young (Allocation Failure)
[61.737s][info][gc,heap        ] GC(39) PSYoungGen: 249734K(276480K)->9774K(278528K) Eden: 222720K(222720K)->0K(225280K) From: 27014K(53760K)->9774K(53248K)
[61.737s][info][gc,heap        ] GC(39) ParOldGen: 194857K(354816K)->216825K(354816K)
[61.737s][info][gc,metaspace   ] GC(39) Metaspace: 34958K(35328K)->34958K(35328K) NonClass: 32580K(32768K)->32580K(32768K) Class: 2378K(2560K)->2378K(2560K)
[61.737s][info][gc             ] GC(39) Pause Young (Allocation Failure) 434M->221M(618M) 33.158ms
[61.737s][info][gc,cpu         ] GC(39) User=0.06s Sys=0.00s Real=0.03s
[63.228s][info][gc,start       ] GC(40) Pause Young (Allocation Failure)
[63.239s][info][gc,heap        ] GC(40) PSYoungGen: 235054K(278528K)->5138K(276992K) Eden: 225280K(225280K)->0K(225280K) From: 9774K(53248K)->5138K(51712K)
[63.239s][info][gc,heap        ] GC(40) ParOldGen: 216825K(354816K)->225636K(354816K)
[63.239s][info][gc,metaspace   ] GC(40) Metaspace: 35323K(35712K)->35323K(35712K) NonClass: 32943K(33152K)->32943K(33152K) Class: 2380K(2560K)->2380K(2560K)
[63.239s][info][gc             ] GC(40) Pause Young (Allocation Failure) 441M->225M(617M) 11.594ms
[63.239s][info][gc,cpu         ] GC(40) User=0.03s Sys=0.00s Real=0.02s
[64.549s][info][gc,start       ] GC(41) Pause Young (Allocation Failure)
[64.567s][info][gc,heap        ] GC(41) PSYoungGen: 230418K(276992K)->16571K(278528K) Eden: 225280K(225280K)->0K(231424K) From: 5138K(51712K)->16571K(47104K)
[64.567s][info][gc,heap        ] GC(41) ParOldGen: 225636K(354816K)->227794K(354816K)
[64.567s][info][gc,metaspace   ] GC(41) Metaspace: 35393K(35840K)->35393K(35840K) NonClass: 33013K(33280K)->33013K(33280K) Class: 2380K(2560K)->2380K(2560K)
[64.568s][info][gc             ] GC(41) Pause Young (Allocation Failure) 445M->238M(618M) 18.860ms
[64.568s][info][gc,cpu         ] GC(41) User=0.03s Sys=0.00s Real=0.02s
[65.651s][info][gc,start       ] GC(42) Pause Young (Allocation Failure)
[65.677s][info][gc,heap        ] GC(42) PSYoungGen: 247995K(278528K)->39043K(279040K) Eden: 231424K(231424K)->0K(231424K) From: 16571K(47104K)->39043K(47616K)
[65.677s][info][gc,heap        ] GC(42) ParOldGen: 227794K(354816K)->228720K(354816K)
[65.677s][info][gc,metaspace   ] GC(42) Metaspace: 35412K(35840K)->35412K(35840K) NonClass: 33032K(33280K)->33032K(33280K) Class: 2380K(2560K)->2380K(2560K)
[65.677s][info][gc             ] GC(42) Pause Young (Allocation Failure) 464M->261M(619M) 25.370ms
[65.677s][info][gc,cpu         ] GC(42) User=0.05s Sys=0.00s Real=0.02s
[66.748s][info][gc,start       ] GC(43) Pause Young (Allocation Failure)
[66.775s][info][gc,heap        ] GC(43) PSYoungGen: 270467K(279040K)->37542K(274944K) Eden: 231424K(231424K)->0K(222208K) From: 39043K(47616K)->37542K(52736K)
[66.775s][info][gc,heap        ] GC(43) ParOldGen: 228720K(354816K)->229298K(354816K)
[66.775s][info][gc,metaspace   ] GC(43) Metaspace: 35424K(35840K)->35424K(35840K) NonClass: 33043K(33280K)->33043K(33280K) Class: 2380K(2560K)->2380K(2560K)
[66.775s][info][gc             ] GC(43) Pause Young (Allocation Failure) 487M->260M(615M) 26.309ms
[66.775s][info][gc,cpu         ] GC(43) User=0.06s Sys=0.00s Real=0.03s
[67.741s][info][gc,start       ] GC(44) Pause Young (Allocation Failure)
[67.775s][info][gc,heap        ] GC(44) PSYoungGen: 259750K(274944K)->54101K(276480K) Eden: 222208K(222208K)->0K(222208K) From: 37542K(52736K)->54101K(54272K)
[67.775s][info][gc,heap        ] GC(44) ParOldGen: 229298K(354816K)->231180K(354816K)
[67.775s][info][gc,metaspace   ] GC(44) Metaspace: 35428K(35840K)->35428K(35840K) NonClass: 33047K(33280K)->33047K(33280K) Class: 2380K(2560K)->2380K(2560K)
[67.775s][info][gc             ] GC(44) Pause Young (Allocation Failure) 477M->278M(616M) 33.682ms
[67.775s][info][gc,cpu         ] GC(44) User=0.06s Sys=0.00s Real=0.03s
[68.667s][info][gc,start       ] GC(45) Pause Young (Allocation Failure)
[68.789s][info][gc,heap        ] GC(45) PSYoungGen: 276309K(276480K)->57331K(169984K) Eden: 222208K(222208K)->0K(112640K) From: 54101K(54272K)->57331K(57344K)
[68.790s][info][gc,heap        ] GC(45) ParOldGen: 231180K(354816K)->334123K(354816K)
[68.790s][info][gc,metaspace   ] GC(45) Metaspace: 35429K(35840K)->35429K(35840K) NonClass: 33048K(33280K)->33048K(33280K) Class: 2380K(2560K)->2380K(2560K)
[68.790s][info][gc             ] GC(45) Pause Young (Allocation Failure) 495M->382M(512M) 122.757ms
[68.790s][info][gc,cpu         ] GC(45) User=0.23s Sys=0.01s Real=0.13s
[69.231s][info][gc,start       ] GC(46) Pause Young (Allocation Failure)
[69.292s][info][gc,heap        ] GC(46) PSYoungGen: 169971K(169984K)->16810K(223232K) Eden: 112640K(112640K)->0K(112640K) From: 57331K(57344K)->16810K(110592K)
[69.292s][info][gc,heap        ] GC(46) ParOldGen: 334123K(354816K)->379282K(379392K)
[69.292s][info][gc,metaspace   ] GC(46) Metaspace: 35429K(35840K)->35429K(35840K) NonClass: 33049K(33280K)->33049K(33280K) Class: 2380K(2560K)->2380K(2560K)
[69.292s][info][gc             ] GC(46) Pause Young (Allocation Failure) 492M->386M(588M) 60.593ms
[69.292s][info][gc,cpu         ] GC(46) User=0.10s Sys=0.02s Real=0.06s
[69.742s][info][gc,start       ] GC(47) Pause Young (Allocation Failure)
[69.762s][info][gc,heap        ] GC(47) PSYoungGen: 129450K(223232K)->10269K(214528K) Eden: 112640K(112640K)->0K(116224K) From: 16810K(110592K)->10269K(98304K)
[69.762s][info][gc,heap        ] GC(47) ParOldGen: 379282K(379392K)->390151K(390656K)
[69.762s][info][gc,metaspace   ] GC(47) Metaspace: 35436K(35840K)->35436K(35840K) NonClass: 33054K(33280K)->33054K(33280K) Class: 2381K(2560K)->2381K(2560K)
[69.762s][info][gc             ] GC(47) Pause Young (Allocation Failure) 496M->391M(591M) 19.829ms
[69.762s][info][gc,cpu         ] GC(47) User=0.03s Sys=0.01s Real=0.02s
[70.244s][info][gc,start       ] GC(48) Pause Young (Allocation Failure)
[70.251s][info][gc,heap        ] GC(48) PSYoungGen: 126493K(214528K)->5402K(220672K) Eden: 116224K(116224K)->0K(116224K) From: 10269K(98304K)->5402K(104448K)
[70.251s][info][gc,heap        ] GC(48) ParOldGen: 390151K(390656K)->390786K(391168K)
[70.251s][info][gc,metaspace   ] GC(48) Metaspace: 35438K(35840K)->35438K(35840K) NonClass: 33056K(33280K)->33056K(33280K) Class: 2381K(2560K)->2381K(2560K)
[70.251s][info][gc             ] GC(48) Pause Young (Allocation Failure) 504M->386M(597M) 6.369ms
[70.251s][info][gc,cpu         ] GC(48) User=0.01s Sys=0.00s Real=0.01s
[70.735s][info][gc,start       ] GC(49) Pause Young (Allocation Failure)
[70.757s][info][gc,heap        ] GC(49) PSYoungGen: 121626K(220672K)->33006K(214016K) Eden: 116224K(116224K)->0K(126976K) From: 5402K(104448K)->33006K(87040K)
[70.757s][info][gc,heap        ] GC(49) ParOldGen: 390786K(391168K)->391127K(391168K)
[70.758s][info][gc,metaspace   ] GC(49) Metaspace: 35439K(35840K)->35439K(35840K) NonClass: 33057K(33280K)->33057K(33280K) Class: 2381K(2560K)->2381K(2560K)
[70.758s][info][gc             ] GC(49) Pause Young (Allocation Failure) 500M->414M(591M) 22.367ms
[70.758s][info][gc,cpu         ] GC(49) User=0.04s Sys=0.00s Real=0.02s
[71.244s][info][gc,start       ] GC(50) Pause Young (Allocation Failure)
[71.254s][info][gc,heap        ] GC(50) PSYoungGen: 159982K(214016K)->10055K(222720K) Eden: 126976K(126976K)->0K(126976K) From: 33006K(87040K)->10055K(95744K)
[71.254s][info][gc,heap        ] GC(50) ParOldGen: 391127K(391168K)->391685K(392192K)
[71.254s][info][gc,metaspace   ] GC(50) Metaspace: 35449K(35840K)->35449K(35840K) NonClass: 33067K(33280K)->33067K(33280K) Class: 2381K(2560K)->2381K(2560K)
[71.254s][info][gc             ] GC(50) Pause Young (Allocation Failure) 538M->392M(600M) 9.133ms
[71.254s][info][gc,cpu         ] GC(50) User=0.01s Sys=0.00s Real=0.01s
[71.714s][info][gc,start       ] GC(51) Pause Young (Allocation Failure)
[71.734s][info][gc,heap        ] GC(51) PSYoungGen: 137031K(222720K)->27737K(223232K) Eden: 126976K(126976K)->0K(144896K) From: 10055K(95744K)->27737K(78336K)
[71.734s][info][gc,heap        ] GC(51) ParOldGen: 391685K(392192K)->392373K(392704K)
[71.734s][info][gc,metaspace   ] GC(51) Metaspace: 35450K(35840K)->35450K(35840K) NonClass: 33068K(33280K)->33068K(33280K) Class: 2381K(2560K)->2381K(2560K)
[71.734s][info][gc             ] GC(51) Pause Young (Allocation Failure) 516M->410M(601M) 20.271ms
[71.734s][info][gc,cpu         ] GC(51) User=0.04s Sys=0.00s Real=0.02s
[72.222s][info][gc,start       ] GC(52) Pause Young (Allocation Failure)
[72.237s][info][gc,heap        ] GC(52) PSYoungGen: 172633K(223232K)->13500K(231936K) Eden: 144896K(144896K)->0K(144896K) From: 27737K(78336K)->13500K(87040K)
[72.237s][info][gc,heap        ] GC(52) ParOldGen: 392373K(392704K)->392806K(393216K)
[72.237s][info][gc,metaspace   ] GC(52) Metaspace: 35450K(35840K)->35450K(35840K) NonClass: 33068K(33280K)->33068K(33280K) Class: 2381K(2560K)->2381K(2560K)
[72.237s][info][gc             ] GC(52) Pause Young (Allocation Failure) 551M->396M(610M) 14.589ms
[72.237s][info][gc,cpu         ] GC(52) User=0.02s Sys=0.00s Real=0.01s
[72.790s][info][gc,start       ] GC(53) Pause Young (Allocation Failure)
[72.803s][info][gc,heap        ] GC(53) PSYoungGen: 158396K(231936K)->10844K(238080K) Eden: 144896K(144896K)->0K(163328K) From: 13500K(87040K)->10844K(74752K)
[72.803s][info][gc,heap        ] GC(53) ParOldGen: 392806K(393216K)->393021K(393216K)
[72.803s][info][gc,metaspace   ] GC(53) Metaspace: 35450K(35840K)->35450K(35840K) NonClass: 33068K(33280K)->33068K(33280K) Class: 2381K(2560K)->2381K(2560K)
[72.803s][info][gc             ] GC(53) Pause Young (Allocation Failure) 538M->394M(616M) 12.271ms
[72.803s][info][gc,cpu         ] GC(53) User=0.02s Sys=0.00s Real=0.01s
[73.471s][info][gc,start       ] GC(54) Pause Young (Allocation Failure)
[73.496s][info][gc,heap        ] GC(54) PSYoungGen: 174172K(238080K)->23200K(244224K) Eden: 163328K(163328K)->0K(163328K) From: 10844K(74752K)->23200K(80896K)
[73.496s][info][gc,heap        ] GC(54) ParOldGen: 393021K(393216K)->393359K(393728K)
[73.496s][info][gc,metaspace   ] GC(54) Metaspace: 35487K(35904K)->35487K(35904K) NonClass: 33101K(33344K)->33101K(33344K) Class: 2385K(2560K)->2385K(2560K)
[73.496s][info][gc             ] GC(54) Pause Young (Allocation Failure) 553M->406M(623M) 24.447ms
[73.496s][info][gc,cpu         ] GC(54) User=0.05s Sys=0.00s Real=0.02s
[74.099s][info][gc,start       ] GC(55) Pause Young (Allocation Failure)
[74.124s][info][gc,heap        ] GC(55) PSYoungGen: 186528K(244224K)->726K(249856K) Eden: 163328K(163328K)->0K(177152K) From: 23200K(80896K)->726K(72704K)
[74.124s][info][gc,heap        ] GC(55) ParOldGen: 393359K(393728K)->415229K(415232K)
[74.124s][info][gc,metaspace   ] GC(55) Metaspace: 35503K(35904K)->35503K(35904K) NonClass: 33117K(33344K)->33117K(33344K) Class: 2385K(2560K)->2385K(2560K)
[74.124s][info][gc             ] GC(55) Pause Young (Allocation Failure) 566M->406M(649M) 24.832ms
[74.124s][info][gc,cpu         ] GC(55) User=0.03s Sys=0.02s Real=0.02s
[74.738s][info][gc,start       ] GC(56) Pause Young (Allocation Failure)
[74.741s][info][gc,heap        ] GC(56) PSYoungGen: 177878K(249856K)->1162K(251904K) Eden: 177152K(177152K)->0K(177152K) From: 726K(72704K)->1162K(74752K)
[74.741s][info][gc,heap        ] GC(56) ParOldGen: 415229K(415232K)->415292K(415744K)
[74.741s][info][gc,metaspace   ] GC(56) Metaspace: 35506K(35904K)->35506K(35904K) NonClass: 33120K(33344K)->33120K(33344K) Class: 2385K(2560K)->2385K(2560K)
[74.741s][info][gc             ] GC(56) Pause Young (Allocation Failure) 579M->406M(652M) 3.408ms
[74.741s][info][gc,cpu         ] GC(56) User=0.00s Sys=0.00s Real=0.01s
[75.410s][info][gc,start       ] GC(57) Pause Young (Allocation Failure)
[75.421s][info][gc,heap        ] GC(57) PSYoungGen: 178314K(251904K)->4743K(253440K) Eden: 177152K(177152K)->0K(185856K) From: 1162K(74752K)->4743K(67584K)
[75.421s][info][gc,heap        ] GC(57) ParOldGen: 415292K(415744K)->415764K(416256K)
[75.421s][info][gc,metaspace   ] GC(57) Metaspace: 35881K(36288K)->35881K(36288K) NonClass: 33436K(33664K)->33436K(33664K) Class: 2445K(2624K)->2445K(2624K)
[75.421s][info][gc             ] GC(57) Pause Young (Allocation Failure) 579M->410M(654M) 10.786ms
[75.421s][info][gc,cpu         ] GC(57) User=0.02s Sys=0.00s Real=0.01s
[75.814s][info][gc,start       ] GC(58) Pause Young (Allocation Failure)
[75.825s][info][gc,heap        ] GC(58) PSYoungGen: 190599K(253440K)->3534K(256512K) Eden: 185856K(185856K)->0K(185856K) From: 4743K(67584K)->3534K(70656K)
[75.825s][info][gc,heap        ] GC(58) ParOldGen: 415764K(416256K)->418340K(418816K)
[75.825s][info][gc,metaspace   ] GC(58) Metaspace: 35904K(36288K)->35904K(36288K) NonClass: 33459K(33664K)->33459K(33664K) Class: 2445K(2624K)->2445K(2624K)
[75.825s][info][gc             ] GC(58) Pause Young (Allocation Failure) 592M->411M(659M) 10.857ms
[75.825s][info][gc,cpu         ] GC(58) User=0.02s Sys=0.00s Real=0.01s
[76.206s][info][gc,start       ] GC(59) Pause Young (Allocation Failure)
[76.210s][info][gc,heap        ] GC(59) PSYoungGen: 189390K(256512K)->1308K(257024K) Eden: 185856K(185856K)->0K(194560K) From: 3534K(70656K)->1308K(62464K)
[76.210s][info][gc,heap        ] GC(59) ParOldGen: 418340K(418816K)->418436K(418816K)
[76.210s][info][gc,metaspace   ] GC(59) Metaspace: 35938K(36352K)->35938K(36352K) NonClass: 33493K(33728K)->33493K(33728K) Class: 2445K(2624K)->2445K(2624K)
[76.210s][info][gc             ] GC(59) Pause Young (Allocation Failure) 593M->409M(660M) 4.467ms
[76.210s][info][gc,cpu         ] GC(59) User=0.01s Sys=0.00s Real=0.01s
[76.944s][info][gc,start       ] GC(60) Pause Young (Allocation Failure)
[76.957s][info][gc,heap        ] GC(60) PSYoungGen: 195082K(257024K)->10661K(260608K) Eden: 193773K(194560K)->0K(194560K) From: 1308K(62464K)->10661K(66048K)
[76.957s][info][gc,heap        ] GC(60) ParOldGen: 418436K(418816K)->418696K(418816K)
[76.957s][info][gc,metaspace   ] GC(60) Metaspace: 36501K(36864K)->36501K(36864K) NonClass: 34013K(34240K)->34013K(34240K) Class: 2487K(2624K)->2487K(2624K)
[76.957s][info][gc             ] GC(60) Pause Young (Allocation Failure) 599M->419M(663M) 12.951ms
[76.957s][info][gc,cpu         ] GC(60) User=0.03s Sys=0.00s Real=0.01s
[77.348s][info][gc,start       ] GC(61) Pause Young (Allocation Failure)
[77.364s][info][gc,heap        ] GC(61) PSYoungGen: 204573K(260608K)->1468K(264192K) Eden: 193912K(194560K)->0K(205824K) From: 10661K(66048K)->1468K(58368K)
[77.364s][info][gc,heap        ] GC(61) ParOldGen: 418696K(418816K)->429124K(429568K)
[77.364s][info][gc,metaspace   ] GC(61) Metaspace: 37882K(38272K)->37882K(38272K) NonClass: 35288K(35520K)->35288K(35520K) Class: 2594K(2752K)->2594K(2752K)
[77.364s][info][gc             ] GC(61) Pause Young (Allocation Failure) 608M->420M(677M) 16.133ms
[77.364s][info][gc,cpu         ] GC(61) User=0.03s Sys=0.01s Real=0.02s
[77.737s][info][gc,start       ] GC(62) Pause Young (Allocation Failure)
[77.747s][info][gc,heap        ] GC(62) PSYoungGen: 206004K(264192K)->2520K(265728K) Eden: 204535K(205824K)->0K(205824K) From: 1468K(58368K)->2520K(59904K)
[77.747s][info][gc,heap        ] GC(62) ParOldGen: 429124K(429568K)->430527K(430592K)
[77.747s][info][gc,metaspace   ] GC(62) Metaspace: 38082K(38464K)->38082K(38464K) NonClass: 35487K(35712K)->35487K(35712K) Class: 2595K(2752K)->2595K(2752K)
[77.747s][info][gc             ] GC(62) Pause Young (Allocation Failure) 620M->422M(680M) 10.593ms
[77.747s][info][gc,cpu         ] GC(62) User=0.02s Sys=0.00s Real=0.01s
[78.142s][info][gc,start       ] GC(63) Pause Young (Allocation Failure)
[78.152s][info][gc,heap        ] GC(63) PSYoungGen: 208344K(265728K)->3071K(268800K) Eden: 205824K(205824K)->0K(216576K) From: 2520K(59904K)->3071K(52224K)
[78.152s][info][gc,heap        ] GC(63) ParOldGen: 430527K(430592K)->433036K(433152K)
[78.152s][info][gc,metaspace   ] GC(63) Metaspace: 38163K(38528K)->38163K(38528K) NonClass: 35568K(35776K)->35568K(35776K) Class: 2595K(2752K)->2595K(2752K)
[78.152s][info][gc             ] GC(63) Pause Young (Allocation Failure) 623M->425M(685M) 9.544ms
[78.152s][info][gc,cpu         ] GC(63) User=0.01s Sys=0.00s Real=0.01s
[78.594s][info][gc,start       ] GC(64) Pause Young (Allocation Failure)
[78.609s][info][gc,heap        ] GC(64) PSYoungGen: 217854K(268800K)->4944K(270848K) Eden: 214783K(216576K)->0K(216576K) From: 3071K(52224K)->4944K(54272K)
[78.609s][info][gc,heap        ] GC(64) ParOldGen: 433036K(433152K)->436063K(436224K)
[78.609s][info][gc,metaspace   ] GC(64) Metaspace: 38258K(38656K)->38258K(38656K) NonClass: 35662K(35904K)->35662K(35904K) Class: 2595K(2752K)->2595K(2752K)
[78.609s][info][gc             ] GC(64) Pause Young (Allocation Failure) 635M->430M(690M) 15.462ms
[78.609s][info][gc,cpu         ] GC(64) User=0.03s Sys=0.00s Real=0.01s
[79.017s][info][gc,start       ] GC(65) Pause Young (Allocation Failure)
[79.042s][info][gc,heap        ] GC(65) PSYoungGen: 221397K(270848K)->7483K(274432K) Eden: 216453K(216576K)->0K(228352K) From: 4944K(54272K)->7483K(46080K)
[79.042s][info][gc,heap        ] GC(65) ParOldGen: 436063K(436224K)->440971K(441344K)
[79.042s][info][gc,metaspace   ] GC(65) Metaspace: 38316K(38656K)->38316K(38656K) NonClass: 35719K(35904K)->35719K(35904K) Class: 2596K(2752K)->2596K(2752K)
[79.042s][info][gc             ] GC(65) Pause Young (Allocation Failure) 642M->437M(699M) 24.280ms
[79.042s][info][gc,cpu         ] GC(65) User=0.05s Sys=0.00s Real=0.03s
[79.485s][info][gc,start       ] GC(66) Pause Young (Allocation Failure)
[79.504s][info][gc,heap        ] GC(66) PSYoungGen: 235835K(274432K)->9769K(276480K) Eden: 228352K(228352K)->0K(228352K) From: 7483K(46080K)->9769K(48128K)
[79.504s][info][gc,heap        ] GC(66) ParOldGen: 440971K(441344K)->446682K(446976K)
[79.504s][info][gc,metaspace   ] GC(66) Metaspace: 38366K(38720K)->38366K(38720K) NonClass: 35769K(35968K)->35769K(35968K) Class: 2596K(2752K)->2596K(2752K)
[79.504s][info][gc             ] GC(66) Pause Young (Allocation Failure) 660M->445M(706M) 18.547ms
[79.504s][info][gc,cpu         ] GC(66) User=0.03s Sys=0.01s Real=0.02s
[80.330s][info][gc,start       ] GC(67) Pause Young (Allocation Failure)
[80.380s][info][gc,heap        ] GC(67) PSYoungGen: 238121K(276480K)->13370K(282112K) Eden: 228352K(228352K)->0K(241152K) From: 9769K(48128K)->13370K(40960K)
[80.380s][info][gc,heap        ] GC(67) ParOldGen: 446682K(446976K)->454399K(454656K)
[80.381s][info][gc,metaspace   ] GC(67) Metaspace: 38764K(39104K)->38764K(39104K) NonClass: 36099K(36288K)->36099K(36288K) Class: 2665K(2816K)->2665K(2816K)
[80.381s][info][gc             ] GC(67) Pause Young (Allocation Failure) 668M->456M(719M) 50.040ms
[80.381s][info][gc,cpu         ] GC(67) User=0.10s Sys=0.00s Real=0.05s
[81.925s][info][gc,start       ] GC(68) Pause Young (Allocation Failure)
[81.950s][info][gc,heap        ] GC(68) PSYoungGen: 254522K(282112K)->4039K(283136K) Eden: 241152K(241152K)->0K(241152K) From: 13370K(40960K)->4039K(41984K)
[81.950s][info][gc,heap        ] GC(68) ParOldGen: 454399K(454656K)->466892K(466944K)
[81.950s][info][gc,metaspace   ] GC(68) Metaspace: 39343K(39680K)->39343K(39680K) NonClass: 36653K(36864K)->36653K(36864K) Class: 2690K(2816K)->2690K(2816K)
[81.950s][info][gc             ] GC(68) Pause Young (Allocation Failure) 692M->459M(732M) 24.722ms
[81.950s][info][gc,cpu         ] GC(68) User=0.04s Sys=0.01s Real=0.03s
[82.733s][info][gc,start       ] GC(69) Pause Young (Allocation Failure)
[82.739s][info][gc,heap        ] GC(69) PSYoungGen: 245191K(283136K)->3568K(288256K) Eden: 241152K(241152K)->0K(251392K) From: 4039K(41984K)->3568K(36864K)
[82.739s][info][gc,heap        ] GC(69) ParOldGen: 466892K(466944K)->467940K(467968K)
[82.739s][info][gc,metaspace   ] GC(69) Metaspace: 39367K(39744K)->39367K(39744K) NonClass: 36677K(36928K)->36677K(36928K) Class: 2690K(2816K)->2690K(2816K)
[82.739s][info][gc             ] GC(69) Pause Young (Allocation Failure) 695M->460M(738M) 6.445ms
[82.739s][info][gc,cpu         ] GC(69) User=0.01s Sys=0.00s Real=0.00s
[83.561s][info][gc,start       ] GC(70) Pause Young (Allocation Failure)
[83.572s][info][gc,heap        ] GC(70) PSYoungGen: 254960K(288256K)->6036K(289792K) Eden: 251392K(251392K)->0K(251392K) From: 3568K(36864K)->6036K(38400K)
[83.572s][info][gc,heap        ] GC(70) ParOldGen: 467940K(467968K)->467956K(467968K)
[83.572s][info][gc,metaspace   ] GC(70) Metaspace: 39404K(39744K)->39404K(39744K) NonClass: 36713K(36928K)->36713K(36928K) Class: 2690K(2816K)->2690K(2816K)
[83.572s][info][gc             ] GC(70) Pause Young (Allocation Failure) 705M->462M(740M) 10.884ms
[83.572s][info][gc,cpu         ] GC(70) User=0.02s Sys=0.00s Real=0.01s
[84.255s][info][gc,start       ] GC(71) Pause Young (Allocation Failure)
[84.262s][info][gc,heap        ] GC(71) PSYoungGen: 257428K(289792K)->6014K(290816K) Eden: 251392K(251392K)->0K(259072K) From: 6036K(38400K)->6014K(31744K)
[84.262s][info][gc,heap        ] GC(71) ParOldGen: 467956K(467968K)->468026K(468480K)
[84.262s][info][gc,metaspace   ] GC(71) Metaspace: 39406K(39744K)->39406K(39744K) NonClass: 36715K(36928K)->36715K(36928K) Class: 2690K(2816K)->2690K(2816K)
[84.262s][info][gc             ] GC(71) Pause Young (Allocation Failure) 708M->462M(741M) 7.326ms
[84.262s][info][gc,cpu         ] GC(71) User=0.02s Sys=0.00s Real=0.01s
[86.333s][info][gc,start       ] GC(72) Pause Young (Allocation Failure)
[86.343s][info][gc,heap        ] GC(72) PSYoungGen: 265086K(290816K)->7090K(292864K) Eden: 259072K(259072K)->0K(259072K) From: 6014K(31744K)->7090K(33792K)
[86.343s][info][gc,heap        ] GC(72) ParOldGen: 468026K(468480K)->468098K(468480K)
[86.343s][info][gc,metaspace   ] GC(72) Metaspace: 40291K(40704K)->40291K(40704K) NonClass: 37503K(37760K)->37503K(37760K) Class: 2787K(2944K)->2787K(2944K)
[86.343s][info][gc             ] GC(72) Pause Young (Allocation Failure) 715M->464M(743M) 10.274ms
[86.343s][info][gc,cpu         ] GC(72) User=0.02s Sys=0.00s Real=0.01s
[88.342s][info][gc,start       ] GC(73) Pause Young (Allocation Failure)
[88.353s][info][gc,heap        ] GC(73) PSYoungGen: 266162K(292864K)->3346K(297984K) Eden: 259072K(259072K)->0K(268288K) From: 7090K(33792K)->3346K(29696K)
[88.353s][info][gc,heap        ] GC(73) ParOldGen: 468098K(468480K)->468346K(468480K)
[88.353s][info][gc,metaspace   ] GC(73) Metaspace: 40511K(40896K)->40511K(40896K) NonClass: 37717K(37952K)->37717K(37952K) Class: 2794K(2944K)->2794K(2944K)
[88.353s][info][gc             ] GC(73) Pause Young (Allocation Failure) 717M->460M(748M) 10.479ms
[88.353s][info][gc,cpu         ] GC(73) User=0.02s Sys=0.01s Real=0.01s
[89.992s][info][gc,start       ] GC(74) Pause Young (Allocation Failure)
[90.015s][info][gc,heap        ] GC(74) PSYoungGen: 271634K(297984K)->19044K(299008K) Eden: 268288K(268288K)->0K(268288K) From: 3346K(29696K)->19044K(30720K)
[90.016s][info][gc,heap        ] GC(74) ParOldGen: 468346K(468480K)->471373K(471552K)
[90.016s][info][gc,metaspace   ] GC(74) Metaspace: 40865K(41216K)->40865K(41216K) NonClass: 38053K(38272K)->38053K(38272K) Class: 2812K(2944K)->2812K(2944K)
[90.016s][info][gc             ] GC(74) Pause Young (Allocation Failure) 722M->478M(752M) 23.151ms
[90.016s][info][gc,cpu         ] GC(74) User=0.04s Sys=0.00s Real=0.02s
[91.169s][info][gc,start       ] GC(75) Pause Young (Allocation Failure)
[91.276s][info][gc,heap        ] GC(75) PSYoungGen: 287332K(299008K)->29900K(290304K) Eden: 268288K(268288K)->0K(258048K) From: 19044K(30720K)->29900K(32256K)
[91.276s][info][gc,heap        ] GC(75) ParOldGen: 471373K(471552K)->490014K(490496K)
[91.276s][info][gc,metaspace   ] GC(75) Metaspace: 40888K(41280K)->40888K(41280K) NonClass: 38076K(38336K)->38076K(38336K) Class: 2812K(2944K)->2812K(2944K)
[91.276s][info][gc             ] GC(75) Pause Young (Allocation Failure) 740M->507M(762M) 106.742ms
[91.276s][info][gc,cpu         ] GC(75) User=0.18s Sys=0.03s Real=0.10s
[92.240s][info][gc,start       ] GC(76) Pause Young (Allocation Failure)
[92.315s][info][gc,heap        ] GC(76) PSYoungGen: 287948K(290304K)->26904K(285184K) Eden: 258048K(258048K)->0K(258048K) From: 29900K(32256K)->26904K(27136K)
[92.315s][info][gc,heap        ] GC(76) ParOldGen: 490014K(490496K)->520102K(520192K)
[92.315s][info][gc,metaspace   ] GC(76) Metaspace: 40896K(41280K)->40896K(41280K) NonClass: 38083K(38336K)->38083K(38336K) Class: 2812K(2944K)->2812K(2944K)
[92.315s][info][gc             ] GC(76) Pause Young (Allocation Failure) 759M->534M(786M) 75.466ms
[92.315s][info][gc,cpu         ] GC(76) User=0.12s Sys=0.02s Real=0.07s
[94.117s][info][gc,start       ] GC(77) Pause Young (Allocation Failure)
[94.209s][info][gc,heap        ] GC(77) PSYoungGen: 284952K(285184K)->38929K(279552K) Eden: 258048K(258048K)->0K(238592K) From: 26904K(27136K)->38929K(40960K)
[94.209s][info][gc,heap        ] GC(77) ParOldGen: 520102K(520192K)->550405K(550912K)
[94.209s][info][gc,metaspace   ] GC(77) Metaspace: 40908K(41280K)->40908K(41280K) NonClass: 38096K(38336K)->38096K(38336K) Class: 2812K(2944K)->2812K(2944K)
[94.209s][info][gc             ] GC(77) Pause Young (Allocation Failure) 786M->575M(811M) 92.862ms
[94.209s][info][gc,cpu         ] GC(77) User=0.16s Sys=0.02s Real=0.10s
[98.275s][info][gc,start       ] GC(78) Pause Young (Allocation Failure)
[98.312s][info][gc,heap        ] GC(78) PSYoungGen: 277521K(279552K)->7106K(286208K) Eden: 238592K(238592K)->0K(238592K) From: 38929K(40960K)->7106K(47616K)
[98.312s][info][gc,heap        ] GC(78) ParOldGen: 550405K(550912K)->571531K(571904K)
[98.312s][info][gc,metaspace   ] GC(78) Metaspace: 41065K(41408K)->41065K(41408K) NonClass: 38252K(38464K)->38252K(38464K) Class: 2812K(2944K)->2812K(2944K)
[98.312s][info][gc             ] GC(78) Pause Young (Allocation Failure) 808M->565M(838M) 36.343ms
[98.312s][info][gc,cpu         ] GC(78) User=0.05s Sys=0.02s Real=0.04s
[99.071s][info][gc,start       ] GC(79) Pause Young (Allocation Failure)
[99.102s][info][gc,heap        ] GC(79) PSYoungGen: 245698K(286208K)->23500K(284672K) Eden: 238592K(238592K)->0K(240128K) From: 7106K(47616K)->23500K(44544K)
[99.102s][info][gc,heap        ] GC(79) ParOldGen: 571531K(571904K)->576543K(577024K)
[99.102s][info][gc,metaspace   ] GC(79) Metaspace: 41123K(41472K)->41123K(41472K) NonClass: 38311K(38528K)->38311K(38528K) Class: 2812K(2944K)->2812K(2944K)
[99.103s][info][gc             ] GC(79) Pause Young (Allocation Failure) 798M->585M(841M) 31.421ms
[99.103s][info][gc,cpu         ] GC(79) User=0.06s Sys=0.00s Real=0.03s
[99.761s][info][gc,start       ] GC(80) Pause Young (Allocation Failure)
[99.830s][info][gc,heap        ] GC(80) PSYoungGen: 263628K(284672K)->29464K(269824K) Eden: 240128K(240128K)->0K(240128K) From: 23500K(44544K)->29464K(29696K)
[99.830s][info][gc,heap        ] GC(80) ParOldGen: 576543K(577024K)->599267K(599552K)
[99.830s][info][gc,metaspace   ] GC(80) Metaspace: 41124K(41472K)->41124K(41472K) NonClass: 38312K(38528K)->38312K(38528K) Class: 2812K(2944K)->2812K(2944K)
[99.830s][info][gc             ] GC(80) Pause Young (Allocation Failure) 820M->613M(849M) 69.010ms
[99.830s][info][gc,cpu         ] GC(80) User=0.12s Sys=0.01s Real=0.07s
[100.518s][info][gc,start       ] GC(81) Pause Young (Allocation Failure)
[100.591s][info][gc,heap        ] GC(81) PSYoungGen: 269592K(269824K)->30160K(281600K) Eden: 240128K(240128K)->0K(233472K) From: 29464K(29696K)->30160K(48128K)
[100.591s][info][gc,heap        ] GC(81) ParOldGen: 599267K(599552K)->627043K(627200K)
[100.591s][info][gc,metaspace   ] GC(81) Metaspace: 41124K(41472K)->41124K(41472K) NonClass: 38312K(38528K)->38312K(38528K) Class: 2812K(2944K)->2812K(2944K)
[100.591s][info][gc             ] GC(81) Pause Young (Allocation Failure) 848M->641M(887M) 72.845ms
[100.591s][info][gc,cpu         ] GC(81) User=0.12s Sys=0.02s Real=0.08s
[102.352s][info][gc,start       ] GC(82) Pause Full (Allocation Failure)
[102.352s][info][gc,phases,start] GC(82) Marking Phase
[102.441s][info][gc,phases      ] GC(82) Marking Phase 89.286ms
[102.441s][info][gc,phases,start] GC(82) Summary Phase
[102.441s][info][gc,phases      ] GC(82) Summary Phase 0.041ms
[102.441s][info][gc,phases,start] GC(82) Forward
[102.449s][info][gc,phases      ] GC(82) Forward 7.839ms
[102.449s][info][gc,phases,start] GC(82) Adjust Pointers
[102.487s][info][gc,phases      ] GC(82) Adjust Pointers 37.709ms
[102.487s][info][gc,phases,start] GC(82) Compaction Phase
[102.497s][info][gc,phases      ] GC(82) Compaction Phase 9.485ms
[102.497s][info][gc,phases,start] GC(82) Post Compact
[102.508s][info][gc,phases      ] GC(82) Post Compact 10.809ms
[102.550s][info][gc,heap        ] GC(82) PSYoungGen: 263632K(281600K)->0K(283648K) Eden: 233472K(233472K)->0K(233472K) From: 30160K(48128K)->0K(50176K)
[102.550s][info][gc,heap        ] GC(82) ParOldGen: 627043K(627200K)->57525K(175104K)
[102.550s][info][gc,metaspace   ] GC(82) Metaspace: 41130K(41472K)->41130K(41472K) NonClass: 38317K(38528K)->38317K(38528K) Class: 2812K(2944K)->2812K(2944K)
[102.550s][info][gc             ] GC(82) Pause Full (Allocation Failure) 869M->56M(448M) 197.689ms
[102.550s][info][gc,cpu         ] GC(82) User=0.19s Sys=0.05s Real=0.20s
[104.347s][info][gc,start       ] GC(83) Pause Young (Allocation Failure)
[104.368s][info][gc,heap        ] GC(83) PSYoungGen: 233472K(283648K)->19073K(277504K) Eden: 233472K(233472K)->0K(233472K) From: 0K(50176K)->19073K(44032K)
[104.368s][info][gc,heap        ] GC(83) ParOldGen: 57525K(175104K)->57525K(175104K)
[104.368s][info][gc,metaspace   ] GC(83) Metaspace: 41131K(41472K)->41131K(41472K) NonClass: 38319K(38528K)->38319K(38528K) Class: 2812K(2944K)->2812K(2944K)
[104.368s][info][gc             ] GC(83) Pause Young (Allocation Failure) 284M->74M(442M) 21.227ms
[104.368s][info][gc,cpu         ] GC(83) User=0.03s Sys=0.00s Real=0.02s
[105.913s][info][gc,start       ] GC(84) Pause Young (Allocation Failure)
[105.951s][info][gc,heap        ] GC(84) PSYoungGen: 252545K(277504K)->24137K(280576K) Eden: 233472K(233472K)->0K(233472K) From: 19073K(44032K)->24137K(47104K)
[105.951s][info][gc,heap        ] GC(84) ParOldGen: 57525K(175104K)->76622K(175104K)
[105.951s][info][gc,metaspace   ] GC(84) Metaspace: 41132K(41472K)->41132K(41472K) NonClass: 38319K(38528K)->38319K(38528K) Class: 2812K(2944K)->2812K(2944K)
[105.951s][info][gc             ] GC(84) Pause Young (Allocation Failure) 302M->98M(445M) 38.134ms
[105.951s][info][gc,cpu         ] GC(84) User=0.08s Sys=0.00s Real=0.04s
[107.507s][info][gc,start       ] GC(85) Pause Young (Allocation Failure)
[107.547s][info][gc,heap        ] GC(85) PSYoungGen: 257609K(280576K)->20756K(282112K) Eden: 233472K(233472K)->0K(240128K) From: 24137K(47104K)->20756K(41984K)
[107.547s][info][gc,heap        ] GC(85) ParOldGen: 76622K(175104K)->100904K(175104K)
[107.547s][info][gc,metaspace   ] GC(85) Metaspace: 41133K(41472K)->41133K(41472K) NonClass: 38321K(38528K)->38321K(38528K) Class: 2812K(2944K)->2812K(2944K)
[107.547s][info][gc             ] GC(85) Pause Young (Allocation Failure) 326M->118M(446M) 39.935ms
[107.547s][info][gc,cpu         ] GC(85) User=0.08s Sys=0.00s Real=0.04s
[108.916s][info][gc,start       ] GC(86) Pause Young (Allocation Failure)
[108.959s][info][gc,heap        ] GC(86) PSYoungGen: 260884K(282112K)->29412K(284672K) Eden: 240128K(240128K)->0K(240128K) From: 20756K(41984K)->29412K(44544K)
[108.959s][info][gc,heap        ] GC(86) ParOldGen: 100904K(175104K)->121723K(175104K)
[108.959s][info][gc,metaspace   ] GC(86) Metaspace: 41137K(41472K)->41137K(41472K) NonClass: 38325K(38528K)->38325K(38528K) Class: 2812K(2944K)->2812K(2944K)
[108.959s][info][gc             ] GC(86) Pause Young (Allocation Failure) 353M->147M(449M) 42.469ms
[108.959s][info][gc,cpu         ] GC(86) User=0.09s Sys=0.00s Real=0.04s
[109.639s][info][gc,start       ] GC(87) Pause Young (Allocation Failure)
[109.691s][info][gc,heap        ] GC(87) PSYoungGen: 269540K(284672K)->29708K(286208K) Eden: 240128K(240128K)->0K(240640K) From: 29412K(44544K)->29708K(45568K)
[109.691s][info][gc,heap        ] GC(87) ParOldGen: 121723K(175104K)->151023K(175104K)
[109.691s][info][gc,metaspace   ] GC(87) Metaspace: 41137K(41472K)->41137K(41472K) NonClass: 38325K(38528K)->38325K(38528K) Class: 2812K(2944K)->2812K(2944K)
[109.691s][info][gc             ] GC(87) Pause Young (Allocation Failure) 382M->176M(450M) 52.353ms
[109.691s][info][gc,cpu         ] GC(87) User=0.10s Sys=0.00s Real=0.06s
[110.335s][info][gc,start       ] GC(88) Pause Young (Allocation Failure)
[110.394s][info][gc,heap        ] GC(88) PSYoungGen: 270348K(286208K)->29112K(269824K) Eden: 240640K(240640K)->0K(240640K) From: 29708K(45568K)->29112K(29184K)
[110.394s][info][gc,heap        ] GC(88) ParOldGen: 151023K(175104K)->180069K(180224K)
[110.394s][info][gc,metaspace   ] GC(88) Metaspace: 41137K(41472K)->41137K(41472K) NonClass: 38325K(38528K)->38325K(38528K) Class: 2812K(2944K)->2812K(2944K)
[110.394s][info][gc             ] GC(88) Pause Young (Allocation Failure) 411M->204M(439M) 59.066ms
[110.394s][info][gc,cpu         ] GC(88) User=0.12s Sys=0.00s Real=0.06s
[111.495s][info][gc,start       ] GC(89) Pause Young (Allocation Failure)
[111.628s][info][gc,heap        ] GC(89) PSYoungGen: 269752K(269824K)->47082K(249856K) Eden: 240640K(240640K)->0K(202752K) From: 29112K(29184K)->47082K(47104K)
[111.628s][info][gc,heap        ] GC(89) ParOldGen: 180069K(180224K)->211630K(211968K)
[111.628s][info][gc,metaspace   ] GC(89) Metaspace: 41137K(41472K)->41137K(41472K) NonClass: 38325K(38528K)->38325K(38528K) Class: 2812K(2944K)->2812K(2944K)
[111.628s][info][gc             ] GC(89) Pause Young (Allocation Failure) 439M->252M(451M) 133.101ms
[111.628s][info][gc,cpu         ] GC(89) User=0.24s Sys=0.02s Real=0.13s
[113.061s][info][gc,start       ] GC(90) Pause Young (Allocation Failure)
[113.106s][info][gc,heap        ] GC(90) PSYoungGen: 249834K(249856K)->7468K(268288K) Eden: 202752K(202752K)->0K(202752K) From: 47082K(47104K)->7468K(65536K)
[113.106s][info][gc,heap        ] GC(90) ParOldGen: 211630K(211968K)->232998K(233472K)
[113.106s][info][gc,metaspace   ] GC(90) Metaspace: 41163K(41536K)->41163K(41536K) NonClass: 38351K(38592K)->38351K(38592K) Class: 2812K(2944K)->2812K(2944K)
[113.106s][info][gc             ] GC(90) Pause Young (Allocation Failure) 450M->234M(490M) 45.527ms
[113.106s][info][gc,cpu         ] GC(90) User=0.07s Sys=0.02s Real=0.04s
[114.323s][info][gc,start       ] GC(91) Pause Young (Allocation Failure)
[114.333s][info][gc,heap        ] GC(91) PSYoungGen: 210220K(268288K)->411K(267776K) Eden: 202751K(202752K)->0K(202752K) From: 7468K(65536K)->411K(65024K)
[114.333s][info][gc,heap        ] GC(91) ParOldGen: 232998K(233472K)->239232K(239616K)
[114.333s][info][gc,metaspace   ] GC(91) Metaspace: 41163K(41536K)->41163K(41536K) NonClass: 38351K(38592K)->38351K(38592K) Class: 2812K(2944K)->2812K(2944K)
[114.333s][info][gc             ] GC(91) Pause Young (Allocation Failure) 432M->234M(495M) 10.052ms
[114.333s][info][gc,cpu         ] GC(91) User=0.01s Sys=0.01s Real=0.01s
[115.652s][info][gc,start       ] GC(92) Pause Young (Allocation Failure)
[115.685s][info][gc,heap        ] GC(92) PSYoungGen: 203163K(267776K)->22427K(225280K) Eden: 202752K(202752K)->0K(202752K) From: 411K(65024K)->22427K(22528K)
[115.685s][info][gc,heap        ] GC(92) ParOldGen: 239232K(239616K)->239552K(239616K)
[115.685s][info][gc,metaspace   ] GC(92) Metaspace: 41163K(41536K)->41163K(41536K) NonClass: 38351K(38592K)->38351K(38592K) Class: 2812K(2944K)->2812K(2944K)
[115.685s][info][gc             ] GC(92) Pause Young (Allocation Failure) 432M->255M(454M) 33.625ms
[115.685s][info][gc,cpu         ] GC(92) User=0.07s Sys=0.00s Real=0.03s
[117.010s][info][gc,start       ] GC(93) Pause Young (Allocation Failure)
[117.062s][info][gc,heap        ] GC(93) PSYoungGen: 225179K(225280K)->20080K(267776K) Eden: 202752K(202752K)->0K(206336K) From: 22427K(22528K)->20080K(61440K)
[117.062s][info][gc,heap        ] GC(93) ParOldGen: 239552K(239616K)->261890K(262144K)
[117.062s][info][gc,metaspace   ] GC(93) Metaspace: 41163K(41536K)->41163K(41536K) NonClass: 38351K(38592K)->38351K(38592K) Class: 2812K(2944K)->2812K(2944K)
[117.062s][info][gc             ] GC(93) Pause Young (Allocation Failure) 453M->275M(517M) 52.350ms
[117.062s][info][gc,cpu         ] GC(93) User=0.08s Sys=0.02s Real=0.05s
[118.343s][info][gc,start       ] GC(94) Pause Young (Allocation Failure)
[118.399s][info][gc,heap        ] GC(94) PSYoungGen: 226416K(267776K)->18510K(264704K) Eden: 206336K(206336K)->0K(206336K) From: 20080K(61440K)->18510K(58368K)
[118.399s][info][gc,heap        ] GC(94) ParOldGen: 261890K(262144K)->280797K(281088K)
[118.399s][info][gc,metaspace   ] GC(94) Metaspace: 41164K(41536K)->41164K(41536K) NonClass: 38352K(38592K)->38352K(38592K) Class: 2812K(2944K)->2812K(2944K)
[118.399s][info][gc             ] GC(94) Pause Young (Allocation Failure) 476M->292M(533M) 55.432ms
[118.399s][info][gc,cpu         ] GC(94) User=0.08s Sys=0.01s Real=0.05s
[119.842s][info][gc,start       ] GC(95) Pause Young (Allocation Failure)
[119.875s][info][gc,heap        ] GC(95) PSYoungGen: 224846K(264704K)->11536K(270848K) Eden: 206336K(206336K)->0K(215552K) From: 18510K(58368K)->11536K(55296K)
[119.875s][info][gc,heap        ] GC(95) ParOldGen: 280797K(281088K)->299364K(299520K)
[119.875s][info][gc,metaspace   ] GC(95) Metaspace: 41195K(41536K)->41195K(41536K) NonClass: 38382K(38592K)->38382K(38592K) Class: 2812K(2944K)->2812K(2944K)
[119.876s][info][gc             ] GC(95) Pause Young (Allocation Failure) 493M->303M(557M) 33.252ms
[119.876s][info][gc,cpu         ] GC(95) User=0.05s Sys=0.02s Real=0.03s
[121.362s][info][gc,start       ] GC(96) Pause Young (Allocation Failure)
[121.379s][info][gc,heap        ] GC(96) PSYoungGen: 227088K(270848K)->9363K(269312K) Eden: 215552K(215552K)->0K(215552K) From: 11536K(55296K)->9363K(53760K)
[121.379s][info][gc,heap        ] GC(96) ParOldGen: 299364K(299520K)->306581K(306688K)
[121.379s][info][gc,metaspace   ] GC(96) Metaspace: 41203K(41600K)->41203K(41600K) NonClass: 38391K(38656K)->38391K(38656K) Class: 2812K(2944K)->2812K(2944K)
[121.379s][info][gc             ] GC(96) Pause Young (Allocation Failure) 514M->308M(562M) 17.300ms
[121.379s][info][gc,cpu         ] GC(96) User=0.03s Sys=0.00s Real=0.01s
[122.661s][info][gc,start       ] GC(97) Pause Young (Allocation Failure)
[122.685s][info][gc,heap        ] GC(97) PSYoungGen: 224915K(269312K)->24114K(278016K) Eden: 215552K(215552K)->0K(226816K) From: 9363K(53760K)->24114K(51200K)
[122.685s][info][gc,heap        ] GC(97) ParOldGen: 306581K(306688K)->307369K(307712K)
[122.685s][info][gc,metaspace   ] GC(97) Metaspace: 41213K(41600K)->41213K(41600K) NonClass: 38400K(38656K)->38400K(38656K) Class: 2812K(2944K)->2812K(2944K)
[122.685s][info][gc             ] GC(97) Pause Young (Allocation Failure) 519M->323M(572M) 24.708ms
[122.685s][info][gc,cpu         ] GC(97) User=0.05s Sys=0.00s Real=0.02s
[124.198s][info][gc,start       ] GC(98) Pause Young (Allocation Failure)
[124.207s][info][gc,heap        ] GC(98) PSYoungGen: 250930K(278016K)->6262K(277504K) Eden: 226816K(226816K)->0K(226816K) From: 24114K(51200K)->6262K(50688K)
[124.207s][info][gc,heap        ] GC(98) ParOldGen: 307369K(307712K)->308537K(308736K)
[124.207s][info][gc,metaspace   ] GC(98) Metaspace: 41227K(41600K)->41227K(41600K) NonClass: 38415K(38656K)->38415K(38656K) Class: 2812K(2944K)->2812K(2944K)
[124.207s][info][gc             ] GC(98) Pause Young (Allocation Failure) 545M->307M(572M) 8.984ms
[124.207s][info][gc,cpu         ] GC(98) User=0.02s Sys=0.00s Real=0.01s
[125.534s][info][gc,start       ] GC(99) Pause Young (Allocation Failure)
[125.546s][info][gc,heap        ] GC(99) PSYoungGen: 233078K(277504K)->7283K(282112K) Eden: 226816K(226816K)->0K(232960K) From: 6262K(50688K)->7283K(49152K)
[125.546s][info][gc,heap        ] GC(99) ParOldGen: 308537K(308736K)->309569K(309760K)
[125.546s][info][gc,metaspace   ] GC(99) Metaspace: 41236K(41600K)->41236K(41600K) NonClass: 38423K(38656K)->38423K(38656K) Class: 2812K(2944K)->2812K(2944K)
[125.546s][info][gc             ] GC(99) Pause Young (Allocation Failure) 528M->309M(578M) 11.904ms
[125.546s][info][gc,cpu         ] GC(99) User=0.02s Sys=0.01s Real=0.01s
[126.864s][info][gc,start       ] GC(100) Pause Young (Allocation Failure)
[126.892s][info][gc,heap        ] GC(100) PSYoungGen: 240243K(282112K)->27601K(282112K) Eden: 232960K(232960K)->0K(232960K) From: 7283K(49152K)->27601K(49152K)
[126.892s][info][gc,heap        ] GC(100) ParOldGen: 309569K(309760K)->310721K(310784K)
[126.892s][info][gc,metaspace   ] GC(100) Metaspace: 41253K(41664K)->41253K(41664K) NonClass: 38441K(38720K)->38441K(38720K) Class: 2812K(2944K)->2812K(2944K)
[126.892s][info][gc             ] GC(100) Pause Young (Allocation Failure) 536M->330M(579M) 28.038ms
[126.892s][info][gc,cpu         ] GC(100) User=0.06s Sys=0.00s Real=0.03s
[128.106s][info][gc,start       ] GC(101) Pause Young (Allocation Failure)
[128.116s][info][gc,heap        ] GC(101) PSYoungGen: 260561K(282112K)->8232K(283136K) Eden: 232960K(232960K)->0K(235008K) From: 27601K(49152K)->8232K(48128K)
[128.116s][info][gc,heap        ] GC(101) ParOldGen: 310721K(310784K)->311489K(311808K)
[128.116s][info][gc,metaspace   ] GC(101) Metaspace: 41256K(41664K)->41256K(41664K) NonClass: 38444K(38720K)->38444K(38720K) Class: 2812K(2944K)->2812K(2944K)
[128.116s][info][gc             ] GC(101) Pause Young (Allocation Failure) 557M->312M(581M) 9.495ms
[128.116s][info][gc,cpu         ] GC(101) User=0.02s Sys=0.00s Real=0.01s
[129.432s][info][gc,start       ] GC(102) Pause Young (Allocation Failure)
[129.446s][info][gc,heap        ] GC(102) PSYoungGen: 243240K(283136K)->8574K(283648K) Eden: 235008K(235008K)->0K(235008K) From: 8232K(48128K)->8574K(48640K)
[129.446s][info][gc,heap        ] GC(102) ParOldGen: 311489K(311808K)->312441K(312832K)
[129.446s][info][gc,metaspace   ] GC(102) Metaspace: 41260K(41664K)->41260K(41664K) NonClass: 38448K(38720K)->38448K(38720K) Class: 2812K(2944K)->2812K(2944K)
[129.446s][info][gc             ] GC(102) Pause Young (Allocation Failure) 541M->313M(582M) 13.634ms
[129.446s][info][gc,cpu         ] GC(102) User=0.03s Sys=0.01s Real=0.01s
[130.721s][info][gc,start       ] GC(103) Pause Young (Allocation Failure)
[130.732s][info][gc,heap        ] GC(103) PSYoungGen: 243582K(283648K)->9742K(282112K) Eden: 235008K(235008K)->0K(238080K) From: 8574K(48640K)->9742K(44032K)
[130.732s][info][gc,heap        ] GC(103) ParOldGen: 312441K(312832K)->313533K(313856K)
[130.732s][info][gc,metaspace   ] GC(103) Metaspace: 41265K(41664K)->41265K(41664K) NonClass: 38452K(38720K)->38452K(38720K) Class: 2812K(2944K)->2812K(2944K)
[130.732s][info][gc             ] GC(103) Pause Young (Allocation Failure) 542M->315M(582M) 11.465ms
[130.732s][info][gc,cpu         ] GC(103) User=0.03s Sys=0.00s Real=0.01s
[131.862s][info][gc,start       ] GC(104) Pause Young (Allocation Failure)
[131.885s][info][gc,heap        ] GC(104) PSYoungGen: 247822K(282112K)->13563K(283136K) Eden: 238080K(238080K)->0K(238080K) From: 9742K(44032K)->13563K(45056K)
[131.885s][info][gc,heap        ] GC(104) ParOldGen: 313533K(313856K)->314557K(314880K)
[131.885s][info][gc,metaspace   ] GC(104) Metaspace: 41269K(41664K)->41269K(41664K) NonClass: 38457K(38720K)->38457K(38720K) Class: 2812K(2944K)->2812K(2944K)
[131.885s][info][gc             ] GC(104) Pause Young (Allocation Failure) 548M->320M(584M) 22.822ms
[131.885s][info][gc,cpu         ] GC(104) User=0.04s Sys=0.00s Real=0.02s
[133.013s][info][gc,start       ] GC(105) Pause Young (Allocation Failure)
[133.026s][info][gc,heap        ] GC(105) PSYoungGen: 251643K(283136K)->13697K(286208K) Eden: 238080K(238080K)->0K(246272K) From: 13563K(45056K)->13697K(39936K)
[133.026s][info][gc,heap        ] GC(105) ParOldGen: 314557K(314880K)->315461K(315904K)
[133.026s][info][gc,metaspace   ] GC(105) Metaspace: 41289K(41664K)->41289K(41664K) NonClass: 38477K(38720K)->38477K(38720K) Class: 2812K(2944K)->2812K(2944K)
[133.026s][info][gc             ] GC(105) Pause Young (Allocation Failure) 552M->321M(588M) 13.276ms
[133.026s][info][gc,cpu         ] GC(105) User=0.02s Sys=0.00s Real=0.01s
[134.151s][info][gc,start       ] GC(106) Pause Young (Allocation Failure)
[134.210s][info][gc,heap        ] GC(106) PSYoungGen: 259969K(286208K)->38543K(286720K) Eden: 246272K(246272K)->0K(246272K) From: 13697K(39936K)->38543K(40448K)
[134.210s][info][gc,heap        ] GC(106) ParOldGen: 315461K(315904K)->323384K(323584K)
[134.210s][info][gc,metaspace   ] GC(106) Metaspace: 41290K(41664K)->41290K(41664K) NonClass: 38477K(38720K)->38477K(38720K) Class: 2812K(2944K)->2812K(2944K)
[134.210s][info][gc             ] GC(106) Pause Young (Allocation Failure) 561M->353M(596M) 58.620ms
[134.210s][info][gc,cpu         ] GC(106) User=0.11s Sys=0.01s Real=0.06s
[135.583s][info][gc,start       ] GC(107) Pause Young (Allocation Failure)
[135.644s][info][gc,heap        ] GC(107) PSYoungGen: 284815K(286720K)->26035K(287232K) Eden: 246272K(246272K)->0K(240640K) From: 38543K(40448K)->26035K(46592K)
[135.644s][info][gc,heap        ] GC(107) ParOldGen: 323384K(323584K)->346925K(347136K)
[135.644s][info][gc,metaspace   ] GC(107) Metaspace: 41307K(41664K)->41307K(41664K) NonClass: 38495K(38720K)->38495K(38720K) Class: 2812K(2944K)->2812K(2944K)
[135.644s][info][gc             ] GC(107) Pause Young (Allocation Failure) 593M->364M(619M) 60.945ms
[135.644s][info][gc,cpu         ] GC(107) User=0.11s Sys=0.01s Real=0.06s
[136.590s][info][gc,start       ] GC(108) Pause Young (Allocation Failure)
[136.623s][info][gc,heap        ] GC(108) PSYoungGen: 266675K(287232K)->6932K(247808K) Eden: 240640K(240640K)->0K(240640K) From: 26035K(46592K)->6932K(7168K)
[136.623s][info][gc,heap        ] GC(108) ParOldGen: 346925K(347136K)->364666K(365056K)
[136.623s][info][gc,metaspace   ] GC(108) Metaspace: 41315K(41728K)->41315K(41728K) NonClass: 38503K(38784K)->38503K(38784K) Class: 2812K(2944K)->2812K(2944K)
[136.623s][info][gc             ] GC(108) Pause Young (Allocation Failure) 599M->362M(598M) 32.742ms
[136.623s][info][gc,cpu         ] GC(108) User=0.05s Sys=0.02s Real=0.03s
[137.492s][info][gc,start       ] GC(109) Pause Young (Allocation Failure)
[137.504s][info][gc,heap        ] GC(109) PSYoungGen: 247572K(247808K)->11981K(288768K) Eden: 240640K(240640K)->0K(242688K) From: 6932K(7168K)->11981K(46080K)
[137.504s][info][gc,heap        ] GC(109) ParOldGen: 364666K(365056K)->365610K(366080K)
[137.504s][info][gc,metaspace   ] GC(109) Metaspace: 41322K(41728K)->41322K(41728K) NonClass: 38510K(38784K)->38510K(38784K) Class: 2812K(2944K)->2812K(2944K)
[137.504s][info][gc             ] GC(109) Pause Young (Allocation Failure) 597M->368M(639M) 11.973ms
[137.504s][info][gc,cpu         ] GC(109) User=0.02s Sys=0.00s Real=0.01s
[138.665s][info][gc,start       ] GC(110) Pause Young (Allocation Failure)
[138.682s][info][gc,heap        ] GC(110) PSYoungGen: 254669K(288768K)->5998K(286720K) Eden: 242688K(242688K)->0K(242688K) From: 11981K(46080K)->5998K(44032K)
[138.682s][info][gc,heap        ] GC(110) ParOldGen: 365610K(366080K)->375959K(376320K)
[138.682s][info][gc,metaspace   ] GC(110) Metaspace: 41326K(41728K)->41326K(41728K) NonClass: 38514K(38784K)->38514K(38784K) Class: 2812K(2944K)->2812K(2944K)
[138.682s][info][gc             ] GC(110) Pause Young (Allocation Failure) 605M->373M(647M) 17.180ms
[138.682s][info][gc,cpu         ] GC(110) User=0.02s Sys=0.01s Real=0.02s
[139.695s][info][gc,start       ] GC(111) Pause Young (Allocation Failure)
[139.717s][info][gc,heap        ] GC(111) PSYoungGen: 248686K(286720K)->19479K(287744K) Eden: 242688K(242688K)->0K(244736K) From: 5998K(44032K)->19479K(43008K)
[139.717s][info][gc,heap        ] GC(111) ParOldGen: 375959K(376320K)->376382K(376832K)
[139.717s][info][gc,metaspace   ] GC(111) Metaspace: 41328K(41728K)->41328K(41728K) NonClass: 38516K(38784K)->38516K(38784K) Class: 2812K(2944K)->2812K(2944K)
[139.717s][info][gc             ] GC(111) Pause Young (Allocation Failure) 610M->386M(649M) 21.532ms
[139.717s][info][gc,cpu         ] GC(111) User=0.04s Sys=0.00s Real=0.02s
[140.664s][info][gc,start       ] GC(112) Pause Young (Allocation Failure)
[140.681s][info][gc,heap        ] GC(112) PSYoungGen: 264215K(287744K)->19600K(286720K) Eden: 244736K(244736K)->0K(244736K) From: 19479K(43008K)->19600K(41984K)
[140.682s][info][gc,heap        ] GC(112) ParOldGen: 376382K(376832K)->377238K(377344K)
[140.682s][info][gc,metaspace   ] GC(112) Metaspace: 41329K(41728K)->41329K(41728K) NonClass: 38517K(38784K)->38517K(38784K) Class: 2812K(2944K)->2812K(2944K)
[140.682s][info][gc             ] GC(112) Pause Young (Allocation Failure) 625M->387M(648M) 17.174ms
[140.682s][info][gc,cpu         ] GC(112) User=0.03s Sys=0.01s Real=0.02s
[141.655s][info][gc,start       ] GC(113) Pause Young (Allocation Failure)
[141.700s][info][gc,heap        ] GC(113) PSYoungGen: 264336K(286720K)->40435K(268800K) Eden: 244736K(244736K)->0K(228352K) From: 19600K(41984K)->40435K(40448K)
[141.700s][info][gc,heap        ] GC(113) ParOldGen: 377238K(377344K)->392768K(393216K)
[141.700s][info][gc,metaspace   ] GC(113) Metaspace: 41329K(41728K)->41329K(41728K) NonClass: 38517K(38784K)->38517K(38784K) Class: 2812K(2944K)->2812K(2944K)
[141.700s][info][gc             ] GC(113) Pause Young (Allocation Failure) 626M->423M(646M) 45.715ms
[141.700s][info][gc,cpu         ] GC(113) User=0.08s Sys=0.02s Real=0.05s
[142.593s][info][gc,start       ] GC(114) Pause Young (Allocation Failure)
[142.749s][info][gc,heap        ] GC(114) PSYoungGen: 268787K(268800K)->52716K(281088K) Eden: 228352K(228352K)->0K(228352K) From: 40435K(40448K)->52716K(52736K)
[142.749s][info][gc,heap        ] GC(114) ParOldGen: 392768K(393216K)->495008K(495104K)
[142.749s][info][gc,metaspace   ] GC(114) Metaspace: 41329K(41728K)->41329K(41728K) NonClass: 38517K(38784K)->38517K(38784K) Class: 2812K(2944K)->2812K(2944K)
[142.749s][info][gc             ] GC(114) Pause Young (Allocation Failure) 646M->534M(758M) 155.825ms
[142.749s][info][gc,cpu         ] GC(114) User=0.22s Sys=0.08s Real=0.15s
[143.613s][info][gc,start       ] GC(115) Pause Young (Allocation Failure)
[143.705s][info][gc,heap        ] GC(115) PSYoungGen: 281068K(281088K)->23662K(197120K) Eden: 228352K(228352K)->0K(144384K) From: 52716K(52736K)->23662K(52736K)
[143.705s][info][gc,heap        ] GC(115) ParOldGen: 495008K(495104K)->547384K(547840K)
[143.705s][info][gc,metaspace   ] GC(115) Metaspace: 41340K(41728K)->41340K(41728K) NonClass: 38528K(38784K)->38528K(38784K) Class: 2812K(2944K)->2812K(2944K)
[143.705s][info][gc             ] GC(115) Pause Young (Allocation Failure) 757M->557M(727M) 92.164ms
[143.705s][info][gc,cpu         ] GC(115) User=0.15s Sys=0.03s Real=0.09s
[144.300s][info][gc,start       ] GC(116) Pause Young (Allocation Failure)
[144.320s][info][gc,heap        ] GC(116) PSYoungGen: 168046K(197120K)->8832K(239104K) Eden: 144384K(144384K)->0K(144384K) From: 23662K(52736K)->8832K(94720K)
[144.320s][info][gc,heap        ] GC(116) ParOldGen: 547384K(547840K)->556395K(556544K)
[144.321s][info][gc,metaspace   ] GC(116) Metaspace: 41342K(41728K)->41342K(41728K) NonClass: 38530K(38784K)->38530K(38784K) Class: 2812K(2944K)->2812K(2944K)
[144.321s][info][gc             ] GC(116) Pause Young (Allocation Failure) 698M->551M(777M) 20.466ms
[144.321s][info][gc,cpu         ] GC(116) User=0.04s Sys=0.00s Real=0.02s
[144.905s][info][gc,start       ] GC(117) Pause Young (Allocation Failure)
[144.912s][info][gc,heap        ] GC(117) PSYoungGen: 153216K(239104K)->4753K(232960K) Eden: 144384K(144384K)->0K(146432K) From: 8832K(94720K)->4753K(86528K)
[144.912s][info][gc,heap        ] GC(117) ParOldGen: 556395K(556544K)->556906K(557056K)
[144.912s][info][gc,metaspace   ] GC(117) Metaspace: 41345K(41728K)->41345K(41728K) NonClass: 38533K(38784K)->38533K(38784K) Class: 2812K(2944K)->2812K(2944K)
[144.912s][info][gc             ] GC(117) Pause Young (Allocation Failure) 692M->548M(771M) 6.514ms
[144.912s][info][gc,cpu         ] GC(117) User=0.02s Sys=0.00s Real=0.01s
[145.415s][info][gc,start       ] GC(118) Pause Young (Allocation Failure)
[145.423s][info][gc,heap        ] GC(118) PSYoungGen: 151185K(232960K)->8911K(237056K) Eden: 146432K(146432K)->0K(146432K) From: 4753K(86528K)->8911K(90624K)
[145.424s][info][gc,heap        ] GC(118) ParOldGen: 556906K(557056K)->557475K(557568K)
[145.424s][info][gc,metaspace   ] GC(118) Metaspace: 41349K(41728K)->41349K(41728K) NonClass: 38537K(38784K)->38537K(38784K) Class: 2812K(2944K)->2812K(2944K)
[145.424s][info][gc             ] GC(118) Pause Young (Allocation Failure) 691M->553M(776M) 8.449ms
[145.424s][info][gc,cpu         ] GC(118) User=0.01s Sys=0.00s Real=0.01s
[145.968s][info][gc,start       ] GC(119) Pause Young (Allocation Failure)
[145.973s][info][gc,heap        ] GC(119) PSYoungGen: 155343K(237056K)->1967K(238080K) Eden: 146432K(146432K)->0K(155648K) From: 8911K(90624K)->1967K(82432K)
[145.973s][info][gc,heap        ] GC(119) ParOldGen: 557475K(557568K)->558181K(558592K)
[145.973s][info][gc,metaspace   ] GC(119) Metaspace: 41349K(41728K)->41349K(41728K) NonClass: 38537K(38784K)->38537K(38784K) Class: 2812K(2944K)->2812K(2944K)
[145.973s][info][gc             ] GC(119) Pause Young (Allocation Failure) 696M->547M(778M) 4.910ms
[145.973s][info][gc,cpu         ] GC(119) User=0.00s Sys=0.01s Real=0.01s
[146.558s][info][gc,start       ] GC(120) Pause Young (Allocation Failure)
[146.566s][info][gc,heap        ] GC(120) PSYoungGen: 157615K(238080K)->6889K(241152K) Eden: 155648K(155648K)->0K(155648K) From: 1967K(82432K)->6889K(85504K)
[146.566s][info][gc,heap        ] GC(120) ParOldGen: 558181K(558592K)->558582K(558592K)
[146.566s][info][gc,metaspace   ] GC(120) Metaspace: 41352K(41728K)->41352K(41728K) NonClass: 38539K(38784K)->38539K(38784K) Class: 2812K(2944K)->2812K(2944K)
[146.566s][info][gc             ] GC(120) Pause Young (Allocation Failure) 699M->552M(781M) 7.379ms
[146.566s][info][gc,cpu         ] GC(120) User=0.01s Sys=0.00s Real=0.01s
[147.124s][info][gc,start       ] GC(121) Pause Young (Allocation Failure)
[147.139s][info][gc,heap        ] GC(121) PSYoungGen: 162537K(241152K)->18491K(237056K) Eden: 155648K(155648K)->0K(165888K) From: 6889K(85504K)->18491K(71168K)
[147.139s][info][gc,heap        ] GC(121) ParOldGen: 558582K(558592K)->558912K(559104K)
[147.139s][info][gc,metaspace   ] GC(121) Metaspace: 41352K(41728K)->41352K(41728K) NonClass: 38539K(38784K)->38539K(38784K) Class: 2812K(2944K)->2812K(2944K)
[147.139s][info][gc             ] GC(121) Pause Young (Allocation Failure) 704M->563M(777M) 15.091ms
[147.139s][info][gc,cpu         ] GC(121) User=0.02s Sys=0.00s Real=0.01s
[147.676s][info][gc,start       ] GC(122) Pause Young (Allocation Failure)
[147.699s][info][gc,heap        ] GC(122) PSYoungGen: 184379K(237056K)->3964K(242688K) Eden: 165888K(165888K)->0K(165888K) From: 18491K(71168K)->3964K(76800K)
[147.699s][info][gc,heap        ] GC(122) ParOldGen: 558912K(559104K)->577164K(577536K)
[147.699s][info][gc,metaspace   ] GC(122) Metaspace: 41352K(41728K)->41352K(41728K) NonClass: 38539K(38784K)->38539K(38784K) Class: 2812K(2944K)->2812K(2944K)
[147.699s][info][gc             ] GC(122) Pause Young (Allocation Failure) 725M->567M(801M) 23.283ms
[147.699s][info][gc,cpu         ] GC(122) User=0.03s Sys=0.02s Real=0.02s
[148.274s][info][gc,start       ] GC(123) Pause Young (Allocation Failure)
[148.281s][info][gc,heap        ] GC(123) PSYoungGen: 169852K(242688K)->765K(250368K) Eden: 165888K(165888K)->0K(182784K) From: 3964K(76800K)->765K(67584K)
[148.281s][info][gc,heap        ] GC(123) ParOldGen: 577164K(577536K)->580808K(581120K)
[148.281s][info][gc,metaspace   ] GC(123) Metaspace: 41352K(41728K)->41352K(41728K) NonClass: 38539K(38784K)->38539K(38784K) Class: 2812K(2944K)->2812K(2944K)
[148.281s][info][gc             ] GC(123) Pause Young (Allocation Failure) 729M->567M(812M) 7.548ms
[148.281s][info][gc,cpu         ] GC(123) User=0.01s Sys=0.00s Real=0.01s
[148.925s][info][gc,start       ] GC(124) Pause Young (Allocation Failure)
[148.933s][info][gc,heap        ] GC(124) PSYoungGen: 183549K(250368K)->5052K(254976K) Eden: 182784K(182784K)->0K(182784K) From: 765K(67584K)->5052K(72192K)
[148.933s][info][gc,heap        ] GC(124) ParOldGen: 580808K(581120K)->580824K(581120K)
[148.933s][info][gc,metaspace   ] GC(124) Metaspace: 41364K(41728K)->41364K(41728K) NonClass: 38552K(38784K)->38552K(38784K) Class: 2812K(2944K)->2812K(2944K)
[148.933s][info][gc             ] GC(124) Pause Young (Allocation Failure) 746M->572M(816M) 8.155ms
[148.933s][info][gc,cpu         ] GC(124) User=0.02s Sys=0.00s Real=0.01s
[149.304s][info][gc,start       ] GC(125) Pause Young (Allocation Failure)
[149.316s][info][gc,heap        ] GC(125) PSYoungGen: 187836K(254976K)->3726K(253952K) Eden: 182784K(182784K)->0K(192512K) From: 5052K(72192K)->3726K(61440K)
[149.316s][info][gc,heap        ] GC(125) ParOldGen: 580824K(581120K)->582863K(583168K)
[149.316s][info][gc,metaspace   ] GC(125) Metaspace: 41367K(41728K)->41367K(41728K) NonClass: 38554K(38784K)->38554K(38784K) Class: 2812K(2944K)->2812K(2944K)
[149.316s][info][gc             ] GC(125) Pause Young (Allocation Failure) 750M->572M(817M) 11.880ms
[149.316s][info][gc,cpu         ] GC(125) User=0.02s Sys=0.00s Real=0.01s
[149.717s][info][gc,start       ] GC(126) Pause Young (Allocation Failure)
[149.724s][info][gc,heap        ] GC(126) PSYoungGen: 196238K(253952K)->3406K(258560K) Eden: 192512K(192512K)->0K(192512K) From: 3726K(61440K)->3406K(66048K)
[149.724s][info][gc,heap        ] GC(126) ParOldGen: 582863K(583168K)->582967K(583168K)
[149.724s][info][gc,metaspace   ] GC(126) Metaspace: 41379K(41728K)->41379K(41728K) NonClass: 38567K(38784K)->38567K(38784K) Class: 2812K(2944K)->2812K(2944K)
[149.724s][info][gc             ] GC(126) Pause Young (Allocation Failure) 760M->572M(822M) 6.869ms
[149.724s][info][gc,cpu         ] GC(126) User=0.01s Sys=0.00s Real=0.01s
[150.192s][info][gc,start       ] GC(127) Pause Young (Allocation Failure)
[150.201s][info][gc,heap        ] GC(127) PSYoungGen: 195918K(258560K)->10568K(258048K) Eden: 192512K(192512K)->0K(204800K) From: 3406K(66048K)->10568K(53248K)
[150.201s][info][gc,heap        ] GC(127) ParOldGen: 582967K(583168K)->583227K(583680K)
[150.201s][info][gc,metaspace   ] GC(127) Metaspace: 41422K(41792K)->41422K(41792K) NonClass: 38610K(38848K)->38610K(38848K) Class: 2812K(2944K)->2812K(2944K)
[150.201s][info][gc             ] GC(127) Pause Young (Allocation Failure) 760M->579M(822M) 9.531ms
[150.201s][info][gc,cpu         ] GC(127) User=0.01s Sys=0.00s Real=0.01s
[150.502s][info][gc,start       ] GC(128) Pause Young (Allocation Failure)
[150.519s][info][gc,heap        ] GC(128) PSYoungGen: 215108K(258048K)->1404K(263680K) Eden: 204540K(204800K)->0K(204800K) From: 10568K(53248K)->1404K(58880K)
[150.519s][info][gc,heap        ] GC(128) ParOldGen: 583227K(583680K)->593557K(593920K)
[150.519s][info][gc,metaspace   ] GC(128) Metaspace: 41422K(41792K)->41422K(41792K) NonClass: 38610K(38848K)->38610K(38848K) Class: 2812K(2944K)->2812K(2944K)
[150.519s][info][gc             ] GC(128) Pause Young (Allocation Failure) 779M->581M(837M) 17.576ms
[150.519s][info][gc,cpu         ] GC(128) User=0.02s Sys=0.02s Real=0.02s
[150.839s][info][gc,start       ] GC(129) Pause Young (Allocation Failure)
[150.847s][info][gc,heap        ] GC(129) PSYoungGen: 206122K(263680K)->2504K(267264K) Eden: 204717K(204800K)->0K(218624K) From: 1404K(58880K)->2504K(48640K)
[150.847s][info][gc,heap        ] GC(129) ParOldGen: 593557K(593920K)->594914K(594944K)
[150.847s][info][gc,metaspace   ] GC(129) Metaspace: 41425K(41792K)->41425K(41792K) NonClass: 38613K(38848K)->38613K(38848K) Class: 2812K(2944K)->2812K(2944K)
[150.847s][info][gc             ] GC(129) Pause Young (Allocation Failure) 780M->583M(842M) 8.225ms
[150.847s][info][gc,cpu         ] GC(129) User=0.01s Sys=0.00s Real=0.01s
[151.196s][info][gc,start       ] GC(130) Pause Young (Allocation Failure)
[151.208s][info][gc,heap        ] GC(130) PSYoungGen: 221128K(267264K)->4550K(272384K) Eden: 218624K(218624K)->0K(218624K) From: 2504K(48640K)->4550K(53760K)
[151.208s][info][gc,heap        ] GC(130) ParOldGen: 594914K(594944K)->597415K(597504K)
[151.208s][info][gc,metaspace   ] GC(130) Metaspace: 41435K(41792K)->41435K(41792K) NonClass: 38623K(38848K)->38623K(38848K) Class: 2812K(2944K)->2812K(2944K)
[151.208s][info][gc             ] GC(130) Pause Young (Allocation Failure) 796M->587M(849M) 11.255ms
[151.208s][info][gc,cpu         ] GC(130) User=0.02s Sys=0.00s Real=0.01s
[151.548s][info][gc,start       ] GC(131) Pause Young (Allocation Failure)
[151.563s][info][gc,heap        ] GC(131) PSYoungGen: 223174K(272384K)->3466K(272896K) Eden: 218624K(218624K)->0K(229376K) From: 4550K(53760K)->3466K(43520K)
[151.563s][info][gc,heap        ] GC(131) ParOldGen: 597415K(597504K)->601928K(602112K)
[151.563s][info][gc,metaspace   ] GC(131) Metaspace: 41451K(41792K)->41451K(41792K) NonClass: 38638K(38848K)->38638K(38848K) Class: 2812K(2944K)->2812K(2944K)
[151.564s][info][gc             ] GC(131) Pause Young (Allocation Failure) 801M->591M(854M) 16.003ms
[151.564s][info][gc,cpu         ] GC(131) User=0.03s Sys=0.00s Real=0.02s
[151.931s][info][gc,start       ] GC(132) Pause Young (Allocation Failure)
[151.950s][info][gc,heap        ] GC(132) PSYoungGen: 231180K(272896K)->6300K(277504K) Eden: 227713K(229376K)->0K(229376K) From: 3466K(43520K)->6300K(48128K)
[151.950s][info][gc,heap        ] GC(132) ParOldGen: 601928K(602112K)->605361K(605696K)
[151.950s][info][gc,metaspace   ] GC(132) Metaspace: 41460K(41856K)->41460K(41856K) NonClass: 38648K(38912K)->38648K(38912K) Class: 2812K(2944K)->2812K(2944K)
[151.950s][info][gc             ] GC(132) Pause Young (Allocation Failure) 813M->597M(862M) 19.109ms
[151.950s][info][gc,cpu         ] GC(132) User=0.03s Sys=0.00s Real=0.02s
[152.340s][info][gc,start       ] GC(133) Pause Young (Allocation Failure)
[152.364s][info][gc,heap        ] GC(133) PSYoungGen: 235498K(277504K)->7245K(278016K) Eden: 229197K(229376K)->0K(240640K) From: 6300K(48128K)->7245K(37376K)
[152.364s][info][gc,heap        ] GC(133) ParOldGen: 605361K(605696K)->611710K(611840K)
[152.364s][info][gc,metaspace   ] GC(133) Metaspace: 41462K(41856K)->41462K(41856K) NonClass: 38650K(38912K)->38650K(38912K) Class: 2812K(2944K)->2812K(2944K)
[152.364s][info][gc             ] GC(133) Pause Young (Allocation Failure) 821M->604M(869M) 24.109ms
[152.364s][info][gc,cpu         ] GC(133) User=0.03s Sys=0.01s Real=0.02s
[153.020s][info][gc,start       ] GC(134) Pause Young (Allocation Failure)
[153.049s][info][gc,heap        ] GC(134) PSYoungGen: 247885K(278016K)->13206K(282624K) Eden: 240640K(240640K)->0K(240640K) From: 7245K(37376K)->13206K(41984K)
[153.049s][info][gc,heap        ] GC(134) ParOldGen: 611710K(611840K)->618772K(619008K)
[153.049s][info][gc,metaspace   ] GC(134) Metaspace: 41511K(41856K)->41511K(41856K) NonClass: 38699K(38912K)->38699K(38912K) Class: 2812K(2944K)->2812K(2944K)
[153.049s][info][gc             ] GC(134) Pause Young (Allocation Failure) 839M->617M(880M) 28.621ms
[153.049s][info][gc,cpu         ] GC(134) User=0.04s Sys=0.01s Real=0.02s
[153.740s][info][gc,start       ] GC(135) Pause Young (Allocation Failure)
[153.762s][info][gc,heap        ] GC(135) PSYoungGen: 253846K(282624K)->3434K(285696K) Eden: 240640K(240640K)->0K(251904K) From: 13206K(41984K)->3434K(33792K)
[153.762s][info][gc,heap        ] GC(135) ParOldGen: 618772K(619008K)->631529K(631808K)
[153.762s][info][gc,metaspace   ] GC(135) Metaspace: 41529K(41856K)->41529K(41856K) NonClass: 38717K(38912K)->38717K(38912K) Class: 2812K(2944K)->2812K(2944K)
[153.762s][info][gc             ] GC(135) Pause Young (Allocation Failure) 852M->620M(896M) 22.961ms
[153.762s][info][gc,cpu         ] GC(135) User=0.03s Sys=0.01s Real=0.02s
[154.439s][info][gc,start       ] GC(136) Pause Young (Allocation Failure)
[154.444s][info][gc,heap        ] GC(136) PSYoungGen: 255338K(285696K)->224K(289792K) Eden: 251904K(251904K)->0K(251904K) From: 3434K(33792K)->224K(37888K)
[154.444s][info][gc,heap        ] GC(136) ParOldGen: 631529K(631808K)->632208K(632320K)
[154.444s][info][gc,metaspace   ] GC(136) Metaspace: 41534K(41920K)->41534K(41920K) NonClass: 38722K(38976K)->38722K(38976K) Class: 2812K(2944K)->2812K(2944K)
[154.444s][info][gc             ] GC(136) Pause Young (Allocation Failure) 866M->617M(900M) 5.237ms
[154.445s][info][gc,cpu         ] GC(136) User=0.01s Sys=0.00s Real=0.00s
[155.120s][info][gc,start       ] GC(137) Pause Young (Allocation Failure)
[155.128s][info][gc,heap        ] GC(137) PSYoungGen: 252128K(289792K)->1920K(290816K) Eden: 251904K(251904K)->0K(259072K) From: 224K(37888K)->1920K(31744K)
[155.128s][info][gc,heap        ] GC(137) ParOldGen: 632208K(632320K)->632208K(632320K)
[155.128s][info][gc,metaspace   ] GC(137) Metaspace: 41540K(41920K)->41540K(41920K) NonClass: 38728K(38976K)->38728K(38976K) Class: 2812K(2944K)->2812K(2944K)
[155.128s][info][gc             ] GC(137) Pause Young (Allocation Failure) 863M->619M(901M) 7.435ms
[155.128s][info][gc,cpu         ] GC(137) User=0.01s Sys=0.00s Real=0.00s
[155.978s][info][gc,start       ] GC(138) Pause Young (Allocation Failure)
[155.984s][info][gc,heap        ] GC(138) PSYoungGen: 260992K(290816K)->4190K(293888K) Eden: 259072K(259072K)->0K(259072K) From: 1920K(31744K)->4190K(34816K)
[155.984s][info][gc,heap        ] GC(138) ParOldGen: 632208K(632320K)->632264K(632320K)
[155.984s][info][gc,metaspace   ] GC(138) Metaspace: 41544K(41920K)->41544K(41920K) NonClass: 38732K(38976K)->38732K(38976K) Class: 2812K(2944K)->2812K(2944K)
[155.984s][info][gc             ] GC(138) Pause Young (Allocation Failure) 872M->621M(904M) 5.554ms
[155.984s][info][gc,cpu         ] GC(138) User=0.01s Sys=0.00s Real=0.01s
[156.768s][info][gc,start       ] GC(139) Pause Young (Allocation Failure)
[156.776s][info][gc,heap        ] GC(139) PSYoungGen: 263262K(293888K)->7306K(292864K) Eden: 259072K(259072K)->0K(266240K) From: 4190K(34816K)->7306K(26624K)
[156.776s][info][gc,heap        ] GC(139) ParOldGen: 632264K(632320K)->633310K(633344K)
[156.776s][info][gc,metaspace   ] GC(139) Metaspace: 41545K(41920K)->41545K(41920K) NonClass: 38733K(38976K)->38733K(38976K) Class: 2812K(2944K)->2812K(2944K)
[156.776s][info][gc             ] GC(139) Pause Young (Allocation Failure) 874M->625M(904M) 8.092ms
[156.776s][info][gc,cpu         ] GC(139) User=0.02s Sys=0.00s Real=0.01s
[158.307s][info][gc,start       ] GC(140) Pause Young (Allocation Failure)
[158.319s][info][gc,heap        ] GC(140) PSYoungGen: 273546K(292864K)->3474K(296448K) Eden: 266240K(266240K)->0K(266240K) From: 7306K(26624K)->3474K(30208K)
[158.319s][info][gc,heap        ] GC(140) ParOldGen: 633310K(633344K)->633438K(633856K)
[158.319s][info][gc,metaspace   ] GC(140) Metaspace: 41646K(42048K)->41646K(42048K) NonClass: 38833K(39104K)->38833K(39104K) Class: 2812K(2944K)->2812K(2944K)
[158.319s][info][gc             ] GC(140) Pause Young (Allocation Failure) 885M->621M(908M) 12.134ms
[158.319s][info][gc,cpu         ] GC(140) User=0.03s Sys=0.00s Real=0.02s
[159.476s][info][gc,start       ] GC(141) Pause Young (Allocation Failure)
[159.513s][info][gc,heap        ] GC(141) PSYoungGen: 269714K(296448K)->26506K(294912K) Eden: 266240K(266240K)->0K(266240K) From: 3474K(30208K)->26506K(28672K)
[159.513s][info][gc,heap        ] GC(141) ParOldGen: 633438K(633856K)->636720K(636928K)
[159.513s][info][gc,metaspace   ] GC(141) Metaspace: 41696K(42112K)->41696K(42112K) NonClass: 38883K(39168K)->38883K(39168K) Class: 2812K(2944K)->2812K(2944K)
[159.513s][info][gc             ] GC(141) Pause Young (Allocation Failure) 881M->647M(910M) 36.735ms
[159.513s][info][gc,cpu         ] GC(141) User=0.06s Sys=0.01s Real=0.04s
[160.263s][info][gc,start       ] GC(142) Pause Young (Allocation Failure)
[160.340s][info][gc,heap        ] GC(142) PSYoungGen: 292746K(294912K)->30232K(296960K) Eden: 266240K(266240K)->0K(266240K) From: 26506K(28672K)->30232K(30720K)
[160.340s][info][gc,heap        ] GC(142) ParOldGen: 636720K(636928K)->662448K(662528K)
[160.340s][info][gc,metaspace   ] GC(142) Metaspace: 41696K(42112K)->41696K(42112K) NonClass: 38883K(39168K)->38883K(39168K) Class: 2812K(2944K)->2812K(2944K)
[160.340s][info][gc             ] GC(142) Pause Young (Allocation Failure) 907M->676M(937M) 77.136ms
[160.340s][info][gc,cpu         ] GC(142) User=0.13s Sys=0.02s Real=0.08s
[161.042s][info][gc,start       ] GC(143) Pause Full (Allocation Failure)
[161.042s][info][gc,phases,start] GC(143) Marking Phase
[161.183s][info][gc,phases      ] GC(143) Marking Phase 140.223ms
[161.183s][info][gc,phases,start] GC(143) Summary Phase
[161.183s][info][gc,phases      ] GC(143) Summary Phase 0.033ms
[161.183s][info][gc,phases,start] GC(143) Forward
[161.210s][info][gc,phases      ] GC(143) Forward 27.367ms
[161.210s][info][gc,phases,start] GC(143) Adjust Pointers
[161.304s][info][gc,phases      ] GC(143) Adjust Pointers 93.708ms
[161.304s][info][gc,phases,start] GC(143) Compaction Phase
[161.348s][info][gc,phases      ] GC(143) Compaction Phase 43.696ms
[161.348s][info][gc,phases,start] GC(143) Post Compact
[161.352s][info][gc,phases      ] GC(143) Post Compact 3.981ms
[161.390s][info][gc,heap        ] GC(143) PSYoungGen: 296472K(296960K)->0K(291840K) Eden: 266240K(266240K)->0K(254976K) From: 30232K(30720K)->0K(36864K)
[161.390s][info][gc,heap        ] GC(143) ParOldGen: 662448K(662528K)->139348K(242176K)
[161.390s][info][gc,metaspace   ] GC(143) Metaspace: 41698K(42112K)->41698K(42112K) NonClass: 38885K(39168K)->38885K(39168K) Class: 2812K(2944K)->2812K(2944K)
[161.391s][info][gc             ] GC(143) Pause Full (Allocation Failure) 936M->136M(521M) 348.085ms
[161.391s][info][gc,cpu         ] GC(143) User=0.52s Sys=0.04s Real=0.35s
[165.643s][info][gc,start       ] GC(144) Pause Young (Allocation Failure)
[165.659s][info][gc,heap        ] GC(144) PSYoungGen: 254970K(291840K)->14224K(294400K) Eden: 254970K(254976K)->0K(254976K) From: 0K(36864K)->14224K(39424K)
[165.659s][info][gc,heap        ] GC(144) ParOldGen: 139348K(242176K)->139348K(242176K)
[165.659s][info][gc,metaspace   ] GC(144) Metaspace: 41740K(42176K)->41740K(42176K) NonClass: 38927K(39232K)->38927K(39232K) Class: 2812K(2944K)->2812K(2944K)
[165.659s][info][gc             ] GC(144) Pause Young (Allocation Failure) 385M->149M(524M) 15.723ms
[165.659s][info][gc,cpu         ] GC(144) User=0.03s Sys=0.00s Real=0.01s
[166.570s][info][gc,start       ] GC(145) Pause Young (Allocation Failure)
[166.597s][info][gc,heap        ] GC(145) PSYoungGen: 269200K(294400K)->11116K(288256K) Eden: 254976K(254976K)->0K(256512K) From: 14224K(39424K)->11116K(31744K)
[166.597s][info][gc,heap        ] GC(145) ParOldGen: 139348K(242176K)->153440K(242176K)
[166.597s][info][gc,metaspace   ] GC(145) Metaspace: 41754K(42176K)->41754K(42176K) NonClass: 38941K(39232K)->38941K(39232K) Class: 2812K(2944K)->2812K(2944K)
[166.597s][info][gc             ] GC(145) Pause Young (Allocation Failure) 398M->160M(518M) 27.232ms
[166.597s][info][gc,cpu         ] GC(145) User=0.05s Sys=0.00s Real=0.02s
[167.334s][info][gc,start       ] GC(146) Pause Young (Allocation Failure)
[167.398s][info][gc,heap        ] GC(146) PSYoungGen: 267628K(288256K)->31756K(291840K) Eden: 256512K(256512K)->0K(256512K) From: 11116K(31744K)->31756K(35328K)
[167.398s][info][gc,heap        ] GC(146) ParOldGen: 153440K(242176K)->164376K(242176K)
[167.398s][info][gc,metaspace   ] GC(146) Metaspace: 41754K(42176K)->41754K(42176K) NonClass: 38941K(39232K)->38941K(39232K) Class: 2812K(2944K)->2812K(2944K)
[167.398s][info][gc             ] GC(146) Pause Young (Allocation Failure) 411M->191M(521M) 64.058ms
[167.398s][info][gc,cpu         ] GC(146) User=0.09s Sys=0.00s Real=0.06s
[168.025s][info][gc,start       ] GC(147) Pause Young (Allocation Failure)
[168.091s][info][gc,heap        ] GC(147) PSYoungGen: 288268K(291840K)->29240K(287232K) Eden: 256512K(256512K)->0K(246784K) From: 31756K(35328K)->29240K(40448K)
[168.091s][info][gc,heap        ] GC(147) ParOldGen: 164376K(242176K)->196352K(242176K)
[168.091s][info][gc,metaspace   ] GC(147) Metaspace: 41754K(42176K)->41754K(42176K) NonClass: 38941K(39232K)->38941K(39232K) Class: 2812K(2944K)->2812K(2944K)
[168.091s][info][gc             ] GC(147) Pause Young (Allocation Failure) 442M->220M(517M) 66.524ms
[168.091s][info][gc,cpu         ] GC(147) User=0.13s Sys=0.00s Real=0.07s
[169.765s][info][gc,start       ] GC(148) Pause Young (Allocation Failure)
[169.814s][info][gc,heap        ] GC(148) PSYoungGen: 276024K(287232K)->22768K(290304K) Eden: 246784K(246784K)->0K(246784K) From: 29240K(40448K)->22768K(43520K)
[169.814s][info][gc,heap        ] GC(148) ParOldGen: 196352K(242176K)->225561K(242176K)
[169.814s][info][gc,metaspace   ] GC(148) Metaspace: 41754K(42176K)->41754K(42176K) NonClass: 38941K(39232K)->38941K(39232K) Class: 2812K(2944K)->2812K(2944K)
[169.814s][info][gc             ] GC(148) Pause Young (Allocation Failure) 461M->242M(520M) 49.302ms
[169.814s][info][gc,cpu         ] GC(148) User=0.10s Sys=0.00s Real=0.05s
[171.038s][info][gc,start       ] GC(149) Pause Young (Allocation Failure)
[171.067s][info][gc,heap        ] GC(149) PSYoungGen: 269552K(290304K)->13920K(285184K) Eden: 246784K(246784K)->0K(246784K) From: 22768K(43520K)->13920K(38400K)
[171.067s][info][gc,heap        ] GC(149) ParOldGen: 225561K(242176K)->246950K(247296K)
[171.067s][info][gc,metaspace   ] GC(149) Metaspace: 41754K(42176K)->41754K(42176K) NonClass: 38941K(39232K)->38941K(39232K) Class: 2812K(2944K)->2812K(2944K)
[171.067s][info][gc             ] GC(149) Pause Young (Allocation Failure) 483M->254M(520M) 29.794ms
[171.067s][info][gc,cpu         ] GC(149) User=0.05s Sys=0.00s Real=0.03s
[172.606s][info][gc,start       ] GC(150) Pause Young (Allocation Failure)
[172.648s][info][gc,heap        ] GC(150) PSYoungGen: 260704K(285184K)->24925K(287744K) Eden: 246784K(246784K)->0K(246784K) From: 13920K(38400K)->24925K(40960K)
[172.648s][info][gc,heap        ] GC(150) ParOldGen: 246950K(247296K)->260643K(261120K)
[172.648s][info][gc,metaspace   ] GC(150) Metaspace: 41757K(42176K)->41757K(42176K) NonClass: 38944K(39232K)->38944K(39232K) Class: 2812K(2944K)->2812K(2944K)
[172.648s][info][gc             ] GC(150) Pause Young (Allocation Failure) 495M->278M(536M) 41.731ms
[172.648s][info][gc,cpu         ] GC(150) User=0.07s Sys=0.02s Real=0.04s
[174.299s][info][gc,start       ] GC(151) Pause Young (Allocation Failure)
[174.353s][info][gc,heap        ] GC(151) PSYoungGen: 271709K(287744K)->21968K(292352K) Eden: 246784K(246784K)->0K(250368K) From: 24925K(40960K)->21968K(41984K)
[174.353s][info][gc,heap        ] GC(151) ParOldGen: 260643K(261120K)->285453K(285696K)
[174.353s][info][gc,metaspace   ] GC(151) Metaspace: 41757K(42176K)->41757K(42176K) NonClass: 38944K(39232K)->38944K(39232K) Class: 2812K(2944K)->2812K(2944K)
[174.353s][info][gc             ] GC(151) Pause Young (Allocation Failure) 519M->300M(564M) 54.449ms
[174.353s][info][gc,cpu         ] GC(151) User=0.09s Sys=0.02s Real=0.06s
[175.822s][info][gc,start       ] GC(152) Pause Young (Allocation Failure)
[175.873s][info][gc,heap        ] GC(152) PSYoungGen: 272336K(292352K)->22938K(291840K) Eden: 250368K(250368K)->0K(250368K) From: 21968K(41984K)->22938K(41472K)
[175.873s][info][gc,heap        ] GC(152) ParOldGen: 285453K(285696K)->307397K(307712K)
[175.873s][info][gc,metaspace   ] GC(152) Metaspace: 41757K(42176K)->41757K(42176K) NonClass: 38944K(39232K)->38944K(39232K) Class: 2812K(2944K)->2812K(2944K)
[175.873s][info][gc             ] GC(152) Pause Young (Allocation Failure) 544M->322M(585M) 51.018ms
[175.873s][info][gc,cpu         ] GC(152) User=0.08s Sys=0.01s Real=0.05s
[176.606s][info][gc,start       ] GC(153) Pause Young (Allocation Failure)
[176.686s][info][gc,heap        ] GC(153) PSYoungGen: 273306K(291840K)->37110K(283136K) Eden: 250368K(250368K)->0K(241664K) From: 22938K(41472K)->37110K(41472K)
[176.686s][info][gc,heap        ] GC(153) ParOldGen: 307397K(307712K)->329661K(329728K)
[176.686s][info][gc,metaspace   ] GC(153) Metaspace: 41757K(42176K)->41757K(42176K) NonClass: 38944K(39232K)->38944K(39232K) Class: 2812K(2944K)->2812K(2944K)
[176.686s][info][gc             ] GC(153) Pause Young (Allocation Failure) 567M->358M(598M) 80.021ms
[176.686s][info][gc,cpu         ] GC(153) User=0.14s Sys=0.02s Real=0.08s
[177.312s][info][gc,start       ] GC(154) Pause Young (Allocation Failure)
[177.403s][info][gc,heap        ] GC(154) PSYoungGen: 278774K(283136K)->29400K(271360K) Eden: 241664K(241664K)->0K(241664K) From: 37110K(41472K)->29400K(29696K)
[177.403s][info][gc,heap        ] GC(154) ParOldGen: 329661K(329728K)->366156K(366592K)
[177.403s][info][gc,metaspace   ] GC(154) Metaspace: 41757K(42176K)->41757K(42176K) NonClass: 38944K(39232K)->38944K(39232K) Class: 2812K(2944K)->2812K(2944K)
[177.403s][info][gc             ] GC(154) Pause Young (Allocation Failure) 594M->386M(623M) 91.438ms
[177.403s][info][gc,cpu         ] GC(154) User=0.15s Sys=0.02s Real=0.09s
[178.177s][info][gc,start       ] GC(155) Pause Young (Allocation Failure)
[178.261s][info][gc,heap        ] GC(155) PSYoungGen: 271064K(271360K)->34308K(281600K) Eden: 241664K(241664K)->0K(234496K) From: 29400K(29696K)->34308K(47104K)
[178.262s][info][gc,heap        ] GC(155) ParOldGen: 366156K(366592K)->393868K(394240K)
[178.262s][info][gc,metaspace   ] GC(155) Metaspace: 41757K(42176K)->41757K(42176K) NonClass: 38944K(39232K)->38944K(39232K) Class: 2812K(2944K)->2812K(2944K)
[178.262s][info][gc             ] GC(155) Pause Young (Allocation Failure) 622M->418M(660M) 84.595ms
[178.262s][info][gc,cpu         ] GC(155) User=0.14s Sys=0.02s Real=0.09s
[180.143s][info][gc,start       ] GC(156) Pause Young (Allocation Failure)
[180.183s][info][gc,heap        ] GC(156) PSYoungGen: 268804K(281600K)->7443K(284160K) Eden: 234496K(234496K)->0K(234496K) From: 34308K(47104K)->7443K(49664K)
[180.183s][info][gc,heap        ] GC(156) ParOldGen: 393868K(394240K)->423141K(423424K)
[180.183s][info][gc,metaspace   ] GC(156) Metaspace: 41757K(42176K)->41757K(42176K) NonClass: 38944K(39232K)->38944K(39232K) Class: 2812K(2944K)->2812K(2944K)
[180.183s][info][gc             ] GC(156) Pause Young (Allocation Failure) 647M->420M(691M) 39.386ms
[180.183s][info][gc,cpu         ] GC(156) User=0.06s Sys=0.02s Real=0.04s
[181.628s][info][gc,start       ] GC(157) Pause Young (Allocation Failure)
[181.638s][info][gc,heap        ] GC(157) PSYoungGen: 241939K(284160K)->1004K(283648K) Eden: 234496K(234496K)->0K(234496K) From: 7443K(49664K)->1004K(49152K)
[181.638s][info][gc,heap        ] GC(157) ParOldGen: 423141K(423424K)->429218K(429568K)
[181.638s][info][gc,metaspace   ] GC(157) Metaspace: 41757K(42176K)->41757K(42176K) NonClass: 38944K(39232K)->38944K(39232K) Class: 2812K(2944K)->2812K(2944K)
[181.639s][info][gc             ] GC(157) Pause Young (Allocation Failure) 649M->420M(696M) 10.321ms
[181.639s][info][gc,cpu         ] GC(157) User=0.01s Sys=0.01s Real=0.01s
[183.164s][info][gc,start       ] GC(158) Pause Young (Allocation Failure)
[183.190s][info][gc,heap        ] GC(158) PSYoungGen: 235500K(283648K)->23243K(258048K) Eden: 234496K(234496K)->0K(234496K) From: 1004K(49152K)->23243K(23552K)
[183.190s][info][gc,heap        ] GC(158) ParOldGen: 429218K(429568K)->429784K(430080K)
[183.190s][info][gc,metaspace   ] GC(158) Metaspace: 41758K(42176K)->41758K(42176K) NonClass: 38945K(39232K)->38945K(39232K) Class: 2812K(2944K)->2812K(2944K)
[183.190s][info][gc             ] GC(158) Pause Young (Allocation Failure) 649M->442M(672M) 26.274ms
[183.190s][info][gc,cpu         ] GC(158) User=0.05s Sys=0.00s Real=0.03s
[184.737s][info][gc,start       ] GC(159) Pause Young (Allocation Failure)
[184.786s][info][gc,heap        ] GC(159) PSYoungGen: 257739K(258048K)->22844K(285184K) Eden: 234496K(234496K)->0K(236544K) From: 23243K(23552K)->22844K(48640K)
[184.786s][info][gc,heap        ] GC(159) ParOldGen: 429784K(430080K)->453080K(453120K)
[184.786s][info][gc,metaspace   ] GC(159) Metaspace: 41758K(42176K)->41758K(42176K) NonClass: 38945K(39232K)->38945K(39232K) Class: 2812K(2944K)->2812K(2944K)
[184.787s][info][gc             ] GC(159) Pause Young (Allocation Failure) 671M->464M(721M) 49.297ms
[184.787s][info][gc,cpu         ] GC(159) User=0.08s Sys=0.01s Real=0.05s
[186.089s][info][gc,start       ] GC(160) Pause Young (Allocation Failure)
[186.137s][info][gc,heap        ] GC(160) PSYoungGen: 259388K(285184K)->21050K(258048K) Eden: 236544K(236544K)->0K(236544K) From: 22844K(48640K)->21050K(21504K)
[186.137s][info][gc,heap        ] GC(160) ParOldGen: 453080K(453120K)->475912K(476160K)
[186.137s][info][gc,metaspace   ] GC(160) Metaspace: 41770K(42176K)->41770K(42176K) NonClass: 38957K(39232K)->38957K(39232K) Class: 2812K(2944K)->2812K(2944K)
[186.137s][info][gc             ] GC(160) Pause Young (Allocation Failure) 695M->485M(717M) 48.457ms
[186.137s][info][gc,cpu         ] GC(160) User=0.08s Sys=0.02s Real=0.05s
[187.134s][info][gc,start       ] GC(161) Pause Young (Allocation Failure)
[187.167s][info][gc,heap        ] GC(161) PSYoungGen: 257594K(258048K)->14774K(285184K) Eden: 236544K(236544K)->0K(240128K) From: 21050K(21504K)->14774K(45056K)
[187.167s][info][gc,heap        ] GC(161) ParOldGen: 475912K(476160K)->491865K(492032K)
[187.167s][info][gc,metaspace   ] GC(161) Metaspace: 41775K(42176K)->41775K(42176K) NonClass: 38962K(39232K)->38962K(39232K) Class: 2812K(2944K)->2812K(2944K)
[187.167s][info][gc             ] GC(161) Pause Young (Allocation Failure) 716M->494M(759M) 33.007ms
[187.167s][info][gc,cpu         ] GC(161) User=0.06s Sys=0.01s Real=0.03s
[188.156s][info][gc,start       ] GC(162) Pause Young (Allocation Failure)
[188.176s][info][gc,heap        ] GC(162) PSYoungGen: 254902K(285184K)->20916K(283136K) Eden: 240128K(240128K)->0K(240128K) From: 14774K(45056K)->20916K(43008K)
[188.176s][info][gc,heap        ] GC(162) ParOldGen: 491865K(492032K)->492621K(493056K)
[188.176s][info][gc,metaspace   ] GC(162) Metaspace: 41777K(42176K)->41777K(42176K) NonClass: 38964K(39232K)->38964K(39232K) Class: 2812K(2944K)->2812K(2944K)
[188.176s][info][gc             ] GC(162) Pause Young (Allocation Failure) 729M->501M(758M) 19.419ms
[188.176s][info][gc,cpu         ] GC(162) User=0.04s Sys=0.00s Real=0.02s
[189.210s][info][gc,start       ] GC(163) Pause Young (Allocation Failure)
[189.216s][info][gc,heap        ] GC(163) PSYoungGen: 261044K(283136K)->4635K(286720K) Eden: 240128K(240128K)->0K(245248K) From: 20916K(43008K)->4635K(41472K)
[189.217s][info][gc,heap        ] GC(163) ParOldGen: 492621K(493056K)->493877K(494080K)
[189.217s][info][gc,metaspace   ] GC(163) Metaspace: 41782K(42176K)->41782K(42176K) NonClass: 38969K(39232K)->38969K(39232K) Class: 2812K(2944K)->2812K(2944K)
[189.217s][info][gc             ] GC(163) Pause Young (Allocation Failure) 736M->486M(762M) 6.147ms
[189.217s][info][gc,cpu         ] GC(163) User=0.01s Sys=0.00s Real=0.00s
[190.087s][info][gc,start       ] GC(164) Pause Young (Allocation Failure)
[190.096s][info][gc,heap        ] GC(164) PSYoungGen: 249883K(286720K)->6969K(287232K) Eden: 245248K(245248K)->0K(245248K) From: 4635K(41472K)->6969K(41984K)
[190.096s][info][gc,heap        ] GC(164) ParOldGen: 493877K(494080K)->495133K(495616K)
[190.096s][info][gc,metaspace   ] GC(164) Metaspace: 41782K(42176K)->41782K(42176K) NonClass: 38969K(39232K)->38969K(39232K) Class: 2812K(2944K)->2812K(2944K)
[190.096s][info][gc             ] GC(164) Pause Young (Allocation Failure) 726M->490M(764M) 8.902ms
[190.096s][info][gc,cpu         ] GC(164) User=0.01s Sys=0.00s Real=0.01s
[190.999s][info][gc,start       ] GC(165) Pause Young (Allocation Failure)
[191.025s][info][gc,heap        ] GC(165) PSYoungGen: 252217K(287232K)->27713K(288768K) Eden: 245248K(245248K)->0K(247808K) From: 6969K(41984K)->27713K(40960K)
[191.025s][info][gc,heap        ] GC(165) ParOldGen: 495133K(495616K)->496309K(496640K)
[191.025s][info][gc,metaspace   ] GC(165) Metaspace: 41782K(42176K)->41782K(42176K) NonClass: 38969K(39232K)->38969K(39232K) Class: 2812K(2944K)->2812K(2944K)
[191.025s][info][gc             ] GC(165) Pause Young (Allocation Failure) 729M->511M(767M) 26.009ms
[191.025s][info][gc,cpu         ] GC(165) User=0.05s Sys=0.00s Real=0.03s
[192.112s][info][gc,start       ] GC(166) Pause Young (Allocation Failure)
[192.126s][info][gc,heap        ] GC(166) PSYoungGen: 275521K(288768K)->9769K(290816K) Eden: 247808K(247808K)->0K(247808K) From: 27713K(40960K)->9769K(43008K)
[192.126s][info][gc,heap        ] GC(166) ParOldGen: 496309K(496640K)->497101K(497152K)
[192.126s][info][gc,metaspace   ] GC(166) Metaspace: 41783K(42176K)->41783K(42176K) NonClass: 38970K(39232K)->38970K(39232K) Class: 2812K(2944K)->2812K(2944K)
[192.126s][info][gc             ] GC(166) Pause Young (Allocation Failure) 753M->494M(769M) 14.904ms
[192.126s][info][gc,cpu         ] GC(166) User=0.03s Sys=0.00s Real=0.01s
[193.093s][info][gc,start       ] GC(167) Pause Young (Allocation Failure)
[193.099s][info][gc,heap        ] GC(167) PSYoungGen: 257577K(290816K)->1312K(289792K) Eden: 247808K(247808K)->0K(248832K) From: 9769K(43008K)->1312K(40960K)
[193.099s][info][gc,heap        ] GC(167) ParOldGen: 497101K(497152K)->498157K(498176K)
[193.099s][info][gc,metaspace   ] GC(167) Metaspace: 41783K(42176K)->41783K(42176K) NonClass: 38970K(39232K)->38970K(39232K) Class: 2812K(2944K)->2812K(2944K)
[193.099s][info][gc             ] GC(167) Pause Young (Allocation Failure) 736M->487M(769M) 5.731ms
[193.099s][info][gc,cpu         ] GC(167) User=0.01s Sys=0.00s Real=0.00s
[194.173s][info][gc,start       ] GC(168) Pause Young (Allocation Failure)
[194.179s][info][gc,heap        ] GC(168) PSYoungGen: 250144K(289792K)->3728K(290816K) Eden: 248832K(248832K)->0K(248832K) From: 1312K(40960K)->3728K(41984K)
[194.179s][info][gc,heap        ] GC(168) ParOldGen: 498157K(498176K)->499257K(499712K)
[194.179s][info][gc,metaspace   ] GC(168) Metaspace: 41783K(42176K)->41783K(42176K) NonClass: 38970K(39232K)->38970K(39232K) Class: 2812K(2944K)->2812K(2944K)
[194.179s][info][gc             ] GC(168) Pause Young (Allocation Failure) 730M->491M(772M) 5.809ms
[194.179s][info][gc,cpu         ] GC(168) User=0.01s Sys=0.00s Real=0.01s
[195.503s][info][gc,start       ] GC(169) Pause Young (Allocation Failure)
[195.510s][info][gc,heap        ] GC(169) PSYoungGen: 252560K(290816K)->3960K(289280K) Eden: 248832K(248832K)->0K(250368K) From: 3728K(41984K)->3960K(38912K)
[195.510s][info][gc,heap        ] GC(169) ParOldGen: 499257K(499712K)->500321K(500736K)
[195.510s][info][gc,metaspace   ] GC(169) Metaspace: 41783K(42176K)->41783K(42176K) NonClass: 38970K(39232K)->38970K(39232K) Class: 2812K(2944K)->2812K(2944K)
[195.510s][info][gc             ] GC(169) Pause Young (Allocation Failure) 734M->492M(771M) 6.923ms
[195.510s][info][gc,cpu         ] GC(169) User=0.01s Sys=0.00s Real=0.01s
[196.582s][info][gc,start       ] GC(170) Pause Young (Allocation Failure)
[196.607s][info][gc,heap        ] GC(170) PSYoungGen: 254328K(289280K)->28113K(290816K) Eden: 250368K(250368K)->0K(250368K) From: 3960K(38912K)->28113K(40448K)
[196.607s][info][gc,heap        ] GC(170) ParOldGen: 500321K(500736K)->501345K(501760K)
[196.607s][info][gc,metaspace   ] GC(170) Metaspace: 41784K(42176K)->41784K(42176K) NonClass: 38972K(39232K)->38972K(39232K) Class: 2812K(2944K)->2812K(2944K)
[196.607s][info][gc             ] GC(170) Pause Young (Allocation Failure) 736M->517M(774M) 25.172ms
[196.607s][info][gc,cpu         ] GC(170) User=0.04s Sys=0.00s Real=0.02s
[197.730s][info][gc,start       ] GC(171) Pause Young (Allocation Failure)
[197.785s][info][gc,heap        ] GC(171) PSYoungGen: 278481K(290816K)->26288K(287744K) Eden: 250368K(250368K)->0K(244736K) From: 28113K(40448K)->26288K(43008K)
[197.785s][info][gc,heap        ] GC(171) ParOldGen: 501345K(501760K)->519687K(520192K)
[197.785s][info][gc,metaspace   ] GC(171) Metaspace: 41784K(42176K)->41784K(42176K) NonClass: 38972K(39232K)->38972K(39232K) Class: 2812K(2944K)->2812K(2944K)
[197.785s][info][gc             ] GC(171) Pause Young (Allocation Failure) 761M->533M(789M) 55.585ms
[197.785s][info][gc,cpu         ] GC(171) User=0.10s Sys=0.02s Real=0.05s
[199.063s][info][gc,start       ] GC(172) Pause Young (Allocation Failure)
[199.186s][info][gc,heap        ] GC(172) PSYoungGen: 271024K(287744K)->44514K(289280K) Eden: 244736K(244736K)->0K(244736K) From: 26288K(43008K)->44514K(44544K)
[199.186s][info][gc,heap        ] GC(172) ParOldGen: 519687K(520192K)->555937K(556032K)
[199.186s][info][gc,metaspace   ] GC(172) Metaspace: 41785K(42176K)->41785K(42176K) NonClass: 38973K(39232K)->38973K(39232K) Class: 2812K(2944K)->2812K(2944K)
[199.186s][info][gc             ] GC(172) Pause Young (Allocation Failure) 772M->586M(825M) 123.407ms
[199.186s][info][gc,cpu         ] GC(172) User=0.21s Sys=0.02s Real=0.12s
[200.218s][info][gc,start       ] GC(173) Pause Young (Allocation Failure)
[200.299s][info][gc,heap        ] GC(173) PSYoungGen: 289250K(289280K)->12806K(252416K) Eden: 244736K(244736K)->0K(207872K) From: 44514K(44544K)->12806K(44544K)
[200.299s][info][gc,heap        ] GC(173) ParOldGen: 555937K(556032K)->597710K(598016K)
[200.299s][info][gc,metaspace   ] GC(173) Metaspace: 41786K(42176K)->41786K(42176K) NonClass: 38973K(39232K)->38973K(39232K) Class: 2812K(2944K)->2812K(2944K)
[200.299s][info][gc             ] GC(173) Pause Young (Allocation Failure) 825M->596M(830M) 80.270ms
[200.299s][info][gc,cpu         ] GC(173) User=0.13s Sys=0.04s Real=0.08s
[201.066s][info][gc,start       ] GC(174) Pause Young (Allocation Failure)
[201.098s][info][gc,heap        ] GC(174) PSYoungGen: 220678K(252416K)->22028K(270848K) Eden: 207872K(207872K)->0K(207872K) From: 12806K(44544K)->22028K(62976K)
[201.098s][info][gc,heap        ] GC(174) ParOldGen: 597710K(598016K)->609291K(609792K)
[201.098s][info][gc,metaspace   ] GC(174) Metaspace: 41794K(42176K)->41794K(42176K) NonClass: 38981K(39232K)->38981K(39232K) Class: 2812K(2944K)->2812K(2944K)
[201.098s][info][gc             ] GC(174) Pause Young (Allocation Failure) 799M->616M(860M) 31.961ms
[201.098s][info][gc,cpu         ] GC(174) User=0.05s Sys=0.01s Real=0.03s
[201.861s][info][gc,start       ] GC(175) Pause Young (Allocation Failure)
[201.871s][info][gc,heap        ] GC(175) PSYoungGen: 229900K(270848K)->2717K(266240K) Eden: 207872K(207872K)->0K(211456K) From: 22028K(62976K)->2717K(54784K)
[201.871s][info][gc,heap        ] GC(175) ParOldGen: 609291K(609792K)->613940K(614400K)
[201.871s][info][gc,metaspace   ] GC(175) Metaspace: 41794K(42176K)->41794K(42176K) NonClass: 38981K(39232K)->38981K(39232K) Class: 2812K(2944K)->2812K(2944K)
[201.872s][info][gc             ] GC(175) Pause Young (Allocation Failure) 819M->602M(860M) 10.435ms
[201.872s][info][gc,cpu         ] GC(175) User=0.02s Sys=0.00s Real=0.01s
[202.655s][info][gc,start       ] GC(176) Pause Young (Allocation Failure)
[202.688s][info][gc,heap        ] GC(176) PSYoungGen: 214173K(266240K)->48535K(260096K) Eden: 211456K(211456K)->0K(211456K) From: 2717K(54784K)->48535K(48640K)
[202.688s][info][gc,heap        ] GC(176) ParOldGen: 613940K(614400K)->614672K(614912K)
[202.688s][info][gc,metaspace   ] GC(176) Metaspace: 41800K(42176K)->41800K(42176K) NonClass: 38987K(39232K)->38987K(39232K) Class: 2812K(2944K)->2812K(2944K)
[202.688s][info][gc             ] GC(176) Pause Young (Allocation Failure) 808M->647M(854M) 33.087ms
[202.688s][info][gc,cpu         ] GC(176) User=0.07s Sys=0.00s Real=0.03s
[203.513s][info][gc,start       ] GC(177) Pause Young (Allocation Failure)
[203.528s][info][gc,heap        ] GC(177) PSYoungGen: 259991K(260096K)->20446K(272384K) Eden: 211456K(211456K)->0K(206848K) From: 48535K(48640K)->20446K(65536K)
[203.528s][info][gc,heap        ] GC(177) ParOldGen: 614672K(614912K)->615294K(615424K)
[203.528s][info][gc,metaspace   ] GC(177) Metaspace: 41800K(42176K)->41800K(42176K) NonClass: 38987K(39232K)->38987K(39232K) Class: 2812K(2944K)->2812K(2944K)
[203.528s][info][gc             ] GC(177) Pause Young (Allocation Failure) 854M->620M(867M) 15.007ms
[203.528s][info][gc,cpu         ] GC(177) User=0.03s Sys=0.00s Real=0.01s
[204.322s][info][gc,start       ] GC(178) Pause Young (Allocation Failure)
[204.335s][info][gc,heap        ] GC(178) PSYoungGen: 227294K(272384K)->9210K(216064K) Eden: 206848K(206848K)->0K(206848K) From: 20446K(65536K)->9210K(9216K)
[204.335s][info][gc,heap        ] GC(178) ParOldGen: 615294K(615424K)->615952K(616448K)
[204.335s][info][gc,metaspace   ] GC(178) Metaspace: 41800K(42176K)->41800K(42176K) NonClass: 38987K(39232K)->38987K(39232K) Class: 2812K(2944K)->2812K(2944K)
[204.335s][info][gc             ] GC(178) Pause Young (Allocation Failure) 822M->610M(813M) 12.454ms
[204.335s][info][gc,cpu         ] GC(178) User=0.02s Sys=0.00s Real=0.01s
[205.115s][info][gc,start       ] GC(179) Pause Young (Allocation Failure)
[205.162s][info][gc,heap        ] GC(179) PSYoungGen: 216058K(216064K)->59893K(251392K) Eden: 206848K(206848K)->0K(191488K) From: 9210K(9216K)->59893K(59904K)
[205.162s][info][gc,heap        ] GC(179) ParOldGen: 615952K(616448K)->617407K(617472K)
[205.162s][info][gc,metaspace   ] GC(179) Metaspace: 41800K(42176K)->41800K(42176K) NonClass: 38987K(39232K)->38987K(39232K) Class: 2812K(2944K)->2812K(2944K)
[205.162s][info][gc             ] GC(179) Pause Young (Allocation Failure) 812M->661M(848M) 47.157ms
[205.162s][info][gc,cpu         ] GC(179) User=0.09s Sys=0.00s Real=0.05s
[205.887s][info][gc,start       ] GC(180) Pause Young (Allocation Failure)
[205.965s][info][gc,heap        ] GC(180) PSYoungGen: 251381K(251392K)->50603K(242176K) Eden: 191488K(191488K)->0K(191488K) From: 59893K(59904K)->50603K(50688K)
[205.965s][info][gc,heap        ] GC(180) ParOldGen: 617407K(617472K)->659561K(659968K)
[205.965s][info][gc,metaspace   ] GC(180) Metaspace: 41800K(42176K)->41800K(42176K) NonClass: 38987K(39232K)->38987K(39232K) Class: 2812K(2944K)->2812K(2944K)
[205.965s][info][gc             ] GC(180) Pause Young (Allocation Failure) 848M->693M(881M) 78.087ms
[205.965s][info][gc,cpu         ] GC(180) User=0.14s Sys=0.02s Real=0.08s
[206.635s][info][gc,start       ] GC(181) Pause Full (Allocation Failure)
[206.635s][info][gc,phases,start] GC(181) Marking Phase
[206.709s][info][gc,phases      ] GC(181) Marking Phase 74.162ms
[206.709s][info][gc,phases,start] GC(181) Summary Phase
[206.709s][info][gc,phases      ] GC(181) Summary Phase 0.035ms
[206.709s][info][gc,phases,start] GC(181) Forward
[206.720s][info][gc,phases      ] GC(181) Forward 11.133ms
[206.720s][info][gc,phases,start] GC(181) Adjust Pointers
[206.759s][info][gc,phases      ] GC(181) Adjust Pointers 38.904ms
[206.759s][info][gc,phases,start] GC(181) Compaction Phase
[206.775s][info][gc,phases      ] GC(181) Compaction Phase 15.246ms
[206.775s][info][gc,phases,start] GC(181) Post Compact
[206.778s][info][gc,phases      ] GC(181) Post Compact 3.002ms
[206.814s][info][gc,heap        ] GC(181) PSYoungGen: 242091K(242176K)->0K(258048K) Eden: 191488K(191488K)->0K(182272K) From: 50603K(50688K)->0K(75776K)
[206.814s][info][gc,heap        ] GC(181) ParOldGen: 659561K(659968K)->87937K(216576K)
[206.814s][info][gc,metaspace   ] GC(181) Metaspace: 41803K(42176K)->41803K(42176K) NonClass: 38990K(39232K)->38990K(39232K) Class: 2812K(2944K)->2812K(2944K)
[206.814s][info][gc             ] GC(181) Pause Full (Allocation Failure) 880M->85M(463M) 179.143ms
[206.814s][info][gc,cpu         ] GC(181) User=0.22s Sys=0.03s Real=0.18s
[207.514s][info][gc,start       ] GC(182) Pause Young (Allocation Failure)
[207.553s][info][gc,heap        ] GC(182) PSYoungGen: 182272K(258048K)->56472K(239104K) Eden: 182272K(182272K)->0K(182272K) From: 0K(75776K)->56472K(56832K)
[207.553s][info][gc,heap        ] GC(182) ParOldGen: 87937K(216576K)->87937K(216576K)
[207.553s][info][gc,metaspace   ] GC(182) Metaspace: 41803K(42176K)->41803K(42176K) NonClass: 38990K(39232K)->38990K(39232K) Class: 2812K(2944K)->2812K(2944K)
[207.553s][info][gc             ] GC(182) Pause Young (Allocation Failure) 263M->141M(445M) 39.053ms
[207.553s][info][gc,cpu         ] GC(182) User=0.08s Sys=0.00s Real=0.04s
[208.220s][info][gc,start       ] GC(183) Pause Young (Allocation Failure)
[208.251s][info][gc,heap        ] GC(183) PSYoungGen: 238744K(239104K)->20401K(255488K) Eden: 182272K(182272K)->0K(173568K) From: 56472K(56832K)->20401K(81920K)
[208.251s][info][gc,heap        ] GC(183) ParOldGen: 87937K(216576K)->112312K(216576K)
[208.251s][info][gc,metaspace   ] GC(183) Metaspace: 41803K(42176K)->41803K(42176K) NonClass: 38990K(39232K)->38990K(39232K) Class: 2812K(2944K)->2812K(2944K)
[208.251s][info][gc             ] GC(183) Pause Young (Allocation Failure) 319M->129M(461M) 31.729ms
[208.251s][info][gc,cpu         ] GC(183) User=0.06s Sys=0.00s Real=0.03s
[208.896s][info][gc,start       ] GC(184) Pause Young (Allocation Failure)
[208.902s][info][gc,heap        ] GC(184) PSYoungGen: 193969K(255488K)->7889K(181760K) Eden: 173568K(173568K)->0K(173568K) From: 20401K(81920K)->7889K(8192K)
[208.902s][info][gc,heap        ] GC(184) ParOldGen: 112312K(216576K)->113075K(216576K)
[208.902s][info][gc,metaspace   ] GC(184) Metaspace: 41803K(42176K)->41803K(42176K) NonClass: 38990K(39232K)->38990K(39232K) Class: 2812K(2944K)->2812K(2944K)
[208.902s][info][gc             ] GC(184) Pause Young (Allocation Failure) 299M->118M(389M) 6.094ms
[208.902s][info][gc,cpu         ] GC(184) User=0.01s Sys=0.00s Real=0.01s
[209.540s][info][gc,start       ] GC(185) Pause Young (Allocation Failure)
[209.546s][info][gc,heap        ] GC(185) PSYoungGen: 181457K(181760K)->6337K(252416K) Eden: 173568K(173568K)->0K(175104K) From: 7889K(8192K)->6337K(77312K)
[209.546s][info][gc,heap        ] GC(185) ParOldGen: 113075K(216576K)->113542K(216576K)
[209.546s][info][gc,metaspace   ] GC(185) Metaspace: 41803K(42176K)->41803K(42176K) NonClass: 38990K(39232K)->38990K(39232K) Class: 2812K(2944K)->2812K(2944K)
[209.546s][info][gc             ] GC(185) Pause Young (Allocation Failure) 287M->117M(458M) 5.862ms
[209.546s][info][gc,cpu         ] GC(185) User=0.01s Sys=0.00s Real=0.00s
[210.165s][info][gc,start       ] GC(186) Pause Young (Allocation Failure)
[210.181s][info][gc,heap        ] GC(186) PSYoungGen: 181441K(252416K)->22750K(250880K) Eden: 175104K(175104K)->0K(175104K) From: 6337K(77312K)->22750K(75776K)
[210.181s][info][gc,heap        ] GC(186) ParOldGen: 113542K(216576K)->113931K(216576K)
[210.181s][info][gc,metaspace   ] GC(186) Metaspace: 41804K(42176K)->41804K(42176K) NonClass: 38991K(39232K)->38991K(39232K) Class: 2812K(2944K)->2812K(2944K)
[210.181s][info][gc             ] GC(186) Pause Young (Allocation Failure) 288M->133M(456M) 15.967ms
[210.181s][info][gc,cpu         ] GC(186) User=0.04s Sys=0.00s Real=0.02s
[210.692s][info][gc,start       ] GC(187) Pause Young (Allocation Failure)
[210.705s][info][gc,heap        ] GC(187) PSYoungGen: 197854K(250880K)->1264K(252416K) Eden: 175104K(175104K)->0K(181248K) From: 22750K(75776K)->1264K(71168K)
[210.705s][info][gc,heap        ] GC(187) ParOldGen: 113931K(216576K)->135844K(216576K)
[210.705s][info][gc,metaspace   ] GC(187) Metaspace: 41804K(42176K)->41804K(42176K) NonClass: 38991K(39232K)->38991K(39232K) Class: 2812K(2944K)->2812K(2944K)
[210.705s][info][gc             ] GC(187) Pause Young (Allocation Failure) 304M->133M(458M) 12.718ms
[210.705s][info][gc,cpu         ] GC(187) User=0.02s Sys=0.00s Real=0.01s
[211.279s][info][gc,start       ] GC(188) Pause Young (Allocation Failure)
[211.281s][info][gc,heap        ] GC(188) PSYoungGen: 182512K(252416K)->1004K(251904K) Eden: 181248K(181248K)->0K(181248K) From: 1264K(71168K)->1004K(70656K)
[211.281s][info][gc,heap        ] GC(188) ParOldGen: 135844K(216576K)->135892K(216576K)
[211.281s][info][gc,metaspace   ] GC(188) Metaspace: 41804K(42176K)->41804K(42176K) NonClass: 38991K(39232K)->38991K(39232K) Class: 2812K(2944K)->2812K(2944K)
[211.281s][info][gc             ] GC(188) Pause Young (Allocation Failure) 310M->133M(457M) 2.077ms
[211.281s][info][gc,cpu         ] GC(188) User=0.00s Sys=0.00s Real=0.01s
[211.826s][info][gc,start       ] GC(189) Pause Young (Allocation Failure)
[211.831s][info][gc,heap        ] GC(189) PSYoungGen: 182252K(251904K)->3580K(260608K) Eden: 181248K(181248K)->0K(193536K) From: 1004K(70656K)->3580K(67072K)
[211.831s][info][gc,heap        ] GC(189) ParOldGen: 135892K(216576K)->136388K(216576K)
[211.831s][info][gc,metaspace   ] GC(189) Metaspace: 41806K(42176K)->41806K(42176K) NonClass: 38993K(39232K)->38993K(39232K) Class: 2812K(2944K)->2812K(2944K)
[211.831s][info][gc             ] GC(189) Pause Young (Allocation Failure) 310M->136M(466M) 5.417ms
[211.831s][info][gc,cpu         ] GC(189) User=0.00s Sys=0.00s Real=0.01s
[212.184s][info][gc,start       ] GC(190) Pause Young (Allocation Failure)
[212.189s][info][gc,heap        ] GC(190) PSYoungGen: 197116K(260608K)->3438K(261120K) Eden: 193536K(193536K)->0K(193536K) From: 3580K(67072K)->3438K(67584K)
[212.189s][info][gc,heap        ] GC(190) ParOldGen: 136388K(216576K)->138375K(216576K)
[212.189s][info][gc,metaspace   ] GC(190) Metaspace: 41806K(42176K)->41806K(42176K) NonClass: 38993K(39232K)->38993K(39232K) Class: 2812K(2944K)->2812K(2944K)
[212.189s][info][gc             ] GC(190) Pause Young (Allocation Failure) 325M->138M(466M) 4.898ms
[212.189s][info][gc,cpu         ] GC(190) User=0.01s Sys=0.00s Real=0.00s
[212.521s][info][gc,start       ] GC(191) Pause Young (Allocation Failure)
[212.523s][info][gc,heap        ] GC(191) PSYoungGen: 196974K(261120K)->1582K(264192K) Eden: 193536K(193536K)->0K(201216K) From: 3438K(67584K)->1582K(62976K)
[212.523s][info][gc,heap        ] GC(191) ParOldGen: 138375K(216576K)->138439K(216576K)
[212.523s][info][gc,metaspace   ] GC(191) Metaspace: 41806K(42176K)->41806K(42176K) NonClass: 38993K(39232K)->38993K(39232K) Class: 2812K(2944K)->2812K(2944K)
[212.523s][info][gc             ] GC(191) Pause Young (Allocation Failure) 327M->136M(469M) 2.586ms
[212.523s][info][gc,cpu         ] GC(191) User=0.00s Sys=0.00s Real=0.00s
[212.896s][info][gc,start       ] GC(192) Pause Young (Allocation Failure)
[212.904s][info][gc,heap        ] GC(192) PSYoungGen: 202229K(264192K)->10601K(264192K) Eden: 200646K(201216K)->0K(201216K) From: 1582K(62976K)->10601K(62976K)
[212.904s][info][gc,heap        ] GC(192) ParOldGen: 138439K(216576K)->138692K(216576K)
[212.904s][info][gc,metaspace   ] GC(192) Metaspace: 41836K(42240K)->41836K(42240K) NonClass: 39023K(39296K)->39023K(39296K) Class: 2812K(2944K)->2812K(2944K)
[212.904s][info][gc             ] GC(192) Pause Young (Allocation Failure) 332M->145M(469M) 7.750ms
[212.904s][info][gc,cpu         ] GC(192) User=0.01s Sys=0.00s Real=0.01s
[213.187s][info][gc,start       ] GC(193) Pause Young (Allocation Failure)
[213.198s][info][gc,heap        ] GC(193) PSYoungGen: 211568K(264192K)->2044K(268288K) Eden: 200966K(201216K)->0K(210432K) From: 10601K(62976K)->2044K(57856K)
[213.198s][info][gc,heap        ] GC(193) ParOldGen: 138692K(216576K)->149087K(216576K)
[213.198s][info][gc,metaspace   ] GC(193) Metaspace: 41836K(42240K)->41836K(42240K) NonClass: 39023K(39296K)->39023K(39296K) Class: 2812K(2944K)->2812K(2944K)
[213.198s][info][gc             ] GC(193) Pause Young (Allocation Failure) 342M->147M(473M) 10.731ms
[213.198s][info][gc,cpu         ] GC(193) User=0.02s Sys=0.01s Real=0.01s
[213.503s][info][gc,start       ] GC(194) Pause Young (Allocation Failure)
[213.508s][info][gc,heap        ] GC(194) PSYoungGen: 211473K(268288K)->1944K(267264K) Eden: 209428K(210432K)->0K(210432K) From: 2044K(57856K)->1944K(56832K)
[213.508s][info][gc,heap        ] GC(194) ParOldGen: 149087K(216576K)->151122K(216576K)
[213.508s][info][gc,metaspace   ] GC(194) Metaspace: 41836K(42240K)->41836K(42240K) NonClass: 39023K(39296K)->39023K(39296K) Class: 2812K(2944K)->2812K(2944K)
[213.508s][info][gc             ] GC(194) Pause Young (Allocation Failure) 352M->149M(472M) 5.080ms
[213.508s][info][gc,cpu         ] GC(194) User=0.01s Sys=0.00s Real=0.00s
[213.826s][info][gc,start       ] GC(195) Pause Young (Allocation Failure)
[213.833s][info][gc,heap        ] GC(195) PSYoungGen: 211554K(267264K)->4444K(274432K) Eden: 209610K(210432K)->0K(221696K) From: 1944K(56832K)->4444K(52736K)
[213.833s][info][gc,heap        ] GC(195) ParOldGen: 151122K(216576K)->153045K(216576K)
[213.833s][info][gc,metaspace   ] GC(195) Metaspace: 41836K(42240K)->41836K(42240K) NonClass: 39023K(39296K)->39023K(39296K) Class: 2812K(2944K)->2812K(2944K)
[213.833s][info][gc             ] GC(195) Pause Young (Allocation Failure) 354M->153M(479M) 7.097ms
[213.833s][info][gc,cpu         ] GC(195) User=0.02s Sys=0.00s Real=0.01s
[214.165s][info][gc,start       ] GC(196) Pause Young (Allocation Failure)
[214.175s][info][gc,heap        ] GC(196) PSYoungGen: 225098K(274432K)->5620K(273920K) Eden: 220654K(221696K)->0K(221696K) From: 4444K(52736K)->5620K(52224K)
[214.175s][info][gc,heap        ] GC(196) ParOldGen: 153045K(216576K)->157471K(216576K)
[214.175s][info][gc,metaspace   ] GC(196) Metaspace: 41839K(42240K)->41839K(42240K) NonClass: 39026K(39296K)->39026K(39296K) Class: 2812K(2944K)->2812K(2944K)
[214.175s][info][gc             ] GC(196) Pause Young (Allocation Failure) 369M->159M(479M) 10.559ms
[214.175s][info][gc,cpu         ] GC(196) User=0.02s Sys=0.00s Real=0.01s
[214.535s][info][gc,start       ] GC(197) Pause Young (Allocation Failure)
[214.550s][info][gc,heap        ] GC(197) PSYoungGen: 227316K(273920K)->7963K(278528K) Eden: 221696K(221696K)->0K(231936K) From: 5620K(52224K)->7963K(46592K)
[214.550s][info][gc,heap        ] GC(197) ParOldGen: 157471K(216576K)->163019K(216576K)
[214.550s][info][gc,metaspace   ] GC(197) Metaspace: 41842K(42240K)->41842K(42240K) NonClass: 39029K(39296K)->39029K(39296K) Class: 2812K(2944K)->2812K(2944K)
[214.550s][info][gc             ] GC(197) Pause Young (Allocation Failure) 375M->166M(483M) 14.348ms
[214.550s][info][gc,cpu         ] GC(197) User=0.03s Sys=0.00s Real=0.02s
[214.877s][info][gc,start       ] GC(198) Pause Young (Allocation Failure)
[214.888s][info][gc,heap        ] GC(198) PSYoungGen: 239899K(278528K)->3486K(278016K) Eden: 231936K(231936K)->0K(231936K) From: 7963K(46592K)->3486K(46080K)
[214.888s][info][gc,heap        ] GC(198) ParOldGen: 163019K(216576K)->171063K(216576K)
[214.888s][info][gc,metaspace   ] GC(198) Metaspace: 41842K(42240K)->41842K(42240K) NonClass: 39029K(39296K)->39029K(39296K) Class: 2812K(2944K)->2812K(2944K)
[214.888s][info][gc             ] GC(198) Pause Young (Allocation Failure) 393M->170M(483M) 11.312ms
[214.888s][info][gc,cpu         ] GC(198) User=0.02s Sys=0.01s Real=0.01s
[215.486s][info][gc,start       ] GC(199) Pause Young (Allocation Failure)
[215.502s][info][gc,heap        ] GC(199) PSYoungGen: 235422K(278016K)->14001K(286208K) Eden: 231936K(231936K)->0K(242688K) From: 3486K(46080K)->14001K(43520K)
[215.502s][info][gc,heap        ] GC(199) ParOldGen: 171063K(216576K)->174491K(216576K)
[215.502s][info][gc,metaspace   ] GC(199) Metaspace: 41913K(42304K)->41913K(42304K) NonClass: 39100K(39360K)->39100K(39360K) Class: 2812K(2944K)->2812K(2944K)
[215.502s][info][gc             ] GC(199) Pause Young (Allocation Failure) 396M->184M(491M) 16.171ms
[215.502s][info][gc,cpu         ] GC(199) User=0.03s Sys=0.00s Real=0.02s
[216.123s][info][gc,start       ] GC(200) Pause Young (Allocation Failure)
[216.141s][info][gc,heap        ] GC(200) PSYoungGen: 256671K(286208K)->4029K(284672K) Eden: 242669K(242688K)->0K(242688K) From: 14001K(43520K)->4029K(41984K)
[216.142s][info][gc,heap        ] GC(200) ParOldGen: 174491K(216576K)->187701K(216576K)
[216.142s][info][gc,metaspace   ] GC(200) Metaspace: 41927K(42304K)->41927K(42304K) NonClass: 39114K(39360K)->39114K(39360K) Class: 2812K(2944K)->2812K(2944K)
[216.142s][info][gc             ] GC(200) Pause Young (Allocation Failure) 421M->187M(489M) 18.690ms
[216.142s][info][gc,cpu         ] GC(200) User=0.04s Sys=0.00s Real=0.02s
[216.773s][info][gc,start       ] GC(201) Pause Young (Allocation Failure)
[216.777s][info][gc,heap        ] GC(201) PSYoungGen: 246717K(284672K)->3036K(289792K) Eden: 242688K(242688K)->0K(250368K) From: 4029K(41984K)->3036K(39424K)
[216.777s][info][gc,heap        ] GC(201) ParOldGen: 187701K(216576K)->187887K(216576K)
[216.777s][info][gc,metaspace   ] GC(201) Metaspace: 41929K(42304K)->41929K(42304K) NonClass: 39117K(39360K)->39117K(39360K) Class: 2812K(2944K)->2812K(2944K)
[216.777s][info][gc             ] GC(201) Pause Young (Allocation Failure) 424M->186M(494M) 3.842ms
[216.777s][info][gc,cpu         ] GC(201) User=0.00s Sys=0.00s Real=0.00s
[217.424s][info][gc,start       ] GC(202) Pause Young (Allocation Failure)
[217.430s][info][gc,heap        ] GC(202) PSYoungGen: 253404K(289792K)->5873K(288256K) Eden: 250368K(250368K)->0K(250368K) From: 3036K(39424K)->5873K(37888K)
[217.430s][info][gc,heap        ] GC(202) ParOldGen: 187887K(216576K)->187887K(216576K)
[217.430s][info][gc,metaspace   ] GC(202) Metaspace: 41934K(42304K)->41934K(42304K) NonClass: 39121K(39360K)->39121K(39360K) Class: 2812K(2944K)->2812K(2944K)
[217.430s][info][gc             ] GC(202) Pause Young (Allocation Failure) 430M->189M(493M) 5.714ms
[217.430s][info][gc,cpu         ] GC(202) User=0.01s Sys=0.00s Real=0.01s
[218.102s][info][gc,start       ] GC(203) Pause Young (Allocation Failure)
[218.108s][info][gc,heap        ] GC(203) PSYoungGen: 256241K(288256K)->4457K(293888K) Eden: 250368K(250368K)->0K(258560K) From: 5873K(37888K)->4457K(35328K)
[218.108s][info][gc,heap        ] GC(203) ParOldGen: 187887K(216576K)->187943K(216576K)
[218.108s][info][gc,metaspace   ] GC(203) Metaspace: 41940K(42304K)->41940K(42304K) NonClass: 39127K(39360K)->39127K(39360K) Class: 2812K(2944K)->2812K(2944K)
[218.108s][info][gc             ] GC(203) Pause Young (Allocation Failure) 433M->187M(498M) 6.869ms
[218.108s][info][gc,cpu         ] GC(203) User=0.01s Sys=0.00s Real=0.00s
[218.783s][info][gc,start       ] GC(204) Pause Young (Allocation Failure)
[218.787s][info][gc,heap        ] GC(204) PSYoungGen: 263017K(293888K)->4794K(292352K) Eden: 258560K(258560K)->0K(258560K) From: 4457K(35328K)->4794K(33792K)
[218.787s][info][gc,heap        ] GC(204) ParOldGen: 187943K(216576K)->189285K(216576K)
[218.787s][info][gc,metaspace   ] GC(204) Metaspace: 41943K(42304K)->41943K(42304K) NonClass: 39130K(39360K)->39130K(39360K) Class: 2812K(2944K)->2812K(2944K)
[218.787s][info][gc             ] GC(204) Pause Young (Allocation Failure) 440M->189M(497M) 4.316ms
[218.787s][info][gc,cpu         ] GC(204) User=0.01s Sys=0.00s Real=0.00s
[220.156s][info][gc,start       ] GC(205) Pause Young (Allocation Failure)
[220.162s][info][gc,heap        ] GC(205) PSYoungGen: 263354K(292352K)->2336K(297472K) Eden: 258560K(258560K)->0K(265728K) From: 4794K(33792K)->2336K(31744K)
[220.162s][info][gc,heap        ] GC(205) ParOldGen: 189285K(216576K)->189413K(216576K)
[220.162s][info][gc,metaspace   ] GC(205) Metaspace: 42031K(42432K)->42031K(42432K) NonClass: 39218K(39488K)->39218K(39488K) Class: 2813K(2944K)->2813K(2944K)
[220.162s][info][gc             ] GC(205) Pause Young (Allocation Failure) 442M->187M(502M) 5.970ms
[220.162s][info][gc,cpu         ] GC(205) User=0.01s Sys=0.00s Real=0.01s
[221.146s][info][gc,start       ] GC(206) Pause Young (Allocation Failure)
[221.178s][info][gc,heap        ] GC(206) PSYoungGen: 268064K(297472K)->30688K(296448K) Eden: 265728K(265728K)->0K(265728K) From: 2336K(31744K)->30688K(30720K)
[221.178s][info][gc,heap        ] GC(206) ParOldGen: 189413K(216576K)->191909K(216576K)
[221.178s][info][gc,metaspace   ] GC(206) Metaspace: 42046K(42432K)->42046K(42432K) NonClass: 39232K(39488K)->39232K(39488K) Class: 2813K(2944K)->2813K(2944K)
[221.179s][info][gc             ] GC(206) Pause Young (Allocation Failure) 446M->217M(501M) 32.831ms
[221.179s][info][gc,cpu         ] GC(206) User=0.06s Sys=0.00s Real=0.03s
[221.948s][info][gc,start       ] GC(207) Pause Young (Allocation Failure)
[222.014s][info][gc,heap        ] GC(207) PSYoungGen: 296416K(296448K)->29080K(287232K) Eden: 265728K(265728K)->0K(249856K) From: 30688K(30720K)->29080K(37376K)
[222.014s][info][gc,heap        ] GC(207) ParOldGen: 191909K(216576K)->221898K(222208K)
[222.014s][info][gc,metaspace   ] GC(207) Metaspace: 42046K(42432K)->42046K(42432K) NonClass: 39232K(39488K)->39232K(39488K) Class: 2813K(2944K)->2813K(2944K)
[222.014s][info][gc             ] GC(207) Pause Young (Allocation Failure) 476M->245M(497M) 66.313ms
[222.014s][info][gc,cpu         ] GC(207) User=0.13s Sys=0.01s Real=0.07s
[222.802s][info][gc,start       ] GC(208) Pause Young (Allocation Failure)
[222.874s][info][gc,heap        ] GC(208) PSYoungGen: 278936K(287232K)->31104K(281088K) Eden: 249856K(249856K)->0K(249856K) From: 29080K(37376K)->31104K(31232K)
[222.874s][info][gc,heap        ] GC(208) ParOldGen: 221898K(222208K)->249514K(249856K)
[222.874s][info][gc,metaspace   ] GC(208) Metaspace: 42047K(42432K)->42047K(42432K) NonClass: 39233K(39488K)->39233K(39488K) Class: 2813K(2944K)->2813K(2944K)
[222.874s][info][gc             ] GC(208) Pause Young (Allocation Failure) 489M->274M(518M) 71.646ms
[222.874s][info][gc,cpu         ] GC(208) User=0.13s Sys=0.01s Real=0.07s
[226.599s][info][gc,start       ] GC(209) Pause Young (Allocation Failure)
[226.655s][info][gc,heap        ] GC(209) PSYoungGen: 280960K(281088K)->14672K(290816K) Eden: 249856K(249856K)->0K(244736K) From: 31104K(31232K)->14672K(46080K)
[226.656s][info][gc,heap        ] GC(209) ParOldGen: 249514K(249856K)->277263K(277504K)
[226.656s][info][gc,metaspace   ] GC(209) Metaspace: 42086K(42496K)->42086K(42496K) NonClass: 39272K(39552K)->39272K(39552K) Class: 2813K(2944K)->2813K(2944K)
[226.656s][info][gc             ] GC(209) Pause Young (Allocation Failure) 518M->285M(555M) 56.255ms
[226.656s][info][gc,cpu         ] GC(209) User=0.08s Sys=0.02s Real=0.05s
[227.571s][info][gc,start       ] GC(210) Pause Young (Allocation Failure)
[227.621s][info][gc,heap        ] GC(210) PSYoungGen: 259408K(290816K)->20266K(265216K) Eden: 244736K(244736K)->0K(244736K) From: 14672K(46080K)->20266K(20480K)
[227.621s][info][gc,heap        ] GC(210) ParOldGen: 277263K(277504K)->289375K(289792K)
[227.621s][info][gc,metaspace   ] GC(210) Metaspace: 42109K(42496K)->42109K(42496K) NonClass: 39295K(39552K)->39295K(39552K) Class: 2813K(2944K)->2813K(2944K)
[227.621s][info][gc             ] GC(210) Pause Young (Allocation Failure) 524M->302M(542M) 49.755ms
[227.621s][info][gc,cpu         ] GC(210) User=0.09s Sys=0.01s Real=0.05s
[228.363s][info][gc,start       ] GC(211) Pause Young (Allocation Failure)
[228.436s][info][gc,heap        ] GC(211) PSYoungGen: 265002K(265216K)->30424K(284160K) Eden: 244736K(244736K)->0K(241664K) From: 20266K(20480K)->30424K(42496K)
[228.436s][info][gc,heap        ] GC(211) ParOldGen: 289375K(289792K)->308871K(309248K)
[228.436s][info][gc,metaspace   ] GC(211) Metaspace: 42109K(42496K)->42109K(42496K) NonClass: 39295K(39552K)->39295K(39552K) Class: 2813K(2944K)->2813K(2944K)
[228.436s][info][gc             ] GC(211) Pause Young (Allocation Failure) 541M->331M(579M) 72.984ms
[228.436s][info][gc,cpu         ] GC(211) User=0.12s Sys=0.02s Real=0.07s
[229.102s][info][gc,start       ] GC(212) Pause Young (Allocation Failure)
[229.182s][info][gc,heap        ] GC(212) PSYoungGen: 272088K(284160K)->29888K(271872K) Eden: 241664K(241664K)->0K(241664K) From: 30424K(42496K)->29888K(30208K)
[229.182s][info][gc,heap        ] GC(212) ParOldGen: 308871K(309248K)->337847K(337920K)
[229.182s][info][gc,metaspace   ] GC(212) Metaspace: 42109K(42496K)->42109K(42496K) NonClass: 39295K(39552K)->39295K(39552K) Class: 2813K(2944K)->2813K(2944K)
[229.182s][info][gc             ] GC(212) Pause Young (Allocation Failure) 567M->359M(595M) 80.195ms
[229.182s][info][gc,cpu         ] GC(212) User=0.13s Sys=0.02s Real=0.08s
[230.902s][info][gc,start       ] GC(213) Pause Young (Allocation Failure)
[230.957s][info][gc,heap        ] GC(213) PSYoungGen: 271552K(271872K)->13776K(288256K) Eden: 241664K(241664K)->0K(240128K) From: 29888K(30208K)->13776K(48128K)
[230.957s][info][gc,heap        ] GC(213) ParOldGen: 337847K(337920K)->367912K(368128K)
[230.957s][info][gc,metaspace   ] GC(213) Metaspace: 42109K(42496K)->42109K(42496K) NonClass: 39296K(39552K)->39296K(39552K) Class: 2813K(2944K)->2813K(2944K)
[230.957s][info][gc             ] GC(213) Pause Young (Allocation Failure) 595M->372M(641M) 54.335ms
[230.957s][info][gc,cpu         ] GC(213) User=0.08s Sys=0.04s Real=0.05s
[232.289s][info][gc,start       ] GC(214) Pause Young (Allocation Failure)
[232.314s][info][gc,heap        ] GC(214) PSYoungGen: 253904K(288256K)->8294K(248832K) Eden: 240128K(240128K)->0K(240128K) From: 13776K(48128K)->8294K(8704K)
[232.314s][info][gc,heap        ] GC(214) ParOldGen: 367912K(368128K)->381116K(381440K)
[232.314s][info][gc,metaspace   ] GC(214) Metaspace: 42109K(42496K)->42109K(42496K) NonClass: 39296K(39552K)->39296K(39552K) Class: 2813K(2944K)->2813K(2944K)
[232.314s][info][gc             ] GC(214) Pause Young (Allocation Failure) 607M->380M(615M) 25.935ms
[232.314s][info][gc,cpu         ] GC(214) User=0.04s Sys=0.01s Real=0.03s
[233.842s][info][gc,start       ] GC(215) Pause Young (Allocation Failure)
[233.877s][info][gc,heap        ] GC(215) PSYoungGen: 248422K(248832K)->25314K(283648K) Eden: 240128K(240128K)->0K(239616K) From: 8294K(8704K)->25314K(44032K)
[233.877s][info][gc,heap        ] GC(215) ParOldGen: 381116K(381440K)->389434K(389632K)
[233.877s][info][gc,metaspace   ] GC(215) Metaspace: 42117K(42496K)->42117K(42496K) NonClass: 39303K(39552K)->39303K(39552K) Class: 2813K(2944K)->2813K(2944K)
[233.878s][info][gc             ] GC(215) Pause Young (Allocation Failure) 614M->405M(657M) 35.460ms
[233.878s][info][gc,cpu         ] GC(215) User=0.06s Sys=0.01s Real=0.03s
[235.437s][info][gc,start       ] GC(216) Pause Young (Allocation Failure)
[235.510s][info][gc,heap        ] GC(216) PSYoungGen: 264930K(283648K)->21637K(284160K) Eden: 239616K(239616K)->0K(239616K) From: 25314K(44032K)->21637K(44544K)
[235.510s][info][gc,heap        ] GC(216) ParOldGen: 389434K(389632K)->414666K(414720K)
[235.510s][info][gc,metaspace   ] GC(216) Metaspace: 42117K(42496K)->42117K(42496K) NonClass: 39303K(39552K)->39303K(39552K) Class: 2813K(2944K)->2813K(2944K)
[235.510s][info][gc             ] GC(216) Pause Young (Allocation Failure) 639M->426M(682M) 73.465ms
[235.510s][info][gc,cpu         ] GC(216) User=0.12s Sys=0.03s Real=0.08s
[236.891s][info][gc,start       ] GC(217) Pause Young (Allocation Failure)
[236.963s][info][gc,heap        ] GC(217) PSYoungGen: 261253K(284160K)->28348K(287232K) Eden: 239616K(239616K)->0K(243712K) From: 21637K(44544K)->28348K(43520K)
[236.963s][info][gc,heap        ] GC(217) ParOldGen: 414666K(414720K)->436228K(436736K)
[236.963s][info][gc,metaspace   ] GC(217) Metaspace: 42117K(42496K)->42117K(42496K) NonClass: 39303K(39552K)->39303K(39552K) Class: 2813K(2944K)->2813K(2944K)
[236.963s][info][gc             ] GC(217) Pause Young (Allocation Failure) 660M->453M(707M) 72.839ms
[236.963s][info][gc,cpu         ] GC(217) User=0.12s Sys=0.02s Real=0.07s
[237.628s][info][gc,start       ] GC(218) Pause Young (Allocation Failure)
[237.700s][info][gc,heap        ] GC(218) PSYoungGen: 272060K(287232K)->30252K(274432K) Eden: 243712K(243712K)->0K(243712K) From: 28348K(43520K)->30252K(30720K)
[237.700s][info][gc,heap        ] GC(218) ParOldGen: 436228K(436736K)->464627K(464896K)
[237.700s][info][gc,metaspace   ] GC(218) Metaspace: 42117K(42496K)->42117K(42496K) NonClass: 39303K(39552K)->39303K(39552K) Class: 2813K(2944K)->2813K(2944K)
[237.700s][info][gc             ] GC(218) Pause Young (Allocation Failure) 691M->483M(722M) 72.028ms
[237.700s][info][gc,cpu         ] GC(218) User=0.11s Sys=0.03s Real=0.08s
[238.349s][info][gc,start       ] GC(219) Pause Young (Allocation Failure)
[238.425s][info][gc,heap        ] GC(219) PSYoungGen: 273964K(274432K)->29528K(285184K) Eden: 243712K(243712K)->0K(238592K) From: 30252K(30720K)->29528K(46592K)
[238.425s][info][gc,heap        ] GC(219) ParOldGen: 464627K(464896K)->494213K(494592K)
[238.425s][info][gc,metaspace   ] GC(219) Metaspace: 42117K(42496K)->42117K(42496K) NonClass: 39303K(39552K)->39303K(39552K) Class: 2813K(2944K)->2813K(2944K)
[238.425s][info][gc             ] GC(219) Pause Young (Allocation Failure) 721M->511M(761M) 76.281ms
[238.425s][info][gc,cpu         ] GC(219) User=0.12s Sys=0.02s Real=0.08s
[239.363s][info][gc,start       ] GC(220) Pause Young (Allocation Failure)
[239.458s][info][gc,heap        ] GC(220) PSYoungGen: 268120K(285184K)->43912K(282624K) Eden: 238592K(238592K)->0K(238592K) From: 29528K(46592K)->43912K(44032K)
[239.458s][info][gc,heap        ] GC(220) ParOldGen: 494213K(494592K)->522062K(522240K)
[239.458s][info][gc,metaspace   ] GC(220) Metaspace: 42117K(42496K)->42117K(42496K) NonClass: 39303K(39552K)->39303K(39552K) Class: 2813K(2944K)->2813K(2944K)
[239.458s][info][gc             ] GC(220) Pause Young (Allocation Failure) 744M->552M(786M) 94.348ms
[239.458s][info][gc,cpu         ] GC(220) User=0.17s Sys=0.02s Real=0.09s
[241.107s][info][gc,start       ] GC(221) Pause Young (Allocation Failure)
[241.146s][info][gc,heap        ] GC(221) PSYoungGen: 282504K(282624K)->6904K(278528K) Eden: 238592K(238592K)->0K(227328K) From: 43912K(44032K)->6904K(51200K)
[241.146s][info][gc,heap        ] GC(221) ParOldGen: 522062K(522240K)->548942K(549376K)
[241.146s][info][gc,metaspace   ] GC(221) Metaspace: 42117K(42496K)->42117K(42496K) NonClass: 39303K(39552K)->39303K(39552K) Class: 2813K(2944K)->2813K(2944K)
[241.146s][info][gc             ] GC(221) Pause Young (Allocation Failure) 785M->542M(808M) 39.609ms
[241.146s][info][gc,cpu         ] GC(221) User=0.05s Sys=0.02s Real=0.04s
[242.492s][info][gc,start       ] GC(222) Pause Young (Allocation Failure)
[242.502s][info][gc,heap        ] GC(222) PSYoungGen: 234232K(278528K)->973K(228352K) Eden: 227328K(227328K)->0K(227328K) From: 6904K(51200K)->973K(1024K)
[242.502s][info][gc,heap        ] GC(222) ParOldGen: 548942K(549376K)->554962K(555008K)
[242.502s][info][gc,metaspace   ] GC(222) Metaspace: 42117K(42496K)->42117K(42496K) NonClass: 39303K(39552K)->39303K(39552K) Class: 2813K(2944K)->2813K(2944K)
[242.502s][info][gc             ] GC(222) Pause Young (Allocation Failure) 764M->542M(765M) 9.322ms
[242.502s][info][gc,cpu         ] GC(222) User=0.01s Sys=0.01s Real=0.01s
[243.853s][info][gc,start       ] GC(223) Pause Young (Allocation Failure)
[243.879s][info][gc,heap        ] GC(223) PSYoungGen: 228301K(228352K)->21841K(282624K) Eden: 227328K(227328K)->0K(228864K) From: 973K(1024K)->21841K(53760K)
[243.879s][info][gc,heap        ] GC(223) ParOldGen: 554962K(555008K)->555761K(556032K)
[243.879s][info][gc,metaspace   ] GC(223) Metaspace: 42117K(42496K)->42117K(42496K) NonClass: 39303K(39552K)->39303K(39552K) Class: 2813K(2944K)->2813K(2944K)
[243.879s][info][gc             ] GC(223) Pause Young (Allocation Failure) 764M->564M(819M) 25.950ms
[243.879s][info][gc,cpu         ] GC(223) User=0.05s Sys=0.00s Real=0.03s
[245.332s][info][gc,start       ] GC(224) Pause Young (Allocation Failure)
[245.382s][info][gc,heap        ] GC(224) PSYoungGen: 250705K(282624K)->22598K(251904K) Eden: 228864K(228864K)->0K(228864K) From: 21841K(53760K)->22598K(23040K)
[245.382s][info][gc,heap        ] GC(224) ParOldGen: 555761K(556032K)->577718K(578048K)
[245.382s][info][gc,metaspace   ] GC(224) Metaspace: 42118K(42496K)->42118K(42496K) NonClass: 39304K(39552K)->39304K(39552K) Class: 2813K(2944K)->2813K(2944K)
[245.382s][info][gc             ] GC(224) Pause Young (Allocation Failure) 787M->586M(810M) 49.407ms
[245.382s][info][gc,cpu         ] GC(224) User=0.08s Sys=0.02s Real=0.05s
[246.611s][info][gc,start       ] GC(225) Pause Young (Allocation Failure)
[246.653s][info][gc,heap        ] GC(225) PSYoungGen: 251462K(251904K)->16070K(280064K) Eden: 228864K(228864K)->0K(230912K) From: 22598K(23040K)->16070K(49152K)
[246.653s][info][gc,heap        ] GC(225) ParOldGen: 577718K(578048K)->600115K(600576K)
[246.653s][info][gc,metaspace   ] GC(225) Metaspace: 42122K(42496K)->42122K(42496K) NonClass: 39309K(39552K)->39309K(39552K) Class: 2813K(2944K)->2813K(2944K)
[246.653s][info][gc             ] GC(225) Pause Young (Allocation Failure) 809M->601M(860M) 42.471ms
[246.653s][info][gc,cpu         ] GC(225) User=0.06s Sys=0.03s Real=0.04s
[247.656s][info][gc,start       ] GC(226) Pause Young (Allocation Failure)
[247.685s][info][gc,heap        ] GC(226) PSYoungGen: 246982K(280064K)->12538K(278016K) Eden: 230912K(230912K)->0K(230912K) From: 16070K(49152K)->12538K(47104K)
[247.685s][info][gc,heap        ] GC(226) ParOldGen: 600115K(600576K)->616172K(616448K)
[247.685s][info][gc,metaspace   ] GC(226) Metaspace: 42131K(42496K)->42131K(42496K) NonClass: 39317K(39552K)->39317K(39552K) Class: 2813K(2944K)->2813K(2944K)
[247.685s][info][gc             ] GC(226) Pause Young (Allocation Failure) 827M->613M(873M) 28.848ms
[247.685s][info][gc,cpu         ] GC(226) User=0.05s Sys=0.01s Real=0.03s
[248.613s][info][gc,start       ] GC(227) Pause Young (Allocation Failure)
[248.627s][info][gc,heap        ] GC(227) PSYoungGen: 243450K(278016K)->14676K(284672K) Eden: 230912K(230912K)->0K(239616K) From: 12538K(47104K)->14676K(45056K)
[248.627s][info][gc,heap        ] GC(227) ParOldGen: 616172K(616448K)->616868K(616960K)
[248.627s][info][gc,metaspace   ] GC(227) Metaspace: 42131K(42496K)->42131K(42496K) NonClass: 39317K(39552K)->39317K(39552K) Class: 2813K(2944K)->2813K(2944K)
[248.627s][info][gc             ] GC(227) Pause Young (Allocation Failure) 839M->616M(880M) 13.549ms
[248.627s][info][gc,cpu         ] GC(227) User=0.03s Sys=0.00s Real=0.01s
[249.575s][info][gc,start       ] GC(228) Pause Young (Allocation Failure)
[249.580s][info][gc,heap        ] GC(228) PSYoungGen: 254292K(284672K)->4071K(283136K) Eden: 239616K(239616K)->0K(239616K) From: 14676K(45056K)->4071K(43520K)
[249.580s][info][gc,heap        ] GC(228) ParOldGen: 616868K(616960K)->617844K(617984K)
[249.580s][info][gc,metaspace   ] GC(228) Metaspace: 42141K(42496K)->42141K(42496K) NonClass: 39328K(39552K)->39328K(39552K) Class: 2813K(2944K)->2813K(2944K)
[249.580s][info][gc             ] GC(228) Pause Young (Allocation Failure) 850M->607M(880M) 5.467ms
[249.580s][info][gc,cpu         ] GC(228) User=0.01s Sys=0.01s Real=0.01s
[250.427s][info][gc,start       ] GC(229) Pause Young (Allocation Failure)
[250.441s][info][gc,heap        ] GC(229) PSYoungGen: 243687K(283136K)->10935K(288768K) Eden: 239616K(239616K)->0K(246784K) From: 4071K(43520K)->10935K(41984K)
[250.441s][info][gc,heap        ] GC(229) ParOldGen: 617844K(617984K)->619140K(619520K)
[250.441s][info][gc,metaspace   ] GC(229) Metaspace: 42142K(42496K)->42142K(42496K) NonClass: 39328K(39552K)->39328K(39552K) Class: 2813K(2944K)->2813K(2944K)
[250.441s][info][gc             ] GC(229) Pause Young (Allocation Failure) 841M->615M(887M) 13.451ms
[250.441s][info][gc,cpu         ] GC(229) User=0.03s Sys=0.00s Real=0.02s
[251.238s][info][gc,start       ] GC(230) Pause Young (Allocation Failure)
[251.262s][info][gc,heap        ] GC(230) PSYoungGen: 257719K(288768K)->27206K(288768K) Eden: 246784K(246784K)->0K(246784K) From: 10935K(41984K)->27206K(41984K)
[251.262s][info][gc,heap        ] GC(230) ParOldGen: 619140K(619520K)->620252K(620544K)
[251.262s][info][gc,metaspace   ] GC(230) Metaspace: 42143K(42496K)->42143K(42496K) NonClass: 39329K(39552K)->39329K(39552K) Class: 2813K(2944K)->2813K(2944K)
[251.262s][info][gc             ] GC(230) Pause Young (Allocation Failure) 856M->632M(888M) 23.505ms
[251.262s][info][gc,cpu         ] GC(230) User=0.04s Sys=0.00s Real=0.03s
[252.383s][info][gc,start       ] GC(231) Pause Young (Allocation Failure)
[252.390s][info][gc,heap        ] GC(231) PSYoungGen: 273990K(288768K)->5787K(290816K) Eden: 246784K(246784K)->0K(247296K) From: 27206K(41984K)->5787K(43520K)
[252.390s][info][gc,heap        ] GC(231) ParOldGen: 620252K(620544K)->621068K(621568K)
[252.390s][info][gc,metaspace   ] GC(231) Metaspace: 42145K(42560K)->42145K(42560K) NonClass: 39331K(39616K)->39331K(39616K) Class: 2813K(2944K)->2813K(2944K)
[252.390s][info][gc             ] GC(231) Pause Young (Allocation Failure) 873M->612M(891M) 6.949ms
[252.390s][info][gc,cpu         ] GC(231) User=0.01s Sys=0.00s Real=0.01s
[253.252s][info][gc,start       ] GC(232) Pause Young (Allocation Failure)
[253.262s][info][gc,heap        ] GC(232) PSYoungGen: 253083K(290816K)->8282K(256000K) Eden: 247295K(247296K)->0K(247296K) From: 5787K(43520K)->8282K(8704K)
[253.262s][info][gc,heap        ] GC(232) ParOldGen: 621068K(621568K)->622077K(622080K)
[253.262s][info][gc,metaspace   ] GC(232) Metaspace: 42146K(42560K)->42146K(42560K) NonClass: 39332K(39616K)->39332K(39616K) Class: 2813K(2944K)->2813K(2944K)
[253.262s][info][gc             ] GC(232) Pause Young (Allocation Failure) 853M->615M(857M) 9.579ms
[253.262s][info][gc,cpu         ] GC(232) User=0.01s Sys=0.01s Real=0.01s
[254.195s][info][gc,start       ] GC(233) Pause Young (Allocation Failure)
[254.209s][info][gc,heap        ] GC(233) PSYoungGen: 255578K(256000K)->9897K(290304K) Eden: 247296K(247296K)->0K(248832K) From: 8282K(8704K)->9897K(41472K)
[254.209s][info][gc,heap        ] GC(233) ParOldGen: 622077K(622080K)->623161K(623616K)
[254.209s][info][gc,metaspace   ] GC(233) Metaspace: 42146K(42560K)->42146K(42560K) NonClass: 39332K(39616K)->39332K(39616K) Class: 2813K(2944K)->2813K(2944K)
[254.209s][info][gc             ] GC(233) Pause Young (Allocation Failure) 857M->618M(892M) 14.128ms
[254.209s][info][gc,cpu         ] GC(233) User=0.02s Sys=0.00s Real=0.02s
[255.132s][info][gc,start       ] GC(234) Pause Young (Allocation Failure)
[255.155s][info][gc,heap        ] GC(234) PSYoungGen: 258729K(290304K)->13939K(288768K) Eden: 248832K(248832K)->0K(248832K) From: 9897K(41472K)->13939K(39936K)
[255.155s][info][gc,heap        ] GC(234) ParOldGen: 623161K(623616K)->624233K(624640K)
[255.155s][info][gc,metaspace   ] GC(234) Metaspace: 42146K(42560K)->42146K(42560K) NonClass: 39332K(39616K)->39332K(39616K) Class: 2813K(2944K)->2813K(2944K)
[255.155s][info][gc             ] GC(234) Pause Young (Allocation Failure) 861M->623M(892M) 22.871ms
[255.155s][info][gc,cpu         ] GC(234) User=0.04s Sys=0.00s Real=0.02s
[256.197s][info][gc,start       ] GC(235) Pause Young (Allocation Failure)
[256.214s][info][gc,heap        ] GC(235) PSYoungGen: 262771K(288768K)->19576K(290304K) Eden: 248832K(248832K)->0K(252928K) From: 13939K(39936K)->19576K(37376K)
[256.214s][info][gc,heap        ] GC(235) ParOldGen: 624233K(624640K)->625193K(625664K)
[256.214s][info][gc,metaspace   ] GC(235) Metaspace: 42146K(42560K)->42146K(42560K) NonClass: 39332K(39616K)->39332K(39616K) Class: 2813K(2944K)->2813K(2944K)
[256.214s][info][gc             ] GC(235) Pause Young (Allocation Failure) 866M->629M(894M) 17.248ms
[256.214s][info][gc,cpu         ] GC(235) User=0.03s Sys=0.00s Real=0.02s
[257.135s][info][gc,start       ] GC(236) Pause Young (Allocation Failure)
[257.187s][info][gc,heap        ] GC(236) PSYoungGen: 272504K(290304K)->33284K(289792K) Eden: 252928K(252928K)->0K(252928K) From: 19576K(37376K)->33284K(36864K)
[257.187s][info][gc,heap        ] GC(236) ParOldGen: 625193K(625664K)->638067K(638464K)
[257.187s][info][gc,metaspace   ] GC(236) Metaspace: 42146K(42560K)->42146K(42560K) NonClass: 39332K(39616K)->39332K(39616K) Class: 2813K(2944K)->2813K(2944K)
[257.187s][info][gc             ] GC(236) Pause Young (Allocation Failure) 876M->655M(906M) 51.926ms
[257.187s][info][gc,cpu         ] GC(236) User=0.10s Sys=0.00s Real=0.05s
[258.373s][info][gc,start       ] GC(237) Pause Full (Allocation Failure)
[258.374s][info][gc,phases,start] GC(237) Marking Phase
[258.448s][info][gc,phases      ] GC(237) Marking Phase 74.536ms
[258.448s][info][gc,phases,start] GC(237) Summary Phase
[258.448s][info][gc,phases      ] GC(237) Summary Phase 0.046ms
[258.448s][info][gc,phases,start] GC(237) Forward
[258.464s][info][gc,phases      ] GC(237) Forward 15.844ms
[258.464s][info][gc,phases,start] GC(237) Adjust Pointers
[258.508s][info][gc,phases      ] GC(237) Adjust Pointers 43.806ms
[258.508s][info][gc,phases,start] GC(237) Compaction Phase
[258.527s][info][gc,phases      ] GC(237) Compaction Phase 18.784ms
[258.527s][info][gc,phases,start] GC(237) Post Compact
[258.530s][info][gc,phases      ] GC(237) Post Compact 2.737ms
[258.568s][info][gc,heap        ] GC(237) PSYoungGen: 286212K(289792K)->0K(292352K) Eden: 252928K(252928K)->0K(250880K) From: 33284K(36864K)->0K(41472K)
[258.568s][info][gc,heap        ] GC(237) ParOldGen: 638067K(638464K)->86986K(205312K)
[258.568s][info][gc,metaspace   ] GC(237) Metaspace: 42146K(42560K)->42146K(42560K) NonClass: 39332K(39616K)->39332K(39616K) Class: 2813K(2944K)->2813K(2944K)
[258.568s][info][gc             ] GC(237) Pause Full (Allocation Failure) 902M->84M(486M) 194.471ms
[258.568s][info][gc,cpu         ] GC(237) User=0.24s Sys=0.04s Real=0.19s
[259.476s][info][gc,start       ] GC(238) Pause Young (Allocation Failure)
[259.505s][info][gc,heap        ] GC(238) PSYoungGen: 250880K(292352K)->13488K(264704K) Eden: 250880K(250880K)->0K(250880K) From: 0K(41472K)->13488K(13824K)
[259.505s][info][gc,heap        ] GC(238) ParOldGen: 86986K(205312K)->86986K(205312K)
[259.505s][info][gc,metaspace   ] GC(238) Metaspace: 42148K(42560K)->42148K(42560K) NonClass: 39335K(39616K)->39335K(39616K) Class: 2813K(2944K)->2813K(2944K)
[259.505s][info][gc             ] GC(238) Pause Young (Allocation Failure) 329M->98M(459M) 29.398ms
[259.505s][info][gc,cpu         ] GC(238) User=0.04s Sys=0.00s Real=0.03s
[260.268s][info][gc,start       ] GC(239) Pause Young (Allocation Failure)
[260.295s][info][gc,heap        ] GC(239) PSYoungGen: 264368K(264704K)->17853K(292864K) Eden: 250880K(250880K)->0K(252928K) From: 13488K(13824K)->17853K(39936K)
[260.295s][info][gc,heap        ] GC(239) ParOldGen: 86986K(205312K)->99458K(205312K)
[260.295s][info][gc,metaspace   ] GC(239) Metaspace: 42161K(42560K)->42161K(42560K) NonClass: 39347K(39616K)->39347K(39616K) Class: 2813K(2944K)->2813K(2944K)
[260.295s][info][gc             ] GC(239) Pause Young (Allocation Failure) 343M->114M(486M) 26.179ms
[260.295s][info][gc,cpu         ] GC(239) User=0.05s Sys=0.00s Real=0.03s
[261.134s][info][gc,start       ] GC(240) Pause Young (Allocation Failure)
[261.157s][info][gc,heap        ] GC(240) PSYoungGen: 270781K(292864K)->24921K(290816K) Eden: 252928K(252928K)->0K(252928K) From: 17853K(39936K)->24921K(37888K)
[261.157s][info][gc,heap        ] GC(240) ParOldGen: 99458K(205312K)->108698K(205312K)
[261.157s][info][gc,metaspace   ] GC(240) Metaspace: 42163K(42560K)->42163K(42560K) NonClass: 39349K(39616K)->39349K(39616K) Class: 2813K(2944K)->2813K(2944K)
[261.157s][info][gc             ] GC(240) Pause Young (Allocation Failure) 361M->130M(484M) 22.848ms
[261.157s][info][gc,cpu         ] GC(240) User=0.04s Sys=0.00s Real=0.02s
[262.090s][info][gc,start       ] GC(241) Pause Young (Allocation Failure)
[262.120s][info][gc,heap        ] GC(241) PSYoungGen: 277849K(290816K)->38908K(278528K) Eden: 252928K(252928K)->0K(239616K) From: 24921K(37888K)->38908K(38912K)
[262.120s][info][gc,heap        ] GC(241) ParOldGen: 108698K(205312K)->115418K(205312K)
[262.120s][info][gc,metaspace   ] GC(241) Metaspace: 42164K(42560K)->42164K(42560K) NonClass: 39350K(39616K)->39350K(39616K) Class: 2813K(2944K)->2813K(2944K)
[262.120s][info][gc             ] GC(241) Pause Young (Allocation Failure) 377M->150M(472M) 30.012ms
[262.120s][info][gc,cpu         ] GC(241) User=0.05s Sys=0.01s Real=0.03s
[262.916s][info][gc,start       ] GC(242) Pause Young (Allocation Failure)
[262.972s][info][gc,heap        ] GC(242) PSYoungGen: 278524K(278528K)->47079K(286720K) Eden: 239616K(239616K)->0K(239616K) From: 38908K(38912K)->47079K(47104K)
[262.972s][info][gc,heap        ] GC(242) ParOldGen: 115418K(205312K)->168710K(205312K)
[262.972s][info][gc,metaspace   ] GC(242) Metaspace: 42165K(42560K)->42165K(42560K) NonClass: 39351K(39616K)->39351K(39616K) Class: 2814K(2944K)->2814K(2944K)
[262.972s][info][gc             ] GC(242) Pause Young (Allocation Failure) 384M->210M(480M) 56.521ms
[262.972s][info][gc,cpu         ] GC(242) User=0.11s Sys=0.00s Real=0.06s
[263.849s][info][gc,start       ] GC(243) Pause Young (Allocation Failure)
[263.986s][info][gc,heap        ] GC(243) PSYoungGen: 286695K(286720K)->47091K(158720K) Eden: 239616K(239616K)->0K(111616K) From: 47079K(47104K)->47091K(47104K)
[263.986s][info][gc,heap        ] GC(243) ParOldGen: 168710K(205312K)->281528K(281600K)
[263.986s][info][gc,metaspace   ] GC(243) Metaspace: 42167K(42560K)->42167K(42560K) NonClass: 39353K(39616K)->39353K(39616K) Class: 2814K(2944K)->2814K(2944K)
[263.986s][info][gc             ] GC(243) Pause Young (Allocation Failure) 444M->320M(430M) 136.845ms
[263.986s][info][gc,cpu         ] GC(243) User=0.22s Sys=0.05s Real=0.13s
[264.396s][info][gc,start       ] GC(244) Pause Young (Allocation Failure)
[264.484s][info][gc,heap        ] GC(244) PSYoungGen: 158707K(158720K)->63375K(222720K) Eden: 111616K(111616K)->0K(111616K) From: 47091K(47104K)->63375K(111104K)
[264.484s][info][gc,heap        ] GC(244) ParOldGen: 281528K(281600K)->317465K(317952K)
[264.484s][info][gc,metaspace   ] GC(244) Metaspace: 42167K(42560K)->42167K(42560K) NonClass: 39353K(39616K)->39353K(39616K) Class: 2814K(2944K)->2814K(2944K)
[264.484s][info][gc             ] GC(244) Pause Young (Allocation Failure) 429M->371M(528M) 87.908ms
[264.484s][info][gc,cpu         ] GC(244) User=0.14s Sys=0.04s Real=0.09s
[264.869s][info][gc,start       ] GC(245) Pause Young (Allocation Failure)
[264.951s][info][gc,heap        ] GC(245) PSYoungGen: 174991K(222720K)->30967K(222720K) Eden: 111616K(111616K)->0K(111616K) From: 63375K(111104K)->30967K(111104K)
[264.951s][info][gc,heap        ] GC(245) ParOldGen: 317465K(317952K)->374200K(374272K)
[264.951s][info][gc,metaspace   ] GC(245) Metaspace: 42168K(42560K)->42168K(42560K) NonClass: 39354K(39616K)->39354K(39616K) Class: 2814K(2944K)->2814K(2944K)
[264.951s][info][gc             ] GC(245) Pause Young (Allocation Failure) 480M->395M(583M) 81.572ms
[264.951s][info][gc,cpu         ] GC(245) User=0.11s Sys=0.05s Real=0.08s
[265.333s][info][gc,start       ] GC(246) Pause Young (Allocation Failure)
[265.355s][info][gc,heap        ] GC(246) PSYoungGen: 142583K(222720K)->1959K(222720K) Eden: 111616K(111616K)->0K(111616K) From: 30967K(111104K)->1959K(111104K)
[265.356s][info][gc,heap        ] GC(246) ParOldGen: 374200K(374272K)->391781K(392192K)
[265.356s][info][gc,metaspace   ] GC(246) Metaspace: 42168K(42560K)->42168K(42560K) NonClass: 39354K(39616K)->39354K(39616K) Class: 2814K(2944K)->2814K(2944K)
[265.356s][info][gc             ] GC(246) Pause Young (Allocation Failure) 504M->384M(600M) 22.531ms
[265.356s][info][gc,cpu         ] GC(246) User=0.03s Sys=0.02s Real=0.02s
[265.743s][info][gc,start       ] GC(247) Pause Young (Allocation Failure)
[265.761s][info][gc,heap        ] GC(247) PSYoungGen: 113575K(222720K)->25600K(216576K) Eden: 111616K(111616K)->0K(111616K) From: 1959K(111104K)->25600K(104960K)
[265.761s][info][gc,heap        ] GC(247) ParOldGen: 391781K(392192K)->392360K(392704K)
[265.761s][info][gc,metaspace   ] GC(247) Metaspace: 42168K(42560K)->42168K(42560K) NonClass: 39354K(39616K)->39354K(39616K) Class: 2814K(2944K)->2814K(2944K)
[265.761s][info][gc             ] GC(247) Pause Young (Allocation Failure) 493M->408M(595M) 18.343ms
[265.761s][info][gc,cpu         ] GC(247) User=0.03s Sys=0.00s Real=0.02s
[266.156s][info][gc,start       ] GC(248) Pause Young (Allocation Failure)
[266.163s][info][gc,heap        ] GC(248) PSYoungGen: 137216K(216576K)->5968K(219648K) Eden: 111616K(111616K)->0K(111616K) From: 25600K(104960K)->5968K(108032K)
[266.163s][info][gc,heap        ] GC(248) ParOldGen: 392360K(392704K)->392873K(393216K)
[266.163s][info][gc,metaspace   ] GC(248) Metaspace: 42168K(42560K)->42168K(42560K) NonClass: 39354K(39616K)->39354K(39616K) Class: 2814K(2944K)->2814K(2944K)
[266.163s][info][gc             ] GC(248) Pause Young (Allocation Failure) 517M->389M(598M) 6.799ms
[266.163s][info][gc,cpu         ] GC(248) User=0.01s Sys=0.00s Real=0.01s
[266.572s][info][gc,start       ] GC(249) Pause Young (Allocation Failure)
[266.587s][info][gc,heap        ] GC(249) PSYoungGen: 117470K(219648K)->20732K(215552K) Eden: 111502K(111616K)->0K(119808K) From: 5968K(108032K)->20732K(95744K)
[266.587s][info][gc,heap        ] GC(249) ParOldGen: 392873K(393216K)->393458K(393728K)
[266.587s][info][gc,metaspace   ] GC(249) Metaspace: 42168K(42560K)->42168K(42560K) NonClass: 39354K(39616K)->39354K(39616K) Class: 2814K(2944K)->2814K(2944K)
[266.587s][info][gc             ] GC(249) Pause Young (Allocation Failure) 498M->404M(595M) 15.089ms
[266.587s][info][gc,cpu         ] GC(249) User=0.03s Sys=0.00s Real=0.01s
[266.975s][info][gc,start       ] GC(250) Pause Young (Allocation Failure)
[266.988s][info][gc,heap        ] GC(250) PSYoungGen: 140540K(215552K)->21203K(221184K) Eden: 119808K(119808K)->0K(119808K) From: 20732K(95744K)->21203K(101376K)
[266.988s][info][gc,heap        ] GC(250) ParOldGen: 393458K(393728K)->393692K(393728K)
[266.988s][info][gc,metaspace   ] GC(250) Metaspace: 42168K(42560K)->42168K(42560K) NonClass: 39354K(39616K)->39354K(39616K) Class: 2814K(2944K)->2814K(2944K)
[266.988s][info][gc             ] GC(250) Pause Young (Allocation Failure) 521M->405M(600M) 13.045ms
[266.988s][info][gc,cpu         ] GC(250) User=0.02s Sys=0.00s Real=0.01s
[267.396s][info][gc,start       ] GC(251) Pause Young (Allocation Failure)
[267.423s][info][gc,heap        ] GC(251) PSYoungGen: 141011K(221184K)->41554K(226816K) Eden: 119808K(119808K)->0K(136192K) From: 21203K(101376K)->41554K(90624K)
[267.423s][info][gc,heap        ] GC(251) ParOldGen: 393692K(393728K)->394353K(394752K)
[267.423s][info][gc,metaspace   ] GC(251) Metaspace: 42168K(42560K)->42168K(42560K) NonClass: 39354K(39616K)->39354K(39616K) Class: 2814K(2944K)->2814K(2944K)
[267.423s][info][gc             ] GC(251) Pause Young (Allocation Failure) 522M->425M(607M) 27.281ms
[267.423s][info][gc,cpu         ] GC(251) User=0.05s Sys=0.00s Real=0.03s
[267.887s][info][gc,start       ] GC(252) Pause Young (Allocation Failure)
[267.900s][info][gc,heap        ] GC(252) PSYoungGen: 177746K(226816K)->18671K(229888K) Eden: 136192K(136192K)->0K(136192K) From: 41554K(90624K)->18671K(93696K)
[267.900s][info][gc,heap        ] GC(252) ParOldGen: 394353K(394752K)->394712K(394752K)
[267.900s][info][gc,metaspace   ] GC(252) Metaspace: 42168K(42560K)->42168K(42560K) NonClass: 39354K(39616K)->39354K(39616K) Class: 2814K(2944K)->2814K(2944K)
[267.900s][info][gc             ] GC(252) Pause Young (Allocation Failure) 558M->403M(610M) 13.026ms
[267.900s][info][gc,cpu         ] GC(252) User=0.03s Sys=0.00s Real=0.02s
[268.351s][info][gc,start       ] GC(253) Pause Young (Allocation Failure)
[268.370s][info][gc,heap        ] GC(253) PSYoungGen: 154863K(229888K)->28707K(229376K) Eden: 136192K(136192K)->0K(150016K) From: 18671K(93696K)->28707K(79360K)
[268.370s][info][gc,heap        ] GC(253) ParOldGen: 394712K(394752K)->395518K(395776K)
[268.370s][info][gc,metaspace   ] GC(253) Metaspace: 42168K(42560K)->42168K(42560K) NonClass: 39354K(39616K)->39354K(39616K) Class: 2814K(2944K)->2814K(2944K)
[268.370s][info][gc             ] GC(253) Pause Young (Allocation Failure) 536M->414M(610M) 19.200ms
[268.370s][info][gc,cpu         ] GC(253) User=0.03s Sys=0.00s Real=0.02s
[268.925s][info][gc,start       ] GC(254) Pause Young (Allocation Failure)
[268.968s][info][gc,heap        ] GC(254) PSYoungGen: 178723K(229376K)->29342K(234496K) Eden: 150016K(150016K)->0K(150016K) From: 28707K(79360K)->29342K(84480K)
[268.968s][info][gc,heap        ] GC(254) ParOldGen: 395518K(395776K)->417485K(417792K)
[268.968s][info][gc,metaspace   ] GC(254) Metaspace: 42169K(42560K)->42169K(42560K) NonClass: 39355K(39616K)->39355K(39616K) Class: 2814K(2944K)->2814K(2944K)
[268.968s][info][gc             ] GC(254) Pause Young (Allocation Failure) 560M->436M(637M) 43.518ms
[268.968s][info][gc,cpu         ] GC(254) User=0.07s Sys=0.01s Real=0.04s
[269.410s][info][gc,start       ] GC(255) Pause Young (Allocation Failure)
[269.443s][info][gc,heap        ] GC(255) PSYoungGen: 179358K(234496K)->704K(248832K) Eden: 150016K(150016K)->0K(169472K) From: 29342K(84480K)->704K(79360K)
[269.443s][info][gc,heap        ] GC(255) ParOldGen: 417485K(417792K)->445876K(445952K)
[269.443s][info][gc,metaspace   ] GC(255) Metaspace: 42169K(42560K)->42169K(42560K) NonClass: 39355K(39616K)->39355K(39616K) Class: 2814K(2944K)->2814K(2944K)
[269.443s][info][gc             ] GC(255) Pause Young (Allocation Failure) 582M->436M(678M) 33.039ms
[269.443s][info][gc,cpu         ] GC(255) User=0.05s Sys=0.03s Real=0.03s
[269.979s][info][gc,start       ] GC(256) Pause Young (Allocation Failure)
[269.982s][info][gc,heap        ] GC(256) PSYoungGen: 170176K(248832K)->1246K(249344K) Eden: 169472K(169472K)->0K(169472K) From: 704K(79360K)->1246K(79872K)
[269.983s][info][gc,heap        ] GC(256) ParOldGen: 445876K(445952K)->445916K(445952K)
[269.983s][info][gc,metaspace   ] GC(256) Metaspace: 42169K(42560K)->42169K(42560K) NonClass: 39355K(39616K)->39355K(39616K) Class: 2814K(2944K)->2814K(2944K)
[269.983s][info][gc             ] GC(256) Pause Young (Allocation Failure) 601M->436M(679M) 3.303ms
[269.983s][info][gc,cpu         ] GC(256) User=0.01s Sys=0.00s Real=0.00s
[270.502s][info][gc,start       ] GC(257) Pause Young (Allocation Failure)
[270.508s][info][gc,heap        ] GC(257) PSYoungGen: 170718K(249344K)->5404K(250368K) Eden: 169472K(169472K)->0K(175104K) From: 1246K(79872K)->5404K(75264K)
[270.509s][info][gc,heap        ] GC(257) ParOldGen: 445916K(445952K)->446364K(446464K)
[270.509s][info][gc,metaspace   ] GC(257) Metaspace: 42172K(42560K)->42172K(42560K) NonClass: 39358K(39616K)->39358K(39616K) Class: 2814K(2944K)->2814K(2944K)
[270.509s][info][gc             ] GC(257) Pause Young (Allocation Failure) 602M->441M(680M) 7.030ms
[270.509s][info][gc,cpu         ] GC(257) User=0.01s Sys=0.00s Real=0.00s
[270.813s][info][gc,start       ] GC(258) Pause Young (Allocation Failure)
[270.819s][info][gc,heap        ] GC(258) PSYoungGen: 180508K(250368K)->2414K(251904K) Eden: 175104K(175104K)->0K(175104K) From: 5404K(75264K)->2414K(76800K)
[270.820s][info][gc,heap        ] GC(258) ParOldGen: 446364K(446464K)->448379K(448512K)
[270.820s][info][gc,metaspace   ] GC(258) Metaspace: 42172K(42560K)->42172K(42560K) NonClass: 39358K(39616K)->39358K(39616K) Class: 2814K(2944K)->2814K(2944K)
[270.820s][info][gc             ] GC(258) Pause Young (Allocation Failure) 612M->440M(684M) 6.506ms
[270.820s][info][gc,cpu         ] GC(258) User=0.01s Sys=0.00s Real=0.01s
[271.118s][info][gc,start       ] GC(259) Pause Young (Allocation Failure)
[271.122s][info][gc,heap        ] GC(259) PSYoungGen: 177518K(251904K)->2958K(251904K) Eden: 175104K(175104K)->0K(181760K) From: 2414K(76800K)->2958K(70144K)
[271.122s][info][gc,heap        ] GC(259) ParOldGen: 448379K(448512K)->448467K(448512K)
[271.122s][info][gc,metaspace   ] GC(259) Metaspace: 42172K(42560K)->42172K(42560K) NonClass: 39358K(39616K)->39358K(39616K) Class: 2814K(2944K)->2814K(2944K)
[271.122s][info][gc             ] GC(259) Pause Young (Allocation Failure) 611M->440M(684M) 4.084ms
[271.122s][info][gc,cpu         ] GC(259) User=0.01s Sys=0.00s Real=0.01s
[271.507s][info][gc,start       ] GC(260) Pause Young (Allocation Failure)
[271.519s][info][gc,heap        ] GC(260) PSYoungGen: 183773K(251904K)->10541K(254464K) Eden: 180814K(181760K)->0K(181760K) From: 2958K(70144K)->10541K(72704K)
[271.519s][info][gc,heap        ] GC(260) ParOldGen: 448467K(448512K)->448720K(449024K)
[271.519s][info][gc,metaspace   ] GC(260) Metaspace: 42176K(42560K)->42176K(42560K) NonClass: 39362K(39616K)->39362K(39616K) Class: 2814K(2944K)->2814K(2944K)
[271.519s][info][gc             ] GC(260) Pause Young (Allocation Failure) 617M->448M(687M) 11.952ms
[271.519s][info][gc,cpu         ] GC(260) User=0.02s Sys=0.00s Real=0.01s
[271.762s][info][gc,start       ] GC(261) Pause Young (Allocation Failure)
[271.775s][info][gc,heap        ] GC(261) PSYoungGen: 190655K(254464K)->1120K(258048K) Eden: 180113K(181760K)->0K(192000K) From: 10541K(72704K)->1120K(66048K)
[271.775s][info][gc,heap        ] GC(261) ParOldGen: 448720K(449024K)->459041K(459264K)
[271.775s][info][gc,metaspace   ] GC(261) Metaspace: 42176K(42560K)->42176K(42560K) NonClass: 39362K(39616K)->39362K(39616K) Class: 2814K(2944K)->2814K(2944K)
[271.775s][info][gc             ] GC(261) Pause Young (Allocation Failure) 624M->449M(700M) 13.020ms
[271.775s][info][gc,cpu         ] GC(261) User=0.02s Sys=0.01s Real=0.01s
[272.052s][info][gc,start       ] GC(262) Pause Young (Allocation Failure)
[272.057s][info][gc,heap        ] GC(262) PSYoungGen: 192735K(258048K)->2043K(259072K) Eden: 191615K(192000K)->0K(192000K) From: 1120K(66048K)->2043K(67072K)
[272.057s][info][gc,heap        ] GC(262) ParOldGen: 459041K(459264K)->460128K(460288K)
[272.057s][info][gc,metaspace   ] GC(262) Metaspace: 42176K(42560K)->42176K(42560K) NonClass: 39362K(39616K)->39362K(39616K) Class: 2814K(2944K)->2814K(2944K)
[272.057s][info][gc             ] GC(262) Pause Young (Allocation Failure) 636M->451M(702M) 5.849ms
[272.058s][info][gc,cpu         ] GC(262) User=0.01s Sys=0.00s Real=0.00s
[272.331s][info][gc,start       ] GC(263) Pause Young (Allocation Failure)
[272.339s][info][gc,heap        ] GC(263) PSYoungGen: 194043K(259072K)->2363K(262144K) Eden: 192000K(192000K)->0K(202240K) From: 2043K(67072K)->2363K(59904K)
[272.339s][info][gc,heap        ] GC(263) ParOldGen: 460128K(460288K)->462110K(462336K)
[272.339s][info][gc,metaspace   ] GC(263) Metaspace: 42176K(42560K)->42176K(42560K) NonClass: 39362K(39616K)->39362K(39616K) Class: 2814K(2944K)->2814K(2944K)
[272.339s][info][gc             ] GC(263) Pause Young (Allocation Failure) 638M->453M(707M) 7.365ms
[272.339s][info][gc,cpu         ] GC(263) User=0.01s Sys=0.01s Real=0.00s
[272.640s][info][gc,start       ] GC(264) Pause Young (Allocation Failure)
[272.650s][info][gc,heap        ] GC(264) PSYoungGen: 204603K(262144K)->4039K(263680K) Eden: 202240K(202240K)->0K(202240K) From: 2363K(59904K)->4039K(61440K)
[272.650s][info][gc,heap        ] GC(264) ParOldGen: 462110K(462336K)->464394K(464896K)
[272.650s][info][gc,metaspace   ] GC(264) Metaspace: 42176K(42560K)->42176K(42560K) NonClass: 39362K(39616K)->39362K(39616K) Class: 2814K(2944K)->2814K(2944K)
[272.650s][info][gc             ] GC(264) Pause Young (Allocation Failure) 651M->457M(711M) 9.246ms
[272.650s][info][gc,cpu         ] GC(264) User=0.01s Sys=0.00s Real=0.01s
[272.956s][info][gc,start       ] GC(265) Pause Young (Allocation Failure)
[272.969s][info][gc,heap        ] GC(265) PSYoungGen: 205089K(263680K)->6037K(267776K) Eden: 201049K(202240K)->0K(214016K) From: 4039K(61440K)->6037K(53760K)
[272.969s][info][gc,heap        ] GC(265) ParOldGen: 464394K(464896K)->468416K(468480K)
[272.969s][info][gc,metaspace   ] GC(265) Metaspace: 42176K(42560K)->42176K(42560K) NonClass: 39362K(39616K)->39362K(39616K) Class: 2814K(2944K)->2814K(2944K)
[272.969s][info][gc             ] GC(265) Pause Young (Allocation Failure) 653M->463M(719M) 13.535ms
[272.969s][info][gc,cpu         ] GC(265) User=0.02s Sys=0.01s Real=0.01s
[273.300s][info][gc,start       ] GC(266) Pause Young (Allocation Failure)
[273.318s][info][gc,heap        ] GC(266) PSYoungGen: 220053K(267776K)->7496K(269312K) Eden: 214016K(214016K)->0K(214016K) From: 6037K(53760K)->7496K(55296K)
[273.318s][info][gc,heap        ] GC(266) ParOldGen: 468416K(468480K)->474543K(474624K)
[273.318s][info][gc,metaspace   ] GC(266) Metaspace: 42176K(42560K)->42176K(42560K) NonClass: 39362K(39616K)->39362K(39616K) Class: 2814K(2944K)->2814K(2944K)
[273.318s][info][gc             ] GC(266) Pause Young (Allocation Failure) 672M->470M(726M) 18.255ms
[273.318s][info][gc,cpu         ] GC(266) User=0.03s Sys=0.01s Real=0.01s
[273.626s][info][gc,start       ] GC(267) Pause Young (Allocation Failure)
[273.644s][info][gc,heap        ] GC(267) PSYoungGen: 221512K(269312K)->3879K(275456K) Eden: 214016K(214016K)->0K(226816K) From: 7496K(55296K)->3879K(48640K)
[273.644s][info][gc,heap        ] GC(267) ParOldGen: 474543K(474624K)->482108K(482304K)
[273.644s][info][gc,metaspace   ] GC(267) Metaspace: 42176K(42560K)->42176K(42560K) NonClass: 39362K(39616K)->39362K(39616K) Class: 2814K(2944K)->2814K(2944K)
[273.644s][info][gc             ] GC(267) Pause Young (Allocation Failure) 679M->474M(740M) 17.475ms
[273.644s][info][gc,cpu         ] GC(267) User=0.03s Sys=0.01s Real=0.02s
[274.209s][info][gc,start       ] GC(268) Pause Young (Allocation Failure)
[274.225s][info][gc,heap        ] GC(268) PSYoungGen: 230695K(275456K)->11685K(275968K) Eden: 226816K(226816K)->0K(226816K) From: 3879K(48640K)->11685K(49152K)
[274.225s][info][gc,heap        ] GC(268) ParOldGen: 482108K(482304K)->485831K(485888K)
[274.225s][info][gc,metaspace   ] GC(268) Metaspace: 42185K(42560K)->42185K(42560K) NonClass: 39371K(39616K)->39371K(39616K) Class: 2814K(2944K)->2814K(2944K)
[274.225s][info][gc             ] GC(268) Pause Young (Allocation Failure) 696M->485M(744M) 16.626ms
[274.225s][info][gc,cpu         ] GC(268) User=0.03s Sys=0.00s Real=0.02s
[274.807s][info][gc,start       ] GC(269) Pause Young (Allocation Failure)
[274.825s][info][gc,heap        ] GC(269) PSYoungGen: 238501K(275968K)->2829K(282624K) Eden: 226816K(226816K)->0K(238080K) From: 11685K(49152K)->2829K(44544K)
[274.825s][info][gc,heap        ] GC(269) ParOldGen: 485831K(485888K)->497699K(498176K)
[274.825s][info][gc,metaspace   ] GC(269) Metaspace: 42217K(42624K)->42217K(42624K) NonClass: 39403K(39680K)->39403K(39680K) Class: 2814K(2944K)->2814K(2944K)
[274.825s][info][gc             ] GC(269) Pause Young (Allocation Failure) 707M->488M(762M) 18.666ms
[274.825s][info][gc,cpu         ] GC(269) User=0.02s Sys=0.01s Real=0.02s
[275.389s][info][gc,start       ] GC(270) Pause Young (Allocation Failure)
[275.393s][info][gc,heap        ] GC(270) PSYoungGen: 240909K(282624K)->2737K(281600K) Eden: 238080K(238080K)->0K(238080K) From: 2829K(44544K)->2737K(43520K)
[275.393s][info][gc,heap        ] GC(270) ParOldGen: 497699K(498176K)->497884K(498176K)
[275.393s][info][gc,metaspace   ] GC(270) Metaspace: 42217K(42624K)->42217K(42624K) NonClass: 39403K(39680K)->39403K(39680K) Class: 2814K(2944K)->2814K(2944K)
[275.393s][info][gc             ] GC(270) Pause Young (Allocation Failure) 721M->488M(761M) 4.896ms
[275.393s][info][gc,cpu         ] GC(270) User=0.01s Sys=0.00s Real=0.01s
[275.967s][info][gc,start       ] GC(271) Pause Young (Allocation Failure)
[275.973s][info][gc,heap        ] GC(271) PSYoungGen: 240817K(281600K)->4408K(288256K) Eden: 238080K(238080K)->0K(247808K) From: 2737K(43520K)->4408K(40448K)
[275.973s][info][gc,heap        ] GC(271) ParOldGen: 497884K(498176K)->497900K(498176K)
[275.973s][info][gc,metaspace   ] GC(271) Metaspace: 42221K(42624K)->42221K(42624K) NonClass: 39407K(39680K)->39407K(39680K) Class: 2814K(2944K)->2814K(2944K)
[275.973s][info][gc             ] GC(271) Pause Young (Allocation Failure) 721M->490M(768M) 6.421ms
[275.973s][info][gc,cpu         ] GC(271) User=0.02s Sys=0.00s Real=0.01s
[276.627s][info][gc,start       ] GC(272) Pause Young (Allocation Failure)
[276.634s][info][gc,heap        ] GC(272) PSYoungGen: 252216K(288256K)->3710K(287232K) Eden: 247808K(247808K)->0K(247808K) From: 4408K(40448K)->3710K(39424K)
[276.634s][info][gc,heap        ] GC(272) ParOldGen: 497900K(498176K)->497940K(498176K)
[276.634s][info][gc,metaspace   ] GC(272) Metaspace: 42280K(42688K)->42280K(42688K) NonClass: 39466K(39744K)->39466K(39744K) Class: 2814K(2944K)->2814K(2944K)
[276.634s][info][gc             ] GC(272) Pause Young (Allocation Failure) 732M->489M(767M) 6.745ms
[276.634s][info][gc,cpu         ] GC(272) User=0.01s Sys=0.00s Real=0.01s
[277.202s][info][gc,start       ] GC(273) Pause Young (Allocation Failure)
[277.211s][info][gc,heap        ] GC(273) PSYoungGen: 251518K(287232K)->7338K(291840K) Eden: 247808K(247808K)->0K(256512K) From: 3710K(39424K)->7338K(35328K)
[277.211s][info][gc,heap        ] GC(273) ParOldGen: 497940K(498176K)->498978K(499200K)
[277.211s][info][gc,metaspace   ] GC(273) Metaspace: 42404K(42816K)->42404K(42816K) NonClass: 39590K(39872K)->39590K(39872K) Class: 2814K(2944K)->2814K(2944K)
[277.211s][info][gc             ] GC(273) Pause Young (Allocation Failure) 731M->494M(772M) 9.297ms
[277.211s][info][gc,cpu         ] GC(273) User=0.02s Sys=0.00s Real=0.01s
[278.476s][info][gc,start       ] GC(274) Pause Young (Allocation Failure)
[278.486s][info][gc,heap        ] GC(274) PSYoungGen: 263850K(291840K)->3346K(290816K) Eden: 256512K(256512K)->0K(256512K) From: 7338K(35328K)->3346K(34304K)
[278.487s][info][gc,heap        ] GC(274) ParOldGen: 498978K(499200K)->499106K(499200K)
[278.487s][info][gc,metaspace   ] GC(274) Metaspace: 42446K(42816K)->42446K(42816K) NonClass: 39632K(39872K)->39632K(39872K) Class: 2814K(2944K)->2814K(2944K)
[278.487s][info][gc             ] GC(274) Pause Young (Allocation Failure) 744M->490M(771M) 10.330ms
[278.487s][info][gc,cpu         ] GC(274) User=0.02s Sys=0.00s Real=0.01s
[279.403s][info][gc,start       ] GC(275) Pause Young (Allocation Failure)
[279.432s][info][gc,heap        ] GC(275) PSYoungGen: 259858K(290816K)->25226K(292864K) Eden: 256512K(256512K)->0K(260096K) From: 3346K(34304K)->25226K(32768K)
[279.432s][info][gc,heap        ] GC(275) ParOldGen: 499106K(499200K)->502324K(502784K)
[279.432s][info][gc,metaspace   ] GC(275) Metaspace: 42471K(42816K)->42471K(42816K) NonClass: 39657K(39872K)->39657K(39872K) Class: 2814K(2944K)->2814K(2944K)
[279.432s][info][gc             ] GC(275) Pause Young (Allocation Failure) 741M->515M(777M) 29.748ms
[279.432s][info][gc,cpu         ] GC(275) User=0.05s Sys=0.01s Real=0.03s
[280.141s][info][gc,start       ] GC(276) Pause Young (Allocation Failure)
[280.208s][info][gc,heap        ] GC(276) PSYoungGen: 285322K(292864K)->29688K(289792K) Eden: 260096K(260096K)->0K(260096K) From: 25226K(32768K)->29688K(29696K)
[280.208s][info][gc,heap        ] GC(276) ParOldGen: 502324K(502784K)->526772K(526848K)
[280.208s][info][gc,metaspace   ] GC(276) Metaspace: 42471K(42816K)->42471K(42816K) NonClass: 39657K(39872K)->39657K(39872K) Class: 2814K(2944K)->2814K(2944K)
[280.208s][info][gc             ] GC(276) Pause Young (Allocation Failure) 769M->543M(797M) 67.003ms
[280.208s][info][gc,cpu         ] GC(276) User=0.12s Sys=0.01s Real=0.06s
[280.959s][info][gc,start       ] GC(277) Pause Young (Allocation Failure)
[281.028s][info][gc,heap        ] GC(277) PSYoungGen: 289784K(289792K)->28960K(285184K) Eden: 260096K(260096K)->0K(243712K) From: 29688K(29696K)->28960K(41472K)
[281.028s][info][gc,heap        ] GC(277) ParOldGen: 526772K(526848K)->555052K(555520K)
[281.028s][info][gc,metaspace   ] GC(277) Metaspace: 42473K(42816K)->42473K(42816K) NonClass: 39659K(39872K)->39659K(39872K) Class: 2814K(2944K)->2814K(2944K)
[281.028s][info][gc             ] GC(277) Pause Young (Allocation Failure) 797M->570M(821M) 68.923ms
[281.028s][info][gc,cpu         ] GC(277) User=0.11s Sys=0.03s Real=0.06s
[284.738s][info][gc,start       ] GC(278) Pause Young (Allocation Failure)
[284.798s][info][gc,heap        ] GC(278) PSYoungGen: 272672K(285184K)->17232K(288768K) Eden: 243712K(243712K)->0K(243712K) From: 28960K(41472K)->17232K(45056K)
[284.798s][info][gc,heap        ] GC(278) ParOldGen: 555052K(555520K)->583929K(584192K)
[284.798s][info][gc,metaspace   ] GC(278) Metaspace: 42487K(42816K)->42487K(42816K) NonClass: 39673K(39872K)->39673K(39872K) Class: 2814K(2944K)->2814K(2944K)
[284.798s][info][gc             ] GC(278) Pause Young (Allocation Failure) 808M->587M(852M) 60.292ms
[284.798s][info][gc,cpu         ] GC(278) User=0.09s Sys=0.03s Real=0.06s
[285.653s][info][gc,start       ] GC(279) Pause Young (Allocation Failure)
[285.689s][info][gc,heap        ] GC(279) PSYoungGen: 260944K(288768K)->13940K(282112K) Eden: 243712K(243712K)->0K(245760K) From: 17232K(45056K)->13940K(36352K)
[285.689s][info][gc,heap        ] GC(279) ParOldGen: 583929K(584192K)->600946K(601088K)
[285.689s][info][gc,metaspace   ] GC(279) Metaspace: 42500K(42880K)->42500K(42880K) NonClass: 39686K(39936K)->39686K(39936K) Class: 2814K(2944K)->2814K(2944K)
[285.689s][info][gc             ] GC(279) Pause Young (Allocation Failure) 825M->600M(862M) 35.538ms
[285.689s][info][gc,cpu         ] GC(279) User=0.05s Sys=0.01s Real=0.03s
[286.355s][info][gc,start       ] GC(280) Pause Young (Allocation Failure)
[286.417s][info][gc,heap        ] GC(280) PSYoungGen: 259700K(282112K)->30572K(286208K) Eden: 245760K(245760K)->0K(245760K) From: 13940K(36352K)->30572K(40448K)
[286.417s][info][gc,heap        ] GC(280) ParOldGen: 600946K(601088K)->614475K(614912K)
[286.417s][info][gc,metaspace   ] GC(280) Metaspace: 42500K(42880K)->42500K(42880K) NonClass: 39686K(39936K)->39686K(39936K) Class: 2814K(2944K)->2814K(2944K)
[286.417s][info][gc             ] GC(280) Pause Young (Allocation Failure) 840M->629M(880M) 61.650ms
[286.417s][info][gc,cpu         ] GC(280) User=0.11s Sys=0.01s Real=0.06s
[287.070s][info][gc,start       ] GC(281) Pause Young (Allocation Failure)
[287.157s][info][gc,heap        ] GC(281) PSYoungGen: 276332K(286208K)->31160K(283648K) Eden: 245760K(245760K)->0K(239616K) From: 30572K(40448K)->31160K(44032K)
[287.157s][info][gc,heap        ] GC(281) ParOldGen: 614475K(614912K)->643515K(643584K)
[287.157s][info][gc,metaspace   ] GC(281) Metaspace: 42500K(42880K)->42500K(42880K) NonClass: 39686K(39936K)->39686K(39936K) Class: 2814K(2944K)->2814K(2944K)
[287.157s][info][gc             ] GC(281) Pause Young (Allocation Failure) 869M->658M(905M) 86.536ms
[287.157s][info][gc,cpu         ] GC(281) User=0.15s Sys=0.02s Real=0.08s
[288.716s][info][gc,start       ] GC(282) Pause Full (Allocation Failure)
[288.716s][info][gc,phases,start] GC(282) Marking Phase
[288.769s][info][gc,phases      ] GC(282) Marking Phase 53.835ms
[288.769s][info][gc,phases,start] GC(282) Summary Phase
[288.770s][info][gc,phases      ] GC(282) Summary Phase 0.030ms
[288.770s][info][gc,phases,start] GC(282) Forward
[288.773s][info][gc,phases      ] GC(282) Forward 3.859ms
[288.773s][info][gc,phases,start] GC(282) Adjust Pointers
[288.798s][info][gc,phases      ] GC(282) Adjust Pointers 24.501ms
[288.798s][info][gc,phases,start] GC(282) Compaction Phase
[288.803s][info][gc,phases      ] GC(282) Compaction Phase 5.286ms
[288.803s][info][gc,phases,start] GC(282) Post Compact
[288.807s][info][gc,phases      ] GC(282) Post Compact 3.268ms
[288.848s][info][gc,heap        ] GC(282) PSYoungGen: 270776K(283648K)->0K(286720K) Eden: 239616K(239616K)->0K(239616K) From: 31160K(44032K)->0K(47104K)
[288.848s][info][gc,heap        ] GC(282) ParOldGen: 643515K(643584K)->52134K(179200K)
[288.848s][info][gc,metaspace   ] GC(282) Metaspace: 42500K(42880K)->42500K(42880K) NonClass: 39686K(39936K)->39686K(39936K) Class: 2814K(2944K)->2814K(2944K)
[288.848s][info][gc             ] GC(282) Pause Full (Allocation Failure) 892M->50M(455M) 132.090ms
[288.848s][info][gc,cpu         ] GC(282) User=0.12s Sys=0.04s Real=0.13s
[289.992s][info][gc,start       ] GC(283) Pause Young (Allocation Failure)
[290.012s][info][gc,heap        ] GC(283) PSYoungGen: 239616K(286720K)->20398K(282624K) Eden: 239616K(239616K)->0K(239616K) From: 0K(47104K)->20398K(43008K)
[290.012s][info][gc,heap        ] GC(283) ParOldGen: 52134K(179200K)->52134K(179200K)
[290.012s][info][gc,metaspace   ] GC(283) Metaspace: 42500K(42880K)->42500K(42880K) NonClass: 39686K(39936K)->39686K(39936K) Class: 2814K(2944K)->2814K(2944K)
[290.012s][info][gc             ] GC(283) Pause Young (Allocation Failure) 284M->70M(451M) 19.305ms
[290.012s][info][gc,cpu         ] GC(283) User=0.04s Sys=0.00s Real=0.02s
[291.461s][info][gc,start       ] GC(284) Pause Young (Allocation Failure)
[291.498s][info][gc,heap        ] GC(284) PSYoungGen: 260014K(282624K)->24101K(284672K) Eden: 239616K(239616K)->0K(239616K) From: 20398K(43008K)->24101K(45056K)
[291.498s][info][gc,heap        ] GC(284) ParOldGen: 52134K(179200K)->71719K(179200K)
[291.498s][info][gc,metaspace   ] GC(284) Metaspace: 42500K(42880K)->42500K(42880K) NonClass: 39686K(39936K)->39686K(39936K) Class: 2814K(2944K)->2814K(2944K)
[291.498s][info][gc             ] GC(284) Pause Young (Allocation Failure) 304M->93M(453M) 36.906ms
[291.498s][info][gc,cpu         ] GC(284) User=0.07s Sys=0.00s Real=0.03s
[292.924s][info][gc,start       ] GC(285) Pause Young (Allocation Failure)
[292.963s][info][gc,heap        ] GC(285) PSYoungGen: 263717K(284672K)->21908K(285696K) Eden: 239616K(239616K)->0K(243712K) From: 24101K(45056K)->21908K(41984K)
[292.963s][info][gc,heap        ] GC(285) ParOldGen: 71719K(179200K)->95739K(179200K)
[292.963s][info][gc,metaspace   ] GC(285) Metaspace: 42500K(42880K)->42500K(42880K) NonClass: 39686K(39936K)->39686K(39936K) Class: 2814K(2944K)->2814K(2944K)
[292.963s][info][gc             ] GC(285) Pause Young (Allocation Failure) 327M->114M(454M) 39.026ms
[292.963s][info][gc,cpu         ] GC(285) User=0.07s Sys=0.00s Real=0.04s
[294.429s][info][gc,start       ] GC(286) Pause Young (Allocation Failure)
[294.464s][info][gc,heap        ] GC(286) PSYoungGen: 265620K(285696K)->20130K(287232K) Eden: 243712K(243712K)->0K(243712K) From: 21908K(41984K)->20130K(43520K)
[294.464s][info][gc,heap        ] GC(286) ParOldGen: 95739K(179200K)->117784K(179200K)
[294.464s][info][gc,metaspace   ] GC(286) Metaspace: 42500K(42880K)->42500K(42880K) NonClass: 39686K(39936K)->39686K(39936K) Class: 2814K(2944K)->2814K(2944K)
[294.464s][info][gc             ] GC(286) Pause Young (Allocation Failure) 352M->134M(455M) 35.199ms
[294.464s][info][gc,cpu         ] GC(286) User=0.06s Sys=0.00s Real=0.04s
[295.117s][info][gc,start       ] GC(287) Pause Young (Allocation Failure)
[295.169s][info][gc,heap        ] GC(287) PSYoungGen: 263842K(287232K)->36705K(283648K) Eden: 243712K(243712K)->0K(241664K) From: 20130K(43520K)->36705K(41984K)
[295.169s][info][gc,heap        ] GC(287) ParOldGen: 117784K(179200K)->137945K(179200K)
[295.169s][info][gc,metaspace   ] GC(287) Metaspace: 42500K(42880K)->42500K(42880K) NonClass: 39686K(39936K)->39686K(39936K) Class: 2814K(2944K)->2814K(2944K)
[295.169s][info][gc             ] GC(287) Pause Young (Allocation Failure) 372M->170M(452M) 51.382ms
[295.169s][info][gc,cpu         ] GC(287) User=0.10s Sys=0.00s Real=0.05s
[295.803s][info][gc,start       ] GC(288) Pause Young (Allocation Failure)
[295.866s][info][gc,heap        ] GC(288) PSYoungGen: 278369K(283648K)->29496K(271360K) Eden: 241664K(241664K)->0K(241664K) From: 36705K(41984K)->29496K(29696K)
[295.866s][info][gc,heap        ] GC(288) ParOldGen: 137945K(179200K)->173997K(179200K)
[295.866s][info][gc,metaspace   ] GC(288) Metaspace: 42500K(42880K)->42500K(42880K) NonClass: 39686K(39936K)->39686K(39936K) Class: 2814K(2944K)->2814K(2944K)
[295.866s][info][gc             ] GC(288) Pause Young (Allocation Failure) 406M->198M(440M) 62.751ms
[295.866s][info][gc,cpu         ] GC(288) User=0.12s Sys=0.00s Real=0.06s
[296.504s][info][gc,start       ] GC(289) Pause Young (Allocation Failure)
[296.574s][info][gc,heap        ] GC(289) PSYoungGen: 271160K(271360K)->30160K(285696K) Eden: 241664K(241664K)->0K(238592K) From: 29496K(29696K)->30160K(47104K)
[296.574s][info][gc,heap        ] GC(289) ParOldGen: 173997K(179200K)->201821K(202240K)
[296.574s][info][gc,metaspace   ] GC(289) Metaspace: 42500K(42880K)->42500K(42880K) NonClass: 39686K(39936K)->39686K(39936K) Class: 2814K(2944K)->2814K(2944K)
[296.574s][info][gc             ] GC(289) Pause Young (Allocation Failure) 434M->226M(476M) 70.248ms
[296.574s][info][gc,cpu         ] GC(289) User=0.12s Sys=0.02s Real=0.07s
[298.387s][info][gc,start       ] GC(290) Pause Young (Allocation Failure)
[298.431s][info][gc,heap        ] GC(290) PSYoungGen: 268752K(285696K)->10816K(286208K) Eden: 238592K(238592K)->0K(238592K) From: 30160K(47104K)->10816K(47616K)
[298.431s][info][gc,heap        ] GC(290) ParOldGen: 201821K(202240K)->232214K(232448K)
[298.431s][info][gc,metaspace   ] GC(290) Metaspace: 42500K(42880K)->42500K(42880K) NonClass: 39686K(39936K)->39686K(39936K) Class: 2814K(2944K)->2814K(2944K)
[298.431s][info][gc             ] GC(290) Pause Young (Allocation Failure) 459M->237M(506M) 43.254ms
[298.431s][info][gc,cpu         ] GC(290) User=0.06s Sys=0.03s Real=0.05s
[299.754s][info][gc,start       ] GC(291) Pause Young (Allocation Failure)
[299.765s][info][gc,heap        ] GC(291) PSYoungGen: 249408K(286208K)->4919K(285696K) Eden: 238592K(238592K)->0K(238592K) From: 10816K(47616K)->4919K(47104K)
[299.765s][info][gc,heap        ] GC(291) ParOldGen: 232214K(232448K)->237219K(237568K)
[299.765s][info][gc,metaspace   ] GC(291) Metaspace: 42500K(42880K)->42500K(42880K) NonClass: 39686K(39936K)->39686K(39936K) Class: 2814K(2944K)->2814K(2944K)
[299.765s][info][gc             ] GC(291) Pause Young (Allocation Failure) 470M->236M(511M) 11.548ms
[299.765s][info][gc,cpu         ] GC(291) User=0.02s Sys=0.01s Real=0.01s
[301.179s][info][gc,start       ] GC(292) Pause Young (Allocation Failure)
[301.211s][info][gc,heap        ] GC(292) PSYoungGen: 243511K(285696K)->25858K(286208K) Eden: 238592K(238592K)->0K(238592K) From: 4919K(47104K)->25858K(47616K)
[301.211s][info][gc,heap        ] GC(292) ParOldGen: 237219K(237568K)->242070K(242176K)
[301.211s][info][gc,metaspace   ] GC(292) Metaspace: 42500K(42880K)->42500K(42880K) NonClass: 39686K(39936K)->39686K(39936K) Class: 2814K(2944K)->2814K(2944K)
[301.211s][info][gc             ] GC(292) Pause Young (Allocation Failure) 469M->261M(516M) 31.373ms
[301.211s][info][gc,cpu         ] GC(292) User=0.05s Sys=0.00s Real=0.03s
[302.657s][info][gc,start       ] GC(293) Pause Young (Allocation Failure)
[302.712s][info][gc,heap        ] GC(293) PSYoungGen: 264450K(286208K)->23173K(283136K) Eden: 238592K(238592K)->0K(239104K) From: 25858K(47616K)->23173K(44032K)
[302.712s][info][gc,heap        ] GC(293) ParOldGen: 242070K(242176K)->267568K(267776K)
[302.712s][info][gc,metaspace   ] GC(293) Metaspace: 42508K(42880K)->42508K(42880K) NonClass: 39693K(39936K)->39693K(39936K) Class: 2815K(2944K)->2815K(2944K)
[302.712s][info][gc             ] GC(293) Pause Young (Allocation Failure) 494M->283M(538M) 55.012ms
[302.712s][info][gc,cpu         ] GC(293) User=0.09s Sys=0.02s Real=0.06s
[303.951s][info][gc,start       ] GC(294) Pause Young (Allocation Failure)
[303.997s][info][gc,heap        ] GC(294) PSYoungGen: 262277K(283136K)->17464K(284672K) Eden: 239104K(239104K)->0K(239104K) From: 23173K(44032K)->17464K(45568K)
[303.997s][info][gc,heap        ] GC(294) ParOldGen: 267568K(267776K)->290738K(290816K)
[303.997s][info][gc,metaspace   ] GC(294) Metaspace: 42515K(42880K)->42515K(42880K) NonClass: 39700K(39936K)->39700K(39936K) Class: 2815K(2944K)->2815K(2944K)
[303.997s][info][gc             ] GC(294) Pause Young (Allocation Failure) 517M->300M(562M) 46.270ms
[303.997s][info][gc,cpu         ] GC(294) User=0.07s Sys=0.02s Real=0.04s
[304.935s][info][gc,start       ] GC(295) Pause Young (Allocation Failure)
[304.967s][info][gc,heap        ] GC(295) PSYoungGen: 256568K(284672K)->12385K(286720K) Eden: 239104K(239104K)->0K(244736K) From: 17464K(45568K)->12385K(41984K)
[304.967s][info][gc,heap        ] GC(295) ParOldGen: 290738K(290816K)->307943K(308224K)
[304.967s][info][gc,metaspace   ] GC(295) Metaspace: 42530K(42880K)->42530K(42880K) NonClass: 39715K(39936K)->39715K(39936K) Class: 2815K(2944K)->2815K(2944K)
[304.967s][info][gc             ] GC(295) Pause Young (Allocation Failure) 534M->312M(581M) 31.811ms
[304.967s][info][gc,cpu         ] GC(295) User=0.05s Sys=0.01s Real=0.03s
[305.940s][info][gc,start       ] GC(296) Pause Young (Allocation Failure)
[305.977s][info][gc,heap        ] GC(296) PSYoungGen: 257121K(286720K)->21269K(287232K) Eden: 244736K(244736K)->0K(244736K) From: 12385K(41984K)->21269K(42496K)
[305.977s][info][gc,heap        ] GC(296) ParOldGen: 307943K(308224K)->308675K(308736K)
[305.977s][info][gc,metaspace   ] GC(296) Metaspace: 42530K(42880K)->42530K(42880K) NonClass: 39715K(39936K)->39715K(39936K) Class: 2815K(2944K)->2815K(2944K)
[305.977s][info][gc             ] GC(296) Pause Young (Allocation Failure) 551M->322M(582M) 37.218ms
[305.977s][info][gc,cpu         ] GC(296) User=0.04s Sys=0.00s Real=0.03s
[306.935s][info][gc,start       ] GC(297) Pause Young (Allocation Failure)
[306.946s][info][gc,heap        ] GC(297) PSYoungGen: 266005K(287232K)->3876K(289792K) Eden: 244736K(244736K)->0K(248832K) From: 21269K(42496K)->3876K(40960K)
[306.946s][info][gc,heap        ] GC(297) ParOldGen: 308675K(308736K)->309915K(310272K)
[306.946s][info][gc,metaspace   ] GC(297) Metaspace: 42530K(42880K)->42530K(42880K) NonClass: 39715K(39936K)->39715K(39936K) Class: 2815K(2944K)->2815K(2944K)
[306.946s][info][gc             ] GC(297) Pause Young (Allocation Failure) 561M->306M(586M) 10.719ms
[306.946s][info][gc,cpu         ] GC(297) User=0.01s Sys=0.00s Real=0.01s
[307.817s][info][gc,start       ] GC(298) Pause Young (Allocation Failure)
[307.828s][info][gc,heap        ] GC(298) PSYoungGen: 252708K(289792K)->6724K(290304K) Eden: 248832K(248832K)->0K(248832K) From: 3876K(40960K)->6724K(41472K)
[307.828s][info][gc,heap        ] GC(298) ParOldGen: 309915K(310272K)->311195K(311296K)
[307.828s][info][gc,metaspace   ] GC(298) Metaspace: 42538K(42880K)->42538K(42880K) NonClass: 39722K(39936K)->39722K(39936K) Class: 2816K(2944K)->2816K(2944K)
[307.828s][info][gc             ] GC(298) Pause Young (Allocation Failure) 549M->310M(587M) 10.507ms
[307.828s][info][gc,cpu         ] GC(298) User=0.01s Sys=0.01s Real=0.01s
[308.747s][info][gc,start       ] GC(299) Pause Young (Allocation Failure)
[308.772s][info][gc,heap        ] GC(299) PSYoungGen: 255556K(290304K)->27871K(289792K) Eden: 248832K(248832K)->0K(248832K) From: 6724K(41472K)->27871K(40960K)
[308.772s][info][gc,heap        ] GC(299) ParOldGen: 311195K(311296K)->312363K(312832K)
[308.772s][info][gc,metaspace   ] GC(299) Metaspace: 42538K(42880K)->42538K(42880K) NonClass: 39722K(39936K)->39722K(39936K) Class: 2816K(2944K)->2816K(2944K)
[308.772s][info][gc             ] GC(299) Pause Young (Allocation Failure) 553M->332M(588M) 25.318ms
[308.772s][info][gc,cpu         ] GC(299) User=0.05s Sys=0.00s Real=0.03s
[309.823s][info][gc,start       ] GC(300) Pause Young (Allocation Failure)
[309.833s][info][gc,heap        ] GC(300) PSYoungGen: 276703K(289792K)->9657K(291328K) Eden: 248832K(248832K)->0K(248832K) From: 27871K(40960K)->9657K(42496K)
[309.833s][info][gc,heap        ] GC(300) ParOldGen: 312363K(312832K)->313163K(313344K)
[309.833s][info][gc,metaspace   ] GC(300) Metaspace: 42538K(42880K)->42538K(42880K) NonClass: 39722K(39936K)->39722K(39936K) Class: 2816K(2944K)->2816K(2944K)
[309.833s][info][gc             ] GC(300) Pause Young (Allocation Failure) 575M->315M(590M) 10.380ms
[309.833s][info][gc,cpu         ] GC(300) User=0.02s Sys=0.00s Real=0.01s
[310.774s][info][gc,start       ] GC(301) Pause Young (Allocation Failure)
[310.779s][info][gc,heap        ] GC(301) PSYoungGen: 258489K(291328K)->4046K(290816K) Eden: 248832K(248832K)->0K(249856K) From: 9657K(42496K)->4046K(40960K)
[310.779s][info][gc,heap        ] GC(301) ParOldGen: 313163K(313344K)->314227K(314368K)
[310.779s][info][gc,metaspace   ] GC(301) Metaspace: 42540K(42880K)->42540K(42880K) NonClass: 39724K(39936K)->39724K(39936K) Class: 2816K(2944K)->2816K(2944K)
[310.779s][info][gc             ] GC(301) Pause Young (Allocation Failure) 558M->310M(591M) 5.050ms
[310.779s][info][gc,cpu         ] GC(301) User=0.01s Sys=0.00s Real=0.01s
[311.730s][info][gc,start       ] GC(302) Pause Young (Allocation Failure)
[311.736s][info][gc,heap        ] GC(302) PSYoungGen: 253902K(290816K)->4980K(291328K) Eden: 249856K(249856K)->0K(249856K) From: 4046K(40960K)->4980K(41472K)
[311.736s][info][gc,heap        ] GC(302) ParOldGen: 314227K(314368K)->315323K(315392K)
[311.736s][info][gc,metaspace   ] GC(302) Metaspace: 42540K(42880K)->42540K(42880K) NonClass: 39724K(39936K)->39724K(39936K) Class: 2816K(2944K)->2816K(2944K)
[311.736s][info][gc             ] GC(302) Pause Young (Allocation Failure) 554M->312M(592M) 5.941ms
[311.736s][info][gc,cpu         ] GC(302) User=0.01s Sys=0.00s Real=0.00s
[312.645s][info][gc,start       ] GC(303) Pause Young (Allocation Failure)
[312.652s][info][gc,heap        ] GC(303) PSYoungGen: 254836K(291328K)->6957K(289280K) Eden: 249856K(249856K)->0K(251392K) From: 4980K(41472K)->6957K(37888K)
[312.652s][info][gc,heap        ] GC(303) ParOldGen: 315323K(315392K)->316371K(316416K)
[312.652s][info][gc,metaspace   ] GC(303) Metaspace: 42540K(42880K)->42540K(42880K) NonClass: 39724K(39936K)->39724K(39936K) Class: 2816K(2944K)->2816K(2944K)
[312.652s][info][gc             ] GC(303) Pause Young (Allocation Failure) 556M->315M(591M) 7.118ms
[312.652s][info][gc,cpu         ] GC(303) User=0.01s Sys=0.00s Real=0.01s
[313.559s][info][gc,start       ] GC(304) Pause Young (Allocation Failure)
[313.585s][info][gc,heap        ] GC(304) PSYoungGen: 258349K(289280K)->28834K(290816K) Eden: 251392K(251392K)->0K(251392K) From: 6957K(37888K)->28834K(39424K)
[313.585s][info][gc,heap        ] GC(304) ParOldGen: 316371K(316416K)->317371K(317440K)
[313.585s][info][gc,metaspace   ] GC(304) Metaspace: 42540K(42880K)->42540K(42880K) NonClass: 39724K(39936K)->39724K(39936K) Class: 2816K(2944K)->2816K(2944K)
[313.585s][info][gc             ] GC(304) Pause Young (Allocation Failure) 561M->338M(594M) 26.287ms
[313.585s][info][gc,cpu         ] GC(304) User=0.05s Sys=0.00s Real=0.03s
[314.703s][info][gc,start       ] GC(305) Pause Young (Allocation Failure)
[314.772s][info][gc,heap        ] GC(305) PSYoungGen: 280226K(290816K)->25485K(289280K) Eden: 251392K(251392K)->0K(246784K) From: 28834K(39424K)->25485K(42496K)
[314.772s][info][gc,heap        ] GC(305) ParOldGen: 317371K(317440K)->334801K(334848K)
[314.772s][info][gc,metaspace   ] GC(305) Metaspace: 42541K(42880K)->42541K(42880K) NonClass: 39725K(39936K)->39725K(39936K) Class: 2816K(2944K)->2816K(2944K)
[314.772s][info][gc             ] GC(305) Pause Young (Allocation Failure) 583M->351M(609M) 69.002ms
[314.772s][info][gc,cpu         ] GC(305) User=0.12s Sys=0.02s Real=0.07s
[315.974s][info][gc,start       ] GC(306) Pause Young (Allocation Failure)
[316.104s][info][gc,heap        ] GC(306) PSYoungGen: 272269K(289280K)->43507K(290304K) Eden: 246784K(246784K)->0K(246784K) From: 25485K(42496K)->43507K(43520K)
[316.104s][info][gc,heap        ] GC(306) ParOldGen: 334801K(334848K)->366935K(367104K)
[316.104s][info][gc,metaspace   ] GC(306) Metaspace: 42541K(42880K)->42541K(42880K) NonClass: 39725K(39936K)->39725K(39936K) Class: 2816K(2944K)->2816K(2944K)
[316.104s][info][gc             ] GC(306) Pause Young (Allocation Failure) 592M->400M(642M) 130.417ms
[316.104s][info][gc,cpu         ] GC(306) User=0.17s Sys=0.02s Real=0.13s
[316.857s][info][gc,start       ] GC(307) Pause Young (Allocation Failure)
[316.928s][info][gc,heap        ] GC(307) PSYoungGen: 290291K(290304K)->9487K(255488K) Eden: 246784K(246784K)->0K(211968K) From: 43507K(43520K)->9487K(43520K)
[316.928s][info][gc,heap        ] GC(307) ParOldGen: 366935K(367104K)->407518K(407552K)
[316.928s][info][gc,metaspace   ] GC(307) Metaspace: 42542K(42880K)->42542K(42880K) NonClass: 39726K(39936K)->39726K(39936K) Class: 2816K(2944K)->2816K(2944K)
[316.928s][info][gc             ] GC(307) Pause Young (Allocation Failure) 641M->407M(647M) 71.174ms
[316.928s][info][gc,cpu         ] GC(307) User=0.11s Sys=0.03s Real=0.07s
[317.664s][info][gc,start       ] GC(308) Pause Young (Allocation Failure)
[317.679s][info][gc,heap        ] GC(308) PSYoungGen: 221455K(255488K)->5145K(272896K) Eden: 211968K(211968K)->0K(211968K) From: 9487K(43520K)->5145K(60928K)
[317.679s][info][gc,heap        ] GC(308) ParOldGen: 407518K(407552K)->415902K(416256K)
[317.679s][info][gc,metaspace   ] GC(308) Metaspace: 42544K(42880K)->42544K(42880K) NonClass: 39728K(39936K)->39728K(39936K) Class: 2816K(2944K)->2816K(2944K)
[317.679s][info][gc             ] GC(308) Pause Young (Allocation Failure) 614M->411M(673M) 14.732ms
[317.679s][info][gc,cpu         ] GC(308) User=0.02s Sys=0.01s Real=0.01s
[318.394s][info][gc,start       ] GC(309) Pause Young (Allocation Failure)
[318.401s][info][gc,heap        ] GC(309) PSYoungGen: 217113K(272896K)->2762K(268800K) Eden: 211968K(211968K)->0K(212992K) From: 5145K(60928K)->2762K(55808K)
[318.401s][info][gc,heap        ] GC(309) ParOldGen: 415902K(416256K)->418533K(418816K)
[318.401s][info][gc,metaspace   ] GC(309) Metaspace: 42544K(42880K)->42544K(42880K) NonClass: 39728K(39936K)->39728K(39936K) Class: 2816K(2944K)->2816K(2944K)
[318.401s][info][gc             ] GC(309) Pause Young (Allocation Failure) 618M->411M(671M) 6.836ms
[318.401s][info][gc,cpu         ] GC(309) User=0.01s Sys=0.01s Real=0.01s
[319.182s][info][gc,start       ] GC(310) Pause Young (Allocation Failure)
[319.196s][info][gc,heap        ] GC(310) PSYoungGen: 215754K(268800K)->15968K(271360K) Eden: 212992K(212992K)->0K(212992K) From: 2762K(55808K)->15968K(58368K)
[319.196s][info][gc,heap        ] GC(310) ParOldGen: 418533K(418816K)->419370K(419840K)
[319.196s][info][gc,metaspace   ] GC(310) Metaspace: 42544K(42880K)->42544K(42880K) NonClass: 39728K(39936K)->39728K(39936K) Class: 2816K(2944K)->2816K(2944K)
[319.196s][info][gc             ] GC(310) Pause Young (Allocation Failure) 619M->425M(675M) 13.573ms
[319.196s][info][gc,cpu         ] GC(310) User=0.03s Sys=0.00s Real=0.01s
[319.943s][info][gc,start       ] GC(311) Pause Young (Allocation Failure)
[319.951s][info][gc,heap        ] GC(311) PSYoungGen: 228960K(271360K)->8325K(272384K) Eden: 212992K(212992K)->0K(220672K) From: 15968K(58368K)->8325K(51712K)
[319.951s][info][gc,heap        ] GC(311) ParOldGen: 419370K(419840K)->420063K(420352K)
[319.951s][info][gc,metaspace   ] GC(311) Metaspace: 42544K(42880K)->42544K(42880K) NonClass: 39728K(39936K)->39728K(39936K) Class: 2816K(2944K)->2816K(2944K)
[319.951s][info][gc             ] GC(311) Pause Young (Allocation Failure) 633M->418M(676M) 8.099ms
[319.951s][info][gc,cpu         ] GC(311) User=0.02s Sys=0.00s Real=0.01s
[320.758s][info][gc,start       ] GC(312) Pause Young (Allocation Failure)
[320.789s][info][gc,heap        ] GC(312) PSYoungGen: 228997K(272384K)->44017K(273408K) Eden: 220672K(220672K)->0K(220672K) From: 8325K(51712K)->44017K(52736K)
[320.789s][info][gc,heap        ] GC(312) ParOldGen: 420063K(420352K)->420585K(420864K)
[320.789s][info][gc,metaspace   ] GC(312) Metaspace: 42544K(42880K)->42544K(42880K) NonClass: 39728K(39936K)->39728K(39936K) Class: 2816K(2944K)->2816K(2944K)
[320.789s][info][gc             ] GC(312) Pause Young (Allocation Failure) 633M->453M(678M) 31.205ms
[320.789s][info][gc,cpu         ] GC(312) User=0.07s Sys=0.00s Real=0.03s
[321.620s][info][gc,start       ] GC(313) Pause Young (Allocation Failure)
[321.628s][info][gc,heap        ] GC(313) PSYoungGen: 264689K(273408K)->6370K(276480K) Eden: 220672K(220672K)->0K(217088K) From: 44017K(52736K)->6370K(59392K)
[321.628s][info][gc,heap        ] GC(313) ParOldGen: 420585K(420864K)->421952K(422400K)
[321.628s][info][gc,metaspace   ] GC(313) Metaspace: 42544K(42880K)->42544K(42880K) NonClass: 39728K(39936K)->39728K(39936K) Class: 2816K(2944K)->2816K(2944K)
[321.628s][info][gc             ] GC(313) Pause Young (Allocation Failure) 669M->418M(682M) 8.083ms
[321.628s][info][gc,cpu         ] GC(313) User=0.01s Sys=0.00s Real=0.00s
[322.400s][info][gc,start       ] GC(314) Pause Young (Allocation Failure)
[322.428s][info][gc,heap        ] GC(314) PSYoungGen: 223458K(276480K)->34992K(252416K) Eden: 217088K(217088K)->0K(217088K) From: 6370K(59392K)->34992K(35328K)
[322.428s][info][gc,heap        ] GC(314) ParOldGen: 421952K(422400K)->424525K(424960K)
[322.428s][info][gc,metaspace   ] GC(314) Metaspace: 42544K(42880K)->42544K(42880K) NonClass: 39728K(39936K)->39728K(39936K) Class: 2816K(2944K)->2816K(2944K)
[322.428s][info][gc             ] GC(314) Pause Young (Allocation Failure) 630M->448M(661M) 27.823ms
[322.428s][info][gc,cpu         ] GC(314) User=0.05s Sys=0.00s Real=0.02s
[323.218s][info][gc,start       ] GC(315) Pause Young (Allocation Failure)
[323.253s][info][gc,heap        ] GC(315) PSYoungGen: 252080K(252416K)->14094K(276992K) Eden: 217088K(217088K)->0K(217088K) From: 34992K(35328K)->14094K(59904K)
[323.253s][info][gc,heap        ] GC(315) ParOldGen: 424525K(424960K)->447853K(448000K)
[323.253s][info][gc,metaspace   ] GC(315) Metaspace: 42545K(42880K)->42545K(42880K) NonClass: 39729K(39936K)->39729K(39936K) Class: 2816K(2944K)->2816K(2944K)
[323.253s][info][gc             ] GC(315) Pause Young (Allocation Failure) 660M->451M(708M) 35.558ms
[323.253s][info][gc,cpu         ] GC(315) User=0.05s Sys=0.02s Real=0.04s
[324.041s][info][gc,start       ] GC(316) Pause Young (Allocation Failure)
[324.047s][info][gc,heap        ] GC(316) PSYoungGen: 231182K(276992K)->3303K(220672K) Eden: 217088K(217088K)->0K(217088K) From: 14094K(59904K)->3303K(3584K)
[324.047s][info][gc,heap        ] GC(316) ParOldGen: 447853K(448000K)->448724K(449024K)
[324.047s][info][gc,metaspace   ] GC(316) Metaspace: 42545K(42880K)->42545K(42880K) NonClass: 39729K(39936K)->39729K(39936K) Class: 2816K(2944K)->2816K(2944K)
[324.047s][info][gc             ] GC(316) Pause Young (Allocation Failure) 663M->441M(654M) 5.602ms
[324.047s][info][gc,cpu         ] GC(316) User=0.02s Sys=0.00s Real=0.00s
[324.809s][info][gc,start       ] GC(317) Pause Young (Allocation Failure)
[324.816s][info][gc,heap        ] GC(317) PSYoungGen: 220391K(220672K)->5719K(274432K) Eden: 217088K(217088K)->0K(218624K) From: 3303K(3584K)->5719K(55808K)
[324.816s][info][gc,heap        ] GC(317) ParOldGen: 448724K(449024K)->449826K(450048K)
[324.816s][info][gc,metaspace   ] GC(317) Metaspace: 42546K(42880K)->42546K(42880K) NonClass: 39729K(39936K)->39729K(39936K) Class: 2816K(2944K)->2816K(2944K)
[324.816s][info][gc             ] GC(317) Pause Young (Allocation Failure) 653M->444M(707M) 6.714ms
[324.816s][info][gc,cpu         ] GC(317) User=0.01s Sys=0.00s Real=0.00s
[325.591s][info][gc,start       ] GC(318) Pause Young (Allocation Failure)
[325.611s][info][gc,heap        ] GC(318) PSYoungGen: 224343K(274432K)->30039K(272896K) Eden: 218624K(218624K)->0K(218624K) From: 5719K(55808K)->30039K(54272K)
[325.611s][info][gc,heap        ] GC(318) ParOldGen: 449826K(450048K)->450333K(450560K)
[325.611s][info][gc,metaspace   ] GC(318) Metaspace: 42546K(42880K)->42546K(42880K) NonClass: 39729K(39936K)->39729K(39936K) Class: 2816K(2944K)->2816K(2944K)
[325.611s][info][gc             ] GC(318) Pause Young (Allocation Failure) 658M->469M(706M) 20.095ms
[325.611s][info][gc,cpu         ] GC(318) User=0.04s Sys=0.00s Real=0.02s
[326.298s][info][gc,start       ] GC(319) Pause Young (Allocation Failure)
[326.314s][info][gc,heap        ] GC(319) PSYoungGen: 248663K(272896K)->23000K(277504K) Eden: 218624K(218624K)->0K(224256K) From: 30039K(54272K)->23000K(53248K)
[326.314s][info][gc,heap        ] GC(319) ParOldGen: 450333K(450560K)->450801K(451072K)
[326.314s][info][gc,metaspace   ] GC(319) Metaspace: 42547K(42880K)->42547K(42880K) NonClass: 39731K(39936K)->39731K(39936K) Class: 2816K(2944K)->2816K(2944K)
[326.314s][info][gc             ] GC(319) Pause Young (Allocation Failure) 682M->462M(711M) 16.164ms
[326.314s][info][gc,cpu         ] GC(319) User=0.03s Sys=0.01s Real=0.02s
[327.027s][info][gc,start       ] GC(320) Pause Young (Allocation Failure)
[327.050s][info][gc,heap        ] GC(320) PSYoungGen: 247256K(277504K)->1867K(278016K) Eden: 224256K(224256K)->0K(224256K) From: 23000K(53248K)->1867K(53760K)
[327.051s][info][gc,heap        ] GC(320) ParOldGen: 450801K(451072K)->472599K(473088K)
[327.051s][info][gc,metaspace   ] GC(320) Metaspace: 42548K(42880K)->42548K(42880K) NonClass: 39732K(39936K)->39732K(39936K) Class: 2816K(2944K)->2816K(2944K)
[327.051s][info][gc             ] GC(320) Pause Young (Allocation Failure) 681M->463M(733M) 23.714ms
[327.051s][info][gc,cpu         ] GC(320) User=0.03s Sys=0.02s Real=0.03s
[327.672s][info][gc,start       ] GC(321) Pause Young (Allocation Failure)
[327.679s][info][gc,heap        ] GC(321) PSYoungGen: 226123K(278016K)->4476K(277504K) Eden: 224256K(224256K)->0K(227328K) From: 1867K(53760K)->4476K(50176K)
[327.679s][info][gc,heap        ] GC(321) ParOldGen: 472599K(473088K)->472631K(473088K)
[327.679s][info][gc,metaspace   ] GC(321) Metaspace: 42548K(42880K)->42548K(42880K) NonClass: 39732K(39936K)->39732K(39936K) Class: 2816K(2944K)->2816K(2944K)
[327.679s][info][gc             ] GC(321) Pause Young (Allocation Failure) 682M->465M(733M) 7.030ms
[327.679s][info][gc,cpu         ] GC(321) User=0.01s Sys=0.00s Real=0.00s
[328.061s][info][gc,start       ] GC(322) Pause Young (Allocation Failure)
[328.068s][info][gc,heap        ] GC(322) PSYoungGen: 231804K(277504K)->1148K(278528K) Eden: 227328K(227328K)->0K(227328K) From: 4476K(50176K)->1148K(51200K)
[328.068s][info][gc,heap        ] GC(322) ParOldGen: 472631K(473088K)->474724K(475136K)
[328.068s][info][gc,metaspace   ] GC(322) Metaspace: 42548K(42880K)->42548K(42880K) NonClass: 39732K(39936K)->39732K(39936K) Class: 2816K(2944K)->2816K(2944K)
[328.068s][info][gc             ] GC(322) Pause Young (Allocation Failure) 687M->464M(736M) 6.585ms
[328.068s][info][gc,cpu         ] GC(322) User=0.01s Sys=0.00s Real=0.00s
[328.525s][info][gc,start       ] GC(323) Pause Young (Allocation Failure)
[328.536s][info][gc,heap        ] GC(323) PSYoungGen: 228421K(278528K)->12563K(275456K) Eden: 227272K(227328K)->0K(232448K) From: 1148K(51200K)->12563K(43008K)
[328.536s][info][gc,heap        ] GC(323) ParOldGen: 474724K(475136K)->474756K(475136K)
[328.536s][info][gc,metaspace   ] GC(323) Metaspace: 42550K(42880K)->42550K(42880K) NonClass: 39734K(39936K)->39734K(39936K) Class: 2816K(2944K)->2816K(2944K)
[328.536s][info][gc             ] GC(323) Pause Young (Allocation Failure) 686M->475M(733M) 11.394ms
[328.536s][info][gc,cpu         ] GC(323) User=0.03s Sys=0.00s Real=0.01s
[328.852s][info][gc,start       ] GC(324) Pause Young (Allocation Failure)
[328.867s][info][gc,heap        ] GC(324) PSYoungGen: 245011K(275456K)->1216K(279040K) Eden: 232448K(232448K)->0K(232448K) From: 12563K(43008K)->1216K(46592K)
[328.867s][info][gc,heap        ] GC(324) ParOldGen: 474756K(475136K)->485265K(485376K)
[328.867s][info][gc,metaspace   ] GC(324) Metaspace: 42550K(42880K)->42550K(42880K) NonClass: 39734K(39936K)->39734K(39936K) Class: 2816K(2944K)->2816K(2944K)
[328.867s][info][gc             ] GC(324) Pause Young (Allocation Failure) 702M->475M(746M) 15.292ms
[328.867s][info][gc,cpu         ] GC(324) User=0.02s Sys=0.01s Real=0.01s
[329.195s][info][gc,start       ] GC(325) Pause Young (Allocation Failure)
[329.203s][info][gc,heap        ] GC(325) PSYoungGen: 233016K(279040K)->2744K(283136K) Eden: 231800K(232448K)->0K(241664K) From: 1216K(46592K)->2744K(41472K)
[329.203s][info][gc,heap        ] GC(325) ParOldGen: 485265K(485376K)->486436K(486912K)
[329.203s][info][gc,metaspace   ] GC(325) Metaspace: 42550K(42880K)->42550K(42880K) NonClass: 39734K(39936K)->39734K(39936K) Class: 2816K(2944K)->2816K(2944K)
[329.203s][info][gc             ] GC(325) Pause Young (Allocation Failure) 701M->477M(752M) 7.786ms
[329.203s][info][gc,cpu         ] GC(325) User=0.01s Sys=0.00s Real=0.01s
[329.555s][info][gc,start       ] GC(326) Pause Young (Allocation Failure)
[329.565s][info][gc,heap        ] GC(326) PSYoungGen: 242975K(283136K)->4536K(285696K) Eden: 240230K(241664K)->0K(241664K) From: 2744K(41472K)->4536K(44032K)
[329.565s][info][gc,heap        ] GC(326) ParOldGen: 486436K(486912K)->489180K(489472K)
[329.565s][info][gc,metaspace   ] GC(326) Metaspace: 42550K(42880K)->42550K(42880K) NonClass: 39734K(39936K)->39734K(39936K) Class: 2816K(2944K)->2816K(2944K)
[329.565s][info][gc             ] GC(326) Pause Young (Allocation Failure) 712M->482M(757M) 10.187ms
[329.565s][info][gc,cpu         ] GC(326) User=0.02s Sys=0.00s Real=0.01s
[329.912s][info][gc,start       ] GC(327) Pause Young (Allocation Failure)
[329.926s][info][gc,heap        ] GC(327) PSYoungGen: 245025K(285696K)->3530K(286208K) Eden: 240489K(241664K)->0K(247808K) From: 4536K(44032K)->3530K(38400K)
[329.926s][info][gc,heap        ] GC(327) ParOldGen: 489180K(489472K)->493679K(494080K)
[329.926s][info][gc,metaspace   ] GC(327) Metaspace: 42550K(42880K)->42550K(42880K) NonClass: 39734K(39936K)->39734K(39936K) Class: 2816K(2944K)->2816K(2944K)
[329.926s][info][gc             ] GC(327) Pause Young (Allocation Failure) 716M->485M(762M) 13.362ms
[329.926s][info][gc,cpu         ] GC(327) User=0.03s Sys=0.00s Real=0.01s
[330.301s][info][gc,start       ] GC(328) Pause Young (Allocation Failure)
[330.317s][info][gc,heap        ] GC(328) PSYoungGen: 250478K(286208K)->10067K(288256K) Eden: 246948K(247808K)->0K(247808K) From: 3530K(38400K)->10067K(40448K)
[330.317s][info][gc,heap        ] GC(328) ParOldGen: 493679K(494080K)->497152K(497664K)
[330.317s][info][gc,metaspace   ] GC(328) Metaspace: 42550K(42880K)->42550K(42880K) NonClass: 39734K(39936K)->39734K(39936K) Class: 2816K(2944K)->2816K(2944K)
[330.317s][info][gc             ] GC(328) Pause Young (Allocation Failure) 726M->495M(767M) 16.595ms
[330.317s][info][gc,cpu         ] GC(328) User=0.03s Sys=0.00s Real=0.01s
[330.682s][info][gc,start       ] GC(329) Pause Young (Allocation Failure)
[330.703s][info][gc,heap        ] GC(329) PSYoungGen: 257875K(288256K)->5928K(290304K) Eden: 247808K(247808K)->0K(256000K) From: 10067K(40448K)->5928K(34304K)
[330.703s][info][gc,heap        ] GC(329) ParOldGen: 497152K(497664K)->507355K(507392K)
[330.703s][info][gc,metaspace   ] GC(329) Metaspace: 42550K(42880K)->42550K(42880K) NonClass: 39734K(39936K)->39734K(39936K) Class: 2816K(2944K)->2816K(2944K)
[330.703s][info][gc             ] GC(329) Pause Young (Allocation Failure) 737M->501M(779M) 21.336ms
[330.703s][info][gc,cpu         ] GC(329) User=0.03s Sys=0.01s Real=0.02s
[331.318s][info][gc,start       ] GC(330) Pause Young (Allocation Failure)
[331.338s][info][gc,heap        ] GC(330) PSYoungGen: 261928K(290304K)->12017K(291328K) Eden: 256000K(256000K)->0K(256000K) From: 5928K(34304K)->12017K(35328K)
[331.338s][info][gc,heap        ] GC(330) ParOldGen: 507355K(507392K)->513175K(513536K)
[331.338s][info][gc,metaspace   ] GC(330) Metaspace: 42644K(43008K)->42644K(43008K) NonClass: 39828K(40064K)->39828K(40064K) Class: 2816K(2944K)->2816K(2944K)
[331.338s][info][gc             ] GC(330) Pause Young (Allocation Failure) 751M->512M(786M) 20.028ms
[331.338s][info][gc,cpu         ] GC(330) User=0.03s Sys=0.00s Real=0.02s
[331.947s][info][gc,start       ] GC(331) Pause Young (Allocation Failure)
[331.960s][info][gc,heap        ] GC(331) PSYoungGen: 268017K(291328K)->444K(296960K) Eden: 256000K(256000K)->0K(264704K) From: 12017K(35328K)->444K(32256K)
[331.960s][info][gc,heap        ] GC(331) ParOldGen: 513175K(513536K)->523982K(524288K)
[331.960s][info][gc,metaspace   ] GC(331) Metaspace: 42647K(43008K)->42647K(43008K) NonClass: 39831K(40064K)->39831K(40064K) Class: 2816K(2944K)->2816K(2944K)
[331.960s][info][gc             ] GC(331) Pause Young (Allocation Failure) 762M->512M(802M) 13.785ms
[331.960s][info][gc,cpu         ] GC(331) User=0.02s Sys=0.00s Real=0.02s
[332.588s][info][gc,start       ] GC(332) Pause Young (Allocation Failure)
[332.591s][info][gc,heap        ] GC(332) PSYoungGen: 265148K(296960K)->1728K(297472K) Eden: 264704K(264704K)->0K(264704K) From: 444K(32256K)->1728K(32768K)
[332.591s][info][gc,heap        ] GC(332) ParOldGen: 523982K(524288K)->524159K(524288K)
[332.591s][info][gc,metaspace   ] GC(332) Metaspace: 42647K(43008K)->42647K(43008K) NonClass: 39831K(40064K)->39831K(40064K) Class: 2816K(2944K)->2816K(2944K)
[332.591s][info][gc             ] GC(332) Pause Young (Allocation Failure) 770M->513M(802M) 3.551ms
[332.591s][info][gc,cpu         ] GC(332) User=0.01s Sys=0.00s Real=0.01s
[333.214s][info][gc,start       ] GC(333) Pause Young (Allocation Failure)
[333.220s][info][gc,heap        ] GC(333) PSYoungGen: 266432K(297472K)->4164K(298496K) Eden: 264704K(264704K)->0K(269312K) From: 1728K(32768K)->4164K(29184K)
[333.220s][info][gc,heap        ] GC(333) ParOldGen: 524159K(524288K)->524202K(524288K)
[333.220s][info][gc,metaspace   ] GC(333) Metaspace: 42647K(43008K)->42647K(43008K) NonClass: 39831K(40064K)->39831K(40064K) Class: 2816K(2944K)->2816K(2944K)
[333.220s][info][gc             ] GC(333) Pause Young (Allocation Failure) 772M->515M(803M) 5.762ms
[333.220s][info][gc,cpu         ] GC(333) User=0.02s Sys=0.00s Real=0.01s
[333.885s][info][gc,start       ] GC(334) Pause Young (Allocation Failure)
[333.892s][info][gc,heap        ] GC(334) PSYoungGen: 273476K(298496K)->6962K(299520K) Eden: 269312K(269312K)->0K(269312K) From: 4164K(29184K)->6962K(30208K)
[333.892s][info][gc,heap        ] GC(334) ParOldGen: 524202K(524288K)->524274K(524288K)
[333.892s][info][gc,metaspace   ] GC(334) Metaspace: 42702K(43072K)->42702K(43072K) NonClass: 39886K(40128K)->39886K(40128K) Class: 2816K(2944K)->2816K(2944K)
[333.892s][info][gc             ] GC(334) Pause Young (Allocation Failure) 778M->518M(804M) 6.838ms
[333.892s][info][gc,cpu         ] GC(334) User=0.01s Sys=0.00s Real=0.01s
[334.938s][info][gc,start       ] GC(335) Pause Young (Allocation Failure)
[334.947s][info][gc,heap        ] GC(335) PSYoungGen: 276274K(299520K)->4466K(301568K) Eden: 269312K(269312K)->0K(275456K) From: 6962K(30208K)->4466K(26112K)
[334.947s][info][gc,heap        ] GC(335) ParOldGen: 524274K(524288K)->524394K(524800K)
[334.947s][info][gc,metaspace   ] GC(335) Metaspace: 42714K(43136K)->42714K(43136K) NonClass: 39898K(40192K)->39898K(40192K) Class: 2816K(2944K)->2816K(2944K)
[334.947s][info][gc             ] GC(335) Pause Young (Allocation Failure) 781M->516M(807M) 9.244ms
[334.947s][info][gc,cpu         ] GC(335) User=0.02s Sys=0.00s Real=0.01s
[336.201s][info][gc,start       ] GC(336) Pause Young (Allocation Failure)
[336.224s][info][gc,heap        ] GC(336) PSYoungGen: 279922K(301568K)->19492K(302080K) Eden: 275456K(275456K)->0K(275456K) From: 4466K(26112K)->19492K(26624K)
[336.224s][info][gc,heap        ] GC(336) ParOldGen: 524394K(524800K)->527468K(527872K)
[336.224s][info][gc,metaspace   ] GC(336) Metaspace: 42742K(43136K)->42742K(43136K) NonClass: 39926K(40192K)->39926K(40192K) Class: 2816K(2944K)->2816K(2944K)
[336.224s][info][gc             ] GC(336) Pause Young (Allocation Failure) 785M->534M(810M) 23.432ms
[336.224s][info][gc,cpu         ] GC(336) User=0.04s Sys=0.00s Real=0.02s
[336.947s][info][gc,start       ] GC(337) Pause Young (Allocation Failure)
[337.015s][info][gc,heap        ] GC(337) PSYoungGen: 294948K(302080K)->29164K(278016K) Eden: 275456K(275456K)->0K(248832K) From: 19492K(26624K)->29164K(29184K)
[337.015s][info][gc,heap        ] GC(337) ParOldGen: 527468K(527872K)->548236K(548352K)
[337.015s][info][gc,metaspace   ] GC(337) Metaspace: 42742K(43136K)->42742K(43136K) NonClass: 39926K(40192K)->39926K(40192K) Class: 2816K(2944K)->2816K(2944K)
[337.015s][info][gc             ] GC(337) Pause Young (Allocation Failure) 803M->563M(807M) 68.827ms
[337.015s][info][gc,cpu         ] GC(337) User=0.11s Sys=0.03s Real=0.07s
[337.569s][info][gc,start       ] GC(338) Pause Young (Allocation Failure)
[337.638s][info][gc,heap        ] GC(338) PSYoungGen: 277996K(278016K)->25720K(274944K) Eden: 248832K(248832K)->0K(248832K) From: 29164K(29184K)->25720K(26112K)
[337.638s][info][gc,heap        ] GC(338) ParOldGen: 548236K(548352K)->577580K(578048K)
[337.638s][info][gc,metaspace   ] GC(338) Metaspace: 42743K(43136K)->42743K(43136K) NonClass: 39927K(40192K)->39927K(40192K) Class: 2816K(2944K)->2816K(2944K)
[337.638s][info][gc             ] GC(338) Pause Young (Allocation Failure) 806M->589M(833M) 68.952ms
[337.638s][info][gc,cpu         ] GC(338) User=0.12s Sys=0.02s Real=0.07s
[341.393s][info][gc,start       ] GC(339) Pause Young (Allocation Failure)
[341.466s][info][gc,heap        ] GC(339) PSYoungGen: 274552K(274944K)->23792K(288256K) Eden: 248832K(248832K)->0K(243712K) From: 25720K(26112K)->23792K(44544K)
[341.467s][info][gc,heap        ] GC(339) ParOldGen: 577580K(578048K)->603265K(603648K)
[341.467s][info][gc,metaspace   ] GC(339) Metaspace: 42751K(43136K)->42751K(43136K) NonClass: 39935K(40192K)->39935K(40192K) Class: 2816K(2944K)->2816K(2944K)
[341.467s][info][gc             ] GC(339) Pause Young (Allocation Failure) 832M->612M(871M) 73.119ms
[341.467s][info][gc,cpu         ] GC(339) User=0.10s Sys=0.03s Real=0.07s
[342.331s][info][gc,start       ] GC(340) Pause Young (Allocation Failure)
[342.370s][info][gc,heap        ] GC(340) PSYoungGen: 267504K(288256K)->8224K(252416K) Eden: 243712K(243712K)->0K(243712K) From: 23792K(44544K)->8224K(8704K)
[342.370s][info][gc,heap        ] GC(340) ParOldGen: 603265K(603648K)->627029K(627200K)
[342.370s][info][gc,metaspace   ] GC(340) Metaspace: 42754K(43136K)->42754K(43136K) NonClass: 39938K(40192K)->39938K(40192K) Class: 2816K(2944K)->2816K(2944K)
[342.370s][info][gc             ] GC(340) Pause Young (Allocation Failure) 850M->620M(859M) 39.083ms
[342.370s][info][gc,cpu         ] GC(340) User=0.06s Sys=0.02s Real=0.04s
[343.025s][info][gc,start       ] GC(341) Pause Young (Allocation Failure)
[343.069s][info][gc,heap        ] GC(341) PSYoungGen: 251936K(252416K)->30220K(284160K) Eden: 243712K(243712K)->0K(241152K) From: 8224K(8704K)->30220K(43008K)
[343.069s][info][gc,heap        ] GC(341) ParOldGen: 627029K(627200K)->635126K(635392K)
[343.069s][info][gc,metaspace   ] GC(341) Metaspace: 42754K(43136K)->42754K(43136K) NonClass: 39938K(40192K)->39938K(40192K) Class: 2816K(2944K)->2816K(2944K)
[343.069s][info][gc             ] GC(341) Pause Young (Allocation Failure) 858M->649M(898M) 43.998ms
[343.069s][info][gc,cpu         ] GC(341) User=0.08s Sys=0.01s Real=0.05s
[343.709s][info][gc,start       ] GC(342) Pause Full (Allocation Failure)
[343.709s][info][gc,phases,start] GC(342) Marking Phase
[343.819s][info][gc,phases      ] GC(342) Marking Phase 109.979ms
[343.819s][info][gc,phases,start] GC(342) Summary Phase
[343.819s][info][gc,phases      ] GC(342) Summary Phase 0.033ms
[343.819s][info][gc,phases,start] GC(342) Forward
[343.842s][info][gc,phases      ] GC(342) Forward 22.793ms
[343.842s][info][gc,phases,start] GC(342) Adjust Pointers
[343.906s][info][gc,phases      ] GC(342) Adjust Pointers 64.148ms
[343.906s][info][gc,phases,start] GC(342) Compaction Phase
[343.936s][info][gc,phases      ] GC(342) Compaction Phase 29.764ms
[343.936s][info][gc,phases,start] GC(342) Post Compact
[343.939s][info][gc,phases      ] GC(342) Post Compact 2.665ms
[343.973s][info][gc,heap        ] GC(342) PSYoungGen: 271372K(284160K)->0K(287232K) Eden: 241152K(241152K)->0K(241152K) From: 30220K(43008K)->0K(46080K)
[343.973s][info][gc,heap        ] GC(342) ParOldGen: 635126K(635392K)->112811K(237056K)
[343.973s][info][gc,metaspace   ] GC(342) Metaspace: 42754K(43136K)->42754K(43136K) NonClass: 39938K(40192K)->39938K(40192K) Class: 2816K(2944K)->2816K(2944K)
[343.973s][info][gc             ] GC(342) Pause Full (Allocation Failure) 885M->110M(512M) 264.067ms
[343.973s][info][gc,cpu         ] GC(342) User=0.39s Sys=0.03s Real=0.26s
[345.065s][info][gc,start       ] GC(343) Pause Young (Allocation Failure)
[345.119s][info][gc,heap        ] GC(343) PSYoungGen: 241152K(287232K)->46077K(268288K) Eden: 241152K(241152K)->0K(222208K) From: 0K(46080K)->46077K(46080K)
[345.119s][info][gc,heap        ] GC(343) ParOldGen: 112811K(237056K)->116733K(237056K)
[345.119s][info][gc,metaspace   ] GC(343) Metaspace: 42754K(43136K)->42754K(43136K) NonClass: 39938K(40192K)->39938K(40192K) Class: 2816K(2944K)->2816K(2944K)
[345.119s][info][gc             ] GC(343) Pause Young (Allocation Failure) 345M->158M(493M) 53.496ms
[345.119s][info][gc,cpu         ] GC(343) User=0.10s Sys=0.00s Real=0.05s
[346.652s][info][gc,start       ] GC(344) Pause Young (Allocation Failure)
[346.685s][info][gc,heap        ] GC(344) PSYoungGen: 268285K(268288K)->12837K(278016K) Eden: 222208K(222208K)->0K(222208K) From: 46077K(46080K)->12837K(55808K)
[346.685s][info][gc,heap        ] GC(344) ParOldGen: 116733K(237056K)->142685K(237056K)
[346.685s][info][gc,metaspace   ] GC(344) Metaspace: 42754K(43136K)->42754K(43136K) NonClass: 39938K(40192K)->39938K(40192K) Class: 2816K(2944K)->2816K(2944K)
[346.685s][info][gc             ] GC(344) Pause Young (Allocation Failure) 375M->151M(503M) 32.900ms
[346.685s][info][gc,cpu         ] GC(344) User=0.07s Sys=0.00s Real=0.03s
[348.078s][info][gc,start       ] GC(345) Pause Young (Allocation Failure)
[348.086s][info][gc,heap        ] GC(345) PSYoungGen: 235045K(278016K)->720K(274432K) Eden: 222208K(222208K)->0K(224768K) From: 12837K(55808K)->720K(49664K)
[348.086s][info][gc,heap        ] GC(345) ParOldGen: 142685K(237056K)->153168K(237056K)
[348.086s][info][gc,metaspace   ] GC(345) Metaspace: 42755K(43136K)->42755K(43136K) NonClass: 39939K(40192K)->39939K(40192K) Class: 2816K(2944K)->2816K(2944K)
[348.086s][info][gc             ] GC(345) Pause Young (Allocation Failure) 368M->150M(499M) 7.817ms
[348.086s][info][gc,cpu         ] GC(345) User=0.01s Sys=0.00s Real=0.01s
[349.449s][info][gc,start       ] GC(346) Pause Young (Allocation Failure)
[349.474s][info][gc,heap        ] GC(346) PSYoungGen: 225488K(274432K)->23104K(277504K) Eden: 224768K(224768K)->0K(224768K) From: 720K(49664K)->23104K(52736K)
[349.474s][info][gc,heap        ] GC(346) ParOldGen: 153168K(237056K)->153682K(237056K)
[349.474s][info][gc,metaspace   ] GC(346) Metaspace: 42755K(43136K)->42755K(43136K) NonClass: 39939K(40192K)->39939K(40192K) Class: 2816K(2944K)->2816K(2944K)
[349.474s][info][gc             ] GC(346) Pause Young (Allocation Failure) 369M->172M(502M) 25.078ms
[349.474s][info][gc,cpu         ] GC(346) User=0.05s Sys=0.00s Real=0.03s
[350.919s][info][gc,start       ] GC(347) Pause Young (Allocation Failure)
[350.957s][info][gc,heap        ] GC(347) PSYoungGen: 247872K(277504K)->23369K(276992K) Eden: 224768K(224768K)->0K(229376K) From: 23104K(52736K)->23369K(47616K)
[350.957s][info][gc,heap        ] GC(347) ParOldGen: 153682K(237056K)->173795K(237056K)
[350.957s][info][gc,metaspace   ] GC(347) Metaspace: 42755K(43136K)->42755K(43136K) NonClass: 39939K(40192K)->39939K(40192K) Class: 2816K(2944K)->2816K(2944K)
[350.957s][info][gc             ] GC(347) Pause Young (Allocation Failure) 392M->192M(502M) 37.909ms
[350.957s][info][gc,cpu         ] GC(347) User=0.08s Sys=0.00s Real=0.04s
[352.124s][info][gc,start       ] GC(348) Pause Young (Allocation Failure)
[352.168s][info][gc,heap        ] GC(348) PSYoungGen: 252745K(276992K)->28388K(279552K) Eden: 229376K(229376K)->0K(229376K) From: 23369K(47616K)->28388K(50176K)
[352.168s][info][gc,heap        ] GC(348) ParOldGen: 173795K(237056K)->196541K(237056K)
[352.168s][info][gc,metaspace   ] GC(348) Metaspace: 42755K(43136K)->42755K(43136K) NonClass: 39939K(40192K)->39939K(40192K) Class: 2816K(2944K)->2816K(2944K)
[352.168s][info][gc             ] GC(348) Pause Young (Allocation Failure) 416M->219M(504M) 44.365ms
[352.168s][info][gc,cpu         ] GC(348) User=0.08s Sys=0.00s Real=0.04s
[352.833s][info][gc,start       ] GC(349) Pause Young (Allocation Failure)
[352.886s][info][gc,heap        ] GC(349) PSYoungGen: 257764K(279552K)->28748K(282624K) Eden: 229376K(229376K)->0K(231424K) From: 28388K(50176K)->28748K(51200K)
[352.886s][info][gc,heap        ] GC(349) ParOldGen: 196541K(237056K)->224683K(237056K)
[352.886s][info][gc,metaspace   ] GC(349) Metaspace: 42755K(43136K)->42755K(43136K) NonClass: 39939K(40192K)->39939K(40192K) Class: 2816K(2944K)->2816K(2944K)
[352.886s][info][gc             ] GC(349) Pause Young (Allocation Failure) 443M->247M(507M) 52.916ms
[352.886s][info][gc,cpu         ] GC(349) User=0.10s Sys=0.00s Real=0.05s
[353.464s][info][gc,start       ] GC(350) Pause Young (Allocation Failure)
[353.529s][info][gc,heap        ] GC(350) PSYoungGen: 260172K(282624K)->26296K(258048K) Eden: 231424K(231424K)->0K(231424K) From: 28748K(51200K)->26296K(26624K)
[353.529s][info][gc,heap        ] GC(350) ParOldGen: 224683K(237056K)->253627K(253952K)
[353.529s][info][gc,metaspace   ] GC(350) Metaspace: 42755K(43136K)->42755K(43136K) NonClass: 39939K(40192K)->39939K(40192K) Class: 2816K(2944K)->2816K(2944K)
[353.529s][info][gc             ] GC(350) Pause Young (Allocation Failure) 473M->273M(500M) 64.896ms
[353.529s][info][gc,cpu         ] GC(350) User=0.11s Sys=0.02s Real=0.07s
[354.732s][info][gc,start       ] GC(351) Pause Young (Allocation Failure)
[354.823s][info][gc,heap        ] GC(351) PSYoungGen: 257720K(258048K)->48740K(268800K) Eden: 231424K(231424K)->0K(218112K) From: 26296K(26624K)->48740K(50688K)
[354.823s][info][gc,heap        ] GC(351) ParOldGen: 253627K(253952K)->279940K(280064K)
[354.823s][info][gc,metaspace   ] GC(351) Metaspace: 42755K(43136K)->42755K(43136K) NonClass: 39939K(40192K)->39939K(40192K) Class: 2816K(2944K)->2816K(2944K)
[354.823s][info][gc             ] GC(351) Pause Young (Allocation Failure) 499M->320M(536M) 91.043ms
[354.823s][info][gc,cpu         ] GC(351) User=0.16s Sys=0.03s Real=0.09s
[356.110s][info][gc,start       ] GC(352) Pause Young (Allocation Failure)
[356.144s][info][gc,heap        ] GC(352) PSYoungGen: 266852K(268800K)->7316K(275968K) Eden: 218112K(218112K)->0K(218112K) From: 48740K(50688K)->7316K(57856K)
[356.144s][info][gc,heap        ] GC(352) ParOldGen: 279940K(280064K)->303516K(303616K)
[356.144s][info][gc,metaspace   ] GC(352) Metaspace: 42755K(43136K)->42755K(43136K) NonClass: 39939K(40192K)->39939K(40192K) Class: 2816K(2944K)->2816K(2944K)
[356.144s][info][gc             ] GC(352) Pause Young (Allocation Failure) 533M->303M(566M) 33.898ms
[356.144s][info][gc,cpu         ] GC(352) User=0.04s Sys=0.02s Real=0.03s
[357.375s][info][gc,start       ] GC(353) Pause Young (Allocation Failure)
[357.383s][info][gc,heap        ] GC(353) PSYoungGen: 225428K(275968K)->933K(275456K) Eden: 218112K(218112K)->0K(218624K) From: 7316K(57856K)->933K(56832K)
[357.383s][info][gc,heap        ] GC(353) ParOldGen: 303516K(303616K)->309558K(309760K)
[357.383s][info][gc,metaspace   ] GC(353) Metaspace: 42755K(43136K)->42755K(43136K) NonClass: 39939K(40192K)->39939K(40192K) Class: 2816K(2944K)->2816K(2944K)
[357.383s][info][gc             ] GC(353) Pause Young (Allocation Failure) 516M->303M(571M) 8.820ms
[357.383s][info][gc,cpu         ] GC(353) User=0.01s Sys=0.01s Real=0.01s
[358.642s][info][gc,start       ] GC(354) Pause Young (Allocation Failure)
[358.666s][info][gc,heap        ] GC(354) PSYoungGen: 219557K(275456K)->21657K(240640K) Eden: 218624K(218624K)->0K(218624K) From: 933K(56832K)->21657K(22016K)
[358.666s][info][gc,heap        ] GC(354) ParOldGen: 309558K(309760K)->309957K(310272K)
[358.666s][info][gc,metaspace   ] GC(354) Metaspace: 42755K(43136K)->42755K(43136K) NonClass: 39939K(40192K)->39939K(40192K) Class: 2816K(2944K)->2816K(2944K)
[358.666s][info][gc             ] GC(354) Pause Young (Allocation Failure) 516M->323M(538M) 23.999ms
[358.666s][info][gc,cpu         ] GC(354) User=0.05s Sys=0.00s Real=0.02s
[360.001s][info][gc,start       ] GC(355) Pause Young (Allocation Failure)
[360.049s][info][gc,heap        ] GC(355) PSYoungGen: 240281K(240640K)->21132K(276992K) Eden: 218624K(218624K)->0K(222720K) From: 21657K(22016K)->21132K(54272K)
[360.049s][info][gc,heap        ] GC(355) ParOldGen: 309957K(310272K)->331263K(331264K)
[360.049s][info][gc,metaspace   ] GC(355) Metaspace: 42755K(43136K)->42755K(43136K) NonClass: 39939K(40192K)->39939K(40192K) Class: 2816K(2944K)->2816K(2944K)
[360.049s][info][gc             ] GC(355) Pause Young (Allocation Failure) 537M->344M(594M) 48.273ms
[360.049s][info][gc,cpu         ] GC(355) User=0.08s Sys=0.02s Real=0.04s
[361.283s][info][gc,start       ] GC(356) Pause Young (Allocation Failure)
[361.332s][info][gc,heap        ] GC(356) PSYoungGen: 243852K(276992K)->26032K(273920K) Eden: 222720K(222720K)->0K(222720K) From: 21132K(54272K)->26032K(51200K)
[361.332s][info][gc,heap        ] GC(356) ParOldGen: 331263K(331264K)->352441K(352768K)
[361.332s][info][gc,metaspace   ] GC(356) Metaspace: 42755K(43136K)->42755K(43136K) NonClass: 39939K(40192K)->39939K(40192K) Class: 2816K(2944K)->2816K(2944K)
[361.332s][info][gc             ] GC(356) Pause Young (Allocation Failure) 561M->369M(612M) 48.760ms
[361.332s][info][gc,cpu         ] GC(356) User=0.08s Sys=0.02s Real=0.05s
[362.234s][info][gc,start       ] GC(357) Pause Young (Allocation Failure)
[362.267s][info][gc,heap        ] GC(357) PSYoungGen: 248752K(273920K)->13311K(280064K) Eden: 222720K(222720K)->0K(229888K) From: 26032K(51200K)->13311K(50176K)
[362.267s][info][gc,heap        ] GC(357) ParOldGen: 352441K(352768K)->370595K(370688K)
[362.267s][info][gc,metaspace   ] GC(357) Metaspace: 42755K(43136K)->42755K(43136K) NonClass: 39939K(40192K)->39939K(40192K) Class: 2816K(2944K)->2816K(2944K)
[362.267s][info][gc             ] GC(357) Pause Young (Allocation Failure) 587M->374M(635M) 32.550ms
[362.267s][info][gc,cpu         ] GC(357) User=0.05s Sys=0.01s Real=0.03s
[363.215s][info][gc,start       ] GC(358) Pause Young (Allocation Failure)
[363.221s][info][gc,heap        ] GC(358) PSYoungGen: 243199K(280064K)->5610K(278528K) Eden: 229888K(229888K)->0K(229888K) From: 13311K(50176K)->5610K(48640K)
[363.221s][info][gc,heap        ] GC(358) ParOldGen: 370595K(370688K)->371323K(371712K)
[363.221s][info][gc,metaspace   ] GC(358) Metaspace: 42755K(43136K)->42755K(43136K) NonClass: 39939K(40192K)->39939K(40192K) Class: 2816K(2944K)->2816K(2944K)
[363.222s][info][gc             ] GC(358) Pause Young (Allocation Failure) 599M->368M(635M) 6.520ms
[363.222s][info][gc,cpu         ] GC(358) User=0.01s Sys=0.00s Real=0.01s
[364.172s][info][gc,start       ] GC(359) Pause Young (Allocation Failure)
[364.180s][info][gc,heap        ] GC(359) PSYoungGen: 235498K(278528K)->6580K(283648K) Eden: 229888K(229888K)->0K(235520K) From: 5610K(48640K)->6580K(48128K)
[364.180s][info][gc,heap        ] GC(359) ParOldGen: 371323K(371712K)->372483K(372736K)
[364.180s][info][gc,metaspace   ] GC(359) Metaspace: 42755K(43136K)->42755K(43136K) NonClass: 39939K(40192K)->39939K(40192K) Class: 2816K(2944K)->2816K(2944K)
[364.181s][info][gc             ] GC(359) Pause Young (Allocation Failure) 592M->370M(641M) 8.074ms
[364.181s][info][gc,cpu         ] GC(359) User=0.01s Sys=0.00s Real=0.01s
[364.971s][info][gc,start       ] GC(360) Pause Young (Allocation Failure)
[364.980s][info][gc,heap        ] GC(360) PSYoungGen: 242100K(283648K)->9273K(283136K) Eden: 235520K(235520K)->0K(235520K) From: 6580K(48128K)->9273K(47616K)
[364.981s][info][gc,heap        ] GC(360) ParOldGen: 372483K(372736K)->373675K(373760K)
[364.981s][info][gc,metaspace   ] GC(360) Metaspace: 42755K(43136K)->42755K(43136K) NonClass: 39939K(40192K)->39939K(40192K) Class: 2816K(2944K)->2816K(2944K)
[364.981s][info][gc             ] GC(360) Pause Young (Allocation Failure) 600M->373M(641M) 10.005ms
[364.981s][info][gc,cpu         ] GC(360) User=0.02s Sys=0.00s Real=0.01s
[365.910s][info][gc,start       ] GC(361) Pause Young (Allocation Failure)
[365.923s][info][gc,heap        ] GC(361) PSYoungGen: 244793K(283136K)->14777K(283648K) Eden: 235520K(235520K)->0K(240640K) From: 9273K(47616K)->14777K(43008K)
[365.923s][info][gc,heap        ] GC(361) ParOldGen: 373675K(373760K)->374667K(374784K)
[365.923s][info][gc,metaspace   ] GC(361) Metaspace: 42756K(43136K)->42756K(43136K) NonClass: 39939K(40192K)->39939K(40192K) Class: 2816K(2944K)->2816K(2944K)
[365.923s][info][gc             ] GC(361) Pause Young (Allocation Failure) 603M->380M(643M) 12.812ms
[365.923s][info][gc,cpu         ] GC(361) User=0.02s Sys=0.00s Real=0.01s
[366.974s][info][gc,start       ] GC(362) Pause Young (Allocation Failure)
[367.006s][info][gc,heap        ] GC(362) PSYoungGen: 255417K(283648K)->18025K(283648K) Eden: 240640K(240640K)->0K(240640K) From: 14777K(43008K)->18025K(43008K)
[367.006s][info][gc,heap        ] GC(362) ParOldGen: 374667K(374784K)->380569K(380928K)
[367.006s][info][gc,metaspace   ] GC(362) Metaspace: 42756K(43136K)->42756K(43136K) NonClass: 39940K(40192K)->39940K(40192K) Class: 2816K(2944K)->2816K(2944K)
[367.006s][info][gc             ] GC(362) Pause Young (Allocation Failure) 615M->389M(649M) 32.205ms
[367.006s][info][gc,cpu         ] GC(362) User=0.06s Sys=0.00s Real=0.03s
[367.975s][info][gc,start       ] GC(363) Pause Young (Allocation Failure)
[368.002s][info][gc,heap        ] GC(363) PSYoungGen: 258665K(283648K)->8840K(289792K) Eden: 240640K(240640K)->0K(248832K) From: 18025K(43008K)->8840K(40960K)
[368.002s][info][gc,heap        ] GC(363) ParOldGen: 380569K(380928K)->394825K(395264K)
[368.002s][info][gc,metaspace   ] GC(363) Metaspace: 42756K(43136K)->42756K(43136K) NonClass: 39940K(40192K)->39940K(40192K) Class: 2816K(2944K)->2816K(2944K)
[368.002s][info][gc             ] GC(363) Pause Young (Allocation Failure) 624M->394M(669M) 27.659ms
[368.002s][info][gc,cpu         ] GC(363) User=0.05s Sys=0.01s Real=0.03s
[369.037s][info][gc,start       ] GC(364) Pause Young (Allocation Failure)
[369.060s][info][gc,heap        ] GC(364) PSYoungGen: 257672K(289792K)->14905K(288768K) Eden: 248832K(248832K)->0K(248832K) From: 8840K(40960K)->14905K(39936K)
[369.060s][info][gc,heap        ] GC(364) ParOldGen: 394825K(395264K)->400978K(401408K)
[369.060s][info][gc,metaspace   ] GC(364) Metaspace: 42756K(43136K)->42756K(43136K) NonClass: 39940K(40192K)->39940K(40192K) Class: 2816K(2944K)->2816K(2944K)
[369.060s][info][gc             ] GC(364) Pause Young (Allocation Failure) 637M->406M(674M) 23.689ms
[369.060s][info][gc,cpu         ] GC(364) User=0.04s Sys=0.00s Real=0.03s
[369.997s][info][gc,start       ] GC(365) Pause Young (Allocation Failure)
[370.005s][info][gc,heap        ] GC(365) PSYoungGen: 263737K(288768K)->7477K(291840K) Eden: 248832K(248832K)->0K(253952K) From: 14905K(39936K)->7477K(37888K)
[370.005s][info][gc,heap        ] GC(365) ParOldGen: 400978K(401408K)->402002K(402432K)
[370.005s][info][gc,metaspace   ] GC(365) Metaspace: 42756K(43136K)->42756K(43136K) NonClass: 39940K(40192K)->39940K(40192K) Class: 2816K(2944K)->2816K(2944K)
[370.005s][info][gc             ] GC(365) Pause Young (Allocation Failure) 649M->399M(678M) 8.696ms
[370.005s][info][gc,cpu         ] GC(365) User=0.01s Sys=0.00s Real=0.01s
[371.018s][info][gc,start       ] GC(366) Pause Young (Allocation Failure)
[371.023s][info][gc,heap        ] GC(366) PSYoungGen: 261429K(291840K)->4442K(290816K) Eden: 253952K(253952K)->0K(253952K) From: 7477K(37888K)->4442K(36864K)
[371.023s][info][gc,heap        ] GC(366) ParOldGen: 402002K(402432K)->402974K(403456K)
[371.023s][info][gc,metaspace   ] GC(366) Metaspace: 42756K(43136K)->42756K(43136K) NonClass: 39940K(40192K)->39940K(40192K) Class: 2816K(2944K)->2816K(2944K)
[371.023s][info][gc             ] GC(366) Pause Young (Allocation Failure) 647M->397M(678M) 5.824ms
[371.023s][info][gc,cpu         ] GC(366) User=0.01s Sys=0.00s Real=0.01s
[372.032s][info][gc,start       ] GC(367) Pause Young (Allocation Failure)
[372.093s][info][gc,heap        ] GC(367) PSYoungGen: 258394K(290816K)->36329K(276992K) Eden: 253952K(253952K)->0K(240640K) From: 4442K(36864K)->36329K(36352K)
[372.093s][info][gc,heap        ] GC(367) ParOldGen: 402974K(403456K)->413621K(413696K)
[372.093s][info][gc,metaspace   ] GC(367) Metaspace: 42756K(43136K)->42756K(43136K) NonClass: 39940K(40192K)->39940K(40192K) Class: 2816K(2944K)->2816K(2944K)
[372.093s][info][gc             ] GC(367) Pause Young (Allocation Failure) 645M->439M(674M) 61.241ms
[372.093s][info][gc,cpu         ] GC(367) User=0.10s Sys=0.02s Real=0.06s
[373.393s][info][gc,start       ] GC(368) Pause Young (Allocation Failure)
[373.450s][info][gc,heap        ] GC(368) PSYoungGen: 276969K(276992K)->20603K(287232K) Eden: 240640K(240640K)->0K(240640K) From: 36329K(36352K)->20603K(46592K)
[373.450s][info][gc,heap        ] GC(368) ParOldGen: 413621K(413696K)->433658K(433664K)
[373.450s][info][gc,metaspace   ] GC(368) Metaspace: 42756K(43136K)->42756K(43136K) NonClass: 39940K(40192K)->39940K(40192K) Class: 2816K(2944K)->2816K(2944K)
[373.450s][info][gc             ] GC(368) Pause Young (Allocation Failure) 674M->443M(704M) 56.483ms
[373.450s][info][gc,cpu         ] GC(368) User=0.09s Sys=0.02s Real=0.06s
[374.468s][info][gc,start       ] GC(369) Pause Young (Allocation Failure)
[374.524s][info][gc,heap        ] GC(369) PSYoungGen: 261243K(287232K)->16243K(280576K) Eden: 240640K(240640K)->0K(242176K) From: 20603K(46592K)->16243K(38400K)
[374.524s][info][gc,heap        ] GC(369) ParOldGen: 433658K(433664K)->454112K(454144K)
[374.524s][info][gc,metaspace   ] GC(369) Metaspace: 42756K(43136K)->42756K(43136K) NonClass: 39940K(40192K)->39940K(40192K) Class: 2816K(2944K)->2816K(2944K)
[374.524s][info][gc             ] GC(369) Pause Young (Allocation Failure) 678M->459M(717M) 56.199ms
[374.524s][info][gc,cpu         ] GC(369) User=0.10s Sys=0.02s Real=0.06s
[375.392s][info][gc,start       ] GC(370) Pause Young (Allocation Failure)
[375.413s][info][gc,heap        ] GC(370) PSYoungGen: 258419K(280576K)->21256K(284672K) Eden: 242176K(242176K)->0K(242176K) From: 16243K(38400K)->21256K(42496K)
[375.413s][info][gc,heap        ] GC(370) ParOldGen: 454112K(454144K)->457015K(457216K)
[375.413s][info][gc,metaspace   ] GC(370) Metaspace: 42756K(43136K)->42756K(43136K) NonClass: 39940K(40192K)->39940K(40192K) Class: 2816K(2944K)->2816K(2944K)
[375.414s][info][gc             ] GC(370) Pause Young (Allocation Failure) 695M->467M(724M) 21.395ms
[375.414s][info][gc,cpu         ] GC(370) User=0.04s Sys=0.00s Real=0.02s
[376.303s][info][gc,start       ] GC(371) Pause Young (Allocation Failure)
[376.317s][info][gc,heap        ] GC(371) PSYoungGen: 263432K(284672K)->1387K(291328K) Eden: 242176K(242176K)->0K(249856K) From: 21256K(42496K)->1387K(41472K)
[376.317s][info][gc,heap        ] GC(371) ParOldGen: 457015K(457216K)->467413K(467456K)
[376.317s][info][gc,metaspace   ] GC(371) Metaspace: 42756K(43136K)->42756K(43136K) NonClass: 39940K(40192K)->39940K(40192K) Class: 2816K(2944K)->2816K(2944K)
[376.318s][info][gc             ] GC(371) Pause Young (Allocation Failure) 703M->457M(741M) 14.427ms
[376.318s][info][gc,cpu         ] GC(371) User=0.02s Sys=0.00s Real=0.01s
[377.258s][info][gc,start       ] GC(372) Pause Young (Allocation Failure)
[377.294s][info][gc,heap        ] GC(372) PSYoungGen: 251243K(291328K)->41980K(291840K) Eden: 249856K(249856K)->0K(249856K) From: 1387K(41472K)->41980K(41984K)
[377.294s][info][gc,heap        ] GC(372) ParOldGen: 467413K(467456K)->472187K(472576K)
[377.294s][info][gc,metaspace   ] GC(372) Metaspace: 42756K(43136K)->42756K(43136K) NonClass: 39940K(40192K)->39940K(40192K) Class: 2816K(2944K)->2816K(2944K)
[377.294s][info][gc             ] GC(372) Pause Young (Allocation Failure) 701M->502M(746M) 36.178ms
[377.294s][info][gc,cpu         ] GC(372) User=0.07s Sys=0.00s Real=0.04s
[378.283s][info][gc,start       ] GC(373) Pause Young (Allocation Failure)
[378.316s][info][gc,heap        ] GC(373) PSYoungGen: 291836K(291840K)->11347K(278528K) Eden: 249856K(249856K)->0K(236544K) From: 41980K(41984K)->11347K(41984K)
[378.316s][info][gc,heap        ] GC(373) ParOldGen: 472187K(472576K)->494837K(495104K)
[378.316s][info][gc,metaspace   ] GC(373) Metaspace: 42756K(43136K)->42756K(43136K) NonClass: 39940K(40192K)->39940K(40192K) Class: 2816K(2944K)->2816K(2944K)
[378.316s][info][gc             ] GC(373) Pause Young (Allocation Failure) 746M->494M(755M) 33.152ms
[378.316s][info][gc,cpu         ] GC(373) User=0.05s Sys=0.02s Real=0.03s
[379.261s][info][gc,start       ] GC(374) Pause Young (Allocation Failure)
[379.304s][info][gc,heap        ] GC(374) PSYoungGen: 247891K(278528K)->48639K(285184K) Eden: 236544K(236544K)->0K(236544K) From: 11347K(41984K)->48639K(48640K)
[379.304s][info][gc,heap        ] GC(374) ParOldGen: 494837K(495104K)->502695K(502784K)
[379.304s][info][gc,metaspace   ] GC(374) Metaspace: 42756K(43136K)->42756K(43136K) NonClass: 39940K(40192K)->39940K(40192K) Class: 2816K(2944K)->2816K(2944K)
[379.304s][info][gc             ] GC(374) Pause Young (Allocation Failure) 725M->538M(769M) 42.526ms
[379.304s][info][gc,cpu         ] GC(374) User=0.08s Sys=0.00s Real=0.04s
[380.306s][info][gc,start       ] GC(375) Pause Young (Allocation Failure)
[380.455s][info][gc,heap        ] GC(375) PSYoungGen: 285183K(285184K)->48612K(180736K) Eden: 236544K(236544K)->0K(132096K) From: 48639K(48640K)->48612K(48640K)
[380.455s][info][gc,heap        ] GC(375) ParOldGen: 502695K(502784K)->597116K(597504K)
[380.455s][info][gc,metaspace   ] GC(375) Metaspace: 42756K(43136K)->42756K(43136K) NonClass: 39940K(40192K)->39940K(40192K) Class: 2816K(2944K)->2816K(2944K)
[380.455s][info][gc             ] GC(375) Pause Young (Allocation Failure) 769M->630M(760M) 149.235ms
[380.455s][info][gc,cpu         ] GC(375) User=0.21s Sys=0.09s Real=0.15s
[380.965s][info][gc,start       ] GC(376) Pause Young (Allocation Failure)
[381.034s][info][gc,heap        ] GC(376) PSYoungGen: 180708K(180736K)->5199K(232960K) Eden: 132096K(132096K)->0K(132096K) From: 48612K(48640K)->5199K(100864K)
[381.034s][info][gc,heap        ] GC(376) ParOldGen: 597116K(597504K)->643739K(644096K)
[381.034s][info][gc,metaspace   ] GC(376) Metaspace: 42756K(43136K)->42756K(43136K) NonClass: 39940K(40192K)->39940K(40192K) Class: 2816K(2944K)->2816K(2944K)
[381.034s][info][gc             ] GC(376) Pause Young (Allocation Failure) 759M->633M(856M) 69.683ms
[381.034s][info][gc,cpu         ] GC(376) User=0.11s Sys=0.03s Real=0.07s
[381.531s][info][gc,start       ] GC(377) Pause Full (Allocation Failure)
[381.531s][info][gc,phases,start] GC(377) Marking Phase
[381.603s][info][gc,phases      ] GC(377) Marking Phase 71.875ms
[381.603s][info][gc,phases,start] GC(377) Summary Phase
[381.603s][info][gc,phases      ] GC(377) Summary Phase 0.036ms
[381.603s][info][gc,phases,start] GC(377) Forward
[381.617s][info][gc,phases      ] GC(377) Forward 14.059ms
[381.618s][info][gc,phases,start] GC(377) Adjust Pointers
[381.658s][info][gc,phases      ] GC(377) Adjust Pointers 40.695ms
[381.658s][info][gc,phases,start] GC(377) Compaction Phase
[381.677s][info][gc,phases      ] GC(377) Compaction Phase 18.717ms
[381.677s][info][gc,phases,start] GC(377) Post Compact
[381.680s][info][gc,phases      ] GC(377) Post Compact 2.481ms
[381.712s][info][gc,heap        ] GC(377) PSYoungGen: 137295K(232960K)->0K(231424K) Eden: 132096K(132096K)->0K(133632K) From: 5199K(100864K)->0K(97792K)
[381.712s][info][gc,heap        ] GC(377) ParOldGen: 643739K(644096K)->98887K(256000K)
[381.712s][info][gc,metaspace   ] GC(377) Metaspace: 42756K(43136K)->42756K(43136K) NonClass: 39940K(40192K)->39940K(40192K) Class: 2816K(2944K)->2816K(2944K)
[381.712s][info][gc             ] GC(377) Pause Full (Allocation Failure) 762M->96M(476M) 181.024ms
[381.712s][info][gc,cpu         ] GC(377) User=0.24s Sys=0.04s Real=0.18s
[382.253s][info][gc,start       ] GC(378) Pause Young (Allocation Failure)
[382.269s][info][gc,heap        ] GC(378) PSYoungGen: 133632K(231424K)->19227K(153088K) Eden: 133632K(133632K)->0K(133632K) From: 0K(97792K)->19227K(19456K)
[382.269s][info][gc,heap        ] GC(378) ParOldGen: 98887K(256000K)->98887K(256000K)
[382.269s][info][gc,metaspace   ] GC(378) Metaspace: 42756K(43136K)->42756K(43136K) NonClass: 39940K(40192K)->39940K(40192K) Class: 2816K(2944K)->2816K(2944K)
[382.269s][info][gc             ] GC(378) Pause Young (Allocation Failure) 227M->115M(399M) 15.778ms
[382.269s][info][gc,cpu         ] GC(378) User=0.03s Sys=0.00s Real=0.01s
[382.823s][info][gc,start       ] GC(379) Pause Young (Allocation Failure)
[382.842s][info][gc,heap        ] GC(379) PSYoungGen: 152859K(153088K)->21375K(236544K) Eden: 133632K(133632K)->0K(141824K) From: 19227K(19456K)->21375K(94720K)
[382.842s][info][gc,heap        ] GC(379) ParOldGen: 98887K(256000K)->106139K(256000K)
[382.842s][info][gc,metaspace   ] GC(379) Metaspace: 42756K(43136K)->42756K(43136K) NonClass: 39940K(40192K)->39940K(40192K) Class: 2816K(2944K)->2816K(2944K)
[382.842s][info][gc             ] GC(379) Pause Young (Allocation Failure) 245M->124M(481M) 19.155ms
[382.842s][info][gc,cpu         ] GC(379) User=0.04s Sys=0.00s Real=0.02s
[383.349s][info][gc,start       ] GC(380) Pause Young (Allocation Failure)
[383.357s][info][gc,heap        ] GC(380) PSYoungGen: 163199K(236544K)->12299K(231424K) Eden: 141824K(141824K)->0K(141824K) From: 21375K(94720K)->12299K(89600K)
[383.357s][info][gc,heap        ] GC(380) ParOldGen: 106139K(256000K)->106625K(256000K)
[383.357s][info][gc,metaspace   ] GC(380) Metaspace: 42756K(43136K)->42756K(43136K) NonClass: 39940K(40192K)->39940K(40192K) Class: 2816K(2944K)->2816K(2944K)
[383.357s][info][gc             ] GC(380) Pause Young (Allocation Failure) 263M->116M(476M) 8.907ms
[383.357s][info][gc,cpu         ] GC(380) User=0.01s Sys=0.00s Real=0.01s
[383.912s][info][gc,start       ] GC(381) Pause Young (Allocation Failure)
[383.919s][info][gc,heap        ] GC(381) PSYoungGen: 154123K(231424K)->7362K(238592K) Eden: 141824K(141824K)->0K(152064K) From: 12299K(89600K)->7362K(86528K)
[383.919s][info][gc,heap        ] GC(381) ParOldGen: 106625K(256000K)->107338K(256000K)
[383.919s][info][gc,metaspace   ] GC(381) Metaspace: 42756K(43136K)->42756K(43136K) NonClass: 39940K(40192K)->39940K(40192K) Class: 2816K(2944K)->2816K(2944K)
[383.919s][info][gc             ] GC(381) Pause Young (Allocation Failure) 254M->112M(483M) 6.556ms
[383.919s][info][gc,cpu         ] GC(381) User=0.01s Sys=0.00s Real=0.00s
[384.504s][info][gc,start       ] GC(382) Pause Young (Allocation Failure)
[384.526s][info][gc,heap        ] GC(382) PSYoungGen: 159426K(238592K)->32107K(236032K) Eden: 152064K(152064K)->0K(152064K) From: 7362K(86528K)->32107K(83968K)
[384.526s][info][gc,heap        ] GC(382) ParOldGen: 107338K(256000K)->107713K(256000K)
[384.526s][info][gc,metaspace   ] GC(382) Metaspace: 42756K(43136K)->42756K(43136K) NonClass: 39940K(40192K)->39940K(40192K) Class: 2816K(2944K)->2816K(2944K)
[384.526s][info][gc             ] GC(382) Pause Young (Allocation Failure) 260M->136M(480M) 21.579ms
[384.526s][info][gc,cpu         ] GC(382) User=0.04s Sys=0.01s Real=0.02s
[385.077s][info][gc,start       ] GC(383) Pause Young (Allocation Failure)
[385.084s][info][gc,heap        ] GC(383) PSYoungGen: 184171K(236032K)->8696K(245760K) Eden: 152064K(152064K)->0K(165376K) From: 32107K(83968K)->8696K(80384K)
[385.084s][info][gc,heap        ] GC(383) ParOldGen: 107713K(256000K)->108080K(256000K)
[385.084s][info][gc,metaspace   ] GC(383) Metaspace: 42756K(43136K)->42756K(43136K) NonClass: 39940K(40192K)->39940K(40192K) Class: 2816K(2944K)->2816K(2944K)
[385.084s][info][gc             ] GC(383) Pause Young (Allocation Failure) 285M->114M(490M) 6.971ms
[385.084s][info][gc,cpu         ] GC(383) User=0.01s Sys=0.00s Real=0.01s
[385.616s][info][gc,start       ] GC(384) Pause Young (Allocation Failure)
[385.631s][info][gc,heap        ] GC(384) PSYoungGen: 174072K(245760K)->19010K(243712K) Eden: 165376K(165376K)->0K(165376K) From: 8696K(80384K)->19010K(78336K)
[385.631s][info][gc,heap        ] GC(384) ParOldGen: 108080K(256000K)->111995K(256000K)
[385.631s][info][gc,metaspace   ] GC(384) Metaspace: 42756K(43136K)->42756K(43136K) NonClass: 39940K(40192K)->39940K(40192K) Class: 2816K(2944K)->2816K(2944K)
[385.631s][info][gc             ] GC(384) Pause Young (Allocation Failure) 275M->127M(488M) 14.908ms
[385.631s][info][gc,cpu         ] GC(384) User=0.03s Sys=0.00s Real=0.02s
[386.199s][info][gc,start       ] GC(385) Pause Young (Allocation Failure)
[386.209s][info][gc,heap        ] GC(385) PSYoungGen: 184386K(243712K)->684K(249856K) Eden: 165376K(165376K)->0K(176128K) From: 19010K(78336K)->684K(73728K)
[386.209s][info][gc,heap        ] GC(385) ParOldGen: 111995K(256000K)->130041K(256000K)
[386.209s][info][gc,metaspace   ] GC(385) Metaspace: 42756K(43136K)->42756K(43136K) NonClass: 39940K(40192K)->39940K(40192K) Class: 2816K(2944K)->2816K(2944K)
[386.209s][info][gc             ] GC(385) Pause Young (Allocation Failure) 289M->127M(494M) 10.938ms
[386.209s][info][gc,cpu         ] GC(385) User=0.02s Sys=0.00s Real=0.02s
[386.770s][info][gc,start       ] GC(386) Pause Young (Allocation Failure)
[386.773s][info][gc,heap        ] GC(386) PSYoungGen: 176812K(249856K)->1219K(248832K) Eden: 176128K(176128K)->0K(176128K) From: 684K(73728K)->1219K(72704K)
[386.773s][info][gc,heap        ] GC(386) ParOldGen: 130041K(256000K)->130144K(256000K)
[386.773s][info][gc,metaspace   ] GC(386) Metaspace: 42756K(43136K)->42756K(43136K) NonClass: 39940K(40192K)->39940K(40192K) Class: 2816K(2944K)->2816K(2944K)
[386.773s][info][gc             ] GC(386) Pause Young (Allocation Failure) 299M->128M(493M) 2.330ms
[386.773s][info][gc,cpu         ] GC(386) User=0.00s Sys=0.00s Real=0.00s
[387.188s][info][gc,start       ] GC(387) Pause Young (Allocation Failure)
[387.193s][info][gc,heap        ] GC(387) PSYoungGen: 177347K(248832K)->5052K(258560K) Eden: 176128K(176128K)->0K(189952K) From: 1219K(72704K)->5052K(68608K)
[387.193s][info][gc,heap        ] GC(387) ParOldGen: 130144K(256000K)->130624K(256000K)
[387.193s][info][gc,metaspace   ] GC(387) Metaspace: 42756K(43136K)->42756K(43136K) NonClass: 39940K(40192K)->39940K(40192K) Class: 2816K(2944K)->2816K(2944K)
[387.193s][info][gc             ] GC(387) Pause Young (Allocation Failure) 300M->132M(502M) 5.410ms
[387.193s][info][gc,cpu         ] GC(387) User=0.01s Sys=0.00s Real=0.01s
[387.523s][info][gc,start       ] GC(388) Pause Young (Allocation Failure)
[387.528s][info][gc,heap        ] GC(388) PSYoungGen: 195004K(258560K)->2606K(258560K) Eden: 189952K(189952K)->0K(189952K) From: 5052K(68608K)->2606K(68608K)
[387.528s][info][gc,heap        ] GC(388) ParOldGen: 130624K(256000K)->132364K(256000K)
[387.528s][info][gc,metaspace   ] GC(388) Metaspace: 42756K(43136K)->42756K(43136K) NonClass: 39940K(40192K)->39940K(40192K) Class: 2816K(2944K)->2816K(2944K)
[387.528s][info][gc             ] GC(388) Pause Young (Allocation Failure) 317M->131M(502M) 4.152ms
[387.528s][info][gc,cpu         ] GC(388) User=0.01s Sys=0.00s Real=0.00s
[387.924s][info][gc,start       ] GC(389) Pause Young (Allocation Failure)
[387.932s][info][gc,heap        ] GC(389) PSYoungGen: 191945K(258560K)->10476K(259584K) Eden: 189338K(189952K)->0K(199168K) From: 2606K(68608K)->10476K(60416K)
[387.932s][info][gc,heap        ] GC(389) ParOldGen: 132364K(256000K)->132616K(256000K)
[387.932s][info][gc,metaspace   ] GC(389) Metaspace: 42756K(43136K)->42756K(43136K) NonClass: 39940K(40192K)->39940K(40192K) Class: 2816K(2944K)->2816K(2944K)
[387.932s][info][gc             ] GC(389) Pause Young (Allocation Failure) 316M->139M(503M) 7.915ms
[387.932s][info][gc,cpu         ] GC(389) User=0.01s Sys=0.00s Real=0.01s
[388.196s][info][gc,start       ] GC(390) Pause Young (Allocation Failure)
[388.204s][info][gc,heap        ] GC(390) PSYoungGen: 208512K(259584K)->1056K(261120K) Eden: 198035K(199168K)->0K(199168K) From: 10476K(60416K)->1056K(61952K)
[388.205s][info][gc,heap        ] GC(390) ParOldGen: 132616K(256000K)->142904K(256000K)
[388.205s][info][gc,metaspace   ] GC(390) Metaspace: 42756K(43136K)->42756K(43136K) NonClass: 39940K(40192K)->39940K(40192K) Class: 2816K(2944K)->2816K(2944K)
[388.205s][info][gc             ] GC(390) Pause Young (Allocation Failure) 333M->140M(505M) 8.150ms
[388.205s][info][gc,cpu         ] GC(390) User=0.01s Sys=0.00s Real=0.01s
[388.493s][info][gc,start       ] GC(391) Pause Young (Allocation Failure)
[388.498s][info][gc,heap        ] GC(391) PSYoungGen: 198747K(261120K)->2136K(268288K) Eden: 197691K(199168K)->0K(211968K) From: 1056K(61952K)->2136K(56320K)
[388.498s][info][gc,heap        ] GC(391) ParOldGen: 142904K(256000K)->143929K(256000K)
[388.498s][info][gc,metaspace   ] GC(391) Metaspace: 42756K(43136K)->42756K(43136K) NonClass: 39940K(40192K)->39940K(40192K) Class: 2816K(2944K)->2816K(2944K)
[388.498s][info][gc             ] GC(391) Pause Young (Allocation Failure) 333M->142M(512M) 4.597ms
[388.498s][info][gc,cpu         ] GC(391) User=0.01s Sys=0.00s Real=0.00s
[388.800s][info][gc,start       ] GC(392) Pause Young (Allocation Failure)
[388.806s][info][gc,heap        ] GC(392) PSYoungGen: 214104K(268288K)->2331K(269824K) Eden: 211968K(211968K)->0K(211968K) From: 2136K(56320K)->2331K(57856K)
[388.806s][info][gc,heap        ] GC(392) ParOldGen: 143929K(256000K)->146033K(256000K)
[388.806s][info][gc,metaspace   ] GC(392) Metaspace: 42756K(43136K)->42756K(43136K) NonClass: 39940K(40192K)->39940K(40192K) Class: 2816K(2944K)->2816K(2944K)
[388.806s][info][gc             ] GC(392) Pause Young (Allocation Failure) 349M->144M(513M) 5.596ms
[388.806s][info][gc,cpu         ] GC(392) User=0.01s Sys=0.00s Real=0.00s
[389.121s][info][gc,start       ] GC(393) Pause Young (Allocation Failure)
[389.129s][info][gc,heap        ] GC(393) PSYoungGen: 214299K(269824K)->4987K(270848K) Eden: 211968K(211968K)->0K(220672K) From: 2331K(57856K)->4987K(50176K)
[389.129s][info][gc,heap        ] GC(393) ParOldGen: 146033K(256000K)->148349K(256000K)
[389.129s][info][gc,metaspace   ] GC(393) Metaspace: 42756K(43136K)->42756K(43136K) NonClass: 39940K(40192K)->39940K(40192K) Class: 2816K(2944K)->2816K(2944K)
[389.129s][info][gc             ] GC(393) Pause Young (Allocation Failure) 351M->149M(514M) 8.311ms
[389.129s][info][gc,cpu         ] GC(393) User=0.01s Sys=0.00s Real=0.00s
[389.466s][info][gc,start       ] GC(394) Pause Young (Allocation Failure)
[389.478s][info][gc,heap        ] GC(394) PSYoungGen: 224944K(270848K)->6931K(272896K) Eden: 219956K(220672K)->0K(220672K) From: 4987K(50176K)->6931K(52224K)
[389.479s][info][gc,heap        ] GC(394) ParOldGen: 148349K(256000K)->153375K(256000K)
[389.479s][info][gc,metaspace   ] GC(394) Metaspace: 42756K(43136K)->42756K(43136K) NonClass: 39940K(40192K)->39940K(40192K) Class: 2816K(2944K)->2816K(2944K)
[389.479s][info][gc             ] GC(394) Pause Young (Allocation Failure) 364M->156M(516M) 12.361ms
[389.479s][info][gc,cpu         ] GC(394) User=0.02s Sys=0.00s Real=0.01s
[389.830s][info][gc,start       ] GC(395) Pause Young (Allocation Failure)
[389.845s][info][gc,heap        ] GC(395) PSYoungGen: 227547K(272896K)->7402K(276992K) Eden: 220616K(220672K)->0K(232960K) From: 6931K(52224K)->7402K(44032K)
[389.845s][info][gc,heap        ] GC(395) ParOldGen: 153375K(256000K)->160404K(256000K)
[389.845s][info][gc,metaspace   ] GC(395) Metaspace: 42756K(43136K)->42756K(43136K) NonClass: 39940K(40192K)->39940K(40192K) Class: 2816K(2944K)->2816K(2944K)
[389.845s][info][gc             ] GC(395) Pause Young (Allocation Failure) 371M->163M(520M) 14.904ms
[389.845s][info][gc,cpu         ] GC(395) User=0.03s Sys=0.00s Real=0.01s
[390.223s][info][gc,start       ] GC(396) Pause Young (Allocation Failure)
[390.240s][info][gc,heap        ] GC(396) PSYoungGen: 240362K(276992K)->9861K(278528K) Eden: 232960K(232960K)->0K(232960K) From: 7402K(44032K)->9861K(45568K)
[390.240s][info][gc,heap        ] GC(396) ParOldGen: 160404K(256000K)->167830K(256000K)
[390.240s][info][gc,metaspace   ] GC(396) Metaspace: 42756K(43136K)->42756K(43136K) NonClass: 39940K(40192K)->39940K(40192K) Class: 2816K(2944K)->2816K(2944K)
[390.240s][info][gc             ] GC(396) Pause Young (Allocation Failure) 391M->173M(522M) 17.149ms
[390.240s][info][gc,cpu         ] GC(396) User=0.03s Sys=0.00s Real=0.02s
[390.822s][info][gc,start       ] GC(397) Pause Young (Allocation Failure)
[390.838s][info][gc,heap        ] GC(397) PSYoungGen: 242821K(278528K)->8589K(283648K) Eden: 232960K(232960K)->0K(245760K) From: 9861K(45568K)->8589K(37888K)
[390.838s][info][gc,heap        ] GC(397) ParOldGen: 167830K(256000K)->177073K(256000K)
[390.838s][info][gc,metaspace   ] GC(397) Metaspace: 42799K(43200K)->42799K(43200K) NonClass: 39982K(40256K)->39982K(40256K) Class: 2816K(2944K)->2816K(2944K)
[390.838s][info][gc             ] GC(397) Pause Young (Allocation Failure) 401M->181M(527M) 16.230ms
[390.838s][info][gc,cpu         ] GC(397) User=0.03s Sys=0.00s Real=0.01s
[391.461s][info][gc,start       ] GC(398) Pause Young (Allocation Failure)
[391.466s][info][gc,heap        ] GC(398) PSYoungGen: 254349K(283648K)->1696K(285184K) Eden: 245760K(245760K)->0K(245760K) From: 8589K(37888K)->1696K(39424K)
[391.466s][info][gc,heap        ] GC(398) ParOldGen: 177073K(256000K)->181789K(256000K)
[391.466s][info][gc,metaspace   ] GC(398) Metaspace: 42801K(43200K)->42801K(43200K) NonClass: 39984K(40256K)->39984K(40256K) Class: 2816K(2944K)->2816K(2944K)
[391.466s][info][gc             ] GC(398) Pause Young (Allocation Failure) 421M->179M(528M) 4.821ms
[391.466s][info][gc,cpu         ] GC(398) User=0.01s Sys=0.00s Real=0.00s
[392.066s][info][gc,start       ] GC(399) Pause Young (Allocation Failure)
[392.070s][info][gc,heap        ] GC(399) PSYoungGen: 247456K(285184K)->3363K(291328K) Eden: 245760K(245760K)->0K(256512K) From: 1696K(39424K)->3363K(34816K)
[392.070s][info][gc,heap        ] GC(399) ParOldGen: 181789K(256000K)->181805K(256000K)
[392.070s][info][gc,metaspace   ] GC(399) Metaspace: 42804K(43200K)->42804K(43200K) NonClass: 39988K(40256K)->39988K(40256K) Class: 2816K(2944K)->2816K(2944K)
[392.070s][info][gc             ] GC(399) Pause Young (Allocation Failure) 419M->180M(534M) 4.150ms
[392.070s][info][gc,cpu         ] GC(399) User=0.01s Sys=0.00s Real=0.01s
[392.721s][info][gc,start       ] GC(400) Pause Young (Allocation Failure)
[392.726s][info][gc,heap        ] GC(400) PSYoungGen: 259875K(291328K)->3706K(292864K) Eden: 256512K(256512K)->0K(256512K) From: 3363K(34816K)->3706K(36352K)
[392.726s][info][gc,heap        ] GC(400) ParOldGen: 181805K(256000K)->181863K(256000K)
[392.726s][info][gc,metaspace   ] GC(400) Metaspace: 42819K(43200K)->42819K(43200K) NonClass: 40003K(40256K)->40003K(40256K) Class: 2816K(2944K)->2816K(2944K)
[392.726s][info][gc             ] GC(400) Pause Young (Allocation Failure) 431M->181M(536M) 4.395ms
[392.726s][info][gc,cpu         ] GC(400) User=0.01s Sys=0.00s Real=0.00s
[393.376s][info][gc,start       ] GC(401) Pause Young (Allocation Failure)
[393.380s][info][gc,heap        ] GC(401) PSYoungGen: 260218K(292864K)->6082K(293888K) Eden: 256512K(256512K)->0K(263168K) From: 3706K(36352K)->6082K(30720K)
[393.380s][info][gc,heap        ] GC(401) ParOldGen: 181863K(256000K)->181919K(256000K)
[393.380s][info][gc,metaspace   ] GC(401) Metaspace: 42823K(43200K)->42823K(43200K) NonClass: 40007K(40256K)->40007K(40256K) Class: 2816K(2944K)->2816K(2944K)
[393.380s][info][gc             ] GC(401) Pause Young (Allocation Failure) 431M->183M(537M) 4.551ms
[393.380s][info][gc,cpu         ] GC(401) User=0.01s Sys=0.00s Real=0.01s
[394.361s][info][gc,start       ] GC(402) Pause Young (Allocation Failure)
[394.364s][info][gc,heap        ] GC(402) PSYoungGen: 269250K(293888K)->1408K(295424K) Eden: 263168K(263168K)->0K(263168K) From: 6082K(30720K)->1408K(32256K)
[394.364s][info][gc,heap        ] GC(402) ParOldGen: 181919K(256000K)->182039K(256000K)
[394.364s][info][gc,metaspace   ] GC(402) Metaspace: 42825K(43200K)->42825K(43200K) NonClass: 40009K(40256K)->40009K(40256K) Class: 2816K(2944K)->2816K(2944K)
[394.364s][info][gc             ] GC(402) Pause Young (Allocation Failure) 440M->179M(538M) 3.525ms
[394.364s][info][gc,cpu         ] GC(402) User=0.01s Sys=0.00s Real=0.00s
[395.595s][info][gc,start       ] GC(403) Pause Young (Allocation Failure)
[395.613s][info][gc,heap        ] GC(403) PSYoungGen: 264576K(295424K)->18018K(299520K) Eden: 263168K(263168K)->0K(268288K) From: 1408K(32256K)->18018K(31232K)
[395.613s][info][gc,heap        ] GC(403) ParOldGen: 182039K(256000K)->182527K(256000K)
[395.613s][info][gc,metaspace   ] GC(403) Metaspace: 42863K(43200K)->42863K(43200K) NonClass: 40047K(40256K)->40047K(40256K) Class: 2816K(2944K)->2816K(2944K)
[395.613s][info][gc             ] GC(403) Pause Young (Allocation Failure) 436M->195M(542M) 17.686ms
[395.613s][info][gc,cpu         ] GC(403) User=0.03s Sys=0.00s Real=0.02s
[396.354s][info][gc,start       ] GC(404) Pause Young (Allocation Failure)
[396.402s][info][gc,heap        ] GC(404) PSYoungGen: 286306K(299520K)->30220K(299008K) Eden: 268288K(268288K)->0K(268288K) From: 18018K(31232K)->30220K(30720K)
[396.402s][info][gc,heap        ] GC(404) ParOldGen: 182527K(256000K)->200119K(256000K)
[396.402s][info][gc,metaspace   ] GC(404) Metaspace: 42863K(43200K)->42863K(43200K) NonClass: 40047K(40256K)->40047K(40256K) Class: 2816K(2944K)->2816K(2944K)
[396.402s][info][gc             ] GC(404) Pause Young (Allocation Failure) 457M->224M(542M) 47.676ms
[396.402s][info][gc,cpu         ] GC(404) User=0.09s Sys=0.00s Real=0.05s
[397.052s][info][gc,start       ] GC(405) Pause Young (Allocation Failure)
[397.113s][info][gc,heap        ] GC(405) PSYoungGen: 298508K(299008K)->28056K(284672K) Eden: 268288K(268288K)->0K(249856K) From: 30220K(30720K)->28056K(34816K)
[397.113s][info][gc,heap        ] GC(405) ParOldGen: 200119K(256000K)->230511K(256000K)
[397.113s][info][gc,metaspace   ] GC(405) Metaspace: 42863K(43200K)->42863K(43200K) NonClass: 40047K(40256K)->40047K(40256K) Class: 2816K(2944K)->2816K(2944K)
[397.113s][info][gc             ] GC(405) Pause Young (Allocation Failure) 486M->252M(528M) 60.539ms
[397.113s][info][gc,cpu         ] GC(405) User=0.11s Sys=0.01s Real=0.06s
[401.074s][info][gc,start       ] GC(406) Pause Young (Allocation Failure)
[401.129s][info][gc,heap        ] GC(406) PSYoungGen: 277912K(284672K)->23312K(273408K) Eden: 249856K(249856K)->0K(249856K) From: 28056K(34816K)->23312K(23552K)
[401.129s][info][gc,heap        ] GC(406) ParOldGen: 230511K(256000K)->258584K(259072K)
[401.129s][info][gc,metaspace   ] GC(406) Metaspace: 42874K(43264K)->42874K(43264K) NonClass: 40058K(40320K)->40058K(40320K) Class: 2816K(2944K)->2816K(2944K)
[401.129s][info][gc             ] GC(406) Pause Young (Allocation Failure) 496M->275M(520M) 55.478ms
[401.129s][info][gc,cpu         ] GC(406) User=0.11s Sys=0.01s Real=0.06s
[401.996s][info][gc,start       ] GC(407) Pause Young (Allocation Failure)
[402.036s][info][gc,heap        ] GC(407) PSYoungGen: 273168K(273408K)->10924K(293376K) Eden: 249856K(249856K)->0K(250368K) From: 23312K(23552K)->10924K(43008K)
[402.036s][info][gc,heap        ] GC(407) ParOldGen: 258584K(259072K)->281828K(282112K)
[402.036s][info][gc,metaspace   ] GC(407) Metaspace: 42880K(43264K)->42880K(43264K) NonClass: 40064K(40320K)->40064K(40320K) Class: 2816K(2944K)->2816K(2944K)
[402.036s][info][gc             ] GC(407) Pause Young (Allocation Failure) 519M->285M(562M) 39.544ms
[402.036s][info][gc,cpu         ] GC(407) User=0.06s Sys=0.03s Real=0.04s
[402.775s][info][gc,start       ] GC(408) Pause Young (Allocation Failure)
[402.824s][info][gc,heap        ] GC(408) PSYoungGen: 261292K(293376K)->30892K(281600K) Eden: 250368K(250368K)->0K(250368K) From: 10924K(43008K)->30892K(31232K)
[402.824s][info][gc,heap        ] GC(408) ParOldGen: 281828K(282112K)->292540K(292864K)
[402.824s][info][gc,metaspace   ] GC(408) Metaspace: 42880K(43264K)->42880K(43264K) NonClass: 40064K(40320K)->40064K(40320K) Class: 2816K(2944K)->2816K(2944K)
[402.824s][info][gc             ] GC(408) Pause Young (Allocation Failure) 530M->315M(561M) 48.991ms
[402.824s][info][gc,cpu         ] GC(408) User=0.08s Sys=0.01s Real=0.05s
[403.476s][info][gc,start       ] GC(409) Pause Young (Allocation Failure)
[403.554s][info][gc,heap        ] GC(409) PSYoungGen: 281260K(281600K)->28600K(285184K) Eden: 250368K(250368K)->0K(240640K) From: 30892K(31232K)->28600K(44544K)
[403.554s][info][gc,heap        ] GC(409) ParOldGen: 292540K(292864K)->323652K(324096K)
[403.554s][info][gc,metaspace   ] GC(409) Metaspace: 42880K(43264K)->42880K(43264K) NonClass: 40064K(40320K)->40064K(40320K) Class: 2816K(2944K)->2816K(2944K)
[403.554s][info][gc             ] GC(409) Pause Young (Allocation Failure) 560M->343M(595M) 77.899ms
[403.554s][info][gc,cpu         ] GC(409) User=0.13s Sys=0.02s Real=0.08s
[405.275s][info][gc,start       ] GC(410) Pause Young (Allocation Failure)
[405.341s][info][gc,heap        ] GC(410) PSYoungGen: 269240K(285184K)->22608K(287232K) Eden: 240640K(240640K)->0K(240640K) From: 28600K(44544K)->22608K(46592K)
[405.341s][info][gc,heap        ] GC(410) ParOldGen: 323652K(324096K)->352285K(352768K)
[405.341s][info][gc,metaspace   ] GC(410) Metaspace: 42880K(43264K)->42880K(43264K) NonClass: 40064K(40320K)->40064K(40320K) Class: 2816K(2944K)->2816K(2944K)
[405.341s][info][gc             ] GC(410) Pause Young (Allocation Failure) 578M->366M(625M) 65.414ms
[405.341s][info][gc,cpu         ] GC(410) User=0.09s Sys=0.03s Real=0.07s
[406.511s][info][gc,start       ] GC(411) Pause Young (Allocation Failure)
[406.557s][info][gc,heap        ] GC(411) PSYoungGen: 263248K(287232K)->13386K(282112K) Eden: 240640K(240640K)->0K(241664K) From: 22608K(46592K)->13386K(40448K)
[406.557s][info][gc,heap        ] GC(411) ParOldGen: 352285K(352768K)->374629K(374784K)
[406.557s][info][gc,metaspace   ] GC(411) Metaspace: 42880K(43264K)->42880K(43264K) NonClass: 40064K(40320K)->40064K(40320K) Class: 2816K(2944K)->2816K(2944K)
[406.557s][info][gc             ] GC(411) Pause Young (Allocation Failure) 601M->378M(641M) 46.071ms
[406.557s][info][gc,cpu         ] GC(411) User=0.06s Sys=0.02s Real=0.04s
[408.142s][info][gc,start       ] GC(412) Pause Young (Allocation Failure)
[408.162s][info][gc,heap        ] GC(412) PSYoungGen: 255050K(282112K)->3427K(285184K) Eden: 241664K(241664K)->0K(241664K) From: 13386K(40448K)->3427K(43520K)
[408.162s][info][gc,heap        ] GC(412) ParOldGen: 374629K(374784K)->387101K(387584K)
[408.162s][info][gc,metaspace   ] GC(412) Metaspace: 42880K(43264K)->42880K(43264K) NonClass: 40064K(40320K)->40064K(40320K) Class: 2816K(2944K)->2816K(2944K)
[408.162s][info][gc             ] GC(412) Pause Young (Allocation Failure) 614M->381M(657M) 20.074ms
[408.162s][info][gc,cpu         ] GC(412) User=0.03s Sys=0.02s Real=0.02s
[409.715s][info][gc,start       ] GC(413) Pause Young (Allocation Failure)
[409.743s][info][gc,heap        ] GC(413) PSYoungGen: 245091K(285184K)->23392K(289792K) Eden: 241664K(241664K)->0K(246784K) From: 3427K(43520K)->23392K(43008K)
[409.743s][info][gc,heap        ] GC(413) ParOldGen: 387101K(387584K)->390491K(390656K)
[409.743s][info][gc,metaspace   ] GC(413) Metaspace: 42880K(43264K)->42880K(43264K) NonClass: 40064K(40320K)->40064K(40320K) Class: 2816K(2944K)->2816K(2944K)
[409.743s][info][gc             ] GC(413) Pause Young (Allocation Failure) 617M->404M(664M) 28.576ms
[409.743s][info][gc,cpu         ] GC(413) User=0.05s Sys=0.00s Real=0.03s
[411.272s][info][gc,start       ] GC(414) Pause Young (Allocation Failure)
[411.329s][info][gc,heap        ] GC(414) PSYoungGen: 270176K(289792K)->23269K(290304K) Eden: 246784K(246784K)->0K(246784K) From: 23392K(43008K)->23269K(43520K)
[411.329s][info][gc,heap        ] GC(414) ParOldGen: 390491K(390656K)->413806K(414208K)
[411.329s][info][gc,metaspace   ] GC(414) Metaspace: 42880K(43264K)->42880K(43264K) NonClass: 40064K(40320K)->40064K(40320K) Class: 2816K(2944K)->2816K(2944K)
[411.329s][info][gc             ] GC(414) Pause Young (Allocation Failure) 645M->426M(688M) 56.964ms
[411.329s][info][gc,cpu         ] GC(414) User=0.10s Sys=0.02s Real=0.05s
[412.141s][info][gc,start       ] GC(415) Pause Young (Allocation Failure)
[412.203s][info][gc,heap        ] GC(415) PSYoungGen: 270053K(290304K)->35419K(282112K) Eden: 246784K(246784K)->0K(238592K) From: 23269K(43520K)->35419K(43520K)
[412.203s][info][gc,heap        ] GC(415) ParOldGen: 413806K(414208K)->434667K(434688K)
[412.203s][info][gc,metaspace   ] GC(415) Metaspace: 42880K(43264K)->42880K(43264K) NonClass: 40064K(40320K)->40064K(40320K) Class: 2816K(2944K)->2816K(2944K)
[412.203s][info][gc             ] GC(415) Pause Young (Allocation Failure) 667M->459M(700M) 62.278ms
[412.203s][info][gc,cpu         ] GC(415) User=0.10s Sys=0.02s Real=0.06s
[412.841s][info][gc,start       ] GC(416) Pause Young (Allocation Failure)
[412.922s][info][gc,heap        ] GC(416) PSYoungGen: 274011K(282112K)->29336K(268288K) Eden: 238592K(238592K)->0K(238592K) From: 35419K(43520K)->29336K(29696K)
[412.922s][info][gc,heap        ] GC(416) ParOldGen: 434667K(434688K)->469402K(469504K)
[412.922s][info][gc,metaspace   ] GC(416) Metaspace: 42880K(43264K)->42880K(43264K) NonClass: 40064K(40320K)->40064K(40320K) Class: 2816K(2944K)->2816K(2944K)
[412.922s][info][gc             ] GC(416) Pause Young (Allocation Failure) 692M->487M(720M) 80.983ms
[412.922s][info][gc,cpu         ] GC(416) User=0.14s Sys=0.03s Real=0.08s
[413.577s][info][gc,start       ] GC(417) Pause Young (Allocation Failure)
[413.649s][info][gc,heap        ] GC(417) PSYoungGen: 267928K(268288K)->29808K(283136K) Eden: 238592K(238592K)->0K(234496K) From: 29336K(29696K)->29808K(48640K)
[413.649s][info][gc,heap        ] GC(417) ParOldGen: 469402K(469504K)->497042K(497152K)
[413.649s][info][gc,metaspace   ] GC(417) Metaspace: 42880K(43264K)->42880K(43264K) NonClass: 40064K(40320K)->40064K(40320K) Class: 2816K(2944K)->2816K(2944K)
[413.649s][info][gc             ] GC(417) Pause Young (Allocation Failure) 720M->514M(762M) 71.758ms
[413.649s][info][gc,cpu         ] GC(417) User=0.12s Sys=0.03s Real=0.07s
[415.462s][info][gc,start       ] GC(418) Pause Young (Allocation Failure)
[415.509s][info][gc,heap        ] GC(418) PSYoungGen: 264304K(283136K)->7520K(284160K) Eden: 234496K(234496K)->0K(234496K) From: 29808K(48640K)->7520K(49664K)
[415.509s][info][gc,heap        ] GC(418) ParOldGen: 497042K(497152K)->527075K(527360K)
[415.509s][info][gc,metaspace   ] GC(418) Metaspace: 42880K(43264K)->42880K(43264K) NonClass: 40064K(40320K)->40064K(40320K) Class: 2816K(2944K)->2816K(2944K)
[415.509s][info][gc             ] GC(418) Pause Young (Allocation Failure) 743M->522M(792M) 46.974ms
[415.509s][info][gc,cpu         ] GC(418) User=0.06s Sys=0.02s Real=0.04s
[416.832s][info][gc,start       ] GC(419) Pause Young (Allocation Failure)
[416.850s][info][gc,heap        ] GC(419) PSYoungGen: 242016K(284160K)->5713K(281600K) Eden: 234496K(234496K)->0K(235008K) From: 7520K(49664K)->5713K(46592K)
[416.850s][info][gc,heap        ] GC(419) ParOldGen: 527075K(527360K)->533888K(534016K)
[416.850s][info][gc,metaspace   ] GC(419) Metaspace: 42880K(43264K)->42880K(43264K) NonClass: 40064K(40320K)->40064K(40320K) Class: 2816K(2944K)->2816K(2944K)
[416.850s][info][gc             ] GC(419) Pause Young (Allocation Failure) 751M->526M(796M) 17.890ms
[416.850s][info][gc,cpu         ] GC(419) User=0.03s Sys=0.00s Real=0.02s
[418.321s][info][gc,start       ] GC(420) Pause Young (Allocation Failure)
[418.355s][info][gc,heap        ] GC(420) PSYoungGen: 240721K(281600K)->25946K(283136K) Eden: 235008K(235008K)->0K(235008K) From: 5713K(46592K)->25946K(48128K)
[418.355s][info][gc,heap        ] GC(420) ParOldGen: 533888K(534016K)->539378K(539648K)
[418.355s][info][gc,metaspace   ] GC(420) Metaspace: 42880K(43264K)->42880K(43264K) NonClass: 40064K(40320K)->40064K(40320K) Class: 2816K(2944K)->2816K(2944K)
[418.355s][info][gc             ] GC(420) Pause Young (Allocation Failure) 756M->552M(803M) 33.562ms
[418.355s][info][gc,cpu         ] GC(420) User=0.07s Sys=0.00s Real=0.03s
[419.898s][info][gc,start       ] GC(421) Pause Young (Allocation Failure)
[419.954s][info][gc,heap        ] GC(421) PSYoungGen: 260954K(283136K)->22088K(282624K) Eden: 235008K(235008K)->0K(237568K) From: 25946K(48128K)->22088K(45056K)
[419.954s][info][gc,heap        ] GC(421) ParOldGen: 539378K(539648K)->565193K(565248K)
[419.954s][info][gc,metaspace   ] GC(421) Metaspace: 42880K(43264K)->42880K(43264K) NonClass: 40064K(40320K)->40064K(40320K) Class: 2816K(2944K)->2816K(2944K)
[419.954s][info][gc             ] GC(421) Pause Young (Allocation Failure) 781M->573M(828M) 56.513ms
[419.954s][info][gc,cpu         ] GC(421) User=0.09s Sys=0.02s Real=0.06s
[421.250s][info][gc,start       ] GC(422) Pause Young (Allocation Failure)
[421.303s][info][gc,heap        ] GC(422) PSYoungGen: 259656K(282624K)->29124K(284160K) Eden: 237568K(237568K)->0K(237568K) From: 22088K(45056K)->29124K(46592K)
[421.303s][info][gc,heap        ] GC(422) ParOldGen: 565193K(565248K)->587254K(587264K)
[421.303s][info][gc,metaspace   ] GC(422) Metaspace: 42885K(43264K)->42885K(43264K) NonClass: 40069K(40320K)->40069K(40320K) Class: 2816K(2944K)->2816K(2944K)
[421.303s][info][gc             ] GC(422) Pause Young (Allocation Failure) 805M->601M(851M) 53.751ms
[421.303s][info][gc,cpu         ] GC(422) User=0.09s Sys=0.02s Real=0.05s
[422.318s][info][gc,start       ] GC(423) Pause Young (Allocation Failure)
[422.377s][info][gc,heap        ] GC(423) PSYoungGen: 266692K(284160K)->15970K(284160K) Eden: 237568K(237568K)->0K(239616K) From: 29124K(46592K)->15970K(44544K)
[422.377s][info][gc,heap        ] GC(423) ParOldGen: 587254K(587264K)->608423K(608768K)
[422.377s][info][gc,metaspace   ] GC(423) Metaspace: 42904K(43264K)->42904K(43264K) NonClass: 40088K(40320K)->40088K(40320K) Class: 2816K(2944K)->2816K(2944K)
[422.377s][info][gc             ] GC(423) Pause Young (Allocation Failure) 833M->609M(872M) 59.353ms
[422.377s][info][gc,cpu         ] GC(423) User=0.06s Sys=0.01s Real=0.06s
[423.428s][info][gc,start       ] GC(424) Pause Young (Allocation Failure)
[423.438s][info][gc,heap        ] GC(424) PSYoungGen: 255586K(284160K)->10177K(285184K) Eden: 239616K(239616K)->0K(239616K) From: 15970K(44544K)->10177K(45568K)
[423.438s][info][gc,heap        ] GC(424) ParOldGen: 608423K(608768K)->609223K(609280K)
[423.438s][info][gc,metaspace   ] GC(424) Metaspace: 42904K(43264K)->42904K(43264K) NonClass: 40088K(40320K)->40088K(40320K) Class: 2816K(2944K)->2816K(2944K)
[423.438s][info][gc             ] GC(424) Pause Young (Allocation Failure) 843M->604M(873M) 10.309ms
[423.438s][info][gc,cpu         ] GC(424) User=0.02s Sys=0.00s Real=0.01s
[424.490s][info][gc,start       ] GC(425) Pause Young (Allocation Failure)
[424.499s][info][gc,heap        ] GC(425) PSYoungGen: 249793K(285184K)->6068K(287232K) Eden: 239616K(239616K)->0K(243712K) From: 10177K(45568K)->6068K(43520K)
[424.499s][info][gc,heap        ] GC(425) ParOldGen: 609223K(609280K)->610359K(610816K)
[424.499s][info][gc,metaspace   ] GC(425) Metaspace: 42905K(43264K)->42905K(43264K) NonClass: 40089K(40320K)->40089K(40320K) Class: 2816K(2944K)->2816K(2944K)
[424.499s][info][gc             ] GC(425) Pause Young (Allocation Failure) 838M->601M(877M) 8.580ms
[424.499s][info][gc,cpu         ] GC(425) User=0.02s Sys=0.00s Real=0.00s
[425.338s][info][gc,start       ] GC(426) Pause Young (Allocation Failure)
[425.351s][info][gc,heap        ] GC(426) PSYoungGen: 249780K(287232K)->10270K(287744K) Eden: 243712K(243712K)->0K(243712K) From: 6068K(43520K)->10270K(44032K)
[425.351s][info][gc,heap        ] GC(426) ParOldGen: 610359K(610816K)->611615K(611840K)
[425.351s][info][gc,metaspace   ] GC(426) Metaspace: 42905K(43264K)->42905K(43264K) NonClass: 40089K(40320K)->40089K(40320K) Class: 2816K(2944K)->2816K(2944K)
[425.351s][info][gc             ] GC(426) Pause Young (Allocation Failure) 839M->607M(878M) 12.900ms
[425.351s][info][gc,cpu         ] GC(426) User=0.02s Sys=0.00s Real=0.02s
[426.158s][info][gc,start       ] GC(427) Pause Young (Allocation Failure)
[426.181s][info][gc,heap        ] GC(427) PSYoungGen: 253982K(287744K)->25451K(288768K) Eden: 243712K(243712K)->0K(245760K) From: 10270K(44032K)->25451K(43008K)
[426.181s][info][gc,heap        ] GC(427) ParOldGen: 611615K(611840K)->612719K(612864K)
[426.181s][info][gc,metaspace   ] GC(427) Metaspace: 42905K(43264K)->42905K(43264K) NonClass: 40089K(40320K)->40089K(40320K) Class: 2816K(2944K)->2816K(2944K)
[426.181s][info][gc             ] GC(427) Pause Young (Allocation Failure) 845M->623M(880M) 22.409ms
[426.181s][info][gc,cpu         ] GC(427) User=0.05s Sys=0.00s Real=0.03s
[427.274s][info][gc,start       ] GC(428) Pause Young (Allocation Failure)
[427.279s][info][gc,heap        ] GC(428) PSYoungGen: 271211K(288768K)->1296K(289280K) Eden: 245760K(245760K)->0K(245760K) From: 25451K(43008K)->1296K(43520K)
[427.279s][info][gc,heap        ] GC(428) ParOldGen: 612719K(612864K)->613591K(613888K)
[427.279s][info][gc,metaspace   ] GC(428) Metaspace: 42906K(43264K)->42906K(43264K) NonClass: 40089K(40320K)->40089K(40320K) Class: 2816K(2944K)->2816K(2944K)
[427.279s][info][gc             ] GC(428) Pause Young (Allocation Failure) 863M->600M(882M) 4.994ms
[427.279s][info][gc,cpu         ] GC(428) User=0.01s Sys=0.00s Real=0.00s
[428.139s][info][gc,start       ] GC(429) Pause Young (Allocation Failure)
[428.147s][info][gc,heap        ] GC(429) PSYoungGen: 247056K(289280K)->5042K(289280K) Eden: 245760K(245760K)->0K(246784K) From: 1296K(43520K)->5042K(42496K)
[428.147s][info][gc,heap        ] GC(429) ParOldGen: 613591K(613888K)->614607K(614912K)
[428.147s][info][gc,metaspace   ] GC(429) Metaspace: 42906K(43264K)->42906K(43264K) NonClass: 40089K(40320K)->40089K(40320K) Class: 2816K(2944K)->2816K(2944K)
[428.147s][info][gc             ] GC(429) Pause Young (Allocation Failure) 840M->605M(883M) 7.494ms
[428.147s][info][gc,cpu         ] GC(429) User=0.02s Sys=0.00s Real=0.00s
[429.200s][info][gc,start       ] GC(430) Pause Young (Allocation Failure)
[429.208s][info][gc,heap        ] GC(430) PSYoungGen: 251826K(289280K)->6700K(289792K) Eden: 246784K(246784K)->0K(246784K) From: 5042K(42496K)->6700K(43008K)
[429.208s][info][gc,heap        ] GC(430) ParOldGen: 614607K(614912K)->615655K(615936K)
[429.208s][info][gc,metaspace   ] GC(430) Metaspace: 42906K(43264K)->42906K(43264K) NonClass: 40090K(40320K)->40090K(40320K) Class: 2816K(2944K)->2816K(2944K)
[429.208s][info][gc             ] GC(430) Pause Young (Allocation Failure) 846M->607M(884M) 8.549ms
[429.208s][info][gc,cpu         ] GC(430) User=0.02s Sys=0.00s Real=0.00s
[430.135s][info][gc,start       ] GC(431) Pause Young (Allocation Failure)
[430.150s][info][gc,heap        ] GC(431) PSYoungGen: 253484K(289792K)->12925K(286720K) Eden: 246784K(246784K)->0K(249344K) From: 6700K(43008K)->12925K(37376K)
[430.150s][info][gc,heap        ] GC(431) ParOldGen: 615655K(615936K)->616747K(616960K)
[430.150s][info][gc,metaspace   ] GC(431) Metaspace: 42906K(43264K)->42906K(43264K) NonClass: 40090K(40320K)->40090K(40320K) Class: 2816K(2944K)->2816K(2944K)
[430.150s][info][gc             ] GC(431) Pause Young (Allocation Failure) 848M->614M(882M) 15.282ms
[430.150s][info][gc,cpu         ] GC(431) User=0.03s Sys=0.00s Real=0.02s
[431.134s][info][gc,start       ] GC(432) Pause Young (Allocation Failure)
[431.148s][info][gc,heap        ] GC(432) PSYoungGen: 262269K(286720K)->14983K(288256K) Eden: 249344K(249344K)->0K(249344K) From: 12925K(37376K)->14983K(38912K)
[431.148s][info][gc,heap        ] GC(432) ParOldGen: 616747K(616960K)->617635K(617984K)
[431.148s][info][gc,metaspace   ] GC(432) Metaspace: 42906K(43264K)->42906K(43264K) NonClass: 40090K(40320K)->40090K(40320K) Class: 2816K(2944K)->2816K(2944K)
[431.148s][info][gc             ] GC(432) Pause Young (Allocation Failure) 858M->617M(885M) 14.217ms
[431.148s][info][gc,cpu         ] GC(432) User=0.03s Sys=0.00s Real=0.01s
[432.131s][info][gc,start       ] GC(433) Pause Young (Allocation Failure)
[432.185s][info][gc,heap        ] GC(433) PSYoungGen: 264327K(288256K)->36852K(276480K) Eden: 249344K(249344K)->0K(239616K) From: 14983K(38912K)->36852K(36864K)
[432.185s][info][gc,heap        ] GC(433) ParOldGen: 617635K(617984K)->628679K(628736K)
[432.185s][info][gc,metaspace   ] GC(433) Metaspace: 42906K(43264K)->42906K(43264K) NonClass: 40090K(40320K)->40090K(40320K) Class: 2816K(2944K)->2816K(2944K)
[432.185s][info][gc             ] GC(433) Pause Young (Allocation Failure) 861M->649M(884M) 54.295ms
[432.185s][info][gc,cpu         ] GC(433) User=0.10s Sys=0.01s Real=0.05s
[433.384s][info][gc,start       ] GC(434) Pause Young (Allocation Failure)
[433.447s][info][gc,heap        ] GC(434) PSYoungGen: 276468K(276480K)->28281K(268288K) Eden: 239616K(239616K)->0K(239616K) From: 36852K(36864K)->28281K(28672K)
[433.447s][info][gc,heap        ] GC(434) ParOldGen: 628679K(628736K)->652015K(652288K)
[433.447s][info][gc,metaspace   ] GC(434) Metaspace: 42906K(43264K)->42906K(43264K) NonClass: 40090K(40320K)->40090K(40320K) Class: 2816K(2944K)->2816K(2944K)
[433.447s][info][gc             ] GC(434) Pause Young (Allocation Failure) 883M->664M(899M) 62.777ms
[433.447s][info][gc,cpu         ] GC(434) User=0.10s Sys=0.03s Real=0.06s
[434.400s][info][gc,start       ] GC(435) Pause Full (Allocation Failure)
[434.400s][info][gc,phases,start] GC(435) Marking Phase
[434.462s][info][gc,phases      ] GC(435) Marking Phase 62.218ms
[434.462s][info][gc,phases,start] GC(435) Summary Phase
[434.462s][info][gc,phases      ] GC(435) Summary Phase 0.034ms
[434.462s][info][gc,phases,start] GC(435) Forward
[434.474s][info][gc,phases      ] GC(435) Forward 11.925ms
[434.474s][info][gc,phases,start] GC(435) Adjust Pointers
[434.511s][info][gc,phases      ] GC(435) Adjust Pointers 36.995ms
[434.511s][info][gc,phases,start] GC(435) Compaction Phase
[434.527s][info][gc,phases      ] GC(435) Compaction Phase 15.213ms
[434.527s][info][gc,phases,start] GC(435) Post Compact
[434.529s][info][gc,phases      ] GC(435) Post Compact 2.645ms
[434.567s][info][gc,heap        ] GC(435) PSYoungGen: 267897K(268288K)->0K(285696K) Eden: 239616K(239616K)->0K(237568K) From: 28281K(28672K)->0K(48128K)
[434.567s][info][gc,heap        ] GC(435) ParOldGen: 652015K(652288K)->81555K(212992K)
[434.567s][info][gc,metaspace   ] GC(435) Metaspace: 42906K(43264K)->42906K(43264K) NonClass: 40090K(40320K)->40090K(40320K) Class: 2816K(2944K)->2816K(2944K)
[434.567s][info][gc             ] GC(435) Pause Full (Allocation Failure) 898M->79M(487M) 166.699ms
[434.567s][info][gc,cpu         ] GC(435) User=0.20s Sys=0.03s Real=0.16s
[435.412s][info][gc,start       ] GC(436) Pause Young (Allocation Failure)
[435.432s][info][gc,heap        ] GC(436) PSYoungGen: 237568K(285696K)->19172K(257024K) Eden: 237568K(237568K)->0K(237568K) From: 0K(48128K)->19172K(19456K)
[435.432s][info][gc,heap        ] GC(436) ParOldGen: 81555K(212992K)->81555K(212992K)
[435.432s][info][gc,metaspace   ] GC(436) Metaspace: 42915K(43264K)->42915K(43264K) NonClass: 40099K(40320K)->40099K(40320K) Class: 2816K(2944K)->2816K(2944K)
[435.432s][info][gc             ] GC(436) Pause Young (Allocation Failure) 311M->98M(459M) 20.609ms
[435.432s][info][gc,cpu         ] GC(436) User=0.04s Sys=0.00s Real=0.02s
[436.281s][info][gc,start       ] GC(437) Pause Young (Allocation Failure)
[436.299s][info][gc,heap        ] GC(437) PSYoungGen: 256740K(257024K)->9319K(284160K) Eden: 237568K(237568K)->0K(238592K) From: 19172K(19456K)->9319K(45568K)
[436.300s][info][gc,heap        ] GC(437) ParOldGen: 81555K(212992K)->99030K(212992K)
[436.300s][info][gc,metaspace   ] GC(437) Metaspace: 42915K(43264K)->42915K(43264K) NonClass: 40099K(40320K)->40099K(40320K) Class: 2816K(2944K)->2816K(2944K)
[436.300s][info][gc             ] GC(437) Pause Young (Allocation Failure) 330M->105M(485M) 18.929ms
[436.300s][info][gc,cpu         ] GC(437) User=0.04s Sys=0.00s Real=0.02s
[437.210s][info][gc,start       ] GC(438) Pause Young (Allocation Failure)
[437.218s][info][gc,heap        ] GC(438) PSYoungGen: 247911K(284160K)->9597K(283136K) Eden: 238592K(238592K)->0K(238592K) From: 9319K(45568K)->9597K(44544K)
[437.218s][info][gc,heap        ] GC(438) ParOldGen: 99030K(212992K)->99460K(212992K)
[437.218s][info][gc,metaspace   ] GC(438) Metaspace: 42915K(43264K)->42915K(43264K) NonClass: 40099K(40320K)->40099K(40320K) Class: 2816K(2944K)->2816K(2944K)
[437.218s][info][gc             ] GC(438) Pause Young (Allocation Failure) 338M->106M(484M) 8.368ms
[437.218s][info][gc,cpu         ] GC(438) User=0.02s Sys=0.00s Real=0.00s
[438.131s][info][gc,start       ] GC(439) Pause Young (Allocation Failure)
[438.137s][info][gc,heap        ] GC(439) PSYoungGen: 248189K(283136K)->3372K(286720K) Eden: 238592K(238592K)->0K(243712K) From: 9597K(44544K)->3372K(43008K)
[438.137s][info][gc,heap        ] GC(439) ParOldGen: 99460K(212992K)->100279K(212992K)
[438.137s][info][gc,metaspace   ] GC(439) Metaspace: 42915K(43264K)->42915K(43264K) NonClass: 40099K(40320K)->40099K(40320K) Class: 2816K(2944K)->2816K(2944K)
[438.137s][info][gc             ] GC(439) Pause Young (Allocation Failure) 339M->101M(488M) 6.042ms
[438.137s][info][gc,cpu         ] GC(439) User=0.01s Sys=0.00s Real=0.00s
[439.070s][info][gc,start       ] GC(440) Pause Young (Allocation Failure)
[439.115s][info][gc,heap        ] GC(440) PSYoungGen: 247084K(286720K)->42981K(286720K) Eden: 243712K(243712K)->0K(243712K) From: 3372K(43008K)->42981K(43008K)
[439.115s][info][gc,heap        ] GC(440) ParOldGen: 100279K(212992K)->116297K(212992K)
[439.115s][info][gc,metaspace   ] GC(440) Metaspace: 42915K(43264K)->42915K(43264K) NonClass: 40099K(40320K)->40099K(40320K) Class: 2816K(2944K)->2816K(2944K)
[439.115s][info][gc             ] GC(440) Pause Young (Allocation Failure) 339M->155M(488M) 44.402ms
[439.115s][info][gc,cpu         ] GC(440) User=0.09s Sys=0.00s Real=0.04s
[440.057s][info][gc,start       ] GC(441) Pause Young (Allocation Failure)
[440.176s][info][gc,heap        ] GC(441) PSYoungGen: 286693K(286720K)->47096K(173056K) Eden: 243712K(243712K)->0K(125952K) From: 42981K(43008K)->47096K(47104K)
[440.176s][info][gc,heap        ] GC(441) ParOldGen: 116297K(212992K)->227837K(227840K)
[440.176s][info][gc,metaspace   ] GC(441) Metaspace: 42915K(43264K)->42915K(43264K) NonClass: 40099K(40320K)->40099K(40320K) Class: 2816K(2944K)->2816K(2944K)
[440.176s][info][gc             ] GC(441) Pause Young (Allocation Failure) 393M->268M(391M) 119.279ms
[440.176s][info][gc,cpu         ] GC(441) User=0.22s Sys=0.02s Real=0.12s
[440.633s][info][gc,start       ] GC(442) Pause Young (Allocation Failure)
[440.702s][info][gc,heap        ] GC(442) PSYoungGen: 173048K(173056K)->25738K(229888K) Eden: 125952K(125952K)->0K(125952K) From: 47096K(47104K)->25738K(103936K)
[440.702s][info][gc,heap        ] GC(442) ParOldGen: 227837K(227840K)->262911K(263168K)
[440.702s][info][gc,metaspace   ] GC(442) Metaspace: 42915K(43264K)->42915K(43264K) NonClass: 40099K(40320K)->40099K(40320K) Class: 2816K(2944K)->2816K(2944K)
[440.702s][info][gc             ] GC(442) Pause Young (Allocation Failure) 391M->281M(481M) 69.536ms
[440.702s][info][gc,cpu         ] GC(442) User=0.11s Sys=0.02s Real=0.07s
[441.162s][info][gc,start       ] GC(443) Pause Young (Allocation Failure)
[441.188s][info][gc,heap        ] GC(443) PSYoungGen: 151690K(229888K)->19093K(216064K) Eden: 125952K(125952K)->0K(131584K) From: 25738K(103936K)->19093K(84480K)
[441.188s][info][gc,heap        ] GC(443) ParOldGen: 262911K(263168K)->273436K(273920K)
[441.188s][info][gc,metaspace   ] GC(443) Metaspace: 42915K(43264K)->42915K(43264K) NonClass: 40099K(40320K)->40099K(40320K) Class: 2816K(2944K)->2816K(2944K)
[441.188s][info][gc             ] GC(443) Pause Young (Allocation Failure) 404M->285M(478M) 26.128ms
[441.188s][info][gc,cpu         ] GC(443) User=0.03s Sys=0.01s Real=0.02s
[441.680s][info][gc,start       ] GC(444) Pause Young (Allocation Failure)
[441.684s][info][gc,heap        ] GC(444) PSYoungGen: 150677K(216064K)->2110K(225792K) Eden: 131584K(131584K)->0K(131584K) From: 19093K(84480K)->2110K(94208K)
[441.684s][info][gc,heap        ] GC(444) ParOldGen: 273436K(273920K)->273999K(274432K)
[441.684s][info][gc,metaspace   ] GC(444) Metaspace: 42915K(43264K)->42915K(43264K) NonClass: 40099K(40320K)->40099K(40320K) Class: 2816K(2944K)->2816K(2944K)
[441.684s][info][gc             ] GC(444) Pause Young (Allocation Failure) 414M->269M(488M) 3.970ms
[441.684s][info][gc,cpu         ] GC(444) User=0.00s Sys=0.00s Real=0.00s
[442.192s][info][gc,start       ] GC(445) Pause Young (Allocation Failure)
[442.206s][info][gc,heap        ] GC(445) PSYoungGen: 133694K(225792K)->20928K(228864K) Eden: 131584K(131584K)->0K(146944K) From: 2110K(94208K)->20928K(81920K)
[442.206s][info][gc,heap        ] GC(445) ParOldGen: 273999K(274432K)->274560K(274944K)
[442.206s][info][gc,metaspace   ] GC(445) Metaspace: 42915K(43264K)->42915K(43264K) NonClass: 40099K(40320K)->40099K(40320K) Class: 2816K(2944K)->2816K(2944K)
[442.206s][info][gc             ] GC(445) Pause Young (Allocation Failure) 398M->288M(492M) 14.423ms
[442.206s][info][gc,cpu         ] GC(445) User=0.03s Sys=0.00s Real=0.01s
[442.720s][info][gc,start       ] GC(446) Pause Young (Allocation Failure)
[442.726s][info][gc,heap        ] GC(446) PSYoungGen: 167872K(228864K)->6504K(235008K) Eden: 146944K(146944K)->0K(146944K) From: 20928K(81920K)->6504K(88064K)
[442.726s][info][gc,heap        ] GC(446) ParOldGen: 274560K(274944K)->275005K(275456K)
[442.727s][info][gc,metaspace   ] GC(446) Metaspace: 42915K(43264K)->42915K(43264K) NonClass: 40099K(40320K)->40099K(40320K) Class: 2816K(2944K)->2816K(2944K)
[442.727s][info][gc             ] GC(446) Pause Young (Allocation Failure) 432M->274M(498M) 6.297ms
[442.727s][info][gc,cpu         ] GC(446) User=0.01s Sys=0.00s Real=0.00s
[443.235s][info][gc,start       ] GC(447) Pause Young (Allocation Failure)
[443.242s][info][gc,heap        ] GC(447) PSYoungGen: 153448K(235008K)->6841K(238080K) Eden: 146944K(146944K)->0K(160256K) From: 6504K(88064K)->6841K(77824K)
[443.242s][info][gc,heap        ] GC(447) ParOldGen: 275005K(275456K)->275774K(275968K)
[443.242s][info][gc,metaspace   ] GC(447) Metaspace: 42915K(43264K)->42915K(43264K) NonClass: 40099K(40320K)->40099K(40320K) Class: 2816K(2944K)->2816K(2944K)
[443.242s][info][gc             ] GC(447) Pause Young (Allocation Failure) 418M->275M(502M) 6.780ms
[443.242s][info][gc,cpu         ] GC(447) User=0.01s Sys=0.00s Real=0.01s
[443.808s][info][gc,start       ] GC(448) Pause Young (Allocation Failure)
[443.814s][info][gc,heap        ] GC(448) PSYoungGen: 167097K(238080K)->5627K(243200K) Eden: 160256K(160256K)->0K(160256K) From: 6841K(77824K)->5627K(82944K)
[443.814s][info][gc,heap        ] GC(448) ParOldGen: 275774K(275968K)->276133K(276480K)
[443.814s][info][gc,metaspace   ] GC(448) Metaspace: 42915K(43264K)->42915K(43264K) NonClass: 40099K(40320K)->40099K(40320K) Class: 2816K(2944K)->2816K(2944K)
[443.814s][info][gc             ] GC(448) Pause Young (Allocation Failure) 432M->275M(507M) 6.221ms
[443.814s][info][gc,cpu         ] GC(448) User=0.02s Sys=0.01s Real=0.01s
[444.355s][info][gc,start       ] GC(449) Pause Young (Allocation Failure)
[444.370s][info][gc,heap        ] GC(449) PSYoungGen: 165459K(243200K)->19817K(238592K) Eden: 159832K(160256K)->0K(171008K) From: 5627K(82944K)->19817K(67584K)
[444.370s][info][gc,heap        ] GC(449) ParOldGen: 276133K(276480K)->276498K(276992K)
[444.370s][info][gc,metaspace   ] GC(449) Metaspace: 42915K(43264K)->42915K(43264K) NonClass: 40099K(40320K)->40099K(40320K) Class: 2816K(2944K)->2816K(2944K)
[444.370s][info][gc             ] GC(449) Pause Young (Allocation Failure) 431M->289M(503M) 14.550ms
[444.370s][info][gc,cpu         ] GC(449) User=0.02s Sys=0.00s Real=0.02s
[444.878s][info][gc,start       ] GC(450) Pause Young (Allocation Failure)
[444.901s][info][gc,heap        ] GC(450) PSYoungGen: 190825K(238592K)->3051K(245760K) Eden: 171008K(171008K)->0K(171008K) From: 19817K(67584K)->3051K(74752K)
[444.901s][info][gc,heap        ] GC(450) ParOldGen: 276498K(276992K)->295995K(296448K)
[444.901s][info][gc,metaspace   ] GC(450) Metaspace: 42915K(43264K)->42915K(43264K) NonClass: 40099K(40320K)->40099K(40320K) Class: 2816K(2944K)->2816K(2944K)
[444.901s][info][gc             ] GC(450) Pause Young (Allocation Failure) 456M->292M(529M) 22.816ms
[444.901s][info][gc,cpu         ] GC(450) User=0.02s Sys=0.02s Real=0.03s
[445.441s][info][gc,start       ] GC(451) Pause Young (Allocation Failure)
[445.446s][info][gc,heap        ] GC(451) PSYoungGen: 174059K(245760K)->1036K(252928K) Eden: 171008K(171008K)->0K(186368K) From: 3051K(74752K)->1036K(66560K)
[445.446s][info][gc,heap        ] GC(451) ParOldGen: 295995K(296448K)->298382K(299008K)
[445.446s][info][gc,metaspace   ] GC(451) Metaspace: 42915K(43264K)->42915K(43264K) NonClass: 40099K(40320K)->40099K(40320K) Class: 2816K(2944K)->2816K(2944K)
[445.446s][info][gc             ] GC(451) Pause Young (Allocation Failure) 459M->292M(539M) 4.814ms
[445.446s][info][gc,cpu         ] GC(451) User=0.00s Sys=0.00s Real=0.00s
[446.008s][info][gc,start       ] GC(452) Pause Young (Allocation Failure)
[446.013s][info][gc,heap        ] GC(452) PSYoungGen: 187404K(252928K)->3146K(257024K) Eden: 186368K(186368K)->0K(186368K) From: 1036K(66560K)->3146K(70656K)
[446.013s][info][gc,heap        ] GC(452) ParOldGen: 298382K(299008K)->298830K(299008K)
[446.013s][info][gc,metaspace   ] GC(452) Metaspace: 42915K(43264K)->42915K(43264K) NonClass: 40099K(40320K)->40099K(40320K) Class: 2816K(2944K)->2816K(2944K)
[446.013s][info][gc             ] GC(452) Pause Young (Allocation Failure) 474M->294M(543M) 5.206ms
[446.014s][info][gc,cpu         ] GC(452) User=0.01s Sys=0.00s Real=0.01s
[446.349s][info][gc,start       ] GC(453) Pause Young (Allocation Failure)
[446.355s][info][gc,heap        ] GC(453) PSYoungGen: 189514K(257024K)->2990K(257024K) Eden: 186368K(186368K)->0K(195584K) From: 3146K(70656K)->2990K(61440K)
[446.355s][info][gc,heap        ] GC(453) ParOldGen: 298830K(299008K)->300890K(301056K)
[446.355s][info][gc,metaspace   ] GC(453) Metaspace: 42915K(43264K)->42915K(43264K) NonClass: 40099K(40320K)->40099K(40320K) Class: 2816K(2944K)->2816K(2944K)
[446.355s][info][gc             ] GC(453) Pause Young (Allocation Failure) 476M->296M(545M) 6.409ms
[446.355s][info][gc,cpu         ] GC(453) User=0.01s Sys=0.00s Real=0.01s
[446.696s][info][gc,start       ] GC(454) Pause Young (Allocation Failure)
[446.700s][info][gc,heap        ] GC(454) PSYoungGen: 198574K(257024K)->3182K(260608K) Eden: 195584K(195584K)->0K(195584K) From: 2990K(61440K)->3182K(65024K)
[446.700s][info][gc,heap        ] GC(454) ParOldGen: 300890K(301056K)->300970K(301056K)
[446.700s][info][gc,metaspace   ] GC(454) Metaspace: 42915K(43264K)->42915K(43264K) NonClass: 40099K(40320K)->40099K(40320K) Class: 2816K(2944K)->2816K(2944K)
[446.700s][info][gc             ] GC(454) Pause Young (Allocation Failure) 487M->297M(548M) 4.256ms
[446.700s][info][gc,cpu         ] GC(454) User=0.01s Sys=0.00s Real=0.01s
[447.071s][info][gc,start       ] GC(455) Pause Young (Allocation Failure)
[447.079s][info][gc,heap        ] GC(455) PSYoungGen: 197723K(260608K)->10631K(260096K) Eden: 194540K(195584K)->0K(206848K) From: 3182K(65024K)->10631K(53248K)
[447.079s][info][gc,heap        ] GC(455) ParOldGen: 300970K(301056K)->301230K(301568K)
[447.079s][info][gc,metaspace   ] GC(455) Metaspace: 42915K(43264K)->42915K(43264K) NonClass: 40099K(40320K)->40099K(40320K) Class: 2816K(2944K)->2816K(2944K)
[447.079s][info][gc             ] GC(455) Pause Young (Allocation Failure) 487M->304M(548M) 8.251ms
[447.079s][info][gc,cpu         ] GC(455) User=0.01s Sys=0.00s Real=0.00s
[447.360s][info][gc,start       ] GC(456) Pause Young (Allocation Failure)
[447.373s][info][gc,heap        ] GC(456) PSYoungGen: 215671K(260096K)->1440K(264704K) Eden: 205040K(206848K)->0K(206848K) From: 10631K(53248K)->1440K(57856K)
[447.373s][info][gc,heap        ] GC(456) ParOldGen: 301230K(301568K)->311615K(311808K)
[447.373s][info][gc,metaspace   ] GC(456) Metaspace: 42915K(43264K)->42915K(43264K) NonClass: 40099K(40320K)->40099K(40320K) Class: 2816K(2944K)->2816K(2944K)
[447.373s][info][gc             ] GC(456) Pause Young (Allocation Failure) 504M->305M(563M) 12.988ms
[447.373s][info][gc,cpu         ] GC(456) User=0.02s Sys=0.01s Real=0.01s
[447.661s][info][gc,start       ] GC(457) Pause Young (Allocation Failure)
[447.667s][info][gc,heap        ] GC(457) PSYoungGen: 208288K(264704K)->2392K(268800K) Eden: 206848K(206848K)->0K(220672K) From: 1440K(57856K)->2392K(48128K)
[447.668s][info][gc,heap        ] GC(457) ParOldGen: 311615K(311808K)->313012K(313344K)
[447.668s][info][gc,metaspace   ] GC(457) Metaspace: 42915K(43264K)->42915K(43264K) NonClass: 40099K(40320K)->40099K(40320K) Class: 2816K(2944K)->2816K(2944K)
[447.668s][info][gc             ] GC(457) Pause Young (Allocation Failure) 507M->308M(568M) 6.327ms
[447.668s][info][gc,cpu         ] GC(457) User=0.01s Sys=0.00s Real=0.00s
[447.985s][info][gc,start       ] GC(458) Pause Young (Allocation Failure)
[447.994s][info][gc,heap        ] GC(458) PSYoungGen: 223064K(268800K)->4555K(273408K) Eden: 220672K(220672K)->0K(220672K) From: 2392K(48128K)->4555K(52736K)
[447.994s][info][gc,heap        ] GC(458) ParOldGen: 313012K(313344K)->315431K(315904K)
[447.994s][info][gc,metaspace   ] GC(458) Metaspace: 42915K(43264K)->42915K(43264K) NonClass: 40099K(40320K)->40099K(40320K) Class: 2816K(2944K)->2816K(2944K)
[447.994s][info][gc             ] GC(458) Pause Young (Allocation Failure) 523M->312M(575M) 9.567ms
[447.994s][info][gc,cpu         ] GC(458) User=0.02s Sys=0.00s Real=0.01s
[448.308s][info][gc,start       ] GC(459) Pause Young (Allocation Failure)
[448.319s][info][gc,heap        ] GC(459) PSYoungGen: 225227K(273408K)->3517K(272896K) Eden: 220672K(220672K)->0K(230912K) From: 4555K(52736K)->3517K(41984K)
[448.319s][info][gc,heap        ] GC(459) ParOldGen: 315431K(315904K)->319938K(320000K)
[448.319s][info][gc,metaspace   ] GC(459) Metaspace: 42915K(43264K)->42915K(43264K) NonClass: 40099K(40320K)->40099K(40320K) Class: 2816K(2944K)->2816K(2944K)
[448.319s][info][gc             ] GC(459) Pause Young (Allocation Failure) 527M->315M(579M) 11.115ms
[448.319s][info][gc,cpu         ] GC(459) User=0.02s Sys=0.00s Real=0.01s
[448.655s][info][gc,start       ] GC(460) Pause Young (Allocation Failure)
[448.669s][info][gc,heap        ] GC(460) PSYoungGen: 234429K(272896K)->7704K(278016K) Eden: 230912K(230912K)->0K(230912K) From: 3517K(41984K)->7704K(47104K)
[448.669s][info][gc,heap        ] GC(460) ParOldGen: 319938K(320000K)->323410K(323584K)
[448.669s][info][gc,metaspace   ] GC(460) Metaspace: 42915K(43264K)->42915K(43264K) NonClass: 40099K(40320K)->40099K(40320K) Class: 2816K(2944K)->2816K(2944K)
[448.669s][info][gc             ] GC(460) Pause Young (Allocation Failure) 541M->323M(587M) 14.402ms
[448.669s][info][gc,cpu         ] GC(460) User=0.03s Sys=0.00s Real=0.02s
[449.013s][info][gc,start       ] GC(461) Pause Young (Allocation Failure)
[449.031s][info][gc,heap        ] GC(461) PSYoungGen: 238616K(278016K)->5841K(279552K) Eden: 230912K(230912K)->0K(242688K) From: 7704K(47104K)->5841K(36864K)
[449.031s][info][gc,heap        ] GC(461) ParOldGen: 323410K(323584K)->331186K(331264K)
[449.031s][info][gc,metaspace   ] GC(461) Metaspace: 42915K(43264K)->42915K(43264K) NonClass: 40099K(40320K)->40099K(40320K) Class: 2816K(2944K)->2816K(2944K)
[449.031s][info][gc             ] GC(461) Pause Young (Allocation Failure) 548M->329M(596M) 18.105ms
[449.031s][info][gc,cpu         ] GC(461) User=0.03s Sys=0.00s Real=0.02s
[449.578s][info][gc,start       ] GC(462) Pause Young (Allocation Failure)
[449.598s][info][gc,heap        ] GC(462) PSYoungGen: 246833K(279552K)->14252K(284160K) Eden: 240991K(242688K)->0K(242688K) From: 5841K(36864K)->14252K(41472K)
[449.598s][info][gc,heap        ] GC(462) ParOldGen: 331186K(331264K)->336824K(336896K)
[449.599s][info][gc,metaspace   ] GC(462) Metaspace: 42916K(43264K)->42916K(43264K) NonClass: 40100K(40320K)->40100K(40320K) Class: 2816K(2944K)->2816K(2944K)
[449.599s][info][gc             ] GC(462) Pause Young (Allocation Failure) 564M->342M(606M) 20.929ms
[449.599s][info][gc,cpu         ] GC(462) User=0.04s Sys=0.01s Real=0.02s
[450.179s][info][gc,start       ] GC(463) Pause Young (Allocation Failure)
[450.197s][info][gc,heap        ] GC(463) PSYoungGen: 256940K(284160K)->1894K(287744K) Eden: 242688K(242688K)->0K(252416K) From: 14252K(41472K)->1894K(35328K)
[450.197s][info][gc,heap        ] GC(463) ParOldGen: 336824K(336896K)->349868K(350208K)
[450.197s][info][gc,metaspace   ] GC(463) Metaspace: 42918K(43264K)->42918K(43264K) NonClass: 40102K(40320K)->40102K(40320K) Class: 2816K(2944K)->2816K(2944K)
[450.197s][info][gc             ] GC(463) Pause Young (Allocation Failure) 579M->343M(623M) 18.326ms
[450.197s][info][gc,cpu         ] GC(463) User=0.02s Sys=0.01s Real=0.02s
[450.798s][info][gc,start       ] GC(464) Pause Young (Allocation Failure)
[450.802s][info][gc,heap        ] GC(464) PSYoungGen: 254310K(287744K)->3292K(290816K) Eden: 252416K(252416K)->0K(252416K) From: 1894K(35328K)->3292K(38400K)
[450.802s][info][gc,heap        ] GC(464) ParOldGen: 349868K(350208K)->350209K(350720K)
[450.802s][info][gc,metaspace   ] GC(464) Metaspace: 42955K(43328K)->42955K(43328K) NonClass: 40139K(40384K)->40139K(40384K) Class: 2816K(2944K)->2816K(2944K)
[450.802s][info][gc             ] GC(464) Pause Young (Allocation Failure) 590M->345M(626M) 4.797ms
[450.803s][info][gc,cpu         ] GC(464) User=0.01s Sys=0.00s Real=0.01s
[451.437s][info][gc,start       ] GC(465) Pause Young (Allocation Failure)
[451.442s][info][gc,heap        ] GC(465) PSYoungGen: 255708K(290816K)->3908K(290304K) Eden: 252416K(252416K)->0K(259072K) From: 3292K(38400K)->3908K(31232K)
[451.442s][info][gc,heap        ] GC(465) ParOldGen: 350209K(350720K)->350209K(350720K)
[451.442s][info][gc,metaspace   ] GC(465) Metaspace: 42955K(43328K)->42955K(43328K) NonClass: 40139K(40384K)->40139K(40384K) Class: 2816K(2944K)->2816K(2944K)
[451.442s][info][gc             ] GC(465) Pause Young (Allocation Failure) 591M->345M(626M) 5.183ms
[451.442s][info][gc,cpu         ] GC(465) User=0.01s Sys=0.00s Real=0.01s
[452.127s][info][gc,start       ] GC(466) Pause Young (Allocation Failure)
[452.131s][info][gc,heap        ] GC(466) PSYoungGen: 262980K(290304K)->4489K(293376K) Eden: 259072K(259072K)->0K(259072K) From: 3908K(31232K)->4489K(34304K)
[452.131s][info][gc,heap        ] GC(466) ParOldGen: 350209K(350720K)->350265K(350720K)
[452.131s][info][gc,metaspace   ] GC(466) Metaspace: 42957K(43328K)->42957K(43328K) NonClass: 40141K(40384K)->40141K(40384K) Class: 2816K(2944K)->2816K(2944K)
[452.131s][info][gc             ] GC(466) Pause Young (Allocation Failure) 598M->346M(629M) 4.525ms
[452.131s][info][gc,cpu         ] GC(466) User=0.00s Sys=0.00s Real=0.01s
[452.721s][info][gc,start       ] GC(467) Pause Young (Allocation Failure)
[452.727s][info][gc,heap        ] GC(467) PSYoungGen: 263561K(293376K)->8234K(294400K) Eden: 259072K(259072K)->0K(267264K) From: 4489K(34304K)->8234K(27136K)
[452.727s][info][gc,heap        ] GC(467) ParOldGen: 350265K(350720K)->351600K(351744K)
[452.728s][info][gc,metaspace   ] GC(467) Metaspace: 42959K(43328K)->42959K(43328K) NonClass: 40143K(40384K)->40143K(40384K) Class: 2816K(2944K)->2816K(2944K)
[452.728s][info][gc             ] GC(467) Pause Young (Allocation Failure) 599M->351M(631M) 7.021ms
[452.728s][info][gc,cpu         ] GC(467) User=0.02s Sys=0.00s Real=0.00s
[454.069s][info][gc,start       ] GC(468) Pause Young (Allocation Failure)
[454.077s][info][gc,heap        ] GC(468) PSYoungGen: 275498K(294400K)->4850K(297472K) Eden: 267264K(267264K)->0K(267264K) From: 8234K(27136K)->4850K(30208K)
[454.077s][info][gc,heap        ] GC(468) ParOldGen: 351600K(351744K)->351728K(351744K)
[454.077s][info][gc,metaspace   ] GC(468) Metaspace: 42985K(43328K)->42985K(43328K) NonClass: 40168K(40384K)->40168K(40384K) Class: 2816K(2944K)->2816K(2944K)
[454.077s][info][gc             ] GC(468) Pause Young (Allocation Failure) 612M->348M(634M) 7.468ms
[454.077s][info][gc,cpu         ] GC(468) User=0.01s Sys=0.00s Real=0.00s
[454.995s][info][gc,start       ] GC(469) Pause Young (Allocation Failure)
[455.039s][info][gc,heap        ] GC(469) PSYoungGen: 272114K(297472K)->28656K(289792K) Eden: 267264K(267264K)->0K(261120K) From: 4850K(30208K)->28656K(28672K)
[455.039s][info][gc,heap        ] GC(469) ParOldGen: 351728K(351744K)->358146K(358400K)
[455.039s][info][gc,metaspace   ] GC(469) Metaspace: 42985K(43328K)->42985K(43328K) NonClass: 40169K(40384K)->40169K(40384K) Class: 2816K(2944K)->2816K(2944K)
[455.039s][info][gc             ] GC(469) Pause Young (Allocation Failure) 609M->377M(633M) 44.022ms
[455.039s][info][gc,cpu         ] GC(469) User=0.08s Sys=0.01s Real=0.05s
[455.717s][info][gc,start       ] GC(470) Pause Young (Allocation Failure)
[455.792s][info][gc,heap        ] GC(470) PSYoungGen: 289776K(289792K)->29112K(290304K) Eden: 261120K(261120K)->0K(261120K) From: 28656K(28672K)->29112K(29184K)
[455.793s][info][gc,heap        ] GC(470) ParOldGen: 358146K(358400K)->386086K(386560K)
[455.793s][info][gc,metaspace   ] GC(470) Metaspace: 42985K(43328K)->42985K(43328K) NonClass: 40169K(40384K)->40169K(40384K) Class: 2816K(2944K)->2816K(2944K)
[455.793s][info][gc             ] GC(470) Pause Young (Allocation Failure) 632M->405M(661M) 75.184ms
[455.793s][info][gc,cpu         ] GC(470) User=0.13s Sys=0.02s Real=0.08s
[456.456s][info][gc,start       ] GC(471) Pause Young (Allocation Failure)
[456.559s][info][gc,heap        ] GC(471) PSYoungGen: 290232K(290304K)->28736K(286720K) Eden: 261120K(261120K)->0K(245760K) From: 29112K(29184K)->28736K(40960K)
[456.559s][info][gc,heap        ] GC(471) ParOldGen: 386086K(386560K)->413722K(414208K)
[456.559s][info][gc,metaspace   ] GC(471) Metaspace: 42985K(43328K)->42985K(43328K) NonClass: 40169K(40384K)->40169K(40384K) Class: 2816K(2944K)->2816K(2944K)
[456.559s][info][gc             ] GC(471) Pause Young (Allocation Failure) 660M->432M(684M) 103.270ms
[456.559s][info][gc,cpu         ] GC(471) User=0.11s Sys=0.02s Real=0.10s
[460.468s][info][gc,start       ] GC(472) Pause Young (Allocation Failure)
[460.526s][info][gc,heap        ] GC(472) PSYoungGen: 274496K(286720K)->14224K(289792K) Eden: 245760K(245760K)->0K(245760K) From: 28736K(40960K)->14224K(44032K)
[460.526s][info][gc,heap        ] GC(472) ParOldGen: 413722K(414208K)->442643K(442880K)
[460.526s][info][gc,metaspace   ] GC(472) Metaspace: 42991K(43328K)->42991K(43328K) NonClass: 40174K(40384K)->40174K(40384K) Class: 2816K(2944K)->2816K(2944K)
[460.526s][info][gc             ] GC(472) Pause Young (Allocation Failure) 672M->446M(715M) 57.634ms
[460.526s][info][gc,cpu         ] GC(472) User=0.08s Sys=0.03s Real=0.06s
[461.244s][info][gc,start       ] GC(473) Pause Young (Allocation Failure)
[461.288s][info][gc,heap        ] GC(473) PSYoungGen: 259984K(289792K)->21770K(289280K) Eden: 245760K(245760K)->0K(248320K) From: 14224K(44032K)->21770K(40960K)
[461.288s][info][gc,heap        ] GC(473) ParOldGen: 442643K(442880K)->454063K(454144K)
[461.288s][info][gc,metaspace   ] GC(473) Metaspace: 42995K(43328K)->42995K(43328K) NonClass: 40178K(40384K)->40178K(40384K) Class: 2816K(2944K)->2816K(2944K)
[461.288s][info][gc             ] GC(473) Pause Young (Allocation Failure) 686M->464M(726M) 44.251ms
[461.288s][info][gc,cpu         ] GC(473) User=0.08s Sys=0.00s Real=0.04s
[461.989s][info][gc,start       ] GC(474) Pause Young (Allocation Failure)
[462.053s][info][gc,heap        ] GC(474) PSYoungGen: 270090K(289280K)->30744K(279552K) Eden: 248320K(248320K)->0K(248320K) From: 21770K(40960K)->30744K(31232K)
[462.053s][info][gc,heap        ] GC(474) ParOldGen: 454063K(454144K)->475080K(475136K)
[462.053s][info][gc,metaspace   ] GC(474) Metaspace: 42995K(43328K)->42995K(43328K) NonClass: 40178K(40384K)->40178K(40384K) Class: 2816K(2944K)->2816K(2944K)
[462.053s][info][gc             ] GC(474) Pause Young (Allocation Failure) 707M->493M(737M) 64.394ms
[462.054s][info][gc,cpu         ] GC(474) User=0.11s Sys=0.02s Real=0.07s
[462.742s][info][gc,start       ] GC(475) Pause Young (Allocation Failure)
[462.815s][info][gc,heap        ] GC(475) PSYoungGen: 279064K(279552K)->30688K(283648K) Eden: 248320K(248320K)->0K(238592K) From: 30744K(31232K)->30688K(45056K)
[462.815s][info][gc,heap        ] GC(475) ParOldGen: 475080K(475136K)->504400K(504832K)
[462.815s][info][gc,metaspace   ] GC(475) Metaspace: 42995K(43328K)->42995K(43328K) NonClass: 40178K(40384K)->40178K(40384K) Class: 2816K(2944K)->2816K(2944K)
[462.815s][info][gc             ] GC(475) Pause Young (Allocation Failure) 736M->522M(770M) 73.003ms
[462.815s][info][gc,cpu         ] GC(475) User=0.12s Sys=0.02s Real=0.07s
[464.573s][info][gc,start       ] GC(476) Pause Young (Allocation Failure)
[464.628s][info][gc,heap        ] GC(476) PSYoungGen: 269280K(283648K)->13300K(286208K) Eden: 238592K(238592K)->0K(238592K) From: 30688K(45056K)->13300K(47616K)
[464.628s][info][gc,heap        ] GC(476) ParOldGen: 504400K(504832K)->535305K(535552K)
[464.628s][info][gc,metaspace   ] GC(476) Metaspace: 42995K(43328K)->42995K(43328K) NonClass: 40178K(40384K)->40178K(40384K) Class: 2816K(2944K)->2816K(2944K)
[464.628s][info][gc             ] GC(476) Pause Young (Allocation Failure) 755M->535M(802M) 54.911ms
[464.628s][info][gc,cpu         ] GC(476) User=0.08s Sys=0.03s Real=0.05s
[466.013s][info][gc,start       ] GC(477) Pause Young (Allocation Failure)
[466.035s][info][gc,heap        ] GC(477) PSYoungGen: 251892K(286208K)->7403K(284160K) Eden: 238592K(238592K)->0K(241152K) From: 13300K(47616K)->7403K(43008K)
[466.035s][info][gc,heap        ] GC(477) ParOldGen: 535305K(535552K)->546115K(546304K)
[466.035s][info][gc,metaspace   ] GC(477) Metaspace: 42995K(43328K)->42995K(43328K) NonClass: 40178K(40384K)->40178K(40384K) Class: 2816K(2944K)->2816K(2944K)
[466.035s][info][gc             ] GC(477) Pause Young (Allocation Failure) 768M->540M(811M) 21.930ms
[466.035s][info][gc,cpu         ] GC(477) User=0.04s Sys=0.01s Real=0.02s
[467.613s][info][gc,start       ] GC(478) Pause Young (Allocation Failure)
[467.650s][info][gc,heap        ] GC(478) PSYoungGen: 248555K(284160K)->25005K(285184K) Eden: 241152K(241152K)->0K(241152K) From: 7403K(43008K)->25005K(44032K)
[467.650s][info][gc,heap        ] GC(478) ParOldGen: 546115K(546304K)->553448K(553472K)
[467.650s][info][gc,metaspace   ] GC(478) Metaspace: 42995K(43328K)->42995K(43328K) NonClass: 40178K(40384K)->40178K(40384K) Class: 2816K(2944K)->2816K(2944K)
[467.650s][info][gc             ] GC(478) Pause Young (Allocation Failure) 776M->564M(819M) 36.945ms
[467.650s][info][gc,cpu         ] GC(478) User=0.06s Sys=0.01s Real=0.04s
[469.219s][info][gc,start       ] GC(479) Pause Young (Allocation Failure)
[469.274s][info][gc,heap        ] GC(479) PSYoungGen: 266157K(285184K)->21423K(288256K) Eden: 241152K(241152K)->0K(245248K) From: 25005K(44032K)->21423K(43008K)
[469.274s][info][gc,heap        ] GC(479) ParOldGen: 553448K(553472K)->578562K(579072K)
[469.274s][info][gc,metaspace   ] GC(479) Metaspace: 42995K(43328K)->42995K(43328K) NonClass: 40178K(40384K)->40178K(40384K) Class: 2816K(2944K)->2816K(2944K)
[469.274s][info][gc             ] GC(479) Pause Young (Allocation Failure) 800M->585M(847M) 54.951ms
[469.274s][info][gc,cpu         ] GC(479) User=0.09s Sys=0.02s Real=0.05s
[470.648s][info][gc,start       ] GC(480) Pause Young (Allocation Failure)
[470.704s][info][gc,heap        ] GC(480) PSYoungGen: 266671K(288256K)->30544K(275968K) Eden: 245248K(245248K)->0K(245248K) From: 21423K(43008K)->30544K(30720K)
[470.704s][info][gc,heap        ] GC(480) ParOldGen: 578562K(579072K)->600072K(600576K)
[470.704s][info][gc,metaspace   ] GC(480) Metaspace: 42995K(43328K)->42995K(43328K) NonClass: 40178K(40384K)->40178K(40384K) Class: 2816K(2944K)->2816K(2944K)
[470.704s][info][gc             ] GC(480) Pause Young (Allocation Failure) 825M->615M(856M) 55.695ms
[470.704s][info][gc,cpu         ] GC(480) User=0.09s Sys=0.02s Real=0.06s
[471.419s][info][gc,start       ] GC(481) Pause Young (Allocation Failure)
[471.490s][info][gc,heap        ] GC(481) PSYoungGen: 275792K(275968K)->30316K(285184K) Eden: 245248K(245248K)->0K(239616K) From: 30544K(30720K)->30316K(45568K)
[471.490s][info][gc,heap        ] GC(481) ParOldGen: 600072K(600576K)->630548K(630784K)
[471.490s][info][gc,metaspace   ] GC(481) Metaspace: 42995K(43328K)->42995K(43328K) NonClass: 40178K(40384K)->40178K(40384K) Class: 2816K(2944K)->2816K(2944K)
[471.490s][info][gc             ] GC(481) Pause Young (Allocation Failure) 855M->645M(894M) 71.317ms
[471.490s][info][gc,cpu         ] GC(481) User=0.11s Sys=0.02s Real=0.08s
[472.107s][info][gc,start       ] GC(482) Pause Full (Allocation Failure)
[472.108s][info][gc,phases,start] GC(482) Marking Phase
[472.217s][info][gc,phases      ] GC(482) Marking Phase 109.124ms
[472.217s][info][gc,phases,start] GC(482) Summary Phase
[472.217s][info][gc,phases      ] GC(482) Summary Phase 0.033ms
[472.217s][info][gc,phases,start] GC(482) Forward
[472.244s][info][gc,phases      ] GC(482) Forward 27.361ms
[472.244s][info][gc,phases,start] GC(482) Adjust Pointers
[472.310s][info][gc,phases      ] GC(482) Adjust Pointers 65.764ms
[472.310s][info][gc,phases,start] GC(482) Compaction Phase
[472.342s][info][gc,phases      ] GC(482) Compaction Phase 32.118ms
[472.342s][info][gc,phases,start] GC(482) Post Compact
[472.345s][info][gc,phases      ] GC(482) Post Compact 2.721ms
[472.378s][info][gc,heap        ] GC(482) PSYoungGen: 269932K(285184K)->0K(286720K) Eden: 239616K(239616K)->0K(239616K) From: 30316K(45568K)->0K(47104K)
[472.379s][info][gc,heap        ] GC(482) ParOldGen: 630548K(630784K)->120590K(261632K)
[472.379s][info][gc,metaspace   ] GC(482) Metaspace: 42995K(43328K)->42995K(43328K) NonClass: 40178K(40384K)->40178K(40384K) Class: 2816K(2944K)->2816K(2944K)
[472.379s][info][gc             ] GC(482) Pause Full (Allocation Failure) 879M->117M(535M) 271.110ms
[472.379s][info][gc,cpu         ] GC(482) User=0.41s Sys=0.03s Real=0.27s
[474.034s][info][gc,start       ] GC(483) Pause Young (Allocation Failure)
[474.101s][info][gc,heap        ] GC(483) PSYoungGen: 239616K(286720K)->23632K(284672K) Eden: 239616K(239616K)->0K(239616K) From: 0K(47104K)->23632K(45056K)
[474.101s][info][gc,heap        ] GC(483) ParOldGen: 120590K(261632K)->120590K(261632K)
[474.101s][info][gc,metaspace   ] GC(483) Metaspace: 42995K(43328K)->42995K(43328K) NonClass: 40178K(40384K)->40178K(40384K) Class: 2816K(2944K)->2816K(2944K)
[474.101s][info][gc             ] GC(483) Pause Young (Allocation Failure) 351M->140M(533M) 66.731ms
[474.101s][info][gc,cpu         ] GC(483) User=0.04s Sys=0.00s Real=0.07s
[475.171s][info][gc,start       ] GC(484) Pause Young (Allocation Failure)
[475.195s][info][gc,heap        ] GC(484) PSYoungGen: 263248K(284672K)->7694K(285696K) Eden: 239616K(239616K)->0K(239616K) From: 23632K(45056K)->7694K(46080K)
[475.195s][info][gc,heap        ] GC(484) ParOldGen: 120590K(261632K)->144406K(261632K)
[475.195s][info][gc,metaspace   ] GC(484) Metaspace: 42995K(43328K)->42995K(43328K) NonClass: 40178K(40384K)->40178K(40384K) Class: 2816K(2944K)->2816K(2944K)
[475.195s][info][gc             ] GC(484) Pause Young (Allocation Failure) 374M->148M(534M) 24.349ms
[475.195s][info][gc,cpu         ] GC(484) User=0.04s Sys=0.00s Real=0.02s
[476.591s][info][gc,start       ] GC(485) Pause Young (Allocation Failure)
[476.598s][info][gc,heap        ] GC(485) PSYoungGen: 247310K(285696K)->1302K(287232K) Eden: 239616K(239616K)->0K(241664K) From: 7694K(46080K)->1302K(45568K)
[476.598s][info][gc,heap        ] GC(485) ParOldGen: 144406K(261632K)->150163K(261632K)
[476.598s][info][gc,metaspace   ] GC(485) Metaspace: 42995K(43328K)->42995K(43328K) NonClass: 40178K(40384K)->40178K(40384K) Class: 2816K(2944K)->2816K(2944K)
[476.598s][info][gc             ] GC(485) Pause Young (Allocation Failure) 382M->147M(536M) 6.230ms
[476.598s][info][gc,cpu         ] GC(485) User=0.01s Sys=0.00s Real=0.00s
[478.076s][info][gc,start       ] GC(486) Pause Young (Allocation Failure)
[478.100s][info][gc,heap        ] GC(486) PSYoungGen: 242966K(287232K)->21688K(263680K) Eden: 241664K(241664K)->0K(241664K) From: 1302K(45568K)->21688K(22016K)
[478.100s][info][gc,heap        ] GC(486) ParOldGen: 150163K(261632K)->151350K(261632K)
[478.100s][info][gc,metaspace   ] GC(486) Metaspace: 42995K(43328K)->42995K(43328K) NonClass: 40178K(40384K)->40178K(40384K) Class: 2816K(2944K)->2816K(2944K)
[478.100s][info][gc             ] GC(486) Pause Young (Allocation Failure) 383M->168M(513M) 24.072ms
[478.100s][info][gc,cpu         ] GC(486) User=0.05s Sys=0.00s Real=0.03s
[479.606s][info][gc,start       ] GC(487) Pause Young (Allocation Failure)
[479.648s][info][gc,heap        ] GC(487) PSYoungGen: 263352K(263680K)->23748K(287232K) Eden: 241664K(241664K)->0K(242688K) From: 21688K(22016K)->23748K(44544K)
[479.648s][info][gc,heap        ] GC(487) ParOldGen: 151350K(261632K)->173202K(261632K)
[479.648s][info][gc,metaspace   ] GC(487) Metaspace: 42995K(43328K)->42995K(43328K) NonClass: 40178K(40384K)->40178K(40384K) Class: 2816K(2944K)->2816K(2944K)
[479.648s][info][gc             ] GC(487) Pause Young (Allocation Failure) 404M->192M(536M) 41.848ms
[479.648s][info][gc,cpu         ] GC(487) User=0.09s Sys=0.00s Real=0.04s
[480.753s][info][gc,start       ] GC(488) Pause Young (Allocation Failure)
[480.783s][info][gc,heap        ] GC(488) PSYoungGen: 266436K(287232K)->14464K(286720K) Eden: 242688K(242688K)->0K(242688K) From: 23748K(44544K)->14464K(44032K)
[480.783s][info][gc,heap        ] GC(488) ParOldGen: 173202K(261632K)->196917K(261632K)
[480.783s][info][gc,metaspace   ] GC(488) Metaspace: 42997K(43328K)->42997K(43328K) NonClass: 40180K(40384K)->40180K(40384K) Class: 2816K(2944K)->2816K(2944K)
[480.783s][info][gc             ] GC(488) Pause Young (Allocation Failure) 429M->206M(535M) 30.310ms
[480.783s][info][gc,cpu         ] GC(488) User=0.05s Sys=0.00s Real=0.03s
[481.866s][info][gc,start       ] GC(489) Pause Young (Allocation Failure)
[481.878s][info][gc,heap        ] GC(489) PSYoungGen: 257152K(286720K)->6099K(288256K) Eden: 242688K(242688K)->0K(245760K) From: 14464K(44032K)->6099K(42496K)
[481.878s][info][gc,heap        ] GC(489) ParOldGen: 196917K(261632K)->207383K(261632K)
[481.878s][info][gc,metaspace   ] GC(489) Metaspace: 42998K(43392K)->42998K(43392K) NonClass: 40182K(40448K)->40182K(40448K) Class: 2816K(2944K)->2816K(2944K)
[481.878s][info][gc             ] GC(489) Pause Young (Allocation Failure) 443M->208M(537M) 11.877ms
[481.878s][info][gc,cpu         ] GC(489) User=0.03s Sys=0.00s Real=0.01s
[482.939s][info][gc,start       ] GC(490) Pause Young (Allocation Failure)
[482.988s][info][gc,heap        ] GC(490) PSYoungGen: 251859K(288256K)->22855K(287744K) Eden: 245760K(245760K)->0K(245760K) From: 6099K(42496K)->22855K(41984K)
[482.988s][info][gc,heap        ] GC(490) ParOldGen: 207383K(261632K)->208503K(261632K)
[482.988s][info][gc,metaspace   ] GC(490) Metaspace: 42998K(43392K)->42998K(43392K) NonClass: 40182K(40448K)->40182K(40448K) Class: 2816K(2944K)->2816K(2944K)
[482.989s][info][gc             ] GC(490) Pause Young (Allocation Failure) 448M->225M(536M) 49.062ms
[482.989s][info][gc,cpu         ] GC(490) User=0.05s Sys=0.00s Real=0.04s
[483.875s][info][gc,start       ] GC(491) Pause Young (Allocation Failure)
[483.882s][info][gc,heap        ] GC(491) PSYoungGen: 268615K(287744K)->5138K(291328K) Eden: 245760K(245760K)->0K(249856K) From: 22855K(41984K)->5138K(41472K)
[483.882s][info][gc,heap        ] GC(491) ParOldGen: 208503K(261632K)->209775K(261632K)
[483.882s][info][gc,metaspace   ] GC(491) Metaspace: 42998K(43392K)->42998K(43392K) NonClass: 40182K(40448K)->40182K(40448K) Class: 2816K(2944K)->2816K(2944K)
[483.882s][info][gc             ] GC(491) Pause Young (Allocation Failure) 465M->209M(540M) 6.470ms
[483.882s][info][gc,cpu         ] GC(491) User=0.01s Sys=0.00s Real=0.01s
[484.837s][info][gc,start       ] GC(492) Pause Young (Allocation Failure)
[484.846s][info][gc,heap        ] GC(492) PSYoungGen: 254994K(291328K)->8659K(258560K) Eden: 249856K(249856K)->0K(249856K) From: 5138K(41472K)->8659K(8704K)
[484.846s][info][gc,heap        ] GC(492) ParOldGen: 209775K(261632K)->210648K(261632K)
[484.846s][info][gc,metaspace   ] GC(492) Metaspace: 42998K(43392K)->42998K(43392K) NonClass: 40182K(40448K)->40182K(40448K) Class: 2816K(2944K)->2816K(2944K)
[484.846s][info][gc             ] GC(492) Pause Young (Allocation Failure) 453M->214M(508M) 9.221ms
[484.846s][info][gc,cpu         ] GC(492) User=0.02s Sys=0.00s Real=0.01s
[485.867s][info][gc,start       ] GC(493) Pause Young (Allocation Failure)
[485.908s][info][gc,heap        ] GC(493) PSYoungGen: 258515K(258560K)->23219K(290304K) Eden: 249856K(249856K)->0K(250368K) From: 8659K(8704K)->23219K(39936K)
[485.908s][info][gc,heap        ] GC(493) ParOldGen: 210648K(261632K)->212000K(261632K)
[485.908s][info][gc,metaspace   ] GC(493) Metaspace: 42999K(43392K)->42999K(43392K) NonClass: 40183K(40448K)->40183K(40448K) Class: 2816K(2944K)->2816K(2944K)
[485.908s][info][gc             ] GC(493) Pause Young (Allocation Failure) 458M->229M(539M) 40.692ms
[485.908s][info][gc,cpu         ] GC(493) User=0.04s Sys=0.00s Real=0.04s
[486.921s][info][gc,start       ] GC(494) Pause Young (Allocation Failure)
[486.934s][info][gc,heap        ] GC(494) PSYoungGen: 273587K(290304K)->13161K(290816K) Eden: 250368K(250368K)->0K(250368K) From: 23219K(39936K)->13161K(40448K)
[486.934s][info][gc,heap        ] GC(494) ParOldGen: 212000K(261632K)->212688K(261632K)
[486.934s][info][gc,metaspace   ] GC(494) Metaspace: 42999K(43392K)->42999K(43392K) NonClass: 40183K(40448K)->40183K(40448K) Class: 2816K(2944K)->2816K(2944K)
[486.934s][info][gc             ] GC(494) Pause Young (Allocation Failure) 474M->220M(539M) 13.111ms
[486.934s][info][gc,cpu         ] GC(494) User=0.03s Sys=0.00s Real=0.01s
[487.887s][info][gc,start       ] GC(495) Pause Young (Allocation Failure)
[487.902s][info][gc,heap        ] GC(495) PSYoungGen: 263529K(290816K)->14993K(290304K) Eden: 250368K(250368K)->0K(254464K) From: 13161K(40448K)->14993K(35840K)
[487.902s][info][gc,heap        ] GC(495) ParOldGen: 212688K(261632K)->213872K(261632K)
[487.902s][info][gc,metaspace   ] GC(495) Metaspace: 43001K(43392K)->43001K(43392K) NonClass: 40184K(40448K)->40184K(40448K) Class: 2816K(2944K)->2816K(2944K)
[487.902s][info][gc             ] GC(495) Pause Young (Allocation Failure) 465M->223M(539M) 14.843ms
[487.902s][info][gc,cpu         ] GC(495) User=0.03s Sys=0.00s Real=0.02s
[488.869s][info][gc,start       ] GC(496) Pause Young (Allocation Failure)
[488.880s][info][gc,heap        ] GC(496) PSYoungGen: 269457K(290304K)->10429K(291328K) Eden: 254464K(254464K)->0K(254464K) From: 14993K(35840K)->10429K(36864K)
[488.880s][info][gc,heap        ] GC(496) ParOldGen: 213872K(261632K)->214780K(261632K)
[488.880s][info][gc,metaspace   ] GC(496) Metaspace: 43002K(43392K)->43002K(43392K) NonClass: 40186K(40448K)->40186K(40448K) Class: 2816K(2944K)->2816K(2944K)
[488.881s][info][gc             ] GC(496) Pause Young (Allocation Failure) 472M->219M(540M) 11.387ms
[488.881s][info][gc,cpu         ] GC(496) User=0.02s Sys=0.00s Real=0.02s
[489.974s][info][gc,start       ] GC(497) Pause Young (Allocation Failure)
[489.983s][info][gc,heap        ] GC(497) PSYoungGen: 264893K(291328K)->8398K(296448K) Eden: 254464K(254464K)->0K(261632K) From: 10429K(36864K)->8398K(34816K)
[489.983s][info][gc,heap        ] GC(497) ParOldGen: 214780K(261632K)->215956K(261632K)
[489.983s][info][gc,metaspace   ] GC(497) Metaspace: 43002K(43392K)->43002K(43392K) NonClass: 40186K(40448K)->40186K(40448K) Class: 2816K(2944K)->2816K(2944K)
[489.983s][info][gc             ] GC(497) Pause Young (Allocation Failure) 468M->219M(545M) 8.494ms
[489.983s][info][gc,cpu         ] GC(497) User=0.02s Sys=0.00s Real=0.01s
[490.947s][info][gc,start       ] GC(498) Pause Young (Allocation Failure)
[490.989s][info][gc,heap        ] GC(498) PSYoungGen: 270030K(296448K)->34791K(296448K) Eden: 261632K(261632K)->0K(261632K) From: 8398K(34816K)->34791K(34816K)
[490.989s][info][gc,heap        ] GC(498) ParOldGen: 215956K(261632K)->226579K(261632K)
[490.989s][info][gc,metaspace   ] GC(498) Metaspace: 43002K(43392K)->43002K(43392K) NonClass: 40186K(40448K)->40186K(40448K) Class: 2816K(2944K)->2816K(2944K)
[490.989s][info][gc             ] GC(498) Pause Young (Allocation Failure) 474M->255M(545M) 42.175ms
[490.989s][info][gc,cpu         ] GC(498) User=0.08s Sys=0.00s Real=0.04s
[492.306s][info][gc,start       ] GC(499) Pause Young (Allocation Failure)
[492.353s][info][gc,heap        ] GC(499) PSYoungGen: 296423K(296448K)->23625K(284160K) Eden: 261632K(261632K)->0K(246784K) From: 34791K(34816K)->23625K(37376K)
[492.353s][info][gc,heap        ] GC(499) ParOldGen: 226579K(261632K)->245121K(261632K)
[492.353s][info][gc,metaspace   ] GC(499) Metaspace: 43002K(43392K)->43002K(43392K) NonClass: 40186K(40448K)->40186K(40448K) Class: 2816K(2944K)->2816K(2944K)
[492.353s][info][gc             ] GC(499) Pause Young (Allocation Failure) 510M->262M(533M) 47.433ms
[492.354s][info][gc,cpu         ] GC(499) User=0.09s Sys=0.00s Real=0.05s
[493.293s][info][gc,start       ] GC(500) Pause Young (Allocation Failure)
[493.337s][info][gc,heap        ] GC(500) PSYoungGen: 270409K(284160K)->16379K(290304K) Eden: 246784K(246784K)->0K(246784K) From: 23625K(37376K)->16379K(43520K)
[493.337s][info][gc,heap        ] GC(500) ParOldGen: 245121K(261632K)->268674K(268800K)
[493.337s][info][gc,metaspace   ] GC(500) Metaspace: 43002K(43392K)->43002K(43392K) NonClass: 40186K(40448K)->40186K(40448K) Class: 2816K(2944K)->2816K(2944K)
[493.337s][info][gc             ] GC(500) Pause Young (Allocation Failure) 503M->278M(546M) 43.921ms
[493.337s][info][gc,cpu         ] GC(500) User=0.08s Sys=0.00s Real=0.04s
[494.185s][info][gc,start       ] GC(501) Pause Young (Allocation Failure)
[494.209s][info][gc,heap        ] GC(501) PSYoungGen: 263163K(290304K)->20002K(285184K) Eden: 246784K(246784K)->0K(248832K) From: 16379K(43520K)->20002K(36352K)
[494.209s][info][gc,heap        ] GC(501) ParOldGen: 268674K(268800K)->273130K(273408K)
[494.209s][info][gc,metaspace   ] GC(501) Metaspace: 43002K(43392K)->43002K(43392K) NonClass: 40186K(40448K)->40186K(40448K) Class: 2816K(2944K)->2816K(2944K)
[494.209s][info][gc             ] GC(501) Pause Young (Allocation Failure) 519M->286M(545M) 23.458ms
[494.209s][info][gc,cpu         ] GC(501) User=0.04s Sys=0.00s Real=0.02s
[495.176s][info][gc,start       ] GC(502) Pause Young (Allocation Failure)
[495.191s][info][gc,heap        ] GC(502) PSYoungGen: 268834K(285184K)->2433K(288768K) Eden: 248832K(248832K)->0K(248832K) From: 20002K(36352K)->2433K(39936K)
[495.191s][info][gc,heap        ] GC(502) ParOldGen: 273130K(273408K)->283406K(283648K)
[495.191s][info][gc,metaspace   ] GC(502) Metaspace: 43002K(43392K)->43002K(43392K) NonClass: 40186K(40448K)->40186K(40448K) Class: 2816K(2944K)->2816K(2944K)
[495.191s][info][gc             ] GC(502) Pause Young (Allocation Failure) 529M->279M(559M) 14.529ms
[495.191s][info][gc,cpu         ] GC(502) User=0.02s Sys=0.01s Real=0.02s
[496.086s][info][gc,start       ] GC(503) Pause Young (Allocation Failure)
[496.114s][info][gc,heap        ] GC(503) PSYoungGen: 251265K(288768K)->38860K(282112K) Eden: 248832K(248832K)->0K(241664K) From: 2433K(39936K)->38860K(40448K)
[496.114s][info][gc,heap        ] GC(503) ParOldGen: 283406K(283648K)->283796K(284160K)
[496.114s][info][gc,metaspace   ] GC(503) Metaspace: 43003K(43392K)->43003K(43392K) NonClass: 40186K(40448K)->40186K(40448K) Class: 2816K(2944K)->2816K(2944K)
[496.114s][info][gc             ] GC(503) Pause Young (Allocation Failure) 522M->315M(553M) 27.768ms
[496.114s][info][gc,cpu         ] GC(503) User=0.05s Sys=0.01s Real=0.03s
[497.048s][info][gc,start       ] GC(504) Pause Young (Allocation Failure)
[497.056s][info][gc,heap        ] GC(504) PSYoungGen: 280524K(282112K)->9469K(287744K) Eden: 241664K(241664K)->0K(241664K) From: 38860K(40448K)->9469K(46080K)
[497.056s][info][gc,heap        ] GC(504) ParOldGen: 283796K(284160K)->284567K(284672K)
[497.056s][info][gc,metaspace   ] GC(504) Metaspace: 43003K(43392K)->43003K(43392K) NonClass: 40186K(40448K)->40186K(40448K) Class: 2816K(2944K)->2816K(2944K)
[497.056s][info][gc             ] GC(504) Pause Young (Allocation Failure) 551M->287M(559M) 8.826ms
[497.056s][info][gc,cpu         ] GC(504) User=0.02s Sys=0.00s Real=0.01s
[497.972s][info][gc,start       ] GC(505) Pause Young (Allocation Failure)
[498.015s][info][gc,heap        ] GC(505) PSYoungGen: 251133K(287744K)->45052K(266240K) Eden: 241664K(241664K)->0K(221184K) From: 9469K(46080K)->45052K(45056K)
[498.015s][info][gc,heap        ] GC(505) ParOldGen: 284567K(284672K)->295214K(295424K)
[498.015s][info][gc,metaspace   ] GC(505) Metaspace: 43003K(43392K)->43003K(43392K) NonClass: 40186K(40448K)->40186K(40448K) Class: 2816K(2944K)->2816K(2944K)
[498.015s][info][gc             ] GC(505) Pause Young (Allocation Failure) 523M->332M(548M) 43.642ms
[498.015s][info][gc,cpu         ] GC(505) User=0.08s Sys=0.01s Real=0.04s
[498.919s][info][gc,start       ] GC(506) Pause Young (Allocation Failure)
[499.056s][info][gc,heap        ] GC(506) PSYoungGen: 266236K(266240K)->56290K(277504K) Eden: 221184K(221184K)->0K(221184K) From: 45052K(45056K)->56290K(56320K)
[499.056s][info][gc,heap        ] GC(506) ParOldGen: 295214K(295424K)->378109K(378368K)
[499.056s][info][gc,metaspace   ] GC(506) Metaspace: 43003K(43392K)->43003K(43392K) NonClass: 40186K(40448K)->40186K(40448K) Class: 2816K(2944K)->2816K(2944K)
[499.056s][info][gc             ] GC(506) Pause Young (Allocation Failure) 548M->424M(640M) 136.610ms
[499.056s][info][gc,cpu         ] GC(506) User=0.20s Sys=0.07s Real=0.14s
[499.876s][info][gc,start       ] GC(507) Pause Young (Allocation Failure)
[499.959s][info][gc,heap        ] GC(507) PSYoungGen: 277474K(277504K)->15104K(203776K) Eden: 221184K(221184K)->0K(147456K) From: 56290K(56320K)->15104K(56320K)
[499.959s][info][gc,heap        ] GC(507) ParOldGen: 378109K(378368K)->434048K(434176K)
[499.959s][info][gc,metaspace   ] GC(507) Metaspace: 43003K(43392K)->43003K(43392K) NonClass: 40186K(40448K)->40186K(40448K) Class: 2816K(2944K)->2816K(2944K)
[499.960s][info][gc             ] GC(507) Pause Young (Allocation Failure) 640M->438M(623M) 83.288ms
[499.960s][info][gc,cpu         ] GC(507) User=0.12s Sys=0.04s Real=0.09s
[500.536s][info][gc,start       ] GC(508) Pause Young (Allocation Failure)
[500.554s][info][gc,heap        ] GC(508) PSYoungGen: 162560K(203776K)->5862K(240640K) Eden: 147456K(147456K)->0K(147456K) From: 15104K(56320K)->5862K(93184K)
[500.554s][info][gc,heap        ] GC(508) ParOldGen: 434048K(434176K)->444560K(444928K)
[500.554s][info][gc,metaspace   ] GC(508) Metaspace: 43003K(43392K)->43003K(43392K) NonClass: 40186K(40448K)->40186K(40448K) Class: 2816K(2944K)->2816K(2944K)
[500.554s][info][gc             ] GC(508) Pause Young (Allocation Failure) 582M->439M(669M) 18.582ms
[500.554s][info][gc,cpu         ] GC(508) User=0.02s Sys=0.02s Real=0.02s
[501.125s][info][gc,start       ] GC(509) Pause Young (Allocation Failure)
[501.133s][info][gc,heap        ] GC(509) PSYoungGen: 153318K(240640K)->6954K(233984K) Eden: 147456K(147456K)->0K(148992K) From: 5862K(93184K)->6954K(84992K)
[501.133s][info][gc,heap        ] GC(509) ParOldGen: 444560K(444928K)->445071K(445440K)
[501.133s][info][gc,metaspace   ] GC(509) Metaspace: 43003K(43392K)->43003K(43392K) NonClass: 40186K(40448K)->40186K(40448K) Class: 2816K(2944K)->2816K(2944K)
[501.133s][info][gc             ] GC(509) Pause Young (Allocation Failure) 583M->441M(663M) 8.177ms
[501.133s][info][gc,cpu         ] GC(509) User=0.01s Sys=0.01s Real=0.01s
[501.654s][info][gc,start       ] GC(510) Pause Young (Allocation Failure)
[501.668s][info][gc,heap        ] GC(510) PSYoungGen: 155946K(233984K)->21136K(238080K) Eden: 148992K(148992K)->0K(148992K) From: 6954K(84992K)->21136K(89088K)
[501.668s][info][gc,heap        ] GC(510) ParOldGen: 445071K(445440K)->445802K(445952K)
[501.668s][info][gc,metaspace   ] GC(510) Metaspace: 43003K(43392K)->43003K(43392K) NonClass: 40186K(40448K)->40186K(40448K) Class: 2816K(2944K)->2816K(2944K)
[501.668s][info][gc             ] GC(510) Pause Young (Allocation Failure) 586M->455M(668M) 14.527ms
[501.668s][info][gc,cpu         ] GC(510) User=0.03s Sys=0.00s Real=0.01s
[502.214s][info][gc,start       ] GC(511) Pause Young (Allocation Failure)
[502.235s][info][gc,heap        ] GC(511) PSYoungGen: 170128K(238080K)->28388K(235520K) Eden: 148992K(148992K)->0K(160768K) From: 21136K(89088K)->28388K(74752K)
[502.235s][info][gc,heap        ] GC(511) ParOldGen: 445802K(445952K)->446475K(446976K)
[502.235s][info][gc,metaspace   ] GC(511) Metaspace: 43003K(43392K)->43003K(43392K) NonClass: 40186K(40448K)->40186K(40448K) Class: 2816K(2944K)->2816K(2944K)
[502.235s][info][gc             ] GC(511) Pause Young (Allocation Failure) 601M->463M(666M) 20.280ms
[502.235s][info][gc,cpu         ] GC(511) User=0.04s Sys=0.00s Real=0.02s
[502.822s][info][gc,start       ] GC(512) Pause Young (Allocation Failure)
[502.846s][info][gc,heap        ] GC(512) PSYoungGen: 189156K(235520K)->34523K(239616K) Eden: 160768K(160768K)->0K(160768K) From: 28388K(74752K)->34523K(78848K)
[502.846s][info][gc,heap        ] GC(512) ParOldGen: 446475K(446976K)->446826K(446976K)
[502.846s][info][gc,metaspace   ] GC(512) Metaspace: 43003K(43392K)->43003K(43392K) NonClass: 40186K(40448K)->40186K(40448K) Class: 2816K(2944K)->2816K(2944K)
[502.846s][info][gc             ] GC(512) Pause Young (Allocation Failure) 620M->470M(670M) 23.808ms
[502.846s][info][gc,cpu         ] GC(512) User=0.05s Sys=0.00s Real=0.02s
[503.410s][info][gc,start       ] GC(513) Pause Young (Allocation Failure)
[503.419s][info][gc,heap        ] GC(513) PSYoungGen: 195291K(239616K)->9857K(248832K) Eden: 160768K(160768K)->0K(178176K) From: 34523K(78848K)->9857K(70656K)
[503.419s][info][gc,heap        ] GC(513) ParOldGen: 446826K(446976K)->447267K(447488K)
[503.419s][info][gc,metaspace   ] GC(513) Metaspace: 43003K(43392K)->43003K(43392K) NonClass: 40186K(40448K)->40186K(40448K) Class: 2816K(2944K)->2816K(2944K)
[503.419s][info][gc             ] GC(513) Pause Young (Allocation Failure) 627M->446M(680M) 8.973ms
[503.419s][info][gc,cpu         ] GC(513) User=0.02s Sys=0.01s Real=0.00s
[503.987s][info][gc,start       ] GC(514) Pause Young (Allocation Failure)
[504.006s][info][gc,heap        ] GC(514) PSYoungGen: 188033K(248832K)->17751K(252928K) Eden: 178176K(178176K)->0K(178176K) From: 9857K(70656K)->17751K(74752K)
[504.006s][info][gc,heap        ] GC(514) ParOldGen: 447267K(447488K)->452394K(452608K)
[504.006s][info][gc,metaspace   ] GC(514) Metaspace: 43003K(43392K)->43003K(43392K) NonClass: 40186K(40448K)->40186K(40448K) Class: 2816K(2944K)->2816K(2944K)
[504.006s][info][gc             ] GC(514) Pause Young (Allocation Failure) 620M->459M(689M) 18.184ms
[504.006s][info][gc,cpu         ] GC(514) User=0.03s Sys=0.01s Real=0.02s
[504.582s][info][gc,start       ] GC(515) Pause Young (Allocation Failure)
[504.602s][info][gc,heap        ] GC(515) PSYoungGen: 195927K(252928K)->1139K(257536K) Eden: 178176K(178176K)->0K(187904K) From: 17751K(74752K)->1139K(69632K)
[504.602s][info][gc,heap        ] GC(515) ParOldGen: 452394K(452608K)->469023K(469504K)
[504.602s][info][gc,metaspace   ] GC(515) Metaspace: 43003K(43392K)->43003K(43392K) NonClass: 40186K(40448K)->40186K(40448K) Class: 2816K(2944K)->2816K(2944K)
[504.602s][info][gc             ] GC(515) Pause Young (Allocation Failure) 633M->459M(710M) 19.448ms
[504.602s][info][gc,cpu         ] GC(515) User=0.02s Sys=0.01s Real=0.02s
[505.207s][info][gc,start       ] GC(516) Pause Young (Allocation Failure)
[505.213s][info][gc,heap        ] GC(516) PSYoungGen: 189043K(257536K)->5287K(258560K) Eden: 187904K(187904K)->0K(187904K) From: 1139K(69632K)->5287K(70656K)
[505.213s][info][gc,heap        ] GC(516) ParOldGen: 469023K(469504K)->469039K(469504K)
[505.213s][info][gc,metaspace   ] GC(516) Metaspace: 43003K(43392K)->43003K(43392K) NonClass: 40186K(40448K)->40186K(40448K) Class: 2816K(2944K)->2816K(2944K)
[505.213s][info][gc             ] GC(516) Pause Young (Allocation Failure) 642M->463M(711M) 6.374ms
[505.213s][info][gc,cpu         ] GC(516) User=0.01s Sys=0.00s Real=0.01s
[505.539s][info][gc,start       ] GC(517) Pause Young (Allocation Failure)
[505.545s][info][gc,heap        ] GC(517) PSYoungGen: 193191K(258560K)->2958K(261120K) Eden: 187904K(187904K)->0K(194560K) From: 5287K(70656K)->2958K(66560K)
[505.545s][info][gc,heap        ] GC(517) ParOldGen: 469039K(469504K)->471083K(471552K)
[505.545s][info][gc,metaspace   ] GC(517) Metaspace: 43003K(43392K)->43003K(43392K) NonClass: 40186K(40448K)->40186K(40448K) Class: 2816K(2944K)->2816K(2944K)
[505.545s][info][gc             ] GC(517) Pause Young (Allocation Failure) 646M->462M(715M) 6.490ms
[505.545s][info][gc,cpu         ] GC(517) User=0.01s Sys=0.00s Real=0.01s
[505.880s][info][gc,start       ] GC(518) Pause Young (Allocation Failure)
[505.884s][info][gc,heap        ] GC(518) PSYoungGen: 197518K(261120K)->3278K(261632K) Eden: 194560K(194560K)->0K(194560K) From: 2958K(66560K)->3278K(67072K)
[505.885s][info][gc,heap        ] GC(518) ParOldGen: 471083K(471552K)->471187K(471552K)
[505.885s][info][gc,metaspace   ] GC(518) Metaspace: 43003K(43392K)->43003K(43392K) NonClass: 40186K(40448K)->40186K(40448K) Class: 2816K(2944K)->2816K(2944K)
[505.885s][info][gc             ] GC(518) Pause Young (Allocation Failure) 652M->463M(716M) 4.739ms
[505.885s][info][gc,cpu         ] GC(518) User=0.01s Sys=0.00s Real=0.00s
[506.268s][info][gc,start       ] GC(519) Pause Young (Allocation Failure)
[506.277s][info][gc,heap        ] GC(519) PSYoungGen: 197011K(261632K)->10539K(261120K) Eden: 193732K(194560K)->0K(201728K) From: 3278K(67072K)->10539K(59392K)
[506.277s][info][gc,heap        ] GC(519) ParOldGen: 471187K(471552K)->471447K(471552K)
[506.277s][info][gc,metaspace   ] GC(519) Metaspace: 43003K(43392K)->43003K(43392K) NonClass: 40186K(40448K)->40186K(40448K) Class: 2816K(2944K)->2816K(2944K)
[506.277s][info][gc             ] GC(519) Pause Young (Allocation Failure) 652M->470M(715M) 9.085ms
[506.277s][info][gc,cpu         ] GC(519) User=0.02s Sys=0.00s Real=0.01s
[506.572s][info][gc,start       ] GC(520) Pause Young (Allocation Failure)
[506.585s][info][gc,heap        ] GC(520) PSYoungGen: 212267K(261120K)->3295K(263168K) Eden: 201728K(201728K)->0K(201728K) From: 10539K(59392K)->3295K(61440K)
[506.585s][info][gc,heap        ] GC(520) ParOldGen: 471447K(471552K)->481790K(481792K)
[506.585s][info][gc,metaspace   ] GC(520) Metaspace: 43006K(43392K)->43006K(43392K) NonClass: 40189K(40448K)->40189K(40448K) Class: 2816K(2944K)->2816K(2944K)
[506.585s][info][gc             ] GC(520) Pause Young (Allocation Failure) 667M->473M(727M) 13.874ms
[506.585s][info][gc,cpu         ] GC(520) User=0.02s Sys=0.01s Real=0.01s
[506.883s][info][gc,start       ] GC(521) Pause Young (Allocation Failure)
[506.890s][info][gc,heap        ] GC(521) PSYoungGen: 204683K(263168K)->2472K(268800K) Eden: 201387K(201728K)->0K(213504K) From: 3295K(61440K)->2472K(55296K)
[506.890s][info][gc,heap        ] GC(521) ParOldGen: 481790K(481792K)->483163K(483328K)
[506.890s][info][gc,metaspace   ] GC(521) Metaspace: 43006K(43392K)->43006K(43392K) NonClass: 40189K(40448K)->40189K(40448K) Class: 2816K(2944K)->2816K(2944K)
[506.890s][info][gc             ] GC(521) Pause Young (Allocation Failure) 670M->474M(734M) 7.011ms
[506.890s][info][gc,cpu         ] GC(521) User=0.01s Sys=0.00s Real=0.01s
[507.198s][info][gc,start       ] GC(522) Pause Young (Allocation Failure)
[507.208s][info][gc,heap        ] GC(522) PSYoungGen: 214179K(268800K)->4520K(270336K) Eden: 211706K(213504K)->0K(213504K) From: 2472K(55296K)->4520K(56832K)
[507.208s][info][gc,heap        ] GC(522) ParOldGen: 483163K(483328K)->485649K(485888K)
[507.208s][info][gc,metaspace   ] GC(522) Metaspace: 43006K(43392K)->43006K(43392K) NonClass: 40189K(40448K)->40189K(40448K) Class: 2816K(2944K)->2816K(2944K)
[507.208s][info][gc             ] GC(522) Pause Young (Allocation Failure) 680M->478M(738M) 10.190ms
[507.208s][info][gc,cpu         ] GC(522) User=0.02s Sys=0.00s Real=0.01s
[507.510s][info][gc,start       ] GC(523) Pause Young (Allocation Failure)
[507.522s][info][gc,heap        ] GC(523) PSYoungGen: 216199K(270336K)->3485K(272896K) Eden: 211678K(213504K)->0K(222720K) From: 4520K(56832K)->3485K(50176K)
[507.522s][info][gc,heap        ] GC(523) ParOldGen: 485649K(485888K)->490144K(490496K)
[507.522s][info][gc,metaspace   ] GC(523) Metaspace: 43006K(43392K)->43006K(43392K) NonClass: 40189K(40448K)->40189K(40448K) Class: 2816K(2944K)->2816K(2944K)
[507.522s][info][gc             ] GC(523) Pause Young (Allocation Failure) 685M->482M(745M) 11.825ms
[507.522s][info][gc,cpu         ] GC(523) User=0.02s Sys=0.00s Real=0.01s
[507.852s][info][gc,start       ] GC(524) Pause Young (Allocation Failure)
[507.864s][info][gc,heap        ] GC(524) PSYoungGen: 226205K(272896K)->5608K(274432K) Eden: 222720K(222720K)->0K(222720K) From: 3485K(50176K)->5608K(51712K)
[507.864s][info][gc,heap        ] GC(524) ParOldGen: 490144K(490496K)->493578K(494080K)
[507.864s][info][gc,metaspace   ] GC(524) Metaspace: 43006K(43392K)->43006K(43392K) NonClass: 40189K(40448K)->40189K(40448K) Class: 2816K(2944K)->2816K(2944K)
[507.864s][info][gc             ] GC(524) Pause Young (Allocation Failure) 699M->487M(750M) 12.457ms
[507.864s][info][gc,cpu         ] GC(524) User=0.02s Sys=0.00s Real=0.01s
[508.210s][info][gc,start       ] GC(525) Pause Young (Allocation Failure)
[508.227s][info][gc,heap        ] GC(525) PSYoungGen: 227555K(274432K)->7880K(276992K) Eden: 221947K(222720K)->0K(232960K) From: 5608K(51712K)->7880K(44032K)
[508.227s][info][gc,heap        ] GC(525) ParOldGen: 493578K(494080K)->499295K(499712K)
[508.227s][info][gc,metaspace   ] GC(525) Metaspace: 43008K(43392K)->43008K(43392K) NonClass: 40191K(40448K)->40191K(40448K) Class: 2816K(2944K)->2816K(2944K)
[508.227s][info][gc             ] GC(525) Pause Young (Allocation Failure) 704M->495M(758M) 17.867ms
[508.228s][info][gc,cpu         ] GC(525) User=0.03s Sys=0.00s Real=0.01s
[508.707s][info][gc,start       ] GC(526) Pause Young (Allocation Failure)
[508.735s][info][gc,heap        ] GC(526) PSYoungGen: 240840K(276992K)->13381K(279040K) Eden: 232960K(232960K)->0K(232960K) From: 7880K(44032K)->13381K(46080K)
[508.736s][info][gc,heap        ] GC(526) ParOldGen: 499295K(499712K)->507004K(507392K)
[508.736s][info][gc,metaspace   ] GC(526) Metaspace: 43008K(43392K)->43008K(43392K) NonClass: 40191K(40448K)->40191K(40448K) Class: 2816K(2944K)->2816K(2944K)
[508.736s][info][gc             ] GC(526) Pause Young (Allocation Failure) 722M->508M(768M) 28.471ms
[508.736s][info][gc,cpu         ] GC(526) User=0.04s Sys=0.01s Real=0.03s
[509.315s][info][gc,start       ] GC(527) Pause Young (Allocation Failure)
[509.336s][info][gc,heap        ] GC(527) PSYoungGen: 246341K(279040K)->4552K(285696K) Eden: 232960K(232960K)->0K(244736K) From: 13381K(46080K)->4552K(40960K)
[509.337s][info][gc,heap        ] GC(527) ParOldGen: 507004K(507392K)->519753K(520192K)
[509.337s][info][gc,metaspace   ] GC(527) Metaspace: 43008K(43392K)->43008K(43392K) NonClass: 40192K(40448K)->40192K(40448K) Class: 2816K(2944K)->2816K(2944K)
[509.337s][info][gc             ] GC(527) Pause Young (Allocation Failure) 735M->512M(787M) 21.219ms
[509.337s][info][gc,cpu         ] GC(527) User=0.03s Sys=0.01s Real=0.02s
[509.949s][info][gc,start       ] GC(528) Pause Young (Allocation Failure)
[509.954s][info][gc,heap        ] GC(528) PSYoungGen: 249288K(285696K)->2354K(286208K) Eden: 244736K(244736K)->0K(244736K) From: 4552K(40960K)->2354K(41472K)
[509.954s][info][gc,heap        ] GC(528) ParOldGen: 519753K(520192K)->520419K(520704K)
[509.954s][info][gc,metaspace   ] GC(528) Metaspace: 43022K(43392K)->43022K(43392K) NonClass: 40206K(40448K)->40206K(40448K) Class: 2816K(2944K)->2816K(2944K)
[509.954s][info][gc             ] GC(528) Pause Young (Allocation Failure) 751M->510M(788M) 5.022ms
[509.954s][info][gc,cpu         ] GC(528) User=0.01s Sys=0.00s Real=0.01s
[510.547s][info][gc,start       ] GC(529) Pause Young (Allocation Failure)
[510.553s][info][gc,heap        ] GC(529) PSYoungGen: 247090K(286208K)->3781K(290816K) Eden: 244736K(244736K)->0K(252928K) From: 2354K(41472K)->3781K(37888K)
[510.553s][info][gc,heap        ] GC(529) ParOldGen: 520419K(520704K)->520435K(520704K)
[510.553s][info][gc,metaspace   ] GC(529) Metaspace: 43025K(43392K)->43025K(43392K) NonClass: 40208K(40448K)->40208K(40448K) Class: 2816K(2944K)->2816K(2944K)
[510.553s][info][gc             ] GC(529) Pause Young (Allocation Failure) 749M->511M(792M) 5.504ms
[510.553s][info][gc,cpu         ] GC(529) User=0.01s Sys=0.00s Real=0.01s
[511.184s][info][gc,start       ] GC(530) Pause Young (Allocation Failure)
[511.190s][info][gc,heap        ] GC(530) PSYoungGen: 256709K(290816K)->3386K(290816K) Eden: 252928K(252928K)->0K(252928K) From: 3781K(37888K)->3386K(37888K)
[511.190s][info][gc,heap        ] GC(530) ParOldGen: 520435K(520704K)->520467K(520704K)
[511.190s][info][gc,metaspace   ] GC(530) Metaspace: 43025K(43392K)->43025K(43392K) NonClass: 40208K(40448K)->40208K(40448K) Class: 2816K(2944K)->2816K(2944K)
[511.190s][info][gc             ] GC(530) Pause Young (Allocation Failure) 758M->511M(792M) 6.027ms
[511.190s][info][gc,cpu         ] GC(530) User=0.01s Sys=0.00s Real=0.01s
[511.808s][info][gc,start       ] GC(531) Pause Young (Allocation Failure)
[511.812s][info][gc,heap        ] GC(531) PSYoungGen: 256314K(290816K)->2612K(294400K) Eden: 252928K(252928K)->0K(259584K) From: 3386K(37888K)->2612K(34816K)
[511.812s][info][gc,heap        ] GC(531) ParOldGen: 520467K(520704K)->521051K(521216K)
[511.812s][info][gc,metaspace   ] GC(531) Metaspace: 43026K(43392K)->43026K(43392K) NonClass: 40209K(40448K)->40209K(40448K) Class: 2817K(2944K)->2817K(2944K)
[511.812s][info][gc             ] GC(531) Pause Young (Allocation Failure) 758M->511M(796M) 3.788ms
[511.812s][info][gc,cpu         ] GC(531) User=0.01s Sys=0.00s Real=0.01s
[513.067s][info][gc,start       ] GC(532) Pause Young (Allocation Failure)
[513.074s][info][gc,heap        ] GC(532) PSYoungGen: 262196K(294400K)->3218K(293888K) Eden: 259584K(259584K)->0K(259584K) From: 2612K(34816K)->3218K(34304K)
[513.074s][info][gc,heap        ] GC(532) ParOldGen: 521051K(521216K)->521163K(521216K)
[513.074s][info][gc,metaspace   ] GC(532) Metaspace: 43026K(43392K)->43026K(43392K) NonClass: 40209K(40448K)->40209K(40448K) Class: 2817K(2944K)->2817K(2944K)
[513.074s][info][gc             ] GC(532) Pause Young (Allocation Failure) 764M->512M(796M) 6.199ms
[513.074s][info][gc,cpu         ] GC(532) User=0.01s Sys=0.00s Real=0.01s
[514.089s][info][gc,start       ] GC(533) Pause Young (Allocation Failure)
[514.116s][info][gc,heap        ] GC(533) PSYoungGen: 262802K(293888K)->22458K(293888K) Eden: 259584K(259584K)->0K(261632K) From: 3218K(34304K)->22458K(32256K)
[514.116s][info][gc,heap        ] GC(533) ParOldGen: 521163K(521216K)->524301K(524800K)
[514.116s][info][gc,metaspace   ] GC(533) Metaspace: 43030K(43392K)->43030K(43392K) NonClass: 40213K(40448K)->40213K(40448K) Class: 2817K(2944K)->2817K(2944K)
[514.116s][info][gc             ] GC(533) Pause Young (Allocation Failure) 765M->533M(799M) 26.713ms
[514.116s][info][gc,cpu         ] GC(533) User=0.05s Sys=0.00s Real=0.02s
[514.866s][info][gc,start       ] GC(534) Pause Young (Allocation Failure)
[514.930s][info][gc,heap        ] GC(534) PSYoungGen: 284090K(293888K)->29356K(291328K) Eden: 261632K(261632K)->0K(261632K) From: 22458K(32256K)->29356K(29696K)
[514.930s][info][gc,heap        ] GC(534) ParOldGen: 524301K(524800K)->546377K(546816K)
[514.930s][info][gc,metaspace   ] GC(534) Metaspace: 43031K(43392K)->43031K(43392K) NonClass: 40214K(40448K)->40214K(40448K) Class: 2817K(2944K)->2817K(2944K)
[514.930s][info][gc             ] GC(534) Pause Young (Allocation Failure) 789M->562M(818M) 63.924ms
[514.930s][info][gc,cpu         ] GC(534) User=0.11s Sys=0.02s Real=0.07s
[515.600s][info][gc,start       ] GC(535) Pause Young (Allocation Failure)
[515.674s][info][gc,heap        ] GC(535) PSYoungGen: 290988K(291328K)->28922K(286208K) Eden: 261632K(261632K)->0K(245760K) From: 29356K(29696K)->28922K(40448K)
[515.674s][info][gc,heap        ] GC(535) ParOldGen: 546377K(546816K)->574177K(574464K)
[515.674s][info][gc,metaspace   ] GC(535) Metaspace: 43031K(43392K)->43031K(43392K) NonClass: 40214K(40448K)->40214K(40448K) Class: 2817K(2944K)->2817K(2944K)
[515.674s][info][gc             ] GC(535) Pause Young (Allocation Failure) 817M->588M(840M) 74.770ms
[515.674s][info][gc,cpu         ] GC(535) User=0.12s Sys=0.02s Real=0.07s
[519.475s][info][gc,start       ] GC(536) Pause Young (Allocation Failure)
[519.539s][info][gc,heap        ] GC(536) PSYoungGen: 274682K(286208K)->18583K(289792K) Eden: 245760K(245760K)->0K(245760K) From: 28922K(40448K)->18583K(44032K)
[519.539s][info][gc,heap        ] GC(536) ParOldGen: 574177K(574464K)->603034K(603136K)
[519.539s][info][gc,metaspace   ] GC(536) Metaspace: 43033K(43392K)->43033K(43392K) NonClass: 40215K(40448K)->40215K(40448K) Class: 2817K(2944K)->2817K(2944K)
[519.539s][info][gc             ] GC(536) Pause Young (Allocation Failure) 828M->607M(872M) 63.453ms
[519.539s][info][gc,cpu         ] GC(536) User=0.10s Sys=0.02s Real=0.06s
[520.308s][info][gc,start       ] GC(537) Pause Young (Allocation Failure)
[520.344s][info][gc,heap        ] GC(537) PSYoungGen: 264343K(289792K)->12204K(283648K) Eden: 245760K(245760K)->0K(246784K) From: 18583K(44032K)->12204K(36864K)
[520.344s][info][gc,heap        ] GC(537) ParOldGen: 603034K(603136K)->621487K(621568K)
[520.344s][info][gc,metaspace   ] GC(537) Metaspace: 43033K(43392K)->43033K(43392K) NonClass: 40216K(40448K)->40216K(40448K) Class: 2817K(2944K)->2817K(2944K)
[520.344s][info][gc             ] GC(537) Pause Young (Allocation Failure) 847M->618M(884M) 35.638ms
[520.344s][info][gc,cpu         ] GC(537) User=0.05s Sys=0.02s Real=0.04s
[521.066s][info][gc,start       ] GC(538) Pause Young (Allocation Failure)
[521.117s][info][gc,heap        ] GC(538) PSYoungGen: 258988K(283648K)->30572K(287232K) Eden: 246784K(246784K)->0K(246784K) From: 12204K(36864K)->30572K(40448K)
[521.117s][info][gc,heap        ] GC(538) ParOldGen: 621487K(621568K)->633443K(633856K)
[521.117s][info][gc,metaspace   ] GC(538) Metaspace: 43033K(43392K)->43033K(43392K) NonClass: 40216K(40448K)->40216K(40448K) Class: 2817K(2944K)->2817K(2944K)
[521.117s][info][gc             ] GC(538) Pause Young (Allocation Failure) 859M->648M(899M) 50.875ms
[521.117s][info][gc,cpu         ] GC(538) User=0.09s Sys=0.00s Real=0.05s
[521.751s][info][gc,start       ] GC(539) Pause Full (Allocation Failure)
[521.751s][info][gc,phases,start] GC(539) Marking Phase
[521.845s][info][gc,phases      ] GC(539) Marking Phase 93.293ms
[521.845s][info][gc,phases,start] GC(539) Summary Phase
[521.845s][info][gc,phases      ] GC(539) Summary Phase 0.033ms
[521.845s][info][gc,phases,start] GC(539) Forward
[521.872s][info][gc,phases      ] GC(539) Forward 26.649ms
[521.872s][info][gc,phases,start] GC(539) Adjust Pointers
[521.939s][info][gc,phases      ] GC(539) Adjust Pointers 66.934ms
[521.939s][info][gc,phases,start] GC(539) Compaction Phase
[521.971s][info][gc,phases      ] GC(539) Compaction Phase 32.421ms
[521.971s][info][gc,phases,start] GC(539) Post Compact
[521.974s][info][gc,phases      ] GC(539) Post Compact 2.696ms
[522.009s][info][gc,heap        ] GC(539) PSYoungGen: 277356K(287232K)->0K(289792K) Eden: 246784K(246784K)->0K(245760K) From: 30572K(40448K)->0K(44032K)
[522.009s][info][gc,heap        ] GC(539) ParOldGen: 633443K(633856K)->117256K(250368K)
[522.009s][info][gc,metaspace   ] GC(539) Metaspace: 43033K(43392K)->43033K(43392K) NonClass: 40216K(40448K)->40216K(40448K) Class: 2817K(2944K)->2817K(2944K)
[522.009s][info][gc             ] GC(539) Pause Full (Allocation Failure) 889M->114M(527M) 257.806ms
[522.009s][info][gc,cpu         ] GC(539) User=0.39s Sys=0.04s Real=0.26s
[523.756s][info][gc,start       ] GC(540) Pause Young (Allocation Failure)
[523.777s][info][gc,heap        ] GC(540) PSYoungGen: 245760K(289792K)->22064K(289792K) Eden: 245760K(245760K)->0K(245760K) From: 0K(44032K)->22064K(44032K)
[523.777s][info][gc,heap        ] GC(540) ParOldGen: 117256K(250368K)->117256K(250368K)
[523.777s][info][gc,metaspace   ] GC(540) Metaspace: 43034K(43392K)->43034K(43392K) NonClass: 40217K(40448K)->40217K(40448K) Class: 2817K(2944K)->2817K(2944K)
[523.777s][info][gc             ] GC(540) Pause Young (Allocation Failure) 354M->136M(527M) 21.666ms
[523.777s][info][gc,cpu         ] GC(540) User=0.04s Sys=0.00s Real=0.02s
[525.007s][info][gc,start       ] GC(541) Pause Young (Allocation Failure)
[525.046s][info][gc,heap        ] GC(541) PSYoungGen: 267824K(289792K)->14374K(284672K) Eden: 245760K(245760K)->0K(245760K) From: 22064K(44032K)->14374K(38912K)
[525.046s][info][gc,heap        ] GC(541) ParOldGen: 117256K(250368K)->138965K(250368K)
[525.046s][info][gc,metaspace   ] GC(541) Metaspace: 43034K(43392K)->43034K(43392K) NonClass: 40217K(40448K)->40217K(40448K) Class: 2817K(2944K)->2817K(2944K)
[525.046s][info][gc             ] GC(541) Pause Young (Allocation Failure) 376M->149M(522M) 38.839ms
[525.046s][info][gc,cpu         ] GC(541) User=0.08s Sys=0.00s Real=0.04s
[526.599s][info][gc,start       ] GC(542) Pause Young (Allocation Failure)
[526.617s][info][gc,heap        ] GC(542) PSYoungGen: 260134K(284672K)->7323K(287232K) Eden: 245760K(245760K)->0K(245760K) From: 14374K(38912K)->7323K(41472K)
[526.617s][info][gc,heap        ] GC(542) ParOldGen: 138965K(250368K)->152564K(250368K)
[526.617s][info][gc,metaspace   ] GC(542) Metaspace: 43034K(43392K)->43034K(43392K) NonClass: 40217K(40448K)->40217K(40448K) Class: 2817K(2944K)->2817K(2944K)
[526.617s][info][gc             ] GC(542) Pause Young (Allocation Failure) 389M->156M(525M) 17.820ms
[526.617s][info][gc,cpu         ] GC(542) User=0.04s Sys=0.00s Real=0.02s
[528.193s][info][gc,start       ] GC(543) Pause Young (Allocation Failure)
[528.222s][info][gc,heap        ] GC(543) PSYoungGen: 253083K(287232K)->22270K(292352K) Eden: 245760K(245760K)->0K(252416K) From: 7323K(41472K)->22270K(39936K)
[528.222s][info][gc,heap        ] GC(543) ParOldGen: 152564K(250368K)->159731K(250368K)
[528.222s][info][gc,metaspace   ] GC(543) Metaspace: 43034K(43392K)->43034K(43392K) NonClass: 40217K(40448K)->40217K(40448K) Class: 2817K(2944K)->2817K(2944K)
[528.222s][info][gc             ] GC(543) Pause Young (Allocation Failure) 396M->177M(530M) 28.948ms
[528.222s][info][gc,cpu         ] GC(543) User=0.06s Sys=0.00s Real=0.03s
[529.841s][info][gc,start       ] GC(544) Pause Young (Allocation Failure)
[529.886s][info][gc,heap        ] GC(544) PSYoungGen: 274686K(292352K)->22274K(292864K) Eden: 252416K(252416K)->0K(252416K) From: 22270K(39936K)->22274K(40448K)
[529.886s][info][gc,heap        ] GC(544) ParOldGen: 159731K(250368K)->182105K(250368K)
[529.886s][info][gc,metaspace   ] GC(544) Metaspace: 43034K(43392K)->43034K(43392K) NonClass: 40217K(40448K)->40217K(40448K) Class: 2817K(2944K)->2817K(2944K)
[529.886s][info][gc             ] GC(544) Pause Young (Allocation Failure) 424M->199M(530M) 45.016ms
[529.886s][info][gc,cpu         ] GC(544) User=0.09s Sys=0.00s Real=0.04s
[530.618s][info][gc,start       ] GC(545) Pause Young (Allocation Failure)
[530.675s][info][gc,heap        ] GC(545) PSYoungGen: 274690K(292864K)->37110K(283136K) Eden: 252416K(252416K)->0K(242688K) From: 22274K(40448K)->37110K(40448K)
[530.675s][info][gc,heap        ] GC(545) ParOldGen: 182105K(250368K)->204084K(250368K)
[530.675s][info][gc,metaspace   ] GC(545) Metaspace: 43034K(43392K)->43034K(43392K) NonClass: 40217K(40448K)->40217K(40448K) Class: 2817K(2944K)->2817K(2944K)
[530.675s][info][gc             ] GC(545) Pause Young (Allocation Failure) 446M->235M(521M) 56.985ms
[530.675s][info][gc,cpu         ] GC(545) User=0.10s Sys=0.01s Real=0.06s
[531.361s][info][gc,start       ] GC(546) Pause Young (Allocation Failure)
[531.426s][info][gc,heap        ] GC(546) PSYoungGen: 279798K(283136K)->29624K(272384K) Eden: 242688K(242688K)->0K(242688K) From: 37110K(40448K)->29624K(29696K)
[531.426s][info][gc,heap        ] GC(546) ParOldGen: 204084K(250368K)->240561K(250368K)
[531.426s][info][gc,metaspace   ] GC(546) Metaspace: 43034K(43392K)->43034K(43392K) NonClass: 40217K(40448K)->40217K(40448K) Class: 2817K(2944K)->2817K(2944K)
[531.427s][info][gc             ] GC(546) Pause Young (Allocation Failure) 472M->263M(510M) 65.840ms
[531.427s][info][gc,cpu         ] GC(546) User=0.13s Sys=0.00s Real=0.06s
[532.201s][info][gc,start       ] GC(547) Pause Young (Allocation Failure)
[532.278s][info][gc,heap        ] GC(547) PSYoungGen: 272312K(272384K)->31723K(282624K) Eden: 242688K(242688K)->0K(235520K) From: 29624K(29696K)->31723K(47104K)
[532.278s][info][gc,heap        ] GC(547) ParOldGen: 240561K(250368K)->268505K(268800K)
[532.278s][info][gc,metaspace   ] GC(547) Metaspace: 43034K(43392K)->43034K(43392K) NonClass: 40217K(40448K)->40217K(40448K) Class: 2817K(2944K)->2817K(2944K)
[532.278s][info][gc             ] GC(547) Pause Young (Allocation Failure) 500M->293M(538M) 77.720ms
[532.278s][info][gc,cpu         ] GC(547) User=0.14s Sys=0.02s Real=0.07s
[534.110s][info][gc,start       ] GC(548) Pause Young (Allocation Failure)
[534.154s][info][gc,heap        ] GC(548) PSYoungGen: 267243K(282624K)->6904K(284672K) Eden: 235520K(235520K)->0K(235520K) From: 31723K(47104K)->6904K(49152K)
[534.154s][info][gc,heap        ] GC(548) ParOldGen: 268505K(268800K)->298351K(298496K)
[534.154s][info][gc,metaspace   ] GC(548) Metaspace: 43034K(43392K)->43034K(43392K) NonClass: 40217K(40448K)->40217K(40448K) Class: 2817K(2944K)->2817K(2944K)
[534.154s][info][gc             ] GC(548) Pause Young (Allocation Failure) 523M->298M(569M) 43.571ms
[534.154s][info][gc,cpu         ] GC(548) User=0.06s Sys=0.02s Real=0.04s
[535.535s][info][gc,start       ] GC(549) Pause Young (Allocation Failure)
[535.545s][info][gc,heap        ] GC(549) PSYoungGen: 242424K(284672K)->1268K(284160K) Eden: 235520K(235520K)->0K(236032K) From: 6904K(49152K)->1268K(48128K)
[535.545s][info][gc,heap        ] GC(549) ParOldGen: 298351K(298496K)->304460K(304640K)
[535.545s][info][gc,metaspace   ] GC(549) Metaspace: 43034K(43392K)->43034K(43392K) NonClass: 40217K(40448K)->40217K(40448K) Class: 2817K(2944K)->2817K(2944K)
[535.545s][info][gc             ] GC(549) Pause Young (Allocation Failure) 528M->298M(575M) 9.497ms
[535.545s][info][gc,cpu         ] GC(549) User=0.01s Sys=0.01s Real=0.01s
[536.945s][info][gc,start       ] GC(550) Pause Young (Allocation Failure)
[536.976s][info][gc,heap        ] GC(550) PSYoungGen: 237300K(284160K)->23762K(284672K) Eden: 236032K(236032K)->0K(236032K) From: 1268K(48128K)->23762K(48640K)
[536.976s][info][gc,heap        ] GC(550) ParOldGen: 304460K(304640K)->305324K(305664K)
[536.976s][info][gc,metaspace   ] GC(550) Metaspace: 43034K(43392K)->43034K(43392K) NonClass: 40217K(40448K)->40217K(40448K) Class: 2817K(2944K)->2817K(2944K)
[536.976s][info][gc             ] GC(550) Pause Young (Allocation Failure) 529M->321M(576M) 30.431ms
[536.976s][info][gc,cpu         ] GC(550) User=0.06s Sys=0.00s Real=0.03s
[538.489s][info][gc,start       ] GC(551) Pause Young (Allocation Failure)
[538.541s][info][gc,heap        ] GC(551) PSYoungGen: 259794K(284672K)->22931K(282112K) Eden: 236032K(236032K)->0K(237056K) From: 23762K(48640K)->22931K(45056K)
[538.541s][info][gc,heap        ] GC(551) ParOldGen: 305324K(305664K)->329236K(329728K)
[538.541s][info][gc,metaspace   ] GC(551) Metaspace: 43034K(43392K)->43034K(43392K) NonClass: 40217K(40448K)->40217K(40448K) Class: 2817K(2944K)->2817K(2944K)
[538.541s][info][gc             ] GC(551) Pause Young (Allocation Failure) 551M->343M(597M) 52.435ms
[538.541s][info][gc,cpu         ] GC(551) User=0.08s Sys=0.02s Real=0.06s
[539.733s][info][gc,start       ] GC(552) Pause Young (Allocation Failure)
[539.781s][info][gc,heap        ] GC(552) PSYoungGen: 259987K(282112K)->20245K(283648K) Eden: 237056K(237056K)->0K(237056K) From: 22931K(45056K)->20245K(46592K)
[539.781s][info][gc,heap        ] GC(552) ParOldGen: 329236K(329728K)->352201K(352256K)
[539.781s][info][gc,metaspace   ] GC(552) Metaspace: 43035K(43392K)->43035K(43392K) NonClass: 40218K(40448K)->40218K(40448K) Class: 2817K(2944K)->2817K(2944K)
[539.781s][info][gc             ] GC(552) Pause Young (Allocation Failure) 575M->363M(621M) 47.288ms
[539.781s][info][gc,cpu         ] GC(552) User=0.08s Sys=0.02s Real=0.05s
[540.714s][info][gc,start       ] GC(553) Pause Young (Allocation Failure)
[540.776s][info][gc,heap        ] GC(553) PSYoungGen: 257301K(283648K)->12605K(284672K) Eden: 237056K(237056K)->0K(242688K) From: 20245K(46592K)->12605K(41984K)
[540.776s][info][gc,heap        ] GC(553) ParOldGen: 352201K(352256K)->368327K(368640K)
[540.776s][info][gc,metaspace   ] GC(553) Metaspace: 43035K(43392K)->43035K(43392K) NonClass: 40218K(40448K)->40218K(40448K) Class: 2817K(2944K)->2817K(2944K)
[540.776s][info][gc             ] GC(553) Pause Young (Allocation Failure) 595M->372M(638M) 61.846ms
[540.776s][info][gc,cpu         ] GC(553) User=0.06s Sys=0.01s Real=0.06s
[541.696s][info][gc,start       ] GC(554) Pause Young (Allocation Failure)
[541.729s][info][gc,heap        ] GC(554) PSYoungGen: 255293K(284672K)->22900K(285696K) Eden: 242688K(242688K)->0K(242688K) From: 12605K(41984K)->22900K(43008K)
[541.729s][info][gc,heap        ] GC(554) ParOldGen: 368327K(368640K)->369071K(369152K)
[541.730s][info][gc,metaspace   ] GC(554) Metaspace: 43070K(43392K)->43070K(43392K) NonClass: 40253K(40448K)->40253K(40448K) Class: 2817K(2944K)->2817K(2944K)
[541.730s][info][gc             ] GC(554) Pause Young (Allocation Failure) 609M->382M(639M) 33.604ms
[541.730s][info][gc,cpu         ] GC(554) User=0.05s Sys=0.00s Real=0.04s
[542.714s][info][gc,start       ] GC(555) Pause Young (Allocation Failure)
[542.720s][info][gc,heap        ] GC(555) PSYoungGen: 265588K(285696K)->4596K(290304K) Eden: 242688K(242688K)->0K(248320K) From: 22900K(43008K)->4596K(41984K)
[542.720s][info][gc,heap        ] GC(555) ParOldGen: 369071K(369152K)->370111K(370176K)
[542.720s][info][gc,metaspace   ] GC(555) Metaspace: 43070K(43392K)->43070K(43392K) NonClass: 40253K(40448K)->40253K(40448K) Class: 2817K(2944K)->2817K(2944K)
[542.720s][info][gc             ] GC(555) Pause Young (Allocation Failure) 619M->365M(645M) 6.084ms
[542.720s][info][gc,cpu         ] GC(555) User=0.01s Sys=0.00s Real=0.01s
[543.635s][info][gc,start       ] GC(556) Pause Young (Allocation Failure)
[543.640s][info][gc,heap        ] GC(556) PSYoungGen: 252916K(290304K)->1567K(290816K) Eden: 248320K(248320K)->0K(248320K) From: 4596K(41984K)->1567K(42496K)
[543.640s][info][gc,heap        ] GC(556) ParOldGen: 370111K(370176K)->371383K(371712K)
[543.640s][info][gc,metaspace   ] GC(556) Metaspace: 43070K(43392K)->43070K(43392K) NonClass: 40253K(40448K)->40253K(40448K) Class: 2817K(2944K)->2817K(2944K)
[543.640s][info][gc             ] GC(556) Pause Young (Allocation Failure) 608M->364M(647M) 4.868ms
[543.640s][info][gc,cpu         ] GC(556) User=0.01s Sys=0.00s Real=0.01s
[544.605s][info][gc,start       ] GC(557) Pause Young (Allocation Failure)
[544.634s][info][gc,heap        ] GC(557) PSYoungGen: 249887K(290816K)->27188K(288256K) Eden: 248320K(248320K)->0K(245760K) From: 1567K(42496K)->27188K(42496K)
[544.634s][info][gc,heap        ] GC(557) ParOldGen: 371383K(371712K)->372615K(372736K)
[544.634s][info][gc,metaspace   ] GC(557) Metaspace: 43070K(43392K)->43070K(43392K) NonClass: 40253K(40448K)->40253K(40448K) Class: 2817K(2944K)->2817K(2944K)
[544.634s][info][gc             ] GC(557) Pause Young (Allocation Failure) 606M->390M(645M) 28.989ms
[544.634s][info][gc,cpu         ] GC(557) User=0.05s Sys=0.00s Real=0.03s
[545.803s][info][gc,start       ] GC(558) Pause Young (Allocation Failure)
[545.821s][info][gc,heap        ] GC(558) PSYoungGen: 272948K(288256K)->10061K(289792K) Eden: 245760K(245760K)->0K(245760K) From: 27188K(42496K)->10061K(44032K)
[545.822s][info][gc,heap        ] GC(558) ParOldGen: 372615K(372736K)->373399K(373760K)
[545.822s][info][gc,metaspace   ] GC(558) Metaspace: 43070K(43392K)->43070K(43392K) NonClass: 40253K(40448K)->40253K(40448K) Class: 2817K(2944K)->2817K(2944K)
[545.822s][info][gc             ] GC(558) Pause Young (Allocation Failure) 630M->374M(648M) 18.454ms
[545.822s][info][gc,cpu         ] GC(558) User=0.02s Sys=0.00s Real=0.02s
[546.792s][info][gc,start       ] GC(559) Pause Young (Allocation Failure)
[546.800s][info][gc,heap        ] GC(559) PSYoungGen: 255821K(289792K)->5739K(288768K) Eden: 245760K(245760K)->0K(247296K) From: 10061K(44032K)->5739K(41472K)
[546.800s][info][gc,heap        ] GC(559) ParOldGen: 373399K(373760K)->374495K(374784K)
[546.800s][info][gc,metaspace   ] GC(559) Metaspace: 43070K(43392K)->43070K(43392K) NonClass: 40253K(40448K)->40253K(40448K) Class: 2817K(2944K)->2817K(2944K)
[546.800s][info][gc             ] GC(559) Pause Young (Allocation Failure) 614M->371M(648M) 8.072ms
[546.800s][info][gc,cpu         ] GC(559) User=0.01s Sys=0.01s Real=0.01s
[547.761s][info][gc,start       ] GC(560) Pause Young (Allocation Failure)
[547.769s][info][gc,heap        ] GC(560) PSYoungGen: 253035K(288768K)->6176K(289280K) Eden: 247296K(247296K)->0K(247296K) From: 5739K(41472K)->6176K(41984K)
[547.769s][info][gc,heap        ] GC(560) ParOldGen: 374495K(374784K)->375507K(375808K)
[547.769s][info][gc,metaspace   ] GC(560) Metaspace: 43070K(43392K)->43070K(43392K) NonClass: 40253K(40448K)->40253K(40448K) Class: 2817K(2944K)->2817K(2944K)
[547.769s][info][gc             ] GC(560) Pause Young (Allocation Failure) 612M->372M(649M) 7.488ms
[547.769s][info][gc,cpu         ] GC(560) User=0.02s Sys=0.01s Real=0.00s
[548.668s][info][gc,start       ] GC(561) Pause Young (Allocation Failure)
[548.676s][info][gc,heap        ] GC(561) PSYoungGen: 253472K(289280K)->7509K(289792K) Eden: 247296K(247296K)->0K(251392K) From: 6176K(41984K)->7509K(38400K)
[548.676s][info][gc,heap        ] GC(561) ParOldGen: 375507K(375808K)->376583K(376832K)
[548.676s][info][gc,metaspace   ] GC(561) Metaspace: 43070K(43392K)->43070K(43392K) NonClass: 40253K(40448K)->40253K(40448K) Class: 2817K(2944K)->2817K(2944K)
[548.676s][info][gc             ] GC(561) Pause Young (Allocation Failure) 614M->375M(651M) 7.900ms
[548.676s][info][gc,cpu         ] GC(561) User=0.01s Sys=0.00s Real=0.01s
[549.537s][info][gc,start       ] GC(562) Pause Young (Allocation Failure)
[549.561s][info][gc,heap        ] GC(562) PSYoungGen: 258901K(289792K)->28754K(290304K) Eden: 251392K(251392K)->0K(251392K) From: 7509K(38400K)->28754K(38912K)
[549.561s][info][gc,heap        ] GC(562) ParOldGen: 376583K(376832K)->377567K(377856K)
[549.561s][info][gc,metaspace   ] GC(562) Metaspace: 43070K(43392K)->43070K(43392K) NonClass: 40253K(40448K)->40253K(40448K) Class: 2817K(2944K)->2817K(2944K)
[549.561s][info][gc             ] GC(562) Pause Young (Allocation Failure) 620M->396M(652M) 24.273ms
[549.561s][info][gc,cpu         ] GC(562) User=0.04s Sys=0.00s Real=0.03s
[550.652s][info][gc,start       ] GC(563) Pause Young (Allocation Failure)
[550.722s][info][gc,heap        ] GC(563) PSYoungGen: 280146K(290304K)->28747K(287232K) Eden: 251392K(251392K)->0K(244736K) From: 28754K(38912K)->28747K(42496K)
[550.722s][info][gc,heap        ] GC(563) ParOldGen: 377567K(377856K)->395823K(396288K)
[550.722s][info][gc,metaspace   ] GC(563) Metaspace: 43070K(43392K)->43070K(43392K) NonClass: 40253K(40448K)->40253K(40448K) Class: 2817K(2944K)->2817K(2944K)
[550.722s][info][gc             ] GC(563) Pause Young (Allocation Failure) 642M->414M(667M) 69.486ms
[550.722s][info][gc,cpu         ] GC(563) User=0.10s Sys=0.01s Real=0.07s
[551.867s][info][gc,start       ] GC(564) Pause Young (Allocation Failure)
[551.972s][info][gc,heap        ] GC(564) PSYoungGen: 273483K(287232K)->44514K(289280K) Eden: 244736K(244736K)->0K(244736K) From: 28747K(42496K)->44514K(44544K)
[551.972s][info][gc,heap        ] GC(564) ParOldGen: 395823K(396288K)->433259K(433664K)
[551.972s][info][gc,metaspace   ] GC(564) Metaspace: 43070K(43392K)->43070K(43392K) NonClass: 40253K(40448K)->40253K(40448K) Class: 2817K(2944K)->2817K(2944K)
[551.972s][info][gc             ] GC(564) Pause Young (Allocation Failure) 653M->466M(706M) 105.479ms
[551.972s][info][gc,cpu         ] GC(564) User=0.17s Sys=0.03s Real=0.11s
[552.723s][info][gc,start       ] GC(565) Pause Young (Allocation Failure)
[552.799s][info][gc,heap        ] GC(565) PSYoungGen: 289250K(289280K)->10113K(250368K) Eden: 244736K(244736K)->0K(205824K) From: 44514K(44544K)->10113K(44544K)
[552.799s][info][gc,heap        ] GC(565) ParOldGen: 433259K(433664K)->475232K(475648K)
[552.799s][info][gc,metaspace   ] GC(565) Metaspace: 43070K(43392K)->43070K(43392K) NonClass: 40253K(40448K)->40253K(40448K) Class: 2817K(2944K)->2817K(2944K)
[552.799s][info][gc             ] GC(565) Pause Young (Allocation Failure) 705M->473M(709M) 75.467ms
[552.799s][info][gc,cpu         ] GC(565) User=0.11s Sys=0.04s Real=0.07s
[553.522s][info][gc,start       ] GC(566) Pause Young (Allocation Failure)
[553.549s][info][gc,heap        ] GC(566) PSYoungGen: 215937K(250368K)->20711K(269824K) Eden: 205824K(205824K)->0K(205824K) From: 10113K(44544K)->20711K(64000K)
[553.549s][info][gc,heap        ] GC(566) ParOldGen: 475232K(475648K)->484817K(484864K)
[553.549s][info][gc,metaspace   ] GC(566) Metaspace: 43070K(43392K)->43070K(43392K) NonClass: 40253K(40448K)->40253K(40448K) Class: 2817K(2944K)->2817K(2944K)
[553.549s][info][gc             ] GC(566) Pause Young (Allocation Failure) 674M->493M(737M) 27.196ms
[553.549s][info][gc,cpu         ] GC(566) User=0.05s Sys=0.01s Real=0.03s
[554.295s][info][gc,start       ] GC(567) Pause Young (Allocation Failure)
[554.306s][info][gc,heap        ] GC(567) PSYoungGen: 226535K(269824K)->6920K(262656K) Eden: 205824K(205824K)->0K(209920K) From: 20711K(64000K)->6920K(52736K)
[554.306s][info][gc,heap        ] GC(567) ParOldGen: 484817K(484864K)->488592K(488960K)
[554.306s][info][gc,metaspace   ] GC(567) Metaspace: 43070K(43392K)->43070K(43392K) NonClass: 40253K(40448K)->40253K(40448K) Class: 2817K(2944K)->2817K(2944K)
[554.306s][info][gc             ] GC(567) Pause Young (Allocation Failure) 694M->483M(734M) 11.058ms
[554.306s][info][gc,cpu         ] GC(567) User=0.02s Sys=0.00s Real=0.01s
[555.064s][info][gc,start       ] GC(568) Pause Young (Allocation Failure)
[555.091s][info][gc,heap        ] GC(568) PSYoungGen: 216840K(262656K)->39847K(268288K) Eden: 209920K(209920K)->0K(209920K) From: 6920K(52736K)->39847K(58368K)
[555.091s][info][gc,heap        ] GC(568) ParOldGen: 488592K(488960K)->489340K(489472K)
[555.091s][info][gc,metaspace   ] GC(568) Metaspace: 43070K(43392K)->43070K(43392K) NonClass: 40253K(40448K)->40253K(40448K) Class: 2817K(2944K)->2817K(2944K)
[555.091s][info][gc             ] GC(568) Pause Young (Allocation Failure) 688M->516M(740M) 27.076ms
[555.092s][info][gc,cpu         ] GC(568) User=0.05s Sys=0.00s Real=0.03s
[555.888s][info][gc,start       ] GC(569) Pause Young (Allocation Failure)
[555.904s][info][gc,heap        ] GC(569) PSYoungGen: 249767K(268288K)->22357K(271872K) Eden: 209920K(209920K)->0K(213504K) From: 39847K(58368K)->22357K(58368K)
[555.904s][info][gc,heap        ] GC(569) ParOldGen: 489340K(489472K)->489971K(489984K)
[555.904s][info][gc,metaspace   ] GC(569) Metaspace: 43070K(43392K)->43070K(43392K) NonClass: 40253K(40448K)->40253K(40448K) Class: 2817K(2944K)->2817K(2944K)
[555.904s][info][gc             ] GC(569) Pause Young (Allocation Failure) 721M->500M(744M) 15.467ms
[555.904s][info][gc,cpu         ] GC(569) User=0.03s Sys=0.00s Real=0.02s
[556.665s][info][gc,start       ] GC(570) Pause Young (Allocation Failure)
[556.680s][info][gc,heap        ] GC(570) PSYoungGen: 235861K(271872K)->18093K(271872K) Eden: 213504K(213504K)->0K(213504K) From: 22357K(58368K)->18093K(58368K)
[556.680s][info][gc,heap        ] GC(570) ParOldGen: 489971K(489984K)->490621K(491008K)
[556.680s][info][gc,metaspace   ] GC(570) Metaspace: 43070K(43392K)->43070K(43392K) NonClass: 40253K(40448K)->40253K(40448K) Class: 2817K(2944K)->2817K(2944K)
[556.680s][info][gc             ] GC(570) Pause Young (Allocation Failure) 708M->496M(745M) 15.249ms
[556.680s][info][gc,cpu         ] GC(570) User=0.03s Sys=0.00s Real=0.02s
[557.477s][info][gc,start       ] GC(571) Pause Young (Allocation Failure)
[557.527s][info][gc,heap        ] GC(571) PSYoungGen: 231597K(271872K)->55292K(250880K) Eden: 213504K(213504K)->0K(195584K) From: 18093K(58368K)->55292K(55296K)
[557.527s][info][gc,heap        ] GC(571) ParOldGen: 490621K(491008K)->503654K(503808K)
[557.527s][info][gc,metaspace   ] GC(571) Metaspace: 43070K(43392K)->43070K(43392K) NonClass: 40253K(40448K)->40253K(40448K) Class: 2817K(2944K)->2817K(2944K)
[557.527s][info][gc             ] GC(571) Pause Young (Allocation Failure) 705M->545M(737M) 50.237ms
[557.527s][info][gc,cpu         ] GC(571) User=0.09s Sys=0.01s Real=0.05s
[558.259s][info][gc,start       ] GC(572) Pause Young (Allocation Failure)
[558.361s][info][gc,heap        ] GC(572) PSYoungGen: 250876K(250880K)->46210K(242176K) Eden: 195584K(195584K)->0K(195584K) From: 55292K(55296K)->46210K(46592K)
[558.361s][info][gc,heap        ] GC(572) ParOldGen: 503654K(503808K)->546433K(546816K)
[558.361s][info][gc,metaspace   ] GC(572) Metaspace: 43070K(43392K)->43070K(43392K) NonClass: 40253K(40448K)->40253K(40448K) Class: 2817K(2944K)->2817K(2944K)
[558.361s][info][gc             ] GC(572) Pause Young (Allocation Failure) 736M->578M(770M) 102.208ms
[558.361s][info][gc,cpu         ] GC(572) User=0.16s Sys=0.05s Real=0.11s
[559.069s][info][gc,start       ] GC(573) Pause Young (Allocation Failure)
[559.132s][info][gc,heap        ] GC(573) PSYoungGen: 241794K(242176K)->27349K(265728K) Eden: 195584K(195584K)->0K(193536K) From: 46210K(46592K)->27349K(72192K)
[559.132s][info][gc,heap        ] GC(573) ParOldGen: 546433K(546816K)->584822K(585216K)
[559.132s][info][gc,metaspace   ] GC(573) Metaspace: 43070K(43392K)->43070K(43392K) NonClass: 40253K(40448K)->40253K(40448K) Class: 2817K(2944K)->2817K(2944K)
[559.132s][info][gc             ] GC(573) Pause Young (Allocation Failure) 769M->597M(831M) 62.474ms
[559.132s][info][gc,cpu         ] GC(573) User=0.10s Sys=0.02s Real=0.06s
[559.850s][info][gc,start       ] GC(574) Pause Young (Allocation Failure)
[559.858s][info][gc,heap        ] GC(574) PSYoungGen: 220885K(265728K)->7209K(201216K) Eden: 193536K(193536K)->0K(193536K) From: 27349K(72192K)->7209K(7680K)
[559.858s][info][gc,heap        ] GC(574) ParOldGen: 584822K(585216K)->585781K(586240K)
[559.858s][info][gc,metaspace   ] GC(574) Metaspace: 43070K(43392K)->43070K(43392K) NonClass: 40253K(40448K)->40253K(40448K) Class: 2817K(2944K)->2817K(2944K)
[559.858s][info][gc             ] GC(574) Pause Young (Allocation Failure) 786M->579M(769M) 8.121ms
[559.858s][info][gc,cpu         ] GC(574) User=0.01s Sys=0.00s Real=0.00s
[560.471s][info][gc,start       ] GC(575) Pause Young (Allocation Failure)
[560.480s][info][gc,heap        ] GC(575) PSYoungGen: 200745K(201216K)->10150K(262144K) Eden: 193536K(193536K)->0K(194560K) From: 7209K(7680K)->10150K(67584K)
[560.480s][info][gc,heap        ] GC(575) ParOldGen: 585781K(586240K)->586569K(586752K)
[560.480s][info][gc,metaspace   ] GC(575) Metaspace: 43070K(43392K)->43070K(43392K) NonClass: 40253K(40448K)->40253K(40448K) Class: 2817K(2944K)->2817K(2944K)
[560.480s][info][gc             ] GC(575) Pause Young (Allocation Failure) 768M->582M(829M) 8.559ms
[560.480s][info][gc,cpu         ] GC(575) User=0.02s Sys=0.00s Real=0.01s
[561.121s][info][gc,start       ] GC(576) Pause Young (Allocation Failure)
[561.128s][info][gc,heap        ] GC(576) PSYoungGen: 204710K(262144K)->5785K(261120K) Eden: 194560K(194560K)->0K(194560K) From: 10150K(67584K)->5785K(66560K)
[561.128s][info][gc,heap        ] GC(576) ParOldGen: 586569K(586752K)->587354K(587776K)
[561.128s][info][gc,metaspace   ] GC(576) Metaspace: 43070K(43392K)->43070K(43392K) NonClass: 40253K(40448K)->40253K(40448K) Class: 2817K(2944K)->2817K(2944K)
[561.128s][info][gc             ] GC(576) Pause Young (Allocation Failure) 772M->579M(829M) 6.730ms
[561.128s][info][gc,cpu         ] GC(576) User=0.01s Sys=0.00s Real=0.00s
[561.753s][info][gc,start       ] GC(577) Pause Young (Allocation Failure)
[561.759s][info][gc,heap        ] GC(577) PSYoungGen: 200345K(261120K)->5215K(265728K) Eden: 194560K(194560K)->0K(201216K) From: 5785K(66560K)->5215K(64512K)
[561.759s][info][gc,heap        ] GC(577) ParOldGen: 587354K(587776K)->587870K(588288K)
[561.759s][info][gc,metaspace   ] GC(577) Metaspace: 43070K(43392K)->43070K(43392K) NonClass: 40253K(40448K)->40253K(40448K) Class: 2817K(2944K)->2817K(2944K)
[561.759s][info][gc             ] GC(577) Pause Young (Allocation Failure) 769M->579M(834M) 6.091ms
[561.759s][info][gc,cpu         ] GC(577) User=0.01s Sys=0.00s Real=0.00s
[562.345s][info][gc,start       ] GC(578) Pause Young (Allocation Failure)
[562.360s][info][gc,heap        ] GC(578) PSYoungGen: 206431K(265728K)->22810K(265216K) Eden: 201216K(201216K)->0K(201216K) From: 5215K(64512K)->22810K(64000K)
[562.361s][info][gc,heap        ] GC(578) ParOldGen: 587870K(588288K)->588324K(588800K)
[562.361s][info][gc,metaspace   ] GC(578) Metaspace: 43070K(43392K)->43070K(43392K) NonClass: 40253K(40448K)->40253K(40448K) Class: 2817K(2944K)->2817K(2944K)
[562.361s][info][gc             ] GC(578) Pause Young (Allocation Failure) 775M->596M(834M) 15.449ms
[562.361s][info][gc,cpu         ] GC(578) User=0.02s Sys=0.00s Real=0.02s
[562.981s][info][gc,start       ] GC(579) Pause Young (Allocation Failure)
[563.003s][info][gc,heap        ] GC(579) PSYoungGen: 224026K(265216K)->673K(266240K) Eden: 201216K(201216K)->0K(205824K) From: 22810K(64000K)->673K(60416K)
[563.003s][info][gc,heap        ] GC(579) ParOldGen: 588324K(588800K)->609759K(609792K)
[563.003s][info][gc,metaspace   ] GC(579) Metaspace: 43070K(43392K)->43070K(43392K) NonClass: 40253K(40448K)->40253K(40448K) Class: 2817K(2944K)->2817K(2944K)
[563.003s][info][gc             ] GC(579) Pause Young (Allocation Failure) 793M->596M(855M) 22.334ms
[563.003s][info][gc,cpu         ] GC(579) User=0.02s Sys=0.02s Real=0.02s
[563.579s][info][gc,start       ] GC(580) Pause Young (Allocation Failure)
[563.585s][info][gc,heap        ] GC(580) PSYoungGen: 206497K(266240K)->4124K(265728K) Eden: 205824K(205824K)->0K(205824K) From: 673K(60416K)->4124K(59904K)
[563.585s][info][gc,heap        ] GC(580) ParOldGen: 609759K(609792K)->609791K(609792K)
[563.585s][info][gc,metaspace   ] GC(580) Metaspace: 43070K(43392K)->43070K(43392K) NonClass: 40253K(40448K)->40253K(40448K) Class: 2817K(2944K)->2817K(2944K)
[563.585s][info][gc             ] GC(580) Pause Young (Allocation Failure) 797M->599M(855M) 5.622ms
[563.585s][info][gc,cpu         ] GC(580) User=0.01s Sys=0.00s Real=0.01s
[563.912s][info][gc,start       ] GC(581) Pause Young (Allocation Failure)
[563.917s][info][gc,heap        ] GC(581) PSYoungGen: 209948K(265728K)->1269K(272896K) Eden: 205824K(205824K)->0K(214528K) From: 4124K(59904K)->1269K(58368K)
[563.917s][info][gc,heap        ] GC(581) ParOldGen: 609791K(609792K)->611855K(612352K)
[563.917s][info][gc,metaspace   ] GC(581) Metaspace: 43070K(43392K)->43070K(43392K) NonClass: 40253K(40448K)->40253K(40448K) Class: 2817K(2944K)->2817K(2944K)
[563.917s][info][gc             ] GC(581) Pause Young (Allocation Failure) 800M->598M(864M) 5.030ms
[563.917s][info][gc,cpu         ] GC(581) User=0.01s Sys=0.00s Real=0.00s
[564.270s][info][gc,start       ] GC(582) Pause Young (Allocation Failure)
[564.274s][info][gc,heap        ] GC(582) PSYoungGen: 215797K(272896K)->4025K(271872K) Eden: 214528K(214528K)->0K(214528K) From: 1269K(58368K)->4025K(57344K)
[564.274s][info][gc,heap        ] GC(582) ParOldGen: 611855K(612352K)->611911K(612352K)
[564.275s][info][gc,metaspace   ] GC(582) Metaspace: 43070K(43392K)->43070K(43392K) NonClass: 40253K(40448K)->40253K(40448K) Class: 2817K(2944K)->2817K(2944K)
[564.275s][info][gc             ] GC(582) Pause Young (Allocation Failure) 808M->601M(863M) 4.478ms
[564.275s][info][gc,cpu         ] GC(582) User=0.01s Sys=0.00s Real=0.00s
[564.629s][info][gc,start       ] GC(583) Pause Young (Allocation Failure)
[564.638s][info][gc,heap        ] GC(583) PSYoungGen: 218248K(271872K)->9248K(273408K) Eden: 214222K(214528K)->0K(221184K) From: 4025K(57344K)->9248K(52224K)
[564.638s][info][gc,heap        ] GC(583) ParOldGen: 611911K(612352K)->613507K(613888K)
[564.638s][info][gc,metaspace   ] GC(583) Metaspace: 43070K(43392K)->43070K(43392K) NonClass: 40253K(40448K)->40253K(40448K) Class: 2817K(2944K)->2817K(2944K)
[564.638s][info][gc             ] GC(583) Pause Young (Allocation Failure) 810M->608M(866M) 9.026ms
[564.638s][info][gc,cpu         ] GC(583) User=0.01s Sys=0.00s Real=0.00s
[564.920s][info][gc,start       ] GC(584) Pause Young (Allocation Failure)
[564.933s][info][gc,heap        ] GC(584) PSYoungGen: 230055K(273408K)->3000K(273408K) Eden: 220806K(221184K)->0K(221184K) From: 9248K(52224K)->3000K(52224K)
[564.933s][info][gc,heap        ] GC(584) ParOldGen: 613507K(613888K)->622598K(623104K)
[564.933s][info][gc,metaspace   ] GC(584) Metaspace: 43070K(43392K)->43070K(43392K) NonClass: 40253K(40448K)->40253K(40448K) Class: 2817K(2944K)->2817K(2944K)
[564.933s][info][gc             ] GC(584) Pause Young (Allocation Failure) 823M->610M(875M) 12.868ms
[564.933s][info][gc,cpu         ] GC(584) User=0.02s Sys=0.00s Real=0.01s
[565.211s][info][gc,start       ] GC(585) Pause Young (Allocation Failure)
[565.220s][info][gc,heap        ] GC(585) PSYoungGen: 222693K(273408K)->2331K(279552K) Eden: 219693K(221184K)->0K(231424K) From: 3000K(52224K)->2331K(48128K)
[565.220s][info][gc,heap        ] GC(585) ParOldGen: 622598K(623104K)->625571K(625664K)
[565.220s][info][gc,metaspace   ] GC(585) Metaspace: 43070K(43392K)->43070K(43392K) NonClass: 40253K(40448K)->40253K(40448K) Class: 2817K(2944K)->2817K(2944K)
[565.220s][info][gc             ] GC(585) Pause Young (Allocation Failure) 825M->613M(884M) 8.720ms
[565.220s][info][gc,cpu         ] GC(585) User=0.01s Sys=0.00s Real=0.01s
[565.525s][info][gc,start       ] GC(586) Pause Young (Allocation Failure)
[565.534s][info][gc,heap        ] GC(586) PSYoungGen: 232338K(279552K)->5018K(279552K) Eden: 230006K(231424K)->0K(231424K) From: 2331K(48128K)->5018K(48128K)
[565.535s][info][gc,heap        ] GC(586) ParOldGen: 625571K(625664K)->627879K(628224K)
[565.535s][info][gc,metaspace   ] GC(586) Metaspace: 43070K(43392K)->43070K(43392K) NonClass: 40253K(40448K)->40253K(40448K) Class: 2817K(2944K)->2817K(2944K)
[565.535s][info][gc             ] GC(586) Pause Young (Allocation Failure) 837M->618M(886M) 9.740ms
[565.535s][info][gc,cpu         ] GC(586) User=0.01s Sys=0.01s Real=0.01s
[565.897s][info][gc,start       ] GC(587) Pause Young (Allocation Failure)
[565.921s][info][gc,heap        ] GC(587) PSYoungGen: 236442K(279552K)->6895K(281600K) Eden: 231424K(231424K)->0K(239616K) From: 5018K(48128K)->6895K(41984K)
[565.921s][info][gc,heap        ] GC(587) ParOldGen: 627879K(628224K)->632918K(633344K)
[565.921s][info][gc,metaspace   ] GC(587) Metaspace: 43070K(43392K)->43070K(43392K) NonClass: 40253K(40448K)->40253K(40448K) Class: 2817K(2944K)->2817K(2944K)
[565.921s][info][gc             ] GC(587) Pause Young (Allocation Failure) 844M->624M(893M) 23.790ms
[565.921s][info][gc,cpu         ] GC(587) User=0.04s Sys=0.01s Real=0.03s
[566.259s][info][gc,start       ] GC(588) Pause Young (Allocation Failure)
[566.277s][info][gc,heap        ] GC(588) PSYoungGen: 246020K(281600K)->7889K(282624K) Eden: 239125K(239616K)->0K(239616K) From: 6895K(41984K)->7889K(43008K)
[566.277s][info][gc,heap        ] GC(588) ParOldGen: 632918K(633344K)->639966K(640000K)
[566.277s][info][gc,metaspace   ] GC(588) Metaspace: 43070K(43392K)->43070K(43392K) NonClass: 40253K(40448K)->40253K(40448K) Class: 2817K(2944K)->2817K(2944K)
[566.277s][info][gc             ] GC(588) Pause Young (Allocation Failure) 858M->632M(901M) 18.544ms
[566.277s][info][gc,cpu         ] GC(588) User=0.03s Sys=0.00s Real=0.02s
[566.703s][info][gc,start       ] GC(589) Pause Full (Allocation Failure)
[566.703s][info][gc,phases,start] GC(589) Marking Phase
[566.762s][info][gc,phases      ] GC(589) Marking Phase 58.540ms
[566.762s][info][gc,phases,start] GC(589) Summary Phase
[566.762s][info][gc,phases      ] GC(589) Summary Phase 0.029ms
[566.762s][info][gc,phases,start] GC(589) Forward
[566.773s][info][gc,phases      ] GC(589) Forward 10.796ms
[566.773s][info][gc,phases,start] GC(589) Adjust Pointers
[566.806s][info][gc,phases      ] GC(589) Adjust Pointers 32.919ms
[566.806s][info][gc,phases,start] GC(589) Compaction Phase
[566.819s][info][gc,phases      ] GC(589) Compaction Phase 12.985ms
[566.819s][info][gc,phases,start] GC(589) Post Compact
[566.821s][info][gc,phases      ] GC(589) Post Compact 2.587ms
[566.856s][info][gc,heap        ] GC(589) PSYoungGen: 247505K(282624K)->0K(289280K) Eden: 239616K(239616K)->0K(248832K) From: 7889K(43008K)->0K(40448K)
[566.857s][info][gc,heap        ] GC(589) ParOldGen: 639966K(640000K)->78377K(206336K)
[566.857s][info][gc,metaspace   ] GC(589) Metaspace: 43070K(43392K)->43070K(43392K) NonClass: 40253K(40448K)->40253K(40448K) Class: 2817K(2944K)->2817K(2944K)
[566.857s][info][gc             ] GC(589) Pause Full (Allocation Failure) 866M->76M(484M) 153.403ms
[566.857s][info][gc,cpu         ] GC(589) User=0.18s Sys=0.03s Real=0.15s
[567.374s][info][gc,start       ] GC(590) Pause Young (Allocation Failure)
[567.377s][info][gc,heap        ] GC(590) PSYoungGen: 248832K(289280K)->3777K(289280K) Eden: 248832K(248832K)->0K(248832K) From: 0K(40448K)->3777K(40448K)
[567.377s][info][gc,heap        ] GC(590) ParOldGen: 78377K(206336K)->78377K(206336K)
[567.377s][info][gc,metaspace   ] GC(590) Metaspace: 43073K(43456K)->43073K(43456K) NonClass: 40256K(40512K)->40256K(40512K) Class: 2817K(2944K)->2817K(2944K)
[567.378s][info][gc             ] GC(590) Pause Young (Allocation Failure) 319M->80M(484M) 3.617ms
[567.378s][info][gc,cpu         ] GC(590) User=0.00s Sys=0.00s Real=0.00s
[567.925s][info][gc,start       ] GC(591) Pause Young (Allocation Failure)
[567.930s][info][gc,heap        ] GC(591) PSYoungGen: 252609K(289280K)->4492K(290816K) Eden: 248832K(248832K)->0K(254464K) From: 3777K(40448K)->4492K(36352K)
[567.930s][info][gc,heap        ] GC(591) ParOldGen: 78377K(206336K)->80483K(206336K)
[567.930s][info][gc,metaspace   ] GC(591) Metaspace: 43078K(43456K)->43078K(43456K) NonClass: 40260K(40512K)->40260K(40512K) Class: 2817K(2944K)->2817K(2944K)
[567.930s][info][gc             ] GC(591) Pause Young (Allocation Failure) 323M->82M(485M) 5.448ms
[567.930s][info][gc,cpu         ] GC(591) User=0.01s Sys=0.00s Real=0.01s
[568.490s][info][gc,start       ] GC(592) Pause Young (Allocation Failure)
[568.495s][info][gc,heap        ] GC(592) PSYoungGen: 258956K(290816K)->5962K(291328K) Eden: 254464K(254464K)->0K(254464K) From: 4492K(36352K)->5962K(36864K)
[568.496s][info][gc,heap        ] GC(592) ParOldGen: 80483K(206336K)->80499K(206336K)
[568.496s][info][gc,metaspace   ] GC(592) Metaspace: 43082K(43456K)->43082K(43456K) NonClass: 40265K(40512K)->40265K(40512K) Class: 2817K(2944K)->2817K(2944K)
[568.496s][info][gc             ] GC(592) Pause Young (Allocation Failure) 331M->84M(486M) 5.068ms
[568.496s][info][gc,cpu         ] GC(592) User=0.01s Sys=0.00s Real=0.00s
[569.074s][info][gc,start       ] GC(593) Pause Young (Allocation Failure)
[569.075s][info][gc,heap        ] GC(593) PSYoungGen: 260426K(291328K)->717K(295424K) Eden: 254464K(254464K)->0K(262144K) From: 5962K(36864K)->717K(33280K)
[569.075s][info][gc,heap        ] GC(593) ParOldGen: 80499K(206336K)->80547K(206336K)
[569.075s][info][gc,metaspace   ] GC(593) Metaspace: 43082K(43456K)->43082K(43456K) NonClass: 40265K(40512K)->40265K(40512K) Class: 2817K(2944K)->2817K(2944K)
[569.075s][info][gc             ] GC(593) Pause Young (Allocation Failure) 332M->79M(490M) 1.190ms
[569.075s][info][gc,cpu         ] GC(593) User=0.00s Sys=0.00s Real=0.00s
[569.652s][info][gc,start       ] GC(594) Pause Young (Allocation Failure)
[569.656s][info][gc,heap        ] GC(594) PSYoungGen: 262861K(295424K)->7009K(295424K) Eden: 262144K(262144K)->0K(262144K) From: 717K(33280K)->7009K(33280K)
[569.656s][info][gc,heap        ] GC(594) ParOldGen: 80547K(206336K)->81123K(206336K)
[569.656s][info][gc,metaspace   ] GC(594) Metaspace: 43088K(43456K)->43088K(43456K) NonClass: 40271K(40512K)->40271K(40512K) Class: 2817K(2944K)->2817K(2944K)
[569.656s][info][gc             ] GC(594) Pause Young (Allocation Failure) 335M->86M(490M) 4.387ms
[569.656s][info][gc,cpu         ] GC(594) User=0.01s Sys=0.00s Real=0.00s
[570.779s][info][gc,start       ] GC(595) Pause Young (Allocation Failure)
[570.783s][info][gc,heap        ] GC(595) PSYoungGen: 269153K(295424K)->3250K(299008K) Eden: 262144K(262144K)->0K(268800K) From: 7009K(33280K)->3250K(30208K)
[570.783s][info][gc,heap        ] GC(595) ParOldGen: 81123K(206336K)->81243K(206336K)
[570.784s][info][gc,metaspace   ] GC(595) Metaspace: 43092K(43456K)->43092K(43456K) NonClass: 40275K(40512K)->40275K(40512K) Class: 2817K(2944K)->2817K(2944K)
[570.784s][info][gc             ] GC(595) Pause Young (Allocation Failure) 342M->82M(493M) 4.536ms
[570.784s][info][gc,cpu         ] GC(595) User=0.00s Sys=0.00s Real=0.01s
[571.806s][info][gc,start       ] GC(596) Pause Young (Allocation Failure)
[571.829s][info][gc,heap        ] GC(596) PSYoungGen: 272050K(299008K)->23236K(298496K) Eden: 268800K(268800K)->0K(268800K) From: 3250K(30208K)->23236K(29696K)
[571.829s][info][gc,heap        ] GC(596) ParOldGen: 81243K(206336K)->84437K(206336K)
[571.829s][info][gc,metaspace   ] GC(596) Metaspace: 43110K(43456K)->43110K(43456K) NonClass: 40293K(40512K)->40293K(40512K) Class: 2817K(2944K)->2817K(2944K)
[571.829s][info][gc             ] GC(596) Pause Young (Allocation Failure) 345M->105M(493M) 22.713ms
[571.829s][info][gc,cpu         ] GC(596) User=0.05s Sys=0.00s Real=0.03s
[572.450s][info][gc,start       ] GC(597) Pause Young (Allocation Failure)
[572.501s][info][gc,heap        ] GC(597) PSYoungGen: 292036K(298496K)->30456K(289280K) Eden: 268800K(268800K)->0K(256000K) From: 23236K(29696K)->30456K(33280K)
[572.501s][info][gc,heap        ] GC(597) ParOldGen: 84437K(206336K)->107277K(206336K)
[572.501s][info][gc,metaspace   ] GC(597) Metaspace: 43110K(43456K)->43110K(43456K) NonClass: 40293K(40512K)->40293K(40512K) Class: 2817K(2944K)->2817K(2944K)
[572.501s][info][gc             ] GC(597) Pause Young (Allocation Failure) 367M->134M(484M) 51.045ms
[572.501s][info][gc,cpu         ] GC(597) User=0.09s Sys=0.01s Real=0.05s
[573.098s][info][gc,start       ] GC(598) Pause Young (Allocation Failure)
[573.153s][info][gc,heap        ] GC(598) PSYoungGen: 286456K(289280K)->29120K(285184K) Eden: 256000K(256000K)->0K(256000K) From: 30456K(33280K)->29120K(29184K)
[573.153s][info][gc,heap        ] GC(598) ParOldGen: 107277K(206336K)->136325K(206336K)
[573.154s][info][gc,metaspace   ] GC(598) Metaspace: 43110K(43456K)->43110K(43456K) NonClass: 40293K(40512K)->40293K(40512K) Class: 2817K(2944K)->2817K(2944K)
[573.154s][info][gc             ] GC(598) Pause Young (Allocation Failure) 384M->161M(480M) 55.489ms
[573.154s][info][gc,cpu         ] GC(598) User=0.11s Sys=0.00s Real=0.06s
[576.832s][info][gc,start       ] GC(599) Pause Young (Allocation Failure)
[576.872s][info][gc,heap        ] GC(599) PSYoungGen: 285120K(285184K)->15775K(292864K) Eden: 256000K(256000K)->0K(250368K) From: 29120K(29184K)->15775K(42496K)
[576.873s][info][gc,heap        ] GC(599) ParOldGen: 136325K(206336K)->165662K(206336K)
[576.873s][info][gc,metaspace   ] GC(599) Metaspace: 43117K(43456K)->43117K(43456K) NonClass: 40300K(40512K)->40300K(40512K) Class: 2817K(2944K)->2817K(2944K)
[576.873s][info][gc             ] GC(599) Pause Young (Allocation Failure) 411M->177M(487M) 40.795ms
[576.873s][info][gc,cpu         ] GC(599) User=0.08s Sys=0.00s Real=0.04s
[577.642s][info][gc,start       ] GC(600) Pause Young (Allocation Failure)
[577.659s][info][gc,heap        ] GC(600) PSYoungGen: 266143K(292864K)->4135K(254976K) Eden: 250368K(250368K)->0K(250368K) From: 15775K(42496K)->4135K(4608K)
[577.659s][info][gc,heap        ] GC(600) ParOldGen: 165662K(206336K)->181334K(206336K)
[577.659s][info][gc,metaspace   ] GC(600) Metaspace: 43118K(43456K)->43118K(43456K) NonClass: 40300K(40512K)->40300K(40512K) Class: 2817K(2944K)->2817K(2944K)
[577.659s][info][gc             ] GC(600) Pause Young (Allocation Failure) 421M->181M(450M) 16.933ms
[577.659s][info][gc,cpu         ] GC(600) User=0.04s Sys=0.00s Real=0.02s
[578.769s][info][gc,start       ] GC(601) Pause Young (Allocation Failure)
[578.781s][info][gc,heap        ] GC(601) PSYoungGen: 254503K(254976K)->10904K(291840K) Eden: 250368K(250368K)->0K(252416K) From: 4135K(4608K)->10904K(39424K)
[578.782s][info][gc,heap        ] GC(601) ParOldGen: 181334K(206336K)->184296K(206336K)
[578.782s][info][gc,metaspace   ] GC(601) Metaspace: 43118K(43456K)->43118K(43456K) NonClass: 40300K(40512K)->40300K(40512K) Class: 2817K(2944K)->2817K(2944K)
[578.782s][info][gc             ] GC(601) Pause Young (Allocation Failure) 425M->190M(486M) 12.113ms
[578.782s][info][gc,cpu         ] GC(601) User=0.03s Sys=0.00s Real=0.01s
[580.230s][info][gc,start       ] GC(602) Pause Young (Allocation Failure)
[580.243s][info][gc,heap        ] GC(602) PSYoungGen: 263320K(291840K)->4790K(289792K) Eden: 252416K(252416K)->0K(252416K) From: 10904K(39424K)->4790K(37376K)
[580.243s][info][gc,heap        ] GC(602) ParOldGen: 184296K(206336K)->193339K(206336K)
[580.243s][info][gc,metaspace   ] GC(602) Metaspace: 43118K(43456K)->43118K(43456K) NonClass: 40300K(40512K)->40300K(40512K) Class: 2817K(2944K)->2817K(2944K)
[580.243s][info][gc             ] GC(602) Pause Young (Allocation Failure) 437M->193M(484M) 12.626ms
[580.243s][info][gc,cpu         ] GC(602) User=0.02s Sys=0.00s Real=0.01s
[581.665s][info][gc,start       ] GC(603) Pause Young (Allocation Failure)
[581.691s][info][gc,heap        ] GC(603) PSYoungGen: 257206K(289792K)->22227K(291328K) Eden: 252416K(252416K)->0K(255488K) From: 4790K(37376K)->22227K(35840K)
[581.691s][info][gc,heap        ] GC(603) ParOldGen: 193339K(206336K)->197891K(206336K)
[581.691s][info][gc,metaspace   ] GC(603) Metaspace: 43118K(43456K)->43118K(43456K) NonClass: 40300K(40512K)->40300K(40512K) Class: 2817K(2944K)->2817K(2944K)
[581.691s][info][gc             ] GC(603) Pause Young (Allocation Failure) 439M->214M(486M) 25.549ms
[581.691s][info][gc,cpu         ] GC(603) User=0.05s Sys=0.00s Real=0.03s
[583.012s][info][gc,start       ] GC(604) Pause Young (Allocation Failure)
[583.058s][info][gc,heap        ] GC(604) PSYoungGen: 277715K(291328K)->29832K(285696K) Eden: 255488K(255488K)->0K(255488K) From: 22227K(35840K)->29832K(30208K)
[583.058s][info][gc,heap        ] GC(604) ParOldGen: 197891K(206336K)->220219K(220672K)
[583.058s][info][gc,metaspace   ] GC(604) Metaspace: 43118K(43456K)->43118K(43456K) NonClass: 40300K(40512K)->40300K(40512K) Class: 2817K(2944K)->2817K(2944K)
[583.058s][info][gc             ] GC(604) Pause Young (Allocation Failure) 464M->244M(494M) 46.621ms
[583.058s][info][gc,cpu         ] GC(604) User=0.08s Sys=0.02s Real=0.04s
[583.678s][info][gc,start       ] GC(605) Pause Young (Allocation Failure)
[583.751s][info][gc,heap        ] GC(605) PSYoungGen: 285320K(285696K)->31660K(285184K) Eden: 255488K(255488K)->0K(243712K) From: 29832K(30208K)->31660K(41472K)
[583.751s][info][gc,heap        ] GC(605) ParOldGen: 220219K(220672K)->250055K(250368K)
[583.751s][info][gc,metaspace   ] GC(605) Metaspace: 43118K(43456K)->43118K(43456K) NonClass: 40300K(40512K)->40300K(40512K) Class: 2817K(2944K)->2817K(2944K)
[583.751s][info][gc             ] GC(605) Pause Young (Allocation Failure) 493M->275M(523M) 73.009ms
[583.751s][info][gc,cpu         ] GC(605) User=0.12s Sys=0.02s Real=0.08s
[584.338s][info][gc,start       ] GC(606) Pause Young (Allocation Failure)
[584.411s][info][gc,heap        ] GC(606) PSYoungGen: 275372K(285184K)->29432K(273408K) Eden: 243712K(243712K)->0K(243712K) From: 31660K(41472K)->29432K(29696K)
[584.411s][info][gc,heap        ] GC(606) ParOldGen: 250055K(250368K)->281086K(281088K)
[584.411s][info][gc,metaspace   ] GC(606) Metaspace: 43118K(43456K)->43118K(43456K) NonClass: 40300K(40512K)->40300K(40512K) Class: 2817K(2944K)->2817K(2944K)
[584.411s][info][gc             ] GC(606) Pause Young (Allocation Failure) 513M->303M(541M) 73.121ms
[584.411s][info][gc,cpu         ] GC(606) User=0.11s Sys=0.03s Real=0.08s
[585.473s][info][gc,start       ] GC(607) Pause Young (Allocation Failure)
[585.572s][info][gc,heap        ] GC(607) PSYoungGen: 273144K(273408K)->47072K(244736K) Eden: 243712K(243712K)->0K(197632K) From: 29432K(29696K)->47072K(47104K)
[585.572s][info][gc,heap        ] GC(607) ParOldGen: 281086K(281088K)->316239K(316416K)
[585.572s][info][gc,metaspace   ] GC(607) Metaspace: 43118K(43456K)->43118K(43456K) NonClass: 40300K(40512K)->40300K(40512K) Class: 2817K(2944K)->2817K(2944K)
[585.572s][info][gc             ] GC(607) Pause Young (Allocation Failure) 541M->354M(548M) 98.379ms
[585.572s][info][gc,cpu         ] GC(607) User=0.16s Sys=0.03s Real=0.10s
[586.706s][info][gc,start       ] GC(608) Pause Young (Allocation Failure)
[586.742s][info][gc,heap        ] GC(608) PSYoungGen: 244704K(244736K)->10708K(265728K) Eden: 197632K(197632K)->0K(197632K) From: 47072K(47104K)->10708K(68096K)
[586.743s][info][gc,heap        ] GC(608) ParOldGen: 316239K(316416K)->338116K(338432K)
[586.743s][info][gc,metaspace   ] GC(608) Metaspace: 43118K(43456K)->43118K(43456K) NonClass: 40300K(40512K)->40300K(40512K) Class: 2817K(2944K)->2817K(2944K)
[586.743s][info][gc             ] GC(608) Pause Young (Allocation Failure) 547M->340M(590M) 36.498ms
[586.743s][info][gc,cpu         ] GC(608) User=0.06s Sys=0.02s Real=0.04s
[587.822s][info][gc,start       ] GC(609) Pause Young (Allocation Failure)
[587.835s][info][gc,heap        ] GC(609) PSYoungGen: 208340K(265728K)->608K(262656K) Eden: 197632K(197632K)->0K(199680K) From: 10708K(68096K)->608K(62976K)
[587.835s][info][gc,heap        ] GC(609) ParOldGen: 338116K(338432K)->347791K(348160K)
[587.835s][info][gc,metaspace   ] GC(609) Metaspace: 43118K(43456K)->43118K(43456K) NonClass: 40300K(40512K)->40300K(40512K) Class: 2817K(2944K)->2817K(2944K)
[587.835s][info][gc             ] GC(609) Pause Young (Allocation Failure) 533M->340M(596M) 13.053ms
[587.835s][info][gc,cpu         ] GC(609) User=0.02s Sys=0.01s Real=0.01s
[589.005s][info][gc,start       ] GC(610) Pause Young (Allocation Failure)
[589.028s][info][gc,heap        ] GC(610) PSYoungGen: 200288K(262656K)->22435K(265216K) Eden: 199680K(199680K)->0K(199680K) From: 608K(62976K)->22435K(65536K)
[589.028s][info][gc,heap        ] GC(610) ParOldGen: 347791K(348160K)->348337K(348672K)
[589.028s][info][gc,metaspace   ] GC(610) Metaspace: 43118K(43456K)->43118K(43456K) NonClass: 40300K(40512K)->40300K(40512K) Class: 2817K(2944K)->2817K(2944K)
[589.028s][info][gc             ] GC(610) Pause Young (Allocation Failure) 535M->362M(599M) 23.612ms
[589.028s][info][gc,cpu         ] GC(610) User=0.04s Sys=0.00s Real=0.02s
[590.216s][info][gc,start       ] GC(611) Pause Young (Allocation Failure)
[590.265s][info][gc,heap        ] GC(611) PSYoungGen: 222115K(265216K)->19387K(261120K) Eden: 199680K(199680K)->0K(206336K) From: 22435K(65536K)->19387K(54784K)
[590.265s][info][gc,heap        ] GC(611) ParOldGen: 348337K(348672K)->370601K(370688K)
[590.265s][info][gc,metaspace   ] GC(611) Metaspace: 43118K(43456K)->43118K(43456K) NonClass: 40300K(40512K)->40300K(40512K) Class: 2817K(2944K)->2817K(2944K)
[590.265s][info][gc             ] GC(611) Pause Young (Allocation Failure) 557M->380M(617M) 48.867ms
[590.265s][info][gc,cpu         ] GC(611) User=0.07s Sys=0.01s Real=0.05s
[591.490s][info][gc,start       ] GC(612) Pause Young (Allocation Failure)
[591.531s][info][gc,heap        ] GC(612) PSYoungGen: 225723K(261120K)->17787K(264192K) Eden: 206336K(206336K)->0K(206336K) From: 19387K(54784K)->17787K(57856K)
[591.531s][info][gc,heap        ] GC(612) ParOldGen: 370601K(370688K)->389730K(390144K)
[591.531s][info][gc,metaspace   ] GC(612) Metaspace: 43118K(43456K)->43118K(43456K) NonClass: 40300K(40512K)->40300K(40512K) Class: 2817K(2944K)->2817K(2944K)
[591.531s][info][gc             ] GC(612) Pause Young (Allocation Failure) 582M->397M(639M) 41.191ms
[591.531s][info][gc,cpu         ] GC(612) User=0.07s Sys=0.02s Real=0.04s
[592.338s][info][gc,start       ] GC(613) Pause Young (Allocation Failure)
[592.367s][info][gc,heap        ] GC(613) PSYoungGen: 224123K(264192K)->10980K(271872K) Eden: 206336K(206336K)->0K(221184K) From: 17787K(57856K)->10980K(50688K)
[592.368s][info][gc,heap        ] GC(613) ParOldGen: 389730K(390144K)->407575K(408064K)
[592.368s][info][gc,metaspace   ] GC(613) Metaspace: 43118K(43456K)->43118K(43456K) NonClass: 40300K(40512K)->40300K(40512K) Class: 2817K(2944K)->2817K(2944K)
[592.368s][info][gc             ] GC(613) Pause Young (Allocation Failure) 599M->408M(664M) 29.599ms
[592.368s][info][gc,cpu         ] GC(613) User=0.04s Sys=0.01s Real=0.03s
[593.247s][info][gc,start       ] GC(614) Pause Young (Allocation Failure)
[593.265s][info][gc,heap        ] GC(614) PSYoungGen: 232164K(271872K)->9443K(273920K) Eden: 221184K(221184K)->0K(221184K) From: 10980K(50688K)->9443K(52736K)
[593.265s][info][gc,heap        ] GC(614) ParOldGen: 407575K(408064K)->416049K(416256K)
[593.265s][info][gc,metaspace   ] GC(614) Metaspace: 43118K(43456K)->43118K(43456K) NonClass: 40300K(40512K)->40300K(40512K) Class: 2817K(2944K)->2817K(2944K)
[593.265s][info][gc             ] GC(614) Pause Young (Allocation Failure) 624M->415M(674M) 18.044ms
[593.265s][info][gc,cpu         ] GC(614) User=0.03s Sys=0.01s Real=0.02s
[594.111s][info][gc,start       ] GC(615) Pause Young (Allocation Failure)
[594.133s][info][gc,heap        ] GC(615) PSYoungGen: 230627K(273920K)->22637K(277504K) Eden: 221184K(221184K)->0K(229888K) From: 9443K(52736K)->22637K(47616K)
[594.133s][info][gc,heap        ] GC(615) ParOldGen: 416049K(416256K)->416713K(416768K)
[594.133s][info][gc,metaspace   ] GC(615) Metaspace: 43118K(43456K)->43118K(43456K) NonClass: 40300K(40512K)->40300K(40512K) Class: 2817K(2944K)->2817K(2944K)
[594.133s][info][gc             ] GC(615) Pause Young (Allocation Failure) 631M->429M(678M) 22.069ms
[594.133s][info][gc,cpu         ] GC(615) User=0.04s Sys=0.00s Real=0.02s
[594.977s][info][gc,start       ] GC(616) Pause Young (Allocation Failure)
[594.985s][info][gc,heap        ] GC(616) PSYoungGen: 252525K(277504K)->6070K(279552K) Eden: 229888K(229888K)->0K(229888K) From: 22637K(47616K)->6070K(49664K)
[594.985s][info][gc,heap        ] GC(616) ParOldGen: 416713K(416768K)->417825K(418304K)
[594.985s][info][gc,metaspace   ] GC(616) Metaspace: 43118K(43456K)->43118K(43456K) NonClass: 40300K(40512K)->40300K(40512K) Class: 2817K(2944K)->2817K(2944K)
[594.985s][info][gc             ] GC(616) Pause Young (Allocation Failure) 653M->413M(681M) 7.504ms
[594.985s][info][gc,cpu         ] GC(616) User=0.01s Sys=0.00s Real=0.01s
[595.754s][info][gc,start       ] GC(617) Pause Young (Allocation Failure)
[595.762s][info][gc,heap        ] GC(617) PSYoungGen: 235958K(279552K)->6855K(280064K) Eden: 229888K(229888K)->0K(235520K) From: 6070K(49664K)->6855K(44544K)
[595.762s][info][gc,heap        ] GC(617) ParOldGen: 417825K(418304K)->418865K(419328K)
[595.762s][info][gc,metaspace   ] GC(617) Metaspace: 43118K(43456K)->43118K(43456K) NonClass: 40300K(40512K)->40300K(40512K) Class: 2817K(2944K)->2817K(2944K)
[595.762s][info][gc             ] GC(617) Pause Young (Allocation Failure) 638M->415M(683M) 8.048ms
[595.762s][info][gc,cpu         ] GC(617) User=0.02s Sys=0.01s Real=0.01s
[596.565s][info][gc,start       ] GC(618) Pause Young (Allocation Failure)
[596.591s][info][gc,heap        ] GC(618) PSYoungGen: 242375K(280064K)->28248K(282624K) Eden: 235520K(235520K)->0K(235520K) From: 6855K(44544K)->28248K(47104K)
[596.591s][info][gc,heap        ] GC(618) ParOldGen: 418865K(419328K)->420001K(420352K)
[596.591s][info][gc,metaspace   ] GC(618) Metaspace: 43118K(43456K)->43118K(43456K) NonClass: 40300K(40512K)->40300K(40512K) Class: 2817K(2944K)->2817K(2944K)
[596.591s][info][gc             ] GC(618) Pause Young (Allocation Failure) 645M->437M(686M) 25.870ms
[596.591s][info][gc,cpu         ] GC(618) User=0.05s Sys=0.01s Real=0.03s
[597.646s][info][gc,start       ] GC(619) Pause Young (Allocation Failure)
[597.653s][info][gc,heap        ] GC(619) PSYoungGen: 263768K(282624K)->7629K(285184K) Eden: 235520K(235520K)->0K(238080K) From: 28248K(47104K)->7629K(47104K)
[597.653s][info][gc,heap        ] GC(619) ParOldGen: 420001K(420352K)->420729K(420864K)
[597.653s][info][gc,metaspace   ] GC(619) Metaspace: 43118K(43456K)->43118K(43456K) NonClass: 40300K(40512K)->40300K(40512K) Class: 2817K(2944K)->2817K(2944K)
[597.653s][info][gc             ] GC(619) Pause Young (Allocation Failure) 667M->418M(689M) 7.687ms
[597.653s][info][gc,cpu         ] GC(619) User=0.02s Sys=0.00s Real=0.01s
[598.406s][info][gc,start       ] GC(620) Pause Young (Allocation Failure)
[598.413s][info][gc,heap        ] GC(620) PSYoungGen: 245709K(285184K)->7108K(285184K) Eden: 238080K(238080K)->0K(238080K) From: 7629K(47104K)->7108K(47104K)
[598.413s][info][gc,heap        ] GC(620) ParOldGen: 420729K(420864K)->421713K(421888K)
[598.413s][info][gc,metaspace   ] GC(620) Metaspace: 43118K(43456K)->43118K(43456K) NonClass: 40300K(40512K)->40300K(40512K) Class: 2817K(2944K)->2817K(2944K)
[598.413s][info][gc             ] GC(620) Pause Young (Allocation Failure) 650M->418M(690M) 7.676ms
[598.413s][info][gc,cpu         ] GC(620) User=0.01s Sys=0.00s Real=0.01s
[599.284s][info][gc,start       ] GC(621) Pause Young (Allocation Failure)
[599.292s][info][gc,heap        ] GC(621) PSYoungGen: 245188K(285184K)->6364K(285696K) Eden: 238080K(238080K)->0K(240640K) From: 7108K(47104K)->6364K(45056K)
[599.292s][info][gc,heap        ] GC(621) ParOldGen: 421713K(421888K)->422745K(422912K)
[599.292s][info][gc,metaspace   ] GC(621) Metaspace: 43118K(43456K)->43118K(43456K) NonClass: 40301K(40512K)->40301K(40512K) Class: 2817K(2944K)->2817K(2944K)
[599.292s][info][gc             ] GC(621) Pause Young (Allocation Failure) 651M->419M(692M) 7.121ms
[599.292s][info][gc,cpu         ] GC(621) User=0.01s Sys=0.00s Real=0.01s
[600.032s][info][gc,start       ] GC(622) Pause Young (Allocation Failure)
[600.044s][info][gc,heap        ] GC(622) PSYoungGen: 247004K(285696K)->12399K(285184K) Eden: 240640K(240640K)->0K(240640K) From: 6364K(45056K)->12399K(44544K)
[600.044s][info][gc,heap        ] GC(622) ParOldGen: 422745K(422912K)->423813K(423936K)
[600.044s][info][gc,metaspace   ] GC(622) Metaspace: 43118K(43456K)->43118K(43456K) NonClass: 40301K(40512K)->40301K(40512K) Class: 2817K(2944K)->2817K(2944K)
[600.044s][info][gc             ] GC(622) Pause Young (Allocation Failure) 654M->425M(692M) 12.698ms
[600.044s][info][gc,cpu         ] GC(622) User=0.02s Sys=0.01s Real=0.01s
[600.999s][info][gc,start       ] GC(623) Pause Young (Allocation Failure)
[601.006s][info][gc,heap        ] GC(623) PSYoungGen: 253039K(285184K)->4588K(287232K) Eden: 240640K(240640K)->0K(245248K) From: 12399K(44544K)->4588K(41984K)
[601.006s][info][gc,heap        ] GC(623) ParOldGen: 423813K(423936K)->424613K(424960K)
[601.006s][info][gc,metaspace   ] GC(623) Metaspace: 43118K(43456K)->43118K(43456K) NonClass: 40301K(40512K)->40301K(40512K) Class: 2817K(2944K)->2817K(2944K)
[601.006s][info][gc             ] GC(623) Pause Young (Allocation Failure) 660M->419M(695M) 6.743ms
[601.006s][info][gc,cpu         ] GC(623) User=0.01s Sys=0.00s Real=0.01s
[601.891s][info][gc,start       ] GC(624) Pause Young (Allocation Failure)
[601.942s][info][gc,heap        ] GC(624) PSYoungGen: 249836K(287232K)->40935K(286208K) Eden: 245248K(245248K)->0K(245248K) From: 4588K(41984K)->40935K(40960K)
[601.942s][info][gc,heap        ] GC(624) ParOldGen: 424613K(424960K)->432668K(433152K)
[601.942s][info][gc,metaspace   ] GC(624) Metaspace: 43118K(43456K)->43118K(43456K) NonClass: 40301K(40512K)->40301K(40512K) Class: 2817K(2944K)->2817K(2944K)
[601.942s][info][gc             ] GC(624) Pause Young (Allocation Failure) 658M->462M(702M) 51.223ms
[601.942s][info][gc,cpu         ] GC(624) User=0.10s Sys=0.01s Real=0.05s
[603.143s][info][gc,start       ] GC(625) Pause Young (Allocation Failure)
[603.192s][info][gc,heap        ] GC(625) PSYoungGen: 286183K(286208K)->16068K(285184K) Eden: 245248K(245248K)->0K(237568K) From: 40935K(40960K)->16068K(47616K)
[603.192s][info][gc,heap        ] GC(625) ParOldGen: 432668K(433152K)->451955K(452096K)
[603.192s][info][gc,metaspace   ] GC(625) Metaspace: 43121K(43456K)->43121K(43456K) NonClass: 40304K(40512K)->40304K(40512K) Class: 2817K(2944K)->2817K(2944K)
[603.192s][info][gc             ] GC(625) Pause Young (Allocation Failure) 702M->457M(720M) 48.484ms
[603.192s][info][gc,cpu         ] GC(625) User=0.09s Sys=0.01s Real=0.05s
[604.033s][info][gc,start       ] GC(626) Pause Young (Allocation Failure)
[604.059s][info][gc,heap        ] GC(626) PSYoungGen: 253167K(285184K)->1008K(285696K) Eden: 237098K(237568K)->0K(237568K) From: 16068K(47616K)->1008K(48128K)
[604.059s][info][gc,heap        ] GC(626) ParOldGen: 451955K(452096K)->468121K(468480K)
[604.059s][info][gc,metaspace   ] GC(626) Metaspace: 43121K(43456K)->43121K(43456K) NonClass: 40304K(40512K)->40304K(40512K) Class: 2817K(2944K)->2817K(2944K)
[604.059s][info][gc             ] GC(626) Pause Young (Allocation Failure) 688M->458M(736M) 26.031ms
[604.059s][info][gc,cpu         ] GC(626) User=0.04s Sys=0.02s Real=0.02s
[604.759s][info][gc,start       ] GC(627) Pause Young (Allocation Failure)
[604.774s][info][gc,heap        ] GC(627) PSYoungGen: 238576K(285696K)->18410K(281600K) Eden: 237568K(237568K)->0K(238080K) From: 1008K(48128K)->18410K(43520K)
[604.774s][info][gc,heap        ] GC(627) ParOldGen: 468121K(468480K)->469009K(469504K)
[604.774s][info][gc,metaspace   ] GC(627) Metaspace: 43121K(43456K)->43121K(43456K) NonClass: 40304K(40512K)->40304K(40512K) Class: 2817K(2944K)->2817K(2944K)
[604.774s][info][gc             ] GC(627) Pause Young (Allocation Failure) 690M->475M(733M) 15.583ms
[604.774s][info][gc,cpu         ] GC(627) User=0.03s Sys=0.00s Real=0.02s
[605.563s][info][gc,start       ] GC(628) Pause Young (Allocation Failure)
[605.593s][info][gc,heap        ] GC(628) PSYoungGen: 256490K(281600K)->29854K(283648K) Eden: 238080K(238080K)->0K(238080K) From: 18410K(43520K)->29854K(45568K)
[605.593s][info][gc,heap        ] GC(628) ParOldGen: 469009K(469504K)->479209K(479232K)
[605.593s][info][gc,metaspace   ] GC(628) Metaspace: 43122K(43456K)->43122K(43456K) NonClass: 40304K(40512K)->40304K(40512K) Class: 2817K(2944K)->2817K(2944K)
[605.593s][info][gc             ] GC(628) Pause Young (Allocation Failure) 708M->497M(745M) 29.736ms
[605.593s][info][gc,cpu         ] GC(628) User=0.05s Sys=0.00s Real=0.03s
[606.370s][info][gc,start       ] GC(629) Pause Young (Allocation Failure)
[606.420s][info][gc,heap        ] GC(629) PSYoungGen: 267934K(283648K)->47594K(260608K) Eden: 238080K(238080K)->0K(212992K) From: 29854K(45568K)->47594K(47616K)
[606.420s][info][gc,heap        ] GC(629) ParOldGen: 479209K(479232K)->490226K(490496K)
[606.420s][info][gc,metaspace   ] GC(629) Metaspace: 43122K(43456K)->43122K(43456K) NonClass: 40305K(40512K)->40305K(40512K) Class: 2817K(2944K)->2817K(2944K)
[606.420s][info][gc             ] GC(629) Pause Young (Allocation Failure) 729M->525M(733M) 49.723ms
[606.420s][info][gc,cpu         ] GC(629) User=0.08s Sys=0.02s Real=0.05s
[607.296s][info][gc,start       ] GC(630) Pause Young (Allocation Failure)
[607.331s][info][gc,heap        ] GC(630) PSYoungGen: 260586K(260608K)->20641K(273408K) Eden: 212992K(212992K)->0K(212992K) From: 47594K(47616K)->20641K(60416K)
[607.331s][info][gc,heap        ] GC(630) ParOldGen: 490226K(490496K)->506384K(506880K)
[607.331s][info][gc,metaspace   ] GC(630) Metaspace: 43122K(43456K)->43122K(43456K) NonClass: 40305K(40512K)->40305K(40512K) Class: 2817K(2944K)->2817K(2944K)
[607.332s][info][gc             ] GC(630) Pause Young (Allocation Failure) 733M->514M(762M) 35.408ms
[607.332s][info][gc,cpu         ] GC(630) User=0.05s Sys=0.01s Real=0.04s
[608.131s][info][gc,start       ] GC(631) Pause Young (Allocation Failure)
[608.195s][info][gc,heap        ] GC(631) PSYoungGen: 233633K(273408K)->56318K(247808K) Eden: 212992K(212992K)->0K(191488K) From: 20641K(60416K)->56318K(56320K)
[608.196s][info][gc,heap        ] GC(631) ParOldGen: 506384K(506880K)->521155K(521216K)
[608.196s][info][gc,metaspace   ] GC(631) Metaspace: 43122K(43456K)->43122K(43456K) NonClass: 40305K(40512K)->40305K(40512K) Class: 2817K(2944K)->2817K(2944K)
[608.196s][info][gc             ] GC(631) Pause Young (Allocation Failure) 722M->563M(751M) 64.296ms
[608.196s][info][gc,cpu         ] GC(631) User=0.11s Sys=0.02s Real=0.06s
[608.935s][info][gc,start       ] GC(632) Pause Young (Allocation Failure)
[609.036s][info][gc,heap        ] GC(632) PSYoungGen: 247806K(247808K)->49161K(241152K) Eden: 191488K(191488K)->0K(191488K) From: 56318K(56320K)->49161K(49664K)
[609.036s][info][gc,heap        ] GC(632) ParOldGen: 521155K(521216K)->575218K(575488K)
[609.036s][info][gc,metaspace   ] GC(632) Metaspace: 43122K(43456K)->43122K(43456K) NonClass: 40305K(40512K)->40305K(40512K) Class: 2817K(2944K)->2817K(2944K)
[609.036s][info][gc             ] GC(632) Pause Young (Allocation Failure) 750M->609M(797M) 100.671ms
[609.036s][info][gc,cpu         ] GC(632) User=0.14s Sys=0.05s Real=0.10s
[609.791s][info][gc,start       ] GC(633) Pause Young (Allocation Failure)
[609.891s][info][gc,heap        ] GC(633) PSYoungGen: 240649K(241152K)->75245K(211456K) Eden: 191488K(191488K)->0K(136192K) From: 49161K(49664K)->75245K(75264K)
[609.891s][info][gc,heap        ] GC(633) ParOldGen: 575218K(575488K)->604730K(605184K)
[609.891s][info][gc,metaspace   ] GC(633) Metaspace: 43122K(43456K)->43122K(43456K) NonClass: 40305K(40512K)->40305K(40512K) Class: 2817K(2944K)->2817K(2944K)
[609.891s][info][gc             ] GC(633) Pause Young (Allocation Failure) 796M->664M(797M) 100.205ms
[609.891s][info][gc,cpu         ] GC(633) User=0.17s Sys=0.03s Real=0.10s
[610.390s][info][gc,start       ] GC(634) Pause Young (Allocation Failure)
[610.489s][info][gc,promotion   ] GC(634) Promotion failed
[610.489s][info][gc,heap        ] GC(634) PSYoungGen: 211437K(211456K)->211437K(211456K) Eden: 136192K(136192K)->136192K(136192K) From: 75245K(75264K)->75245K(75264K)
[610.489s][info][gc,heap        ] GC(634) ParOldGen: 604730K(605184K)->667647K(667648K)
[610.489s][info][gc,metaspace   ] GC(634) Metaspace: 43123K(43456K)->43123K(43456K) NonClass: 40306K(40512K)->40306K(40512K) Class: 2817K(2944K)->2817K(2944K)
[610.489s][info][gc             ] GC(634) Pause Young (Allocation Failure) 797M->858M(858M) 98.852ms
[610.489s][info][gc,cpu         ] GC(634) User=0.12s Sys=0.04s Real=0.10s
[610.489s][info][gc,start       ] GC(635) Pause Full (Allocation Failure)
[610.489s][info][gc,phases,start] GC(635) Marking Phase
[610.551s][info][gc,phases      ] GC(635) Marking Phase 61.891ms
[610.551s][info][gc,phases,start] GC(635) Summary Phase
[610.551s][info][gc,phases      ] GC(635) Summary Phase 0.039ms
[610.551s][info][gc,phases,start] GC(635) Forward
[610.561s][info][gc,phases      ] GC(635) Forward 9.659ms
[610.561s][info][gc,phases,start] GC(635) Adjust Pointers
[610.598s][info][gc,phases      ] GC(635) Adjust Pointers 37.292ms
[610.598s][info][gc,phases,start] GC(635) Compaction Phase
[610.613s][info][gc,phases      ] GC(635) Compaction Phase 14.586ms
[610.613s][info][gc,phases,start] GC(635) Post Compact
[610.616s][info][gc,phases      ] GC(635) Post Compact 2.903ms
[610.653s][info][gc,heap        ] GC(635) PSYoungGen: 211437K(211456K)->0K(235008K) Eden: 136192K(136192K)->0K(136192K) From: 75245K(75264K)->0K(98816K)
[610.654s][info][gc,heap        ] GC(635) ParOldGen: 667647K(667648K)->84209K(231936K)
[610.654s][info][gc,metaspace   ] GC(635) Metaspace: 43123K(43456K)->43123K(43456K) NonClass: 40306K(40512K)->40306K(40512K) Class: 2817K(2944K)->2817K(2944K)
[610.654s][info][gc             ] GC(635) Pause Full (Allocation Failure) 858M->82M(456M) 164.274ms
[610.654s][info][gc,cpu         ] GC(635) User=0.20s Sys=0.04s Real=0.16s
[611.208s][info][gc,start       ] GC(636) Pause Young (Allocation Failure)
[611.227s][info][gc,heap        ] GC(636) PSYoungGen: 136192K(235008K)->25697K(225792K) Eden: 136192K(136192K)->0K(136192K) From: 0K(98816K)->25697K(89600K)
[611.227s][info][gc,heap        ] GC(636) ParOldGen: 84209K(231936K)->84209K(231936K)
[611.227s][info][gc,metaspace   ] GC(636) Metaspace: 43123K(43456K)->43123K(43456K) NonClass: 40306K(40512K)->40306K(40512K) Class: 2817K(2944K)->2817K(2944K)
[611.227s][info][gc             ] GC(636) Pause Young (Allocation Failure) 215M->107M(447M) 19.729ms
[611.227s][info][gc,cpu         ] GC(636) User=0.03s Sys=0.00s Real=0.02s
[611.755s][info][gc,start       ] GC(637) Pause Young (Allocation Failure)
[611.783s][info][gc,heap        ] GC(637) PSYoungGen: 161889K(225792K)->34055K(230400K) Eden: 136192K(136192K)->0K(136192K) From: 25697K(89600K)->34055K(94208K)
[611.783s][info][gc,heap        ] GC(637) ParOldGen: 84209K(231936K)->95803K(231936K)
[611.783s][info][gc,metaspace   ] GC(637) Metaspace: 43123K(43456K)->43123K(43456K) NonClass: 40306K(40512K)->40306K(40512K) Class: 2817K(2944K)->2817K(2944K)
[611.783s][info][gc             ] GC(637) Pause Young (Allocation Failure) 240M->126M(451M) 27.989ms
[611.783s][info][gc,cpu         ] GC(637) User=0.06s Sys=0.00s Real=0.03s
[612.296s][info][gc,start       ] GC(638) Pause Young (Allocation Failure)
[612.303s][info][gc,heap        ] GC(638) PSYoungGen: 170247K(230400K)->10691K(238592K) Eden: 136192K(136192K)->0K(151040K) From: 34055K(94208K)->10691K(87552K)
[612.303s][info][gc,heap        ] GC(638) ParOldGen: 95803K(231936K)->96444K(231936K)
[612.303s][info][gc,metaspace   ] GC(638) Metaspace: 43123K(43456K)->43123K(43456K) NonClass: 40306K(40512K)->40306K(40512K) Class: 2817K(2944K)->2817K(2944K)
[612.303s][info][gc             ] GC(638) Pause Young (Allocation Failure) 259M->104M(459M) 7.610ms
[612.303s][info][gc,cpu         ] GC(638) User=0.01s Sys=0.00s Real=0.01s
[612.865s][info][gc,start       ] GC(639) Pause Young (Allocation Failure)
[612.898s][info][gc,heap        ] GC(639) PSYoungGen: 161731K(238592K)->41816K(238592K) Eden: 151040K(151040K)->0K(151040K) From: 10691K(87552K)->41816K(87552K)
[612.898s][info][gc,heap        ] GC(639) ParOldGen: 96444K(231936K)->97163K(231936K)
[612.898s][info][gc,metaspace   ] GC(639) Metaspace: 43123K(43456K)->43123K(43456K) NonClass: 40306K(40512K)->40306K(40512K) Class: 2817K(2944K)->2817K(2944K)
[612.898s][info][gc             ] GC(639) Pause Young (Allocation Failure) 252M->135M(459M) 32.469ms
[612.898s][info][gc,cpu         ] GC(639) User=0.06s Sys=0.00s Real=0.03s
[613.467s][info][gc,start       ] GC(640) Pause Young (Allocation Failure)
[613.487s][info][gc,heap        ] GC(640) PSYoungGen: 192856K(238592K)->24359K(241152K) Eden: 151040K(151040K)->0K(160768K) From: 41816K(87552K)->24359K(80384K)
[613.487s][info][gc,heap        ] GC(640) ParOldGen: 97163K(231936K)->97562K(231936K)
[613.487s][info][gc,metaspace   ] GC(640) Metaspace: 43123K(43456K)->43123K(43456K) NonClass: 40306K(40512K)->40306K(40512K) Class: 2817K(2944K)->2817K(2944K)
[613.487s][info][gc             ] GC(640) Pause Young (Allocation Failure) 283M->119M(462M) 20.029ms
[613.487s][info][gc,cpu         ] GC(640) User=0.03s Sys=0.00s Real=0.02s
[614.071s][info][gc,start       ] GC(641) Pause Young (Allocation Failure)
[614.074s][info][gc,heap        ] GC(641) PSYoungGen: 185127K(241152K)->2964K(242688K) Eden: 160768K(160768K)->0K(160768K) From: 24359K(80384K)->2964K(81920K)
[614.074s][info][gc,heap        ] GC(641) ParOldGen: 97562K(231936K)->97987K(231936K)
[614.074s][info][gc,metaspace   ] GC(641) Metaspace: 43123K(43456K)->43123K(43456K) NonClass: 40306K(40512K)->40306K(40512K) Class: 2817K(2944K)->2817K(2944K)
[614.074s][info][gc             ] GC(641) Pause Young (Allocation Failure) 276M->98M(463M) 3.718ms
[614.074s][info][gc,cpu         ] GC(641) User=0.01s Sys=0.00s Real=0.00s
[614.608s][info][gc,start       ] GC(642) Pause Young (Allocation Failure)
[614.622s][info][gc,heap        ] GC(642) PSYoungGen: 163732K(242688K)->22402K(243712K) Eden: 160768K(160768K)->0K(169984K) From: 2964K(81920K)->22402K(73728K)
[614.622s][info][gc,heap        ] GC(642) ParOldGen: 97987K(231936K)->98240K(231936K)
[614.622s][info][gc,metaspace   ] GC(642) Metaspace: 43123K(43456K)->43123K(43456K) NonClass: 40306K(40512K)->40306K(40512K) Class: 2817K(2944K)->2817K(2944K)
[614.622s][info][gc             ] GC(642) Pause Young (Allocation Failure) 255M->117M(464M) 14.429ms
[614.622s][info][gc,cpu         ] GC(642) User=0.03s Sys=0.01s Real=0.02s
[615.239s][info][gc,start       ] GC(643) Pause Young (Allocation Failure)
[615.253s][info][gc,heap        ] GC(643) PSYoungGen: 192386K(243712K)->1588K(247808K) Eden: 169984K(169984K)->0K(169984K) From: 22402K(73728K)->1588K(77824K)
[615.253s][info][gc,heap        ] GC(643) ParOldGen: 98240K(231936K)->119868K(231936K)
[615.253s][info][gc,metaspace   ] GC(643) Metaspace: 43123K(43456K)->43123K(43456K) NonClass: 40306K(40512K)->40306K(40512K) Class: 2817K(2944K)->2817K(2944K)
[615.253s][info][gc             ] GC(643) Pause Young (Allocation Failure) 283M->118M(468M) 13.685ms
[615.253s][info][gc,cpu         ] GC(643) User=0.02s Sys=0.00s Real=0.01s
[615.793s][info][gc,start       ] GC(644) Pause Young (Allocation Failure)
[615.795s][info][gc,heap        ] GC(644) PSYoungGen: 171572K(247808K)->1439K(253952K) Eden: 169984K(169984K)->0K(178176K) From: 1588K(77824K)->1439K(75776K)
[615.795s][info][gc,heap        ] GC(644) ParOldGen: 119868K(231936K)->120092K(231936K)
[615.795s][info][gc,metaspace   ] GC(644) Metaspace: 43123K(43456K)->43123K(43456K) NonClass: 40306K(40512K)->40306K(40512K) Class: 2817K(2944K)->2817K(2944K)
[615.795s][info][gc             ] GC(644) Pause Young (Allocation Failure) 284M->118M(474M) 2.500ms
[615.795s][info][gc,cpu         ] GC(644) User=0.00s Sys=0.00s Real=0.00s
[616.267s][info][gc,start       ] GC(645) Pause Young (Allocation Failure)
[616.271s][info][gc,heap        ] GC(645) PSYoungGen: 179615K(253952K)->3431K(254976K) Eden: 178176K(178176K)->0K(178176K) From: 1439K(75776K)->3431K(76800K)
[616.271s][info][gc,heap        ] GC(645) ParOldGen: 120092K(231936K)->120532K(231936K)
[616.272s][info][gc,metaspace   ] GC(645) Metaspace: 43123K(43456K)->43123K(43456K) NonClass: 40306K(40512K)->40306K(40512K) Class: 2817K(2944K)->2817K(2944K)
[616.272s][info][gc             ] GC(645) Pause Young (Allocation Failure) 292M->121M(475M) 4.295ms
[616.272s][info][gc,cpu         ] GC(645) User=0.01s Sys=0.00s Real=0.01s
[616.586s][info][gc,start       ] GC(646) Pause Young (Allocation Failure)
[616.590s][info][gc,heap        ] GC(646) PSYoungGen: 181607K(254976K)->2478K(253952K) Eden: 178176K(178176K)->0K(182272K) From: 3431K(76800K)->2478K(71680K)
[616.590s][info][gc,heap        ] GC(646) ParOldGen: 120532K(231936K)->122403K(231936K)
[616.590s][info][gc,metaspace   ] GC(646) Metaspace: 43123K(43456K)->43123K(43456K) NonClass: 40306K(40512K)->40306K(40512K) Class: 2817K(2944K)->2817K(2944K)
[616.590s][info][gc             ] GC(646) Pause Young (Allocation Failure) 295M->121M(474M) 4.076ms
[616.590s][info][gc,cpu         ] GC(646) User=0.01s Sys=0.00s Real=0.01s
[616.915s][info][gc,start       ] GC(647) Pause Young (Allocation Failure)
[616.919s][info][gc,heap        ] GC(647) PSYoungGen: 184750K(253952K)->3664K(254976K) Eden: 182272K(182272K)->0K(182272K) From: 2478K(71680K)->3664K(72704K)
[616.919s][info][gc,heap        ] GC(647) ParOldGen: 122403K(231936K)->122435K(231936K)
[616.919s][info][gc,metaspace   ] GC(647) Metaspace: 43123K(43456K)->43123K(43456K) NonClass: 40306K(40512K)->40306K(40512K) Class: 2817K(2944K)->2817K(2944K)
[616.919s][info][gc             ] GC(647) Pause Young (Allocation Failure) 299M->123M(475M) 3.718ms
[616.919s][info][gc,cpu         ] GC(647) User=0.00s Sys=0.00s Real=0.00s
[617.257s][info][gc,start       ] GC(648) Pause Young (Allocation Failure)
[617.268s][info][gc,heap        ] GC(648) PSYoungGen: 185696K(254976K)->9509K(255488K) Eden: 182031K(182272K)->0K(190976K) From: 3664K(72704K)->9509K(64512K)
[617.268s][info][gc,heap        ] GC(648) ParOldGen: 122435K(231936K)->123798K(231936K)
[617.268s][info][gc,metaspace   ] GC(648) Metaspace: 43123K(43456K)->43123K(43456K) NonClass: 40306K(40512K)->40306K(40512K) Class: 2817K(2944K)->2817K(2944K)
[617.268s][info][gc             ] GC(648) Pause Young (Allocation Failure) 300M->130M(476M) 10.485ms
[617.268s][info][gc,cpu         ] GC(648) User=0.02s Sys=0.00s Real=0.01s
[617.537s][info][gc,start       ] GC(649) Pause Young (Allocation Failure)
[617.547s][info][gc,heap        ] GC(649) PSYoungGen: 199707K(255488K)->2028K(257536K) Eden: 190197K(190976K)->0K(190976K) From: 9509K(64512K)->2028K(66560K)
[617.547s][info][gc,heap        ] GC(649) ParOldGen: 123798K(231936K)->133083K(231936K)
[617.547s][info][gc,metaspace   ] GC(649) Metaspace: 43123K(43456K)->43123K(43456K) NonClass: 40306K(40512K)->40306K(40512K) Class: 2817K(2944K)->2817K(2944K)
[617.547s][info][gc             ] GC(649) Pause Young (Allocation Failure) 315M->131M(478M) 10.591ms
[617.547s][info][gc,cpu         ] GC(649) User=0.02s Sys=0.00s Real=0.01s
[617.815s][info][gc,start       ] GC(650) Pause Young (Allocation Failure)
[617.820s][info][gc,heap        ] GC(650) PSYoungGen: 191286K(257536K)->1835K(262144K) Eden: 189257K(190976K)->0K(202752K) From: 2028K(66560K)->1835K(59392K)
[617.821s][info][gc,heap        ] GC(650) ParOldGen: 133083K(231936K)->135099K(231936K)
[617.821s][info][gc,metaspace   ] GC(650) Metaspace: 43123K(43456K)->43123K(43456K) NonClass: 40306K(40512K)->40306K(40512K) Class: 2817K(2944K)->2817K(2944K)
[617.821s][info][gc             ] GC(650) Pause Young (Allocation Failure) 316M->133M(482M) 5.068ms
[617.821s][info][gc,cpu         ] GC(650) User=0.01s Sys=0.00s Real=0.01s
[618.117s][info][gc,start       ] GC(651) Pause Young (Allocation Failure)
[618.125s][info][gc,heap        ] GC(651) PSYoungGen: 203730K(262144K)->4541K(264704K) Eden: 201894K(202752K)->0K(202752K) From: 1835K(59392K)->4541K(61952K)
[618.125s][info][gc,heap        ] GC(651) ParOldGen: 135099K(231936K)->136914K(231936K)
[618.125s][info][gc,metaspace   ] GC(651) Metaspace: 43123K(43456K)->43123K(43456K) NonClass: 40306K(40512K)->40306K(40512K) Class: 2817K(2944K)->2817K(2944K)
[618.125s][info][gc             ] GC(651) Pause Young (Allocation Failure) 330M->138M(485M) 8.078ms
[618.125s][info][gc,cpu         ] GC(651) User=0.02s Sys=0.00s Real=0.01s
[618.423s][info][gc,start       ] GC(652) Pause Young (Allocation Failure)
[618.434s][info][gc,heap        ] GC(652) PSYoungGen: 205819K(264704K)->3482K(266240K) Eden: 201277K(202752K)->0K(212992K) From: 4541K(61952K)->3482K(53248K)
[618.434s][info][gc,heap        ] GC(652) ParOldGen: 136914K(231936K)->141394K(231936K)
[618.434s][info][gc,metaspace   ] GC(652) Metaspace: 43123K(43456K)->43123K(43456K) NonClass: 40306K(40512K)->40306K(40512K) Class: 2817K(2944K)->2817K(2944K)
[618.434s][info][gc             ] GC(652) Pause Young (Allocation Failure) 334M->141M(486M) 10.750ms
[618.434s][info][gc,cpu         ] GC(652) User=0.02s Sys=0.00s Real=0.01s
[618.757s][info][gc,start       ] GC(653) Pause Young (Allocation Failure)
[618.769s][info][gc,heap        ] GC(653) PSYoungGen: 215617K(266240K)->5596K(268800K) Eden: 212135K(212992K)->0K(212992K) From: 3482K(53248K)->5596K(55808K)
[618.769s][info][gc,heap        ] GC(653) ParOldGen: 141394K(231936K)->144835K(231936K)
[618.769s][info][gc,metaspace   ] GC(653) Metaspace: 43124K(43456K)->43124K(43456K) NonClass: 40307K(40512K)->40307K(40512K) Class: 2817K(2944K)->2817K(2944K)
[618.769s][info][gc             ] GC(653) Pause Young (Allocation Failure) 348M->146M(489M) 12.168ms
[618.769s][info][gc,cpu         ] GC(653) User=0.02s Sys=0.00s Real=0.01s
[619.125s][info][gc,start       ] GC(654) Pause Young (Allocation Failure)
[619.139s][info][gc,heap        ] GC(654) PSYoungGen: 218588K(268800K)->7871K(271360K) Eden: 212992K(212992K)->0K(225280K) From: 5596K(55808K)->7871K(46080K)
[619.139s][info][gc,heap        ] GC(654) ParOldGen: 144835K(231936K)->150550K(231936K)
[619.139s][info][gc,metaspace   ] GC(654) Metaspace: 43124K(43456K)->43124K(43456K) NonClass: 40307K(40512K)->40307K(40512K) Class: 2817K(2944K)->2817K(2944K)
[619.139s][info][gc             ] GC(654) Pause Young (Allocation Failure) 354M->154M(491M) 14.377ms
[619.140s][info][gc,cpu         ] GC(654) User=0.02s Sys=0.00s Real=0.02s
[619.591s][info][gc,start       ] GC(655) Pause Young (Allocation Failure)
[619.610s][info][gc,heap        ] GC(655) PSYoungGen: 233151K(271360K)->15122K(274432K) Eden: 225280K(225280K)->0K(225280K) From: 7871K(46080K)->15122K(49152K)
[619.610s][info][gc,heap        ] GC(655) ParOldGen: 150550K(231936K)->158261K(231936K)
[619.610s][info][gc,metaspace   ] GC(655) Metaspace: 43124K(43456K)->43124K(43456K) NonClass: 40307K(40512K)->40307K(40512K) Class: 2817K(2944K)->2817K(2944K)
[619.610s][info][gc             ] GC(655) Pause Young (Allocation Failure) 374M->169M(494M) 19.213ms
[619.610s][info][gc,cpu         ] GC(655) User=0.04s Sys=0.00s Real=0.02s
[620.175s][info][gc,start       ] GC(656) Pause Young (Allocation Failure)
[620.189s][info][gc,heap        ] GC(656) PSYoungGen: 240402K(274432K)->4987K(278528K) Eden: 225280K(225280K)->0K(237568K) From: 15122K(49152K)->4987K(40960K)
[620.189s][info][gc,heap        ] GC(656) ParOldGen: 158261K(231936K)->170637K(231936K)
[620.189s][info][gc,metaspace   ] GC(656) Metaspace: 43124K(43456K)->43124K(43456K) NonClass: 40307K(40512K)->40307K(40512K) Class: 2817K(2944K)->2817K(2944K)
[620.189s][info][gc             ] GC(656) Pause Young (Allocation Failure) 389M->171M(498M) 14.372ms
[620.189s][info][gc,cpu         ] GC(656) User=0.02s Sys=0.00s Real=0.01s
[620.819s][info][gc,start       ] GC(657) Pause Young (Allocation Failure)
[620.823s][info][gc,heap        ] GC(657) PSYoungGen: 242555K(278528K)->3664K(282112K) Eden: 237568K(237568K)->0K(237568K) From: 4987K(40960K)->3664K(44544K)
[620.823s][info][gc,heap        ] GC(657) ParOldGen: 170637K(231936K)->171668K(231936K)
[620.823s][info][gc,metaspace   ] GC(657) Metaspace: 43125K(43456K)->43125K(43456K) NonClass: 40308K(40512K)->40308K(40512K) Class: 2817K(2944K)->2817K(2944K)
[620.824s][info][gc             ] GC(657) Pause Young (Allocation Failure) 403M->171M(502M) 4.762ms
[620.824s][info][gc,cpu         ] GC(657) User=0.01s Sys=0.00s Real=0.01s
[621.405s][info][gc,start       ] GC(658) Pause Young (Allocation Failure)
[621.410s][info][gc,heap        ] GC(658) PSYoungGen: 241232K(282112K)->5447K(282624K) Eden: 237568K(237568K)->0K(246784K) From: 3664K(44544K)->5447K(35840K)
[621.410s][info][gc,heap        ] GC(658) ParOldGen: 171668K(231936K)->171668K(231936K)
[621.410s][info][gc,metaspace   ] GC(658) Metaspace: 43129K(43456K)->43129K(43456K) NonClass: 40312K(40512K)->40312K(40512K) Class: 2817K(2944K)->2817K(2944K)
[621.410s][info][gc             ] GC(658) Pause Young (Allocation Failure) 403M->172M(502M) 5.865ms
[621.410s][info][gc,cpu         ] GC(658) User=0.01s Sys=0.00s Real=0.01s
[622.028s][info][gc,start       ] GC(659) Pause Young (Allocation Failure)
[622.035s][info][gc,heap        ] GC(659) PSYoungGen: 252231K(282624K)->5511K(286720K) Eden: 246784K(246784K)->0K(246784K) From: 5447K(35840K)->5511K(39936K)
[622.035s][info][gc,heap        ] GC(659) ParOldGen: 171668K(231936K)->171718K(231936K)
[622.035s][info][gc,metaspace   ] GC(659) Metaspace: 43129K(43456K)->43129K(43456K) NonClass: 40312K(40512K)->40312K(40512K) Class: 2817K(2944K)->2817K(2944K)
[622.035s][info][gc             ] GC(659) Pause Young (Allocation Failure) 413M->173M(506M) 7.106ms
[622.035s][info][gc,cpu         ] GC(659) User=0.01s Sys=0.00s Real=0.01s
[622.681s][info][gc,start       ] GC(660) Pause Young (Allocation Failure)
[622.688s][info][gc,heap        ] GC(660) PSYoungGen: 252295K(286720K)->6978K(286720K) Eden: 246784K(246784K)->0K(256000K) From: 5511K(39936K)->6978K(30720K)
[622.688s][info][gc,heap        ] GC(660) ParOldGen: 171718K(231936K)->171782K(231936K)
[622.688s][info][gc,metaspace   ] GC(660) Metaspace: 43147K(43456K)->43147K(43456K) NonClass: 40330K(40512K)->40330K(40512K) Class: 2817K(2944K)->2817K(2944K)
[622.688s][info][gc             ] GC(660) Pause Young (Allocation Failure) 414M->174M(506M) 6.799ms
[622.688s][info][gc,cpu         ] GC(660) User=0.02s Sys=0.00s Real=0.00s
[623.730s][info][gc,start       ] GC(661) Pause Young (Allocation Failure)
[623.737s][info][gc,heap        ] GC(661) PSYoungGen: 262978K(286720K)->3154K(291328K) Eden: 256000K(256000K)->0K(256000K) From: 6978K(30720K)->3154K(35328K)
[623.737s][info][gc,heap        ] GC(661) ParOldGen: 171782K(231936K)->171894K(231936K)
[623.737s][info][gc,metaspace   ] GC(661) Metaspace: 43147K(43456K)->43147K(43456K) NonClass: 40330K(40512K)->40330K(40512K) Class: 2817K(2944K)->2817K(2944K)
[623.737s][info][gc             ] GC(661) Pause Young (Allocation Failure) 424M->170M(511M) 7.768ms
[623.737s][info][gc,cpu         ] GC(661) User=0.01s Sys=0.00s Real=0.00s
[624.948s][info][gc,start       ] GC(662) Pause Young (Allocation Failure)
[624.966s][info][gc,heap        ] GC(662) PSYoungGen: 259154K(291328K)->17212K(297984K) Eden: 256000K(256000K)->0K(264192K) From: 3154K(35328K)->17212K(33792K)
[624.966s][info][gc,heap        ] GC(662) ParOldGen: 171894K(231936K)->174761K(231936K)
[624.966s][info][gc,metaspace   ] GC(662) Metaspace: 43155K(43520K)->43155K(43520K) NonClass: 40338K(40576K)->40338K(40576K) Class: 2817K(2944K)->2817K(2944K)
[624.966s][info][gc             ] GC(662) Pause Young (Allocation Failure) 420M->187M(517M) 17.641ms
[624.966s][info][gc,cpu         ] GC(662) User=0.04s Sys=0.00s Real=0.02s
[625.690s][info][gc,start       ] GC(663) Pause Young (Allocation Failure)
[625.737s][info][gc,heap        ] GC(663) PSYoungGen: 281404K(297984K)->29772K(294400K) Eden: 264192K(264192K)->0K(264192K) From: 17212K(33792K)->29772K(30208K)
[625.737s][info][gc,heap        ] GC(663) ParOldGen: 174761K(231936K)->191797K(231936K)
[625.737s][info][gc,metaspace   ] GC(663) Metaspace: 43155K(43520K)->43155K(43520K) NonClass: 40338K(40576K)->40338K(40576K) Class: 2817K(2944K)->2817K(2944K)
[625.737s][info][gc             ] GC(663) Pause Young (Allocation Failure) 445M->216M(514M) 46.995ms
[625.737s][info][gc,cpu         ] GC(663) User=0.09s Sys=0.00s Real=0.04s
[626.370s][info][gc,start       ] GC(664) Pause Young (Allocation Failure)
[626.430s][info][gc,heap        ] GC(664) PSYoungGen: 293964K(294400K)->27960K(287232K) Eden: 264192K(264192K)->0K(247808K) From: 29772K(30208K)->27960K(39424K)
[626.431s][info][gc,heap        ] GC(664) ParOldGen: 191797K(231936K)->221773K(231936K)
[626.431s][info][gc,metaspace   ] GC(664) Metaspace: 43155K(43520K)->43155K(43520K) NonClass: 40338K(40576K)->40338K(40576K) Class: 2817K(2944K)->2817K(2944K)
[626.431s][info][gc             ] GC(664) Pause Young (Allocation Failure) 474M->243M(507M) 60.060ms
[626.431s][info][gc,cpu         ] GC(664) User=0.12s Sys=0.00s Real=0.06s
[627.488s][info][gc,start       ] GC(665) Pause Young (Allocation Failure)
[627.584s][info][gc,heap        ] GC(665) PSYoungGen: 275768K(287232K)->43002K(290816K) Eden: 247808K(247808K)->0K(247808K) From: 27960K(39424K)->43002K(43008K)
[627.584s][info][gc,heap        ] GC(665) ParOldGen: 221773K(231936K)->255148K(255488K)
[627.584s][info][gc,metaspace   ] GC(665) Metaspace: 43155K(43520K)->43155K(43520K) NonClass: 40338K(40576K)->40338K(40576K) Class: 2817K(2944K)->2817K(2944K)
[627.584s][info][gc             ] GC(665) Pause Young (Allocation Failure) 485M->291M(533M) 95.848ms
[627.584s][info][gc,cpu         ] GC(665) User=0.17s Sys=0.02s Real=0.10s
[631.604s][info][gc,start       ] GC(666) Pause Young (Allocation Failure)
[631.637s][info][gc,heap        ] GC(666) PSYoungGen: 290810K(290816K)->3488K(252928K) Eden: 247808K(247808K)->0K(209920K) From: 43002K(43008K)->3488K(43008K)
[631.637s][info][gc,heap        ] GC(666) ParOldGen: 255148K(255488K)->273876K(273920K)
[631.637s][info][gc,metaspace   ] GC(666) Metaspace: 43158K(43520K)->43158K(43520K) NonClass: 40341K(40576K)->40341K(40576K) Class: 2817K(2944K)->2817K(2944K)
[631.637s][info][gc             ] GC(666) Pause Young (Allocation Failure) 533M->270M(514M) 32.744ms
[631.637s][info][gc,cpu         ] GC(666) User=0.05s Sys=0.01s Real=0.03s
[632.586s][info][gc,start       ] GC(667) Pause Young (Allocation Failure)
[632.595s][info][gc,heap        ] GC(667) PSYoungGen: 213408K(252928K)->5735K(271872K) Eden: 209920K(209920K)->0K(209920K) From: 3488K(43008K)->5735K(61952K)
[632.595s][info][gc,heap        ] GC(667) ParOldGen: 273876K(273920K)->276940K(276992K)
[632.596s][info][gc,metaspace   ] GC(667) Metaspace: 43158K(43520K)->43158K(43520K) NonClass: 40341K(40576K)->40341K(40576K) Class: 2817K(2944K)->2817K(2944K)
[632.596s][info][gc             ] GC(667) Pause Young (Allocation Failure) 475M->276M(536M) 9.747ms
[632.596s][info][gc,cpu         ] GC(667) User=0.02s Sys=0.00s Real=0.01s
[633.986s][info][gc,start       ] GC(668) Pause Young (Allocation Failure)
[633.994s][info][gc,heap        ] GC(668) PSYoungGen: 215655K(271872K)->1011K(266240K) Eden: 209920K(209920K)->0K(212480K) From: 5735K(61952K)->1011K(53760K)
[633.994s][info][gc,heap        ] GC(668) ParOldGen: 276940K(276992K)->280877K(281088K)
[633.994s][info][gc,metaspace   ] GC(668) Metaspace: 43158K(43520K)->43158K(43520K) NonClass: 40341K(40576K)->40341K(40576K) Class: 2817K(2944K)->2817K(2944K)
[633.994s][info][gc             ] GC(668) Pause Young (Allocation Failure) 481M->275M(534M) 7.413ms
[633.994s][info][gc,cpu         ] GC(668) User=0.02s Sys=0.00s Real=0.01s
[635.364s][info][gc,start       ] GC(669) Pause Young (Allocation Failure)
[635.387s][info][gc,heap        ] GC(669) PSYoungGen: 213491K(266240K)->19802K(270336K) Eden: 212480K(212480K)->0K(212480K) From: 1011K(53760K)->19802K(57856K)
[635.387s][info][gc,heap        ] GC(669) ParOldGen: 280877K(281088K)->281548K(281600K)
[635.387s][info][gc,metaspace   ] GC(669) Metaspace: 43158K(43520K)->43158K(43520K) NonClass: 40341K(40576K)->40341K(40576K) Class: 2817K(2944K)->2817K(2944K)
[635.387s][info][gc             ] GC(669) Pause Young (Allocation Failure) 482M->294M(539M) 22.771ms
[635.387s][info][gc,cpu         ] GC(669) User=0.04s Sys=0.00s Real=0.02s
[636.854s][info][gc,start       ] GC(670) Pause Young (Allocation Failure)
[636.903s][info][gc,heap        ] GC(670) PSYoungGen: 232282K(270336K)->19151K(269312K) Eden: 212480K(212480K)->0K(220672K) From: 19802K(57856K)->19151K(48640K)
[636.903s][info][gc,heap        ] GC(670) ParOldGen: 281548K(281600K)->301463K(301568K)
[636.903s][info][gc,metaspace   ] GC(670) Metaspace: 43158K(43520K)->43158K(43520K) NonClass: 40341K(40576K)->40341K(40576K) Class: 2817K(2944K)->2817K(2944K)
[636.903s][info][gc             ] GC(670) Pause Young (Allocation Failure) 501M->313M(557M) 49.309ms
[636.903s][info][gc,cpu         ] GC(670) User=0.08s Sys=0.02s Real=0.05s
[638.171s][info][gc,start       ] GC(671) Pause Young (Allocation Failure)
[638.219s][info][gc,heap        ] GC(671) PSYoungGen: 239823K(269312K)->26503K(273408K) Eden: 220672K(220672K)->0K(220672K) From: 19151K(48640K)->26503K(52736K)
[638.219s][info][gc,heap        ] GC(671) ParOldGen: 301463K(301568K)->320607K(321024K)
[638.219s][info][gc,metaspace   ] GC(671) Metaspace: 43158K(43520K)->43158K(43520K) NonClass: 40341K(40576K)->40341K(40576K) Class: 2817K(2944K)->2817K(2944K)
[638.219s][info][gc             ] GC(671) Pause Young (Allocation Failure) 528M->338M(580M) 47.412ms
[638.219s][info][gc,cpu         ] GC(671) User=0.07s Sys=0.02s Real=0.04s
[638.830s][info][gc,start       ] GC(672) Pause Young (Allocation Failure)
[638.895s][info][gc,heap        ] GC(672) PSYoungGen: 247175K(273408K)->27532K(280064K) Eden: 220672K(220672K)->0K(227328K) From: 26503K(52736K)->27532K(52736K)
[638.895s][info][gc,heap        ] GC(672) ParOldGen: 320607K(321024K)->347155K(347648K)
[638.895s][info][gc,metaspace   ] GC(672) Metaspace: 43158K(43520K)->43158K(43520K) NonClass: 40341K(40576K)->40341K(40576K) Class: 2817K(2944K)->2817K(2944K)
[638.895s][info][gc             ] GC(672) Pause Young (Allocation Failure) 554M->365M(613M) 65.404ms
[638.895s][info][gc,cpu         ] GC(672) User=0.11s Sys=0.02s Real=0.06s
[639.510s][info][gc,start       ] GC(673) Pause Young (Allocation Failure)
[639.583s][info][gc,heap        ] GC(673) PSYoungGen: 254860K(280064K)->27864K(280576K) Eden: 227328K(227328K)->0K(227328K) From: 27532K(52736K)->27864K(53248K)
[639.583s][info][gc,heap        ] GC(673) ParOldGen: 347155K(347648K)->374025K(374272K)
[639.583s][info][gc,metaspace   ] GC(673) Metaspace: 43158K(43520K)->43158K(43520K) NonClass: 40341K(40576K)->40341K(40576K) Class: 2817K(2944K)->2817K(2944K)
[639.583s][info][gc             ] GC(673) Pause Young (Allocation Failure) 587M->392M(639M) 73.758ms
[639.583s][info][gc,cpu         ] GC(673) User=0.13s Sys=0.02s Real=0.07s
[640.233s][info][gc,start       ] GC(674) Pause Young (Allocation Failure)
[640.308s][info][gc,heap        ] GC(674) PSYoungGen: 255192K(280576K)->28592K(279552K) Eden: 227328K(227328K)->0K(226304K) From: 27864K(53248K)->28592K(53248K)
[640.308s][info][gc,heap        ] GC(674) ParOldGen: 374025K(374272K)->400169K(400384K)
[640.308s][info][gc,metaspace   ] GC(674) Metaspace: 43158K(43520K)->43158K(43520K) NonClass: 40341K(40576K)->40341K(40576K) Class: 2817K(2944K)->2817K(2944K)
[640.308s][info][gc             ] GC(674) Pause Young (Allocation Failure) 614M->418M(664M) 75.498ms
[640.308s][info][gc,cpu         ] GC(674) User=0.13s Sys=0.01s Real=0.07s
[642.163s][info][gc,start       ] GC(675) Pause Young (Allocation Failure)
[642.204s][info][gc,heap        ] GC(675) PSYoungGen: 254896K(279552K)->5760K(232448K) Eden: 226304K(226304K)->0K(226304K) From: 28592K(53248K)->5760K(6144K)
[642.205s][info][gc,heap        ] GC(675) ParOldGen: 400169K(400384K)->429002K(429056K)
[642.205s][info][gc,metaspace   ] GC(675) Metaspace: 43158K(43520K)->43158K(43520K) NonClass: 40341K(40576K)->40341K(40576K) Class: 2817K(2944K)->2817K(2944K)
[642.205s][info][gc             ] GC(675) Pause Young (Allocation Failure) 639M->424M(646M) 41.470ms
[642.205s][info][gc,cpu         ] GC(675) User=0.05s Sys=0.03s Real=0.04s
[643.458s][info][gc,start       ] GC(676) Pause Young (Allocation Failure)
[643.475s][info][gc,heap        ] GC(676) PSYoungGen: 232064K(232448K)->8126K(281088K) Eden: 226304K(226304K)->0K(228352K) From: 5760K(6144K)->8126K(52736K)
[643.475s][info][gc,heap        ] GC(676) ParOldGen: 429002K(429056K)->434066K(434176K)
[643.475s][info][gc,metaspace   ] GC(676) Metaspace: 43158K(43520K)->43158K(43520K) NonClass: 40341K(40576K)->40341K(40576K) Class: 2817K(2944K)->2817K(2944K)
[643.475s][info][gc             ] GC(676) Pause Young (Allocation Failure) 645M->431M(698M) 16.906ms
[643.475s][info][gc,cpu         ] GC(676) User=0.03s Sys=0.01s Real=0.02s
[644.977s][info][gc,start       ] GC(677) Pause Young (Allocation Failure)
[645.012s][info][gc,heap        ] GC(677) PSYoungGen: 236478K(281088K)->25401K(279552K) Eden: 228352K(228352K)->0K(228352K) From: 8126K(52736K)->25401K(51200K)
[645.012s][info][gc,heap        ] GC(677) ParOldGen: 434066K(434176K)->442189K(442368K)
[645.012s][info][gc,metaspace   ] GC(677) Metaspace: 43158K(43520K)->43158K(43520K) NonClass: 40341K(40576K)->40341K(40576K) Class: 2817K(2944K)->2817K(2944K)
[645.012s][info][gc             ] GC(677) Pause Young (Allocation Failure) 654M->456M(705M) 35.130ms
[645.012s][info][gc,cpu         ] GC(677) User=0.07s Sys=0.01s Real=0.04s
[646.521s][info][gc,start       ] GC(678) Pause Young (Allocation Failure)
[646.580s][info][gc,heap        ] GC(678) PSYoungGen: 253753K(279552K)->21435K(280576K) Eden: 228352K(228352K)->0K(231936K) From: 25401K(51200K)->21435K(48640K)
[646.580s][info][gc,heap        ] GC(678) ParOldGen: 442189K(442368K)->467401K(467456K)
[646.580s][info][gc,metaspace   ] GC(678) Metaspace: 43158K(43520K)->43158K(43520K) NonClass: 40341K(40576K)->40341K(40576K) Class: 2817K(2944K)->2817K(2944K)
[646.580s][info][gc             ] GC(678) Pause Young (Allocation Failure) 679M->477M(730M) 59.256ms
[646.580s][info][gc,cpu         ] GC(678) User=0.09s Sys=0.02s Real=0.06s
[647.965s][info][gc,start       ] GC(679) Pause Young (Allocation Failure)
[648.015s][info][gc,heap        ] GC(679) PSYoungGen: 253371K(280576K)->25664K(280576K) Eden: 231936K(231936K)->0K(231936K) From: 21435K(48640K)->25664K(48640K)
[648.015s][info][gc,heap        ] GC(679) ParOldGen: 467401K(467456K)->488843K(488960K)
[648.015s][info][gc,metaspace   ] GC(679) Metaspace: 43158K(43520K)->43158K(43520K) NonClass: 40341K(40576K)->40341K(40576K) Class: 2817K(2944K)->2817K(2944K)
[648.015s][info][gc             ] GC(679) Pause Young (Allocation Failure) 703M->502M(751M) 50.457ms
[648.015s][info][gc,cpu         ] GC(679) User=0.09s Sys=0.02s Real=0.05s
[648.940s][info][gc,start       ] GC(680) Pause Young (Allocation Failure)
[648.981s][info][gc,heap        ] GC(680) PSYoungGen: 257600K(280576K)->13868K(281600K) Eden: 231936K(231936K)->0K(237056K) From: 25664K(48640K)->13868K(44544K)
[648.981s][info][gc,heap        ] GC(680) ParOldGen: 488843K(488960K)->511396K(511488K)
[648.981s][info][gc,metaspace   ] GC(680) Metaspace: 43158K(43520K)->43158K(43520K) NonClass: 40341K(40576K)->40341K(40576K) Class: 2817K(2944K)->2817K(2944K)
[648.981s][info][gc             ] GC(680) Pause Young (Allocation Failure) 728M->512M(774M) 40.631ms
[648.981s][info][gc,cpu         ] GC(680) User=0.06s Sys=0.02s Real=0.04s
[650.075s][info][gc,start       ] GC(681) Pause Young (Allocation Failure)
[650.080s][info][gc,heap        ] GC(681) PSYoungGen: 250924K(281600K)->4413K(283136K) Eden: 237056K(237056K)->0K(237056K) From: 13868K(44544K)->4413K(46080K)
[650.080s][info][gc,heap        ] GC(681) ParOldGen: 511396K(511488K)->512172K(512512K)
[650.081s][info][gc,metaspace   ] GC(681) Metaspace: 43158K(43520K)->43158K(43520K) NonClass: 40341K(40576K)->40341K(40576K) Class: 2817K(2944K)->2817K(2944K)
[650.081s][info][gc             ] GC(681) Pause Young (Allocation Failure) 744M->504M(777M) 5.821ms
[650.081s][info][gc,cpu         ] GC(681) User=0.01s Sys=0.00s Real=0.01s
[651.059s][info][gc,start       ] GC(682) Pause Young (Allocation Failure)
[651.065s][info][gc,heap        ] GC(682) PSYoungGen: 241469K(283136K)->4404K(286720K) Eden: 237056K(237056K)->0K(241664K) From: 4413K(46080K)->4404K(45056K)
[651.065s][info][gc,heap        ] GC(682) ParOldGen: 512172K(512512K)->513524K(513536K)
[651.065s][info][gc,metaspace   ] GC(682) Metaspace: 43172K(43520K)->43172K(43520K) NonClass: 40355K(40576K)->40355K(40576K) Class: 2817K(2944K)->2817K(2944K)
[651.065s][info][gc             ] GC(682) Pause Young (Allocation Failure) 735M->505M(781M) 6.513ms
[651.065s][info][gc,cpu         ] GC(682) User=0.01s Sys=0.00s Real=0.01s
[651.930s][info][gc,start       ] GC(683) Pause Young (Allocation Failure)
[651.943s][info][gc,heap        ] GC(683) PSYoungGen: 246068K(286720K)->5590K(287232K) Eden: 241664K(241664K)->0K(241664K) From: 4404K(45056K)->5590K(45568K)
[651.943s][info][gc,heap        ] GC(683) ParOldGen: 513524K(513536K)->514740K(515072K)
[651.943s][info][gc,metaspace   ] GC(683) Metaspace: 43172K(43520K)->43172K(43520K) NonClass: 40355K(40576K)->40355K(40576K) Class: 2817K(2944K)->2817K(2944K)
[651.943s][info][gc             ] GC(683) Pause Young (Allocation Failure) 741M->508M(783M) 13.129ms
[651.943s][info][gc,cpu         ] GC(683) User=0.01s Sys=0.00s Real=0.01s
[652.891s][info][gc,start       ] GC(684) Pause Young (Allocation Failure)
[652.901s][info][gc,heap        ] GC(684) PSYoungGen: 247254K(287232K)->11333K(285184K) Eden: 241664K(241664K)->0K(244224K) From: 5590K(45568K)->11333K(40960K)
[652.902s][info][gc,heap        ] GC(684) ParOldGen: 514740K(515072K)->515780K(516096K)
[652.902s][info][gc,metaspace   ] GC(684) Metaspace: 43172K(43520K)->43172K(43520K) NonClass: 40355K(40576K)->40355K(40576K) Class: 2817K(2944K)->2817K(2944K)
[652.902s][info][gc             ] GC(684) Pause Young (Allocation Failure) 744M->514M(782M) 10.863ms
[652.902s][info][gc,cpu         ] GC(684) User=0.02s Sys=0.00s Real=0.01s
[653.972s][info][gc,start       ] GC(685) Pause Young (Allocation Failure)
[654.018s][info][gc,heap        ] GC(685) PSYoungGen: 255557K(285184K)->19892K(286208K) Eden: 244224K(244224K)->0K(244224K) From: 11333K(40960K)->19892K(41984K)
[654.018s][info][gc,heap        ] GC(685) ParOldGen: 515780K(516096K)->520971K(521216K)
[654.018s][info][gc,metaspace   ] GC(685) Metaspace: 43172K(43520K)->43172K(43520K) NonClass: 40355K(40576K)->40355K(40576K) Class: 2817K(2944K)->2817K(2944K)
[654.018s][info][gc             ] GC(685) Pause Young (Allocation Failure) 753M->528M(788M) 46.353ms
[654.018s][info][gc,cpu         ] GC(685) User=0.06s Sys=0.00s Real=0.04s
[654.982s][info][gc,start       ] GC(686) Pause Young (Allocation Failure)
[655.011s][info][gc,heap        ] GC(686) PSYoungGen: 264116K(286208K)->5293K(290816K) Eden: 244224K(244224K)->0K(250880K) From: 19892K(41984K)->5293K(39936K)
[655.011s][info][gc,heap        ] GC(686) ParOldGen: 520971K(521216K)->536461K(536576K)
[655.011s][info][gc,metaspace   ] GC(686) Metaspace: 43173K(43520K)->43173K(43520K) NonClass: 40355K(40576K)->40355K(40576K) Class: 2817K(2944K)->2817K(2944K)
[655.011s][info][gc             ] GC(686) Pause Young (Allocation Failure) 766M->529M(808M) 28.934ms
[655.011s][info][gc,cpu         ] GC(686) User=0.05s Sys=0.01s Real=0.03s
[655.896s][info][gc,start       ] GC(687) Pause Young (Allocation Failure)
[655.919s][info][gc,heap        ] GC(687) PSYoungGen: 256173K(290816K)->15483K(291328K) Eden: 250880K(250880K)->0K(250880K) From: 5293K(39936K)->15483K(40448K)
[655.919s][info][gc,heap        ] GC(687) ParOldGen: 536461K(536576K)->541668K(541696K)
[655.919s][info][gc,metaspace   ] GC(687) Metaspace: 43173K(43520K)->43173K(43520K) NonClass: 40355K(40576K)->40355K(40576K) Class: 2817K(2944K)->2817K(2944K)
[655.920s][info][gc             ] GC(687) Pause Young (Allocation Failure) 774M->544M(813M) 23.084ms
[655.920s][info][gc,cpu         ] GC(687) User=0.04s Sys=0.00s Real=0.03s
[656.851s][info][gc,start       ] GC(688) Pause Young (Allocation Failure)
[656.859s][info][gc,heap        ] GC(688) PSYoungGen: 266363K(291328K)->6693K(292352K) Eden: 250880K(250880K)->0K(254464K) From: 15483K(40448K)->6693K(37888K)
[656.859s][info][gc,heap        ] GC(688) ParOldGen: 541668K(541696K)->542644K(542720K)
[656.859s][info][gc,metaspace   ] GC(688) Metaspace: 43173K(43520K)->43173K(43520K) NonClass: 40355K(40576K)->40355K(40576K) Class: 2817K(2944K)->2817K(2944K)
[656.859s][info][gc             ] GC(688) Pause Young (Allocation Failure) 789M->536M(815M) 8.252ms
[656.859s][info][gc,cpu         ] GC(688) User=0.01s Sys=0.00s Real=0.01s
[657.949s][info][gc,start       ] GC(689) Pause Young (Allocation Failure)
[657.954s][info][gc,heap        ] GC(689) PSYoungGen: 261157K(292352K)->1488K(291840K) Eden: 254464K(254464K)->0K(254464K) From: 6693K(37888K)->1488K(37376K)
[657.954s][info][gc,heap        ] GC(689) ParOldGen: 542644K(542720K)->543672K(543744K)
[657.954s][info][gc,metaspace   ] GC(689) Metaspace: 43173K(43520K)->43173K(43520K) NonClass: 40355K(40576K)->40355K(40576K) Class: 2817K(2944K)->2817K(2944K)
[657.954s][info][gc             ] GC(689) Pause Young (Allocation Failure) 784M->532M(816M) 5.276ms
[657.954s][info][gc,cpu         ] GC(689) User=0.01s Sys=0.00s Real=0.01s
[658.858s][info][gc,start       ] GC(690) Pause Young (Allocation Failure)
[658.916s][info][gc,heap        ] GC(690) PSYoungGen: 255952K(291840K)->36833K(277504K) Eden: 254464K(254464K)->0K(240640K) From: 1488K(37376K)->36833K(36864K)
[658.916s][info][gc,heap        ] GC(690) ParOldGen: 543672K(543744K)->552672K(552960K)
[658.916s][info][gc,metaspace   ] GC(690) Metaspace: 43173K(43520K)->43173K(43520K) NonClass: 40355K(40576K)->40355K(40576K) Class: 2817K(2944K)->2817K(2944K)
[658.916s][info][gc             ] GC(690) Pause Young (Allocation Failure) 780M->575M(811M) 58.456ms
[658.917s][info][gc,cpu         ] GC(690) User=0.10s Sys=0.01s Real=0.06s
[660.251s][info][gc,start       ] GC(691) Pause Young (Allocation Failure)
[660.307s][info][gc,heap        ] GC(691) PSYoungGen: 277473K(277504K)->18471K(287232K) Eden: 240640K(240640K)->0K(240640K) From: 36833K(36864K)->18471K(46592K)
[660.307s][info][gc,heap        ] GC(691) ParOldGen: 552672K(552960K)->572965K(573440K)
[660.307s][info][gc,metaspace   ] GC(691) Metaspace: 43173K(43520K)->43173K(43520K) NonClass: 40355K(40576K)->40355K(40576K) Class: 2817K(2944K)->2817K(2944K)
[660.307s][info][gc             ] GC(691) Pause Young (Allocation Failure) 810M->577M(840M) 56.022ms
[660.307s][info][gc,cpu         ] GC(691) User=0.10s Sys=0.02s Real=0.05s
[661.362s][info][gc,start       ] GC(692) Pause Young (Allocation Failure)
[661.413s][info][gc,heap        ] GC(692) PSYoungGen: 259111K(287232K)->18601K(282112K) Eden: 240640K(240640K)->0K(242688K) From: 18471K(46592K)->18601K(39424K)
[661.413s][info][gc,heap        ] GC(692) ParOldGen: 572965K(573440K)->591229K(591360K)
[661.413s][info][gc,metaspace   ] GC(692) Metaspace: 43173K(43520K)->43173K(43520K) NonClass: 40355K(40576K)->40355K(40576K) Class: 2817K(2944K)->2817K(2944K)
[661.413s][info][gc             ] GC(692) Pause Young (Allocation Failure) 812M->595M(853M) 50.566ms
[661.413s][info][gc,cpu         ] GC(692) User=0.08s Sys=0.01s Real=0.05s
[662.297s][info][gc,start       ] GC(693) Pause Young (Allocation Failure)
[662.340s][info][gc,heap        ] GC(693) PSYoungGen: 261289K(282112K)->42991K(285696K) Eden: 242688K(242688K)->0K(242688K) From: 18601K(39424K)->42991K(43008K)
[662.340s][info][gc,heap        ] GC(693) ParOldGen: 591229K(591360K)->600019K(600064K)
[662.340s][info][gc,metaspace   ] GC(693) Metaspace: 43173K(43520K)->43173K(43520K) NonClass: 40355K(40576K)->40355K(40576K) Class: 2817K(2944K)->2817K(2944K)
[662.340s][info][gc             ] GC(693) Pause Young (Allocation Failure) 832M->627M(865M) 43.424ms
[662.340s][info][gc,cpu         ] GC(693) User=0.08s Sys=0.01s Real=0.05s
[663.244s][info][gc,start       ] GC(694) Pause Young (Allocation Failure)
[663.274s][info][gc,heap        ] GC(694) PSYoungGen: 285679K(285696K)->32175K(272384K) Eden: 242688K(242688K)->0K(224256K) From: 42991K(43008K)->32175K(48128K)
[663.274s][info][gc,heap        ] GC(694) ParOldGen: 600019K(600064K)->608653K(608768K)
[663.274s][info][gc,metaspace   ] GC(694) Metaspace: 43173K(43520K)->43173K(43520K) NonClass: 40355K(40576K)->40355K(40576K) Class: 2817K(2944K)->2817K(2944K)
[663.274s][info][gc             ] GC(694) Pause Young (Allocation Failure) 864M->625M(860M) 30.436ms
[663.274s][info][gc,cpu         ] GC(694) User=0.05s Sys=0.01s Real=0.03s
[664.068s][info][gc,start       ] GC(695) Pause Young (Allocation Failure)
[664.098s][info][gc,heap        ] GC(695) PSYoungGen: 256431K(272384K)->42986K(267264K) Eden: 224256K(224256K)->0K(224256K) From: 32175K(48128K)->42986K(43008K)
[664.098s][info][gc,heap        ] GC(695) ParOldGen: 608653K(608768K)->609177K(609280K)
[664.098s][info][gc,metaspace   ] GC(695) Metaspace: 43173K(43520K)->43173K(43520K) NonClass: 40355K(40576K)->40355K(40576K) Class: 2817K(2944K)->2817K(2944K)
[664.098s][info][gc             ] GC(695) Pause Young (Allocation Failure) 844M->636M(856M) 30.151ms
[664.098s][info][gc,cpu         ] GC(695) User=0.06s Sys=0.00s Real=0.03s
[664.990s][info][gc,start       ] GC(696) Pause Young (Allocation Failure)
[664.994s][info][gc,heap        ] GC(696) PSYoungGen: 267242K(267264K)->1363K(274432K) Eden: 224256K(224256K)->0K(215040K) From: 42986K(43008K)->1363K(59392K)
[664.994s][info][gc,heap        ] GC(696) ParOldGen: 609177K(609280K)->610040K(610304K)
[664.994s][info][gc,metaspace   ] GC(696) Metaspace: 43173K(43520K)->43173K(43520K) NonClass: 40355K(40576K)->40355K(40576K) Class: 2817K(2944K)->2817K(2944K)
[664.994s][info][gc             ] GC(696) Pause Young (Allocation Failure) 855M->597M(864M) 4.877ms
[664.994s][info][gc,cpu         ] GC(696) User=0.01s Sys=0.00s Real=0.00s
[665.798s][info][gc,start       ] GC(697) Pause Young (Allocation Failure)
[665.847s][info][gc,heap        ] GC(697) PSYoungGen: 216403K(274432K)->59379K(274432K) Eden: 215040K(215040K)->0K(215040K) From: 1363K(59392K)->59379K(59392K)
[665.847s][info][gc,heap        ] GC(697) ParOldGen: 610040K(610304K)->620351K(620544K)
[665.847s][info][gc,metaspace   ] GC(697) Metaspace: 43173K(43520K)->43173K(43520K) NonClass: 40355K(40576K)->40355K(40576K) Class: 2817K(2944K)->2817K(2944K)
[665.847s][info][gc             ] GC(697) Pause Young (Allocation Failure) 807M->663M(874M) 49.009ms
[665.847s][info][gc,cpu         ] GC(697) User=0.08s Sys=0.01s Real=0.05s
[666.725s][info][gc,start       ] GC(698) Pause Young (Allocation Failure)
[666.868s][info][gc,promotion   ] GC(698) Promotion failed
[666.868s][info][gc,heap        ] GC(698) PSYoungGen: 274419K(274432K)->274419K(274432K) Eden: 215040K(215040K)->215040K(215040K) From: 59379K(59392K)->59379K(59392K)
[666.868s][info][gc,heap        ] GC(698) ParOldGen: 620351K(620544K)->667645K(667648K)
[666.868s][info][gc,metaspace   ] GC(698) Metaspace: 43173K(43520K)->43173K(43520K) NonClass: 40356K(40576K)->40356K(40576K) Class: 2817K(2944K)->2817K(2944K)
[666.869s][info][gc             ] GC(698) Pause Young (Allocation Failure) 873M->919M(920M) 143.706ms
[666.869s][info][gc,cpu         ] GC(698) User=0.22s Sys=0.06s Real=0.14s
[666.869s][info][gc,start       ] GC(699) Pause Full (Allocation Failure)
[666.869s][info][gc,phases,start] GC(699) Marking Phase
[666.958s][info][gc,phases      ] GC(699) Marking Phase 89.585ms
[666.958s][info][gc,phases,start] GC(699) Summary Phase
[666.958s][info][gc,phases      ] GC(699) Summary Phase 0.037ms
[666.958s][info][gc,phases,start] GC(699) Forward
[666.978s][info][gc,phases      ] GC(699) Forward 19.840ms
[666.978s][info][gc,phases,start] GC(699) Adjust Pointers
[667.033s][info][gc,phases      ] GC(699) Adjust Pointers 54.825ms
[667.033s][info][gc,phases,start] GC(699) Compaction Phase
[667.066s][info][gc,phases      ] GC(699) Compaction Phase 32.938ms
[667.066s][info][gc,phases,start] GC(699) Post Compact
[667.069s][info][gc,phases      ] GC(699) Post Compact 3.040ms
[667.105s][info][gc,heap        ] GC(699) PSYoungGen: 274419K(274432K)->0K(245760K) Eden: 215040K(215040K)->0K(186368K) From: 59379K(59392K)->0K(59392K)
[667.105s][info][gc,heap        ] GC(699) ParOldGen: 667645K(667648K)->137266K(268288K)
[667.105s][info][gc,metaspace   ] GC(699) Metaspace: 43173K(43520K)->43173K(43520K) NonClass: 40356K(40576K)->40356K(40576K) Class: 2817K(2944K)->2817K(2944K)
[667.106s][info][gc             ] GC(699) Pause Full (Allocation Failure) 919M->134M(502M) 236.936ms
[667.106s][info][gc,cpu         ] GC(699) User=0.35s Sys=0.03s Real=0.24s
[667.879s][info][gc,start       ] GC(700) Pause Young (Allocation Failure)
[667.945s][info][gc,heap        ] GC(700) PSYoungGen: 186368K(245760K)->72354K(259072K) Eden: 186368K(186368K)->0K(186368K) From: 0K(59392K)->72354K(72704K)
[667.945s][info][gc,heap        ] GC(700) ParOldGen: 137266K(268288K)->137266K(268288K)
[667.945s][info][gc,metaspace   ] GC(700) Metaspace: 43173K(43520K)->43173K(43520K) NonClass: 40356K(40576K)->40356K(40576K) Class: 2817K(2944K)->2817K(2944K)
[667.945s][info][gc             ] GC(700) Pause Young (Allocation Failure) 316M->204M(515M) 65.490ms
[667.945s][info][gc,cpu         ] GC(700) User=0.13s Sys=0.00s Real=0.06s
[668.653s][info][gc,start       ] GC(701) Pause Young (Allocation Failure)
[668.713s][info][gc,heap        ] GC(701) PSYoungGen: 258722K(259072K)->14070K(241664K) Eden: 186368K(186368K)->0K(166912K) From: 72354K(72704K)->14070K(74752K)
[668.713s][info][gc,heap        ] GC(701) ParOldGen: 137266K(268288K)->196232K(268288K)
[668.713s][info][gc,metaspace   ] GC(701) Metaspace: 43173K(43520K)->43173K(43520K) NonClass: 40356K(40576K)->40356K(40576K) Class: 2817K(2944K)->2817K(2944K)
[668.713s][info][gc             ] GC(701) Pause Young (Allocation Failure) 386M->205M(498M) 59.780ms
[668.713s][info][gc,cpu         ] GC(701) User=0.12s Sys=0.00s Real=0.06s
[669.386s][info][gc,start       ] GC(702) Pause Young (Allocation Failure)
[669.396s][info][gc,heap        ] GC(702) PSYoungGen: 180982K(241664K)->9308K(250368K) Eden: 166912K(166912K)->0K(166912K) From: 14070K(74752K)->9308K(83456K)
[669.396s][info][gc,heap        ] GC(702) ParOldGen: 196232K(268288K)->197122K(268288K)
[669.396s][info][gc,metaspace   ] GC(702) Metaspace: 43173K(43520K)->43173K(43520K) NonClass: 40356K(40576K)->40356K(40576K) Class: 2817K(2944K)->2817K(2944K)
[669.396s][info][gc             ] GC(702) Pause Young (Allocation Failure) 368M->201M(506M) 9.811ms
[669.396s][info][gc,cpu         ] GC(702) User=0.02s Sys=0.00s Real=0.01s
[670.042s][info][gc,start       ] GC(703) Pause Young (Allocation Failure)
[670.054s][info][gc,heap        ] GC(703) PSYoungGen: 176220K(250368K)->11492K(242176K) Eden: 166912K(166912K)->0K(168960K) From: 9308K(83456K)->11492K(73216K)
[670.054s][info][gc,heap        ] GC(703) ParOldGen: 197122K(268288K)->197950K(268288K)
[670.054s][info][gc,metaspace   ] GC(703) Metaspace: 43173K(43520K)->43173K(43520K) NonClass: 40356K(40576K)->40356K(40576K) Class: 2817K(2944K)->2817K(2944K)
[670.054s][info][gc             ] GC(703) Pause Young (Allocation Failure) 364M->204M(498M) 11.294ms
[670.054s][info][gc,cpu         ] GC(703) User=0.02s Sys=0.00s Real=0.01s
[670.675s][info][gc,start       ] GC(704) Pause Young (Allocation Failure)
[670.701s][info][gc,heap        ] GC(704) PSYoungGen: 180452K(242176K)->39494K(247296K) Eden: 168960K(168960K)->0K(168960K) From: 11492K(73216K)->39494K(78336K)
[670.701s][info][gc,heap        ] GC(704) ParOldGen: 197950K(268288K)->198653K(268288K)
[670.701s][info][gc,metaspace   ] GC(704) Metaspace: 43173K(43520K)->43173K(43520K) NonClass: 40356K(40576K)->40356K(40576K) Class: 2817K(2944K)->2817K(2944K)
[670.701s][info][gc             ] GC(704) Pause Young (Allocation Failure) 369M->232M(503M) 26.487ms
[670.701s][info][gc,cpu         ] GC(704) User=0.05s Sys=0.00s Real=0.03s
[671.344s][info][gc,start       ] GC(705) Pause Young (Allocation Failure)
[671.371s][info][gc,heap        ] GC(705) PSYoungGen: 208454K(247296K)->34322K(251392K) Eden: 168960K(168960K)->0K(177152K) From: 39494K(78336K)->34322K(74240K)
[671.371s][info][gc,heap        ] GC(705) ParOldGen: 198653K(268288K)->199137K(268288K)
[671.371s][info][gc,metaspace   ] GC(705) Metaspace: 43173K(43520K)->43173K(43520K) NonClass: 40356K(40576K)->40356K(40576K) Class: 2817K(2944K)->2817K(2944K)
[671.371s][info][gc             ] GC(705) Pause Young (Allocation Failure) 397M->227M(507M) 27.242ms
[671.371s][info][gc,cpu         ] GC(705) User=0.05s Sys=0.00s Real=0.03s
[672.005s][info][gc,start       ] GC(706) Pause Young (Allocation Failure)
[672.013s][info][gc,heap        ] GC(706) PSYoungGen: 211474K(251392K)->7861K(253440K) Eden: 177152K(177152K)->0K(177152K) From: 34322K(74240K)->7861K(76288K)
[672.013s][info][gc,heap        ] GC(706) ParOldGen: 199137K(268288K)->199578K(268288K)
[672.013s][info][gc,metaspace   ] GC(706) Metaspace: 43173K(43520K)->43173K(43520K) NonClass: 40356K(40576K)->40356K(40576K) Class: 2817K(2944K)->2817K(2944K)
[672.013s][info][gc             ] GC(706) Pause Young (Allocation Failure) 400M->202M(509M) 7.463ms
[672.013s][info][gc,cpu         ] GC(706) User=0.01s Sys=0.00s Real=0.01s
[672.574s][info][gc,start       ] GC(707) Pause Young (Allocation Failure)
[672.590s][info][gc,heap        ] GC(707) PSYoungGen: 185013K(253440K)->23174K(247808K) Eden: 177152K(177152K)->0K(182784K) From: 7861K(76288K)->23174K(65024K)
[672.591s][info][gc,heap        ] GC(707) ParOldGen: 199578K(268288K)->199936K(268288K)
[672.591s][info][gc,metaspace   ] GC(707) Metaspace: 43173K(43520K)->43173K(43520K) NonClass: 40356K(40576K)->40356K(40576K) Class: 2817K(2944K)->2817K(2944K)
[672.591s][info][gc             ] GC(707) Pause Young (Allocation Failure) 375M->217M(504M) 16.855ms
[672.591s][info][gc,cpu         ] GC(707) User=0.03s Sys=0.00s Real=0.02s
[673.209s][info][gc,start       ] GC(708) Pause Young (Allocation Failure)
[673.223s][info][gc,heap        ] GC(708) PSYoungGen: 205958K(247808K)->300K(252928K) Eden: 182784K(182784K)->0K(182784K) From: 23174K(65024K)->300K(70144K)
[673.224s][info][gc,heap        ] GC(708) ParOldGen: 199936K(268288K)->221358K(268288K)
[673.224s][info][gc,metaspace   ] GC(708) Metaspace: 43173K(43520K)->43173K(43520K) NonClass: 40356K(40576K)->40356K(40576K) Class: 2817K(2944K)->2817K(2944K)
[673.224s][info][gc             ] GC(708) Pause Young (Allocation Failure) 396M->216M(509M) 14.668ms
[673.224s][info][gc,cpu         ] GC(708) User=0.03s Sys=0.00s Real=0.02s
[673.838s][info][gc,start       ] GC(709) Pause Young (Allocation Failure)
[673.841s][info][gc,heap        ] GC(709) PSYoungGen: 183084K(252928K)->2610K(260608K) Eden: 182784K(182784K)->0K(193536K) From: 300K(70144K)->2610K(67072K)
[673.842s][info][gc,heap        ] GC(709) ParOldGen: 221358K(268288K)->221374K(268288K)
[673.842s][info][gc,metaspace   ] GC(709) Metaspace: 43173K(43520K)->43173K(43520K) NonClass: 40356K(40576K)->40356K(40576K) Class: 2817K(2944K)->2817K(2944K)
[673.842s][info][gc             ] GC(709) Pause Young (Allocation Failure) 394M->218M(516M) 3.830ms
[673.842s][info][gc,cpu         ] GC(709) User=0.01s Sys=0.00s Real=0.01s
[674.183s][info][gc,start       ] GC(710) Pause Young (Allocation Failure)
[674.187s][info][gc,heap        ] GC(710) PSYoungGen: 196146K(260608K)->3139K(262144K) Eden: 193536K(193536K)->0K(193536K) From: 2610K(67072K)->3139K(68608K)
[674.187s][info][gc,heap        ] GC(710) ParOldGen: 221374K(268288K)->222205K(268288K)
[674.187s][info][gc,metaspace   ] GC(710) Metaspace: 43173K(43520K)->43173K(43520K) NonClass: 40356K(40576K)->40356K(40576K) Class: 2817K(2944K)->2817K(2944K)
[674.187s][info][gc             ] GC(710) Pause Young (Allocation Failure) 407M->220M(518M) 4.455ms
[674.187s][info][gc,cpu         ] GC(710) User=0.01s Sys=0.00s Real=0.00s
[674.540s][info][gc,start       ] GC(711) Pause Young (Allocation Failure)
[674.545s][info][gc,heap        ] GC(711) PSYoungGen: 196675K(262144K)->3726K(261120K) Eden: 193536K(193536K)->0K(198144K) From: 3139K(68608K)->3726K(62976K)
[674.545s][info][gc,heap        ] GC(711) ParOldGen: 222205K(268288K)->223549K(268288K)
[674.545s][info][gc,metaspace   ] GC(711) Metaspace: 43173K(43520K)->43173K(43520K) NonClass: 40356K(40576K)->40356K(40576K) Class: 2817K(2944K)->2817K(2944K)
[674.545s][info][gc             ] GC(711) Pause Young (Allocation Failure) 409M->221M(517M) 5.041ms
[674.545s][info][gc,cpu         ] GC(711) User=0.01s Sys=0.00s Real=0.00s
[674.955s][info][gc,start       ] GC(712) Pause Young (Allocation Failure)
[674.963s][info][gc,heap        ] GC(712) PSYoungGen: 200054K(261120K)->10556K(263168K) Eden: 196327K(198144K)->0K(198144K) From: 3726K(62976K)->10556K(65024K)
[674.963s][info][gc,heap        ] GC(712) ParOldGen: 223549K(268288K)->223810K(268288K)
[674.963s][info][gc,metaspace   ] GC(712) Metaspace: 43173K(43520K)->43173K(43520K) NonClass: 40356K(40576K)->40356K(40576K) Class: 2817K(2944K)->2817K(2944K)
[674.964s][info][gc             ] GC(712) Pause Young (Allocation Failure) 413M->228M(519M) 8.275ms
[674.964s][info][gc,cpu         ] GC(712) User=0.02s Sys=0.00s Real=0.01s
[675.248s][info][gc,start       ] GC(713) Pause Young (Allocation Failure)
[675.257s][info][gc,heap        ] GC(713) PSYoungGen: 208700K(263168K)->1404K(266240K) Eden: 198144K(198144K)->0K(207360K) From: 10556K(65024K)->1404K(58880K)
[675.257s][info][gc,heap        ] GC(713) ParOldGen: 223810K(268288K)->234146K(268288K)
[675.257s][info][gc,metaspace   ] GC(713) Metaspace: 43173K(43520K)->43173K(43520K) NonClass: 40356K(40576K)->40356K(40576K) Class: 2817K(2944K)->2817K(2944K)
[675.257s][info][gc             ] GC(713) Pause Young (Allocation Failure) 422M->230M(522M) 8.961ms
[675.257s][info][gc,cpu         ] GC(713) User=0.02s Sys=0.00s Real=0.01s
[675.556s][info][gc,start       ] GC(714) Pause Young (Allocation Failure)
[675.562s][info][gc,heap        ] GC(714) PSYoungGen: 206906K(266240K)->2524K(266752K) Eden: 205501K(207360K)->0K(207360K) From: 1404K(58880K)->2524K(59392K)
[675.562s][info][gc,heap        ] GC(714) ParOldGen: 234146K(268288K)->235489K(268288K)
[675.562s][info][gc,metaspace   ] GC(714) Metaspace: 43173K(43520K)->43173K(43520K) NonClass: 40356K(40576K)->40356K(40576K) Class: 2817K(2944K)->2817K(2944K)
[675.562s][info][gc             ] GC(714) Pause Young (Allocation Failure) 430M->232M(522M) 6.283ms
[675.562s][info][gc,cpu         ] GC(714) User=0.01s Sys=0.00s Real=0.01s
[675.864s][info][gc,start       ] GC(715) Pause Young (Allocation Failure)
[675.871s][info][gc,heap        ] GC(715) PSYoungGen: 209884K(266752K)->2818K(270848K) Eden: 207360K(207360K)->0K(217088K) From: 2524K(59392K)->2818K(53760K)
[675.871s][info][gc,heap        ] GC(715) ParOldGen: 235489K(268288K)->238013K(268288K)
[675.871s][info][gc,metaspace   ] GC(715) Metaspace: 43173K(43520K)->43173K(43520K) NonClass: 40356K(40576K)->40356K(40576K) Class: 2817K(2944K)->2817K(2944K)
[675.871s][info][gc             ] GC(715) Pause Young (Allocation Failure) 434M->235M(526M) 7.432ms
[675.871s][info][gc,cpu         ] GC(715) User=0.01s Sys=0.00s Real=0.01s
[676.191s][info][gc,start       ] GC(716) Pause Young (Allocation Failure)
[676.200s][info][gc,heap        ] GC(716) PSYoungGen: 218266K(270848K)->5202K(271872K) Eden: 215448K(217088K)->0K(217088K) From: 2818K(53760K)->5202K(54784K)
[676.200s][info][gc,heap        ] GC(716) ParOldGen: 238013K(268288K)->240787K(268288K)
[676.200s][info][gc,metaspace   ] GC(716) Metaspace: 43173K(43520K)->43173K(43520K) NonClass: 40356K(40576K)->40356K(40576K) Class: 2817K(2944K)->2817K(2944K)
[676.200s][info][gc             ] GC(716) Pause Young (Allocation Failure) 445M->240M(527M) 9.811ms
[676.200s][info][gc,cpu         ] GC(716) User=0.02s Sys=0.00s Real=0.01s
[676.522s][info][gc,start       ] GC(717) Pause Young (Allocation Failure)
[676.535s][info][gc,heap        ] GC(717) PSYoungGen: 222290K(271872K)->5608K(274432K) Eden: 217088K(217088K)->0K(226816K) From: 5202K(54784K)->5608K(47616K)
[676.536s][info][gc,heap        ] GC(717) ParOldGen: 240787K(268288K)->245936K(268288K)
[676.536s][info][gc,metaspace   ] GC(717) Metaspace: 43173K(43520K)->43173K(43520K) NonClass: 40356K(40576K)->40356K(40576K) Class: 2817K(2944K)->2817K(2944K)
[676.536s][info][gc             ] GC(717) Pause Young (Allocation Failure) 452M->245M(530M) 13.804ms
[676.536s][info][gc,cpu         ] GC(717) User=0.03s Sys=0.00s Real=0.01s
[676.895s][info][gc,start       ] GC(718) Pause Young (Allocation Failure)
[676.911s][info][gc,heap        ] GC(718) PSYoungGen: 232424K(274432K)->7902K(275968K) Eden: 226816K(226816K)->0K(226816K) From: 5608K(47616K)->7902K(49152K)
[676.911s][info][gc,heap        ] GC(718) ParOldGen: 245936K(268288K)->251636K(268288K)
[676.911s][info][gc,metaspace   ] GC(718) Metaspace: 43173K(43520K)->43173K(43520K) NonClass: 40356K(40576K)->40356K(40576K) Class: 2817K(2944K)->2817K(2944K)
[676.911s][info][gc             ] GC(718) Pause Young (Allocation Failure) 467M->253M(531M) 16.647ms
[676.912s][info][gc,cpu         ] GC(718) User=0.04s Sys=0.00s Real=0.02s
[677.370s][info][gc,start       ] GC(719) Pause Young (Allocation Failure)
[677.389s][info][gc,heap        ] GC(719) PSYoungGen: 234718K(275968K)->13271K(281088K) Eden: 226816K(226816K)->0K(238592K) From: 7902K(49152K)->13271K(42496K)
[677.389s][info][gc,heap        ] GC(719) ParOldGen: 251636K(268288K)->259354K(268288K)
[677.389s][info][gc,metaspace   ] GC(719) Metaspace: 43173K(43520K)->43173K(43520K) NonClass: 40356K(40576K)->40356K(40576K) Class: 2817K(2944K)->2817K(2944K)
[677.389s][info][gc             ] GC(719) Pause Young (Allocation Failure) 474M->266M(536M) 19.041ms
[677.389s][info][gc,cpu         ] GC(719) User=0.03s Sys=0.00s Real=0.02s
[677.963s][info][gc,start       ] GC(720) Pause Young (Allocation Failure)
[677.979s][info][gc,heap        ] GC(720) PSYoungGen: 251863K(281088K)->3681K(282112K) Eden: 238592K(238592K)->0K(238592K) From: 13271K(42496K)->3681K(43520K)
[677.979s][info][gc,heap        ] GC(720) ParOldGen: 259354K(268288K)->271739K(271872K)
[677.979s][info][gc,metaspace   ] GC(720) Metaspace: 43184K(43520K)->43184K(43520K) NonClass: 40367K(40576K)->40367K(40576K) Class: 2817K(2944K)->2817K(2944K)
[677.979s][info][gc             ] GC(720) Pause Young (Allocation Failure) 499M->268M(541M) 15.763ms
[677.979s][info][gc,cpu         ] GC(720) User=0.03s Sys=0.00s Real=0.01s
[678.528s][info][gc,start       ] GC(721) Pause Young (Allocation Failure)
[678.533s][info][gc,heap        ] GC(721) PSYoungGen: 242273K(282112K)->2322K(288256K) Eden: 238592K(238592K)->0K(248832K) From: 3681K(43520K)->2322K(39424K)
[678.533s][info][gc,heap        ] GC(721) ParOldGen: 271739K(271872K)->272772K(272896K)
[678.533s][info][gc,metaspace   ] GC(721) Metaspace: 43184K(43520K)->43184K(43520K) NonClass: 40367K(40576K)->40367K(40576K) Class: 2817K(2944K)->2817K(2944K)
[678.533s][info][gc             ] GC(721) Pause Young (Allocation Failure) 501M->268M(548M) 4.580ms
[678.533s][info][gc,cpu         ] GC(721) User=0.01s Sys=0.01s Real=0.01s
[679.126s][info][gc,start       ] GC(722) Pause Young (Allocation Failure)
[679.128s][info][gc,heap        ] GC(722) PSYoungGen: 251154K(288256K)->800K(288768K) Eden: 248832K(248832K)->0K(248832K) From: 2322K(39424K)->800K(39936K)
[679.128s][info][gc,heap        ] GC(722) ParOldGen: 272772K(272896K)->272788K(272896K)
[679.128s][info][gc,metaspace   ] GC(722) Metaspace: 43184K(43520K)->43184K(43520K) NonClass: 40367K(40576K)->40367K(40576K) Class: 2817K(2944K)->2817K(2944K)
[679.128s][info][gc             ] GC(722) Pause Young (Allocation Failure) 511M->267M(548M) 2.048ms
[679.128s][info][gc,cpu         ] GC(722) User=0.00s Sys=0.00s Real=0.00s
[679.755s][info][gc,start       ] GC(723) Pause Young (Allocation Failure)
[679.758s][info][gc,heap        ] GC(723) PSYoungGen: 249632K(288768K)->2818K(290816K) Eden: 248832K(248832K)->0K(255488K) From: 800K(39936K)->2818K(35328K)
[679.758s][info][gc,heap        ] GC(723) ParOldGen: 272788K(272896K)->272812K(272896K)
[679.758s][info][gc,metaspace   ] GC(723) Metaspace: 43184K(43520K)->43184K(43520K) NonClass: 40367K(40576K)->40367K(40576K) Class: 2817K(2944K)->2817K(2944K)
[679.758s][info][gc             ] GC(723) Pause Young (Allocation Failure) 510M->269M(550M) 3.381ms
[679.758s][info][gc,cpu         ] GC(723) User=0.01s Sys=0.00s Real=0.00s
[680.371s][info][gc,start       ] GC(724) Pause Young (Allocation Failure)
[680.374s][info][gc,heap        ] GC(724) PSYoungGen: 258306K(290816K)->3483K(291840K) Eden: 255488K(255488K)->0K(255488K) From: 2818K(35328K)->3483K(36352K)
[680.374s][info][gc,heap        ] GC(724) ParOldGen: 272812K(272896K)->273153K(273408K)
[680.374s][info][gc,metaspace   ] GC(724) Metaspace: 43185K(43520K)->43185K(43520K) NonClass: 40367K(40576K)->40367K(40576K) Class: 2817K(2944K)->2817K(2944K)
[680.374s][info][gc             ] GC(724) Pause Young (Allocation Failure) 518M->270M(552M) 3.148ms
[680.374s][info][gc,cpu         ] GC(724) User=0.00s Sys=0.00s Real=0.00s
[681.609s][info][gc,start       ] GC(725) Pause Young (Allocation Failure)
[681.615s][info][gc,heap        ] GC(725) PSYoungGen: 258971K(291840K)->3154K(295424K) Eden: 255488K(255488K)->0K(263168K) From: 3483K(36352K)->3154K(32256K)
[681.615s][info][gc,heap        ] GC(725) ParOldGen: 273153K(273408K)->273273K(273408K)
[681.615s][info][gc,metaspace   ] GC(725) Metaspace: 43185K(43520K)->43185K(43520K) NonClass: 40367K(40576K)->40367K(40576K) Class: 2817K(2944K)->2817K(2944K)
[681.616s][info][gc             ] GC(725) Pause Young (Allocation Failure) 519M->269M(555M) 6.878ms
[681.616s][info][gc,cpu         ] GC(725) User=0.01s Sys=0.00s Real=0.01s
[682.733s][info][gc,start       ] GC(726) Pause Young (Allocation Failure)
[682.758s][info][gc,heap        ] GC(726) PSYoungGen: 266322K(295424K)->21924K(295936K) Eden: 263168K(263168K)->0K(263168K) From: 3154K(32256K)->21924K(32768K)
[682.758s][info][gc,heap        ] GC(726) ParOldGen: 273273K(273408K)->276347K(276480K)
[682.758s][info][gc,metaspace   ] GC(726) Metaspace: 43191K(43520K)->43191K(43520K) NonClass: 40374K(40576K)->40374K(40576K) Class: 2817K(2944K)->2817K(2944K)
[682.758s][info][gc             ] GC(726) Pause Young (Allocation Failure) 526M->291M(559M) 25.166ms
[682.758s][info][gc,cpu         ] GC(726) User=0.05s Sys=0.01s Real=0.02s
[683.435s][info][gc,start       ] GC(727) Pause Young (Allocation Failure)
[683.498s][info][gc,heap        ] GC(727) PSYoungGen: 285092K(295936K)->29804K(288256K) Eden: 263168K(263168K)->0K(252928K) From: 21924K(32768K)->29804K(35328K)
[683.498s][info][gc,heap        ] GC(727) ParOldGen: 276347K(276480K)->297640K(297984K)
[683.498s][info][gc,metaspace   ] GC(727) Metaspace: 43191K(43520K)->43191K(43520K) NonClass: 40374K(40576K)->40374K(40576K) Class: 2817K(2944K)->2817K(2944K)
[683.498s][info][gc             ] GC(727) Pause Young (Allocation Failure) 548M->319M(572M) 63.456ms
[683.498s][info][gc,cpu         ] GC(727) User=0.10s Sys=0.02s Real=0.06s
[684.119s][info][gc,start       ] GC(728) Pause Young (Allocation Failure)
[684.196s][info][gc,heap        ] GC(728) PSYoungGen: 282732K(288256K)->32376K(285696K) Eden: 252928K(252928K)->0K(252928K) From: 29804K(35328K)->32376K(32768K)
[684.196s][info][gc,heap        ] GC(728) ParOldGen: 297640K(297984K)->327624K(327680K)
[684.196s][info][gc,metaspace   ] GC(728) Metaspace: 43191K(43520K)->43191K(43520K) NonClass: 40374K(40576K)->40374K(40576K) Class: 2817K(2944K)->2817K(2944K)
[684.196s][info][gc             ] GC(728) Pause Young (Allocation Failure) 566M->351M(599M) 76.594ms
[684.196s][info][gc,cpu         ] GC(728) User=0.14s Sys=0.02s Real=0.08s
[685.914s][info][gc,heap,exit   ] Heap
[685.914s][info][gc,heap,exit   ]  PSYoungGen      total 285696K, used 279158K [0x00000000eba00000, 0x0000000100000000, 0x0000000100000000)
[685.914s][info][gc,heap,exit   ]   eden space 252928K, 97% used [0x00000000eba00000,0x00000000faaff820,0x00000000fb100000)
[685.914s][info][gc,heap,exit   ]   from space 32768K, 98% used [0x00000000fb100000,0x00000000fd09e018,0x00000000fd100000)
[685.914s][info][gc,heap,exit   ]   to   space 45568K, 0% used [0x00000000fd380000,0x00000000fd380000,0x0000000100000000)
[685.914s][info][gc,heap,exit   ]  ParOldGen       total 327680K, used 327624K [0x00000000c2e00000, 0x00000000d6e00000, 0x00000000eba00000)
[685.914s][info][gc,heap,exit   ]   object space 327680K, 99% used [0x00000000c2e00000,0x00000000d6df2070,0x00000000d6e00000)
[685.914s][info][gc,heap,exit   ]  Metaspace       used 43318K, committed 43712K, reserved 1114112K
[685.914s][info][gc,heap,exit   ]   class space    used 2831K, committed 2944K, reserved 1048576K
