[0.003s][info][metaspace]  - commit_granule_bytes: 65536.
[0.003s][info][metaspace]  - commit_granule_words: 8192.
[0.003s][info][metaspace]  - virtual_space_node_default_size: 8388608.
[0.003s][info][metaspace]  - enlarge_chunks_in_place: 1.
[0.005s][info][gc,init  ] CardTable entry size: 512
[0.006s][info][gc       ] Using Parallel
[0.007s][info][gc,init  ] Version: 24-internal-adhoc.root.jdk (release)
[0.007s][info][gc,init  ] CPUs: 2 total, 2 available
[0.007s][info][gc,init  ] Memory: 3908M
[0.007s][info][gc,init  ] Large Page Support: Disabled
[0.007s][info][gc,init  ] NUMA Support: Disabled
[0.007s][info][gc,init  ] Compressed Oops: Enabled (32-bit)
[0.007s][info][gc,init  ] Alignments: Space 512K, Generation 512K, Heap 2M
[0.007s][info][gc,init  ] Heap Min Capacity: 256M
[0.007s][info][gc,init  ] Heap Initial Capacity: 256M
[0.007s][info][gc,init  ] Heap Max Capacity: 978M
[0.007s][info][gc,init  ] Pre-touch: Disabled
[0.007s][info][gc,init  ] Parallel Workers: 2
[0.026s][info][gc,metaspace] CDS archive(s) mapped at: [0x00007fb676000000-0x00007fb676dc0000-0x00007fb676dc0000), size 14417920, SharedBaseAddress: 0x00007fb676000000, ArchiveRelocationMode: 1.
[0.027s][info][gc,metaspace] Compressed class space mapped at: 0x00007fb677000000-0x00007fb6b7000000, reserved size: 1073741824
[0.027s][info][gc,metaspace] UseCompressedClassPointers 1, UseCompactObjectHeaders 0
[0.027s][info][gc,metaspace] Narrow klass pointer bits 32, Max shift 3
[0.027s][info][gc,metaspace] Narrow klass base: 0x00007fb676000000, Narrow klass shift: 0
[0.027s][info][gc,metaspace] Encoding Range: [0x00007fb676000000 - 0x00007fb776000000), (4294967296 bytes)
[0.027s][info][gc,metaspace] Klass Range:    [0x00007fb676000000 - 0x00007fb6b7000000), (1090519040 bytes)
[0.027s][info][gc,metaspace] Klass ID Range:  [8 - 1090519033) (1090519025)
[1.493s][info][gc,start    ] GC(0) Pause Young (Allocation Failure)
[1.505s][info][gc,heap     ] GC(0) PSYoungGen: 65536K(76288K)->7349K(76288K) Eden: 65536K(65536K)->0K(65536K) From: 0K(10752K)->7349K(10752K)
[1.505s][info][gc,heap     ] GC(0) ParOldGen: 1157K(175104K)->1165K(175104K)
[1.505s][info][gc,metaspace] GC(0) Metaspace: 12420K(12608K)->12420K(12608K) NonClass: 11193K(11328K)->11193K(11328K) Class: 1226K(1280K)->1226K(1280K)
[1.505s][info][gc          ] GC(0) Pause Young (Allocation Failure) 65M->8M(245M) 11.288ms
[1.505s][info][gc,cpu      ] GC(0) User=0.01s Sys=0.00s Real=0.01s
[2.015s][info][gc,start    ] GC(1) Pause Young (Allocation Failure)
[2.023s][info][gc,heap     ] GC(1) PSYoungGen: 72885K(76288K)->6987K(76288K) Eden: 65536K(65536K)->0K(65536K) From: 7349K(10752K)->6987K(10752K)
[2.023s][info][gc,heap     ] GC(1) ParOldGen: 1165K(175104K)->1173K(175104K)
[2.023s][info][gc,metaspace] GC(1) Metaspace: 12918K(13120K)->12918K(13120K) NonClass: 11666K(11776K)->11666K(11776K) Class: 1251K(1344K)->1251K(1344K)
[2.024s][info][gc          ] GC(1) Pause Young (Allocation Failure) 72M->7M(245M) 8.878ms
[2.024s][info][gc,cpu      ] GC(1) User=0.02s Sys=0.01s Real=0.01s
[138.394s][info][gc,start    ] GC(2) Pause Full (System.gc())
[138.394s][info][gc,phases,start] GC(2) Marking Phase
[138.403s][info][gc,phases      ] GC(2) Marking Phase 8.411ms
[138.403s][info][gc,phases,start] GC(2) Summary Phase
[138.403s][info][gc,phases      ] GC(2) Summary Phase 0.009ms
[138.403s][info][gc,phases,start] GC(2) Forward
[138.405s][info][gc,phases      ] GC(2) Forward 2.242ms
[138.405s][info][gc,phases,start] GC(2) Adjust Pointers
[138.409s][info][gc,phases      ] GC(2) Adjust Pointers 3.963ms
[138.409s][info][gc,phases,start] GC(2) Compaction Phase
[138.414s][info][gc,phases      ] GC(2) Compaction Phase 4.833ms
[138.414s][info][gc,phases,start] GC(2) Post Compact
[138.415s][info][gc,phases      ] GC(2) Post Compact 1.390ms
[138.415s][info][gc,heap        ] GC(2) PSYoungGen: 36966K(76288K)->0K(76288K) Eden: 29978K(65536K)->0K(65536K) From: 6987K(10752K)->0K(10752K)
[138.415s][info][gc,heap        ] GC(2) ParOldGen: 1173K(175104K)->7919K(175104K)
[138.415s][info][gc,metaspace   ] GC(2) Metaspace: 13128K(13312K)->13128K(13312K) NonClass: 11873K(11968K)->11873K(11968K) Class: 1254K(1344K)->1254K(1344K)
[138.416s][info][gc             ] GC(2) Pause Full (System.gc()) 37M->7M(245M) 21.166ms
[138.416s][info][gc,cpu         ] GC(2) User=0.03s Sys=0.01s Real=0.02s
[275.387s][info][gc,start       ] GC(3) Pause Full (System.gc())
[275.387s][info][gc,phases,start] GC(3) Marking Phase
[275.396s][info][gc,phases      ] GC(3) Marking Phase 9.358ms
[275.396s][info][gc,phases,start] GC(3) Summary Phase
[275.396s][info][gc,phases      ] GC(3) Summary Phase 0.012ms
[275.396s][info][gc,phases,start] GC(3) Forward
[275.398s][info][gc,phases      ] GC(3) Forward 2.188ms
[275.398s][info][gc,phases,start] GC(3) Adjust Pointers
[275.402s][info][gc,phases      ] GC(3) Adjust Pointers 4.036ms
[275.402s][info][gc,phases,start] GC(3) Compaction Phase
[275.405s][info][gc,phases      ] GC(3) Compaction Phase 2.543ms
[275.405s][info][gc,phases,start] GC(3) Post Compact
[275.405s][info][gc,phases      ] GC(3) Post Compact 0.332ms
[275.405s][info][gc,heap        ] GC(3) PSYoungGen: 40014K(76288K)->0K(76288K) Eden: 40014K(65536K)->0K(65536K) From: 0K(10752K)->0K(10752K)
[275.405s][info][gc,heap        ] GC(3) ParOldGen: 7919K(175104K)->8044K(175104K)
[275.405s][info][gc,metaspace   ] GC(3) Metaspace: 13318K(13504K)->13318K(13504K) NonClass: 12056K(12160K)->12056K(12160K) Class: 1261K(1344K)->1261K(1344K)
[275.405s][info][gc             ] GC(3) Pause Full (System.gc()) 46M->7M(245M) 18.802ms
[275.405s][info][gc,cpu         ] GC(3) User=0.03s Sys=0.00s Real=0.01s
[412.300s][info][gc,start       ] GC(4) Pause Full (System.gc())
[412.300s][info][gc,phases,start] GC(4) Marking Phase
[412.309s][info][gc,phases      ] GC(4) Marking Phase 9.432ms
[412.309s][info][gc,phases,start] GC(4) Summary Phase
[412.309s][info][gc,phases      ] GC(4) Summary Phase 0.012ms
[412.309s][info][gc,phases,start] GC(4) Forward
[412.311s][info][gc,phases      ] GC(4) Forward 1.121ms
[412.311s][info][gc,phases,start] GC(4) Adjust Pointers
[412.315s][info][gc,phases      ] GC(4) Adjust Pointers 4.217ms
[412.315s][info][gc,phases,start] GC(4) Compaction Phase
[412.317s][info][gc,phases      ] GC(4) Compaction Phase 1.944ms
[412.317s][info][gc,phases,start] GC(4) Post Compact
[412.317s][info][gc,phases      ] GC(4) Post Compact 0.211ms
[412.317s][info][gc,heap        ] GC(4) PSYoungGen: 38334K(76288K)->0K(76288K) Eden: 38334K(65536K)->0K(65536K) From: 0K(10752K)->0K(10752K)
[412.317s][info][gc,heap        ] GC(4) ParOldGen: 8044K(175104K)->8048K(175104K)
[412.317s][info][gc,metaspace   ] GC(4) Metaspace: 13367K(13568K)->13367K(13568K) NonClass: 12105K(12224K)->12105K(12224K) Class: 1261K(1344K)->1261K(1344K)
[412.317s][info][gc             ] GC(4) Pause Full (System.gc()) 45M->7M(245M) 17.245ms
[412.317s][info][gc,cpu         ] GC(4) User=0.02s Sys=0.00s Real=0.02s
[549.248s][info][gc,start       ] GC(5) Pause Full (System.gc())
[549.248s][info][gc,phases,start] GC(5) Marking Phase
[549.256s][info][gc,phases      ] GC(5) Marking Phase 8.255ms
[549.256s][info][gc,phases,start] GC(5) Summary Phase
[549.256s][info][gc,phases      ] GC(5) Summary Phase 0.010ms
[549.256s][info][gc,phases,start] GC(5) Forward
[549.257s][info][gc,phases      ] GC(5) Forward 0.697ms
[549.257s][info][gc,phases,start] GC(5) Adjust Pointers
[549.261s][info][gc,phases      ] GC(5) Adjust Pointers 3.955ms
[549.261s][info][gc,phases,start] GC(5) Compaction Phase
[549.262s][info][gc,phases      ] GC(5) Compaction Phase 1.231ms
[549.262s][info][gc,phases,start] GC(5) Post Compact
[549.262s][info][gc,phases      ] GC(5) Post Compact 0.157ms
[549.262s][info][gc,heap        ] GC(5) PSYoungGen: 37877K(76288K)->0K(76288K) Eden: 37877K(65536K)->0K(65536K) From: 0K(10752K)->0K(10752K)
[549.262s][info][gc,heap        ] GC(5) ParOldGen: 8048K(175104K)->8050K(175104K)
[549.262s][info][gc,metaspace   ] GC(5) Metaspace: 13417K(13568K)->13417K(13568K) NonClass: 12155K(12224K)->12155K(12224K) Class: 1261K(1344K)->1261K(1344K)
[549.262s][info][gc             ] GC(5) Pause Full (System.gc()) 44M->7M(245M) 14.532ms
[549.262s][info][gc,cpu         ] GC(5) User=0.02s Sys=0.00s Real=0.01s
[685.870s][info][gc,start       ] GC(6) Pause Full (System.gc())
[685.870s][info][gc,phases,start] GC(6) Marking Phase
[685.881s][info][gc,phases      ] GC(6) Marking Phase 11.417ms
[685.881s][info][gc,phases,start] GC(6) Summary Phase
[685.881s][info][gc,phases      ] GC(6) Summary Phase 0.012ms
[685.881s][info][gc,phases,start] GC(6) Forward
[685.882s][info][gc,phases      ] GC(6) Forward 0.453ms
[685.882s][info][gc,phases,start] GC(6) Adjust Pointers
[685.886s][info][gc,phases      ] GC(6) Adjust Pointers 4.418ms
[685.886s][info][gc,phases,start] GC(6) Compaction Phase
[685.888s][info][gc,phases      ] GC(6) Compaction Phase 1.601ms
[685.888s][info][gc,phases,start] GC(6) Post Compact
[685.888s][info][gc,phases      ] GC(6) Post Compact 0.184ms
[685.888s][info][gc,heap        ] GC(6) PSYoungGen: 37834K(76288K)->0K(76288K) Eden: 37834K(65536K)->0K(65536K) From: 0K(10752K)->0K(10752K)
[685.888s][info][gc,heap        ] GC(6) ParOldGen: 8050K(175104K)->8051K(175104K)
[685.888s][info][gc,metaspace   ] GC(6) Metaspace: 13451K(13632K)->13451K(13632K) NonClass: 12189K(12288K)->12189K(12288K) Class: 1261K(1344K)->1261K(1344K)
[685.888s][info][gc             ] GC(6) Pause Full (System.gc()) 44M->7M(245M) 18.388ms
[685.888s][info][gc,cpu         ] GC(6) User=0.02s Sys=0.00s Real=0.02s
[822.560s][info][gc,start       ] GC(7) Pause Full (System.gc())
[822.560s][info][gc,phases,start] GC(7) Marking Phase
[822.568s][info][gc,phases      ] GC(7) Marking Phase 8.392ms
[822.568s][info][gc,phases,start] GC(7) Summary Phase
[822.568s][info][gc,phases      ] GC(7) Summary Phase 0.010ms
[822.568s][info][gc,phases,start] GC(7) Forward
[822.569s][info][gc,phases      ] GC(7) Forward 0.436ms
[822.569s][info][gc,phases,start] GC(7) Adjust Pointers
[822.573s][info][gc,phases      ] GC(7) Adjust Pointers 4.103ms
[822.573s][info][gc,phases,start] GC(7) Compaction Phase
[822.574s][info][gc,phases      ] GC(7) Compaction Phase 1.334ms
[822.574s][info][gc,phases,start] GC(7) Post Compact
[822.574s][info][gc,phases      ] GC(7) Post Compact 0.142ms
[822.574s][info][gc,heap        ] GC(7) PSYoungGen: 37700K(76288K)->0K(76288K) Eden: 37700K(65536K)->0K(65536K) From: 0K(10752K)->0K(10752K)
[822.574s][info][gc,heap        ] GC(7) ParOldGen: 8051K(175104K)->8053K(175104K)
[822.574s][info][gc,metaspace   ] GC(7) Metaspace: 13516K(13696K)->13516K(13696K) NonClass: 12254K(12352K)->12254K(12352K) Class: 1261K(1344K)->1261K(1344K)
[822.574s][info][gc             ] GC(7) Pause Full (System.gc()) 44M->7M(245M) 14.666ms
[822.574s][info][gc,cpu         ] GC(7) User=0.02s Sys=0.00s Real=0.01s
[958.854s][info][gc,start       ] GC(8) Pause Full (System.gc())
[958.854s][info][gc,phases,start] GC(8) Marking Phase
[958.868s][info][gc,phases      ] GC(8) Marking Phase 14.223ms
[958.868s][info][gc,phases,start] GC(8) Summary Phase
[958.868s][info][gc,phases      ] GC(8) Summary Phase 0.029ms
[958.868s][info][gc,phases,start] GC(8) Forward
[958.869s][info][gc,phases      ] GC(8) Forward 0.979ms
[958.869s][info][gc,phases,start] GC(8) Adjust Pointers
[958.877s][info][gc,phases      ] GC(8) Adjust Pointers 7.385ms
[958.877s][info][gc,phases,start] GC(8) Compaction Phase
[958.878s][info][gc,phases      ] GC(8) Compaction Phase 1.852ms
[958.878s][info][gc,phases,start] GC(8) Post Compact
[958.879s][info][gc,phases      ] GC(8) Post Compact 0.188ms
[958.879s][info][gc,heap        ] GC(8) PSYoungGen: 37496K(76288K)->0K(76288K) Eden: 37496K(65536K)->0K(65536K) From: 0K(10752K)->0K(10752K)
[958.879s][info][gc,heap        ] GC(8) ParOldGen: 8053K(175104K)->8055K(175104K)
[958.879s][info][gc,metaspace   ] GC(8) Metaspace: 13566K(13760K)->13566K(13760K) NonClass: 12304K(12416K)->12304K(12416K) Class: 1261K(1344K)->1261K(1344K)
[958.879s][info][gc             ] GC(8) Pause Full (System.gc()) 44M->7M(245M) 24.997ms
[958.879s][info][gc,cpu         ] GC(8) User=0.04s Sys=0.00s Real=0.03s
[1095.786s][info][gc,start       ] GC(9) Pause Full (System.gc())
[1095.786s][info][gc,phases,start] GC(9) Marking Phase
[1095.796s][info][gc,phases      ] GC(9) Marking Phase 10.541ms
[1095.796s][info][gc,phases,start] GC(9) Summary Phase
[1095.796s][info][gc,phases      ] GC(9) Summary Phase 0.011ms
[1095.796s][info][gc,phases,start] GC(9) Forward
[1095.797s][info][gc,phases      ] GC(9) Forward 0.443ms
[1095.797s][info][gc,phases,start] GC(9) Adjust Pointers
[1095.802s][info][gc,phases      ] GC(9) Adjust Pointers 5.164ms
[1095.802s][info][gc,phases,start] GC(9) Compaction Phase
[1095.804s][info][gc,phases      ] GC(9) Compaction Phase 1.688ms
[1095.804s][info][gc,phases,start] GC(9) Post Compact
[1095.804s][info][gc,phases      ] GC(9) Post Compact 0.155ms
[1095.804s][info][gc,heap        ] GC(9) PSYoungGen: 37257K(76288K)->0K(76288K) Eden: 37257K(65536K)->0K(65536K) From: 0K(10752K)->0K(10752K)
[1095.804s][info][gc,heap        ] GC(9) ParOldGen: 8055K(175104K)->8056K(175104K)
[1095.804s][info][gc,metaspace   ] GC(9) Metaspace: 13590K(13760K)->13590K(13760K) NonClass: 12328K(12416K)->12328K(12416K) Class: 1261K(1344K)->1261K(1344K)
[1095.804s][info][gc             ] GC(9) Pause Full (System.gc()) 44M->7M(245M) 18.294ms
[1095.804s][info][gc,cpu         ] GC(9) User=0.03s Sys=0.00s Real=0.02s
[1232.436s][info][gc,start       ] GC(10) Pause Full (System.gc())
[1232.436s][info][gc,phases,start] GC(10) Marking Phase
[1232.454s][info][gc,phases      ] GC(10) Marking Phase 17.569ms
[1232.454s][info][gc,phases,start] GC(10) Summary Phase
[1232.454s][info][gc,phases      ] GC(10) Summary Phase 0.018ms
[1232.454s][info][gc,phases,start] GC(10) Forward
[1232.456s][info][gc,phases      ] GC(10) Forward 1.683ms
[1232.456s][info][gc,phases,start] GC(10) Adjust Pointers
[1232.460s][info][gc,phases      ] GC(10) Adjust Pointers 4.797ms
[1232.461s][info][gc,phases,start] GC(10) Compaction Phase
[1232.463s][info][gc,phases      ] GC(10) Compaction Phase 2.184ms
[1232.463s][info][gc,phases,start] GC(10) Post Compact
[1232.463s][info][metaspace      ] ChkMgr @0x00007fb6d403aa80 (non-class-space): : reclaiming memory...
[1232.463s][info][metaspace      ] ChkMgr @0x00007fb6d403aa80 (non-class-space): nothing reclaimed.
[1232.463s][info][metaspace      ] ChkMgr @0x00007fb6d403a890 (class-space): : reclaiming memory...
[1232.463s][info][metaspace      ] ChkMgr @0x00007fb6d403a890 (class-space): nothing reclaimed.
[1232.463s][info][gc,phases      ] GC(10) Post Compact 0.224ms
[1232.463s][info][gc,heap        ] GC(10) PSYoungGen: 37167K(76288K)->0K(76288K) Eden: 37167K(65536K)->0K(65536K) From: 0K(10752K)->0K(10752K)
[1232.463s][info][gc,heap        ] GC(10) ParOldGen: 8056K(175104K)->7833K(175104K)
[1232.463s][info][gc,metaspace   ] GC(10) Metaspace: 13637K(13760K)->13615K(13760K) NonClass: 12375K(12416K)->12353K(12416K) Class: 1261K(1344K)->1261K(1344K)
[1232.463s][info][gc             ] GC(10) Pause Full (System.gc()) 44M->7M(245M) 26.804ms
[1232.463s][info][gc,cpu         ] GC(10) User=0.04s Sys=0.00s Real=0.02s
[1369.204s][info][gc,start       ] GC(11) Pause Full (System.gc())
[1369.204s][info][gc,phases,start] GC(11) Marking Phase
[1369.215s][info][gc,phases      ] GC(11) Marking Phase 10.396ms
[1369.215s][info][gc,phases,start] GC(11) Summary Phase
[1369.215s][info][gc,phases      ] GC(11) Summary Phase 0.011ms
[1369.215s][info][gc,phases,start] GC(11) Forward
[1369.217s][info][gc,phases      ] GC(11) Forward 1.936ms
[1369.217s][info][gc,phases,start] GC(11) Adjust Pointers
[1369.222s][info][gc,phases      ] GC(11) Adjust Pointers 5.263ms
[1369.222s][info][gc,phases,start] GC(11) Compaction Phase
[1369.225s][info][gc,phases      ] GC(11) Compaction Phase 2.837ms
[1369.225s][info][gc,phases,start] GC(11) Post Compact
[1369.225s][info][gc,phases      ] GC(11) Post Compact 0.222ms
[1369.225s][info][gc,heap        ] GC(11) PSYoungGen: 37050K(76288K)->0K(76288K) Eden: 37050K(65536K)->0K(65536K) From: 0K(10752K)->0K(10752K)
[1369.225s][info][gc,heap        ] GC(11) ParOldGen: 7833K(175104K)->7833K(175104K)
[1369.225s][info][gc,metaspace   ] GC(11) Metaspace: 13650K(13824K)->13650K(13824K) NonClass: 12388K(12480K)->12388K(12480K) Class: 1261K(1344K)->1261K(1344K)
[1369.225s][info][gc             ] GC(11) Pause Full (System.gc()) 43M->7M(245M) 20.997ms
[1369.225s][info][gc,cpu         ] GC(11) User=0.03s Sys=0.00s Real=0.02s
[1506.200s][info][gc,start       ] GC(12) Pause Full (System.gc())
[1506.200s][info][gc,phases,start] GC(12) Marking Phase
[1506.208s][info][gc,phases      ] GC(12) Marking Phase 8.649ms
[1506.208s][info][gc,phases,start] GC(12) Summary Phase
[1506.208s][info][gc,phases      ] GC(12) Summary Phase 0.010ms
[1506.208s][info][gc,phases,start] GC(12) Forward
[1506.209s][info][gc,phases      ] GC(12) Forward 0.852ms
[1506.209s][info][gc,phases,start] GC(12) Adjust Pointers
[1506.214s][info][gc,phases      ] GC(12) Adjust Pointers 4.621ms
[1506.214s][info][gc,phases,start] GC(12) Compaction Phase
[1506.215s][info][gc,phases      ] GC(12) Compaction Phase 1.321ms
[1506.215s][info][gc,phases,start] GC(12) Post Compact
[1506.216s][info][gc,phases      ] GC(12) Post Compact 0.143ms
[1506.216s][info][gc,heap        ] GC(12) PSYoungGen: 37015K(76288K)->0K(76288K) Eden: 37015K(65536K)->0K(65536K) From: 0K(10752K)->0K(10752K)
[1506.216s][info][gc,heap        ] GC(12) ParOldGen: 7833K(175104K)->7834K(175104K)
[1506.216s][info][gc,metaspace   ] GC(12) Metaspace: 13685K(13824K)->13685K(13824K) NonClass: 12423K(12480K)->12423K(12480K) Class: 1261K(1344K)->1261K(1344K)
[1506.216s][info][gc             ] GC(12) Pause Full (System.gc()) 43M->7M(245M) 15.835ms
[1506.216s][info][gc,cpu         ] GC(12) User=0.02s Sys=0.00s Real=0.01s
[1506.221s][info][gc,heap,exit   ] Heap
[1506.221s][info][gc,heap,exit   ]  PSYoungGen      total 76288K, used 1139K [0x00000000eba00000, 0x00000000f4f00000, 0x0000000100000000)
[1506.221s][info][gc,heap,exit   ]   eden space 65536K, 1% used [0x00000000eba00000,0x00000000ebb1cd70,0x00000000efa00000)
[1506.221s][info][gc,heap,exit   ]   from space 10752K, 0% used [0x00000000f0480000,0x00000000f0480000,0x00000000f0f00000)
[1506.221s][info][gc,heap,exit   ]   to   space 10752K, 0% used [0x00000000efa00000,0x00000000efa00000,0x00000000f0480000)
[1506.221s][info][gc,heap,exit   ]  ParOldGen       total 175104K, used 7834K [0x00000000c2e00000, 0x00000000cd900000, 0x00000000eba00000)
[1506.221s][info][gc,heap,exit   ]   object space 175104K, 4% used [0x00000000c2e00000,0x00000000c35a6930,0x00000000cd900000)
[1506.221s][info][gc,heap,exit   ]  Metaspace       used 13687K, committed 13824K, reserved 1114112K
[1506.221s][info][gc,heap,exit   ]   class space    used 1261K, committed 1344K, reserved 1048576K
