[0.002s][info][metaspace]  - commit_granule_bytes: 65536.
[0.002s][info][metaspace]  - commit_granule_words: 8192.
[0.002s][info][metaspace]  - virtual_space_node_default_size: 8388608.
[0.002s][info][metaspace]  - enlarge_chunks_in_place: 1.
[0.005s][info][gc,init  ] CardTable entry size: 512
[0.005s][info][gc       ] Using Parallel
[0.006s][info][gc,init  ] Version: 24-internal-adhoc.root.jdk (release)
[0.006s][info][gc,init  ] CPUs: 2 total, 2 available
[0.006s][info][gc,init  ] Memory: 3908M
[0.006s][info][gc,init  ] Large Page Support: Disabled
[0.006s][info][gc,init  ] NUMA Support: Disabled
[0.006s][info][gc,init  ] Compressed Oops: Enabled (32-bit)
[0.006s][info][gc,init  ] Alignments: Space 512K, Generation 512K, Heap 2M
[0.006s][info][gc,init  ] Heap Min Capacity: 256M
[0.006s][info][gc,init  ] Heap Initial Capacity: 256M
[0.006s][info][gc,init  ] Heap Max Capacity: 978M
[0.006s][info][gc,init  ] Pre-touch: Disabled
[0.006s][info][gc,init  ] Parallel Workers: 2
[0.025s][info][gc,metaspace] CDS archive(s) mapped at: [0x00007f1f1a000000-0x00007f1f1adc0000-0x00007f1f1adc0000), size 14417920, SharedBaseAddress: 0x00007f1f1a000000, ArchiveRelocationMode: 1.
[0.025s][info][gc,metaspace] Compressed class space mapped at: 0x00007f1f1b000000-0x00007f1f5b000000, reserved size: 1073741824
[0.025s][info][gc,metaspace] UseCompressedClassPointers 1, UseCompactObjectHeaders 0
[0.025s][info][gc,metaspace] Narrow klass pointer bits 32, Max shift 3
[0.025s][info][gc,metaspace] Narrow klass base: 0x00007f1f1a000000, Narrow klass shift: 0
[0.025s][info][gc,metaspace] Encoding Range: [0x00007f1f1a000000 - 0x00007f201a000000), (4294967296 bytes)
[0.025s][info][gc,metaspace] Klass Range:    [0x00007f1f1a000000 - 0x00007f1f5b000000), (1090519040 bytes)
[0.025s][info][gc,metaspace] Klass ID Range:  [8 - 1090519033) (1090519025)
[0.445s][info][gc,start    ] GC(0) Pause Young (Allocation Failure)
[0.449s][info][gc,heap     ] GC(0) PSYoungGen: 65536K(76288K)->1920K(76288K) Eden: 65536K(65536K)->0K(65536K) From: 0K(10752K)->1920K(10752K)
[0.449s][info][gc,heap     ] GC(0) ParOldGen: 1157K(175104K)->1165K(175104K)
[0.449s][info][gc,metaspace] GC(0) Metaspace: 2611K(2752K)->2611K(2752K) NonClass: 2414K(2496K)->2414K(2496K) Class: 197K(256K)->197K(256K)
[0.449s][info][gc          ] GC(0) Pause Young (Allocation Failure) 65M->3M(245M) 3.534ms
[0.449s][info][gc,cpu      ] GC(0) User=0.00s Sys=0.00s Real=0.00s
[0.552s][info][gc,start    ] GC(1) Pause Young (Allocation Failure)
[0.558s][info][gc,heap     ] GC(1) PSYoungGen: 67446K(76288K)->2130K(76288K) Eden: 65525K(65536K)->0K(65536K) From: 1920K(10752K)->2130K(10752K)
[0.558s][info][gc,heap     ] GC(1) ParOldGen: 1165K(175104K)->1173K(175104K)
[0.558s][info][gc,metaspace] GC(1) Metaspace: 2632K(2752K)->2632K(2752K) NonClass: 2435K(2496K)->2435K(2496K) Class: 197K(256K)->197K(256K)
[0.558s][info][gc          ] GC(1) Pause Young (Allocation Failure) 67M->3M(245M) 6.418ms
[0.558s][info][gc,cpu      ] GC(1) User=0.01s Sys=0.00s Real=0.01s
[1.074s][info][gc,start    ] GC(2) Pause Young (Allocation Failure)
[1.082s][info][gc,heap     ] GC(2) PSYoungGen: 67666K(76288K)->5694K(76288K) Eden: 65536K(65536K)->0K(65536K) From: 2130K(10752K)->5694K(10752K)
[1.082s][info][gc,heap     ] GC(2) ParOldGen: 1173K(175104K)->1181K(175104K)
[1.082s][info][gc,metaspace] GC(2) Metaspace: 9375K(9536K)->9375K(9536K) NonClass: 7477K(7552K)->7477K(7552K) Class: 1897K(1984K)->1897K(1984K)
[1.082s][info][gc          ] GC(2) Pause Young (Allocation Failure) 67M->6M(245M) 7.793ms
[1.082s][info][gc,cpu      ] GC(2) User=0.01s Sys=0.01s Real=0.01s
[1.175s][info][gc,start    ] GC(3) Pause Young (Allocation Failure)
[1.184s][info][gc,heap     ] GC(3) PSYoungGen: 71230K(76288K)->7453K(141824K) Eden: 65536K(65536K)->0K(131072K) From: 5694K(10752K)->7453K(10752K)
[1.185s][info][gc,heap     ] GC(3) ParOldGen: 1181K(175104K)->1189K(175104K)
[1.185s][info][gc,metaspace] GC(3) Metaspace: 9440K(9664K)->9440K(9664K) NonClass: 7541K(7680K)->7541K(7680K) Class: 1899K(1984K)->1899K(1984K)
[1.185s][info][gc          ] GC(3) Pause Young (Allocation Failure) 70M->8M(309M) 9.623ms
[1.185s][info][gc,cpu      ] GC(3) User=0.01s Sys=0.01s Real=0.01s
[1.372s][info][gc,start    ] GC(4) Pause Young (Allocation Failure)
[1.389s][info][gc,heap     ] GC(4) PSYoungGen: 138525K(141824K)->10301K(141824K) Eden: 131072K(131072K)->0K(131072K) From: 7453K(10752K)->10301K(10752K)
[1.389s][info][gc,heap     ] GC(4) ParOldGen: 1189K(175104K)->1197K(175104K)
[1.389s][info][gc,metaspace] GC(4) Metaspace: 9495K(9664K)->9495K(9664K) NonClass: 7595K(7680K)->7595K(7680K) Class: 1899K(1984K)->1899K(1984K)
[1.389s][info][gc          ] GC(4) Pause Young (Allocation Failure) 136M->11M(309M) 16.560ms
[1.389s][info][gc,cpu      ] GC(4) User=0.02s Sys=0.01s Real=0.02s
[1.501s][info][gc,start    ] GC(5) Pause Young (Allocation Failure)
[1.524s][info][gc,heap     ] GC(5) PSYoungGen: 141373K(141824K)->12270K(271360K) Eden: 131072K(131072K)->0K(259072K) From: 10301K(10752K)->12270K(12288K)
[1.524s][info][gc,heap     ] GC(5) ParOldGen: 1197K(175104K)->2261K(175104K)
[1.524s][info][gc,metaspace] GC(5) Metaspace: 9504K(9728K)->9504K(9728K) NonClass: 7604K(7744K)->7604K(7744K) Class: 1899K(1984K)->1899K(1984K)
[1.524s][info][gc          ] GC(5) Pause Young (Allocation Failure) 139M->14M(436M) 22.943ms
[1.524s][info][gc,cpu      ] GC(5) User=0.04s Sys=0.00s Real=0.02s
[2.713s][info][metaspace   ] ChkMgr @0x00007f1f7803aa80 (non-class-space): failed to commit 131 words on chunk @0x00007f1f78629458, f, base 0x00007f1f11130000, level lv10.
[2.713s][info][metaspace   ] Arena @0x00007f1f78121060 (non-class arena): failed to allocate new chunk for requested word size 131.
[2.713s][info][metaspace   ] Arena @0x00007f1f78121060 (non-class arena): allocation failed, returned null.
[2.713s][info][metaspace   ] ChkMgr @0x00007f1f7803aa80 (non-class-space): failed to commit 131 words on chunk @0x00007f1f78629458, f, base 0x00007f1f11130000, level lv10.
[2.713s][info][metaspace   ] Arena @0x00007f1f78121060 (non-class arena): failed to allocate new chunk for requested word size 131.
[2.713s][info][metaspace   ] Arena @0x00007f1f78121060 (non-class arena): allocation failed, returned null.
[2.713s][info][metaspace   ] ChkMgr @0x00007f1f7803aa80 (non-class-space): failed to commit 131 words on chunk @0x00007f1f78629458, f, base 0x00007f1f11130000, level lv10.
[2.713s][info][metaspace   ] Arena @0x00007f1f78121060 (non-class arena): failed to allocate new chunk for requested word size 131.
[2.713s][info][metaspace   ] Arena @0x00007f1f78121060 (non-class arena): allocation failed, returned null.
[2.713s][info][gc,start    ] GC(6) Pause Full (Metadata GC Threshold)
[2.713s][info][gc,phases,start] GC(6) Marking Phase
[2.741s][info][gc,phases      ] GC(6) Marking Phase 27.370ms
[2.741s][info][gc,phases,start] GC(6) Summary Phase
[2.741s][info][gc,phases      ] GC(6) Summary Phase 0.013ms
[2.741s][info][gc,phases,start] GC(6) Forward
[2.748s][info][gc,phases      ] GC(6) Forward 7.526ms
[2.748s][info][gc,phases,start] GC(6) Adjust Pointers
[2.762s][info][gc,phases      ] GC(6) Adjust Pointers 13.212ms
[2.762s][info][gc,phases,start] GC(6) Compaction Phase
[2.777s][info][gc,phases      ] GC(6) Compaction Phase 15.013ms
[2.777s][info][gc,phases,start] GC(6) Post Compact
[2.780s][info][metaspace      ] ChkMgr @0x00007f1f7803aa80 (non-class-space): : reclaiming memory...
[2.780s][info][metaspace      ] ChkMgr @0x00007f1f7803aa80 (non-class-space): nothing reclaimed.
[2.780s][info][metaspace      ] ChkMgr @0x00007f1f7803a890 (class-space): : reclaiming memory...
[2.780s][info][metaspace      ] ChkMgr @0x00007f1f7803a890 (class-space): nothing reclaimed.
[2.781s][info][gc,phases      ] GC(6) Post Compact 3.724ms
[2.781s][info][gc,heap        ] GC(6) PSYoungGen: 198029K(271360K)->0K(271360K) Eden: 185758K(259072K)->0K(259072K) From: 12270K(12288K)->0K(12288K)
[2.781s][info][gc,heap        ] GC(6) ParOldGen: 2261K(175104K)->20356K(175104K)
[2.781s][info][gc,metaspace   ] GC(6) Metaspace: 21257K(21504K)->21212K(21504K) NonClass: 16510K(16640K)->16467K(16640K) Class: 4747K(4864K)->4745K(4864K)
[2.781s][info][gc             ] GC(6) Pause Full (Metadata GC Threshold) 195M->19M(436M) 67.320ms
[2.781s][info][gc,cpu         ] GC(6) User=0.09s Sys=0.03s Real=0.07s
[4.127s][info][gc,start       ] GC(7) Pause Young (Allocation Failure)
[4.133s][info][gc,heap        ] GC(7) PSYoungGen: 259072K(271360K)->2860K(274432K) Eden: 259072K(259072K)->0K(259072K) From: 0K(12288K)->2860K(15360K)
[4.133s][info][gc,heap        ] GC(7) ParOldGen: 20356K(175104K)->20364K(175104K)
[4.133s][info][gc,metaspace   ] GC(7) Metaspace: 26374K(26880K)->26374K(26880K) NonClass: 21001K(21376K)->21001K(21376K) Class: 5372K(5504K)->5372K(5504K)
[4.133s][info][gc             ] GC(7) Pause Young (Allocation Failure) 272M->22M(439M) 6.313ms
[4.133s][info][gc,cpu         ] GC(7) User=0.01s Sys=0.00s Real=0.00s
[5.423s][info][gc,start       ] GC(8) Pause Young (Allocation Failure)
[5.432s][info][gc,heap        ] GC(8) PSYoungGen: 261932K(274432K)->5634K(316416K) Eden: 259072K(259072K)->0K(303104K) From: 2860K(15360K)->5634K(13312K)
[5.432s][info][gc,heap        ] GC(8) ParOldGen: 20364K(175104K)->20364K(175104K)
[5.432s][info][gc,metaspace   ] GC(8) Metaspace: 32709K(33280K)->32709K(33280K) NonClass: 26507K(26880K)->26507K(26880K) Class: 6201K(6400K)->6201K(6400K)
[5.432s][info][gc             ] GC(8) Pause Young (Allocation Failure) 275M->25M(480M) 9.610ms
[5.432s][info][gc,cpu         ] GC(8) User=0.01s Sys=0.00s Real=0.01s
[6.624s][info][gc,start       ] GC(9) Pause Young (Allocation Failure)
[6.633s][info][gc,heap        ] GC(9) PSYoungGen: 308738K(316416K)->5512K(317440K) Eden: 303104K(303104K)->0K(303104K) From: 5634K(13312K)->5512K(14336K)
[6.633s][info][gc,heap        ] GC(9) ParOldGen: 20364K(175104K)->20364K(175104K)
[6.633s][info][gc,metaspace   ] GC(9) Metaspace: 32714K(33280K)->32714K(33280K) NonClass: 26512K(26880K)->26512K(26880K) Class: 6201K(6400K)->6201K(6400K)
[6.633s][info][gc             ] GC(9) Pause Young (Allocation Failure) 321M->25M(481M) 8.742ms
[6.633s][info][gc,cpu         ] GC(9) User=0.02s Sys=0.01s Real=0.01s
[6.908s][info][gc,start       ] GC(10) Pause Young (Allocation Failure)
[6.917s][info][gc,heap        ] GC(10) PSYoungGen: 308616K(317440K)->64K(318976K) Eden: 303104K(303104K)->0K(305664K) From: 5512K(14336K)->64K(13312K)
[6.917s][info][gc,heap        ] GC(10) ParOldGen: 20364K(175104K)->25850K(175104K)
[6.917s][info][gc,metaspace   ] GC(10) Metaspace: 32714K(33280K)->32714K(33280K) NonClass: 26512K(26880K)->26512K(26880K) Class: 6201K(6400K)->6201K(6400K)
[6.917s][info][gc             ] GC(10) Pause Young (Allocation Failure) 321M->25M(482M) 9.135ms
[6.917s][info][gc,cpu         ] GC(10) User=0.01s Sys=0.00s Real=0.01s
[7.196s][info][gc,start       ] GC(11) Pause Young (Allocation Failure)
[7.197s][info][gc,heap        ] GC(11) PSYoungGen: 305728K(318976K)->64K(319488K) Eden: 305664K(305664K)->0K(305664K) From: 64K(13312K)->64K(13824K)
[7.197s][info][gc,heap        ] GC(11) ParOldGen: 25850K(175104K)->25866K(175104K)
[7.197s][info][gc,metaspace   ] GC(11) Metaspace: 32714K(33280K)->32714K(33280K) NonClass: 26512K(26880K)->26512K(26880K) Class: 6201K(6400K)->6201K(6400K)
[7.197s][info][gc             ] GC(11) Pause Young (Allocation Failure) 323M->25M(483M) 0.876ms
[7.197s][info][gc,cpu         ] GC(11) User=0.00s Sys=0.00s Real=0.00s
[8.149s][info][gc,start       ] GC(12) Pause Young (Allocation Failure)
[8.150s][info][gc,heap        ] GC(12) PSYoungGen: 305728K(319488K)->64K(320000K) Eden: 305664K(305664K)->0K(306176K) From: 64K(13824K)->64K(13824K)
[8.150s][info][gc,heap        ] GC(12) ParOldGen: 25866K(175104K)->25866K(175104K)
[8.150s][info][gc,metaspace   ] GC(12) Metaspace: 32841K(33408K)->32841K(33408K) NonClass: 26639K(27008K)->26639K(27008K) Class: 6201K(6400K)->6201K(6400K)
[8.150s][info][gc             ] GC(12) Pause Young (Allocation Failure) 323M->25M(483M) 1.068ms
[8.150s][info][gc,cpu         ] GC(12) User=0.00s Sys=0.00s Real=0.00s
[8.229s][info][gc,start       ] GC(13) Pause Young (Allocation Failure)
[8.230s][info][gc,heap        ] GC(13) PSYoungGen: 306240K(320000K)->32K(320000K) Eden: 306176K(306176K)->0K(306176K) From: 64K(13824K)->32K(13824K)
[8.230s][info][gc,heap        ] GC(13) ParOldGen: 25866K(175104K)->25882K(175104K)
[8.230s][info][gc,metaspace   ] GC(13) Metaspace: 32841K(33408K)->32841K(33408K) NonClass: 26639K(27008K)->26639K(27008K) Class: 6201K(6400K)->6201K(6400K)
[8.230s][info][gc             ] GC(13) Pause Young (Allocation Failure) 324M->25M(483M) 1.031ms
[8.231s][info][gc,cpu         ] GC(13) User=0.00s Sys=0.00s Real=0.00s
[8.346s][info][gc,start       ] GC(14) Pause Young (Allocation Failure)
[8.347s][info][gc,heap        ] GC(14) PSYoungGen: 306208K(320000K)->64K(318976K) Eden: 306176K(306176K)->0K(306176K) From: 32K(13824K)->64K(12800K)
[8.347s][info][gc,heap        ] GC(14) ParOldGen: 25882K(175104K)->25882K(175104K)
[8.347s][info][gc,metaspace   ] GC(14) Metaspace: 32847K(33408K)->32847K(33408K) NonClass: 26646K(27008K)->26646K(27008K) Class: 6201K(6400K)->6201K(6400K)
[8.347s][info][gc             ] GC(14) Pause Young (Allocation Failure) 324M->25M(482M) 1.043ms
[8.347s][info][gc,cpu         ] GC(14) User=0.00s Sys=0.00s Real=0.00s
[8.656s][info][gc,start       ] GC(15) Pause Young (Allocation Failure)
[8.657s][info][gc,heap        ] GC(15) PSYoungGen: 306240K(318976K)->32K(319488K) Eden: 306176K(306176K)->0K(306176K) From: 64K(12800K)->32K(13312K)
[8.658s][info][gc,heap        ] GC(15) ParOldGen: 25882K(175104K)->25898K(175104K)
[8.658s][info][gc,metaspace   ] GC(15) Metaspace: 32847K(33408K)->32847K(33408K) NonClass: 26646K(27008K)->26646K(27008K) Class: 6201K(6400K)->6201K(6400K)
[8.658s][info][gc             ] GC(15) Pause Young (Allocation Failure) 324M->25M(483M) 1.737ms
[8.658s][info][gc,cpu         ] GC(15) User=0.00s Sys=0.00s Real=0.00s
[9.025s][info][gc,start       ] GC(16) Pause Young (Allocation Failure)
[9.028s][info][gc,heap        ] GC(16) PSYoungGen: 306208K(319488K)->64K(320512K) Eden: 306176K(306176K)->0K(307712K) From: 32K(13312K)->64K(12800K)
[9.028s][info][gc,heap        ] GC(16) ParOldGen: 25898K(175104K)->25898K(175104K)
[9.028s][info][gc,metaspace   ] GC(16) Metaspace: 32906K(33536K)->32906K(33536K) NonClass: 26704K(27136K)->26704K(27136K) Class: 6201K(6400K)->6201K(6400K)
[9.028s][info][gc             ] GC(16) Pause Young (Allocation Failure) 324M->25M(484M) 2.658ms
[9.028s][info][gc,cpu         ] GC(16) User=0.01s Sys=0.00s Real=0.00s
[9.213s][info][gc,start       ] GC(17) Pause Young (Allocation Failure)
[9.214s][info][gc,heap        ] GC(17) PSYoungGen: 307776K(320512K)->64K(295936K) Eden: 307712K(307712K)->0K(295424K) From: 64K(12800K)->64K(512K)
[9.214s][info][gc,heap        ] GC(17) ParOldGen: 25898K(175104K)->25914K(175104K)
[9.214s][info][gc,metaspace   ] GC(17) Metaspace: 32906K(33536K)->32906K(33536K) NonClass: 26704K(27136K)->26704K(27136K) Class: 6201K(6400K)->6201K(6400K)
[9.214s][info][gc             ] GC(17) Pause Young (Allocation Failure) 325M->25M(460M) 1.038ms
[9.214s][info][gc,cpu         ] GC(17) User=0.00s Sys=0.00s Real=0.00s
[9.467s][info][gc,start       ] GC(18) Pause Young (Allocation Failure)
[9.468s][info][gc,heap        ] GC(18) PSYoungGen: 295488K(295936K)->64K(284160K) Eden: 295424K(295424K)->0K(283648K) From: 64K(512K)->64K(512K)
[9.468s][info][gc,heap        ] GC(18) ParOldGen: 25914K(175104K)->25914K(175104K)
[9.468s][info][gc,metaspace   ] GC(18) Metaspace: 32906K(33536K)->32906K(33536K) NonClass: 26704K(27136K)->26704K(27136K) Class: 6201K(6400K)->6201K(6400K)
[9.468s][info][gc             ] GC(18) Pause Young (Allocation Failure) 313M->25M(448M) 0.972ms
[9.468s][info][gc,cpu         ] GC(18) User=0.00s Sys=0.00s Real=0.00s
[10.300s][info][gc,start       ] GC(19) Pause Young (Allocation Failure)
[10.301s][info][gc,heap        ] GC(19) PSYoungGen: 283712K(284160K)->64K(284160K) Eden: 283648K(283648K)->0K(272384K) From: 64K(512K)->64K(11776K)
[10.301s][info][gc,heap        ] GC(19) ParOldGen: 25914K(175104K)->25922K(175104K)
[10.301s][info][gc,metaspace   ] GC(19) Metaspace: 32912K(33536K)->32912K(33536K) NonClass: 26711K(27136K)->26711K(27136K) Class: 6201K(6400K)->6201K(6400K)
[10.301s][info][gc             ] GC(19) Pause Young (Allocation Failure) 302M->25M(448M) 0.736ms
[10.301s][info][gc,cpu         ] GC(19) User=0.00s Sys=0.00s Real=0.00s
[11.190s][info][gc,start       ] GC(20) Pause Young (Allocation Failure)
[11.191s][info][gc,heap        ] GC(20) PSYoungGen: 272448K(284160K)->64K(262144K) Eden: 272384K(272384K)->0K(261632K) From: 64K(11776K)->64K(512K)
[11.191s][info][gc,heap        ] GC(20) ParOldGen: 25922K(175104K)->25938K(175104K)
[11.191s][info][gc,metaspace   ] GC(20) Metaspace: 32947K(33536K)->32947K(33536K) NonClass: 26746K(27136K)->26746K(27136K) Class: 6201K(6400K)->6201K(6400K)
[11.191s][info][gc             ] GC(20) Pause Young (Allocation Failure) 291M->25M(427M) 1.292ms
[11.191s][info][gc,cpu         ] GC(20) User=0.00s Sys=0.00s Real=0.00s
[12.566s][info][gc,start       ] GC(21) Pause Young (Allocation Failure)
[12.567s][info][gc,heap        ] GC(21) PSYoungGen: 261696K(262144K)->64K(262144K) Eden: 261632K(261632K)->0K(251392K) From: 64K(512K)->64K(10752K)
[12.567s][info][gc,heap        ] GC(21) ParOldGen: 25938K(175104K)->25946K(175104K)
[12.567s][info][gc,metaspace   ] GC(21) Metaspace: 32973K(33600K)->32973K(33600K) NonClass: 26772K(27200K)->26772K(27200K) Class: 6201K(6400K)->6201K(6400K)
[12.567s][info][gc             ] GC(21) Pause Young (Allocation Failure) 280M->25M(427M) 0.779ms
[12.567s][info][gc,cpu         ] GC(21) User=0.00s Sys=0.00s Real=0.00s
[13.032s][info][gc,start       ] GC(22) Pause Young (Allocation Failure)
[13.034s][info][gc,heap        ] GC(22) PSYoungGen: 251456K(262144K)->64K(242176K) Eden: 251392K(251392K)->0K(241664K) From: 64K(10752K)->64K(512K)
[13.034s][info][gc,heap        ] GC(22) ParOldGen: 25946K(175104K)->25954K(175104K)
[13.034s][info][gc,metaspace   ] GC(22) Metaspace: 32974K(33600K)->32974K(33600K) NonClass: 26773K(27200K)->26773K(27200K) Class: 6201K(6400K)->6201K(6400K)
[13.034s][info][gc             ] GC(22) Pause Young (Allocation Failure) 270M->25M(407M) 1.526ms
[13.034s][info][gc,cpu         ] GC(22) User=0.00s Sys=0.00s Real=0.00s
[13.775s][info][gc,start       ] GC(23) Pause Young (Allocation Failure)
[13.776s][info][gc,heap        ] GC(23) PSYoungGen: 241728K(242176K)->64K(242176K) Eden: 241664K(241664K)->0K(232448K) From: 64K(512K)->64K(9728K)
[13.776s][info][gc,heap        ] GC(23) ParOldGen: 25954K(175104K)->25962K(175104K)
[13.776s][info][gc,metaspace   ] GC(23) Metaspace: 32995K(33600K)->32995K(33600K) NonClass: 26794K(27200K)->26794K(27200K) Class: 6201K(6400K)->6201K(6400K)
[13.776s][info][gc             ] GC(23) Pause Young (Allocation Failure) 261M->25M(407M) 1.013ms
[13.776s][info][gc,cpu         ] GC(23) User=0.00s Sys=0.00s Real=0.00s
[15.828s][info][gc,start       ] GC(24) Pause Young (Allocation Failure)
[15.830s][info][gc,heap        ] GC(24) PSYoungGen: 232512K(242176K)->64K(224256K) Eden: 232448K(232448K)->0K(223744K) From: 64K(9728K)->64K(512K)
[15.830s][info][gc,heap        ] GC(24) ParOldGen: 25962K(175104K)->25970K(175104K)
[15.830s][info][gc,metaspace   ] GC(24) Metaspace: 33050K(33664K)->33050K(33664K) NonClass: 26848K(27264K)->26848K(27264K) Class: 6201K(6400K)->6201K(6400K)
[15.830s][info][gc             ] GC(24) Pause Young (Allocation Failure) 252M->25M(390M) 1.831ms
[15.830s][info][gc,cpu         ] GC(24) User=0.00s Sys=0.00s Real=0.00s
[16.859s][info][gc,start       ] GC(25) Pause Young (Allocation Failure)
[16.860s][info][gc,heap        ] GC(25) PSYoungGen: 223808K(224256K)->64K(224256K) Eden: 223744K(223744K)->0K(215552K) From: 64K(512K)->64K(8704K)
[16.860s][info][gc,heap        ] GC(25) ParOldGen: 25970K(175104K)->25986K(175104K)
[16.860s][info][gc,metaspace   ] GC(25) Metaspace: 33208K(33856K)->33208K(33856K) NonClass: 27006K(27456K)->27006K(27456K) Class: 6201K(6400K)->6201K(6400K)
[16.860s][info][gc             ] GC(25) Pause Young (Allocation Failure) 243M->25M(390M) 1.074ms
[16.860s][info][gc,cpu         ] GC(25) User=0.01s Sys=0.00s Real=0.00s
[17.214s][info][gc,start       ] GC(26) Pause Young (Allocation Failure)
[17.216s][info][gc,heap        ] GC(26) PSYoungGen: 215616K(224256K)->64K(207872K) Eden: 215552K(215552K)->0K(207360K) From: 64K(8704K)->64K(512K)
[17.216s][info][gc,heap        ] GC(26) ParOldGen: 25986K(175104K)->26002K(175104K)
[17.216s][info][gc,metaspace   ] GC(26) Metaspace: 33229K(33856K)->33229K(33856K) NonClass: 27028K(27456K)->27028K(27456K) Class: 6201K(6400K)->6201K(6400K)
[17.216s][info][gc             ] GC(26) Pause Young (Allocation Failure) 235M->25M(374M) 1.778ms
[17.216s][info][gc,cpu         ] GC(26) User=0.01s Sys=0.00s Real=0.01s
[17.319s][info][gc,start       ] GC(27) Pause Young (Allocation Failure)
[17.319s][info][gc,heap        ] GC(27) PSYoungGen: 207424K(207872K)->32K(207360K) Eden: 207360K(207360K)->0K(199680K) From: 64K(512K)->32K(7680K)
[17.319s][info][gc,heap        ] GC(27) ParOldGen: 26002K(175104K)->26018K(175104K)
[17.319s][info][gc,metaspace   ] GC(27) Metaspace: 33229K(33856K)->33229K(33856K) NonClass: 27028K(27456K)->27028K(27456K) Class: 6201K(6400K)->6201K(6400K)
[17.319s][info][gc             ] GC(27) Pause Young (Allocation Failure) 227M->25M(373M) 0.644ms
[17.319s][info][gc,cpu         ] GC(27) User=0.00s Sys=0.00s Real=0.00s
[17.745s][info][gc,start       ] GC(28) Pause Young (Allocation Failure)
[17.746s][info][gc,heap        ] GC(28) PSYoungGen: 199712K(207360K)->64K(193024K) Eden: 199680K(199680K)->0K(192512K) From: 32K(7680K)->64K(512K)
[17.746s][info][gc,heap        ] GC(28) ParOldGen: 26018K(175104K)->26026K(175104K)
[17.746s][info][gc,metaspace   ] GC(28) Metaspace: 33277K(33920K)->33277K(33920K) NonClass: 27076K(27520K)->27076K(27520K) Class: 6201K(6400K)->6201K(6400K)
[17.746s][info][gc             ] GC(28) Pause Young (Allocation Failure) 220M->25M(359M) 1.106ms
[17.746s][info][gc,cpu         ] GC(28) User=0.00s Sys=0.00s Real=0.00s
[18.266s][info][gc,start       ] GC(29) Pause Young (Allocation Failure)
[18.267s][info][gc,heap        ] GC(29) PSYoungGen: 192576K(193024K)->64K(192000K) Eden: 192512K(192512K)->0K(185344K) From: 64K(512K)->64K(6656K)
[18.267s][info][gc,heap        ] GC(29) ParOldGen: 26026K(175104K)->26034K(175104K)
[18.267s][info][gc,metaspace   ] GC(29) Metaspace: 33277K(33920K)->33277K(33920K) NonClass: 27076K(27520K)->27076K(27520K) Class: 6201K(6400K)->6201K(6400K)
[18.267s][info][gc             ] GC(29) Pause Young (Allocation Failure) 213M->25M(358M) 1.092ms
[18.267s][info][gc,cpu         ] GC(29) User=0.00s Sys=0.00s Real=0.00s
[18.630s][info][gc,start       ] GC(30) Pause Young (Allocation Failure)
[18.631s][info][gc,heap        ] GC(30) PSYoungGen: 185408K(192000K)->96K(179200K) Eden: 185344K(185344K)->0K(178688K) From: 64K(6656K)->96K(512K)
[18.631s][info][gc,heap        ] GC(30) ParOldGen: 26034K(175104K)->26042K(175104K)
[18.631s][info][gc,metaspace   ] GC(30) Metaspace: 33435K(34048K)->33435K(34048K) NonClass: 27227K(27648K)->27227K(27648K) Class: 6208K(6400K)->6208K(6400K)
[18.631s][info][gc             ] GC(30) Pause Young (Allocation Failure) 206M->25M(346M) 1.675ms
[18.631s][info][gc,cpu         ] GC(30) User=0.00s Sys=0.00s Real=0.00s
[19.329s][info][gc,start       ] GC(31) Pause Young (Allocation Failure)
[19.337s][info][gc,heap        ] GC(31) PSYoungGen: 178784K(179200K)->5649K(178688K) Eden: 178688K(178688K)->0K(172544K) From: 96K(512K)->5649K(6144K)
[19.337s][info][gc,heap        ] GC(31) ParOldGen: 26042K(175104K)->26087K(175104K)
[19.337s][info][gc,metaspace   ] GC(31) Metaspace: 34074K(34688K)->34074K(34688K) NonClass: 27818K(28224K)->27818K(28224K) Class: 6256K(6464K)->6256K(6464K)
[19.337s][info][gc             ] GC(31) Pause Young (Allocation Failure) 200M->30M(345M) 8.875ms
[19.337s][info][gc,cpu         ] GC(31) User=0.02s Sys=0.00s Real=0.01s
[19.709s][info][gc,start       ] GC(32) Pause Young (Allocation Failure)
[19.745s][info][gc,heap        ] GC(32) PSYoungGen: 178193K(178688K)->6144K(230912K) Eden: 172544K(172544K)->0K(224768K) From: 5649K(6144K)->6144K(6144K)
[19.745s][info][gc,heap        ] GC(32) ParOldGen: 26087K(175104K)->38359K(175104K)
[19.745s][info][gc,metaspace   ] GC(32) Metaspace: 34102K(34688K)->34102K(34688K) NonClass: 27846K(28224K)->27846K(28224K) Class: 6256K(6464K)->6256K(6464K)
[19.745s][info][gc             ] GC(32) Pause Young (Allocation Failure) 199M->43M(396M) 35.505ms
[19.745s][info][gc,cpu         ] GC(32) User=0.06s Sys=0.01s Real=0.04s
[20.111s][info][gc,start       ] GC(33) Pause Young (Allocation Failure)
[20.158s][info][gc,heap        ] GC(33) PSYoungGen: 230912K(230912K)->12800K(247296K) Eden: 224768K(224768K)->0K(234496K) From: 6144K(6144K)->12800K(12800K)
[20.158s][info][gc,heap        ] GC(33) ParOldGen: 38359K(175104K)->49735K(175104K)
[20.158s][info][gc,metaspace   ] GC(33) Metaspace: 34111K(34752K)->34111K(34752K) NonClass: 27854K(28288K)->27854K(28288K) Class: 6257K(6464K)->6257K(6464K)
[20.158s][info][gc             ] GC(33) Pause Young (Allocation Failure) 262M->61M(412M) 46.731ms
[20.158s][info][gc,cpu         ] GC(33) User=0.08s Sys=0.01s Real=0.05s
[20.479s][info][gc,start       ] GC(34) Pause Young (Allocation Failure)
[20.527s][info][gc,heap        ] GC(34) PSYoungGen: 247296K(247296K)->19968K(296448K) Eden: 234496K(234496K)->0K(276480K) From: 12800K(12800K)->19968K(19968K)
[20.527s][info][gc,heap        ] GC(34) ParOldGen: 49735K(175104K)->51999K(175104K)
[20.527s][info][gc,metaspace   ] GC(34) Metaspace: 34116K(34752K)->34116K(34752K) NonClass: 27858K(28288K)->27858K(28288K) Class: 6257K(6464K)->6257K(6464K)
[20.527s][info][gc             ] GC(34) Pause Young (Allocation Failure) 290M->70M(460M) 48.334ms
[20.527s][info][gc,cpu         ] GC(34) User=0.07s Sys=0.01s Real=0.05s
[20.725s][info][gc,start       ] GC(35) Pause Young (Allocation Failure)
[20.727s][info][gc,heap        ] GC(35) PSYoungGen: 296448K(296448K)->64K(301056K) Eden: 276480K(276480K)->0K(276480K) From: 19968K(19968K)->64K(24576K)
[20.727s][info][gc,heap        ] GC(35) ParOldGen: 51999K(175104K)->52079K(175104K)
[20.727s][info][gc,metaspace   ] GC(35) Metaspace: 34124K(34752K)->34124K(34752K) NonClass: 27864K(28288K)->27864K(28288K) Class: 6259K(6464K)->6259K(6464K)
[20.727s][info][gc             ] GC(35) Pause Young (Allocation Failure) 340M->50M(465M) 1.392ms
[20.727s][info][gc,cpu         ] GC(35) User=0.00s Sys=0.00s Real=0.00s
[21.432s][info][gc,start       ] GC(36) Pause Young (Allocation Failure)
[21.433s][info][gc,heap        ] GC(36) PSYoungGen: 276544K(301056K)->64K(307712K) Eden: 276480K(276480K)->0K(285184K) From: 64K(24576K)->64K(22528K)
[21.433s][info][gc,heap        ] GC(36) ParOldGen: 52079K(175104K)->52095K(175104K)
[21.433s][info][gc,metaspace   ] GC(36) Metaspace: 34124K(34752K)->34124K(34752K) NonClass: 27864K(28288K)->27864K(28288K) Class: 6259K(6464K)->6259K(6464K)
[21.433s][info][gc             ] GC(36) Pause Young (Allocation Failure) 320M->50M(471M) 0.833ms
[21.433s][info][gc,cpu         ] GC(36) User=0.00s Sys=0.00s Real=0.00s
[22.160s][info][gc,start       ] GC(37) Pause Young (Allocation Failure)
[22.161s][info][gc,heap        ] GC(37) PSYoungGen: 285248K(307712K)->64K(308736K) Eden: 285184K(285184K)->0K(285184K) From: 64K(22528K)->64K(23552K)
[22.161s][info][gc,heap        ] GC(37) ParOldGen: 52095K(175104K)->52103K(175104K)
[22.161s][info][gc,metaspace   ] GC(37) Metaspace: 34124K(34752K)->34124K(34752K) NonClass: 27864K(28288K)->27864K(28288K) Class: 6259K(6464K)->6259K(6464K)
[22.161s][info][gc             ] GC(37) Pause Young (Allocation Failure) 329M->50M(472M) 1.059ms
[22.161s][info][gc,cpu         ] GC(37) User=0.00s Sys=0.00s Real=0.00s
[23.099s][info][gc,start       ] GC(38) Pause Young (Allocation Failure)
[23.100s][info][gc,heap        ] GC(38) PSYoungGen: 285248K(308736K)->64K(308224K) Eden: 285184K(285184K)->0K(287744K) From: 64K(23552K)->64K(20480K)
[23.100s][info][gc,heap        ] GC(38) ParOldGen: 52103K(175104K)->52119K(175104K)
[23.100s][info][gc,metaspace   ] GC(38) Metaspace: 34135K(34752K)->34135K(34752K) NonClass: 27876K(28288K)->27876K(28288K) Class: 6259K(6464K)->6259K(6464K)
[23.100s][info][gc             ] GC(38) Pause Young (Allocation Failure) 329M->50M(472M) 1.081ms
[23.100s][info][gc,cpu         ] GC(38) User=0.00s Sys=0.00s Real=0.00s
[23.363s][info][gc,start       ] GC(39) Pause Young (Allocation Failure)
[23.364s][info][gc,heap        ] GC(39) PSYoungGen: 287808K(308224K)->64K(309248K) Eden: 287744K(287744K)->0K(287744K) From: 64K(20480K)->64K(21504K)
[23.364s][info][gc,heap        ] GC(39) ParOldGen: 52119K(175104K)->52135K(175104K)
[23.364s][info][gc,metaspace   ] GC(39) Metaspace: 34135K(34752K)->34135K(34752K) NonClass: 27876K(28288K)->27876K(28288K) Class: 6259K(6464K)->6259K(6464K)
[23.364s][info][gc             ] GC(39) Pause Young (Allocation Failure) 331M->50M(473M) 1.149ms
[23.364s][info][gc,cpu         ] GC(39) User=0.00s Sys=0.00s Real=0.01s
[23.626s][info][gc,start       ] GC(40) Pause Young (Allocation Failure)
[23.627s][info][gc,heap        ] GC(40) PSYoungGen: 287808K(309248K)->32K(311296K) Eden: 287744K(287744K)->0K(291840K) From: 64K(21504K)->32K(19456K)
[23.627s][info][gc,heap        ] GC(40) ParOldGen: 52135K(175104K)->52135K(175104K)
[23.627s][info][gc,metaspace   ] GC(40) Metaspace: 34135K(34752K)->34135K(34752K) NonClass: 27876K(28288K)->27876K(28288K) Class: 6259K(6464K)->6259K(6464K)
[23.627s][info][gc             ] GC(40) Pause Young (Allocation Failure) 331M->50M(475M) 1.380ms
[23.627s][info][gc,cpu         ] GC(40) User=0.00s Sys=0.00s Real=0.00s
[24.433s][info][gc,start       ] GC(41) Pause Young (Allocation Failure)
[24.435s][info][gc,heap        ] GC(41) PSYoungGen: 291872K(311296K)->32K(311808K) Eden: 291840K(291840K)->0K(291840K) From: 32K(19456K)->32K(19968K)
[24.435s][info][gc,heap        ] GC(41) ParOldGen: 52135K(175104K)->52135K(175104K)
[24.435s][info][gc,metaspace   ] GC(41) Metaspace: 34152K(34752K)->34152K(34752K) NonClass: 27892K(28288K)->27892K(28288K) Class: 6259K(6464K)->6259K(6464K)
[24.435s][info][gc             ] GC(41) Pause Young (Allocation Failure) 335M->50M(475M) 1.323ms
[24.435s][info][gc,cpu         ] GC(41) User=0.00s Sys=0.00s Real=0.01s
[24.508s][info][gc,start       ] GC(42) Pause Young (Allocation Failure)
[24.509s][info][gc,heap        ] GC(42) PSYoungGen: 291872K(311808K)->32K(312320K) Eden: 291840K(291840K)->0K(294912K) From: 32K(19968K)->32K(17408K)
[24.509s][info][gc,heap        ] GC(42) ParOldGen: 52135K(175104K)->52151K(175104K)
[24.509s][info][gc,metaspace   ] GC(42) Metaspace: 34152K(34752K)->34152K(34752K) NonClass: 27892K(28288K)->27892K(28288K) Class: 6259K(6464K)->6259K(6464K)
[24.509s][info][gc             ] GC(42) Pause Young (Allocation Failure) 335M->50M(476M) 1.162ms
[24.509s][info][gc,cpu         ] GC(42) User=0.00s Sys=0.01s Real=0.00s
[24.596s][info][gc,start       ] GC(43) Pause Young (Allocation Failure)
[24.597s][info][gc,heap        ] GC(43) PSYoungGen: 294944K(312320K)->32K(312832K) Eden: 294912K(294912K)->0K(294912K) From: 32K(17408K)->32K(17920K)
[24.597s][info][gc,heap        ] GC(43) ParOldGen: 52151K(175104K)->52151K(175104K)
[24.597s][info][gc,metaspace   ] GC(43) Metaspace: 34152K(34752K)->34152K(34752K) NonClass: 27892K(28288K)->27892K(28288K) Class: 6259K(6464K)->6259K(6464K)
[24.597s][info][gc             ] GC(43) Pause Young (Allocation Failure) 338M->50M(476M) 1.124ms
[24.597s][info][gc,cpu         ] GC(43) User=0.00s Sys=0.00s Real=0.00s
[24.871s][info][gc,start       ] GC(44) Pause Young (Allocation Failure)
[24.872s][info][gc,heap        ] GC(44) PSYoungGen: 294944K(312832K)->64K(283648K) Eden: 294912K(294912K)->0K(283136K) From: 32K(17920K)->64K(512K)
[24.872s][info][gc,heap        ] GC(44) ParOldGen: 52151K(175104K)->52151K(175104K)
[24.872s][info][gc,metaspace   ] GC(44) Metaspace: 34152K(34752K)->34152K(34752K) NonClass: 27892K(28288K)->27892K(28288K) Class: 6259K(6464K)->6259K(6464K)
[24.872s][info][gc             ] GC(44) Pause Young (Allocation Failure) 338M->50M(448M) 1.232ms
[24.872s][info][gc,cpu         ] GC(44) User=0.00s Sys=0.00s Real=0.00s
[25.160s][info][gc,start       ] GC(45) Pause Young (Allocation Failure)
[25.161s][info][gc,heap        ] GC(45) PSYoungGen: 283200K(283648K)->64K(287744K) Eden: 283136K(283136K)->0K(271872K) From: 64K(512K)->64K(15872K)
[25.161s][info][gc,heap        ] GC(45) ParOldGen: 52151K(175104K)->52159K(175104K)
[25.161s][info][gc,metaspace   ] GC(45) Metaspace: 34152K(34752K)->34152K(34752K) NonClass: 27892K(28288K)->27892K(28288K) Class: 6259K(6464K)->6259K(6464K)
[25.161s][info][gc             ] GC(45) Pause Young (Allocation Failure) 327M->50M(452M) 0.728ms
[25.161s][info][gc,cpu         ] GC(45) User=0.00s Sys=0.00s Real=0.00s
[25.356s][info][gc,start       ] GC(46) Pause Young (Allocation Failure)
[25.358s][info][gc,heap        ] GC(46) PSYoungGen: 271936K(287744K)->64K(261632K) Eden: 271872K(271872K)->0K(261120K) From: 64K(15872K)->64K(512K)
[25.358s][info][gc,heap        ] GC(46) ParOldGen: 52159K(175104K)->52167K(175104K)
[25.358s][info][gc,metaspace   ] GC(46) Metaspace: 34152K(34752K)->34152K(34752K) NonClass: 27892K(28288K)->27892K(28288K) Class: 6259K(6464K)->6259K(6464K)
[25.358s][info][gc             ] GC(46) Pause Young (Allocation Failure) 316M->51M(426M) 1.810ms
[25.358s][info][gc,cpu         ] GC(46) User=0.00s Sys=0.00s Real=0.00s
[25.470s][info][gc,start       ] GC(47) Pause Young (Allocation Failure)
[25.471s][info][gc,heap        ] GC(47) PSYoungGen: 261184K(261632K)->64K(264704K) Eden: 261120K(261120K)->0K(250880K) From: 64K(512K)->64K(13824K)
[25.471s][info][gc,heap        ] GC(47) ParOldGen: 52167K(175104K)->52183K(175104K)
[25.471s][info][gc,metaspace   ] GC(47) Metaspace: 34163K(34752K)->34163K(34752K) NonClass: 27903K(28288K)->27903K(28288K) Class: 6259K(6464K)->6259K(6464K)
[25.471s][info][gc             ] GC(47) Pause Young (Allocation Failure) 306M->51M(429M) 0.691ms
[25.471s][info][gc,cpu         ] GC(47) User=0.00s Sys=0.00s Real=0.00s
[25.728s][info][gc,start       ] GC(48) Pause Young (Allocation Failure)
[25.729s][info][gc,heap        ] GC(48) PSYoungGen: 250944K(264704K)->64K(241664K) Eden: 250880K(250880K)->0K(241152K) From: 64K(13824K)->64K(512K)
[25.729s][info][gc,heap        ] GC(48) ParOldGen: 52183K(175104K)->52183K(175104K)
[25.729s][info][gc,metaspace   ] GC(48) Metaspace: 34163K(34752K)->34163K(34752K) NonClass: 27903K(28288K)->27903K(28288K) Class: 6259K(6464K)->6259K(6464K)
[25.730s][info][gc             ] GC(48) Pause Young (Allocation Failure) 296M->51M(407M) 1.387ms
[25.730s][info][gc,cpu         ] GC(48) User=0.00s Sys=0.00s Real=0.00s
[26.443s][info][gc,start       ] GC(49) Pause Young (Allocation Failure)
[26.444s][info][gc,heap        ] GC(49) PSYoungGen: 241216K(241664K)->64K(244224K) Eden: 241152K(241152K)->0K(231936K) From: 64K(512K)->64K(12288K)
[26.444s][info][gc,heap        ] GC(49) ParOldGen: 52183K(175104K)->52191K(175104K)
[26.444s][info][gc,metaspace   ] GC(49) Metaspace: 34174K(34816K)->34174K(34816K) NonClass: 27914K(28352K)->27914K(28352K) Class: 6259K(6464K)->6259K(6464K)
[26.444s][info][gc             ] GC(49) Pause Young (Allocation Failure) 286M->51M(409M) 0.756ms
[26.444s][info][gc,cpu         ] GC(49) User=0.01s Sys=0.00s Real=0.00s
[27.214s][info][gc,start       ] GC(50) Pause Young (Allocation Failure)
[27.216s][info][gc,heap        ] GC(50) PSYoungGen: 232000K(244224K)->64K(223744K) Eden: 231936K(231936K)->0K(223232K) From: 64K(12288K)->64K(512K)
[27.216s][info][gc,heap        ] GC(50) ParOldGen: 52191K(175104K)->52199K(175104K)
[27.216s][info][gc,metaspace   ] GC(50) Metaspace: 34185K(34816K)->34185K(34816K) NonClass: 27925K(28352K)->27925K(28352K) Class: 6259K(6464K)->6259K(6464K)
[27.216s][info][gc             ] GC(50) Pause Young (Allocation Failure) 277M->51M(389M) 1.997ms
[27.216s][info][gc,cpu         ] GC(50) User=0.00s Sys=0.00s Real=0.01s
[28.434s][info][gc,start       ] GC(51) Pause Young (Allocation Failure)
[28.435s][info][gc,heap        ] GC(51) PSYoungGen: 223296K(223744K)->64K(225792K) Eden: 223232K(223232K)->0K(215040K) From: 64K(512K)->64K(10752K)
[28.435s][info][gc,heap        ] GC(51) ParOldGen: 52199K(175104K)->52207K(175104K)
[28.435s][info][gc,metaspace   ] GC(51) Metaspace: 34185K(34816K)->34185K(34816K) NonClass: 27925K(28352K)->27925K(28352K) Class: 6259K(6464K)->6259K(6464K)
[28.435s][info][gc             ] GC(51) Pause Young (Allocation Failure) 269M->51M(391M) 1.243ms
[28.435s][info][gc,cpu         ] GC(51) User=0.00s Sys=0.00s Real=0.01s
[28.675s][info][gc,start       ] GC(52) Pause Young (Allocation Failure)
[28.677s][info][gc,heap        ] GC(52) PSYoungGen: 215104K(225792K)->64K(207360K) Eden: 215040K(215040K)->0K(206848K) From: 64K(10752K)->64K(512K)
[28.677s][info][gc,heap        ] GC(52) ParOldGen: 52207K(175104K)->52223K(175104K)
[28.677s][info][gc,metaspace   ] GC(52) Metaspace: 34185K(34816K)->34185K(34816K) NonClass: 27925K(28352K)->27925K(28352K) Class: 6259K(6464K)->6259K(6464K)
[28.677s][info][gc             ] GC(52) Pause Young (Allocation Failure) 261M->51M(373M) 2.067ms
[28.677s][info][gc,cpu         ] GC(52) User=0.00s Sys=0.00s Real=0.00s
[29.120s][info][gc,start       ] GC(53) Pause Young (Allocation Failure)
[29.121s][info][gc,heap        ] GC(53) PSYoungGen: 206912K(207360K)->64K(208384K) Eden: 206848K(206848K)->0K(199168K) From: 64K(512K)->64K(9216K)
[29.121s][info][gc,heap        ] GC(53) ParOldGen: 52223K(175104K)->52239K(175104K)
[29.121s][info][gc,metaspace   ] GC(53) Metaspace: 34185K(34816K)->34185K(34816K) NonClass: 27925K(28352K)->27925K(28352K) Class: 6259K(6464K)->6259K(6464K)
[29.121s][info][gc             ] GC(53) Pause Young (Allocation Failure) 253M->51M(374M) 1.272ms
[29.121s][info][gc,cpu         ] GC(53) User=0.00s Sys=0.00s Real=0.00s
[29.955s][info][gc,start       ] GC(54) Pause Young (Allocation Failure)
[29.957s][info][gc,heap        ] GC(54) PSYoungGen: 199232K(208384K)->64K(192512K) Eden: 199168K(199168K)->0K(192000K) From: 64K(9216K)->64K(512K)
[29.957s][info][gc,heap        ] GC(54) ParOldGen: 52239K(175104K)->52255K(175104K)
[29.957s][info][gc,metaspace   ] GC(54) Metaspace: 34185K(34816K)->34185K(34816K) NonClass: 27925K(28352K)->27925K(28352K) Class: 6259K(6464K)->6259K(6464K)
[29.957s][info][gc             ] GC(54) Pause Young (Allocation Failure) 245M->51M(359M) 2.253ms
[29.957s][info][gc,cpu         ] GC(54) User=0.00s Sys=0.00s Real=0.00s
[31.694s][info][gc,start       ] GC(55) Pause Young (Allocation Failure)
[31.696s][info][gc,heap        ] GC(55) PSYoungGen: 192064K(192512K)->64K(193536K) Eden: 192000K(192000K)->0K(185344K) From: 64K(512K)->64K(8192K)
[31.696s][info][gc,heap        ] GC(55) ParOldGen: 52255K(175104K)->52263K(175104K)
[31.696s][info][gc,metaspace   ] GC(55) Metaspace: 34185K(34816K)->34185K(34816K) NonClass: 27926K(28352K)->27926K(28352K) Class: 6259K(6464K)->6259K(6464K)
[31.696s][info][gc             ] GC(55) Pause Young (Allocation Failure) 238M->51M(360M) 1.290ms
[31.696s][info][gc,cpu         ] GC(55) User=0.00s Sys=0.00s Real=0.00s
[32.533s][info][gc,start       ] GC(56) Pause Young (Allocation Failure)
[32.535s][info][gc,heap        ] GC(56) PSYoungGen: 185408K(193536K)->64K(179200K) Eden: 185344K(185344K)->0K(178688K) From: 64K(8192K)->64K(512K)
[32.535s][info][gc,heap        ] GC(56) ParOldGen: 52263K(175104K)->52279K(175104K)
[32.535s][info][gc,metaspace   ] GC(56) Metaspace: 34185K(34816K)->34185K(34816K) NonClass: 27926K(28352K)->27926K(28352K) Class: 6259K(6464K)->6259K(6464K)
[32.535s][info][gc             ] GC(56) Pause Young (Allocation Failure) 232M->51M(346M) 1.763ms
[32.535s][info][gc,cpu         ] GC(56) User=0.00s Sys=0.00s Real=0.01s
[32.833s][info][gc,start       ] GC(57) Pause Young (Allocation Failure)
[32.834s][info][gc,heap        ] GC(57) PSYoungGen: 178752K(179200K)->64K(179712K) Eden: 178688K(178688K)->0K(172544K) From: 64K(512K)->64K(7168K)
[32.834s][info][gc,heap        ] GC(57) ParOldGen: 52279K(175104K)->52295K(175104K)
[32.834s][info][gc,metaspace   ] GC(57) Metaspace: 34185K(34816K)->34185K(34816K) NonClass: 27926K(28352K)->27926K(28352K) Class: 6259K(6464K)->6259K(6464K)
[32.834s][info][gc             ] GC(57) Pause Young (Allocation Failure) 225M->51M(346M) 1.179ms
[32.834s][info][gc,cpu         ] GC(57) User=0.00s Sys=0.00s Real=0.00s
[32.919s][info][gc,start       ] GC(58) Pause Young (Allocation Failure)
[32.921s][info][gc,heap        ] GC(58) PSYoungGen: 172608K(179712K)->64K(166912K) Eden: 172544K(172544K)->0K(166400K) From: 64K(7168K)->64K(512K)
[32.921s][info][gc,heap        ] GC(58) ParOldGen: 52295K(175104K)->52311K(175104K)
[32.921s][info][gc,metaspace   ] GC(58) Metaspace: 34185K(34816K)->34185K(34816K) NonClass: 27926K(28352K)->27926K(28352K) Class: 6259K(6464K)->6259K(6464K)
[32.921s][info][gc             ] GC(58) Pause Young (Allocation Failure) 219M->51M(334M) 2.118ms
[32.921s][info][gc,cpu         ] GC(58) User=0.00s Sys=0.00s Real=0.00s
[33.137s][info][gc,start       ] GC(59) Pause Young (Allocation Failure)
[33.138s][info][gc,heap        ] GC(59) PSYoungGen: 166464K(166912K)->64K(166912K) Eden: 166400K(166400K)->0K(160768K) From: 64K(512K)->64K(6144K)
[33.138s][info][gc,heap        ] GC(59) ParOldGen: 52311K(175104K)->52311K(175104K)
[33.138s][info][gc,metaspace   ] GC(59) Metaspace: 34192K(34816K)->34192K(34816K) NonClass: 27933K(28352K)->27933K(28352K) Class: 6259K(6464K)->6259K(6464K)
[33.138s][info][gc             ] GC(59) Pause Young (Allocation Failure) 213M->51M(334M) 1.164ms
[33.138s][info][gc,cpu         ] GC(59) User=0.00s Sys=0.00s Real=0.00s
[33.578s][info][gc,start       ] GC(60) Pause Young (Allocation Failure)
[33.580s][info][gc,heap        ] GC(60) PSYoungGen: 160832K(166912K)->64K(155648K) Eden: 160768K(160768K)->0K(155136K) From: 64K(6144K)->64K(512K)
[33.580s][info][gc,heap        ] GC(60) ParOldGen: 52311K(175104K)->52327K(175104K)
[33.580s][info][gc,metaspace   ] GC(60) Metaspace: 34194K(34816K)->34194K(34816K) NonClass: 27934K(28352K)->27934K(28352K) Class: 6259K(6464K)->6259K(6464K)
[33.580s][info][gc             ] GC(60) Pause Young (Allocation Failure) 208M->51M(323M) 1.965ms
[33.580s][info][gc,cpu         ] GC(60) User=0.00s Sys=0.00s Real=0.00s
[33.893s][info][gc,start       ] GC(61) Pause Young (Allocation Failure)
[33.895s][info][gc,heap        ] GC(61) PSYoungGen: 155200K(155648K)->64K(155136K) Eden: 155136K(155136K)->0K(150016K) From: 64K(512K)->64K(5120K)
[33.895s][info][gc,heap        ] GC(61) ParOldGen: 52327K(175104K)->52343K(175104K)
[33.895s][info][gc,metaspace   ] GC(61) Metaspace: 34194K(34816K)->34194K(34816K) NonClass: 27934K(28352K)->27934K(28352K) Class: 6259K(6464K)->6259K(6464K)
[33.895s][info][gc             ] GC(61) Pause Young (Allocation Failure) 202M->51M(322M) 1.585ms
[33.895s][info][gc,cpu         ] GC(61) User=0.00s Sys=0.00s Real=0.01s
[34.054s][info][gc,start       ] GC(62) Pause Young (Allocation Failure)
[34.056s][info][gc,heap        ] GC(62) PSYoungGen: 150079K(155136K)->32K(145408K) Eden: 150015K(150016K)->0K(144896K) From: 64K(5120K)->32K(512K)
[34.056s][info][gc,heap        ] GC(62) ParOldGen: 52343K(175104K)->52351K(175104K)
[34.056s][info][gc,metaspace   ] GC(62) Metaspace: 34194K(34816K)->34194K(34816K) NonClass: 27934K(28352K)->27934K(28352K) Class: 6259K(6464K)->6259K(6464K)
[34.056s][info][gc             ] GC(62) Pause Young (Allocation Failure) 197M->51M(313M) 1.853ms
[34.056s][info][gc,cpu         ] GC(62) User=0.00s Sys=0.00s Real=0.01s
[34.364s][info][gc,start       ] GC(63) Pause Young (Allocation Failure)
[34.372s][info][gc,heap        ] GC(63) PSYoungGen: 144928K(145408K)->4288K(144896K) Eden: 144896K(144896K)->0K(140288K) From: 32K(512K)->4288K(4608K)
[34.372s][info][gc,heap        ] GC(63) ParOldGen: 52351K(175104K)->52367K(175104K)
[34.372s][info][gc,metaspace   ] GC(63) Metaspace: 34194K(34816K)->34194K(34816K) NonClass: 27934K(28352K)->27934K(28352K) Class: 6259K(6464K)->6259K(6464K)
[34.372s][info][gc             ] GC(63) Pause Young (Allocation Failure) 192M->55M(312M) 7.434ms
[34.372s][info][gc,cpu         ] GC(63) User=0.01s Sys=0.00s Real=0.01s
[34.541s][info][gc,start       ] GC(64) Pause Young (Allocation Failure)
[34.570s][info][gc,heap        ] GC(64) PSYoungGen: 144576K(144896K)->4608K(173056K) Eden: 140288K(140288K)->0K(168448K) From: 4288K(4608K)->4608K(4608K)
[34.570s][info][gc,heap        ] GC(64) ParOldGen: 52367K(175104K)->62607K(175104K)
[34.570s][info][gc,metaspace   ] GC(64) Metaspace: 34194K(34816K)->34194K(34816K) NonClass: 27934K(28352K)->27934K(28352K) Class: 6259K(6464K)->6259K(6464K)
[34.570s][info][gc             ] GC(64) Pause Young (Allocation Failure) 192M->65M(340M) 28.957ms
[34.570s][info][gc,cpu         ] GC(64) User=0.05s Sys=0.00s Real=0.03s
[34.778s][info][gc,start       ] GC(65) Pause Young (Allocation Failure)
[34.813s][info][gc,heap        ] GC(65) PSYoungGen: 173056K(173056K)->10240K(212480K) Eden: 168448K(168448K)->0K(202240K) From: 4608K(4608K)->10240K(10240K)
[34.813s][info][gc,heap        ] GC(65) ParOldGen: 62607K(175104K)->70567K(175104K)
[34.813s][info][gc,metaspace   ] GC(65) Metaspace: 34194K(34816K)->34194K(34816K) NonClass: 27934K(28352K)->27934K(28352K) Class: 6259K(6464K)->6259K(6464K)
[34.813s][info][gc             ] GC(65) Pause Young (Allocation Failure) 230M->78M(378M) 35.105ms
[34.814s][info][gc,cpu         ] GC(65) User=0.06s Sys=0.01s Real=0.03s
[35.054s][info][gc,start       ] GC(66) Pause Young (Allocation Failure)
[35.096s][info][gc,heap        ] GC(66) PSYoungGen: 212480K(212480K)->6656K(211968K) Eden: 202240K(202240K)->0K(205312K) From: 10240K(10240K)->6656K(6656K)
[35.096s][info][gc,heap        ] GC(66) ParOldGen: 70567K(175104K)->85607K(175104K)
[35.096s][info][gc,metaspace   ] GC(66) Metaspace: 34194K(34816K)->34194K(34816K) NonClass: 27934K(28352K)->27934K(28352K) Class: 6259K(6464K)->6259K(6464K)
[35.096s][info][gc             ] GC(66) Pause Young (Allocation Failure) 276M->90M(378M) 42.349ms
[35.096s][info][gc,cpu         ] GC(66) User=0.07s Sys=0.01s Real=0.05s
[35.267s][info][gc,start       ] GC(67) Pause Young (Allocation Failure)
[35.289s][info][gc,heap        ] GC(67) PSYoungGen: 211968K(211968K)->10656K(226304K) Eden: 205312K(205312K)->0K(205312K) From: 6656K(6656K)->10656K(20992K)
[35.289s][info][gc,heap        ] GC(67) ParOldGen: 85607K(175104K)->86167K(175104K)
[35.289s][info][gc,metaspace   ] GC(67) Metaspace: 34194K(34816K)->34194K(34816K) NonClass: 27934K(28352K)->27934K(28352K) Class: 6259K(6464K)->6259K(6464K)
[35.289s][info][gc             ] GC(67) Pause Young (Allocation Failure) 290M->94M(392M) 21.562ms
[35.289s][info][gc,cpu         ] GC(67) User=0.04s Sys=0.00s Real=0.02s
[35.414s][info][gc,start       ] GC(68) Pause Young (Allocation Failure)
[35.415s][info][gc,heap        ] GC(68) PSYoungGen: 215968K(226304K)->64K(267264K) Eden: 205312K(205312K)->0K(246784K) From: 10656K(20992K)->64K(20480K)
[35.415s][info][gc,heap        ] GC(68) ParOldGen: 86167K(175104K)->86175K(175104K)
[35.415s][info][gc,metaspace   ] GC(68) Metaspace: 34194K(34816K)->34194K(34816K) NonClass: 27934K(28352K)->27934K(28352K) Class: 6259K(6464K)->6259K(6464K)
[35.415s][info][gc             ] GC(68) Pause Young (Allocation Failure) 295M->84M(432M) 0.886ms
[35.415s][info][gc,cpu         ] GC(68) User=0.00s Sys=0.00s Real=0.01s
[36.053s][info][gc,start       ] GC(69) Pause Young (Allocation Failure)
[36.053s][info][gc,heap        ] GC(69) PSYoungGen: 246848K(267264K)->64K(267776K) Eden: 246784K(246784K)->0K(246784K) From: 64K(20480K)->64K(20992K)
[36.053s][info][gc,heap        ] GC(69) ParOldGen: 86175K(175104K)->86183K(175104K)
[36.053s][info][gc,metaspace   ] GC(69) Metaspace: 34194K(34816K)->34194K(34816K) NonClass: 27934K(28352K)->27934K(28352K) Class: 6259K(6464K)->6259K(6464K)
[36.053s][info][gc             ] GC(69) Pause Young (Allocation Failure) 325M->84M(432M) 0.955ms
[36.053s][info][gc,cpu         ] GC(69) User=0.00s Sys=0.00s Real=0.00s
[36.721s][info][gc,start       ] GC(70) Pause Young (Allocation Failure)
[36.722s][info][gc,heap        ] GC(70) PSYoungGen: 246848K(267776K)->64K(310784K) Eden: 246784K(246784K)->0K(292352K) From: 64K(20992K)->64K(18432K)
[36.722s][info][gc,heap        ] GC(70) ParOldGen: 86183K(175104K)->86191K(175104K)
[36.722s][info][gc,metaspace   ] GC(70) Metaspace: 34194K(34816K)->34194K(34816K) NonClass: 27934K(28352K)->27934K(28352K) Class: 6259K(6464K)->6259K(6464K)
[36.722s][info][gc             ] GC(70) Pause Young (Allocation Failure) 325M->84M(474M) 1.061ms
[36.722s][info][gc,cpu         ] GC(70) User=0.00s Sys=0.00s Real=0.00s
[37.627s][info][gc,start       ] GC(71) Pause Young (Allocation Failure)
[37.628s][info][gc,heap        ] GC(71) PSYoungGen: 292416K(310784K)->64K(311808K) Eden: 292352K(292352K)->0K(292352K) From: 64K(18432K)->64K(19456K)
[37.628s][info][gc,heap        ] GC(71) ParOldGen: 86191K(175104K)->86207K(175104K)
[37.628s][info][gc,metaspace   ] GC(71) Metaspace: 34217K(34816K)->34217K(34816K) NonClass: 27957K(28352K)->27957K(28352K) Class: 6259K(6464K)->6259K(6464K)
[37.628s][info][gc             ] GC(71) Pause Young (Allocation Failure) 369M->84M(475M) 1.126ms
[37.628s][info][gc,cpu         ] GC(71) User=0.00s Sys=0.00s Real=0.00s
[37.892s][info][gc,start       ] GC(72) Pause Young (Allocation Failure)
[37.893s][info][gc,heap        ] GC(72) PSYoungGen: 292416K(311808K)->64K(311808K) Eden: 292352K(292352K)->0K(295424K) From: 64K(19456K)->64K(16384K)
[37.893s][info][gc,heap        ] GC(72) ParOldGen: 86207K(175104K)->86223K(175104K)
[37.893s][info][gc,metaspace   ] GC(72) Metaspace: 34217K(34816K)->34217K(34816K) NonClass: 27957K(28352K)->27957K(28352K) Class: 6259K(6464K)->6259K(6464K)
[37.893s][info][gc             ] GC(72) Pause Young (Allocation Failure) 369M->84M(475M) 1.203ms
[37.893s][info][gc,cpu         ] GC(72) User=0.00s Sys=0.00s Real=0.00s
[38.160s][info][gc,start       ] GC(73) Pause Young (Allocation Failure)
[38.161s][info][gc,heap        ] GC(73) PSYoungGen: 295488K(311808K)->64K(313344K) Eden: 295424K(295424K)->0K(295424K) From: 64K(16384K)->64K(17920K)
[38.161s][info][gc,heap        ] GC(73) ParOldGen: 86223K(175104K)->86223K(175104K)
[38.161s][info][gc,metaspace   ] GC(73) Metaspace: 34217K(34816K)->34217K(34816K) NonClass: 27957K(28352K)->27957K(28352K) Class: 6259K(6464K)->6259K(6464K)
[38.161s][info][gc             ] GC(73) Pause Young (Allocation Failure) 372M->84M(477M) 1.201ms
[38.161s][info][gc,cpu         ] GC(73) User=0.00s Sys=0.00s Real=0.00s
[38.651s][info][gc,start       ] GC(74) Pause Young (Allocation Failure)
[38.652s][info][gc,heap        ] GC(74) PSYoungGen: 295488K(313344K)->64K(313344K) Eden: 295424K(295424K)->0K(298496K) From: 64K(17920K)->64K(14848K)
[38.652s][info][gc,heap        ] GC(74) ParOldGen: 86223K(175104K)->86223K(175104K)
[38.652s][info][gc,metaspace   ] GC(74) Metaspace: 34232K(34880K)->34232K(34880K) NonClass: 27972K(28416K)->27972K(28416K) Class: 6259K(6464K)->6259K(6464K)
[38.652s][info][gc             ] GC(74) Pause Young (Allocation Failure) 372M->84M(477M) 0.862ms
[38.652s][info][gc,cpu         ] GC(74) User=0.00s Sys=0.00s Real=0.00s
[38.737s][info][gc,start       ] GC(75) Pause Young (Allocation Failure)
[38.740s][info][gc,heap        ] GC(75) PSYoungGen: 298560K(313344K)->64K(314880K) Eden: 298496K(298496K)->0K(298496K) From: 64K(14848K)->64K(16384K)
[38.740s][info][gc,heap        ] GC(75) ParOldGen: 86223K(175104K)->86239K(175104K)
[38.740s][info][gc,metaspace   ] GC(75) Metaspace: 34232K(34880K)->34232K(34880K) NonClass: 27972K(28416K)->27972K(28416K) Class: 6259K(6464K)->6259K(6464K)
[38.740s][info][gc             ] GC(75) Pause Young (Allocation Failure) 375M->84M(478M) 3.062ms
[38.740s][info][gc,cpu         ] GC(75) User=0.00s Sys=0.00s Real=0.00s
[38.811s][info][gc,start       ] GC(76) Pause Young (Allocation Failure)
[38.812s][info][gc,heap        ] GC(76) PSYoungGen: 298560K(314880K)->32K(315904K) Eden: 298496K(298496K)->0K(302080K) From: 64K(16384K)->32K(13824K)
[38.812s][info][gc,heap        ] GC(76) ParOldGen: 86239K(175104K)->86255K(175104K)
[38.812s][info][gc,metaspace   ] GC(76) Metaspace: 34232K(34880K)->34232K(34880K) NonClass: 27972K(28416K)->27972K(28416K) Class: 6259K(6464K)->6259K(6464K)
[38.812s][info][gc             ] GC(76) Pause Young (Allocation Failure) 375M->84M(479M) 0.829ms
[38.812s][info][gc,cpu         ] GC(76) User=0.01s Sys=0.00s Real=0.00s
[39.058s][info][gc,start       ] GC(77) Pause Young (Allocation Failure)
[39.059s][info][gc,heap        ] GC(77) PSYoungGen: 302112K(315904K)->64K(316928K) Eden: 302080K(302080K)->0K(302080K) From: 32K(13824K)->64K(14848K)
[39.059s][info][gc,heap        ] GC(77) ParOldGen: 86255K(175104K)->86255K(175104K)
[39.059s][info][gc,metaspace   ] GC(77) Metaspace: 34233K(34880K)->34233K(34880K) NonClass: 27974K(28416K)->27974K(28416K) Class: 6259K(6464K)->6259K(6464K)
[39.059s][info][gc             ] GC(77) Pause Young (Allocation Failure) 379M->84M(480M) 0.861ms
[39.059s][info][gc,cpu         ] GC(77) User=0.00s Sys=0.00s Real=0.00s
[39.357s][info][gc,start       ] GC(78) Pause Young (Allocation Failure)
[39.357s][info][gc,heap        ] GC(78) PSYoungGen: 302144K(316928K)->64K(317952K) Eden: 302080K(302080K)->0K(305152K) From: 64K(14848K)->64K(12800K)
[39.357s][info][gc,heap        ] GC(78) ParOldGen: 86255K(175104K)->86263K(175104K)
[39.357s][info][gc,metaspace   ] GC(78) Metaspace: 34233K(34880K)->34233K(34880K) NonClass: 27974K(28416K)->27974K(28416K) Class: 6259K(6464K)->6259K(6464K)
[39.357s][info][gc             ] GC(78) Pause Young (Allocation Failure) 379M->84M(481M) 0.887ms
[39.357s][info][gc,cpu         ] GC(78) User=0.01s Sys=0.00s Real=0.00s
[39.512s][info][gc,start       ] GC(79) Pause Young (Allocation Failure)
[39.513s][info][gc,heap        ] GC(79) PSYoungGen: 305216K(317952K)->64K(293376K) Eden: 305152K(305152K)->0K(292864K) From: 64K(12800K)->64K(512K)
[39.513s][info][gc,heap        ] GC(79) ParOldGen: 86263K(175104K)->86271K(175104K)
[39.513s][info][gc,metaspace   ] GC(79) Metaspace: 34233K(34880K)->34233K(34880K) NonClass: 27974K(28416K)->27974K(28416K) Class: 6259K(6464K)->6259K(6464K)
[39.513s][info][gc             ] GC(79) Pause Young (Allocation Failure) 382M->84M(457M) 0.839ms
[39.513s][info][gc,cpu         ] GC(79) User=0.00s Sys=0.00s Real=0.00s
[39.639s][info][gc,start       ] GC(80) Pause Young (Allocation Failure)
[39.642s][info][gc,heap        ] GC(80) PSYoungGen: 292928K(293376K)->64K(307712K) Eden: 292864K(292864K)->0K(295424K) From: 64K(512K)->64K(12288K)
[39.643s][info][gc,heap        ] GC(80) ParOldGen: 86271K(175104K)->86279K(175104K)
[39.643s][info][gc,metaspace   ] GC(80) Metaspace: 34233K(34880K)->34233K(34880K) NonClass: 27974K(28416K)->27974K(28416K) Class: 6259K(6464K)->6259K(6464K)
[39.643s][info][gc             ] GC(80) Pause Young (Allocation Failure) 370M->84M(471M) 3.178ms
[39.643s][info][gc,cpu         ] GC(80) User=0.00s Sys=0.00s Real=0.00s
[40.000s][info][gc,start       ] GC(81) Pause Young (Allocation Failure)
[40.001s][info][gc,heap        ] GC(81) PSYoungGen: 295488K(307712K)->64K(284160K) Eden: 295424K(295424K)->0K(283648K) From: 64K(12288K)->64K(512K)
[40.001s][info][gc,heap        ] GC(81) ParOldGen: 86279K(175104K)->86287K(175104K)
[40.001s][info][gc,metaspace   ] GC(81) Metaspace: 34233K(34880K)->34233K(34880K) NonClass: 27974K(28416K)->27974K(28416K) Class: 6259K(6464K)->6259K(6464K)
[40.001s][info][gc             ] GC(81) Pause Young (Allocation Failure) 372M->84M(448M) 0.985ms
[40.001s][info][gc,cpu         ] GC(81) User=0.00s Sys=0.00s Real=0.00s
[41.001s][info][gc,start       ] GC(82) Pause Young (Allocation Failure)
[41.003s][info][gc,heap        ] GC(82) PSYoungGen: 283712K(284160K)->83K(272896K) Eden: 283648K(283648K)->0K(272384K) From: 64K(512K)->83K(512K)
[41.003s][info][gc,heap        ] GC(82) ParOldGen: 86287K(175104K)->86303K(175104K)
[41.003s][info][gc,metaspace   ] GC(82) Metaspace: 34254K(34880K)->34254K(34880K) NonClass: 27995K(28416K)->27995K(28416K) Class: 6259K(6464K)->6259K(6464K)
[41.003s][info][gc             ] GC(82) Pause Young (Allocation Failure) 361M->84M(437M) 1.958ms
[41.003s][info][gc,cpu         ] GC(82) User=0.01s Sys=0.00s Real=0.00s
[42.254s][info][gc,start       ] GC(83) Pause Young (Allocation Failure)
[42.255s][info][gc,heap        ] GC(83) PSYoungGen: 272467K(272896K)->32K(271872K) Eden: 272384K(272384K)->0K(261632K) From: 83K(512K)->32K(10240K)
[42.255s][info][gc,heap        ] GC(83) ParOldGen: 86303K(175104K)->86311K(175104K)
[42.255s][info][gc,metaspace   ] GC(83) Metaspace: 34257K(34880K)->34257K(34880K) NonClass: 27997K(28416K)->27997K(28416K) Class: 6259K(6464K)->6259K(6464K)
[42.255s][info][gc             ] GC(83) Pause Young (Allocation Failure) 350M->84M(436M) 1.304ms
[42.255s][info][gc,cpu         ] GC(83) User=0.01s Sys=0.00s Real=0.01s
[42.574s][info][gc,start       ] GC(84) Pause Young (Allocation Failure)
[42.576s][info][gc,heap        ] GC(84) PSYoungGen: 261664K(271872K)->64K(251904K) Eden: 261632K(261632K)->0K(251392K) From: 32K(10240K)->64K(512K)
[42.576s][info][gc,heap        ] GC(84) ParOldGen: 86311K(175104K)->86327K(175104K)
[42.576s][info][gc,metaspace   ] GC(84) Metaspace: 34257K(34880K)->34257K(34880K) NonClass: 27997K(28416K)->27997K(28416K) Class: 6259K(6464K)->6259K(6464K)
[42.576s][info][gc             ] GC(84) Pause Young (Allocation Failure) 339M->84M(417M) 1.990ms
[42.576s][info][gc,cpu         ] GC(84) User=0.01s Sys=0.00s Real=0.01s
[43.142s][info][gc,start       ] GC(85) Pause Young (Allocation Failure)
[43.143s][info][gc,heap        ] GC(85) PSYoungGen: 251456K(251904K)->64K(250368K) Eden: 251392K(251392K)->0K(241664K) From: 64K(512K)->64K(8704K)
[43.143s][info][gc,heap        ] GC(85) ParOldGen: 86327K(175104K)->86343K(175104K)
[43.143s][info][gc,metaspace   ] GC(85) Metaspace: 34257K(34880K)->34257K(34880K) NonClass: 27997K(28416K)->27997K(28416K) Class: 6259K(6464K)->6259K(6464K)
[43.143s][info][gc             ] GC(85) Pause Young (Allocation Failure) 329M->84M(415M) 1.307ms
[43.143s][info][gc,cpu         ] GC(85) User=0.00s Sys=0.00s Real=0.00s
[45.177s][info][gc,start       ] GC(86) Pause Young (Allocation Failure)
[45.179s][info][gc,heap        ] GC(86) PSYoungGen: 241728K(250368K)->64K(232960K) Eden: 241664K(241664K)->0K(232448K) From: 64K(8704K)->64K(512K)
[45.179s][info][gc,heap        ] GC(86) ParOldGen: 86343K(175104K)->86359K(175104K)
[45.179s][info][gc,metaspace   ] GC(86) Metaspace: 34374K(35008K)->34374K(35008K) NonClass: 28115K(28544K)->28115K(28544K) Class: 6259K(6464K)->6259K(6464K)
[45.179s][info][gc             ] GC(86) Pause Young (Allocation Failure) 320M->84M(398M) 1.948ms
[45.179s][info][gc,cpu         ] GC(86) User=0.00s Sys=0.00s Real=0.00s
[46.181s][info][gc,start       ] GC(87) Pause Young (Allocation Failure)
[46.183s][info][gc,heap        ] GC(87) PSYoungGen: 232512K(232960K)->64K(231424K) Eden: 232448K(232448K)->0K(223744K) From: 64K(512K)->64K(7680K)
[46.183s][info][gc,heap        ] GC(87) ParOldGen: 86359K(175104K)->86375K(175104K)
[46.183s][info][gc,metaspace   ] GC(87) Metaspace: 34374K(35008K)->34374K(35008K) NonClass: 28115K(28544K)->28115K(28544K) Class: 6259K(6464K)->6259K(6464K)
[46.183s][info][gc             ] GC(87) Pause Young (Allocation Failure) 311M->84M(397M) 1.351ms
[46.183s][info][gc,cpu         ] GC(87) User=0.00s Sys=0.00s Real=0.00s
[46.515s][info][gc,start       ] GC(88) Pause Young (Allocation Failure)
[46.517s][info][gc,heap        ] GC(88) PSYoungGen: 223808K(231424K)->64K(216064K) Eden: 223744K(223744K)->0K(215552K) From: 64K(7680K)->64K(512K)
[46.517s][info][gc,heap        ] GC(88) ParOldGen: 86375K(175104K)->86391K(175104K)
[46.517s][info][gc,metaspace   ] GC(88) Metaspace: 34374K(35008K)->34374K(35008K) NonClass: 28115K(28544K)->28115K(28544K) Class: 6259K(6464K)->6259K(6464K)
[46.517s][info][gc             ] GC(88) Pause Young (Allocation Failure) 302M->84M(382M) 1.911ms
[46.517s][info][gc,cpu         ] GC(88) User=0.00s Sys=0.00s Real=0.00s
[46.573s][info][gc,start       ] GC(89) Pause Young (Allocation Failure)
[46.574s][info][gc,heap        ] GC(89) PSYoungGen: 215616K(216064K)->32K(214016K) Eden: 215552K(215552K)->0K(207360K) From: 64K(512K)->32K(6656K)
[46.574s][info][gc,heap        ] GC(89) ParOldGen: 86391K(175104K)->86399K(175104K)
[46.574s][info][gc,metaspace   ] GC(89) Metaspace: 34374K(35008K)->34374K(35008K) NonClass: 28115K(28544K)->28115K(28544K) Class: 6259K(6464K)->6259K(6464K)
[46.574s][info][gc             ] GC(89) Pause Young (Allocation Failure) 294M->84M(380M) 1.180ms
[46.574s][info][gc,cpu         ] GC(89) User=0.00s Sys=0.00s Real=0.00s
[46.983s][info][gc,start       ] GC(90) Pause Young (Allocation Failure)
[46.985s][info][gc,heap        ] GC(90) PSYoungGen: 207392K(214016K)->64K(200192K) Eden: 207360K(207360K)->0K(199680K) From: 32K(6656K)->64K(512K)
[46.985s][info][gc,heap        ] GC(90) ParOldGen: 86399K(175104K)->86399K(175104K)
[46.985s][info][gc,metaspace   ] GC(90) Metaspace: 34401K(35072K)->34401K(35072K) NonClass: 28142K(28608K)->28142K(28608K) Class: 6259K(6464K)->6259K(6464K)
[46.985s][info][gc             ] GC(90) Pause Young (Allocation Failure) 286M->84M(366M) 1.702ms
[46.985s][info][gc,cpu         ] GC(90) User=0.00s Sys=0.00s Real=0.01s
[47.482s][info][gc,start       ] GC(91) Pause Young (Allocation Failure)
[47.484s][info][gc,heap        ] GC(91) PSYoungGen: 199744K(200192K)->64K(198144K) Eden: 199680K(199680K)->0K(192512K) From: 64K(512K)->64K(5632K)
[47.484s][info][gc,heap        ] GC(91) ParOldGen: 86399K(175104K)->86415K(175104K)
[47.484s][info][gc,metaspace   ] GC(91) Metaspace: 34401K(35072K)->34401K(35072K) NonClass: 28142K(28608K)->28142K(28608K) Class: 6259K(6464K)->6259K(6464K)
[47.484s][info][gc             ] GC(91) Pause Young (Allocation Failure) 279M->84M(364M) 1.760ms
[47.484s][info][gc,cpu         ] GC(91) User=0.00s Sys=0.00s Real=0.00s
[47.686s][info][gc,start       ] GC(92) Pause Young (Allocation Failure)
[47.687s][info][gc,heap        ] GC(92) PSYoungGen: 192576K(198144K)->64K(185856K) Eden: 192512K(192512K)->0K(185344K) From: 64K(5632K)->64K(512K)
[47.687s][info][gc,heap        ] GC(92) ParOldGen: 86415K(175104K)->86423K(175104K)
[47.687s][info][gc,metaspace   ] GC(92) Metaspace: 34401K(35072K)->34401K(35072K) NonClass: 28142K(28608K)->28142K(28608K) Class: 6259K(6464K)->6259K(6464K)
[47.687s][info][gc             ] GC(92) Pause Young (Allocation Failure) 272M->84M(352M) 1.495ms
[47.687s][info][gc,cpu         ] GC(92) User=0.00s Sys=0.00s Real=0.00s
[48.020s][info][gc,start       ] GC(93) Pause Young (Allocation Failure)
[48.042s][info][gc,heap        ] GC(93) PSYoungGen: 185408K(185856K)->5120K(227840K) Eden: 185344K(185344K)->0K(222720K) From: 64K(512K)->5120K(5120K)
[48.042s][info][gc,heap        ] GC(93) ParOldGen: 86423K(175104K)->92127K(175104K)
[48.042s][info][gc,metaspace   ] GC(93) Metaspace: 34416K(35072K)->34416K(35072K) NonClass: 28157K(28608K)->28157K(28608K) Class: 6259K(6464K)->6259K(6464K)
[48.042s][info][gc             ] GC(93) Pause Young (Allocation Failure) 265M->94M(393M) 22.659ms
[48.042s][info][gc,cpu         ] GC(93) User=0.03s Sys=0.01s Real=0.02s
[48.312s][info][gc,start       ] GC(94) Pause Young (Allocation Failure)
[48.361s][info][gc,heap        ] GC(94) PSYoungGen: 227840K(227840K)->5120K(247296K) Eden: 222720K(222720K)->0K(242176K) From: 5120K(5120K)->5120K(5120K)
[48.361s][info][gc,heap        ] GC(94) ParOldGen: 92127K(175104K)->110807K(175104K)
[48.361s][info][gc,metaspace   ] GC(94) Metaspace: 34416K(35072K)->34416K(35072K) NonClass: 28157K(28608K)->28157K(28608K) Class: 6259K(6464K)->6259K(6464K)
[48.361s][info][gc             ] GC(94) Pause Young (Allocation Failure) 312M->113M(412M) 49.294ms
[48.361s][info][gc,cpu         ] GC(94) User=0.08s Sys=0.01s Real=0.05s
[48.652s][info][gc,start       ] GC(95) Pause Young (Allocation Failure)
[48.702s][info][gc,heap        ] GC(95) PSYoungGen: 247296K(247296K)->15872K(258048K) Eden: 242176K(242176K)->0K(242176K) From: 5120K(5120K)->15872K(15872K)
[48.702s][info][gc,heap        ] GC(95) ParOldGen: 110807K(175104K)->121247K(175104K)
[48.702s][info][gc,metaspace   ] GC(95) Metaspace: 34416K(35072K)->34416K(35072K) NonClass: 28157K(28608K)->28157K(28608K) Class: 6259K(6464K)->6259K(6464K)
[48.702s][info][gc             ] GC(95) Pause Young (Allocation Failure) 349M->133M(423M) 49.755ms
[48.702s][info][gc,cpu         ] GC(95) User=0.09s Sys=0.01s Real=0.05s
[48.860s][info][gc,start       ] GC(96) Pause Young (Allocation Failure)
[48.882s][info][gc,heap        ] GC(96) PSYoungGen: 258048K(258048K)->8960K(311296K) Eden: 242176K(242176K)->0K(288256K) From: 15872K(15872K)->8960K(23040K)
[48.882s][info][gc,heap        ] GC(96) ParOldGen: 121247K(175104K)->121615K(175104K)
[48.882s][info][gc,metaspace   ] GC(96) Metaspace: 34429K(35072K)->34429K(35072K) NonClass: 28169K(28608K)->28169K(28608K) Class: 6259K(6464K)->6259K(6464K)
[48.882s][info][gc             ] GC(96) Pause Young (Allocation Failure) 370M->127M(475M) 22.004ms
[48.882s][info][gc,cpu         ] GC(96) User=0.04s Sys=0.00s Real=0.02s
[49.309s][info][gc,start       ] GC(97) Pause Young (Allocation Failure)
[49.310s][info][gc,heap        ] GC(97) PSYoungGen: 297216K(311296K)->64K(288768K) Eden: 288256K(288256K)->0K(288256K) From: 8960K(23040K)->64K(512K)
[49.310s][info][gc,heap        ] GC(97) ParOldGen: 121615K(175104K)->121623K(175104K)
[49.310s][info][gc,metaspace   ] GC(97) Metaspace: 34429K(35072K)->34429K(35072K) NonClass: 28169K(28608K)->28169K(28608K) Class: 6259K(6464K)->6259K(6464K)
[49.310s][info][gc             ] GC(97) Pause Young (Allocation Failure) 409M->118M(453M) 1.148ms
[49.310s][info][gc,cpu         ] GC(97) User=0.00s Sys=0.00s Real=0.00s
[50.042s][info][gc,start       ] GC(98) Pause Young (Allocation Failure)
[50.043s][info][gc,heap        ] GC(98) PSYoungGen: 288320K(288768K)->64K(310784K) Eden: 288256K(288256K)->0K(288768K) From: 64K(512K)->64K(22016K)
[50.043s][info][gc,heap        ] GC(98) ParOldGen: 121623K(175104K)->121631K(175104K)
[50.043s][info][gc,metaspace   ] GC(98) Metaspace: 34429K(35072K)->34429K(35072K) NonClass: 28169K(28608K)->28169K(28608K) Class: 6259K(6464K)->6259K(6464K)
[50.043s][info][gc             ] GC(98) Pause Young (Allocation Failure) 400M->118M(474M) 1.100ms
[50.043s][info][gc,cpu         ] GC(98) User=0.00s Sys=0.00s Real=0.00s
[50.879s][info][gc,start       ] GC(99) Pause Young (Allocation Failure)
[50.881s][info][gc,heap        ] GC(99) PSYoungGen: 288832K(310784K)->64K(310272K) Eden: 288768K(288768K)->0K(288768K) From: 64K(22016K)->64K(21504K)
[50.881s][info][gc,heap        ] GC(99) ParOldGen: 121631K(175104K)->121647K(175104K)
[50.881s][info][gc,metaspace   ] GC(99) Metaspace: 34461K(35136K)->34461K(35136K) NonClass: 28202K(28672K)->28202K(28672K) Class: 6259K(6464K)->6259K(6464K)
[50.881s][info][gc             ] GC(99) Pause Young (Allocation Failure) 400M->118M(474M) 1.250ms
[50.881s][info][gc,cpu         ] GC(99) User=0.00s Sys=0.00s Real=0.00s
[51.143s][info][gc,start       ] GC(100) Pause Young (Allocation Failure)
[51.144s][info][gc,heap        ] GC(100) PSYoungGen: 288832K(310272K)->64K(311296K) Eden: 288768K(288768K)->0K(290816K) From: 64K(21504K)->64K(20480K)
[51.144s][info][gc,heap        ] GC(100) ParOldGen: 121647K(175104K)->121663K(175104K)
[51.144s][info][gc,metaspace   ] GC(100) Metaspace: 34461K(35136K)->34461K(35136K) NonClass: 28202K(28672K)->28202K(28672K) Class: 6259K(6464K)->6259K(6464K)
[51.144s][info][gc             ] GC(100) Pause Young (Allocation Failure) 400M->118M(475M) 1.176ms
[51.144s][info][gc,cpu         ] GC(100) User=0.00s Sys=0.00s Real=0.00s
[51.409s][info][gc,start       ] GC(101) Pause Young (Allocation Failure)
[51.410s][info][gc,heap        ] GC(101) PSYoungGen: 290880K(311296K)->64K(310784K) Eden: 290816K(290816K)->0K(290816K) From: 64K(20480K)->64K(19968K)
[51.410s][info][gc,heap        ] GC(101) ParOldGen: 121663K(175104K)->121663K(175104K)
[51.410s][info][gc,metaspace   ] GC(101) Metaspace: 34461K(35136K)->34461K(35136K) NonClass: 28202K(28672K)->28202K(28672K) Class: 6259K(6464K)->6259K(6464K)
[51.410s][info][gc             ] GC(101) Pause Young (Allocation Failure) 402M->118M(474M) 1.272ms
[51.410s][info][gc,cpu         ] GC(101) User=0.00s Sys=0.00s Real=0.00s
[51.806s][info][gc,start       ] GC(102) Pause Young (Allocation Failure)
[51.807s][info][gc,heap        ] GC(102) PSYoungGen: 290880K(310784K)->64K(312832K) Eden: 290816K(290816K)->0K(294400K) From: 64K(19968K)->64K(18432K)
[51.807s][info][gc,heap        ] GC(102) ParOldGen: 121663K(175104K)->121663K(175104K)
[51.807s][info][gc,metaspace   ] GC(102) Metaspace: 34461K(35136K)->34461K(35136K) NonClass: 28202K(28672K)->28202K(28672K) Class: 6259K(6464K)->6259K(6464K)
[51.807s][info][gc             ] GC(102) Pause Young (Allocation Failure) 402M->118M(476M) 0.813ms
[51.807s][info][gc,cpu         ] GC(102) User=0.00s Sys=0.00s Real=0.00s
[51.946s][info][gc,start       ] GC(103) Pause Young (Allocation Failure)
[51.947s][info][gc,heap        ] GC(103) PSYoungGen: 294464K(312832K)->64K(312320K) Eden: 294400K(294400K)->0K(294400K) From: 64K(18432K)->64K(17920K)
[51.947s][info][gc,heap        ] GC(103) ParOldGen: 121663K(175104K)->121671K(175104K)
[51.947s][info][gc,metaspace   ] GC(103) Metaspace: 34475K(35136K)->34475K(35136K) NonClass: 28216K(28672K)->28216K(28672K) Class: 6259K(6464K)->6259K(6464K)
[51.947s][info][gc             ] GC(103) Pause Young (Allocation Failure) 406M->118M(476M) 0.825ms
[51.947s][info][gc,cpu         ] GC(103) User=0.00s Sys=0.00s Real=0.00s
[52.007s][info][gc,start       ] GC(104) Pause Young (Allocation Failure)
[52.008s][info][gc,heap        ] GC(104) PSYoungGen: 294464K(312320K)->32K(314880K) Eden: 294400K(294400K)->0K(298496K) From: 64K(17920K)->32K(16384K)
[52.008s][info][gc,heap        ] GC(104) ParOldGen: 121671K(175104K)->121687K(175104K)
[52.008s][info][gc,metaspace   ] GC(104) Metaspace: 34475K(35136K)->34475K(35136K) NonClass: 28216K(28672K)->28216K(28672K) Class: 6259K(6464K)->6259K(6464K)
[52.008s][info][gc             ] GC(104) Pause Young (Allocation Failure) 406M->118M(478M) 0.848ms
[52.008s][info][gc,cpu         ] GC(104) User=0.00s Sys=0.00s Real=0.00s
[52.171s][info][gc,start       ] GC(105) Pause Young (Allocation Failure)
[52.172s][info][gc,heap        ] GC(105) PSYoungGen: 298528K(314880K)->64K(314880K) Eden: 298496K(298496K)->0K(298496K) From: 32K(16384K)->64K(16384K)
[52.172s][info][gc,heap        ] GC(105) ParOldGen: 121687K(175104K)->121687K(175104K)
[52.172s][info][gc,metaspace   ] GC(105) Metaspace: 34475K(35136K)->34475K(35136K) NonClass: 28216K(28672K)->28216K(28672K) Class: 6259K(6464K)->6259K(6464K)
[52.172s][info][gc             ] GC(105) Pause Young (Allocation Failure) 410M->118M(478M) 0.937ms
[52.172s][info][gc,cpu         ] GC(105) User=0.00s Sys=0.00s Real=0.00s
[52.468s][info][gc,start       ] GC(106) Pause Young (Allocation Failure)
[52.469s][info][gc,heap        ] GC(106) PSYoungGen: 298560K(314880K)->64K(287232K) Eden: 298496K(298496K)->0K(286720K) From: 64K(16384K)->64K(512K)
[52.469s][info][gc,heap        ] GC(106) ParOldGen: 121687K(175104K)->121695K(175104K)
[52.469s][info][gc,metaspace   ] GC(106) Metaspace: 34475K(35136K)->34475K(35136K) NonClass: 28216K(28672K)->28216K(28672K) Class: 6259K(6464K)->6259K(6464K)
[52.469s][info][gc             ] GC(106) Pause Young (Allocation Failure) 410M->118M(451M) 1.070ms
[52.469s][info][gc,cpu         ] GC(106) User=0.00s Sys=0.00s Real=0.00s
[52.660s][info][gc,start       ] GC(107) Pause Young (Allocation Failure)
[52.662s][info][gc,heap        ] GC(107) PSYoungGen: 286784K(287232K)->64K(290304K) Eden: 286720K(286720K)->0K(275456K) From: 64K(512K)->64K(14848K)
[52.662s][info][gc,heap        ] GC(107) ParOldGen: 121695K(175104K)->121711K(175104K)
[52.662s][info][gc,metaspace   ] GC(107) Metaspace: 34475K(35136K)->34475K(35136K) NonClass: 28216K(28672K)->28216K(28672K) Class: 6259K(6464K)->6259K(6464K)
[52.662s][info][gc             ] GC(107) Pause Young (Allocation Failure) 398M->118M(454M) 1.531ms
[52.662s][info][gc,cpu         ] GC(107) User=0.00s Sys=0.00s Real=0.00s
[52.738s][info][gc,start       ] GC(108) Pause Young (Allocation Failure)
[52.740s][info][gc,heap        ] GC(108) PSYoungGen: 275520K(290304K)->32K(304128K) Eden: 275456K(275456K)->0K(290304K) From: 64K(14848K)->32K(13824K)
[52.740s][info][gc,heap        ] GC(108) ParOldGen: 121711K(175104K)->121727K(175104K)
[52.740s][info][gc,metaspace   ] GC(108) Metaspace: 34475K(35136K)->34475K(35136K) NonClass: 28216K(28672K)->28216K(28672K) Class: 6259K(6464K)->6259K(6464K)
[52.740s][info][gc             ] GC(108) Pause Young (Allocation Failure) 387M->118M(468M) 1.493ms
[52.740s][info][gc,cpu         ] GC(108) User=0.00s Sys=0.00s Real=0.00s
[52.982s][info][gc,start       ] GC(109) Pause Young (Allocation Failure)
[52.984s][info][gc,heap        ] GC(109) PSYoungGen: 290336K(304128K)->64K(279040K) Eden: 290304K(290304K)->0K(278528K) From: 32K(13824K)->64K(512K)
[52.984s][info][gc,heap        ] GC(109) ParOldGen: 121727K(175104K)->121727K(175104K)
[52.984s][info][gc,metaspace   ] GC(109) Metaspace: 34495K(35136K)->34495K(35136K) NonClass: 28236K(28672K)->28236K(28672K) Class: 6259K(6464K)->6259K(6464K)
[52.984s][info][gc             ] GC(109) Pause Young (Allocation Failure) 402M->118M(443M) 2.020ms
[52.984s][info][gc,cpu         ] GC(109) User=0.01s Sys=0.00s Real=0.00s
[53.513s][info][gc,start       ] GC(110) Pause Young (Allocation Failure)
[53.515s][info][gc,heap        ] GC(110) PSYoungGen: 278592K(279040K)->64K(267776K) Eden: 278528K(278528K)->0K(267264K) From: 64K(512K)->64K(512K)
[53.515s][info][gc,heap        ] GC(110) ParOldGen: 121727K(175104K)->121743K(175104K)
[53.515s][info][gc,metaspace   ] GC(110) Metaspace: 34516K(35136K)->34516K(35136K) NonClass: 28257K(28672K)->28257K(28672K) Class: 6259K(6464K)->6259K(6464K)
[53.515s][info][gc             ] GC(110) Pause Young (Allocation Failure) 390M->118M(432M) 1.979ms
[53.515s][info][gc,cpu         ] GC(110) User=0.00s Sys=0.00s Real=0.01s
[54.183s][info][gc,start       ] GC(111) Pause Young (Allocation Failure)
[54.185s][info][gc,heap        ] GC(111) PSYoungGen: 267328K(267776K)->64K(268288K) Eden: 267264K(267264K)->0K(257024K) From: 64K(512K)->64K(11264K)
[54.185s][info][gc,heap        ] GC(111) ParOldGen: 121743K(175104K)->121759K(175104K)
[54.185s][info][gc,metaspace   ] GC(111) Metaspace: 34516K(35136K)->34516K(35136K) NonClass: 28257K(28672K)->28257K(28672K) Class: 6259K(6464K)->6259K(6464K)
[54.185s][info][gc             ] GC(111) Pause Young (Allocation Failure) 379M->118M(433M) 1.447ms
[54.185s][info][gc,cpu         ] GC(111) User=0.00s Sys=0.00s Real=0.01s
[55.452s][info][gc,start       ] GC(112) Pause Young (Allocation Failure)
[55.454s][info][gc,heap        ] GC(112) PSYoungGen: 257088K(268288K)->64K(247296K) Eden: 257024K(257024K)->0K(246784K) From: 64K(11264K)->64K(512K)
[55.454s][info][gc,heap        ] GC(112) ParOldGen: 121759K(175104K)->121767K(175104K)
[55.454s][info][gc,metaspace   ] GC(112) Metaspace: 34576K(35200K)->34576K(35200K) NonClass: 28317K(28736K)->28317K(28736K) Class: 6259K(6464K)->6259K(6464K)
[55.454s][info][gc             ] GC(112) Pause Young (Allocation Failure) 369M->118M(412M) 2.542ms
[55.454s][info][gc,cpu         ] GC(112) User=0.00s Sys=0.00s Real=0.01s
[55.844s][info][gc,start       ] GC(113) Pause Young (Allocation Failure)
[55.845s][info][gc,heap        ] GC(113) PSYoungGen: 246848K(247296K)->64K(247296K) Eden: 246784K(246784K)->0K(237056K) From: 64K(512K)->64K(10240K)
[55.845s][info][gc,heap        ] GC(113) ParOldGen: 121767K(175104K)->121775K(175104K)
[55.845s][info][gc,metaspace   ] GC(113) Metaspace: 34576K(35200K)->34576K(35200K) NonClass: 28317K(28736K)->28317K(28736K) Class: 6259K(6464K)->6259K(6464K)
[55.845s][info][gc             ] GC(113) Pause Young (Allocation Failure) 359M->118M(412M) 0.910ms
[55.845s][info][gc,cpu         ] GC(113) User=0.00s Sys=0.00s Real=0.01s
[56.505s][info][gc,start       ] GC(114) Pause Young (Allocation Failure)
[56.507s][info][gc,heap        ] GC(114) PSYoungGen: 237120K(247296K)->64K(228352K) Eden: 237056K(237056K)->0K(227840K) From: 64K(10240K)->64K(512K)
[56.507s][info][gc,heap        ] GC(114) ParOldGen: 121775K(175104K)->121783K(175104K)
[56.507s][info][gc,metaspace   ] GC(114) Metaspace: 34631K(35264K)->34631K(35264K) NonClass: 28371K(28800K)->28371K(28800K) Class: 6259K(6464K)->6259K(6464K)
[56.507s][info][gc             ] GC(114) Pause Young (Allocation Failure) 350M->118M(394M) 1.529ms
[56.507s][info][gc,cpu         ] GC(114) User=0.00s Sys=0.00s Real=0.00s
[57.714s][info][gc,start       ] GC(115) Pause Young (Allocation Failure)
[57.715s][info][gc,heap        ] GC(115) PSYoungGen: 227904K(228352K)->64K(227840K) Eden: 227840K(227840K)->0K(219136K) From: 64K(512K)->64K(8704K)
[57.715s][info][gc,heap        ] GC(115) ParOldGen: 121783K(175104K)->121791K(175104K)
[57.715s][info][gc,metaspace   ] GC(115) Metaspace: 34633K(35264K)->34633K(35264K) NonClass: 28373K(28800K)->28373K(28800K) Class: 6259K(6464K)->6259K(6464K)
[57.715s][info][gc             ] GC(115) Pause Young (Allocation Failure) 341M->118M(393M) 1.669ms
[57.715s][info][gc,cpu         ] GC(115) User=0.00s Sys=0.00s Real=0.01s
[58.540s][info][gc,start       ] GC(116) Pause Young (Allocation Failure)
[58.543s][info][gc,heap        ] GC(116) PSYoungGen: 219200K(227840K)->64K(211456K) Eden: 219136K(219136K)->0K(210944K) From: 64K(8704K)->64K(512K)
[58.543s][info][gc,heap        ] GC(116) ParOldGen: 121791K(175104K)->121807K(175104K)
[58.543s][info][gc,metaspace   ] GC(116) Metaspace: 34754K(35392K)->34754K(35392K) NonClass: 28495K(28928K)->28495K(28928K) Class: 6259K(6464K)->6259K(6464K)
[58.543s][info][gc             ] GC(116) Pause Young (Allocation Failure) 332M->119M(377M) 2.343ms
[58.543s][info][gc,cpu         ] GC(116) User=0.00s Sys=0.00s Real=0.00s
[58.775s][info][gc,start       ] GC(117) Pause Young (Allocation Failure)
[58.776s][info][gc,heap        ] GC(117) PSYoungGen: 211008K(211456K)->64K(210944K) Eden: 210944K(210944K)->0K(203264K) From: 64K(512K)->64K(7680K)
[58.776s][info][gc,heap        ] GC(117) ParOldGen: 121807K(175104K)->121815K(175104K)
[58.776s][info][gc,metaspace   ] GC(117) Metaspace: 34774K(35456K)->34774K(35456K) NonClass: 28515K(28992K)->28515K(28992K) Class: 6259K(6464K)->6259K(6464K)
[58.776s][info][gc             ] GC(117) Pause Young (Allocation Failure) 325M->119M(377M) 1.234ms
[58.776s][info][gc,cpu         ] GC(117) User=0.00s Sys=0.00s Real=0.00s
[58.830s][info][gc,start       ] GC(118) Pause Young (Allocation Failure)
[58.831s][info][gc,heap        ] GC(118) PSYoungGen: 203328K(210944K)->32K(196096K) Eden: 203264K(203264K)->0K(195584K) From: 64K(7680K)->32K(512K)
[58.831s][info][gc,heap        ] GC(118) ParOldGen: 121815K(175104K)->121831K(175104K)
[58.831s][info][gc,metaspace   ] GC(118) Metaspace: 34774K(35456K)->34774K(35456K) NonClass: 28515K(28992K)->28515K(28992K) Class: 6259K(6464K)->6259K(6464K)
[58.831s][info][gc             ] GC(118) Pause Young (Allocation Failure) 317M->119M(362M) 1.396ms
[58.831s][info][gc,cpu         ] GC(118) User=0.00s Sys=0.00s Real=0.00s
[59.200s][info][gc,start       ] GC(119) Pause Young (Allocation Failure)
[59.201s][info][gc,heap        ] GC(119) PSYoungGen: 195616K(196096K)->64K(195072K) Eden: 195584K(195584K)->0K(188416K) From: 32K(512K)->64K(6656K)
[59.201s][info][gc,heap        ] GC(119) ParOldGen: 121831K(175104K)->121831K(175104K)
[59.201s][info][gc,metaspace   ] GC(119) Metaspace: 34774K(35456K)->34774K(35456K) NonClass: 28515K(28992K)->28515K(28992K) Class: 6259K(6464K)->6259K(6464K)
[59.201s][info][gc             ] GC(119) Pause Young (Allocation Failure) 310M->119M(361M) 1.484ms
[59.201s][info][gc,cpu         ] GC(119) User=0.00s Sys=0.00s Real=0.00s
[59.690s][info][gc,start       ] GC(120) Pause Young (Allocation Failure)
[59.692s][info][gc,heap        ] GC(120) PSYoungGen: 188480K(195072K)->64K(182272K) Eden: 188416K(188416K)->0K(181760K) From: 64K(6656K)->64K(512K)
[59.692s][info][gc,heap        ] GC(120) ParOldGen: 121831K(175104K)->121847K(175104K)
[59.692s][info][gc,metaspace   ] GC(120) Metaspace: 34777K(35456K)->34777K(35456K) NonClass: 28518K(28992K)->28518K(28992K) Class: 6259K(6464K)->6259K(6464K)
[59.692s][info][gc             ] GC(120) Pause Young (Allocation Failure) 303M->119M(349M) 2.375ms
[59.692s][info][gc,cpu         ] GC(120) User=0.00s Sys=0.00s Real=0.00s
[59.884s][info][gc,start       ] GC(121) Pause Young (Allocation Failure)
[59.885s][info][gc,heap        ] GC(121) PSYoungGen: 181824K(182272K)->64K(180736K) Eden: 181760K(181760K)->0K(175104K) From: 64K(512K)->64K(5632K)
[59.885s][info][gc,heap        ] GC(121) ParOldGen: 121847K(175104K)->121855K(175104K)
[59.885s][info][gc,metaspace   ] GC(121) Metaspace: 34779K(35456K)->34779K(35456K) NonClass: 28519K(28992K)->28519K(28992K) Class: 6259K(6464K)->6259K(6464K)
[59.885s][info][gc             ] GC(121) Pause Young (Allocation Failure) 296M->119M(347M) 1.214ms
[59.885s][info][gc,cpu         ] GC(121) User=0.00s Sys=0.00s Real=0.01s
[60.166s][info][gc,start       ] GC(122) Pause Young (Allocation Failure)
[60.195s][info][gc,heap        ] GC(122) PSYoungGen: 175168K(180736K)->5120K(215552K) Eden: 175104K(175104K)->0K(210432K) From: 64K(5632K)->5120K(5120K)
[60.195s][info][gc,heap        ] GC(122) ParOldGen: 121855K(175104K)->125367K(175104K)
[60.195s][info][gc,metaspace   ] GC(122) Metaspace: 34795K(35456K)->34795K(35456K) NonClass: 28536K(28992K)->28536K(28992K) Class: 6259K(6464K)->6259K(6464K)
[60.195s][info][gc             ] GC(122) Pause Young (Allocation Failure) 290M->127M(381M) 29.082ms
[60.195s][info][gc,cpu         ] GC(122) User=0.02s Sys=0.01s Real=0.03s
[60.451s][info][gc,start       ] GC(123) Pause Young (Allocation Failure)
[60.496s][info][gc,heap        ] GC(123) PSYoungGen: 215552K(215552K)->7680K(245248K) Eden: 210432K(210432K)->0K(237568K) From: 5120K(5120K)->7680K(7680K)
[60.496s][info][gc,heap        ] GC(123) ParOldGen: 125367K(175104K)->140103K(175104K)
[60.496s][info][gc,metaspace   ] GC(123) Metaspace: 34795K(35456K)->34795K(35456K) NonClass: 28536K(28992K)->28536K(28992K) Class: 6259K(6464K)->6259K(6464K)
[60.496s][info][gc             ] GC(123) Pause Young (Allocation Failure) 332M->144M(410M) 44.508ms
[60.496s][info][gc,cpu         ] GC(123) User=0.08s Sys=0.00s Real=0.05s
[60.792s][info][gc,start       ] GC(124) Pause Young (Allocation Failure)
[60.849s][info][gc,heap        ] GC(124) PSYoungGen: 245248K(245248K)->14848K(260608K) Eden: 237568K(237568K)->0K(245760K) From: 7680K(7680K)->14848K(14848K)
[60.849s][info][gc,heap        ] GC(124) ParOldGen: 140103K(175104K)->150943K(175104K)
[60.849s][info][gc,metaspace   ] GC(124) Metaspace: 34795K(35456K)->34795K(35456K) NonClass: 28536K(28992K)->28536K(28992K) Class: 6259K(6464K)->6259K(6464K)
[60.849s][info][gc             ] GC(124) Pause Young (Allocation Failure) 376M->161M(425M) 56.539ms
[60.849s][info][gc,cpu         ] GC(124) User=0.09s Sys=0.02s Real=0.06s
[61.031s][info][gc,start       ] GC(125) Pause Young (Allocation Failure)
[61.057s][info][gc,heap        ] GC(125) PSYoungGen: 260608K(260608K)->12928K(267776K) Eden: 245760K(245760K)->0K(245760K) From: 14848K(14848K)->12928K(22016K)
[61.057s][info][gc,heap        ] GC(125) ParOldGen: 150943K(175104K)->151343K(175104K)
[61.057s][info][gc,metaspace   ] GC(125) Metaspace: 34795K(35456K)->34795K(35456K) NonClass: 28536K(28992K)->28536K(28992K) Class: 6259K(6464K)->6259K(6464K)
[61.057s][info][gc             ] GC(125) Pause Young (Allocation Failure) 401M->160M(432M) 26.396ms
[61.057s][info][gc,cpu         ] GC(125) User=0.05s Sys=0.01s Real=0.03s
[61.227s][info][gc,start       ] GC(126) Pause Young (Allocation Failure)
[61.228s][info][gc,heap        ] GC(126) PSYoungGen: 258688K(267776K)->64K(311296K) Eden: 245760K(245760K)->0K(288256K) From: 12928K(22016K)->64K(23040K)
[61.228s][info][gc,heap        ] GC(126) ParOldGen: 151343K(175104K)->151351K(175104K)
[61.228s][info][gc,metaspace   ] GC(126) Metaspace: 34795K(35456K)->34795K(35456K) NonClass: 28536K(28992K)->28536K(28992K) Class: 6259K(6464K)->6259K(6464K)
[61.228s][info][gc             ] GC(126) Pause Young (Allocation Failure) 400M->147M(475M) 0.948ms
[61.228s][info][gc,cpu         ] GC(126) User=0.00s Sys=0.00s Real=0.00s
[61.985s][info][gc,start       ] GC(127) Pause Young (Allocation Failure)
[61.986s][info][gc,heap        ] GC(127) PSYoungGen: 288320K(311296K)->64K(288768K) Eden: 288256K(288256K)->0K(288256K) From: 64K(23040K)->64K(512K)
[61.986s][info][gc,heap        ] GC(127) ParOldGen: 151351K(175104K)->151367K(175104K)
[61.986s][info][gc,metaspace   ] GC(127) Metaspace: 34795K(35456K)->34795K(35456K) NonClass: 28536K(28992K)->28536K(28992K) Class: 6259K(6464K)->6259K(6464K)
[61.986s][info][gc             ] GC(127) Pause Young (Allocation Failure) 429M->147M(453M) 1.036ms
[61.986s][info][gc,cpu         ] GC(127) User=0.00s Sys=0.00s Real=0.00s
[62.553s][info][gc,start       ] GC(128) Pause Young (Allocation Failure)
[62.554s][info][gc,heap        ] GC(128) PSYoungGen: 288320K(288768K)->64K(311296K) Eden: 288256K(288256K)->0K(289280K) From: 64K(512K)->64K(22016K)
[62.555s][info][gc,heap        ] GC(128) ParOldGen: 151367K(175104K)->151367K(175104K)
[62.555s][info][gc,metaspace   ] GC(128) Metaspace: 34828K(35456K)->34828K(35456K) NonClass: 28568K(28992K)->28568K(28992K) Class: 6259K(6464K)->6259K(6464K)
[62.555s][info][gc             ] GC(128) Pause Young (Allocation Failure) 429M->147M(475M) 1.212ms
[62.555s][info][gc,cpu         ] GC(128) User=0.00s Sys=0.01s Real=0.01s
[63.151s][info][gc,start       ] GC(129) Pause Young (Allocation Failure)
[63.152s][info][gc,heap        ] GC(129) PSYoungGen: 289344K(311296K)->64K(310272K) Eden: 289280K(289280K)->0K(289280K) From: 64K(22016K)->64K(20992K)
[63.152s][info][gc,heap        ] GC(129) ParOldGen: 151367K(175104K)->151383K(175104K)
[63.152s][info][gc,metaspace   ] GC(129) Metaspace: 34828K(35456K)->34828K(35456K) NonClass: 28568K(28992K)->28568K(28992K) Class: 6259K(6464K)->6259K(6464K)
[63.152s][info][gc             ] GC(129) Pause Young (Allocation Failure) 430M->147M(474M) 1.359ms
[63.152s][info][gc,cpu         ] GC(129) User=0.01s Sys=0.00s Real=0.00s
[63.404s][info][gc,start       ] GC(130) Pause Young (Allocation Failure)
[63.405s][info][gc,heap        ] GC(130) PSYoungGen: 289344K(310272K)->64K(311808K) Eden: 289280K(289280K)->0K(291840K) From: 64K(20992K)->64K(19968K)
[63.405s][info][gc,heap        ] GC(130) ParOldGen: 151383K(175104K)->151399K(175104K)
[63.405s][info][gc,metaspace   ] GC(130) Metaspace: 34860K(35520K)->34860K(35520K) NonClass: 28600K(29056K)->28600K(29056K) Class: 6259K(6464K)->6259K(6464K)
[63.405s][info][gc             ] GC(130) Pause Young (Allocation Failure) 430M->147M(475M) 1.038ms
[63.405s][info][gc,cpu         ] GC(130) User=0.00s Sys=0.00s Real=0.01s
[63.630s][info][gc,start       ] GC(131) Pause Young (Allocation Failure)
[63.631s][info][gc,heap        ] GC(131) PSYoungGen: 291904K(311808K)->64K(311296K) Eden: 291840K(291840K)->0K(291840K) From: 64K(19968K)->64K(19456K)
[63.631s][info][gc,heap        ] GC(131) ParOldGen: 151399K(175104K)->151399K(175104K)
[63.631s][info][gc,metaspace   ] GC(131) Metaspace: 34860K(35520K)->34860K(35520K) NonClass: 28600K(29056K)->28600K(29056K) Class: 6259K(6464K)->6259K(6464K)
[63.631s][info][gc             ] GC(131) Pause Young (Allocation Failure) 432M->147M(475M) 1.061ms
[63.631s][info][gc,cpu         ] GC(131) User=0.00s Sys=0.00s Real=0.00s
[63.929s][info][gc,start       ] GC(132) Pause Young (Allocation Failure)
[63.930s][info][gc,heap        ] GC(132) PSYoungGen: 291904K(311296K)->64K(313344K) Eden: 291840K(291840K)->0K(295424K) From: 64K(19456K)->64K(17920K)
[63.930s][info][gc,heap        ] GC(132) ParOldGen: 151399K(175104K)->151399K(175104K)
[63.930s][info][gc,metaspace   ] GC(132) Metaspace: 34860K(35520K)->34860K(35520K) NonClass: 28600K(29056K)->28600K(29056K) Class: 6259K(6464K)->6259K(6464K)
[63.930s][info][gc             ] GC(132) Pause Young (Allocation Failure) 432M->147M(477M) 0.942ms
[63.930s][info][gc,cpu         ] GC(132) User=0.00s Sys=0.00s Real=0.00s
[63.992s][info][gc,start       ] GC(133) Pause Young (Allocation Failure)
[63.992s][info][gc,heap        ] GC(133) PSYoungGen: 295488K(313344K)->64K(312832K) Eden: 295424K(295424K)->0K(295424K) From: 64K(17920K)->64K(17408K)
[63.992s][info][gc,heap        ] GC(133) ParOldGen: 151399K(175104K)->151415K(175104K)
[63.992s][info][gc,metaspace   ] GC(133) Metaspace: 34860K(35520K)->34860K(35520K) NonClass: 28600K(29056K)->28600K(29056K) Class: 6259K(6464K)->6259K(6464K)
[63.992s][info][gc             ] GC(133) Pause Young (Allocation Failure) 436M->147M(476M) 0.930ms
[63.992s][info][gc,cpu         ] GC(133) User=0.00s Sys=0.00s Real=0.00s
[64.085s][info][gc,start       ] GC(134) Pause Young (Allocation Failure)
[64.086s][info][gc,heap        ] GC(134) PSYoungGen: 295488K(312832K)->64K(315392K) Eden: 295424K(295424K)->0K(299520K) From: 64K(17408K)->64K(15872K)
[64.086s][info][gc,heap        ] GC(134) ParOldGen: 151415K(175104K)->151415K(175104K)
[64.086s][info][gc,metaspace   ] GC(134) Metaspace: 34861K(35520K)->34861K(35520K) NonClass: 28601K(29056K)->28601K(29056K) Class: 6259K(6464K)->6259K(6464K)
[64.086s][info][gc             ] GC(134) Pause Young (Allocation Failure) 436M->147M(479M) 1.017ms
[64.086s][info][gc,cpu         ] GC(134) User=0.00s Sys=0.00s Real=0.00s
[64.393s][info][gc,start       ] GC(135) Pause Young (Allocation Failure)
[64.394s][info][gc,heap        ] GC(135) PSYoungGen: 299584K(315392K)->64K(315392K) Eden: 299520K(299520K)->0K(299520K) From: 64K(15872K)->64K(15872K)
[64.394s][info][gc,heap        ] GC(135) ParOldGen: 151415K(175104K)->151431K(175104K)
[64.394s][info][gc,metaspace   ] GC(135) Metaspace: 34861K(35520K)->34861K(35520K) NonClass: 28601K(29056K)->28601K(29056K) Class: 6259K(6464K)->6259K(6464K)
[64.394s][info][gc             ] GC(135) Pause Young (Allocation Failure) 440M->147M(479M) 1.024ms
[64.394s][info][gc,cpu         ] GC(135) User=0.00s Sys=0.00s Real=0.00s
[64.615s][info][gc,start       ] GC(136) Pause Young (Allocation Failure)
[64.616s][info][gc,heap        ] GC(136) PSYoungGen: 299584K(315392K)->64K(288256K) Eden: 299520K(299520K)->0K(287744K) From: 64K(15872K)->64K(512K)
[64.616s][info][gc,heap        ] GC(136) ParOldGen: 151431K(175104K)->151431K(175104K)
[64.616s][info][gc,metaspace   ] GC(136) Metaspace: 34861K(35520K)->34861K(35520K) NonClass: 28601K(29056K)->28601K(29056K) Class: 6259K(6464K)->6259K(6464K)
[64.616s][info][gc             ] GC(136) Pause Young (Allocation Failure) 440M->147M(452M) 1.019ms
[64.616s][info][gc,cpu         ] GC(136) User=0.00s Sys=0.00s Real=0.00s
[64.694s][info][gc,start       ] GC(137) Pause Young (Allocation Failure)
[64.695s][info][gc,heap        ] GC(137) PSYoungGen: 287808K(288256K)->64K(290304K) Eden: 287744K(287744K)->0K(276480K) From: 64K(512K)->64K(13824K)
[64.695s][info][gc,heap        ] GC(137) ParOldGen: 151431K(175104K)->151447K(175104K)
[64.695s][info][gc,metaspace   ] GC(137) Metaspace: 34861K(35520K)->34861K(35520K) NonClass: 28602K(29056K)->28602K(29056K) Class: 6259K(6464K)->6259K(6464K)
[64.695s][info][gc             ] GC(137) Pause Young (Allocation Failure) 428M->147M(454M) 0.951ms
[64.695s][info][gc,cpu         ] GC(137) User=0.00s Sys=0.00s Real=0.00s
[64.828s][info][gc,start       ] GC(138) Pause Young (Allocation Failure)
[64.829s][info][gc,heap        ] GC(138) PSYoungGen: 276544K(290304K)->64K(266240K) Eden: 276480K(276480K)->0K(265728K) From: 64K(13824K)->64K(512K)
[64.829s][info][gc,heap        ] GC(138) ParOldGen: 151447K(175104K)->151447K(175104K)
[64.829s][info][gc,metaspace   ] GC(138) Metaspace: 34861K(35520K)->34861K(35520K) NonClass: 28602K(29056K)->28602K(29056K) Class: 6259K(6464K)->6259K(6464K)
[64.829s][info][gc             ] GC(138) Pause Young (Allocation Failure) 417M->147M(431M) 1.022ms
[64.829s][info][gc,cpu         ] GC(138) User=0.00s Sys=0.00s Real=0.00s
[65.098s][info][gc,start       ] GC(139) Pause Young (Allocation Failure)
[65.100s][info][gc,heap        ] GC(139) PSYoungGen: 265792K(266240K)->64K(267776K) Eden: 265728K(265728K)->0K(255488K) From: 64K(512K)->64K(12288K)
[65.100s][info][gc,heap        ] GC(139) ParOldGen: 151447K(175104K)->151463K(175104K)
[65.100s][info][gc,metaspace   ] GC(139) Metaspace: 34861K(35520K)->34861K(35520K) NonClass: 28602K(29056K)->28602K(29056K) Class: 6259K(6464K)->6259K(6464K)
[65.100s][info][gc             ] GC(139) Pause Young (Allocation Failure) 407M->147M(432M) 1.739ms
[65.100s][info][gc,cpu         ] GC(139) User=0.01s Sys=0.00s Real=0.00s
[65.946s][info][gc,start       ] GC(140) Pause Young (Allocation Failure)
[65.948s][info][gc,heap        ] GC(140) PSYoungGen: 255552K(267776K)->64K(246272K) Eden: 255488K(255488K)->0K(245760K) From: 64K(12288K)->64K(512K)
[65.948s][info][gc,heap        ] GC(140) ParOldGen: 151463K(175104K)->151479K(175104K)
[65.948s][info][gc,metaspace   ] GC(140) Metaspace: 34929K(35584K)->34929K(35584K) NonClass: 28670K(29120K)->28670K(29120K) Class: 6259K(6464K)->6259K(6464K)
[65.948s][info][gc             ] GC(140) Pause Young (Allocation Failure) 397M->147M(411M) 2.061ms
[65.948s][info][gc,cpu         ] GC(140) User=0.00s Sys=0.00s Real=0.00s
[66.858s][info][gc,start       ] GC(141) Pause Young (Allocation Failure)
[66.859s][info][gc,heap        ] GC(141) PSYoungGen: 245824K(246272K)->64K(247296K) Eden: 245760K(245760K)->0K(236544K) From: 64K(512K)->64K(10752K)
[66.859s][info][gc,heap        ] GC(141) ParOldGen: 151479K(175104K)->151495K(175104K)
[66.859s][info][gc,metaspace   ] GC(141) Metaspace: 34929K(35584K)->34929K(35584K) NonClass: 28670K(29120K)->28670K(29120K) Class: 6259K(6464K)->6259K(6464K)
[66.859s][info][gc             ] GC(141) Pause Young (Allocation Failure) 387M->148M(412M) 1.538ms
[66.859s][info][gc,cpu         ] GC(141) User=0.00s Sys=0.00s Real=0.00s
[67.079s][info][gc,start       ] GC(142) Pause Young (Allocation Failure)
[67.081s][info][gc,heap        ] GC(142) PSYoungGen: 236608K(247296K)->64K(227840K) Eden: 236544K(236544K)->0K(227328K) From: 64K(10752K)->64K(512K)
[67.081s][info][gc,heap        ] GC(142) ParOldGen: 151495K(175104K)->151511K(175104K)
[67.081s][info][gc,metaspace   ] GC(142) Metaspace: 34930K(35584K)->34930K(35584K) NonClass: 28671K(29120K)->28671K(29120K) Class: 6259K(6464K)->6259K(6464K)
[67.081s][info][gc             ] GC(142) Pause Young (Allocation Failure) 379M->148M(393M) 2.444ms
[67.081s][info][gc,cpu         ] GC(142) User=0.00s Sys=0.00s Real=0.00s
[67.568s][info][gc,start       ] GC(143) Pause Young (Allocation Failure)
[67.570s][info][gc,heap        ] GC(143) PSYoungGen: 227392K(227840K)->64K(228352K) Eden: 227328K(227328K)->0K(218624K) From: 64K(512K)->64K(9728K)
[67.570s][info][gc,heap        ] GC(143) ParOldGen: 151511K(175104K)->151527K(175104K)
[67.570s][info][gc,metaspace   ] GC(143) Metaspace: 34930K(35584K)->34930K(35584K) NonClass: 28671K(29120K)->28671K(29120K) Class: 6259K(6464K)->6259K(6464K)
[67.570s][info][gc             ] GC(143) Pause Young (Allocation Failure) 370M->148M(394M) 1.713ms
[67.570s][info][gc,cpu         ] GC(143) User=0.00s Sys=0.00s Real=0.00s
[68.657s][info][gc,start       ] GC(144) Pause Young (Allocation Failure)
[68.660s][info][gc,heap        ] GC(144) PSYoungGen: 218688K(228352K)->64K(210944K) Eden: 218624K(218624K)->0K(210432K) From: 64K(9728K)->64K(512K)
[68.660s][info][gc,heap        ] GC(144) ParOldGen: 151527K(175104K)->151543K(175104K)
[68.660s][info][gc,metaspace   ] GC(144) Metaspace: 34933K(35584K)->34933K(35584K) NonClass: 28673K(29120K)->28673K(29120K) Class: 6259K(6464K)->6259K(6464K)
[68.660s][info][gc             ] GC(144) Pause Young (Allocation Failure) 361M->148M(377M) 2.402ms
[68.660s][info][gc,cpu         ] GC(144) User=0.00s Sys=0.00s Real=0.00s
[68.986s][info][gc,start       ] GC(145) Pause Young (Allocation Failure)
[68.987s][info][gc,heap        ] GC(145) PSYoungGen: 210496K(210944K)->64K(210944K) Eden: 210432K(210432K)->0K(202752K) From: 64K(512K)->64K(8192K)
[68.988s][info][gc,heap        ] GC(145) ParOldGen: 151543K(175104K)->151559K(175104K)
[68.988s][info][gc,metaspace   ] GC(145) Metaspace: 34933K(35584K)->34933K(35584K) NonClass: 28673K(29120K)->28673K(29120K) Class: 6259K(6464K)->6259K(6464K)
[68.988s][info][gc             ] GC(145) Pause Young (Allocation Failure) 353M->148M(377M) 2.047ms
[68.988s][info][gc,cpu         ] GC(145) User=0.00s Sys=0.00s Real=0.00s
[69.376s][info][gc,start       ] GC(146) Pause Young (Allocation Failure)
[69.377s][info][gc,heap        ] GC(146) PSYoungGen: 202816K(210944K)->64K(196096K) Eden: 202752K(202752K)->0K(195584K) From: 64K(8192K)->64K(512K)
[69.377s][info][gc,heap        ] GC(146) ParOldGen: 151559K(175104K)->151567K(175104K)
[69.377s][info][gc,metaspace   ] GC(146) Metaspace: 34943K(35584K)->34943K(35584K) NonClass: 28684K(29120K)->28684K(29120K) Class: 6259K(6464K)->6259K(6464K)
[69.377s][info][gc             ] GC(146) Pause Young (Allocation Failure) 346M->148M(362M) 1.616ms
[69.377s][info][gc,cpu         ] GC(146) User=0.00s Sys=0.00s Real=0.00s
[69.541s][info][gc,start       ] GC(147) Pause Young (Allocation Failure)
[69.542s][info][gc,heap        ] GC(147) PSYoungGen: 195648K(196096K)->64K(195584K) Eden: 195584K(195584K)->0K(188416K) From: 64K(512K)->64K(7168K)
[69.542s][info][gc,heap        ] GC(147) ParOldGen: 151567K(175104K)->151575K(175104K)
[69.542s][info][gc,metaspace   ] GC(147) Metaspace: 34943K(35584K)->34943K(35584K) NonClass: 28684K(29120K)->28684K(29120K) Class: 6259K(6464K)->6259K(6464K)
[69.542s][info][gc             ] GC(147) Pause Young (Allocation Failure) 339M->148M(362M) 0.907ms
[69.542s][info][gc,cpu         ] GC(147) User=0.01s Sys=0.00s Real=0.00s
[69.606s][info][gc,start       ] GC(148) Pause Young (Allocation Failure)
[69.608s][info][gc,heap        ] GC(148) PSYoungGen: 188480K(195584K)->64K(182272K) Eden: 188416K(188416K)->0K(181760K) From: 64K(7168K)->64K(512K)
[69.608s][info][gc,heap        ] GC(148) ParOldGen: 151575K(175104K)->151591K(175104K)
[69.608s][info][gc,metaspace   ] GC(148) Metaspace: 34943K(35584K)->34943K(35584K) NonClass: 28684K(29120K)->28684K(29120K) Class: 6259K(6464K)->6259K(6464K)
[69.608s][info][gc             ] GC(148) Pause Young (Allocation Failure) 332M->148M(349M) 2.359ms
[69.608s][info][gc,cpu         ] GC(148) User=0.01s Sys=0.00s Real=0.00s
[69.988s][info][gc,start       ] GC(149) Pause Young (Allocation Failure)
[69.989s][info][gc,heap        ] GC(149) PSYoungGen: 181824K(182272K)->64K(181248K) Eden: 181760K(181760K)->0K(175104K) From: 64K(512K)->64K(6144K)
[69.989s][info][gc,heap        ] GC(149) ParOldGen: 151591K(175104K)->151599K(175104K)
[69.989s][info][gc,metaspace   ] GC(149) Metaspace: 34943K(35584K)->34943K(35584K) NonClass: 28684K(29120K)->28684K(29120K) Class: 6259K(6464K)->6259K(6464K)
[69.989s][info][gc             ] GC(149) Pause Young (Allocation Failure) 325M->148M(348M) 1.535ms
[69.989s][info][gc,cpu         ] GC(149) User=0.00s Sys=0.00s Real=0.00s
[70.389s][info][gc,start       ] GC(150) Pause Young (Allocation Failure)
[70.391s][info][gc,heap        ] GC(150) PSYoungGen: 175168K(181248K)->64K(169472K) Eden: 175104K(175104K)->0K(168960K) From: 64K(6144K)->64K(512K)
[70.391s][info][gc,heap        ] GC(150) ParOldGen: 151599K(175104K)->151615K(175104K)
[70.391s][info][gc,metaspace   ] GC(150) Metaspace: 34943K(35584K)->34943K(35584K) NonClass: 28684K(29120K)->28684K(29120K) Class: 6259K(6464K)->6259K(6464K)
[70.391s][info][gc             ] GC(150) Pause Young (Allocation Failure) 319M->148M(336M) 2.447ms
[70.391s][info][gc,cpu         ] GC(150) User=0.00s Sys=0.00s Real=0.00s
[70.569s][info][gc,start       ] GC(151) Pause Young (Allocation Failure)
[70.570s][info][gc,heap        ] GC(151) PSYoungGen: 169024K(169472K)->64K(168448K) Eden: 168960K(168960K)->0K(163328K) From: 64K(512K)->64K(5120K)
[70.570s][info][gc,heap        ] GC(151) ParOldGen: 151615K(175104K)->151623K(175104K)
[70.570s][info][gc,metaspace   ] GC(151) Metaspace: 34943K(35584K)->34943K(35584K) NonClass: 28684K(29120K)->28684K(29120K) Class: 6259K(6464K)->6259K(6464K)
[70.570s][info][gc             ] GC(151) Pause Young (Allocation Failure) 313M->148M(335M) 1.327ms
[70.570s][info][gc,cpu         ] GC(151) User=0.00s Sys=0.00s Real=0.00s
[70.828s][info][gc,start       ] GC(152) Pause Young (Allocation Failure)
[70.844s][info][gc,heap        ] GC(152) PSYoungGen: 163392K(168448K)->5120K(201216K) Eden: 163328K(163328K)->0K(196096K) From: 64K(5120K)->5120K(5120K)
[70.844s][info][gc,heap        ] GC(152) ParOldGen: 151623K(175104K)->153687K(175104K)
[70.844s][info][gc,metaspace   ] GC(152) Metaspace: 34943K(35584K)->34943K(35584K) NonClass: 28684K(29120K)->28684K(29120K) Class: 6259K(6464K)->6259K(6464K)
[70.845s][info][gc             ] GC(152) Pause Young (Allocation Failure) 307M->155M(367M) 16.933ms
[70.845s][info][gc,cpu         ] GC(152) User=0.03s Sys=0.00s Real=0.02s
[71.084s][info][gc,start       ] GC(153) Pause Young (Allocation Failure)
[71.125s][info][gc,heap        ] GC(153) PSYoungGen: 201216K(201216K)->7168K(242688K) Eden: 196096K(196096K)->0K(235520K) From: 5120K(5120K)->7168K(7168K)
[71.125s][info][gc,heap        ] GC(153) ParOldGen: 153687K(175104K)->167359K(175104K)
[71.125s][info][gc,metaspace   ] GC(153) Metaspace: 34943K(35584K)->34943K(35584K) NonClass: 28684K(29120K)->28684K(29120K) Class: 6259K(6464K)->6259K(6464K)
[71.125s][info][gc             ] GC(153) Pause Young (Allocation Failure) 346M->170M(408M) 40.903ms
[71.125s][info][gc,cpu         ] GC(153) User=0.07s Sys=0.01s Real=0.04s
[71.411s][info][gc,start       ] GC(154) Pause Young (Allocation Failure)
[71.478s][info][gc,heap        ] GC(154) PSYoungGen: 242688K(242688K)->13312K(242176K) Eden: 235520K(235520K)->0K(228864K) From: 7168K(7168K)->13312K(13312K)
[71.478s][info][gc,heap        ] GC(154) ParOldGen: 167359K(175104K)->179479K(179712K)
[71.478s][info][gc,metaspace   ] GC(154) Metaspace: 34943K(35584K)->34943K(35584K) NonClass: 28684K(29120K)->28684K(29120K) Class: 6259K(6464K)->6259K(6464K)
[71.478s][info][gc             ] GC(154) Pause Young (Allocation Failure) 400M->188M(412M) 66.994ms
[71.478s][info][gc,cpu         ] GC(154) User=0.12s Sys=0.02s Real=0.07s
[71.685s][info][gc,start       ] GC(155) Pause Young (Allocation Failure)
[71.713s][info][gc,heap        ] GC(155) PSYoungGen: 242176K(242176K)->16096K(249856K) Eden: 228864K(228864K)->0K(228864K) From: 13312K(13312K)->16096K(20992K)
[71.714s][info][gc,heap        ] GC(155) ParOldGen: 179479K(179712K)->179927K(180224K)
[71.714s][info][gc,metaspace   ] GC(155) Metaspace: 34943K(35584K)->34943K(35584K) NonClass: 28684K(29120K)->28684K(29120K) Class: 6259K(6464K)->6259K(6464K)
[71.714s][info][gc             ] GC(155) Pause Young (Allocation Failure) 411M->191M(420M) 28.642ms
[71.714s][info][gc,cpu         ] GC(155) User=0.05s Sys=0.00s Real=0.02s
[71.797s][info][gc,start       ] GC(156) Pause Young (Allocation Failure)
[71.798s][info][gc,heap        ] GC(156) PSYoungGen: 244960K(249856K)->64K(297472K) Eden: 228864K(228864K)->0K(274944K) From: 16096K(20992K)->64K(22528K)
[71.798s][info][gc,heap        ] GC(156) ParOldGen: 179927K(180224K)->179935K(180224K)
[71.798s][info][gc,metaspace   ] GC(156) Metaspace: 34943K(35584K)->34943K(35584K) NonClass: 28684K(29120K)->28684K(29120K) Class: 6259K(6464K)->6259K(6464K)
[71.798s][info][gc             ] GC(156) Pause Young (Allocation Failure) 414M->175M(466M) 1.147ms
[71.798s][info][gc,cpu         ] GC(156) User=0.00s Sys=0.00s Real=0.00s
[72.452s][info][gc,start       ] GC(157) Pause Young (Allocation Failure)
[72.454s][info][gc,heap        ] GC(157) PSYoungGen: 275008K(297472K)->64K(297984K) Eden: 274944K(274944K)->0K(274944K) From: 64K(22528K)->64K(23040K)
[72.454s][info][gc,heap        ] GC(157) ParOldGen: 179935K(180224K)->179943K(180224K)
[72.454s][info][gc,metaspace   ] GC(157) Metaspace: 34943K(35584K)->34943K(35584K) NonClass: 28684K(29120K)->28684K(29120K) Class: 6259K(6464K)->6259K(6464K)
[72.454s][info][gc             ] GC(157) Pause Young (Allocation Failure) 444M->175M(467M) 1.441ms
[72.454s][info][gc,cpu         ] GC(157) User=0.00s Sys=0.00s Real=0.00s
[72.932s][info][gc,start       ] GC(158) Pause Young (Allocation Failure)
[72.934s][info][gc,heap        ] GC(158) PSYoungGen: 275008K(297984K)->64K(310272K) Eden: 274944K(274944K)->0K(288768K) From: 64K(23040K)->64K(21504K)
[72.934s][info][gc,heap        ] GC(158) ParOldGen: 179943K(180224K)->179959K(180224K)
[72.934s][info][gc,metaspace   ] GC(158) Metaspace: 34943K(35584K)->34943K(35584K) NonClass: 28684K(29120K)->28684K(29120K) Class: 6259K(6464K)->6259K(6464K)
[72.934s][info][gc             ] GC(158) Pause Young (Allocation Failure) 444M->175M(479M) 1.902ms
[72.934s][info][gc,cpu         ] GC(158) User=0.01s Sys=0.00s Real=0.01s
[73.478s][info][gc,start       ] GC(159) Pause Young (Allocation Failure)
[73.480s][info][gc,heap        ] GC(159) PSYoungGen: 288832K(310272K)->64K(310272K) Eden: 288768K(288768K)->0K(288768K) From: 64K(21504K)->64K(21504K)
[73.480s][info][gc,heap        ] GC(159) ParOldGen: 179959K(180224K)->179975K(180224K)
[73.480s][info][gc,metaspace   ] GC(159) Metaspace: 34975K(35648K)->34975K(35648K) NonClass: 28715K(29184K)->28715K(29184K) Class: 6259K(6464K)->6259K(6464K)
[73.480s][info][gc             ] GC(159) Pause Young (Allocation Failure) 457M->175M(479M) 1.827ms
[73.480s][info][gc,cpu         ] GC(159) User=0.00s Sys=0.00s Real=0.00s
[73.705s][info][gc,start       ] GC(160) Pause Young (Allocation Failure)
[73.707s][info][gc,heap        ] GC(160) PSYoungGen: 288832K(310272K)->32K(311296K) Eden: 288768K(288768K)->0K(291840K) From: 64K(21504K)->32K(19456K)
[73.707s][info][gc,heap        ] GC(160) ParOldGen: 179975K(180224K)->179991K(180224K)
[73.707s][info][gc,metaspace   ] GC(160) Metaspace: 34975K(35648K)->34975K(35648K) NonClass: 28715K(29184K)->28715K(29184K) Class: 6259K(6464K)->6259K(6464K)
[73.707s][info][gc             ] GC(160) Pause Young (Allocation Failure) 457M->175M(480M) 1.939ms
[73.707s][info][gc,cpu         ] GC(160) User=0.00s Sys=0.00s Real=0.00s
[73.934s][info][gc,start       ] GC(161) Pause Young (Allocation Failure)
[73.936s][info][gc,heap        ] GC(161) PSYoungGen: 291872K(311296K)->64K(311296K) Eden: 291840K(291840K)->0K(291840K) From: 32K(19456K)->64K(19456K)
[73.936s][info][gc,heap        ] GC(161) ParOldGen: 179991K(180224K)->179991K(180224K)
[73.936s][info][gc,metaspace   ] GC(161) Metaspace: 34975K(35648K)->34975K(35648K) NonClass: 28715K(29184K)->28715K(29184K) Class: 6259K(6464K)->6259K(6464K)
[73.936s][info][gc             ] GC(161) Pause Young (Allocation Failure) 460M->175M(480M) 1.792ms
[73.936s][info][gc,cpu         ] GC(161) User=0.00s Sys=0.00s Real=0.01s
[74.277s][info][gc,start       ] GC(162) Pause Young (Allocation Failure)
[74.279s][info][gc,heap        ] GC(162) PSYoungGen: 291904K(311296K)->64K(313856K) Eden: 291840K(291840K)->0K(295424K) From: 64K(19456K)->64K(18432K)
[74.279s][info][gc,heap        ] GC(162) ParOldGen: 179991K(180224K)->179991K(180224K)
[74.279s][info][gc,metaspace   ] GC(162) Metaspace: 34975K(35648K)->34975K(35648K) NonClass: 28715K(29184K)->28715K(29184K) Class: 6259K(6464K)->6259K(6464K)
[74.279s][info][gc             ] GC(162) Pause Young (Allocation Failure) 460M->175M(482M) 1.762ms
[74.279s][info][gc,cpu         ] GC(162) User=0.00s Sys=0.00s Real=0.00s
[74.340s][info][gc,start       ] GC(163) Pause Young (Allocation Failure)
[74.343s][info][gc,heap        ] GC(163) PSYoungGen: 295488K(313856K)->32K(313344K) Eden: 295424K(295424K)->0K(295424K) From: 64K(18432K)->32K(17920K)
[74.343s][info][gc,heap        ] GC(163) ParOldGen: 179991K(180224K)->180007K(180224K)
[74.343s][info][gc,metaspace   ] GC(163) Metaspace: 34975K(35648K)->34975K(35648K) NonClass: 28715K(29184K)->28715K(29184K) Class: 6259K(6464K)->6259K(6464K)
[74.343s][info][gc             ] GC(163) Pause Young (Allocation Failure) 464M->175M(482M) 2.394ms
[74.343s][info][gc,cpu         ] GC(163) User=0.00s Sys=0.01s Real=0.00s
[74.406s][info][gc,start       ] GC(164) Pause Young (Allocation Failure)
[74.408s][info][gc,heap        ] GC(164) PSYoungGen: 295456K(313344K)->64K(314880K) Eden: 295424K(295424K)->0K(298496K) From: 32K(17920K)->64K(16384K)
[74.408s][info][gc,heap        ] GC(164) ParOldGen: 180007K(180224K)->180007K(180224K)
[74.408s][info][gc,metaspace   ] GC(164) Metaspace: 34975K(35648K)->34975K(35648K) NonClass: 28715K(29184K)->28715K(29184K) Class: 6259K(6464K)->6259K(6464K)
[74.408s][info][gc             ] GC(164) Pause Young (Allocation Failure) 464M->175M(483M) 1.637ms
[74.408s][info][gc,cpu         ] GC(164) User=0.00s Sys=0.00s Real=0.00s
[74.709s][info][gc,start       ] GC(165) Pause Young (Allocation Failure)
[74.710s][info][gc,heap        ] GC(165) PSYoungGen: 298560K(314880K)->64K(314368K) Eden: 298496K(298496K)->0K(298496K) From: 64K(16384K)->64K(15872K)
[74.710s][info][gc,heap        ] GC(165) ParOldGen: 180007K(180224K)->180015K(180224K)
[74.710s][info][gc,metaspace   ] GC(165) Metaspace: 34990K(35648K)->34990K(35648K) NonClass: 28731K(29184K)->28731K(29184K) Class: 6259K(6464K)->6259K(6464K)
[74.710s][info][gc             ] GC(165) Pause Young (Allocation Failure) 467M->175M(483M) 1.063ms
[74.710s][info][gc,cpu         ] GC(165) User=0.01s Sys=0.00s Real=0.00s
[74.954s][info][gc,start       ] GC(166) Pause Young (Allocation Failure)
[74.955s][info][gc,heap        ] GC(166) PSYoungGen: 298560K(314368K)->64K(316928K) Eden: 298496K(298496K)->0K(302080K) From: 64K(15872K)->64K(14848K)
[74.955s][info][gc,heap        ] GC(166) ParOldGen: 180015K(180224K)->180023K(180224K)
[74.955s][info][gc,metaspace   ] GC(166) Metaspace: 34997K(35648K)->34997K(35648K) NonClass: 28737K(29184K)->28737K(29184K) Class: 6259K(6464K)->6259K(6464K)
[74.955s][info][gc             ] GC(166) Pause Young (Allocation Failure) 467M->175M(485M) 1.061ms
[74.955s][info][gc,cpu         ] GC(166) User=0.00s Sys=0.00s Real=0.01s
[75.067s][info][gc,start       ] GC(167) Pause Young (Allocation Failure)
[75.068s][info][gc,heap        ] GC(167) PSYoungGen: 302144K(316928K)->64K(316416K) Eden: 302080K(302080K)->0K(302080K) From: 64K(14848K)->64K(14336K)
[75.068s][info][gc,heap        ] GC(167) ParOldGen: 180023K(180224K)->180031K(180224K)
[75.068s][info][gc,metaspace   ] GC(167) Metaspace: 34997K(35648K)->34997K(35648K) NonClass: 28737K(29184K)->28737K(29184K) Class: 6259K(6464K)->6259K(6464K)
[75.068s][info][gc             ] GC(167) Pause Young (Allocation Failure) 470M->175M(485M) 1.088ms
[75.068s][info][gc,cpu         ] GC(167) User=0.00s Sys=0.00s Real=0.00s
[75.183s][info][gc,start       ] GC(168) Pause Young (Allocation Failure)
[75.184s][info][gc,heap        ] GC(168) PSYoungGen: 302144K(316416K)->64K(318464K) Eden: 302080K(302080K)->0K(305664K) From: 64K(14336K)->64K(12800K)
[75.184s][info][gc,heap        ] GC(168) ParOldGen: 180031K(180224K)->180039K(180224K)
[75.184s][info][gc,metaspace   ] GC(168) Metaspace: 34997K(35648K)->34997K(35648K) NonClass: 28737K(29184K)->28737K(29184K) Class: 6259K(6464K)->6259K(6464K)
[75.184s][info][gc             ] GC(168) Pause Young (Allocation Failure) 470M->175M(487M) 0.993ms
[75.184s][info][gc,cpu         ] GC(168) User=0.00s Sys=0.00s Real=0.01s
[75.458s][info][gc,start       ] GC(169) Pause Young (Allocation Failure)
[75.458s][info][gc,heap        ] GC(169) PSYoungGen: 305728K(318464K)->64K(293888K) Eden: 305664K(305664K)->0K(293376K) From: 64K(12800K)->64K(512K)
[75.459s][info][gc,heap        ] GC(169) ParOldGen: 180039K(180224K)->180047K(180224K)
[75.459s][info][gc,metaspace   ] GC(169) Metaspace: 34997K(35648K)->34997K(35648K) NonClass: 28737K(29184K)->28737K(29184K) Class: 6259K(6464K)->6259K(6464K)
[75.459s][info][gc             ] GC(169) Pause Young (Allocation Failure) 474M->175M(463M) 1.044ms
[75.459s][info][gc,cpu         ] GC(169) User=0.00s Sys=0.00s Real=0.00s
[76.338s][info][gc,start       ] GC(170) Pause Young (Allocation Failure)
[76.339s][info][gc,heap        ] GC(170) PSYoungGen: 293440K(293888K)->64K(282112K) Eden: 293376K(293376K)->0K(281600K) From: 64K(512K)->64K(512K)
[76.339s][info][gc,heap        ] GC(170) ParOldGen: 180047K(180224K)->180055K(180224K)
[76.339s][info][gc,metaspace   ] GC(170) Metaspace: 34997K(35648K)->34997K(35648K) NonClass: 28737K(29184K)->28737K(29184K) Class: 6259K(6464K)->6259K(6464K)
[76.339s][info][gc             ] GC(170) Pause Young (Allocation Failure) 462M->175M(451M) 1.212ms
[76.339s][info][gc,cpu         ] GC(170) User=0.00s Sys=0.00s Real=0.00s
[77.291s][info][gc,start       ] GC(171) Pause Young (Allocation Failure)
[77.292s][info][gc,heap        ] GC(171) PSYoungGen: 281664K(282112K)->64K(281088K) Eden: 281600K(281600K)->0K(270336K) From: 64K(512K)->64K(10752K)
[77.292s][info][gc,heap        ] GC(171) ParOldGen: 180055K(180224K)->180063K(180224K)
[77.293s][info][gc,metaspace   ] GC(171) Metaspace: 34997K(35648K)->34997K(35648K) NonClass: 28737K(29184K)->28737K(29184K) Class: 6259K(6464K)->6259K(6464K)
[77.293s][info][gc             ] GC(171) Pause Young (Allocation Failure) 450M->175M(450M) 1.244ms
[77.293s][info][gc,cpu         ] GC(171) User=0.00s Sys=0.01s Real=0.00s
[77.701s][info][gc,start       ] GC(172) Pause Young (Allocation Failure)
[77.703s][info][gc,heap        ] GC(172) PSYoungGen: 270400K(281088K)->64K(260096K) Eden: 270336K(270336K)->0K(259584K) From: 64K(10752K)->64K(512K)
[77.703s][info][gc,heap        ] GC(172) ParOldGen: 180063K(180224K)->180071K(180224K)
[77.703s][info][gc,metaspace   ] GC(172) Metaspace: 34997K(35648K)->34997K(35648K) NonClass: 28737K(29184K)->28737K(29184K) Class: 6259K(6464K)->6259K(6464K)
[77.703s][info][gc             ] GC(172) Pause Young (Allocation Failure) 439M->175M(430M) 1.750ms
[77.703s][info][gc,cpu         ] GC(172) User=0.00s Sys=0.00s Real=0.00s
[78.154s][info][gc,start       ] GC(173) Pause Young (Allocation Failure)
[78.155s][info][gc,heap        ] GC(173) PSYoungGen: 259648K(260096K)->64K(259072K) Eden: 259584K(259584K)->0K(249344K) From: 64K(512K)->64K(9728K)
[78.155s][info][gc,heap        ] GC(173) ParOldGen: 180071K(180224K)->180079K(180224K)
[78.155s][info][gc,metaspace   ] GC(173) Metaspace: 34997K(35648K)->34997K(35648K) NonClass: 28737K(29184K)->28737K(29184K) Class: 6259K(6464K)->6259K(6464K)
[78.156s][info][gc             ] GC(173) Pause Young (Allocation Failure) 429M->175M(429M) 1.794ms
[78.156s][info][gc,cpu         ] GC(173) User=0.01s Sys=0.00s Real=0.01s
[79.230s][info][gc,start       ] GC(174) Pause Young (Allocation Failure)
[79.233s][info][gc,heap        ] GC(174) PSYoungGen: 249408K(259072K)->32K(240128K) Eden: 249344K(249344K)->0K(239616K) From: 64K(9728K)->32K(512K)
[79.233s][info][gc,heap        ] GC(174) ParOldGen: 180079K(180224K)->180087K(180224K)
[79.233s][info][gc,metaspace   ] GC(174) Metaspace: 35028K(35712K)->35028K(35712K) NonClass: 28768K(29248K)->28768K(29248K) Class: 6259K(6464K)->6259K(6464K)
[79.233s][info][gc             ] GC(174) Pause Young (Allocation Failure) 419M->175M(410M) 2.302ms
[79.233s][info][gc,cpu         ] GC(174) User=0.00s Sys=0.01s Real=0.00s
[79.653s][info][gc,start       ] GC(175) Pause Young (Allocation Failure)
[79.655s][info][gc,heap        ] GC(175) PSYoungGen: 239648K(240128K)->64K(238592K) Eden: 239616K(239616K)->0K(230400K) From: 32K(512K)->64K(8192K)
[79.655s][info][gc,heap        ] GC(175) ParOldGen: 180087K(180224K)->180095K(180224K)
[79.655s][info][gc,metaspace   ] GC(175) Metaspace: 35029K(35712K)->35029K(35712K) NonClass: 28770K(29248K)->28770K(29248K) Class: 6259K(6464K)->6259K(6464K)
[79.655s][info][gc             ] GC(175) Pause Young (Allocation Failure) 409M->175M(409M) 1.118ms
[79.655s][info][gc,cpu         ] GC(175) User=0.00s Sys=0.00s Real=0.01s
[79.827s][info][gc,start       ] GC(176) Pause Young (Allocation Failure)
[79.830s][info][gc,heap        ] GC(176) PSYoungGen: 230464K(238592K)->64K(222208K) Eden: 230400K(230400K)->0K(221696K) From: 64K(8192K)->64K(512K)
[79.830s][info][gc,heap        ] GC(176) ParOldGen: 180095K(180224K)->180103K(180224K)
[79.830s][info][gc,metaspace   ] GC(176) Metaspace: 35029K(35712K)->35029K(35712K) NonClass: 28770K(29248K)->28770K(29248K) Class: 6259K(6464K)->6259K(6464K)
[79.830s][info][gc             ] GC(176) Pause Young (Allocation Failure) 400M->175M(393M) 2.644ms
[79.830s][info][gc,cpu         ] GC(176) User=0.01s Sys=0.00s Real=0.00s
[79.921s][info][gc,start       ] GC(177) Pause Young (Allocation Failure)
[79.923s][info][gc,heap        ] GC(177) PSYoungGen: 221760K(222208K)->64K(220672K) Eden: 221696K(221696K)->0K(213504K) From: 64K(512K)->64K(7168K)
[79.923s][info][gc,heap        ] GC(177) ParOldGen: 180103K(180224K)->180111K(180224K)
[79.923s][info][gc,metaspace   ] GC(177) Metaspace: 35029K(35712K)->35029K(35712K) NonClass: 28770K(29248K)->28770K(29248K) Class: 6259K(6464K)->6259K(6464K)
[79.923s][info][gc             ] GC(177) Pause Young (Allocation Failure) 392M->175M(391M) 1.643ms
[79.923s][info][gc,cpu         ] GC(177) User=0.00s Sys=0.00s Real=0.00s
[80.528s][info][gc,start       ] GC(178) Pause Young (Allocation Failure)
[80.530s][info][gc,heap        ] GC(178) PSYoungGen: 213568K(220672K)->64K(206336K) Eden: 213504K(213504K)->0K(205824K) From: 64K(7168K)->64K(512K)
[80.530s][info][gc,heap        ] GC(178) ParOldGen: 180111K(180224K)->180119K(180224K)
[80.530s][info][gc,metaspace   ] GC(178) Metaspace: 35029K(35712K)->35029K(35712K) NonClass: 28770K(29248K)->28770K(29248K) Class: 6259K(6464K)->6259K(6464K)
[80.530s][info][gc             ] GC(178) Pause Young (Allocation Failure) 384M->175M(377M) 2.014ms
[80.530s][info][gc,cpu         ] GC(178) User=0.00s Sys=0.00s Real=0.00s
[80.762s][info][gc,start       ] GC(179) Pause Young (Allocation Failure)
[80.763s][info][gc,heap        ] GC(179) PSYoungGen: 205888K(206336K)->64K(204288K) Eden: 205824K(205824K)->0K(198144K) From: 64K(512K)->64K(6144K)
[80.763s][info][gc,heap        ] GC(179) ParOldGen: 180119K(180224K)->180127K(180224K)
[80.763s][info][gc,metaspace   ] GC(179) Metaspace: 35029K(35712K)->35029K(35712K) NonClass: 28770K(29248K)->28770K(29248K) Class: 6259K(6464K)->6259K(6464K)
[80.763s][info][gc             ] GC(179) Pause Young (Allocation Failure) 376M->175M(375M) 1.850ms
[80.763s][info][gc,cpu         ] GC(179) User=0.00s Sys=0.00s Real=0.00s
[81.067s][info][gc,start       ] GC(180) Pause Young (Allocation Failure)
[81.078s][info][gc,heap        ] GC(180) PSYoungGen: 198208K(204288K)->5632K(243712K) Eden: 198144K(198144K)->0K(238080K) From: 64K(6144K)->5632K(5632K)
[81.078s][info][gc,heap        ] GC(180) ParOldGen: 180127K(180224K)->180431K(180736K)
[81.078s][info][gc,metaspace   ] GC(180) Metaspace: 35029K(35712K)->35029K(35712K) NonClass: 28770K(29248K)->28770K(29248K) Class: 6259K(6464K)->6259K(6464K)
[81.078s][info][gc             ] GC(180) Pause Young (Allocation Failure) 369M->181M(414M) 10.623ms
[81.078s][info][gc,cpu         ] GC(180) User=0.02s Sys=0.00s Real=0.01s
[81.345s][info][gc,start       ] GC(181) Pause Young (Allocation Failure)
[81.394s][info][gc,heap        ] GC(181) PSYoungGen: 243712K(243712K)->7168K(268800K) Eden: 238080K(238080K)->0K(261632K) From: 5632K(5632K)->7168K(7168K)
[81.394s][info][gc,heap        ] GC(181) ParOldGen: 180431K(180736K)->198487K(198656K)
[81.394s][info][gc,metaspace   ] GC(181) Metaspace: 35029K(35712K)->35029K(35712K) NonClass: 28770K(29248K)->28770K(29248K) Class: 6259K(6464K)->6259K(6464K)
[81.394s][info][gc             ] GC(181) Pause Young (Allocation Failure) 414M->200M(456M) 49.579ms
[81.394s][info][gc,cpu         ] GC(181) User=0.08s Sys=0.02s Real=0.05s
[81.685s][info][gc,start       ] GC(182) Pause Young (Allocation Failure)
[81.760s][info][gc,heap        ] GC(182) PSYoungGen: 268800K(268800K)->15872K(293888K) Eden: 261632K(261632K)->0K(278016K) From: 7168K(7168K)->15872K(15872K)
[81.760s][info][gc,heap        ] GC(182) ParOldGen: 198487K(198656K)->210975K(211456K)
[81.760s][info][gc,metaspace   ] GC(182) Metaspace: 35029K(35712K)->35029K(35712K) NonClass: 28770K(29248K)->28770K(29248K) Class: 6259K(6464K)->6259K(6464K)
[81.760s][info][gc             ] GC(182) Pause Young (Allocation Failure) 456M->221M(493M) 75.824ms
[81.760s][info][gc,cpu         ] GC(182) User=0.14s Sys=0.01s Real=0.07s
[81.924s][info][gc,start       ] GC(183) Pause Young (Allocation Failure)
[81.949s][info][gc,heap        ] GC(183) PSYoungGen: 293888K(293888K)->10144K(301568K) Eden: 278016K(278016K)->0K(278016K) From: 15872K(15872K)->10144K(23552K)
[81.949s][info][gc,heap        ] GC(183) ParOldGen: 210975K(211456K)->211423K(211456K)
[81.949s][info][gc,metaspace   ] GC(183) Metaspace: 35029K(35712K)->35029K(35712K) NonClass: 28770K(29248K)->28770K(29248K) Class: 6259K(6464K)->6259K(6464K)
[81.949s][info][gc             ] GC(183) Pause Young (Allocation Failure) 493M->216M(501M) 24.869ms
[81.949s][info][gc,cpu         ] GC(183) User=0.04s Sys=0.00s Real=0.03s
[82.374s][info][gc,start       ] GC(184) Pause Young (Allocation Failure)
[82.375s][info][gc,heap        ] GC(184) PSYoungGen: 288160K(301568K)->64K(309248K) Eden: 278016K(278016K)->0K(286720K) From: 10144K(23552K)->64K(22528K)
[82.375s][info][gc,heap        ] GC(184) ParOldGen: 211423K(211456K)->211431K(211456K)
[82.375s][info][gc,metaspace   ] GC(184) Metaspace: 35029K(35712K)->35029K(35712K) NonClass: 28770K(29248K)->28770K(29248K) Class: 6259K(6464K)->6259K(6464K)
[82.375s][info][gc             ] GC(184) Pause Young (Allocation Failure) 487M->206M(508M) 1.193ms
[82.375s][info][gc,cpu         ] GC(184) User=0.00s Sys=0.00s Real=0.01s
[83.023s][info][gc,start       ] GC(185) Pause Young (Allocation Failure)
[83.024s][info][gc,heap        ] GC(185) PSYoungGen: 286784K(309248K)->64K(309760K) Eden: 286720K(286720K)->0K(286720K) From: 64K(22528K)->64K(23040K)
[83.024s][info][gc,heap        ] GC(185) ParOldGen: 211431K(211456K)->211439K(211456K)
[83.024s][info][gc,metaspace   ] GC(185) Metaspace: 35029K(35712K)->35029K(35712K) NonClass: 28770K(29248K)->28770K(29248K) Class: 6259K(6464K)->6259K(6464K)
[83.024s][info][gc             ] GC(185) Pause Young (Allocation Failure) 486M->206M(509M) 1.227ms
[83.024s][info][gc,cpu         ] GC(185) User=0.00s Sys=0.00s Real=0.00s
[83.510s][info][gc,start       ] GC(186) Pause Young (Allocation Failure)
[83.511s][info][gc,heap        ] GC(186) PSYoungGen: 286784K(309760K)->64K(310272K) Eden: 286720K(286720K)->0K(288768K) From: 64K(23040K)->64K(21504K)
[83.511s][info][gc,heap        ] GC(186) ParOldGen: 211439K(211456K)->211455K(211456K)
[83.511s][info][gc,metaspace   ] GC(186) Metaspace: 35029K(35712K)->35029K(35712K) NonClass: 28770K(29248K)->28770K(29248K) Class: 6259K(6464K)->6259K(6464K)
[83.511s][info][gc             ] GC(186) Pause Young (Allocation Failure) 486M->206M(509M) 1.245ms
[83.511s][info][gc,cpu         ] GC(186) User=0.01s Sys=0.00s Real=0.00s
[83.749s][info][gc,start       ] GC(187) Pause Young (Allocation Failure)
[83.750s][info][gc,heap        ] GC(187) PSYoungGen: 288832K(310272K)->64K(310272K) Eden: 288768K(288768K)->0K(288768K) From: 64K(21504K)->64K(21504K)
[83.750s][info][gc,heap        ] GC(187) ParOldGen: 211455K(211456K)->211471K(211968K)
[83.750s][info][gc,metaspace   ] GC(187) Metaspace: 35029K(35712K)->35029K(35712K) NonClass: 28770K(29248K)->28770K(29248K) Class: 6259K(6464K)->6259K(6464K)
[83.750s][info][gc             ] GC(187) Pause Young (Allocation Failure) 488M->206M(510M) 1.315ms
[83.750s][info][gc,cpu         ] GC(187) User=0.00s Sys=0.00s Real=0.00s
[83.972s][info][gc,start       ] GC(188) Pause Young (Allocation Failure)
[83.973s][info][gc,heap        ] GC(188) PSYoungGen: 288832K(310272K)->64K(311296K) Eden: 288768K(288768K)->0K(291840K) From: 64K(21504K)->64K(19456K)
[83.973s][info][gc,heap        ] GC(188) ParOldGen: 211471K(211968K)->211471K(211968K)
[83.973s][info][gc,metaspace   ] GC(188) Metaspace: 35029K(35712K)->35029K(35712K) NonClass: 28770K(29248K)->28770K(29248K) Class: 6259K(6464K)->6259K(6464K)
[83.973s][info][gc             ] GC(188) Pause Young (Allocation Failure) 488M->206M(511M) 1.188ms
[83.973s][info][gc,cpu         ] GC(188) User=0.00s Sys=0.00s Real=0.00s
[84.319s][info][gc,start       ] GC(189) Pause Young (Allocation Failure)
[84.320s][info][gc,heap        ] GC(189) PSYoungGen: 291904K(311296K)->64K(311296K) Eden: 291840K(291840K)->0K(291840K) From: 64K(19456K)->64K(19456K)
[84.320s][info][gc,heap        ] GC(189) ParOldGen: 211471K(211968K)->211471K(211968K)
[84.320s][info][gc,metaspace   ] GC(189) Metaspace: 35029K(35712K)->35029K(35712K) NonClass: 28770K(29248K)->28770K(29248K) Class: 6259K(6464K)->6259K(6464K)
[84.320s][info][gc             ] GC(189) Pause Young (Allocation Failure) 491M->206M(511M) 1.199ms
[84.320s][info][gc,cpu         ] GC(189) User=0.00s Sys=0.00s Real=0.00s
[84.441s][info][gc,start       ] GC(190) Pause Young (Allocation Failure)
[84.442s][info][gc,heap        ] GC(190) PSYoungGen: 291904K(311296K)->64K(313856K) Eden: 291840K(291840K)->0K(295424K) From: 64K(19456K)->64K(18432K)
[84.442s][info][gc,heap        ] GC(190) ParOldGen: 211471K(211968K)->211479K(211968K)
[84.442s][info][gc,metaspace   ] GC(190) Metaspace: 35029K(35712K)->35029K(35712K) NonClass: 28770K(29248K)->28770K(29248K) Class: 6259K(6464K)->6259K(6464K)
[84.442s][info][gc             ] GC(190) Pause Young (Allocation Failure) 491M->206M(513M) 1.101ms
[84.442s][info][gc,cpu         ] GC(190) User=0.01s Sys=0.00s Real=0.00s
[84.501s][info][gc,start       ] GC(191) Pause Young (Allocation Failure)
[84.502s][info][gc,heap        ] GC(191) PSYoungGen: 295488K(313856K)->64K(313344K) Eden: 295424K(295424K)->0K(295424K) From: 64K(18432K)->64K(17920K)
[84.502s][info][gc,heap        ] GC(191) ParOldGen: 211479K(211968K)->211495K(211968K)
[84.502s][info][gc,metaspace   ] GC(191) Metaspace: 35029K(35712K)->35029K(35712K) NonClass: 28770K(29248K)->28770K(29248K) Class: 6259K(6464K)->6259K(6464K)
[84.502s][info][gc             ] GC(191) Pause Young (Allocation Failure) 495M->206M(513M) 1.232ms
[84.502s][info][gc,cpu         ] GC(191) User=0.00s Sys=0.00s Real=0.00s
[84.662s][info][gc,start       ] GC(192) Pause Young (Allocation Failure)
[84.663s][info][gc,heap        ] GC(192) PSYoungGen: 295488K(313344K)->64K(314880K) Eden: 295424K(295424K)->0K(298496K) From: 64K(17920K)->64K(16384K)
[84.663s][info][gc,heap        ] GC(192) ParOldGen: 211495K(211968K)->211495K(211968K)
[84.663s][info][gc,metaspace   ] GC(192) Metaspace: 35029K(35712K)->35029K(35712K) NonClass: 28770K(29248K)->28770K(29248K) Class: 6259K(6464K)->6259K(6464K)
[84.663s][info][gc             ] GC(192) Pause Young (Allocation Failure) 495M->206M(514M) 1.169ms
[84.663s][info][gc,cpu         ] GC(192) User=0.00s Sys=0.00s Real=0.00s
[84.973s][info][gc,start       ] GC(193) Pause Young (Allocation Failure)
[84.977s][info][gc,heap        ] GC(193) PSYoungGen: 298560K(314880K)->64K(314368K) Eden: 298496K(298496K)->0K(298496K) From: 64K(16384K)->64K(15872K)
[84.977s][info][gc,heap        ] GC(193) ParOldGen: 211495K(211968K)->211503K(211968K)
[84.977s][info][gc,metaspace   ] GC(193) Metaspace: 35029K(35712K)->35029K(35712K) NonClass: 28770K(29248K)->28770K(29248K) Class: 6259K(6464K)->6259K(6464K)
[84.977s][info][gc             ] GC(193) Pause Young (Allocation Failure) 498M->206M(514M) 4.085ms
[84.977s][info][gc,cpu         ] GC(193) User=0.01s Sys=0.00s Real=0.01s
[85.135s][info][gc,start       ] GC(194) Pause Young (Allocation Failure)
[85.136s][info][gc,heap        ] GC(194) PSYoungGen: 298560K(314368K)->64K(316928K) Eden: 298496K(298496K)->0K(302080K) From: 64K(15872K)->64K(14848K)
[85.136s][info][gc,heap        ] GC(194) ParOldGen: 211503K(211968K)->211511K(211968K)
[85.136s][info][gc,metaspace   ] GC(194) Metaspace: 35029K(35712K)->35029K(35712K) NonClass: 28770K(29248K)->28770K(29248K) Class: 6259K(6464K)->6259K(6464K)
[85.136s][info][gc             ] GC(194) Pause Young (Allocation Failure) 498M->206M(516M) 1.237ms
[85.136s][info][gc,cpu         ] GC(194) User=0.00s Sys=0.00s Real=0.00s
[85.220s][info][gc,start       ] GC(195) Pause Young (Allocation Failure)
[85.221s][info][gc,heap        ] GC(195) PSYoungGen: 302144K(316928K)->64K(316416K) Eden: 302080K(302080K)->0K(302080K) From: 64K(14848K)->64K(14336K)
[85.221s][info][gc,heap        ] GC(195) ParOldGen: 211511K(211968K)->211527K(211968K)
[85.221s][info][gc,metaspace   ] GC(195) Metaspace: 35029K(35712K)->35029K(35712K) NonClass: 28770K(29248K)->28770K(29248K) Class: 6259K(6464K)->6259K(6464K)
[85.221s][info][gc             ] GC(195) Pause Young (Allocation Failure) 501M->206M(516M) 1.141ms
[85.221s][info][gc,cpu         ] GC(195) User=0.00s Sys=0.00s Real=0.00s
[85.415s][info][gc,start       ] GC(196) Pause Young (Allocation Failure)
[85.417s][info][gc,heap        ] GC(196) PSYoungGen: 302144K(316416K)->64K(318464K) Eden: 302080K(302080K)->0K(305664K) From: 64K(14336K)->64K(12800K)
[85.417s][info][gc,heap        ] GC(196) ParOldGen: 211527K(211968K)->211527K(211968K)
[85.417s][info][gc,metaspace   ] GC(196) Metaspace: 35029K(35712K)->35029K(35712K) NonClass: 28770K(29248K)->28770K(29248K) Class: 6259K(6464K)->6259K(6464K)
[85.417s][info][gc             ] GC(196) Pause Young (Allocation Failure) 501M->206M(518M) 2.001ms
[85.417s][info][gc,cpu         ] GC(196) User=0.01s Sys=0.00s Real=0.00s
[86.417s][info][gc,start       ] GC(197) Pause Young (Allocation Failure)
[86.419s][info][gc,heap        ] GC(197) PSYoungGen: 305728K(318464K)->96K(293888K) Eden: 305664K(305664K)->0K(293376K) From: 64K(12800K)->96K(512K)
[86.419s][info][gc,heap        ] GC(197) ParOldGen: 211527K(211968K)->211543K(211968K)
[86.419s][info][gc,metaspace   ] GC(197) Metaspace: 35029K(35712K)->35029K(35712K) NonClass: 28770K(29248K)->28770K(29248K) Class: 6259K(6464K)->6259K(6464K)
[86.419s][info][gc             ] GC(197) Pause Young (Allocation Failure) 505M->206M(494M) 2.280ms
[86.419s][info][gc,cpu         ] GC(197) User=0.00s Sys=0.00s Real=0.00s
[87.318s][info][gc,start       ] GC(198) Pause Young (Allocation Failure)
[87.320s][info][gc,heap        ] GC(198) PSYoungGen: 293472K(293888K)->64K(282112K) Eden: 293376K(293376K)->0K(281600K) From: 96K(512K)->64K(512K)
[87.320s][info][gc,heap        ] GC(198) ParOldGen: 211543K(211968K)->211559K(211968K)
[87.320s][info][gc,metaspace   ] GC(198) Metaspace: 35029K(35712K)->35029K(35712K) NonClass: 28770K(29248K)->28770K(29248K) Class: 6259K(6464K)->6259K(6464K)
[87.320s][info][gc             ] GC(198) Pause Young (Allocation Failure) 493M->206M(482M) 2.579ms
[87.320s][info][gc,cpu         ] GC(198) User=0.00s Sys=0.00s Real=0.00s
[87.580s][info][gc,start       ] GC(199) Pause Young (Allocation Failure)
[87.582s][info][gc,heap        ] GC(199) PSYoungGen: 281664K(282112K)->64K(281088K) Eden: 281600K(281600K)->0K(270336K) From: 64K(512K)->64K(10752K)
[87.582s][info][gc,heap        ] GC(199) ParOldGen: 211559K(211968K)->211575K(211968K)
[87.582s][info][gc,metaspace   ] GC(199) Metaspace: 35029K(35712K)->35029K(35712K) NonClass: 28770K(29248K)->28770K(29248K) Class: 6259K(6464K)->6259K(6464K)
[87.582s][info][gc             ] GC(199) Pause Young (Allocation Failure) 481M->206M(481M) 1.922ms
[87.582s][info][gc,cpu         ] GC(199) User=0.00s Sys=0.00s Real=0.00s
[88.082s][info][gc,start       ] GC(200) Pause Young (Allocation Failure)
[88.085s][info][gc,heap        ] GC(200) PSYoungGen: 270400K(281088K)->64K(260096K) Eden: 270336K(270336K)->0K(259584K) From: 64K(10752K)->64K(512K)
[88.085s][info][gc,heap        ] GC(200) ParOldGen: 211575K(211968K)->211591K(211968K)
[88.085s][info][gc,metaspace   ] GC(200) Metaspace: 35030K(35712K)->35030K(35712K) NonClass: 28770K(29248K)->28770K(29248K) Class: 6259K(6464K)->6259K(6464K)
[88.085s][info][gc             ] GC(200) Pause Young (Allocation Failure) 470M->206M(461M) 2.650ms
[88.085s][info][gc,cpu         ] GC(200) User=0.00s Sys=0.00s Real=0.01s
[89.145s][info][gc,start       ] GC(201) Pause Young (Allocation Failure)
[89.146s][info][gc,heap        ] GC(201) PSYoungGen: 259648K(260096K)->64K(259072K) Eden: 259584K(259584K)->0K(249344K) From: 64K(512K)->64K(9728K)
[89.146s][info][gc,heap        ] GC(201) ParOldGen: 211591K(211968K)->211599K(211968K)
[89.146s][info][gc,metaspace   ] GC(201) Metaspace: 35030K(35712K)->35030K(35712K) NonClass: 28770K(29248K)->28770K(29248K) Class: 6259K(6464K)->6259K(6464K)
[89.146s][info][gc             ] GC(201) Pause Young (Allocation Failure) 460M->206M(460M) 1.211ms
[89.146s][info][gc,cpu         ] GC(201) User=0.00s Sys=0.00s Real=0.00s
[89.589s][info][gc,start       ] GC(202) Pause Young (Allocation Failure)
[89.592s][info][gc,heap        ] GC(202) PSYoungGen: 249408K(259072K)->64K(240128K) Eden: 249344K(249344K)->0K(239616K) From: 64K(9728K)->64K(512K)
[89.592s][info][gc,heap        ] GC(202) ParOldGen: 211599K(211968K)->211615K(211968K)
[89.592s][info][gc,metaspace   ] GC(202) Metaspace: 35030K(35712K)->35030K(35712K) NonClass: 28770K(29248K)->28770K(29248K) Class: 6259K(6464K)->6259K(6464K)
[89.592s][info][gc             ] GC(202) Pause Young (Allocation Failure) 450M->206M(441M) 2.608ms
[89.592s][info][gc,cpu         ] GC(202) User=0.00s Sys=0.00s Real=0.00s
[89.827s][info][gc,start       ] GC(203) Pause Young (Allocation Failure)
[89.829s][info][gc,heap        ] GC(203) PSYoungGen: 239680K(240128K)->64K(238592K) Eden: 239616K(239616K)->0K(230400K) From: 64K(512K)->64K(8192K)
[89.829s][info][gc,heap        ] GC(203) ParOldGen: 211615K(211968K)->211631K(211968K)
[89.829s][info][gc,metaspace   ] GC(203) Metaspace: 35030K(35712K)->35030K(35712K) NonClass: 28770K(29248K)->28770K(29248K) Class: 6259K(6464K)->6259K(6464K)
[89.829s][info][gc             ] GC(203) Pause Young (Allocation Failure) 440M->206M(440M) 2.273ms
[89.829s][info][gc,cpu         ] GC(203) User=0.00s Sys=0.00s Real=0.00s
[89.927s][info][gc,start       ] GC(204) Pause Young (Allocation Failure)
[89.930s][info][gc,heap        ] GC(204) PSYoungGen: 230464K(238592K)->64K(222208K) Eden: 230400K(230400K)->0K(221696K) From: 64K(8192K)->64K(512K)
[89.930s][info][gc,heap        ] GC(204) ParOldGen: 211631K(211968K)->211647K(211968K)
[89.930s][info][gc,metaspace   ] GC(204) Metaspace: 35030K(35712K)->35030K(35712K) NonClass: 28770K(29248K)->28770K(29248K) Class: 6259K(6464K)->6259K(6464K)
[89.930s][info][gc             ] GC(204) Pause Young (Allocation Failure) 431M->206M(424M) 2.871ms
[89.930s][info][gc,cpu         ] GC(204) User=0.00s Sys=0.00s Real=0.00s
[90.469s][info][gc,start       ] GC(205) Pause Young (Allocation Failure)
[90.471s][info][gc,heap        ] GC(205) PSYoungGen: 221760K(222208K)->64K(220672K) Eden: 221696K(221696K)->0K(213504K) From: 64K(512K)->64K(7168K)
[90.471s][info][gc,heap        ] GC(205) ParOldGen: 211647K(211968K)->211655K(211968K)
[90.471s][info][gc,metaspace   ] GC(205) Metaspace: 35030K(35712K)->35030K(35712K) NonClass: 28770K(29248K)->28770K(29248K) Class: 6259K(6464K)->6259K(6464K)
[90.471s][info][gc             ] GC(205) Pause Young (Allocation Failure) 423M->206M(422M) 1.847ms
[90.471s][info][gc,cpu         ] GC(205) User=0.00s Sys=0.00s Real=0.00s
[90.770s][info][gc,start       ] GC(206) Pause Young (Allocation Failure)
[90.771s][info][gc,heap        ] GC(206) PSYoungGen: 213568K(220672K)->64K(206336K) Eden: 213504K(213504K)->0K(205824K) From: 64K(7168K)->64K(512K)
[90.771s][info][gc,heap        ] GC(206) ParOldGen: 211655K(211968K)->211663K(211968K)
[90.771s][info][gc,metaspace   ] GC(206) Metaspace: 35030K(35712K)->35030K(35712K) NonClass: 28770K(29248K)->28770K(29248K) Class: 6259K(6464K)->6259K(6464K)
[90.771s][info][gc             ] GC(206) Pause Young (Allocation Failure) 415M->206M(408M) 1.751ms
[90.771s][info][gc,cpu         ] GC(206) User=0.00s Sys=0.00s Real=0.00s
[91.090s][info][gc,start       ] GC(207) Pause Young (Allocation Failure)
[91.097s][info][gc,heap        ] GC(207) PSYoungGen: 205888K(206336K)->4064K(251392K) Eden: 205824K(205824K)->0K(247296K) From: 64K(512K)->4064K(4096K)
[91.097s][info][gc,heap        ] GC(207) ParOldGen: 211663K(211968K)->211679K(211968K)
[91.097s][info][gc,metaspace   ] GC(207) Metaspace: 35030K(35712K)->35030K(35712K) NonClass: 28770K(29248K)->28770K(29248K) Class: 6259K(6464K)->6259K(6464K)
[91.097s][info][gc             ] GC(207) Pause Young (Allocation Failure) 407M->210M(452M) 6.888ms
[91.097s][info][gc,cpu         ] GC(207) User=0.01s Sys=0.00s Real=0.01s
[91.396s][info][gc,start       ] GC(208) Pause Young (Allocation Failure)
[91.448s][info][gc,heap        ] GC(208) PSYoungGen: 251360K(251392K)->7168K(260096K) Eden: 247296K(247296K)->0K(252928K) From: 4064K(4096K)->7168K(7168K)
[91.448s][info][gc,heap        ] GC(208) ParOldGen: 211679K(211968K)->230703K(230912K)
[91.448s][info][gc,metaspace   ] GC(208) Metaspace: 35030K(35712K)->35030K(35712K) NonClass: 28770K(29248K)->28770K(29248K) Class: 6259K(6464K)->6259K(6464K)
[91.448s][info][gc             ] GC(208) Pause Young (Allocation Failure) 452M->232M(479M) 51.898ms
[91.448s][info][gc,cpu         ] GC(208) User=0.09s Sys=0.01s Real=0.05s
[91.729s][info][gc,start       ] GC(209) Pause Young (Allocation Failure)
[91.783s][info][gc,heap        ] GC(209) PSYoungGen: 260096K(260096K)->15872K(268800K) Eden: 252928K(252928K)->0K(252928K) From: 7168K(7168K)->15872K(15872K)
[91.783s][info][gc,heap        ] GC(209) ParOldGen: 230703K(230912K)->242303K(242688K)
[91.783s][info][gc,metaspace   ] GC(209) Metaspace: 35030K(35712K)->35030K(35712K) NonClass: 28770K(29248K)->28770K(29248K) Class: 6259K(6464K)->6259K(6464K)
[91.783s][info][gc             ] GC(209) Pause Young (Allocation Failure) 479M->252M(499M) 53.887ms
[91.783s][info][gc,cpu         ] GC(209) User=0.10s Sys=0.00s Real=0.05s
[91.942s][info][gc,start       ] GC(210) Pause Young (Allocation Failure)
[91.971s][info][gc,heap        ] GC(210) PSYoungGen: 268800K(268800K)->11968K(309248K) Eden: 252928K(252928K)->0K(285696K) From: 15872K(15872K)->11968K(23552K)
[91.971s][info][gc,heap        ] GC(210) ParOldGen: 242303K(242688K)->242719K(243200K)
[91.971s][info][gc,metaspace   ] GC(210) Metaspace: 35030K(35712K)->35030K(35712K) NonClass: 28770K(29248K)->28770K(29248K) Class: 6259K(6464K)->6259K(6464K)
[91.971s][info][gc             ] GC(210) Pause Young (Allocation Failure) 499M->248M(539M) 28.946ms
[91.971s][info][gc,cpu         ] GC(210) User=0.05s Sys=0.01s Real=0.03s
[92.300s][info][gc,start       ] GC(211) Pause Young (Allocation Failure)
[92.301s][info][gc,heap        ] GC(211) PSYoungGen: 297664K(309248K)->64K(309760K) Eden: 285696K(285696K)->0K(285696K) From: 11968K(23552K)->64K(24064K)
[92.301s][info][gc,heap        ] GC(211) ParOldGen: 242719K(243200K)->242727K(243200K)
[92.301s][info][gc,metaspace   ] GC(211) Metaspace: 35030K(35712K)->35030K(35712K) NonClass: 28770K(29248K)->28770K(29248K) Class: 6259K(6464K)->6259K(6464K)
[92.301s][info][gc             ] GC(211) Pause Young (Allocation Failure) 527M->237M(540M) 1.301ms
[92.301s][info][gc,cpu         ] GC(211) User=0.00s Sys=0.00s Real=0.00s
[92.982s][info][gc,start       ] GC(212) Pause Young (Allocation Failure)
[92.984s][info][gc,heap        ] GC(212) PSYoungGen: 285760K(309760K)->64K(307712K) Eden: 285696K(285696K)->0K(286208K) From: 64K(24064K)->64K(21504K)
[92.984s][info][gc,heap        ] GC(212) ParOldGen: 242727K(243200K)->242735K(243200K)
[92.984s][info][gc,metaspace   ] GC(212) Metaspace: 35030K(35712K)->35030K(35712K) NonClass: 28770K(29248K)->28770K(29248K) Class: 6259K(6464K)->6259K(6464K)
[92.984s][info][gc             ] GC(212) Pause Young (Allocation Failure) 516M->237M(538M) 1.199ms
[92.984s][info][gc,cpu         ] GC(212) User=0.00s Sys=0.00s Real=0.00s
[93.491s][info][gc,start       ] GC(213) Pause Young (Allocation Failure)
[93.493s][info][gc,heap        ] GC(213) PSYoungGen: 286272K(307712K)->64K(308736K) Eden: 286208K(286208K)->0K(286208K) From: 64K(21504K)->64K(22528K)
[93.493s][info][gc,heap        ] GC(213) ParOldGen: 242735K(243200K)->242751K(243200K)
[93.493s][info][gc,metaspace   ] GC(213) Metaspace: 35030K(35712K)->35030K(35712K) NonClass: 28770K(29248K)->28770K(29248K) Class: 6259K(6464K)->6259K(6464K)
[93.493s][info][gc             ] GC(213) Pause Young (Allocation Failure) 516M->237M(539M) 1.925ms
[93.493s][info][gc,cpu         ] GC(213) User=0.01s Sys=0.00s Real=0.00s
[93.711s][info][gc,start       ] GC(214) Pause Young (Allocation Failure)
[93.713s][info][gc,heap        ] GC(214) PSYoungGen: 286272K(308736K)->32K(310272K) Eden: 286208K(286208K)->0K(289792K) From: 64K(22528K)->32K(20480K)
[93.713s][info][gc,heap        ] GC(214) ParOldGen: 242751K(243200K)->242767K(243200K)
[93.713s][info][gc,metaspace   ] GC(214) Metaspace: 35030K(35712K)->35030K(35712K) NonClass: 28770K(29248K)->28770K(29248K) Class: 6259K(6464K)->6259K(6464K)
[93.713s][info][gc             ] GC(214) Pause Young (Allocation Failure) 516M->237M(540M) 2.149ms
[93.713s][info][gc,cpu         ] GC(214) User=0.01s Sys=0.00s Real=0.00s
[93.942s][info][gc,start       ] GC(215) Pause Young (Allocation Failure)
[93.944s][info][gc,heap        ] GC(215) PSYoungGen: 289824K(310272K)->32K(310784K) Eden: 289792K(289792K)->0K(289792K) From: 32K(20480K)->32K(20992K)
[93.944s][info][gc,heap        ] GC(215) ParOldGen: 242767K(243200K)->242767K(243200K)
[93.944s][info][gc,metaspace   ] GC(215) Metaspace: 35030K(35712K)->35030K(35712K) NonClass: 28770K(29248K)->28770K(29248K) Class: 6259K(6464K)->6259K(6464K)
[93.944s][info][gc             ] GC(215) Pause Young (Allocation Failure) 520M->237M(541M) 2.427ms
[93.944s][info][gc,cpu         ] GC(215) User=0.00s Sys=0.00s Real=0.00s
[94.308s][info][gc,start       ] GC(216) Pause Young (Allocation Failure)
[94.309s][info][gc,heap        ] GC(216) PSYoungGen: 289824K(310784K)->64K(311296K) Eden: 289792K(289792K)->0K(292864K) From: 32K(20992K)->64K(18432K)
[94.309s][info][gc,heap        ] GC(216) ParOldGen: 242767K(243200K)->242767K(243200K)
[94.309s][info][gc,metaspace   ] GC(216) Metaspace: 35030K(35712K)->35030K(35712K) NonClass: 28770K(29248K)->28770K(29248K) Class: 6259K(6464K)->6259K(6464K)
[94.309s][info][gc             ] GC(216) Pause Young (Allocation Failure) 520M->237M(541M) 1.140ms
[94.309s][info][gc,cpu         ] GC(216) User=0.00s Sys=0.00s Real=0.00s
[94.459s][info][gc,start       ] GC(217) Pause Young (Allocation Failure)
[94.460s][info][gc,heap        ] GC(217) PSYoungGen: 292928K(311296K)->64K(311808K) Eden: 292864K(292864K)->0K(292864K) From: 64K(18432K)->64K(18944K)
[94.460s][info][gc,heap        ] GC(217) ParOldGen: 242767K(243200K)->242775K(243200K)
[94.460s][info][gc,metaspace   ] GC(217) Metaspace: 35030K(35712K)->35030K(35712K) NonClass: 28770K(29248K)->28770K(29248K) Class: 6259K(6464K)->6259K(6464K)
[94.460s][info][gc             ] GC(217) Pause Young (Allocation Failure) 523M->237M(542M) 1.253ms
[94.460s][info][gc,cpu         ] GC(217) User=0.00s Sys=0.00s Real=0.00s
[94.514s][info][gc,start       ] GC(218) Pause Young (Allocation Failure)
[94.515s][info][gc,heap        ] GC(218) PSYoungGen: 292928K(311808K)->64K(313344K) Eden: 292864K(292864K)->0K(296960K) From: 64K(18944K)->64K(16384K)
[94.516s][info][gc,heap        ] GC(218) ParOldGen: 242775K(243200K)->242791K(243200K)
[94.516s][info][gc,metaspace   ] GC(218) Metaspace: 35030K(35712K)->35030K(35712K) NonClass: 28770K(29248K)->28770K(29248K) Class: 6259K(6464K)->6259K(6464K)
[94.516s][info][gc             ] GC(218) Pause Young (Allocation Failure) 523M->237M(543M) 1.110ms
[94.516s][info][gc,cpu         ] GC(218) User=0.00s Sys=0.00s Real=0.00s
[94.647s][info][gc,start       ] GC(219) Pause Young (Allocation Failure)
[94.648s][info][gc,heap        ] GC(219) PSYoungGen: 297024K(313344K)->64K(313856K) Eden: 296960K(296960K)->0K(296960K) From: 64K(16384K)->64K(16896K)
[94.648s][info][gc,heap        ] GC(219) ParOldGen: 242791K(243200K)->242791K(243200K)
[94.648s][info][gc,metaspace   ] GC(219) Metaspace: 35030K(35712K)->35030K(35712K) NonClass: 28770K(29248K)->28770K(29248K) Class: 6259K(6464K)->6259K(6464K)
[94.648s][info][gc             ] GC(219) Pause Young (Allocation Failure) 527M->237M(544M) 1.164ms
[94.648s][info][gc,cpu         ] GC(219) User=0.00s Sys=0.00s Real=0.00s
[94.929s][info][gc,start       ] GC(220) Pause Young (Allocation Failure)
[94.930s][info][gc,heap        ] GC(220) PSYoungGen: 297024K(313856K)->64K(314880K) Eden: 296960K(296960K)->0K(300544K) From: 64K(16896K)->64K(14336K)
[94.930s][info][gc,heap        ] GC(220) ParOldGen: 242791K(243200K)->242807K(243200K)
[94.930s][info][gc,metaspace   ] GC(220) Metaspace: 35030K(35712K)->35030K(35712K) NonClass: 28770K(29248K)->28770K(29248K) Class: 6259K(6464K)->6259K(6464K)
[94.930s][info][gc             ] GC(220) Pause Young (Allocation Failure) 527M->237M(545M) 1.268ms
[94.930s][info][gc,cpu         ] GC(220) User=0.01s Sys=0.00s Real=0.00s
[95.112s][info][gc,start       ] GC(221) Pause Young (Allocation Failure)
[95.113s][info][gc,heap        ] GC(221) PSYoungGen: 300608K(314880K)->64K(315904K) Eden: 300544K(300544K)->0K(300544K) From: 64K(14336K)->64K(15360K)
[95.113s][info][gc,heap        ] GC(221) ParOldGen: 242807K(243200K)->242807K(243200K)
[95.113s][info][gc,metaspace   ] GC(221) Metaspace: 35030K(35712K)->35030K(35712K) NonClass: 28770K(29248K)->28770K(29248K) Class: 6259K(6464K)->6259K(6464K)
[95.113s][info][gc             ] GC(221) Pause Young (Allocation Failure) 530M->237M(546M) 1.228ms
[95.113s][info][gc,cpu         ] GC(221) User=0.00s Sys=0.00s Real=0.00s
[95.195s][info][gc,start       ] GC(222) Pause Young (Allocation Failure)
[95.196s][info][gc,heap        ] GC(222) PSYoungGen: 300608K(315904K)->64K(316416K) Eden: 300544K(300544K)->0K(304128K) From: 64K(15360K)->64K(12288K)
[95.196s][info][gc,heap        ] GC(222) ParOldGen: 242807K(243200K)->242823K(243200K)
[95.196s][info][gc,metaspace   ] GC(222) Metaspace: 35030K(35712K)->35030K(35712K) NonClass: 28770K(29248K)->28770K(29248K) Class: 6259K(6464K)->6259K(6464K)
[95.196s][info][gc             ] GC(222) Pause Young (Allocation Failure) 530M->237M(546M) 1.236ms
[95.196s][info][gc,cpu         ] GC(222) User=0.00s Sys=0.00s Real=0.00s
[95.377s][info][gc,start       ] GC(223) Pause Young (Allocation Failure)
[95.379s][info][gc,heap        ] GC(223) PSYoungGen: 304192K(316416K)->64K(317440K) Eden: 304128K(304128K)->0K(304128K) From: 64K(12288K)->64K(13312K)
[95.379s][info][gc,heap        ] GC(223) ParOldGen: 242823K(243200K)->242823K(243200K)
[95.379s][info][gc,metaspace   ] GC(223) Metaspace: 35030K(35712K)->35030K(35712K) NonClass: 28770K(29248K)->28770K(29248K) Class: 6259K(6464K)->6259K(6464K)
[95.379s][info][gc             ] GC(223) Pause Young (Allocation Failure) 534M->237M(547M) 1.731ms
[95.379s][info][gc,cpu         ] GC(223) User=0.00s Sys=0.00s Real=0.00s
[95.882s][info][gc,start       ] GC(224) Pause Young (Allocation Failure)
[95.884s][info][gc,heap        ] GC(224) PSYoungGen: 304192K(317440K)->64K(292352K) Eden: 304128K(304128K)->0K(291840K) From: 64K(13312K)->64K(512K)
[95.884s][info][gc,heap        ] GC(224) ParOldGen: 242823K(243200K)->242831K(243200K)
[95.884s][info][gc,metaspace   ] GC(224) Metaspace: 35030K(35712K)->35030K(35712K) NonClass: 28770K(29248K)->28770K(29248K) Class: 6259K(6464K)->6259K(6464K)
[95.884s][info][gc             ] GC(224) Pause Young (Allocation Failure) 534M->237M(523M) 1.294ms
[95.884s][info][gc,cpu         ] GC(224) User=0.00s Sys=0.00s Real=0.00s
[96.952s][info][gc,start       ] GC(225) Pause Young (Allocation Failure)
[96.953s][info][gc,heap        ] GC(225) PSYoungGen: 291904K(292352K)->64K(291840K) Eden: 291840K(291840K)->0K(280064K) From: 64K(512K)->64K(11776K)
[96.953s][info][gc,heap        ] GC(225) ParOldGen: 242831K(243200K)->242839K(243200K)
[96.953s][info][gc,metaspace   ] GC(225) Metaspace: 35030K(35712K)->35030K(35712K) NonClass: 28770K(29248K)->28770K(29248K) Class: 6259K(6464K)->6259K(6464K)
[96.953s][info][gc             ] GC(225) Pause Young (Allocation Failure) 522M->237M(522M) 1.242ms
[96.953s][info][gc,cpu         ] GC(225) User=0.00s Sys=0.00s Real=0.00s
[97.526s][info][gc,start       ] GC(226) Pause Young (Allocation Failure)
[97.529s][info][gc,heap        ] GC(226) PSYoungGen: 280128K(291840K)->64K(269312K) Eden: 280064K(280064K)->0K(268800K) From: 64K(11776K)->64K(512K)
[97.529s][info][gc,heap        ] GC(226) ParOldGen: 242839K(243200K)->242847K(243200K)
[97.529s][info][gc,metaspace   ] GC(226) Metaspace: 35030K(35712K)->35030K(35712K) NonClass: 28770K(29248K)->28770K(29248K) Class: 6259K(6464K)->6259K(6464K)
[97.529s][info][gc             ] GC(226) Pause Young (Allocation Failure) 510M->237M(500M) 2.851ms
[97.529s][info][gc,cpu         ] GC(226) User=0.00s Sys=0.00s Real=0.00s
[98.023s][info][gc,start       ] GC(227) Pause Young (Allocation Failure)
[98.025s][info][gc,heap        ] GC(227) PSYoungGen: 268864K(269312K)->64K(268288K) Eden: 268800K(268800K)->0K(258048K) From: 64K(512K)->64K(10240K)
[98.025s][info][gc,heap        ] GC(227) ParOldGen: 242847K(243200K)->242855K(243200K)
[98.025s][info][gc,metaspace   ] GC(227) Metaspace: 35042K(35712K)->35042K(35712K) NonClass: 28782K(29248K)->28782K(29248K) Class: 6259K(6464K)->6259K(6464K)
[98.025s][info][gc             ] GC(227) Pause Young (Allocation Failure) 499M->237M(499M) 2.049ms
[98.025s][info][gc,cpu         ] GC(227) User=0.00s Sys=0.00s Real=0.01s
[99.067s][info][gc,start       ] GC(228) Pause Young (Allocation Failure)
[99.069s][info][gc,heap        ] GC(228) PSYoungGen: 258112K(268288K)->64K(248320K) Eden: 258048K(258048K)->0K(247808K) From: 64K(10240K)->64K(512K)
[99.069s][info][gc,heap        ] GC(228) ParOldGen: 242855K(243200K)->242863K(243200K)
[99.069s][info][gc,metaspace   ] GC(228) Metaspace: 35042K(35712K)->35042K(35712K) NonClass: 28782K(29248K)->28782K(29248K) Class: 6259K(6464K)->6259K(6464K)
[99.069s][info][gc             ] GC(228) Pause Young (Allocation Failure) 489M->237M(480M) 2.393ms
[99.069s][info][gc,cpu         ] GC(228) User=0.00s Sys=0.00s Real=0.00s
[99.332s][info][gc,start       ] GC(229) Pause Young (Allocation Failure)
[99.334s][info][gc,heap        ] GC(229) PSYoungGen: 247872K(248320K)->64K(247296K) Eden: 247808K(247808K)->0K(238080K) From: 64K(512K)->64K(9216K)
[99.334s][info][gc,heap        ] GC(229) ParOldGen: 242863K(243200K)->242871K(243200K)
[99.334s][info][gc,metaspace   ] GC(229) Metaspace: 35042K(35712K)->35042K(35712K) NonClass: 28782K(29248K)->28782K(29248K) Class: 6259K(6464K)->6259K(6464K)
[99.334s][info][gc             ] GC(229) Pause Young (Allocation Failure) 479M->237M(479M) 1.976ms
[99.334s][info][gc,cpu         ] GC(229) User=0.01s Sys=0.00s Real=0.00s
[99.743s][info][gc,start       ] GC(230) Pause Young (Allocation Failure)
[99.745s][info][gc,heap        ] GC(230) PSYoungGen: 238144K(247296K)->64K(229376K) Eden: 238080K(238080K)->0K(228864K) From: 64K(9216K)->64K(512K)
[99.745s][info][gc,heap        ] GC(230) ParOldGen: 242871K(243200K)->242887K(243200K)
[99.745s][info][gc,metaspace   ] GC(230) Metaspace: 35042K(35712K)->35042K(35712K) NonClass: 28782K(29248K)->28782K(29248K) Class: 6259K(6464K)->6259K(6464K)
[99.745s][info][gc             ] GC(230) Pause Young (Allocation Failure) 469M->237M(461M) 2.527ms
[99.745s][info][gc,cpu         ] GC(230) User=0.00s Sys=0.00s Real=0.01s
[99.801s][info][gc,start       ] GC(231) Pause Young (Allocation Failure)
[99.803s][info][gc,heap        ] GC(231) PSYoungGen: 228928K(229376K)->32K(282624K) Eden: 228864K(228864K)->0K(274944K) From: 64K(512K)->32K(7680K)
[99.803s][info][gc,heap        ] GC(231) ParOldGen: 242887K(243200K)->242903K(243200K)
[99.803s][info][gc,metaspace   ] GC(231) Metaspace: 35042K(35712K)->35042K(35712K) NonClass: 28782K(29248K)->28782K(29248K) Class: 6259K(6464K)->6259K(6464K)
[99.803s][info][gc             ] GC(231) Pause Young (Allocation Failure) 460M->237M(513M) 1.986ms
[99.803s][info][gc,cpu         ] GC(231) User=0.01s Sys=0.00s Real=0.00s
[100.362s][info][gc,start       ] GC(232) Pause Young (Allocation Failure)
[100.364s][info][gc,heap        ] GC(232) PSYoungGen: 274976K(282624K)->64K(264704K) Eden: 274944K(274944K)->0K(264192K) From: 32K(7680K)->64K(512K)
[100.364s][info][gc,heap        ] GC(232) ParOldGen: 242903K(243200K)->242903K(243200K)
[100.364s][info][gc,metaspace   ] GC(232) Metaspace: 35042K(35712K)->35042K(35712K) NonClass: 28782K(29248K)->28782K(29248K) Class: 6259K(6464K)->6259K(6464K)
[100.364s][info][gc             ] GC(232) Pause Young (Allocation Failure) 505M->237M(496M) 2.557ms
[100.364s][info][gc,cpu         ] GC(232) User=0.01s Sys=0.00s Real=0.00s
[100.716s][info][gc,start       ] GC(233) Pause Young (Allocation Failure)
[100.718s][info][gc,heap        ] GC(233) PSYoungGen: 264256K(264704K)->64K(260608K) Eden: 264192K(264192K)->0K(253952K) From: 64K(512K)->64K(6656K)
[100.718s][info][gc,heap        ] GC(233) ParOldGen: 242903K(243200K)->242919K(243200K)
[100.718s][info][gc,metaspace   ] GC(233) Metaspace: 35042K(35712K)->35042K(35712K) NonClass: 28782K(29248K)->28782K(29248K) Class: 6259K(6464K)->6259K(6464K)
[100.718s][info][gc             ] GC(233) Pause Young (Allocation Failure) 495M->237M(492M) 2.173ms
[100.718s][info][gc,cpu         ] GC(233) User=0.01s Sys=0.00s Real=0.00s
[101.066s][info][gc,start       ] GC(234) Pause Young (Allocation Failure)
[101.097s][info][gc,heap        ] GC(234) PSYoungGen: 254016K(260608K)->6144K(275456K) Eden: 253952K(253952K)->0K(269312K) From: 64K(6656K)->6144K(6144K)
[101.097s][info][gc,heap        ] GC(234) ParOldGen: 242919K(243200K)->251735K(251904K)
[101.097s][info][gc,metaspace   ] GC(234) Metaspace: 35042K(35712K)->35042K(35712K) NonClass: 28782K(29248K)->28782K(29248K) Class: 6259K(6464K)->6259K(6464K)
[101.097s][info][gc             ] GC(234) Pause Young (Allocation Failure) 485M->251M(515M) 30.937ms
[101.097s][info][gc,cpu         ] GC(234) User=0.05s Sys=0.01s Real=0.03s
[101.393s][info][gc,start       ] GC(235) Pause Young (Allocation Failure)
[101.450s][info][gc,heap        ] GC(235) PSYoungGen: 275456K(275456K)->11264K(280576K) Eden: 269312K(269312K)->0K(269312K) From: 6144K(6144K)->11264K(11264K)
[101.450s][info][gc,heap        ] GC(235) ParOldGen: 251735K(251904K)->269311K(269312K)
[101.450s][info][gc,metaspace   ] GC(235) Metaspace: 35042K(35712K)->35042K(35712K) NonClass: 28782K(29248K)->28782K(29248K) Class: 6259K(6464K)->6259K(6464K)
[101.450s][info][gc             ] GC(235) Pause Young (Allocation Failure) 514M->273M(537M) 56.611ms
[101.450s][info][gc,cpu         ] GC(235) User=0.10s Sys=0.01s Real=0.06s
[101.715s][info][gc,start       ] GC(236) Pause Young (Allocation Failure)
[101.773s][info][gc,heap        ] GC(236) PSYoungGen: 280576K(280576K)->19968K(300544K) Eden: 269312K(269312K)->0K(280576K) From: 11264K(11264K)->19968K(19968K)
[101.773s][info][gc,heap        ] GC(236) ParOldGen: 269311K(269312K)->275471K(275968K)
[101.773s][info][gc,metaspace   ] GC(236) Metaspace: 35042K(35712K)->35042K(35712K) NonClass: 28782K(29248K)->28782K(29248K) Class: 6259K(6464K)->6259K(6464K)
[101.773s][info][gc             ] GC(236) Pause Young (Allocation Failure) 536M->288M(563M) 58.232ms
[101.773s][info][gc,cpu         ] GC(236) User=0.10s Sys=0.02s Real=0.05s
[101.867s][info][gc,start       ] GC(237) Pause Young (Allocation Failure)
[101.870s][info][gc,heap        ] GC(237) PSYoungGen: 300544K(300544K)->64K(307200K) Eden: 280576K(280576K)->0K(280576K) From: 19968K(19968K)->64K(26624K)
[101.870s][info][gc,heap        ] GC(237) ParOldGen: 275471K(275968K)->275687K(275968K)
[101.870s][info][gc,metaspace   ] GC(237) Metaspace: 35042K(35712K)->35042K(35712K) NonClass: 28782K(29248K)->28782K(29248K) Class: 6259K(6464K)->6259K(6464K)
[101.870s][info][gc             ] GC(237) Pause Young (Allocation Failure) 562M->269M(569M) 2.866ms
[101.870s][info][gc,cpu         ] GC(237) User=0.01s Sys=0.00s Real=0.00s
[102.535s][info][gc,start       ] GC(238) Pause Young (Allocation Failure)
[102.536s][info][gc,heap        ] GC(238) PSYoungGen: 280640K(307200K)->64K(305152K) Eden: 280576K(280576K)->0K(281600K) From: 64K(26624K)->64K(23552K)
[102.536s][info][gc,heap        ] GC(238) ParOldGen: 275687K(275968K)->275695K(275968K)
[102.536s][info][gc,metaspace   ] GC(238) Metaspace: 35042K(35712K)->35042K(35712K) NonClass: 28782K(29248K)->28782K(29248K) Class: 6259K(6464K)->6259K(6464K)
[102.536s][info][gc             ] GC(238) Pause Young (Allocation Failure) 543M->269M(567M) 1.492ms
[102.536s][info][gc,cpu         ] GC(238) User=0.00s Sys=0.00s Real=0.00s
[102.958s][info][gc,start       ] GC(239) Pause Young (Allocation Failure)
[102.960s][info][gc,heap        ] GC(239) PSYoungGen: 281664K(305152K)->64K(306688K) Eden: 281600K(281600K)->0K(281600K) From: 64K(23552K)->64K(25088K)
[102.960s][info][gc,heap        ] GC(239) ParOldGen: 275695K(275968K)->275703K(275968K)
[102.960s][info][gc,metaspace   ] GC(239) Metaspace: 35042K(35712K)->35042K(35712K) NonClass: 28782K(29248K)->28782K(29248K) Class: 6259K(6464K)->6259K(6464K)
[102.960s][info][gc             ] GC(239) Pause Young (Allocation Failure) 544M->269M(569M) 2.309ms
[102.960s][info][gc,cpu         ] GC(239) User=0.01s Sys=0.00s Real=0.00s
[103.391s][info][gc,start       ] GC(240) Pause Young (Allocation Failure)
[103.394s][info][gc,heap        ] GC(240) PSYoungGen: 281664K(306688K)->64K(306176K) Eden: 281600K(281600K)->0K(284672K) From: 64K(25088K)->64K(21504K)
[103.394s][info][gc,heap        ] GC(240) ParOldGen: 275703K(275968K)->275719K(275968K)
[103.394s][info][gc,metaspace   ] GC(240) Metaspace: 35042K(35712K)->35042K(35712K) NonClass: 28782K(29248K)->28782K(29248K) Class: 6259K(6464K)->6259K(6464K)
[103.394s][info][gc             ] GC(240) Pause Young (Allocation Failure) 544M->269M(568M) 2.346ms
[103.394s][info][gc,cpu         ] GC(240) User=0.00s Sys=0.00s Real=0.00s
[103.602s][info][gc,start       ] GC(241) Pause Young (Allocation Failure)
[103.604s][info][gc,heap        ] GC(241) PSYoungGen: 284736K(306176K)->64K(307712K) Eden: 284672K(284672K)->0K(284672K) From: 64K(21504K)->64K(23040K)
[103.604s][info][gc,heap        ] GC(241) ParOldGen: 275719K(275968K)->275735K(275968K)
[103.604s][info][gc,metaspace   ] GC(241) Metaspace: 35042K(35712K)->35042K(35712K) NonClass: 28782K(29248K)->28782K(29248K) Class: 6259K(6464K)->6259K(6464K)
[103.604s][info][gc             ] GC(241) Pause Young (Allocation Failure) 547M->269M(570M) 1.755ms
[103.604s][info][gc,cpu         ] GC(241) User=0.00s Sys=0.00s Real=0.00s
[103.812s][info][gc,start       ] GC(242) Pause Young (Allocation Failure)
[103.813s][info][gc,heap        ] GC(242) PSYoungGen: 284736K(307712K)->64K(308224K) Eden: 284672K(284672K)->0K(288768K) From: 64K(23040K)->64K(19456K)
[103.813s][info][gc,heap        ] GC(242) ParOldGen: 275735K(275968K)->275735K(275968K)
[103.813s][info][gc,metaspace   ] GC(242) Metaspace: 35042K(35712K)->35042K(35712K) NonClass: 28782K(29248K)->28782K(29248K) Class: 6259K(6464K)->6259K(6464K)
[103.813s][info][gc             ] GC(242) Pause Young (Allocation Failure) 547M->269M(570M) 1.294ms
[103.813s][info][gc,cpu         ] GC(242) User=0.00s Sys=0.00s Real=0.00s
[104.149s][info][gc,start       ] GC(243) Pause Young (Allocation Failure)
[104.151s][info][gc,heap        ] GC(243) PSYoungGen: 288832K(308224K)->64K(309760K) Eden: 288768K(288768K)->0K(288768K) From: 64K(19456K)->64K(20992K)
[104.151s][info][gc,heap        ] GC(243) ParOldGen: 275735K(275968K)->275735K(275968K)
[104.151s][info][gc,metaspace   ] GC(243) Metaspace: 35042K(35712K)->35042K(35712K) NonClass: 28782K(29248K)->28782K(29248K) Class: 6259K(6464K)->6259K(6464K)
[104.151s][info][gc             ] GC(243) Pause Young (Allocation Failure) 551M->269M(572M) 1.232ms
[104.151s][info][gc,cpu         ] GC(243) User=0.00s Sys=0.00s Real=0.00s
[104.204s][info][gc,start       ] GC(244) Pause Young (Allocation Failure)
[104.205s][info][gc,heap        ] GC(244) PSYoungGen: 288832K(309760K)->64K(310784K) Eden: 288768K(288768K)->0K(293376K) From: 64K(20992K)->64K(17408K)
[104.205s][info][gc,heap        ] GC(244) ParOldGen: 275735K(275968K)->275751K(275968K)
[104.205s][info][gc,metaspace   ] GC(244) Metaspace: 35042K(35712K)->35042K(35712K) NonClass: 28782K(29248K)->28782K(29248K) Class: 6259K(6464K)->6259K(6464K)
[104.205s][info][gc             ] GC(244) Pause Young (Allocation Failure) 551M->269M(573M) 1.258ms
[104.205s][info][gc,cpu         ] GC(244) User=0.00s Sys=0.00s Real=0.01s
[104.262s][info][gc,start       ] GC(245) Pause Young (Allocation Failure)
[104.263s][info][gc,heap        ] GC(245) PSYoungGen: 293440K(310784K)->64K(311808K) Eden: 293376K(293376K)->0K(293376K) From: 64K(17408K)->64K(18432K)
[104.263s][info][gc,heap        ] GC(245) ParOldGen: 275751K(275968K)->275751K(275968K)
[104.263s][info][gc,metaspace   ] GC(245) Metaspace: 35042K(35712K)->35042K(35712K) NonClass: 28782K(29248K)->28782K(29248K) Class: 6259K(6464K)->6259K(6464K)
[104.263s][info][gc             ] GC(245) Pause Young (Allocation Failure) 555M->269M(574M) 1.201ms
[104.263s][info][gc,cpu         ] GC(245) User=0.00s Sys=0.00s Real=0.00s
[104.498s][info][gc,start       ] GC(246) Pause Young (Allocation Failure)
[104.500s][info][gc,heap        ] GC(246) PSYoungGen: 293440K(311808K)->64K(313344K) Eden: 293376K(293376K)->0K(297984K) From: 64K(18432K)->64K(15360K)
[104.500s][info][gc,heap        ] GC(246) ParOldGen: 275751K(275968K)->275751K(275968K)
[104.500s][info][gc,metaspace   ] GC(246) Metaspace: 35042K(35712K)->35042K(35712K) NonClass: 28782K(29248K)->28782K(29248K) Class: 6259K(6464K)->6259K(6464K)
[104.500s][info][gc             ] GC(246) Pause Young (Allocation Failure) 555M->269M(575M) 1.419ms
[104.500s][info][gc,cpu         ] GC(246) User=0.00s Sys=0.00s Real=0.00s
[104.752s][info][gc,start       ] GC(247) Pause Young (Allocation Failure)
[104.754s][info][gc,heap        ] GC(247) PSYoungGen: 298048K(313344K)->64K(314368K) Eden: 297984K(297984K)->0K(297984K) From: 64K(15360K)->64K(16384K)
[104.754s][info][gc,heap        ] GC(247) ParOldGen: 275751K(275968K)->275759K(275968K)
[104.754s][info][gc,metaspace   ] GC(247) Metaspace: 35042K(35712K)->35042K(35712K) NonClass: 28782K(29248K)->28782K(29248K) Class: 6259K(6464K)->6259K(6464K)
[104.754s][info][gc             ] GC(247) Pause Young (Allocation Failure) 560M->269M(576M) 1.289ms
[104.754s][info][gc,cpu         ] GC(247) User=0.00s Sys=0.00s Real=0.00s
[104.870s][info][gc,start       ] GC(248) Pause Young (Allocation Failure)
[104.872s][info][gc,heap        ] GC(248) PSYoungGen: 298048K(314368K)->64K(316416K) Eden: 297984K(297984K)->0K(302080K) From: 64K(16384K)->64K(14336K)
[104.872s][info][gc,heap        ] GC(248) ParOldGen: 275759K(275968K)->275767K(275968K)
[104.872s][info][gc,metaspace   ] GC(248) Metaspace: 35042K(35712K)->35042K(35712K) NonClass: 28782K(29248K)->28782K(29248K) Class: 6259K(6464K)->6259K(6464K)
[104.872s][info][gc             ] GC(248) Pause Young (Allocation Failure) 560M->269M(578M) 1.253ms
[104.872s][info][gc,cpu         ] GC(248) User=0.00s Sys=0.00s Real=0.00s
[104.980s][info][gc,start       ] GC(249) Pause Young (Allocation Failure)
[104.981s][info][gc,heap        ] GC(249) PSYoungGen: 302144K(316416K)->64K(316928K) Eden: 302080K(302080K)->0K(302080K) From: 64K(14336K)->64K(14848K)
[104.981s][info][gc,heap        ] GC(249) ParOldGen: 275767K(275968K)->275775K(275968K)
[104.981s][info][gc,metaspace   ] GC(249) Metaspace: 35042K(35712K)->35042K(35712K) NonClass: 28782K(29248K)->28782K(29248K) Class: 6259K(6464K)->6259K(6464K)
[104.981s][info][gc             ] GC(249) Pause Young (Allocation Failure) 564M->269M(579M) 1.323ms
[104.981s][info][gc,cpu         ] GC(249) User=0.01s Sys=0.00s Real=0.00s
[105.198s][info][gc,start       ] GC(250) Pause Young (Allocation Failure)
[105.200s][info][gc,heap        ] GC(250) PSYoungGen: 302144K(316928K)->64K(290304K) Eden: 302080K(302080K)->0K(289792K) From: 64K(14848K)->64K(512K)
[105.200s][info][gc,heap        ] GC(250) ParOldGen: 275775K(275968K)->275783K(275968K)
[105.200s][info][gc,metaspace   ] GC(250) Metaspace: 35042K(35712K)->35042K(35712K) NonClass: 28782K(29248K)->28782K(29248K) Class: 6259K(6464K)->6259K(6464K)
[105.200s][info][gc             ] GC(250) Pause Young (Allocation Failure) 564M->269M(553M) 2.081ms
[105.200s][info][gc,cpu         ] GC(250) User=0.00s Sys=0.00s Real=0.00s
[106.122s][info][gc,start       ] GC(251) Pause Young (Allocation Failure)
[106.123s][info][gc,heap        ] GC(251) PSYoungGen: 289856K(290304K)->83K(290816K) Eden: 289792K(289792K)->0K(278016K) From: 64K(512K)->83K(12800K)
[106.123s][info][gc,heap        ] GC(251) ParOldGen: 275783K(275968K)->275791K(275968K)
[106.123s][info][gc,metaspace   ] GC(251) Metaspace: 35042K(35712K)->35042K(35712K) NonClass: 28782K(29248K)->28782K(29248K) Class: 6259K(6464K)->6259K(6464K)
[106.123s][info][gc             ] GC(251) Pause Young (Allocation Failure) 552M->269M(553M) 1.306ms
[106.123s][info][gc,cpu         ] GC(251) User=0.00s Sys=0.00s Real=0.00s
[107.011s][info][gc,start       ] GC(252) Pause Young (Allocation Failure)
[107.013s][info][gc,heap        ] GC(252) PSYoungGen: 278099K(290816K)->64K(267776K) Eden: 278016K(278016K)->0K(267264K) From: 83K(12800K)->64K(512K)
[107.013s][info][gc,heap        ] GC(252) ParOldGen: 275791K(275968K)->275799K(275968K)
[107.013s][info][gc,metaspace   ] GC(252) Metaspace: 35042K(35712K)->35042K(35712K) NonClass: 28782K(29248K)->28782K(29248K) Class: 6259K(6464K)->6259K(6464K)
[107.013s][info][gc             ] GC(252) Pause Young (Allocation Failure) 540M->269M(531M) 1.829ms
[107.013s][info][gc,cpu         ] GC(252) User=0.00s Sys=0.00s Real=0.00s
[107.310s][info][gc,start       ] GC(253) Pause Young (Allocation Failure)
[107.311s][info][gc,heap        ] GC(253) PSYoungGen: 267328K(267776K)->64K(268288K) Eden: 267264K(267264K)->0K(257024K) From: 64K(512K)->64K(11264K)
[107.311s][info][gc,heap        ] GC(253) ParOldGen: 275799K(275968K)->275807K(275968K)
[107.311s][info][gc,metaspace   ] GC(253) Metaspace: 35042K(35712K)->35042K(35712K) NonClass: 28782K(29248K)->28782K(29248K) Class: 6259K(6464K)->6259K(6464K)
[107.311s][info][gc             ] GC(253) Pause Young (Allocation Failure) 530M->269M(531M) 1.193ms
[107.311s][info][gc,cpu         ] GC(253) User=0.00s Sys=0.00s Real=0.00s
[107.814s][info][gc,start       ] GC(254) Pause Young (Allocation Failure)
[107.817s][info][gc,heap        ] GC(254) PSYoungGen: 257088K(268288K)->64K(247296K) Eden: 257024K(257024K)->0K(246784K) From: 64K(11264K)->64K(512K)
[107.817s][info][gc,heap        ] GC(254) ParOldGen: 275807K(275968K)->275815K(275968K)
[107.817s][info][gc,metaspace   ] GC(254) Metaspace: 35042K(35712K)->35042K(35712K) NonClass: 28782K(29248K)->28782K(29248K) Class: 6259K(6464K)->6259K(6464K)
[107.817s][info][gc             ] GC(254) Pause Young (Allocation Failure) 520M->269M(511M) 2.577ms
[107.817s][info][gc,cpu         ] GC(254) User=0.00s Sys=0.00s Real=0.01s
[108.785s][info][gc,start       ] GC(255) Pause Young (Allocation Failure)
[108.788s][info][gc,heap        ] GC(255) PSYoungGen: 246848K(247296K)->64K(246784K) Eden: 246784K(246784K)->0K(237056K) From: 64K(512K)->64K(9728K)
[108.788s][info][gc,heap        ] GC(255) ParOldGen: 275815K(275968K)->275823K(275968K)
[108.788s][info][gc,metaspace   ] GC(255) Metaspace: 35042K(35712K)->35042K(35712K) NonClass: 28782K(29248K)->28782K(29248K) Class: 6259K(6464K)->6259K(6464K)
[108.788s][info][gc             ] GC(255) Pause Young (Allocation Failure) 510M->269M(510M) 2.215ms
[108.788s][info][gc,cpu         ] GC(255) User=0.01s Sys=0.00s Real=0.00s
[109.194s][info][gc,start       ] GC(256) Pause Young (Allocation Failure)
[109.196s][info][gc,heap        ] GC(256) PSYoungGen: 237120K(246784K)->64K(228352K) Eden: 237056K(237056K)->0K(227840K) From: 64K(9728K)->64K(512K)
[109.196s][info][gc,heap        ] GC(256) ParOldGen: 275823K(275968K)->275831K(275968K)
[109.196s][info][gc,metaspace   ] GC(256) Metaspace: 35042K(35712K)->35042K(35712K) NonClass: 28782K(29248K)->28782K(29248K) Class: 6259K(6464K)->6259K(6464K)
[109.196s][info][gc             ] GC(256) Pause Young (Allocation Failure) 500M->269M(492M) 2.980ms
[109.197s][info][gc,cpu         ] GC(256) User=0.00s Sys=0.00s Real=0.01s
[109.372s][info][gc,start       ] GC(257) Pause Young (Allocation Failure)
[109.374s][info][gc,heap        ] GC(257) PSYoungGen: 227904K(228352K)->64K(227840K) Eden: 227840K(227840K)->0K(219136K) From: 64K(512K)->64K(8704K)
[109.374s][info][gc,heap        ] GC(257) ParOldGen: 275831K(275968K)->275839K(275968K)
[109.374s][info][gc,metaspace   ] GC(257) Metaspace: 35042K(35712K)->35042K(35712K) NonClass: 28782K(29248K)->28782K(29248K) Class: 6259K(6464K)->6259K(6464K)
[109.374s][info][gc             ] GC(257) Pause Young (Allocation Failure) 491M->269M(492M) 2.135ms
[109.374s][info][gc,cpu         ] GC(257) User=0.00s Sys=0.00s Real=0.00s
[109.447s][info][gc,start       ] GC(258) Pause Young (Allocation Failure)
[109.449s][info][gc,heap        ] GC(258) PSYoungGen: 219200K(227840K)->64K(263680K) Eden: 219136K(219136K)->0K(263168K) From: 64K(8704K)->64K(512K)
[109.449s][info][gc,heap        ] GC(258) ParOldGen: 275839K(275968K)->275847K(275968K)
[109.449s][info][gc,metaspace   ] GC(258) Metaspace: 35042K(35712K)->35042K(35712K) NonClass: 28782K(29248K)->28782K(29248K) Class: 6259K(6464K)->6259K(6464K)
[109.449s][info][gc             ] GC(258) Pause Young (Allocation Failure) 483M->269M(527M) 2.710ms
[109.449s][info][gc,cpu         ] GC(258) User=0.00s Sys=0.00s Real=0.00s
[110.069s][info][gc,start       ] GC(259) Pause Young (Allocation Failure)
[110.071s][info][gc,heap        ] GC(259) PSYoungGen: 263232K(263680K)->64K(260096K) Eden: 263168K(263168K)->0K(252928K) From: 64K(512K)->64K(7168K)
[110.071s][info][gc,heap        ] GC(259) ParOldGen: 275847K(275968K)->275855K(275968K)
[110.071s][info][gc,metaspace   ] GC(259) Metaspace: 35042K(35712K)->35042K(35712K) NonClass: 28782K(29248K)->28782K(29248K) Class: 6259K(6464K)->6259K(6464K)
[110.071s][info][gc             ] GC(259) Pause Young (Allocation Failure) 526M->269M(523M) 2.145ms
[110.071s][info][gc,cpu         ] GC(259) User=0.00s Sys=0.00s Real=0.00s
[110.355s][info][gc,start       ] GC(260) Pause Young (Allocation Failure)
[110.357s][info][gc,heap        ] GC(260) PSYoungGen: 252992K(260096K)->64K(243712K) Eden: 252928K(252928K)->0K(243200K) From: 64K(7168K)->64K(512K)
[110.357s][info][gc,heap        ] GC(260) ParOldGen: 275855K(275968K)->275863K(275968K)
[110.357s][info][gc,metaspace   ] GC(260) Metaspace: 35042K(35712K)->35042K(35712K) NonClass: 28782K(29248K)->28782K(29248K) Class: 6259K(6464K)->6259K(6464K)
[110.357s][info][gc             ] GC(260) Pause Young (Allocation Failure) 516M->269M(507M) 1.873ms
[110.357s][info][gc,cpu         ] GC(260) User=0.00s Sys=0.00s Real=0.00s
[110.673s][info][gc,start       ] GC(261) Pause Young (Allocation Failure)
[110.705s][info][gc,heap        ] GC(261) PSYoungGen: 243264K(243712K)->6144K(269824K) Eden: 243200K(243200K)->0K(263680K) From: 64K(512K)->6144K(6144K)
[110.705s][info][gc,heap        ] GC(261) ParOldGen: 275863K(275968K)->285959K(286208K)
[110.705s][info][gc,metaspace   ] GC(261) Metaspace: 35042K(35712K)->35042K(35712K) NonClass: 28782K(29248K)->28782K(29248K) Class: 6259K(6464K)->6259K(6464K)
[110.705s][info][gc             ] GC(261) Pause Young (Allocation Failure) 506M->285M(543M) 32.269ms
[110.705s][info][gc,cpu         ] GC(261) User=0.05s Sys=0.01s Real=0.04s
[110.987s][info][gc,start       ] GC(262) Pause Young (Allocation Failure)
[111.050s][info][gc,heap        ] GC(262) PSYoungGen: 269824K(269824K)->11776K(294912K) Eden: 263680K(263680K)->0K(283136K) From: 6144K(6144K)->11776K(11776K)
[111.050s][info][gc,heap        ] GC(262) ParOldGen: 285959K(286208K)->302471K(302592K)
[111.050s][info][gc,metaspace   ] GC(262) Metaspace: 35042K(35712K)->35042K(35712K) NonClass: 28782K(29248K)->28782K(29248K) Class: 6259K(6464K)->6259K(6464K)
[111.050s][info][gc             ] GC(262) Pause Young (Allocation Failure) 542M->306M(583M) 62.431ms
[111.050s][info][gc,cpu         ] GC(262) User=0.10s Sys=0.02s Real=0.06s
[111.342s][info][gc,start       ] GC(263) Pause Young (Allocation Failure)
[111.398s][info][gc,heap        ] GC(263) PSYoungGen: 294912K(294912K)->20480K(303616K) Eden: 283136K(283136K)->0K(283136K) From: 11776K(11776K)->20480K(20480K)
[111.398s][info][gc,heap        ] GC(263) ParOldGen: 302471K(302592K)->307383K(307712K)
[111.398s][info][gc,metaspace   ] GC(263) Metaspace: 35042K(35712K)->35042K(35712K) NonClass: 28782K(29248K)->28782K(29248K) Class: 6259K(6464K)->6259K(6464K)
[111.398s][info][gc             ] GC(263) Pause Young (Allocation Failure) 583M->320M(597M) 56.422ms
[111.398s][info][gc,cpu         ] GC(263) User=0.09s Sys=0.02s Real=0.06s
[111.500s][info][gc,start       ] GC(264) Pause Young (Allocation Failure)
[111.504s][info][gc,heap        ] GC(264) PSYoungGen: 303616K(303616K)->64K(308224K) Eden: 283136K(283136K)->0K(281600K) From: 20480K(20480K)->64K(26624K)
[111.504s][info][gc,heap        ] GC(264) ParOldGen: 307383K(307712K)->307551K(307712K)
[111.504s][info][gc,metaspace   ] GC(264) Metaspace: 35042K(35712K)->35042K(35712K) NonClass: 28782K(29248K)->28782K(29248K) Class: 6259K(6464K)->6259K(6464K)
[111.504s][info][gc             ] GC(264) Pause Young (Allocation Failure) 596M->300M(601M) 3.694ms
[111.504s][info][gc,cpu         ] GC(264) User=0.00s Sys=0.00s Real=0.00s
[112.248s][info][gc,start       ] GC(265) Pause Young (Allocation Failure)
[112.249s][info][gc,heap        ] GC(265) PSYoungGen: 281664K(308224K)->64K(282112K) Eden: 281600K(281600K)->0K(281600K) From: 64K(26624K)->64K(512K)
[112.249s][info][gc,heap        ] GC(265) ParOldGen: 307551K(307712K)->307559K(307712K)
[112.249s][info][gc,metaspace   ] GC(265) Metaspace: 35042K(35712K)->35042K(35712K) NonClass: 28782K(29248K)->28782K(29248K) Class: 6259K(6464K)->6259K(6464K)
[112.249s][info][gc             ] GC(265) Pause Young (Allocation Failure) 575M->300M(576M) 1.370ms
[112.249s][info][gc,cpu         ] GC(265) User=0.01s Sys=0.00s Real=0.00s
[112.602s][info][gc,start       ] GC(266) Pause Young (Allocation Failure)
[112.603s][info][gc,heap        ] GC(266) PSYoungGen: 281664K(282112K)->64K(307200K) Eden: 281600K(281600K)->0K(282624K) From: 64K(512K)->64K(24576K)
[112.603s][info][gc,heap        ] GC(266) ParOldGen: 307559K(307712K)->307567K(307712K)
[112.603s][info][gc,metaspace   ] GC(266) Metaspace: 35042K(35712K)->35042K(35712K) NonClass: 28782K(29248K)->28782K(29248K) Class: 6259K(6464K)->6259K(6464K)
[112.603s][info][gc             ] GC(266) Pause Young (Allocation Failure) 575M->300M(600M) 1.369ms
[112.603s][info][gc,cpu         ] GC(266) User=0.00s Sys=0.01s Real=0.00s
[113.087s][info][gc,start       ] GC(267) Pause Young (Allocation Failure)
[113.088s][info][gc,heap        ] GC(267) PSYoungGen: 282688K(307200K)->64K(306176K) Eden: 282624K(282624K)->0K(282624K) From: 64K(24576K)->64K(23552K)
[113.089s][info][gc,heap        ] GC(267) ParOldGen: 307567K(307712K)->307583K(307712K)
[113.089s][info][gc,metaspace   ] GC(267) Metaspace: 35042K(35712K)->35042K(35712K) NonClass: 28782K(29248K)->28782K(29248K) Class: 6259K(6464K)->6259K(6464K)
[113.089s][info][gc             ] GC(267) Pause Young (Allocation Failure) 576M->300M(599M) 1.417ms
[113.089s][info][gc,cpu         ] GC(267) User=0.00s Sys=0.00s Real=0.00s
[113.296s][info][gc,start       ] GC(268) Pause Young (Allocation Failure)
[113.297s][info][gc,heap        ] GC(268) PSYoungGen: 282688K(306176K)->64K(309248K) Eden: 282624K(282624K)->0K(286720K) From: 64K(23552K)->64K(22528K)
[113.297s][info][gc,heap        ] GC(268) ParOldGen: 307583K(307712K)->307599K(307712K)
[113.297s][info][gc,metaspace   ] GC(268) Metaspace: 35042K(35712K)->35042K(35712K) NonClass: 28782K(29248K)->28782K(29248K) Class: 6259K(6464K)->6259K(6464K)
[113.297s][info][gc             ] GC(268) Pause Young (Allocation Failure) 576M->300M(602M) 1.312ms
[113.297s][info][gc,cpu         ] GC(268) User=0.00s Sys=0.00s Real=0.00s
[113.507s][info][gc,start       ] GC(269) Pause Young (Allocation Failure)
[113.508s][info][gc,heap        ] GC(269) PSYoungGen: 286784K(309248K)->64K(308224K) Eden: 286720K(286720K)->0K(286720K) From: 64K(22528K)->64K(21504K)
[113.508s][info][gc,heap        ] GC(269) ParOldGen: 307599K(307712K)->307599K(307712K)
[113.508s][info][gc,metaspace   ] GC(269) Metaspace: 35042K(35712K)->35042K(35712K) NonClass: 28782K(29248K)->28782K(29248K) Class: 6259K(6464K)->6259K(6464K)
[113.508s][info][gc             ] GC(269) Pause Young (Allocation Failure) 580M->300M(601M) 1.327ms
[113.508s][info][gc,cpu         ] GC(269) User=0.00s Sys=0.00s Real=0.00s
[113.829s][info][gc,start       ] GC(270) Pause Young (Allocation Failure)
[113.830s][info][gc,heap        ] GC(270) PSYoungGen: 286784K(308224K)->64K(311296K) Eden: 286720K(286720K)->0K(290816K) From: 64K(21504K)->64K(20480K)
[113.830s][info][gc,heap        ] GC(270) ParOldGen: 307599K(307712K)->307599K(307712K)
[113.830s][info][gc,metaspace   ] GC(270) Metaspace: 35042K(35712K)->35042K(35712K) NonClass: 28782K(29248K)->28782K(29248K) Class: 6259K(6464K)->6259K(6464K)
[113.830s][info][gc             ] GC(270) Pause Young (Allocation Failure) 580M->300M(604M) 1.316ms
[113.830s][info][gc,cpu         ] GC(270) User=0.00s Sys=0.00s Real=0.00s
[113.884s][info][gc,start       ] GC(271) Pause Young (Allocation Failure)
[113.885s][info][gc,heap        ] GC(271) PSYoungGen: 290880K(311296K)->64K(310272K) Eden: 290816K(290816K)->0K(290816K) From: 64K(20480K)->64K(19456K)
[113.885s][info][gc,heap        ] GC(271) ParOldGen: 307599K(307712K)->307615K(307712K)
[113.885s][info][gc,metaspace   ] GC(271) Metaspace: 35042K(35712K)->35042K(35712K) NonClass: 28782K(29248K)->28782K(29248K) Class: 6259K(6464K)->6259K(6464K)
[113.885s][info][gc             ] GC(271) Pause Young (Allocation Failure) 584M->300M(603M) 1.255ms
[113.885s][info][gc,cpu         ] GC(271) User=0.01s Sys=0.00s Real=0.01s
[113.939s][info][gc,start       ] GC(272) Pause Young (Allocation Failure)
[113.940s][info][gc,heap        ] GC(272) PSYoungGen: 290880K(310272K)->64K(313344K) Eden: 290816K(290816K)->0K(294912K) From: 64K(19456K)->64K(18432K)
[113.940s][info][gc,heap        ] GC(272) ParOldGen: 307615K(307712K)->307615K(307712K)
[113.940s][info][gc,metaspace   ] GC(272) Metaspace: 35042K(35712K)->35042K(35712K) NonClass: 28782K(29248K)->28782K(29248K) Class: 6259K(6464K)->6259K(6464K)
[113.940s][info][gc             ] GC(272) Pause Young (Allocation Failure) 584M->300M(606M) 1.182ms
[113.940s][info][gc,cpu         ] GC(272) User=0.00s Sys=0.00s Real=0.00s
[114.182s][info][gc,start       ] GC(273) Pause Young (Allocation Failure)
[114.183s][info][gc,heap        ] GC(273) PSYoungGen: 294976K(313344K)->64K(312320K) Eden: 294912K(294912K)->0K(294912K) From: 64K(18432K)->64K(17408K)
[114.183s][info][gc,heap        ] GC(273) ParOldGen: 307615K(307712K)->307615K(307712K)
[114.183s][info][gc,metaspace   ] GC(273) Metaspace: 35042K(35712K)->35042K(35712K) NonClass: 28782K(29248K)->28782K(29248K) Class: 6259K(6464K)->6259K(6464K)
[114.183s][info][gc             ] GC(273) Pause Young (Allocation Failure) 588M->300M(605M) 1.337ms
[114.183s][info][gc,cpu         ] GC(273) User=0.01s Sys=0.00s Real=0.00s
[114.413s][info][gc,start       ] GC(274) Pause Young (Allocation Failure)
[114.414s][info][gc,heap        ] GC(274) PSYoungGen: 294976K(312320K)->64K(315392K) Eden: 294912K(294912K)->0K(299008K) From: 64K(17408K)->64K(16384K)
[114.414s][info][gc,heap        ] GC(274) ParOldGen: 307615K(307712K)->307623K(307712K)
[114.414s][info][gc,metaspace   ] GC(274) Metaspace: 35043K(35712K)->35043K(35712K) NonClass: 28783K(29248K)->28783K(29248K) Class: 6259K(6464K)->6259K(6464K)
[114.414s][info][gc             ] GC(274) Pause Young (Allocation Failure) 588M->300M(608M) 1.388ms
[114.414s][info][gc,cpu         ] GC(274) User=0.01s Sys=0.00s Real=0.00s
[114.522s][info][gc,start       ] GC(275) Pause Young (Allocation Failure)
[114.523s][info][gc,heap        ] GC(275) PSYoungGen: 299072K(315392K)->64K(314368K) Eden: 299008K(299008K)->0K(299008K) From: 64K(16384K)->64K(15360K)
[114.523s][info][gc,heap        ] GC(275) ParOldGen: 307623K(307712K)->307631K(307712K)
[114.523s][info][gc,metaspace   ] GC(275) Metaspace: 35043K(35712K)->35043K(35712K) NonClass: 28783K(29248K)->28783K(29248K) Class: 6259K(6464K)->6259K(6464K)
[114.523s][info][gc             ] GC(275) Pause Young (Allocation Failure) 592M->300M(607M) 1.326ms
[114.523s][info][gc,cpu         ] GC(275) User=0.00s Sys=0.00s Real=0.00s
[114.632s][info][gc,start       ] GC(276) Pause Young (Allocation Failure)
[114.633s][info][gc,heap        ] GC(276) PSYoungGen: 299072K(314368K)->64K(316928K) Eden: 299008K(299008K)->0K(302592K) From: 64K(15360K)->64K(14336K)
[114.633s][info][gc,heap        ] GC(276) ParOldGen: 307631K(307712K)->307639K(307712K)
[114.633s][info][gc,metaspace   ] GC(276) Metaspace: 35043K(35712K)->35043K(35712K) NonClass: 28783K(29248K)->28783K(29248K) Class: 6259K(6464K)->6259K(6464K)
[114.633s][info][gc             ] GC(276) Pause Young (Allocation Failure) 592M->300M(610M) 1.384ms
[114.633s][info][gc,cpu         ] GC(276) User=0.01s Sys=0.00s Real=0.00s
[114.867s][info][gc,start       ] GC(277) Pause Young (Allocation Failure)
[114.869s][info][gc,heap        ] GC(277) PSYoungGen: 302656K(316928K)->64K(316416K) Eden: 302592K(302592K)->0K(302592K) From: 64K(14336K)->64K(13824K)
[114.869s][info][gc,heap        ] GC(277) ParOldGen: 307639K(307712K)->307647K(307712K)
[114.869s][info][gc,metaspace   ] GC(277) Metaspace: 35043K(35712K)->35043K(35712K) NonClass: 28783K(29248K)->28783K(29248K) Class: 6259K(6464K)->6259K(6464K)
[114.869s][info][gc             ] GC(277) Pause Young (Allocation Failure) 595M->300M(609M) 1.317ms
[114.869s][info][gc,cpu         ] GC(277) User=0.00s Sys=0.00s Real=0.00s
[115.749s][info][gc,start       ] GC(278) Pause Young (Allocation Failure)
[115.750s][info][gc,heap        ] GC(278) PSYoungGen: 302656K(316416K)->64K(290816K) Eden: 302592K(302592K)->0K(290304K) From: 64K(13824K)->64K(512K)
[115.750s][info][gc,heap        ] GC(278) ParOldGen: 307647K(307712K)->307655K(307712K)
[115.750s][info][gc,metaspace   ] GC(278) Metaspace: 35043K(35712K)->35043K(35712K) NonClass: 28783K(29248K)->28783K(29248K) Class: 6259K(6464K)->6259K(6464K)
[115.750s][info][gc             ] GC(278) Pause Young (Allocation Failure) 595M->300M(584M) 1.321ms
[115.750s][info][gc,cpu         ] GC(278) User=0.00s Sys=0.00s Real=0.00s
[116.657s][info][gc,start       ] GC(279) Pause Young (Allocation Failure)
[116.658s][info][gc,heap        ] GC(279) PSYoungGen: 290368K(290816K)->64K(290304K) Eden: 290304K(290304K)->0K(278528K) From: 64K(512K)->64K(11776K)
[116.658s][info][gc,heap        ] GC(279) ParOldGen: 307655K(307712K)->307663K(307712K)
[116.658s][info][gc,metaspace   ] GC(279) Metaspace: 35043K(35712K)->35043K(35712K) NonClass: 28783K(29248K)->28783K(29248K) Class: 6259K(6464K)->6259K(6464K)
[116.658s][info][gc             ] GC(279) Pause Young (Allocation Failure) 584M->300M(584M) 1.354ms
[116.658s][info][gc,cpu         ] GC(279) User=0.00s Sys=0.00s Real=0.00s
[117.035s][info][gc,start       ] GC(280) Pause Young (Allocation Failure)
[117.037s][info][gc,heap        ] GC(280) PSYoungGen: 278592K(290304K)->64K(267776K) Eden: 278528K(278528K)->0K(267264K) From: 64K(11776K)->64K(512K)
[117.037s][info][gc,heap        ] GC(280) ParOldGen: 307663K(307712K)->307671K(307712K)
[117.037s][info][gc,metaspace   ] GC(280) Metaspace: 35043K(35712K)->35043K(35712K) NonClass: 28783K(29248K)->28783K(29248K) Class: 6259K(6464K)->6259K(6464K)
[117.037s][info][gc             ] GC(280) Pause Young (Allocation Failure) 572M->300M(562M) 1.978ms
[117.037s][info][gc,cpu         ] GC(280) User=0.00s Sys=0.00s Real=0.00s
[117.402s][info][gc,start       ] GC(281) Pause Young (Allocation Failure)
[117.403s][info][gc,heap        ] GC(281) PSYoungGen: 267328K(267776K)->64K(267264K) Eden: 267264K(267264K)->0K(257024K) From: 64K(512K)->64K(10240K)
[117.403s][info][gc,heap        ] GC(281) ParOldGen: 307671K(307712K)->307679K(307712K)
[117.403s][info][gc,metaspace   ] GC(281) Metaspace: 35043K(35712K)->35043K(35712K) NonClass: 28783K(29248K)->28783K(29248K) Class: 6259K(6464K)->6259K(6464K)
[117.403s][info][gc             ] GC(281) Pause Young (Allocation Failure) 561M->300M(561M) 1.300ms
[117.403s][info][gc,cpu         ] GC(281) User=0.00s Sys=0.00s Real=0.00s
[118.398s][info][gc,start       ] GC(282) Pause Young (Allocation Failure)
[118.401s][info][gc,heap        ] GC(282) PSYoungGen: 257088K(267264K)->64K(247296K) Eden: 257024K(257024K)->0K(246784K) From: 64K(10240K)->64K(512K)
[118.401s][info][gc,heap        ] GC(282) ParOldGen: 307679K(307712K)->307687K(307712K)
[118.401s][info][gc,metaspace   ] GC(282) Metaspace: 35043K(35712K)->35043K(35712K) NonClass: 28783K(29248K)->28783K(29248K) Class: 6259K(6464K)->6259K(6464K)
[118.401s][info][gc             ] GC(282) Pause Young (Allocation Failure) 551M->300M(542M) 3.148ms
[118.401s][info][gc,cpu         ] GC(282) User=0.01s Sys=0.00s Real=0.00s
[118.761s][info][gc,start       ] GC(283) Pause Young (Allocation Failure)
[118.764s][info][gc,heap        ] GC(283) PSYoungGen: 246848K(247296K)->64K(246272K) Eden: 246784K(246784K)->0K(237056K) From: 64K(512K)->64K(9216K)
[118.764s][info][gc,heap        ] GC(283) ParOldGen: 307687K(307712K)->307703K(307712K)
[118.764s][info][gc,metaspace   ] GC(283) Metaspace: 35043K(35712K)->35043K(35712K) NonClass: 28783K(29248K)->28783K(29248K) Class: 6259K(6464K)->6259K(6464K)
[118.764s][info][gc             ] GC(283) Pause Young (Allocation Failure) 541M->300M(541M) 2.516ms
[118.764s][info][gc,cpu         ] GC(283) User=0.01s Sys=0.00s Real=0.00s
[118.897s][info][gc,start       ] GC(284) Pause Young (Allocation Failure)
[118.900s][info][gc,heap        ] GC(284) PSYoungGen: 237120K(246272K)->64K(228352K) Eden: 237056K(237056K)->0K(227840K) From: 64K(9216K)->64K(512K)
[118.900s][info][gc,heap        ] GC(284) ParOldGen: 307703K(307712K)->307719K(308224K)
[118.900s][info][gc,metaspace   ] GC(284) Metaspace: 35043K(35712K)->35043K(35712K) NonClass: 28783K(29248K)->28783K(29248K) Class: 6259K(6464K)->6259K(6464K)
[118.900s][info][gc             ] GC(284) Pause Young (Allocation Failure) 532M->300M(524M) 3.021ms
[118.900s][info][gc,cpu         ] GC(284) User=0.01s Sys=0.00s Real=0.00s
[119.120s][info][gc,start       ] GC(285) Pause Young (Allocation Failure)
[119.122s][info][gc,heap        ] GC(285) PSYoungGen: 227904K(228352K)->64K(226816K) Eden: 227840K(227840K)->0K(219136K) From: 64K(512K)->64K(7680K)
[119.122s][info][gc,heap        ] GC(285) ParOldGen: 307719K(308224K)->307735K(308224K)
[119.122s][info][gc,metaspace   ] GC(285) Metaspace: 35043K(35712K)->35043K(35712K) NonClass: 28783K(29248K)->28783K(29248K) Class: 6259K(6464K)->6259K(6464K)
[119.122s][info][gc             ] GC(285) Pause Young (Allocation Failure) 523M->300M(522M) 2.308ms
[119.122s][info][gc,cpu         ] GC(285) User=0.00s Sys=0.00s Real=0.00s
[119.675s][info][gc,start       ] GC(286) Pause Young (Allocation Failure)
[119.679s][info][gc,heap        ] GC(286) PSYoungGen: 219200K(226816K)->32K(211456K) Eden: 219136K(219136K)->0K(210944K) From: 64K(7680K)->32K(512K)
[119.679s][info][gc,heap        ] GC(286) ParOldGen: 307735K(308224K)->307743K(308224K)
[119.679s][info][gc,metaspace   ] GC(286) Metaspace: 35043K(35712K)->35043K(35712K) NonClass: 28783K(29248K)->28783K(29248K) Class: 6259K(6464K)->6259K(6464K)
[119.679s][info][gc             ] GC(286) Pause Young (Allocation Failure) 514M->300M(507M) 3.479ms
[119.679s][info][gc,cpu         ] GC(286) User=0.01s Sys=0.00s Real=0.00s
[119.967s][info][gc,start       ] GC(287) Pause Young (Allocation Failure)
[119.968s][info][gc,heap        ] GC(287) PSYoungGen: 210976K(211456K)->64K(209920K) Eden: 210944K(210944K)->0K(203264K) From: 32K(512K)->64K(6656K)
[119.968s][info][gc,heap        ] GC(287) ParOldGen: 307743K(308224K)->307751K(308224K)
[119.968s][info][gc,metaspace   ] GC(287) Metaspace: 35043K(35712K)->35043K(35712K) NonClass: 28783K(29248K)->28783K(29248K) Class: 6259K(6464K)->6259K(6464K)
[119.968s][info][gc             ] GC(287) Pause Young (Allocation Failure) 506M->300M(506M) 1.288ms
[119.968s][info][gc,cpu         ] GC(287) User=0.00s Sys=0.00s Real=0.00s
[120.234s][info][gc,start       ] GC(288) Pause Young (Allocation Failure)
[120.260s][info][gc,heap        ] GC(288) PSYoungGen: 203328K(209920K)->6144K(250368K) Eden: 203264K(203264K)->0K(244224K) From: 64K(6656K)->6144K(6144K)
[120.260s][info][gc,heap        ] GC(288) ParOldGen: 307751K(308224K)->315503K(315904K)
[120.260s][info][gc,metaspace   ] GC(288) Metaspace: 35043K(35712K)->35043K(35712K) NonClass: 28783K(29248K)->28783K(29248K) Class: 6259K(6464K)->6259K(6464K)
[120.260s][info][gc             ] GC(288) Pause Young (Allocation Failure) 499M->314M(553M) 25.859ms
[120.260s][info][gc,cpu         ] GC(288) User=0.04s Sys=0.01s Real=0.03s
[120.525s][info][gc,start       ] GC(289) Pause Young (Allocation Failure)
[120.576s][info][gc,heap        ] GC(289) PSYoungGen: 250368K(250368K)->10752K(273920K) Eden: 244224K(244224K)->0K(263168K) From: 6144K(6144K)->10752K(10752K)
[120.576s][info][gc,heap        ] GC(289) ParOldGen: 315503K(315904K)->330895K(331264K)
[120.576s][info][gc,metaspace   ] GC(289) Metaspace: 35043K(35712K)->35043K(35712K) NonClass: 28783K(29248K)->28783K(29248K) Class: 6259K(6464K)->6259K(6464K)
[120.576s][info][gc             ] GC(289) Pause Young (Allocation Failure) 552M->333M(591M) 51.390ms
[120.576s][info][gc,cpu         ] GC(289) User=0.09s Sys=0.01s Real=0.05s
[120.861s][info][gc,start       ] GC(290) Pause Young (Allocation Failure)
[120.924s][info][gc,heap        ] GC(290) PSYoungGen: 273920K(273920K)->18944K(300544K) Eden: 263168K(263168K)->0K(281600K) From: 10752K(10752K)->18944K(18944K)
[120.924s][info][gc,heap        ] GC(290) ParOldGen: 330895K(331264K)->340351K(340480K)
[120.924s][info][gc,metaspace   ] GC(290) Metaspace: 35043K(35712K)->35043K(35712K) NonClass: 28783K(29248K)->28783K(29248K) Class: 6259K(6464K)->6259K(6464K)
[120.924s][info][gc             ] GC(290) Pause Young (Allocation Failure) 590M->350M(626M) 62.811ms
[120.924s][info][gc,cpu         ] GC(290) User=0.09s Sys=0.03s Real=0.06s
[121.016s][info][gc,start       ] GC(291) Pause Young (Allocation Failure)
[121.021s][info][gc,heap        ] GC(291) PSYoungGen: 300544K(300544K)->1408K(307712K) Eden: 281600K(281600K)->0K(281600K) From: 18944K(18944K)->1408K(26112K)
[121.021s][info][gc,heap        ] GC(291) ParOldGen: 340351K(340480K)->340687K(340992K)
[121.021s][info][gc,metaspace   ] GC(291) Metaspace: 35043K(35712K)->35043K(35712K) NonClass: 28783K(29248K)->28783K(29248K) Class: 6259K(6464K)->6259K(6464K)
[121.021s][info][gc             ] GC(291) Pause Young (Allocation Failure) 625M->334M(633M) 5.938ms
[121.021s][info][gc,cpu         ] GC(291) User=0.01s Sys=0.00s Real=0.00s
[121.614s][info][gc,start       ] GC(292) Pause Young (Allocation Failure)
[121.616s][info][gc,heap        ] GC(292) PSYoungGen: 283008K(307712K)->64K(305664K) Eden: 281600K(281600K)->0K(282624K) From: 1408K(26112K)->64K(23040K)
[121.616s][info][gc,heap        ] GC(292) ParOldGen: 340687K(340992K)->340695K(340992K)
[121.616s][info][gc,metaspace   ] GC(292) Metaspace: 35043K(35712K)->35043K(35712K) NonClass: 28783K(29248K)->28783K(29248K) Class: 6259K(6464K)->6259K(6464K)
[121.616s][info][gc             ] GC(292) Pause Young (Allocation Failure) 609M->332M(631M) 1.412ms
[121.616s][info][gc,cpu         ] GC(292) User=0.00s Sys=0.00s Real=0.01s
[122.092s][info][gc,start       ] GC(293) Pause Young (Allocation Failure)
[122.094s][info][gc,heap        ] GC(293) PSYoungGen: 282688K(305664K)->64K(307200K) Eden: 282624K(282624K)->0K(282624K) From: 64K(23040K)->64K(24576K)
[122.094s][info][gc,heap        ] GC(293) ParOldGen: 340695K(340992K)->340703K(340992K)
[122.094s][info][gc,metaspace   ] GC(293) Metaspace: 35043K(35712K)->35043K(35712K) NonClass: 28783K(29248K)->28783K(29248K) Class: 6259K(6464K)->6259K(6464K)
[122.094s][info][gc             ] GC(293) Pause Young (Allocation Failure) 608M->332M(633M) 1.474ms
[122.094s][info][gc,cpu         ] GC(293) User=0.00s Sys=0.00s Real=0.00s
[122.575s][info][gc,start       ] GC(294) Pause Young (Allocation Failure)
[122.577s][info][gc,heap        ] GC(294) PSYoungGen: 282688K(307200K)->64K(306688K) Eden: 282624K(282624K)->0K(285696K) From: 64K(24576K)->64K(20992K)
[122.577s][info][gc,heap        ] GC(294) ParOldGen: 340703K(340992K)->340719K(340992K)
[122.577s][info][gc,metaspace   ] GC(294) Metaspace: 35043K(35712K)->35043K(35712K) NonClass: 28783K(29248K)->28783K(29248K) Class: 6259K(6464K)->6259K(6464K)
[122.577s][info][gc             ] GC(294) Pause Young (Allocation Failure) 608M->332M(632M) 2.295ms
[122.577s][info][gc,cpu         ] GC(294) User=0.00s Sys=0.00s Real=0.00s
[122.794s][info][gc,start       ] GC(295) Pause Young (Allocation Failure)
[122.796s][info][gc,heap        ] GC(295) PSYoungGen: 285760K(306688K)->64K(308224K) Eden: 285696K(285696K)->0K(285696K) From: 64K(20992K)->64K(22528K)
[122.796s][info][gc,heap        ] GC(295) ParOldGen: 340719K(340992K)->340735K(340992K)
[122.796s][info][gc,metaspace   ] GC(295) Metaspace: 35043K(35712K)->35043K(35712K) NonClass: 28783K(29248K)->28783K(29248K) Class: 6259K(6464K)->6259K(6464K)
[122.796s][info][gc             ] GC(295) Pause Young (Allocation Failure) 611M->332M(634M) 2.140ms
[122.796s][info][gc,cpu         ] GC(295) User=0.00s Sys=0.00s Real=0.01s
[123.007s][info][gc,start       ] GC(296) Pause Young (Allocation Failure)
[123.009s][info][gc,heap        ] GC(296) PSYoungGen: 285760K(308224K)->64K(308736K) Eden: 285696K(285696K)->0K(289792K) From: 64K(22528K)->64K(18944K)
[123.010s][info][gc,heap        ] GC(296) ParOldGen: 340735K(340992K)->340735K(340992K)
[123.010s][info][gc,metaspace   ] GC(296) Metaspace: 35043K(35712K)->35043K(35712K) NonClass: 28783K(29248K)->28783K(29248K) Class: 6259K(6464K)->6259K(6464K)
[123.010s][info][gc             ] GC(296) Pause Young (Allocation Failure) 611M->332M(634M) 2.098ms
[123.010s][info][gc,cpu         ] GC(296) User=0.00s Sys=0.00s Real=0.00s
[123.370s][info][gc,start       ] GC(297) Pause Young (Allocation Failure)
[123.372s][info][gc,heap        ] GC(297) PSYoungGen: 289856K(308736K)->64K(310272K) Eden: 289792K(289792K)->0K(289792K) From: 64K(18944K)->64K(20480K)
[123.372s][info][gc,heap        ] GC(297) ParOldGen: 340735K(340992K)->340735K(340992K)
[123.372s][info][gc,metaspace   ] GC(297) Metaspace: 35043K(35712K)->35043K(35712K) NonClass: 28783K(29248K)->28783K(29248K) Class: 6259K(6464K)->6259K(6464K)
[123.372s][info][gc             ] GC(297) Pause Young (Allocation Failure) 615M->332M(636M) 2.082ms
[123.372s][info][gc,cpu         ] GC(297) User=0.01s Sys=0.00s Real=0.00s
[123.431s][info][gc,start       ] GC(298) Pause Young (Allocation Failure)
[123.433s][info][gc,heap        ] GC(298) PSYoungGen: 289856K(310272K)->64K(310784K) Eden: 289792K(289792K)->0K(293888K) From: 64K(20480K)->64K(16896K)
[123.433s][info][gc,heap        ] GC(298) ParOldGen: 340735K(340992K)->340743K(340992K)
[123.433s][info][gc,metaspace   ] GC(298) Metaspace: 35043K(35712K)->35043K(35712K) NonClass: 28783K(29248K)->28783K(29248K) Class: 6259K(6464K)->6259K(6464K)
[123.433s][info][gc             ] GC(298) Pause Young (Allocation Failure) 615M->332M(636M) 1.988ms
[123.433s][info][gc,cpu         ] GC(298) User=0.00s Sys=0.00s Real=0.00s
[123.492s][info][gc,start       ] GC(299) Pause Young (Allocation Failure)
[123.494s][info][gc,heap        ] GC(299) PSYoungGen: 293952K(310784K)->64K(312320K) Eden: 293888K(293888K)->0K(293888K) From: 64K(16896K)->64K(18432K)
[123.494s][info][gc,heap        ] GC(299) ParOldGen: 340743K(340992K)->340759K(340992K)
[123.494s][info][gc,metaspace   ] GC(299) Metaspace: 35043K(35712K)->35043K(35712K) NonClass: 28783K(29248K)->28783K(29248K) Class: 6259K(6464K)->6259K(6464K)
[123.494s][info][gc             ] GC(299) Pause Young (Allocation Failure) 619M->332M(638M) 2.048ms
[123.494s][info][gc,cpu         ] GC(299) User=0.00s Sys=0.00s Real=0.00s
[123.689s][info][gc,start       ] GC(300) Pause Young (Allocation Failure)
[123.691s][info][gc,heap        ] GC(300) PSYoungGen: 293952K(312320K)->64K(312832K) Eden: 293888K(293888K)->0K(297984K) From: 64K(18432K)->64K(14848K)
[123.691s][info][gc,heap        ] GC(300) ParOldGen: 340759K(340992K)->340759K(340992K)
[123.691s][info][gc,metaspace   ] GC(300) Metaspace: 35043K(35712K)->35043K(35712K) NonClass: 28783K(29248K)->28783K(29248K) Class: 6259K(6464K)->6259K(6464K)
[123.691s][info][gc             ] GC(300) Pause Young (Allocation Failure) 619M->332M(638M) 2.038ms
[123.692s][info][gc,cpu         ] GC(300) User=0.01s Sys=0.01s Real=0.00s
[123.937s][info][gc,start       ] GC(301) Pause Young (Allocation Failure)
[123.939s][info][gc,heap        ] GC(301) PSYoungGen: 298048K(312832K)->64K(314368K) Eden: 297984K(297984K)->0K(297984K) From: 64K(14848K)->64K(16384K)
[123.939s][info][gc,heap        ] GC(301) ParOldGen: 340759K(340992K)->340767K(340992K)
[123.939s][info][gc,metaspace   ] GC(301) Metaspace: 35043K(35712K)->35043K(35712K) NonClass: 28783K(29248K)->28783K(29248K) Class: 6259K(6464K)->6259K(6464K)
[123.939s][info][gc             ] GC(301) Pause Young (Allocation Failure) 623M->332M(640M) 2.126ms
[123.939s][info][gc,cpu         ] GC(301) User=0.00s Sys=0.00s Real=0.00s
[124.072s][info][gc,start       ] GC(302) Pause Young (Allocation Failure)
[124.074s][info][gc,heap        ] GC(302) PSYoungGen: 298048K(314368K)->64K(314880K) Eden: 297984K(297984K)->0K(302080K) From: 64K(16384K)->64K(12800K)
[124.074s][info][gc,heap        ] GC(302) ParOldGen: 340767K(340992K)->340775K(340992K)
[124.074s][info][gc,metaspace   ] GC(302) Metaspace: 35043K(35712K)->35043K(35712K) NonClass: 28783K(29248K)->28783K(29248K) Class: 6259K(6464K)->6259K(6464K)
[124.074s][info][gc             ] GC(302) Pause Young (Allocation Failure) 623M->332M(640M) 2.108ms
[124.074s][info][gc,cpu         ] GC(302) User=0.01s Sys=0.00s Real=0.00s
[124.172s][info][gc,start       ] GC(303) Pause Young (Allocation Failure)
[124.174s][info][gc,heap        ] GC(303) PSYoungGen: 302144K(314880K)->64K(316416K) Eden: 302080K(302080K)->0K(302080K) From: 64K(12800K)->64K(14336K)
[124.174s][info][gc,heap        ] GC(303) ParOldGen: 340775K(340992K)->340783K(340992K)
[124.174s][info][gc,metaspace   ] GC(303) Metaspace: 35043K(35712K)->35043K(35712K) NonClass: 28783K(29248K)->28783K(29248K) Class: 6259K(6464K)->6259K(6464K)
[124.174s][info][gc             ] GC(303) Pause Young (Allocation Failure) 627M->332M(642M) 2.085ms
[124.174s][info][gc,cpu         ] GC(303) User=0.00s Sys=0.00s Real=0.00s
[124.367s][info][gc,start       ] GC(304) Pause Young (Allocation Failure)
[124.369s][info][gc,heap        ] GC(304) PSYoungGen: 302144K(316416K)->64K(316928K) Eden: 302080K(302080K)->0K(305664K) From: 64K(14336K)->64K(11264K)
[124.369s][info][gc,heap        ] GC(304) ParOldGen: 340783K(340992K)->340791K(340992K)
[124.369s][info][gc,metaspace   ] GC(304) Metaspace: 35043K(35712K)->35043K(35712K) NonClass: 28783K(29248K)->28783K(29248K) Class: 6259K(6464K)->6259K(6464K)
[124.369s][info][gc             ] GC(304) Pause Young (Allocation Failure) 627M->332M(642M) 2.087ms
[124.369s][info][gc,cpu         ] GC(304) User=0.00s Sys=0.00s Real=0.00s
[125.360s][info][gc,start       ] GC(305) Pause Young (Allocation Failure)
[125.362s][info][gc,heap        ] GC(305) PSYoungGen: 305728K(316928K)->64K(318464K) Eden: 305664K(305664K)->0K(305664K) From: 64K(11264K)->64K(12800K)
[125.362s][info][gc,heap        ] GC(305) ParOldGen: 340791K(340992K)->340799K(340992K)
[125.362s][info][gc,metaspace   ] GC(305) Metaspace: 35043K(35712K)->35043K(35712K) NonClass: 28783K(29248K)->28783K(29248K) Class: 6259K(6464K)->6259K(6464K)
[125.362s][info][gc             ] GC(305) Pause Young (Allocation Failure) 631M->332M(644M) 2.191ms
[125.362s][info][gc,cpu         ] GC(305) User=0.01s Sys=0.00s Real=0.00s
[126.252s][info][gc,start       ] GC(306) Pause Young (Allocation Failure)
[126.254s][info][gc,heap        ] GC(306) PSYoungGen: 305728K(318464K)->64K(293888K) Eden: 305664K(305664K)->0K(293376K) From: 64K(12800K)->64K(512K)
[126.254s][info][gc,heap        ] GC(306) ParOldGen: 340799K(340992K)->340807K(340992K)
[126.254s][info][gc,metaspace   ] GC(306) Metaspace: 35043K(35712K)->35043K(35712K) NonClass: 28783K(29248K)->28783K(29248K) Class: 6259K(6464K)->6259K(6464K)
[126.254s][info][gc             ] GC(306) Pause Young (Allocation Failure) 631M->332M(620M) 2.614ms
[126.254s][info][gc,cpu         ] GC(306) User=0.01s Sys=0.00s Real=0.00s
[126.626s][info][gc,start       ] GC(307) Pause Young (Allocation Failure)
[126.628s][info][gc,heap        ] GC(307) PSYoungGen: 293440K(293888K)->64K(292864K) Eden: 293376K(293376K)->0K(281600K) From: 64K(512K)->64K(11264K)
[126.628s][info][gc,heap        ] GC(307) ParOldGen: 340807K(340992K)->340815K(340992K)
[126.628s][info][gc,metaspace   ] GC(307) Metaspace: 35043K(35712K)->35043K(35712K) NonClass: 28783K(29248K)->28783K(29248K) Class: 6259K(6464K)->6259K(6464K)
[126.628s][info][gc             ] GC(307) Pause Young (Allocation Failure) 619M->332M(619M) 1.468ms
[126.628s][info][gc,cpu         ] GC(307) User=0.00s Sys=0.00s Real=0.00s
[127.046s][info][gc,start       ] GC(308) Pause Young (Allocation Failure)
[127.049s][info][gc,heap        ] GC(308) PSYoungGen: 281664K(292864K)->64K(270848K) Eden: 281600K(281600K)->0K(270336K) From: 64K(11264K)->64K(512K)
[127.049s][info][gc,heap        ] GC(308) ParOldGen: 340815K(340992K)->340823K(340992K)
[127.049s][info][gc,metaspace   ] GC(308) Metaspace: 35043K(35712K)->35043K(35712K) NonClass: 28783K(29248K)->28783K(29248K) Class: 6259K(6464K)->6259K(6464K)
[127.049s][info][gc             ] GC(308) Pause Young (Allocation Failure) 607M->332M(597M) 2.769ms
[127.049s][info][gc,cpu         ] GC(308) User=0.01s Sys=0.00s Real=0.00s
[128.018s][info][gc,start       ] GC(309) Pause Young (Allocation Failure)
[128.020s][info][gc,heap        ] GC(309) PSYoungGen: 270400K(270848K)->64K(269312K) Eden: 270336K(270336K)->0K(259584K) From: 64K(512K)->64K(9728K)
[128.020s][info][gc,heap        ] GC(309) ParOldGen: 340823K(340992K)->340831K(340992K)
[128.020s][info][gc,metaspace   ] GC(309) Metaspace: 35043K(35712K)->35043K(35712K) NonClass: 28783K(29248K)->28783K(29248K) Class: 6259K(6464K)->6259K(6464K)
[128.020s][info][gc             ] GC(309) Pause Young (Allocation Failure) 596M->332M(596M) 2.051ms
[128.020s][info][gc,cpu         ] GC(309) User=0.01s Sys=0.00s Real=0.00s
[128.382s][info][gc,start       ] GC(310) Pause Young (Allocation Failure)
[128.384s][info][gc,heap        ] GC(310) PSYoungGen: 259648K(269312K)->64K(249856K) Eden: 259584K(259584K)->0K(249344K) From: 64K(9728K)->64K(512K)
[128.384s][info][gc,heap        ] GC(310) ParOldGen: 340831K(340992K)->340839K(340992K)
[128.384s][info][gc,metaspace   ] GC(310) Metaspace: 35043K(35712K)->35043K(35712K) NonClass: 28783K(29248K)->28783K(29248K) Class: 6259K(6464K)->6259K(6464K)
[128.384s][info][gc             ] GC(310) Pause Young (Allocation Failure) 586M->332M(577M) 2.253ms
[128.384s][info][gc,cpu         ] GC(310) User=0.00s Sys=0.00s Real=0.00s
[128.509s][info][gc,start       ] GC(311) Pause Young (Allocation Failure)
[128.511s][info][gc,heap        ] GC(311) PSYoungGen: 249408K(249856K)->64K(247808K) Eden: 249344K(249344K)->0K(239616K) From: 64K(512K)->64K(8192K)
[128.511s][info][gc,heap        ] GC(311) ParOldGen: 340839K(340992K)->340847K(340992K)
[128.511s][info][gc,metaspace   ] GC(311) Metaspace: 35043K(35712K)->35043K(35712K) NonClass: 28783K(29248K)->28783K(29248K) Class: 6259K(6464K)->6259K(6464K)
[128.511s][info][gc             ] GC(311) Pause Young (Allocation Failure) 576M->332M(575M) 2.007ms
[128.511s][info][gc,cpu         ] GC(311) User=0.00s Sys=0.00s Real=0.00s
[128.851s][info][gc,start       ] GC(312) Pause Young (Allocation Failure)
[128.854s][info][gc,heap        ] GC(312) PSYoungGen: 239680K(247808K)->64K(230912K) Eden: 239616K(239616K)->0K(230400K) From: 64K(8192K)->64K(512K)
[128.854s][info][gc,heap        ] GC(312) ParOldGen: 340847K(340992K)->340855K(340992K)
[128.854s][info][gc,metaspace   ] GC(312) Metaspace: 35043K(35712K)->35043K(35712K) NonClass: 28783K(29248K)->28783K(29248K) Class: 6259K(6464K)->6259K(6464K)
[128.854s][info][gc             ] GC(312) Pause Young (Allocation Failure) 566M->332M(558M) 3.095ms
[128.854s][info][gc,cpu         ] GC(312) User=0.00s Sys=0.00s Real=0.00s
[129.306s][info][gc,start       ] GC(313) Pause Young (Allocation Failure)
[129.310s][info][gc,heap        ] GC(313) PSYoungGen: 230464K(230912K)->64K(228864K) Eden: 230400K(230400K)->0K(221696K) From: 64K(512K)->64K(7168K)
[129.310s][info][gc,heap        ] GC(313) ParOldGen: 340855K(340992K)->340863K(340992K)
[129.310s][info][gc,metaspace   ] GC(313) Metaspace: 35043K(35712K)->35043K(35712K) NonClass: 28783K(29248K)->28783K(29248K) Class: 6259K(6464K)->6259K(6464K)
[129.310s][info][gc             ] GC(313) Pause Young (Allocation Failure) 557M->332M(556M) 3.495ms
[129.310s][info][gc,cpu         ] GC(313) User=0.00s Sys=0.00s Real=0.00s
[129.619s][info][gc,start       ] GC(314) Pause Young (Allocation Failure)
[129.622s][info][gc,heap        ] GC(314) PSYoungGen: 221760K(228864K)->64K(214016K) Eden: 221696K(221696K)->0K(213504K) From: 64K(7168K)->64K(512K)
[129.622s][info][gc,heap        ] GC(314) ParOldGen: 340863K(340992K)->340871K(340992K)
[129.622s][info][gc,metaspace   ] GC(314) Metaspace: 35043K(35712K)->35043K(35712K) NonClass: 28783K(29248K)->28783K(29248K) Class: 6259K(6464K)->6259K(6464K)
[129.622s][info][gc             ] GC(314) Pause Young (Allocation Failure) 549M->332M(542M) 2.593ms
[129.622s][info][gc,cpu         ] GC(314) User=0.01s Sys=0.00s Real=0.00s
[129.861s][info][gc,start       ] GC(315) Pause Young (Allocation Failure)
[129.920s][info][gc,heap        ] GC(315) PSYoungGen: 213568K(214016K)->6144K(262656K) Eden: 213504K(213504K)->0K(256512K) From: 64K(512K)->6144K(6144K)
[129.920s][info][gc,heap        ] GC(315) ParOldGen: 340871K(340992K)->356951K(357376K)
[129.920s][info][gc,metaspace   ] GC(315) Metaspace: 35043K(35712K)->35043K(35712K) NonClass: 28783K(29248K)->28783K(29248K) Class: 6259K(6464K)->6259K(6464K)
[129.920s][info][gc             ] GC(315) Pause Young (Allocation Failure) 541M->354M(605M) 58.458ms
[129.920s][info][gc,cpu         ] GC(315) User=0.10s Sys=0.01s Real=0.06s
[130.207s][info][gc,start       ] GC(316) Pause Young (Allocation Failure)
[130.289s][info][gc,heap        ] GC(316) PSYoungGen: 262656K(262656K)->6144K(268288K) Eden: 256512K(256512K)->0K(262144K) From: 6144K(6144K)->6144K(6144K)
[130.289s][info][gc,heap        ] GC(316) ParOldGen: 356951K(357376K)->378583K(378880K)
[130.289s][info][gc,metaspace   ] GC(316) Metaspace: 35043K(35712K)->35043K(35712K) NonClass: 28783K(29248K)->28783K(29248K) Class: 6259K(6464K)->6259K(6464K)
[130.289s][info][gc             ] GC(316) Pause Young (Allocation Failure) 605M->375M(632M) 81.996ms
[130.289s][info][gc,cpu         ] GC(316) User=0.14s Sys=0.02s Real=0.08s
[130.512s][info][gc,start       ] GC(317) Pause Young (Allocation Failure)
[130.549s][info][gc,heap        ] GC(317) PSYoungGen: 268288K(268288K)->19584K(284160K) Eden: 262144K(262144K)->0K(262144K) From: 6144K(6144K)->19584K(22016K)
[130.549s][info][gc,heap        ] GC(317) ParOldGen: 378583K(378880K)->379383K(379392K)
[130.549s][info][gc,metaspace   ] GC(317) Metaspace: 35043K(35712K)->35043K(35712K) NonClass: 28783K(29248K)->28783K(29248K) Class: 6259K(6464K)->6259K(6464K)
[130.549s][info][gc             ] GC(317) Pause Young (Allocation Failure) 631M->389M(648M) 37.265ms
[130.549s][info][gc,cpu         ] GC(317) User=0.07s Sys=0.00s Real=0.04s
[130.661s][info][gc,start       ] GC(318) Pause Young (Allocation Failure)
[130.663s][info][gc,heap        ] GC(318) PSYoungGen: 281728K(284160K)->64K(308736K) Eden: 262144K(262144K)->0K(283136K) From: 19584K(22016K)->64K(25600K)
[130.663s][info][gc,heap        ] GC(318) ParOldGen: 379383K(379392K)->379391K(379392K)
[130.663s][info][gc,metaspace   ] GC(318) Metaspace: 35043K(35712K)->35043K(35712K) NonClass: 28783K(29248K)->28783K(29248K) Class: 6259K(6464K)->6259K(6464K)
[130.663s][info][gc             ] GC(318) Pause Young (Allocation Failure) 645M->370M(672M) 1.945ms
[130.663s][info][gc,cpu         ] GC(318) User=0.01s Sys=0.00s Real=0.00s
[131.390s][info][gc,start       ] GC(319) Pause Young (Allocation Failure)
[131.392s][info][gc,heap        ] GC(319) PSYoungGen: 283200K(308736K)->64K(283648K) Eden: 283136K(283136K)->0K(283136K) From: 64K(25600K)->64K(512K)
[131.392s][info][gc,heap        ] GC(319) ParOldGen: 379391K(379392K)->379407K(379904K)
[131.392s][info][gc,metaspace   ] GC(319) Metaspace: 35043K(35712K)->35043K(35712K) NonClass: 28783K(29248K)->28783K(29248K) Class: 6259K(6464K)->6259K(6464K)
[131.392s][info][gc             ] GC(319) Pause Young (Allocation Failure) 647M->370M(648M) 1.987ms
[131.392s][info][gc,cpu         ] GC(319) User=0.00s Sys=0.00s Real=0.00s
[131.730s][info][gc,start       ] GC(320) Pause Young (Allocation Failure)
[131.732s][info][gc,heap        ] GC(320) PSYoungGen: 283200K(283648K)->64K(308224K) Eden: 283136K(283136K)->0K(284160K) From: 64K(512K)->64K(24064K)
[131.732s][info][gc,heap        ] GC(320) ParOldGen: 379407K(379904K)->379407K(379904K)
[131.732s][info][gc,metaspace   ] GC(320) Metaspace: 35043K(35712K)->35043K(35712K) NonClass: 28783K(29248K)->28783K(29248K) Class: 6259K(6464K)->6259K(6464K)
[131.732s][info][gc             ] GC(320) Pause Young (Allocation Failure) 647M->370M(672M) 2.023ms
[131.732s][info][gc,cpu         ] GC(320) User=0.00s Sys=0.01s Real=0.00s
[132.152s][info][gc,start       ] GC(321) Pause Young (Allocation Failure)
[132.154s][info][gc,heap        ] GC(321) PSYoungGen: 284224K(308224K)->64K(307200K) Eden: 284160K(284160K)->0K(284160K) From: 64K(24064K)->64K(23040K)
[132.154s][info][gc,heap        ] GC(321) ParOldGen: 379407K(379904K)->379423K(379904K)
[132.154s][info][gc,metaspace   ] GC(321) Metaspace: 35043K(35712K)->35043K(35712K) NonClass: 28783K(29248K)->28783K(29248K) Class: 6259K(6464K)->6259K(6464K)
[132.154s][info][gc             ] GC(321) Pause Young (Allocation Failure) 648M->370M(671M) 1.973ms
[132.154s][info][gc,cpu         ] GC(321) User=0.00s Sys=0.00s Real=0.00s
[132.366s][info][gc,start       ] GC(322) Pause Young (Allocation Failure)
[132.368s][info][gc,heap        ] GC(322) PSYoungGen: 284224K(307200K)->32K(309760K) Eden: 284160K(284160K)->0K(287744K) From: 64K(23040K)->32K(22016K)
[132.368s][info][gc,heap        ] GC(322) ParOldGen: 379423K(379904K)->379439K(379904K)
[132.368s][info][gc,metaspace   ] GC(322) Metaspace: 35043K(35712K)->35043K(35712K) NonClass: 28783K(29248K)->28783K(29248K) Class: 6259K(6464K)->6259K(6464K)
[132.368s][info][gc             ] GC(322) Pause Young (Allocation Failure) 648M->370M(673M) 1.828ms
[132.368s][info][gc,cpu         ] GC(322) User=0.00s Sys=0.00s Real=0.00s
[132.581s][info][gc,start       ] GC(323) Pause Young (Allocation Failure)
[132.583s][info][gc,heap        ] GC(323) PSYoungGen: 287776K(309760K)->64K(308736K) Eden: 287744K(287744K)->0K(287744K) From: 32K(22016K)->64K(20992K)
[132.583s][info][gc,heap        ] GC(323) ParOldGen: 379439K(379904K)->379439K(379904K)
[132.583s][info][gc,metaspace   ] GC(323) Metaspace: 35043K(35712K)->35043K(35712K) NonClass: 28783K(29248K)->28783K(29248K) Class: 6259K(6464K)->6259K(6464K)
[132.583s][info][gc             ] GC(323) Pause Young (Allocation Failure) 651M->370M(672M) 1.875ms
[132.583s][info][gc,cpu         ] GC(323) User=0.00s Sys=0.00s Real=0.00s
[132.902s][info][gc,start       ] GC(324) Pause Young (Allocation Failure)
[132.904s][info][gc,heap        ] GC(324) PSYoungGen: 287808K(308736K)->64K(311808K) Eden: 287744K(287744K)->0K(291840K) From: 64K(20992K)->64K(19968K)
[132.904s][info][gc,heap        ] GC(324) ParOldGen: 379439K(379904K)->379439K(379904K)
[132.904s][info][gc,metaspace   ] GC(324) Metaspace: 35123K(35776K)->35123K(35776K) NonClass: 28863K(29312K)->28863K(29312K) Class: 6259K(6464K)->6259K(6464K)
[132.904s][info][gc             ] GC(324) Pause Young (Allocation Failure) 651M->370M(675M) 1.867ms
[132.904s][info][gc,cpu         ] GC(324) User=0.00s Sys=0.00s Real=0.00s
[132.961s][info][gc,start       ] GC(325) Pause Young (Allocation Failure)
[132.962s][info][gc,heap        ] GC(325) PSYoungGen: 291904K(311808K)->32K(310784K) Eden: 291840K(291840K)->0K(291840K) From: 64K(19968K)->32K(18944K)
[132.962s][info][gc,heap        ] GC(325) ParOldGen: 379439K(379904K)->379455K(379904K)
[132.962s][info][gc,metaspace   ] GC(325) Metaspace: 35123K(35776K)->35123K(35776K) NonClass: 28863K(29312K)->28863K(29312K) Class: 6259K(6464K)->6259K(6464K)
[132.962s][info][gc             ] GC(325) Pause Young (Allocation Failure) 655M->370M(674M) 1.916ms
[132.962s][info][gc,cpu         ] GC(325) User=0.00s Sys=0.00s Real=0.00s
[133.017s][info][gc,start       ] GC(326) Pause Young (Allocation Failure)
[133.019s][info][gc,heap        ] GC(326) PSYoungGen: 291872K(310784K)->32K(313856K) Eden: 291840K(291840K)->0K(295936K) From: 32K(18944K)->32K(17920K)
[133.019s][info][gc,heap        ] GC(326) ParOldGen: 379455K(379904K)->379455K(379904K)
[133.019s][info][gc,metaspace   ] GC(326) Metaspace: 35123K(35776K)->35123K(35776K) NonClass: 28863K(29312K)->28863K(29312K) Class: 6259K(6464K)->6259K(6464K)
[133.019s][info][gc             ] GC(326) Pause Young (Allocation Failure) 655M->370M(677M) 1.813ms
[133.019s][info][gc,cpu         ] GC(326) User=0.00s Sys=0.00s Real=0.00s
[133.272s][info][gc,start       ] GC(327) Pause Young (Allocation Failure)
[133.274s][info][gc,heap        ] GC(327) PSYoungGen: 295968K(313856K)->32K(312832K) Eden: 295936K(295936K)->0K(295936K) From: 32K(17920K)->32K(16896K)
[133.274s][info][gc,heap        ] GC(327) ParOldGen: 379455K(379904K)->379455K(379904K)
[133.274s][info][gc,metaspace   ] GC(327) Metaspace: 35123K(35776K)->35123K(35776K) NonClass: 28863K(29312K)->28863K(29312K) Class: 6259K(6464K)->6259K(6464K)
[133.274s][info][gc             ] GC(327) Pause Young (Allocation Failure) 659M->370M(676M) 1.747ms
[133.274s][info][gc,cpu         ] GC(327) User=0.00s Sys=0.00s Real=0.00s
[133.501s][info][gc,start       ] GC(328) Pause Young (Allocation Failure)
[133.503s][info][gc,heap        ] GC(328) PSYoungGen: 295968K(312832K)->64K(315392K) Eden: 295936K(295936K)->0K(299520K) From: 32K(16896K)->64K(15872K)
[133.503s][info][gc,heap        ] GC(328) ParOldGen: 379455K(379904K)->379463K(379904K)
[133.503s][info][gc,metaspace   ] GC(328) Metaspace: 35123K(35776K)->35123K(35776K) NonClass: 28863K(29312K)->28863K(29312K) Class: 6259K(6464K)->6259K(6464K)
[133.503s][info][gc             ] GC(328) Pause Young (Allocation Failure) 659M->370M(679M) 1.568ms
[133.503s][info][gc,cpu         ] GC(328) User=0.00s Sys=0.00s Real=0.00s
[133.607s][info][gc,start       ] GC(329) Pause Young (Allocation Failure)
[133.609s][info][gc,heap        ] GC(329) PSYoungGen: 299584K(315392K)->64K(314880K) Eden: 299520K(299520K)->0K(299520K) From: 64K(15872K)->64K(15360K)
[133.609s][info][gc,heap        ] GC(329) ParOldGen: 379463K(379904K)->379471K(379904K)
[133.609s][info][gc,metaspace   ] GC(329) Metaspace: 35123K(35776K)->35123K(35776K) NonClass: 28863K(29312K)->28863K(29312K) Class: 6259K(6464K)->6259K(6464K)
[133.609s][info][gc             ] GC(329) Pause Young (Allocation Failure) 663M->370M(678M) 1.587ms
[133.609s][info][gc,cpu         ] GC(329) User=0.01s Sys=0.00s Real=0.00s
[133.726s][info][gc,start       ] GC(330) Pause Young (Allocation Failure)
[133.728s][info][gc,heap        ] GC(330) PSYoungGen: 299584K(314880K)->64K(317440K) Eden: 299520K(299520K)->0K(303616K) From: 64K(15360K)->64K(13824K)
[133.728s][info][gc,heap        ] GC(330) ParOldGen: 379471K(379904K)->379479K(379904K)
[133.728s][info][gc,metaspace   ] GC(330) Metaspace: 35123K(35776K)->35123K(35776K) NonClass: 28863K(29312K)->28863K(29312K) Class: 6259K(6464K)->6259K(6464K)
[133.728s][info][gc             ] GC(330) Pause Young (Allocation Failure) 663M->370M(681M) 1.853ms
[133.728s][info][gc,cpu         ] GC(330) User=0.00s Sys=0.00s Real=0.00s
[134.008s][info][gc,start       ] GC(331) Pause Young (Allocation Failure)
[134.009s][info][gc,heap        ] GC(331) PSYoungGen: 303680K(317440K)->64K(316928K) Eden: 303616K(303616K)->0K(303616K) From: 64K(13824K)->64K(13312K)
[134.009s][info][gc,heap        ] GC(331) ParOldGen: 379479K(379904K)->379487K(379904K)
[134.009s][info][gc,metaspace   ] GC(331) Metaspace: 35123K(35776K)->35123K(35776K) NonClass: 28863K(29312K)->28863K(29312K) Class: 6259K(6464K)->6259K(6464K)
[134.010s][info][gc             ] GC(331) Pause Young (Allocation Failure) 667M->370M(680M) 1.925ms
[134.010s][info][gc,cpu         ] GC(331) User=0.00s Sys=0.00s Real=0.00s
[134.861s][info][gc,start       ] GC(332) Pause Young (Allocation Failure)
[134.863s][info][gc,heap        ] GC(332) PSYoungGen: 303680K(316928K)->83K(319488K) Eden: 303616K(303616K)->0K(307200K) From: 64K(13312K)->83K(12288K)
[134.863s][info][gc,heap        ] GC(332) ParOldGen: 379487K(379904K)->379495K(379904K)
[134.863s][info][gc,metaspace   ] GC(332) Metaspace: 35123K(35776K)->35123K(35776K) NonClass: 28863K(29312K)->28863K(29312K) Class: 6259K(6464K)->6259K(6464K)
[134.863s][info][gc             ] GC(332) Pause Young (Allocation Failure) 667M->370M(683M) 1.975ms
[134.863s][info][gc,cpu         ] GC(332) User=0.00s Sys=0.00s Real=0.00s
[135.815s][info][gc,start       ] GC(333) Pause Young (Allocation Failure)
[135.817s][info][gc,heap        ] GC(333) PSYoungGen: 307283K(319488K)->64K(295424K) Eden: 307200K(307200K)->0K(294912K) From: 83K(12288K)->64K(512K)
[135.817s][info][gc,heap        ] GC(333) ParOldGen: 379495K(379904K)->379503K(379904K)
[135.817s][info][gc,metaspace   ] GC(333) Metaspace: 35123K(35776K)->35123K(35776K) NonClass: 28863K(29312K)->28863K(29312K) Class: 6259K(6464K)->6259K(6464K)
[135.817s][info][gc             ] GC(333) Pause Young (Allocation Failure) 670M->370M(659M) 1.970ms
[135.817s][info][gc,cpu         ] GC(333) User=0.00s Sys=0.00s Real=0.00s
[136.261s][info][gc,start       ] GC(334) Pause Young (Allocation Failure)
[136.263s][info][gc,heap        ] GC(334) PSYoungGen: 294976K(295424K)->64K(283648K) Eden: 294912K(294912K)->0K(283136K) From: 64K(512K)->64K(512K)
[136.263s][info][gc,heap        ] GC(334) ParOldGen: 379503K(379904K)->379519K(379904K)
[136.263s][info][gc,metaspace   ] GC(334) Metaspace: 35123K(35776K)->35123K(35776K) NonClass: 28863K(29312K)->28863K(29312K) Class: 6259K(6464K)->6259K(6464K)
[136.263s][info][gc             ] GC(334) Pause Young (Allocation Failure) 658M->370M(648M) 1.926ms
[136.263s][info][gc,cpu         ] GC(334) User=0.01s Sys=0.00s Real=0.00s
[137.308s][info][gc,start       ] GC(335) Pause Young (Allocation Failure)
[137.310s][info][gc,heap        ] GC(335) PSYoungGen: 283200K(283648K)->64K(282112K) Eden: 283136K(283136K)->0K(271872K) From: 64K(512K)->64K(10240K)
[137.310s][info][gc,heap        ] GC(335) ParOldGen: 379519K(379904K)->379535K(379904K)
[137.310s][info][gc,metaspace   ] GC(335) Metaspace: 35123K(35776K)->35123K(35776K) NonClass: 28863K(29312K)->28863K(29312K) Class: 6259K(6464K)->6259K(6464K)
[137.310s][info][gc             ] GC(335) Pause Young (Allocation Failure) 647M->370M(646M) 1.901ms
[137.310s][info][gc,cpu         ] GC(335) User=0.00s Sys=0.00s Real=0.00s
[137.544s][info][gc,start       ] GC(336) Pause Young (Allocation Failure)
[137.546s][info][gc,heap        ] GC(336) PSYoungGen: 271936K(282112K)->64K(261632K) Eden: 271872K(271872K)->0K(261120K) From: 64K(10240K)->64K(512K)
[137.546s][info][gc,heap        ] GC(336) ParOldGen: 379535K(379904K)->379543K(379904K)
[137.546s][info][gc,metaspace   ] GC(336) Metaspace: 35123K(35776K)->35123K(35776K) NonClass: 28863K(29312K)->28863K(29312K) Class: 6259K(6464K)->6259K(6464K)
[137.546s][info][gc             ] GC(336) Pause Young (Allocation Failure) 636M->370M(626M) 2.102ms
[137.546s][info][gc,cpu         ] GC(336) User=0.00s Sys=0.00s Real=0.01s
[137.920s][info][gc,start       ] GC(337) Pause Young (Allocation Failure)
[137.922s][info][gc,heap        ] GC(337) PSYoungGen: 261184K(261632K)->64K(259584K) Eden: 261120K(261120K)->0K(250880K) From: 64K(512K)->64K(8704K)
[137.922s][info][gc,heap        ] GC(337) ParOldGen: 379543K(379904K)->379559K(379904K)
[137.922s][info][gc,metaspace   ] GC(337) Metaspace: 35123K(35776K)->35123K(35776K) NonClass: 28863K(29312K)->28863K(29312K) Class: 6259K(6464K)->6259K(6464K)
[137.922s][info][gc             ] GC(337) Pause Young (Allocation Failure) 625M->370M(624M) 2.674ms
[137.922s][info][gc,cpu         ] GC(337) User=0.00s Sys=0.00s Real=0.00s
[137.997s][info][gc,start       ] GC(338) Pause Young (Allocation Failure)
[137.999s][info][gc,heap        ] GC(338) PSYoungGen: 250944K(259584K)->64K(292352K) Eden: 250880K(250880K)->0K(284160K) From: 64K(8704K)->64K(8192K)
[137.999s][info][gc,heap        ] GC(338) ParOldGen: 379559K(379904K)->379575K(379904K)
[137.999s][info][gc,metaspace   ] GC(338) Metaspace: 35123K(35776K)->35123K(35776K) NonClass: 28863K(29312K)->28863K(29312K) Class: 6259K(6464K)->6259K(6464K)
[137.999s][info][gc             ] GC(338) Pause Young (Allocation Failure) 615M->370M(656M) 2.268ms
[137.999s][info][gc,cpu         ] GC(338) User=0.01s Sys=0.00s Real=0.00s
[138.670s][info][gc,start       ] GC(339) Pause Young (Allocation Failure)
[138.672s][info][gc,heap        ] GC(339) PSYoungGen: 284224K(292352K)->64K(273408K) Eden: 284160K(284160K)->0K(272896K) From: 64K(8192K)->64K(512K)
[138.672s][info][gc,heap        ] GC(339) ParOldGen: 379575K(379904K)->379583K(379904K)
[138.672s][info][gc,metaspace   ] GC(339) Metaspace: 35123K(35776K)->35123K(35776K) NonClass: 28863K(29312K)->28863K(29312K) Class: 6259K(6464K)->6259K(6464K)
[138.672s][info][gc             ] GC(339) Pause Young (Allocation Failure) 648M->370M(638M) 2.744ms
[138.673s][info][gc,cpu         ] GC(339) User=0.01s Sys=0.01s Real=0.00s
[138.972s][info][gc,start       ] GC(340) Pause Young (Allocation Failure)
[138.974s][info][gc,heap        ] GC(340) PSYoungGen: 272960K(273408K)->64K(262656K) Eden: 272896K(272896K)->0K(262144K) From: 64K(512K)->64K(512K)
[138.974s][info][gc,heap        ] GC(340) ParOldGen: 379583K(379904K)->379591K(379904K)
[138.974s][info][gc,metaspace   ] GC(340) Metaspace: 35123K(35776K)->35123K(35776K) NonClass: 28863K(29312K)->28863K(29312K) Class: 6259K(6464K)->6259K(6464K)
[138.974s][info][gc             ] GC(340) Pause Young (Allocation Failure) 637M->370M(627M) 2.638ms
[138.974s][info][gc,cpu         ] GC(340) User=0.01s Sys=0.00s Real=0.01s
[139.304s][info][gc,start       ] GC(341) Pause Young (Allocation Failure)
[139.348s][info][gc,heap        ] GC(341) PSYoungGen: 262208K(262656K)->6656K(279040K) Eden: 262144K(262144K)->0K(272384K) From: 64K(512K)->6656K(6656K)
[139.348s][info][gc,heap        ] GC(341) ParOldGen: 379591K(379904K)->394535K(394752K)
[139.348s][info][gc,metaspace   ] GC(341) Metaspace: 35123K(35776K)->35123K(35776K) NonClass: 28863K(29312K)->28863K(29312K) Class: 6259K(6464K)->6259K(6464K)
[139.348s][info][gc             ] GC(341) Pause Young (Allocation Failure) 626M->391M(658M) 44.263ms
[139.349s][info][gc,cpu         ] GC(341) User=0.08s Sys=0.01s Real=0.05s
[139.645s][info][gc,start       ] GC(342) Pause Young (Allocation Failure)
[139.713s][info][gc,heap        ] GC(342) PSYoungGen: 279040K(279040K)->13824K(302592K) Eden: 272384K(272384K)->0K(288768K) From: 6656K(6656K)->13824K(13824K)
[139.713s][info][gc,heap        ] GC(342) ParOldGen: 394535K(394752K)->410103K(410112K)
[139.713s][info][gc,metaspace   ] GC(342) Metaspace: 35123K(35776K)->35123K(35776K) NonClass: 28863K(29312K)->28863K(29312K) Class: 6259K(6464K)->6259K(6464K)
[139.713s][info][gc             ] GC(342) Pause Young (Allocation Failure) 657M->413M(696M) 68.066ms
[139.713s][info][gc,cpu         ] GC(342) User=0.12s Sys=0.01s Real=0.06s
[139.937s][info][gc,start       ] GC(343) Pause Young (Allocation Failure)
[139.989s][info][gc,heap        ] GC(343) PSYoungGen: 302592K(302592K)->18528K(307712K) Eden: 288768K(288768K)->0K(288768K) From: 13824K(13824K)->18528K(18944K)
[139.989s][info][gc,heap        ] GC(343) ParOldGen: 410103K(410112K)->410679K(411136K)
[139.989s][info][gc,metaspace   ] GC(343) Metaspace: 35123K(35776K)->35123K(35776K) NonClass: 28863K(29312K)->28863K(29312K) Class: 6259K(6464K)->6259K(6464K)
[139.989s][info][gc             ] GC(343) Pause Young (Allocation Failure) 695M->419M(702M) 51.905ms
[139.989s][info][gc,cpu         ] GC(343) User=0.09s Sys=0.02s Real=0.05s
[140.254s][info][gc,start       ] GC(344) Pause Young (Allocation Failure)
[140.256s][info][gc,heap        ] GC(344) PSYoungGen: 307296K(307712K)->32K(308736K) Eden: 288768K(288768K)->0K(283136K) From: 18528K(18944K)->32K(25600K)
[140.256s][info][gc,heap        ] GC(344) ParOldGen: 410679K(411136K)->410695K(411136K)
[140.256s][info][gc,metaspace   ] GC(344) Metaspace: 35123K(35776K)->35123K(35776K) NonClass: 28863K(29312K)->28863K(29312K) Class: 6259K(6464K)->6259K(6464K)
[140.256s][info][gc             ] GC(344) Pause Young (Allocation Failure) 701M->401M(703M) 2.003ms
[140.256s][info][gc,cpu         ] GC(344) User=0.01s Sys=0.00s Real=0.01s
[140.961s][info][gc,start       ] GC(345) Pause Young (Allocation Failure)
[140.963s][info][gc,heap        ] GC(345) PSYoungGen: 283168K(308736K)->64K(283648K) Eden: 283136K(283136K)->0K(283136K) From: 32K(25600K)->64K(512K)
[140.964s][info][gc,heap        ] GC(345) ParOldGen: 410695K(411136K)->410711K(411136K)
[140.964s][info][gc,metaspace   ] GC(345) Metaspace: 35123K(35776K)->35123K(35776K) NonClass: 28863K(29312K)->28863K(29312K) Class: 6259K(6464K)->6259K(6464K)
[140.964s][info][gc             ] GC(345) Pause Young (Allocation Failure) 677M->401M(678M) 2.236ms
[140.964s][info][gc,cpu         ] GC(345) User=0.00s Sys=0.00s Real=0.00s
[141.234s][info][gc,start       ] GC(346) Pause Young (Allocation Failure)
[141.236s][info][gc,heap        ] GC(346) PSYoungGen: 283200K(283648K)->32K(308224K) Eden: 283136K(283136K)->0K(284160K) From: 64K(512K)->32K(24064K)
[141.236s][info][gc,heap        ] GC(346) ParOldGen: 410711K(411136K)->410719K(411136K)
[141.236s][info][gc,metaspace   ] GC(346) Metaspace: 35123K(35776K)->35123K(35776K) NonClass: 28863K(29312K)->28863K(29312K) Class: 6259K(6464K)->6259K(6464K)
[141.236s][info][gc             ] GC(346) Pause Young (Allocation Failure) 677M->401M(702M) 1.985ms
[141.236s][info][gc,cpu         ] GC(346) User=0.00s Sys=0.00s Real=0.01s
[141.638s][info][gc,start       ] GC(347) Pause Young (Allocation Failure)
[141.639s][info][gc,heap        ] GC(347) PSYoungGen: 284192K(308224K)->64K(307200K) Eden: 284160K(284160K)->0K(284160K) From: 32K(24064K)->64K(23040K)
[141.639s][info][gc,heap        ] GC(347) ParOldGen: 410719K(411136K)->410727K(411136K)
[141.639s][info][gc,metaspace   ] GC(347) Metaspace: 35123K(35776K)->35123K(35776K) NonClass: 28863K(29312K)->28863K(29312K) Class: 6259K(6464K)->6259K(6464K)
[141.639s][info][gc             ] GC(347) Pause Young (Allocation Failure) 678M->401M(701M) 1.717ms
[141.639s][info][gc,cpu         ] GC(347) User=0.01s Sys=0.00s Real=0.00s
[141.853s][info][gc,start       ] GC(348) Pause Young (Allocation Failure)
[141.855s][info][gc,heap        ] GC(348) PSYoungGen: 284224K(307200K)->32K(309760K) Eden: 284160K(284160K)->0K(287744K) From: 64K(23040K)->32K(22016K)
[141.855s][info][gc,heap        ] GC(348) ParOldGen: 410727K(411136K)->410743K(411136K)
[141.855s][info][gc,metaspace   ] GC(348) Metaspace: 35123K(35776K)->35123K(35776K) NonClass: 28863K(29312K)->28863K(29312K) Class: 6259K(6464K)->6259K(6464K)
[141.855s][info][gc             ] GC(348) Pause Young (Allocation Failure) 678M->401M(704M) 2.217ms
[141.855s][info][gc,cpu         ] GC(348) User=0.00s Sys=0.00s Real=0.01s
[142.071s][info][gc,start       ] GC(349) Pause Young (Allocation Failure)
[142.073s][info][gc,heap        ] GC(349) PSYoungGen: 287776K(309760K)->64K(308736K) Eden: 287744K(287744K)->0K(287744K) From: 32K(22016K)->64K(20992K)
[142.073s][info][gc,heap        ] GC(349) ParOldGen: 410743K(411136K)->410743K(411136K)
[142.073s][info][gc,metaspace   ] GC(349) Metaspace: 35123K(35776K)->35123K(35776K) NonClass: 28863K(29312K)->28863K(29312K) Class: 6259K(6464K)->6259K(6464K)
[142.073s][info][gc             ] GC(349) Pause Young (Allocation Failure) 682M->401M(703M) 1.955ms
[142.073s][info][gc,cpu         ] GC(349) User=0.00s Sys=0.00s Real=0.00s
[142.357s][info][gc,start       ] GC(350) Pause Young (Allocation Failure)
[142.359s][info][gc,heap        ] GC(350) PSYoungGen: 287808K(308736K)->64K(311808K) Eden: 287744K(287744K)->0K(291840K) From: 64K(20992K)->64K(19968K)
[142.359s][info][gc,heap        ] GC(350) ParOldGen: 410743K(411136K)->410743K(411136K)
[142.359s][info][gc,metaspace   ] GC(350) Metaspace: 35123K(35776K)->35123K(35776K) NonClass: 28863K(29312K)->28863K(29312K) Class: 6259K(6464K)->6259K(6464K)
[142.359s][info][gc             ] GC(350) Pause Young (Allocation Failure) 682M->401M(706M) 1.931ms
[142.359s][info][gc,cpu         ] GC(350) User=0.01s Sys=0.00s Real=0.00s
[142.413s][info][gc,start       ] GC(351) Pause Young (Allocation Failure)
[142.415s][info][gc,heap        ] GC(351) PSYoungGen: 291904K(311808K)->32K(310784K) Eden: 291840K(291840K)->0K(291840K) From: 64K(19968K)->32K(18944K)
[142.415s][info][gc,heap        ] GC(351) ParOldGen: 410743K(411136K)->410759K(411136K)
[142.415s][info][gc,metaspace   ] GC(351) Metaspace: 35123K(35776K)->35123K(35776K) NonClass: 28863K(29312K)->28863K(29312K) Class: 6259K(6464K)->6259K(6464K)
[142.415s][info][gc             ] GC(351) Pause Young (Allocation Failure) 686M->401M(705M) 1.953ms
[142.415s][info][gc,cpu         ] GC(351) User=0.00s Sys=0.00s Real=0.01s
[142.502s][info][gc,start       ] GC(352) Pause Young (Allocation Failure)
[142.504s][info][gc,heap        ] GC(352) PSYoungGen: 291872K(310784K)->64K(313856K) Eden: 291840K(291840K)->0K(295936K) From: 32K(18944K)->64K(17920K)
[142.504s][info][gc,heap        ] GC(352) ParOldGen: 410759K(411136K)->410759K(411136K)
[142.504s][info][gc,metaspace   ] GC(352) Metaspace: 35123K(35776K)->35123K(35776K) NonClass: 28863K(29312K)->28863K(29312K) Class: 6259K(6464K)->6259K(6464K)
[142.504s][info][gc             ] GC(352) Pause Young (Allocation Failure) 686M->401M(708M) 1.765ms
[142.504s][info][gc,cpu         ] GC(352) User=0.00s Sys=0.00s Real=0.00s
[142.765s][info][gc,start       ] GC(353) Pause Young (Allocation Failure)
[142.767s][info][gc,heap        ] GC(353) PSYoungGen: 296000K(313856K)->32K(312832K) Eden: 295936K(295936K)->0K(295936K) From: 64K(17920K)->32K(16896K)
[142.767s][info][gc,heap        ] GC(353) ParOldGen: 410759K(411136K)->410775K(411136K)
[142.767s][info][gc,metaspace   ] GC(353) Metaspace: 35123K(35776K)->35123K(35776K) NonClass: 28863K(29312K)->28863K(29312K) Class: 6259K(6464K)->6259K(6464K)
[142.767s][info][gc             ] GC(353) Pause Young (Allocation Failure) 690M->401M(707M) 2.007ms
[142.767s][info][gc,cpu         ] GC(353) User=0.00s Sys=0.00s Real=0.00s
[142.977s][info][gc,start       ] GC(354) Pause Young (Allocation Failure)
[142.979s][info][gc,heap        ] GC(354) PSYoungGen: 295968K(312832K)->64K(315904K) Eden: 295936K(295936K)->0K(300032K) From: 32K(16896K)->64K(15872K)
[142.979s][info][gc,heap        ] GC(354) ParOldGen: 410775K(411136K)->410775K(411136K)
[142.979s][info][gc,metaspace   ] GC(354) Metaspace: 35123K(35776K)->35123K(35776K) NonClass: 28863K(29312K)->28863K(29312K) Class: 6259K(6464K)->6259K(6464K)
[142.979s][info][gc             ] GC(354) Pause Young (Allocation Failure) 690M->401M(710M) 1.661ms
[142.979s][info][gc,cpu         ] GC(354) User=0.00s Sys=0.00s Real=0.00s
[143.061s][info][gc,start       ] GC(355) Pause Young (Allocation Failure)
[143.062s][info][gc,heap        ] GC(355) PSYoungGen: 300096K(315904K)->64K(315392K) Eden: 300032K(300032K)->0K(300032K) From: 64K(15872K)->64K(15360K)
[143.062s][info][gc,heap        ] GC(355) ParOldGen: 410775K(411136K)->410791K(411136K)
[143.062s][info][gc,metaspace   ] GC(355) Metaspace: 35123K(35776K)->35123K(35776K) NonClass: 28863K(29312K)->28863K(29312K) Class: 6259K(6464K)->6259K(6464K)
[143.062s][info][gc             ] GC(355) Pause Young (Allocation Failure) 694M->401M(709M) 1.545ms
[143.062s][info][gc,cpu         ] GC(355) User=0.00s Sys=0.00s Real=0.00s
[143.203s][info][gc,start       ] GC(356) Pause Young (Allocation Failure)
[143.204s][info][gc,heap        ] GC(356) PSYoungGen: 300096K(315392K)->64K(317440K) Eden: 300032K(300032K)->0K(303616K) From: 64K(15360K)->64K(13824K)
[143.204s][info][gc,heap        ] GC(356) ParOldGen: 410791K(411136K)->410791K(411136K)
[143.204s][info][gc,metaspace   ] GC(356) Metaspace: 35123K(35776K)->35123K(35776K) NonClass: 28863K(29312K)->28863K(29312K) Class: 6259K(6464K)->6259K(6464K)
[143.204s][info][gc             ] GC(356) Pause Young (Allocation Failure) 694M->401M(711M) 1.630ms
[143.204s][info][gc,cpu         ] GC(356) User=0.00s Sys=0.00s Real=0.00s
[143.598s][info][gc,start       ] GC(357) Pause Young (Allocation Failure)
[143.600s][info][gc,heap        ] GC(357) PSYoungGen: 303680K(317440K)->64K(316928K) Eden: 303616K(303616K)->0K(303616K) From: 64K(13824K)->64K(13312K)
[143.600s][info][gc,heap        ] GC(357) ParOldGen: 410791K(411136K)->410799K(411136K)
[143.600s][info][gc,metaspace   ] GC(357) Metaspace: 35123K(35776K)->35123K(35776K) NonClass: 28863K(29312K)->28863K(29312K) Class: 6259K(6464K)->6259K(6464K)
[143.600s][info][gc             ] GC(357) Pause Young (Allocation Failure) 697M->401M(711M) 1.635ms
[143.600s][info][gc,cpu         ] GC(357) User=0.01s Sys=0.00s Real=0.00s
[144.302s][info][gc,start       ] GC(358) Pause Young (Allocation Failure)
[144.304s][info][gc,heap        ] GC(358) PSYoungGen: 303680K(316928K)->83K(291840K) Eden: 303616K(303616K)->0K(291328K) From: 64K(13312K)->83K(512K)
[144.304s][info][gc,heap        ] GC(358) ParOldGen: 410799K(411136K)->410807K(411136K)
[144.304s][info][gc,metaspace   ] GC(358) Metaspace: 35123K(35776K)->35123K(35776K) NonClass: 28863K(29312K)->28863K(29312K) Class: 6259K(6464K)->6259K(6464K)
[144.304s][info][gc             ] GC(358) Pause Young (Allocation Failure) 697M->401M(686M) 2.396ms
[144.304s][info][gc,cpu         ] GC(358) User=0.00s Sys=0.01s Real=0.00s
[145.282s][info][gc,start       ] GC(359) Pause Young (Allocation Failure)
[145.283s][info][gc,heap        ] GC(359) PSYoungGen: 291411K(291840K)->64K(291328K) Eden: 291328K(291328K)->0K(279552K) From: 83K(512K)->64K(11776K)
[145.283s][info][gc,heap        ] GC(359) ParOldGen: 410807K(411136K)->410815K(411136K)
[145.283s][info][gc,metaspace   ] GC(359) Metaspace: 35123K(35776K)->35123K(35776K) NonClass: 28863K(29312K)->28863K(29312K) Class: 6259K(6464K)->6259K(6464K)
[145.283s][info][gc             ] GC(359) Pause Young (Allocation Failure) 685M->401M(686M) 1.507ms
[145.283s][info][gc,cpu         ] GC(359) User=0.01s Sys=0.00s Real=0.00s
[145.756s][info][gc,start       ] GC(360) Pause Young (Allocation Failure)
[145.757s][info][gc,heap        ] GC(360) PSYoungGen: 279616K(291328K)->64K(268800K) Eden: 279552K(279552K)->0K(268288K) From: 64K(11776K)->64K(512K)
[145.757s][info][gc,heap        ] GC(360) ParOldGen: 410815K(411136K)->410823K(411136K)
[145.757s][info][gc,metaspace   ] GC(360) Metaspace: 35123K(35776K)->35123K(35776K) NonClass: 28863K(29312K)->28863K(29312K) Class: 6259K(6464K)->6259K(6464K)
[145.757s][info][gc             ] GC(360) Pause Young (Allocation Failure) 674M->401M(664M) 1.610ms
[145.757s][info][gc,cpu         ] GC(360) User=0.00s Sys=0.00s Real=0.00s
[146.758s][info][gc,start       ] GC(361) Pause Young (Allocation Failure)
[146.760s][info][gc,heap        ] GC(361) PSYoungGen: 268352K(268800K)->64K(267776K) Eden: 268288K(268288K)->0K(257536K) From: 64K(512K)->64K(10240K)
[146.760s][info][gc,heap        ] GC(361) ParOldGen: 410823K(411136K)->410831K(411136K)
[146.760s][info][gc,metaspace   ] GC(361) Metaspace: 35123K(35776K)->35123K(35776K) NonClass: 28863K(29312K)->28863K(29312K) Class: 6259K(6464K)->6259K(6464K)
[146.760s][info][gc             ] GC(361) Pause Young (Allocation Failure) 663M->401M(663M) 1.595ms
[146.760s][info][gc,cpu         ] GC(361) User=0.00s Sys=0.00s Real=0.00s
[146.987s][info][gc,start       ] GC(362) Pause Young (Allocation Failure)
[146.989s][info][gc,heap        ] GC(362) PSYoungGen: 257600K(267776K)->64K(247808K) Eden: 257536K(257536K)->0K(247296K) From: 64K(10240K)->64K(512K)
[146.989s][info][gc,heap        ] GC(362) ParOldGen: 410831K(411136K)->410839K(411136K)
[146.989s][info][gc,metaspace   ] GC(362) Metaspace: 35123K(35776K)->35123K(35776K) NonClass: 28863K(29312K)->28863K(29312K) Class: 6259K(6464K)->6259K(6464K)
[146.989s][info][gc             ] GC(362) Pause Young (Allocation Failure) 652M->401M(643M) 2.213ms
[146.989s][info][gc,cpu         ] GC(362) User=0.00s Sys=0.00s Real=0.00s
[147.360s][info][gc,start       ] GC(363) Pause Young (Allocation Failure)
[147.362s][info][gc,heap        ] GC(363) PSYoungGen: 247360K(247808K)->64K(246272K) Eden: 247296K(247296K)->0K(237568K) From: 64K(512K)->64K(8704K)
[147.362s][info][gc,heap        ] GC(363) ParOldGen: 410839K(411136K)->410847K(411136K)
[147.362s][info][gc,metaspace   ] GC(363) Metaspace: 35123K(35776K)->35123K(35776K) NonClass: 28863K(29312K)->28863K(29312K) Class: 6259K(6464K)->6259K(6464K)
[147.362s][info][gc             ] GC(363) Pause Young (Allocation Failure) 642M->401M(642M) 2.256ms
[147.362s][info][gc,cpu         ] GC(363) User=0.00s Sys=0.00s Real=0.00s
[147.422s][info][gc,start       ] GC(364) Pause Young (Allocation Failure)
[147.424s][info][gc,heap        ] GC(364) PSYoungGen: 237632K(246272K)->64K(228864K) Eden: 237568K(237568K)->0K(228352K) From: 64K(8704K)->64K(512K)
[147.424s][info][gc,heap        ] GC(364) ParOldGen: 410847K(411136K)->410855K(411136K)
[147.425s][info][gc,metaspace   ] GC(364) Metaspace: 35123K(35776K)->35123K(35776K) NonClass: 28863K(29312K)->28863K(29312K) Class: 6259K(6464K)->6259K(6464K)
[147.425s][info][gc             ] GC(364) Pause Young (Allocation Failure) 633M->401M(625M) 2.066ms
[147.425s][info][gc,cpu         ] GC(364) User=0.00s Sys=0.00s Real=0.01s
[147.879s][info][gc,start       ] GC(365) Pause Young (Allocation Failure)
[147.880s][info][gc,heap        ] GC(365) PSYoungGen: 228416K(228864K)->64K(227328K) Eden: 228352K(228352K)->0K(219648K) From: 64K(512K)->64K(7680K)
[147.880s][info][gc,heap        ] GC(365) ParOldGen: 410855K(411136K)->410863K(411136K)
[147.880s][info][gc,metaspace   ] GC(365) Metaspace: 35123K(35776K)->35123K(35776K) NonClass: 28863K(29312K)->28863K(29312K) Class: 6259K(6464K)->6259K(6464K)
[147.880s][info][gc             ] GC(365) Pause Young (Allocation Failure) 624M->401M(623M) 1.594ms
[147.880s][info][gc,cpu         ] GC(365) User=0.00s Sys=0.00s Real=0.00s
[148.222s][info][gc,start       ] GC(366) Pause Young (Allocation Failure)
[148.225s][info][gc,heap        ] GC(366) PSYoungGen: 219712K(227328K)->64K(211968K) Eden: 219648K(219648K)->0K(211456K) From: 64K(7680K)->64K(512K)
[148.225s][info][gc,heap        ] GC(366) ParOldGen: 410863K(411136K)->410871K(411136K)
[148.225s][info][gc,metaspace   ] GC(366) Metaspace: 35123K(35776K)->35123K(35776K) NonClass: 28863K(29312K)->28863K(29312K) Class: 6259K(6464K)->6259K(6464K)
[148.225s][info][gc             ] GC(366) Pause Young (Allocation Failure) 615M->401M(608M) 2.743ms
[148.225s][info][gc,cpu         ] GC(366) User=0.00s Sys=0.00s Real=0.01s
[148.538s][info][gc,start       ] GC(367) Pause Young (Allocation Failure)
[148.543s][info][gc,heap        ] GC(367) PSYoungGen: 211520K(211968K)->2272K(210432K) Eden: 211456K(211456K)->0K(203776K) From: 64K(512K)->2272K(6656K)
[148.543s][info][gc,heap        ] GC(367) ParOldGen: 410871K(411136K)->410879K(411136K)
[148.543s][info][gc,metaspace   ] GC(367) Metaspace: 35123K(35776K)->35123K(35776K) NonClass: 28863K(29312K)->28863K(29312K) Class: 6259K(6464K)->6259K(6464K)
[148.543s][info][gc             ] GC(367) Pause Young (Allocation Failure) 607M->403M(607M) 4.727ms
[148.543s][info][gc,cpu         ] GC(367) User=0.01s Sys=0.00s Real=0.00s
[148.765s][info][gc,start       ] GC(368) Pause Young (Allocation Failure)
[148.808s][info][gc,heap        ] GC(368) PSYoungGen: 206048K(210432K)->6656K(251392K) Eden: 203776K(203776K)->0K(244736K) From: 2272K(6656K)->6656K(6656K)
[148.808s][info][gc,heap        ] GC(368) ParOldGen: 410879K(411136K)->425807K(425984K)
[148.808s][info][gc,metaspace   ] GC(368) Metaspace: 35123K(35776K)->35123K(35776K) NonClass: 28863K(29312K)->28863K(29312K) Class: 6259K(6464K)->6259K(6464K)
[148.808s][info][gc             ] GC(368) Pause Young (Allocation Failure) 602M->422M(661M) 43.077ms
[148.808s][info][gc,cpu         ] GC(368) User=0.08s Sys=0.01s Real=0.04s
[149.076s][info][gc,start       ] GC(369) Pause Young (Allocation Failure)
[149.128s][info][gc,heap        ] GC(369) PSYoungGen: 251392K(251392K)->13824K(271872K) Eden: 244736K(244736K)->0K(258048K) From: 6656K(6656K)->13824K(13824K)
[149.128s][info][gc,heap        ] GC(369) ParOldGen: 425807K(425984K)->438447K(438784K)
[149.128s][info][gc,metaspace   ] GC(369) Metaspace: 35123K(35776K)->35123K(35776K) NonClass: 28863K(29312K)->28863K(29312K) Class: 6259K(6464K)->6259K(6464K)
[149.128s][info][gc             ] GC(369) Pause Young (Allocation Failure) 661M->441M(694M) 52.522ms
[149.129s][info][gc,cpu         ] GC(369) User=0.09s Sys=0.01s Real=0.05s
[149.348s][info][gc,start       ] GC(370) Pause Young (Allocation Failure)
[149.394s][info][gc,heap        ] GC(370) PSYoungGen: 271872K(271872K)->19264K(305152K) Eden: 258048K(258048K)->0K(283648K) From: 13824K(13824K)->19264K(21504K)
[149.394s][info][gc,heap        ] GC(370) ParOldGen: 438447K(438784K)->438911K(439296K)
[149.394s][info][gc,metaspace   ] GC(370) Metaspace: 35123K(35776K)->35123K(35776K) NonClass: 28863K(29312K)->28863K(29312K) Class: 6259K(6464K)->6259K(6464K)
[149.394s][info][gc             ] GC(370) Pause Young (Allocation Failure) 693M->447M(727M) 46.749ms
[149.394s][info][gc,cpu         ] GC(370) User=0.08s Sys=0.02s Real=0.04s
[149.560s][info][gc,start       ] GC(371) Pause Young (Allocation Failure)
[149.561s][info][gc,heap        ] GC(371) PSYoungGen: 302912K(305152K)->64K(308736K) Eden: 283648K(283648K)->0K(283648K) From: 19264K(21504K)->64K(25088K)
[149.561s][info][gc,heap        ] GC(371) ParOldGen: 438911K(439296K)->438919K(439296K)
[149.561s][info][gc,metaspace   ] GC(371) Metaspace: 35123K(35776K)->35123K(35776K) NonClass: 28863K(29312K)->28863K(29312K) Class: 6259K(6464K)->6259K(6464K)
[149.562s][info][gc             ] GC(371) Pause Young (Allocation Failure) 724M->428M(730M) 1.723ms
[149.562s][info][gc,cpu         ] GC(371) User=0.00s Sys=0.00s Real=0.00s
[150.293s][info][gc,start       ] GC(372) Pause Young (Allocation Failure)
[150.294s][info][gc,heap        ] GC(372) PSYoungGen: 283712K(308736K)->64K(306176K) Eden: 283648K(283648K)->0K(284160K) From: 64K(25088K)->64K(22016K)
[150.295s][info][gc,heap        ] GC(372) ParOldGen: 438919K(439296K)->438935K(439296K)
[150.295s][info][gc,metaspace   ] GC(372) Metaspace: 35123K(35776K)->35123K(35776K) NonClass: 28863K(29312K)->28863K(29312K) Class: 6259K(6464K)->6259K(6464K)
[150.295s][info][gc             ] GC(372) Pause Young (Allocation Failure) 705M->428M(728M) 1.716ms
[150.295s][info][gc,cpu         ] GC(372) User=0.00s Sys=0.00s Real=0.01s
[150.594s][info][gc,start       ] GC(373) Pause Young (Allocation Failure)
[150.595s][info][gc,heap        ] GC(373) PSYoungGen: 284224K(306176K)->64K(307712K) Eden: 284160K(284160K)->0K(284160K) From: 64K(22016K)->64K(23552K)
[150.595s][info][gc,heap        ] GC(373) ParOldGen: 438935K(439296K)->438935K(439296K)
[150.595s][info][gc,metaspace   ] GC(373) Metaspace: 35124K(35776K)->35124K(35776K) NonClass: 28864K(29312K)->28864K(29312K) Class: 6259K(6464K)->6259K(6464K)
[150.595s][info][gc             ] GC(373) Pause Young (Allocation Failure) 706M->428M(729M) 1.651ms
[150.595s][info][gc,cpu         ] GC(373) User=0.01s Sys=0.00s Real=0.01s
[151.021s][info][gc,start       ] GC(374) Pause Young (Allocation Failure)
[151.023s][info][gc,heap        ] GC(374) PSYoungGen: 284224K(307712K)->64K(307712K) Eden: 284160K(284160K)->0K(287744K) From: 64K(23552K)->64K(19968K)
[151.023s][info][gc,heap        ] GC(374) ParOldGen: 438935K(439296K)->438951K(439296K)
[151.023s][info][gc,metaspace   ] GC(374) Metaspace: 35124K(35776K)->35124K(35776K) NonClass: 28864K(29312K)->28864K(29312K) Class: 6259K(6464K)->6259K(6464K)
[151.023s][info][gc             ] GC(374) Pause Young (Allocation Failure) 706M->428M(729M) 1.736ms
[151.023s][info][gc,cpu         ] GC(374) User=0.00s Sys=0.00s Real=0.00s
[151.239s][info][gc,start       ] GC(375) Pause Young (Allocation Failure)
[151.241s][info][gc,heap        ] GC(375) PSYoungGen: 287808K(307712K)->64K(309248K) Eden: 287744K(287744K)->0K(287744K) From: 64K(19968K)->64K(21504K)
[151.241s][info][gc,heap        ] GC(375) ParOldGen: 438951K(439296K)->438967K(439296K)
[151.241s][info][gc,metaspace   ] GC(375) Metaspace: 35124K(35776K)->35124K(35776K) NonClass: 28864K(29312K)->28864K(29312K) Class: 6259K(6464K)->6259K(6464K)
[151.241s][info][gc             ] GC(375) Pause Young (Allocation Failure) 709M->428M(731M) 1.658ms
[151.241s][info][gc,cpu         ] GC(375) User=0.00s Sys=0.00s Real=0.00s
[151.458s][info][gc,start       ] GC(376) Pause Young (Allocation Failure)
[151.459s][info][gc,heap        ] GC(376) PSYoungGen: 287808K(309248K)->64K(309760K) Eden: 287744K(287744K)->0K(291328K) From: 64K(21504K)->64K(18432K)
[151.459s][info][gc,heap        ] GC(376) ParOldGen: 438967K(439296K)->438967K(439296K)
[151.459s][info][gc,metaspace   ] GC(376) Metaspace: 35124K(35776K)->35124K(35776K) NonClass: 28864K(29312K)->28864K(29312K) Class: 6259K(6464K)->6259K(6464K)
[151.459s][info][gc             ] GC(376) Pause Young (Allocation Failure) 709M->428M(731M) 1.698ms
[151.459s][info][gc,cpu         ] GC(376) User=0.00s Sys=0.00s Real=0.00s
[151.766s][info][gc,start       ] GC(377) Pause Young (Allocation Failure)
[151.768s][info][gc,heap        ] GC(377) PSYoungGen: 291392K(309760K)->64K(311296K) Eden: 291328K(291328K)->0K(291328K) From: 64K(18432K)->64K(19968K)
[151.768s][info][gc,heap        ] GC(377) ParOldGen: 438967K(439296K)->438967K(439296K)
[151.768s][info][gc,metaspace   ] GC(377) Metaspace: 35125K(35776K)->35125K(35776K) NonClass: 28866K(29312K)->28866K(29312K) Class: 6259K(6464K)->6259K(6464K)
[151.768s][info][gc             ] GC(377) Pause Young (Allocation Failure) 713M->428M(733M) 1.699ms
[151.768s][info][gc,cpu         ] GC(377) User=0.00s Sys=0.00s Real=0.00s
[151.821s][info][gc,start       ] GC(378) Pause Young (Allocation Failure)
[151.823s][info][gc,heap        ] GC(378) PSYoungGen: 291392K(311296K)->64K(311296K) Eden: 291328K(291328K)->0K(294912K) From: 64K(19968K)->64K(16384K)
[151.823s][info][gc,heap        ] GC(378) ParOldGen: 438967K(439296K)->438983K(439296K)
[151.823s][info][gc,metaspace   ] GC(378) Metaspace: 35125K(35776K)->35125K(35776K) NonClass: 28866K(29312K)->28866K(29312K) Class: 6259K(6464K)->6259K(6464K)
[151.823s][info][gc             ] GC(378) Pause Young (Allocation Failure) 713M->428M(733M) 1.622ms
[151.823s][info][gc,cpu         ] GC(378) User=0.00s Sys=0.00s Real=0.00s
[151.892s][info][gc,start       ] GC(379) Pause Young (Allocation Failure)
[151.893s][info][gc,heap        ] GC(379) PSYoungGen: 294976K(311296K)->64K(312832K) Eden: 294912K(294912K)->0K(294912K) From: 64K(16384K)->64K(17920K)
[151.893s][info][gc,heap        ] GC(379) ParOldGen: 438983K(439296K)->438983K(439296K)
[151.893s][info][gc,metaspace   ] GC(379) Metaspace: 35125K(35776K)->35125K(35776K) NonClass: 28866K(29312K)->28866K(29312K) Class: 6259K(6464K)->6259K(6464K)
[151.894s][info][gc             ] GC(379) Pause Young (Allocation Failure) 716M->428M(734M) 1.645ms
[151.894s][info][gc,cpu         ] GC(379) User=0.01s Sys=0.00s Real=0.00s
[152.156s][info][gc,start       ] GC(380) Pause Young (Allocation Failure)
[152.157s][info][gc,heap        ] GC(380) PSYoungGen: 294976K(312832K)->64K(313344K) Eden: 294912K(294912K)->0K(299008K) From: 64K(17920K)->64K(14336K)
[152.157s][info][gc,heap        ] GC(380) ParOldGen: 438983K(439296K)->438999K(439296K)
[152.157s][info][gc,metaspace   ] GC(380) Metaspace: 35125K(35776K)->35125K(35776K) NonClass: 28866K(29312K)->28866K(29312K) Class: 6259K(6464K)->6259K(6464K)
[152.157s][info][gc             ] GC(380) Pause Young (Allocation Failure) 716M->428M(735M) 1.631ms
[152.157s][info][gc,cpu         ] GC(380) User=0.00s Sys=0.00s Real=0.00s
[152.385s][info][gc,start       ] GC(381) Pause Young (Allocation Failure)
[152.386s][info][gc,heap        ] GC(381) PSYoungGen: 299072K(313344K)->64K(314880K) Eden: 299008K(299008K)->0K(299008K) From: 64K(14336K)->64K(15872K)
[152.386s][info][gc,heap        ] GC(381) ParOldGen: 438999K(439296K)->438999K(439296K)
[152.386s][info][gc,metaspace   ] GC(381) Metaspace: 35129K(35776K)->35129K(35776K) NonClass: 28869K(29312K)->28869K(29312K) Class: 6259K(6464K)->6259K(6464K)
[152.386s][info][gc             ] GC(381) Pause Young (Allocation Failure) 720M->428M(736M) 1.696ms
[152.386s][info][gc,cpu         ] GC(381) User=0.00s Sys=0.00s Real=0.00s
[152.474s][info][gc,start       ] GC(382) Pause Young (Allocation Failure)
[152.476s][info][gc,heap        ] GC(382) PSYoungGen: 299072K(314880K)->64K(315392K) Eden: 299008K(299008K)->0K(303104K) From: 64K(15872K)->64K(12288K)
[152.476s][info][gc,heap        ] GC(382) ParOldGen: 438999K(439296K)->439007K(439296K)
[152.476s][info][gc,metaspace   ] GC(382) Metaspace: 35129K(35776K)->35129K(35776K) NonClass: 28869K(29312K)->28869K(29312K) Class: 6259K(6464K)->6259K(6464K)
[152.476s][info][gc             ] GC(382) Pause Young (Allocation Failure) 720M->428M(737M) 1.673ms
[152.476s][info][gc,cpu         ] GC(382) User=0.00s Sys=0.00s Real=0.00s
[152.612s][info][gc,start       ] GC(383) Pause Young (Allocation Failure)
[152.614s][info][gc,heap        ] GC(383) PSYoungGen: 303168K(315392K)->64K(316928K) Eden: 303104K(303104K)->0K(303104K) From: 64K(12288K)->64K(13824K)
[152.614s][info][gc,heap        ] GC(383) ParOldGen: 439007K(439296K)->439015K(439296K)
[152.614s][info][gc,metaspace   ] GC(383) Metaspace: 35129K(35776K)->35129K(35776K) NonClass: 28869K(29312K)->28869K(29312K) Class: 6259K(6464K)->6259K(6464K)
[152.614s][info][gc             ] GC(383) Pause Young (Allocation Failure) 724M->428M(738M) 1.670ms
[152.614s][info][gc,cpu         ] GC(383) User=0.01s Sys=0.00s Real=0.00s
[152.998s][info][gc,start       ] GC(384) Pause Young (Allocation Failure)
[152.999s][info][gc,heap        ] GC(384) PSYoungGen: 303168K(316928K)->64K(317440K) Eden: 303104K(303104K)->0K(306688K) From: 64K(13824K)->64K(10752K)
[152.999s][info][gc,heap        ] GC(384) ParOldGen: 439015K(439296K)->439023K(439296K)
[152.999s][info][gc,metaspace   ] GC(384) Metaspace: 35129K(35776K)->35129K(35776K) NonClass: 28869K(29312K)->28869K(29312K) Class: 6259K(6464K)->6259K(6464K)
[152.999s][info][gc             ] GC(384) Pause Young (Allocation Failure) 724M->428M(739M) 1.695ms
[152.999s][info][gc,cpu         ] GC(384) User=0.00s Sys=0.00s Real=0.00s
[153.731s][info][gc,start       ] GC(385) Pause Young (Allocation Failure)
[153.733s][info][gc,heap        ] GC(385) PSYoungGen: 306752K(317440K)->64K(294912K) Eden: 306688K(306688K)->0K(294400K) From: 64K(10752K)->64K(512K)
[153.733s][info][gc,heap        ] GC(385) ParOldGen: 439023K(439296K)->439031K(439296K)
[153.733s][info][gc,metaspace   ] GC(385) Metaspace: 35129K(35776K)->35129K(35776K) NonClass: 28869K(29312K)->28869K(29312K) Class: 6259K(6464K)->6259K(6464K)
[153.733s][info][gc             ] GC(385) Pause Young (Allocation Failure) 728M->428M(717M) 2.285ms
[153.733s][info][gc,cpu         ] GC(385) User=0.00s Sys=0.01s Real=0.00s
[154.709s][info][gc,start       ] GC(386) Pause Young (Allocation Failure)
[154.711s][info][gc,heap        ] GC(386) PSYoungGen: 294464K(294912K)->64K(283136K) Eden: 294400K(294400K)->0K(282624K) From: 64K(512K)->64K(512K)
[154.711s][info][gc,heap        ] GC(386) ParOldGen: 439031K(439296K)->439039K(439296K)
[154.711s][info][gc,metaspace   ] GC(386) Metaspace: 35129K(35776K)->35129K(35776K) NonClass: 28869K(29312K)->28869K(29312K) Class: 6259K(6464K)->6259K(6464K)
[154.711s][info][gc             ] GC(386) Pause Young (Allocation Failure) 716M->428M(705M) 2.297ms
[154.711s][info][gc,cpu         ] GC(386) User=0.00s Sys=0.00s Real=0.00s
[155.167s][info][gc,start       ] GC(387) Pause Young (Allocation Failure)
[155.170s][info][gc,heap        ] GC(387) PSYoungGen: 282688K(283136K)->64K(282112K) Eden: 282624K(282624K)->0K(271360K) From: 64K(512K)->64K(10752K)
[155.170s][info][gc,heap        ] GC(387) ParOldGen: 439039K(439296K)->439055K(439296K)
[155.170s][info][gc,metaspace   ] GC(387) Metaspace: 35129K(35776K)->35129K(35776K) NonClass: 28869K(29312K)->28869K(29312K) Class: 6259K(6464K)->6259K(6464K)
[155.170s][info][gc             ] GC(387) Pause Young (Allocation Failure) 704M->428M(704M) 3.105ms
[155.170s][info][gc,cpu         ] GC(387) User=0.01s Sys=0.00s Real=0.00s
[156.204s][info][gc,start       ] GC(388) Pause Young (Allocation Failure)
[156.207s][info][gc,heap        ] GC(388) PSYoungGen: 271424K(282112K)->64K(261120K) Eden: 271360K(271360K)->0K(260608K) From: 64K(10752K)->64K(512K)
[156.207s][info][gc,heap        ] GC(388) ParOldGen: 439055K(439296K)->439071K(439296K)
[156.207s][info][gc,metaspace   ] GC(388) Metaspace: 35129K(35776K)->35129K(35776K) NonClass: 28869K(29312K)->28869K(29312K) Class: 6259K(6464K)->6259K(6464K)
[156.207s][info][gc             ] GC(388) Pause Young (Allocation Failure) 693M->428M(684M) 3.491ms
[156.207s][info][gc,cpu         ] GC(388) User=0.00s Sys=0.00s Real=0.01s
[156.433s][info][gc,start       ] GC(389) Pause Young (Allocation Failure)
[156.436s][info][gc,heap        ] GC(389) PSYoungGen: 260672K(261120K)->64K(259584K) Eden: 260608K(260608K)->0K(250368K) From: 64K(512K)->64K(9216K)
[156.436s][info][gc,heap        ] GC(389) ParOldGen: 439071K(439296K)->439079K(439296K)
[156.436s][info][gc,metaspace   ] GC(389) Metaspace: 35129K(35776K)->35129K(35776K) NonClass: 28869K(29312K)->28869K(29312K) Class: 6259K(6464K)->6259K(6464K)
[156.436s][info][gc             ] GC(389) Pause Young (Allocation Failure) 683M->428M(682M) 2.431ms
[156.436s][info][gc,cpu         ] GC(389) User=0.01s Sys=0.00s Real=0.01s
[156.810s][info][gc,start       ] GC(390) Pause Young (Allocation Failure)
[156.813s][info][gc,heap        ] GC(390) PSYoungGen: 250432K(259584K)->64K(241152K) Eden: 250368K(250368K)->0K(240640K) From: 64K(9216K)->64K(512K)
[156.813s][info][gc,heap        ] GC(390) ParOldGen: 439079K(439296K)->439087K(439296K)
[156.813s][info][gc,metaspace   ] GC(390) Metaspace: 35129K(35776K)->35129K(35776K) NonClass: 28869K(29312K)->28869K(29312K) Class: 6259K(6464K)->6259K(6464K)
[156.813s][info][gc             ] GC(390) Pause Young (Allocation Failure) 673M->428M(664M) 2.574ms
[156.813s][info][gc,cpu         ] GC(390) User=0.00s Sys=0.00s Real=0.00s
[156.873s][info][gc,start       ] GC(391) Pause Young (Allocation Failure)
[156.875s][info][gc,heap        ] GC(391) PSYoungGen: 240704K(241152K)->32K(284160K) Eden: 240640K(240640K)->0K(275968K) From: 64K(512K)->32K(8192K)
[156.875s][info][gc,heap        ] GC(391) ParOldGen: 439087K(439296K)->439103K(439296K)
[156.875s][info][gc,metaspace   ] GC(391) Metaspace: 35129K(35776K)->35129K(35776K) NonClass: 28869K(29312K)->28869K(29312K) Class: 6259K(6464K)->6259K(6464K)
[156.875s][info][gc             ] GC(391) Pause Young (Allocation Failure) 663M->428M(706M) 1.778ms
[156.875s][info][gc,cpu         ] GC(391) User=0.01s Sys=0.00s Real=0.01s
[157.461s][info][gc,start       ] GC(392) Pause Young (Allocation Failure)
[157.462s][info][gc,heap        ] GC(392) PSYoungGen: 276000K(284160K)->64K(265728K) Eden: 275968K(275968K)->0K(265216K) From: 32K(8192K)->64K(512K)
[157.462s][info][gc,heap        ] GC(392) ParOldGen: 439103K(439296K)->439103K(439296K)
[157.462s][info][gc,metaspace   ] GC(392) Metaspace: 35129K(35776K)->35129K(35776K) NonClass: 28869K(29312K)->28869K(29312K) Class: 6259K(6464K)->6259K(6464K)
[157.462s][info][gc             ] GC(392) Pause Young (Allocation Failure) 698M->428M(688M) 1.790ms
[157.462s][info][gc,cpu         ] GC(392) User=0.00s Sys=0.00s Real=0.00s
[157.808s][info][gc,start       ] GC(393) Pause Young (Allocation Failure)
[157.810s][info][gc,heap        ] GC(393) PSYoungGen: 265280K(265728K)->64K(262144K) Eden: 265216K(265216K)->0K(254976K) From: 64K(512K)->64K(7168K)
[157.810s][info][gc,heap        ] GC(393) ParOldGen: 439103K(439296K)->439111K(439296K)
[157.810s][info][gc,metaspace   ] GC(393) Metaspace: 35129K(35776K)->35129K(35776K) NonClass: 28869K(29312K)->28869K(29312K) Class: 6259K(6464K)->6259K(6464K)
[157.810s][info][gc             ] GC(393) Pause Young (Allocation Failure) 687M->428M(685M) 1.633ms
[157.810s][info][gc,cpu         ] GC(393) User=0.00s Sys=0.00s Real=0.00s
[158.150s][info][gc,start       ] GC(394) Pause Young (Allocation Failure)
[158.196s][info][gc,heap        ] GC(394) PSYoungGen: 255040K(262144K)->6656K(285184K) Eden: 254976K(254976K)->0K(278528K) From: 64K(7168K)->6656K(6656K)
[158.196s][info][gc,heap        ] GC(394) ParOldGen: 439111K(439296K)->448495K(448512K)
[158.196s][info][gc,metaspace   ] GC(394) Metaspace: 35129K(35776K)->35129K(35776K) NonClass: 28869K(29312K)->28869K(29312K) Class: 6259K(6464K)->6259K(6464K)
[158.196s][info][gc             ] GC(394) Pause Young (Allocation Failure) 677M->444M(716M) 45.763ms
[158.196s][info][gc,cpu         ] GC(394) User=0.06s Sys=0.01s Real=0.05s
[158.501s][info][gc,start       ] GC(395) Pause Young (Allocation Failure)
[158.562s][info][gc,heap        ] GC(395) PSYoungGen: 285184K(285184K)->11776K(290304K) Eden: 278528K(278528K)->0K(278528K) From: 6656K(6656K)->11776K(11776K)
[158.562s][info][gc,heap        ] GC(395) ParOldGen: 448495K(448512K)->466559K(466944K)
[158.562s][info][gc,metaspace   ] GC(395) Metaspace: 35129K(35776K)->35129K(35776K) NonClass: 28869K(29312K)->28869K(29312K) Class: 6259K(6464K)->6259K(6464K)
[158.562s][info][gc             ] GC(395) Pause Young (Allocation Failure) 716M->467M(739M) 61.228ms
[158.562s][info][gc,cpu         ] GC(395) User=0.11s Sys=0.01s Real=0.06s
[158.818s][info][gc,start       ] GC(396) Pause Young (Allocation Failure)
[158.873s][info][gc,heap        ] GC(396) PSYoungGen: 290304K(290304K)->20992K(301568K) Eden: 278528K(278528K)->0K(280576K) From: 11776K(11776K)->20992K(20992K)
[158.873s][info][gc,heap        ] GC(396) ParOldGen: 466559K(466944K)->469647K(470016K)
[158.873s][info][gc,metaspace   ] GC(396) Metaspace: 35129K(35776K)->35129K(35776K) NonClass: 28869K(29312K)->28869K(29312K) Class: 6259K(6464K)->6259K(6464K)
[158.873s][info][gc             ] GC(396) Pause Young (Allocation Failure) 739M->479M(753M) 55.022ms
[158.873s][info][gc,cpu         ] GC(396) User=0.09s Sys=0.02s Real=0.05s
[158.985s][info][gc,start       ] GC(397) Pause Young (Allocation Failure)
[158.988s][info][gc,heap        ] GC(397) PSYoungGen: 301568K(301568K)->64K(307200K) Eden: 280576K(280576K)->0K(280576K) From: 20992K(20992K)->64K(26624K)
[158.988s][info][gc,heap        ] GC(397) ParOldGen: 469647K(470016K)->469743K(470016K)
[158.988s][info][gc,metaspace   ] GC(397) Metaspace: 35129K(35776K)->35129K(35776K) NonClass: 28869K(29312K)->28869K(29312K) Class: 6259K(6464K)->6259K(6464K)
[158.988s][info][gc             ] GC(397) Pause Young (Allocation Failure) 753M->458M(759M) 2.401ms
[158.988s][info][gc,cpu         ] GC(397) User=0.00s Sys=0.00s Real=0.00s
[159.708s][info][gc,start       ] GC(398) Pause Young (Allocation Failure)
[159.710s][info][gc,heap        ] GC(398) PSYoungGen: 280640K(307200K)->64K(304128K) Eden: 280576K(280576K)->0K(281600K) From: 64K(26624K)->64K(22528K)
[159.710s][info][gc,heap        ] GC(398) ParOldGen: 469743K(470016K)->469759K(470016K)
[159.710s][info][gc,metaspace   ] GC(398) Metaspace: 35129K(35776K)->35129K(35776K) NonClass: 28869K(29312K)->28869K(29312K) Class: 6259K(6464K)->6259K(6464K)
[159.710s][info][gc             ] GC(398) Pause Young (Allocation Failure) 732M->458M(756M) 2.031ms
[159.711s][info][gc,cpu         ] GC(398) User=0.00s Sys=0.00s Real=0.00s
[160.059s][info][gc,start       ] GC(399) Pause Young (Allocation Failure)
[160.061s][info][gc,heap        ] GC(399) PSYoungGen: 281664K(304128K)->64K(306176K) Eden: 281600K(281600K)->0K(281600K) From: 64K(22528K)->64K(24576K)
[160.061s][info][gc,heap        ] GC(399) ParOldGen: 469759K(470016K)->469759K(470016K)
[160.061s][info][gc,metaspace   ] GC(399) Metaspace: 35129K(35776K)->35129K(35776K) NonClass: 28869K(29312K)->28869K(29312K) Class: 6259K(6464K)->6259K(6464K)
[160.061s][info][gc             ] GC(399) Pause Young (Allocation Failure) 733M->458M(758M) 1.831ms
[160.061s][info][gc,cpu         ] GC(399) User=0.00s Sys=0.00s Real=0.00s
[160.482s][info][gc,start       ] GC(400) Pause Young (Allocation Failure)
[160.483s][info][gc,heap        ] GC(400) PSYoungGen: 281664K(306176K)->64K(306688K) Eden: 281600K(281600K)->0K(285184K) From: 64K(24576K)->64K(21504K)
[160.483s][info][gc,heap        ] GC(400) ParOldGen: 469759K(470016K)->469775K(470016K)
[160.483s][info][gc,metaspace   ] GC(400) Metaspace: 35129K(35776K)->35129K(35776K) NonClass: 28869K(29312K)->28869K(29312K) Class: 6259K(6464K)->6259K(6464K)
[160.483s][info][gc             ] GC(400) Pause Young (Allocation Failure) 733M->458M(758M) 1.786ms
[160.483s][info][gc,cpu         ] GC(400) User=0.00s Sys=0.00s Real=0.00s
[160.695s][info][gc,start       ] GC(401) Pause Young (Allocation Failure)
[160.696s][info][gc,heap        ] GC(401) PSYoungGen: 285248K(306688K)->64K(308224K) Eden: 285184K(285184K)->0K(285184K) From: 64K(21504K)->64K(23040K)
[160.696s][info][gc,heap        ] GC(401) ParOldGen: 469775K(470016K)->469791K(470016K)
[160.696s][info][gc,metaspace   ] GC(401) Metaspace: 35129K(35776K)->35129K(35776K) NonClass: 28869K(29312K)->28869K(29312K) Class: 6259K(6464K)->6259K(6464K)
[160.696s][info][gc             ] GC(401) Pause Young (Allocation Failure) 737M->458M(760M) 1.751ms
[160.696s][info][gc,cpu         ] GC(401) User=0.00s Sys=0.00s Real=0.00s
[160.907s][info][gc,start       ] GC(402) Pause Young (Allocation Failure)
[160.909s][info][gc,heap        ] GC(402) PSYoungGen: 285248K(308224K)->64K(307200K) Eden: 285184K(285184K)->0K(288768K) From: 64K(23040K)->64K(18432K)
[160.909s][info][gc,heap        ] GC(402) ParOldGen: 469791K(470016K)->469791K(470016K)
[160.909s][info][gc,metaspace   ] GC(402) Metaspace: 35129K(35776K)->35129K(35776K) NonClass: 28869K(29312K)->28869K(29312K) Class: 6259K(6464K)->6259K(6464K)
[160.909s][info][gc             ] GC(402) Pause Young (Allocation Failure) 737M->458M(759M) 2.061ms
[160.909s][info][gc,cpu         ] GC(402) User=0.01s Sys=0.00s Real=0.00s
[161.232s][info][gc,start       ] GC(403) Pause Young (Allocation Failure)
[161.233s][info][gc,heap        ] GC(403) PSYoungGen: 288832K(307200K)->64K(309248K) Eden: 288768K(288768K)->0K(288768K) From: 64K(18432K)->64K(20480K)
[161.234s][info][gc,heap        ] GC(403) ParOldGen: 469791K(470016K)->469791K(470016K)
[161.234s][info][gc,metaspace   ] GC(403) Metaspace: 35129K(35776K)->35129K(35776K) NonClass: 28869K(29312K)->28869K(29312K) Class: 6259K(6464K)->6259K(6464K)
[161.234s][info][gc             ] GC(403) Pause Young (Allocation Failure) 740M->458M(761M) 1.788ms
[161.234s][info][gc,cpu         ] GC(403) User=0.00s Sys=0.00s Real=0.00s
[161.288s][info][gc,start       ] GC(404) Pause Young (Allocation Failure)
[161.289s][info][gc,heap        ] GC(404) PSYoungGen: 288832K(309248K)->64K(310272K) Eden: 288768K(288768K)->0K(293888K) From: 64K(20480K)->64K(16384K)
[161.289s][info][gc,heap        ] GC(404) ParOldGen: 469791K(470016K)->469807K(470016K)
[161.289s][info][gc,metaspace   ] GC(404) Metaspace: 35129K(35776K)->35129K(35776K) NonClass: 28869K(29312K)->28869K(29312K) Class: 6259K(6464K)->6259K(6464K)
[161.289s][info][gc             ] GC(404) Pause Young (Allocation Failure) 740M->458M(762M) 1.693ms
[161.289s][info][gc,cpu         ] GC(404) User=0.01s Sys=0.00s Real=0.00s
[161.345s][info][gc,start       ] GC(405) Pause Young (Allocation Failure)
[161.347s][info][gc,heap        ] GC(405) PSYoungGen: 293952K(310272K)->64K(312320K) Eden: 293888K(293888K)->0K(293888K) From: 64K(16384K)->64K(18432K)
[161.347s][info][gc,heap        ] GC(405) ParOldGen: 469807K(470016K)->469807K(470016K)
[161.347s][info][gc,metaspace   ] GC(405) Metaspace: 35129K(35776K)->35129K(35776K) NonClass: 28869K(29312K)->28869K(29312K) Class: 6259K(6464K)->6259K(6464K)
[161.347s][info][gc             ] GC(405) Pause Young (Allocation Failure) 745M->458M(764M) 1.718ms
[161.347s][info][gc,cpu         ] GC(405) User=0.01s Sys=0.00s Real=0.00s
[161.590s][info][gc,start       ] GC(406) Pause Young (Allocation Failure)
[161.592s][info][gc,heap        ] GC(406) PSYoungGen: 293952K(312320K)->64K(312320K) Eden: 293888K(293888K)->0K(297984K) From: 64K(18432K)->64K(14336K)
[161.592s][info][gc,heap        ] GC(406) ParOldGen: 469807K(470016K)->469815K(470016K)
[161.592s][info][gc,metaspace   ] GC(406) Metaspace: 35137K(35776K)->35137K(35776K) NonClass: 28877K(29312K)->28877K(29312K) Class: 6259K(6464K)->6259K(6464K)
[161.592s][info][gc             ] GC(406) Pause Young (Allocation Failure) 745M->458M(764M) 1.742ms
[161.592s][info][gc,cpu         ] GC(406) User=0.00s Sys=0.00s Real=0.00s
[161.820s][info][gc,start       ] GC(407) Pause Young (Allocation Failure)
[161.821s][info][gc,heap        ] GC(407) PSYoungGen: 298048K(312320K)->64K(314368K) Eden: 297984K(297984K)->0K(297984K) From: 64K(14336K)->64K(16384K)
[161.821s][info][gc,heap        ] GC(407) ParOldGen: 469815K(470016K)->469823K(470016K)
[161.821s][info][gc,metaspace   ] GC(407) Metaspace: 35138K(35776K)->35138K(35776K) NonClass: 28879K(29312K)->28879K(29312K) Class: 6259K(6464K)->6259K(6464K)
[161.821s][info][gc             ] GC(407) Pause Young (Allocation Failure) 749M->458M(766M) 1.781ms
[161.822s][info][gc,cpu         ] GC(407) User=0.00s Sys=0.00s Real=0.00s
[161.923s][info][gc,start       ] GC(408) Pause Young (Allocation Failure)
[161.924s][info][gc,heap        ] GC(408) PSYoungGen: 298048K(314368K)->64K(315392K) Eden: 297984K(297984K)->0K(302080K) From: 64K(16384K)->64K(13312K)
[161.924s][info][gc,heap        ] GC(408) ParOldGen: 469823K(470016K)->469831K(470016K)
[161.924s][info][gc,metaspace   ] GC(408) Metaspace: 35138K(35776K)->35138K(35776K) NonClass: 28879K(29312K)->28879K(29312K) Class: 6259K(6464K)->6259K(6464K)
[161.924s][info][gc             ] GC(408) Pause Young (Allocation Failure) 749M->458M(767M) 1.576ms
[161.924s][info][gc,cpu         ] GC(408) User=0.00s Sys=0.00s Real=0.00s
[162.040s][info][gc,start       ] GC(409) Pause Young (Allocation Failure)
[162.042s][info][gc,heap        ] GC(409) PSYoungGen: 302144K(315392K)->64K(316928K) Eden: 302080K(302080K)->0K(302080K) From: 64K(13312K)->64K(14848K)
[162.042s][info][gc,heap        ] GC(409) ParOldGen: 469831K(470016K)->469839K(470016K)
[162.042s][info][gc,metaspace   ] GC(409) Metaspace: 35138K(35776K)->35138K(35776K) NonClass: 28879K(29312K)->28879K(29312K) Class: 6259K(6464K)->6259K(6464K)
[162.042s][info][gc             ] GC(409) Pause Young (Allocation Failure) 753M->458M(768M) 1.654ms
[162.042s][info][gc,cpu         ] GC(409) User=0.00s Sys=0.00s Real=0.00s
[162.291s][info][gc,start       ] GC(410) Pause Young (Allocation Failure)
[162.293s][info][gc,heap        ] GC(410) PSYoungGen: 302144K(316928K)->64K(316416K) Eden: 302080K(302080K)->0K(305152K) From: 64K(14848K)->64K(11264K)
[162.293s][info][gc,heap        ] GC(410) ParOldGen: 469839K(470016K)->469847K(470016K)
[162.293s][info][gc,metaspace   ] GC(410) Metaspace: 35138K(35776K)->35138K(35776K) NonClass: 28879K(29312K)->28879K(29312K) Class: 6259K(6464K)->6259K(6464K)
[162.293s][info][gc             ] GC(410) Pause Young (Allocation Failure) 753M->458M(768M) 1.682ms
[162.293s][info][gc,cpu         ] GC(410) User=0.00s Sys=0.01s Real=0.00s
[163.141s][info][gc,start       ] GC(411) Pause Young (Allocation Failure)
[163.143s][info][gc,heap        ] GC(411) PSYoungGen: 305216K(316416K)->83K(293376K) Eden: 305152K(305152K)->0K(292864K) From: 64K(11264K)->83K(512K)
[163.143s][info][gc,heap        ] GC(411) ParOldGen: 469847K(470016K)->469855K(470016K)
[163.143s][info][gc,metaspace   ] GC(411) Metaspace: 35138K(35776K)->35138K(35776K) NonClass: 28879K(29312K)->28879K(29312K) Class: 6259K(6464K)->6259K(6464K)
[163.143s][info][gc             ] GC(411) Pause Young (Allocation Failure) 756M->458M(745M) 2.320ms
[163.143s][info][gc,cpu         ] GC(411) User=0.00s Sys=0.00s Real=0.00s
[164.049s][info][gc,start       ] GC(412) Pause Young (Allocation Failure)
[164.051s][info][gc,heap        ] GC(412) PSYoungGen: 292947K(293376K)->64K(281600K) Eden: 292864K(292864K)->0K(281088K) From: 83K(512K)->64K(512K)
[164.051s][info][gc,heap        ] GC(412) ParOldGen: 469855K(470016K)->469863K(470016K)
[164.051s][info][gc,metaspace   ] GC(412) Metaspace: 35138K(35776K)->35138K(35776K) NonClass: 28879K(29312K)->28879K(29312K) Class: 6259K(6464K)->6259K(6464K)
[164.051s][info][gc             ] GC(412) Pause Young (Allocation Failure) 744M->458M(734M) 2.199ms
[164.051s][info][gc,cpu         ] GC(412) User=0.00s Sys=0.00s Real=0.00s
[164.435s][info][gc,start       ] GC(413) Pause Young (Allocation Failure)
[164.437s][info][gc,heap        ] GC(413) PSYoungGen: 281152K(281600K)->64K(281088K) Eden: 281088K(281088K)->0K(269824K) From: 64K(512K)->64K(11264K)
[164.437s][info][gc,heap        ] GC(413) ParOldGen: 469863K(470016K)->469871K(470016K)
[164.437s][info][gc,metaspace   ] GC(413) Metaspace: 35138K(35776K)->35138K(35776K) NonClass: 28879K(29312K)->28879K(29312K) Class: 6259K(6464K)->6259K(6464K)
[164.437s][info][gc             ] GC(413) Pause Young (Allocation Failure) 733M->458M(733M) 1.628ms
[164.437s][info][gc,cpu         ] GC(413) User=0.00s Sys=0.00s Real=0.00s
[164.925s][info][gc,start       ] GC(414) Pause Young (Allocation Failure)
[164.928s][info][gc,heap        ] GC(414) PSYoungGen: 269888K(281088K)->64K(259584K) Eden: 269824K(269824K)->0K(259072K) From: 64K(11264K)->64K(512K)
[164.928s][info][gc,heap        ] GC(414) ParOldGen: 469871K(470016K)->469879K(470016K)
[164.928s][info][gc,metaspace   ] GC(414) Metaspace: 35138K(35776K)->35138K(35776K) NonClass: 28879K(29312K)->28879K(29312K) Class: 6259K(6464K)->6259K(6464K)
[164.928s][info][gc             ] GC(414) Pause Young (Allocation Failure) 722M->458M(712M) 2.814ms
[164.928s][info][gc,cpu         ] GC(414) User=0.01s Sys=0.00s Real=0.00s
[165.710s][info][gc,start       ] GC(415) Pause Young (Allocation Failure)
[165.712s][info][gc,heap        ] GC(415) PSYoungGen: 259136K(259584K)->64K(258560K) Eden: 259072K(259072K)->0K(248832K) From: 64K(512K)->64K(9728K)
[165.712s][info][gc,heap        ] GC(415) ParOldGen: 469879K(470016K)->469887K(470016K)
[165.712s][info][gc,metaspace   ] GC(415) Metaspace: 35138K(35776K)->35138K(35776K) NonClass: 28879K(29312K)->28879K(29312K) Class: 6259K(6464K)->6259K(6464K)
[165.712s][info][gc             ] GC(415) Pause Young (Allocation Failure) 711M->458M(711M) 1.903ms
[165.712s][info][gc,cpu         ] GC(415) User=0.00s Sys=0.00s Real=0.00s
[166.050s][info][gc,start       ] GC(416) Pause Young (Allocation Failure)
[166.053s][info][gc,heap        ] GC(416) PSYoungGen: 248896K(258560K)->64K(239616K) Eden: 248832K(248832K)->0K(239104K) From: 64K(9728K)->64K(512K)
[166.053s][info][gc,heap        ] GC(416) ParOldGen: 469887K(470016K)->469895K(470016K)
[166.053s][info][gc,metaspace   ] GC(416) Metaspace: 35138K(35776K)->35138K(35776K) NonClass: 28879K(29312K)->28879K(29312K) Class: 6259K(6464K)->6259K(6464K)
[166.053s][info][gc             ] GC(416) Pause Young (Allocation Failure) 701M->458M(693M) 3.173ms
[166.053s][info][gc,cpu         ] GC(416) User=0.01s Sys=0.00s Real=0.00s
[166.167s][info][gc,start       ] GC(417) Pause Young (Allocation Failure)
[166.169s][info][gc,heap        ] GC(417) PSYoungGen: 239168K(239616K)->64K(281600K) Eden: 239104K(239104K)->0K(272896K) From: 64K(512K)->64K(8704K)
[166.169s][info][gc,heap        ] GC(417) ParOldGen: 469895K(470016K)->469903K(470016K)
[166.169s][info][gc,metaspace   ] GC(417) Metaspace: 35138K(35776K)->35138K(35776K) NonClass: 28879K(29312K)->28879K(29312K) Class: 6259K(6464K)->6259K(6464K)
[166.170s][info][gc             ] GC(417) Pause Young (Allocation Failure) 692M->458M(734M) 2.990ms
[166.170s][info][gc,cpu         ] GC(417) User=0.00s Sys=0.00s Real=0.00s
[166.583s][info][gc,start       ] GC(418) Pause Young (Allocation Failure)
[166.586s][info][gc,heap        ] GC(418) PSYoungGen: 272960K(281600K)->64K(262656K) Eden: 272896K(272896K)->0K(262144K) From: 64K(8704K)->64K(512K)
[166.586s][info][gc,heap        ] GC(418) ParOldGen: 469903K(470016K)->469911K(470016K)
[166.586s][info][gc,metaspace   ] GC(418) Metaspace: 35138K(35776K)->35138K(35776K) NonClass: 28879K(29312K)->28879K(29312K) Class: 6259K(6464K)->6259K(6464K)
[166.586s][info][gc             ] GC(418) Pause Young (Allocation Failure) 725M->458M(715M) 3.120ms
[166.586s][info][gc,cpu         ] GC(418) User=0.01s Sys=0.00s Real=0.01s
[167.000s][info][gc,start       ] GC(419) Pause Young (Allocation Failure)
[167.003s][info][gc,heap        ] GC(419) PSYoungGen: 262208K(262656K)->32K(259072K) Eden: 262144K(262144K)->0K(251904K) From: 64K(512K)->32K(7168K)
[167.003s][info][gc,heap        ] GC(419) ParOldGen: 469911K(470016K)->469919K(470016K)
[167.003s][info][gc,metaspace   ] GC(419) Metaspace: 35138K(35776K)->35138K(35776K) NonClass: 28879K(29312K)->28879K(29312K) Class: 6259K(6464K)->6259K(6464K)
[167.003s][info][gc             ] GC(419) Pause Young (Allocation Failure) 714M->458M(712M) 3.143ms
[167.003s][info][gc,cpu         ] GC(419) User=0.00s Sys=0.00s Real=0.00s
[167.353s][info][gc,start       ] GC(420) Pause Young (Allocation Failure)
[167.372s][info][gc,heap        ] GC(420) PSYoungGen: 251936K(259072K)->6656K(286208K) Eden: 251904K(251904K)->0K(279552K) From: 32K(7168K)->6656K(6656K)
[167.372s][info][gc,heap        ] GC(420) ParOldGen: 469919K(470016K)->472239K(472576K)
[167.372s][info][gc,metaspace   ] GC(420) Metaspace: 35138K(35776K)->35138K(35776K) NonClass: 28879K(29312K)->28879K(29312K) Class: 6259K(6464K)->6259K(6464K)
[167.372s][info][gc             ] GC(420) Pause Young (Allocation Failure) 704M->467M(741M) 19.623ms
[167.372s][info][gc,cpu         ] GC(420) User=0.03s Sys=0.01s Real=0.02s
[167.671s][info][gc,start       ] GC(421) Pause Young (Allocation Failure)
[167.730s][info][gc,heap        ] GC(421) PSYoungGen: 286208K(286208K)->9216K(288768K) Eden: 279552K(279552K)->0K(279552K) From: 6656K(6656K)->9216K(9216K)
[167.730s][info][gc,heap        ] GC(421) ParOldGen: 472239K(472576K)->492711K(493056K)
[167.730s][info][gc,metaspace   ] GC(421) Metaspace: 35138K(35776K)->35138K(35776K) NonClass: 28879K(29312K)->28879K(29312K) Class: 6259K(6464K)->6259K(6464K)
[167.730s][info][gc             ] GC(421) Pause Young (Allocation Failure) 740M->490M(763M) 59.218ms
[167.730s][info][gc,cpu         ] GC(421) User=0.10s Sys=0.01s Real=0.06s
[168.029s][info][gc,start       ] GC(422) Pause Young (Allocation Failure)
[168.102s][info][gc,heap        ] GC(422) PSYoungGen: 288768K(288768K)->18944K(298496K) Eden: 279552K(279552K)->0K(279552K) From: 9216K(9216K)->18944K(18944K)
[168.102s][info][gc,heap        ] GC(422) ParOldGen: 492711K(493056K)->504103K(504320K)
[168.102s][info][gc,metaspace   ] GC(422) Metaspace: 35138K(35776K)->35138K(35776K) NonClass: 28879K(29312K)->28879K(29312K) Class: 6259K(6464K)->6259K(6464K)
[168.102s][info][gc             ] GC(422) Pause Young (Allocation Failure) 763M->510M(784M) 72.766ms
[168.102s][info][gc,cpu         ] GC(422) User=0.11s Sys=0.03s Real=0.07s
[168.188s][info][gc,start       ] GC(423) Pause Young (Allocation Failure)
[168.194s][info][gc,heap        ] GC(423) PSYoungGen: 298496K(298496K)->832K(306688K) Eden: 279552K(279552K)->0K(279552K) From: 18944K(18944K)->832K(27136K)
[168.194s][info][gc,heap        ] GC(423) ParOldGen: 504103K(504320K)->504503K(504832K)
[168.194s][info][gc,metaspace   ] GC(423) Metaspace: 35138K(35776K)->35138K(35776K) NonClass: 28879K(29312K)->28879K(29312K) Class: 6259K(6464K)->6259K(6464K)
[168.194s][info][gc             ] GC(423) Pause Young (Allocation Failure) 783M->493M(792M) 6.048ms
[168.194s][info][gc,cpu         ] GC(423) User=0.01s Sys=0.01s Real=0.01s
[168.773s][info][gc,start       ] GC(424) Pause Young (Allocation Failure)
[168.775s][info][gc,heap        ] GC(424) PSYoungGen: 280384K(306688K)->64K(303616K) Eden: 279552K(279552K)->0K(280576K) From: 832K(27136K)->64K(23040K)
[168.775s][info][gc,heap        ] GC(424) ParOldGen: 504503K(504832K)->504511K(504832K)
[168.775s][info][gc,metaspace   ] GC(424) Metaspace: 35138K(35776K)->35138K(35776K) NonClass: 28879K(29312K)->28879K(29312K) Class: 6259K(6464K)->6259K(6464K)
[168.775s][info][gc             ] GC(424) Pause Young (Allocation Failure) 766M->492M(789M) 2.106ms
[168.775s][info][gc,cpu         ] GC(424) User=0.00s Sys=0.00s Real=0.01s
[169.235s][info][gc,start       ] GC(425) Pause Young (Allocation Failure)
[169.237s][info][gc,heap        ] GC(425) PSYoungGen: 280640K(303616K)->64K(305664K) Eden: 280576K(280576K)->0K(280576K) From: 64K(23040K)->64K(25088K)
[169.237s][info][gc,heap        ] GC(425) ParOldGen: 504511K(504832K)->504519K(504832K)
[169.237s][info][gc,metaspace   ] GC(425) Metaspace: 35138K(35776K)->35138K(35776K) NonClass: 28879K(29312K)->28879K(29312K) Class: 6259K(6464K)->6259K(6464K)
[169.237s][info][gc             ] GC(425) Pause Young (Allocation Failure) 766M->492M(791M) 1.812ms
[169.237s][info][gc,cpu         ] GC(425) User=0.00s Sys=0.00s Real=0.00s
[169.637s][info][gc,start       ] GC(426) Pause Young (Allocation Failure)
[169.639s][info][gc,heap        ] GC(426) PSYoungGen: 280640K(305664K)->64K(305664K) Eden: 280576K(280576K)->0K(284672K) From: 64K(25088K)->64K(20992K)
[169.639s][info][gc,heap        ] GC(426) ParOldGen: 504519K(504832K)->504535K(504832K)
[169.639s][info][gc,metaspace   ] GC(426) Metaspace: 35138K(35776K)->35138K(35776K) NonClass: 28879K(29312K)->28879K(29312K) Class: 6259K(6464K)->6259K(6464K)
[169.639s][info][gc             ] GC(426) Pause Young (Allocation Failure) 766M->492M(791M) 1.917ms
[169.639s][info][gc,cpu         ] GC(426) User=0.00s Sys=0.00s Real=0.00s
[169.844s][info][gc,start       ] GC(427) Pause Young (Allocation Failure)
[169.846s][info][gc,heap        ] GC(427) PSYoungGen: 284736K(305664K)->64K(307712K) Eden: 284672K(284672K)->0K(284672K) From: 64K(20992K)->64K(23040K)
[169.846s][info][gc,heap        ] GC(427) ParOldGen: 504535K(504832K)->504551K(504832K)
[169.846s][info][gc,metaspace   ] GC(427) Metaspace: 35138K(35776K)->35138K(35776K) NonClass: 28879K(29312K)->28879K(29312K) Class: 6259K(6464K)->6259K(6464K)
[169.846s][info][gc             ] GC(427) Pause Young (Allocation Failure) 770M->492M(793M) 1.827ms
[169.846s][info][gc,cpu         ] GC(427) User=0.00s Sys=0.00s Real=0.01s
[170.052s][info][gc,start       ] GC(428) Pause Young (Allocation Failure)
[170.054s][info][gc,heap        ] GC(428) PSYoungGen: 284736K(307712K)->64K(307712K) Eden: 284672K(284672K)->0K(288768K) From: 64K(23040K)->64K(18944K)
[170.054s][info][gc,heap        ] GC(428) ParOldGen: 504551K(504832K)->504551K(504832K)
[170.054s][info][gc,metaspace   ] GC(428) Metaspace: 35138K(35776K)->35138K(35776K) NonClass: 28879K(29312K)->28879K(29312K) Class: 6259K(6464K)->6259K(6464K)
[170.054s][info][gc             ] GC(428) Pause Young (Allocation Failure) 770M->492M(793M) 1.792ms
[170.054s][info][gc,cpu         ] GC(428) User=0.00s Sys=0.00s Real=0.00s
[170.396s][info][gc,start       ] GC(429) Pause Young (Allocation Failure)
[170.398s][info][gc,heap        ] GC(429) PSYoungGen: 288832K(307712K)->64K(309760K) Eden: 288768K(288768K)->0K(288768K) From: 64K(18944K)->64K(20992K)
[170.398s][info][gc,heap        ] GC(429) ParOldGen: 504551K(504832K)->504551K(504832K)
[170.398s][info][gc,metaspace   ] GC(429) Metaspace: 35138K(35776K)->35138K(35776K) NonClass: 28879K(29312K)->28879K(29312K) Class: 6259K(6464K)->6259K(6464K)
[170.398s][info][gc             ] GC(429) Pause Young (Allocation Failure) 774M->492M(795M) 1.735ms
[170.398s][info][gc,cpu         ] GC(429) User=0.00s Sys=0.00s Real=0.00s
[170.462s][info][gc,start       ] GC(430) Pause Young (Allocation Failure)
[170.464s][info][gc,heap        ] GC(430) PSYoungGen: 288832K(309760K)->64K(309760K) Eden: 288768K(288768K)->0K(292864K) From: 64K(20992K)->64K(16896K)
[170.464s][info][gc,heap        ] GC(430) ParOldGen: 504551K(504832K)->504559K(504832K)
[170.464s][info][gc,metaspace   ] GC(430) Metaspace: 35138K(35776K)->35138K(35776K) NonClass: 28879K(29312K)->28879K(29312K) Class: 6259K(6464K)->6259K(6464K)
[170.464s][info][gc             ] GC(430) Pause Young (Allocation Failure) 774M->492M(795M) 1.705ms
[170.464s][info][gc,cpu         ] GC(430) User=0.00s Sys=0.00s Real=0.00s
[170.518s][info][gc,start       ] GC(431) Pause Young (Allocation Failure)
[170.520s][info][gc,heap        ] GC(431) PSYoungGen: 292928K(309760K)->64K(311808K) Eden: 292864K(292864K)->0K(292864K) From: 64K(16896K)->64K(18944K)
[170.520s][info][gc,heap        ] GC(431) ParOldGen: 504559K(504832K)->504575K(504832K)
[170.520s][info][gc,metaspace   ] GC(431) Metaspace: 35138K(35776K)->35138K(35776K) NonClass: 28879K(29312K)->28879K(29312K) Class: 6259K(6464K)->6259K(6464K)
[170.520s][info][gc             ] GC(431) Pause Young (Allocation Failure) 778M->492M(797M) 1.634ms
[170.520s][info][gc,cpu         ] GC(431) User=0.01s Sys=0.00s Real=0.00s
[170.704s][info][gc,start       ] GC(432) Pause Young (Allocation Failure)
[170.706s][info][gc,heap        ] GC(432) PSYoungGen: 292928K(311808K)->64K(311808K) Eden: 292864K(292864K)->0K(296960K) From: 64K(18944K)->64K(14848K)
[170.706s][info][gc,heap        ] GC(432) ParOldGen: 504575K(504832K)->504575K(504832K)
[170.706s][info][gc,metaspace   ] GC(432) Metaspace: 35138K(35776K)->35138K(35776K) NonClass: 28879K(29312K)->28879K(29312K) Class: 6259K(6464K)->6259K(6464K)
[170.706s][info][gc             ] GC(432) Pause Young (Allocation Failure) 778M->492M(797M) 1.728ms
[170.706s][info][gc,cpu         ] GC(432) User=0.00s Sys=0.00s Real=0.01s
[170.946s][info][gc,start       ] GC(433) Pause Young (Allocation Failure)
[170.947s][info][gc,heap        ] GC(433) PSYoungGen: 297024K(311808K)->64K(313856K) Eden: 296960K(296960K)->0K(296960K) From: 64K(14848K)->64K(16896K)
[170.947s][info][gc,heap        ] GC(433) ParOldGen: 504575K(504832K)->504583K(504832K)
[170.947s][info][gc,metaspace   ] GC(433) Metaspace: 35138K(35776K)->35138K(35776K) NonClass: 28879K(29312K)->28879K(29312K) Class: 6259K(6464K)->6259K(6464K)
[170.947s][info][gc             ] GC(433) Pause Young (Allocation Failure) 782M->492M(799M) 1.780ms
[170.947s][info][gc,cpu         ] GC(433) User=0.00s Sys=0.00s Real=0.00s
[171.079s][info][gc,start       ] GC(434) Pause Young (Allocation Failure)
[171.081s][info][gc,heap        ] GC(434) PSYoungGen: 297024K(313856K)->64K(313856K) Eden: 296960K(296960K)->0K(301056K) From: 64K(16896K)->64K(12800K)
[171.081s][info][gc,heap        ] GC(434) ParOldGen: 504583K(504832K)->504591K(504832K)
[171.081s][info][gc,metaspace   ] GC(434) Metaspace: 35138K(35776K)->35138K(35776K) NonClass: 28879K(29312K)->28879K(29312K) Class: 6259K(6464K)->6259K(6464K)
[171.081s][info][gc             ] GC(434) Pause Young (Allocation Failure) 782M->492M(799M) 1.720ms
[171.081s][info][gc,cpu         ] GC(434) User=0.01s Sys=0.00s Real=0.00s
[171.170s][info][gc,start       ] GC(435) Pause Young (Allocation Failure)
[171.172s][info][gc,heap        ] GC(435) PSYoungGen: 301120K(313856K)->64K(315904K) Eden: 301056K(301056K)->0K(301056K) From: 64K(12800K)->64K(14848K)
[171.172s][info][gc,heap        ] GC(435) ParOldGen: 504591K(504832K)->504599K(504832K)
[171.172s][info][gc,metaspace   ] GC(435) Metaspace: 35138K(35776K)->35138K(35776K) NonClass: 28879K(29312K)->28879K(29312K) Class: 6259K(6464K)->6259K(6464K)
[171.172s][info][gc             ] GC(435) Pause Young (Allocation Failure) 786M->492M(801M) 2.014ms
[171.172s][info][gc,cpu         ] GC(435) User=0.01s Sys=0.00s Real=0.00s
[171.355s][info][gc,start       ] GC(436) Pause Young (Allocation Failure)
[171.357s][info][gc,heap        ] GC(436) PSYoungGen: 301120K(315904K)->64K(316928K) Eden: 301056K(301056K)->0K(305152K) From: 64K(14848K)->64K(11776K)
[171.357s][info][gc,heap        ] GC(436) ParOldGen: 504599K(504832K)->504607K(504832K)
[171.357s][info][gc,metaspace   ] GC(436) Metaspace: 35138K(35776K)->35138K(35776K) NonClass: 28879K(29312K)->28879K(29312K) Class: 6259K(6464K)->6259K(6464K)
[171.357s][info][gc             ] GC(436) Pause Young (Allocation Failure) 786M->492M(802M) 1.824ms
[171.357s][info][gc,cpu         ] GC(436) User=0.00s Sys=0.00s Real=0.00s
[172.306s][info][gc,start       ] GC(437) Pause Young (Allocation Failure)
[172.308s][info][gc,heap        ] GC(437) PSYoungGen: 305216K(316928K)->83K(318464K) Eden: 305152K(305152K)->0K(305152K) From: 64K(11776K)->83K(13312K)
[172.308s][info][gc,heap        ] GC(437) ParOldGen: 504607K(504832K)->504615K(504832K)
[172.308s][info][gc,metaspace   ] GC(437) Metaspace: 35138K(35776K)->35138K(35776K) NonClass: 28879K(29312K)->28879K(29312K) Class: 6259K(6464K)->6259K(6464K)
[172.308s][info][gc             ] GC(437) Pause Young (Allocation Failure) 790M->492M(804M) 1.853ms
[172.308s][info][gc,cpu         ] GC(437) User=0.01s Sys=0.01s Real=0.00s
[173.197s][info][gc,start       ] GC(438) Pause Young (Allocation Failure)
[173.200s][info][gc,heap        ] GC(438) PSYoungGen: 305235K(318464K)->64K(293376K) Eden: 305152K(305152K)->0K(292864K) From: 83K(13312K)->64K(512K)
[173.200s][info][gc,heap        ] GC(438) ParOldGen: 504615K(504832K)->504623K(504832K)
[173.200s][info][gc,metaspace   ] GC(438) Metaspace: 35138K(35776K)->35138K(35776K) NonClass: 28879K(29312K)->28879K(29312K) Class: 6259K(6464K)->6259K(6464K)
[173.200s][info][gc             ] GC(438) Pause Young (Allocation Failure) 790M->492M(779M) 2.658ms
[173.200s][info][gc,cpu         ] GC(438) User=0.01s Sys=0.00s Real=0.00s
[173.537s][info][gc,start       ] GC(439) Pause Young (Allocation Failure)
[173.539s][info][gc,heap        ] GC(439) PSYoungGen: 292928K(293376K)->64K(292352K) Eden: 292864K(292864K)->0K(281088K) From: 64K(512K)->64K(11264K)
[173.539s][info][gc,heap        ] GC(439) ParOldGen: 504623K(504832K)->504631K(504832K)
[173.539s][info][gc,metaspace   ] GC(439) Metaspace: 35138K(35776K)->35138K(35776K) NonClass: 28879K(29312K)->28879K(29312K) Class: 6259K(6464K)->6259K(6464K)
[173.539s][info][gc             ] GC(439) Pause Young (Allocation Failure) 778M->492M(778M) 1.861ms
[173.539s][info][gc,cpu         ] GC(439) User=0.00s Sys=0.00s Real=0.00s
[173.943s][info][gc,start       ] GC(440) Pause Young (Allocation Failure)
[173.945s][info][gc,heap        ] GC(440) PSYoungGen: 281152K(292352K)->64K(270336K) Eden: 281088K(281088K)->0K(269824K) From: 64K(11264K)->64K(512K)
[173.945s][info][gc,heap        ] GC(440) ParOldGen: 504631K(504832K)->504639K(504832K)
[173.945s][info][gc,metaspace   ] GC(440) Metaspace: 35138K(35776K)->35138K(35776K) NonClass: 28879K(29312K)->28879K(29312K) Class: 6259K(6464K)->6259K(6464K)
[173.945s][info][gc             ] GC(440) Pause Young (Allocation Failure) 767M->492M(757M) 2.235ms
[173.945s][info][gc,cpu         ] GC(440) User=0.00s Sys=0.00s Real=0.01s
[174.884s][info][gc,start       ] GC(441) Pause Young (Allocation Failure)
[174.886s][info][gc,heap        ] GC(441) PSYoungGen: 269888K(270336K)->64K(268800K) Eden: 269824K(269824K)->0K(259072K) From: 64K(512K)->64K(9728K)
[174.886s][info][gc,heap        ] GC(441) ParOldGen: 504639K(504832K)->504647K(504832K)
[174.886s][info][gc,metaspace   ] GC(441) Metaspace: 35138K(35776K)->35138K(35776K) NonClass: 28879K(29312K)->28879K(29312K) Class: 6259K(6464K)->6259K(6464K)
[174.886s][info][gc             ] GC(441) Pause Young (Allocation Failure) 756M->492M(755M) 1.869ms
[174.886s][info][gc,cpu         ] GC(441) User=0.00s Sys=0.00s Real=0.01s
[175.223s][info][gc,start       ] GC(442) Pause Young (Allocation Failure)
[175.225s][info][gc,heap        ] GC(442) PSYoungGen: 259136K(268800K)->64K(249344K) Eden: 259072K(259072K)->0K(248832K) From: 64K(9728K)->64K(512K)
[175.225s][info][gc,heap        ] GC(442) ParOldGen: 504647K(504832K)->504655K(504832K)
[175.225s][info][gc,metaspace   ] GC(442) Metaspace: 35138K(35776K)->35138K(35776K) NonClass: 28879K(29312K)->28879K(29312K) Class: 6259K(6464K)->6259K(6464K)
[175.225s][info][gc             ] GC(442) Pause Young (Allocation Failure) 745M->492M(736M) 1.977ms
[175.225s][info][gc,cpu         ] GC(442) User=0.00s Sys=0.00s Real=0.01s
[175.358s][info][gc,start       ] GC(443) Pause Young (Allocation Failure)
[175.361s][info][gc,heap        ] GC(443) PSYoungGen: 248896K(249344K)->64K(247808K) Eden: 248832K(248832K)->0K(239104K) From: 64K(512K)->64K(8704K)
[175.361s][info][gc,heap        ] GC(443) ParOldGen: 504655K(504832K)->504663K(504832K)
[175.361s][info][gc,metaspace   ] GC(443) Metaspace: 35138K(35776K)->35138K(35776K) NonClass: 28879K(29312K)->28879K(29312K) Class: 6259K(6464K)->6259K(6464K)
[175.361s][info][gc             ] GC(443) Pause Young (Allocation Failure) 735M->492M(735M) 3.066ms
[175.361s][info][gc,cpu         ] GC(443) User=0.00s Sys=0.00s Real=0.00s
[175.651s][info][gc,start       ] GC(444) Pause Young (Allocation Failure)
[175.654s][info][gc,heap        ] GC(444) PSYoungGen: 239168K(247808K)->64K(230400K) Eden: 239104K(239104K)->0K(229888K) From: 64K(8704K)->64K(512K)
[175.654s][info][gc,heap        ] GC(444) ParOldGen: 504663K(504832K)->504671K(504832K)
[175.654s][info][gc,metaspace   ] GC(444) Metaspace: 35138K(35776K)->35138K(35776K) NonClass: 28879K(29312K)->28879K(29312K) Class: 6259K(6464K)->6259K(6464K)
[175.654s][info][gc             ] GC(444) Pause Young (Allocation Failure) 726M->492M(718M) 3.103ms
[175.654s][info][gc,cpu         ] GC(444) User=0.01s Sys=0.00s Real=0.00s
[176.130s][info][gc,start       ] GC(445) Pause Young (Allocation Failure)
[176.132s][info][gc,heap        ] GC(445) PSYoungGen: 229952K(230400K)->64K(228864K) Eden: 229888K(229888K)->0K(221184K) From: 64K(512K)->64K(7680K)
[176.132s][info][gc,heap        ] GC(445) ParOldGen: 504671K(504832K)->504679K(504832K)
[176.132s][info][gc,metaspace   ] GC(445) Metaspace: 35138K(35776K)->35138K(35776K) NonClass: 28879K(29312K)->28879K(29312K) Class: 6259K(6464K)->6259K(6464K)
[176.132s][info][gc             ] GC(445) Pause Young (Allocation Failure) 717M->492M(716M) 1.812ms
[176.132s][info][gc,cpu         ] GC(445) User=0.00s Sys=0.00s Real=0.00s
[176.405s][info][gc,start       ] GC(446) Pause Young (Allocation Failure)
[176.407s][info][gc,heap        ] GC(446) PSYoungGen: 221248K(228864K)->64K(213504K) Eden: 221184K(221184K)->0K(212992K) From: 64K(7680K)->64K(512K)
[176.408s][info][gc,heap        ] GC(446) ParOldGen: 504679K(504832K)->504687K(504832K)
[176.408s][info][gc,metaspace   ] GC(446) Metaspace: 35138K(35776K)->35138K(35776K) NonClass: 28879K(29312K)->28879K(29312K) Class: 6259K(6464K)->6259K(6464K)
[176.408s][info][gc             ] GC(446) Pause Young (Allocation Failure) 708M->492M(701M) 2.916ms
[176.408s][info][gc,cpu         ] GC(446) User=0.01s Sys=0.00s Real=0.00s
[176.659s][info][gc,start       ] GC(447) Pause Young (Allocation Failure)
[176.715s][info][gc,heap        ] GC(447) PSYoungGen: 213056K(213504K)->6656K(262656K) Eden: 212992K(212992K)->0K(256000K) From: 64K(512K)->6656K(6656K)
[176.715s][info][gc,heap        ] GC(447) ParOldGen: 504687K(504832K)->518271K(518656K)
[176.715s][info][gc,metaspace   ] GC(447) Metaspace: 35138K(35776K)->35138K(35776K) NonClass: 28879K(29312K)->28879K(29312K) Class: 6259K(6464K)->6259K(6464K)
[176.715s][info][gc             ] GC(447) Pause Young (Allocation Failure) 700M->512M(763M) 56.611ms
[176.715s][info][gc,cpu         ] GC(447) User=0.07s Sys=0.01s Real=0.06s
[176.995s][info][gc,start       ] GC(448) Pause Young (Allocation Failure)
[177.055s][info][gc,heap        ] GC(448) PSYoungGen: 262656K(262656K)->6656K(266752K) Eden: 256000K(256000K)->0K(260096K) From: 6656K(6656K)->6656K(6656K)
[177.055s][info][gc,heap        ] GC(448) ParOldGen: 518271K(518656K)->539239K(539648K)
[177.055s][info][gc,metaspace   ] GC(448) Metaspace: 35138K(35776K)->35138K(35776K) NonClass: 28879K(29312K)->28879K(29312K) Class: 6259K(6464K)->6259K(6464K)
[177.055s][info][gc             ] GC(448) Pause Young (Allocation Failure) 762M->533M(787M) 60.274ms
[177.055s][info][gc,cpu         ] GC(448) User=0.10s Sys=0.02s Real=0.06s
[177.292s][info][gc,start       ] GC(449) Pause Young (Allocation Failure)
[177.333s][info][gc,heap        ] GC(449) PSYoungGen: 266752K(266752K)->21504K(281600K) Eden: 260096K(260096K)->0K(260096K) From: 6656K(6656K)->21504K(21504K)
[177.333s][info][gc,heap        ] GC(449) ParOldGen: 539239K(539648K)->540103K(540160K)
[177.333s][info][gc,metaspace   ] GC(449) Metaspace: 35138K(35776K)->35138K(35776K) NonClass: 28879K(29312K)->28879K(29312K) Class: 6259K(6464K)->6259K(6464K)
[177.333s][info][gc             ] GC(449) Pause Young (Allocation Failure) 787M->548M(802M) 40.886ms
[177.333s][info][gc,cpu         ] GC(449) User=0.08s Sys=0.00s Real=0.04s
[177.424s][info][gc,start       ] GC(450) Pause Young (Allocation Failure)
[177.426s][info][gc,heap        ] GC(450) PSYoungGen: 281600K(281600K)->64K(308224K) Eden: 260096K(260096K)->0K(282112K) From: 21504K(21504K)->64K(26112K)
[177.426s][info][gc,heap        ] GC(450) ParOldGen: 540103K(540160K)->540119K(540160K)
[177.426s][info][gc,metaspace   ] GC(450) Metaspace: 35138K(35776K)->35138K(35776K) NonClass: 28879K(29312K)->28879K(29312K) Class: 6259K(6464K)->6259K(6464K)
[177.426s][info][gc             ] GC(450) Pause Young (Allocation Failure) 802M->527M(828M) 1.934ms
[177.426s][info][gc,cpu         ] GC(450) User=0.00s Sys=0.00s Real=0.01s
[178.105s][info][gc,start       ] GC(451) Pause Young (Allocation Failure)
[178.107s][info][gc,heap        ] GC(451) PSYoungGen: 282176K(308224K)->64K(282624K) Eden: 282112K(282112K)->0K(282112K) From: 64K(26112K)->64K(512K)
[178.107s][info][gc,heap        ] GC(451) ParOldGen: 540119K(540160K)->540127K(540160K)
[178.107s][info][gc,metaspace   ] GC(451) Metaspace: 35138K(35776K)->35138K(35776K) NonClass: 28879K(29312K)->28879K(29312K) Class: 6259K(6464K)->6259K(6464K)
[178.107s][info][gc             ] GC(451) Pause Young (Allocation Failure) 803M->527M(803M) 1.904ms
[178.107s][info][gc,cpu         ] GC(451) User=0.00s Sys=0.00s Real=0.00s
[178.289s][info][metaspace      ] ChkMgr @0x00007f1f7803aa80 (non-class-space): failed to commit 25 words on chunk @0x00007f1f78213aa0, f, base 0x00007f1f11ca0000, level lv10.
[178.289s][info][metaspace      ] Arena @0x00007f1f780d4be0 (non-class arena): failed to allocate new chunk for requested word size 25.
[178.289s][info][metaspace      ] Arena @0x00007f1f780d4be0 (non-class arena): allocation failed, returned null.
[178.289s][info][metaspace      ] ChkMgr @0x00007f1f7803aa80 (non-class-space): failed to commit 25 words on chunk @0x00007f1f78213aa0, f, base 0x00007f1f11ca0000, level lv10.
[178.289s][info][metaspace      ] Arena @0x00007f1f780d4be0 (non-class arena): failed to allocate new chunk for requested word size 25.
[178.289s][info][metaspace      ] Arena @0x00007f1f780d4be0 (non-class arena): allocation failed, returned null.
[178.289s][info][metaspace      ] ChkMgr @0x00007f1f7803aa80 (non-class-space): failed to commit 25 words on chunk @0x00007f1f78213aa0, f, base 0x00007f1f11ca0000, level lv10.
[178.289s][info][metaspace      ] Arena @0x00007f1f780d4be0 (non-class arena): failed to allocate new chunk for requested word size 25.
[178.289s][info][metaspace      ] Arena @0x00007f1f780d4be0 (non-class arena): allocation failed, returned null.
[178.289s][info][gc,start       ] GC(452) Pause Full (Metadata GC Threshold)
[178.289s][info][gc,phases,start] GC(452) Marking Phase
[178.339s][info][gc,phases      ] GC(452) Marking Phase 49.995ms
[178.339s][info][gc,phases,start] GC(452) Summary Phase
[178.339s][info][gc,phases      ] GC(452) Summary Phase 0.033ms
[178.339s][info][gc,phases,start] GC(452) Forward
[178.341s][info][gc,phases      ] GC(452) Forward 2.323ms
[178.341s][info][gc,phases,start] GC(452) Adjust Pointers
[178.365s][info][gc,phases      ] GC(452) Adjust Pointers 24.063ms
[178.366s][info][gc,phases,start] GC(452) Compaction Phase
[178.374s][info][gc,phases      ] GC(452) Compaction Phase 8.609ms
[178.374s][info][gc,phases,start] GC(452) Post Compact
[178.385s][info][metaspace      ] ChkMgr @0x00007f1f7803aa80 (non-class-space): : reclaiming memory...
[178.385s][info][metaspace      ] ChkMgr @0x00007f1f7803aa80 (non-class-space): nothing reclaimed.
[178.385s][info][metaspace      ] ChkMgr @0x00007f1f7803a890 (class-space): : reclaiming memory...
[178.385s][info][metaspace      ] ChkMgr @0x00007f1f7803a890 (class-space): nothing reclaimed.
[178.385s][info][gc,phases      ] GC(452) Post Compact 11.188ms
[178.385s][info][gc,heap        ] GC(452) PSYoungGen: 73405K(282624K)->0K(282624K) Eden: 73341K(282112K)->0K(282112K) From: 64K(512K)->0K(512K)
[178.385s][info][gc,heap        ] GC(452) ParOldGen: 540127K(540160K)->51804K(540160K)
[178.385s][info][gc,metaspace   ] GC(452) Metaspace: 35151K(35840K)->35117K(35840K) NonClass: 28891K(29376K)->28860K(29376K) Class: 6259K(6464K)->6256K(6464K)
[178.385s][info][gc             ] GC(452) Pause Full (Metadata GC Threshold) 599M->50M(803M) 96.490ms
[178.385s][info][gc,cpu         ] GC(452) User=0.12s Sys=0.02s Real=0.10s
[178.734s][info][gc,start       ] GC(453) Pause Young (Allocation Failure)
[178.735s][info][gc,heap        ] GC(453) PSYoungGen: 282112K(282624K)->160K(307712K) Eden: 282112K(282112K)->0K(283136K) From: 0K(512K)->160K(24576K)
[178.735s][info][gc,heap        ] GC(453) ParOldGen: 51804K(540160K)->51804K(540160K)
[178.735s][info][gc,metaspace   ] GC(453) Metaspace: 35209K(35904K)->35209K(35904K) NonClass: 28949K(29440K)->28949K(29440K) Class: 6259K(6464K)->6259K(6464K)
[178.735s][info][gc             ] GC(453) Pause Young (Allocation Failure) 326M->50M(828M) 1.383ms
[178.735s][info][gc,cpu         ] GC(453) User=0.00s Sys=0.00s Real=0.01s
[179.209s][info][gc,start       ] GC(454) Pause Young (Allocation Failure)
[179.210s][info][gc,heap        ] GC(454) PSYoungGen: 283296K(307712K)->64K(306688K) Eden: 283136K(283136K)->0K(283136K) From: 160K(24576K)->64K(23552K)
[179.210s][info][gc,heap        ] GC(454) ParOldGen: 51804K(540160K)->51908K(540160K)
[179.210s][info][gc,metaspace   ] GC(454) Metaspace: 35209K(35904K)->35209K(35904K) NonClass: 28949K(29440K)->28949K(29440K) Class: 6259K(6464K)->6259K(6464K)
[179.210s][info][gc             ] GC(454) Pause Young (Allocation Failure) 327M->50M(827M) 0.826ms
[179.210s][info][gc,cpu         ] GC(454) User=0.00s Sys=0.00s Real=0.00s
[179.401s][info][gc,start       ] GC(455) Pause Young (Allocation Failure)
[179.402s][info][gc,heap        ] GC(455) PSYoungGen: 283200K(306688K)->64K(309248K) Eden: 283136K(283136K)->0K(286720K) From: 64K(23552K)->64K(22528K)
[179.402s][info][gc,heap        ] GC(455) ParOldGen: 51908K(540160K)->51924K(540160K)
[179.402s][info][gc,metaspace   ] GC(455) Metaspace: 35209K(35904K)->35209K(35904K) NonClass: 28949K(29440K)->28949K(29440K) Class: 6259K(6464K)->6259K(6464K)
[179.402s][info][gc             ] GC(455) Pause Young (Allocation Failure) 327M->50M(829M) 0.665ms
[179.402s][info][gc,cpu         ] GC(455) User=0.00s Sys=0.00s Real=0.00s
[179.595s][info][gc,start       ] GC(456) Pause Young (Allocation Failure)
[179.595s][info][gc,heap        ] GC(456) PSYoungGen: 286784K(309248K)->64K(308224K) Eden: 286720K(286720K)->0K(286720K) From: 64K(22528K)->64K(21504K)
[179.595s][info][gc,heap        ] GC(456) ParOldGen: 51924K(540160K)->51924K(540160K)
[179.595s][info][gc,metaspace   ] GC(456) Metaspace: 35209K(35904K)->35209K(35904K) NonClass: 28949K(29440K)->28949K(29440K) Class: 6259K(6464K)->6259K(6464K)
[179.595s][info][gc             ] GC(456) Pause Young (Allocation Failure) 330M->50M(828M) 0.614ms
[179.596s][info][gc,cpu         ] GC(456) User=0.00s Sys=0.00s Real=0.00s
[179.901s][info][gc,start       ] GC(457) Pause Young (Allocation Failure)
[179.902s][info][gc,heap        ] GC(457) PSYoungGen: 286784K(308224K)->64K(311296K) Eden: 286720K(286720K)->0K(290816K) From: 64K(21504K)->64K(20480K)
[179.902s][info][gc,heap        ] GC(457) ParOldGen: 51924K(540160K)->51924K(540160K)
[179.902s][info][gc,metaspace   ] GC(457) Metaspace: 35209K(35904K)->35209K(35904K) NonClass: 28949K(29440K)->28949K(29440K) Class: 6259K(6464K)->6259K(6464K)
[179.902s][info][gc             ] GC(457) Pause Young (Allocation Failure) 330M->50M(831M) 0.636ms
[179.902s][info][gc,cpu         ] GC(457) User=0.00s Sys=0.00s Real=0.00s
[179.958s][info][gc,start       ] GC(458) Pause Young (Allocation Failure)
[179.959s][info][gc,heap        ] GC(458) PSYoungGen: 290880K(311296K)->64K(310272K) Eden: 290816K(290816K)->0K(290816K) From: 64K(20480K)->64K(19456K)
[179.959s][info][gc,heap        ] GC(458) ParOldGen: 51924K(540160K)->51940K(540160K)
[179.959s][info][gc,metaspace   ] GC(458) Metaspace: 35209K(35904K)->35209K(35904K) NonClass: 28949K(29440K)->28949K(29440K) Class: 6259K(6464K)->6259K(6464K)
[179.959s][info][gc             ] GC(458) Pause Young (Allocation Failure) 334M->50M(830M) 0.624ms
[179.959s][info][gc,cpu         ] GC(458) User=0.00s Sys=0.00s Real=0.00s
[180.013s][info][gc,start       ] GC(459) Pause Young (Allocation Failure)
[180.014s][info][gc,heap        ] GC(459) PSYoungGen: 290880K(310272K)->64K(313344K) Eden: 290816K(290816K)->0K(294912K) From: 64K(19456K)->64K(18432K)
[180.014s][info][gc,heap        ] GC(459) ParOldGen: 51940K(540160K)->51940K(540160K)
[180.014s][info][gc,metaspace   ] GC(459) Metaspace: 35209K(35904K)->35209K(35904K) NonClass: 28949K(29440K)->28949K(29440K) Class: 6259K(6464K)->6259K(6464K)
[180.014s][info][gc             ] GC(459) Pause Young (Allocation Failure) 334M->50M(833M) 0.580ms
[180.014s][info][gc,cpu         ] GC(459) User=0.00s Sys=0.00s Real=0.00s
[180.278s][info][gc,start       ] GC(460) Pause Young (Allocation Failure)
[180.278s][info][gc,heap        ] GC(460) PSYoungGen: 294976K(313344K)->64K(283648K) Eden: 294912K(294912K)->0K(283136K) From: 64K(18432K)->64K(512K)
[180.278s][info][gc,heap        ] GC(460) ParOldGen: 51940K(540160K)->51956K(540160K)
[180.278s][info][gc,metaspace   ] GC(460) Metaspace: 35209K(35904K)->35209K(35904K) NonClass: 28949K(29440K)->28949K(29440K) Class: 6259K(6464K)->6259K(6464K)
[180.278s][info][gc             ] GC(460) Pause Young (Allocation Failure) 338M->50M(804M) 0.723ms
[180.278s][info][gc,cpu         ] GC(460) User=0.00s Sys=0.00s Real=0.00s
[180.508s][info][gc,start       ] GC(461) Pause Young (Allocation Failure)
[180.509s][info][gc,heap        ] GC(461) PSYoungGen: 283200K(283648K)->64K(274944K) Eden: 283136K(283136K)->0K(271872K) From: 64K(512K)->64K(3072K)
[180.509s][info][gc,heap        ] GC(461) ParOldGen: 51956K(540160K)->51956K(540160K)
[180.509s][info][gc,metaspace   ] GC(461) Metaspace: 35209K(35904K)->35209K(35904K) NonClass: 28949K(29440K)->28949K(29440K) Class: 6259K(6464K)->6259K(6464K)
[180.509s][info][gc             ] GC(461) Pause Young (Allocation Failure) 327M->50M(796M) 0.739ms
[180.509s][info][gc,cpu         ] GC(461) User=0.00s Sys=0.00s Real=0.00s
[180.606s][info][gc,start       ] GC(462) Pause Young (Allocation Failure)
[180.606s][info][gc,heap        ] GC(462) PSYoungGen: 271936K(274944K)->64K(261632K) Eden: 271872K(271872K)->0K(261120K) From: 64K(3072K)->64K(512K)
[180.606s][info][gc,heap        ] GC(462) ParOldGen: 51956K(540160K)->51964K(540160K)
[180.606s][info][gc,metaspace   ] GC(462) Metaspace: 35209K(35904K)->35209K(35904K) NonClass: 28949K(29440K)->28949K(29440K) Class: 6259K(6464K)->6259K(6464K)
[180.606s][info][gc             ] GC(462) Pause Young (Allocation Failure) 316M->50M(783M) 0.646ms
[180.606s][info][gc,cpu         ] GC(462) User=0.00s Sys=0.00s Real=0.00s
[180.692s][info][gc,start       ] GC(463) Pause Young (Allocation Failure)
[180.693s][info][gc,heap        ] GC(463) PSYoungGen: 261184K(261632K)->64K(251392K) Eden: 261120K(261120K)->0K(250880K) From: 64K(512K)->64K(512K)
[180.693s][info][gc,heap        ] GC(463) ParOldGen: 51964K(540160K)->51972K(540160K)
[180.693s][info][gc,metaspace   ] GC(463) Metaspace: 35209K(35904K)->35209K(35904K) NonClass: 28949K(29440K)->28949K(29440K) Class: 6259K(6464K)->6259K(6464K)
[180.693s][info][gc             ] GC(463) Pause Young (Allocation Failure) 305M->50M(773M) 1.231ms
[180.693s][info][gc,cpu         ] GC(463) User=0.00s Sys=0.00s Real=0.00s
[180.853s][info][gc,start       ] GC(464) Pause Young (Allocation Failure)
[180.854s][info][gc,heap        ] GC(464) PSYoungGen: 250944K(251392K)->64K(254976K) Eden: 250880K(250880K)->0K(241152K) From: 64K(512K)->64K(13824K)
[180.854s][info][gc,heap        ] GC(464) ParOldGen: 51972K(540160K)->51980K(540160K)
[180.854s][info][gc,metaspace   ] GC(464) Metaspace: 35209K(35904K)->35209K(35904K) NonClass: 28949K(29440K)->28949K(29440K) Class: 6259K(6464K)->6259K(6464K)
[180.854s][info][gc             ] GC(464) Pause Young (Allocation Failure) 295M->50M(776M) 0.645ms
[180.854s][info][gc,cpu         ] GC(464) User=0.00s Sys=0.00s Real=0.00s
[181.241s][info][gc,start       ] GC(465) Pause Young (Allocation Failure)
[181.243s][info][gc,heap        ] GC(465) PSYoungGen: 241216K(254976K)->64K(232448K) Eden: 241152K(241152K)->0K(231936K) From: 64K(13824K)->64K(512K)
[181.243s][info][gc,heap        ] GC(465) ParOldGen: 51980K(540160K)->51988K(540160K)
[181.243s][info][gc,metaspace   ] GC(465) Metaspace: 35209K(35904K)->35209K(35904K) NonClass: 28949K(29440K)->28949K(29440K) Class: 6259K(6464K)->6259K(6464K)
[181.243s][info][gc             ] GC(465) Pause Young (Allocation Failure) 286M->50M(754M) 1.600ms
[181.243s][info][gc,cpu         ] GC(465) User=0.01s Sys=0.00s Real=0.00s
[181.919s][info][gc,start       ] GC(466) Pause Young (Allocation Failure)
[181.920s][info][gc,heap        ] GC(466) PSYoungGen: 232000K(232448K)->83K(235008K) Eden: 231936K(231936K)->0K(223232K) From: 64K(512K)->83K(11776K)
[181.920s][info][gc,heap        ] GC(466) ParOldGen: 51988K(540160K)->51996K(540160K)
[181.920s][info][gc,metaspace   ] GC(466) Metaspace: 35209K(35904K)->35209K(35904K) NonClass: 28949K(29440K)->28949K(29440K) Class: 6259K(6464K)->6259K(6464K)
[181.920s][info][gc             ] GC(466) Pause Young (Allocation Failure) 277M->50M(757M) 0.647ms
[181.920s][info][gc,cpu         ] GC(466) User=0.00s Sys=0.00s Real=0.00s
[182.850s][info][gc,start       ] GC(467) Pause Young (Allocation Failure)
[182.851s][info][gc,heap        ] GC(467) PSYoungGen: 223315K(235008K)->64K(215552K) Eden: 223232K(223232K)->0K(215040K) From: 83K(11776K)->64K(512K)
[182.851s][info][gc,heap        ] GC(467) ParOldGen: 51996K(540160K)->52004K(540160K)
[182.851s][info][gc,metaspace   ] GC(467) Metaspace: 35209K(35904K)->35209K(35904K) NonClass: 28949K(29440K)->28949K(29440K) Class: 6259K(6464K)->6259K(6464K)
[182.851s][info][gc             ] GC(467) Pause Young (Allocation Failure) 268M->50M(738M) 1.727ms
[182.851s][info][gc,cpu         ] GC(467) User=0.01s Sys=0.00s Real=0.00s
[183.132s][info][gc,start       ] GC(468) Pause Young (Allocation Failure)
[183.133s][info][gc,heap        ] GC(468) PSYoungGen: 215104K(215552K)->64K(217088K) Eden: 215040K(215040K)->0K(206848K) From: 64K(512K)->64K(10240K)
[183.133s][info][gc,heap        ] GC(468) ParOldGen: 52004K(540160K)->52012K(540160K)
[183.133s][info][gc,metaspace   ] GC(468) Metaspace: 35209K(35904K)->35209K(35904K) NonClass: 28949K(29440K)->28949K(29440K) Class: 6259K(6464K)->6259K(6464K)
[183.133s][info][gc             ] GC(468) Pause Young (Allocation Failure) 260M->50M(739M) 0.795ms
[183.133s][info][gc,cpu         ] GC(468) User=0.00s Sys=0.00s Real=0.00s
[183.477s][info][gc,start       ] GC(469) Pause Young (Allocation Failure)
[183.479s][info][gc,heap        ] GC(469) PSYoungGen: 206912K(217088K)->64K(199680K) Eden: 206848K(206848K)->0K(199168K) From: 64K(10240K)->64K(512K)
[183.479s][info][gc,heap        ] GC(469) ParOldGen: 52012K(540160K)->52028K(540160K)
[183.479s][info][gc,metaspace   ] GC(469) Metaspace: 35209K(35904K)->35209K(35904K) NonClass: 28949K(29440K)->28949K(29440K) Class: 6259K(6464K)->6259K(6464K)
[183.479s][info][gc             ] GC(469) Pause Young (Allocation Failure) 252M->50M(722M) 1.882ms
[183.479s][info][gc,cpu         ] GC(469) User=0.00s Sys=0.00s Real=0.00s
[184.455s][info][gc,start       ] GC(470) Pause Young (Allocation Failure)
[184.456s][info][gc,heap        ] GC(470) PSYoungGen: 199232K(199680K)->64K(201216K) Eden: 199168K(199168K)->0K(192000K) From: 64K(512K)->64K(9216K)
[184.456s][info][gc,heap        ] GC(470) ParOldGen: 52028K(540160K)->52036K(540160K)
[184.456s][info][gc,metaspace   ] GC(470) Metaspace: 35209K(35904K)->35209K(35904K) NonClass: 28949K(29440K)->28949K(29440K) Class: 6259K(6464K)->6259K(6464K)
[184.456s][info][gc             ] GC(470) Pause Young (Allocation Failure) 245M->50M(724M) 1.162ms
[184.456s][info][gc,cpu         ] GC(470) User=0.00s Sys=0.00s Real=0.00s
[184.639s][info][gc,start       ] GC(471) Pause Young (Allocation Failure)
[184.641s][info][gc,heap        ] GC(471) PSYoungGen: 192064K(201216K)->64K(185856K) Eden: 192000K(192000K)->0K(185344K) From: 64K(9216K)->64K(512K)
[184.641s][info][gc,heap        ] GC(471) ParOldGen: 52036K(540160K)->52044K(540160K)
[184.641s][info][gc,metaspace   ] GC(471) Metaspace: 35209K(35904K)->35209K(35904K) NonClass: 28949K(29440K)->28949K(29440K) Class: 6259K(6464K)->6259K(6464K)
[184.641s][info][gc             ] GC(471) Pause Young (Allocation Failure) 238M->50M(709M) 1.892ms
[184.641s][info][gc,cpu         ] GC(471) User=0.00s Sys=0.01s Real=0.00s
[184.943s][info][gc,start       ] GC(472) Pause Young (Allocation Failure)
[184.944s][info][gc,heap        ] GC(472) PSYoungGen: 185408K(185856K)->32K(186368K) Eden: 185344K(185344K)->0K(178688K) From: 64K(512K)->32K(7680K)
[184.944s][info][gc,heap        ] GC(472) ParOldGen: 52044K(540160K)->52052K(540160K)
[184.944s][info][gc,metaspace   ] GC(472) Metaspace: 35209K(35904K)->35209K(35904K) NonClass: 28949K(29440K)->28949K(29440K) Class: 6259K(6464K)->6259K(6464K)
[184.944s][info][gc             ] GC(472) Pause Young (Allocation Failure) 231M->50M(709M) 1.093ms
[184.944s][info][gc,cpu         ] GC(472) User=0.00s Sys=0.00s Real=0.00s
[185.091s][info][gc,start       ] GC(473) Pause Young (Allocation Failure)
[185.093s][info][gc,heap        ] GC(473) PSYoungGen: 178720K(186368K)->64K(173056K) Eden: 178688K(178688K)->0K(172544K) From: 32K(7680K)->64K(512K)
[185.093s][info][gc,heap        ] GC(473) ParOldGen: 52052K(540160K)->52060K(540160K)
[185.093s][info][gc,metaspace   ] GC(473) Metaspace: 35209K(35904K)->35209K(35904K) NonClass: 28949K(29440K)->28949K(29440K) Class: 6259K(6464K)->6259K(6464K)
[185.093s][info][gc             ] GC(473) Pause Young (Allocation Failure) 225M->50M(696M) 1.602ms
[185.093s][info][gc,cpu         ] GC(473) User=0.00s Sys=0.00s Real=0.00s
[185.136s][info][gc,start       ] GC(474) Pause Young (Allocation Failure)
[185.137s][info][gc,heap        ] GC(474) PSYoungGen: 172608K(173056K)->32K(173056K) Eden: 172544K(172544K)->0K(166400K) From: 64K(512K)->32K(6656K)
[185.137s][info][gc,heap        ] GC(474) ParOldGen: 52060K(540160K)->52076K(540160K)
[185.137s][info][gc,metaspace   ] GC(474) Metaspace: 35209K(35904K)->35209K(35904K) NonClass: 28949K(29440K)->28949K(29440K) Class: 6259K(6464K)->6259K(6464K)
[185.137s][info][gc             ] GC(474) Pause Young (Allocation Failure) 219M->50M(696M) 1.036ms
[185.137s][info][gc,cpu         ] GC(474) User=0.00s Sys=0.00s Real=0.00s
[185.366s][info][gc,start       ] GC(475) Pause Young (Allocation Failure)
[185.367s][info][gc,heap        ] GC(475) PSYoungGen: 166432K(173056K)->64K(161280K) Eden: 166400K(166400K)->0K(160768K) From: 32K(6656K)->64K(512K)
[185.367s][info][gc,heap        ] GC(475) ParOldGen: 52076K(540160K)->52076K(540160K)
[185.367s][info][gc,metaspace   ] GC(475) Metaspace: 35209K(35904K)->35209K(35904K) NonClass: 28949K(29440K)->28949K(29440K) Class: 6259K(6464K)->6259K(6464K)
[185.367s][info][gc             ] GC(475) Pause Young (Allocation Failure) 213M->50M(685M) 1.530ms
[185.367s][info][gc,cpu         ] GC(475) User=0.00s Sys=0.00s Real=0.00s
[185.825s][info][gc,start       ] GC(476) Pause Young (Allocation Failure)
[185.826s][info][gc,heap        ] GC(476) PSYoungGen: 160832K(161280K)->32K(160768K) Eden: 160768K(160768K)->0K(155136K) From: 64K(512K)->32K(5632K)
[185.826s][info][gc,heap        ] GC(476) ParOldGen: 52076K(540160K)->52092K(540160K)
[185.826s][info][gc,metaspace   ] GC(476) Metaspace: 35209K(35904K)->35209K(35904K) NonClass: 28949K(29440K)->28949K(29440K) Class: 6259K(6464K)->6259K(6464K)
[185.826s][info][gc             ] GC(476) Pause Young (Allocation Failure) 207M->50M(684M) 1.049ms
[185.826s][info][gc,cpu         ] GC(476) User=0.00s Sys=0.00s Real=0.00s
[185.966s][info][gc,start       ] GC(477) Pause Young (Allocation Failure)
[185.968s][info][gc,heap        ] GC(477) PSYoungGen: 155168K(160768K)->64K(150528K) Eden: 155136K(155136K)->0K(150016K) From: 32K(5632K)->64K(512K)
[185.968s][info][gc,heap        ] GC(477) ParOldGen: 52092K(540160K)->52092K(540160K)
[185.968s][info][gc,metaspace   ] GC(477) Metaspace: 35209K(35904K)->35209K(35904K) NonClass: 28949K(29440K)->28949K(29440K) Class: 6259K(6464K)->6259K(6464K)
[185.968s][info][gc             ] GC(477) Pause Young (Allocation Failure) 202M->50M(674M) 1.531ms
[185.968s][info][gc,cpu         ] GC(477) User=0.00s Sys=0.00s Real=0.00s
[186.193s][info][gc,start       ] GC(478) Pause Young (Allocation Failure)
[186.194s][info][gc,heap        ] GC(478) PSYoungGen: 150080K(150528K)->32K(150016K) Eden: 150016K(150016K)->0K(144896K) From: 64K(512K)->32K(5120K)
[186.194s][info][gc,heap        ] GC(478) ParOldGen: 52092K(540160K)->52108K(540160K)
[186.194s][info][gc,metaspace   ] GC(478) Metaspace: 35209K(35904K)->35209K(35904K) NonClass: 28949K(29440K)->28949K(29440K) Class: 6259K(6464K)->6259K(6464K)
[186.194s][info][gc             ] GC(478) Pause Young (Allocation Failure) 197M->50M(674M) 1.004ms
[186.194s][info][gc,cpu         ] GC(478) User=0.00s Sys=0.00s Real=0.00s
[186.403s][info][gc,start       ] GC(479) Pause Young (Allocation Failure)
[186.424s][info][gc,heap        ] GC(479) PSYoungGen: 144928K(150016K)->4608K(178688K) Eden: 144896K(144896K)->0K(174080K) From: 32K(5120K)->4608K(4608K)
[186.424s][info][gc,heap        ] GC(479) ParOldGen: 52108K(540160K)->59820K(540160K)
[186.424s][info][gc,metaspace   ] GC(479) Metaspace: 35209K(35904K)->35209K(35904K) NonClass: 28949K(29440K)->28949K(29440K) Class: 6259K(6464K)->6259K(6464K)
[186.424s][info][gc             ] GC(479) Pause Young (Allocation Failure) 192M->62M(702M) 21.804ms
[186.424s][info][gc,cpu         ] GC(479) User=0.04s Sys=0.00s Real=0.03s
[186.683s][info][gc,start       ] GC(480) Pause Young (Allocation Failure)
[186.716s][info][gc,heap        ] GC(480) PSYoungGen: 178688K(178688K)->8704K(217600K) Eden: 174080K(174080K)->0K(208896K) From: 4608K(4608K)->8704K(8704K)
[186.716s][info][gc,heap        ] GC(480) ParOldGen: 59820K(540160K)->69828K(540160K)
[186.716s][info][gc,metaspace   ] GC(480) Metaspace: 35209K(35904K)->35209K(35904K) NonClass: 28949K(29440K)->28949K(29440K) Class: 6259K(6464K)->6259K(6464K)
[186.716s][info][gc             ] GC(480) Pause Young (Allocation Failure) 232M->76M(740M) 33.517ms
[186.716s][info][gc,cpu         ] GC(480) User=0.06s Sys=0.00s Real=0.04s
[186.978s][info][gc,start       ] GC(481) Pause Young (Allocation Failure)
[187.020s][info][gc,heap        ] GC(481) PSYoungGen: 217600K(217600K)->14336K(217088K) Eden: 208896K(208896K)->0K(202752K) From: 8704K(8704K)->14336K(14336K)
[187.021s][info][gc,heap        ] GC(481) ParOldGen: 69828K(540160K)->77948K(540160K)
[187.021s][info][gc,metaspace   ] GC(481) Metaspace: 35209K(35904K)->35209K(35904K) NonClass: 28949K(29440K)->28949K(29440K) Class: 6259K(6464K)->6259K(6464K)
[187.021s][info][gc             ] GC(481) Pause Young (Allocation Failure) 280M->90M(739M) 42.495ms
[187.021s][info][gc,cpu         ] GC(481) User=0.08s Sys=0.00s Real=0.04s
[187.206s][info][gc,start       ] GC(482) Pause Young (Allocation Failure)
[187.233s][info][gc,heap        ] GC(482) PSYoungGen: 217088K(217088K)->16096K(223232K) Eden: 202752K(202752K)->0K(202752K) From: 14336K(14336K)->16096K(20480K)
[187.233s][info][gc,heap        ] GC(482) ParOldGen: 77948K(540160K)->78252K(540160K)
[187.233s][info][gc,metaspace   ] GC(482) Metaspace: 35209K(35904K)->35209K(35904K) NonClass: 28949K(29440K)->28949K(29440K) Class: 6259K(6464K)->6259K(6464K)
[187.233s][info][gc             ] GC(482) Pause Young (Allocation Failure) 288M->92M(745M) 27.404ms
[187.233s][info][gc,cpu         ] GC(482) User=0.05s Sys=0.00s Real=0.02s
[187.291s][info][gc,start       ] GC(483) Pause Young (Allocation Failure)
[187.291s][info][gc,heap        ] GC(483) PSYoungGen: 218848K(223232K)->64K(265728K) Eden: 202752K(202752K)->0K(243712K) From: 16096K(20480K)->64K(22016K)
[187.291s][info][gc,heap        ] GC(483) ParOldGen: 78252K(540160K)->78260K(540160K)
[187.291s][info][gc,metaspace   ] GC(483) Metaspace: 35209K(35904K)->35209K(35904K) NonClass: 28949K(29440K)->28949K(29440K) Class: 6259K(6464K)->6259K(6464K)
[187.291s][info][gc             ] GC(483) Pause Young (Allocation Failure) 290M->76M(787M) 0.740ms
[187.291s][info][gc,cpu         ] GC(483) User=0.00s Sys=0.01s Real=0.00s
[187.769s][info][gc,start       ] GC(484) Pause Young (Allocation Failure)
[187.770s][info][gc,heap        ] GC(484) PSYoungGen: 243776K(265728K)->64K(266240K) Eden: 243712K(243712K)->0K(243712K) From: 64K(22016K)->64K(22528K)
[187.770s][info][gc,heap        ] GC(484) ParOldGen: 78260K(540160K)->78268K(540160K)
[187.770s][info][gc,metaspace   ] GC(484) Metaspace: 35209K(35904K)->35209K(35904K) NonClass: 28949K(29440K)->28949K(29440K) Class: 6259K(6464K)->6259K(6464K)
[187.770s][info][gc             ] GC(484) Pause Young (Allocation Failure) 314M->76M(787M) 0.814ms
[187.770s][info][gc,cpu         ] GC(484) User=0.00s Sys=0.00s Real=0.00s
[188.296s][info][gc,start       ] GC(485) Pause Young (Allocation Failure)
[188.297s][info][gc,heap        ] GC(485) PSYoungGen: 243776K(266240K)->64K(310784K) Eden: 243712K(243712K)->0K(289792K) From: 64K(22528K)->64K(20992K)
[188.297s][info][gc,heap        ] GC(485) ParOldGen: 78268K(540160K)->78276K(540160K)
[188.297s][info][gc,metaspace   ] GC(485) Metaspace: 35209K(35904K)->35209K(35904K) NonClass: 28949K(29440K)->28949K(29440K) Class: 6259K(6464K)->6259K(6464K)
[188.297s][info][gc             ] GC(485) Pause Young (Allocation Failure) 314M->76M(831M) 0.918ms
[188.297s][info][gc,cpu         ] GC(485) User=0.00s Sys=0.00s Real=0.00s
[188.785s][info][gc,start       ] GC(486) Pause Young (Allocation Failure)
[188.786s][info][gc,heap        ] GC(486) PSYoungGen: 289856K(310784K)->64K(310784K) Eden: 289792K(289792K)->0K(289792K) From: 64K(20992K)->64K(20992K)
[188.786s][info][gc,heap        ] GC(486) ParOldGen: 78276K(540160K)->78292K(540160K)
[188.786s][info][gc,metaspace   ] GC(486) Metaspace: 35209K(35904K)->35209K(35904K) NonClass: 28949K(29440K)->28949K(29440K) Class: 6259K(6464K)->6259K(6464K)
[188.786s][info][gc             ] GC(486) Pause Young (Allocation Failure) 359M->76M(831M) 0.757ms
[188.786s][info][gc,cpu         ] GC(486) User=0.00s Sys=0.00s Real=0.00s
[188.986s][info][gc,start       ] GC(487) Pause Young (Allocation Failure)
[188.987s][info][gc,heap        ] GC(487) PSYoungGen: 289856K(310784K)->64K(311808K) Eden: 289792K(289792K)->0K(292864K) From: 64K(20992K)->64K(18944K)
[188.987s][info][gc,heap        ] GC(487) ParOldGen: 78292K(540160K)->78308K(540160K)
[188.987s][info][gc,metaspace   ] GC(487) Metaspace: 35209K(35904K)->35209K(35904K) NonClass: 28949K(29440K)->28949K(29440K) Class: 6259K(6464K)->6259K(6464K)
[188.987s][info][gc             ] GC(487) Pause Young (Allocation Failure) 359M->76M(832M) 0.740ms
[188.987s][info][gc,cpu         ] GC(487) User=0.00s Sys=0.00s Real=0.00s
[189.190s][info][gc,start       ] GC(488) Pause Young (Allocation Failure)
[189.191s][info][gc,heap        ] GC(488) PSYoungGen: 292928K(311808K)->64K(311808K) Eden: 292864K(292864K)->0K(292864K) From: 64K(18944K)->64K(18944K)
[189.191s][info][gc,heap        ] GC(488) ParOldGen: 78308K(540160K)->78308K(540160K)
[189.191s][info][gc,metaspace   ] GC(488) Metaspace: 35209K(35904K)->35209K(35904K) NonClass: 28949K(29440K)->28949K(29440K) Class: 6259K(6464K)->6259K(6464K)
[189.191s][info][gc             ] GC(488) Pause Young (Allocation Failure) 362M->76M(832M) 0.769ms
[189.191s][info][gc,cpu         ] GC(488) User=0.00s Sys=0.00s Real=0.00s
[189.522s][info][gc,start       ] GC(489) Pause Young (Allocation Failure)
[189.522s][info][gc,heap        ] GC(489) PSYoungGen: 292928K(311808K)->64K(313344K) Eden: 292864K(292864K)->0K(296448K) From: 64K(18944K)->64K(16896K)
[189.522s][info][gc,heap        ] GC(489) ParOldGen: 78308K(540160K)->78308K(540160K)
[189.522s][info][gc,metaspace   ] GC(489) Metaspace: 35209K(35904K)->35209K(35904K) NonClass: 28949K(29440K)->28949K(29440K) Class: 6259K(6464K)->6259K(6464K)
[189.522s][info][gc             ] GC(489) Pause Young (Allocation Failure) 362M->76M(833M) 0.760ms
[189.522s][info][gc,cpu         ] GC(489) User=0.00s Sys=0.00s Real=0.00s
[189.644s][info][gc,start       ] GC(490) Pause Young (Allocation Failure)
[189.645s][info][gc,heap        ] GC(490) PSYoungGen: 296512K(313344K)->64K(313856K) Eden: 296448K(296448K)->0K(296448K) From: 64K(16896K)->64K(17408K)
[189.645s][info][gc,heap        ] GC(490) ParOldGen: 78308K(540160K)->78316K(540160K)
[189.645s][info][gc,metaspace   ] GC(490) Metaspace: 35209K(35904K)->35209K(35904K) NonClass: 28949K(29440K)->28949K(29440K) Class: 6259K(6464K)->6259K(6464K)
[189.645s][info][gc             ] GC(490) Pause Young (Allocation Failure) 366M->76M(834M) 0.784ms
[189.645s][info][gc,cpu         ] GC(490) User=0.00s Sys=0.00s Real=0.01s
[189.701s][info][gc,start       ] GC(491) Pause Young (Allocation Failure)
[189.702s][info][gc,heap        ] GC(491) PSYoungGen: 296512K(313856K)->64K(314880K) Eden: 296448K(296448K)->0K(300032K) From: 64K(17408K)->64K(14848K)
[189.702s][info][gc,heap        ] GC(491) ParOldGen: 78316K(540160K)->78332K(540160K)
[189.702s][info][gc,metaspace   ] GC(491) Metaspace: 35209K(35904K)->35209K(35904K) NonClass: 28949K(29440K)->28949K(29440K) Class: 6259K(6464K)->6259K(6464K)
[189.702s][info][gc             ] GC(491) Pause Young (Allocation Failure) 366M->76M(835M) 0.719ms
[189.702s][info][gc,cpu         ] GC(491) User=0.00s Sys=0.00s Real=0.00s
[189.871s][info][gc,start       ] GC(492) Pause Young (Allocation Failure)
[189.872s][info][gc,heap        ] GC(492) PSYoungGen: 300096K(314880K)->64K(288256K) Eden: 300032K(300032K)->0K(287744K) From: 64K(14848K)->64K(512K)
[189.872s][info][gc,heap        ] GC(492) ParOldGen: 78332K(540160K)->78332K(540160K)
[189.872s][info][gc,metaspace   ] GC(492) Metaspace: 35209K(35904K)->35209K(35904K) NonClass: 28949K(29440K)->28949K(29440K) Class: 6259K(6464K)->6259K(6464K)
[189.872s][info][gc             ] GC(492) Pause Young (Allocation Failure) 369M->76M(809M) 0.842ms
[189.872s][info][gc,cpu         ] GC(492) User=0.00s Sys=0.00s Real=0.00s
[190.130s][info][gc,start       ] GC(493) Pause Young (Allocation Failure)
[190.130s][info][gc,heap        ] GC(493) PSYoungGen: 287808K(288256K)->64K(278016K) Eden: 287744K(287744K)->0K(276480K) From: 64K(512K)->64K(1536K)
[190.130s][info][gc,heap        ] GC(493) ParOldGen: 78332K(540160K)->78340K(540160K)
[190.130s][info][gc,metaspace   ] GC(493) Metaspace: 35209K(35904K)->35209K(35904K) NonClass: 28949K(29440K)->28949K(29440K) Class: 6259K(6464K)->6259K(6464K)
[190.131s][info][gc             ] GC(493) Pause Young (Allocation Failure) 357M->76M(799M) 0.799ms
[190.131s][info][gc,cpu         ] GC(493) User=0.00s Sys=0.00s Real=0.00s
[190.287s][info][gc,start       ] GC(494) Pause Young (Allocation Failure)
[190.288s][info][gc,heap        ] GC(494) PSYoungGen: 276544K(278016K)->64K(279552K) Eden: 276480K(276480K)->0K(265728K) From: 64K(1536K)->64K(13824K)
[190.288s][info][gc,heap        ] GC(494) ParOldGen: 78340K(540160K)->78348K(540160K)
[190.288s][info][gc,metaspace   ] GC(494) Metaspace: 35210K(35904K)->35210K(35904K) NonClass: 28951K(29440K)->28951K(29440K) Class: 6259K(6464K)->6259K(6464K)
[190.288s][info][gc             ] GC(494) Pause Young (Allocation Failure) 346M->76M(800M) 0.798ms
[190.288s][info][gc,cpu         ] GC(494) User=0.00s Sys=0.00s Real=0.00s
[190.362s][info][gc,start       ] GC(495) Pause Young (Allocation Failure)
[190.364s][info][gc,heap        ] GC(495) PSYoungGen: 265792K(279552K)->64K(256000K) Eden: 265728K(265728K)->0K(255488K) From: 64K(13824K)->64K(512K)
[190.364s][info][gc,heap        ] GC(495) ParOldGen: 78348K(540160K)->78364K(540160K)
[190.364s][info][gc,metaspace   ] GC(495) Metaspace: 35210K(35904K)->35210K(35904K) NonClass: 28951K(29440K)->28951K(29440K) Class: 6259K(6464K)->6259K(6464K)
[190.364s][info][gc             ] GC(495) Pause Young (Allocation Failure) 336M->76M(777M) 1.473ms
[190.364s][info][gc,cpu         ] GC(495) User=0.00s Sys=0.01s Real=0.00s
[190.494s][info][gc,start       ] GC(496) Pause Young (Allocation Failure)
[190.494s][info][gc,heap        ] GC(496) PSYoungGen: 255552K(256000K)->64K(258048K) Eden: 255488K(255488K)->0K(245760K) From: 64K(512K)->64K(12288K)
[190.494s][info][gc,heap        ] GC(496) ParOldGen: 78364K(540160K)->78364K(540160K)
[190.494s][info][gc,metaspace   ] GC(496) Metaspace: 35210K(35904K)->35210K(35904K) NonClass: 28951K(29440K)->28951K(29440K) Class: 6259K(6464K)->6259K(6464K)
[190.494s][info][gc             ] GC(496) Pause Young (Allocation Failure) 326M->76M(779M) 0.738ms
[190.494s][info][gc,cpu         ] GC(496) User=0.00s Sys=0.00s Real=0.01s
[190.749s][info][gc,start       ] GC(497) Pause Young (Allocation Failure)
[190.751s][info][gc,heap        ] GC(497) PSYoungGen: 245824K(258048K)->64K(237056K) Eden: 245760K(245760K)->0K(236544K) From: 64K(12288K)->64K(512K)
[190.751s][info][gc,heap        ] GC(497) ParOldGen: 78364K(540160K)->78372K(540160K)
[190.751s][info][gc,metaspace   ] GC(497) Metaspace: 35210K(35904K)->35210K(35904K) NonClass: 28951K(29440K)->28951K(29440K) Class: 6259K(6464K)->6259K(6464K)
[190.751s][info][gc             ] GC(497) Pause Young (Allocation Failure) 316M->76M(759M) 2.133ms
[190.751s][info][gc,cpu         ] GC(497) User=0.00s Sys=0.00s Real=0.00s
[191.651s][info][gc,start       ] GC(498) Pause Young (Allocation Failure)
[191.652s][info][gc,heap        ] GC(498) PSYoungGen: 236608K(237056K)->64K(238080K) Eden: 236544K(236544K)->0K(227328K) From: 64K(512K)->64K(10752K)
[191.652s][info][gc,heap        ] GC(498) ParOldGen: 78372K(540160K)->78380K(540160K)
[191.652s][info][gc,metaspace   ] GC(498) Metaspace: 35210K(35904K)->35210K(35904K) NonClass: 28951K(29440K)->28951K(29440K) Class: 6259K(6464K)->6259K(6464K)
[191.652s][info][gc             ] GC(498) Pause Young (Allocation Failure) 307M->76M(760M) 1.184ms
[191.652s][info][gc,cpu         ] GC(498) User=0.00s Sys=0.00s Real=0.00s
[192.543s][info][gc,start       ] GC(499) Pause Young (Allocation Failure)
[192.545s][info][gc,heap        ] GC(499) PSYoungGen: 227392K(238080K)->64K(219136K) Eden: 227328K(227328K)->0K(218624K) From: 64K(10752K)->64K(512K)
[192.545s][info][gc,heap        ] GC(499) ParOldGen: 78380K(540160K)->78388K(540160K)
[192.545s][info][gc,metaspace   ] GC(499) Metaspace: 35210K(35904K)->35210K(35904K) NonClass: 28951K(29440K)->28951K(29440K) Class: 6259K(6464K)->6259K(6464K)
[192.545s][info][gc             ] GC(499) Pause Young (Allocation Failure) 298M->76M(741M) 2.132ms
[192.545s][info][gc,cpu         ] GC(499) User=0.00s Sys=0.00s Real=0.01s
[192.702s][info][gc,start       ] GC(500) Pause Young (Allocation Failure)
[192.703s][info][gc,heap        ] GC(500) PSYoungGen: 218688K(219136K)->64K(219648K) Eden: 218624K(218624K)->0K(210432K) From: 64K(512K)->64K(9216K)
[192.703s][info][gc,heap        ] GC(500) ParOldGen: 78388K(540160K)->78404K(540160K)
[192.703s][info][gc,metaspace   ] GC(500) Metaspace: 35210K(35904K)->35210K(35904K) NonClass: 28951K(29440K)->28951K(29440K) Class: 6259K(6464K)->6259K(6464K)
[192.703s][info][gc             ] GC(500) Pause Young (Allocation Failure) 290M->76M(742M) 1.123ms
[192.703s][info][gc,cpu         ] GC(500) User=0.00s Sys=0.00s Real=0.00s
[193.078s][info][gc,start       ] GC(501) Pause Young (Allocation Failure)
[193.079s][info][gc,heap        ] GC(501) PSYoungGen: 210496K(219648K)->64K(203264K) Eden: 210432K(210432K)->0K(202752K) From: 64K(9216K)->64K(512K)
[193.079s][info][gc,heap        ] GC(501) ParOldGen: 78404K(540160K)->78420K(540160K)
[193.080s][info][gc,metaspace   ] GC(501) Metaspace: 35210K(35904K)->35210K(35904K) NonClass: 28951K(29440K)->28951K(29440K) Class: 6259K(6464K)->6259K(6464K)
[193.080s][info][gc             ] GC(501) Pause Young (Allocation Failure) 282M->76M(726M) 1.787ms
[193.080s][info][gc,cpu         ] GC(501) User=0.00s Sys=0.00s Real=0.00s
[193.345s][info][gc,start       ] GC(502) Pause Young (Allocation Failure)
[193.346s][info][gc,heap        ] GC(502) PSYoungGen: 202816K(203264K)->64K(203776K) Eden: 202752K(202752K)->0K(195584K) From: 64K(512K)->64K(8192K)
[193.346s][info][gc,heap        ] GC(502) ParOldGen: 78420K(540160K)->78428K(540160K)
[193.346s][info][gc,metaspace   ] GC(502) Metaspace: 35210K(35904K)->35210K(35904K) NonClass: 28951K(29440K)->28951K(29440K) Class: 6259K(6464K)->6259K(6464K)
[193.346s][info][gc             ] GC(502) Pause Young (Allocation Failure) 274M->76M(726M) 1.150ms
[193.346s][info][gc,cpu         ] GC(502) User=0.00s Sys=0.00s Real=0.00s
[194.230s][info][gc,start       ] GC(503) Pause Young (Allocation Failure)
[194.232s][info][gc,heap        ] GC(503) PSYoungGen: 195648K(203776K)->64K(188928K) Eden: 195584K(195584K)->0K(188416K) From: 64K(8192K)->64K(512K)
[194.232s][info][gc,heap        ] GC(503) ParOldGen: 78428K(540160K)->78444K(540160K)
[194.232s][info][gc,metaspace   ] GC(503) Metaspace: 35210K(35904K)->35210K(35904K) NonClass: 28951K(29440K)->28951K(29440K) Class: 6259K(6464K)->6259K(6464K)
[194.232s][info][gc             ] GC(503) Pause Young (Allocation Failure) 267M->76M(712M) 1.810ms
[194.232s][info][gc,cpu         ] GC(503) User=0.00s Sys=0.00s Real=0.00s
[194.573s][info][gc,start       ] GC(504) Pause Young (Allocation Failure)
[194.574s][info][gc,heap        ] GC(504) PSYoungGen: 188480K(188928K)->64K(188928K) Eden: 188416K(188416K)->0K(181760K) From: 64K(512K)->64K(7168K)
[194.574s][info][gc,heap        ] GC(504) ParOldGen: 78444K(540160K)->78460K(540160K)
[194.574s][info][gc,metaspace   ] GC(504) Metaspace: 35210K(35904K)->35210K(35904K) NonClass: 28951K(29440K)->28951K(29440K) Class: 6259K(6464K)->6259K(6464K)
[194.574s][info][gc             ] GC(504) Pause Young (Allocation Failure) 260M->76M(712M) 1.109ms
[194.574s][info][gc,cpu         ] GC(504) User=0.00s Sys=0.00s Real=0.00s
[194.729s][info][gc,start       ] GC(505) Pause Young (Allocation Failure)
[194.730s][info][gc,heap        ] GC(505) PSYoungGen: 181824K(188928K)->64K(175616K) Eden: 181760K(181760K)->0K(175104K) From: 64K(7168K)->64K(512K)
[194.730s][info][gc,heap        ] GC(505) ParOldGen: 78460K(540160K)->78476K(540160K)
[194.730s][info][gc,metaspace   ] GC(505) Metaspace: 35210K(35904K)->35210K(35904K) NonClass: 28951K(29440K)->28951K(29440K) Class: 6259K(6464K)->6259K(6464K)
[194.730s][info][gc             ] GC(505) Pause Young (Allocation Failure) 254M->76M(699M) 1.634ms
[194.730s][info][gc,cpu         ] GC(505) User=0.00s Sys=0.00s Real=0.00s
[194.805s][info][gc,start       ] GC(506) Pause Young (Allocation Failure)
[194.806s][info][gc,heap        ] GC(506) PSYoungGen: 175168K(175616K)->64K(175104K) Eden: 175104K(175104K)->0K(168960K) From: 64K(512K)->64K(6144K)
[194.806s][info][gc,heap        ] GC(506) ParOldGen: 78476K(540160K)->78492K(540160K)
[194.806s][info][gc,metaspace   ] GC(506) Metaspace: 35210K(35904K)->35210K(35904K) NonClass: 28951K(29440K)->28951K(29440K) Class: 6259K(6464K)->6259K(6464K)
[194.806s][info][gc             ] GC(506) Pause Young (Allocation Failure) 247M->76M(698M) 0.982ms
[194.806s][info][gc,cpu         ] GC(506) User=0.00s Sys=0.00s Real=0.00s
[194.877s][info][gc,start       ] GC(507) Pause Young (Allocation Failure)
[194.879s][info][gc,heap        ] GC(507) PSYoungGen: 169024K(175104K)->64K(163840K) Eden: 168960K(168960K)->0K(163328K) From: 64K(6144K)->64K(512K)
[194.879s][info][gc,heap        ] GC(507) ParOldGen: 78492K(540160K)->78508K(540160K)
[194.879s][info][gc,metaspace   ] GC(507) Metaspace: 35210K(35904K)->35210K(35904K) NonClass: 28951K(29440K)->28951K(29440K) Class: 6259K(6464K)->6259K(6464K)
[194.879s][info][gc             ] GC(507) Pause Young (Allocation Failure) 241M->76M(687M) 1.573ms
[194.879s][info][gc,cpu         ] GC(507) User=0.00s Sys=0.00s Real=0.00s
[195.270s][info][gc,start       ] GC(508) Pause Young (Allocation Failure)
[195.271s][info][gc,heap        ] GC(508) PSYoungGen: 163392K(163840K)->64K(162816K) Eden: 163328K(163328K)->0K(157696K) From: 64K(512K)->64K(5120K)
[195.271s][info][gc,heap        ] GC(508) ParOldGen: 78508K(540160K)->78524K(540160K)
[195.271s][info][gc,metaspace   ] GC(508) Metaspace: 35210K(35904K)->35210K(35904K) NonClass: 28951K(29440K)->28951K(29440K) Class: 6259K(6464K)->6259K(6464K)
[195.271s][info][gc             ] GC(508) Pause Young (Allocation Failure) 236M->76M(686M) 1.045ms
[195.271s][info][gc,cpu         ] GC(508) User=0.00s Sys=0.00s Real=0.00s
[195.581s][info][gc,start       ] GC(509) Pause Young (Allocation Failure)
[195.583s][info][gc,heap        ] GC(509) PSYoungGen: 157760K(162816K)->32K(153088K) Eden: 157696K(157696K)->0K(152576K) From: 64K(5120K)->32K(512K)
[195.583s][info][gc,heap        ] GC(509) ParOldGen: 78524K(540160K)->78540K(540160K)
[195.583s][info][gc,metaspace   ] GC(509) Metaspace: 35210K(35904K)->35210K(35904K) NonClass: 28951K(29440K)->28951K(29440K) Class: 6259K(6464K)->6259K(6464K)
[195.583s][info][gc             ] GC(509) Pause Young (Allocation Failure) 230M->76M(677M) 2.052ms
[195.583s][info][gc,cpu         ] GC(509) User=0.00s Sys=0.00s Real=0.00s
[195.744s][info][gc,start       ] GC(510) Pause Young (Allocation Failure)
[195.746s][info][gc,heap        ] GC(510) PSYoungGen: 152608K(153088K)->64K(152064K) Eden: 152576K(152576K)->0K(147456K) From: 32K(512K)->64K(4608K)
[195.746s][info][gc,heap        ] GC(510) ParOldGen: 78540K(540160K)->78548K(540160K)
[195.746s][info][gc,metaspace   ] GC(510) Metaspace: 35210K(35904K)->35210K(35904K) NonClass: 28951K(29440K)->28951K(29440K) Class: 6259K(6464K)->6259K(6464K)
[195.746s][info][gc             ] GC(510) Pause Young (Allocation Failure) 225M->76M(676M) 1.086ms
[195.746s][info][gc,cpu         ] GC(510) User=0.00s Sys=0.00s Real=0.00s
[195.971s][info][gc,start       ] GC(511) Pause Young (Allocation Failure)
[195.984s][info][gc,heap        ] GC(511) PSYoungGen: 147520K(152064K)->4096K(181248K) Eden: 147456K(147456K)->0K(177152K) From: 64K(4608K)->4096K(4096K)
[195.984s][info][gc,heap        ] GC(511) ParOldGen: 78548K(540160K)->78812K(540160K)
[195.984s][info][gc,metaspace   ] GC(511) Metaspace: 35210K(35904K)->35210K(35904K) NonClass: 28951K(29440K)->28951K(29440K) Class: 6259K(6464K)->6259K(6464K)
[195.984s][info][gc             ] GC(511) Pause Young (Allocation Failure) 220M->80M(704M) 12.738ms
[195.984s][info][gc,cpu         ] GC(511) User=0.01s Sys=0.01s Real=0.01s
[196.182s][info][gc,start       ] GC(512) Pause Young (Allocation Failure)
[196.213s][info][gc,heap        ] GC(512) PSYoungGen: 181248K(181248K)->5120K(218112K) Eden: 177152K(177152K)->0K(212992K) From: 4096K(4096K)->5120K(5120K)
[196.213s][info][gc,heap        ] GC(512) ParOldGen: 78812K(540160K)->92468K(540160K)
[196.213s][info][gc,metaspace   ] GC(512) Metaspace: 35210K(35904K)->35210K(35904K) NonClass: 28951K(29440K)->28951K(29440K) Class: 6259K(6464K)->6259K(6464K)
[196.213s][info][gc             ] GC(512) Pause Young (Allocation Failure) 253M->95M(740M) 31.515ms
[196.214s][info][gc,cpu         ] GC(512) User=0.06s Sys=0.00s Real=0.03s
[196.455s][info][gc,start       ] GC(513) Pause Young (Allocation Failure)
[196.495s][info][gc,heap        ] GC(513) PSYoungGen: 218112K(218112K)->2560K(218112K) Eden: 212992K(212992K)->0K(215552K) From: 5120K(5120K)->2560K(2560K)
[196.495s][info][gc,heap        ] GC(513) ParOldGen: 92468K(540160K)->112988K(540160K)
[196.495s][info][gc,metaspace   ] GC(513) Metaspace: 35210K(35904K)->35210K(35904K) NonClass: 28951K(29440K)->28951K(29440K) Class: 6259K(6464K)->6259K(6464K)
[196.495s][info][gc             ] GC(513) Pause Young (Allocation Failure) 303M->112M(740M) 40.114ms
[196.495s][info][gc,cpu         ] GC(513) User=0.08s Sys=0.00s Real=0.04s
[196.737s][info][gc,start       ] GC(514) Pause Young (Allocation Failure)
[196.777s][info][gc,heap        ] GC(514) PSYoungGen: 218112K(218112K)->18432K(233984K) Eden: 215552K(215552K)->0K(215552K) From: 2560K(2560K)->18432K(18432K)
[196.777s][info][gc,heap        ] GC(514) ParOldGen: 112988K(540160K)->118100K(540160K)
[196.777s][info][gc,metaspace   ] GC(514) Metaspace: 35210K(35904K)->35210K(35904K) NonClass: 28951K(29440K)->28951K(29440K) Class: 6259K(6464K)->6259K(6464K)
[196.777s][info][gc             ] GC(514) Pause Young (Allocation Failure) 323M->133M(756M) 40.470ms
[196.777s][info][gc,cpu         ] GC(514) User=0.08s Sys=0.00s Real=0.04s
[196.834s][info][gc,start       ] GC(515) Pause Young (Allocation Failure)
[196.837s][info][gc,heap        ] GC(515) PSYoungGen: 233984K(233984K)->512K(281088K) Eden: 215552K(215552K)->0K(259072K) From: 18432K(18432K)->512K(22016K)
[196.837s][info][gc,heap        ] GC(515) ParOldGen: 118100K(540160K)->118276K(540160K)
[196.837s][info][gc,metaspace   ] GC(515) Metaspace: 35210K(35904K)->35210K(35904K) NonClass: 28951K(29440K)->28951K(29440K) Class: 6259K(6464K)->6259K(6464K)
[196.837s][info][gc             ] GC(515) Pause Young (Allocation Failure) 343M->116M(802M) 3.012ms
[196.837s][info][gc,cpu         ] GC(515) User=0.01s Sys=0.00s Real=0.01s
[197.268s][info][gc,start       ] GC(516) Pause Young (Allocation Failure)
[197.269s][info][gc,heap        ] GC(516) PSYoungGen: 259584K(281088K)->64K(282112K) Eden: 259072K(259072K)->0K(259072K) From: 512K(22016K)->64K(23040K)
[197.269s][info][gc,heap        ] GC(516) ParOldGen: 118276K(540160K)->118284K(540160K)
[197.269s][info][gc,metaspace   ] GC(516) Metaspace: 35210K(35904K)->35210K(35904K) NonClass: 28951K(29440K)->28951K(29440K) Class: 6259K(6464K)->6259K(6464K)
[197.269s][info][gc             ] GC(516) Pause Young (Allocation Failure) 369M->115M(803M) 0.978ms
[197.269s][info][gc,cpu         ] GC(516) User=0.00s Sys=0.00s Real=0.00s
[197.849s][info][gc,start       ] GC(517) Pause Young (Allocation Failure)
[197.849s][info][gc,heap        ] GC(517) PSYoungGen: 259136K(282112K)->64K(308224K) Eden: 259072K(259072K)->0K(288256K) From: 64K(23040K)->64K(19968K)
[197.849s][info][gc,heap        ] GC(517) ParOldGen: 118284K(540160K)->118292K(540160K)
[197.850s][info][gc,metaspace   ] GC(517) Metaspace: 35210K(35904K)->35210K(35904K) NonClass: 28951K(29440K)->28951K(29440K) Class: 6259K(6464K)->6259K(6464K)
[197.850s][info][gc             ] GC(517) Pause Young (Allocation Failure) 368M->115M(828M) 0.885ms
[197.850s][info][gc,cpu         ] GC(517) User=0.00s Sys=0.00s Real=0.00s
[198.331s][info][gc,start       ] GC(518) Pause Young (Allocation Failure)
[198.332s][info][gc,heap        ] GC(518) PSYoungGen: 288320K(308224K)->64K(309760K) Eden: 288256K(288256K)->0K(288256K) From: 64K(19968K)->64K(21504K)
[198.332s][info][gc,heap        ] GC(518) ParOldGen: 118292K(540160K)->118308K(540160K)
[198.332s][info][gc,metaspace   ] GC(518) Metaspace: 35210K(35904K)->35210K(35904K) NonClass: 28951K(29440K)->28951K(29440K) Class: 6259K(6464K)->6259K(6464K)
[198.332s][info][gc             ] GC(518) Pause Young (Allocation Failure) 397M->115M(830M) 0.903ms
[198.332s][info][gc,cpu         ] GC(518) User=0.00s Sys=0.00s Real=0.00s
[198.533s][info][gc,start       ] GC(519) Pause Young (Allocation Failure)
[198.534s][info][gc,heap        ] GC(519) PSYoungGen: 288320K(309760K)->64K(309760K) Eden: 288256K(288256K)->0K(291328K) From: 64K(21504K)->64K(18432K)
[198.534s][info][gc,heap        ] GC(519) ParOldGen: 118308K(540160K)->118324K(540160K)
[198.534s][info][gc,metaspace   ] GC(519) Metaspace: 35210K(35904K)->35210K(35904K) NonClass: 28951K(29440K)->28951K(29440K) Class: 6259K(6464K)->6259K(6464K)
[198.534s][info][gc             ] GC(519) Pause Young (Allocation Failure) 397M->115M(830M) 0.880ms
[198.534s][info][gc,cpu         ] GC(519) User=0.00s Sys=0.00s Real=0.00s
[198.738s][info][gc,start       ] GC(520) Pause Young (Allocation Failure)
[198.738s][info][gc,heap        ] GC(520) PSYoungGen: 291392K(309760K)->64K(311296K) Eden: 291328K(291328K)->0K(291328K) From: 64K(18432K)->64K(19968K)
[198.738s][info][gc,heap        ] GC(520) ParOldGen: 118324K(540160K)->118324K(540160K)
[198.738s][info][gc,metaspace   ] GC(520) Metaspace: 35210K(35904K)->35210K(35904K) NonClass: 28951K(29440K)->28951K(29440K) Class: 6259K(6464K)->6259K(6464K)
[198.738s][info][gc             ] GC(520) Pause Young (Allocation Failure) 400M->115M(831M) 0.821ms
[198.738s][info][gc,cpu         ] GC(520) User=0.00s Sys=0.00s Real=0.00s
[199.065s][info][gc,start       ] GC(521) Pause Young (Allocation Failure)
[199.065s][info][gc,heap        ] GC(521) PSYoungGen: 291392K(311296K)->64K(311296K) Eden: 291328K(291328K)->0K(294912K) From: 64K(19968K)->64K(16384K)
[199.065s][info][gc,heap        ] GC(521) ParOldGen: 118324K(540160K)->118332K(540160K)
[199.065s][info][gc,metaspace   ] GC(521) Metaspace: 35210K(35904K)->35210K(35904K) NonClass: 28951K(29440K)->28951K(29440K) Class: 6259K(6464K)->6259K(6464K)
[199.065s][info][gc             ] GC(521) Pause Young (Allocation Failure) 400M->115M(831M) 0.905ms
[199.065s][info][gc,cpu         ] GC(521) User=0.00s Sys=0.00s Real=0.00s
[199.199s][info][gc,start       ] GC(522) Pause Young (Allocation Failure)
[199.199s][info][gc,heap        ] GC(522) PSYoungGen: 294976K(311296K)->64K(312832K) Eden: 294912K(294912K)->0K(294912K) From: 64K(16384K)->64K(17920K)
[199.200s][info][gc,heap        ] GC(522) ParOldGen: 118332K(540160K)->118340K(540160K)
[199.200s][info][gc,metaspace   ] GC(522) Metaspace: 35210K(35904K)->35210K(35904K) NonClass: 28951K(29440K)->28951K(29440K) Class: 6259K(6464K)->6259K(6464K)
[199.200s][info][gc             ] GC(522) Pause Young (Allocation Failure) 403M->115M(833M) 0.774ms
[199.200s][info][gc,cpu         ] GC(522) User=0.01s Sys=0.00s Real=0.00s
[199.254s][info][gc,start       ] GC(523) Pause Young (Allocation Failure)
[199.255s][info][gc,heap        ] GC(523) PSYoungGen: 294976K(312832K)->32K(313344K) Eden: 294912K(294912K)->0K(298496K) From: 64K(17920K)->32K(14848K)
[199.255s][info][gc,heap        ] GC(523) ParOldGen: 118340K(540160K)->118356K(540160K)
[199.255s][info][gc,metaspace   ] GC(523) Metaspace: 35210K(35904K)->35210K(35904K) NonClass: 28951K(29440K)->28951K(29440K) Class: 6259K(6464K)->6259K(6464K)
[199.255s][info][gc             ] GC(523) Pause Young (Allocation Failure) 403M->115M(833M) 0.792ms
[199.255s][info][gc,cpu         ] GC(523) User=0.00s Sys=0.00s Real=0.01s
[199.403s][info][gc,start       ] GC(524) Pause Young (Allocation Failure)
[199.404s][info][gc,heap        ] GC(524) PSYoungGen: 298528K(313344K)->64K(314880K) Eden: 298496K(298496K)->0K(298496K) From: 32K(14848K)->64K(16384K)
[199.404s][info][gc,heap        ] GC(524) ParOldGen: 118356K(540160K)->118356K(540160K)
[199.404s][info][gc,metaspace   ] GC(524) Metaspace: 35210K(35904K)->35210K(35904K) NonClass: 28951K(29440K)->28951K(29440K) Class: 6259K(6464K)->6259K(6464K)
[199.404s][info][gc             ] GC(524) Pause Young (Allocation Failure) 407M->115M(835M) 0.791ms
[199.404s][info][gc,cpu         ] GC(524) User=0.00s Sys=0.00s Real=0.00s
[199.666s][info][gc,start       ] GC(525) Pause Young (Allocation Failure)
[199.667s][info][gc,heap        ] GC(525) PSYoungGen: 298560K(314880K)->64K(287232K) Eden: 298496K(298496K)->0K(286720K) From: 64K(16384K)->64K(512K)
[199.667s][info][gc,heap        ] GC(525) ParOldGen: 118356K(540160K)->118364K(540160K)
[199.667s][info][gc,metaspace   ] GC(525) Metaspace: 35210K(35904K)->35210K(35904K) NonClass: 28951K(29440K)->28951K(29440K) Class: 6259K(6464K)->6259K(6464K)
[199.667s][info][gc             ] GC(525) Pause Young (Allocation Failure) 407M->115M(808M) 0.806ms
[199.667s][info][gc,cpu         ] GC(525) User=0.00s Sys=0.00s Real=0.00s
[199.831s][info][gc,start       ] GC(526) Pause Young (Allocation Failure)
[199.832s][info][gc,heap        ] GC(526) PSYoungGen: 286784K(287232K)->64K(289792K) Eden: 286720K(286720K)->0K(275456K) From: 64K(512K)->64K(14336K)
[199.832s][info][gc,heap        ] GC(526) ParOldGen: 118364K(540160K)->118372K(540160K)
[199.832s][info][gc,metaspace   ] GC(526) Metaspace: 35210K(35904K)->35210K(35904K) NonClass: 28951K(29440K)->28951K(29440K) Class: 6259K(6464K)->6259K(6464K)
[199.832s][info][gc             ] GC(526) Pause Young (Allocation Failure) 395M->115M(810M) 0.781ms
[199.832s][info][gc,cpu         ] GC(526) User=0.00s Sys=0.00s Real=0.00s
[199.909s][info][gc,start       ] GC(527) Pause Young (Allocation Failure)
[199.909s][info][gc,heap        ] GC(527) PSYoungGen: 275520K(289792K)->64K(265216K) Eden: 275456K(275456K)->0K(264704K) From: 64K(14336K)->64K(512K)
[199.909s][info][gc,heap        ] GC(527) ParOldGen: 118372K(540160K)->118388K(540160K)
[199.909s][info][gc,metaspace   ] GC(527) Metaspace: 35210K(35904K)->35210K(35904K) NonClass: 28951K(29440K)->28951K(29440K) Class: 6259K(6464K)->6259K(6464K)
[199.909s][info][gc             ] GC(527) Pause Young (Allocation Failure) 384M->115M(786M) 0.790ms
[199.909s][info][gc,cpu         ] GC(527) User=0.00s Sys=0.00s Real=0.00s
[200.048s][info][gc,start       ] GC(528) Pause Young (Allocation Failure)
[200.048s][info][gc,heap        ] GC(528) PSYoungGen: 264768K(265216K)->64K(267264K) Eden: 264704K(264704K)->0K(254464K) From: 64K(512K)->64K(12800K)
[200.048s][info][gc,heap        ] GC(528) ParOldGen: 118388K(540160K)->118388K(540160K)
[200.048s][info][gc,metaspace   ] GC(528) Metaspace: 35210K(35904K)->35210K(35904K) NonClass: 28951K(29440K)->28951K(29440K) Class: 6259K(6464K)->6259K(6464K)
[200.048s][info][gc             ] GC(528) Pause Young (Allocation Failure) 374M->115M(788M) 0.678ms
[200.048s][info][gc,cpu         ] GC(528) User=0.00s Sys=0.00s Real=0.00s
[200.402s][info][gc,start       ] GC(529) Pause Young (Allocation Failure)
[200.403s][info][gc,heap        ] GC(529) PSYoungGen: 254528K(267264K)->64K(245248K) Eden: 254464K(254464K)->0K(244736K) From: 64K(12800K)->64K(512K)
[200.403s][info][gc,heap        ] GC(529) ParOldGen: 118388K(540160K)->118396K(540160K)
[200.403s][info][gc,metaspace   ] GC(529) Metaspace: 35210K(35904K)->35210K(35904K) NonClass: 28951K(29440K)->28951K(29440K) Class: 6259K(6464K)->6259K(6464K)
[200.403s][info][gc             ] GC(529) Pause Young (Allocation Failure) 364M->115M(767M) 1.124ms
[200.403s][info][gc,cpu         ] GC(529) User=0.00s Sys=0.00s Real=0.00s
[201.132s][info][gc,start       ] GC(530) Pause Young (Allocation Failure)
[201.132s][info][gc,heap        ] GC(530) PSYoungGen: 244800K(245248K)->64K(246784K) Eden: 244736K(244736K)->0K(235520K) From: 64K(512K)->64K(11264K)
[201.132s][info][gc,heap        ] GC(530) ParOldGen: 118396K(540160K)->118404K(540160K)
[201.132s][info][gc,metaspace   ] GC(530) Metaspace: 35210K(35904K)->35210K(35904K) NonClass: 28951K(29440K)->28951K(29440K) Class: 6259K(6464K)->6259K(6464K)
[201.132s][info][gc             ] GC(530) Pause Young (Allocation Failure) 354M->115M(768M) 0.754ms
[201.132s][info][gc,cpu         ] GC(530) User=0.00s Sys=0.00s Real=0.00s
[202.028s][info][gc,start       ] GC(531) Pause Young (Allocation Failure)
[202.030s][info][gc,heap        ] GC(531) PSYoungGen: 235584K(246784K)->64K(227328K) Eden: 235520K(235520K)->0K(226816K) From: 64K(11264K)->64K(512K)
[202.030s][info][gc,heap        ] GC(531) ParOldGen: 118404K(540160K)->118412K(540160K)
[202.030s][info][gc,metaspace   ] GC(531) Metaspace: 35210K(35904K)->35210K(35904K) NonClass: 28951K(29440K)->28951K(29440K) Class: 6259K(6464K)->6259K(6464K)
[202.030s][info][gc             ] GC(531) Pause Young (Allocation Failure) 345M->115M(749M) 1.963ms
[202.030s][info][gc,cpu         ] GC(531) User=0.00s Sys=0.00s Real=0.00s
[202.214s][info][gc,start       ] GC(532) Pause Young (Allocation Failure)
[202.215s][info][gc,heap        ] GC(532) PSYoungGen: 226880K(227328K)->64K(227840K) Eden: 226816K(226816K)->0K(218112K) From: 64K(512K)->64K(9728K)
[202.215s][info][gc,heap        ] GC(532) ParOldGen: 118412K(540160K)->118420K(540160K)
[202.215s][info][gc,metaspace   ] GC(532) Metaspace: 35210K(35904K)->35210K(35904K) NonClass: 28951K(29440K)->28951K(29440K) Class: 6259K(6464K)->6259K(6464K)
[202.215s][info][gc             ] GC(532) Pause Young (Allocation Failure) 337M->115M(750M) 0.852ms
[202.215s][info][gc,cpu         ] GC(532) User=0.00s Sys=0.00s Real=0.01s
[202.637s][info][gc,start       ] GC(533) Pause Young (Allocation Failure)
[202.639s][info][gc,heap        ] GC(533) PSYoungGen: 218176K(227840K)->64K(210432K) Eden: 218112K(218112K)->0K(209920K) From: 64K(9728K)->64K(512K)
[202.639s][info][gc,heap        ] GC(533) ParOldGen: 118420K(540160K)->118436K(540160K)
[202.639s][info][gc,metaspace   ] GC(533) Metaspace: 35210K(35904K)->35210K(35904K) NonClass: 28951K(29440K)->28951K(29440K) Class: 6259K(6464K)->6259K(6464K)
[202.639s][info][gc             ] GC(533) Pause Young (Allocation Failure) 328M->115M(733M) 2.009ms
[202.639s][info][gc,cpu         ] GC(533) User=0.01s Sys=0.00s Real=0.00s
[203.501s][info][gc,start       ] GC(534) Pause Young (Allocation Failure)
[203.502s][info][gc,heap        ] GC(534) PSYoungGen: 209984K(210432K)->111K(210944K) Eden: 209920K(209920K)->0K(202240K) From: 64K(512K)->111K(8704K)
[203.502s][info][gc,heap        ] GC(534) ParOldGen: 118436K(540160K)->118444K(540160K)
[203.502s][info][gc,metaspace   ] GC(534) Metaspace: 35210K(35904K)->35210K(35904K) NonClass: 28951K(29440K)->28951K(29440K) Class: 6259K(6464K)->6259K(6464K)
[203.502s][info][gc             ] GC(534) Pause Young (Allocation Failure) 320M->115M(733M) 1.422ms
[203.502s][info][gc,cpu         ] GC(534) User=0.00s Sys=0.00s Real=0.00s
[203.780s][info][gc,start       ] GC(535) Pause Young (Allocation Failure)
[203.782s][info][gc,heap        ] GC(535) PSYoungGen: 202351K(210944K)->64K(195584K) Eden: 202240K(202240K)->0K(195072K) From: 111K(8704K)->64K(512K)
[203.782s][info][gc,heap        ] GC(535) ParOldGen: 118444K(540160K)->118460K(540160K)
[203.782s][info][gc,metaspace   ] GC(535) Metaspace: 35210K(35904K)->35210K(35904K) NonClass: 28951K(29440K)->28951K(29440K) Class: 6259K(6464K)->6259K(6464K)
[203.782s][info][gc             ] GC(535) Pause Young (Allocation Failure) 313M->115M(718M) 1.910ms
[203.782s][info][gc,cpu         ] GC(535) User=0.00s Sys=0.01s Real=0.00s
[204.086s][info][gc,start       ] GC(536) Pause Young (Allocation Failure)
[204.087s][info][gc,heap        ] GC(536) PSYoungGen: 195136K(195584K)->64K(195072K) Eden: 195072K(195072K)->0K(187904K) From: 64K(512K)->64K(7168K)
[204.087s][info][gc,heap        ] GC(536) ParOldGen: 118460K(540160K)->118476K(540160K)
[204.087s][info][gc,metaspace   ] GC(536) Metaspace: 35210K(35904K)->35210K(35904K) NonClass: 28951K(29440K)->28951K(29440K) Class: 6259K(6464K)->6259K(6464K)
[204.087s][info][gc             ] GC(536) Pause Young (Allocation Failure) 306M->115M(718M) 1.215ms
[204.087s][info][gc,cpu         ] GC(536) User=0.01s Sys=0.00s Real=0.00s
[204.239s][info][gc,start       ] GC(537) Pause Young (Allocation Failure)
[204.241s][info][gc,heap        ] GC(537) PSYoungGen: 187968K(195072K)->64K(181760K) Eden: 187904K(187904K)->0K(181248K) From: 64K(7168K)->64K(512K)
[204.241s][info][gc,heap        ] GC(537) ParOldGen: 118476K(540160K)->118492K(540160K)
[204.241s][info][gc,metaspace   ] GC(537) Metaspace: 35210K(35904K)->35210K(35904K) NonClass: 28951K(29440K)->28951K(29440K) Class: 6259K(6464K)->6259K(6464K)
[204.241s][info][gc             ] GC(537) Pause Young (Allocation Failure) 299M->115M(705M) 1.744ms
[204.241s][info][gc,cpu         ] GC(537) User=0.00s Sys=0.00s Real=0.00s
[204.285s][info][gc,start       ] GC(538) Pause Young (Allocation Failure)
[204.286s][info][gc,heap        ] GC(538) PSYoungGen: 181312K(181760K)->32K(181248K) Eden: 181248K(181248K)->0K(175104K) From: 64K(512K)->32K(6144K)
[204.286s][info][gc,heap        ] GC(538) ParOldGen: 118492K(540160K)->118508K(540160K)
[204.286s][info][gc,metaspace   ] GC(538) Metaspace: 35210K(35904K)->35210K(35904K) NonClass: 28951K(29440K)->28951K(29440K) Class: 6259K(6464K)->6259K(6464K)
[204.286s][info][gc             ] GC(538) Pause Young (Allocation Failure) 292M->115M(704M) 1.145ms
[204.286s][info][gc,cpu         ] GC(538) User=0.00s Sys=0.00s Real=0.00s
[204.539s][info][gc,start       ] GC(539) Pause Young (Allocation Failure)
[204.541s][info][gc,heap        ] GC(539) PSYoungGen: 175136K(181248K)->64K(169472K) Eden: 175104K(175104K)->0K(168960K) From: 32K(6144K)->64K(512K)
[204.541s][info][gc,heap        ] GC(539) ParOldGen: 118508K(540160K)->118508K(540160K)
[204.541s][info][gc,metaspace   ] GC(539) Metaspace: 35210K(35904K)->35210K(35904K) NonClass: 28951K(29440K)->28951K(29440K) Class: 6259K(6464K)->6259K(6464K)
[204.541s][info][gc             ] GC(539) Pause Young (Allocation Failure) 286M->115M(693M) 1.724ms
[204.541s][info][gc,cpu         ] GC(539) User=0.00s Sys=0.00s Real=0.00s
[204.995s][info][gc,start       ] GC(540) Pause Young (Allocation Failure)
[204.996s][info][gc,heap        ] GC(540) PSYoungGen: 169024K(169472K)->32K(168960K) Eden: 168960K(168960K)->0K(163328K) From: 64K(512K)->32K(5632K)
[204.997s][info][gc,heap        ] GC(540) ParOldGen: 118508K(540160K)->118524K(540160K)
[204.997s][info][gc,metaspace   ] GC(540) Metaspace: 35210K(35904K)->35210K(35904K) NonClass: 28951K(29440K)->28951K(29440K) Class: 6259K(6464K)->6259K(6464K)
[204.997s][info][gc             ] GC(540) Pause Young (Allocation Failure) 280M->115M(692M) 1.212ms
[204.997s][info][gc,cpu         ] GC(540) User=0.00s Sys=0.00s Real=0.00s
[205.130s][info][gc,start       ] GC(541) Pause Young (Allocation Failure)
[205.131s][info][gc,heap        ] GC(541) PSYoungGen: 163360K(168960K)->64K(158208K) Eden: 163328K(163328K)->0K(157696K) From: 32K(5632K)->64K(512K)
[205.132s][info][gc,heap        ] GC(541) ParOldGen: 118524K(540160K)->118532K(540160K)
[205.132s][info][gc,metaspace   ] GC(541) Metaspace: 35210K(35904K)->35210K(35904K) NonClass: 28951K(29440K)->28951K(29440K) Class: 6259K(6464K)->6259K(6464K)
[205.132s][info][gc             ] GC(541) Pause Young (Allocation Failure) 275M->115M(682M) 1.721ms
[205.132s][info][gc,cpu         ] GC(541) User=0.00s Sys=0.00s Real=0.00s
[205.381s][info][gc,start       ] GC(542) Pause Young (Allocation Failure)
[205.384s][info][gc,heap        ] GC(542) PSYoungGen: 157760K(158208K)->800K(157184K) Eden: 157696K(157696K)->0K(152576K) From: 64K(512K)->800K(4608K)
[205.384s][info][gc,heap        ] GC(542) ParOldGen: 118532K(540160K)->118548K(540160K)
[205.384s][info][gc,metaspace   ] GC(542) Metaspace: 35210K(35904K)->35210K(35904K) NonClass: 28951K(29440K)->28951K(29440K) Class: 6259K(6464K)->6259K(6464K)
[205.384s][info][gc             ] GC(542) Pause Young (Allocation Failure) 269M->116M(681M) 3.266ms
[205.384s][info][gc,cpu         ] GC(542) User=0.00s Sys=0.00s Real=0.00s
[205.554s][info][gc,start       ] GC(543) Pause Young (Allocation Failure)
[205.583s][info][gc,heap        ] GC(543) PSYoungGen: 153376K(157184K)->4608K(187904K) Eden: 152576K(152576K)->0K(183296K) From: 800K(4608K)->4608K(4608K)
[205.583s][info][gc,heap        ] GC(543) ParOldGen: 118548K(540160K)->130100K(540160K)
[205.583s][info][gc,metaspace   ] GC(543) Metaspace: 35210K(35904K)->35210K(35904K) NonClass: 28951K(29440K)->28951K(29440K) Class: 6259K(6464K)->6259K(6464K)
[205.583s][info][gc             ] GC(543) Pause Young (Allocation Failure) 265M->131M(711M) 28.737ms
[205.583s][info][gc,cpu         ] GC(543) User=0.05s Sys=0.00s Real=0.03s
[205.788s][info][gc,start       ] GC(544) Pause Young (Allocation Failure)
[205.838s][info][gc,heap        ] GC(544) PSYoungGen: 187904K(187904K)->9728K(229888K) Eden: 183296K(183296K)->0K(220160K) From: 4608K(4608K)->9728K(9728K)
[205.838s][info][gc,heap        ] GC(544) ParOldGen: 130100K(540160K)->140204K(540160K)
[205.838s][info][gc,metaspace   ] GC(544) Metaspace: 35210K(35904K)->35210K(35904K) NonClass: 28951K(29440K)->28951K(29440K) Class: 6259K(6464K)->6259K(6464K)
[205.838s][info][gc             ] GC(544) Pause Young (Allocation Failure) 310M->146M(752M) 49.645ms
[205.838s][info][gc,cpu         ] GC(544) User=0.06s Sys=0.00s Real=0.05s
[206.083s][info][gc,start       ] GC(545) Pause Young (Allocation Failure)
[206.122s][info][gc,heap        ] GC(545) PSYoungGen: 229888K(229888K)->9728K(229888K) Eden: 220160K(220160K)->0K(220160K) From: 9728K(9728K)->9728K(9728K)
[206.122s][info][gc,heap        ] GC(545) ParOldGen: 140204K(540160K)->154148K(540160K)
[206.122s][info][gc,metaspace   ] GC(545) Metaspace: 35210K(35904K)->35210K(35904K) NonClass: 28951K(29440K)->28951K(29440K) Class: 6259K(6464K)->6259K(6464K)
[206.122s][info][gc             ] GC(545) Pause Young (Allocation Failure) 361M->160M(752M) 39.095ms
[206.122s][info][gc,cpu         ] GC(545) User=0.07s Sys=0.00s Real=0.04s
[206.253s][info][gc,start       ] GC(546) Pause Young (Allocation Failure)
[206.271s][info][gc,heap        ] GC(546) PSYoungGen: 229888K(229888K)->9312K(242176K) Eden: 220160K(220160K)->0K(220160K) From: 9728K(9728K)->9312K(22016K)
[206.271s][info][gc,heap        ] GC(546) ParOldGen: 154148K(540160K)->154660K(540160K)
[206.271s][info][gc,metaspace   ] GC(546) Metaspace: 35210K(35904K)->35210K(35904K) NonClass: 28951K(29440K)->28951K(29440K) Class: 6259K(6464K)->6259K(6464K)
[206.272s][info][gc             ] GC(546) Pause Young (Allocation Failure) 375M->160M(764M) 18.736ms
[206.272s][info][gc,cpu         ] GC(546) User=0.03s Sys=0.00s Real=0.02s
[206.405s][info][gc,start       ] GC(547) Pause Young (Allocation Failure)
[206.406s][info][gc,heap        ] GC(547) PSYoungGen: 229472K(242176K)->64K(284672K) Eden: 220160K(220160K)->0K(264192K) From: 9312K(22016K)->64K(20480K)
[206.406s][info][gc,heap        ] GC(547) ParOldGen: 154660K(540160K)->154668K(540160K)
[206.406s][info][gc,metaspace   ] GC(547) Metaspace: 35210K(35904K)->35210K(35904K) NonClass: 28951K(29440K)->28951K(29440K) Class: 6259K(6464K)->6259K(6464K)
[206.406s][info][gc             ] GC(547) Pause Young (Allocation Failure) 375M->151M(805M) 1.024ms
[206.406s][info][gc,cpu         ] GC(547) User=0.00s Sys=0.00s Real=0.00s
[207.083s][info][gc,start       ] GC(548) Pause Young (Allocation Failure)
[207.084s][info][gc,heap        ] GC(548) PSYoungGen: 264256K(284672K)->64K(285184K) Eden: 264192K(264192K)->0K(264192K) From: 64K(20480K)->64K(20992K)
[207.084s][info][gc,heap        ] GC(548) ParOldGen: 154668K(540160K)->154684K(540160K)
[207.084s][info][gc,metaspace   ] GC(548) Metaspace: 35210K(35904K)->35210K(35904K) NonClass: 28951K(29440K)->28951K(29440K) Class: 6259K(6464K)->6259K(6464K)
[207.084s][info][gc             ] GC(548) Pause Young (Allocation Failure) 409M->151M(806M) 1.005ms
[207.084s][info][gc,cpu         ] GC(548) User=0.00s Sys=0.00s Real=0.00s
[207.427s][info][gc,start       ] GC(549) Pause Young (Allocation Failure)
[207.428s][info][gc,heap        ] GC(549) PSYoungGen: 264256K(285184K)->64K(311808K) Eden: 264192K(264192K)->0K(292352K) From: 64K(20992K)->64K(19456K)
[207.428s][info][gc,heap        ] GC(549) ParOldGen: 154684K(540160K)->154684K(540160K)
[207.428s][info][gc,metaspace   ] GC(549) Metaspace: 35210K(35904K)->35210K(35904K) NonClass: 28951K(29440K)->28951K(29440K) Class: 6259K(6464K)->6259K(6464K)
[207.428s][info][gc             ] GC(549) Pause Young (Allocation Failure) 409M->151M(832M) 1.001ms
[207.428s][info][gc,cpu         ] GC(549) User=0.00s Sys=0.00s Real=0.00s
[207.872s][info][gc,start       ] GC(550) Pause Young (Allocation Failure)
[207.873s][info][gc,heap        ] GC(550) PSYoungGen: 292416K(311808K)->64K(312320K) Eden: 292352K(292352K)->0K(292352K) From: 64K(19456K)->64K(19968K)
[207.873s][info][gc,heap        ] GC(550) ParOldGen: 154684K(540160K)->154700K(540160K)
[207.873s][info][gc,metaspace   ] GC(550) Metaspace: 35210K(35904K)->35210K(35904K) NonClass: 28951K(29440K)->28951K(29440K) Class: 6259K(6464K)->6259K(6464K)
[207.873s][info][gc             ] GC(550) Pause Young (Allocation Failure) 436M->151M(832M) 1.028ms
[207.873s][info][gc,cpu         ] GC(550) User=0.00s Sys=0.00s Real=0.00s
[208.074s][info][gc,start       ] GC(551) Pause Young (Allocation Failure)
[208.075s][info][gc,heap        ] GC(551) PSYoungGen: 292416K(312320K)->64K(313344K) Eden: 292352K(292352K)->0K(294912K) From: 64K(19968K)->64K(18432K)
[208.075s][info][gc,heap        ] GC(551) ParOldGen: 154700K(540160K)->154716K(540160K)
[208.075s][info][gc,metaspace   ] GC(551) Metaspace: 35210K(35904K)->35210K(35904K) NonClass: 28951K(29440K)->28951K(29440K) Class: 6259K(6464K)->6259K(6464K)
[208.075s][info][gc             ] GC(551) Pause Young (Allocation Failure) 436M->151M(833M) 0.891ms
[208.075s][info][gc,cpu         ] GC(551) User=0.01s Sys=0.00s Real=0.00s
[208.279s][info][gc,start       ] GC(552) Pause Young (Allocation Failure)
[208.280s][info][gc,heap        ] GC(552) PSYoungGen: 294976K(313344K)->64K(313344K) Eden: 294912K(294912K)->0K(294912K) From: 64K(18432K)->64K(18432K)
[208.280s][info][gc,heap        ] GC(552) ParOldGen: 154716K(540160K)->154716K(540160K)
[208.280s][info][gc,metaspace   ] GC(552) Metaspace: 35210K(35904K)->35210K(35904K) NonClass: 28951K(29440K)->28951K(29440K) Class: 6259K(6464K)->6259K(6464K)
[208.280s][info][gc             ] GC(552) Pause Young (Allocation Failure) 439M->151M(833M) 0.865ms
[208.280s][info][gc,cpu         ] GC(552) User=0.00s Sys=0.00s Real=0.00s
[208.599s][info][gc,start       ] GC(553) Pause Young (Allocation Failure)
[208.600s][info][gc,heap        ] GC(553) PSYoungGen: 294976K(313344K)->64K(314368K) Eden: 294912K(294912K)->0K(297984K) From: 64K(18432K)->64K(16384K)
[208.600s][info][gc,heap        ] GC(553) ParOldGen: 154716K(540160K)->154716K(540160K)
[208.600s][info][gc,metaspace   ] GC(553) Metaspace: 35210K(35904K)->35210K(35904K) NonClass: 28951K(29440K)->28951K(29440K) Class: 6259K(6464K)->6259K(6464K)
[208.600s][info][gc             ] GC(553) Pause Young (Allocation Failure) 439M->151M(834M) 1.056ms
[208.600s][info][gc,cpu         ] GC(553) User=0.01s Sys=0.00s Real=0.00s
[208.658s][info][gc,start       ] GC(554) Pause Young (Allocation Failure)
[208.659s][info][gc,heap        ] GC(554) PSYoungGen: 298048K(314368K)->64K(314368K) Eden: 297984K(297984K)->0K(297984K) From: 64K(16384K)->64K(16384K)
[208.659s][info][gc,heap        ] GC(554) ParOldGen: 154716K(540160K)->154732K(540160K)
[208.659s][info][gc,metaspace   ] GC(554) Metaspace: 35210K(35904K)->35210K(35904K) NonClass: 28951K(29440K)->28951K(29440K) Class: 6259K(6464K)->6259K(6464K)
[208.659s][info][gc             ] GC(554) Pause Young (Allocation Failure) 442M->151M(834M) 0.887ms
[208.659s][info][gc,cpu         ] GC(554) User=0.00s Sys=0.00s Real=0.00s
[208.715s][info][gc,start       ] GC(555) Pause Young (Allocation Failure)
[208.716s][info][gc,heap        ] GC(555) PSYoungGen: 298048K(314368K)->64K(315904K) Eden: 297984K(297984K)->0K(301568K) From: 64K(16384K)->64K(14336K)
[208.716s][info][gc,heap        ] GC(555) ParOldGen: 154732K(540160K)->154732K(540160K)
[208.716s][info][gc,metaspace   ] GC(555) Metaspace: 35210K(35904K)->35210K(35904K) NonClass: 28951K(29440K)->28951K(29440K) Class: 6259K(6464K)->6259K(6464K)
[208.716s][info][gc             ] GC(555) Pause Young (Allocation Failure) 442M->151M(836M) 0.846ms
[208.716s][info][gc,cpu         ] GC(555) User=0.00s Sys=0.00s Real=0.00s
[208.986s][info][gc,start       ] GC(556) Pause Young (Allocation Failure)
[208.987s][info][gc,heap        ] GC(556) PSYoungGen: 301632K(315904K)->64K(316416K) Eden: 301568K(301568K)->0K(301568K) From: 64K(14336K)->64K(14848K)
[208.987s][info][gc,heap        ] GC(556) ParOldGen: 154732K(540160K)->154748K(540160K)
[208.987s][info][gc,metaspace   ] GC(556) Metaspace: 35210K(35904K)->35210K(35904K) NonClass: 28951K(29440K)->28951K(29440K) Class: 6259K(6464K)->6259K(6464K)
[208.987s][info][gc             ] GC(556) Pause Young (Allocation Failure) 445M->151M(836M) 0.843ms
[208.987s][info][gc,cpu         ] GC(556) User=0.00s Sys=0.00s Real=0.00s
[209.215s][info][gc,start       ] GC(557) Pause Young (Allocation Failure)
[209.216s][info][gc,heap        ] GC(557) PSYoungGen: 301632K(316416K)->64K(289792K) Eden: 301568K(301568K)->0K(289280K) From: 64K(14848K)->64K(512K)
[209.216s][info][gc,heap        ] GC(557) ParOldGen: 154748K(540160K)->154748K(540160K)
[209.216s][info][gc,metaspace   ] GC(557) Metaspace: 35211K(35904K)->35211K(35904K) NonClass: 28951K(29440K)->28951K(29440K) Class: 6259K(6464K)->6259K(6464K)
[209.216s][info][gc             ] GC(557) Pause Young (Allocation Failure) 445M->151M(810M) 1.006ms
[209.216s][info][gc,cpu         ] GC(557) User=0.00s Sys=0.00s Real=0.00s
[209.304s][info][gc,start       ] GC(558) Pause Young (Allocation Failure)
[209.305s][info][gc,heap        ] GC(558) PSYoungGen: 289344K(289792K)->64K(290816K) Eden: 289280K(289280K)->0K(277504K) From: 64K(512K)->64K(13312K)
[209.305s][info][gc,heap        ] GC(558) ParOldGen: 154748K(540160K)->154756K(540160K)
[209.305s][info][gc,metaspace   ] GC(558) Metaspace: 35211K(35904K)->35211K(35904K) NonClass: 28951K(29440K)->28951K(29440K) Class: 6259K(6464K)->6259K(6464K)
[209.305s][info][gc             ] GC(558) Pause Young (Allocation Failure) 433M->151M(811M) 0.800ms
[209.305s][info][gc,cpu         ] GC(558) User=0.00s Sys=0.00s Real=0.00s
[209.418s][info][gc,start       ] GC(559) Pause Young (Allocation Failure)
[209.419s][info][gc,heap        ] GC(559) PSYoungGen: 277568K(290816K)->64K(267264K) Eden: 277504K(277504K)->0K(266752K) From: 64K(13312K)->64K(512K)
[209.419s][info][gc,heap        ] GC(559) ParOldGen: 154756K(540160K)->154764K(540160K)
[209.419s][info][gc,metaspace   ] GC(559) Metaspace: 35211K(35904K)->35211K(35904K) NonClass: 28951K(29440K)->28951K(29440K) Class: 6259K(6464K)->6259K(6464K)
[209.419s][info][gc             ] GC(559) Pause Young (Allocation Failure) 422M->151M(788M) 1.041ms
[209.419s][info][gc,cpu         ] GC(559) User=0.00s Sys=0.00s Real=0.00s
[209.603s][info][gc,start       ] GC(560) Pause Young (Allocation Failure)
[209.604s][info][gc,heap        ] GC(560) PSYoungGen: 266816K(267264K)->64K(268288K) Eden: 266752K(266752K)->0K(256512K) From: 64K(512K)->64K(11776K)
[209.604s][info][gc,heap        ] GC(560) ParOldGen: 154764K(540160K)->154772K(540160K)
[209.604s][info][gc,metaspace   ] GC(560) Metaspace: 35211K(35904K)->35211K(35904K) NonClass: 28951K(29440K)->28951K(29440K) Class: 6259K(6464K)->6259K(6464K)
[209.604s][info][gc             ] GC(560) Pause Young (Allocation Failure) 411M->151M(789M) 0.955ms
[209.604s][info][gc,cpu         ] GC(560) User=0.01s Sys=0.00s Real=0.00s
[210.536s][info][gc,start       ] GC(561) Pause Young (Allocation Failure)
[210.537s][info][gc,heap        ] GC(561) PSYoungGen: 256576K(268288K)->64K(247296K) Eden: 256512K(256512K)->0K(246784K) From: 64K(11776K)->64K(512K)
[210.537s][info][gc,heap        ] GC(561) ParOldGen: 154772K(540160K)->154780K(540160K)
[210.537s][info][gc,metaspace   ] GC(561) Metaspace: 35211K(35904K)->35211K(35904K) NonClass: 28951K(29440K)->28951K(29440K) Class: 6259K(6464K)->6259K(6464K)
[210.537s][info][gc             ] GC(561) Pause Young (Allocation Failure) 401M->151M(769M) 1.501ms
[210.537s][info][gc,cpu         ] GC(561) User=0.01s Sys=0.00s Real=0.00s
[211.418s][info][gc,start       ] GC(562) Pause Young (Allocation Failure)
[211.420s][info][gc,heap        ] GC(562) PSYoungGen: 246848K(247296K)->64K(247296K) Eden: 246784K(246784K)->0K(237056K) From: 64K(512K)->64K(10240K)
[211.420s][info][gc,heap        ] GC(562) ParOldGen: 154780K(540160K)->154788K(540160K)
[211.420s][info][gc,metaspace   ] GC(562) Metaspace: 35211K(35904K)->35211K(35904K) NonClass: 28951K(29440K)->28951K(29440K) Class: 6259K(6464K)->6259K(6464K)
[211.420s][info][gc             ] GC(562) Pause Young (Allocation Failure) 392M->151M(769M) 1.759ms
[211.420s][info][gc,cpu         ] GC(562) User=0.00s Sys=0.00s Real=0.00s
[211.588s][info][gc,start       ] GC(563) Pause Young (Allocation Failure)
[211.591s][info][gc,heap        ] GC(563) PSYoungGen: 237120K(247296K)->64K(228352K) Eden: 237056K(237056K)->0K(227840K) From: 64K(10240K)->64K(512K)
[211.591s][info][gc,heap        ] GC(563) ParOldGen: 154788K(540160K)->154804K(540160K)
[211.591s][info][gc,metaspace   ] GC(563) Metaspace: 35211K(35904K)->35211K(35904K) NonClass: 28951K(29440K)->28951K(29440K) Class: 6259K(6464K)->6259K(6464K)
[211.591s][info][gc             ] GC(563) Pause Young (Allocation Failure) 382M->151M(750M) 2.419ms
[211.591s][info][gc,cpu         ] GC(563) User=0.00s Sys=0.00s Real=0.00s
[212.014s][info][gc,start       ] GC(564) Pause Young (Allocation Failure)
[212.015s][info][gc,heap        ] GC(564) PSYoungGen: 227904K(228352K)->64K(228352K) Eden: 227840K(227840K)->0K(219136K) From: 64K(512K)->64K(9216K)
[212.015s][info][gc,heap        ] GC(564) ParOldGen: 154804K(540160K)->154820K(540160K)
[212.015s][info][gc,metaspace   ] GC(564) Metaspace: 35211K(35904K)->35211K(35904K) NonClass: 28951K(29440K)->28951K(29440K) Class: 6259K(6464K)->6259K(6464K)
[212.015s][info][gc             ] GC(564) Pause Young (Allocation Failure) 373M->151M(750M) 1.467ms
[212.015s][info][gc,cpu         ] GC(564) User=0.01s Sys=0.00s Real=0.01s
[212.583s][info][gc,start       ] GC(565) Pause Young (Allocation Failure)
[212.585s][info][gc,heap        ] GC(565) PSYoungGen: 219200K(228352K)->64K(211456K) Eden: 219136K(219136K)->0K(210944K) From: 64K(9216K)->64K(512K)
[212.585s][info][gc,heap        ] GC(565) ParOldGen: 154820K(540160K)->154828K(540160K)
[212.585s][info][gc,metaspace   ] GC(565) Metaspace: 35211K(35904K)->35211K(35904K) NonClass: 28951K(29440K)->28951K(29440K) Class: 6259K(6464K)->6259K(6464K)
[212.585s][info][gc             ] GC(565) Pause Young (Allocation Failure) 365M->151M(734M) 2.300ms
[212.585s][info][gc,cpu         ] GC(565) User=0.00s Sys=0.00s Real=0.01s
[213.193s][info][gc,start       ] GC(566) Pause Young (Allocation Failure)
[213.195s][info][gc,heap        ] GC(566) PSYoungGen: 211008K(211456K)->64K(210944K) Eden: 210944K(210944K)->0K(203264K) From: 64K(512K)->64K(7680K)
[213.195s][info][gc,heap        ] GC(566) ParOldGen: 154828K(540160K)->154836K(540160K)
[213.195s][info][gc,metaspace   ] GC(566) Metaspace: 35211K(35904K)->35211K(35904K) NonClass: 28951K(29440K)->28951K(29440K) Class: 6259K(6464K)->6259K(6464K)
[213.195s][info][gc             ] GC(566) Pause Young (Allocation Failure) 357M->151M(733M) 1.596ms
[213.195s][info][gc,cpu         ] GC(566) User=0.00s Sys=0.00s Real=0.01s
[213.506s][info][gc,start       ] GC(567) Pause Young (Allocation Failure)
[213.508s][info][gc,heap        ] GC(567) PSYoungGen: 203328K(210944K)->64K(196096K) Eden: 203264K(203264K)->0K(195584K) From: 64K(7680K)->64K(512K)
[213.508s][info][gc,heap        ] GC(567) ParOldGen: 154836K(540160K)->154852K(540160K)
[213.508s][info][gc,metaspace   ] GC(567) Metaspace: 35211K(35904K)->35211K(35904K) NonClass: 28951K(29440K)->28951K(29440K) Class: 6259K(6464K)->6259K(6464K)
[213.508s][info][gc             ] GC(567) Pause Young (Allocation Failure) 349M->151M(719M) 2.169ms
[213.508s][info][gc,cpu         ] GC(567) User=0.00s Sys=0.00s Real=0.00s
[213.661s][info][gc,start       ] GC(568) Pause Young (Allocation Failure)
[213.662s][info][gc,heap        ] GC(568) PSYoungGen: 195648K(196096K)->64K(195072K) Eden: 195584K(195584K)->0K(188416K) From: 64K(512K)->64K(6656K)
[213.662s][info][gc,heap        ] GC(568) ParOldGen: 154852K(540160K)->154868K(540160K)
[213.662s][info][gc,metaspace   ] GC(568) Metaspace: 35211K(35904K)->35211K(35904K) NonClass: 28951K(29440K)->28951K(29440K) Class: 6259K(6464K)->6259K(6464K)
[213.663s][info][gc             ] GC(568) Pause Young (Allocation Failure) 342M->151M(718M) 1.387ms
[213.663s][info][gc,cpu         ] GC(568) User=0.00s Sys=0.00s Real=0.00s
[213.709s][info][gc,start       ] GC(569) Pause Young (Allocation Failure)
[213.711s][info][gc,heap        ] GC(569) PSYoungGen: 188480K(195072K)->32K(226816K) Eden: 188416K(188416K)->0K(226304K) From: 64K(6656K)->32K(512K)
[213.711s][info][gc,heap        ] GC(569) ParOldGen: 154868K(540160K)->154884K(540160K)
[213.711s][info][gc,metaspace   ] GC(569) Metaspace: 35211K(35904K)->35211K(35904K) NonClass: 28951K(29440K)->28951K(29440K) Class: 6259K(6464K)->6259K(6464K)
[213.711s][info][gc             ] GC(569) Pause Young (Allocation Failure) 335M->151M(749M) 1.952ms
[213.711s][info][gc,cpu         ] GC(569) User=0.00s Sys=0.00s Real=0.00s
[214.150s][info][gc,start       ] GC(570) Pause Young (Allocation Failure)
[214.151s][info][gc,heap        ] GC(570) PSYoungGen: 226336K(226816K)->64K(223744K) Eden: 226304K(226304K)->0K(217600K) From: 32K(512K)->64K(6144K)
[214.151s][info][gc,heap        ] GC(570) ParOldGen: 154884K(540160K)->154884K(540160K)
[214.151s][info][gc,metaspace   ] GC(570) Metaspace: 35211K(35904K)->35211K(35904K) NonClass: 28951K(29440K)->28951K(29440K) Class: 6259K(6464K)->6259K(6464K)
[214.151s][info][gc             ] GC(570) Pause Young (Allocation Failure) 372M->151M(746M) 1.101ms
[214.151s][info][gc,cpu         ] GC(570) User=0.00s Sys=0.00s Real=0.00s
[214.501s][info][gc,start       ] GC(571) Pause Young (Allocation Failure)
[214.502s][info][gc,heap        ] GC(571) PSYoungGen: 217664K(223744K)->64K(209920K) Eden: 217600K(217600K)->0K(209408K) From: 64K(6144K)->64K(512K)
[214.502s][info][gc,heap        ] GC(571) ParOldGen: 154884K(540160K)->154892K(540160K)
[214.502s][info][gc,metaspace   ] GC(571) Metaspace: 35211K(35904K)->35211K(35904K) NonClass: 28951K(29440K)->28951K(29440K) Class: 6259K(6464K)->6259K(6464K)
[214.502s][info][gc             ] GC(571) Pause Young (Allocation Failure) 363M->151M(732M) 1.700ms
[214.502s][info][gc,cpu         ] GC(571) User=0.00s Sys=0.00s Real=0.00s
[214.814s][info][gc,start       ] GC(572) Pause Young (Allocation Failure)
[214.816s][info][gc,heap        ] GC(572) PSYoungGen: 209471K(209920K)->1216K(206848K) Eden: 209407K(209408K)->0K(201728K) From: 64K(512K)->1216K(5120K)
[214.816s][info][gc,heap        ] GC(572) ParOldGen: 154892K(540160K)->154900K(540160K)
[214.816s][info][gc,metaspace   ] GC(572) Metaspace: 35211K(35904K)->35211K(35904K) NonClass: 28951K(29440K)->28951K(29440K) Class: 6259K(6464K)->6259K(6464K)
[214.816s][info][gc             ] GC(572) Pause Young (Allocation Failure) 355M->152M(729M) 2.562ms
[214.816s][info][gc,cpu         ] GC(572) User=0.01s Sys=0.00s Real=0.01s
[215.043s][info][gc,start       ] GC(573) Pause Young (Allocation Failure)
[215.079s][info][gc,heap        ] GC(573) PSYoungGen: 202944K(206848K)->5120K(247296K) Eden: 201728K(201728K)->0K(242176K) From: 1216K(5120K)->5120K(5120K)
[215.079s][info][gc,heap        ] GC(573) ParOldGen: 154900K(540160K)->171148K(540160K)
[215.079s][info][gc,metaspace   ] GC(573) Metaspace: 35211K(35904K)->35211K(35904K) NonClass: 28951K(29440K)->28951K(29440K) Class: 6259K(6464K)->6259K(6464K)
[215.079s][info][gc             ] GC(573) Pause Young (Allocation Failure) 349M->172M(769M) 36.504ms
[215.079s][info][gc,cpu         ] GC(573) User=0.07s Sys=0.00s Real=0.04s
[215.351s][info][gc,start       ] GC(574) Pause Young (Allocation Failure)
[215.395s][info][gc,heap        ] GC(574) PSYoungGen: 247296K(247296K)->12288K(254464K) Eden: 242176K(242176K)->0K(242176K) From: 5120K(5120K)->12288K(12288K)
[215.395s][info][gc,heap        ] GC(574) ParOldGen: 171148K(540160K)->185092K(540160K)
[215.395s][info][gc,metaspace   ] GC(574) Metaspace: 35211K(35904K)->35211K(35904K) NonClass: 28951K(29440K)->28951K(29440K) Class: 6259K(6464K)->6259K(6464K)
[215.395s][info][gc             ] GC(574) Pause Young (Allocation Failure) 408M->192M(776M) 44.749ms
[215.395s][info][gc,cpu         ] GC(574) User=0.09s Sys=0.00s Real=0.05s
[215.628s][info][gc,start       ] GC(575) Pause Young (Allocation Failure)
[215.673s][info][gc,heap        ] GC(575) PSYoungGen: 254464K(254464K)->19968K(304640K) Eden: 242176K(242176K)->0K(284672K) From: 12288K(12288K)->19968K(19968K)
[215.674s][info][gc,heap        ] GC(575) ParOldGen: 185092K(540160K)->186388K(540160K)
[215.674s][info][gc,metaspace   ] GC(575) Metaspace: 35211K(35904K)->35211K(35904K) NonClass: 28951K(29440K)->28951K(29440K) Class: 6259K(6464K)->6259K(6464K)
[215.674s][info][gc             ] GC(575) Pause Young (Allocation Failure) 429M->201M(825M) 45.819ms
[215.674s][info][gc,cpu         ] GC(575) User=0.08s Sys=0.02s Real=0.04s
[215.796s][info][gc,start       ] GC(576) Pause Young (Allocation Failure)
[215.797s][info][gc,heap        ] GC(576) PSYoungGen: 304640K(304640K)->64K(309248K) Eden: 284672K(284672K)->0K(284672K) From: 19968K(19968K)->64K(24576K)
[215.797s][info][gc,heap        ] GC(576) ParOldGen: 186388K(540160K)->186428K(540160K)
[215.797s][info][gc,metaspace   ] GC(576) Metaspace: 35211K(35904K)->35211K(35904K) NonClass: 28951K(29440K)->28951K(29440K) Class: 6259K(6464K)->6259K(6464K)
[215.797s][info][gc             ] GC(576) Pause Young (Allocation Failure) 479M->182M(829M) 1.314ms
[215.797s][info][gc,cpu         ] GC(576) User=0.00s Sys=0.00s Real=0.00s
[216.515s][info][gc,start       ] GC(577) Pause Young (Allocation Failure)
[216.515s][info][gc,heap        ] GC(577) PSYoungGen: 284736K(309248K)->64K(306688K) Eden: 284672K(284672K)->0K(285184K) From: 64K(24576K)->64K(21504K)
[216.516s][info][gc,heap        ] GC(577) ParOldGen: 186428K(540160K)->186436K(540160K)
[216.516s][info][gc,metaspace   ] GC(577) Metaspace: 35211K(35904K)->35211K(35904K) NonClass: 28951K(29440K)->28951K(29440K) Class: 6259K(6464K)->6259K(6464K)
[216.516s][info][gc             ] GC(577) Pause Young (Allocation Failure) 460M->182M(827M) 1.052ms
[216.516s][info][gc,cpu         ] GC(577) User=0.00s Sys=0.00s Real=0.00s
[216.873s][info][gc,start       ] GC(578) Pause Young (Allocation Failure)
[216.874s][info][gc,heap        ] GC(578) PSYoungGen: 285248K(306688K)->64K(308224K) Eden: 285184K(285184K)->0K(285184K) From: 64K(21504K)->64K(23040K)
[216.874s][info][gc,heap        ] GC(578) ParOldGen: 186436K(540160K)->186444K(540160K)
[216.874s][info][gc,metaspace   ] GC(578) Metaspace: 35211K(35904K)->35211K(35904K) NonClass: 28951K(29440K)->28951K(29440K) Class: 6259K(6464K)->6259K(6464K)
[216.874s][info][gc             ] GC(578) Pause Young (Allocation Failure) 460M->182M(828M) 1.066ms
[216.874s][info][gc,cpu         ] GC(578) User=0.00s Sys=0.00s Real=0.00s
[217.291s][info][gc,start       ] GC(579) Pause Young (Allocation Failure)
[217.292s][info][gc,heap        ] GC(579) PSYoungGen: 285248K(308224K)->64K(308224K) Eden: 285184K(285184K)->0K(288256K) From: 64K(23040K)->64K(19968K)
[217.292s][info][gc,heap        ] GC(579) ParOldGen: 186444K(540160K)->186460K(540160K)
[217.292s][info][gc,metaspace   ] GC(579) Metaspace: 35211K(35904K)->35211K(35904K) NonClass: 28951K(29440K)->28951K(29440K) Class: 6259K(6464K)->6259K(6464K)
[217.292s][info][gc             ] GC(579) Pause Young (Allocation Failure) 460M->182M(828M) 1.085ms
[217.292s][info][gc,cpu         ] GC(579) User=0.00s Sys=0.00s Real=0.00s
[217.494s][info][gc,start       ] GC(580) Pause Young (Allocation Failure)
[217.495s][info][gc,heap        ] GC(580) PSYoungGen: 288320K(308224K)->64K(309760K) Eden: 288256K(288256K)->0K(288256K) From: 64K(19968K)->64K(21504K)
[217.495s][info][gc,heap        ] GC(580) ParOldGen: 186460K(540160K)->186476K(540160K)
[217.495s][info][gc,metaspace   ] GC(580) Metaspace: 35211K(35904K)->35211K(35904K) NonClass: 28951K(29440K)->28951K(29440K) Class: 6259K(6464K)->6259K(6464K)
[217.495s][info][gc             ] GC(580) Pause Young (Allocation Failure) 463M->182M(830M) 0.974ms
[217.495s][info][gc,cpu         ] GC(580) User=0.00s Sys=0.00s Real=0.01s
[217.693s][info][gc,start       ] GC(581) Pause Young (Allocation Failure)
[217.694s][info][gc,heap        ] GC(581) PSYoungGen: 288320K(309760K)->64K(309760K) Eden: 288256K(288256K)->0K(291840K) From: 64K(21504K)->64K(17920K)
[217.694s][info][gc,heap        ] GC(581) ParOldGen: 186476K(540160K)->186476K(540160K)
[217.694s][info][gc,metaspace   ] GC(581) Metaspace: 35211K(35904K)->35211K(35904K) NonClass: 28951K(29440K)->28951K(29440K) Class: 6259K(6464K)->6259K(6464K)
[217.694s][info][gc             ] GC(581) Pause Young (Allocation Failure) 463M->182M(830M) 0.961ms
[217.694s][info][gc,cpu         ] GC(581) User=0.00s Sys=0.00s Real=0.00s
[218.016s][info][gc,start       ] GC(582) Pause Young (Allocation Failure)
[218.017s][info][gc,heap        ] GC(582) PSYoungGen: 291904K(309760K)->64K(311296K) Eden: 291840K(291840K)->0K(291840K) From: 64K(17920K)->64K(19456K)
[218.017s][info][gc,heap        ] GC(582) ParOldGen: 186476K(540160K)->186476K(540160K)
[218.017s][info][gc,metaspace   ] GC(582) Metaspace: 35211K(35904K)->35211K(35904K) NonClass: 28951K(29440K)->28951K(29440K) Class: 6259K(6464K)->6259K(6464K)
[218.017s][info][gc             ] GC(582) Pause Young (Allocation Failure) 467M->182M(831M) 1.113ms
[218.017s][info][gc,cpu         ] GC(582) User=0.00s Sys=0.00s Real=0.00s
[218.072s][info][gc,start       ] GC(583) Pause Young (Allocation Failure)
[218.073s][info][gc,heap        ] GC(583) PSYoungGen: 291904K(311296K)->32K(311808K) Eden: 291840K(291840K)->0K(295936K) From: 64K(19456K)->32K(15872K)
[218.073s][info][gc,heap        ] GC(583) ParOldGen: 186476K(540160K)->186492K(540160K)
[218.073s][info][gc,metaspace   ] GC(583) Metaspace: 35211K(35904K)->35211K(35904K) NonClass: 28951K(29440K)->28951K(29440K) Class: 6259K(6464K)->6259K(6464K)
[218.073s][info][gc             ] GC(583) Pause Young (Allocation Failure) 467M->182M(832M) 1.578ms
[218.073s][info][gc,cpu         ] GC(583) User=0.00s Sys=0.00s Real=0.00s
[218.131s][info][gc,start       ] GC(584) Pause Young (Allocation Failure)
[218.133s][info][gc,heap        ] GC(584) PSYoungGen: 295968K(311808K)->32K(313344K) Eden: 295936K(295936K)->0K(295936K) From: 32K(15872K)->32K(17408K)
[218.133s][info][gc,heap        ] GC(584) ParOldGen: 186492K(540160K)->186492K(540160K)
[218.133s][info][gc,metaspace   ] GC(584) Metaspace: 35211K(35904K)->35211K(35904K) NonClass: 28951K(29440K)->28951K(29440K) Class: 6259K(6464K)->6259K(6464K)
[218.133s][info][gc             ] GC(584) Pause Young (Allocation Failure) 471M->182M(833M) 1.603ms
[218.133s][info][gc,cpu         ] GC(584) User=0.00s Sys=0.00s Real=0.00s
[218.397s][info][gc,start       ] GC(585) Pause Young (Allocation Failure)
[218.398s][info][gc,heap        ] GC(585) PSYoungGen: 295968K(313344K)->64K(314880K) Eden: 295936K(295936K)->0K(300032K) From: 32K(17408K)->64K(14848K)
[218.398s][info][gc,heap        ] GC(585) ParOldGen: 186492K(540160K)->186492K(540160K)
[218.398s][info][gc,metaspace   ] GC(585) Metaspace: 35211K(35904K)->35211K(35904K) NonClass: 28951K(29440K)->28951K(29440K) Class: 6259K(6464K)->6259K(6464K)
[218.398s][info][gc             ] GC(585) Pause Young (Allocation Failure) 471M->182M(835M) 1.685ms
[218.398s][info][gc,cpu         ] GC(585) User=0.00s Sys=0.00s Real=0.00s
[218.637s][info][gc,start       ] GC(586) Pause Young (Allocation Failure)
[218.638s][info][gc,heap        ] GC(586) PSYoungGen: 300096K(314880K)->64K(315904K) Eden: 300032K(300032K)->0K(300032K) From: 64K(14848K)->64K(15872K)
[218.638s][info][gc,heap        ] GC(586) ParOldGen: 186492K(540160K)->186508K(540160K)
[218.638s][info][gc,metaspace   ] GC(586) Metaspace: 35211K(35904K)->35211K(35904K) NonClass: 28951K(29440K)->28951K(29440K) Class: 6259K(6464K)->6259K(6464K)
[218.638s][info][gc             ] GC(586) Pause Young (Allocation Failure) 475M->182M(836M) 1.726ms
[218.638s][info][gc,cpu         ] GC(586) User=0.00s Sys=0.00s Real=0.00s
[218.738s][info][gc,start       ] GC(587) Pause Young (Allocation Failure)
[218.739s][info][gc,heap        ] GC(587) PSYoungGen: 300096K(315904K)->64K(315904K) Eden: 300032K(300032K)->0K(303104K) From: 64K(15872K)->64K(12800K)
[218.739s][info][gc,heap        ] GC(587) ParOldGen: 186508K(540160K)->186516K(540160K)
[218.739s][info][gc,metaspace   ] GC(587) Metaspace: 35211K(35904K)->35211K(35904K) NonClass: 28951K(29440K)->28951K(29440K) Class: 6259K(6464K)->6259K(6464K)
[218.739s][info][gc             ] GC(587) Pause Young (Allocation Failure) 475M->182M(836M) 1.273ms
[218.739s][info][gc,cpu         ] GC(587) User=0.00s Sys=0.00s Real=0.00s
[218.870s][info][gc,start       ] GC(588) Pause Young (Allocation Failure)
[218.871s][info][gc,heap        ] GC(588) PSYoungGen: 303168K(315904K)->64K(316928K) Eden: 303104K(303104K)->0K(303104K) From: 64K(12800K)->64K(13824K)
[218.871s][info][gc,heap        ] GC(588) ParOldGen: 186516K(540160K)->186524K(540160K)
[218.871s][info][gc,metaspace   ] GC(588) Metaspace: 35211K(35904K)->35211K(35904K) NonClass: 28951K(29440K)->28951K(29440K) Class: 6259K(6464K)->6259K(6464K)
[218.871s][info][gc             ] GC(588) Pause Young (Allocation Failure) 478M->182M(837M) 1.082ms
[218.871s][info][gc,cpu         ] GC(588) User=0.00s Sys=0.00s Real=0.00s
[219.258s][info][gc,start       ] GC(589) Pause Young (Allocation Failure)
[219.260s][info][gc,heap        ] GC(589) PSYoungGen: 303168K(316928K)->64K(291328K) Eden: 303104K(303104K)->0K(290816K) From: 64K(13824K)->64K(512K)
[219.260s][info][gc,heap        ] GC(589) ParOldGen: 186524K(540160K)->186532K(540160K)
[219.260s][info][gc,metaspace   ] GC(589) Metaspace: 35211K(35904K)->35211K(35904K) NonClass: 28951K(29440K)->28951K(29440K) Class: 6259K(6464K)->6259K(6464K)
[219.260s][info][gc             ] GC(589) Pause Young (Allocation Failure) 478M->182M(812M) 1.714ms
[219.260s][info][gc,cpu         ] GC(589) User=0.00s Sys=0.00s Real=0.00s
[220.012s][info][gc,start       ] GC(590) Pause Young (Allocation Failure)
[220.013s][info][gc,heap        ] GC(590) PSYoungGen: 290880K(291328K)->83K(291328K) Eden: 290816K(290816K)->0K(279040K) From: 64K(512K)->83K(12288K)
[220.013s][info][gc,heap        ] GC(590) ParOldGen: 186532K(540160K)->186540K(540160K)
[220.013s][info][gc,metaspace   ] GC(590) Metaspace: 35211K(35904K)->35211K(35904K) NonClass: 28951K(29440K)->28951K(29440K) Class: 6259K(6464K)->6259K(6464K)
[220.013s][info][gc             ] GC(590) Pause Young (Allocation Failure) 466M->182M(812M) 1.027ms
[220.013s][info][gc,cpu         ] GC(590) User=0.00s Sys=0.00s Real=0.00s
[220.973s][info][gc,start       ] GC(591) Pause Young (Allocation Failure)
[220.975s][info][gc,heap        ] GC(591) PSYoungGen: 279123K(291328K)->64K(268288K) Eden: 279040K(279040K)->0K(267776K) From: 83K(12288K)->64K(512K)
[220.975s][info][gc,heap        ] GC(591) ParOldGen: 186540K(540160K)->186548K(540160K)
[220.975s][info][gc,metaspace   ] GC(591) Metaspace: 35211K(35904K)->35211K(35904K) NonClass: 28951K(29440K)->28951K(29440K) Class: 6259K(6464K)->6259K(6464K)
[220.975s][info][gc             ] GC(591) Pause Young (Allocation Failure) 454M->182M(789M) 2.625ms
[220.975s][info][gc,cpu         ] GC(591) User=0.00s Sys=0.00s Real=0.01s
[221.420s][info][gc,start       ] GC(592) Pause Young (Allocation Failure)
[221.422s][info][gc,heap        ] GC(592) PSYoungGen: 267840K(268288K)->64K(267776K) Eden: 267776K(267776K)->0K(257024K) From: 64K(512K)->64K(10752K)
[221.422s][info][gc,heap        ] GC(592) ParOldGen: 186548K(540160K)->186564K(540160K)
[221.422s][info][gc,metaspace   ] GC(592) Metaspace: 35211K(35904K)->35211K(35904K) NonClass: 28951K(29440K)->28951K(29440K) Class: 6259K(6464K)->6259K(6464K)
[221.422s][info][gc             ] GC(592) Pause Young (Allocation Failure) 443M->182M(789M) 1.873ms
[221.422s][info][gc,cpu         ] GC(592) User=0.00s Sys=0.00s Real=0.00s
[221.777s][info][gc,start       ] GC(593) Pause Young (Allocation Failure)
[221.779s][info][gc,heap        ] GC(593) PSYoungGen: 257088K(267776K)->64K(247296K) Eden: 257024K(257024K)->0K(246784K) From: 64K(10752K)->64K(512K)
[221.779s][info][gc,heap        ] GC(593) ParOldGen: 186564K(540160K)->186580K(540160K)
[221.779s][info][gc,metaspace   ] GC(593) Metaspace: 35211K(35904K)->35211K(35904K) NonClass: 28951K(29440K)->28951K(29440K) Class: 6259K(6464K)->6259K(6464K)
[221.779s][info][gc             ] GC(593) Pause Young (Allocation Failure) 433M->182M(769M) 2.129ms
[221.779s][info][gc,cpu         ] GC(593) User=0.00s Sys=0.00s Real=0.00s
[222.752s][info][gc,start       ] GC(594) Pause Young (Allocation Failure)
[222.754s][info][gc,heap        ] GC(594) PSYoungGen: 246848K(247296K)->32K(246272K) Eden: 246784K(246784K)->0K(237056K) From: 64K(512K)->32K(9216K)
[222.754s][info][gc,heap        ] GC(594) ParOldGen: 186580K(540160K)->186588K(540160K)
[222.754s][info][gc,metaspace   ] GC(594) Metaspace: 35211K(35904K)->35211K(35904K) NonClass: 28951K(29440K)->28951K(29440K) Class: 6259K(6464K)->6259K(6464K)
[222.754s][info][gc             ] GC(594) Pause Young (Allocation Failure) 423M->182M(768M) 1.483ms
[222.754s][info][gc,cpu         ] GC(594) User=0.00s Sys=0.00s Real=0.00s
[223.095s][info][gc,start       ] GC(595) Pause Young (Allocation Failure)
[223.097s][info][gc,heap        ] GC(595) PSYoungGen: 237088K(246272K)->64K(228352K) Eden: 237056K(237056K)->0K(227840K) From: 32K(9216K)->64K(512K)
[223.097s][info][gc,heap        ] GC(595) ParOldGen: 186588K(540160K)->186596K(540160K)
[223.097s][info][gc,metaspace   ] GC(595) Metaspace: 35211K(35904K)->35211K(35904K) NonClass: 28951K(29440K)->28951K(29440K) Class: 6259K(6464K)->6259K(6464K)
[223.097s][info][gc             ] GC(595) Pause Young (Allocation Failure) 413M->182M(750M) 1.742ms
[223.097s][info][gc,cpu         ] GC(595) User=0.01s Sys=0.00s Real=0.00s
[223.245s][info][gc,start       ] GC(596) Pause Young (Allocation Failure)
[223.246s][info][gc,heap        ] GC(596) PSYoungGen: 227904K(228352K)->64K(227328K) Eden: 227840K(227840K)->0K(219136K) From: 64K(512K)->64K(8192K)
[223.246s][info][gc,heap        ] GC(596) ParOldGen: 186596K(540160K)->186604K(540160K)
[223.246s][info][gc,metaspace   ] GC(596) Metaspace: 35211K(35904K)->35211K(35904K) NonClass: 28951K(29440K)->28951K(29440K) Class: 6259K(6464K)->6259K(6464K)
[223.246s][info][gc             ] GC(596) Pause Young (Allocation Failure) 404M->182M(749M) 0.966ms
[223.246s][info][gc,cpu         ] GC(596) User=0.00s Sys=0.00s Real=0.00s
[223.351s][info][gc,start       ] GC(597) Pause Young (Allocation Failure)
[223.352s][info][gc,heap        ] GC(597) PSYoungGen: 219200K(227328K)->64K(211456K) Eden: 219136K(219136K)->0K(210944K) From: 64K(8192K)->64K(512K)
[223.352s][info][gc,heap        ] GC(597) ParOldGen: 186604K(540160K)->186612K(540160K)
[223.352s][info][gc,metaspace   ] GC(597) Metaspace: 35211K(35904K)->35211K(35904K) NonClass: 28951K(29440K)->28951K(29440K) Class: 6259K(6464K)->6259K(6464K)
[223.352s][info][gc             ] GC(597) Pause Young (Allocation Failure) 396M->182M(734M) 1.777ms
[223.353s][info][gc,cpu         ] GC(597) User=0.00s Sys=0.00s Real=0.00s
[223.950s][info][gc,start       ] GC(598) Pause Young (Allocation Failure)
[223.951s][info][gc,heap        ] GC(598) PSYoungGen: 211008K(211456K)->64K(210432K) Eden: 210944K(210944K)->0K(203264K) From: 64K(512K)->64K(7168K)
[223.951s][info][gc,heap        ] GC(598) ParOldGen: 186612K(540160K)->186628K(540160K)
[223.951s][info][gc,metaspace   ] GC(598) Metaspace: 35211K(35904K)->35211K(35904K) NonClass: 28951K(29440K)->28951K(29440K) Class: 6259K(6464K)->6259K(6464K)
[223.951s][info][gc             ] GC(598) Pause Young (Allocation Failure) 388M->182M(733M) 1.121ms
[223.951s][info][gc,cpu         ] GC(598) User=0.01s Sys=0.00s Real=0.00s
[224.159s][info][gc,start       ] GC(599) Pause Young (Allocation Failure)
[224.161s][info][gc,heap        ] GC(599) PSYoungGen: 203328K(210432K)->64K(196096K) Eden: 203264K(203264K)->0K(195584K) From: 64K(7168K)->64K(512K)
[224.161s][info][gc,heap        ] GC(599) ParOldGen: 186628K(540160K)->186628K(540160K)
[224.161s][info][gc,metaspace   ] GC(599) Metaspace: 35211K(35904K)->35211K(35904K) NonClass: 28951K(29440K)->28951K(29440K) Class: 6259K(6464K)->6259K(6464K)
[224.161s][info][gc             ] GC(599) Pause Young (Allocation Failure) 380M->182M(719M) 2.218ms
[224.161s][info][gc,cpu         ] GC(599) User=0.01s Sys=0.00s Real=0.00s
[224.451s][info][gc,start       ] GC(600) Pause Young (Allocation Failure)
[224.464s][info][gc,heap        ] GC(600) PSYoungGen: 195648K(196096K)->6144K(241152K) Eden: 195584K(195584K)->0K(235008K) From: 64K(512K)->6144K(6144K)
[224.464s][info][gc,heap        ] GC(600) ParOldGen: 186628K(540160K)->187220K(540160K)
[224.464s][info][gc,metaspace   ] GC(600) Metaspace: 35211K(35904K)->35211K(35904K) NonClass: 28951K(29440K)->28951K(29440K) Class: 6259K(6464K)->6259K(6464K)
[224.464s][info][gc             ] GC(600) Pause Young (Allocation Failure) 373M->188M(763M) 13.810ms
[224.464s][info][gc,cpu         ] GC(600) User=0.02s Sys=0.00s Real=0.01s
[224.728s][info][gc,start       ] GC(601) Pause Young (Allocation Failure)
[224.769s][info][gc,heap        ] GC(601) PSYoungGen: 241152K(241152K)->6144K(263168K) Eden: 235008K(235008K)->0K(257024K) From: 6144K(6144K)->6144K(6144K)
[224.770s][info][gc,heap        ] GC(601) ParOldGen: 187220K(540160K)->205988K(540160K)
[224.770s][info][gc,metaspace   ] GC(601) Metaspace: 35211K(35904K)->35211K(35904K) NonClass: 28951K(29440K)->28951K(29440K) Class: 6259K(6464K)->6259K(6464K)
[224.770s][info][gc             ] GC(601) Pause Young (Allocation Failure) 418M->207M(784M) 41.845ms
[224.770s][info][gc,cpu         ] GC(601) User=0.08s Sys=0.00s Real=0.04s
[225.059s][info][gc,start       ] GC(602) Pause Young (Allocation Failure)
[225.107s][info][gc,heap        ] GC(602) PSYoungGen: 263168K(263168K)->15872K(272896K) Eden: 257024K(257024K)->0K(257024K) From: 6144K(6144K)->15872K(15872K)
[225.107s][info][gc,heap        ] GC(602) ParOldGen: 205988K(540160K)->218012K(540160K)
[225.107s][info][gc,metaspace   ] GC(602) Metaspace: 35211K(35904K)->35211K(35904K) NonClass: 28951K(29440K)->28951K(29440K) Class: 6259K(6464K)->6259K(6464K)
[225.107s][info][gc             ] GC(602) Pause Young (Allocation Failure) 458M->228M(794M) 48.150ms
[225.107s][info][gc,cpu         ] GC(602) User=0.09s Sys=0.00s Real=0.05s
[225.254s][info][gc,start       ] GC(603) Pause Young (Allocation Failure)
[225.279s][info][gc,heap        ] GC(603) PSYoungGen: 272896K(272896K)->10144K(310272K) Eden: 257024K(257024K)->0K(286720K) From: 15872K(15872K)->10144K(23552K)
[225.279s][info][gc,heap        ] GC(603) ParOldGen: 218012K(540160K)->218444K(540160K)
[225.279s][info][gc,metaspace   ] GC(603) Metaspace: 35211K(35904K)->35211K(35904K) NonClass: 28951K(29440K)->28951K(29440K) Class: 6259K(6464K)->6259K(6464K)
[225.279s][info][gc             ] GC(603) Pause Young (Allocation Failure) 479M->223M(830M) 24.701ms
[225.279s][info][gc,cpu         ] GC(603) User=0.04s Sys=0.01s Real=0.03s
[225.654s][info][gc,start       ] GC(604) Pause Young (Allocation Failure)
[225.655s][info][gc,heap        ] GC(604) PSYoungGen: 296864K(310272K)->64K(287232K) Eden: 286720K(286720K)->0K(286720K) From: 10144K(23552K)->64K(512K)
[225.655s][info][gc,heap        ] GC(604) ParOldGen: 218444K(540160K)->218452K(540160K)
[225.655s][info][gc,metaspace   ] GC(604) Metaspace: 35211K(35904K)->35211K(35904K) NonClass: 28951K(29440K)->28951K(29440K) Class: 6259K(6464K)->6259K(6464K)
[225.655s][info][gc             ] GC(604) Pause Young (Allocation Failure) 503M->213M(808M) 1.106ms
[225.655s][info][gc,cpu         ] GC(604) User=0.00s Sys=0.00s Real=0.01s
[226.308s][info][gc,start       ] GC(605) Pause Young (Allocation Failure)
[226.310s][info][gc,heap        ] GC(605) PSYoungGen: 286784K(287232K)->64K(310784K) Eden: 286720K(286720K)->0K(287744K) From: 64K(512K)->64K(23040K)
[226.310s][info][gc,heap        ] GC(605) ParOldGen: 218452K(540160K)->218460K(540160K)
[226.310s][info][gc,metaspace   ] GC(605) Metaspace: 35211K(35904K)->35211K(35904K) NonClass: 28951K(29440K)->28951K(29440K) Class: 6259K(6464K)->6259K(6464K)
[226.310s][info][gc             ] GC(605) Pause Young (Allocation Failure) 493M->213M(831M) 1.154ms
[226.310s][info][gc,cpu         ] GC(605) User=0.01s Sys=0.00s Real=0.00s
[226.765s][info][gc,start       ] GC(606) Pause Young (Allocation Failure)
[226.766s][info][gc,heap        ] GC(606) PSYoungGen: 287808K(310784K)->64K(309760K) Eden: 287744K(287744K)->0K(287744K) From: 64K(23040K)->64K(22016K)
[226.766s][info][gc,heap        ] GC(606) ParOldGen: 218460K(540160K)->218476K(540160K)
[226.766s][info][gc,metaspace   ] GC(606) Metaspace: 35211K(35904K)->35211K(35904K) NonClass: 28951K(29440K)->28951K(29440K) Class: 6259K(6464K)->6259K(6464K)
[226.767s][info][gc             ] GC(606) Pause Young (Allocation Failure) 494M->213M(830M) 1.194ms
[226.767s][info][gc,cpu         ] GC(606) User=0.00s Sys=0.00s Real=0.00s
[226.968s][info][gc,start       ] GC(607) Pause Young (Allocation Failure)
[226.969s][info][gc,heap        ] GC(607) PSYoungGen: 287808K(309760K)->64K(310784K) Eden: 287744K(287744K)->0K(289792K) From: 64K(22016K)->64K(20992K)
[226.969s][info][gc,heap        ] GC(607) ParOldGen: 218476K(540160K)->218492K(540160K)
[226.969s][info][gc,metaspace   ] GC(607) Metaspace: 35211K(35904K)->35211K(35904K) NonClass: 28951K(29440K)->28951K(29440K) Class: 6259K(6464K)->6259K(6464K)
[226.969s][info][gc             ] GC(607) Pause Young (Allocation Failure) 494M->213M(831M) 1.099ms
[226.969s][info][gc,cpu         ] GC(607) User=0.00s Sys=0.00s Real=0.00s
[227.173s][info][gc,start       ] GC(608) Pause Young (Allocation Failure)
[227.174s][info][gc,heap        ] GC(608) PSYoungGen: 289856K(310784K)->64K(310272K) Eden: 289792K(289792K)->0K(289792K) From: 64K(20992K)->64K(20480K)
[227.174s][info][gc,heap        ] GC(608) ParOldGen: 218492K(540160K)->218492K(540160K)
[227.174s][info][gc,metaspace   ] GC(608) Metaspace: 35211K(35904K)->35211K(35904K) NonClass: 28951K(29440K)->28951K(29440K) Class: 6259K(6464K)->6259K(6464K)
[227.174s][info][gc             ] GC(608) Pause Young (Allocation Failure) 496M->213M(830M) 1.087ms
[227.174s][info][gc,cpu         ] GC(608) User=0.00s Sys=0.00s Real=0.00s
[227.501s][info][gc,start       ] GC(609) Pause Young (Allocation Failure)
[227.502s][info][gc,heap        ] GC(609) PSYoungGen: 289856K(310272K)->64K(312320K) Eden: 289792K(289792K)->0K(292864K) From: 64K(20480K)->64K(19456K)
[227.502s][info][gc,heap        ] GC(609) ParOldGen: 218492K(540160K)->218492K(540160K)
[227.502s][info][gc,metaspace   ] GC(609) Metaspace: 35211K(35904K)->35211K(35904K) NonClass: 28951K(29440K)->28951K(29440K) Class: 6259K(6464K)->6259K(6464K)
[227.502s][info][gc             ] GC(609) Pause Young (Allocation Failure) 496M->213M(832M) 1.055ms
[227.502s][info][gc,cpu         ] GC(609) User=0.00s Sys=0.00s Real=0.00s
[227.634s][info][gc,start       ] GC(610) Pause Young (Allocation Failure)
[227.635s][info][gc,heap        ] GC(610) PSYoungGen: 292928K(312320K)->64K(311808K) Eden: 292864K(292864K)->0K(292864K) From: 64K(19456K)->64K(18944K)
[227.635s][info][gc,heap        ] GC(610) ParOldGen: 218492K(540160K)->218500K(540160K)
[227.635s][info][gc,metaspace   ] GC(610) Metaspace: 35211K(35904K)->35211K(35904K) NonClass: 28951K(29440K)->28951K(29440K) Class: 6259K(6464K)->6259K(6464K)
[227.635s][info][gc             ] GC(610) Pause Young (Allocation Failure) 499M->213M(832M) 1.036ms
[227.635s][info][gc,cpu         ] GC(610) User=0.00s Sys=0.00s Real=0.01s
[227.689s][info][gc,start       ] GC(611) Pause Young (Allocation Failure)
[227.690s][info][gc,heap        ] GC(611) PSYoungGen: 292928K(311808K)->64K(313856K) Eden: 292864K(292864K)->0K(296448K) From: 64K(18944K)->64K(17408K)
[227.690s][info][gc,heap        ] GC(611) ParOldGen: 218500K(540160K)->218516K(540160K)
[227.690s][info][gc,metaspace   ] GC(611) Metaspace: 35211K(35904K)->35211K(35904K) NonClass: 28951K(29440K)->28951K(29440K) Class: 6259K(6464K)->6259K(6464K)
[227.690s][info][gc             ] GC(611) Pause Young (Allocation Failure) 499M->213M(834M) 1.045ms
[227.690s][info][gc,cpu         ] GC(611) User=0.01s Sys=0.00s Real=0.00s
[227.834s][info][gc,start       ] GC(612) Pause Young (Allocation Failure)
[227.835s][info][gc,heap        ] GC(612) PSYoungGen: 296512K(313856K)->64K(313344K) Eden: 296448K(296448K)->0K(296448K) From: 64K(17408K)->64K(16896K)
[227.835s][info][gc,heap        ] GC(612) ParOldGen: 218516K(540160K)->218516K(540160K)
[227.835s][info][gc,metaspace   ] GC(612) Metaspace: 35211K(35904K)->35211K(35904K) NonClass: 28951K(29440K)->28951K(29440K) Class: 6259K(6464K)->6259K(6464K)
[227.836s][info][gc             ] GC(612) Pause Young (Allocation Failure) 502M->213M(833M) 1.165ms
[227.836s][info][gc,cpu         ] GC(612) User=0.00s Sys=0.00s Real=0.01s
[228.101s][info][gc,start       ] GC(613) Pause Young (Allocation Failure)
[228.102s][info][gc,heap        ] GC(613) PSYoungGen: 296512K(313344K)->64K(315904K) Eden: 296448K(296448K)->0K(300544K) From: 64K(16896K)->64K(15360K)
[228.102s][info][gc,heap        ] GC(613) ParOldGen: 218516K(540160K)->218524K(540160K)
[228.102s][info][gc,metaspace   ] GC(613) Metaspace: 35211K(35904K)->35211K(35904K) NonClass: 28951K(29440K)->28951K(29440K) Class: 6259K(6464K)->6259K(6464K)
[228.102s][info][gc             ] GC(613) Pause Young (Allocation Failure) 502M->213M(836M) 1.119ms
[228.102s][info][gc,cpu         ] GC(613) User=0.01s Sys=0.00s Real=0.00s
[228.279s][info][gc,start       ] GC(614) Pause Young (Allocation Failure)
[228.280s][info][gc,heap        ] GC(614) PSYoungGen: 300608K(315904K)->64K(288768K) Eden: 300544K(300544K)->0K(288256K) From: 64K(15360K)->64K(512K)
[228.280s][info][gc,heap        ] GC(614) ParOldGen: 218524K(540160K)->218532K(540160K)
[228.280s][info][gc,metaspace   ] GC(614) Metaspace: 35211K(35904K)->35211K(35904K) NonClass: 28951K(29440K)->28951K(29440K) Class: 6259K(6464K)->6259K(6464K)
[228.280s][info][gc             ] GC(614) Pause Young (Allocation Failure) 506M->213M(809M) 1.459ms
[228.280s][info][gc,cpu         ] GC(614) User=0.00s Sys=0.00s Real=0.00s
[228.361s][info][gc,start       ] GC(615) Pause Young (Allocation Failure)
[228.363s][info][gc,heap        ] GC(615) PSYoungGen: 288320K(288768K)->64K(278016K) Eden: 288256K(288256K)->0K(276992K) From: 64K(512K)->64K(1024K)
[228.363s][info][gc,heap        ] GC(615) ParOldGen: 218532K(540160K)->218548K(540160K)
[228.363s][info][gc,metaspace   ] GC(615) Metaspace: 35211K(35904K)->35211K(35904K) NonClass: 28951K(29440K)->28951K(29440K) Class: 6259K(6464K)->6259K(6464K)
[228.363s][info][gc             ] GC(615) Pause Young (Allocation Failure) 494M->213M(799M) 1.663ms
[228.363s][info][gc,cpu         ] GC(615) User=0.00s Sys=0.00s Real=0.00s
[228.516s][info][gc,start       ] GC(616) Pause Young (Allocation Failure)
[228.517s][info][gc,heap        ] GC(616) PSYoungGen: 277056K(278016K)->64K(279552K) Eden: 276992K(276992K)->0K(266240K) From: 64K(1024K)->64K(13312K)
[228.517s][info][gc,heap        ] GC(616) ParOldGen: 218548K(540160K)->218548K(540160K)
[228.517s][info][gc,metaspace   ] GC(616) Metaspace: 35211K(35904K)->35211K(35904K) NonClass: 28951K(29440K)->28951K(29440K) Class: 6259K(6464K)->6259K(6464K)
[228.517s][info][gc             ] GC(616) Pause Young (Allocation Failure) 483M->213M(800M) 1.026ms
[228.517s][info][gc,cpu         ] GC(616) User=0.00s Sys=0.00s Real=0.00s
[228.897s][info][gc,start       ] GC(617) Pause Young (Allocation Failure)
[228.899s][info][gc,heap        ] GC(617) PSYoungGen: 266304K(279552K)->64K(256512K) Eden: 266240K(266240K)->0K(256000K) From: 64K(13312K)->64K(512K)
[228.899s][info][gc,heap        ] GC(617) ParOldGen: 218548K(540160K)->218556K(540160K)
[228.899s][info][gc,metaspace   ] GC(617) Metaspace: 35211K(35904K)->35211K(35904K) NonClass: 28951K(29440K)->28951K(29440K) Class: 6259K(6464K)->6259K(6464K)
[228.899s][info][gc             ] GC(617) Pause Young (Allocation Failure) 473M->213M(778M) 1.892ms
[228.899s][info][gc,cpu         ] GC(617) User=0.00s Sys=0.00s Real=0.00s
[229.591s][info][gc,start       ] GC(618) Pause Young (Allocation Failure)
[229.592s][info][gc,heap        ] GC(618) PSYoungGen: 256064K(256512K)->64K(258048K) Eden: 256000K(256000K)->0K(246272K) From: 64K(512K)->64K(11776K)
[229.592s][info][gc,heap        ] GC(618) ParOldGen: 218556K(540160K)->218564K(540160K)
[229.592s][info][gc,metaspace   ] GC(618) Metaspace: 35211K(35904K)->35211K(35904K) NonClass: 28951K(29440K)->28951K(29440K) Class: 6259K(6464K)->6259K(6464K)
[229.592s][info][gc             ] GC(618) Pause Young (Allocation Failure) 463M->213M(779M) 1.032ms
[229.592s][info][gc,cpu         ] GC(618) User=0.00s Sys=0.00s Real=0.00s
[230.528s][info][gc,start       ] GC(619) Pause Young (Allocation Failure)
[230.530s][info][gc,heap        ] GC(619) PSYoungGen: 246336K(258048K)->64K(237568K) Eden: 246272K(246272K)->0K(237056K) From: 64K(11776K)->64K(512K)
[230.530s][info][gc,heap        ] GC(619) ParOldGen: 218564K(540160K)->218572K(540160K)
[230.531s][info][gc,metaspace   ] GC(619) Metaspace: 35211K(35904K)->35211K(35904K) NonClass: 28951K(29440K)->28951K(29440K) Class: 6259K(6464K)->6259K(6464K)
[230.531s][info][gc             ] GC(619) Pause Young (Allocation Failure) 454M->213M(759M) 2.400ms
[230.531s][info][gc,cpu         ] GC(619) User=0.00s Sys=0.00s Real=0.00s
[230.841s][info][gc,start       ] GC(620) Pause Young (Allocation Failure)
[230.843s][info][gc,heap        ] GC(620) PSYoungGen: 237120K(237568K)->64K(238080K) Eden: 237056K(237056K)->0K(227840K) From: 64K(512K)->64K(10240K)
[230.843s][info][gc,heap        ] GC(620) ParOldGen: 218572K(540160K)->218588K(540160K)
[230.843s][info][gc,metaspace   ] GC(620) Metaspace: 35211K(35904K)->35211K(35904K) NonClass: 28951K(29440K)->28951K(29440K) Class: 6259K(6464K)->6259K(6464K)
[230.843s][info][gc             ] GC(620) Pause Young (Allocation Failure) 445M->213M(760M) 1.921ms
[230.843s][info][gc,cpu         ] GC(620) User=0.00s Sys=0.00s Real=0.00s
[231.206s][info][gc,start       ] GC(621) Pause Young (Allocation Failure)
[231.209s][info][gc,heap        ] GC(621) PSYoungGen: 227904K(238080K)->64K(219648K) Eden: 227840K(227840K)->0K(219136K) From: 64K(10240K)->64K(512K)
[231.209s][info][gc,heap        ] GC(621) ParOldGen: 218588K(540160K)->218604K(540160K)
[231.209s][info][gc,metaspace   ] GC(621) Metaspace: 35211K(35904K)->35211K(35904K) NonClass: 28951K(29440K)->28951K(29440K) Class: 6259K(6464K)->6259K(6464K)
[231.209s][info][gc             ] GC(621) Pause Young (Allocation Failure) 436M->213M(742M) 3.003ms
[231.209s][info][gc,cpu         ] GC(621) User=0.00s Sys=0.01s Real=0.00s
[232.155s][info][gc,start       ] GC(622) Pause Young (Allocation Failure)
[232.157s][info][gc,heap        ] GC(622) PSYoungGen: 219200K(219648K)->32K(219648K) Eden: 219136K(219136K)->0K(210944K) From: 64K(512K)->32K(8704K)
[232.157s][info][gc,heap        ] GC(622) ParOldGen: 218604K(540160K)->218620K(540160K)
[232.157s][info][gc,metaspace   ] GC(622) Metaspace: 35211K(35904K)->35211K(35904K) NonClass: 28951K(29440K)->28951K(29440K) Class: 6259K(6464K)->6259K(6464K)
[232.157s][info][gc             ] GC(622) Pause Young (Allocation Failure) 427M->213M(742M) 1.883ms
[232.157s][info][gc,cpu         ] GC(622) User=0.00s Sys=0.00s Real=0.00s
[232.360s][info][gc,start       ] GC(623) Pause Young (Allocation Failure)
[232.363s][info][gc,heap        ] GC(623) PSYoungGen: 210976K(219648K)->32K(203776K) Eden: 210944K(210944K)->0K(203264K) From: 32K(8704K)->32K(512K)
[232.363s][info][gc,heap        ] GC(623) ParOldGen: 218620K(540160K)->218628K(540160K)
[232.363s][info][gc,metaspace   ] GC(623) Metaspace: 35211K(35904K)->35211K(35904K) NonClass: 28951K(29440K)->28951K(29440K) Class: 6259K(6464K)->6259K(6464K)
[232.363s][info][gc             ] GC(623) Pause Young (Allocation Failure) 419M->213M(726M) 2.238ms
[232.363s][info][gc,cpu         ] GC(623) User=0.01s Sys=0.00s Real=0.00s
[232.709s][info][gc,start       ] GC(624) Pause Young (Allocation Failure)
[232.710s][info][gc,heap        ] GC(624) PSYoungGen: 203296K(203776K)->32K(203264K) Eden: 203264K(203264K)->0K(195584K) From: 32K(512K)->32K(7680K)
[232.710s][info][gc,heap        ] GC(624) ParOldGen: 218628K(540160K)->218636K(540160K)
[232.710s][info][gc,metaspace   ] GC(624) Metaspace: 35211K(35904K)->35211K(35904K) NonClass: 28951K(29440K)->28951K(29440K) Class: 6259K(6464K)->6259K(6464K)
[232.710s][info][gc             ] GC(624) Pause Young (Allocation Failure) 412M->213M(726M) 1.728ms
[232.710s][info][gc,cpu         ] GC(624) User=0.00s Sys=0.00s Real=0.00s
[232.775s][info][gc,start       ] GC(625) Pause Young (Allocation Failure)
[232.778s][info][gc,heap        ] GC(625) PSYoungGen: 195616K(203264K)->32K(188928K) Eden: 195584K(195584K)->0K(188416K) From: 32K(7680K)->32K(512K)
[232.778s][info][gc,heap        ] GC(625) ParOldGen: 218636K(540160K)->218644K(540160K)
[232.778s][info][gc,metaspace   ] GC(625) Metaspace: 35211K(35904K)->35211K(35904K) NonClass: 28951K(29440K)->28951K(29440K) Class: 6259K(6464K)->6259K(6464K)
[232.778s][info][gc             ] GC(625) Pause Young (Allocation Failure) 404M->213M(712M) 2.119ms
[232.778s][info][gc,cpu         ] GC(625) User=0.00s Sys=0.00s Real=0.00s
[232.915s][info][gc,start       ] GC(626) Pause Young (Allocation Failure)
[232.916s][info][gc,heap        ] GC(626) PSYoungGen: 188448K(188928K)->64K(188416K) Eden: 188416K(188416K)->0K(181760K) From: 32K(512K)->64K(6656K)
[232.916s][info][gc,heap        ] GC(626) ParOldGen: 218644K(540160K)->218652K(540160K)
[232.916s][info][gc,metaspace   ] GC(626) Metaspace: 35211K(35904K)->35211K(35904K) NonClass: 28951K(29440K)->28951K(29440K) Class: 6259K(6464K)->6259K(6464K)
[232.916s][info][gc             ] GC(626) Pause Young (Allocation Failure) 397M->213M(711M) 1.183ms
[232.916s][info][gc,cpu         ] GC(626) User=0.01s Sys=0.00s Real=0.00s
[233.425s][info][gc,start       ] GC(627) Pause Young (Allocation Failure)
[233.427s][info][gc,heap        ] GC(627) PSYoungGen: 181824K(188416K)->64K(175616K) Eden: 181760K(181760K)->0K(175104K) From: 64K(6656K)->64K(512K)
[233.427s][info][gc,heap        ] GC(627) ParOldGen: 218652K(540160K)->218668K(540160K)
[233.427s][info][gc,metaspace   ] GC(627) Metaspace: 35211K(35904K)->35211K(35904K) NonClass: 28951K(29440K)->28951K(29440K) Class: 6259K(6464K)->6259K(6464K)
[233.427s][info][gc             ] GC(627) Pause Young (Allocation Failure) 391M->213M(699M) 2.284ms
[233.427s][info][gc,cpu         ] GC(627) User=0.00s Sys=0.00s Real=0.00s
[233.612s][info][gc,start       ] GC(628) Pause Young (Allocation Failure)
[233.614s][info][gc,heap        ] GC(628) PSYoungGen: 175168K(175616K)->64K(174592K) Eden: 175104K(175104K)->0K(168960K) From: 64K(512K)->64K(5632K)
[233.614s][info][gc,heap        ] GC(628) ParOldGen: 218668K(540160K)->218668K(540160K)
[233.614s][info][gc,metaspace   ] GC(628) Metaspace: 35211K(35904K)->35211K(35904K) NonClass: 28951K(29440K)->28951K(29440K) Class: 6259K(6464K)->6259K(6464K)
[233.614s][info][gc             ] GC(628) Pause Young (Allocation Failure) 384M->213M(698M) 1.869ms
[233.614s][info][gc,cpu         ] GC(628) User=0.00s Sys=0.00s Real=0.00s
[233.878s][info][gc,start       ] GC(629) Pause Young (Allocation Failure)
[233.880s][info][gc,heap        ] GC(629) PSYoungGen: 169024K(174592K)->32K(163840K) Eden: 168960K(168960K)->0K(163328K) From: 64K(5632K)->32K(512K)
[233.880s][info][gc,heap        ] GC(629) ParOldGen: 218668K(540160K)->218676K(540160K)
[233.880s][info][gc,metaspace   ] GC(629) Metaspace: 35211K(35904K)->35211K(35904K) NonClass: 28951K(29440K)->28951K(29440K) Class: 6259K(6464K)->6259K(6464K)
[233.880s][info][gc             ] GC(629) Pause Young (Allocation Failure) 378M->213M(687M) 2.511ms
[233.880s][info][gc,cpu         ] GC(629) User=0.00s Sys=0.00s Real=0.00s
[234.064s][info][gc,start       ] GC(630) Pause Young (Allocation Failure)
[234.104s][info][gc,heap        ] GC(630) PSYoungGen: 163360K(163840K)->5120K(201216K) Eden: 163328K(163328K)->0K(196096K) From: 32K(512K)->5120K(5120K)
[234.104s][info][gc,heap        ] GC(630) ParOldGen: 218676K(540160K)->230364K(540160K)
[234.104s][info][gc,metaspace   ] GC(630) Metaspace: 35211K(35904K)->35211K(35904K) NonClass: 28951K(29440K)->28951K(29440K) Class: 6259K(6464K)->6259K(6464K)
[234.104s][info][gc             ] GC(630) Pause Young (Allocation Failure) 373M->229M(724M) 39.792ms
[234.104s][info][gc,cpu         ] GC(630) User=0.05s Sys=0.00s Real=0.04s
[234.315s][info][gc,start       ] GC(631) Pause Young (Allocation Failure)
[234.355s][info][gc,heap        ] GC(631) PSYoungGen: 201216K(201216K)->5120K(229888K) Eden: 196096K(196096K)->0K(224768K) From: 5120K(5120K)->5120K(5120K)
[234.355s][info][gc,heap        ] GC(631) ParOldGen: 230364K(540160K)->246452K(540160K)
[234.355s][info][gc,metaspace   ] GC(631) Metaspace: 35211K(35904K)->35211K(35904K) NonClass: 28951K(29440K)->28951K(29440K) Class: 6259K(6464K)->6259K(6464K)
[234.356s][info][gc             ] GC(631) Pause Young (Allocation Failure) 421M->245M(752M) 40.552ms
[234.356s][info][gc,cpu         ] GC(631) User=0.08s Sys=0.00s Real=0.04s
[234.601s][info][gc,start       ] GC(632) Pause Young (Allocation Failure)
[234.643s][info][gc,heap        ] GC(632) PSYoungGen: 229888K(229888K)->16896K(241664K) Eden: 224768K(224768K)->0K(224768K) From: 5120K(5120K)->16896K(16896K)
[234.643s][info][gc,heap        ] GC(632) ParOldGen: 246452K(540160K)->253916K(540160K)
[234.643s][info][gc,metaspace   ] GC(632) Metaspace: 35211K(35904K)->35211K(35904K) NonClass: 28951K(29440K)->28951K(29440K) Class: 6259K(6464K)->6259K(6464K)
[234.643s][info][gc             ] GC(632) Pause Young (Allocation Failure) 465M->264M(763M) 42.504ms
[234.643s][info][gc,cpu         ] GC(632) User=0.08s Sys=0.00s Real=0.04s
[234.759s][info][gc,start       ] GC(633) Pause Young (Allocation Failure)
[234.776s][info][gc,heap        ] GC(633) PSYoungGen: 241664K(241664K)->7616K(290816K) Eden: 224768K(224768K)->0K(269824K) From: 16896K(16896K)->7616K(20992K)
[234.776s][info][gc,heap        ] GC(633) ParOldGen: 253916K(540160K)->254188K(540160K)
[234.776s][info][gc,metaspace   ] GC(633) Metaspace: 35211K(35904K)->35211K(35904K) NonClass: 28951K(29440K)->28951K(29440K) Class: 6259K(6464K)->6259K(6464K)
[234.776s][info][gc             ] GC(633) Pause Young (Allocation Failure) 483M->255M(811M) 17.542ms
[234.776s][info][gc,cpu         ] GC(633) User=0.03s Sys=0.01s Real=0.02s
[235.082s][info][gc,start       ] GC(634) Pause Young (Allocation Failure)
[235.083s][info][gc,heap        ] GC(634) PSYoungGen: 277440K(290816K)->64K(291840K) Eden: 269824K(269824K)->0K(269824K) From: 7616K(20992K)->64K(22016K)
[235.083s][info][gc,heap        ] GC(634) ParOldGen: 254188K(540160K)->254196K(540160K)
[235.083s][info][gc,metaspace   ] GC(634) Metaspace: 35211K(35904K)->35211K(35904K) NonClass: 28951K(29440K)->28951K(29440K) Class: 6259K(6464K)->6259K(6464K)
[235.083s][info][gc             ] GC(634) Pause Young (Allocation Failure) 519M->248M(812M) 1.246ms
[235.083s][info][gc,cpu         ] GC(634) User=0.00s Sys=0.00s Real=0.00s
[235.715s][info][gc,start       ] GC(635) Pause Young (Allocation Failure)
[235.716s][info][gc,heap        ] GC(635) PSYoungGen: 269888K(291840K)->64K(310272K) Eden: 269824K(269824K)->0K(290304K) From: 64K(22016K)->64K(19968K)
[235.716s][info][gc,heap        ] GC(635) ParOldGen: 254196K(540160K)->254204K(540160K)
[235.716s][info][gc,metaspace   ] GC(635) Metaspace: 35211K(35904K)->35211K(35904K) NonClass: 28951K(29440K)->28951K(29440K) Class: 6259K(6464K)->6259K(6464K)
[235.716s][info][gc             ] GC(635) Pause Young (Allocation Failure) 511M->248M(830M) 1.199ms
[235.716s][info][gc,cpu         ] GC(635) User=0.00s Sys=0.00s Real=0.00s
[236.020s][info][gc,start       ] GC(636) Pause Young (Allocation Failure)
[236.022s][info][gc,heap        ] GC(636) PSYoungGen: 290368K(310272K)->32K(311296K) Eden: 290304K(290304K)->0K(290304K) From: 64K(19968K)->32K(20992K)
[236.022s][info][gc,heap        ] GC(636) ParOldGen: 254204K(540160K)->254212K(540160K)
[236.022s][info][gc,metaspace   ] GC(636) Metaspace: 35211K(35904K)->35211K(35904K) NonClass: 28951K(29440K)->28951K(29440K) Class: 6259K(6464K)->6259K(6464K)
[236.022s][info][gc             ] GC(636) Pause Young (Allocation Failure) 531M->248M(831M) 1.482ms
[236.022s][info][gc,cpu         ] GC(636) User=0.00s Sys=0.00s Real=0.00s
[236.392s][info][gc,start       ] GC(637) Pause Young (Allocation Failure)
[236.393s][info][gc,heap        ] GC(637) PSYoungGen: 290336K(311296K)->32K(311808K) Eden: 290304K(290304K)->0K(292864K) From: 32K(20992K)->32K(18944K)
[236.393s][info][gc,heap        ] GC(637) ParOldGen: 254212K(540160K)->254220K(540160K)
[236.393s][info][gc,metaspace   ] GC(637) Metaspace: 35211K(35904K)->35211K(35904K) NonClass: 28951K(29440K)->28951K(29440K) Class: 6259K(6464K)->6259K(6464K)
[236.393s][info][gc             ] GC(637) Pause Young (Allocation Failure) 531M->248M(832M) 1.569ms
[236.393s][info][gc,cpu         ] GC(637) User=0.00s Sys=0.00s Real=0.00s
[236.592s][info][gc,start       ] GC(638) Pause Young (Allocation Failure)
[236.593s][info][gc,heap        ] GC(638) PSYoungGen: 292896K(311808K)->32K(312320K) Eden: 292864K(292864K)->0K(292864K) From: 32K(18944K)->32K(19456K)
[236.594s][info][gc,heap        ] GC(638) ParOldGen: 254220K(540160K)->254228K(540160K)
[236.594s][info][gc,metaspace   ] GC(638) Metaspace: 35211K(35904K)->35211K(35904K) NonClass: 28951K(29440K)->28951K(29440K) Class: 6259K(6464K)->6259K(6464K)
[236.594s][info][gc             ] GC(638) Pause Young (Allocation Failure) 534M->248M(832M) 1.453ms
[236.594s][info][gc,cpu         ] GC(638) User=0.00s Sys=0.00s Real=0.00s
[236.902s][info][gc,start       ] GC(639) Pause Young (Allocation Failure)
[236.904s][info][gc,heap        ] GC(639) PSYoungGen: 292896K(312320K)->64K(313856K) Eden: 292864K(292864K)->0K(295936K) From: 32K(19456K)->64K(17920K)
[236.904s][info][gc,heap        ] GC(639) ParOldGen: 254228K(540160K)->254228K(540160K)
[236.904s][info][gc,metaspace   ] GC(639) Metaspace: 35211K(35904K)->35211K(35904K) NonClass: 28951K(29440K)->28951K(29440K) Class: 6259K(6464K)->6259K(6464K)
[236.904s][info][gc             ] GC(639) Pause Young (Allocation Failure) 534M->248M(834M) 1.540ms
[236.904s][info][gc,cpu         ] GC(639) User=0.00s Sys=0.00s Real=0.00s
[237.055s][info][gc,start       ] GC(640) Pause Young (Allocation Failure)
[237.057s][info][gc,heap        ] GC(640) PSYoungGen: 296000K(313856K)->32K(313856K) Eden: 295936K(295936K)->0K(295936K) From: 64K(17920K)->32K(17920K)
[237.057s][info][gc,heap        ] GC(640) ParOldGen: 254228K(540160K)->254236K(540160K)
[237.057s][info][gc,metaspace   ] GC(640) Metaspace: 35211K(35904K)->35211K(35904K) NonClass: 28951K(29440K)->28951K(29440K) Class: 6259K(6464K)->6259K(6464K)
[237.057s][info][gc             ] GC(640) Pause Young (Allocation Failure) 537M->248M(834M) 1.432ms
[237.057s][info][gc,cpu         ] GC(640) User=0.00s Sys=0.00s Real=0.00s
[237.111s][info][gc,start       ] GC(641) Pause Young (Allocation Failure)
[237.112s][info][gc,heap        ] GC(641) PSYoungGen: 295968K(313856K)->32K(314880K) Eden: 295936K(295936K)->0K(299008K) From: 32K(17920K)->32K(15872K)
[237.112s][info][gc,heap        ] GC(641) ParOldGen: 254236K(540160K)->254244K(540160K)
[237.112s][info][gc,metaspace   ] GC(641) Metaspace: 35211K(35904K)->35211K(35904K) NonClass: 28951K(29440K)->28951K(29440K) Class: 6259K(6464K)->6259K(6464K)
[237.112s][info][gc             ] GC(641) Pause Young (Allocation Failure) 537M->248M(835M) 1.344ms
[237.112s][info][gc,cpu         ] GC(641) User=0.00s Sys=0.00s Real=0.00s
[237.236s][info][gc,start       ] GC(642) Pause Young (Allocation Failure)
[237.237s][info][gc,heap        ] GC(642) PSYoungGen: 299040K(314880K)->64K(314880K) Eden: 299008K(299008K)->0K(299008K) From: 32K(15872K)->64K(15872K)
[237.237s][info][gc,heap        ] GC(642) ParOldGen: 254244K(540160K)->254244K(540160K)
[237.237s][info][gc,metaspace   ] GC(642) Metaspace: 35211K(35904K)->35211K(35904K) NonClass: 28951K(29440K)->28951K(29440K) Class: 6259K(6464K)->6259K(6464K)
[237.237s][info][gc             ] GC(642) Pause Young (Allocation Failure) 540M->248M(835M) 1.152ms
[237.237s][info][gc,cpu         ] GC(642) User=0.00s Sys=0.00s Real=0.00s
[237.501s][info][gc,start       ] GC(643) Pause Young (Allocation Failure)
[237.502s][info][gc,heap        ] GC(643) PSYoungGen: 299072K(314880K)->64K(316416K) Eden: 299008K(299008K)->0K(302592K) From: 64K(15872K)->64K(13824K)
[237.502s][info][gc,heap        ] GC(643) ParOldGen: 254244K(540160K)->254252K(540160K)
[237.502s][info][gc,metaspace   ] GC(643) Metaspace: 35211K(35904K)->35211K(35904K) NonClass: 28951K(29440K)->28951K(29440K) Class: 6259K(6464K)->6259K(6464K)
[237.502s][info][gc             ] GC(643) Pause Young (Allocation Failure) 540M->248M(836M) 1.273ms
[237.502s][info][gc,cpu         ] GC(643) User=0.00s Sys=0.00s Real=0.00s
[237.679s][info][gc,start       ] GC(644) Pause Young (Allocation Failure)
[237.681s][info][gc,heap        ] GC(644) PSYoungGen: 302656K(316416K)->64K(316928K) Eden: 302592K(302592K)->0K(302592K) From: 64K(13824K)->64K(14336K)
[237.681s][info][gc,heap        ] GC(644) ParOldGen: 254252K(540160K)->254260K(540160K)
[237.681s][info][gc,metaspace   ] GC(644) Metaspace: 35211K(35904K)->35211K(35904K) NonClass: 28951K(29440K)->28951K(29440K) Class: 6259K(6464K)->6259K(6464K)
[237.681s][info][gc             ] GC(644) Pause Young (Allocation Failure) 543M->248M(837M) 1.886ms
[237.681s][info][gc,cpu         ] GC(644) User=0.01s Sys=0.00s Real=0.00s
[237.764s][info][gc,start       ] GC(645) Pause Young (Allocation Failure)
[237.765s][info][gc,heap        ] GC(645) PSYoungGen: 302656K(316928K)->64K(318976K) Eden: 302592K(302592K)->0K(306176K) From: 64K(14336K)->64K(12800K)
[237.765s][info][gc,heap        ] GC(645) ParOldGen: 254260K(540160K)->254276K(540160K)
[237.765s][info][gc,metaspace   ] GC(645) Metaspace: 35211K(35904K)->35211K(35904K) NonClass: 28951K(29440K)->28951K(29440K) Class: 6259K(6464K)->6259K(6464K)
[237.765s][info][gc             ] GC(645) Pause Young (Allocation Failure) 543M->248M(839M) 1.181ms
[237.765s][info][gc,cpu         ] GC(645) User=0.00s Sys=0.00s Real=0.01s
[237.935s][info][gc,start       ] GC(646) Pause Young (Allocation Failure)
[237.936s][info][gc,heap        ] GC(646) PSYoungGen: 306240K(318976K)->64K(318976K) Eden: 306176K(306176K)->0K(306176K) From: 64K(12800K)->64K(12800K)
[237.936s][info][gc,heap        ] GC(646) ParOldGen: 254276K(540160K)->254276K(540160K)
[237.936s][info][gc,metaspace   ] GC(646) Metaspace: 35211K(35904K)->35211K(35904K) NonClass: 28951K(29440K)->28951K(29440K) Class: 6259K(6464K)->6259K(6464K)
[237.936s][info][gc             ] GC(646) Pause Young (Allocation Failure) 547M->248M(839M) 1.438ms
[237.936s][info][gc,cpu         ] GC(646) User=0.00s Sys=0.00s Real=0.00s
[238.360s][info][gc,start       ] GC(647) Pause Young (Allocation Failure)
[238.361s][info][gc,heap        ] GC(647) PSYoungGen: 306240K(318976K)->64K(294400K) Eden: 306176K(306176K)->0K(293888K) From: 64K(12800K)->64K(512K)
[238.361s][info][gc,heap        ] GC(647) ParOldGen: 254276K(540160K)->254284K(540160K)
[238.361s][info][gc,metaspace   ] GC(647) Metaspace: 35211K(35904K)->35211K(35904K) NonClass: 28951K(29440K)->28951K(29440K) Class: 6259K(6464K)->6259K(6464K)
[238.361s][info][gc             ] GC(647) Pause Young (Allocation Failure) 547M->248M(815M) 1.594ms
[238.361s][info][gc,cpu         ] GC(647) User=0.00s Sys=0.00s Real=0.00s
[239.792s][info][gc,start       ] GC(648) Pause Young (Allocation Failure)
[239.794s][info][gc,heap        ] GC(648) PSYoungGen: 293952K(294400K)->32K(293376K) Eden: 293888K(293888K)->0K(282112K) From: 64K(512K)->32K(11264K)
[239.794s][info][gc,heap        ] GC(648) ParOldGen: 254284K(540160K)->254292K(540160K)
[239.794s][info][gc,metaspace   ] GC(648) Metaspace: 35211K(35904K)->35211K(35904K) NonClass: 28951K(29440K)->28951K(29440K) Class: 6259K(6464K)->6259K(6464K)
[239.794s][info][gc             ] GC(648) Pause Young (Allocation Failure) 535M->248M(814M) 1.487ms
[239.794s][info][gc,cpu         ] GC(648) User=0.00s Sys=0.00s Real=0.00s
[239.982s][info][gc,start       ] GC(649) Pause Young (Allocation Failure)
[239.984s][info][gc,heap        ] GC(649) PSYoungGen: 282144K(293376K)->64K(271360K) Eden: 282112K(282112K)->0K(270848K) From: 32K(11264K)->64K(512K)
[239.984s][info][gc,heap        ] GC(649) ParOldGen: 254292K(540160K)->254300K(540160K)
[239.984s][info][gc,metaspace   ] GC(649) Metaspace: 35211K(35904K)->35211K(35904K) NonClass: 28951K(29440K)->28951K(29440K) Class: 6259K(6464K)->6259K(6464K)
[239.984s][info][gc             ] GC(649) Pause Young (Allocation Failure) 523M->248M(792M) 1.758ms
[239.984s][info][gc,cpu         ] GC(649) User=0.00s Sys=0.00s Real=0.00s
[240.439s][info][gc,start       ] GC(650) Pause Young (Allocation Failure)
[240.441s][info][gc,heap        ] GC(650) PSYoungGen: 270912K(271360K)->32K(269824K) Eden: 270848K(270848K)->0K(260096K) From: 64K(512K)->32K(9728K)
[240.441s][info][gc,heap        ] GC(650) ParOldGen: 254300K(540160K)->254308K(540160K)
[240.441s][info][gc,metaspace   ] GC(650) Metaspace: 35211K(35904K)->35211K(35904K) NonClass: 28951K(29440K)->28951K(29440K) Class: 6259K(6464K)->6259K(6464K)
[240.441s][info][gc             ] GC(650) Pause Young (Allocation Failure) 512M->248M(791M) 1.852ms
[240.441s][info][gc,cpu         ] GC(650) User=0.00s Sys=0.00s Real=0.00s
[241.416s][info][gc,start       ] GC(651) Pause Young (Allocation Failure)
[241.420s][info][gc,heap        ] GC(651) PSYoungGen: 260128K(269824K)->64K(250368K) Eden: 260096K(260096K)->0K(249856K) From: 32K(9728K)->64K(512K)
[241.420s][info][gc,heap        ] GC(651) ParOldGen: 254308K(540160K)->254316K(540160K)
[241.420s][info][gc,metaspace   ] GC(651) Metaspace: 35211K(35904K)->35211K(35904K) NonClass: 28951K(29440K)->28951K(29440K) Class: 6259K(6464K)->6259K(6464K)
[241.420s][info][gc             ] GC(651) Pause Young (Allocation Failure) 502M->248M(772M) 3.914ms
[241.420s][info][gc,cpu         ] GC(651) User=0.00s Sys=0.00s Real=0.00s
[241.804s][info][gc,start       ] GC(652) Pause Young (Allocation Failure)
[241.807s][info][gc,heap        ] GC(652) PSYoungGen: 249920K(250368K)->64K(248832K) Eden: 249856K(249856K)->0K(240128K) From: 64K(512K)->64K(8704K)
[241.807s][info][gc,heap        ] GC(652) ParOldGen: 254316K(540160K)->254332K(540160K)
[241.807s][info][gc,metaspace   ] GC(652) Metaspace: 35211K(35904K)->35211K(35904K) NonClass: 28951K(29440K)->28951K(29440K) Class: 6259K(6464K)->6259K(6464K)
[241.807s][info][gc             ] GC(652) Pause Young (Allocation Failure) 492M->248M(770M) 3.102ms
[241.807s][info][gc,cpu         ] GC(652) User=0.00s Sys=0.00s Real=0.01s
[241.997s][info][gc,start       ] GC(653) Pause Young (Allocation Failure)
[242.000s][info][gc,heap        ] GC(653) PSYoungGen: 240192K(248832K)->32K(231424K) Eden: 240128K(240128K)->0K(230912K) From: 64K(8704K)->32K(512K)
[242.000s][info][gc,heap        ] GC(653) ParOldGen: 254332K(540160K)->254340K(540160K)
[242.000s][info][gc,metaspace   ] GC(653) Metaspace: 35211K(35904K)->35211K(35904K) NonClass: 28951K(29440K)->28951K(29440K) Class: 6259K(6464K)->6259K(6464K)
[242.000s][info][gc             ] GC(653) Pause Young (Allocation Failure) 482M->248M(753M) 3.079ms
[242.000s][info][gc,cpu         ] GC(653) User=0.01s Sys=0.01s Real=0.00s
[242.067s][info][gc,start       ] GC(654) Pause Young (Allocation Failure)
[242.069s][info][gc,heap        ] GC(654) PSYoungGen: 230944K(231424K)->64K(285184K) Eden: 230912K(230912K)->0K(277504K) From: 32K(512K)->64K(7680K)
[242.069s][info][gc,heap        ] GC(654) ParOldGen: 254340K(540160K)->254356K(540160K)
[242.069s][info][gc,metaspace   ] GC(654) Metaspace: 35211K(35904K)->35211K(35904K) NonClass: 28951K(29440K)->28951K(29440K) Class: 6259K(6464K)->6259K(6464K)
[242.069s][info][gc             ] GC(654) Pause Young (Allocation Failure) 473M->248M(806M) 1.891ms
[242.069s][info][gc,cpu         ] GC(654) User=0.00s Sys=0.00s Real=0.00s
[242.664s][info][gc,start       ] GC(655) Pause Young (Allocation Failure)
[242.667s][info][gc,heap        ] GC(655) PSYoungGen: 277568K(285184K)->64K(267264K) Eden: 277504K(277504K)->0K(266752K) From: 64K(7680K)->64K(512K)
[242.667s][info][gc,heap        ] GC(655) ParOldGen: 254356K(540160K)->254372K(540160K)
[242.667s][info][gc,metaspace   ] GC(655) Metaspace: 35211K(35904K)->35211K(35904K) NonClass: 28951K(29440K)->28951K(29440K) Class: 6259K(6464K)->6259K(6464K)
[242.667s][info][gc             ] GC(655) Pause Young (Allocation Failure) 519M->248M(788M) 2.662ms
[242.667s][info][gc,cpu         ] GC(655) User=0.00s Sys=0.00s Real=0.01s
[242.967s][info][gc,start       ] GC(656) Pause Young (Allocation Failure)
[242.969s][info][gc,heap        ] GC(656) PSYoungGen: 266816K(267264K)->64K(263168K) Eden: 266752K(266752K)->0K(256512K) From: 64K(512K)->64K(6656K)
[242.969s][info][gc,heap        ] GC(656) ParOldGen: 254372K(540160K)->254388K(540160K)
[242.969s][info][gc,metaspace   ] GC(656) Metaspace: 35211K(35904K)->35211K(35904K) NonClass: 28951K(29440K)->28951K(29440K) Class: 6259K(6464K)->6259K(6464K)
[242.969s][info][gc             ] GC(656) Pause Young (Allocation Failure) 508M->248M(784M) 1.907ms
[242.969s][info][gc,cpu         ] GC(656) User=0.00s Sys=0.00s Real=0.00s
[243.303s][info][gc,start       ] GC(657) Pause Young (Allocation Failure)
[243.340s][info][gc,heap        ] GC(657) PSYoungGen: 256576K(263168K)->6144K(275456K) Eden: 256512K(256512K)->0K(269312K) From: 64K(6656K)->6144K(6144K)
[243.340s][info][gc,heap        ] GC(657) ParOldGen: 254388K(540160K)->267260K(540160K)
[243.340s][info][gc,metaspace   ] GC(657) Metaspace: 35211K(35904K)->35211K(35904K) NonClass: 28951K(29440K)->28951K(29440K) Class: 6259K(6464K)->6259K(6464K)
[243.340s][info][gc             ] GC(657) Pause Young (Allocation Failure) 498M->266M(796M) 37.225ms
[243.340s][info][gc,cpu         ] GC(657) User=0.07s Sys=0.00s Real=0.04s
[243.634s][info][gc,start       ] GC(658) Pause Young (Allocation Failure)
[243.692s][info][gc,heap        ] GC(658) PSYoungGen: 275456K(275456K)->12288K(281600K) Eden: 269312K(269312K)->0K(269312K) From: 6144K(6144K)->12288K(12288K)
[243.692s][info][gc,heap        ] GC(658) ParOldGen: 267260K(540160K)->283964K(540160K)
[243.692s][info][gc,metaspace   ] GC(658) Metaspace: 35211K(35904K)->35211K(35904K) NonClass: 28951K(29440K)->28951K(29440K) Class: 6259K(6464K)->6259K(6464K)
[243.692s][info][gc             ] GC(658) Pause Young (Allocation Failure) 529M->289M(802M) 58.086ms
[243.692s][info][gc,cpu         ] GC(658) User=0.11s Sys=0.00s Real=0.06s
[243.931s][info][gc,start       ] GC(659) Pause Young (Allocation Failure)
[243.979s][info][gc,heap        ] GC(659) PSYoungGen: 281600K(281600K)->20992K(303616K) Eden: 269312K(269312K)->0K(282624K) From: 12288K(12288K)->20992K(20992K)
[243.979s][info][gc,heap        ] GC(659) ParOldGen: 283964K(540160K)->284996K(540160K)
[243.979s][info][gc,metaspace   ] GC(659) Metaspace: 35211K(35904K)->35211K(35904K) NonClass: 28951K(29440K)->28951K(29440K) Class: 6259K(6464K)->6259K(6464K)
[243.979s][info][gc             ] GC(659) Pause Young (Allocation Failure) 552M->298M(824M) 48.023ms
[243.979s][info][gc,cpu         ] GC(659) User=0.09s Sys=0.01s Real=0.05s
[244.118s][info][gc,start       ] GC(660) Pause Young (Allocation Failure)
[244.119s][info][gc,heap        ] GC(660) PSYoungGen: 303616K(303616K)->64K(308224K) Eden: 282624K(282624K)->0K(282624K) From: 20992K(20992K)->64K(25600K)
[244.119s][info][gc,heap        ] GC(660) ParOldGen: 284996K(540160K)->285020K(540160K)
[244.119s][info][gc,metaspace   ] GC(660) Metaspace: 35211K(35904K)->35211K(35904K) NonClass: 28951K(29440K)->28951K(29440K) Class: 6259K(6464K)->6259K(6464K)
[244.119s][info][gc             ] GC(660) Pause Young (Allocation Failure) 574M->278M(828M) 1.402ms
[244.119s][info][gc,cpu         ] GC(660) User=0.01s Sys=0.00s Real=0.00s
[244.814s][info][gc,start       ] GC(661) Pause Young (Allocation Failure)
[244.816s][info][gc,heap        ] GC(661) PSYoungGen: 282688K(308224K)->64K(305664K) Eden: 282624K(282624K)->0K(283136K) From: 64K(25600K)->64K(22528K)
[244.816s][info][gc,heap        ] GC(661) ParOldGen: 285020K(540160K)->285036K(540160K)
[244.816s][info][gc,metaspace   ] GC(661) Metaspace: 35211K(35904K)->35211K(35904K) NonClass: 28951K(29440K)->28951K(29440K) Class: 6259K(6464K)->6259K(6464K)
[244.816s][info][gc             ] GC(661) Pause Young (Allocation Failure) 554M->278M(826M) 1.512ms
[244.816s][info][gc,cpu         ] GC(661) User=0.00s Sys=0.00s Real=0.00s
[245.130s][info][gc,start       ] GC(662) Pause Young (Allocation Failure)
[245.131s][info][gc,heap        ] GC(662) PSYoungGen: 283200K(305664K)->64K(307200K) Eden: 283136K(283136K)->0K(283136K) From: 64K(22528K)->64K(24064K)
[245.131s][info][gc,heap        ] GC(662) ParOldGen: 285036K(540160K)->285036K(540160K)
[245.131s][info][gc,metaspace   ] GC(662) Metaspace: 35211K(35904K)->35211K(35904K) NonClass: 28951K(29440K)->28951K(29440K) Class: 6259K(6464K)->6259K(6464K)
[245.131s][info][gc             ] GC(662) Pause Young (Allocation Failure) 554M->278M(827M) 1.320ms
[245.131s][info][gc,cpu         ] GC(662) User=0.00s Sys=0.00s Real=0.00s
[245.534s][info][gc,start       ] GC(663) Pause Young (Allocation Failure)
[245.535s][info][gc,heap        ] GC(663) PSYoungGen: 283200K(307200K)->64K(307200K) Eden: 283136K(283136K)->0K(286208K) From: 64K(24064K)->64K(20992K)
[245.535s][info][gc,heap        ] GC(663) ParOldGen: 285036K(540160K)->285052K(540160K)
[245.535s][info][gc,metaspace   ] GC(663) Metaspace: 35211K(35904K)->35211K(35904K) NonClass: 28951K(29440K)->28951K(29440K) Class: 6259K(6464K)->6259K(6464K)
[245.535s][info][gc             ] GC(663) Pause Young (Allocation Failure) 554M->278M(827M) 1.383ms
[245.535s][info][gc,cpu         ] GC(663) User=0.00s Sys=0.00s Real=0.01s
[245.724s][info][gc,start       ] GC(664) Pause Young (Allocation Failure)
[245.726s][info][gc,heap        ] GC(664) PSYoungGen: 286272K(307200K)->32K(308736K) Eden: 286208K(286208K)->0K(286208K) From: 64K(20992K)->32K(22528K)
[245.726s][info][gc,heap        ] GC(664) ParOldGen: 285052K(540160K)->285068K(540160K)
[245.726s][info][gc,metaspace   ] GC(664) Metaspace: 35211K(35904K)->35211K(35904K) NonClass: 28951K(29440K)->28951K(29440K) Class: 6259K(6464K)->6259K(6464K)
[245.726s][info][gc             ] GC(664) Pause Young (Allocation Failure) 557M->278M(829M) 1.220ms
[245.726s][info][gc,cpu         ] GC(664) User=0.00s Sys=0.00s Real=0.00s
[245.914s][info][gc,start       ] GC(665) Pause Young (Allocation Failure)
[245.916s][info][gc,heap        ] GC(665) PSYoungGen: 286240K(308736K)->64K(308736K) Eden: 286208K(286208K)->0K(289792K) From: 32K(22528K)->64K(18944K)
[245.916s][info][gc,heap        ] GC(665) ParOldGen: 285068K(540160K)->285068K(540160K)
[245.916s][info][gc,metaspace   ] GC(665) Metaspace: 35211K(35904K)->35211K(35904K) NonClass: 28951K(29440K)->28951K(29440K) Class: 6259K(6464K)->6259K(6464K)
[245.916s][info][gc             ] GC(665) Pause Young (Allocation Failure) 557M->278M(829M) 1.345ms
[245.916s][info][gc,cpu         ] GC(665) User=0.00s Sys=0.00s Real=0.01s
[246.218s][info][gc,start       ] GC(666) Pause Young (Allocation Failure)
[246.219s][info][gc,heap        ] GC(666) PSYoungGen: 289856K(308736K)->64K(310272K) Eden: 289792K(289792K)->0K(289792K) From: 64K(18944K)->64K(20480K)
[246.219s][info][gc,heap        ] GC(666) ParOldGen: 285068K(540160K)->285068K(540160K)
[246.219s][info][gc,metaspace   ] GC(666) Metaspace: 35211K(35904K)->35211K(35904K) NonClass: 28951K(29440K)->28951K(29440K) Class: 6259K(6464K)->6259K(6464K)
[246.219s][info][gc             ] GC(666) Pause Young (Allocation Failure) 561M->278M(830M) 1.249ms
[246.219s][info][gc,cpu         ] GC(666) User=0.01s Sys=0.00s Real=0.00s
[246.272s][info][gc,start       ] GC(667) Pause Young (Allocation Failure)
[246.273s][info][gc,heap        ] GC(667) PSYoungGen: 289856K(310272K)->32K(310784K) Eden: 289792K(289792K)->0K(293888K) From: 64K(20480K)->32K(16896K)
[246.273s][info][gc,heap        ] GC(667) ParOldGen: 285068K(540160K)->285084K(540160K)
[246.273s][info][gc,metaspace   ] GC(667) Metaspace: 35211K(35904K)->35211K(35904K) NonClass: 28951K(29440K)->28951K(29440K) Class: 6259K(6464K)->6259K(6464K)
[246.273s][info][gc             ] GC(667) Pause Young (Allocation Failure) 561M->278M(831M) 1.101ms
[246.273s][info][gc,cpu         ] GC(667) User=0.00s Sys=0.00s Real=0.00s
[246.330s][info][gc,start       ] GC(668) Pause Young (Allocation Failure)
[246.331s][info][gc,heap        ] GC(668) PSYoungGen: 293920K(310784K)->64K(312320K) Eden: 293888K(293888K)->0K(293888K) From: 32K(16896K)->64K(18432K)
[246.331s][info][gc,heap        ] GC(668) ParOldGen: 285084K(540160K)->285084K(540160K)
[246.331s][info][gc,metaspace   ] GC(668) Metaspace: 35211K(35904K)->35211K(35904K) NonClass: 28951K(29440K)->28951K(29440K) Class: 6259K(6464K)->6259K(6464K)
[246.331s][info][gc             ] GC(668) Pause Young (Allocation Failure) 565M->278M(832M) 1.085ms
[246.331s][info][gc,cpu         ] GC(668) User=0.00s Sys=0.00s Real=0.00s
[246.581s][info][gc,start       ] GC(669) Pause Young (Allocation Failure)
[246.582s][info][gc,heap        ] GC(669) PSYoungGen: 293952K(312320K)->64K(312832K) Eden: 293888K(293888K)->0K(297984K) From: 64K(18432K)->64K(14848K)
[246.582s][info][gc,heap        ] GC(669) ParOldGen: 285084K(540160K)->285084K(540160K)
[246.582s][info][gc,metaspace   ] GC(669) Metaspace: 35211K(35904K)->35211K(35904K) NonClass: 28951K(29440K)->28951K(29440K) Class: 6259K(6464K)->6259K(6464K)
[246.582s][info][gc             ] GC(669) Pause Young (Allocation Failure) 565M->278M(833M) 1.245ms
[246.582s][info][gc,cpu         ] GC(669) User=0.00s Sys=0.00s Real=0.00s
[246.806s][info][gc,start       ] GC(670) Pause Young (Allocation Failure)
[246.808s][info][gc,heap        ] GC(670) PSYoungGen: 298048K(312832K)->64K(314368K) Eden: 297984K(297984K)->0K(297984K) From: 64K(14848K)->64K(16384K)
[246.808s][info][gc,heap        ] GC(670) ParOldGen: 285084K(540160K)->285092K(540160K)
[246.808s][info][gc,metaspace   ] GC(670) Metaspace: 35211K(35904K)->35211K(35904K) NonClass: 28951K(29440K)->28951K(29440K) Class: 6259K(6464K)->6259K(6464K)
[246.808s][info][gc             ] GC(670) Pause Young (Allocation Failure) 569M->278M(834M) 1.236ms
[246.808s][info][gc,cpu         ] GC(670) User=0.00s Sys=0.00s Real=0.00s
[246.902s][info][gc,start       ] GC(671) Pause Young (Allocation Failure)
[246.903s][info][gc,heap        ] GC(671) PSYoungGen: 298048K(314368K)->64K(314880K) Eden: 297984K(297984K)->0K(302080K) From: 64K(16384K)->64K(12800K)
[246.903s][info][gc,heap        ] GC(671) ParOldGen: 285092K(540160K)->285100K(540160K)
[246.903s][info][gc,metaspace   ] GC(671) Metaspace: 35211K(35904K)->35211K(35904K) NonClass: 28951K(29440K)->28951K(29440K) Class: 6259K(6464K)->6259K(6464K)
[246.903s][info][gc             ] GC(671) Pause Young (Allocation Failure) 569M->278M(835M) 1.268ms
[246.903s][info][gc,cpu         ] GC(671) User=0.01s Sys=0.00s Real=0.00s
[247.027s][info][gc,start       ] GC(672) Pause Young (Allocation Failure)
[247.028s][info][gc,heap        ] GC(672) PSYoungGen: 302144K(314880K)->64K(316416K) Eden: 302080K(302080K)->0K(302080K) From: 64K(12800K)->64K(14336K)
[247.028s][info][gc,heap        ] GC(672) ParOldGen: 285100K(540160K)->285108K(540160K)
[247.028s][info][gc,metaspace   ] GC(672) Metaspace: 35211K(35904K)->35211K(35904K) NonClass: 28951K(29440K)->28951K(29440K) Class: 6259K(6464K)->6259K(6464K)
[247.028s][info][gc             ] GC(672) Pause Young (Allocation Failure) 573M->278M(836M) 1.225ms
[247.028s][info][gc,cpu         ] GC(672) User=0.01s Sys=0.00s Real=0.00s
[247.390s][info][gc,start       ] GC(673) Pause Young (Allocation Failure)
[247.392s][info][gc,heap        ] GC(673) PSYoungGen: 302144K(316416K)->64K(290304K) Eden: 302080K(302080K)->0K(289792K) From: 64K(14336K)->64K(512K)
[247.392s][info][gc,heap        ] GC(673) ParOldGen: 285108K(540160K)->285116K(540160K)
[247.392s][info][gc,metaspace   ] GC(673) Metaspace: 35211K(35904K)->35211K(35904K) NonClass: 28951K(29440K)->28951K(29440K) Class: 6259K(6464K)->6259K(6464K)
[247.392s][info][gc             ] GC(673) Pause Young (Allocation Failure) 573M->278M(811M) 2.065ms
[247.392s][info][gc,cpu         ] GC(673) User=0.00s Sys=0.00s Real=0.00s
[248.130s][info][gc,start       ] GC(674) Pause Young (Allocation Failure)
[248.131s][info][gc,heap        ] GC(674) PSYoungGen: 289856K(290304K)->64K(290816K) Eden: 289792K(289792K)->0K(278016K) From: 64K(512K)->64K(12800K)
[248.131s][info][gc,heap        ] GC(674) ParOldGen: 285116K(540160K)->285124K(540160K)
[248.131s][info][gc,metaspace   ] GC(674) Metaspace: 35211K(35904K)->35211K(35904K) NonClass: 28951K(29440K)->28951K(29440K) Class: 6259K(6464K)->6259K(6464K)
[248.131s][info][gc             ] GC(674) Pause Young (Allocation Failure) 561M->278M(811M) 1.195ms
[248.131s][info][gc,cpu         ] GC(674) User=0.01s Sys=0.00s Real=0.00s
[249.043s][info][gc,start       ] GC(675) Pause Young (Allocation Failure)
[249.044s][info][gc,heap        ] GC(675) PSYoungGen: 278080K(290816K)->64K(267776K) Eden: 278016K(278016K)->0K(267264K) From: 64K(12800K)->64K(512K)
[249.044s][info][gc,heap        ] GC(675) ParOldGen: 285124K(540160K)->285132K(540160K)
[249.044s][info][gc,metaspace   ] GC(675) Metaspace: 35211K(35904K)->35211K(35904K) NonClass: 28951K(29440K)->28951K(29440K) Class: 6259K(6464K)->6259K(6464K)
[249.044s][info][gc             ] GC(675) Pause Young (Allocation Failure) 550M->278M(789M) 1.773ms
[249.044s][info][gc,cpu         ] GC(675) User=0.01s Sys=0.00s Real=0.00s
[249.404s][info][gc,start       ] GC(676) Pause Young (Allocation Failure)
[249.406s][info][gc,heap        ] GC(676) PSYoungGen: 267328K(267776K)->64K(268288K) Eden: 267264K(267264K)->0K(257024K) From: 64K(512K)->64K(11264K)
[249.406s][info][gc,heap        ] GC(676) ParOldGen: 285132K(540160K)->285148K(540160K)
[249.406s][info][gc,metaspace   ] GC(676) Metaspace: 35211K(35904K)->35211K(35904K) NonClass: 28951K(29440K)->28951K(29440K) Class: 6259K(6464K)->6259K(6464K)
[249.406s][info][gc             ] GC(676) Pause Young (Allocation Failure) 539M->278M(789M) 2.202ms
[249.406s][info][gc,cpu         ] GC(676) User=0.01s Sys=0.00s Real=0.01s
[249.764s][info][gc,start       ] GC(677) Pause Young (Allocation Failure)
[249.767s][info][gc,heap        ] GC(677) PSYoungGen: 257088K(268288K)->64K(247296K) Eden: 257024K(257024K)->0K(246784K) From: 64K(11264K)->64K(512K)
[249.767s][info][gc,heap        ] GC(677) ParOldGen: 285148K(540160K)->285164K(540160K)
[249.767s][info][gc,metaspace   ] GC(677) Metaspace: 35211K(35904K)->35211K(35904K) NonClass: 28951K(29440K)->28951K(29440K) Class: 6259K(6464K)->6259K(6464K)
[249.767s][info][gc             ] GC(677) Pause Young (Allocation Failure) 529M->278M(769M) 2.638ms
[249.767s][info][gc,cpu         ] GC(677) User=0.00s Sys=0.01s Real=0.01s
[250.695s][info][gc,start       ] GC(678) Pause Young (Allocation Failure)
[250.697s][info][gc,heap        ] GC(678) PSYoungGen: 246848K(247296K)->32K(246784K) Eden: 246784K(246784K)->0K(237056K) From: 64K(512K)->32K(9728K)
[250.697s][info][gc,heap        ] GC(678) ParOldGen: 285164K(540160K)->285180K(540160K)
[250.697s][info][gc,metaspace   ] GC(678) Metaspace: 35211K(35904K)->35211K(35904K) NonClass: 28951K(29440K)->28951K(29440K) Class: 6259K(6464K)->6259K(6464K)
[250.697s][info][gc             ] GC(678) Pause Young (Allocation Failure) 519M->278M(768M) 2.221ms
[250.697s][info][gc,cpu         ] GC(678) User=0.00s Sys=0.00s Real=0.00s
[251.029s][info][gc,start       ] GC(679) Pause Young (Allocation Failure)
[251.032s][info][gc,heap        ] GC(679) PSYoungGen: 237088K(246784K)->32K(228352K) Eden: 237056K(237056K)->0K(227840K) From: 32K(9728K)->32K(512K)
[251.032s][info][gc,heap        ] GC(679) ParOldGen: 285180K(540160K)->285188K(540160K)
[251.032s][info][gc,metaspace   ] GC(679) Metaspace: 35211K(35904K)->35211K(35904K) NonClass: 28951K(29440K)->28951K(29440K) Class: 6259K(6464K)->6259K(6464K)
[251.032s][info][gc             ] GC(679) Pause Young (Allocation Failure) 510M->278M(750M) 2.965ms
[251.032s][info][gc,cpu         ] GC(679) User=0.00s Sys=0.00s Real=0.00s
[251.181s][info][gc,start       ] GC(680) Pause Young (Allocation Failure)
[251.183s][info][gc,heap        ] GC(680) PSYoungGen: 227872K(228352K)->64K(227328K) Eden: 227840K(227840K)->0K(219136K) From: 32K(512K)->64K(8192K)
[251.183s][info][gc,heap        ] GC(680) ParOldGen: 285188K(540160K)->285196K(540160K)
[251.183s][info][gc,metaspace   ] GC(680) Metaspace: 35211K(35904K)->35211K(35904K) NonClass: 28951K(29440K)->28951K(29440K) Class: 6259K(6464K)->6259K(6464K)
[251.183s][info][gc             ] GC(680) Pause Young (Allocation Failure) 501M->278M(749M) 1.607ms
[251.183s][info][gc,cpu         ] GC(680) User=0.00s Sys=0.00s Real=0.00s
[251.276s][info][gc,start       ] GC(681) Pause Young (Allocation Failure)
[251.279s][info][gc,heap        ] GC(681) PSYoungGen: 219200K(227328K)->64K(211456K) Eden: 219136K(219136K)->0K(210944K) From: 64K(8192K)->64K(512K)
[251.279s][info][gc,heap        ] GC(681) ParOldGen: 285196K(540160K)->285204K(540160K)
[251.279s][info][gc,metaspace   ] GC(681) Metaspace: 35211K(35904K)->35211K(35904K) NonClass: 28951K(29440K)->28951K(29440K) Class: 6259K(6464K)->6259K(6464K)
[251.279s][info][gc             ] GC(681) Pause Young (Allocation Failure) 492M->278M(734M) 3.034ms
[251.279s][info][gc,cpu         ] GC(681) User=0.01s Sys=0.00s Real=0.00s
[251.841s][info][gc,start       ] GC(682) Pause Young (Allocation Failure)
[251.844s][info][gc,heap        ] GC(682) PSYoungGen: 211008K(211456K)->64K(210432K) Eden: 210944K(210944K)->0K(203264K) From: 64K(512K)->64K(7168K)
[251.844s][info][gc,heap        ] GC(682) ParOldGen: 285204K(540160K)->285220K(540160K)
[251.844s][info][gc,metaspace   ] GC(682) Metaspace: 35211K(35904K)->35211K(35904K) NonClass: 28951K(29440K)->28951K(29440K) Class: 6259K(6464K)->6259K(6464K)
[251.844s][info][gc             ] GC(682) Pause Young (Allocation Failure) 484M->278M(733M) 2.172ms
[251.844s][info][gc,cpu         ] GC(682) User=0.00s Sys=0.00s Real=0.00s
[252.059s][info][gc,start       ] GC(683) Pause Young (Allocation Failure)
[252.061s][info][gc,heap        ] GC(683) PSYoungGen: 203328K(210432K)->64K(196096K) Eden: 203264K(203264K)->0K(195584K) From: 64K(7168K)->64K(512K)
[252.062s][info][gc,heap        ] GC(683) ParOldGen: 285220K(540160K)->285228K(540160K)
[252.062s][info][gc,metaspace   ] GC(683) Metaspace: 35266K(35968K)->35266K(35968K) NonClass: 29007K(29504K)->29007K(29504K) Class: 6259K(6464K)->6259K(6464K)
[252.062s][info][gc             ] GC(683) Pause Young (Allocation Failure) 477M->278M(719M) 2.663ms
[252.062s][info][gc,cpu         ] GC(683) User=0.00s Sys=0.00s Real=0.00s
[252.347s][info][gc,start       ] GC(684) Pause Young (Allocation Failure)
[252.357s][info][gc,heap        ] GC(684) PSYoungGen: 195648K(196096K)->5888K(241152K) Eden: 195584K(195584K)->0K(235008K) From: 64K(512K)->5888K(6144K)
[252.357s][info][gc,heap        ] GC(684) ParOldGen: 285228K(540160K)->285244K(540160K)
[252.357s][info][gc,metaspace   ] GC(684) Metaspace: 35266K(35968K)->35266K(35968K) NonClass: 29007K(29504K)->29007K(29504K) Class: 6259K(6464K)->6259K(6464K)
[252.357s][info][gc             ] GC(684) Pause Young (Allocation Failure) 469M->284M(763M) 10.360ms
[252.357s][info][gc,cpu         ] GC(684) User=0.02s Sys=0.00s Real=0.01s
[252.616s][info][gc,start       ] GC(685) Pause Young (Allocation Failure)
[252.657s][info][gc,heap        ] GC(685) PSYoungGen: 240896K(241152K)->6144K(262144K) Eden: 235008K(235008K)->0K(256000K) From: 5888K(6144K)->6144K(6144K)
[252.657s][info][gc,heap        ] GC(685) ParOldGen: 285244K(540160K)->303988K(540160K)
[252.657s][info][gc,metaspace   ] GC(685) Metaspace: 35266K(35968K)->35266K(35968K) NonClass: 29007K(29504K)->29007K(29504K) Class: 6259K(6464K)->6259K(6464K)
[252.657s][info][gc             ] GC(685) Pause Young (Allocation Failure) 513M->302M(783M) 40.431ms
[252.657s][info][gc,cpu         ] GC(685) User=0.08s Sys=0.00s Real=0.04s
[252.936s][info][gc,start       ] GC(686) Pause Young (Allocation Failure)
[252.984s][info][gc,heap        ] GC(686) PSYoungGen: 262144K(262144K)->15872K(271872K) Eden: 256000K(256000K)->0K(256000K) From: 6144K(6144K)->15872K(15872K)
[252.984s][info][gc,heap        ] GC(686) ParOldGen: 303988K(540160K)->315908K(540160K)
[252.984s][info][gc,metaspace   ] GC(686) Metaspace: 35266K(35968K)->35266K(35968K) NonClass: 29007K(29504K)->29007K(29504K) Class: 6259K(6464K)->6259K(6464K)
[252.984s][info][gc             ] GC(686) Pause Young (Allocation Failure) 552M->324M(793M) 48.042ms
[252.984s][info][gc,cpu         ] GC(686) User=0.09s Sys=0.01s Real=0.04s
[253.136s][info][gc,start       ] GC(687) Pause Young (Allocation Failure)
[253.162s][info][gc,heap        ] GC(687) PSYoungGen: 271872K(271872K)->11136K(310272K) Eden: 256000K(256000K)->0K(286720K) From: 15872K(15872K)->11136K(23552K)
[253.162s][info][gc,heap        ] GC(687) ParOldGen: 315908K(540160K)->316340K(540160K)
[253.162s][info][gc,metaspace   ] GC(687) Metaspace: 35266K(35968K)->35266K(35968K) NonClass: 29007K(29504K)->29007K(29504K) Class: 6259K(6464K)->6259K(6464K)
[253.162s][info][gc             ] GC(687) Pause Young (Allocation Failure) 574M->319M(830M) 26.130ms
[253.162s][info][gc,cpu         ] GC(687) User=0.04s Sys=0.00s Real=0.02s
[253.507s][info][gc,start       ] GC(688) Pause Young (Allocation Failure)
[253.508s][info][gc,heap        ] GC(688) PSYoungGen: 297856K(310272K)->64K(287232K) Eden: 286720K(286720K)->0K(286720K) From: 11136K(23552K)->64K(512K)
[253.508s][info][gc,heap        ] GC(688) ParOldGen: 316340K(540160K)->316348K(540160K)
[253.508s][info][gc,metaspace   ] GC(688) Metaspace: 35266K(35968K)->35266K(35968K) NonClass: 29007K(29504K)->29007K(29504K) Class: 6259K(6464K)->6259K(6464K)
[253.508s][info][gc             ] GC(688) Pause Young (Allocation Failure) 599M->308M(808M) 1.409ms
[253.508s][info][gc,cpu         ] GC(688) User=0.01s Sys=0.00s Real=0.00s
[254.151s][info][gc,start       ] GC(689) Pause Young (Allocation Failure)
[254.152s][info][gc,heap        ] GC(689) PSYoungGen: 286784K(287232K)->64K(310272K) Eden: 286720K(286720K)->0K(287232K) From: 64K(512K)->64K(23040K)
[254.152s][info][gc,heap        ] GC(689) ParOldGen: 316348K(540160K)->316356K(540160K)
[254.152s][info][gc,metaspace   ] GC(689) Metaspace: 35266K(35968K)->35266K(35968K) NonClass: 29007K(29504K)->29007K(29504K) Class: 6259K(6464K)->6259K(6464K)
[254.152s][info][gc             ] GC(689) Pause Young (Allocation Failure) 588M->309M(830M) 1.476ms
[254.152s][info][gc,cpu         ] GC(689) User=0.01s Sys=0.00s Real=0.00s
[254.596s][info][gc,start       ] GC(690) Pause Young (Allocation Failure)
[254.597s][info][gc,heap        ] GC(690) PSYoungGen: 287296K(310272K)->64K(309760K) Eden: 287232K(287232K)->0K(287232K) From: 64K(23040K)->64K(22528K)
[254.597s][info][gc,heap        ] GC(690) ParOldGen: 316356K(540160K)->316372K(540160K)
[254.597s][info][gc,metaspace   ] GC(690) Metaspace: 35266K(35968K)->35266K(35968K) NonClass: 29007K(29504K)->29007K(29504K) Class: 6259K(6464K)->6259K(6464K)
[254.597s][info][gc             ] GC(690) Pause Young (Allocation Failure) 589M->309M(830M) 1.407ms
[254.597s][info][gc,cpu         ] GC(690) User=0.00s Sys=0.00s Real=0.00s
[254.791s][info][gc,start       ] GC(691) Pause Young (Allocation Failure)
[254.793s][info][gc,heap        ] GC(691) PSYoungGen: 287296K(309760K)->64K(310272K) Eden: 287232K(287232K)->0K(288768K) From: 64K(22528K)->64K(21504K)
[254.793s][info][gc,heap        ] GC(691) ParOldGen: 316372K(540160K)->316388K(540160K)
[254.793s][info][gc,metaspace   ] GC(691) Metaspace: 35266K(35968K)->35266K(35968K) NonClass: 29007K(29504K)->29007K(29504K) Class: 6259K(6464K)->6259K(6464K)
[254.793s][info][gc             ] GC(691) Pause Young (Allocation Failure) 589M->309M(830M) 1.302ms
[254.793s][info][gc,cpu         ] GC(691) User=0.01s Sys=0.00s Real=0.00s
[254.988s][info][gc,start       ] GC(692) Pause Young (Allocation Failure)
[254.989s][info][gc,heap        ] GC(692) PSYoungGen: 288832K(310272K)->64K(309760K) Eden: 288768K(288768K)->0K(288768K) From: 64K(21504K)->64K(20992K)
[254.989s][info][gc,heap        ] GC(692) ParOldGen: 316388K(540160K)->316388K(540160K)
[254.989s][info][gc,metaspace   ] GC(692) Metaspace: 35266K(35968K)->35266K(35968K) NonClass: 29007K(29504K)->29007K(29504K) Class: 6259K(6464K)->6259K(6464K)
[254.989s][info][gc             ] GC(692) Pause Young (Allocation Failure) 591M->309M(830M) 1.379ms
[254.989s][info][gc,cpu         ] GC(692) User=0.00s Sys=0.00s Real=0.00s
[255.303s][info][gc,start       ] GC(693) Pause Young (Allocation Failure)
[255.305s][info][gc,heap        ] GC(693) PSYoungGen: 288832K(309760K)->64K(311808K) Eden: 288768K(288768K)->0K(292352K) From: 64K(20992K)->64K(19456K)
[255.305s][info][gc,heap        ] GC(693) ParOldGen: 316388K(540160K)->316388K(540160K)
[255.305s][info][gc,metaspace   ] GC(693) Metaspace: 35266K(35968K)->35266K(35968K) NonClass: 29007K(29504K)->29007K(29504K) Class: 6259K(6464K)->6259K(6464K)
[255.305s][info][gc             ] GC(693) Pause Young (Allocation Failure) 591M->309M(832M) 1.426ms
[255.305s][info][gc,cpu         ] GC(693) User=0.01s Sys=0.00s Real=0.01s
[255.449s][info][gc,start       ] GC(694) Pause Young (Allocation Failure)
[255.450s][info][gc,heap        ] GC(694) PSYoungGen: 292416K(311808K)->64K(311296K) Eden: 292352K(292352K)->0K(292352K) From: 64K(19456K)->64K(18944K)
[255.450s][info][gc,heap        ] GC(694) ParOldGen: 316388K(540160K)->316396K(540160K)
[255.450s][info][gc,metaspace   ] GC(694) Metaspace: 35266K(35968K)->35266K(35968K) NonClass: 29007K(29504K)->29007K(29504K) Class: 6259K(6464K)->6259K(6464K)
[255.450s][info][gc             ] GC(694) Pause Young (Allocation Failure) 594M->309M(831M) 1.374ms
[255.450s][info][gc,cpu         ] GC(694) User=0.00s Sys=0.00s Real=0.00s
[255.505s][info][gc,start       ] GC(695) Pause Young (Allocation Failure)
[255.506s][info][gc,heap        ] GC(695) PSYoungGen: 292416K(311296K)->64K(313856K) Eden: 292352K(292352K)->0K(296448K) From: 64K(18944K)->64K(17408K)
[255.506s][info][gc,heap        ] GC(695) ParOldGen: 316396K(540160K)->316412K(540160K)
[255.506s][info][gc,metaspace   ] GC(695) Metaspace: 35266K(35968K)->35266K(35968K) NonClass: 29007K(29504K)->29007K(29504K) Class: 6259K(6464K)->6259K(6464K)
[255.506s][info][gc             ] GC(695) Pause Young (Allocation Failure) 594M->309M(834M) 1.433ms
[255.506s][info][gc,cpu         ] GC(695) User=0.00s Sys=0.00s Real=0.00s
[255.643s][info][gc,start       ] GC(696) Pause Young (Allocation Failure)
[255.644s][info][gc,heap        ] GC(696) PSYoungGen: 296512K(313856K)->64K(313344K) Eden: 296448K(296448K)->0K(296448K) From: 64K(17408K)->64K(16896K)
[255.644s][info][gc,heap        ] GC(696) ParOldGen: 316412K(540160K)->316412K(540160K)
[255.644s][info][gc,metaspace   ] GC(696) Metaspace: 35266K(35968K)->35266K(35968K) NonClass: 29007K(29504K)->29007K(29504K) Class: 6259K(6464K)->6259K(6464K)
[255.644s][info][gc             ] GC(696) Pause Young (Allocation Failure) 598M->309M(833M) 1.362ms
[255.644s][info][gc,cpu         ] GC(696) User=0.00s Sys=0.00s Real=0.00s
[255.909s][info][gc,start       ] GC(697) Pause Young (Allocation Failure)
[255.910s][info][gc,heap        ] GC(697) PSYoungGen: 296512K(313344K)->64K(315904K) Eden: 296448K(296448K)->0K(300032K) From: 64K(16896K)->64K(15872K)
[255.910s][info][gc,heap        ] GC(697) ParOldGen: 316412K(540160K)->316420K(540160K)
[255.910s][info][gc,metaspace   ] GC(697) Metaspace: 35266K(35968K)->35266K(35968K) NonClass: 29007K(29504K)->29007K(29504K) Class: 6259K(6464K)->6259K(6464K)
[255.910s][info][gc             ] GC(697) Pause Young (Allocation Failure) 598M->309M(836M) 1.402ms
[255.910s][info][gc,cpu         ] GC(697) User=0.01s Sys=0.00s Real=0.00s
[256.087s][info][gc,start       ] GC(698) Pause Young (Allocation Failure)
[256.090s][info][gc,heap        ] GC(698) PSYoungGen: 300096K(315904K)->64K(315392K) Eden: 300032K(300032K)->0K(300032K) From: 64K(15872K)->64K(15360K)
[256.090s][info][gc,heap        ] GC(698) ParOldGen: 316420K(540160K)->316428K(540160K)
[256.090s][info][gc,metaspace   ] GC(698) Metaspace: 35266K(35968K)->35266K(35968K) NonClass: 29007K(29504K)->29007K(29504K) Class: 6259K(6464K)->6259K(6464K)
[256.090s][info][gc             ] GC(698) Pause Young (Allocation Failure) 602M->309M(835M) 2.429ms
[256.090s][info][gc,cpu         ] GC(698) User=0.00s Sys=0.00s Real=0.00s
[256.173s][info][gc,start       ] GC(699) Pause Young (Allocation Failure)
[256.175s][info][gc,heap        ] GC(699) PSYoungGen: 300096K(315392K)->64K(317440K) Eden: 300032K(300032K)->0K(303616K) From: 64K(15360K)->64K(13824K)
[256.175s][info][gc,heap        ] GC(699) ParOldGen: 316428K(540160K)->316444K(540160K)
[256.175s][info][gc,metaspace   ] GC(699) Metaspace: 35266K(35968K)->35266K(35968K) NonClass: 29007K(29504K)->29007K(29504K) Class: 6259K(6464K)->6259K(6464K)
[256.175s][info][gc             ] GC(699) Pause Young (Allocation Failure) 602M->309M(837M) 1.954ms
[256.175s][info][gc,cpu         ] GC(699) User=0.01s Sys=0.00s Real=0.01s
[256.347s][info][gc,start       ] GC(700) Pause Young (Allocation Failure)
[256.348s][info][gc,heap        ] GC(700) PSYoungGen: 303680K(317440K)->64K(316928K) Eden: 303616K(303616K)->0K(303616K) From: 64K(13824K)->64K(13312K)
[256.348s][info][gc,heap        ] GC(700) ParOldGen: 316444K(540160K)->316444K(540160K)
[256.348s][info][gc,metaspace   ] GC(700) Metaspace: 35266K(35968K)->35266K(35968K) NonClass: 29007K(29504K)->29007K(29504K) Class: 6259K(6464K)->6259K(6464K)
[256.348s][info][gc             ] GC(700) Pause Young (Allocation Failure) 605M->309M(837M) 1.455ms
[256.348s][info][gc,cpu         ] GC(700) User=0.00s Sys=0.00s Real=0.00s
[256.776s][info][gc,start       ] GC(701) Pause Young (Allocation Failure)
[256.778s][info][gc,heap        ] GC(701) PSYoungGen: 303680K(316928K)->64K(319488K) Eden: 303616K(303616K)->0K(307712K) From: 64K(13312K)->64K(11776K)
[256.778s][info][gc,heap        ] GC(701) ParOldGen: 316444K(540160K)->316452K(540160K)
[256.778s][info][gc,metaspace   ] GC(701) Metaspace: 35266K(35968K)->35266K(35968K) NonClass: 29007K(29504K)->29007K(29504K) Class: 6259K(6464K)->6259K(6464K)
[256.778s][info][gc             ] GC(701) Pause Young (Allocation Failure) 605M->309M(839M) 1.630ms
[256.778s][info][gc,cpu         ] GC(701) User=0.01s Sys=0.00s Real=0.00s
[258.246s][info][gc,start       ] GC(702) Pause Young (Allocation Failure)
[258.248s][info][gc,heap        ] GC(702) PSYoungGen: 307776K(319488K)->64K(295936K) Eden: 307712K(307712K)->0K(295424K) From: 64K(11776K)->64K(512K)
[258.248s][info][gc,heap        ] GC(702) ParOldGen: 316452K(540160K)->316468K(540160K)
[258.248s][info][gc,metaspace   ] GC(702) Metaspace: 35266K(35968K)->35266K(35968K) NonClass: 29007K(29504K)->29007K(29504K) Class: 6259K(6464K)->6259K(6464K)
[258.248s][info][gc             ] GC(702) Pause Young (Allocation Failure) 609M->309M(816M) 2.525ms
[258.248s][info][gc,cpu         ] GC(702) User=0.01s Sys=0.00s Real=0.00s
[258.463s][info][gc,start       ] GC(703) Pause Young (Allocation Failure)
[258.466s][info][gc,heap        ] GC(703) PSYoungGen: 295488K(295936K)->64K(284160K) Eden: 295424K(295424K)->0K(283648K) From: 64K(512K)->64K(512K)
[258.466s][info][gc,heap        ] GC(703) ParOldGen: 316468K(540160K)->316484K(540160K)
[258.466s][info][gc,metaspace   ] GC(703) Metaspace: 35266K(35968K)->35266K(35968K) NonClass: 29007K(29504K)->29007K(29504K) Class: 6259K(6464K)->6259K(6464K)
[258.466s][info][gc             ] GC(703) Pause Young (Allocation Failure) 597M->309M(805M) 3.378ms
[258.466s][info][gc,cpu         ] GC(703) User=0.00s Sys=0.00s Real=0.01s
[258.923s][info][gc,start       ] GC(704) Pause Young (Allocation Failure)
[258.925s][info][gc,heap        ] GC(704) PSYoungGen: 283712K(284160K)->64K(282624K) Eden: 283648K(283648K)->0K(272384K) From: 64K(512K)->64K(10240K)
[258.925s][info][gc,heap        ] GC(704) ParOldGen: 316484K(540160K)->316500K(540160K)
[258.925s][info][gc,metaspace   ] GC(704) Metaspace: 35266K(35968K)->35266K(35968K) NonClass: 29007K(29504K)->29007K(29504K) Class: 6259K(6464K)->6259K(6464K)
[258.925s][info][gc             ] GC(704) Pause Young (Allocation Failure) 586M->309M(803M) 2.447ms
[258.925s][info][gc,cpu         ] GC(704) User=0.00s Sys=0.00s Real=0.01s
[259.924s][info][gc,start       ] GC(705) Pause Young (Allocation Failure)
[259.927s][info][gc,heap        ] GC(705) PSYoungGen: 272448K(282624K)->64K(262144K) Eden: 272384K(272384K)->0K(261632K) From: 64K(10240K)->64K(512K)
[259.927s][info][gc,heap        ] GC(705) ParOldGen: 316500K(540160K)->316508K(540160K)
[259.927s][info][gc,metaspace   ] GC(705) Metaspace: 35266K(35968K)->35266K(35968K) NonClass: 29007K(29504K)->29007K(29504K) Class: 6259K(6464K)->6259K(6464K)
[259.927s][info][gc             ] GC(705) Pause Young (Allocation Failure) 575M->309M(783M) 3.098ms
[259.927s][info][gc,cpu         ] GC(705) User=0.00s Sys=0.00s Real=0.01s
[260.308s][info][gc,start       ] GC(706) Pause Young (Allocation Failure)
[260.310s][info][gc,heap        ] GC(706) PSYoungGen: 261696K(262144K)->32K(260608K) Eden: 261632K(261632K)->0K(251392K) From: 64K(512K)->32K(9216K)
[260.310s][info][gc,heap        ] GC(706) ParOldGen: 316508K(540160K)->316516K(540160K)
[260.310s][info][gc,metaspace   ] GC(706) Metaspace: 35266K(35968K)->35266K(35968K) NonClass: 29007K(29504K)->29007K(29504K) Class: 6259K(6464K)->6259K(6464K)
[260.310s][info][gc             ] GC(706) Pause Young (Allocation Failure) 564M->309M(782M) 2.368ms
[260.310s][info][gc,cpu         ] GC(706) User=0.00s Sys=0.00s Real=0.00s
[260.476s][info][gc,start       ] GC(707) Pause Young (Allocation Failure)
[260.479s][info][gc,heap        ] GC(707) PSYoungGen: 251424K(260608K)->64K(242176K) Eden: 251392K(251392K)->0K(241664K) From: 32K(9216K)->64K(512K)
[260.479s][info][gc,heap        ] GC(707) ParOldGen: 316516K(540160K)->316524K(540160K)
[260.479s][info][gc,metaspace   ] GC(707) Metaspace: 35266K(35968K)->35266K(35968K) NonClass: 29007K(29504K)->29007K(29504K) Class: 6259K(6464K)->6259K(6464K)
[260.479s][info][gc             ] GC(707) Pause Young (Allocation Failure) 554M->309M(764M) 3.051ms
[260.479s][info][gc,cpu         ] GC(707) User=0.00s Sys=0.00s Real=0.00s
[260.600s][info][gc,start       ] GC(708) Pause Young (Allocation Failure)
[260.603s][info][gc,heap        ] GC(708) PSYoungGen: 241728K(242176K)->64K(284672K) Eden: 241664K(241664K)->0K(276992K) From: 64K(512K)->64K(7680K)
[260.603s][info][gc,heap        ] GC(708) ParOldGen: 316524K(540160K)->316540K(540160K)
[260.603s][info][gc,metaspace   ] GC(708) Metaspace: 35266K(35968K)->35266K(35968K) NonClass: 29007K(29504K)->29007K(29504K) Class: 6259K(6464K)->6259K(6464K)
[260.603s][info][gc             ] GC(708) Pause Young (Allocation Failure) 545M->309M(805M) 2.524ms
[260.603s][info][gc,cpu         ] GC(708) User=0.00s Sys=0.00s Real=0.00s
[261.244s][info][gc,start       ] GC(709) Pause Young (Allocation Failure)
[261.245s][info][gc,heap        ] GC(709) PSYoungGen: 277056K(284672K)->64K(266752K) Eden: 276992K(276992K)->0K(266240K) From: 64K(7680K)->64K(512K)
[261.245s][info][gc,heap        ] GC(709) ParOldGen: 316540K(540160K)->316548K(540160K)
[261.245s][info][gc,metaspace   ] GC(709) Metaspace: 35266K(35968K)->35266K(35968K) NonClass: 29007K(29504K)->29007K(29504K) Class: 6259K(6464K)->6259K(6464K)
[261.245s][info][gc             ] GC(709) Pause Young (Allocation Failure) 579M->309M(788M) 1.449ms
[261.245s][info][gc,cpu         ] GC(709) User=0.00s Sys=0.00s Real=0.01s
[261.573s][info][gc,start       ] GC(710) Pause Young (Allocation Failure)
[261.575s][info][gc,heap        ] GC(710) PSYoungGen: 266304K(266752K)->320K(262656K) Eden: 266240K(266240K)->0K(256000K) From: 64K(512K)->320K(6656K)
[261.575s][info][gc,heap        ] GC(710) ParOldGen: 316548K(540160K)->316556K(540160K)
[261.575s][info][gc,metaspace   ] GC(710) Metaspace: 35266K(35968K)->35266K(35968K) NonClass: 29007K(29504K)->29007K(29504K) Class: 6259K(6464K)->6259K(6464K)
[261.575s][info][gc             ] GC(710) Pause Young (Allocation Failure) 569M->309M(784M) 2.309ms
[261.575s][info][gc,cpu         ] GC(710) User=0.01s Sys=0.00s Real=0.01s
[261.853s][info][gc,start       ] GC(711) Pause Young (Allocation Failure)
[261.903s][info][gc,heap        ] GC(711) PSYoungGen: 256320K(262656K)->6144K(282624K) Eden: 256000K(256000K)->0K(276480K) From: 320K(6656K)->6144K(6144K)
[261.903s][info][gc,heap        ] GC(711) ParOldGen: 316556K(540160K)->337524K(540160K)
[261.903s][info][gc,metaspace   ] GC(711) Metaspace: 35266K(35968K)->35266K(35968K) NonClass: 29007K(29504K)->29007K(29504K) Class: 6259K(6464K)->6259K(6464K)
[261.903s][info][gc             ] GC(711) Pause Young (Allocation Failure) 559M->335M(803M) 49.615ms
[261.903s][info][gc,cpu         ] GC(711) User=0.10s Sys=0.01s Real=0.05s
[262.205s][info][gc,start       ] GC(712) Pause Young (Allocation Failure)
[262.260s][info][gc,heap        ] GC(712) PSYoungGen: 282624K(282624K)->15360K(291840K) Eden: 276480K(276480K)->0K(276480K) From: 6144K(6144K)->15360K(15360K)
[262.260s][info][gc,heap        ] GC(712) ParOldGen: 337524K(540160K)->352204K(540160K)
[262.260s][info][gc,metaspace   ] GC(712) Metaspace: 35266K(35968K)->35266K(35968K) NonClass: 29007K(29504K)->29007K(29504K) Class: 6259K(6464K)->6259K(6464K)
[262.260s][info][gc             ] GC(712) Pause Young (Allocation Failure) 605M->358M(812M) 54.906ms
[262.260s][info][gc,cpu         ] GC(712) User=0.10s Sys=0.00s Real=0.05s
[262.426s][info][gc,start       ] GC(713) Pause Young (Allocation Failure)
[262.455s][info][gc,heap        ] GC(713) PSYoungGen: 291840K(291840K)->12320K(308736K) Eden: 276480K(276480K)->0K(284672K) From: 15360K(15360K)->12320K(24064K)
[262.455s][info][gc,heap        ] GC(713) ParOldGen: 352204K(540160K)->352732K(540160K)
[262.455s][info][gc,metaspace   ] GC(713) Metaspace: 35266K(35968K)->35266K(35968K) NonClass: 29007K(29504K)->29007K(29504K) Class: 6259K(6464K)->6259K(6464K)
[262.455s][info][gc             ] GC(713) Pause Young (Allocation Failure) 628M->356M(829M) 29.324ms
[262.455s][info][gc,cpu         ] GC(713) User=0.05s Sys=0.00s Real=0.03s
[262.815s][info][gc,start       ] GC(714) Pause Young (Allocation Failure)
[262.816s][info][gc,heap        ] GC(714) PSYoungGen: 296992K(308736K)->64K(309248K) Eden: 284672K(284672K)->0K(284672K) From: 12320K(24064K)->64K(24576K)
[262.816s][info][gc,heap        ] GC(714) ParOldGen: 352732K(540160K)->352740K(540160K)
[262.816s][info][gc,metaspace   ] GC(714) Metaspace: 35266K(35968K)->35266K(35968K) NonClass: 29007K(29504K)->29007K(29504K) Class: 6259K(6464K)->6259K(6464K)
[262.816s][info][gc             ] GC(714) Pause Young (Allocation Failure) 634M->344M(829M) 1.492ms
[262.816s][info][gc,cpu         ] GC(714) User=0.00s Sys=0.00s Real=0.00s
[263.448s][info][gc,start       ] GC(715) Pause Young (Allocation Failure)
[263.449s][info][gc,heap        ] GC(715) PSYoungGen: 284736K(309248K)->64K(308224K) Eden: 284672K(284672K)->0K(285184K) From: 64K(24576K)->64K(23040K)
[263.449s][info][gc,heap        ] GC(715) ParOldGen: 352740K(540160K)->352748K(540160K)
[263.449s][info][gc,metaspace   ] GC(715) Metaspace: 35266K(35968K)->35266K(35968K) NonClass: 29007K(29504K)->29007K(29504K) Class: 6259K(6464K)->6259K(6464K)
[263.449s][info][gc             ] GC(715) Pause Young (Allocation Failure) 622M->344M(828M) 1.469ms
[263.449s][info][gc,cpu         ] GC(715) User=0.01s Sys=0.00s Real=0.00s
[263.890s][info][gc,start       ] GC(716) Pause Young (Allocation Failure)
[263.891s][info][gc,heap        ] GC(716) PSYoungGen: 285248K(308224K)->64K(308736K) Eden: 285184K(285184K)->0K(285184K) From: 64K(23040K)->64K(23552K)
[263.891s][info][gc,heap        ] GC(716) ParOldGen: 352748K(540160K)->352764K(540160K)
[263.891s][info][gc,metaspace   ] GC(716) Metaspace: 35266K(35968K)->35266K(35968K) NonClass: 29007K(29504K)->29007K(29504K) Class: 6259K(6464K)->6259K(6464K)
[263.891s][info][gc             ] GC(716) Pause Young (Allocation Failure) 623M->344M(829M) 1.465ms
[263.891s][info][gc,cpu         ] GC(716) User=0.01s Sys=0.00s Real=0.00s
[264.084s][info][gc,start       ] GC(717) Pause Young (Allocation Failure)
[264.085s][info][gc,heap        ] GC(717) PSYoungGen: 285248K(308736K)->64K(308736K) Eden: 285184K(285184K)->0K(287744K) From: 64K(23552K)->64K(20992K)
[264.085s][info][gc,heap        ] GC(717) ParOldGen: 352764K(540160K)->352780K(540160K)
[264.085s][info][gc,metaspace   ] GC(717) Metaspace: 35266K(35968K)->35266K(35968K) NonClass: 29007K(29504K)->29007K(29504K) Class: 6259K(6464K)->6259K(6464K)
[264.085s][info][gc             ] GC(717) Pause Young (Allocation Failure) 623M->344M(829M) 1.493ms
[264.085s][info][gc,cpu         ] GC(717) User=0.00s Sys=0.00s Real=0.01s
[264.278s][info][gc,start       ] GC(718) Pause Young (Allocation Failure)
[264.281s][info][gc,heap        ] GC(718) PSYoungGen: 287808K(308736K)->64K(309248K) Eden: 287744K(287744K)->0K(287744K) From: 64K(20992K)->64K(21504K)
[264.281s][info][gc,heap        ] GC(718) ParOldGen: 352780K(540160K)->352780K(540160K)
[264.281s][info][gc,metaspace   ] GC(718) Metaspace: 35266K(35968K)->35266K(35968K) NonClass: 29007K(29504K)->29007K(29504K) Class: 6259K(6464K)->6259K(6464K)
[264.281s][info][gc             ] GC(718) Pause Young (Allocation Failure) 625M->344M(829M) 2.597ms
[264.281s][info][gc,cpu         ] GC(718) User=0.00s Sys=0.00s Real=0.00s
[264.593s][info][gc,start       ] GC(719) Pause Young (Allocation Failure)
[264.596s][info][gc,heap        ] GC(719) PSYoungGen: 287808K(309248K)->64K(310784K) Eden: 287744K(287744K)->0K(291840K) From: 64K(21504K)->64K(18944K)
[264.596s][info][gc,heap        ] GC(719) ParOldGen: 352780K(540160K)->352780K(540160K)
[264.596s][info][gc,metaspace   ] GC(719) Metaspace: 35266K(35968K)->35266K(35968K) NonClass: 29007K(29504K)->29007K(29504K) Class: 6259K(6464K)->6259K(6464K)
[264.596s][info][gc             ] GC(719) Pause Young (Allocation Failure) 625M->344M(831M) 2.614ms
[264.596s][info][gc,cpu         ] GC(719) User=0.01s Sys=0.01s Real=0.01s
[264.735s][info][gc,start       ] GC(720) Pause Young (Allocation Failure)
[264.738s][info][gc,heap        ] GC(720) PSYoungGen: 291904K(310784K)->64K(311296K) Eden: 291840K(291840K)->0K(291840K) From: 64K(18944K)->64K(19456K)
[264.738s][info][gc,heap        ] GC(720) ParOldGen: 352780K(540160K)->352796K(540160K)
[264.738s][info][gc,metaspace   ] GC(720) Metaspace: 35266K(35968K)->35266K(35968K) NonClass: 29007K(29504K)->29007K(29504K) Class: 6259K(6464K)->6259K(6464K)
[264.738s][info][gc             ] GC(720) Pause Young (Allocation Failure) 629M->344M(831M) 2.569ms
[264.738s][info][gc,cpu         ] GC(720) User=0.01s Sys=0.00s Real=0.00s
[264.793s][info][gc,start       ] GC(721) Pause Young (Allocation Failure)
[264.796s][info][gc,heap        ] GC(721) PSYoungGen: 291904K(311296K)->32K(312832K) Eden: 291840K(291840K)->0K(295936K) From: 64K(19456K)->32K(16896K)
[264.796s][info][gc,heap        ] GC(721) ParOldGen: 352796K(540160K)->352812K(540160K)
[264.796s][info][gc,metaspace   ] GC(721) Metaspace: 35266K(35968K)->35266K(35968K) NonClass: 29007K(29504K)->29007K(29504K) Class: 6259K(6464K)->6259K(6464K)
[264.796s][info][gc             ] GC(721) Pause Young (Allocation Failure) 629M->344M(833M) 2.539ms
[264.796s][info][gc,cpu         ] GC(721) User=0.00s Sys=0.00s Real=0.01s
[264.926s][info][gc,start       ] GC(722) Pause Young (Allocation Failure)
[264.928s][info][gc,heap        ] GC(722) PSYoungGen: 295968K(312832K)->64K(313344K) Eden: 295936K(295936K)->0K(295936K) From: 32K(16896K)->64K(17408K)
[264.928s][info][gc,heap        ] GC(722) ParOldGen: 352812K(540160K)->352812K(540160K)
[264.928s][info][gc,metaspace   ] GC(722) Metaspace: 35266K(35968K)->35266K(35968K) NonClass: 29007K(29504K)->29007K(29504K) Class: 6259K(6464K)->6259K(6464K)
[264.928s][info][gc             ] GC(722) Pause Young (Allocation Failure) 633M->344M(833M) 1.585ms
[264.928s][info][gc,cpu         ] GC(722) User=0.01s Sys=0.00s Real=0.00s
[265.187s][info][gc,start       ] GC(723) Pause Young (Allocation Failure)
[265.189s][info][gc,heap        ] GC(723) PSYoungGen: 296000K(313344K)->64K(315904K) Eden: 295936K(295936K)->0K(300032K) From: 64K(17408K)->64K(15872K)
[265.189s][info][gc,heap        ] GC(723) ParOldGen: 352812K(540160K)->352820K(540160K)
[265.189s][info][gc,metaspace   ] GC(723) Metaspace: 35266K(35968K)->35266K(35968K) NonClass: 29007K(29504K)->29007K(29504K) Class: 6259K(6464K)->6259K(6464K)
[265.189s][info][gc             ] GC(723) Pause Young (Allocation Failure) 633M->344M(836M) 1.670ms
[265.189s][info][gc,cpu         ] GC(723) User=0.01s Sys=0.00s Real=0.00s
[265.367s][info][gc,start       ] GC(724) Pause Young (Allocation Failure)
[265.370s][info][gc,heap        ] GC(724) PSYoungGen: 300096K(315904K)->64K(315904K) Eden: 300032K(300032K)->0K(300032K) From: 64K(15872K)->64K(15872K)
[265.370s][info][gc,heap        ] GC(724) ParOldGen: 352820K(540160K)->352836K(540160K)
[265.370s][info][gc,metaspace   ] GC(724) Metaspace: 35266K(35968K)->35266K(35968K) NonClass: 29007K(29504K)->29007K(29504K) Class: 6259K(6464K)->6259K(6464K)
[265.370s][info][gc             ] GC(724) Pause Young (Allocation Failure) 637M->344M(836M) 2.703ms
[265.370s][info][gc,cpu         ] GC(724) User=0.00s Sys=0.00s Real=0.00s
[265.453s][info][gc,start       ] GC(725) Pause Young (Allocation Failure)
[265.456s][info][gc,heap        ] GC(725) PSYoungGen: 300096K(315904K)->32K(316928K) Eden: 300032K(300032K)->0K(303104K) From: 64K(15872K)->32K(13824K)
[265.456s][info][gc,heap        ] GC(725) ParOldGen: 352836K(540160K)->352852K(540160K)
[265.456s][info][gc,metaspace   ] GC(725) Metaspace: 35267K(35968K)->35267K(35968K) NonClass: 29007K(29504K)->29007K(29504K) Class: 6259K(6464K)->6259K(6464K)
[265.456s][info][gc             ] GC(725) Pause Young (Allocation Failure) 637M->344M(837M) 2.577ms
[265.456s][info][gc,cpu         ] GC(725) User=0.00s Sys=0.00s Real=0.01s
[265.625s][info][gc,start       ] GC(726) Pause Young (Allocation Failure)
[265.627s][info][gc,heap        ] GC(726) PSYoungGen: 303136K(316928K)->64K(316928K) Eden: 303104K(303104K)->0K(303104K) From: 32K(13824K)->64K(13824K)
[265.628s][info][gc,heap        ] GC(726) ParOldGen: 352852K(540160K)->352852K(540160K)
[265.628s][info][gc,metaspace   ] GC(726) Metaspace: 35267K(35968K)->35267K(35968K) NonClass: 29007K(29504K)->29007K(29504K) Class: 6259K(6464K)->6259K(6464K)
[265.628s][info][gc             ] GC(726) Pause Young (Allocation Failure) 640M->344M(837M) 2.596ms
[265.628s][info][gc,cpu         ] GC(726) User=0.01s Sys=0.00s Real=0.00s
[266.045s][info][gc,start       ] GC(727) Pause Young (Allocation Failure)
[266.048s][info][gc,heap        ] GC(727) PSYoungGen: 303168K(316928K)->64K(319488K) Eden: 303104K(303104K)->0K(306688K) From: 64K(13824K)->64K(12800K)
[266.048s][info][gc,heap        ] GC(727) ParOldGen: 352852K(540160K)->352868K(540160K)
[266.048s][info][gc,metaspace   ] GC(727) Metaspace: 35267K(35968K)->35267K(35968K) NonClass: 29007K(29504K)->29007K(29504K) Class: 6259K(6464K)->6259K(6464K)
[266.048s][info][gc             ] GC(727) Pause Young (Allocation Failure) 640M->344M(839M) 2.543ms
[266.048s][info][gc,cpu         ] GC(727) User=0.01s Sys=0.00s Real=0.00s
[267.502s][info][gc,start       ] GC(728) Pause Young (Allocation Failure)
[267.505s][info][gc,heap        ] GC(728) PSYoungGen: 306752K(319488K)->64K(318976K) Eden: 306688K(306688K)->0K(306688K) From: 64K(12800K)->64K(12288K)
[267.505s][info][gc,heap        ] GC(728) ParOldGen: 352868K(540160K)->352876K(540160K)
[267.505s][info][gc,metaspace   ] GC(728) Metaspace: 35267K(35968K)->35267K(35968K) NonClass: 29007K(29504K)->29007K(29504K) Class: 6259K(6464K)->6259K(6464K)
[267.505s][info][gc             ] GC(728) Pause Young (Allocation Failure) 644M->344M(839M) 2.647ms
[267.505s][info][gc,cpu         ] GC(728) User=0.00s Sys=0.00s Real=0.01s
[267.730s][info][gc,start       ] GC(729) Pause Young (Allocation Failure)
[267.733s][info][gc,heap        ] GC(729) PSYoungGen: 306752K(318976K)->64K(320512K) Eden: 306688K(306688K)->0K(309248K) From: 64K(12288K)->64K(11264K)
[267.733s][info][gc,heap        ] GC(729) ParOldGen: 352876K(540160K)->352892K(540160K)
[267.733s][info][gc,metaspace   ] GC(729) Metaspace: 35267K(35968K)->35267K(35968K) NonClass: 29007K(29504K)->29007K(29504K) Class: 6259K(6464K)->6259K(6464K)
[267.733s][info][gc             ] GC(729) Pause Young (Allocation Failure) 644M->344M(840M) 2.674ms
[267.733s][info][gc,cpu         ] GC(729) User=0.00s Sys=0.00s Real=0.00s
[268.260s][info][gc,start       ] GC(730) Pause Young (Allocation Failure)
[268.263s][info][gc,heap        ] GC(730) PSYoungGen: 309312K(320512K)->64K(297472K) Eden: 309248K(309248K)->0K(296960K) From: 64K(11264K)->64K(512K)
[268.263s][info][gc,heap        ] GC(730) ParOldGen: 352892K(540160K)->352908K(540160K)
[268.263s][info][gc,metaspace   ] GC(730) Metaspace: 35267K(35968K)->35267K(35968K) NonClass: 29007K(29504K)->29007K(29504K) Class: 6259K(6464K)->6259K(6464K)
[268.263s][info][gc             ] GC(730) Pause Young (Allocation Failure) 646M->344M(818M) 2.862ms
[268.263s][info][gc,cpu         ] GC(730) User=0.01s Sys=0.00s Real=0.00s
[269.239s][info][gc,start       ] GC(731) Pause Young (Allocation Failure)
[269.242s][info][gc,heap        ] GC(731) PSYoungGen: 297024K(297472K)->32K(285696K) Eden: 296960K(296960K)->0K(285184K) From: 64K(512K)->32K(512K)
[269.242s][info][gc,heap        ] GC(731) ParOldGen: 352908K(540160K)->352916K(540160K)
[269.242s][info][gc,metaspace   ] GC(731) Metaspace: 35267K(35968K)->35267K(35968K) NonClass: 29007K(29504K)->29007K(29504K) Class: 6259K(6464K)->6259K(6464K)
[269.242s][info][gc             ] GC(731) Pause Young (Allocation Failure) 634M->344M(806M) 2.880ms
[269.242s][info][gc,cpu         ] GC(731) User=0.00s Sys=0.00s Real=0.00s
[269.604s][info][gc,start       ] GC(732) Pause Young (Allocation Failure)
[269.606s][info][gc,heap        ] GC(732) PSYoungGen: 285216K(285696K)->64K(283136K) Eden: 285184K(285184K)->0K(273920K) From: 32K(512K)->64K(9216K)
[269.606s][info][gc,heap        ] GC(732) ParOldGen: 352916K(540160K)->352924K(540160K)
[269.606s][info][gc,metaspace   ] GC(732) Metaspace: 35267K(35968K)->35267K(35968K) NonClass: 29007K(29504K)->29007K(29504K) Class: 6259K(6464K)->6259K(6464K)
[269.606s][info][gc             ] GC(732) Pause Young (Allocation Failure) 623M->344M(804M) 1.444ms
[269.606s][info][gc,cpu         ] GC(732) User=0.00s Sys=0.00s Real=0.00s
[269.742s][info][gc,start       ] GC(733) Pause Young (Allocation Failure)
[269.745s][info][gc,heap        ] GC(733) PSYoungGen: 273984K(283136K)->64K(263680K) Eden: 273920K(273920K)->0K(263168K) From: 64K(9216K)->64K(512K)
[269.745s][info][gc,heap        ] GC(733) ParOldGen: 352924K(540160K)->352932K(540160K)
[269.745s][info][gc,metaspace   ] GC(733) Metaspace: 35267K(35968K)->35267K(35968K) NonClass: 29007K(29504K)->29007K(29504K) Class: 6259K(6464K)->6259K(6464K)
[269.745s][info][gc             ] GC(733) Pause Young (Allocation Failure) 612M->344M(785M) 2.166ms
[269.745s][info][gc,cpu         ] GC(733) User=0.00s Sys=0.00s Real=0.01s
[270.178s][info][gc,start       ] GC(734) Pause Young (Allocation Failure)
[270.180s][info][gc,heap        ] GC(734) PSYoungGen: 263232K(263680K)->64K(261120K) Eden: 263168K(263168K)->0K(252928K) From: 64K(512K)->64K(8192K)
[270.180s][info][gc,heap        ] GC(734) ParOldGen: 352932K(540160K)->352940K(540160K)
[270.180s][info][gc,metaspace   ] GC(734) Metaspace: 35267K(35968K)->35267K(35968K) NonClass: 29007K(29504K)->29007K(29504K) Class: 6259K(6464K)->6259K(6464K)
[270.180s][info][gc             ] GC(734) Pause Young (Allocation Failure) 601M->344M(782M) 1.457ms
[270.180s][info][gc,cpu         ] GC(734) User=0.01s Sys=0.00s Real=0.00s
[270.526s][info][gc,start       ] GC(735) Pause Young (Allocation Failure)
[270.529s][info][gc,heap        ] GC(735) PSYoungGen: 252992K(261120K)->64K(243712K) Eden: 252928K(252928K)->0K(243200K) From: 64K(8192K)->64K(512K)
[270.529s][info][gc,heap        ] GC(735) ParOldGen: 352940K(540160K)->352956K(540160K)
[270.529s][info][gc,metaspace   ] GC(735) Metaspace: 35267K(35968K)->35267K(35968K) NonClass: 29007K(29504K)->29007K(29504K) Class: 6259K(6464K)->6259K(6464K)
[270.529s][info][gc             ] GC(735) Pause Young (Allocation Failure) 591M->344M(765M) 3.238ms
[270.529s][info][gc,cpu         ] GC(735) User=0.01s Sys=0.00s Real=0.00s
[270.872s][info][gc,start       ] GC(736) Pause Young (Allocation Failure)
[270.886s][info][gc,heap        ] GC(736) PSYoungGen: 243264K(243712K)->7168K(288768K) Eden: 243200K(243200K)->0K(281600K) From: 64K(512K)->7168K(7168K)
[270.886s][info][gc,heap        ] GC(736) ParOldGen: 352956K(540160K)->354268K(540160K)
[270.886s][info][gc,metaspace   ] GC(736) Metaspace: 35267K(35968K)->35267K(35968K) NonClass: 29007K(29504K)->29007K(29504K) Class: 6259K(6464K)->6259K(6464K)
[270.886s][info][gc             ] GC(736) Pause Young (Allocation Failure) 582M->352M(809M) 14.098ms
[270.886s][info][gc,cpu         ] GC(736) User=0.03s Sys=0.00s Real=0.02s
[271.191s][info][gc,start       ] GC(737) Pause Young (Allocation Failure)
[271.245s][info][gc,heap        ] GC(737) PSYoungGen: 288768K(288768K)->9216K(291328K) Eden: 281600K(281600K)->0K(282112K) From: 7168K(7168K)->9216K(9216K)
[271.245s][info][gc,heap        ] GC(737) ParOldGen: 354268K(540160K)->374916K(540160K)
[271.245s][info][gc,metaspace   ] GC(737) Metaspace: 35267K(35968K)->35267K(35968K) NonClass: 29007K(29504K)->29007K(29504K) Class: 6259K(6464K)->6259K(6464K)
[271.245s][info][gc             ] GC(737) Pause Young (Allocation Failure) 627M->375M(812M) 53.439ms
[271.245s][info][gc,cpu         ] GC(737) User=0.10s Sys=0.00s Real=0.06s
[271.556s][info][gc,start       ] GC(738) Pause Young (Allocation Failure)
[271.611s][info][gc,heap        ] GC(738) PSYoungGen: 291328K(291328K)->18944K(301056K) Eden: 282112K(282112K)->0K(282112K) From: 9216K(9216K)->18944K(18944K)
[271.611s][info][gc,heap        ] GC(738) ParOldGen: 374916K(540160K)->386588K(540160K)
[271.611s][info][gc,metaspace   ] GC(738) Metaspace: 35267K(35968K)->35267K(35968K) NonClass: 29007K(29504K)->29007K(29504K) Class: 6259K(6464K)->6259K(6464K)
[271.611s][info][gc             ] GC(738) Pause Young (Allocation Failure) 650M->396M(821M) 55.005ms
[271.611s][info][gc,cpu         ] GC(738) User=0.11s Sys=0.01s Real=0.05s
[271.700s][info][gc,start       ] GC(739) Pause Young (Allocation Failure)
[271.706s][info][gc,heap        ] GC(739) PSYoungGen: 301056K(301056K)->864K(307712K) Eden: 282112K(282112K)->0K(280576K) From: 18944K(18944K)->864K(27136K)
[271.706s][info][gc,heap        ] GC(739) ParOldGen: 386588K(540160K)->387004K(540160K)
[271.706s][info][gc,metaspace   ] GC(739) Metaspace: 35267K(35968K)->35267K(35968K) NonClass: 29007K(29504K)->29007K(29504K) Class: 6259K(6464K)->6259K(6464K)
[271.706s][info][gc             ] GC(739) Pause Young (Allocation Failure) 671M->378M(828M) 5.705ms
[271.706s][info][gc,cpu         ] GC(739) User=0.01s Sys=0.00s Real=0.01s
[272.287s][info][gc,start       ] GC(740) Pause Young (Allocation Failure)
[272.289s][info][gc,heap        ] GC(740) PSYoungGen: 281440K(307712K)->64K(281088K) Eden: 280576K(280576K)->0K(280576K) From: 864K(27136K)->64K(512K)
[272.289s][info][gc,heap        ] GC(740) ParOldGen: 387004K(540160K)->387012K(540160K)
[272.289s][info][gc,metaspace   ] GC(740) Metaspace: 35267K(35968K)->35267K(35968K) NonClass: 29007K(29504K)->29007K(29504K) Class: 6259K(6464K)->6259K(6464K)
[272.289s][info][gc             ] GC(740) Pause Young (Allocation Failure) 652M->378M(802M) 1.612ms
[272.289s][info][gc,cpu         ] GC(740) User=0.01s Sys=0.00s Real=0.00s
[272.745s][info][gc,start       ] GC(741) Pause Young (Allocation Failure)
[272.747s][info][gc,heap        ] GC(741) PSYoungGen: 280640K(281088K)->64K(307200K) Eden: 280576K(280576K)->0K(281600K) From: 64K(512K)->64K(25600K)
[272.747s][info][gc,heap        ] GC(741) ParOldGen: 387012K(540160K)->387020K(540160K)
[272.747s][info][gc,metaspace   ] GC(741) Metaspace: 35267K(35968K)->35267K(35968K) NonClass: 29007K(29504K)->29007K(29504K) Class: 6259K(6464K)->6259K(6464K)
[272.747s][info][gc             ] GC(741) Pause Young (Allocation Failure) 652M->378M(827M) 1.593ms
[272.747s][info][gc,cpu         ] GC(741) User=0.00s Sys=0.00s Real=0.00s
[273.160s][info][gc,start       ] GC(742) Pause Young (Allocation Failure)
[273.162s][info][gc,heap        ] GC(742) PSYoungGen: 281664K(307200K)->64K(306176K) Eden: 281600K(281600K)->0K(281600K) From: 64K(25600K)->64K(24576K)
[273.162s][info][gc,heap        ] GC(742) ParOldGen: 387020K(540160K)->387036K(540160K)
[273.162s][info][gc,metaspace   ] GC(742) Metaspace: 35267K(35968K)->35267K(35968K) NonClass: 29007K(29504K)->29007K(29504K) Class: 6259K(6464K)->6259K(6464K)
[273.162s][info][gc             ] GC(742) Pause Young (Allocation Failure) 653M->378M(826M) 1.629ms
[273.162s][info][gc,cpu         ] GC(742) User=0.01s Sys=0.00s Real=0.00s
[273.352s][info][gc,start       ] GC(743) Pause Young (Allocation Failure)
[273.353s][info][gc,heap        ] GC(743) PSYoungGen: 281664K(306176K)->64K(308224K) Eden: 281600K(281600K)->0K(284672K) From: 64K(24576K)->64K(23552K)
[273.353s][info][gc,heap        ] GC(743) ParOldGen: 387036K(540160K)->387052K(540160K)
[273.353s][info][gc,metaspace   ] GC(743) Metaspace: 35267K(35968K)->35267K(35968K) NonClass: 29007K(29504K)->29007K(29504K) Class: 6259K(6464K)->6259K(6464K)
[273.353s][info][gc             ] GC(743) Pause Young (Allocation Failure) 653M->378M(828M) 1.578ms
[273.353s][info][gc,cpu         ] GC(743) User=0.01s Sys=0.00s Real=0.00s
[273.545s][info][gc,start       ] GC(744) Pause Young (Allocation Failure)
[273.547s][info][gc,heap        ] GC(744) PSYoungGen: 284736K(308224K)->64K(307200K) Eden: 284672K(284672K)->0K(284672K) From: 64K(23552K)->64K(22528K)
[273.547s][info][gc,heap        ] GC(744) ParOldGen: 387052K(540160K)->387052K(540160K)
[273.547s][info][gc,metaspace   ] GC(744) Metaspace: 35267K(35968K)->35267K(35968K) NonClass: 29007K(29504K)->29007K(29504K) Class: 6259K(6464K)->6259K(6464K)
[273.547s][info][gc             ] GC(744) Pause Young (Allocation Failure) 656M->378M(827M) 2.158ms
[273.547s][info][gc,cpu         ] GC(744) User=0.00s Sys=0.00s Real=0.00s
[273.883s][info][gc,start       ] GC(745) Pause Young (Allocation Failure)
[273.885s][info][gc,heap        ] GC(745) PSYoungGen: 284736K(307200K)->64K(309760K) Eden: 284672K(284672K)->0K(288768K) From: 64K(22528K)->64K(20992K)
[273.885s][info][gc,heap        ] GC(745) ParOldGen: 387052K(540160K)->387052K(540160K)
[273.885s][info][gc,metaspace   ] GC(745) Metaspace: 35267K(35968K)->35267K(35968K) NonClass: 29007K(29504K)->29007K(29504K) Class: 6259K(6464K)->6259K(6464K)
[273.885s][info][gc             ] GC(745) Pause Young (Allocation Failure) 656M->378M(830M) 1.627ms
[273.885s][info][gc,cpu         ] GC(745) User=0.01s Sys=0.00s Real=0.01s
[273.951s][info][gc,start       ] GC(746) Pause Young (Allocation Failure)
[273.953s][info][gc,heap        ] GC(746) PSYoungGen: 288832K(309760K)->64K(308736K) Eden: 288768K(288768K)->0K(288768K) From: 64K(20992K)->64K(19968K)
[273.953s][info][gc,heap        ] GC(746) ParOldGen: 387052K(540160K)->387060K(540160K)
[273.953s][info][gc,metaspace   ] GC(746) Metaspace: 35267K(35968K)->35267K(35968K) NonClass: 29007K(29504K)->29007K(29504K) Class: 6259K(6464K)->6259K(6464K)
[273.953s][info][gc             ] GC(746) Pause Young (Allocation Failure) 660M->378M(829M) 1.522ms
[273.953s][info][gc,cpu         ] GC(746) User=0.00s Sys=0.00s Real=0.00s
[274.007s][info][gc,start       ] GC(747) Pause Young (Allocation Failure)
[274.008s][info][gc,heap        ] GC(747) PSYoungGen: 288832K(308736K)->32K(312832K) Eden: 288768K(288768K)->0K(293888K) From: 64K(19968K)->32K(18944K)
[274.008s][info][gc,heap        ] GC(747) ParOldGen: 387060K(540160K)->387076K(540160K)
[274.008s][info][gc,metaspace   ] GC(747) Metaspace: 35267K(35968K)->35267K(35968K) NonClass: 29007K(29504K)->29007K(29504K) Class: 6259K(6464K)->6259K(6464K)
[274.008s][info][gc             ] GC(747) Pause Young (Allocation Failure) 660M->378M(833M) 1.441ms
[274.008s][info][gc,cpu         ] GC(747) User=0.00s Sys=0.00s Real=0.00s
[274.193s][info][gc,start       ] GC(748) Pause Young (Allocation Failure)
[274.195s][info][gc,heap        ] GC(748) PSYoungGen: 293920K(312832K)->64K(311808K) Eden: 293888K(293888K)->0K(293888K) From: 32K(18944K)->64K(17920K)
[274.195s][info][gc,heap        ] GC(748) ParOldGen: 387076K(540160K)->387076K(540160K)
[274.195s][info][gc,metaspace   ] GC(748) Metaspace: 35267K(35968K)->35267K(35968K) NonClass: 29007K(29504K)->29007K(29504K) Class: 6259K(6464K)->6259K(6464K)
[274.195s][info][gc             ] GC(748) Pause Young (Allocation Failure) 665M->378M(832M) 1.486ms
[274.195s][info][gc,cpu         ] GC(748) User=0.01s Sys=0.00s Real=0.01s
[274.438s][info][gc,start       ] GC(749) Pause Young (Allocation Failure)
[274.440s][info][gc,heap        ] GC(749) PSYoungGen: 293952K(311808K)->64K(314880K) Eden: 293888K(293888K)->0K(297984K) From: 64K(17920K)->64K(16896K)
[274.440s][info][gc,heap        ] GC(749) ParOldGen: 387076K(540160K)->387084K(540160K)
[274.440s][info][gc,metaspace   ] GC(749) Metaspace: 35267K(35968K)->35267K(35968K) NonClass: 29007K(29504K)->29007K(29504K) Class: 6259K(6464K)->6259K(6464K)
[274.440s][info][gc             ] GC(749) Pause Young (Allocation Failure) 665M->378M(835M) 1.512ms
[274.440s][info][gc,cpu         ] GC(749) User=0.00s Sys=0.00s Real=0.00s
[274.577s][info][gc,start       ] GC(750) Pause Young (Allocation Failure)
[274.579s][info][gc,heap        ] GC(750) PSYoungGen: 298048K(314880K)->64K(313856K) Eden: 297984K(297984K)->0K(297984K) From: 64K(16896K)->64K(15872K)
[274.579s][info][gc,heap        ] GC(750) ParOldGen: 387084K(540160K)->387092K(540160K)
[274.579s][info][gc,metaspace   ] GC(750) Metaspace: 35267K(35968K)->35267K(35968K) NonClass: 29007K(29504K)->29007K(29504K) Class: 6259K(6464K)->6259K(6464K)
[274.579s][info][gc             ] GC(750) Pause Young (Allocation Failure) 669M->378M(834M) 1.516ms
[274.579s][info][gc,cpu         ] GC(750) User=0.00s Sys=0.00s Real=0.00s
[274.663s][info][gc,start       ] GC(751) Pause Young (Allocation Failure)
[274.664s][info][gc,heap        ] GC(751) PSYoungGen: 298048K(313856K)->64K(316928K) Eden: 297984K(297984K)->0K(302080K) From: 64K(15872K)->64K(14848K)
[274.664s][info][gc,heap        ] GC(751) ParOldGen: 387092K(540160K)->387100K(540160K)
[274.664s][info][gc,metaspace   ] GC(751) Metaspace: 35267K(35968K)->35267K(35968K) NonClass: 29007K(29504K)->29007K(29504K) Class: 6259K(6464K)->6259K(6464K)
[274.664s][info][gc             ] GC(751) Pause Young (Allocation Failure) 669M->378M(837M) 1.520ms
[274.664s][info][gc,cpu         ] GC(751) User=0.01s Sys=0.00s Real=0.00s
[274.852s][info][gc,start       ] GC(752) Pause Young (Allocation Failure)
[274.853s][info][gc,heap        ] GC(752) PSYoungGen: 302144K(316928K)->64K(315904K) Eden: 302080K(302080K)->0K(302080K) From: 64K(14848K)->64K(13824K)
[274.853s][info][gc,heap        ] GC(752) ParOldGen: 387100K(540160K)->387108K(540160K)
[274.853s][info][gc,metaspace   ] GC(752) Metaspace: 35267K(35968K)->35267K(35968K) NonClass: 29007K(29504K)->29007K(29504K) Class: 6259K(6464K)->6259K(6464K)
[274.853s][info][gc             ] GC(752) Pause Young (Allocation Failure) 673M->378M(836M) 1.602ms
[274.853s][info][gc,cpu         ] GC(752) User=0.01s Sys=0.00s Real=0.00s
[275.816s][info][gc,start       ] GC(753) Pause Young (Allocation Failure)
[275.817s][info][gc,heap        ] GC(753) PSYoungGen: 302144K(315904K)->64K(290304K) Eden: 302080K(302080K)->0K(289792K) From: 64K(13824K)->64K(512K)
[275.817s][info][gc,heap        ] GC(753) ParOldGen: 387108K(540160K)->387116K(540160K)
[275.817s][info][gc,metaspace   ] GC(753) Metaspace: 35267K(35968K)->35267K(35968K) NonClass: 29007K(29504K)->29007K(29504K) Class: 6259K(6464K)->6259K(6464K)
[275.817s][info][gc             ] GC(753) Pause Young (Allocation Failure) 673M->378M(811M) 1.716ms
[275.817s][info][gc,cpu         ] GC(753) User=0.01s Sys=0.00s Real=0.00s
[276.695s][info][gc,start       ] GC(754) Pause Young (Allocation Failure)
[276.697s][info][gc,heap        ] GC(754) PSYoungGen: 289856K(290304K)->64K(290304K) Eden: 289792K(289792K)->0K(278016K) From: 64K(512K)->64K(12288K)
[276.697s][info][gc,heap        ] GC(754) ParOldGen: 387116K(540160K)->387124K(540160K)
[276.697s][info][gc,metaspace   ] GC(754) Metaspace: 35267K(35968K)->35267K(35968K) NonClass: 29007K(29504K)->29007K(29504K) Class: 6259K(6464K)->6259K(6464K)
[276.697s][info][gc             ] GC(754) Pause Young (Allocation Failure) 661M->378M(811M) 1.772ms
[276.697s][info][gc,cpu         ] GC(754) User=0.01s Sys=0.00s Real=0.00s
[276.959s][info][gc,start       ] GC(755) Pause Young (Allocation Failure)
[276.962s][info][gc,heap        ] GC(755) PSYoungGen: 278080K(290304K)->64K(267776K) Eden: 278016K(278016K)->0K(267264K) From: 64K(12288K)->64K(512K)
[276.963s][info][gc,heap        ] GC(755) ParOldGen: 387124K(540160K)->387140K(540160K)
[276.963s][info][gc,metaspace   ] GC(755) Metaspace: 35267K(35968K)->35267K(35968K) NonClass: 29007K(29504K)->29007K(29504K) Class: 6259K(6464K)->6259K(6464K)
[276.963s][info][gc             ] GC(755) Pause Young (Allocation Failure) 649M->378M(789M) 3.101ms
[276.963s][info][gc,cpu         ] GC(755) User=0.00s Sys=0.00s Real=0.00s
[277.390s][info][gc,start       ] GC(756) Pause Young (Allocation Failure)
[277.393s][info][gc,heap        ] GC(756) PSYoungGen: 267328K(267776K)->64K(267776K) Eden: 267264K(267264K)->0K(257024K) From: 64K(512K)->64K(10752K)
[277.393s][info][gc,heap        ] GC(756) ParOldGen: 387140K(540160K)->387156K(540160K)
[277.393s][info][gc,metaspace   ] GC(756) Metaspace: 35267K(35968K)->35267K(35968K) NonClass: 29007K(29504K)->29007K(29504K) Class: 6259K(6464K)->6259K(6464K)
[277.393s][info][gc             ] GC(756) Pause Young (Allocation Failure) 639M->378M(789M) 2.754ms
[277.393s][info][gc,cpu         ] GC(756) User=0.01s Sys=0.00s Real=0.00s
[278.335s][info][gc,start       ] GC(757) Pause Young (Allocation Failure)
[278.338s][info][gc,heap        ] GC(757) PSYoungGen: 257088K(267776K)->32K(247296K) Eden: 257024K(257024K)->0K(246784K) From: 64K(10752K)->32K(512K)
[278.338s][info][gc,heap        ] GC(757) ParOldGen: 387156K(540160K)->387172K(540160K)
[278.338s][info][gc,metaspace   ] GC(757) Metaspace: 35267K(35968K)->35267K(35968K) NonClass: 29007K(29504K)->29007K(29504K) Class: 6259K(6464K)->6259K(6464K)
[278.339s][info][gc             ] GC(757) Pause Young (Allocation Failure) 629M->378M(769M) 3.603ms
[278.339s][info][gc,cpu         ] GC(757) User=0.01s Sys=0.01s Real=0.00s
[278.706s][info][gc,start       ] GC(758) Pause Young (Allocation Failure)
[278.709s][info][gc,heap        ] GC(758) PSYoungGen: 246816K(247296K)->32K(246272K) Eden: 246784K(246784K)->0K(237056K) From: 32K(512K)->32K(9216K)
[278.709s][info][gc,heap        ] GC(758) ParOldGen: 387172K(540160K)->387180K(540160K)
[278.709s][info][gc,metaspace   ] GC(758) Metaspace: 35267K(35968K)->35267K(35968K) NonClass: 29007K(29504K)->29007K(29504K) Class: 6259K(6464K)->6259K(6464K)
[278.709s][info][gc             ] GC(758) Pause Young (Allocation Failure) 619M->378M(768M) 2.719ms
[278.709s][info][gc,cpu         ] GC(758) User=0.01s Sys=0.00s Real=0.00s
[278.875s][info][gc,start       ] GC(759) Pause Young (Allocation Failure)
[278.879s][info][gc,heap        ] GC(759) PSYoungGen: 237088K(246272K)->32K(228352K) Eden: 237056K(237056K)->0K(227840K) From: 32K(9216K)->32K(512K)
[278.879s][info][gc,heap        ] GC(759) ParOldGen: 387180K(540160K)->387188K(540160K)
[278.879s][info][gc,metaspace   ] GC(759) Metaspace: 35267K(35968K)->35267K(35968K) NonClass: 29007K(29504K)->29007K(29504K) Class: 6259K(6464K)->6259K(6464K)
[278.879s][info][gc             ] GC(759) Pause Young (Allocation Failure) 609M->378M(750M) 3.523ms
[278.879s][info][gc,cpu         ] GC(759) User=0.00s Sys=0.00s Real=0.00s
[278.964s][info][gc,start       ] GC(760) Pause Young (Allocation Failure)
[278.967s][info][gc,heap        ] GC(760) PSYoungGen: 227872K(228352K)->64K(281600K) Eden: 227840K(227840K)->0K(273408K) From: 32K(512K)->64K(8192K)
[278.967s][info][gc,heap        ] GC(760) ParOldGen: 387188K(540160K)->387196K(540160K)
[278.967s][info][gc,metaspace   ] GC(760) Metaspace: 35267K(35968K)->35267K(35968K) NonClass: 29007K(29504K)->29007K(29504K) Class: 6259K(6464K)->6259K(6464K)
[278.967s][info][gc             ] GC(760) Pause Young (Allocation Failure) 600M->378M(802M) 2.676ms
[278.967s][info][gc,cpu         ] GC(760) User=0.00s Sys=0.00s Real=0.01s
[279.632s][info][gc,start       ] GC(761) Pause Young (Allocation Failure)
[279.635s][info][gc,heap        ] GC(761) PSYoungGen: 273472K(281600K)->32K(283136K) Eden: 273408K(273408K)->0K(275456K) From: 64K(8192K)->32K(7680K)
[279.635s][info][gc,heap        ] GC(761) ParOldGen: 387196K(540160K)->387212K(540160K)
[279.635s][info][gc,metaspace   ] GC(761) Metaspace: 35267K(35968K)->35267K(35968K) NonClass: 29007K(29504K)->29007K(29504K) Class: 6259K(6464K)->6259K(6464K)
[279.635s][info][gc             ] GC(761) Pause Young (Allocation Failure) 645M->378M(804M) 2.960ms
[279.635s][info][gc,cpu         ] GC(761) User=0.01s Sys=0.00s Real=0.01s
[279.898s][info][gc,start       ] GC(762) Pause Young (Allocation Failure)
[279.901s][info][gc,heap        ] GC(762) PSYoungGen: 275488K(283136K)->64K(282624K) Eden: 275456K(275456K)->0K(275456K) From: 32K(7680K)->64K(7168K)
[279.901s][info][gc,heap        ] GC(762) ParOldGen: 387212K(540160K)->387220K(540160K)
[279.901s][info][gc,metaspace   ] GC(762) Metaspace: 35267K(35968K)->35267K(35968K) NonClass: 29007K(29504K)->29007K(29504K) Class: 6259K(6464K)->6259K(6464K)
[279.901s][info][gc             ] GC(762) Pause Young (Allocation Failure) 647M->378M(803M) 2.739ms
[279.901s][info][gc,cpu         ] GC(762) User=0.00s Sys=0.00s Real=0.00s
[280.239s][info][gc,start       ] GC(763) Pause Young (Allocation Failure)
[280.286s][info][gc,heap        ] GC(763) PSYoungGen: 275520K(282624K)->6656K(309760K) Eden: 275456K(275456K)->0K(303104K) From: 64K(7168K)->6656K(6656K)
[280.286s][info][gc,heap        ] GC(763) ParOldGen: 387220K(540160K)->406692K(540160K)
[280.286s][info][gc,metaspace   ] GC(763) Metaspace: 35267K(35968K)->35267K(35968K) NonClass: 29007K(29504K)->29007K(29504K) Class: 6259K(6464K)->6259K(6464K)
[280.286s][info][gc             ] GC(763) Pause Young (Allocation Failure) 647M->403M(830M) 47.042ms
[280.286s][info][gc,cpu         ] GC(763) User=0.09s Sys=0.00s Real=0.05s
[280.635s][info][gc,start       ] GC(764) Pause Young (Allocation Failure)
[280.701s][info][gc,heap        ] GC(764) PSYoungGen: 309760K(309760K)->15360K(318464K) Eden: 303104K(303104K)->0K(303104K) From: 6656K(6656K)->15360K(15360K)
[280.701s][info][gc,heap        ] GC(764) ParOldGen: 406692K(540160K)->424140K(540160K)
[280.701s][info][gc,metaspace   ] GC(764) Metaspace: 35267K(35968K)->35267K(35968K) NonClass: 29007K(29504K)->29007K(29504K) Class: 6259K(6464K)->6259K(6464K)
[280.701s][info][gc             ] GC(764) Pause Young (Allocation Failure) 699M->429M(838M) 66.614ms
[280.701s][info][gc,cpu         ] GC(764) User=0.12s Sys=0.01s Real=0.06s
[280.864s][info][gc,start       ] GC(765) Pause Young (Allocation Failure)
[280.890s][info][gc,heap        ] GC(765) PSYoungGen: 318464K(318464K)->10752K(299008K) Eden: 303104K(303104K)->0K(283648K) From: 15360K(15360K)->10752K(15360K)
[280.890s][info][gc,heap        ] GC(765) ParOldGen: 424140K(540160K)->424780K(540160K)
[280.890s][info][gc,metaspace   ] GC(765) Metaspace: 35267K(35968K)->35267K(35968K) NonClass: 29007K(29504K)->29007K(29504K) Class: 6259K(6464K)->6259K(6464K)
[280.890s][info][gc             ] GC(765) Pause Young (Allocation Failure) 725M->425M(819M) 25.801ms
[280.890s][info][gc,cpu         ] GC(765) User=0.05s Sys=0.01s Real=0.03s
[281.332s][info][gc,start       ] GC(766) Pause Young (Allocation Failure)
[281.333s][info][gc,heap        ] GC(766) PSYoungGen: 294400K(299008K)->64K(308736K) Eden: 283648K(283648K)->0K(283648K) From: 10752K(15360K)->64K(25088K)
[281.333s][info][gc,heap        ] GC(766) ParOldGen: 424780K(540160K)->424788K(540160K)
[281.333s][info][gc,metaspace   ] GC(766) Metaspace: 35267K(35968K)->35267K(35968K) NonClass: 29007K(29504K)->29007K(29504K) Class: 6259K(6464K)->6259K(6464K)
[281.333s][info][gc             ] GC(766) Pause Young (Allocation Failure) 702M->414M(829M) 1.622ms
[281.333s][info][gc,cpu         ] GC(766) User=0.00s Sys=0.00s Real=0.00s
[281.908s][info][gc,start       ] GC(767) Pause Young (Allocation Failure)
[281.910s][info][gc,heap        ] GC(767) PSYoungGen: 283712K(308736K)->64K(306688K) Eden: 283648K(283648K)->0K(284672K) From: 64K(25088K)->64K(22016K)
[281.910s][info][gc,heap        ] GC(767) ParOldGen: 424788K(540160K)->424796K(540160K)
[281.910s][info][gc,metaspace   ] GC(767) Metaspace: 35267K(35968K)->35267K(35968K) NonClass: 29007K(29504K)->29007K(29504K) Class: 6259K(6464K)->6259K(6464K)
[281.910s][info][gc             ] GC(767) Pause Young (Allocation Failure) 691M->414M(827M) 1.736ms
[281.910s][info][gc,cpu         ] GC(767) User=0.00s Sys=0.00s Real=0.00s
[282.324s][info][gc,start       ] GC(768) Pause Young (Allocation Failure)
[282.326s][info][gc,heap        ] GC(768) PSYoungGen: 284736K(306688K)->64K(308224K) Eden: 284672K(284672K)->0K(284672K) From: 64K(22016K)->64K(23552K)
[282.326s][info][gc,heap        ] GC(768) ParOldGen: 424796K(540160K)->424812K(540160K)
[282.326s][info][gc,metaspace   ] GC(768) Metaspace: 35267K(35968K)->35267K(35968K) NonClass: 29007K(29504K)->29007K(29504K) Class: 6259K(6464K)->6259K(6464K)
[282.326s][info][gc             ] GC(768) Pause Young (Allocation Failure) 692M->414M(828M) 1.695ms
[282.326s][info][gc,cpu         ] GC(768) User=0.00s Sys=0.00s Real=0.01s
[282.518s][info][gc,start       ] GC(769) Pause Young (Allocation Failure)
[282.519s][info][gc,heap        ] GC(769) PSYoungGen: 284736K(308224K)->64K(307712K) Eden: 284672K(284672K)->0K(287744K) From: 64K(23552K)->64K(19968K)
[282.519s][info][gc,heap        ] GC(769) ParOldGen: 424812K(540160K)->424828K(540160K)
[282.519s][info][gc,metaspace   ] GC(769) Metaspace: 35267K(35968K)->35267K(35968K) NonClass: 29007K(29504K)->29007K(29504K) Class: 6259K(6464K)->6259K(6464K)
[282.519s][info][gc             ] GC(769) Pause Young (Allocation Failure) 692M->414M(828M) 1.747ms
[282.520s][info][gc,cpu         ] GC(769) User=0.00s Sys=0.00s Real=0.00s
[282.711s][info][gc,start       ] GC(770) Pause Young (Allocation Failure)
[282.713s][info][gc,heap        ] GC(770) PSYoungGen: 287808K(307712K)->64K(309248K) Eden: 287744K(287744K)->0K(287744K) From: 64K(19968K)->64K(21504K)
[282.713s][info][gc,heap        ] GC(770) ParOldGen: 424828K(540160K)->424828K(540160K)
[282.713s][info][gc,metaspace   ] GC(770) Metaspace: 35267K(35968K)->35267K(35968K) NonClass: 29007K(29504K)->29007K(29504K) Class: 6259K(6464K)->6259K(6464K)
[282.713s][info][gc             ] GC(770) Pause Young (Allocation Failure) 695M->414M(829M) 1.821ms
[282.713s][info][gc,cpu         ] GC(770) User=0.00s Sys=0.00s Real=0.00s
[283.036s][info][gc,start       ] GC(771) Pause Young (Allocation Failure)
[283.038s][info][gc,heap        ] GC(771) PSYoungGen: 287808K(309248K)->64K(309760K) Eden: 287744K(287744K)->0K(291840K) From: 64K(21504K)->64K(17920K)
[283.038s][info][gc,heap        ] GC(771) ParOldGen: 424828K(540160K)->424828K(540160K)
[283.038s][info][gc,metaspace   ] GC(771) Metaspace: 35267K(35968K)->35267K(35968K) NonClass: 29007K(29504K)->29007K(29504K) Class: 6259K(6464K)->6259K(6464K)
[283.038s][info][gc             ] GC(771) Pause Young (Allocation Failure) 695M->414M(830M) 2.006ms
[283.038s][info][gc,cpu         ] GC(771) User=0.01s Sys=0.00s Real=0.00s
[283.147s][info][gc,start       ] GC(772) Pause Young (Allocation Failure)
[283.150s][info][gc,heap        ] GC(772) PSYoungGen: 291904K(309760K)->32K(311296K) Eden: 291840K(291840K)->0K(291840K) From: 64K(17920K)->32K(19456K)
[283.150s][info][gc,heap        ] GC(772) ParOldGen: 424828K(540160K)->424836K(540160K)
[283.150s][info][gc,metaspace   ] GC(772) Metaspace: 35267K(35968K)->35267K(35968K) NonClass: 29007K(29504K)->29007K(29504K) Class: 6259K(6464K)->6259K(6464K)
[283.150s][info][gc             ] GC(772) Pause Young (Allocation Failure) 699M->414M(831M) 2.873ms
[283.150s][info][gc,cpu         ] GC(772) User=0.01s Sys=0.00s Real=0.00s
[283.205s][info][gc,start       ] GC(773) Pause Young (Allocation Failure)
[283.208s][info][gc,heap        ] GC(773) PSYoungGen: 291872K(311296K)->32K(312832K) Eden: 291840K(291840K)->0K(295936K) From: 32K(19456K)->32K(16896K)
[283.208s][info][gc,heap        ] GC(773) ParOldGen: 424836K(540160K)->424844K(540160K)
[283.208s][info][gc,metaspace   ] GC(773) Metaspace: 35267K(35968K)->35267K(35968K) NonClass: 29007K(29504K)->29007K(29504K) Class: 6259K(6464K)->6259K(6464K)
[283.208s][info][gc             ] GC(773) Pause Young (Allocation Failure) 699M->414M(833M) 2.698ms
[283.208s][info][gc,cpu         ] GC(773) User=0.00s Sys=0.00s Real=0.00s
[283.362s][info][gc,start       ] GC(774) Pause Young (Allocation Failure)
[283.365s][info][gc,heap        ] GC(774) PSYoungGen: 295968K(312832K)->64K(313856K) Eden: 295936K(295936K)->0K(295936K) From: 32K(16896K)->64K(17920K)
[283.365s][info][gc,heap        ] GC(774) ParOldGen: 424844K(540160K)->424844K(540160K)
[283.365s][info][gc,metaspace   ] GC(774) Metaspace: 35267K(35968K)->35267K(35968K) NonClass: 29007K(29504K)->29007K(29504K) Class: 6259K(6464K)->6259K(6464K)
[283.365s][info][gc             ] GC(774) Pause Young (Allocation Failure) 703M->414M(834M) 2.859ms
[283.365s][info][gc,cpu         ] GC(774) User=0.00s Sys=0.00s Real=0.01s
[283.617s][info][gc,start       ] GC(775) Pause Young (Allocation Failure)
[283.620s][info][gc,heap        ] GC(775) PSYoungGen: 296000K(313856K)->32K(313856K) Eden: 295936K(295936K)->0K(299008K) From: 64K(17920K)->32K(14848K)
[283.620s][info][gc,heap        ] GC(775) ParOldGen: 424844K(540160K)->424860K(540160K)
[283.620s][info][gc,metaspace   ] GC(775) Metaspace: 35267K(35968K)->35267K(35968K) NonClass: 29007K(29504K)->29007K(29504K) Class: 6259K(6464K)->6259K(6464K)
[283.620s][info][gc             ] GC(775) Pause Young (Allocation Failure) 703M->414M(834M) 3.024ms
[283.620s][info][gc,cpu         ] GC(775) User=0.00s Sys=0.00s Real=0.00s
[283.777s][info][gc,start       ] GC(776) Pause Young (Allocation Failure)
[283.780s][info][gc,heap        ] GC(776) PSYoungGen: 299040K(313856K)->64K(314880K) Eden: 299008K(299008K)->0K(299008K) From: 32K(14848K)->64K(15872K)
[283.780s][info][gc,heap        ] GC(776) ParOldGen: 424860K(540160K)->424868K(540160K)
[283.780s][info][gc,metaspace   ] GC(776) Metaspace: 35267K(35968K)->35267K(35968K) NonClass: 29007K(29504K)->29007K(29504K) Class: 6259K(6464K)->6259K(6464K)
[283.780s][info][gc             ] GC(776) Pause Young (Allocation Failure) 706M->414M(835M) 2.938ms
[283.780s][info][gc,cpu         ] GC(776) User=0.00s Sys=0.00s Real=0.00s
[283.861s][info][gc,start       ] GC(777) Pause Young (Allocation Failure)
[283.864s][info][gc,heap        ] GC(777) PSYoungGen: 299072K(314880K)->32K(315904K) Eden: 299008K(299008K)->0K(303104K) From: 64K(15872K)->32K(12800K)
[283.864s][info][gc,heap        ] GC(777) ParOldGen: 424868K(540160K)->424884K(540160K)
[283.864s][info][gc,metaspace   ] GC(777) Metaspace: 35267K(35968K)->35267K(35968K) NonClass: 29007K(29504K)->29007K(29504K) Class: 6259K(6464K)->6259K(6464K)
[283.864s][info][gc             ] GC(777) Pause Young (Allocation Failure) 706M->414M(836M) 2.850ms
[283.864s][info][gc,cpu         ] GC(777) User=0.00s Sys=0.00s Real=0.00s
[284.040s][info][gc,start       ] GC(778) Pause Young (Allocation Failure)
[284.042s][info][gc,heap        ] GC(778) PSYoungGen: 303136K(315904K)->32K(316928K) Eden: 303104K(303104K)->0K(303104K) From: 32K(12800K)->32K(13824K)
[284.042s][info][gc,heap        ] GC(778) ParOldGen: 424884K(540160K)->424884K(540160K)
[284.042s][info][gc,metaspace   ] GC(778) Metaspace: 35267K(35968K)->35267K(35968K) NonClass: 29007K(29504K)->29007K(29504K) Class: 6259K(6464K)->6259K(6464K)
[284.042s][info][gc             ] GC(778) Pause Young (Allocation Failure) 710M->414M(837M) 2.499ms
[284.042s][info][gc,cpu         ] GC(778) User=0.00s Sys=0.00s Real=0.00s
[285.020s][info][gc,start       ] GC(779) Pause Young (Allocation Failure)
[285.022s][info][gc,heap        ] GC(779) PSYoungGen: 303136K(316928K)->83K(317440K) Eden: 303104K(303104K)->0K(306688K) From: 32K(13824K)->83K(10752K)
[285.022s][info][gc,heap        ] GC(779) ParOldGen: 424884K(540160K)->424892K(540160K)
[285.022s][info][gc,metaspace   ] GC(779) Metaspace: 35267K(35968K)->35267K(35968K) NonClass: 29007K(29504K)->29007K(29504K) Class: 6259K(6464K)->6259K(6464K)
[285.022s][info][gc             ] GC(779) Pause Young (Allocation Failure) 710M->415M(837M) 1.729ms
[285.022s][info][gc,cpu         ] GC(779) User=0.00s Sys=0.00s Real=0.00s
[285.892s][info][gc,start       ] GC(780) Pause Young (Allocation Failure)
[285.894s][info][gc,heap        ] GC(780) PSYoungGen: 306771K(317440K)->64K(318976K) Eden: 306688K(306688K)->0K(306688K) From: 83K(10752K)->64K(12288K)
[285.894s][info][gc,heap        ] GC(780) ParOldGen: 424892K(540160K)->424900K(540160K)
[285.894s][info][gc,metaspace   ] GC(780) Metaspace: 35267K(35968K)->35267K(35968K) NonClass: 29007K(29504K)->29007K(29504K) Class: 6259K(6464K)->6259K(6464K)
[285.894s][info][gc             ] GC(780) Pause Young (Allocation Failure) 714M->415M(839M) 1.662ms
[285.894s][info][gc,cpu         ] GC(780) User=0.00s Sys=0.00s Real=0.00s
[286.177s][info][gc,start       ] GC(781) Pause Young (Allocation Failure)
[286.178s][info][gc,heap        ] GC(781) PSYoungGen: 306752K(318976K)->64K(320000K) Eden: 306688K(306688K)->0K(310272K) From: 64K(12288K)->64K(9728K)
[286.178s][info][gc,heap        ] GC(781) ParOldGen: 424900K(540160K)->424908K(540160K)
[286.178s][info][gc,metaspace   ] GC(781) Metaspace: 35267K(35968K)->35267K(35968K) NonClass: 29007K(29504K)->29007K(29504K) Class: 6259K(6464K)->6259K(6464K)
[286.179s][info][gc             ] GC(781) Pause Young (Allocation Failure) 714M->415M(840M) 1.697ms
[286.179s][info][gc,cpu         ] GC(781) User=0.00s Sys=0.01s Real=0.00s
[286.663s][info][gc,start       ] GC(782) Pause Young (Allocation Failure)
[286.666s][info][gc,heap        ] GC(782) PSYoungGen: 310336K(320000K)->64K(297984K) Eden: 310272K(310272K)->0K(297472K) From: 64K(9728K)->64K(512K)
[286.666s][info][gc,heap        ] GC(782) ParOldGen: 424908K(540160K)->424916K(540160K)
[286.666s][info][gc,metaspace   ] GC(782) Metaspace: 35267K(35968K)->35267K(35968K) NonClass: 29007K(29504K)->29007K(29504K) Class: 6259K(6464K)->6259K(6464K)
[286.666s][info][gc             ] GC(782) Pause Young (Allocation Failure) 718M->415M(818M) 2.892ms
[286.666s][info][gc,cpu         ] GC(782) User=0.00s Sys=0.00s Real=0.01s
[287.642s][info][gc,start       ] GC(783) Pause Young (Allocation Failure)
[287.645s][info][gc,heap        ] GC(783) PSYoungGen: 297536K(297984K)->64K(286208K) Eden: 297472K(297472K)->0K(285696K) From: 64K(512K)->64K(512K)
[287.645s][info][gc,heap        ] GC(783) ParOldGen: 424916K(540160K)->424924K(540160K)
[287.645s][info][gc,metaspace   ] GC(783) Metaspace: 35267K(35968K)->35267K(35968K) NonClass: 29007K(29504K)->29007K(29504K) Class: 6259K(6464K)->6259K(6464K)
[287.645s][info][gc             ] GC(783) Pause Young (Allocation Failure) 705M->415M(807M) 3.052ms
[287.645s][info][gc,cpu         ] GC(783) User=0.01s Sys=0.00s Real=0.01s
[288.040s][info][gc,start       ] GC(784) Pause Young (Allocation Failure)
[288.042s][info][gc,heap        ] GC(784) PSYoungGen: 285760K(286208K)->64K(283648K) Eden: 285696K(285696K)->0K(274432K) From: 64K(512K)->64K(9216K)
[288.042s][info][gc,heap        ] GC(784) ParOldGen: 424924K(540160K)->424932K(540160K)
[288.042s][info][gc,metaspace   ] GC(784) Metaspace: 35267K(35968K)->35267K(35968K) NonClass: 29007K(29504K)->29007K(29504K) Class: 6259K(6464K)->6259K(6464K)
[288.042s][info][gc             ] GC(784) Pause Young (Allocation Failure) 694M->415M(804M) 1.911ms
[288.042s][info][gc,cpu         ] GC(784) User=0.01s Sys=0.00s Real=0.00s
[288.128s][info][gc,start       ] GC(785) Pause Young (Allocation Failure)
[288.131s][info][gc,heap        ] GC(785) PSYoungGen: 274496K(283648K)->64K(264192K) Eden: 274432K(274432K)->0K(263680K) From: 64K(9216K)->64K(512K)
[288.131s][info][gc,heap        ] GC(785) ParOldGen: 424932K(540160K)->424940K(540160K)
[288.131s][info][gc,metaspace   ] GC(785) Metaspace: 35267K(35968K)->35267K(35968K) NonClass: 29007K(29504K)->29007K(29504K) Class: 6259K(6464K)->6259K(6464K)
[288.131s][info][gc             ] GC(785) Pause Young (Allocation Failure) 683M->415M(785M) 2.698ms
[288.131s][info][gc,cpu         ] GC(785) User=0.00s Sys=0.00s Real=0.00s
[288.675s][info][gc,start       ] GC(786) Pause Young (Allocation Failure)
[288.677s][info][gc,heap        ] GC(786) PSYoungGen: 263744K(264192K)->64K(261632K) Eden: 263680K(263680K)->0K(253440K) From: 64K(512K)->64K(8192K)
[288.677s][info][gc,heap        ] GC(786) ParOldGen: 424940K(540160K)->424948K(540160K)
[288.677s][info][gc,metaspace   ] GC(786) Metaspace: 35267K(35968K)->35267K(35968K) NonClass: 29007K(29504K)->29007K(29504K) Class: 6259K(6464K)->6259K(6464K)
[288.677s][info][gc             ] GC(786) Pause Young (Allocation Failure) 672M->415M(783M) 2.344ms
[288.677s][info][gc,cpu         ] GC(786) User=0.01s Sys=0.00s Real=0.00s
[288.965s][info][gc,start       ] GC(787) Pause Young (Allocation Failure)
[288.968s][info][gc,heap        ] GC(787) PSYoungGen: 253504K(261632K)->64K(244224K) Eden: 253440K(253440K)->0K(243712K) From: 64K(8192K)->64K(512K)
[288.968s][info][gc,heap        ] GC(787) ParOldGen: 424948K(540160K)->424956K(540160K)
[288.968s][info][gc,metaspace   ] GC(787) Metaspace: 35267K(35968K)->35267K(35968K) NonClass: 29007K(29504K)->29007K(29504K) Class: 6259K(6464K)->6259K(6464K)
[288.968s][info][gc             ] GC(787) Pause Young (Allocation Failure) 662M->415M(766M) 2.915ms
[288.968s][info][gc,cpu         ] GC(787) User=0.01s Sys=0.00s Real=0.00s
[289.303s][info][gc,start       ] GC(788) Pause Young (Allocation Failure)
[289.327s][info][gc,heap        ] GC(788) PSYoungGen: 243776K(244224K)->7168K(290816K) Eden: 243712K(243712K)->0K(283648K) From: 64K(512K)->7168K(7168K)
[289.327s][info][gc,heap        ] GC(788) ParOldGen: 424956K(540160K)->430572K(540160K)
[289.327s][info][gc,metaspace   ] GC(788) Metaspace: 35267K(35968K)->35267K(35968K) NonClass: 29007K(29504K)->29007K(29504K) Class: 6259K(6464K)->6259K(6464K)
[289.327s][info][gc             ] GC(788) Pause Young (Allocation Failure) 653M->427M(811M) 23.909ms
[289.327s][info][gc,cpu         ] GC(788) User=0.04s Sys=0.00s Real=0.03s
[289.637s][info][gc,start       ] GC(789) Pause Young (Allocation Failure)
[289.694s][info][gc,heap        ] GC(789) PSYoungGen: 290816K(290816K)->10752K(293888K) Eden: 283648K(283648K)->0K(283136K) From: 7168K(7168K)->10752K(10752K)
[289.694s][info][gc,heap        ] GC(789) ParOldGen: 430572K(540160K)->450060K(540160K)
[289.694s][info][gc,metaspace   ] GC(789) Metaspace: 35267K(35968K)->35267K(35968K) NonClass: 29007K(29504K)->29007K(29504K) Class: 6259K(6464K)->6259K(6464K)
[289.694s][info][gc             ] GC(789) Pause Young (Allocation Failure) 704M->450M(814M) 56.938ms
[289.694s][info][gc,cpu         ] GC(789) User=0.10s Sys=0.01s Real=0.05s
[289.971s][info][gc,start       ] GC(790) Pause Young (Allocation Failure)
[290.020s][info][gc,heap        ] GC(790) PSYoungGen: 293888K(293888K)->20480K(303616K) Eden: 283136K(283136K)->0K(283136K) From: 10752K(10752K)->20480K(20480K)
[290.020s][info][gc,heap        ] GC(790) ParOldGen: 450060K(540160K)->456436K(540160K)
[290.020s][info][gc,metaspace   ] GC(790) Metaspace: 35267K(35968K)->35267K(35968K) NonClass: 29007K(29504K)->29007K(29504K) Class: 6259K(6464K)->6259K(6464K)
[290.020s][info][gc             ] GC(790) Pause Young (Allocation Failure) 726M->465M(824M) 49.293ms
[290.020s][info][gc,cpu         ] GC(790) User=0.10s Sys=0.00s Real=0.05s
[290.116s][info][gc,start       ] GC(791) Pause Young (Allocation Failure)
[290.119s][info][gc,heap        ] GC(791) PSYoungGen: 303616K(303616K)->64K(307712K) Eden: 283136K(283136K)->0K(280576K) From: 20480K(20480K)->64K(27136K)
[290.119s][info][gc,heap        ] GC(791) ParOldGen: 456436K(540160K)->456660K(540160K)
[290.119s][info][gc,metaspace   ] GC(791) Metaspace: 35267K(35968K)->35267K(35968K) NonClass: 29007K(29504K)->29007K(29504K) Class: 6259K(6464K)->6259K(6464K)
[290.119s][info][gc             ] GC(791) Pause Young (Allocation Failure) 742M->446M(828M) 3.215ms
[290.119s][info][gc,cpu         ] GC(791) User=0.01s Sys=0.00s Real=0.00s
[290.782s][info][gc,start       ] GC(792) Pause Young (Allocation Failure)
[290.784s][info][gc,heap        ] GC(792) PSYoungGen: 280640K(307712K)->64K(281088K) Eden: 280576K(280576K)->0K(280576K) From: 64K(27136K)->64K(512K)
[290.784s][info][gc,heap        ] GC(792) ParOldGen: 456660K(540160K)->456668K(540160K)
[290.784s][info][gc,metaspace   ] GC(792) Metaspace: 35267K(35968K)->35267K(35968K) NonClass: 29007K(29504K)->29007K(29504K) Class: 6259K(6464K)->6259K(6464K)
[290.784s][info][gc             ] GC(792) Pause Young (Allocation Failure) 720M->446M(802M) 1.853ms
[290.784s][info][gc,cpu         ] GC(792) User=0.00s Sys=0.00s Real=0.00s
[291.155s][info][gc,start       ] GC(793) Pause Young (Allocation Failure)
[291.157s][info][gc,heap        ] GC(793) PSYoungGen: 280640K(281088K)->64K(307200K) Eden: 280576K(280576K)->0K(281600K) From: 64K(512K)->64K(25600K)
[291.157s][info][gc,heap        ] GC(793) ParOldGen: 456668K(540160K)->456676K(540160K)
[291.157s][info][gc,metaspace   ] GC(793) Metaspace: 35267K(35968K)->35267K(35968K) NonClass: 29007K(29504K)->29007K(29504K) Class: 6259K(6464K)->6259K(6464K)
[291.157s][info][gc             ] GC(793) Pause Young (Allocation Failure) 720M->446M(827M) 2.305ms
[291.157s][info][gc,cpu         ] GC(793) User=0.01s Sys=0.00s Real=0.00s
[291.557s][info][gc,start       ] GC(794) Pause Young (Allocation Failure)
[291.559s][info][gc,heap        ] GC(794) PSYoungGen: 281664K(307200K)->64K(306176K) Eden: 281600K(281600K)->0K(281600K) From: 64K(25600K)->64K(24576K)
[291.559s][info][gc,heap        ] GC(794) ParOldGen: 456676K(540160K)->456692K(540160K)
[291.559s][info][gc,metaspace   ] GC(794) Metaspace: 35267K(35968K)->35267K(35968K) NonClass: 29007K(29504K)->29007K(29504K) Class: 6259K(6464K)->6259K(6464K)
[291.559s][info][gc             ] GC(794) Pause Young (Allocation Failure) 721M->446M(826M) 1.748ms
[291.559s][info][gc,cpu         ] GC(794) User=0.01s Sys=0.00s Real=0.00s
[291.747s][info][gc,start       ] GC(795) Pause Young (Allocation Failure)
[291.749s][info][gc,heap        ] GC(795) PSYoungGen: 281664K(306176K)->64K(307712K) Eden: 281600K(281600K)->0K(285184K) From: 64K(24576K)->64K(22528K)
[291.749s][info][gc,heap        ] GC(795) ParOldGen: 456692K(540160K)->456708K(540160K)
[291.749s][info][gc,metaspace   ] GC(795) Metaspace: 35267K(35968K)->35267K(35968K) NonClass: 29007K(29504K)->29007K(29504K) Class: 6259K(6464K)->6259K(6464K)
[291.749s][info][gc             ] GC(795) Pause Young (Allocation Failure) 721M->446M(828M) 1.736ms
[291.749s][info][gc,cpu         ] GC(795) User=0.00s Sys=0.00s Real=0.00s
[291.939s][info][gc,start       ] GC(796) Pause Young (Allocation Failure)
[291.941s][info][gc,heap        ] GC(796) PSYoungGen: 285248K(307712K)->64K(307200K) Eden: 285184K(285184K)->0K(285184K) From: 64K(22528K)->64K(22016K)
[291.941s][info][gc,heap        ] GC(796) ParOldGen: 456708K(540160K)->456708K(540160K)
[291.941s][info][gc,metaspace   ] GC(796) Metaspace: 35267K(35968K)->35267K(35968K) NonClass: 29007K(29504K)->29007K(29504K) Class: 6259K(6464K)->6259K(6464K)
[291.941s][info][gc             ] GC(796) Pause Young (Allocation Failure) 724M->446M(827M) 1.768ms
[291.941s][info][gc,cpu         ] GC(796) User=0.00s Sys=0.00s Real=0.00s
[292.267s][info][gc,start       ] GC(797) Pause Young (Allocation Failure)
[292.268s][info][gc,heap        ] GC(797) PSYoungGen: 285248K(307200K)->64K(310784K) Eden: 285184K(285184K)->0K(290304K) From: 64K(22016K)->64K(20480K)
[292.268s][info][gc,heap        ] GC(797) ParOldGen: 456708K(540160K)->456708K(540160K)
[292.268s][info][gc,metaspace   ] GC(797) Metaspace: 35267K(35968K)->35267K(35968K) NonClass: 29007K(29504K)->29007K(29504K) Class: 6259K(6464K)->6259K(6464K)
[292.268s][info][gc             ] GC(797) Pause Young (Allocation Failure) 724M->446M(831M) 1.778ms
[292.268s][info][gc,cpu         ] GC(797) User=0.01s Sys=0.00s Real=0.00s
[292.322s][info][gc,start       ] GC(798) Pause Young (Allocation Failure)
[292.324s][info][gc,heap        ] GC(798) PSYoungGen: 290368K(310784K)->64K(310272K) Eden: 290304K(290304K)->0K(290304K) From: 64K(20480K)->64K(19968K)
[292.324s][info][gc,heap        ] GC(798) ParOldGen: 456708K(540160K)->456724K(540160K)
[292.324s][info][gc,metaspace   ] GC(798) Metaspace: 35267K(35968K)->35267K(35968K) NonClass: 29007K(29504K)->29007K(29504K) Class: 6259K(6464K)->6259K(6464K)
[292.324s][info][gc             ] GC(798) Pause Young (Allocation Failure) 729M->446M(830M) 1.615ms
[292.324s][info][gc,cpu         ] GC(798) User=0.00s Sys=0.00s Real=0.00s
[292.377s][info][gc,start       ] GC(799) Pause Young (Allocation Failure)
[292.378s][info][gc,heap        ] GC(799) PSYoungGen: 290368K(310272K)->64K(312832K) Eden: 290304K(290304K)->0K(294400K) From: 64K(19968K)->64K(18432K)
[292.378s][info][gc,heap        ] GC(799) ParOldGen: 456724K(540160K)->456724K(540160K)
[292.378s][info][gc,metaspace   ] GC(799) Metaspace: 35267K(35968K)->35267K(35968K) NonClass: 29007K(29504K)->29007K(29504K) Class: 6259K(6464K)->6259K(6464K)
[292.378s][info][gc             ] GC(799) Pause Young (Allocation Failure) 729M->446M(833M) 1.648ms
[292.378s][info][gc,cpu         ] GC(799) User=0.01s Sys=0.00s Real=0.00s
[292.597s][info][gc,start       ] GC(800) Pause Young (Allocation Failure)
[292.599s][info][gc,heap        ] GC(800) PSYoungGen: 294464K(312832K)->64K(312320K) Eden: 294400K(294400K)->0K(294400K) From: 64K(18432K)->64K(17920K)
[292.599s][info][gc,heap        ] GC(800) ParOldGen: 456724K(540160K)->456724K(540160K)
[292.599s][info][gc,metaspace   ] GC(800) Metaspace: 35267K(35968K)->35267K(35968K) NonClass: 29007K(29504K)->29007K(29504K) Class: 6259K(6464K)->6259K(6464K)
[292.599s][info][gc             ] GC(800) Pause Young (Allocation Failure) 733M->446M(832M) 1.669ms
[292.599s][info][gc,cpu         ] GC(800) User=0.01s Sys=0.00s Real=0.00s
[292.830s][info][gc,start       ] GC(801) Pause Young (Allocation Failure)
[292.831s][info][gc,heap        ] GC(801) PSYoungGen: 294464K(312320K)->64K(314880K) Eden: 294400K(294400K)->0K(298496K) From: 64K(17920K)->64K(16384K)
[292.831s][info][gc,heap        ] GC(801) ParOldGen: 456724K(540160K)->456732K(540160K)
[292.831s][info][gc,metaspace   ] GC(801) Metaspace: 35267K(35968K)->35267K(35968K) NonClass: 29007K(29504K)->29007K(29504K) Class: 6259K(6464K)->6259K(6464K)
[292.831s][info][gc             ] GC(801) Pause Young (Allocation Failure) 733M->446M(835M) 1.855ms
[292.831s][info][gc,cpu         ] GC(801) User=0.00s Sys=0.00s Real=0.00s
[292.948s][info][gc,start       ] GC(802) Pause Young (Allocation Failure)
[292.950s][info][gc,heap        ] GC(802) PSYoungGen: 298560K(314880K)->64K(314368K) Eden: 298496K(298496K)->0K(298496K) From: 64K(16384K)->64K(15872K)
[292.950s][info][gc,heap        ] GC(802) ParOldGen: 456732K(540160K)->456740K(540160K)
[292.950s][info][gc,metaspace   ] GC(802) Metaspace: 35267K(35968K)->35267K(35968K) NonClass: 29007K(29504K)->29007K(29504K) Class: 6259K(6464K)->6259K(6464K)
[292.950s][info][gc             ] GC(802) Pause Young (Allocation Failure) 737M->446M(834M) 1.798ms
[292.950s][info][gc,cpu         ] GC(802) User=0.00s Sys=0.00s Real=0.00s
[293.052s][info][gc,start       ] GC(803) Pause Young (Allocation Failure)
[293.054s][info][gc,heap        ] GC(803) PSYoungGen: 298560K(314368K)->64K(316928K) Eden: 298496K(298496K)->0K(302592K) From: 64K(15872K)->64K(14336K)
[293.054s][info][gc,heap        ] GC(803) ParOldGen: 456740K(540160K)->456748K(540160K)
[293.054s][info][gc,metaspace   ] GC(803) Metaspace: 35267K(35968K)->35267K(35968K) NonClass: 29007K(29504K)->29007K(29504K) Class: 6259K(6464K)->6259K(6464K)
[293.054s][info][gc             ] GC(803) Pause Young (Allocation Failure) 737M->446M(837M) 2.512ms
[293.054s][info][gc,cpu         ] GC(803) User=0.00s Sys=0.00s Real=0.00s
[293.248s][info][gc,start       ] GC(804) Pause Young (Allocation Failure)
[293.250s][info][gc,heap        ] GC(804) PSYoungGen: 302656K(316928K)->64K(316416K) Eden: 302592K(302592K)->0K(302592K) From: 64K(14336K)->64K(13824K)
[293.250s][info][gc,heap        ] GC(804) ParOldGen: 456748K(540160K)->456756K(540160K)
[293.250s][info][gc,metaspace   ] GC(804) Metaspace: 35267K(35968K)->35267K(35968K) NonClass: 29007K(29504K)->29007K(29504K) Class: 6259K(6464K)->6259K(6464K)
[293.250s][info][gc             ] GC(804) Pause Young (Allocation Failure) 741M->446M(836M) 2.480ms
[293.250s][info][gc,cpu         ] GC(804) User=0.01s Sys=0.00s Real=0.00s
[294.181s][info][gc,start       ] GC(805) Pause Young (Allocation Failure)
[294.183s][info][gc,heap        ] GC(805) PSYoungGen: 302656K(316416K)->83K(318976K) Eden: 302592K(302592K)->0K(306688K) From: 64K(13824K)->83K(12288K)
[294.183s][info][gc,heap        ] GC(805) ParOldGen: 456756K(540160K)->456764K(540160K)
[294.183s][info][gc,metaspace   ] GC(805) Metaspace: 35267K(35968K)->35267K(35968K) NonClass: 29007K(29504K)->29007K(29504K) Class: 6259K(6464K)->6259K(6464K)
[294.183s][info][gc             ] GC(805) Pause Young (Allocation Failure) 741M->446M(839M) 1.998ms
[294.183s][info][gc,cpu         ] GC(805) User=0.01s Sys=0.00s Real=0.00s
[295.117s][info][gc,start       ] GC(806) Pause Young (Allocation Failure)
[295.121s][info][gc,heap        ] GC(806) PSYoungGen: 306771K(318976K)->64K(294912K) Eden: 306688K(306688K)->0K(294400K) From: 83K(12288K)->64K(512K)
[295.121s][info][gc,heap        ] GC(806) ParOldGen: 456764K(540160K)->456780K(540160K)
[295.121s][info][gc,metaspace   ] GC(806) Metaspace: 35267K(35968K)->35267K(35968K) NonClass: 29007K(29504K)->29007K(29504K) Class: 6259K(6464K)->6259K(6464K)
[295.121s][info][gc             ] GC(806) Pause Young (Allocation Failure) 745M->446M(815M) 3.348ms
[295.121s][info][gc,cpu         ] GC(806) User=0.00s Sys=0.00s Real=0.00s
[295.569s][info][gc,start       ] GC(807) Pause Young (Allocation Failure)
[295.573s][info][gc,heap        ] GC(807) PSYoungGen: 294464K(294912K)->32K(283136K) Eden: 294400K(294400K)->0K(282624K) From: 64K(512K)->32K(512K)
[295.573s][info][gc,heap        ] GC(807) ParOldGen: 456780K(540160K)->456788K(540160K)
[295.573s][info][gc,metaspace   ] GC(807) Metaspace: 35267K(35968K)->35267K(35968K) NonClass: 29007K(29504K)->29007K(29504K) Class: 6259K(6464K)->6259K(6464K)
[295.573s][info][gc             ] GC(807) Pause Young (Allocation Failure) 733M->446M(804M) 3.830ms
[295.573s][info][gc,cpu         ] GC(807) User=0.00s Sys=0.00s Real=0.00s
[296.233s][info][gc,start       ] GC(808) Pause Young (Allocation Failure)
[296.236s][info][gc,heap        ] GC(808) PSYoungGen: 282656K(283136K)->64K(282112K) Eden: 282624K(282624K)->0K(271360K) From: 32K(512K)->64K(10752K)
[296.236s][info][gc,heap        ] GC(808) ParOldGen: 456788K(540160K)->456804K(540160K)
[296.236s][info][gc,metaspace   ] GC(808) Metaspace: 35267K(35968K)->35267K(35968K) NonClass: 29007K(29504K)->29007K(29504K) Class: 6259K(6464K)->6259K(6464K)
[296.236s][info][gc             ] GC(808) Pause Young (Allocation Failure) 722M->446M(803M) 3.290ms
[296.236s][info][gc,cpu         ] GC(808) User=0.00s Sys=0.00s Real=0.01s
[297.053s][info][gc,start       ] GC(809) Pause Young (Allocation Failure)
[297.057s][info][gc,heap        ] GC(809) PSYoungGen: 271424K(282112K)->64K(261120K) Eden: 271360K(271360K)->0K(260608K) From: 64K(10752K)->64K(512K)
[297.057s][info][gc,heap        ] GC(809) ParOldGen: 456804K(540160K)->456812K(540160K)
[297.057s][info][gc,metaspace   ] GC(809) Metaspace: 35267K(35968K)->35267K(35968K) NonClass: 29007K(29504K)->29007K(29504K) Class: 6259K(6464K)->6259K(6464K)
[297.058s][info][gc             ] GC(809) Pause Young (Allocation Failure) 711M->446M(782M) 5.006ms
[297.058s][info][gc,cpu         ] GC(809) User=0.01s Sys=0.00s Real=0.01s
[297.485s][info][gc,start       ] GC(810) Pause Young (Allocation Failure)
[297.488s][info][gc,heap        ] GC(810) PSYoungGen: 260672K(261120K)->32K(259584K) Eden: 260608K(260608K)->0K(250368K) From: 64K(512K)->32K(9216K)
[297.488s][info][gc,heap        ] GC(810) ParOldGen: 456812K(540160K)->456820K(540160K)
[297.488s][info][gc,metaspace   ] GC(810) Metaspace: 35267K(35968K)->35267K(35968K) NonClass: 29007K(29504K)->29007K(29504K) Class: 6259K(6464K)->6259K(6464K)
[297.488s][info][gc             ] GC(810) Pause Young (Allocation Failure) 700M->446M(781M) 3.248ms
[297.488s][info][gc,cpu         ] GC(810) User=0.01s Sys=0.00s Real=0.00s
[297.571s][info][gc,start       ] GC(811) Pause Young (Allocation Failure)
[297.574s][info][gc,heap        ] GC(811) PSYoungGen: 250400K(259584K)->32K(291328K) Eden: 250368K(250368K)->0K(282624K) From: 32K(9216K)->32K(8704K)
[297.574s][info][gc,heap        ] GC(811) ParOldGen: 456820K(540160K)->456828K(540160K)
[297.574s][info][gc,metaspace   ] GC(811) Metaspace: 35267K(35968K)->35267K(35968K) NonClass: 29007K(29504K)->29007K(29504K) Class: 6259K(6464K)->6259K(6464K)
[297.574s][info][gc             ] GC(811) Pause Young (Allocation Failure) 690M->446M(812M) 3.330ms
[297.574s][info][gc,cpu         ] GC(811) User=0.00s Sys=0.00s Real=0.00s
[298.169s][info][gc,start       ] GC(812) Pause Young (Allocation Failure)
[298.171s][info][gc,heap        ] GC(812) PSYoungGen: 282656K(291328K)->64K(290816K) Eden: 282624K(282624K)->0K(282624K) From: 32K(8704K)->64K(8192K)
[298.171s][info][gc,heap        ] GC(812) ParOldGen: 456828K(540160K)->456836K(540160K)
[298.171s][info][gc,metaspace   ] GC(812) Metaspace: 35267K(35968K)->35267K(35968K) NonClass: 29007K(29504K)->29007K(29504K) Class: 6259K(6464K)->6259K(6464K)
[298.171s][info][gc             ] GC(812) Pause Young (Allocation Failure) 722M->446M(811M) 2.562ms
[298.171s][info][gc,cpu         ] GC(812) User=0.01s Sys=0.00s Real=0.00s
[298.543s][info][gc,start       ] GC(813) Pause Young (Allocation Failure)
[298.544s][info][gc,heap        ] GC(813) PSYoungGen: 282688K(290816K)->64K(271872K) Eden: 282624K(282624K)->0K(271360K) From: 64K(8192K)->64K(512K)
[298.544s][info][gc,heap        ] GC(813) ParOldGen: 456836K(540160K)->456844K(540160K)
[298.544s][info][gc,metaspace   ] GC(813) Metaspace: 35267K(35968K)->35267K(35968K) NonClass: 29007K(29504K)->29007K(29504K) Class: 6259K(6464K)->6259K(6464K)
[298.544s][info][gc             ] GC(813) Pause Young (Allocation Failure) 722M->446M(793M) 1.848ms
[298.544s][info][gc,cpu         ] GC(813) User=0.00s Sys=0.00s Real=0.01s
[298.941s][info][gc,start       ] GC(814) Pause Young (Allocation Failure)
[298.977s][info][gc,heap        ] GC(814) PSYoungGen: 271424K(271872K)->7168K(317952K) Eden: 271360K(271360K)->0K(310784K) From: 64K(512K)->7168K(7168K)
[298.977s][info][gc,heap        ] GC(814) ParOldGen: 456844K(540160K)->468044K(540160K)
[298.977s][info][gc,metaspace   ] GC(814) Metaspace: 35267K(35968K)->35267K(35968K) NonClass: 29007K(29504K)->29007K(29504K) Class: 6259K(6464K)->6259K(6464K)
[298.977s][info][gc             ] GC(814) Pause Young (Allocation Failure) 711M->464M(838M) 35.710ms
[298.977s][info][gc,cpu         ] GC(814) User=0.07s Sys=0.01s Real=0.04s
[299.370s][info][gc,start       ] GC(815) Pause Young (Allocation Failure)
[299.438s][info][gc,heap        ] GC(815) PSYoungGen: 317952K(317952K)->12800K(300544K) Eden: 310784K(310784K)->0K(287744K) From: 7168K(7168K)->12800K(12800K)
[299.438s][info][gc,heap        ] GC(815) ParOldGen: 468044K(540160K)->488556K(540160K)
[299.438s][info][gc,metaspace   ] GC(815) Metaspace: 35267K(35968K)->35267K(35968K) NonClass: 29007K(29504K)->29007K(29504K) Class: 6259K(6464K)->6259K(6464K)
[299.438s][info][gc             ] GC(815) Pause Young (Allocation Failure) 767M->489M(821M) 67.904ms
[299.438s][info][gc,cpu         ] GC(815) User=0.13s Sys=0.01s Real=0.07s
[299.676s][info][gc,start       ] GC(816) Pause Young (Allocation Failure)
[299.717s][info][gc,heap        ] GC(816) PSYoungGen: 300544K(300544K)->17696K(305664K) Eden: 287744K(287744K)->0K(287744K) From: 12800K(12800K)->17696K(17920K)
[299.717s][info][gc,heap        ] GC(816) ParOldGen: 488556K(540160K)->489324K(540160K)
[299.717s][info][gc,metaspace   ] GC(816) Metaspace: 35267K(35968K)->35267K(35968K) NonClass: 29007K(29504K)->29007K(29504K) Class: 6259K(6464K)->6259K(6464K)
[299.717s][info][gc             ] GC(816) Pause Young (Allocation Failure) 770M->495M(826M) 40.858ms
[299.717s][info][gc,cpu         ] GC(816) User=0.08s Sys=0.00s Real=0.04s
[300.022s][info][gc,start       ] GC(817) Pause Young (Allocation Failure)
[300.024s][info][gc,heap        ] GC(817) PSYoungGen: 305440K(305664K)->64K(308736K) Eden: 287744K(287744K)->0K(282624K) From: 17696K(17920K)->64K(26112K)
[300.024s][info][gc,heap        ] GC(817) ParOldGen: 489324K(540160K)->489332K(540160K)
[300.024s][info][gc,metaspace   ] GC(817) Metaspace: 35267K(35968K)->35267K(35968K) NonClass: 29007K(29504K)->29007K(29504K) Class: 6259K(6464K)->6259K(6464K)
[300.024s][info][gc             ] GC(817) Pause Young (Allocation Failure) 776M->477M(829M) 1.884ms
[300.024s][info][gc,cpu         ] GC(817) User=0.00s Sys=0.00s Real=0.00s
[300.783s][info][gc,start       ] GC(818) Pause Young (Allocation Failure)
[300.785s][info][gc,heap        ] GC(818) PSYoungGen: 282688K(308736K)->64K(283136K) Eden: 282624K(282624K)->0K(282624K) From: 64K(26112K)->64K(512K)
[300.785s][info][gc,heap        ] GC(818) ParOldGen: 489332K(540160K)->489340K(540160K)
[300.785s][info][gc,metaspace   ] GC(818) Metaspace: 35267K(35968K)->35267K(35968K) NonClass: 29007K(29504K)->29007K(29504K) Class: 6259K(6464K)->6259K(6464K)
[300.785s][info][gc             ] GC(818) Pause Young (Allocation Failure) 753M->477M(804M) 2.186ms
[300.785s][info][gc,cpu         ] GC(818) User=0.01s Sys=0.01s Real=0.01s
[301.091s][info][gc,start       ] GC(819) Pause Young (Allocation Failure)
[301.092s][info][gc,heap        ] GC(819) PSYoungGen: 282688K(283136K)->64K(308224K) Eden: 282624K(282624K)->0K(283648K) From: 64K(512K)->64K(24576K)
[301.093s][info][gc,heap        ] GC(819) ParOldGen: 489340K(540160K)->489356K(540160K)
[301.093s][info][gc,metaspace   ] GC(819) Metaspace: 35267K(35968K)->35267K(35968K) NonClass: 29007K(29504K)->29007K(29504K) Class: 6259K(6464K)->6259K(6464K)
[301.093s][info][gc             ] GC(819) Pause Young (Allocation Failure) 753M->477M(828M) 1.930ms
[301.093s][info][gc,cpu         ] GC(819) User=0.00s Sys=0.00s Real=0.00s
[301.515s][info][gc,start       ] GC(820) Pause Young (Allocation Failure)
[301.517s][info][gc,heap        ] GC(820) PSYoungGen: 283712K(308224K)->64K(307200K) Eden: 283648K(283648K)->0K(283648K) From: 64K(24576K)->64K(23552K)
[301.517s][info][gc,heap        ] GC(820) ParOldGen: 489356K(540160K)->489364K(540160K)
[301.517s][info][gc,metaspace   ] GC(820) Metaspace: 35267K(35968K)->35267K(35968K) NonClass: 29007K(29504K)->29007K(29504K) Class: 6259K(6464K)->6259K(6464K)
[301.517s][info][gc             ] GC(820) Pause Young (Allocation Failure) 754M->477M(827M) 2.023ms
[301.517s][info][gc,cpu         ] GC(820) User=0.01s Sys=0.00s Real=0.00s
[301.733s][info][gc,start       ] GC(821) Pause Young (Allocation Failure)
[301.735s][info][gc,heap        ] GC(821) PSYoungGen: 283712K(307200K)->64K(309248K) Eden: 283648K(283648K)->0K(286720K) From: 64K(23552K)->64K(22528K)
[301.735s][info][gc,heap        ] GC(821) ParOldGen: 489364K(540160K)->489380K(540160K)
[301.736s][info][gc,metaspace   ] GC(821) Metaspace: 35267K(35968K)->35267K(35968K) NonClass: 29007K(29504K)->29007K(29504K) Class: 6259K(6464K)->6259K(6464K)
[301.736s][info][gc             ] GC(821) Pause Young (Allocation Failure) 754M->477M(829M) 2.046ms
[301.736s][info][gc,cpu         ] GC(821) User=0.01s Sys=0.00s Real=0.01s
[301.951s][info][gc,start       ] GC(822) Pause Young (Allocation Failure)
[301.953s][info][gc,heap        ] GC(822) PSYoungGen: 286784K(309248K)->64K(308224K) Eden: 286720K(286720K)->0K(286720K) From: 64K(22528K)->64K(21504K)
[301.953s][info][gc,heap        ] GC(822) ParOldGen: 489380K(540160K)->489380K(540160K)
[301.953s][info][gc,metaspace   ] GC(822) Metaspace: 35267K(35968K)->35267K(35968K) NonClass: 29007K(29504K)->29007K(29504K) Class: 6259K(6464K)->6259K(6464K)
[301.953s][info][gc             ] GC(822) Pause Young (Allocation Failure) 757M->477M(828M) 1.905ms
[301.953s][info][gc,cpu         ] GC(822) User=0.00s Sys=0.00s Real=0.00s
[302.267s][info][gc,start       ] GC(823) Pause Young (Allocation Failure)
[302.269s][info][gc,heap        ] GC(823) PSYoungGen: 286784K(308224K)->64K(311296K) Eden: 286720K(286720K)->0K(290816K) From: 64K(21504K)->64K(20480K)
[302.269s][info][gc,heap        ] GC(823) ParOldGen: 489380K(540160K)->489380K(540160K)
[302.269s][info][gc,metaspace   ] GC(823) Metaspace: 35267K(35968K)->35267K(35968K) NonClass: 29007K(29504K)->29007K(29504K) Class: 6259K(6464K)->6259K(6464K)
[302.269s][info][gc             ] GC(823) Pause Young (Allocation Failure) 757M->477M(831M) 1.846ms
[302.269s][info][gc,cpu         ] GC(823) User=0.01s Sys=0.00s Real=0.00s
[302.325s][info][gc,start       ] GC(824) Pause Young (Allocation Failure)
[302.327s][info][gc,heap        ] GC(824) PSYoungGen: 290880K(311296K)->64K(310272K) Eden: 290816K(290816K)->0K(290816K) From: 64K(20480K)->64K(19456K)
[302.327s][info][gc,heap        ] GC(824) ParOldGen: 489380K(540160K)->489396K(540160K)
[302.327s][info][gc,metaspace   ] GC(824) Metaspace: 35267K(35968K)->35267K(35968K) NonClass: 29007K(29504K)->29007K(29504K) Class: 6259K(6464K)->6259K(6464K)
[302.327s][info][gc             ] GC(824) Pause Young (Allocation Failure) 761M->477M(830M) 2.041ms
[302.327s][info][gc,cpu         ] GC(824) User=0.01s Sys=0.00s Real=0.00s
[302.420s][info][gc,start       ] GC(825) Pause Young (Allocation Failure)
[302.423s][info][gc,heap        ] GC(825) PSYoungGen: 290880K(310272K)->32K(313344K) Eden: 290816K(290816K)->0K(294912K) From: 64K(19456K)->32K(18432K)
[302.423s][info][gc,heap        ] GC(825) ParOldGen: 489396K(540160K)->489396K(540160K)
[302.423s][info][gc,metaspace   ] GC(825) Metaspace: 35267K(35968K)->35267K(35968K) NonClass: 29007K(29504K)->29007K(29504K) Class: 6259K(6464K)->6259K(6464K)
[302.423s][info][gc             ] GC(825) Pause Young (Allocation Failure) 761M->477M(833M) 2.851ms
[302.423s][info][gc,cpu         ] GC(825) User=0.00s Sys=0.00s Real=0.00s
[302.715s][info][gc,start       ] GC(826) Pause Young (Allocation Failure)
[302.717s][info][gc,heap        ] GC(826) PSYoungGen: 294944K(313344K)->64K(312320K) Eden: 294912K(294912K)->0K(294912K) From: 32K(18432K)->64K(17408K)
[302.717s][info][gc,heap        ] GC(826) ParOldGen: 489396K(540160K)->489412K(540160K)
[302.717s][info][gc,metaspace   ] GC(826) Metaspace: 35267K(35968K)->35267K(35968K) NonClass: 29007K(29504K)->29007K(29504K) Class: 6259K(6464K)->6259K(6464K)
[302.717s][info][gc             ] GC(826) Pause Young (Allocation Failure) 765M->478M(832M) 1.854ms
[302.717s][info][gc,cpu         ] GC(826) User=0.01s Sys=0.00s Real=0.00s
[302.952s][info][gc,start       ] GC(827) Pause Young (Allocation Failure)
[302.954s][info][gc,heap        ] GC(827) PSYoungGen: 294976K(312320K)->64K(315392K) Eden: 294912K(294912K)->0K(299008K) From: 64K(17408K)->64K(16384K)
[302.954s][info][gc,heap        ] GC(827) ParOldGen: 489412K(540160K)->489412K(540160K)
[302.954s][info][gc,metaspace   ] GC(827) Metaspace: 35267K(35968K)->35267K(35968K) NonClass: 29007K(29504K)->29007K(29504K) Class: 6259K(6464K)->6259K(6464K)
[302.954s][info][gc             ] GC(827) Pause Young (Allocation Failure) 766M->478M(835M) 2.245ms
[302.954s][info][gc,cpu         ] GC(827) User=0.01s Sys=0.00s Real=0.00s
[303.043s][info][gc,start       ] GC(828) Pause Young (Allocation Failure)
[303.046s][info][gc,heap        ] GC(828) PSYoungGen: 299072K(315392K)->64K(314368K) Eden: 299008K(299008K)->0K(299008K) From: 64K(16384K)->64K(15360K)
[303.046s][info][gc,heap        ] GC(828) ParOldGen: 489412K(540160K)->489428K(540160K)
[303.046s][info][gc,metaspace   ] GC(828) Metaspace: 35267K(35968K)->35267K(35968K) NonClass: 29007K(29504K)->29007K(29504K) Class: 6259K(6464K)->6259K(6464K)
[303.046s][info][gc             ] GC(828) Pause Young (Allocation Failure) 770M->478M(834M) 2.138ms
[303.046s][info][gc,cpu         ] GC(828) User=0.00s Sys=0.00s Real=0.01s
[303.201s][info][gc,start       ] GC(829) Pause Young (Allocation Failure)
[303.203s][info][gc,heap        ] GC(829) PSYoungGen: 299072K(314368K)->64K(317440K) Eden: 299008K(299008K)->0K(303104K) From: 64K(15360K)->64K(14336K)
[303.203s][info][gc,heap        ] GC(829) ParOldGen: 489428K(540160K)->489428K(540160K)
[303.203s][info][gc,metaspace   ] GC(829) Metaspace: 35267K(35968K)->35267K(35968K) NonClass: 29007K(29504K)->29007K(29504K) Class: 6259K(6464K)->6259K(6464K)
[303.203s][info][gc             ] GC(829) Pause Young (Allocation Failure) 770M->478M(837M) 1.845ms
[303.203s][info][gc,cpu         ] GC(829) User=0.01s Sys=0.00s Real=0.00s
[303.630s][info][gc,start       ] GC(830) Pause Young (Allocation Failure)
[303.632s][info][gc,heap        ] GC(830) PSYoungGen: 303168K(317440K)->64K(316416K) Eden: 303104K(303104K)->0K(303104K) From: 64K(14336K)->64K(13312K)
[303.633s][info][gc,heap        ] GC(830) ParOldGen: 489428K(540160K)->489436K(540160K)
[303.633s][info][gc,metaspace   ] GC(830) Metaspace: 35267K(35968K)->35267K(35968K) NonClass: 29007K(29504K)->29007K(29504K) Class: 6259K(6464K)->6259K(6464K)
[303.633s][info][gc             ] GC(830) Pause Young (Allocation Failure) 774M->478M(836M) 2.260ms
[303.633s][info][gc,cpu         ] GC(830) User=0.01s Sys=0.00s Real=0.00s
[304.401s][info][gc,start       ] GC(831) Pause Young (Allocation Failure)
[304.403s][info][gc,heap        ] GC(831) PSYoungGen: 303168K(316416K)->64K(319488K) Eden: 303104K(303104K)->0K(307200K) From: 64K(13312K)->64K(12288K)
[304.403s][info][gc,heap        ] GC(831) ParOldGen: 489436K(540160K)->489444K(540160K)
[304.403s][info][gc,metaspace   ] GC(831) Metaspace: 35267K(35968K)->35267K(35968K) NonClass: 29007K(29504K)->29007K(29504K) Class: 6259K(6464K)->6259K(6464K)
[304.403s][info][gc             ] GC(831) Pause Young (Allocation Failure) 774M->478M(839M) 2.171ms
[304.403s][info][gc,cpu         ] GC(831) User=0.01s Sys=0.00s Real=0.00s
[305.495s][info][gc,start       ] GC(832) Pause Young (Allocation Failure)
[305.498s][info][gc,heap        ] GC(832) PSYoungGen: 307264K(319488K)->64K(295424K) Eden: 307200K(307200K)->0K(294912K) From: 64K(12288K)->64K(512K)
[305.498s][info][gc,heap        ] GC(832) ParOldGen: 489444K(540160K)->489452K(540160K)
[305.498s][info][gc,metaspace   ] GC(832) Metaspace: 35267K(35968K)->35267K(35968K) NonClass: 29007K(29504K)->29007K(29504K) Class: 6259K(6464K)->6259K(6464K)
[305.498s][info][gc             ] GC(832) Pause Young (Allocation Failure) 778M->478M(816M) 3.029ms
[305.498s][info][gc,cpu         ] GC(832) User=0.01s Sys=0.00s Real=0.00s
[306.035s][info][gc,start       ] GC(833) Pause Young (Allocation Failure)
[306.038s][info][gc,heap        ] GC(833) PSYoungGen: 294976K(295424K)->64K(283648K) Eden: 294912K(294912K)->0K(283136K) From: 64K(512K)->64K(512K)
[306.038s][info][gc,heap        ] GC(833) ParOldGen: 489452K(540160K)->489460K(540160K)
[306.038s][info][gc,metaspace   ] GC(833) Metaspace: 35267K(35968K)->35267K(35968K) NonClass: 29007K(29504K)->29007K(29504K) Class: 6259K(6464K)->6259K(6464K)
[306.038s][info][gc             ] GC(833) Pause Young (Allocation Failure) 766M->478M(804M) 2.962ms
[306.038s][info][gc,cpu         ] GC(833) User=0.00s Sys=0.00s Real=0.00s
[307.146s][info][gc,start       ] GC(834) Pause Young (Allocation Failure)
[307.148s][info][gc,heap        ] GC(834) PSYoungGen: 283200K(283648K)->64K(282112K) Eden: 283136K(283136K)->0K(271872K) From: 64K(512K)->64K(10240K)
[307.148s][info][gc,heap        ] GC(834) ParOldGen: 489460K(540160K)->489468K(540160K)
[307.148s][info][gc,metaspace   ] GC(834) Metaspace: 35267K(35968K)->35267K(35968K) NonClass: 29007K(29504K)->29007K(29504K) Class: 6259K(6464K)->6259K(6464K)
[307.148s][info][gc             ] GC(834) Pause Young (Allocation Failure) 754M->478M(803M) 1.827ms
[307.148s][info][gc,cpu         ] GC(834) User=0.01s Sys=0.00s Real=0.00s
[307.593s][info][gc,start       ] GC(835) Pause Young (Allocation Failure)
[307.596s][info][gc,heap        ] GC(835) PSYoungGen: 271936K(282112K)->64K(261632K) Eden: 271872K(271872K)->0K(261120K) From: 64K(10240K)->64K(512K)
[307.596s][info][gc,heap        ] GC(835) ParOldGen: 489468K(540160K)->489476K(540160K)
[307.596s][info][gc,metaspace   ] GC(835) Metaspace: 35267K(35968K)->35267K(35968K) NonClass: 29007K(29504K)->29007K(29504K) Class: 6259K(6464K)->6259K(6464K)
[307.596s][info][gc             ] GC(835) Pause Young (Allocation Failure) 743M->478M(783M) 3.595ms
[307.596s][info][gc,cpu         ] GC(835) User=0.00s Sys=0.00s Real=0.01s
[307.800s][info][gc,start       ] GC(836) Pause Young (Allocation Failure)
[307.802s][info][gc,heap        ] GC(836) PSYoungGen: 261184K(261632K)->64K(259584K) Eden: 261120K(261120K)->0K(250880K) From: 64K(512K)->64K(8704K)
[307.802s][info][gc,heap        ] GC(836) ParOldGen: 489476K(540160K)->489484K(540160K)
[307.802s][info][gc,metaspace   ] GC(836) Metaspace: 35267K(35968K)->35267K(35968K) NonClass: 29007K(29504K)->29007K(29504K) Class: 6259K(6464K)->6259K(6464K)
[307.802s][info][gc             ] GC(836) Pause Young (Allocation Failure) 733M->478M(781M) 2.051ms
[307.802s][info][gc,cpu         ] GC(836) User=0.00s Sys=0.00s Real=0.00s
[307.912s][info][gc,start       ] GC(837) Pause Young (Allocation Failure)
[307.915s][info][gc,heap        ] GC(837) PSYoungGen: 250944K(259584K)->64K(241664K) Eden: 250880K(250880K)->0K(241152K) From: 64K(8704K)->64K(512K)
[307.915s][info][gc,heap        ] GC(837) ParOldGen: 489484K(540160K)->489492K(540160K)
[307.915s][info][gc,metaspace   ] GC(837) Metaspace: 35267K(35968K)->35267K(35968K) NonClass: 29007K(29504K)->29007K(29504K) Class: 6259K(6464K)->6259K(6464K)
[307.915s][info][gc             ] GC(837) Pause Young (Allocation Failure) 723M->478M(763M) 3.337ms
[307.915s][info][gc,cpu         ] GC(837) User=0.00s Sys=0.01s Real=0.01s
[308.613s][info][gc,start       ] GC(838) Pause Young (Allocation Failure)
[308.616s][info][gc,heap        ] GC(838) PSYoungGen: 241216K(241664K)->64K(239616K) Eden: 241152K(241152K)->0K(231936K) From: 64K(512K)->64K(7680K)
[308.616s][info][gc,heap        ] GC(838) ParOldGen: 489492K(540160K)->489500K(540160K)
[308.616s][info][gc,metaspace   ] GC(838) Metaspace: 35267K(35968K)->35267K(35968K) NonClass: 29007K(29504K)->29007K(29504K) Class: 6259K(6464K)->6259K(6464K)
[308.617s][info][gc             ] GC(838) Pause Young (Allocation Failure) 713M->478M(761M) 3.102ms
[308.617s][info][gc,cpu         ] GC(838) User=0.00s Sys=0.00s Real=0.01s
[308.822s][info][gc,start       ] GC(839) Pause Young (Allocation Failure)
[308.825s][info][gc,heap        ] GC(839) PSYoungGen: 232000K(239616K)->64K(223744K) Eden: 231936K(231936K)->0K(223232K) From: 64K(7680K)->64K(512K)
[308.825s][info][gc,heap        ] GC(839) ParOldGen: 489500K(540160K)->489508K(540160K)
[308.825s][info][gc,metaspace   ] GC(839) Metaspace: 35267K(35968K)->35267K(35968K) NonClass: 29007K(29504K)->29007K(29504K) Class: 6259K(6464K)->6259K(6464K)
[308.825s][info][gc             ] GC(839) Pause Young (Allocation Failure) 704M->478M(746M) 3.116ms
[308.825s][info][gc,cpu         ] GC(839) User=0.01s Sys=0.00s Real=0.01s
[309.156s][info][gc,start       ] GC(840) Pause Young (Allocation Failure)
[309.185s][info][gc,heap        ] GC(840) PSYoungGen: 223296K(223744K)->6656K(274944K) Eden: 223232K(223232K)->0K(268288K) From: 64K(512K)->6656K(6656K)
[309.185s][info][gc,heap        ] GC(840) ParOldGen: 489508K(540160K)->497748K(540160K)
[309.185s][info][gc,metaspace   ] GC(840) Metaspace: 35267K(35968K)->35267K(35968K) NonClass: 29007K(29504K)->29007K(29504K) Class: 6259K(6464K)->6259K(6464K)
[309.185s][info][gc             ] GC(840) Pause Young (Allocation Failure) 696M->492M(796M) 28.826ms
[309.185s][info][gc,cpu         ] GC(840) User=0.05s Sys=0.00s Real=0.03s
[309.512s][info][gc,start       ] GC(841) Pause Young (Allocation Failure)
[309.567s][info][gc,heap        ] GC(841) PSYoungGen: 274944K(274944K)->11264K(270336K) Eden: 268288K(268288K)->0K(259072K) From: 6656K(6656K)->11264K(11264K)
[309.567s][info][gc,heap        ] GC(841) ParOldGen: 497748K(540160K)->515196K(540160K)
[309.567s][info][gc,metaspace   ] GC(841) Metaspace: 35267K(35968K)->35267K(35968K) NonClass: 29007K(29504K)->29007K(29504K) Class: 6259K(6464K)->6259K(6464K)
[309.568s][info][gc             ] GC(841) Pause Young (Allocation Failure) 754M->514M(791M) 55.872ms
[309.568s][info][gc,cpu         ] GC(841) User=0.10s Sys=0.00s Real=0.06s
[309.866s][info][gc,start       ] GC(842) Pause Young (Allocation Failure)
[309.915s][info][gc,heap        ] GC(842) PSYoungGen: 270336K(270336K)->20480K(279552K) Eden: 259072K(259072K)->0K(259072K) From: 11264K(11264K)->20480K(20480K)
[309.915s][info][gc,heap        ] GC(842) ParOldGen: 515196K(540160K)->521004K(540160K)
[309.915s][info][gc,metaspace   ] GC(842) Metaspace: 35267K(35968K)->35267K(35968K) NonClass: 29007K(29504K)->29007K(29504K) Class: 6259K(6464K)->6259K(6464K)
[309.915s][info][gc             ] GC(842) Pause Young (Allocation Failure) 767M->528M(800M) 48.320ms
[309.915s][info][gc,cpu         ] GC(842) User=0.09s Sys=0.01s Real=0.05s
[310.000s][info][gc,start       ] GC(843) Pause Young (Allocation Failure)
[310.003s][info][gc,heap        ] GC(843) PSYoungGen: 279552K(279552K)->64K(307712K) Eden: 259072K(259072K)->0K(281088K) From: 20480K(20480K)->64K(26624K)
[310.003s][info][gc,heap        ] GC(843) ParOldGen: 521004K(540160K)->521204K(540160K)
[310.003s][info][gc,metaspace   ] GC(843) Metaspace: 35267K(35968K)->35267K(35968K) NonClass: 29007K(29504K)->29007K(29504K) Class: 6259K(6464K)->6259K(6464K)
[310.003s][info][gc             ] GC(843) Pause Young (Allocation Failure) 781M->509M(828M) 3.494ms
[310.003s][info][gc,cpu         ] GC(843) User=0.01s Sys=0.00s Real=0.00s
[310.653s][info][gc,start       ] GC(844) Pause Young (Allocation Failure)
[310.655s][info][gc,heap        ] GC(844) PSYoungGen: 281152K(307712K)->64K(281600K) Eden: 281088K(281088K)->0K(281088K) From: 64K(26624K)->64K(512K)
[310.655s][info][gc,heap        ] GC(844) ParOldGen: 521204K(540160K)->521220K(540160K)
[310.655s][info][gc,metaspace   ] GC(844) Metaspace: 35267K(35968K)->35267K(35968K) NonClass: 29007K(29504K)->29007K(29504K) Class: 6259K(6464K)->6259K(6464K)
[310.655s][info][gc             ] GC(844) Pause Young (Allocation Failure) 783M->509M(802M) 2.306ms
[310.655s][info][gc,cpu         ] GC(844) User=0.00s Sys=0.00s Real=0.01s
[311.160s][info][gc,start       ] GC(845) Pause Young (Allocation Failure)
[311.162s][info][gc,heap        ] GC(845) PSYoungGen: 281152K(281600K)->64K(307200K) Eden: 281088K(281088K)->0K(282112K) From: 64K(512K)->64K(25088K)
[311.162s][info][gc,heap        ] GC(845) ParOldGen: 521220K(540160K)->521228K(540160K)
[311.162s][info][gc,metaspace   ] GC(845) Metaspace: 35267K(35968K)->35267K(35968K) NonClass: 29007K(29504K)->29007K(29504K) Class: 6259K(6464K)->6259K(6464K)
[311.162s][info][gc             ] GC(845) Pause Young (Allocation Failure) 783M->509M(827M) 2.050ms
[311.162s][info][gc,cpu         ] GC(845) User=0.01s Sys=0.00s Real=0.00s
[311.611s][info][gc,start       ] GC(846) Pause Young (Allocation Failure)
[311.613s][info][gc,heap        ] GC(846) PSYoungGen: 282176K(307200K)->64K(306176K) Eden: 282112K(282112K)->0K(282112K) From: 64K(25088K)->64K(24064K)
[311.613s][info][gc,heap        ] GC(846) ParOldGen: 521228K(540160K)->521244K(540160K)
[311.613s][info][gc,metaspace   ] GC(846) Metaspace: 35267K(35968K)->35267K(35968K) NonClass: 29007K(29504K)->29007K(29504K) Class: 6259K(6464K)->6259K(6464K)
[311.613s][info][gc             ] GC(846) Pause Young (Allocation Failure) 784M->509M(826M) 1.999ms
[311.613s][info][gc,cpu         ] GC(846) User=0.01s Sys=0.00s Real=0.00s
[311.826s][info][gc,start       ] GC(847) Pause Young (Allocation Failure)
[311.828s][info][gc,heap        ] GC(847) PSYoungGen: 282176K(306176K)->64K(308736K) Eden: 282112K(282112K)->0K(285696K) From: 64K(24064K)->64K(23040K)
[311.828s][info][gc,heap        ] GC(847) ParOldGen: 521244K(540160K)->521260K(540160K)
[311.828s][info][gc,metaspace   ] GC(847) Metaspace: 35267K(35968K)->35267K(35968K) NonClass: 29007K(29504K)->29007K(29504K) Class: 6259K(6464K)->6259K(6464K)
[311.828s][info][gc             ] GC(847) Pause Young (Allocation Failure) 784M->509M(829M) 1.998ms
[311.828s][info][gc,cpu         ] GC(847) User=0.00s Sys=0.00s Real=0.00s
[312.044s][info][gc,start       ] GC(848) Pause Young (Allocation Failure)
[312.046s][info][gc,heap        ] GC(848) PSYoungGen: 285760K(308736K)->64K(307712K) Eden: 285696K(285696K)->0K(285696K) From: 64K(23040K)->64K(22016K)
[312.046s][info][gc,heap        ] GC(848) ParOldGen: 521260K(540160K)->521260K(540160K)
[312.046s][info][gc,metaspace   ] GC(848) Metaspace: 35267K(35968K)->35267K(35968K) NonClass: 29007K(29504K)->29007K(29504K) Class: 6259K(6464K)->6259K(6464K)
[312.046s][info][gc             ] GC(848) Pause Young (Allocation Failure) 788M->509M(828M) 1.954ms
[312.046s][info][gc,cpu         ] GC(848) User=0.01s Sys=0.00s Real=0.01s
[312.420s][info][gc,start       ] GC(849) Pause Young (Allocation Failure)
[312.422s][info][gc,heap        ] GC(849) PSYoungGen: 285760K(307712K)->64K(310784K) Eden: 285696K(285696K)->0K(289792K) From: 64K(22016K)->64K(20992K)
[312.422s][info][gc,heap        ] GC(849) ParOldGen: 521260K(540160K)->521260K(540160K)
[312.422s][info][gc,metaspace   ] GC(849) Metaspace: 35267K(35968K)->35267K(35968K) NonClass: 29007K(29504K)->29007K(29504K) Class: 6259K(6464K)->6259K(6464K)
[312.422s][info][gc             ] GC(849) Pause Young (Allocation Failure) 788M->509M(831M) 2.309ms
[312.422s][info][gc,cpu         ] GC(849) User=0.00s Sys=0.00s Real=0.00s
[312.489s][info][gc,start       ] GC(850) Pause Young (Allocation Failure)
[312.492s][info][gc,heap        ] GC(850) PSYoungGen: 289856K(310784K)->64K(309760K) Eden: 289792K(289792K)->0K(289792K) From: 64K(20992K)->64K(19968K)
[312.492s][info][gc,heap        ] GC(850) ParOldGen: 521260K(540160K)->521268K(540160K)
[312.492s][info][gc,metaspace   ] GC(850) Metaspace: 35267K(35968K)->35267K(35968K) NonClass: 29007K(29504K)->29007K(29504K) Class: 6259K(6464K)->6259K(6464K)
[312.492s][info][gc             ] GC(850) Pause Young (Allocation Failure) 792M->509M(830M) 2.828ms
[312.492s][info][gc,cpu         ] GC(850) User=0.00s Sys=0.00s Real=0.00s
[312.549s][info][gc,start       ] GC(851) Pause Young (Allocation Failure)
[312.552s][info][gc,heap        ] GC(851) PSYoungGen: 289856K(309760K)->32K(312832K) Eden: 289792K(289792K)->0K(293888K) From: 64K(19968K)->32K(18944K)
[312.552s][info][gc,heap        ] GC(851) ParOldGen: 521268K(540160K)->521284K(540160K)
[312.552s][info][gc,metaspace   ] GC(851) Metaspace: 35267K(35968K)->35267K(35968K) NonClass: 29007K(29504K)->29007K(29504K) Class: 6259K(6464K)->6259K(6464K)
[312.553s][info][gc             ] GC(851) Pause Young (Allocation Failure) 792M->509M(833M) 3.052ms
[312.553s][info][gc,cpu         ] GC(851) User=0.01s Sys=0.00s Real=0.00s
[312.770s][info][gc,start       ] GC(852) Pause Young (Allocation Failure)
[312.772s][info][gc,heap        ] GC(852) PSYoungGen: 293920K(312832K)->64K(311808K) Eden: 293888K(293888K)->0K(293888K) From: 32K(18944K)->64K(17920K)
[312.773s][info][gc,heap        ] GC(852) ParOldGen: 521284K(540160K)->521284K(540160K)
[312.773s][info][gc,metaspace   ] GC(852) Metaspace: 35267K(35968K)->35267K(35968K) NonClass: 29007K(29504K)->29007K(29504K) Class: 6259K(6464K)->6259K(6464K)
[312.773s][info][gc             ] GC(852) Pause Young (Allocation Failure) 796M->509M(832M) 2.994ms
[312.773s][info][gc,cpu         ] GC(852) User=0.00s Sys=0.00s Real=0.00s
[313.043s][info][gc,start       ] GC(853) Pause Young (Allocation Failure)
[313.046s][info][gc,heap        ] GC(853) PSYoungGen: 293952K(311808K)->64K(314880K) Eden: 293888K(293888K)->0K(297984K) From: 64K(17920K)->64K(16896K)
[313.047s][info][gc,heap        ] GC(853) ParOldGen: 521284K(540160K)->521300K(540160K)
[313.047s][info][gc,metaspace   ] GC(853) Metaspace: 35267K(35968K)->35267K(35968K) NonClass: 29007K(29504K)->29007K(29504K) Class: 6259K(6464K)->6259K(6464K)
[313.047s][info][gc             ] GC(853) Pause Young (Allocation Failure) 796M->509M(835M) 3.081ms
[313.047s][info][gc,cpu         ] GC(853) User=0.01s Sys=0.00s Real=0.01s
[313.202s][info][gc,start       ] GC(854) Pause Young (Allocation Failure)
[313.206s][info][gc,heap        ] GC(854) PSYoungGen: 298048K(314880K)->64K(313856K) Eden: 297984K(297984K)->0K(297984K) From: 64K(16896K)->64K(15872K)
[313.206s][info][gc,heap        ] GC(854) ParOldGen: 521300K(540160K)->521308K(540160K)
[313.206s][info][gc,metaspace   ] GC(854) Metaspace: 35267K(35968K)->35267K(35968K) NonClass: 29007K(29504K)->29007K(29504K) Class: 6259K(6464K)->6259K(6464K)
[313.206s][info][gc             ] GC(854) Pause Young (Allocation Failure) 800M->509M(834M) 4.512ms
[313.206s][info][gc,cpu         ] GC(854) User=0.00s Sys=0.00s Real=0.01s
[313.302s][info][gc,start       ] GC(855) Pause Young (Allocation Failure)
[313.306s][info][gc,heap        ] GC(855) PSYoungGen: 298048K(313856K)->64K(316928K) Eden: 297984K(297984K)->0K(302080K) From: 64K(15872K)->64K(14848K)
[313.306s][info][gc,heap        ] GC(855) ParOldGen: 521308K(540160K)->521324K(540160K)
[313.306s][info][gc,metaspace   ] GC(855) Metaspace: 35267K(35968K)->35267K(35968K) NonClass: 29007K(29504K)->29007K(29504K) Class: 6259K(6464K)->6259K(6464K)
[313.306s][info][gc             ] GC(855) Pause Young (Allocation Failure) 800M->509M(837M) 3.651ms
[313.306s][info][gc,cpu         ] GC(855) User=0.00s Sys=0.00s Real=0.01s
[313.521s][info][gc,start       ] GC(856) Pause Young (Allocation Failure)
[313.524s][info][gc,heap        ] GC(856) PSYoungGen: 302144K(316928K)->32K(315904K) Eden: 302080K(302080K)->0K(302080K) From: 64K(14848K)->32K(13824K)
[313.524s][info][gc,heap        ] GC(856) ParOldGen: 521324K(540160K)->521332K(540160K)
[313.524s][info][gc,metaspace   ] GC(856) Metaspace: 35267K(35968K)->35267K(35968K) NonClass: 29007K(29504K)->29007K(29504K) Class: 6259K(6464K)->6259K(6464K)
[313.524s][info][gc             ] GC(856) Pause Young (Allocation Failure) 804M->509M(836M) 3.260ms
[313.524s][info][gc,cpu         ] GC(856) User=0.00s Sys=0.00s Real=0.01s
[314.589s][info][gc,start       ] GC(857) Pause Young (Allocation Failure)
[314.591s][info][gc,heap        ] GC(857) PSYoungGen: 302112K(315904K)->64K(318464K) Eden: 302080K(302080K)->0K(305664K) From: 32K(13824K)->64K(12800K)
[314.591s][info][gc,heap        ] GC(857) ParOldGen: 521332K(540160K)->521340K(540160K)
[314.591s][info][gc,metaspace   ] GC(857) Metaspace: 35267K(35968K)->35267K(35968K) NonClass: 29007K(29504K)->29007K(29504K) Class: 6259K(6464K)->6259K(6464K)
[314.591s][info][gc             ] GC(857) Pause Young (Allocation Failure) 804M->509M(838M) 2.548ms
[314.591s][info][gc,cpu         ] GC(857) User=0.01s Sys=0.00s Real=0.00s
[315.579s][info][gc,start       ] GC(858) Pause Young (Allocation Failure)
[315.582s][info][gc,heap        ] GC(858) PSYoungGen: 305728K(318464K)->64K(317952K) Eden: 305664K(305664K)->0K(305664K) From: 64K(12800K)->64K(12288K)
[315.582s][info][gc,heap        ] GC(858) ParOldGen: 521340K(540160K)->521348K(540160K)
[315.582s][info][gc,metaspace   ] GC(858) Metaspace: 35267K(35968K)->35267K(35968K) NonClass: 29007K(29504K)->29007K(29504K) Class: 6259K(6464K)->6259K(6464K)
[315.582s][info][gc             ] GC(858) Pause Young (Allocation Failure) 807M->509M(838M) 2.178ms
[315.582s][info][gc,cpu         ] GC(858) User=0.00s Sys=0.01s Real=0.00s
[315.982s][info][gc,start       ] GC(859) Pause Young (Allocation Failure)
[315.985s][info][gc,heap        ] GC(859) PSYoungGen: 305728K(317952K)->64K(320512K) Eden: 305664K(305664K)->0K(309248K) From: 64K(12288K)->64K(11264K)
[315.985s][info][gc,heap        ] GC(859) ParOldGen: 521348K(540160K)->521356K(540160K)
[315.985s][info][gc,metaspace   ] GC(859) Metaspace: 35267K(35968K)->35267K(35968K) NonClass: 29007K(29504K)->29007K(29504K) Class: 6259K(6464K)->6259K(6464K)
[315.985s][info][gc             ] GC(859) Pause Young (Allocation Failure) 807M->509M(840M) 2.116ms
[315.985s][info][gc,cpu         ] GC(859) User=0.00s Sys=0.00s Real=0.01s
[316.494s][info][gc,start       ] GC(860) Pause Young (Allocation Failure)
[316.496s][info][gc,heap        ] GC(860) PSYoungGen: 309312K(320512K)->64K(297472K) Eden: 309248K(309248K)->0K(296960K) From: 64K(11264K)->64K(512K)
[316.496s][info][gc,heap        ] GC(860) ParOldGen: 521356K(540160K)->521364K(540160K)
[316.496s][info][gc,metaspace   ] GC(860) Metaspace: 35267K(35968K)->35267K(35968K) NonClass: 29007K(29504K)->29007K(29504K) Class: 6259K(6464K)->6259K(6464K)
[316.496s][info][gc             ] GC(860) Pause Young (Allocation Failure) 811M->509M(818M) 1.991ms
[316.496s][info][gc,cpu         ] GC(860) User=0.00s Sys=0.00s Real=0.01s
[317.543s][info][gc,start       ] GC(861) Pause Young (Allocation Failure)
[317.545s][info][gc,heap        ] GC(861) PSYoungGen: 297024K(297472K)->64K(285696K) Eden: 296960K(296960K)->0K(285184K) From: 64K(512K)->64K(512K)
[317.545s][info][gc,heap        ] GC(861) ParOldGen: 521364K(540160K)->521380K(540160K)
[317.545s][info][gc,metaspace   ] GC(861) Metaspace: 35267K(35968K)->35267K(35968K) NonClass: 29007K(29504K)->29007K(29504K) Class: 6259K(6464K)->6259K(6464K)
[317.545s][info][gc             ] GC(861) Pause Young (Allocation Failure) 799M->509M(806M) 2.296ms
[317.546s][info][gc,cpu         ] GC(861) User=0.00s Sys=0.00s Real=0.01s
[317.985s][info][gc,start       ] GC(862) Pause Young (Allocation Failure)
[317.987s][info][gc,heap        ] GC(862) PSYoungGen: 285248K(285696K)->64K(283136K) Eden: 285184K(285184K)->0K(273920K) From: 64K(512K)->64K(9216K)
[317.987s][info][gc,heap        ] GC(862) ParOldGen: 521380K(540160K)->521388K(540160K)
[317.987s][info][gc,metaspace   ] GC(862) Metaspace: 35267K(35968K)->35267K(35968K) NonClass: 29007K(29504K)->29007K(29504K) Class: 6259K(6464K)->6259K(6464K)
[317.987s][info][gc             ] GC(862) Pause Young (Allocation Failure) 787M->509M(804M) 2.304ms
[317.988s][info][gc,cpu         ] GC(862) User=0.00s Sys=0.00s Real=0.00s
[318.080s][info][gc,start       ] GC(863) Pause Young (Allocation Failure)
[318.082s][info][gc,heap        ] GC(863) PSYoungGen: 273984K(283136K)->64K(303616K) Eden: 273920K(273920K)->0K(294912K) From: 64K(9216K)->64K(8704K)
[318.082s][info][gc,heap        ] GC(863) ParOldGen: 521388K(540160K)->521396K(540160K)
[318.082s][info][gc,metaspace   ] GC(863) Metaspace: 35267K(35968K)->35267K(35968K) NonClass: 29007K(29504K)->29007K(29504K) Class: 6259K(6464K)->6259K(6464K)
[318.082s][info][gc             ] GC(863) Pause Young (Allocation Failure) 776M->509M(824M) 2.090ms
[318.082s][info][gc,cpu         ] GC(863) User=0.00s Sys=0.00s Real=0.00s
[318.821s][info][gc,start       ] GC(864) Pause Young (Allocation Failure)
[318.824s][info][gc,heap        ] GC(864) PSYoungGen: 294976K(303616K)->64K(283648K) Eden: 294912K(294912K)->0K(283136K) From: 64K(8704K)->64K(512K)
[318.824s][info][gc,heap        ] GC(864) ParOldGen: 521396K(540160K)->521404K(540160K)
[318.824s][info][gc,metaspace   ] GC(864) Metaspace: 35267K(35968K)->35267K(35968K) NonClass: 29007K(29504K)->29007K(29504K) Class: 6259K(6464K)->6259K(6464K)
[318.824s][info][gc             ] GC(864) Pause Young (Allocation Failure) 797M->509M(804M) 2.894ms
[318.824s][info][gc,cpu         ] GC(864) User=0.00s Sys=0.00s Real=0.00s
[319.135s][info][gc,start       ] GC(865) Pause Young (Allocation Failure)
[319.137s][info][gc,heap        ] GC(865) PSYoungGen: 283200K(283648K)->64K(272384K) Eden: 283136K(283136K)->0K(271872K) From: 64K(512K)->64K(512K)
[319.137s][info][gc,heap        ] GC(865) ParOldGen: 521404K(540160K)->521412K(540160K)
[319.137s][info][gc,metaspace   ] GC(865) Metaspace: 35281K(35968K)->35281K(35968K) NonClass: 29021K(29504K)->29021K(29504K) Class: 6259K(6464K)->6259K(6464K)
[319.137s][info][gc             ] GC(865) Pause Young (Allocation Failure) 785M->509M(793M) 2.837ms
[319.137s][info][gc,cpu         ] GC(865) User=0.00s Sys=0.00s Real=0.00s
[319.488s][info][gc,start       ] GC(866) Pause Young (Allocation Failure)
[319.537s][info][gc,heap        ] GC(866) PSYoungGen: 271936K(272384K)->6656K(289792K) Eden: 271872K(271872K)->0K(283136K) From: 64K(512K)->6656K(6656K)
[319.537s][info][gc,heap        ] GC(866) ParOldGen: 521412K(540160K)->541524K(541696K)
[319.537s][info][gc,metaspace   ] GC(866) Metaspace: 35281K(35968K)->35281K(35968K) NonClass: 29021K(29504K)->29021K(29504K) Class: 6259K(6464K)->6259K(6464K)
[319.537s][info][gc             ] GC(866) Pause Young (Allocation Failure) 774M->535M(812M) 49.329ms
[319.537s][info][gc,cpu         ] GC(866) User=0.09s Sys=0.00s Real=0.05s
[319.884s][info][gc,start       ] GC(867) Pause Young (Allocation Failure)
[319.972s][info][gc,heap        ] GC(867) PSYoungGen: 289792K(289792K)->15872K(300544K) Eden: 283136K(283136K)->0K(284672K) From: 6656K(6656K)->15872K(15872K)
[319.972s][info][gc,heap        ] GC(867) ParOldGen: 541524K(541696K)->556372K(556544K)
[319.972s][info][gc,metaspace   ] GC(867) Metaspace: 35281K(35968K)->35281K(35968K) NonClass: 29021K(29504K)->29021K(29504K) Class: 6259K(6464K)->6259K(6464K)
[319.972s][info][gc             ] GC(867) Pause Young (Allocation Failure) 811M->558M(837M) 87.694ms
[319.972s][info][gc,cpu         ] GC(867) User=0.15s Sys=0.02s Real=0.09s
[320.156s][info][gc,start       ] GC(868) Pause Young (Allocation Failure)
[320.183s][info][gc,heap        ] GC(868) PSYoungGen: 300544K(300544K)->12224K(296960K) Eden: 284672K(284672K)->0K(284672K) From: 15872K(15872K)->12224K(12288K)
[320.183s][info][gc,heap        ] GC(868) ParOldGen: 556372K(556544K)->556908K(557056K)
[320.183s][info][gc,metaspace   ] GC(868) Metaspace: 35281K(35968K)->35281K(35968K) NonClass: 29021K(29504K)->29021K(29504K) Class: 6259K(6464K)->6259K(6464K)
[320.183s][info][gc             ] GC(868) Pause Young (Allocation Failure) 836M->555M(834M) 26.854ms
[320.183s][info][gc,cpu         ] GC(868) User=0.05s Sys=0.01s Real=0.02s
[320.599s][info][gc,start       ] GC(869) Pause Young (Allocation Failure)
[320.601s][info][gc,heap        ] GC(869) PSYoungGen: 296896K(296960K)->64K(309248K) Eden: 284672K(284672K)->0K(284160K) From: 12224K(12288K)->64K(25088K)
[320.601s][info][gc,heap        ] GC(869) ParOldGen: 556908K(557056K)->556916K(557056K)
[320.601s][info][gc,metaspace   ] GC(869) Metaspace: 35281K(35968K)->35281K(35968K) NonClass: 29021K(29504K)->29021K(29504K) Class: 6259K(6464K)->6259K(6464K)
[320.601s][info][gc             ] GC(869) Pause Young (Allocation Failure) 833M->543M(846M) 2.034ms
[320.601s][info][gc,cpu         ] GC(869) User=0.01s Sys=0.00s Real=0.00s
[321.295s][info][gc,start       ] GC(870) Pause Young (Allocation Failure)
[321.297s][info][gc,heap        ] GC(870) PSYoungGen: 284224K(309248K)->64K(284672K) Eden: 284160K(284160K)->0K(284160K) From: 64K(25088K)->64K(512K)
[321.297s][info][gc,heap        ] GC(870) ParOldGen: 556916K(557056K)->556924K(557056K)
[321.297s][info][gc,metaspace   ] GC(870) Metaspace: 35281K(35968K)->35281K(35968K) NonClass: 29021K(29504K)->29021K(29504K) Class: 6259K(6464K)->6259K(6464K)
[321.297s][info][gc             ] GC(870) Pause Young (Allocation Failure) 821M->543M(822M) 2.312ms
[321.297s][info][gc,cpu         ] GC(870) User=0.00s Sys=0.00s Real=0.00s
[321.783s][info][gc,start       ] GC(871) Pause Young (Allocation Failure)
[321.785s][info][gc,heap        ] GC(871) PSYoungGen: 284224K(284672K)->64K(308224K) Eden: 284160K(284160K)->0K(284672K) From: 64K(512K)->64K(23552K)
[321.785s][info][gc,heap        ] GC(871) ParOldGen: 556924K(557056K)->556940K(557056K)
[321.785s][info][gc,metaspace   ] GC(871) Metaspace: 35281K(35968K)->35281K(35968K) NonClass: 29021K(29504K)->29021K(29504K) Class: 6259K(6464K)->6259K(6464K)
[321.785s][info][gc             ] GC(871) Pause Young (Allocation Failure) 821M->543M(845M) 2.175ms
[321.785s][info][gc,cpu         ] GC(871) User=0.01s Sys=0.00s Real=0.01s
[322.001s][info][gc,start       ] GC(872) Pause Young (Allocation Failure)
[322.003s][info][gc,heap        ] GC(872) PSYoungGen: 284736K(308224K)->64K(307712K) Eden: 284672K(284672K)->0K(284672K) From: 64K(23552K)->64K(23040K)
[322.003s][info][gc,heap        ] GC(872) ParOldGen: 556940K(557056K)->556956K(557056K)
[322.003s][info][gc,metaspace   ] GC(872) Metaspace: 35281K(35968K)->35281K(35968K) NonClass: 29021K(29504K)->29021K(29504K) Class: 6259K(6464K)->6259K(6464K)
[322.003s][info][gc             ] GC(872) Pause Young (Allocation Failure) 821M->543M(844M) 2.092ms
[322.003s][info][gc,cpu         ] GC(872) User=0.01s Sys=0.00s Real=0.00s
[322.218s][info][gc,start       ] GC(873) Pause Young (Allocation Failure)
[322.220s][info][gc,heap        ] GC(873) PSYoungGen: 284736K(307712K)->64K(309760K) Eden: 284672K(284672K)->0K(288256K) From: 64K(23040K)->64K(21504K)
[322.220s][info][gc,heap        ] GC(873) ParOldGen: 556956K(557056K)->556956K(557056K)
[322.220s][info][gc,metaspace   ] GC(873) Metaspace: 35281K(35968K)->35281K(35968K) NonClass: 29021K(29504K)->29021K(29504K) Class: 6259K(6464K)->6259K(6464K)
[322.220s][info][gc             ] GC(873) Pause Young (Allocation Failure) 821M->543M(846M) 2.171ms
[322.220s][info][gc,cpu         ] GC(873) User=0.00s Sys=0.00s Real=0.00s
[322.566s][info][gc,start       ] GC(874) Pause Young (Allocation Failure)
[322.568s][info][gc,heap        ] GC(874) PSYoungGen: 288320K(309760K)->64K(309248K) Eden: 288256K(288256K)->0K(288256K) From: 64K(21504K)->64K(20992K)
[322.568s][info][gc,heap        ] GC(874) ParOldGen: 556956K(557056K)->556956K(557056K)
[322.568s][info][gc,metaspace   ] GC(874) Metaspace: 35281K(35968K)->35281K(35968K) NonClass: 29021K(29504K)->29021K(29504K) Class: 6259K(6464K)->6259K(6464K)
[322.568s][info][gc             ] GC(874) Pause Young (Allocation Failure) 825M->543M(846M) 2.271ms
[322.568s][info][gc,cpu         ] GC(874) User=0.00s Sys=0.00s Real=0.00s
[322.715s][info][gc,start       ] GC(875) Pause Young (Allocation Failure)
[322.717s][info][gc,heap        ] GC(875) PSYoungGen: 288320K(309248K)->64K(311808K) Eden: 288256K(288256K)->0K(292352K) From: 64K(20992K)->64K(19456K)
[322.717s][info][gc,heap        ] GC(875) ParOldGen: 556956K(557056K)->556972K(557056K)
[322.717s][info][gc,metaspace   ] GC(875) Metaspace: 35281K(35968K)->35281K(35968K) NonClass: 29021K(29504K)->29021K(29504K) Class: 6259K(6464K)->6259K(6464K)
[322.717s][info][gc             ] GC(875) Pause Young (Allocation Failure) 825M->543M(848M) 2.229ms
[322.717s][info][gc,cpu         ] GC(875) User=0.00s Sys=0.00s Real=0.00s
[322.774s][info][gc,start       ] GC(876) Pause Young (Allocation Failure)
[322.776s][info][gc,heap        ] GC(876) PSYoungGen: 292416K(311808K)->32K(311296K) Eden: 292352K(292352K)->0K(292352K) From: 64K(19456K)->32K(18944K)
[322.776s][info][gc,heap        ] GC(876) ParOldGen: 556972K(557056K)->556980K(557056K)
[322.776s][info][gc,metaspace   ] GC(876) Metaspace: 35281K(35968K)->35281K(35968K) NonClass: 29021K(29504K)->29021K(29504K) Class: 6259K(6464K)->6259K(6464K)
[322.776s][info][gc             ] GC(876) Pause Young (Allocation Failure) 829M->543M(848M) 2.195ms
[322.776s][info][gc,cpu         ] GC(876) User=0.00s Sys=0.00s Real=0.01s
[322.912s][info][gc,start       ] GC(877) Pause Young (Allocation Failure)
[322.915s][info][gc,heap        ] GC(877) PSYoungGen: 292384K(311296K)->64K(313856K) Eden: 292352K(292352K)->0K(296448K) From: 32K(18944K)->64K(17408K)
[322.915s][info][gc,heap        ] GC(877) ParOldGen: 556980K(557056K)->556980K(557056K)
[322.915s][info][gc,metaspace   ] GC(877) Metaspace: 35281K(35968K)->35281K(35968K) NonClass: 29021K(29504K)->29021K(29504K) Class: 6259K(6464K)->6259K(6464K)
[322.915s][info][gc             ] GC(877) Pause Young (Allocation Failure) 829M->543M(850M) 2.296ms
[322.915s][info][gc,cpu         ] GC(877) User=0.00s Sys=0.00s Real=0.01s
[323.201s][info][gc,start       ] GC(878) Pause Young (Allocation Failure)
[323.203s][info][gc,heap        ] GC(878) PSYoungGen: 296512K(313856K)->64K(313344K) Eden: 296448K(296448K)->0K(296448K) From: 64K(17408K)->64K(16896K)
[323.203s][info][gc,heap        ] GC(878) ParOldGen: 556980K(557056K)->556988K(557056K)
[323.203s][info][gc,metaspace   ] GC(878) Metaspace: 35281K(35968K)->35281K(35968K) NonClass: 29021K(29504K)->29021K(29504K) Class: 6259K(6464K)->6259K(6464K)
[323.203s][info][gc             ] GC(878) Pause Young (Allocation Failure) 833M->543M(850M) 2.032ms
[323.203s][info][gc,cpu         ] GC(878) User=0.01s Sys=0.00s Real=0.00s
[323.393s][info][gc,start       ] GC(879) Pause Young (Allocation Failure)
[323.395s][info][gc,heap        ] GC(879) PSYoungGen: 296512K(313344K)->64K(315904K) Eden: 296448K(296448K)->0K(300544K) From: 64K(16896K)->64K(15360K)
[323.395s][info][gc,heap        ] GC(879) ParOldGen: 556988K(557056K)->556996K(557056K)
[323.395s][info][gc,metaspace   ] GC(879) Metaspace: 35281K(35968K)->35281K(35968K) NonClass: 29021K(29504K)->29021K(29504K) Class: 6259K(6464K)->6259K(6464K)
[323.395s][info][gc             ] GC(879) Pause Young (Allocation Failure) 833M->544M(852M) 2.166ms
[323.395s][info][gc,cpu         ] GC(879) User=0.00s Sys=0.00s Real=0.01s
[323.487s][info][gc,start       ] GC(880) Pause Young (Allocation Failure)
[323.489s][info][gc,heap        ] GC(880) PSYoungGen: 300608K(315904K)->64K(315392K) Eden: 300544K(300544K)->0K(300544K) From: 64K(15360K)->64K(14848K)
[323.489s][info][gc,heap        ] GC(880) ParOldGen: 556996K(557056K)->557012K(557056K)
[323.489s][info][gc,metaspace   ] GC(880) Metaspace: 35281K(35968K)->35281K(35968K) NonClass: 29021K(29504K)->29021K(29504K) Class: 6259K(6464K)->6259K(6464K)
[323.489s][info][gc             ] GC(880) Pause Young (Allocation Failure) 837M->544M(852M) 2.044ms
[323.489s][info][gc,cpu         ] GC(880) User=0.00s Sys=0.00s Real=0.00s
[323.661s][info][gc,start       ] GC(881) Pause Young (Allocation Failure)
[323.663s][info][gc,heap        ] GC(881) PSYoungGen: 300608K(315392K)->64K(317952K) Eden: 300544K(300544K)->0K(304128K) From: 64K(14848K)->64K(13824K)
[323.663s][info][gc,heap        ] GC(881) ParOldGen: 557012K(557056K)->557012K(557056K)
[323.663s][info][gc,metaspace   ] GC(881) Metaspace: 35281K(35968K)->35281K(35968K) NonClass: 29021K(29504K)->29021K(29504K) Class: 6259K(6464K)->6259K(6464K)
[323.663s][info][gc             ] GC(881) Pause Young (Allocation Failure) 837M->544M(854M) 2.041ms
[323.663s][info][gc,cpu         ] GC(881) User=0.01s Sys=0.00s Real=0.00s
[324.121s][info][gc,start       ] GC(882) Pause Young (Allocation Failure)
[324.124s][info][gc,heap        ] GC(882) PSYoungGen: 304192K(317952K)->64K(317440K) Eden: 304128K(304128K)->0K(304128K) From: 64K(13824K)->64K(13312K)
[324.124s][info][gc,heap        ] GC(882) ParOldGen: 557012K(557056K)->557020K(557056K)
[324.124s][info][gc,metaspace   ] GC(882) Metaspace: 35281K(35968K)->35281K(35968K) NonClass: 29021K(29504K)->29021K(29504K) Class: 6259K(6464K)->6259K(6464K)
[324.124s][info][gc             ] GC(882) Pause Young (Allocation Failure) 841M->544M(854M) 2.307ms
[324.124s][info][gc,cpu         ] GC(882) User=0.01s Sys=0.00s Real=0.00s
[325.489s][info][gc,start       ] GC(883) Pause Young (Allocation Failure)
[325.493s][info][gc,heap        ] GC(883) PSYoungGen: 304192K(317440K)->64K(292352K) Eden: 304128K(304128K)->0K(291840K) From: 64K(13312K)->64K(512K)
[325.493s][info][gc,heap        ] GC(883) ParOldGen: 557020K(557056K)->557036K(557056K)
[325.493s][info][gc,metaspace   ] GC(883) Metaspace: 35281K(35968K)->35281K(35968K) NonClass: 29021K(29504K)->29021K(29504K) Class: 6259K(6464K)->6259K(6464K)
[325.493s][info][gc             ] GC(883) Pause Young (Allocation Failure) 841M->544M(829M) 3.235ms
[325.493s][info][gc,cpu         ] GC(883) User=0.00s Sys=0.00s Real=0.00s
[325.917s][info][gc,start       ] GC(884) Pause Young (Allocation Failure)
[325.919s][info][gc,heap        ] GC(884) PSYoungGen: 291904K(292352K)->64K(291840K) Eden: 291840K(291840K)->0K(280064K) From: 64K(512K)->64K(11776K)
[325.919s][info][gc,heap        ] GC(884) ParOldGen: 557036K(557056K)->557052K(557056K)
[325.919s][info][gc,metaspace   ] GC(884) Metaspace: 35281K(35968K)->35281K(35968K) NonClass: 29021K(29504K)->29021K(29504K) Class: 6259K(6464K)->6259K(6464K)
[325.919s][info][gc             ] GC(884) Pause Young (Allocation Failure) 829M->544M(829M) 2.286ms
[325.919s][info][gc,cpu         ] GC(884) User=0.00s Sys=0.00s Real=0.00s
[326.413s][info][gc,start       ] GC(885) Pause Young (Allocation Failure)
[326.415s][info][gc,heap        ] GC(885) PSYoungGen: 280128K(291840K)->64K(269312K) Eden: 280064K(280064K)->0K(268800K) From: 64K(11776K)->64K(512K)
[326.415s][info][gc,heap        ] GC(885) ParOldGen: 557052K(557056K)->557068K(557568K)
[326.415s][info][gc,metaspace   ] GC(885) Metaspace: 35281K(35968K)->35281K(35968K) NonClass: 29021K(29504K)->29021K(29504K) Class: 6259K(6464K)->6259K(6464K)
[326.415s][info][gc             ] GC(885) Pause Young (Allocation Failure) 817M->544M(807M) 2.527ms
[326.415s][info][gc,cpu         ] GC(885) User=0.00s Sys=0.00s Real=0.01s
[327.550s][info][gc,start       ] GC(886) Pause Young (Allocation Failure)
[327.552s][info][gc,heap        ] GC(886) PSYoungGen: 268864K(269312K)->64K(268288K) Eden: 268800K(268800K)->0K(258048K) From: 64K(512K)->64K(10240K)
[327.552s][info][gc,heap        ] GC(886) ParOldGen: 557068K(557568K)->557076K(557568K)
[327.552s][info][gc,metaspace   ] GC(886) Metaspace: 35281K(35968K)->35281K(35968K) NonClass: 29021K(29504K)->29021K(29504K) Class: 6259K(6464K)->6259K(6464K)
[327.552s][info][gc             ] GC(886) Pause Young (Allocation Failure) 806M->544M(806M) 1.986ms
[327.552s][info][gc,cpu         ] GC(886) User=0.00s Sys=0.00s Real=0.00s
[327.978s][info][gc,start       ] GC(887) Pause Young (Allocation Failure)
[327.981s][info][gc,heap        ] GC(887) PSYoungGen: 258112K(268288K)->64K(248320K) Eden: 258048K(258048K)->0K(247808K) From: 64K(10240K)->64K(512K)
[327.981s][info][gc,heap        ] GC(887) ParOldGen: 557076K(557568K)->557084K(557568K)
[327.981s][info][gc,metaspace   ] GC(887) Metaspace: 35281K(35968K)->35281K(35968K) NonClass: 29021K(29504K)->29021K(29504K) Class: 6259K(6464K)->6259K(6464K)
[327.981s][info][gc             ] GC(887) Pause Young (Allocation Failure) 796M->544M(787M) 2.377ms
[327.981s][info][gc,cpu         ] GC(887) User=0.00s Sys=0.00s Real=0.00s
[328.178s][info][gc,start       ] GC(888) Pause Young (Allocation Failure)
[328.180s][info][gc,heap        ] GC(888) PSYoungGen: 247872K(248320K)->64K(246784K) Eden: 247808K(247808K)->0K(238080K) From: 64K(512K)->64K(8704K)
[328.180s][info][gc,heap        ] GC(888) ParOldGen: 557084K(557568K)->557092K(557568K)
[328.180s][info][gc,metaspace   ] GC(888) Metaspace: 35281K(35968K)->35281K(35968K) NonClass: 29021K(29504K)->29021K(29504K) Class: 6259K(6464K)->6259K(6464K)
[328.180s][info][gc             ] GC(888) Pause Young (Allocation Failure) 786M->544M(785M) 2.070ms
[328.180s][info][gc,cpu         ] GC(888) User=0.01s Sys=0.00s Real=0.00s
[328.275s][info][gc,start       ] GC(889) Pause Young (Allocation Failure)
[328.277s][info][gc,heap        ] GC(889) PSYoungGen: 238144K(246784K)->64K(229376K) Eden: 238080K(238080K)->0K(228864K) From: 64K(8704K)->64K(512K)
[328.277s][info][gc,heap        ] GC(889) ParOldGen: 557092K(557568K)->557100K(557568K)
[328.277s][info][gc,metaspace   ] GC(889) Metaspace: 35281K(35968K)->35281K(35968K) NonClass: 29021K(29504K)->29021K(29504K) Class: 6259K(6464K)->6259K(6464K)
[328.277s][info][gc             ] GC(889) Pause Young (Allocation Failure) 776M->544M(768M) 2.925ms
[328.277s][info][gc,cpu         ] GC(889) User=0.01s Sys=0.00s Real=0.00s
[328.897s][info][gc,start       ] GC(890) Pause Young (Allocation Failure)
[328.899s][info][gc,heap        ] GC(890) PSYoungGen: 228928K(229376K)->64K(227840K) Eden: 228864K(228864K)->0K(220160K) From: 64K(512K)->64K(7680K)
[328.899s][info][gc,heap        ] GC(890) ParOldGen: 557100K(557568K)->557116K(557568K)
[328.899s][info][gc,metaspace   ] GC(890) Metaspace: 35281K(35968K)->35281K(35968K) NonClass: 29021K(29504K)->29021K(29504K) Class: 6259K(6464K)->6259K(6464K)
[328.899s][info][gc             ] GC(890) Pause Young (Allocation Failure) 767M->544M(767M) 2.253ms
[328.899s][info][gc,cpu         ] GC(890) User=0.01s Sys=0.00s Real=0.00s
[329.111s][info][gc,start       ] GC(891) Pause Young (Allocation Failure)
[329.114s][info][gc,heap        ] GC(891) PSYoungGen: 220224K(227840K)->64K(212480K) Eden: 220160K(220160K)->0K(211968K) From: 64K(7680K)->64K(512K)
[329.114s][info][gc,heap        ] GC(891) ParOldGen: 557116K(557568K)->557132K(557568K)
[329.114s][info][gc,metaspace   ] GC(891) Metaspace: 35281K(35968K)->35281K(35968K) NonClass: 29021K(29504K)->29021K(29504K) Class: 6259K(6464K)->6259K(6464K)
[329.114s][info][gc             ] GC(891) Pause Young (Allocation Failure) 759M->544M(752M) 2.983ms
[329.114s][info][gc,cpu         ] GC(891) User=0.01s Sys=0.01s Real=0.00s
[329.428s][info][gc,start       ] GC(892) Pause Young (Allocation Failure)
[329.449s][info][gc,heap        ] GC(892) PSYoungGen: 212032K(212480K)->6656K(261120K) Eden: 211968K(211968K)->0K(254464K) From: 64K(512K)->6656K(6656K)
[329.449s][info][gc,heap        ] GC(892) ParOldGen: 557132K(557568K)->559556K(559616K)
[329.449s][info][gc,metaspace   ] GC(892) Metaspace: 35281K(35968K)->35281K(35968K) NonClass: 29021K(29504K)->29021K(29504K) Class: 6259K(6464K)->6259K(6464K)
[329.449s][info][gc             ] GC(892) Pause Young (Allocation Failure) 751M->552M(801M) 21.164ms
[329.449s][info][gc,cpu         ] GC(892) User=0.04s Sys=0.00s Real=0.02s
[329.753s][info][gc,start       ] GC(893) Pause Young (Allocation Failure)
[329.821s][info][gc,heap        ] GC(893) PSYoungGen: 261120K(261120K)->6656K(268288K) Eden: 254464K(254464K)->0K(261632K) From: 6656K(6656K)->6656K(6656K)
[329.821s][info][gc,heap        ] GC(893) ParOldGen: 559556K(559616K)->579940K(580096K)
[329.821s][info][gc,metaspace   ] GC(893) Metaspace: 35281K(35968K)->35281K(35968K) NonClass: 29021K(29504K)->29021K(29504K) Class: 6259K(6464K)->6259K(6464K)
[329.821s][info][gc             ] GC(893) Pause Young (Allocation Failure) 801M->572M(828M) 67.939ms
[329.821s][info][gc,cpu         ] GC(893) User=0.12s Sys=0.01s Real=0.07s
[330.127s][info][gc,start       ] GC(894) Pause Young (Allocation Failure)
[330.185s][info][gc,heap        ] GC(894) PSYoungGen: 268288K(268288K)->17920K(279552K) Eden: 261632K(261632K)->0K(261632K) From: 6656K(6656K)->17920K(17920K)
[330.185s][info][gc,heap        ] GC(894) ParOldGen: 579940K(580096K)->590460K(590848K)
[330.185s][info][gc,metaspace   ] GC(894) Metaspace: 35281K(35968K)->35281K(35968K) NonClass: 29021K(29504K)->29021K(29504K) Class: 6259K(6464K)->6259K(6464K)
[330.185s][info][gc             ] GC(894) Pause Young (Allocation Failure) 828M->594M(850M) 57.903ms
[330.185s][info][gc,cpu         ] GC(894) User=0.11s Sys=0.01s Real=0.06s
[330.300s][info][gc,start       ] GC(895) Pause Young (Allocation Failure)
[330.316s][info][gc,heap        ] GC(895) PSYoungGen: 279552K(279552K)->5280K(309760K) Eden: 261632K(261632K)->0K(284160K) From: 17920K(17920K)->5280K(25600K)
[330.316s][info][gc,heap        ] GC(895) ParOldGen: 590460K(590848K)->590828K(590848K)
[330.316s][info][gc,metaspace   ] GC(895) Metaspace: 35281K(35968K)->35281K(35968K) NonClass: 29021K(29504K)->29021K(29504K) Class: 6259K(6464K)->6259K(6464K)
[330.316s][info][gc             ] GC(895) Pause Young (Allocation Failure) 849M->582M(879M) 16.430ms
[330.316s][info][gc,cpu         ] GC(895) User=0.03s Sys=0.01s Real=0.02s
[330.825s][info][gc,start       ] GC(896) Pause Young (Allocation Failure)
[330.827s][info][gc,heap        ] GC(896) PSYoungGen: 289440K(309760K)->64K(284672K) Eden: 284160K(284160K)->0K(284160K) From: 5280K(25600K)->64K(512K)
[330.827s][info][gc,heap        ] GC(896) ParOldGen: 590828K(590848K)->590836K(590848K)
[330.827s][info][gc,metaspace   ] GC(896) Metaspace: 35281K(35968K)->35281K(35968K) NonClass: 29021K(29504K)->29021K(29504K) Class: 6259K(6464K)->6259K(6464K)
[330.827s][info][gc             ] GC(896) Pause Young (Allocation Failure) 859M->577M(855M) 2.197ms
[330.827s][info][gc,cpu         ] GC(896) User=0.00s Sys=0.00s Real=0.00s
[331.481s][info][gc,start       ] GC(897) Pause Young (Allocation Failure)
[331.486s][info][gc,heap        ] GC(897) PSYoungGen: 284224K(284672K)->160K(307712K) Eden: 284160K(284160K)->0K(284672K) From: 64K(512K)->160K(23040K)
[331.486s][info][gc,heap        ] GC(897) ParOldGen: 590836K(590848K)->590844K(590848K)
[331.486s][info][gc,metaspace   ] GC(897) Metaspace: 35384K(36032K)->35384K(36032K) NonClass: 29113K(29568K)->29113K(29568K) Class: 6271K(6464K)->6271K(6464K)
[331.486s][info][gc             ] GC(897) Pause Young (Allocation Failure) 854M->577M(877M) 5.233ms
[331.486s][info][gc,cpu         ] GC(897) User=0.01s Sys=0.00s Real=0.01s
[331.946s][info][gc,start       ] GC(898) Pause Young (Allocation Failure)
[331.948s][info][gc,heap        ] GC(898) PSYoungGen: 284832K(307712K)->64K(307200K) Eden: 284672K(284672K)->0K(284672K) From: 160K(23040K)->64K(22528K)
[331.948s][info][gc,heap        ] GC(898) ParOldGen: 590844K(590848K)->590940K(591360K)
[331.948s][info][gc,metaspace   ] GC(898) Metaspace: 35384K(36032K)->35384K(36032K) NonClass: 29113K(29568K)->29113K(29568K) Class: 6271K(6464K)->6271K(6464K)
[331.949s][info][gc             ] GC(898) Pause Young (Allocation Failure) 855M->577M(877M) 2.560ms
[331.949s][info][gc,cpu         ] GC(898) User=0.00s Sys=0.00s Real=0.00s
[332.147s][info][gc,start       ] GC(899) Pause Young (Allocation Failure)
[332.149s][info][gc,heap        ] GC(899) PSYoungGen: 284736K(307200K)->32K(310272K) Eden: 284672K(284672K)->0K(289280K) From: 64K(22528K)->32K(20992K)
[332.149s][info][gc,heap        ] GC(899) ParOldGen: 590940K(591360K)->590956K(591360K)
[332.149s][info][gc,metaspace   ] GC(899) Metaspace: 35384K(36032K)->35384K(36032K) NonClass: 29113K(29568K)->29113K(29568K) Class: 6271K(6464K)->6271K(6464K)
[332.149s][info][gc             ] GC(899) Pause Young (Allocation Failure) 855M->577M(880M) 2.282ms
[332.149s][info][gc,cpu         ] GC(899) User=0.00s Sys=0.00s Real=0.00s
[332.363s][info][gc,start       ] GC(900) Pause Young (Allocation Failure)
[332.365s][info][gc,heap        ] GC(900) PSYoungGen: 289312K(310272K)->32K(309760K) Eden: 289280K(289280K)->0K(289280K) From: 32K(20992K)->32K(20480K)
[332.365s][info][gc,heap        ] GC(900) ParOldGen: 590956K(591360K)->590956K(591360K)
[332.365s][info][gc,metaspace   ] GC(900) Metaspace: 35384K(36032K)->35384K(36032K) NonClass: 29113K(29568K)->29113K(29568K) Class: 6271K(6464K)->6271K(6464K)
[332.365s][info][gc             ] GC(900) Pause Young (Allocation Failure) 859M->577M(880M) 2.361ms
[332.365s][info][gc,cpu         ] GC(900) User=0.01s Sys=0.00s Real=0.01s
[332.716s][info][gc,start       ] GC(901) Pause Young (Allocation Failure)
[332.718s][info][gc,heap        ] GC(901) PSYoungGen: 289312K(309760K)->64K(312320K) Eden: 289280K(289280K)->0K(293376K) From: 32K(20480K)->64K(18944K)
[332.718s][info][gc,heap        ] GC(901) ParOldGen: 590956K(591360K)->590956K(591360K)
[332.718s][info][gc,metaspace   ] GC(901) Metaspace: 35384K(36032K)->35384K(36032K) NonClass: 29113K(29568K)->29113K(29568K) Class: 6271K(6464K)->6271K(6464K)
[332.718s][info][gc             ] GC(901) Pause Young (Allocation Failure) 859M->577M(882M) 2.246ms
[332.718s][info][gc,cpu         ] GC(901) User=0.01s Sys=0.00s Real=0.00s
[332.843s][info][gc,start       ] GC(902) Pause Young (Allocation Failure)
[332.845s][info][gc,heap        ] GC(902) PSYoungGen: 293440K(312320K)->64K(312320K) Eden: 293376K(293376K)->0K(293376K) From: 64K(18944K)->64K(18944K)
[332.845s][info][gc,heap        ] GC(902) ParOldGen: 590956K(591360K)->590964K(591360K)
[332.845s][info][gc,metaspace   ] GC(902) Metaspace: 35384K(36032K)->35384K(36032K) NonClass: 29113K(29568K)->29113K(29568K) Class: 6271K(6464K)->6271K(6464K)
[332.845s][info][gc             ] GC(902) Pause Young (Allocation Failure) 863M->577M(882M) 2.047ms
[332.845s][info][gc,cpu         ] GC(902) User=0.00s Sys=0.00s Real=0.01s
[332.903s][info][gc,start       ] GC(903) Pause Young (Allocation Failure)
[332.905s][info][gc,heap        ] GC(903) PSYoungGen: 293440K(312320K)->64K(313856K) Eden: 293376K(293376K)->0K(296960K) From: 64K(18944K)->64K(16896K)
[332.905s][info][gc,heap        ] GC(903) ParOldGen: 590964K(591360K)->590980K(591360K)
[332.905s][info][gc,metaspace   ] GC(903) Metaspace: 35384K(36032K)->35384K(36032K) NonClass: 29113K(29568K)->29113K(29568K) Class: 6271K(6464K)->6271K(6464K)
[332.905s][info][gc             ] GC(903) Pause Young (Allocation Failure) 863M->577M(884M) 2.166ms
[332.905s][info][gc,cpu         ] GC(903) User=0.00s Sys=0.00s Real=0.01s
[333.078s][info][gc,start       ] GC(904) Pause Young (Allocation Failure)
[333.080s][info][gc,heap        ] GC(904) PSYoungGen: 297024K(313856K)->64K(313856K) Eden: 296960K(296960K)->0K(296960K) From: 64K(16896K)->64K(16896K)
[333.080s][info][gc,heap        ] GC(904) ParOldGen: 590980K(591360K)->590980K(591360K)
[333.080s][info][gc,metaspace   ] GC(904) Metaspace: 35384K(36032K)->35384K(36032K) NonClass: 29113K(29568K)->29113K(29568K) Class: 6271K(6464K)->6271K(6464K)
[333.080s][info][gc             ] GC(904) Pause Young (Allocation Failure) 867M->577M(884M) 2.180ms
[333.081s][info][gc,cpu         ] GC(904) User=0.01s Sys=0.00s Real=0.00s
[333.361s][info][gc,start       ] GC(905) Pause Young (Allocation Failure)
[333.363s][info][gc,heap        ] GC(905) PSYoungGen: 297024K(313856K)->64K(316416K) Eden: 296960K(296960K)->0K(300544K) From: 64K(16896K)->64K(15872K)
[333.363s][info][gc,heap        ] GC(905) ParOldGen: 590980K(591360K)->590988K(591360K)
[333.363s][info][gc,metaspace   ] GC(905) Metaspace: 35384K(36032K)->35384K(36032K) NonClass: 29113K(29568K)->29113K(29568K) Class: 6271K(6464K)->6271K(6464K)
[333.363s][info][gc             ] GC(905) Pause Young (Allocation Failure) 867M->577M(886M) 2.106ms
[333.363s][info][gc,cpu         ] GC(905) User=0.01s Sys=0.00s Real=0.00s
[333.540s][info][gc,start       ] GC(906) Pause Young (Allocation Failure)
[333.543s][info][gc,heap        ] GC(906) PSYoungGen: 300608K(316416K)->64K(315904K) Eden: 300544K(300544K)->0K(300544K) From: 64K(15872K)->64K(15360K)
[333.543s][info][gc,heap        ] GC(906) ParOldGen: 590988K(591360K)->590996K(591360K)
[333.543s][info][gc,metaspace   ] GC(906) Metaspace: 35384K(36032K)->35384K(36032K) NonClass: 29113K(29568K)->29113K(29568K) Class: 6271K(6464K)->6271K(6464K)
[333.543s][info][gc             ] GC(906) Pause Young (Allocation Failure) 870M->577M(886M) 2.190ms
[333.543s][info][gc,cpu         ] GC(906) User=0.01s Sys=0.00s Real=0.00s
[333.631s][info][gc,start       ] GC(907) Pause Young (Allocation Failure)
[333.633s][info][gc,heap        ] GC(907) PSYoungGen: 300608K(315904K)->64K(317440K) Eden: 300544K(300544K)->0K(303616K) From: 64K(15360K)->64K(13824K)
[333.633s][info][gc,heap        ] GC(907) ParOldGen: 590996K(591360K)->591012K(591360K)
[333.633s][info][gc,metaspace   ] GC(907) Metaspace: 35384K(36032K)->35384K(36032K) NonClass: 29113K(29568K)->29113K(29568K) Class: 6271K(6464K)->6271K(6464K)
[333.633s][info][gc             ] GC(907) Pause Young (Allocation Failure) 870M->577M(887M) 2.137ms
[333.633s][info][gc,cpu         ] GC(907) User=0.01s Sys=0.00s Real=0.00s
[333.832s][info][gc,start       ] GC(908) Pause Young (Allocation Failure)
[333.834s][info][gc,heap        ] GC(908) PSYoungGen: 303680K(317440K)->64K(316928K) Eden: 303616K(303616K)->0K(303616K) From: 64K(13824K)->64K(13312K)
[333.835s][info][gc,heap        ] GC(908) ParOldGen: 591012K(591360K)->591012K(591360K)
[333.835s][info][gc,metaspace   ] GC(908) Metaspace: 35384K(36032K)->35384K(36032K) NonClass: 29113K(29568K)->29113K(29568K) Class: 6271K(6464K)->6271K(6464K)
[333.835s][info][gc             ] GC(908) Pause Young (Allocation Failure) 873M->577M(887M) 2.112ms
[333.835s][info][gc,cpu         ] GC(908) User=0.01s Sys=0.00s Real=0.01s
[334.946s][info][gc,start       ] GC(909) Pause Young (Allocation Failure)
[334.948s][info][gc,heap        ] GC(909) PSYoungGen: 303678K(316928K)->64K(319488K) Eden: 303614K(303616K)->0K(307200K) From: 64K(13312K)->64K(12288K)
[334.948s][info][gc,heap        ] GC(909) ParOldGen: 591012K(591360K)->591020K(591360K)
[334.948s][info][gc,metaspace   ] GC(909) Metaspace: 35384K(36032K)->35384K(36032K) NonClass: 29113K(29568K)->29113K(29568K) Class: 6271K(6464K)->6271K(6464K)
[334.949s][info][gc             ] GC(909) Pause Young (Allocation Failure) 873M->577M(889M) 2.254ms
[334.949s][info][gc,cpu         ] GC(909) User=0.01s Sys=0.00s Real=0.00s
[335.899s][info][gc,start       ] GC(910) Pause Young (Allocation Failure)
[335.901s][info][gc,heap        ] GC(910) PSYoungGen: 307264K(319488K)->64K(295424K) Eden: 307200K(307200K)->0K(294912K) From: 64K(12288K)->64K(512K)
[335.901s][info][gc,heap        ] GC(910) ParOldGen: 591020K(591360K)->591028K(591360K)
[335.901s][info][gc,metaspace   ] GC(910) Metaspace: 35384K(36032K)->35384K(36032K) NonClass: 29113K(29568K)->29113K(29568K) Class: 6271K(6464K)->6271K(6464K)
[335.901s][info][gc             ] GC(910) Pause Young (Allocation Failure) 877M->577M(866M) 2.127ms
[335.901s][info][gc,cpu         ] GC(910) User=0.01s Sys=0.00s Real=0.00s
[336.195s][info][gc,start       ] GC(911) Pause Young (Allocation Failure)
[336.198s][info][gc,heap        ] GC(911) PSYoungGen: 294976K(295424K)->64K(283648K) Eden: 294912K(294912K)->0K(283136K) From: 64K(512K)->64K(512K)
[336.198s][info][gc,heap        ] GC(911) ParOldGen: 591028K(591360K)->591036K(591360K)
[336.198s][info][gc,metaspace   ] GC(911) Metaspace: 35384K(36032K)->35384K(36032K) NonClass: 29113K(29568K)->29113K(29568K) Class: 6271K(6464K)->6271K(6464K)
[336.198s][info][gc             ] GC(911) Pause Young (Allocation Failure) 865M->577M(854M) 2.582ms
[336.198s][info][gc,cpu         ] GC(911) User=0.00s Sys=0.00s Real=0.00s
[336.717s][info][gc,start       ] GC(912) Pause Young (Allocation Failure)
[336.719s][info][gc,heap        ] GC(912) PSYoungGen: 283200K(283648K)->64K(282112K) Eden: 283136K(283136K)->0K(271872K) From: 64K(512K)->64K(10240K)
[336.720s][info][gc,heap        ] GC(912) ParOldGen: 591036K(591360K)->591044K(591360K)
[336.720s][info][gc,metaspace   ] GC(912) Metaspace: 35384K(36032K)->35384K(36032K) NonClass: 29113K(29568K)->29113K(29568K) Class: 6271K(6464K)->6271K(6464K)
[336.720s][info][gc             ] GC(912) Pause Young (Allocation Failure) 853M->577M(853M) 2.121ms
[336.720s][info][gc,cpu         ] GC(912) User=0.00s Sys=0.00s Real=0.00s
[337.750s][info][gc,start       ] GC(913) Pause Young (Allocation Failure)
[337.752s][info][gc,heap        ] GC(913) PSYoungGen: 271936K(282112K)->64K(261632K) Eden: 271872K(271872K)->0K(261120K) From: 64K(10240K)->64K(512K)
[337.752s][info][gc,heap        ] GC(913) ParOldGen: 591044K(591360K)->591052K(591360K)
[337.752s][info][gc,metaspace   ] GC(913) Metaspace: 35384K(36032K)->35384K(36032K) NonClass: 29113K(29568K)->29113K(29568K) Class: 6271K(6464K)->6271K(6464K)
[337.752s][info][gc             ] GC(913) Pause Young (Allocation Failure) 842M->577M(833M) 2.785ms
[337.752s][info][gc,cpu         ] GC(913) User=0.01s Sys=0.00s Real=0.00s
[338.148s][info][gc,start       ] GC(914) Pause Young (Allocation Failure)
[338.150s][info][gc,heap        ] GC(914) PSYoungGen: 261184K(261632K)->64K(259584K) Eden: 261120K(261120K)->0K(250880K) From: 64K(512K)->64K(8704K)
[338.150s][info][gc,heap        ] GC(914) ParOldGen: 591052K(591360K)->591060K(591360K)
[338.150s][info][gc,metaspace   ] GC(914) Metaspace: 35384K(36032K)->35384K(36032K) NonClass: 29113K(29568K)->29113K(29568K) Class: 6271K(6464K)->6271K(6464K)
[338.150s][info][gc             ] GC(914) Pause Young (Allocation Failure) 832M->577M(831M) 2.266ms
[338.150s][info][gc,cpu         ] GC(914) User=0.00s Sys=0.00s Real=0.00s
[338.314s][info][gc,start       ] GC(915) Pause Young (Allocation Failure)
[338.318s][info][gc,heap        ] GC(915) PSYoungGen: 250944K(259584K)->64K(241664K) Eden: 250880K(250880K)->0K(241152K) From: 64K(8704K)->64K(512K)
[338.318s][info][gc,heap        ] GC(915) ParOldGen: 591060K(591360K)->591068K(591360K)
[338.318s][info][gc,metaspace   ] GC(915) Metaspace: 35384K(36032K)->35384K(36032K) NonClass: 29113K(29568K)->29113K(29568K) Class: 6271K(6464K)->6271K(6464K)
[338.318s][info][gc             ] GC(915) Pause Young (Allocation Failure) 822M->577M(813M) 3.694ms
[338.318s][info][gc,cpu         ] GC(915) User=0.00s Sys=0.00s Real=0.01s
[338.540s][info][gc,start       ] GC(916) Pause Young (Allocation Failure)
[338.543s][info][gc,heap        ] GC(916) PSYoungGen: 241216K(241664K)->64K(239616K) Eden: 241152K(241152K)->0K(231936K) From: 64K(512K)->64K(7680K)
[338.543s][info][gc,heap        ] GC(916) ParOldGen: 591068K(591360K)->591076K(591360K)
[338.543s][info][gc,metaspace   ] GC(916) Metaspace: 35384K(36032K)->35384K(36032K) NonClass: 29113K(29568K)->29113K(29568K) Class: 6271K(6464K)->6271K(6464K)
[338.543s][info][gc             ] GC(916) Pause Young (Allocation Failure) 812M->577M(811M) 2.533ms
[338.543s][info][gc,cpu         ] GC(916) User=0.00s Sys=0.00s Real=0.00s
[339.117s][info][gc,start       ] GC(917) Pause Young (Allocation Failure)
[339.122s][info][gc,heap        ] GC(917) PSYoungGen: 232000K(239616K)->64K(223744K) Eden: 231936K(231936K)->0K(223232K) From: 64K(7680K)->64K(512K)
[339.122s][info][gc,heap        ] GC(917) ParOldGen: 591076K(591360K)->591084K(591360K)
[339.122s][info][gc,metaspace   ] GC(917) Metaspace: 35384K(36032K)->35384K(36032K) NonClass: 29113K(29568K)->29113K(29568K) Class: 6271K(6464K)->6271K(6464K)
[339.122s][info][gc             ] GC(917) Pause Young (Allocation Failure) 803M->577M(796M) 4.694ms
[339.122s][info][gc,cpu         ] GC(917) User=0.01s Sys=0.00s Real=0.00s
[339.352s][info][gc,start       ] GC(918) Pause Young (Allocation Failure)
[339.356s][info][gc,heap        ] GC(918) PSYoungGen: 223296K(223744K)->32K(274944K) Eden: 223232K(223232K)->0K(268288K) From: 64K(512K)->32K(6656K)
[339.356s][info][gc,heap        ] GC(918) ParOldGen: 591084K(591360K)->591092K(591360K)
[339.356s][info][gc,metaspace   ] GC(918) Metaspace: 35384K(36032K)->35384K(36032K) NonClass: 29113K(29568K)->29113K(29568K) Class: 6271K(6464K)->6271K(6464K)
[339.356s][info][gc             ] GC(918) Pause Young (Allocation Failure) 795M->577M(846M) 4.059ms
[339.356s][info][gc,cpu         ] GC(918) User=0.01s Sys=0.00s Real=0.01s
[339.732s][info][gc,start       ] GC(919) Pause Young (Allocation Failure)
[339.786s][info][gc,heap        ] GC(919) PSYoungGen: 268320K(274944K)->6144K(271872K) Eden: 268288K(268288K)->0K(265728K) From: 32K(6656K)->6144K(6144K)
[339.786s][info][gc,heap        ] GC(919) ParOldGen: 591092K(591360K)->607908K(608256K)
[339.786s][info][gc,metaspace   ] GC(919) Metaspace: 35384K(36032K)->35384K(36032K) NonClass: 29113K(29568K)->29113K(29568K) Class: 6271K(6464K)->6271K(6464K)
[339.786s][info][gc             ] GC(919) Pause Young (Allocation Failure) 839M->599M(859M) 53.766ms
[339.786s][info][gc,cpu         ] GC(919) User=0.09s Sys=0.01s Real=0.06s
[340.112s][info][gc,start       ] GC(920) Pause Young (Allocation Failure)
[340.177s][info][gc,heap        ] GC(920) PSYoungGen: 271872K(271872K)->13824K(279552K) Eden: 265728K(265728K)->0K(265728K) From: 6144K(6144K)->13824K(13824K)
[340.177s][info][gc,heap        ] GC(920) ParOldGen: 607908K(608256K)->622836K(623104K)
[340.177s][info][gc,metaspace   ] GC(920) Metaspace: 35384K(36032K)->35384K(36032K) NonClass: 29113K(29568K)->29113K(29568K) Class: 6271K(6464K)->6271K(6464K)
[340.177s][info][gc             ] GC(920) Pause Young (Allocation Failure) 859M->621M(881M) 65.339ms
[340.177s][info][gc,cpu         ] GC(920) User=0.11s Sys=0.01s Real=0.07s
[340.404s][info][gc,start       ] GC(921) Pause Young (Allocation Failure)
[340.449s][info][gc,heap        ] GC(921) PSYoungGen: 279552K(279552K)->17888K(305152K) Eden: 265728K(265728K)->0K(282624K) From: 13824K(13824K)->17888K(22528K)
[340.449s][info][gc,heap        ] GC(921) ParOldGen: 622836K(623104K)->623380K(623616K)
[340.450s][info][gc,metaspace   ] GC(921) Metaspace: 35384K(36032K)->35384K(36032K) NonClass: 29113K(29568K)->29113K(29568K) Class: 6271K(6464K)->6271K(6464K)
[340.450s][info][gc             ] GC(921) Pause Young (Allocation Failure) 881M->626M(907M) 45.476ms
[340.450s][info][gc,cpu         ] GC(921) User=0.07s Sys=0.02s Real=0.05s
[340.676s][info][gc,start       ] GC(922) Pause Young (Allocation Failure)
[340.678s][info][gc,heap        ] GC(922) PSYoungGen: 300512K(305152K)->64K(308224K) Eden: 282624K(282624K)->0K(282624K) From: 17888K(22528K)->64K(25600K)
[340.678s][info][gc,heap        ] GC(922) ParOldGen: 623380K(623616K)->623388K(623616K)
[340.678s][info][gc,metaspace   ] GC(922) Metaspace: 35384K(36032K)->35384K(36032K) NonClass: 29113K(29568K)->29113K(29568K) Class: 6271K(6464K)->6271K(6464K)
[340.678s][info][gc             ] GC(922) Pause Young (Allocation Failure) 902M->608M(910M) 2.304ms
[340.678s][info][gc,cpu         ] GC(922) User=0.00s Sys=0.00s Real=0.00s
[341.457s][info][gc,start       ] GC(923) Pause Young (Allocation Failure)
[341.459s][info][gc,heap        ] GC(923) PSYoungGen: 282688K(308224K)->64K(306176K) Eden: 282624K(282624K)->0K(283648K) From: 64K(25600K)->64K(22528K)
[341.459s][info][gc,heap        ] GC(923) ParOldGen: 623388K(623616K)->623404K(623616K)
[341.459s][info][gc,metaspace   ] GC(923) Metaspace: 35384K(36032K)->35384K(36032K) NonClass: 29113K(29568K)->29113K(29568K) Class: 6271K(6464K)->6271K(6464K)
[341.460s][info][gc             ] GC(923) Pause Young (Allocation Failure) 884M->608M(908M) 2.434ms
[341.460s][info][gc,cpu         ] GC(923) User=0.00s Sys=0.00s Real=0.00s
[341.763s][info][gc,start       ] GC(924) Pause Young (Allocation Failure)
[341.765s][info][gc,heap        ] GC(924) PSYoungGen: 283712K(306176K)->64K(307712K) Eden: 283648K(283648K)->0K(283648K) From: 64K(22528K)->64K(24064K)
[341.765s][info][gc,heap        ] GC(924) ParOldGen: 623404K(623616K)->623412K(623616K)
[341.765s][info][gc,metaspace   ] GC(924) Metaspace: 35386K(36032K)->35386K(36032K) NonClass: 29115K(29568K)->29115K(29568K) Class: 6271K(6464K)->6271K(6464K)
[341.765s][info][gc             ] GC(924) Pause Young (Allocation Failure) 885M->608M(909M) 2.402ms
[341.765s][info][gc,cpu         ] GC(924) User=0.01s Sys=0.00s Real=0.01s
[342.213s][info][gc,start       ] GC(925) Pause Young (Allocation Failure)
[342.215s][info][gc,heap        ] GC(925) PSYoungGen: 283712K(307712K)->64K(307200K) Eden: 283648K(283648K)->0K(286720K) From: 64K(24064K)->64K(20480K)
[342.215s][info][gc,heap        ] GC(925) ParOldGen: 623412K(623616K)->623428K(623616K)
[342.215s][info][gc,metaspace   ] GC(925) Metaspace: 35386K(36032K)->35386K(36032K) NonClass: 29115K(29568K)->29115K(29568K) Class: 6271K(6464K)->6271K(6464K)
[342.215s][info][gc             ] GC(925) Pause Young (Allocation Failure) 885M->608M(909M) 2.354ms
[342.215s][info][gc,cpu         ] GC(925) User=0.01s Sys=0.00s Real=0.01s
[342.431s][info][gc,start       ] GC(926) Pause Young (Allocation Failure)
[342.433s][info][gc,heap        ] GC(926) PSYoungGen: 286784K(307200K)->64K(308736K) Eden: 286720K(286720K)->0K(286720K) From: 64K(20480K)->64K(22016K)
[342.433s][info][gc,heap        ] GC(926) ParOldGen: 623428K(623616K)->623444K(623616K)
[342.433s][info][gc,metaspace   ] GC(926) Metaspace: 35386K(36032K)->35386K(36032K) NonClass: 29115K(29568K)->29115K(29568K) Class: 6271K(6464K)->6271K(6464K)
[342.433s][info][gc             ] GC(926) Pause Young (Allocation Failure) 888M->608M(910M) 2.225ms
[342.433s][info][gc,cpu         ] GC(926) User=0.00s Sys=0.00s Real=0.00s
[342.647s][info][gc,start       ] GC(927) Pause Young (Allocation Failure)
[342.649s][info][gc,heap        ] GC(927) PSYoungGen: 286784K(308736K)->64K(309248K) Eden: 286720K(286720K)->0K(290816K) From: 64K(22016K)->64K(18432K)
[342.649s][info][gc,heap        ] GC(927) ParOldGen: 623444K(623616K)->623444K(623616K)
[342.649s][info][gc,metaspace   ] GC(927) Metaspace: 35386K(36032K)->35386K(36032K) NonClass: 29115K(29568K)->29115K(29568K) Class: 6271K(6464K)->6271K(6464K)
[342.649s][info][gc             ] GC(927) Pause Young (Allocation Failure) 888M->608M(911M) 2.311ms
[342.649s][info][gc,cpu         ] GC(927) User=0.00s Sys=0.00s Real=0.00s
[342.972s][info][gc,start       ] GC(928) Pause Young (Allocation Failure)
[342.974s][info][gc,heap        ] GC(928) PSYoungGen: 290880K(309248K)->64K(310784K) Eden: 290816K(290816K)->0K(290816K) From: 64K(18432K)->64K(19968K)
[342.974s][info][gc,heap        ] GC(928) ParOldGen: 623444K(623616K)->623444K(623616K)
[342.974s][info][gc,metaspace   ] GC(928) Metaspace: 35386K(36032K)->35386K(36032K) NonClass: 29115K(29568K)->29115K(29568K) Class: 6271K(6464K)->6271K(6464K)
[342.974s][info][gc             ] GC(928) Pause Young (Allocation Failure) 892M->608M(912M) 2.243ms
[342.974s][info][gc,cpu         ] GC(928) User=0.01s Sys=0.00s Real=0.00s
[343.031s][info][gc,start       ] GC(929) Pause Young (Allocation Failure)
[343.033s][info][gc,heap        ] GC(929) PSYoungGen: 290880K(310784K)->32K(311296K) Eden: 290816K(290816K)->0K(294912K) From: 64K(19968K)->32K(16384K)
[343.033s][info][gc,heap        ] GC(929) ParOldGen: 623444K(623616K)->623460K(623616K)
[343.033s][info][gc,metaspace   ] GC(929) Metaspace: 35386K(36032K)->35386K(36032K) NonClass: 29115K(29568K)->29115K(29568K) Class: 6271K(6464K)->6271K(6464K)
[343.033s][info][gc             ] GC(929) Pause Young (Allocation Failure) 892M->608M(913M) 2.277ms
[343.033s][info][gc,cpu         ] GC(929) User=0.00s Sys=0.00s Real=0.00s
[343.117s][info][gc,start       ] GC(930) Pause Young (Allocation Failure)
[343.119s][info][gc,heap        ] GC(930) PSYoungGen: 294944K(311296K)->64K(312832K) Eden: 294912K(294912K)->0K(294912K) From: 32K(16384K)->64K(17920K)
[343.119s][info][gc,heap        ] GC(930) ParOldGen: 623460K(623616K)->623460K(623616K)
[343.119s][info][gc,metaspace   ] GC(930) Metaspace: 35386K(36032K)->35386K(36032K) NonClass: 29115K(29568K)->29115K(29568K) Class: 6271K(6464K)->6271K(6464K)
[343.119s][info][gc             ] GC(930) Pause Young (Allocation Failure) 896M->608M(914M) 2.236ms
[343.119s][info][gc,cpu         ] GC(930) User=0.00s Sys=0.00s Real=0.00s
[343.398s][info][gc,start       ] GC(931) Pause Young (Allocation Failure)
[343.400s][info][gc,heap        ] GC(931) PSYoungGen: 294976K(312832K)->32K(313344K) Eden: 294912K(294912K)->0K(299008K) From: 64K(17920K)->32K(14336K)
[343.400s][info][gc,heap        ] GC(931) ParOldGen: 623460K(623616K)->623476K(623616K)
[343.400s][info][gc,metaspace   ] GC(931) Metaspace: 35386K(36032K)->35386K(36032K) NonClass: 29115K(29568K)->29115K(29568K) Class: 6271K(6464K)->6271K(6464K)
[343.400s][info][gc             ] GC(931) Pause Young (Allocation Failure) 896M->608M(915M) 2.327ms
[343.400s][info][gc,cpu         ] GC(931) User=0.01s Sys=0.00s Real=0.00s
[343.637s][info][gc,start       ] GC(932) Pause Young (Allocation Failure)
[343.639s][info][gc,heap        ] GC(932) PSYoungGen: 299040K(313344K)->64K(314880K) Eden: 299008K(299008K)->0K(299008K) From: 32K(14336K)->64K(15872K)
[343.639s][info][gc,heap        ] GC(932) ParOldGen: 623476K(623616K)->623476K(623616K)
[343.639s][info][gc,metaspace   ] GC(932) Metaspace: 35386K(36032K)->35386K(36032K) NonClass: 29115K(29568K)->29115K(29568K) Class: 6271K(6464K)->6271K(6464K)
[343.639s][info][gc             ] GC(932) Pause Young (Allocation Failure) 900M->608M(916M) 2.329ms
[343.639s][info][gc,cpu         ] GC(932) User=0.00s Sys=0.00s Real=0.00s
[343.728s][info][gc,start       ] GC(933) Pause Young (Allocation Failure)
[343.730s][info][gc,heap        ] GC(933) PSYoungGen: 299072K(314880K)->64K(316416K) Eden: 299008K(299008K)->0K(303104K) From: 64K(15872K)->64K(13312K)
[343.730s][info][gc,heap        ] GC(933) ParOldGen: 623476K(623616K)->623484K(623616K)
[343.730s][info][gc,metaspace   ] GC(933) Metaspace: 35386K(36032K)->35386K(36032K) NonClass: 29115K(29568K)->29115K(29568K) Class: 6271K(6464K)->6271K(6464K)
[343.730s][info][gc             ] GC(933) Pause Young (Allocation Failure) 900M->608M(918M) 2.289ms
[343.730s][info][gc,cpu         ] GC(933) User=0.01s Sys=0.00s Real=0.00s
[343.884s][info][gc,start       ] GC(934) Pause Young (Allocation Failure)
[343.886s][info][gc,heap        ] GC(934) PSYoungGen: 303168K(316416K)->64K(317440K) Eden: 303104K(303104K)->0K(303104K) From: 64K(13312K)->64K(14336K)
[343.886s][info][gc,heap        ] GC(934) ParOldGen: 623484K(623616K)->623492K(623616K)
[343.886s][info][gc,metaspace   ] GC(934) Metaspace: 35386K(36032K)->35386K(36032K) NonClass: 29115K(29568K)->29115K(29568K) Class: 6271K(6464K)->6271K(6464K)
[343.887s][info][gc             ] GC(934) Pause Young (Allocation Failure) 904M->608M(919M) 2.345ms
[343.887s][info][gc,cpu         ] GC(934) User=0.00s Sys=0.00s Real=0.01s
[344.313s][info][gc,start       ] GC(935) Pause Young (Allocation Failure)
[344.315s][info][gc,heap        ] GC(935) PSYoungGen: 303168K(317440K)->64K(317440K) Eden: 303104K(303104K)->0K(306176K) From: 64K(14336K)->64K(11264K)
[344.315s][info][gc,heap        ] GC(935) ParOldGen: 623492K(623616K)->623500K(623616K)
[344.315s][info][gc,metaspace   ] GC(935) Metaspace: 35386K(36032K)->35386K(36032K) NonClass: 29115K(29568K)->29115K(29568K) Class: 6271K(6464K)->6271K(6464K)
[344.315s][info][gc             ] GC(935) Pause Young (Allocation Failure) 904M->608M(919M) 2.372ms
[344.315s][info][gc,cpu         ] GC(935) User=0.01s Sys=0.00s Real=0.01s
[345.109s][info][gc,start       ] GC(936) Pause Young (Allocation Failure)
[345.111s][info][gc,heap        ] GC(936) PSYoungGen: 306240K(317440K)->64K(318464K) Eden: 306176K(306176K)->0K(306176K) From: 64K(11264K)->64K(12288K)
[345.111s][info][gc,heap        ] GC(936) ParOldGen: 623500K(623616K)->623508K(623616K)
[345.111s][info][gc,metaspace   ] GC(936) Metaspace: 35386K(36032K)->35386K(36032K) NonClass: 29115K(29568K)->29115K(29568K) Class: 6271K(6464K)->6271K(6464K)
[345.112s][info][gc             ] GC(936) Pause Young (Allocation Failure) 907M->608M(920M) 2.327ms
[345.112s][info][gc,cpu         ] GC(936) User=0.00s Sys=0.00s Real=0.00s
[346.181s][info][gc,start       ] GC(937) Pause Young (Allocation Failure)
[346.184s][info][gc,heap        ] GC(937) PSYoungGen: 306240K(318464K)->64K(294400K) Eden: 306176K(306176K)->0K(293888K) From: 64K(12288K)->64K(512K)
[346.184s][info][gc,heap        ] GC(937) ParOldGen: 623508K(623616K)->623516K(623616K)
[346.184s][info][gc,metaspace   ] GC(937) Metaspace: 35386K(36032K)->35386K(36032K) NonClass: 29115K(29568K)->29115K(29568K) Class: 6271K(6464K)->6271K(6464K)
[346.184s][info][gc             ] GC(937) Pause Young (Allocation Failure) 907M->608M(896M) 2.742ms
[346.184s][info][gc,cpu         ] GC(937) User=0.00s Sys=0.00s Real=0.00s
[346.713s][info][gc,start       ] GC(938) Pause Young (Allocation Failure)
[346.715s][info][gc,heap        ] GC(938) PSYoungGen: 293952K(294400K)->64K(292864K) Eden: 293888K(293888K)->0K(282112K) From: 64K(512K)->64K(10752K)
[346.715s][info][gc,heap        ] GC(938) ParOldGen: 623516K(623616K)->623524K(623616K)
[346.715s][info][gc,metaspace   ] GC(938) Metaspace: 35386K(36032K)->35386K(36032K) NonClass: 29115K(29568K)->29115K(29568K) Class: 6271K(6464K)->6271K(6464K)
[346.715s][info][gc             ] GC(938) Pause Young (Allocation Failure) 895M->608M(895M) 2.235ms
[346.715s][info][gc,cpu         ] GC(938) User=0.00s Sys=0.00s Real=0.01s
[347.790s][info][gc,start       ] GC(939) Pause Young (Allocation Failure)
[347.793s][info][gc,heap        ] GC(939) PSYoungGen: 282176K(292864K)->64K(271360K) Eden: 282112K(282112K)->0K(270848K) From: 64K(10752K)->64K(512K)
[347.793s][info][gc,heap        ] GC(939) ParOldGen: 623524K(623616K)->623532K(623616K)
[347.793s][info][gc,metaspace   ] GC(939) Metaspace: 35386K(36032K)->35386K(36032K) NonClass: 29115K(29568K)->29115K(29568K) Class: 6271K(6464K)->6271K(6464K)
[347.793s][info][gc             ] GC(939) Pause Young (Allocation Failure) 884M->608M(874M) 3.105ms
[347.793s][info][gc,cpu         ] GC(939) User=0.00s Sys=0.00s Real=0.00s
[348.231s][info][gc,start       ] GC(940) Pause Young (Allocation Failure)
[348.233s][info][gc,heap        ] GC(940) PSYoungGen: 270912K(271360K)->64K(269312K) Eden: 270848K(270848K)->0K(260096K) From: 64K(512K)->64K(9216K)
[348.233s][info][gc,heap        ] GC(940) ParOldGen: 623532K(623616K)->623540K(623616K)
[348.233s][info][gc,metaspace   ] GC(940) Metaspace: 35386K(36032K)->35386K(36032K) NonClass: 29115K(29568K)->29115K(29568K) Class: 6271K(6464K)->6271K(6464K)
[348.233s][info][gc             ] GC(940) Pause Young (Allocation Failure) 873M->608M(872M) 2.395ms
[348.233s][info][gc,cpu         ] GC(940) User=0.00s Sys=0.00s Real=0.00s
[348.434s][info][gc,start       ] GC(941) Pause Young (Allocation Failure)
[348.437s][info][gc,heap        ] GC(941) PSYoungGen: 260160K(269312K)->64K(250368K) Eden: 260096K(260096K)->0K(249856K) From: 64K(9216K)->64K(512K)
[348.437s][info][gc,heap        ] GC(941) ParOldGen: 623540K(623616K)->623548K(623616K)
[348.437s][info][gc,metaspace   ] GC(941) Metaspace: 35386K(36032K)->35386K(36032K) NonClass: 29115K(29568K)->29115K(29568K) Class: 6271K(6464K)->6271K(6464K)
[348.437s][info][gc             ] GC(941) Pause Young (Allocation Failure) 862M->608M(853M) 2.994ms
[348.437s][info][gc,cpu         ] GC(941) User=0.01s Sys=0.00s Real=0.01s
[348.531s][info][gc,start       ] GC(942) Pause Young (Allocation Failure)
[348.533s][info][gc,heap        ] GC(942) PSYoungGen: 249920K(250368K)->64K(296448K) Eden: 249856K(249856K)->0K(288256K) From: 64K(512K)->64K(8192K)
[348.533s][info][gc,heap        ] GC(942) ParOldGen: 623548K(623616K)->623556K(623616K)
[348.533s][info][gc,metaspace   ] GC(942) Metaspace: 35386K(36032K)->35386K(36032K) NonClass: 29115K(29568K)->29115K(29568K) Class: 6271K(6464K)->6271K(6464K)
[348.533s][info][gc             ] GC(942) Pause Young (Allocation Failure) 852M->609M(898M) 2.101ms
[348.533s][info][gc,cpu         ] GC(942) User=0.00s Sys=0.00s Real=0.00s
[349.231s][info][gc,start       ] GC(943) Pause Young (Allocation Failure)
[349.233s][info][gc,heap        ] GC(943) PSYoungGen: 288320K(296448K)->64K(277504K) Eden: 288256K(288256K)->0K(276992K) From: 64K(8192K)->64K(512K)
[349.233s][info][gc,heap        ] GC(943) ParOldGen: 623556K(623616K)->623564K(623616K)
[349.233s][info][gc,metaspace   ] GC(943) Metaspace: 35386K(36032K)->35386K(36032K) NonClass: 29115K(29568K)->29115K(29568K) Class: 6271K(6464K)->6271K(6464K)
[349.233s][info][gc             ] GC(943) Pause Young (Allocation Failure) 890M->609M(880M) 2.340ms
[349.233s][info][gc,cpu         ] GC(943) User=0.00s Sys=0.00s Real=0.00s
[349.564s][info][gc,start       ] GC(944) Pause Young (Allocation Failure)
[349.566s][info][gc,heap        ] GC(944) PSYoungGen: 277056K(277504K)->64K(273408K) Eden: 276992K(276992K)->0K(266240K) From: 64K(512K)->64K(7168K)
[349.566s][info][gc,heap        ] GC(944) ParOldGen: 623564K(623616K)->623572K(623616K)
[349.566s][info][gc,metaspace   ] GC(944) Metaspace: 35386K(36032K)->35386K(36032K) NonClass: 29115K(29568K)->29115K(29568K) Class: 6271K(6464K)->6271K(6464K)
[349.566s][info][gc             ] GC(944) Pause Young (Allocation Failure) 879M->609M(876M) 2.324ms
[349.566s][info][gc,cpu         ] GC(944) User=0.00s Sys=0.00s Real=0.01s
[349.888s][info][gc,start       ] GC(945) Pause Young (Allocation Failure)
[349.947s][info][gc,heap        ] GC(945) PSYoungGen: 266304K(273408K)->6656K(291840K) Eden: 266240K(266240K)->0K(285184K) From: 64K(7168K)->6656K(6656K)
[349.947s][info][gc,heap        ] GC(945) ParOldGen: 623572K(623616K)->644924K(645120K)
[349.947s][info][gc,metaspace   ] GC(945) Metaspace: 35386K(36032K)->35386K(36032K) NonClass: 29115K(29568K)->29115K(29568K) Class: 6271K(6464K)->6271K(6464K)
[349.947s][info][gc             ] GC(945) Pause Young (Allocation Failure) 869M->636M(915M) 59.477ms
[349.947s][info][gc,cpu         ] GC(945) User=0.11s Sys=0.02s Real=0.06s
[350.287s][info][gc,start       ] GC(946) Pause Young (Allocation Failure)
[350.356s][info][gc,heap        ] GC(946) PSYoungGen: 291840K(291840K)->16384K(301568K) Eden: 285184K(285184K)->0K(285184K) From: 6656K(6656K)->16384K(16384K)
[350.356s][info][gc,heap        ] GC(946) ParOldGen: 644924K(645120K)->659516K(659968K)
[350.356s][info][gc,metaspace   ] GC(946) Metaspace: 35386K(36032K)->35386K(36032K) NonClass: 29115K(29568K)->29115K(29568K) Class: 6271K(6464K)->6271K(6464K)
[350.356s][info][gc             ] GC(946) Pause Young (Allocation Failure) 914M->660M(939M) 69.136ms
[350.356s][info][gc,cpu         ] GC(946) User=0.13s Sys=0.00s Real=0.07s
[350.525s][info][gc,start       ] GC(947) Pause Full (Allocation Failure)
[350.525s][info][gc,phases,start] GC(947) Marking Phase
[350.587s][info][gc,phases      ] GC(947) Marking Phase 62.845ms
[350.588s][info][gc,phases,start] GC(947) Summary Phase
[350.588s][info][gc,phases      ] GC(947) Summary Phase 0.032ms
[350.588s][info][gc,phases,start] GC(947) Forward
[350.610s][info][gc,phases      ] GC(947) Forward 22.225ms
[350.610s][info][gc,phases,start] GC(947) Adjust Pointers
[350.643s][info][gc,phases      ] GC(947) Adjust Pointers 33.418ms
[350.643s][info][gc,phases,start] GC(947) Compaction Phase
[350.659s][info][gc,phases      ] GC(947) Compaction Phase 15.788ms
[350.659s][info][gc,phases,start] GC(947) Post Compact
[350.666s][info][gc,phases      ] GC(947) Post Compact 7.111ms
[350.708s][info][gc,heap        ] GC(947) PSYoungGen: 301568K(301568K)->0K(308736K) Eden: 285184K(285184K)->0K(283648K) From: 16384K(16384K)->0K(25088K)
[350.708s][info][gc,heap        ] GC(947) ParOldGen: 659516K(659968K)->68283K(175104K)
[350.708s][info][gc,metaspace   ] GC(947) Metaspace: 35386K(36032K)->35386K(36032K) NonClass: 29115K(29568K)->29115K(29568K) Class: 6271K(6464K)->6271K(6464K)
[350.708s][info][gc             ] GC(947) Pause Full (Allocation Failure) 938M->66M(472M) 183.773ms
[350.708s][info][gc,cpu         ] GC(947) User=0.22s Sys=0.04s Real=0.18s
[351.145s][info][gc,start       ] GC(948) Pause Young (Allocation Failure)
[351.149s][info][gc,heap        ] GC(948) PSYoungGen: 283648K(308736K)->64K(284160K) Eden: 283648K(283648K)->0K(283648K) From: 0K(25088K)->64K(512K)
[351.149s][info][gc,heap        ] GC(948) ParOldGen: 68283K(175104K)->68283K(175104K)
[351.149s][info][gc,metaspace   ] GC(948) Metaspace: 35387K(36032K)->35387K(36032K) NonClass: 29116K(29568K)->29116K(29568K) Class: 6271K(6464K)->6271K(6464K)
[351.149s][info][gc             ] GC(948) Pause Young (Allocation Failure) 343M->66M(448M) 4.050ms
[351.149s][info][gc,cpu         ] GC(948) User=0.00s Sys=0.00s Real=0.00s
[351.784s][info][gc,start       ] GC(949) Pause Young (Allocation Failure)
[351.784s][info][gc,heap        ] GC(949) PSYoungGen: 283712K(284160K)->64K(308224K) Eden: 283648K(283648K)->0K(284160K) From: 64K(512K)->64K(24064K)
[351.784s][info][gc,heap        ] GC(949) ParOldGen: 68283K(175104K)->68291K(175104K)
[351.784s][info][gc,metaspace   ] GC(949) Metaspace: 35387K(36032K)->35387K(36032K) NonClass: 29116K(29568K)->29116K(29568K) Class: 6271K(6464K)->6271K(6464K)
[351.784s][info][gc             ] GC(949) Pause Young (Allocation Failure) 343M->66M(472M) 0.907ms
[351.785s][info][gc,cpu         ] GC(949) User=0.01s Sys=0.00s Real=0.01s
[352.248s][info][gc,start       ] GC(950) Pause Young (Allocation Failure)
[352.249s][info][gc,heap        ] GC(950) PSYoungGen: 284224K(308224K)->64K(307712K) Eden: 284160K(284160K)->0K(284160K) From: 64K(24064K)->64K(23552K)
[352.249s][info][gc,heap        ] GC(950) ParOldGen: 68291K(175104K)->68307K(175104K)
[352.249s][info][gc,metaspace   ] GC(950) Metaspace: 35387K(36032K)->35387K(36032K) NonClass: 29116K(29568K)->29116K(29568K) Class: 6271K(6464K)->6271K(6464K)
[352.249s][info][gc             ] GC(950) Pause Young (Allocation Failure) 344M->66M(471M) 0.897ms
[352.249s][info][gc,cpu         ] GC(950) User=0.01s Sys=0.00s Real=0.00s
[352.466s][info][gc,start       ] GC(951) Pause Young (Allocation Failure)
[352.467s][info][gc,heap        ] GC(951) PSYoungGen: 284224K(307712K)->64K(309248K) Eden: 284160K(284160K)->0K(287232K) From: 64K(23552K)->64K(22016K)
[352.467s][info][gc,heap        ] GC(951) ParOldGen: 68307K(175104K)->68323K(175104K)
[352.467s][info][gc,metaspace   ] GC(951) Metaspace: 35387K(36032K)->35387K(36032K) NonClass: 29116K(29568K)->29116K(29568K) Class: 6271K(6464K)->6271K(6464K)
[352.467s][info][gc             ] GC(951) Pause Young (Allocation Failure) 344M->66M(473M) 0.825ms
[352.467s][info][gc,cpu         ] GC(951) User=0.00s Sys=0.00s Real=0.00s
[352.679s][info][gc,start       ] GC(952) Pause Young (Allocation Failure)
[352.680s][info][gc,heap        ] GC(952) PSYoungGen: 287296K(309248K)->64K(308736K) Eden: 287232K(287232K)->0K(287232K) From: 64K(22016K)->64K(21504K)
[352.680s][info][gc,heap        ] GC(952) ParOldGen: 68323K(175104K)->68323K(175104K)
[352.680s][info][gc,metaspace   ] GC(952) Metaspace: 35387K(36032K)->35387K(36032K) NonClass: 29116K(29568K)->29116K(29568K) Class: 6271K(6464K)->6271K(6464K)
[352.680s][info][gc             ] GC(952) Pause Young (Allocation Failure) 347M->66M(472M) 0.888ms
[352.680s][info][gc,cpu         ] GC(952) User=0.00s Sys=0.00s Real=0.00s
[353.044s][info][gc,start       ] GC(953) Pause Young (Allocation Failure)
[353.044s][info][gc,heap        ] GC(953) PSYoungGen: 287296K(308736K)->64K(311296K) Eden: 287232K(287232K)->0K(291328K) From: 64K(21504K)->64K(19968K)
[353.044s][info][gc,heap        ] GC(953) ParOldGen: 68323K(175104K)->68323K(175104K)
[353.044s][info][gc,metaspace   ] GC(953) Metaspace: 35387K(36032K)->35387K(36032K) NonClass: 29116K(29568K)->29116K(29568K) Class: 6271K(6464K)->6271K(6464K)
[353.044s][info][gc             ] GC(953) Pause Young (Allocation Failure) 347M->66M(475M) 0.761ms
[353.044s][info][gc,cpu         ] GC(953) User=0.01s Sys=0.00s Real=0.00s
[353.182s][info][gc,start       ] GC(954) Pause Young (Allocation Failure)
[353.182s][info][gc,heap        ] GC(954) PSYoungGen: 291392K(311296K)->64K(310784K) Eden: 291328K(291328K)->0K(291328K) From: 64K(19968K)->64K(19456K)
[353.182s][info][gc,heap        ] GC(954) ParOldGen: 68323K(175104K)->68331K(175104K)
[353.182s][info][gc,metaspace   ] GC(954) Metaspace: 35387K(36032K)->35387K(36032K) NonClass: 29116K(29568K)->29116K(29568K) Class: 6271K(6464K)->6271K(6464K)
[353.182s][info][gc             ] GC(954) Pause Young (Allocation Failure) 351M->66M(474M) 0.845ms
[353.182s][info][gc,cpu         ] GC(954) User=0.00s Sys=0.00s Real=0.00s
[353.240s][info][gc,start       ] GC(955) Pause Young (Allocation Failure)
[353.240s][info][gc,heap        ] GC(955) PSYoungGen: 291391K(310784K)->64K(313344K) Eden: 291327K(291328K)->0K(295424K) From: 64K(19456K)->64K(17920K)
[353.240s][info][gc,heap        ] GC(955) ParOldGen: 68331K(175104K)->68347K(175104K)
[353.240s][info][gc,metaspace   ] GC(955) Metaspace: 35387K(36032K)->35387K(36032K) NonClass: 29116K(29568K)->29116K(29568K) Class: 6271K(6464K)->6271K(6464K)
[353.240s][info][gc             ] GC(955) Pause Young (Allocation Failure) 351M->66M(477M) 0.765ms
[353.240s][info][gc,cpu         ] GC(955) User=0.00s Sys=0.00s Real=0.00s
[353.392s][info][gc,start       ] GC(956) Pause Young (Allocation Failure)
[353.393s][info][gc,heap        ] GC(956) PSYoungGen: 295487K(313344K)->64K(312832K) Eden: 295423K(295424K)->0K(295424K) From: 64K(17920K)->64K(17408K)
[353.393s][info][gc,heap        ] GC(956) ParOldGen: 68347K(175104K)->68347K(175104K)
[353.393s][info][gc,metaspace   ] GC(956) Metaspace: 35387K(36032K)->35387K(36032K) NonClass: 29116K(29568K)->29116K(29568K) Class: 6271K(6464K)->6271K(6464K)
[353.393s][info][gc             ] GC(956) Pause Young (Allocation Failure) 355M->66M(476M) 0.847ms
[353.393s][info][gc,cpu         ] GC(956) User=0.00s Sys=0.00s Real=0.00s
[353.674s][info][gc,start       ] GC(957) Pause Young (Allocation Failure)
[353.675s][info][gc,heap        ] GC(957) PSYoungGen: 295488K(312832K)->64K(284160K) Eden: 295424K(295424K)->0K(283648K) From: 64K(17408K)->64K(512K)
[353.675s][info][gc,heap        ] GC(957) ParOldGen: 68347K(175104K)->68355K(175104K)
[353.675s][info][gc,metaspace   ] GC(957) Metaspace: 35387K(36032K)->35387K(36032K) NonClass: 29116K(29568K)->29116K(29568K) Class: 6271K(6464K)->6271K(6464K)
[353.675s][info][gc             ] GC(957) Pause Young (Allocation Failure) 355M->66M(448M) 0.752ms
[353.675s][info][gc,cpu         ] GC(957) User=0.00s Sys=0.00s Real=0.01s
[353.854s][info][gc,start       ] GC(958) Pause Young (Allocation Failure)
[353.855s][info][gc,heap        ] GC(958) PSYoungGen: 283712K(284160K)->64K(287744K) Eden: 283648K(283648K)->0K(272384K) From: 64K(512K)->64K(15360K)
[353.855s][info][gc,heap        ] GC(958) ParOldGen: 68355K(175104K)->68363K(175104K)
[353.855s][info][gc,metaspace   ] GC(958) Metaspace: 35387K(36032K)->35387K(36032K) NonClass: 29116K(29568K)->29116K(29568K) Class: 6271K(6464K)->6271K(6464K)
[353.855s][info][gc             ] GC(958) Pause Young (Allocation Failure) 343M->66M(452M) 0.844ms
[353.855s][info][gc,cpu         ] GC(958) User=0.00s Sys=0.00s Real=0.01s
[353.935s][info][gc,start       ] GC(959) Pause Young (Allocation Failure)
[353.937s][info][gc,heap        ] GC(959) PSYoungGen: 272448K(287744K)->64K(262144K) Eden: 272384K(272384K)->0K(261632K) From: 64K(15360K)->64K(512K)
[353.937s][info][gc,heap        ] GC(959) ParOldGen: 68363K(175104K)->68379K(175104K)
[353.937s][info][gc,metaspace   ] GC(959) Metaspace: 35387K(36032K)->35387K(36032K) NonClass: 29116K(29568K)->29116K(29568K) Class: 6271K(6464K)->6271K(6464K)
[353.937s][info][gc             ] GC(959) Pause Young (Allocation Failure) 332M->66M(427M) 1.610ms
[353.937s][info][gc,cpu         ] GC(959) User=0.00s Sys=0.00s Real=0.00s
[354.080s][info][gc,start       ] GC(960) Pause Young (Allocation Failure)
[354.081s][info][gc,heap        ] GC(960) PSYoungGen: 261696K(262144K)->64K(264704K) Eden: 261632K(261632K)->0K(251392K) From: 64K(512K)->64K(13312K)
[354.081s][info][gc,heap        ] GC(960) ParOldGen: 68379K(175104K)->68379K(175104K)
[354.081s][info][gc,metaspace   ] GC(960) Metaspace: 35387K(36032K)->35387K(36032K) NonClass: 29116K(29568K)->29116K(29568K) Class: 6271K(6464K)->6271K(6464K)
[354.081s][info][gc             ] GC(960) Pause Young (Allocation Failure) 322M->66M(429M) 1.234ms
[354.081s][info][gc,cpu         ] GC(960) User=0.00s Sys=0.00s Real=0.00s
[354.373s][info][gc,start       ] GC(961) Pause Young (Allocation Failure)
[354.375s][info][gc,heap        ] GC(961) PSYoungGen: 251456K(264704K)->64K(242176K) Eden: 251392K(251392K)->0K(241664K) From: 64K(13312K)->64K(512K)
[354.375s][info][gc,heap        ] GC(961) ParOldGen: 68379K(175104K)->68387K(175104K)
[354.375s][info][gc,metaspace   ] GC(961) Metaspace: 35387K(36032K)->35387K(36032K) NonClass: 29116K(29568K)->29116K(29568K) Class: 6271K(6464K)->6271K(6464K)
[354.375s][info][gc             ] GC(961) Pause Young (Allocation Failure) 312M->66M(407M) 2.432ms
[354.375s][info][gc,cpu         ] GC(961) User=0.00s Sys=0.00s Real=0.01s
[355.323s][info][gc,start       ] GC(962) Pause Young (Allocation Failure)
[355.325s][info][gc,heap        ] GC(962) PSYoungGen: 241728K(242176K)->83K(244224K) Eden: 241664K(241664K)->0K(232448K) From: 64K(512K)->83K(11776K)
[355.325s][info][gc,heap        ] GC(962) ParOldGen: 68387K(175104K)->68395K(175104K)
[355.325s][info][gc,metaspace   ] GC(962) Metaspace: 35387K(36032K)->35387K(36032K) NonClass: 29116K(29568K)->29116K(29568K) Class: 6271K(6464K)->6271K(6464K)
[355.325s][info][gc             ] GC(962) Pause Young (Allocation Failure) 302M->66M(409M) 1.234ms
[355.325s][info][gc,cpu         ] GC(962) User=0.00s Sys=0.01s Real=0.01s
[356.224s][info][gc,start       ] GC(963) Pause Young (Allocation Failure)
[356.226s][info][gc,heap        ] GC(963) PSYoungGen: 232531K(244224K)->64K(224256K) Eden: 232448K(232448K)->0K(223744K) From: 83K(11776K)->64K(512K)
[356.226s][info][gc,heap        ] GC(963) ParOldGen: 68395K(175104K)->68403K(175104K)
[356.226s][info][gc,metaspace   ] GC(963) Metaspace: 35387K(36032K)->35387K(36032K) NonClass: 29116K(29568K)->29116K(29568K) Class: 6271K(6464K)->6271K(6464K)
[356.226s][info][gc             ] GC(963) Pause Young (Allocation Failure) 293M->66M(390M) 1.874ms
[356.226s][info][gc,cpu         ] GC(963) User=0.00s Sys=0.00s Real=0.01s
[356.384s][info][gc,start       ] GC(964) Pause Young (Allocation Failure)
[356.385s][info][gc,heap        ] GC(964) PSYoungGen: 223808K(224256K)->64K(225792K) Eden: 223744K(223744K)->0K(215552K) From: 64K(512K)->64K(10240K)
[356.385s][info][gc,heap        ] GC(964) ParOldGen: 68403K(175104K)->68411K(175104K)
[356.385s][info][gc,metaspace   ] GC(964) Metaspace: 35387K(36032K)->35387K(36032K) NonClass: 29116K(29568K)->29116K(29568K) Class: 6271K(6464K)->6271K(6464K)
[356.385s][info][gc             ] GC(964) Pause Young (Allocation Failure) 285M->66M(391M) 0.774ms
[356.385s][info][gc,cpu         ] GC(964) User=0.00s Sys=0.00s Real=0.01s
[356.779s][info][gc,start       ] GC(965) Pause Young (Allocation Failure)
[356.781s][info][gc,heap        ] GC(965) PSYoungGen: 215616K(225792K)->64K(207872K) Eden: 215552K(215552K)->0K(207360K) From: 64K(10240K)->64K(512K)
[356.781s][info][gc,heap        ] GC(965) ParOldGen: 68411K(175104K)->68427K(175104K)
[356.781s][info][gc,metaspace   ] GC(965) Metaspace: 35387K(36032K)->35387K(36032K) NonClass: 29116K(29568K)->29116K(29568K) Class: 6271K(6464K)->6271K(6464K)
[356.781s][info][gc             ] GC(965) Pause Young (Allocation Failure) 277M->66M(374M) 1.906ms
[356.781s][info][gc,cpu         ] GC(965) User=0.00s Sys=0.00s Real=0.00s
[357.010s][info][gc,start       ] GC(966) Pause Young (Allocation Failure)
[357.011s][info][gc,heap        ] GC(966) PSYoungGen: 207424K(207872K)->64K(208896K) Eden: 207360K(207360K)->0K(199680K) From: 64K(512K)->64K(9216K)
[357.011s][info][gc,heap        ] GC(966) ParOldGen: 68427K(175104K)->68435K(175104K)
[357.011s][info][gc,metaspace   ] GC(966) Metaspace: 35387K(36032K)->35387K(36032K) NonClass: 29116K(29568K)->29116K(29568K) Class: 6271K(6464K)->6271K(6464K)
[357.011s][info][gc             ] GC(966) Pause Young (Allocation Failure) 269M->66M(375M) 1.129ms
[357.012s][info][gc,cpu         ] GC(966) User=0.00s Sys=0.00s Real=0.00s
[357.873s][info][gc,start       ] GC(967) Pause Young (Allocation Failure)
[357.875s][info][gc,heap        ] GC(967) PSYoungGen: 199744K(208896K)->64K(193024K) Eden: 199680K(199680K)->0K(192512K) From: 64K(9216K)->64K(512K)
[357.875s][info][gc,heap        ] GC(967) ParOldGen: 68435K(175104K)->68443K(175104K)
[357.875s][info][gc,metaspace   ] GC(967) Metaspace: 35387K(36032K)->35387K(36032K) NonClass: 29116K(29568K)->29116K(29568K) Class: 6271K(6464K)->6271K(6464K)
[357.875s][info][gc             ] GC(967) Pause Young (Allocation Failure) 261M->66M(359M) 1.922ms
[357.875s][info][gc,cpu         ] GC(967) User=0.00s Sys=0.00s Real=0.01s
[358.177s][info][gc,start       ] GC(968) Pause Young (Allocation Failure)
[358.178s][info][gc,heap        ] GC(968) PSYoungGen: 192576K(193024K)->64K(193536K) Eden: 192512K(192512K)->0K(185856K) From: 64K(512K)->64K(7680K)
[358.178s][info][gc,heap        ] GC(968) ParOldGen: 68443K(175104K)->68451K(175104K)
[358.178s][info][gc,metaspace   ] GC(968) Metaspace: 35387K(36032K)->35387K(36032K) NonClass: 29116K(29568K)->29116K(29568K) Class: 6271K(6464K)->6271K(6464K)
[358.178s][info][gc             ] GC(968) Pause Young (Allocation Failure) 254M->66M(360M) 1.106ms
[358.178s][info][gc,cpu         ] GC(968) User=0.00s Sys=0.00s Real=0.00s
[358.335s][info][gc,start       ] GC(969) Pause Young (Allocation Failure)
[358.337s][info][gc,heap        ] GC(969) PSYoungGen: 185920K(193536K)->64K(179712K) Eden: 185856K(185856K)->0K(179200K) From: 64K(7680K)->64K(512K)
[358.337s][info][gc,heap        ] GC(969) ParOldGen: 68451K(175104K)->68459K(175104K)
[358.337s][info][gc,metaspace   ] GC(969) Metaspace: 35387K(36032K)->35387K(36032K) NonClass: 29116K(29568K)->29116K(29568K) Class: 6271K(6464K)->6271K(6464K)
[358.337s][info][gc             ] GC(969) Pause Young (Allocation Failure) 248M->66M(346M) 1.763ms
[358.337s][info][gc,cpu         ] GC(969) User=0.00s Sys=0.00s Real=0.00s
[358.379s][info][gc,start       ] GC(970) Pause Young (Allocation Failure)
[358.380s][info][gc,heap        ] GC(970) PSYoungGen: 179264K(179712K)->32K(179712K) Eden: 179200K(179200K)->0K(173056K) From: 64K(512K)->32K(6656K)
[358.380s][info][gc,heap        ] GC(970) ParOldGen: 68459K(175104K)->68475K(175104K)
[358.380s][info][gc,metaspace   ] GC(970) Metaspace: 35387K(36032K)->35387K(36032K) NonClass: 29116K(29568K)->29116K(29568K) Class: 6271K(6464K)->6271K(6464K)
[358.380s][info][gc             ] GC(970) Pause Young (Allocation Failure) 241M->66M(346M) 1.135ms
[358.380s][info][gc,cpu         ] GC(970) User=0.00s Sys=0.00s Real=0.00s
[358.511s][info][gc,start       ] GC(971) Pause Young (Allocation Failure)
[358.512s][info][gc,heap        ] GC(971) PSYoungGen: 173088K(179712K)->64K(167424K) Eden: 173056K(173056K)->0K(166912K) From: 32K(6656K)->64K(512K)
[358.512s][info][gc,heap        ] GC(971) ParOldGen: 68475K(175104K)->68475K(175104K)
[358.512s][info][gc,metaspace   ] GC(971) Metaspace: 35387K(36032K)->35387K(36032K) NonClass: 29116K(29568K)->29116K(29568K) Class: 6271K(6464K)->6271K(6464K)
[358.512s][info][gc             ] GC(971) Pause Young (Allocation Failure) 235M->66M(334M) 1.684ms
[358.512s][info][gc,cpu         ] GC(971) User=0.00s Sys=0.00s Real=0.00s
[358.941s][info][gc,start       ] GC(972) Pause Young (Allocation Failure)
[358.942s][info][gc,heap        ] GC(972) PSYoungGen: 166976K(167424K)->64K(166912K) Eden: 166912K(166912K)->0K(161280K) From: 64K(512K)->64K(5632K)
[358.942s][info][gc,heap        ] GC(972) ParOldGen: 68475K(175104K)->68491K(175104K)
[358.942s][info][gc,metaspace   ] GC(972) Metaspace: 35387K(36032K)->35387K(36032K) NonClass: 29116K(29568K)->29116K(29568K) Class: 6271K(6464K)->6271K(6464K)
[358.942s][info][gc             ] GC(972) Pause Young (Allocation Failure) 229M->66M(334M) 1.132ms
[358.942s][info][gc,cpu         ] GC(972) User=0.00s Sys=0.00s Real=0.00s
[359.087s][info][gc,start       ] GC(973) Pause Young (Allocation Failure)
[359.089s][info][gc,heap        ] GC(973) PSYoungGen: 161344K(166912K)->64K(156160K) Eden: 161280K(161280K)->0K(155648K) From: 64K(5632K)->64K(512K)
[359.089s][info][gc,heap        ] GC(973) ParOldGen: 68491K(175104K)->68491K(175104K)
[359.089s][info][gc,metaspace   ] GC(973) Metaspace: 35387K(36032K)->35387K(36032K) NonClass: 29116K(29568K)->29116K(29568K) Class: 6271K(6464K)->6271K(6464K)
[359.089s][info][gc             ] GC(973) Pause Young (Allocation Failure) 224M->66M(323M) 1.640ms
[359.089s][info][gc,cpu         ] GC(973) User=0.00s Sys=0.01s Real=0.00s
[359.278s][info][gc,start       ] GC(974) Pause Young (Allocation Failure)
[359.280s][info][gc,heap        ] GC(974) PSYoungGen: 155712K(156160K)->64K(155648K) Eden: 155648K(155648K)->0K(150528K) From: 64K(512K)->64K(5120K)
[359.280s][info][gc,heap        ] GC(974) ParOldGen: 68491K(175104K)->68507K(175104K)
[359.280s][info][gc,metaspace   ] GC(974) Metaspace: 35387K(36032K)->35387K(36032K) NonClass: 29116K(29568K)->29116K(29568K) Class: 6271K(6464K)->6271K(6464K)
[359.280s][info][gc             ] GC(974) Pause Young (Allocation Failure) 218M->66M(323M) 1.087ms
[359.280s][info][gc,cpu         ] GC(974) User=0.00s Sys=0.00s Real=0.00s
[359.474s][info][gc,start       ] GC(975) Pause Young (Allocation Failure)
[359.494s][info][gc,heap        ] GC(975) PSYoungGen: 150592K(155648K)->4608K(184832K) Eden: 150528K(150528K)->0K(180224K) From: 64K(5120K)->4608K(4608K)
[359.494s][info][gc,heap        ] GC(975) ParOldGen: 68507K(175104K)->75179K(175104K)
[359.494s][info][gc,metaspace   ] GC(975) Metaspace: 35387K(36032K)->35387K(36032K) NonClass: 29116K(29568K)->29116K(29568K) Class: 6271K(6464K)->6271K(6464K)
[359.494s][info][gc             ] GC(975) Pause Young (Allocation Failure) 213M->77M(351M) 20.821ms
[359.494s][info][gc,cpu         ] GC(975) User=0.03s Sys=0.00s Real=0.03s
[359.681s][info][gc,start       ] GC(976) Pause Young (Allocation Failure)
[359.717s][info][gc,heap        ] GC(976) PSYoungGen: 184832K(184832K)->8192K(224768K) Eden: 180224K(180224K)->0K(216576K) From: 4608K(4608K)->8192K(8192K)
[359.717s][info][gc,heap        ] GC(976) ParOldGen: 75179K(175104K)->86315K(175104K)
[359.717s][info][gc,metaspace   ] GC(976) Metaspace: 35387K(36032K)->35387K(36032K) NonClass: 29116K(29568K)->29116K(29568K) Class: 6271K(6464K)->6271K(6464K)
[359.717s][info][gc             ] GC(976) Pause Young (Allocation Failure) 253M->92M(390M) 36.806ms
[359.717s][info][gc,cpu         ] GC(976) User=0.07s Sys=0.00s Real=0.04s
[359.943s][info][gc,start       ] GC(977) Pause Young (Allocation Failure)
[359.988s][info][gc,heap        ] GC(977) PSYoungGen: 224768K(224768K)->9216K(224768K) Eden: 216576K(216576K)->0K(215552K) From: 8192K(8192K)->9216K(9216K)
[359.988s][info][gc,heap        ] GC(977) ParOldGen: 86315K(175104K)->100435K(175104K)
[359.988s][info][gc,metaspace   ] GC(977) Metaspace: 35387K(36032K)->35387K(36032K) NonClass: 29116K(29568K)->29116K(29568K) Class: 6271K(6464K)->6271K(6464K)
[359.988s][info][gc             ] GC(977) Pause Young (Allocation Failure) 303M->107M(390M) 44.131ms
[359.988s][info][gc,cpu         ] GC(977) User=0.08s Sys=0.00s Real=0.05s
[360.156s][info][gc,start       ] GC(978) Pause Young (Allocation Failure)
[360.185s][info][gc,heap        ] GC(978) PSYoungGen: 224768K(224768K)->15680K(236032K) Eden: 215552K(215552K)->0K(215552K) From: 9216K(9216K)->15680K(20480K)
[360.185s][info][gc,heap        ] GC(978) ParOldGen: 100435K(175104K)->100963K(175104K)
[360.185s][info][gc,metaspace   ] GC(978) Metaspace: 35387K(36032K)->35387K(36032K) NonClass: 29116K(29568K)->29116K(29568K) Class: 6271K(6464K)->6271K(6464K)
[360.185s][info][gc             ] GC(978) Pause Young (Allocation Failure) 317M->113M(401M) 28.949ms
[360.185s][info][gc,cpu         ] GC(978) User=0.06s Sys=0.00s Real=0.03s
[360.252s][info][gc,start       ] GC(979) Pause Young (Allocation Failure)
[360.253s][info][gc,heap        ] GC(979) PSYoungGen: 231232K(236032K)->64K(281088K) Eden: 215552K(215552K)->0K(259072K) From: 15680K(20480K)->64K(22016K)
[360.253s][info][gc,heap        ] GC(979) ParOldGen: 100963K(175104K)->100971K(175104K)
[360.253s][info][gc,metaspace   ] GC(979) Metaspace: 35387K(36032K)->35387K(36032K) NonClass: 29116K(29568K)->29116K(29568K) Class: 6271K(6464K)->6271K(6464K)
[360.253s][info][gc             ] GC(979) Pause Young (Allocation Failure) 324M->98M(445M) 0.944ms
[360.253s][info][gc,cpu         ] GC(979) User=0.00s Sys=0.00s Real=0.00s
[360.779s][info][gc,start       ] GC(980) Pause Young (Allocation Failure)
[360.780s][info][gc,heap        ] GC(980) PSYoungGen: 259136K(281088K)->64K(281600K) Eden: 259072K(259072K)->0K(259072K) From: 64K(22016K)->64K(22528K)
[360.780s][info][gc,heap        ] GC(980) ParOldGen: 100971K(175104K)->100987K(175104K)
[360.780s][info][gc,metaspace   ] GC(980) Metaspace: 35387K(36032K)->35387K(36032K) NonClass: 29116K(29568K)->29116K(29568K) Class: 6271K(6464K)->6271K(6464K)
[360.780s][info][gc             ] GC(980) Pause Young (Allocation Failure) 351M->98M(446M) 1.347ms
[360.780s][info][gc,cpu         ] GC(980) User=0.00s Sys=0.00s Real=0.00s
[361.219s][info][gc,start       ] GC(981) Pause Young (Allocation Failure)
[361.221s][info][gc,heap        ] GC(981) PSYoungGen: 259136K(281600K)->64K(310784K) Eden: 259072K(259072K)->0K(289792K) From: 64K(22528K)->64K(20992K)
[361.221s][info][gc,heap        ] GC(981) ParOldGen: 100987K(175104K)->101003K(175104K)
[361.221s][info][gc,metaspace   ] GC(981) Metaspace: 35387K(36032K)->35387K(36032K) NonClass: 29116K(29568K)->29116K(29568K) Class: 6271K(6464K)->6271K(6464K)
[361.221s][info][gc             ] GC(981) Pause Young (Allocation Failure) 351M->98M(474M) 1.357ms
[361.221s][info][gc,cpu         ] GC(981) User=0.00s Sys=0.01s Real=0.00s
[361.638s][info][gc,start       ] GC(982) Pause Young (Allocation Failure)
[361.639s][info][gc,heap        ] GC(982) PSYoungGen: 289856K(310784K)->32K(310784K) Eden: 289792K(289792K)->0K(289792K) From: 64K(20992K)->32K(20992K)
[361.639s][info][gc,heap        ] GC(982) ParOldGen: 101003K(175104K)->101011K(175104K)
[361.639s][info][gc,metaspace   ] GC(982) Metaspace: 35387K(36032K)->35387K(36032K) NonClass: 29116K(29568K)->29116K(29568K) Class: 6271K(6464K)->6271K(6464K)
[361.639s][info][gc             ] GC(982) Pause Young (Allocation Failure) 381M->98M(474M) 1.298ms
[361.639s][info][gc,cpu         ] GC(982) User=0.00s Sys=0.00s Real=0.00s
[361.824s][info][gc,start       ] GC(983) Pause Young (Allocation Failure)
[361.825s][info][gc,heap        ] GC(983) PSYoungGen: 289824K(310784K)->32K(312320K) Eden: 289792K(289792K)->0K(292352K) From: 32K(20992K)->32K(19968K)
[361.825s][info][gc,heap        ] GC(983) ParOldGen: 101011K(175104K)->101027K(175104K)
[361.825s][info][gc,metaspace   ] GC(983) Metaspace: 35387K(36032K)->35387K(36032K) NonClass: 29116K(29568K)->29116K(29568K) Class: 6271K(6464K)->6271K(6464K)
[361.825s][info][gc             ] GC(983) Pause Young (Allocation Failure) 381M->98M(476M) 1.256ms
[361.825s][info][gc,cpu         ] GC(983) User=0.01s Sys=0.00s Real=0.01s
[362.013s][info][gc,start       ] GC(984) Pause Young (Allocation Failure)
[362.015s][info][gc,heap        ] GC(984) PSYoungGen: 292384K(312320K)->64K(311808K) Eden: 292352K(292352K)->0K(292352K) From: 32K(19968K)->64K(19456K)
[362.015s][info][gc,heap        ] GC(984) ParOldGen: 101027K(175104K)->101027K(175104K)
[362.015s][info][gc,metaspace   ] GC(984) Metaspace: 35387K(36032K)->35387K(36032K) NonClass: 29116K(29568K)->29116K(29568K) Class: 6271K(6464K)->6271K(6464K)
[362.015s][info][gc             ] GC(984) Pause Young (Allocation Failure) 384M->98M(475M) 1.316ms
[362.015s][info][gc,cpu         ] GC(984) User=0.00s Sys=0.00s Real=0.01s
[362.338s][info][gc,start       ] GC(985) Pause Young (Allocation Failure)
[362.339s][info][gc,heap        ] GC(985) PSYoungGen: 292416K(311808K)->64K(313344K) Eden: 292352K(292352K)->0K(295424K) From: 64K(19456K)->64K(17920K)
[362.339s][info][gc,heap        ] GC(985) ParOldGen: 101027K(175104K)->101027K(175104K)
[362.339s][info][gc,metaspace   ] GC(985) Metaspace: 35387K(36032K)->35387K(36032K) NonClass: 29116K(29568K)->29116K(29568K) Class: 6271K(6464K)->6271K(6464K)
[362.339s][info][gc             ] GC(985) Pause Young (Allocation Failure) 384M->98M(477M) 1.295ms
[362.339s][info][gc,cpu         ] GC(985) User=0.00s Sys=0.00s Real=0.00s
[362.410s][info][gc,start       ] GC(986) Pause Young (Allocation Failure)
[362.412s][info][gc,heap        ] GC(986) PSYoungGen: 295488K(313344K)->64K(312832K) Eden: 295424K(295424K)->0K(295424K) From: 64K(17920K)->64K(17408K)
[362.412s][info][gc,heap        ] GC(986) ParOldGen: 101027K(175104K)->101043K(175104K)
[362.412s][info][gc,metaspace   ] GC(986) Metaspace: 35400K(36096K)->35400K(36096K) NonClass: 29129K(29632K)->29129K(29632K) Class: 6271K(6464K)->6271K(6464K)
[362.412s][info][gc             ] GC(986) Pause Young (Allocation Failure) 387M->98M(476M) 1.310ms
[362.412s][info][gc,cpu         ] GC(986) User=0.00s Sys=0.00s Real=0.00s
[362.466s][info][gc,start       ] GC(987) Pause Young (Allocation Failure)
[362.467s][info][gc,heap        ] GC(987) PSYoungGen: 295488K(312832K)->64K(315392K) Eden: 295424K(295424K)->0K(299008K) From: 64K(17408K)->64K(16384K)
[362.467s][info][gc,heap        ] GC(987) ParOldGen: 101043K(175104K)->101059K(175104K)
[362.467s][info][gc,metaspace   ] GC(987) Metaspace: 35400K(36096K)->35400K(36096K) NonClass: 29129K(29632K)->29129K(29632K) Class: 6271K(6464K)->6271K(6464K)
[362.467s][info][gc             ] GC(987) Pause Young (Allocation Failure) 387M->98M(479M) 0.888ms
[362.467s][info][gc,cpu         ] GC(987) User=0.00s Sys=0.00s Real=0.00s
[362.658s][info][gc,start       ] GC(988) Pause Young (Allocation Failure)
[362.659s][info][gc,heap        ] GC(988) PSYoungGen: 299072K(315392K)->64K(314880K) Eden: 299008K(299008K)->0K(299008K) From: 64K(16384K)->64K(15872K)
[362.659s][info][gc,heap        ] GC(988) ParOldGen: 101059K(175104K)->101059K(175104K)
[362.659s][info][gc,metaspace   ] GC(988) Metaspace: 35400K(36096K)->35400K(36096K) NonClass: 29129K(29632K)->29129K(29632K) Class: 6271K(6464K)->6271K(6464K)
[362.659s][info][gc             ] GC(988) Pause Young (Allocation Failure) 390M->98M(478M) 0.805ms
[362.659s][info][gc,cpu         ] GC(988) User=0.00s Sys=0.00s Real=0.00s
[362.890s][info][gc,start       ] GC(989) Pause Young (Allocation Failure)
[362.891s][info][gc,heap        ] GC(989) PSYoungGen: 299072K(314880K)->64K(316928K) Eden: 299008K(299008K)->0K(302592K) From: 64K(15872K)->64K(14336K)
[362.891s][info][gc,heap        ] GC(989) ParOldGen: 101059K(175104K)->101067K(175104K)
[362.891s][info][gc,metaspace   ] GC(989) Metaspace: 35402K(36096K)->35402K(36096K) NonClass: 29130K(29632K)->29130K(29632K) Class: 6271K(6464K)->6271K(6464K)
[362.891s][info][gc             ] GC(989) Pause Young (Allocation Failure) 390M->98M(480M) 0.817ms
[362.891s][info][gc,cpu         ] GC(989) User=0.00s Sys=0.00s Real=0.00s
[363.018s][info][gc,start       ] GC(990) Pause Young (Allocation Failure)
[363.019s][info][gc,heap        ] GC(990) PSYoungGen: 302656K(316928K)->64K(290816K) Eden: 302592K(302592K)->0K(290304K) From: 64K(14336K)->64K(512K)
[363.019s][info][gc,heap        ] GC(990) ParOldGen: 101067K(175104K)->101075K(175104K)
[363.019s][info][gc,metaspace   ] GC(990) Metaspace: 35402K(36096K)->35402K(36096K) NonClass: 29130K(29632K)->29130K(29632K) Class: 6271K(6464K)->6271K(6464K)
[363.019s][info][gc             ] GC(990) Pause Young (Allocation Failure) 394M->98M(455M) 0.830ms
[363.019s][info][gc,cpu         ] GC(990) User=0.00s Sys=0.00s Real=0.00s
[363.103s][info][gc,start       ] GC(991) Pause Young (Allocation Failure)
[363.103s][info][gc,heap        ] GC(991) PSYoungGen: 290368K(290816K)->64K(279040K) Eden: 290304K(290304K)->0K(278528K) From: 64K(512K)->64K(512K)
[363.103s][info][gc,heap        ] GC(991) ParOldGen: 101075K(175104K)->101083K(175104K)
[363.103s][info][gc,metaspace   ] GC(991) Metaspace: 35402K(36096K)->35402K(36096K) NonClass: 29130K(29632K)->29130K(29632K) Class: 6271K(6464K)->6271K(6464K)
[363.103s][info][gc             ] GC(991) Pause Young (Allocation Failure) 382M->98M(443M) 0.879ms
[363.103s][info][gc,cpu         ] GC(991) User=0.00s Sys=0.00s Real=0.00s
[363.280s][info][gc,start       ] GC(992) Pause Young (Allocation Failure)
[363.280s][info][gc,heap        ] GC(992) PSYoungGen: 278592K(279040K)->64K(280064K) Eden: 278528K(278528K)->0K(267776K) From: 64K(512K)->64K(12288K)
[363.280s][info][gc,heap        ] GC(992) ParOldGen: 101083K(175104K)->101091K(175104K)
[363.280s][info][gc,metaspace   ] GC(992) Metaspace: 35402K(36096K)->35402K(36096K) NonClass: 29130K(29632K)->29130K(29632K) Class: 6271K(6464K)->6271K(6464K)
[363.280s][info][gc             ] GC(992) Pause Young (Allocation Failure) 370M->98M(444M) 0.803ms
[363.280s][info][gc,cpu         ] GC(992) User=0.00s Sys=0.00s Real=0.00s
[364.213s][info][gc,start       ] GC(993) Pause Young (Allocation Failure)
[364.215s][info][gc,heap        ] GC(993) PSYoungGen: 267840K(280064K)->83K(258048K) Eden: 267776K(267776K)->0K(257536K) From: 64K(12288K)->83K(512K)
[364.215s][info][gc,heap        ] GC(993) ParOldGen: 101091K(175104K)->101099K(175104K)
[364.215s][info][gc,metaspace   ] GC(993) Metaspace: 35402K(36096K)->35402K(36096K) NonClass: 29130K(29632K)->29130K(29632K) Class: 6271K(6464K)->6271K(6464K)
[364.215s][info][gc             ] GC(993) Pause Young (Allocation Failure) 360M->98M(423M) 1.646ms
[364.215s][info][gc,cpu         ] GC(993) User=0.00s Sys=0.01s Real=0.01s
[364.783s][info][gc,start       ] GC(994) Pause Young (Allocation Failure)
[364.784s][info][gc,heap        ] GC(994) PSYoungGen: 257619K(258048K)->64K(258560K) Eden: 257536K(257536K)->0K(247808K) From: 83K(512K)->64K(10752K)
[364.784s][info][gc,heap        ] GC(994) ParOldGen: 101099K(175104K)->101107K(175104K)
[364.784s][info][gc,metaspace   ] GC(994) Metaspace: 35402K(36096K)->35402K(36096K) NonClass: 29130K(29632K)->29130K(29632K) Class: 6271K(6464K)->6271K(6464K)
[364.784s][info][gc             ] GC(994) Pause Young (Allocation Failure) 350M->98M(423M) 0.922ms
[364.784s][info][gc,cpu         ] GC(994) User=0.00s Sys=0.00s Real=0.00s
[365.177s][info][gc,start       ] GC(995) Pause Young (Allocation Failure)
[365.179s][info][gc,heap        ] GC(995) PSYoungGen: 247872K(258560K)->64K(238592K) Eden: 247808K(247808K)->0K(238080K) From: 64K(10752K)->64K(512K)
[365.179s][info][gc,heap        ] GC(995) ParOldGen: 101107K(175104K)->101115K(175104K)
[365.179s][info][gc,metaspace   ] GC(995) Metaspace: 35402K(36096K)->35402K(36096K) NonClass: 29130K(29632K)->29130K(29632K) Class: 6271K(6464K)->6271K(6464K)
[365.179s][info][gc             ] GC(995) Pause Young (Allocation Failure) 340M->98M(404M) 2.102ms
[365.179s][info][gc,cpu         ] GC(995) User=0.00s Sys=0.00s Real=0.00s
[365.561s][info][gc,start       ] GC(996) Pause Young (Allocation Failure)
[365.562s][info][gc,heap        ] GC(996) PSYoungGen: 238144K(238592K)->64K(238080K) Eden: 238080K(238080K)->0K(228864K) From: 64K(512K)->64K(9216K)
[365.562s][info][gc,heap        ] GC(996) ParOldGen: 101115K(175104K)->101131K(175104K)
[365.562s][info][gc,metaspace   ] GC(996) Metaspace: 35402K(36096K)->35402K(36096K) NonClass: 29130K(29632K)->29130K(29632K) Class: 6271K(6464K)->6271K(6464K)
[365.562s][info][gc             ] GC(996) Pause Young (Allocation Failure) 331M->98M(403M) 1.281ms
[365.562s][info][gc,cpu         ] GC(996) User=0.00s Sys=0.00s Real=0.00s
[365.966s][info][gc,start       ] GC(997) Pause Young (Allocation Failure)
[365.968s][info][gc,heap        ] GC(997) PSYoungGen: 228928K(238080K)->64K(220672K) Eden: 228864K(228864K)->0K(220160K) From: 64K(9216K)->64K(512K)
[365.968s][info][gc,heap        ] GC(997) ParOldGen: 101131K(175104K)->101139K(175104K)
[365.968s][info][gc,metaspace   ] GC(997) Metaspace: 35402K(36096K)->35402K(36096K) NonClass: 29130K(29632K)->29130K(29632K) Class: 6271K(6464K)->6271K(6464K)
[365.968s][info][gc             ] GC(997) Pause Young (Allocation Failure) 322M->98M(386M) 2.118ms
[365.968s][info][gc,cpu         ] GC(997) User=0.01s Sys=0.00s Real=0.00s
[366.682s][info][gc,start       ] GC(998) Pause Young (Allocation Failure)
[366.683s][info][gc,heap        ] GC(998) PSYoungGen: 220224K(220672K)->64K(220160K) Eden: 220160K(220160K)->0K(211968K) From: 64K(512K)->64K(8192K)
[366.683s][info][gc,heap        ] GC(998) ParOldGen: 101139K(175104K)->101147K(175104K)
[366.683s][info][gc,metaspace   ] GC(998) Metaspace: 35402K(36096K)->35402K(36096K) NonClass: 29130K(29632K)->29130K(29632K) Class: 6271K(6464K)->6271K(6464K)
[366.684s][info][gc             ] GC(998) Pause Young (Allocation Failure) 313M->98M(386M) 1.259ms
[366.684s][info][gc,cpu         ] GC(998) User=0.00s Sys=0.00s Real=0.00s
[366.978s][info][gc,start       ] GC(999) Pause Young (Allocation Failure)
[366.980s][info][gc,heap        ] GC(999) PSYoungGen: 212032K(220160K)->64K(204800K) Eden: 211968K(211968K)->0K(204288K) From: 64K(8192K)->64K(512K)
[366.980s][info][gc,heap        ] GC(999) ParOldGen: 101147K(175104K)->101155K(175104K)
[366.980s][info][gc,metaspace   ] GC(999) Metaspace: 35402K(36096K)->35402K(36096K) NonClass: 29130K(29632K)->29130K(29632K) Class: 6271K(6464K)->6271K(6464K)
[366.980s][info][gc             ] GC(999) Pause Young (Allocation Failure) 305M->98M(371M) 1.921ms
[366.980s][info][gc,cpu         ] GC(999) User=0.00s Sys=0.00s Real=0.00s
[367.122s][info][gc,start       ] GC(1000) Pause Young (Allocation Failure)
[367.123s][info][gc,heap        ] GC(1000) PSYoungGen: 204352K(204800K)->32K(203776K) Eden: 204288K(204288K)->0K(196608K) From: 64K(512K)->32K(7168K)
[367.123s][info][gc,heap        ] GC(1000) ParOldGen: 101155K(175104K)->101163K(175104K)
[367.123s][info][gc,metaspace   ] GC(1000) Metaspace: 35402K(36096K)->35402K(36096K) NonClass: 29130K(29632K)->29130K(29632K) Class: 6271K(6464K)->6271K(6464K)
[367.123s][info][gc             ] GC(1000) Pause Young (Allocation Failure) 298M->98M(370M) 1.229ms
[367.123s][info][gc,cpu         ] GC(1000) User=0.01s Sys=0.00s Real=0.00s
[367.182s][info][gc,start       ] GC(1001) Pause Young (Allocation Failure)
[367.183s][info][gc,heap        ] GC(1001) PSYoungGen: 196640K(203776K)->32K(189952K) Eden: 196608K(196608K)->0K(189440K) From: 32K(7168K)->32K(512K)
[367.183s][info][gc,heap        ] GC(1001) ParOldGen: 101163K(175104K)->101171K(175104K)
[367.183s][info][gc,metaspace   ] GC(1001) Metaspace: 35402K(36096K)->35402K(36096K) NonClass: 29130K(29632K)->29130K(29632K) Class: 6271K(6464K)->6271K(6464K)
[367.183s][info][gc             ] GC(1001) Pause Young (Allocation Failure) 290M->98M(356M) 1.726ms
[367.183s][info][gc,cpu         ] GC(1001) User=0.01s Sys=0.00s Real=0.00s
[367.540s][info][gc,start       ] GC(1002) Pause Young (Allocation Failure)
[367.541s][info][gc,heap        ] GC(1002) PSYoungGen: 189472K(189952K)->64K(188928K) Eden: 189440K(189440K)->0K(182784K) From: 32K(512K)->64K(6144K)
[367.541s][info][gc,heap        ] GC(1002) ParOldGen: 101171K(175104K)->101179K(175104K)
[367.541s][info][gc,metaspace   ] GC(1002) Metaspace: 35402K(36096K)->35402K(36096K) NonClass: 29130K(29632K)->29130K(29632K) Class: 6271K(6464K)->6271K(6464K)
[367.541s][info][gc             ] GC(1002) Pause Young (Allocation Failure) 283M->98M(355M) 0.805ms
[367.541s][info][gc,cpu         ] GC(1002) User=0.00s Sys=0.00s Real=0.00s
[367.841s][info][gc,start       ] GC(1003) Pause Young (Allocation Failure)
[367.842s][info][gc,heap        ] GC(1003) PSYoungGen: 182848K(188928K)->64K(176640K) Eden: 182784K(182784K)->0K(176128K) From: 64K(6144K)->64K(512K)
[367.842s][info][gc,heap        ] GC(1003) ParOldGen: 101179K(175104K)->101187K(175104K)
[367.842s][info][gc,metaspace   ] GC(1003) Metaspace: 35402K(36096K)->35402K(36096K) NonClass: 29130K(29632K)->29130K(29632K) Class: 6271K(6464K)->6271K(6464K)
[367.842s][info][gc             ] GC(1003) Pause Young (Allocation Failure) 277M->98M(343M) 1.353ms
[367.842s][info][gc,cpu         ] GC(1003) User=0.00s Sys=0.00s Real=0.00s
[368.014s][info][gc,start       ] GC(1004) Pause Young (Allocation Failure)
[368.015s][info][gc,heap        ] GC(1004) PSYoungGen: 176192K(176640K)->64K(175104K) Eden: 176128K(176128K)->0K(169984K) From: 64K(512K)->64K(5120K)
[368.015s][info][gc,heap        ] GC(1004) ParOldGen: 101187K(175104K)->101195K(175104K)
[368.015s][info][gc,metaspace   ] GC(1004) Metaspace: 35402K(36096K)->35402K(36096K) NonClass: 29130K(29632K)->29130K(29632K) Class: 6271K(6464K)->6271K(6464K)
[368.015s][info][gc             ] GC(1004) Pause Young (Allocation Failure) 270M->98M(342M) 0.794ms
[368.015s][info][gc,cpu         ] GC(1004) User=0.00s Sys=0.00s Real=0.01s
[368.233s][info][gc,start       ] GC(1005) Pause Young (Allocation Failure)
[368.251s][info][gc,heap        ] GC(1005) PSYoungGen: 170048K(175104K)->5120K(208384K) Eden: 169984K(169984K)->0K(203264K) From: 64K(5120K)->5120K(5120K)
[368.251s][info][gc,heap        ] GC(1005) ParOldGen: 101195K(175104K)->106899K(175104K)
[368.251s][info][gc,metaspace   ] GC(1005) Metaspace: 35402K(36096K)->35402K(36096K) NonClass: 29130K(29632K)->29130K(29632K) Class: 6271K(6464K)->6271K(6464K)
[368.251s][info][gc             ] GC(1005) Pause Young (Allocation Failure) 264M->109M(374M) 17.310ms
[368.251s][info][gc,cpu         ] GC(1005) User=0.03s Sys=0.00s Real=0.02s
[368.463s][info][gc,start       ] GC(1006) Pause Young (Allocation Failure)
[368.499s][info][gc,heap        ] GC(1006) PSYoungGen: 208384K(208384K)->8192K(248832K) Eden: 203264K(203264K)->0K(240640K) From: 5120K(5120K)->8192K(8192K)
[368.500s][info][gc,heap        ] GC(1006) ParOldGen: 106899K(175104K)->120443K(175104K)
[368.500s][info][gc,metaspace   ] GC(1006) Metaspace: 35402K(36096K)->35402K(36096K) NonClass: 29130K(29632K)->29130K(29632K) Class: 6271K(6464K)->6271K(6464K)
[368.500s][info][gc             ] GC(1006) Pause Young (Allocation Failure) 307M->125M(414M) 36.917ms
[368.500s][info][gc,cpu         ] GC(1006) User=0.07s Sys=0.00s Real=0.04s
[368.749s][info][gc,start       ] GC(1007) Pause Young (Allocation Failure)
[368.801s][info][gc,heap        ] GC(1007) PSYoungGen: 248832K(248832K)->15360K(251904K) Eden: 240640K(240640K)->0K(236544K) From: 8192K(8192K)->15360K(15360K)
[368.801s][info][gc,heap        ] GC(1007) ParOldGen: 120443K(175104K)->131043K(175104K)
[368.801s][info][gc,metaspace   ] GC(1007) Metaspace: 35402K(36096K)->35402K(36096K) NonClass: 29130K(29632K)->29130K(29632K) Class: 6271K(6464K)->6271K(6464K)
[368.801s][info][gc             ] GC(1007) Pause Young (Allocation Failure) 360M->142M(417M) 51.785ms
[368.801s][info][gc,cpu         ] GC(1007) User=0.09s Sys=0.01s Real=0.05s
[368.944s][info][gc,start       ] GC(1008) Pause Young (Allocation Failure)
[368.965s][info][gc,heap        ] GC(1008) PSYoungGen: 251904K(251904K)->11168K(259072K) Eden: 236544K(236544K)->0K(236544K) From: 15360K(15360K)->11168K(22528K)
[368.965s][info][gc,heap        ] GC(1008) ParOldGen: 131043K(175104K)->131427K(175104K)
[368.965s][info][gc,metaspace   ] GC(1008) Metaspace: 35402K(36096K)->35402K(36096K) NonClass: 29130K(29632K)->29130K(29632K) Class: 6271K(6464K)->6271K(6464K)
[368.965s][info][gc             ] GC(1008) Pause Young (Allocation Failure) 373M->139M(424M) 21.173ms
[368.965s][info][gc,cpu         ] GC(1008) User=0.04s Sys=0.00s Real=0.03s
[369.127s][info][gc,start       ] GC(1009) Pause Young (Allocation Failure)
[369.128s][info][gc,heap        ] GC(1009) PSYoungGen: 247712K(259072K)->64K(304640K) Eden: 236544K(236544K)->0K(283648K) From: 11168K(22528K)->64K(20992K)
[369.128s][info][gc,heap        ] GC(1009) ParOldGen: 131427K(175104K)->131435K(175104K)
[369.128s][info][gc,metaspace   ] GC(1009) Metaspace: 35402K(36096K)->35402K(36096K) NonClass: 29130K(29632K)->29130K(29632K) Class: 6271K(6464K)->6271K(6464K)
[369.128s][info][gc             ] GC(1009) Pause Young (Allocation Failure) 370M->128M(468M) 0.888ms
[369.128s][info][gc,cpu         ] GC(1009) User=0.01s Sys=0.00s Real=0.00s
[369.801s][info][gc,start       ] GC(1010) Pause Young (Allocation Failure)
[369.802s][info][gc,heap        ] GC(1010) PSYoungGen: 283712K(304640K)->64K(305664K) Eden: 283648K(283648K)->0K(283648K) From: 64K(20992K)->64K(22016K)
[369.802s][info][gc,heap        ] GC(1010) ParOldGen: 131435K(175104K)->131451K(175104K)
[369.802s][info][gc,metaspace   ] GC(1010) Metaspace: 35402K(36096K)->35402K(36096K) NonClass: 29130K(29632K)->29130K(29632K) Class: 6271K(6464K)->6271K(6464K)
[369.802s][info][gc             ] GC(1010) Pause Young (Allocation Failure) 405M->128M(469M) 0.960ms
[369.802s][info][gc,cpu         ] GC(1010) User=0.00s Sys=0.00s Real=0.00s
[370.068s][info][gc,start       ] GC(1011) Pause Young (Allocation Failure)
[370.069s][info][gc,heap        ] GC(1011) PSYoungGen: 283712K(305664K)->64K(309248K) Eden: 283648K(283648K)->0K(290304K) From: 64K(22016K)->64K(18944K)
[370.069s][info][gc,heap        ] GC(1011) ParOldGen: 131451K(175104K)->131451K(175104K)
[370.069s][info][gc,metaspace   ] GC(1011) Metaspace: 35402K(36096K)->35402K(36096K) NonClass: 29130K(29632K)->29130K(29632K) Class: 6271K(6464K)->6271K(6464K)
[370.069s][info][gc             ] GC(1011) Pause Young (Allocation Failure) 405M->128M(473M) 0.984ms
[370.069s][info][gc,cpu         ] GC(1011) User=0.00s Sys=0.00s Real=0.00s
[370.461s][info][gc,start       ] GC(1012) Pause Young (Allocation Failure)
[370.462s][info][gc,heap        ] GC(1012) PSYoungGen: 290368K(309248K)->64K(310784K) Eden: 290304K(290304K)->0K(290304K) From: 64K(18944K)->64K(20480K)
[370.462s][info][gc,heap        ] GC(1012) ParOldGen: 131451K(175104K)->131467K(175104K)
[370.462s][info][gc,metaspace   ] GC(1012) Metaspace: 35402K(36096K)->35402K(36096K) NonClass: 29130K(29632K)->29130K(29632K) Class: 6271K(6464K)->6271K(6464K)
[370.462s][info][gc             ] GC(1012) Pause Young (Allocation Failure) 411M->128M(474M) 0.896ms
[370.462s][info][gc,cpu         ] GC(1012) User=0.00s Sys=0.00s Real=0.00s
[370.646s][info][gc,start       ] GC(1013) Pause Young (Allocation Failure)
[370.648s][info][gc,heap        ] GC(1013) PSYoungGen: 290368K(310784K)->32K(310784K) Eden: 290304K(290304K)->0K(293376K) From: 64K(20480K)->32K(17408K)
[370.648s][info][gc,heap        ] GC(1013) ParOldGen: 131467K(175104K)->131483K(175104K)
[370.648s][info][gc,metaspace   ] GC(1013) Metaspace: 35402K(36096K)->35402K(36096K) NonClass: 29130K(29632K)->29130K(29632K) Class: 6271K(6464K)->6271K(6464K)
[370.648s][info][gc             ] GC(1013) Pause Young (Allocation Failure) 411M->128M(474M) 1.459ms
[370.648s][info][gc,cpu         ] GC(1013) User=0.00s Sys=0.00s Real=0.00s
[370.837s][info][gc,start       ] GC(1014) Pause Young (Allocation Failure)
[370.838s][info][gc,heap        ] GC(1014) PSYoungGen: 293408K(310784K)->64K(312320K) Eden: 293376K(293376K)->0K(293376K) From: 32K(17408K)->64K(18944K)
[370.838s][info][gc,heap        ] GC(1014) ParOldGen: 131483K(175104K)->131483K(175104K)
[370.838s][info][gc,metaspace   ] GC(1014) Metaspace: 35402K(36096K)->35402K(36096K) NonClass: 29130K(29632K)->29130K(29632K) Class: 6271K(6464K)->6271K(6464K)
[370.838s][info][gc             ] GC(1014) Pause Young (Allocation Failure) 414M->128M(476M) 1.482ms
[370.838s][info][gc,cpu         ] GC(1014) User=0.00s Sys=0.00s Real=0.00s
[371.116s][info][gc,start       ] GC(1015) Pause Young (Allocation Failure)
[371.117s][info][gc,heap        ] GC(1015) PSYoungGen: 293440K(312320K)->64K(312320K) Eden: 293376K(293376K)->0K(296448K) From: 64K(18944K)->64K(15872K)
[371.118s][info][gc,heap        ] GC(1015) ParOldGen: 131483K(175104K)->131483K(175104K)
[371.118s][info][gc,metaspace   ] GC(1015) Metaspace: 35402K(36096K)->35402K(36096K) NonClass: 29130K(29632K)->29130K(29632K) Class: 6271K(6464K)->6271K(6464K)
[371.118s][info][gc             ] GC(1015) Pause Young (Allocation Failure) 414M->128M(476M) 1.480ms
[371.118s][info][gc,cpu         ] GC(1015) User=0.00s Sys=0.00s Real=0.00s
[371.175s][info][gc,start       ] GC(1016) Pause Young (Allocation Failure)
[371.176s][info][gc,heap        ] GC(1016) PSYoungGen: 296512K(312320K)->32K(313856K) Eden: 296448K(296448K)->0K(296448K) From: 64K(15872K)->32K(17408K)
[371.176s][info][gc,heap        ] GC(1016) ParOldGen: 131483K(175104K)->131491K(175104K)
[371.176s][info][gc,metaspace   ] GC(1016) Metaspace: 35402K(36096K)->35402K(36096K) NonClass: 29130K(29632K)->29130K(29632K) Class: 6271K(6464K)->6271K(6464K)
[371.176s][info][gc             ] GC(1016) Pause Young (Allocation Failure) 417M->128M(477M) 1.266ms
[371.176s][info][gc,cpu         ] GC(1016) User=0.00s Sys=0.00s Real=0.00s
[371.260s][info][gc,start       ] GC(1017) Pause Young (Allocation Failure)
[371.261s][info][gc,heap        ] GC(1017) PSYoungGen: 296480K(313856K)->64K(313856K) Eden: 296448K(296448K)->0K(300032K) From: 32K(17408K)->64K(13824K)
[371.261s][info][gc,heap        ] GC(1017) ParOldGen: 131491K(175104K)->131491K(175104K)
[371.261s][info][gc,metaspace   ] GC(1017) Metaspace: 35402K(36096K)->35402K(36096K) NonClass: 29130K(29632K)->29130K(29632K) Class: 6271K(6464K)->6271K(6464K)
[371.261s][info][gc             ] GC(1017) Pause Young (Allocation Failure) 417M->128M(477M) 0.891ms
[371.261s][info][gc,cpu         ] GC(1017) User=0.00s Sys=0.00s Real=0.00s
[371.514s][info][gc,start       ] GC(1018) Pause Young (Allocation Failure)
[371.515s][info][gc,heap        ] GC(1018) PSYoungGen: 300096K(313856K)->64K(315392K) Eden: 300032K(300032K)->0K(300032K) From: 64K(13824K)->64K(15360K)
[371.515s][info][gc,heap        ] GC(1018) ParOldGen: 131491K(175104K)->131507K(175104K)
[371.515s][info][gc,metaspace   ] GC(1018) Metaspace: 35402K(36096K)->35402K(36096K) NonClass: 29130K(29632K)->29130K(29632K) Class: 6271K(6464K)->6271K(6464K)
[371.515s][info][gc             ] GC(1018) Pause Young (Allocation Failure) 421M->128M(479M) 0.887ms
[371.515s][info][gc,cpu         ] GC(1018) User=0.00s Sys=0.00s Real=0.01s
[371.711s][info][gc,start       ] GC(1019) Pause Young (Allocation Failure)
[371.712s][info][gc,heap        ] GC(1019) PSYoungGen: 300096K(315392K)->64K(315904K) Eden: 300032K(300032K)->0K(303616K) From: 64K(15360K)->64K(12288K)
[371.712s][info][gc,heap        ] GC(1019) ParOldGen: 131507K(175104K)->131507K(175104K)
[371.712s][info][gc,metaspace   ] GC(1019) Metaspace: 35402K(36096K)->35402K(36096K) NonClass: 29130K(29632K)->29130K(29632K) Class: 6271K(6464K)->6271K(6464K)
[371.712s][info][gc             ] GC(1019) Pause Young (Allocation Failure) 421M->128M(479M) 0.910ms
[371.712s][info][gc,cpu         ] GC(1019) User=0.00s Sys=0.01s Real=0.00s
[371.795s][info][gc,start       ] GC(1020) Pause Young (Allocation Failure)
[371.796s][info][gc,heap        ] GC(1020) PSYoungGen: 303680K(315904K)->64K(317440K) Eden: 303616K(303616K)->0K(303616K) From: 64K(12288K)->64K(13824K)
[371.796s][info][gc,heap        ] GC(1020) ParOldGen: 131507K(175104K)->131523K(175104K)
[371.796s][info][gc,metaspace   ] GC(1020) Metaspace: 35402K(36096K)->35402K(36096K) NonClass: 29130K(29632K)->29130K(29632K) Class: 6271K(6464K)->6271K(6464K)
[371.796s][info][gc             ] GC(1020) Pause Young (Allocation Failure) 424M->128M(481M) 0.885ms
[371.796s][info][gc,cpu         ] GC(1020) User=0.00s Sys=0.00s Real=0.00s
[371.935s][info][gc,start       ] GC(1021) Pause Young (Allocation Failure)
[371.936s][info][gc,heap        ] GC(1021) PSYoungGen: 303680K(317440K)->64K(291840K) Eden: 303616K(303616K)->0K(291328K) From: 64K(13824K)->64K(512K)
[371.936s][info][gc,heap        ] GC(1021) ParOldGen: 131523K(175104K)->131523K(175104K)
[371.936s][info][gc,metaspace   ] GC(1021) Metaspace: 35402K(36096K)->35402K(36096K) NonClass: 29130K(29632K)->29130K(29632K) Class: 6271K(6464K)->6271K(6464K)
[371.936s][info][gc             ] GC(1021) Pause Young (Allocation Failure) 425M->128M(456M) 0.889ms
[371.936s][info][gc,cpu         ] GC(1021) User=0.00s Sys=0.00s Real=0.00s
[372.301s][info][gc,start       ] GC(1022) Pause Young (Allocation Failure)
[372.301s][info][gc,heap        ] GC(1022) PSYoungGen: 291392K(291840K)->64K(291840K) Eden: 291328K(291328K)->0K(279552K) From: 64K(512K)->64K(12288K)
[372.302s][info][gc,heap        ] GC(1022) ParOldGen: 131523K(175104K)->131531K(175104K)
[372.302s][info][gc,metaspace   ] GC(1022) Metaspace: 35402K(36096K)->35402K(36096K) NonClass: 29130K(29632K)->29130K(29632K) Class: 6271K(6464K)->6271K(6464K)
[372.302s][info][gc             ] GC(1022) Pause Young (Allocation Failure) 413M->128M(456M) 0.849ms
[372.302s][info][gc,cpu         ] GC(1022) User=0.00s Sys=0.00s Real=0.00s
[372.968s][info][gc,start       ] GC(1023) Pause Young (Allocation Failure)
[372.969s][info][gc,heap        ] GC(1023) PSYoungGen: 279616K(291840K)->83K(268800K) Eden: 279552K(279552K)->0K(268288K) From: 64K(12288K)->83K(512K)
[372.969s][info][gc,heap        ] GC(1023) ParOldGen: 131531K(175104K)->131539K(175104K)
[372.969s][info][gc,metaspace   ] GC(1023) Metaspace: 35402K(36096K)->35402K(36096K) NonClass: 29130K(29632K)->29130K(29632K) Class: 6271K(6464K)->6271K(6464K)
[372.969s][info][gc             ] GC(1023) Pause Young (Allocation Failure) 401M->128M(433M) 0.966ms
[372.969s][info][gc,cpu         ] GC(1023) User=0.01s Sys=0.00s Real=0.00s
[373.857s][info][gc,start       ] GC(1024) Pause Young (Allocation Failure)
[373.858s][info][gc,heap        ] GC(1024) PSYoungGen: 268371K(268800K)->64K(268800K) Eden: 268288K(268288K)->0K(258048K) From: 83K(512K)->64K(10752K)
[373.858s][info][gc,heap        ] GC(1024) ParOldGen: 131539K(175104K)->131547K(175104K)
[373.858s][info][gc,metaspace   ] GC(1024) Metaspace: 35402K(36096K)->35402K(36096K) NonClass: 29130K(29632K)->29130K(29632K) Class: 6271K(6464K)->6271K(6464K)
[373.858s][info][gc             ] GC(1024) Pause Young (Allocation Failure) 390M->128M(433M) 0.958ms
[373.858s][info][gc,cpu         ] GC(1024) User=0.00s Sys=0.00s Real=0.00s
[374.218s][info][gc,start       ] GC(1025) Pause Young (Allocation Failure)
[374.219s][info][gc,heap        ] GC(1025) PSYoungGen: 258112K(268800K)->32K(248320K) Eden: 258048K(258048K)->0K(247808K) From: 64K(10752K)->32K(512K)
[374.219s][info][gc,heap        ] GC(1025) ParOldGen: 131547K(175104K)->131555K(175104K)
[374.219s][info][gc,metaspace   ] GC(1025) Metaspace: 35402K(36096K)->35402K(36096K) NonClass: 29130K(29632K)->29130K(29632K) Class: 6271K(6464K)->6271K(6464K)
[374.219s][info][gc             ] GC(1025) Pause Young (Allocation Failure) 380M->128M(413M) 1.580ms
[374.219s][info][gc,cpu         ] GC(1025) User=0.00s Sys=0.00s Real=0.00s
[374.523s][info][gc,start       ] GC(1026) Pause Young (Allocation Failure)
[374.524s][info][gc,heap        ] GC(1026) PSYoungGen: 247840K(248320K)->64K(247296K) Eden: 247808K(247808K)->0K(238080K) From: 32K(512K)->64K(9216K)
[374.524s][info][gc,heap        ] GC(1026) ParOldGen: 131555K(175104K)->131571K(175104K)
[374.524s][info][gc,metaspace   ] GC(1026) Metaspace: 35402K(36096K)->35402K(36096K) NonClass: 29130K(29632K)->29130K(29632K) Class: 6271K(6464K)->6271K(6464K)
[374.524s][info][gc             ] GC(1026) Pause Young (Allocation Failure) 370M->128M(412M) 1.404ms
[374.524s][info][gc,cpu         ] GC(1026) User=0.00s Sys=0.00s Real=0.01s
[375.401s][info][gc,start       ] GC(1027) Pause Young (Allocation Failure)
[375.403s][info][gc,heap        ] GC(1027) PSYoungGen: 238144K(247296K)->64K(229376K) Eden: 238080K(238080K)->0K(228864K) From: 64K(9216K)->64K(512K)
[375.403s][info][gc,heap        ] GC(1027) ParOldGen: 131571K(175104K)->131579K(175104K)
[375.403s][info][gc,metaspace   ] GC(1027) Metaspace: 35402K(36096K)->35402K(36096K) NonClass: 29130K(29632K)->29130K(29632K) Class: 6271K(6464K)->6271K(6464K)
[375.403s][info][gc             ] GC(1027) Pause Young (Allocation Failure) 361M->128M(395M) 2.134ms
[375.403s][info][gc,cpu         ] GC(1027) User=0.00s Sys=0.00s Real=0.00s
[375.708s][info][gc,start       ] GC(1028) Pause Young (Allocation Failure)
[375.709s][info][gc,heap        ] GC(1028) PSYoungGen: 228928K(229376K)->64K(228352K) Eden: 228864K(228864K)->0K(220160K) From: 64K(512K)->64K(8192K)
[375.709s][info][gc,heap        ] GC(1028) ParOldGen: 131579K(175104K)->131587K(175104K)
[375.709s][info][gc,metaspace   ] GC(1028) Metaspace: 35402K(36096K)->35402K(36096K) NonClass: 29130K(29632K)->29130K(29632K) Class: 6271K(6464K)->6271K(6464K)
[375.709s][info][gc             ] GC(1028) Pause Young (Allocation Failure) 352M->128M(394M) 1.389ms
[375.709s][info][gc,cpu         ] GC(1028) User=0.00s Sys=0.00s Real=0.00s
[375.847s][info][gc,start       ] GC(1029) Pause Young (Allocation Failure)
[375.849s][info][gc,heap        ] GC(1029) PSYoungGen: 220224K(228352K)->64K(212480K) Eden: 220160K(220160K)->0K(211968K) From: 64K(8192K)->64K(512K)
[375.849s][info][gc,heap        ] GC(1029) ParOldGen: 131587K(175104K)->131595K(175104K)
[375.849s][info][gc,metaspace   ] GC(1029) Metaspace: 35402K(36096K)->35402K(36096K) NonClass: 29130K(29632K)->29130K(29632K) Class: 6271K(6464K)->6271K(6464K)
[375.849s][info][gc             ] GC(1029) Pause Young (Allocation Failure) 343M->128M(378M) 2.037ms
[375.849s][info][gc,cpu         ] GC(1029) User=0.00s Sys=0.01s Real=0.00s
[375.930s][info][gc,start       ] GC(1030) Pause Young (Allocation Failure)
[375.932s][info][gc,heap        ] GC(1030) PSYoungGen: 212032K(212480K)->64K(211456K) Eden: 211968K(211968K)->0K(204288K) From: 64K(512K)->64K(7168K)
[375.932s][info][gc,heap        ] GC(1030) ParOldGen: 131595K(175104K)->131611K(175104K)
[375.932s][info][gc,metaspace   ] GC(1030) Metaspace: 35402K(36096K)->35402K(36096K) NonClass: 29130K(29632K)->29130K(29632K) Class: 6271K(6464K)->6271K(6464K)
[375.932s][info][gc             ] GC(1030) Pause Young (Allocation Failure) 335M->128M(377M) 1.442ms
[375.932s][info][gc,cpu         ] GC(1030) User=0.00s Sys=0.00s Real=0.00s
[376.423s][info][gc,start       ] GC(1031) Pause Young (Allocation Failure)
[376.426s][info][gc,heap        ] GC(1031) PSYoungGen: 204352K(211456K)->64K(197120K) Eden: 204288K(204288K)->0K(196608K) From: 64K(7168K)->64K(512K)
[376.426s][info][gc,heap        ] GC(1031) ParOldGen: 131611K(175104K)->131627K(175104K)
[376.426s][info][gc,metaspace   ] GC(1031) Metaspace: 35402K(36096K)->35402K(36096K) NonClass: 29130K(29632K)->29130K(29632K) Class: 6271K(6464K)->6271K(6464K)
[376.426s][info][gc             ] GC(1031) Pause Young (Allocation Failure) 328M->128M(363M) 2.166ms
[376.426s][info][gc,cpu         ] GC(1031) User=0.00s Sys=0.00s Real=0.01s
[376.607s][info][gc,start       ] GC(1032) Pause Young (Allocation Failure)
[376.608s][info][gc,heap        ] GC(1032) PSYoungGen: 196672K(197120K)->64K(195584K) Eden: 196608K(196608K)->0K(189440K) From: 64K(512K)->64K(6144K)
[376.608s][info][gc,heap        ] GC(1032) ParOldGen: 131627K(175104K)->131643K(175104K)
[376.608s][info][gc,metaspace   ] GC(1032) Metaspace: 35402K(36096K)->35402K(36096K) NonClass: 29130K(29632K)->29130K(29632K) Class: 6271K(6464K)->6271K(6464K)
[376.608s][info][gc             ] GC(1032) Pause Young (Allocation Failure) 320M->128M(362M) 1.419ms
[376.608s][info][gc,cpu         ] GC(1032) User=0.00s Sys=0.00s Real=0.00s
[376.876s][info][gc,start       ] GC(1033) Pause Young (Allocation Failure)
[376.881s][info][gc,heap        ] GC(1033) PSYoungGen: 189504K(195584K)->2368K(185344K) Eden: 189440K(189440K)->0K(182784K) From: 64K(6144K)->2368K(2560K)
[376.881s][info][gc,heap        ] GC(1033) ParOldGen: 131643K(175104K)->131659K(175104K)
[376.881s][info][gc,metaspace   ] GC(1033) Metaspace: 35402K(36096K)->35402K(36096K) NonClass: 29130K(29632K)->29130K(29632K) Class: 6271K(6464K)->6271K(6464K)
[376.881s][info][gc             ] GC(1033) Pause Young (Allocation Failure) 313M->130M(352M) 4.772ms
[376.881s][info][gc,cpu         ] GC(1033) User=0.01s Sys=0.00s Real=0.00s
[377.070s][info][gc,start       ] GC(1034) Pause Young (Allocation Failure)
[377.102s][info][gc,heap        ] GC(1034) PSYoungGen: 185152K(185344K)->5632K(224768K) Eden: 182784K(182784K)->0K(219136K) From: 2368K(2560K)->5632K(5632K)
[377.102s][info][gc,heap        ] GC(1034) ParOldGen: 131659K(175104K)->145387K(175104K)
[377.102s][info][gc,metaspace   ] GC(1034) Metaspace: 35402K(36096K)->35402K(36096K) NonClass: 29130K(29632K)->29130K(29632K) Class: 6271K(6464K)->6271K(6464K)
[377.102s][info][gc             ] GC(1034) Pause Young (Allocation Failure) 309M->147M(390M) 31.800ms
[377.102s][info][gc,cpu         ] GC(1034) User=0.06s Sys=0.00s Real=0.03s
[377.328s][info][gc,start       ] GC(1035) Pause Young (Allocation Failure)
[377.370s][info][gc,heap        ] GC(1035) PSYoungGen: 224768K(224768K)->3584K(254976K) Eden: 219136K(219136K)->0K(251392K) From: 5632K(5632K)->3584K(3584K)
[377.370s][info][gc,heap        ] GC(1035) ParOldGen: 145387K(175104K)->165531K(175104K)
[377.370s][info][gc,metaspace   ] GC(1035) Metaspace: 35402K(36096K)->35402K(36096K) NonClass: 29130K(29632K)->29130K(29632K) Class: 6271K(6464K)->6271K(6464K)
[377.370s][info][gc             ] GC(1035) Pause Young (Allocation Failure) 361M->165M(420M) 41.896ms
[377.370s][info][gc,cpu         ] GC(1035) User=0.08s Sys=0.00s Real=0.04s
[377.611s][info][gc,start       ] GC(1036) Pause Young (Allocation Failure)
[377.654s][info][gc,heap        ] GC(1036) PSYoungGen: 254976K(254976K)->18944K(270336K) Eden: 251392K(251392K)->0K(251392K) From: 3584K(3584K)->18944K(18944K)
[377.654s][info][gc,heap        ] GC(1036) ParOldGen: 165531K(175104K)->171363K(175104K)
[377.654s][info][gc,metaspace   ] GC(1036) Metaspace: 35402K(36096K)->35402K(36096K) NonClass: 29130K(29632K)->29130K(29632K) Class: 6271K(6464K)->6271K(6464K)
[377.654s][info][gc             ] GC(1036) Pause Young (Allocation Failure) 410M->185M(435M) 43.217ms
[377.654s][info][gc,cpu         ] GC(1036) User=0.09s Sys=0.00s Real=0.04s
[377.726s][info][gc,start       ] GC(1037) Pause Young (Allocation Failure)
[377.729s][info][gc,heap        ] GC(1037) PSYoungGen: 270336K(270336K)->64K(309248K) Eden: 251392K(251392K)->0K(284160K) From: 18944K(18944K)->64K(25088K)
[377.729s][info][gc,heap        ] GC(1037) ParOldGen: 171363K(175104K)->171563K(175104K)
[377.729s][info][gc,metaspace   ] GC(1037) Metaspace: 35402K(36096K)->35402K(36096K) NonClass: 29130K(29632K)->29130K(29632K) Class: 6271K(6464K)->6271K(6464K)
[377.729s][info][gc             ] GC(1037) Pause Young (Allocation Failure) 431M->167M(473M) 2.437ms
[377.729s][info][gc,cpu         ] GC(1037) User=0.01s Sys=0.00s Real=0.00s
[378.306s][info][gc,start       ] GC(1038) Pause Young (Allocation Failure)
[378.307s][info][gc,heap        ] GC(1038) PSYoungGen: 284224K(309248K)->64K(284672K) Eden: 284160K(284160K)->0K(284160K) From: 64K(25088K)->64K(512K)
[378.307s][info][gc,heap        ] GC(1038) ParOldGen: 171563K(175104K)->171571K(175104K)
[378.307s][info][gc,metaspace   ] GC(1038) Metaspace: 35402K(36096K)->35402K(36096K) NonClass: 29130K(29632K)->29130K(29632K) Class: 6271K(6464K)->6271K(6464K)
[378.307s][info][gc             ] GC(1038) Pause Young (Allocation Failure) 445M->167M(449M) 1.104ms
[378.307s][info][gc,cpu         ] GC(1038) User=0.00s Sys=0.00s Real=0.00s
[378.731s][info][gc,start       ] GC(1039) Pause Young (Allocation Failure)
[378.732s][info][gc,heap        ] GC(1039) PSYoungGen: 284224K(284672K)->64K(308224K) Eden: 284160K(284160K)->0K(284672K) From: 64K(512K)->64K(23552K)
[378.732s][info][gc,heap        ] GC(1039) ParOldGen: 171571K(175104K)->171579K(175104K)
[378.732s][info][gc,metaspace   ] GC(1039) Metaspace: 35402K(36096K)->35402K(36096K) NonClass: 29130K(29632K)->29130K(29632K) Class: 6271K(6464K)->6271K(6464K)
[378.732s][info][gc             ] GC(1039) Pause Young (Allocation Failure) 445M->167M(472M) 1.037ms
[378.732s][info][gc,cpu         ] GC(1039) User=0.00s Sys=0.00s Real=0.00s
[379.115s][info][gc,start       ] GC(1040) Pause Young (Allocation Failure)
[379.116s][info][gc,heap        ] GC(1040) PSYoungGen: 284736K(308224K)->64K(307712K) Eden: 284672K(284672K)->0K(284672K) From: 64K(23552K)->64K(23040K)
[379.116s][info][gc,heap        ] GC(1040) ParOldGen: 171579K(175104K)->171595K(175104K)
[379.116s][info][gc,metaspace   ] GC(1040) Metaspace: 35402K(36096K)->35402K(36096K) NonClass: 29130K(29632K)->29130K(29632K) Class: 6271K(6464K)->6271K(6464K)
[379.116s][info][gc             ] GC(1040) Pause Young (Allocation Failure) 445M->167M(471M) 1.017ms
[379.116s][info][gc,cpu         ] GC(1040) User=0.01s Sys=0.00s Real=0.00s
[379.297s][info][gc,start       ] GC(1041) Pause Young (Allocation Failure)
[379.298s][info][gc,heap        ] GC(1041) PSYoungGen: 284736K(307712K)->64K(309760K) Eden: 284672K(284672K)->0K(288256K) From: 64K(23040K)->64K(21504K)
[379.298s][info][gc,heap        ] GC(1041) ParOldGen: 171595K(175104K)->171611K(175104K)
[379.298s][info][gc,metaspace   ] GC(1041) Metaspace: 35402K(36096K)->35402K(36096K) NonClass: 29130K(29632K)->29130K(29632K) Class: 6271K(6464K)->6271K(6464K)
[379.298s][info][gc             ] GC(1041) Pause Young (Allocation Failure) 445M->167M(473M) 0.960ms
[379.298s][info][gc,cpu         ] GC(1041) User=0.00s Sys=0.00s Real=0.00s
[379.483s][info][gc,start       ] GC(1042) Pause Young (Allocation Failure)
[379.484s][info][gc,heap        ] GC(1042) PSYoungGen: 288320K(309760K)->64K(309248K) Eden: 288256K(288256K)->0K(288256K) From: 64K(21504K)->64K(20992K)
[379.484s][info][gc,heap        ] GC(1042) ParOldGen: 171611K(175104K)->171611K(175104K)
[379.484s][info][gc,metaspace   ] GC(1042) Metaspace: 35402K(36096K)->35402K(36096K) NonClass: 29130K(29632K)->29130K(29632K) Class: 6271K(6464K)->6271K(6464K)
[379.484s][info][gc             ] GC(1042) Pause Young (Allocation Failure) 449M->167M(473M) 0.996ms
[379.484s][info][gc,cpu         ] GC(1042) User=0.00s Sys=0.00s Real=0.00s
[379.806s][info][gc,start       ] GC(1043) Pause Young (Allocation Failure)
[379.807s][info][gc,heap        ] GC(1043) PSYoungGen: 288320K(309248K)->64K(311808K) Eden: 288256K(288256K)->0K(292352K) From: 64K(20992K)->64K(19456K)
[379.807s][info][gc,heap        ] GC(1043) ParOldGen: 171611K(175104K)->171611K(175104K)
[379.807s][info][gc,metaspace   ] GC(1043) Metaspace: 35402K(36096K)->35402K(36096K) NonClass: 29130K(29632K)->29130K(29632K) Class: 6271K(6464K)->6271K(6464K)
[379.807s][info][gc             ] GC(1043) Pause Young (Allocation Failure) 449M->167M(475M) 0.993ms
[379.807s][info][gc,cpu         ] GC(1043) User=0.00s Sys=0.00s Real=0.00s
[379.865s][info][gc,start       ] GC(1044) Pause Young (Allocation Failure)
[379.865s][info][gc,heap        ] GC(1044) PSYoungGen: 292416K(311808K)->64K(311296K) Eden: 292352K(292352K)->0K(292352K) From: 64K(19456K)->64K(18944K)
[379.865s][info][gc,heap        ] GC(1044) ParOldGen: 171611K(175104K)->171627K(175104K)
[379.865s][info][gc,metaspace   ] GC(1044) Metaspace: 35402K(36096K)->35402K(36096K) NonClass: 29130K(29632K)->29130K(29632K) Class: 6271K(6464K)->6271K(6464K)
[379.865s][info][gc             ] GC(1044) Pause Young (Allocation Failure) 453M->167M(475M) 0.950ms
[379.866s][info][gc,cpu         ] GC(1044) User=0.00s Sys=0.00s Real=0.00s
[379.919s][info][gc,start       ] GC(1045) Pause Young (Allocation Failure)
[379.920s][info][gc,heap        ] GC(1045) PSYoungGen: 292416K(311296K)->64K(313856K) Eden: 292352K(292352K)->0K(296448K) From: 64K(18944K)->64K(17408K)
[379.920s][info][gc,heap        ] GC(1045) ParOldGen: 171627K(175104K)->171627K(175104K)
[379.920s][info][gc,metaspace   ] GC(1045) Metaspace: 35402K(36096K)->35402K(36096K) NonClass: 29130K(29632K)->29130K(29632K) Class: 6271K(6464K)->6271K(6464K)
[379.920s][info][gc             ] GC(1045) Pause Young (Allocation Failure) 453M->167M(477M) 1.168ms
[379.920s][info][gc,cpu         ] GC(1045) User=0.00s Sys=0.00s Real=0.00s
[380.122s][info][gc,start       ] GC(1046) Pause Young (Allocation Failure)
[380.124s][info][gc,heap        ] GC(1046) PSYoungGen: 296512K(313856K)->32K(313344K) Eden: 296448K(296448K)->0K(296448K) From: 64K(17408K)->32K(16896K)
[380.124s][info][gc,heap        ] GC(1046) ParOldGen: 171627K(175104K)->171627K(175104K)
[380.124s][info][gc,metaspace   ] GC(1046) Metaspace: 35402K(36096K)->35402K(36096K) NonClass: 29130K(29632K)->29130K(29632K) Class: 6271K(6464K)->6271K(6464K)
[380.124s][info][gc             ] GC(1046) Pause Young (Allocation Failure) 457M->167M(477M) 1.608ms
[380.124s][info][gc,cpu         ] GC(1046) User=0.00s Sys=0.00s Real=0.00s
[380.349s][info][gc,start       ] GC(1047) Pause Young (Allocation Failure)
[380.351s][info][gc,heap        ] GC(1047) PSYoungGen: 296480K(313344K)->32K(315904K) Eden: 296448K(296448K)->0K(300544K) From: 32K(16896K)->32K(15360K)
[380.351s][info][gc,heap        ] GC(1047) ParOldGen: 171627K(175104K)->171635K(175104K)
[380.351s][info][gc,metaspace   ] GC(1047) Metaspace: 35402K(36096K)->35402K(36096K) NonClass: 29130K(29632K)->29130K(29632K) Class: 6271K(6464K)->6271K(6464K)
[380.351s][info][gc             ] GC(1047) Pause Young (Allocation Failure) 457M->167M(479M) 1.551ms
[380.351s][info][gc,cpu         ] GC(1047) User=0.00s Sys=0.00s Real=0.00s
[380.473s][info][gc,start       ] GC(1048) Pause Young (Allocation Failure)
[380.474s][info][gc,heap        ] GC(1048) PSYoungGen: 300576K(315904K)->64K(315392K) Eden: 300544K(300544K)->0K(300544K) From: 32K(15360K)->64K(14848K)
[380.474s][info][gc,heap        ] GC(1048) ParOldGen: 171635K(175104K)->171643K(175104K)
[380.474s][info][gc,metaspace   ] GC(1048) Metaspace: 35402K(36096K)->35402K(36096K) NonClass: 29130K(29632K)->29130K(29632K) Class: 6271K(6464K)->6271K(6464K)
[380.474s][info][gc             ] GC(1048) Pause Young (Allocation Failure) 461M->167M(479M) 1.019ms
[380.474s][info][gc,cpu         ] GC(1048) User=0.00s Sys=0.00s Real=0.00s
[380.568s][info][gc,start       ] GC(1049) Pause Young (Allocation Failure)
[380.569s][info][gc,heap        ] GC(1049) PSYoungGen: 300608K(315392K)->64K(317952K) Eden: 300544K(300544K)->0K(304640K) From: 64K(14848K)->64K(13312K)
[380.569s][info][gc,heap        ] GC(1049) ParOldGen: 171643K(175104K)->171651K(175104K)
[380.569s][info][gc,metaspace   ] GC(1049) Metaspace: 35402K(36096K)->35402K(36096K) NonClass: 29130K(29632K)->29130K(29632K) Class: 6271K(6464K)->6271K(6464K)
[380.569s][info][gc             ] GC(1049) Pause Young (Allocation Failure) 461M->167M(481M) 1.018ms
[380.569s][info][gc,cpu         ] GC(1049) User=0.00s Sys=0.00s Real=0.00s
[380.753s][info][gc,start       ] GC(1050) Pause Young (Allocation Failure)
[380.754s][info][gc,heap        ] GC(1050) PSYoungGen: 304704K(317952K)->64K(292864K) Eden: 304640K(304640K)->0K(292352K) From: 64K(13312K)->64K(512K)
[380.754s][info][gc,heap        ] GC(1050) ParOldGen: 171651K(175104K)->171659K(175104K)
[380.754s][info][gc,metaspace   ] GC(1050) Metaspace: 35402K(36096K)->35402K(36096K) NonClass: 29130K(29632K)->29130K(29632K) Class: 6271K(6464K)->6271K(6464K)
[380.754s][info][gc             ] GC(1050) Pause Young (Allocation Failure) 465M->167M(457M) 1.000ms
[380.754s][info][gc,cpu         ] GC(1050) User=0.00s Sys=0.00s Real=0.00s
[381.671s][info][gc,start       ] GC(1051) Pause Young (Allocation Failure)
[381.672s][info][gc,heap        ] GC(1051) PSYoungGen: 292416K(292864K)->83K(281088K) Eden: 292352K(292352K)->0K(280576K) From: 64K(512K)->83K(512K)
[381.672s][info][gc,heap        ] GC(1051) ParOldGen: 171659K(175104K)->171667K(175104K)
[381.672s][info][gc,metaspace   ] GC(1051) Metaspace: 35402K(36096K)->35402K(36096K) NonClass: 29130K(29632K)->29130K(29632K) Class: 6271K(6464K)->6271K(6464K)
[381.672s][info][gc             ] GC(1051) Pause Young (Allocation Failure) 453M->167M(445M) 0.991ms
[381.672s][info][gc,cpu         ] GC(1051) User=0.01s Sys=0.00s Real=0.00s
[382.515s][info][gc,start       ] GC(1052) Pause Young (Allocation Failure)
[382.517s][info][gc,heap        ] GC(1052) PSYoungGen: 280659K(281088K)->64K(281088K) Eden: 280576K(280576K)->0K(269312K) From: 83K(512K)->64K(11776K)
[382.517s][info][gc,heap        ] GC(1052) ParOldGen: 171667K(175104K)->171675K(175104K)
[382.517s][info][gc,metaspace   ] GC(1052) Metaspace: 35402K(36096K)->35402K(36096K) NonClass: 29130K(29632K)->29130K(29632K) Class: 6271K(6464K)->6271K(6464K)
[382.517s][info][gc             ] GC(1052) Pause Young (Allocation Failure) 441M->167M(445M) 1.171ms
[382.517s][info][gc,cpu         ] GC(1052) User=0.01s Sys=0.00s Real=0.00s
[382.790s][info][gc,start       ] GC(1053) Pause Young (Allocation Failure)
[382.792s][info][gc,heap        ] GC(1053) PSYoungGen: 269376K(281088K)->64K(259072K) Eden: 269312K(269312K)->0K(258560K) From: 64K(11776K)->64K(512K)
[382.792s][info][gc,heap        ] GC(1053) ParOldGen: 171675K(175104K)->171691K(175104K)
[382.792s][info][gc,metaspace   ] GC(1053) Metaspace: 35402K(36096K)->35402K(36096K) NonClass: 29130K(29632K)->29130K(29632K) Class: 6271K(6464K)->6271K(6464K)
[382.792s][info][gc             ] GC(1053) Pause Young (Allocation Failure) 430M->167M(424M) 2.506ms
[382.792s][info][gc,cpu         ] GC(1053) User=0.00s Sys=0.00s Real=0.00s
[383.198s][info][gc,start       ] GC(1054) Pause Young (Allocation Failure)
[383.200s][info][gc,heap        ] GC(1054) PSYoungGen: 258624K(259072K)->64K(258560K) Eden: 258560K(258560K)->0K(248320K) From: 64K(512K)->64K(10240K)
[383.200s][info][gc,heap        ] GC(1054) ParOldGen: 171691K(175104K)->171707K(175104K)
[383.200s][info][gc,metaspace   ] GC(1054) Metaspace: 35402K(36096K)->35402K(36096K) NonClass: 29130K(29632K)->29130K(29632K) Class: 6271K(6464K)->6271K(6464K)
[383.200s][info][gc             ] GC(1054) Pause Young (Allocation Failure) 420M->167M(423M) 1.313ms
[383.200s][info][gc,cpu         ] GC(1054) User=0.00s Sys=0.00s Real=0.00s
[384.072s][info][gc,start       ] GC(1055) Pause Young (Allocation Failure)
[384.074s][info][gc,heap        ] GC(1055) PSYoungGen: 248384K(258560K)->64K(239104K) Eden: 248320K(248320K)->0K(238592K) From: 64K(10240K)->64K(512K)
[384.074s][info][gc,heap        ] GC(1055) ParOldGen: 171707K(175104K)->171715K(175104K)
[384.074s][info][gc,metaspace   ] GC(1055) Metaspace: 35402K(36096K)->35402K(36096K) NonClass: 29130K(29632K)->29130K(29632K) Class: 6271K(6464K)->6271K(6464K)
[384.074s][info][gc             ] GC(1055) Pause Young (Allocation Failure) 410M->167M(404M) 1.769ms
[384.074s][info][gc,cpu         ] GC(1055) User=0.00s Sys=0.00s Real=0.00s
[384.421s][info][gc,start       ] GC(1056) Pause Young (Allocation Failure)
[384.422s][info][gc,heap        ] GC(1056) PSYoungGen: 238656K(239104K)->64K(238080K) Eden: 238592K(238592K)->0K(229376K) From: 64K(512K)->64K(8704K)
[384.422s][info][gc,heap        ] GC(1056) ParOldGen: 171715K(175104K)->171723K(175104K)
[384.422s][info][gc,metaspace   ] GC(1056) Metaspace: 35402K(36096K)->35402K(36096K) NonClass: 29130K(29632K)->29130K(29632K) Class: 6271K(6464K)->6271K(6464K)
[384.422s][info][gc             ] GC(1056) Pause Young (Allocation Failure) 400M->167M(403M) 1.029ms
[384.422s][info][gc,cpu         ] GC(1056) User=0.00s Sys=0.00s Real=0.00s
[384.584s][info][gc,start       ] GC(1057) Pause Young (Allocation Failure)
[384.586s][info][gc,heap        ] GC(1057) PSYoungGen: 229440K(238080K)->64K(221184K) Eden: 229376K(229376K)->0K(220672K) From: 64K(8704K)->64K(512K)
[384.586s][info][gc,heap        ] GC(1057) ParOldGen: 171723K(175104K)->171739K(175104K)
[384.586s][info][gc,metaspace   ] GC(1057) Metaspace: 35402K(36096K)->35402K(36096K) NonClass: 29130K(29632K)->29130K(29632K) Class: 6271K(6464K)->6271K(6464K)
[384.586s][info][gc             ] GC(1057) Pause Young (Allocation Failure) 391M->167M(387M) 2.262ms
[384.586s][info][gc,cpu         ] GC(1057) User=0.01s Sys=0.00s Real=0.01s
[384.655s][info][gc,start       ] GC(1058) Pause Young (Allocation Failure)
[384.657s][info][gc,heap        ] GC(1058) PSYoungGen: 220736K(221184K)->64K(220160K) Eden: 220672K(220672K)->0K(212480K) From: 64K(512K)->64K(7680K)
[384.657s][info][gc,heap        ] GC(1058) ParOldGen: 171739K(175104K)->171747K(175104K)
[384.657s][info][gc,metaspace   ] GC(1058) Metaspace: 35402K(36096K)->35402K(36096K) NonClass: 29130K(29632K)->29130K(29632K) Class: 6271K(6464K)->6271K(6464K)
[384.657s][info][gc             ] GC(1058) Pause Young (Allocation Failure) 383M->167M(386M) 1.620ms
[384.657s][info][gc,cpu         ] GC(1058) User=0.01s Sys=0.00s Real=0.00s
[385.097s][info][gc,start       ] GC(1059) Pause Young (Allocation Failure)
[385.099s][info][gc,heap        ] GC(1059) PSYoungGen: 212544K(220160K)->64K(205312K) Eden: 212480K(212480K)->0K(204800K) From: 64K(7680K)->64K(512K)
[385.099s][info][gc,heap        ] GC(1059) ParOldGen: 171747K(175104K)->171755K(175104K)
[385.099s][info][gc,metaspace   ] GC(1059) Metaspace: 35402K(36096K)->35402K(36096K) NonClass: 29130K(29632K)->29130K(29632K) Class: 6271K(6464K)->6271K(6464K)
[385.099s][info][gc             ] GC(1059) Pause Young (Allocation Failure) 375M->167M(371M) 2.270ms
[385.099s][info][gc,cpu         ] GC(1059) User=0.00s Sys=0.00s Real=0.00s
[385.329s][info][gc,start       ] GC(1060) Pause Young (Allocation Failure)
[385.330s][info][gc,heap        ] GC(1060) PSYoungGen: 204864K(205312K)->64K(203776K) Eden: 204800K(204800K)->0K(197120K) From: 64K(512K)->64K(6656K)
[385.330s][info][gc,heap        ] GC(1060) ParOldGen: 171755K(175104K)->171763K(175104K)
[385.330s][info][gc,metaspace   ] GC(1060) Metaspace: 35402K(36096K)->35402K(36096K) NonClass: 29130K(29632K)->29130K(29632K) Class: 6271K(6464K)->6271K(6464K)
[385.330s][info][gc             ] GC(1060) Pause Young (Allocation Failure) 367M->167M(370M) 1.650ms
[385.330s][info][gc,cpu         ] GC(1060) User=0.00s Sys=0.00s Real=0.00s
[385.613s][info][gc,start       ] GC(1061) Pause Young (Allocation Failure)
[385.618s][info][gc,heap        ] GC(1061) PSYoungGen: 197184K(203776K)->1152K(235008K) Eden: 197120K(197120K)->0K(233472K) From: 64K(6656K)->1152K(1536K)
[385.618s][info][gc,heap        ] GC(1061) ParOldGen: 171763K(175104K)->171771K(175104K)
[385.618s][info][gc,metaspace   ] GC(1061) Metaspace: 35402K(36096K)->35402K(36096K) NonClass: 29130K(29632K)->29130K(29632K) Class: 6271K(6464K)->6271K(6464K)
[385.618s][info][gc             ] GC(1061) Pause Young (Allocation Failure) 360M->168M(400M) 5.526ms
[385.618s][info][gc,cpu         ] GC(1061) User=0.01s Sys=0.00s Real=0.01s
[385.867s][info][gc,start       ] GC(1062) Pause Young (Allocation Failure)
[385.930s][info][gc,heap        ] GC(1062) PSYoungGen: 234624K(235008K)->5632K(263168K) Eden: 233472K(233472K)->0K(257536K) From: 1152K(1536K)->5632K(5632K)
[385.930s][info][gc,heap        ] GC(1062) ParOldGen: 171771K(175104K)->190867K(190976K)
[385.930s][info][gc,metaspace   ] GC(1062) Metaspace: 35402K(36096K)->35402K(36096K) NonClass: 29130K(29632K)->29130K(29632K) Class: 6271K(6464K)->6271K(6464K)
[385.930s][info][gc             ] GC(1062) Pause Young (Allocation Failure) 396M->191M(443M) 63.308ms
[385.930s][info][gc,cpu         ] GC(1062) User=0.10s Sys=0.01s Real=0.06s
[386.196s][info][gc,start       ] GC(1063) Pause Young (Allocation Failure)
[386.259s][info][gc,heap        ] GC(1063) PSYoungGen: 263168K(263168K)->14336K(286208K) Eden: 257536K(257536K)->0K(271872K) From: 5632K(5632K)->14336K(14336K)
[386.259s][info][gc,heap        ] GC(1063) ParOldGen: 190867K(190976K)->204499K(204800K)
[386.259s][info][gc,metaspace   ] GC(1063) Metaspace: 35402K(36096K)->35402K(36096K) NonClass: 29130K(29632K)->29130K(29632K) Class: 6271K(6464K)->6271K(6464K)
[386.259s][info][gc             ] GC(1063) Pause Young (Allocation Failure) 443M->213M(479M) 62.515ms
[386.259s][info][gc,cpu         ] GC(1063) User=0.10s Sys=0.02s Real=0.06s
[386.447s][info][gc,start       ] GC(1064) Pause Young (Allocation Failure)
[386.483s][info][gc,heap        ] GC(1064) PSYoungGen: 286208K(286208K)->15904K(294400K) Eden: 271872K(271872K)->0K(271872K) From: 14336K(14336K)->15904K(22528K)
[386.483s][info][gc,heap        ] GC(1064) ParOldGen: 204499K(204800K)->204995K(205312K)
[386.483s][info][gc,metaspace   ] GC(1064) Metaspace: 35402K(36096K)->35402K(36096K) NonClass: 29130K(29632K)->29130K(29632K) Class: 6271K(6464K)->6271K(6464K)
[386.483s][info][gc             ] GC(1064) Pause Young (Allocation Failure) 479M->215M(488M) 36.281ms
[386.483s][info][gc,cpu         ] GC(1064) User=0.06s Sys=0.00s Real=0.03s
[386.706s][info][gc,start       ] GC(1065) Pause Young (Allocation Failure)
[386.707s][info][gc,heap        ] GC(1065) PSYoungGen: 287776K(294400K)->64K(309760K) Eden: 271872K(271872K)->0K(285184K) From: 15904K(22528K)->64K(24576K)
[386.707s][info][gc,heap        ] GC(1065) ParOldGen: 204995K(205312K)->205003K(205312K)
[386.707s][info][gc,metaspace   ] GC(1065) Metaspace: 35402K(36096K)->35402K(36096K) NonClass: 29130K(29632K)->29130K(29632K) Class: 6271K(6464K)->6271K(6464K)
[386.707s][info][gc             ] GC(1065) Pause Young (Allocation Failure) 481M->200M(503M) 1.074ms
[386.707s][info][gc,cpu         ] GC(1065) User=0.00s Sys=0.00s Real=0.00s
[387.372s][info][gc,start       ] GC(1066) Pause Young (Allocation Failure)
[387.373s][info][gc,heap        ] GC(1066) PSYoungGen: 285248K(309760K)->64K(285696K) Eden: 285184K(285184K)->0K(285184K) From: 64K(24576K)->64K(512K)
[387.373s][info][gc,heap        ] GC(1066) ParOldGen: 205003K(205312K)->205011K(205312K)
[387.373s][info][gc,metaspace   ] GC(1066) Metaspace: 35402K(36096K)->35402K(36096K) NonClass: 29130K(29632K)->29130K(29632K) Class: 6271K(6464K)->6271K(6464K)
[387.373s][info][gc             ] GC(1066) Pause Young (Allocation Failure) 478M->200M(479M) 1.120ms
[387.373s][info][gc,cpu         ] GC(1066) User=0.00s Sys=0.00s Real=0.00s
[387.636s][info][gc,start       ] GC(1067) Pause Young (Allocation Failure)
[387.637s][info][gc,heap        ] GC(1067) PSYoungGen: 285248K(285696K)->64K(309248K) Eden: 285184K(285184K)->0K(286208K) From: 64K(512K)->64K(23040K)
[387.637s][info][gc,heap        ] GC(1067) ParOldGen: 205011K(205312K)->205027K(205312K)
[387.637s][info][gc,metaspace   ] GC(1067) Metaspace: 35402K(36096K)->35402K(36096K) NonClass: 29130K(29632K)->29130K(29632K) Class: 6271K(6464K)->6271K(6464K)
[387.637s][info][gc             ] GC(1067) Pause Young (Allocation Failure) 478M->200M(502M) 1.098ms
[387.637s][info][gc,cpu         ] GC(1067) User=0.00s Sys=0.00s Real=0.00s
[388.009s][info][gc,start       ] GC(1068) Pause Young (Allocation Failure)
[388.010s][info][gc,heap        ] GC(1068) PSYoungGen: 286272K(309248K)->64K(308224K) Eden: 286208K(286208K)->0K(286208K) From: 64K(23040K)->64K(22016K)
[388.010s][info][gc,heap        ] GC(1068) ParOldGen: 205027K(205312K)->205035K(205312K)
[388.010s][info][gc,metaspace   ] GC(1068) Metaspace: 35402K(36096K)->35402K(36096K) NonClass: 29130K(29632K)->29130K(29632K) Class: 6271K(6464K)->6271K(6464K)
[388.010s][info][gc             ] GC(1068) Pause Young (Allocation Failure) 479M->200M(501M) 1.149ms
[388.010s][info][gc,cpu         ] GC(1068) User=0.00s Sys=0.00s Real=0.00s
[388.198s][info][gc,start       ] GC(1069) Pause Young (Allocation Failure)
[388.199s][info][gc,heap        ] GC(1069) PSYoungGen: 286272K(308224K)->64K(310784K) Eden: 286208K(286208K)->0K(289792K) From: 64K(22016K)->64K(20992K)
[388.199s][info][gc,heap        ] GC(1069) ParOldGen: 205035K(205312K)->205051K(205312K)
[388.199s][info][gc,metaspace   ] GC(1069) Metaspace: 35402K(36096K)->35402K(36096K) NonClass: 29130K(29632K)->29130K(29632K) Class: 6271K(6464K)->6271K(6464K)
[388.199s][info][gc             ] GC(1069) Pause Young (Allocation Failure) 479M->200M(504M) 1.122ms
[388.199s][info][gc,cpu         ] GC(1069) User=0.00s Sys=0.01s Real=0.00s
[388.389s][info][gc,start       ] GC(1070) Pause Young (Allocation Failure)
[388.390s][info][gc,heap        ] GC(1070) PSYoungGen: 289856K(310784K)->64K(310272K) Eden: 289792K(289792K)->0K(289792K) From: 64K(20992K)->64K(20480K)
[388.390s][info][gc,heap        ] GC(1070) ParOldGen: 205051K(205312K)->205051K(205312K)
[388.390s][info][gc,metaspace   ] GC(1070) Metaspace: 35402K(36096K)->35402K(36096K) NonClass: 29130K(29632K)->29130K(29632K) Class: 6271K(6464K)->6271K(6464K)
[388.390s][info][gc             ] GC(1070) Pause Young (Allocation Failure) 483M->200M(503M) 1.080ms
[388.390s][info][gc,cpu         ] GC(1070) User=0.00s Sys=0.00s Real=0.00s
[388.658s][info][gc,start       ] GC(1071) Pause Young (Allocation Failure)
[388.659s][info][gc,heap        ] GC(1071) PSYoungGen: 289856K(310272K)->64K(312320K) Eden: 289792K(289792K)->0K(293376K) From: 64K(20480K)->64K(18944K)
[388.659s][info][gc,heap        ] GC(1071) ParOldGen: 205051K(205312K)->205051K(205312K)
[388.659s][info][gc,metaspace   ] GC(1071) Metaspace: 35402K(36096K)->35402K(36096K) NonClass: 29130K(29632K)->29130K(29632K) Class: 6271K(6464K)->6271K(6464K)
[388.659s][info][gc             ] GC(1071) Pause Young (Allocation Failure) 483M->200M(505M) 1.114ms
[388.659s][info][gc,cpu         ] GC(1071) User=0.00s Sys=0.00s Real=0.00s
[388.715s][info][gc,start       ] GC(1072) Pause Young (Allocation Failure)
[388.716s][info][gc,heap        ] GC(1072) PSYoungGen: 293440K(312320K)->64K(311808K) Eden: 293376K(293376K)->0K(293376K) From: 64K(18944K)->64K(18432K)
[388.716s][info][gc,heap        ] GC(1072) ParOldGen: 205051K(205312K)->205067K(205312K)
[388.716s][info][gc,metaspace   ] GC(1072) Metaspace: 35402K(36096K)->35402K(36096K) NonClass: 29130K(29632K)->29130K(29632K) Class: 6271K(6464K)->6271K(6464K)
[388.716s][info][gc             ] GC(1072) Pause Young (Allocation Failure) 486M->200M(505M) 1.039ms
[388.716s][info][gc,cpu         ] GC(1072) User=0.01s Sys=0.00s Real=0.00s
[388.808s][info][gc,start       ] GC(1073) Pause Young (Allocation Failure)
[388.809s][info][gc,heap        ] GC(1073) PSYoungGen: 293440K(311808K)->64K(314368K) Eden: 293376K(293376K)->0K(297472K) From: 64K(18432K)->64K(16896K)
[388.810s][info][gc,heap        ] GC(1073) ParOldGen: 205067K(205312K)->205067K(205312K)
[388.810s][info][gc,metaspace   ] GC(1073) Metaspace: 35402K(36096K)->35402K(36096K) NonClass: 29130K(29632K)->29130K(29632K) Class: 6271K(6464K)->6271K(6464K)
[388.810s][info][gc             ] GC(1073) Pause Young (Allocation Failure) 486M->200M(507M) 1.058ms
[388.810s][info][gc,cpu         ] GC(1073) User=0.00s Sys=0.00s Real=0.00s
[389.064s][info][gc,start       ] GC(1074) Pause Young (Allocation Failure)
[389.065s][info][gc,heap        ] GC(1074) PSYoungGen: 297536K(314368K)->64K(313856K) Eden: 297472K(297472K)->0K(297472K) From: 64K(16896K)->64K(16384K)
[389.065s][info][gc,heap        ] GC(1074) ParOldGen: 205067K(205312K)->205083K(205312K)
[389.065s][info][gc,metaspace   ] GC(1074) Metaspace: 35402K(36096K)->35402K(36096K) NonClass: 29130K(29632K)->29130K(29632K) Class: 6271K(6464K)->6271K(6464K)
[389.065s][info][gc             ] GC(1074) Pause Young (Allocation Failure) 490M->200M(507M) 1.023ms
[389.065s][info][gc,cpu         ] GC(1074) User=0.00s Sys=0.00s Real=0.00s
[389.262s][info][gc,start       ] GC(1075) Pause Young (Allocation Failure)
[389.263s][info][gc,heap        ] GC(1075) PSYoungGen: 297536K(313856K)->64K(316416K) Eden: 297472K(297472K)->0K(301056K) From: 64K(16384K)->64K(15360K)
[389.263s][info][gc,heap        ] GC(1075) ParOldGen: 205083K(205312K)->205083K(205312K)
[389.263s][info][gc,metaspace   ] GC(1075) Metaspace: 35402K(36096K)->35402K(36096K) NonClass: 29130K(29632K)->29130K(29632K) Class: 6271K(6464K)->6271K(6464K)
[389.263s][info][gc             ] GC(1075) Pause Young (Allocation Failure) 490M->200M(509M) 1.103ms
[389.263s][info][gc,cpu         ] GC(1075) User=0.00s Sys=0.00s Real=0.00s
[389.343s][info][gc,start       ] GC(1076) Pause Young (Allocation Failure)
[389.344s][info][gc,heap        ] GC(1076) PSYoungGen: 301120K(316416K)->64K(315904K) Eden: 301056K(301056K)->0K(301056K) From: 64K(15360K)->64K(14848K)
[389.344s][info][gc,heap        ] GC(1076) ParOldGen: 205083K(205312K)->205099K(205312K)
[389.344s][info][gc,metaspace   ] GC(1076) Metaspace: 35402K(36096K)->35402K(36096K) NonClass: 29130K(29632K)->29130K(29632K) Class: 6271K(6464K)->6271K(6464K)
[389.344s][info][gc             ] GC(1076) Pause Young (Allocation Failure) 494M->200M(509M) 1.113ms
[389.344s][info][gc,cpu         ] GC(1076) User=0.00s Sys=0.00s Real=0.00s
[389.484s][info][gc,start       ] GC(1077) Pause Young (Allocation Failure)
[389.485s][info][gc,heap        ] GC(1077) PSYoungGen: 301120K(315904K)->64K(317952K) Eden: 301056K(301056K)->0K(304640K) From: 64K(14848K)->64K(13312K)
[389.485s][info][gc,heap        ] GC(1077) ParOldGen: 205099K(205312K)->205099K(205312K)
[389.485s][info][gc,metaspace   ] GC(1077) Metaspace: 35402K(36096K)->35402K(36096K) NonClass: 29130K(29632K)->29130K(29632K) Class: 6271K(6464K)->6271K(6464K)
[389.485s][info][gc             ] GC(1077) Pause Young (Allocation Failure) 494M->200M(511M) 1.205ms
[389.485s][info][gc,cpu         ] GC(1077) User=0.00s Sys=0.00s Real=0.01s
[389.866s][info][gc,start       ] GC(1078) Pause Young (Allocation Failure)
[389.867s][info][gc,heap        ] GC(1078) PSYoungGen: 304704K(317952K)->64K(292864K) Eden: 304640K(304640K)->0K(292352K) From: 64K(13312K)->64K(512K)
[389.867s][info][gc,heap        ] GC(1078) ParOldGen: 205099K(205312K)->205107K(205312K)
[389.867s][info][gc,metaspace   ] GC(1078) Metaspace: 35402K(36096K)->35402K(36096K) NonClass: 29130K(29632K)->29130K(29632K) Class: 6271K(6464K)->6271K(6464K)
[389.867s][info][gc             ] GC(1078) Pause Young (Allocation Failure) 497M->200M(486M) 1.114ms
[389.867s][info][gc,cpu         ] GC(1078) User=0.00s Sys=0.00s Real=0.00s
[390.537s][info][gc,start       ] GC(1079) Pause Young (Allocation Failure)
[390.538s][info][gc,heap        ] GC(1079) PSYoungGen: 292416K(292864K)->83K(281088K) Eden: 292352K(292352K)->0K(280576K) From: 64K(512K)->83K(512K)
[390.538s][info][gc,heap        ] GC(1079) ParOldGen: 205107K(205312K)->205115K(205312K)
[390.538s][info][gc,metaspace   ] GC(1079) Metaspace: 35402K(36096K)->35402K(36096K) NonClass: 29130K(29632K)->29130K(29632K) Class: 6271K(6464K)->6271K(6464K)
[390.538s][info][gc             ] GC(1079) Pause Young (Allocation Failure) 485M->200M(475M) 1.304ms
[390.538s][info][gc,cpu         ] GC(1079) User=0.00s Sys=0.00s Real=0.00s
[391.456s][info][gc,start       ] GC(1080) Pause Young (Allocation Failure)
[391.457s][info][gc,heap        ] GC(1080) PSYoungGen: 280659K(281088K)->64K(280576K) Eden: 280576K(280576K)->0K(269312K) From: 83K(512K)->64K(11264K)
[391.457s][info][gc,heap        ] GC(1080) ParOldGen: 205115K(205312K)->205123K(205312K)
[391.457s][info][gc,metaspace   ] GC(1080) Metaspace: 35402K(36096K)->35402K(36096K) NonClass: 29130K(29632K)->29130K(29632K) Class: 6271K(6464K)->6271K(6464K)
[391.457s][info][gc             ] GC(1080) Pause Young (Allocation Failure) 474M->200M(474M) 1.113ms
[391.457s][info][gc,cpu         ] GC(1080) User=0.01s Sys=0.00s Real=0.00s
[391.874s][info][gc,start       ] GC(1081) Pause Young (Allocation Failure)
[391.875s][info][gc,heap        ] GC(1081) PSYoungGen: 269376K(280576K)->64K(259072K) Eden: 269312K(269312K)->0K(258560K) From: 64K(11264K)->64K(512K)
[391.876s][info][gc,heap        ] GC(1081) ParOldGen: 205123K(205312K)->205131K(205312K)
[391.876s][info][gc,metaspace   ] GC(1081) Metaspace: 35402K(36096K)->35402K(36096K) NonClass: 29130K(29632K)->29130K(29632K) Class: 6271K(6464K)->6271K(6464K)
[391.876s][info][gc             ] GC(1081) Pause Young (Allocation Failure) 463M->200M(453M) 1.829ms
[391.876s][info][gc,cpu         ] GC(1081) User=0.00s Sys=0.00s Real=0.01s
[392.830s][info][gc,start       ] GC(1082) Pause Young (Allocation Failure)
[392.831s][info][gc,heap        ] GC(1082) PSYoungGen: 258624K(259072K)->64K(258048K) Eden: 258560K(258560K)->0K(248320K) From: 64K(512K)->64K(9728K)
[392.831s][info][gc,heap        ] GC(1082) ParOldGen: 205131K(205312K)->205139K(205312K)
[392.831s][info][gc,metaspace   ] GC(1082) Metaspace: 35402K(36096K)->35402K(36096K) NonClass: 29130K(29632K)->29130K(29632K) Class: 6271K(6464K)->6271K(6464K)
[392.831s][info][gc             ] GC(1082) Pause Young (Allocation Failure) 452M->200M(452M) 1.762ms
[392.831s][info][gc,cpu         ] GC(1082) User=0.00s Sys=0.00s Real=0.00s
[393.037s][info][gc,start       ] GC(1083) Pause Young (Allocation Failure)
[393.039s][info][gc,heap        ] GC(1083) PSYoungGen: 248384K(258048K)->64K(239104K) Eden: 248320K(248320K)->0K(238592K) From: 64K(9728K)->64K(512K)
[393.040s][info][gc,heap        ] GC(1083) ParOldGen: 205139K(205312K)->205147K(205312K)
[393.040s][info][gc,metaspace   ] GC(1083) Metaspace: 35402K(36096K)->35402K(36096K) NonClass: 29130K(29632K)->29130K(29632K) Class: 6271K(6464K)->6271K(6464K)
[393.040s][info][gc             ] GC(1083) Pause Young (Allocation Failure) 442M->200M(434M) 2.435ms
[393.040s][info][gc,cpu         ] GC(1083) User=0.00s Sys=0.01s Real=0.00s
[393.393s][info][gc,start       ] GC(1084) Pause Young (Allocation Failure)
[393.395s][info][gc,heap        ] GC(1084) PSYoungGen: 238656K(239104K)->64K(238080K) Eden: 238592K(238592K)->0K(229376K) From: 64K(512K)->64K(8704K)
[393.395s][info][gc,heap        ] GC(1084) ParOldGen: 205147K(205312K)->205155K(205312K)
[393.395s][info][gc,metaspace   ] GC(1084) Metaspace: 35402K(36096K)->35402K(36096K) NonClass: 29130K(29632K)->29130K(29632K) Class: 6271K(6464K)->6271K(6464K)
[393.395s][info][gc             ] GC(1084) Pause Young (Allocation Failure) 433M->200M(433M) 1.413ms
[393.395s][info][gc,cpu         ] GC(1084) User=0.00s Sys=0.00s Real=0.01s
[393.476s][info][gc,start       ] GC(1085) Pause Young (Allocation Failure)
[393.478s][info][gc,heap        ] GC(1085) PSYoungGen: 229440K(238080K)->64K(221184K) Eden: 229376K(229376K)->0K(220672K) From: 64K(8704K)->64K(512K)
[393.478s][info][gc,heap        ] GC(1085) ParOldGen: 205155K(205312K)->205163K(205312K)
[393.478s][info][gc,metaspace   ] GC(1085) Metaspace: 35402K(36096K)->35402K(36096K) NonClass: 29130K(29632K)->29130K(29632K) Class: 6271K(6464K)->6271K(6464K)
[393.478s][info][gc             ] GC(1085) Pause Young (Allocation Failure) 424M->200M(416M) 1.582ms
[393.478s][info][gc,cpu         ] GC(1085) User=0.01s Sys=0.00s Real=0.00s
[393.751s][info][gc,start       ] GC(1086) Pause Young (Allocation Failure)
[393.752s][info][gc,heap        ] GC(1086) PSYoungGen: 220736K(221184K)->64K(220160K) Eden: 220672K(220672K)->0K(212480K) From: 64K(512K)->64K(7680K)
[393.752s][info][gc,heap        ] GC(1086) ParOldGen: 205163K(205312K)->205171K(205312K)
[393.752s][info][gc,metaspace   ] GC(1086) Metaspace: 35402K(36096K)->35402K(36096K) NonClass: 29130K(29632K)->29130K(29632K) Class: 6271K(6464K)->6271K(6464K)
[393.752s][info][gc             ] GC(1086) Pause Young (Allocation Failure) 415M->200M(415M) 1.045ms
[393.752s][info][gc,cpu         ] GC(1086) User=0.00s Sys=0.00s Real=0.00s
[394.168s][info][gc,start       ] GC(1087) Pause Young (Allocation Failure)
[394.170s][info][gc,heap        ] GC(1087) PSYoungGen: 212544K(220160K)->64K(205312K) Eden: 212480K(212480K)->0K(204800K) From: 64K(7680K)->64K(512K)
[394.170s][info][gc,heap        ] GC(1087) ParOldGen: 205171K(205312K)->205179K(205312K)
[394.170s][info][gc,metaspace   ] GC(1087) Metaspace: 35402K(36096K)->35402K(36096K) NonClass: 29130K(29632K)->29130K(29632K) Class: 6271K(6464K)->6271K(6464K)
[394.170s][info][gc             ] GC(1087) Pause Young (Allocation Failure) 407M->200M(401M) 1.638ms
[394.170s][info][gc,cpu         ] GC(1087) User=0.00s Sys=0.00s Real=0.00s
[394.367s][info][gc,start       ] GC(1088) Pause Young (Allocation Failure)
[394.370s][info][gc,heap        ] GC(1088) PSYoungGen: 204863K(205312K)->64K(203776K) Eden: 204799K(204800K)->0K(197120K) From: 64K(512K)->64K(6656K)
[394.370s][info][gc,heap        ] GC(1088) ParOldGen: 205179K(205312K)->205187K(205312K)
[394.370s][info][gc,metaspace   ] GC(1088) Metaspace: 35402K(36096K)->35402K(36096K) NonClass: 29130K(29632K)->29130K(29632K) Class: 6271K(6464K)->6271K(6464K)
[394.370s][info][gc             ] GC(1088) Pause Young (Allocation Failure) 400M->200M(399M) 3.397ms
[394.370s][info][gc,cpu         ] GC(1088) User=0.00s Sys=0.00s Real=0.00s
[394.621s][info][gc,start       ] GC(1089) Pause Young (Allocation Failure)
[394.663s][info][gc,heap        ] GC(1089) PSYoungGen: 197184K(203776K)->6144K(242176K) Eden: 197120K(197120K)->0K(236032K) From: 64K(6656K)->6144K(6144K)
[394.663s][info][gc,heap        ] GC(1089) ParOldGen: 205187K(205312K)->214067K(214528K)
[394.663s][info][gc,metaspace   ] GC(1089) Metaspace: 35402K(36096K)->35402K(36096K) NonClass: 29130K(29632K)->29130K(29632K) Class: 6271K(6464K)->6271K(6464K)
[394.663s][info][gc             ] GC(1089) Pause Young (Allocation Failure) 392M->215M(446M) 41.930ms
[394.663s][info][gc,cpu         ] GC(1089) User=0.08s Sys=0.01s Real=0.04s
[394.917s][info][gc,start       ] GC(1090) Pause Young (Allocation Failure)
[395.017s][info][gc,heap        ] GC(1090) PSYoungGen: 242176K(242176K)->10752K(262144K) Eden: 236032K(236032K)->0K(251392K) From: 6144K(6144K)->10752K(10752K)
[395.017s][info][gc,heap        ] GC(1090) ParOldGen: 214067K(214528K)->228635K(228864K)
[395.017s][info][gc,metaspace   ] GC(1090) Metaspace: 35402K(36096K)->35402K(36096K) NonClass: 29130K(29632K)->29130K(29632K) Class: 6271K(6464K)->6271K(6464K)
[395.017s][info][gc             ] GC(1090) Pause Young (Allocation Failure) 445M->233M(479M) 99.370ms
[395.017s][info][gc,cpu         ] GC(1090) User=0.18s Sys=0.01s Real=0.10s
[395.288s][info][gc,start       ] GC(1091) Pause Young (Allocation Failure)
[395.369s][info][gc,heap        ] GC(1091) PSYoungGen: 262144K(262144K)->18432K(294912K) Eden: 251392K(251392K)->0K(276480K) From: 10752K(10752K)->18432K(18432K)
[395.369s][info][gc,heap        ] GC(1091) ParOldGen: 228635K(228864K)->237323K(237568K)
[395.369s][info][gc,metaspace   ] GC(1091) Metaspace: 35402K(36096K)->35402K(36096K) NonClass: 29130K(29632K)->29130K(29632K) Class: 6271K(6464K)->6271K(6464K)
[395.369s][info][gc             ] GC(1091) Pause Young (Allocation Failure) 479M->249M(520M) 81.709ms
[395.369s][info][gc,cpu         ] GC(1091) User=0.14s Sys=0.03s Real=0.08s
[395.477s][info][gc,start       ] GC(1092) Pause Young (Allocation Failure)
[395.489s][info][gc,heap        ] GC(1092) PSYoungGen: 294912K(294912K)->2368K(302080K) Eden: 276480K(276480K)->0K(276480K) From: 18432K(18432K)->2368K(25600K)
[395.489s][info][gc,heap        ] GC(1092) ParOldGen: 237323K(237568K)->237635K(238080K)
[395.489s][info][gc,metaspace   ] GC(1092) Metaspace: 35402K(36096K)->35402K(36096K) NonClass: 29130K(29632K)->29130K(29632K) Class: 6271K(6464K)->6271K(6464K)
[395.489s][info][gc             ] GC(1092) Pause Young (Allocation Failure) 519M->234M(527M) 11.555ms
[395.489s][info][gc,cpu         ] GC(1092) User=0.02s Sys=0.00s Real=0.01s
[395.999s][info][gc,start       ] GC(1093) Pause Young (Allocation Failure)
[396.001s][info][gc,heap        ] GC(1093) PSYoungGen: 278848K(302080K)->64K(305152K) Eden: 276480K(276480K)->0K(283648K) From: 2368K(25600K)->64K(21504K)
[396.001s][info][gc,heap        ] GC(1093) ParOldGen: 237635K(238080K)->237643K(238080K)
[396.001s][info][gc,metaspace   ] GC(1093) Metaspace: 35402K(36096K)->35402K(36096K) NonClass: 29130K(29632K)->29130K(29632K) Class: 6271K(6464K)->6271K(6464K)
[396.001s][info][gc             ] GC(1093) Pause Young (Allocation Failure) 504M->232M(530M) 1.569ms
[396.001s][info][gc,cpu         ] GC(1093) User=0.00s Sys=0.00s Real=0.00s
[396.481s][info][gc,start       ] GC(1094) Pause Young (Allocation Failure)
[396.483s][info][gc,heap        ] GC(1094) PSYoungGen: 283712K(305152K)->64K(307200K) Eden: 283648K(283648K)->0K(283648K) From: 64K(21504K)->64K(23552K)
[396.483s][info][gc,heap        ] GC(1094) ParOldGen: 237643K(238080K)->237651K(238080K)
[396.483s][info][gc,metaspace   ] GC(1094) Metaspace: 35402K(36096K)->35402K(36096K) NonClass: 29130K(29632K)->29130K(29632K) Class: 6271K(6464K)->6271K(6464K)
[396.483s][info][gc             ] GC(1094) Pause Young (Allocation Failure) 509M->232M(532M) 1.232ms
[396.483s][info][gc,cpu         ] GC(1094) User=0.00s Sys=0.01s Real=0.00s
[396.864s][info][gc,start       ] GC(1095) Pause Young (Allocation Failure)
[396.865s][info][gc,heap        ] GC(1095) PSYoungGen: 283712K(307200K)->64K(307712K) Eden: 283648K(283648K)->0K(287232K) From: 64K(23552K)->64K(20480K)
[396.865s][info][gc,heap        ] GC(1095) ParOldGen: 237651K(238080K)->237667K(238080K)
[396.865s][info][gc,metaspace   ] GC(1095) Metaspace: 35402K(36096K)->35402K(36096K) NonClass: 29130K(29632K)->29130K(29632K) Class: 6271K(6464K)->6271K(6464K)
[396.865s][info][gc             ] GC(1095) Pause Young (Allocation Failure) 509M->232M(533M) 1.155ms
[396.865s][info][gc,cpu         ] GC(1095) User=0.00s Sys=0.00s Real=0.01s
[397.052s][info][gc,start       ] GC(1096) Pause Young (Allocation Failure)
[397.053s][info][gc,heap        ] GC(1096) PSYoungGen: 287296K(307712K)->64K(309248K) Eden: 287232K(287232K)->0K(287232K) From: 64K(20480K)->64K(22016K)
[397.053s][info][gc,heap        ] GC(1096) ParOldGen: 237667K(238080K)->237683K(238080K)
[397.053s][info][gc,metaspace   ] GC(1096) Metaspace: 35402K(36096K)->35402K(36096K) NonClass: 29130K(29632K)->29130K(29632K) Class: 6271K(6464K)->6271K(6464K)
[397.053s][info][gc             ] GC(1096) Pause Young (Allocation Failure) 512M->232M(534M) 1.145ms
[397.053s][info][gc,cpu         ] GC(1096) User=0.00s Sys=0.00s Real=0.00s
[397.235s][info][gc,start       ] GC(1097) Pause Young (Allocation Failure)
[397.236s][info][gc,heap        ] GC(1097) PSYoungGen: 287296K(309248K)->64K(309248K) Eden: 287232K(287232K)->0K(290816K) From: 64K(22016K)->64K(18432K)
[397.236s][info][gc,heap        ] GC(1097) ParOldGen: 237683K(238080K)->237683K(238080K)
[397.236s][info][gc,metaspace   ] GC(1097) Metaspace: 35402K(36096K)->35402K(36096K) NonClass: 29130K(29632K)->29130K(29632K) Class: 6271K(6464K)->6271K(6464K)
[397.236s][info][gc             ] GC(1097) Pause Young (Allocation Failure) 512M->232M(534M) 1.111ms
[397.236s][info][gc,cpu         ] GC(1097) User=0.01s Sys=0.00s Real=0.00s
[397.560s][info][gc,start       ] GC(1098) Pause Young (Allocation Failure)
[397.561s][info][gc,heap        ] GC(1098) PSYoungGen: 290880K(309248K)->64K(310784K) Eden: 290816K(290816K)->0K(290816K) From: 64K(18432K)->64K(19968K)
[397.561s][info][gc,heap        ] GC(1098) ParOldGen: 237683K(238080K)->237683K(238080K)
[397.561s][info][gc,metaspace   ] GC(1098) Metaspace: 35402K(36096K)->35402K(36096K) NonClass: 29130K(29632K)->29130K(29632K) Class: 6271K(6464K)->6271K(6464K)
[397.561s][info][gc             ] GC(1098) Pause Young (Allocation Failure) 516M->232M(536M) 1.160ms
[397.561s][info][gc,cpu         ] GC(1098) User=0.00s Sys=0.00s Real=0.00s
[397.630s][info][gc,start       ] GC(1099) Pause Young (Allocation Failure)
[397.631s][info][gc,heap        ] GC(1099) PSYoungGen: 290880K(310784K)->64K(311296K) Eden: 290816K(290816K)->0K(294912K) From: 64K(19968K)->64K(16384K)
[397.631s][info][gc,heap        ] GC(1099) ParOldGen: 237683K(238080K)->237691K(238080K)
[397.631s][info][gc,metaspace   ] GC(1099) Metaspace: 35402K(36096K)->35402K(36096K) NonClass: 29130K(29632K)->29130K(29632K) Class: 6271K(6464K)->6271K(6464K)
[397.631s][info][gc             ] GC(1099) Pause Young (Allocation Failure) 516M->232M(536M) 1.129ms
[397.631s][info][gc,cpu         ] GC(1099) User=0.00s Sys=0.00s Real=0.00s
[397.688s][info][gc,start       ] GC(1100) Pause Young (Allocation Failure)
[397.689s][info][gc,heap        ] GC(1100) PSYoungGen: 294976K(311296K)->64K(312832K) Eden: 294912K(294912K)->0K(294912K) From: 64K(16384K)->64K(17920K)
[397.689s][info][gc,heap        ] GC(1100) ParOldGen: 237691K(238080K)->237707K(238080K)
[397.689s][info][gc,metaspace   ] GC(1100) Metaspace: 35402K(36096K)->35402K(36096K) NonClass: 29130K(29632K)->29130K(29632K) Class: 6271K(6464K)->6271K(6464K)
[397.689s][info][gc             ] GC(1100) Pause Young (Allocation Failure) 520M->232M(538M) 1.107ms
[397.689s][info][gc,cpu         ] GC(1100) User=0.01s Sys=0.00s Real=0.00s
[397.870s][info][gc,start       ] GC(1101) Pause Young (Allocation Failure)
[397.871s][info][gc,heap        ] GC(1101) PSYoungGen: 294976K(312832K)->64K(313344K) Eden: 294912K(294912K)->0K(299008K) From: 64K(17920K)->64K(14336K)
[397.871s][info][gc,heap        ] GC(1101) ParOldGen: 237707K(238080K)->237707K(238080K)
[397.871s][info][gc,metaspace   ] GC(1101) Metaspace: 35402K(36096K)->35402K(36096K) NonClass: 29130K(29632K)->29130K(29632K) Class: 6271K(6464K)->6271K(6464K)
[397.871s][info][gc             ] GC(1101) Pause Young (Allocation Failure) 520M->232M(538M) 1.150ms
[397.871s][info][gc,cpu         ] GC(1101) User=0.00s Sys=0.00s Real=0.00s
[398.107s][info][gc,start       ] GC(1102) Pause Young (Allocation Failure)
[398.108s][info][gc,heap        ] GC(1102) PSYoungGen: 299072K(313344K)->64K(314880K) Eden: 299008K(299008K)->0K(299008K) From: 64K(14336K)->64K(15872K)
[398.108s][info][gc,heap        ] GC(1102) ParOldGen: 237707K(238080K)->237715K(238080K)
[398.108s][info][gc,metaspace   ] GC(1102) Metaspace: 35402K(36096K)->35402K(36096K) NonClass: 29130K(29632K)->29130K(29632K) Class: 6271K(6464K)->6271K(6464K)
[398.108s][info][gc             ] GC(1102) Pause Young (Allocation Failure) 524M->232M(540M) 1.111ms
[398.108s][info][gc,cpu         ] GC(1102) User=0.00s Sys=0.00s Real=0.00s
[398.237s][info][gc,start       ] GC(1103) Pause Young (Allocation Failure)
[398.238s][info][gc,heap        ] GC(1103) PSYoungGen: 299072K(314880K)->64K(315392K) Eden: 299008K(299008K)->0K(302592K) From: 64K(15872K)->64K(12800K)
[398.238s][info][gc,heap        ] GC(1103) ParOldGen: 237715K(238080K)->237723K(238080K)
[398.238s][info][gc,metaspace   ] GC(1103) Metaspace: 35402K(36096K)->35402K(36096K) NonClass: 29130K(29632K)->29130K(29632K) Class: 6271K(6464K)->6271K(6464K)
[398.238s][info][gc             ] GC(1103) Pause Young (Allocation Failure) 524M->232M(540M) 1.218ms
[398.238s][info][gc,cpu         ] GC(1103) User=0.00s Sys=0.00s Real=0.00s
[398.327s][info][gc,start       ] GC(1104) Pause Young (Allocation Failure)
[398.328s][info][gc,heap        ] GC(1104) PSYoungGen: 302656K(315392K)->64K(316928K) Eden: 302592K(302592K)->0K(302592K) From: 64K(12800K)->64K(14336K)
[398.328s][info][gc,heap        ] GC(1104) ParOldGen: 237723K(238080K)->237731K(238080K)
[398.328s][info][gc,metaspace   ] GC(1104) Metaspace: 35402K(36096K)->35402K(36096K) NonClass: 29130K(29632K)->29130K(29632K) Class: 6271K(6464K)->6271K(6464K)
[398.328s][info][gc             ] GC(1104) Pause Young (Allocation Failure) 527M->232M(542M) 1.118ms
[398.328s][info][gc,cpu         ] GC(1104) User=0.00s Sys=0.00s Real=0.00s
[398.507s][info][gc,start       ] GC(1105) Pause Young (Allocation Failure)
[398.509s][info][gc,heap        ] GC(1105) PSYoungGen: 302656K(316928K)->64K(317952K) Eden: 302592K(302592K)->0K(306176K) From: 64K(14336K)->64K(11776K)
[398.509s][info][gc,heap        ] GC(1105) ParOldGen: 237731K(238080K)->237739K(238080K)
[398.509s][info][gc,metaspace   ] GC(1105) Metaspace: 35402K(36096K)->35402K(36096K) NonClass: 29130K(29632K)->29130K(29632K) Class: 6271K(6464K)->6271K(6464K)
[398.509s][info][gc             ] GC(1105) Pause Young (Allocation Failure) 527M->232M(543M) 1.135ms
[398.509s][info][gc,cpu         ] GC(1105) User=0.00s Sys=0.00s Real=0.00s
[399.441s][info][gc,start       ] GC(1106) Pause Young (Allocation Failure)
[399.442s][info][gc,heap        ] GC(1106) PSYoungGen: 306240K(317952K)->64K(294400K) Eden: 306176K(306176K)->0K(293888K) From: 64K(11776K)->64K(512K)
[399.442s][info][gc,heap        ] GC(1106) ParOldGen: 237739K(238080K)->237747K(238080K)
[399.442s][info][gc,metaspace   ] GC(1106) Metaspace: 35402K(36096K)->35402K(36096K) NonClass: 29130K(29632K)->29130K(29632K) Class: 6271K(6464K)->6271K(6464K)
[399.442s][info][gc             ] GC(1106) Pause Young (Allocation Failure) 531M->232M(520M) 1.129ms
[399.442s][info][gc,cpu         ] GC(1106) User=0.00s Sys=0.00s Real=0.00s
[400.276s][info][gc,start       ] GC(1107) Pause Young (Allocation Failure)
[400.277s][info][gc,heap        ] GC(1107) PSYoungGen: 293952K(294400K)->64K(282624K) Eden: 293888K(293888K)->0K(282112K) From: 64K(512K)->64K(512K)
[400.278s][info][gc,heap        ] GC(1107) ParOldGen: 237747K(238080K)->237755K(238080K)
[400.278s][info][gc,metaspace   ] GC(1107) Metaspace: 35402K(36096K)->35402K(36096K) NonClass: 29130K(29632K)->29130K(29632K) Class: 6271K(6464K)->6271K(6464K)
[400.278s][info][gc             ] GC(1107) Pause Young (Allocation Failure) 519M->232M(508M) 1.925ms
[400.278s][info][gc,cpu         ] GC(1107) User=0.00s Sys=0.00s Real=0.00s
[400.574s][info][gc,start       ] GC(1108) Pause Young (Allocation Failure)
[400.575s][info][gc,heap        ] GC(1108) PSYoungGen: 282176K(282624K)->64K(281600K) Eden: 282112K(282112K)->0K(270848K) From: 64K(512K)->64K(10752K)
[400.575s][info][gc,heap        ] GC(1108) ParOldGen: 237755K(238080K)->237763K(238080K)
[400.575s][info][gc,metaspace   ] GC(1108) Metaspace: 35402K(36096K)->35402K(36096K) NonClass: 29130K(29632K)->29130K(29632K) Class: 6271K(6464K)->6271K(6464K)
[400.575s][info][gc             ] GC(1108) Pause Young (Allocation Failure) 507M->232M(507M) 1.113ms
[400.575s][info][gc,cpu         ] GC(1108) User=0.00s Sys=0.00s Real=0.01s
[400.976s][info][gc,start       ] GC(1109) Pause Young (Allocation Failure)
[400.978s][info][gc,heap        ] GC(1109) PSYoungGen: 270912K(281600K)->64K(260608K) Eden: 270848K(270848K)->0K(260096K) From: 64K(10752K)->64K(512K)
[400.978s][info][gc,heap        ] GC(1109) ParOldGen: 237763K(238080K)->237771K(238080K)
[400.978s][info][gc,metaspace   ] GC(1109) Metaspace: 35402K(36096K)->35402K(36096K) NonClass: 29130K(29632K)->29130K(29632K) Class: 6271K(6464K)->6271K(6464K)
[400.978s][info][gc             ] GC(1109) Pause Young (Allocation Failure) 496M->232M(487M) 1.825ms
[400.978s][info][gc,cpu         ] GC(1109) User=0.00s Sys=0.00s Real=0.00s
[401.863s][info][gc,start       ] GC(1110) Pause Young (Allocation Failure)
[401.864s][info][gc,heap        ] GC(1110) PSYoungGen: 260160K(260608K)->64K(259584K) Eden: 260096K(260096K)->0K(249856K) From: 64K(512K)->64K(9728K)
[401.864s][info][gc,heap        ] GC(1110) ParOldGen: 237771K(238080K)->237779K(238080K)
[401.864s][info][gc,metaspace   ] GC(1110) Metaspace: 35402K(36096K)->35402K(36096K) NonClass: 29130K(29632K)->29130K(29632K) Class: 6271K(6464K)->6271K(6464K)
[401.864s][info][gc             ] GC(1110) Pause Young (Allocation Failure) 486M->232M(486M) 1.155ms
[401.864s][info][gc,cpu         ] GC(1110) User=0.00s Sys=0.00s Real=0.00s
[402.199s][info][gc,start       ] GC(1111) Pause Young (Allocation Failure)
[402.201s][info][gc,heap        ] GC(1111) PSYoungGen: 249920K(259584K)->64K(240640K) Eden: 249856K(249856K)->0K(240128K) From: 64K(9728K)->64K(512K)
[402.201s][info][gc,heap        ] GC(1111) ParOldGen: 237779K(238080K)->237787K(238080K)
[402.201s][info][gc,metaspace   ] GC(1111) Metaspace: 35402K(36096K)->35402K(36096K) NonClass: 29130K(29632K)->29130K(29632K) Class: 6271K(6464K)->6271K(6464K)
[402.201s][info][gc             ] GC(1111) Pause Young (Allocation Failure) 476M->232M(467M) 1.939ms
[402.201s][info][gc,cpu         ] GC(1111) User=0.00s Sys=0.00s Real=0.00s
[402.346s][info][gc,start       ] GC(1112) Pause Young (Allocation Failure)
[402.348s][info][gc,heap        ] GC(1112) PSYoungGen: 240192K(240640K)->64K(239104K) Eden: 240128K(240128K)->0K(230912K) From: 64K(512K)->64K(8192K)
[402.348s][info][gc,heap        ] GC(1112) ParOldGen: 237787K(238080K)->237803K(238080K)
[402.348s][info][gc,metaspace   ] GC(1112) Metaspace: 35402K(36096K)->35402K(36096K) NonClass: 29130K(29632K)->29130K(29632K) Class: 6271K(6464K)->6271K(6464K)
[402.348s][info][gc             ] GC(1112) Pause Young (Allocation Failure) 466M->232M(466M) 2.007ms
[402.348s][info][gc,cpu         ] GC(1112) User=0.00s Sys=0.00s Real=0.00s
[402.477s][info][gc,start       ] GC(1113) Pause Young (Allocation Failure)
[402.480s][info][gc,heap        ] GC(1113) PSYoungGen: 230976K(239104K)->64K(222720K) Eden: 230912K(230912K)->0K(222208K) From: 64K(8192K)->64K(512K)
[402.480s][info][gc,heap        ] GC(1113) ParOldGen: 237803K(238080K)->237819K(238080K)
[402.480s][info][gc,metaspace   ] GC(1113) Metaspace: 35402K(36096K)->35402K(36096K) NonClass: 29130K(29632K)->29130K(29632K) Class: 6271K(6464K)->6271K(6464K)
[402.480s][info][gc             ] GC(1113) Pause Young (Allocation Failure) 457M->232M(450M) 2.662ms
[402.480s][info][gc,cpu         ] GC(1113) User=0.00s Sys=0.00s Real=0.00s
[403.033s][info][gc,start       ] GC(1114) Pause Young (Allocation Failure)
[403.035s][info][gc,heap        ] GC(1114) PSYoungGen: 222272K(222720K)->64K(221184K) Eden: 222208K(222208K)->0K(214016K) From: 64K(512K)->64K(7168K)
[403.035s][info][gc,heap        ] GC(1114) ParOldGen: 237819K(238080K)->237835K(238080K)
[403.035s][info][gc,metaspace   ] GC(1114) Metaspace: 35402K(36096K)->35402K(36096K) NonClass: 29130K(29632K)->29130K(29632K) Class: 6271K(6464K)->6271K(6464K)
[403.035s][info][gc             ] GC(1114) Pause Young (Allocation Failure) 449M->232M(448M) 1.600ms
[403.035s][info][gc,cpu         ] GC(1114) User=0.01s Sys=0.00s Real=0.01s
[403.188s][info][gc,start       ] GC(1115) Pause Young (Allocation Failure)
[403.190s][info][gc,heap        ] GC(1115) PSYoungGen: 214080K(221184K)->64K(206848K) Eden: 214016K(214016K)->0K(206336K) From: 64K(7168K)->64K(512K)
[403.190s][info][gc,heap        ] GC(1115) ParOldGen: 237835K(238080K)->237843K(238080K)
[403.190s][info][gc,metaspace   ] GC(1115) Metaspace: 35402K(36096K)->35402K(36096K) NonClass: 29130K(29632K)->29130K(29632K) Class: 6271K(6464K)->6271K(6464K)
[403.190s][info][gc             ] GC(1115) Pause Young (Allocation Failure) 441M->232M(434M) 1.907ms
[403.190s][info][gc,cpu         ] GC(1115) User=0.00s Sys=0.00s Real=0.00s
[403.456s][info][gc,start       ] GC(1116) Pause Young (Allocation Failure)
[403.481s][info][gc,heap        ] GC(1116) PSYoungGen: 206400K(206848K)->6144K(252928K) Eden: 206336K(206336K)->0K(246784K) From: 64K(512K)->6144K(6144K)
[403.481s][info][gc,heap        ] GC(1116) ParOldGen: 237843K(238080K)->243243K(243712K)
[403.481s][info][gc,metaspace   ] GC(1116) Metaspace: 35402K(36096K)->35402K(36096K) NonClass: 29130K(29632K)->29130K(29632K) Class: 6271K(6464K)->6271K(6464K)
[403.481s][info][gc             ] GC(1116) Pause Young (Allocation Failure) 433M->243M(485M) 24.941ms
[403.481s][info][gc,cpu         ] GC(1116) User=0.04s Sys=0.00s Real=0.02s
[403.736s][info][gc,start       ] GC(1117) Pause Young (Allocation Failure)
[403.791s][info][gc,heap        ] GC(1117) PSYoungGen: 252928K(252928K)->6144K(260096K) Eden: 246784K(246784K)->0K(253952K) From: 6144K(6144K)->6144K(6144K)
[403.791s][info][gc,heap        ] GC(1117) ParOldGen: 243243K(243712K)->263443K(263680K)
[403.791s][info][gc,metaspace   ] GC(1117) Metaspace: 35402K(36096K)->35402K(36096K) NonClass: 29130K(29632K)->29130K(29632K) Class: 6271K(6464K)->6271K(6464K)
[403.791s][info][gc             ] GC(1117) Pause Young (Allocation Failure) 484M->263M(511M) 54.906ms
[403.791s][info][gc,cpu         ] GC(1117) User=0.10s Sys=0.02s Real=0.05s
[404.054s][info][gc,start       ] GC(1118) Pause Young (Allocation Failure)
[404.109s][info][gc,heap        ] GC(1118) PSYoungGen: 260096K(260096K)->17920K(271872K) Eden: 253952K(253952K)->0K(253952K) From: 6144K(6144K)->17920K(17920K)
[404.109s][info][gc,heap        ] GC(1118) ParOldGen: 263443K(263680K)->273139K(273408K)
[404.109s][info][gc,metaspace   ] GC(1118) Metaspace: 35402K(36096K)->35402K(36096K) NonClass: 29130K(29632K)->29130K(29632K) Class: 6271K(6464K)->6271K(6464K)
[404.109s][info][gc             ] GC(1118) Pause Young (Allocation Failure) 511M->284M(532M) 54.469ms
[404.109s][info][gc,cpu         ] GC(1118) User=0.10s Sys=0.01s Real=0.06s
[404.203s][info][gc,start       ] GC(1119) Pause Young (Allocation Failure)
[404.215s][info][gc,heap        ] GC(1119) PSYoungGen: 271872K(271872K)->4448K(309760K) Eden: 253952K(253952K)->0K(284160K) From: 17920K(17920K)->4448K(25600K)
[404.215s][info][gc,heap        ] GC(1119) ParOldGen: 273139K(273408K)->273475K(273920K)
[404.215s][info][gc,metaspace   ] GC(1119) Metaspace: 35402K(36096K)->35402K(36096K) NonClass: 29130K(29632K)->29130K(29632K) Class: 6271K(6464K)->6271K(6464K)
[404.215s][info][gc             ] GC(1119) Pause Young (Allocation Failure) 532M->271M(570M) 12.534ms
[404.215s][info][gc,cpu         ] GC(1119) User=0.02s Sys=0.00s Real=0.02s
[404.665s][info][gc,start       ] GC(1120) Pause Young (Allocation Failure)
[404.666s][info][gc,heap        ] GC(1120) PSYoungGen: 288608K(309760K)->64K(284672K) Eden: 284160K(284160K)->0K(284160K) From: 4448K(25600K)->64K(512K)
[404.666s][info][gc,heap        ] GC(1120) ParOldGen: 273475K(273920K)->273483K(273920K)
[404.666s][info][gc,metaspace   ] GC(1120) Metaspace: 35402K(36096K)->35402K(36096K) NonClass: 29130K(29632K)->29130K(29632K) Class: 6271K(6464K)->6271K(6464K)
[404.666s][info][gc             ] GC(1120) Pause Young (Allocation Failure) 548M->267M(545M) 1.295ms
[404.666s][info][gc,cpu         ] GC(1120) User=0.00s Sys=0.00s Real=0.00s
[405.202s][info][gc,start       ] GC(1121) Pause Young (Allocation Failure)
[405.203s][info][gc,heap        ] GC(1121) PSYoungGen: 284224K(284672K)->64K(307712K) Eden: 284160K(284160K)->0K(284672K) From: 64K(512K)->64K(23040K)
[405.203s][info][gc,heap        ] GC(1121) ParOldGen: 273483K(273920K)->273491K(273920K)
[405.203s][info][gc,metaspace   ] GC(1121) Metaspace: 35402K(36096K)->35402K(36096K) NonClass: 29130K(29632K)->29130K(29632K) Class: 6271K(6464K)->6271K(6464K)
[405.203s][info][gc             ] GC(1121) Pause Young (Allocation Failure) 544M->267M(568M) 1.380ms
[405.203s][info][gc,cpu         ] GC(1121) User=0.00s Sys=0.00s Real=0.00s
[405.588s][info][gc,start       ] GC(1122) Pause Young (Allocation Failure)
[405.589s][info][gc,heap        ] GC(1122) PSYoungGen: 284736K(307712K)->64K(307200K) Eden: 284672K(284672K)->0K(284672K) From: 64K(23040K)->64K(22528K)
[405.589s][info][gc,heap        ] GC(1122) ParOldGen: 273491K(273920K)->273507K(273920K)
[405.589s][info][gc,metaspace   ] GC(1122) Metaspace: 35402K(36096K)->35402K(36096K) NonClass: 29130K(29632K)->29130K(29632K) Class: 6271K(6464K)->6271K(6464K)
[405.589s][info][gc             ] GC(1122) Pause Young (Allocation Failure) 545M->267M(567M) 1.379ms
[405.589s][info][gc,cpu         ] GC(1122) User=0.00s Sys=0.00s Real=0.00s
[405.771s][info][gc,start       ] GC(1123) Pause Young (Allocation Failure)
[405.772s][info][gc,heap        ] GC(1123) PSYoungGen: 284736K(307200K)->64K(310272K) Eden: 284672K(284672K)->0K(289280K) From: 64K(22528K)->64K(20992K)
[405.772s][info][gc,heap        ] GC(1123) ParOldGen: 273507K(273920K)->273523K(273920K)
[405.772s][info][gc,metaspace   ] GC(1123) Metaspace: 35402K(36096K)->35402K(36096K) NonClass: 29130K(29632K)->29130K(29632K) Class: 6271K(6464K)->6271K(6464K)
[405.772s][info][gc             ] GC(1123) Pause Young (Allocation Failure) 545M->267M(570M) 1.274ms
[405.772s][info][gc,cpu         ] GC(1123) User=0.00s Sys=0.00s Real=0.00s
[405.960s][info][gc,start       ] GC(1124) Pause Young (Allocation Failure)
[405.961s][info][gc,heap        ] GC(1124) PSYoungGen: 289344K(310272K)->64K(309760K) Eden: 289280K(289280K)->0K(289280K) From: 64K(20992K)->64K(20480K)
[405.961s][info][gc,heap        ] GC(1124) ParOldGen: 273523K(273920K)->273523K(273920K)
[405.961s][info][gc,metaspace   ] GC(1124) Metaspace: 35402K(36096K)->35402K(36096K) NonClass: 29130K(29632K)->29130K(29632K) Class: 6271K(6464K)->6271K(6464K)
[405.961s][info][gc             ] GC(1124) Pause Young (Allocation Failure) 549M->267M(570M) 1.293ms
[405.961s][info][gc,cpu         ] GC(1124) User=0.01s Sys=0.00s Real=0.00s
[406.276s][info][gc,start       ] GC(1125) Pause Young (Allocation Failure)
[406.277s][info][gc,heap        ] GC(1125) PSYoungGen: 289344K(309760K)->64K(312320K) Eden: 289280K(289280K)->0K(293376K) From: 64K(20480K)->64K(18944K)
[406.277s][info][gc,heap        ] GC(1125) ParOldGen: 273523K(273920K)->273523K(273920K)
[406.277s][info][gc,metaspace   ] GC(1125) Metaspace: 35402K(36096K)->35402K(36096K) NonClass: 29130K(29632K)->29130K(29632K) Class: 6271K(6464K)->6271K(6464K)
[406.277s][info][gc             ] GC(1125) Pause Young (Allocation Failure) 549M->267M(572M) 1.231ms
[406.277s][info][gc,cpu         ] GC(1125) User=0.00s Sys=0.00s Real=0.00s
[406.374s][info][gc,start       ] GC(1126) Pause Young (Allocation Failure)
[406.375s][info][gc,heap        ] GC(1126) PSYoungGen: 293440K(312320K)->64K(312320K) Eden: 293376K(293376K)->0K(293376K) From: 64K(18944K)->64K(18944K)
[406.375s][info][gc,heap        ] GC(1126) ParOldGen: 273523K(273920K)->273531K(273920K)
[406.375s][info][gc,metaspace   ] GC(1126) Metaspace: 35402K(36096K)->35402K(36096K) NonClass: 29130K(29632K)->29130K(29632K) Class: 6271K(6464K)->6271K(6464K)
[406.375s][info][gc             ] GC(1126) Pause Young (Allocation Failure) 553M->267M(572M) 1.187ms
[406.375s][info][gc,cpu         ] GC(1126) User=0.00s Sys=0.00s Real=0.01s
[406.429s][info][gc,start       ] GC(1127) Pause Young (Allocation Failure)
[406.430s][info][gc,heap        ] GC(1127) PSYoungGen: 293440K(312320K)->64K(313856K) Eden: 293376K(293376K)->0K(296960K) From: 64K(18944K)->64K(16896K)
[406.430s][info][gc,heap        ] GC(1127) ParOldGen: 273531K(273920K)->273547K(273920K)
[406.430s][info][gc,metaspace   ] GC(1127) Metaspace: 35402K(36096K)->35402K(36096K) NonClass: 29130K(29632K)->29130K(29632K) Class: 6271K(6464K)->6271K(6464K)
[406.430s][info][gc             ] GC(1127) Pause Young (Allocation Failure) 553M->267M(574M) 1.264ms
[406.430s][info][gc,cpu         ] GC(1127) User=0.00s Sys=0.00s Real=0.00s
[406.599s][info][gc,start       ] GC(1128) Pause Young (Allocation Failure)
[406.600s][info][gc,heap        ] GC(1128) PSYoungGen: 297024K(313856K)->64K(313856K) Eden: 296960K(296960K)->0K(296960K) From: 64K(16896K)->64K(16896K)
[406.600s][info][gc,heap        ] GC(1128) ParOldGen: 273547K(273920K)->273547K(273920K)
[406.600s][info][gc,metaspace   ] GC(1128) Metaspace: 35402K(36096K)->35402K(36096K) NonClass: 29130K(29632K)->29130K(29632K) Class: 6271K(6464K)->6271K(6464K)
[406.600s][info][gc             ] GC(1128) Pause Young (Allocation Failure) 557M->267M(574M) 1.214ms
[406.600s][info][gc,cpu         ] GC(1128) User=0.00s Sys=0.00s Real=0.00s
[406.836s][info][gc,start       ] GC(1129) Pause Young (Allocation Failure)
[406.838s][info][gc,heap        ] GC(1129) PSYoungGen: 297024K(313856K)->64K(315904K) Eden: 296960K(296960K)->0K(301056K) From: 64K(16896K)->64K(14848K)
[406.838s][info][gc,heap        ] GC(1129) ParOldGen: 273547K(273920K)->273555K(273920K)
[406.838s][info][gc,metaspace   ] GC(1129) Metaspace: 35402K(36096K)->35402K(36096K) NonClass: 29130K(29632K)->29130K(29632K) Class: 6271K(6464K)->6271K(6464K)
[406.838s][info][gc             ] GC(1129) Pause Young (Allocation Failure) 557M->267M(576M) 1.176ms
[406.838s][info][gc,cpu         ] GC(1129) User=0.01s Sys=0.00s Real=0.00s
[406.983s][info][gc,start       ] GC(1130) Pause Young (Allocation Failure)
[406.985s][info][gc,heap        ] GC(1130) PSYoungGen: 301120K(315904K)->64K(315904K) Eden: 301056K(301056K)->0K(301056K) From: 64K(14848K)->64K(14848K)
[406.985s][info][gc,heap        ] GC(1130) ParOldGen: 273555K(273920K)->273563K(273920K)
[406.985s][info][gc,metaspace   ] GC(1130) Metaspace: 35402K(36096K)->35402K(36096K) NonClass: 29130K(29632K)->29130K(29632K) Class: 6271K(6464K)->6271K(6464K)
[406.985s][info][gc             ] GC(1130) Pause Young (Allocation Failure) 561M->267M(576M) 1.313ms
[406.985s][info][gc,cpu         ] GC(1130) User=0.00s Sys=0.00s Real=0.01s
[407.064s][info][gc,start       ] GC(1131) Pause Young (Allocation Failure)
[407.065s][info][gc,heap        ] GC(1131) PSYoungGen: 301120K(315904K)->64K(317440K) Eden: 301056K(301056K)->0K(304640K) From: 64K(14848K)->64K(12800K)
[407.065s][info][gc,heap        ] GC(1131) ParOldGen: 273563K(273920K)->273579K(273920K)
[407.065s][info][gc,metaspace   ] GC(1131) Metaspace: 35402K(36096K)->35402K(36096K) NonClass: 29130K(29632K)->29130K(29632K) Class: 6271K(6464K)->6271K(6464K)
[407.065s][info][gc             ] GC(1131) Pause Young (Allocation Failure) 561M->267M(577M) 1.238ms
[407.065s][info][gc,cpu         ] GC(1131) User=0.00s Sys=0.00s Real=0.01s
[407.244s][info][gc,start       ] GC(1132) Pause Young (Allocation Failure)
[407.246s][info][gc,heap        ] GC(1132) PSYoungGen: 304704K(317440K)->64K(317952K) Eden: 304640K(304640K)->0K(304640K) From: 64K(12800K)->64K(13312K)
[407.246s][info][gc,heap        ] GC(1132) ParOldGen: 273579K(273920K)->273579K(273920K)
[407.246s][info][gc,metaspace   ] GC(1132) Metaspace: 35402K(36096K)->35402K(36096K) NonClass: 29130K(29632K)->29130K(29632K) Class: 6271K(6464K)->6271K(6464K)
[407.246s][info][gc             ] GC(1132) Pause Young (Allocation Failure) 564M->267M(578M) 1.193ms
[407.246s][info][gc,cpu         ] GC(1132) User=0.00s Sys=0.00s Real=0.00s
[408.196s][info][gc,start       ] GC(1133) Pause Young (Allocation Failure)
[408.197s][info][gc,heap        ] GC(1133) PSYoungGen: 304704K(317952K)->64K(292864K) Eden: 304640K(304640K)->0K(292352K) From: 64K(13312K)->64K(512K)
[408.197s][info][gc,heap        ] GC(1133) ParOldGen: 273579K(273920K)->273587K(273920K)
[408.197s][info][gc,metaspace   ] GC(1133) Metaspace: 35402K(36096K)->35402K(36096K) NonClass: 29130K(29632K)->29130K(29632K) Class: 6271K(6464K)->6271K(6464K)
[408.197s][info][gc             ] GC(1133) Pause Young (Allocation Failure) 564M->267M(553M) 1.256ms
[408.197s][info][gc,cpu         ] GC(1133) User=0.01s Sys=0.00s Real=0.00s
[409.034s][info][gc,start       ] GC(1134) Pause Young (Allocation Failure)
[409.035s][info][gc,heap        ] GC(1134) PSYoungGen: 292416K(292864K)->64K(292352K) Eden: 292352K(292352K)->0K(280576K) From: 64K(512K)->64K(11776K)
[409.035s][info][gc,heap        ] GC(1134) ParOldGen: 273587K(273920K)->273595K(273920K)
[409.035s][info][gc,metaspace   ] GC(1134) Metaspace: 35402K(36096K)->35402K(36096K) NonClass: 29130K(29632K)->29130K(29632K) Class: 6271K(6464K)->6271K(6464K)
[409.035s][info][gc             ] GC(1134) Pause Young (Allocation Failure) 552M->267M(553M) 1.165ms
[409.035s][info][gc,cpu         ] GC(1134) User=0.00s Sys=0.00s Real=0.01s
[409.276s][info][gc,start       ] GC(1135) Pause Young (Allocation Failure)
[409.277s][info][gc,heap        ] GC(1135) PSYoungGen: 280640K(292352K)->64K(269824K) Eden: 280576K(280576K)->0K(269312K) From: 64K(11776K)->64K(512K)
[409.277s][info][gc,heap        ] GC(1135) ParOldGen: 273595K(273920K)->273603K(273920K)
[409.277s][info][gc,metaspace   ] GC(1135) Metaspace: 35402K(36096K)->35402K(36096K) NonClass: 29130K(29632K)->29130K(29632K) Class: 6271K(6464K)->6271K(6464K)
[409.277s][info][gc             ] GC(1135) Pause Young (Allocation Failure) 541M->267M(531M) 1.424ms
[409.277s][info][gc,cpu         ] GC(1135) User=0.00s Sys=0.00s Real=0.00s
[409.677s][info][gc,start       ] GC(1136) Pause Young (Allocation Failure)
[409.678s][info][gc,heap        ] GC(1136) PSYoungGen: 269376K(269824K)->64K(268800K) Eden: 269312K(269312K)->0K(258560K) From: 64K(512K)->64K(10240K)
[409.678s][info][gc,heap        ] GC(1136) ParOldGen: 273603K(273920K)->273611K(273920K)
[409.678s][info][gc,metaspace   ] GC(1136) Metaspace: 35402K(36096K)->35402K(36096K) NonClass: 29130K(29632K)->29130K(29632K) Class: 6271K(6464K)->6271K(6464K)
[409.678s][info][gc             ] GC(1136) Pause Young (Allocation Failure) 530M->267M(530M) 1.236ms
[409.678s][info][gc,cpu         ] GC(1136) User=0.00s Sys=0.00s Real=0.00s
[410.594s][info][gc,start       ] GC(1137) Pause Young (Allocation Failure)
[410.596s][info][gc,heap        ] GC(1137) PSYoungGen: 258624K(268800K)->64K(248832K) Eden: 258560K(258560K)->0K(248320K) From: 64K(10240K)->64K(512K)
[410.596s][info][gc,heap        ] GC(1137) ParOldGen: 273611K(273920K)->273619K(273920K)
[410.596s][info][gc,metaspace   ] GC(1137) Metaspace: 35402K(36096K)->35402K(36096K) NonClass: 29130K(29632K)->29130K(29632K) Class: 6271K(6464K)->6271K(6464K)
[410.596s][info][gc             ] GC(1137) Pause Young (Allocation Failure) 519M->267M(510M) 1.699ms
[410.596s][info][gc,cpu         ] GC(1137) User=0.01s Sys=0.00s Real=0.01s
[410.956s][info][gc,start       ] GC(1138) Pause Young (Allocation Failure)
[410.957s][info][gc,heap        ] GC(1138) PSYoungGen: 248384K(248832K)->64K(247296K) Eden: 248320K(248320K)->0K(238592K) From: 64K(512K)->64K(8704K)
[410.957s][info][gc,heap        ] GC(1138) ParOldGen: 273619K(273920K)->273627K(273920K)
[410.957s][info][gc,metaspace   ] GC(1138) Metaspace: 35402K(36096K)->35402K(36096K) NonClass: 29130K(29632K)->29130K(29632K) Class: 6271K(6464K)->6271K(6464K)
[410.957s][info][gc             ] GC(1138) Pause Young (Allocation Failure) 509M->267M(509M) 1.151ms
[410.957s][info][gc,cpu         ] GC(1138) User=0.00s Sys=0.00s Real=0.00s
[411.120s][info][gc,start       ] GC(1139) Pause Young (Allocation Failure)
[411.121s][info][gc,heap        ] GC(1139) PSYoungGen: 238656K(247296K)->64K(229888K) Eden: 238592K(238592K)->0K(229376K) From: 64K(8704K)->64K(512K)
[411.121s][info][gc,heap        ] GC(1139) ParOldGen: 273627K(273920K)->273635K(273920K)
[411.121s][info][gc,metaspace   ] GC(1139) Metaspace: 35402K(36096K)->35402K(36096K) NonClass: 29130K(29632K)->29130K(29632K) Class: 6271K(6464K)->6271K(6464K)
[411.121s][info][gc             ] GC(1139) Pause Young (Allocation Failure) 500M->267M(492M) 1.722ms
[411.121s][info][gc,cpu         ] GC(1139) User=0.00s Sys=0.00s Real=0.00s
[411.205s][info][gc,start       ] GC(1140) Pause Young (Allocation Failure)
[411.206s][info][gc,heap        ] GC(1140) PSYoungGen: 229440K(229888K)->64K(228352K) Eden: 229376K(229376K)->0K(220672K) From: 64K(512K)->64K(7680K)
[411.206s][info][gc,heap        ] GC(1140) ParOldGen: 273635K(273920K)->273643K(273920K)
[411.206s][info][gc,metaspace   ] GC(1140) Metaspace: 35402K(36096K)->35402K(36096K) NonClass: 29130K(29632K)->29130K(29632K) Class: 6271K(6464K)->6271K(6464K)
[411.206s][info][gc             ] GC(1140) Pause Young (Allocation Failure) 491M->267M(490M) 1.233ms
[411.206s][info][gc,cpu         ] GC(1140) User=0.00s Sys=0.00s Real=0.00s
[411.725s][info][gc,start       ] GC(1141) Pause Young (Allocation Failure)
[411.727s][info][gc,heap        ] GC(1141) PSYoungGen: 220736K(228352K)->64K(212992K) Eden: 220672K(220672K)->0K(212480K) From: 64K(7680K)->64K(512K)
[411.727s][info][gc,heap        ] GC(1141) ParOldGen: 273643K(273920K)->273651K(273920K)
[411.727s][info][gc,metaspace   ] GC(1141) Metaspace: 35402K(36096K)->35402K(36096K) NonClass: 29130K(29632K)->29130K(29632K) Class: 6271K(6464K)->6271K(6464K)
[411.728s][info][gc             ] GC(1141) Pause Young (Allocation Failure) 482M->267M(475M) 2.011ms
[411.728s][info][gc,cpu         ] GC(1141) User=0.00s Sys=0.00s Real=0.00s
[411.923s][info][gc,start       ] GC(1142) Pause Young (Allocation Failure)
[411.925s][info][gc,heap        ] GC(1142) PSYoungGen: 212544K(212992K)->64K(211456K) Eden: 212480K(212480K)->0K(204800K) From: 64K(512K)->64K(6656K)
[411.925s][info][gc,heap        ] GC(1142) ParOldGen: 273651K(273920K)->273667K(273920K)
[411.925s][info][gc,metaspace   ] GC(1142) Metaspace: 35402K(36096K)->35402K(36096K) NonClass: 29130K(29632K)->29130K(29632K) Class: 6271K(6464K)->6271K(6464K)
[411.925s][info][gc             ] GC(1142) Pause Young (Allocation Failure) 474M->267M(474M) 2.141ms
[411.925s][info][gc,cpu         ] GC(1142) User=0.00s Sys=0.00s Real=0.01s
[412.213s][info][gc,start       ] GC(1143) Pause Young (Allocation Failure)
[412.227s][info][gc,heap        ] GC(1143) PSYoungGen: 204864K(211456K)->6144K(250368K) Eden: 204800K(204800K)->0K(244224K) From: 64K(6656K)->6144K(6144K)
[412.228s][info][gc,heap        ] GC(1143) ParOldGen: 273667K(273920K)->273963K(274432K)
[412.228s][info][gc,metaspace   ] GC(1143) Metaspace: 35402K(36096K)->35402K(36096K) NonClass: 29130K(29632K)->29130K(29632K) Class: 6271K(6464K)->6271K(6464K)
[412.228s][info][gc             ] GC(1143) Pause Young (Allocation Failure) 467M->273M(512M) 14.212ms
[412.228s][info][gc,cpu         ] GC(1143) User=0.03s Sys=0.00s Real=0.02s
[412.491s][info][gc,start       ] GC(1144) Pause Young (Allocation Failure)
[412.563s][info][gc,heap        ] GC(1144) PSYoungGen: 250368K(250368K)->7680K(279040K) Eden: 244224K(244224K)->0K(271360K) From: 6144K(6144K)->7680K(7680K)
[412.563s][info][gc,heap        ] GC(1144) ParOldGen: 273963K(274432K)->292155K(292352K)
[412.563s][info][gc,metaspace   ] GC(1144) Metaspace: 35402K(36096K)->35402K(36096K) NonClass: 29130K(29632K)->29130K(29632K) Class: 6271K(6464K)->6271K(6464K)
[412.563s][info][gc             ] GC(1144) Pause Young (Allocation Failure) 512M->292M(558M) 71.465ms
[412.563s][info][gc,cpu         ] GC(1144) User=0.12s Sys=0.01s Real=0.07s
[412.859s][info][gc,start       ] GC(1145) Pause Young (Allocation Failure)
[412.986s][info][gc,heap        ] GC(1145) PSYoungGen: 279040K(279040K)->16384K(301056K) Eden: 271360K(271360K)->0K(284672K) From: 7680K(7680K)->16384K(16384K)
[412.986s][info][gc,heap        ] GC(1145) ParOldGen: 292155K(292352K)->305163K(305664K)
[412.986s][info][gc,metaspace   ] GC(1145) Metaspace: 35402K(36096K)->35402K(36096K) NonClass: 29131K(29632K)->29131K(29632K) Class: 6271K(6464K)->6271K(6464K)
[412.986s][info][gc             ] GC(1145) Pause Young (Allocation Failure) 557M->314M(592M) 126.563ms
[412.986s][info][gc,cpu         ] GC(1145) User=0.24s Sys=0.02s Real=0.13s
[413.118s][info][gc,start       ] GC(1146) Pause Young (Allocation Failure)
[413.145s][info][gc,heap        ] GC(1146) PSYoungGen: 301056K(301056K)->7968K(309248K) Eden: 284672K(284672K)->0K(284672K) From: 16384K(16384K)->7968K(24576K)
[413.145s][info][gc,heap        ] GC(1146) ParOldGen: 305163K(305664K)->305635K(305664K)
[413.145s][info][gc,metaspace   ] GC(1146) Metaspace: 35402K(36096K)->35402K(36096K) NonClass: 29131K(29632K)->29131K(29632K) Class: 6271K(6464K)->6271K(6464K)
[413.145s][info][gc             ] GC(1146) Pause Young (Allocation Failure) 592M->306M(600M) 26.682ms
[413.145s][info][gc,cpu         ] GC(1146) User=0.05s Sys=0.00s Real=0.03s
[413.596s][info][gc,start       ] GC(1147) Pause Young (Allocation Failure)
[413.597s][info][gc,heap        ] GC(1147) PSYoungGen: 292640K(309248K)->64K(307200K) Eden: 284672K(284672K)->0K(285696K) From: 7968K(24576K)->64K(21504K)
[413.597s][info][gc,heap        ] GC(1147) ParOldGen: 305635K(305664K)->305643K(305664K)
[413.597s][info][gc,metaspace   ] GC(1147) Metaspace: 35402K(36096K)->35402K(36096K) NonClass: 29131K(29632K)->29131K(29632K) Class: 6271K(6464K)->6271K(6464K)
[413.597s][info][gc             ] GC(1147) Pause Young (Allocation Failure) 584M->298M(598M) 1.604ms
[413.597s][info][gc,cpu         ] GC(1147) User=0.00s Sys=0.00s Real=0.00s
[414.153s][info][gc,start       ] GC(1148) Pause Young (Allocation Failure)
[414.154s][info][gc,heap        ] GC(1148) PSYoungGen: 285760K(307200K)->64K(308736K) Eden: 285696K(285696K)->0K(285696K) From: 64K(21504K)->64K(23040K)
[414.154s][info][gc,heap        ] GC(1148) ParOldGen: 305643K(305664K)->305651K(305664K)
[414.154s][info][gc,metaspace   ] GC(1148) Metaspace: 35402K(36096K)->35402K(36096K) NonClass: 29131K(29632K)->29131K(29632K) Class: 6271K(6464K)->6271K(6464K)
[414.154s][info][gc             ] GC(1148) Pause Young (Allocation Failure) 577M->298M(600M) 1.365ms
[414.154s][info][gc,cpu         ] GC(1148) User=0.00s Sys=0.00s Real=0.00s
[414.540s][info][gc,start       ] GC(1149) Pause Young (Allocation Failure)
[414.542s][info][gc,heap        ] GC(1149) PSYoungGen: 285760K(308736K)->64K(309248K) Eden: 285696K(285696K)->0K(288768K) From: 64K(23040K)->64K(20480K)
[414.542s][info][gc,heap        ] GC(1149) ParOldGen: 305651K(305664K)->305667K(306176K)
[414.542s][info][gc,metaspace   ] GC(1149) Metaspace: 35402K(36096K)->35402K(36096K) NonClass: 29131K(29632K)->29131K(29632K) Class: 6271K(6464K)->6271K(6464K)
[414.542s][info][gc             ] GC(1149) Pause Young (Allocation Failure) 577M->298M(601M) 1.437ms
[414.542s][info][gc,cpu         ] GC(1149) User=0.00s Sys=0.00s Real=0.00s
[414.726s][info][gc,start       ] GC(1150) Pause Young (Allocation Failure)
[414.727s][info][gc,heap        ] GC(1150) PSYoungGen: 288832K(309248K)->64K(310272K) Eden: 288768K(288768K)->0K(288768K) From: 64K(20480K)->64K(21504K)
[414.727s][info][gc,heap        ] GC(1150) ParOldGen: 305667K(306176K)->305683K(306176K)
[414.727s][info][gc,metaspace   ] GC(1150) Metaspace: 35402K(36096K)->35402K(36096K) NonClass: 29131K(29632K)->29131K(29632K) Class: 6271K(6464K)->6271K(6464K)
[414.727s][info][gc             ] GC(1150) Pause Young (Allocation Failure) 580M->298M(602M) 1.353ms
[414.727s][info][gc,cpu         ] GC(1150) User=0.00s Sys=0.00s Real=0.00s
[414.911s][info][gc,start       ] GC(1151) Pause Young (Allocation Failure)
[414.912s][info][gc,heap        ] GC(1151) PSYoungGen: 288832K(310272K)->64K(310272K) Eden: 288768K(288768K)->0K(291840K) From: 64K(21504K)->64K(18432K)
[414.912s][info][gc,heap        ] GC(1151) ParOldGen: 305683K(306176K)->305683K(306176K)
[414.912s][info][gc,metaspace   ] GC(1151) Metaspace: 35402K(36096K)->35402K(36096K) NonClass: 29131K(29632K)->29131K(29632K) Class: 6271K(6464K)->6271K(6464K)
[414.913s][info][gc             ] GC(1151) Pause Young (Allocation Failure) 580M->298M(602M) 1.350ms
[414.913s][info][gc,cpu         ] GC(1151) User=0.00s Sys=0.00s Real=0.00s
[415.228s][info][gc,start       ] GC(1152) Pause Young (Allocation Failure)
[415.229s][info][gc,heap        ] GC(1152) PSYoungGen: 291904K(310272K)->64K(311296K) Eden: 291840K(291840K)->0K(291840K) From: 64K(18432K)->64K(19456K)
[415.229s][info][gc,heap        ] GC(1152) ParOldGen: 305683K(306176K)->305683K(306176K)
[415.229s][info][gc,metaspace   ] GC(1152) Metaspace: 35402K(36096K)->35402K(36096K) NonClass: 29131K(29632K)->29131K(29632K) Class: 6271K(6464K)->6271K(6464K)
[415.229s][info][gc             ] GC(1152) Pause Young (Allocation Failure) 583M->298M(603M) 1.359ms
[415.229s][info][gc,cpu         ] GC(1152) User=0.00s Sys=0.00s Real=0.00s
[415.318s][info][gc,start       ] GC(1153) Pause Young (Allocation Failure)
[415.320s][info][gc,heap        ] GC(1153) PSYoungGen: 291904K(311296K)->64K(313344K) Eden: 291840K(291840K)->0K(295936K) From: 64K(19456K)->64K(17408K)
[415.320s][info][gc,heap        ] GC(1153) ParOldGen: 305683K(306176K)->305691K(306176K)
[415.320s][info][gc,metaspace   ] GC(1153) Metaspace: 35402K(36096K)->35402K(36096K) NonClass: 29131K(29632K)->29131K(29632K) Class: 6271K(6464K)->6271K(6464K)
[415.320s][info][gc             ] GC(1153) Pause Young (Allocation Failure) 583M->298M(605M) 1.325ms
[415.320s][info][gc,cpu         ] GC(1153) User=0.01s Sys=0.00s Real=0.00s
[415.376s][info][gc,start       ] GC(1154) Pause Young (Allocation Failure)
[415.377s][info][gc,heap        ] GC(1154) PSYoungGen: 296000K(313344K)->64K(313856K) Eden: 295936K(295936K)->0K(295936K) From: 64K(17408K)->64K(17920K)
[415.377s][info][gc,heap        ] GC(1154) ParOldGen: 305691K(306176K)->305707K(306176K)
[415.377s][info][gc,metaspace   ] GC(1154) Metaspace: 35402K(36096K)->35402K(36096K) NonClass: 29131K(29632K)->29131K(29632K) Class: 6271K(6464K)->6271K(6464K)
[415.377s][info][gc             ] GC(1154) Pause Young (Allocation Failure) 587M->298M(605M) 1.315ms
[415.377s][info][gc,cpu         ] GC(1154) User=0.00s Sys=0.00s Real=0.00s
[415.540s][info][gc,start       ] GC(1155) Pause Young (Allocation Failure)
[415.542s][info][gc,heap        ] GC(1155) PSYoungGen: 296000K(313856K)->64K(314368K) Eden: 295936K(295936K)->0K(299008K) From: 64K(17920K)->64K(15360K)
[415.542s][info][gc,heap        ] GC(1155) ParOldGen: 305707K(306176K)->305707K(306176K)
[415.542s][info][gc,metaspace   ] GC(1155) Metaspace: 35402K(36096K)->35402K(36096K) NonClass: 29131K(29632K)->29131K(29632K) Class: 6271K(6464K)->6271K(6464K)
[415.542s][info][gc             ] GC(1155) Pause Young (Allocation Failure) 587M->298M(606M) 1.357ms
[415.542s][info][gc,cpu         ] GC(1155) User=0.01s Sys=0.00s Real=0.00s
[415.780s][info][gc,start       ] GC(1156) Pause Young (Allocation Failure)
[415.782s][info][gc,heap        ] GC(1156) PSYoungGen: 299072K(314368K)->64K(314880K) Eden: 299008K(299008K)->0K(299008K) From: 64K(15360K)->64K(15872K)
[415.782s][info][gc,heap        ] GC(1156) ParOldGen: 305707K(306176K)->305715K(306176K)
[415.782s][info][gc,metaspace   ] GC(1156) Metaspace: 35402K(36096K)->35402K(36096K) NonClass: 29131K(29632K)->29131K(29632K) Class: 6271K(6464K)->6271K(6464K)
[415.782s][info][gc             ] GC(1156) Pause Young (Allocation Failure) 590M->298M(606M) 1.352ms
[415.782s][info][gc,cpu         ] GC(1156) User=0.00s Sys=0.00s Real=0.00s
[415.921s][info][gc,start       ] GC(1157) Pause Young (Allocation Failure)
[415.923s][info][gc,heap        ] GC(1157) PSYoungGen: 299072K(314880K)->64K(317440K) Eden: 299008K(299008K)->0K(303104K) From: 64K(15872K)->64K(14336K)
[415.923s][info][gc,heap        ] GC(1157) ParOldGen: 305715K(306176K)->305723K(306176K)
[415.923s][info][gc,metaspace   ] GC(1157) Metaspace: 35402K(36096K)->35402K(36096K) NonClass: 29131K(29632K)->29131K(29632K) Class: 6271K(6464K)->6271K(6464K)
[415.923s][info][gc             ] GC(1157) Pause Young (Allocation Failure) 590M->298M(609M) 1.420ms
[415.923s][info][gc,cpu         ] GC(1157) User=0.00s Sys=0.00s Real=0.00s
[416.005s][info][gc,start       ] GC(1158) Pause Young (Allocation Failure)
[416.007s][info][gc,heap        ] GC(1158) PSYoungGen: 303168K(317440K)->64K(317440K) Eden: 303104K(303104K)->0K(303104K) From: 64K(14336K)->64K(14336K)
[416.007s][info][gc,heap        ] GC(1158) ParOldGen: 305723K(306176K)->305739K(306176K)
[416.007s][info][gc,metaspace   ] GC(1158) Metaspace: 35402K(36096K)->35402K(36096K) NonClass: 29131K(29632K)->29131K(29632K) Class: 6271K(6464K)->6271K(6464K)
[416.007s][info][gc             ] GC(1158) Pause Young (Allocation Failure) 594M->298M(609M) 1.293ms
[416.007s][info][gc,cpu         ] GC(1158) User=0.00s Sys=0.01s Real=0.00s
[416.185s][info][gc,start       ] GC(1159) Pause Young (Allocation Failure)
[416.186s][info][gc,heap        ] GC(1159) PSYoungGen: 303168K(317440K)->64K(318464K) Eden: 303104K(303104K)->0K(306176K) From: 64K(14336K)->64K(12288K)
[416.186s][info][gc,heap        ] GC(1159) ParOldGen: 305739K(306176K)->305739K(306176K)
[416.186s][info][gc,metaspace   ] GC(1159) Metaspace: 35402K(36096K)->35402K(36096K) NonClass: 29131K(29632K)->29131K(29632K) Class: 6271K(6464K)->6271K(6464K)
[416.186s][info][gc             ] GC(1159) Pause Young (Allocation Failure) 594M->298M(610M) 1.360ms
[416.186s][info][gc,cpu         ] GC(1159) User=0.00s Sys=0.00s Real=0.00s
[417.198s][info][gc,start       ] GC(1160) Pause Young (Allocation Failure)
[417.199s][info][gc,heap        ] GC(1160) PSYoungGen: 306240K(318464K)->83K(318464K) Eden: 306176K(306176K)->0K(306176K) From: 64K(12288K)->83K(12288K)
[417.199s][info][gc,heap        ] GC(1160) ParOldGen: 305739K(306176K)->305747K(306176K)
[417.199s][info][gc,metaspace   ] GC(1160) Metaspace: 35402K(36096K)->35402K(36096K) NonClass: 29131K(29632K)->29131K(29632K) Class: 6271K(6464K)->6271K(6464K)
[417.199s][info][gc             ] GC(1160) Pause Young (Allocation Failure) 597M->298M(610M) 1.444ms
[417.199s][info][gc,cpu         ] GC(1160) User=0.00s Sys=0.00s Real=0.00s
[418.193s][info][gc,start       ] GC(1161) Pause Young (Allocation Failure)
[418.194s][info][gc,heap        ] GC(1161) PSYoungGen: 306259K(318464K)->64K(294400K) Eden: 306176K(306176K)->0K(293888K) From: 83K(12288K)->64K(512K)
[418.194s][info][gc,heap        ] GC(1161) ParOldGen: 305747K(306176K)->305755K(306176K)
[418.194s][info][gc,metaspace   ] GC(1161) Metaspace: 35402K(36096K)->35402K(36096K) NonClass: 29131K(29632K)->29131K(29632K) Class: 6271K(6464K)->6271K(6464K)
[418.194s][info][gc             ] GC(1161) Pause Young (Allocation Failure) 597M->298M(586M) 1.759ms
[418.195s][info][gc,cpu         ] GC(1161) User=0.00s Sys=0.00s Real=0.01s
[418.552s][info][gc,start       ] GC(1162) Pause Young (Allocation Failure)
[418.553s][info][gc,heap        ] GC(1162) PSYoungGen: 293952K(294400K)->64K(292864K) Eden: 293888K(293888K)->0K(282112K) From: 64K(512K)->64K(10752K)
[418.553s][info][gc,heap        ] GC(1162) ParOldGen: 305755K(306176K)->305763K(306176K)
[418.553s][info][gc,metaspace   ] GC(1162) Metaspace: 35402K(36096K)->35402K(36096K) NonClass: 29131K(29632K)->29131K(29632K) Class: 6271K(6464K)->6271K(6464K)
[418.553s][info][gc             ] GC(1162) Pause Young (Allocation Failure) 585M->298M(585M) 1.374ms
[418.553s][info][gc,cpu         ] GC(1162) User=0.00s Sys=0.00s Real=0.00s
[419.042s][info][gc,start       ] GC(1163) Pause Young (Allocation Failure)
[419.044s][info][gc,heap        ] GC(1163) PSYoungGen: 282176K(292864K)->64K(271360K) Eden: 282112K(282112K)->0K(270848K) From: 64K(10752K)->64K(512K)
[419.044s][info][gc,heap        ] GC(1163) ParOldGen: 305763K(306176K)->305771K(306176K)
[419.044s][info][gc,metaspace   ] GC(1163) Metaspace: 35402K(36096K)->35402K(36096K) NonClass: 29131K(29632K)->29131K(29632K) Class: 6271K(6464K)->6271K(6464K)
[419.044s][info][gc             ] GC(1163) Pause Young (Allocation Failure) 574M->298M(564M) 2.164ms
[419.045s][info][gc,cpu         ] GC(1163) User=0.01s Sys=0.00s Real=0.01s
[420.123s][info][gc,start       ] GC(1164) Pause Young (Allocation Failure)
[420.125s][info][gc,heap        ] GC(1164) PSYoungGen: 270912K(271360K)->64K(269824K) Eden: 270848K(270848K)->0K(260096K) From: 64K(512K)->64K(9728K)
[420.125s][info][gc,heap        ] GC(1164) ParOldGen: 305771K(306176K)->305779K(306176K)
[420.125s][info][gc,metaspace   ] GC(1164) Metaspace: 35402K(36096K)->35402K(36096K) NonClass: 29131K(29632K)->29131K(29632K) Class: 6271K(6464K)->6271K(6464K)
[420.125s][info][gc             ] GC(1164) Pause Young (Allocation Failure) 563M->298M(562M) 1.426ms
[420.125s][info][gc,cpu         ] GC(1164) User=0.00s Sys=0.00s Real=0.01s
[420.513s][info][gc,start       ] GC(1165) Pause Young (Allocation Failure)
[420.515s][info][gc,heap        ] GC(1165) PSYoungGen: 260160K(269824K)->64K(250368K) Eden: 260096K(260096K)->0K(249856K) From: 64K(9728K)->64K(512K)
[420.515s][info][gc,heap        ] GC(1165) ParOldGen: 305779K(306176K)->305787K(306176K)
[420.515s][info][gc,metaspace   ] GC(1165) Metaspace: 35402K(36096K)->35402K(36096K) NonClass: 29131K(29632K)->29131K(29632K) Class: 6271K(6464K)->6271K(6464K)
[420.515s][info][gc             ] GC(1165) Pause Young (Allocation Failure) 552M->298M(543M) 1.770ms
[420.515s][info][gc,cpu         ] GC(1165) User=0.00s Sys=0.01s Real=0.01s
[420.670s][info][gc,start       ] GC(1166) Pause Young (Allocation Failure)
[420.672s][info][gc,heap        ] GC(1166) PSYoungGen: 249920K(250368K)->64K(248320K) Eden: 249856K(249856K)->0K(240128K) From: 64K(512K)->64K(8192K)
[420.672s][info][gc,heap        ] GC(1166) ParOldGen: 305787K(306176K)->305795K(306176K)
[420.672s][info][gc,metaspace   ] GC(1166) Metaspace: 35402K(36096K)->35402K(36096K) NonClass: 29131K(29632K)->29131K(29632K) Class: 6271K(6464K)->6271K(6464K)
[420.672s][info][gc             ] GC(1166) Pause Young (Allocation Failure) 542M->298M(541M) 1.532ms
[420.672s][info][gc,cpu         ] GC(1166) User=0.01s Sys=0.00s Real=0.00s
[420.970s][info][gc,start       ] GC(1167) Pause Young (Allocation Failure)
[420.973s][info][gc,heap        ] GC(1167) PSYoungGen: 240192K(248320K)->64K(231424K) Eden: 240128K(240128K)->0K(230912K) From: 64K(8192K)->64K(512K)
[420.973s][info][gc,heap        ] GC(1167) ParOldGen: 305795K(306176K)->305803K(306176K)
[420.973s][info][gc,metaspace   ] GC(1167) Metaspace: 35402K(36096K)->35402K(36096K) NonClass: 29131K(29632K)->29131K(29632K) Class: 6271K(6464K)->6271K(6464K)
[420.973s][info][gc             ] GC(1167) Pause Young (Allocation Failure) 533M->298M(525M) 2.948ms
[420.973s][info][gc,cpu         ] GC(1167) User=0.01s Sys=0.00s Real=0.00s
[421.508s][info][gc,start       ] GC(1168) Pause Young (Allocation Failure)
[421.511s][info][gc,heap        ] GC(1168) PSYoungGen: 230976K(231424K)->64K(229376K) Eden: 230912K(230912K)->0K(222208K) From: 64K(512K)->64K(7168K)
[421.511s][info][gc,heap        ] GC(1168) ParOldGen: 305803K(306176K)->305819K(306176K)
[421.511s][info][gc,metaspace   ] GC(1168) Metaspace: 35402K(36096K)->35402K(36096K) NonClass: 29131K(29632K)->29131K(29632K) Class: 6271K(6464K)->6271K(6464K)
[421.511s][info][gc             ] GC(1168) Pause Young (Allocation Failure) 524M->298M(523M) 2.512ms
[421.511s][info][gc,cpu         ] GC(1168) User=0.00s Sys=0.00s Real=0.00s
[421.778s][info][gc,start       ] GC(1169) Pause Young (Allocation Failure)
[421.781s][info][gc,heap        ] GC(1169) PSYoungGen: 222272K(229376K)->64K(214528K) Eden: 222208K(222208K)->0K(214016K) From: 64K(7168K)->64K(512K)
[421.781s][info][gc,heap        ] GC(1169) ParOldGen: 305819K(306176K)->305835K(306176K)
[421.781s][info][gc,metaspace   ] GC(1169) Metaspace: 35402K(36096K)->35402K(36096K) NonClass: 29131K(29632K)->29131K(29632K) Class: 6271K(6464K)->6271K(6464K)
[421.781s][info][gc             ] GC(1169) Pause Young (Allocation Failure) 515M->298M(508M) 3.164ms
[421.781s][info][gc,cpu         ] GC(1169) User=0.00s Sys=0.00s Real=0.00s
[422.078s][info][gc,start       ] GC(1170) Pause Young (Allocation Failure)
[422.123s][info][gc,heap        ] GC(1170) PSYoungGen: 214080K(214528K)->6144K(262656K) Eden: 214016K(214016K)->0K(256512K) From: 64K(512K)->6144K(6144K)
[422.123s][info][gc,heap        ] GC(1170) ParOldGen: 305835K(306176K)->319251K(319488K)
[422.123s][info][gc,metaspace   ] GC(1170) Metaspace: 35402K(36096K)->35402K(36096K) NonClass: 29131K(29632K)->29131K(29632K) Class: 6271K(6464K)->6271K(6464K)
[422.123s][info][gc             ] GC(1170) Pause Young (Allocation Failure) 507M->317M(568M) 44.450ms
[422.123s][info][gc,cpu         ] GC(1170) User=0.07s Sys=0.01s Real=0.04s
[422.438s][info][gc,start       ] GC(1171) Pause Young (Allocation Failure)
[422.503s][info][gc,heap        ] GC(1171) PSYoungGen: 262656K(262656K)->6144K(269312K) Eden: 256512K(256512K)->0K(263168K) From: 6144K(6144K)->6144K(6144K)
[422.503s][info][gc,heap        ] GC(1171) ParOldGen: 319251K(319488K)->340779K(340992K)
[422.503s][info][gc,metaspace   ] GC(1171) Metaspace: 35402K(36096K)->35402K(36096K) NonClass: 29131K(29632K)->29131K(29632K) Class: 6271K(6464K)->6271K(6464K)
[422.503s][info][gc             ] GC(1171) Pause Young (Allocation Failure) 568M->338M(596M) 65.293ms
[422.503s][info][gc,cpu         ] GC(1171) User=0.11s Sys=0.01s Real=0.06s
[422.776s][info][gc,start       ] GC(1172) Pause Young (Allocation Failure)
[422.821s][info][gc,heap        ] GC(1172) PSYoungGen: 269312K(269312K)->20992K(284160K) Eden: 263168K(263168K)->0K(263168K) From: 6144K(6144K)->20992K(20992K)
[422.821s][info][gc,heap        ] GC(1172) ParOldGen: 340779K(340992K)->342803K(343040K)
[422.821s][info][gc,metaspace   ] GC(1172) Metaspace: 35402K(36096K)->35402K(36096K) NonClass: 29131K(29632K)->29131K(29632K) Class: 6271K(6464K)->6271K(6464K)
[422.821s][info][gc             ] GC(1172) Pause Young (Allocation Failure) 595M->355M(612M) 44.777ms
[422.821s][info][gc,cpu         ] GC(1172) User=0.09s Sys=0.00s Real=0.04s
[422.923s][info][gc,start       ] GC(1173) Pause Young (Allocation Failure)
[422.925s][info][gc,heap        ] GC(1173) PSYoungGen: 284160K(284160K)->64K(308224K) Eden: 263168K(263168K)->0K(282112K) From: 20992K(20992K)->64K(26112K)
[422.925s][info][gc,heap        ] GC(1173) ParOldGen: 342803K(343040K)->342859K(343040K)
[422.925s][info][gc,metaspace   ] GC(1173) Metaspace: 35402K(36096K)->35402K(36096K) NonClass: 29131K(29632K)->29131K(29632K) Class: 6271K(6464K)->6271K(6464K)
[422.925s][info][gc             ] GC(1173) Pause Young (Allocation Failure) 612M->334M(636M) 1.872ms
[422.925s][info][gc,cpu         ] GC(1173) User=0.00s Sys=0.00s Real=0.01s
[423.677s][info][gc,start       ] GC(1174) Pause Young (Allocation Failure)
[423.679s][info][gc,heap        ] GC(1174) PSYoungGen: 282176K(308224K)->64K(282624K) Eden: 282112K(282112K)->0K(282112K) From: 64K(26112K)->64K(512K)
[423.679s][info][gc,heap        ] GC(1174) ParOldGen: 342859K(343040K)->342867K(343040K)
[423.679s][info][gc,metaspace   ] GC(1174) Metaspace: 35402K(36096K)->35402K(36096K) NonClass: 29131K(29632K)->29131K(29632K) Class: 6271K(6464K)->6271K(6464K)
[423.679s][info][gc             ] GC(1174) Pause Young (Allocation Failure) 610M->334M(611M) 1.520ms
[423.679s][info][gc,cpu         ] GC(1174) User=0.00s Sys=0.01s Real=0.00s
[424.106s][info][gc,start       ] GC(1175) Pause Young (Allocation Failure)
[424.108s][info][gc,heap        ] GC(1175) PSYoungGen: 282176K(282624K)->64K(307712K) Eden: 282112K(282112K)->0K(283136K) From: 64K(512K)->64K(24576K)
[424.108s][info][gc,heap        ] GC(1175) ParOldGen: 342867K(343040K)->342883K(343040K)
[424.108s][info][gc,metaspace   ] GC(1175) Metaspace: 35402K(36096K)->35402K(36096K) NonClass: 29131K(29632K)->29131K(29632K) Class: 6271K(6464K)->6271K(6464K)
[424.108s][info][gc             ] GC(1175) Pause Young (Allocation Failure) 610M->334M(635M) 2.691ms
[424.108s][info][gc,cpu         ] GC(1175) User=0.00s Sys=0.00s Real=0.00s
[424.564s][info][gc,start       ] GC(1176) Pause Young (Allocation Failure)
[424.567s][info][gc,heap        ] GC(1176) PSYoungGen: 283200K(307712K)->64K(306688K) Eden: 283136K(283136K)->0K(283136K) From: 64K(24576K)->64K(23552K)
[424.567s][info][gc,heap        ] GC(1176) ParOldGen: 342883K(343040K)->342899K(343040K)
[424.567s][info][gc,metaspace   ] GC(1176) Metaspace: 35402K(36096K)->35402K(36096K) NonClass: 29131K(29632K)->29131K(29632K) Class: 6271K(6464K)->6271K(6464K)
[424.567s][info][gc             ] GC(1176) Pause Young (Allocation Failure) 611M->334M(634M) 2.714ms
[424.567s][info][gc,cpu         ] GC(1176) User=0.01s Sys=0.00s Real=0.00s
[424.782s][info][gc,start       ] GC(1177) Pause Young (Allocation Failure)
[424.784s][info][gc,heap        ] GC(1177) PSYoungGen: 283200K(306688K)->64K(309248K) Eden: 283136K(283136K)->0K(286720K) From: 64K(23552K)->64K(22528K)
[424.784s][info][gc,heap        ] GC(1177) ParOldGen: 342899K(343040K)->342915K(343040K)
[424.784s][info][gc,metaspace   ] GC(1177) Metaspace: 35402K(36096K)->35402K(36096K) NonClass: 29131K(29632K)->29131K(29632K) Class: 6271K(6464K)->6271K(6464K)
[424.784s][info][gc             ] GC(1177) Pause Young (Allocation Failure) 611M->334M(637M) 1.580ms
[424.784s][info][gc,cpu         ] GC(1177) User=0.00s Sys=0.00s Real=0.00s
[425.000s][info][gc,start       ] GC(1178) Pause Young (Allocation Failure)
[425.001s][info][gc,heap        ] GC(1178) PSYoungGen: 286784K(309248K)->64K(308224K) Eden: 286720K(286720K)->0K(286720K) From: 64K(22528K)->64K(21504K)
[425.001s][info][gc,heap        ] GC(1178) ParOldGen: 342915K(343040K)->342915K(343040K)
[425.001s][info][gc,metaspace   ] GC(1178) Metaspace: 35402K(36096K)->35402K(36096K) NonClass: 29131K(29632K)->29131K(29632K) Class: 6271K(6464K)->6271K(6464K)
[425.002s][info][gc             ] GC(1178) Pause Young (Allocation Failure) 614M->334M(636M) 1.457ms
[425.002s][info][gc,cpu         ] GC(1178) User=0.00s Sys=0.00s Real=0.00s
[425.368s][info][gc,start       ] GC(1179) Pause Young (Allocation Failure)
[425.369s][info][gc,heap        ] GC(1179) PSYoungGen: 286784K(308224K)->64K(311296K) Eden: 286720K(286720K)->0K(290816K) From: 64K(21504K)->64K(20480K)
[425.369s][info][gc,heap        ] GC(1179) ParOldGen: 342915K(343040K)->342915K(343040K)
[425.369s][info][gc,metaspace   ] GC(1179) Metaspace: 35402K(36096K)->35402K(36096K) NonClass: 29131K(29632K)->29131K(29632K) Class: 6271K(6464K)->6271K(6464K)
[425.369s][info][gc             ] GC(1179) Pause Young (Allocation Failure) 614M->334M(639M) 1.465ms
[425.369s][info][gc,cpu         ] GC(1179) User=0.01s Sys=0.00s Real=0.00s
[425.427s][info][gc,start       ] GC(1180) Pause Young (Allocation Failure)
[425.428s][info][gc,heap        ] GC(1180) PSYoungGen: 290880K(311296K)->64K(310272K) Eden: 290816K(290816K)->0K(290816K) From: 64K(20480K)->64K(19456K)
[425.428s][info][gc,heap        ] GC(1180) ParOldGen: 342915K(343040K)->342931K(343040K)
[425.428s][info][gc,metaspace   ] GC(1180) Metaspace: 35402K(36096K)->35402K(36096K) NonClass: 29131K(29632K)->29131K(29632K) Class: 6271K(6464K)->6271K(6464K)
[425.428s][info][gc             ] GC(1180) Pause Young (Allocation Failure) 618M->334M(638M) 1.451ms
[425.428s][info][gc,cpu         ] GC(1180) User=0.01s Sys=0.00s Real=0.00s
[425.484s][info][gc,start       ] GC(1181) Pause Young (Allocation Failure)
[425.485s][info][gc,heap        ] GC(1181) PSYoungGen: 290880K(310272K)->64K(313344K) Eden: 290816K(290816K)->0K(294912K) From: 64K(19456K)->64K(18432K)
[425.485s][info][gc,heap        ] GC(1181) ParOldGen: 342931K(343040K)->342931K(343040K)
[425.485s][info][gc,metaspace   ] GC(1181) Metaspace: 35402K(36096K)->35402K(36096K) NonClass: 29131K(29632K)->29131K(29632K) Class: 6271K(6464K)->6271K(6464K)
[425.485s][info][gc             ] GC(1181) Pause Young (Allocation Failure) 618M->334M(641M) 1.453ms
[425.485s][info][gc,cpu         ] GC(1181) User=0.00s Sys=0.00s Real=0.01s
[425.743s][info][gc,start       ] GC(1182) Pause Young (Allocation Failure)
[425.744s][info][gc,heap        ] GC(1182) PSYoungGen: 294976K(313344K)->64K(312320K) Eden: 294912K(294912K)->0K(294912K) From: 64K(18432K)->64K(17408K)
[425.744s][info][gc,heap        ] GC(1182) ParOldGen: 342931K(343040K)->342931K(343040K)
[425.744s][info][gc,metaspace   ] GC(1182) Metaspace: 35402K(36096K)->35402K(36096K) NonClass: 29131K(29632K)->29131K(29632K) Class: 6271K(6464K)->6271K(6464K)
[425.744s][info][gc             ] GC(1182) Pause Young (Allocation Failure) 622M->334M(640M) 1.448ms
[425.744s][info][gc,cpu         ] GC(1182) User=0.00s Sys=0.00s Real=0.01s
[426.006s][info][gc,start       ] GC(1183) Pause Young (Allocation Failure)
[426.007s][info][gc,heap        ] GC(1183) PSYoungGen: 294976K(312320K)->64K(315392K) Eden: 294912K(294912K)->0K(299008K) From: 64K(17408K)->64K(16384K)
[426.007s][info][gc,heap        ] GC(1183) ParOldGen: 342931K(343040K)->342939K(343040K)
[426.007s][info][gc,metaspace   ] GC(1183) Metaspace: 35402K(36096K)->35402K(36096K) NonClass: 29131K(29632K)->29131K(29632K) Class: 6271K(6464K)->6271K(6464K)
[426.007s][info][gc             ] GC(1183) Pause Young (Allocation Failure) 622M->334M(643M) 1.472ms
[426.007s][info][gc,cpu         ] GC(1183) User=0.00s Sys=0.00s Real=0.00s
[426.139s][info][gc,start       ] GC(1184) Pause Young (Allocation Failure)
[426.140s][info][gc,heap        ] GC(1184) PSYoungGen: 299072K(315392K)->64K(314368K) Eden: 299008K(299008K)->0K(299008K) From: 64K(16384K)->64K(15360K)
[426.140s][info][gc,heap        ] GC(1184) ParOldGen: 342939K(343040K)->342947K(343040K)
[426.140s][info][gc,metaspace   ] GC(1184) Metaspace: 35402K(36096K)->35402K(36096K) NonClass: 29131K(29632K)->29131K(29632K) Class: 6271K(6464K)->6271K(6464K)
[426.140s][info][gc             ] GC(1184) Pause Young (Allocation Failure) 626M->334M(642M) 1.476ms
[426.140s][info][gc,cpu         ] GC(1184) User=0.00s Sys=0.00s Real=0.00s
[426.258s][info][gc,start       ] GC(1185) Pause Young (Allocation Failure)
[426.259s][info][gc,heap        ] GC(1185) PSYoungGen: 299072K(314368K)->64K(316928K) Eden: 299008K(299008K)->0K(302592K) From: 64K(15360K)->64K(14336K)
[426.259s][info][gc,heap        ] GC(1185) ParOldGen: 342947K(343040K)->342955K(343040K)
[426.259s][info][gc,metaspace   ] GC(1185) Metaspace: 35402K(36096K)->35402K(36096K) NonClass: 29131K(29632K)->29131K(29632K) Class: 6271K(6464K)->6271K(6464K)
[426.259s][info][gc             ] GC(1185) Pause Young (Allocation Failure) 626M->334M(644M) 1.494ms
[426.259s][info][gc,cpu         ] GC(1185) User=0.00s Sys=0.00s Real=0.00s
[426.499s][info][gc,start       ] GC(1186) Pause Young (Allocation Failure)
[426.501s][info][gc,heap        ] GC(1186) PSYoungGen: 302656K(316928K)->64K(316416K) Eden: 302592K(302592K)->0K(302592K) From: 64K(14336K)->64K(13824K)
[426.501s][info][gc,heap        ] GC(1186) ParOldGen: 342955K(343040K)->342963K(343040K)
[426.501s][info][gc,metaspace   ] GC(1186) Metaspace: 35402K(36096K)->35402K(36096K) NonClass: 29131K(29632K)->29131K(29632K) Class: 6271K(6464K)->6271K(6464K)
[426.501s][info][gc             ] GC(1186) Pause Young (Allocation Failure) 630M->334M(644M) 1.542ms
[426.501s][info][gc,cpu         ] GC(1186) User=0.00s Sys=0.00s Real=0.00s
[427.557s][info][gc,start       ] GC(1187) Pause Young (Allocation Failure)
[427.558s][info][gc,heap        ] GC(1187) PSYoungGen: 302656K(316416K)->64K(290816K) Eden: 302592K(302592K)->0K(290304K) From: 64K(13824K)->64K(512K)
[427.559s][info][gc,heap        ] GC(1187) ParOldGen: 342963K(343040K)->342971K(343040K)
[427.559s][info][gc,metaspace   ] GC(1187) Metaspace: 35402K(36096K)->35402K(36096K) NonClass: 29131K(29632K)->29131K(29632K) Class: 6271K(6464K)->6271K(6464K)
[427.559s][info][gc             ] GC(1187) Pause Young (Allocation Failure) 630M->334M(619M) 1.536ms
[427.559s][info][gc,cpu         ] GC(1187) User=0.01s Sys=0.00s Real=0.00s
[428.570s][info][gc,start       ] GC(1188) Pause Young (Allocation Failure)
[428.571s][info][gc,heap        ] GC(1188) PSYoungGen: 290368K(290816K)->64K(290304K) Eden: 290304K(290304K)->0K(278528K) From: 64K(512K)->64K(11776K)
[428.571s][info][gc,heap        ] GC(1188) ParOldGen: 342971K(343040K)->342979K(343040K)
[428.571s][info][gc,metaspace   ] GC(1188) Metaspace: 35402K(36096K)->35402K(36096K) NonClass: 29131K(29632K)->29131K(29632K) Class: 6271K(6464K)->6271K(6464K)
[428.571s][info][gc             ] GC(1188) Pause Young (Allocation Failure) 618M->335M(618M) 1.502ms
[428.571s][info][gc,cpu         ] GC(1188) User=0.00s Sys=0.00s Real=0.00s
[428.979s][info][gc,start       ] GC(1189) Pause Young (Allocation Failure)
[428.981s][info][gc,heap        ] GC(1189) PSYoungGen: 278592K(290304K)->64K(268288K) Eden: 278528K(278528K)->0K(267776K) From: 64K(11776K)->64K(512K)
[428.981s][info][gc,heap        ] GC(1189) ParOldGen: 342979K(343040K)->342987K(343040K)
[428.981s][info][gc,metaspace   ] GC(1189) Metaspace: 35402K(36096K)->35402K(36096K) NonClass: 29131K(29632K)->29131K(29632K) Class: 6271K(6464K)->6271K(6464K)
[428.981s][info][gc             ] GC(1189) Pause Young (Allocation Failure) 607M->335M(597M) 1.538ms
[428.981s][info][gc,cpu         ] GC(1189) User=0.00s Sys=0.00s Real=0.00s
[429.405s][info][gc,start       ] GC(1190) Pause Young (Allocation Failure)
[429.407s][info][gc,heap        ] GC(1190) PSYoungGen: 267840K(268288K)->64K(267776K) Eden: 267776K(267776K)->0K(257536K) From: 64K(512K)->64K(10240K)
[429.407s][info][gc,heap        ] GC(1190) ParOldGen: 342987K(343040K)->342995K(343040K)
[429.407s][info][gc,metaspace   ] GC(1190) Metaspace: 35402K(36096K)->35402K(36096K) NonClass: 29131K(29632K)->29131K(29632K) Class: 6271K(6464K)->6271K(6464K)
[429.407s][info][gc             ] GC(1190) Pause Young (Allocation Failure) 596M->335M(596M) 1.488ms
[429.407s][info][gc,cpu         ] GC(1190) User=0.00s Sys=0.00s Real=0.00s
[430.473s][info][gc,start       ] GC(1191) Pause Young (Allocation Failure)
[430.475s][info][gc,heap        ] GC(1191) PSYoungGen: 257600K(267776K)->64K(248320K) Eden: 257536K(257536K)->0K(247808K) From: 64K(10240K)->64K(512K)
[430.475s][info][gc,heap        ] GC(1191) ParOldGen: 342995K(343040K)->343003K(343040K)
[430.475s][info][gc,metaspace   ] GC(1191) Metaspace: 35402K(36096K)->35402K(36096K) NonClass: 29131K(29632K)->29131K(29632K) Class: 6271K(6464K)->6271K(6464K)
[430.475s][info][gc             ] GC(1191) Pause Young (Allocation Failure) 586M->335M(577M) 1.806ms
[430.475s][info][gc,cpu         ] GC(1191) User=0.00s Sys=0.00s Real=0.01s
[430.852s][info][gc,start       ] GC(1192) Pause Young (Allocation Failure)
[430.853s][info][gc,heap        ] GC(1192) PSYoungGen: 247872K(248320K)->64K(247296K) Eden: 247808K(247808K)->0K(238080K) From: 64K(512K)->64K(9216K)
[430.853s][info][gc,heap        ] GC(1192) ParOldGen: 343003K(343040K)->343011K(343040K)
[430.853s][info][gc,metaspace   ] GC(1192) Metaspace: 35402K(36096K)->35402K(36096K) NonClass: 29131K(29632K)->29131K(29632K) Class: 6271K(6464K)->6271K(6464K)
[430.853s][info][gc             ] GC(1192) Pause Young (Allocation Failure) 577M->335M(576M) 1.442ms
[430.853s][info][gc,cpu         ] GC(1192) User=0.00s Sys=0.00s Real=0.00s
[431.010s][info][gc,start       ] GC(1193) Pause Young (Allocation Failure)
[431.013s][info][gc,heap        ] GC(1193) PSYoungGen: 238144K(247296K)->64K(229376K) Eden: 238080K(238080K)->0K(228864K) From: 64K(9216K)->64K(512K)
[431.013s][info][gc,heap        ] GC(1193) ParOldGen: 343011K(343040K)->343027K(343040K)
[431.013s][info][gc,metaspace   ] GC(1193) Metaspace: 35402K(36096K)->35402K(36096K) NonClass: 29131K(29632K)->29131K(29632K) Class: 6271K(6464K)->6271K(6464K)
[431.013s][info][gc             ] GC(1193) Pause Young (Allocation Failure) 567M->335M(559M) 3.353ms
[431.013s][info][gc,cpu         ] GC(1193) User=0.01s Sys=0.00s Real=0.00s
[431.226s][info][gc,start       ] GC(1194) Pause Young (Allocation Failure)
[431.229s][info][gc,heap        ] GC(1194) PSYoungGen: 228928K(229376K)->64K(227840K) Eden: 228864K(228864K)->0K(220160K) From: 64K(512K)->64K(7680K)
[431.229s][info][gc,heap        ] GC(1194) ParOldGen: 343027K(343040K)->343035K(343040K)
[431.229s][info][gc,metaspace   ] GC(1194) Metaspace: 35402K(36096K)->35402K(36096K) NonClass: 29131K(29632K)->29131K(29632K) Class: 6271K(6464K)->6271K(6464K)
[431.229s][info][gc             ] GC(1194) Pause Young (Allocation Failure) 558M->335M(557M) 2.637ms
[431.229s][info][gc,cpu         ] GC(1194) User=0.00s Sys=0.00s Real=0.00s
[431.824s][info][gc,start       ] GC(1195) Pause Young (Allocation Failure)
[431.827s][info][gc,heap        ] GC(1195) PSYoungGen: 220224K(227840K)->64K(212480K) Eden: 220160K(220160K)->0K(211968K) From: 64K(7680K)->64K(512K)
[431.827s][info][gc,heap        ] GC(1195) ParOldGen: 343035K(343040K)->343043K(343552K)
[431.827s][info][gc,metaspace   ] GC(1195) Metaspace: 35402K(36096K)->35402K(36096K) NonClass: 29131K(29632K)->29131K(29632K) Class: 6271K(6464K)->6271K(6464K)
[431.827s][info][gc             ] GC(1195) Pause Young (Allocation Failure) 550M->335M(543M) 3.223ms
[431.827s][info][gc,cpu         ] GC(1195) User=0.00s Sys=0.00s Real=0.01s
[432.026s][info][gc,start       ] GC(1196) Pause Young (Allocation Failure)
[432.028s][info][gc,heap        ] GC(1196) PSYoungGen: 212032K(212480K)->64K(210944K) Eden: 211968K(211968K)->0K(204288K) From: 64K(512K)->64K(6656K)
[432.028s][info][gc,heap        ] GC(1196) ParOldGen: 343043K(343552K)->343051K(343552K)
[432.028s][info][gc,metaspace   ] GC(1196) Metaspace: 35402K(36096K)->35402K(36096K) NonClass: 29131K(29632K)->29131K(29632K) Class: 6271K(6464K)->6271K(6464K)
[432.028s][info][gc             ] GC(1196) Pause Young (Allocation Failure) 542M->335M(541M) 2.598ms
[432.028s][info][gc,cpu         ] GC(1196) User=0.00s Sys=0.00s Real=0.00s
[432.334s][info][gc,start       ] GC(1197) Pause Young (Allocation Failure)
[432.364s][info][gc,heap        ] GC(1197) PSYoungGen: 204352K(210944K)->6144K(250368K) Eden: 204288K(204288K)->0K(244224K) From: 64K(6656K)->6144K(6144K)
[432.365s][info][gc,heap        ] GC(1197) ParOldGen: 343051K(343552K)->350163K(350208K)
[432.365s][info][gc,metaspace   ] GC(1197) Metaspace: 35402K(36096K)->35402K(36096K) NonClass: 29131K(29632K)->29131K(29632K) Class: 6271K(6464K)->6271K(6464K)
[432.365s][info][gc             ] GC(1197) Pause Young (Allocation Failure) 534M->347M(586M) 30.221ms
[432.365s][info][gc,cpu         ] GC(1197) User=0.04s Sys=0.01s Real=0.04s
[432.664s][info][gc,start       ] GC(1198) Pause Young (Allocation Failure)
[432.721s][info][gc,heap        ] GC(1198) PSYoungGen: 250368K(250368K)->10240K(274432K) Eden: 244224K(244224K)->0K(264192K) From: 6144K(6144K)->10240K(10240K)
[432.721s][info][gc,heap        ] GC(1198) ParOldGen: 350163K(350208K)->366043K(366080K)
[432.721s][info][gc,metaspace   ] GC(1198) Metaspace: 35402K(36096K)->35402K(36096K) NonClass: 29131K(29632K)->29131K(29632K) Class: 6271K(6464K)->6271K(6464K)
[432.721s][info][gc             ] GC(1198) Pause Young (Allocation Failure) 586M->367M(625M) 56.289ms
[432.721s][info][gc,cpu         ] GC(1198) User=0.09s Sys=0.02s Real=0.05s
[433.046s][info][gc,start       ] GC(1199) Pause Young (Allocation Failure)
[433.113s][info][gc,heap        ] GC(1199) PSYoungGen: 274432K(274432K)->18432K(300032K) Eden: 264192K(264192K)->0K(281600K) From: 10240K(10240K)->18432K(18432K)
[433.113s][info][gc,heap        ] GC(1199) ParOldGen: 366043K(366080K)->376147K(376320K)
[433.113s][info][gc,metaspace   ] GC(1199) Metaspace: 35402K(36096K)->35402K(36096K) NonClass: 29131K(29632K)->29131K(29632K) Class: 6271K(6464K)->6271K(6464K)
[433.113s][info][gc             ] GC(1199) Pause Young (Allocation Failure) 625M->385M(660M) 67.398ms
[433.113s][info][gc,cpu         ] GC(1199) User=0.11s Sys=0.02s Real=0.06s
[433.218s][info][gc,start       ] GC(1200) Pause Young (Allocation Failure)
[433.226s][info][gc,heap        ] GC(1200) PSYoungGen: 300032K(300032K)->1920K(307712K) Eden: 281600K(281600K)->0K(281600K) From: 18432K(18432K)->1920K(26112K)
[433.226s][info][gc,heap        ] GC(1200) ParOldGen: 376147K(376320K)->376515K(376832K)
[433.226s][info][gc,metaspace   ] GC(1200) Metaspace: 35402K(36096K)->35402K(36096K) NonClass: 29131K(29632K)->29131K(29632K) Class: 6271K(6464K)->6271K(6464K)
[433.226s][info][gc             ] GC(1200) Pause Young (Allocation Failure) 660M->369M(668M) 7.610ms
[433.226s][info][gc,cpu         ] GC(1200) User=0.01s Sys=0.00s Real=0.01s
[433.863s][info][gc,start       ] GC(1201) Pause Young (Allocation Failure)
[433.865s][info][gc,heap        ] GC(1201) PSYoungGen: 283520K(307712K)->64K(304640K) Eden: 281600K(281600K)->0K(282624K) From: 1920K(26112K)->64K(22016K)
[433.865s][info][gc,heap        ] GC(1201) ParOldGen: 376515K(376832K)->376523K(376832K)
[433.865s][info][gc,metaspace   ] GC(1201) Metaspace: 35402K(36096K)->35402K(36096K) NonClass: 29131K(29632K)->29131K(29632K) Class: 6271K(6464K)->6271K(6464K)
[433.865s][info][gc             ] GC(1201) Pause Young (Allocation Failure) 644M->367M(665M) 1.707ms
[433.865s][info][gc,cpu         ] GC(1201) User=0.00s Sys=0.00s Real=0.01s
[434.400s][info][gc,start       ] GC(1202) Pause Young (Allocation Failure)
[434.402s][info][gc,heap        ] GC(1202) PSYoungGen: 282688K(304640K)->64K(306688K) Eden: 282624K(282624K)->0K(282624K) From: 64K(22016K)->64K(24064K)
[434.402s][info][gc,heap        ] GC(1202) ParOldGen: 376523K(376832K)->376531K(376832K)
[434.402s][info][gc,metaspace   ] GC(1202) Metaspace: 35402K(36096K)->35402K(36096K) NonClass: 29131K(29632K)->29131K(29632K) Class: 6271K(6464K)->6271K(6464K)
[434.402s][info][gc             ] GC(1202) Pause Young (Allocation Failure) 643M->367M(667M) 1.537ms
[434.402s][info][gc,cpu         ] GC(1202) User=0.01s Sys=0.00s Real=0.00s
[434.855s][info][gc,start       ] GC(1203) Pause Young (Allocation Failure)
[434.857s][info][gc,heap        ] GC(1203) PSYoungGen: 282688K(306688K)->64K(307200K) Eden: 282624K(282624K)->0K(286208K) From: 64K(24064K)->64K(20992K)
[434.857s][info][gc,heap        ] GC(1203) ParOldGen: 376531K(376832K)->376547K(376832K)
[434.857s][info][gc,metaspace   ] GC(1203) Metaspace: 35402K(36096K)->35402K(36096K) NonClass: 29131K(29632K)->29131K(29632K) Class: 6271K(6464K)->6271K(6464K)
[434.857s][info][gc             ] GC(1203) Pause Young (Allocation Failure) 643M->367M(668M) 1.767ms
[434.857s][info][gc,cpu         ] GC(1203) User=0.00s Sys=0.00s Real=0.00s
[435.076s][info][gc,start       ] GC(1204) Pause Young (Allocation Failure)
[435.078s][info][gc,heap        ] GC(1204) PSYoungGen: 286272K(307200K)->64K(308736K) Eden: 286208K(286208K)->0K(286208K) From: 64K(20992K)->64K(22528K)
[435.078s][info][gc,heap        ] GC(1204) ParOldGen: 376547K(376832K)->376563K(376832K)
[435.078s][info][gc,metaspace   ] GC(1204) Metaspace: 35402K(36096K)->35402K(36096K) NonClass: 29131K(29632K)->29131K(29632K) Class: 6271K(6464K)->6271K(6464K)
[435.078s][info][gc             ] GC(1204) Pause Young (Allocation Failure) 647M->367M(669M) 1.646ms
[435.078s][info][gc,cpu         ] GC(1204) User=0.00s Sys=0.00s Real=0.00s
[435.294s][info][gc,start       ] GC(1205) Pause Young (Allocation Failure)
[435.296s][info][gc,heap        ] GC(1205) PSYoungGen: 286272K(308736K)->64K(308736K) Eden: 286208K(286208K)->0K(289792K) From: 64K(22528K)->64K(18944K)
[435.296s][info][gc,heap        ] GC(1205) ParOldGen: 376563K(376832K)->376563K(376832K)
[435.296s][info][gc,metaspace   ] GC(1205) Metaspace: 35402K(36096K)->35402K(36096K) NonClass: 29131K(29632K)->29131K(29632K) Class: 6271K(6464K)->6271K(6464K)
[435.296s][info][gc             ] GC(1205) Pause Young (Allocation Failure) 647M->367M(669M) 1.711ms
[435.296s][info][gc,cpu         ] GC(1205) User=0.01s Sys=0.00s Real=0.01s
[435.684s][info][gc,start       ] GC(1206) Pause Young (Allocation Failure)
[435.686s][info][gc,heap        ] GC(1206) PSYoungGen: 289856K(308736K)->64K(310272K) Eden: 289792K(289792K)->0K(289792K) From: 64K(18944K)->64K(20480K)
[435.686s][info][gc,heap        ] GC(1206) ParOldGen: 376563K(376832K)->376563K(376832K)
[435.686s][info][gc,metaspace   ] GC(1206) Metaspace: 35402K(36096K)->35402K(36096K) NonClass: 29131K(29632K)->29131K(29632K) Class: 6271K(6464K)->6271K(6464K)
[435.686s][info][gc             ] GC(1206) Pause Young (Allocation Failure) 650M->367M(671M) 1.615ms
[435.686s][info][gc,cpu         ] GC(1206) User=0.00s Sys=0.00s Real=0.01s
[435.751s][info][gc,start       ] GC(1207) Pause Young (Allocation Failure)
[435.753s][info][gc,heap        ] GC(1207) PSYoungGen: 289856K(310272K)->64K(310784K) Eden: 289792K(289792K)->0K(293888K) From: 64K(20480K)->64K(16896K)
[435.753s][info][gc,heap        ] GC(1207) ParOldGen: 376563K(376832K)->376571K(376832K)
[435.753s][info][gc,metaspace   ] GC(1207) Metaspace: 35402K(36096K)->35402K(36096K) NonClass: 29131K(29632K)->29131K(29632K) Class: 6271K(6464K)->6271K(6464K)
[435.753s][info][gc             ] GC(1207) Pause Young (Allocation Failure) 650M->367M(671M) 1.545ms
[435.753s][info][gc,cpu         ] GC(1207) User=0.00s Sys=0.00s Real=0.00s
[435.813s][info][gc,start       ] GC(1208) Pause Young (Allocation Failure)
[435.815s][info][gc,heap        ] GC(1208) PSYoungGen: 293952K(310784K)->64K(312320K) Eden: 293888K(293888K)->0K(293888K) From: 64K(16896K)->64K(18432K)
[435.815s][info][gc,heap        ] GC(1208) ParOldGen: 376571K(376832K)->376587K(376832K)
[435.815s][info][gc,metaspace   ] GC(1208) Metaspace: 35402K(36096K)->35402K(36096K) NonClass: 29131K(29632K)->29131K(29632K) Class: 6271K(6464K)->6271K(6464K)
[435.815s][info][gc             ] GC(1208) Pause Young (Allocation Failure) 654M->367M(673M) 1.551ms
[435.815s][info][gc,cpu         ] GC(1208) User=0.00s Sys=0.00s Real=0.01s
[436.032s][info][gc,start       ] GC(1209) Pause Young (Allocation Failure)
[436.033s][info][gc,heap        ] GC(1209) PSYoungGen: 293952K(312320K)->64K(312832K) Eden: 293888K(293888K)->0K(297984K) From: 64K(18432K)->64K(14848K)
[436.034s][info][gc,heap        ] GC(1209) ParOldGen: 376587K(376832K)->376587K(376832K)
[436.034s][info][gc,metaspace   ] GC(1209) Metaspace: 35402K(36096K)->35402K(36096K) NonClass: 29131K(29632K)->29131K(29632K) Class: 6271K(6464K)->6271K(6464K)
[436.034s][info][gc             ] GC(1209) Pause Young (Allocation Failure) 654M->367M(673M) 1.565ms
[436.034s][info][gc,cpu         ] GC(1209) User=0.01s Sys=0.00s Real=0.00s
[436.312s][info][gc,start       ] GC(1210) Pause Young (Allocation Failure)
[436.313s][info][gc,heap        ] GC(1210) PSYoungGen: 298048K(312832K)->64K(314368K) Eden: 297984K(297984K)->0K(297984K) From: 64K(14848K)->64K(16384K)
[436.313s][info][gc,heap        ] GC(1210) ParOldGen: 376587K(376832K)->376595K(376832K)
[436.313s][info][gc,metaspace   ] GC(1210) Metaspace: 35402K(36096K)->35402K(36096K) NonClass: 29131K(29632K)->29131K(29632K) Class: 6271K(6464K)->6271K(6464K)
[436.313s][info][gc             ] GC(1210) Pause Young (Allocation Failure) 658M->367M(675M) 1.600ms
[436.313s][info][gc,cpu         ] GC(1210) User=0.00s Sys=0.00s Real=0.00s
[436.461s][info][gc,start       ] GC(1211) Pause Young (Allocation Failure)
[436.462s][info][gc,heap        ] GC(1211) PSYoungGen: 298048K(314368K)->64K(314880K) Eden: 297984K(297984K)->0K(302080K) From: 64K(16384K)->64K(12800K)
[436.462s][info][gc,heap        ] GC(1211) ParOldGen: 376595K(376832K)->376603K(376832K)
[436.462s][info][gc,metaspace   ] GC(1211) Metaspace: 35402K(36096K)->35402K(36096K) NonClass: 29131K(29632K)->29131K(29632K) Class: 6271K(6464K)->6271K(6464K)
[436.462s][info][gc             ] GC(1211) Pause Young (Allocation Failure) 658M->367M(675M) 1.636ms
[436.462s][info][gc,cpu         ] GC(1211) User=0.00s Sys=0.00s Real=0.00s
[436.567s][info][gc,start       ] GC(1212) Pause Young (Allocation Failure)
[436.569s][info][gc,heap        ] GC(1212) PSYoungGen: 302144K(314880K)->64K(316416K) Eden: 302080K(302080K)->0K(302080K) From: 64K(12800K)->64K(14336K)
[436.569s][info][gc,heap        ] GC(1212) ParOldGen: 376603K(376832K)->376611K(376832K)
[436.569s][info][gc,metaspace   ] GC(1212) Metaspace: 35402K(36096K)->35402K(36096K) NonClass: 29131K(29632K)->29131K(29632K) Class: 6271K(6464K)->6271K(6464K)
[436.569s][info][gc             ] GC(1212) Pause Young (Allocation Failure) 662M->367M(677M) 1.569ms
[436.569s][info][gc,cpu         ] GC(1212) User=0.00s Sys=0.00s Real=0.00s
[436.781s][info][gc,start       ] GC(1213) Pause Young (Allocation Failure)
[436.783s][info][gc,heap        ] GC(1213) PSYoungGen: 302144K(316416K)->64K(316928K) Eden: 302080K(302080K)->0K(305664K) From: 64K(14336K)->64K(11264K)
[436.783s][info][gc,heap        ] GC(1213) ParOldGen: 376611K(376832K)->376619K(376832K)
[436.783s][info][gc,metaspace   ] GC(1213) Metaspace: 35402K(36096K)->35402K(36096K) NonClass: 29131K(29632K)->29131K(29632K) Class: 6271K(6464K)->6271K(6464K)
[436.783s][info][gc             ] GC(1213) Pause Young (Allocation Failure) 662M->367M(677M) 1.574ms
[436.783s][info][gc,cpu         ] GC(1213) User=0.00s Sys=0.00s Real=0.00s
[437.890s][info][gc,start       ] GC(1214) Pause Young (Allocation Failure)
[437.893s][info][gc,heap        ] GC(1214) PSYoungGen: 305728K(316928K)->64K(293888K) Eden: 305664K(305664K)->0K(293376K) From: 64K(11264K)->64K(512K)
[437.893s][info][gc,heap        ] GC(1214) ParOldGen: 376619K(376832K)->376627K(376832K)
[437.893s][info][gc,metaspace   ] GC(1214) Metaspace: 35402K(36096K)->35402K(36096K) NonClass: 29131K(29632K)->29131K(29632K) Class: 6271K(6464K)->6271K(6464K)
[437.893s][info][gc             ] GC(1214) Pause Young (Allocation Failure) 666M->367M(655M) 2.260ms
[437.893s][info][gc,cpu         ] GC(1214) User=0.01s Sys=0.00s Real=0.00s
[438.889s][info][gc,start       ] GC(1215) Pause Young (Allocation Failure)
[438.891s][info][gc,heap        ] GC(1215) PSYoungGen: 293440K(293888K)->64K(282112K) Eden: 293376K(293376K)->0K(281600K) From: 64K(512K)->64K(512K)
[438.891s][info][gc,heap        ] GC(1215) ParOldGen: 376627K(376832K)->376635K(376832K)
[438.891s][info][gc,metaspace   ] GC(1215) Metaspace: 35402K(36096K)->35402K(36096K) NonClass: 29131K(29632K)->29131K(29632K) Class: 6271K(6464K)->6271K(6464K)
[438.891s][info][gc             ] GC(1215) Pause Young (Allocation Failure) 654M->367M(643M) 2.309ms
[438.891s][info][gc,cpu         ] GC(1215) User=0.00s Sys=0.00s Real=0.00s
[439.248s][info][gc,start       ] GC(1216) Pause Young (Allocation Failure)
[439.250s][info][gc,heap        ] GC(1216) PSYoungGen: 281664K(282112K)->64K(281600K) Eden: 281600K(281600K)->0K(270336K) From: 64K(512K)->64K(11264K)
[439.250s][info][gc,heap        ] GC(1216) ParOldGen: 376635K(376832K)->376643K(376832K)
[439.250s][info][gc,metaspace   ] GC(1216) Metaspace: 35402K(36096K)->35402K(36096K) NonClass: 29131K(29632K)->29131K(29632K) Class: 6271K(6464K)->6271K(6464K)
[439.250s][info][gc             ] GC(1216) Pause Young (Allocation Failure) 642M->367M(643M) 1.558ms
[439.250s][info][gc,cpu         ] GC(1216) User=0.00s Sys=0.00s Real=0.00s
[439.726s][info][gc,start       ] GC(1217) Pause Young (Allocation Failure)
[439.728s][info][gc,heap        ] GC(1217) PSYoungGen: 270400K(281600K)->64K(260096K) Eden: 270336K(270336K)->0K(259584K) From: 64K(11264K)->64K(512K)
[439.728s][info][gc,heap        ] GC(1217) ParOldGen: 376643K(376832K)->376651K(376832K)
[439.728s][info][gc,metaspace   ] GC(1217) Metaspace: 35402K(36096K)->35402K(36096K) NonClass: 29131K(29632K)->29131K(29632K) Class: 6271K(6464K)->6271K(6464K)
[439.729s][info][gc             ] GC(1217) Pause Young (Allocation Failure) 631M->367M(622M) 2.094ms
[439.729s][info][gc,cpu         ] GC(1217) User=0.00s Sys=0.00s Real=0.00s
[440.785s][info][gc,start       ] GC(1218) Pause Young (Allocation Failure)
[440.787s][info][gc,heap        ] GC(1218) PSYoungGen: 259648K(260096K)->64K(259072K) Eden: 259584K(259584K)->0K(249344K) From: 64K(512K)->64K(9728K)
[440.787s][info][gc,heap        ] GC(1218) ParOldGen: 376651K(376832K)->376659K(376832K)
[440.787s][info][gc,metaspace   ] GC(1218) Metaspace: 35402K(36096K)->35402K(36096K) NonClass: 29131K(29632K)->29131K(29632K) Class: 6271K(6464K)->6271K(6464K)
[440.787s][info][gc             ] GC(1218) Pause Young (Allocation Failure) 621M->367M(621M) 1.601ms
[440.787s][info][gc,cpu         ] GC(1218) User=0.00s Sys=0.00s Real=0.00s
[441.182s][info][gc,start       ] GC(1219) Pause Young (Allocation Failure)
[441.184s][info][gc,heap        ] GC(1219) PSYoungGen: 249408K(259072K)->64K(240128K) Eden: 249344K(249344K)->0K(239616K) From: 64K(9728K)->64K(512K)
[441.184s][info][gc,heap        ] GC(1219) ParOldGen: 376659K(376832K)->376667K(376832K)
[441.184s][info][gc,metaspace   ] GC(1219) Metaspace: 35402K(36096K)->35402K(36096K) NonClass: 29131K(29632K)->29131K(29632K) Class: 6271K(6464K)->6271K(6464K)
[441.184s][info][gc             ] GC(1219) Pause Young (Allocation Failure) 611M->367M(602M) 2.214ms
[441.184s][info][gc,cpu         ] GC(1219) User=0.00s Sys=0.00s Real=0.00s
[441.353s][info][gc,start       ] GC(1220) Pause Young (Allocation Failure)
[441.355s][info][gc,heap        ] GC(1220) PSYoungGen: 239680K(240128K)->64K(238592K) Eden: 239616K(239616K)->0K(230400K) From: 64K(512K)->64K(8192K)
[441.355s][info][gc,heap        ] GC(1220) ParOldGen: 376667K(376832K)->376675K(376832K)
[441.355s][info][gc,metaspace   ] GC(1220) Metaspace: 35402K(36096K)->35402K(36096K) NonClass: 29131K(29632K)->29131K(29632K) Class: 6271K(6464K)->6271K(6464K)
[441.355s][info][gc             ] GC(1220) Pause Young (Allocation Failure) 601M->367M(601M) 1.585ms
[441.355s][info][gc,cpu         ] GC(1220) User=0.00s Sys=0.00s Real=0.01s
[441.504s][info][gc,start       ] GC(1221) Pause Young (Allocation Failure)
[441.506s][info][gc,heap        ] GC(1221) PSYoungGen: 230464K(238592K)->64K(222208K) Eden: 230400K(230400K)->0K(221696K) From: 64K(8192K)->64K(512K)
[441.506s][info][gc,heap        ] GC(1221) ParOldGen: 376675K(376832K)->376683K(376832K)
[441.506s][info][gc,metaspace   ] GC(1221) Metaspace: 35402K(36096K)->35402K(36096K) NonClass: 29131K(29632K)->29131K(29632K) Class: 6271K(6464K)->6271K(6464K)
[441.506s][info][gc             ] GC(1221) Pause Young (Allocation Failure) 592M->367M(585M) 2.092ms
[441.506s][info][gc,cpu         ] GC(1221) User=0.01s Sys=0.00s Real=0.01s
[442.171s][info][gc,start       ] GC(1222) Pause Young (Allocation Failure)
[442.172s][info][gc,heap        ] GC(1222) PSYoungGen: 221760K(222208K)->64K(220672K) Eden: 221696K(221696K)->0K(213504K) From: 64K(512K)->64K(7168K)
[442.172s][info][gc,heap        ] GC(1222) ParOldGen: 376683K(376832K)->376691K(376832K)
[442.172s][info][gc,metaspace   ] GC(1222) Metaspace: 35402K(36096K)->35402K(36096K) NonClass: 29131K(29632K)->29131K(29632K) Class: 6271K(6464K)->6271K(6464K)
[442.172s][info][gc             ] GC(1222) Pause Young (Allocation Failure) 584M->367M(583M) 1.626ms
[442.172s][info][gc,cpu         ] GC(1222) User=0.00s Sys=0.00s Real=0.00s
[442.347s][info][gc,start       ] GC(1223) Pause Young (Allocation Failure)
[442.351s][info][gc,heap        ] GC(1223) PSYoungGen: 213568K(220672K)->64K(206336K) Eden: 213504K(213504K)->0K(205824K) From: 64K(7168K)->64K(512K)
[442.351s][info][gc,heap        ] GC(1223) ParOldGen: 376691K(376832K)->376699K(376832K)
[442.351s][info][gc,metaspace   ] GC(1223) Metaspace: 35402K(36096K)->35402K(36096K) NonClass: 29131K(29632K)->29131K(29632K) Class: 6271K(6464K)->6271K(6464K)
[442.351s][info][gc             ] GC(1223) Pause Young (Allocation Failure) 576M->367M(569M) 3.441ms
[442.351s][info][gc,cpu         ] GC(1223) User=0.01s Sys=0.01s Real=0.00s
[442.667s][info][gc,start       ] GC(1224) Pause Young (Allocation Failure)
[442.690s][info][gc,heap        ] GC(1224) PSYoungGen: 205888K(206336K)->6144K(252416K) Eden: 205824K(205824K)->0K(246272K) From: 64K(512K)->6144K(6144K)
[442.690s][info][gc,heap        ] GC(1224) ParOldGen: 376699K(376832K)->381859K(381952K)
[442.690s][info][gc,metaspace   ] GC(1224) Metaspace: 35402K(36096K)->35402K(36096K) NonClass: 29131K(29632K)->29131K(29632K) Class: 6271K(6464K)->6271K(6464K)
[442.690s][info][gc             ] GC(1224) Pause Young (Allocation Failure) 568M->378M(619M) 23.217ms
[442.690s][info][gc,cpu         ] GC(1224) User=0.04s Sys=0.00s Real=0.02s
[442.992s][info][gc,start       ] GC(1225) Pause Young (Allocation Failure)
[443.051s][info][gc,heap        ] GC(1225) PSYoungGen: 252416K(252416K)->6144K(259584K) Eden: 246272K(246272K)->0K(253440K) From: 6144K(6144K)->6144K(6144K)
[443.051s][info][gc,heap        ] GC(1225) ParOldGen: 381859K(381952K)->401995K(402432K)
[443.051s][info][gc,metaspace   ] GC(1225) Metaspace: 35402K(36096K)->35402K(36096K) NonClass: 29131K(29632K)->29131K(29632K) Class: 6271K(6464K)->6271K(6464K)
[443.052s][info][gc             ] GC(1225) Pause Young (Allocation Failure) 619M->398M(646M) 59.507ms
[443.052s][info][gc,cpu         ] GC(1225) User=0.10s Sys=0.02s Real=0.06s
[443.364s][info][gc,start       ] GC(1226) Pause Young (Allocation Failure)
[443.420s][info][gc,heap        ] GC(1226) PSYoungGen: 259584K(259584K)->17920K(271360K) Eden: 253440K(253440K)->0K(253440K) From: 6144K(6144K)->17920K(17920K)
[443.420s][info][gc,heap        ] GC(1226) ParOldGen: 401995K(402432K)->411627K(411648K)
[443.420s][info][gc,metaspace   ] GC(1226) Metaspace: 35402K(36096K)->35402K(36096K) NonClass: 29131K(29632K)->29131K(29632K) Class: 6271K(6464K)->6271K(6464K)
[443.420s][info][gc             ] GC(1226) Pause Young (Allocation Failure) 646M->419M(667M) 56.771ms
[443.420s][info][gc,cpu         ] GC(1226) User=0.10s Sys=0.01s Real=0.06s
[443.532s][info][gc,start       ] GC(1227) Pause Young (Allocation Failure)
[443.547s][info][gc,heap        ] GC(1227) PSYoungGen: 271360K(271360K)->4800K(310272K) Eden: 253440K(253440K)->0K(285184K) From: 17920K(17920K)->4800K(25088K)
[443.547s][info][gc,heap        ] GC(1227) ParOldGen: 411627K(411648K)->411963K(412160K)
[443.547s][info][gc,metaspace   ] GC(1227) Metaspace: 35402K(36096K)->35402K(36096K) NonClass: 29131K(29632K)->29131K(29632K) Class: 6271K(6464K)->6271K(6464K)
[443.547s][info][gc             ] GC(1227) Pause Young (Allocation Failure) 666M->406M(705M) 14.856ms
[443.547s][info][gc,cpu         ] GC(1227) User=0.03s Sys=0.00s Real=0.02s
[444.071s][info][gc,start       ] GC(1228) Pause Young (Allocation Failure)
[444.073s][info][gc,heap        ] GC(1228) PSYoungGen: 289984K(310272K)->64K(285696K) Eden: 285184K(285184K)->0K(285184K) From: 4800K(25088K)->64K(512K)
[444.073s][info][gc,heap        ] GC(1228) ParOldGen: 411963K(412160K)->411971K(412160K)
[444.073s][info][gc,metaspace   ] GC(1228) Metaspace: 35402K(36096K)->35402K(36096K) NonClass: 29131K(29632K)->29131K(29632K) Class: 6271K(6464K)->6271K(6464K)
[444.073s][info][gc             ] GC(1228) Pause Young (Allocation Failure) 685M->402M(681M) 1.828ms
[444.073s][info][gc,cpu         ] GC(1228) User=0.01s Sys=0.01s Real=0.00s
[444.715s][info][gc,start       ] GC(1229) Pause Young (Allocation Failure)
[444.716s][info][gc,heap        ] GC(1229) PSYoungGen: 285248K(285696K)->64K(308736K) Eden: 285184K(285184K)->0K(285696K) From: 64K(512K)->64K(23040K)
[444.716s][info][gc,heap        ] GC(1229) ParOldGen: 411971K(412160K)->411979K(412160K)
[444.716s][info][gc,metaspace   ] GC(1229) Metaspace: 35402K(36096K)->35402K(36096K) NonClass: 29131K(29632K)->29131K(29632K) Class: 6271K(6464K)->6271K(6464K)
[444.716s][info][gc             ] GC(1229) Pause Young (Allocation Failure) 680M->402M(704M) 1.677ms
[444.716s][info][gc,cpu         ] GC(1229) User=0.01s Sys=0.00s Real=0.00s
[445.173s][info][gc,start       ] GC(1230) Pause Young (Allocation Failure)
[445.175s][info][gc,heap        ] GC(1230) PSYoungGen: 285760K(308736K)->64K(308224K) Eden: 285696K(285696K)->0K(285696K) From: 64K(23040K)->64K(22528K)
[445.175s][info][gc,heap        ] GC(1230) ParOldGen: 411979K(412160K)->411995K(412160K)
[445.175s][info][gc,metaspace   ] GC(1230) Metaspace: 35402K(36096K)->35402K(36096K) NonClass: 29131K(29632K)->29131K(29632K) Class: 6271K(6464K)->6271K(6464K)
[445.175s][info][gc             ] GC(1230) Pause Young (Allocation Failure) 681M->402M(703M) 1.753ms
[445.175s][info][gc,cpu         ] GC(1230) User=0.01s Sys=0.00s Real=0.01s
[445.398s][info][gc,start       ] GC(1231) Pause Young (Allocation Failure)
[445.400s][info][gc,heap        ] GC(1231) PSYoungGen: 285760K(308224K)->64K(310272K) Eden: 285696K(285696K)->0K(289280K) From: 64K(22528K)->64K(20992K)
[445.400s][info][gc,heap        ] GC(1231) ParOldGen: 411995K(412160K)->412011K(412160K)
[445.400s][info][gc,metaspace   ] GC(1231) Metaspace: 35402K(36096K)->35402K(36096K) NonClass: 29131K(29632K)->29131K(29632K) Class: 6271K(6464K)->6271K(6464K)
[445.400s][info][gc             ] GC(1231) Pause Young (Allocation Failure) 681M->402M(705M) 1.677ms
[445.400s][info][gc,cpu         ] GC(1231) User=0.00s Sys=0.00s Real=0.00s
[445.628s][info][gc,start       ] GC(1232) Pause Young (Allocation Failure)
[445.630s][info][gc,heap        ] GC(1232) PSYoungGen: 289344K(310272K)->64K(309760K) Eden: 289280K(289280K)->0K(289280K) From: 64K(20992K)->64K(20480K)
[445.630s][info][gc,heap        ] GC(1232) ParOldGen: 412011K(412160K)->412011K(412160K)
[445.630s][info][gc,metaspace   ] GC(1232) Metaspace: 35402K(36096K)->35402K(36096K) NonClass: 29131K(29632K)->29131K(29632K) Class: 6271K(6464K)->6271K(6464K)
[445.630s][info][gc             ] GC(1232) Pause Young (Allocation Failure) 684M->402M(705M) 1.691ms
[445.630s][info][gc,cpu         ] GC(1232) User=0.00s Sys=0.00s Real=0.00s
[446.009s][info][gc,start       ] GC(1233) Pause Young (Allocation Failure)
[446.011s][info][gc,heap        ] GC(1233) PSYoungGen: 289344K(309760K)->64K(312320K) Eden: 289280K(289280K)->0K(292864K) From: 64K(20480K)->64K(19456K)
[446.011s][info][gc,heap        ] GC(1233) ParOldGen: 412011K(412160K)->412011K(412160K)
[446.011s][info][gc,metaspace   ] GC(1233) Metaspace: 35402K(36096K)->35402K(36096K) NonClass: 29131K(29632K)->29131K(29632K) Class: 6271K(6464K)->6271K(6464K)
[446.011s][info][gc             ] GC(1233) Pause Young (Allocation Failure) 684M->402M(707M) 1.773ms
[446.011s][info][gc,cpu         ] GC(1233) User=0.00s Sys=0.00s Real=0.00s
[446.122s][info][gc,start       ] GC(1234) Pause Young (Allocation Failure)
[446.124s][info][gc,heap        ] GC(1234) PSYoungGen: 292928K(312320K)->64K(311808K) Eden: 292864K(292864K)->0K(292864K) From: 64K(19456K)->64K(18944K)
[446.124s][info][gc,heap        ] GC(1234) ParOldGen: 412011K(412160K)->412019K(412160K)
[446.124s][info][gc,metaspace   ] GC(1234) Metaspace: 35402K(36096K)->35402K(36096K) NonClass: 29131K(29632K)->29131K(29632K) Class: 6271K(6464K)->6271K(6464K)
[446.124s][info][gc             ] GC(1234) Pause Young (Allocation Failure) 688M->402M(707M) 1.666ms
[446.124s][info][gc,cpu         ] GC(1234) User=0.00s Sys=0.00s Real=0.00s
[446.182s][info][gc,start       ] GC(1235) Pause Young (Allocation Failure)
[446.183s][info][gc,heap        ] GC(1235) PSYoungGen: 292928K(311808K)->64K(313856K) Eden: 292864K(292864K)->0K(296448K) From: 64K(18944K)->64K(17408K)
[446.183s][info][gc,heap        ] GC(1235) ParOldGen: 412019K(412160K)->412035K(412160K)
[446.183s][info][gc,metaspace   ] GC(1235) Metaspace: 35402K(36096K)->35402K(36096K) NonClass: 29131K(29632K)->29131K(29632K) Class: 6271K(6464K)->6271K(6464K)
[446.183s][info][gc             ] GC(1235) Pause Young (Allocation Failure) 688M->402M(709M) 1.665ms
[446.183s][info][gc,cpu         ] GC(1235) User=0.00s Sys=0.00s Real=0.00s
[446.375s][info][gc,start       ] GC(1236) Pause Young (Allocation Failure)
[446.377s][info][gc,heap        ] GC(1236) PSYoungGen: 296512K(313856K)->64K(313344K) Eden: 296448K(296448K)->0K(296448K) From: 64K(17408K)->64K(16896K)
[446.377s][info][gc,heap        ] GC(1236) ParOldGen: 412035K(412160K)->412035K(412160K)
[446.377s][info][gc,metaspace   ] GC(1236) Metaspace: 35402K(36096K)->35402K(36096K) NonClass: 29131K(29632K)->29131K(29632K) Class: 6271K(6464K)->6271K(6464K)
[446.377s][info][gc             ] GC(1236) Pause Young (Allocation Failure) 691M->402M(708M) 1.686ms
[446.377s][info][gc,cpu         ] GC(1236) User=0.00s Sys=0.00s Real=0.00s
[446.664s][info][gc,start       ] GC(1237) Pause Young (Allocation Failure)
[446.665s][info][gc,heap        ] GC(1237) PSYoungGen: 296512K(313344K)->64K(315904K) Eden: 296448K(296448K)->0K(300544K) From: 64K(16896K)->64K(15360K)
[446.665s][info][gc,heap        ] GC(1237) ParOldGen: 412035K(412160K)->412043K(412160K)
[446.665s][info][gc,metaspace   ] GC(1237) Metaspace: 35402K(36096K)->35402K(36096K) NonClass: 29131K(29632K)->29131K(29632K) Class: 6271K(6464K)->6271K(6464K)
[446.665s][info][gc             ] GC(1237) Pause Young (Allocation Failure) 691M->402M(711M) 1.612ms
[446.665s][info][gc,cpu         ] GC(1237) User=0.00s Sys=0.00s Real=0.01s
[446.841s][info][gc,start       ] GC(1238) Pause Young (Allocation Failure)
[446.842s][info][gc,heap        ] GC(1238) PSYoungGen: 300608K(315904K)->64K(315392K) Eden: 300544K(300544K)->0K(300544K) From: 64K(15360K)->64K(14848K)
[446.842s][info][gc,heap        ] GC(1238) ParOldGen: 412043K(412160K)->412051K(412160K)
[446.842s][info][gc,metaspace   ] GC(1238) Metaspace: 35402K(36096K)->35402K(36096K) NonClass: 29131K(29632K)->29131K(29632K) Class: 6271K(6464K)->6271K(6464K)
[446.842s][info][gc             ] GC(1238) Pause Young (Allocation Failure) 695M->402M(710M) 1.704ms
[446.842s][info][gc,cpu         ] GC(1238) User=0.00s Sys=0.00s Real=0.00s
[446.935s][info][gc,start       ] GC(1239) Pause Young (Allocation Failure)
[446.937s][info][gc,heap        ] GC(1239) PSYoungGen: 300608K(315392K)->64K(317952K) Eden: 300544K(300544K)->0K(304640K) From: 64K(14848K)->64K(13312K)
[446.937s][info][gc,heap        ] GC(1239) ParOldGen: 412051K(412160K)->412067K(412160K)
[446.937s][info][gc,metaspace   ] GC(1239) Metaspace: 35402K(36096K)->35402K(36096K) NonClass: 29131K(29632K)->29131K(29632K) Class: 6271K(6464K)->6271K(6464K)
[446.937s][info][gc             ] GC(1239) Pause Young (Allocation Failure) 695M->402M(713M) 1.695ms
[446.937s][info][gc,cpu         ] GC(1239) User=0.01s Sys=0.00s Real=0.00s
[447.154s][info][gc,start       ] GC(1240) Pause Young (Allocation Failure)
[447.156s][info][gc,heap        ] GC(1240) PSYoungGen: 304704K(317952K)->64K(317952K) Eden: 304640K(304640K)->0K(304640K) From: 64K(13312K)->64K(13312K)
[447.156s][info][gc,heap        ] GC(1240) ParOldGen: 412067K(412160K)->412067K(412160K)
[447.156s][info][gc,metaspace   ] GC(1240) Metaspace: 35402K(36096K)->35402K(36096K) NonClass: 29131K(29632K)->29131K(29632K) Class: 6271K(6464K)->6271K(6464K)
[447.156s][info][gc             ] GC(1240) Pause Young (Allocation Failure) 699M->402M(713M) 1.650ms
[447.156s][info][gc,cpu         ] GC(1240) User=0.00s Sys=0.00s Real=0.01s
[448.308s][info][gc,start       ] GC(1241) Pause Young (Allocation Failure)
[448.310s][info][gc,heap        ] GC(1241) PSYoungGen: 304704K(317952K)->64K(292864K) Eden: 304640K(304640K)->0K(292352K) From: 64K(13312K)->64K(512K)
[448.310s][info][gc,heap        ] GC(1241) ParOldGen: 412067K(412160K)->412075K(412160K)
[448.310s][info][gc,metaspace   ] GC(1241) Metaspace: 35402K(36096K)->35402K(36096K) NonClass: 29131K(29632K)->29131K(29632K) Class: 6271K(6464K)->6271K(6464K)
[448.310s][info][gc             ] GC(1241) Pause Young (Allocation Failure) 699M->402M(688M) 1.612ms
[448.310s][info][gc,cpu         ] GC(1241) User=0.00s Sys=0.00s Real=0.00s
[449.297s][info][gc,start       ] GC(1242) Pause Young (Allocation Failure)
[449.299s][info][gc,heap        ] GC(1242) PSYoungGen: 292416K(292864K)->64K(292352K) Eden: 292352K(292352K)->0K(280576K) From: 64K(512K)->64K(11776K)
[449.299s][info][gc,heap        ] GC(1242) ParOldGen: 412075K(412160K)->412091K(412160K)
[449.299s][info][gc,metaspace   ] GC(1242) Metaspace: 35402K(36096K)->35402K(36096K) NonClass: 29131K(29632K)->29131K(29632K) Class: 6271K(6464K)->6271K(6464K)
[449.299s][info][gc             ] GC(1242) Pause Young (Allocation Failure) 687M->402M(688M) 1.852ms
[449.299s][info][gc,cpu         ] GC(1242) User=0.00s Sys=0.00s Real=0.00s
[449.580s][info][gc,start       ] GC(1243) Pause Young (Allocation Failure)
[449.582s][info][gc,heap        ] GC(1243) PSYoungGen: 280640K(292352K)->64K(269824K) Eden: 280576K(280576K)->0K(269312K) From: 64K(11776K)->64K(512K)
[449.582s][info][gc,heap        ] GC(1243) ParOldGen: 412091K(412160K)->412099K(412160K)
[449.582s][info][gc,metaspace   ] GC(1243) Metaspace: 35402K(36096K)->35402K(36096K) NonClass: 29131K(29632K)->29131K(29632K) Class: 6271K(6464K)->6271K(6464K)
[449.582s][info][gc             ] GC(1243) Pause Young (Allocation Failure) 676M->402M(666M) 2.024ms
[449.582s][info][gc,cpu         ] GC(1243) User=0.01s Sys=0.00s Real=0.00s
[450.051s][info][gc,start       ] GC(1244) Pause Young (Allocation Failure)
[450.053s][info][gc,heap        ] GC(1244) PSYoungGen: 269376K(269824K)->64K(268800K) Eden: 269312K(269312K)->0K(258560K) From: 64K(512K)->64K(10240K)
[450.053s][info][gc,heap        ] GC(1244) ParOldGen: 412099K(412160K)->412107K(412160K)
[450.053s][info][gc,metaspace   ] GC(1244) Metaspace: 35402K(36096K)->35402K(36096K) NonClass: 29131K(29632K)->29131K(29632K) Class: 6271K(6464K)->6271K(6464K)
[450.053s][info][gc             ] GC(1244) Pause Young (Allocation Failure) 665M->402M(665M) 1.827ms
[450.053s][info][gc,cpu         ] GC(1244) User=0.01s Sys=0.00s Real=0.00s
[451.147s][info][gc,start       ] GC(1245) Pause Young (Allocation Failure)
[451.150s][info][gc,heap        ] GC(1245) PSYoungGen: 258624K(268800K)->64K(248832K) Eden: 258560K(258560K)->0K(248320K) From: 64K(10240K)->64K(512K)
[451.150s][info][gc,heap        ] GC(1245) ParOldGen: 412107K(412160K)->412123K(412160K)
[451.150s][info][gc,metaspace   ] GC(1245) Metaspace: 35402K(36096K)->35402K(36096K) NonClass: 29131K(29632K)->29131K(29632K) Class: 6271K(6464K)->6271K(6464K)
[451.150s][info][gc             ] GC(1245) Pause Young (Allocation Failure) 655M->402M(645M) 2.303ms
[451.150s][info][gc,cpu         ] GC(1245) User=0.00s Sys=0.00s Real=0.00s
[451.572s][info][gc,start       ] GC(1246) Pause Young (Allocation Failure)
[451.573s][info][gc,heap        ] GC(1246) PSYoungGen: 248384K(248832K)->64K(247296K) Eden: 248320K(248320K)->0K(238592K) From: 64K(512K)->64K(8704K)
[451.574s][info][gc,heap        ] GC(1246) ParOldGen: 412123K(412160K)->412131K(412160K)
[451.574s][info][gc,metaspace   ] GC(1246) Metaspace: 35402K(36096K)->35402K(36096K) NonClass: 29131K(29632K)->29131K(29632K) Class: 6271K(6464K)->6271K(6464K)
[451.574s][info][gc             ] GC(1246) Pause Young (Allocation Failure) 645M->402M(644M) 1.662ms
[451.574s][info][gc,cpu         ] GC(1246) User=0.00s Sys=0.00s Real=0.00s
[451.764s][info][gc,start       ] GC(1247) Pause Young (Allocation Failure)
[451.766s][info][gc,heap        ] GC(1247) PSYoungGen: 238656K(247296K)->64K(229888K) Eden: 238592K(238592K)->0K(229376K) From: 64K(8704K)->64K(512K)
[451.766s][info][gc,heap        ] GC(1247) ParOldGen: 412131K(412160K)->412147K(412160K)
[451.766s][info][gc,metaspace   ] GC(1247) Metaspace: 35402K(36096K)->35402K(36096K) NonClass: 29131K(29632K)->29131K(29632K) Class: 6271K(6464K)->6271K(6464K)
[451.766s][info][gc             ] GC(1247) Pause Young (Allocation Failure) 635M->402M(627M) 2.696ms
[451.766s][info][gc,cpu         ] GC(1247) User=0.00s Sys=0.00s Real=0.01s
[451.859s][info][gc,start       ] GC(1248) Pause Young (Allocation Failure)
[451.861s][info][gc,heap        ] GC(1248) PSYoungGen: 229440K(229888K)->64K(228352K) Eden: 229376K(229376K)->0K(220672K) From: 64K(512K)->64K(7680K)
[451.861s][info][gc,heap        ] GC(1248) ParOldGen: 412147K(412160K)->412155K(412160K)
[451.861s][info][gc,metaspace   ] GC(1248) Metaspace: 35402K(36096K)->35402K(36096K) NonClass: 29131K(29632K)->29131K(29632K) Class: 6271K(6464K)->6271K(6464K)
[451.861s][info][gc             ] GC(1248) Pause Young (Allocation Failure) 626M->402M(625M) 1.642ms
[451.861s][info][gc,cpu         ] GC(1248) User=0.00s Sys=0.00s Real=0.00s
[452.466s][info][gc,start       ] GC(1249) Pause Young (Allocation Failure)
[452.468s][info][gc,heap        ] GC(1249) PSYoungGen: 220736K(228352K)->64K(212992K) Eden: 220672K(220672K)->0K(212480K) From: 64K(7680K)->64K(512K)
[452.468s][info][gc,heap        ] GC(1249) ParOldGen: 412155K(412160K)->412163K(412672K)
[452.468s][info][gc,metaspace   ] GC(1249) Metaspace: 35402K(36096K)->35402K(36096K) NonClass: 29131K(29632K)->29131K(29632K) Class: 6271K(6464K)->6271K(6464K)
[452.468s][info][gc             ] GC(1249) Pause Young (Allocation Failure) 618M->402M(611M) 2.288ms
[452.468s][info][gc,cpu         ] GC(1249) User=0.00s Sys=0.00s Real=0.00s
[452.694s][info][gc,start       ] GC(1250) Pause Young (Allocation Failure)
[452.696s][info][gc,heap        ] GC(1250) PSYoungGen: 212544K(212992K)->64K(211456K) Eden: 212480K(212480K)->0K(204800K) From: 64K(512K)->64K(6656K)
[452.696s][info][gc,heap        ] GC(1250) ParOldGen: 412163K(412672K)->412171K(412672K)
[452.696s][info][gc,metaspace   ] GC(1250) Metaspace: 35402K(36096K)->35402K(36096K) NonClass: 29131K(29632K)->29131K(29632K) Class: 6271K(6464K)->6271K(6464K)
[452.696s][info][gc             ] GC(1250) Pause Young (Allocation Failure) 610M->402M(609M) 2.204ms
[452.696s][info][gc,cpu         ] GC(1250) User=0.00s Sys=0.00s Real=0.01s
[453.024s][info][gc,start       ] GC(1251) Pause Young (Allocation Failure)
[453.047s][info][gc,heap        ] GC(1251) PSYoungGen: 204864K(211456K)->6144K(250880K) Eden: 204800K(204800K)->0K(244736K) From: 64K(6656K)->6144K(6144K)
[453.047s][info][gc,heap        ] GC(1251) ParOldGen: 412171K(412672K)->412203K(412672K)
[453.047s][info][gc,metaspace   ] GC(1251) Metaspace: 35402K(36096K)->35402K(36096K) NonClass: 29131K(29632K)->29131K(29632K) Class: 6271K(6464K)->6271K(6464K)
[453.047s][info][gc             ] GC(1251) Pause Young (Allocation Failure) 602M->408M(648M) 22.290ms
[453.047s][info][gc,cpu         ] GC(1251) User=0.02s Sys=0.01s Real=0.03s
[453.345s][info][gc,start       ] GC(1252) Pause Young (Allocation Failure)
[453.409s][info][gc,heap        ] GC(1252) PSYoungGen: 250880K(250880K)->7680K(278528K) Eden: 244736K(244736K)->0K(270848K) From: 6144K(6144K)->7680K(7680K)
[453.409s][info][gc,heap        ] GC(1252) ParOldGen: 412203K(412672K)->430435K(430592K)
[453.409s][info][gc,metaspace   ] GC(1252) Metaspace: 35402K(36096K)->35402K(36096K) NonClass: 29131K(29632K)->29131K(29632K) Class: 6271K(6464K)->6271K(6464K)
[453.409s][info][gc             ] GC(1252) Pause Young (Allocation Failure) 647M->427M(692M) 64.021ms
[453.410s][info][gc,cpu         ] GC(1252) User=0.10s Sys=0.01s Real=0.06s
[453.742s][info][gc,start       ] GC(1253) Pause Young (Allocation Failure)
[453.813s][info][gc,heap        ] GC(1253) PSYoungGen: 278528K(278528K)->16384K(301056K) Eden: 270848K(270848K)->0K(284672K) From: 7680K(7680K)->16384K(16384K)
[453.813s][info][gc,heap        ] GC(1253) ParOldGen: 430435K(430592K)->443395K(443904K)
[453.813s][info][gc,metaspace   ] GC(1253) Metaspace: 35402K(36096K)->35402K(36096K) NonClass: 29131K(29632K)->29131K(29632K) Class: 6271K(6464K)->6271K(6464K)
[453.813s][info][gc             ] GC(1253) Pause Young (Allocation Failure) 692M->449M(727M) 71.169ms
[453.813s][info][gc,cpu         ] GC(1253) User=0.12s Sys=0.03s Real=0.07s
[453.964s][info][gc,start       ] GC(1254) Pause Young (Allocation Failure)
[453.989s][info][gc,heap        ] GC(1254) PSYoungGen: 301056K(301056K)->8256K(309248K) Eden: 284672K(284672K)->0K(284672K) From: 16384K(16384K)->8256K(24576K)
[453.989s][info][gc,heap        ] GC(1254) ParOldGen: 443395K(443904K)->443859K(443904K)
[453.989s][info][gc,metaspace   ] GC(1254) Metaspace: 35402K(36096K)->35402K(36096K) NonClass: 29131K(29632K)->29131K(29632K) Class: 6271K(6464K)->6271K(6464K)
[453.989s][info][gc             ] GC(1254) Pause Young (Allocation Failure) 727M->441M(735M) 25.029ms
[453.989s][info][gc,cpu         ] GC(1254) User=0.05s Sys=0.00s Real=0.03s
[454.500s][info][gc,start       ] GC(1255) Pause Young (Allocation Failure)
[454.502s][info][gc,heap        ] GC(1255) PSYoungGen: 292928K(309248K)->64K(307200K) Eden: 284672K(284672K)->0K(285696K) From: 8256K(24576K)->64K(21504K)
[454.502s][info][gc,heap        ] GC(1255) ParOldGen: 443859K(443904K)->443867K(443904K)
[454.502s][info][gc,metaspace   ] GC(1255) Metaspace: 35402K(36096K)->35402K(36096K) NonClass: 29131K(29632K)->29131K(29632K) Class: 6271K(6464K)->6271K(6464K)
[454.502s][info][gc             ] GC(1255) Pause Young (Allocation Failure) 719M->433M(733M) 1.771ms
[454.502s][info][gc,cpu         ] GC(1255) User=0.00s Sys=0.00s Real=0.00s
[455.142s][info][gc,start       ] GC(1256) Pause Young (Allocation Failure)
[455.144s][info][gc,heap        ] GC(1256) PSYoungGen: 285760K(307200K)->64K(308736K) Eden: 285696K(285696K)->0K(285696K) From: 64K(21504K)->64K(23040K)
[455.144s][info][gc,heap        ] GC(1256) ParOldGen: 443867K(443904K)->443875K(443904K)
[455.144s][info][gc,metaspace   ] GC(1256) Metaspace: 35402K(36096K)->35402K(36096K) NonClass: 29131K(29632K)->29131K(29632K) Class: 6271K(6464K)->6271K(6464K)
[455.144s][info][gc             ] GC(1256) Pause Young (Allocation Failure) 712M->433M(735M) 1.780ms
[455.144s][info][gc,cpu         ] GC(1256) User=0.00s Sys=0.00s Real=0.00s
[455.603s][info][gc,start       ] GC(1257) Pause Young (Allocation Failure)
[455.605s][info][gc,heap        ] GC(1257) PSYoungGen: 285760K(308736K)->64K(309248K) Eden: 285696K(285696K)->0K(288768K) From: 64K(23040K)->64K(20480K)
[455.605s][info][gc,heap        ] GC(1257) ParOldGen: 443875K(443904K)->443891K(443904K)
[455.605s][info][gc,metaspace   ] GC(1257) Metaspace: 35402K(36096K)->35402K(36096K) NonClass: 29131K(29632K)->29131K(29632K) Class: 6271K(6464K)->6271K(6464K)
[455.605s][info][gc             ] GC(1257) Pause Young (Allocation Failure) 712M->433M(735M) 1.808ms
[455.605s][info][gc,cpu         ] GC(1257) User=0.00s Sys=0.00s Real=0.01s
[455.825s][info][gc,start       ] GC(1258) Pause Young (Allocation Failure)
[455.827s][info][gc,heap        ] GC(1258) PSYoungGen: 288832K(309248K)->32K(310272K) Eden: 288768K(288768K)->0K(288768K) From: 64K(20480K)->32K(21504K)
[455.827s][info][gc,heap        ] GC(1258) ParOldGen: 443891K(443904K)->443907K(444416K)
[455.827s][info][gc,metaspace   ] GC(1258) Metaspace: 35402K(36096K)->35402K(36096K) NonClass: 29131K(29632K)->29131K(29632K) Class: 6271K(6464K)->6271K(6464K)
[455.827s][info][gc             ] GC(1258) Pause Young (Allocation Failure) 715M->433M(737M) 1.770ms
[455.827s][info][gc,cpu         ] GC(1258) User=0.00s Sys=0.00s Real=0.00s
[456.044s][info][gc,start       ] GC(1259) Pause Young (Allocation Failure)
[456.046s][info][gc,heap        ] GC(1259) PSYoungGen: 288800K(310272K)->64K(310272K) Eden: 288768K(288768K)->0K(291840K) From: 32K(21504K)->64K(18432K)
[456.046s][info][gc,heap        ] GC(1259) ParOldGen: 443907K(444416K)->443907K(444416K)
[456.046s][info][gc,metaspace   ] GC(1259) Metaspace: 35402K(36096K)->35402K(36096K) NonClass: 29131K(29632K)->29131K(29632K) Class: 6271K(6464K)->6271K(6464K)
[456.046s][info][gc             ] GC(1259) Pause Young (Allocation Failure) 715M->433M(737M) 1.767ms
[456.046s][info][gc,cpu         ] GC(1259) User=0.00s Sys=0.00s Real=0.01s
[456.417s][info][gc,start       ] GC(1260) Pause Young (Allocation Failure)
[456.420s][info][gc,heap        ] GC(1260) PSYoungGen: 291904K(310272K)->32K(311296K) Eden: 291840K(291840K)->0K(291840K) From: 64K(18432K)->32K(19456K)
[456.420s][info][gc,heap        ] GC(1260) ParOldGen: 443907K(444416K)->443907K(444416K)
[456.420s][info][gc,metaspace   ] GC(1260) Metaspace: 35402K(36096K)->35402K(36096K) NonClass: 29131K(29632K)->29131K(29632K) Class: 6271K(6464K)->6271K(6464K)
[456.420s][info][gc             ] GC(1260) Pause Young (Allocation Failure) 718M->433M(738M) 2.889ms
[456.420s][info][gc,cpu         ] GC(1260) User=0.00s Sys=0.00s Real=0.00s
[456.524s][info][gc,start       ] GC(1261) Pause Young (Allocation Failure)
[456.526s][info][gc,heap        ] GC(1261) PSYoungGen: 291872K(311296K)->64K(311808K) Eden: 291840K(291840K)->0K(295424K) From: 32K(19456K)->64K(16384K)
[456.526s][info][gc,heap        ] GC(1261) ParOldGen: 443907K(444416K)->443915K(444416K)
[456.526s][info][gc,metaspace   ] GC(1261) Metaspace: 35402K(36096K)->35402K(36096K) NonClass: 29131K(29632K)->29131K(29632K) Class: 6271K(6464K)->6271K(6464K)
[456.526s][info][gc             ] GC(1261) Pause Young (Allocation Failure) 718M->433M(738M) 1.766ms
[456.526s][info][gc,cpu         ] GC(1261) User=0.01s Sys=0.00s Real=0.01s
[456.585s][info][gc,start       ] GC(1262) Pause Young (Allocation Failure)
[456.586s][info][gc,heap        ] GC(1262) PSYoungGen: 295488K(311808K)->64K(313344K) Eden: 295424K(295424K)->0K(295424K) From: 64K(16384K)->64K(17920K)
[456.586s][info][gc,heap        ] GC(1262) ParOldGen: 443915K(444416K)->443931K(444416K)
[456.586s][info][gc,metaspace   ] GC(1262) Metaspace: 35402K(36096K)->35402K(36096K) NonClass: 29131K(29632K)->29131K(29632K) Class: 6271K(6464K)->6271K(6464K)
[456.587s][info][gc             ] GC(1262) Pause Young (Allocation Failure) 722M->433M(740M) 1.702ms
[456.587s][info][gc,cpu         ] GC(1262) User=0.01s Sys=0.00s Real=0.00s
[456.775s][info][gc,start       ] GC(1263) Pause Young (Allocation Failure)
[456.777s][info][gc,heap        ] GC(1263) PSYoungGen: 295488K(313344K)->64K(313344K) Eden: 295424K(295424K)->0K(299008K) From: 64K(17920K)->64K(14336K)
[456.777s][info][gc,heap        ] GC(1263) ParOldGen: 443931K(444416K)->443931K(444416K)
[456.777s][info][gc,metaspace   ] GC(1263) Metaspace: 35402K(36096K)->35402K(36096K) NonClass: 29131K(29632K)->29131K(29632K) Class: 6271K(6464K)->6271K(6464K)
[456.777s][info][gc             ] GC(1263) Pause Young (Allocation Failure) 722M->433M(740M) 1.782ms
[456.777s][info][gc,cpu         ] GC(1263) User=0.00s Sys=0.00s Real=0.00s
[457.062s][info][gc,start       ] GC(1264) Pause Young (Allocation Failure)
[457.064s][info][gc,heap        ] GC(1264) PSYoungGen: 299072K(313344K)->64K(314880K) Eden: 299008K(299008K)->0K(299008K) From: 64K(14336K)->64K(15872K)
[457.064s][info][gc,heap        ] GC(1264) ParOldGen: 443931K(444416K)->443939K(444416K)
[457.064s][info][gc,metaspace   ] GC(1264) Metaspace: 35402K(36096K)->35402K(36096K) NonClass: 29131K(29632K)->29131K(29632K) Class: 6271K(6464K)->6271K(6464K)
[457.064s][info][gc             ] GC(1264) Pause Young (Allocation Failure) 725M->433M(741M) 1.794ms
[457.064s][info][gc,cpu         ] GC(1264) User=0.00s Sys=0.00s Real=0.00s
[457.227s][info][gc,start       ] GC(1265) Pause Young (Allocation Failure)
[457.229s][info][gc,heap        ] GC(1265) PSYoungGen: 299072K(314880K)->64K(316416K) Eden: 299008K(299008K)->0K(303104K) From: 64K(15872K)->64K(13312K)
[457.229s][info][gc,heap        ] GC(1265) ParOldGen: 443939K(444416K)->443947K(444416K)
[457.229s][info][gc,metaspace   ] GC(1265) Metaspace: 35402K(36096K)->35402K(36096K) NonClass: 29131K(29632K)->29131K(29632K) Class: 6271K(6464K)->6271K(6464K)
[457.229s][info][gc             ] GC(1265) Pause Young (Allocation Failure) 725M->433M(743M) 1.766ms
[457.229s][info][gc,cpu         ] GC(1265) User=0.00s Sys=0.00s Real=0.00s
[457.323s][info][gc,start       ] GC(1266) Pause Young (Allocation Failure)
[457.325s][info][gc,heap        ] GC(1266) PSYoungGen: 303168K(316416K)->64K(317440K) Eden: 303104K(303104K)->0K(303104K) From: 64K(13312K)->64K(14336K)
[457.325s][info][gc,heap        ] GC(1266) ParOldGen: 443947K(444416K)->443963K(444416K)
[457.325s][info][gc,metaspace   ] GC(1266) Metaspace: 35402K(36096K)->35402K(36096K) NonClass: 29131K(29632K)->29131K(29632K) Class: 6271K(6464K)->6271K(6464K)
[457.325s][info][gc             ] GC(1266) Pause Young (Allocation Failure) 729M->433M(744M) 1.719ms
[457.325s][info][gc,cpu         ] GC(1266) User=0.00s Sys=0.00s Real=0.01s
[457.535s][info][gc,start       ] GC(1267) Pause Young (Allocation Failure)
[457.537s][info][gc,heap        ] GC(1267) PSYoungGen: 303168K(317440K)->64K(317440K) Eden: 303104K(303104K)->0K(306176K) From: 64K(14336K)->64K(11264K)
[457.537s][info][gc,heap        ] GC(1267) ParOldGen: 443963K(444416K)->443963K(444416K)
[457.537s][info][gc,metaspace   ] GC(1267) Metaspace: 35402K(36096K)->35402K(36096K) NonClass: 29131K(29632K)->29131K(29632K) Class: 6271K(6464K)->6271K(6464K)
[457.537s][info][gc             ] GC(1267) Pause Young (Allocation Failure) 729M->433M(744M) 1.740ms
[457.537s][info][gc,cpu         ] GC(1267) User=0.01s Sys=0.00s Real=0.00s
[458.662s][info][gc,start       ] GC(1268) Pause Young (Allocation Failure)
[458.664s][info][gc,heap        ] GC(1268) PSYoungGen: 306240K(317440K)->64K(318464K) Eden: 306176K(306176K)->0K(306176K) From: 64K(11264K)->64K(12288K)
[458.664s][info][gc,heap        ] GC(1268) ParOldGen: 443963K(444416K)->443971K(444416K)
[458.664s][info][gc,metaspace   ] GC(1268) Metaspace: 35402K(36096K)->35402K(36096K) NonClass: 29131K(29632K)->29131K(29632K) Class: 6271K(6464K)->6271K(6464K)
[458.664s][info][gc             ] GC(1268) Pause Young (Allocation Failure) 732M->433M(745M) 1.771ms
[458.664s][info][gc,cpu         ] GC(1268) User=0.01s Sys=0.00s Real=0.00s
[459.655s][info][gc,start       ] GC(1269) Pause Young (Allocation Failure)
[459.657s][info][gc,heap        ] GC(1269) PSYoungGen: 306240K(318464K)->64K(294400K) Eden: 306176K(306176K)->0K(293888K) From: 64K(12288K)->64K(512K)
[459.657s][info][gc,heap        ] GC(1269) ParOldGen: 443971K(444416K)->443979K(444416K)
[459.657s][info][gc,metaspace   ] GC(1269) Metaspace: 35402K(36096K)->35402K(36096K) NonClass: 29131K(29632K)->29131K(29632K) Class: 6271K(6464K)->6271K(6464K)
[459.657s][info][gc             ] GC(1269) Pause Young (Allocation Failure) 732M->433M(721M) 2.057ms
[459.657s][info][gc,cpu         ] GC(1269) User=0.01s Sys=0.00s Real=0.00s
[460.007s][info][gc,start       ] GC(1270) Pause Young (Allocation Failure)
[460.009s][info][gc,heap        ] GC(1270) PSYoungGen: 293952K(294400K)->64K(292864K) Eden: 293888K(293888K)->0K(282112K) From: 64K(512K)->64K(10752K)
[460.009s][info][gc,heap        ] GC(1270) ParOldGen: 443979K(444416K)->443987K(444416K)
[460.009s][info][gc,metaspace   ] GC(1270) Metaspace: 35402K(36096K)->35402K(36096K) NonClass: 29131K(29632K)->29131K(29632K) Class: 6271K(6464K)->6271K(6464K)
[460.009s][info][gc             ] GC(1270) Pause Young (Allocation Failure) 720M->433M(720M) 1.855ms
[460.009s][info][gc,cpu         ] GC(1270) User=0.00s Sys=0.00s Real=0.00s
[460.503s][info][gc,start       ] GC(1271) Pause Young (Allocation Failure)
[460.506s][info][gc,heap        ] GC(1271) PSYoungGen: 282176K(292864K)->64K(271360K) Eden: 282112K(282112K)->0K(270848K) From: 64K(10752K)->64K(512K)
[460.506s][info][gc,heap        ] GC(1271) ParOldGen: 443987K(444416K)->443995K(444416K)
[460.506s][info][gc,metaspace   ] GC(1271) Metaspace: 35402K(36096K)->35402K(36096K) NonClass: 29131K(29632K)->29131K(29632K) Class: 6271K(6464K)->6271K(6464K)
[460.506s][info][gc             ] GC(1271) Pause Young (Allocation Failure) 709M->433M(699M) 2.930ms
[460.506s][info][gc,cpu         ] GC(1271) User=0.00s Sys=0.00s Real=0.01s
[461.580s][info][gc,start       ] GC(1272) Pause Young (Allocation Failure)
[461.582s][info][gc,heap        ] GC(1272) PSYoungGen: 270912K(271360K)->64K(269824K) Eden: 270848K(270848K)->0K(260096K) From: 64K(512K)->64K(9728K)
[461.582s][info][gc,heap        ] GC(1272) ParOldGen: 443995K(444416K)->444003K(444416K)
[461.582s][info][gc,metaspace   ] GC(1272) Metaspace: 35402K(36096K)->35402K(36096K) NonClass: 29131K(29632K)->29131K(29632K) Class: 6271K(6464K)->6271K(6464K)
[461.582s][info][gc             ] GC(1272) Pause Young (Allocation Failure) 698M->433M(697M) 2.230ms
[461.582s][info][gc,cpu         ] GC(1272) User=0.00s Sys=0.00s Real=0.00s
[461.974s][info][gc,start       ] GC(1273) Pause Young (Allocation Failure)
[461.976s][info][gc,heap        ] GC(1273) PSYoungGen: 260160K(269824K)->64K(250368K) Eden: 260096K(260096K)->0K(249856K) From: 64K(9728K)->64K(512K)
[461.976s][info][gc,heap        ] GC(1273) ParOldGen: 444003K(444416K)->444011K(444416K)
[461.976s][info][gc,metaspace   ] GC(1273) Metaspace: 35402K(36096K)->35402K(36096K) NonClass: 29131K(29632K)->29131K(29632K) Class: 6271K(6464K)->6271K(6464K)
[461.976s][info][gc             ] GC(1273) Pause Young (Allocation Failure) 687M->433M(678M) 2.808ms
[461.976s][info][gc,cpu         ] GC(1273) User=0.01s Sys=0.00s Real=0.01s
[462.134s][info][gc,start       ] GC(1274) Pause Young (Allocation Failure)
[462.136s][info][gc,heap        ] GC(1274) PSYoungGen: 249920K(250368K)->64K(248320K) Eden: 249856K(249856K)->0K(240128K) From: 64K(512K)->64K(8192K)
[462.136s][info][gc,heap        ] GC(1274) ParOldGen: 444011K(444416K)->444019K(444416K)
[462.136s][info][gc,metaspace   ] GC(1274) Metaspace: 35402K(36096K)->35402K(36096K) NonClass: 29131K(29632K)->29131K(29632K) Class: 6271K(6464K)->6271K(6464K)
[462.136s][info][gc             ] GC(1274) Pause Young (Allocation Failure) 677M->433M(676M) 1.637ms
[462.136s][info][gc,cpu         ] GC(1274) User=0.00s Sys=0.00s Real=0.00s
[462.424s][info][gc,start       ] GC(1275) Pause Young (Allocation Failure)
[462.426s][info][gc,heap        ] GC(1275) PSYoungGen: 240192K(248320K)->64K(231424K) Eden: 240128K(240128K)->0K(230912K) From: 64K(8192K)->64K(512K)
[462.427s][info][gc,heap        ] GC(1275) ParOldGen: 444019K(444416K)->444027K(444416K)
[462.427s][info][gc,metaspace   ] GC(1275) Metaspace: 35402K(36096K)->35402K(36096K) NonClass: 29131K(29632K)->29131K(29632K) Class: 6271K(6464K)->6271K(6464K)
[462.427s][info][gc             ] GC(1275) Pause Young (Allocation Failure) 668M->433M(660M) 2.351ms
[462.427s][info][gc,cpu         ] GC(1275) User=0.00s Sys=0.00s Real=0.01s
[462.963s][info][gc,start       ] GC(1276) Pause Young (Allocation Failure)
[462.965s][info][gc,heap        ] GC(1276) PSYoungGen: 230976K(231424K)->64K(229376K) Eden: 230912K(230912K)->0K(222208K) From: 64K(512K)->64K(7168K)
[462.965s][info][gc,heap        ] GC(1276) ParOldGen: 444027K(444416K)->444035K(444416K)
[462.965s][info][gc,metaspace   ] GC(1276) Metaspace: 35402K(36096K)->35402K(36096K) NonClass: 29131K(29632K)->29131K(29632K) Class: 6271K(6464K)->6271K(6464K)
[462.965s][info][gc             ] GC(1276) Pause Young (Allocation Failure) 659M->433M(658M) 1.689ms
[462.965s][info][gc,cpu         ] GC(1276) User=0.01s Sys=0.00s Real=0.01s
[463.223s][info][gc,start       ] GC(1277) Pause Young (Allocation Failure)
[463.226s][info][gc,heap        ] GC(1277) PSYoungGen: 222272K(229376K)->64K(214528K) Eden: 222208K(222208K)->0K(214016K) From: 64K(7168K)->64K(512K)
[463.226s][info][gc,heap        ] GC(1277) ParOldGen: 444035K(444416K)->444043K(444416K)
[463.226s][info][gc,metaspace   ] GC(1277) Metaspace: 35402K(36096K)->35402K(36096K) NonClass: 29131K(29632K)->29131K(29632K) Class: 6271K(6464K)->6271K(6464K)
[463.226s][info][gc             ] GC(1277) Pause Young (Allocation Failure) 650M->433M(643M) 2.518ms
[463.226s][info][gc,cpu         ] GC(1277) User=0.01s Sys=0.01s Real=0.01s
[463.527s][info][gc,start       ] GC(1278) Pause Young (Allocation Failure)
[463.568s][info][gc,heap        ] GC(1278) PSYoungGen: 214080K(214528K)->6144K(262656K) Eden: 214016K(214016K)->0K(256512K) From: 64K(512K)->6144K(6144K)
[463.568s][info][gc,heap        ] GC(1278) ParOldGen: 444043K(444416K)->457067K(457216K)
[463.568s][info][gc,metaspace   ] GC(1278) Metaspace: 35402K(36096K)->35402K(36096K) NonClass: 29131K(29632K)->29131K(29632K) Class: 6271K(6464K)->6271K(6464K)
[463.568s][info][gc             ] GC(1278) Pause Young (Allocation Failure) 642M->452M(703M) 41.239ms
[463.568s][info][gc,cpu         ] GC(1278) User=0.07s Sys=0.01s Real=0.04s
[463.883s][info][gc,start       ] GC(1279) Pause Young (Allocation Failure)
[463.947s][info][gc,heap        ] GC(1279) PSYoungGen: 262656K(262656K)->6144K(270336K) Eden: 256512K(256512K)->0K(264192K) From: 6144K(6144K)->6144K(6144K)
[463.947s][info][gc,heap        ] GC(1279) ParOldGen: 457067K(457216K)->478579K(478720K)
[463.947s][info][gc,metaspace   ] GC(1279) Metaspace: 35402K(36096K)->35402K(36096K) NonClass: 29131K(29632K)->29131K(29632K) Class: 6271K(6464K)->6271K(6464K)
[463.947s][info][gc             ] GC(1279) Pause Young (Allocation Failure) 702M->473M(731M) 64.359ms
[463.947s][info][gc,cpu         ] GC(1279) User=0.11s Sys=0.01s Real=0.07s
[464.225s][info][gc,start       ] GC(1280) Pause Young (Allocation Failure)
[464.270s][info][gc,heap        ] GC(1280) PSYoungGen: 270336K(270336K)->20992K(285184K) Eden: 264192K(264192K)->0K(264192K) From: 6144K(6144K)->20992K(20992K)
[464.270s][info][gc,heap        ] GC(1280) ParOldGen: 478579K(478720K)->480995K(481280K)
[464.270s][info][gc,metaspace   ] GC(1280) Metaspace: 35402K(36096K)->35402K(36096K) NonClass: 29131K(29632K)->29131K(29632K) Class: 6271K(6464K)->6271K(6464K)
[464.270s][info][gc             ] GC(1280) Pause Young (Allocation Failure) 731M->490M(748M) 45.670ms
[464.270s][info][gc,cpu         ] GC(1280) User=0.09s Sys=0.01s Real=0.04s
[464.372s][info][gc,start       ] GC(1281) Pause Young (Allocation Failure)
[464.374s][info][gc,heap        ] GC(1281) PSYoungGen: 285184K(285184K)->64K(308224K) Eden: 264192K(264192K)->0K(282112K) From: 20992K(20992K)->64K(26112K)
[464.374s][info][gc,heap        ] GC(1281) ParOldGen: 480995K(481280K)->481067K(481280K)
[464.374s][info][gc,metaspace   ] GC(1281) Metaspace: 35402K(36096K)->35402K(36096K) NonClass: 29131K(29632K)->29131K(29632K) Class: 6271K(6464K)->6271K(6464K)
[464.374s][info][gc             ] GC(1281) Pause Young (Allocation Failure) 748M->469M(771M) 2.373ms
[464.374s][info][gc,cpu         ] GC(1281) User=0.00s Sys=0.00s Real=0.00s
[465.122s][info][gc,start       ] GC(1282) Pause Young (Allocation Failure)
[465.124s][info][gc,heap        ] GC(1282) PSYoungGen: 282176K(308224K)->64K(282624K) Eden: 282112K(282112K)->0K(282112K) From: 64K(26112K)->64K(512K)
[465.124s][info][gc,heap        ] GC(1282) ParOldGen: 481067K(481280K)->481075K(481280K)
[465.124s][info][gc,metaspace   ] GC(1282) Metaspace: 35402K(36096K)->35402K(36096K) NonClass: 29131K(29632K)->29131K(29632K) Class: 6271K(6464K)->6271K(6464K)
[465.124s][info][gc             ] GC(1282) Pause Young (Allocation Failure) 745M->469M(746M) 1.811ms
[465.124s][info][gc,cpu         ] GC(1282) User=0.00s Sys=0.00s Real=0.00s
[465.552s][info][gc,start       ] GC(1283) Pause Young (Allocation Failure)
[465.554s][info][gc,heap        ] GC(1283) PSYoungGen: 282176K(282624K)->64K(307712K) Eden: 282112K(282112K)->0K(283136K) From: 64K(512K)->64K(24576K)
[465.554s][info][gc,heap        ] GC(1283) ParOldGen: 481075K(481280K)->481083K(481280K)
[465.554s][info][gc,metaspace   ] GC(1283) Metaspace: 35402K(36096K)->35402K(36096K) NonClass: 29131K(29632K)->29131K(29632K) Class: 6271K(6464K)->6271K(6464K)
[465.554s][info][gc             ] GC(1283) Pause Young (Allocation Failure) 745M->469M(770M) 1.908ms
[465.554s][info][gc,cpu         ] GC(1283) User=0.00s Sys=0.00s Real=0.00s
[466.010s][info][gc,start       ] GC(1284) Pause Young (Allocation Failure)
[466.012s][info][gc,heap        ] GC(1284) PSYoungGen: 283200K(307712K)->64K(306688K) Eden: 283136K(283136K)->0K(283136K) From: 64K(24576K)->64K(23552K)
[466.012s][info][gc,heap        ] GC(1284) ParOldGen: 481083K(481280K)->481099K(481280K)
[466.012s][info][gc,metaspace   ] GC(1284) Metaspace: 35402K(36096K)->35402K(36096K) NonClass: 29131K(29632K)->29131K(29632K) Class: 6271K(6464K)->6271K(6464K)
[466.012s][info][gc             ] GC(1284) Pause Young (Allocation Failure) 746M->469M(769M) 1.948ms
[466.012s][info][gc,cpu         ] GC(1284) User=0.01s Sys=0.00s Real=0.00s
[466.226s][info][gc,start       ] GC(1285) Pause Young (Allocation Failure)
[466.228s][info][gc,heap        ] GC(1285) PSYoungGen: 283200K(306688K)->64K(309248K) Eden: 283136K(283136K)->0K(286720K) From: 64K(23552K)->64K(22528K)
[466.228s][info][gc,heap        ] GC(1285) ParOldGen: 481099K(481280K)->481115K(481280K)
[466.228s][info][gc,metaspace   ] GC(1285) Metaspace: 35402K(36096K)->35402K(36096K) NonClass: 29131K(29632K)->29131K(29632K) Class: 6271K(6464K)->6271K(6464K)
[466.228s][info][gc             ] GC(1285) Pause Young (Allocation Failure) 746M->469M(772M) 1.782ms
[466.228s][info][gc,cpu         ] GC(1285) User=0.00s Sys=0.00s Real=0.00s
[466.443s][info][gc,start       ] GC(1286) Pause Young (Allocation Failure)
[466.445s][info][gc,heap        ] GC(1286) PSYoungGen: 286784K(309248K)->64K(308224K) Eden: 286720K(286720K)->0K(286720K) From: 64K(22528K)->64K(21504K)
[466.445s][info][gc,heap        ] GC(1286) ParOldGen: 481115K(481280K)->481115K(481280K)
[466.445s][info][gc,metaspace   ] GC(1286) Metaspace: 35402K(36096K)->35402K(36096K) NonClass: 29131K(29632K)->29131K(29632K) Class: 6271K(6464K)->6271K(6464K)
[466.445s][info][gc             ] GC(1286) Pause Young (Allocation Failure) 749M->469M(771M) 1.752ms
[466.445s][info][gc,cpu         ] GC(1286) User=0.00s Sys=0.00s Real=0.01s
[466.810s][info][gc,start       ] GC(1287) Pause Young (Allocation Failure)
[466.812s][info][gc,heap        ] GC(1287) PSYoungGen: 286784K(308224K)->64K(311296K) Eden: 286720K(286720K)->0K(290816K) From: 64K(21504K)->64K(20480K)
[466.812s][info][gc,heap        ] GC(1287) ParOldGen: 481115K(481280K)->481115K(481280K)
[466.812s][info][gc,metaspace   ] GC(1287) Metaspace: 35402K(36096K)->35402K(36096K) NonClass: 29131K(29632K)->29131K(29632K) Class: 6271K(6464K)->6271K(6464K)
[466.812s][info][gc             ] GC(1287) Pause Young (Allocation Failure) 749M->469M(774M) 1.791ms
[466.812s][info][gc,cpu         ] GC(1287) User=0.01s Sys=0.00s Real=0.00s
[466.868s][info][gc,start       ] GC(1288) Pause Young (Allocation Failure)
[466.869s][info][gc,heap        ] GC(1288) PSYoungGen: 290880K(311296K)->64K(310272K) Eden: 290816K(290816K)->0K(290816K) From: 64K(20480K)->64K(19456K)
[466.869s][info][gc,heap        ] GC(1288) ParOldGen: 481115K(481280K)->481131K(481280K)
[466.869s][info][gc,metaspace   ] GC(1288) Metaspace: 35402K(36096K)->35402K(36096K) NonClass: 29131K(29632K)->29131K(29632K) Class: 6271K(6464K)->6271K(6464K)
[466.870s][info][gc             ] GC(1288) Pause Young (Allocation Failure) 753M->469M(773M) 1.765ms
[466.870s][info][gc,cpu         ] GC(1288) User=0.00s Sys=0.00s Real=0.00s
[466.926s][info][gc,start       ] GC(1289) Pause Young (Allocation Failure)
[466.928s][info][gc,heap        ] GC(1289) PSYoungGen: 290880K(310272K)->64K(313344K) Eden: 290816K(290816K)->0K(294912K) From: 64K(19456K)->64K(18432K)
[466.928s][info][gc,heap        ] GC(1289) ParOldGen: 481131K(481280K)->481131K(481280K)
[466.928s][info][gc,metaspace   ] GC(1289) Metaspace: 35402K(36096K)->35402K(36096K) NonClass: 29131K(29632K)->29131K(29632K) Class: 6271K(6464K)->6271K(6464K)
[466.928s][info][gc             ] GC(1289) Pause Young (Allocation Failure) 753M->469M(776M) 1.804ms
[466.928s][info][gc,cpu         ] GC(1289) User=0.00s Sys=0.00s Real=0.00s
[467.183s][info][gc,start       ] GC(1290) Pause Young (Allocation Failure)
[467.184s][info][gc,heap        ] GC(1290) PSYoungGen: 294976K(313344K)->64K(312320K) Eden: 294912K(294912K)->0K(294912K) From: 64K(18432K)->64K(17408K)
[467.184s][info][gc,heap        ] GC(1290) ParOldGen: 481131K(481280K)->481131K(481280K)
[467.184s][info][gc,metaspace   ] GC(1290) Metaspace: 35402K(36096K)->35402K(36096K) NonClass: 29131K(29632K)->29131K(29632K) Class: 6271K(6464K)->6271K(6464K)
[467.184s][info][gc             ] GC(1290) Pause Young (Allocation Failure) 757M->469M(775M) 1.738ms
[467.184s][info][gc,cpu         ] GC(1290) User=0.00s Sys=0.00s Real=0.00s
[467.444s][info][gc,start       ] GC(1291) Pause Young (Allocation Failure)
[467.445s][info][gc,heap        ] GC(1291) PSYoungGen: 294976K(312320K)->64K(315392K) Eden: 294912K(294912K)->0K(299008K) From: 64K(17408K)->64K(16384K)
[467.445s][info][gc,heap        ] GC(1291) ParOldGen: 481131K(481280K)->481139K(481280K)
[467.445s][info][gc,metaspace   ] GC(1291) Metaspace: 35402K(36096K)->35402K(36096K) NonClass: 29131K(29632K)->29131K(29632K) Class: 6271K(6464K)->6271K(6464K)
[467.445s][info][gc             ] GC(1291) Pause Young (Allocation Failure) 757M->469M(778M) 1.776ms
[467.445s][info][gc,cpu         ] GC(1291) User=0.00s Sys=0.00s Real=0.01s
[467.577s][info][gc,start       ] GC(1292) Pause Young (Allocation Failure)
[467.579s][info][gc,heap        ] GC(1292) PSYoungGen: 299072K(315392K)->64K(314368K) Eden: 299008K(299008K)->0K(299008K) From: 64K(16384K)->64K(15360K)
[467.579s][info][gc,heap        ] GC(1292) ParOldGen: 481139K(481280K)->481147K(481280K)
[467.579s][info][gc,metaspace   ] GC(1292) Metaspace: 35402K(36096K)->35402K(36096K) NonClass: 29131K(29632K)->29131K(29632K) Class: 6271K(6464K)->6271K(6464K)
[467.579s][info][gc             ] GC(1292) Pause Young (Allocation Failure) 761M->469M(777M) 1.833ms
[467.579s][info][gc,cpu         ] GC(1292) User=0.00s Sys=0.00s Real=0.00s
[467.695s][info][gc,start       ] GC(1293) Pause Young (Allocation Failure)
[467.697s][info][gc,heap        ] GC(1293) PSYoungGen: 299072K(314368K)->64K(316928K) Eden: 299008K(299008K)->0K(302592K) From: 64K(15360K)->64K(14336K)
[467.697s][info][gc,heap        ] GC(1293) ParOldGen: 481147K(481280K)->481155K(481280K)
[467.697s][info][gc,metaspace   ] GC(1293) Metaspace: 35402K(36096K)->35402K(36096K) NonClass: 29131K(29632K)->29131K(29632K) Class: 6271K(6464K)->6271K(6464K)
[467.697s][info][gc             ] GC(1293) Pause Young (Allocation Failure) 761M->469M(779M) 1.822ms
[467.697s][info][gc,cpu         ] GC(1293) User=0.00s Sys=0.00s Real=0.00s
[467.933s][info][gc,start       ] GC(1294) Pause Young (Allocation Failure)
[467.935s][info][gc,heap        ] GC(1294) PSYoungGen: 302656K(316928K)->64K(316416K) Eden: 302592K(302592K)->0K(302592K) From: 64K(14336K)->64K(13824K)
[467.935s][info][gc,heap        ] GC(1294) ParOldGen: 481155K(481280K)->481163K(481280K)
[467.935s][info][gc,metaspace   ] GC(1294) Metaspace: 35402K(36096K)->35402K(36096K) NonClass: 29131K(29632K)->29131K(29632K) Class: 6271K(6464K)->6271K(6464K)
[467.935s][info][gc             ] GC(1294) Pause Young (Allocation Failure) 765M->469M(779M) 1.866ms
[467.935s][info][gc,cpu         ] GC(1294) User=0.00s Sys=0.00s Real=0.01s
[468.989s][info][gc,start       ] GC(1295) Pause Young (Allocation Failure)
[468.991s][info][gc,heap        ] GC(1295) PSYoungGen: 302656K(316416K)->64K(318976K) Eden: 302592K(302592K)->0K(306688K) From: 64K(13824K)->64K(12288K)
[468.991s][info][gc,heap        ] GC(1295) ParOldGen: 481163K(481280K)->481171K(481280K)
[468.991s][info][gc,metaspace   ] GC(1295) Metaspace: 35402K(36096K)->35402K(36096K) NonClass: 29131K(29632K)->29131K(29632K) Class: 6271K(6464K)->6271K(6464K)
[468.991s][info][gc             ] GC(1295) Pause Young (Allocation Failure) 765M->469M(781M) 1.816ms
[468.991s][info][gc,cpu         ] GC(1295) User=0.00s Sys=0.00s Real=0.00s
[470.022s][info][gc,start       ] GC(1296) Pause Young (Allocation Failure)
[470.024s][info][gc,heap        ] GC(1296) PSYoungGen: 306752K(318976K)->64K(294912K) Eden: 306688K(306688K)->0K(294400K) From: 64K(12288K)->64K(512K)
[470.024s][info][gc,heap        ] GC(1296) ParOldGen: 481171K(481280K)->481179K(481280K)
[470.024s][info][gc,metaspace   ] GC(1296) Metaspace: 35402K(36096K)->35402K(36096K) NonClass: 29131K(29632K)->29131K(29632K) Class: 6271K(6464K)->6271K(6464K)
[470.024s][info][gc             ] GC(1296) Pause Young (Allocation Failure) 769M->469M(758M) 1.885ms
[470.024s][info][gc,cpu         ] GC(1296) User=0.00s Sys=0.00s Real=0.00s
[470.486s][info][gc,start       ] GC(1297) Pause Young (Allocation Failure)
[470.488s][info][gc,heap        ] GC(1297) PSYoungGen: 294464K(294912K)->64K(283136K) Eden: 294400K(294400K)->0K(282624K) From: 64K(512K)->64K(512K)
[470.488s][info][gc,heap        ] GC(1297) ParOldGen: 481179K(481280K)->481187K(481280K)
[470.488s][info][gc,metaspace   ] GC(1297) Metaspace: 35402K(36096K)->35402K(36096K) NonClass: 29131K(29632K)->29131K(29632K) Class: 6271K(6464K)->6271K(6464K)
[470.488s][info][gc             ] GC(1297) Pause Young (Allocation Failure) 757M->469M(746M) 1.970ms
[470.488s][info][gc,cpu         ] GC(1297) User=0.01s Sys=0.00s Real=0.00s
[471.294s][info][gc,start       ] GC(1298) Pause Young (Allocation Failure)
[471.295s][info][gc,heap        ] GC(1298) PSYoungGen: 282688K(283136K)->64K(281600K) Eden: 282624K(282624K)->0K(271360K) From: 64K(512K)->64K(10240K)
[471.295s][info][gc,heap        ] GC(1298) ParOldGen: 481187K(481280K)->481195K(481280K)
[471.295s][info][gc,metaspace   ] GC(1298) Metaspace: 35402K(36096K)->35402K(36096K) NonClass: 29131K(29632K)->29131K(29632K) Class: 6271K(6464K)->6271K(6464K)
[471.295s][info][gc             ] GC(1298) Pause Young (Allocation Failure) 745M->469M(745M) 1.766ms
[471.296s][info][gc,cpu         ] GC(1298) User=0.00s Sys=0.00s Real=0.01s
[471.966s][info][gc,start       ] GC(1299) Pause Young (Allocation Failure)
[471.970s][info][gc,heap        ] GC(1299) PSYoungGen: 271424K(281600K)->64K(261120K) Eden: 271360K(271360K)->0K(260608K) From: 64K(10240K)->64K(512K)
[471.970s][info][gc,heap        ] GC(1299) ParOldGen: 481195K(481280K)->481211K(481280K)
[471.970s][info][gc,metaspace   ] GC(1299) Metaspace: 35402K(36096K)->35402K(36096K) NonClass: 29131K(29632K)->29131K(29632K) Class: 6271K(6464K)->6271K(6464K)
[471.970s][info][gc             ] GC(1299) Pause Young (Allocation Failure) 734M->469M(725M) 4.084ms
[471.970s][info][gc,cpu         ] GC(1299) User=0.00s Sys=0.00s Real=0.00s
[472.405s][info][gc,start       ] GC(1300) Pause Young (Allocation Failure)
[472.408s][info][gc,heap        ] GC(1300) PSYoungGen: 260672K(261120K)->32K(259584K) Eden: 260608K(260608K)->0K(250368K) From: 64K(512K)->32K(9216K)
[472.408s][info][gc,heap        ] GC(1300) ParOldGen: 481211K(481280K)->481219K(481280K)
[472.408s][info][gc,metaspace   ] GC(1300) Metaspace: 35402K(36096K)->35402K(36096K) NonClass: 29131K(29632K)->29131K(29632K) Class: 6271K(6464K)->6271K(6464K)
[472.408s][info][gc             ] GC(1300) Pause Young (Allocation Failure) 724M->469M(723M) 3.022ms
[472.408s][info][gc,cpu         ] GC(1300) User=0.01s Sys=0.00s Real=0.00s
[472.477s][info][gc,start       ] GC(1301) Pause Young (Allocation Failure)
[472.481s][info][gc,heap        ] GC(1301) PSYoungGen: 250400K(259584K)->64K(291328K) Eden: 250368K(250368K)->0K(283136K) From: 32K(9216K)->64K(8192K)
[472.481s][info][gc,heap        ] GC(1301) ParOldGen: 481219K(481280K)->481235K(481280K)
[472.481s][info][gc,metaspace   ] GC(1301) Metaspace: 35402K(36096K)->35402K(36096K) NonClass: 29131K(29632K)->29131K(29632K) Class: 6271K(6464K)->6271K(6464K)
[472.481s][info][gc             ] GC(1301) Pause Young (Allocation Failure) 714M->470M(754M) 3.412ms
[472.481s][info][gc,cpu         ] GC(1301) User=0.01s Sys=0.00s Real=0.00s
[473.100s][info][gc,start       ] GC(1302) Pause Young (Allocation Failure)
[473.102s][info][gc,heap        ] GC(1302) PSYoungGen: 283200K(291328K)->64K(290816K) Eden: 283136K(283136K)->0K(283136K) From: 64K(8192K)->64K(7680K)
[473.102s][info][gc,heap        ] GC(1302) ParOldGen: 481235K(481280K)->481243K(481280K)
[473.102s][info][gc,metaspace   ] GC(1302) Metaspace: 35402K(36096K)->35402K(36096K) NonClass: 29131K(29632K)->29131K(29632K) Class: 6271K(6464K)->6271K(6464K)
[473.102s][info][gc             ] GC(1302) Pause Young (Allocation Failure) 746M->470M(754M) 2.274ms
[473.102s][info][gc,cpu         ] GC(1302) User=0.01s Sys=0.00s Real=0.00s
[473.458s][info][gc,start       ] GC(1303) Pause Young (Allocation Failure)
[473.460s][info][gc,heap        ] GC(1303) PSYoungGen: 283200K(290816K)->64K(325632K) Eden: 283136K(283136K)->0K(318464K) From: 64K(7680K)->64K(7168K)
[473.460s][info][gc,heap        ] GC(1303) ParOldGen: 481243K(481280K)->481251K(481280K)
[473.460s][info][gc,metaspace   ] GC(1303) Metaspace: 35402K(36096K)->35402K(36096K) NonClass: 29131K(29632K)->29131K(29632K) Class: 6271K(6464K)->6271K(6464K)
[473.460s][info][gc             ] GC(1303) Pause Young (Allocation Failure) 746M->470M(788M) 2.390ms
[473.460s][info][gc,cpu         ] GC(1303) User=0.00s Sys=0.00s Real=0.00s
[473.930s][info][gc,start       ] GC(1304) Pause Young (Allocation Failure)
[473.987s][info][gc,heap        ] GC(1304) PSYoungGen: 318528K(325632K)->6656K(325120K) Eden: 318464K(318464K)->0K(318464K) From: 64K(7168K)->6656K(6656K)
[473.987s][info][gc,heap        ] GC(1304) ParOldGen: 481251K(481280K)->498867K(499200K)
[473.987s][info][gc,metaspace   ] GC(1304) Metaspace: 35402K(36096K)->35402K(36096K) NonClass: 29131K(29632K)->29131K(29632K) Class: 6271K(6464K)->6271K(6464K)
[473.987s][info][gc             ] GC(1304) Pause Young (Allocation Failure) 781M->493M(805M) 56.873ms
[473.987s][info][gc,cpu         ] GC(1304) User=0.10s Sys=0.01s Real=0.06s
[474.380s][info][gc,start       ] GC(1305) Pause Young (Allocation Failure)
[474.465s][info][gc,heap        ] GC(1305) PSYoungGen: 325120K(325120K)->8704K(291328K) Eden: 318464K(318464K)->0K(282624K) From: 6656K(6656K)->8704K(8704K)
[474.465s][info][gc,heap        ] GC(1305) ParOldGen: 498867K(499200K)->524547K(524800K)
[474.465s][info][gc,metaspace   ] GC(1305) Metaspace: 35402K(36096K)->35402K(36096K) NonClass: 29131K(29632K)->29131K(29632K) Class: 6271K(6464K)->6271K(6464K)
[474.465s][info][gc             ] GC(1305) Pause Young (Allocation Failure) 804M->520M(797M) 85.249ms
[474.465s][info][gc,cpu         ] GC(1305) User=0.14s Sys=0.03s Real=0.09s
[474.642s][info][gc,start       ] GC(1306) Pause Young (Allocation Failure)
[474.670s][info][gc,heap        ] GC(1306) PSYoungGen: 291328K(291328K)->11008K(308224K) Eden: 282624K(282624K)->0K(282624K) From: 8704K(8704K)->11008K(25600K)
[474.670s][info][gc,heap        ] GC(1306) ParOldGen: 524547K(524800K)->525491K(525824K)
[474.670s][info][gc,metaspace   ] GC(1306) Metaspace: 35402K(36096K)->35402K(36096K) NonClass: 29131K(29632K)->29131K(29632K) Class: 6271K(6464K)->6271K(6464K)
[474.670s][info][gc             ] GC(1306) Pause Young (Allocation Failure) 796M->523M(814M) 28.287ms
[474.670s][info][gc,cpu         ] GC(1306) User=0.05s Sys=0.00s Real=0.03s
[475.109s][info][gc,start       ] GC(1307) Pause Young (Allocation Failure)
[475.111s][info][gc,heap        ] GC(1307) PSYoungGen: 293632K(308224K)->64K(306688K) Eden: 282624K(282624K)->0K(283136K) From: 11008K(25600K)->64K(23552K)
[475.111s][info][gc,heap        ] GC(1307) ParOldGen: 525491K(525824K)->525499K(525824K)
[475.111s][info][gc,metaspace   ] GC(1307) Metaspace: 35402K(36096K)->35402K(36096K) NonClass: 29131K(29632K)->29131K(29632K) Class: 6271K(6464K)->6271K(6464K)
[475.111s][info][gc             ] GC(1307) Pause Young (Allocation Failure) 799M->513M(813M) 2.148ms
[475.111s][info][gc,cpu         ] GC(1307) User=0.01s Sys=0.00s Real=0.00s
[475.792s][info][gc,start       ] GC(1308) Pause Young (Allocation Failure)
[475.794s][info][gc,heap        ] GC(1308) PSYoungGen: 283200K(306688K)->64K(307712K) Eden: 283136K(283136K)->0K(283136K) From: 64K(23552K)->64K(24576K)
[475.794s][info][gc,heap        ] GC(1308) ParOldGen: 525499K(525824K)->525507K(525824K)
[475.794s][info][gc,metaspace   ] GC(1308) Metaspace: 35402K(36096K)->35402K(36096K) NonClass: 29131K(29632K)->29131K(29632K) Class: 6271K(6464K)->6271K(6464K)
[475.794s][info][gc             ] GC(1308) Pause Young (Allocation Failure) 789M->513M(814M) 2.007ms
[475.794s][info][gc,cpu         ] GC(1308) User=0.01s Sys=0.00s Real=0.00s
[476.275s][info][gc,start       ] GC(1309) Pause Young (Allocation Failure)
[476.277s][info][gc,heap        ] GC(1309) PSYoungGen: 283200K(307712K)->64K(308224K) Eden: 283136K(283136K)->0K(285696K) From: 64K(24576K)->64K(22528K)
[476.277s][info][gc,heap        ] GC(1309) ParOldGen: 525507K(525824K)->525523K(525824K)
[476.277s][info][gc,metaspace   ] GC(1309) Metaspace: 35402K(36096K)->35402K(36096K) NonClass: 29131K(29632K)->29131K(29632K) Class: 6271K(6464K)->6271K(6464K)
[476.277s][info][gc             ] GC(1309) Pause Young (Allocation Failure) 789M->513M(814M) 2.024ms
[476.277s][info][gc,cpu         ] GC(1309) User=0.00s Sys=0.00s Real=0.00s
[476.495s][info][gc,start       ] GC(1310) Pause Young (Allocation Failure)
[476.496s][info][gc,heap        ] GC(1310) PSYoungGen: 285760K(308224K)->64K(308736K) Eden: 285696K(285696K)->0K(285696K) From: 64K(22528K)->64K(23040K)
[476.496s][info][gc,heap        ] GC(1310) ParOldGen: 525523K(525824K)->525539K(525824K)
[476.496s][info][gc,metaspace   ] GC(1310) Metaspace: 35402K(36096K)->35402K(36096K) NonClass: 29131K(29632K)->29131K(29632K) Class: 6271K(6464K)->6271K(6464K)
[476.497s][info][gc             ] GC(1310) Pause Young (Allocation Failure) 792M->513M(815M) 1.955ms
[476.497s][info][gc,cpu         ] GC(1310) User=0.00s Sys=0.00s Real=0.00s
[476.713s][info][gc,start       ] GC(1311) Pause Young (Allocation Failure)
[476.715s][info][gc,heap        ] GC(1311) PSYoungGen: 285760K(308736K)->64K(309248K) Eden: 285696K(285696K)->0K(288768K) From: 64K(23040K)->64K(20480K)
[476.715s][info][gc,heap        ] GC(1311) ParOldGen: 525539K(525824K)->525539K(525824K)
[476.715s][info][gc,metaspace   ] GC(1311) Metaspace: 35402K(36096K)->35402K(36096K) NonClass: 29131K(29632K)->29131K(29632K) Class: 6271K(6464K)->6271K(6464K)
[476.715s][info][gc             ] GC(1311) Pause Young (Allocation Failure) 792M->513M(815M) 2.031ms
[476.715s][info][gc,cpu         ] GC(1311) User=0.01s Sys=0.00s Real=0.01s
[477.071s][info][gc,start       ] GC(1312) Pause Young (Allocation Failure)
[477.073s][info][gc,heap        ] GC(1312) PSYoungGen: 288832K(309248K)->64K(309760K) Eden: 288768K(288768K)->0K(288768K) From: 64K(20480K)->64K(20992K)
[477.073s][info][gc,heap        ] GC(1312) ParOldGen: 525539K(525824K)->525539K(525824K)
[477.073s][info][gc,metaspace   ] GC(1312) Metaspace: 35402K(36096K)->35402K(36096K) NonClass: 29131K(29632K)->29131K(29632K) Class: 6271K(6464K)->6271K(6464K)
[477.073s][info][gc             ] GC(1312) Pause Young (Allocation Failure) 795M->513M(816M) 1.987ms
[477.073s][info][gc,cpu         ] GC(1312) User=0.01s Sys=0.00s Real=0.00s
[477.215s][info][gc,start       ] GC(1313) Pause Young (Allocation Failure)
[477.217s][info][gc,heap        ] GC(1313) PSYoungGen: 288832K(309760K)->64K(311296K) Eden: 288768K(288768K)->0K(292864K) From: 64K(20992K)->64K(18432K)
[477.217s][info][gc,heap        ] GC(1313) ParOldGen: 525539K(525824K)->525547K(525824K)
[477.217s][info][gc,metaspace   ] GC(1313) Metaspace: 35402K(36096K)->35402K(36096K) NonClass: 29131K(29632K)->29131K(29632K) Class: 6271K(6464K)->6271K(6464K)
[477.217s][info][gc             ] GC(1313) Pause Young (Allocation Failure) 795M->513M(817M) 1.967ms
[477.217s][info][gc,cpu         ] GC(1313) User=0.00s Sys=0.00s Real=0.00s
[477.274s][info][gc,start       ] GC(1314) Pause Young (Allocation Failure)
[477.276s][info][gc,heap        ] GC(1314) PSYoungGen: 292927K(311296K)->64K(311808K) Eden: 292863K(292864K)->0K(292864K) From: 64K(18432K)->64K(18944K)
[477.276s][info][gc,heap        ] GC(1314) ParOldGen: 525547K(525824K)->525563K(525824K)
[477.276s][info][gc,metaspace   ] GC(1314) Metaspace: 35402K(36096K)->35402K(36096K) NonClass: 29131K(29632K)->29131K(29632K) Class: 6271K(6464K)->6271K(6464K)
[477.276s][info][gc             ] GC(1314) Pause Young (Allocation Failure) 799M->513M(818M) 1.993ms
[477.276s][info][gc,cpu         ] GC(1314) User=0.00s Sys=0.00s Real=0.01s
[477.423s][info][gc,start       ] GC(1315) Pause Young (Allocation Failure)
[477.425s][info][gc,heap        ] GC(1315) PSYoungGen: 292928K(311808K)->64K(313344K) Eden: 292864K(292864K)->0K(296960K) From: 64K(18944K)->64K(16384K)
[477.425s][info][gc,heap        ] GC(1315) ParOldGen: 525563K(525824K)->525563K(525824K)
[477.425s][info][gc,metaspace   ] GC(1315) Metaspace: 35402K(36096K)->35402K(36096K) NonClass: 29131K(29632K)->29131K(29632K) Class: 6271K(6464K)->6271K(6464K)
[477.425s][info][gc             ] GC(1315) Pause Young (Allocation Failure) 799M->513M(819M) 1.968ms
[477.425s][info][gc,cpu         ] GC(1315) User=0.00s Sys=0.00s Real=0.01s
[477.716s][info][gc,start       ] GC(1316) Pause Young (Allocation Failure)
[477.718s][info][gc,heap        ] GC(1316) PSYoungGen: 297024K(313344K)->64K(313856K) Eden: 296960K(296960K)->0K(296960K) From: 64K(16384K)->64K(16896K)
[477.718s][info][gc,heap        ] GC(1316) ParOldGen: 525563K(525824K)->525571K(525824K)
[477.718s][info][gc,metaspace   ] GC(1316) Metaspace: 35402K(36096K)->35402K(36096K) NonClass: 29131K(29632K)->29131K(29632K) Class: 6271K(6464K)->6271K(6464K)
[477.718s][info][gc             ] GC(1316) Pause Young (Allocation Failure) 803M->513M(820M) 1.981ms
[477.718s][info][gc,cpu         ] GC(1316) User=0.00s Sys=0.00s Real=0.00s
[477.902s][info][gc,start       ] GC(1317) Pause Young (Allocation Failure)
[477.904s][info][gc,heap        ] GC(1317) PSYoungGen: 297024K(313856K)->64K(315392K) Eden: 296960K(296960K)->0K(301056K) From: 64K(16896K)->64K(14336K)
[477.904s][info][gc,heap        ] GC(1317) ParOldGen: 525571K(525824K)->525579K(525824K)
[477.904s][info][gc,metaspace   ] GC(1317) Metaspace: 35402K(36096K)->35402K(36096K) NonClass: 29131K(29632K)->29131K(29632K) Class: 6271K(6464K)->6271K(6464K)
[477.904s][info][gc             ] GC(1317) Pause Young (Allocation Failure) 803M->513M(821M) 2.004ms
[477.904s][info][gc,cpu         ] GC(1317) User=0.01s Sys=0.00s Real=0.00s
[477.994s][info][gc,start       ] GC(1318) Pause Young (Allocation Failure)
[477.996s][info][gc,heap        ] GC(1318) PSYoungGen: 301120K(315392K)->64K(315904K) Eden: 301056K(301056K)->0K(301056K) From: 64K(14336K)->64K(14848K)
[477.996s][info][gc,heap        ] GC(1318) ParOldGen: 525579K(525824K)->525595K(525824K)
[477.996s][info][gc,metaspace   ] GC(1318) Metaspace: 35402K(36096K)->35402K(36096K) NonClass: 29131K(29632K)->29131K(29632K) Class: 6271K(6464K)->6271K(6464K)
[477.996s][info][gc             ] GC(1318) Pause Young (Allocation Failure) 807M->513M(822M) 2.033ms
[477.996s][info][gc,cpu         ] GC(1318) User=0.00s Sys=0.00s Real=0.01s
[478.182s][info][gc,start       ] GC(1319) Pause Young (Allocation Failure)
[478.184s][info][gc,heap        ] GC(1319) PSYoungGen: 301120K(315904K)->64K(318464K) Eden: 301056K(301056K)->0K(305152K) From: 64K(14848K)->64K(13312K)
[478.184s][info][gc,heap        ] GC(1319) ParOldGen: 525595K(525824K)->525595K(525824K)
[478.184s][info][gc,metaspace   ] GC(1319) Metaspace: 35402K(36096K)->35402K(36096K) NonClass: 29131K(29632K)->29131K(29632K) Class: 6271K(6464K)->6271K(6464K)
[478.184s][info][gc             ] GC(1319) Pause Young (Allocation Failure) 807M->513M(824M) 1.959ms
[478.184s][info][gc,cpu         ] GC(1319) User=0.00s Sys=0.00s Real=0.00s
[478.663s][info][gc,start       ] GC(1320) Pause Young (Allocation Failure)
[478.665s][info][gc,heap        ] GC(1320) PSYoungGen: 305216K(318464K)->64K(318464K) Eden: 305152K(305152K)->0K(305152K) From: 64K(13312K)->64K(13312K)
[478.665s][info][gc,heap        ] GC(1320) ParOldGen: 525595K(525824K)->525603K(525824K)
[478.665s][info][gc,metaspace   ] GC(1320) Metaspace: 35402K(36096K)->35402K(36096K) NonClass: 29131K(29632K)->29131K(29632K) Class: 6271K(6464K)->6271K(6464K)
[478.665s][info][gc             ] GC(1320) Pause Young (Allocation Failure) 811M->513M(824M) 1.998ms
[478.665s][info][gc,cpu         ] GC(1320) User=0.00s Sys=0.00s Real=0.01s
[480.316s][info][gc,start       ] GC(1321) Pause Young (Allocation Failure)
[480.318s][info][gc,heap        ] GC(1321) PSYoungGen: 305216K(318464K)->64K(293376K) Eden: 305152K(305152K)->0K(292864K) From: 64K(13312K)->64K(512K)
[480.319s][info][gc,heap        ] GC(1321) ParOldGen: 525603K(525824K)->525611K(525824K)
[480.319s][info][gc,metaspace   ] GC(1321) Metaspace: 35402K(36096K)->35402K(36096K) NonClass: 29131K(29632K)->29131K(29632K) Class: 6271K(6464K)->6271K(6464K)
[480.319s][info][gc             ] GC(1321) Pause Young (Allocation Failure) 811M->513M(800M) 2.847ms
[480.319s][info][gc,cpu         ] GC(1321) User=0.01s Sys=0.00s Real=0.00s
[480.552s][info][gc,start       ] GC(1322) Pause Young (Allocation Failure)
[480.553s][info][gc,heap        ] GC(1322) PSYoungGen: 292928K(293376K)->64K(292864K) Eden: 292864K(292864K)->0K(281088K) From: 64K(512K)->64K(11776K)
[480.553s][info][gc,heap        ] GC(1322) ParOldGen: 525611K(525824K)->525619K(525824K)
[480.553s][info][gc,metaspace   ] GC(1322) Metaspace: 35402K(36096K)->35402K(36096K) NonClass: 29131K(29632K)->29131K(29632K) Class: 6271K(6464K)->6271K(6464K)
[480.554s][info][gc             ] GC(1322) Pause Young (Allocation Failure) 799M->513M(799M) 1.954ms
[480.554s][info][gc,cpu         ] GC(1322) User=0.00s Sys=0.00s Real=0.00s
[481.067s][info][gc,start       ] GC(1323) Pause Young (Allocation Failure)
[481.070s][info][gc,heap        ] GC(1323) PSYoungGen: 281152K(292864K)->64K(270336K) Eden: 281088K(281088K)->0K(269824K) From: 64K(11776K)->64K(512K)
[481.070s][info][gc,heap        ] GC(1323) ParOldGen: 525619K(525824K)->525627K(525824K)
[481.070s][info][gc,metaspace   ] GC(1323) Metaspace: 35402K(36096K)->35402K(36096K) NonClass: 29131K(29632K)->29131K(29632K) Class: 6271K(6464K)->6271K(6464K)
[481.070s][info][gc             ] GC(1323) Pause Young (Allocation Failure) 787M->513M(777M) 2.691ms
[481.070s][info][gc,cpu         ] GC(1323) User=0.00s Sys=0.01s Real=0.00s
[482.180s][info][gc,start       ] GC(1324) Pause Young (Allocation Failure)
[482.182s][info][gc,heap        ] GC(1324) PSYoungGen: 269888K(270336K)->64K(269312K) Eden: 269824K(269824K)->0K(259072K) From: 64K(512K)->64K(10240K)
[482.182s][info][gc,heap        ] GC(1324) ParOldGen: 525627K(525824K)->525635K(525824K)
[482.182s][info][gc,metaspace   ] GC(1324) Metaspace: 35402K(36096K)->35402K(36096K) NonClass: 29131K(29632K)->29131K(29632K) Class: 6271K(6464K)->6271K(6464K)
[482.182s][info][gc             ] GC(1324) Pause Young (Allocation Failure) 776M->513M(776M) 2.112ms
[482.182s][info][gc,cpu         ] GC(1324) User=0.01s Sys=0.00s Real=0.00s
[482.617s][info][gc,start       ] GC(1325) Pause Young (Allocation Failure)
[482.620s][info][gc,heap        ] GC(1325) PSYoungGen: 259136K(269312K)->64K(249344K) Eden: 259072K(259072K)->0K(248832K) From: 64K(10240K)->64K(512K)
[482.620s][info][gc,heap        ] GC(1325) ParOldGen: 525635K(525824K)->525643K(525824K)
[482.620s][info][gc,metaspace   ] GC(1325) Metaspace: 35402K(36096K)->35402K(36096K) NonClass: 29131K(29632K)->29131K(29632K) Class: 6271K(6464K)->6271K(6464K)
[482.620s][info][gc             ] GC(1325) Pause Young (Allocation Failure) 766M->513M(757M) 3.430ms
[482.620s][info][gc,cpu         ] GC(1325) User=0.00s Sys=0.00s Real=0.00s
[482.811s][info][gc,start       ] GC(1326) Pause Young (Allocation Failure)
[482.815s][info][gc,heap        ] GC(1326) PSYoungGen: 248896K(249344K)->32K(247808K) Eden: 248832K(248832K)->0K(239104K) From: 64K(512K)->32K(8704K)
[482.815s][info][gc,heap        ] GC(1326) ParOldGen: 525643K(525824K)->525651K(525824K)
[482.815s][info][gc,metaspace   ] GC(1326) Metaspace: 35402K(36096K)->35402K(36096K) NonClass: 29131K(29632K)->29131K(29632K) Class: 6271K(6464K)->6271K(6464K)
[482.815s][info][gc             ] GC(1326) Pause Young (Allocation Failure) 756M->513M(755M) 3.541ms
[482.815s][info][gc,cpu         ] GC(1326) User=0.00s Sys=0.00s Real=0.01s
[482.923s][info][gc,start       ] GC(1327) Pause Young (Allocation Failure)
[482.925s][info][gc,heap        ] GC(1327) PSYoungGen: 239136K(247808K)->64K(290816K) Eden: 239104K(239104K)->0K(284160K) From: 32K(8704K)->64K(6656K)
[482.925s][info][gc,heap        ] GC(1327) ParOldGen: 525651K(525824K)->525659K(525824K)
[482.925s][info][gc,metaspace   ] GC(1327) Metaspace: 35402K(36096K)->35402K(36096K) NonClass: 29131K(29632K)->29131K(29632K) Class: 6271K(6464K)->6271K(6464K)
[482.925s][info][gc             ] GC(1327) Pause Young (Allocation Failure) 746M->513M(797M) 2.274ms
[482.925s][info][gc,cpu         ] GC(1327) User=0.01s Sys=0.00s Real=0.01s
[483.652s][info][gc,start       ] GC(1328) Pause Young (Allocation Failure)
[483.655s][info][gc,heap        ] GC(1328) PSYoungGen: 284224K(290816K)->64K(273408K) Eden: 284160K(284160K)->0K(272896K) From: 64K(6656K)->64K(512K)
[483.655s][info][gc,heap        ] GC(1328) ParOldGen: 525659K(525824K)->525667K(525824K)
[483.655s][info][gc,metaspace   ] GC(1328) Metaspace: 35402K(36096K)->35402K(36096K) NonClass: 29131K(29632K)->29131K(29632K) Class: 6271K(6464K)->6271K(6464K)
[483.655s][info][gc             ] GC(1328) Pause Young (Allocation Failure) 790M->513M(780M) 3.215ms
[483.655s][info][gc,cpu         ] GC(1328) User=0.00s Sys=0.00s Real=0.01s
[484.001s][info][gc,start       ] GC(1329) Pause Young (Allocation Failure)
[484.005s][info][gc,heap        ] GC(1329) PSYoungGen: 272960K(273408K)->224K(262656K) Eden: 272896K(272896K)->0K(262144K) From: 64K(512K)->224K(512K)
[484.005s][info][gc,heap        ] GC(1329) ParOldGen: 525667K(525824K)->525675K(525824K)
[484.005s][info][gc,metaspace   ] GC(1329) Metaspace: 35402K(36096K)->35402K(36096K) NonClass: 29131K(29632K)->29131K(29632K) Class: 6271K(6464K)->6271K(6464K)
[484.005s][info][gc             ] GC(1329) Pause Young (Allocation Failure) 779M->513M(770M) 4.079ms
[484.005s][info][gc,cpu         ] GC(1329) User=0.00s Sys=0.00s Real=0.01s
[484.327s][info][gc,start       ] GC(1330) Pause Young (Allocation Failure)
[484.410s][info][gc,heap        ] GC(1330) PSYoungGen: 262368K(262656K)->6656K(280064K) Eden: 262144K(262144K)->0K(273408K) From: 224K(512K)->6656K(6656K)
[484.410s][info][gc,heap        ] GC(1330) ParOldGen: 525675K(525824K)->546779K(546816K)
[484.410s][info][gc,metaspace   ] GC(1330) Metaspace: 35402K(36096K)->35402K(36096K) NonClass: 29131K(29632K)->29131K(29632K) Class: 6271K(6464K)->6271K(6464K)
[484.410s][info][gc             ] GC(1330) Pause Young (Allocation Failure) 769M->540M(807M) 82.753ms
[484.410s][info][gc,cpu         ] GC(1330) User=0.10s Sys=0.02s Real=0.08s
[484.746s][info][gc,start       ] GC(1331) Pause Young (Allocation Failure)
[484.819s][info][gc,heap        ] GC(1331) PSYoungGen: 280064K(280064K)->15872K(300544K) Eden: 273408K(273408K)->0K(284672K) From: 6656K(6656K)->15872K(15872K)
[484.819s][info][gc,heap        ] GC(1331) ParOldGen: 546779K(546816K)->560627K(560640K)
[484.819s][info][gc,metaspace   ] GC(1331) Metaspace: 35402K(36096K)->35402K(36096K) NonClass: 29131K(29632K)->29131K(29632K) Class: 6271K(6464K)->6271K(6464K)
[484.819s][info][gc             ] GC(1331) Pause Young (Allocation Failure) 807M->562M(841M) 72.620ms
[484.819s][info][gc,cpu         ] GC(1331) User=0.12s Sys=0.03s Real=0.07s
[485.005s][info][gc,start       ] GC(1332) Pause Young (Allocation Failure)
[485.036s][info][gc,heap        ] GC(1332) PSYoungGen: 300544K(300544K)->12064K(296960K) Eden: 284672K(284672K)->0K(284672K) From: 15872K(15872K)->12064K(12288K)
[485.036s][info][gc,heap        ] GC(1332) ParOldGen: 560627K(560640K)->561123K(561152K)
[485.036s][info][gc,metaspace   ] GC(1332) Metaspace: 35402K(36096K)->35402K(36096K) NonClass: 29131K(29632K)->29131K(29632K) Class: 6271K(6464K)->6271K(6464K)
[485.036s][info][gc             ] GC(1332) Pause Young (Allocation Failure) 840M->559M(838M) 31.201ms
[485.036s][info][gc,cpu         ] GC(1332) User=0.05s Sys=0.01s Real=0.03s
[485.455s][info][gc,start       ] GC(1333) Pause Young (Allocation Failure)
[485.457s][info][gc,heap        ] GC(1333) PSYoungGen: 296736K(296960K)->64K(309760K) Eden: 284672K(284672K)->0K(284672K) From: 12064K(12288K)->64K(25088K)
[485.457s][info][gc,heap        ] GC(1333) ParOldGen: 561123K(561152K)->561131K(561152K)
[485.457s][info][gc,metaspace   ] GC(1333) Metaspace: 35402K(36096K)->35402K(36096K) NonClass: 29131K(29632K)->29131K(29632K) Class: 6271K(6464K)->6271K(6464K)
[485.457s][info][gc             ] GC(1333) Pause Young (Allocation Failure) 837M->548M(850M) 2.073ms
[485.457s][info][gc,cpu         ] GC(1333) User=0.01s Sys=0.00s Real=0.00s
[486.180s][info][gc,start       ] GC(1334) Pause Young (Allocation Failure)
[486.182s][info][gc,heap        ] GC(1334) PSYoungGen: 284736K(309760K)->160K(285184K) Eden: 284672K(284672K)->0K(284672K) From: 64K(25088K)->160K(512K)
[486.183s][info][gc,heap        ] GC(1334) ParOldGen: 561131K(561152K)->561139K(561152K)
[486.183s][info][gc,metaspace   ] GC(1334) Metaspace: 35455K(36160K)->35455K(36160K) NonClass: 29183K(29696K)->29183K(29696K) Class: 6272K(6464K)->6272K(6464K)
[486.183s][info][gc             ] GC(1334) Pause Young (Allocation Failure) 826M->548M(826M) 2.860ms
[486.183s][info][gc,cpu         ] GC(1334) User=0.00s Sys=0.00s Real=0.00s
[486.681s][info][gc,start       ] GC(1335) Pause Young (Allocation Failure)
[486.683s][info][gc,heap        ] GC(1335) PSYoungGen: 284832K(285184K)->64K(309248K) Eden: 284672K(284672K)->0K(285696K) From: 160K(512K)->64K(23552K)
[486.684s][info][gc,heap        ] GC(1335) ParOldGen: 561139K(561152K)->561235K(561664K)
[486.684s][info][gc,metaspace   ] GC(1335) Metaspace: 35455K(36160K)->35455K(36160K) NonClass: 29183K(29696K)->29183K(29696K) Class: 6272K(6464K)->6272K(6464K)
[486.684s][info][gc             ] GC(1335) Pause Young (Allocation Failure) 826M->548M(850M) 2.346ms
[486.684s][info][gc,cpu         ] GC(1335) User=0.01s Sys=0.00s Real=0.00s
[486.900s][info][gc,start       ] GC(1336) Pause Young (Allocation Failure)
[486.903s][info][gc,heap        ] GC(1336) PSYoungGen: 285760K(309248K)->64K(308224K) Eden: 285696K(285696K)->0K(285696K) From: 64K(23552K)->64K(22528K)
[486.903s][info][gc,heap        ] GC(1336) ParOldGen: 561235K(561664K)->561251K(561664K)
[486.903s][info][gc,metaspace   ] GC(1336) Metaspace: 35455K(36160K)->35455K(36160K) NonClass: 29183K(29696K)->29183K(29696K) Class: 6272K(6464K)->6272K(6464K)
[486.903s][info][gc             ] GC(1336) Pause Young (Allocation Failure) 827M->548M(849M) 2.245ms
[486.903s][info][gc,cpu         ] GC(1336) User=0.01s Sys=0.00s Real=0.00s
[487.118s][info][gc,start       ] GC(1337) Pause Young (Allocation Failure)
[487.120s][info][gc,heap        ] GC(1337) PSYoungGen: 285760K(308224K)->64K(310272K) Eden: 285696K(285696K)->0K(288768K) From: 64K(22528K)->64K(21504K)
[487.120s][info][gc,heap        ] GC(1337) ParOldGen: 561251K(561664K)->561251K(561664K)
[487.120s][info][gc,metaspace   ] GC(1337) Metaspace: 35455K(36160K)->35455K(36160K) NonClass: 29183K(29696K)->29183K(29696K) Class: 6272K(6464K)->6272K(6464K)
[487.120s][info][gc             ] GC(1337) Pause Young (Allocation Failure) 827M->548M(851M) 2.019ms
[487.120s][info][gc,cpu         ] GC(1337) User=0.00s Sys=0.00s Real=0.00s
[487.470s][info][gc,start       ] GC(1338) Pause Young (Allocation Failure)
[487.472s][info][gc,heap        ] GC(1338) PSYoungGen: 288832K(310272K)->64K(309248K) Eden: 288768K(288768K)->0K(288768K) From: 64K(21504K)->64K(20480K)
[487.472s][info][gc,heap        ] GC(1338) ParOldGen: 561251K(561664K)->561251K(561664K)
[487.472s][info][gc,metaspace   ] GC(1338) Metaspace: 35455K(36160K)->35455K(36160K) NonClass: 29183K(29696K)->29183K(29696K) Class: 6272K(6464K)->6272K(6464K)
[487.472s][info][gc             ] GC(1338) Pause Young (Allocation Failure) 830M->548M(850M) 2.013ms
[487.472s][info][gc,cpu         ] GC(1338) User=0.01s Sys=0.00s Real=0.00s
[487.632s][info][gc,start       ] GC(1339) Pause Young (Allocation Failure)
[487.634s][info][gc,heap        ] GC(1339) PSYoungGen: 288832K(309248K)->64K(312320K) Eden: 288768K(288768K)->0K(292864K) From: 64K(20480K)->64K(19456K)
[487.634s][info][gc,heap        ] GC(1339) ParOldGen: 561251K(561664K)->561259K(561664K)
[487.634s][info][gc,metaspace   ] GC(1339) Metaspace: 35455K(36160K)->35455K(36160K) NonClass: 29183K(29696K)->29183K(29696K) Class: 6272K(6464K)->6272K(6464K)
[487.634s][info][gc             ] GC(1339) Pause Young (Allocation Failure) 830M->548M(853M) 2.009ms
[487.634s][info][gc,cpu         ] GC(1339) User=0.00s Sys=0.00s Real=0.00s
[487.692s][info][gc,start       ] GC(1340) Pause Young (Allocation Failure)
[487.694s][info][gc,heap        ] GC(1340) PSYoungGen: 292928K(312320K)->32K(311296K) Eden: 292864K(292864K)->0K(292864K) From: 64K(19456K)->32K(18432K)
[487.694s][info][gc,heap        ] GC(1340) ParOldGen: 561259K(561664K)->561275K(561664K)
[487.694s][info][gc,metaspace   ] GC(1340) Metaspace: 35455K(36160K)->35455K(36160K) NonClass: 29183K(29696K)->29183K(29696K) Class: 6272K(6464K)->6272K(6464K)
[487.694s][info][gc             ] GC(1340) Pause Young (Allocation Failure) 834M->548M(852M) 1.995ms
[487.694s][info][gc,cpu         ] GC(1340) User=0.00s Sys=0.00s Real=0.01s
[487.825s][info][gc,start       ] GC(1341) Pause Young (Allocation Failure)
[487.826s][info][gc,heap        ] GC(1341) PSYoungGen: 292896K(311296K)->64K(314368K) Eden: 292864K(292864K)->0K(296960K) From: 32K(18432K)->64K(17408K)
[487.827s][info][gc,heap        ] GC(1341) ParOldGen: 561275K(561664K)->561275K(561664K)
[487.827s][info][gc,metaspace   ] GC(1341) Metaspace: 35455K(36160K)->35455K(36160K) NonClass: 29183K(29696K)->29183K(29696K) Class: 6272K(6464K)->6272K(6464K)
[487.827s][info][gc             ] GC(1341) Pause Young (Allocation Failure) 834M->548M(855M) 2.015ms
[487.827s][info][gc,cpu         ] GC(1341) User=0.00s Sys=0.00s Real=0.00s
[488.121s][info][gc,start       ] GC(1342) Pause Young (Allocation Failure)
[488.123s][info][gc,heap        ] GC(1342) PSYoungGen: 297024K(314368K)->64K(313856K) Eden: 296960K(296960K)->0K(296960K) From: 64K(17408K)->64K(16896K)
[488.123s][info][gc,heap        ] GC(1342) ParOldGen: 561275K(561664K)->561291K(561664K)
[488.123s][info][gc,metaspace   ] GC(1342) Metaspace: 35455K(36160K)->35455K(36160K) NonClass: 29183K(29696K)->29183K(29696K) Class: 6272K(6464K)->6272K(6464K)
[488.123s][info][gc             ] GC(1342) Pause Young (Allocation Failure) 838M->548M(855M) 1.981ms
[488.123s][info][gc,cpu         ] GC(1342) User=0.01s Sys=0.00s Real=0.00s
[488.326s][info][gc,start       ] GC(1343) Pause Young (Allocation Failure)
[488.328s][info][gc,heap        ] GC(1343) PSYoungGen: 297024K(313856K)->64K(315904K) Eden: 296960K(296960K)->0K(300544K) From: 64K(16896K)->64K(15360K)
[488.328s][info][gc,heap        ] GC(1343) ParOldGen: 561291K(561664K)->561291K(561664K)
[488.328s][info][gc,metaspace   ] GC(1343) Metaspace: 35464K(36160K)->35464K(36160K) NonClass: 29192K(29696K)->29192K(29696K) Class: 6272K(6464K)->6272K(6464K)
[488.328s][info][gc             ] GC(1343) Pause Young (Allocation Failure) 838M->548M(857M) 2.135ms
[488.328s][info][gc,cpu         ] GC(1343) User=0.01s Sys=0.00s Real=0.00s
[488.421s][info][gc,start       ] GC(1344) Pause Young (Allocation Failure)
[488.423s][info][gc,heap        ] GC(1344) PSYoungGen: 300608K(315904K)->64K(315392K) Eden: 300544K(300544K)->0K(300544K) From: 64K(15360K)->64K(14848K)
[488.424s][info][gc,heap        ] GC(1344) ParOldGen: 561291K(561664K)->561307K(561664K)
[488.424s][info][gc,metaspace   ] GC(1344) Metaspace: 35464K(36160K)->35464K(36160K) NonClass: 29192K(29696K)->29192K(29696K) Class: 6272K(6464K)->6272K(6464K)
[488.424s][info][gc             ] GC(1344) Pause Young (Allocation Failure) 841M->548M(856M) 2.148ms
[488.424s][info][gc,cpu         ] GC(1344) User=0.00s Sys=0.00s Real=0.00s
[488.600s][info][gc,start       ] GC(1345) Pause Young (Allocation Failure)
[488.602s][info][gc,heap        ] GC(1345) PSYoungGen: 300608K(315392K)->64K(317952K) Eden: 300544K(300544K)->0K(304128K) From: 64K(14848K)->64K(13824K)
[488.602s][info][gc,heap        ] GC(1345) ParOldGen: 561307K(561664K)->561307K(561664K)
[488.602s][info][gc,metaspace   ] GC(1345) Metaspace: 35464K(36160K)->35464K(36160K) NonClass: 29192K(29696K)->29192K(29696K) Class: 6272K(6464K)->6272K(6464K)
[488.602s][info][gc             ] GC(1345) Pause Young (Allocation Failure) 841M->548M(859M) 2.045ms
[488.602s][info][gc,cpu         ] GC(1345) User=0.01s Sys=0.00s Real=0.00s
[489.069s][info][gc,start       ] GC(1346) Pause Young (Allocation Failure)
[489.071s][info][gc,heap        ] GC(1346) PSYoungGen: 304192K(317952K)->64K(317440K) Eden: 304128K(304128K)->0K(304128K) From: 64K(13824K)->64K(13312K)
[489.071s][info][gc,heap        ] GC(1346) ParOldGen: 561307K(561664K)->561315K(561664K)
[489.071s][info][gc,metaspace   ] GC(1346) Metaspace: 35464K(36160K)->35464K(36160K) NonClass: 29192K(29696K)->29192K(29696K) Class: 6272K(6464K)->6272K(6464K)
[489.071s][info][gc             ] GC(1346) Pause Young (Allocation Failure) 845M->548M(858M) 2.054ms
[489.071s][info][gc,cpu         ] GC(1346) User=0.00s Sys=0.00s Real=0.00s
[490.326s][info][gc,start       ] GC(1347) Pause Young (Allocation Failure)
[490.328s][info][gc,heap        ] GC(1347) PSYoungGen: 304192K(317440K)->64K(319488K) Eden: 304128K(304128K)->0K(307712K) From: 64K(13312K)->64K(11776K)
[490.329s][info][gc,heap        ] GC(1347) ParOldGen: 561315K(561664K)->561323K(561664K)
[490.329s][info][gc,metaspace   ] GC(1347) Metaspace: 35464K(36160K)->35464K(36160K) NonClass: 29192K(29696K)->29192K(29696K) Class: 6272K(6464K)->6272K(6464K)
[490.329s][info][gc             ] GC(1347) Pause Young (Allocation Failure) 845M->548M(860M) 2.077ms
[490.329s][info][gc,cpu         ] GC(1347) User=0.01s Sys=0.00s Real=0.00s
[490.968s][info][gc,start       ] GC(1348) Pause Young (Allocation Failure)
[490.971s][info][gc,heap        ] GC(1348) PSYoungGen: 307776K(319488K)->64K(295936K) Eden: 307712K(307712K)->0K(295424K) From: 64K(11776K)->64K(512K)
[490.971s][info][gc,heap        ] GC(1348) ParOldGen: 561323K(561664K)->561331K(561664K)
[490.971s][info][gc,metaspace   ] GC(1348) Metaspace: 35464K(36160K)->35464K(36160K) NonClass: 29192K(29696K)->29192K(29696K) Class: 6272K(6464K)->6272K(6464K)
[490.971s][info][gc             ] GC(1348) Pause Young (Allocation Failure) 848M->548M(837M) 2.991ms
[490.971s][info][gc,cpu         ] GC(1348) User=0.00s Sys=0.00s Real=0.00s
[491.507s][info][gc,start       ] GC(1349) Pause Young (Allocation Failure)
[491.510s][info][gc,heap        ] GC(1349) PSYoungGen: 295488K(295936K)->64K(284160K) Eden: 295424K(295424K)->0K(283648K) From: 64K(512K)->64K(512K)
[491.510s][info][gc,heap        ] GC(1349) ParOldGen: 561331K(561664K)->561339K(561664K)
[491.510s][info][gc,metaspace   ] GC(1349) Metaspace: 35464K(36160K)->35464K(36160K) NonClass: 29192K(29696K)->29192K(29696K) Class: 6272K(6464K)->6272K(6464K)
[491.510s][info][gc             ] GC(1349) Pause Young (Allocation Failure) 836M->548M(826M) 2.621ms
[491.510s][info][gc,cpu         ] GC(1349) User=0.00s Sys=0.00s Real=0.00s
[492.644s][info][gc,start       ] GC(1350) Pause Young (Allocation Failure)
[492.646s][info][gc,heap        ] GC(1350) PSYoungGen: 283712K(284160K)->64K(282624K) Eden: 283648K(283648K)->0K(272384K) From: 64K(512K)->64K(10240K)
[492.646s][info][gc,heap        ] GC(1350) ParOldGen: 561339K(561664K)->561347K(561664K)
[492.646s][info][gc,metaspace   ] GC(1350) Metaspace: 35464K(36160K)->35464K(36160K) NonClass: 29192K(29696K)->29192K(29696K) Class: 6272K(6464K)->6272K(6464K)
[492.646s][info][gc             ] GC(1350) Pause Young (Allocation Failure) 825M->548M(824M) 2.448ms
[492.646s][info][gc,cpu         ] GC(1350) User=0.00s Sys=0.00s Real=0.01s
[493.080s][info][gc,start       ] GC(1351) Pause Young (Allocation Failure)
[493.083s][info][gc,heap        ] GC(1351) PSYoungGen: 272448K(282624K)->64K(262144K) Eden: 272384K(272384K)->0K(261632K) From: 64K(10240K)->64K(512K)
[493.083s][info][gc,heap        ] GC(1351) ParOldGen: 561347K(561664K)->561355K(561664K)
[493.083s][info][gc,metaspace   ] GC(1351) Metaspace: 35464K(36160K)->35464K(36160K) NonClass: 29192K(29696K)->29192K(29696K) Class: 6272K(6464K)->6272K(6464K)
[493.083s][info][gc             ] GC(1351) Pause Young (Allocation Failure) 814M->548M(804M) 3.115ms
[493.083s][info][gc,cpu         ] GC(1351) User=0.01s Sys=0.00s Real=0.00s
[493.254s][info][gc,start       ] GC(1352) Pause Young (Allocation Failure)
[493.258s][info][gc,heap        ] GC(1352) PSYoungGen: 261696K(262144K)->64K(260096K) Eden: 261632K(261632K)->0K(251392K) From: 64K(512K)->64K(8704K)
[493.258s][info][gc,heap        ] GC(1352) ParOldGen: 561355K(561664K)->561363K(561664K)
[493.258s][info][gc,metaspace   ] GC(1352) Metaspace: 35464K(36160K)->35464K(36160K) NonClass: 29192K(29696K)->29192K(29696K) Class: 6272K(6464K)->6272K(6464K)
[493.258s][info][gc             ] GC(1352) Pause Young (Allocation Failure) 803M->548M(802M) 3.623ms
[493.258s][info][gc,cpu         ] GC(1352) User=0.00s Sys=0.00s Real=0.01s
[493.513s][info][gc,start       ] GC(1353) Pause Young (Allocation Failure)
[493.516s][info][gc,heap        ] GC(1353) PSYoungGen: 251456K(260096K)->64K(292864K) Eden: 251392K(251392K)->0K(284672K) From: 64K(8704K)->64K(8192K)
[493.516s][info][gc,heap        ] GC(1353) ParOldGen: 561363K(561664K)->561371K(561664K)
[493.516s][info][gc,metaspace   ] GC(1353) Metaspace: 35464K(36160K)->35464K(36160K) NonClass: 29192K(29696K)->29192K(29696K) Class: 6272K(6464K)->6272K(6464K)
[493.516s][info][gc             ] GC(1353) Pause Young (Allocation Failure) 793M->548M(834M) 3.826ms
[493.516s][info][gc,cpu         ] GC(1353) User=0.01s Sys=0.00s Real=0.01s
[494.102s][info][gc,start       ] GC(1354) Pause Young (Allocation Failure)
[494.106s][info][gc,heap        ] GC(1354) PSYoungGen: 284736K(292864K)->32K(273920K) Eden: 284672K(284672K)->0K(273408K) From: 64K(8192K)->32K(512K)
[494.106s][info][gc,heap        ] GC(1354) ParOldGen: 561371K(561664K)->561387K(561664K)
[494.106s][info][gc,metaspace   ] GC(1354) Metaspace: 35464K(36160K)->35464K(36160K) NonClass: 29192K(29696K)->29192K(29696K) Class: 6272K(6464K)->6272K(6464K)
[494.106s][info][gc             ] GC(1354) Pause Young (Allocation Failure) 826M->548M(816M) 3.961ms
[494.106s][info][gc,cpu         ] GC(1354) User=0.01s Sys=0.01s Real=0.01s
[494.502s][info][gc,start       ] GC(1355) Pause Young (Allocation Failure)
[494.524s][info][gc,heap        ] GC(1355) PSYoungGen: 273440K(273920K)->6304K(284160K) Eden: 273408K(273408K)->0K(276992K) From: 32K(512K)->6304K(7168K)
[494.524s][info][gc,heap        ] GC(1355) ParOldGen: 561387K(561664K)->561395K(561664K)
[494.524s][info][gc,metaspace   ] GC(1355) Metaspace: 35464K(36160K)->35464K(36160K) NonClass: 29192K(29696K)->29192K(29696K) Class: 6272K(6464K)->6272K(6464K)
[494.524s][info][gc             ] GC(1355) Pause Young (Allocation Failure) 815M->554M(826M) 21.978ms
[494.524s][info][gc,cpu         ] GC(1355) User=0.02s Sys=0.00s Real=0.02s
[494.864s][info][gc,start       ] GC(1356) Pause Young (Allocation Failure)
[494.928s][info][gc,heap        ] GC(1356) PSYoungGen: 283296K(284160K)->8704K(285696K) Eden: 276992K(276992K)->0K(276992K) From: 6304K(7168K)->8704K(8704K)
[494.928s][info][gc,heap        ] GC(1356) ParOldGen: 561395K(561664K)->582027K(582144K)
[494.928s][info][gc,metaspace   ] GC(1356) Metaspace: 35464K(36160K)->35464K(36160K) NonClass: 29192K(29696K)->29192K(29696K) Class: 6272K(6464K)->6272K(6464K)
[494.928s][info][gc             ] GC(1356) Pause Young (Allocation Failure) 824M->576M(847M) 64.144ms
[494.928s][info][gc,cpu         ] GC(1356) User=0.11s Sys=0.01s Real=0.07s
[495.271s][info][gc,start       ] GC(1357) Pause Young (Allocation Failure)
[495.344s][info][gc,heap        ] GC(1357) PSYoungGen: 285696K(285696K)->17920K(298496K) Eden: 276992K(276992K)->0K(280576K) From: 8704K(8704K)->17920K(17920K)
[495.344s][info][gc,heap        ] GC(1357) ParOldGen: 582027K(582144K)->594187K(594432K)
[495.344s][info][gc,metaspace   ] GC(1357) Metaspace: 35464K(36160K)->35464K(36160K) NonClass: 29192K(29696K)->29192K(29696K) Class: 6272K(6464K)->6272K(6464K)
[495.344s][info][gc             ] GC(1357) Pause Young (Allocation Failure) 847M->597M(872M) 72.429ms
[495.344s][info][gc,cpu         ] GC(1357) User=0.13s Sys=0.03s Real=0.07s
[495.460s][info][gc,start       ] GC(1358) Pause Young (Allocation Failure)
[495.472s][info][gc,heap        ] GC(1358) PSYoungGen: 298496K(298496K)->4032K(307200K) Eden: 280576K(280576K)->0K(280576K) From: 17920K(17920K)->4032K(26624K)
[495.472s][info][gc,heap        ] GC(1358) ParOldGen: 594187K(594432K)->594619K(594944K)
[495.472s][info][gc,metaspace   ] GC(1358) Metaspace: 35464K(36160K)->35464K(36160K) NonClass: 29192K(29696K)->29192K(29696K) Class: 6272K(6464K)->6272K(6464K)
[495.472s][info][gc             ] GC(1358) Pause Young (Allocation Failure) 871M->584M(881M) 12.324ms
[495.472s][info][gc,cpu         ] GC(1358) User=0.02s Sys=0.00s Real=0.01s
[496.061s][info][gc,start       ] GC(1359) Pause Young (Allocation Failure)
[496.063s][info][gc,heap        ] GC(1359) PSYoungGen: 284608K(307200K)->64K(303616K) Eden: 280576K(280576K)->0K(282112K) From: 4032K(26624K)->64K(21504K)
[496.063s][info][gc,heap        ] GC(1359) ParOldGen: 594619K(594944K)->594627K(594944K)
[496.063s][info][gc,metaspace   ] GC(1359) Metaspace: 35464K(36160K)->35464K(36160K) NonClass: 29192K(29696K)->29192K(29696K) Class: 6272K(6464K)->6272K(6464K)
[496.063s][info][gc             ] GC(1359) Pause Young (Allocation Failure) 858M->580M(877M) 2.403ms
[496.063s][info][gc,cpu         ] GC(1359) User=0.00s Sys=0.00s Real=0.00s
[496.648s][info][gc,start       ] GC(1360) Pause Young (Allocation Failure)
[496.650s][info][gc,heap        ] GC(1360) PSYoungGen: 282176K(303616K)->64K(306176K) Eden: 282112K(282112K)->0K(282112K) From: 64K(21504K)->64K(24064K)
[496.650s][info][gc,heap        ] GC(1360) ParOldGen: 594627K(594944K)->594635K(594944K)
[496.650s][info][gc,metaspace   ] GC(1360) Metaspace: 35464K(36160K)->35464K(36160K) NonClass: 29192K(29696K)->29192K(29696K) Class: 6272K(6464K)->6272K(6464K)
[496.650s][info][gc             ] GC(1360) Pause Young (Allocation Failure) 856M->580M(880M) 2.150ms
[496.650s][info][gc,cpu         ] GC(1360) User=0.00s Sys=0.00s Real=0.00s
[497.101s][info][gc,start       ] GC(1361) Pause Young (Allocation Failure)
[497.103s][info][gc,heap        ] GC(1361) PSYoungGen: 282176K(306176K)->64K(307200K) Eden: 282112K(282112K)->0K(286208K) From: 64K(24064K)->64K(20992K)
[497.103s][info][gc,heap        ] GC(1361) ParOldGen: 594635K(594944K)->594651K(594944K)
[497.103s][info][gc,metaspace   ] GC(1361) Metaspace: 35464K(36160K)->35464K(36160K) NonClass: 29192K(29696K)->29192K(29696K) Class: 6272K(6464K)->6272K(6464K)
[497.103s][info][gc             ] GC(1361) Pause Young (Allocation Failure) 856M->580M(881M) 2.227ms
[497.103s][info][gc,cpu         ] GC(1361) User=0.00s Sys=0.00s Real=0.00s
[497.320s][info][gc,start       ] GC(1362) Pause Young (Allocation Failure)
[497.322s][info][gc,heap        ] GC(1362) PSYoungGen: 286272K(307200K)->64K(308736K) Eden: 286208K(286208K)->0K(286208K) From: 64K(20992K)->64K(22528K)
[497.322s][info][gc,heap        ] GC(1362) ParOldGen: 594651K(594944K)->594667K(594944K)
[497.322s][info][gc,metaspace   ] GC(1362) Metaspace: 35464K(36160K)->35464K(36160K) NonClass: 29192K(29696K)->29192K(29696K) Class: 6272K(6464K)->6272K(6464K)
[497.322s][info][gc             ] GC(1362) Pause Young (Allocation Failure) 860M->580M(882M) 2.188ms
[497.322s][info][gc,cpu         ] GC(1362) User=0.00s Sys=0.00s Real=0.00s
[497.538s][info][gc,start       ] GC(1363) Pause Young (Allocation Failure)
[497.540s][info][gc,heap        ] GC(1363) PSYoungGen: 286272K(308736K)->64K(308736K) Eden: 286208K(286208K)->0K(289792K) From: 64K(22528K)->64K(18944K)
[497.540s][info][gc,heap        ] GC(1363) ParOldGen: 594667K(594944K)->594667K(594944K)
[497.540s][info][gc,metaspace   ] GC(1363) Metaspace: 35464K(36160K)->35464K(36160K) NonClass: 29192K(29696K)->29192K(29696K) Class: 6272K(6464K)->6272K(6464K)
[497.540s][info][gc             ] GC(1363) Pause Young (Allocation Failure) 860M->580M(882M) 2.221ms
[497.540s][info][gc,cpu         ] GC(1363) User=0.00s Sys=0.00s Real=0.00s
[497.917s][info][gc,start       ] GC(1364) Pause Young (Allocation Failure)
[497.919s][info][gc,heap        ] GC(1364) PSYoungGen: 289856K(308736K)->64K(310272K) Eden: 289792K(289792K)->0K(289792K) From: 64K(18944K)->64K(20480K)
[497.919s][info][gc,heap        ] GC(1364) ParOldGen: 594667K(594944K)->594667K(594944K)
[497.919s][info][gc,metaspace   ] GC(1364) Metaspace: 35464K(36160K)->35464K(36160K) NonClass: 29192K(29696K)->29192K(29696K) Class: 6272K(6464K)->6272K(6464K)
[497.919s][info][gc             ] GC(1364) Pause Young (Allocation Failure) 863M->580M(884M) 2.351ms
[497.919s][info][gc,cpu         ] GC(1364) User=0.01s Sys=0.00s Real=0.00s
[498.007s][info][gc,start       ] GC(1365) Pause Young (Allocation Failure)
[498.009s][info][gc,heap        ] GC(1365) PSYoungGen: 289856K(310272K)->64K(310784K) Eden: 289792K(289792K)->0K(293888K) From: 64K(20480K)->64K(16896K)
[498.009s][info][gc,heap        ] GC(1365) ParOldGen: 594667K(594944K)->594675K(594944K)
[498.009s][info][gc,metaspace   ] GC(1365) Metaspace: 35464K(36160K)->35464K(36160K) NonClass: 29192K(29696K)->29192K(29696K) Class: 6272K(6464K)->6272K(6464K)
[498.009s][info][gc             ] GC(1365) Pause Young (Allocation Failure) 863M->580M(884M) 2.181ms
[498.009s][info][gc,cpu         ] GC(1365) User=0.01s Sys=0.00s Real=0.00s
[498.068s][info][gc,start       ] GC(1366) Pause Young (Allocation Failure)
[498.070s][info][gc,heap        ] GC(1366) PSYoungGen: 293952K(310784K)->64K(312320K) Eden: 293888K(293888K)->0K(293888K) From: 64K(16896K)->64K(18432K)
[498.070s][info][gc,heap        ] GC(1366) ParOldGen: 594675K(594944K)->594691K(594944K)
[498.070s][info][gc,metaspace   ] GC(1366) Metaspace: 35464K(36160K)->35464K(36160K) NonClass: 29192K(29696K)->29192K(29696K) Class: 6272K(6464K)->6272K(6464K)
[498.070s][info][gc             ] GC(1366) Pause Young (Allocation Failure) 867M->580M(886M) 2.116ms
[498.070s][info][gc,cpu         ] GC(1366) User=0.00s Sys=0.00s Real=0.00s
[498.269s][info][gc,start       ] GC(1367) Pause Young (Allocation Failure)
[498.271s][info][gc,heap        ] GC(1367) PSYoungGen: 293952K(312320K)->64K(312832K) Eden: 293888K(293888K)->0K(297984K) From: 64K(18432K)->64K(14848K)
[498.271s][info][gc,heap        ] GC(1367) ParOldGen: 594691K(594944K)->594691K(594944K)
[498.271s][info][gc,metaspace   ] GC(1367) Metaspace: 35464K(36160K)->35464K(36160K) NonClass: 29192K(29696K)->29192K(29696K) Class: 6272K(6464K)->6272K(6464K)
[498.271s][info][gc             ] GC(1367) Pause Young (Allocation Failure) 867M->580M(886M) 2.130ms
[498.271s][info][gc,cpu         ] GC(1367) User=0.00s Sys=0.00s Real=0.00s
[498.554s][info][gc,start       ] GC(1368) Pause Young (Allocation Failure)
[498.556s][info][gc,heap        ] GC(1368) PSYoungGen: 298048K(312832K)->64K(314368K) Eden: 297984K(297984K)->0K(297984K) From: 64K(14848K)->64K(16384K)
[498.556s][info][gc,heap        ] GC(1368) ParOldGen: 594691K(594944K)->594699K(594944K)
[498.556s][info][gc,metaspace   ] GC(1368) Metaspace: 35464K(36160K)->35464K(36160K) NonClass: 29192K(29696K)->29192K(29696K) Class: 6272K(6464K)->6272K(6464K)
[498.556s][info][gc             ] GC(1368) Pause Young (Allocation Failure) 871M->580M(888M) 2.164ms
[498.556s][info][gc,cpu         ] GC(1368) User=0.00s Sys=0.00s Real=0.01s
[498.715s][info][gc,start       ] GC(1369) Pause Young (Allocation Failure)
[498.717s][info][gc,heap        ] GC(1369) PSYoungGen: 298048K(314368K)->64K(315904K) Eden: 297984K(297984K)->0K(302080K) From: 64K(16384K)->64K(13824K)
[498.717s][info][gc,heap        ] GC(1369) ParOldGen: 594699K(594944K)->594707K(594944K)
[498.717s][info][gc,metaspace   ] GC(1369) Metaspace: 35464K(36160K)->35464K(36160K) NonClass: 29192K(29696K)->29192K(29696K) Class: 6272K(6464K)->6272K(6464K)
[498.717s][info][gc             ] GC(1369) Pause Young (Allocation Failure) 871M->580M(889M) 2.201ms
[498.717s][info][gc,cpu         ] GC(1369) User=0.00s Sys=0.00s Real=0.00s
[498.813s][info][gc,start       ] GC(1370) Pause Young (Allocation Failure)
[498.815s][info][gc,heap        ] GC(1370) PSYoungGen: 302144K(315904K)->64K(316928K) Eden: 302080K(302080K)->0K(302080K) From: 64K(13824K)->64K(14848K)
[498.815s][info][gc,heap        ] GC(1370) ParOldGen: 594707K(594944K)->594715K(594944K)
[498.815s][info][gc,metaspace   ] GC(1370) Metaspace: 35464K(36160K)->35464K(36160K) NonClass: 29192K(29696K)->29192K(29696K) Class: 6272K(6464K)->6272K(6464K)
[498.815s][info][gc             ] GC(1370) Pause Young (Allocation Failure) 875M->580M(890M) 2.197ms
[498.815s][info][gc,cpu         ] GC(1370) User=0.00s Sys=0.00s Real=0.01s
[499.027s][info][gc,start       ] GC(1371) Pause Young (Allocation Failure)
[499.029s][info][gc,heap        ] GC(1371) PSYoungGen: 302144K(316928K)->64K(316928K) Eden: 302080K(302080K)->0K(305152K) From: 64K(14848K)->64K(11776K)
[499.029s][info][gc,heap        ] GC(1371) ParOldGen: 594715K(594944K)->594723K(594944K)
[499.029s][info][gc,metaspace   ] GC(1371) Metaspace: 35464K(36160K)->35464K(36160K) NonClass: 29192K(29696K)->29192K(29696K) Class: 6272K(6464K)->6272K(6464K)
[499.029s][info][gc             ] GC(1371) Pause Young (Allocation Failure) 875M->580M(890M) 2.165ms
[499.029s][info][gc,cpu         ] GC(1371) User=0.01s Sys=0.00s Real=0.00s
[500.145s][info][gc,start       ] GC(1372) Pause Young (Allocation Failure)
[500.147s][info][gc,heap        ] GC(1372) PSYoungGen: 305216K(316928K)->83K(317952K) Eden: 305152K(305152K)->0K(305152K) From: 64K(11776K)->83K(12800K)
[500.147s][info][gc,heap        ] GC(1372) ParOldGen: 594723K(594944K)->594731K(594944K)
[500.147s][info][gc,metaspace   ] GC(1372) Metaspace: 35464K(36160K)->35464K(36160K) NonClass: 29192K(29696K)->29192K(29696K) Class: 6272K(6464K)->6272K(6464K)
[500.147s][info][gc             ] GC(1372) Pause Young (Allocation Failure) 878M->580M(891M) 2.208ms
[500.147s][info][gc,cpu         ] GC(1372) User=0.01s Sys=0.00s Real=0.00s
[501.142s][info][gc,start       ] GC(1373) Pause Young (Allocation Failure)
[501.144s][info][gc,heap        ] GC(1373) PSYoungGen: 305235K(317952K)->64K(318464K) Eden: 305152K(305152K)->0K(308736K) From: 83K(12800K)->64K(9728K)
[501.144s][info][gc,heap        ] GC(1373) ParOldGen: 594731K(594944K)->594739K(594944K)
[501.144s][info][gc,metaspace   ] GC(1373) Metaspace: 35464K(36160K)->35464K(36160K) NonClass: 29192K(29696K)->29192K(29696K) Class: 6272K(6464K)->6272K(6464K)
[501.144s][info][gc             ] GC(1373) Pause Young (Allocation Failure) 878M->580M(892M) 2.157ms
[501.144s][info][gc,cpu         ] GC(1373) User=0.00s Sys=0.00s Real=0.00s
[501.545s][info][gc,start       ] GC(1374) Pause Young (Allocation Failure)
[501.548s][info][gc,heap        ] GC(1374) PSYoungGen: 308800K(318464K)->64K(296960K) Eden: 308736K(308736K)->0K(296448K) From: 64K(9728K)->64K(512K)
[501.548s][info][gc,heap        ] GC(1374) ParOldGen: 594739K(594944K)->594747K(594944K)
[501.548s][info][gc,metaspace   ] GC(1374) Metaspace: 35464K(36160K)->35464K(36160K) NonClass: 29192K(29696K)->29192K(29696K) Class: 6272K(6464K)->6272K(6464K)
[501.548s][info][gc             ] GC(1374) Pause Young (Allocation Failure) 882M->580M(871M) 2.781ms
[501.548s][info][gc,cpu         ] GC(1374) User=0.00s Sys=0.00s Real=0.00s
[502.024s][info][gc,start       ] GC(1375) Pause Young (Allocation Failure)
[502.026s][info][gc,heap        ] GC(1375) PSYoungGen: 296512K(296960K)->64K(285184K) Eden: 296448K(296448K)->0K(284672K) From: 64K(512K)->64K(512K)
[502.026s][info][gc,heap        ] GC(1375) ParOldGen: 594747K(594944K)->594755K(594944K)
[502.026s][info][gc,metaspace   ] GC(1375) Metaspace: 35464K(36160K)->35464K(36160K) NonClass: 29192K(29696K)->29192K(29696K) Class: 6272K(6464K)->6272K(6464K)
[502.026s][info][gc             ] GC(1375) Pause Young (Allocation Failure) 870M->580M(859M) 2.680ms
[502.026s][info][gc,cpu         ] GC(1375) User=0.00s Sys=0.00s Real=0.01s
[503.114s][info][gc,start       ] GC(1376) Pause Young (Allocation Failure)
[503.116s][info][gc,heap        ] GC(1376) PSYoungGen: 284736K(285184K)->64K(283136K) Eden: 284672K(284672K)->0K(273408K) From: 64K(512K)->64K(9728K)
[503.116s][info][gc,heap        ] GC(1376) ParOldGen: 594755K(594944K)->594763K(594944K)
[503.116s][info][gc,metaspace   ] GC(1376) Metaspace: 35464K(36160K)->35464K(36160K) NonClass: 29192K(29696K)->29192K(29696K) Class: 6272K(6464K)->6272K(6464K)
[503.116s][info][gc             ] GC(1376) Pause Young (Allocation Failure) 858M->580M(857M) 2.113ms
[503.116s][info][gc,cpu         ] GC(1376) User=0.00s Sys=0.00s Real=0.01s
[503.554s][info][gc,start       ] GC(1377) Pause Young (Allocation Failure)
[503.557s][info][gc,heap        ] GC(1377) PSYoungGen: 273472K(283136K)->64K(263168K) Eden: 273408K(273408K)->0K(262656K) From: 64K(9728K)->64K(512K)
[503.557s][info][gc,heap        ] GC(1377) ParOldGen: 594763K(594944K)->594771K(594944K)
[503.557s][info][gc,metaspace   ] GC(1377) Metaspace: 35464K(36160K)->35464K(36160K) NonClass: 29192K(29696K)->29192K(29696K) Class: 6272K(6464K)->6272K(6464K)
[503.557s][info][gc             ] GC(1377) Pause Young (Allocation Failure) 847M->580M(838M) 2.673ms
[503.557s][info][gc,cpu         ] GC(1377) User=0.00s Sys=0.00s Real=0.01s
[503.643s][info][gc,start       ] GC(1378) Pause Young (Allocation Failure)
[503.645s][info][gc,heap        ] GC(1378) PSYoungGen: 262720K(263168K)->64K(294400K) Eden: 262656K(262656K)->0K(285696K) From: 64K(512K)->64K(8704K)
[503.645s][info][gc,heap        ] GC(1378) ParOldGen: 594771K(594944K)->594779K(594944K)
[503.645s][info][gc,metaspace   ] GC(1378) Metaspace: 35464K(36160K)->35464K(36160K) NonClass: 29192K(29696K)->29192K(29696K) Class: 6272K(6464K)->6272K(6464K)
[503.645s][info][gc             ] GC(1378) Pause Young (Allocation Failure) 837M->580M(868M) 2.307ms
[503.645s][info][gc,cpu         ] GC(1378) User=0.00s Sys=0.00s Real=0.01s
[504.286s][info][gc,start       ] GC(1379) Pause Young (Allocation Failure)
[504.289s][info][gc,heap        ] GC(1379) PSYoungGen: 285760K(294400K)->64K(274944K) Eden: 285696K(285696K)->0K(274432K) From: 64K(8704K)->64K(512K)
[504.289s][info][gc,heap        ] GC(1379) ParOldGen: 594779K(594944K)->594787K(594944K)
[504.289s][info][gc,metaspace   ] GC(1379) Metaspace: 35464K(36160K)->35464K(36160K) NonClass: 29192K(29696K)->29192K(29696K) Class: 6272K(6464K)->6272K(6464K)
[504.289s][info][gc             ] GC(1379) Pause Young (Allocation Failure) 859M->580M(849M) 3.039ms
[504.289s][info][gc,cpu         ] GC(1379) User=0.00s Sys=0.00s Real=0.00s
[504.620s][info][gc,start       ] GC(1380) Pause Young (Allocation Failure)
[504.624s][info][gc,heap        ] GC(1380) PSYoungGen: 274496K(274944K)->64K(313344K) Eden: 274432K(274432K)->0K(306176K) From: 64K(512K)->64K(7168K)
[504.624s][info][gc,heap        ] GC(1380) ParOldGen: 594787K(594944K)->594803K(594944K)
[504.624s][info][gc,metaspace   ] GC(1380) Metaspace: 35464K(36160K)->35464K(36160K) NonClass: 29192K(29696K)->29192K(29696K) Class: 6272K(6464K)->6272K(6464K)
[504.624s][info][gc             ] GC(1380) Pause Young (Allocation Failure) 848M->580M(887M) 4.155ms
[504.624s][info][gc,cpu         ] GC(1380) User=0.00s Sys=0.00s Real=0.01s
[505.062s][info][gc,start       ] GC(1381) Pause Young (Allocation Failure)
[505.116s][info][gc,heap        ] GC(1381) PSYoungGen: 306240K(313344K)->6656K(311808K) Eden: 306176K(306176K)->0K(305152K) From: 64K(7168K)->6656K(6656K)
[505.116s][info][gc,heap        ] GC(1381) ParOldGen: 594803K(594944K)->610931K(611328K)
[505.116s][info][gc,metaspace   ] GC(1381) Metaspace: 35465K(36160K)->35465K(36160K) NonClass: 29193K(29696K)->29193K(29696K) Class: 6272K(6464K)->6272K(6464K)
[505.116s][info][gc             ] GC(1381) Pause Young (Allocation Failure) 879M->603M(901M) 53.526ms
[505.116s][info][gc,cpu         ] GC(1381) User=0.09s Sys=0.02s Real=0.06s
[505.492s][info][gc,start       ] GC(1382) Pause Young (Allocation Failure)
[505.572s][info][gc,heap        ] GC(1382) PSYoungGen: 311808K(311808K)->14336K(319488K) Eden: 305152K(305152K)->0K(305152K) From: 6656K(6656K)->14336K(14336K)
[505.572s][info][gc,heap        ] GC(1382) ParOldGen: 610931K(611328K)->629499K(629760K)
[505.572s][info][gc,metaspace   ] GC(1382) Metaspace: 35465K(36160K)->35465K(36160K) NonClass: 29193K(29696K)->29193K(29696K) Class: 6272K(6464K)->6272K(6464K)
[505.572s][info][gc             ] GC(1382) Pause Young (Allocation Failure) 901M->628M(927M) 80.429ms
[505.573s][info][gc,cpu         ] GC(1382) User=0.14s Sys=0.02s Real=0.08s
[505.781s][info][gc,start       ] GC(1383) Pause Young (Allocation Failure)
[505.816s][info][gc,heap        ] GC(1383) PSYoungGen: 319488K(319488K)->13888K(296960K) Eden: 305152K(305152K)->0K(282624K) From: 14336K(14336K)->13888K(14336K)
[505.816s][info][gc,heap        ] GC(1383) ParOldGen: 629499K(629760K)->630187K(630272K)
[505.816s][info][gc,metaspace   ] GC(1383) Metaspace: 35465K(36160K)->35465K(36160K) NonClass: 29193K(29696K)->29193K(29696K) Class: 6272K(6464K)->6272K(6464K)
[505.816s][info][gc             ] GC(1383) Pause Young (Allocation Failure) 926M->628M(905M) 35.085ms
[505.816s][info][gc,cpu         ] GC(1383) User=0.06s Sys=0.00s Real=0.04s
[506.242s][info][gc,start       ] GC(1384) Pause Young (Allocation Failure)
[506.244s][info][gc,heap        ] GC(1384) PSYoungGen: 296512K(296960K)->64K(308224K) Eden: 282624K(282624K)->0K(282624K) From: 13888K(14336K)->64K(25600K)
[506.244s][info][gc,heap        ] GC(1384) ParOldGen: 630187K(630272K)->630195K(630272K)
[506.244s][info][gc,metaspace   ] GC(1384) Metaspace: 35465K(36160K)->35465K(36160K) NonClass: 29193K(29696K)->29193K(29696K) Class: 6272K(6464K)->6272K(6464K)
[506.244s][info][gc             ] GC(1384) Pause Young (Allocation Failure) 904M->615M(916M) 2.149ms
[506.244s][info][gc,cpu         ] GC(1384) User=0.00s Sys=0.00s Real=0.01s
[506.932s][info][gc,start       ] GC(1385) Pause Young (Allocation Failure)
[506.935s][info][gc,heap        ] GC(1385) PSYoungGen: 282688K(308224K)->64K(306176K) Eden: 282624K(282624K)->0K(283648K) From: 64K(25600K)->64K(22528K)
[506.935s][info][gc,heap        ] GC(1385) ParOldGen: 630195K(630272K)->630203K(630272K)
[506.935s][info][gc,metaspace   ] GC(1385) Metaspace: 35465K(36160K)->35465K(36160K) NonClass: 29193K(29696K)->29193K(29696K) Class: 6272K(6464K)->6272K(6464K)
[506.935s][info][gc             ] GC(1385) Pause Young (Allocation Failure) 891M->615M(914M) 2.506ms
[506.935s][info][gc,cpu         ] GC(1385) User=0.01s Sys=0.00s Real=0.01s
[507.419s][info][gc,start       ] GC(1386) Pause Young (Allocation Failure)
[507.422s][info][gc,heap        ] GC(1386) PSYoungGen: 283712K(306176K)->64K(307712K) Eden: 283648K(283648K)->0K(283648K) From: 64K(22528K)->64K(24064K)
[507.422s][info][gc,heap        ] GC(1386) ParOldGen: 630203K(630272K)->630219K(630272K)
[507.422s][info][gc,metaspace   ] GC(1386) Metaspace: 35465K(36160K)->35465K(36160K) NonClass: 29193K(29696K)->29193K(29696K) Class: 6272K(6464K)->6272K(6464K)
[507.422s][info][gc             ] GC(1386) Pause Young (Allocation Failure) 892M->615M(916M) 2.223ms
[507.422s][info][gc,cpu         ] GC(1386) User=0.00s Sys=0.00s Real=0.00s
[507.638s][info][gc,start       ] GC(1387) Pause Young (Allocation Failure)
[507.640s][info][gc,heap        ] GC(1387) PSYoungGen: 283712K(307712K)->64K(307200K) Eden: 283648K(283648K)->0K(286720K) From: 64K(24064K)->64K(20480K)
[507.640s][info][gc,heap        ] GC(1387) ParOldGen: 630219K(630272K)->630235K(630272K)
[507.640s][info][gc,metaspace   ] GC(1387) Metaspace: 35465K(36160K)->35465K(36160K) NonClass: 29193K(29696K)->29193K(29696K) Class: 6272K(6464K)->6272K(6464K)
[507.640s][info][gc             ] GC(1387) Pause Young (Allocation Failure) 892M->615M(915M) 2.366ms
[507.640s][info][gc,cpu         ] GC(1387) User=0.00s Sys=0.00s Real=0.00s
[507.857s][info][gc,start       ] GC(1388) Pause Young (Allocation Failure)
[507.859s][info][gc,heap        ] GC(1388) PSYoungGen: 286784K(307200K)->64K(308736K) Eden: 286720K(286720K)->0K(286720K) From: 64K(20480K)->64K(22016K)
[507.859s][info][gc,heap        ] GC(1388) ParOldGen: 630235K(630272K)->630235K(630272K)
[507.859s][info][gc,metaspace   ] GC(1388) Metaspace: 35465K(36160K)->35465K(36160K) NonClass: 29193K(29696K)->29193K(29696K) Class: 6272K(6464K)->6272K(6464K)
[507.859s][info][gc             ] GC(1388) Pause Young (Allocation Failure) 895M->615M(917M) 2.257ms
[507.859s][info][gc,cpu         ] GC(1388) User=0.00s Sys=0.01s Real=0.00s
[508.211s][info][gc,start       ] GC(1389) Pause Young (Allocation Failure)
[508.214s][info][gc,heap        ] GC(1389) PSYoungGen: 286784K(308736K)->64K(309248K) Eden: 286720K(286720K)->0K(290816K) From: 64K(22016K)->64K(18432K)
[508.214s][info][gc,heap        ] GC(1389) ParOldGen: 630235K(630272K)->630235K(630272K)
[508.214s][info][gc,metaspace   ] GC(1389) Metaspace: 35465K(36160K)->35465K(36160K) NonClass: 29193K(29696K)->29193K(29696K) Class: 6272K(6464K)->6272K(6464K)
[508.214s][info][gc             ] GC(1389) Pause Young (Allocation Failure) 895M->615M(917M) 2.233ms
[508.214s][info][gc,cpu         ] GC(1389) User=0.00s Sys=0.00s Real=0.00s
[508.367s][info][gc,start       ] GC(1390) Pause Young (Allocation Failure)
[508.369s][info][gc,heap        ] GC(1390) PSYoungGen: 290880K(309248K)->64K(310784K) Eden: 290816K(290816K)->0K(290816K) From: 64K(18432K)->64K(19968K)
[508.369s][info][gc,heap        ] GC(1390) ParOldGen: 630235K(630272K)->630243K(630272K)
[508.369s][info][gc,metaspace   ] GC(1390) Metaspace: 35465K(36160K)->35465K(36160K) NonClass: 29193K(29696K)->29193K(29696K) Class: 6272K(6464K)->6272K(6464K)
[508.370s][info][gc             ] GC(1390) Pause Young (Allocation Failure) 899M->615M(919M) 2.158ms
[508.370s][info][gc,cpu         ] GC(1390) User=0.00s Sys=0.00s Real=0.00s
[508.428s][info][gc,start       ] GC(1391) Pause Young (Allocation Failure)
[508.430s][info][gc,heap        ] GC(1391) PSYoungGen: 290880K(310784K)->64K(311296K) Eden: 290816K(290816K)->0K(294912K) From: 64K(19968K)->64K(16384K)
[508.430s][info][gc,heap        ] GC(1391) ParOldGen: 630243K(630272K)->630259K(630272K)
[508.430s][info][gc,metaspace   ] GC(1391) Metaspace: 35465K(36160K)->35465K(36160K) NonClass: 29193K(29696K)->29193K(29696K) Class: 6272K(6464K)->6272K(6464K)
[508.430s][info][gc             ] GC(1391) Pause Young (Allocation Failure) 899M->615M(919M) 2.232ms
[508.430s][info][gc,cpu         ] GC(1391) User=0.00s Sys=0.00s Real=0.00s
[508.576s][info][gc,start       ] GC(1392) Pause Young (Allocation Failure)
[508.578s][info][gc,heap        ] GC(1392) PSYoungGen: 294976K(311296K)->64K(312832K) Eden: 294912K(294912K)->0K(294912K) From: 64K(16384K)->64K(17920K)
[508.578s][info][gc,heap        ] GC(1392) ParOldGen: 630259K(630272K)->630259K(630272K)
[508.578s][info][gc,metaspace   ] GC(1392) Metaspace: 35465K(36160K)->35465K(36160K) NonClass: 29193K(29696K)->29193K(29696K) Class: 6272K(6464K)->6272K(6464K)
[508.578s][info][gc             ] GC(1392) Pause Young (Allocation Failure) 903M->615M(921M) 2.163ms
[508.578s][info][gc,cpu         ] GC(1392) User=0.00s Sys=0.00s Real=0.00s
[508.873s][info][gc,start       ] GC(1393) Pause Young (Allocation Failure)
[508.876s][info][gc,heap        ] GC(1393) PSYoungGen: 294976K(312832K)->64K(313344K) Eden: 294912K(294912K)->0K(299008K) From: 64K(17920K)->64K(14336K)
[508.876s][info][gc,heap        ] GC(1393) ParOldGen: 630259K(630272K)->630267K(630272K)
[508.876s][info][gc,metaspace   ] GC(1393) Metaspace: 35465K(36160K)->35465K(36160K) NonClass: 29193K(29696K)->29193K(29696K) Class: 6272K(6464K)->6272K(6464K)
[508.876s][info][gc             ] GC(1393) Pause Young (Allocation Failure) 903M->615M(921M) 2.279ms
[508.876s][info][gc,cpu         ] GC(1393) User=0.01s Sys=0.00s Real=0.01s
[509.074s][info][gc,start       ] GC(1394) Pause Young (Allocation Failure)
[509.076s][info][gc,heap        ] GC(1394) PSYoungGen: 299072K(313344K)->64K(314880K) Eden: 299008K(299008K)->0K(299008K) From: 64K(14336K)->64K(15872K)
[509.076s][info][gc,heap        ] GC(1394) ParOldGen: 630267K(630272K)->630275K(630784K)
[509.076s][info][gc,metaspace   ] GC(1394) Metaspace: 35465K(36160K)->35465K(36160K) NonClass: 29193K(29696K)->29193K(29696K) Class: 6272K(6464K)->6272K(6464K)
[509.076s][info][gc             ] GC(1394) Pause Young (Allocation Failure) 907M->615M(923M) 2.256ms
[509.076s][info][gc,cpu         ] GC(1394) User=0.01s Sys=0.00s Real=0.01s
[509.168s][info][gc,start       ] GC(1395) Pause Young (Allocation Failure)
[509.171s][info][gc,heap        ] GC(1395) PSYoungGen: 299072K(314880K)->64K(315392K) Eden: 299008K(299008K)->0K(302592K) From: 64K(15872K)->64K(12800K)
[509.171s][info][gc,heap        ] GC(1395) ParOldGen: 630275K(630784K)->630291K(630784K)
[509.171s][info][gc,metaspace   ] GC(1395) Metaspace: 35465K(36160K)->35465K(36160K) NonClass: 29193K(29696K)->29193K(29696K) Class: 6272K(6464K)->6272K(6464K)
[509.171s][info][gc             ] GC(1395) Pause Young (Allocation Failure) 907M->615M(924M) 2.236ms
[509.171s][info][gc,cpu         ] GC(1395) User=0.00s Sys=0.00s Real=0.00s
[509.359s][info][gc,start       ] GC(1396) Pause Young (Allocation Failure)
[509.362s][info][gc,heap        ] GC(1396) PSYoungGen: 302656K(315392K)->64K(316928K) Eden: 302592K(302592K)->0K(302592K) From: 64K(12800K)->64K(14336K)
[509.362s][info][gc,heap        ] GC(1396) ParOldGen: 630291K(630784K)->630291K(630784K)
[509.362s][info][gc,metaspace   ] GC(1396) Metaspace: 35465K(36160K)->35465K(36160K) NonClass: 29193K(29696K)->29193K(29696K) Class: 6272K(6464K)->6272K(6464K)
[509.362s][info][gc             ] GC(1396) Pause Young (Allocation Failure) 911M->615M(925M) 2.239ms
[509.362s][info][gc,cpu         ] GC(1396) User=0.00s Sys=0.00s Real=0.00s
[509.844s][info][gc,start       ] GC(1397) Pause Young (Allocation Failure)
[509.846s][info][gc,heap        ] GC(1397) PSYoungGen: 302656K(316928K)->64K(316928K) Eden: 302592K(302592K)->0K(306176K) From: 64K(14336K)->64K(10752K)
[509.846s][info][gc,heap        ] GC(1397) ParOldGen: 630291K(630784K)->630299K(630784K)
[509.846s][info][gc,metaspace   ] GC(1397) Metaspace: 35465K(36160K)->35465K(36160K) NonClass: 29193K(29696K)->29193K(29696K) Class: 6272K(6464K)->6272K(6464K)
[509.846s][info][gc             ] GC(1397) Pause Young (Allocation Failure) 911M->615M(925M) 2.312ms
[509.846s][info][gc,cpu         ] GC(1397) User=0.01s Sys=0.00s Real=0.01s
[511.550s][info][gc,start       ] GC(1398) Pause Young (Allocation Failure)
[511.553s][info][gc,heap        ] GC(1398) PSYoungGen: 306240K(316928K)->64K(318464K) Eden: 306176K(306176K)->0K(306176K) From: 64K(10752K)->64K(12288K)
[511.553s][info][gc,heap        ] GC(1398) ParOldGen: 630299K(630784K)->630307K(630784K)
[511.553s][info][gc,metaspace   ] GC(1398) Metaspace: 35465K(36160K)->35465K(36160K) NonClass: 29193K(29696K)->29193K(29696K) Class: 6272K(6464K)->6272K(6464K)
[511.553s][info][gc             ] GC(1398) Pause Young (Allocation Failure) 914M->615M(927M) 2.216ms
[511.553s][info][gc,cpu         ] GC(1398) User=0.00s Sys=0.00s Real=0.00s
[511.810s][info][gc,start       ] GC(1399) Pause Young (Allocation Failure)
[511.812s][info][gc,heap        ] GC(1399) PSYoungGen: 306240K(318464K)->64K(318976K) Eden: 306176K(306176K)->0K(309760K) From: 64K(12288K)->64K(9216K)
[511.812s][info][gc,heap        ] GC(1399) ParOldGen: 630307K(630784K)->630315K(630784K)
[511.812s][info][gc,metaspace   ] GC(1399) Metaspace: 35465K(36160K)->35465K(36160K) NonClass: 29193K(29696K)->29193K(29696K) Class: 6272K(6464K)->6272K(6464K)
[511.812s][info][gc             ] GC(1399) Pause Young (Allocation Failure) 914M->615M(927M) 2.234ms
[511.812s][info][gc,cpu         ] GC(1399) User=0.00s Sys=0.00s Real=0.00s
[512.430s][info][gc,start       ] GC(1400) Pause Young (Allocation Failure)
[512.433s][info][gc,heap        ] GC(1400) PSYoungGen: 309824K(318976K)->64K(297984K) Eden: 309760K(309760K)->0K(297472K) From: 64K(9216K)->64K(512K)
[512.433s][info][gc,heap        ] GC(1400) ParOldGen: 630315K(630784K)->630323K(630784K)
[512.433s][info][gc,metaspace   ] GC(1400) Metaspace: 35465K(36160K)->35465K(36160K) NonClass: 29193K(29696K)->29193K(29696K) Class: 6272K(6464K)->6272K(6464K)
[512.433s][info][gc             ] GC(1400) Pause Young (Allocation Failure) 918M->615M(907M) 2.874ms
[512.433s][info][gc,cpu         ] GC(1400) User=0.00s Sys=0.00s Real=0.00s
[513.561s][info][gc,start       ] GC(1401) Pause Young (Allocation Failure)
[513.564s][info][gc,heap        ] GC(1401) PSYoungGen: 297536K(297984K)->64K(286208K) Eden: 297472K(297472K)->0K(285696K) From: 64K(512K)->64K(512K)
[513.564s][info][gc,heap        ] GC(1401) ParOldGen: 630323K(630784K)->630331K(630784K)
[513.564s][info][gc,metaspace   ] GC(1401) Metaspace: 35465K(36160K)->35465K(36160K) NonClass: 29193K(29696K)->29193K(29696K) Class: 6272K(6464K)->6272K(6464K)
[513.564s][info][gc             ] GC(1401) Pause Young (Allocation Failure) 906M->615M(895M) 2.984ms
[513.564s][info][gc,cpu         ] GC(1401) User=0.00s Sys=0.00s Real=0.00s
[513.979s][info][gc,start       ] GC(1402) Pause Young (Allocation Failure)
[513.981s][info][gc,heap        ] GC(1402) PSYoungGen: 285760K(286208K)->64K(284160K) Eden: 285696K(285696K)->0K(274432K) From: 64K(512K)->64K(9728K)
[513.981s][info][gc,heap        ] GC(1402) ParOldGen: 630331K(630784K)->630339K(630784K)
[513.981s][info][gc,metaspace   ] GC(1402) Metaspace: 35465K(36160K)->35465K(36160K) NonClass: 29193K(29696K)->29193K(29696K) Class: 6272K(6464K)->6272K(6464K)
[513.981s][info][gc             ] GC(1402) Pause Young (Allocation Failure) 894M->615M(893M) 2.175ms
[513.981s][info][gc,cpu         ] GC(1402) User=0.00s Sys=0.00s Real=0.00s
[514.138s][info][gc,start       ] GC(1403) Pause Young (Allocation Failure)
[514.141s][info][gc,heap        ] GC(1403) PSYoungGen: 274496K(284160K)->64K(264192K) Eden: 274432K(274432K)->0K(263680K) From: 64K(9728K)->64K(512K)
[514.141s][info][gc,heap        ] GC(1403) ParOldGen: 630339K(630784K)->630347K(630784K)
[514.141s][info][gc,metaspace   ] GC(1403) Metaspace: 35465K(36160K)->35465K(36160K) NonClass: 29193K(29696K)->29193K(29696K) Class: 6272K(6464K)->6272K(6464K)
[514.141s][info][gc             ] GC(1403) Pause Young (Allocation Failure) 883M->615M(874M) 3.142ms
[514.141s][info][gc,cpu         ] GC(1403) User=0.00s Sys=0.00s Real=0.00s
[514.631s][info][gc,start       ] GC(1404) Pause Young (Allocation Failure)
[514.633s][info][gc,heap        ] GC(1404) PSYoungGen: 263744K(264192K)->64K(261632K) Eden: 263680K(263680K)->0K(253440K) From: 64K(512K)->64K(8192K)
[514.633s][info][gc,heap        ] GC(1404) ParOldGen: 630347K(630784K)->630355K(630784K)
[514.633s][info][gc,metaspace   ] GC(1404) Metaspace: 35465K(36160K)->35465K(36160K) NonClass: 29193K(29696K)->29193K(29696K) Class: 6272K(6464K)->6272K(6464K)
[514.633s][info][gc             ] GC(1404) Pause Young (Allocation Failure) 873M->615M(871M) 2.290ms
[514.633s][info][gc,cpu         ] GC(1404) User=0.00s Sys=0.00s Real=0.00s
[515.010s][info][gc,start       ] GC(1405) Pause Young (Allocation Failure)
[515.013s][info][gc,heap        ] GC(1405) PSYoungGen: 253504K(261632K)->64K(244224K) Eden: 253440K(253440K)->0K(243712K) From: 64K(8192K)->64K(512K)
[515.013s][info][gc,heap        ] GC(1405) ParOldGen: 630355K(630784K)->630363K(630784K)
[515.013s][info][gc,metaspace   ] GC(1405) Metaspace: 35465K(36160K)->35465K(36160K) NonClass: 29193K(29696K)->29193K(29696K) Class: 6272K(6464K)->6272K(6464K)
[515.013s][info][gc             ] GC(1405) Pause Young (Allocation Failure) 863M->615M(854M) 2.949ms
[515.013s][info][gc,cpu         ] GC(1405) User=0.00s Sys=0.00s Real=0.00s
[515.395s][info][gc,start       ] GC(1406) Pause Young (Allocation Failure)
[515.411s][info][gc,heap        ] GC(1406) PSYoungGen: 243776K(244224K)->7168K(290304K) Eden: 243712K(243712K)->0K(283136K) From: 64K(512K)->7168K(7168K)
[515.411s][info][gc,heap        ] GC(1406) ParOldGen: 630363K(630784K)->631715K(631808K)
[515.411s][info][gc,metaspace   ] GC(1406) Metaspace: 35465K(36160K)->35465K(36160K) NonClass: 29193K(29696K)->29193K(29696K) Class: 6272K(6464K)->6272K(6464K)
[515.411s][info][gc             ] GC(1406) Pause Young (Allocation Failure) 853M->623M(900M) 15.635ms
[515.411s][info][gc,cpu         ] GC(1406) User=0.03s Sys=0.01s Real=0.01s
[515.760s][info][gc,start       ] GC(1407) Pause Young (Allocation Failure)
[515.829s][info][gc,heap        ] GC(1407) PSYoungGen: 290304K(290304K)->9216K(289792K) Eden: 283136K(283136K)->0K(280576K) From: 7168K(7168K)->9216K(9216K)
[515.829s][info][gc,heap        ] GC(1407) ParOldGen: 631715K(631808K)->652531K(652800K)
[515.829s][info][gc,metaspace   ] GC(1407) Metaspace: 35465K(36160K)->35465K(36160K) NonClass: 29193K(29696K)->29193K(29696K) Class: 6272K(6464K)->6272K(6464K)
[515.829s][info][gc             ] GC(1407) Pause Young (Allocation Failure) 900M->646M(920M) 69.125ms
[515.829s][info][gc,cpu         ] GC(1407) User=0.11s Sys=0.02s Real=0.07s
[516.175s][info][gc,start       ] GC(1408) Pause Young (Allocation Failure)
[516.240s][info][gc,heap        ] GC(1408) PSYoungGen: 289792K(289792K)->18944K(299520K) Eden: 280576K(280576K)->0K(280576K) From: 9216K(9216K)->18944K(18944K)
[516.240s][info][gc,heap        ] GC(1408) ParOldGen: 652531K(652800K)->664043K(664064K)
[516.240s][info][gc,metaspace   ] GC(1408) Metaspace: 35465K(36160K)->35465K(36160K) NonClass: 29193K(29696K)->29193K(29696K) Class: 6272K(6464K)->6272K(6464K)
[516.240s][info][gc             ] GC(1408) Pause Young (Allocation Failure) 920M->666M(941M) 65.190ms
[516.240s][info][gc,cpu         ] GC(1408) User=0.12s Sys=0.01s Real=0.06s
[516.339s][info][gc,start       ] GC(1409) Pause Full (Allocation Failure)
[516.340s][info][gc,phases,start] GC(1409) Marking Phase
[516.386s][info][gc,phases      ] GC(1409) Marking Phase 46.636ms
[516.386s][info][gc,phases,start] GC(1409) Summary Phase
[516.386s][info][gc,phases      ] GC(1409) Summary Phase 0.045ms
[516.386s][info][gc,phases,start] GC(1409) Forward
[516.389s][info][gc,phases      ] GC(1409) Forward 2.761ms
[516.389s][info][gc,phases,start] GC(1409) Adjust Pointers
[516.412s][info][gc,phases      ] GC(1409) Adjust Pointers 22.591ms
[516.412s][info][gc,phases,start] GC(1409) Compaction Phase
[516.421s][info][gc,phases      ] GC(1409) Compaction Phase 9.686ms
[516.422s][info][gc,phases,start] GC(1409) Post Compact
[516.424s][info][metaspace      ] ChkMgr @0x00007f1f7803aa80 (non-class-space): : reclaiming memory...
[516.424s][info][metaspace      ] ChkMgr @0x00007f1f7803aa80 (non-class-space): nothing reclaimed.
[516.424s][info][metaspace      ] ChkMgr @0x00007f1f7803a890 (class-space): : reclaiming memory...
[516.424s][info][metaspace      ] ChkMgr @0x00007f1f7803a890 (class-space): nothing reclaimed.
[516.425s][info][gc,phases      ] GC(1409) Post Compact 3.023ms
[516.470s][info][gc,heap        ] GC(1409) PSYoungGen: 299520K(299520K)->0K(306688K) Eden: 280576K(280576K)->0K(279552K) From: 18944K(18944K)->0K(27136K)
[516.470s][info][gc,heap        ] GC(1409) ParOldGen: 664043K(664064K)->58802K(175104K)
[516.470s][info][gc,metaspace   ] GC(1409) Metaspace: 35469K(36160K)->35427K(36160K) NonClass: 29197K(29696K)->29155K(29696K) Class: 6272K(6464K)->6271K(6464K)
[516.470s][info][gc             ] GC(1409) Pause Full (Allocation Failure) 940M->57M(470M) 130.303ms
[516.470s][info][gc,cpu         ] GC(1409) User=0.12s Sys=0.05s Real=0.13s
[517.123s][info][gc,start       ] GC(1410) Pause Young (Allocation Failure)
[517.124s][info][gc,heap        ] GC(1410) PSYoungGen: 279552K(306688K)->64K(280064K) Eden: 279552K(279552K)->0K(279552K) From: 0K(27136K)->64K(512K)
[517.124s][info][gc,heap        ] GC(1410) ParOldGen: 58802K(175104K)->58802K(175104K)
[517.124s][info][gc,metaspace   ] GC(1410) Metaspace: 35427K(36160K)->35427K(36160K) NonClass: 29155K(29696K)->29155K(29696K) Class: 6271K(6464K)->6271K(6464K)
[517.124s][info][gc             ] GC(1410) Pause Young (Allocation Failure) 330M->57M(444M) 1.309ms
[517.124s][info][gc,cpu         ] GC(1410) User=0.01s Sys=0.00s Real=0.01s
[517.641s][info][gc,start       ] GC(1411) Pause Young (Allocation Failure)
[517.642s][info][gc,heap        ] GC(1411) PSYoungGen: 279616K(280064K)->64K(307200K) Eden: 279552K(279552K)->0K(280576K) From: 64K(512K)->64K(26624K)
[517.642s][info][gc,heap        ] GC(1411) ParOldGen: 58802K(175104K)->58810K(175104K)
[517.642s][info][gc,metaspace   ] GC(1411) Metaspace: 35427K(36160K)->35427K(36160K) NonClass: 29155K(29696K)->29155K(29696K) Class: 6271K(6464K)->6271K(6464K)
[517.642s][info][gc             ] GC(1411) Pause Young (Allocation Failure) 330M->57M(471M) 0.713ms
[517.642s][info][gc,cpu         ] GC(1411) User=0.00s Sys=0.00s Real=0.00s
[518.094s][info][gc,start       ] GC(1412) Pause Young (Allocation Failure)
[518.095s][info][gc,heap        ] GC(1412) PSYoungGen: 280640K(307200K)->64K(306176K) Eden: 280576K(280576K)->0K(280576K) From: 64K(26624K)->64K(25600K)
[518.095s][info][gc,heap        ] GC(1412) ParOldGen: 58810K(175104K)->58826K(175104K)
[518.095s][info][gc,metaspace   ] GC(1412) Metaspace: 35427K(36160K)->35427K(36160K) NonClass: 29155K(29696K)->29155K(29696K) Class: 6271K(6464K)->6271K(6464K)
[518.095s][info][gc             ] GC(1412) Pause Young (Allocation Failure) 331M->57M(470M) 0.791ms
[518.095s][info][gc,cpu         ] GC(1412) User=0.00s Sys=0.00s Real=0.01s
[518.308s][info][gc,start       ] GC(1413) Pause Young (Allocation Failure)
[518.309s][info][gc,heap        ] GC(1413) PSYoungGen: 280640K(306176K)->64K(307200K) Eden: 280576K(280576K)->0K(282624K) From: 64K(25600K)->64K(24576K)
[518.309s][info][gc,heap        ] GC(1413) ParOldGen: 58826K(175104K)->58842K(175104K)
[518.309s][info][gc,metaspace   ] GC(1413) Metaspace: 35427K(36160K)->35427K(36160K) NonClass: 29155K(29696K)->29155K(29696K) Class: 6271K(6464K)->6271K(6464K)
[518.309s][info][gc             ] GC(1413) Pause Young (Allocation Failure) 331M->57M(471M) 0.753ms
[518.309s][info][gc,cpu         ] GC(1413) User=0.00s Sys=0.00s Real=0.00s
[518.524s][info][gc,start       ] GC(1414) Pause Young (Allocation Failure)
[518.524s][info][gc,heap        ] GC(1414) PSYoungGen: 282688K(307200K)->64K(306176K) Eden: 282624K(282624K)->0K(282624K) From: 64K(24576K)->64K(23552K)
[518.524s][info][gc,heap        ] GC(1414) ParOldGen: 58842K(175104K)->58842K(175104K)
[518.524s][info][gc,metaspace   ] GC(1414) Metaspace: 35427K(36160K)->35427K(36160K) NonClass: 29155K(29696K)->29155K(29696K) Class: 6271K(6464K)->6271K(6464K)
[518.524s][info][gc             ] GC(1414) Pause Young (Allocation Failure) 333M->57M(470M) 0.713ms
[518.524s][info][gc,cpu         ] GC(1414) User=0.00s Sys=0.00s Real=0.01s
[518.900s][info][gc,start       ] GC(1415) Pause Young (Allocation Failure)
[518.901s][info][gc,heap        ] GC(1415) PSYoungGen: 282688K(306176K)->64K(309248K) Eden: 282624K(282624K)->0K(286720K) From: 64K(23552K)->64K(22528K)
[518.901s][info][gc,heap        ] GC(1415) ParOldGen: 58842K(175104K)->58842K(175104K)
[518.901s][info][gc,metaspace   ] GC(1415) Metaspace: 35427K(36160K)->35427K(36160K) NonClass: 29155K(29696K)->29155K(29696K) Class: 6271K(6464K)->6271K(6464K)
[518.901s][info][gc             ] GC(1415) Pause Young (Allocation Failure) 333M->57M(473M) 0.743ms
[518.901s][info][gc,cpu         ] GC(1415) User=0.00s Sys=0.00s Real=0.00s
[518.981s][info][gc,start       ] GC(1416) Pause Young (Allocation Failure)
[518.981s][info][gc,heap        ] GC(1416) PSYoungGen: 286784K(309248K)->64K(308224K) Eden: 286720K(286720K)->0K(286720K) From: 64K(22528K)->64K(21504K)
[518.981s][info][gc,heap        ] GC(1416) ParOldGen: 58842K(175104K)->58850K(175104K)
[518.981s][info][gc,metaspace   ] GC(1416) Metaspace: 35427K(36160K)->35427K(36160K) NonClass: 29155K(29696K)->29155K(29696K) Class: 6271K(6464K)->6271K(6464K)
[518.982s][info][gc             ] GC(1416) Pause Young (Allocation Failure) 337M->57M(472M) 0.824ms
[518.982s][info][gc,cpu         ] GC(1416) User=0.00s Sys=0.00s Real=0.00s
[519.038s][info][gc,start       ] GC(1417) Pause Young (Allocation Failure)
[519.038s][info][gc,heap        ] GC(1417) PSYoungGen: 286784K(308224K)->64K(310784K) Eden: 286720K(286720K)->0K(290816K) From: 64K(21504K)->64K(19968K)
[519.038s][info][gc,heap        ] GC(1417) ParOldGen: 58850K(175104K)->58866K(175104K)
[519.038s][info][gc,metaspace   ] GC(1417) Metaspace: 35427K(36160K)->35427K(36160K) NonClass: 29155K(29696K)->29155K(29696K) Class: 6271K(6464K)->6271K(6464K)
[519.038s][info][gc             ] GC(1417) Pause Young (Allocation Failure) 337M->57M(474M) 0.831ms
[519.038s][info][gc,cpu         ] GC(1417) User=0.00s Sys=0.00s Real=0.00s
[519.233s][info][gc,start       ] GC(1418) Pause Young (Allocation Failure)
[519.234s][info][gc,heap        ] GC(1418) PSYoungGen: 290880K(310784K)->64K(309760K) Eden: 290816K(290816K)->0K(290816K) From: 64K(19968K)->64K(18944K)
[519.234s][info][gc,heap        ] GC(1418) ParOldGen: 58866K(175104K)->58866K(175104K)
[519.234s][info][gc,metaspace   ] GC(1418) Metaspace: 35427K(36160K)->35427K(36160K) NonClass: 29155K(29696K)->29155K(29696K) Class: 6271K(6464K)->6271K(6464K)
[519.234s][info][gc             ] GC(1418) Pause Young (Allocation Failure) 341M->57M(473M) 0.727ms
[519.234s][info][gc,cpu         ] GC(1418) User=0.00s Sys=0.00s Real=0.00s
[519.508s][info][gc,start       ] GC(1419) Pause Young (Allocation Failure)
[519.508s][info][gc,heap        ] GC(1419) PSYoungGen: 290880K(309760K)->64K(279552K) Eden: 290816K(290816K)->0K(279040K) From: 64K(18944K)->64K(512K)
[519.508s][info][gc,heap        ] GC(1419) ParOldGen: 58866K(175104K)->58874K(175104K)
[519.508s][info][gc,metaspace   ] GC(1419) Metaspace: 35427K(36160K)->35427K(36160K) NonClass: 29155K(29696K)->29155K(29696K) Class: 6271K(6464K)->6271K(6464K)
[519.508s][info][gc             ] GC(1419) Pause Young (Allocation Failure) 341M->57M(444M) 0.724ms
[519.508s][info][gc,cpu         ] GC(1419) User=0.00s Sys=0.00s Real=0.00s
[519.667s][info][gc,start       ] GC(1420) Pause Young (Allocation Failure)
[519.668s][info][gc,heap        ] GC(1420) PSYoungGen: 279104K(279552K)->64K(285184K) Eden: 279040K(279040K)->0K(268288K) From: 64K(512K)->64K(16896K)
[519.668s][info][gc,heap        ] GC(1420) ParOldGen: 58874K(175104K)->58882K(175104K)
[519.668s][info][gc,metaspace   ] GC(1420) Metaspace: 35427K(36160K)->35427K(36160K) NonClass: 29155K(29696K)->29155K(29696K) Class: 6271K(6464K)->6271K(6464K)
[519.668s][info][gc             ] GC(1420) Pause Young (Allocation Failure) 330M->57M(449M) 0.750ms
[519.668s][info][gc,cpu         ] GC(1420) User=0.00s Sys=0.00s Real=0.00s
[519.749s][info][gc,start       ] GC(1421) Pause Young (Allocation Failure)
[519.750s][info][gc,heap        ] GC(1421) PSYoungGen: 268352K(285184K)->64K(258560K) Eden: 268288K(268288K)->0K(258048K) From: 64K(16896K)->64K(512K)
[519.750s][info][gc,heap        ] GC(1421) ParOldGen: 58882K(175104K)->58898K(175104K)
[519.750s][info][gc,metaspace   ] GC(1421) Metaspace: 35427K(36160K)->35427K(36160K) NonClass: 29155K(29696K)->29155K(29696K) Class: 6271K(6464K)->6271K(6464K)
[519.750s][info][gc             ] GC(1421) Pause Young (Allocation Failure) 319M->57M(423M) 1.611ms
[519.750s][info][gc,cpu         ] GC(1421) User=0.00s Sys=0.00s Real=0.00s
[519.908s][info][gc,start       ] GC(1422) Pause Young (Allocation Failure)
[519.908s][info][gc,heap        ] GC(1422) PSYoungGen: 258112K(258560K)->64K(263168K) Eden: 258048K(258048K)->0K(248320K) From: 64K(512K)->64K(14848K)
[519.908s][info][gc,heap        ] GC(1422) ParOldGen: 58898K(175104K)->58898K(175104K)
[519.908s][info][gc,metaspace   ] GC(1422) Metaspace: 35427K(36160K)->35427K(36160K) NonClass: 29155K(29696K)->29155K(29696K) Class: 6271K(6464K)->6271K(6464K)
[519.908s][info][gc             ] GC(1422) Pause Young (Allocation Failure) 309M->57M(428M) 0.693ms
[519.908s][info][gc,cpu         ] GC(1422) User=0.00s Sys=0.00s Real=0.00s
[520.299s][info][gc,start       ] GC(1423) Pause Young (Allocation Failure)
[520.301s][info][gc,heap        ] GC(1423) PSYoungGen: 248384K(263168K)->64K(239104K) Eden: 248320K(248320K)->0K(238592K) From: 64K(14848K)->64K(512K)
[520.301s][info][gc,heap        ] GC(1423) ParOldGen: 58898K(175104K)->58906K(175104K)
[520.301s][info][gc,metaspace   ] GC(1423) Metaspace: 35427K(36160K)->35427K(36160K) NonClass: 29155K(29696K)->29155K(29696K) Class: 6271K(6464K)->6271K(6464K)
[520.302s][info][gc             ] GC(1423) Pause Young (Allocation Failure) 300M->57M(404M) 2.107ms
[520.302s][info][gc,cpu         ] GC(1423) User=0.00s Sys=0.01s Real=0.00s
[521.129s][info][gc,start       ] GC(1424) Pause Young (Allocation Failure)
[521.130s][info][gc,heap        ] GC(1424) PSYoungGen: 238656K(239104K)->83K(242688K) Eden: 238592K(238592K)->0K(229376K) From: 64K(512K)->83K(13312K)
[521.130s][info][gc,heap        ] GC(1424) ParOldGen: 58906K(175104K)->58914K(175104K)
[521.130s][info][gc,metaspace   ] GC(1424) Metaspace: 35427K(36160K)->35427K(36160K) NonClass: 29155K(29696K)->29155K(29696K) Class: 6271K(6464K)->6271K(6464K)
[521.130s][info][gc             ] GC(1424) Pause Young (Allocation Failure) 290M->57M(408M) 0.748ms
[521.130s][info][gc,cpu         ] GC(1424) User=0.00s Sys=0.00s Real=0.00s
[522.111s][info][gc,start       ] GC(1425) Pause Young (Allocation Failure)
[522.114s][info][gc,heap        ] GC(1425) PSYoungGen: 229459K(242688K)->64K(221184K) Eden: 229376K(229376K)->0K(220672K) From: 83K(13312K)->64K(512K)
[522.114s][info][gc,heap        ] GC(1425) ParOldGen: 58914K(175104K)->58922K(175104K)
[522.114s][info][gc,metaspace   ] GC(1425) Metaspace: 35427K(36160K)->35427K(36160K) NonClass: 29155K(29696K)->29155K(29696K) Class: 6271K(6464K)->6271K(6464K)
[522.114s][info][gc             ] GC(1425) Pause Young (Allocation Failure) 281M->57M(387M) 2.394ms
[522.114s][info][gc,cpu         ] GC(1425) User=0.01s Sys=0.00s Real=0.00s
[522.302s][info][gc,start       ] GC(1426) Pause Young (Allocation Failure)
[522.303s][info][gc,heap        ] GC(1426) PSYoungGen: 220736K(221184K)->64K(223744K) Eden: 220672K(220672K)->0K(212480K) From: 64K(512K)->64K(11264K)
[522.303s][info][gc,heap        ] GC(1426) ParOldGen: 58922K(175104K)->58930K(175104K)
[522.303s][info][gc,metaspace   ] GC(1426) Metaspace: 35427K(36160K)->35427K(36160K) NonClass: 29155K(29696K)->29155K(29696K) Class: 6271K(6464K)->6271K(6464K)
[522.303s][info][gc             ] GC(1426) Pause Young (Allocation Failure) 273M->57M(389M) 0.906ms
[522.303s][info][gc,cpu         ] GC(1426) User=0.00s Sys=0.00s Real=0.00s
[522.777s][info][gc,start       ] GC(1427) Pause Young (Allocation Failure)
[522.779s][info][gc,heap        ] GC(1427) PSYoungGen: 212544K(223744K)->64K(205312K) Eden: 212480K(212480K)->0K(204800K) From: 64K(11264K)->64K(512K)
[522.779s][info][gc,heap        ] GC(1427) ParOldGen: 58930K(175104K)->58946K(175104K)
[522.779s][info][gc,metaspace   ] GC(1427) Metaspace: 35427K(36160K)->35427K(36160K) NonClass: 29155K(29696K)->29155K(29696K) Class: 6271K(6464K)->6271K(6464K)
[522.779s][info][gc             ] GC(1427) Pause Young (Allocation Failure) 265M->57M(371M) 2.374ms
[522.779s][info][gc,cpu         ] GC(1427) User=0.00s Sys=0.00s Real=0.00s
[523.355s][info][gc,start       ] GC(1428) Pause Young (Allocation Failure)
[523.356s][info][gc,heap        ] GC(1428) PSYoungGen: 204864K(205312K)->32K(206848K) Eden: 204800K(204800K)->0K(197120K) From: 64K(512K)->32K(9728K)
[523.356s][info][gc,heap        ] GC(1428) ParOldGen: 58946K(175104K)->58954K(175104K)
[523.356s][info][gc,metaspace   ] GC(1428) Metaspace: 35427K(36160K)->35427K(36160K) NonClass: 29155K(29696K)->29155K(29696K) Class: 6271K(6464K)->6271K(6464K)
[523.356s][info][gc             ] GC(1428) Pause Young (Allocation Failure) 257M->57M(373M) 1.212ms
[523.356s][info][gc,cpu         ] GC(1428) User=0.00s Sys=0.00s Real=0.00s
[524.025s][info][gc,start       ] GC(1429) Pause Young (Allocation Failure)
[524.027s][info][gc,heap        ] GC(1429) PSYoungGen: 197152K(206848K)->64K(190464K) Eden: 197120K(197120K)->0K(189952K) From: 32K(9728K)->64K(512K)
[524.027s][info][gc,heap        ] GC(1429) ParOldGen: 58954K(175104K)->58970K(175104K)
[524.027s][info][gc,metaspace   ] GC(1429) Metaspace: 35427K(36160K)->35427K(36160K) NonClass: 29155K(29696K)->29155K(29696K) Class: 6271K(6464K)->6271K(6464K)
[524.027s][info][gc             ] GC(1429) Pause Young (Allocation Failure) 250M->57M(357M) 2.122ms
[524.027s][info][gc,cpu         ] GC(1429) User=0.00s Sys=0.00s Real=0.00s
[524.379s][info][gc,start       ] GC(1430) Pause Young (Allocation Failure)
[524.381s][info][gc,heap        ] GC(1430) PSYoungGen: 190016K(190464K)->64K(192000K) Eden: 189952K(189952K)->0K(183296K) From: 64K(512K)->64K(8704K)
[524.381s][info][gc,heap        ] GC(1430) ParOldGen: 58970K(175104K)->58986K(175104K)
[524.381s][info][gc,metaspace   ] GC(1430) Metaspace: 35427K(36160K)->35427K(36160K) NonClass: 29155K(29696K)->29155K(29696K) Class: 6271K(6464K)->6271K(6464K)
[524.381s][info][gc             ] GC(1430) Pause Young (Allocation Failure) 243M->57M(358M) 1.155ms
[524.381s][info][gc,cpu         ] GC(1430) User=0.00s Sys=0.00s Real=0.00s
[524.561s][info][gc,start       ] GC(1431) Pause Young (Allocation Failure)
[524.563s][info][gc,heap        ] GC(1431) PSYoungGen: 183360K(192000K)->64K(177152K) Eden: 183296K(183296K)->0K(176640K) From: 64K(8704K)->64K(512K)
[524.563s][info][gc,heap        ] GC(1431) ParOldGen: 58986K(175104K)->59002K(175104K)
[524.563s][info][gc,metaspace   ] GC(1431) Metaspace: 35427K(36160K)->35427K(36160K) NonClass: 29155K(29696K)->29155K(29696K) Class: 6271K(6464K)->6271K(6464K)
[524.563s][info][gc             ] GC(1431) Pause Young (Allocation Failure) 236M->57M(344M) 1.980ms
[524.563s][info][gc,cpu         ] GC(1431) User=0.00s Sys=0.00s Real=0.00s
[524.610s][info][gc,start       ] GC(1432) Pause Young (Allocation Failure)
[524.611s][info][gc,heap        ] GC(1432) PSYoungGen: 176704K(177152K)->32K(178176K) Eden: 176640K(176640K)->0K(170496K) From: 64K(512K)->32K(7680K)
[524.611s][info][gc,heap        ] GC(1432) ParOldGen: 59002K(175104K)->59018K(175104K)
[524.611s][info][gc,metaspace   ] GC(1432) Metaspace: 35427K(36160K)->35427K(36160K) NonClass: 29155K(29696K)->29155K(29696K) Class: 6271K(6464K)->6271K(6464K)
[524.611s][info][gc             ] GC(1432) Pause Young (Allocation Failure) 230M->57M(345M) 1.064ms
[524.611s][info][gc,cpu         ] GC(1432) User=0.00s Sys=0.00s Real=0.00s
[524.774s][info][gc,start       ] GC(1433) Pause Young (Allocation Failure)
[524.776s][info][gc,heap        ] GC(1433) PSYoungGen: 170528K(178176K)->64K(165376K) Eden: 170496K(170496K)->0K(164864K) From: 32K(7680K)->64K(512K)
[524.776s][info][gc,heap        ] GC(1433) ParOldGen: 59018K(175104K)->59018K(175104K)
[524.776s][info][gc,metaspace   ] GC(1433) Metaspace: 35427K(36160K)->35427K(36160K) NonClass: 29155K(29696K)->29155K(29696K) Class: 6271K(6464K)->6271K(6464K)
[524.776s][info][gc             ] GC(1433) Pause Young (Allocation Failure) 224M->57M(332M) 1.916ms
[524.776s][info][gc,cpu         ] GC(1433) User=0.00s Sys=0.00s Real=0.01s
[525.279s][info][gc,start       ] GC(1434) Pause Young (Allocation Failure)
[525.280s][info][gc,heap        ] GC(1434) PSYoungGen: 164928K(165376K)->64K(165888K) Eden: 164864K(164864K)->0K(159232K) From: 64K(512K)->64K(6656K)
[525.280s][info][gc,heap        ] GC(1434) ParOldGen: 59018K(175104K)->59034K(175104K)
[525.280s][info][gc,metaspace   ] GC(1434) Metaspace: 35427K(36160K)->35427K(36160K) NonClass: 29155K(29696K)->29155K(29696K) Class: 6271K(6464K)->6271K(6464K)
[525.280s][info][gc             ] GC(1434) Pause Young (Allocation Failure) 218M->57M(333M) 1.163ms
[525.280s][info][gc,cpu         ] GC(1434) User=0.00s Sys=0.00s Real=0.00s
[525.445s][info][gc,start       ] GC(1435) Pause Young (Allocation Failure)
[525.447s][info][gc,heap        ] GC(1435) PSYoungGen: 159296K(165888K)->64K(154624K) Eden: 159232K(159232K)->0K(154112K) From: 64K(6656K)->64K(512K)
[525.447s][info][gc,heap        ] GC(1435) ParOldGen: 59034K(175104K)->59034K(175104K)
[525.447s][info][gc,metaspace   ] GC(1435) Metaspace: 35427K(36160K)->35427K(36160K) NonClass: 29155K(29696K)->29155K(29696K) Class: 6271K(6464K)->6271K(6464K)
[525.447s][info][gc             ] GC(1435) Pause Young (Allocation Failure) 213M->57M(322M) 1.705ms
[525.447s][info][gc,cpu         ] GC(1435) User=0.00s Sys=0.00s Real=0.00s
[525.666s][info][gc,start       ] GC(1436) Pause Young (Allocation Failure)
[525.667s][info][gc,heap        ] GC(1436) PSYoungGen: 154176K(154624K)->64K(154624K) Eden: 154112K(154112K)->0K(148992K) From: 64K(512K)->64K(5632K)
[525.667s][info][gc,heap        ] GC(1436) ParOldGen: 59034K(175104K)->59050K(175104K)
[525.667s][info][gc,metaspace   ] GC(1436) Metaspace: 35427K(36160K)->35427K(36160K) NonClass: 29155K(29696K)->29155K(29696K) Class: 6271K(6464K)->6271K(6464K)
[525.667s][info][gc             ] GC(1436) Pause Young (Allocation Failure) 208M->57M(322M) 1.205ms
[525.667s][info][gc,cpu         ] GC(1436) User=0.01s Sys=0.00s Real=0.00s
[525.896s][info][gc,start       ] GC(1437) Pause Young (Allocation Failure)
[525.931s][info][gc,heap        ] GC(1437) PSYoungGen: 149056K(154624K)->5120K(183808K) Eden: 148992K(148992K)->0K(178688K) From: 64K(5632K)->5120K(5120K)
[525.931s][info][gc,heap        ] GC(1437) ParOldGen: 59050K(175104K)->64858K(175104K)
[525.931s][info][gc,metaspace   ] GC(1437) Metaspace: 35427K(36160K)->35427K(36160K) NonClass: 29155K(29696K)->29155K(29696K) Class: 6271K(6464K)->6271K(6464K)
[525.931s][info][gc             ] GC(1437) Pause Young (Allocation Failure) 203M->68M(350M) 34.924ms
[525.931s][info][gc,cpu         ] GC(1437) User=0.04s Sys=0.00s Real=0.03s
[526.152s][info][gc,start       ] GC(1438) Pause Young (Allocation Failure)
[526.187s][info][gc,heap        ] GC(1438) PSYoungGen: 183808K(183808K)->8704K(223232K) Eden: 178688K(178688K)->0K(214528K) From: 5120K(5120K)->8704K(8704K)
[526.187s][info][gc,heap        ] GC(1438) ParOldGen: 64858K(175104K)->75282K(175104K)
[526.187s][info][gc,metaspace   ] GC(1438) Metaspace: 35427K(36160K)->35427K(36160K) NonClass: 29155K(29696K)->29155K(29696K) Class: 6271K(6464K)->6271K(6464K)
[526.187s][info][gc             ] GC(1438) Pause Young (Allocation Failure) 242M->82M(389M) 35.058ms
[526.187s][info][gc,cpu         ] GC(1438) User=0.07s Sys=0.00s Real=0.04s
[526.450s][info][gc,start       ] GC(1439) Pause Young (Allocation Failure)
[526.497s][info][gc,heap        ] GC(1439) PSYoungGen: 223232K(223232K)->14336K(222720K) Eden: 214528K(214528K)->0K(208384K) From: 8704K(8704K)->14336K(14336K)
[526.497s][info][gc,heap        ] GC(1439) ParOldGen: 75282K(175104K)->84026K(175104K)
[526.497s][info][gc,metaspace   ] GC(1439) Metaspace: 35427K(36160K)->35427K(36160K) NonClass: 29155K(29696K)->29155K(29696K) Class: 6271K(6464K)->6271K(6464K)
[526.497s][info][gc             ] GC(1439) Pause Young (Allocation Failure) 291M->96M(388M) 46.507ms
[526.497s][info][gc,cpu         ] GC(1439) User=0.09s Sys=0.01s Real=0.05s
[526.703s][info][gc,start       ] GC(1440) Pause Young (Allocation Failure)
[526.733s][info][gc,heap        ] GC(1440) PSYoungGen: 222720K(222720K)->16416K(228864K) Eden: 208384K(208384K)->0K(208384K) From: 14336K(14336K)->16416K(20480K)
[526.733s][info][gc,heap        ] GC(1440) ParOldGen: 84026K(175104K)->84346K(175104K)
[526.733s][info][gc,metaspace   ] GC(1440) Metaspace: 35427K(36160K)->35427K(36160K) NonClass: 29155K(29696K)->29155K(29696K) Class: 6271K(6464K)->6271K(6464K)
[526.733s][info][gc             ] GC(1440) Pause Young (Allocation Failure) 299M->98M(394M) 30.115ms
[526.733s][info][gc,cpu         ] GC(1440) User=0.05s Sys=0.00s Real=0.03s
[526.800s][info][gc,start       ] GC(1441) Pause Young (Allocation Failure)
[526.801s][info][gc,heap        ] GC(1441) PSYoungGen: 224800K(228864K)->64K(272384K) Eden: 208384K(208384K)->0K(250368K) From: 16416K(20480K)->64K(22016K)
[526.801s][info][gc,heap        ] GC(1441) ParOldGen: 84346K(175104K)->84362K(175104K)
[526.801s][info][gc,metaspace   ] GC(1441) Metaspace: 35427K(36160K)->35427K(36160K) NonClass: 29155K(29696K)->29155K(29696K) Class: 6271K(6464K)->6271K(6464K)
[526.801s][info][gc             ] GC(1441) Pause Young (Allocation Failure) 301M->82M(437M) 1.314ms
[526.801s][info][gc,cpu         ] GC(1441) User=0.00s Sys=0.00s Real=0.00s
[527.353s][info][gc,start       ] GC(1442) Pause Young (Allocation Failure)
[527.354s][info][gc,heap        ] GC(1442) PSYoungGen: 250432K(272384K)->64K(272896K) Eden: 250368K(250368K)->0K(250368K) From: 64K(22016K)->64K(22528K)
[527.354s][info][gc,heap        ] GC(1442) ParOldGen: 84362K(175104K)->84378K(175104K)
[527.354s][info][gc,metaspace   ] GC(1442) Metaspace: 35427K(36160K)->35427K(36160K) NonClass: 29155K(29696K)->29155K(29696K) Class: 6271K(6464K)->6271K(6464K)
[527.355s][info][gc             ] GC(1442) Pause Young (Allocation Failure) 326M->82M(437M) 1.467ms
[527.355s][info][gc,cpu         ] GC(1442) User=0.00s Sys=0.00s Real=0.01s
[527.921s][info][gc,start       ] GC(1443) Pause Young (Allocation Failure)
[527.922s][info][gc,heap        ] GC(1443) PSYoungGen: 250432K(272896K)->64K(309248K) Eden: 250368K(250368K)->0K(289280K) From: 64K(22528K)->64K(19968K)
[527.922s][info][gc,heap        ] GC(1443) ParOldGen: 84378K(175104K)->84394K(175104K)
[527.922s][info][gc,metaspace   ] GC(1443) Metaspace: 35427K(36160K)->35427K(36160K) NonClass: 29155K(29696K)->29155K(29696K) Class: 6271K(6464K)->6271K(6464K)
[527.922s][info][gc             ] GC(1443) Pause Young (Allocation Failure) 326M->82M(473M) 1.370ms
[527.922s][info][gc,cpu         ] GC(1443) User=0.00s Sys=0.00s Real=0.00s
[528.431s][info][gc,start       ] GC(1444) Pause Young (Allocation Failure)
[528.432s][info][gc,heap        ] GC(1444) PSYoungGen: 289344K(309248K)->64K(310272K) Eden: 289280K(289280K)->0K(289280K) From: 64K(19968K)->64K(20992K)
[528.432s][info][gc,heap        ] GC(1444) ParOldGen: 84394K(175104K)->84410K(175104K)
[528.432s][info][gc,metaspace   ] GC(1444) Metaspace: 35427K(36160K)->35427K(36160K) NonClass: 29155K(29696K)->29155K(29696K) Class: 6271K(6464K)->6271K(6464K)
[528.432s][info][gc             ] GC(1444) Pause Young (Allocation Failure) 364M->82M(474M) 1.359ms
[528.432s][info][gc,cpu         ] GC(1444) User=0.00s Sys=0.00s Real=0.00s
[528.651s][info][gc,start       ] GC(1445) Pause Young (Allocation Failure)
[528.653s][info][gc,heap        ] GC(1445) PSYoungGen: 289344K(310272K)->32K(310272K) Eden: 289280K(289280K)->0K(292352K) From: 64K(20992K)->32K(17920K)
[528.653s][info][gc,heap        ] GC(1445) ParOldGen: 84410K(175104K)->84426K(175104K)
[528.653s][info][gc,metaspace   ] GC(1445) Metaspace: 35427K(36160K)->35427K(36160K) NonClass: 29155K(29696K)->29155K(29696K) Class: 6271K(6464K)->6271K(6464K)
[528.653s][info][gc             ] GC(1445) Pause Young (Allocation Failure) 364M->82M(474M) 1.344ms
[528.653s][info][gc,cpu         ] GC(1445) User=0.00s Sys=0.00s Real=0.00s
[528.875s][info][gc,start       ] GC(1446) Pause Young (Allocation Failure)
[528.877s][info][gc,heap        ] GC(1446) PSYoungGen: 292384K(310272K)->64K(311808K) Eden: 292352K(292352K)->0K(292352K) From: 32K(17920K)->64K(19456K)
[528.877s][info][gc,heap        ] GC(1446) ParOldGen: 84426K(175104K)->84426K(175104K)
[528.877s][info][gc,metaspace   ] GC(1446) Metaspace: 35427K(36160K)->35427K(36160K) NonClass: 29155K(29696K)->29155K(29696K) Class: 6271K(6464K)->6271K(6464K)
[528.877s][info][gc             ] GC(1446) Pause Young (Allocation Failure) 367M->82M(475M) 1.336ms
[528.877s][info][gc,cpu         ] GC(1446) User=0.00s Sys=0.00s Real=0.00s
[529.247s][info][gc,start       ] GC(1447) Pause Young (Allocation Failure)
[529.248s][info][gc,heap        ] GC(1447) PSYoungGen: 292416K(311808K)->64K(311808K) Eden: 292352K(292352K)->0K(295936K) From: 64K(19456K)->64K(15872K)
[529.248s][info][gc,heap        ] GC(1447) ParOldGen: 84426K(175104K)->84426K(175104K)
[529.248s][info][gc,metaspace   ] GC(1447) Metaspace: 35427K(36160K)->35427K(36160K) NonClass: 29155K(29696K)->29155K(29696K) Class: 6271K(6464K)->6271K(6464K)
[529.248s][info][gc             ] GC(1447) Pause Young (Allocation Failure) 368M->82M(475M) 1.347ms
[529.248s][info][gc,cpu         ] GC(1447) User=0.01s Sys=0.00s Real=0.00s
[529.360s][info][gc,start       ] GC(1448) Pause Young (Allocation Failure)
[529.362s][info][gc,heap        ] GC(1448) PSYoungGen: 296000K(311808K)->64K(313344K) Eden: 295936K(295936K)->0K(295936K) From: 64K(15872K)->64K(17408K)
[529.362s][info][gc,heap        ] GC(1448) ParOldGen: 84426K(175104K)->84442K(175104K)
[529.362s][info][gc,metaspace   ] GC(1448) Metaspace: 35427K(36160K)->35427K(36160K) NonClass: 29155K(29696K)->29155K(29696K) Class: 6271K(6464K)->6271K(6464K)
[529.362s][info][gc             ] GC(1448) Pause Young (Allocation Failure) 371M->82M(477M) 1.347ms
[529.362s][info][gc,cpu         ] GC(1448) User=0.01s Sys=0.00s Real=0.00s
[529.420s][info][gc,start       ] GC(1449) Pause Young (Allocation Failure)
[529.421s][info][gc,heap        ] GC(1449) PSYoungGen: 296000K(313344K)->32K(313856K) Eden: 295936K(295936K)->0K(299520K) From: 64K(17408K)->32K(14336K)
[529.421s][info][gc,heap        ] GC(1449) ParOldGen: 84442K(175104K)->84458K(175104K)
[529.421s][info][gc,metaspace   ] GC(1449) Metaspace: 35427K(36160K)->35427K(36160K) NonClass: 29155K(29696K)->29155K(29696K) Class: 6271K(6464K)->6271K(6464K)
[529.421s][info][gc             ] GC(1449) Pause Young (Allocation Failure) 371M->82M(477M) 1.271ms
[529.421s][info][gc,cpu         ] GC(1449) User=0.00s Sys=0.00s Real=0.00s
[529.616s][info][gc,start       ] GC(1450) Pause Young (Allocation Failure)
[529.617s][info][gc,heap        ] GC(1450) PSYoungGen: 299552K(313856K)->64K(315392K) Eden: 299520K(299520K)->0K(299520K) From: 32K(14336K)->64K(15872K)
[529.618s][info][gc,heap        ] GC(1450) ParOldGen: 84458K(175104K)->84458K(175104K)
[529.618s][info][gc,metaspace   ] GC(1450) Metaspace: 35427K(36160K)->35427K(36160K) NonClass: 29155K(29696K)->29155K(29696K) Class: 6271K(6464K)->6271K(6464K)
[529.618s][info][gc             ] GC(1450) Pause Young (Allocation Failure) 375M->82M(479M) 1.337ms
[529.618s][info][gc,cpu         ] GC(1450) User=0.00s Sys=0.00s Real=0.00s
[529.900s][info][gc,start       ] GC(1451) Pause Young (Allocation Failure)
[529.901s][info][gc,heap        ] GC(1451) PSYoungGen: 299584K(315392K)->64K(315392K) Eden: 299520K(299520K)->0K(303104K) From: 64K(15872K)->64K(12288K)
[529.901s][info][gc,heap        ] GC(1451) ParOldGen: 84458K(175104K)->84474K(175104K)
[529.901s][info][gc,metaspace   ] GC(1451) Metaspace: 35427K(36160K)->35427K(36160K) NonClass: 29155K(29696K)->29155K(29696K) Class: 6271K(6464K)->6271K(6464K)
[529.901s][info][gc             ] GC(1451) Pause Young (Allocation Failure) 375M->82M(479M) 1.407ms
[529.901s][info][gc,cpu         ] GC(1451) User=0.00s Sys=0.00s Real=0.00s
[530.069s][info][gc,start       ] GC(1452) Pause Young (Allocation Failure)
[530.070s][info][gc,heap        ] GC(1452) PSYoungGen: 303168K(315392K)->32K(316928K) Eden: 303104K(303104K)->0K(303104K) From: 64K(12288K)->32K(13824K)
[530.070s][info][gc,heap        ] GC(1452) ParOldGen: 84474K(175104K)->84482K(175104K)
[530.070s][info][gc,metaspace   ] GC(1452) Metaspace: 35427K(36160K)->35427K(36160K) NonClass: 29155K(29696K)->29155K(29696K) Class: 6271K(6464K)->6271K(6464K)
[530.070s][info][gc             ] GC(1452) Pause Young (Allocation Failure) 378M->82M(480M) 1.378ms
[530.070s][info][gc,cpu         ] GC(1452) User=0.01s Sys=0.00s Real=0.00s
[530.163s][info][gc,start       ] GC(1453) Pause Young (Allocation Failure)
[530.164s][info][gc,heap        ] GC(1453) PSYoungGen: 303136K(316928K)->64K(317440K) Eden: 303104K(303104K)->0K(306688K) From: 32K(13824K)->64K(10752K)
[530.164s][info][gc,heap        ] GC(1453) ParOldGen: 84482K(175104K)->84498K(175104K)
[530.164s][info][gc,metaspace   ] GC(1453) Metaspace: 35427K(36160K)->35427K(36160K) NonClass: 29155K(29696K)->29155K(29696K) Class: 6271K(6464K)->6271K(6464K)
[530.164s][info][gc             ] GC(1453) Pause Young (Allocation Failure) 378M->82M(481M) 1.331ms
[530.164s][info][gc,cpu         ] GC(1453) User=0.00s Sys=0.00s Real=0.00s
[530.384s][info][gc,start       ] GC(1454) Pause Young (Allocation Failure)
[530.385s][info][gc,heap        ] GC(1454) PSYoungGen: 306752K(317440K)->64K(294912K) Eden: 306688K(306688K)->0K(294400K) From: 64K(10752K)->64K(512K)
[530.385s][info][gc,heap        ] GC(1454) ParOldGen: 84498K(175104K)->84506K(175104K)
[530.385s][info][gc,metaspace   ] GC(1454) Metaspace: 35427K(36160K)->35427K(36160K) NonClass: 29155K(29696K)->29155K(29696K) Class: 6271K(6464K)->6271K(6464K)
[530.385s][info][gc             ] GC(1454) Pause Young (Allocation Failure) 382M->82M(459M) 1.442ms
[530.385s][info][gc,cpu         ] GC(1454) User=0.00s Sys=0.00s Real=0.01s
[531.496s][info][gc,start       ] GC(1455) Pause Young (Allocation Failure)
[531.498s][info][gc,heap        ] GC(1455) PSYoungGen: 294464K(294912K)->64K(283136K) Eden: 294400K(294400K)->0K(282624K) From: 64K(512K)->64K(512K)
[531.498s][info][gc,heap        ] GC(1455) ParOldGen: 84506K(175104K)->84514K(175104K)
[531.498s][info][gc,metaspace   ] GC(1455) Metaspace: 35427K(36160K)->35427K(36160K) NonClass: 29155K(29696K)->29155K(29696K) Class: 6271K(6464K)->6271K(6464K)
[531.498s][info][gc             ] GC(1455) Pause Young (Allocation Failure) 370M->82M(447M) 1.649ms
[531.498s][info][gc,cpu         ] GC(1455) User=0.00s Sys=0.00s Real=0.00s
[532.478s][info][gc,start       ] GC(1456) Pause Young (Allocation Failure)
[532.479s][info][gc,heap        ] GC(1456) PSYoungGen: 282688K(283136K)->64K(282112K) Eden: 282624K(282624K)->0K(271360K) From: 64K(512K)->64K(10752K)
[532.479s][info][gc,heap        ] GC(1456) ParOldGen: 84514K(175104K)->84522K(175104K)
[532.479s][info][gc,metaspace   ] GC(1456) Metaspace: 35427K(36160K)->35427K(36160K) NonClass: 29155K(29696K)->29155K(29696K) Class: 6271K(6464K)->6271K(6464K)
[532.479s][info][gc             ] GC(1456) Pause Young (Allocation Failure) 358M->82M(446M) 1.355ms
[532.479s][info][gc,cpu         ] GC(1456) User=0.00s Sys=0.00s Real=0.00s
[532.730s][info][gc,start       ] GC(1457) Pause Young (Allocation Failure)
[532.732s][info][gc,heap        ] GC(1457) PSYoungGen: 271424K(282112K)->64K(261120K) Eden: 271360K(271360K)->0K(260608K) From: 64K(10752K)->64K(512K)
[532.732s][info][gc,heap        ] GC(1457) ParOldGen: 84522K(175104K)->84538K(175104K)
[532.732s][info][gc,metaspace   ] GC(1457) Metaspace: 35427K(36160K)->35427K(36160K) NonClass: 29155K(29696K)->29155K(29696K) Class: 6271K(6464K)->6271K(6464K)
[532.732s][info][gc             ] GC(1457) Pause Young (Allocation Failure) 347M->82M(426M) 2.192ms
[532.732s][info][gc,cpu         ] GC(1457) User=0.00s Sys=0.00s Real=0.00s
[533.205s][info][gc,start       ] GC(1458) Pause Young (Allocation Failure)
[533.206s][info][gc,heap        ] GC(1458) PSYoungGen: 260672K(261120K)->64K(260096K) Eden: 260608K(260608K)->0K(250368K) From: 64K(512K)->64K(9728K)
[533.206s][info][gc,heap        ] GC(1458) ParOldGen: 84538K(175104K)->84554K(175104K)
[533.206s][info][gc,metaspace   ] GC(1458) Metaspace: 35427K(36160K)->35427K(36160K) NonClass: 29155K(29696K)->29155K(29696K) Class: 6271K(6464K)->6271K(6464K)
[533.206s][info][gc             ] GC(1458) Pause Young (Allocation Failure) 337M->82M(425M) 1.335ms
[533.206s][info][gc,cpu         ] GC(1458) User=0.00s Sys=0.00s Real=0.00s
[534.290s][info][gc,start       ] GC(1459) Pause Young (Allocation Failure)
[534.292s][info][gc,heap        ] GC(1459) PSYoungGen: 250432K(260096K)->64K(241152K) Eden: 250368K(250368K)->0K(240640K) From: 64K(9728K)->64K(512K)
[534.292s][info][gc,heap        ] GC(1459) ParOldGen: 84554K(175104K)->84570K(175104K)
[534.292s][info][gc,metaspace   ] GC(1459) Metaspace: 35427K(36160K)->35427K(36160K) NonClass: 29155K(29696K)->29155K(29696K) Class: 6271K(6464K)->6271K(6464K)
[534.292s][info][gc             ] GC(1459) Pause Young (Allocation Failure) 327M->82M(406M) 2.213ms
[534.292s][info][gc,cpu         ] GC(1459) User=0.01s Sys=0.00s Real=0.00s
[534.724s][info][gc,start       ] GC(1460) Pause Young (Allocation Failure)
[534.725s][info][gc,heap        ] GC(1460) PSYoungGen: 240704K(241152K)->64K(239616K) Eden: 240640K(240640K)->0K(231424K) From: 64K(512K)->64K(8192K)
[534.725s][info][gc,heap        ] GC(1460) ParOldGen: 84570K(175104K)->84586K(175104K)
[534.725s][info][gc,metaspace   ] GC(1460) Metaspace: 35427K(36160K)->35427K(36160K) NonClass: 29155K(29696K)->29155K(29696K) Class: 6271K(6464K)->6271K(6464K)
[534.725s][info][gc             ] GC(1460) Pause Young (Allocation Failure) 317M->82M(405M) 1.330ms
[534.725s][info][gc,cpu         ] GC(1460) User=0.00s Sys=0.00s Real=0.01s
[534.933s][info][gc,start       ] GC(1461) Pause Young (Allocation Failure)
[534.935s][info][gc,heap        ] GC(1461) PSYoungGen: 231488K(239616K)->64K(223232K) Eden: 231424K(231424K)->0K(222720K) From: 64K(8192K)->64K(512K)
[534.935s][info][gc,heap        ] GC(1461) ParOldGen: 84586K(175104K)->84602K(175104K)
[534.935s][info][gc,metaspace   ] GC(1461) Metaspace: 35427K(36160K)->35427K(36160K) NonClass: 29155K(29696K)->29155K(29696K) Class: 6271K(6464K)->6271K(6464K)
[534.935s][info][gc             ] GC(1461) Pause Young (Allocation Failure) 308M->82M(389M) 2.240ms
[534.935s][info][gc,cpu         ] GC(1461) User=0.00s Sys=0.00s Real=0.01s
[535.002s][info][gc,start       ] GC(1462) Pause Young (Allocation Failure)
[535.003s][info][gc,heap        ] GC(1462) PSYoungGen: 222784K(223232K)->64K(221696K) Eden: 222720K(222720K)->0K(214528K) From: 64K(512K)->64K(7168K)
[535.003s][info][gc,heap        ] GC(1462) ParOldGen: 84602K(175104K)->84618K(175104K)
[535.003s][info][gc,metaspace   ] GC(1462) Metaspace: 35427K(36160K)->35427K(36160K) NonClass: 29155K(29696K)->29155K(29696K) Class: 6271K(6464K)->6271K(6464K)
[535.003s][info][gc             ] GC(1462) Pause Young (Allocation Failure) 300M->82M(387M) 1.290ms
[535.003s][info][gc,cpu         ] GC(1462) User=0.00s Sys=0.00s Real=0.00s
[535.473s][info][gc,start       ] GC(1463) Pause Young (Allocation Failure)
[535.475s][info][gc,heap        ] GC(1463) PSYoungGen: 214592K(221696K)->64K(207360K) Eden: 214528K(214528K)->0K(206848K) From: 64K(7168K)->64K(512K)
[535.475s][info][gc,heap        ] GC(1463) ParOldGen: 84618K(175104K)->84634K(175104K)
[535.475s][info][gc,metaspace   ] GC(1463) Metaspace: 35427K(36160K)->35427K(36160K) NonClass: 29155K(29696K)->29155K(29696K) Class: 6271K(6464K)->6271K(6464K)
[535.475s][info][gc             ] GC(1463) Pause Young (Allocation Failure) 292M->82M(373M) 1.879ms
[535.475s][info][gc,cpu         ] GC(1463) User=0.00s Sys=0.00s Real=0.01s
[535.815s][info][gc,start       ] GC(1464) Pause Young (Allocation Failure)
[535.816s][info][gc,heap        ] GC(1464) PSYoungGen: 206912K(207360K)->64K(205312K) Eden: 206848K(206848K)->0K(199168K) From: 64K(512K)->64K(6144K)
[535.816s][info][gc,heap        ] GC(1464) ParOldGen: 84634K(175104K)->84650K(175104K)
[535.816s][info][gc,metaspace   ] GC(1464) Metaspace: 35427K(36160K)->35427K(36160K) NonClass: 29155K(29696K)->29155K(29696K) Class: 6271K(6464K)->6271K(6464K)
[535.816s][info][gc             ] GC(1464) Pause Young (Allocation Failure) 284M->82M(371M) 1.369ms
[535.816s][info][gc,cpu         ] GC(1464) User=0.00s Sys=0.00s Real=0.00s
[536.113s][info][gc,start       ] GC(1465) Pause Young (Allocation Failure)
[536.115s][info][gc,heap        ] GC(1465) PSYoungGen: 199232K(205312K)->32K(192512K) Eden: 199168K(199168K)->0K(192000K) From: 64K(6144K)->32K(512K)
[536.115s][info][gc,heap        ] GC(1465) ParOldGen: 84650K(175104K)->84658K(175104K)
[536.115s][info][gc,metaspace   ] GC(1465) Metaspace: 35427K(36160K)->35427K(36160K) NonClass: 29155K(29696K)->29155K(29696K) Class: 6271K(6464K)->6271K(6464K)
[536.115s][info][gc             ] GC(1465) Pause Young (Allocation Failure) 277M->82M(359M) 1.965ms
[536.115s][info][gc,cpu         ] GC(1465) User=0.00s Sys=0.00s Real=0.01s
[536.364s][info][gc,start       ] GC(1466) Pause Young (Allocation Failure)
[536.416s][info][gc,heap        ] GC(1466) PSYoungGen: 192032K(192512K)->5120K(235008K) Eden: 192000K(192000K)->0K(229888K) From: 32K(512K)->5120K(5120K)
[536.416s][info][gc,heap        ] GC(1466) ParOldGen: 84658K(175104K)->98754K(175104K)
[536.416s][info][gc,metaspace   ] GC(1466) Metaspace: 35427K(36160K)->35427K(36160K) NonClass: 29155K(29696K)->29155K(29696K) Class: 6271K(6464K)->6271K(6464K)
[536.416s][info][gc             ] GC(1466) Pause Young (Allocation Failure) 270M->101M(400M) 52.018ms
[536.416s][info][gc,cpu         ] GC(1466) User=0.07s Sys=0.01s Real=0.06s
[536.699s][info][gc,start       ] GC(1467) Pause Young (Allocation Failure)
[536.746s][info][gc,heap        ] GC(1467) PSYoungGen: 235008K(235008K)->5120K(253952K) Eden: 229888K(229888K)->0K(248832K) From: 5120K(5120K)->5120K(5120K)
[536.746s][info][gc,heap        ] GC(1467) ParOldGen: 98754K(175104K)->118514K(175104K)
[536.746s][info][gc,metaspace   ] GC(1467) Metaspace: 35427K(36160K)->35427K(36160K) NonClass: 29155K(29696K)->29155K(29696K) Class: 6271K(6464K)->6271K(6464K)
[536.747s][info][gc             ] GC(1467) Pause Young (Allocation Failure) 325M->120M(419M) 47.738ms
[536.747s][info][gc,cpu         ] GC(1467) User=0.09s Sys=0.00s Real=0.05s
[537.048s][info][gc,start       ] GC(1468) Pause Young (Allocation Failure)
[537.096s][info][gc,heap        ] GC(1468) PSYoungGen: 253952K(253952K)->19456K(268288K) Eden: 248832K(248832K)->0K(248832K) From: 5120K(5120K)->19456K(19456K)
[537.096s][info][gc,heap        ] GC(1468) ParOldGen: 118514K(175104K)->125178K(175104K)
[537.096s][info][gc,metaspace   ] GC(1468) Metaspace: 35427K(36160K)->35427K(36160K) NonClass: 29155K(29696K)->29155K(29696K) Class: 6271K(6464K)->6271K(6464K)
[537.096s][info][gc             ] GC(1468) Pause Young (Allocation Failure) 363M->141M(433M) 48.473ms
[537.096s][info][gc,cpu         ] GC(1468) User=0.10s Sys=0.00s Real=0.05s
[537.172s][info][gc,start       ] GC(1469) Pause Young (Allocation Failure)
[537.175s][info][gc,heap        ] GC(1469) PSYoungGen: 268288K(268288K)->64K(308736K) Eden: 248832K(248832K)->0K(283136K) From: 19456K(19456K)->64K(25600K)
[537.175s][info][gc,heap        ] GC(1469) ParOldGen: 125178K(175104K)->125410K(175104K)
[537.175s][info][gc,metaspace   ] GC(1469) Metaspace: 35427K(36160K)->35427K(36160K) NonClass: 29155K(29696K)->29155K(29696K) Class: 6271K(6464K)->6271K(6464K)
[537.175s][info][gc             ] GC(1469) Pause Young (Allocation Failure) 384M->122M(472M) 2.822ms
[537.175s][info][gc,cpu         ] GC(1469) User=0.01s Sys=0.00s Real=0.01s
[537.815s][info][gc,start       ] GC(1470) Pause Young (Allocation Failure)
[537.815s][info][gc,heap        ] GC(1470) PSYoungGen: 283200K(308736K)->64K(283648K) Eden: 283136K(283136K)->0K(283136K) From: 64K(25600K)->64K(512K)
[537.816s][info][gc,heap        ] GC(1470) ParOldGen: 125410K(175104K)->125418K(175104K)
[537.816s][info][gc,metaspace   ] GC(1470) Metaspace: 35427K(36160K)->35427K(36160K) NonClass: 29155K(29696K)->29155K(29696K) Class: 6271K(6464K)->6271K(6464K)
[537.816s][info][gc             ] GC(1470) Pause Young (Allocation Failure) 399M->122M(448M) 0.944ms
[537.816s][info][gc,cpu         ] GC(1470) User=0.01s Sys=0.00s Real=0.00s
[538.362s][info][gc,start       ] GC(1471) Pause Young (Allocation Failure)
[538.363s][info][gc,heap        ] GC(1471) PSYoungGen: 283200K(283648K)->64K(308224K) Eden: 283136K(283136K)->0K(284160K) From: 64K(512K)->64K(24064K)
[538.363s][info][gc,heap        ] GC(1471) ParOldGen: 125418K(175104K)->125426K(175104K)
[538.363s][info][gc,metaspace   ] GC(1471) Metaspace: 35427K(36160K)->35427K(36160K) NonClass: 29155K(29696K)->29155K(29696K) Class: 6271K(6464K)->6271K(6464K)
[538.363s][info][gc             ] GC(1471) Pause Young (Allocation Failure) 399M->122M(472M) 1.007ms
[538.363s][info][gc,cpu         ] GC(1471) User=0.00s Sys=0.00s Real=0.00s
[538.815s][info][gc,start       ] GC(1472) Pause Young (Allocation Failure)
[538.815s][info][gc,heap        ] GC(1472) PSYoungGen: 284224K(308224K)->64K(307200K) Eden: 284160K(284160K)->0K(284160K) From: 64K(24064K)->64K(23040K)
[538.815s][info][gc,heap        ] GC(1472) ParOldGen: 125426K(175104K)->125442K(175104K)
[538.815s][info][gc,metaspace   ] GC(1472) Metaspace: 35427K(36160K)->35427K(36160K) NonClass: 29155K(29696K)->29155K(29696K) Class: 6271K(6464K)->6271K(6464K)
[538.816s][info][gc             ] GC(1472) Pause Young (Allocation Failure) 400M->122M(471M) 0.917ms
[538.816s][info][gc,cpu         ] GC(1472) User=0.00s Sys=0.01s Real=0.00s
[539.002s][info][gc,start       ] GC(1473) Pause Young (Allocation Failure)
[539.003s][info][gc,heap        ] GC(1473) PSYoungGen: 284224K(307200K)->64K(309760K) Eden: 284160K(284160K)->0K(287744K) From: 64K(23040K)->64K(22016K)
[539.003s][info][gc,heap        ] GC(1473) ParOldGen: 125442K(175104K)->125458K(175104K)
[539.003s][info][gc,metaspace   ] GC(1473) Metaspace: 35427K(36160K)->35427K(36160K) NonClass: 29155K(29696K)->29155K(29696K) Class: 6271K(6464K)->6271K(6464K)
[539.003s][info][gc             ] GC(1473) Pause Young (Allocation Failure) 400M->122M(473M) 0.986ms
[539.003s][info][gc,cpu         ] GC(1473) User=0.01s Sys=0.00s Real=0.00s
[539.194s][info][gc,start       ] GC(1474) Pause Young (Allocation Failure)
[539.196s][info][gc,heap        ] GC(1474) PSYoungGen: 287808K(309760K)->64K(309248K) Eden: 287744K(287744K)->0K(287744K) From: 64K(22016K)->64K(21504K)
[539.196s][info][gc,heap        ] GC(1474) ParOldGen: 125458K(175104K)->125458K(175104K)
[539.196s][info][gc,metaspace   ] GC(1474) Metaspace: 35427K(36160K)->35427K(36160K) NonClass: 29155K(29696K)->29155K(29696K) Class: 6271K(6464K)->6271K(6464K)
[539.196s][info][gc             ] GC(1474) Pause Young (Allocation Failure) 403M->122M(473M) 1.388ms
[539.196s][info][gc,cpu         ] GC(1474) User=0.01s Sys=0.00s Real=0.00s
[539.525s][info][gc,start       ] GC(1475) Pause Young (Allocation Failure)
[539.526s][info][gc,heap        ] GC(1475) PSYoungGen: 287808K(309248K)->64K(311296K) Eden: 287744K(287744K)->0K(291328K) From: 64K(21504K)->64K(19968K)
[539.526s][info][gc,heap        ] GC(1475) ParOldGen: 125458K(175104K)->125458K(175104K)
[539.526s][info][gc,metaspace   ] GC(1475) Metaspace: 35427K(36160K)->35427K(36160K) NonClass: 29155K(29696K)->29155K(29696K) Class: 6271K(6464K)->6271K(6464K)
[539.526s][info][gc             ] GC(1475) Pause Young (Allocation Failure) 403M->122M(475M) 1.387ms
[539.526s][info][gc,cpu         ] GC(1475) User=0.00s Sys=0.00s Real=0.00s
[539.594s][info][gc,start       ] GC(1476) Pause Young (Allocation Failure)
[539.596s][info][gc,heap        ] GC(1476) PSYoungGen: 291392K(311296K)->64K(310784K) Eden: 291328K(291328K)->0K(291328K) From: 64K(19968K)->64K(19456K)
[539.596s][info][gc,heap        ] GC(1476) ParOldGen: 125458K(175104K)->125474K(175104K)
[539.596s][info][gc,metaspace   ] GC(1476) Metaspace: 35427K(36160K)->35427K(36160K) NonClass: 29155K(29696K)->29155K(29696K) Class: 6271K(6464K)->6271K(6464K)
[539.596s][info][gc             ] GC(1476) Pause Young (Allocation Failure) 407M->122M(474M) 1.345ms
[539.596s][info][gc,cpu         ] GC(1476) User=0.00s Sys=0.00s Real=0.00s
[539.648s][info][gc,start       ] GC(1477) Pause Young (Allocation Failure)
[539.650s][info][gc,heap        ] GC(1477) PSYoungGen: 291391K(310784K)->32K(313344K) Eden: 291327K(291328K)->0K(295424K) From: 64K(19456K)->32K(17920K)
[539.650s][info][gc,heap        ] GC(1477) ParOldGen: 125474K(175104K)->125490K(175104K)
[539.650s][info][gc,metaspace   ] GC(1477) Metaspace: 35427K(36160K)->35427K(36160K) NonClass: 29155K(29696K)->29155K(29696K) Class: 6271K(6464K)->6271K(6464K)
[539.650s][info][gc             ] GC(1477) Pause Young (Allocation Failure) 407M->122M(477M) 1.308ms
[539.650s][info][gc,cpu         ] GC(1477) User=0.00s Sys=0.00s Real=0.00s
[539.838s][info][gc,start       ] GC(1478) Pause Young (Allocation Failure)
[539.839s][info][gc,heap        ] GC(1478) PSYoungGen: 295455K(313344K)->64K(312832K) Eden: 295423K(295424K)->0K(295424K) From: 32K(17920K)->64K(17408K)
[539.839s][info][gc,heap        ] GC(1478) ParOldGen: 125490K(175104K)->125490K(175104K)
[539.839s][info][gc,metaspace   ] GC(1478) Metaspace: 35427K(36160K)->35427K(36160K) NonClass: 29155K(29696K)->29155K(29696K) Class: 6271K(6464K)->6271K(6464K)
[539.839s][info][gc             ] GC(1478) Pause Young (Allocation Failure) 411M->122M(476M) 1.394ms
[539.839s][info][gc,cpu         ] GC(1478) User=0.00s Sys=0.00s Real=0.00s
[540.075s][info][gc,start       ] GC(1479) Pause Young (Allocation Failure)
[540.076s][info][gc,heap        ] GC(1479) PSYoungGen: 295488K(312832K)->64K(315392K) Eden: 295424K(295424K)->0K(299520K) From: 64K(17408K)->64K(15872K)
[540.076s][info][gc,heap        ] GC(1479) ParOldGen: 125490K(175104K)->125506K(175104K)
[540.076s][info][gc,metaspace   ] GC(1479) Metaspace: 35427K(36160K)->35427K(36160K) NonClass: 29155K(29696K)->29155K(29696K) Class: 6271K(6464K)->6271K(6464K)
[540.077s][info][gc             ] GC(1479) Pause Young (Allocation Failure) 411M->122M(479M) 1.429ms
[540.077s][info][gc,cpu         ] GC(1479) User=0.00s Sys=0.00s Real=0.00s
[540.211s][info][gc,start       ] GC(1480) Pause Young (Allocation Failure)
[540.213s][info][gc,heap        ] GC(1480) PSYoungGen: 299584K(315392K)->64K(314880K) Eden: 299520K(299520K)->0K(299520K) From: 64K(15872K)->64K(15360K)
[540.213s][info][gc,heap        ] GC(1480) ParOldGen: 125506K(175104K)->125522K(175104K)
[540.213s][info][gc,metaspace   ] GC(1480) Metaspace: 35427K(36160K)->35427K(36160K) NonClass: 29155K(29696K)->29155K(29696K) Class: 6271K(6464K)->6271K(6464K)
[540.213s][info][gc             ] GC(1480) Pause Young (Allocation Failure) 415M->122M(478M) 1.473ms
[540.213s][info][gc,cpu         ] GC(1480) User=0.00s Sys=0.00s Real=0.00s
[540.298s][info][gc,start       ] GC(1481) Pause Young (Allocation Failure)
[540.300s][info][gc,heap        ] GC(1481) PSYoungGen: 299584K(314880K)->64K(317440K) Eden: 299520K(299520K)->0K(303616K) From: 64K(15360K)->64K(13824K)
[540.300s][info][gc,heap        ] GC(1481) ParOldGen: 125522K(175104K)->125538K(175104K)
[540.300s][info][gc,metaspace   ] GC(1481) Metaspace: 35427K(36160K)->35427K(36160K) NonClass: 29155K(29696K)->29155K(29696K) Class: 6271K(6464K)->6271K(6464K)
[540.300s][info][gc             ] GC(1481) Pause Young (Allocation Failure) 415M->122M(481M) 1.384ms
[540.300s][info][gc,cpu         ] GC(1481) User=0.00s Sys=0.00s Real=0.00s
[540.488s][info][gc,start       ] GC(1482) Pause Young (Allocation Failure)
[540.489s][info][gc,heap        ] GC(1482) PSYoungGen: 303680K(317440K)->32K(316928K) Eden: 303616K(303616K)->0K(303616K) From: 64K(13824K)->32K(13312K)
[540.489s][info][gc,heap        ] GC(1482) ParOldGen: 125538K(175104K)->125546K(175104K)
[540.489s][info][gc,metaspace   ] GC(1482) Metaspace: 35427K(36160K)->35427K(36160K) NonClass: 29155K(29696K)->29155K(29696K) Class: 6271K(6464K)->6271K(6464K)
[540.489s][info][gc             ] GC(1482) Pause Young (Allocation Failure) 419M->122M(480M) 1.321ms
[540.489s][info][gc,cpu         ] GC(1482) User=0.00s Sys=0.00s Real=0.00s
[541.436s][info][gc,start       ] GC(1483) Pause Young (Allocation Failure)
[541.436s][info][gc,heap        ] GC(1483) PSYoungGen: 303648K(316928K)->64K(291840K) Eden: 303616K(303616K)->0K(291328K) From: 32K(13312K)->64K(512K)
[541.437s][info][gc,heap        ] GC(1483) ParOldGen: 125546K(175104K)->125554K(175104K)
[541.437s][info][gc,metaspace   ] GC(1483) Metaspace: 35427K(36160K)->35427K(36160K) NonClass: 29155K(29696K)->29155K(29696K) Class: 6271K(6464K)->6271K(6464K)
[541.437s][info][gc             ] GC(1483) Pause Young (Allocation Failure) 419M->122M(456M) 0.913ms
[541.437s][info][gc,cpu         ] GC(1483) User=0.00s Sys=0.00s Real=0.00s
[542.297s][info][gc,start       ] GC(1484) Pause Young (Allocation Failure)
[542.298s][info][gc,heap        ] GC(1484) PSYoungGen: 291392K(291840K)->64K(291328K) Eden: 291328K(291328K)->0K(279552K) From: 64K(512K)->64K(11776K)
[542.298s][info][gc,heap        ] GC(1484) ParOldGen: 125554K(175104K)->125562K(175104K)
[542.298s][info][gc,metaspace   ] GC(1484) Metaspace: 35427K(36160K)->35427K(36160K) NonClass: 29155K(29696K)->29155K(29696K) Class: 6271K(6464K)->6271K(6464K)
[542.298s][info][gc             ] GC(1484) Pause Young (Allocation Failure) 407M->122M(455M) 0.952ms
[542.298s][info][gc,cpu         ] GC(1484) User=0.01s Sys=0.00s Real=0.00s
[542.582s][info][gc,start       ] GC(1485) Pause Young (Allocation Failure)
[542.583s][info][gc,heap        ] GC(1485) PSYoungGen: 279616K(291328K)->64K(269312K) Eden: 279552K(279552K)->0K(268800K) From: 64K(11776K)->64K(512K)
[542.583s][info][gc,heap        ] GC(1485) ParOldGen: 125562K(175104K)->125578K(175104K)
[542.583s][info][gc,metaspace   ] GC(1485) Metaspace: 35427K(36160K)->35427K(36160K) NonClass: 29155K(29696K)->29155K(29696K) Class: 6271K(6464K)->6271K(6464K)
[542.583s][info][gc             ] GC(1485) Pause Young (Allocation Failure) 395M->122M(434M) 1.424ms
[542.583s][info][gc,cpu         ] GC(1485) User=0.00s Sys=0.00s Real=0.00s
[543.007s][info][gc,start       ] GC(1486) Pause Young (Allocation Failure)
[543.008s][info][gc,heap        ] GC(1486) PSYoungGen: 268864K(269312K)->64K(268800K) Eden: 268800K(268800K)->0K(258560K) From: 64K(512K)->64K(10240K)
[543.008s][info][gc,heap        ] GC(1486) ParOldGen: 125578K(175104K)->125594K(175104K)
[543.008s][info][gc,metaspace   ] GC(1486) Metaspace: 35427K(36160K)->35427K(36160K) NonClass: 29155K(29696K)->29155K(29696K) Class: 6271K(6464K)->6271K(6464K)
[543.008s][info][gc             ] GC(1486) Pause Young (Allocation Failure) 385M->122M(433M) 1.352ms
[543.008s][info][gc,cpu         ] GC(1486) User=0.00s Sys=0.00s Real=0.00s
[543.917s][info][gc,start       ] GC(1487) Pause Young (Allocation Failure)
[543.919s][info][gc,heap        ] GC(1487) PSYoungGen: 258624K(268800K)->64K(248832K) Eden: 258560K(258560K)->0K(248320K) From: 64K(10240K)->64K(512K)
[543.919s][info][gc,heap        ] GC(1487) ParOldGen: 125594K(175104K)->125610K(175104K)
[543.919s][info][gc,metaspace   ] GC(1487) Metaspace: 35427K(36160K)->35427K(36160K) NonClass: 29155K(29696K)->29155K(29696K) Class: 6271K(6464K)->6271K(6464K)
[543.919s][info][gc             ] GC(1487) Pause Young (Allocation Failure) 375M->122M(414M) 1.814ms
[543.919s][info][gc,cpu         ] GC(1487) User=0.00s Sys=0.00s Real=0.00s
[544.262s][info][gc,start       ] GC(1488) Pause Young (Allocation Failure)
[544.263s][info][gc,heap        ] GC(1488) PSYoungGen: 248384K(248832K)->64K(247296K) Eden: 248320K(248320K)->0K(238592K) From: 64K(512K)->64K(8704K)
[544.263s][info][gc,heap        ] GC(1488) ParOldGen: 125610K(175104K)->125626K(175104K)
[544.263s][info][gc,metaspace   ] GC(1488) Metaspace: 35427K(36160K)->35427K(36160K) NonClass: 29155K(29696K)->29155K(29696K) Class: 6271K(6464K)->6271K(6464K)
[544.263s][info][gc             ] GC(1488) Pause Young (Allocation Failure) 365M->122M(412M) 1.426ms
[544.263s][info][gc,cpu         ] GC(1488) User=0.00s Sys=0.00s Real=0.00s
[544.417s][info][gc,start       ] GC(1489) Pause Young (Allocation Failure)
[544.419s][info][gc,heap        ] GC(1489) PSYoungGen: 238656K(247296K)->64K(229888K) Eden: 238592K(238592K)->0K(229376K) From: 64K(8704K)->64K(512K)
[544.419s][info][gc,heap        ] GC(1489) ParOldGen: 125626K(175104K)->125642K(175104K)
[544.419s][info][gc,metaspace   ] GC(1489) Metaspace: 35427K(36160K)->35427K(36160K) NonClass: 29155K(29696K)->29155K(29696K) Class: 6271K(6464K)->6271K(6464K)
[544.419s][info][gc             ] GC(1489) Pause Young (Allocation Failure) 355M->122M(395M) 2.169ms
[544.419s][info][gc,cpu         ] GC(1489) User=0.00s Sys=0.00s Real=0.00s
[544.512s][info][gc,start       ] GC(1490) Pause Young (Allocation Failure)
[544.513s][info][gc,heap        ] GC(1490) PSYoungGen: 229440K(229888K)->32K(228352K) Eden: 229376K(229376K)->0K(220672K) From: 64K(512K)->32K(7680K)
[544.513s][info][gc,heap        ] GC(1490) ParOldGen: 125642K(175104K)->125650K(175104K)
[544.513s][info][gc,metaspace   ] GC(1490) Metaspace: 35427K(36160K)->35427K(36160K) NonClass: 29155K(29696K)->29155K(29696K) Class: 6271K(6464K)->6271K(6464K)
[544.513s][info][gc             ] GC(1490) Pause Young (Allocation Failure) 346M->122M(394M) 1.337ms
[544.513s][info][gc,cpu         ] GC(1490) User=0.00s Sys=0.00s Real=0.00s
[545.089s][info][gc,start       ] GC(1491) Pause Young (Allocation Failure)
[545.091s][info][gc,heap        ] GC(1491) PSYoungGen: 220704K(228352K)->64K(212992K) Eden: 220672K(220672K)->0K(212480K) From: 32K(7680K)->64K(512K)
[545.091s][info][gc,heap        ] GC(1491) ParOldGen: 125650K(175104K)->125658K(175104K)
[545.091s][info][gc,metaspace   ] GC(1491) Metaspace: 35427K(36160K)->35427K(36160K) NonClass: 29155K(29696K)->29155K(29696K) Class: 6271K(6464K)->6271K(6464K)
[545.091s][info][gc             ] GC(1491) Pause Young (Allocation Failure) 338M->122M(379M) 2.000ms
[545.091s][info][gc,cpu         ] GC(1491) User=0.00s Sys=0.00s Real=0.00s
[545.250s][info][gc,start       ] GC(1492) Pause Young (Allocation Failure)
[545.252s][info][gc,heap        ] GC(1492) PSYoungGen: 212544K(212992K)->64K(211456K) Eden: 212480K(212480K)->0K(204800K) From: 64K(512K)->64K(6656K)
[545.252s][info][gc,heap        ] GC(1492) ParOldGen: 125658K(175104K)->125666K(175104K)
[545.252s][info][gc,metaspace   ] GC(1492) Metaspace: 35427K(36160K)->35427K(36160K) NonClass: 29155K(29696K)->29155K(29696K) Class: 6271K(6464K)->6271K(6464K)
[545.252s][info][gc             ] GC(1492) Pause Young (Allocation Failure) 330M->122M(377M) 1.210ms
[545.252s][info][gc,cpu         ] GC(1492) User=0.00s Sys=0.00s Real=0.00s
[545.528s][info][gc,start       ] GC(1493) Pause Young (Allocation Failure)
[545.553s][info][gc,heap        ] GC(1493) PSYoungGen: 204864K(211456K)->6144K(250880K) Eden: 204800K(204800K)->0K(244736K) From: 64K(6656K)->6144K(6144K)
[545.553s][info][gc,heap        ] GC(1493) ParOldGen: 125666K(175104K)->128538K(175104K)
[545.553s][info][gc,metaspace   ] GC(1493) Metaspace: 35427K(36160K)->35427K(36160K) NonClass: 29155K(29696K)->29155K(29696K) Class: 6271K(6464K)->6271K(6464K)
[545.553s][info][gc             ] GC(1493) Pause Young (Allocation Failure) 322M->131M(416M) 25.121ms
[545.553s][info][gc,cpu         ] GC(1493) User=0.02s Sys=0.00s Real=0.02s
[545.811s][info][gc,start       ] GC(1494) Pause Young (Allocation Failure)
[545.854s][info][gc,heap        ] GC(1494) PSYoungGen: 250880K(250880K)->8704K(277504K) Eden: 244736K(244736K)->0K(268800K) From: 6144K(6144K)->8704K(8704K)
[545.854s][info][gc,heap        ] GC(1494) ParOldGen: 128538K(175104K)->145858K(175104K)
[545.854s][info][gc,metaspace   ] GC(1494) Metaspace: 35427K(36160K)->35427K(36160K) NonClass: 29155K(29696K)->29155K(29696K) Class: 6271K(6464K)->6271K(6464K)
[545.854s][info][gc             ] GC(1494) Pause Young (Allocation Failure) 370M->150M(442M) 42.777ms
[545.854s][info][gc,cpu         ] GC(1494) User=0.08s Sys=0.00s Real=0.04s
[546.137s][info][gc,start       ] GC(1495) Pause Young (Allocation Failure)
[546.193s][info][gc,heap        ] GC(1495) PSYoungGen: 277504K(277504K)->17408K(301056K) Eden: 268800K(268800K)->0K(283648K) From: 8704K(8704K)->17408K(17408K)
[546.193s][info][gc,heap        ] GC(1495) ParOldGen: 145858K(175104K)->157530K(175104K)
[546.193s][info][gc,metaspace   ] GC(1495) Metaspace: 35427K(36160K)->35427K(36160K) NonClass: 29155K(29696K)->29155K(29696K) Class: 6271K(6464K)->6271K(6464K)
[546.193s][info][gc             ] GC(1495) Pause Young (Allocation Failure) 413M->170M(465M) 56.056ms
[546.193s][info][gc,cpu         ] GC(1495) User=0.10s Sys=0.01s Real=0.05s
[546.304s][info][gc,start       ] GC(1496) Pause Young (Allocation Failure)
[546.317s][info][gc,heap        ] GC(1496) PSYoungGen: 301056K(301056K)->5600K(308736K) Eden: 283648K(283648K)->0K(283648K) From: 17408K(17408K)->5600K(25088K)
[546.317s][info][gc,heap        ] GC(1496) ParOldGen: 157530K(175104K)->157946K(175104K)
[546.317s][info][gc,metaspace   ] GC(1496) Metaspace: 35427K(36160K)->35427K(36160K) NonClass: 29155K(29696K)->29155K(29696K) Class: 6271K(6464K)->6271K(6464K)
[546.317s][info][gc             ] GC(1496) Pause Young (Allocation Failure) 447M->159M(472M) 13.248ms
[546.317s][info][gc,cpu         ] GC(1496) User=0.02s Sys=0.00s Real=0.02s
[546.806s][info][gc,start       ] GC(1497) Pause Young (Allocation Failure)
[546.807s][info][gc,heap        ] GC(1497) PSYoungGen: 289248K(308736K)->64K(306176K) Eden: 283648K(283648K)->0K(285184K) From: 5600K(25088K)->64K(20992K)
[546.807s][info][gc,heap        ] GC(1497) ParOldGen: 157946K(175104K)->157954K(175104K)
[546.807s][info][gc,metaspace   ] GC(1497) Metaspace: 35427K(36160K)->35427K(36160K) NonClass: 29155K(29696K)->29155K(29696K) Class: 6271K(6464K)->6271K(6464K)
[546.807s][info][gc             ] GC(1497) Pause Young (Allocation Failure) 436M->154M(470M) 0.926ms
[546.807s][info][gc,cpu         ] GC(1497) User=0.01s Sys=0.00s Real=0.00s
[547.321s][info][gc,start       ] GC(1498) Pause Young (Allocation Failure)
[547.322s][info][gc,heap        ] GC(1498) PSYoungGen: 285248K(306176K)->64K(308224K) Eden: 285184K(285184K)->0K(285184K) From: 64K(20992K)->64K(23040K)
[547.322s][info][gc,heap        ] GC(1498) ParOldGen: 157954K(175104K)->157962K(175104K)
[547.322s][info][gc,metaspace   ] GC(1498) Metaspace: 35427K(36160K)->35427K(36160K) NonClass: 29155K(29696K)->29155K(29696K) Class: 6271K(6464K)->6271K(6464K)
[547.322s][info][gc             ] GC(1498) Pause Young (Allocation Failure) 432M->154M(472M) 1.054ms
[547.323s][info][gc,cpu         ] GC(1498) User=0.00s Sys=0.00s Real=0.00s
[547.714s][info][gc,start       ] GC(1499) Pause Young (Allocation Failure)
[547.715s][info][gc,heap        ] GC(1499) PSYoungGen: 285248K(308224K)->64K(308736K) Eden: 285184K(285184K)->0K(288768K) From: 64K(23040K)->64K(19968K)
[547.715s][info][gc,heap        ] GC(1499) ParOldGen: 157962K(175104K)->157978K(175104K)
[547.715s][info][gc,metaspace   ] GC(1499) Metaspace: 35427K(36160K)->35427K(36160K) NonClass: 29155K(29696K)->29155K(29696K) Class: 6271K(6464K)->6271K(6464K)
[547.715s][info][gc             ] GC(1499) Pause Young (Allocation Failure) 432M->154M(472M) 1.532ms
[547.715s][info][gc,cpu         ] GC(1499) User=0.00s Sys=0.00s Real=0.01s
[547.904s][info][gc,start       ] GC(1500) Pause Young (Allocation Failure)
[547.905s][info][gc,heap        ] GC(1500) PSYoungGen: 288832K(308736K)->32K(310272K) Eden: 288768K(288768K)->0K(288768K) From: 64K(19968K)->32K(21504K)
[547.905s][info][gc,heap        ] GC(1500) ParOldGen: 157978K(175104K)->157994K(175104K)
[547.905s][info][gc,metaspace   ] GC(1500) Metaspace: 35427K(36160K)->35427K(36160K) NonClass: 29155K(29696K)->29155K(29696K) Class: 6271K(6464K)->6271K(6464K)
[547.905s][info][gc             ] GC(1500) Pause Young (Allocation Failure) 436M->154M(474M) 1.452ms
[547.905s][info][gc,cpu         ] GC(1500) User=0.00s Sys=0.00s Real=0.01s
[548.095s][info][gc,start       ] GC(1501) Pause Young (Allocation Failure)
[548.096s][info][gc,heap        ] GC(1501) PSYoungGen: 288800K(310272K)->64K(309760K) Eden: 288768K(288768K)->0K(291840K) From: 32K(21504K)->64K(17920K)
[548.096s][info][gc,heap        ] GC(1501) ParOldGen: 157994K(175104K)->157994K(175104K)
[548.096s][info][gc,metaspace   ] GC(1501) Metaspace: 35427K(36160K)->35427K(36160K) NonClass: 29155K(29696K)->29155K(29696K) Class: 6271K(6464K)->6271K(6464K)
[548.096s][info][gc             ] GC(1501) Pause Young (Allocation Failure) 436M->154M(473M) 1.385ms
[548.096s][info][gc,cpu         ] GC(1501) User=0.01s Sys=0.00s Real=0.00s
[548.424s][info][gc,start       ] GC(1502) Pause Young (Allocation Failure)
[548.425s][info][gc,heap        ] GC(1502) PSYoungGen: 291904K(309760K)->64K(311296K) Eden: 291840K(291840K)->0K(291840K) From: 64K(17920K)->64K(19456K)
[548.425s][info][gc,heap        ] GC(1502) ParOldGen: 157994K(175104K)->157994K(175104K)
[548.425s][info][gc,metaspace   ] GC(1502) Metaspace: 35427K(36160K)->35427K(36160K) NonClass: 29155K(29696K)->29155K(29696K) Class: 6271K(6464K)->6271K(6464K)
[548.425s][info][gc             ] GC(1502) Pause Young (Allocation Failure) 439M->154M(475M) 1.102ms
[548.425s][info][gc,cpu         ] GC(1502) User=0.00s Sys=0.00s Real=0.01s
[548.500s][info][gc,start       ] GC(1503) Pause Young (Allocation Failure)
[548.501s][info][gc,heap        ] GC(1503) PSYoungGen: 291904K(311296K)->64K(312832K) Eden: 291840K(291840K)->0K(295936K) From: 64K(19456K)->64K(16896K)
[548.501s][info][gc,heap        ] GC(1503) ParOldGen: 157994K(175104K)->158002K(175104K)
[548.501s][info][gc,metaspace   ] GC(1503) Metaspace: 35427K(36160K)->35427K(36160K) NonClass: 29155K(29696K)->29155K(29696K) Class: 6271K(6464K)->6271K(6464K)
[548.501s][info][gc             ] GC(1503) Pause Young (Allocation Failure) 439M->154M(476M) 0.882ms
[548.501s][info][gc,cpu         ] GC(1503) User=0.00s Sys=0.00s Real=0.00s
[548.556s][info][gc,start       ] GC(1504) Pause Young (Allocation Failure)
[548.557s][info][gc,heap        ] GC(1504) PSYoungGen: 296000K(312832K)->64K(313856K) Eden: 295936K(295936K)->0K(295936K) From: 64K(16896K)->64K(17920K)
[548.557s][info][gc,heap        ] GC(1504) ParOldGen: 158002K(175104K)->158018K(175104K)
[548.557s][info][gc,metaspace   ] GC(1504) Metaspace: 35427K(36160K)->35427K(36160K) NonClass: 29155K(29696K)->29155K(29696K) Class: 6271K(6464K)->6271K(6464K)
[548.557s][info][gc             ] GC(1504) Pause Young (Allocation Failure) 443M->154M(477M) 0.834ms
[548.557s][info][gc,cpu         ] GC(1504) User=0.00s Sys=0.00s Real=0.00s
[548.737s][info][gc,start       ] GC(1505) Pause Young (Allocation Failure)
[548.737s][info][gc,heap        ] GC(1505) PSYoungGen: 296000K(313856K)->64K(313856K) Eden: 295936K(295936K)->0K(299008K) From: 64K(17920K)->64K(14848K)
[548.737s][info][gc,heap        ] GC(1505) ParOldGen: 158018K(175104K)->158018K(175104K)
[548.737s][info][gc,metaspace   ] GC(1505) Metaspace: 35427K(36160K)->35427K(36160K) NonClass: 29155K(29696K)->29155K(29696K) Class: 6271K(6464K)->6271K(6464K)
[548.737s][info][gc             ] GC(1505) Pause Young (Allocation Failure) 443M->154M(477M) 0.892ms
[548.737s][info][gc,cpu         ] GC(1505) User=0.00s Sys=0.00s Real=0.00s
[548.978s][info][gc,start       ] GC(1506) Pause Young (Allocation Failure)
[548.979s][info][gc,heap        ] GC(1506) PSYoungGen: 299072K(313856K)->64K(314880K) Eden: 299008K(299008K)->0K(299008K) From: 64K(14848K)->64K(15872K)
[548.979s][info][gc,heap        ] GC(1506) ParOldGen: 158018K(175104K)->158026K(175104K)
[548.979s][info][gc,metaspace   ] GC(1506) Metaspace: 35427K(36160K)->35427K(36160K) NonClass: 29155K(29696K)->29155K(29696K) Class: 6271K(6464K)->6271K(6464K)
[548.979s][info][gc             ] GC(1506) Pause Young (Allocation Failure) 446M->154M(478M) 0.927ms
[548.979s][info][gc,cpu         ] GC(1506) User=0.00s Sys=0.00s Real=0.00s
[549.113s][info][gc,start       ] GC(1507) Pause Young (Allocation Failure)
[549.114s][info][gc,heap        ] GC(1507) PSYoungGen: 299072K(314880K)->64K(287744K) Eden: 299008K(299008K)->0K(287232K) From: 64K(15872K)->64K(512K)
[549.114s][info][gc,heap        ] GC(1507) ParOldGen: 158026K(175104K)->158034K(175104K)
[549.114s][info][gc,metaspace   ] GC(1507) Metaspace: 35427K(36160K)->35427K(36160K) NonClass: 29155K(29696K)->29155K(29696K) Class: 6271K(6464K)->6271K(6464K)
[549.114s][info][gc             ] GC(1507) Pause Young (Allocation Failure) 446M->154M(452M) 1.544ms
[549.114s][info][gc,cpu         ] GC(1507) User=0.00s Sys=0.00s Real=0.00s
[549.190s][info][gc,start       ] GC(1508) Pause Young (Allocation Failure)
[549.191s][info][gc,heap        ] GC(1508) PSYoungGen: 287296K(287744K)->64K(289792K) Eden: 287232K(287232K)->0K(275968K) From: 64K(512K)->64K(13824K)
[549.191s][info][gc,heap        ] GC(1508) ParOldGen: 158034K(175104K)->158042K(175104K)
[549.191s][info][gc,metaspace   ] GC(1508) Metaspace: 35427K(36160K)->35427K(36160K) NonClass: 29155K(29696K)->29155K(29696K) Class: 6271K(6464K)->6271K(6464K)
[549.191s][info][gc             ] GC(1508) Pause Young (Allocation Failure) 434M->154M(454M) 0.800ms
[549.191s][info][gc,cpu         ] GC(1508) User=0.00s Sys=0.00s Real=0.00s
[549.358s][info][gc,start       ] GC(1509) Pause Young (Allocation Failure)
[549.359s][info][gc,heap        ] GC(1509) PSYoungGen: 276032K(289792K)->64K(265728K) Eden: 275968K(275968K)->0K(265216K) From: 64K(13824K)->64K(512K)
[549.360s][info][gc,heap        ] GC(1509) ParOldGen: 158042K(175104K)->158050K(175104K)
[549.360s][info][gc,metaspace   ] GC(1509) Metaspace: 35427K(36160K)->35427K(36160K) NonClass: 29155K(29696K)->29155K(29696K) Class: 6271K(6464K)->6271K(6464K)
[549.360s][info][gc             ] GC(1509) Pause Young (Allocation Failure) 423M->154M(430M) 1.617ms
[549.360s][info][gc,cpu         ] GC(1509) User=0.00s Sys=0.00s Real=0.00s
[549.745s][info][gc,start       ] GC(1510) Pause Young (Allocation Failure)
[549.746s][info][gc,heap        ] GC(1510) PSYoungGen: 265280K(265728K)->64K(267264K) Eden: 265216K(265216K)->0K(254976K) From: 64K(512K)->64K(12288K)
[549.746s][info][gc,heap        ] GC(1510) ParOldGen: 158050K(175104K)->158058K(175104K)
[549.746s][info][gc,metaspace   ] GC(1510) Metaspace: 35427K(36160K)->35427K(36160K) NonClass: 29155K(29696K)->29155K(29696K) Class: 6271K(6464K)->6271K(6464K)
[549.746s][info][gc             ] GC(1510) Pause Young (Allocation Failure) 413M->154M(432M) 0.864ms
[549.746s][info][gc,cpu         ] GC(1510) User=0.01s Sys=0.00s Real=0.00s
[550.381s][info][gc,start       ] GC(1511) Pause Young (Allocation Failure)
[550.383s][info][gc,heap        ] GC(1511) PSYoungGen: 255040K(267264K)->64K(245760K) Eden: 254976K(254976K)->0K(245248K) From: 64K(12288K)->64K(512K)
[550.383s][info][gc,heap        ] GC(1511) ParOldGen: 158058K(175104K)->158066K(175104K)
[550.383s][info][gc,metaspace   ] GC(1511) Metaspace: 35427K(36160K)->35427K(36160K) NonClass: 29155K(29696K)->29155K(29696K) Class: 6271K(6464K)->6271K(6464K)
[550.383s][info][gc             ] GC(1511) Pause Young (Allocation Failure) 403M->154M(411M) 2.183ms
[550.383s][info][gc,cpu         ] GC(1511) User=0.00s Sys=0.00s Real=0.00s
[551.304s][info][gc,start       ] GC(1512) Pause Young (Allocation Failure)
[551.306s][info][gc,heap        ] GC(1512) PSYoungGen: 245312K(245760K)->64K(246784K) Eden: 245248K(245248K)->0K(236032K) From: 64K(512K)->64K(10752K)
[551.306s][info][gc,heap        ] GC(1512) ParOldGen: 158066K(175104K)->158074K(175104K)
[551.306s][info][gc,metaspace   ] GC(1512) Metaspace: 35427K(36160K)->35427K(36160K) NonClass: 29155K(29696K)->29155K(29696K) Class: 6271K(6464K)->6271K(6464K)
[551.306s][info][gc             ] GC(1512) Pause Young (Allocation Failure) 393M->154M(412M) 1.520ms
[551.306s][info][gc,cpu         ] GC(1512) User=0.00s Sys=0.00s Real=0.01s
[551.660s][info][gc,start       ] GC(1513) Pause Young (Allocation Failure)
[551.663s][info][gc,heap        ] GC(1513) PSYoungGen: 236096K(246784K)->64K(227840K) Eden: 236032K(236032K)->0K(227328K) From: 64K(10752K)->64K(512K)
[551.663s][info][gc,heap        ] GC(1513) ParOldGen: 158074K(175104K)->158090K(175104K)
[551.663s][info][gc,metaspace   ] GC(1513) Metaspace: 35427K(36160K)->35427K(36160K) NonClass: 29155K(29696K)->29155K(29696K) Class: 6271K(6464K)->6271K(6464K)
[551.663s][info][gc             ] GC(1513) Pause Young (Allocation Failure) 384M->154M(393M) 2.749ms
[551.663s][info][gc,cpu         ] GC(1513) User=0.00s Sys=0.00s Real=0.00s
[551.964s][info][gc,start       ] GC(1514) Pause Young (Allocation Failure)
[551.966s][info][gc,heap        ] GC(1514) PSYoungGen: 227392K(227840K)->64K(228352K) Eden: 227328K(227328K)->0K(218624K) From: 64K(512K)->64K(9728K)
[551.966s][info][gc,heap        ] GC(1514) ParOldGen: 158090K(175104K)->158106K(175104K)
[551.966s][info][gc,metaspace   ] GC(1514) Metaspace: 35427K(36160K)->35427K(36160K) NonClass: 29155K(29696K)->29155K(29696K) Class: 6271K(6464K)->6271K(6464K)
[551.966s][info][gc             ] GC(1514) Pause Young (Allocation Failure) 376M->154M(394M) 1.606ms
[551.966s][info][gc,cpu         ] GC(1514) User=0.01s Sys=0.00s Real=0.01s
[552.842s][info][gc,start       ] GC(1515) Pause Young (Allocation Failure)
[552.844s][info][gc,heap        ] GC(1515) PSYoungGen: 218688K(228352K)->64K(210944K) Eden: 218624K(218624K)->0K(210432K) From: 64K(9728K)->64K(512K)
[552.844s][info][gc,heap        ] GC(1515) ParOldGen: 158106K(175104K)->158122K(175104K)
[552.844s][info][gc,metaspace   ] GC(1515) Metaspace: 35427K(36160K)->35427K(36160K) NonClass: 29155K(29696K)->29155K(29696K) Class: 6271K(6464K)->6271K(6464K)
[552.845s][info][gc             ] GC(1515) Pause Young (Allocation Failure) 367M->154M(377M) 2.510ms
[552.845s][info][gc,cpu         ] GC(1515) User=0.00s Sys=0.00s Real=0.01s
[553.167s][info][gc,start       ] GC(1516) Pause Young (Allocation Failure)
[553.168s][info][gc,heap        ] GC(1516) PSYoungGen: 210496K(210944K)->64K(210944K) Eden: 210432K(210432K)->0K(202752K) From: 64K(512K)->64K(8192K)
[553.168s][info][gc,heap        ] GC(1516) ParOldGen: 158122K(175104K)->158138K(175104K)
[553.168s][info][gc,metaspace   ] GC(1516) Metaspace: 35427K(36160K)->35427K(36160K) NonClass: 29155K(29696K)->29155K(29696K) Class: 6271K(6464K)->6271K(6464K)
[553.168s][info][gc             ] GC(1516) Pause Young (Allocation Failure) 359M->154M(377M) 1.427ms
[553.168s][info][gc,cpu         ] GC(1516) User=0.00s Sys=0.00s Real=0.00s
[553.329s][info][gc,start       ] GC(1517) Pause Young (Allocation Failure)
[553.331s][info][gc,heap        ] GC(1517) PSYoungGen: 202816K(210944K)->64K(196096K) Eden: 202752K(202752K)->0K(195584K) From: 64K(8192K)->64K(512K)
[553.331s][info][gc,heap        ] GC(1517) ParOldGen: 158138K(175104K)->158154K(175104K)
[553.331s][info][gc,metaspace   ] GC(1517) Metaspace: 35427K(36160K)->35427K(36160K) NonClass: 29155K(29696K)->29155K(29696K) Class: 6271K(6464K)->6271K(6464K)
[553.331s][info][gc             ] GC(1517) Pause Young (Allocation Failure) 352M->154M(362M) 2.142ms
[553.331s][info][gc,cpu         ] GC(1517) User=0.00s Sys=0.00s Real=0.00s
[553.377s][info][gc,start       ] GC(1518) Pause Young (Allocation Failure)
[553.378s][info][gc,heap        ] GC(1518) PSYoungGen: 195648K(196096K)->32K(240128K) Eden: 195584K(195584K)->0K(232960K) From: 64K(512K)->32K(7168K)
[553.378s][info][gc,heap        ] GC(1518) ParOldGen: 158154K(175104K)->158170K(175104K)
[553.378s][info][gc,metaspace   ] GC(1518) Metaspace: 35427K(36160K)->35427K(36160K) NonClass: 29155K(29696K)->29155K(29696K) Class: 6271K(6464K)->6271K(6464K)
[553.378s][info][gc             ] GC(1518) Pause Young (Allocation Failure) 345M->154M(405M) 1.288ms
[553.378s][info][gc,cpu         ] GC(1518) User=0.00s Sys=0.00s Real=0.00s
[553.767s][info][gc,start       ] GC(1519) Pause Young (Allocation Failure)
[553.769s][info][gc,heap        ] GC(1519) PSYoungGen: 232992K(240128K)->64K(224768K) Eden: 232960K(232960K)->0K(224256K) From: 32K(7168K)->64K(512K)
[553.769s][info][gc,heap        ] GC(1519) ParOldGen: 158170K(175104K)->158170K(175104K)
[553.769s][info][gc,metaspace   ] GC(1519) Metaspace: 35427K(36160K)->35427K(36160K) NonClass: 29155K(29696K)->29155K(29696K) Class: 6271K(6464K)->6271K(6464K)
[553.769s][info][gc             ] GC(1519) Pause Young (Allocation Failure) 381M->154M(390M) 1.921ms
[553.769s][info][gc,cpu         ] GC(1519) User=0.00s Sys=0.00s Real=0.00s
[554.086s][info][gc,start       ] GC(1520) Pause Young (Allocation Failure)
[554.088s][info][gc,heap        ] GC(1520) PSYoungGen: 224320K(224768K)->32K(222208K) Eden: 224256K(224256K)->0K(216064K) From: 64K(512K)->32K(6144K)
[554.088s][info][gc,heap        ] GC(1520) ParOldGen: 158170K(175104K)->158178K(175104K)
[554.088s][info][gc,metaspace   ] GC(1520) Metaspace: 35427K(36160K)->35427K(36160K) NonClass: 29155K(29696K)->29155K(29696K) Class: 6271K(6464K)->6271K(6464K)
[554.088s][info][gc             ] GC(1520) Pause Young (Allocation Failure) 373M->154M(388M) 1.542ms
[554.088s][info][gc,cpu         ] GC(1520) User=0.00s Sys=0.00s Real=0.00s
[554.384s][info][gc,start       ] GC(1521) Pause Young (Allocation Failure)
[554.389s][info][gc,heap        ] GC(1521) PSYoungGen: 216095K(222208K)->1504K(257536K) Eden: 216063K(216064K)->0K(251904K) From: 32K(6144K)->1504K(5632K)
[554.389s][info][gc,heap        ] GC(1521) ParOldGen: 158178K(175104K)->158194K(175104K)
[554.389s][info][gc,metaspace   ] GC(1521) Metaspace: 35427K(36160K)->35427K(36160K) NonClass: 29155K(29696K)->29155K(29696K) Class: 6271K(6464K)->6271K(6464K)
[554.389s][info][gc             ] GC(1521) Pause Young (Allocation Failure) 365M->155M(422M) 5.124ms
[554.389s][info][gc,cpu         ] GC(1521) User=0.01s Sys=0.00s Real=0.01s
[554.657s][info][gc,start       ] GC(1522) Pause Young (Allocation Failure)
[554.718s][info][gc,heap        ] GC(1522) PSYoungGen: 253408K(257536K)->5632K(257536K) Eden: 251904K(251904K)->0K(251904K) From: 1504K(5632K)->5632K(5632K)
[554.718s][info][gc,heap        ] GC(1522) ParOldGen: 158194K(175104K)->179242K(179712K)
[554.718s][info][gc,metaspace   ] GC(1522) Metaspace: 35427K(36160K)->35427K(36160K) NonClass: 29155K(29696K)->29155K(29696K) Class: 6271K(6464K)->6271K(6464K)
[554.718s][info][gc             ] GC(1522) Pause Young (Allocation Failure) 401M->180M(427M) 61.756ms
[554.718s][info][gc,cpu         ] GC(1522) User=0.08s Sys=0.00s Real=0.06s
[554.985s][info][gc,start       ] GC(1523) Pause Young (Allocation Failure)
[555.044s][info][gc,heap        ] GC(1523) PSYoungGen: 257536K(257536K)->14848K(303616K) Eden: 251904K(251904K)->0K(288768K) From: 5632K(5632K)->14848K(14848K)
[555.044s][info][gc,heap        ] GC(1523) ParOldGen: 179242K(179712K)->191842K(192000K)
[555.045s][info][gc,metaspace   ] GC(1523) Metaspace: 35427K(36160K)->35427K(36160K) NonClass: 29155K(29696K)->29155K(29696K) Class: 6271K(6464K)->6271K(6464K)
[555.045s][info][gc             ] GC(1523) Pause Young (Allocation Failure) 426M->201M(484M) 59.689ms
[555.045s][info][gc,cpu         ] GC(1523) User=0.10s Sys=0.02s Real=0.06s
[555.243s][info][gc,start       ] GC(1524) Pause Young (Allocation Failure)
[555.275s][info][gc,heap        ] GC(1524) PSYoungGen: 303616K(303616K)->14176K(303104K) Eden: 288768K(288768K)->0K(288768K) From: 14848K(14848K)->14176K(14336K)
[555.275s][info][gc,heap        ] GC(1524) ParOldGen: 191842K(192000K)->192290K(192512K)
[555.275s][info][gc,metaspace   ] GC(1524) Metaspace: 35427K(36160K)->35427K(36160K) NonClass: 29155K(29696K)->29155K(29696K) Class: 6271K(6464K)->6271K(6464K)
[555.275s][info][gc             ] GC(1524) Pause Young (Allocation Failure) 483M->201M(484M) 31.637ms
[555.275s][info][gc,cpu         ] GC(1524) User=0.04s Sys=0.02s Real=0.04s
[555.616s][info][gc,start       ] GC(1525) Pause Young (Allocation Failure)
[555.617s][info][gc,heap        ] GC(1525) PSYoungGen: 302944K(303104K)->64K(310272K) Eden: 288768K(288768K)->0K(286208K) From: 14176K(14336K)->64K(24064K)
[555.617s][info][gc,heap        ] GC(1525) ParOldGen: 192290K(192512K)->192298K(192512K)
[555.617s][info][gc,metaspace   ] GC(1525) Metaspace: 35427K(36160K)->35427K(36160K) NonClass: 29155K(29696K)->29155K(29696K) Class: 6271K(6464K)->6271K(6464K)
[555.617s][info][gc             ] GC(1525) Pause Young (Allocation Failure) 483M->187M(491M) 1.035ms
[555.617s][info][gc,cpu         ] GC(1525) User=0.00s Sys=0.00s Real=0.00s
[556.231s][info][gc,start       ] GC(1526) Pause Young (Allocation Failure)
[556.232s][info][gc,heap        ] GC(1526) PSYoungGen: 286272K(310272K)->64K(286720K) Eden: 286208K(286208K)->0K(286208K) From: 64K(24064K)->64K(512K)
[556.232s][info][gc,heap        ] GC(1526) ParOldGen: 192298K(192512K)->192306K(192512K)
[556.232s][info][gc,metaspace   ] GC(1526) Metaspace: 35428K(36160K)->35428K(36160K) NonClass: 29156K(29696K)->29156K(29696K) Class: 6271K(6464K)->6271K(6464K)
[556.232s][info][gc             ] GC(1526) Pause Young (Allocation Failure) 467M->187M(468M) 1.077ms
[556.232s][info][gc,cpu         ] GC(1526) User=0.00s Sys=0.00s Real=0.00s
[556.665s][info][gc,start       ] GC(1527) Pause Young (Allocation Failure)
[556.666s][info][gc,heap        ] GC(1527) PSYoungGen: 286272K(286720K)->64K(309248K) Eden: 286208K(286208K)->0K(286720K) From: 64K(512K)->64K(22528K)
[556.666s][info][gc,heap        ] GC(1527) ParOldGen: 192306K(192512K)->192322K(192512K)
[556.666s][info][gc,metaspace   ] GC(1527) Metaspace: 35428K(36160K)->35428K(36160K) NonClass: 29156K(29696K)->29156K(29696K) Class: 6271K(6464K)->6271K(6464K)
[556.666s][info][gc             ] GC(1527) Pause Young (Allocation Failure) 467M->187M(490M) 1.431ms
[556.666s][info][gc,cpu         ] GC(1527) User=0.01s Sys=0.00s Real=0.00s
[556.854s][info][gc,start       ] GC(1528) Pause Young (Allocation Failure)
[556.855s][info][gc,heap        ] GC(1528) PSYoungGen: 286784K(309248K)->64K(308736K) Eden: 286720K(286720K)->0K(286720K) From: 64K(22528K)->64K(22016K)
[556.855s][info][gc,heap        ] GC(1528) ParOldGen: 192322K(192512K)->192338K(192512K)
[556.855s][info][gc,metaspace   ] GC(1528) Metaspace: 35428K(36160K)->35428K(36160K) NonClass: 29156K(29696K)->29156K(29696K) Class: 6271K(6464K)->6271K(6464K)
[556.855s][info][gc             ] GC(1528) Pause Young (Allocation Failure) 467M->187M(489M) 1.022ms
[556.855s][info][gc,cpu         ] GC(1528) User=0.00s Sys=0.00s Real=0.01s
[557.043s][info][gc,start       ] GC(1529) Pause Young (Allocation Failure)
[557.044s][info][gc,heap        ] GC(1529) PSYoungGen: 286784K(308736K)->64K(310784K) Eden: 286720K(286720K)->0K(290304K) From: 64K(22016K)->64K(20480K)
[557.044s][info][gc,heap        ] GC(1529) ParOldGen: 192338K(192512K)->192338K(192512K)
[557.044s][info][gc,metaspace   ] GC(1529) Metaspace: 35428K(36160K)->35428K(36160K) NonClass: 29156K(29696K)->29156K(29696K) Class: 6271K(6464K)->6271K(6464K)
[557.044s][info][gc             ] GC(1529) Pause Young (Allocation Failure) 467M->187M(491M) 1.002ms
[557.044s][info][gc,cpu         ] GC(1529) User=0.00s Sys=0.00s Real=0.00s
[557.351s][info][gc,start       ] GC(1530) Pause Young (Allocation Failure)
[557.352s][info][gc,heap        ] GC(1530) PSYoungGen: 290368K(310784K)->64K(310272K) Eden: 290304K(290304K)->0K(290304K) From: 64K(20480K)->64K(19968K)
[557.352s][info][gc,heap        ] GC(1530) ParOldGen: 192338K(192512K)->192338K(192512K)
[557.352s][info][gc,metaspace   ] GC(1530) Metaspace: 35428K(36160K)->35428K(36160K) NonClass: 29156K(29696K)->29156K(29696K) Class: 6271K(6464K)->6271K(6464K)
[557.352s][info][gc             ] GC(1530) Pause Young (Allocation Failure) 471M->187M(491M) 0.921ms
[557.352s][info][gc,cpu         ] GC(1530) User=0.00s Sys=0.00s Real=0.00s
[557.483s][info][gc,start       ] GC(1531) Pause Young (Allocation Failure)
[557.484s][info][gc,heap        ] GC(1531) PSYoungGen: 290368K(310272K)->64K(312832K) Eden: 290304K(290304K)->0K(293888K) From: 64K(19968K)->64K(18944K)
[557.484s][info][gc,heap        ] GC(1531) ParOldGen: 192338K(192512K)->192346K(192512K)
[557.484s][info][gc,metaspace   ] GC(1531) Metaspace: 35428K(36160K)->35428K(36160K) NonClass: 29156K(29696K)->29156K(29696K) Class: 6271K(6464K)->6271K(6464K)
[557.484s][info][gc             ] GC(1531) Pause Young (Allocation Failure) 471M->187M(493M) 0.912ms
[557.484s][info][gc,cpu         ] GC(1531) User=0.00s Sys=0.00s Real=0.00s
[557.537s][info][gc,start       ] GC(1532) Pause Young (Allocation Failure)
[557.538s][info][gc,heap        ] GC(1532) PSYoungGen: 293952K(312832K)->32K(312320K) Eden: 293888K(293888K)->0K(293888K) From: 64K(18944K)->32K(18432K)
[557.538s][info][gc,heap        ] GC(1532) ParOldGen: 192346K(192512K)->192362K(192512K)
[557.538s][info][gc,metaspace   ] GC(1532) Metaspace: 35428K(36160K)->35428K(36160K) NonClass: 29156K(29696K)->29156K(29696K) Class: 6271K(6464K)->6271K(6464K)
[557.538s][info][gc             ] GC(1532) Pause Young (Allocation Failure) 474M->187M(493M) 0.875ms
[557.538s][info][gc,cpu         ] GC(1532) User=0.00s Sys=0.00s Real=0.00s
[557.664s][info][gc,start       ] GC(1533) Pause Young (Allocation Failure)
[557.665s][info][gc,heap        ] GC(1533) PSYoungGen: 293920K(312320K)->64K(314368K) Eden: 293888K(293888K)->0K(297472K) From: 32K(18432K)->64K(16896K)
[557.665s][info][gc,heap        ] GC(1533) ParOldGen: 192362K(192512K)->192362K(192512K)
[557.665s][info][gc,metaspace   ] GC(1533) Metaspace: 35428K(36160K)->35428K(36160K) NonClass: 29156K(29696K)->29156K(29696K) Class: 6271K(6464K)->6271K(6464K)
[557.665s][info][gc             ] GC(1533) Pause Young (Allocation Failure) 474M->187M(495M) 0.935ms
[557.665s][info][gc,cpu         ] GC(1533) User=0.00s Sys=0.00s Real=0.01s
[557.917s][info][gc,start       ] GC(1534) Pause Young (Allocation Failure)
[557.918s][info][gc,heap        ] GC(1534) PSYoungGen: 297536K(314368K)->64K(313856K) Eden: 297472K(297472K)->0K(297472K) From: 64K(16896K)->64K(16384K)
[557.918s][info][gc,heap        ] GC(1534) ParOldGen: 192362K(192512K)->192370K(192512K)
[557.918s][info][gc,metaspace   ] GC(1534) Metaspace: 35428K(36160K)->35428K(36160K) NonClass: 29156K(29696K)->29156K(29696K) Class: 6271K(6464K)->6271K(6464K)
[557.918s][info][gc             ] GC(1534) Pause Young (Allocation Failure) 478M->187M(494M) 0.959ms
[557.918s][info][gc,cpu         ] GC(1534) User=0.00s Sys=0.00s Real=0.00s
[558.084s][info][gc,start       ] GC(1535) Pause Young (Allocation Failure)
[558.085s][info][gc,heap        ] GC(1535) PSYoungGen: 297536K(313856K)->64K(316416K) Eden: 297472K(297472K)->0K(301568K) From: 64K(16384K)->64K(14848K)
[558.085s][info][gc,heap        ] GC(1535) ParOldGen: 192370K(192512K)->192378K(192512K)
[558.085s][info][gc,metaspace   ] GC(1535) Metaspace: 35428K(36160K)->35428K(36160K) NonClass: 29156K(29696K)->29156K(29696K) Class: 6271K(6464K)->6271K(6464K)
[558.085s][info][gc             ] GC(1535) Pause Young (Allocation Failure) 478M->187M(497M) 0.990ms
[558.085s][info][gc,cpu         ] GC(1535) User=0.00s Sys=0.00s Real=0.01s
[558.165s][info][gc,start       ] GC(1536) Pause Young (Allocation Failure)
[558.166s][info][gc,heap        ] GC(1536) PSYoungGen: 301632K(316416K)->64K(315904K) Eden: 301568K(301568K)->0K(301568K) From: 64K(14848K)->64K(14336K)
[558.166s][info][gc,heap        ] GC(1536) ParOldGen: 192378K(192512K)->192394K(192512K)
[558.166s][info][gc,metaspace   ] GC(1536) Metaspace: 35428K(36160K)->35428K(36160K) NonClass: 29156K(29696K)->29156K(29696K) Class: 6271K(6464K)->6271K(6464K)
[558.166s][info][gc             ] GC(1536) Pause Young (Allocation Failure) 482M->187M(496M) 0.975ms
[558.166s][info][gc,cpu         ] GC(1536) User=0.00s Sys=0.00s Real=0.00s
[558.335s][info][gc,start       ] GC(1537) Pause Young (Allocation Failure)
[558.337s][info][gc,heap        ] GC(1537) PSYoungGen: 301632K(315904K)->64K(289792K) Eden: 301568K(301568K)->0K(289280K) From: 64K(14336K)->64K(512K)
[558.337s][info][gc,heap        ] GC(1537) ParOldGen: 192394K(192512K)->192394K(192512K)
[558.337s][info][gc,metaspace   ] GC(1537) Metaspace: 35428K(36160K)->35428K(36160K) NonClass: 29156K(29696K)->29156K(29696K) Class: 6271K(6464K)->6271K(6464K)
[558.337s][info][gc             ] GC(1537) Pause Young (Allocation Failure) 482M->187M(471M) 1.847ms
[558.337s][info][gc,cpu         ] GC(1537) User=0.00s Sys=0.00s Real=0.00s
[558.730s][info][gc,start       ] GC(1538) Pause Young (Allocation Failure)
[558.731s][info][gc,heap        ] GC(1538) PSYoungGen: 289344K(289792K)->64K(290816K) Eden: 289280K(289280K)->0K(278016K) From: 64K(512K)->64K(12800K)
[558.731s][info][gc,heap        ] GC(1538) ParOldGen: 192394K(192512K)->192402K(192512K)
[558.731s][info][gc,metaspace   ] GC(1538) Metaspace: 35428K(36160K)->35428K(36160K) NonClass: 29156K(29696K)->29156K(29696K) Class: 6271K(6464K)->6271K(6464K)
[558.731s][info][gc             ] GC(1538) Pause Young (Allocation Failure) 470M->187M(472M) 1.042ms
[558.731s][info][gc,cpu         ] GC(1538) User=0.00s Sys=0.00s Real=0.00s
[559.499s][info][gc,start       ] GC(1539) Pause Young (Allocation Failure)
[559.500s][info][gc,heap        ] GC(1539) PSYoungGen: 278080K(290816K)->64K(267776K) Eden: 278016K(278016K)->0K(267264K) From: 64K(12800K)->64K(512K)
[559.500s][info][gc,heap        ] GC(1539) ParOldGen: 192402K(192512K)->192410K(192512K)
[559.500s][info][gc,metaspace   ] GC(1539) Metaspace: 35428K(36160K)->35428K(36160K) NonClass: 29156K(29696K)->29156K(29696K) Class: 6271K(6464K)->6271K(6464K)
[559.500s][info][gc             ] GC(1539) Pause Young (Allocation Failure) 459M->187M(449M) 1.304ms
[559.500s][info][gc,cpu         ] GC(1539) User=0.01s Sys=0.00s Real=0.00s
[560.322s][info][gc,start       ] GC(1540) Pause Young (Allocation Failure)
[560.322s][info][gc,heap        ] GC(1540) PSYoungGen: 267328K(267776K)->64K(268288K) Eden: 267264K(267264K)->0K(257024K) From: 64K(512K)->64K(11264K)
[560.322s][info][gc,heap        ] GC(1540) ParOldGen: 192410K(192512K)->192418K(192512K)
[560.322s][info][gc,metaspace   ] GC(1540) Metaspace: 35428K(36160K)->35428K(36160K) NonClass: 29156K(29696K)->29156K(29696K) Class: 6271K(6464K)->6271K(6464K)
[560.322s][info][gc             ] GC(1540) Pause Young (Allocation Failure) 448M->187M(450M) 0.961ms
[560.322s][info][gc,cpu         ] GC(1540) User=0.01s Sys=0.00s Real=0.00s
[560.746s][info][gc,start       ] GC(1541) Pause Young (Allocation Failure)
[560.747s][info][gc,heap        ] GC(1541) PSYoungGen: 257088K(268288K)->64K(247808K) Eden: 257024K(257024K)->0K(247296K) From: 64K(11264K)->64K(512K)
[560.747s][info][gc,heap        ] GC(1541) ParOldGen: 192418K(192512K)->192426K(192512K)
[560.747s][info][gc,metaspace   ] GC(1541) Metaspace: 35428K(36160K)->35428K(36160K) NonClass: 29156K(29696K)->29156K(29696K) Class: 6271K(6464K)->6271K(6464K)
[560.747s][info][gc             ] GC(1541) Pause Young (Allocation Failure) 438M->187M(430M) 1.339ms
[560.747s][info][gc,cpu         ] GC(1541) User=0.00s Sys=0.00s Real=0.00s
[561.704s][info][gc,start       ] GC(1542) Pause Young (Allocation Failure)
[561.705s][info][gc,heap        ] GC(1542) PSYoungGen: 247360K(247808K)->64K(247808K) Eden: 247296K(247296K)->0K(238080K) From: 64K(512K)->64K(9728K)
[561.705s][info][gc,heap        ] GC(1542) ParOldGen: 192426K(192512K)->192434K(192512K)
[561.705s][info][gc,metaspace   ] GC(1542) Metaspace: 35428K(36160K)->35428K(36160K) NonClass: 29156K(29696K)->29156K(29696K) Class: 6271K(6464K)->6271K(6464K)
[561.705s][info][gc             ] GC(1542) Pause Young (Allocation Failure) 429M->187M(430M) 1.149ms
[561.705s][info][gc,cpu         ] GC(1542) User=0.00s Sys=0.00s Real=0.01s
[561.904s][info][gc,start       ] GC(1543) Pause Young (Allocation Failure)
[561.907s][info][gc,heap        ] GC(1543) PSYoungGen: 238144K(247808K)->32K(229376K) Eden: 238080K(238080K)->0K(228864K) From: 64K(9728K)->32K(512K)
[561.907s][info][gc,heap        ] GC(1543) ParOldGen: 192434K(192512K)->192442K(192512K)
[561.907s][info][gc,metaspace   ] GC(1543) Metaspace: 35428K(36160K)->35428K(36160K) NonClass: 29156K(29696K)->29156K(29696K) Class: 6271K(6464K)->6271K(6464K)
[561.907s][info][gc             ] GC(1543) Pause Young (Allocation Failure) 420M->187M(412M) 2.292ms
[561.907s][info][gc,cpu         ] GC(1543) User=0.00s Sys=0.00s Real=0.00s
[562.216s][info][gc,start       ] GC(1544) Pause Young (Allocation Failure)
[562.217s][info][gc,heap        ] GC(1544) PSYoungGen: 228896K(229376K)->64K(228864K) Eden: 228864K(228864K)->0K(220160K) From: 32K(512K)->64K(8704K)
[562.217s][info][gc,heap        ] GC(1544) ParOldGen: 192442K(192512K)->192450K(192512K)
[562.217s][info][gc,metaspace   ] GC(1544) Metaspace: 35428K(36160K)->35428K(36160K) NonClass: 29156K(29696K)->29156K(29696K) Class: 6271K(6464K)->6271K(6464K)
[562.217s][info][gc             ] GC(1544) Pause Young (Allocation Failure) 411M->188M(411M) 0.981ms
[562.217s][info][gc,cpu         ] GC(1544) User=0.00s Sys=0.00s Real=0.00s
[562.338s][info][gc,start       ] GC(1545) Pause Young (Allocation Failure)
[562.340s][info][gc,heap        ] GC(1545) PSYoungGen: 220224K(228864K)->64K(212480K) Eden: 220160K(220160K)->0K(211968K) From: 64K(8704K)->64K(512K)
[562.340s][info][gc,heap        ] GC(1545) ParOldGen: 192450K(192512K)->192458K(192512K)
[562.340s][info][gc,metaspace   ] GC(1545) Metaspace: 35428K(36160K)->35428K(36160K) NonClass: 29156K(29696K)->29156K(29696K) Class: 6271K(6464K)->6271K(6464K)
[562.340s][info][gc             ] GC(1545) Pause Young (Allocation Failure) 403M->188M(395M) 2.293ms
[562.340s][info][gc,cpu         ] GC(1545) User=0.00s Sys=0.00s Real=0.00s
[562.498s][info][gc,start       ] GC(1546) Pause Young (Allocation Failure)
[562.499s][info][gc,heap        ] GC(1546) PSYoungGen: 212032K(212480K)->64K(211456K) Eden: 211968K(211968K)->0K(204288K) From: 64K(512K)->64K(7168K)
[562.499s][info][gc,heap        ] GC(1546) ParOldGen: 192458K(192512K)->192474K(192512K)
[562.499s][info][gc,metaspace   ] GC(1546) Metaspace: 35428K(36160K)->35428K(36160K) NonClass: 29156K(29696K)->29156K(29696K) Class: 6271K(6464K)->6271K(6464K)
[562.499s][info][gc             ] GC(1546) Pause Young (Allocation Failure) 395M->188M(394M) 1.558ms
[562.499s][info][gc,cpu         ] GC(1546) User=0.00s Sys=0.00s Real=0.00s
[563.030s][info][gc,start       ] GC(1547) Pause Young (Allocation Failure)
[563.033s][info][gc,heap        ] GC(1547) PSYoungGen: 204352K(211456K)->32K(197632K) Eden: 204288K(204288K)->0K(197120K) From: 64K(7168K)->32K(512K)
[563.033s][info][gc,heap        ] GC(1547) ParOldGen: 192474K(192512K)->192482K(192512K)
[563.033s][info][gc,metaspace   ] GC(1547) Metaspace: 35428K(36160K)->35428K(36160K) NonClass: 29156K(29696K)->29156K(29696K) Class: 6271K(6464K)->6271K(6464K)
[563.033s][info][gc             ] GC(1547) Pause Young (Allocation Failure) 387M->188M(381M) 2.175ms
[563.033s][info][gc,cpu         ] GC(1547) User=0.00s Sys=0.00s Real=0.00s
[563.159s][info][gc,start       ] GC(1548) Pause Young (Allocation Failure)
[563.160s][info][gc,heap        ] GC(1548) PSYoungGen: 197152K(197632K)->64K(196096K) Eden: 197120K(197120K)->0K(189952K) From: 32K(512K)->64K(6144K)
[563.160s][info][gc,heap        ] GC(1548) ParOldGen: 192482K(192512K)->192498K(192512K)
[563.160s][info][gc,metaspace   ] GC(1548) Metaspace: 35428K(36160K)->35428K(36160K) NonClass: 29156K(29696K)->29156K(29696K) Class: 6271K(6464K)->6271K(6464K)
[563.160s][info][gc             ] GC(1548) Pause Young (Allocation Failure) 380M->188M(379M) 1.542ms
[563.160s][info][gc,cpu         ] GC(1548) User=0.01s Sys=0.00s Real=0.00s
[563.419s][info][gc,start       ] GC(1549) Pause Young (Allocation Failure)
[563.433s][info][gc,heap        ] GC(1549) PSYoungGen: 190016K(196096K)->6144K(233472K) Eden: 189952K(189952K)->0K(227328K) From: 64K(6144K)->6144K(6144K)
[563.433s][info][gc,heap        ] GC(1549) ParOldGen: 192498K(192512K)->193834K(194048K)
[563.433s][info][gc,metaspace   ] GC(1549) Metaspace: 35428K(36160K)->35428K(36160K) NonClass: 29156K(29696K)->29156K(29696K) Class: 6271K(6464K)->6271K(6464K)
[563.433s][info][gc             ] GC(1549) Pause Young (Allocation Failure) 373M->195M(417M) 13.846ms
[563.433s][info][gc,cpu         ] GC(1549) User=0.02s Sys=0.00s Real=0.01s
[563.674s][info][gc,start       ] GC(1550) Pause Young (Allocation Failure)
[563.719s][info][gc,heap        ] GC(1550) PSYoungGen: 233472K(233472K)->8192K(267776K) Eden: 227328K(227328K)->0K(259584K) From: 6144K(6144K)->8192K(8192K)
[563.719s][info][gc,heap        ] GC(1550) ParOldGen: 193834K(194048K)->209762K(209920K)
[563.719s][info][gc,metaspace   ] GC(1550) Metaspace: 35428K(36160K)->35428K(36160K) NonClass: 29156K(29696K)->29156K(29696K) Class: 6271K(6464K)->6271K(6464K)
[563.719s][info][gc             ] GC(1550) Pause Young (Allocation Failure) 417M->212M(466M) 45.559ms
[563.719s][info][gc,cpu         ] GC(1550) User=0.08s Sys=0.01s Real=0.05s
[563.996s][info][gc,start       ] GC(1551) Pause Young (Allocation Failure)
[564.055s][info][gc,heap        ] GC(1551) PSYoungGen: 267776K(267776K)->15872K(280576K) Eden: 259584K(259584K)->0K(264704K) From: 8192K(8192K)->15872K(15872K)
[564.055s][info][gc,heap        ] GC(1551) ParOldGen: 209762K(209920K)->221946K(222208K)
[564.055s][info][gc,metaspace   ] GC(1551) Metaspace: 35428K(36160K)->35428K(36160K) NonClass: 29156K(29696K)->29156K(29696K) Class: 6271K(6464K)->6271K(6464K)
[564.055s][info][gc             ] GC(1551) Pause Young (Allocation Failure) 466M->232M(491M) 59.784ms
[564.056s][info][gc,cpu         ] GC(1551) User=0.11s Sys=0.02s Real=0.06s
[564.198s][info][gc,start       ] GC(1552) Pause Young (Allocation Failure)
[564.216s][info][gc,heap        ] GC(1552) PSYoungGen: 280576K(280576K)->9952K(288256K) Eden: 264704K(264704K)->0K(264704K) From: 15872K(15872K)->9952K(23552K)
[564.216s][info][gc,heap        ] GC(1552) ParOldGen: 221946K(222208K)->222394K(222720K)
[564.216s][info][gc,metaspace   ] GC(1552) Metaspace: 35428K(36160K)->35428K(36160K) NonClass: 29156K(29696K)->29156K(29696K) Class: 6271K(6464K)->6271K(6464K)
[564.216s][info][gc             ] GC(1552) Pause Young (Allocation Failure) 490M->226M(499M) 18.747ms
[564.216s][info][gc,cpu         ] GC(1552) User=0.04s Sys=0.00s Real=0.02s
[564.535s][info][gc,start       ] GC(1553) Pause Young (Allocation Failure)
[564.536s][info][gc,heap        ] GC(1553) PSYoungGen: 274656K(288256K)->64K(308224K) Eden: 264704K(264704K)->0K(286720K) From: 9952K(23552K)->64K(21504K)
[564.536s][info][gc,heap        ] GC(1553) ParOldGen: 222394K(222720K)->222402K(222720K)
[564.536s][info][gc,metaspace   ] GC(1553) Metaspace: 35428K(36160K)->35428K(36160K) NonClass: 29156K(29696K)->29156K(29696K) Class: 6271K(6464K)->6271K(6464K)
[564.536s][info][gc             ] GC(1553) Pause Young (Allocation Failure) 485M->217M(518M) 1.139ms
[564.536s][info][gc,cpu         ] GC(1553) User=0.00s Sys=0.00s Real=0.00s
[565.167s][info][gc,start       ] GC(1554) Pause Young (Allocation Failure)
[565.168s][info][gc,heap        ] GC(1554) PSYoungGen: 286784K(308224K)->64K(309248K) Eden: 286720K(286720K)->0K(286720K) From: 64K(21504K)->64K(22528K)
[565.168s][info][gc,heap        ] GC(1554) ParOldGen: 222402K(222720K)->222410K(222720K)
[565.168s][info][gc,metaspace   ] GC(1554) Metaspace: 35428K(36160K)->35428K(36160K) NonClass: 29156K(29696K)->29156K(29696K) Class: 6271K(6464K)->6271K(6464K)
[565.168s][info][gc             ] GC(1554) Pause Young (Allocation Failure) 497M->217M(519M) 1.162ms
[565.168s][info][gc,cpu         ] GC(1554) User=0.00s Sys=0.00s Real=0.00s
[565.597s][info][gc,start       ] GC(1555) Pause Young (Allocation Failure)
[565.598s][info][gc,heap        ] GC(1555) PSYoungGen: 286784K(309248K)->64K(309760K) Eden: 286720K(286720K)->0K(289280K) From: 64K(22528K)->64K(20480K)
[565.598s][info][gc,heap        ] GC(1555) ParOldGen: 222410K(222720K)->222426K(222720K)
[565.598s][info][gc,metaspace   ] GC(1555) Metaspace: 35428K(36160K)->35428K(36160K) NonClass: 29156K(29696K)->29156K(29696K) Class: 6271K(6464K)->6271K(6464K)
[565.598s][info][gc             ] GC(1555) Pause Young (Allocation Failure) 497M->217M(520M) 1.135ms
[565.598s][info][gc,cpu         ] GC(1555) User=0.00s Sys=0.01s Real=0.00s
[565.789s][info][gc,start       ] GC(1556) Pause Young (Allocation Failure)
[565.790s][info][gc,heap        ] GC(1556) PSYoungGen: 289344K(309760K)->64K(310784K) Eden: 289280K(289280K)->0K(289280K) From: 64K(20480K)->64K(21504K)
[565.790s][info][gc,heap        ] GC(1556) ParOldGen: 222426K(222720K)->222442K(222720K)
[565.790s][info][gc,metaspace   ] GC(1556) Metaspace: 35428K(36160K)->35428K(36160K) NonClass: 29156K(29696K)->29156K(29696K) Class: 6271K(6464K)->6271K(6464K)
[565.790s][info][gc             ] GC(1556) Pause Young (Allocation Failure) 499M->217M(521M) 1.055ms
[565.790s][info][gc,cpu         ] GC(1556) User=0.00s Sys=0.00s Real=0.00s
[565.978s][info][gc,start       ] GC(1557) Pause Young (Allocation Failure)
[565.979s][info][gc,heap        ] GC(1557) PSYoungGen: 289344K(310784K)->64K(310272K) Eden: 289280K(289280K)->0K(291840K) From: 64K(21504K)->64K(18432K)
[565.979s][info][gc,heap        ] GC(1557) ParOldGen: 222442K(222720K)->222442K(222720K)
[565.979s][info][gc,metaspace   ] GC(1557) Metaspace: 35428K(36160K)->35428K(36160K) NonClass: 29156K(29696K)->29156K(29696K) Class: 6271K(6464K)->6271K(6464K)
[565.979s][info][gc             ] GC(1557) Pause Young (Allocation Failure) 499M->217M(520M) 1.054ms
[565.979s][info][gc,cpu         ] GC(1557) User=0.00s Sys=0.00s Real=0.00s
[566.285s][info][gc,start       ] GC(1558) Pause Young (Allocation Failure)
[566.286s][info][gc,heap        ] GC(1558) PSYoungGen: 291904K(310272K)->64K(311296K) Eden: 291840K(291840K)->0K(291840K) From: 64K(18432K)->64K(19456K)
[566.287s][info][gc,heap        ] GC(1558) ParOldGen: 222442K(222720K)->222442K(222720K)
[566.287s][info][gc,metaspace   ] GC(1558) Metaspace: 35428K(36160K)->35428K(36160K) NonClass: 29156K(29696K)->29156K(29696K) Class: 6271K(6464K)->6271K(6464K)
[566.287s][info][gc             ] GC(1558) Pause Young (Allocation Failure) 502M->217M(521M) 1.076ms
[566.287s][info][gc,cpu         ] GC(1558) User=0.00s Sys=0.00s Real=0.00s
[566.418s][info][gc,start       ] GC(1559) Pause Young (Allocation Failure)
[566.419s][info][gc,heap        ] GC(1559) PSYoungGen: 291904K(311296K)->64K(313344K) Eden: 291840K(291840K)->0K(295936K) From: 64K(19456K)->64K(17408K)
[566.419s][info][gc,heap        ] GC(1559) ParOldGen: 222442K(222720K)->222450K(222720K)
[566.419s][info][gc,metaspace   ] GC(1559) Metaspace: 35428K(36160K)->35428K(36160K) NonClass: 29156K(29696K)->29156K(29696K) Class: 6271K(6464K)->6271K(6464K)
[566.419s][info][gc             ] GC(1559) Pause Young (Allocation Failure) 502M->217M(523M) 1.048ms
[566.419s][info][gc,cpu         ] GC(1559) User=0.00s Sys=0.00s Real=0.00s
[566.473s][info][gc,start       ] GC(1560) Pause Young (Allocation Failure)
[566.474s][info][gc,heap        ] GC(1560) PSYoungGen: 296000K(313344K)->64K(313856K) Eden: 295936K(295936K)->0K(295936K) From: 64K(17408K)->64K(17920K)
[566.474s][info][gc,heap        ] GC(1560) ParOldGen: 222450K(222720K)->222466K(222720K)
[566.474s][info][gc,metaspace   ] GC(1560) Metaspace: 35428K(36160K)->35428K(36160K) NonClass: 29156K(29696K)->29156K(29696K) Class: 6271K(6464K)->6271K(6464K)
[566.474s][info][gc             ] GC(1560) Pause Young (Allocation Failure) 506M->217M(524M) 1.014ms
[566.474s][info][gc,cpu         ] GC(1560) User=0.01s Sys=0.00s Real=0.00s
[566.603s][info][gc,start       ] GC(1561) Pause Young (Allocation Failure)
[566.604s][info][gc,heap        ] GC(1561) PSYoungGen: 296000K(313856K)->64K(314368K) Eden: 295936K(295936K)->0K(299008K) From: 64K(17920K)->64K(15360K)
[566.604s][info][gc,heap        ] GC(1561) ParOldGen: 222466K(222720K)->222466K(222720K)
[566.604s][info][gc,metaspace   ] GC(1561) Metaspace: 35428K(36160K)->35428K(36160K) NonClass: 29156K(29696K)->29156K(29696K) Class: 6271K(6464K)->6271K(6464K)
[566.604s][info][gc             ] GC(1561) Pause Young (Allocation Failure) 506M->217M(524M) 1.079ms
[566.604s][info][gc,cpu         ] GC(1561) User=0.01s Sys=0.00s Real=0.00s
[566.856s][info][gc,start       ] GC(1562) Pause Young (Allocation Failure)
[566.857s][info][gc,heap        ] GC(1562) PSYoungGen: 299072K(314368K)->64K(314880K) Eden: 299008K(299008K)->0K(299008K) From: 64K(15360K)->64K(15872K)
[566.857s][info][gc,heap        ] GC(1562) ParOldGen: 222466K(222720K)->222474K(222720K)
[566.857s][info][gc,metaspace   ] GC(1562) Metaspace: 35428K(36160K)->35428K(36160K) NonClass: 29156K(29696K)->29156K(29696K) Class: 6271K(6464K)->6271K(6464K)
[566.857s][info][gc             ] GC(1562) Pause Young (Allocation Failure) 509M->217M(525M) 1.103ms
[566.857s][info][gc,cpu         ] GC(1562) User=0.00s Sys=0.00s Real=0.00s
[567.020s][info][gc,start       ] GC(1563) Pause Young (Allocation Failure)
[567.022s][info][gc,heap        ] GC(1563) PSYoungGen: 299072K(314880K)->64K(317440K) Eden: 299008K(299008K)->0K(303104K) From: 64K(15872K)->64K(14336K)
[567.022s][info][gc,heap        ] GC(1563) ParOldGen: 222474K(222720K)->222482K(222720K)
[567.022s][info][gc,metaspace   ] GC(1563) Metaspace: 35428K(36160K)->35428K(36160K) NonClass: 29156K(29696K)->29156K(29696K) Class: 6271K(6464K)->6271K(6464K)
[567.022s][info][gc             ] GC(1563) Pause Young (Allocation Failure) 509M->217M(527M) 1.099ms
[567.022s][info][gc,cpu         ] GC(1563) User=0.00s Sys=0.00s Real=0.00s
[567.102s][info][gc,start       ] GC(1564) Pause Young (Allocation Failure)
[567.103s][info][gc,heap        ] GC(1564) PSYoungGen: 303168K(317440K)->64K(317440K) Eden: 303104K(303104K)->0K(303104K) From: 64K(14336K)->64K(14336K)
[567.103s][info][gc,heap        ] GC(1564) ParOldGen: 222482K(222720K)->222498K(222720K)
[567.103s][info][gc,metaspace   ] GC(1564) Metaspace: 35428K(36160K)->35428K(36160K) NonClass: 29156K(29696K)->29156K(29696K) Class: 6271K(6464K)->6271K(6464K)
[567.103s][info][gc             ] GC(1564) Pause Young (Allocation Failure) 513M->217M(527M) 1.041ms
[567.103s][info][gc,cpu         ] GC(1564) User=0.01s Sys=0.00s Real=0.00s
[567.267s][info][gc,start       ] GC(1565) Pause Young (Allocation Failure)
[567.268s][info][gc,heap        ] GC(1565) PSYoungGen: 303168K(317440K)->64K(291328K) Eden: 303104K(303104K)->0K(290816K) From: 64K(14336K)->64K(512K)
[567.268s][info][gc,heap        ] GC(1565) ParOldGen: 222498K(222720K)->222498K(222720K)
[567.268s][info][gc,metaspace   ] GC(1565) Metaspace: 35428K(36160K)->35428K(36160K) NonClass: 29156K(29696K)->29156K(29696K) Class: 6271K(6464K)->6271K(6464K)
[567.268s][info][gc             ] GC(1565) Pause Young (Allocation Failure) 513M->217M(502M) 1.112ms
[567.268s][info][gc,cpu         ] GC(1565) User=0.00s Sys=0.00s Real=0.00s
[567.665s][info][gc,start       ] GC(1566) Pause Young (Allocation Failure)
[567.666s][info][gc,heap        ] GC(1566) PSYoungGen: 290880K(291328K)->64K(291328K) Eden: 290816K(290816K)->0K(279040K) From: 64K(512K)->64K(12288K)
[567.666s][info][gc,heap        ] GC(1566) ParOldGen: 222498K(222720K)->222506K(222720K)
[567.666s][info][gc,metaspace   ] GC(1566) Metaspace: 35428K(36160K)->35428K(36160K) NonClass: 29156K(29696K)->29156K(29696K) Class: 6271K(6464K)->6271K(6464K)
[567.666s][info][gc             ] GC(1566) Pause Young (Allocation Failure) 501M->217M(502M) 1.043ms
[567.666s][info][gc,cpu         ] GC(1566) User=0.00s Sys=0.00s Real=0.00s
[568.631s][info][gc,start       ] GC(1567) Pause Young (Allocation Failure)
[568.632s][info][gc,heap        ] GC(1567) PSYoungGen: 279104K(291328K)->64K(268800K) Eden: 279040K(279040K)->0K(268288K) From: 64K(12288K)->64K(512K)
[568.632s][info][gc,heap        ] GC(1567) ParOldGen: 222506K(222720K)->222514K(222720K)
[568.632s][info][gc,metaspace   ] GC(1567) Metaspace: 35428K(36160K)->35428K(36160K) NonClass: 29156K(29696K)->29156K(29696K) Class: 6271K(6464K)->6271K(6464K)
[568.632s][info][gc             ] GC(1567) Pause Young (Allocation Failure) 489M->217M(480M) 1.091ms
[568.632s][info][gc,cpu         ] GC(1567) User=0.00s Sys=0.00s Real=0.00s
[569.256s][info][gc,start       ] GC(1568) Pause Young (Allocation Failure)
[569.257s][info][gc,heap        ] GC(1568) PSYoungGen: 268352K(268800K)->64K(268800K) Eden: 268288K(268288K)->0K(258048K) From: 64K(512K)->64K(10752K)
[569.257s][info][gc,heap        ] GC(1568) ParOldGen: 222514K(222720K)->222522K(222720K)
[569.257s][info][gc,metaspace   ] GC(1568) Metaspace: 35428K(36160K)->35428K(36160K) NonClass: 29156K(29696K)->29156K(29696K) Class: 6271K(6464K)->6271K(6464K)
[569.257s][info][gc             ] GC(1568) Pause Young (Allocation Failure) 479M->217M(480M) 0.991ms
[569.257s][info][gc,cpu         ] GC(1568) User=0.00s Sys=0.00s Real=0.00s
[569.691s][info][gc,start       ] GC(1569) Pause Young (Allocation Failure)
[569.692s][info][gc,heap        ] GC(1569) PSYoungGen: 258112K(268800K)->64K(248832K) Eden: 258048K(258048K)->0K(248320K) From: 64K(10752K)->64K(512K)
[569.693s][info][gc,heap        ] GC(1569) ParOldGen: 222522K(222720K)->222530K(222720K)
[569.693s][info][gc,metaspace   ] GC(1569) Metaspace: 35428K(36160K)->35428K(36160K) NonClass: 29156K(29696K)->29156K(29696K) Class: 6271K(6464K)->6271K(6464K)
[569.693s][info][gc             ] GC(1569) Pause Young (Allocation Failure) 469M->217M(460M) 1.598ms
[569.693s][info][gc,cpu         ] GC(1569) User=0.01s Sys=0.00s Real=0.00s
[570.634s][info][gc,start       ] GC(1570) Pause Young (Allocation Failure)
[570.635s][info][gc,heap        ] GC(1570) PSYoungGen: 248384K(248832K)->64K(248320K) Eden: 248320K(248320K)->0K(238592K) From: 64K(512K)->64K(9728K)
[570.635s][info][gc,heap        ] GC(1570) ParOldGen: 222530K(222720K)->222538K(222720K)
[570.635s][info][gc,metaspace   ] GC(1570) Metaspace: 35428K(36160K)->35428K(36160K) NonClass: 29156K(29696K)->29156K(29696K) Class: 6271K(6464K)->6271K(6464K)
[570.635s][info][gc             ] GC(1570) Pause Young (Allocation Failure) 459M->217M(460M) 1.046ms
[570.635s][info][gc,cpu         ] GC(1570) User=0.01s Sys=0.00s Real=0.01s
[570.837s][info][gc,start       ] GC(1571) Pause Young (Allocation Failure)
[570.839s][info][gc,heap        ] GC(1571) PSYoungGen: 238656K(248320K)->64K(229888K) Eden: 238592K(238592K)->0K(229376K) From: 64K(9728K)->64K(512K)
[570.839s][info][gc,heap        ] GC(1571) ParOldGen: 222538K(222720K)->222546K(222720K)
[570.839s][info][gc,metaspace   ] GC(1571) Metaspace: 35428K(36160K)->35428K(36160K) NonClass: 29156K(29696K)->29156K(29696K) Class: 6271K(6464K)->6271K(6464K)
[570.839s][info][gc             ] GC(1571) Pause Young (Allocation Failure) 450M->217M(442M) 1.945ms
[570.839s][info][gc,cpu         ] GC(1571) User=0.00s Sys=0.00s Real=0.00s
[571.164s][info][gc,start       ] GC(1572) Pause Young (Allocation Failure)
[571.166s][info][gc,heap        ] GC(1572) PSYoungGen: 229440K(229888K)->64K(228864K) Eden: 229376K(229376K)->0K(220672K) From: 64K(512K)->64K(8192K)
[571.166s][info][gc,heap        ] GC(1572) ParOldGen: 222546K(222720K)->222554K(222720K)
[571.166s][info][gc,metaspace   ] GC(1572) Metaspace: 35428K(36160K)->35428K(36160K) NonClass: 29156K(29696K)->29156K(29696K) Class: 6271K(6464K)->6271K(6464K)
[571.166s][info][gc             ] GC(1572) Pause Young (Allocation Failure) 441M->217M(441M) 1.805ms
[571.166s][info][gc,cpu         ] GC(1572) User=0.00s Sys=0.00s Real=0.01s
[571.264s][info][gc,start       ] GC(1573) Pause Young (Allocation Failure)
[571.266s][info][gc,heap        ] GC(1573) PSYoungGen: 220736K(228864K)->64K(212992K) Eden: 220672K(220672K)->0K(212480K) From: 64K(8192K)->64K(512K)
[571.266s][info][gc,heap        ] GC(1573) ParOldGen: 222554K(222720K)->222570K(222720K)
[571.266s][info][gc,metaspace   ] GC(1573) Metaspace: 35428K(36160K)->35428K(36160K) NonClass: 29156K(29696K)->29156K(29696K) Class: 6271K(6464K)->6271K(6464K)
[571.266s][info][gc             ] GC(1573) Pause Young (Allocation Failure) 432M->217M(425M) 2.262ms
[571.266s][info][gc,cpu         ] GC(1573) User=0.00s Sys=0.00s Real=0.01s
[571.470s][info][gc,start       ] GC(1574) Pause Young (Allocation Failure)
[571.472s][info][gc,heap        ] GC(1574) PSYoungGen: 212544K(212992K)->64K(211968K) Eden: 212480K(212480K)->0K(204800K) From: 64K(512K)->64K(7168K)
[571.472s][info][gc,heap        ] GC(1574) ParOldGen: 222570K(222720K)->222586K(222720K)
[571.472s][info][gc,metaspace   ] GC(1574) Metaspace: 35428K(36160K)->35428K(36160K) NonClass: 29156K(29696K)->29156K(29696K) Class: 6271K(6464K)->6271K(6464K)
[571.472s][info][gc             ] GC(1574) Pause Young (Allocation Failure) 424M->217M(424M) 1.743ms
[571.472s][info][gc,cpu         ] GC(1574) User=0.00s Sys=0.00s Real=0.00s
[571.966s][info][gc,start       ] GC(1575) Pause Young (Allocation Failure)
[571.968s][info][gc,heap        ] GC(1575) PSYoungGen: 204864K(211968K)->64K(197632K) Eden: 204800K(204800K)->0K(197120K) From: 64K(7168K)->64K(512K)
[571.968s][info][gc,heap        ] GC(1575) ParOldGen: 222586K(222720K)->222594K(222720K)
[571.968s][info][gc,metaspace   ] GC(1575) Metaspace: 35428K(36160K)->35428K(36160K) NonClass: 29156K(29696K)->29156K(29696K) Class: 6271K(6464K)->6271K(6464K)
[571.968s][info][gc             ] GC(1575) Pause Young (Allocation Failure) 417M->217M(410M) 2.486ms
[571.968s][info][gc,cpu         ] GC(1575) User=0.00s Sys=0.00s Real=0.00s
[572.114s][info][gc,start       ] GC(1576) Pause Young (Allocation Failure)
[572.116s][info][gc,heap        ] GC(1576) PSYoungGen: 197184K(197632K)->32K(196096K) Eden: 197120K(197120K)->0K(189952K) From: 64K(512K)->32K(6144K)
[572.116s][info][gc,heap        ] GC(1576) ParOldGen: 222594K(222720K)->222602K(222720K)
[572.116s][info][gc,metaspace   ] GC(1576) Metaspace: 35428K(36160K)->35428K(36160K) NonClass: 29156K(29696K)->29156K(29696K) Class: 6271K(6464K)->6271K(6464K)
[572.116s][info][gc             ] GC(1576) Pause Young (Allocation Failure) 409M->217M(409M) 1.529ms
[572.116s][info][gc,cpu         ] GC(1576) User=0.00s Sys=0.00s Real=0.00s
[572.371s][info][gc,start       ] GC(1577) Pause Young (Allocation Failure)
[572.391s][info][gc,heap        ] GC(1577) PSYoungGen: 189984K(196096K)->5632K(232960K) Eden: 189952K(189952K)->0K(227328K) From: 32K(6144K)->5632K(5632K)
[572.391s][info][gc,heap        ] GC(1577) ParOldGen: 222602K(222720K)->226498K(226816K)
[572.391s][info][gc,metaspace   ] GC(1577) Metaspace: 35428K(36160K)->35428K(36160K) NonClass: 29156K(29696K)->29156K(29696K) Class: 6271K(6464K)->6271K(6464K)
[572.391s][info][gc             ] GC(1577) Pause Young (Allocation Failure) 402M->226M(449M) 20.149ms
[572.391s][info][gc,cpu         ] GC(1577) User=0.03s Sys=0.00s Real=0.02s
[572.632s][info][gc,start       ] GC(1578) Pause Young (Allocation Failure)
[572.678s][info][gc,heap        ] GC(1578) PSYoungGen: 232960K(232960K)->8704K(267776K) Eden: 227328K(227328K)->0K(259072K) From: 5632K(5632K)->8704K(8704K)
[572.678s][info][gc,heap        ] GC(1578) ParOldGen: 226498K(226816K)->242010K(242176K)
[572.678s][info][gc,metaspace   ] GC(1578) Metaspace: 35428K(36160K)->35428K(36160K) NonClass: 29156K(29696K)->29156K(29696K) Class: 6271K(6464K)->6271K(6464K)
[572.678s][info][gc             ] GC(1578) Pause Young (Allocation Failure) 448M->244M(498M) 46.658ms
[572.678s][info][gc,cpu         ] GC(1578) User=0.08s Sys=0.01s Real=0.05s
[572.953s][info][gc,start       ] GC(1579) Pause Young (Allocation Failure)
[573.013s][info][gc,heap        ] GC(1579) PSYoungGen: 267776K(267776K)->16384K(281088K) Eden: 259072K(259072K)->0K(264704K) From: 8704K(8704K)->16384K(16384K)
[573.013s][info][gc,heap        ] GC(1579) ParOldGen: 242010K(242176K)->253610K(253952K)
[573.013s][info][gc,metaspace   ] GC(1579) Metaspace: 35428K(36160K)->35428K(36160K) NonClass: 29156K(29696K)->29156K(29696K) Class: 6271K(6464K)->6271K(6464K)
[573.013s][info][gc             ] GC(1579) Pause Young (Allocation Failure) 497M->263M(522M) 59.326ms
[573.013s][info][gc,cpu         ] GC(1579) User=0.10s Sys=0.03s Real=0.06s
[573.137s][info][gc,start       ] GC(1580) Pause Young (Allocation Failure)
[573.153s][info][gc,heap        ] GC(1580) PSYoungGen: 281088K(281088K)->7968K(288768K) Eden: 264704K(264704K)->0K(264704K) From: 16384K(16384K)->7968K(24064K)
[573.153s][info][gc,heap        ] GC(1580) ParOldGen: 253610K(253952K)->254026K(254464K)
[573.153s][info][gc,metaspace   ] GC(1580) Metaspace: 35428K(36160K)->35428K(36160K) NonClass: 29156K(29696K)->29156K(29696K) Class: 6271K(6464K)->6271K(6464K)
[573.153s][info][gc             ] GC(1580) Pause Young (Allocation Failure) 522M->255M(530M) 15.654ms
[573.153s][info][gc,cpu         ] GC(1580) User=0.03s Sys=0.00s Real=0.01s
[573.518s][info][gc,start       ] GC(1581) Pause Young (Allocation Failure)
[573.520s][info][gc,heap        ] GC(1581) PSYoungGen: 272672K(288768K)->64K(307712K) Eden: 264704K(264704K)->0K(286720K) From: 7968K(24064K)->64K(20992K)
[573.520s][info][gc,heap        ] GC(1581) ParOldGen: 254026K(254464K)->254034K(254464K)
[573.520s][info][gc,metaspace   ] GC(1581) Metaspace: 35428K(36160K)->35428K(36160K) NonClass: 29156K(29696K)->29156K(29696K) Class: 6271K(6464K)->6271K(6464K)
[573.520s][info][gc             ] GC(1581) Pause Young (Allocation Failure) 514M->248M(549M) 1.262ms
[573.520s][info][gc,cpu         ] GC(1581) User=0.00s Sys=0.00s Real=0.00s
[574.124s][info][gc,start       ] GC(1582) Pause Young (Allocation Failure)
[574.125s][info][gc,heap        ] GC(1582) PSYoungGen: 286784K(307712K)->64K(309248K) Eden: 286720K(286720K)->0K(286720K) From: 64K(20992K)->64K(22528K)
[574.125s][info][gc,heap        ] GC(1582) ParOldGen: 254034K(254464K)->254042K(254464K)
[574.125s][info][gc,metaspace   ] GC(1582) Metaspace: 35428K(36160K)->35428K(36160K) NonClass: 29156K(29696K)->29156K(29696K) Class: 6271K(6464K)->6271K(6464K)
[574.125s][info][gc             ] GC(1582) Pause Young (Allocation Failure) 528M->248M(550M) 1.222ms
[574.125s][info][gc,cpu         ] GC(1582) User=0.00s Sys=0.00s Real=0.01s
[574.544s][info][gc,start       ] GC(1583) Pause Young (Allocation Failure)
[574.545s][info][gc,heap        ] GC(1583) PSYoungGen: 286784K(309248K)->64K(309760K) Eden: 286720K(286720K)->0K(289792K) From: 64K(22528K)->64K(19968K)
[574.545s][info][gc,heap        ] GC(1583) ParOldGen: 254042K(254464K)->254058K(254464K)
[574.545s][info][gc,metaspace   ] GC(1583) Metaspace: 35428K(36160K)->35428K(36160K) NonClass: 29156K(29696K)->29156K(29696K) Class: 6271K(6464K)->6271K(6464K)
[574.545s][info][gc             ] GC(1583) Pause Young (Allocation Failure) 528M->248M(551M) 1.221ms
[574.545s][info][gc,cpu         ] GC(1583) User=0.00s Sys=0.00s Real=0.01s
[574.736s][info][gc,start       ] GC(1584) Pause Young (Allocation Failure)
[574.737s][info][gc,heap        ] GC(1584) PSYoungGen: 289856K(309760K)->64K(310784K) Eden: 289792K(289792K)->0K(289792K) From: 64K(19968K)->64K(20992K)
[574.737s][info][gc,heap        ] GC(1584) ParOldGen: 254058K(254464K)->254074K(254464K)
[574.737s][info][gc,metaspace   ] GC(1584) Metaspace: 35428K(36160K)->35428K(36160K) NonClass: 29156K(29696K)->29156K(29696K) Class: 6271K(6464K)->6271K(6464K)
[574.737s][info][gc             ] GC(1584) Pause Young (Allocation Failure) 531M->248M(552M) 1.129ms
[574.737s][info][gc,cpu         ] GC(1584) User=0.00s Sys=0.00s Real=0.00s
[574.926s][info][gc,start       ] GC(1585) Pause Young (Allocation Failure)
[574.927s][info][gc,heap        ] GC(1585) PSYoungGen: 289856K(310784K)->64K(311808K) Eden: 289792K(289792K)->0K(292864K) From: 64K(20992K)->64K(18944K)
[574.927s][info][gc,heap        ] GC(1585) ParOldGen: 254074K(254464K)->254074K(254464K)
[574.927s][info][gc,metaspace   ] GC(1585) Metaspace: 35428K(36160K)->35428K(36160K) NonClass: 29156K(29696K)->29156K(29696K) Class: 6271K(6464K)->6271K(6464K)
[574.927s][info][gc             ] GC(1585) Pause Young (Allocation Failure) 531M->248M(553M) 1.144ms
[574.927s][info][gc,cpu         ] GC(1585) User=0.00s Sys=0.00s Real=0.00s
[575.240s][info][gc,start       ] GC(1586) Pause Young (Allocation Failure)
[575.241s][info][gc,heap        ] GC(1586) PSYoungGen: 292928K(311808K)->64K(312320K) Eden: 292864K(292864K)->0K(292864K) From: 64K(18944K)->64K(19456K)
[575.241s][info][gc,heap        ] GC(1586) ParOldGen: 254074K(254464K)->254074K(254464K)
[575.241s][info][gc,metaspace   ] GC(1586) Metaspace: 35428K(36160K)->35428K(36160K) NonClass: 29156K(29696K)->29156K(29696K) Class: 6271K(6464K)->6271K(6464K)
[575.241s][info][gc             ] GC(1586) Pause Young (Allocation Failure) 534M->248M(553M) 1.160ms
[575.241s][info][gc,cpu         ] GC(1586) User=0.00s Sys=0.00s Real=0.00s
[575.358s][info][gc,start       ] GC(1587) Pause Young (Allocation Failure)
[575.359s][info][gc,heap        ] GC(1587) PSYoungGen: 292928K(312320K)->64K(312832K) Eden: 292864K(292864K)->0K(295936K) From: 64K(19456K)->64K(16896K)
[575.359s][info][gc,heap        ] GC(1587) ParOldGen: 254074K(254464K)->254082K(254464K)
[575.359s][info][gc,metaspace   ] GC(1587) Metaspace: 35428K(36160K)->35428K(36160K) NonClass: 29156K(29696K)->29156K(29696K) Class: 6271K(6464K)->6271K(6464K)
[575.359s][info][gc             ] GC(1587) Pause Young (Allocation Failure) 534M->248M(554M) 1.128ms
[575.359s][info][gc,cpu         ] GC(1587) User=0.00s Sys=0.00s Real=0.00s
[575.411s][info][gc,start       ] GC(1588) Pause Young (Allocation Failure)
[575.412s][info][gc,heap        ] GC(1588) PSYoungGen: 296000K(312832K)->64K(313344K) Eden: 295936K(295936K)->0K(295936K) From: 64K(16896K)->64K(17408K)
[575.412s][info][gc,heap        ] GC(1588) ParOldGen: 254082K(254464K)->254098K(254464K)
[575.412s][info][gc,metaspace   ] GC(1588) Metaspace: 35428K(36160K)->35428K(36160K) NonClass: 29156K(29696K)->29156K(29696K) Class: 6271K(6464K)->6271K(6464K)
[575.413s][info][gc             ] GC(1588) Pause Young (Allocation Failure) 537M->248M(554M) 1.078ms
[575.413s][info][gc,cpu         ] GC(1588) User=0.00s Sys=0.00s Real=0.00s
[575.556s][info][gc,start       ] GC(1589) Pause Young (Allocation Failure)
[575.557s][info][gc,heap        ] GC(1589) PSYoungGen: 296000K(313344K)->64K(315904K) Eden: 295936K(295936K)->0K(300032K) From: 64K(17408K)->64K(15872K)
[575.557s][info][gc,heap        ] GC(1589) ParOldGen: 254098K(254464K)->254098K(254464K)
[575.557s][info][gc,metaspace   ] GC(1589) Metaspace: 35428K(36160K)->35428K(36160K) NonClass: 29156K(29696K)->29156K(29696K) Class: 6271K(6464K)->6271K(6464K)
[575.557s][info][gc             ] GC(1589) Pause Young (Allocation Failure) 537M->248M(557M) 1.191ms
[575.557s][info][gc,cpu         ] GC(1589) User=0.00s Sys=0.00s Real=0.00s
[575.806s][info][gc,start       ] GC(1590) Pause Young (Allocation Failure)
[575.807s][info][gc,heap        ] GC(1590) PSYoungGen: 300096K(315904K)->64K(315904K) Eden: 300032K(300032K)->0K(300032K) From: 64K(15872K)->64K(15872K)
[575.807s][info][gc,heap        ] GC(1590) ParOldGen: 254098K(254464K)->254106K(254464K)
[575.807s][info][gc,metaspace   ] GC(1590) Metaspace: 35428K(36160K)->35428K(36160K) NonClass: 29156K(29696K)->29156K(29696K) Class: 6271K(6464K)->6271K(6464K)
[575.807s][info][gc             ] GC(1590) Pause Young (Allocation Failure) 541M->248M(557M) 1.054ms
[575.807s][info][gc,cpu         ] GC(1590) User=0.00s Sys=0.00s Real=0.00s
[575.962s][info][gc,start       ] GC(1591) Pause Young (Allocation Failure)
[575.963s][info][gc,heap        ] GC(1591) PSYoungGen: 300096K(315904K)->64K(316928K) Eden: 300032K(300032K)->0K(303104K) From: 64K(15872K)->64K(13824K)
[575.963s][info][gc,heap        ] GC(1591) ParOldGen: 254106K(254464K)->254114K(254464K)
[575.963s][info][gc,metaspace   ] GC(1591) Metaspace: 35428K(36160K)->35428K(36160K) NonClass: 29156K(29696K)->29156K(29696K) Class: 6271K(6464K)->6271K(6464K)
[575.963s][info][gc             ] GC(1591) Pause Young (Allocation Failure) 541M->248M(558M) 1.164ms
[575.963s][info][gc,cpu         ] GC(1591) User=0.00s Sys=0.00s Real=0.00s
[576.044s][info][gc,start       ] GC(1592) Pause Young (Allocation Failure)
[576.045s][info][gc,heap        ] GC(1592) PSYoungGen: 303168K(316928K)->64K(316928K) Eden: 303104K(303104K)->0K(303104K) From: 64K(13824K)->64K(13824K)
[576.045s][info][gc,heap        ] GC(1592) ParOldGen: 254114K(254464K)->254130K(254464K)
[576.045s][info][gc,metaspace   ] GC(1592) Metaspace: 35428K(36160K)->35428K(36160K) NonClass: 29156K(29696K)->29156K(29696K) Class: 6271K(6464K)->6271K(6464K)
[576.045s][info][gc             ] GC(1592) Pause Young (Allocation Failure) 544M->248M(558M) 1.162ms
[576.045s][info][gc,cpu         ] GC(1592) User=0.00s Sys=0.00s Real=0.01s
[576.219s][info][gc,start       ] GC(1593) Pause Young (Allocation Failure)
[576.220s][info][gc,heap        ] GC(1593) PSYoungGen: 303168K(316928K)->64K(318464K) Eden: 303104K(303104K)->0K(306688K) From: 64K(13824K)->64K(11776K)
[576.220s][info][gc,heap        ] GC(1593) ParOldGen: 254130K(254464K)->254130K(254464K)
[576.220s][info][gc,metaspace   ] GC(1593) Metaspace: 35428K(36160K)->35428K(36160K) NonClass: 29156K(29696K)->29156K(29696K) Class: 6271K(6464K)->6271K(6464K)
[576.220s][info][gc             ] GC(1593) Pause Young (Allocation Failure) 544M->248M(559M) 1.171ms
[576.220s][info][gc,cpu         ] GC(1593) User=0.00s Sys=0.00s Real=0.00s
[577.202s][info][gc,start       ] GC(1594) Pause Young (Allocation Failure)
[577.203s][info][gc,heap        ] GC(1594) PSYoungGen: 306752K(318464K)->83K(294912K) Eden: 306688K(306688K)->0K(294400K) From: 64K(11776K)->83K(512K)
[577.203s][info][gc,heap        ] GC(1594) ParOldGen: 254130K(254464K)->254138K(254464K)
[577.203s][info][gc,metaspace   ] GC(1594) Metaspace: 35428K(36160K)->35428K(36160K) NonClass: 29156K(29696K)->29156K(29696K) Class: 6271K(6464K)->6271K(6464K)
[577.203s][info][gc             ] GC(1594) Pause Young (Allocation Failure) 547M->248M(536M) 1.156ms
[577.203s][info][gc,cpu         ] GC(1594) User=0.00s Sys=0.00s Real=0.00s
[578.055s][info][gc,start       ] GC(1595) Pause Young (Allocation Failure)
[578.057s][info][gc,heap        ] GC(1595) PSYoungGen: 294483K(294912K)->64K(283136K) Eden: 294400K(294400K)->0K(282624K) From: 83K(512K)->64K(512K)
[578.057s][info][gc,heap        ] GC(1595) ParOldGen: 254138K(254464K)->254146K(254464K)
[578.057s][info][gc,metaspace   ] GC(1595) Metaspace: 35428K(36160K)->35428K(36160K) NonClass: 29156K(29696K)->29156K(29696K) Class: 6271K(6464K)->6271K(6464K)
[578.057s][info][gc             ] GC(1595) Pause Young (Allocation Failure) 535M->248M(525M) 1.184ms
[578.057s][info][gc,cpu         ] GC(1595) User=0.00s Sys=0.00s Real=0.00s
[578.277s][info][gc,start       ] GC(1596) Pause Young (Allocation Failure)
[578.278s][info][gc,heap        ] GC(1596) PSYoungGen: 282688K(283136K)->64K(282112K) Eden: 282624K(282624K)->0K(271360K) From: 64K(512K)->64K(10752K)
[578.278s][info][gc,heap        ] GC(1596) ParOldGen: 254146K(254464K)->254154K(254464K)
[578.278s][info][gc,metaspace   ] GC(1596) Metaspace: 35428K(36160K)->35428K(36160K) NonClass: 29156K(29696K)->29156K(29696K) Class: 6271K(6464K)->6271K(6464K)
[578.278s][info][gc             ] GC(1596) Pause Young (Allocation Failure) 524M->248M(524M) 1.028ms
[578.278s][info][gc,cpu         ] GC(1596) User=0.00s Sys=0.00s Real=0.00s
[578.706s][info][gc,start       ] GC(1597) Pause Young (Allocation Failure)
[578.707s][info][gc,heap        ] GC(1597) PSYoungGen: 271424K(282112K)->64K(261120K) Eden: 271360K(271360K)->0K(260608K) From: 64K(10752K)->64K(512K)
[578.707s][info][gc,heap        ] GC(1597) ParOldGen: 254154K(254464K)->254162K(254464K)
[578.707s][info][gc,metaspace   ] GC(1597) Metaspace: 35428K(36160K)->35428K(36160K) NonClass: 29156K(29696K)->29156K(29696K) Class: 6271K(6464K)->6271K(6464K)
[578.707s][info][gc             ] GC(1597) Pause Young (Allocation Failure) 513M->248M(503M) 1.698ms
[578.707s][info][gc,cpu         ] GC(1597) User=0.00s Sys=0.00s Real=0.00s
[579.669s][info][gc,start       ] GC(1598) Pause Young (Allocation Failure)
[579.671s][info][gc,heap        ] GC(1598) PSYoungGen: 260672K(261120K)->64K(259584K) Eden: 260608K(260608K)->0K(250368K) From: 64K(512K)->64K(9216K)
[579.671s][info][gc,heap        ] GC(1598) ParOldGen: 254162K(254464K)->254178K(254464K)
[579.671s][info][gc,metaspace   ] GC(1598) Metaspace: 35428K(36160K)->35428K(36160K) NonClass: 29156K(29696K)->29156K(29696K) Class: 6271K(6464K)->6271K(6464K)
[579.671s][info][gc             ] GC(1598) Pause Young (Allocation Failure) 502M->248M(502M) 1.701ms
[579.671s][info][gc,cpu         ] GC(1598) User=0.00s Sys=0.00s Real=0.00s
[580.047s][info][gc,start       ] GC(1599) Pause Young (Allocation Failure)
[580.049s][info][gc,heap        ] GC(1599) PSYoungGen: 250432K(259584K)->32K(241152K) Eden: 250368K(250368K)->0K(240640K) From: 64K(9216K)->32K(512K)
[580.049s][info][gc,heap        ] GC(1599) ParOldGen: 254178K(254464K)->254186K(254464K)
[580.050s][info][gc,metaspace   ] GC(1599) Metaspace: 35428K(36160K)->35428K(36160K) NonClass: 29156K(29696K)->29156K(29696K) Class: 6271K(6464K)->6271K(6464K)
[580.050s][info][gc             ] GC(1599) Pause Young (Allocation Failure) 492M->248M(484M) 2.660ms
[580.050s][info][gc,cpu         ] GC(1599) User=0.00s Sys=0.00s Real=0.00s
[580.220s][info][gc,start       ] GC(1600) Pause Young (Allocation Failure)
[580.221s][info][gc,heap        ] GC(1600) PSYoungGen: 240672K(241152K)->64K(239616K) Eden: 240640K(240640K)->0K(231424K) From: 32K(512K)->64K(8192K)
[580.221s][info][gc,heap        ] GC(1600) ParOldGen: 254186K(254464K)->254194K(254464K)
[580.221s][info][gc,metaspace   ] GC(1600) Metaspace: 35428K(36160K)->35428K(36160K) NonClass: 29156K(29696K)->29156K(29696K) Class: 6271K(6464K)->6271K(6464K)
[580.221s][info][gc             ] GC(1600) Pause Young (Allocation Failure) 483M->248M(482M) 1.427ms
[580.221s][info][gc,cpu         ] GC(1600) User=0.00s Sys=0.01s Real=0.00s
[580.302s][info][gc,start       ] GC(1601) Pause Young (Allocation Failure)
[580.303s][info][gc,heap        ] GC(1601) PSYoungGen: 231488K(239616K)->64K(223232K) Eden: 231424K(231424K)->0K(222720K) From: 64K(8192K)->64K(512K)
[580.303s][info][gc,heap        ] GC(1601) ParOldGen: 254194K(254464K)->254202K(254464K)
[580.303s][info][gc,metaspace   ] GC(1601) Metaspace: 35428K(36160K)->35428K(36160K) NonClass: 29156K(29696K)->29156K(29696K) Class: 6271K(6464K)->6271K(6464K)
[580.303s][info][gc             ] GC(1601) Pause Young (Allocation Failure) 474M->248M(466M) 1.494ms
[580.303s][info][gc,cpu         ] GC(1601) User=0.00s Sys=0.00s Real=0.00s
[580.828s][info][gc,start       ] GC(1602) Pause Young (Allocation Failure)
[580.829s][info][gc,heap        ] GC(1602) PSYoungGen: 222784K(223232K)->64K(221696K) Eden: 222720K(222720K)->0K(214528K) From: 64K(512K)->64K(7168K)
[580.829s][info][gc,heap        ] GC(1602) ParOldGen: 254202K(254464K)->254210K(254464K)
[580.829s][info][gc,metaspace   ] GC(1602) Metaspace: 35428K(36160K)->35428K(36160K) NonClass: 29156K(29696K)->29156K(29696K) Class: 6271K(6464K)->6271K(6464K)
[580.829s][info][gc             ] GC(1602) Pause Young (Allocation Failure) 465M->248M(465M) 1.112ms
[580.829s][info][gc,cpu         ] GC(1602) User=0.01s Sys=0.00s Real=0.00s
[581.033s][info][gc,start       ] GC(1603) Pause Young (Allocation Failure)
[581.034s][info][gc,heap        ] GC(1603) PSYoungGen: 214592K(221696K)->64K(207360K) Eden: 214528K(214528K)->0K(206848K) From: 64K(7168K)->64K(512K)
[581.035s][info][gc,heap        ] GC(1603) ParOldGen: 254210K(254464K)->254218K(254464K)
[581.035s][info][gc,metaspace   ] GC(1603) Metaspace: 35428K(36160K)->35428K(36160K) NonClass: 29156K(29696K)->29156K(29696K) Class: 6271K(6464K)->6271K(6464K)
[581.035s][info][gc             ] GC(1603) Pause Young (Allocation Failure) 457M->248M(451M) 1.707ms
[581.035s][info][gc,cpu         ] GC(1603) User=0.00s Sys=0.00s Real=0.01s
[581.322s][info][gc,start       ] GC(1604) Pause Young (Allocation Failure)
[581.332s][info][gc,heap        ] GC(1604) PSYoungGen: 206912K(207360K)->6144K(252416K) Eden: 206848K(206848K)->0K(246272K) From: 64K(512K)->6144K(6144K)
[581.332s][info][gc,heap        ] GC(1604) ParOldGen: 254218K(254464K)->254282K(254464K)
[581.332s][info][gc,metaspace   ] GC(1604) Metaspace: 35428K(36160K)->35428K(36160K) NonClass: 29156K(29696K)->29156K(29696K) Class: 6271K(6464K)->6271K(6464K)
[581.332s][info][gc             ] GC(1604) Pause Young (Allocation Failure) 450M->254M(495M) 9.656ms
[581.332s][info][gc,cpu         ] GC(1604) User=0.01s Sys=0.00s Real=0.01s
[581.593s][info][gc,start       ] GC(1605) Pause Young (Allocation Failure)
[581.645s][info][gc,heap        ] GC(1605) PSYoungGen: 252416K(252416K)->6144K(261120K) Eden: 246272K(246272K)->0K(254976K) From: 6144K(6144K)->6144K(6144K)
[581.645s][info][gc,heap        ] GC(1605) ParOldGen: 254282K(254464K)->274226K(274432K)
[581.645s][info][gc,metaspace   ] GC(1605) Metaspace: 35428K(36160K)->35428K(36160K) NonClass: 29156K(29696K)->29156K(29696K) Class: 6271K(6464K)->6271K(6464K)
[581.645s][info][gc             ] GC(1605) Pause Young (Allocation Failure) 494M->273M(523M) 51.733ms
[581.645s][info][gc,cpu         ] GC(1605) User=0.08s Sys=0.01s Real=0.06s
[581.917s][info][gc,start       ] GC(1606) Pause Young (Allocation Failure)
[581.970s][info][gc,heap        ] GC(1606) PSYoungGen: 261120K(261120K)->16384K(271360K) Eden: 254976K(254976K)->0K(254976K) From: 6144K(6144K)->16384K(16384K)
[581.970s][info][gc,heap        ] GC(1606) ParOldGen: 274226K(274432K)->285570K(285696K)
[581.970s][info][gc,metaspace   ] GC(1606) Metaspace: 35428K(36160K)->35428K(36160K) NonClass: 29156K(29696K)->29156K(29696K) Class: 6271K(6464K)->6271K(6464K)
[581.970s][info][gc             ] GC(1606) Pause Young (Allocation Failure) 522M->294M(544M) 52.600ms
[581.970s][info][gc,cpu         ] GC(1606) User=0.09s Sys=0.01s Real=0.05s
[582.108s][info][gc,start       ] GC(1607) Pause Young (Allocation Failure)
[582.131s][info][gc,heap        ] GC(1607) PSYoungGen: 271360K(271360K)->9728K(310272K) Eden: 254976K(254976K)->0K(286208K) From: 16384K(16384K)->9728K(24064K)
[582.131s][info][gc,heap        ] GC(1607) ParOldGen: 285570K(285696K)->285970K(286208K)
[582.131s][info][gc,metaspace   ] GC(1607) Metaspace: 35428K(36160K)->35428K(36160K) NonClass: 29156K(29696K)->29156K(29696K) Class: 6271K(6464K)->6271K(6464K)
[582.131s][info][gc             ] GC(1607) Pause Young (Allocation Failure) 543M->288M(582M) 23.232ms
[582.131s][info][gc,cpu         ] GC(1607) User=0.04s Sys=0.01s Real=0.02s
[582.495s][info][gc,start       ] GC(1608) Pause Young (Allocation Failure)
[582.496s][info][gc,heap        ] GC(1608) PSYoungGen: 295936K(310272K)->64K(286720K) Eden: 286208K(286208K)->0K(286208K) From: 9728K(24064K)->64K(512K)
[582.496s][info][gc,heap        ] GC(1608) ParOldGen: 285970K(286208K)->285978K(286208K)
[582.496s][info][gc,metaspace   ] GC(1608) Metaspace: 35428K(36160K)->35428K(36160K) NonClass: 29156K(29696K)->29156K(29696K) Class: 6271K(6464K)->6271K(6464K)
[582.496s][info][gc             ] GC(1608) Pause Young (Allocation Failure) 568M->279M(559M) 1.250ms
[582.496s][info][gc,cpu         ] GC(1608) User=0.00s Sys=0.00s Real=0.00s
[583.111s][info][gc,start       ] GC(1609) Pause Young (Allocation Failure)
[583.113s][info][gc,heap        ] GC(1609) PSYoungGen: 286272K(286720K)->64K(310272K) Eden: 286208K(286208K)->0K(287232K) From: 64K(512K)->64K(23040K)
[583.113s][info][gc,heap        ] GC(1609) ParOldGen: 285978K(286208K)->285986K(286208K)
[583.113s][info][gc,metaspace   ] GC(1609) Metaspace: 35428K(36160K)->35428K(36160K) NonClass: 29156K(29696K)->29156K(29696K) Class: 6271K(6464K)->6271K(6464K)
[583.113s][info][gc             ] GC(1609) Pause Young (Allocation Failure) 558M->279M(582M) 1.263ms
[583.113s][info][gc,cpu         ] GC(1609) User=0.00s Sys=0.00s Real=0.00s
[583.536s][info][gc,start       ] GC(1610) Pause Young (Allocation Failure)
[583.538s][info][gc,heap        ] GC(1610) PSYoungGen: 287296K(310272K)->64K(309248K) Eden: 287232K(287232K)->0K(287232K) From: 64K(23040K)->64K(22016K)
[583.538s][info][gc,heap        ] GC(1610) ParOldGen: 285986K(286208K)->286002K(286208K)
[583.538s][info][gc,metaspace   ] GC(1610) Metaspace: 35428K(36160K)->35428K(36160K) NonClass: 29156K(29696K)->29156K(29696K) Class: 6271K(6464K)->6271K(6464K)
[583.538s][info][gc             ] GC(1610) Pause Young (Allocation Failure) 559M->279M(581M) 1.231ms
[583.538s][info][gc,cpu         ] GC(1610) User=0.00s Sys=0.00s Real=0.00s
[583.726s][info][gc,start       ] GC(1611) Pause Young (Allocation Failure)
[583.727s][info][gc,heap        ] GC(1611) PSYoungGen: 287296K(309248K)->64K(310784K) Eden: 287232K(287232K)->0K(289792K) From: 64K(22016K)->64K(20992K)
[583.727s][info][gc,heap        ] GC(1611) ParOldGen: 286002K(286208K)->286018K(286208K)
[583.727s][info][gc,metaspace   ] GC(1611) Metaspace: 35428K(36160K)->35428K(36160K) NonClass: 29156K(29696K)->29156K(29696K) Class: 6271K(6464K)->6271K(6464K)
[583.727s][info][gc             ] GC(1611) Pause Young (Allocation Failure) 559M->279M(583M) 1.253ms
[583.727s][info][gc,cpu         ] GC(1611) User=0.01s Sys=0.00s Real=0.00s
[583.918s][info][gc,start       ] GC(1612) Pause Young (Allocation Failure)
[583.919s][info][gc,heap        ] GC(1612) PSYoungGen: 289856K(310784K)->64K(310272K) Eden: 289792K(289792K)->0K(289792K) From: 64K(20992K)->64K(20480K)
[583.919s][info][gc,heap        ] GC(1612) ParOldGen: 286018K(286208K)->286018K(286208K)
[583.919s][info][gc,metaspace   ] GC(1612) Metaspace: 35428K(36160K)->35428K(36160K) NonClass: 29156K(29696K)->29156K(29696K) Class: 6271K(6464K)->6271K(6464K)
[583.919s][info][gc             ] GC(1612) Pause Young (Allocation Failure) 562M->279M(582M) 1.166ms
[583.919s][info][gc,cpu         ] GC(1612) User=0.01s Sys=0.00s Real=0.00s
[584.231s][info][gc,start       ] GC(1613) Pause Young (Allocation Failure)
[584.233s][info][gc,heap        ] GC(1613) PSYoungGen: 289856K(310272K)->64K(312320K) Eden: 289792K(289792K)->0K(292864K) From: 64K(20480K)->64K(19456K)
[584.233s][info][gc,heap        ] GC(1613) ParOldGen: 286018K(286208K)->286018K(286208K)
[584.233s][info][gc,metaspace   ] GC(1613) Metaspace: 35428K(36160K)->35428K(36160K) NonClass: 29156K(29696K)->29156K(29696K) Class: 6271K(6464K)->6271K(6464K)
[584.233s][info][gc             ] GC(1613) Pause Young (Allocation Failure) 562M->279M(584M) 1.229ms
[584.233s][info][gc,cpu         ] GC(1613) User=0.00s Sys=0.00s Real=0.00s
[584.362s][info][gc,start       ] GC(1614) Pause Young (Allocation Failure)
[584.363s][info][gc,heap        ] GC(1614) PSYoungGen: 292928K(312320K)->64K(311808K) Eden: 292864K(292864K)->0K(292864K) From: 64K(19456K)->64K(18944K)
[584.363s][info][gc,heap        ] GC(1614) ParOldGen: 286018K(286208K)->286026K(286208K)
[584.363s][info][gc,metaspace   ] GC(1614) Metaspace: 35428K(36160K)->35428K(36160K) NonClass: 29156K(29696K)->29156K(29696K) Class: 6271K(6464K)->6271K(6464K)
[584.363s][info][gc             ] GC(1614) Pause Young (Allocation Failure) 565M->279M(584M) 1.281ms
[584.363s][info][gc,cpu         ] GC(1614) User=0.00s Sys=0.00s Real=0.00s
[584.416s][info][gc,start       ] GC(1615) Pause Young (Allocation Failure)
[584.418s][info][gc,heap        ] GC(1615) PSYoungGen: 292928K(311808K)->64K(313856K) Eden: 292864K(292864K)->0K(296448K) From: 64K(18944K)->64K(17408K)
[584.418s][info][gc,heap        ] GC(1615) ParOldGen: 286026K(286208K)->286042K(286208K)
[584.418s][info][gc,metaspace   ] GC(1615) Metaspace: 35428K(36160K)->35428K(36160K) NonClass: 29156K(29696K)->29156K(29696K) Class: 6271K(6464K)->6271K(6464K)
[584.418s][info][gc             ] GC(1615) Pause Young (Allocation Failure) 565M->279M(586M) 1.241ms
[584.418s][info][gc,cpu         ] GC(1615) User=0.00s Sys=0.00s Real=0.00s
[584.560s][info][gc,start       ] GC(1616) Pause Young (Allocation Failure)
[584.561s][info][gc,heap        ] GC(1616) PSYoungGen: 296512K(313856K)->64K(313344K) Eden: 296448K(296448K)->0K(296448K) From: 64K(17408K)->64K(16896K)
[584.561s][info][gc,heap        ] GC(1616) ParOldGen: 286042K(286208K)->286042K(286208K)
[584.561s][info][gc,metaspace   ] GC(1616) Metaspace: 35428K(36160K)->35428K(36160K) NonClass: 29156K(29696K)->29156K(29696K) Class: 6271K(6464K)->6271K(6464K)
[584.561s][info][gc             ] GC(1616) Pause Young (Allocation Failure) 568M->279M(585M) 1.281ms
[584.561s][info][gc,cpu         ] GC(1616) User=0.00s Sys=0.00s Real=0.00s
[584.813s][info][gc,start       ] GC(1617) Pause Young (Allocation Failure)
[584.814s][info][gc,heap        ] GC(1617) PSYoungGen: 296512K(313344K)->64K(315904K) Eden: 296448K(296448K)->0K(300544K) From: 64K(16896K)->64K(15360K)
[584.814s][info][gc,heap        ] GC(1617) ParOldGen: 286042K(286208K)->286050K(286208K)
[584.814s][info][gc,metaspace   ] GC(1617) Metaspace: 35428K(36160K)->35428K(36160K) NonClass: 29156K(29696K)->29156K(29696K) Class: 6271K(6464K)->6271K(6464K)
[584.814s][info][gc             ] GC(1617) Pause Young (Allocation Failure) 568M->279M(588M) 1.316ms
[584.814s][info][gc,cpu         ] GC(1617) User=0.00s Sys=0.00s Real=0.01s
[584.982s][info][gc,start       ] GC(1618) Pause Young (Allocation Failure)
[584.983s][info][gc,heap        ] GC(1618) PSYoungGen: 300608K(315904K)->64K(315392K) Eden: 300544K(300544K)->0K(300544K) From: 64K(15360K)->64K(14848K)
[584.983s][info][gc,heap        ] GC(1618) ParOldGen: 286050K(286208K)->286058K(286208K)
[584.983s][info][gc,metaspace   ] GC(1618) Metaspace: 35428K(36160K)->35428K(36160K) NonClass: 29156K(29696K)->29156K(29696K) Class: 6271K(6464K)->6271K(6464K)
[584.983s][info][gc             ] GC(1618) Pause Young (Allocation Failure) 572M->279M(587M) 1.336ms
[584.983s][info][gc,cpu         ] GC(1618) User=0.00s Sys=0.00s Real=0.00s
[585.064s][info][gc,start       ] GC(1619) Pause Young (Allocation Failure)
[585.065s][info][gc,heap        ] GC(1619) PSYoungGen: 300608K(315392K)->64K(317952K) Eden: 300544K(300544K)->0K(304640K) From: 64K(14848K)->64K(13312K)
[585.065s][info][gc,heap        ] GC(1619) ParOldGen: 286058K(286208K)->286074K(286208K)
[585.065s][info][gc,metaspace   ] GC(1619) Metaspace: 35428K(36160K)->35428K(36160K) NonClass: 29156K(29696K)->29156K(29696K) Class: 6271K(6464K)->6271K(6464K)
[585.065s][info][gc             ] GC(1619) Pause Young (Allocation Failure) 572M->279M(590M) 1.315ms
[585.065s][info][gc,cpu         ] GC(1619) User=0.00s Sys=0.00s Real=0.01s
[585.239s][info][gc,start       ] GC(1620) Pause Young (Allocation Failure)
[585.241s][info][gc,heap        ] GC(1620) PSYoungGen: 304704K(317952K)->64K(317952K) Eden: 304640K(304640K)->0K(304640K) From: 64K(13312K)->64K(13312K)
[585.241s][info][gc,heap        ] GC(1620) ParOldGen: 286074K(286208K)->286074K(286208K)
[585.241s][info][gc,metaspace   ] GC(1620) Metaspace: 35428K(36160K)->35428K(36160K) NonClass: 29156K(29696K)->29156K(29696K) Class: 6271K(6464K)->6271K(6464K)
[585.241s][info][gc             ] GC(1620) Pause Young (Allocation Failure) 576M->279M(590M) 1.256ms
[585.241s][info][gc,cpu         ] GC(1620) User=0.01s Sys=0.00s Real=0.00s
[586.228s][info][gc,start       ] GC(1621) Pause Young (Allocation Failure)
[586.229s][info][gc,heap        ] GC(1621) PSYoungGen: 304703K(317952K)->64K(292864K) Eden: 304639K(304640K)->0K(292352K) From: 64K(13312K)->64K(512K)
[586.229s][info][gc,heap        ] GC(1621) ParOldGen: 286074K(286208K)->286082K(286208K)
[586.229s][info][gc,metaspace   ] GC(1621) Metaspace: 35428K(36160K)->35428K(36160K) NonClass: 29156K(29696K)->29156K(29696K) Class: 6271K(6464K)->6271K(6464K)
[586.229s][info][gc             ] GC(1621) Pause Young (Allocation Failure) 576M->279M(565M) 1.271ms
[586.229s][info][gc,cpu         ] GC(1621) User=0.00s Sys=0.00s Real=0.00s
[587.074s][info][gc,start       ] GC(1622) Pause Young (Allocation Failure)
[587.075s][info][gc,heap        ] GC(1622) PSYoungGen: 292416K(292864K)->64K(292352K) Eden: 292352K(292352K)->0K(280576K) From: 64K(512K)->64K(11776K)
[587.075s][info][gc,heap        ] GC(1622) ParOldGen: 286082K(286208K)->286090K(286208K)
[587.075s][info][gc,metaspace   ] GC(1622) Metaspace: 35428K(36160K)->35428K(36160K) NonClass: 29156K(29696K)->29156K(29696K) Class: 6271K(6464K)->6271K(6464K)
[587.075s][info][gc             ] GC(1622) Pause Young (Allocation Failure) 564M->279M(565M) 1.203ms
[587.075s][info][gc,cpu         ] GC(1622) User=0.01s Sys=0.00s Real=0.01s
[587.261s][info][gc,start       ] GC(1623) Pause Young (Allocation Failure)
[587.262s][info][gc,heap        ] GC(1623) PSYoungGen: 280640K(292352K)->64K(269824K) Eden: 280576K(280576K)->0K(269312K) From: 64K(11776K)->64K(512K)
[587.262s][info][gc,heap        ] GC(1623) ParOldGen: 286090K(286208K)->286098K(286208K)
[587.262s][info][gc,metaspace   ] GC(1623) Metaspace: 35428K(36160K)->35428K(36160K) NonClass: 29156K(29696K)->29156K(29696K) Class: 6271K(6464K)->6271K(6464K)
[587.263s][info][gc             ] GC(1623) Pause Young (Allocation Failure) 553M->279M(543M) 1.866ms
[587.263s][info][gc,cpu         ] GC(1623) User=0.00s Sys=0.00s Real=0.00s
[587.708s][info][gc,start       ] GC(1624) Pause Young (Allocation Failure)
[587.709s][info][gc,heap        ] GC(1624) PSYoungGen: 269376K(269824K)->64K(268800K) Eden: 269312K(269312K)->0K(258560K) From: 64K(512K)->64K(10240K)
[587.709s][info][gc,heap        ] GC(1624) ParOldGen: 286098K(286208K)->286106K(286208K)
[587.709s][info][gc,metaspace   ] GC(1624) Metaspace: 35428K(36160K)->35428K(36160K) NonClass: 29156K(29696K)->29156K(29696K) Class: 6271K(6464K)->6271K(6464K)
[587.709s][info][gc             ] GC(1624) Pause Young (Allocation Failure) 542M->279M(542M) 1.200ms
[587.709s][info][gc,cpu         ] GC(1624) User=0.00s Sys=0.00s Real=0.00s
[588.668s][info][gc,start       ] GC(1625) Pause Young (Allocation Failure)
[588.669s][info][gc,heap        ] GC(1625) PSYoungGen: 258624K(268800K)->64K(248832K) Eden: 258560K(258560K)->0K(248320K) From: 64K(10240K)->64K(512K)
[588.669s][info][gc,heap        ] GC(1625) ParOldGen: 286106K(286208K)->286114K(286208K)
[588.669s][info][gc,metaspace   ] GC(1625) Metaspace: 35428K(36160K)->35428K(36160K) NonClass: 29156K(29696K)->29156K(29696K) Class: 6271K(6464K)->6271K(6464K)
[588.669s][info][gc             ] GC(1625) Pause Young (Allocation Failure) 531M->279M(522M) 1.515ms
[588.669s][info][gc,cpu         ] GC(1625) User=0.00s Sys=0.00s Real=0.00s
[589.045s][info][gc,start       ] GC(1626) Pause Young (Allocation Failure)
[589.046s][info][gc,heap        ] GC(1626) PSYoungGen: 248384K(248832K)->64K(247808K) Eden: 248320K(248320K)->0K(238592K) From: 64K(512K)->64K(9216K)
[589.046s][info][gc,heap        ] GC(1626) ParOldGen: 286114K(286208K)->286122K(286208K)
[589.046s][info][gc,metaspace   ] GC(1626) Metaspace: 35428K(36160K)->35428K(36160K) NonClass: 29156K(29696K)->29156K(29696K) Class: 6271K(6464K)->6271K(6464K)
[589.046s][info][gc             ] GC(1626) Pause Young (Allocation Failure) 521M->279M(521M) 1.135ms
[589.046s][info][gc,cpu         ] GC(1626) User=0.01s Sys=0.00s Real=0.00s
[589.229s][info][gc,start       ] GC(1627) Pause Young (Allocation Failure)
[589.230s][info][gc,heap        ] GC(1627) PSYoungGen: 238656K(247808K)->64K(229888K) Eden: 238592K(238592K)->0K(229376K) From: 64K(9216K)->64K(512K)
[589.230s][info][gc,heap        ] GC(1627) ParOldGen: 286122K(286208K)->286130K(286208K)
[589.230s][info][gc,metaspace   ] GC(1627) Metaspace: 35428K(36160K)->35428K(36160K) NonClass: 29156K(29696K)->29156K(29696K) Class: 6271K(6464K)->6271K(6464K)
[589.230s][info][gc             ] GC(1627) Pause Young (Allocation Failure) 512M->279M(504M) 1.576ms
[589.230s][info][gc,cpu         ] GC(1627) User=0.00s Sys=0.00s Real=0.00s
[589.296s][info][gc,start       ] GC(1628) Pause Young (Allocation Failure)
[589.297s][info][gc,heap        ] GC(1628) PSYoungGen: 229440K(229888K)->64K(228352K) Eden: 229376K(229376K)->0K(220672K) From: 64K(512K)->64K(7680K)
[589.297s][info][gc,heap        ] GC(1628) ParOldGen: 286130K(286208K)->286138K(286208K)
[589.297s][info][gc,metaspace   ] GC(1628) Metaspace: 35428K(36160K)->35428K(36160K) NonClass: 29156K(29696K)->29156K(29696K) Class: 6271K(6464K)->6271K(6464K)
[589.297s][info][gc             ] GC(1628) Pause Young (Allocation Failure) 503M->279M(502M) 1.058ms
[589.297s][info][gc,cpu         ] GC(1628) User=0.00s Sys=0.00s Real=0.00s
[589.744s][info][gc,start       ] GC(1629) Pause Young (Allocation Failure)
[589.745s][info][gc,heap        ] GC(1629) PSYoungGen: 220736K(228352K)->64K(212992K) Eden: 220672K(220672K)->0K(212480K) From: 64K(7680K)->64K(512K)
[589.745s][info][gc,heap        ] GC(1629) ParOldGen: 286138K(286208K)->286146K(286208K)
[589.745s][info][gc,metaspace   ] GC(1629) Metaspace: 35428K(36160K)->35428K(36160K) NonClass: 29156K(29696K)->29156K(29696K) Class: 6271K(6464K)->6271K(6464K)
[589.745s][info][gc             ] GC(1629) Pause Young (Allocation Failure) 494M->279M(487M) 1.641ms
[589.745s][info][gc,cpu         ] GC(1629) User=0.00s Sys=0.00s Real=0.01s
[589.996s][info][gc,start       ] GC(1630) Pause Young (Allocation Failure)
[589.997s][info][gc,heap        ] GC(1630) PSYoungGen: 212544K(212992K)->64K(211456K) Eden: 212480K(212480K)->0K(204800K) From: 64K(512K)->64K(6656K)
[589.997s][info][gc,heap        ] GC(1630) ParOldGen: 286146K(286208K)->286154K(286208K)
[589.997s][info][gc,metaspace   ] GC(1630) Metaspace: 35428K(36160K)->35428K(36160K) NonClass: 29156K(29696K)->29156K(29696K) Class: 6271K(6464K)->6271K(6464K)
[589.997s][info][gc             ] GC(1630) Pause Young (Allocation Failure) 487M->279M(486M) 1.206ms
[589.997s][info][gc,cpu         ] GC(1630) User=0.00s Sys=0.00s Real=0.00s
[590.288s][info][gc,start       ] GC(1631) Pause Young (Allocation Failure)
[590.295s][info][gc,heap        ] GC(1631) PSYoungGen: 204864K(211456K)->2048K(245248K) Eden: 204800K(204800K)->0K(243200K) From: 64K(6656K)->2048K(2048K)
[590.295s][info][gc,heap        ] GC(1631) ParOldGen: 286154K(286208K)->286162K(286208K)
[590.295s][info][gc,metaspace   ] GC(1631) Metaspace: 35428K(36160K)->35428K(36160K) NonClass: 29156K(29696K)->29156K(29696K) Class: 6271K(6464K)->6271K(6464K)
[590.295s][info][gc             ] GC(1631) Pause Young (Allocation Failure) 479M->281M(519M) 7.525ms
[590.295s][info][gc,cpu         ] GC(1631) User=0.01s Sys=0.00s Real=0.01s
[590.553s][info][gc,start       ] GC(1632) Pause Young (Allocation Failure)
[590.609s][info][gc,heap        ] GC(1632) PSYoungGen: 245248K(245248K)->6144K(275968K) Eden: 243200K(243200K)->0K(269824K) From: 2048K(2048K)->6144K(6144K)
[590.609s][info][gc,heap        ] GC(1632) ParOldGen: 286162K(286208K)->305778K(306176K)
[590.609s][info][gc,metaspace   ] GC(1632) Metaspace: 35428K(36160K)->35428K(36160K) NonClass: 29156K(29696K)->29156K(29696K) Class: 6271K(6464K)->6271K(6464K)
[590.609s][info][gc             ] GC(1632) Pause Young (Allocation Failure) 518M->304M(568M) 55.471ms
[590.609s][info][gc,cpu         ] GC(1632) User=0.08s Sys=0.01s Real=0.06s
[590.898s][info][gc,start       ] GC(1633) Pause Young (Allocation Failure)
[590.962s][info][gc,heap        ] GC(1633) PSYoungGen: 275968K(275968K)->14848K(297472K) Eden: 269824K(269824K)->0K(282624K) From: 6144K(6144K)->14848K(14848K)
[590.962s][info][gc,heap        ] GC(1633) ParOldGen: 305778K(306176K)->320218K(320512K)
[590.962s][info][gc,metaspace   ] GC(1633) Metaspace: 35428K(36160K)->35428K(36160K) NonClass: 29156K(29696K)->29156K(29696K) Class: 6271K(6464K)->6271K(6464K)
[590.962s][info][gc             ] GC(1633) Pause Young (Allocation Failure) 568M->327M(603M) 63.663ms
[590.962s][info][gc,cpu         ] GC(1633) User=0.11s Sys=0.02s Real=0.06s
[591.131s][info][gc,start       ] GC(1634) Pause Young (Allocation Failure)
[591.160s][info][gc,heap        ] GC(1634) PSYoungGen: 297472K(297472K)->12608K(306176K) Eden: 282624K(282624K)->0K(282624K) From: 14848K(14848K)->12608K(23552K)
[591.160s][info][gc,heap        ] GC(1634) ParOldGen: 320218K(320512K)->320746K(321024K)
[591.160s][info][gc,metaspace   ] GC(1634) Metaspace: 35428K(36160K)->35428K(36160K) NonClass: 29156K(29696K)->29156K(29696K) Class: 6271K(6464K)->6271K(6464K)
[591.160s][info][gc             ] GC(1634) Pause Young (Allocation Failure) 603M->325M(612M) 29.472ms
[591.160s][info][gc,cpu         ] GC(1634) User=0.05s Sys=0.01s Real=0.03s
[591.505s][info][gc,start       ] GC(1635) Pause Young (Allocation Failure)
[591.506s][info][gc,heap        ] GC(1635) PSYoungGen: 295232K(306176K)->64K(309760K) Eden: 282624K(282624K)->0K(286208K) From: 12608K(23552K)->64K(23552K)
[591.506s][info][gc,heap        ] GC(1635) ParOldGen: 320746K(321024K)->320754K(321024K)
[591.506s][info][gc,metaspace   ] GC(1635) Metaspace: 35428K(36160K)->35428K(36160K) NonClass: 29156K(29696K)->29156K(29696K) Class: 6271K(6464K)->6271K(6464K)
[591.506s][info][gc             ] GC(1635) Pause Young (Allocation Failure) 601M->313M(616M) 1.296ms
[591.506s][info][gc,cpu         ] GC(1635) User=0.01s Sys=0.00s Real=0.00s
[592.115s][info][gc,start       ] GC(1636) Pause Young (Allocation Failure)
[592.116s][info][gc,heap        ] GC(1636) PSYoungGen: 286272K(309760K)->64K(309760K) Eden: 286208K(286208K)->0K(286208K) From: 64K(23552K)->64K(23552K)
[592.116s][info][gc,heap        ] GC(1636) ParOldGen: 320754K(321024K)->320762K(321024K)
[592.116s][info][gc,metaspace   ] GC(1636) Metaspace: 35428K(36160K)->35428K(36160K) NonClass: 29156K(29696K)->29156K(29696K) Class: 6271K(6464K)->6271K(6464K)
[592.116s][info][gc             ] GC(1636) Pause Young (Allocation Failure) 592M->313M(616M) 1.316ms
[592.116s][info][gc,cpu         ] GC(1636) User=0.00s Sys=0.00s Real=0.00s
[592.540s][info][gc,start       ] GC(1637) Pause Young (Allocation Failure)
[592.542s][info][gc,heap        ] GC(1637) PSYoungGen: 286272K(309760K)->64K(308736K) Eden: 286208K(286208K)->0K(287232K) From: 64K(23552K)->64K(21504K)
[592.542s][info][gc,heap        ] GC(1637) ParOldGen: 320762K(321024K)->320778K(321024K)
[592.542s][info][gc,metaspace   ] GC(1637) Metaspace: 35428K(36160K)->35428K(36160K) NonClass: 29156K(29696K)->29156K(29696K) Class: 6271K(6464K)->6271K(6464K)
[592.542s][info][gc             ] GC(1637) Pause Young (Allocation Failure) 592M->313M(615M) 1.268ms
[592.542s][info][gc,cpu         ] GC(1637) User=0.00s Sys=0.00s Real=0.00s
[592.730s][info][gc,start       ] GC(1638) Pause Young (Allocation Failure)
[592.732s][info][gc,heap        ] GC(1638) PSYoungGen: 287296K(308736K)->64K(309248K) Eden: 287232K(287232K)->0K(287232K) From: 64K(21504K)->64K(22016K)
[592.732s][info][gc,heap        ] GC(1638) ParOldGen: 320778K(321024K)->320794K(321024K)
[592.732s][info][gc,metaspace   ] GC(1638) Metaspace: 35428K(36160K)->35428K(36160K) NonClass: 29156K(29696K)->29156K(29696K) Class: 6271K(6464K)->6271K(6464K)
[592.732s][info][gc             ] GC(1638) Pause Young (Allocation Failure) 593M->313M(615M) 1.245ms
[592.732s][info][gc,cpu         ] GC(1638) User=0.01s Sys=0.00s Real=0.00s
[592.919s][info][gc,start       ] GC(1639) Pause Young (Allocation Failure)
[592.920s][info][gc,heap        ] GC(1639) PSYoungGen: 287296K(309248K)->64K(310272K) Eden: 287232K(287232K)->0K(290816K) From: 64K(22016K)->64K(19456K)
[592.920s][info][gc,heap        ] GC(1639) ParOldGen: 320794K(321024K)->320794K(321024K)
[592.920s][info][gc,metaspace   ] GC(1639) Metaspace: 35428K(36160K)->35428K(36160K) NonClass: 29156K(29696K)->29156K(29696K) Class: 6271K(6464K)->6271K(6464K)
[592.920s][info][gc             ] GC(1639) Pause Young (Allocation Failure) 593M->313M(616M) 1.227ms
[592.920s][info][gc,cpu         ] GC(1639) User=0.00s Sys=0.00s Real=0.00s
[593.228s][info][gc,start       ] GC(1640) Pause Young (Allocation Failure)
[593.229s][info][gc,heap        ] GC(1640) PSYoungGen: 290880K(310272K)->64K(310784K) Eden: 290816K(290816K)->0K(290816K) From: 64K(19456K)->64K(19968K)
[593.229s][info][gc,heap        ] GC(1640) ParOldGen: 320794K(321024K)->320794K(321024K)
[593.229s][info][gc,metaspace   ] GC(1640) Metaspace: 35428K(36160K)->35428K(36160K) NonClass: 29156K(29696K)->29156K(29696K) Class: 6271K(6464K)->6271K(6464K)
[593.229s][info][gc             ] GC(1640) Pause Young (Allocation Failure) 597M->313M(617M) 1.258ms
[593.229s][info][gc,cpu         ] GC(1640) User=0.00s Sys=0.00s Real=0.00s
[593.357s][info][gc,start       ] GC(1641) Pause Young (Allocation Failure)
[593.359s][info][gc,heap        ] GC(1641) PSYoungGen: 290880K(310784K)->64K(311808K) Eden: 290816K(290816K)->0K(294400K) From: 64K(19968K)->64K(17408K)
[593.359s][info][gc,heap        ] GC(1641) ParOldGen: 320794K(321024K)->320802K(321024K)
[593.359s][info][gc,metaspace   ] GC(1641) Metaspace: 35428K(36160K)->35428K(36160K) NonClass: 29156K(29696K)->29156K(29696K) Class: 6271K(6464K)->6271K(6464K)
[593.359s][info][gc             ] GC(1641) Pause Young (Allocation Failure) 597M->313M(618M) 1.212ms
[593.359s][info][gc,cpu         ] GC(1641) User=0.00s Sys=0.00s Real=0.00s
[593.412s][info][gc,start       ] GC(1642) Pause Young (Allocation Failure)
[593.414s][info][gc,heap        ] GC(1642) PSYoungGen: 294464K(311808K)->64K(312832K) Eden: 294400K(294400K)->0K(294400K) From: 64K(17408K)->64K(18432K)
[593.414s][info][gc,heap        ] GC(1642) ParOldGen: 320802K(321024K)->320818K(321024K)
[593.414s][info][gc,metaspace   ] GC(1642) Metaspace: 35428K(36160K)->35428K(36160K) NonClass: 29156K(29696K)->29156K(29696K) Class: 6271K(6464K)->6271K(6464K)
[593.414s][info][gc             ] GC(1642) Pause Young (Allocation Failure) 600M->313M(619M) 1.258ms
[593.414s][info][gc,cpu         ] GC(1642) User=0.00s Sys=0.00s Real=0.00s
[593.544s][info][gc,start       ] GC(1643) Pause Young (Allocation Failure)
[593.545s][info][gc,heap        ] GC(1643) PSYoungGen: 294464K(312832K)->64K(313344K) Eden: 294400K(294400K)->0K(297984K) From: 64K(18432K)->64K(15360K)
[593.546s][info][gc,heap        ] GC(1643) ParOldGen: 320818K(321024K)->320818K(321024K)
[593.546s][info][gc,metaspace   ] GC(1643) Metaspace: 35428K(36160K)->35428K(36160K) NonClass: 29156K(29696K)->29156K(29696K) Class: 6271K(6464K)->6271K(6464K)
[593.546s][info][gc             ] GC(1643) Pause Young (Allocation Failure) 600M->313M(619M) 1.323ms
[593.546s][info][gc,cpu         ] GC(1643) User=0.00s Sys=0.00s Real=0.01s
[593.800s][info][gc,start       ] GC(1644) Pause Young (Allocation Failure)
[593.801s][info][gc,heap        ] GC(1644) PSYoungGen: 298048K(313344K)->64K(314368K) Eden: 297984K(297984K)->0K(297984K) From: 64K(15360K)->64K(16384K)
[593.801s][info][gc,heap        ] GC(1644) ParOldGen: 320818K(321024K)->320826K(321024K)
[593.801s][info][gc,metaspace   ] GC(1644) Metaspace: 35428K(36160K)->35428K(36160K) NonClass: 29156K(29696K)->29156K(29696K) Class: 6271K(6464K)->6271K(6464K)
[593.801s][info][gc             ] GC(1644) Pause Young (Allocation Failure) 604M->313M(620M) 1.274ms
[593.801s][info][gc,cpu         ] GC(1644) User=0.00s Sys=0.00s Real=0.00s
[593.965s][info][gc,start       ] GC(1645) Pause Young (Allocation Failure)
[593.966s][info][gc,heap        ] GC(1645) PSYoungGen: 298048K(314368K)->64K(315392K) Eden: 297984K(297984K)->0K(302080K) From: 64K(16384K)->64K(13312K)
[593.966s][info][gc,heap        ] GC(1645) ParOldGen: 320826K(321024K)->320834K(321024K)
[593.966s][info][gc,metaspace   ] GC(1645) Metaspace: 35428K(36160K)->35428K(36160K) NonClass: 29156K(29696K)->29156K(29696K) Class: 6271K(6464K)->6271K(6464K)
[593.966s][info][gc             ] GC(1645) Pause Young (Allocation Failure) 604M->313M(621M) 1.258ms
[593.966s][info][gc,cpu         ] GC(1645) User=0.01s Sys=0.00s Real=0.00s
[594.049s][info][gc,start       ] GC(1646) Pause Young (Allocation Failure)
[594.050s][info][gc,heap        ] GC(1646) PSYoungGen: 302144K(315392K)->64K(316416K) Eden: 302080K(302080K)->0K(302080K) From: 64K(13312K)->64K(14336K)
[594.050s][info][gc,heap        ] GC(1646) ParOldGen: 320834K(321024K)->320850K(321024K)
[594.050s][info][gc,metaspace   ] GC(1646) Metaspace: 35428K(36160K)->35428K(36160K) NonClass: 29156K(29696K)->29156K(29696K) Class: 6271K(6464K)->6271K(6464K)
[594.050s][info][gc             ] GC(1646) Pause Young (Allocation Failure) 608M->313M(622M) 1.259ms
[594.050s][info][gc,cpu         ] GC(1646) User=0.00s Sys=0.00s Real=0.00s
[594.213s][info][gc,start       ] GC(1647) Pause Young (Allocation Failure)
[594.214s][info][gc,heap        ] GC(1647) PSYoungGen: 302144K(316416K)->64K(316928K) Eden: 302080K(302080K)->0K(305664K) From: 64K(14336K)->64K(11264K)
[594.214s][info][gc,heap        ] GC(1647) ParOldGen: 320850K(321024K)->320850K(321024K)
[594.214s][info][gc,metaspace   ] GC(1647) Metaspace: 35428K(36160K)->35428K(36160K) NonClass: 29156K(29696K)->29156K(29696K) Class: 6271K(6464K)->6271K(6464K)
[594.214s][info][gc             ] GC(1647) Pause Young (Allocation Failure) 608M->313M(623M) 1.179ms
[594.214s][info][gc,cpu         ] GC(1647) User=0.00s Sys=0.00s Real=0.00s
[594.630s][info][gc,start       ] GC(1648) Pause Young (Allocation Failure)
[594.632s][info][gc,heap        ] GC(1648) PSYoungGen: 305728K(316928K)->64K(293888K) Eden: 305664K(305664K)->0K(293376K) From: 64K(11264K)->64K(512K)
[594.632s][info][gc,heap        ] GC(1648) ParOldGen: 320850K(321024K)->320858K(321024K)
[594.632s][info][gc,metaspace   ] GC(1648) Metaspace: 35428K(36160K)->35428K(36160K) NonClass: 29156K(29696K)->29156K(29696K) Class: 6271K(6464K)->6271K(6464K)
[594.632s][info][gc             ] GC(1648) Pause Young (Allocation Failure) 611M->313M(600M) 1.306ms
[594.632s][info][gc,cpu         ] GC(1648) User=0.01s Sys=0.00s Real=0.00s
[596.050s][info][gc,start       ] GC(1649) Pause Young (Allocation Failure)
[596.052s][info][gc,heap        ] GC(1649) PSYoungGen: 293440K(293888K)->64K(282112K) Eden: 293376K(293376K)->0K(281600K) From: 64K(512K)->64K(512K)
[596.052s][info][gc,heap        ] GC(1649) ParOldGen: 320858K(321024K)->320866K(321024K)
[596.052s][info][gc,metaspace   ] GC(1649) Metaspace: 35428K(36160K)->35428K(36160K) NonClass: 29156K(29696K)->29156K(29696K) Class: 6271K(6464K)->6271K(6464K)
[596.052s][info][gc             ] GC(1649) Pause Young (Allocation Failure) 599M->313M(589M) 2.042ms
[596.052s][info][gc,cpu         ] GC(1649) User=0.00s Sys=0.00s Real=0.00s
[596.236s][info][gc,start       ] GC(1650) Pause Young (Allocation Failure)
[596.238s][info][gc,heap        ] GC(1650) PSYoungGen: 281664K(282112K)->64K(281600K) Eden: 281600K(281600K)->0K(270336K) From: 64K(512K)->64K(11264K)
[596.238s][info][gc,heap        ] GC(1650) ParOldGen: 320866K(321024K)->320874K(321024K)
[596.238s][info][gc,metaspace   ] GC(1650) Metaspace: 35428K(36160K)->35428K(36160K) NonClass: 29156K(29696K)->29156K(29696K) Class: 6271K(6464K)->6271K(6464K)
[596.238s][info][gc             ] GC(1650) Pause Young (Allocation Failure) 588M->313M(588M) 1.739ms
[596.238s][info][gc,cpu         ] GC(1650) User=0.00s Sys=0.00s Real=0.00s
[596.683s][info][gc,start       ] GC(1651) Pause Young (Allocation Failure)
[596.685s][info][gc,heap        ] GC(1651) PSYoungGen: 270400K(281600K)->64K(260096K) Eden: 270336K(270336K)->0K(259584K) From: 64K(11264K)->64K(512K)
[596.685s][info][gc,heap        ] GC(1651) ParOldGen: 320874K(321024K)->320882K(321024K)
[596.685s][info][gc,metaspace   ] GC(1651) Metaspace: 35428K(36160K)->35428K(36160K) NonClass: 29156K(29696K)->29156K(29696K) Class: 6271K(6464K)->6271K(6464K)
[596.685s][info][gc             ] GC(1651) Pause Young (Allocation Failure) 577M->313M(567M) 2.120ms
[596.685s][info][gc,cpu         ] GC(1651) User=0.00s Sys=0.00s Real=0.01s
[597.636s][info][gc,start       ] GC(1652) Pause Young (Allocation Failure)
[597.638s][info][gc,heap        ] GC(1652) PSYoungGen: 259648K(260096K)->64K(259072K) Eden: 259584K(259584K)->0K(249344K) From: 64K(512K)->64K(9728K)
[597.638s][info][gc,heap        ] GC(1652) ParOldGen: 320882K(321024K)->320898K(321024K)
[597.638s][info][gc,metaspace   ] GC(1652) Metaspace: 35428K(36160K)->35428K(36160K) NonClass: 29156K(29696K)->29156K(29696K) Class: 6271K(6464K)->6271K(6464K)
[597.638s][info][gc             ] GC(1652) Pause Young (Allocation Failure) 566M->313M(566M) 2.324ms
[597.638s][info][gc,cpu         ] GC(1652) User=0.00s Sys=0.00s Real=0.00s
[598.018s][info][gc,start       ] GC(1653) Pause Young (Allocation Failure)
[598.021s][info][gc,heap        ] GC(1653) PSYoungGen: 249408K(259072K)->64K(240128K) Eden: 249344K(249344K)->0K(239616K) From: 64K(9728K)->64K(512K)
[598.021s][info][gc,heap        ] GC(1653) ParOldGen: 320898K(321024K)->320906K(321024K)
[598.021s][info][gc,metaspace   ] GC(1653) Metaspace: 35428K(36160K)->35428K(36160K) NonClass: 29156K(29696K)->29156K(29696K) Class: 6271K(6464K)->6271K(6464K)
[598.021s][info][gc             ] GC(1653) Pause Young (Allocation Failure) 556M->313M(548M) 2.781ms
[598.021s][info][gc,cpu         ] GC(1653) User=0.00s Sys=0.00s Real=0.00s
[598.205s][info][gc,start       ] GC(1654) Pause Young (Allocation Failure)
[598.207s][info][gc,heap        ] GC(1654) PSYoungGen: 239680K(240128K)->64K(239104K) Eden: 239616K(239616K)->0K(230400K) From: 64K(512K)->64K(8704K)
[598.207s][info][gc,heap        ] GC(1654) ParOldGen: 320906K(321024K)->320922K(321024K)
[598.207s][info][gc,metaspace   ] GC(1654) Metaspace: 35428K(36160K)->35428K(36160K) NonClass: 29156K(29696K)->29156K(29696K) Class: 6271K(6464K)->6271K(6464K)
[598.207s][info][gc             ] GC(1654) Pause Young (Allocation Failure) 547M->313M(547M) 2.112ms
[598.207s][info][gc,cpu         ] GC(1654) User=0.01s Sys=0.00s Real=0.00s
[598.272s][info][gc,start       ] GC(1655) Pause Young (Allocation Failure)
[598.274s][info][gc,heap        ] GC(1655) PSYoungGen: 230464K(239104K)->64K(281088K) Eden: 230400K(230400K)->0K(274432K) From: 64K(8704K)->64K(6656K)
[598.274s][info][gc,heap        ] GC(1655) ParOldGen: 320922K(321024K)->320938K(321024K)
[598.274s][info][gc,metaspace   ] GC(1655) Metaspace: 35428K(36160K)->35428K(36160K) NonClass: 29156K(29696K)->29156K(29696K) Class: 6271K(6464K)->6271K(6464K)
[598.274s][info][gc             ] GC(1655) Pause Young (Allocation Failure) 538M->313M(588M) 2.126ms
[598.274s][info][gc,cpu         ] GC(1655) User=0.00s Sys=0.00s Real=0.00s
[598.854s][info][gc,start       ] GC(1656) Pause Young (Allocation Failure)
[598.856s][info][gc,heap        ] GC(1656) PSYoungGen: 274496K(281088K)->64K(281600K) Eden: 274432K(274432K)->0K(274432K) From: 64K(6656K)->64K(7168K)
[598.856s][info][gc,heap        ] GC(1656) ParOldGen: 320938K(321024K)->320954K(321024K)
[598.856s][info][gc,metaspace   ] GC(1656) Metaspace: 35428K(36160K)->35428K(36160K) NonClass: 29156K(29696K)->29156K(29696K) Class: 6271K(6464K)->6271K(6464K)
[598.857s][info][gc             ] GC(1656) Pause Young (Allocation Failure) 581M->313M(588M) 2.471ms
[598.857s][info][gc,cpu         ] GC(1656) User=0.00s Sys=0.00s Real=0.01s
[599.118s][info][gc,start       ] GC(1657) Pause Young (Allocation Failure)
[599.121s][info][gc,heap        ] GC(1657) PSYoungGen: 274496K(281600K)->64K(326656K) Eden: 274432K(274432K)->0K(320000K) From: 64K(7168K)->64K(6656K)
[599.121s][info][gc,heap        ] GC(1657) ParOldGen: 320954K(321024K)->320962K(321024K)
[599.121s][info][gc,metaspace   ] GC(1657) Metaspace: 35428K(36160K)->35428K(36160K) NonClass: 29156K(29696K)->29156K(29696K) Class: 6271K(6464K)->6271K(6464K)
[599.121s][info][gc             ] GC(1657) Pause Young (Allocation Failure) 581M->313M(632M) 2.315ms
[599.121s][info][gc,cpu         ] GC(1657) User=0.01s Sys=0.00s Real=0.00s
[599.531s][info][gc,start       ] GC(1658) Pause Young (Allocation Failure)
[599.587s][info][gc,heap        ] GC(1658) PSYoungGen: 320064K(326656K)->6656K(326656K) Eden: 320000K(320000K)->0K(320000K) From: 64K(6656K)->6656K(6656K)
[599.587s][info][gc,heap        ] GC(1658) ParOldGen: 320962K(321024K)->340530K(340992K)
[599.587s][info][gc,metaspace   ] GC(1658) Metaspace: 35428K(36160K)->35428K(36160K) NonClass: 29156K(29696K)->29156K(29696K) Class: 6271K(6464K)->6271K(6464K)
[599.587s][info][gc             ] GC(1658) Pause Young (Allocation Failure) 626M->339M(652M) 56.189ms
[599.587s][info][gc,cpu         ] GC(1658) User=0.09s Sys=0.02s Real=0.06s
[599.932s][info][gc,start       ] GC(1659) Pause Young (Allocation Failure)
[600.008s][info][gc,heap        ] GC(1659) PSYoungGen: 326656K(326656K)->7168K(289792K) Eden: 320000K(320000K)->0K(282624K) From: 6656K(6656K)->7168K(7168K)
[600.008s][info][gc,heap        ] GC(1659) ParOldGen: 340530K(340992K)->367986K(368128K)
[600.008s][info][gc,metaspace   ] GC(1659) Metaspace: 35428K(36160K)->35428K(36160K) NonClass: 29156K(29696K)->29156K(29696K) Class: 6271K(6464K)->6271K(6464K)
[600.009s][info][gc             ] GC(1659) Pause Young (Allocation Failure) 651M->366M(642M) 76.922ms
[600.009s][info][gc,cpu         ] GC(1659) User=0.13s Sys=0.03s Real=0.08s
[600.146s][info][gc,start       ] GC(1660) Pause Young (Allocation Failure)
[600.168s][info][gc,heap        ] GC(1660) PSYoungGen: 289792K(289792K)->8896K(308224K) Eden: 282624K(282624K)->0K(282624K) From: 7168K(7168K)->8896K(25600K)
[600.168s][info][gc,heap        ] GC(1660) ParOldGen: 367986K(368128K)->368994K(369152K)
[600.168s][info][gc,metaspace   ] GC(1660) Metaspace: 35428K(36160K)->35428K(36160K) NonClass: 29156K(29696K)->29156K(29696K) Class: 6271K(6464K)->6271K(6464K)
[600.168s][info][gc             ] GC(1660) Pause Young (Allocation Failure) 642M->369M(661M) 22.106ms
[600.168s][info][gc,cpu         ] GC(1660) User=0.05s Sys=0.00s Real=0.02s
[600.590s][info][gc,start       ] GC(1661) Pause Young (Allocation Failure)
[600.591s][info][gc,heap        ] GC(1661) PSYoungGen: 291520K(308224K)->64K(306176K) Eden: 282624K(282624K)->0K(283648K) From: 8896K(25600K)->64K(22528K)
[600.592s][info][gc,heap        ] GC(1661) ParOldGen: 368994K(369152K)->369002K(369152K)
[600.592s][info][gc,metaspace   ] GC(1661) Metaspace: 35428K(36160K)->35428K(36160K) NonClass: 29156K(29696K)->29156K(29696K) Class: 6271K(6464K)->6271K(6464K)
[600.592s][info][gc             ] GC(1661) Pause Young (Allocation Failure) 645M->360M(659M) 1.614ms
[600.592s][info][gc,cpu         ] GC(1661) User=0.00s Sys=0.00s Real=0.00s
[601.157s][info][gc,start       ] GC(1662) Pause Young (Allocation Failure)
[601.159s][info][gc,heap        ] GC(1662) PSYoungGen: 283712K(306176K)->64K(307712K) Eden: 283648K(283648K)->0K(283648K) From: 64K(22528K)->64K(24064K)
[601.159s][info][gc,heap        ] GC(1662) ParOldGen: 369002K(369152K)->369010K(369152K)
[601.159s][info][gc,metaspace   ] GC(1662) Metaspace: 35430K(36160K)->35430K(36160K) NonClass: 29159K(29696K)->29159K(29696K) Class: 6271K(6464K)->6271K(6464K)
[601.159s][info][gc             ] GC(1662) Pause Young (Allocation Failure) 637M->360M(661M) 1.460ms
[601.159s][info][gc,cpu         ] GC(1662) User=0.00s Sys=0.00s Real=0.00s
[601.568s][info][gc,start       ] GC(1663) Pause Young (Allocation Failure)
[601.570s][info][gc,heap        ] GC(1663) PSYoungGen: 283712K(307712K)->64K(307200K) Eden: 283648K(283648K)->0K(286208K) From: 64K(24064K)->64K(20992K)
[601.570s][info][gc,heap        ] GC(1663) ParOldGen: 369010K(369152K)->369026K(369152K)
[601.570s][info][gc,metaspace   ] GC(1663) Metaspace: 35430K(36160K)->35430K(36160K) NonClass: 29159K(29696K)->29159K(29696K) Class: 6271K(6464K)->6271K(6464K)
[601.570s][info][gc             ] GC(1663) Pause Young (Allocation Failure) 637M->360M(660M) 1.533ms
[601.570s][info][gc,cpu         ] GC(1663) User=0.01s Sys=0.00s Real=0.00s
[601.757s][info][gc,start       ] GC(1664) Pause Young (Allocation Failure)
[601.759s][info][gc,heap        ] GC(1664) PSYoungGen: 286272K(307200K)->64K(308736K) Eden: 286208K(286208K)->0K(286208K) From: 64K(20992K)->64K(22528K)
[601.759s][info][gc,heap        ] GC(1664) ParOldGen: 369026K(369152K)->369042K(369152K)
[601.759s][info][gc,metaspace   ] GC(1664) Metaspace: 35430K(36160K)->35430K(36160K) NonClass: 29159K(29696K)->29159K(29696K) Class: 6271K(6464K)->6271K(6464K)
[601.759s][info][gc             ] GC(1664) Pause Young (Allocation Failure) 639M->360M(662M) 1.412ms
[601.759s][info][gc,cpu         ] GC(1664) User=0.01s Sys=0.00s Real=0.00s
[601.946s][info][gc,start       ] GC(1665) Pause Young (Allocation Failure)
[601.947s][info][gc,heap        ] GC(1665) PSYoungGen: 286272K(308736K)->64K(308736K) Eden: 286208K(286208K)->0K(289792K) From: 64K(22528K)->64K(18944K)
[601.947s][info][gc,heap        ] GC(1665) ParOldGen: 369042K(369152K)->369042K(369152K)
[601.947s][info][gc,metaspace   ] GC(1665) Metaspace: 35430K(36160K)->35430K(36160K) NonClass: 29159K(29696K)->29159K(29696K) Class: 6271K(6464K)->6271K(6464K)
[601.947s][info][gc             ] GC(1665) Pause Young (Allocation Failure) 639M->360M(662M) 1.442ms
[601.947s][info][gc,cpu         ] GC(1665) User=0.00s Sys=0.00s Real=0.00s
[602.263s][info][gc,start       ] GC(1666) Pause Young (Allocation Failure)
[602.264s][info][gc,heap        ] GC(1666) PSYoungGen: 289856K(308736K)->64K(310272K) Eden: 289792K(289792K)->0K(289792K) From: 64K(18944K)->64K(20480K)
[602.264s][info][gc,heap        ] GC(1666) ParOldGen: 369042K(369152K)->369042K(369152K)
[602.264s][info][gc,metaspace   ] GC(1666) Metaspace: 35430K(36160K)->35430K(36160K) NonClass: 29159K(29696K)->29159K(29696K) Class: 6271K(6464K)->6271K(6464K)
[602.264s][info][gc             ] GC(1666) Pause Young (Allocation Failure) 643M->360M(663M) 1.398ms
[602.264s][info][gc,cpu         ] GC(1666) User=0.00s Sys=0.00s Real=0.01s
[602.372s][info][gc,start       ] GC(1667) Pause Young (Allocation Failure)
[602.374s][info][gc,heap        ] GC(1667) PSYoungGen: 289856K(310272K)->64K(310784K) Eden: 289792K(289792K)->0K(293888K) From: 64K(20480K)->64K(16896K)
[602.374s][info][gc,heap        ] GC(1667) ParOldGen: 369042K(369152K)->369050K(369152K)
[602.374s][info][gc,metaspace   ] GC(1667) Metaspace: 35430K(36160K)->35430K(36160K) NonClass: 29159K(29696K)->29159K(29696K) Class: 6271K(6464K)->6271K(6464K)
[602.374s][info][gc             ] GC(1667) Pause Young (Allocation Failure) 643M->360M(664M) 1.325ms
[602.374s][info][gc,cpu         ] GC(1667) User=0.00s Sys=0.00s Real=0.00s
[602.427s][info][gc,start       ] GC(1668) Pause Young (Allocation Failure)
[602.428s][info][gc,heap        ] GC(1668) PSYoungGen: 293952K(310784K)->64K(312320K) Eden: 293888K(293888K)->0K(293888K) From: 64K(16896K)->64K(18432K)
[602.428s][info][gc,heap        ] GC(1668) ParOldGen: 369050K(369152K)->369066K(369152K)
[602.428s][info][gc,metaspace   ] GC(1668) Metaspace: 35430K(36160K)->35430K(36160K) NonClass: 29159K(29696K)->29159K(29696K) Class: 6271K(6464K)->6271K(6464K)
[602.428s][info][gc             ] GC(1668) Pause Young (Allocation Failure) 647M->360M(665M) 1.258ms
[602.428s][info][gc,cpu         ] GC(1668) User=0.00s Sys=0.00s Real=0.00s
[602.574s][info][gc,start       ] GC(1669) Pause Young (Allocation Failure)
[602.575s][info][gc,heap        ] GC(1669) PSYoungGen: 293952K(312320K)->64K(312832K) Eden: 293888K(293888K)->0K(297984K) From: 64K(18432K)->64K(14848K)
[602.576s][info][gc,heap        ] GC(1669) ParOldGen: 369066K(369152K)->369066K(369152K)
[602.576s][info][gc,metaspace   ] GC(1669) Metaspace: 35430K(36160K)->35430K(36160K) NonClass: 29159K(29696K)->29159K(29696K) Class: 6271K(6464K)->6271K(6464K)
[602.576s][info][gc             ] GC(1669) Pause Young (Allocation Failure) 647M->360M(666M) 1.338ms
[602.576s][info][gc,cpu         ] GC(1669) User=0.00s Sys=0.00s Real=0.01s
[602.822s][info][gc,start       ] GC(1670) Pause Young (Allocation Failure)
[602.823s][info][gc,heap        ] GC(1670) PSYoungGen: 298048K(312832K)->64K(314368K) Eden: 297984K(297984K)->0K(297984K) From: 64K(14848K)->64K(16384K)
[602.823s][info][gc,heap        ] GC(1670) ParOldGen: 369066K(369152K)->369074K(369152K)
[602.823s][info][gc,metaspace   ] GC(1670) Metaspace: 35430K(36160K)->35430K(36160K) NonClass: 29159K(29696K)->29159K(29696K) Class: 6271K(6464K)->6271K(6464K)
[602.823s][info][gc             ] GC(1670) Pause Young (Allocation Failure) 651M->360M(667M) 1.307ms
[602.823s][info][gc,cpu         ] GC(1670) User=0.00s Sys=0.00s Real=0.00s
[602.977s][info][gc,start       ] GC(1671) Pause Young (Allocation Failure)
[602.978s][info][gc,heap        ] GC(1671) PSYoungGen: 298048K(314368K)->64K(314880K) Eden: 297984K(297984K)->0K(301568K) From: 64K(16384K)->64K(13312K)
[602.978s][info][gc,heap        ] GC(1671) ParOldGen: 369074K(369152K)->369082K(369152K)
[602.978s][info][gc,metaspace   ] GC(1671) Metaspace: 35430K(36160K)->35430K(36160K) NonClass: 29159K(29696K)->29159K(29696K) Class: 6271K(6464K)->6271K(6464K)
[602.978s][info][gc             ] GC(1671) Pause Young (Allocation Failure) 651M->360M(668M) 1.364ms
[602.978s][info][gc,cpu         ] GC(1671) User=0.00s Sys=0.00s Real=0.00s
[603.059s][info][gc,start       ] GC(1672) Pause Young (Allocation Failure)
[603.060s][info][gc,heap        ] GC(1672) PSYoungGen: 301632K(314880K)->64K(316416K) Eden: 301568K(301568K)->0K(301568K) From: 64K(13312K)->64K(14848K)
[603.060s][info][gc,heap        ] GC(1672) ParOldGen: 369082K(369152K)->369098K(369152K)
[603.060s][info][gc,metaspace   ] GC(1672) Metaspace: 35430K(36160K)->35430K(36160K) NonClass: 29159K(29696K)->29159K(29696K) Class: 6271K(6464K)->6271K(6464K)
[603.060s][info][gc             ] GC(1672) Pause Young (Allocation Failure) 654M->360M(669M) 1.349ms
[603.060s][info][gc,cpu         ] GC(1672) User=0.01s Sys=0.00s Real=0.00s
[603.233s][info][gc,start       ] GC(1673) Pause Young (Allocation Failure)
[603.234s][info][gc,heap        ] GC(1673) PSYoungGen: 301632K(316416K)->64K(316416K) Eden: 301568K(301568K)->0K(305152K) From: 64K(14848K)->64K(11264K)
[603.234s][info][gc,heap        ] GC(1673) ParOldGen: 369098K(369152K)->369098K(369152K)
[603.234s][info][gc,metaspace   ] GC(1673) Metaspace: 35430K(36160K)->35430K(36160K) NonClass: 29159K(29696K)->29159K(29696K) Class: 6271K(6464K)->6271K(6464K)
[603.234s][info][gc             ] GC(1673) Pause Young (Allocation Failure) 655M->360M(669M) 1.595ms
[603.234s][info][gc,cpu         ] GC(1673) User=0.00s Sys=0.00s Real=0.01s
[604.218s][info][gc,start       ] GC(1674) Pause Young (Allocation Failure)
[604.220s][info][gc,heap        ] GC(1674) PSYoungGen: 305216K(316416K)->64K(293376K) Eden: 305152K(305152K)->0K(292864K) From: 64K(11264K)->64K(512K)
[604.220s][info][gc,heap        ] GC(1674) ParOldGen: 369098K(369152K)->369106K(369152K)
[604.220s][info][gc,metaspace   ] GC(1674) Metaspace: 35430K(36160K)->35430K(36160K) NonClass: 29159K(29696K)->29159K(29696K) Class: 6271K(6464K)->6271K(6464K)
[604.220s][info][gc             ] GC(1674) Pause Young (Allocation Failure) 658M->360M(647M) 2.064ms
[604.220s][info][gc,cpu         ] GC(1674) User=0.00s Sys=0.00s Real=0.00s
[605.064s][info][gc,start       ] GC(1675) Pause Young (Allocation Failure)
[605.066s][info][gc,heap        ] GC(1675) PSYoungGen: 292928K(293376K)->64K(281600K) Eden: 292864K(292864K)->0K(281088K) From: 64K(512K)->64K(512K)
[605.066s][info][gc,heap        ] GC(1675) ParOldGen: 369106K(369152K)->369114K(369152K)
[605.066s][info][gc,metaspace   ] GC(1675) Metaspace: 35430K(36160K)->35430K(36160K) NonClass: 29159K(29696K)->29159K(29696K) Class: 6271K(6464K)->6271K(6464K)
[605.066s][info][gc             ] GC(1675) Pause Young (Allocation Failure) 646M->360M(635M) 2.321ms
[605.066s][info][gc,cpu         ] GC(1675) User=0.00s Sys=0.00s Real=0.01s
[605.269s][info][gc,start       ] GC(1676) Pause Young (Allocation Failure)
[605.270s][info][gc,heap        ] GC(1676) PSYoungGen: 281152K(281600K)->64K(281088K) Eden: 281088K(281088K)->0K(269824K) From: 64K(512K)->64K(11264K)
[605.271s][info][gc,heap        ] GC(1676) ParOldGen: 369114K(369152K)->369122K(369152K)
[605.271s][info][gc,metaspace   ] GC(1676) Metaspace: 35430K(36160K)->35430K(36160K) NonClass: 29159K(29696K)->29159K(29696K) Class: 6271K(6464K)->6271K(6464K)
[605.271s][info][gc             ] GC(1676) Pause Young (Allocation Failure) 635M->360M(635M) 1.393ms
[605.271s][info][gc,cpu         ] GC(1676) User=0.00s Sys=0.00s Real=0.00s
[605.700s][info][gc,start       ] GC(1677) Pause Young (Allocation Failure)
[605.702s][info][gc,heap        ] GC(1677) PSYoungGen: 269888K(281088K)->64K(259584K) Eden: 269824K(269824K)->0K(259072K) From: 64K(11264K)->64K(512K)
[605.702s][info][gc,heap        ] GC(1677) ParOldGen: 369122K(369152K)->369130K(369152K)
[605.702s][info][gc,metaspace   ] GC(1677) Metaspace: 35430K(36160K)->35430K(36160K) NonClass: 29159K(29696K)->29159K(29696K) Class: 6271K(6464K)->6271K(6464K)
[605.702s][info][gc             ] GC(1677) Pause Young (Allocation Failure) 624M->360M(614M) 2.173ms
[605.702s][info][gc,cpu         ] GC(1677) User=0.00s Sys=0.01s Real=0.00s
[606.639s][info][gc,start       ] GC(1678) Pause Young (Allocation Failure)
[606.641s][info][gc,heap        ] GC(1678) PSYoungGen: 259136K(259584K)->64K(258560K) Eden: 259072K(259072K)->0K(248832K) From: 64K(512K)->64K(9728K)
[606.641s][info][gc,heap        ] GC(1678) ParOldGen: 369130K(369152K)->369138K(369152K)
[606.641s][info][gc,metaspace   ] GC(1678) Metaspace: 35430K(36160K)->35430K(36160K) NonClass: 29159K(29696K)->29159K(29696K) Class: 6271K(6464K)->6271K(6464K)
[606.641s][info][gc             ] GC(1678) Pause Young (Allocation Failure) 613M->360M(613M) 1.321ms
[606.641s][info][gc,cpu         ] GC(1678) User=0.00s Sys=0.00s Real=0.00s
[607.016s][info][gc,start       ] GC(1679) Pause Young (Allocation Failure)
[607.018s][info][gc,heap        ] GC(1679) PSYoungGen: 248896K(258560K)->64K(239616K) Eden: 248832K(248832K)->0K(239104K) From: 64K(9728K)->64K(512K)
[607.018s][info][gc,heap        ] GC(1679) ParOldGen: 369138K(369152K)->369146K(369152K)
[607.018s][info][gc,metaspace   ] GC(1679) Metaspace: 35430K(36160K)->35430K(36160K) NonClass: 29159K(29696K)->29159K(29696K) Class: 6271K(6464K)->6271K(6464K)
[607.018s][info][gc             ] GC(1679) Pause Young (Allocation Failure) 603M->360M(594M) 1.846ms
[607.018s][info][gc,cpu         ] GC(1679) User=0.00s Sys=0.00s Real=0.00s
[607.193s][info][gc,start       ] GC(1680) Pause Young (Allocation Failure)
[607.194s][info][gc,heap        ] GC(1680) PSYoungGen: 239168K(239616K)->64K(238592K) Eden: 239104K(239104K)->0K(229888K) From: 64K(512K)->64K(8704K)
[607.194s][info][gc,heap        ] GC(1680) ParOldGen: 369146K(369152K)->369162K(369664K)
[607.194s][info][gc,metaspace   ] GC(1680) Metaspace: 35430K(36160K)->35430K(36160K) NonClass: 29159K(29696K)->29159K(29696K) Class: 6271K(6464K)->6271K(6464K)
[607.194s][info][gc             ] GC(1680) Pause Young (Allocation Failure) 594M->360M(594M) 1.358ms
[607.194s][info][gc,cpu         ] GC(1680) User=0.01s Sys=0.00s Real=0.00s
[607.267s][info][gc,start       ] GC(1681) Pause Young (Allocation Failure)
[607.268s][info][gc,heap        ] GC(1681) PSYoungGen: 229952K(238592K)->64K(221696K) Eden: 229888K(229888K)->0K(221184K) From: 64K(8704K)->64K(512K)
[607.268s][info][gc,heap        ] GC(1681) ParOldGen: 369162K(369664K)->369170K(369664K)
[607.268s][info][gc,metaspace   ] GC(1681) Metaspace: 35430K(36160K)->35430K(36160K) NonClass: 29159K(29696K)->29159K(29696K) Class: 6271K(6464K)->6271K(6464K)
[607.268s][info][gc             ] GC(1681) Pause Young (Allocation Failure) 585M->360M(577M) 1.802ms
[607.268s][info][gc,cpu         ] GC(1681) User=0.00s Sys=0.00s Real=0.00s
[607.747s][info][gc,start       ] GC(1682) Pause Young (Allocation Failure)
[607.748s][info][gc,heap        ] GC(1682) PSYoungGen: 221248K(221696K)->64K(220672K) Eden: 221184K(221184K)->0K(212992K) From: 64K(512K)->64K(7680K)
[607.748s][info][gc,heap        ] GC(1682) ParOldGen: 369170K(369664K)->369178K(369664K)
[607.748s][info][gc,metaspace   ] GC(1682) Metaspace: 35430K(36160K)->35430K(36160K) NonClass: 29159K(29696K)->29159K(29696K) Class: 6271K(6464K)->6271K(6464K)
[607.748s][info][gc             ] GC(1682) Pause Young (Allocation Failure) 576M->360M(576M) 1.338ms
[607.749s][info][gc,cpu         ] GC(1682) User=0.00s Sys=0.00s Real=0.00s
[607.972s][info][gc,start       ] GC(1683) Pause Young (Allocation Failure)
[607.974s][info][gc,heap        ] GC(1683) PSYoungGen: 213056K(220672K)->64K(205824K) Eden: 212992K(212992K)->0K(205312K) From: 64K(7680K)->64K(512K)
[607.974s][info][gc,heap        ] GC(1683) ParOldGen: 369178K(369664K)->369186K(369664K)
[607.974s][info][gc,metaspace   ] GC(1683) Metaspace: 35430K(36160K)->35430K(36160K) NonClass: 29159K(29696K)->29159K(29696K) Class: 6271K(6464K)->6271K(6464K)
[607.974s][info][gc             ] GC(1683) Pause Young (Allocation Failure) 568M->360M(562M) 1.944ms
[607.974s][info][gc,cpu         ] GC(1683) User=0.00s Sys=0.00s Real=0.00s
[608.263s][info][gc,start       ] GC(1684) Pause Young (Allocation Failure)
[608.277s][info][gc,heap        ] GC(1684) PSYoungGen: 205375K(205824K)->4064K(249344K) Eden: 205311K(205312K)->0K(245248K) From: 64K(512K)->4064K(4096K)
[608.277s][info][gc,heap        ] GC(1684) ParOldGen: 369186K(369664K)->369194K(369664K)
[608.277s][info][gc,metaspace   ] GC(1684) Metaspace: 35430K(36160K)->35430K(36160K) NonClass: 29159K(29696K)->29159K(29696K) Class: 6271K(6464K)->6271K(6464K)
[608.277s][info][gc             ] GC(1684) Pause Young (Allocation Failure) 561M->364M(604M) 13.722ms
[608.277s][info][gc,cpu         ] GC(1684) User=0.01s Sys=0.00s Real=0.02s
[608.537s][info][gc,start       ] GC(1685) Pause Young (Allocation Failure)
[608.593s][info][gc,heap        ] GC(1685) PSYoungGen: 249312K(249344K)->7168K(259072K) Eden: 245248K(245248K)->0K(251904K) From: 4064K(4096K)->7168K(7168K)
[608.593s][info][gc,heap        ] GC(1685) ParOldGen: 369194K(369664K)->387994K(388096K)
[608.593s][info][gc,metaspace   ] GC(1685) Metaspace: 35430K(36160K)->35430K(36160K) NonClass: 29159K(29696K)->29159K(29696K) Class: 6271K(6464K)->6271K(6464K)
[608.593s][info][gc             ] GC(1685) Pause Young (Allocation Failure) 604M->385M(632M) 55.320ms
[608.593s][info][gc,cpu         ] GC(1685) User=0.08s Sys=0.02s Real=0.05s
[608.861s][info][gc,start       ] GC(1686) Pause Young (Allocation Failure)
[608.912s][info][gc,heap        ] GC(1686) PSYoungGen: 259072K(259072K)->15872K(267776K) Eden: 251904K(251904K)->0K(251904K) From: 7168K(7168K)->15872K(15872K)
[608.912s][info][gc,heap        ] GC(1686) ParOldGen: 387994K(388096K)->399482K(399872K)
[608.912s][info][gc,metaspace   ] GC(1686) Metaspace: 35430K(36160K)->35430K(36160K) NonClass: 29159K(29696K)->29159K(29696K) Class: 6271K(6464K)->6271K(6464K)
[608.912s][info][gc             ] GC(1686) Pause Young (Allocation Failure) 631M->405M(652M) 51.133ms
[608.912s][info][gc,cpu         ] GC(1686) User=0.10s Sys=0.00s Real=0.05s
[609.069s][info][gc,start       ] GC(1687) Pause Young (Allocation Failure)
[609.096s][info][gc,heap        ] GC(1687) PSYoungGen: 267776K(267776K)->12320K(309248K) Eden: 251904K(251904K)->0K(285696K) From: 15872K(15872K)->12320K(23552K)
[609.096s][info][gc,heap        ] GC(1687) ParOldGen: 399482K(399872K)->399898K(400384K)
[609.096s][info][gc,metaspace   ] GC(1687) Metaspace: 35430K(36160K)->35430K(36160K) NonClass: 29159K(29696K)->29159K(29696K) Class: 6271K(6464K)->6271K(6464K)
[609.096s][info][gc             ] GC(1687) Pause Young (Allocation Failure) 651M->402M(693M) 27.621ms
[609.096s][info][gc,cpu         ] GC(1687) User=0.04s Sys=0.02s Real=0.03s
[609.396s][info][gc,start       ] GC(1688) Pause Young (Allocation Failure)
[609.398s][info][gc,heap        ] GC(1688) PSYoungGen: 298016K(309248K)->64K(309760K) Eden: 285696K(285696K)->0K(285696K) From: 12320K(23552K)->64K(24064K)
[609.398s][info][gc,heap        ] GC(1688) ParOldGen: 399898K(400384K)->399906K(400384K)
[609.398s][info][gc,metaspace   ] GC(1688) Metaspace: 35430K(36160K)->35430K(36160K) NonClass: 29159K(29696K)->29159K(29696K) Class: 6271K(6464K)->6271K(6464K)
[609.398s][info][gc             ] GC(1688) Pause Young (Allocation Failure) 681M->390M(693M) 1.506ms
[609.398s][info][gc,cpu         ] GC(1688) User=0.00s Sys=0.00s Real=0.00s
[610.031s][info][gc,start       ] GC(1689) Pause Young (Allocation Failure)
[610.033s][info][gc,heap        ] GC(1689) PSYoungGen: 285760K(309760K)->64K(307712K) Eden: 285696K(285696K)->0K(286208K) From: 64K(24064K)->64K(21504K)
[610.033s][info][gc,heap        ] GC(1689) ParOldGen: 399906K(400384K)->399914K(400384K)
[610.033s][info][gc,metaspace   ] GC(1689) Metaspace: 35430K(36160K)->35430K(36160K) NonClass: 29159K(29696K)->29159K(29696K) Class: 6271K(6464K)->6271K(6464K)
[610.033s][info][gc             ] GC(1689) Pause Young (Allocation Failure) 669M->390M(691M) 1.497ms
[610.033s][info][gc,cpu         ] GC(1689) User=0.01s Sys=0.00s Real=0.00s
[610.470s][info][gc,start       ] GC(1690) Pause Young (Allocation Failure)
[610.471s][info][gc,heap        ] GC(1690) PSYoungGen: 286272K(307712K)->64K(308736K) Eden: 286208K(286208K)->0K(286208K) From: 64K(21504K)->64K(22528K)
[610.471s][info][gc,heap        ] GC(1690) ParOldGen: 399914K(400384K)->399930K(400384K)
[610.471s][info][gc,metaspace   ] GC(1690) Metaspace: 35430K(36160K)->35430K(36160K) NonClass: 29159K(29696K)->29159K(29696K) Class: 6271K(6464K)->6271K(6464K)
[610.471s][info][gc             ] GC(1690) Pause Young (Allocation Failure) 670M->390M(692M) 1.458ms
[610.471s][info][gc,cpu         ] GC(1690) User=0.00s Sys=0.00s Real=0.00s
[610.660s][info][gc,start       ] GC(1691) Pause Young (Allocation Failure)
[610.662s][info][gc,heap        ] GC(1691) PSYoungGen: 286272K(308736K)->64K(308736K) Eden: 286208K(286208K)->0K(289280K) From: 64K(22528K)->64K(19456K)
[610.662s][info][gc,heap        ] GC(1691) ParOldGen: 399930K(400384K)->399946K(400384K)
[610.662s][info][gc,metaspace   ] GC(1691) Metaspace: 35430K(36160K)->35430K(36160K) NonClass: 29159K(29696K)->29159K(29696K) Class: 6271K(6464K)->6271K(6464K)
[610.662s][info][gc             ] GC(1691) Pause Young (Allocation Failure) 670M->390M(692M) 1.463ms
[610.662s][info][gc,cpu         ] GC(1691) User=0.00s Sys=0.00s Real=0.00s
[610.852s][info][gc,start       ] GC(1692) Pause Young (Allocation Failure)
[610.854s][info][gc,heap        ] GC(1692) PSYoungGen: 289344K(308736K)->64K(310272K) Eden: 289280K(289280K)->0K(289280K) From: 64K(19456K)->64K(20992K)
[610.854s][info][gc,heap        ] GC(1692) ParOldGen: 399946K(400384K)->399946K(400384K)
[610.854s][info][gc,metaspace   ] GC(1692) Metaspace: 35430K(36160K)->35430K(36160K) NonClass: 29159K(29696K)->29159K(29696K) Class: 6271K(6464K)->6271K(6464K)
[610.854s][info][gc             ] GC(1692) Pause Young (Allocation Failure) 673M->390M(694M) 1.536ms
[610.854s][info][gc,cpu         ] GC(1692) User=0.00s Sys=0.00s Real=0.00s
[611.153s][info][gc,start       ] GC(1693) Pause Young (Allocation Failure)
[611.154s][info][gc,heap        ] GC(1693) PSYoungGen: 289344K(310272K)->64K(310272K) Eden: 289280K(289280K)->0K(292864K) From: 64K(20992K)->64K(17408K)
[611.154s][info][gc,heap        ] GC(1693) ParOldGen: 399946K(400384K)->399946K(400384K)
[611.154s][info][gc,metaspace   ] GC(1693) Metaspace: 35430K(36160K)->35430K(36160K) NonClass: 29159K(29696K)->29159K(29696K) Class: 6271K(6464K)->6271K(6464K)
[611.154s][info][gc             ] GC(1693) Pause Young (Allocation Failure) 673M->390M(694M) 1.486ms
[611.154s][info][gc,cpu         ] GC(1693) User=0.00s Sys=0.00s Real=0.00s
[611.305s][info][gc,start       ] GC(1694) Pause Young (Allocation Failure)
[611.306s][info][gc,heap        ] GC(1694) PSYoungGen: 292928K(310272K)->64K(311808K) Eden: 292864K(292864K)->0K(292864K) From: 64K(17408K)->64K(18944K)
[611.306s][info][gc,heap        ] GC(1694) ParOldGen: 399946K(400384K)->399954K(400384K)
[611.306s][info][gc,metaspace   ] GC(1694) Metaspace: 35430K(36160K)->35430K(36160K) NonClass: 29159K(29696K)->29159K(29696K) Class: 6271K(6464K)->6271K(6464K)
[611.306s][info][gc             ] GC(1694) Pause Young (Allocation Failure) 676M->390M(695M) 1.447ms
[611.306s][info][gc,cpu         ] GC(1694) User=0.00s Sys=0.00s Real=0.00s
[611.359s][info][gc,start       ] GC(1695) Pause Young (Allocation Failure)
[611.361s][info][gc,heap        ] GC(1695) PSYoungGen: 292928K(311808K)->64K(312320K) Eden: 292864K(292864K)->0K(296448K) From: 64K(18944K)->64K(15872K)
[611.361s][info][gc,heap        ] GC(1695) ParOldGen: 399954K(400384K)->399970K(400384K)
[611.361s][info][gc,metaspace   ] GC(1695) Metaspace: 35430K(36160K)->35430K(36160K) NonClass: 29159K(29696K)->29159K(29696K) Class: 6271K(6464K)->6271K(6464K)
[611.361s][info][gc             ] GC(1695) Pause Young (Allocation Failure) 676M->390M(696M) 1.328ms
[611.361s][info][gc,cpu         ] GC(1695) User=0.00s Sys=0.00s Real=0.00s
[611.478s][info][gc,start       ] GC(1696) Pause Young (Allocation Failure)
[611.479s][info][gc,heap        ] GC(1696) PSYoungGen: 296512K(312320K)->64K(313856K) Eden: 296448K(296448K)->0K(296448K) From: 64K(15872K)->64K(17408K)
[611.479s][info][gc,heap        ] GC(1696) ParOldGen: 399970K(400384K)->399970K(400384K)
[611.479s][info][gc,metaspace   ] GC(1696) Metaspace: 35430K(36160K)->35430K(36160K) NonClass: 29159K(29696K)->29159K(29696K) Class: 6271K(6464K)->6271K(6464K)
[611.479s][info][gc             ] GC(1696) Pause Young (Allocation Failure) 680M->390M(697M) 1.391ms
[611.479s][info][gc,cpu         ] GC(1696) User=0.01s Sys=0.00s Real=0.00s
[611.732s][info][gc,start       ] GC(1697) Pause Young (Allocation Failure)
[611.733s][info][gc,heap        ] GC(1697) PSYoungGen: 296512K(313856K)->64K(313856K) Eden: 296448K(296448K)->0K(300032K) From: 64K(17408K)->64K(13824K)
[611.733s][info][gc,heap        ] GC(1697) ParOldGen: 399970K(400384K)->399986K(400384K)
[611.733s][info][gc,metaspace   ] GC(1697) Metaspace: 35430K(36160K)->35430K(36160K) NonClass: 29159K(29696K)->29159K(29696K) Class: 6271K(6464K)->6271K(6464K)
[611.733s][info][gc             ] GC(1697) Pause Young (Allocation Failure) 680M->390M(697M) 1.379ms
[611.733s][info][gc,cpu         ] GC(1697) User=0.00s Sys=0.00s Real=0.00s
[611.913s][info][gc,start       ] GC(1698) Pause Young (Allocation Failure)
[611.914s][info][gc,heap        ] GC(1698) PSYoungGen: 300096K(313856K)->64K(315392K) Eden: 300032K(300032K)->0K(300032K) From: 64K(13824K)->64K(15360K)
[611.914s][info][gc,heap        ] GC(1698) ParOldGen: 399986K(400384K)->399986K(400384K)
[611.914s][info][gc,metaspace   ] GC(1698) Metaspace: 35430K(36160K)->35430K(36160K) NonClass: 29159K(29696K)->29159K(29696K) Class: 6271K(6464K)->6271K(6464K)
[611.914s][info][gc             ] GC(1698) Pause Young (Allocation Failure) 683M->390M(699M) 1.435ms
[611.914s][info][gc,cpu         ] GC(1698) User=0.01s Sys=0.00s Real=0.00s
[611.994s][info][gc,start       ] GC(1699) Pause Young (Allocation Failure)
[611.995s][info][gc,heap        ] GC(1699) PSYoungGen: 300096K(315392K)->64K(316928K) Eden: 300032K(300032K)->0K(304128K) From: 64K(15360K)->64K(12800K)
[611.995s][info][gc,heap        ] GC(1699) ParOldGen: 399986K(400384K)->400002K(400384K)
[611.995s][info][gc,metaspace   ] GC(1699) Metaspace: 35430K(36160K)->35430K(36160K) NonClass: 29159K(29696K)->29159K(29696K) Class: 6271K(6464K)->6271K(6464K)
[611.995s][info][gc             ] GC(1699) Pause Young (Allocation Failure) 683M->390M(700M) 1.382ms
[611.995s][info][gc,cpu         ] GC(1699) User=0.00s Sys=0.00s Real=0.01s
[612.155s][info][gc,start       ] GC(1700) Pause Young (Allocation Failure)
[612.156s][info][gc,heap        ] GC(1700) PSYoungGen: 304192K(316928K)->64K(317952K) Eden: 304128K(304128K)->0K(304128K) From: 64K(12800K)->64K(13824K)
[612.156s][info][gc,heap        ] GC(1700) ParOldGen: 400002K(400384K)->400002K(400384K)
[612.156s][info][gc,metaspace   ] GC(1700) Metaspace: 35430K(36160K)->35430K(36160K) NonClass: 29159K(29696K)->29159K(29696K) Class: 6271K(6464K)->6271K(6464K)
[612.156s][info][gc             ] GC(1700) Pause Young (Allocation Failure) 687M->390M(701M) 1.424ms
[612.156s][info][gc,cpu         ] GC(1700) User=0.01s Sys=0.00s Real=0.00s
[612.559s][info][gc,start       ] GC(1701) Pause Young (Allocation Failure)
[612.560s][info][gc,heap        ] GC(1701) PSYoungGen: 304192K(317952K)->64K(317952K) Eden: 304128K(304128K)->0K(307200K) From: 64K(13824K)->64K(10752K)
[612.560s][info][gc,heap        ] GC(1701) ParOldGen: 400002K(400384K)->400010K(400384K)
[612.560s][info][gc,metaspace   ] GC(1701) Metaspace: 35430K(36160K)->35430K(36160K) NonClass: 29159K(29696K)->29159K(29696K) Class: 6271K(6464K)->6271K(6464K)
[612.560s][info][gc             ] GC(1701) Pause Young (Allocation Failure) 687M->390M(701M) 1.424ms
[612.560s][info][gc,cpu         ] GC(1701) User=0.00s Sys=0.00s Real=0.00s
[613.772s][info][gc,start       ] GC(1702) Pause Young (Allocation Failure)
[613.773s][info][gc,heap        ] GC(1702) PSYoungGen: 307264K(317952K)->64K(295424K) Eden: 307200K(307200K)->0K(294912K) From: 64K(10752K)->64K(512K)
[613.773s][info][gc,heap        ] GC(1702) ParOldGen: 400010K(400384K)->400018K(400384K)
[613.773s][info][gc,metaspace   ] GC(1702) Metaspace: 35430K(36160K)->35430K(36160K) NonClass: 29159K(29696K)->29159K(29696K) Class: 6271K(6464K)->6271K(6464K)
[613.773s][info][gc             ] GC(1702) Pause Young (Allocation Failure) 690M->390M(679M) 1.710ms
[613.773s][info][gc,cpu         ] GC(1702) User=0.00s Sys=0.00s Real=0.00s
[614.192s][info][gc,start       ] GC(1703) Pause Young (Allocation Failure)
[614.194s][info][gc,heap        ] GC(1703) PSYoungGen: 294976K(295424K)->64K(283648K) Eden: 294912K(294912K)->0K(283136K) From: 64K(512K)->64K(512K)
[614.194s][info][gc,heap        ] GC(1703) ParOldGen: 400018K(400384K)->400026K(400384K)
[614.194s][info][gc,metaspace   ] GC(1703) Metaspace: 35430K(36160K)->35430K(36160K) NonClass: 29159K(29696K)->29159K(29696K) Class: 6271K(6464K)->6271K(6464K)
[614.194s][info][gc             ] GC(1703) Pause Young (Allocation Failure) 678M->390M(668M) 2.078ms
[614.194s][info][gc,cpu         ] GC(1703) User=0.00s Sys=0.00s Real=0.00s
[614.648s][info][gc,start       ] GC(1704) Pause Young (Allocation Failure)
[614.649s][info][gc,heap        ] GC(1704) PSYoungGen: 283200K(283648K)->64K(282112K) Eden: 283136K(283136K)->0K(271872K) From: 64K(512K)->64K(10240K)
[614.649s][info][gc,heap        ] GC(1704) ParOldGen: 400026K(400384K)->400034K(400384K)
[614.649s][info][gc,metaspace   ] GC(1704) Metaspace: 35430K(36160K)->35430K(36160K) NonClass: 29159K(29696K)->29159K(29696K) Class: 6271K(6464K)->6271K(6464K)
[614.649s][info][gc             ] GC(1704) Pause Young (Allocation Failure) 667M->390M(666M) 1.387ms
[614.649s][info][gc,cpu         ] GC(1704) User=0.00s Sys=0.00s Real=0.00s
[615.611s][info][gc,start       ] GC(1705) Pause Young (Allocation Failure)
[615.613s][info][gc,heap        ] GC(1705) PSYoungGen: 271936K(282112K)->64K(261632K) Eden: 271872K(271872K)->0K(261120K) From: 64K(10240K)->64K(512K)
[615.613s][info][gc,heap        ] GC(1705) ParOldGen: 400034K(400384K)->400042K(400384K)
[615.613s][info][gc,metaspace   ] GC(1705) Metaspace: 35430K(36160K)->35430K(36160K) NonClass: 29159K(29696K)->29159K(29696K) Class: 6271K(6464K)->6271K(6464K)
[615.613s][info][gc             ] GC(1705) Pause Young (Allocation Failure) 656M->390M(646M) 1.998ms
[615.613s][info][gc,cpu         ] GC(1705) User=0.00s Sys=0.00s Real=0.00s
[616.000s][info][gc,start       ] GC(1706) Pause Young (Allocation Failure)
[616.001s][info][gc,heap        ] GC(1706) PSYoungGen: 261184K(261632K)->64K(260096K) Eden: 261120K(261120K)->0K(250880K) From: 64K(512K)->64K(9216K)
[616.001s][info][gc,heap        ] GC(1706) ParOldGen: 400042K(400384K)->400050K(400384K)
[616.001s][info][gc,metaspace   ] GC(1706) Metaspace: 35430K(36160K)->35430K(36160K) NonClass: 29159K(29696K)->29159K(29696K) Class: 6271K(6464K)->6271K(6464K)
[616.001s][info][gc             ] GC(1706) Pause Young (Allocation Failure) 645M->390M(645M) 1.490ms
[616.001s][info][gc,cpu         ] GC(1706) User=0.00s Sys=0.00s Real=0.00s
[616.171s][info][gc,start       ] GC(1707) Pause Young (Allocation Failure)
[616.173s][info][gc,heap        ] GC(1707) PSYoungGen: 250944K(260096K)->64K(241664K) Eden: 250880K(250880K)->0K(241152K) From: 64K(9216K)->64K(512K)
[616.173s][info][gc,heap        ] GC(1707) ParOldGen: 400050K(400384K)->400058K(400384K)
[616.173s][info][gc,metaspace   ] GC(1707) Metaspace: 35430K(36160K)->35430K(36160K) NonClass: 29159K(29696K)->29159K(29696K) Class: 6271K(6464K)->6271K(6464K)
[616.173s][info][gc             ] GC(1707) Pause Young (Allocation Failure) 635M->390M(627M) 1.922ms
[616.173s][info][gc,cpu         ] GC(1707) User=0.00s Sys=0.00s Real=0.00s
[616.266s][info][gc,start       ] GC(1708) Pause Young (Allocation Failure)
[616.268s][info][gc,heap        ] GC(1708) PSYoungGen: 241216K(241664K)->64K(239616K) Eden: 241152K(241152K)->0K(231936K) From: 64K(512K)->64K(7680K)
[616.268s][info][gc,heap        ] GC(1708) ParOldGen: 400058K(400384K)->400066K(400384K)
[616.268s][info][gc,metaspace   ] GC(1708) Metaspace: 35430K(36160K)->35430K(36160K) NonClass: 29159K(29696K)->29159K(29696K) Class: 6271K(6464K)->6271K(6464K)
[616.268s][info][gc             ] GC(1708) Pause Young (Allocation Failure) 626M->390M(625M) 1.584ms
[616.268s][info][gc,cpu         ] GC(1708) User=0.01s Sys=0.00s Real=0.00s
[616.882s][info][gc,start       ] GC(1709) Pause Young (Allocation Failure)
[616.885s][info][gc,heap        ] GC(1709) PSYoungGen: 232000K(239616K)->64K(223744K) Eden: 231936K(231936K)->0K(223232K) From: 64K(7680K)->64K(512K)
[616.885s][info][gc,heap        ] GC(1709) ParOldGen: 400066K(400384K)->400082K(400384K)
[616.885s][info][gc,metaspace   ] GC(1709) Metaspace: 35430K(36160K)->35430K(36160K) NonClass: 29159K(29696K)->29159K(29696K) Class: 6271K(6464K)->6271K(6464K)
[616.885s][info][gc             ] GC(1709) Pause Young (Allocation Failure) 617M->390M(609M) 3.392ms
[616.885s][info][gc,cpu         ] GC(1709) User=0.00s Sys=0.00s Real=0.01s
[617.057s][info][gc,start       ] GC(1710) Pause Young (Allocation Failure)
[617.060s][info][gc,heap        ] GC(1710) PSYoungGen: 223296K(223744K)->64K(221696K) Eden: 223232K(223232K)->0K(215040K) From: 64K(512K)->64K(6656K)
[617.060s][info][gc,heap        ] GC(1710) ParOldGen: 400082K(400384K)->400098K(400384K)
[617.060s][info][gc,metaspace   ] GC(1710) Metaspace: 35430K(36160K)->35430K(36160K) NonClass: 29159K(29696K)->29159K(29696K) Class: 6271K(6464K)->6271K(6464K)
[617.060s][info][gc             ] GC(1710) Pause Young (Allocation Failure) 608M->390M(607M) 2.733ms
[617.060s][info][gc,cpu         ] GC(1710) User=0.00s Sys=0.00s Real=0.00s
[617.352s][info][gc,start       ] GC(1711) Pause Young (Allocation Failure)
[617.379s][info][gc,heap        ] GC(1711) PSYoungGen: 215104K(221696K)->6144K(263680K) Eden: 215040K(215040K)->0K(257536K) From: 64K(6656K)->6144K(6144K)
[617.379s][info][gc,heap        ] GC(1711) ParOldGen: 400098K(400384K)->405690K(406016K)
[617.379s][info][gc,metaspace   ] GC(1711) Metaspace: 35430K(36160K)->35430K(36160K) NonClass: 29159K(29696K)->29159K(29696K) Class: 6271K(6464K)->6271K(6464K)
[617.379s][info][gc             ] GC(1711) Pause Young (Allocation Failure) 600M->402M(654M) 27.002ms
[617.379s][info][gc,cpu         ] GC(1711) User=0.04s Sys=0.01s Real=0.03s
[617.655s][info][gc,start       ] GC(1712) Pause Young (Allocation Failure)
[617.712s][info][gc,heap        ] GC(1712) PSYoungGen: 263680K(263680K)->9728K(275968K) Eden: 257536K(257536K)->0K(266240K) From: 6144K(6144K)->9728K(9728K)
[617.712s][info][gc,heap        ] GC(1712) ParOldGen: 405690K(406016K)->423442K(423936K)
[617.712s][info][gc,metaspace   ] GC(1712) Metaspace: 35430K(36160K)->35430K(36160K) NonClass: 29159K(29696K)->29159K(29696K) Class: 6271K(6464K)->6271K(6464K)
[617.712s][info][gc             ] GC(1712) Pause Young (Allocation Failure) 653M->423M(683M) 57.701ms
[617.712s][info][gc,cpu         ] GC(1712) User=0.10s Sys=0.01s Real=0.05s
[618.002s][info][gc,start       ] GC(1713) Pause Young (Allocation Failure)
[618.065s][info][gc,heap        ] GC(1713) PSYoungGen: 275968K(275968K)->18432K(300032K) Eden: 266240K(266240K)->0K(281600K) From: 9728K(9728K)->18432K(18432K)
[618.065s][info][gc,heap        ] GC(1713) ParOldGen: 423442K(423936K)->433834K(434176K)
[618.065s][info][gc,metaspace   ] GC(1713) Metaspace: 35430K(36160K)->35430K(36160K) NonClass: 29159K(29696K)->29159K(29696K) Class: 6271K(6464K)->6271K(6464K)
[618.065s][info][gc             ] GC(1713) Pause Young (Allocation Failure) 683M->441M(717M) 62.704ms
[618.065s][info][gc,cpu         ] GC(1713) User=0.10s Sys=0.02s Real=0.07s
[618.156s][info][gc,start       ] GC(1714) Pause Young (Allocation Failure)
[618.163s][info][gc,heap        ] GC(1714) PSYoungGen: 300032K(300032K)->1824K(307712K) Eden: 281600K(281600K)->0K(281600K) From: 18432K(18432K)->1824K(26112K)
[618.163s][info][gc,heap        ] GC(1714) ParOldGen: 433834K(434176K)->434202K(434688K)
[618.163s][info][gc,metaspace   ] GC(1714) Metaspace: 35430K(36160K)->35430K(36160K) NonClass: 29159K(29696K)->29159K(29696K) Class: 6271K(6464K)->6271K(6464K)
[618.163s][info][gc             ] GC(1714) Pause Young (Allocation Failure) 716M->425M(725M) 6.720ms
[618.163s][info][gc,cpu         ] GC(1714) User=0.01s Sys=0.00s Real=0.00s
[618.725s][info][gc,start       ] GC(1715) Pause Young (Allocation Failure)
[618.727s][info][gc,heap        ] GC(1715) PSYoungGen: 283424K(307712K)->64K(305664K) Eden: 281600K(281600K)->0K(282624K) From: 1824K(26112K)->64K(23040K)
[618.727s][info][gc,heap        ] GC(1715) ParOldGen: 434202K(434688K)->434210K(434688K)
[618.727s][info][gc,metaspace   ] GC(1715) Metaspace: 35430K(36160K)->35430K(36160K) NonClass: 29159K(29696K)->29159K(29696K) Class: 6271K(6464K)->6271K(6464K)
[618.727s][info][gc             ] GC(1715) Pause Young (Allocation Failure) 700M->424M(723M) 1.764ms
[618.727s][info][gc,cpu         ] GC(1715) User=0.00s Sys=0.01s Real=0.00s
[619.187s][info][gc,start       ] GC(1716) Pause Young (Allocation Failure)
[619.188s][info][gc,heap        ] GC(1716) PSYoungGen: 282688K(305664K)->64K(307200K) Eden: 282624K(282624K)->0K(282624K) From: 64K(23040K)->64K(24576K)
[619.188s][info][gc,heap        ] GC(1716) ParOldGen: 434210K(434688K)->434218K(434688K)
[619.188s][info][gc,metaspace   ] GC(1716) Metaspace: 35430K(36160K)->35430K(36160K) NonClass: 29159K(29696K)->29159K(29696K) Class: 6271K(6464K)->6271K(6464K)
[619.188s][info][gc             ] GC(1716) Pause Young (Allocation Failure) 700M->424M(724M) 1.600ms
[619.188s][info][gc,cpu         ] GC(1716) User=0.00s Sys=0.00s Real=0.00s
[619.579s][info][gc,start       ] GC(1717) Pause Young (Allocation Failure)
[619.580s][info][gc,heap        ] GC(1717) PSYoungGen: 282688K(307200K)->64K(306688K) Eden: 282624K(282624K)->0K(285696K) From: 64K(24576K)->64K(20992K)
[619.580s][info][gc,heap        ] GC(1717) ParOldGen: 434218K(434688K)->434234K(434688K)
[619.580s][info][gc,metaspace   ] GC(1717) Metaspace: 35430K(36160K)->35430K(36160K) NonClass: 29159K(29696K)->29159K(29696K) Class: 6271K(6464K)->6271K(6464K)
[619.580s][info][gc             ] GC(1717) Pause Young (Allocation Failure) 700M->424M(724M) 1.715ms
[619.580s][info][gc,cpu         ] GC(1717) User=0.00s Sys=0.00s Real=0.00s
[619.767s][info][gc,start       ] GC(1718) Pause Young (Allocation Failure)
[619.769s][info][gc,heap        ] GC(1718) PSYoungGen: 285760K(306688K)->64K(308224K) Eden: 285696K(285696K)->0K(285696K) From: 64K(20992K)->64K(22528K)
[619.769s][info][gc,heap        ] GC(1718) ParOldGen: 434234K(434688K)->434250K(434688K)
[619.769s][info][gc,metaspace   ] GC(1718) Metaspace: 35430K(36160K)->35430K(36160K) NonClass: 29159K(29696K)->29159K(29696K) Class: 6271K(6464K)->6271K(6464K)
[619.769s][info][gc             ] GC(1718) Pause Young (Allocation Failure) 703M->424M(725M) 1.540ms
[619.769s][info][gc,cpu         ] GC(1718) User=0.00s Sys=0.00s Real=0.00s
[619.955s][info][gc,start       ] GC(1719) Pause Young (Allocation Failure)
[619.956s][info][gc,heap        ] GC(1719) PSYoungGen: 285760K(308224K)->64K(308736K) Eden: 285696K(285696K)->0K(289792K) From: 64K(22528K)->64K(18944K)
[619.956s][info][gc,heap        ] GC(1719) ParOldGen: 434250K(434688K)->434250K(434688K)
[619.956s][info][gc,metaspace   ] GC(1719) Metaspace: 35430K(36160K)->35430K(36160K) NonClass: 29159K(29696K)->29159K(29696K) Class: 6271K(6464K)->6271K(6464K)
[619.956s][info][gc             ] GC(1719) Pause Young (Allocation Failure) 703M->424M(726M) 1.530ms
[619.956s][info][gc,cpu         ] GC(1719) User=0.00s Sys=0.00s Real=0.00s
[620.291s][info][gc,start       ] GC(1720) Pause Young (Allocation Failure)
[620.293s][info][gc,heap        ] GC(1720) PSYoungGen: 289856K(308736K)->64K(310272K) Eden: 289792K(289792K)->0K(289792K) From: 64K(18944K)->64K(20480K)
[620.293s][info][gc,heap        ] GC(1720) ParOldGen: 434250K(434688K)->434250K(434688K)
[620.293s][info][gc,metaspace   ] GC(1720) Metaspace: 35430K(36160K)->35430K(36160K) NonClass: 29159K(29696K)->29159K(29696K) Class: 6271K(6464K)->6271K(6464K)
[620.293s][info][gc             ] GC(1720) Pause Young (Allocation Failure) 707M->424M(727M) 1.624ms
[620.293s][info][gc,cpu         ] GC(1720) User=0.00s Sys=0.00s Real=0.00s
[620.354s][info][gc,start       ] GC(1721) Pause Young (Allocation Failure)
[620.355s][info][gc,heap        ] GC(1721) PSYoungGen: 289856K(310272K)->64K(310784K) Eden: 289792K(289792K)->0K(293888K) From: 64K(20480K)->64K(16896K)
[620.355s][info][gc,heap        ] GC(1721) ParOldGen: 434250K(434688K)->434258K(434688K)
[620.355s][info][gc,metaspace   ] GC(1721) Metaspace: 35430K(36160K)->35430K(36160K) NonClass: 29159K(29696K)->29159K(29696K) Class: 6271K(6464K)->6271K(6464K)
[620.355s][info][gc             ] GC(1721) Pause Young (Allocation Failure) 707M->424M(728M) 1.450ms
[620.355s][info][gc,cpu         ] GC(1721) User=0.00s Sys=0.00s Real=0.01s
[620.410s][info][gc,start       ] GC(1722) Pause Young (Allocation Failure)
[620.412s][info][gc,heap        ] GC(1722) PSYoungGen: 293952K(310784K)->64K(312320K) Eden: 293888K(293888K)->0K(293888K) From: 64K(16896K)->64K(18432K)
[620.412s][info][gc,heap        ] GC(1722) ParOldGen: 434258K(434688K)->434274K(434688K)
[620.412s][info][gc,metaspace   ] GC(1722) Metaspace: 35430K(36160K)->35430K(36160K) NonClass: 29159K(29696K)->29159K(29696K) Class: 6271K(6464K)->6271K(6464K)
[620.412s][info][gc             ] GC(1722) Pause Young (Allocation Failure) 711M->424M(729M) 1.469ms
[620.412s][info][gc,cpu         ] GC(1722) User=0.00s Sys=0.00s Real=0.00s
[620.600s][info][gc,start       ] GC(1723) Pause Young (Allocation Failure)
[620.601s][info][gc,heap        ] GC(1723) PSYoungGen: 293952K(312320K)->64K(312832K) Eden: 293888K(293888K)->0K(297984K) From: 64K(18432K)->64K(14848K)
[620.601s][info][gc,heap        ] GC(1723) ParOldGen: 434274K(434688K)->434274K(434688K)
[620.601s][info][gc,metaspace   ] GC(1723) Metaspace: 35430K(36160K)->35430K(36160K) NonClass: 29159K(29696K)->29159K(29696K) Class: 6271K(6464K)->6271K(6464K)
[620.601s][info][gc             ] GC(1723) Pause Young (Allocation Failure) 711M->424M(730M) 1.490ms
[620.601s][info][gc,cpu         ] GC(1723) User=0.00s Sys=0.00s Real=0.00s
[620.840s][info][gc,start       ] GC(1724) Pause Young (Allocation Failure)
[620.842s][info][gc,heap        ] GC(1724) PSYoungGen: 298048K(312832K)->64K(314368K) Eden: 297984K(297984K)->0K(297984K) From: 64K(14848K)->64K(16384K)
[620.842s][info][gc,heap        ] GC(1724) ParOldGen: 434274K(434688K)->434282K(434688K)
[620.842s][info][gc,metaspace   ] GC(1724) Metaspace: 35430K(36160K)->35430K(36160K) NonClass: 29159K(29696K)->29159K(29696K) Class: 6271K(6464K)->6271K(6464K)
[620.842s][info][gc             ] GC(1724) Pause Young (Allocation Failure) 715M->424M(731M) 1.596ms
[620.842s][info][gc,cpu         ] GC(1724) User=0.00s Sys=0.00s Real=0.00s
[620.970s][info][gc,start       ] GC(1725) Pause Young (Allocation Failure)
[620.972s][info][gc,heap        ] GC(1725) PSYoungGen: 298048K(314368K)->64K(314880K) Eden: 297984K(297984K)->0K(302080K) From: 64K(16384K)->64K(12800K)
[620.972s][info][gc,heap        ] GC(1725) ParOldGen: 434282K(434688K)->434290K(434688K)
[620.972s][info][gc,metaspace   ] GC(1725) Metaspace: 35430K(36160K)->35430K(36160K) NonClass: 29159K(29696K)->29159K(29696K) Class: 6271K(6464K)->6271K(6464K)
[620.972s][info][gc             ] GC(1725) Pause Young (Allocation Failure) 715M->424M(732M) 1.542ms
[620.972s][info][gc,cpu         ] GC(1725) User=0.00s Sys=0.00s Real=0.00s
[621.063s][info][gc,start       ] GC(1726) Pause Young (Allocation Failure)
[621.065s][info][gc,heap        ] GC(1726) PSYoungGen: 302144K(314880K)->64K(316416K) Eden: 302080K(302080K)->0K(302080K) From: 64K(12800K)->64K(14336K)
[621.065s][info][gc,heap        ] GC(1726) ParOldGen: 434290K(434688K)->434298K(434688K)
[621.065s][info][gc,metaspace   ] GC(1726) Metaspace: 35430K(36160K)->35430K(36160K) NonClass: 29159K(29696K)->29159K(29696K) Class: 6271K(6464K)->6271K(6464K)
[621.065s][info][gc             ] GC(1726) Pause Young (Allocation Failure) 719M->424M(733M) 1.501ms
[621.065s][info][gc,cpu         ] GC(1726) User=0.00s Sys=0.00s Real=0.01s
[621.248s][info][gc,start       ] GC(1727) Pause Young (Allocation Failure)
[621.249s][info][gc,heap        ] GC(1727) PSYoungGen: 302144K(316416K)->64K(316928K) Eden: 302080K(302080K)->0K(305664K) From: 64K(14336K)->64K(11264K)
[621.249s][info][gc,heap        ] GC(1727) ParOldGen: 434298K(434688K)->434306K(434688K)
[621.249s][info][gc,metaspace   ] GC(1727) Metaspace: 35430K(36160K)->35430K(36160K) NonClass: 29159K(29696K)->29159K(29696K) Class: 6271K(6464K)->6271K(6464K)
[621.249s][info][gc             ] GC(1727) Pause Young (Allocation Failure) 719M->424M(734M) 1.505ms
[621.249s][info][gc,cpu         ] GC(1727) User=0.00s Sys=0.00s Real=0.00s
[622.206s][info][gc,start       ] GC(1728) Pause Young (Allocation Failure)
[622.208s][info][gc,heap        ] GC(1728) PSYoungGen: 305728K(316928K)->83K(318464K) Eden: 305664K(305664K)->0K(305664K) From: 64K(11264K)->83K(12800K)
[622.208s][info][gc,heap        ] GC(1728) ParOldGen: 434306K(434688K)->434314K(434688K)
[622.208s][info][gc,metaspace   ] GC(1728) Metaspace: 35430K(36160K)->35430K(36160K) NonClass: 29159K(29696K)->29159K(29696K) Class: 6271K(6464K)->6271K(6464K)
[622.208s][info][gc             ] GC(1728) Pause Young (Allocation Failure) 722M->424M(735M) 1.566ms
[622.208s][info][gc,cpu         ] GC(1728) User=0.01s Sys=0.00s Real=0.00s
[623.077s][info][gc,start       ] GC(1729) Pause Young (Allocation Failure)
[623.079s][info][gc,heap        ] GC(1729) PSYoungGen: 305747K(318464K)->64K(293888K) Eden: 305664K(305664K)->0K(293376K) From: 83K(12800K)->64K(512K)
[623.079s][info][gc,heap        ] GC(1729) ParOldGen: 434314K(434688K)->434322K(434688K)
[623.079s][info][gc,metaspace   ] GC(1729) Metaspace: 35430K(36160K)->35430K(36160K) NonClass: 29159K(29696K)->29159K(29696K) Class: 6271K(6464K)->6271K(6464K)
[623.079s][info][gc             ] GC(1729) Pause Young (Allocation Failure) 722M->424M(711M) 2.140ms
[623.079s][info][gc,cpu         ] GC(1729) User=0.00s Sys=0.00s Real=0.00s
[623.429s][info][gc,start       ] GC(1730) Pause Young (Allocation Failure)
[623.430s][info][gc,heap        ] GC(1730) PSYoungGen: 293440K(293888K)->64K(292864K) Eden: 293376K(293376K)->0K(281600K) From: 64K(512K)->64K(11264K)
[623.430s][info][gc,heap        ] GC(1730) ParOldGen: 434322K(434688K)->434330K(434688K)
[623.430s][info][gc,metaspace   ] GC(1730) Metaspace: 35430K(36160K)->35430K(36160K) NonClass: 29159K(29696K)->29159K(29696K) Class: 6271K(6464K)->6271K(6464K)
[623.430s][info][gc             ] GC(1730) Pause Young (Allocation Failure) 710M->424M(710M) 1.468ms
[623.430s][info][gc,cpu         ] GC(1730) User=0.00s Sys=0.00s Real=0.00s
[623.817s][info][gc,start       ] GC(1731) Pause Young (Allocation Failure)
[623.820s][info][gc,heap        ] GC(1731) PSYoungGen: 281664K(292864K)->64K(270848K) Eden: 281600K(281600K)->0K(270336K) From: 64K(11264K)->64K(512K)
[623.820s][info][gc,heap        ] GC(1731) ParOldGen: 434330K(434688K)->434346K(434688K)
[623.820s][info][gc,metaspace   ] GC(1731) Metaspace: 35430K(36160K)->35430K(36160K) NonClass: 29159K(29696K)->29159K(29696K) Class: 6271K(6464K)->6271K(6464K)
[623.820s][info][gc             ] GC(1731) Pause Young (Allocation Failure) 699M->424M(689M) 3.224ms
[623.820s][info][gc,cpu         ] GC(1731) User=0.00s Sys=0.00s Real=0.00s
[624.745s][info][gc,start       ] GC(1732) Pause Young (Allocation Failure)
[624.748s][info][gc,heap        ] GC(1732) PSYoungGen: 270400K(270848K)->64K(269312K) Eden: 270336K(270336K)->0K(259584K) From: 64K(512K)->64K(9728K)
[624.748s][info][gc,heap        ] GC(1732) ParOldGen: 434346K(434688K)->434354K(434688K)
[624.748s][info][gc,metaspace   ] GC(1732) Metaspace: 35430K(36160K)->35430K(36160K) NonClass: 29159K(29696K)->29159K(29696K) Class: 6271K(6464K)->6271K(6464K)
[624.748s][info][gc             ] GC(1732) Pause Young (Allocation Failure) 688M->424M(687M) 2.776ms
[624.748s][info][gc,cpu         ] GC(1732) User=0.00s Sys=0.00s Real=0.00s
[625.084s][info][gc,start       ] GC(1733) Pause Young (Allocation Failure)
[625.086s][info][gc,heap        ] GC(1733) PSYoungGen: 259648K(269312K)->64K(249856K) Eden: 259584K(259584K)->0K(249344K) From: 64K(9728K)->64K(512K)
[625.087s][info][gc,heap        ] GC(1733) ParOldGen: 434354K(434688K)->434362K(434688K)
[625.087s][info][gc,metaspace   ] GC(1733) Metaspace: 35430K(36160K)->35430K(36160K) NonClass: 29159K(29696K)->29159K(29696K) Class: 6271K(6464K)->6271K(6464K)
[625.087s][info][gc             ] GC(1733) Pause Young (Allocation Failure) 677M->424M(668M) 2.938ms
[625.087s][info][gc,cpu         ] GC(1733) User=0.00s Sys=0.00s Real=0.01s
[625.212s][info][gc,start       ] GC(1734) Pause Young (Allocation Failure)
[625.214s][info][gc,heap        ] GC(1734) PSYoungGen: 249408K(249856K)->64K(248320K) Eden: 249344K(249344K)->0K(239616K) From: 64K(512K)->64K(8704K)
[625.214s][info][gc,heap        ] GC(1734) ParOldGen: 434362K(434688K)->434370K(434688K)
[625.215s][info][gc,metaspace   ] GC(1734) Metaspace: 35430K(36160K)->35430K(36160K) NonClass: 29159K(29696K)->29159K(29696K) Class: 6271K(6464K)->6271K(6464K)
[625.215s][info][gc             ] GC(1734) Pause Young (Allocation Failure) 667M->424M(667M) 2.509ms
[625.215s][info][gc,cpu         ] GC(1734) User=0.00s Sys=0.00s Real=0.01s
[625.527s][info][gc,start       ] GC(1735) Pause Young (Allocation Failure)
[625.530s][info][gc,heap        ] GC(1735) PSYoungGen: 239680K(248320K)->64K(230912K) Eden: 239616K(239616K)->0K(230400K) From: 64K(8704K)->64K(512K)
[625.530s][info][gc,heap        ] GC(1735) ParOldGen: 434370K(434688K)->434378K(434688K)
[625.530s][info][gc,metaspace   ] GC(1735) Metaspace: 35430K(36160K)->35430K(36160K) NonClass: 29159K(29696K)->29159K(29696K) Class: 6271K(6464K)->6271K(6464K)
[625.530s][info][gc             ] GC(1735) Pause Young (Allocation Failure) 658M->424M(650M) 3.122ms
[625.530s][info][gc,cpu         ] GC(1735) User=0.00s Sys=0.00s Real=0.00s
[625.928s][info][gc,start       ] GC(1736) Pause Young (Allocation Failure)
[625.930s][info][gc,heap        ] GC(1736) PSYoungGen: 230464K(230912K)->64K(228864K) Eden: 230400K(230400K)->0K(221696K) From: 64K(512K)->64K(7168K)
[625.930s][info][gc,heap        ] GC(1736) ParOldGen: 434378K(434688K)->434394K(434688K)
[625.930s][info][gc,metaspace   ] GC(1736) Metaspace: 35430K(36160K)->35430K(36160K) NonClass: 29159K(29696K)->29159K(29696K) Class: 6271K(6464K)->6271K(6464K)
[625.930s][info][gc             ] GC(1736) Pause Young (Allocation Failure) 649M->424M(648M) 2.702ms
[625.930s][info][gc,cpu         ] GC(1736) User=0.00s Sys=0.00s Real=0.00s
[626.199s][info][gc,start       ] GC(1737) Pause Young (Allocation Failure)
[626.202s][info][gc,heap        ] GC(1737) PSYoungGen: 221760K(228864K)->64K(214016K) Eden: 221696K(221696K)->0K(213504K) From: 64K(7168K)->64K(512K)
[626.202s][info][gc,heap        ] GC(1737) ParOldGen: 434394K(434688K)->434410K(434688K)
[626.202s][info][gc,metaspace   ] GC(1737) Metaspace: 35430K(36160K)->35430K(36160K) NonClass: 29159K(29696K)->29159K(29696K) Class: 6271K(6464K)->6271K(6464K)
[626.202s][info][gc             ] GC(1737) Pause Young (Allocation Failure) 640M->424M(633M) 3.203ms
[626.202s][info][gc,cpu         ] GC(1737) User=0.00s Sys=0.00s Real=0.00s
[626.434s][info][gc,start       ] GC(1738) Pause Young (Allocation Failure)
[626.494s][info][gc,heap        ] GC(1738) PSYoungGen: 213568K(214016K)->6144K(262656K) Eden: 213504K(213504K)->0K(256512K) From: 64K(512K)->6144K(6144K)
[626.494s][info][gc,heap        ] GC(1738) ParOldGen: 434410K(434688K)->450138K(450560K)
[626.494s][info][gc,metaspace   ] GC(1738) Metaspace: 35430K(36160K)->35430K(36160K) NonClass: 29159K(29696K)->29159K(29696K) Class: 6271K(6464K)->6271K(6464K)
[626.494s][info][gc             ] GC(1738) Pause Young (Allocation Failure) 632M->445M(696M) 59.377ms
[626.494s][info][gc,cpu         ] GC(1738) User=0.08s Sys=0.01s Real=0.06s
[626.765s][info][gc,start       ] GC(1739) Pause Young (Allocation Failure)
[626.824s][info][gc,heap        ] GC(1739) PSYoungGen: 262656K(262656K)->6144K(268288K) Eden: 256512K(256512K)->0K(262144K) From: 6144K(6144K)->6144K(6144K)
[626.824s][info][gc,heap        ] GC(1739) ParOldGen: 450138K(450560K)->471754K(472064K)
[626.824s][info][gc,metaspace   ] GC(1739) Metaspace: 35430K(36160K)->35430K(36160K) NonClass: 29159K(29696K)->29159K(29696K) Class: 6271K(6464K)->6271K(6464K)
[626.824s][info][gc             ] GC(1739) Pause Young (Allocation Failure) 696M->466M(723M) 59.225ms
[626.824s][info][gc,cpu         ] GC(1739) User=0.09s Sys=0.02s Real=0.05s
[627.042s][info][gc,start       ] GC(1740) Pause Young (Allocation Failure)
[627.078s][info][gc,heap        ] GC(1740) PSYoungGen: 268288K(268288K)->19936K(284160K) Eden: 262144K(262144K)->0K(262144K) From: 6144K(6144K)->19936K(22016K)
[627.078s][info][gc,heap        ] GC(1740) ParOldGen: 471754K(472064K)->472554K(472576K)
[627.078s][info][gc,metaspace   ] GC(1740) Metaspace: 35430K(36160K)->35430K(36160K) NonClass: 29159K(29696K)->29159K(29696K) Class: 6271K(6464K)->6271K(6464K)
[627.078s][info][gc             ] GC(1740) Pause Young (Allocation Failure) 722M->480M(739M) 36.241ms
[627.078s][info][gc,cpu         ] GC(1740) User=0.08s Sys=0.00s Real=0.04s
[627.179s][info][gc,start       ] GC(1741) Pause Young (Allocation Failure)
[627.180s][info][gc,heap        ] GC(1741) PSYoungGen: 282080K(284160K)->64K(308736K) Eden: 262144K(262144K)->0K(283136K) From: 19936K(22016K)->64K(25600K)
[627.180s][info][gc,heap        ] GC(1741) ParOldGen: 472554K(472576K)->472562K(472576K)
[627.180s][info][gc,metaspace   ] GC(1741) Metaspace: 35430K(36160K)->35430K(36160K) NonClass: 29159K(29696K)->29159K(29696K) Class: 6271K(6464K)->6271K(6464K)
[627.180s][info][gc             ] GC(1741) Pause Young (Allocation Failure) 736M->461M(763M) 1.635ms
[627.180s][info][gc,cpu         ] GC(1741) User=0.00s Sys=0.00s Real=0.00s
[627.868s][info][gc,start       ] GC(1742) Pause Young (Allocation Failure)
[627.870s][info][gc,heap        ] GC(1742) PSYoungGen: 283200K(308736K)->64K(283648K) Eden: 283136K(283136K)->0K(283136K) From: 64K(25600K)->64K(512K)
[627.870s][info][gc,heap        ] GC(1742) ParOldGen: 472562K(472576K)->472578K(473088K)
[627.870s][info][gc,metaspace   ] GC(1742) Metaspace: 35430K(36160K)->35430K(36160K) NonClass: 29159K(29696K)->29159K(29696K) Class: 6271K(6464K)->6271K(6464K)
[627.870s][info][gc             ] GC(1742) Pause Young (Allocation Failure) 738M->461M(739M) 1.722ms
[627.870s][info][gc,cpu         ] GC(1742) User=0.00s Sys=0.00s Real=0.00s
[628.203s][info][gc,start       ] GC(1743) Pause Young (Allocation Failure)
[628.204s][info][gc,heap        ] GC(1743) PSYoungGen: 283200K(283648K)->64K(308224K) Eden: 283136K(283136K)->0K(284160K) From: 64K(512K)->64K(24064K)
[628.205s][info][gc,heap        ] GC(1743) ParOldGen: 472578K(473088K)->472578K(473088K)
[628.205s][info][gc,metaspace   ] GC(1743) Metaspace: 35430K(36160K)->35430K(36160K) NonClass: 29159K(29696K)->29159K(29696K) Class: 6271K(6464K)->6271K(6464K)
[628.205s][info][gc             ] GC(1743) Pause Young (Allocation Failure) 738M->461M(763M) 1.686ms
[628.205s][info][gc,cpu         ] GC(1743) User=0.01s Sys=0.00s Real=0.01s
[628.602s][info][gc,start       ] GC(1744) Pause Young (Allocation Failure)
[628.603s][info][gc,heap        ] GC(1744) PSYoungGen: 284224K(308224K)->64K(307200K) Eden: 284160K(284160K)->0K(284160K) From: 64K(24064K)->64K(23040K)
[628.603s][info][gc,heap        ] GC(1744) ParOldGen: 472578K(473088K)->472594K(473088K)
[628.603s][info][gc,metaspace   ] GC(1744) Metaspace: 35430K(36160K)->35430K(36160K) NonClass: 29159K(29696K)->29159K(29696K) Class: 6271K(6464K)->6271K(6464K)
[628.603s][info][gc             ] GC(1744) Pause Young (Allocation Failure) 739M->461M(762M) 1.646ms
[628.603s][info][gc,cpu         ] GC(1744) User=0.00s Sys=0.00s Real=0.00s
[628.789s][info][gc,start       ] GC(1745) Pause Young (Allocation Failure)
[628.791s][info][gc,heap        ] GC(1745) PSYoungGen: 284224K(307200K)->64K(309760K) Eden: 284160K(284160K)->0K(287744K) From: 64K(23040K)->64K(22016K)
[628.791s][info][gc,heap        ] GC(1745) ParOldGen: 472594K(473088K)->472610K(473088K)
[628.791s][info][gc,metaspace   ] GC(1745) Metaspace: 35430K(36160K)->35430K(36160K) NonClass: 29159K(29696K)->29159K(29696K) Class: 6271K(6464K)->6271K(6464K)
[628.791s][info][gc             ] GC(1745) Pause Young (Allocation Failure) 739M->461M(764M) 1.621ms
[628.791s][info][gc,cpu         ] GC(1745) User=0.00s Sys=0.00s Real=0.00s
[628.978s][info][gc,start       ] GC(1746) Pause Young (Allocation Failure)
[628.980s][info][gc,heap        ] GC(1746) PSYoungGen: 287808K(309760K)->64K(308736K) Eden: 287744K(287744K)->0K(287744K) From: 64K(22016K)->64K(20992K)
[628.980s][info][gc,heap        ] GC(1746) ParOldGen: 472610K(473088K)->472610K(473088K)
[628.980s][info][gc,metaspace   ] GC(1746) Metaspace: 35430K(36160K)->35430K(36160K) NonClass: 29159K(29696K)->29159K(29696K) Class: 6271K(6464K)->6271K(6464K)
[628.980s][info][gc             ] GC(1746) Pause Young (Allocation Failure) 742M->461M(763M) 1.626ms
[628.980s][info][gc,cpu         ] GC(1746) User=0.00s Sys=0.00s Real=0.00s
[629.285s][info][gc,start       ] GC(1747) Pause Young (Allocation Failure)
[629.286s][info][gc,heap        ] GC(1747) PSYoungGen: 287808K(308736K)->64K(311808K) Eden: 287744K(287744K)->0K(291840K) From: 64K(20992K)->64K(19968K)
[629.286s][info][gc,heap        ] GC(1747) ParOldGen: 472610K(473088K)->472610K(473088K)
[629.286s][info][gc,metaspace   ] GC(1747) Metaspace: 35430K(36160K)->35430K(36160K) NonClass: 29159K(29696K)->29159K(29696K) Class: 6271K(6464K)->6271K(6464K)
[629.286s][info][gc             ] GC(1747) Pause Young (Allocation Failure) 742M->461M(766M) 1.576ms
[629.286s][info][gc,cpu         ] GC(1747) User=0.01s Sys=0.00s Real=0.00s
[629.340s][info][gc,start       ] GC(1748) Pause Young (Allocation Failure)
[629.341s][info][gc,heap        ] GC(1748) PSYoungGen: 291904K(311808K)->64K(310784K) Eden: 291840K(291840K)->0K(291840K) From: 64K(19968K)->64K(18944K)
[629.341s][info][gc,heap        ] GC(1748) ParOldGen: 472610K(473088K)->472626K(473088K)
[629.341s][info][gc,metaspace   ] GC(1748) Metaspace: 35430K(36160K)->35430K(36160K) NonClass: 29159K(29696K)->29159K(29696K) Class: 6271K(6464K)->6271K(6464K)
[629.341s][info][gc             ] GC(1748) Pause Young (Allocation Failure) 746M->461M(765M) 1.499ms
[629.341s][info][gc,cpu         ] GC(1748) User=0.00s Sys=0.00s Real=0.00s
[629.393s][info][gc,start       ] GC(1749) Pause Young (Allocation Failure)
[629.395s][info][gc,heap        ] GC(1749) PSYoungGen: 291904K(310784K)->64K(313856K) Eden: 291840K(291840K)->0K(295936K) From: 64K(18944K)->64K(17920K)
[629.395s][info][gc,heap        ] GC(1749) ParOldGen: 472626K(473088K)->472626K(473088K)
[629.395s][info][gc,metaspace   ] GC(1749) Metaspace: 35430K(36160K)->35430K(36160K) NonClass: 29159K(29696K)->29159K(29696K) Class: 6271K(6464K)->6271K(6464K)
[629.395s][info][gc             ] GC(1749) Pause Young (Allocation Failure) 746M->461M(768M) 1.472ms
[629.395s][info][gc,cpu         ] GC(1749) User=0.01s Sys=0.00s Real=0.01s
[629.637s][info][gc,start       ] GC(1750) Pause Young (Allocation Failure)
[629.639s][info][gc,heap        ] GC(1750) PSYoungGen: 296000K(313856K)->64K(312832K) Eden: 295936K(295936K)->0K(295936K) From: 64K(17920K)->64K(16896K)
[629.639s][info][gc,heap        ] GC(1750) ParOldGen: 472626K(473088K)->472626K(473088K)
[629.639s][info][gc,metaspace   ] GC(1750) Metaspace: 35430K(36160K)->35430K(36160K) NonClass: 29159K(29696K)->29159K(29696K) Class: 6271K(6464K)->6271K(6464K)
[629.639s][info][gc             ] GC(1750) Pause Young (Allocation Failure) 750M->461M(767M) 1.568ms
[629.639s][info][gc,cpu         ] GC(1750) User=0.00s Sys=0.00s Real=0.00s
[629.860s][info][gc,start       ] GC(1751) Pause Young (Allocation Failure)
[629.861s][info][gc,heap        ] GC(1751) PSYoungGen: 296000K(312832K)->64K(315392K) Eden: 295936K(295936K)->0K(299520K) From: 64K(16896K)->64K(15872K)
[629.861s][info][gc,heap        ] GC(1751) ParOldGen: 472626K(473088K)->472634K(473088K)
[629.861s][info][gc,metaspace   ] GC(1751) Metaspace: 35432K(36160K)->35432K(36160K) NonClass: 29160K(29696K)->29160K(29696K) Class: 6271K(6464K)->6271K(6464K)
[629.861s][info][gc             ] GC(1751) Pause Young (Allocation Failure) 750M->461M(770M) 1.566ms
[629.861s][info][gc,cpu         ] GC(1751) User=0.00s Sys=0.00s Real=0.00s
[629.964s][info][gc,start       ] GC(1752) Pause Young (Allocation Failure)
[629.965s][info][gc,heap        ] GC(1752) PSYoungGen: 299584K(315392K)->64K(314880K) Eden: 299520K(299520K)->0K(299520K) From: 64K(15872K)->64K(15360K)
[629.965s][info][gc,heap        ] GC(1752) ParOldGen: 472634K(473088K)->472642K(473088K)
[629.965s][info][gc,metaspace   ] GC(1752) Metaspace: 35432K(36160K)->35432K(36160K) NonClass: 29160K(29696K)->29160K(29696K) Class: 6271K(6464K)->6271K(6464K)
[629.965s][info][gc             ] GC(1752) Pause Young (Allocation Failure) 754M->461M(769M) 1.574ms
[629.965s][info][gc,cpu         ] GC(1752) User=0.01s Sys=0.00s Real=0.01s
[630.077s][info][gc,start       ] GC(1753) Pause Young (Allocation Failure)
[630.079s][info][gc,heap        ] GC(1753) PSYoungGen: 299584K(314880K)->64K(317440K) Eden: 299520K(299520K)->0K(303616K) From: 64K(15360K)->64K(13824K)
[630.079s][info][gc,heap        ] GC(1753) ParOldGen: 472642K(473088K)->472650K(473088K)
[630.079s][info][gc,metaspace   ] GC(1753) Metaspace: 35432K(36160K)->35432K(36160K) NonClass: 29160K(29696K)->29160K(29696K) Class: 6271K(6464K)->6271K(6464K)
[630.079s][info][gc             ] GC(1753) Pause Young (Allocation Failure) 754M->461M(772M) 1.498ms
[630.079s][info][gc,cpu         ] GC(1753) User=0.00s Sys=0.00s Real=0.00s
[630.343s][info][gc,start       ] GC(1754) Pause Young (Allocation Failure)
[630.345s][info][gc,heap        ] GC(1754) PSYoungGen: 303680K(317440K)->64K(316928K) Eden: 303616K(303616K)->0K(303616K) From: 64K(13824K)->64K(13312K)
[630.345s][info][gc,heap        ] GC(1754) ParOldGen: 472650K(473088K)->472658K(473088K)
[630.345s][info][gc,metaspace   ] GC(1754) Metaspace: 35432K(36160K)->35432K(36160K) NonClass: 29160K(29696K)->29160K(29696K) Class: 6271K(6464K)->6271K(6464K)
[630.345s][info][gc             ] GC(1754) Pause Young (Allocation Failure) 758M->461M(771M) 1.640ms
[630.345s][info][gc,cpu         ] GC(1754) User=0.00s Sys=0.00s Real=0.01s
[631.185s][info][gc,start       ] GC(1755) Pause Young (Allocation Failure)
[631.187s][info][gc,heap        ] GC(1755) PSYoungGen: 303680K(316928K)->83K(291840K) Eden: 303616K(303616K)->0K(291328K) From: 64K(13312K)->83K(512K)
[631.187s][info][gc,heap        ] GC(1755) ParOldGen: 472658K(473088K)->472666K(473088K)
[631.187s][info][gc,metaspace   ] GC(1755) Metaspace: 35432K(36160K)->35432K(36160K) NonClass: 29160K(29696K)->29160K(29696K) Class: 6271K(6464K)->6271K(6464K)
[631.187s][info][gc             ] GC(1755) Pause Young (Allocation Failure) 758M->461M(747M) 1.698ms
[631.187s][info][gc,cpu         ] GC(1755) User=0.00s Sys=0.00s Real=0.00s
[632.090s][info][gc,start       ] GC(1756) Pause Young (Allocation Failure)
[632.092s][info][gc,heap        ] GC(1756) PSYoungGen: 291411K(291840K)->64K(291328K) Eden: 291328K(291328K)->0K(279552K) From: 83K(512K)->64K(11776K)
[632.092s][info][gc,heap        ] GC(1756) ParOldGen: 472666K(473088K)->472674K(473088K)
[632.092s][info][gc,metaspace   ] GC(1756) Metaspace: 35432K(36160K)->35432K(36160K) NonClass: 29160K(29696K)->29160K(29696K) Class: 6271K(6464K)->6271K(6464K)
[632.092s][info][gc             ] GC(1756) Pause Young (Allocation Failure) 746M->461M(746M) 1.667ms
[632.092s][info][gc,cpu         ] GC(1756) User=0.01s Sys=0.00s Real=0.00s
[632.477s][info][gc,start       ] GC(1757) Pause Young (Allocation Failure)
[632.478s][info][gc,heap        ] GC(1757) PSYoungGen: 279616K(291328K)->64K(269312K) Eden: 279552K(279552K)->0K(268800K) From: 64K(11776K)->64K(512K)
[632.478s][info][gc,heap        ] GC(1757) ParOldGen: 472674K(473088K)->472682K(473088K)
[632.478s][info][gc,metaspace   ] GC(1757) Metaspace: 35432K(36160K)->35432K(36160K) NonClass: 29160K(29696K)->29160K(29696K) Class: 6271K(6464K)->6271K(6464K)
[632.478s][info][gc             ] GC(1757) Pause Young (Allocation Failure) 734M->461M(725M) 1.625ms
[632.478s][info][gc,cpu         ] GC(1757) User=0.00s Sys=0.00s Real=0.00s
[632.997s][info][gc,start       ] GC(1758) Pause Young (Allocation Failure)
[632.998s][info][gc,heap        ] GC(1758) PSYoungGen: 268864K(269312K)->64K(268800K) Eden: 268800K(268800K)->0K(258560K) From: 64K(512K)->64K(10240K)
[632.998s][info][gc,heap        ] GC(1758) ParOldGen: 472682K(473088K)->472690K(473088K)
[632.998s][info][gc,metaspace   ] GC(1758) Metaspace: 35432K(36160K)->35432K(36160K) NonClass: 29160K(29696K)->29160K(29696K) Class: 6271K(6464K)->6271K(6464K)
[632.998s][info][gc             ] GC(1758) Pause Young (Allocation Failure) 724M->461M(724M) 1.596ms
[632.998s][info][gc,cpu         ] GC(1758) User=0.00s Sys=0.00s Real=0.00s
[633.738s][info][gc,start       ] GC(1759) Pause Young (Allocation Failure)
[633.740s][info][gc,heap        ] GC(1759) PSYoungGen: 258624K(268800K)->64K(248832K) Eden: 258560K(258560K)->0K(248320K) From: 64K(10240K)->64K(512K)
[633.740s][info][gc,heap        ] GC(1759) ParOldGen: 472690K(473088K)->472698K(473088K)
[633.740s][info][gc,metaspace   ] GC(1759) Metaspace: 35432K(36160K)->35432K(36160K) NonClass: 29160K(29696K)->29160K(29696K) Class: 6271K(6464K)->6271K(6464K)
[633.740s][info][gc             ] GC(1759) Pause Young (Allocation Failure) 714M->461M(705M) 1.959ms
[633.740s][info][gc,cpu         ] GC(1759) User=0.00s Sys=0.00s Real=0.00s
[634.072s][info][gc,start       ] GC(1760) Pause Young (Allocation Failure)
[634.074s][info][gc,heap        ] GC(1760) PSYoungGen: 248384K(248832K)->64K(247296K) Eden: 248320K(248320K)->0K(238592K) From: 64K(512K)->64K(8704K)
[634.074s][info][gc,heap        ] GC(1760) ParOldGen: 472698K(473088K)->472706K(473088K)
[634.074s][info][gc,metaspace   ] GC(1760) Metaspace: 35432K(36160K)->35432K(36160K) NonClass: 29160K(29696K)->29160K(29696K) Class: 6271K(6464K)->6271K(6464K)
[634.074s][info][gc             ] GC(1760) Pause Young (Allocation Failure) 704M->461M(703M) 2.248ms
[634.074s][info][gc,cpu         ] GC(1760) User=0.01s Sys=0.00s Real=0.00s
[634.185s][info][gc,start       ] GC(1761) Pause Young (Allocation Failure)
[634.188s][info][gc,heap        ] GC(1761) PSYoungGen: 238656K(247296K)->64K(290816K) Eden: 238592K(238592K)->0K(283648K) From: 64K(8704K)->64K(7168K)
[634.188s][info][gc,heap        ] GC(1761) ParOldGen: 472706K(473088K)->472714K(473088K)
[634.188s][info][gc,metaspace   ] GC(1761) Metaspace: 35432K(36160K)->35432K(36160K) NonClass: 29160K(29696K)->29160K(29696K) Class: 6271K(6464K)->6271K(6464K)
[634.188s][info][gc             ] GC(1761) Pause Young (Allocation Failure) 694M->461M(746M) 2.915ms
[634.188s][info][gc,cpu         ] GC(1761) User=0.00s Sys=0.00s Real=0.00s
[634.609s][info][gc,start       ] GC(1762) Pause Young (Allocation Failure)
[634.613s][info][gc,heap        ] GC(1762) PSYoungGen: 283712K(290816K)->64K(272896K) Eden: 283648K(283648K)->0K(272384K) From: 64K(7168K)->64K(512K)
[634.613s][info][gc,heap        ] GC(1762) ParOldGen: 472714K(473088K)->472722K(473088K)
[634.613s][info][gc,metaspace   ] GC(1762) Metaspace: 35432K(36160K)->35432K(36160K) NonClass: 29160K(29696K)->29160K(29696K) Class: 6271K(6464K)->6271K(6464K)
[634.613s][info][gc             ] GC(1762) Pause Young (Allocation Failure) 738M->461M(728M) 3.297ms
[634.613s][info][gc,cpu         ] GC(1762) User=0.00s Sys=0.00s Real=0.00s
[634.964s][info][gc,start       ] GC(1763) Pause Young (Allocation Failure)
[634.967s][info][gc,heap        ] GC(1763) PSYoungGen: 272448K(272896K)->64K(262144K) Eden: 272384K(272384K)->0K(261632K) From: 64K(512K)->64K(512K)
[634.967s][info][gc,heap        ] GC(1763) ParOldGen: 472722K(473088K)->472738K(473088K)
[634.967s][info][gc,metaspace   ] GC(1763) Metaspace: 35432K(36160K)->35432K(36160K) NonClass: 29160K(29696K)->29160K(29696K) Class: 6271K(6464K)->6271K(6464K)
[634.967s][info][gc             ] GC(1763) Pause Young (Allocation Failure) 727M->461M(718M) 3.277ms
[634.967s][info][gc,cpu         ] GC(1763) User=0.00s Sys=0.00s Real=0.01s
[635.309s][info][gc,start       ] GC(1764) Pause Young (Allocation Failure)
[635.333s][info][gc,heap        ] GC(1764) PSYoungGen: 261696K(262144K)->6656K(279040K) Eden: 261632K(261632K)->0K(272384K) From: 64K(512K)->6656K(6656K)
[635.333s][info][gc,heap        ] GC(1764) ParOldGen: 472738K(473088K)->478354K(478720K)
[635.333s][info][gc,metaspace   ] GC(1764) Metaspace: 35432K(36160K)->35432K(36160K) NonClass: 29160K(29696K)->29160K(29696K) Class: 6271K(6464K)->6271K(6464K)
[635.333s][info][gc             ] GC(1764) Pause Young (Allocation Failure) 717M->473M(740M) 23.915ms
[635.333s][info][gc,cpu         ] GC(1764) User=0.04s Sys=0.01s Real=0.02s
[635.620s][info][gc,start       ] GC(1765) Pause Young (Allocation Failure)
[635.681s][info][gc,heap        ] GC(1765) PSYoungGen: 279040K(279040K)->10240K(305152K) Eden: 272384K(272384K)->0K(294912K) From: 6656K(6656K)->10240K(10240K)
[635.681s][info][gc,heap        ] GC(1765) ParOldGen: 478354K(478720K)->497162K(497664K)
[635.681s][info][gc,metaspace   ] GC(1765) Metaspace: 35432K(36160K)->35432K(36160K) NonClass: 29160K(29696K)->29160K(29696K) Class: 6271K(6464K)->6271K(6464K)
[635.681s][info][gc             ] GC(1765) Pause Young (Allocation Failure) 739M->495M(784M) 60.693ms
[635.681s][info][gc,cpu         ] GC(1765) User=0.10s Sys=0.02s Real=0.06s
[635.977s][info][gc,start       ] GC(1766) Pause Young (Allocation Failure)
[636.038s][info][gc,heap        ] GC(1766) PSYoungGen: 305152K(305152K)->19456K(314368K) Eden: 294912K(294912K)->0K(294912K) From: 10240K(10240K)->19456K(19456K)
[636.038s][info][gc,heap        ] GC(1766) ParOldGen: 497162K(497664K)->506242K(506368K)
[636.038s][info][gc,metaspace   ] GC(1766) Metaspace: 35432K(36160K)->35432K(36160K) NonClass: 29160K(29696K)->29160K(29696K) Class: 6271K(6464K)->6271K(6464K)
[636.038s][info][gc             ] GC(1766) Pause Young (Allocation Failure) 783M->513M(801M) 61.343ms
[636.038s][info][gc,cpu         ] GC(1766) User=0.10s Sys=0.02s Real=0.06s
[636.138s][info][gc,start       ] GC(1767) Pause Young (Allocation Failure)
[636.142s][info][gc,heap        ] GC(1767) PSYoungGen: 314368K(314368K)->64K(301056K) Eden: 294912K(294912K)->0K(281600K) From: 19456K(19456K)->64K(19456K)
[636.142s][info][gc,heap        ] GC(1767) ParOldGen: 506242K(506368K)->506562K(506880K)
[636.142s][info][gc,metaspace   ] GC(1767) Metaspace: 35432K(36160K)->35432K(36160K) NonClass: 29160K(29696K)->29160K(29696K) Class: 6271K(6464K)->6271K(6464K)
[636.142s][info][gc             ] GC(1767) Pause Young (Allocation Failure) 801M->494M(789M) 4.071ms
[636.143s][info][gc,cpu         ] GC(1767) User=0.00s Sys=0.00s Real=0.00s
[636.809s][info][gc,start       ] GC(1768) Pause Young (Allocation Failure)
[636.810s][info][gc,heap        ] GC(1768) PSYoungGen: 281664K(301056K)->64K(307712K) Eden: 281600K(281600K)->0K(281600K) From: 64K(19456K)->64K(26112K)
[636.810s][info][gc,heap        ] GC(1768) ParOldGen: 506562K(506880K)->506570K(506880K)
[636.810s][info][gc,metaspace   ] GC(1768) Metaspace: 35432K(36160K)->35432K(36160K) NonClass: 29160K(29696K)->29160K(29696K) Class: 6271K(6464K)->6271K(6464K)
[636.810s][info][gc             ] GC(1768) Pause Young (Allocation Failure) 769M->494M(795M) 1.643ms
[636.810s][info][gc,cpu         ] GC(1768) User=0.01s Sys=0.00s Real=0.00s
[637.192s][info][gc,start       ] GC(1769) Pause Young (Allocation Failure)
[637.195s][info][gc,heap        ] GC(1769) PSYoungGen: 281664K(307712K)->128K(304640K) Eden: 281600K(281600K)->0K(282624K) From: 64K(26112K)->128K(22016K)
[637.195s][info][gc,heap        ] GC(1769) ParOldGen: 506570K(506880K)->506578K(506880K)
[637.195s][info][gc,metaspace   ] GC(1769) Metaspace: 35513K(36160K)->35513K(36160K) NonClass: 29241K(29696K)->29241K(29696K) Class: 6272K(6464K)->6272K(6464K)
[637.195s][info][gc             ] GC(1769) Pause Young (Allocation Failure) 769M->494M(792M) 2.518ms
[637.195s][info][gc,cpu         ] GC(1769) User=0.01s Sys=0.00s Real=0.01s
[637.588s][info][gc,start       ] GC(1770) Pause Young (Allocation Failure)
[637.590s][info][gc,heap        ] GC(1770) PSYoungGen: 282752K(304640K)->64K(306688K) Eden: 282624K(282624K)->0K(282624K) From: 128K(22016K)->64K(24064K)
[637.590s][info][gc,heap        ] GC(1770) ParOldGen: 506578K(506880K)->506674K(506880K)
[637.590s][info][gc,metaspace   ] GC(1770) Metaspace: 35513K(36160K)->35513K(36160K) NonClass: 29241K(29696K)->29241K(29696K) Class: 6272K(6464K)->6272K(6464K)
[637.590s][info][gc             ] GC(1770) Pause Young (Allocation Failure) 770M->494M(794M) 1.855ms
[637.590s][info][gc,cpu         ] GC(1770) User=0.00s Sys=0.00s Real=0.00s
[637.775s][info][gc,start       ] GC(1771) Pause Young (Allocation Failure)
[637.777s][info][gc,heap        ] GC(1771) PSYoungGen: 282688K(306688K)->64K(306688K) Eden: 282624K(282624K)->0K(286720K) From: 64K(24064K)->64K(19968K)
[637.777s][info][gc,heap        ] GC(1771) ParOldGen: 506674K(506880K)->506690K(506880K)
[637.777s][info][gc,metaspace   ] GC(1771) Metaspace: 35513K(36160K)->35513K(36160K) NonClass: 29241K(29696K)->29241K(29696K) Class: 6272K(6464K)->6272K(6464K)
[637.777s][info][gc             ] GC(1771) Pause Young (Allocation Failure) 770M->494M(794M) 1.678ms
[637.777s][info][gc,cpu         ] GC(1771) User=0.00s Sys=0.00s Real=0.00s
[637.963s][info][gc,start       ] GC(1772) Pause Young (Allocation Failure)
[637.965s][info][gc,heap        ] GC(1772) PSYoungGen: 286784K(306688K)->64K(308736K) Eden: 286720K(286720K)->0K(286720K) From: 64K(19968K)->64K(22016K)
[637.965s][info][gc,heap        ] GC(1772) ParOldGen: 506690K(506880K)->506690K(506880K)
[637.965s][info][gc,metaspace   ] GC(1772) Metaspace: 35513K(36160K)->35513K(36160K) NonClass: 29241K(29696K)->29241K(29696K) Class: 6272K(6464K)->6272K(6464K)
[637.965s][info][gc             ] GC(1772) Pause Young (Allocation Failure) 774M->494M(796M) 1.657ms
[637.965s][info][gc,cpu         ] GC(1772) User=0.01s Sys=0.00s Real=0.01s
[638.291s][info][gc,start       ] GC(1773) Pause Young (Allocation Failure)
[638.292s][info][gc,heap        ] GC(1773) PSYoungGen: 286784K(308736K)->64K(308736K) Eden: 286720K(286720K)->0K(290816K) From: 64K(22016K)->64K(17920K)
[638.292s][info][gc,heap        ] GC(1773) ParOldGen: 506690K(506880K)->506690K(506880K)
[638.292s][info][gc,metaspace   ] GC(1773) Metaspace: 35513K(36160K)->35513K(36160K) NonClass: 29241K(29696K)->29241K(29696K) Class: 6272K(6464K)->6272K(6464K)
[638.292s][info][gc             ] GC(1773) Pause Young (Allocation Failure) 774M->494M(796M) 1.675ms
[638.292s][info][gc,cpu         ] GC(1773) User=0.01s Sys=0.00s Real=0.00s
[638.345s][info][gc,start       ] GC(1774) Pause Young (Allocation Failure)
[638.346s][info][gc,heap        ] GC(1774) PSYoungGen: 290880K(308736K)->64K(310784K) Eden: 290816K(290816K)->0K(290816K) From: 64K(17920K)->64K(19968K)
[638.346s][info][gc,heap        ] GC(1774) ParOldGen: 506690K(506880K)->506706K(506880K)
[638.346s][info][gc,metaspace   ] GC(1774) Metaspace: 35513K(36160K)->35513K(36160K) NonClass: 29241K(29696K)->29241K(29696K) Class: 6272K(6464K)->6272K(6464K)
[638.346s][info][gc             ] GC(1774) Pause Young (Allocation Failure) 778M->494M(798M) 1.546ms
[638.346s][info][gc,cpu         ] GC(1774) User=0.00s Sys=0.00s Real=0.00s
[638.399s][info][gc,start       ] GC(1775) Pause Young (Allocation Failure)
[638.400s][info][gc,heap        ] GC(1775) PSYoungGen: 290880K(310784K)->64K(310784K) Eden: 290816K(290816K)->0K(294912K) From: 64K(19968K)->64K(15872K)
[638.400s][info][gc,heap        ] GC(1775) ParOldGen: 506706K(506880K)->506706K(506880K)
[638.400s][info][gc,metaspace   ] GC(1775) Metaspace: 35513K(36160K)->35513K(36160K) NonClass: 29241K(29696K)->29241K(29696K) Class: 6272K(6464K)->6272K(6464K)
[638.400s][info][gc             ] GC(1775) Pause Young (Allocation Failure) 778M->494M(798M) 1.471ms
[638.400s][info][gc,cpu         ] GC(1775) User=0.01s Sys=0.00s Real=0.00s
[638.612s][info][gc,start       ] GC(1776) Pause Young (Allocation Failure)
[638.613s][info][gc,heap        ] GC(1776) PSYoungGen: 294976K(310784K)->64K(312832K) Eden: 294912K(294912K)->0K(294912K) From: 64K(15872K)->64K(17920K)
[638.613s][info][gc,heap        ] GC(1776) ParOldGen: 506706K(506880K)->506706K(506880K)
[638.613s][info][gc,metaspace   ] GC(1776) Metaspace: 35513K(36160K)->35513K(36160K) NonClass: 29241K(29696K)->29241K(29696K) Class: 6272K(6464K)->6272K(6464K)
[638.613s][info][gc             ] GC(1776) Pause Young (Allocation Failure) 782M->494M(800M) 1.631ms
[638.613s][info][gc,cpu         ] GC(1776) User=0.00s Sys=0.00s Real=0.00s
[638.842s][info][gc,start       ] GC(1777) Pause Young (Allocation Failure)
[638.844s][info][gc,heap        ] GC(1777) PSYoungGen: 294976K(312832K)->64K(312832K) Eden: 294912K(294912K)->0K(299008K) From: 64K(17920K)->64K(13824K)
[638.844s][info][gc,heap        ] GC(1777) ParOldGen: 506706K(506880K)->506714K(506880K)
[638.844s][info][gc,metaspace   ] GC(1777) Metaspace: 35513K(36160K)->35513K(36160K) NonClass: 29241K(29696K)->29241K(29696K) Class: 6272K(6464K)->6272K(6464K)
[638.844s][info][gc             ] GC(1777) Pause Young (Allocation Failure) 782M->494M(800M) 1.701ms
[638.844s][info][gc,cpu         ] GC(1777) User=0.00s Sys=0.00s Real=0.00s
[638.961s][info][gc,start       ] GC(1778) Pause Young (Allocation Failure)
[638.963s][info][gc,heap        ] GC(1778) PSYoungGen: 299072K(312832K)->64K(314880K) Eden: 299008K(299008K)->0K(299008K) From: 64K(13824K)->64K(15872K)
[638.963s][info][gc,heap        ] GC(1778) ParOldGen: 506714K(506880K)->506722K(506880K)
[638.963s][info][gc,metaspace   ] GC(1778) Metaspace: 35513K(36160K)->35513K(36160K) NonClass: 29241K(29696K)->29241K(29696K) Class: 6272K(6464K)->6272K(6464K)
[638.963s][info][gc             ] GC(1778) Pause Young (Allocation Failure) 786M->494M(802M) 1.681ms
[638.963s][info][gc,cpu         ] GC(1778) User=0.00s Sys=0.00s Real=0.00s
[639.061s][info][gc,start       ] GC(1779) Pause Young (Allocation Failure)
[639.063s][info][gc,heap        ] GC(1779) PSYoungGen: 299072K(314880K)->64K(314880K) Eden: 299008K(299008K)->0K(303104K) From: 64K(15872K)->64K(11776K)
[639.063s][info][gc,heap        ] GC(1779) ParOldGen: 506722K(506880K)->506730K(506880K)
[639.063s][info][gc,metaspace   ] GC(1779) Metaspace: 35513K(36160K)->35513K(36160K) NonClass: 29241K(29696K)->29241K(29696K) Class: 6272K(6464K)->6272K(6464K)
[639.063s][info][gc             ] GC(1779) Pause Young (Allocation Failure) 786M->494M(802M) 1.635ms
[639.063s][info][gc,cpu         ] GC(1779) User=0.00s Sys=0.00s Real=0.00s
[639.248s][info][gc,start       ] GC(1780) Pause Young (Allocation Failure)
[639.249s][info][gc,heap        ] GC(1780) PSYoungGen: 303168K(314880K)->64K(316928K) Eden: 303104K(303104K)->0K(303104K) From: 64K(11776K)->64K(13824K)
[639.249s][info][gc,heap        ] GC(1780) ParOldGen: 506730K(506880K)->506738K(506880K)
[639.249s][info][gc,metaspace   ] GC(1780) Metaspace: 35513K(36160K)->35513K(36160K) NonClass: 29241K(29696K)->29241K(29696K) Class: 6272K(6464K)->6272K(6464K)
[639.249s][info][gc             ] GC(1780) Pause Young (Allocation Failure) 790M->494M(804M) 1.631ms
[639.249s][info][gc,cpu         ] GC(1780) User=0.01s Sys=0.00s Real=0.00s
[640.181s][info][gc,start       ] GC(1781) Pause Young (Allocation Failure)
[640.183s][info][gc,heap        ] GC(1781) PSYoungGen: 303168K(316928K)->83K(317952K) Eden: 303104K(303104K)->0K(307200K) From: 64K(13824K)->83K(10752K)
[640.183s][info][gc,heap        ] GC(1781) ParOldGen: 506738K(506880K)->506746K(506880K)
[640.183s][info][gc,metaspace   ] GC(1781) Metaspace: 35513K(36160K)->35513K(36160K) NonClass: 29241K(29696K)->29241K(29696K) Class: 6272K(6464K)->6272K(6464K)
[640.183s][info][gc             ] GC(1781) Pause Young (Allocation Failure) 790M->494M(805M) 1.726ms
[640.183s][info][gc,cpu         ] GC(1781) User=0.01s Sys=0.00s Real=0.00s
[641.060s][info][gc,start       ] GC(1782) Pause Young (Allocation Failure)
[641.062s][info][gc,heap        ] GC(1782) PSYoungGen: 307283K(317952K)->64K(295424K) Eden: 307200K(307200K)->0K(294912K) From: 83K(10752K)->64K(512K)
[641.062s][info][gc,heap        ] GC(1782) ParOldGen: 506746K(506880K)->506754K(506880K)
[641.062s][info][gc,metaspace   ] GC(1782) Metaspace: 35513K(36160K)->35513K(36160K) NonClass: 29241K(29696K)->29241K(29696K) Class: 6272K(6464K)->6272K(6464K)
[641.062s][info][gc             ] GC(1782) Pause Young (Allocation Failure) 794M->494M(783M) 2.171ms
[641.062s][info][gc,cpu         ] GC(1782) User=0.00s Sys=0.00s Real=0.00s
[641.458s][info][gc,start       ] GC(1783) Pause Young (Allocation Failure)
[641.460s][info][gc,heap        ] GC(1783) PSYoungGen: 294976K(295424K)->64K(283648K) Eden: 294912K(294912K)->0K(283136K) From: 64K(512K)->64K(512K)
[641.460s][info][gc,heap        ] GC(1783) ParOldGen: 506754K(506880K)->506762K(506880K)
[641.460s][info][gc,metaspace   ] GC(1783) Metaspace: 35513K(36160K)->35513K(36160K) NonClass: 29241K(29696K)->29241K(29696K) Class: 6272K(6464K)->6272K(6464K)
[641.460s][info][gc             ] GC(1783) Pause Young (Allocation Failure) 782M->494M(772M) 1.986ms
[641.460s][info][gc,cpu         ] GC(1783) User=0.00s Sys=0.00s Real=0.00s
[642.010s][info][gc,start       ] GC(1784) Pause Young (Allocation Failure)
[642.011s][info][gc,heap        ] GC(1784) PSYoungGen: 283200K(283648K)->64K(282624K) Eden: 283136K(283136K)->0K(271872K) From: 64K(512K)->64K(10752K)
[642.011s][info][gc,heap        ] GC(1784) ParOldGen: 506762K(506880K)->506778K(506880K)
[642.011s][info][gc,metaspace   ] GC(1784) Metaspace: 35513K(36160K)->35513K(36160K) NonClass: 29241K(29696K)->29241K(29696K) Class: 6272K(6464K)->6272K(6464K)
[642.011s][info][gc             ] GC(1784) Pause Young (Allocation Failure) 771M->494M(771M) 1.671ms
[642.011s][info][gc,cpu         ] GC(1784) User=0.00s Sys=0.00s Real=0.00s
[642.741s][info][gc,start       ] GC(1785) Pause Young (Allocation Failure)
[642.743s][info][gc,heap        ] GC(1785) PSYoungGen: 271936K(282624K)->64K(261632K) Eden: 271872K(271872K)->0K(261120K) From: 64K(10752K)->64K(512K)
[642.743s][info][gc,heap        ] GC(1785) ParOldGen: 506778K(506880K)->506786K(506880K)
[642.743s][info][gc,metaspace   ] GC(1785) Metaspace: 35513K(36160K)->35513K(36160K) NonClass: 29241K(29696K)->29241K(29696K) Class: 6272K(6464K)->6272K(6464K)
[642.743s][info][gc             ] GC(1785) Pause Young (Allocation Failure) 760M->494M(750M) 2.308ms
[642.743s][info][gc,cpu         ] GC(1785) User=0.00s Sys=0.00s Real=0.00s
[643.112s][info][gc,start       ] GC(1786) Pause Young (Allocation Failure)
[643.114s][info][gc,heap        ] GC(1786) PSYoungGen: 261184K(261632K)->64K(260096K) Eden: 261120K(261120K)->0K(250880K) From: 64K(512K)->64K(9216K)
[643.114s][info][gc,heap        ] GC(1786) ParOldGen: 506786K(506880K)->506794K(506880K)
[643.114s][info][gc,metaspace   ] GC(1786) Metaspace: 35513K(36160K)->35513K(36160K) NonClass: 29241K(29696K)->29241K(29696K) Class: 6272K(6464K)->6272K(6464K)
[643.114s][info][gc             ] GC(1786) Pause Young (Allocation Failure) 749M->494M(749M) 1.665ms
[643.114s][info][gc,cpu         ] GC(1786) User=0.00s Sys=0.00s Real=0.00s
[643.188s][info][gc,start       ] GC(1787) Pause Young (Allocation Failure)
[643.191s][info][gc,heap        ] GC(1787) PSYoungGen: 250944K(260096K)->64K(241664K) Eden: 250880K(250880K)->0K(241152K) From: 64K(9216K)->64K(512K)
[643.191s][info][gc,heap        ] GC(1787) ParOldGen: 506794K(506880K)->506802K(506880K)
[643.191s][info][gc,metaspace   ] GC(1787) Metaspace: 35513K(36160K)->35513K(36160K) NonClass: 29241K(29696K)->29241K(29696K) Class: 6272K(6464K)->6272K(6464K)
[643.191s][info][gc             ] GC(1787) Pause Young (Allocation Failure) 739M->494M(731M) 2.370ms
[643.191s][info][gc,cpu         ] GC(1787) User=0.01s Sys=0.01s Real=0.00s
[643.592s][info][gc,start       ] GC(1788) Pause Young (Allocation Failure)
[643.594s][info][gc,heap        ] GC(1788) PSYoungGen: 241216K(241664K)->64K(240128K) Eden: 241152K(241152K)->0K(231936K) From: 64K(512K)->64K(8192K)
[643.594s][info][gc,heap        ] GC(1788) ParOldGen: 506802K(506880K)->506810K(506880K)
[643.594s][info][gc,metaspace   ] GC(1788) Metaspace: 35513K(36160K)->35513K(36160K) NonClass: 29241K(29696K)->29241K(29696K) Class: 6272K(6464K)->6272K(6464K)
[643.594s][info][gc             ] GC(1788) Pause Young (Allocation Failure) 730M->494M(729M) 1.679ms
[643.594s][info][gc,cpu         ] GC(1788) User=0.01s Sys=0.00s Real=0.00s
[643.906s][info][gc,start       ] GC(1789) Pause Young (Allocation Failure)
[643.908s][info][gc,heap        ] GC(1789) PSYoungGen: 232000K(240128K)->64K(223744K) Eden: 231936K(231936K)->0K(223232K) From: 64K(8192K)->64K(512K)
[643.908s][info][gc,heap        ] GC(1789) ParOldGen: 506810K(506880K)->506818K(506880K)
[643.908s][info][gc,metaspace   ] GC(1789) Metaspace: 35513K(36160K)->35513K(36160K) NonClass: 29241K(29696K)->29241K(29696K) Class: 6272K(6464K)->6272K(6464K)
[643.908s][info][gc             ] GC(1789) Pause Young (Allocation Failure) 721M->495M(713M) 2.155ms
[643.908s][info][gc,cpu         ] GC(1789) User=0.00s Sys=0.00s Real=0.00s
[644.215s][info][gc,start       ] GC(1790) Pause Young (Allocation Failure)
[644.225s][info][gc,heap        ] GC(1790) PSYoungGen: 223296K(223744K)->3584K(269824K) Eden: 223232K(223232K)->0K(266240K) From: 64K(512K)->3584K(3584K)
[644.225s][info][gc,heap        ] GC(1790) ParOldGen: 506818K(506880K)->506826K(506880K)
[644.225s][info][gc,metaspace   ] GC(1790) Metaspace: 35513K(36160K)->35513K(36160K) NonClass: 29241K(29696K)->29241K(29696K) Class: 6272K(6464K)->6272K(6464K)
[644.225s][info][gc             ] GC(1790) Pause Young (Allocation Failure) 713M->498M(758M) 9.670ms
[644.225s][info][gc,cpu         ] GC(1790) User=0.01s Sys=0.00s Real=0.01s
[644.508s][info][gc,start       ] GC(1791) Pause Young (Allocation Failure)
[644.567s][info][gc,heap        ] GC(1791) PSYoungGen: 269824K(269824K)->7168K(269824K) Eden: 266240K(266240K)->0K(262656K) From: 3584K(3584K)->7168K(7168K)
[644.567s][info][gc,heap        ] GC(1791) ParOldGen: 506826K(506880K)->527850K(527872K)
[644.567s][info][gc,metaspace   ] GC(1791) Metaspace: 35513K(36160K)->35513K(36160K) NonClass: 29241K(29696K)->29241K(29696K) Class: 6272K(6464K)->6272K(6464K)
[644.567s][info][gc             ] GC(1791) Pause Young (Allocation Failure) 758M->522M(779M) 58.722ms
[644.567s][info][gc,cpu         ] GC(1791) User=0.10s Sys=0.01s Real=0.06s
[644.845s][info][gc,start       ] GC(1792) Pause Young (Allocation Failure)
[644.899s][info][gc,heap        ] GC(1792) PSYoungGen: 269824K(269824K)->16896K(279552K) Eden: 262656K(262656K)->0K(262656K) From: 7168K(7168K)->16896K(16896K)
[644.899s][info][gc,heap        ] GC(1792) ParOldGen: 527850K(527872K)->539530K(539648K)
[644.899s][info][gc,metaspace   ] GC(1792) Metaspace: 35513K(36160K)->35513K(36160K) NonClass: 29241K(29696K)->29241K(29696K) Class: 6272K(6464K)->6272K(6464K)
[644.899s][info][gc             ] GC(1792) Pause Young (Allocation Failure) 778M->543M(800M) 53.784ms
[644.899s][info][gc,cpu         ] GC(1792) User=0.09s Sys=0.01s Real=0.05s
[645.035s][info][gc,start       ] GC(1793) Pause Young (Allocation Failure)
[645.058s][info][gc,heap        ] GC(1793) PSYoungGen: 279552K(279552K)->9472K(309760K) Eden: 262656K(262656K)->0K(285184K) From: 16896K(16896K)->9472K(24576K)
[645.058s][info][gc,heap        ] GC(1793) ParOldGen: 539530K(539648K)->539946K(540160K)
[645.058s][info][gc,metaspace   ] GC(1793) Metaspace: 35513K(36160K)->35513K(36160K) NonClass: 29241K(29696K)->29241K(29696K) Class: 6272K(6464K)->6272K(6464K)
[645.058s][info][gc             ] GC(1793) Pause Young (Allocation Failure) 799M->536M(830M) 22.498ms
[645.058s][info][gc,cpu         ] GC(1793) User=0.04s Sys=0.00s Real=0.02s
[645.422s][info][gc,start       ] GC(1794) Pause Young (Allocation Failure)
[645.424s][info][gc,heap        ] GC(1794) PSYoungGen: 294656K(309760K)->64K(285696K) Eden: 285184K(285184K)->0K(285184K) From: 9472K(24576K)->64K(512K)
[645.424s][info][gc,heap        ] GC(1794) ParOldGen: 539946K(540160K)->539954K(540160K)
[645.424s][info][gc,metaspace   ] GC(1794) Metaspace: 35513K(36160K)->35513K(36160K) NonClass: 29241K(29696K)->29241K(29696K) Class: 6272K(6464K)->6272K(6464K)
[645.424s][info][gc             ] GC(1794) Pause Young (Allocation Failure) 815M->527M(806M) 1.807ms
[645.424s][info][gc,cpu         ] GC(1794) User=0.00s Sys=0.00s Real=0.00s
[646.009s][info][gc,start       ] GC(1795) Pause Young (Allocation Failure)
[646.011s][info][gc,heap        ] GC(1795) PSYoungGen: 285248K(285696K)->64K(309760K) Eden: 285184K(285184K)->0K(286208K) From: 64K(512K)->64K(23552K)
[646.011s][info][gc,heap        ] GC(1795) ParOldGen: 539954K(540160K)->539962K(540160K)
[646.011s][info][gc,metaspace   ] GC(1795) Metaspace: 35528K(36224K)->35528K(36224K) NonClass: 29256K(29760K)->29256K(29760K) Class: 6272K(6464K)->6272K(6464K)
[646.011s][info][gc             ] GC(1795) Pause Young (Allocation Failure) 805M->527M(830M) 1.884ms
[646.011s][info][gc,cpu         ] GC(1795) User=0.00s Sys=0.00s Real=0.00s
[646.427s][info][gc,start       ] GC(1796) Pause Young (Allocation Failure)
[646.429s][info][gc,heap        ] GC(1796) PSYoungGen: 286272K(309760K)->64K(308736K) Eden: 286208K(286208K)->0K(286208K) From: 64K(23552K)->64K(22528K)
[646.429s][info][gc,heap        ] GC(1796) ParOldGen: 539962K(540160K)->539978K(540160K)
[646.429s][info][gc,metaspace   ] GC(1796) Metaspace: 35528K(36224K)->35528K(36224K) NonClass: 29256K(29760K)->29256K(29760K) Class: 6272K(6464K)->6272K(6464K)
[646.429s][info][gc             ] GC(1796) Pause Young (Allocation Failure) 806M->527M(829M) 1.794ms
[646.429s][info][gc,cpu         ] GC(1796) User=0.00s Sys=0.00s Real=0.00s
[646.619s][info][gc,start       ] GC(1797) Pause Young (Allocation Failure)
[646.621s][info][gc,heap        ] GC(1797) PSYoungGen: 286272K(308736K)->64K(310272K) Eden: 286208K(286208K)->0K(288768K) From: 64K(22528K)->64K(21504K)
[646.621s][info][gc,heap        ] GC(1797) ParOldGen: 539978K(540160K)->539994K(540160K)
[646.621s][info][gc,metaspace   ] GC(1797) Metaspace: 35528K(36224K)->35528K(36224K) NonClass: 29256K(29760K)->29256K(29760K) Class: 6272K(6464K)->6272K(6464K)
[646.621s][info][gc             ] GC(1797) Pause Young (Allocation Failure) 806M->527M(830M) 1.751ms
[646.621s][info][gc,cpu         ] GC(1797) User=0.00s Sys=0.00s Real=0.00s
[646.811s][info][gc,start       ] GC(1798) Pause Young (Allocation Failure)
[646.813s][info][gc,heap        ] GC(1798) PSYoungGen: 288832K(310272K)->64K(309760K) Eden: 288768K(288768K)->0K(288768K) From: 64K(21504K)->64K(20992K)
[646.813s][info][gc,heap        ] GC(1798) ParOldGen: 539994K(540160K)->539994K(540160K)
[646.813s][info][gc,metaspace   ] GC(1798) Metaspace: 35528K(36224K)->35528K(36224K) NonClass: 29256K(29760K)->29256K(29760K) Class: 6272K(6464K)->6272K(6464K)
[646.813s][info][gc             ] GC(1798) Pause Young (Allocation Failure) 809M->527M(830M) 1.769ms
[646.813s][info][gc,cpu         ] GC(1798) User=0.00s Sys=0.00s Real=0.00s
[647.122s][info][gc,start       ] GC(1799) Pause Young (Allocation Failure)
[647.124s][info][gc,heap        ] GC(1799) PSYoungGen: 288832K(309760K)->64K(311808K) Eden: 288768K(288768K)->0K(292352K) From: 64K(20992K)->64K(19456K)
[647.124s][info][gc,heap        ] GC(1799) ParOldGen: 539994K(540160K)->539994K(540160K)
[647.124s][info][gc,metaspace   ] GC(1799) Metaspace: 35528K(36224K)->35528K(36224K) NonClass: 29256K(29760K)->29256K(29760K) Class: 6272K(6464K)->6272K(6464K)
[647.124s][info][gc             ] GC(1799) Pause Young (Allocation Failure) 809M->527M(832M) 1.791ms
[647.124s][info][gc,cpu         ] GC(1799) User=0.01s Sys=0.00s Real=0.00s
[647.249s][info][gc,start       ] GC(1800) Pause Young (Allocation Failure)
[647.251s][info][gc,heap        ] GC(1800) PSYoungGen: 292416K(311808K)->64K(311296K) Eden: 292352K(292352K)->0K(292352K) From: 64K(19456K)->64K(18944K)
[647.251s][info][gc,heap        ] GC(1800) ParOldGen: 539994K(540160K)->540002K(540160K)
[647.251s][info][gc,metaspace   ] GC(1800) Metaspace: 35528K(36224K)->35528K(36224K) NonClass: 29256K(29760K)->29256K(29760K) Class: 6272K(6464K)->6272K(6464K)
[647.251s][info][gc             ] GC(1800) Pause Young (Allocation Failure) 812M->527M(831M) 1.701ms
[647.251s][info][gc,cpu         ] GC(1800) User=0.00s Sys=0.00s Real=0.00s
[647.304s][info][gc,start       ] GC(1801) Pause Young (Allocation Failure)
[647.305s][info][gc,heap        ] GC(1801) PSYoungGen: 292416K(311296K)->64K(313856K) Eden: 292352K(292352K)->0K(296448K) From: 64K(18944K)->64K(17408K)
[647.306s][info][gc,heap        ] GC(1801) ParOldGen: 540002K(540160K)->540018K(540160K)
[647.306s][info][gc,metaspace   ] GC(1801) Metaspace: 35528K(36224K)->35528K(36224K) NonClass: 29256K(29760K)->29256K(29760K) Class: 6272K(6464K)->6272K(6464K)
[647.306s][info][gc             ] GC(1801) Pause Young (Allocation Failure) 812M->527M(834M) 1.636ms
[647.306s][info][gc,cpu         ] GC(1801) User=0.01s Sys=0.00s Real=0.01s
[647.446s][info][gc,start       ] GC(1802) Pause Young (Allocation Failure)
[647.448s][info][gc,heap        ] GC(1802) PSYoungGen: 296512K(313856K)->64K(313856K) Eden: 296448K(296448K)->0K(296448K) From: 64K(17408K)->64K(17408K)
[647.448s][info][gc,heap        ] GC(1802) ParOldGen: 540018K(540160K)->540018K(540160K)
[647.448s][info][gc,metaspace   ] GC(1802) Metaspace: 35528K(36224K)->35528K(36224K) NonClass: 29256K(29760K)->29256K(29760K) Class: 6272K(6464K)->6272K(6464K)
[647.448s][info][gc             ] GC(1802) Pause Young (Allocation Failure) 816M->527M(834M) 1.644ms
[647.448s][info][gc,cpu         ] GC(1802) User=0.01s Sys=0.00s Real=0.00s
[647.697s][info][gc,start       ] GC(1803) Pause Young (Allocation Failure)
[647.698s][info][gc,heap        ] GC(1803) PSYoungGen: 296512K(313856K)->64K(315392K) Eden: 296448K(296448K)->0K(300032K) From: 64K(17408K)->64K(15360K)
[647.698s][info][gc,heap        ] GC(1803) ParOldGen: 540018K(540160K)->540026K(540160K)
[647.699s][info][gc,metaspace   ] GC(1803) Metaspace: 35528K(36224K)->35528K(36224K) NonClass: 29256K(29760K)->29256K(29760K) Class: 6272K(6464K)->6272K(6464K)
[647.699s][info][gc             ] GC(1803) Pause Young (Allocation Failure) 816M->527M(835M) 1.708ms
[647.699s][info][gc,cpu         ] GC(1803) User=0.01s Sys=0.00s Real=0.00s
[647.862s][info][gc,start       ] GC(1804) Pause Young (Allocation Failure)
[647.864s][info][gc,heap        ] GC(1804) PSYoungGen: 300096K(315392K)->64K(315392K) Eden: 300032K(300032K)->0K(300032K) From: 64K(15360K)->64K(15360K)
[647.864s][info][gc,heap        ] GC(1804) ParOldGen: 540026K(540160K)->540034K(540160K)
[647.864s][info][gc,metaspace   ] GC(1804) Metaspace: 35528K(36224K)->35528K(36224K) NonClass: 29256K(29760K)->29256K(29760K) Class: 6272K(6464K)->6272K(6464K)
[647.864s][info][gc             ] GC(1804) Pause Young (Allocation Failure) 820M->527M(835M) 1.793ms
[647.864s][info][gc,cpu         ] GC(1804) User=0.00s Sys=0.01s Real=0.00s
[647.944s][info][gc,start       ] GC(1805) Pause Young (Allocation Failure)
[647.945s][info][gc,heap        ] GC(1805) PSYoungGen: 300096K(315392K)->64K(317952K) Eden: 300032K(300032K)->0K(303616K) From: 64K(15360K)->64K(14336K)
[647.945s][info][gc,heap        ] GC(1805) ParOldGen: 540034K(540160K)->540050K(540160K)
[647.945s][info][gc,metaspace   ] GC(1805) Metaspace: 35528K(36224K)->35528K(36224K) NonClass: 29256K(29760K)->29256K(29760K) Class: 6272K(6464K)->6272K(6464K)
[647.945s][info][gc             ] GC(1805) Pause Young (Allocation Failure) 820M->527M(838M) 1.732ms
[647.945s][info][gc,cpu         ] GC(1805) User=0.00s Sys=0.00s Real=0.01s
[648.117s][info][gc,start       ] GC(1806) Pause Young (Allocation Failure)
[648.118s][info][gc,heap        ] GC(1806) PSYoungGen: 303680K(317952K)->64K(317440K) Eden: 303616K(303616K)->0K(303616K) From: 64K(14336K)->64K(13824K)
[648.118s][info][gc,heap        ] GC(1806) ParOldGen: 540050K(540160K)->540050K(540160K)
[648.118s][info][gc,metaspace   ] GC(1806) Metaspace: 35528K(36224K)->35528K(36224K) NonClass: 29256K(29760K)->29256K(29760K) Class: 6272K(6464K)->6272K(6464K)
[648.118s][info][gc             ] GC(1806) Pause Young (Allocation Failure) 823M->527M(837M) 1.812ms
[648.118s][info][gc,cpu         ] GC(1806) User=0.01s Sys=0.00s Real=0.00s
[649.119s][info][gc,start       ] GC(1807) Pause Young (Allocation Failure)
[649.121s][info][gc,heap        ] GC(1807) PSYoungGen: 303680K(317440K)->64K(318976K) Eden: 303616K(303616K)->0K(306688K) From: 64K(13824K)->64K(12288K)
[649.121s][info][gc,heap        ] GC(1807) ParOldGen: 540050K(540160K)->540058K(540160K)
[649.121s][info][gc,metaspace   ] GC(1807) Metaspace: 35528K(36224K)->35528K(36224K) NonClass: 29256K(29760K)->29256K(29760K) Class: 6272K(6464K)->6272K(6464K)
[649.121s][info][gc             ] GC(1807) Pause Young (Allocation Failure) 823M->527M(839M) 1.818ms
[649.121s][info][gc,cpu         ] GC(1807) User=0.00s Sys=0.00s Real=0.00s
[649.984s][info][gc,start       ] GC(1808) Pause Young (Allocation Failure)
[649.986s][info][gc,heap        ] GC(1808) PSYoungGen: 306752K(318976K)->64K(294912K) Eden: 306688K(306688K)->0K(294400K) From: 64K(12288K)->64K(512K)
[649.986s][info][gc,heap        ] GC(1808) ParOldGen: 540058K(540160K)->540066K(540160K)
[649.986s][info][gc,metaspace   ] GC(1808) Metaspace: 35528K(36224K)->35528K(36224K) NonClass: 29256K(29760K)->29256K(29760K) Class: 6272K(6464K)->6272K(6464K)
[649.986s][info][gc             ] GC(1808) Pause Young (Allocation Failure) 826M->527M(815M) 1.934ms
[649.986s][info][gc,cpu         ] GC(1808) User=0.00s Sys=0.00s Real=0.01s
[650.222s][info][gc,start       ] GC(1809) Pause Young (Allocation Failure)
[650.224s][info][gc,heap        ] GC(1809) PSYoungGen: 294464K(294912K)->64K(283136K) Eden: 294400K(294400K)->0K(282624K) From: 64K(512K)->64K(512K)
[650.224s][info][gc,heap        ] GC(1809) ParOldGen: 540066K(540160K)->540074K(540160K)
[650.224s][info][gc,metaspace   ] GC(1809) Metaspace: 35528K(36224K)->35528K(36224K) NonClass: 29256K(29760K)->29256K(29760K) Class: 6272K(6464K)->6272K(6464K)
[650.224s][info][gc             ] GC(1809) Pause Young (Allocation Failure) 814M->527M(804M) 2.420ms
[650.224s][info][gc,cpu         ] GC(1809) User=0.00s Sys=0.00s Real=0.00s
[650.667s][info][gc,start       ] GC(1810) Pause Young (Allocation Failure)
[650.669s][info][gc,heap        ] GC(1810) PSYoungGen: 282688K(283136K)->64K(281600K) Eden: 282624K(282624K)->0K(271360K) From: 64K(512K)->64K(10240K)
[650.669s][info][gc,heap        ] GC(1810) ParOldGen: 540074K(540160K)->540082K(540160K)
[650.669s][info][gc,metaspace   ] GC(1810) Metaspace: 35528K(36224K)->35528K(36224K) NonClass: 29256K(29760K)->29256K(29760K) Class: 6272K(6464K)->6272K(6464K)
[650.669s][info][gc             ] GC(1810) Pause Young (Allocation Failure) 803M->527M(802M) 1.908ms
[650.669s][info][gc,cpu         ] GC(1810) User=0.01s Sys=0.00s Real=0.00s
[651.623s][info][gc,start       ] GC(1811) Pause Young (Allocation Failure)
[651.627s][info][gc,heap        ] GC(1811) PSYoungGen: 271424K(281600K)->64K(261120K) Eden: 271360K(271360K)->0K(260608K) From: 64K(10240K)->64K(512K)
[651.627s][info][gc,heap        ] GC(1811) ParOldGen: 540082K(540160K)->540090K(540160K)
[651.627s][info][gc,metaspace   ] GC(1811) Metaspace: 35528K(36224K)->35528K(36224K) NonClass: 29256K(29760K)->29256K(29760K) Class: 6272K(6464K)->6272K(6464K)
[651.627s][info][gc             ] GC(1811) Pause Young (Allocation Failure) 792M->527M(782M) 3.781ms
[651.627s][info][gc,cpu         ] GC(1811) User=0.00s Sys=0.00s Real=0.01s
[651.991s][info][gc,start       ] GC(1812) Pause Young (Allocation Failure)
[651.994s][info][gc,heap        ] GC(1812) PSYoungGen: 260672K(261120K)->64K(259584K) Eden: 260608K(260608K)->0K(250368K) From: 64K(512K)->64K(9216K)
[651.994s][info][gc,heap        ] GC(1812) ParOldGen: 540090K(540160K)->540098K(540160K)
[651.994s][info][gc,metaspace   ] GC(1812) Metaspace: 35528K(36224K)->35528K(36224K) NonClass: 29256K(29760K)->29256K(29760K) Class: 6272K(6464K)->6272K(6464K)
[651.994s][info][gc             ] GC(1812) Pause Young (Allocation Failure) 781M->527M(781M) 3.061ms
[651.994s][info][gc,cpu         ] GC(1812) User=0.00s Sys=0.00s Real=0.00s
[652.151s][info][gc,start       ] GC(1813) Pause Young (Allocation Failure)
[652.155s][info][gc,heap        ] GC(1813) PSYoungGen: 250432K(259584K)->64K(291328K) Eden: 250368K(250368K)->0K(282624K) From: 64K(9216K)->64K(8704K)
[652.155s][info][gc,heap        ] GC(1813) ParOldGen: 540098K(540160K)->540114K(540160K)
[652.155s][info][gc,metaspace   ] GC(1813) Metaspace: 35528K(36224K)->35528K(36224K) NonClass: 29256K(29760K)->29256K(29760K) Class: 6272K(6464K)->6272K(6464K)
[652.155s][info][gc             ] GC(1813) Pause Young (Allocation Failure) 772M->527M(812M) 3.142ms
[652.155s][info][gc,cpu         ] GC(1813) User=0.00s Sys=0.00s Real=0.01s
[652.406s][info][gc,start       ] GC(1814) Pause Young (Allocation Failure)
[652.409s][info][gc,heap        ] GC(1814) PSYoungGen: 282688K(291328K)->64K(290304K) Eden: 282624K(282624K)->0K(282624K) From: 64K(8704K)->64K(7680K)
[652.409s][info][gc,heap        ] GC(1814) ParOldGen: 540114K(540160K)->540130K(540160K)
[652.409s][info][gc,metaspace   ] GC(1814) Metaspace: 35528K(36224K)->35528K(36224K) NonClass: 29256K(29760K)->29256K(29760K) Class: 6272K(6464K)->6272K(6464K)
[652.409s][info][gc             ] GC(1814) Pause Young (Allocation Failure) 803M->527M(811M) 3.083ms
[652.409s][info][gc,cpu         ] GC(1814) User=0.01s Sys=0.00s Real=0.00s
[652.890s][info][gc,start       ] GC(1815) Pause Young (Allocation Failure)
[652.892s][info][gc,heap        ] GC(1815) PSYoungGen: 282688K(290304K)->64K(271872K) Eden: 282624K(282624K)->0K(271360K) From: 64K(7680K)->64K(512K)
[652.892s][info][gc,heap        ] GC(1815) ParOldGen: 540130K(540160K)->540138K(540160K)
[652.892s][info][gc,metaspace   ] GC(1815) Metaspace: 35528K(36224K)->35528K(36224K) NonClass: 29256K(29760K)->29256K(29760K) Class: 6272K(6464K)->6272K(6464K)
[652.892s][info][gc             ] GC(1815) Pause Young (Allocation Failure) 803M->527M(793M) 2.394ms
[652.892s][info][gc,cpu         ] GC(1815) User=0.01s Sys=0.00s Real=0.00s
[653.238s][info][gc,start       ] GC(1816) Pause Young (Allocation Failure)
[653.253s][info][gc,heap        ] GC(1816) PSYoungGen: 271424K(271872K)->6656K(318464K) Eden: 271360K(271360K)->0K(311808K) From: 64K(512K)->6656K(6656K)
[653.253s][info][gc,heap        ] GC(1816) ParOldGen: 540138K(540160K)->540538K(540672K)
[653.253s][info][gc,metaspace   ] GC(1816) Metaspace: 35528K(36224K)->35528K(36224K) NonClass: 29256K(29760K)->29256K(29760K) Class: 6272K(6464K)->6272K(6464K)
[653.253s][info][gc             ] GC(1816) Pause Young (Allocation Failure) 792M->534M(839M) 14.998ms
[653.253s][info][gc,cpu         ] GC(1816) User=0.03s Sys=0.01s Real=0.01s
[653.595s][info][gc,start       ] GC(1817) Pause Young (Allocation Failure)
[653.664s][info][gc,heap        ] GC(1817) PSYoungGen: 318464K(318464K)->8704K(303616K) Eden: 311808K(311808K)->0K(294912K) From: 6656K(6656K)->8704K(8704K)
[653.664s][info][gc,heap        ] GC(1817) ParOldGen: 540538K(540672K)->564874K(565248K)
[653.664s][info][gc,metaspace   ] GC(1817) Metaspace: 35528K(36224K)->35528K(36224K) NonClass: 29256K(29760K)->29256K(29760K) Class: 6272K(6464K)->6272K(6464K)
[653.664s][info][gc             ] GC(1817) Pause Young (Allocation Failure) 838M->560M(848M) 68.980ms
[653.664s][info][gc,cpu         ] GC(1817) User=0.11s Sys=0.03s Real=0.06s
[653.959s][info][gc,start       ] GC(1818) Pause Young (Allocation Failure)
[654.014s][info][gc,heap        ] GC(1818) PSYoungGen: 303616K(303616K)->19456K(314368K) Eden: 294912K(294912K)->0K(294912K) From: 8704K(8704K)->19456K(19456K)
[654.014s][info][gc,heap        ] GC(1818) ParOldGen: 564874K(565248K)->575210K(575488K)
[654.014s][info][gc,metaspace   ] GC(1818) Metaspace: 35528K(36224K)->35528K(36224K) NonClass: 29256K(29760K)->29256K(29760K) Class: 6272K(6464K)->6272K(6464K)
[654.014s][info][gc             ] GC(1818) Pause Young (Allocation Failure) 848M->580M(869M) 54.802ms
[654.014s][info][gc,cpu         ] GC(1818) User=0.10s Sys=0.01s Real=0.05s
[654.106s][info][gc,start       ] GC(1819) Pause Young (Allocation Failure)
[654.111s][info][gc,heap        ] GC(1819) PSYoungGen: 314368K(314368K)->64K(300032K) Eden: 294912K(294912K)->0K(280576K) From: 19456K(19456K)->64K(19456K)
[654.111s][info][gc,heap        ] GC(1819) ParOldGen: 575210K(575488K)->575570K(576000K)
[654.111s][info][gc,metaspace   ] GC(1819) Metaspace: 35528K(36224K)->35528K(36224K) NonClass: 29256K(29760K)->29256K(29760K) Class: 6272K(6464K)->6272K(6464K)
[654.111s][info][gc             ] GC(1819) Pause Young (Allocation Failure) 868M->562M(855M) 4.577ms
[654.111s][info][gc,cpu         ] GC(1819) User=0.00s Sys=0.00s Real=0.00s
[654.755s][info][gc,start       ] GC(1820) Pause Young (Allocation Failure)
[654.757s][info][gc,heap        ] GC(1820) PSYoungGen: 280640K(300032K)->64K(307200K) Eden: 280576K(280576K)->0K(280576K) From: 64K(19456K)->64K(26624K)
[654.757s][info][gc,heap        ] GC(1820) ParOldGen: 575570K(576000K)->575578K(576000K)
[654.757s][info][gc,metaspace   ] GC(1820) Metaspace: 35528K(36224K)->35528K(36224K) NonClass: 29256K(29760K)->29256K(29760K) Class: 6272K(6464K)->6272K(6464K)
[654.757s][info][gc             ] GC(1820) Pause Young (Allocation Failure) 836M->562M(862M) 1.840ms
[654.757s][info][gc,cpu         ] GC(1820) User=0.00s Sys=0.00s Real=0.00s
[655.123s][info][gc,start       ] GC(1821) Pause Young (Allocation Failure)
[655.125s][info][gc,heap        ] GC(1821) PSYoungGen: 280640K(307200K)->64K(304128K) Eden: 280576K(280576K)->0K(281600K) From: 64K(26624K)->64K(22528K)
[655.125s][info][gc,heap        ] GC(1821) ParOldGen: 575578K(576000K)->575586K(576000K)
[655.125s][info][gc,metaspace   ] GC(1821) Metaspace: 35528K(36224K)->35528K(36224K) NonClass: 29256K(29760K)->29256K(29760K) Class: 6272K(6464K)->6272K(6464K)
[655.125s][info][gc             ] GC(1821) Pause Young (Allocation Failure) 836M->562M(859M) 2.017ms
[655.125s][info][gc,cpu         ] GC(1821) User=0.01s Sys=0.00s Real=0.01s
[655.518s][info][gc,start       ] GC(1822) Pause Young (Allocation Failure)
[655.519s][info][gc,heap        ] GC(1822) PSYoungGen: 281664K(304128K)->64K(306176K) Eden: 281600K(281600K)->0K(281600K) From: 64K(22528K)->64K(24576K)
[655.519s][info][gc,heap        ] GC(1822) ParOldGen: 575586K(576000K)->575602K(576000K)
[655.520s][info][gc,metaspace   ] GC(1822) Metaspace: 35528K(36224K)->35528K(36224K) NonClass: 29256K(29760K)->29256K(29760K) Class: 6272K(6464K)->6272K(6464K)
[655.520s][info][gc             ] GC(1822) Pause Young (Allocation Failure) 837M->562M(861M) 1.810ms
[655.520s][info][gc,cpu         ] GC(1822) User=0.00s Sys=0.00s Real=0.00s
[655.704s][info][gc,start       ] GC(1823) Pause Young (Allocation Failure)
[655.706s][info][gc,heap        ] GC(1823) PSYoungGen: 281664K(306176K)->64K(306176K) Eden: 281600K(281600K)->0K(285696K) From: 64K(24576K)->64K(20480K)
[655.706s][info][gc,heap        ] GC(1823) ParOldGen: 575602K(576000K)->575618K(576000K)
[655.706s][info][gc,metaspace   ] GC(1823) Metaspace: 35528K(36224K)->35528K(36224K) NonClass: 29256K(29760K)->29256K(29760K) Class: 6272K(6464K)->6272K(6464K)
[655.706s][info][gc             ] GC(1823) Pause Young (Allocation Failure) 837M->562M(861M) 1.826ms
[655.706s][info][gc,cpu         ] GC(1823) User=0.00s Sys=0.00s Real=0.01s
[655.892s][info][gc,start       ] GC(1824) Pause Young (Allocation Failure)
[655.894s][info][gc,heap        ] GC(1824) PSYoungGen: 285760K(306176K)->64K(308224K) Eden: 285696K(285696K)->0K(285696K) From: 64K(20480K)->64K(22528K)
[655.894s][info][gc,heap        ] GC(1824) ParOldGen: 575618K(576000K)->575618K(576000K)
[655.894s][info][gc,metaspace   ] GC(1824) Metaspace: 35528K(36224K)->35528K(36224K) NonClass: 29256K(29760K)->29256K(29760K) Class: 6272K(6464K)->6272K(6464K)
[655.894s][info][gc             ] GC(1824) Pause Young (Allocation Failure) 841M->562M(863M) 1.780ms
[655.894s][info][gc,cpu         ] GC(1824) User=0.01s Sys=0.00s Real=0.00s
[656.215s][info][gc,start       ] GC(1825) Pause Young (Allocation Failure)
[656.217s][info][gc,heap        ] GC(1825) PSYoungGen: 285760K(308224K)->64K(308224K) Eden: 285696K(285696K)->0K(289792K) From: 64K(22528K)->64K(18432K)
[656.217s][info][gc,heap        ] GC(1825) ParOldGen: 575618K(576000K)->575618K(576000K)
[656.217s][info][gc,metaspace   ] GC(1825) Metaspace: 35528K(36224K)->35528K(36224K) NonClass: 29256K(29760K)->29256K(29760K) Class: 6272K(6464K)->6272K(6464K)
[656.217s][info][gc             ] GC(1825) Pause Young (Allocation Failure) 841M->562M(863M) 1.781ms
[656.217s][info][gc,cpu         ] GC(1825) User=0.00s Sys=0.00s Real=0.00s
[656.270s][info][gc,start       ] GC(1826) Pause Young (Allocation Failure)
[656.272s][info][gc,heap        ] GC(1826) PSYoungGen: 289856K(308224K)->64K(310272K) Eden: 289792K(289792K)->0K(289792K) From: 64K(18432K)->64K(20480K)
[656.272s][info][gc,heap        ] GC(1826) ParOldGen: 575618K(576000K)->575634K(576000K)
[656.272s][info][gc,metaspace   ] GC(1826) Metaspace: 35528K(36224K)->35528K(36224K) NonClass: 29256K(29760K)->29256K(29760K) Class: 6272K(6464K)->6272K(6464K)
[656.272s][info][gc             ] GC(1826) Pause Young (Allocation Failure) 845M->562M(865M) 1.735ms
[656.272s][info][gc,cpu         ] GC(1826) User=0.01s Sys=0.00s Real=0.00s
[656.324s][info][gc,start       ] GC(1827) Pause Young (Allocation Failure)
[656.325s][info][gc,heap        ] GC(1827) PSYoungGen: 289856K(310272K)->64K(309248K) Eden: 289792K(289792K)->0K(293888K) From: 64K(20480K)->64K(15360K)
[656.325s][info][gc,heap        ] GC(1827) ParOldGen: 575634K(576000K)->575634K(576000K)
[656.325s][info][gc,metaspace   ] GC(1827) Metaspace: 35528K(36224K)->35528K(36224K) NonClass: 29256K(29760K)->29256K(29760K) Class: 6272K(6464K)->6272K(6464K)
[656.325s][info][gc             ] GC(1827) Pause Young (Allocation Failure) 845M->562M(864M) 1.790ms
[656.326s][info][gc,cpu         ] GC(1827) User=0.00s Sys=0.00s Real=0.01s
[656.538s][info][gc,start       ] GC(1828) Pause Young (Allocation Failure)
[656.539s][info][gc,heap        ] GC(1828) PSYoungGen: 293952K(309248K)->64K(311808K) Eden: 293888K(293888K)->0K(293888K) From: 64K(15360K)->64K(17920K)
[656.539s][info][gc,heap        ] GC(1828) ParOldGen: 575634K(576000K)->575634K(576000K)
[656.539s][info][gc,metaspace   ] GC(1828) Metaspace: 35528K(36224K)->35528K(36224K) NonClass: 29256K(29760K)->29256K(29760K) Class: 6272K(6464K)->6272K(6464K)
[656.539s][info][gc             ] GC(1828) Pause Young (Allocation Failure) 849M->562M(867M) 1.764ms
[656.539s][info][gc,cpu         ] GC(1828) User=0.00s Sys=0.00s Real=0.00s
[656.766s][info][gc,start       ] GC(1829) Pause Young (Allocation Failure)
[656.768s][info][gc,heap        ] GC(1829) PSYoungGen: 293952K(311808K)->64K(312832K) Eden: 293888K(293888K)->0K(299008K) From: 64K(17920K)->64K(13824K)
[656.768s][info][gc,heap        ] GC(1829) ParOldGen: 575634K(576000K)->575642K(576000K)
[656.768s][info][gc,metaspace   ] GC(1829) Metaspace: 35529K(36224K)->35529K(36224K) NonClass: 29256K(29760K)->29256K(29760K) Class: 6272K(6464K)->6272K(6464K)
[656.768s][info][gc             ] GC(1829) Pause Young (Allocation Failure) 849M->562M(868M) 1.802ms
[656.768s][info][gc,cpu         ] GC(1829) User=0.00s Sys=0.00s Real=0.00s
[656.885s][info][gc,start       ] GC(1830) Pause Young (Allocation Failure)
[656.886s][info][gc,heap        ] GC(1830) PSYoungGen: 299072K(312832K)->64K(314880K) Eden: 299008K(299008K)->0K(299008K) From: 64K(13824K)->64K(15872K)
[656.886s][info][gc,heap        ] GC(1830) ParOldGen: 575642K(576000K)->575650K(576000K)
[656.886s][info][gc,metaspace   ] GC(1830) Metaspace: 35529K(36224K)->35529K(36224K) NonClass: 29256K(29760K)->29256K(29760K) Class: 6272K(6464K)->6272K(6464K)
[656.886s][info][gc             ] GC(1830) Pause Young (Allocation Failure) 854M->562M(870M) 1.835ms
[656.886s][info][gc,cpu         ] GC(1830) User=0.00s Sys=0.00s Real=0.00s
[656.985s][info][gc,start       ] GC(1831) Pause Young (Allocation Failure)
[656.986s][info][gc,heap        ] GC(1831) PSYoungGen: 299072K(314880K)->64K(315904K) Eden: 299008K(299008K)->0K(303104K) From: 64K(15872K)->64K(12800K)
[656.986s][info][gc,heap        ] GC(1831) ParOldGen: 575650K(576000K)->575658K(576000K)
[656.986s][info][gc,metaspace   ] GC(1831) Metaspace: 35529K(36224K)->35529K(36224K) NonClass: 29256K(29760K)->29256K(29760K) Class: 6272K(6464K)->6272K(6464K)
[656.986s][info][gc             ] GC(1831) Pause Young (Allocation Failure) 854M->562M(871M) 1.808ms
[656.986s][info][gc,cpu         ] GC(1831) User=0.00s Sys=0.00s Real=0.00s
[657.172s][info][gc,start       ] GC(1832) Pause Young (Allocation Failure)
[657.174s][info][gc,heap        ] GC(1832) PSYoungGen: 303168K(315904K)->64K(317440K) Eden: 303104K(303104K)->0K(303104K) From: 64K(12800K)->64K(14336K)
[657.174s][info][gc,heap        ] GC(1832) ParOldGen: 575658K(576000K)->575666K(576000K)
[657.174s][info][gc,metaspace   ] GC(1832) Metaspace: 35529K(36224K)->35529K(36224K) NonClass: 29256K(29760K)->29256K(29760K) Class: 6272K(6464K)->6272K(6464K)
[657.174s][info][gc             ] GC(1832) Pause Young (Allocation Failure) 858M->562M(872M) 1.797ms
[657.174s][info][gc,cpu         ] GC(1832) User=0.00s Sys=0.00s Real=0.00s
[658.104s][info][gc,start       ] GC(1833) Pause Young (Allocation Failure)
[658.106s][info][gc,heap        ] GC(1833) PSYoungGen: 303168K(317440K)->83K(316928K) Eden: 303104K(303104K)->0K(306176K) From: 64K(14336K)->83K(10752K)
[658.106s][info][gc,heap        ] GC(1833) ParOldGen: 575666K(576000K)->575674K(576000K)
[658.106s][info][gc,metaspace   ] GC(1833) Metaspace: 35529K(36224K)->35529K(36224K) NonClass: 29256K(29760K)->29256K(29760K) Class: 6272K(6464K)->6272K(6464K)
[658.106s][info][gc             ] GC(1833) Pause Young (Allocation Failure) 858M->562M(872M) 1.831ms
[658.106s][info][gc,cpu         ] GC(1833) User=0.00s Sys=0.00s Real=0.01s
[658.986s][info][gc,start       ] GC(1834) Pause Young (Allocation Failure)
[658.988s][info][gc,heap        ] GC(1834) PSYoungGen: 306259K(316928K)->64K(294400K) Eden: 306176K(306176K)->0K(293888K) From: 83K(10752K)->64K(512K)
[658.988s][info][gc,heap        ] GC(1834) ParOldGen: 575674K(576000K)->575682K(576000K)
[658.988s][info][gc,metaspace   ] GC(1834) Metaspace: 35529K(36224K)->35529K(36224K) NonClass: 29256K(29760K)->29256K(29760K) Class: 6272K(6464K)->6272K(6464K)
[658.988s][info][gc             ] GC(1834) Pause Young (Allocation Failure) 861M->562M(850M) 2.348ms
[658.988s][info][gc,cpu         ] GC(1834) User=0.00s Sys=0.00s Real=0.00s
[659.374s][info][gc,start       ] GC(1835) Pause Young (Allocation Failure)
[659.376s][info][gc,heap        ] GC(1835) PSYoungGen: 293952K(294400K)->64K(282624K) Eden: 293888K(293888K)->0K(282112K) From: 64K(512K)->64K(512K)
[659.376s][info][gc,heap        ] GC(1835) ParOldGen: 575682K(576000K)->575690K(576000K)
[659.376s][info][gc,metaspace   ] GC(1835) Metaspace: 35529K(36224K)->35529K(36224K) NonClass: 29256K(29760K)->29256K(29760K) Class: 6272K(6464K)->6272K(6464K)
[659.376s][info][gc             ] GC(1835) Pause Young (Allocation Failure) 849M->562M(838M) 2.422ms
[659.376s][info][gc,cpu         ] GC(1835) User=0.01s Sys=0.00s Real=0.01s
[659.898s][info][gc,start       ] GC(1836) Pause Young (Allocation Failure)
[659.900s][info][gc,heap        ] GC(1836) PSYoungGen: 282176K(282624K)->64K(281600K) Eden: 282112K(282112K)->0K(270848K) From: 64K(512K)->64K(10752K)
[659.900s][info][gc,heap        ] GC(1836) ParOldGen: 575690K(576000K)->575698K(576000K)
[659.900s][info][gc,metaspace   ] GC(1836) Metaspace: 35529K(36224K)->35529K(36224K) NonClass: 29256K(29760K)->29256K(29760K) Class: 6272K(6464K)->6272K(6464K)
[659.900s][info][gc             ] GC(1836) Pause Young (Allocation Failure) 837M->562M(837M) 1.907ms
[659.900s][info][gc,cpu         ] GC(1836) User=0.00s Sys=0.00s Real=0.00s
[660.659s][info][gc,start       ] GC(1837) Pause Young (Allocation Failure)
[660.662s][info][gc,heap        ] GC(1837) PSYoungGen: 270912K(281600K)->64K(260608K) Eden: 270848K(270848K)->0K(260096K) From: 64K(10752K)->64K(512K)
[660.662s][info][gc,heap        ] GC(1837) ParOldGen: 575698K(576000K)->575706K(576000K)
[660.662s][info][gc,metaspace   ] GC(1837) Metaspace: 35529K(36224K)->35529K(36224K) NonClass: 29256K(29760K)->29256K(29760K) Class: 6272K(6464K)->6272K(6464K)
[660.662s][info][gc             ] GC(1837) Pause Young (Allocation Failure) 826M->562M(817M) 2.556ms
[660.662s][info][gc,cpu         ] GC(1837) User=0.01s Sys=0.00s Real=0.00s
[661.033s][info][gc,start       ] GC(1838) Pause Young (Allocation Failure)
[661.035s][info][gc,heap        ] GC(1838) PSYoungGen: 260160K(260608K)->64K(259072K) Eden: 260096K(260096K)->0K(249856K) From: 64K(512K)->64K(9216K)
[661.035s][info][gc,heap        ] GC(1838) ParOldGen: 575706K(576000K)->575714K(576000K)
[661.035s][info][gc,metaspace   ] GC(1838) Metaspace: 35529K(36224K)->35529K(36224K) NonClass: 29256K(29760K)->29256K(29760K) Class: 6272K(6464K)->6272K(6464K)
[661.035s][info][gc             ] GC(1838) Pause Young (Allocation Failure) 816M->562M(815M) 1.807ms
[661.035s][info][gc,cpu         ] GC(1838) User=0.00s Sys=0.00s Real=0.01s
[661.114s][info][gc,start       ] GC(1839) Pause Young (Allocation Failure)
[661.116s][info][gc,heap        ] GC(1839) PSYoungGen: 249920K(259072K)->64K(240640K) Eden: 249856K(249856K)->0K(240128K) From: 64K(9216K)->64K(512K)
[661.116s][info][gc,heap        ] GC(1839) ParOldGen: 575714K(576000K)->575722K(576000K)
[661.116s][info][gc,metaspace   ] GC(1839) Metaspace: 35529K(36224K)->35529K(36224K) NonClass: 29256K(29760K)->29256K(29760K) Class: 6272K(6464K)->6272K(6464K)
[661.116s][info][gc             ] GC(1839) Pause Young (Allocation Failure) 806M->562M(797M) 2.304ms
[661.116s][info][gc,cpu         ] GC(1839) User=0.00s Sys=0.00s Real=0.01s
[661.502s][info][gc,start       ] GC(1840) Pause Young (Allocation Failure)
[661.503s][info][gc,heap        ] GC(1840) PSYoungGen: 240192K(240640K)->64K(239104K) Eden: 240128K(240128K)->0K(230912K) From: 64K(512K)->64K(8192K)
[661.504s][info][gc,heap        ] GC(1840) ParOldGen: 575722K(576000K)->575730K(576000K)
[661.504s][info][gc,metaspace   ] GC(1840) Metaspace: 35529K(36224K)->35529K(36224K) NonClass: 29256K(29760K)->29256K(29760K) Class: 6272K(6464K)->6272K(6464K)
[661.504s][info][gc             ] GC(1840) Pause Young (Allocation Failure) 796M->562M(796M) 1.859ms
[661.504s][info][gc,cpu         ] GC(1840) User=0.00s Sys=0.00s Real=0.00s
[661.834s][info][gc,start       ] GC(1841) Pause Young (Allocation Failure)
[661.837s][info][gc,heap        ] GC(1841) PSYoungGen: 230976K(239104K)->64K(222720K) Eden: 230912K(230912K)->0K(222208K) From: 64K(8192K)->64K(512K)
[661.837s][info][gc,heap        ] GC(1841) ParOldGen: 575730K(576000K)->575738K(576000K)
[661.837s][info][gc,metaspace   ] GC(1841) Metaspace: 35529K(36224K)->35529K(36224K) NonClass: 29256K(29760K)->29256K(29760K) Class: 6272K(6464K)->6272K(6464K)
[661.837s][info][gc             ] GC(1841) Pause Young (Allocation Failure) 787M->562M(780M) 2.280ms
[661.837s][info][gc,cpu         ] GC(1841) User=0.00s Sys=0.00s Real=0.00s
[662.138s][info][gc,start       ] GC(1842) Pause Young (Allocation Failure)
[662.143s][info][gc,heap        ] GC(1842) PSYoungGen: 222272K(222720K)->2752K(271360K) Eden: 222208K(222208K)->0K(264192K) From: 64K(512K)->2752K(7168K)
[662.143s][info][gc,heap        ] GC(1842) ParOldGen: 575738K(576000K)->575746K(576000K)
[662.143s][info][gc,metaspace   ] GC(1842) Metaspace: 35529K(36224K)->35529K(36224K) NonClass: 29256K(29760K)->29256K(29760K) Class: 6272K(6464K)->6272K(6464K)
[662.143s][info][gc             ] GC(1842) Pause Young (Allocation Failure) 779M->564M(827M) 5.359ms
[662.143s][info][gc,cpu         ] GC(1842) User=0.01s Sys=0.00s Real=0.00s
[662.425s][info][gc,start       ] GC(1843) Pause Young (Allocation Failure)
[662.480s][info][gc,heap        ] GC(1843) PSYoungGen: 266944K(271360K)->7168K(267776K) Eden: 264192K(264192K)->0K(260608K) From: 2752K(7168K)->7168K(7168K)
[662.480s][info][gc,heap        ] GC(1843) ParOldGen: 575746K(576000K)->596554K(596992K)
[662.480s][info][gc,metaspace   ] GC(1843) Metaspace: 35529K(36224K)->35529K(36224K) NonClass: 29256K(29760K)->29256K(29760K) Class: 6272K(6464K)->6272K(6464K)
[662.480s][info][gc             ] GC(1843) Pause Young (Allocation Failure) 822M->589M(844M) 55.468ms
[662.480s][info][gc,cpu         ] GC(1843) User=0.09s Sys=0.02s Real=0.05s
[662.758s][info][gc,start       ] GC(1844) Pause Young (Allocation Failure)
[662.812s][info][gc,heap        ] GC(1844) PSYoungGen: 267776K(267776K)->16384K(276992K) Eden: 260608K(260608K)->0K(260608K) From: 7168K(7168K)->16384K(16384K)
[662.812s][info][gc,heap        ] GC(1844) ParOldGen: 596554K(596992K)->608522K(608768K)
[662.812s][info][gc,metaspace   ] GC(1844) Metaspace: 35529K(36224K)->35529K(36224K) NonClass: 29256K(29760K)->29256K(29760K) Class: 6272K(6464K)->6272K(6464K)
[662.812s][info][gc             ] GC(1844) Pause Young (Allocation Failure) 844M->610M(865M) 53.509ms
[662.812s][info][gc,cpu         ] GC(1844) User=0.10s Sys=0.00s Real=0.05s
[662.957s][info][gc,start       ] GC(1845) Pause Young (Allocation Failure)
[662.983s][info][gc,heap        ] GC(1845) PSYoungGen: 276992K(276992K)->10720K(309248K) Eden: 260608K(260608K)->0K(284672K) From: 16384K(16384K)->10720K(24576K)
[662.983s][info][gc,heap        ] GC(1845) ParOldGen: 608522K(608768K)->608954K(609280K)
[662.983s][info][gc,metaspace   ] GC(1845) Metaspace: 35529K(36224K)->35529K(36224K) NonClass: 29256K(29760K)->29256K(29760K) Class: 6272K(6464K)->6272K(6464K)
[662.983s][info][gc             ] GC(1845) Pause Young (Allocation Failure) 864M->605M(897M) 25.302ms
[662.983s][info][gc,cpu         ] GC(1845) User=0.04s Sys=0.01s Real=0.02s
[663.326s][info][gc,start       ] GC(1846) Pause Young (Allocation Failure)
[663.328s][info][gc,heap        ] GC(1846) PSYoungGen: 295392K(309248K)->64K(285184K) Eden: 284672K(284672K)->0K(284672K) From: 10720K(24576K)->64K(512K)
[663.328s][info][gc,heap        ] GC(1846) ParOldGen: 608954K(609280K)->608962K(609280K)
[663.328s][info][gc,metaspace   ] GC(1846) Metaspace: 35529K(36224K)->35529K(36224K) NonClass: 29256K(29760K)->29256K(29760K) Class: 6272K(6464K)->6272K(6464K)
[663.328s][info][gc             ] GC(1846) Pause Young (Allocation Failure) 883M->594M(873M) 2.055ms
[663.328s][info][gc,cpu         ] GC(1846) User=0.00s Sys=0.00s Real=0.00s
[663.937s][info][gc,start       ] GC(1847) Pause Young (Allocation Failure)
[663.939s][info][gc,heap        ] GC(1847) PSYoungGen: 284736K(285184K)->64K(308736K) Eden: 284672K(284672K)->0K(285184K) From: 64K(512K)->64K(23552K)
[663.939s][info][gc,heap        ] GC(1847) ParOldGen: 608962K(609280K)->608970K(609280K)
[663.939s][info][gc,metaspace   ] GC(1847) Metaspace: 35529K(36224K)->35529K(36224K) NonClass: 29256K(29760K)->29256K(29760K) Class: 6272K(6464K)->6272K(6464K)
[663.939s][info][gc             ] GC(1847) Pause Young (Allocation Failure) 872M->594M(896M) 2.043ms
[663.939s][info][gc,cpu         ] GC(1847) User=0.00s Sys=0.00s Real=0.00s
[664.365s][info][gc,start       ] GC(1848) Pause Young (Allocation Failure)
[664.366s][info][gc,heap        ] GC(1848) PSYoungGen: 285248K(308736K)->64K(308224K) Eden: 285184K(285184K)->0K(285184K) From: 64K(23552K)->64K(23040K)
[664.366s][info][gc,heap        ] GC(1848) ParOldGen: 608970K(609280K)->608986K(609280K)
[664.366s][info][gc,metaspace   ] GC(1848) Metaspace: 35529K(36224K)->35529K(36224K) NonClass: 29256K(29760K)->29256K(29760K) Class: 6272K(6464K)->6272K(6464K)
[664.367s][info][gc             ] GC(1848) Pause Young (Allocation Failure) 873M->594M(896M) 1.972ms
[664.367s][info][gc,cpu         ] GC(1848) User=0.01s Sys=0.00s Real=0.00s
[664.553s][info][gc,start       ] GC(1849) Pause Young (Allocation Failure)
[664.555s][info][gc,heap        ] GC(1849) PSYoungGen: 285248K(308224K)->64K(309760K) Eden: 285184K(285184K)->0K(288256K) From: 64K(23040K)->64K(21504K)
[664.555s][info][gc,heap        ] GC(1849) ParOldGen: 608986K(609280K)->609002K(609280K)
[664.555s][info][gc,metaspace   ] GC(1849) Metaspace: 35529K(36224K)->35529K(36224K) NonClass: 29256K(29760K)->29256K(29760K) Class: 6272K(6464K)->6272K(6464K)
[664.555s][info][gc             ] GC(1849) Pause Young (Allocation Failure) 873M->594M(897M) 1.867ms
[664.555s][info][gc,cpu         ] GC(1849) User=0.01s Sys=0.00s Real=0.01s
[664.745s][info][gc,start       ] GC(1850) Pause Young (Allocation Failure)
[664.747s][info][gc,heap        ] GC(1850) PSYoungGen: 288320K(309760K)->64K(309248K) Eden: 288256K(288256K)->0K(288256K) From: 64K(21504K)->64K(20992K)
[664.747s][info][gc,heap        ] GC(1850) ParOldGen: 609002K(609280K)->609002K(609280K)
[664.747s][info][gc,metaspace   ] GC(1850) Metaspace: 35529K(36224K)->35529K(36224K) NonClass: 29256K(29760K)->29256K(29760K) Class: 6272K(6464K)->6272K(6464K)
[664.747s][info][gc             ] GC(1850) Pause Young (Allocation Failure) 876M->594M(897M) 1.912ms
[664.747s][info][gc,cpu         ] GC(1850) User=0.01s Sys=0.00s Real=0.00s
[665.051s][info][gc,start       ] GC(1851) Pause Young (Allocation Failure)
[665.053s][info][gc,heap        ] GC(1851) PSYoungGen: 288320K(309248K)->64K(311808K) Eden: 288256K(288256K)->0K(292352K) From: 64K(20992K)->64K(19456K)
[665.053s][info][gc,heap        ] GC(1851) ParOldGen: 609002K(609280K)->609002K(609280K)
[665.053s][info][gc,metaspace   ] GC(1851) Metaspace: 35529K(36224K)->35529K(36224K) NonClass: 29256K(29760K)->29256K(29760K) Class: 6272K(6464K)->6272K(6464K)
[665.053s][info][gc             ] GC(1851) Pause Young (Allocation Failure) 876M->594M(899M) 1.917ms
[665.053s][info][gc,cpu         ] GC(1851) User=0.00s Sys=0.00s Real=0.00s
[665.191s][info][gc,start       ] GC(1852) Pause Young (Allocation Failure)
[665.193s][info][gc,heap        ] GC(1852) PSYoungGen: 292416K(311808K)->64K(311808K) Eden: 292352K(292352K)->0K(292352K) From: 64K(19456K)->64K(19456K)
[665.193s][info][gc,heap        ] GC(1852) ParOldGen: 609002K(609280K)->609010K(609280K)
[665.193s][info][gc,metaspace   ] GC(1852) Metaspace: 35529K(36224K)->35529K(36224K) NonClass: 29256K(29760K)->29256K(29760K) Class: 6272K(6464K)->6272K(6464K)
[665.193s][info][gc             ] GC(1852) Pause Young (Allocation Failure) 880M->594M(899M) 1.862ms
[665.193s][info][gc,cpu         ] GC(1852) User=0.00s Sys=0.00s Real=0.00s
[665.245s][info][gc,start       ] GC(1853) Pause Young (Allocation Failure)
[665.246s][info][gc,heap        ] GC(1853) PSYoungGen: 292416K(311808K)->64K(313344K) Eden: 292352K(292352K)->0K(295936K) From: 64K(19456K)->64K(17408K)
[665.246s][info][gc,heap        ] GC(1853) ParOldGen: 609010K(609280K)->609026K(609280K)
[665.246s][info][gc,metaspace   ] GC(1853) Metaspace: 35529K(36224K)->35529K(36224K) NonClass: 29256K(29760K)->29256K(29760K) Class: 6272K(6464K)->6272K(6464K)
[665.246s][info][gc             ] GC(1853) Pause Young (Allocation Failure) 880M->594M(901M) 1.703ms
[665.246s][info][gc,cpu         ] GC(1853) User=0.01s Sys=0.00s Real=0.00s
[665.373s][info][gc,start       ] GC(1854) Pause Young (Allocation Failure)
[665.375s][info][gc,heap        ] GC(1854) PSYoungGen: 296000K(313344K)->64K(313344K) Eden: 295936K(295936K)->0K(295936K) From: 64K(17408K)->64K(17408K)
[665.375s][info][gc,heap        ] GC(1854) ParOldGen: 609026K(609280K)->609026K(609280K)
[665.375s][info][gc,metaspace   ] GC(1854) Metaspace: 35529K(36224K)->35529K(36224K) NonClass: 29256K(29760K)->29256K(29760K) Class: 6272K(6464K)->6272K(6464K)
[665.375s][info][gc             ] GC(1854) Pause Young (Allocation Failure) 883M->594M(901M) 1.822ms
[665.375s][info][gc,cpu         ] GC(1854) User=0.00s Sys=0.00s Real=0.01s
[665.626s][info][gc,start       ] GC(1855) Pause Young (Allocation Failure)
[665.628s][info][gc,heap        ] GC(1855) PSYoungGen: 296000K(313344K)->64K(315392K) Eden: 295936K(295936K)->0K(300032K) From: 64K(17408K)->64K(15360K)
[665.628s][info][gc,heap        ] GC(1855) ParOldGen: 609026K(609280K)->609034K(609280K)
[665.628s][info][gc,metaspace   ] GC(1855) Metaspace: 35529K(36224K)->35529K(36224K) NonClass: 29256K(29760K)->29256K(29760K) Class: 6272K(6464K)->6272K(6464K)
[665.628s][info][gc             ] GC(1855) Pause Young (Allocation Failure) 883M->594M(903M) 1.844ms
[665.628s][info][gc,cpu         ] GC(1855) User=0.01s Sys=0.00s Real=0.00s
[665.801s][info][gc,start       ] GC(1856) Pause Young (Allocation Failure)
[665.803s][info][gc,heap        ] GC(1856) PSYoungGen: 300096K(315392K)->64K(315392K) Eden: 300032K(300032K)->0K(300032K) From: 64K(15360K)->64K(15360K)
[665.803s][info][gc,heap        ] GC(1856) ParOldGen: 609034K(609280K)->609042K(609280K)
[665.803s][info][gc,metaspace   ] GC(1856) Metaspace: 35529K(36224K)->35529K(36224K) NonClass: 29256K(29760K)->29256K(29760K) Class: 6272K(6464K)->6272K(6464K)
[665.803s][info][gc             ] GC(1856) Pause Young (Allocation Failure) 887M->594M(903M) 1.994ms
[665.803s][info][gc,cpu         ] GC(1856) User=0.00s Sys=0.00s Real=0.00s
[665.883s][info][gc,start       ] GC(1857) Pause Young (Allocation Failure)
[665.885s][info][gc,heap        ] GC(1857) PSYoungGen: 300096K(315392K)->64K(317952K) Eden: 300032K(300032K)->0K(303616K) From: 64K(15360K)->64K(14336K)
[665.885s][info][gc,heap        ] GC(1857) ParOldGen: 609042K(609280K)->609058K(609280K)
[665.885s][info][gc,metaspace   ] GC(1857) Metaspace: 35529K(36224K)->35529K(36224K) NonClass: 29256K(29760K)->29256K(29760K) Class: 6272K(6464K)->6272K(6464K)
[665.885s][info][gc             ] GC(1857) Pause Young (Allocation Failure) 887M->594M(905M) 1.750ms
[665.885s][info][gc,cpu         ] GC(1857) User=0.00s Sys=0.00s Real=0.01s
[666.048s][info][gc,start       ] GC(1858) Pause Young (Allocation Failure)
[666.050s][info][gc,heap        ] GC(1858) PSYoungGen: 303680K(317952K)->64K(317440K) Eden: 303616K(303616K)->0K(303616K) From: 64K(14336K)->64K(13824K)
[666.050s][info][gc,heap        ] GC(1858) ParOldGen: 609058K(609280K)->609058K(609280K)
[666.050s][info][gc,metaspace   ] GC(1858) Metaspace: 35529K(36224K)->35529K(36224K) NonClass: 29256K(29760K)->29256K(29760K) Class: 6272K(6464K)->6272K(6464K)
[666.050s][info][gc             ] GC(1858) Pause Young (Allocation Failure) 891M->594M(905M) 1.814ms
[666.050s][info][gc,cpu         ] GC(1858) User=0.00s Sys=0.00s Real=0.00s
[666.460s][info][gc,start       ] GC(1859) Pause Young (Allocation Failure)
[666.462s][info][gc,heap        ] GC(1859) PSYoungGen: 303680K(317440K)->64K(318976K) Eden: 303616K(303616K)->0K(306176K) From: 64K(13824K)->64K(12800K)
[666.462s][info][gc,heap        ] GC(1859) ParOldGen: 609058K(609280K)->609066K(609280K)
[666.462s][info][gc,metaspace   ] GC(1859) Metaspace: 35529K(36224K)->35529K(36224K) NonClass: 29256K(29760K)->29256K(29760K) Class: 6272K(6464K)->6272K(6464K)
[666.462s][info][gc             ] GC(1859) Pause Young (Allocation Failure) 891M->594M(906M) 1.890ms
[666.462s][info][gc,cpu         ] GC(1859) User=0.00s Sys=0.00s Real=0.00s
[667.886s][info][gc,start       ] GC(1860) Pause Young (Allocation Failure)
[667.888s][info][gc,heap        ] GC(1860) PSYoungGen: 306240K(318976K)->64K(318464K) Eden: 306176K(306176K)->0K(306176K) From: 64K(12800K)->64K(12288K)
[667.888s][info][gc,heap        ] GC(1860) ParOldGen: 609066K(609280K)->609074K(609280K)
[667.888s][info][gc,metaspace   ] GC(1860) Metaspace: 35529K(36224K)->35529K(36224K) NonClass: 29256K(29760K)->29256K(29760K) Class: 6272K(6464K)->6272K(6464K)
[667.888s][info][gc             ] GC(1860) Pause Young (Allocation Failure) 893M->594M(906M) 1.980ms
[667.888s][info][gc,cpu         ] GC(1860) User=0.01s Sys=0.00s Real=0.00s
[668.112s][info][gc,start       ] GC(1861) Pause Young (Allocation Failure)
[668.114s][info][gc,heap        ] GC(1861) PSYoungGen: 306240K(318464K)->64K(294400K) Eden: 306176K(306176K)->0K(293888K) From: 64K(12288K)->64K(512K)
[668.114s][info][gc,heap        ] GC(1861) ParOldGen: 609074K(609280K)->609082K(609280K)
[668.114s][info][gc,metaspace   ] GC(1861) Metaspace: 35529K(36224K)->35529K(36224K) NonClass: 29256K(29760K)->29256K(29760K) Class: 6272K(6464K)->6272K(6464K)
[668.114s][info][gc             ] GC(1861) Pause Young (Allocation Failure) 893M->594M(882M) 1.877ms
[668.114s][info][gc,cpu         ] GC(1861) User=0.00s Sys=0.00s Real=0.00s
[668.575s][info][gc,start       ] GC(1862) Pause Young (Allocation Failure)
[668.576s][info][gc,heap        ] GC(1862) PSYoungGen: 293952K(294400K)->64K(292864K) Eden: 293888K(293888K)->0K(282112K) From: 64K(512K)->64K(10752K)
[668.576s][info][gc,heap        ] GC(1862) ParOldGen: 609082K(609280K)->609090K(609280K)
[668.576s][info][gc,metaspace   ] GC(1862) Metaspace: 35529K(36224K)->35529K(36224K) NonClass: 29256K(29760K)->29256K(29760K) Class: 6272K(6464K)->6272K(6464K)
[668.576s][info][gc             ] GC(1862) Pause Young (Allocation Failure) 881M->594M(881M) 1.886ms
[668.576s][info][gc,cpu         ] GC(1862) User=0.00s Sys=0.00s Real=0.00s
[669.538s][info][gc,start       ] GC(1863) Pause Young (Allocation Failure)
[669.541s][info][gc,heap        ] GC(1863) PSYoungGen: 282176K(292864K)->64K(271360K) Eden: 282112K(282112K)->0K(270848K) From: 64K(10752K)->64K(512K)
[669.541s][info][gc,heap        ] GC(1863) ParOldGen: 609090K(609280K)->609098K(609280K)
[669.541s][info][gc,metaspace   ] GC(1863) Metaspace: 35529K(36224K)->35529K(36224K) NonClass: 29256K(29760K)->29256K(29760K) Class: 6272K(6464K)->6272K(6464K)
[669.541s][info][gc             ] GC(1863) Pause Young (Allocation Failure) 870M->594M(860M) 2.529ms
[669.541s][info][gc,cpu         ] GC(1863) User=0.00s Sys=0.00s Real=0.00s
[669.903s][info][gc,start       ] GC(1864) Pause Young (Allocation Failure)
[669.905s][info][gc,heap        ] GC(1864) PSYoungGen: 270912K(271360K)->64K(269312K) Eden: 270848K(270848K)->0K(260096K) From: 64K(512K)->64K(9216K)
[669.905s][info][gc,heap        ] GC(1864) ParOldGen: 609098K(609280K)->609106K(609280K)
[669.905s][info][gc,metaspace   ] GC(1864) Metaspace: 35529K(36224K)->35529K(36224K) NonClass: 29256K(29760K)->29256K(29760K) Class: 6272K(6464K)->6272K(6464K)
[669.905s][info][gc             ] GC(1864) Pause Young (Allocation Failure) 859M->594M(858M) 1.849ms
[669.905s][info][gc,cpu         ] GC(1864) User=0.01s Sys=0.00s Real=0.01s
[670.053s][info][gc,start       ] GC(1865) Pause Young (Allocation Failure)
[670.055s][info][gc,heap        ] GC(1865) PSYoungGen: 260160K(269312K)->64K(250368K) Eden: 260096K(260096K)->0K(249856K) From: 64K(9216K)->64K(512K)
[670.055s][info][gc,heap        ] GC(1865) ParOldGen: 609106K(609280K)->609114K(609280K)
[670.055s][info][gc,metaspace   ] GC(1865) Metaspace: 35529K(36224K)->35529K(36224K) NonClass: 29256K(29760K)->29256K(29760K) Class: 6272K(6464K)->6272K(6464K)
[670.055s][info][gc             ] GC(1865) Pause Young (Allocation Failure) 848M->594M(839M) 2.136ms
[670.055s][info][gc,cpu         ] GC(1865) User=0.00s Sys=0.00s Real=0.01s
[670.302s][info][gc,start       ] GC(1866) Pause Young (Allocation Failure)
[670.304s][info][gc,heap        ] GC(1866) PSYoungGen: 249920K(250368K)->64K(248320K) Eden: 249856K(249856K)->0K(240128K) From: 64K(512K)->64K(8192K)
[670.304s][info][gc,heap        ] GC(1866) ParOldGen: 609114K(609280K)->609122K(609280K)
[670.304s][info][gc,metaspace   ] GC(1866) Metaspace: 35529K(36224K)->35529K(36224K) NonClass: 29256K(29760K)->29256K(29760K) Class: 6272K(6464K)->6272K(6464K)
[670.304s][info][gc             ] GC(1866) Pause Young (Allocation Failure) 838M->594M(837M) 1.810ms
[670.304s][info][gc,cpu         ] GC(1866) User=0.00s Sys=0.00s Real=0.00s
[670.768s][info][gc,start       ] GC(1867) Pause Young (Allocation Failure)
[670.770s][info][gc,heap        ] GC(1867) PSYoungGen: 240192K(248320K)->64K(231424K) Eden: 240128K(240128K)->0K(230912K) From: 64K(8192K)->64K(512K)
[670.770s][info][gc,heap        ] GC(1867) ParOldGen: 609122K(609280K)->609130K(609280K)
[670.770s][info][gc,metaspace   ] GC(1867) Metaspace: 35529K(36224K)->35529K(36224K) NonClass: 29256K(29760K)->29256K(29760K) Class: 6272K(6464K)->6272K(6464K)
[670.770s][info][gc             ] GC(1867) Pause Young (Allocation Failure) 829M->594M(821M) 2.321ms
[670.770s][info][gc,cpu         ] GC(1867) User=0.00s Sys=0.00s Real=0.00s
[671.028s][info][gc,start       ] GC(1868) Pause Young (Allocation Failure)
[671.030s][info][gc,heap        ] GC(1868) PSYoungGen: 230976K(231424K)->64K(228864K) Eden: 230912K(230912K)->0K(222208K) From: 64K(512K)->64K(6656K)
[671.030s][info][gc,heap        ] GC(1868) ParOldGen: 609130K(609280K)->609138K(609280K)
[671.030s][info][gc,metaspace   ] GC(1868) Metaspace: 35529K(36224K)->35529K(36224K) NonClass: 29256K(29760K)->29256K(29760K) Class: 6272K(6464K)->6272K(6464K)
[671.030s][info][gc             ] GC(1868) Pause Young (Allocation Failure) 820M->594M(818M) 1.823ms
[671.030s][info][gc,cpu         ] GC(1868) User=0.00s Sys=0.00s Real=0.00s
[671.280s][info][gc,start       ] GC(1869) Pause Young (Allocation Failure)
[671.323s][info][gc,heap        ] GC(1869) PSYoungGen: 222272K(228864K)->6656K(272896K) Eden: 222208K(222208K)->0K(266240K) From: 64K(6656K)->6656K(6656K)
[671.323s][info][gc,heap        ] GC(1869) ParOldGen: 609138K(609280K)->624450K(624640K)
[671.323s][info][gc,metaspace   ] GC(1869) Metaspace: 35529K(36224K)->35529K(36224K) NonClass: 29256K(29760K)->29256K(29760K) Class: 6272K(6464K)->6272K(6464K)
[671.323s][info][gc             ] GC(1869) Pause Young (Allocation Failure) 811M->616M(876M) 42.607ms
[671.323s][info][gc,cpu         ] GC(1869) User=0.08s Sys=0.01s Real=0.04s
[671.605s][info][gc,start       ] GC(1870) Pause Young (Allocation Failure)
[671.662s][info][gc,heap        ] GC(1870) PSYoungGen: 272896K(272896K)->13824K(282624K) Eden: 266240K(266240K)->0K(268800K) From: 6656K(6656K)->13824K(13824K)
[671.662s][info][gc,heap        ] GC(1870) ParOldGen: 624450K(624640K)->639378K(639488K)
[671.662s][info][gc,metaspace   ] GC(1870) Metaspace: 35529K(36224K)->35529K(36224K) NonClass: 29256K(29760K)->29256K(29760K) Class: 6272K(6464K)->6272K(6464K)
[671.662s][info][gc             ] GC(1870) Pause Young (Allocation Failure) 876M->637M(900M) 57.207ms
[671.662s][info][gc,cpu         ] GC(1870) User=0.10s Sys=0.01s Real=0.05s
[671.873s][info][gc,start       ] GC(1871) Pause Young (Allocation Failure)
[671.915s][info][gc,heap        ] GC(1871) PSYoungGen: 282624K(282624K)->18816K(305152K) Eden: 268800K(268800K)->0K(282624K) From: 13824K(13824K)->18816K(22528K)
[671.915s][info][gc,heap        ] GC(1871) ParOldGen: 639378K(639488K)->639922K(640000K)
[671.915s][info][gc,metaspace   ] GC(1871) Metaspace: 35529K(36224K)->35529K(36224K) NonClass: 29256K(29760K)->29256K(29760K) Class: 6272K(6464K)->6272K(6464K)
[671.915s][info][gc             ] GC(1871) Pause Young (Allocation Failure) 900M->643M(923M) 41.850ms
[671.915s][info][gc,cpu         ] GC(1871) User=0.08s Sys=0.01s Real=0.05s
[672.096s][info][gc,start       ] GC(1872) Pause Young (Allocation Failure)
[672.098s][info][gc,heap        ] GC(1872) PSYoungGen: 301440K(305152K)->64K(308224K) Eden: 282624K(282624K)->0K(282624K) From: 18816K(22528K)->64K(25600K)
[672.098s][info][gc,heap        ] GC(1872) ParOldGen: 639922K(640000K)->639930K(640000K)
[672.098s][info][gc,metaspace   ] GC(1872) Metaspace: 35529K(36224K)->35529K(36224K) NonClass: 29256K(29760K)->29256K(29760K) Class: 6272K(6464K)->6272K(6464K)
[672.098s][info][gc             ] GC(1872) Pause Young (Allocation Failure) 919M->624M(926M) 2.062ms
[672.098s][info][gc,cpu         ] GC(1872) User=0.00s Sys=0.00s Real=0.00s
[672.774s][info][gc,start       ] GC(1873) Pause Young (Allocation Failure)
[672.776s][info][gc,heap        ] GC(1873) PSYoungGen: 282688K(308224K)->64K(305664K) Eden: 282624K(282624K)->0K(283136K) From: 64K(25600K)->64K(22528K)
[672.777s][info][gc,heap        ] GC(1873) ParOldGen: 639930K(640000K)->639946K(640000K)
[672.777s][info][gc,metaspace   ] GC(1873) Metaspace: 35529K(36224K)->35529K(36224K) NonClass: 29256K(29760K)->29256K(29760K) Class: 6272K(6464K)->6272K(6464K)
[672.777s][info][gc             ] GC(1873) Pause Young (Allocation Failure) 900M->625M(923M) 2.047ms
[672.777s][info][gc,cpu         ] GC(1873) User=0.01s Sys=0.00s Real=0.00s
[673.044s][info][gc,start       ] GC(1874) Pause Young (Allocation Failure)
[673.046s][info][gc,heap        ] GC(1874) PSYoungGen: 283200K(305664K)->64K(307200K) Eden: 283136K(283136K)->0K(283136K) From: 64K(22528K)->64K(24064K)
[673.046s][info][gc,heap        ] GC(1874) ParOldGen: 639946K(640000K)->639946K(640000K)
[673.046s][info][gc,metaspace   ] GC(1874) Metaspace: 35529K(36224K)->35529K(36224K) NonClass: 29256K(29760K)->29256K(29760K) Class: 6272K(6464K)->6272K(6464K)
[673.046s][info][gc             ] GC(1874) Pause Young (Allocation Failure) 901M->625M(925M) 1.957ms
[673.046s][info][gc,cpu         ] GC(1874) User=0.01s Sys=0.00s Real=0.01s
[673.438s][info][gc,start       ] GC(1875) Pause Young (Allocation Failure)
[673.440s][info][gc,heap        ] GC(1875) PSYoungGen: 283200K(307200K)->64K(307200K) Eden: 283136K(283136K)->0K(286720K) From: 64K(24064K)->64K(20480K)
[673.440s][info][gc,heap        ] GC(1875) ParOldGen: 639946K(640000K)->639962K(640000K)
[673.440s][info][gc,metaspace   ] GC(1875) Metaspace: 35529K(36224K)->35529K(36224K) NonClass: 29256K(29760K)->29256K(29760K) Class: 6272K(6464K)->6272K(6464K)
[673.440s][info][gc             ] GC(1875) Pause Young (Allocation Failure) 901M->625M(925M) 1.949ms
[673.440s][info][gc,cpu         ] GC(1875) User=0.00s Sys=0.00s Real=0.00s
[673.629s][info][gc,start       ] GC(1876) Pause Young (Allocation Failure)
[673.631s][info][gc,heap        ] GC(1876) PSYoungGen: 286784K(307200K)->64K(308736K) Eden: 286720K(286720K)->0K(286720K) From: 64K(20480K)->64K(22016K)
[673.631s][info][gc,heap        ] GC(1876) ParOldGen: 639962K(640000K)->639978K(640000K)
[673.631s][info][gc,metaspace   ] GC(1876) Metaspace: 35529K(36224K)->35529K(36224K) NonClass: 29256K(29760K)->29256K(29760K) Class: 6272K(6464K)->6272K(6464K)
[673.631s][info][gc             ] GC(1876) Pause Young (Allocation Failure) 905M->625M(926M) 1.954ms
[673.631s][info][gc,cpu         ] GC(1876) User=0.00s Sys=0.00s Real=0.00s
[673.820s][info][gc,start       ] GC(1877) Pause Young (Allocation Failure)
[673.822s][info][gc,heap        ] GC(1877) PSYoungGen: 286784K(308736K)->64K(309248K) Eden: 286720K(286720K)->0K(290816K) From: 64K(22016K)->64K(18432K)
[673.822s][info][gc,heap        ] GC(1877) ParOldGen: 639978K(640000K)->639978K(640000K)
[673.822s][info][gc,metaspace   ] GC(1877) Metaspace: 35529K(36224K)->35529K(36224K) NonClass: 29256K(29760K)->29256K(29760K) Class: 6272K(6464K)->6272K(6464K)
[673.822s][info][gc             ] GC(1877) Pause Young (Allocation Failure) 905M->625M(927M) 1.933ms
[673.822s][info][gc,cpu         ] GC(1877) User=0.00s Sys=0.00s Real=0.00s
[674.111s][info][gc,start       ] GC(1878) Pause Young (Allocation Failure)
[674.113s][info][gc,heap        ] GC(1878) PSYoungGen: 290880K(309248K)->64K(310784K) Eden: 290816K(290816K)->0K(290816K) From: 64K(18432K)->64K(19968K)
[674.113s][info][gc,heap        ] GC(1878) ParOldGen: 639978K(640000K)->639978K(640000K)
[674.113s][info][gc,metaspace   ] GC(1878) Metaspace: 35529K(36224K)->35529K(36224K) NonClass: 29256K(29760K)->29256K(29760K) Class: 6272K(6464K)->6272K(6464K)
[674.113s][info][gc             ] GC(1878) Pause Young (Allocation Failure) 909M->625M(928M) 1.916ms
[674.113s][info][gc,cpu         ] GC(1878) User=0.00s Sys=0.00s Real=0.00s
[674.166s][info][gc,start       ] GC(1879) Pause Young (Allocation Failure)
[674.168s][info][gc,heap        ] GC(1879) PSYoungGen: 290880K(310784K)->32K(311296K) Eden: 290816K(290816K)->0K(294912K) From: 64K(19968K)->32K(16384K)
[674.168s][info][gc,heap        ] GC(1879) ParOldGen: 639978K(640000K)->639994K(640000K)
[674.168s][info][gc,metaspace   ] GC(1879) Metaspace: 35529K(36224K)->35529K(36224K) NonClass: 29256K(29760K)->29256K(29760K) Class: 6272K(6464K)->6272K(6464K)
[674.168s][info][gc             ] GC(1879) Pause Young (Allocation Failure) 909M->625M(929M) 1.839ms
[674.168s][info][gc,cpu         ] GC(1879) User=0.00s Sys=0.00s Real=0.00s
[674.237s][info][gc,start       ] GC(1880) Pause Young (Allocation Failure)
[674.238s][info][gc,heap        ] GC(1880) PSYoungGen: 294944K(311296K)->64K(312832K) Eden: 294912K(294912K)->0K(294912K) From: 32K(16384K)->64K(17920K)
[674.238s][info][gc,heap        ] GC(1880) ParOldGen: 639994K(640000K)->639994K(640000K)
[674.238s][info][gc,metaspace   ] GC(1880) Metaspace: 35529K(36224K)->35529K(36224K) NonClass: 29256K(29760K)->29256K(29760K) Class: 6272K(6464K)->6272K(6464K)
[674.238s][info][gc             ] GC(1880) Pause Young (Allocation Failure) 913M->625M(930M) 1.858ms
[674.238s][info][gc,cpu         ] GC(1880) User=0.00s Sys=0.00s Real=0.00s
[674.490s][info][gc,start       ] GC(1881) Pause Young (Allocation Failure)
[674.492s][info][gc,heap        ] GC(1881) PSYoungGen: 294976K(312832K)->32K(313344K) Eden: 294912K(294912K)->0K(299008K) From: 64K(17920K)->32K(14336K)
[674.492s][info][gc,heap        ] GC(1881) ParOldGen: 639994K(640000K)->640010K(640512K)
[674.492s][info][gc,metaspace   ] GC(1881) Metaspace: 35529K(36224K)->35529K(36224K) NonClass: 29256K(29760K)->29256K(29760K) Class: 6272K(6464K)->6272K(6464K)
[674.492s][info][gc             ] GC(1881) Pause Young (Allocation Failure) 913M->625M(931M) 2.008ms
[674.492s][info][gc,cpu         ] GC(1881) User=0.00s Sys=0.00s Real=0.00s
[674.710s][info][gc,start       ] GC(1882) Pause Young (Allocation Failure)
[674.711s][info][gc,heap        ] GC(1882) PSYoungGen: 299040K(313344K)->64K(314880K) Eden: 299008K(299008K)->0K(299008K) From: 32K(14336K)->64K(15872K)
[674.712s][info][gc,heap        ] GC(1882) ParOldGen: 640010K(640512K)->640010K(640512K)
[674.712s][info][gc,metaspace   ] GC(1882) Metaspace: 35529K(36224K)->35529K(36224K) NonClass: 29256K(29760K)->29256K(29760K) Class: 6272K(6464K)->6272K(6464K)
[674.712s][info][gc             ] GC(1882) Pause Young (Allocation Failure) 917M->625M(933M) 1.938ms
[674.712s][info][gc,cpu         ] GC(1882) User=0.00s Sys=0.00s Real=0.00s
[674.795s][info][gc,start       ] GC(1883) Pause Young (Allocation Failure)
[674.797s][info][gc,heap        ] GC(1883) PSYoungGen: 299072K(314880K)->64K(315392K) Eden: 299008K(299008K)->0K(302592K) From: 64K(15872K)->64K(12800K)
[674.797s][info][gc,heap        ] GC(1883) ParOldGen: 640010K(640512K)->640018K(640512K)
[674.797s][info][gc,metaspace   ] GC(1883) Metaspace: 35529K(36224K)->35529K(36224K) NonClass: 29256K(29760K)->29256K(29760K) Class: 6272K(6464K)->6272K(6464K)
[674.797s][info][gc             ] GC(1883) Pause Young (Allocation Failure) 917M->625M(933M) 1.928ms
[674.797s][info][gc,cpu         ] GC(1883) User=0.01s Sys=0.00s Real=0.00s
[674.931s][info][gc,start       ] GC(1884) Pause Young (Allocation Failure)
[674.933s][info][gc,heap        ] GC(1884) PSYoungGen: 302656K(315392K)->64K(316928K) Eden: 302592K(302592K)->0K(302592K) From: 64K(12800K)->64K(14336K)
[674.933s][info][gc,heap        ] GC(1884) ParOldGen: 640018K(640512K)->640026K(640512K)
[674.933s][info][gc,metaspace   ] GC(1884) Metaspace: 35529K(36224K)->35529K(36224K) NonClass: 29256K(29760K)->29256K(29760K) Class: 6272K(6464K)->6272K(6464K)
[674.933s][info][gc             ] GC(1884) Pause Young (Allocation Failure) 920M->625M(935M) 2.021ms
[674.933s][info][gc,cpu         ] GC(1884) User=0.00s Sys=0.00s Real=0.00s
[675.304s][info][gc,start       ] GC(1885) Pause Young (Allocation Failure)
[675.306s][info][gc,heap        ] GC(1885) PSYoungGen: 302656K(316928K)->64K(316928K) Eden: 302592K(302592K)->0K(306176K) From: 64K(14336K)->64K(10752K)
[675.306s][info][gc,heap        ] GC(1885) ParOldGen: 640026K(640512K)->640034K(640512K)
[675.306s][info][gc,metaspace   ] GC(1885) Metaspace: 35529K(36224K)->35529K(36224K) NonClass: 29256K(29760K)->29256K(29760K) Class: 6272K(6464K)->6272K(6464K)
[675.306s][info][gc             ] GC(1885) Pause Young (Allocation Failure) 920M->625M(935M) 2.029ms
[675.306s][info][gc,cpu         ] GC(1885) User=0.00s Sys=0.00s Real=0.01s
[676.069s][info][gc,start       ] GC(1886) Pause Young (Allocation Failure)
[676.071s][info][gc,heap        ] GC(1886) PSYoungGen: 306240K(316928K)->64K(318464K) Eden: 306176K(306176K)->0K(306176K) From: 64K(10752K)->64K(12288K)
[676.071s][info][gc,heap        ] GC(1886) ParOldGen: 640034K(640512K)->640042K(640512K)
[676.071s][info][gc,metaspace   ] GC(1886) Metaspace: 35529K(36224K)->35529K(36224K) NonClass: 29256K(29760K)->29256K(29760K) Class: 6272K(6464K)->6272K(6464K)
[676.071s][info][gc             ] GC(1886) Pause Young (Allocation Failure) 924M->625M(936M) 1.965ms
[676.071s][info][gc,cpu         ] GC(1886) User=0.01s Sys=0.00s Real=0.00s
[677.023s][info][gc,start       ] GC(1887) Pause Young (Allocation Failure)
[677.026s][info][gc,heap        ] GC(1887) PSYoungGen: 306240K(318464K)->64K(294400K) Eden: 306176K(306176K)->0K(293888K) From: 64K(12288K)->64K(512K)
[677.026s][info][gc,heap        ] GC(1887) ParOldGen: 640042K(640512K)->640050K(640512K)
[677.026s][info][gc,metaspace   ] GC(1887) Metaspace: 35529K(36224K)->35529K(36224K) NonClass: 29256K(29760K)->29256K(29760K) Class: 6272K(6464K)->6272K(6464K)
[677.026s][info][gc             ] GC(1887) Pause Young (Allocation Failure) 924M->625M(913M) 3.242ms
[677.026s][info][gc,cpu         ] GC(1887) User=0.01s Sys=0.00s Real=0.01s
[677.489s][info][gc,start       ] GC(1888) Pause Young (Allocation Failure)
[677.492s][info][gc,heap        ] GC(1888) PSYoungGen: 293952K(294400K)->64K(292864K) Eden: 293888K(293888K)->0K(282112K) From: 64K(512K)->64K(10752K)
[677.492s][info][gc,heap        ] GC(1888) ParOldGen: 640050K(640512K)->640058K(640512K)
[677.492s][info][gc,metaspace   ] GC(1888) Metaspace: 35529K(36224K)->35529K(36224K) NonClass: 29256K(29760K)->29256K(29760K) Class: 6272K(6464K)->6272K(6464K)
[677.492s][info][gc             ] GC(1888) Pause Young (Allocation Failure) 912M->625M(911M) 2.844ms
[677.492s][info][gc,cpu         ] GC(1888) User=0.00s Sys=0.00s Real=0.00s
[678.454s][info][gc,start       ] GC(1889) Pause Young (Allocation Failure)
[678.456s][info][gc,heap        ] GC(1889) PSYoungGen: 282176K(292864K)->64K(271360K) Eden: 282112K(282112K)->0K(270848K) From: 64K(10752K)->64K(512K)
[678.456s][info][gc,heap        ] GC(1889) ParOldGen: 640058K(640512K)->640066K(640512K)
[678.456s][info][gc,metaspace   ] GC(1889) Metaspace: 35529K(36224K)->35529K(36224K) NonClass: 29256K(29760K)->29256K(29760K) Class: 6272K(6464K)->6272K(6464K)
[678.456s][info][gc             ] GC(1889) Pause Young (Allocation Failure) 900M->625M(890M) 2.681ms
[678.457s][info][gc,cpu         ] GC(1889) User=0.00s Sys=0.00s Real=0.01s
[678.844s][info][gc,start       ] GC(1890) Pause Young (Allocation Failure)
[678.846s][info][gc,heap        ] GC(1890) PSYoungGen: 270912K(271360K)->64K(269824K) Eden: 270848K(270848K)->0K(260096K) From: 64K(512K)->64K(9728K)
[678.846s][info][gc,heap        ] GC(1890) ParOldGen: 640066K(640512K)->640074K(640512K)
[678.846s][info][gc,metaspace   ] GC(1890) Metaspace: 35529K(36224K)->35529K(36224K) NonClass: 29256K(29760K)->29256K(29760K) Class: 6272K(6464K)->6272K(6464K)
[678.846s][info][gc             ] GC(1890) Pause Young (Allocation Failure) 889M->625M(889M) 1.974ms
[678.846s][info][gc,cpu         ] GC(1890) User=0.00s Sys=0.00s Real=0.01s
[679.032s][info][gc,start       ] GC(1891) Pause Young (Allocation Failure)
[679.034s][info][gc,heap        ] GC(1891) PSYoungGen: 260160K(269824K)->64K(250368K) Eden: 260096K(260096K)->0K(249856K) From: 64K(9728K)->64K(512K)
[679.034s][info][gc,heap        ] GC(1891) ParOldGen: 640074K(640512K)->640082K(640512K)
[679.034s][info][gc,metaspace   ] GC(1891) Metaspace: 35529K(36224K)->35529K(36224K) NonClass: 29256K(29760K)->29256K(29760K) Class: 6272K(6464K)->6272K(6464K)
[679.034s][info][gc             ] GC(1891) Pause Young (Allocation Failure) 879M->625M(870M) 2.073ms
[679.034s][info][gc,cpu         ] GC(1891) User=0.00s Sys=0.00s Real=0.00s
[679.121s][info][gc,start       ] GC(1892) Pause Young (Allocation Failure)
[679.122s][info][gc,heap        ] GC(1892) PSYoungGen: 249920K(250368K)->64K(296448K) Eden: 249856K(249856K)->0K(288256K) From: 64K(512K)->64K(8192K)
[679.122s][info][gc,heap        ] GC(1892) ParOldGen: 640082K(640512K)->640090K(640512K)
[679.122s][info][gc,metaspace   ] GC(1892) Metaspace: 35529K(36224K)->35529K(36224K) NonClass: 29256K(29760K)->29256K(29760K) Class: 6272K(6464K)->6272K(6464K)
[679.122s][info][gc             ] GC(1892) Pause Young (Allocation Failure) 869M->625M(915M) 1.872ms
[679.122s][info][gc,cpu         ] GC(1892) User=0.00s Sys=0.00s Real=0.00s
[679.758s][info][gc,start       ] GC(1893) Pause Young (Allocation Failure)
[679.760s][info][gc,heap        ] GC(1893) PSYoungGen: 288320K(296448K)->64K(277504K) Eden: 288256K(288256K)->0K(276992K) From: 64K(8192K)->64K(512K)
[679.760s][info][gc,heap        ] GC(1893) ParOldGen: 640090K(640512K)->640098K(640512K)
[679.760s][info][gc,metaspace   ] GC(1893) Metaspace: 35529K(36224K)->35529K(36224K) NonClass: 29256K(29760K)->29256K(29760K) Class: 6272K(6464K)->6272K(6464K)
[679.760s][info][gc             ] GC(1893) Pause Young (Allocation Failure) 906M->625M(896M) 2.008ms
[679.760s][info][gc,cpu         ] GC(1893) User=0.01s Sys=0.00s Real=0.00s
[680.041s][info][gc,start       ] GC(1894) Pause Young (Allocation Failure)
[680.043s][info][gc,heap        ] GC(1894) PSYoungGen: 277056K(277504K)->64K(273408K) Eden: 276992K(276992K)->0K(266240K) From: 64K(512K)->64K(7168K)
[680.043s][info][gc,heap        ] GC(1894) ParOldGen: 640098K(640512K)->640106K(640512K)
[680.043s][info][gc,metaspace   ] GC(1894) Metaspace: 35529K(36224K)->35529K(36224K) NonClass: 29256K(29760K)->29256K(29760K) Class: 6272K(6464K)->6272K(6464K)
[680.043s][info][gc             ] GC(1894) Pause Young (Allocation Failure) 895M->625M(892M) 2.027ms
[680.043s][info][gc,cpu         ] GC(1894) User=0.00s Sys=0.00s Real=0.00s
[680.337s][info][gc,start       ] GC(1895) Pause Young (Allocation Failure)
[680.394s][info][gc,heap        ] GC(1895) PSYoungGen: 266304K(273408K)->6656K(289280K) Eden: 266240K(266240K)->0K(282624K) From: 64K(7168K)->6656K(6656K)
[680.394s][info][gc,heap        ] GC(1895) ParOldGen: 640106K(640512K)->660618K(660992K)
[680.394s][info][gc,metaspace   ] GC(1895) Metaspace: 35529K(36224K)->35529K(36224K) NonClass: 29256K(29760K)->29256K(29760K) Class: 6272K(6464K)->6272K(6464K)
[680.394s][info][gc             ] GC(1895) Pause Young (Allocation Failure) 885M->651M(928M) 56.450ms
[680.394s][info][gc,cpu         ] GC(1895) User=0.10s Sys=0.01s Real=0.05s
[680.698s][info][gc,start       ] GC(1896) Pause Full (Allocation Failure)
[680.698s][info][gc,phases,start] GC(1896) Marking Phase
[680.788s][info][gc,phases      ] GC(1896) Marking Phase 89.061ms
[680.788s][info][gc,phases,start] GC(1896) Summary Phase
[680.788s][info][gc,phases      ] GC(1896) Summary Phase 0.037ms
[680.788s][info][gc,phases,start] GC(1896) Forward
[680.816s][info][gc,phases      ] GC(1896) Forward 28.244ms
[680.816s][info][gc,phases,start] GC(1896) Adjust Pointers
[680.866s][info][gc,phases      ] GC(1896) Adjust Pointers 50.149ms
[680.866s][info][gc,phases,start] GC(1896) Compaction Phase
[680.897s][info][gc,phases      ] GC(1896) Compaction Phase 30.414ms
[680.897s][info][gc,phases,start] GC(1896) Post Compact
[680.899s][info][metaspace      ] ChkMgr @0x00007f1f7803aa80 (non-class-space): : reclaiming memory...
[680.899s][info][metaspace      ] ChkMgr @0x00007f1f7803aa80 (non-class-space): nothing reclaimed.
[680.899s][info][metaspace      ] ChkMgr @0x00007f1f7803a890 (class-space): : reclaiming memory...
[680.899s][info][metaspace      ] ChkMgr @0x00007f1f7803a890 (class-space): nothing reclaimed.
[680.899s][info][gc,phases      ] GC(1896) Post Compact 2.805ms
[680.938s][info][gc,heap        ] GC(1896) PSYoungGen: 289280K(289280K)->0K(298496K) Eden: 282624K(282624K)->0K(282624K) From: 6656K(6656K)->0K(15872K)
[680.938s][info][gc,heap        ] GC(1896) ParOldGen: 660618K(660992K)->87483K(175104K)
[680.938s][info][gc,metaspace   ] GC(1896) Metaspace: 35529K(36224K)->35487K(36224K) NonClass: 29256K(29760K)->29216K(29760K) Class: 6272K(6464K)->6271K(6464K)
[680.938s][info][gc             ] GC(1896) Pause Full (Allocation Failure) 927M->85M(462M) 239.611ms
[680.938s][info][gc,cpu         ] GC(1896) User=0.36s Sys=0.04s Real=0.24s
[681.104s][info][gc,start       ] GC(1897) Pause Young (Allocation Failure)
[681.138s][info][gc,heap        ] GC(1897) PSYoungGen: 282624K(298496K)->11872K(313856K) Eden: 282624K(282624K)->0K(297984K) From: 0K(15872K)->11872K(15872K)
[681.138s][info][gc,heap        ] GC(1897) ParOldGen: 87483K(175104K)->87483K(175104K)
[681.138s][info][gc,metaspace   ] GC(1897) Metaspace: 35487K(36224K)->35487K(36224K) NonClass: 29216K(29760K)->29216K(29760K) Class: 6271K(6464K)->6271K(6464K)
[681.138s][info][gc             ] GC(1897) Pause Young (Allocation Failure) 361M->97M(477M) 34.367ms
[681.138s][info][gc,cpu         ] GC(1897) User=0.06s Sys=0.01s Real=0.04s
[681.531s][info][gc,start       ] GC(1898) Pause Young (Allocation Failure)
[681.531s][info][gc,heap        ] GC(1898) PSYoungGen: 309856K(313856K)->64K(315904K) Eden: 297984K(297984K)->0K(297984K) From: 11872K(15872K)->64K(17920K)
[681.531s][info][gc,heap        ] GC(1898) ParOldGen: 87483K(175104K)->87491K(175104K)
[681.531s][info][gc,metaspace   ] GC(1898) Metaspace: 35487K(36224K)->35487K(36224K) NonClass: 29216K(29760K)->29216K(29760K) Class: 6271K(6464K)->6271K(6464K)
[681.531s][info][gc             ] GC(1898) Pause Young (Allocation Failure) 388M->85M(479M) 0.745ms
[681.531s][info][gc,cpu         ] GC(1898) User=0.00s Sys=0.00s Real=0.00s
[682.128s][info][gc,start       ] GC(1899) Pause Young (Allocation Failure)
[682.129s][info][gc,heap        ] GC(1899) PSYoungGen: 298048K(315904K)->64K(313344K) Eden: 297984K(297984K)->0K(298496K) From: 64K(17920K)->64K(14848K)
[682.129s][info][gc,heap        ] GC(1899) ParOldGen: 87491K(175104K)->87499K(175104K)
[682.129s][info][gc,metaspace   ] GC(1899) Metaspace: 35487K(36224K)->35487K(36224K) NonClass: 29216K(29760K)->29216K(29760K) Class: 6271K(6464K)->6271K(6464K)
[682.129s][info][gc             ] GC(1899) Pause Young (Allocation Failure) 376M->85M(477M) 0.781ms
[682.129s][info][gc,cpu         ] GC(1899) User=0.00s Sys=0.00s Real=0.00s
[682.549s][info][gc,start       ] GC(1900) Pause Young (Allocation Failure)
[682.549s][info][gc,heap        ] GC(1900) PSYoungGen: 298560K(313344K)->64K(314880K) Eden: 298496K(298496K)->0K(298496K) From: 64K(14848K)->64K(16384K)
[682.549s][info][gc,heap        ] GC(1900) ParOldGen: 87499K(175104K)->87515K(175104K)
[682.549s][info][gc,metaspace   ] GC(1900) Metaspace: 35487K(36224K)->35487K(36224K) NonClass: 29216K(29760K)->29216K(29760K) Class: 6271K(6464K)->6271K(6464K)
[682.549s][info][gc             ] GC(1900) Pause Young (Allocation Failure) 377M->85M(478M) 0.811ms
[682.549s][info][gc,cpu         ] GC(1900) User=0.00s Sys=0.00s Real=0.00s
[682.749s][info][gc,start       ] GC(1901) Pause Young (Allocation Failure)
[682.750s][info][gc,heap        ] GC(1901) PSYoungGen: 298560K(314880K)->64K(314880K) Eden: 298496K(298496K)->0K(301568K) From: 64K(16384K)->64K(13312K)
[682.750s][info][gc,heap        ] GC(1901) ParOldGen: 87515K(175104K)->87531K(175104K)
[682.750s][info][gc,metaspace   ] GC(1901) Metaspace: 35487K(36224K)->35487K(36224K) NonClass: 29216K(29760K)->29216K(29760K) Class: 6271K(6464K)->6271K(6464K)
[682.750s][info][gc             ] GC(1901) Pause Young (Allocation Failure) 377M->85M(478M) 0.772ms
[682.750s][info][gc,cpu         ] GC(1901) User=0.00s Sys=0.00s Real=0.00s
[682.949s][info][gc,start       ] GC(1902) Pause Young (Allocation Failure)
[682.950s][info][gc,heap        ] GC(1902) PSYoungGen: 301632K(314880K)->64K(316416K) Eden: 301568K(301568K)->0K(301568K) From: 64K(13312K)->64K(14848K)
[682.950s][info][gc,heap        ] GC(1902) ParOldGen: 87531K(175104K)->87531K(175104K)
[682.950s][info][gc,metaspace   ] GC(1902) Metaspace: 35487K(36224K)->35487K(36224K) NonClass: 29216K(29760K)->29216K(29760K) Class: 6271K(6464K)->6271K(6464K)
[682.950s][info][gc             ] GC(1902) Pause Young (Allocation Failure) 380M->85M(480M) 0.755ms
[682.950s][info][gc,cpu         ] GC(1902) User=0.00s Sys=0.00s Real=0.00s
[683.296s][info][gc,start       ] GC(1903) Pause Young (Allocation Failure)
[683.297s][info][gc,heap        ] GC(1903) PSYoungGen: 301632K(316416K)->64K(316416K) Eden: 301568K(301568K)->0K(304640K) From: 64K(14848K)->64K(11776K)
[683.297s][info][gc,heap        ] GC(1903) ParOldGen: 87531K(175104K)->87531K(175104K)
[683.297s][info][gc,metaspace   ] GC(1903) Metaspace: 35487K(36224K)->35487K(36224K) NonClass: 29216K(29760K)->29216K(29760K) Class: 6271K(6464K)->6271K(6464K)
[683.297s][info][gc             ] GC(1903) Pause Young (Allocation Failure) 380M->85M(480M) 0.770ms
[683.297s][info][gc,cpu         ] GC(1903) User=0.00s Sys=0.00s Real=0.00s
[683.368s][info][gc,start       ] GC(1904) Pause Young (Allocation Failure)
[683.369s][info][gc,heap        ] GC(1904) PSYoungGen: 304704K(316416K)->64K(317952K) Eden: 304640K(304640K)->0K(304640K) From: 64K(11776K)->64K(13312K)
[683.369s][info][gc,heap        ] GC(1904) ParOldGen: 87531K(175104K)->87539K(175104K)
[683.369s][info][gc,metaspace   ] GC(1904) Metaspace: 35487K(36224K)->35487K(36224K) NonClass: 29216K(29760K)->29216K(29760K) Class: 6271K(6464K)->6271K(6464K)
[683.369s][info][gc             ] GC(1904) Pause Young (Allocation Failure) 383M->85M(481M) 0.695ms
[683.369s][info][gc,cpu         ] GC(1904) User=0.00s Sys=0.00s Real=0.00s
[683.424s][info][gc,start       ] GC(1905) Pause Young (Allocation Failure)
[683.425s][info][gc,heap        ] GC(1905) PSYoungGen: 304704K(317952K)->64K(318976K) Eden: 304640K(304640K)->0K(307712K) From: 64K(13312K)->64K(11264K)
[683.425s][info][gc,heap        ] GC(1905) ParOldGen: 87539K(175104K)->87555K(175104K)
[683.425s][info][gc,metaspace   ] GC(1905) Metaspace: 35487K(36224K)->35487K(36224K) NonClass: 29216K(29760K)->29216K(29760K) Class: 6271K(6464K)->6271K(6464K)
[683.425s][info][gc             ] GC(1905) Pause Young (Allocation Failure) 383M->85M(482M) 0.653ms
[683.425s][info][gc,cpu         ] GC(1905) User=0.00s Sys=0.00s Real=0.01s
[683.641s][info][gc,start       ] GC(1906) Pause Young (Allocation Failure)
[683.642s][info][gc,heap        ] GC(1906) PSYoungGen: 307776K(318976K)->64K(295936K) Eden: 307712K(307712K)->0K(295424K) From: 64K(11264K)->64K(512K)
[683.642s][info][gc,heap        ] GC(1906) ParOldGen: 87555K(175104K)->87555K(175104K)
[683.642s][info][gc,metaspace   ] GC(1906) Metaspace: 35487K(36224K)->35487K(36224K) NonClass: 29216K(29760K)->29216K(29760K) Class: 6271K(6464K)->6271K(6464K)
[683.642s][info][gc             ] GC(1906) Pause Young (Allocation Failure) 386M->85M(460M) 1.277ms
[683.642s][info][gc,cpu         ] GC(1906) User=0.00s Sys=0.00s Real=0.00s
[683.871s][info][gc,start       ] GC(1907) Pause Young (Allocation Failure)
[683.872s][info][gc,heap        ] GC(1907) PSYoungGen: 295488K(295936K)->64K(284160K) Eden: 295424K(295424K)->0K(283648K) From: 64K(512K)->64K(512K)
[683.872s][info][gc,heap        ] GC(1907) ParOldGen: 87555K(175104K)->87563K(175104K)
[683.872s][info][gc,metaspace   ] GC(1907) Metaspace: 35487K(36224K)->35487K(36224K) NonClass: 29216K(29760K)->29216K(29760K) Class: 6271K(6464K)->6271K(6464K)
[683.872s][info][gc             ] GC(1907) Pause Young (Allocation Failure) 374M->85M(448M) 0.979ms
[683.872s][info][gc,cpu         ] GC(1907) User=0.01s Sys=0.00s Real=0.00s
[683.984s][info][gc,start       ] GC(1908) Pause Young (Allocation Failure)
[683.985s][info][gc,heap        ] GC(1908) PSYoungGen: 283712K(284160K)->64K(283136K) Eden: 283648K(283648K)->0K(272384K) From: 64K(512K)->64K(10752K)
[683.985s][info][gc,heap        ] GC(1908) ParOldGen: 87563K(175104K)->87571K(175104K)
[683.985s][info][gc,metaspace   ] GC(1908) Metaspace: 35487K(36224K)->35487K(36224K) NonClass: 29216K(29760K)->29216K(29760K) Class: 6271K(6464K)->6271K(6464K)
[683.985s][info][gc             ] GC(1908) Pause Young (Allocation Failure) 362M->85M(447M) 0.636ms
[683.985s][info][gc,cpu         ] GC(1908) User=0.00s Sys=0.00s Real=0.00s
[684.062s][info][gc,start       ] GC(1909) Pause Young (Allocation Failure)
[684.063s][info][gc,heap        ] GC(1909) PSYoungGen: 272448K(283136K)->64K(262144K) Eden: 272384K(272384K)->0K(261632K) From: 64K(10752K)->64K(512K)
[684.063s][info][gc,heap        ] GC(1909) ParOldGen: 87571K(175104K)->87579K(175104K)
[684.063s][info][gc,metaspace   ] GC(1909) Metaspace: 35487K(36224K)->35487K(36224K) NonClass: 29216K(29760K)->29216K(29760K) Class: 6271K(6464K)->6271K(6464K)
[684.063s][info][gc             ] GC(1909) Pause Young (Allocation Failure) 351M->85M(427M) 1.149ms
[684.063s][info][gc,cpu         ] GC(1909) User=0.00s Sys=0.00s Real=0.00s
[684.222s][info][gc,start       ] GC(1910) Pause Young (Allocation Failure)
[684.222s][info][gc,heap        ] GC(1910) PSYoungGen: 261696K(262144K)->64K(260608K) Eden: 261632K(261632K)->0K(251392K) From: 64K(512K)->64K(9216K)
[684.223s][info][gc,heap        ] GC(1910) ParOldGen: 87579K(175104K)->87587K(175104K)
[684.223s][info][gc,metaspace   ] GC(1910) Metaspace: 35487K(36224K)->35487K(36224K) NonClass: 29216K(29760K)->29216K(29760K) Class: 6271K(6464K)->6271K(6464K)
[684.223s][info][gc             ] GC(1910) Pause Young (Allocation Failure) 341M->85M(425M) 0.674ms
[684.223s][info][gc,cpu         ] GC(1910) User=0.00s Sys=0.00s Real=0.00s
[684.597s][info][gc,start       ] GC(1911) Pause Young (Allocation Failure)
[684.598s][info][gc,heap        ] GC(1911) PSYoungGen: 251456K(260608K)->64K(242176K) Eden: 251392K(251392K)->0K(241664K) From: 64K(9216K)->64K(512K)
[684.598s][info][gc,heap        ] GC(1911) ParOldGen: 87587K(175104K)->87595K(175104K)
[684.598s][info][gc,metaspace   ] GC(1911) Metaspace: 35487K(36224K)->35487K(36224K) NonClass: 29216K(29760K)->29216K(29760K) Class: 6271K(6464K)->6271K(6464K)
[684.598s][info][gc             ] GC(1911) Pause Young (Allocation Failure) 331M->85M(407M) 1.406ms
[684.598s][info][gc,cpu         ] GC(1911) User=0.00s Sys=0.00s Real=0.00s
[685.236s][info][gc,start       ] GC(1912) Pause Young (Allocation Failure)
[685.237s][info][gc,heap        ] GC(1912) PSYoungGen: 241728K(242176K)->64K(240640K) Eden: 241664K(241664K)->0K(232448K) From: 64K(512K)->64K(8192K)
[685.237s][info][gc,heap        ] GC(1912) ParOldGen: 87595K(175104K)->87603K(175104K)
[685.237s][info][gc,metaspace   ] GC(1912) Metaspace: 35487K(36224K)->35487K(36224K) NonClass: 29216K(29760K)->29216K(29760K) Class: 6271K(6464K)->6271K(6464K)
[685.237s][info][gc             ] GC(1912) Pause Young (Allocation Failure) 321M->85M(406M) 0.735ms
[685.237s][info][gc,cpu         ] GC(1912) User=0.01s Sys=0.00s Real=0.00s
[686.146s][info][gc,start       ] GC(1913) Pause Young (Allocation Failure)
[686.148s][info][gc,heap        ] GC(1913) PSYoungGen: 232512K(240640K)->64K(224256K) Eden: 232448K(232448K)->0K(223744K) From: 64K(8192K)->64K(512K)
[686.148s][info][gc,heap        ] GC(1913) ParOldGen: 87603K(175104K)->87611K(175104K)
[686.148s][info][gc,metaspace   ] GC(1913) Metaspace: 35487K(36224K)->35487K(36224K) NonClass: 29216K(29760K)->29216K(29760K) Class: 6271K(6464K)->6271K(6464K)
[686.148s][info][gc             ] GC(1913) Pause Young (Allocation Failure) 312M->85M(390M) 1.832ms
[686.148s][info][gc,cpu         ] GC(1913) User=0.00s Sys=0.00s Real=0.00s
[686.430s][info][gc,start       ] GC(1914) Pause Young (Allocation Failure)
[686.431s][info][gc,heap        ] GC(1914) PSYoungGen: 223808K(224256K)->64K(222720K) Eden: 223744K(223744K)->0K(215552K) From: 64K(512K)->64K(7168K)
[686.431s][info][gc,heap        ] GC(1914) ParOldGen: 87611K(175104K)->87627K(175104K)
[686.431s][info][gc,metaspace   ] GC(1914) Metaspace: 35487K(36224K)->35487K(36224K) NonClass: 29216K(29760K)->29216K(29760K) Class: 6271K(6464K)->6271K(6464K)
[686.431s][info][gc             ] GC(1914) Pause Young (Allocation Failure) 304M->85M(388M) 1.144ms
[686.431s][info][gc,cpu         ] GC(1914) User=0.00s Sys=0.00s Real=0.00s
[686.727s][info][gc,start       ] GC(1915) Pause Young (Allocation Failure)
[686.729s][info][gc,heap        ] GC(1915) PSYoungGen: 215616K(222720K)->64K(208384K) Eden: 215552K(215552K)->0K(207872K) From: 64K(7168K)->64K(512K)
[686.729s][info][gc,heap        ] GC(1915) ParOldGen: 87627K(175104K)->87643K(175104K)
[686.729s][info][gc,metaspace   ] GC(1915) Metaspace: 35487K(36224K)->35487K(36224K) NonClass: 29216K(29760K)->29216K(29760K) Class: 6271K(6464K)->6271K(6464K)
[686.729s][info][gc             ] GC(1915) Pause Young (Allocation Failure) 296M->85M(374M) 1.764ms
[686.729s][info][gc,cpu         ] GC(1915) User=0.00s Sys=0.00s Real=0.00s
[687.629s][info][gc,start       ] GC(1916) Pause Young (Allocation Failure)
[687.630s][info][gc,heap        ] GC(1916) PSYoungGen: 207936K(208384K)->64K(206336K) Eden: 207872K(207872K)->0K(200192K) From: 64K(512K)->64K(6144K)
[687.630s][info][gc,heap        ] GC(1916) ParOldGen: 87643K(175104K)->87651K(175104K)
[687.630s][info][gc,metaspace   ] GC(1916) Metaspace: 35487K(36224K)->35487K(36224K) NonClass: 29216K(29760K)->29216K(29760K) Class: 6271K(6464K)->6271K(6464K)
[687.630s][info][gc             ] GC(1916) Pause Young (Allocation Failure) 288M->85M(372M) 1.144ms
[687.630s][info][gc,cpu         ] GC(1916) User=0.00s Sys=0.00s Real=0.00s
[687.813s][info][gc,start       ] GC(1917) Pause Young (Allocation Failure)
[687.815s][info][gc,heap        ] GC(1917) PSYoungGen: 200256K(206336K)->64K(193536K) Eden: 200192K(200192K)->0K(193024K) From: 64K(6144K)->64K(512K)
[687.815s][info][gc,heap        ] GC(1917) ParOldGen: 87651K(175104K)->87659K(175104K)
[687.815s][info][gc,metaspace   ] GC(1917) Metaspace: 35487K(36224K)->35487K(36224K) NonClass: 29216K(29760K)->29216K(29760K) Class: 6271K(6464K)->6271K(6464K)
[687.815s][info][gc             ] GC(1917) Pause Young (Allocation Failure) 281M->85M(360M) 1.504ms
[687.815s][info][gc,cpu         ] GC(1917) User=0.00s Sys=0.00s Real=0.01s
[688.100s][info][gc,start       ] GC(1918) Pause Young (Allocation Failure)
[688.101s][info][gc,heap        ] GC(1918) PSYoungGen: 193088K(193536K)->64K(192000K) Eden: 193024K(193024K)->0K(186368K) From: 64K(512K)->64K(5632K)
[688.101s][info][gc,heap        ] GC(1918) ParOldGen: 87659K(175104K)->87667K(175104K)
[688.101s][info][gc,metaspace   ] GC(1918) Metaspace: 35487K(36224K)->35487K(36224K) NonClass: 29216K(29760K)->29216K(29760K) Class: 6271K(6464K)->6271K(6464K)
[688.101s][info][gc             ] GC(1918) Pause Young (Allocation Failure) 274M->85M(358M) 1.009ms
[688.101s][info][gc,cpu         ] GC(1918) User=0.00s Sys=0.00s Real=0.00s
[688.214s][info][gc,start       ] GC(1919) Pause Young (Allocation Failure)
[688.215s][info][gc,heap        ] GC(1919) PSYoungGen: 186432K(192000K)->64K(180224K) Eden: 186368K(186368K)->0K(179712K) From: 64K(5632K)->64K(512K)
[688.215s][info][gc,heap        ] GC(1919) ParOldGen: 87667K(175104K)->87675K(175104K)
[688.215s][info][gc,metaspace   ] GC(1919) Metaspace: 35487K(36224K)->35487K(36224K) NonClass: 29216K(29760K)->29216K(29760K) Class: 6271K(6464K)->6271K(6464K)
[688.216s][info][gc             ] GC(1919) Pause Young (Allocation Failure) 267M->85M(347M) 1.398ms
[688.216s][info][gc,cpu         ] GC(1919) User=0.00s Sys=0.00s Real=0.01s
[688.280s][info][gc,start       ] GC(1920) Pause Young (Allocation Failure)
[688.281s][info][gc,heap        ] GC(1920) PSYoungGen: 179776K(180224K)->64K(178176K) Eden: 179712K(179712K)->0K(173568K) From: 64K(512K)->64K(4608K)
[688.281s][info][gc,heap        ] GC(1920) ParOldGen: 87675K(175104K)->87683K(175104K)
[688.281s][info][gc,metaspace   ] GC(1920) Metaspace: 35487K(36224K)->35487K(36224K) NonClass: 29216K(29760K)->29216K(29760K) Class: 6271K(6464K)->6271K(6464K)
[688.281s][info][gc             ] GC(1920) Pause Young (Allocation Failure) 261M->85M(345M) 0.942ms
[688.281s][info][gc,cpu         ] GC(1920) User=0.00s Sys=0.00s Real=0.00s
[688.665s][info][gc,start       ] GC(1921) Pause Young (Allocation Failure)
[688.666s][info][gc,heap        ] GC(1921) PSYoungGen: 173632K(178176K)->32K(167936K) Eden: 173568K(173568K)->0K(167424K) From: 64K(4608K)->32K(512K)
[688.666s][info][gc,heap        ] GC(1921) ParOldGen: 87683K(175104K)->87691K(175104K)
[688.667s][info][gc,metaspace   ] GC(1921) Metaspace: 35487K(36224K)->35487K(36224K) NonClass: 29216K(29760K)->29216K(29760K) Class: 6271K(6464K)->6271K(6464K)
[688.667s][info][gc             ] GC(1921) Pause Young (Allocation Failure) 255M->85M(335M) 1.534ms
[688.667s][info][gc,cpu         ] GC(1921) User=0.00s Sys=0.00s Real=0.00s
[688.938s][info][gc,start       ] GC(1922) Pause Young (Allocation Failure)
[688.939s][info][gc,heap        ] GC(1922) PSYoungGen: 167456K(167936K)->64K(165888K) Eden: 167424K(167424K)->0K(161792K) From: 32K(512K)->64K(4096K)
[688.939s][info][gc,heap        ] GC(1922) ParOldGen: 87691K(175104K)->87699K(175104K)
[688.939s][info][gc,metaspace   ] GC(1922) Metaspace: 35487K(36224K)->35487K(36224K) NonClass: 29216K(29760K)->29216K(29760K) Class: 6271K(6464K)->6271K(6464K)
[688.939s][info][gc             ] GC(1922) Pause Young (Allocation Failure) 249M->85M(333M) 1.064ms
[688.939s][info][gc,cpu         ] GC(1922) User=0.00s Sys=0.00s Real=0.00s
[689.091s][info][gc,start       ] GC(1923) Pause Young (Allocation Failure)
[689.093s][info][gc,heap        ] GC(1923) PSYoungGen: 161856K(165888K)->64K(156672K) Eden: 161792K(161792K)->0K(156160K) From: 64K(4096K)->64K(512K)
[689.093s][info][gc,heap        ] GC(1923) ParOldGen: 87699K(175104K)->87707K(175104K)
[689.093s][info][gc,metaspace   ] GC(1923) Metaspace: 35487K(36224K)->35487K(36224K) NonClass: 29216K(29760K)->29216K(29760K) Class: 6271K(6464K)->6271K(6464K)
[689.093s][info][gc             ] GC(1923) Pause Young (Allocation Failure) 243M->85M(324M) 1.383ms
[689.093s][info][gc,cpu         ] GC(1923) User=0.00s Sys=0.00s Real=0.00s
[689.308s][info][gc,start       ] GC(1924) Pause Young (Allocation Failure)
[689.320s][info][gc,heap        ] GC(1924) PSYoungGen: 156224K(156672K)->3584K(189952K) Eden: 156160K(156160K)->0K(186368K) From: 64K(512K)->3584K(3584K)
[689.320s][info][gc,heap        ] GC(1924) ParOldGen: 87707K(175104K)->91811K(175104K)
[689.320s][info][gc,metaspace   ] GC(1924) Metaspace: 35487K(36224K)->35487K(36224K) NonClass: 29216K(29760K)->29216K(29760K) Class: 6271K(6464K)->6271K(6464K)
[689.320s][info][gc             ] GC(1924) Pause Young (Allocation Failure) 238M->93M(356M) 12.839ms
[689.320s][info][gc,cpu         ] GC(1924) User=0.02s Sys=0.00s Real=0.01s
[689.518s][info][gc,start       ] GC(1925) Pause Young (Allocation Failure)
[689.551s][info][gc,heap        ] GC(1925) PSYoungGen: 189952K(189952K)->3584K(226816K) Eden: 186368K(186368K)->0K(223232K) From: 3584K(3584K)->3584K(3584K)
[689.551s][info][gc,heap        ] GC(1925) ParOldGen: 91811K(175104K)->108123K(175104K)
[689.551s][info][gc,metaspace   ] GC(1925) Metaspace: 35487K(36224K)->35487K(36224K) NonClass: 29216K(29760K)->29216K(29760K) Class: 6271K(6464K)->6271K(6464K)
[689.551s][info][gc             ] GC(1925) Pause Young (Allocation Failure) 275M->109M(392M) 32.371ms
[689.551s][info][gc,cpu         ] GC(1925) User=0.06s Sys=0.00s Real=0.03s
[689.792s][info][gc,start       ] GC(1926) Pause Young (Allocation Failure)
[689.832s][info][gc,heap        ] GC(1926) PSYoungGen: 226816K(226816K)->12288K(250368K) Eden: 223232K(223232K)->0K(238080K) From: 3584K(3584K)->12288K(12288K)
[689.832s][info][gc,heap        ] GC(1926) ParOldGen: 108123K(175104K)->120067K(175104K)
[689.832s][info][gc,metaspace   ] GC(1926) Metaspace: 35488K(36224K)->35488K(36224K) NonClass: 29216K(29760K)->29216K(29760K) Class: 6271K(6464K)->6271K(6464K)
[689.832s][info][gc             ] GC(1926) Pause Young (Allocation Failure) 327M->129M(415M) 39.774ms
[689.832s][info][gc,cpu         ] GC(1926) User=0.08s Sys=0.00s Real=0.04s
[690.030s][info][gc,start       ] GC(1927) Pause Young (Allocation Failure)
[690.067s][info][gc,heap        ] GC(1927) PSYoungGen: 250368K(250368K)->17952K(284160K) Eden: 238080K(238080K)->0K(264704K) From: 12288K(12288K)->17952K(19456K)
[690.067s][info][gc,heap        ] GC(1927) ParOldGen: 120067K(175104K)->120499K(175104K)
[690.067s][info][gc,metaspace   ] GC(1927) Metaspace: 35488K(36224K)->35488K(36224K) NonClass: 29216K(29760K)->29216K(29760K) Class: 6271K(6464K)->6271K(6464K)
[690.067s][info][gc             ] GC(1927) Pause Young (Allocation Failure) 361M->135M(448M) 37.673ms
[690.067s][info][gc,cpu         ] GC(1927) User=0.06s Sys=0.02s Real=0.04s
[690.160s][info][gc,start       ] GC(1928) Pause Young (Allocation Failure)
[690.161s][info][gc,heap        ] GC(1928) PSYoungGen: 282656K(284160K)->64K(287232K) Eden: 264704K(264704K)->0K(264704K) From: 17952K(19456K)->64K(22528K)
[690.161s][info][gc,heap        ] GC(1928) ParOldGen: 120499K(175104K)->120507K(175104K)
[690.161s][info][gc,metaspace   ] GC(1928) Metaspace: 35488K(36224K)->35488K(36224K) NonClass: 29216K(29760K)->29216K(29760K) Class: 6271K(6464K)->6271K(6464K)
[690.161s][info][gc             ] GC(1928) Pause Young (Allocation Failure) 393M->117M(451M) 0.858ms
[690.161s][info][gc,cpu         ] GC(1928) User=0.00s Sys=0.00s Real=0.00s
[690.799s][info][gc,start       ] GC(1929) Pause Young (Allocation Failure)
[690.800s][info][gc,heap        ] GC(1929) PSYoungGen: 264768K(287232K)->64K(309760K) Eden: 264704K(264704K)->0K(289280K) From: 64K(22528K)->64K(20480K)
[690.800s][info][gc,heap        ] GC(1929) ParOldGen: 120507K(175104K)->120523K(175104K)
[690.800s][info][gc,metaspace   ] GC(1929) Metaspace: 35488K(36224K)->35488K(36224K) NonClass: 29216K(29760K)->29216K(29760K) Class: 6271K(6464K)->6271K(6464K)
[690.800s][info][gc             ] GC(1929) Pause Young (Allocation Failure) 376M->117M(473M) 0.899ms
[690.800s][info][gc,cpu         ] GC(1929) User=0.00s Sys=0.00s Real=0.00s
[691.195s][info][gc,start       ] GC(1930) Pause Young (Allocation Failure)
[691.195s][info][gc,heap        ] GC(1930) PSYoungGen: 289344K(309760K)->64K(310784K) Eden: 289280K(289280K)->0K(289280K) From: 64K(20480K)->64K(21504K)
[691.195s][info][gc,heap        ] GC(1930) ParOldGen: 120523K(175104K)->120523K(175104K)
[691.195s][info][gc,metaspace   ] GC(1930) Metaspace: 35488K(36224K)->35488K(36224K) NonClass: 29216K(29760K)->29216K(29760K) Class: 6271K(6464K)->6271K(6464K)
[691.195s][info][gc             ] GC(1930) Pause Young (Allocation Failure) 400M->117M(474M) 0.872ms
[691.195s][info][gc,cpu         ] GC(1930) User=0.00s Sys=0.00s Real=0.00s
[691.597s][info][gc,start       ] GC(1931) Pause Young (Allocation Failure)
[691.598s][info][gc,heap        ] GC(1931) PSYoungGen: 289344K(310784K)->64K(309760K) Eden: 289280K(289280K)->0K(291328K) From: 64K(21504K)->64K(18432K)
[691.598s][info][gc,heap        ] GC(1931) ParOldGen: 120523K(175104K)->120539K(175104K)
[691.598s][info][gc,metaspace   ] GC(1931) Metaspace: 35488K(36224K)->35488K(36224K) NonClass: 29216K(29760K)->29216K(29760K) Class: 6271K(6464K)->6271K(6464K)
[691.598s][info][gc             ] GC(1931) Pause Young (Allocation Failure) 400M->117M(473M) 0.886ms
[691.598s][info][gc,cpu         ] GC(1931) User=0.00s Sys=0.00s Real=0.00s
[691.790s][info][gc,start       ] GC(1932) Pause Young (Allocation Failure)
[691.791s][info][gc,heap        ] GC(1932) PSYoungGen: 291392K(309760K)->64K(311296K) Eden: 291328K(291328K)->0K(291328K) From: 64K(18432K)->64K(19968K)
[691.791s][info][gc,heap        ] GC(1932) ParOldGen: 120539K(175104K)->120555K(175104K)
[691.791s][info][gc,metaspace   ] GC(1932) Metaspace: 35488K(36224K)->35488K(36224K) NonClass: 29216K(29760K)->29216K(29760K) Class: 6271K(6464K)->6271K(6464K)
[691.791s][info][gc             ] GC(1932) Pause Young (Allocation Failure) 402M->117M(475M) 0.792ms
[691.791s][info][gc,cpu         ] GC(1932) User=0.00s Sys=0.00s Real=0.00s
[691.982s][info][gc,start       ] GC(1933) Pause Young (Allocation Failure)
[691.983s][info][gc,heap        ] GC(1933) PSYoungGen: 291392K(311296K)->64K(312320K) Eden: 291328K(291328K)->0K(294912K) From: 64K(19968K)->64K(17408K)
[691.983s][info][gc,heap        ] GC(1933) ParOldGen: 120555K(175104K)->120555K(175104K)
[691.983s][info][gc,metaspace   ] GC(1933) Metaspace: 35488K(36224K)->35488K(36224K) NonClass: 29216K(29760K)->29216K(29760K) Class: 6271K(6464K)->6271K(6464K)
[691.983s][info][gc             ] GC(1933) Pause Young (Allocation Failure) 402M->117M(476M) 0.795ms
[691.983s][info][gc,cpu         ] GC(1933) User=0.00s Sys=0.00s Real=0.00s
[692.290s][info][gc,start       ] GC(1934) Pause Young (Allocation Failure)
[692.291s][info][gc,heap        ] GC(1934) PSYoungGen: 294976K(312320K)->64K(313344K) Eden: 294912K(294912K)->0K(294912K) From: 64K(17408K)->64K(18432K)
[692.291s][info][gc,heap        ] GC(1934) ParOldGen: 120555K(175104K)->120555K(175104K)
[692.291s][info][gc,metaspace   ] GC(1934) Metaspace: 35488K(36224K)->35488K(36224K) NonClass: 29216K(29760K)->29216K(29760K) Class: 6271K(6464K)->6271K(6464K)
[692.291s][info][gc             ] GC(1934) Pause Young (Allocation Failure) 405M->117M(477M) 0.793ms
[692.291s][info][gc,cpu         ] GC(1934) User=0.00s Sys=0.00s Real=0.00s
[692.343s][info][gc,start       ] GC(1935) Pause Young (Allocation Failure)
[692.344s][info][gc,heap        ] GC(1935) PSYoungGen: 294976K(313344K)->64K(313344K) Eden: 294912K(294912K)->0K(297984K) From: 64K(18432K)->64K(15360K)
[692.344s][info][gc,heap        ] GC(1935) ParOldGen: 120555K(175104K)->120571K(175104K)
[692.344s][info][gc,metaspace   ] GC(1935) Metaspace: 35488K(36224K)->35488K(36224K) NonClass: 29216K(29760K)->29216K(29760K) Class: 6271K(6464K)->6271K(6464K)
[692.344s][info][gc             ] GC(1935) Pause Young (Allocation Failure) 405M->117M(477M) 0.715ms
[692.344s][info][gc,cpu         ] GC(1935) User=0.00s Sys=0.00s Real=0.00s
[692.398s][info][gc,start       ] GC(1936) Pause Young (Allocation Failure)
[692.399s][info][gc,heap        ] GC(1936) PSYoungGen: 298048K(313344K)->64K(314368K) Eden: 297984K(297984K)->0K(297984K) From: 64K(15360K)->64K(16384K)
[692.399s][info][gc,heap        ] GC(1936) ParOldGen: 120571K(175104K)->120571K(175104K)
[692.399s][info][gc,metaspace   ] GC(1936) Metaspace: 35488K(36224K)->35488K(36224K) NonClass: 29216K(29760K)->29216K(29760K) Class: 6271K(6464K)->6271K(6464K)
[692.399s][info][gc             ] GC(1936) Pause Young (Allocation Failure) 408M->117M(478M) 0.711ms
[692.399s][info][gc,cpu         ] GC(1936) User=0.00s Sys=0.00s Real=0.00s
[692.652s][info][gc,start       ] GC(1937) Pause Young (Allocation Failure)
[692.653s][info][gc,heap        ] GC(1937) PSYoungGen: 298048K(314368K)->64K(316416K) Eden: 297984K(297984K)->0K(302080K) From: 64K(16384K)->64K(14336K)
[692.653s][info][gc,heap        ] GC(1937) ParOldGen: 120571K(175104K)->120571K(175104K)
[692.653s][info][gc,metaspace   ] GC(1937) Metaspace: 35488K(36224K)->35488K(36224K) NonClass: 29216K(29760K)->29216K(29760K) Class: 6271K(6464K)->6271K(6464K)
[692.653s][info][gc             ] GC(1937) Pause Young (Allocation Failure) 408M->117M(480M) 0.808ms
[692.653s][info][gc,cpu         ] GC(1937) User=0.00s Sys=0.00s Real=0.00s
[692.874s][info][gc,start       ] GC(1938) Pause Young (Allocation Failure)
[692.875s][info][gc,heap        ] GC(1938) PSYoungGen: 302144K(316416K)->64K(290304K) Eden: 302080K(302080K)->0K(289792K) From: 64K(14336K)->64K(512K)
[692.875s][info][gc,heap        ] GC(1938) ParOldGen: 120571K(175104K)->120579K(175104K)
[692.875s][info][gc,metaspace   ] GC(1938) Metaspace: 35488K(36224K)->35488K(36224K) NonClass: 29216K(29760K)->29216K(29760K) Class: 6271K(6464K)->6271K(6464K)
[692.875s][info][gc             ] GC(1938) Pause Young (Allocation Failure) 412M->117M(454M) 0.775ms
[692.875s][info][gc,cpu         ] GC(1938) User=0.00s Sys=0.00s Real=0.01s
[692.962s][info][gc,start       ] GC(1939) Pause Young (Allocation Failure)
[692.963s][info][gc,heap        ] GC(1939) PSYoungGen: 289856K(290304K)->64K(279552K) Eden: 289792K(289792K)->0K(278528K) From: 64K(512K)->64K(1024K)
[692.963s][info][gc,heap        ] GC(1939) ParOldGen: 120579K(175104K)->120587K(175104K)
[692.963s][info][gc,metaspace   ] GC(1939) Metaspace: 35488K(36224K)->35488K(36224K) NonClass: 29216K(29760K)->29216K(29760K) Class: 6271K(6464K)->6271K(6464K)
[692.963s][info][gc             ] GC(1939) Pause Young (Allocation Failure) 400M->117M(444M) 0.770ms
[692.963s][info][gc,cpu         ] GC(1939) User=0.00s Sys=0.00s Real=0.00s
[693.068s][info][gc,start       ] GC(1940) Pause Young (Allocation Failure)
[693.069s][info][gc,heap        ] GC(1940) PSYoungGen: 278592K(279552K)->64K(281088K) Eden: 278528K(278528K)->0K(267776K) From: 64K(1024K)->64K(13312K)
[693.069s][info][gc,heap        ] GC(1940) ParOldGen: 120587K(175104K)->120595K(175104K)
[693.069s][info][gc,metaspace   ] GC(1940) Metaspace: 35488K(36224K)->35488K(36224K) NonClass: 29216K(29760K)->29216K(29760K) Class: 6271K(6464K)->6271K(6464K)
[693.069s][info][gc             ] GC(1940) Pause Young (Allocation Failure) 389M->117M(445M) 0.756ms
[693.069s][info][gc,cpu         ] GC(1940) User=0.01s Sys=0.00s Real=0.00s
[693.238s][info][gc,start       ] GC(1941) Pause Young (Allocation Failure)
[693.240s][info][gc,heap        ] GC(1941) PSYoungGen: 267840K(281088K)->64K(258048K) Eden: 267776K(267776K)->0K(257536K) From: 64K(13312K)->64K(512K)
[693.240s][info][gc,heap        ] GC(1941) ParOldGen: 120595K(175104K)->120603K(175104K)
[693.240s][info][gc,metaspace   ] GC(1941) Metaspace: 35488K(36224K)->35488K(36224K) NonClass: 29216K(29760K)->29216K(29760K) Class: 6271K(6464K)->6271K(6464K)
[693.240s][info][gc             ] GC(1941) Pause Young (Allocation Failure) 379M->117M(423M) 1.696ms
[693.240s][info][gc,cpu         ] GC(1941) User=0.00s Sys=0.00s Real=0.00s
[694.171s][info][gc,start       ] GC(1942) Pause Young (Allocation Failure)
[694.172s][info][gc,heap        ] GC(1942) PSYoungGen: 257600K(258048K)->64K(259072K) Eden: 257536K(257536K)->0K(247808K) From: 64K(512K)->64K(11264K)
[694.172s][info][gc,heap        ] GC(1942) ParOldGen: 120603K(175104K)->120611K(175104K)
[694.172s][info][gc,metaspace   ] GC(1942) Metaspace: 35488K(36224K)->35488K(36224K) NonClass: 29216K(29760K)->29216K(29760K) Class: 6271K(6464K)->6271K(6464K)
[694.172s][info][gc             ] GC(1942) Pause Young (Allocation Failure) 369M->117M(424M) 1.271ms
[694.172s][info][gc,cpu         ] GC(1942) User=0.00s Sys=0.00s Real=0.00s
[695.009s][info][gc,start       ] GC(1943) Pause Young (Allocation Failure)
[695.011s][info][gc,heap        ] GC(1943) PSYoungGen: 247872K(259072K)->64K(239104K) Eden: 247808K(247808K)->0K(238592K) From: 64K(11264K)->64K(512K)
[695.011s][info][gc,heap        ] GC(1943) ParOldGen: 120611K(175104K)->120619K(175104K)
[695.011s][info][gc,metaspace   ] GC(1943) Metaspace: 35488K(36224K)->35488K(36224K) NonClass: 29216K(29760K)->29216K(29760K) Class: 6271K(6464K)->6271K(6464K)
[695.011s][info][gc             ] GC(1943) Pause Young (Allocation Failure) 359M->117M(404M) 2.424ms
[695.011s][info][gc,cpu         ] GC(1943) User=0.00s Sys=0.00s Real=0.00s
[695.173s][info][gc,start       ] GC(1944) Pause Young (Allocation Failure)
[695.174s][info][gc,heap        ] GC(1944) PSYoungGen: 238656K(239104K)->64K(239616K) Eden: 238592K(238592K)->0K(229376K) From: 64K(512K)->64K(10240K)
[695.174s][info][gc,heap        ] GC(1944) ParOldGen: 120619K(175104K)->120635K(175104K)
[695.174s][info][gc,metaspace   ] GC(1944) Metaspace: 35488K(36224K)->35488K(36224K) NonClass: 29216K(29760K)->29216K(29760K) Class: 6271K(6464K)->6271K(6464K)
[695.174s][info][gc             ] GC(1944) Pause Young (Allocation Failure) 350M->117M(405M) 1.157ms
[695.174s][info][gc,cpu         ] GC(1944) User=0.00s Sys=0.00s Real=0.00s
[695.577s][info][gc,start       ] GC(1945) Pause Young (Allocation Failure)
[695.579s][info][gc,heap        ] GC(1945) PSYoungGen: 229440K(239616K)->64K(221184K) Eden: 229376K(229376K)->0K(220672K) From: 64K(10240K)->64K(512K)
[695.579s][info][gc,heap        ] GC(1945) ParOldGen: 120635K(175104K)->120651K(175104K)
[695.579s][info][gc,metaspace   ] GC(1945) Metaspace: 35488K(36224K)->35488K(36224K) NonClass: 29216K(29760K)->29216K(29760K) Class: 6271K(6464K)->6271K(6464K)
[695.579s][info][gc             ] GC(1945) Pause Young (Allocation Failure) 341M->117M(387M) 2.003ms
[695.579s][info][gc,cpu         ] GC(1945) User=0.00s Sys=0.00s Real=0.00s
[696.169s][info][gc,start       ] GC(1946) Pause Young (Allocation Failure)
[696.170s][info][gc,heap        ] GC(1946) PSYoungGen: 220736K(221184K)->64K(221184K) Eden: 220672K(220672K)->0K(212480K) From: 64K(512K)->64K(8704K)
[696.170s][info][gc,heap        ] GC(1946) ParOldGen: 120651K(175104K)->120659K(175104K)
[696.170s][info][gc,metaspace   ] GC(1946) Metaspace: 35488K(36224K)->35488K(36224K) NonClass: 29216K(29760K)->29216K(29760K) Class: 6271K(6464K)->6271K(6464K)
[696.170s][info][gc             ] GC(1946) Pause Young (Allocation Failure) 333M->117M(387M) 1.226ms
[696.170s][info][gc,cpu         ] GC(1946) User=0.00s Sys=0.00s Real=0.00s
[696.697s][info][gc,start       ] GC(1947) Pause Young (Allocation Failure)
[696.698s][info][gc,heap        ] GC(1947) PSYoungGen: 212544K(221184K)->32K(205312K) Eden: 212480K(212480K)->0K(204800K) From: 64K(8704K)->32K(512K)
[696.699s][info][gc,heap        ] GC(1947) ParOldGen: 120659K(175104K)->120667K(175104K)
[696.699s][info][gc,metaspace   ] GC(1947) Metaspace: 35488K(36224K)->35488K(36224K) NonClass: 29216K(29760K)->29216K(29760K) Class: 6271K(6464K)->6271K(6464K)
[696.699s][info][gc             ] GC(1947) Pause Young (Allocation Failure) 325M->117M(371M) 1.942ms
[696.699s][info][gc,cpu         ] GC(1947) User=0.00s Sys=0.00s Real=0.00s
[696.995s][info][gc,start       ] GC(1948) Pause Young (Allocation Failure)
[696.996s][info][gc,heap        ] GC(1948) PSYoungGen: 204832K(205312K)->64K(205312K) Eden: 204800K(204800K)->0K(197632K) From: 32K(512K)->64K(7680K)
[696.996s][info][gc,heap        ] GC(1948) ParOldGen: 120667K(175104K)->120683K(175104K)
[696.996s][info][gc,metaspace   ] GC(1948) Metaspace: 35488K(36224K)->35488K(36224K) NonClass: 29216K(29760K)->29216K(29760K) Class: 6271K(6464K)->6271K(6464K)
[696.996s][info][gc             ] GC(1948) Pause Young (Allocation Failure) 317M->117M(371M) 1.184ms
[696.996s][info][gc,cpu         ] GC(1948) User=0.00s Sys=0.00s Real=0.00s
[697.140s][info][gc,start       ] GC(1949) Pause Young (Allocation Failure)
[697.142s][info][gc,heap        ] GC(1949) PSYoungGen: 197696K(205312K)->64K(190976K) Eden: 197632K(197632K)->0K(190464K) From: 64K(7680K)->64K(512K)
[697.142s][info][gc,heap        ] GC(1949) ParOldGen: 120683K(175104K)->120699K(175104K)
[697.142s][info][gc,metaspace   ] GC(1949) Metaspace: 35488K(36224K)->35488K(36224K) NonClass: 29216K(29760K)->29216K(29760K) Class: 6271K(6464K)->6271K(6464K)
[697.142s][info][gc             ] GC(1949) Pause Young (Allocation Failure) 310M->117M(357M) 1.704ms
[697.142s][info][gc,cpu         ] GC(1949) User=0.01s Sys=0.00s Real=0.00s
[697.193s][info][gc,start       ] GC(1950) Pause Young (Allocation Failure)
[697.194s][info][gc,heap        ] GC(1950) PSYoungGen: 190528K(190976K)->64K(190464K) Eden: 190464K(190464K)->0K(183808K) From: 64K(512K)->64K(6656K)
[697.194s][info][gc,heap        ] GC(1950) ParOldGen: 120699K(175104K)->120715K(175104K)
[697.194s][info][gc,metaspace   ] GC(1950) Metaspace: 35488K(36224K)->35488K(36224K) NonClass: 29216K(29760K)->29216K(29760K) Class: 6271K(6464K)->6271K(6464K)
[697.194s][info][gc             ] GC(1950) Pause Young (Allocation Failure) 303M->117M(357M) 1.078ms
[697.194s][info][gc,cpu         ] GC(1950) User=0.00s Sys=0.00s Real=0.00s
[697.510s][info][gc,start       ] GC(1951) Pause Young (Allocation Failure)
[697.512s][info][gc,heap        ] GC(1951) PSYoungGen: 183872K(190464K)->64K(177664K) Eden: 183808K(183808K)->0K(177152K) From: 64K(6656K)->64K(512K)
[697.512s][info][gc,heap        ] GC(1951) ParOldGen: 120715K(175104K)->120731K(175104K)
[697.512s][info][gc,metaspace   ] GC(1951) Metaspace: 35488K(36224K)->35488K(36224K) NonClass: 29216K(29760K)->29216K(29760K) Class: 6271K(6464K)->6271K(6464K)
[697.512s][info][gc             ] GC(1951) Pause Young (Allocation Failure) 297M->117M(344M) 1.927ms
[697.512s][info][gc,cpu         ] GC(1951) User=0.00s Sys=0.00s Real=0.00s
[697.869s][info][gc,start       ] GC(1952) Pause Young (Allocation Failure)
[697.870s][info][gc,heap        ] GC(1952) PSYoungGen: 177216K(177664K)->32K(176640K) Eden: 177152K(177152K)->0K(171008K) From: 64K(512K)->32K(5632K)
[697.870s][info][gc,heap        ] GC(1952) ParOldGen: 120731K(175104K)->120739K(175104K)
[697.870s][info][gc,metaspace   ] GC(1952) Metaspace: 35488K(36224K)->35488K(36224K) NonClass: 29216K(29760K)->29216K(29760K) Class: 6271K(6464K)->6271K(6464K)
[697.870s][info][gc             ] GC(1952) Pause Young (Allocation Failure) 290M->117M(343M) 1.185ms
[697.870s][info][gc,cpu         ] GC(1952) User=0.00s Sys=0.00s Real=0.00s
[698.007s][info][gc,start       ] GC(1953) Pause Young (Allocation Failure)
[698.009s][info][gc,heap        ] GC(1953) PSYoungGen: 171040K(176640K)->64K(165888K) Eden: 171008K(171008K)->0K(165376K) From: 32K(5632K)->64K(512K)
[698.009s][info][gc,heap        ] GC(1953) ParOldGen: 120739K(175104K)->120755K(175104K)
[698.009s][info][gc,metaspace   ] GC(1953) Metaspace: 35488K(36224K)->35488K(36224K) NonClass: 29216K(29760K)->29216K(29760K) Class: 6271K(6464K)->6271K(6464K)
[698.009s][info][gc             ] GC(1953) Pause Young (Allocation Failure) 284M->117M(333M) 1.563ms
[698.009s][info][gc,cpu         ] GC(1953) User=0.01s Sys=0.00s Real=0.00s
[698.237s][info][gc,start       ] GC(1954) Pause Young (Allocation Failure)
[698.256s][info][gc,heap        ] GC(1954) PSYoungGen: 165440K(165888K)->5120K(202752K) Eden: 165376K(165376K)->0K(197632K) From: 64K(512K)->5120K(5120K)
[698.256s][info][gc,heap        ] GC(1954) ParOldGen: 120755K(175104K)->122539K(175104K)
[698.256s][info][gc,metaspace   ] GC(1954) Metaspace: 35488K(36224K)->35488K(36224K) NonClass: 29216K(29760K)->29216K(29760K) Class: 6271K(6464K)->6271K(6464K)
[698.257s][info][gc             ] GC(1954) Pause Young (Allocation Failure) 279M->124M(369M) 19.294ms
[698.257s][info][gc,cpu         ] GC(1954) User=0.02s Sys=0.00s Real=0.02s
[698.467s][info][gc,start       ] GC(1955) Pause Young (Allocation Failure)
[698.500s][info][gc,heap        ] GC(1955) PSYoungGen: 202752K(202752K)->5120K(235520K) Eden: 197632K(197632K)->0K(230400K) From: 5120K(5120K)->5120K(5120K)
[698.500s][info][gc,heap        ] GC(1955) ParOldGen: 122539K(175104K)->138419K(175104K)
[698.500s][info][gc,metaspace   ] GC(1955) Metaspace: 35488K(36224K)->35488K(36224K) NonClass: 29216K(29760K)->29216K(29760K) Class: 6271K(6464K)->6271K(6464K)
[698.500s][info][gc             ] GC(1955) Pause Young (Allocation Failure) 317M->140M(401M) 33.667ms
[698.500s][info][gc,cpu         ] GC(1955) User=0.07s Sys=0.00s Real=0.03s
[698.745s][info][gc,start       ] GC(1956) Pause Young (Allocation Failure)
[698.785s][info][gc,heap        ] GC(1956) PSYoungGen: 235520K(235520K)->13824K(244224K) Eden: 230400K(230400K)->0K(230400K) From: 5120K(5120K)->13824K(13824K)
[698.785s][info][gc,heap        ] GC(1956) ParOldGen: 138419K(175104K)->149563K(175104K)
[698.785s][info][gc,metaspace   ] GC(1956) Metaspace: 35488K(36224K)->35488K(36224K) NonClass: 29216K(29760K)->29216K(29760K) Class: 6271K(6464K)->6271K(6464K)
[698.785s][info][gc             ] GC(1956) Pause Young (Allocation Failure) 365M->159M(409M) 40.383ms
[698.785s][info][gc,cpu         ] GC(1956) User=0.08s Sys=0.00s Real=0.04s
[698.971s][info][gc,start       ] GC(1957) Pause Young (Allocation Failure)
[699.006s][info][gc,heap        ] GC(1957) PSYoungGen: 244224K(244224K)->16768K(294400K) Eden: 230400K(230400K)->0K(273408K) From: 13824K(13824K)->16768K(20992K)
[699.006s][info][gc,heap        ] GC(1957) ParOldGen: 149563K(175104K)->149963K(175104K)
[699.006s][info][gc,metaspace   ] GC(1957) Metaspace: 35488K(36224K)->35488K(36224K) NonClass: 29216K(29760K)->29216K(29760K) Class: 6271K(6464K)->6271K(6464K)
[699.006s][info][gc             ] GC(1957) Pause Young (Allocation Failure) 384M->162M(458M) 35.628ms
[699.006s][info][gc,cpu         ] GC(1957) User=0.06s Sys=0.02s Real=0.04s
[699.144s][info][gc,start       ] GC(1958) Pause Young (Allocation Failure)
[699.145s][info][gc,heap        ] GC(1958) PSYoungGen: 290176K(294400K)->64K(296960K) Eden: 273408K(273408K)->0K(273408K) From: 16768K(20992K)->64K(23552K)
[699.145s][info][gc,heap        ] GC(1958) ParOldGen: 149963K(175104K)->149971K(175104K)
[699.145s][info][gc,metaspace   ] GC(1958) Metaspace: 35488K(36224K)->35488K(36224K) NonClass: 29216K(29760K)->29216K(29760K) Class: 6271K(6464K)->6271K(6464K)
[699.145s][info][gc             ] GC(1958) Pause Young (Allocation Failure) 429M->146M(461M) 0.927ms
[699.145s][info][gc,cpu         ] GC(1958) User=0.00s Sys=0.00s Real=0.01s
[699.799s][info][gc,start       ] GC(1959) Pause Young (Allocation Failure)
[699.800s][info][gc,heap        ] GC(1959) PSYoungGen: 273472K(296960K)->64K(307712K) Eden: 273408K(273408K)->0K(287232K) From: 64K(23552K)->64K(20480K)
[699.800s][info][gc,heap        ] GC(1959) ParOldGen: 149971K(175104K)->149987K(175104K)
[699.800s][info][gc,metaspace   ] GC(1959) Metaspace: 35488K(36224K)->35488K(36224K) NonClass: 29216K(29760K)->29216K(29760K) Class: 6271K(6464K)->6271K(6464K)
[699.800s][info][gc             ] GC(1959) Pause Young (Allocation Failure) 413M->146M(471M) 0.882ms
[699.800s][info][gc,cpu         ] GC(1959) User=0.01s Sys=0.00s Real=0.00s
[700.142s][info][gc,start       ] GC(1960) Pause Young (Allocation Failure)
[700.143s][info][gc,heap        ] GC(1960) PSYoungGen: 287296K(307712K)->64K(309248K) Eden: 287232K(287232K)->0K(287232K) From: 64K(20480K)->64K(22016K)
[700.143s][info][gc,heap        ] GC(1960) ParOldGen: 149987K(175104K)->149987K(175104K)
[700.143s][info][gc,metaspace   ] GC(1960) Metaspace: 35488K(36224K)->35488K(36224K) NonClass: 29216K(29760K)->29216K(29760K) Class: 6271K(6464K)->6271K(6464K)
[700.143s][info][gc             ] GC(1960) Pause Young (Allocation Failure) 427M->146M(473M) 0.918ms
[700.143s][info][gc,cpu         ] GC(1960) User=0.00s Sys=0.00s Real=0.00s
[700.541s][info][gc,start       ] GC(1961) Pause Young (Allocation Failure)
[700.542s][info][gc,heap        ] GC(1961) PSYoungGen: 287296K(309248K)->64K(309248K) Eden: 287232K(287232K)->0K(290304K) From: 64K(22016K)->64K(18944K)
[700.542s][info][gc,heap        ] GC(1961) ParOldGen: 149987K(175104K)->150003K(175104K)
[700.542s][info][gc,metaspace   ] GC(1961) Metaspace: 35488K(36224K)->35488K(36224K) NonClass: 29216K(29760K)->29216K(29760K) Class: 6271K(6464K)->6271K(6464K)
[700.542s][info][gc             ] GC(1961) Pause Young (Allocation Failure) 427M->146M(473M) 0.905ms
[700.542s][info][gc,cpu         ] GC(1961) User=0.01s Sys=0.00s Real=0.00s
[700.734s][info][gc,start       ] GC(1962) Pause Young (Allocation Failure)
[700.735s][info][gc,heap        ] GC(1962) PSYoungGen: 290368K(309248K)->64K(310784K) Eden: 290304K(290304K)->0K(290304K) From: 64K(18944K)->64K(20480K)
[700.735s][info][gc,heap        ] GC(1962) ParOldGen: 150003K(175104K)->150019K(175104K)
[700.735s][info][gc,metaspace   ] GC(1962) Metaspace: 35488K(36224K)->35488K(36224K) NonClass: 29216K(29760K)->29216K(29760K) Class: 6271K(6464K)->6271K(6464K)
[700.735s][info][gc             ] GC(1962) Pause Young (Allocation Failure) 430M->146M(474M) 0.853ms
[700.735s][info][gc,cpu         ] GC(1962) User=0.00s Sys=0.00s Real=0.01s
[700.924s][info][gc,start       ] GC(1963) Pause Young (Allocation Failure)
[700.925s][info][gc,heap        ] GC(1963) PSYoungGen: 290368K(310784K)->64K(311808K) Eden: 290304K(290304K)->0K(293888K) From: 64K(20480K)->64K(17920K)
[700.925s][info][gc,heap        ] GC(1963) ParOldGen: 150019K(175104K)->150019K(175104K)
[700.925s][info][gc,metaspace   ] GC(1963) Metaspace: 35488K(36224K)->35488K(36224K) NonClass: 29216K(29760K)->29216K(29760K) Class: 6271K(6464K)->6271K(6464K)
[700.925s][info][gc             ] GC(1963) Pause Young (Allocation Failure) 430M->146M(475M) 0.853ms
[700.925s][info][gc,cpu         ] GC(1963) User=0.00s Sys=0.00s Real=0.01s
[701.230s][info][gc,start       ] GC(1964) Pause Young (Allocation Failure)
[701.231s][info][gc,heap        ] GC(1964) PSYoungGen: 293952K(311808K)->64K(312832K) Eden: 293888K(293888K)->0K(293888K) From: 64K(17920K)->64K(18944K)
[701.231s][info][gc,heap        ] GC(1964) ParOldGen: 150019K(175104K)->150019K(175104K)
[701.231s][info][gc,metaspace   ] GC(1964) Metaspace: 35488K(36224K)->35488K(36224K) NonClass: 29216K(29760K)->29216K(29760K) Class: 6271K(6464K)->6271K(6464K)
[701.231s][info][gc             ] GC(1964) Pause Young (Allocation Failure) 433M->146M(476M) 0.952ms
[701.231s][info][gc,cpu         ] GC(1964) User=0.00s Sys=0.00s Real=0.00s
[701.285s][info][gc,start       ] GC(1965) Pause Young (Allocation Failure)
[701.285s][info][gc,heap        ] GC(1965) PSYoungGen: 293952K(312832K)->64K(312832K) Eden: 293888K(293888K)->0K(296960K) From: 64K(18944K)->64K(15872K)
[701.285s][info][gc,heap        ] GC(1965) ParOldGen: 150019K(175104K)->150035K(175104K)
[701.285s][info][gc,metaspace   ] GC(1965) Metaspace: 35488K(36224K)->35488K(36224K) NonClass: 29216K(29760K)->29216K(29760K) Class: 6271K(6464K)->6271K(6464K)
[701.286s][info][gc             ] GC(1965) Pause Young (Allocation Failure) 433M->146M(476M) 0.824ms
[701.286s][info][gc,cpu         ] GC(1965) User=0.00s Sys=0.00s Real=0.00s
[701.348s][info][gc,start       ] GC(1966) Pause Young (Allocation Failure)
[701.349s][info][gc,heap        ] GC(1966) PSYoungGen: 297024K(312832K)->64K(313856K) Eden: 296960K(296960K)->0K(296960K) From: 64K(15872K)->64K(16896K)
[701.349s][info][gc,heap        ] GC(1966) ParOldGen: 150035K(175104K)->150035K(175104K)
[701.349s][info][gc,metaspace   ] GC(1966) Metaspace: 35488K(36224K)->35488K(36224K) NonClass: 29216K(29760K)->29216K(29760K) Class: 6271K(6464K)->6271K(6464K)
[701.349s][info][gc             ] GC(1966) Pause Young (Allocation Failure) 436M->146M(477M) 0.805ms
[701.349s][info][gc,cpu         ] GC(1966) User=0.01s Sys=0.00s Real=0.00s
[701.602s][info][gc,start       ] GC(1967) Pause Young (Allocation Failure)
[701.603s][info][gc,heap        ] GC(1967) PSYoungGen: 297024K(313856K)->64K(314880K) Eden: 296960K(296960K)->0K(301056K) From: 64K(16896K)->64K(13824K)
[701.603s][info][gc,heap        ] GC(1967) ParOldGen: 150035K(175104K)->150051K(175104K)
[701.603s][info][gc,metaspace   ] GC(1967) Metaspace: 35488K(36224K)->35488K(36224K) NonClass: 29216K(29760K)->29216K(29760K) Class: 6271K(6464K)->6271K(6464K)
[701.603s][info][gc             ] GC(1967) Pause Young (Allocation Failure) 436M->146M(478M) 0.872ms
[701.603s][info][gc,cpu         ] GC(1967) User=0.00s Sys=0.00s Real=0.00s
[701.821s][info][gc,start       ] GC(1968) Pause Young (Allocation Failure)
[701.822s][info][gc,heap        ] GC(1968) PSYoungGen: 301120K(314880K)->64K(289792K) Eden: 301056K(301056K)->0K(289280K) From: 64K(13824K)->64K(512K)
[701.822s][info][gc,heap        ] GC(1968) ParOldGen: 150051K(175104K)->150051K(175104K)
[701.822s][info][gc,metaspace   ] GC(1968) Metaspace: 35488K(36224K)->35488K(36224K) NonClass: 29216K(29760K)->29216K(29760K) Class: 6271K(6464K)->6271K(6464K)
[701.822s][info][gc             ] GC(1968) Pause Young (Allocation Failure) 440M->146M(454M) 0.869ms
[701.822s][info][gc,cpu         ] GC(1968) User=0.00s Sys=0.00s Real=0.00s
[701.905s][info][gc,start       ] GC(1969) Pause Young (Allocation Failure)
[701.907s][info][gc,heap        ] GC(1969) PSYoungGen: 289344K(289792K)->64K(279040K) Eden: 289280K(289280K)->0K(278016K) From: 64K(512K)->64K(1024K)
[701.907s][info][gc,heap        ] GC(1969) ParOldGen: 150051K(175104K)->150059K(175104K)
[701.907s][info][gc,metaspace   ] GC(1969) Metaspace: 35488K(36224K)->35488K(36224K) NonClass: 29216K(29760K)->29216K(29760K) Class: 6271K(6464K)->6271K(6464K)
[701.907s][info][gc             ] GC(1969) Pause Young (Allocation Failure) 429M->146M(443M) 1.720ms
[701.907s][info][gc,cpu         ] GC(1969) User=0.00s Sys=0.00s Real=0.00s
[702.016s][info][gc,start       ] GC(1970) Pause Young (Allocation Failure)
[702.016s][info][gc,heap        ] GC(1970) PSYoungGen: 278080K(279040K)->64K(280576K) Eden: 278016K(278016K)->0K(267264K) From: 64K(1024K)->64K(13312K)
[702.016s][info][gc,heap        ] GC(1970) ParOldGen: 150059K(175104K)->150067K(175104K)
[702.016s][info][gc,metaspace   ] GC(1970) Metaspace: 35488K(36224K)->35488K(36224K) NonClass: 29216K(29760K)->29216K(29760K) Class: 6271K(6464K)->6271K(6464K)
[702.016s][info][gc             ] GC(1970) Pause Young (Allocation Failure) 418M->146M(445M) 0.883ms
[702.016s][info][gc,cpu         ] GC(1970) User=0.00s Sys=0.00s Real=0.00s
[702.199s][info][gc,start       ] GC(1971) Pause Young (Allocation Failure)
[702.201s][info][gc,heap        ] GC(1971) PSYoungGen: 267328K(280576K)->64K(257536K) Eden: 267264K(267264K)->0K(257024K) From: 64K(13312K)->64K(512K)
[702.201s][info][gc,heap        ] GC(1971) ParOldGen: 150067K(175104K)->150075K(175104K)
[702.201s][info][gc,metaspace   ] GC(1971) Metaspace: 35488K(36224K)->35488K(36224K) NonClass: 29216K(29760K)->29216K(29760K) Class: 6271K(6464K)->6271K(6464K)
[702.201s][info][gc             ] GC(1971) Pause Young (Allocation Failure) 407M->146M(422M) 1.832ms
[702.201s][info][gc,cpu         ] GC(1971) User=0.00s Sys=0.00s Real=0.00s
[703.107s][info][gc,start       ] GC(1972) Pause Young (Allocation Failure)
[703.107s][info][gc,heap        ] GC(1972) PSYoungGen: 257088K(257536K)->83K(259072K) Eden: 257024K(257024K)->0K(247296K) From: 64K(512K)->83K(11776K)
[703.107s][info][gc,heap        ] GC(1972) ParOldGen: 150075K(175104K)->150083K(175104K)
[703.107s][info][gc,metaspace   ] GC(1972) Metaspace: 35488K(36224K)->35488K(36224K) NonClass: 29216K(29760K)->29216K(29760K) Class: 6271K(6464K)->6271K(6464K)
[703.107s][info][gc             ] GC(1972) Pause Young (Allocation Failure) 397M->146M(424M) 0.824ms
[703.108s][info][gc,cpu         ] GC(1972) User=0.00s Sys=0.00s Real=0.00s
[703.945s][info][gc,start       ] GC(1973) Pause Young (Allocation Failure)
[703.947s][info][gc,heap        ] GC(1973) PSYoungGen: 247379K(259072K)->64K(238592K) Eden: 247296K(247296K)->0K(238080K) From: 83K(11776K)->64K(512K)
[703.947s][info][gc,heap        ] GC(1973) ParOldGen: 150083K(175104K)->150091K(175104K)
[703.947s][info][gc,metaspace   ] GC(1973) Metaspace: 35488K(36224K)->35488K(36224K) NonClass: 29216K(29760K)->29216K(29760K) Class: 6271K(6464K)->6271K(6464K)
[703.947s][info][gc             ] GC(1973) Pause Young (Allocation Failure) 388M->146M(404M) 1.753ms
[703.947s][info][gc,cpu         ] GC(1973) User=0.00s Sys=0.00s Real=0.00s
[704.110s][info][gc,start       ] GC(1974) Pause Young (Allocation Failure)
[704.111s][info][gc,heap        ] GC(1974) PSYoungGen: 238144K(238592K)->64K(239104K) Eden: 238080K(238080K)->0K(228864K) From: 64K(512K)->64K(10240K)
[704.111s][info][gc,heap        ] GC(1974) ParOldGen: 150091K(175104K)->150099K(175104K)
[704.111s][info][gc,metaspace   ] GC(1974) Metaspace: 35488K(36224K)->35488K(36224K) NonClass: 29216K(29760K)->29216K(29760K) Class: 6271K(6464K)->6271K(6464K)
[704.111s][info][gc             ] GC(1974) Pause Young (Allocation Failure) 379M->146M(404M) 0.762ms
[704.111s][info][gc,cpu         ] GC(1974) User=0.00s Sys=0.00s Real=0.00s
[704.521s][info][gc,start       ] GC(1975) Pause Young (Allocation Failure)
[704.523s][info][gc,heap        ] GC(1975) PSYoungGen: 228928K(239104K)->64K(220672K) Eden: 228864K(228864K)->0K(220160K) From: 64K(10240K)->64K(512K)
[704.523s][info][gc,heap        ] GC(1975) ParOldGen: 150099K(175104K)->150115K(175104K)
[704.523s][info][gc,metaspace   ] GC(1975) Metaspace: 35488K(36224K)->35488K(36224K) NonClass: 29216K(29760K)->29216K(29760K) Class: 6271K(6464K)->6271K(6464K)
[704.523s][info][gc             ] GC(1975) Pause Young (Allocation Failure) 370M->146M(386M) 2.334ms
[704.523s][info][gc,cpu         ] GC(1975) User=0.00s Sys=0.00s Real=0.00s
[705.197s][info][gc,start       ] GC(1976) Pause Young (Allocation Failure)
[705.199s][info][gc,heap        ] GC(1976) PSYoungGen: 220224K(220672K)->64K(221184K) Eden: 220160K(220160K)->0K(211968K) From: 64K(512K)->64K(9216K)
[705.199s][info][gc,heap        ] GC(1976) ParOldGen: 150115K(175104K)->150131K(175104K)
[705.199s][info][gc,metaspace   ] GC(1976) Metaspace: 35488K(36224K)->35488K(36224K) NonClass: 29216K(29760K)->29216K(29760K) Class: 6271K(6464K)->6271K(6464K)
[705.199s][info][gc             ] GC(1976) Pause Young (Allocation Failure) 361M->146M(387M) 1.339ms
[705.199s][info][gc,cpu         ] GC(1976) User=0.00s Sys=0.00s Real=0.00s
[705.629s][info][gc,start       ] GC(1977) Pause Young (Allocation Failure)
[705.631s][info][gc,heap        ] GC(1977) PSYoungGen: 212032K(221184K)->64K(204800K) Eden: 211968K(211968K)->0K(204288K) From: 64K(9216K)->64K(512K)
[705.631s][info][gc,heap        ] GC(1977) ParOldGen: 150131K(175104K)->150147K(175104K)
[705.631s][info][gc,metaspace   ] GC(1977) Metaspace: 35488K(36224K)->35488K(36224K) NonClass: 29216K(29760K)->29216K(29760K) Class: 6271K(6464K)->6271K(6464K)
[705.631s][info][gc             ] GC(1977) Pause Young (Allocation Failure) 353M->146M(371M) 2.098ms
[705.631s][info][gc,cpu         ] GC(1977) User=0.00s Sys=0.00s Real=0.00s
[705.929s][info][gc,start       ] GC(1978) Pause Young (Allocation Failure)
[705.930s][info][gc,heap        ] GC(1978) PSYoungGen: 204352K(204800K)->64K(204800K) Eden: 204288K(204288K)->0K(197120K) From: 64K(512K)->64K(7680K)
[705.930s][info][gc,heap        ] GC(1978) ParOldGen: 150147K(175104K)->150163K(175104K)
[705.930s][info][gc,metaspace   ] GC(1978) Metaspace: 35488K(36224K)->35488K(36224K) NonClass: 29216K(29760K)->29216K(29760K) Class: 6271K(6464K)->6271K(6464K)
[705.930s][info][gc             ] GC(1978) Pause Young (Allocation Failure) 346M->146M(371M) 1.266ms
[705.930s][info][gc,cpu         ] GC(1978) User=0.00s Sys=0.00s Real=0.00s
[706.072s][info][gc,start       ] GC(1979) Pause Young (Allocation Failure)
[706.074s][info][gc,heap        ] GC(1979) PSYoungGen: 197184K(204800K)->64K(190464K) Eden: 197120K(197120K)->0K(189952K) From: 64K(7680K)->64K(512K)
[706.074s][info][gc,heap        ] GC(1979) ParOldGen: 150163K(175104K)->150179K(175104K)
[706.074s][info][gc,metaspace   ] GC(1979) Metaspace: 35488K(36224K)->35488K(36224K) NonClass: 29216K(29760K)->29216K(29760K) Class: 6271K(6464K)->6271K(6464K)
[706.074s][info][gc             ] GC(1979) Pause Young (Allocation Failure) 339M->146M(357M) 1.962ms
[706.074s][info][gc,cpu         ] GC(1979) User=0.01s Sys=0.00s Real=0.01s
[706.127s][info][gc,start       ] GC(1980) Pause Young (Allocation Failure)
[706.128s][info][gc,heap        ] GC(1980) PSYoungGen: 190016K(190464K)->32K(189952K) Eden: 189952K(189952K)->0K(183296K) From: 64K(512K)->32K(6656K)
[706.128s][info][gc,heap        ] GC(1980) ParOldGen: 150179K(175104K)->150187K(175104K)
[706.128s][info][gc,metaspace   ] GC(1980) Metaspace: 35488K(36224K)->35488K(36224K) NonClass: 29216K(29760K)->29216K(29760K) Class: 6271K(6464K)->6271K(6464K)
[706.128s][info][gc             ] GC(1980) Pause Young (Allocation Failure) 332M->146M(356M) 1.243ms
[706.128s][info][gc,cpu         ] GC(1980) User=0.00s Sys=0.00s Real=0.00s
[706.447s][info][gc,start       ] GC(1981) Pause Young (Allocation Failure)
[706.449s][info][gc,heap        ] GC(1981) PSYoungGen: 183328K(189952K)->64K(177152K) Eden: 183296K(183296K)->0K(176640K) From: 32K(6656K)->64K(512K)
[706.449s][info][gc,heap        ] GC(1981) ParOldGen: 150187K(175104K)->150195K(175104K)
[706.449s][info][gc,metaspace   ] GC(1981) Metaspace: 35488K(36224K)->35488K(36224K) NonClass: 29216K(29760K)->29216K(29760K) Class: 6271K(6464K)->6271K(6464K)
[706.449s][info][gc             ] GC(1981) Pause Young (Allocation Failure) 325M->146M(344M) 1.838ms
[706.449s][info][gc,cpu         ] GC(1981) User=0.00s Sys=0.00s Real=0.00s
[706.802s][info][gc,start       ] GC(1982) Pause Young (Allocation Failure)
[706.803s][info][gc,heap        ] GC(1982) PSYoungGen: 176704K(177152K)->64K(176128K) Eden: 176640K(176640K)->0K(170496K) From: 64K(512K)->64K(5632K)
[706.803s][info][gc,heap        ] GC(1982) ParOldGen: 150195K(175104K)->150203K(175104K)
[706.803s][info][gc,metaspace   ] GC(1982) Metaspace: 35488K(36224K)->35488K(36224K) NonClass: 29216K(29760K)->29216K(29760K) Class: 6271K(6464K)->6271K(6464K)
[706.803s][info][gc             ] GC(1982) Pause Young (Allocation Failure) 319M->146M(343M) 1.378ms
[706.803s][info][gc,cpu         ] GC(1982) User=0.00s Sys=0.00s Real=0.00s
[706.942s][info][gc,start       ] GC(1983) Pause Young (Allocation Failure)
[706.944s][info][gc,heap        ] GC(1983) PSYoungGen: 170560K(176128K)->64K(165376K) Eden: 170496K(170496K)->0K(164864K) From: 64K(5632K)->64K(512K)
[706.944s][info][gc,heap        ] GC(1983) ParOldGen: 150203K(175104K)->150211K(175104K)
[706.944s][info][gc,metaspace   ] GC(1983) Metaspace: 35488K(36224K)->35488K(36224K) NonClass: 29216K(29760K)->29216K(29760K) Class: 6271K(6464K)->6271K(6464K)
[706.944s][info][gc             ] GC(1983) Pause Young (Allocation Failure) 313M->146M(332M) 1.906ms
[706.944s][info][gc,cpu         ] GC(1983) User=0.00s Sys=0.01s Real=0.00s
[707.172s][info][gc,start       ] GC(1984) Pause Young (Allocation Failure)
[707.192s][info][gc,heap        ] GC(1984) PSYoungGen: 164928K(165376K)->5120K(202240K) Eden: 164864K(164864K)->0K(197120K) From: 64K(512K)->5120K(5120K)
[707.192s][info][gc,heap        ] GC(1984) ParOldGen: 150211K(175104K)->152147K(175104K)
[707.192s][info][gc,metaspace   ] GC(1984) Metaspace: 35488K(36224K)->35488K(36224K) NonClass: 29216K(29760K)->29216K(29760K) Class: 6271K(6464K)->6271K(6464K)
[707.192s][info][gc             ] GC(1984) Pause Young (Allocation Failure) 307M->153M(368M) 20.593ms
[707.192s][info][gc,cpu         ] GC(1984) User=0.02s Sys=0.00s Real=0.02s
[707.402s][info][gc,start       ] GC(1985) Pause Young (Allocation Failure)
[707.438s][info][gc,heap        ] GC(1985) PSYoungGen: 202240K(202240K)->5120K(233984K) Eden: 197120K(197120K)->0K(228864K) From: 5120K(5120K)->5120K(5120K)
[707.438s][info][gc,heap        ] GC(1985) ParOldGen: 152147K(175104K)->167971K(175104K)
[707.438s][info][gc,metaspace   ] GC(1985) Metaspace: 35488K(36224K)->35488K(36224K) NonClass: 29216K(29760K)->29216K(29760K) Class: 6271K(6464K)->6271K(6464K)
[707.438s][info][gc             ] GC(1985) Pause Young (Allocation Failure) 346M->169M(399M) 35.382ms
[707.438s][info][gc,cpu         ] GC(1985) User=0.06s Sys=0.00s Real=0.04s
[707.681s][info][gc,start       ] GC(1986) Pause Young (Allocation Failure)
[707.723s][info][gc,heap        ] GC(1986) PSYoungGen: 233984K(233984K)->13824K(242688K) Eden: 228864K(228864K)->0K(228864K) From: 5120K(5120K)->13824K(13824K)
[707.723s][info][gc,heap        ] GC(1986) ParOldGen: 167971K(175104K)->178955K(179200K)
[707.723s][info][gc,metaspace   ] GC(1986) Metaspace: 35488K(36224K)->35488K(36224K) NonClass: 29216K(29760K)->29216K(29760K) Class: 6271K(6464K)->6271K(6464K)
[707.723s][info][gc             ] GC(1986) Pause Young (Allocation Failure) 392M->188M(412M) 42.399ms
[707.723s][info][gc,cpu         ] GC(1986) User=0.08s Sys=0.00s Real=0.04s
[707.909s][info][gc,start       ] GC(1987) Pause Young (Allocation Failure)
[707.945s][info][gc,heap        ] GC(1987) PSYoungGen: 242688K(242688K)->16832K(293376K) Eden: 228864K(228864K)->0K(272384K) From: 13824K(13824K)->16832K(20992K)
[707.945s][info][gc,heap        ] GC(1987) ParOldGen: 178955K(179200K)->179355K(179712K)
[707.945s][info][gc,metaspace   ] GC(1987) Metaspace: 35488K(36224K)->35488K(36224K) NonClass: 29216K(29760K)->29216K(29760K) Class: 6271K(6464K)->6271K(6464K)
[707.945s][info][gc             ] GC(1987) Pause Young (Allocation Failure) 411M->191M(462M) 35.933ms
[707.945s][info][gc,cpu         ] GC(1987) User=0.06s Sys=0.01s Real=0.04s
[708.077s][info][gc,start       ] GC(1988) Pause Young (Allocation Failure)
[708.078s][info][gc,heap        ] GC(1988) PSYoungGen: 289216K(293376K)->64K(295936K) Eden: 272384K(272384K)->0K(272384K) From: 16832K(20992K)->64K(23552K)
[708.078s][info][gc,heap        ] GC(1988) ParOldGen: 179355K(179712K)->179363K(179712K)
[708.078s][info][gc,metaspace   ] GC(1988) Metaspace: 35488K(36224K)->35488K(36224K) NonClass: 29216K(29760K)->29216K(29760K) Class: 6271K(6464K)->6271K(6464K)
[708.078s][info][gc             ] GC(1988) Pause Young (Allocation Failure) 457M->175M(464M) 1.036ms
[708.078s][info][gc,cpu         ] GC(1988) User=0.00s Sys=0.00s Real=0.00s
[708.742s][info][gc,start       ] GC(1989) Pause Young (Allocation Failure)
[708.743s][info][gc,heap        ] GC(1989) PSYoungGen: 272448K(295936K)->64K(307712K) Eden: 272384K(272384K)->0K(287232K) From: 64K(23552K)->64K(20480K)
[708.743s][info][gc,heap        ] GC(1989) ParOldGen: 179363K(179712K)->179379K(179712K)
[708.743s][info][gc,metaspace   ] GC(1989) Metaspace: 35488K(36224K)->35488K(36224K) NonClass: 29216K(29760K)->29216K(29760K) Class: 6271K(6464K)->6271K(6464K)
[708.743s][info][gc             ] GC(1989) Pause Young (Allocation Failure) 441M->175M(476M) 1.042ms
[708.743s][info][gc,cpu         ] GC(1989) User=0.00s Sys=0.00s Real=0.00s
[709.101s][info][gc,start       ] GC(1990) Pause Young (Allocation Failure)
[709.102s][info][gc,heap        ] GC(1990) PSYoungGen: 287296K(307712K)->64K(309248K) Eden: 287232K(287232K)->0K(287232K) From: 64K(20480K)->64K(22016K)
[709.102s][info][gc,heap        ] GC(1990) ParOldGen: 179379K(179712K)->179379K(179712K)
[709.102s][info][gc,metaspace   ] GC(1990) Metaspace: 35488K(36224K)->35488K(36224K) NonClass: 29216K(29760K)->29216K(29760K) Class: 6271K(6464K)->6271K(6464K)
[709.102s][info][gc             ] GC(1990) Pause Young (Allocation Failure) 455M->175M(477M) 1.053ms
[709.102s][info][gc,cpu         ] GC(1990) User=0.00s Sys=0.00s Real=0.00s
[709.504s][info][gc,start       ] GC(1991) Pause Young (Allocation Failure)
[709.505s][info][gc,heap        ] GC(1991) PSYoungGen: 287296K(309248K)->64K(309248K) Eden: 287232K(287232K)->0K(290304K) From: 64K(22016K)->64K(18944K)
[709.505s][info][gc,heap        ] GC(1991) ParOldGen: 179379K(179712K)->179395K(179712K)
[709.505s][info][gc,metaspace   ] GC(1991) Metaspace: 35488K(36224K)->35488K(36224K) NonClass: 29216K(29760K)->29216K(29760K) Class: 6271K(6464K)->6271K(6464K)
[709.505s][info][gc             ] GC(1991) Pause Young (Allocation Failure) 455M->175M(477M) 1.048ms
[709.505s][info][gc,cpu         ] GC(1991) User=0.00s Sys=0.00s Real=0.01s
[709.700s][info][gc,start       ] GC(1992) Pause Young (Allocation Failure)
[709.701s][info][gc,heap        ] GC(1992) PSYoungGen: 290368K(309248K)->64K(310784K) Eden: 290304K(290304K)->0K(290304K) From: 64K(18944K)->64K(20480K)
[709.701s][info][gc,heap        ] GC(1992) ParOldGen: 179395K(179712K)->179411K(179712K)
[709.701s][info][gc,metaspace   ] GC(1992) Metaspace: 35488K(36224K)->35488K(36224K) NonClass: 29216K(29760K)->29216K(29760K) Class: 6271K(6464K)->6271K(6464K)
[709.701s][info][gc             ] GC(1992) Pause Young (Allocation Failure) 458M->175M(479M) 0.991ms
[709.701s][info][gc,cpu         ] GC(1992) User=0.00s Sys=0.00s Real=0.00s
[709.895s][info][gc,start       ] GC(1993) Pause Young (Allocation Failure)
[709.895s][info][gc,heap        ] GC(1993) PSYoungGen: 290368K(310784K)->64K(311808K) Eden: 290304K(290304K)->0K(293888K) From: 64K(20480K)->64K(17920K)
[709.896s][info][gc,heap        ] GC(1993) ParOldGen: 179411K(179712K)->179411K(179712K)
[709.896s][info][gc,metaspace   ] GC(1993) Metaspace: 35488K(36224K)->35488K(36224K) NonClass: 29216K(29760K)->29216K(29760K) Class: 6271K(6464K)->6271K(6464K)
[709.896s][info][gc             ] GC(1993) Pause Young (Allocation Failure) 458M->175M(480M) 0.976ms
[709.896s][info][gc,cpu         ] GC(1993) User=0.00s Sys=0.00s Real=0.00s
[710.202s][info][gc,start       ] GC(1994) Pause Young (Allocation Failure)
[710.203s][info][gc,heap        ] GC(1994) PSYoungGen: 293952K(311808K)->64K(312832K) Eden: 293888K(293888K)->0K(293888K) From: 64K(17920K)->64K(18944K)
[710.203s][info][gc,heap        ] GC(1994) ParOldGen: 179411K(179712K)->179411K(179712K)
[710.203s][info][gc,metaspace   ] GC(1994) Metaspace: 35488K(36224K)->35488K(36224K) NonClass: 29216K(29760K)->29216K(29760K) Class: 6271K(6464K)->6271K(6464K)
[710.203s][info][gc             ] GC(1994) Pause Young (Allocation Failure) 462M->175M(481M) 0.990ms
[710.203s][info][gc,cpu         ] GC(1994) User=0.00s Sys=0.00s Real=0.00s
[710.256s][info][gc,start       ] GC(1995) Pause Young (Allocation Failure)
[710.257s][info][gc,heap        ] GC(1995) PSYoungGen: 293952K(312832K)->64K(312832K) Eden: 293888K(293888K)->0K(296960K) From: 64K(18944K)->64K(15872K)
[710.257s][info][gc,heap        ] GC(1995) ParOldGen: 179411K(179712K)->179427K(179712K)
[710.257s][info][gc,metaspace   ] GC(1995) Metaspace: 35488K(36224K)->35488K(36224K) NonClass: 29216K(29760K)->29216K(29760K) Class: 6271K(6464K)->6271K(6464K)
[710.257s][info][gc             ] GC(1995) Pause Young (Allocation Failure) 462M->175M(481M) 0.888ms
[710.257s][info][gc,cpu         ] GC(1995) User=0.00s Sys=0.00s Real=0.00s
[710.314s][info][gc,start       ] GC(1996) Pause Young (Allocation Failure)
[710.315s][info][gc,heap        ] GC(1996) PSYoungGen: 297024K(312832K)->64K(313856K) Eden: 296960K(296960K)->0K(296960K) From: 64K(15872K)->64K(16896K)
[710.315s][info][gc,heap        ] GC(1996) ParOldGen: 179427K(179712K)->179427K(179712K)
[710.315s][info][gc,metaspace   ] GC(1996) Metaspace: 35488K(36224K)->35488K(36224K) NonClass: 29216K(29760K)->29216K(29760K) Class: 6271K(6464K)->6271K(6464K)
[710.315s][info][gc             ] GC(1996) Pause Young (Allocation Failure) 465M->175M(482M) 0.887ms
[710.315s][info][gc,cpu         ] GC(1996) User=0.00s Sys=0.00s Real=0.01s
[710.569s][info][gc,start       ] GC(1997) Pause Young (Allocation Failure)
[710.570s][info][gc,heap        ] GC(1997) PSYoungGen: 297024K(313856K)->64K(314880K) Eden: 296960K(296960K)->0K(301056K) From: 64K(16896K)->64K(13824K)
[710.570s][info][gc,heap        ] GC(1997) ParOldGen: 179427K(179712K)->179443K(179712K)
[710.570s][info][gc,metaspace   ] GC(1997) Metaspace: 35488K(36224K)->35488K(36224K) NonClass: 29216K(29760K)->29216K(29760K) Class: 6271K(6464K)->6271K(6464K)
[710.570s][info][gc             ] GC(1997) Pause Young (Allocation Failure) 465M->175M(483M) 0.936ms
[710.570s][info][gc,cpu         ] GC(1997) User=0.00s Sys=0.00s Real=0.00s
[710.789s][info][gc,start       ] GC(1998) Pause Young (Allocation Failure)
[710.790s][info][gc,heap        ] GC(1998) PSYoungGen: 301120K(314880K)->64K(315904K) Eden: 301056K(301056K)->0K(301056K) From: 64K(13824K)->64K(14848K)
[710.790s][info][gc,heap        ] GC(1998) ParOldGen: 179443K(179712K)->179443K(179712K)
[710.790s][info][gc,metaspace   ] GC(1998) Metaspace: 35488K(36224K)->35488K(36224K) NonClass: 29216K(29760K)->29216K(29760K) Class: 6271K(6464K)->6271K(6464K)
[710.790s][info][gc             ] GC(1998) Pause Young (Allocation Failure) 469M->175M(484M) 0.940ms
[710.790s][info][gc,cpu         ] GC(1998) User=0.00s Sys=0.00s Real=0.00s
[710.880s][info][gc,start       ] GC(1999) Pause Young (Allocation Failure)
[710.881s][info][gc,heap        ] GC(1999) PSYoungGen: 301120K(315904K)->64K(316416K) Eden: 301056K(301056K)->0K(304640K) From: 64K(14848K)->64K(11776K)
[710.881s][info][gc,heap        ] GC(1999) ParOldGen: 179443K(179712K)->179451K(179712K)
[710.881s][info][gc,metaspace   ] GC(1999) Metaspace: 35488K(36224K)->35488K(36224K) NonClass: 29216K(29760K)->29216K(29760K) Class: 6271K(6464K)->6271K(6464K)
[710.881s][info][gc             ] GC(1999) Pause Young (Allocation Failure) 469M->175M(484M) 0.924ms
[710.881s][info][gc,cpu         ] GC(1999) User=0.00s Sys=0.00s Real=0.00s
[711.008s][info][gc,start       ] GC(2000) Pause Young (Allocation Failure)
[711.009s][info][gc,heap        ] GC(2000) PSYoungGen: 304704K(316416K)->64K(292864K) Eden: 304640K(304640K)->0K(292352K) From: 64K(11776K)->64K(512K)
[711.009s][info][gc,heap        ] GC(2000) ParOldGen: 179451K(179712K)->179459K(179712K)
[711.009s][info][gc,metaspace   ] GC(2000) Metaspace: 35488K(36224K)->35488K(36224K) NonClass: 29216K(29760K)->29216K(29760K) Class: 6271K(6464K)->6271K(6464K)
[711.009s][info][gc             ] GC(2000) Pause Young (Allocation Failure) 472M->175M(461M) 0.892ms
[711.009s][info][gc,cpu         ] GC(2000) User=0.01s Sys=0.00s Real=0.00s
[711.366s][info][gc,start       ] GC(2001) Pause Young (Allocation Failure)
[711.367s][info][gc,heap        ] GC(2001) PSYoungGen: 292416K(292864K)->64K(281088K) Eden: 292352K(292352K)->0K(280576K) From: 64K(512K)->64K(512K)
[711.367s][info][gc,heap        ] GC(2001) ParOldGen: 179459K(179712K)->179467K(179712K)
[711.367s][info][gc,metaspace   ] GC(2001) Metaspace: 35488K(36224K)->35488K(36224K) NonClass: 29216K(29760K)->29216K(29760K) Class: 6271K(6464K)->6271K(6464K)
[711.367s][info][gc             ] GC(2001) Pause Young (Allocation Failure) 460M->175M(450M) 1.321ms
[711.367s][info][gc,cpu         ] GC(2001) User=0.00s Sys=0.00s Real=0.00s
[712.090s][info][gc,start       ] GC(2002) Pause Young (Allocation Failure)
[712.091s][info][gc,heap        ] GC(2002) PSYoungGen: 280640K(281088K)->83K(281088K) Eden: 280576K(280576K)->0K(269312K) From: 64K(512K)->83K(11776K)
[712.091s][info][gc,heap        ] GC(2002) ParOldGen: 179467K(179712K)->179475K(179712K)
[712.091s][info][gc,metaspace   ] GC(2002) Metaspace: 35488K(36224K)->35488K(36224K) NonClass: 29216K(29760K)->29216K(29760K) Class: 6271K(6464K)->6271K(6464K)
[712.091s][info][gc             ] GC(2002) Pause Young (Allocation Failure) 449M->175M(450M) 0.829ms
[712.091s][info][gc,cpu         ] GC(2002) User=0.00s Sys=0.00s Real=0.00s
[712.976s][info][gc,start       ] GC(2003) Pause Young (Allocation Failure)
[712.978s][info][gc,heap        ] GC(2003) PSYoungGen: 269395K(281088K)->64K(259584K) Eden: 269312K(269312K)->0K(259072K) From: 83K(11776K)->64K(512K)
[712.978s][info][gc,heap        ] GC(2003) ParOldGen: 179475K(179712K)->179483K(179712K)
[712.978s][info][gc,metaspace   ] GC(2003) Metaspace: 35488K(36224K)->35488K(36224K) NonClass: 29216K(29760K)->29216K(29760K) Class: 6271K(6464K)->6271K(6464K)
[712.978s][info][gc             ] GC(2003) Pause Young (Allocation Failure) 438M->175M(429M) 2.367ms
[712.978s][info][gc,cpu         ] GC(2003) User=0.01s Sys=0.00s Real=0.00s
[713.306s][info][gc,start       ] GC(2004) Pause Young (Allocation Failure)
[713.307s][info][gc,heap        ] GC(2004) PSYoungGen: 259136K(259584K)->64K(259072K) Eden: 259072K(259072K)->0K(248832K) From: 64K(512K)->64K(10240K)
[713.307s][info][gc,heap        ] GC(2004) ParOldGen: 179483K(179712K)->179499K(179712K)
[713.307s][info][gc,metaspace   ] GC(2004) Metaspace: 35488K(36224K)->35488K(36224K) NonClass: 29216K(29760K)->29216K(29760K) Class: 6271K(6464K)->6271K(6464K)
[713.307s][info][gc             ] GC(2004) Pause Young (Allocation Failure) 428M->175M(428M) 1.529ms
[713.307s][info][gc,cpu         ] GC(2004) User=0.00s Sys=0.00s Real=0.00s
[713.666s][info][gc,start       ] GC(2005) Pause Young (Allocation Failure)
[713.669s][info][gc,heap        ] GC(2005) PSYoungGen: 248896K(259072K)->64K(239616K) Eden: 248832K(248832K)->0K(239104K) From: 64K(10240K)->64K(512K)
[713.669s][info][gc,heap        ] GC(2005) ParOldGen: 179499K(179712K)->179515K(179712K)
[713.669s][info][gc,metaspace   ] GC(2005) Metaspace: 35488K(36224K)->35488K(36224K) NonClass: 29216K(29760K)->29216K(29760K) Class: 6271K(6464K)->6271K(6464K)
[713.669s][info][gc             ] GC(2005) Pause Young (Allocation Failure) 418M->175M(409M) 2.736ms
[713.669s][info][gc,cpu         ] GC(2005) User=0.00s Sys=0.00s Real=0.00s
[714.560s][info][gc,start       ] GC(2006) Pause Young (Allocation Failure)
[714.562s][info][gc,heap        ] GC(2006) PSYoungGen: 239168K(239616K)->64K(239104K) Eden: 239104K(239104K)->0K(229888K) From: 64K(512K)->64K(9216K)
[714.562s][info][gc,heap        ] GC(2006) ParOldGen: 179515K(179712K)->179531K(179712K)
[714.562s][info][gc,metaspace   ] GC(2006) Metaspace: 35488K(36224K)->35488K(36224K) NonClass: 29216K(29760K)->29216K(29760K) Class: 6271K(6464K)->6271K(6464K)
[714.562s][info][gc             ] GC(2006) Pause Young (Allocation Failure) 408M->175M(409M) 1.666ms
[714.562s][info][gc,cpu         ] GC(2006) User=0.00s Sys=0.00s Real=0.00s
[714.896s][info][gc,start       ] GC(2007) Pause Young (Allocation Failure)
[714.899s][info][gc,heap        ] GC(2007) PSYoungGen: 229952K(239104K)->64K(221696K) Eden: 229888K(229888K)->0K(221184K) From: 64K(9216K)->64K(512K)
[714.899s][info][gc,heap        ] GC(2007) ParOldGen: 179531K(179712K)->179547K(179712K)
[714.899s][info][gc,metaspace   ] GC(2007) Metaspace: 35488K(36224K)->35488K(36224K) NonClass: 29216K(29760K)->29216K(29760K) Class: 6271K(6464K)->6271K(6464K)
[714.899s][info][gc             ] GC(2007) Pause Young (Allocation Failure) 399M->175M(392M) 2.148ms
[714.899s][info][gc,cpu         ] GC(2007) User=0.01s Sys=0.00s Real=0.00s
[715.060s][info][gc,start       ] GC(2008) Pause Young (Allocation Failure)
[715.061s][info][gc,heap        ] GC(2008) PSYoungGen: 221248K(221696K)->64K(220672K) Eden: 221184K(221184K)->0K(212992K) From: 64K(512K)->64K(7680K)
[715.061s][info][gc,heap        ] GC(2008) ParOldGen: 179547K(179712K)->179563K(179712K)
[715.061s][info][gc,metaspace   ] GC(2008) Metaspace: 35488K(36224K)->35488K(36224K) NonClass: 29216K(29760K)->29216K(29760K) Class: 6271K(6464K)->6271K(6464K)
[715.061s][info][gc             ] GC(2008) Pause Young (Allocation Failure) 391M->175M(391M) 1.582ms
[715.061s][info][gc,cpu         ] GC(2008) User=0.00s Sys=0.00s Real=0.00s
[715.129s][info][gc,start       ] GC(2009) Pause Young (Allocation Failure)
[715.132s][info][gc,heap        ] GC(2009) PSYoungGen: 213056K(220672K)->32K(205824K) Eden: 212992K(212992K)->0K(205312K) From: 64K(7680K)->32K(512K)
[715.132s][info][gc,heap        ] GC(2009) ParOldGen: 179563K(179712K)->179571K(179712K)
[715.132s][info][gc,metaspace   ] GC(2009) Metaspace: 35488K(36224K)->35488K(36224K) NonClass: 29216K(29760K)->29216K(29760K) Class: 6271K(6464K)->6271K(6464K)
[715.132s][info][gc             ] GC(2009) Pause Young (Allocation Failure) 383M->175M(376M) 2.283ms
[715.132s][info][gc,cpu         ] GC(2009) User=0.00s Sys=0.00s Real=0.00s
[715.574s][info][gc,start       ] GC(2010) Pause Young (Allocation Failure)
[715.575s][info][gc,heap        ] GC(2010) PSYoungGen: 205344K(205824K)->64K(204288K) Eden: 205312K(205312K)->0K(197632K) From: 32K(512K)->64K(6656K)
[715.575s][info][gc,heap        ] GC(2010) ParOldGen: 179571K(179712K)->179579K(179712K)
[715.575s][info][gc,metaspace   ] GC(2010) Metaspace: 35488K(36224K)->35488K(36224K) NonClass: 29216K(29760K)->29216K(29760K) Class: 6271K(6464K)->6271K(6464K)
[715.576s][info][gc             ] GC(2010) Pause Young (Allocation Failure) 375M->175M(375M) 1.723ms
[715.576s][info][gc,cpu         ] GC(2010) User=0.00s Sys=0.00s Real=0.01s
[715.824s][info][gc,start       ] GC(2011) Pause Young (Allocation Failure)
[715.826s][info][gc,heap        ] GC(2011) PSYoungGen: 197696K(204288K)->32K(190976K) Eden: 197632K(197632K)->0K(190464K) From: 64K(6656K)->32K(512K)
[715.826s][info][gc,heap        ] GC(2011) ParOldGen: 179579K(179712K)->179587K(179712K)
[715.826s][info][gc,metaspace   ] GC(2011) Metaspace: 35488K(36224K)->35488K(36224K) NonClass: 29216K(29760K)->29216K(29760K) Class: 6271K(6464K)->6271K(6464K)
[715.826s][info][gc             ] GC(2011) Pause Young (Allocation Failure) 368M->175M(362M) 2.178ms
[715.827s][info][gc,cpu         ] GC(2011) User=0.00s Sys=0.00s Real=0.01s
[716.087s][info][gc,start       ] GC(2012) Pause Young (Allocation Failure)
[716.088s][info][gc,heap        ] GC(2012) PSYoungGen: 190496K(190976K)->32K(189440K) Eden: 190464K(190464K)->0K(183808K) From: 32K(512K)->32K(5632K)
[716.088s][info][gc,heap        ] GC(2012) ParOldGen: 179587K(179712K)->179595K(179712K)
[716.088s][info][gc,metaspace   ] GC(2012) Metaspace: 35488K(36224K)->35488K(36224K) NonClass: 29216K(29760K)->29216K(29760K) Class: 6271K(6464K)->6271K(6464K)
[716.088s][info][gc             ] GC(2012) Pause Young (Allocation Failure) 361M->175M(360M) 1.673ms
[716.088s][info][gc,cpu         ] GC(2012) User=0.00s Sys=0.00s Real=0.00s
[716.295s][info][gc,start       ] GC(2013) Pause Young (Allocation Failure)
[716.332s][info][gc,heap        ] GC(2013) PSYoungGen: 183840K(189440K)->5632K(225792K) Eden: 183808K(183808K)->0K(220160K) From: 32K(5632K)->5632K(5632K)
[716.332s][info][gc,heap        ] GC(2013) ParOldGen: 179595K(179712K)->192387K(192512K)
[716.332s][info][gc,metaspace   ] GC(2013) Metaspace: 35488K(36224K)->35488K(36224K) NonClass: 29216K(29760K)->29216K(29760K) Class: 6271K(6464K)->6271K(6464K)
[716.332s][info][gc             ] GC(2013) Pause Young (Allocation Failure) 354M->193M(408M) 37.517ms
[716.332s][info][gc,cpu         ] GC(2013) User=0.06s Sys=0.01s Real=0.03s
[716.567s][info][gc,start       ] GC(2014) Pause Young (Allocation Failure)
[716.613s][info][gc,heap        ] GC(2014) PSYoungGen: 225792K(225792K)->11776K(257024K) Eden: 220160K(220160K)->0K(245248K) From: 5632K(5632K)->11776K(11776K)
[716.613s][info][gc,heap        ] GC(2014) ParOldGen: 192387K(192512K)->204395K(204800K)
[716.613s][info][gc,metaspace   ] GC(2014) Metaspace: 35488K(36224K)->35488K(36224K) NonClass: 29216K(29760K)->29216K(29760K) Class: 6271K(6464K)->6271K(6464K)
[716.613s][info][gc             ] GC(2014) Pause Young (Allocation Failure) 408M->211M(451M) 45.766ms
[716.613s][info][gc,cpu         ] GC(2014) User=0.09s Sys=0.00s Real=0.04s
[716.874s][info][gc,start       ] GC(2015) Pause Young (Allocation Failure)
[716.929s][info][gc,heap        ] GC(2015) PSYoungGen: 257024K(257024K)->18432K(275456K) Eden: 245248K(245248K)->0K(257024K) From: 11776K(11776K)->18432K(18432K)
[716.929s][info][gc,heap        ] GC(2015) ParOldGen: 204395K(204800K)->212331K(212480K)
[716.929s][info][gc,metaspace   ] GC(2015) Metaspace: 35488K(36224K)->35488K(36224K) NonClass: 29216K(29760K)->29216K(29760K) Class: 6271K(6464K)->6271K(6464K)
[716.929s][info][gc             ] GC(2015) Pause Young (Allocation Failure) 450M->225M(476M) 54.304ms
[716.929s][info][gc,cpu         ] GC(2015) User=0.09s Sys=0.02s Real=0.06s
[717.004s][info][gc,start       ] GC(2016) Pause Young (Allocation Failure)
[717.009s][info][gc,heap        ] GC(2016) PSYoungGen: 275456K(275456K)->1312K(282624K) Eden: 257024K(257024K)->0K(257024K) From: 18432K(18432K)->1312K(25600K)
[717.009s][info][gc,heap        ] GC(2016) ParOldGen: 212331K(212480K)->212619K(212992K)
[717.009s][info][gc,metaspace   ] GC(2016) Metaspace: 35488K(36224K)->35488K(36224K) NonClass: 29216K(29760K)->29216K(29760K) Class: 6271K(6464K)->6271K(6464K)
[717.009s][info][gc             ] GC(2016) Pause Young (Allocation Failure) 476M->208M(484M) 4.907ms
[717.009s][info][gc,cpu         ] GC(2016) User=0.01s Sys=0.00s Real=0.01s
[717.459s][info][gc,start       ] GC(2017) Pause Young (Allocation Failure)
[717.460s][info][gc,heap        ] GC(2017) PSYoungGen: 258336K(282624K)->64K(305152K) Eden: 257024K(257024K)->0K(283648K) From: 1312K(25600K)->64K(21504K)
[717.460s][info][gc,heap        ] GC(2017) ParOldGen: 212619K(212992K)->212627K(212992K)
[717.460s][info][gc,metaspace   ] GC(2017) Metaspace: 35488K(36224K)->35488K(36224K) NonClass: 29216K(29760K)->29216K(29760K) Class: 6271K(6464K)->6271K(6464K)
[717.460s][info][gc             ] GC(2017) Pause Young (Allocation Failure) 459M->207M(506M) 1.125ms
[717.460s][info][gc,cpu         ] GC(2017) User=0.01s Sys=0.00s Real=0.00s
[718.010s][info][gc,start       ] GC(2018) Pause Young (Allocation Failure)
[718.011s][info][gc,heap        ] GC(2018) PSYoungGen: 283712K(305152K)->64K(307200K) Eden: 283648K(283648K)->0K(283648K) From: 64K(21504K)->64K(23552K)
[718.011s][info][gc,heap        ] GC(2018) ParOldGen: 212627K(212992K)->212635K(212992K)
[718.011s][info][gc,metaspace   ] GC(2018) Metaspace: 35488K(36224K)->35488K(36224K) NonClass: 29216K(29760K)->29216K(29760K) Class: 6271K(6464K)->6271K(6464K)
[718.011s][info][gc             ] GC(2018) Pause Young (Allocation Failure) 484M->207M(508M) 1.029ms
[718.011s][info][gc,cpu         ] GC(2018) User=0.00s Sys=0.00s Real=0.00s
[718.401s][info][gc,start       ] GC(2019) Pause Young (Allocation Failure)
[718.402s][info][gc,heap        ] GC(2019) PSYoungGen: 283712K(307200K)->64K(308224K) Eden: 283648K(283648K)->0K(287744K) From: 64K(23552K)->64K(20480K)
[718.402s][info][gc,heap        ] GC(2019) ParOldGen: 212635K(212992K)->212651K(212992K)
[718.402s][info][gc,metaspace   ] GC(2019) Metaspace: 35488K(36224K)->35488K(36224K) NonClass: 29216K(29760K)->29216K(29760K) Class: 6271K(6464K)->6271K(6464K)
[718.402s][info][gc             ] GC(2019) Pause Young (Allocation Failure) 484M->207M(509M) 1.008ms
[718.402s][info][gc,cpu         ] GC(2019) User=0.00s Sys=0.00s Real=0.00s
[718.591s][info][gc,start       ] GC(2020) Pause Young (Allocation Failure)
[718.592s][info][gc,heap        ] GC(2020) PSYoungGen: 287808K(308224K)->64K(309760K) Eden: 287744K(287744K)->0K(287744K) From: 64K(20480K)->64K(22016K)
[718.592s][info][gc,heap        ] GC(2020) ParOldGen: 212651K(212992K)->212667K(212992K)
[718.592s][info][gc,metaspace   ] GC(2020) Metaspace: 35488K(36224K)->35488K(36224K) NonClass: 29216K(29760K)->29216K(29760K) Class: 6271K(6464K)->6271K(6464K)
[718.592s][info][gc             ] GC(2020) Pause Young (Allocation Failure) 488M->207M(510M) 1.002ms
[718.592s][info][gc,cpu         ] GC(2020) User=0.00s Sys=0.00s Real=0.00s
[718.779s][info][gc,start       ] GC(2021) Pause Young (Allocation Failure)
[718.780s][info][gc,heap        ] GC(2021) PSYoungGen: 287808K(309760K)->64K(309248K) Eden: 287744K(287744K)->0K(290816K) From: 64K(22016K)->64K(18432K)
[718.780s][info][gc,heap        ] GC(2021) ParOldGen: 212667K(212992K)->212667K(212992K)
[718.780s][info][gc,metaspace   ] GC(2021) Metaspace: 35488K(36224K)->35488K(36224K) NonClass: 29216K(29760K)->29216K(29760K) Class: 6271K(6464K)->6271K(6464K)
[718.780s][info][gc             ] GC(2021) Pause Young (Allocation Failure) 488M->207M(510M) 1.006ms
[718.780s][info][gc,cpu         ] GC(2021) User=0.01s Sys=0.00s Real=0.00s
[719.103s][info][gc,start       ] GC(2022) Pause Young (Allocation Failure)
[719.104s][info][gc,heap        ] GC(2022) PSYoungGen: 290880K(309248K)->64K(310784K) Eden: 290816K(290816K)->0K(290816K) From: 64K(18432K)->64K(19968K)
[719.104s][info][gc,heap        ] GC(2022) ParOldGen: 212667K(212992K)->212667K(212992K)
[719.104s][info][gc,metaspace   ] GC(2022) Metaspace: 35488K(36224K)->35488K(36224K) NonClass: 29216K(29760K)->29216K(29760K) Class: 6271K(6464K)->6271K(6464K)
[719.104s][info][gc             ] GC(2022) Pause Young (Allocation Failure) 491M->207M(511M) 0.956ms
[719.104s][info][gc,cpu         ] GC(2022) User=0.00s Sys=0.00s Real=0.00s
[719.196s][info][gc,start       ] GC(2023) Pause Young (Allocation Failure)
[719.196s][info][gc,heap        ] GC(2023) PSYoungGen: 290880K(310784K)->64K(311296K) Eden: 290816K(290816K)->0K(294912K) From: 64K(19968K)->64K(16384K)
[719.197s][info][gc,heap        ] GC(2023) ParOldGen: 212667K(212992K)->212675K(212992K)
[719.197s][info][gc,metaspace   ] GC(2023) Metaspace: 35488K(36224K)->35488K(36224K) NonClass: 29216K(29760K)->29216K(29760K) Class: 6271K(6464K)->6271K(6464K)
[719.197s][info][gc             ] GC(2023) Pause Young (Allocation Failure) 491M->207M(512M) 1.029ms
[719.197s][info][gc,cpu         ] GC(2023) User=0.00s Sys=0.00s Real=0.00s
[719.249s][info][gc,start       ] GC(2024) Pause Young (Allocation Failure)
[719.250s][info][gc,heap        ] GC(2024) PSYoungGen: 294976K(311296K)->64K(312832K) Eden: 294912K(294912K)->0K(294912K) From: 64K(16384K)->64K(17920K)
[719.250s][info][gc,heap        ] GC(2024) ParOldGen: 212675K(212992K)->212691K(212992K)
[719.250s][info][gc,metaspace   ] GC(2024) Metaspace: 35488K(36224K)->35488K(36224K) NonClass: 29216K(29760K)->29216K(29760K) Class: 6271K(6464K)->6271K(6464K)
[719.250s][info][gc             ] GC(2024) Pause Young (Allocation Failure) 495M->207M(513M) 0.939ms
[719.250s][info][gc,cpu         ] GC(2024) User=0.01s Sys=0.00s Real=0.00s
[719.417s][info][gc,start       ] GC(2025) Pause Young (Allocation Failure)
[719.418s][info][gc,heap        ] GC(2025) PSYoungGen: 294976K(312832K)->64K(313344K) Eden: 294912K(294912K)->0K(299008K) From: 64K(17920K)->64K(14336K)
[719.418s][info][gc,heap        ] GC(2025) ParOldGen: 212691K(212992K)->212691K(212992K)
[719.418s][info][gc,metaspace   ] GC(2025) Metaspace: 35488K(36224K)->35488K(36224K) NonClass: 29216K(29760K)->29216K(29760K) Class: 6271K(6464K)->6271K(6464K)
[719.418s][info][gc             ] GC(2025) Pause Young (Allocation Failure) 495M->207M(514M) 1.049ms
[719.418s][info][gc,cpu         ] GC(2025) User=0.00s Sys=0.00s Real=0.00s
[719.662s][info][gc,start       ] GC(2026) Pause Young (Allocation Failure)
[719.663s][info][gc,heap        ] GC(2026) PSYoungGen: 299072K(313344K)->64K(314880K) Eden: 299008K(299008K)->0K(299008K) From: 64K(14336K)->64K(15872K)
[719.663s][info][gc,heap        ] GC(2026) ParOldGen: 212691K(212992K)->212699K(212992K)
[719.663s][info][gc,metaspace   ] GC(2026) Metaspace: 35488K(36224K)->35488K(36224K) NonClass: 29216K(29760K)->29216K(29760K) Class: 6271K(6464K)->6271K(6464K)
[719.663s][info][gc             ] GC(2026) Pause Young (Allocation Failure) 499M->207M(515M) 0.984ms
[719.663s][info][gc,cpu         ] GC(2026) User=0.01s Sys=0.00s Real=0.00s
[719.807s][info][gc,start       ] GC(2027) Pause Young (Allocation Failure)
[719.808s][info][gc,heap        ] GC(2027) PSYoungGen: 299072K(314880K)->64K(316416K) Eden: 299008K(299008K)->0K(303104K) From: 64K(15872K)->64K(13312K)
[719.808s][info][gc,heap        ] GC(2027) ParOldGen: 212699K(212992K)->212707K(212992K)
[719.808s][info][gc,metaspace   ] GC(2027) Metaspace: 35488K(36224K)->35488K(36224K) NonClass: 29216K(29760K)->29216K(29760K) Class: 6271K(6464K)->6271K(6464K)
[719.808s][info][gc             ] GC(2027) Pause Young (Allocation Failure) 499M->207M(517M) 1.054ms
[719.808s][info][gc,cpu         ] GC(2027) User=0.00s Sys=0.00s Real=0.00s
[719.890s][info][gc,start       ] GC(2028) Pause Young (Allocation Failure)
[719.891s][info][gc,heap        ] GC(2028) PSYoungGen: 303168K(316416K)->64K(317440K) Eden: 303104K(303104K)->0K(303104K) From: 64K(13312K)->64K(14336K)
[719.891s][info][gc,heap        ] GC(2028) ParOldGen: 212707K(212992K)->212723K(212992K)
[719.891s][info][gc,metaspace   ] GC(2028) Metaspace: 35488K(36224K)->35488K(36224K) NonClass: 29216K(29760K)->29216K(29760K) Class: 6271K(6464K)->6271K(6464K)
[719.891s][info][gc             ] GC(2028) Pause Young (Allocation Failure) 503M->207M(518M) 0.984ms
[719.891s][info][gc,cpu         ] GC(2028) User=0.00s Sys=0.00s Real=0.00s
[720.073s][info][gc,start       ] GC(2029) Pause Young (Allocation Failure)
[720.074s][info][gc,heap        ] GC(2029) PSYoungGen: 303168K(317440K)->64K(291328K) Eden: 303104K(303104K)->0K(290816K) From: 64K(14336K)->64K(512K)
[720.074s][info][gc,heap        ] GC(2029) ParOldGen: 212723K(212992K)->212723K(212992K)
[720.074s][info][gc,metaspace   ] GC(2029) Metaspace: 35488K(36224K)->35488K(36224K) NonClass: 29216K(29760K)->29216K(29760K) Class: 6271K(6464K)->6271K(6464K)
[720.074s][info][gc             ] GC(2029) Pause Young (Allocation Failure) 503M->207M(492M) 0.985ms
[720.074s][info][gc,cpu         ] GC(2029) User=0.01s Sys=0.00s Real=0.00s
[721.033s][info][gc,start       ] GC(2030) Pause Young (Allocation Failure)
[721.034s][info][gc,heap        ] GC(2030) PSYoungGen: 290880K(291328K)->64K(291840K) Eden: 290816K(290816K)->0K(279552K) From: 64K(512K)->64K(12288K)
[721.034s][info][gc,heap        ] GC(2030) ParOldGen: 212723K(212992K)->212731K(212992K)
[721.034s][info][gc,metaspace   ] GC(2030) Metaspace: 35488K(36224K)->35488K(36224K) NonClass: 29216K(29760K)->29216K(29760K) Class: 6271K(6464K)->6271K(6464K)
[721.034s][info][gc             ] GC(2030) Pause Young (Allocation Failure) 491M->207M(493M) 0.954ms
[721.034s][info][gc,cpu         ] GC(2030) User=0.00s Sys=0.00s Real=0.00s
[721.882s][info][gc,start       ] GC(2031) Pause Young (Allocation Failure)
[721.883s][info][gc,heap        ] GC(2031) PSYoungGen: 279616K(291840K)->64K(269312K) Eden: 279552K(279552K)->0K(268800K) From: 64K(12288K)->64K(512K)
[721.883s][info][gc,heap        ] GC(2031) ParOldGen: 212731K(212992K)->212739K(212992K)
[721.883s][info][gc,metaspace   ] GC(2031) Metaspace: 35488K(36224K)->35488K(36224K) NonClass: 29216K(29760K)->29216K(29760K) Class: 6271K(6464K)->6271K(6464K)
[721.883s][info][gc             ] GC(2031) Pause Young (Allocation Failure) 480M->207M(471M) 1.091ms
[721.883s][info][gc,cpu         ] GC(2031) User=0.00s Sys=0.00s Real=0.00s
[722.071s][info][gc,start       ] GC(2032) Pause Young (Allocation Failure)
[722.072s][info][gc,heap        ] GC(2032) PSYoungGen: 268864K(269312K)->64K(269312K) Eden: 268800K(268800K)->0K(258560K) From: 64K(512K)->64K(10752K)
[722.072s][info][gc,heap        ] GC(2032) ParOldGen: 212739K(212992K)->212747K(212992K)
[722.072s][info][gc,metaspace   ] GC(2032) Metaspace: 35488K(36224K)->35488K(36224K) NonClass: 29216K(29760K)->29216K(29760K) Class: 6271K(6464K)->6271K(6464K)
[722.072s][info][gc             ] GC(2032) Pause Young (Allocation Failure) 470M->207M(471M) 0.944ms
[722.072s][info][gc,cpu         ] GC(2032) User=0.00s Sys=0.00s Real=0.00s
[722.502s][info][gc,start       ] GC(2033) Pause Young (Allocation Failure)
[722.503s][info][gc,heap        ] GC(2033) PSYoungGen: 258624K(269312K)->64K(249344K) Eden: 258560K(258560K)->0K(248832K) From: 64K(10752K)->64K(512K)
[722.503s][info][gc,heap        ] GC(2033) ParOldGen: 212747K(212992K)->212755K(212992K)
[722.503s][info][gc,metaspace   ] GC(2033) Metaspace: 35488K(36224K)->35488K(36224K) NonClass: 29216K(29760K)->29216K(29760K) Class: 6271K(6464K)->6271K(6464K)
[722.503s][info][gc             ] GC(2033) Pause Young (Allocation Failure) 460M->207M(451M) 1.321ms
[722.503s][info][gc,cpu         ] GC(2033) User=0.01s Sys=0.00s Real=0.00s
[723.447s][info][gc,start       ] GC(2034) Pause Young (Allocation Failure)
[723.448s][info][gc,heap        ] GC(2034) PSYoungGen: 248896K(249344K)->64K(248832K) Eden: 248832K(248832K)->0K(239104K) From: 64K(512K)->64K(9728K)
[723.448s][info][gc,heap        ] GC(2034) ParOldGen: 212755K(212992K)->212763K(212992K)
[723.448s][info][gc,metaspace   ] GC(2034) Metaspace: 35488K(36224K)->35488K(36224K) NonClass: 29216K(29760K)->29216K(29760K) Class: 6271K(6464K)->6271K(6464K)
[723.448s][info][gc             ] GC(2034) Pause Young (Allocation Failure) 450M->207M(451M) 1.011ms
[723.448s][info][gc,cpu         ] GC(2034) User=0.01s Sys=0.00s Real=0.00s
[723.817s][info][gc,start       ] GC(2035) Pause Young (Allocation Failure)
[723.819s][info][gc,heap        ] GC(2035) PSYoungGen: 239168K(248832K)->64K(230400K) Eden: 239104K(239104K)->0K(229888K) From: 64K(9728K)->64K(512K)
[723.819s][info][gc,heap        ] GC(2035) ParOldGen: 212763K(212992K)->212779K(212992K)
[723.819s][info][gc,metaspace   ] GC(2035) Metaspace: 35488K(36224K)->35488K(36224K) NonClass: 29216K(29760K)->29216K(29760K) Class: 6271K(6464K)->6271K(6464K)
[723.819s][info][gc             ] GC(2035) Pause Young (Allocation Failure) 441M->207M(433M) 2.381ms
[723.819s][info][gc,cpu         ] GC(2035) User=0.00s Sys=0.00s Real=0.00s
[724.010s][info][gc,start       ] GC(2036) Pause Young (Allocation Failure)
[724.012s][info][gc,heap        ] GC(2036) PSYoungGen: 229952K(230400K)->64K(229376K) Eden: 229888K(229888K)->0K(221184K) From: 64K(512K)->64K(8192K)
[724.012s][info][gc,heap        ] GC(2036) ParOldGen: 212779K(212992K)->212795K(212992K)
[724.012s][info][gc,metaspace   ] GC(2036) Metaspace: 35488K(36224K)->35488K(36224K) NonClass: 29216K(29760K)->29216K(29760K) Class: 6271K(6464K)->6271K(6464K)
[724.012s][info][gc             ] GC(2036) Pause Young (Allocation Failure) 432M->207M(432M) 1.688ms
[724.012s][info][gc,cpu         ] GC(2036) User=0.01s Sys=0.00s Real=0.00s
[724.065s][info][gc,start       ] GC(2037) Pause Young (Allocation Failure)
[724.067s][info][gc,heap        ] GC(2037) PSYoungGen: 221248K(229376K)->32K(262656K) Eden: 221184K(221184K)->0K(262144K) From: 64K(8192K)->32K(512K)
[724.067s][info][gc,heap        ] GC(2037) ParOldGen: 212795K(212992K)->212803K(212992K)
[724.067s][info][gc,metaspace   ] GC(2037) Metaspace: 35488K(36224K)->35488K(36224K) NonClass: 29216K(29760K)->29216K(29760K) Class: 6271K(6464K)->6271K(6464K)
[724.067s][info][gc             ] GC(2037) Pause Young (Allocation Failure) 423M->207M(464M) 2.034ms
[724.068s][info][gc,cpu         ] GC(2037) User=0.00s Sys=0.01s Real=0.00s
[724.531s][info][gc,start       ] GC(2038) Pause Young (Allocation Failure)
[724.533s][info][gc,heap        ] GC(2038) PSYoungGen: 262176K(262656K)->32K(259072K) Eden: 262144K(262144K)->0K(251904K) From: 32K(512K)->32K(7168K)
[724.533s][info][gc,heap        ] GC(2038) ParOldGen: 212803K(212992K)->212803K(212992K)
[724.533s][info][gc,metaspace   ] GC(2038) Metaspace: 35488K(36224K)->35488K(36224K) NonClass: 29216K(29760K)->29216K(29760K) Class: 6271K(6464K)->6271K(6464K)
[724.533s][info][gc             ] GC(2038) Pause Young (Allocation Failure) 463M->207M(461M) 1.455ms
[724.533s][info][gc,cpu         ] GC(2038) User=0.00s Sys=0.00s Real=0.00s
[724.829s][info][gc,start       ] GC(2039) Pause Young (Allocation Failure)
[724.831s][info][gc,heap        ] GC(2039) PSYoungGen: 251936K(259072K)->32K(242688K) Eden: 251904K(251904K)->0K(242176K) From: 32K(7168K)->32K(512K)
[724.831s][info][gc,heap        ] GC(2039) ParOldGen: 212803K(212992K)->212811K(212992K)
[724.831s][info][gc,metaspace   ] GC(2039) Metaspace: 35488K(36224K)->35488K(36224K) NonClass: 29216K(29760K)->29216K(29760K) Class: 6271K(6464K)->6271K(6464K)
[724.831s][info][gc             ] GC(2039) Pause Young (Allocation Failure) 453M->207M(445M) 1.971ms
[724.831s][info][gc,cpu         ] GC(2039) User=0.00s Sys=0.00s Real=0.00s
[725.153s][info][gc,start       ] GC(2040) Pause Young (Allocation Failure)
[725.173s][info][gc,heap        ] GC(2040) PSYoungGen: 242208K(242688K)->6144K(271360K) Eden: 242176K(242176K)->0K(265216K) From: 32K(512K)->6144K(6144K)
[725.173s][info][gc,heap        ] GC(2040) ParOldGen: 212811K(212992K)->217099K(217600K)
[725.173s][info][gc,metaspace   ] GC(2040) Metaspace: 35488K(36224K)->35488K(36224K) NonClass: 29216K(29760K)->29216K(29760K) Class: 6271K(6464K)->6271K(6464K)
[725.173s][info][gc             ] GC(2040) Pause Young (Allocation Failure) 444M->218M(477M) 19.657ms
[725.173s][info][gc,cpu         ] GC(2040) User=0.03s Sys=0.00s Real=0.02s
[725.453s][info][gc,start       ] GC(2041) Pause Young (Allocation Failure)
[725.511s][info][gc,heap        ] GC(2041) PSYoungGen: 271360K(271360K)->9216K(289280K) Eden: 265216K(265216K)->0K(280064K) From: 6144K(6144K)->9216K(9216K)
[725.511s][info][gc,heap        ] GC(2041) ParOldGen: 217099K(217600K)->236131K(236544K)
[725.511s][info][gc,metaspace   ] GC(2041) Metaspace: 35488K(36224K)->35488K(36224K) NonClass: 29216K(29760K)->29216K(29760K) Class: 6271K(6464K)->6271K(6464K)
[725.511s][info][gc             ] GC(2041) Pause Young (Allocation Failure) 477M->239M(513M) 58.358ms
[725.511s][info][gc,cpu         ] GC(2041) User=0.10s Sys=0.02s Real=0.06s
[725.811s][info][gc,start       ] GC(2042) Pause Young (Allocation Failure)
[725.876s][info][gc,heap        ] GC(2042) PSYoungGen: 289280K(289280K)->18432K(298496K) Eden: 280064K(280064K)->0K(280064K) From: 9216K(9216K)->18432K(18432K)
[725.876s][info][gc,heap        ] GC(2042) ParOldGen: 236131K(236544K)->248035K(248320K)
[725.876s][info][gc,metaspace   ] GC(2042) Metaspace: 35488K(36224K)->35488K(36224K) NonClass: 29216K(29760K)->29216K(29760K) Class: 6271K(6464K)->6271K(6464K)
[725.876s][info][gc             ] GC(2042) Pause Young (Allocation Failure) 513M->260M(534M) 64.730ms
[725.876s][info][gc,cpu         ] GC(2042) User=0.11s Sys=0.02s Real=0.07s
[725.960s][info][gc,start       ] GC(2043) Pause Young (Allocation Failure)
[725.966s][info][gc,heap        ] GC(2043) PSYoungGen: 298496K(298496K)->832K(308224K) Eden: 280064K(280064K)->0K(281600K) From: 18432K(18432K)->832K(26624K)
[725.966s][info][gc,heap        ] GC(2043) ParOldGen: 248035K(248320K)->248467K(248832K)
[725.966s][info][gc,metaspace   ] GC(2043) Metaspace: 35488K(36224K)->35488K(36224K) NonClass: 29216K(29760K)->29216K(29760K) Class: 6271K(6464K)->6271K(6464K)
[725.966s][info][gc             ] GC(2043) Pause Young (Allocation Failure) 533M->243M(544M) 5.627ms
[725.966s][info][gc,cpu         ] GC(2043) User=0.01s Sys=0.00s Real=0.01s
[726.523s][info][gc,start       ] GC(2044) Pause Young (Allocation Failure)
[726.524s][info][gc,heap        ] GC(2044) PSYoungGen: 282432K(308224K)->64K(282112K) Eden: 281600K(281600K)->0K(281600K) From: 832K(26624K)->64K(512K)
[726.524s][info][gc,heap        ] GC(2044) ParOldGen: 248467K(248832K)->248475K(248832K)
[726.524s][info][gc,metaspace   ] GC(2044) Metaspace: 35488K(36224K)->35488K(36224K) NonClass: 29216K(29760K)->29216K(29760K) Class: 6271K(6464K)->6271K(6464K)
[726.524s][info][gc             ] GC(2044) Pause Young (Allocation Failure) 518M->242M(518M) 1.075ms
[726.524s][info][gc,cpu         ] GC(2044) User=0.00s Sys=0.00s Real=0.00s
[726.967s][info][gc,start       ] GC(2045) Pause Young (Allocation Failure)
[726.968s][info][gc,heap        ] GC(2045) PSYoungGen: 281664K(282112K)->64K(307712K) Eden: 281600K(281600K)->0K(282624K) From: 64K(512K)->64K(25088K)
[726.968s][info][gc,heap        ] GC(2045) ParOldGen: 248475K(248832K)->248483K(248832K)
[726.968s][info][gc,metaspace   ] GC(2045) Metaspace: 35489K(36224K)->35489K(36224K) NonClass: 29218K(29760K)->29218K(29760K) Class: 6271K(6464K)->6271K(6464K)
[726.968s][info][gc             ] GC(2045) Pause Young (Allocation Failure) 517M->242M(543M) 1.158ms
[726.968s][info][gc,cpu         ] GC(2045) User=0.00s Sys=0.00s Real=0.00s
[727.360s][info][gc,start       ] GC(2046) Pause Young (Allocation Failure)
[727.361s][info][gc,heap        ] GC(2046) PSYoungGen: 282688K(307712K)->64K(306688K) Eden: 282624K(282624K)->0K(282624K) From: 64K(25088K)->64K(24064K)
[727.361s][info][gc,heap        ] GC(2046) ParOldGen: 248483K(248832K)->248499K(248832K)
[727.361s][info][gc,metaspace   ] GC(2046) Metaspace: 35489K(36224K)->35489K(36224K) NonClass: 29218K(29760K)->29218K(29760K) Class: 6271K(6464K)->6271K(6464K)
[727.361s][info][gc             ] GC(2046) Pause Young (Allocation Failure) 518M->242M(542M) 1.132ms
[727.361s][info][gc,cpu         ] GC(2046) User=0.00s Sys=0.00s Real=0.00s
[727.546s][info][gc,start       ] GC(2047) Pause Young (Allocation Failure)
[727.547s][info][gc,heap        ] GC(2047) PSYoungGen: 282688K(306688K)->64K(308736K) Eden: 282624K(282624K)->0K(285696K) From: 64K(24064K)->64K(23040K)
[727.547s][info][gc,heap        ] GC(2047) ParOldGen: 248499K(248832K)->248515K(248832K)
[727.548s][info][gc,metaspace   ] GC(2047) Metaspace: 35489K(36224K)->35489K(36224K) NonClass: 29218K(29760K)->29218K(29760K) Class: 6271K(6464K)->6271K(6464K)
[727.548s][info][gc             ] GC(2047) Pause Young (Allocation Failure) 518M->242M(544M) 1.071ms
[727.548s][info][gc,cpu         ] GC(2047) User=0.00s Sys=0.00s Real=0.00s
[727.733s][info][gc,start       ] GC(2048) Pause Young (Allocation Failure)
[727.734s][info][gc,heap        ] GC(2048) PSYoungGen: 285760K(308736K)->64K(307712K) Eden: 285696K(285696K)->0K(285696K) From: 64K(23040K)->64K(22016K)
[727.734s][info][gc,heap        ] GC(2048) ParOldGen: 248515K(248832K)->248515K(248832K)
[727.734s][info][gc,metaspace   ] GC(2048) Metaspace: 35489K(36224K)->35489K(36224K) NonClass: 29218K(29760K)->29218K(29760K) Class: 6271K(6464K)->6271K(6464K)
[727.734s][info][gc             ] GC(2048) Pause Young (Allocation Failure) 521M->242M(543M) 1.069ms
[727.734s][info][gc,cpu         ] GC(2048) User=0.00s Sys=0.00s Real=0.01s
[728.065s][info][gc,start       ] GC(2049) Pause Young (Allocation Failure)
[728.066s][info][gc,heap        ] GC(2049) PSYoungGen: 285760K(307712K)->64K(310784K) Eden: 285696K(285696K)->0K(289792K) From: 64K(22016K)->64K(20992K)
[728.066s][info][gc,heap        ] GC(2049) ParOldGen: 248515K(248832K)->248515K(248832K)
[728.066s][info][gc,metaspace   ] GC(2049) Metaspace: 35489K(36224K)->35489K(36224K) NonClass: 29218K(29760K)->29218K(29760K) Class: 6271K(6464K)->6271K(6464K)
[728.066s][info][gc             ] GC(2049) Pause Young (Allocation Failure) 521M->242M(546M) 1.106ms
[728.066s][info][gc,cpu         ] GC(2049) User=0.01s Sys=0.00s Real=0.00s
[728.129s][info][gc,start       ] GC(2050) Pause Young (Allocation Failure)
[728.130s][info][gc,heap        ] GC(2050) PSYoungGen: 289856K(310784K)->64K(309760K) Eden: 289792K(289792K)->0K(289792K) From: 64K(20992K)->64K(19968K)
[728.130s][info][gc,heap        ] GC(2050) ParOldGen: 248515K(248832K)->248523K(248832K)
[728.130s][info][gc,metaspace   ] GC(2050) Metaspace: 35489K(36224K)->35489K(36224K) NonClass: 29218K(29760K)->29218K(29760K) Class: 6271K(6464K)->6271K(6464K)
[728.130s][info][gc             ] GC(2050) Pause Young (Allocation Failure) 525M->242M(545M) 0.986ms
[728.130s][info][gc,cpu         ] GC(2050) User=0.00s Sys=0.00s Real=0.00s
[728.182s][info][gc,start       ] GC(2051) Pause Young (Allocation Failure)
[728.183s][info][gc,heap        ] GC(2051) PSYoungGen: 289856K(309760K)->32K(312320K) Eden: 289792K(289792K)->0K(293888K) From: 64K(19968K)->32K(18432K)
[728.183s][info][gc,heap        ] GC(2051) ParOldGen: 248523K(248832K)->248539K(248832K)
[728.183s][info][gc,metaspace   ] GC(2051) Metaspace: 35489K(36224K)->35489K(36224K) NonClass: 29218K(29760K)->29218K(29760K) Class: 6271K(6464K)->6271K(6464K)
[728.183s][info][gc             ] GC(2051) Pause Young (Allocation Failure) 525M->242M(548M) 0.938ms
[728.183s][info][gc,cpu         ] GC(2051) User=0.00s Sys=0.00s Real=0.00s
[728.367s][info][gc,start       ] GC(2052) Pause Young (Allocation Failure)
[728.368s][info][gc,heap        ] GC(2052) PSYoungGen: 293920K(312320K)->64K(311296K) Eden: 293888K(293888K)->0K(293888K) From: 32K(18432K)->64K(17408K)
[728.368s][info][gc,heap        ] GC(2052) ParOldGen: 248539K(248832K)->248539K(248832K)
[728.368s][info][gc,metaspace   ] GC(2052) Metaspace: 35489K(36224K)->35489K(36224K) NonClass: 29218K(29760K)->29218K(29760K) Class: 6271K(6464K)->6271K(6464K)
[728.368s][info][gc             ] GC(2052) Pause Young (Allocation Failure) 529M->242M(547M) 1.038ms
[728.368s][info][gc,cpu         ] GC(2052) User=0.00s Sys=0.00s Real=0.00s
[728.602s][info][gc,start       ] GC(2053) Pause Young (Allocation Failure)
[728.603s][info][gc,heap        ] GC(2053) PSYoungGen: 293952K(311296K)->64K(314880K) Eden: 293888K(293888K)->0K(298496K) From: 64K(17408K)->64K(16384K)
[728.603s][info][gc,heap        ] GC(2053) ParOldGen: 248539K(248832K)->248547K(248832K)
[728.603s][info][gc,metaspace   ] GC(2053) Metaspace: 35489K(36224K)->35489K(36224K) NonClass: 29218K(29760K)->29218K(29760K) Class: 6271K(6464K)->6271K(6464K)
[728.603s][info][gc             ] GC(2053) Pause Young (Allocation Failure) 529M->242M(550M) 1.043ms
[728.603s][info][gc,cpu         ] GC(2053) User=0.00s Sys=0.00s Real=0.00s
[728.736s][info][gc,start       ] GC(2054) Pause Young (Allocation Failure)
[728.737s][info][gc,heap        ] GC(2054) PSYoungGen: 298560K(314880K)->64K(314368K) Eden: 298496K(298496K)->0K(298496K) From: 64K(16384K)->64K(15872K)
[728.737s][info][gc,heap        ] GC(2054) ParOldGen: 248547K(248832K)->248555K(248832K)
[728.737s][info][gc,metaspace   ] GC(2054) Metaspace: 35489K(36224K)->35489K(36224K) NonClass: 29218K(29760K)->29218K(29760K) Class: 6271K(6464K)->6271K(6464K)
[728.737s][info][gc             ] GC(2054) Pause Young (Allocation Failure) 534M->242M(550M) 1.103ms
[728.737s][info][gc,cpu         ] GC(2054) User=0.00s Sys=0.00s Real=0.00s
[728.822s][info][gc,start       ] GC(2055) Pause Young (Allocation Failure)
[728.823s][info][gc,heap        ] GC(2055) PSYoungGen: 298560K(314368K)->64K(316928K) Eden: 298496K(298496K)->0K(302592K) From: 64K(15872K)->64K(14336K)
[728.823s][info][gc,heap        ] GC(2055) ParOldGen: 248555K(248832K)->248563K(248832K)
[728.823s][info][gc,metaspace   ] GC(2055) Metaspace: 35489K(36224K)->35489K(36224K) NonClass: 29218K(29760K)->29218K(29760K) Class: 6271K(6464K)->6271K(6464K)
[728.823s][info][gc             ] GC(2055) Pause Young (Allocation Failure) 534M->242M(552M) 1.124ms
[728.823s][info][gc,cpu         ] GC(2055) User=0.00s Sys=0.01s Real=0.00s
[729.007s][info][gc,start       ] GC(2056) Pause Young (Allocation Failure)
[729.008s][info][gc,heap        ] GC(2056) PSYoungGen: 302656K(316928K)->64K(290816K) Eden: 302592K(302592K)->0K(290304K) From: 64K(14336K)->64K(512K)
[729.008s][info][gc,heap        ] GC(2056) ParOldGen: 248563K(248832K)->248571K(248832K)
[729.008s][info][gc,metaspace   ] GC(2056) Metaspace: 35489K(36224K)->35489K(36224K) NonClass: 29218K(29760K)->29218K(29760K) Class: 6271K(6464K)->6271K(6464K)
[729.008s][info][gc             ] GC(2056) Pause Young (Allocation Failure) 538M->242M(527M) 1.046ms
[729.008s][info][gc,cpu         ] GC(2056) User=0.00s Sys=0.00s Real=0.00s
[729.961s][info][gc,start       ] GC(2057) Pause Young (Allocation Failure)
[729.962s][info][gc,heap        ] GC(2057) PSYoungGen: 290368K(290816K)->83K(279552K) Eden: 290304K(290304K)->0K(279040K) From: 64K(512K)->83K(512K)
[729.962s][info][gc,heap        ] GC(2057) ParOldGen: 248571K(248832K)->248579K(248832K)
[729.962s][info][gc,metaspace   ] GC(2057) Metaspace: 35489K(36224K)->35489K(36224K) NonClass: 29218K(29760K)->29218K(29760K) Class: 6271K(6464K)->6271K(6464K)
[729.962s][info][gc             ] GC(2057) Pause Young (Allocation Failure) 526M->242M(516M) 1.322ms
[729.962s][info][gc,cpu         ] GC(2057) User=0.00s Sys=0.00s Real=0.00s
[730.810s][info][gc,start       ] GC(2058) Pause Young (Allocation Failure)
[730.811s][info][gc,heap        ] GC(2058) PSYoungGen: 279123K(279552K)->64K(280576K) Eden: 279040K(279040K)->0K(268288K) From: 83K(512K)->64K(12288K)
[730.811s][info][gc,heap        ] GC(2058) ParOldGen: 248579K(248832K)->248587K(248832K)
[730.811s][info][gc,metaspace   ] GC(2058) Metaspace: 35489K(36224K)->35489K(36224K) NonClass: 29218K(29760K)->29218K(29760K) Class: 6271K(6464K)->6271K(6464K)
[730.811s][info][gc             ] GC(2058) Pause Young (Allocation Failure) 515M->242M(517M) 1.028ms
[730.811s][info][gc,cpu         ] GC(2058) User=0.01s Sys=0.00s Real=0.00s
[731.025s][info][gc,start       ] GC(2059) Pause Young (Allocation Failure)
[731.027s][info][gc,heap        ] GC(2059) PSYoungGen: 268352K(280576K)->64K(258560K) Eden: 268288K(268288K)->0K(258048K) From: 64K(12288K)->64K(512K)
[731.027s][info][gc,heap        ] GC(2059) ParOldGen: 248587K(248832K)->248595K(248832K)
[731.027s][info][gc,metaspace   ] GC(2059) Metaspace: 35489K(36224K)->35489K(36224K) NonClass: 29218K(29760K)->29218K(29760K) Class: 6271K(6464K)->6271K(6464K)
[731.027s][info][gc             ] GC(2059) Pause Young (Allocation Failure) 504M->242M(495M) 1.776ms
[731.027s][info][gc,cpu         ] GC(2059) User=0.00s Sys=0.00s Real=0.00s
[731.433s][info][gc,start       ] GC(2060) Pause Young (Allocation Failure)
[731.434s][info][gc,heap        ] GC(2060) PSYoungGen: 258112K(258560K)->64K(259072K) Eden: 258048K(258048K)->0K(248320K) From: 64K(512K)->64K(10752K)
[731.434s][info][gc,heap        ] GC(2060) ParOldGen: 248595K(248832K)->248603K(248832K)
[731.434s][info][gc,metaspace   ] GC(2060) Metaspace: 35489K(36224K)->35489K(36224K) NonClass: 29218K(29760K)->29218K(29760K) Class: 6271K(6464K)->6271K(6464K)
[731.434s][info][gc             ] GC(2060) Pause Young (Allocation Failure) 494M->242M(496M) 1.096ms
[731.434s][info][gc,cpu         ] GC(2060) User=0.01s Sys=0.00s Real=0.00s
[732.365s][info][gc,start       ] GC(2061) Pause Young (Allocation Failure)
[732.367s][info][gc,heap        ] GC(2061) PSYoungGen: 248384K(259072K)->64K(239104K) Eden: 248320K(248320K)->0K(238592K) From: 64K(10752K)->64K(512K)
[732.367s][info][gc,heap        ] GC(2061) ParOldGen: 248603K(248832K)->248611K(248832K)
[732.367s][info][gc,metaspace   ] GC(2061) Metaspace: 35489K(36224K)->35489K(36224K) NonClass: 29218K(29760K)->29218K(29760K) Class: 6271K(6464K)->6271K(6464K)
[732.367s][info][gc             ] GC(2061) Pause Young (Allocation Failure) 485M->242M(476M) 1.669ms
[732.367s][info][gc,cpu         ] GC(2061) User=0.00s Sys=0.00s Real=0.00s
[732.737s][info][gc,start       ] GC(2062) Pause Young (Allocation Failure)
[732.738s][info][gc,heap        ] GC(2062) PSYoungGen: 238656K(239104K)->64K(238592K) Eden: 238592K(238592K)->0K(229376K) From: 64K(512K)->64K(9216K)
[732.738s][info][gc,heap        ] GC(2062) ParOldGen: 248611K(248832K)->248619K(248832K)
[732.738s][info][gc,metaspace   ] GC(2062) Metaspace: 35489K(36224K)->35489K(36224K) NonClass: 29218K(29760K)->29218K(29760K) Class: 6271K(6464K)->6271K(6464K)
[732.738s][info][gc             ] GC(2062) Pause Young (Allocation Failure) 475M->242M(476M) 1.019ms
[732.738s][info][gc,cpu         ] GC(2062) User=0.00s Sys=0.00s Real=0.00s
[732.921s][info][gc,start       ] GC(2063) Pause Young (Allocation Failure)
[732.923s][info][gc,heap        ] GC(2063) PSYoungGen: 229440K(238592K)->64K(221184K) Eden: 229376K(229376K)->0K(220672K) From: 64K(9216K)->64K(512K)
[732.923s][info][gc,heap        ] GC(2063) ParOldGen: 248619K(248832K)->248627K(248832K)
[732.923s][info][gc,metaspace   ] GC(2063) Metaspace: 35489K(36224K)->35489K(36224K) NonClass: 29218K(29760K)->29218K(29760K) Class: 6271K(6464K)->6271K(6464K)
[732.923s][info][gc             ] GC(2063) Pause Young (Allocation Failure) 466M->242M(459M) 1.780ms
[732.923s][info][gc,cpu         ] GC(2063) User=0.00s Sys=0.00s Real=0.00s
[732.976s][info][gc,start       ] GC(2064) Pause Young (Allocation Failure)
[732.977s][info][gc,heap        ] GC(2064) PSYoungGen: 220736K(221184K)->64K(220160K) Eden: 220672K(220672K)->0K(212480K) From: 64K(512K)->64K(7680K)
[732.977s][info][gc,heap        ] GC(2064) ParOldGen: 248627K(248832K)->248643K(248832K)
[732.977s][info][gc,metaspace   ] GC(2064) Metaspace: 35489K(36224K)->35489K(36224K) NonClass: 29218K(29760K)->29218K(29760K) Class: 6271K(6464K)->6271K(6464K)
[732.977s][info][gc             ] GC(2064) Pause Young (Allocation Failure) 458M->242M(458M) 0.972ms
[732.977s][info][gc,cpu         ] GC(2064) User=0.01s Sys=0.00s Real=0.00s
[733.348s][info][gc,start       ] GC(2065) Pause Young (Allocation Failure)
[733.350s][info][gc,heap        ] GC(2065) PSYoungGen: 212544K(220160K)->64K(205312K) Eden: 212480K(212480K)->0K(204800K) From: 64K(7680K)->64K(512K)
[733.350s][info][gc,heap        ] GC(2065) ParOldGen: 248643K(248832K)->248643K(248832K)
[733.350s][info][gc,metaspace   ] GC(2065) Metaspace: 35489K(36224K)->35489K(36224K) NonClass: 29218K(29760K)->29218K(29760K) Class: 6271K(6464K)->6271K(6464K)
[733.350s][info][gc             ] GC(2065) Pause Young (Allocation Failure) 450M->242M(443M) 1.686ms
[733.350s][info][gc,cpu         ] GC(2065) User=0.00s Sys=0.00s Real=0.00s
[733.674s][info][gc,start       ] GC(2066) Pause Young (Allocation Failure)
[733.675s][info][gc,heap        ] GC(2066) PSYoungGen: 204864K(205312K)->64K(204288K) Eden: 204800K(204800K)->0K(197632K) From: 64K(512K)->64K(6656K)
[733.675s][info][gc,heap        ] GC(2066) ParOldGen: 248643K(248832K)->248651K(248832K)
[733.675s][info][gc,metaspace   ] GC(2066) Metaspace: 35489K(36224K)->35489K(36224K) NonClass: 29218K(29760K)->29218K(29760K) Class: 6271K(6464K)->6271K(6464K)
[733.675s][info][gc             ] GC(2066) Pause Young (Allocation Failure) 442M->242M(442M) 1.129ms
[733.675s][info][gc,cpu         ] GC(2066) User=0.00s Sys=0.00s Real=0.01s
[733.899s][info][gc,start       ] GC(2067) Pause Young (Allocation Failure)
[733.901s][info][gc,heap        ] GC(2067) PSYoungGen: 197696K(204288K)->32K(190976K) Eden: 197632K(197632K)->0K(190464K) From: 64K(6656K)->32K(512K)
[733.901s][info][gc,heap        ] GC(2067) ParOldGen: 248651K(248832K)->248659K(248832K)
[733.901s][info][gc,metaspace   ] GC(2067) Metaspace: 35489K(36224K)->35489K(36224K) NonClass: 29218K(29760K)->29218K(29760K) Class: 6271K(6464K)->6271K(6464K)
[733.901s][info][gc             ] GC(2067) Pause Young (Allocation Failure) 435M->242M(429M) 2.009ms
[733.901s][info][gc,cpu         ] GC(2067) User=0.01s Sys=0.00s Real=0.00s
[734.132s][info][gc,start       ] GC(2068) Pause Young (Allocation Failure)
[734.182s][info][gc,heap        ] GC(2068) PSYoungGen: 190496K(190976K)->6144K(234496K) Eden: 190464K(190464K)->0K(228352K) From: 32K(512K)->6144K(6144K)
[734.182s][info][gc,heap        ] GC(2068) ParOldGen: 248659K(248832K)->259723K(260096K)
[734.182s][info][gc,metaspace   ] GC(2068) Metaspace: 35489K(36224K)->35489K(36224K) NonClass: 29218K(29760K)->29218K(29760K) Class: 6271K(6464K)->6271K(6464K)
[734.182s][info][gc             ] GC(2068) Pause Young (Allocation Failure) 428M->259M(483M) 49.829ms
[734.182s][info][gc,cpu         ] GC(2068) User=0.05s Sys=0.01s Real=0.05s
[734.423s][info][gc,start       ] GC(2069) Pause Young (Allocation Failure)
[734.474s][info][gc,heap        ] GC(2069) PSYoungGen: 234496K(234496K)->6144K(245248K) Eden: 228352K(228352K)->0K(239104K) From: 6144K(6144K)->6144K(6144K)
[734.474s][info][gc,heap        ] GC(2069) ParOldGen: 259723K(260096K)->278179K(278528K)
[734.474s][info][gc,metaspace   ] GC(2069) Metaspace: 35489K(36224K)->35489K(36224K) NonClass: 29218K(29760K)->29218K(29760K) Class: 6271K(6464K)->6271K(6464K)
[734.474s][info][gc             ] GC(2069) Pause Young (Allocation Failure) 482M->277M(511M) 50.490ms
[734.474s][info][gc,cpu         ] GC(2069) User=0.09s Sys=0.01s Real=0.05s
[734.727s][info][gc,start       ] GC(2070) Pause Young (Allocation Failure)
[734.774s][info][gc,heap        ] GC(2070) PSYoungGen: 245248K(245248K)->18944K(258048K) Eden: 239104K(239104K)->0K(239104K) From: 6144K(6144K)->18944K(18944K)
[734.774s][info][gc,heap        ] GC(2070) ParOldGen: 278179K(278528K)->285195K(285696K)
[734.774s][info][gc,metaspace   ] GC(2070) Metaspace: 35489K(36224K)->35489K(36224K) NonClass: 29218K(29760K)->29218K(29760K) Class: 6271K(6464K)->6271K(6464K)
[734.774s][info][gc             ] GC(2070) Pause Young (Allocation Failure) 511M->297M(531M) 46.792ms
[734.774s][info][gc,cpu         ] GC(2070) User=0.09s Sys=0.01s Real=0.04s
[734.849s][info][gc,start       ] GC(2071) Pause Young (Allocation Failure)
[734.856s][info][gc,heap        ] GC(2071) PSYoungGen: 258048K(258048K)->2336K(309248K) Eden: 239104K(239104K)->0K(283648K) From: 18944K(18944K)->2336K(25600K)
[734.856s][info][gc,heap        ] GC(2071) ParOldGen: 285195K(285696K)->285435K(285696K)
[734.856s][info][gc,metaspace   ] GC(2071) Metaspace: 35489K(36224K)->35489K(36224K) NonClass: 29218K(29760K)->29218K(29760K) Class: 6271K(6464K)->6271K(6464K)
[734.856s][info][gc             ] GC(2071) Pause Young (Allocation Failure) 530M->281M(581M) 7.192ms
[734.856s][info][gc,cpu         ] GC(2071) User=0.01s Sys=0.00s Real=0.01s
[735.328s][info][gc,start       ] GC(2072) Pause Young (Allocation Failure)
[735.329s][info][gc,heap        ] GC(2072) PSYoungGen: 285984K(309248K)->64K(284160K) Eden: 283648K(283648K)->0K(283648K) From: 2336K(25600K)->64K(512K)
[735.329s][info][gc,heap        ] GC(2072) ParOldGen: 285435K(285696K)->285443K(285696K)
[735.329s][info][gc,metaspace   ] GC(2072) Metaspace: 35489K(36224K)->35489K(36224K) NonClass: 29218K(29760K)->29218K(29760K) Class: 6271K(6464K)->6271K(6464K)
[735.329s][info][gc             ] GC(2072) Pause Young (Allocation Failure) 558M->278M(556M) 1.262ms
[735.329s][info][gc,cpu         ] GC(2072) User=0.01s Sys=0.00s Real=0.00s
[735.867s][info][gc,start       ] GC(2073) Pause Young (Allocation Failure)
[735.868s][info][gc,heap        ] GC(2073) PSYoungGen: 283712K(284160K)->64K(308224K) Eden: 283648K(283648K)->0K(284672K) From: 64K(512K)->64K(23552K)
[735.868s][info][gc,heap        ] GC(2073) ParOldGen: 285443K(285696K)->285451K(285696K)
[735.868s][info][gc,metaspace   ] GC(2073) Metaspace: 35490K(36224K)->35490K(36224K) NonClass: 29219K(29760K)->29219K(29760K) Class: 6271K(6464K)->6271K(6464K)
[735.868s][info][gc             ] GC(2073) Pause Young (Allocation Failure) 555M->278M(580M) 1.281ms
[735.868s][info][gc,cpu         ] GC(2073) User=0.00s Sys=0.00s Real=0.00s
[736.259s][info][gc,start       ] GC(2074) Pause Young (Allocation Failure)
[736.261s][info][gc,heap        ] GC(2074) PSYoungGen: 284736K(308224K)->64K(307200K) Eden: 284672K(284672K)->0K(284672K) From: 64K(23552K)->64K(22528K)
[736.261s][info][gc,heap        ] GC(2074) ParOldGen: 285451K(285696K)->285467K(285696K)
[736.261s][info][gc,metaspace   ] GC(2074) Metaspace: 35490K(36224K)->35490K(36224K) NonClass: 29219K(29760K)->29219K(29760K) Class: 6271K(6464K)->6271K(6464K)
[736.261s][info][gc             ] GC(2074) Pause Young (Allocation Failure) 556M->278M(579M) 1.300ms
[736.261s][info][gc,cpu         ] GC(2074) User=0.01s Sys=0.00s Real=0.00s
[736.447s][info][gc,start       ] GC(2075) Pause Young (Allocation Failure)
[736.448s][info][gc,heap        ] GC(2075) PSYoungGen: 284736K(307200K)->64K(310272K) Eden: 284672K(284672K)->0K(288768K) From: 64K(22528K)->64K(21504K)
[736.448s][info][gc,heap        ] GC(2075) ParOldGen: 285467K(285696K)->285483K(285696K)
[736.448s][info][gc,metaspace   ] GC(2075) Metaspace: 35490K(36224K)->35490K(36224K) NonClass: 29219K(29760K)->29219K(29760K) Class: 6271K(6464K)->6271K(6464K)
[736.448s][info][gc             ] GC(2075) Pause Young (Allocation Failure) 556M->278M(582M) 1.135ms
[736.448s][info][gc,cpu         ] GC(2075) User=0.00s Sys=0.00s Real=0.00s
[736.644s][info][gc,start       ] GC(2076) Pause Young (Allocation Failure)
[736.645s][info][gc,heap        ] GC(2076) PSYoungGen: 288832K(310272K)->64K(309760K) Eden: 288768K(288768K)->0K(288768K) From: 64K(21504K)->64K(20992K)
[736.645s][info][gc,heap        ] GC(2076) ParOldGen: 285483K(285696K)->285483K(285696K)
[736.645s][info][gc,metaspace   ] GC(2076) Metaspace: 35490K(36224K)->35490K(36224K) NonClass: 29219K(29760K)->29219K(29760K) Class: 6271K(6464K)->6271K(6464K)
[736.645s][info][gc             ] GC(2076) Pause Young (Allocation Failure) 560M->278M(581M) 1.165ms
[736.645s][info][gc,cpu         ] GC(2076) User=0.00s Sys=0.00s Real=0.01s
[736.965s][info][gc,start       ] GC(2077) Pause Young (Allocation Failure)
[736.966s][info][gc,heap        ] GC(2077) PSYoungGen: 288832K(309760K)->64K(311808K) Eden: 288768K(288768K)->0K(292352K) From: 64K(20992K)->64K(19456K)
[736.967s][info][gc,heap        ] GC(2077) ParOldGen: 285483K(285696K)->285483K(285696K)
[736.967s][info][gc,metaspace   ] GC(2077) Metaspace: 35490K(36224K)->35490K(36224K) NonClass: 29219K(29760K)->29219K(29760K) Class: 6271K(6464K)->6271K(6464K)
[736.967s][info][gc             ] GC(2077) Pause Young (Allocation Failure) 560M->278M(583M) 1.123ms
[736.967s][info][gc,cpu         ] GC(2077) User=0.00s Sys=0.00s Real=0.00s
[737.062s][info][gc,start       ] GC(2078) Pause Young (Allocation Failure)
[737.063s][info][gc,heap        ] GC(2078) PSYoungGen: 292416K(311808K)->64K(311296K) Eden: 292352K(292352K)->0K(292352K) From: 64K(19456K)->64K(18944K)
[737.063s][info][gc,heap        ] GC(2078) ParOldGen: 285483K(285696K)->285491K(285696K)
[737.063s][info][gc,metaspace   ] GC(2078) Metaspace: 35490K(36224K)->35490K(36224K) NonClass: 29219K(29760K)->29219K(29760K) Class: 6271K(6464K)->6271K(6464K)
[737.063s][info][gc             ] GC(2078) Pause Young (Allocation Failure) 564M->278M(583M) 1.159ms
[737.063s][info][gc,cpu         ] GC(2078) User=0.00s Sys=0.00s Real=0.00s
[737.115s][info][gc,start       ] GC(2079) Pause Young (Allocation Failure)
[737.116s][info][gc,heap        ] GC(2079) PSYoungGen: 292416K(311296K)->64K(313856K) Eden: 292352K(292352K)->0K(296448K) From: 64K(18944K)->64K(17408K)
[737.116s][info][gc,heap        ] GC(2079) ParOldGen: 285491K(285696K)->285507K(285696K)
[737.116s][info][gc,metaspace   ] GC(2079) Metaspace: 35490K(36224K)->35490K(36224K) NonClass: 29219K(29760K)->29219K(29760K) Class: 6271K(6464K)->6271K(6464K)
[737.116s][info][gc             ] GC(2079) Pause Young (Allocation Failure) 564M->278M(585M) 1.054ms
[737.116s][info][gc,cpu         ] GC(2079) User=0.00s Sys=0.00s Real=0.00s
[737.283s][info][gc,start       ] GC(2080) Pause Young (Allocation Failure)
[737.285s][info][gc,heap        ] GC(2080) PSYoungGen: 296512K(313856K)->64K(313344K) Eden: 296448K(296448K)->0K(296448K) From: 64K(17408K)->64K(16896K)
[737.285s][info][gc,heap        ] GC(2080) ParOldGen: 285507K(285696K)->285507K(285696K)
[737.285s][info][gc,metaspace   ] GC(2080) Metaspace: 35490K(36224K)->35490K(36224K) NonClass: 29219K(29760K)->29219K(29760K) Class: 6271K(6464K)->6271K(6464K)
[737.285s][info][gc             ] GC(2080) Pause Young (Allocation Failure) 568M->278M(585M) 1.170ms
[737.285s][info][gc,cpu         ] GC(2080) User=0.00s Sys=0.00s Real=0.01s
[737.526s][info][gc,start       ] GC(2081) Pause Young (Allocation Failure)
[737.527s][info][gc,heap        ] GC(2081) PSYoungGen: 296512K(313344K)->64K(315904K) Eden: 296448K(296448K)->0K(300544K) From: 64K(16896K)->64K(15360K)
[737.527s][info][gc,heap        ] GC(2081) ParOldGen: 285507K(285696K)->285515K(285696K)
[737.527s][info][gc,metaspace   ] GC(2081) Metaspace: 35490K(36224K)->35490K(36224K) NonClass: 29219K(29760K)->29219K(29760K) Class: 6271K(6464K)->6271K(6464K)
[737.527s][info][gc             ] GC(2081) Pause Young (Allocation Failure) 568M->278M(587M) 1.128ms
[737.527s][info][gc,cpu         ] GC(2081) User=0.00s Sys=0.00s Real=0.00s
[737.676s][info][gc,start       ] GC(2082) Pause Young (Allocation Failure)
[737.677s][info][gc,heap        ] GC(2082) PSYoungGen: 300608K(315904K)->64K(315392K) Eden: 300544K(300544K)->0K(300544K) From: 64K(15360K)->64K(14848K)
[737.677s][info][gc,heap        ] GC(2082) ParOldGen: 285515K(285696K)->285523K(285696K)
[737.677s][info][gc,metaspace   ] GC(2082) Metaspace: 35490K(36224K)->35490K(36224K) NonClass: 29219K(29760K)->29219K(29760K) Class: 6271K(6464K)->6271K(6464K)
[737.677s][info][gc             ] GC(2082) Pause Young (Allocation Failure) 572M->278M(587M) 1.228ms
[737.677s][info][gc,cpu         ] GC(2082) User=0.00s Sys=0.00s Real=0.00s
[737.756s][info][gc,start       ] GC(2083) Pause Young (Allocation Failure)
[737.757s][info][gc,heap        ] GC(2083) PSYoungGen: 300608K(315392K)->64K(317952K) Eden: 300544K(300544K)->0K(304640K) From: 64K(14848K)->64K(13312K)
[737.757s][info][gc,heap        ] GC(2083) ParOldGen: 285523K(285696K)->285539K(285696K)
[737.757s][info][gc,metaspace   ] GC(2083) Metaspace: 35490K(36224K)->35490K(36224K) NonClass: 29219K(29760K)->29219K(29760K) Class: 6271K(6464K)->6271K(6464K)
[737.757s][info][gc             ] GC(2083) Pause Young (Allocation Failure) 572M->278M(589M) 1.186ms
[737.757s][info][gc,cpu         ] GC(2083) User=0.00s Sys=0.00s Real=0.00s
[737.941s][info][gc,start       ] GC(2084) Pause Young (Allocation Failure)
[737.942s][info][gc,heap        ] GC(2084) PSYoungGen: 304704K(317952K)->64K(317952K) Eden: 304640K(304640K)->0K(304640K) From: 64K(13312K)->64K(13312K)
[737.942s][info][gc,heap        ] GC(2084) ParOldGen: 285539K(285696K)->285539K(285696K)
[737.942s][info][gc,metaspace   ] GC(2084) Metaspace: 35490K(36224K)->35490K(36224K) NonClass: 29219K(29760K)->29219K(29760K) Class: 6271K(6464K)->6271K(6464K)
[737.942s][info][gc             ] GC(2084) Pause Young (Allocation Failure) 576M->278M(589M) 1.232ms
[737.942s][info][gc,cpu         ] GC(2084) User=0.00s Sys=0.00s Real=0.00s
[738.912s][info][gc,start       ] GC(2085) Pause Young (Allocation Failure)
[738.914s][info][gc,heap        ] GC(2085) PSYoungGen: 304704K(317952K)->83K(292864K) Eden: 304640K(304640K)->0K(292352K) From: 64K(13312K)->83K(512K)
[738.914s][info][gc,heap        ] GC(2085) ParOldGen: 285539K(285696K)->285547K(285696K)
[738.914s][info][gc,metaspace   ] GC(2085) Metaspace: 35490K(36224K)->35490K(36224K) NonClass: 29219K(29760K)->29219K(29760K) Class: 6271K(6464K)->6271K(6464K)
[738.914s][info][gc             ] GC(2085) Pause Young (Allocation Failure) 576M->278M(565M) 1.207ms
[738.914s][info][gc,cpu         ] GC(2085) User=0.00s Sys=0.00s Real=0.00s
[739.767s][info][gc,start       ] GC(2086) Pause Young (Allocation Failure)
[739.768s][info][gc,heap        ] GC(2086) PSYoungGen: 292435K(292864K)->64K(292352K) Eden: 292352K(292352K)->0K(280576K) From: 83K(512K)->64K(11776K)
[739.768s][info][gc,heap        ] GC(2086) ParOldGen: 285547K(285696K)->285555K(285696K)
[739.768s][info][gc,metaspace   ] GC(2086) Metaspace: 35490K(36224K)->35490K(36224K) NonClass: 29219K(29760K)->29219K(29760K) Class: 6271K(6464K)->6271K(6464K)
[739.768s][info][gc             ] GC(2086) Pause Young (Allocation Failure) 564M->278M(564M) 1.151ms
[739.768s][info][gc,cpu         ] GC(2086) User=0.00s Sys=0.01s Real=0.00s
[740.013s][info][gc,start       ] GC(2087) Pause Young (Allocation Failure)
[740.015s][info][gc,heap        ] GC(2087) PSYoungGen: 280640K(292352K)->64K(269824K) Eden: 280576K(280576K)->0K(269312K) From: 64K(11776K)->64K(512K)
[740.015s][info][gc,heap        ] GC(2087) ParOldGen: 285555K(285696K)->285563K(285696K)
[740.015s][info][gc,metaspace   ] GC(2087) Metaspace: 35490K(36224K)->35490K(36224K) NonClass: 29219K(29760K)->29219K(29760K) Class: 6271K(6464K)->6271K(6464K)
[740.015s][info][gc             ] GC(2087) Pause Young (Allocation Failure) 552M->278M(542M) 1.246ms
[740.015s][info][gc,cpu         ] GC(2087) User=0.00s Sys=0.00s Real=0.01s
[740.419s][info][gc,start       ] GC(2088) Pause Young (Allocation Failure)
[740.420s][info][gc,heap        ] GC(2088) PSYoungGen: 269376K(269824K)->64K(269312K) Eden: 269312K(269312K)->0K(259072K) From: 64K(512K)->64K(10240K)
[740.420s][info][gc,heap        ] GC(2088) ParOldGen: 285563K(285696K)->285571K(285696K)
[740.420s][info][gc,metaspace   ] GC(2088) Metaspace: 35490K(36224K)->35490K(36224K) NonClass: 29219K(29760K)->29219K(29760K) Class: 6271K(6464K)->6271K(6464K)
[740.421s][info][gc             ] GC(2088) Pause Young (Allocation Failure) 541M->278M(542M) 1.156ms
[740.421s][info][gc,cpu         ] GC(2088) User=0.00s Sys=0.00s Real=0.00s
[741.360s][info][gc,start       ] GC(2089) Pause Young (Allocation Failure)
[741.361s][info][gc,heap        ] GC(2089) PSYoungGen: 259136K(269312K)->64K(249344K) Eden: 259072K(259072K)->0K(248832K) From: 64K(10240K)->64K(512K)
[741.361s][info][gc,heap        ] GC(2089) ParOldGen: 285571K(285696K)->285579K(285696K)
[741.361s][info][gc,metaspace   ] GC(2089) Metaspace: 35490K(36224K)->35490K(36224K) NonClass: 29219K(29760K)->29219K(29760K) Class: 6271K(6464K)->6271K(6464K)
[741.361s][info][gc             ] GC(2089) Pause Young (Allocation Failure) 531M->278M(522M) 1.567ms
[741.361s][info][gc,cpu         ] GC(2089) User=0.00s Sys=0.00s Real=0.00s
[741.724s][info][gc,start       ] GC(2090) Pause Young (Allocation Failure)
[741.726s][info][gc,heap        ] GC(2090) PSYoungGen: 248896K(249344K)->64K(247808K) Eden: 248832K(248832K)->0K(239104K) From: 64K(512K)->64K(8704K)
[741.726s][info][gc,heap        ] GC(2090) ParOldGen: 285579K(285696K)->285587K(285696K)
[741.726s][info][gc,metaspace   ] GC(2090) Metaspace: 35490K(36224K)->35490K(36224K) NonClass: 29219K(29760K)->29219K(29760K) Class: 6271K(6464K)->6271K(6464K)
[741.726s][info][gc             ] GC(2090) Pause Young (Allocation Failure) 521M->278M(521M) 1.984ms
[741.726s][info][gc,cpu         ] GC(2090) User=0.00s Sys=0.00s Real=0.01s
[741.890s][info][gc,start       ] GC(2091) Pause Young (Allocation Failure)
[741.892s][info][gc,heap        ] GC(2091) PSYoungGen: 239168K(247808K)->64K(230400K) Eden: 239104K(239104K)->0K(229888K) From: 64K(8704K)->64K(512K)
[741.892s][info][gc,heap        ] GC(2091) ParOldGen: 285587K(285696K)->285595K(285696K)
[741.892s][info][gc,metaspace   ] GC(2091) Metaspace: 35490K(36224K)->35490K(36224K) NonClass: 29219K(29760K)->29219K(29760K) Class: 6271K(6464K)->6271K(6464K)
[741.892s][info][gc             ] GC(2091) Pause Young (Allocation Failure) 512M->278M(504M) 2.481ms
[741.892s][info][gc,cpu         ] GC(2091) User=0.00s Sys=0.00s Real=0.00s
[741.974s][info][gc,start       ] GC(2092) Pause Young (Allocation Failure)
[741.975s][info][gc,heap        ] GC(2092) PSYoungGen: 229952K(230400K)->64K(280064K) Eden: 229888K(229888K)->0K(272384K) From: 64K(512K)->64K(7680K)
[741.975s][info][gc,heap        ] GC(2092) ParOldGen: 285595K(285696K)->285603K(285696K)
[741.975s][info][gc,metaspace   ] GC(2092) Metaspace: 35490K(36224K)->35490K(36224K) NonClass: 29219K(29760K)->29219K(29760K) Class: 6271K(6464K)->6271K(6464K)
[741.975s][info][gc             ] GC(2092) Pause Young (Allocation Failure) 503M->278M(552M) 1.798ms
[741.975s][info][gc,cpu         ] GC(2092) User=0.00s Sys=0.00s Real=0.01s
[742.600s][info][gc,start       ] GC(2093) Pause Young (Allocation Failure)
[742.603s][info][gc,heap        ] GC(2093) PSYoungGen: 272448K(280064K)->64K(262144K) Eden: 272384K(272384K)->0K(261632K) From: 64K(7680K)->64K(512K)
[742.603s][info][gc,heap        ] GC(2093) ParOldGen: 285603K(285696K)->285619K(285696K)
[742.603s][info][gc,metaspace   ] GC(2093) Metaspace: 35490K(36224K)->35490K(36224K) NonClass: 29219K(29760K)->29219K(29760K) Class: 6271K(6464K)->6271K(6464K)
[742.603s][info][gc             ] GC(2093) Pause Young (Allocation Failure) 544M->278M(535M) 2.498ms
[742.603s][info][gc,cpu         ] GC(2093) User=0.01s Sys=0.00s Real=0.00s
[742.828s][info][gc,start       ] GC(2094) Pause Young (Allocation Failure)
[742.830s][info][gc,heap        ] GC(2094) PSYoungGen: 261696K(262144K)->32K(258048K) Eden: 261632K(261632K)->0K(251392K) From: 64K(512K)->32K(6656K)
[742.830s][info][gc,heap        ] GC(2094) ParOldGen: 285619K(285696K)->285627K(285696K)
[742.830s][info][gc,metaspace   ] GC(2094) Metaspace: 35490K(36224K)->35490K(36224K) NonClass: 29219K(29760K)->29219K(29760K) Class: 6271K(6464K)->6271K(6464K)
[742.830s][info][gc             ] GC(2094) Pause Young (Allocation Failure) 534M->278M(531M) 1.596ms
[742.830s][info][gc,cpu         ] GC(2094) User=0.00s Sys=0.00s Real=0.00s
[743.133s][info][gc,start       ] GC(2095) Pause Young (Allocation Failure)
[743.175s][info][gc,heap        ] GC(2095) PSYoungGen: 251424K(258048K)->6144K(272384K) Eden: 251392K(251392K)->0K(266240K) From: 32K(6656K)->6144K(6144K)
[743.175s][info][gc,heap        ] GC(2095) ParOldGen: 285627K(285696K)->301675K(302080K)
[743.175s][info][gc,metaspace   ] GC(2095) Metaspace: 35490K(36224K)->35490K(36224K) NonClass: 29219K(29760K)->29219K(29760K) Class: 6271K(6464K)->6271K(6464K)
[743.175s][info][gc             ] GC(2095) Pause Young (Allocation Failure) 524M->300M(561M) 42.324ms
[743.175s][info][gc,cpu         ] GC(2095) User=0.07s Sys=0.01s Real=0.05s
[743.458s][info][gc,start       ] GC(2096) Pause Young (Allocation Failure)
[743.514s][info][gc,heap        ] GC(2096) PSYoungGen: 272384K(272384K)->13824K(280064K) Eden: 266240K(266240K)->0K(266240K) From: 6144K(6144K)->13824K(13824K)
[743.514s][info][gc,heap        ] GC(2096) ParOldGen: 301675K(302080K)->316627K(316928K)
[743.514s][info][gc,metaspace   ] GC(2096) Metaspace: 35490K(36224K)->35490K(36224K) NonClass: 29219K(29760K)->29219K(29760K) Class: 6271K(6464K)->6271K(6464K)
[743.514s][info][gc             ] GC(2096) Pause Young (Allocation Failure) 560M->322M(583M) 56.241ms
[743.514s][info][gc,cpu         ] GC(2096) User=0.10s Sys=0.01s Real=0.05s
[743.722s][info][gc,start       ] GC(2097) Pause Young (Allocation Failure)
[743.763s][info][gc,heap        ] GC(2097) PSYoungGen: 280064K(280064K)->18624K(304640K) Eden: 266240K(266240K)->0K(282624K) From: 13824K(13824K)->18624K(22016K)
[743.763s][info][gc,heap        ] GC(2097) ParOldGen: 316627K(316928K)->317171K(317440K)
[743.763s][info][gc,metaspace   ] GC(2097) Metaspace: 35490K(36224K)->35490K(36224K) NonClass: 29219K(29760K)->29219K(29760K) Class: 6271K(6464K)->6271K(6464K)
[743.763s][info][gc             ] GC(2097) Pause Young (Allocation Failure) 582M->327M(607M) 40.894ms
[743.763s][info][gc,cpu         ] GC(2097) User=0.06s Sys=0.01s Real=0.04s
[743.942s][info][gc,start       ] GC(2098) Pause Young (Allocation Failure)
[743.943s][info][gc,heap        ] GC(2098) PSYoungGen: 301248K(304640K)->64K(308224K) Eden: 282624K(282624K)->0K(282624K) From: 18624K(22016K)->64K(25600K)
[743.943s][info][gc,heap        ] GC(2098) ParOldGen: 317171K(317440K)->317179K(317440K)
[743.943s][info][gc,metaspace   ] GC(2098) Metaspace: 35490K(36224K)->35490K(36224K) NonClass: 29219K(29760K)->29219K(29760K) Class: 6271K(6464K)->6271K(6464K)
[743.943s][info][gc             ] GC(2098) Pause Young (Allocation Failure) 603M->309M(611M) 1.326ms
[743.943s][info][gc,cpu         ] GC(2098) User=0.00s Sys=0.00s Real=0.00s
[744.619s][info][gc,start       ] GC(2099) Pause Young (Allocation Failure)
[744.620s][info][gc,heap        ] GC(2099) PSYoungGen: 282688K(308224K)->64K(306176K) Eden: 282624K(282624K)->0K(283648K) From: 64K(25600K)->64K(22528K)
[744.620s][info][gc,heap        ] GC(2099) ParOldGen: 317179K(317440K)->317195K(317440K)
[744.620s][info][gc,metaspace   ] GC(2099) Metaspace: 35490K(36224K)->35490K(36224K) NonClass: 29219K(29760K)->29219K(29760K) Class: 6271K(6464K)->6271K(6464K)
[744.620s][info][gc             ] GC(2099) Pause Young (Allocation Failure) 585M->309M(609M) 1.319ms
[744.620s][info][gc,cpu         ] GC(2099) User=0.00s Sys=0.00s Real=0.00s
[744.887s][info][gc,start       ] GC(2100) Pause Young (Allocation Failure)
[744.889s][info][gc,heap        ] GC(2100) PSYoungGen: 283712K(306176K)->64K(307712K) Eden: 283648K(283648K)->0K(283648K) From: 64K(22528K)->64K(24064K)
[744.889s][info][gc,heap        ] GC(2100) ParOldGen: 317195K(317440K)->317195K(317440K)
[744.889s][info][gc,metaspace   ] GC(2100) Metaspace: 35490K(36224K)->35490K(36224K) NonClass: 29219K(29760K)->29219K(29760K) Class: 6271K(6464K)->6271K(6464K)
[744.889s][info][gc             ] GC(2100) Pause Young (Allocation Failure) 586M->309M(610M) 1.260ms
[744.889s][info][gc,cpu         ] GC(2100) User=0.00s Sys=0.00s Real=0.00s
[745.280s][info][gc,start       ] GC(2101) Pause Young (Allocation Failure)
[745.281s][info][gc,heap        ] GC(2101) PSYoungGen: 283712K(307712K)->64K(307200K) Eden: 283648K(283648K)->0K(286720K) From: 64K(24064K)->64K(20480K)
[745.281s][info][gc,heap        ] GC(2101) ParOldGen: 317195K(317440K)->317211K(317440K)
[745.281s][info][gc,metaspace   ] GC(2101) Metaspace: 35490K(36224K)->35490K(36224K) NonClass: 29219K(29760K)->29219K(29760K) Class: 6271K(6464K)->6271K(6464K)
[745.282s][info][gc             ] GC(2101) Pause Young (Allocation Failure) 586M->309M(610M) 1.219ms
[745.282s][info][gc,cpu         ] GC(2101) User=0.00s Sys=0.00s Real=0.00s
[745.471s][info][gc,start       ] GC(2102) Pause Young (Allocation Failure)
[745.472s][info][gc,heap        ] GC(2102) PSYoungGen: 286784K(307200K)->64K(308736K) Eden: 286720K(286720K)->0K(286720K) From: 64K(20480K)->64K(22016K)
[745.472s][info][gc,heap        ] GC(2102) ParOldGen: 317211K(317440K)->317227K(317440K)
[745.472s][info][gc,metaspace   ] GC(2102) Metaspace: 35490K(36224K)->35490K(36224K) NonClass: 29219K(29760K)->29219K(29760K) Class: 6271K(6464K)->6271K(6464K)
[745.472s][info][gc             ] GC(2102) Pause Young (Allocation Failure) 589M->309M(611M) 1.145ms
[745.472s][info][gc,cpu         ] GC(2102) User=0.00s Sys=0.00s Real=0.00s
[745.660s][info][gc,start       ] GC(2103) Pause Young (Allocation Failure)
[745.661s][info][gc,heap        ] GC(2103) PSYoungGen: 286784K(308736K)->64K(309248K) Eden: 286720K(286720K)->0K(290816K) From: 64K(22016K)->64K(18432K)
[745.661s][info][gc,heap        ] GC(2103) ParOldGen: 317227K(317440K)->317227K(317440K)
[745.661s][info][gc,metaspace   ] GC(2103) Metaspace: 35490K(36224K)->35490K(36224K) NonClass: 29219K(29760K)->29219K(29760K) Class: 6271K(6464K)->6271K(6464K)
[745.661s][info][gc             ] GC(2103) Pause Young (Allocation Failure) 589M->309M(612M) 1.138ms
[745.661s][info][gc,cpu         ] GC(2103) User=0.00s Sys=0.00s Real=0.00s
[745.954s][info][gc,start       ] GC(2104) Pause Young (Allocation Failure)
[745.955s][info][gc,heap        ] GC(2104) PSYoungGen: 290880K(309248K)->64K(310784K) Eden: 290816K(290816K)->0K(290816K) From: 64K(18432K)->64K(19968K)
[745.955s][info][gc,heap        ] GC(2104) ParOldGen: 317227K(317440K)->317227K(317440K)
[745.955s][info][gc,metaspace   ] GC(2104) Metaspace: 35490K(36224K)->35490K(36224K) NonClass: 29219K(29760K)->29219K(29760K) Class: 6271K(6464K)->6271K(6464K)
[745.955s][info][gc             ] GC(2104) Pause Young (Allocation Failure) 593M->309M(613M) 1.155ms
[745.955s][info][gc,cpu         ] GC(2104) User=0.00s Sys=0.00s Real=0.01s
[746.008s][info][gc,start       ] GC(2105) Pause Young (Allocation Failure)
[746.009s][info][gc,heap        ] GC(2105) PSYoungGen: 290880K(310784K)->32K(311296K) Eden: 290816K(290816K)->0K(294912K) From: 64K(19968K)->32K(16384K)
[746.009s][info][gc,heap        ] GC(2105) ParOldGen: 317227K(317440K)->317243K(317440K)
[746.009s][info][gc,metaspace   ] GC(2105) Metaspace: 35490K(36224K)->35490K(36224K) NonClass: 29219K(29760K)->29219K(29760K) Class: 6271K(6464K)->6271K(6464K)
[746.009s][info][gc             ] GC(2105) Pause Young (Allocation Failure) 593M->309M(614M) 1.123ms
[746.009s][info][gc,cpu         ] GC(2105) User=0.00s Sys=0.00s Real=0.00s
[746.081s][info][gc,start       ] GC(2106) Pause Young (Allocation Failure)
[746.082s][info][gc,heap        ] GC(2106) PSYoungGen: 294944K(311296K)->64K(312832K) Eden: 294912K(294912K)->0K(294912K) From: 32K(16384K)->64K(17920K)
[746.082s][info][gc,heap        ] GC(2106) ParOldGen: 317243K(317440K)->317243K(317440K)
[746.082s][info][gc,metaspace   ] GC(2106) Metaspace: 35490K(36224K)->35490K(36224K) NonClass: 29219K(29760K)->29219K(29760K) Class: 6271K(6464K)->6271K(6464K)
[746.082s][info][gc             ] GC(2106) Pause Young (Allocation Failure) 597M->309M(615M) 1.093ms
[746.082s][info][gc,cpu         ] GC(2106) User=0.00s Sys=0.00s Real=0.00s
[746.337s][info][gc,start       ] GC(2107) Pause Young (Allocation Failure)
[746.338s][info][gc,heap        ] GC(2107) PSYoungGen: 294976K(312832K)->32K(313344K) Eden: 294912K(294912K)->0K(299008K) From: 64K(17920K)->32K(14336K)
[746.338s][info][gc,heap        ] GC(2107) ParOldGen: 317243K(317440K)->317259K(317440K)
[746.338s][info][gc,metaspace   ] GC(2107) Metaspace: 35490K(36224K)->35490K(36224K) NonClass: 29219K(29760K)->29219K(29760K) Class: 6271K(6464K)->6271K(6464K)
[746.338s][info][gc             ] GC(2107) Pause Young (Allocation Failure) 597M->309M(616M) 1.344ms
[746.338s][info][gc,cpu         ] GC(2107) User=0.01s Sys=0.00s Real=0.00s
[746.561s][info][gc,start       ] GC(2108) Pause Young (Allocation Failure)
[746.562s][info][gc,heap        ] GC(2108) PSYoungGen: 299040K(313344K)->64K(314880K) Eden: 299008K(299008K)->0K(299008K) From: 32K(14336K)->64K(15872K)
[746.562s][info][gc,heap        ] GC(2108) ParOldGen: 317259K(317440K)->317259K(317440K)
[746.562s][info][gc,metaspace   ] GC(2108) Metaspace: 35490K(36224K)->35490K(36224K) NonClass: 29219K(29760K)->29219K(29760K) Class: 6271K(6464K)->6271K(6464K)
[746.562s][info][gc             ] GC(2108) Pause Young (Allocation Failure) 601M->309M(617M) 1.448ms
[746.562s][info][gc,cpu         ] GC(2108) User=0.01s Sys=0.00s Real=0.00s
[746.646s][info][gc,start       ] GC(2109) Pause Young (Allocation Failure)
[746.647s][info][gc,heap        ] GC(2109) PSYoungGen: 299072K(314880K)->64K(316416K) Eden: 299008K(299008K)->0K(303104K) From: 64K(15872K)->64K(13312K)
[746.647s][info][gc,heap        ] GC(2109) ParOldGen: 317259K(317440K)->317267K(317440K)
[746.647s][info][gc,metaspace   ] GC(2109) Metaspace: 35490K(36224K)->35490K(36224K) NonClass: 29219K(29760K)->29219K(29760K) Class: 6271K(6464K)->6271K(6464K)
[746.647s][info][gc             ] GC(2109) Pause Young (Allocation Failure) 601M->309M(619M) 1.404ms
[746.647s][info][gc,cpu         ] GC(2109) User=0.00s Sys=0.00s Real=0.00s
[746.781s][info][gc,start       ] GC(2110) Pause Young (Allocation Failure)
[746.783s][info][gc,heap        ] GC(2110) PSYoungGen: 303168K(316416K)->64K(317440K) Eden: 303104K(303104K)->0K(303104K) From: 64K(13312K)->64K(14336K)
[746.783s][info][gc,heap        ] GC(2110) ParOldGen: 317267K(317440K)->317275K(317440K)
[746.783s][info][gc,metaspace   ] GC(2110) Metaspace: 35490K(36224K)->35490K(36224K) NonClass: 29219K(29760K)->29219K(29760K) Class: 6271K(6464K)->6271K(6464K)
[746.783s][info][gc             ] GC(2110) Pause Young (Allocation Failure) 605M->309M(620M) 1.169ms
[746.783s][info][gc,cpu         ] GC(2110) User=0.00s Sys=0.00s Real=0.00s
[747.155s][info][gc,start       ] GC(2111) Pause Young (Allocation Failure)
[747.157s][info][gc,heap        ] GC(2111) PSYoungGen: 303168K(317440K)->64K(291328K) Eden: 303104K(303104K)->0K(290816K) From: 64K(14336K)->64K(512K)
[747.157s][info][gc,heap        ] GC(2111) ParOldGen: 317275K(317440K)->317283K(317440K)
[747.157s][info][gc,metaspace   ] GC(2111) Metaspace: 35490K(36224K)->35490K(36224K) NonClass: 29219K(29760K)->29219K(29760K) Class: 6271K(6464K)->6271K(6464K)
[747.157s][info][gc             ] GC(2111) Pause Young (Allocation Failure) 605M->309M(594M) 1.860ms
[747.157s][info][gc,cpu         ] GC(2111) User=0.00s Sys=0.00s Real=0.00s
[747.885s][info][gc,start       ] GC(2112) Pause Young (Allocation Failure)
[747.886s][info][gc,heap        ] GC(2112) PSYoungGen: 290880K(291328K)->64K(291840K) Eden: 290816K(290816K)->0K(279552K) From: 64K(512K)->64K(12288K)
[747.886s][info][gc,heap        ] GC(2112) ParOldGen: 317283K(317440K)->317291K(317440K)
[747.886s][info][gc,metaspace   ] GC(2112) Metaspace: 35490K(36224K)->35490K(36224K) NonClass: 29219K(29760K)->29219K(29760K) Class: 6271K(6464K)->6271K(6464K)
[747.886s][info][gc             ] GC(2112) Pause Young (Allocation Failure) 593M->309M(595M) 1.395ms
[747.887s][info][gc,cpu         ] GC(2112) User=0.00s Sys=0.00s Real=0.00s
[748.827s][info][gc,start       ] GC(2113) Pause Young (Allocation Failure)
[748.830s][info][gc,heap        ] GC(2113) PSYoungGen: 279616K(291840K)->64K(269312K) Eden: 279552K(279552K)->0K(268800K) From: 64K(12288K)->64K(512K)
[748.830s][info][gc,heap        ] GC(2113) ParOldGen: 317291K(317440K)->317307K(317440K)
[748.830s][info][gc,metaspace   ] GC(2113) Metaspace: 35490K(36224K)->35490K(36224K) NonClass: 29219K(29760K)->29219K(29760K) Class: 6271K(6464K)->6271K(6464K)
[748.830s][info][gc             ] GC(2113) Pause Young (Allocation Failure) 582M->309M(573M) 3.025ms
[748.830s][info][gc,cpu         ] GC(2113) User=0.00s Sys=0.00s Real=0.00s
[749.211s][info][gc,start       ] GC(2114) Pause Young (Allocation Failure)
[749.212s][info][gc,heap        ] GC(2114) PSYoungGen: 268864K(269312K)->64K(269312K) Eden: 268800K(268800K)->0K(258560K) From: 64K(512K)->64K(10752K)
[749.212s][info][gc,heap        ] GC(2114) ParOldGen: 317307K(317440K)->317315K(317440K)
[749.212s][info][gc,metaspace   ] GC(2114) Metaspace: 35490K(36224K)->35490K(36224K) NonClass: 29219K(29760K)->29219K(29760K) Class: 6271K(6464K)->6271K(6464K)
[749.212s][info][gc             ] GC(2114) Pause Young (Allocation Failure) 572M->309M(573M) 1.637ms
[749.212s][info][gc,cpu         ] GC(2114) User=0.00s Sys=0.00s Real=0.00s
[749.751s][info][gc,start       ] GC(2115) Pause Young (Allocation Failure)
[749.752s][info][gc,heap        ] GC(2115) PSYoungGen: 258624K(269312K)->64K(249344K) Eden: 258560K(258560K)->0K(248832K) From: 64K(10752K)->64K(512K)
[749.752s][info][gc,heap        ] GC(2115) ParOldGen: 317315K(317440K)->317323K(317440K)
[749.752s][info][gc,metaspace   ] GC(2115) Metaspace: 35490K(36224K)->35490K(36224K) NonClass: 29219K(29760K)->29219K(29760K) Class: 6271K(6464K)->6271K(6464K)
[749.752s][info][gc             ] GC(2115) Pause Young (Allocation Failure) 562M->309M(553M) 1.457ms
[749.752s][info][gc,cpu         ] GC(2115) User=0.00s Sys=0.00s Real=0.00s
[750.433s][info][gc,start       ] GC(2116) Pause Young (Allocation Failure)
[750.434s][info][gc,heap        ] GC(2116) PSYoungGen: 248896K(249344K)->64K(248320K) Eden: 248832K(248832K)->0K(239104K) From: 64K(512K)->64K(9216K)
[750.434s][info][gc,heap        ] GC(2116) ParOldGen: 317323K(317440K)->317331K(317440K)
[750.434s][info][gc,metaspace   ] GC(2116) Metaspace: 35490K(36224K)->35490K(36224K) NonClass: 29219K(29760K)->29219K(29760K) Class: 6271K(6464K)->6271K(6464K)
[750.434s][info][gc             ] GC(2116) Pause Young (Allocation Failure) 552M->309M(552M) 1.113ms
[750.434s][info][gc,cpu         ] GC(2116) User=0.00s Sys=0.00s Real=0.00s
[750.760s][info][gc,start       ] GC(2117) Pause Young (Allocation Failure)
[750.762s][info][gc,heap        ] GC(2117) PSYoungGen: 239168K(248320K)->32K(230400K) Eden: 239104K(239104K)->0K(229888K) From: 64K(9216K)->32K(512K)
[750.762s][info][gc,heap        ] GC(2117) ParOldGen: 317331K(317440K)->317339K(317440K)
[750.762s][info][gc,metaspace   ] GC(2117) Metaspace: 35490K(36224K)->35490K(36224K) NonClass: 29219K(29760K)->29219K(29760K) Class: 6271K(6464K)->6271K(6464K)
[750.762s][info][gc             ] GC(2117) Pause Young (Allocation Failure) 543M->309M(535M) 2.338ms
[750.762s][info][gc,cpu         ] GC(2117) User=0.00s Sys=0.00s Real=0.00s
[750.887s][info][gc,start       ] GC(2118) Pause Young (Allocation Failure)
[750.888s][info][gc,heap        ] GC(2118) PSYoungGen: 229920K(230400K)->64K(229376K) Eden: 229888K(229888K)->0K(221184K) From: 32K(512K)->64K(8192K)
[750.888s][info][gc,heap        ] GC(2118) ParOldGen: 317339K(317440K)->317347K(317440K)
[750.888s][info][gc,metaspace   ] GC(2118) Metaspace: 35490K(36224K)->35490K(36224K) NonClass: 29219K(29760K)->29219K(29760K) Class: 6271K(6464K)->6271K(6464K)
[750.888s][info][gc             ] GC(2118) Pause Young (Allocation Failure) 534M->309M(534M) 0.975ms
[750.888s][info][gc,cpu         ] GC(2118) User=0.00s Sys=0.00s Real=0.00s
[751.079s][info][gc,start       ] GC(2119) Pause Young (Allocation Failure)
[751.082s][info][gc,heap        ] GC(2119) PSYoungGen: 221248K(229376K)->64K(213504K) Eden: 221184K(221184K)->0K(212992K) From: 64K(8192K)->64K(512K)
[751.082s][info][gc,heap        ] GC(2119) ParOldGen: 317347K(317440K)->317355K(317440K)
[751.082s][info][gc,metaspace   ] GC(2119) Metaspace: 35490K(36224K)->35490K(36224K) NonClass: 29219K(29760K)->29219K(29760K) Class: 6271K(6464K)->6271K(6464K)
[751.082s][info][gc             ] GC(2119) Pause Young (Allocation Failure) 525M->309M(518M) 2.480ms
[751.082s][info][gc,cpu         ] GC(2119) User=0.00s Sys=0.00s Real=0.00s
[751.583s][info][gc,start       ] GC(2120) Pause Young (Allocation Failure)
[751.585s][info][gc,heap        ] GC(2120) PSYoungGen: 213056K(213504K)->64K(212480K) Eden: 212992K(212992K)->0K(205312K) From: 64K(512K)->64K(7168K)
[751.585s][info][gc,heap        ] GC(2120) ParOldGen: 317355K(317440K)->317371K(317440K)
[751.585s][info][gc,metaspace   ] GC(2120) Metaspace: 35490K(36224K)->35490K(36224K) NonClass: 29219K(29760K)->29219K(29760K) Class: 6271K(6464K)->6271K(6464K)
[751.585s][info][gc             ] GC(2120) Pause Young (Allocation Failure) 517M->309M(517M) 2.190ms
[751.585s][info][gc,cpu         ] GC(2120) User=0.00s Sys=0.00s Real=0.01s
[751.748s][info][gc,start       ] GC(2121) Pause Young (Allocation Failure)
[751.751s][info][gc,heap        ] GC(2121) PSYoungGen: 205376K(212480K)->64K(198144K) Eden: 205312K(205312K)->0K(197632K) From: 64K(7168K)->64K(512K)
[751.751s][info][gc,heap        ] GC(2121) ParOldGen: 317371K(317440K)->317387K(317440K)
[751.751s][info][gc,metaspace   ] GC(2121) Metaspace: 35490K(36224K)->35490K(36224K) NonClass: 29219K(29760K)->29219K(29760K) Class: 6271K(6464K)->6271K(6464K)
[751.751s][info][gc             ] GC(2121) Pause Young (Allocation Failure) 510M->310M(503M) 2.617ms
[751.751s][info][gc,cpu         ] GC(2121) User=0.00s Sys=0.01s Real=0.00s
[752.011s][info][gc,start       ] GC(2122) Pause Young (Allocation Failure)
[752.032s][info][gc,heap        ] GC(2122) PSYoungGen: 197696K(198144K)->6144K(242688K) Eden: 197632K(197632K)->0K(236544K) From: 64K(512K)->6144K(6144K)
[752.032s][info][gc,heap        ] GC(2122) ParOldGen: 317387K(317440K)->322899K(323072K)
[752.032s][info][gc,metaspace   ] GC(2122) Metaspace: 35490K(36224K)->35490K(36224K) NonClass: 29219K(29760K)->29219K(29760K) Class: 6271K(6464K)->6271K(6464K)
[752.032s][info][gc             ] GC(2122) Pause Young (Allocation Failure) 503M->321M(552M) 21.053ms
[752.032s][info][gc,cpu         ] GC(2122) User=0.04s Sys=0.00s Real=0.02s
[752.286s][info][gc,start       ] GC(2123) Pause Young (Allocation Failure)
[752.336s][info][gc,heap        ] GC(2123) PSYoungGen: 242688K(242688K)->6144K(260096K) Eden: 236544K(236544K)->0K(253952K) From: 6144K(6144K)->6144K(6144K)
[752.336s][info][gc,heap        ] GC(2123) ParOldGen: 322899K(323072K)->342011K(342016K)
[752.336s][info][gc,metaspace   ] GC(2123) Metaspace: 35490K(36224K)->35490K(36224K) NonClass: 29219K(29760K)->29219K(29760K) Class: 6271K(6464K)->6271K(6464K)
[752.336s][info][gc             ] GC(2123) Pause Young (Allocation Failure) 552M->339M(588M) 50.402ms
[752.336s][info][gc,cpu         ] GC(2123) User=0.09s Sys=0.01s Real=0.05s
[752.606s][info][gc,start       ] GC(2124) Pause Young (Allocation Failure)
[752.657s][info][gc,heap        ] GC(2124) PSYoungGen: 260096K(260096K)->17408K(271360K) Eden: 253952K(253952K)->0K(253952K) From: 6144K(6144K)->17408K(17408K)
[752.657s][info][gc,heap        ] GC(2124) ParOldGen: 342011K(342016K)->352179K(352256K)
[752.657s][info][gc,metaspace   ] GC(2124) Metaspace: 35490K(36224K)->35490K(36224K) NonClass: 29219K(29760K)->29219K(29760K) Class: 6271K(6464K)->6271K(6464K)
[752.657s][info][gc             ] GC(2124) Pause Young (Allocation Failure) 587M->360M(609M) 50.893ms
[752.657s][info][gc,cpu         ] GC(2124) User=0.09s Sys=0.01s Real=0.05s
[752.760s][info][gc,start       ] GC(2125) Pause Young (Allocation Failure)
[752.774s][info][gc,heap        ] GC(2125) PSYoungGen: 271360K(271360K)->5408K(310272K) Eden: 253952K(253952K)->0K(285184K) From: 17408K(17408K)->5408K(25088K)
[752.774s][info][gc,heap        ] GC(2125) ParOldGen: 352179K(352256K)->352547K(352768K)
[752.774s][info][gc,metaspace   ] GC(2125) Metaspace: 35490K(36224K)->35490K(36224K) NonClass: 29219K(29760K)->29219K(29760K) Class: 6271K(6464K)->6271K(6464K)
[752.774s][info][gc             ] GC(2125) Pause Young (Allocation Failure) 608M->349M(647M) 14.239ms
[752.774s][info][gc,cpu         ] GC(2125) User=0.02s Sys=0.00s Real=0.01s
[753.210s][info][gc,start       ] GC(2126) Pause Young (Allocation Failure)
[753.211s][info][gc,heap        ] GC(2126) PSYoungGen: 290592K(310272K)->64K(285696K) Eden: 285184K(285184K)->0K(285184K) From: 5408K(25088K)->64K(512K)
[753.211s][info][gc,heap        ] GC(2126) ParOldGen: 352547K(352768K)->352555K(352768K)
[753.211s][info][gc,metaspace   ] GC(2126) Metaspace: 35490K(36224K)->35490K(36224K) NonClass: 29219K(29760K)->29219K(29760K) Class: 6271K(6464K)->6271K(6464K)
[753.211s][info][gc             ] GC(2126) Pause Young (Allocation Failure) 628M->344M(623M) 1.410ms
[753.211s][info][gc,cpu         ] GC(2126) User=0.00s Sys=0.00s Real=0.00s
[753.776s][info][gc,start       ] GC(2127) Pause Young (Allocation Failure)
[753.778s][info][gc,heap        ] GC(2127) PSYoungGen: 285248K(285696K)->64K(308224K) Eden: 285184K(285184K)->0K(285696K) From: 64K(512K)->64K(22528K)
[753.778s][info][gc,heap        ] GC(2127) ParOldGen: 352555K(352768K)->352563K(352768K)
[753.778s][info][gc,metaspace   ] GC(2127) Metaspace: 35490K(36224K)->35490K(36224K) NonClass: 29219K(29760K)->29219K(29760K) Class: 6271K(6464K)->6271K(6464K)
[753.778s][info][gc             ] GC(2127) Pause Young (Allocation Failure) 622M->344M(645M) 1.381ms
[753.778s][info][gc,cpu         ] GC(2127) User=0.01s Sys=0.00s Real=0.00s
[754.176s][info][gc,start       ] GC(2128) Pause Young (Allocation Failure)
[754.177s][info][gc,heap        ] GC(2128) PSYoungGen: 285760K(308224K)->64K(307712K) Eden: 285696K(285696K)->0K(285696K) From: 64K(22528K)->64K(22016K)
[754.177s][info][gc,heap        ] GC(2128) ParOldGen: 352563K(352768K)->352579K(352768K)
[754.177s][info][gc,metaspace   ] GC(2128) Metaspace: 35490K(36224K)->35490K(36224K) NonClass: 29219K(29760K)->29219K(29760K) Class: 6271K(6464K)->6271K(6464K)
[754.177s][info][gc             ] GC(2128) Pause Young (Allocation Failure) 623M->344M(645M) 1.314ms
[754.177s][info][gc,cpu         ] GC(2128) User=0.00s Sys=0.00s Real=0.00s
[754.364s][info][gc,start       ] GC(2129) Pause Young (Allocation Failure)
[754.366s][info][gc,heap        ] GC(2129) PSYoungGen: 285760K(307712K)->64K(310784K) Eden: 285696K(285696K)->0K(289792K) From: 64K(22016K)->64K(20992K)
[754.366s][info][gc,heap        ] GC(2129) ParOldGen: 352579K(352768K)->352595K(352768K)
[754.366s][info][gc,metaspace   ] GC(2129) Metaspace: 35490K(36224K)->35490K(36224K) NonClass: 29219K(29760K)->29219K(29760K) Class: 6271K(6464K)->6271K(6464K)
[754.366s][info][gc             ] GC(2129) Pause Young (Allocation Failure) 623M->344M(648M) 1.206ms
[754.366s][info][gc,cpu         ] GC(2129) User=0.00s Sys=0.00s Real=0.00s
[754.559s][info][gc,start       ] GC(2130) Pause Young (Allocation Failure)
[754.560s][info][gc,heap        ] GC(2130) PSYoungGen: 289856K(310784K)->64K(310272K) Eden: 289792K(289792K)->0K(289792K) From: 64K(20992K)->64K(20480K)
[754.560s][info][gc,heap        ] GC(2130) ParOldGen: 352595K(352768K)->352595K(352768K)
[754.560s][info][gc,metaspace   ] GC(2130) Metaspace: 35490K(36224K)->35490K(36224K) NonClass: 29219K(29760K)->29219K(29760K) Class: 6271K(6464K)->6271K(6464K)
[754.560s][info][gc             ] GC(2130) Pause Young (Allocation Failure) 627M->344M(647M) 1.166ms
[754.560s][info][gc,cpu         ] GC(2130) User=0.00s Sys=0.00s Real=0.00s
[754.880s][info][gc,start       ] GC(2131) Pause Young (Allocation Failure)
[754.881s][info][gc,heap        ] GC(2131) PSYoungGen: 289856K(310272K)->64K(312320K) Eden: 289792K(289792K)->0K(293376K) From: 64K(20480K)->64K(18944K)
[754.881s][info][gc,heap        ] GC(2131) ParOldGen: 352595K(352768K)->352595K(352768K)
[754.881s][info][gc,metaspace   ] GC(2131) Metaspace: 35490K(36224K)->35490K(36224K) NonClass: 29219K(29760K)->29219K(29760K) Class: 6271K(6464K)->6271K(6464K)
[754.881s][info][gc             ] GC(2131) Pause Young (Allocation Failure) 627M->344M(649M) 1.162ms
[754.881s][info][gc,cpu         ] GC(2131) User=0.00s Sys=0.00s Real=0.00s
[754.982s][info][gc,start       ] GC(2132) Pause Young (Allocation Failure)
[754.983s][info][gc,heap        ] GC(2132) PSYoungGen: 293440K(312320K)->64K(311808K) Eden: 293376K(293376K)->0K(293376K) From: 64K(18944K)->64K(18432K)
[754.983s][info][gc,heap        ] GC(2132) ParOldGen: 352595K(352768K)->352603K(352768K)
[754.983s][info][gc,metaspace   ] GC(2132) Metaspace: 35490K(36224K)->35490K(36224K) NonClass: 29219K(29760K)->29219K(29760K) Class: 6271K(6464K)->6271K(6464K)
[754.983s][info][gc             ] GC(2132) Pause Young (Allocation Failure) 630M->344M(649M) 1.167ms
[754.983s][info][gc,cpu         ] GC(2132) User=0.00s Sys=0.00s Real=0.00s
[755.036s][info][gc,start       ] GC(2133) Pause Young (Allocation Failure)
[755.037s][info][gc,heap        ] GC(2133) PSYoungGen: 293440K(311808K)->64K(314368K) Eden: 293376K(293376K)->0K(296960K) From: 64K(18432K)->64K(17408K)
[755.037s][info][gc,heap        ] GC(2133) ParOldGen: 352603K(352768K)->352619K(352768K)
[755.037s][info][gc,metaspace   ] GC(2133) Metaspace: 35490K(36224K)->35490K(36224K) NonClass: 29219K(29760K)->29219K(29760K) Class: 6271K(6464K)->6271K(6464K)
[755.037s][info][gc             ] GC(2133) Pause Young (Allocation Failure) 630M->344M(651M) 1.179ms
[755.037s][info][gc,cpu         ] GC(2133) User=0.01s Sys=0.00s Real=0.00s
[755.200s][info][gc,start       ] GC(2134) Pause Young (Allocation Failure)
[755.201s][info][gc,heap        ] GC(2134) PSYoungGen: 297024K(314368K)->64K(313856K) Eden: 296960K(296960K)->0K(296960K) From: 64K(17408K)->64K(16896K)
[755.201s][info][gc,heap        ] GC(2134) ParOldGen: 352619K(352768K)->352619K(352768K)
[755.201s][info][gc,metaspace   ] GC(2134) Metaspace: 35490K(36224K)->35490K(36224K) NonClass: 29219K(29760K)->29219K(29760K) Class: 6271K(6464K)->6271K(6464K)
[755.201s][info][gc             ] GC(2134) Pause Young (Allocation Failure) 634M->344M(651M) 1.281ms
[755.202s][info][gc,cpu         ] GC(2134) User=0.00s Sys=0.00s Real=0.00s
[755.445s][info][gc,start       ] GC(2135) Pause Young (Allocation Failure)
[755.446s][info][gc,heap        ] GC(2135) PSYoungGen: 297024K(313856K)->64K(315904K) Eden: 296960K(296960K)->0K(300544K) From: 64K(16896K)->64K(15360K)
[755.446s][info][gc,heap        ] GC(2135) ParOldGen: 352619K(352768K)->352627K(352768K)
[755.446s][info][gc,metaspace   ] GC(2135) Metaspace: 35490K(36224K)->35490K(36224K) NonClass: 29219K(29760K)->29219K(29760K) Class: 6271K(6464K)->6271K(6464K)
[755.446s][info][gc             ] GC(2135) Pause Young (Allocation Failure) 634M->344M(653M) 1.179ms
[755.446s][info][gc,cpu         ] GC(2135) User=0.00s Sys=0.00s Real=0.00s
[755.596s][info][gc,start       ] GC(2136) Pause Young (Allocation Failure)
[755.597s][info][gc,heap        ] GC(2136) PSYoungGen: 300608K(315904K)->64K(315392K) Eden: 300544K(300544K)->0K(300544K) From: 64K(15360K)->64K(14848K)
[755.597s][info][gc,heap        ] GC(2136) ParOldGen: 352627K(352768K)->352635K(352768K)
[755.597s][info][gc,metaspace   ] GC(2136) Metaspace: 35490K(36224K)->35490K(36224K) NonClass: 29219K(29760K)->29219K(29760K) Class: 6271K(6464K)->6271K(6464K)
[755.597s][info][gc             ] GC(2136) Pause Young (Allocation Failure) 637M->344M(652M) 1.211ms
[755.597s][info][gc,cpu         ] GC(2136) User=0.00s Sys=0.00s Real=0.00s
[755.677s][info][gc,start       ] GC(2137) Pause Young (Allocation Failure)
[755.678s][info][gc,heap        ] GC(2137) PSYoungGen: 300608K(315392K)->64K(317952K) Eden: 300544K(300544K)->0K(304128K) From: 64K(14848K)->64K(13824K)
[755.678s][info][gc,heap        ] GC(2137) ParOldGen: 352635K(352768K)->352651K(352768K)
[755.678s][info][gc,metaspace   ] GC(2137) Metaspace: 35490K(36224K)->35490K(36224K) NonClass: 29219K(29760K)->29219K(29760K) Class: 6271K(6464K)->6271K(6464K)
[755.678s][info][gc             ] GC(2137) Pause Young (Allocation Failure) 637M->344M(655M) 1.200ms
[755.678s][info][gc,cpu         ] GC(2137) User=0.00s Sys=0.00s Real=0.00s
[755.860s][info][gc,start       ] GC(2138) Pause Young (Allocation Failure)
[755.861s][info][gc,heap        ] GC(2138) PSYoungGen: 304192K(317952K)->64K(317440K) Eden: 304128K(304128K)->0K(304128K) From: 64K(13824K)->64K(13312K)
[755.861s][info][gc,heap        ] GC(2138) ParOldGen: 352651K(352768K)->352651K(352768K)
[755.861s][info][gc,metaspace   ] GC(2138) Metaspace: 35490K(36224K)->35490K(36224K) NonClass: 29219K(29760K)->29219K(29760K) Class: 6271K(6464K)->6271K(6464K)
[755.861s][info][gc             ] GC(2138) Pause Young (Allocation Failure) 641M->344M(654M) 1.203ms
[755.861s][info][gc,cpu         ] GC(2138) User=0.00s Sys=0.00s Real=0.00s
[756.827s][info][gc,start       ] GC(2139) Pause Young (Allocation Failure)
[756.828s][info][gc,heap        ] GC(2139) PSYoungGen: 304192K(317440K)->64K(292352K) Eden: 304128K(304128K)->0K(291840K) From: 64K(13312K)->64K(512K)
[756.828s][info][gc,heap        ] GC(2139) ParOldGen: 352651K(352768K)->352659K(352768K)
[756.828s][info][gc,metaspace   ] GC(2139) Metaspace: 35490K(36224K)->35490K(36224K) NonClass: 29219K(29760K)->29219K(29760K) Class: 6271K(6464K)->6271K(6464K)
[756.828s][info][gc             ] GC(2139) Pause Young (Allocation Failure) 641M->344M(630M) 1.237ms
[756.828s][info][gc,cpu         ] GC(2139) User=0.01s Sys=0.00s Real=0.00s
[757.683s][info][gc,start       ] GC(2140) Pause Young (Allocation Failure)
[757.684s][info][gc,heap        ] GC(2140) PSYoungGen: 291904K(292352K)->64K(291840K) Eden: 291840K(291840K)->0K(280064K) From: 64K(512K)->64K(11776K)
[757.684s][info][gc,heap        ] GC(2140) ParOldGen: 352659K(352768K)->352667K(352768K)
[757.684s][info][gc,metaspace   ] GC(2140) Metaspace: 35490K(36224K)->35490K(36224K) NonClass: 29219K(29760K)->29219K(29760K) Class: 6271K(6464K)->6271K(6464K)
[757.684s][info][gc             ] GC(2140) Pause Young (Allocation Failure) 629M->344M(629M) 1.205ms
[757.684s][info][gc,cpu         ] GC(2140) User=0.00s Sys=0.00s Real=0.00s
[757.918s][info][gc,start       ] GC(2141) Pause Young (Allocation Failure)
[757.920s][info][gc,heap        ] GC(2141) PSYoungGen: 280128K(291840K)->64K(269824K) Eden: 280064K(280064K)->0K(269312K) From: 64K(11776K)->64K(512K)
[757.920s][info][gc,heap        ] GC(2141) ParOldGen: 352667K(352768K)->352675K(352768K)
[757.920s][info][gc,metaspace   ] GC(2141) Metaspace: 35490K(36224K)->35490K(36224K) NonClass: 29219K(29760K)->29219K(29760K) Class: 6271K(6464K)->6271K(6464K)
[757.920s][info][gc             ] GC(2141) Pause Young (Allocation Failure) 617M->344M(608M) 1.449ms
[757.920s][info][gc,cpu         ] GC(2141) User=0.00s Sys=0.00s Real=0.00s
[758.318s][info][gc,start       ] GC(2142) Pause Young (Allocation Failure)
[758.319s][info][gc,heap        ] GC(2142) PSYoungGen: 269376K(269824K)->64K(269312K) Eden: 269312K(269312K)->0K(259072K) From: 64K(512K)->64K(10240K)
[758.319s][info][gc,heap        ] GC(2142) ParOldGen: 352675K(352768K)->352683K(352768K)
[758.319s][info][gc,metaspace   ] GC(2142) Metaspace: 35490K(36224K)->35490K(36224K) NonClass: 29219K(29760K)->29219K(29760K) Class: 6271K(6464K)->6271K(6464K)
[758.319s][info][gc             ] GC(2142) Pause Young (Allocation Failure) 607M->344M(607M) 1.171ms
[758.319s][info][gc,cpu         ] GC(2142) User=0.00s Sys=0.00s Real=0.00s
[759.268s][info][gc,start       ] GC(2143) Pause Young (Allocation Failure)
[759.270s][info][gc,heap        ] GC(2143) PSYoungGen: 259136K(269312K)->64K(249344K) Eden: 259072K(259072K)->0K(248832K) From: 64K(10240K)->64K(512K)
[759.270s][info][gc,heap        ] GC(2143) ParOldGen: 352683K(352768K)->352691K(352768K)
[759.270s][info][gc,metaspace   ] GC(2143) Metaspace: 35490K(36224K)->35490K(36224K) NonClass: 29219K(29760K)->29219K(29760K) Class: 6271K(6464K)->6271K(6464K)
[759.270s][info][gc             ] GC(2143) Pause Young (Allocation Failure) 597M->344M(588M) 1.589ms
[759.270s][info][gc,cpu         ] GC(2143) User=0.00s Sys=0.00s Real=0.00s
[759.638s][info][gc,start       ] GC(2144) Pause Young (Allocation Failure)
[759.639s][info][gc,heap        ] GC(2144) PSYoungGen: 248896K(249344K)->64K(247808K) Eden: 248832K(248832K)->0K(239104K) From: 64K(512K)->64K(8704K)
[759.639s][info][gc,heap        ] GC(2144) ParOldGen: 352691K(352768K)->352699K(352768K)
[759.639s][info][gc,metaspace   ] GC(2144) Metaspace: 35490K(36224K)->35490K(36224K) NonClass: 29219K(29760K)->29219K(29760K) Class: 6271K(6464K)->6271K(6464K)
[759.639s][info][gc             ] GC(2144) Pause Young (Allocation Failure) 587M->344M(586M) 1.225ms
[759.639s][info][gc,cpu         ] GC(2144) User=0.00s Sys=0.00s Real=0.00s
[759.806s][info][gc,start       ] GC(2145) Pause Young (Allocation Failure)
[759.808s][info][gc,heap        ] GC(2145) PSYoungGen: 239168K(247808K)->64K(230400K) Eden: 239104K(239104K)->0K(229888K) From: 64K(8704K)->64K(512K)
[759.808s][info][gc,heap        ] GC(2145) ParOldGen: 352699K(352768K)->352707K(352768K)
[759.808s][info][gc,metaspace   ] GC(2145) Metaspace: 35490K(36224K)->35490K(36224K) NonClass: 29219K(29760K)->29219K(29760K) Class: 6271K(6464K)->6271K(6464K)
[759.808s][info][gc             ] GC(2145) Pause Young (Allocation Failure) 577M->344M(569M) 1.626ms
[759.808s][info][gc,cpu         ] GC(2145) User=0.00s Sys=0.00s Real=0.00s
[759.886s][info][gc,start       ] GC(2146) Pause Young (Allocation Failure)
[759.887s][info][gc,heap        ] GC(2146) PSYoungGen: 229952K(230400K)->64K(228864K) Eden: 229888K(229888K)->0K(221184K) From: 64K(512K)->64K(7680K)
[759.887s][info][gc,heap        ] GC(2146) ParOldGen: 352707K(352768K)->352715K(352768K)
[759.887s][info][gc,metaspace   ] GC(2146) Metaspace: 35490K(36224K)->35490K(36224K) NonClass: 29219K(29760K)->29219K(29760K) Class: 6271K(6464K)->6271K(6464K)
[759.887s][info][gc             ] GC(2146) Pause Young (Allocation Failure) 569M->344M(568M) 1.130ms
[759.887s][info][gc,cpu         ] GC(2146) User=0.01s Sys=0.00s Real=0.00s
[760.406s][info][gc,start       ] GC(2147) Pause Young (Allocation Failure)
[760.408s][info][gc,heap        ] GC(2147) PSYoungGen: 221248K(228864K)->64K(213504K) Eden: 221184K(221184K)->0K(212992K) From: 64K(7680K)->64K(512K)
[760.408s][info][gc,heap        ] GC(2147) ParOldGen: 352715K(352768K)->352723K(352768K)
[760.408s][info][gc,metaspace   ] GC(2147) Metaspace: 35490K(36224K)->35490K(36224K) NonClass: 29219K(29760K)->29219K(29760K) Class: 6271K(6464K)->6271K(6464K)
[760.408s][info][gc             ] GC(2147) Pause Young (Allocation Failure) 560M->344M(553M) 1.656ms
[760.408s][info][gc,cpu         ] GC(2147) User=0.01s Sys=0.00s Real=0.00s
[760.605s][info][gc,start       ] GC(2148) Pause Young (Allocation Failure)
[760.606s][info][gc,heap        ] GC(2148) PSYoungGen: 213056K(213504K)->64K(211968K) Eden: 212992K(212992K)->0K(205312K) From: 64K(512K)->64K(6656K)
[760.606s][info][gc,heap        ] GC(2148) ParOldGen: 352723K(352768K)->352731K(352768K)
[760.606s][info][gc,metaspace   ] GC(2148) Metaspace: 35490K(36224K)->35490K(36224K) NonClass: 29219K(29760K)->29219K(29760K) Class: 6271K(6464K)->6271K(6464K)
[760.606s][info][gc             ] GC(2148) Pause Young (Allocation Failure) 552M->344M(551M) 1.135ms
[760.606s][info][gc,cpu         ] GC(2148) User=0.00s Sys=0.00s Real=0.00s
[760.890s][info][gc,start       ] GC(2149) Pause Young (Allocation Failure)
[760.900s][info][gc,heap        ] GC(2149) PSYoungGen: 205376K(211968K)->6112K(250368K) Eden: 205312K(205312K)->0K(244224K) From: 64K(6656K)->6112K(6144K)
[760.900s][info][gc,heap        ] GC(2149) ParOldGen: 352731K(352768K)->352747K(352768K)
[760.900s][info][gc,metaspace   ] GC(2149) Metaspace: 35490K(36224K)->35490K(36224K) NonClass: 29219K(29760K)->29219K(29760K) Class: 6271K(6464K)->6271K(6464K)
[760.900s][info][gc             ] GC(2149) Pause Young (Allocation Failure) 545M->350M(589M) 9.256ms
[760.900s][info][gc,cpu         ] GC(2149) User=0.02s Sys=0.00s Real=0.01s
[761.159s][info][gc,start       ] GC(2150) Pause Young (Allocation Failure)
[761.208s][info][gc,heap        ] GC(2150) PSYoungGen: 250336K(250368K)->7680K(278528K) Eden: 244224K(244224K)->0K(270848K) From: 6112K(6144K)->7680K(7680K)
[761.208s][info][gc,heap        ] GC(2150) ParOldGen: 352747K(352768K)->370931K(371200K)
[761.208s][info][gc,metaspace   ] GC(2150) Metaspace: 35490K(36224K)->35490K(36224K) NonClass: 29219K(29760K)->29219K(29760K) Class: 6271K(6464K)->6271K(6464K)
[761.208s][info][gc             ] GC(2150) Pause Young (Allocation Failure) 588M->369M(634M) 48.874ms
[761.208s][info][gc,cpu         ] GC(2150) User=0.09s Sys=0.01s Real=0.05s
[761.496s][info][gc,start       ] GC(2151) Pause Young (Allocation Failure)
[761.559s][info][gc,heap        ] GC(2151) PSYoungGen: 278528K(278528K)->16384K(301056K) Eden: 270848K(270848K)->0K(284672K) From: 7680K(7680K)->16384K(16384K)
[761.559s][info][gc,heap        ] GC(2151) ParOldGen: 370931K(371200K)->383883K(384000K)
[761.559s][info][gc,metaspace   ] GC(2151) Metaspace: 35490K(36224K)->35490K(36224K) NonClass: 29219K(29760K)->29219K(29760K) Class: 6271K(6464K)->6271K(6464K)
[761.559s][info][gc             ] GC(2151) Pause Young (Allocation Failure) 634M->390M(669M) 62.587ms
[761.559s][info][gc,cpu         ] GC(2151) User=0.10s Sys=0.02s Real=0.06s
[761.695s][info][gc,start       ] GC(2152) Pause Young (Allocation Failure)
[761.715s][info][gc,heap        ] GC(2152) PSYoungGen: 301056K(301056K)->8416K(309248K) Eden: 284672K(284672K)->0K(284672K) From: 16384K(16384K)->8416K(24576K)
[761.715s][info][gc,heap        ] GC(2152) ParOldGen: 383883K(384000K)->384347K(384512K)
[761.715s][info][gc,metaspace   ] GC(2152) Metaspace: 35490K(36224K)->35490K(36224K) NonClass: 29219K(29760K)->29219K(29760K) Class: 6271K(6464K)->6271K(6464K)
[761.715s][info][gc             ] GC(2152) Pause Young (Allocation Failure) 668M->383M(677M) 19.971ms
[761.715s][info][gc,cpu         ] GC(2152) User=0.04s Sys=0.00s Real=0.02s
[762.148s][info][gc,start       ] GC(2153) Pause Young (Allocation Failure)
[762.149s][info][gc,heap        ] GC(2153) PSYoungGen: 293088K(309248K)->64K(307200K) Eden: 284672K(284672K)->0K(285696K) From: 8416K(24576K)->64K(21504K)
[762.149s][info][gc,heap        ] GC(2153) ParOldGen: 384347K(384512K)->384355K(384512K)
[762.149s][info][gc,metaspace   ] GC(2153) Metaspace: 35490K(36224K)->35490K(36224K) NonClass: 29219K(29760K)->29219K(29760K) Class: 6271K(6464K)->6271K(6464K)
[762.149s][info][gc             ] GC(2153) Pause Young (Allocation Failure) 661M->375M(675M) 1.392ms
[762.149s][info][gc,cpu         ] GC(2153) User=0.00s Sys=0.00s Real=0.00s
[762.705s][info][gc,start       ] GC(2154) Pause Young (Allocation Failure)
[762.706s][info][gc,heap        ] GC(2154) PSYoungGen: 285760K(307200K)->64K(308736K) Eden: 285696K(285696K)->0K(285696K) From: 64K(21504K)->64K(23040K)
[762.706s][info][gc,heap        ] GC(2154) ParOldGen: 384355K(384512K)->384363K(384512K)
[762.706s][info][gc,metaspace   ] GC(2154) Metaspace: 35490K(36224K)->35490K(36224K) NonClass: 29219K(29760K)->29219K(29760K) Class: 6271K(6464K)->6271K(6464K)
[762.706s][info][gc             ] GC(2154) Pause Young (Allocation Failure) 654M->375M(677M) 1.411ms
[762.706s][info][gc,cpu         ] GC(2154) User=0.00s Sys=0.00s Real=0.00s
[763.102s][info][gc,start       ] GC(2155) Pause Young (Allocation Failure)
[763.103s][info][gc,heap        ] GC(2155) PSYoungGen: 285760K(308736K)->64K(309248K) Eden: 285696K(285696K)->0K(288768K) From: 64K(23040K)->64K(20480K)
[763.103s][info][gc,heap        ] GC(2155) ParOldGen: 384363K(384512K)->384379K(384512K)
[763.103s][info][gc,metaspace   ] GC(2155) Metaspace: 35490K(36224K)->35490K(36224K) NonClass: 29219K(29760K)->29219K(29760K) Class: 6271K(6464K)->6271K(6464K)
[763.103s][info][gc             ] GC(2155) Pause Young (Allocation Failure) 654M->375M(677M) 1.317ms
[763.103s][info][gc,cpu         ] GC(2155) User=0.01s Sys=0.00s Real=0.00s
[763.291s][info][gc,start       ] GC(2156) Pause Young (Allocation Failure)
[763.293s][info][gc,heap        ] GC(2156) PSYoungGen: 288832K(309248K)->64K(310272K) Eden: 288768K(288768K)->0K(288768K) From: 64K(20480K)->64K(21504K)
[763.293s][info][gc,heap        ] GC(2156) ParOldGen: 384379K(384512K)->384395K(384512K)
[763.293s][info][gc,metaspace   ] GC(2156) Metaspace: 35490K(36224K)->35490K(36224K) NonClass: 29219K(29760K)->29219K(29760K) Class: 6271K(6464K)->6271K(6464K)
[763.293s][info][gc             ] GC(2156) Pause Young (Allocation Failure) 657M->375M(678M) 1.231ms
[763.293s][info][gc,cpu         ] GC(2156) User=0.01s Sys=0.00s Real=0.00s
[763.480s][info][gc,start       ] GC(2157) Pause Young (Allocation Failure)
[763.481s][info][gc,heap        ] GC(2157) PSYoungGen: 288832K(310272K)->64K(310272K) Eden: 288768K(288768K)->0K(291840K) From: 64K(21504K)->64K(18432K)
[763.482s][info][gc,heap        ] GC(2157) ParOldGen: 384395K(384512K)->384395K(384512K)
[763.482s][info][gc,metaspace   ] GC(2157) Metaspace: 35490K(36224K)->35490K(36224K) NonClass: 29219K(29760K)->29219K(29760K) Class: 6271K(6464K)->6271K(6464K)
[763.482s][info][gc             ] GC(2157) Pause Young (Allocation Failure) 657M->375M(678M) 1.234ms
[763.482s][info][gc,cpu         ] GC(2157) User=0.00s Sys=0.00s Real=0.00s
[763.803s][info][gc,start       ] GC(2158) Pause Young (Allocation Failure)
[763.805s][info][gc,heap        ] GC(2158) PSYoungGen: 291904K(310272K)->64K(311296K) Eden: 291840K(291840K)->0K(291840K) From: 64K(18432K)->64K(19456K)
[763.805s][info][gc,heap        ] GC(2158) ParOldGen: 384395K(384512K)->384395K(384512K)
[763.805s][info][gc,metaspace   ] GC(2158) Metaspace: 35490K(36224K)->35490K(36224K) NonClass: 29219K(29760K)->29219K(29760K) Class: 6271K(6464K)->6271K(6464K)
[763.805s][info][gc             ] GC(2158) Pause Young (Allocation Failure) 660M->375M(679M) 1.234ms
[763.805s][info][gc,cpu         ] GC(2158) User=0.01s Sys=0.00s Real=0.01s
[763.898s][info][gc,start       ] GC(2159) Pause Young (Allocation Failure)
[763.900s][info][gc,heap        ] GC(2159) PSYoungGen: 291904K(311296K)->64K(311808K) Eden: 291840K(291840K)->0K(295424K) From: 64K(19456K)->64K(16384K)
[763.900s][info][gc,heap        ] GC(2159) ParOldGen: 384395K(384512K)->384403K(384512K)
[763.900s][info][gc,metaspace   ] GC(2159) Metaspace: 35490K(36224K)->35490K(36224K) NonClass: 29219K(29760K)->29219K(29760K) Class: 6271K(6464K)->6271K(6464K)
[763.900s][info][gc             ] GC(2159) Pause Young (Allocation Failure) 660M->375M(680M) 1.244ms
[763.900s][info][gc,cpu         ] GC(2159) User=0.00s Sys=0.00s Real=0.00s
[763.954s][info][gc,start       ] GC(2160) Pause Young (Allocation Failure)
[763.955s][info][gc,heap        ] GC(2160) PSYoungGen: 295488K(311808K)->64K(313344K) Eden: 295424K(295424K)->0K(295424K) From: 64K(16384K)->64K(17920K)
[763.955s][info][gc,heap        ] GC(2160) ParOldGen: 384403K(384512K)->384419K(384512K)
[763.955s][info][gc,metaspace   ] GC(2160) Metaspace: 35490K(36224K)->35490K(36224K) NonClass: 29219K(29760K)->29219K(29760K) Class: 6271K(6464K)->6271K(6464K)
[763.955s][info][gc             ] GC(2160) Pause Young (Allocation Failure) 663M->375M(681M) 1.204ms
[763.955s][info][gc,cpu         ] GC(2160) User=0.00s Sys=0.00s Real=0.01s
[764.119s][info][gc,start       ] GC(2161) Pause Young (Allocation Failure)
[764.120s][info][gc,heap        ] GC(2161) PSYoungGen: 295488K(313344K)->64K(313344K) Eden: 295424K(295424K)->0K(299008K) From: 64K(17920K)->64K(14336K)
[764.120s][info][gc,heap        ] GC(2161) ParOldGen: 384419K(384512K)->384419K(384512K)
[764.120s][info][gc,metaspace   ] GC(2161) Metaspace: 35490K(36224K)->35490K(36224K) NonClass: 29219K(29760K)->29219K(29760K) Class: 6271K(6464K)->6271K(6464K)
[764.120s][info][gc             ] GC(2161) Pause Young (Allocation Failure) 663M->375M(681M) 1.189ms
[764.120s][info][gc,cpu         ] GC(2161) User=0.00s Sys=0.00s Real=0.00s
[764.365s][info][gc,start       ] GC(2162) Pause Young (Allocation Failure)
[764.367s][info][gc,heap        ] GC(2162) PSYoungGen: 299072K(313344K)->64K(314880K) Eden: 299008K(299008K)->0K(299008K) From: 64K(14336K)->64K(15872K)
[764.367s][info][gc,heap        ] GC(2162) ParOldGen: 384419K(384512K)->384427K(384512K)
[764.367s][info][gc,metaspace   ] GC(2162) Metaspace: 35490K(36224K)->35490K(36224K) NonClass: 29219K(29760K)->29219K(29760K) Class: 6271K(6464K)->6271K(6464K)
[764.367s][info][gc             ] GC(2162) Pause Young (Allocation Failure) 667M->375M(683M) 1.233ms
[764.367s][info][gc,cpu         ] GC(2162) User=0.01s Sys=0.00s Real=0.00s
[764.511s][info][gc,start       ] GC(2163) Pause Young (Allocation Failure)
[764.512s][info][gc,heap        ] GC(2163) PSYoungGen: 299072K(314880K)->64K(316416K) Eden: 299008K(299008K)->0K(303104K) From: 64K(15872K)->64K(13312K)
[764.513s][info][gc,heap        ] GC(2163) ParOldGen: 384427K(384512K)->384435K(384512K)
[764.513s][info][gc,metaspace   ] GC(2163) Metaspace: 35490K(36224K)->35490K(36224K) NonClass: 29219K(29760K)->29219K(29760K) Class: 6271K(6464K)->6271K(6464K)
[764.513s][info][gc             ] GC(2163) Pause Young (Allocation Failure) 667M->375M(684M) 1.309ms
[764.513s][info][gc,cpu         ] GC(2163) User=0.00s Sys=0.00s Real=0.00s
[764.596s][info][gc,start       ] GC(2164) Pause Young (Allocation Failure)
[764.597s][info][gc,heap        ] GC(2164) PSYoungGen: 303168K(316416K)->64K(317440K) Eden: 303104K(303104K)->0K(303104K) From: 64K(13312K)->64K(14336K)
[764.597s][info][gc,heap        ] GC(2164) ParOldGen: 384435K(384512K)->384451K(384512K)
[764.597s][info][gc,metaspace   ] GC(2164) Metaspace: 35490K(36224K)->35490K(36224K) NonClass: 29219K(29760K)->29219K(29760K) Class: 6271K(6464K)->6271K(6464K)
[764.597s][info][gc             ] GC(2164) Pause Young (Allocation Failure) 671M->375M(685M) 1.342ms
[764.597s][info][gc,cpu         ] GC(2164) User=0.01s Sys=0.00s Real=0.00s
[764.780s][info][gc,start       ] GC(2165) Pause Young (Allocation Failure)
[764.781s][info][gc,heap        ] GC(2165) PSYoungGen: 303168K(317440K)->64K(317440K) Eden: 303104K(303104K)->0K(306176K) From: 64K(14336K)->64K(11264K)
[764.781s][info][gc,heap        ] GC(2165) ParOldGen: 384451K(384512K)->384451K(384512K)
[764.781s][info][gc,metaspace   ] GC(2165) Metaspace: 35490K(36224K)->35490K(36224K) NonClass: 29219K(29760K)->29219K(29760K) Class: 6271K(6464K)->6271K(6464K)
[764.781s][info][gc             ] GC(2165) Pause Young (Allocation Failure) 671M->375M(685M) 1.251ms
[764.781s][info][gc,cpu         ] GC(2165) User=0.00s Sys=0.00s Real=0.00s
[765.743s][info][gc,start       ] GC(2166) Pause Young (Allocation Failure)
[765.745s][info][gc,heap        ] GC(2166) PSYoungGen: 306240K(317440K)->64K(294400K) Eden: 306176K(306176K)->0K(293888K) From: 64K(11264K)->64K(512K)
[765.745s][info][gc,heap        ] GC(2166) ParOldGen: 384451K(384512K)->384459K(384512K)
[765.745s][info][gc,metaspace   ] GC(2166) Metaspace: 35490K(36224K)->35490K(36224K) NonClass: 29219K(29760K)->29219K(29760K) Class: 6271K(6464K)->6271K(6464K)
[765.745s][info][gc             ] GC(2166) Pause Young (Allocation Failure) 674M->375M(663M) 1.738ms
[765.745s][info][gc,cpu         ] GC(2166) User=0.00s Sys=0.00s Real=0.01s
[766.600s][info][gc,start       ] GC(2167) Pause Young (Allocation Failure)
[766.602s][info][gc,heap        ] GC(2167) PSYoungGen: 293952K(294400K)->64K(282624K) Eden: 293888K(293888K)->0K(282112K) From: 64K(512K)->64K(512K)
[766.602s][info][gc,heap        ] GC(2167) ParOldGen: 384459K(384512K)->384467K(384512K)
[766.602s][info][gc,metaspace   ] GC(2167) Metaspace: 35490K(36224K)->35490K(36224K) NonClass: 29219K(29760K)->29219K(29760K) Class: 6271K(6464K)->6271K(6464K)
[766.603s][info][gc             ] GC(2167) Pause Young (Allocation Failure) 662M->375M(651M) 2.341ms
[766.603s][info][gc,cpu         ] GC(2167) User=0.00s Sys=0.00s Real=0.00s
[766.862s][info][gc,start       ] GC(2168) Pause Young (Allocation Failure)
[766.864s][info][gc,heap        ] GC(2168) PSYoungGen: 282176K(282624K)->64K(281600K) Eden: 282112K(282112K)->0K(270848K) From: 64K(512K)->64K(10752K)
[766.864s][info][gc,heap        ] GC(2168) ParOldGen: 384467K(384512K)->384475K(384512K)
[766.864s][info][gc,metaspace   ] GC(2168) Metaspace: 35490K(36224K)->35490K(36224K) NonClass: 29219K(29760K)->29219K(29760K) Class: 6271K(6464K)->6271K(6464K)
[766.864s][info][gc             ] GC(2168) Pause Young (Allocation Failure) 651M->375M(650M) 1.435ms
[766.864s][info][gc,cpu         ] GC(2168) User=0.00s Sys=0.00s Real=0.00s
[767.290s][info][gc,start       ] GC(2169) Pause Young (Allocation Failure)
[767.292s][info][gc,heap        ] GC(2169) PSYoungGen: 270912K(281600K)->64K(260608K) Eden: 270848K(270848K)->0K(260096K) From: 64K(10752K)->64K(512K)
[767.292s][info][gc,heap        ] GC(2169) ParOldGen: 384475K(384512K)->384483K(384512K)
[767.292s][info][gc,metaspace   ] GC(2169) Metaspace: 35490K(36224K)->35490K(36224K) NonClass: 29219K(29760K)->29219K(29760K) Class: 6271K(6464K)->6271K(6464K)
[767.292s][info][gc             ] GC(2169) Pause Young (Allocation Failure) 640M->375M(630M) 1.731ms
[767.292s][info][gc,cpu         ] GC(2169) User=0.00s Sys=0.00s Real=0.00s
[768.207s][info][gc,start       ] GC(2170) Pause Young (Allocation Failure)
[768.209s][info][gc,heap        ] GC(2170) PSYoungGen: 260160K(260608K)->64K(259584K) Eden: 260096K(260096K)->0K(249856K) From: 64K(512K)->64K(9728K)
[768.209s][info][gc,heap        ] GC(2170) ParOldGen: 384483K(384512K)->384491K(384512K)
[768.209s][info][gc,metaspace   ] GC(2170) Metaspace: 35490K(36224K)->35490K(36224K) NonClass: 29219K(29760K)->29219K(29760K) Class: 6271K(6464K)->6271K(6464K)
[768.209s][info][gc             ] GC(2170) Pause Young (Allocation Failure) 629M->375M(629M) 2.276ms
[768.209s][info][gc,cpu         ] GC(2170) User=0.00s Sys=0.00s Real=0.00s
[768.575s][info][gc,start       ] GC(2171) Pause Young (Allocation Failure)
[768.578s][info][gc,heap        ] GC(2171) PSYoungGen: 249920K(259584K)->64K(240640K) Eden: 249856K(249856K)->0K(240128K) From: 64K(9728K)->64K(512K)
[768.578s][info][gc,heap        ] GC(2171) ParOldGen: 384491K(384512K)->384499K(384512K)
[768.578s][info][gc,metaspace   ] GC(2171) Metaspace: 35490K(36224K)->35490K(36224K) NonClass: 29219K(29760K)->29219K(29760K) Class: 6271K(6464K)->6271K(6464K)
[768.578s][info][gc             ] GC(2171) Pause Young (Allocation Failure) 619M->375M(610M) 3.131ms
[768.578s][info][gc,cpu         ] GC(2171) User=0.00s Sys=0.00s Real=0.00s
[768.738s][info][gc,start       ] GC(2172) Pause Young (Allocation Failure)
[768.740s][info][gc,heap        ] GC(2172) PSYoungGen: 240192K(240640K)->32K(239104K) Eden: 240128K(240128K)->0K(230912K) From: 64K(512K)->32K(8192K)
[768.740s][info][gc,heap        ] GC(2172) ParOldGen: 384499K(384512K)->384507K(384512K)
[768.740s][info][gc,metaspace   ] GC(2172) Metaspace: 35490K(36224K)->35490K(36224K) NonClass: 29219K(29760K)->29219K(29760K) Class: 6271K(6464K)->6271K(6464K)
[768.740s][info][gc             ] GC(2172) Pause Young (Allocation Failure) 610M->375M(609M) 1.678ms
[768.740s][info][gc,cpu         ] GC(2172) User=0.00s Sys=0.01s Real=0.00s
[768.826s][info][gc,start       ] GC(2173) Pause Young (Allocation Failure)
[768.828s][info][gc,heap        ] GC(2173) PSYoungGen: 230944K(239104K)->64K(279040K) Eden: 230912K(230912K)->0K(273920K) From: 32K(8192K)->64K(5120K)
[768.828s][info][gc,heap        ] GC(2173) ParOldGen: 384507K(384512K)->384523K(385024K)
[768.828s][info][gc,metaspace   ] GC(2173) Metaspace: 35490K(36224K)->35490K(36224K) NonClass: 29219K(29760K)->29219K(29760K) Class: 6271K(6464K)->6271K(6464K)
[768.828s][info][gc             ] GC(2173) Pause Young (Allocation Failure) 601M->375M(648M) 2.299ms
[768.828s][info][gc,cpu         ] GC(2173) User=0.00s Sys=0.00s Real=0.00s
[769.449s][info][gc,start       ] GC(2174) Pause Young (Allocation Failure)
[769.451s][info][gc,heap        ] GC(2174) PSYoungGen: 273984K(279040K)->64K(263680K) Eden: 273920K(273920K)->0K(263168K) From: 64K(5120K)->64K(512K)
[769.451s][info][gc,heap        ] GC(2174) ParOldGen: 384523K(385024K)->384539K(385024K)
[769.451s][info][gc,metaspace   ] GC(2174) Metaspace: 35490K(36224K)->35490K(36224K) NonClass: 29219K(29760K)->29219K(29760K) Class: 6271K(6464K)->6271K(6464K)
[769.451s][info][gc             ] GC(2174) Pause Young (Allocation Failure) 643M->375M(633M) 2.108ms
[769.451s][info][gc,cpu         ] GC(2174) User=0.00s Sys=0.00s Real=0.00s
[769.700s][info][gc,start       ] GC(2175) Pause Young (Allocation Failure)
[769.703s][info][gc,heap        ] GC(2175) PSYoungGen: 263232K(263680K)->64K(253440K) Eden: 263168K(263168K)->0K(252928K) From: 64K(512K)->64K(512K)
[769.703s][info][gc,heap        ] GC(2175) ParOldGen: 384539K(385024K)->384555K(385024K)
[769.703s][info][gc,metaspace   ] GC(2175) Metaspace: 35490K(36224K)->35490K(36224K) NonClass: 29219K(29760K)->29219K(29760K) Class: 6271K(6464K)->6271K(6464K)
[769.703s][info][gc             ] GC(2175) Pause Young (Allocation Failure) 632M->375M(623M) 2.707ms
[769.703s][info][gc,cpu         ] GC(2175) User=0.01s Sys=0.00s Real=0.00s
[769.995s][info][gc,start       ] GC(2176) Pause Young (Allocation Failure)
[770.046s][info][gc,heap        ] GC(2176) PSYoungGen: 252992K(253440K)->6144K(271360K) Eden: 252928K(252928K)->0K(265216K) From: 64K(512K)->6144K(6144K)
[770.046s][info][gc,heap        ] GC(2176) ParOldGen: 384555K(385024K)->402491K(402944K)
[770.046s][info][gc,metaspace   ] GC(2176) Metaspace: 35490K(36224K)->35490K(36224K) NonClass: 29219K(29760K)->29219K(29760K) Class: 6271K(6464K)->6271K(6464K)
[770.046s][info][gc             ] GC(2176) Pause Young (Allocation Failure) 622M->399M(658M) 50.494ms
[770.046s][info][gc,cpu         ] GC(2176) User=0.07s Sys=0.01s Real=0.05s
[770.328s][info][gc,start       ] GC(2177) Pause Young (Allocation Failure)
[770.390s][info][gc,heap        ] GC(2177) PSYoungGen: 271360K(271360K)->14336K(302080K) Eden: 265216K(265216K)->0K(287744K) From: 6144K(6144K)->14336K(14336K)
[770.390s][info][gc,heap        ] GC(2177) ParOldGen: 402491K(402944K)->416891K(417280K)
[770.390s][info][gc,metaspace   ] GC(2177) Metaspace: 35490K(36224K)->35490K(36224K) NonClass: 29219K(29760K)->29219K(29760K) Class: 6271K(6464K)->6271K(6464K)
[770.390s][info][gc             ] GC(2177) Pause Young (Allocation Failure) 658M->421M(702M) 62.556ms
[770.390s][info][gc,cpu         ] GC(2177) User=0.09s Sys=0.03s Real=0.06s
[770.593s][info][gc,start       ] GC(2178) Pause Young (Allocation Failure)
[770.630s][info][gc,heap        ] GC(2178) PSYoungGen: 302080K(302080K)->16832K(304640K) Eden: 287744K(287744K)->0K(287744K) From: 14336K(14336K)->16832K(16896K)
[770.630s][info][gc,heap        ] GC(2178) ParOldGen: 416891K(417280K)->417419K(417792K)
[770.630s][info][gc,metaspace   ] GC(2178) Metaspace: 35490K(36224K)->35490K(36224K) NonClass: 29219K(29760K)->29219K(29760K) Class: 6271K(6464K)->6271K(6464K)
[770.630s][info][gc             ] GC(2178) Pause Young (Allocation Failure) 702M->424M(705M) 36.866ms
[770.630s][info][gc,cpu         ] GC(2178) User=0.06s Sys=0.02s Real=0.04s
[770.904s][info][gc,start       ] GC(2179) Pause Young (Allocation Failure)
[770.906s][info][gc,heap        ] GC(2179) PSYoungGen: 304576K(304640K)->64K(309248K) Eden: 287744K(287744K)->0K(284160K) From: 16832K(16896K)->64K(25088K)
[770.906s][info][gc,heap        ] GC(2179) ParOldGen: 417419K(417792K)->417427K(417792K)
[770.906s][info][gc,metaspace   ] GC(2179) Metaspace: 35490K(36224K)->35490K(36224K) NonClass: 29219K(29760K)->29219K(29760K) Class: 6271K(6464K)->6271K(6464K)
[770.906s][info][gc             ] GC(2179) Pause Young (Allocation Failure) 705M->407M(710M) 1.545ms
[770.906s][info][gc,cpu         ] GC(2179) User=0.00s Sys=0.00s Real=0.01s
[771.542s][info][gc,start       ] GC(2180) Pause Young (Allocation Failure)
[771.544s][info][gc,heap        ] GC(2180) PSYoungGen: 284224K(309248K)->64K(284672K) Eden: 284160K(284160K)->0K(284160K) From: 64K(25088K)->64K(512K)
[771.544s][info][gc,heap        ] GC(2180) ParOldGen: 417427K(417792K)->417435K(417792K)
[771.544s][info][gc,metaspace   ] GC(2180) Metaspace: 35490K(36224K)->35490K(36224K) NonClass: 29219K(29760K)->29219K(29760K) Class: 6271K(6464K)->6271K(6464K)
[771.544s][info][gc             ] GC(2180) Pause Young (Allocation Failure) 685M->407M(686M) 1.585ms
[771.544s][info][gc,cpu         ] GC(2180) User=0.00s Sys=0.00s Real=0.00s
[771.811s][info][gc,start       ] GC(2181) Pause Young (Allocation Failure)
[771.813s][info][gc,heap        ] GC(2181) PSYoungGen: 284224K(284672K)->64K(308224K) Eden: 284160K(284160K)->0K(284672K) From: 64K(512K)->64K(23552K)
[771.813s][info][gc,heap        ] GC(2181) ParOldGen: 417435K(417792K)->417451K(417792K)
[771.813s][info][gc,metaspace   ] GC(2181) Metaspace: 35490K(36224K)->35490K(36224K) NonClass: 29219K(29760K)->29219K(29760K) Class: 6271K(6464K)->6271K(6464K)
[771.813s][info][gc             ] GC(2181) Pause Young (Allocation Failure) 685M->407M(709M) 1.560ms
[771.813s][info][gc,cpu         ] GC(2181) User=0.00s Sys=0.00s Real=0.00s
[772.168s][info][gc,start       ] GC(2182) Pause Young (Allocation Failure)
[772.170s][info][gc,heap        ] GC(2182) PSYoungGen: 284736K(308224K)->64K(307712K) Eden: 284672K(284672K)->0K(284672K) From: 64K(23552K)->64K(23040K)
[772.170s][info][gc,heap        ] GC(2182) ParOldGen: 417451K(417792K)->417459K(417792K)
[772.170s][info][gc,metaspace   ] GC(2182) Metaspace: 35490K(36224K)->35490K(36224K) NonClass: 29219K(29760K)->29219K(29760K) Class: 6271K(6464K)->6271K(6464K)
[772.170s][info][gc             ] GC(2182) Pause Young (Allocation Failure) 685M->407M(708M) 1.589ms
[772.170s][info][gc,cpu         ] GC(2182) User=0.01s Sys=0.00s Real=0.00s
[772.357s][info][gc,start       ] GC(2183) Pause Young (Allocation Failure)
[772.358s][info][gc,heap        ] GC(2183) PSYoungGen: 284736K(307712K)->64K(309760K) Eden: 284672K(284672K)->0K(288256K) From: 64K(23040K)->64K(21504K)
[772.358s][info][gc,heap        ] GC(2183) ParOldGen: 417459K(417792K)->417475K(417792K)
[772.358s][info][gc,metaspace   ] GC(2183) Metaspace: 35490K(36224K)->35490K(36224K) NonClass: 29219K(29760K)->29219K(29760K) Class: 6271K(6464K)->6271K(6464K)
[772.358s][info][gc             ] GC(2183) Pause Young (Allocation Failure) 685M->407M(710M) 1.578ms
[772.358s][info][gc,cpu         ] GC(2183) User=0.00s Sys=0.00s Real=0.00s
[772.653s][info][gc,start       ] GC(2184) Pause Young (Allocation Failure)
[772.654s][info][gc,heap        ] GC(2184) PSYoungGen: 288320K(309760K)->64K(309248K) Eden: 288256K(288256K)->0K(288256K) From: 64K(21504K)->64K(20992K)
[772.654s][info][gc,heap        ] GC(2184) ParOldGen: 417475K(417792K)->417475K(417792K)
[772.654s][info][gc,metaspace   ] GC(2184) Metaspace: 35490K(36224K)->35490K(36224K) NonClass: 29219K(29760K)->29219K(29760K) Class: 6271K(6464K)->6271K(6464K)
[772.655s][info][gc             ] GC(2184) Pause Young (Allocation Failure) 689M->407M(710M) 1.575ms
[772.655s][info][gc,cpu         ] GC(2184) User=0.00s Sys=0.00s Real=0.01s
[772.816s][info][gc,start       ] GC(2185) Pause Young (Allocation Failure)
[772.817s][info][gc,heap        ] GC(2185) PSYoungGen: 288320K(309248K)->64K(311808K) Eden: 288256K(288256K)->0K(292352K) From: 64K(20992K)->64K(19456K)
[772.817s][info][gc,heap        ] GC(2185) ParOldGen: 417475K(417792K)->417483K(417792K)
[772.817s][info][gc,metaspace   ] GC(2185) Metaspace: 35490K(36224K)->35490K(36224K) NonClass: 29219K(29760K)->29219K(29760K) Class: 6271K(6464K)->6271K(6464K)
[772.817s][info][gc             ] GC(2185) Pause Young (Allocation Failure) 689M->407M(712M) 1.548ms
[772.817s][info][gc,cpu         ] GC(2185) User=0.00s Sys=0.00s Real=0.00s
[772.871s][info][gc,start       ] GC(2186) Pause Young (Allocation Failure)
[772.872s][info][gc,heap        ] GC(2186) PSYoungGen: 292416K(311808K)->64K(311296K) Eden: 292352K(292352K)->0K(292352K) From: 64K(19456K)->64K(18944K)
[772.872s][info][gc,heap        ] GC(2186) ParOldGen: 417483K(417792K)->417499K(417792K)
[772.872s][info][gc,metaspace   ] GC(2186) Metaspace: 35490K(36224K)->35490K(36224K) NonClass: 29219K(29760K)->29219K(29760K) Class: 6271K(6464K)->6271K(6464K)
[772.873s][info][gc             ] GC(2186) Pause Young (Allocation Failure) 693M->407M(712M) 1.569ms
[772.873s][info][gc,cpu         ] GC(2186) User=0.00s Sys=0.00s Real=0.00s
[772.970s][info][gc,start       ] GC(2187) Pause Young (Allocation Failure)
[772.971s][info][gc,heap        ] GC(2187) PSYoungGen: 292416K(311296K)->64K(313856K) Eden: 292352K(292352K)->0K(296448K) From: 64K(18944K)->64K(17408K)
[772.971s][info][gc,heap        ] GC(2187) ParOldGen: 417499K(417792K)->417499K(417792K)
[772.971s][info][gc,metaspace   ] GC(2187) Metaspace: 35490K(36224K)->35490K(36224K) NonClass: 29219K(29760K)->29219K(29760K) Class: 6271K(6464K)->6271K(6464K)
[772.971s][info][gc             ] GC(2187) Pause Young (Allocation Failure) 693M->407M(714M) 1.553ms
[772.971s][info][gc,cpu         ] GC(2187) User=0.00s Sys=0.00s Real=0.00s
[773.225s][info][gc,start       ] GC(2188) Pause Young (Allocation Failure)
[773.227s][info][gc,heap        ] GC(2188) PSYoungGen: 296512K(313856K)->64K(313344K) Eden: 296448K(296448K)->0K(296448K) From: 64K(17408K)->64K(16896K)
[773.227s][info][gc,heap        ] GC(2188) ParOldGen: 417499K(417792K)->417515K(417792K)
[773.227s][info][gc,metaspace   ] GC(2188) Metaspace: 35490K(36224K)->35490K(36224K) NonClass: 29219K(29760K)->29219K(29760K) Class: 6271K(6464K)->6271K(6464K)
[773.227s][info][gc             ] GC(2188) Pause Young (Allocation Failure) 697M->407M(714M) 1.579ms
[773.227s][info][gc,cpu         ] GC(2188) User=0.00s Sys=0.00s Real=0.00s
[773.419s][info][gc,start       ] GC(2189) Pause Young (Allocation Failure)
[773.420s][info][gc,heap        ] GC(2189) PSYoungGen: 296512K(313344K)->64K(315904K) Eden: 296448K(296448K)->0K(300544K) From: 64K(16896K)->64K(15360K)
[773.420s][info][gc,heap        ] GC(2189) ParOldGen: 417515K(417792K)->417515K(417792K)
[773.420s][info][gc,metaspace   ] GC(2189) Metaspace: 35490K(36224K)->35490K(36224K) NonClass: 29219K(29760K)->29219K(29760K) Class: 6271K(6464K)->6271K(6464K)
[773.420s][info][gc             ] GC(2189) Pause Young (Allocation Failure) 697M->407M(716M) 1.544ms
[773.420s][info][gc,cpu         ] GC(2189) User=0.00s Sys=0.00s Real=0.00s
[773.501s][info][gc,start       ] GC(2190) Pause Young (Allocation Failure)
[773.502s][info][gc,heap        ] GC(2190) PSYoungGen: 300608K(315904K)->64K(315392K) Eden: 300544K(300544K)->0K(300544K) From: 64K(15360K)->64K(14848K)
[773.502s][info][gc,heap        ] GC(2190) ParOldGen: 417515K(417792K)->417531K(417792K)
[773.502s][info][gc,metaspace   ] GC(2190) Metaspace: 35490K(36224K)->35490K(36224K) NonClass: 29219K(29760K)->29219K(29760K) Class: 6271K(6464K)->6271K(6464K)
[773.502s][info][gc             ] GC(2190) Pause Young (Allocation Failure) 701M->407M(716M) 1.548ms
[773.502s][info][gc,cpu         ] GC(2190) User=0.01s Sys=0.00s Real=0.00s
[773.646s][info][gc,start       ] GC(2191) Pause Young (Allocation Failure)
[773.648s][info][gc,heap        ] GC(2191) PSYoungGen: 300608K(315392K)->64K(317952K) Eden: 300544K(300544K)->0K(304640K) From: 64K(14848K)->64K(13312K)
[773.648s][info][gc,heap        ] GC(2191) ParOldGen: 417531K(417792K)->417531K(417792K)
[773.648s][info][gc,metaspace   ] GC(2191) Metaspace: 35490K(36224K)->35490K(36224K) NonClass: 29219K(29760K)->29219K(29760K) Class: 6271K(6464K)->6271K(6464K)
[773.648s][info][gc             ] GC(2191) Pause Young (Allocation Failure) 701M->407M(718M) 1.539ms
[773.648s][info][gc,cpu         ] GC(2191) User=0.00s Sys=0.00s Real=0.00s
[774.039s][info][gc,start       ] GC(2192) Pause Young (Allocation Failure)
[774.040s][info][gc,heap        ] GC(2192) PSYoungGen: 304704K(317952K)->64K(317952K) Eden: 304640K(304640K)->0K(304640K) From: 64K(13312K)->64K(13312K)
[774.040s][info][gc,heap        ] GC(2192) ParOldGen: 417531K(417792K)->417539K(417792K)
[774.040s][info][gc,metaspace   ] GC(2192) Metaspace: 35490K(36224K)->35490K(36224K) NonClass: 29219K(29760K)->29219K(29760K) Class: 6271K(6464K)->6271K(6464K)
[774.040s][info][gc             ] GC(2192) Pause Young (Allocation Failure) 705M->407M(718M) 1.606ms
[774.040s][info][gc,cpu         ] GC(2192) User=0.00s Sys=0.00s Real=0.00s
[774.714s][info][gc,start       ] GC(2193) Pause Young (Allocation Failure)
[774.716s][info][gc,heap        ] GC(2193) PSYoungGen: 304704K(317952K)->83K(292864K) Eden: 304640K(304640K)->0K(292352K) From: 64K(13312K)->83K(512K)
[774.716s][info][gc,heap        ] GC(2193) ParOldGen: 417539K(417792K)->417547K(417792K)
[774.716s][info][gc,metaspace   ] GC(2193) Metaspace: 35490K(36224K)->35490K(36224K) NonClass: 29219K(29760K)->29219K(29760K) Class: 6271K(6464K)->6271K(6464K)
[774.716s][info][gc             ] GC(2193) Pause Young (Allocation Failure) 705M->407M(694M) 2.352ms
[774.716s][info][gc,cpu         ] GC(2193) User=0.01s Sys=0.00s Real=0.01s
[775.682s][info][gc,start       ] GC(2194) Pause Young (Allocation Failure)
[775.684s][info][gc,heap        ] GC(2194) PSYoungGen: 292435K(292864K)->64K(292352K) Eden: 292352K(292352K)->0K(280576K) From: 83K(512K)->64K(11776K)
[775.684s][info][gc,heap        ] GC(2194) ParOldGen: 417547K(417792K)->417555K(417792K)
[775.684s][info][gc,metaspace   ] GC(2194) Metaspace: 35490K(36224K)->35490K(36224K) NonClass: 29219K(29760K)->29219K(29760K) Class: 6271K(6464K)->6271K(6464K)
[775.684s][info][gc             ] GC(2194) Pause Young (Allocation Failure) 693M->407M(693M) 1.500ms
[775.684s][info][gc,cpu         ] GC(2194) User=0.00s Sys=0.00s Real=0.00s
[776.138s][info][gc,start       ] GC(2195) Pause Young (Allocation Failure)
[776.140s][info][gc,heap        ] GC(2195) PSYoungGen: 280640K(292352K)->64K(269824K) Eden: 280576K(280576K)->0K(269312K) From: 64K(11776K)->64K(512K)
[776.140s][info][gc,heap        ] GC(2195) ParOldGen: 417555K(417792K)->417563K(417792K)
[776.140s][info][gc,metaspace   ] GC(2195) Metaspace: 35490K(36224K)->35490K(36224K) NonClass: 29219K(29760K)->29219K(29760K) Class: 6271K(6464K)->6271K(6464K)
[776.140s][info][gc             ] GC(2195) Pause Young (Allocation Failure) 681M->407M(671M) 1.751ms
[776.140s][info][gc,cpu         ] GC(2195) User=0.00s Sys=0.00s Real=0.00s
[777.089s][info][gc,start       ] GC(2196) Pause Young (Allocation Failure)
[777.090s][info][gc,heap        ] GC(2196) PSYoungGen: 269376K(269824K)->64K(269312K) Eden: 269312K(269312K)->0K(259072K) From: 64K(512K)->64K(10240K)
[777.090s][info][gc,heap        ] GC(2196) ParOldGen: 417563K(417792K)->417571K(417792K)
[777.090s][info][gc,metaspace   ] GC(2196) Metaspace: 35490K(36224K)->35490K(36224K) NonClass: 29219K(29760K)->29219K(29760K) Class: 6271K(6464K)->6271K(6464K)
[777.091s][info][gc             ] GC(2196) Pause Young (Allocation Failure) 670M->407M(671M) 1.596ms
[777.091s][info][gc,cpu         ] GC(2196) User=0.01s Sys=0.00s Real=0.00s
[777.469s][info][gc,start       ] GC(2197) Pause Young (Allocation Failure)
[777.471s][info][gc,heap        ] GC(2197) PSYoungGen: 259136K(269312K)->64K(249344K) Eden: 259072K(259072K)->0K(248832K) From: 64K(10240K)->64K(512K)
[777.471s][info][gc,heap        ] GC(2197) ParOldGen: 417571K(417792K)->417579K(417792K)
[777.471s][info][gc,metaspace   ] GC(2197) Metaspace: 35490K(36224K)->35490K(36224K) NonClass: 29219K(29760K)->29219K(29760K) Class: 6271K(6464K)->6271K(6464K)
[777.471s][info][gc             ] GC(2197) Pause Young (Allocation Failure) 660M->407M(651M) 2.064ms
[777.471s][info][gc,cpu         ] GC(2197) User=0.01s Sys=0.00s Real=0.00s
[777.655s][info][gc,start       ] GC(2198) Pause Young (Allocation Failure)
[777.657s][info][gc,heap        ] GC(2198) PSYoungGen: 248896K(249344K)->64K(247808K) Eden: 248832K(248832K)->0K(239104K) From: 64K(512K)->64K(8704K)
[777.657s][info][gc,heap        ] GC(2198) ParOldGen: 417579K(417792K)->417587K(417792K)
[777.657s][info][gc,metaspace   ] GC(2198) Metaspace: 35490K(36224K)->35490K(36224K) NonClass: 29219K(29760K)->29219K(29760K) Class: 6271K(6464K)->6271K(6464K)
[777.657s][info][gc             ] GC(2198) Pause Young (Allocation Failure) 650M->407M(650M) 1.457ms
[777.657s][info][gc,cpu         ] GC(2198) User=0.00s Sys=0.00s Real=0.00s
[777.728s][info][gc,start       ] GC(2199) Pause Young (Allocation Failure)
[777.730s][info][gc,heap        ] GC(2199) PSYoungGen: 239168K(247808K)->64K(230400K) Eden: 239104K(239104K)->0K(229888K) From: 64K(8704K)->64K(512K)
[777.730s][info][gc,heap        ] GC(2199) ParOldGen: 417587K(417792K)->417595K(417792K)
[777.730s][info][gc,metaspace   ] GC(2199) Metaspace: 35490K(36224K)->35490K(36224K) NonClass: 29219K(29760K)->29219K(29760K) Class: 6271K(6464K)->6271K(6464K)
[777.730s][info][gc             ] GC(2199) Pause Young (Allocation Failure) 641M->407M(633M) 1.944ms
[777.730s][info][gc,cpu         ] GC(2199) User=0.01s Sys=0.01s Real=0.00s
[778.199s][info][gc,start       ] GC(2200) Pause Young (Allocation Failure)
[778.200s][info][gc,heap        ] GC(2200) PSYoungGen: 229952K(230400K)->64K(228864K) Eden: 229888K(229888K)->0K(221184K) From: 64K(512K)->64K(7680K)
[778.200s][info][gc,heap        ] GC(2200) ParOldGen: 417595K(417792K)->417603K(417792K)
[778.200s][info][gc,metaspace   ] GC(2200) Metaspace: 35490K(36224K)->35490K(36224K) NonClass: 29219K(29760K)->29219K(29760K) Class: 6271K(6464K)->6271K(6464K)
[778.200s][info][gc             ] GC(2200) Pause Young (Allocation Failure) 632M->407M(631M) 1.382ms
[778.200s][info][gc,cpu         ] GC(2200) User=0.00s Sys=0.00s Real=0.00s
[778.419s][info][gc,start       ] GC(2201) Pause Young (Allocation Failure)
[778.421s][info][gc,heap        ] GC(2201) PSYoungGen: 221248K(228864K)->64K(213504K) Eden: 221184K(221184K)->0K(212992K) From: 64K(7680K)->64K(512K)
[778.421s][info][gc,heap        ] GC(2201) ParOldGen: 417603K(417792K)->417611K(417792K)
[778.421s][info][gc,metaspace   ] GC(2201) Metaspace: 35490K(36224K)->35490K(36224K) NonClass: 29219K(29760K)->29219K(29760K) Class: 6271K(6464K)->6271K(6464K)
[778.421s][info][gc             ] GC(2201) Pause Young (Allocation Failure) 623M->407M(616M) 1.676ms
[778.421s][info][gc,cpu         ] GC(2201) User=0.00s Sys=0.00s Real=0.00s
[778.700s][info][gc,start       ] GC(2202) Pause Young (Allocation Failure)
[778.709s][info][gc,heap        ] GC(2202) PSYoungGen: 213056K(213504K)->6080K(259584K) Eden: 212992K(212992K)->0K(253440K) From: 64K(512K)->6080K(6144K)
[778.709s][info][gc,heap        ] GC(2202) ParOldGen: 417611K(417792K)->417627K(417792K)
[778.709s][info][gc,metaspace   ] GC(2202) Metaspace: 35490K(36224K)->35490K(36224K) NonClass: 29219K(29760K)->29219K(29760K) Class: 6271K(6464K)->6271K(6464K)
[778.709s][info][gc             ] GC(2202) Pause Young (Allocation Failure) 615M->413M(661M) 8.999ms
[778.709s][info][gc,cpu         ] GC(2202) User=0.02s Sys=0.00s Real=0.01s
[778.968s][info][gc,start       ] GC(2203) Pause Young (Allocation Failure)
[779.020s][info][gc,heap        ] GC(2203) PSYoungGen: 259520K(259584K)->7168K(269824K) Eden: 253440K(253440K)->0K(262656K) From: 6080K(6144K)->7168K(7168K)
[779.020s][info][gc,heap        ] GC(2203) ParOldGen: 417627K(417792K)->437299K(437760K)
[779.020s][info][gc,metaspace   ] GC(2203) Metaspace: 35490K(36224K)->35490K(36224K) NonClass: 29219K(29760K)->29219K(29760K) Class: 6271K(6464K)->6271K(6464K)
[779.021s][info][gc             ] GC(2203) Pause Young (Allocation Failure) 661M->434M(691M) 52.564ms
[779.021s][info][gc,cpu         ] GC(2203) User=0.09s Sys=0.01s Real=0.05s
[779.298s][info][gc,start       ] GC(2204) Pause Young (Allocation Failure)
[779.355s][info][gc,heap        ] GC(2204) PSYoungGen: 269824K(269824K)->16896K(279552K) Eden: 262656K(262656K)->0K(262656K) From: 7168K(7168K)->16896K(16896K)
[779.355s][info][gc,heap        ] GC(2204) ParOldGen: 437299K(437760K)->448931K(449024K)
[779.355s][info][gc,metaspace   ] GC(2204) Metaspace: 35490K(36224K)->35490K(36224K) NonClass: 29219K(29760K)->29219K(29760K) Class: 6271K(6464K)->6271K(6464K)
[779.355s][info][gc             ] GC(2204) Pause Young (Allocation Failure) 690M->454M(711M) 57.057ms
[779.355s][info][gc,cpu         ] GC(2204) User=0.10s Sys=0.01s Real=0.06s
[779.477s][info][gc,start       ] GC(2205) Pause Young (Allocation Failure)
[779.496s][info][gc,heap        ] GC(2205) PSYoungGen: 279552K(279552K)->8288K(310272K) Eden: 262656K(262656K)->0K(285696K) From: 16896K(16896K)->8288K(24576K)
[779.496s][info][gc,heap        ] GC(2205) ParOldGen: 448931K(449024K)->449347K(449536K)
[779.497s][info][gc,metaspace   ] GC(2205) Metaspace: 35490K(36224K)->35490K(36224K) NonClass: 29219K(29760K)->29219K(29760K) Class: 6271K(6464K)->6271K(6464K)
[779.497s][info][gc             ] GC(2205) Pause Young (Allocation Failure) 711M->446M(742M) 19.947ms
[779.497s][info][gc,cpu         ] GC(2205) User=0.04s Sys=0.01s Real=0.02s
[779.868s][info][gc,start       ] GC(2206) Pause Young (Allocation Failure)
[779.870s][info][gc,heap        ] GC(2206) PSYoungGen: 293984K(310272K)->64K(286208K) Eden: 285696K(285696K)->0K(285696K) From: 8288K(24576K)->64K(512K)
[779.870s][info][gc,heap        ] GC(2206) ParOldGen: 449347K(449536K)->449355K(449536K)
[779.870s][info][gc,metaspace   ] GC(2206) Metaspace: 35490K(36224K)->35490K(36224K) NonClass: 29219K(29760K)->29219K(29760K) Class: 6271K(6464K)->6271K(6464K)
[779.870s][info][gc             ] GC(2206) Pause Young (Allocation Failure) 725M->438M(718M) 1.565ms
[779.870s][info][gc,cpu         ] GC(2206) User=0.00s Sys=0.00s Real=0.00s
[780.450s][info][gc,start       ] GC(2207) Pause Young (Allocation Failure)
[780.455s][info][gc,heap        ] GC(2207) PSYoungGen: 285760K(286208K)->160K(309248K) Eden: 285696K(285696K)->0K(286208K) From: 64K(512K)->160K(23040K)
[780.455s][info][gc,heap        ] GC(2207) ParOldGen: 449355K(449536K)->449363K(449536K)
[780.455s][info][gc,metaspace   ] GC(2207) Metaspace: 35636K(36288K)->35636K(36288K) NonClass: 29364K(29824K)->29364K(29824K) Class: 6272K(6464K)->6272K(6464K)
[780.455s][info][gc             ] GC(2207) Pause Young (Allocation Failure) 717M->438M(741M) 4.614ms
[780.455s][info][gc,cpu         ] GC(2207) User=0.01s Sys=0.00s Real=0.01s
[780.870s][info][gc,start       ] GC(2208) Pause Young (Allocation Failure)
[780.872s][info][gc,heap        ] GC(2208) PSYoungGen: 286368K(309248K)->64K(308736K) Eden: 286208K(286208K)->0K(286208K) From: 160K(23040K)->64K(22528K)
[780.872s][info][gc,heap        ] GC(2208) ParOldGen: 449363K(449536K)->449459K(449536K)
[780.872s][info][gc,metaspace   ] GC(2208) Metaspace: 35636K(36288K)->35636K(36288K) NonClass: 29364K(29824K)->29364K(29824K) Class: 6272K(6464K)->6272K(6464K)
[780.872s][info][gc             ] GC(2208) Pause Young (Allocation Failure) 718M->438M(740M) 1.790ms
[780.872s][info][gc,cpu         ] GC(2208) User=0.00s Sys=0.00s Real=0.00s
[781.052s][info][gc,start       ] GC(2209) Pause Young (Allocation Failure)
[781.054s][info][gc,heap        ] GC(2209) PSYoungGen: 286272K(308736K)->32K(310272K) Eden: 286208K(286208K)->0K(289280K) From: 64K(22528K)->32K(20992K)
[781.054s][info][gc,heap        ] GC(2209) ParOldGen: 449459K(449536K)->449475K(449536K)
[781.054s][info][gc,metaspace   ] GC(2209) Metaspace: 35636K(36288K)->35636K(36288K) NonClass: 29364K(29824K)->29364K(29824K) Class: 6272K(6464K)->6272K(6464K)
[781.054s][info][gc             ] GC(2209) Pause Young (Allocation Failure) 718M->438M(742M) 1.589ms
[781.054s][info][gc,cpu         ] GC(2209) User=0.01s Sys=0.00s Real=0.00s
[781.240s][info][gc,start       ] GC(2210) Pause Young (Allocation Failure)
[781.242s][info][gc,heap        ] GC(2210) PSYoungGen: 289312K(310272K)->64K(309760K) Eden: 289280K(289280K)->0K(289280K) From: 32K(20992K)->64K(20480K)
[781.242s][info][gc,heap        ] GC(2210) ParOldGen: 449475K(449536K)->449475K(449536K)
[781.242s][info][gc,metaspace   ] GC(2210) Metaspace: 35636K(36288K)->35636K(36288K) NonClass: 29364K(29824K)->29364K(29824K) Class: 6272K(6464K)->6272K(6464K)
[781.242s][info][gc             ] GC(2210) Pause Young (Allocation Failure) 721M->439M(741M) 1.837ms
[781.242s][info][gc,cpu         ] GC(2210) User=0.00s Sys=0.00s Real=0.00s
[781.543s][info][gc,start       ] GC(2211) Pause Young (Allocation Failure)
[781.545s][info][gc,heap        ] GC(2211) PSYoungGen: 289344K(309760K)->64K(312320K) Eden: 289280K(289280K)->0K(293376K) From: 64K(20480K)->64K(18944K)
[781.545s][info][gc,heap        ] GC(2211) ParOldGen: 449475K(449536K)->449475K(449536K)
[781.545s][info][gc,metaspace   ] GC(2211) Metaspace: 35636K(36288K)->35636K(36288K) NonClass: 29364K(29824K)->29364K(29824K) Class: 6272K(6464K)->6272K(6464K)
[781.545s][info][gc             ] GC(2211) Pause Young (Allocation Failure) 721M->439M(744M) 2.451ms
[781.545s][info][gc,cpu         ] GC(2211) User=0.01s Sys=0.00s Real=0.01s
[781.673s][info][gc,start       ] GC(2212) Pause Young (Allocation Failure)
[781.675s][info][gc,heap        ] GC(2212) PSYoungGen: 293440K(312320K)->64K(312320K) Eden: 293376K(293376K)->0K(293376K) From: 64K(18944K)->64K(18944K)
[781.675s][info][gc,heap        ] GC(2212) ParOldGen: 449475K(449536K)->449483K(449536K)
[781.675s][info][gc,metaspace   ] GC(2212) Metaspace: 35636K(36288K)->35636K(36288K) NonClass: 29364K(29824K)->29364K(29824K) Class: 6272K(6464K)->6272K(6464K)
[781.675s][info][gc             ] GC(2212) Pause Young (Allocation Failure) 725M->439M(744M) 1.535ms
[781.675s][info][gc,cpu         ] GC(2212) User=0.00s Sys=0.00s Real=0.01s
[781.727s][info][gc,start       ] GC(2213) Pause Young (Allocation Failure)
[781.728s][info][gc,heap        ] GC(2213) PSYoungGen: 293440K(312320K)->64K(313856K) Eden: 293376K(293376K)->0K(296960K) From: 64K(18944K)->64K(16896K)
[781.728s][info][gc,heap        ] GC(2213) ParOldGen: 449483K(449536K)->449499K(449536K)
[781.728s][info][gc,metaspace   ] GC(2213) Metaspace: 35636K(36288K)->35636K(36288K) NonClass: 29364K(29824K)->29364K(29824K) Class: 6272K(6464K)->6272K(6464K)
[781.728s][info][gc             ] GC(2213) Pause Young (Allocation Failure) 725M->439M(745M) 1.345ms
[781.728s][info][gc,cpu         ] GC(2213) User=0.01s Sys=0.00s Real=0.00s
[781.861s][info][gc,start       ] GC(2214) Pause Young (Allocation Failure)
[781.863s][info][gc,heap        ] GC(2214) PSYoungGen: 297024K(313856K)->64K(313856K) Eden: 296960K(296960K)->0K(296960K) From: 64K(16896K)->64K(16896K)
[781.863s][info][gc,heap        ] GC(2214) ParOldGen: 449499K(449536K)->449499K(449536K)
[781.863s][info][gc,metaspace   ] GC(2214) Metaspace: 35636K(36288K)->35636K(36288K) NonClass: 29364K(29824K)->29364K(29824K) Class: 6272K(6464K)->6272K(6464K)
[781.863s][info][gc             ] GC(2214) Pause Young (Allocation Failure) 729M->439M(745M) 2.421ms
[781.863s][info][gc,cpu         ] GC(2214) User=0.00s Sys=0.00s Real=0.00s
[782.099s][info][gc,start       ] GC(2215) Pause Young (Allocation Failure)
[782.100s][info][gc,heap        ] GC(2215) PSYoungGen: 297024K(313856K)->64K(316416K) Eden: 296960K(296960K)->0K(300544K) From: 64K(16896K)->64K(15872K)
[782.100s][info][gc,heap        ] GC(2215) ParOldGen: 449499K(449536K)->449507K(449536K)
[782.100s][info][gc,metaspace   ] GC(2215) Metaspace: 35636K(36288K)->35636K(36288K) NonClass: 29364K(29824K)->29364K(29824K) Class: 6272K(6464K)->6272K(6464K)
[782.100s][info][gc             ] GC(2215) Pause Young (Allocation Failure) 729M->439M(748M) 1.292ms
[782.100s][info][gc,cpu         ] GC(2215) User=0.01s Sys=0.00s Real=0.00s
[782.256s][info][gc,start       ] GC(2216) Pause Young (Allocation Failure)
[782.258s][info][gc,heap        ] GC(2216) PSYoungGen: 300608K(316416K)->64K(315904K) Eden: 300544K(300544K)->0K(300544K) From: 64K(15872K)->64K(15360K)
[782.258s][info][gc,heap        ] GC(2216) ParOldGen: 449507K(449536K)->449515K(449536K)
[782.258s][info][gc,metaspace   ] GC(2216) Metaspace: 35636K(36288K)->35636K(36288K) NonClass: 29364K(29824K)->29364K(29824K) Class: 6272K(6464K)->6272K(6464K)
[782.258s][info][gc             ] GC(2216) Pause Young (Allocation Failure) 732M->439M(747M) 1.459ms
[782.258s][info][gc,cpu         ] GC(2216) User=0.00s Sys=0.00s Real=0.00s
[782.334s][info][gc,start       ] GC(2217) Pause Young (Allocation Failure)
[782.335s][info][gc,heap        ] GC(2217) PSYoungGen: 300608K(315904K)->64K(317440K) Eden: 300544K(300544K)->0K(303616K) From: 64K(15360K)->64K(13824K)
[782.335s][info][gc,heap        ] GC(2217) ParOldGen: 449515K(449536K)->449531K(449536K)
[782.335s][info][gc,metaspace   ] GC(2217) Metaspace: 35636K(36288K)->35636K(36288K) NonClass: 29364K(29824K)->29364K(29824K) Class: 6272K(6464K)->6272K(6464K)
[782.335s][info][gc             ] GC(2217) Pause Young (Allocation Failure) 732M->439M(749M) 1.345ms
[782.335s][info][gc,cpu         ] GC(2217) User=0.00s Sys=0.00s Real=0.01s
[782.495s][info][gc,start       ] GC(2218) Pause Young (Allocation Failure)
[782.496s][info][gc,heap        ] GC(2218) PSYoungGen: 303680K(317440K)->64K(316928K) Eden: 303616K(303616K)->0K(303616K) From: 64K(13824K)->64K(13312K)
[782.496s][info][gc,heap        ] GC(2218) ParOldGen: 449531K(449536K)->449531K(449536K)
[782.496s][info][gc,metaspace   ] GC(2218) Metaspace: 35636K(36288K)->35636K(36288K) NonClass: 29364K(29824K)->29364K(29824K) Class: 6272K(6464K)->6272K(6464K)
[782.496s][info][gc             ] GC(2218) Pause Young (Allocation Failure) 735M->439M(748M) 1.402ms
[782.496s][info][gc,cpu         ] GC(2218) User=0.00s Sys=0.00s Real=0.00s
[783.433s][info][gc,start       ] GC(2219) Pause Young (Allocation Failure)
[783.435s][info][gc,heap        ] GC(2219) PSYoungGen: 303680K(316928K)->64K(319488K) Eden: 303616K(303616K)->0K(307712K) From: 64K(13312K)->64K(11776K)
[783.435s][info][gc,heap        ] GC(2219) ParOldGen: 449531K(449536K)->449539K(450048K)
[783.435s][info][gc,metaspace   ] GC(2219) Metaspace: 35636K(36288K)->35636K(36288K) NonClass: 29364K(29824K)->29364K(29824K) Class: 6272K(6464K)->6272K(6464K)
[783.435s][info][gc             ] GC(2219) Pause Young (Allocation Failure) 735M->439M(751M) 1.704ms
[783.435s][info][gc,cpu         ] GC(2219) User=0.01s Sys=0.00s Real=0.01s
[784.350s][info][gc,start       ] GC(2220) Pause Young (Allocation Failure)
[784.352s][info][gc,heap        ] GC(2220) PSYoungGen: 307776K(319488K)->64K(295936K) Eden: 307712K(307712K)->0K(295424K) From: 64K(11776K)->64K(512K)
[784.352s][info][gc,heap        ] GC(2220) ParOldGen: 449539K(450048K)->449547K(450048K)
[784.352s][info][gc,metaspace   ] GC(2220) Metaspace: 35636K(36288K)->35636K(36288K) NonClass: 29364K(29824K)->29364K(29824K) Class: 6272K(6464K)->6272K(6464K)
[784.352s][info][gc             ] GC(2220) Pause Young (Allocation Failure) 739M->439M(728M) 1.770ms
[784.352s][info][gc,cpu         ] GC(2220) User=0.01s Sys=0.00s Real=0.00s
[784.600s][info][gc,start       ] GC(2221) Pause Young (Allocation Failure)
[784.603s][info][gc,heap        ] GC(2221) PSYoungGen: 295488K(295936K)->64K(284160K) Eden: 295424K(295424K)->0K(283648K) From: 64K(512K)->64K(512K)
[784.603s][info][gc,heap        ] GC(2221) ParOldGen: 449547K(450048K)->449555K(450048K)
[784.603s][info][gc,metaspace   ] GC(2221) Metaspace: 35636K(36288K)->35636K(36288K) NonClass: 29364K(29824K)->29364K(29824K) Class: 6272K(6464K)->6272K(6464K)
[784.603s][info][gc             ] GC(2221) Pause Young (Allocation Failure) 727M->439M(717M) 2.357ms
[784.603s][info][gc,cpu         ] GC(2221) User=0.01s Sys=0.00s Real=0.00s
[785.083s][info][gc,start       ] GC(2222) Pause Young (Allocation Failure)
[785.085s][info][gc,heap        ] GC(2222) PSYoungGen: 283712K(284160K)->64K(282624K) Eden: 283648K(283648K)->0K(272384K) From: 64K(512K)->64K(10240K)
[785.085s][info][gc,heap        ] GC(2222) ParOldGen: 449555K(450048K)->449563K(450048K)
[785.085s][info][gc,metaspace   ] GC(2222) Metaspace: 35636K(36288K)->35636K(36288K) NonClass: 29364K(29824K)->29364K(29824K) Class: 6272K(6464K)->6272K(6464K)
[785.085s][info][gc             ] GC(2222) Pause Young (Allocation Failure) 716M->439M(715M) 1.575ms
[785.085s][info][gc,cpu         ] GC(2222) User=0.00s Sys=0.00s Real=0.01s
[786.117s][info][gc,start       ] GC(2223) Pause Young (Allocation Failure)
[786.119s][info][gc,heap        ] GC(2223) PSYoungGen: 272448K(282624K)->64K(262144K) Eden: 272384K(272384K)->0K(261632K) From: 64K(10240K)->64K(512K)
[786.119s][info][gc,heap        ] GC(2223) ParOldGen: 449563K(450048K)->449571K(450048K)
[786.119s][info][gc,metaspace   ] GC(2223) Metaspace: 35636K(36288K)->35636K(36288K) NonClass: 29364K(29824K)->29364K(29824K) Class: 6272K(6464K)->6272K(6464K)
[786.119s][info][gc             ] GC(2223) Pause Young (Allocation Failure) 705M->439M(695M) 2.301ms
[786.119s][info][gc,cpu         ] GC(2223) User=0.01s Sys=0.00s Real=0.00s
[786.507s][info][gc,start       ] GC(2224) Pause Young (Allocation Failure)
[786.509s][info][gc,heap        ] GC(2224) PSYoungGen: 261696K(262144K)->64K(260608K) Eden: 261632K(261632K)->0K(251392K) From: 64K(512K)->64K(9216K)
[786.509s][info][gc,heap        ] GC(2224) ParOldGen: 449571K(450048K)->449579K(450048K)
[786.509s][info][gc,metaspace   ] GC(2224) Metaspace: 35636K(36288K)->35636K(36288K) NonClass: 29364K(29824K)->29364K(29824K) Class: 6272K(6464K)->6272K(6464K)
[786.509s][info][gc             ] GC(2224) Pause Young (Allocation Failure) 694M->439M(694M) 2.221ms
[786.509s][info][gc,cpu         ] GC(2224) User=0.01s Sys=0.00s Real=0.00s
[786.667s][info][gc,start       ] GC(2225) Pause Young (Allocation Failure)
[786.669s][info][gc,heap        ] GC(2225) PSYoungGen: 251456K(260608K)->64K(242176K) Eden: 251392K(251392K)->0K(241664K) From: 64K(9216K)->64K(512K)
[786.669s][info][gc,heap        ] GC(2225) ParOldGen: 449579K(450048K)->449587K(450048K)
[786.669s][info][gc,metaspace   ] GC(2225) Metaspace: 35636K(36288K)->35636K(36288K) NonClass: 29364K(29824K)->29364K(29824K) Class: 6272K(6464K)->6272K(6464K)
[786.670s][info][gc             ] GC(2225) Pause Young (Allocation Failure) 684M->439M(676M) 2.178ms
[786.670s][info][gc,cpu         ] GC(2225) User=0.00s Sys=0.00s Real=0.00s
[786.821s][info][gc,start       ] GC(2226) Pause Young (Allocation Failure)
[786.823s][info][gc,heap        ] GC(2226) PSYoungGen: 241728K(242176K)->64K(240128K) Eden: 241664K(241664K)->0K(232448K) From: 64K(512K)->64K(7680K)
[786.823s][info][gc,heap        ] GC(2226) ParOldGen: 449587K(450048K)->449595K(450048K)
[786.823s][info][gc,metaspace   ] GC(2226) Metaspace: 35636K(36288K)->35636K(36288K) NonClass: 29364K(29824K)->29364K(29824K) Class: 6272K(6464K)->6272K(6464K)
[786.823s][info][gc             ] GC(2226) Pause Young (Allocation Failure) 675M->439M(674M) 1.539ms
[786.823s][info][gc,cpu         ] GC(2226) User=0.00s Sys=0.00s Real=0.00s
[787.394s][info][gc,start       ] GC(2227) Pause Young (Allocation Failure)
[787.396s][info][gc,heap        ] GC(2227) PSYoungGen: 232512K(240128K)->64K(224256K) Eden: 232448K(232448K)->0K(223744K) From: 64K(7680K)->64K(512K)
[787.396s][info][gc,heap        ] GC(2227) ParOldGen: 449595K(450048K)->449603K(450048K)
[787.396s][info][gc,metaspace   ] GC(2227) Metaspace: 35636K(36288K)->35636K(36288K) NonClass: 29364K(29824K)->29364K(29824K) Class: 6272K(6464K)->6272K(6464K)
[787.396s][info][gc             ] GC(2227) Pause Young (Allocation Failure) 666M->439M(658M) 2.252ms
[787.396s][info][gc,cpu         ] GC(2227) User=0.00s Sys=0.00s Real=0.01s
[787.589s][info][gc,start       ] GC(2228) Pause Young (Allocation Failure)
[787.590s][info][gc,heap        ] GC(2228) PSYoungGen: 223808K(224256K)->64K(222208K) Eden: 223744K(223744K)->0K(215552K) From: 64K(512K)->64K(6656K)
[787.590s][info][gc,heap        ] GC(2228) ParOldGen: 449603K(450048K)->449611K(450048K)
[787.590s][info][gc,metaspace   ] GC(2228) Metaspace: 35636K(36288K)->35636K(36288K) NonClass: 29364K(29824K)->29364K(29824K) Class: 6272K(6464K)->6272K(6464K)
[787.590s][info][gc             ] GC(2228) Pause Young (Allocation Failure) 657M->439M(656M) 1.598ms
[787.590s][info][gc,cpu         ] GC(2228) User=0.00s Sys=0.00s Real=0.00s
[787.866s][info][gc,start       ] GC(2229) Pause Young (Allocation Failure)
[787.896s][info][gc,heap        ] GC(2229) PSYoungGen: 215616K(222208K)->6144K(264192K) Eden: 215552K(215552K)->0K(258048K) From: 64K(6656K)->6144K(6144K)
[787.896s][info][gc,heap        ] GC(2229) ParOldGen: 449611K(450048K)->459147K(459264K)
[787.896s][info][gc,metaspace   ] GC(2229) Metaspace: 35636K(36288K)->35636K(36288K) NonClass: 29364K(29824K)->29364K(29824K) Class: 6272K(6464K)->6272K(6464K)
[787.896s][info][gc             ] GC(2229) Pause Young (Allocation Failure) 649M->454M(706M) 30.367ms
[787.896s][info][gc,cpu         ] GC(2229) User=0.05s Sys=0.01s Real=0.03s
[788.174s][info][gc,start       ] GC(2230) Pause Young (Allocation Failure)
[788.228s][info][gc,heap        ] GC(2230) PSYoungGen: 264192K(264192K)->11264K(274432K) Eden: 258048K(258048K)->0K(263168K) From: 6144K(6144K)->11264K(11264K)
[788.228s][info][gc,heap        ] GC(2230) ParOldGen: 459147K(459264K)->475555K(475648K)
[788.228s][info][gc,metaspace   ] GC(2230) Metaspace: 35636K(36288K)->35636K(36288K) NonClass: 29364K(29824K)->29364K(29824K) Class: 6272K(6464K)->6272K(6464K)
[788.228s][info][gc             ] GC(2230) Pause Young (Allocation Failure) 706M->475M(732M) 54.392ms
[788.228s][info][gc,cpu         ] GC(2230) User=0.09s Sys=0.01s Real=0.06s
[788.493s][info][gc,start       ] GC(2231) Pause Young (Allocation Failure)
[788.550s][info][gc,heap        ] GC(2231) PSYoungGen: 274432K(274432K)->19968K(300544K) Eden: 263168K(263168K)->0K(280576K) From: 11264K(11264K)->19968K(19968K)
[788.550s][info][gc,heap        ] GC(2231) ParOldGen: 475555K(475648K)->482131K(482304K)
[788.550s][info][gc,metaspace   ] GC(2231) Metaspace: 35636K(36288K)->35636K(36288K) NonClass: 29364K(29824K)->29364K(29824K) Class: 6272K(6464K)->6272K(6464K)
[788.550s][info][gc             ] GC(2231) Pause Young (Allocation Failure) 732M->490M(764M) 57.127ms
[788.550s][info][gc,cpu         ] GC(2231) User=0.10s Sys=0.02s Real=0.06s
[788.633s][info][gc,start       ] GC(2232) Pause Young (Allocation Failure)
[788.637s][info][gc,heap        ] GC(2232) PSYoungGen: 300544K(300544K)->64K(307200K) Eden: 280576K(280576K)->0K(280576K) From: 19968K(19968K)->64K(26624K)
[788.637s][info][gc,heap        ] GC(2232) ParOldGen: 482131K(482304K)->482363K(482816K)
[788.637s][info][gc,metaspace   ] GC(2232) Metaspace: 35636K(36288K)->35636K(36288K) NonClass: 29364K(29824K)->29364K(29824K) Class: 6272K(6464K)->6272K(6464K)
[788.637s][info][gc             ] GC(2232) Pause Young (Allocation Failure) 764M->471M(771M) 3.382ms
[788.637s][info][gc,cpu         ] GC(2232) User=0.01s Sys=0.00s Real=0.01s
[789.243s][info][gc,start       ] GC(2233) Pause Young (Allocation Failure)
[789.245s][info][gc,heap        ] GC(2233) PSYoungGen: 280640K(307200K)->64K(304128K) Eden: 280576K(280576K)->0K(281600K) From: 64K(26624K)->64K(22528K)
[789.245s][info][gc,heap        ] GC(2233) ParOldGen: 482363K(482816K)->482371K(482816K)
[789.245s][info][gc,metaspace   ] GC(2233) Metaspace: 35636K(36288K)->35636K(36288K) NonClass: 29364K(29824K)->29364K(29824K) Class: 6272K(6464K)->6272K(6464K)
[789.245s][info][gc             ] GC(2233) Pause Young (Allocation Failure) 745M->471M(768M) 1.991ms
[789.245s][info][gc,cpu         ] GC(2233) User=0.01s Sys=0.00s Real=0.01s
[789.647s][info][gc,start       ] GC(2234) Pause Young (Allocation Failure)
[789.649s][info][gc,heap        ] GC(2234) PSYoungGen: 281664K(304128K)->64K(306176K) Eden: 281600K(281600K)->0K(281600K) From: 64K(22528K)->64K(24576K)
[789.649s][info][gc,heap        ] GC(2234) ParOldGen: 482371K(482816K)->482379K(482816K)
[789.649s][info][gc,metaspace   ] GC(2234) Metaspace: 35636K(36288K)->35636K(36288K) NonClass: 29364K(29824K)->29364K(29824K) Class: 6272K(6464K)->6272K(6464K)
[789.649s][info][gc             ] GC(2234) Pause Young (Allocation Failure) 746M->471M(770M) 1.611ms
[789.649s][info][gc,cpu         ] GC(2234) User=0.00s Sys=0.00s Real=0.00s
[790.042s][info][gc,start       ] GC(2235) Pause Young (Allocation Failure)
[790.043s][info][gc,heap        ] GC(2235) PSYoungGen: 281664K(306176K)->64K(306688K) Eden: 281600K(281600K)->0K(285184K) From: 64K(24576K)->64K(21504K)
[790.043s][info][gc,heap        ] GC(2235) ParOldGen: 482379K(482816K)->482395K(482816K)
[790.043s][info][gc,metaspace   ] GC(2235) Metaspace: 35636K(36288K)->35636K(36288K) NonClass: 29364K(29824K)->29364K(29824K) Class: 6272K(6464K)->6272K(6464K)
[790.043s][info][gc             ] GC(2235) Pause Young (Allocation Failure) 746M->471M(771M) 1.497ms
[790.043s][info][gc,cpu         ] GC(2235) User=0.01s Sys=0.00s Real=0.00s
[790.231s][info][gc,start       ] GC(2236) Pause Young (Allocation Failure)
[790.233s][info][gc,heap        ] GC(2236) PSYoungGen: 285248K(306688K)->64K(308224K) Eden: 285184K(285184K)->0K(285184K) From: 64K(21504K)->64K(23040K)
[790.233s][info][gc,heap        ] GC(2236) ParOldGen: 482395K(482816K)->482411K(482816K)
[790.233s][info][gc,metaspace   ] GC(2236) Metaspace: 35636K(36288K)->35636K(36288K) NonClass: 29364K(29824K)->29364K(29824K) Class: 6272K(6464K)->6272K(6464K)
[790.233s][info][gc             ] GC(2236) Pause Young (Allocation Failure) 749M->471M(772M) 1.640ms
[790.233s][info][gc,cpu         ] GC(2236) User=0.00s Sys=0.00s Real=0.00s
[790.418s][info][gc,start       ] GC(2237) Pause Young (Allocation Failure)
[790.420s][info][gc,heap        ] GC(2237) PSYoungGen: 285248K(308224K)->64K(307200K) Eden: 285184K(285184K)->0K(288768K) From: 64K(23040K)->64K(18432K)
[790.420s][info][gc,heap        ] GC(2237) ParOldGen: 482411K(482816K)->482411K(482816K)
[790.420s][info][gc,metaspace   ] GC(2237) Metaspace: 35636K(36288K)->35636K(36288K) NonClass: 29364K(29824K)->29364K(29824K) Class: 6272K(6464K)->6272K(6464K)
[790.420s][info][gc             ] GC(2237) Pause Young (Allocation Failure) 749M->471M(771M) 1.545ms
[790.420s][info][gc,cpu         ] GC(2237) User=0.00s Sys=0.00s Real=0.00s
[790.750s][info][gc,start       ] GC(2238) Pause Young (Allocation Failure)
[790.752s][info][gc,heap        ] GC(2238) PSYoungGen: 288832K(307200K)->64K(309248K) Eden: 288768K(288768K)->0K(288768K) From: 64K(18432K)->64K(20480K)
[790.752s][info][gc,heap        ] GC(2238) ParOldGen: 482411K(482816K)->482411K(482816K)
[790.752s][info][gc,metaspace   ] GC(2238) Metaspace: 35636K(36288K)->35636K(36288K) NonClass: 29364K(29824K)->29364K(29824K) Class: 6272K(6464K)->6272K(6464K)
[790.752s][info][gc             ] GC(2238) Pause Young (Allocation Failure) 753M->471M(773M) 1.479ms
[790.752s][info][gc,cpu         ] GC(2238) User=0.00s Sys=0.00s Real=0.00s
[790.804s][info][gc,start       ] GC(2239) Pause Young (Allocation Failure)
[790.805s][info][gc,heap        ] GC(2239) PSYoungGen: 288832K(309248K)->64K(310272K) Eden: 288768K(288768K)->0K(293888K) From: 64K(20480K)->64K(16384K)
[790.805s][info][gc,heap        ] GC(2239) ParOldGen: 482411K(482816K)->482427K(482816K)
[790.805s][info][gc,metaspace   ] GC(2239) Metaspace: 35636K(36288K)->35636K(36288K) NonClass: 29364K(29824K)->29364K(29824K) Class: 6272K(6464K)->6272K(6464K)
[790.805s][info][gc             ] GC(2239) Pause Young (Allocation Failure) 753M->471M(774M) 1.354ms
[790.805s][info][gc,cpu         ] GC(2239) User=0.00s Sys=0.00s Real=0.01s
[790.861s][info][gc,start       ] GC(2240) Pause Young (Allocation Failure)
[790.863s][info][gc,heap        ] GC(2240) PSYoungGen: 293952K(310272K)->64K(312320K) Eden: 293888K(293888K)->0K(293888K) From: 64K(16384K)->64K(18432K)
[790.863s][info][gc,heap        ] GC(2240) ParOldGen: 482427K(482816K)->482427K(482816K)
[790.863s][info][gc,metaspace   ] GC(2240) Metaspace: 35636K(36288K)->35636K(36288K) NonClass: 29364K(29824K)->29364K(29824K) Class: 6272K(6464K)->6272K(6464K)
[790.863s][info][gc             ] GC(2240) Pause Young (Allocation Failure) 758M->471M(776M) 1.454ms
[790.863s][info][gc,cpu         ] GC(2240) User=0.00s Sys=0.00s Real=0.00s
[791.069s][info][gc,start       ] GC(2241) Pause Young (Allocation Failure)
[791.070s][info][gc,heap        ] GC(2241) PSYoungGen: 293952K(312320K)->64K(312320K) Eden: 293888K(293888K)->0K(297984K) From: 64K(18432K)->64K(14336K)
[791.070s][info][gc,heap        ] GC(2241) ParOldGen: 482427K(482816K)->482427K(482816K)
[791.070s][info][gc,metaspace   ] GC(2241) Metaspace: 35636K(36288K)->35636K(36288K) NonClass: 29364K(29824K)->29364K(29824K) Class: 6272K(6464K)->6272K(6464K)
[791.070s][info][gc             ] GC(2241) Pause Young (Allocation Failure) 758M->471M(776M) 1.437ms
[791.070s][info][gc,cpu         ] GC(2241) User=0.01s Sys=0.00s Real=0.00s
[791.305s][info][gc,start       ] GC(2242) Pause Young (Allocation Failure)
[791.306s][info][gc,heap        ] GC(2242) PSYoungGen: 298048K(312320K)->64K(314368K) Eden: 297984K(297984K)->0K(297984K) From: 64K(14336K)->64K(16384K)
[791.306s][info][gc,heap        ] GC(2242) ParOldGen: 482427K(482816K)->482435K(482816K)
[791.306s][info][gc,metaspace   ] GC(2242) Metaspace: 35636K(36288K)->35636K(36288K) NonClass: 29364K(29824K)->29364K(29824K) Class: 6272K(6464K)->6272K(6464K)
[791.306s][info][gc             ] GC(2242) Pause Young (Allocation Failure) 762M->471M(778M) 1.657ms
[791.306s][info][gc,cpu         ] GC(2242) User=0.00s Sys=0.00s Real=0.00s
[791.424s][info][gc,start       ] GC(2243) Pause Young (Allocation Failure)
[791.425s][info][gc,heap        ] GC(2243) PSYoungGen: 298048K(314368K)->64K(315392K) Eden: 297984K(297984K)->0K(302080K) From: 64K(16384K)->64K(13312K)
[791.425s][info][gc,heap        ] GC(2243) ParOldGen: 482435K(482816K)->482443K(482816K)
[791.425s][info][gc,metaspace   ] GC(2243) Metaspace: 35636K(36288K)->35636K(36288K) NonClass: 29364K(29824K)->29364K(29824K) Class: 6272K(6464K)->6272K(6464K)
[791.425s][info][gc             ] GC(2243) Pause Young (Allocation Failure) 762M->471M(779M) 1.512ms
[791.425s][info][gc,cpu         ] GC(2243) User=0.00s Sys=0.00s Real=0.01s
[791.526s][info][gc,start       ] GC(2244) Pause Young (Allocation Failure)
[791.528s][info][gc,heap        ] GC(2244) PSYoungGen: 302144K(315392K)->64K(316928K) Eden: 302080K(302080K)->0K(302080K) From: 64K(13312K)->64K(14848K)
[791.528s][info][gc,heap        ] GC(2244) ParOldGen: 482443K(482816K)->482451K(482816K)
[791.528s][info][gc,metaspace   ] GC(2244) Metaspace: 35636K(36288K)->35636K(36288K) NonClass: 29364K(29824K)->29364K(29824K) Class: 6272K(6464K)->6272K(6464K)
[791.528s][info][gc             ] GC(2244) Pause Young (Allocation Failure) 766M->471M(781M) 1.506ms
[791.528s][info][gc,cpu         ] GC(2244) User=0.00s Sys=0.00s Real=0.00s
[791.711s][info][gc,start       ] GC(2245) Pause Young (Allocation Failure)
[791.712s][info][gc,heap        ] GC(2245) PSYoungGen: 302144K(316928K)->64K(316416K) Eden: 302080K(302080K)->0K(305152K) From: 64K(14848K)->64K(11264K)
[791.712s][info][gc,heap        ] GC(2245) ParOldGen: 482451K(482816K)->482459K(482816K)
[791.712s][info][gc,metaspace   ] GC(2245) Metaspace: 35636K(36288K)->35636K(36288K) NonClass: 29364K(29824K)->29364K(29824K) Class: 6272K(6464K)->6272K(6464K)
[791.712s][info][gc             ] GC(2245) Pause Young (Allocation Failure) 766M->471M(780M) 1.451ms
[791.712s][info][gc,cpu         ] GC(2245) User=0.01s Sys=0.00s Real=0.00s
[792.655s][info][gc,start       ] GC(2246) Pause Young (Allocation Failure)
[792.657s][info][gc,heap        ] GC(2246) PSYoungGen: 305216K(316416K)->64K(317952K) Eden: 305152K(305152K)->0K(305152K) From: 64K(11264K)->64K(12800K)
[792.657s][info][gc,heap        ] GC(2246) ParOldGen: 482459K(482816K)->482467K(482816K)
[792.657s][info][gc,metaspace   ] GC(2246) Metaspace: 35636K(36288K)->35636K(36288K) NonClass: 29364K(29824K)->29364K(29824K) Class: 6272K(6464K)->6272K(6464K)
[792.657s][info][gc             ] GC(2246) Pause Young (Allocation Failure) 769M->471M(782M) 1.636ms
[792.657s][info][gc,cpu         ] GC(2246) User=0.01s Sys=0.00s Real=0.00s
[793.533s][info][gc,start       ] GC(2247) Pause Young (Allocation Failure)
[793.535s][info][gc,heap        ] GC(2247) PSYoungGen: 305216K(317952K)->64K(293376K) Eden: 305152K(305152K)->0K(292864K) From: 64K(12800K)->64K(512K)
[793.535s][info][gc,heap        ] GC(2247) ParOldGen: 482467K(482816K)->482475K(482816K)
[793.535s][info][gc,metaspace   ] GC(2247) Metaspace: 35636K(36288K)->35636K(36288K) NonClass: 29364K(29824K)->29364K(29824K) Class: 6272K(6464K)->6272K(6464K)
[793.535s][info][gc             ] GC(2247) Pause Young (Allocation Failure) 769M->471M(758M) 2.126ms
[793.535s][info][gc,cpu         ] GC(2247) User=0.00s Sys=0.00s Real=0.01s
[793.915s][info][gc,start       ] GC(2248) Pause Young (Allocation Failure)
[793.916s][info][gc,heap        ] GC(2248) PSYoungGen: 292928K(293376K)->64K(292352K) Eden: 292864K(292864K)->0K(281088K) From: 64K(512K)->64K(11264K)
[793.916s][info][gc,heap        ] GC(2248) ParOldGen: 482475K(482816K)->482483K(482816K)
[793.916s][info][gc,metaspace   ] GC(2248) Metaspace: 35636K(36288K)->35636K(36288K) NonClass: 29364K(29824K)->29364K(29824K) Class: 6272K(6464K)->6272K(6464K)
[793.916s][info][gc             ] GC(2248) Pause Young (Allocation Failure) 757M->471M(757M) 1.492ms
[793.916s][info][gc,cpu         ] GC(2248) User=0.00s Sys=0.00s Real=0.00s
[794.309s][info][gc,start       ] GC(2249) Pause Young (Allocation Failure)
[794.311s][info][gc,heap        ] GC(2249) PSYoungGen: 281152K(292352K)->64K(270336K) Eden: 281088K(281088K)->0K(269824K) From: 64K(11264K)->64K(512K)
[794.311s][info][gc,heap        ] GC(2249) ParOldGen: 482483K(482816K)->482491K(482816K)
[794.311s][info][gc,metaspace   ] GC(2249) Metaspace: 35636K(36288K)->35636K(36288K) NonClass: 29364K(29824K)->29364K(29824K) Class: 6272K(6464K)->6272K(6464K)
[794.311s][info][gc             ] GC(2249) Pause Young (Allocation Failure) 745M->471M(735M) 2.170ms
[794.311s][info][gc,cpu         ] GC(2249) User=0.01s Sys=0.00s Real=0.00s
[795.196s][info][gc,start       ] GC(2250) Pause Young (Allocation Failure)
[795.198s][info][gc,heap        ] GC(2250) PSYoungGen: 269888K(270336K)->64K(268800K) Eden: 269824K(269824K)->0K(259072K) From: 64K(512K)->64K(9728K)
[795.198s][info][gc,heap        ] GC(2250) ParOldGen: 482491K(482816K)->482499K(482816K)
[795.198s][info][gc,metaspace   ] GC(2250) Metaspace: 35636K(36288K)->35636K(36288K) NonClass: 29364K(29824K)->29364K(29824K) Class: 6272K(6464K)->6272K(6464K)
[795.198s][info][gc             ] GC(2250) Pause Young (Allocation Failure) 734M->471M(734M) 1.553ms
[795.198s][info][gc,cpu         ] GC(2250) User=0.00s Sys=0.00s Real=0.00s
[795.555s][info][gc,start       ] GC(2251) Pause Young (Allocation Failure)
[795.557s][info][gc,heap        ] GC(2251) PSYoungGen: 259136K(268800K)->64K(249344K) Eden: 259072K(259072K)->0K(248832K) From: 64K(9728K)->64K(512K)
[795.557s][info][gc,heap        ] GC(2251) ParOldGen: 482499K(482816K)->482507K(482816K)
[795.557s][info][gc,metaspace   ] GC(2251) Metaspace: 35636K(36288K)->35636K(36288K) NonClass: 29364K(29824K)->29364K(29824K) Class: 6272K(6464K)->6272K(6464K)
[795.557s][info][gc             ] GC(2251) Pause Young (Allocation Failure) 724M->471M(715M) 1.738ms
[795.557s][info][gc,cpu         ] GC(2251) User=0.00s Sys=0.00s Real=0.00s
[795.646s][info][gc,start       ] GC(2252) Pause Young (Allocation Failure)
[795.647s][info][gc,heap        ] GC(2252) PSYoungGen: 248896K(249344K)->64K(247808K) Eden: 248832K(248832K)->0K(239104K) From: 64K(512K)->64K(8704K)
[795.647s][info][gc,heap        ] GC(2252) ParOldGen: 482507K(482816K)->482523K(482816K)
[795.647s][info][gc,metaspace   ] GC(2252) Metaspace: 35636K(36288K)->35636K(36288K) NonClass: 29364K(29824K)->29364K(29824K) Class: 6272K(6464K)->6272K(6464K)
[795.647s][info][gc             ] GC(2252) Pause Young (Allocation Failure) 714M->471M(713M) 1.491ms
[795.648s][info][gc,cpu         ] GC(2252) User=0.00s Sys=0.00s Real=0.00s
[796.013s][info][gc,start       ] GC(2253) Pause Young (Allocation Failure)
[796.015s][info][gc,heap        ] GC(2253) PSYoungGen: 239168K(247808K)->64K(230400K) Eden: 239104K(239104K)->0K(229888K) From: 64K(8704K)->64K(512K)
[796.015s][info][gc,heap        ] GC(2253) ParOldGen: 482523K(482816K)->482531K(482816K)
[796.015s][info][gc,metaspace   ] GC(2253) Metaspace: 35636K(36288K)->35636K(36288K) NonClass: 29364K(29824K)->29364K(29824K) Class: 6272K(6464K)->6272K(6464K)
[796.015s][info][gc             ] GC(2253) Pause Young (Allocation Failure) 704M->471M(696M) 2.013ms
[796.015s][info][gc,cpu         ] GC(2253) User=0.00s Sys=0.00s Real=0.01s
[796.360s][info][gc,start       ] GC(2254) Pause Young (Allocation Failure)
[796.361s][info][gc,heap        ] GC(2254) PSYoungGen: 229952K(230400K)->64K(228352K) Eden: 229888K(229888K)->0K(221184K) From: 64K(512K)->64K(7168K)
[796.361s][info][gc,heap        ] GC(2254) ParOldGen: 482531K(482816K)->482539K(482816K)
[796.361s][info][gc,metaspace   ] GC(2254) Metaspace: 35636K(36288K)->35636K(36288K) NonClass: 29364K(29824K)->29364K(29824K) Class: 6272K(6464K)->6272K(6464K)
[796.361s][info][gc             ] GC(2254) Pause Young (Allocation Failure) 695M->471M(694M) 1.672ms
[796.361s][info][gc,cpu         ] GC(2254) User=0.00s Sys=0.00s Real=0.00s
[796.659s][info][gc,start       ] GC(2255) Pause Young (Allocation Failure)
[796.663s][info][gc,heap        ] GC(2255) PSYoungGen: 221247K(228352K)->1664K(215040K) Eden: 221183K(221184K)->0K(212992K) From: 64K(7168K)->1664K(2048K)
[796.663s][info][gc,heap        ] GC(2255) ParOldGen: 482539K(482816K)->482547K(482816K)
[796.663s][info][gc,metaspace   ] GC(2255) Metaspace: 35636K(36288K)->35636K(36288K) NonClass: 29364K(29824K)->29364K(29824K) Class: 6272K(6464K)->6272K(6464K)
[796.663s][info][gc             ] GC(2255) Pause Young (Allocation Failure) 687M->472M(681M) 4.205ms
[796.663s][info][gc,cpu         ] GC(2255) User=0.01s Sys=0.01s Real=0.00s
[796.889s][info][gc,start       ] GC(2256) Pause Young (Allocation Failure)
[796.966s][info][gc,heap        ] GC(2256) PSYoungGen: 214656K(215040K)->6656K(262144K) Eden: 212992K(212992K)->0K(255488K) From: 1664K(2048K)->6656K(6656K)
[796.966s][info][gc,heap        ] GC(2256) ParOldGen: 482547K(482816K)->498451K(498688K)
[796.966s][info][gc,metaspace   ] GC(2256) Metaspace: 35636K(36288K)->35636K(36288K) NonClass: 29364K(29824K)->29364K(29824K) Class: 6272K(6464K)->6272K(6464K)
[796.966s][info][gc             ] GC(2256) Pause Young (Allocation Failure) 680M->493M(743M) 76.711ms
[796.966s][info][gc,cpu         ] GC(2256) User=0.07s Sys=0.01s Real=0.08s
[797.236s][info][gc,start       ] GC(2257) Pause Young (Allocation Failure)
[797.296s][info][gc,heap        ] GC(2257) PSYoungGen: 262144K(262144K)->5120K(268288K) Eden: 255488K(255488K)->0K(263168K) From: 6656K(6656K)->5120K(5120K)
[797.296s][info][gc,heap        ] GC(2257) ParOldGen: 498451K(498688K)->520987K(521216K)
[797.296s][info][gc,metaspace   ] GC(2257) Metaspace: 35636K(36288K)->35636K(36288K) NonClass: 29364K(29824K)->29364K(29824K) Class: 6272K(6464K)->6272K(6464K)
[797.296s][info][gc             ] GC(2257) Pause Young (Allocation Failure) 742M->513M(771M) 59.295ms
[797.296s][info][gc,cpu         ] GC(2257) User=0.10s Sys=0.02s Real=0.06s
[797.497s][info][gc,start       ] GC(2258) Pause Young (Allocation Failure)
[797.531s][info][gc,heap        ] GC(2258) PSYoungGen: 268288K(268288K)->17760K(285184K) Eden: 263168K(263168K)->0K(263168K) From: 5120K(5120K)->17760K(22016K)
[797.531s][info][gc,heap        ] GC(2258) ParOldGen: 520987K(521216K)->521819K(522240K)
[797.531s][info][gc,metaspace   ] GC(2258) Metaspace: 35636K(36288K)->35636K(36288K) NonClass: 29364K(29824K)->29364K(29824K) Class: 6272K(6464K)->6272K(6464K)
[797.531s][info][gc             ] GC(2258) Pause Young (Allocation Failure) 770M->526M(788M) 34.081ms
[797.531s][info][gc,cpu         ] GC(2258) User=0.07s Sys=0.00s Real=0.03s
[797.676s][info][gc,start       ] GC(2259) Pause Young (Allocation Failure)
[797.677s][info][gc,heap        ] GC(2259) PSYoungGen: 280928K(285184K)->64K(309248K) Eden: 263168K(263168K)->0K(284160K) From: 17760K(22016K)->64K(25088K)
[797.677s][info][gc,heap        ] GC(2259) ParOldGen: 521819K(522240K)->521827K(522240K)
[797.677s][info][gc,metaspace   ] GC(2259) Metaspace: 35636K(36288K)->35636K(36288K) NonClass: 29364K(29824K)->29364K(29824K) Class: 6272K(6464K)->6272K(6464K)
[797.677s][info][gc             ] GC(2259) Pause Young (Allocation Failure) 783M->509M(812M) 1.757ms
[797.677s][info][gc,cpu         ] GC(2259) User=0.00s Sys=0.00s Real=0.00s
[798.360s][info][gc,start       ] GC(2260) Pause Young (Allocation Failure)
[798.362s][info][gc,heap        ] GC(2260) PSYoungGen: 284224K(309248K)->64K(284672K) Eden: 284160K(284160K)->0K(284160K) From: 64K(25088K)->64K(512K)
[798.362s][info][gc,heap        ] GC(2260) ParOldGen: 521827K(522240K)->521843K(522240K)
[798.362s][info][gc,metaspace   ] GC(2260) Metaspace: 35636K(36288K)->35636K(36288K) NonClass: 29364K(29824K)->29364K(29824K) Class: 6272K(6464K)->6272K(6464K)
[798.362s][info][gc             ] GC(2260) Pause Young (Allocation Failure) 787M->509M(788M) 1.880ms
[798.362s][info][gc,cpu         ] GC(2260) User=0.01s Sys=0.00s Real=0.00s
[798.650s][info][gc,start       ] GC(2261) Pause Young (Allocation Failure)
[798.651s][info][gc,heap        ] GC(2261) PSYoungGen: 284224K(284672K)->64K(308736K) Eden: 284160K(284160K)->0K(285184K) From: 64K(512K)->64K(23552K)
[798.651s][info][gc,heap        ] GC(2261) ParOldGen: 521843K(522240K)->521843K(522240K)
[798.651s][info][gc,metaspace   ] GC(2261) Metaspace: 35636K(36288K)->35636K(36288K) NonClass: 29364K(29824K)->29364K(29824K) Class: 6272K(6464K)->6272K(6464K)
[798.651s][info][gc             ] GC(2261) Pause Young (Allocation Failure) 787M->509M(811M) 1.826ms
[798.651s][info][gc,cpu         ] GC(2261) User=0.01s Sys=0.00s Real=0.00s
[799.048s][info][gc,start       ] GC(2262) Pause Young (Allocation Failure)
[799.050s][info][gc,heap        ] GC(2262) PSYoungGen: 285248K(308736K)->64K(307712K) Eden: 285184K(285184K)->0K(285184K) From: 64K(23552K)->64K(22528K)
[799.050s][info][gc,heap        ] GC(2262) ParOldGen: 521843K(522240K)->521859K(522240K)
[799.050s][info][gc,metaspace   ] GC(2262) Metaspace: 35636K(36288K)->35636K(36288K) NonClass: 29364K(29824K)->29364K(29824K) Class: 6272K(6464K)->6272K(6464K)
[799.050s][info][gc             ] GC(2262) Pause Young (Allocation Failure) 788M->509M(810M) 1.789ms
[799.050s][info][gc,cpu         ] GC(2262) User=0.00s Sys=0.00s Real=0.00s
[799.237s][info][gc,start       ] GC(2263) Pause Young (Allocation Failure)
[799.238s][info][gc,heap        ] GC(2263) PSYoungGen: 285248K(307712K)->64K(309760K) Eden: 285184K(285184K)->0K(288256K) From: 64K(22528K)->64K(21504K)
[799.238s][info][gc,heap        ] GC(2263) ParOldGen: 521859K(522240K)->521875K(522240K)
[799.238s][info][gc,metaspace   ] GC(2263) Metaspace: 35636K(36288K)->35636K(36288K) NonClass: 29364K(29824K)->29364K(29824K) Class: 6272K(6464K)->6272K(6464K)
[799.238s][info][gc             ] GC(2263) Pause Young (Allocation Failure) 788M->509M(812M) 1.750ms
[799.238s][info][gc,cpu         ] GC(2263) User=0.00s Sys=0.00s Real=0.00s
[799.428s][info][gc,start       ] GC(2264) Pause Young (Allocation Failure)
[799.430s][info][gc,heap        ] GC(2264) PSYoungGen: 288320K(309760K)->64K(309248K) Eden: 288256K(288256K)->0K(288256K) From: 64K(21504K)->64K(20992K)
[799.430s][info][gc,heap        ] GC(2264) ParOldGen: 521875K(522240K)->521875K(522240K)
[799.430s][info][gc,metaspace   ] GC(2264) Metaspace: 35636K(36288K)->35636K(36288K) NonClass: 29364K(29824K)->29364K(29824K) Class: 6272K(6464K)->6272K(6464K)
[799.430s][info][gc             ] GC(2264) Pause Young (Allocation Failure) 791M->509M(812M) 1.782ms
[799.430s][info][gc,cpu         ] GC(2264) User=0.00s Sys=0.00s Real=0.00s
[799.725s][info][gc,start       ] GC(2265) Pause Young (Allocation Failure)
[799.727s][info][gc,heap        ] GC(2265) PSYoungGen: 288320K(309248K)->64K(311808K) Eden: 288256K(288256K)->0K(292352K) From: 64K(20992K)->64K(19456K)
[799.727s][info][gc,heap        ] GC(2265) ParOldGen: 521875K(522240K)->521875K(522240K)
[799.727s][info][gc,metaspace   ] GC(2265) Metaspace: 35636K(36288K)->35636K(36288K) NonClass: 29364K(29824K)->29364K(29824K) Class: 6272K(6464K)->6272K(6464K)
[799.727s][info][gc             ] GC(2265) Pause Young (Allocation Failure) 791M->509M(814M) 1.783ms
[799.727s][info][gc,cpu         ] GC(2265) User=0.00s Sys=0.00s Real=0.00s
[799.782s][info][gc,start       ] GC(2266) Pause Young (Allocation Failure)
[799.784s][info][gc,heap        ] GC(2266) PSYoungGen: 292416K(311808K)->64K(311296K) Eden: 292352K(292352K)->0K(292352K) From: 64K(19456K)->64K(18944K)
[799.784s][info][gc,heap        ] GC(2266) ParOldGen: 521875K(522240K)->521891K(522240K)
[799.784s][info][gc,metaspace   ] GC(2266) Metaspace: 35636K(36288K)->35636K(36288K) NonClass: 29364K(29824K)->29364K(29824K) Class: 6272K(6464K)->6272K(6464K)
[799.784s][info][gc             ] GC(2266) Pause Young (Allocation Failure) 795M->509M(814M) 1.784ms
[799.784s][info][gc,cpu         ] GC(2266) User=0.00s Sys=0.01s Real=0.00s
[799.843s][info][gc,start       ] GC(2267) Pause Young (Allocation Failure)
[799.845s][info][gc,heap        ] GC(2267) PSYoungGen: 292416K(311296K)->64K(313856K) Eden: 292352K(292352K)->0K(296448K) From: 64K(18944K)->64K(17408K)
[799.845s][info][gc,heap        ] GC(2267) ParOldGen: 521891K(522240K)->521891K(522240K)
[799.845s][info][gc,metaspace   ] GC(2267) Metaspace: 35636K(36288K)->35636K(36288K) NonClass: 29364K(29824K)->29364K(29824K) Class: 6272K(6464K)->6272K(6464K)
[799.845s][info][gc             ] GC(2267) Pause Young (Allocation Failure) 795M->509M(816M) 1.831ms
[799.845s][info][gc,cpu         ] GC(2267) User=0.01s Sys=0.00s Real=0.01s
[800.101s][info][gc,start       ] GC(2268) Pause Young (Allocation Failure)
[800.103s][info][gc,heap        ] GC(2268) PSYoungGen: 296512K(313856K)->64K(313344K) Eden: 296448K(296448K)->0K(296448K) From: 64K(17408K)->64K(16896K)
[800.103s][info][gc,heap        ] GC(2268) ParOldGen: 521891K(522240K)->521907K(522240K)
[800.103s][info][gc,metaspace   ] GC(2268) Metaspace: 35636K(36288K)->35636K(36288K) NonClass: 29364K(29824K)->29364K(29824K) Class: 6272K(6464K)->6272K(6464K)
[800.103s][info][gc             ] GC(2268) Pause Young (Allocation Failure) 799M->509M(816M) 1.759ms
[800.103s][info][gc,cpu         ] GC(2268) User=0.00s Sys=0.00s Real=0.00s
[800.319s][info][gc,start       ] GC(2269) Pause Young (Allocation Failure)
[800.320s][info][gc,heap        ] GC(2269) PSYoungGen: 296512K(313344K)->64K(315904K) Eden: 296448K(296448K)->0K(300544K) From: 64K(16896K)->64K(15360K)
[800.320s][info][gc,heap        ] GC(2269) ParOldGen: 521907K(522240K)->521907K(522240K)
[800.320s][info][gc,metaspace   ] GC(2269) Metaspace: 35636K(36288K)->35636K(36288K) NonClass: 29364K(29824K)->29364K(29824K) Class: 6272K(6464K)->6272K(6464K)
[800.320s][info][gc             ] GC(2269) Pause Young (Allocation Failure) 799M->509M(818M) 1.772ms
[800.320s][info][gc,cpu         ] GC(2269) User=0.00s Sys=0.00s Real=0.00s
[800.413s][info][gc,start       ] GC(2270) Pause Young (Allocation Failure)
[800.414s][info][gc,heap        ] GC(2270) PSYoungGen: 300608K(315904K)->64K(315392K) Eden: 300544K(300544K)->0K(300544K) From: 64K(15360K)->64K(14848K)
[800.414s][info][gc,heap        ] GC(2270) ParOldGen: 521907K(522240K)->521915K(522240K)
[800.414s][info][gc,metaspace   ] GC(2270) Metaspace: 35636K(36288K)->35636K(36288K) NonClass: 29364K(29824K)->29364K(29824K) Class: 6272K(6464K)->6272K(6464K)
[800.415s][info][gc             ] GC(2270) Pause Young (Allocation Failure) 803M->509M(818M) 1.847ms
[800.415s][info][gc,cpu         ] GC(2270) User=0.00s Sys=0.00s Real=0.01s
[800.538s][info][gc,start       ] GC(2271) Pause Young (Allocation Failure)
[800.540s][info][gc,heap        ] GC(2271) PSYoungGen: 300608K(315392K)->64K(317952K) Eden: 300544K(300544K)->0K(304128K) From: 64K(14848K)->64K(13824K)
[800.540s][info][gc,heap        ] GC(2271) ParOldGen: 521915K(522240K)->521923K(522240K)
[800.540s][info][gc,metaspace   ] GC(2271) Metaspace: 35636K(36288K)->35636K(36288K) NonClass: 29364K(29824K)->29364K(29824K) Class: 6272K(6464K)->6272K(6464K)
[800.540s][info][gc             ] GC(2271) Pause Young (Allocation Failure) 803M->509M(820M) 1.970ms
[800.540s][info][gc,cpu         ] GC(2271) User=0.01s Sys=0.00s Real=0.00s
[800.912s][info][gc,start       ] GC(2272) Pause Young (Allocation Failure)
[800.914s][info][gc,heap        ] GC(2272) PSYoungGen: 304192K(317952K)->64K(317440K) Eden: 304128K(304128K)->0K(304128K) From: 64K(13824K)->64K(13312K)
[800.914s][info][gc,heap        ] GC(2272) ParOldGen: 521923K(522240K)->521931K(522240K)
[800.914s][info][gc,metaspace   ] GC(2272) Metaspace: 35636K(36288K)->35636K(36288K) NonClass: 29364K(29824K)->29364K(29824K) Class: 6272K(6464K)->6272K(6464K)
[800.914s][info][gc             ] GC(2272) Pause Young (Allocation Failure) 806M->509M(820M) 1.901ms
[800.914s][info][gc,cpu         ] GC(2272) User=0.01s Sys=0.00s Real=0.00s
[801.634s][info][gc,start       ] GC(2273) Pause Young (Allocation Failure)
[801.636s][info][gc,heap        ] GC(2273) PSYoungGen: 304192K(317440K)->83K(319488K) Eden: 304128K(304128K)->0K(307712K) From: 64K(13312K)->83K(11776K)
[801.636s][info][gc,heap        ] GC(2273) ParOldGen: 521931K(522240K)->521939K(522240K)
[801.636s][info][gc,metaspace   ] GC(2273) Metaspace: 35636K(36288K)->35636K(36288K) NonClass: 29364K(29824K)->29364K(29824K) Class: 6272K(6464K)->6272K(6464K)
[801.636s][info][gc             ] GC(2273) Pause Young (Allocation Failure) 806M->509M(822M) 1.865ms
[801.636s][info][gc,cpu         ] GC(2273) User=0.01s Sys=0.00s Real=0.01s
[802.578s][info][gc,start       ] GC(2274) Pause Young (Allocation Failure)
[802.580s][info][gc,heap        ] GC(2274) PSYoungGen: 307795K(319488K)->64K(295936K) Eden: 307712K(307712K)->0K(295424K) From: 83K(11776K)->64K(512K)
[802.580s][info][gc,heap        ] GC(2274) ParOldGen: 521939K(522240K)->521947K(522240K)
[802.580s][info][gc,metaspace   ] GC(2274) Metaspace: 35636K(36288K)->35636K(36288K) NonClass: 29364K(29824K)->29364K(29824K) Class: 6272K(6464K)->6272K(6464K)
[802.580s][info][gc             ] GC(2274) Pause Young (Allocation Failure) 810M->509M(799M) 1.743ms
[802.580s][info][gc,cpu         ] GC(2274) User=0.01s Sys=0.00s Real=0.00s
[803.038s][info][gc,start       ] GC(2275) Pause Young (Allocation Failure)
[803.039s][info][gc,heap        ] GC(2275) PSYoungGen: 295488K(295936K)->64K(284160K) Eden: 295424K(295424K)->0K(283648K) From: 64K(512K)->64K(512K)
[803.039s][info][gc,heap        ] GC(2275) ParOldGen: 521947K(522240K)->521955K(522240K)
[803.039s][info][gc,metaspace   ] GC(2275) Metaspace: 35636K(36288K)->35636K(36288K) NonClass: 29364K(29824K)->29364K(29824K) Class: 6272K(6464K)->6272K(6464K)
[803.039s][info][gc             ] GC(2275) Pause Young (Allocation Failure) 798M->509M(787M) 1.838ms
[803.039s][info][gc,cpu         ] GC(2275) User=0.00s Sys=0.00s Real=0.00s
[803.984s][info][gc,start       ] GC(2276) Pause Young (Allocation Failure)
[803.986s][info][gc,heap        ] GC(2276) PSYoungGen: 283712K(284160K)->64K(282624K) Eden: 283648K(283648K)->0K(272384K) From: 64K(512K)->64K(10240K)
[803.986s][info][gc,heap        ] GC(2276) ParOldGen: 521955K(522240K)->521963K(522240K)
[803.986s][info][gc,metaspace   ] GC(2276) Metaspace: 35636K(36288K)->35636K(36288K) NonClass: 29364K(29824K)->29364K(29824K) Class: 6272K(6464K)->6272K(6464K)
[803.986s][info][gc             ] GC(2276) Pause Young (Allocation Failure) 786M->509M(786M) 1.789ms
[803.986s][info][gc,cpu         ] GC(2276) User=0.01s Sys=0.00s Real=0.01s
[804.365s][info][gc,start       ] GC(2277) Pause Young (Allocation Failure)
[804.367s][info][gc,heap        ] GC(2277) PSYoungGen: 272448K(282624K)->64K(262144K) Eden: 272384K(272384K)->0K(261632K) From: 64K(10240K)->64K(512K)
[804.368s][info][gc,heap        ] GC(2277) ParOldGen: 521963K(522240K)->521971K(522240K)
[804.368s][info][gc,metaspace   ] GC(2277) Metaspace: 35636K(36288K)->35636K(36288K) NonClass: 29364K(29824K)->29364K(29824K) Class: 6272K(6464K)->6272K(6464K)
[804.368s][info][gc             ] GC(2277) Pause Young (Allocation Failure) 775M->509M(766M) 2.295ms
[804.368s][info][gc,cpu         ] GC(2277) User=0.01s Sys=0.00s Real=0.00s
[804.556s][info][gc,start       ] GC(2278) Pause Young (Allocation Failure)
[804.558s][info][gc,heap        ] GC(2278) PSYoungGen: 261696K(262144K)->64K(260096K) Eden: 261632K(261632K)->0K(251392K) From: 64K(512K)->64K(8704K)
[804.558s][info][gc,heap        ] GC(2278) ParOldGen: 521971K(522240K)->521979K(522240K)
[804.558s][info][gc,metaspace   ] GC(2278) Metaspace: 35636K(36288K)->35636K(36288K) NonClass: 29364K(29824K)->29364K(29824K) Class: 6272K(6464K)->6272K(6464K)
[804.558s][info][gc             ] GC(2278) Pause Young (Allocation Failure) 765M->509M(764M) 1.739ms
[804.558s][info][gc,cpu         ] GC(2278) User=0.00s Sys=0.00s Real=0.00s
[804.640s][info][gc,start       ] GC(2279) Pause Young (Allocation Failure)
[804.642s][info][gc,heap        ] GC(2279) PSYoungGen: 251456K(260096K)->64K(292864K) Eden: 251392K(251392K)->0K(284672K) From: 64K(8704K)->64K(8192K)
[804.642s][info][gc,heap        ] GC(2279) ParOldGen: 521979K(522240K)->521987K(522240K)
[804.642s][info][gc,metaspace   ] GC(2279) Metaspace: 35636K(36288K)->35636K(36288K) NonClass: 29364K(29824K)->29364K(29824K) Class: 6272K(6464K)->6272K(6464K)
[804.642s][info][gc             ] GC(2279) Pause Young (Allocation Failure) 755M->509M(796M) 1.792ms
[804.642s][info][gc,cpu         ] GC(2279) User=0.00s Sys=0.00s Real=0.00s
[805.270s][info][gc,start       ] GC(2280) Pause Young (Allocation Failure)
[805.272s][info][gc,heap        ] GC(2280) PSYoungGen: 284736K(292864K)->64K(273920K) Eden: 284672K(284672K)->0K(273408K) From: 64K(8192K)->64K(512K)
[805.272s][info][gc,heap        ] GC(2280) ParOldGen: 521987K(522240K)->521995K(522240K)
[805.272s][info][gc,metaspace   ] GC(2280) Metaspace: 35636K(36288K)->35636K(36288K) NonClass: 29364K(29824K)->29364K(29824K) Class: 6272K(6464K)->6272K(6464K)
[805.272s][info][gc             ] GC(2280) Pause Young (Allocation Failure) 787M->509M(777M) 2.320ms
[805.272s][info][gc,cpu         ] GC(2280) User=0.00s Sys=0.00s Real=0.00s
[805.525s][info][gc,start       ] GC(2281) Pause Young (Allocation Failure)
[805.527s][info][gc,heap        ] GC(2281) PSYoungGen: 273472K(273920K)->64K(263168K) Eden: 273408K(273408K)->0K(262656K) From: 64K(512K)->64K(512K)
[805.527s][info][gc,heap        ] GC(2281) ParOldGen: 521995K(522240K)->522003K(522240K)
[805.527s][info][gc,metaspace   ] GC(2281) Metaspace: 35636K(36288K)->35636K(36288K) NonClass: 29364K(29824K)->29364K(29824K) Class: 6272K(6464K)->6272K(6464K)
[805.527s][info][gc             ] GC(2281) Pause Young (Allocation Failure) 776M->509M(767M) 2.227ms
[805.527s][info][gc,cpu         ] GC(2281) User=0.00s Sys=0.00s Real=0.00s
[805.824s][info][gc,start       ] GC(2282) Pause Young (Allocation Failure)
[805.880s][info][gc,heap        ] GC(2282) PSYoungGen: 262720K(263168K)->6656K(279552K) Eden: 262656K(262656K)->0K(272896K) From: 64K(512K)->6656K(6656K)
[805.880s][info][gc,heap        ] GC(2282) ParOldGen: 522003K(522240K)->540675K(541184K)
[805.880s][info][gc,metaspace   ] GC(2282) Metaspace: 35636K(36288K)->35636K(36288K) NonClass: 29364K(29824K)->29364K(29824K) Class: 6272K(6464K)->6272K(6464K)
[805.880s][info][gc             ] GC(2282) Pause Young (Allocation Failure) 766M->534M(801M) 55.590ms
[805.880s][info][gc,cpu         ] GC(2282) User=0.09s Sys=0.02s Real=0.06s
[806.165s][info][gc,start       ] GC(2283) Pause Young (Allocation Failure)
[806.234s][info][gc,heap        ] GC(2283) PSYoungGen: 279552K(279552K)->15360K(302080K) Eden: 272896K(272896K)->0K(286720K) From: 6656K(6656K)->15360K(15360K)
[806.234s][info][gc,heap        ] GC(2283) ParOldGen: 540675K(541184K)->554899K(555008K)
[806.234s][info][gc,metaspace   ] GC(2283) Metaspace: 35636K(36288K)->35636K(36288K) NonClass: 29364K(29824K)->29364K(29824K) Class: 6272K(6464K)->6272K(6464K)
[806.234s][info][gc             ] GC(2283) Pause Young (Allocation Failure) 801M->556M(837M) 69.173ms
[806.234s][info][gc,cpu         ] GC(2283) User=0.11s Sys=0.02s Real=0.06s
[806.418s][info][gc,start       ] GC(2284) Pause Young (Allocation Failure)
[806.453s][info][gc,heap        ] GC(2284) PSYoungGen: 302080K(302080K)->14752K(301568K) Eden: 286720K(286720K)->0K(286720K) From: 15360K(15360K)->14752K(14848K)
[806.453s][info][gc,heap        ] GC(2284) ParOldGen: 554899K(555008K)->555411K(555520K)
[806.453s][info][gc,metaspace   ] GC(2284) Metaspace: 35636K(36288K)->35636K(36288K) NonClass: 29364K(29824K)->29364K(29824K) Class: 6272K(6464K)->6272K(6464K)
[806.453s][info][gc             ] GC(2284) Pause Young (Allocation Failure) 836M->556M(837M) 34.576ms
[806.453s][info][gc,cpu         ] GC(2284) User=0.06s Sys=0.00s Real=0.03s
[806.768s][info][gc,start       ] GC(2285) Pause Young (Allocation Failure)
[806.770s][info][gc,heap        ] GC(2285) PSYoungGen: 301472K(301568K)->64K(309248K) Eden: 286720K(286720K)->0K(284160K) From: 14752K(14848K)->64K(25088K)
[806.770s][info][gc,heap        ] GC(2285) ParOldGen: 555411K(555520K)->555419K(555520K)
[806.770s][info][gc,metaspace   ] GC(2285) Metaspace: 35636K(36288K)->35636K(36288K) NonClass: 29364K(29824K)->29364K(29824K) Class: 6272K(6464K)->6272K(6464K)
[806.770s][info][gc             ] GC(2285) Pause Young (Allocation Failure) 836M->542M(844M) 1.827ms
[806.770s][info][gc,cpu         ] GC(2285) User=0.01s Sys=0.00s Real=0.00s
[807.393s][info][gc,start       ] GC(2286) Pause Young (Allocation Failure)
[807.395s][info][gc,heap        ] GC(2286) PSYoungGen: 284224K(309248K)->64K(284672K) Eden: 284160K(284160K)->0K(284160K) From: 64K(25088K)->64K(512K)
[807.395s][info][gc,heap        ] GC(2286) ParOldGen: 555419K(555520K)->555427K(555520K)
[807.395s][info][gc,metaspace   ] GC(2286) Metaspace: 35636K(36288K)->35636K(36288K) NonClass: 29364K(29824K)->29364K(29824K) Class: 6272K(6464K)->6272K(6464K)
[807.395s][info][gc             ] GC(2286) Pause Young (Allocation Failure) 819M->542M(820M) 2.074ms
[807.395s][info][gc,cpu         ] GC(2286) User=0.00s Sys=0.00s Real=0.01s
[807.833s][info][gc,start       ] GC(2287) Pause Young (Allocation Failure)
[807.835s][info][gc,heap        ] GC(2287) PSYoungGen: 284224K(284672K)->64K(308224K) Eden: 284160K(284160K)->0K(284672K) From: 64K(512K)->64K(23552K)
[807.835s][info][gc,heap        ] GC(2287) ParOldGen: 555427K(555520K)->555443K(555520K)
[807.835s][info][gc,metaspace   ] GC(2287) Metaspace: 35636K(36288K)->35636K(36288K) NonClass: 29364K(29824K)->29364K(29824K) Class: 6272K(6464K)->6272K(6464K)
[807.835s][info][gc             ] GC(2287) Pause Young (Allocation Failure) 819M->542M(843M) 1.827ms
[807.835s][info][gc,cpu         ] GC(2287) User=0.00s Sys=0.00s Real=0.01s
[808.023s][info][gc,start       ] GC(2288) Pause Young (Allocation Failure)
[808.025s][info][gc,heap        ] GC(2288) PSYoungGen: 284736K(308224K)->64K(307712K) Eden: 284672K(284672K)->0K(284672K) From: 64K(23552K)->64K(23040K)
[808.025s][info][gc,heap        ] GC(2288) ParOldGen: 555443K(555520K)->555459K(555520K)
[808.025s][info][gc,metaspace   ] GC(2288) Metaspace: 35636K(36288K)->35636K(36288K) NonClass: 29364K(29824K)->29364K(29824K) Class: 6272K(6464K)->6272K(6464K)
[808.025s][info][gc             ] GC(2288) Pause Young (Allocation Failure) 820M->542M(843M) 1.792ms
[808.025s][info][gc,cpu         ] GC(2288) User=0.00s Sys=0.00s Real=0.01s
[808.213s][info][gc,start       ] GC(2289) Pause Young (Allocation Failure)
[808.215s][info][gc,heap        ] GC(2289) PSYoungGen: 284736K(307712K)->64K(309760K) Eden: 284672K(284672K)->0K(288256K) From: 64K(23040K)->64K(21504K)
[808.215s][info][gc,heap        ] GC(2289) ParOldGen: 555459K(555520K)->555459K(555520K)
[808.215s][info][gc,metaspace   ] GC(2289) Metaspace: 35636K(36288K)->35636K(36288K) NonClass: 29364K(29824K)->29364K(29824K) Class: 6272K(6464K)->6272K(6464K)
[808.215s][info][gc             ] GC(2289) Pause Young (Allocation Failure) 820M->542M(845M) 1.869ms
[808.215s][info][gc,cpu         ] GC(2289) User=0.00s Sys=0.00s Real=0.01s
[808.517s][info][gc,start       ] GC(2290) Pause Young (Allocation Failure)
[808.519s][info][gc,heap        ] GC(2290) PSYoungGen: 288320K(309760K)->64K(309248K) Eden: 288256K(288256K)->0K(288256K) From: 64K(21504K)->64K(20992K)
[808.519s][info][gc,heap        ] GC(2290) ParOldGen: 555459K(555520K)->555459K(555520K)
[808.519s][info][gc,metaspace   ] GC(2290) Metaspace: 35636K(36288K)->35636K(36288K) NonClass: 29364K(29824K)->29364K(29824K) Class: 6272K(6464K)->6272K(6464K)
[808.519s][info][gc             ] GC(2290) Pause Young (Allocation Failure) 824M->542M(844M) 1.825ms
[808.519s][info][gc,cpu         ] GC(2290) User=0.00s Sys=0.00s Real=0.00s
[808.670s][info][gc,start       ] GC(2291) Pause Young (Allocation Failure)
[808.672s][info][gc,heap        ] GC(2291) PSYoungGen: 288320K(309248K)->64K(311808K) Eden: 288256K(288256K)->0K(292352K) From: 64K(20992K)->64K(19456K)
[808.672s][info][gc,heap        ] GC(2291) ParOldGen: 555459K(555520K)->555467K(555520K)
[808.672s][info][gc,metaspace   ] GC(2291) Metaspace: 35636K(36288K)->35636K(36288K) NonClass: 29364K(29824K)->29364K(29824K) Class: 6272K(6464K)->6272K(6464K)
[808.672s][info][gc             ] GC(2291) Pause Young (Allocation Failure) 824M->542M(847M) 1.811ms
[808.672s][info][gc,cpu         ] GC(2291) User=0.01s Sys=0.00s Real=0.00s
[808.725s][info][gc,start       ] GC(2292) Pause Young (Allocation Failure)
[808.727s][info][gc,heap        ] GC(2292) PSYoungGen: 292416K(311808K)->64K(311296K) Eden: 292352K(292352K)->0K(292352K) From: 64K(19456K)->64K(18944K)
[808.727s][info][gc,heap        ] GC(2292) ParOldGen: 555467K(555520K)->555483K(555520K)
[808.727s][info][gc,metaspace   ] GC(2292) Metaspace: 35636K(36288K)->35636K(36288K) NonClass: 29364K(29824K)->29364K(29824K) Class: 6272K(6464K)->6272K(6464K)
[808.727s][info][gc             ] GC(2292) Pause Young (Allocation Failure) 828M->542M(846M) 1.744ms
[808.727s][info][gc,cpu         ] GC(2292) User=0.00s Sys=0.00s Real=0.00s
[808.838s][info][gc,start       ] GC(2293) Pause Young (Allocation Failure)
[808.839s][info][gc,heap        ] GC(2293) PSYoungGen: 292416K(311296K)->64K(313856K) Eden: 292352K(292352K)->0K(296448K) From: 64K(18944K)->64K(17408K)
[808.839s][info][gc,heap        ] GC(2293) ParOldGen: 555483K(555520K)->555483K(555520K)
[808.839s][info][gc,metaspace   ] GC(2293) Metaspace: 35636K(36288K)->35636K(36288K) NonClass: 29364K(29824K)->29364K(29824K) Class: 6272K(6464K)->6272K(6464K)
[808.839s][info][gc             ] GC(2293) Pause Young (Allocation Failure) 828M->542M(849M) 1.740ms
[808.839s][info][gc,cpu         ] GC(2293) User=0.01s Sys=0.01s Real=0.00s
[809.095s][info][gc,start       ] GC(2294) Pause Young (Allocation Failure)
[809.097s][info][gc,heap        ] GC(2294) PSYoungGen: 296512K(313856K)->64K(313344K) Eden: 296448K(296448K)->0K(296448K) From: 64K(17408K)->64K(16896K)
[809.097s][info][gc,heap        ] GC(2294) ParOldGen: 555483K(555520K)->555499K(555520K)
[809.097s][info][gc,metaspace   ] GC(2294) Metaspace: 35636K(36288K)->35636K(36288K) NonClass: 29364K(29824K)->29364K(29824K) Class: 6272K(6464K)->6272K(6464K)
[809.097s][info][gc             ] GC(2294) Pause Young (Allocation Failure) 832M->542M(848M) 1.794ms
[809.097s][info][gc,cpu         ] GC(2294) User=0.00s Sys=0.00s Real=0.00s
[809.280s][info][gc,start       ] GC(2295) Pause Young (Allocation Failure)
[809.282s][info][gc,heap        ] GC(2295) PSYoungGen: 296512K(313344K)->64K(315904K) Eden: 296448K(296448K)->0K(300544K) From: 64K(16896K)->64K(15360K)
[809.282s][info][gc,heap        ] GC(2295) ParOldGen: 555499K(555520K)->555499K(555520K)
[809.282s][info][gc,metaspace   ] GC(2295) Metaspace: 35636K(36288K)->35636K(36288K) NonClass: 29364K(29824K)->29364K(29824K) Class: 6272K(6464K)->6272K(6464K)
[809.282s][info][gc             ] GC(2295) Pause Young (Allocation Failure) 832M->542M(851M) 2.021ms
[809.282s][info][gc,cpu         ] GC(2295) User=0.00s Sys=0.00s Real=0.00s
[809.363s][info][gc,start       ] GC(2296) Pause Young (Allocation Failure)
[809.365s][info][gc,heap        ] GC(2296) PSYoungGen: 300608K(315904K)->64K(315392K) Eden: 300544K(300544K)->0K(300544K) From: 64K(15360K)->64K(14848K)
[809.365s][info][gc,heap        ] GC(2296) ParOldGen: 555499K(555520K)->555515K(555520K)
[809.365s][info][gc,metaspace   ] GC(2296) Metaspace: 35636K(36288K)->35636K(36288K) NonClass: 29364K(29824K)->29364K(29824K) Class: 6272K(6464K)->6272K(6464K)
[809.365s][info][gc             ] GC(2296) Pause Young (Allocation Failure) 836M->542M(850M) 1.835ms
[809.365s][info][gc,cpu         ] GC(2296) User=0.00s Sys=0.00s Real=0.01s
[809.517s][info][gc,start       ] GC(2297) Pause Young (Allocation Failure)
[809.519s][info][gc,heap        ] GC(2297) PSYoungGen: 300608K(315392K)->64K(317952K) Eden: 300544K(300544K)->0K(304128K) From: 64K(14848K)->64K(13824K)
[809.519s][info][gc,heap        ] GC(2297) ParOldGen: 555515K(555520K)->555515K(555520K)
[809.519s][info][gc,metaspace   ] GC(2297) Metaspace: 35636K(36288K)->35636K(36288K) NonClass: 29364K(29824K)->29364K(29824K) Class: 6272K(6464K)->6272K(6464K)
[809.519s][info][gc             ] GC(2297) Pause Young (Allocation Failure) 836M->542M(853M) 1.836ms
[809.519s][info][gc,cpu         ] GC(2297) User=0.01s Sys=0.00s Real=0.00s
[809.924s][info][gc,start       ] GC(2298) Pause Young (Allocation Failure)
[809.926s][info][gc,heap        ] GC(2298) PSYoungGen: 304192K(317952K)->64K(317440K) Eden: 304128K(304128K)->0K(304128K) From: 64K(13824K)->64K(13312K)
[809.926s][info][gc,heap        ] GC(2298) ParOldGen: 555515K(555520K)->555523K(556032K)
[809.926s][info][gc,metaspace   ] GC(2298) Metaspace: 35636K(36288K)->35636K(36288K) NonClass: 29364K(29824K)->29364K(29824K) Class: 6272K(6464K)->6272K(6464K)
[809.926s][info][gc             ] GC(2298) Pause Young (Allocation Failure) 839M->542M(853M) 1.957ms
[809.926s][info][gc,cpu         ] GC(2298) User=0.00s Sys=0.00s Real=0.01s
[810.895s][info][gc,start       ] GC(2299) Pause Young (Allocation Failure)
[810.897s][info][gc,heap        ] GC(2299) PSYoungGen: 304192K(317440K)->64K(319488K) Eden: 304128K(304128K)->0K(307200K) From: 64K(13312K)->64K(12288K)
[810.897s][info][gc,heap        ] GC(2299) ParOldGen: 555523K(556032K)->555531K(556032K)
[810.897s][info][gc,metaspace   ] GC(2299) Metaspace: 35643K(36352K)->35643K(36352K) NonClass: 29371K(29888K)->29371K(29888K) Class: 6272K(6464K)->6272K(6464K)
[810.897s][info][gc             ] GC(2299) Pause Young (Allocation Failure) 839M->542M(855M) 1.971ms
[810.897s][info][gc,cpu         ] GC(2299) User=0.00s Sys=0.00s Real=0.00s
[811.586s][info][gc,start       ] GC(2300) Pause Young (Allocation Failure)
[811.588s][info][gc,heap        ] GC(2300) PSYoungGen: 307264K(319488K)->64K(295424K) Eden: 307200K(307200K)->0K(294912K) From: 64K(12288K)->64K(512K)
[811.588s][info][gc,heap        ] GC(2300) ParOldGen: 555531K(556032K)->555547K(556032K)
[811.588s][info][gc,metaspace   ] GC(2300) Metaspace: 35643K(36352K)->35643K(36352K) NonClass: 29371K(29888K)->29371K(29888K) Class: 6272K(6464K)->6272K(6464K)
[811.588s][info][gc             ] GC(2300) Pause Young (Allocation Failure) 842M->542M(831M) 2.619ms
[811.588s][info][gc,cpu         ] GC(2300) User=0.00s Sys=0.00s Real=0.00s
[812.066s][info][gc,start       ] GC(2301) Pause Young (Allocation Failure)
[812.068s][info][gc,heap        ] GC(2301) PSYoungGen: 294976K(295424K)->64K(283648K) Eden: 294912K(294912K)->0K(283136K) From: 64K(512K)->64K(512K)
[812.068s][info][gc,heap        ] GC(2301) ParOldGen: 555547K(556032K)->555555K(556032K)
[812.068s][info][gc,metaspace   ] GC(2301) Metaspace: 35651K(36352K)->35651K(36352K) NonClass: 29379K(29888K)->29379K(29888K) Class: 6272K(6464K)->6272K(6464K)
[812.068s][info][gc             ] GC(2301) Pause Young (Allocation Failure) 830M->542M(820M) 2.076ms
[812.068s][info][gc,cpu         ] GC(2301) User=0.01s Sys=0.00s Real=0.00s
[813.049s][info][gc,start       ] GC(2302) Pause Young (Allocation Failure)
[813.051s][info][gc,heap        ] GC(2302) PSYoungGen: 283200K(283648K)->64K(282112K) Eden: 283136K(283136K)->0K(271872K) From: 64K(512K)->64K(10240K)
[813.051s][info][gc,heap        ] GC(2302) ParOldGen: 555555K(556032K)->555563K(556032K)
[813.051s][info][gc,metaspace   ] GC(2302) Metaspace: 35651K(36352K)->35651K(36352K) NonClass: 29379K(29888K)->29379K(29888K) Class: 6272K(6464K)->6272K(6464K)
[813.051s][info][gc             ] GC(2302) Pause Young (Allocation Failure) 819M->542M(818M) 1.871ms
[813.051s][info][gc,cpu         ] GC(2302) User=0.01s Sys=0.00s Real=0.00s
[813.446s][info][gc,start       ] GC(2303) Pause Young (Allocation Failure)
[813.448s][info][gc,heap        ] GC(2303) PSYoungGen: 271936K(282112K)->64K(261632K) Eden: 271872K(271872K)->0K(261120K) From: 64K(10240K)->64K(512K)
[813.448s][info][gc,heap        ] GC(2303) ParOldGen: 555563K(556032K)->555571K(556032K)
[813.448s][info][gc,metaspace   ] GC(2303) Metaspace: 35651K(36352K)->35651K(36352K) NonClass: 29379K(29888K)->29379K(29888K) Class: 6272K(6464K)->6272K(6464K)
[813.448s][info][gc             ] GC(2303) Pause Young (Allocation Failure) 808M->542M(798M) 2.325ms
[813.448s][info][gc,cpu         ] GC(2303) User=0.00s Sys=0.00s Real=0.00s
[813.616s][info][gc,start       ] GC(2304) Pause Young (Allocation Failure)
[813.618s][info][gc,heap        ] GC(2304) PSYoungGen: 261184K(261632K)->64K(259584K) Eden: 261120K(261120K)->0K(250880K) From: 64K(512K)->64K(8704K)
[813.618s][info][gc,heap        ] GC(2304) ParOldGen: 555571K(556032K)->555579K(556032K)
[813.618s][info][gc,metaspace   ] GC(2304) Metaspace: 35651K(36352K)->35651K(36352K) NonClass: 29379K(29888K)->29379K(29888K) Class: 6272K(6464K)->6272K(6464K)
[813.618s][info][gc             ] GC(2304) Pause Young (Allocation Failure) 797M->542M(796M) 1.758ms
[813.618s][info][gc,cpu         ] GC(2304) User=0.00s Sys=0.00s Real=0.00s
[813.808s][info][gc,start       ] GC(2305) Pause Young (Allocation Failure)
[813.811s][info][gc,heap        ] GC(2305) PSYoungGen: 250944K(259584K)->64K(241664K) Eden: 250880K(250880K)->0K(241152K) From: 64K(8704K)->64K(512K)
[813.811s][info][gc,heap        ] GC(2305) ParOldGen: 555579K(556032K)->555587K(556032K)
[813.811s][info][gc,metaspace   ] GC(2305) Metaspace: 35651K(36352K)->35651K(36352K) NonClass: 29379K(29888K)->29379K(29888K) Class: 6272K(6464K)->6272K(6464K)
[813.811s][info][gc             ] GC(2305) Pause Young (Allocation Failure) 787M->542M(779M) 2.653ms
[813.811s][info][gc,cpu         ] GC(2305) User=0.01s Sys=0.01s Real=0.00s
[814.353s][info][gc,start       ] GC(2306) Pause Young (Allocation Failure)
[814.357s][info][gc,heap        ] GC(2306) PSYoungGen: 241216K(241664K)->32K(239616K) Eden: 241152K(241152K)->0K(231936K) From: 64K(512K)->32K(7680K)
[814.357s][info][gc,heap        ] GC(2306) ParOldGen: 555587K(556032K)->555603K(556032K)
[814.357s][info][gc,metaspace   ] GC(2306) Metaspace: 35651K(36352K)->35651K(36352K) NonClass: 29379K(29888K)->29379K(29888K) Class: 6272K(6464K)->6272K(6464K)
[814.357s][info][gc             ] GC(2306) Pause Young (Allocation Failure) 778M->542M(777M) 3.489ms
[814.357s][info][gc,cpu         ] GC(2306) User=0.00s Sys=0.00s Real=0.01s
[814.581s][info][gc,start       ] GC(2307) Pause Young (Allocation Failure)
[814.585s][info][gc,heap        ] GC(2307) PSYoungGen: 231968K(239616K)->32K(223744K) Eden: 231936K(231936K)->0K(223232K) From: 32K(7680K)->32K(512K)
[814.585s][info][gc,heap        ] GC(2307) ParOldGen: 555603K(556032K)->555611K(556032K)
[814.585s][info][gc,metaspace   ] GC(2307) Metaspace: 35651K(36352K)->35651K(36352K) NonClass: 29379K(29888K)->29379K(29888K) Class: 6272K(6464K)->6272K(6464K)
[814.585s][info][gc             ] GC(2307) Pause Young (Allocation Failure) 769M->542M(761M) 3.737ms
[814.585s][info][gc,cpu         ] GC(2307) User=0.01s Sys=0.00s Real=0.01s
[814.861s][info][gc,start       ] GC(2308) Pause Young (Allocation Failure)
[814.919s][info][gc,heap        ] GC(2308) PSYoungGen: 223264K(223744K)->6656K(274432K) Eden: 223232K(223232K)->0K(267776K) From: 32K(512K)->6656K(6656K)
[814.919s][info][gc,heap        ] GC(2308) ParOldGen: 555611K(556032K)->568635K(568832K)
[814.919s][info][gc,metaspace   ] GC(2308) Metaspace: 35651K(36352K)->35651K(36352K) NonClass: 29379K(29888K)->29379K(29888K) Class: 6272K(6464K)->6272K(6464K)
[814.919s][info][gc             ] GC(2308) Pause Young (Allocation Failure) 760M->561M(823M) 58.229ms
[814.919s][info][gc,cpu         ] GC(2308) User=0.06s Sys=0.01s Real=0.06s
[815.205s][info][gc,start       ] GC(2309) Pause Young (Allocation Failure)
[815.267s][info][gc,heap        ] GC(2309) PSYoungGen: 274432K(274432K)->12800K(271872K) Eden: 267776K(267776K)->0K(259072K) From: 6656K(6656K)->12800K(12800K)
[815.267s][info][gc,heap        ] GC(2309) ParOldGen: 568635K(568832K)->584667K(584704K)
[815.267s][info][gc,metaspace   ] GC(2309) Metaspace: 35651K(36352K)->35651K(36352K) NonClass: 29379K(29888K)->29379K(29888K) Class: 6272K(6464K)->6272K(6464K)
[815.267s][info][gc             ] GC(2309) Pause Young (Allocation Failure) 823M->583M(836M) 61.958ms
[815.267s][info][gc,cpu         ] GC(2309) User=0.10s Sys=0.02s Real=0.06s
[815.497s][info][gc,start       ] GC(2310) Pause Young (Allocation Failure)
[815.534s][info][gc,heap        ] GC(2310) PSYoungGen: 271872K(271872K)->20928K(280576K) Eden: 259072K(259072K)->0K(259072K) From: 12800K(12800K)->20928K(21504K)
[815.534s][info][gc,heap        ] GC(2310) ParOldGen: 584667K(584704K)->585259K(585728K)
[815.534s][info][gc,metaspace   ] GC(2310) Metaspace: 35651K(36352K)->35651K(36352K) NonClass: 29379K(29888K)->29379K(29888K) Class: 6272K(6464K)->6272K(6464K)
[815.534s][info][gc             ] GC(2310) Pause Young (Allocation Failure) 836M->591M(846M) 36.724ms
[815.534s][info][gc,cpu         ] GC(2310) User=0.07s Sys=0.00s Real=0.03s
[815.620s][info][gc,start       ] GC(2311) Pause Young (Allocation Failure)
[815.622s][info][gc,heap        ] GC(2311) PSYoungGen: 280000K(280576K)->64K(308736K) Eden: 259072K(259072K)->0K(282624K) From: 20928K(21504K)->64K(26112K)
[815.622s][info][gc,heap        ] GC(2311) ParOldGen: 585259K(585728K)->585267K(585728K)
[815.622s][info][gc,metaspace   ] GC(2311) Metaspace: 35651K(36352K)->35651K(36352K) NonClass: 29379K(29888K)->29379K(29888K) Class: 6272K(6464K)->6272K(6464K)
[815.622s][info][gc             ] GC(2311) Pause Young (Allocation Failure) 844M->571M(873M) 1.977ms
[815.622s][info][gc,cpu         ] GC(2311) User=0.00s Sys=0.00s Real=0.00s
[816.288s][info][gc,start       ] GC(2312) Pause Young (Allocation Failure)
[816.289s][info][gc,heap        ] GC(2312) PSYoungGen: 282688K(308736K)->64K(283136K) Eden: 282624K(282624K)->0K(282624K) From: 64K(26112K)->64K(512K)
[816.289s][info][gc,heap        ] GC(2312) ParOldGen: 585267K(585728K)->585275K(585728K)
[816.289s][info][gc,metaspace   ] GC(2312) Metaspace: 35651K(36352K)->35651K(36352K) NonClass: 29379K(29888K)->29379K(29888K) Class: 6272K(6464K)->6272K(6464K)
[816.290s][info][gc             ] GC(2312) Pause Young (Allocation Failure) 847M->571M(848M) 1.915ms
[816.290s][info][gc,cpu         ] GC(2312) User=0.01s Sys=0.00s Real=0.00s
[816.652s][info][gc,start       ] GC(2313) Pause Young (Allocation Failure)
[816.654s][info][gc,heap        ] GC(2313) PSYoungGen: 282688K(283136K)->64K(308224K) Eden: 282624K(282624K)->0K(283648K) From: 64K(512K)->64K(24576K)
[816.654s][info][gc,heap        ] GC(2313) ParOldGen: 585275K(585728K)->585283K(585728K)
[816.654s][info][gc,metaspace   ] GC(2313) Metaspace: 35651K(36352K)->35651K(36352K) NonClass: 29379K(29888K)->29379K(29888K) Class: 6272K(6464K)->6272K(6464K)
[816.654s][info][gc             ] GC(2313) Pause Young (Allocation Failure) 847M->571M(873M) 1.972ms
[816.654s][info][gc,cpu         ] GC(2313) User=0.00s Sys=0.00s Real=0.00s
[817.054s][info][gc,start       ] GC(2314) Pause Young (Allocation Failure)
[817.056s][info][gc,heap        ] GC(2314) PSYoungGen: 283712K(308224K)->64K(307200K) Eden: 283648K(283648K)->0K(283648K) From: 64K(24576K)->64K(23552K)
[817.056s][info][gc,heap        ] GC(2314) ParOldGen: 585283K(585728K)->585299K(585728K)
[817.056s][info][gc,metaspace   ] GC(2314) Metaspace: 35651K(36352K)->35651K(36352K) NonClass: 29379K(29888K)->29379K(29888K) Class: 6272K(6464K)->6272K(6464K)
[817.056s][info][gc             ] GC(2314) Pause Young (Allocation Failure) 848M->571M(872M) 1.988ms
[817.056s][info][gc,cpu         ] GC(2314) User=0.00s Sys=0.00s Real=0.01s
[817.245s][info][gc,start       ] GC(2315) Pause Young (Allocation Failure)
[817.247s][info][gc,heap        ] GC(2315) PSYoungGen: 283712K(307200K)->64K(309248K) Eden: 283648K(283648K)->0K(286720K) From: 64K(23552K)->64K(22528K)
[817.247s][info][gc,heap        ] GC(2315) ParOldGen: 585299K(585728K)->585315K(585728K)
[817.247s][info][gc,metaspace   ] GC(2315) Metaspace: 35651K(36352K)->35651K(36352K) NonClass: 29379K(29888K)->29379K(29888K) Class: 6272K(6464K)->6272K(6464K)
[817.247s][info][gc             ] GC(2315) Pause Young (Allocation Failure) 848M->571M(874M) 1.845ms
[817.247s][info][gc,cpu         ] GC(2315) User=0.00s Sys=0.00s Real=0.00s
[817.438s][info][gc,start       ] GC(2316) Pause Young (Allocation Failure)
[817.440s][info][gc,heap        ] GC(2316) PSYoungGen: 286784K(309248K)->64K(308224K) Eden: 286720K(286720K)->0K(286720K) From: 64K(22528K)->64K(21504K)
[817.440s][info][gc,heap        ] GC(2316) ParOldGen: 585315K(585728K)->585315K(585728K)
[817.440s][info][gc,metaspace   ] GC(2316) Metaspace: 35651K(36352K)->35651K(36352K) NonClass: 29379K(29888K)->29379K(29888K) Class: 6272K(6464K)->6272K(6464K)
[817.440s][info][gc             ] GC(2316) Pause Young (Allocation Failure) 851M->571M(873M) 1.881ms
[817.440s][info][gc,cpu         ] GC(2316) User=0.01s Sys=0.00s Real=0.00s
[817.761s][info][gc,start       ] GC(2317) Pause Young (Allocation Failure)
[817.763s][info][gc,heap        ] GC(2317) PSYoungGen: 286784K(308224K)->64K(311296K) Eden: 286720K(286720K)->0K(290816K) From: 64K(21504K)->64K(20480K)
[817.763s][info][gc,heap        ] GC(2317) ParOldGen: 585315K(585728K)->585315K(585728K)
[817.763s][info][gc,metaspace   ] GC(2317) Metaspace: 35651K(36352K)->35651K(36352K) NonClass: 29379K(29888K)->29379K(29888K) Class: 6272K(6464K)->6272K(6464K)
[817.763s][info][gc             ] GC(2317) Pause Young (Allocation Failure) 851M->571M(876M) 1.889ms
[817.763s][info][gc,cpu         ] GC(2317) User=0.00s Sys=0.00s Real=0.00s
[817.816s][info][gc,start       ] GC(2318) Pause Young (Allocation Failure)
[817.818s][info][gc,heap        ] GC(2318) PSYoungGen: 290880K(311296K)->64K(310272K) Eden: 290816K(290816K)->0K(290816K) From: 64K(20480K)->64K(19456K)
[817.818s][info][gc,heap        ] GC(2318) ParOldGen: 585315K(585728K)->585331K(585728K)
[817.818s][info][gc,metaspace   ] GC(2318) Metaspace: 35651K(36352K)->35651K(36352K) NonClass: 29379K(29888K)->29379K(29888K) Class: 6272K(6464K)->6272K(6464K)
[817.818s][info][gc             ] GC(2318) Pause Young (Allocation Failure) 855M->571M(875M) 1.703ms
[817.818s][info][gc,cpu         ] GC(2318) User=0.01s Sys=0.00s Real=0.00s
[817.872s][info][gc,start       ] GC(2319) Pause Young (Allocation Failure)
[817.874s][info][gc,heap        ] GC(2319) PSYoungGen: 290880K(310272K)->64K(313344K) Eden: 290816K(290816K)->0K(294912K) From: 64K(19456K)->64K(18432K)
[817.874s][info][gc,heap        ] GC(2319) ParOldGen: 585331K(585728K)->585331K(585728K)
[817.874s][info][gc,metaspace   ] GC(2319) Metaspace: 35651K(36352K)->35651K(36352K) NonClass: 29379K(29888K)->29379K(29888K) Class: 6272K(6464K)->6272K(6464K)
[817.874s][info][gc             ] GC(2319) Pause Young (Allocation Failure) 855M->571M(878M) 1.820ms
[817.874s][info][gc,cpu         ] GC(2319) User=0.00s Sys=0.00s Real=0.00s
[818.102s][info][gc,start       ] GC(2320) Pause Young (Allocation Failure)
[818.103s][info][gc,heap        ] GC(2320) PSYoungGen: 294976K(313344K)->64K(312320K) Eden: 294912K(294912K)->0K(294912K) From: 64K(18432K)->64K(17408K)
[818.103s][info][gc,heap        ] GC(2320) ParOldGen: 585331K(585728K)->585331K(585728K)
[818.103s][info][gc,metaspace   ] GC(2320) Metaspace: 35651K(36352K)->35651K(36352K) NonClass: 29379K(29888K)->29379K(29888K) Class: 6272K(6464K)->6272K(6464K)
[818.103s][info][gc             ] GC(2320) Pause Young (Allocation Failure) 859M->571M(877M) 1.845ms
[818.103s][info][gc,cpu         ] GC(2320) User=0.00s Sys=0.00s Real=0.00s
[818.331s][info][gc,start       ] GC(2321) Pause Young (Allocation Failure)
[818.333s][info][gc,heap        ] GC(2321) PSYoungGen: 294976K(312320K)->64K(315392K) Eden: 294912K(294912K)->0K(299008K) From: 64K(17408K)->64K(16384K)
[818.333s][info][gc,heap        ] GC(2321) ParOldGen: 585331K(585728K)->585339K(585728K)
[818.333s][info][gc,metaspace   ] GC(2321) Metaspace: 35651K(36352K)->35651K(36352K) NonClass: 29379K(29888K)->29379K(29888K) Class: 6272K(6464K)->6272K(6464K)
[818.333s][info][gc             ] GC(2321) Pause Young (Allocation Failure) 859M->571M(880M) 1.856ms
[818.333s][info][gc,cpu         ] GC(2321) User=0.00s Sys=0.00s Real=0.00s
[818.446s][info][gc,start       ] GC(2322) Pause Young (Allocation Failure)
[818.448s][info][gc,heap        ] GC(2322) PSYoungGen: 299072K(315392K)->64K(314368K) Eden: 299008K(299008K)->0K(299008K) From: 64K(16384K)->64K(15360K)
[818.448s][info][gc,heap        ] GC(2322) ParOldGen: 585339K(585728K)->585347K(585728K)
[818.448s][info][gc,metaspace   ] GC(2322) Metaspace: 35651K(36352K)->35651K(36352K) NonClass: 29379K(29888K)->29379K(29888K) Class: 6272K(6464K)->6272K(6464K)
[818.448s][info][gc             ] GC(2322) Pause Young (Allocation Failure) 863M->571M(879M) 2.055ms
[818.448s][info][gc,cpu         ] GC(2322) User=0.00s Sys=0.00s Real=0.00s
[818.554s][info][gc,start       ] GC(2323) Pause Young (Allocation Failure)
[818.556s][info][gc,heap        ] GC(2323) PSYoungGen: 299072K(314368K)->64K(317440K) Eden: 299008K(299008K)->0K(303104K) From: 64K(15360K)->64K(14336K)
[818.556s][info][gc,heap        ] GC(2323) ParOldGen: 585347K(585728K)->585355K(585728K)
[818.556s][info][gc,metaspace   ] GC(2323) Metaspace: 35651K(36352K)->35651K(36352K) NonClass: 29379K(29888K)->29379K(29888K) Class: 6272K(6464K)->6272K(6464K)
[818.556s][info][gc             ] GC(2323) Pause Young (Allocation Failure) 863M->571M(882M) 1.933ms
[818.556s][info][gc,cpu         ] GC(2323) User=0.00s Sys=0.00s Real=0.01s
[818.778s][info][gc,start       ] GC(2324) Pause Young (Allocation Failure)
[818.780s][info][gc,heap        ] GC(2324) PSYoungGen: 303168K(317440K)->64K(316416K) Eden: 303104K(303104K)->0K(303104K) From: 64K(14336K)->64K(13312K)
[818.780s][info][gc,heap        ] GC(2324) ParOldGen: 585355K(585728K)->585363K(585728K)
[818.780s][info][gc,metaspace   ] GC(2324) Metaspace: 35651K(36352K)->35651K(36352K) NonClass: 29379K(29888K)->29379K(29888K) Class: 6272K(6464K)->6272K(6464K)
[818.780s][info][gc             ] GC(2324) Pause Young (Allocation Failure) 867M->571M(881M) 1.843ms
[818.780s][info][gc,cpu         ] GC(2324) User=0.00s Sys=0.00s Real=0.00s
[819.689s][info][gc,start       ] GC(2325) Pause Young (Allocation Failure)
[819.691s][info][gc,heap        ] GC(2325) PSYoungGen: 303168K(316416K)->64K(319488K) Eden: 303104K(303104K)->0K(307200K) From: 64K(13312K)->64K(12288K)
[819.691s][info][gc,heap        ] GC(2325) ParOldGen: 585363K(585728K)->585371K(585728K)
[819.691s][info][gc,metaspace   ] GC(2325) Metaspace: 35651K(36352K)->35651K(36352K) NonClass: 29379K(29888K)->29379K(29888K) Class: 6272K(6464K)->6272K(6464K)
[819.691s][info][gc             ] GC(2325) Pause Young (Allocation Failure) 867M->571M(884M) 1.942ms
[819.691s][info][gc,cpu         ] GC(2325) User=0.00s Sys=0.00s Real=0.00s
[820.623s][info][gc,start       ] GC(2326) Pause Young (Allocation Failure)
[820.624s][info][gc,heap        ] GC(2326) PSYoungGen: 307264K(319488K)->64K(295424K) Eden: 307200K(307200K)->0K(294912K) From: 64K(12288K)->64K(512K)
[820.624s][info][gc,heap        ] GC(2326) ParOldGen: 585371K(585728K)->585379K(585728K)
[820.625s][info][gc,metaspace   ] GC(2326) Metaspace: 35651K(36352K)->35651K(36352K) NonClass: 29379K(29888K)->29379K(29888K) Class: 6272K(6464K)->6272K(6464K)
[820.625s][info][gc             ] GC(2326) Pause Young (Allocation Failure) 871M->571M(860M) 1.949ms
[820.625s][info][gc,cpu         ] GC(2326) User=0.00s Sys=0.00s Real=0.01s
[821.037s][info][gc,start       ] GC(2327) Pause Young (Allocation Failure)
[821.039s][info][gc,heap        ] GC(2327) PSYoungGen: 294976K(295424K)->64K(283648K) Eden: 294912K(294912K)->0K(283136K) From: 64K(512K)->64K(512K)
[821.039s][info][gc,heap        ] GC(2327) ParOldGen: 585379K(585728K)->585387K(585728K)
[821.039s][info][gc,metaspace   ] GC(2327) Metaspace: 35651K(36352K)->35651K(36352K) NonClass: 29379K(29888K)->29379K(29888K) Class: 6272K(6464K)->6272K(6464K)
[821.039s][info][gc             ] GC(2327) Pause Young (Allocation Failure) 859M->571M(849M) 2.174ms
[821.039s][info][gc,cpu         ] GC(2327) User=0.00s Sys=0.00s Real=0.00s
[821.933s][info][gc,start       ] GC(2328) Pause Young (Allocation Failure)
[821.936s][info][gc,heap        ] GC(2328) PSYoungGen: 283200K(283648K)->32K(282112K) Eden: 283136K(283136K)->0K(271872K) From: 64K(512K)->32K(10240K)
[821.936s][info][gc,heap        ] GC(2328) ParOldGen: 585387K(585728K)->585395K(585728K)
[821.936s][info][gc,metaspace   ] GC(2328) Metaspace: 35651K(36352K)->35651K(36352K) NonClass: 29379K(29888K)->29379K(29888K) Class: 6272K(6464K)->6272K(6464K)
[821.936s][info][gc             ] GC(2328) Pause Young (Allocation Failure) 848M->571M(847M) 3.356ms
[821.936s][info][gc,cpu         ] GC(2328) User=0.01s Sys=0.00s Real=0.01s
[822.343s][info][gc,start       ] GC(2329) Pause Young (Allocation Failure)
[822.346s][info][gc,heap        ] GC(2329) PSYoungGen: 271904K(282112K)->64K(261632K) Eden: 271872K(271872K)->0K(261120K) From: 32K(10240K)->64K(512K)
[822.346s][info][gc,heap        ] GC(2329) ParOldGen: 585395K(585728K)->585403K(585728K)
[822.347s][info][gc,metaspace   ] GC(2329) Metaspace: 35651K(36352K)->35651K(36352K) NonClass: 29379K(29888K)->29379K(29888K) Class: 6272K(6464K)->6272K(6464K)
[822.347s][info][gc             ] GC(2329) Pause Young (Allocation Failure) 837M->571M(827M) 4.020ms
[822.347s][info][gc,cpu         ] GC(2329) User=0.00s Sys=0.00s Real=0.01s
[822.732s][info][gc,start       ] GC(2330) Pause Young (Allocation Failure)
[822.735s][info][gc,heap        ] GC(2330) PSYoungGen: 261184K(261632K)->32K(259584K) Eden: 261120K(261120K)->0K(250880K) From: 64K(512K)->32K(8704K)
[822.735s][info][gc,heap        ] GC(2330) ParOldGen: 585403K(585728K)->585411K(585728K)
[822.735s][info][gc,metaspace   ] GC(2330) Metaspace: 35651K(36352K)->35651K(36352K) NonClass: 29379K(29888K)->29379K(29888K) Class: 6272K(6464K)->6272K(6464K)
[822.735s][info][gc             ] GC(2330) Pause Young (Allocation Failure) 826M->571M(825M) 3.482ms
[822.735s][info][gc,cpu         ] GC(2330) User=0.00s Sys=0.00s Real=0.01s
[822.798s][info][gc,start       ] GC(2331) Pause Young (Allocation Failure)
[822.801s][info][gc,heap        ] GC(2331) PSYoungGen: 250912K(259584K)->32K(291840K) Eden: 250880K(250880K)->0K(283648K) From: 32K(8704K)->32K(8192K)
[822.801s][info][gc,heap        ] GC(2331) ParOldGen: 585411K(585728K)->585419K(585728K)
[822.801s][info][gc,metaspace   ] GC(2331) Metaspace: 35651K(36352K)->35651K(36352K) NonClass: 29379K(29888K)->29379K(29888K) Class: 6272K(6464K)->6272K(6464K)
[822.801s][info][gc             ] GC(2331) Pause Young (Allocation Failure) 816M->571M(857M) 3.309ms
[822.801s][info][gc,cpu         ] GC(2331) User=0.00s Sys=0.00s Real=0.00s
[823.378s][info][gc,start       ] GC(2332) Pause Young (Allocation Failure)
[823.381s][info][gc,heap        ] GC(2332) PSYoungGen: 283680K(291840K)->64K(291328K) Eden: 283648K(283648K)->0K(283648K) From: 32K(8192K)->64K(7680K)
[823.381s][info][gc,heap        ] GC(2332) ParOldGen: 585419K(585728K)->585419K(585728K)
[823.381s][info][gc,metaspace   ] GC(2332) Metaspace: 35651K(36352K)->35651K(36352K) NonClass: 29379K(29888K)->29379K(29888K) Class: 6272K(6464K)->6272K(6464K)
[823.381s][info][gc             ] GC(2332) Pause Young (Allocation Failure) 848M->571M(856M) 3.227ms
[823.381s][info][gc,cpu         ] GC(2332) User=0.00s Sys=0.00s Real=0.00s
[823.681s][info][gc,start       ] GC(2333) Pause Young (Allocation Failure)
[823.683s][info][gc,heap        ] GC(2333) PSYoungGen: 283712K(291328K)->64K(325632K) Eden: 283648K(283648K)->0K(318464K) From: 64K(7680K)->64K(7168K)
[823.683s][info][gc,heap        ] GC(2333) ParOldGen: 585419K(585728K)->585427K(585728K)
[823.683s][info][gc,metaspace   ] GC(2333) Metaspace: 35651K(36352K)->35651K(36352K) NonClass: 29379K(29888K)->29379K(29888K) Class: 6272K(6464K)->6272K(6464K)
[823.683s][info][gc             ] GC(2333) Pause Young (Allocation Failure) 848M->571M(890M) 1.829ms
[823.683s][info][gc,cpu         ] GC(2333) User=0.00s Sys=0.00s Real=0.00s
[824.097s][info][gc,start       ] GC(2334) Pause Young (Allocation Failure)
[824.152s][info][gc,heap        ] GC(2334) PSYoungGen: 318528K(325632K)->6656K(325120K) Eden: 318464K(318464K)->0K(318464K) From: 64K(7168K)->6656K(6656K)
[824.152s][info][gc,heap        ] GC(2334) ParOldGen: 585427K(585728K)->604419K(604672K)
[824.152s][info][gc,metaspace   ] GC(2334) Metaspace: 35651K(36352K)->35651K(36352K) NonClass: 29379K(29888K)->29379K(29888K) Class: 6272K(6464K)->6272K(6464K)
[824.152s][info][gc             ] GC(2334) Pause Young (Allocation Failure) 882M->596M(908M) 54.158ms
[824.152s][info][gc,cpu         ] GC(2334) User=0.09s Sys=0.02s Real=0.05s
[824.506s][info][gc,start       ] GC(2335) Pause Young (Allocation Failure)
[824.584s][info][gc,heap        ] GC(2335) PSYoungGen: 325120K(325120K)->8704K(291328K) Eden: 318464K(318464K)->0K(282624K) From: 6656K(6656K)->8704K(8704K)
[824.584s][info][gc,heap        ] GC(2335) ParOldGen: 604419K(604672K)->630155K(630272K)
[824.584s][info][gc,metaspace   ] GC(2335) Metaspace: 35651K(36352K)->35651K(36352K) NonClass: 29379K(29888K)->29379K(29888K) Class: 6272K(6464K)->6272K(6464K)
[824.584s][info][gc             ] GC(2335) Pause Young (Allocation Failure) 907M->623M(900M) 78.069ms
[824.584s][info][gc,cpu         ] GC(2335) User=0.13s Sys=0.03s Real=0.08s
[824.733s][info][gc,start       ] GC(2336) Pause Young (Allocation Failure)
[824.758s][info][gc,heap        ] GC(2336) PSYoungGen: 291328K(291328K)->9632K(308224K) Eden: 282624K(282624K)->0K(282624K) From: 8704K(8704K)->9632K(25600K)
[824.758s][info][gc,heap        ] GC(2336) ParOldGen: 630155K(630272K)->631099K(631296K)
[824.758s][info][gc,metaspace   ] GC(2336) Metaspace: 35651K(36352K)->35651K(36352K) NonClass: 29379K(29888K)->29379K(29888K) Class: 6272K(6464K)->6272K(6464K)
[824.758s][info][gc             ] GC(2336) Pause Young (Allocation Failure) 899M->625M(917M) 24.385ms
[824.758s][info][gc,cpu         ] GC(2336) User=0.05s Sys=0.00s Real=0.03s
[825.171s][info][gc,start       ] GC(2337) Pause Young (Allocation Failure)
[825.173s][info][gc,heap        ] GC(2337) PSYoungGen: 292256K(308224K)->64K(306688K) Eden: 282624K(282624K)->0K(283136K) From: 9632K(25600K)->64K(23552K)
[825.173s][info][gc,heap        ] GC(2337) ParOldGen: 631099K(631296K)->631107K(631296K)
[825.173s][info][gc,metaspace   ] GC(2337) Metaspace: 35651K(36352K)->35651K(36352K) NonClass: 29379K(29888K)->29379K(29888K) Class: 6272K(6464K)->6272K(6464K)
[825.173s][info][gc             ] GC(2337) Pause Young (Allocation Failure) 901M->616M(916M) 2.167ms
[825.173s][info][gc,cpu         ] GC(2337) User=0.00s Sys=0.00s Real=0.00s
[825.762s][info][gc,start       ] GC(2338) Pause Young (Allocation Failure)
[825.764s][info][gc,heap        ] GC(2338) PSYoungGen: 283200K(306688K)->64K(307712K) Eden: 283136K(283136K)->0K(283136K) From: 64K(23552K)->64K(24576K)
[825.764s][info][gc,heap        ] GC(2338) ParOldGen: 631107K(631296K)->631115K(631296K)
[825.764s][info][gc,metaspace   ] GC(2338) Metaspace: 35651K(36352K)->35651K(36352K) NonClass: 29379K(29888K)->29379K(29888K) Class: 6272K(6464K)->6272K(6464K)
[825.764s][info][gc             ] GC(2338) Pause Young (Allocation Failure) 892M->616M(917M) 2.056ms
[825.764s][info][gc,cpu         ] GC(2338) User=0.00s Sys=0.00s Real=0.00s
[826.182s][info][gc,start       ] GC(2339) Pause Young (Allocation Failure)
[826.184s][info][gc,heap        ] GC(2339) PSYoungGen: 283200K(307712K)->64K(307200K) Eden: 283136K(283136K)->0K(285696K) From: 64K(24576K)->64K(21504K)
[826.184s][info][gc,heap        ] GC(2339) ParOldGen: 631115K(631296K)->631131K(631296K)
[826.184s][info][gc,metaspace   ] GC(2339) Metaspace: 35651K(36352K)->35651K(36352K) NonClass: 29379K(29888K)->29379K(29888K) Class: 6272K(6464K)->6272K(6464K)
[826.184s][info][gc             ] GC(2339) Pause Young (Allocation Failure) 892M->616M(916M) 2.142ms
[826.184s][info][gc,cpu         ] GC(2339) User=0.00s Sys=0.00s Real=0.00s
[826.378s][info][gc,start       ] GC(2340) Pause Young (Allocation Failure)
[826.380s][info][gc,heap        ] GC(2340) PSYoungGen: 285760K(307200K)->64K(308224K) Eden: 285696K(285696K)->0K(285696K) From: 64K(21504K)->64K(22528K)
[826.380s][info][gc,heap        ] GC(2340) ParOldGen: 631131K(631296K)->631147K(631296K)
[826.380s][info][gc,metaspace   ] GC(2340) Metaspace: 35651K(36352K)->35651K(36352K) NonClass: 29379K(29888K)->29379K(29888K) Class: 6272K(6464K)->6272K(6464K)
[826.380s][info][gc             ] GC(2340) Pause Young (Allocation Failure) 895M->616M(917M) 1.953ms
[826.380s][info][gc,cpu         ] GC(2340) User=0.00s Sys=0.00s Real=0.00s
[826.572s][info][gc,start       ] GC(2341) Pause Young (Allocation Failure)
[826.574s][info][gc,heap        ] GC(2341) PSYoungGen: 285760K(308224K)->64K(309248K) Eden: 285696K(285696K)->0K(289792K) From: 64K(22528K)->64K(19456K)
[826.574s][info][gc,heap        ] GC(2341) ParOldGen: 631147K(631296K)->631147K(631296K)
[826.574s][info][gc,metaspace   ] GC(2341) Metaspace: 35651K(36352K)->35651K(36352K) NonClass: 29379K(29888K)->29379K(29888K) Class: 6272K(6464K)->6272K(6464K)
[826.574s][info][gc             ] GC(2341) Pause Young (Allocation Failure) 895M->616M(918M) 2.036ms
[826.574s][info][gc,cpu         ] GC(2341) User=0.00s Sys=0.00s Real=0.00s
[826.898s][info][gc,start       ] GC(2342) Pause Young (Allocation Failure)
[826.900s][info][gc,heap        ] GC(2342) PSYoungGen: 289856K(309248K)->64K(310272K) Eden: 289792K(289792K)->0K(289792K) From: 64K(19456K)->64K(20480K)
[826.900s][info][gc,heap        ] GC(2342) ParOldGen: 631147K(631296K)->631147K(631296K)
[826.900s][info][gc,metaspace   ] GC(2342) Metaspace: 35651K(36352K)->35651K(36352K) NonClass: 29379K(29888K)->29379K(29888K) Class: 6272K(6464K)->6272K(6464K)
[826.900s][info][gc             ] GC(2342) Pause Young (Allocation Failure) 899M->616M(919M) 2.100ms
[826.900s][info][gc,cpu         ] GC(2342) User=0.00s Sys=0.00s Real=0.00s
[827.014s][info][gc,start       ] GC(2343) Pause Young (Allocation Failure)
[827.016s][info][gc,heap        ] GC(2343) PSYoungGen: 289856K(310272K)->64K(310784K) Eden: 289792K(289792K)->0K(293376K) From: 64K(20480K)->64K(17408K)
[827.016s][info][gc,heap        ] GC(2343) ParOldGen: 631147K(631296K)->631155K(631296K)
[827.016s][info][gc,metaspace   ] GC(2343) Metaspace: 35651K(36352K)->35651K(36352K) NonClass: 29379K(29888K)->29379K(29888K) Class: 6272K(6464K)->6272K(6464K)
[827.016s][info][gc             ] GC(2343) Pause Young (Allocation Failure) 899M->616M(920M) 1.784ms
[827.016s][info][gc,cpu         ] GC(2343) User=0.00s Sys=0.00s Real=0.01s
[827.069s][info][gc,start       ] GC(2344) Pause Young (Allocation Failure)
[827.071s][info][gc,heap        ] GC(2344) PSYoungGen: 293440K(310784K)->64K(312320K) Eden: 293376K(293376K)->0K(293376K) From: 64K(17408K)->64K(18944K)
[827.071s][info][gc,heap        ] GC(2344) ParOldGen: 631155K(631296K)->631171K(631296K)
[827.071s][info][gc,metaspace   ] GC(2344) Metaspace: 35651K(36352K)->35651K(36352K) NonClass: 29379K(29888K)->29379K(29888K) Class: 6272K(6464K)->6272K(6464K)
[827.071s][info][gc             ] GC(2344) Pause Young (Allocation Failure) 902M->616M(921M) 1.669ms
[827.071s][info][gc,cpu         ] GC(2344) User=0.00s Sys=0.00s Real=0.00s
[827.208s][info][gc,start       ] GC(2345) Pause Young (Allocation Failure)
[827.210s][info][gc,heap        ] GC(2345) PSYoungGen: 293440K(312320K)->64K(312320K) Eden: 293376K(293376K)->0K(296960K) From: 64K(18944K)->64K(15360K)
[827.210s][info][gc,heap        ] GC(2345) ParOldGen: 631171K(631296K)->631171K(631296K)
[827.210s][info][gc,metaspace   ] GC(2345) Metaspace: 35651K(36352K)->35651K(36352K) NonClass: 29379K(29888K)->29379K(29888K) Class: 6272K(6464K)->6272K(6464K)
[827.210s][info][gc             ] GC(2345) Pause Young (Allocation Failure) 902M->616M(921M) 1.834ms
[827.210s][info][gc,cpu         ] GC(2345) User=0.00s Sys=0.00s Real=0.00s
[827.450s][info][gc,start       ] GC(2346) Pause Young (Allocation Failure)
[827.451s][info][gc,heap        ] GC(2346) PSYoungGen: 297024K(312320K)->64K(313856K) Eden: 296960K(296960K)->0K(296960K) From: 64K(15360K)->64K(16896K)
[827.451s][info][gc,heap        ] GC(2346) ParOldGen: 631171K(631296K)->631179K(631296K)
[827.451s][info][gc,metaspace   ] GC(2346) Metaspace: 35651K(36352K)->35651K(36352K) NonClass: 29379K(29888K)->29379K(29888K) Class: 6272K(6464K)->6272K(6464K)
[827.451s][info][gc             ] GC(2346) Pause Young (Allocation Failure) 906M->616M(923M) 1.773ms
[827.451s][info][gc,cpu         ] GC(2346) User=0.00s Sys=0.00s Real=0.00s
[827.604s][info][gc,start       ] GC(2347) Pause Young (Allocation Failure)
[827.606s][info][gc,heap        ] GC(2347) PSYoungGen: 297024K(313856K)->64K(314368K) Eden: 296960K(296960K)->0K(301056K) From: 64K(16896K)->64K(13312K)
[827.606s][info][gc,heap        ] GC(2347) ParOldGen: 631179K(631296K)->631187K(631296K)
[827.606s][info][gc,metaspace   ] GC(2347) Metaspace: 35651K(36352K)->35651K(36352K) NonClass: 29379K(29888K)->29379K(29888K) Class: 6272K(6464K)->6272K(6464K)
[827.606s][info][gc             ] GC(2347) Pause Young (Allocation Failure) 906M->616M(923M) 1.795ms
[827.606s][info][gc,cpu         ] GC(2347) User=0.01s Sys=0.00s Real=0.01s
[827.684s][info][gc,start       ] GC(2348) Pause Young (Allocation Failure)
[827.686s][info][gc,heap        ] GC(2348) PSYoungGen: 301120K(314368K)->64K(315904K) Eden: 301056K(301056K)->0K(301056K) From: 64K(13312K)->64K(14848K)
[827.686s][info][gc,heap        ] GC(2348) ParOldGen: 631187K(631296K)->631203K(631296K)
[827.686s][info][gc,metaspace   ] GC(2348) Metaspace: 35651K(36352K)->35651K(36352K) NonClass: 29379K(29888K)->29379K(29888K) Class: 6272K(6464K)->6272K(6464K)
[827.686s][info][gc             ] GC(2348) Pause Young (Allocation Failure) 910M->616M(925M) 1.804ms
[827.686s][info][gc,cpu         ] GC(2348) User=0.01s Sys=0.00s Real=0.01s
[827.846s][info][gc,start       ] GC(2349) Pause Young (Allocation Failure)
[827.847s][info][gc,heap        ] GC(2349) PSYoungGen: 301120K(315904K)->64K(317440K) Eden: 301056K(301056K)->0K(305152K) From: 64K(14848K)->64K(12288K)
[827.847s][info][gc,heap        ] GC(2349) ParOldGen: 631203K(631296K)->631203K(631296K)
[827.847s][info][gc,metaspace   ] GC(2349) Metaspace: 35651K(36352K)->35651K(36352K) NonClass: 29379K(29888K)->29379K(29888K) Class: 6272K(6464K)->6272K(6464K)
[827.847s][info][gc             ] GC(2349) Pause Young (Allocation Failure) 910M->616M(926M) 1.635ms
[827.847s][info][gc,cpu         ] GC(2349) User=0.00s Sys=0.00s Real=0.00s
[828.826s][info][gc,start       ] GC(2350) Pause Young (Allocation Failure)
[828.828s][info][gc,heap        ] GC(2350) PSYoungGen: 305216K(317440K)->82K(318464K) Eden: 305152K(305152K)->0K(305152K) From: 64K(12288K)->82K(13312K)
[828.828s][info][gc,heap        ] GC(2350) ParOldGen: 631203K(631296K)->631211K(631296K)
[828.828s][info][gc,metaspace   ] GC(2350) Metaspace: 35651K(36352K)->35651K(36352K) NonClass: 29379K(29888K)->29379K(29888K) Class: 6272K(6464K)->6272K(6464K)
[828.828s][info][gc             ] GC(2350) Pause Young (Allocation Failure) 914M->616M(927M) 2.086ms
[828.828s][info][gc,cpu         ] GC(2350) User=0.01s Sys=0.00s Real=0.00s
[829.681s][info][gc,start       ] GC(2351) Pause Young (Allocation Failure)
[829.684s][info][gc,heap        ] GC(2351) PSYoungGen: 305234K(318464K)->64K(293376K) Eden: 305152K(305152K)->0K(292864K) From: 82K(13312K)->64K(512K)
[829.684s][info][gc,heap        ] GC(2351) ParOldGen: 631211K(631296K)->631219K(631296K)
[829.684s][info][gc,metaspace   ] GC(2351) Metaspace: 35651K(36352K)->35651K(36352K) NonClass: 29379K(29888K)->29379K(29888K) Class: 6272K(6464K)->6272K(6464K)
[829.684s][info][gc             ] GC(2351) Pause Young (Allocation Failure) 914M->616M(903M) 2.642ms
[829.684s][info][gc,cpu         ] GC(2351) User=0.00s Sys=0.00s Real=0.00s
[829.916s][info][gc,start       ] GC(2352) Pause Young (Allocation Failure)
[829.918s][info][gc,heap        ] GC(2352) PSYoungGen: 292928K(293376K)->64K(292352K) Eden: 292864K(292864K)->0K(281088K) From: 64K(512K)->64K(11264K)
[829.918s][info][gc,heap        ] GC(2352) ParOldGen: 631219K(631296K)->631227K(631296K)
[829.918s][info][gc,metaspace   ] GC(2352) Metaspace: 35651K(36352K)->35651K(36352K) NonClass: 29379K(29888K)->29379K(29888K) Class: 6272K(6464K)->6272K(6464K)
[829.918s][info][gc             ] GC(2352) Pause Young (Allocation Failure) 902M->616M(902M) 1.971ms
[829.918s][info][gc,cpu         ] GC(2352) User=0.00s Sys=0.00s Real=0.00s
[830.336s][info][gc,start       ] GC(2353) Pause Young (Allocation Failure)
[830.339s][info][gc,heap        ] GC(2353) PSYoungGen: 281152K(292352K)->64K(270336K) Eden: 281088K(281088K)->0K(269824K) From: 64K(11264K)->64K(512K)
[830.339s][info][gc,heap        ] GC(2353) ParOldGen: 631227K(631296K)->631235K(631296K)
[830.339s][info][gc,metaspace   ] GC(2353) Metaspace: 35651K(36352K)->35651K(36352K) NonClass: 29379K(29888K)->29379K(29888K) Class: 6272K(6464K)->6272K(6464K)
[830.339s][info][gc             ] GC(2353) Pause Young (Allocation Failure) 890M->616M(880M) 2.743ms
[830.339s][info][gc,cpu         ] GC(2353) User=0.00s Sys=0.00s Real=0.00s
[831.304s][info][gc,start       ] GC(2354) Pause Young (Allocation Failure)
[831.306s][info][gc,heap        ] GC(2354) PSYoungGen: 269888K(270336K)->64K(269312K) Eden: 269824K(269824K)->0K(259072K) From: 64K(512K)->64K(10240K)
[831.306s][info][gc,heap        ] GC(2354) ParOldGen: 631235K(631296K)->631243K(631296K)
[831.306s][info][gc,metaspace   ] GC(2354) Metaspace: 35651K(36352K)->35651K(36352K) NonClass: 29379K(29888K)->29379K(29888K) Class: 6272K(6464K)->6272K(6464K)
[831.306s][info][gc             ] GC(2354) Pause Young (Allocation Failure) 880M->616M(879M) 2.053ms
[831.306s][info][gc,cpu         ] GC(2354) User=0.01s Sys=0.00s Real=0.01s
[831.673s][info][gc,start       ] GC(2355) Pause Young (Allocation Failure)
[831.676s][info][gc,heap        ] GC(2355) PSYoungGen: 259136K(269312K)->64K(249344K) Eden: 259072K(259072K)->0K(248832K) From: 64K(10240K)->64K(512K)
[831.676s][info][gc,heap        ] GC(2355) ParOldGen: 631243K(631296K)->631251K(631296K)
[831.676s][info][gc,metaspace   ] GC(2355) Metaspace: 35651K(36352K)->35651K(36352K) NonClass: 29379K(29888K)->29379K(29888K) Class: 6272K(6464K)->6272K(6464K)
[831.676s][info][gc             ] GC(2355) Pause Young (Allocation Failure) 869M->616M(860M) 2.974ms
[831.676s][info][gc,cpu         ] GC(2355) User=0.01s Sys=0.00s Real=0.01s
[831.836s][info][gc,start       ] GC(2356) Pause Young (Allocation Failure)
[831.840s][info][gc,heap        ] GC(2356) PSYoungGen: 248896K(249344K)->64K(293376K) Eden: 248832K(248832K)->0K(284672K) From: 64K(512K)->64K(8704K)
[831.840s][info][gc,heap        ] GC(2356) ParOldGen: 631251K(631296K)->631259K(631296K)
[831.840s][info][gc,metaspace   ] GC(2356) Metaspace: 35651K(36352K)->35651K(36352K) NonClass: 29379K(29888K)->29379K(29888K) Class: 6272K(6464K)->6272K(6464K)
[831.840s][info][gc             ] GC(2356) Pause Young (Allocation Failure) 859M->616M(903M) 3.866ms
[831.840s][info][gc,cpu         ] GC(2356) User=0.00s Sys=0.00s Real=0.00s
[832.071s][info][gc,start       ] GC(2357) Pause Young (Allocation Failure)
[832.074s][info][gc,heap        ] GC(2357) PSYoungGen: 284736K(293376K)->32K(304128K) Eden: 284672K(284672K)->0K(295936K) From: 64K(8704K)->32K(8192K)
[832.074s][info][gc,heap        ] GC(2357) ParOldGen: 631259K(631296K)->631267K(631296K)
[832.074s][info][gc,metaspace   ] GC(2357) Metaspace: 35651K(36352K)->35651K(36352K) NonClass: 29379K(29888K)->29379K(29888K) Class: 6272K(6464K)->6272K(6464K)
[832.074s][info][gc             ] GC(2357) Pause Young (Allocation Failure) 894M->616M(913M) 3.234ms
[832.074s][info][gc,cpu         ] GC(2357) User=0.00s Sys=0.00s Real=0.01s
[832.545s][info][gc,start       ] GC(2358) Pause Young (Allocation Failure)
[832.548s][info][gc,heap        ] GC(2358) PSYoungGen: 295968K(304128K)->32K(303616K) Eden: 295936K(295936K)->0K(295936K) From: 32K(8192K)->32K(7680K)
[832.548s][info][gc,heap        ] GC(2358) ParOldGen: 631267K(631296K)->631275K(631296K)
[832.548s][info][gc,metaspace   ] GC(2358) Metaspace: 35651K(36352K)->35651K(36352K) NonClass: 29379K(29888K)->29379K(29888K) Class: 6272K(6464K)->6272K(6464K)
[832.548s][info][gc             ] GC(2358) Pause Young (Allocation Failure) 905M->616M(913M) 3.275ms
[832.548s][info][gc,cpu         ] GC(2358) User=0.00s Sys=0.00s Real=0.00s
[832.905s][info][gc,start       ] GC(2359) Pause Young (Allocation Failure)
[832.931s][info][gc,heap        ] GC(2359) PSYoungGen: 295968K(303616K)->7168K(320512K) Eden: 295936K(295936K)->0K(313344K) From: 32K(7680K)->7168K(7168K)
[832.931s][info][gc,heap        ] GC(2359) ParOldGen: 631275K(631296K)->634515K(634880K)
[832.931s][info][gc,metaspace   ] GC(2359) Metaspace: 35651K(36352K)->35651K(36352K) NonClass: 29379K(29888K)->29379K(29888K) Class: 6272K(6464K)->6272K(6464K)
[832.931s][info][gc             ] GC(2359) Pause Young (Allocation Failure) 905M->626M(933M) 26.034ms
[832.931s][info][gc,cpu         ] GC(2359) User=0.03s Sys=0.01s Real=0.02s
[833.257s][info][gc,start       ] GC(2360) Pause Young (Allocation Failure)
[833.325s][info][gc,heap        ] GC(2360) PSYoungGen: 320512K(320512K)->10240K(323584K) Eden: 313344K(313344K)->0K(313344K) From: 7168K(7168K)->10240K(10240K)
[833.325s][info][gc,heap        ] GC(2360) ParOldGen: 634515K(634880K)->657571K(657920K)
[833.325s][info][gc,metaspace   ] GC(2360) Metaspace: 35651K(36352K)->35651K(36352K) NonClass: 29379K(29888K)->29379K(29888K) Class: 6272K(6464K)->6272K(6464K)
[833.325s][info][gc             ] GC(2360) Pause Young (Allocation Failure) 932M->652M(958M) 68.438ms
[833.325s][info][gc,cpu         ] GC(2360) User=0.11s Sys=0.02s Real=0.07s
[833.584s][info][gc,start       ] GC(2361) Pause Full (Allocation Failure)
[833.584s][info][gc,phases,start] GC(2361) Marking Phase
[833.664s][info][gc,phases      ] GC(2361) Marking Phase 79.514ms
[833.664s][info][gc,phases,start] GC(2361) Summary Phase
[833.664s][info][gc,phases      ] GC(2361) Summary Phase 0.052ms
[833.664s][info][gc,phases,start] GC(2361) Forward
[833.694s][info][gc,phases      ] GC(2361) Forward 30.412ms
[833.694s][info][gc,phases,start] GC(2361) Adjust Pointers
[833.738s][info][gc,phases      ] GC(2361) Adjust Pointers 43.790ms
[833.738s][info][gc,phases,start] GC(2361) Compaction Phase
[833.763s][info][gc,phases      ] GC(2361) Compaction Phase 24.956ms
[833.763s][info][gc,phases,start] GC(2361) Post Compact
[833.766s][info][metaspace      ] ChkMgr @0x00007f1f7803aa80 (non-class-space): : reclaiming memory...
[833.766s][info][metaspace      ] ChkMgr @0x00007f1f7803aa80 (non-class-space): nothing reclaimed.
[833.766s][info][metaspace      ] ChkMgr @0x00007f1f7803a890 (class-space): : reclaiming memory...
[833.766s][info][metaspace      ] ChkMgr @0x00007f1f7803a890 (class-space): nothing reclaimed.
[833.766s][info][gc,phases      ] GC(2361) Post Compact 3.007ms
[833.802s][info][gc,heap        ] GC(2361) PSYoungGen: 323584K(323584K)->0K(302080K) Eden: 313344K(313344K)->0K(291840K) From: 10240K(10240K)->0K(10240K)
[833.802s][info][gc,heap        ] GC(2361) ParOldGen: 657571K(657920K)->82980K(175104K)
[833.802s][info][gc,metaspace   ] GC(2361) Metaspace: 35651K(36352K)->35610K(36352K) NonClass: 29379K(29888K)->29338K(29888K) Class: 6272K(6464K)->6271K(6464K)
[833.802s][info][gc             ] GC(2361) Pause Full (Allocation Failure) 958M->81M(466M) 218.253ms
[833.802s][info][gc,cpu         ] GC(2361) User=0.32s Sys=0.04s Real=0.22s
[833.967s][info][gc,start       ] GC(2362) Pause Young (Allocation Failure)
[833.992s][info][gc,heap        ] GC(2362) PSYoungGen: 291840K(302080K)->32K(312832K) Eden: 291840K(291840K)->0K(291840K) From: 0K(10240K)->32K(20992K)
[833.992s][info][gc,heap        ] GC(2362) ParOldGen: 82980K(175104K)->82980K(175104K)
[833.992s][info][gc,metaspace   ] GC(2362) Metaspace: 35610K(36352K)->35610K(36352K) NonClass: 29338K(29888K)->29338K(29888K) Class: 6271K(6464K)->6271K(6464K)
[833.992s][info][gc             ] GC(2362) Pause Young (Allocation Failure) 366M->81M(476M) 25.590ms
[833.992s][info][gc,cpu         ] GC(2362) User=0.03s Sys=0.00s Real=0.02s
[834.655s][info][gc,start       ] GC(2363) Pause Young (Allocation Failure)
[834.656s][info][gc,heap        ] GC(2363) PSYoungGen: 291872K(312832K)->64K(310784K) Eden: 291840K(291840K)->0K(292864K) From: 32K(20992K)->64K(17920K)
[834.656s][info][gc,heap        ] GC(2363) ParOldGen: 82980K(175104K)->82996K(175104K)
[834.656s][info][gc,metaspace   ] GC(2363) Metaspace: 35610K(36352K)->35610K(36352K) NonClass: 29338K(29888K)->29338K(29888K) Class: 6271K(6464K)->6271K(6464K)
[834.656s][info][gc             ] GC(2363) Pause Young (Allocation Failure) 366M->81M(474M) 0.802ms
[834.656s][info][gc,cpu         ] GC(2363) User=0.00s Sys=0.00s Real=0.00s
[834.921s][info][gc,start       ] GC(2364) Pause Young (Allocation Failure)
[834.921s][info][gc,heap        ] GC(2364) PSYoungGen: 292928K(310784K)->64K(312320K) Eden: 292864K(292864K)->0K(292864K) From: 64K(17920K)->64K(19456K)
[834.922s][info][gc,heap        ] GC(2364) ParOldGen: 82996K(175104K)->82996K(175104K)
[834.922s][info][gc,metaspace   ] GC(2364) Metaspace: 35610K(36352K)->35610K(36352K) NonClass: 29338K(29888K)->29338K(29888K) Class: 6271K(6464K)->6271K(6464K)
[834.922s][info][gc             ] GC(2364) Pause Young (Allocation Failure) 367M->81M(476M) 0.713ms
[834.922s][info][gc,cpu         ] GC(2364) User=0.00s Sys=0.00s Real=0.00s
[835.290s][info][gc,start       ] GC(2365) Pause Young (Allocation Failure)
[835.291s][info][gc,heap        ] GC(2365) PSYoungGen: 292928K(312320K)->64K(311808K) Eden: 292864K(292864K)->0K(295936K) From: 64K(19456K)->64K(15872K)
[835.291s][info][gc,heap        ] GC(2365) ParOldGen: 82996K(175104K)->83012K(175104K)
[835.291s][info][gc,metaspace   ] GC(2365) Metaspace: 35610K(36352K)->35610K(36352K) NonClass: 29338K(29888K)->29338K(29888K) Class: 6271K(6464K)->6271K(6464K)
[835.291s][info][gc             ] GC(2365) Pause Young (Allocation Failure) 367M->81M(475M) 0.846ms
[835.291s][info][gc,cpu         ] GC(2365) User=0.00s Sys=0.00s Real=0.00s
[835.475s][info][gc,start       ] GC(2366) Pause Young (Allocation Failure)
[835.475s][info][gc,heap        ] GC(2366) PSYoungGen: 296000K(311808K)->64K(313344K) Eden: 295936K(295936K)->0K(295936K) From: 64K(15872K)->64K(17408K)
[835.475s][info][gc,heap        ] GC(2366) ParOldGen: 83012K(175104K)->83028K(175104K)
[835.475s][info][gc,metaspace   ] GC(2366) Metaspace: 35610K(36352K)->35610K(36352K) NonClass: 29338K(29888K)->29338K(29888K) Class: 6271K(6464K)->6271K(6464K)
[835.475s][info][gc             ] GC(2366) Pause Young (Allocation Failure) 370M->81M(477M) 0.710ms
[835.475s][info][gc,cpu         ] GC(2366) User=0.00s Sys=0.00s Real=0.00s
[835.757s][info][gc,start       ] GC(2367) Pause Young (Allocation Failure)
[835.758s][info][gc,heap        ] GC(2367) PSYoungGen: 296000K(313344K)->64K(313856K) Eden: 295936K(295936K)->0K(299520K) From: 64K(17408K)->64K(14336K)
[835.758s][info][gc,heap        ] GC(2367) ParOldGen: 83028K(175104K)->83028K(175104K)
[835.758s][info][gc,metaspace   ] GC(2367) Metaspace: 35610K(36352K)->35610K(36352K) NonClass: 29338K(29888K)->29338K(29888K) Class: 6271K(6464K)->6271K(6464K)
[835.758s][info][gc             ] GC(2367) Pause Young (Allocation Failure) 370M->81M(477M) 0.666ms
[835.758s][info][gc,cpu         ] GC(2367) User=0.00s Sys=0.00s Real=0.00s
[835.918s][info][gc,start       ] GC(2368) Pause Young (Allocation Failure)
[835.918s][info][gc,heap        ] GC(2368) PSYoungGen: 299584K(313856K)->64K(315392K) Eden: 299520K(299520K)->0K(299520K) From: 64K(14336K)->64K(15872K)
[835.918s][info][gc,heap        ] GC(2368) ParOldGen: 83028K(175104K)->83036K(175104K)
[835.918s][info][gc,metaspace   ] GC(2368) Metaspace: 35610K(36352K)->35610K(36352K) NonClass: 29338K(29888K)->29338K(29888K) Class: 6271K(6464K)->6271K(6464K)
[835.919s][info][gc             ] GC(2368) Pause Young (Allocation Failure) 373M->81M(479M) 0.643ms
[835.919s][info][gc,cpu         ] GC(2368) User=0.00s Sys=0.00s Real=0.00s
[835.971s][info][gc,start       ] GC(2369) Pause Young (Allocation Failure)
[835.971s][info][gc,heap        ] GC(2369) PSYoungGen: 299584K(315392K)->64K(316416K) Eden: 299520K(299520K)->0K(303104K) From: 64K(15872K)->64K(13312K)
[835.971s][info][gc,heap        ] GC(2369) ParOldGen: 83036K(175104K)->83052K(175104K)
[835.971s][info][gc,metaspace   ] GC(2369) Metaspace: 35610K(36352K)->35610K(36352K) NonClass: 29338K(29888K)->29338K(29888K) Class: 6271K(6464K)->6271K(6464K)
[835.971s][info][gc             ] GC(2369) Pause Young (Allocation Failure) 373M->81M(480M) 0.580ms
[835.971s][info][gc,cpu         ] GC(2369) User=0.00s Sys=0.00s Real=0.00s
[836.079s][info][gc,start       ] GC(2370) Pause Young (Allocation Failure)
[836.079s][info][gc,heap        ] GC(2370) PSYoungGen: 303168K(316416K)->64K(317440K) Eden: 303104K(303104K)->0K(303104K) From: 64K(13312K)->64K(14336K)
[836.079s][info][gc,heap        ] GC(2370) ParOldGen: 83052K(175104K)->83052K(175104K)
[836.079s][info][gc,metaspace   ] GC(2370) Metaspace: 35610K(36352K)->35610K(36352K) NonClass: 29338K(29888K)->29338K(29888K) Class: 6271K(6464K)->6271K(6464K)
[836.079s][info][gc             ] GC(2370) Pause Young (Allocation Failure) 377M->81M(481M) 0.560ms
[836.079s][info][gc,cpu         ] GC(2370) User=0.00s Sys=0.00s Real=0.00s
[836.324s][info][gc,start       ] GC(2371) Pause Young (Allocation Failure)
[836.325s][info][gc,heap        ] GC(2371) PSYoungGen: 303168K(317440K)->64K(291328K) Eden: 303104K(303104K)->0K(290816K) From: 64K(14336K)->64K(512K)
[836.325s][info][gc,heap        ] GC(2371) ParOldGen: 83052K(175104K)->83068K(175104K)
[836.325s][info][gc,metaspace   ] GC(2371) Metaspace: 35610K(36352K)->35610K(36352K) NonClass: 29338K(29888K)->29338K(29888K) Class: 6271K(6464K)->6271K(6464K)
[836.325s][info][gc             ] GC(2371) Pause Young (Allocation Failure) 377M->81M(455M) 1.525ms
[836.325s][info][gc,cpu         ] GC(2371) User=0.01s Sys=0.00s Real=0.01s
[836.488s][info][gc,start       ] GC(2372) Pause Young (Allocation Failure)
[836.488s][info][gc,heap        ] GC(2372) PSYoungGen: 290880K(291328K)->64K(291840K) Eden: 290816K(290816K)->0K(279552K) From: 64K(512K)->64K(12288K)
[836.488s][info][gc,heap        ] GC(2372) ParOldGen: 83068K(175104K)->83068K(175104K)
[836.488s][info][gc,metaspace   ] GC(2372) Metaspace: 35610K(36352K)->35610K(36352K) NonClass: 29339K(29888K)->29339K(29888K) Class: 6271K(6464K)->6271K(6464K)
[836.488s][info][gc             ] GC(2372) Pause Young (Allocation Failure) 365M->81M(456M) 0.648ms
[836.488s][info][gc,cpu         ] GC(2372) User=0.00s Sys=0.00s Real=0.00s
[836.559s][info][gc,start       ] GC(2373) Pause Young (Allocation Failure)
[836.561s][info][gc,heap        ] GC(2373) PSYoungGen: 279616K(291840K)->64K(269312K) Eden: 279552K(279552K)->0K(268800K) From: 64K(12288K)->64K(512K)
[836.561s][info][gc,heap        ] GC(2373) ParOldGen: 83068K(175104K)->83084K(175104K)
[836.561s][info][gc,metaspace   ] GC(2373) Metaspace: 35610K(36352K)->35610K(36352K) NonClass: 29339K(29888K)->29339K(29888K) Class: 6271K(6464K)->6271K(6464K)
[836.561s][info][gc             ] GC(2373) Pause Young (Allocation Failure) 354M->81M(434M) 1.445ms
[836.561s][info][gc,cpu         ] GC(2373) User=0.00s Sys=0.01s Real=0.00s
[836.679s][info][gc,start       ] GC(2374) Pause Young (Allocation Failure)
[836.679s][info][gc,heap        ] GC(2374) PSYoungGen: 268864K(269312K)->64K(269312K) Eden: 268800K(268800K)->0K(258560K) From: 64K(512K)->64K(10752K)
[836.679s][info][gc,heap        ] GC(2374) ParOldGen: 83084K(175104K)->83084K(175104K)
[836.679s][info][gc,metaspace   ] GC(2374) Metaspace: 35610K(36352K)->35610K(36352K) NonClass: 29339K(29888K)->29339K(29888K) Class: 6271K(6464K)->6271K(6464K)
[836.679s][info][gc             ] GC(2374) Pause Young (Allocation Failure) 343M->81M(434M) 0.565ms
[836.679s][info][gc,cpu         ] GC(2374) User=0.00s Sys=0.00s Real=0.00s
[836.986s][info][gc,start       ] GC(2375) Pause Young (Allocation Failure)
[836.987s][info][gc,heap        ] GC(2375) PSYoungGen: 258624K(269312K)->64K(249344K) Eden: 258560K(258560K)->0K(248832K) From: 64K(10752K)->64K(512K)
[836.987s][info][gc,heap        ] GC(2375) ParOldGen: 83084K(175104K)->83092K(175104K)
[836.987s][info][gc,metaspace   ] GC(2375) Metaspace: 35610K(36352K)->35610K(36352K) NonClass: 29339K(29888K)->29339K(29888K) Class: 6271K(6464K)->6271K(6464K)
[836.987s][info][gc             ] GC(2375) Pause Young (Allocation Failure) 333M->81M(414M) 1.429ms
[836.987s][info][gc,cpu         ] GC(2375) User=0.00s Sys=0.00s Real=0.00s
[837.661s][info][gc,start       ] GC(2376) Pause Young (Allocation Failure)
[837.662s][info][gc,heap        ] GC(2376) PSYoungGen: 248896K(249344K)->64K(249344K) Eden: 248832K(248832K)->0K(239616K) From: 64K(512K)->64K(9728K)
[837.662s][info][gc,heap        ] GC(2376) ParOldGen: 83092K(175104K)->83100K(175104K)
[837.662s][info][gc,metaspace   ] GC(2376) Metaspace: 35610K(36352K)->35610K(36352K) NonClass: 29339K(29888K)->29339K(29888K) Class: 6271K(6464K)->6271K(6464K)
[837.662s][info][gc             ] GC(2376) Pause Young (Allocation Failure) 324M->81M(414M) 0.588ms
[837.662s][info][gc,cpu         ] GC(2376) User=0.00s Sys=0.00s Real=0.00s
[838.458s][info][gc,start       ] GC(2377) Pause Young (Allocation Failure)
[838.459s][info][gc,heap        ] GC(2377) PSYoungGen: 239680K(249344K)->64K(230912K) Eden: 239616K(239616K)->0K(230400K) From: 64K(9728K)->64K(512K)
[838.459s][info][gc,heap        ] GC(2377) ParOldGen: 83100K(175104K)->83108K(175104K)
[838.459s][info][gc,metaspace   ] GC(2377) Metaspace: 35610K(36352K)->35610K(36352K) NonClass: 29339K(29888K)->29339K(29888K) Class: 6271K(6464K)->6271K(6464K)
[838.459s][info][gc             ] GC(2377) Pause Young (Allocation Failure) 315M->81M(396M) 1.319ms
[838.459s][info][gc,cpu         ] GC(2377) User=0.00s Sys=0.00s Real=0.00s
[838.616s][info][gc,start       ] GC(2378) Pause Young (Allocation Failure)
[838.616s][info][gc,heap        ] GC(2378) PSYoungGen: 230464K(230912K)->64K(229888K) Eden: 230400K(230400K)->0K(221696K) From: 64K(512K)->64K(8192K)
[838.616s][info][gc,heap        ] GC(2378) ParOldGen: 83108K(175104K)->83116K(175104K)
[838.616s][info][gc,metaspace   ] GC(2378) Metaspace: 35610K(36352K)->35610K(36352K) NonClass: 29339K(29888K)->29339K(29888K) Class: 6271K(6464K)->6271K(6464K)
[838.616s][info][gc             ] GC(2378) Pause Young (Allocation Failure) 306M->81M(395M) 0.590ms
[838.616s][info][gc,cpu         ] GC(2378) User=0.00s Sys=0.00s Real=0.00s
[839.003s][info][gc,start       ] GC(2379) Pause Young (Allocation Failure)
[839.004s][info][gc,heap        ] GC(2379) PSYoungGen: 221760K(229888K)->64K(214016K) Eden: 221696K(221696K)->0K(213504K) From: 64K(8192K)->64K(512K)
[839.004s][info][gc,heap        ] GC(2379) ParOldGen: 83116K(175104K)->83124K(175104K)
[839.004s][info][gc,metaspace   ] GC(2379) Metaspace: 35610K(36352K)->35610K(36352K) NonClass: 29339K(29888K)->29339K(29888K) Class: 6271K(6464K)->6271K(6464K)
[839.004s][info][gc             ] GC(2379) Pause Young (Allocation Failure) 297M->81M(380M) 1.169ms
[839.004s][info][gc,cpu         ] GC(2379) User=0.00s Sys=0.00s Real=0.00s
[839.851s][info][gc,start       ] GC(2380) Pause Young (Allocation Failure)
[839.852s][info][gc,heap        ] GC(2380) PSYoungGen: 213568K(214016K)->111K(212992K) Eden: 213504K(213504K)->0K(205824K) From: 64K(512K)->111K(7168K)
[839.852s][info][gc,heap        ] GC(2380) ParOldGen: 83124K(175104K)->83132K(175104K)
[839.852s][info][gc,metaspace   ] GC(2380) Metaspace: 35610K(36352K)->35610K(36352K) NonClass: 29339K(29888K)->29339K(29888K) Class: 6271K(6464K)->6271K(6464K)
[839.852s][info][gc             ] GC(2380) Pause Young (Allocation Failure) 289M->81M(379M) 0.626ms
[839.852s][info][gc,cpu         ] GC(2380) User=0.00s Sys=0.00s Real=0.00s
[840.036s][info][gc,start       ] GC(2381) Pause Young (Allocation Failure)
[840.037s][info][gc,heap        ] GC(2381) PSYoungGen: 205935K(212992K)->64K(198656K) Eden: 205824K(205824K)->0K(198144K) From: 111K(7168K)->64K(512K)
[840.037s][info][gc,heap        ] GC(2381) ParOldGen: 83132K(175104K)->83140K(175104K)
[840.037s][info][gc,metaspace   ] GC(2381) Metaspace: 35610K(36352K)->35610K(36352K) NonClass: 29339K(29888K)->29339K(29888K) Class: 6271K(6464K)->6271K(6464K)
[840.037s][info][gc             ] GC(2381) Pause Young (Allocation Failure) 282M->81M(365M) 1.244ms
[840.037s][info][gc,cpu         ] GC(2381) User=0.00s Sys=0.00s Real=0.00s
[840.312s][info][gc,start       ] GC(2382) Pause Young (Allocation Failure)
[840.312s][info][gc,heap        ] GC(2382) PSYoungGen: 198208K(198656K)->64K(197120K) Eden: 198144K(198144K)->0K(190976K) From: 64K(512K)->64K(6144K)
[840.312s][info][gc,heap        ] GC(2382) ParOldGen: 83140K(175104K)->83148K(175104K)
[840.312s][info][gc,metaspace   ] GC(2382) Metaspace: 35610K(36352K)->35610K(36352K) NonClass: 29339K(29888K)->29339K(29888K) Class: 6271K(6464K)->6271K(6464K)
[840.312s][info][gc             ] GC(2382) Pause Young (Allocation Failure) 274M->81M(363M) 0.573ms
[840.312s][info][gc,cpu         ] GC(2382) User=0.00s Sys=0.00s Real=0.00s
[840.448s][info][gc,start       ] GC(2383) Pause Young (Allocation Failure)
[840.449s][info][gc,heap        ] GC(2383) PSYoungGen: 191040K(197120K)->64K(184832K) Eden: 190976K(190976K)->0K(184320K) From: 64K(6144K)->64K(512K)
[840.449s][info][gc,heap        ] GC(2383) ParOldGen: 83148K(175104K)->83156K(175104K)
[840.449s][info][gc,metaspace   ] GC(2383) Metaspace: 35610K(36352K)->35610K(36352K) NonClass: 29339K(29888K)->29339K(29888K) Class: 6271K(6464K)->6271K(6464K)
[840.449s][info][gc             ] GC(2383) Pause Young (Allocation Failure) 267M->81M(351M) 1.125ms
[840.449s][info][gc,cpu         ] GC(2383) User=0.00s Sys=0.00s Real=0.00s
[840.491s][info][gc,start       ] GC(2384) Pause Young (Allocation Failure)
[840.492s][info][gc,heap        ] GC(2384) PSYoungGen: 184384K(184832K)->64K(183296K) Eden: 184320K(184320K)->0K(177664K) From: 64K(512K)->64K(5632K)
[840.492s][info][gc,heap        ] GC(2384) ParOldGen: 83156K(175104K)->83172K(175104K)
[840.492s][info][gc,metaspace   ] GC(2384) Metaspace: 35610K(36352K)->35610K(36352K) NonClass: 29339K(29888K)->29339K(29888K) Class: 6271K(6464K)->6271K(6464K)
[840.492s][info][gc             ] GC(2384) Pause Young (Allocation Failure) 261M->81M(350M) 0.504ms
[840.492s][info][gc,cpu         ] GC(2384) User=0.00s Sys=0.00s Real=0.00s
[840.753s][info][gc,start       ] GC(2385) Pause Young (Allocation Failure)
[840.754s][info][gc,heap        ] GC(2385) PSYoungGen: 177728K(183296K)->64K(172032K) Eden: 177664K(177664K)->0K(171520K) From: 64K(5632K)->64K(512K)
[840.754s][info][gc,heap        ] GC(2385) ParOldGen: 83172K(175104K)->83172K(175104K)
[840.754s][info][gc,metaspace   ] GC(2385) Metaspace: 35610K(36352K)->35610K(36352K) NonClass: 29339K(29888K)->29339K(29888K) Class: 6271K(6464K)->6271K(6464K)
[840.754s][info][gc             ] GC(2385) Pause Young (Allocation Failure) 254M->81M(339M) 0.885ms
[840.754s][info][gc,cpu         ] GC(2385) User=0.00s Sys=0.00s Real=0.00s
[841.128s][info][gc,start       ] GC(2386) Pause Young (Allocation Failure)
[841.128s][info][gc,heap        ] GC(2386) PSYoungGen: 171584K(172032K)->64K(170496K) Eden: 171520K(171520K)->0K(165888K) From: 64K(512K)->64K(4608K)
[841.128s][info][gc,heap        ] GC(2386) ParOldGen: 83172K(175104K)->83180K(175104K)
[841.128s][info][gc,metaspace   ] GC(2386) Metaspace: 35610K(36352K)->35610K(36352K) NonClass: 29339K(29888K)->29339K(29888K) Class: 6271K(6464K)->6271K(6464K)
[841.128s][info][gc             ] GC(2386) Pause Young (Allocation Failure) 248M->81M(337M) 0.626ms
[841.128s][info][gc,cpu         ] GC(2386) User=0.01s Sys=0.00s Real=0.00s
[841.229s][info][gc,start       ] GC(2387) Pause Young (Allocation Failure)
[841.231s][info][gc,heap        ] GC(2387) PSYoungGen: 165952K(170496K)->64K(160768K) Eden: 165888K(165888K)->0K(160256K) From: 64K(4608K)->64K(512K)
[841.231s][info][gc,heap        ] GC(2387) ParOldGen: 83180K(175104K)->83196K(175104K)
[841.231s][info][gc,metaspace   ] GC(2387) Metaspace: 35610K(36352K)->35610K(36352K) NonClass: 29339K(29888K)->29339K(29888K) Class: 6271K(6464K)->6271K(6464K)
[841.231s][info][gc             ] GC(2387) Pause Young (Allocation Failure) 243M->81M(328M) 1.360ms
[841.231s][info][gc,cpu         ] GC(2387) User=0.00s Sys=0.00s Real=0.00s
[841.449s][info][gc,start       ] GC(2388) Pause Young (Allocation Failure)
[841.456s][info][gc,heap        ] GC(2388) PSYoungGen: 160320K(160768K)->3360K(194048K) Eden: 160256K(160256K)->0K(190464K) From: 64K(512K)->3360K(3584K)
[841.456s][info][gc,heap        ] GC(2388) ParOldGen: 83196K(175104K)->83212K(175104K)
[841.456s][info][gc,metaspace   ] GC(2388) Metaspace: 35610K(36352K)->35610K(36352K) NonClass: 29339K(29888K)->29339K(29888K) Class: 6271K(6464K)->6271K(6464K)
[841.456s][info][gc             ] GC(2388) Pause Young (Allocation Failure) 237M->84M(360M) 7.064ms
[841.456s][info][gc,cpu         ] GC(2388) User=0.01s Sys=0.00s Real=0.01s
[841.651s][info][gc,start       ] GC(2389) Pause Young (Allocation Failure)
[841.681s][info][gc,heap        ] GC(2389) PSYoungGen: 193824K(194048K)->4608K(232960K) Eden: 190464K(190464K)->0K(228352K) From: 3360K(3584K)->4608K(4608K)
[841.681s][info][gc,heap        ] GC(2389) ParOldGen: 83212K(175104K)->98772K(175104K)
[841.681s][info][gc,metaspace   ] GC(2389) Metaspace: 35610K(36352K)->35610K(36352K) NonClass: 29339K(29888K)->29339K(29888K) Class: 6271K(6464K)->6271K(6464K)
[841.681s][info][gc             ] GC(2389) Pause Young (Allocation Failure) 270M->100M(398M) 30.546ms
[841.681s][info][gc,cpu         ] GC(2389) User=0.06s Sys=0.00s Real=0.03s
[841.910s][info][gc,start       ] GC(2390) Pause Young (Allocation Failure)
[841.949s][info][gc,heap        ] GC(2390) PSYoungGen: 232960K(232960K)->11776K(251392K) Eden: 228352K(228352K)->0K(239616K) From: 4608K(4608K)->11776K(11776K)
[841.949s][info][gc,heap        ] GC(2390) ParOldGen: 98772K(175104K)->111748K(175104K)
[841.949s][info][gc,metaspace   ] GC(2390) Metaspace: 35610K(36352K)->35610K(36352K) NonClass: 29339K(29888K)->29339K(29888K) Class: 6271K(6464K)->6271K(6464K)
[841.949s][info][gc             ] GC(2390) Pause Young (Allocation Failure) 323M->120M(416M) 39.249ms
[841.949s][info][gc,cpu         ] GC(2390) User=0.08s Sys=0.00s Real=0.04s
[842.169s][info][gc,start       ] GC(2391) Pause Young (Allocation Failure)
[842.212s][info][gc,heap        ] GC(2391) PSYoungGen: 251392K(251392K)->18944K(287744K) Eden: 239616K(239616K)->0K(268800K) From: 11776K(11776K)->18944K(18944K)
[842.212s][info][gc,heap        ] GC(2391) ParOldGen: 111748K(175104K)->114532K(175104K)
[842.212s][info][gc,metaspace   ] GC(2391) Metaspace: 35610K(36352K)->35610K(36352K) NonClass: 29339K(29888K)->29339K(29888K) Class: 6271K(6464K)->6271K(6464K)
[842.212s][info][gc             ] GC(2391) Pause Young (Allocation Failure) 354M->130M(452M) 42.957ms
[842.212s][info][gc,cpu         ] GC(2391) User=0.07s Sys=0.00s Real=0.04s
[842.297s][info][gc,start       ] GC(2392) Pause Young (Allocation Failure)
[842.299s][info][gc,heap        ] GC(2392) PSYoungGen: 287744K(287744K)->64K(292864K) Eden: 268800K(268800K)->0K(268800K) From: 18944K(18944K)->64K(24064K)
[842.299s][info][gc,heap        ] GC(2392) ParOldGen: 114532K(175104K)->114628K(175104K)
[842.299s][info][gc,metaspace   ] GC(2392) Metaspace: 35610K(36352K)->35610K(36352K) NonClass: 29339K(29888K)->29339K(29888K) Class: 6271K(6464K)->6271K(6464K)
[842.299s][info][gc             ] GC(2392) Pause Young (Allocation Failure) 392M->112M(457M) 1.606ms
[842.299s][info][gc,cpu         ] GC(2392) User=0.00s Sys=0.00s Real=0.00s
[842.862s][info][gc,start       ] GC(2393) Pause Young (Allocation Failure)
[842.863s][info][gc,heap        ] GC(2393) PSYoungGen: 268864K(292864K)->64K(307712K) Eden: 268800K(268800K)->0K(286720K) From: 64K(24064K)->64K(20992K)
[842.863s][info][gc,heap        ] GC(2393) ParOldGen: 114628K(175104K)->114636K(175104K)
[842.863s][info][gc,metaspace   ] GC(2393) Metaspace: 35610K(36352K)->35610K(36352K) NonClass: 29339K(29888K)->29339K(29888K) Class: 6271K(6464K)->6271K(6464K)
[842.863s][info][gc             ] GC(2393) Pause Young (Allocation Failure) 374M->112M(471M) 0.735ms
[842.863s][info][gc,cpu         ] GC(2393) User=0.00s Sys=0.00s Real=0.00s
[843.262s][info][gc,start       ] GC(2394) Pause Young (Allocation Failure)
[843.263s][info][gc,heap        ] GC(2394) PSYoungGen: 286784K(307712K)->64K(309248K) Eden: 286720K(286720K)->0K(286720K) From: 64K(20992K)->64K(22528K)
[843.263s][info][gc,heap        ] GC(2394) ParOldGen: 114636K(175104K)->114644K(175104K)
[843.263s][info][gc,metaspace   ] GC(2394) Metaspace: 35610K(36352K)->35610K(36352K) NonClass: 29339K(29888K)->29339K(29888K) Class: 6271K(6464K)->6271K(6464K)
[843.263s][info][gc             ] GC(2394) Pause Young (Allocation Failure) 392M->112M(473M) 0.833ms
[843.263s][info][gc,cpu         ] GC(2394) User=0.00s Sys=0.00s Real=0.00s
[843.646s][info][gc,start       ] GC(2395) Pause Young (Allocation Failure)
[843.647s][info][gc,heap        ] GC(2395) PSYoungGen: 286784K(309248K)->64K(309760K) Eden: 286720K(286720K)->0K(289792K) From: 64K(22528K)->64K(19968K)
[843.647s][info][gc,heap        ] GC(2395) ParOldGen: 114644K(175104K)->114660K(175104K)
[843.647s][info][gc,metaspace   ] GC(2395) Metaspace: 35610K(36352K)->35610K(36352K) NonClass: 29339K(29888K)->29339K(29888K) Class: 6271K(6464K)->6271K(6464K)
[843.647s][info][gc             ] GC(2395) Pause Young (Allocation Failure) 392M->112M(473M) 0.781ms
[843.647s][info][gc,cpu         ] GC(2395) User=0.00s Sys=0.00s Real=0.00s
[843.828s][info][gc,start       ] GC(2396) Pause Young (Allocation Failure)
[843.828s][info][gc,heap        ] GC(2396) PSYoungGen: 289856K(309760K)->64K(310784K) Eden: 289792K(289792K)->0K(289792K) From: 64K(19968K)->64K(20992K)
[843.829s][info][gc,heap        ] GC(2396) ParOldGen: 114660K(175104K)->114676K(175104K)
[843.829s][info][gc,metaspace   ] GC(2396) Metaspace: 35610K(36352K)->35610K(36352K) NonClass: 29339K(29888K)->29339K(29888K) Class: 6271K(6464K)->6271K(6464K)
[843.829s][info][gc             ] GC(2396) Pause Young (Allocation Failure) 395M->112M(474M) 0.726ms
[843.829s][info][gc,cpu         ] GC(2396) User=0.00s Sys=0.00s Real=0.00s
[844.007s][info][gc,start       ] GC(2397) Pause Young (Allocation Failure)
[844.008s][info][gc,heap        ] GC(2397) PSYoungGen: 289856K(310784K)->64K(310784K) Eden: 289792K(289792K)->0K(292864K) From: 64K(20992K)->64K(17920K)
[844.008s][info][gc,heap        ] GC(2397) ParOldGen: 114676K(175104K)->114676K(175104K)
[844.008s][info][gc,metaspace   ] GC(2397) Metaspace: 35610K(36352K)->35610K(36352K) NonClass: 29339K(29888K)->29339K(29888K) Class: 6271K(6464K)->6271K(6464K)
[844.008s][info][gc             ] GC(2397) Pause Young (Allocation Failure) 395M->112M(474M) 0.703ms
[844.008s][info][gc,cpu         ] GC(2397) User=0.00s Sys=0.00s Real=0.00s
[844.317s][info][gc,start       ] GC(2398) Pause Young (Allocation Failure)
[844.317s][info][gc,heap        ] GC(2398) PSYoungGen: 292928K(310784K)->64K(311808K) Eden: 292864K(292864K)->0K(292864K) From: 64K(17920K)->64K(18944K)
[844.317s][info][gc,heap        ] GC(2398) ParOldGen: 114676K(175104K)->114676K(175104K)
[844.318s][info][gc,metaspace   ] GC(2398) Metaspace: 35610K(36352K)->35610K(36352K) NonClass: 29339K(29888K)->29339K(29888K) Class: 6271K(6464K)->6271K(6464K)
[844.318s][info][gc             ] GC(2398) Pause Young (Allocation Failure) 398M->112M(475M) 0.833ms
[844.318s][info][gc,cpu         ] GC(2398) User=0.00s Sys=0.00s Real=0.00s
[844.372s][info][gc,start       ] GC(2399) Pause Young (Allocation Failure)
[844.372s][info][gc,heap        ] GC(2399) PSYoungGen: 292928K(311808K)->64K(312832K) Eden: 292864K(292864K)->0K(296960K) From: 64K(18944K)->64K(15872K)
[844.372s][info][gc,heap        ] GC(2399) ParOldGen: 114676K(175104K)->114692K(175104K)
[844.372s][info][gc,metaspace   ] GC(2399) Metaspace: 35610K(36352K)->35610K(36352K) NonClass: 29339K(29888K)->29339K(29888K) Class: 6271K(6464K)->6271K(6464K)
[844.372s][info][gc             ] GC(2399) Pause Young (Allocation Failure) 398M->112M(476M) 0.739ms
[844.372s][info][gc,cpu         ] GC(2399) User=0.00s Sys=0.00s Real=0.00s
[844.428s][info][gc,start       ] GC(2400) Pause Young (Allocation Failure)
[844.428s][info][gc,heap        ] GC(2400) PSYoungGen: 297024K(312832K)->32K(313856K) Eden: 296960K(296960K)->0K(296960K) From: 64K(15872K)->32K(16896K)
[844.428s][info][gc,heap        ] GC(2400) ParOldGen: 114692K(175104K)->114692K(175104K)
[844.428s][info][gc,metaspace   ] GC(2400) Metaspace: 35610K(36352K)->35610K(36352K) NonClass: 29339K(29888K)->29339K(29888K) Class: 6271K(6464K)->6271K(6464K)
[844.428s][info][gc             ] GC(2400) Pause Young (Allocation Failure) 402M->112M(477M) 0.846ms
[844.429s][info][gc,cpu         ] GC(2400) User=0.00s Sys=0.01s Real=0.00s
[844.654s][info][gc,start       ] GC(2401) Pause Young (Allocation Failure)
[844.654s][info][gc,heap        ] GC(2401) PSYoungGen: 296992K(313856K)->64K(314368K) Eden: 296960K(296960K)->0K(300544K) From: 32K(16896K)->64K(13824K)
[844.654s][info][gc,heap        ] GC(2401) ParOldGen: 114692K(175104K)->114692K(175104K)
[844.655s][info][gc,metaspace   ] GC(2401) Metaspace: 35610K(36352K)->35610K(36352K) NonClass: 29339K(29888K)->29339K(29888K) Class: 6271K(6464K)->6271K(6464K)
[844.655s][info][gc             ] GC(2401) Pause Young (Allocation Failure) 402M->112M(478M) 0.870ms
[844.655s][info][gc,cpu         ] GC(2401) User=0.00s Sys=0.00s Real=0.01s
[844.872s][info][gc,start       ] GC(2402) Pause Young (Allocation Failure)
[844.873s][info][gc,heap        ] GC(2402) PSYoungGen: 300608K(314368K)->64K(289280K) Eden: 300544K(300544K)->0K(288768K) From: 64K(13824K)->64K(512K)
[844.873s][info][gc,heap        ] GC(2402) ParOldGen: 114692K(175104K)->114700K(175104K)
[844.873s][info][gc,metaspace   ] GC(2402) Metaspace: 35610K(36352K)->35610K(36352K) NonClass: 29339K(29888K)->29339K(29888K) Class: 6271K(6464K)->6271K(6464K)
[844.873s][info][gc             ] GC(2402) Pause Young (Allocation Failure) 405M->112M(453M) 0.849ms
[844.873s][info][gc,cpu         ] GC(2402) User=0.00s Sys=0.00s Real=0.00s
[844.970s][info][gc,start       ] GC(2403) Pause Young (Allocation Failure)
[844.971s][info][gc,heap        ] GC(2403) PSYoungGen: 288832K(289280K)->64K(278016K) Eden: 288768K(288768K)->0K(277504K) From: 64K(512K)->64K(512K)
[844.971s][info][gc,heap        ] GC(2403) ParOldGen: 114700K(175104K)->114708K(175104K)
[844.971s][info][gc,metaspace   ] GC(2403) Metaspace: 35610K(36352K)->35610K(36352K) NonClass: 29339K(29888K)->29339K(29888K) Class: 6271K(6464K)->6271K(6464K)
[844.971s][info][gc             ] GC(2403) Pause Young (Allocation Failure) 394M->112M(442M) 1.221ms
[844.971s][info][gc,cpu         ] GC(2403) User=0.00s Sys=0.00s Real=0.00s
[845.058s][info][gc,start       ] GC(2404) Pause Young (Allocation Failure)
[845.059s][info][gc,heap        ] GC(2404) PSYoungGen: 277568K(278016K)->64K(280064K) Eden: 277504K(277504K)->0K(266752K) From: 64K(512K)->64K(13312K)
[845.059s][info][gc,heap        ] GC(2404) ParOldGen: 114708K(175104K)->114716K(175104K)
[845.059s][info][gc,metaspace   ] GC(2404) Metaspace: 35610K(36352K)->35610K(36352K) NonClass: 29339K(29888K)->29339K(29888K) Class: 6271K(6464K)->6271K(6464K)
[845.059s][info][gc             ] GC(2404) Pause Young (Allocation Failure) 383M->112M(444M) 0.605ms
[845.059s][info][gc,cpu         ] GC(2404) User=0.00s Sys=0.00s Real=0.00s
[845.212s][info][gc,start       ] GC(2405) Pause Young (Allocation Failure)
[845.214s][info][gc,heap        ] GC(2405) PSYoungGen: 266816K(280064K)->64K(257024K) Eden: 266752K(266752K)->0K(256512K) From: 64K(13312K)->64K(512K)
[845.214s][info][gc,heap        ] GC(2405) ParOldGen: 114716K(175104K)->114724K(175104K)
[845.214s][info][gc,metaspace   ] GC(2405) Metaspace: 35610K(36352K)->35610K(36352K) NonClass: 29339K(29888K)->29339K(29888K) Class: 6271K(6464K)->6271K(6464K)
[845.214s][info][gc             ] GC(2405) Pause Young (Allocation Failure) 372M->112M(422M) 2.125ms
[845.214s][info][gc,cpu         ] GC(2405) User=0.00s Sys=0.00s Real=0.00s
[846.105s][info][gc,start       ] GC(2406) Pause Young (Allocation Failure)
[846.107s][info][gc,heap        ] GC(2406) PSYoungGen: 256576K(257024K)->96K(258560K) Eden: 256512K(256512K)->0K(246784K) From: 64K(512K)->96K(11776K)
[846.107s][info][gc,heap        ] GC(2406) ParOldGen: 114724K(175104K)->114732K(175104K)
[846.107s][info][gc,metaspace   ] GC(2406) Metaspace: 35610K(36352K)->35610K(36352K) NonClass: 29339K(29888K)->29339K(29888K) Class: 6271K(6464K)->6271K(6464K)
[846.107s][info][gc             ] GC(2406) Pause Young (Allocation Failure) 362M->112M(423M) 1.374ms
[846.107s][info][gc,cpu         ] GC(2406) User=0.00s Sys=0.00s Real=0.00s
[846.590s][info][gc,start       ] GC(2407) Pause Young (Allocation Failure)
[846.593s][info][gc,heap        ] GC(2407) PSYoungGen: 246880K(258560K)->64K(238080K) Eden: 246784K(246784K)->0K(237568K) From: 96K(11776K)->64K(512K)
[846.593s][info][gc,heap        ] GC(2407) ParOldGen: 114732K(175104K)->114740K(175104K)
[846.593s][info][gc,metaspace   ] GC(2407) Metaspace: 35610K(36352K)->35610K(36352K) NonClass: 29339K(29888K)->29339K(29888K) Class: 6271K(6464K)->6271K(6464K)
[846.593s][info][gc             ] GC(2407) Pause Young (Allocation Failure) 353M->112M(403M) 2.481ms
[846.593s][info][gc,cpu         ] GC(2407) User=0.00s Sys=0.00s Real=0.00s
[847.059s][info][gc,start       ] GC(2408) Pause Young (Allocation Failure)
[847.061s][info][gc,heap        ] GC(2408) PSYoungGen: 237632K(238080K)->64K(239104K) Eden: 237568K(237568K)->0K(228864K) From: 64K(512K)->64K(10240K)
[847.061s][info][gc,heap        ] GC(2408) ParOldGen: 114740K(175104K)->114748K(175104K)
[847.061s][info][gc,metaspace   ] GC(2408) Metaspace: 35610K(36352K)->35610K(36352K) NonClass: 29339K(29888K)->29339K(29888K) Class: 6271K(6464K)->6271K(6464K)
[847.061s][info][gc             ] GC(2408) Pause Young (Allocation Failure) 344M->112M(404M) 1.282ms
[847.061s][info][gc,cpu         ] GC(2408) User=0.00s Sys=0.00s Real=0.00s
[847.398s][info][gc,start       ] GC(2409) Pause Young (Allocation Failure)
[847.400s][info][gc,heap        ] GC(2409) PSYoungGen: 228928K(239104K)->64K(220672K) Eden: 228864K(228864K)->0K(220160K) From: 64K(10240K)->64K(512K)
[847.400s][info][gc,heap        ] GC(2409) ParOldGen: 114748K(175104K)->114764K(175104K)
[847.400s][info][gc,metaspace   ] GC(2409) Metaspace: 35610K(36352K)->35610K(36352K) NonClass: 29339K(29888K)->29339K(29888K) Class: 6271K(6464K)->6271K(6464K)
[847.400s][info][gc             ] GC(2409) Pause Young (Allocation Failure) 335M->112M(386M) 2.018ms
[847.400s][info][gc,cpu         ] GC(2409) User=0.00s Sys=0.00s Real=0.00s
[847.666s][info][gc,start       ] GC(2410) Pause Young (Allocation Failure)
[847.667s][info][gc,heap        ] GC(2410) PSYoungGen: 220224K(220672K)->64K(221184K) Eden: 220160K(220160K)->0K(211968K) From: 64K(512K)->64K(9216K)
[847.667s][info][gc,heap        ] GC(2410) ParOldGen: 114764K(175104K)->114772K(175104K)
[847.667s][info][gc,metaspace   ] GC(2410) Metaspace: 35610K(36352K)->35610K(36352K) NonClass: 29339K(29888K)->29339K(29888K) Class: 6271K(6464K)->6271K(6464K)
[847.667s][info][gc             ] GC(2410) Pause Young (Allocation Failure) 327M->112M(387M) 1.241ms
[847.667s][info][gc,cpu         ] GC(2410) User=0.00s Sys=0.00s Real=0.00s
[848.493s][info][gc,start       ] GC(2411) Pause Young (Allocation Failure)
[848.495s][info][gc,heap        ] GC(2411) PSYoungGen: 212032K(221184K)->64K(204800K) Eden: 211968K(211968K)->0K(204288K) From: 64K(9216K)->64K(512K)
[848.495s][info][gc,heap        ] GC(2411) ParOldGen: 114772K(175104K)->114780K(175104K)
[848.495s][info][gc,metaspace   ] GC(2411) Metaspace: 35610K(36352K)->35610K(36352K) NonClass: 29339K(29888K)->29339K(29888K) Class: 6271K(6464K)->6271K(6464K)
[848.495s][info][gc             ] GC(2411) Pause Young (Allocation Failure) 319M->112M(371M) 2.082ms
[848.495s][info][gc,cpu         ] GC(2411) User=0.01s Sys=0.00s Real=0.01s
[848.799s][info][gc,start       ] GC(2412) Pause Young (Allocation Failure)
[848.801s][info][gc,heap        ] GC(2412) PSYoungGen: 204352K(204800K)->64K(204800K) Eden: 204288K(204288K)->0K(197120K) From: 64K(512K)->64K(7680K)
[848.801s][info][gc,heap        ] GC(2412) ParOldGen: 114780K(175104K)->114796K(175104K)
[848.801s][info][gc,metaspace   ] GC(2412) Metaspace: 35610K(36352K)->35610K(36352K) NonClass: 29339K(29888K)->29339K(29888K) Class: 6271K(6464K)->6271K(6464K)
[848.801s][info][gc             ] GC(2412) Pause Young (Allocation Failure) 311M->112M(371M) 1.207ms
[848.801s][info][gc,cpu         ] GC(2412) User=0.00s Sys=0.00s Real=0.00s
[848.958s][info][gc,start       ] GC(2413) Pause Young (Allocation Failure)
[848.960s][info][gc,heap        ] GC(2413) PSYoungGen: 197184K(204800K)->64K(190464K) Eden: 197120K(197120K)->0K(189952K) From: 64K(7680K)->64K(512K)
[848.960s][info][gc,heap        ] GC(2413) ParOldGen: 114796K(175104K)->114812K(175104K)
[848.960s][info][gc,metaspace   ] GC(2413) Metaspace: 35610K(36352K)->35610K(36352K) NonClass: 29339K(29888K)->29339K(29888K) Class: 6271K(6464K)->6271K(6464K)
[848.960s][info][gc             ] GC(2413) Pause Young (Allocation Failure) 304M->112M(357M) 2.104ms
[848.960s][info][gc,cpu         ] GC(2413) User=0.00s Sys=0.00s Real=0.00s
[849.006s][info][gc,start       ] GC(2414) Pause Young (Allocation Failure)
[849.007s][info][gc,heap        ] GC(2414) PSYoungGen: 190016K(190464K)->32K(189952K) Eden: 189952K(189952K)->0K(183296K) From: 64K(512K)->32K(6656K)
[849.007s][info][gc,heap        ] GC(2414) ParOldGen: 114812K(175104K)->114828K(175104K)
[849.007s][info][gc,metaspace   ] GC(2414) Metaspace: 35610K(36352K)->35610K(36352K) NonClass: 29339K(29888K)->29339K(29888K) Class: 6271K(6464K)->6271K(6464K)
[849.007s][info][gc             ] GC(2414) Pause Young (Allocation Failure) 297M->112M(356M) 1.072ms
[849.007s][info][gc,cpu         ] GC(2414) User=0.00s Sys=0.00s Real=0.00s
[849.200s][info][gc,start       ] GC(2415) Pause Young (Allocation Failure)
[849.202s][info][gc,heap        ] GC(2415) PSYoungGen: 183328K(189952K)->64K(177664K) Eden: 183296K(183296K)->0K(177152K) From: 32K(6656K)->64K(512K)
[849.202s][info][gc,heap        ] GC(2415) ParOldGen: 114828K(175104K)->114828K(175104K)
[849.202s][info][gc,metaspace   ] GC(2415) Metaspace: 35610K(36352K)->35610K(36352K) NonClass: 29339K(29888K)->29339K(29888K) Class: 6271K(6464K)->6271K(6464K)
[849.202s][info][gc             ] GC(2415) Pause Young (Allocation Failure) 291M->112M(344M) 1.417ms
[849.202s][info][gc,cpu         ] GC(2415) User=0.00s Sys=0.00s Real=0.00s
[849.674s][info][gc,start       ] GC(2416) Pause Young (Allocation Failure)
[849.675s][info][gc,heap        ] GC(2416) PSYoungGen: 177216K(177664K)->64K(177152K) Eden: 177152K(177152K)->0K(171008K) From: 64K(512K)->64K(6144K)
[849.676s][info][gc,heap        ] GC(2416) ParOldGen: 114828K(175104K)->114844K(175104K)
[849.676s][info][gc,metaspace   ] GC(2416) Metaspace: 35610K(36352K)->35610K(36352K) NonClass: 29339K(29888K)->29339K(29888K) Class: 6271K(6464K)->6271K(6464K)
[849.676s][info][gc             ] GC(2416) Pause Young (Allocation Failure) 285M->112M(344M) 1.457ms
[849.676s][info][gc,cpu         ] GC(2416) User=0.00s Sys=0.00s Real=0.01s
[849.764s][info][gc,start       ] GC(2417) Pause Young (Allocation Failure)
[849.766s][info][gc,heap        ] GC(2417) PSYoungGen: 171072K(177152K)->64K(165888K) Eden: 171008K(171008K)->0K(165376K) From: 64K(6144K)->64K(512K)
[849.766s][info][gc,heap        ] GC(2417) ParOldGen: 114844K(175104K)->114860K(175104K)
[849.766s][info][gc,metaspace   ] GC(2417) Metaspace: 35610K(36352K)->35610K(36352K) NonClass: 29339K(29888K)->29339K(29888K) Class: 6271K(6464K)->6271K(6464K)
[849.766s][info][gc             ] GC(2417) Pause Young (Allocation Failure) 279M->112M(333M) 1.895ms
[849.766s][info][gc,cpu         ] GC(2417) User=0.00s Sys=0.01s Real=0.01s
[850.005s][info][gc,start       ] GC(2418) Pause Young (Allocation Failure)
[850.012s][info][gc,heap        ] GC(2418) PSYoungGen: 165440K(165888K)->1888K(201728K) Eden: 165376K(165376K)->0K(196608K) From: 64K(512K)->1888K(5120K)
[850.012s][info][gc,heap        ] GC(2418) ParOldGen: 114860K(175104K)->114868K(175104K)
[850.012s][info][gc,metaspace   ] GC(2418) Metaspace: 35610K(36352K)->35610K(36352K) NonClass: 29339K(29888K)->29339K(29888K) Class: 6271K(6464K)->6271K(6464K)
[850.012s][info][gc             ] GC(2418) Pause Young (Allocation Failure) 273M->114M(368M) 6.486ms
[850.012s][info][gc,cpu         ] GC(2418) User=0.00s Sys=0.00s Real=0.00s
[850.224s][info][gc,start       ] GC(2419) Pause Young (Allocation Failure)
[850.275s][info][gc,heap        ] GC(2419) PSYoungGen: 198496K(201728K)->5120K(233984K) Eden: 196608K(196608K)->0K(228864K) From: 1888K(5120K)->5120K(5120K)
[850.275s][info][gc,heap        ] GC(2419) ParOldGen: 114868K(175104K)->130572K(175104K)
[850.275s][info][gc,metaspace   ] GC(2419) Metaspace: 35610K(36352K)->35610K(36352K) NonClass: 29339K(29888K)->29339K(29888K) Class: 6271K(6464K)->6271K(6464K)
[850.276s][info][gc             ] GC(2419) Pause Young (Allocation Failure) 306M->132M(399M) 51.302ms
[850.276s][info][gc,cpu         ] GC(2419) User=0.06s Sys=0.00s Real=0.06s
[850.517s][info][gc,start       ] GC(2420) Pause Young (Allocation Failure)
[850.561s][info][gc,heap        ] GC(2420) PSYoungGen: 233984K(233984K)->12288K(241152K) Eden: 228864K(228864K)->0K(228864K) From: 5120K(5120K)->12288K(12288K)
[850.561s][info][gc,heap        ] GC(2420) ParOldGen: 130572K(175104K)->143092K(175104K)
[850.561s][info][gc,metaspace   ] GC(2420) Metaspace: 35610K(36352K)->35610K(36352K) NonClass: 29339K(29888K)->29339K(29888K) Class: 6271K(6464K)->6271K(6464K)
[850.561s][info][gc             ] GC(2420) Pause Young (Allocation Failure) 356M->151M(406M) 43.477ms
[850.561s][info][gc,cpu         ] GC(2420) User=0.09s Sys=0.00s Real=0.04s
[850.780s][info][gc,start       ] GC(2421) Pause Young (Allocation Failure)
[850.827s][info][gc,heap        ] GC(2421) PSYoungGen: 241152K(241152K)->19456K(288768K) Eden: 228864K(228864K)->0K(269312K) From: 12288K(12288K)->19456K(19456K)
[850.827s][info][gc,heap        ] GC(2421) ParOldGen: 143092K(175104K)->146132K(175104K)
[850.827s][info][gc,metaspace   ] GC(2421) Metaspace: 35610K(36352K)->35610K(36352K) NonClass: 29339K(29888K)->29339K(29888K) Class: 6271K(6464K)->6271K(6464K)
[850.827s][info][gc             ] GC(2421) Pause Young (Allocation Failure) 375M->161M(453M) 46.997ms
[850.827s][info][gc,cpu         ] GC(2421) User=0.09s Sys=0.00s Real=0.05s
[850.922s][info][gc,start       ] GC(2422) Pause Young (Allocation Failure)
[850.924s][info][gc,heap        ] GC(2422) PSYoungGen: 288768K(288768K)->64K(293888K) Eden: 269312K(269312K)->0K(269312K) From: 19456K(19456K)->64K(24576K)
[850.924s][info][gc,heap        ] GC(2422) ParOldGen: 146132K(175104K)->146236K(175104K)
[850.924s][info][gc,metaspace   ] GC(2422) Metaspace: 35610K(36352K)->35610K(36352K) NonClass: 29339K(29888K)->29339K(29888K) Class: 6271K(6464K)->6271K(6464K)
[850.924s][info][gc             ] GC(2422) Pause Young (Allocation Failure) 424M->142M(458M) 1.746ms
[850.924s][info][gc,cpu         ] GC(2422) User=0.01s Sys=0.00s Real=0.00s
[851.467s][info][gc,start       ] GC(2423) Pause Young (Allocation Failure)
[851.468s][info][gc,heap        ] GC(2423) PSYoungGen: 269376K(293888K)->64K(306688K) Eden: 269312K(269312K)->0K(285184K) From: 64K(24576K)->64K(21504K)
[851.468s][info][gc,heap        ] GC(2423) ParOldGen: 146236K(175104K)->146244K(175104K)
[851.468s][info][gc,metaspace   ] GC(2423) Metaspace: 35610K(36352K)->35610K(36352K) NonClass: 29339K(29888K)->29339K(29888K) Class: 6271K(6464K)->6271K(6464K)
[851.468s][info][gc             ] GC(2423) Pause Young (Allocation Failure) 405M->142M(470M) 0.975ms
[851.468s][info][gc,cpu         ] GC(2423) User=0.00s Sys=0.00s Real=0.00s
[851.902s][info][gc,start       ] GC(2424) Pause Young (Allocation Failure)
[851.903s][info][gc,heap        ] GC(2424) PSYoungGen: 285248K(306688K)->64K(308224K) Eden: 285184K(285184K)->0K(285184K) From: 64K(21504K)->64K(23040K)
[851.903s][info][gc,heap        ] GC(2424) ParOldGen: 146244K(175104K)->146252K(175104K)
[851.903s][info][gc,metaspace   ] GC(2424) Metaspace: 35610K(36352K)->35610K(36352K) NonClass: 29339K(29888K)->29339K(29888K) Class: 6271K(6464K)->6271K(6464K)
[851.903s][info][gc             ] GC(2424) Pause Young (Allocation Failure) 421M->142M(472M) 0.954ms
[851.903s][info][gc,cpu         ] GC(2424) User=0.00s Sys=0.00s Real=0.00s
[852.283s][info][gc,start       ] GC(2425) Pause Young (Allocation Failure)
[852.284s][info][gc,heap        ] GC(2425) PSYoungGen: 285248K(308224K)->64K(308224K) Eden: 285184K(285184K)->0K(288256K) From: 64K(23040K)->64K(19968K)
[852.284s][info][gc,heap        ] GC(2425) ParOldGen: 146252K(175104K)->146268K(175104K)
[852.284s][info][gc,metaspace   ] GC(2425) Metaspace: 35610K(36352K)->35610K(36352K) NonClass: 29339K(29888K)->29339K(29888K) Class: 6271K(6464K)->6271K(6464K)
[852.284s][info][gc             ] GC(2425) Pause Young (Allocation Failure) 421M->142M(472M) 1.051ms
[852.284s][info][gc,cpu         ] GC(2425) User=0.01s Sys=0.00s Real=0.00s
[852.469s][info][gc,start       ] GC(2426) Pause Young (Allocation Failure)
[852.470s][info][gc,heap        ] GC(2426) PSYoungGen: 288320K(308224K)->64K(309760K) Eden: 288256K(288256K)->0K(288256K) From: 64K(19968K)->64K(21504K)
[852.470s][info][gc,heap        ] GC(2426) ParOldGen: 146268K(175104K)->146284K(175104K)
[852.470s][info][gc,metaspace   ] GC(2426) Metaspace: 35610K(36352K)->35610K(36352K) NonClass: 29339K(29888K)->29339K(29888K) Class: 6271K(6464K)->6271K(6464K)
[852.470s][info][gc             ] GC(2426) Pause Young (Allocation Failure) 424M->142M(473M) 0.943ms
[852.470s][info][gc,cpu         ] GC(2426) User=0.00s Sys=0.00s Real=0.00s
[852.652s][info][gc,start       ] GC(2427) Pause Young (Allocation Failure)
[852.653s][info][gc,heap        ] GC(2427) PSYoungGen: 288320K(309760K)->64K(309760K) Eden: 288256K(288256K)->0K(291840K) From: 64K(21504K)->64K(17920K)
[852.653s][info][gc,heap        ] GC(2427) ParOldGen: 146284K(175104K)->146284K(175104K)
[852.653s][info][gc,metaspace   ] GC(2427) Metaspace: 35610K(36352K)->35610K(36352K) NonClass: 29339K(29888K)->29339K(29888K) Class: 6271K(6464K)->6271K(6464K)
[852.653s][info][gc             ] GC(2427) Pause Young (Allocation Failure) 424M->142M(473M) 0.929ms
[852.653s][info][gc,cpu         ] GC(2427) User=0.00s Sys=0.00s Real=0.00s
[852.983s][info][gc,start       ] GC(2428) Pause Young (Allocation Failure)
[852.984s][info][gc,heap        ] GC(2428) PSYoungGen: 291904K(309760K)->64K(311296K) Eden: 291840K(291840K)->0K(291840K) From: 64K(17920K)->64K(19456K)
[852.984s][info][gc,heap        ] GC(2428) ParOldGen: 146284K(175104K)->146284K(175104K)
[852.984s][info][gc,metaspace   ] GC(2428) Metaspace: 35610K(36352K)->35610K(36352K) NonClass: 29339K(29888K)->29339K(29888K) Class: 6271K(6464K)->6271K(6464K)
[852.984s][info][gc             ] GC(2428) Pause Young (Allocation Failure) 427M->142M(475M) 0.947ms
[852.984s][info][gc,cpu         ] GC(2428) User=0.01s Sys=0.00s Real=0.00s
[853.037s][info][gc,start       ] GC(2429) Pause Young (Allocation Failure)
[853.038s][info][gc,heap        ] GC(2429) PSYoungGen: 291904K(311296K)->64K(311808K) Eden: 291840K(291840K)->0K(295936K) From: 64K(19456K)->64K(15872K)
[853.038s][info][gc,heap        ] GC(2429) ParOldGen: 146284K(175104K)->146300K(175104K)
[853.038s][info][gc,metaspace   ] GC(2429) Metaspace: 35610K(36352K)->35610K(36352K) NonClass: 29339K(29888K)->29339K(29888K) Class: 6271K(6464K)->6271K(6464K)
[853.038s][info][gc             ] GC(2429) Pause Young (Allocation Failure) 427M->142M(475M) 0.911ms
[853.038s][info][gc,cpu         ] GC(2429) User=0.00s Sys=0.00s Real=0.00s
[853.094s][info][gc,start       ] GC(2430) Pause Young (Allocation Failure)
[853.095s][info][gc,heap        ] GC(2430) PSYoungGen: 296000K(311808K)->64K(313344K) Eden: 295936K(295936K)->0K(295936K) From: 64K(15872K)->64K(17408K)
[853.095s][info][gc,heap        ] GC(2430) ParOldGen: 146300K(175104K)->146300K(175104K)
[853.095s][info][gc,metaspace   ] GC(2430) Metaspace: 35610K(36352K)->35610K(36352K) NonClass: 29339K(29888K)->29339K(29888K) Class: 6271K(6464K)->6271K(6464K)
[853.095s][info][gc             ] GC(2430) Pause Young (Allocation Failure) 431M->142M(477M) 0.884ms
[853.095s][info][gc,cpu         ] GC(2430) User=0.00s Sys=0.00s Real=0.01s
[853.299s][info][gc,start       ] GC(2431) Pause Young (Allocation Failure)
[853.300s][info][gc,heap        ] GC(2431) PSYoungGen: 296000K(313344K)->64K(314880K) Eden: 295936K(295936K)->0K(300032K) From: 64K(17408K)->64K(14848K)
[853.300s][info][gc,heap        ] GC(2431) ParOldGen: 146300K(175104K)->146300K(175104K)
[853.300s][info][gc,metaspace   ] GC(2431) Metaspace: 35610K(36352K)->35610K(36352K) NonClass: 29339K(29888K)->29339K(29888K) Class: 6271K(6464K)->6271K(6464K)
[853.300s][info][gc             ] GC(2431) Pause Young (Allocation Failure) 431M->142M(478M) 0.902ms
[853.300s][info][gc,cpu         ] GC(2431) User=0.00s Sys=0.00s Real=0.00s
[853.527s][info][gc,start       ] GC(2432) Pause Young (Allocation Failure)
[853.528s][info][gc,heap        ] GC(2432) PSYoungGen: 300096K(314880K)->64K(315904K) Eden: 300032K(300032K)->0K(300032K) From: 64K(14848K)->64K(15872K)
[853.528s][info][gc,heap        ] GC(2432) ParOldGen: 146300K(175104K)->146308K(175104K)
[853.528s][info][gc,metaspace   ] GC(2432) Metaspace: 35610K(36352K)->35610K(36352K) NonClass: 29339K(29888K)->29339K(29888K) Class: 6271K(6464K)->6271K(6464K)
[853.528s][info][gc             ] GC(2432) Pause Young (Allocation Failure) 435M->142M(479M) 1.038ms
[853.528s][info][gc,cpu         ] GC(2432) User=0.00s Sys=0.00s Real=0.00s
[853.642s][info][gc,start       ] GC(2433) Pause Young (Allocation Failure)
[853.644s][info][gc,heap        ] GC(2433) PSYoungGen: 300096K(315904K)->64K(315904K) Eden: 300032K(300032K)->0K(303104K) From: 64K(15872K)->64K(12800K)
[853.644s][info][gc,heap        ] GC(2433) ParOldGen: 146308K(175104K)->146324K(175104K)
[853.644s][info][gc,metaspace   ] GC(2433) Metaspace: 35610K(36352K)->35610K(36352K) NonClass: 29339K(29888K)->29339K(29888K) Class: 6271K(6464K)->6271K(6464K)
[853.644s][info][gc             ] GC(2433) Pause Young (Allocation Failure) 435M->142M(479M) 1.605ms
[853.644s][info][gc,cpu         ] GC(2433) User=0.00s Sys=0.00s Real=0.00s
[853.745s][info][gc,start       ] GC(2434) Pause Young (Allocation Failure)
[853.746s][info][gc,heap        ] GC(2434) PSYoungGen: 303168K(315904K)->64K(316928K) Eden: 303104K(303104K)->0K(303104K) From: 64K(12800K)->64K(13824K)
[853.746s][info][gc,heap        ] GC(2434) ParOldGen: 146324K(175104K)->146332K(175104K)
[853.746s][info][gc,metaspace   ] GC(2434) Metaspace: 35610K(36352K)->35610K(36352K) NonClass: 29339K(29888K)->29339K(29888K) Class: 6271K(6464K)->6271K(6464K)
[853.746s][info][gc             ] GC(2434) Pause Young (Allocation Failure) 438M->142M(480M) 1.528ms
[853.746s][info][gc,cpu         ] GC(2434) User=0.01s Sys=0.00s Real=0.00s
[853.937s][info][gc,start       ] GC(2435) Pause Young (Allocation Failure)
[853.938s][info][gc,heap        ] GC(2435) PSYoungGen: 303168K(316928K)->32K(318976K) Eden: 303104K(303104K)->0K(307200K) From: 64K(13824K)->32K(11776K)
[853.938s][info][gc,heap        ] GC(2435) ParOldGen: 146332K(175104K)->146340K(175104K)
[853.938s][info][gc,metaspace   ] GC(2435) Metaspace: 35610K(36352K)->35610K(36352K) NonClass: 29339K(29888K)->29339K(29888K) Class: 6271K(6464K)->6271K(6464K)
[853.938s][info][gc             ] GC(2435) Pause Young (Allocation Failure) 438M->142M(482M) 1.396ms
[853.938s][info][gc,cpu         ] GC(2435) User=0.01s Sys=0.00s Real=0.00s
[854.808s][info][gc,start       ] GC(2436) Pause Young (Allocation Failure)
[854.809s][info][gc,heap        ] GC(2436) PSYoungGen: 307232K(318976K)->83K(295424K) Eden: 307200K(307200K)->0K(294912K) From: 32K(11776K)->83K(512K)
[854.809s][info][gc,heap        ] GC(2436) ParOldGen: 146340K(175104K)->146348K(175104K)
[854.809s][info][gc,metaspace   ] GC(2436) Metaspace: 35610K(36352K)->35610K(36352K) NonClass: 29339K(29888K)->29339K(29888K) Class: 6271K(6464K)->6271K(6464K)
[854.809s][info][gc             ] GC(2436) Pause Young (Allocation Failure) 442M->143M(459M) 1.540ms
[854.810s][info][gc,cpu         ] GC(2436) User=0.00s Sys=0.00s Real=0.00s
[855.652s][info][gc,start       ] GC(2437) Pause Young (Allocation Failure)
[855.654s][info][gc,heap        ] GC(2437) PSYoungGen: 294995K(295424K)->64K(283648K) Eden: 294912K(294912K)->0K(283136K) From: 83K(512K)->64K(512K)
[855.654s][info][gc,heap        ] GC(2437) ParOldGen: 146348K(175104K)->146356K(175104K)
[855.654s][info][gc,metaspace   ] GC(2437) Metaspace: 35610K(36352K)->35610K(36352K) NonClass: 29339K(29888K)->29339K(29888K) Class: 6271K(6464K)->6271K(6464K)
[855.654s][info][gc             ] GC(2437) Pause Young (Allocation Failure) 431M->142M(448M) 1.832ms
[855.654s][info][gc,cpu         ] GC(2437) User=0.00s Sys=0.00s Real=0.00s
[856.008s][info][gc,start       ] GC(2438) Pause Young (Allocation Failure)
[856.010s][info][gc,heap        ] GC(2438) PSYoungGen: 283200K(283648K)->64K(282624K) Eden: 283136K(283136K)->0K(271872K) From: 64K(512K)->64K(10752K)
[856.010s][info][gc,heap        ] GC(2438) ParOldGen: 146356K(175104K)->146372K(175104K)
[856.010s][info][gc,metaspace   ] GC(2438) Metaspace: 35610K(36352K)->35610K(36352K) NonClass: 29339K(29888K)->29339K(29888K) Class: 6271K(6464K)->6271K(6464K)
[856.010s][info][gc             ] GC(2438) Pause Young (Allocation Failure) 419M->143M(447M) 1.429ms
[856.010s][info][gc,cpu         ] GC(2438) User=0.01s Sys=0.00s Real=0.00s
[856.347s][info][gc,start       ] GC(2439) Pause Young (Allocation Failure)
[856.349s][info][gc,heap        ] GC(2439) PSYoungGen: 271936K(282624K)->32K(261632K) Eden: 271872K(271872K)->0K(261120K) From: 64K(10752K)->32K(512K)
[856.349s][info][gc,heap        ] GC(2439) ParOldGen: 146372K(175104K)->146380K(175104K)
[856.349s][info][gc,metaspace   ] GC(2439) Metaspace: 35610K(36352K)->35610K(36352K) NonClass: 29339K(29888K)->29339K(29888K) Class: 6271K(6464K)->6271K(6464K)
[856.349s][info][gc             ] GC(2439) Pause Young (Allocation Failure) 408M->142M(426M) 2.077ms
[856.349s][info][gc,cpu         ] GC(2439) User=0.00s Sys=0.00s Real=0.00s
[857.233s][info][gc,start       ] GC(2440) Pause Young (Allocation Failure)
[857.235s][info][gc,heap        ] GC(2440) PSYoungGen: 261152K(261632K)->64K(260096K) Eden: 261120K(261120K)->0K(250880K) From: 32K(512K)->64K(9216K)
[857.235s][info][gc,heap        ] GC(2440) ParOldGen: 146380K(175104K)->146388K(175104K)
[857.235s][info][gc,metaspace   ] GC(2440) Metaspace: 35610K(36352K)->35610K(36352K) NonClass: 29339K(29888K)->29339K(29888K) Class: 6271K(6464K)->6271K(6464K)
[857.235s][info][gc             ] GC(2440) Pause Young (Allocation Failure) 397M->143M(425M) 1.463ms
[857.235s][info][gc,cpu         ] GC(2440) User=0.00s Sys=0.00s Real=0.01s
[857.552s][info][gc,start       ] GC(2441) Pause Young (Allocation Failure)
[857.554s][info][gc,heap        ] GC(2441) PSYoungGen: 250944K(260096K)->64K(241664K) Eden: 250880K(250880K)->0K(241152K) From: 64K(9216K)->64K(512K)
[857.554s][info][gc,heap        ] GC(2441) ParOldGen: 146388K(175104K)->146404K(175104K)
[857.554s][info][gc,metaspace   ] GC(2441) Metaspace: 35610K(36352K)->35610K(36352K) NonClass: 29339K(29888K)->29339K(29888K) Class: 6271K(6464K)->6271K(6464K)
[857.554s][info][gc             ] GC(2441) Pause Young (Allocation Failure) 388M->143M(407M) 2.367ms
[857.554s][info][gc,cpu         ] GC(2441) User=0.00s Sys=0.00s Real=0.00s
[857.680s][info][gc,start       ] GC(2442) Pause Young (Allocation Failure)
[857.682s][info][gc,heap        ] GC(2442) PSYoungGen: 241216K(241664K)->64K(240128K) Eden: 241152K(241152K)->0K(231936K) From: 64K(512K)->64K(8192K)
[857.682s][info][gc,heap        ] GC(2442) ParOldGen: 146404K(175104K)->146420K(175104K)
[857.682s][info][gc,metaspace   ] GC(2442) Metaspace: 35610K(36352K)->35610K(36352K) NonClass: 29339K(29888K)->29339K(29888K) Class: 6271K(6464K)->6271K(6464K)
[857.682s][info][gc             ] GC(2442) Pause Young (Allocation Failure) 378M->143M(405M) 1.466ms
[857.682s][info][gc,cpu         ] GC(2442) User=0.01s Sys=0.00s Real=0.00s
[857.920s][info][gc,start       ] GC(2443) Pause Young (Allocation Failure)
[857.922s][info][gc,heap        ] GC(2443) PSYoungGen: 232000K(240128K)->64K(223744K) Eden: 231936K(231936K)->0K(223232K) From: 64K(8192K)->64K(512K)
[857.922s][info][gc,heap        ] GC(2443) ParOldGen: 146420K(175104K)->146436K(175104K)
[857.922s][info][gc,metaspace   ] GC(2443) Metaspace: 35610K(36352K)->35610K(36352K) NonClass: 29339K(29888K)->29339K(29888K) Class: 6271K(6464K)->6271K(6464K)
[857.922s][info][gc             ] GC(2443) Pause Young (Allocation Failure) 369M->143M(389M) 2.215ms
[857.922s][info][gc,cpu         ] GC(2443) User=0.00s Sys=0.00s Real=0.00s
[858.373s][info][gc,start       ] GC(2444) Pause Young (Allocation Failure)
[858.375s][info][gc,heap        ] GC(2444) PSYoungGen: 223296K(223744K)->64K(222208K) Eden: 223232K(223232K)->0K(215040K) From: 64K(512K)->64K(7168K)
[858.375s][info][gc,heap        ] GC(2444) ParOldGen: 146436K(175104K)->146452K(175104K)
[858.375s][info][gc,metaspace   ] GC(2444) Metaspace: 35610K(36352K)->35610K(36352K) NonClass: 29339K(29888K)->29339K(29888K) Class: 6271K(6464K)->6271K(6464K)
[858.375s][info][gc             ] GC(2444) Pause Young (Allocation Failure) 361M->143M(388M) 1.517ms
[858.375s][info][gc,cpu         ] GC(2444) User=0.00s Sys=0.00s Real=0.01s
[858.575s][info][gc,start       ] GC(2445) Pause Young (Allocation Failure)
[858.577s][info][gc,heap        ] GC(2445) PSYoungGen: 215104K(222208K)->64K(207872K) Eden: 215040K(215040K)->0K(207360K) From: 64K(7168K)->64K(512K)
[858.577s][info][gc,heap        ] GC(2445) ParOldGen: 146452K(175104K)->146468K(175104K)
[858.577s][info][gc,metaspace   ] GC(2445) Metaspace: 35610K(36352K)->35610K(36352K) NonClass: 29339K(29888K)->29339K(29888K) Class: 6271K(6464K)->6271K(6464K)
[858.577s][info][gc             ] GC(2445) Pause Young (Allocation Failure) 353M->143M(374M) 2.192ms
[858.577s][info][gc,cpu         ] GC(2445) User=0.01s Sys=0.00s Real=0.00s
[858.826s][info][gc,start       ] GC(2446) Pause Young (Allocation Failure)
[858.857s][info][gc,heap        ] GC(2446) PSYoungGen: 207424K(207872K)->6144K(253952K) Eden: 207360K(207360K)->0K(247808K) From: 64K(512K)->6144K(6144K)
[858.857s][info][gc,heap        ] GC(2446) ParOldGen: 146468K(175104K)->157356K(175104K)
[858.857s][info][gc,metaspace   ] GC(2446) Metaspace: 35610K(36352K)->35610K(36352K) NonClass: 29339K(29888K)->29339K(29888K) Class: 6271K(6464K)->6271K(6464K)
[858.857s][info][gc             ] GC(2446) Pause Young (Allocation Failure) 345M->159M(419M) 31.903ms
[858.857s][info][gc,cpu         ] GC(2446) User=0.06s Sys=0.00s Real=0.03s
[859.112s][info][gc,start       ] GC(2447) Pause Young (Allocation Failure)
[859.159s][info][gc,heap        ] GC(2447) PSYoungGen: 253952K(253952K)->6144K(259072K) Eden: 247808K(247808K)->0K(252928K) From: 6144K(6144K)->6144K(6144K)
[859.159s][info][gc,heap        ] GC(2447) ParOldGen: 157356K(175104K)->177868K(178176K)
[859.159s][info][gc,metaspace   ] GC(2447) Metaspace: 35610K(36352K)->35610K(36352K) NonClass: 29339K(29888K)->29339K(29888K) Class: 6271K(6464K)->6271K(6464K)
[859.159s][info][gc             ] GC(2447) Pause Young (Allocation Failure) 401M->179M(427M) 46.806ms
[859.159s][info][gc,cpu         ] GC(2447) User=0.09s Sys=0.00s Real=0.05s
[859.412s][info][gc,start       ] GC(2448) Pause Young (Allocation Failure)
[859.461s][info][gc,heap        ] GC(2448) PSYoungGen: 259072K(259072K)->19968K(272896K) Eden: 252928K(252928K)->0K(252928K) From: 6144K(6144K)->19968K(19968K)
[859.461s][info][gc,heap        ] GC(2448) ParOldGen: 177868K(178176K)->184340K(184832K)
[859.461s][info][gc,metaspace   ] GC(2448) Metaspace: 35610K(36352K)->35610K(36352K) NonClass: 29339K(29888K)->29339K(29888K) Class: 6271K(6464K)->6271K(6464K)
[859.461s][info][gc             ] GC(2448) Pause Young (Allocation Failure) 426M->199M(447M) 48.101ms
[859.461s][info][gc,cpu         ] GC(2448) User=0.09s Sys=0.00s Real=0.05s
[859.528s][info][gc,start       ] GC(2449) Pause Young (Allocation Failure)
[859.530s][info][gc,heap        ] GC(2449) PSYoungGen: 272896K(272896K)->64K(308224K) Eden: 252928K(252928K)->0K(282112K) From: 19968K(19968K)->64K(26112K)
[859.530s][info][gc,heap        ] GC(2449) ParOldGen: 184340K(184832K)->184564K(184832K)
[859.530s][info][gc,metaspace   ] GC(2449) Metaspace: 35610K(36352K)->35610K(36352K) NonClass: 29339K(29888K)->29339K(29888K) Class: 6271K(6464K)->6271K(6464K)
[859.530s][info][gc             ] GC(2449) Pause Young (Allocation Failure) 446M->180M(481M) 2.763ms
[859.530s][info][gc,cpu         ] GC(2449) User=0.01s Sys=0.00s Real=0.00s
[860.062s][info][gc,start       ] GC(2450) Pause Young (Allocation Failure)
[860.063s][info][gc,heap        ] GC(2450) PSYoungGen: 282176K(308224K)->64K(282624K) Eden: 282112K(282112K)->0K(282112K) From: 64K(26112K)->64K(512K)
[860.063s][info][gc,heap        ] GC(2450) ParOldGen: 184564K(184832K)->184572K(184832K)
[860.063s][info][gc,metaspace   ] GC(2450) Metaspace: 35610K(36352K)->35610K(36352K) NonClass: 29339K(29888K)->29339K(29888K) Class: 6271K(6464K)->6271K(6464K)
[860.063s][info][gc             ] GC(2450) Pause Young (Allocation Failure) 455M->180M(456M) 1.144ms
[860.063s][info][gc,cpu         ] GC(2450) User=0.00s Sys=0.00s Real=0.00s
[860.498s][info][gc,start       ] GC(2451) Pause Young (Allocation Failure)
[860.499s][info][gc,heap        ] GC(2451) PSYoungGen: 282176K(282624K)->64K(307712K) Eden: 282112K(282112K)->0K(283136K) From: 64K(512K)->64K(24576K)
[860.499s][info][gc,heap        ] GC(2451) ParOldGen: 184572K(184832K)->184580K(184832K)
[860.499s][info][gc,metaspace   ] GC(2451) Metaspace: 35610K(36352K)->35610K(36352K) NonClass: 29339K(29888K)->29339K(29888K) Class: 6271K(6464K)->6271K(6464K)
[860.499s][info][gc             ] GC(2451) Pause Young (Allocation Failure) 455M->180M(481M) 1.013ms
[860.499s][info][gc,cpu         ] GC(2451) User=0.00s Sys=0.00s Real=0.00s
[860.871s][info][gc,start       ] GC(2452) Pause Young (Allocation Failure)
[860.872s][info][gc,heap        ] GC(2452) PSYoungGen: 283200K(307712K)->64K(306688K) Eden: 283136K(283136K)->0K(283136K) From: 64K(24576K)->64K(23552K)
[860.872s][info][gc,heap        ] GC(2452) ParOldGen: 184580K(184832K)->184596K(184832K)
[860.872s][info][gc,metaspace   ] GC(2452) Metaspace: 35610K(36352K)->35610K(36352K) NonClass: 29339K(29888K)->29339K(29888K) Class: 6271K(6464K)->6271K(6464K)
[860.872s][info][gc             ] GC(2452) Pause Young (Allocation Failure) 456M->180M(480M) 1.075ms
[860.872s][info][gc,cpu         ] GC(2452) User=0.01s Sys=0.00s Real=0.00s
[861.050s][info][gc,start       ] GC(2453) Pause Young (Allocation Failure)
[861.051s][info][gc,heap        ] GC(2453) PSYoungGen: 283200K(306688K)->64K(309248K) Eden: 283136K(283136K)->0K(286720K) From: 64K(23552K)->64K(22528K)
[861.051s][info][gc,heap        ] GC(2453) ParOldGen: 184596K(184832K)->184612K(184832K)
[861.051s][info][gc,metaspace   ] GC(2453) Metaspace: 35610K(36352K)->35610K(36352K) NonClass: 29339K(29888K)->29339K(29888K) Class: 6271K(6464K)->6271K(6464K)
[861.051s][info][gc             ] GC(2453) Pause Young (Allocation Failure) 456M->180M(482M) 1.141ms
[861.051s][info][gc,cpu         ] GC(2453) User=0.00s Sys=0.00s Real=0.00s
[861.238s][info][gc,start       ] GC(2454) Pause Young (Allocation Failure)
[861.239s][info][gc,heap        ] GC(2454) PSYoungGen: 286784K(309248K)->64K(308224K) Eden: 286720K(286720K)->0K(286720K) From: 64K(22528K)->64K(21504K)
[861.239s][info][gc,heap        ] GC(2454) ParOldGen: 184612K(184832K)->184612K(184832K)
[861.239s][info][gc,metaspace   ] GC(2454) Metaspace: 35610K(36352K)->35610K(36352K) NonClass: 29339K(29888K)->29339K(29888K) Class: 6271K(6464K)->6271K(6464K)
[861.239s][info][gc             ] GC(2454) Pause Young (Allocation Failure) 460M->180M(481M) 1.289ms
[861.239s][info][gc,cpu         ] GC(2454) User=0.00s Sys=0.00s Real=0.00s
[861.560s][info][gc,start       ] GC(2455) Pause Young (Allocation Failure)
[861.561s][info][gc,heap        ] GC(2455) PSYoungGen: 286784K(308224K)->64K(311296K) Eden: 286720K(286720K)->0K(290816K) From: 64K(21504K)->64K(20480K)
[861.561s][info][gc,heap        ] GC(2455) ParOldGen: 184612K(184832K)->184612K(184832K)
[861.561s][info][gc,metaspace   ] GC(2455) Metaspace: 35610K(36352K)->35610K(36352K) NonClass: 29339K(29888K)->29339K(29888K) Class: 6271K(6464K)->6271K(6464K)
[861.561s][info][gc             ] GC(2455) Pause Young (Allocation Failure) 460M->180M(484M) 1.094ms
[861.561s][info][gc,cpu         ] GC(2455) User=0.01s Sys=0.00s Real=0.00s
[861.630s][info][gc,start       ] GC(2456) Pause Young (Allocation Failure)
[861.631s][info][gc,heap        ] GC(2456) PSYoungGen: 290880K(311296K)->64K(310272K) Eden: 290816K(290816K)->0K(290816K) From: 64K(20480K)->64K(19456K)
[861.631s][info][gc,heap        ] GC(2456) ParOldGen: 184612K(184832K)->184620K(184832K)
[861.631s][info][gc,metaspace   ] GC(2456) Metaspace: 35610K(36352K)->35610K(36352K) NonClass: 29339K(29888K)->29339K(29888K) Class: 6271K(6464K)->6271K(6464K)
[861.631s][info][gc             ] GC(2456) Pause Young (Allocation Failure) 464M->180M(483M) 1.062ms
[861.631s][info][gc,cpu         ] GC(2456) User=0.00s Sys=0.00s Real=0.00s
[861.685s][info][gc,start       ] GC(2457) Pause Young (Allocation Failure)
[861.686s][info][gc,heap        ] GC(2457) PSYoungGen: 290880K(310272K)->64K(313344K) Eden: 290816K(290816K)->0K(294912K) From: 64K(19456K)->64K(18432K)
[861.686s][info][gc,heap        ] GC(2457) ParOldGen: 184620K(184832K)->184636K(184832K)
[861.686s][info][gc,metaspace   ] GC(2457) Metaspace: 35610K(36352K)->35610K(36352K) NonClass: 29339K(29888K)->29339K(29888K) Class: 6271K(6464K)->6271K(6464K)
[861.686s][info][gc             ] GC(2457) Pause Young (Allocation Failure) 464M->180M(486M) 0.936ms
[861.686s][info][gc,cpu         ] GC(2457) User=0.00s Sys=0.00s Real=0.00s
[861.870s][info][gc,start       ] GC(2458) Pause Young (Allocation Failure)
[861.871s][info][gc,heap        ] GC(2458) PSYoungGen: 294976K(313344K)->64K(312320K) Eden: 294912K(294912K)->0K(294912K) From: 64K(18432K)->64K(17408K)
[861.871s][info][gc,heap        ] GC(2458) ParOldGen: 184636K(184832K)->184636K(184832K)
[861.871s][info][gc,metaspace   ] GC(2458) Metaspace: 35610K(36352K)->35610K(36352K) NonClass: 29339K(29888K)->29339K(29888K) Class: 6271K(6464K)->6271K(6464K)
[861.871s][info][gc             ] GC(2458) Pause Young (Allocation Failure) 468M->180M(485M) 0.998ms
[861.871s][info][gc,cpu         ] GC(2458) User=0.00s Sys=0.00s Real=0.00s
[862.096s][info][gc,start       ] GC(2459) Pause Young (Allocation Failure)
[862.097s][info][gc,heap        ] GC(2459) PSYoungGen: 294976K(312320K)->64K(315392K) Eden: 294912K(294912K)->0K(299008K) From: 64K(17408K)->64K(16384K)
[862.097s][info][gc,heap        ] GC(2459) ParOldGen: 184636K(184832K)->184644K(184832K)
[862.097s][info][gc,metaspace   ] GC(2459) Metaspace: 35610K(36352K)->35610K(36352K) NonClass: 29339K(29888K)->29339K(29888K) Class: 6271K(6464K)->6271K(6464K)
[862.097s][info][gc             ] GC(2459) Pause Young (Allocation Failure) 468M->180M(488M) 0.993ms
[862.097s][info][gc,cpu         ] GC(2459) User=0.01s Sys=0.00s Real=0.00s
[862.229s][info][gc,start       ] GC(2460) Pause Young (Allocation Failure)
[862.230s][info][gc,heap        ] GC(2460) PSYoungGen: 299072K(315392K)->64K(314368K) Eden: 299008K(299008K)->0K(299008K) From: 64K(16384K)->64K(15360K)
[862.230s][info][gc,heap        ] GC(2460) ParOldGen: 184644K(184832K)->184652K(184832K)
[862.230s][info][gc,metaspace   ] GC(2460) Metaspace: 35610K(36352K)->35610K(36352K) NonClass: 29339K(29888K)->29339K(29888K) Class: 6271K(6464K)->6271K(6464K)
[862.230s][info][gc             ] GC(2460) Pause Young (Allocation Failure) 472M->180M(487M) 1.048ms
[862.230s][info][gc,cpu         ] GC(2460) User=0.00s Sys=0.00s Real=0.00s
[862.313s][info][gc,start       ] GC(2461) Pause Young (Allocation Failure)
[862.314s][info][gc,heap        ] GC(2461) PSYoungGen: 299072K(314368K)->64K(316928K) Eden: 299008K(299008K)->0K(302592K) From: 64K(15360K)->64K(14336K)
[862.314s][info][gc,heap        ] GC(2461) ParOldGen: 184652K(184832K)->184660K(184832K)
[862.314s][info][gc,metaspace   ] GC(2461) Metaspace: 35610K(36352K)->35610K(36352K) NonClass: 29339K(29888K)->29339K(29888K) Class: 6271K(6464K)->6271K(6464K)
[862.314s][info][gc             ] GC(2461) Pause Young (Allocation Failure) 472M->180M(490M) 1.104ms
[862.314s][info][gc,cpu         ] GC(2461) User=0.00s Sys=0.00s Real=0.00s
[862.491s][info][gc,start       ] GC(2462) Pause Young (Allocation Failure)
[862.493s][info][gc,heap        ] GC(2462) PSYoungGen: 302656K(316928K)->64K(290816K) Eden: 302592K(302592K)->0K(290304K) From: 64K(14336K)->64K(512K)
[862.493s][info][gc,heap        ] GC(2462) ParOldGen: 184660K(184832K)->184668K(184832K)
[862.493s][info][gc,metaspace   ] GC(2462) Metaspace: 35610K(36352K)->35610K(36352K) NonClass: 29339K(29888K)->29339K(29888K) Class: 6271K(6464K)->6271K(6464K)
[862.493s][info][gc             ] GC(2462) Pause Young (Allocation Failure) 475M->180M(464M) 1.100ms
[862.493s][info][gc,cpu         ] GC(2462) User=0.00s Sys=0.00s Real=0.00s
[863.385s][info][gc,start       ] GC(2463) Pause Young (Allocation Failure)
[863.386s][info][gc,heap        ] GC(2463) PSYoungGen: 290368K(290816K)->83K(279552K) Eden: 290304K(290304K)->0K(279040K) From: 64K(512K)->83K(512K)
[863.386s][info][gc,heap        ] GC(2463) ParOldGen: 184668K(184832K)->184676K(184832K)
[863.386s][info][gc,metaspace   ] GC(2463) Metaspace: 35610K(36352K)->35610K(36352K) NonClass: 29339K(29888K)->29339K(29888K) Class: 6271K(6464K)->6271K(6464K)
[863.386s][info][gc             ] GC(2463) Pause Young (Allocation Failure) 463M->180M(453M) 1.108ms
[863.386s][info][gc,cpu         ] GC(2463) User=0.00s Sys=0.00s Real=0.00s
[864.202s][info][gc,start       ] GC(2464) Pause Young (Allocation Failure)
[864.203s][info][gc,heap        ] GC(2464) PSYoungGen: 279123K(279552K)->64K(280064K) Eden: 279040K(279040K)->0K(268288K) From: 83K(512K)->64K(11776K)
[864.203s][info][gc,heap        ] GC(2464) ParOldGen: 184676K(184832K)->184684K(184832K)
[864.203s][info][gc,metaspace   ] GC(2464) Metaspace: 35610K(36352K)->35610K(36352K) NonClass: 29339K(29888K)->29339K(29888K) Class: 6271K(6464K)->6271K(6464K)
[864.203s][info][gc             ] GC(2464) Pause Young (Allocation Failure) 452M->180M(454M) 0.968ms
[864.203s][info][gc,cpu         ] GC(2464) User=0.00s Sys=0.00s Real=0.00s
[864.406s][info][gc,start       ] GC(2465) Pause Young (Allocation Failure)
[864.407s][info][gc,heap        ] GC(2465) PSYoungGen: 268352K(280064K)->64K(258560K) Eden: 268288K(268288K)->0K(258048K) From: 64K(11776K)->64K(512K)
[864.407s][info][gc,heap        ] GC(2465) ParOldGen: 184684K(184832K)->184692K(184832K)
[864.407s][info][gc,metaspace   ] GC(2465) Metaspace: 35610K(36352K)->35610K(36352K) NonClass: 29339K(29888K)->29339K(29888K) Class: 6271K(6464K)->6271K(6464K)
[864.408s][info][gc             ] GC(2465) Pause Young (Allocation Failure) 442M->180M(433M) 1.448ms
[864.408s][info][gc,cpu         ] GC(2465) User=0.00s Sys=0.01s Real=0.00s
[864.790s][info][gc,start       ] GC(2466) Pause Young (Allocation Failure)
[864.791s][info][gc,heap        ] GC(2466) PSYoungGen: 258112K(258560K)->64K(258560K) Eden: 258048K(258048K)->0K(248320K) From: 64K(512K)->64K(10240K)
[864.791s][info][gc,heap        ] GC(2466) ParOldGen: 184692K(184832K)->184700K(184832K)
[864.791s][info][gc,metaspace   ] GC(2466) Metaspace: 35610K(36352K)->35610K(36352K) NonClass: 29339K(29888K)->29339K(29888K) Class: 6271K(6464K)->6271K(6464K)
[864.791s][info][gc             ] GC(2466) Pause Young (Allocation Failure) 432M->180M(433M) 0.853ms
[864.791s][info][gc,cpu         ] GC(2466) User=0.01s Sys=0.00s Real=0.00s
[865.705s][info][gc,start       ] GC(2467) Pause Young (Allocation Failure)
[865.707s][info][gc,heap        ] GC(2467) PSYoungGen: 248384K(258560K)->64K(239616K) Eden: 248320K(248320K)->0K(239104K) From: 64K(10240K)->64K(512K)
[865.707s][info][gc,heap        ] GC(2467) ParOldGen: 184700K(184832K)->184708K(184832K)
[865.707s][info][gc,metaspace   ] GC(2467) Metaspace: 35610K(36352K)->35610K(36352K) NonClass: 29339K(29888K)->29339K(29888K) Class: 6271K(6464K)->6271K(6464K)
[865.707s][info][gc             ] GC(2467) Pause Young (Allocation Failure) 422M->180M(414M) 1.688ms
[865.707s][info][gc,cpu         ] GC(2467) User=0.00s Sys=0.00s Real=0.00s
[866.061s][info][gc,start       ] GC(2468) Pause Young (Allocation Failure)
[866.062s][info][gc,heap        ] GC(2468) PSYoungGen: 239168K(239616K)->64K(239104K) Eden: 239104K(239104K)->0K(229888K) From: 64K(512K)->64K(9216K)
[866.062s][info][gc,heap        ] GC(2468) ParOldGen: 184708K(184832K)->184716K(184832K)
[866.062s][info][gc,metaspace   ] GC(2468) Metaspace: 35610K(36352K)->35610K(36352K) NonClass: 29339K(29888K)->29339K(29888K) Class: 6271K(6464K)->6271K(6464K)
[866.062s][info][gc             ] GC(2468) Pause Young (Allocation Failure) 413M->180M(414M) 1.026ms
[866.062s][info][gc,cpu         ] GC(2468) User=0.00s Sys=0.00s Real=0.00s
[866.240s][info][gc,start       ] GC(2469) Pause Young (Allocation Failure)
[866.242s][info][gc,heap        ] GC(2469) PSYoungGen: 229952K(239104K)->64K(221696K) Eden: 229888K(229888K)->0K(221184K) From: 64K(9216K)->64K(512K)
[866.242s][info][gc,heap        ] GC(2469) ParOldGen: 184716K(184832K)->184732K(184832K)
[866.242s][info][gc,metaspace   ] GC(2469) Metaspace: 35610K(36352K)->35610K(36352K) NonClass: 29339K(29888K)->29339K(29888K) Class: 6271K(6464K)->6271K(6464K)
[866.242s][info][gc             ] GC(2469) Pause Young (Allocation Failure) 404M->180M(397M) 2.213ms
[866.242s][info][gc,cpu         ] GC(2469) User=0.00s Sys=0.00s Real=0.00s
[866.295s][info][gc,start       ] GC(2470) Pause Young (Allocation Failure)
[866.296s][info][gc,heap        ] GC(2470) PSYoungGen: 221248K(221696K)->32K(269312K) Eden: 221184K(221184K)->0K(261632K) From: 64K(512K)->32K(7680K)
[866.296s][info][gc,heap        ] GC(2470) ParOldGen: 184732K(184832K)->184748K(184832K)
[866.296s][info][gc,metaspace   ] GC(2470) Metaspace: 35610K(36352K)->35610K(36352K) NonClass: 29339K(29888K)->29339K(29888K) Class: 6271K(6464K)->6271K(6464K)
[866.296s][info][gc             ] GC(2470) Pause Young (Allocation Failure) 396M->180M(443M) 1.586ms
[866.296s][info][gc,cpu         ] GC(2470) User=0.00s Sys=0.00s Real=0.00s
[866.777s][info][gc,start       ] GC(2471) Pause Young (Allocation Failure)
[866.779s][info][gc,heap        ] GC(2471) PSYoungGen: 261664K(269312K)->64K(251904K) Eden: 261632K(261632K)->0K(251392K) From: 32K(7680K)->64K(512K)
[866.779s][info][gc,heap        ] GC(2471) ParOldGen: 184748K(184832K)->184748K(184832K)
[866.779s][info][gc,metaspace   ] GC(2471) Metaspace: 35610K(36352K)->35610K(36352K) NonClass: 29339K(29888K)->29339K(29888K) Class: 6271K(6464K)->6271K(6464K)
[866.779s][info][gc             ] GC(2471) Pause Young (Allocation Failure) 435M->180M(426M) 2.177ms
[866.779s][info][gc,cpu         ] GC(2471) User=0.00s Sys=0.00s Real=0.00s
[867.042s][info][gc,start       ] GC(2472) Pause Young (Allocation Failure)
[867.043s][info][gc,heap        ] GC(2472) PSYoungGen: 251456K(251904K)->64K(248320K) Eden: 251392K(251392K)->0K(241664K) From: 64K(512K)->64K(6656K)
[867.043s][info][gc,heap        ] GC(2472) ParOldGen: 184748K(184832K)->184764K(184832K)
[867.043s][info][gc,metaspace   ] GC(2472) Metaspace: 35610K(36352K)->35610K(36352K) NonClass: 29339K(29888K)->29339K(29888K) Class: 6271K(6464K)->6271K(6464K)
[867.043s][info][gc             ] GC(2472) Pause Young (Allocation Failure) 425M->180M(423M) 1.674ms
[867.043s][info][gc,cpu         ] GC(2472) User=0.01s Sys=0.00s Real=0.00s
[867.350s][info][gc,start       ] GC(2473) Pause Young (Allocation Failure)
[867.373s][info][gc,heap        ] GC(2473) PSYoungGen: 241728K(248320K)->6144K(260608K) Eden: 241664K(241664K)->0K(254464K) From: 64K(6656K)->6144K(6144K)
[867.373s][info][gc,heap        ] GC(2473) ParOldGen: 184764K(184832K)->190596K(190976K)
[867.373s][info][gc,metaspace   ] GC(2473) Metaspace: 35610K(36352K)->35610K(36352K) NonClass: 29339K(29888K)->29339K(29888K) Class: 6271K(6464K)->6271K(6464K)
[867.373s][info][gc             ] GC(2473) Pause Young (Allocation Failure) 416M->192M(441M) 23.443ms
[867.373s][info][gc,cpu         ] GC(2473) User=0.04s Sys=0.00s Real=0.02s
[867.636s][info][gc,start       ] GC(2474) Pause Young (Allocation Failure)
[867.689s][info][gc,heap        ] GC(2474) PSYoungGen: 260608K(260608K)->9728K(264192K) Eden: 254464K(254464K)->0K(254464K) From: 6144K(6144K)->9728K(9728K)
[867.690s][info][gc,heap        ] GC(2474) ParOldGen: 190596K(190976K)->208028K(208384K)
[867.690s][info][gc,metaspace   ] GC(2474) Metaspace: 35610K(36352K)->35610K(36352K) NonClass: 29339K(29888K)->29339K(29888K) Class: 6271K(6464K)->6271K(6464K)
[867.690s][info][gc             ] GC(2474) Pause Young (Allocation Failure) 440M->212M(461M) 53.781ms
[867.690s][info][gc,cpu         ] GC(2474) User=0.10s Sys=0.02s Real=0.05s
[867.957s][info][gc,start       ] GC(2475) Pause Young (Allocation Failure)
[868.018s][info][gc,heap        ] GC(2475) PSYoungGen: 264192K(264192K)->18432K(301056K) Eden: 254464K(254464K)->0K(282624K) From: 9728K(9728K)->18432K(18432K)
[868.018s][info][gc,heap        ] GC(2475) ParOldGen: 208028K(208384K)->217156K(217600K)
[868.018s][info][gc,metaspace   ] GC(2475) Metaspace: 35610K(36352K)->35610K(36352K) NonClass: 29339K(29888K)->29339K(29888K) Class: 6271K(6464K)->6271K(6464K)
[868.018s][info][gc             ] GC(2475) Pause Young (Allocation Failure) 461M->230M(506M) 61.581ms
[868.018s][info][gc,cpu         ] GC(2475) User=0.11s Sys=0.01s Real=0.06s
[868.125s][info][gc,start       ] GC(2476) Pause Young (Allocation Failure)
[868.135s][info][gc,heap        ] GC(2476) PSYoungGen: 301056K(301056K)->3168K(308224K) Eden: 282624K(282624K)->0K(282624K) From: 18432K(18432K)->3168K(25600K)
[868.135s][info][gc,heap        ] GC(2476) ParOldGen: 217156K(217600K)->217476K(217600K)
[868.135s][info][gc,metaspace   ] GC(2476) Metaspace: 35610K(36352K)->35610K(36352K) NonClass: 29339K(29888K)->29339K(29888K) Class: 6271K(6464K)->6271K(6464K)
[868.135s][info][gc             ] GC(2476) Pause Young (Allocation Failure) 506M->215M(513M) 9.468ms
[868.135s][info][gc,cpu         ] GC(2476) User=0.02s Sys=0.00s Real=0.01s
[868.629s][info][gc,start       ] GC(2477) Pause Young (Allocation Failure)
[868.630s][info][gc,heap        ] GC(2477) PSYoungGen: 285792K(308224K)->64K(305152K) Eden: 282624K(282624K)->0K(283648K) From: 3168K(25600K)->64K(21504K)
[868.630s][info][gc,heap        ] GC(2477) ParOldGen: 217476K(217600K)->217484K(217600K)
[868.630s][info][gc,metaspace   ] GC(2477) Metaspace: 35610K(36352K)->35610K(36352K) NonClass: 29339K(29888K)->29339K(29888K) Class: 6271K(6464K)->6271K(6464K)
[868.630s][info][gc             ] GC(2477) Pause Young (Allocation Failure) 491M->212M(510M) 1.207ms
[868.630s][info][gc,cpu         ] GC(2477) User=0.00s Sys=0.00s Real=0.00s
[869.081s][info][gc,start       ] GC(2478) Pause Young (Allocation Failure)
[869.082s][info][gc,heap        ] GC(2478) PSYoungGen: 283712K(305152K)->64K(307200K) Eden: 283648K(283648K)->0K(283648K) From: 64K(21504K)->64K(23552K)
[869.082s][info][gc,heap        ] GC(2478) ParOldGen: 217484K(217600K)->217492K(217600K)
[869.082s][info][gc,metaspace   ] GC(2478) Metaspace: 35610K(36352K)->35610K(36352K) NonClass: 29339K(29888K)->29339K(29888K) Class: 6271K(6464K)->6271K(6464K)
[869.082s][info][gc             ] GC(2478) Pause Young (Allocation Failure) 489M->212M(512M) 0.987ms
[869.082s][info][gc,cpu         ] GC(2478) User=0.00s Sys=0.00s Real=0.00s
[869.463s][info][gc,start       ] GC(2479) Pause Young (Allocation Failure)
[869.464s][info][gc,heap        ] GC(2479) PSYoungGen: 283712K(307200K)->64K(307712K) Eden: 283648K(283648K)->0K(287232K) From: 64K(23552K)->64K(20480K)
[869.464s][info][gc,heap        ] GC(2479) ParOldGen: 217492K(217600K)->217508K(217600K)
[869.464s][info][gc,metaspace   ] GC(2479) Metaspace: 35610K(36352K)->35610K(36352K) NonClass: 29339K(29888K)->29339K(29888K) Class: 6271K(6464K)->6271K(6464K)
[869.464s][info][gc             ] GC(2479) Pause Young (Allocation Failure) 489M->212M(513M) 1.137ms
[869.464s][info][gc,cpu         ] GC(2479) User=0.00s Sys=0.00s Real=0.00s
[869.649s][info][gc,start       ] GC(2480) Pause Young (Allocation Failure)
[869.650s][info][gc,heap        ] GC(2480) PSYoungGen: 287296K(307712K)->64K(309248K) Eden: 287232K(287232K)->0K(287232K) From: 64K(20480K)->64K(22016K)
[869.650s][info][gc,heap        ] GC(2480) ParOldGen: 217508K(217600K)->217524K(217600K)
[869.650s][info][gc,metaspace   ] GC(2480) Metaspace: 35610K(36352K)->35610K(36352K) NonClass: 29339K(29888K)->29339K(29888K) Class: 6271K(6464K)->6271K(6464K)
[869.650s][info][gc             ] GC(2480) Pause Young (Allocation Failure) 492M->212M(514M) 1.162ms
[869.651s][info][gc,cpu         ] GC(2480) User=0.00s Sys=0.00s Real=0.00s
[869.833s][info][gc,start       ] GC(2481) Pause Young (Allocation Failure)
[869.834s][info][gc,heap        ] GC(2481) PSYoungGen: 287296K(309248K)->64K(309248K) Eden: 287232K(287232K)->0K(290816K) From: 64K(22016K)->64K(18432K)
[869.834s][info][gc,heap        ] GC(2481) ParOldGen: 217524K(217600K)->217524K(217600K)
[869.834s][info][gc,metaspace   ] GC(2481) Metaspace: 35610K(36352K)->35610K(36352K) NonClass: 29339K(29888K)->29339K(29888K) Class: 6271K(6464K)->6271K(6464K)
[869.834s][info][gc             ] GC(2481) Pause Young (Allocation Failure) 492M->212M(514M) 1.165ms
[869.834s][info][gc,cpu         ] GC(2481) User=0.00s Sys=0.00s Real=0.00s
[870.159s][info][gc,start       ] GC(2482) Pause Young (Allocation Failure)
[870.160s][info][gc,heap        ] GC(2482) PSYoungGen: 290880K(309248K)->64K(310784K) Eden: 290816K(290816K)->0K(290816K) From: 64K(18432K)->64K(19968K)
[870.160s][info][gc,heap        ] GC(2482) ParOldGen: 217524K(217600K)->217524K(217600K)
[870.160s][info][gc,metaspace   ] GC(2482) Metaspace: 35610K(36352K)->35610K(36352K) NonClass: 29339K(29888K)->29339K(29888K) Class: 6271K(6464K)->6271K(6464K)
[870.160s][info][gc             ] GC(2482) Pause Young (Allocation Failure) 496M->212M(516M) 1.090ms
[870.160s][info][gc,cpu         ] GC(2482) User=0.00s Sys=0.00s Real=0.00s
[870.225s][info][gc,start       ] GC(2483) Pause Young (Allocation Failure)
[870.226s][info][gc,heap        ] GC(2483) PSYoungGen: 290880K(310784K)->64K(311296K) Eden: 290816K(290816K)->0K(294912K) From: 64K(19968K)->64K(16384K)
[870.226s][info][gc,heap        ] GC(2483) ParOldGen: 217524K(217600K)->217532K(217600K)
[870.226s][info][gc,metaspace   ] GC(2483) Metaspace: 35610K(36352K)->35610K(36352K) NonClass: 29339K(29888K)->29339K(29888K) Class: 6271K(6464K)->6271K(6464K)
[870.226s][info][gc             ] GC(2483) Pause Young (Allocation Failure) 496M->212M(516M) 1.066ms
[870.226s][info][gc,cpu         ] GC(2483) User=0.01s Sys=0.00s Real=0.00s
[870.284s][info][gc,start       ] GC(2484) Pause Young (Allocation Failure)
[870.285s][info][gc,heap        ] GC(2484) PSYoungGen: 294976K(311296K)->64K(312832K) Eden: 294912K(294912K)->0K(294912K) From: 64K(16384K)->64K(17920K)
[870.285s][info][gc,heap        ] GC(2484) ParOldGen: 217532K(217600K)->217548K(217600K)
[870.285s][info][gc,metaspace   ] GC(2484) Metaspace: 35610K(36352K)->35610K(36352K) NonClass: 29339K(29888K)->29339K(29888K) Class: 6271K(6464K)->6271K(6464K)
[870.285s][info][gc             ] GC(2484) Pause Young (Allocation Failure) 500M->212M(518M) 1.083ms
[870.285s][info][gc,cpu         ] GC(2484) User=0.00s Sys=0.00s Real=0.01s
[870.468s][info][gc,start       ] GC(2485) Pause Young (Allocation Failure)
[870.469s][info][gc,heap        ] GC(2485) PSYoungGen: 294976K(312832K)->64K(314368K) Eden: 294912K(294912K)->0K(299008K) From: 64K(17920K)->64K(15360K)
[870.469s][info][gc,heap        ] GC(2485) ParOldGen: 217548K(217600K)->217548K(217600K)
[870.469s][info][gc,metaspace   ] GC(2485) Metaspace: 35610K(36352K)->35610K(36352K) NonClass: 29339K(29888K)->29339K(29888K) Class: 6271K(6464K)->6271K(6464K)
[870.469s][info][gc             ] GC(2485) Pause Young (Allocation Failure) 500M->212M(519M) 1.066ms
[870.469s][info][gc,cpu         ] GC(2485) User=0.00s Sys=0.00s Real=0.00s
[870.701s][info][gc,start       ] GC(2486) Pause Young (Allocation Failure)
[870.702s][info][gc,heap        ] GC(2486) PSYoungGen: 299072K(314368K)->64K(315392K) Eden: 299008K(299008K)->0K(299008K) From: 64K(15360K)->64K(16384K)
[870.702s][info][gc,heap        ] GC(2486) ParOldGen: 217548K(217600K)->217556K(217600K)
[870.702s][info][gc,metaspace   ] GC(2486) Metaspace: 35610K(36352K)->35610K(36352K) NonClass: 29339K(29888K)->29339K(29888K) Class: 6271K(6464K)->6271K(6464K)
[870.702s][info][gc             ] GC(2486) Pause Young (Allocation Failure) 504M->212M(520M) 1.123ms
[870.702s][info][gc,cpu         ] GC(2486) User=0.00s Sys=0.00s Real=0.00s
[870.827s][info][gc,start       ] GC(2487) Pause Young (Allocation Failure)
[870.828s][info][gc,heap        ] GC(2487) PSYoungGen: 299072K(315392K)->64K(315392K) Eden: 299008K(299008K)->0K(302080K) From: 64K(16384K)->64K(13312K)
[870.828s][info][gc,heap        ] GC(2487) ParOldGen: 217556K(217600K)->217564K(217600K)
[870.828s][info][gc,metaspace   ] GC(2487) Metaspace: 35610K(36352K)->35610K(36352K) NonClass: 29339K(29888K)->29339K(29888K) Class: 6271K(6464K)->6271K(6464K)
[870.828s][info][gc             ] GC(2487) Pause Young (Allocation Failure) 504M->212M(520M) 1.117ms
[870.828s][info][gc,cpu         ] GC(2487) User=0.00s Sys=0.00s Real=0.00s
[870.918s][info][gc,start       ] GC(2488) Pause Young (Allocation Failure)
[870.919s][info][gc,heap        ] GC(2488) PSYoungGen: 302144K(315392K)->64K(316416K) Eden: 302080K(302080K)->0K(302080K) From: 64K(13312K)->64K(14336K)
[870.919s][info][gc,heap        ] GC(2488) ParOldGen: 217564K(217600K)->217572K(217600K)
[870.919s][info][gc,metaspace   ] GC(2488) Metaspace: 35610K(36352K)->35610K(36352K) NonClass: 29339K(29888K)->29339K(29888K) Class: 6271K(6464K)->6271K(6464K)
[870.919s][info][gc             ] GC(2488) Pause Young (Allocation Failure) 507M->212M(521M) 1.092ms
[870.919s][info][gc,cpu         ] GC(2488) User=0.00s Sys=0.00s Real=0.00s
[871.097s][info][gc,start       ] GC(2489) Pause Young (Allocation Failure)
[871.099s][info][gc,heap        ] GC(2489) PSYoungGen: 302144K(316416K)->64K(290816K) Eden: 302080K(302080K)->0K(290304K) From: 64K(14336K)->64K(512K)
[871.099s][info][gc,heap        ] GC(2489) ParOldGen: 217572K(217600K)->217580K(217600K)
[871.099s][info][gc,metaspace   ] GC(2489) Metaspace: 35610K(36352K)->35610K(36352K) NonClass: 29339K(29888K)->29339K(29888K) Class: 6271K(6464K)->6271K(6464K)
[871.099s][info][gc             ] GC(2489) Pause Young (Allocation Failure) 507M->212M(496M) 1.832ms
[871.099s][info][gc,cpu         ] GC(2489) User=0.00s Sys=0.00s Real=0.00s
[872.003s][info][gc,start       ] GC(2490) Pause Young (Allocation Failure)
[872.004s][info][gc,heap        ] GC(2490) PSYoungGen: 290368K(290816K)->83K(291840K) Eden: 290304K(290304K)->0K(279040K) From: 64K(512K)->83K(12800K)
[872.004s][info][gc,heap        ] GC(2490) ParOldGen: 217580K(217600K)->217588K(217600K)
[872.004s][info][gc,metaspace   ] GC(2490) Metaspace: 35610K(36352K)->35610K(36352K) NonClass: 29339K(29888K)->29339K(29888K) Class: 6271K(6464K)->6271K(6464K)
[872.004s][info][gc             ] GC(2490) Pause Young (Allocation Failure) 496M->212M(497M) 1.055ms
[872.004s][info][gc,cpu         ] GC(2490) User=0.01s Sys=0.00s Real=0.00s
[872.818s][info][gc,start       ] GC(2491) Pause Young (Allocation Failure)
[872.819s][info][gc,heap        ] GC(2491) PSYoungGen: 279123K(291840K)->64K(268800K) Eden: 279040K(279040K)->0K(268288K) From: 83K(12800K)->64K(512K)
[872.819s][info][gc,heap        ] GC(2491) ParOldGen: 217588K(217600K)->217596K(217600K)
[872.819s][info][gc,metaspace   ] GC(2491) Metaspace: 35610K(36352K)->35610K(36352K) NonClass: 29339K(29888K)->29339K(29888K) Class: 6271K(6464K)->6271K(6464K)
[872.819s][info][gc             ] GC(2491) Pause Young (Allocation Failure) 485M->212M(475M) 1.485ms
[872.819s][info][gc,cpu         ] GC(2491) User=0.00s Sys=0.00s Real=0.00s
[873.039s][info][gc,start       ] GC(2492) Pause Young (Allocation Failure)
[873.039s][info][gc,heap        ] GC(2492) PSYoungGen: 268352K(268800K)->64K(269312K) Eden: 268288K(268288K)->0K(258048K) From: 64K(512K)->64K(11264K)
[873.040s][info][gc,heap        ] GC(2492) ParOldGen: 217596K(217600K)->217604K(218112K)
[873.040s][info][gc,metaspace   ] GC(2492) Metaspace: 35610K(36352K)->35610K(36352K) NonClass: 29339K(29888K)->29339K(29888K) Class: 6271K(6464K)->6271K(6464K)
[873.040s][info][gc             ] GC(2492) Pause Young (Allocation Failure) 474M->212M(476M) 0.865ms
[873.040s][info][gc,cpu         ] GC(2492) User=0.00s Sys=0.00s Real=0.00s
[873.423s][info][gc,start       ] GC(2493) Pause Young (Allocation Failure)
[873.425s][info][gc,heap        ] GC(2493) PSYoungGen: 258112K(269312K)->64K(248832K) Eden: 258048K(258048K)->0K(248320K) From: 64K(11264K)->64K(512K)
[873.425s][info][gc,heap        ] GC(2493) ParOldGen: 217604K(218112K)->217612K(218112K)
[873.425s][info][gc,metaspace   ] GC(2493) Metaspace: 35610K(36352K)->35610K(36352K) NonClass: 29339K(29888K)->29339K(29888K) Class: 6271K(6464K)->6271K(6464K)
[873.425s][info][gc             ] GC(2493) Pause Young (Allocation Failure) 464M->212M(456M) 1.279ms
[873.425s][info][gc,cpu         ] GC(2493) User=0.00s Sys=0.00s Real=0.01s
[874.341s][info][gc,start       ] GC(2494) Pause Young (Allocation Failure)
[874.342s][info][gc,heap        ] GC(2494) PSYoungGen: 248384K(248832K)->64K(248832K) Eden: 248320K(248320K)->0K(239104K) From: 64K(512K)->64K(9728K)
[874.342s][info][gc,heap        ] GC(2494) ParOldGen: 217612K(218112K)->217620K(218112K)
[874.342s][info][gc,metaspace   ] GC(2494) Metaspace: 35610K(36352K)->35610K(36352K) NonClass: 29339K(29888K)->29339K(29888K) Class: 6271K(6464K)->6271K(6464K)
[874.342s][info][gc             ] GC(2494) Pause Young (Allocation Failure) 455M->212M(456M) 1.108ms
[874.342s][info][gc,cpu         ] GC(2494) User=0.01s Sys=0.00s Real=0.00s
[874.694s][info][gc,start       ] GC(2495) Pause Young (Allocation Failure)
[874.696s][info][gc,heap        ] GC(2495) PSYoungGen: 239168K(248832K)->64K(230400K) Eden: 239104K(239104K)->0K(229888K) From: 64K(9728K)->64K(512K)
[874.696s][info][gc,heap        ] GC(2495) ParOldGen: 217620K(218112K)->217628K(218112K)
[874.696s][info][gc,metaspace   ] GC(2495) Metaspace: 35610K(36352K)->35610K(36352K) NonClass: 29339K(29888K)->29339K(29888K) Class: 6271K(6464K)->6271K(6464K)
[874.696s][info][gc             ] GC(2495) Pause Young (Allocation Failure) 446M->212M(438M) 2.446ms
[874.696s][info][gc,cpu         ] GC(2495) User=0.00s Sys=0.00s Real=0.01s
[874.867s][info][gc,start       ] GC(2496) Pause Young (Allocation Failure)
[874.869s][info][gc,heap        ] GC(2496) PSYoungGen: 229952K(230400K)->64K(229376K) Eden: 229888K(229888K)->0K(221184K) From: 64K(512K)->64K(8192K)
[874.869s][info][gc,heap        ] GC(2496) ParOldGen: 217628K(218112K)->217636K(218112K)
[874.869s][info][gc,metaspace   ] GC(2496) Metaspace: 35610K(36352K)->35610K(36352K) NonClass: 29339K(29888K)->29339K(29888K) Class: 6271K(6464K)->6271K(6464K)
[874.869s][info][gc             ] GC(2496) Pause Young (Allocation Failure) 437M->212M(437M) 1.914ms
[874.869s][info][gc,cpu         ] GC(2496) User=0.00s Sys=0.00s Real=0.00s
[874.927s][info][gc,start       ] GC(2497) Pause Young (Allocation Failure)
[874.929s][info][gc,heap        ] GC(2497) PSYoungGen: 221248K(229376K)->64K(213504K) Eden: 221184K(221184K)->0K(212992K) From: 64K(8192K)->64K(512K)
[874.929s][info][gc,heap        ] GC(2497) ParOldGen: 217636K(218112K)->217644K(218112K)
[874.929s][info][gc,metaspace   ] GC(2497) Metaspace: 35610K(36352K)->35610K(36352K) NonClass: 29339K(29888K)->29339K(29888K) Class: 6271K(6464K)->6271K(6464K)
[874.929s][info][gc             ] GC(2497) Pause Young (Allocation Failure) 428M->212M(421M) 1.686ms
[874.929s][info][gc,cpu         ] GC(2497) User=0.00s Sys=0.00s Real=0.00s
[875.306s][info][gc,start       ] GC(2498) Pause Young (Allocation Failure)
[875.307s][info][gc,heap        ] GC(2498) PSYoungGen: 213056K(213504K)->64K(212480K) Eden: 212992K(212992K)->0K(205312K) From: 64K(512K)->64K(7168K)
[875.307s][info][gc,heap        ] GC(2498) ParOldGen: 217644K(218112K)->217652K(218112K)
[875.307s][info][gc,metaspace   ] GC(2498) Metaspace: 35610K(36352K)->35610K(36352K) NonClass: 29339K(29888K)->29339K(29888K) Class: 6271K(6464K)->6271K(6464K)
[875.307s][info][gc             ] GC(2498) Pause Young (Allocation Failure) 420M->212M(420M) 1.096ms
[875.307s][info][gc,cpu         ] GC(2498) User=0.01s Sys=0.00s Real=0.00s
[875.584s][info][gc,start       ] GC(2499) Pause Young (Allocation Failure)
[875.585s][info][gc,heap        ] GC(2499) PSYoungGen: 205376K(212480K)->64K(198656K) Eden: 205312K(205312K)->0K(198144K) From: 64K(7168K)->64K(512K)
[875.586s][info][gc,heap        ] GC(2499) ParOldGen: 217652K(218112K)->217660K(218112K)
[875.586s][info][gc,metaspace   ] GC(2499) Metaspace: 35610K(36352K)->35610K(36352K) NonClass: 29339K(29888K)->29339K(29888K) Class: 6271K(6464K)->6271K(6464K)
[875.586s][info][gc             ] GC(2499) Pause Young (Allocation Failure) 413M->212M(407M) 1.644ms
[875.586s][info][gc,cpu         ] GC(2499) User=0.00s Sys=0.01s Real=0.01s
[875.827s][info][gc,start       ] GC(2500) Pause Young (Allocation Failure)
[875.828s][info][gc,heap        ] GC(2500) PSYoungGen: 198208K(198656K)->64K(197120K) Eden: 198144K(198144K)->0K(190976K) From: 64K(512K)->64K(6144K)
[875.828s][info][gc,heap        ] GC(2500) ParOldGen: 217660K(218112K)->217668K(218112K)
[875.828s][info][gc,metaspace   ] GC(2500) Metaspace: 35610K(36352K)->35610K(36352K) NonClass: 29339K(29888K)->29339K(29888K) Class: 6271K(6464K)->6271K(6464K)
[875.828s][info][gc             ] GC(2500) Pause Young (Allocation Failure) 406M->212M(405M) 1.096ms
[875.828s][info][gc,cpu         ] GC(2500) User=0.00s Sys=0.00s Real=0.00s
[876.036s][info][gc,start       ] GC(2501) Pause Young (Allocation Failure)
[876.073s][info][gc,heap        ] GC(2501) PSYoungGen: 191040K(197120K)->5632K(234496K) Eden: 190976K(190976K)->0K(228864K) From: 64K(6144K)->5632K(5632K)
[876.073s][info][gc,heap        ] GC(2501) ParOldGen: 217668K(218112K)->230892K(230912K)
[876.073s][info][gc,metaspace   ] GC(2501) Metaspace: 35610K(36352K)->35610K(36352K) NonClass: 29339K(29888K)->29339K(29888K) Class: 6271K(6464K)->6271K(6464K)
[876.073s][info][gc             ] GC(2501) Pause Young (Allocation Failure) 399M->230M(454M) 36.878ms
[876.073s][info][gc,cpu         ] GC(2501) User=0.07s Sys=0.00s Real=0.03s
[876.315s][info][gc,start       ] GC(2502) Pause Young (Allocation Failure)
[876.364s][info][gc,heap        ] GC(2502) PSYoungGen: 234496K(234496K)->12288K(264704K) Eden: 228864K(228864K)->0K(252416K) From: 5632K(5632K)->12288K(12288K)
[876.364s][info][gc,heap        ] GC(2502) ParOldGen: 230892K(230912K)->243324K(243712K)
[876.364s][info][gc,metaspace   ] GC(2502) Metaspace: 35610K(36352K)->35610K(36352K) NonClass: 29339K(29888K)->29339K(29888K) Class: 6271K(6464K)->6271K(6464K)
[876.364s][info][gc             ] GC(2502) Pause Young (Allocation Failure) 454M->249M(496M) 48.666ms
[876.364s][info][gc,cpu         ] GC(2502) User=0.08s Sys=0.01s Real=0.04s
[876.647s][info][gc,start       ] GC(2503) Pause Young (Allocation Failure)
[876.702s][info][gc,heap        ] GC(2503) PSYoungGen: 264704K(264704K)->19456K(287232K) Eden: 252416K(252416K)->0K(267776K) From: 12288K(12288K)->19456K(19456K)
[876.702s][info][gc,heap        ] GC(2503) ParOldGen: 243324K(243712K)->250188K(250368K)
[876.702s][info][gc,metaspace   ] GC(2503) Metaspace: 35610K(36352K)->35610K(36352K) NonClass: 29339K(29888K)->29339K(29888K) Class: 6271K(6464K)->6271K(6464K)
[876.702s][info][gc             ] GC(2503) Pause Young (Allocation Failure) 496M->263M(525M) 55.726ms
[876.702s][info][gc,cpu         ] GC(2503) User=0.10s Sys=0.02s Real=0.05s
[876.779s][info][gc,start       ] GC(2504) Pause Young (Allocation Failure)
[876.782s][info][gc,heap        ] GC(2504) PSYoungGen: 287232K(287232K)->64K(293888K) Eden: 267776K(267776K)->0K(267776K) From: 19456K(19456K)->64K(26112K)
[876.782s][info][gc,heap        ] GC(2504) ParOldGen: 250188K(250368K)->250436K(250880K)
[876.782s][info][gc,metaspace   ] GC(2504) Metaspace: 35610K(36352K)->35610K(36352K) NonClass: 29339K(29888K)->29339K(29888K) Class: 6271K(6464K)->6271K(6464K)
[876.782s][info][gc             ] GC(2504) Pause Young (Allocation Failure) 524M->244M(532M) 2.828ms
[876.782s][info][gc,cpu         ] GC(2504) User=0.00s Sys=0.00s Real=0.00s
[877.310s][info][gc,start       ] GC(2505) Pause Young (Allocation Failure)
[877.312s][info][gc,heap        ] GC(2505) PSYoungGen: 267840K(293888K)->64K(305664K) Eden: 267776K(267776K)->0K(282624K) From: 64K(26112K)->64K(23040K)
[877.312s][info][gc,heap        ] GC(2505) ParOldGen: 250436K(250880K)->250452K(250880K)
[877.312s][info][gc,metaspace   ] GC(2505) Metaspace: 35610K(36352K)->35610K(36352K) NonClass: 29339K(29888K)->29339K(29888K) Class: 6271K(6464K)->6271K(6464K)
[877.312s][info][gc             ] GC(2505) Pause Young (Allocation Failure) 506M->244M(543M) 1.365ms
[877.312s][info][gc,cpu         ] GC(2505) User=0.00s Sys=0.00s Real=0.00s
[877.776s][info][gc,start       ] GC(2506) Pause Young (Allocation Failure)
[877.777s][info][gc,heap        ] GC(2506) PSYoungGen: 282688K(305664K)->64K(307200K) Eden: 282624K(282624K)->0K(282624K) From: 64K(23040K)->64K(24576K)
[877.777s][info][gc,heap        ] GC(2506) ParOldGen: 250452K(250880K)->250460K(250880K)
[877.777s][info][gc,metaspace   ] GC(2506) Metaspace: 35610K(36352K)->35610K(36352K) NonClass: 29339K(29888K)->29339K(29888K) Class: 6271K(6464K)->6271K(6464K)
[877.777s][info][gc             ] GC(2506) Pause Young (Allocation Failure) 520M->244M(545M) 1.233ms
[877.777s][info][gc,cpu         ] GC(2506) User=0.00s Sys=0.00s Real=0.00s
[878.164s][info][gc,start       ] GC(2507) Pause Young (Allocation Failure)
[878.165s][info][gc,heap        ] GC(2507) PSYoungGen: 282688K(307200K)->64K(306688K) Eden: 282624K(282624K)->0K(285696K) From: 64K(24576K)->64K(20992K)
[878.165s][info][gc,heap        ] GC(2507) ParOldGen: 250460K(250880K)->250476K(250880K)
[878.165s][info][gc,metaspace   ] GC(2507) Metaspace: 35610K(36352K)->35610K(36352K) NonClass: 29339K(29888K)->29339K(29888K) Class: 6271K(6464K)->6271K(6464K)
[878.165s][info][gc             ] GC(2507) Pause Young (Allocation Failure) 520M->244M(544M) 1.188ms
[878.165s][info][gc,cpu         ] GC(2507) User=0.00s Sys=0.00s Real=0.01s
[878.350s][info][gc,start       ] GC(2508) Pause Young (Allocation Failure)
[878.352s][info][gc,heap        ] GC(2508) PSYoungGen: 285760K(306688K)->64K(308224K) Eden: 285696K(285696K)->0K(285696K) From: 64K(20992K)->64K(22528K)
[878.352s][info][gc,heap        ] GC(2508) ParOldGen: 250476K(250880K)->250492K(250880K)
[878.352s][info][gc,metaspace   ] GC(2508) Metaspace: 35610K(36352K)->35610K(36352K) NonClass: 29339K(29888K)->29339K(29888K) Class: 6271K(6464K)->6271K(6464K)
[878.352s][info][gc             ] GC(2508) Pause Young (Allocation Failure) 523M->244M(546M) 1.178ms
[878.352s][info][gc,cpu         ] GC(2508) User=0.00s Sys=0.00s Real=0.00s
[878.540s][info][gc,start       ] GC(2509) Pause Young (Allocation Failure)
[878.541s][info][gc,heap        ] GC(2509) PSYoungGen: 285760K(308224K)->64K(308736K) Eden: 285696K(285696K)->0K(289792K) From: 64K(22528K)->64K(18944K)
[878.541s][info][gc,heap        ] GC(2509) ParOldGen: 250492K(250880K)->250492K(250880K)
[878.541s][info][gc,metaspace   ] GC(2509) Metaspace: 35610K(36352K)->35610K(36352K) NonClass: 29339K(29888K)->29339K(29888K) Class: 6271K(6464K)->6271K(6464K)
[878.541s][info][gc             ] GC(2509) Pause Young (Allocation Failure) 523M->244M(546M) 1.218ms
[878.541s][info][gc,cpu         ] GC(2509) User=0.00s Sys=0.00s Real=0.00s
[878.885s][info][gc,start       ] GC(2510) Pause Young (Allocation Failure)
[878.886s][info][gc,heap        ] GC(2510) PSYoungGen: 289856K(308736K)->64K(310272K) Eden: 289792K(289792K)->0K(289792K) From: 64K(18944K)->64K(20480K)
[878.886s][info][gc,heap        ] GC(2510) ParOldGen: 250492K(250880K)->250492K(250880K)
[878.886s][info][gc,metaspace   ] GC(2510) Metaspace: 35610K(36352K)->35610K(36352K) NonClass: 29339K(29888K)->29339K(29888K) Class: 6271K(6464K)->6271K(6464K)
[878.886s][info][gc             ] GC(2510) Pause Young (Allocation Failure) 527M->244M(548M) 1.170ms
[878.886s][info][gc,cpu         ] GC(2510) User=0.00s Sys=0.00s Real=0.00s
[878.951s][info][gc,start       ] GC(2511) Pause Young (Allocation Failure)
[878.953s][info][gc,heap        ] GC(2511) PSYoungGen: 289856K(310272K)->64K(310784K) Eden: 289792K(289792K)->0K(293888K) From: 64K(20480K)->64K(16896K)
[878.953s][info][gc,heap        ] GC(2511) ParOldGen: 250492K(250880K)->250500K(250880K)
[878.953s][info][gc,metaspace   ] GC(2511) Metaspace: 35610K(36352K)->35610K(36352K) NonClass: 29339K(29888K)->29339K(29888K) Class: 6271K(6464K)->6271K(6464K)
[878.953s][info][gc             ] GC(2511) Pause Young (Allocation Failure) 527M->244M(548M) 1.221ms
[878.953s][info][gc,cpu         ] GC(2511) User=0.00s Sys=0.00s Real=0.00s
[879.010s][info][gc,start       ] GC(2512) Pause Young (Allocation Failure)
[879.011s][info][gc,heap        ] GC(2512) PSYoungGen: 293952K(310784K)->64K(312320K) Eden: 293888K(293888K)->0K(293888K) From: 64K(16896K)->64K(18432K)
[879.011s][info][gc,heap        ] GC(2512) ParOldGen: 250500K(250880K)->250516K(250880K)
[879.011s][info][gc,metaspace   ] GC(2512) Metaspace: 35610K(36352K)->35610K(36352K) NonClass: 29339K(29888K)->29339K(29888K) Class: 6271K(6464K)->6271K(6464K)
[879.011s][info][gc             ] GC(2512) Pause Young (Allocation Failure) 531M->244M(550M) 1.177ms
[879.011s][info][gc,cpu         ] GC(2512) User=0.00s Sys=0.00s Real=0.00s
[879.205s][info][gc,start       ] GC(2513) Pause Young (Allocation Failure)
[879.206s][info][gc,heap        ] GC(2513) PSYoungGen: 293952K(312320K)->64K(312832K) Eden: 293888K(293888K)->0K(297984K) From: 64K(18432K)->64K(14848K)
[879.206s][info][gc,heap        ] GC(2513) ParOldGen: 250516K(250880K)->250516K(250880K)
[879.206s][info][gc,metaspace   ] GC(2513) Metaspace: 35610K(36352K)->35610K(36352K) NonClass: 29339K(29888K)->29339K(29888K) Class: 6271K(6464K)->6271K(6464K)
[879.206s][info][gc             ] GC(2513) Pause Young (Allocation Failure) 531M->244M(550M) 1.265ms
[879.206s][info][gc,cpu         ] GC(2513) User=0.00s Sys=0.00s Real=0.00s
[879.461s][info][gc,start       ] GC(2514) Pause Young (Allocation Failure)
[879.462s][info][gc,heap        ] GC(2514) PSYoungGen: 298048K(312832K)->64K(314368K) Eden: 297984K(297984K)->0K(297984K) From: 64K(14848K)->64K(16384K)
[879.462s][info][gc,heap        ] GC(2514) ParOldGen: 250516K(250880K)->250524K(250880K)
[879.462s][info][gc,metaspace   ] GC(2514) Metaspace: 35610K(36352K)->35610K(36352K) NonClass: 29339K(29888K)->29339K(29888K) Class: 6271K(6464K)->6271K(6464K)
[879.462s][info][gc             ] GC(2514) Pause Young (Allocation Failure) 535M->244M(552M) 1.188ms
[879.462s][info][gc,cpu         ] GC(2514) User=0.01s Sys=0.00s Real=0.00s
[879.596s][info][gc,start       ] GC(2515) Pause Young (Allocation Failure)
[879.597s][info][gc,heap        ] GC(2515) PSYoungGen: 298048K(314368K)->64K(314880K) Eden: 297984K(297984K)->0K(302080K) From: 64K(16384K)->64K(12800K)
[879.597s][info][gc,heap        ] GC(2515) ParOldGen: 250524K(250880K)->250540K(250880K)
[879.597s][info][gc,metaspace   ] GC(2515) Metaspace: 35618K(36352K)->35618K(36352K) NonClass: 29347K(29888K)->29347K(29888K) Class: 6271K(6464K)->6271K(6464K)
[879.597s][info][gc             ] GC(2515) Pause Young (Allocation Failure) 535M->244M(552M) 1.282ms
[879.597s][info][gc,cpu         ] GC(2515) User=0.00s Sys=0.00s Real=0.00s
[879.687s][info][gc,start       ] GC(2516) Pause Young (Allocation Failure)
[879.689s][info][gc,heap        ] GC(2516) PSYoungGen: 302144K(314880K)->64K(316416K) Eden: 302080K(302080K)->0K(302080K) From: 64K(12800K)->64K(14336K)
[879.689s][info][gc,heap        ] GC(2516) ParOldGen: 250540K(250880K)->250556K(250880K)
[879.689s][info][gc,metaspace   ] GC(2516) Metaspace: 35618K(36352K)->35618K(36352K) NonClass: 29347K(29888K)->29347K(29888K) Class: 6271K(6464K)->6271K(6464K)
[879.689s][info][gc             ] GC(2516) Pause Young (Allocation Failure) 539M->244M(554M) 1.605ms
[879.689s][info][gc,cpu         ] GC(2516) User=0.01s Sys=0.00s Real=0.00s
[879.878s][info][gc,start       ] GC(2517) Pause Young (Allocation Failure)
[879.879s][info][gc,heap        ] GC(2517) PSYoungGen: 302144K(316416K)->64K(317952K) Eden: 302080K(302080K)->0K(306176K) From: 64K(14336K)->64K(11776K)
[879.879s][info][gc,heap        ] GC(2517) ParOldGen: 250556K(250880K)->250564K(250880K)
[879.879s][info][gc,metaspace   ] GC(2517) Metaspace: 35618K(36352K)->35618K(36352K) NonClass: 29347K(29888K)->29347K(29888K) Class: 6271K(6464K)->6271K(6464K)
[879.879s][info][gc             ] GC(2517) Pause Young (Allocation Failure) 539M->244M(555M) 1.259ms
[879.879s][info][gc,cpu         ] GC(2517) User=0.00s Sys=0.00s Real=0.00s
[880.835s][info][gc,start       ] GC(2518) Pause Young (Allocation Failure)
[880.836s][info][gc,heap        ] GC(2518) PSYoungGen: 306240K(317952K)->64K(294400K) Eden: 306176K(306176K)->0K(293888K) From: 64K(11776K)->64K(512K)
[880.836s][info][gc,heap        ] GC(2518) ParOldGen: 250564K(250880K)->250572K(250880K)
[880.836s][info][gc,metaspace   ] GC(2518) Metaspace: 35618K(36352K)->35618K(36352K) NonClass: 29347K(29888K)->29347K(29888K) Class: 6271K(6464K)->6271K(6464K)
[880.836s][info][gc             ] GC(2518) Pause Young (Allocation Failure) 543M->244M(532M) 1.189ms
[880.836s][info][gc,cpu         ] GC(2518) User=0.01s Sys=0.00s Real=0.00s
[881.711s][info][gc,start       ] GC(2519) Pause Young (Allocation Failure)
[881.713s][info][gc,heap        ] GC(2519) PSYoungGen: 293952K(294400K)->64K(282624K) Eden: 293888K(293888K)->0K(282112K) From: 64K(512K)->64K(512K)
[881.713s][info][gc,heap        ] GC(2519) ParOldGen: 250572K(250880K)->250580K(250880K)
[881.713s][info][gc,metaspace   ] GC(2519) Metaspace: 35618K(36352K)->35618K(36352K) NonClass: 29347K(29888K)->29347K(29888K) Class: 6271K(6464K)->6271K(6464K)
[881.713s][info][gc             ] GC(2519) Pause Young (Allocation Failure) 531M->244M(521M) 1.506ms
[881.713s][info][gc,cpu         ] GC(2519) User=0.00s Sys=0.01s Real=0.00s
[882.019s][info][gc,start       ] GC(2520) Pause Young (Allocation Failure)
[882.020s][info][gc,heap        ] GC(2520) PSYoungGen: 282176K(282624K)->64K(282112K) Eden: 282112K(282112K)->0K(270848K) From: 64K(512K)->64K(11264K)
[882.020s][info][gc,heap        ] GC(2520) ParOldGen: 250580K(250880K)->250588K(250880K)
[882.020s][info][gc,metaspace   ] GC(2520) Metaspace: 35618K(36352K)->35618K(36352K) NonClass: 29347K(29888K)->29347K(29888K) Class: 6271K(6464K)->6271K(6464K)
[882.020s][info][gc             ] GC(2520) Pause Young (Allocation Failure) 520M->244M(520M) 1.206ms
[882.020s][info][gc,cpu         ] GC(2520) User=0.00s Sys=0.00s Real=0.00s
[882.431s][info][gc,start       ] GC(2521) Pause Young (Allocation Failure)
[882.433s][info][gc,heap        ] GC(2521) PSYoungGen: 270912K(282112K)->64K(260608K) Eden: 270848K(270848K)->0K(260096K) From: 64K(11264K)->64K(512K)
[882.433s][info][gc,heap        ] GC(2521) ParOldGen: 250588K(250880K)->250596K(250880K)
[882.433s][info][gc,metaspace   ] GC(2521) Metaspace: 35618K(36352K)->35618K(36352K) NonClass: 29347K(29888K)->29347K(29888K) Class: 6271K(6464K)->6271K(6464K)
[882.433s][info][gc             ] GC(2521) Pause Young (Allocation Failure) 509M->244M(499M) 1.901ms
[882.433s][info][gc,cpu         ] GC(2521) User=0.00s Sys=0.00s Real=0.00s
[883.355s][info][gc,start       ] GC(2522) Pause Young (Allocation Failure)
[883.356s][info][gc,heap        ] GC(2522) PSYoungGen: 260160K(260608K)->64K(259584K) Eden: 260096K(260096K)->0K(249856K) From: 64K(512K)->64K(9728K)
[883.356s][info][gc,heap        ] GC(2522) ParOldGen: 250596K(250880K)->250604K(250880K)
[883.356s][info][gc,metaspace   ] GC(2522) Metaspace: 35618K(36352K)->35618K(36352K) NonClass: 29347K(29888K)->29347K(29888K) Class: 6271K(6464K)->6271K(6464K)
[883.356s][info][gc             ] GC(2522) Pause Young (Allocation Failure) 498M->244M(498M) 1.227ms
[883.356s][info][gc,cpu         ] GC(2522) User=0.00s Sys=0.00s Real=0.00s
[883.698s][info][gc,start       ] GC(2523) Pause Young (Allocation Failure)
[883.700s][info][gc,heap        ] GC(2523) PSYoungGen: 249920K(259584K)->64K(240640K) Eden: 249856K(249856K)->0K(240128K) From: 64K(9728K)->64K(512K)
[883.700s][info][gc,heap        ] GC(2523) ParOldGen: 250604K(250880K)->250612K(250880K)
[883.700s][info][gc,metaspace   ] GC(2523) Metaspace: 35618K(36352K)->35618K(36352K) NonClass: 29347K(29888K)->29347K(29888K) Class: 6271K(6464K)->6271K(6464K)
[883.700s][info][gc             ] GC(2523) Pause Young (Allocation Failure) 488M->244M(480M) 1.959ms
[883.700s][info][gc,cpu         ] GC(2523) User=0.01s Sys=0.00s Real=0.00s
[883.847s][info][gc,start       ] GC(2524) Pause Young (Allocation Failure)
[883.848s][info][gc,heap        ] GC(2524) PSYoungGen: 240192K(240640K)->64K(239104K) Eden: 240128K(240128K)->0K(230912K) From: 64K(512K)->64K(8192K)
[883.848s][info][gc,heap        ] GC(2524) ParOldGen: 250612K(250880K)->250620K(250880K)
[883.848s][info][gc,metaspace   ] GC(2524) Metaspace: 35618K(36352K)->35618K(36352K) NonClass: 29347K(29888K)->29347K(29888K) Class: 6271K(6464K)->6271K(6464K)
[883.848s][info][gc             ] GC(2524) Pause Young (Allocation Failure) 479M->244M(478M) 1.166ms
[883.848s][info][gc,cpu         ] GC(2524) User=0.00s Sys=0.00s Real=0.00s
[883.976s][info][gc,start       ] GC(2525) Pause Young (Allocation Failure)
[883.978s][info][gc,heap        ] GC(2525) PSYoungGen: 230976K(239104K)->64K(222720K) Eden: 230912K(230912K)->0K(222208K) From: 64K(8192K)->64K(512K)
[883.978s][info][gc,heap        ] GC(2525) ParOldGen: 250620K(250880K)->250628K(250880K)
[883.978s][info][gc,metaspace   ] GC(2525) Metaspace: 35618K(36352K)->35618K(36352K) NonClass: 29347K(29888K)->29347K(29888K) Class: 6271K(6464K)->6271K(6464K)
[883.978s][info][gc             ] GC(2525) Pause Young (Allocation Failure) 470M->244M(462M) 1.846ms
[883.978s][info][gc,cpu         ] GC(2525) User=0.00s Sys=0.00s Real=0.00s
[884.540s][info][gc,start       ] GC(2526) Pause Young (Allocation Failure)
[884.542s][info][gc,heap        ] GC(2526) PSYoungGen: 222272K(222720K)->64K(221184K) Eden: 222208K(222208K)->0K(214016K) From: 64K(512K)->64K(7168K)
[884.542s][info][gc,heap        ] GC(2526) ParOldGen: 250628K(250880K)->250636K(250880K)
[884.542s][info][gc,metaspace   ] GC(2526) Metaspace: 35618K(36352K)->35618K(36352K) NonClass: 29347K(29888K)->29347K(29888K) Class: 6271K(6464K)->6271K(6464K)
[884.542s][info][gc             ] GC(2526) Pause Young (Allocation Failure) 461M->244M(461M) 1.203ms
[884.542s][info][gc,cpu         ] GC(2526) User=0.00s Sys=0.00s Real=0.00s
[884.694s][info][gc,start       ] GC(2527) Pause Young (Allocation Failure)
[884.696s][info][gc,heap        ] GC(2527) PSYoungGen: 214080K(221184K)->64K(206848K) Eden: 214016K(214016K)->0K(206336K) From: 64K(7168K)->64K(512K)
[884.696s][info][gc,heap        ] GC(2527) ParOldGen: 250636K(250880K)->250644K(250880K)
[884.696s][info][gc,metaspace   ] GC(2527) Metaspace: 35618K(36352K)->35618K(36352K) NonClass: 29347K(29888K)->29347K(29888K) Class: 6271K(6464K)->6271K(6464K)
[884.696s][info][gc             ] GC(2527) Pause Young (Allocation Failure) 453M->244M(447M) 1.784ms
[884.696s][info][gc,cpu         ] GC(2527) User=0.00s Sys=0.00s Real=0.01s
[884.962s][info][gc,start       ] GC(2528) Pause Young (Allocation Failure)
[884.983s][info][gc,heap        ] GC(2528) PSYoungGen: 206400K(206848K)->6144K(252416K) Eden: 206336K(206336K)->0K(246272K) From: 64K(512K)->6144K(6144K)
[884.983s][info][gc,heap        ] GC(2528) ParOldGen: 250644K(250880K)->256076K(256512K)
[884.983s][info][gc,metaspace   ] GC(2528) Metaspace: 35618K(36352K)->35618K(36352K) NonClass: 29347K(29888K)->29347K(29888K) Class: 6271K(6464K)->6271K(6464K)
[884.983s][info][gc             ] GC(2528) Pause Young (Allocation Failure) 446M->256M(497M) 21.263ms
[884.983s][info][gc,cpu         ] GC(2528) User=0.04s Sys=0.01s Real=0.02s
[885.238s][info][gc,start       ] GC(2529) Pause Young (Allocation Failure)
[885.291s][info][gc,heap        ] GC(2529) PSYoungGen: 252416K(252416K)->6144K(259584K) Eden: 246272K(246272K)->0K(253440K) From: 6144K(6144K)->6144K(6144K)
[885.291s][info][gc,heap        ] GC(2529) ParOldGen: 256076K(256512K)->276220K(276480K)
[885.291s][info][gc,metaspace   ] GC(2529) Metaspace: 35618K(36352K)->35618K(36352K) NonClass: 29347K(29888K)->29347K(29888K) Class: 6271K(6464K)->6271K(6464K)
[885.291s][info][gc             ] GC(2529) Pause Young (Allocation Failure) 496M->275M(523M) 53.862ms
[885.291s][info][gc,cpu         ] GC(2529) User=0.09s Sys=0.01s Real=0.05s
[885.552s][info][gc,start       ] GC(2530) Pause Young (Allocation Failure)
[885.605s][info][gc,heap        ] GC(2530) PSYoungGen: 259584K(259584K)->17920K(271360K) Eden: 253440K(253440K)->0K(253440K) From: 6144K(6144K)->17920K(17920K)
[885.605s][info][gc,heap        ] GC(2530) ParOldGen: 276220K(276480K)->285852K(286208K)
[885.605s][info][gc,metaspace   ] GC(2530) Metaspace: 35618K(36352K)->35618K(36352K) NonClass: 29347K(29888K)->29347K(29888K) Class: 6271K(6464K)->6271K(6464K)
[885.605s][info][gc             ] GC(2530) Pause Young (Allocation Failure) 523M->296M(544M) 52.361ms
[885.605s][info][gc,cpu         ] GC(2530) User=0.10s Sys=0.01s Real=0.06s
[885.698s][info][gc,start       ] GC(2531) Pause Young (Allocation Failure)
[885.711s][info][gc,heap        ] GC(2531) PSYoungGen: 271360K(271360K)->4512K(309760K) Eden: 253440K(253440K)->0K(284160K) From: 17920K(17920K)->4512K(25600K)
[885.711s][info][gc,heap        ] GC(2531) ParOldGen: 285852K(286208K)->286188K(286208K)
[885.711s][info][gc,metaspace   ] GC(2531) Metaspace: 35618K(36352K)->35618K(36352K) NonClass: 29347K(29888K)->29347K(29888K) Class: 6271K(6464K)->6271K(6464K)
[885.711s][info][gc             ] GC(2531) Pause Young (Allocation Failure) 544M->283M(582M) 12.439ms
[885.711s][info][gc,cpu         ] GC(2531) User=0.03s Sys=0.00s Real=0.01s
[886.142s][info][gc,start       ] GC(2532) Pause Young (Allocation Failure)
[886.143s][info][gc,heap        ] GC(2532) PSYoungGen: 288672K(309760K)->64K(284672K) Eden: 284160K(284160K)->0K(284160K) From: 4512K(25600K)->64K(512K)
[886.143s][info][gc,heap        ] GC(2532) ParOldGen: 286188K(286208K)->286196K(286208K)
[886.143s][info][gc,metaspace   ] GC(2532) Metaspace: 35618K(36352K)->35618K(36352K) NonClass: 29347K(29888K)->29347K(29888K) Class: 6271K(6464K)->6271K(6464K)
[886.143s][info][gc             ] GC(2532) Pause Young (Allocation Failure) 561M->279M(557M) 1.303ms
[886.143s][info][gc,cpu         ] GC(2532) User=0.01s Sys=0.00s Real=0.00s
[886.678s][info][gc,start       ] GC(2533) Pause Young (Allocation Failure)
[886.679s][info][gc,heap        ] GC(2533) PSYoungGen: 284224K(284672K)->64K(307712K) Eden: 284160K(284160K)->0K(284672K) From: 64K(512K)->64K(23040K)
[886.679s][info][gc,heap        ] GC(2533) ParOldGen: 286196K(286208K)->286204K(286208K)
[886.679s][info][gc,metaspace   ] GC(2533) Metaspace: 35618K(36352K)->35618K(36352K) NonClass: 29347K(29888K)->29347K(29888K) Class: 6271K(6464K)->6271K(6464K)
[886.680s][info][gc             ] GC(2533) Pause Young (Allocation Failure) 557M->279M(580M) 1.329ms
[886.680s][info][gc,cpu         ] GC(2533) User=0.00s Sys=0.00s Real=0.00s
[887.058s][info][gc,start       ] GC(2534) Pause Young (Allocation Failure)
[887.059s][info][gc,heap        ] GC(2534) PSYoungGen: 284736K(307712K)->64K(307200K) Eden: 284672K(284672K)->0K(284672K) From: 64K(23040K)->64K(22528K)
[887.059s][info][gc,heap        ] GC(2534) ParOldGen: 286204K(286208K)->286220K(286720K)
[887.059s][info][gc,metaspace   ] GC(2534) Metaspace: 35618K(36352K)->35618K(36352K) NonClass: 29347K(29888K)->29347K(29888K) Class: 6271K(6464K)->6271K(6464K)
[887.059s][info][gc             ] GC(2534) Pause Young (Allocation Failure) 557M->279M(580M) 1.321ms
[887.059s][info][gc,cpu         ] GC(2534) User=0.00s Sys=0.00s Real=0.00s
[887.241s][info][gc,start       ] GC(2535) Pause Young (Allocation Failure)
[887.242s][info][gc,heap        ] GC(2535) PSYoungGen: 284736K(307200K)->64K(310272K) Eden: 284672K(284672K)->0K(289280K) From: 64K(22528K)->64K(20992K)
[887.242s][info][gc,heap        ] GC(2535) ParOldGen: 286220K(286720K)->286236K(286720K)
[887.242s][info][gc,metaspace   ] GC(2535) Metaspace: 35618K(36352K)->35618K(36352K) NonClass: 29347K(29888K)->29347K(29888K) Class: 6271K(6464K)->6271K(6464K)
[887.242s][info][gc             ] GC(2535) Pause Young (Allocation Failure) 557M->279M(583M) 1.436ms
[887.242s][info][gc,cpu         ] GC(2535) User=0.00s Sys=0.00s Real=0.00s
[887.430s][info][gc,start       ] GC(2536) Pause Young (Allocation Failure)
[887.431s][info][gc,heap        ] GC(2536) PSYoungGen: 289344K(310272K)->64K(309760K) Eden: 289280K(289280K)->0K(289280K) From: 64K(20992K)->64K(20480K)
[887.431s][info][gc,heap        ] GC(2536) ParOldGen: 286236K(286720K)->286236K(286720K)
[887.431s][info][gc,metaspace   ] GC(2536) Metaspace: 35618K(36352K)->35618K(36352K) NonClass: 29347K(29888K)->29347K(29888K) Class: 6271K(6464K)->6271K(6464K)
[887.431s][info][gc             ] GC(2536) Pause Young (Allocation Failure) 562M->279M(582M) 1.311ms
[887.431s][info][gc,cpu         ] GC(2536) User=0.00s Sys=0.00s Real=0.00s
[887.737s][info][gc,start       ] GC(2537) Pause Young (Allocation Failure)
[887.738s][info][gc,heap        ] GC(2537) PSYoungGen: 289344K(309760K)->64K(312320K) Eden: 289280K(289280K)->0K(293376K) From: 64K(20480K)->64K(18944K)
[887.738s][info][gc,heap        ] GC(2537) ParOldGen: 286236K(286720K)->286236K(286720K)
[887.738s][info][gc,metaspace   ] GC(2537) Metaspace: 35618K(36352K)->35618K(36352K) NonClass: 29347K(29888K)->29347K(29888K) Class: 6271K(6464K)->6271K(6464K)
[887.738s][info][gc             ] GC(2537) Pause Young (Allocation Failure) 562M->279M(585M) 1.244ms
[887.738s][info][gc,cpu         ] GC(2537) User=0.01s Sys=0.00s Real=0.00s
[887.834s][info][gc,start       ] GC(2538) Pause Young (Allocation Failure)
[887.836s][info][gc,heap        ] GC(2538) PSYoungGen: 293440K(312320K)->32K(312320K) Eden: 293376K(293376K)->0K(293376K) From: 64K(18944K)->32K(18944K)
[887.836s][info][gc,heap        ] GC(2538) ParOldGen: 286236K(286720K)->286252K(286720K)
[887.836s][info][gc,metaspace   ] GC(2538) Metaspace: 35618K(36352K)->35618K(36352K) NonClass: 29347K(29888K)->29347K(29888K) Class: 6271K(6464K)->6271K(6464K)
[887.836s][info][gc             ] GC(2538) Pause Young (Allocation Failure) 566M->279M(585M) 1.936ms
[887.836s][info][gc,cpu         ] GC(2538) User=0.00s Sys=0.00s Real=0.01s
[887.891s][info][gc,start       ] GC(2539) Pause Young (Allocation Failure)
[887.892s][info][gc,heap        ] GC(2539) PSYoungGen: 293408K(312320K)->64K(313856K) Eden: 293376K(293376K)->0K(296960K) From: 32K(18944K)->64K(16896K)
[887.892s][info][gc,heap        ] GC(2539) ParOldGen: 286252K(286720K)->286268K(286720K)
[887.892s][info][gc,metaspace   ] GC(2539) Metaspace: 35618K(36352K)->35618K(36352K) NonClass: 29347K(29888K)->29347K(29888K) Class: 6271K(6464K)->6271K(6464K)
[887.892s][info][gc             ] GC(2539) Pause Young (Allocation Failure) 566M->279M(586M) 1.137ms
[887.892s][info][gc,cpu         ] GC(2539) User=0.01s Sys=0.00s Real=0.00s
[888.049s][info][gc,start       ] GC(2540) Pause Young (Allocation Failure)
[888.050s][info][gc,heap        ] GC(2540) PSYoungGen: 297024K(313856K)->64K(313856K) Eden: 296960K(296960K)->0K(296960K) From: 64K(16896K)->64K(16896K)
[888.050s][info][gc,heap        ] GC(2540) ParOldGen: 286268K(286720K)->286268K(286720K)
[888.050s][info][gc,metaspace   ] GC(2540) Metaspace: 35618K(36352K)->35618K(36352K) NonClass: 29347K(29888K)->29347K(29888K) Class: 6271K(6464K)->6271K(6464K)
[888.050s][info][gc             ] GC(2540) Pause Young (Allocation Failure) 569M->279M(586M) 1.035ms
[888.050s][info][gc,cpu         ] GC(2540) User=0.00s Sys=0.00s Real=0.00s
[888.281s][info][gc,start       ] GC(2541) Pause Young (Allocation Failure)
[888.282s][info][gc,heap        ] GC(2541) PSYoungGen: 297024K(313856K)->64K(315904K) Eden: 296960K(296960K)->0K(301056K) From: 64K(16896K)->64K(14848K)
[888.282s][info][gc,heap        ] GC(2541) ParOldGen: 286268K(286720K)->286276K(286720K)
[888.282s][info][gc,metaspace   ] GC(2541) Metaspace: 35618K(36352K)->35618K(36352K) NonClass: 29347K(29888K)->29347K(29888K) Class: 6271K(6464K)->6271K(6464K)
[888.282s][info][gc             ] GC(2541) Pause Young (Allocation Failure) 569M->279M(588M) 1.094ms
[888.282s][info][gc,cpu         ] GC(2541) User=0.00s Sys=0.00s Real=0.00s
[888.435s][info][gc,start       ] GC(2542) Pause Young (Allocation Failure)
[888.436s][info][gc,heap        ] GC(2542) PSYoungGen: 301120K(315904K)->64K(315904K) Eden: 301056K(301056K)->0K(301056K) From: 64K(14848K)->64K(14848K)
[888.436s][info][gc,heap        ] GC(2542) ParOldGen: 286276K(286720K)->286284K(286720K)
[888.436s][info][gc,metaspace   ] GC(2542) Metaspace: 35618K(36352K)->35618K(36352K) NonClass: 29347K(29888K)->29347K(29888K) Class: 6271K(6464K)->6271K(6464K)
[888.436s][info][gc             ] GC(2542) Pause Young (Allocation Failure) 573M->279M(588M) 1.246ms
[888.436s][info][gc,cpu         ] GC(2542) User=0.00s Sys=0.00s Real=0.00s
[888.514s][info][gc,start       ] GC(2543) Pause Young (Allocation Failure)
[888.515s][info][gc,heap        ] GC(2543) PSYoungGen: 301120K(315904K)->64K(317440K) Eden: 301056K(301056K)->0K(304640K) From: 64K(14848K)->64K(12800K)
[888.515s][info][gc,heap        ] GC(2543) ParOldGen: 286284K(286720K)->286300K(286720K)
[888.515s][info][gc,metaspace   ] GC(2543) Metaspace: 35618K(36352K)->35618K(36352K) NonClass: 29347K(29888K)->29347K(29888K) Class: 6271K(6464K)->6271K(6464K)
[888.515s][info][gc             ] GC(2543) Pause Young (Allocation Failure) 573M->279M(590M) 1.151ms
[888.515s][info][gc,cpu         ] GC(2543) User=0.00s Sys=0.00s Real=0.01s
[888.696s][info][gc,start       ] GC(2544) Pause Young (Allocation Failure)
[888.697s][info][gc,heap        ] GC(2544) PSYoungGen: 304704K(317440K)->64K(317952K) Eden: 304640K(304640K)->0K(304640K) From: 64K(12800K)->64K(13312K)
[888.697s][info][gc,heap        ] GC(2544) ParOldGen: 286300K(286720K)->286300K(286720K)
[888.697s][info][gc,metaspace   ] GC(2544) Metaspace: 35618K(36352K)->35618K(36352K) NonClass: 29347K(29888K)->29347K(29888K) Class: 6271K(6464K)->6271K(6464K)
[888.697s][info][gc             ] GC(2544) Pause Young (Allocation Failure) 577M->279M(590M) 1.303ms
[888.698s][info][gc,cpu         ] GC(2544) User=0.00s Sys=0.00s Real=0.00s
[889.621s][info][gc,start       ] GC(2545) Pause Young (Allocation Failure)
[889.623s][info][gc,heap        ] GC(2545) PSYoungGen: 304704K(317952K)->64K(292864K) Eden: 304640K(304640K)->0K(292352K) From: 64K(13312K)->64K(512K)
[889.623s][info][gc,heap        ] GC(2545) ParOldGen: 286300K(286720K)->286308K(286720K)
[889.623s][info][gc,metaspace   ] GC(2545) Metaspace: 35618K(36352K)->35618K(36352K) NonClass: 29347K(29888K)->29347K(29888K) Class: 6271K(6464K)->6271K(6464K)
[889.623s][info][gc             ] GC(2545) Pause Young (Allocation Failure) 577M->279M(566M) 1.276ms
[889.623s][info][gc,cpu         ] GC(2545) User=0.01s Sys=0.00s Real=0.00s
[890.447s][info][gc,start       ] GC(2546) Pause Young (Allocation Failure)
[890.448s][info][gc,heap        ] GC(2546) PSYoungGen: 292416K(292864K)->64K(292352K) Eden: 292352K(292352K)->0K(280576K) From: 64K(512K)->64K(11776K)
[890.448s][info][gc,heap        ] GC(2546) ParOldGen: 286308K(286720K)->286316K(286720K)
[890.448s][info][gc,metaspace   ] GC(2546) Metaspace: 35618K(36352K)->35618K(36352K) NonClass: 29347K(29888K)->29347K(29888K) Class: 6271K(6464K)->6271K(6464K)
[890.448s][info][gc             ] GC(2546) Pause Young (Allocation Failure) 565M->279M(565M) 1.201ms
[890.448s][info][gc,cpu         ] GC(2546) User=0.00s Sys=0.00s Real=0.00s
[890.682s][info][gc,start       ] GC(2547) Pause Young (Allocation Failure)
[890.683s][info][gc,heap        ] GC(2547) PSYoungGen: 280640K(292352K)->64K(270336K) Eden: 280576K(280576K)->0K(269824K) From: 64K(11776K)->64K(512K)
[890.683s][info][gc,heap        ] GC(2547) ParOldGen: 286316K(286720K)->286324K(286720K)
[890.683s][info][gc,metaspace   ] GC(2547) Metaspace: 35618K(36352K)->35618K(36352K) NonClass: 29347K(29888K)->29347K(29888K) Class: 6271K(6464K)->6271K(6464K)
[890.683s][info][gc             ] GC(2547) Pause Young (Allocation Failure) 553M->279M(544M) 1.377ms
[890.683s][info][gc,cpu         ] GC(2547) User=0.00s Sys=0.00s Real=0.00s
[891.073s][info][gc,start       ] GC(2548) Pause Young (Allocation Failure)
[891.074s][info][gc,heap        ] GC(2548) PSYoungGen: 269888K(270336K)->64K(269824K) Eden: 269824K(269824K)->0K(259584K) From: 64K(512K)->64K(10240K)
[891.074s][info][gc,heap        ] GC(2548) ParOldGen: 286324K(286720K)->286332K(286720K)
[891.074s][info][gc,metaspace   ] GC(2548) Metaspace: 35618K(36352K)->35618K(36352K) NonClass: 29347K(29888K)->29347K(29888K) Class: 6271K(6464K)->6271K(6464K)
[891.074s][info][gc             ] GC(2548) Pause Young (Allocation Failure) 543M->279M(543M) 1.322ms
[891.074s][info][gc,cpu         ] GC(2548) User=0.00s Sys=0.00s Real=0.00s
[891.991s][info][gc,start       ] GC(2549) Pause Young (Allocation Failure)
[891.993s][info][gc,heap        ] GC(2549) PSYoungGen: 259648K(269824K)->64K(250368K) Eden: 259584K(259584K)->0K(249856K) From: 64K(10240K)->64K(512K)
[891.993s][info][gc,heap        ] GC(2549) ParOldGen: 286332K(286720K)->286348K(286720K)
[891.993s][info][gc,metaspace   ] GC(2549) Metaspace: 35618K(36352K)->35618K(36352K) NonClass: 29347K(29888K)->29347K(29888K) Class: 6271K(6464K)->6271K(6464K)
[891.993s][info][gc             ] GC(2549) Pause Young (Allocation Failure) 533M->279M(524M) 2.558ms
[891.993s][info][gc,cpu         ] GC(2549) User=0.00s Sys=0.00s Real=0.00s
[892.336s][info][gc,start       ] GC(2550) Pause Young (Allocation Failure)
[892.338s][info][gc,heap        ] GC(2550) PSYoungGen: 249920K(250368K)->64K(248832K) Eden: 249856K(249856K)->0K(240128K) From: 64K(512K)->64K(8704K)
[892.338s][info][gc,heap        ] GC(2550) ParOldGen: 286348K(286720K)->286356K(286720K)
[892.338s][info][gc,metaspace   ] GC(2550) Metaspace: 35618K(36352K)->35618K(36352K) NonClass: 29347K(29888K)->29347K(29888K) Class: 6271K(6464K)->6271K(6464K)
[892.338s][info][gc             ] GC(2550) Pause Young (Allocation Failure) 523M->279M(523M) 2.031ms
[892.338s][info][gc,cpu         ] GC(2550) User=0.00s Sys=0.00s Real=0.00s
[892.492s][info][gc,start       ] GC(2551) Pause Young (Allocation Failure)
[892.494s][info][gc,heap        ] GC(2551) PSYoungGen: 240192K(248832K)->64K(231424K) Eden: 240128K(240128K)->0K(230912K) From: 64K(8704K)->64K(512K)
[892.494s][info][gc,heap        ] GC(2551) ParOldGen: 286356K(286720K)->286364K(286720K)
[892.494s][info][gc,metaspace   ] GC(2551) Metaspace: 35618K(36352K)->35618K(36352K) NonClass: 29347K(29888K)->29347K(29888K) Class: 6271K(6464K)->6271K(6464K)
[892.494s][info][gc             ] GC(2551) Pause Young (Allocation Failure) 514M->279M(506M) 2.188ms
[892.494s][info][gc,cpu         ] GC(2551) User=0.00s Sys=0.00s Real=0.00s
[892.573s][info][gc,start       ] GC(2552) Pause Young (Allocation Failure)
[892.575s][info][gc,heap        ] GC(2552) PSYoungGen: 230976K(231424K)->64K(281088K) Eden: 230912K(230912K)->0K(273408K) From: 64K(512K)->64K(7680K)
[892.575s][info][gc,heap        ] GC(2552) ParOldGen: 286364K(286720K)->286372K(286720K)
[892.575s][info][gc,metaspace   ] GC(2552) Metaspace: 35618K(36352K)->35618K(36352K) NonClass: 29347K(29888K)->29347K(29888K) Class: 6271K(6464K)->6271K(6464K)
[892.575s][info][gc             ] GC(2552) Pause Young (Allocation Failure) 505M->279M(554M) 1.722ms
[892.575s][info][gc,cpu         ] GC(2552) User=0.00s Sys=0.00s Real=0.01s
[893.185s][info][gc,start       ] GC(2553) Pause Young (Allocation Failure)
[893.188s][info][gc,heap        ] GC(2553) PSYoungGen: 273472K(281088K)->64K(263168K) Eden: 273408K(273408K)->0K(262656K) From: 64K(7680K)->64K(512K)
[893.188s][info][gc,heap        ] GC(2553) ParOldGen: 286372K(286720K)->286380K(286720K)
[893.188s][info][gc,metaspace   ] GC(2553) Metaspace: 35618K(36352K)->35618K(36352K) NonClass: 29347K(29888K)->29347K(29888K) Class: 6271K(6464K)->6271K(6464K)
[893.188s][info][gc             ] GC(2553) Pause Young (Allocation Failure) 546M->279M(537M) 2.701ms
[893.188s][info][gc,cpu         ] GC(2553) User=0.00s Sys=0.00s Real=0.00s
[893.413s][info][gc,start       ] GC(2554) Pause Young (Allocation Failure)
[893.415s][info][gc,heap        ] GC(2554) PSYoungGen: 262720K(263168K)->64K(259072K) Eden: 262656K(262656K)->0K(252416K) From: 64K(512K)->64K(6656K)
[893.415s][info][gc,heap        ] GC(2554) ParOldGen: 286380K(286720K)->286388K(286720K)
[893.415s][info][gc,metaspace   ] GC(2554) Metaspace: 35618K(36352K)->35618K(36352K) NonClass: 29347K(29888K)->29347K(29888K) Class: 6271K(6464K)->6271K(6464K)
[893.415s][info][gc             ] GC(2554) Pause Young (Allocation Failure) 536M->279M(533M) 2.162ms
[893.415s][info][gc,cpu         ] GC(2554) User=0.01s Sys=0.00s Real=0.01s
[893.709s][info][gc,start       ] GC(2555) Pause Young (Allocation Failure)
[893.760s][info][gc,heap        ] GC(2555) PSYoungGen: 252480K(259072K)->6144K(272896K) Eden: 252416K(252416K)->0K(266752K) From: 64K(6656K)->6144K(6144K)
[893.760s][info][gc,heap        ] GC(2555) ParOldGen: 286388K(286720K)->303148K(303616K)
[893.760s][info][gc,metaspace   ] GC(2555) Metaspace: 35618K(36352K)->35618K(36352K) NonClass: 29347K(29888K)->29347K(29888K) Class: 6271K(6464K)->6271K(6464K)
[893.760s][info][gc             ] GC(2555) Pause Young (Allocation Failure) 526M->302M(563M) 50.995ms
[893.760s][info][gc,cpu         ] GC(2555) User=0.07s Sys=0.02s Real=0.05s
[894.034s][info][gc,start       ] GC(2556) Pause Young (Allocation Failure)
[894.092s][info][gc,heap        ] GC(2556) PSYoungGen: 272896K(272896K)->13824K(280576K) Eden: 266752K(266752K)->0K(266752K) From: 6144K(6144K)->13824K(13824K)
[894.092s][info][gc,heap        ] GC(2556) ParOldGen: 303148K(303616K)->318188K(318464K)
[894.092s][info][gc,metaspace   ] GC(2556) Metaspace: 35618K(36352K)->35618K(36352K) NonClass: 29347K(29888K)->29347K(29888K) Class: 6271K(6464K)->6271K(6464K)
[894.092s][info][gc             ] GC(2556) Pause Young (Allocation Failure) 562M->324M(585M) 58.445ms
[894.092s][info][gc,cpu         ] GC(2556) User=0.10s Sys=0.00s Real=0.06s
[894.289s][info][gc,start       ] GC(2557) Pause Young (Allocation Failure)
[894.330s][info][gc,heap        ] GC(2557) PSYoungGen: 280576K(280576K)->17824K(305152K) Eden: 266752K(266752K)->0K(282624K) From: 13824K(13824K)->17824K(22528K)
[894.330s][info][gc,heap        ] GC(2557) ParOldGen: 318188K(318464K)->318732K(318976K)
[894.330s][info][gc,metaspace   ] GC(2557) Metaspace: 35618K(36352K)->35618K(36352K) NonClass: 29347K(29888K)->29347K(29888K) Class: 6271K(6464K)->6271K(6464K)
[894.330s][info][gc             ] GC(2557) Pause Young (Allocation Failure) 584M->328M(609M) 41.215ms
[894.330s][info][gc,cpu         ] GC(2557) User=0.07s Sys=0.01s Real=0.04s
[894.523s][info][gc,start       ] GC(2558) Pause Young (Allocation Failure)
[894.524s][info][gc,heap        ] GC(2558) PSYoungGen: 300448K(305152K)->64K(308224K) Eden: 282624K(282624K)->0K(282624K) From: 17824K(22528K)->64K(25600K)
[894.524s][info][gc,heap        ] GC(2558) ParOldGen: 318732K(318976K)->318740K(318976K)
[894.524s][info][gc,metaspace   ] GC(2558) Metaspace: 35618K(36352K)->35618K(36352K) NonClass: 29347K(29888K)->29347K(29888K) Class: 6271K(6464K)->6271K(6464K)
[894.524s][info][gc             ] GC(2558) Pause Young (Allocation Failure) 604M->311M(612M) 1.337ms
[894.524s][info][gc,cpu         ] GC(2558) User=0.01s Sys=0.00s Real=0.00s
[895.171s][info][gc,start       ] GC(2559) Pause Young (Allocation Failure)
[895.172s][info][gc,heap        ] GC(2559) PSYoungGen: 282688K(308224K)->64K(306176K) Eden: 282624K(282624K)->0K(283648K) From: 64K(25600K)->64K(22528K)
[895.172s][info][gc,heap        ] GC(2559) ParOldGen: 318740K(318976K)->318756K(318976K)
[895.172s][info][gc,metaspace   ] GC(2559) Metaspace: 35618K(36352K)->35618K(36352K) NonClass: 29347K(29888K)->29347K(29888K) Class: 6271K(6464K)->6271K(6464K)
[895.172s][info][gc             ] GC(2559) Pause Young (Allocation Failure) 587M->311M(610M) 1.378ms
[895.172s][info][gc,cpu         ] GC(2559) User=0.00s Sys=0.00s Real=0.00s
[895.424s][info][gc,start       ] GC(2560) Pause Young (Allocation Failure)
[895.426s][info][gc,heap        ] GC(2560) PSYoungGen: 283712K(306176K)->64K(307712K) Eden: 283648K(283648K)->0K(283648K) From: 64K(22528K)->64K(24064K)
[895.426s][info][gc,heap        ] GC(2560) ParOldGen: 318756K(318976K)->318756K(318976K)
[895.426s][info][gc,metaspace   ] GC(2560) Metaspace: 35618K(36352K)->35618K(36352K) NonClass: 29347K(29888K)->29347K(29888K) Class: 6271K(6464K)->6271K(6464K)
[895.426s][info][gc             ] GC(2560) Pause Young (Allocation Failure) 588M->311M(612M) 1.430ms
[895.426s][info][gc,cpu         ] GC(2560) User=0.01s Sys=0.00s Real=0.01s
[895.797s][info][gc,start       ] GC(2561) Pause Young (Allocation Failure)
[895.798s][info][gc,heap        ] GC(2561) PSYoungGen: 283712K(307712K)->64K(307200K) Eden: 283648K(283648K)->0K(286720K) From: 64K(24064K)->64K(20480K)
[895.798s][info][gc,heap        ] GC(2561) ParOldGen: 318756K(318976K)->318772K(318976K)
[895.798s][info][gc,metaspace   ] GC(2561) Metaspace: 35618K(36352K)->35618K(36352K) NonClass: 29347K(29888K)->29347K(29888K) Class: 6271K(6464K)->6271K(6464K)
[895.798s][info][gc             ] GC(2561) Pause Young (Allocation Failure) 588M->311M(611M) 1.421ms
[895.798s][info][gc,cpu         ] GC(2561) User=0.00s Sys=0.00s Real=0.00s
[895.975s][info][gc,start       ] GC(2562) Pause Young (Allocation Failure)
[895.976s][info][gc,heap        ] GC(2562) PSYoungGen: 286784K(307200K)->64K(308736K) Eden: 286720K(286720K)->0K(286720K) From: 64K(20480K)->64K(22016K)
[895.976s][info][gc,heap        ] GC(2562) ParOldGen: 318772K(318976K)->318788K(318976K)
[895.976s][info][gc,metaspace   ] GC(2562) Metaspace: 35618K(36352K)->35618K(36352K) NonClass: 29347K(29888K)->29347K(29888K) Class: 6271K(6464K)->6271K(6464K)
[895.976s][info][gc             ] GC(2562) Pause Young (Allocation Failure) 591M->311M(613M) 1.233ms
[895.977s][info][gc,cpu         ] GC(2562) User=0.01s Sys=0.00s Real=0.00s
[896.152s][info][gc,start       ] GC(2563) Pause Young (Allocation Failure)
[896.153s][info][gc,heap        ] GC(2563) PSYoungGen: 286784K(308736K)->32K(309248K) Eden: 286720K(286720K)->0K(290816K) From: 64K(22016K)->32K(18432K)
[896.153s][info][gc,heap        ] GC(2563) ParOldGen: 318788K(318976K)->318788K(318976K)
[896.153s][info][gc,metaspace   ] GC(2563) Metaspace: 35618K(36352K)->35618K(36352K) NonClass: 29347K(29888K)->29347K(29888K) Class: 6271K(6464K)->6271K(6464K)
[896.153s][info][gc             ] GC(2563) Pause Young (Allocation Failure) 591M->311M(613M) 1.151ms
[896.153s][info][gc,cpu         ] GC(2563) User=0.00s Sys=0.00s Real=0.00s
[896.425s][info][gc,start       ] GC(2564) Pause Young (Allocation Failure)
[896.426s][info][gc,heap        ] GC(2564) PSYoungGen: 290848K(309248K)->64K(310784K) Eden: 290816K(290816K)->0K(290816K) From: 32K(18432K)->64K(19968K)
[896.426s][info][gc,heap        ] GC(2564) ParOldGen: 318788K(318976K)->318788K(318976K)
[896.426s][info][gc,metaspace   ] GC(2564) Metaspace: 35618K(36352K)->35618K(36352K) NonClass: 29347K(29888K)->29347K(29888K) Class: 6271K(6464K)->6271K(6464K)
[896.426s][info][gc             ] GC(2564) Pause Young (Allocation Failure) 595M->311M(615M) 1.157ms
[896.426s][info][gc,cpu         ] GC(2564) User=0.00s Sys=0.00s Real=0.00s
[896.478s][info][gc,start       ] GC(2565) Pause Young (Allocation Failure)
[896.479s][info][gc,heap        ] GC(2565) PSYoungGen: 290880K(310784K)->64K(311296K) Eden: 290816K(290816K)->0K(294912K) From: 64K(19968K)->64K(16384K)
[896.479s][info][gc,heap        ] GC(2565) ParOldGen: 318788K(318976K)->318804K(318976K)
[896.479s][info][gc,metaspace   ] GC(2565) Metaspace: 35618K(36352K)->35618K(36352K) NonClass: 29347K(29888K)->29347K(29888K) Class: 6271K(6464K)->6271K(6464K)
[896.479s][info][gc             ] GC(2565) Pause Young (Allocation Failure) 595M->311M(615M) 1.015ms
[896.479s][info][gc,cpu         ] GC(2565) User=0.01s Sys=0.00s Real=0.00s
[896.554s][info][gc,start       ] GC(2566) Pause Young (Allocation Failure)
[896.555s][info][gc,heap        ] GC(2566) PSYoungGen: 294976K(311296K)->64K(312832K) Eden: 294912K(294912K)->0K(294912K) From: 64K(16384K)->64K(17920K)
[896.555s][info][gc,heap        ] GC(2566) ParOldGen: 318804K(318976K)->318804K(318976K)
[896.555s][info][gc,metaspace   ] GC(2566) Metaspace: 35618K(36352K)->35618K(36352K) NonClass: 29347K(29888K)->29347K(29888K) Class: 6271K(6464K)->6271K(6464K)
[896.555s][info][gc             ] GC(2566) Pause Young (Allocation Failure) 599M->311M(617M) 1.121ms
[896.555s][info][gc,cpu         ] GC(2566) User=0.00s Sys=0.00s Real=0.01s
[896.796s][info][gc,start       ] GC(2567) Pause Young (Allocation Failure)
[896.797s][info][gc,heap        ] GC(2567) PSYoungGen: 294976K(312832K)->32K(313344K) Eden: 294912K(294912K)->0K(299008K) From: 64K(17920K)->32K(14336K)
[896.797s][info][gc,heap        ] GC(2567) ParOldGen: 318804K(318976K)->318820K(318976K)
[896.797s][info][gc,metaspace   ] GC(2567) Metaspace: 35618K(36352K)->35618K(36352K) NonClass: 29347K(29888K)->29347K(29888K) Class: 6271K(6464K)->6271K(6464K)
[896.797s][info][gc             ] GC(2567) Pause Young (Allocation Failure) 599M->311M(617M) 1.309ms
[896.797s][info][gc,cpu         ] GC(2567) User=0.00s Sys=0.00s Real=0.00s
[897.008s][info][gc,start       ] GC(2568) Pause Young (Allocation Failure)
[897.009s][info][gc,heap        ] GC(2568) PSYoungGen: 299040K(313344K)->64K(314880K) Eden: 299008K(299008K)->0K(299008K) From: 32K(14336K)->64K(15872K)
[897.009s][info][gc,heap        ] GC(2568) ParOldGen: 318820K(318976K)->318820K(318976K)
[897.009s][info][gc,metaspace   ] GC(2568) Metaspace: 35618K(36352K)->35618K(36352K) NonClass: 29347K(29888K)->29347K(29888K) Class: 6271K(6464K)->6271K(6464K)
[897.009s][info][gc             ] GC(2568) Pause Young (Allocation Failure) 603M->311M(619M) 1.384ms
[897.009s][info][gc,cpu         ] GC(2568) User=0.00s Sys=0.00s Real=0.00s
[897.087s][info][gc,start       ] GC(2569) Pause Young (Allocation Failure)
[897.089s][info][gc,heap        ] GC(2569) PSYoungGen: 299072K(314880K)->64K(316416K) Eden: 299008K(299008K)->0K(303104K) From: 64K(15872K)->64K(13312K)
[897.089s][info][gc,heap        ] GC(2569) ParOldGen: 318820K(318976K)->318836K(318976K)
[897.089s][info][gc,metaspace   ] GC(2569) Metaspace: 35618K(36352K)->35618K(36352K) NonClass: 29347K(29888K)->29347K(29888K) Class: 6271K(6464K)->6271K(6464K)
[897.089s][info][gc             ] GC(2569) Pause Young (Allocation Failure) 603M->311M(620M) 1.317ms
[897.089s][info][gc,cpu         ] GC(2569) User=0.00s Sys=0.00s Real=0.00s
[897.224s][info][gc,start       ] GC(2570) Pause Young (Allocation Failure)
[897.225s][info][gc,heap        ] GC(2570) PSYoungGen: 303168K(316416K)->64K(317440K) Eden: 303104K(303104K)->0K(303104K) From: 64K(13312K)->64K(14336K)
[897.225s][info][gc,heap        ] GC(2570) ParOldGen: 318836K(318976K)->318836K(318976K)
[897.225s][info][gc,metaspace   ] GC(2570) Metaspace: 35618K(36352K)->35618K(36352K) NonClass: 29347K(29888K)->29347K(29888K) Class: 6271K(6464K)->6271K(6464K)
[897.225s][info][gc             ] GC(2570) Pause Young (Allocation Failure) 607M->311M(621M) 1.350ms
[897.225s][info][gc,cpu         ] GC(2570) User=0.00s Sys=0.00s Real=0.01s
[897.592s][info][gc,start       ] GC(2571) Pause Young (Allocation Failure)
[897.593s][info][gc,heap        ] GC(2571) PSYoungGen: 303168K(317440K)->64K(317440K) Eden: 303104K(303104K)->0K(306176K) From: 64K(14336K)->64K(11264K)
[897.593s][info][gc,heap        ] GC(2571) ParOldGen: 318836K(318976K)->318844K(318976K)
[897.593s][info][gc,metaspace   ] GC(2571) Metaspace: 35618K(36352K)->35618K(36352K) NonClass: 29347K(29888K)->29347K(29888K) Class: 6271K(6464K)->6271K(6464K)
[897.593s][info][gc             ] GC(2571) Pause Young (Allocation Failure) 607M->311M(621M) 1.366ms
[897.593s][info][gc,cpu         ] GC(2571) User=0.00s Sys=0.00s Real=0.00s
[898.251s][info][gc,start       ] GC(2572) Pause Young (Allocation Failure)
[898.253s][info][gc,heap        ] GC(2572) PSYoungGen: 306240K(317440K)->64K(294400K) Eden: 306176K(306176K)->0K(293888K) From: 64K(11264K)->64K(512K)
[898.253s][info][gc,heap        ] GC(2572) ParOldGen: 318844K(318976K)->318852K(318976K)
[898.253s][info][gc,metaspace   ] GC(2572) Metaspace: 35618K(36352K)->35618K(36352K) NonClass: 29347K(29888K)->29347K(29888K) Class: 6271K(6464K)->6271K(6464K)
[898.253s][info][gc             ] GC(2572) Pause Young (Allocation Failure) 610M->311M(599M) 1.884ms
[898.253s][info][gc,cpu         ] GC(2572) User=0.01s Sys=0.00s Real=0.00s
[899.160s][info][gc,start       ] GC(2573) Pause Young (Allocation Failure)
[899.162s][info][gc,heap        ] GC(2573) PSYoungGen: 293952K(294400K)->64K(282624K) Eden: 293888K(293888K)->0K(282112K) From: 64K(512K)->64K(512K)
[899.162s][info][gc,heap        ] GC(2573) ParOldGen: 318852K(318976K)->318860K(318976K)
[899.162s][info][gc,metaspace   ] GC(2573) Metaspace: 35618K(36352K)->35618K(36352K) NonClass: 29347K(29888K)->29347K(29888K) Class: 6271K(6464K)->6271K(6464K)
[899.162s][info][gc             ] GC(2573) Pause Young (Allocation Failure) 598M->311M(587M) 1.920ms
[899.162s][info][gc,cpu         ] GC(2573) User=0.00s Sys=0.00s Real=0.00s
[899.608s][info][gc,start       ] GC(2574) Pause Young (Allocation Failure)
[899.610s][info][gc,heap        ] GC(2574) PSYoungGen: 282176K(282624K)->64K(281600K) Eden: 282112K(282112K)->0K(270848K) From: 64K(512K)->64K(10752K)
[899.610s][info][gc,heap        ] GC(2574) ParOldGen: 318860K(318976K)->318868K(318976K)
[899.610s][info][gc,metaspace   ] GC(2574) Metaspace: 35618K(36352K)->35618K(36352K) NonClass: 29347K(29888K)->29347K(29888K) Class: 6271K(6464K)->6271K(6464K)
[899.610s][info][gc             ] GC(2574) Pause Young (Allocation Failure) 586M->311M(586M) 1.335ms
[899.610s][info][gc,cpu         ] GC(2574) User=0.01s Sys=0.00s Real=0.00s
[900.547s][info][gc,start       ] GC(2575) Pause Young (Allocation Failure)
[900.549s][info][gc,heap        ] GC(2575) PSYoungGen: 270912K(281600K)->64K(260608K) Eden: 270848K(270848K)->0K(260096K) From: 64K(10752K)->64K(512K)
[900.549s][info][gc,heap        ] GC(2575) ParOldGen: 318868K(318976K)->318876K(318976K)
[900.549s][info][gc,metaspace   ] GC(2575) Metaspace: 35618K(36352K)->35618K(36352K) NonClass: 29347K(29888K)->29347K(29888K) Class: 6271K(6464K)->6271K(6464K)
[900.549s][info][gc             ] GC(2575) Pause Young (Allocation Failure) 575M->311M(566M) 1.886ms
[900.549s][info][gc,cpu         ] GC(2575) User=0.00s Sys=0.00s Real=0.00s
[900.756s][info][gc,start       ] GC(2576) Pause Young (Allocation Failure)
[900.757s][info][gc,heap        ] GC(2576) PSYoungGen: 260160K(260608K)->64K(259072K) Eden: 260096K(260096K)->0K(249856K) From: 64K(512K)->64K(9216K)
[900.758s][info][gc,heap        ] GC(2576) ParOldGen: 318876K(318976K)->318884K(318976K)
[900.758s][info][gc,metaspace   ] GC(2576) Metaspace: 35618K(36352K)->35618K(36352K) NonClass: 29347K(29888K)->29347K(29888K) Class: 6271K(6464K)->6271K(6464K)
[900.758s][info][gc             ] GC(2576) Pause Young (Allocation Failure) 565M->311M(564M) 1.416ms
[900.758s][info][gc,cpu         ] GC(2576) User=0.00s Sys=0.00s Real=0.00s
[901.106s][info][gc,start       ] GC(2577) Pause Young (Allocation Failure)
[901.108s][info][gc,heap        ] GC(2577) PSYoungGen: 249920K(259072K)->64K(240640K) Eden: 249856K(249856K)->0K(240128K) From: 64K(9216K)->64K(512K)
[901.108s][info][gc,heap        ] GC(2577) ParOldGen: 318884K(318976K)->318892K(318976K)
[901.108s][info][gc,metaspace   ] GC(2577) Metaspace: 35618K(36352K)->35618K(36352K) NonClass: 29347K(29888K)->29347K(29888K) Class: 6271K(6464K)->6271K(6464K)
[901.108s][info][gc             ] GC(2577) Pause Young (Allocation Failure) 555M->311M(546M) 1.969ms
[901.108s][info][gc,cpu         ] GC(2577) User=0.00s Sys=0.00s Real=0.00s
[901.171s][info][gc,start       ] GC(2578) Pause Young (Allocation Failure)
[901.172s][info][gc,heap        ] GC(2578) PSYoungGen: 240192K(240640K)->64K(239104K) Eden: 240128K(240128K)->0K(230912K) From: 64K(512K)->64K(8192K)
[901.172s][info][gc,heap        ] GC(2578) ParOldGen: 318892K(318976K)->318900K(318976K)
[901.172s][info][gc,metaspace   ] GC(2578) Metaspace: 35618K(36352K)->35618K(36352K) NonClass: 29347K(29888K)->29347K(29888K) Class: 6271K(6464K)->6271K(6464K)
[901.172s][info][gc             ] GC(2578) Pause Young (Allocation Failure) 545M->311M(545M) 1.299ms
[901.172s][info][gc,cpu         ] GC(2578) User=0.00s Sys=0.00s Real=0.00s
[901.599s][info][gc,start       ] GC(2579) Pause Young (Allocation Failure)
[901.601s][info][gc,heap        ] GC(2579) PSYoungGen: 230976K(239104K)->64K(222720K) Eden: 230912K(230912K)->0K(222208K) From: 64K(8192K)->64K(512K)
[901.601s][info][gc,heap        ] GC(2579) ParOldGen: 318900K(318976K)->318908K(318976K)
[901.601s][info][gc,metaspace   ] GC(2579) Metaspace: 35618K(36352K)->35618K(36352K) NonClass: 29347K(29888K)->29347K(29888K) Class: 6271K(6464K)->6271K(6464K)
[901.601s][info][gc             ] GC(2579) Pause Young (Allocation Failure) 536M->311M(529M) 2.055ms
[901.601s][info][gc,cpu         ] GC(2579) User=0.00s Sys=0.01s Real=0.00s
[901.861s][info][gc,start       ] GC(2580) Pause Young (Allocation Failure)
[901.863s][info][gc,heap        ] GC(2580) PSYoungGen: 222272K(222720K)->64K(221184K) Eden: 222208K(222208K)->0K(214016K) From: 64K(512K)->64K(7168K)
[901.863s][info][gc,heap        ] GC(2580) ParOldGen: 318908K(318976K)->318916K(318976K)
[901.863s][info][gc,metaspace   ] GC(2580) Metaspace: 35618K(36352K)->35618K(36352K) NonClass: 29347K(29888K)->29347K(29888K) Class: 6271K(6464K)->6271K(6464K)
[901.863s][info][gc             ] GC(2580) Pause Young (Allocation Failure) 528M->311M(527M) 1.292ms
[901.863s][info][gc,cpu         ] GC(2580) User=0.00s Sys=0.00s Real=0.00s
[902.153s][info][gc,start       ] GC(2581) Pause Young (Allocation Failure)
[902.160s][info][gc,heap        ] GC(2581) PSYoungGen: 214080K(221184K)->3776K(257536K) Eden: 214016K(214016K)->0K(253440K) From: 64K(7168K)->3776K(4096K)
[902.160s][info][gc,heap        ] GC(2581) ParOldGen: 318916K(318976K)->318932K(318976K)
[902.160s][info][gc,metaspace   ] GC(2581) Metaspace: 35618K(36352K)->35618K(36352K) NonClass: 29347K(29888K)->29347K(29888K) Class: 6271K(6464K)->6271K(6464K)
[902.160s][info][gc             ] GC(2581) Pause Young (Allocation Failure) 520M->315M(563M) 6.583ms
[902.160s][info][gc,cpu         ] GC(2581) User=0.01s Sys=0.00s Real=0.01s
[902.419s][info][gc,start       ] GC(2582) Pause Young (Allocation Failure)
[902.472s][info][gc,heap        ] GC(2582) PSYoungGen: 257216K(257536K)->7168K(273920K) Eden: 253440K(253440K)->0K(266752K) From: 3776K(4096K)->7168K(7168K)
[902.472s][info][gc,heap        ] GC(2582) ParOldGen: 318932K(318976K)->338604K(338944K)
[902.472s][info][gc,metaspace   ] GC(2582) Metaspace: 35618K(36352K)->35618K(36352K) NonClass: 29347K(29888K)->29347K(29888K) Class: 6271K(6464K)->6271K(6464K)
[902.472s][info][gc             ] GC(2582) Pause Young (Allocation Failure) 562M->337M(598M) 53.057ms
[902.472s][info][gc,cpu         ] GC(2582) User=0.09s Sys=0.01s Real=0.05s
[902.749s][info][gc,start       ] GC(2583) Pause Young (Allocation Failure)
[902.812s][info][gc,heap        ] GC(2583) PSYoungGen: 273920K(273920K)->16384K(301056K) Eden: 266752K(266752K)->0K(284672K) From: 7168K(7168K)->16384K(16384K)
[902.812s][info][gc,heap        ] GC(2583) ParOldGen: 338604K(338944K)->351180K(351232K)
[902.813s][info][gc,metaspace   ] GC(2583) Metaspace: 35618K(36352K)->35618K(36352K) NonClass: 29347K(29888K)->29347K(29888K) Class: 6271K(6464K)->6271K(6464K)
[902.813s][info][gc             ] GC(2583) Pause Young (Allocation Failure) 598M->358M(637M) 63.962ms
[902.813s][info][gc,cpu         ] GC(2583) User=0.10s Sys=0.03s Real=0.06s
[902.957s][info][gc,start       ] GC(2584) Pause Young (Allocation Failure)
[902.982s][info][gc,heap        ] GC(2584) PSYoungGen: 301056K(301056K)->10144K(309248K) Eden: 284672K(284672K)->0K(284672K) From: 16384K(16384K)->10144K(24576K)
[902.982s][info][gc,heap        ] GC(2584) ParOldGen: 351180K(351232K)->351628K(351744K)
[902.982s][info][gc,metaspace   ] GC(2584) Metaspace: 35618K(36352K)->35618K(36352K) NonClass: 29347K(29888K)->29347K(29888K) Class: 6271K(6464K)->6271K(6464K)
[902.982s][info][gc             ] GC(2584) Pause Young (Allocation Failure) 636M->353M(645M) 24.361ms
[902.982s][info][gc,cpu         ] GC(2584) User=0.04s Sys=0.00s Real=0.02s
[903.369s][info][gc,start       ] GC(2585) Pause Young (Allocation Failure)
[903.371s][info][gc,heap        ] GC(2585) PSYoungGen: 294816K(309248K)->64K(307712K) Eden: 284672K(284672K)->0K(285184K) From: 10144K(24576K)->64K(22528K)
[903.371s][info][gc,heap        ] GC(2585) ParOldGen: 351628K(351744K)->351636K(351744K)
[903.371s][info][gc,metaspace   ] GC(2585) Metaspace: 35618K(36352K)->35618K(36352K) NonClass: 29347K(29888K)->29347K(29888K) Class: 6271K(6464K)->6271K(6464K)
[903.371s][info][gc             ] GC(2585) Pause Young (Allocation Failure) 631M->343M(644M) 1.656ms
[903.371s][info][gc,cpu         ] GC(2585) User=0.00s Sys=0.00s Real=0.00s
[903.928s][info][gc,start       ] GC(2586) Pause Young (Allocation Failure)
[903.929s][info][gc,heap        ] GC(2586) PSYoungGen: 285248K(307712K)->64K(308736K) Eden: 285184K(285184K)->0K(285184K) From: 64K(22528K)->64K(23552K)
[903.929s][info][gc,heap        ] GC(2586) ParOldGen: 351636K(351744K)->351644K(351744K)
[903.929s][info][gc,metaspace   ] GC(2586) Metaspace: 35618K(36352K)->35618K(36352K) NonClass: 29347K(29888K)->29347K(29888K) Class: 6271K(6464K)->6271K(6464K)
[903.929s][info][gc             ] GC(2586) Pause Young (Allocation Failure) 621M->343M(645M) 1.433ms
[903.929s][info][gc,cpu         ] GC(2586) User=0.00s Sys=0.00s Real=0.00s
[904.314s][info][gc,start       ] GC(2587) Pause Young (Allocation Failure)
[904.315s][info][gc,heap        ] GC(2587) PSYoungGen: 285248K(308736K)->64K(309248K) Eden: 285184K(285184K)->0K(287744K) From: 64K(23552K)->64K(21504K)
[904.315s][info][gc,heap        ] GC(2587) ParOldGen: 351644K(351744K)->351660K(351744K)
[904.315s][info][gc,metaspace   ] GC(2587) Metaspace: 35618K(36352K)->35618K(36352K) NonClass: 29347K(29888K)->29347K(29888K) Class: 6271K(6464K)->6271K(6464K)
[904.315s][info][gc             ] GC(2587) Pause Young (Allocation Failure) 621M->343M(645M) 1.491ms
[904.316s][info][gc,cpu         ] GC(2587) User=0.00s Sys=0.00s Real=0.01s
[904.493s][info][gc,start       ] GC(2588) Pause Young (Allocation Failure)
[904.494s][info][gc,heap        ] GC(2588) PSYoungGen: 287808K(309248K)->64K(309760K) Eden: 287744K(287744K)->0K(287744K) From: 64K(21504K)->64K(22016K)
[904.494s][info][gc,heap        ] GC(2588) ParOldGen: 351660K(351744K)->351676K(351744K)
[904.494s][info][gc,metaspace   ] GC(2588) Metaspace: 35618K(36352K)->35618K(36352K) NonClass: 29347K(29888K)->29347K(29888K) Class: 6271K(6464K)->6271K(6464K)
[904.494s][info][gc             ] GC(2588) Pause Young (Allocation Failure) 624M->343M(646M) 1.143ms
[904.494s][info][gc,cpu         ] GC(2588) User=0.00s Sys=0.00s Real=0.00s
[904.670s][info][gc,start       ] GC(2589) Pause Young (Allocation Failure)
[904.671s][info][gc,heap        ] GC(2589) PSYoungGen: 287808K(309760K)->64K(310272K) Eden: 287744K(287744K)->0K(290816K) From: 64K(22016K)->64K(19456K)
[904.671s][info][gc,heap        ] GC(2589) ParOldGen: 351676K(351744K)->351676K(351744K)
[904.671s][info][gc,metaspace   ] GC(2589) Metaspace: 35618K(36352K)->35618K(36352K) NonClass: 29347K(29888K)->29347K(29888K) Class: 6271K(6464K)->6271K(6464K)
[904.671s][info][gc             ] GC(2589) Pause Young (Allocation Failure) 624M->343M(646M) 1.210ms
[904.671s][info][gc,cpu         ] GC(2589) User=0.01s Sys=0.00s Real=0.00s
[904.976s][info][gc,start       ] GC(2590) Pause Young (Allocation Failure)
[904.977s][info][gc,heap        ] GC(2590) PSYoungGen: 290880K(310272K)->64K(310784K) Eden: 290816K(290816K)->0K(290816K) From: 64K(19456K)->64K(19968K)
[904.977s][info][gc,heap        ] GC(2590) ParOldGen: 351676K(351744K)->351676K(351744K)
[904.977s][info][gc,metaspace   ] GC(2590) Metaspace: 35618K(36352K)->35618K(36352K) NonClass: 29347K(29888K)->29347K(29888K) Class: 6271K(6464K)->6271K(6464K)
[904.977s][info][gc             ] GC(2590) Pause Young (Allocation Failure) 627M->343M(647M) 1.397ms
[904.977s][info][gc,cpu         ] GC(2590) User=0.00s Sys=0.00s Real=0.00s
[905.088s][info][gc,start       ] GC(2591) Pause Young (Allocation Failure)
[905.089s][info][gc,heap        ] GC(2591) PSYoungGen: 290880K(310784K)->64K(312320K) Eden: 290816K(290816K)->0K(294912K) From: 64K(19968K)->64K(17408K)
[905.089s][info][gc,heap        ] GC(2591) ParOldGen: 351676K(351744K)->351684K(351744K)
[905.089s][info][gc,metaspace   ] GC(2591) Metaspace: 35618K(36352K)->35618K(36352K) NonClass: 29347K(29888K)->29347K(29888K) Class: 6271K(6464K)->6271K(6464K)
[905.089s][info][gc             ] GC(2591) Pause Young (Allocation Failure) 627M->343M(648M) 1.496ms
[905.089s][info][gc,cpu         ] GC(2591) User=0.00s Sys=0.00s Real=0.00s
[905.144s][info][gc,start       ] GC(2592) Pause Young (Allocation Failure)
[905.145s][info][gc,heap        ] GC(2592) PSYoungGen: 294976K(312320K)->64K(312832K) Eden: 294912K(294912K)->0K(294912K) From: 64K(17408K)->64K(17920K)
[905.146s][info][gc,heap        ] GC(2592) ParOldGen: 351684K(351744K)->351700K(351744K)
[905.146s][info][gc,metaspace   ] GC(2592) Metaspace: 35618K(36352K)->35618K(36352K) NonClass: 29347K(29888K)->29347K(29888K) Class: 6271K(6464K)->6271K(6464K)
[905.146s][info][gc             ] GC(2592) Pause Young (Allocation Failure) 631M->343M(649M) 1.424ms
[905.146s][info][gc,cpu         ] GC(2592) User=0.00s Sys=0.00s Real=0.01s
[905.295s][info][gc,start       ] GC(2593) Pause Young (Allocation Failure)
[905.296s][info][gc,heap        ] GC(2593) PSYoungGen: 294976K(312832K)->64K(313856K) Eden: 294912K(294912K)->0K(298496K) From: 64K(17920K)->64K(15360K)
[905.296s][info][gc,heap        ] GC(2593) ParOldGen: 351700K(351744K)->351700K(351744K)
[905.296s][info][gc,metaspace   ] GC(2593) Metaspace: 35618K(36352K)->35618K(36352K) NonClass: 29347K(29888K)->29347K(29888K) Class: 6271K(6464K)->6271K(6464K)
[905.296s][info][gc             ] GC(2593) Pause Young (Allocation Failure) 631M->343M(650M) 1.478ms
[905.297s][info][gc,cpu         ] GC(2593) User=0.00s Sys=0.00s Real=0.00s
[905.547s][info][gc,start       ] GC(2594) Pause Young (Allocation Failure)
[905.549s][info][gc,heap        ] GC(2594) PSYoungGen: 298560K(313856K)->64K(314880K) Eden: 298496K(298496K)->0K(298496K) From: 64K(15360K)->64K(16384K)
[905.549s][info][gc,heap        ] GC(2594) ParOldGen: 351700K(351744K)->351708K(351744K)
[905.549s][info][gc,metaspace   ] GC(2594) Metaspace: 35618K(36352K)->35618K(36352K) NonClass: 29347K(29888K)->29347K(29888K) Class: 6271K(6464K)->6271K(6464K)
[905.549s][info][gc             ] GC(2594) Pause Young (Allocation Failure) 635M->343M(651M) 1.454ms
[905.549s][info][gc,cpu         ] GC(2594) User=0.00s Sys=0.00s Real=0.00s
[905.700s][info][gc,start       ] GC(2595) Pause Young (Allocation Failure)
[905.702s][info][gc,heap        ] GC(2595) PSYoungGen: 298560K(314880K)->64K(315392K) Eden: 298496K(298496K)->0K(302080K) From: 64K(16384K)->64K(13312K)
[905.702s][info][gc,heap        ] GC(2595) ParOldGen: 351708K(351744K)->351716K(351744K)
[905.702s][info][gc,metaspace   ] GC(2595) Metaspace: 35618K(36352K)->35618K(36352K) NonClass: 29347K(29888K)->29347K(29888K) Class: 6271K(6464K)->6271K(6464K)
[905.702s][info][gc             ] GC(2595) Pause Young (Allocation Failure) 635M->343M(651M) 1.416ms
[905.702s][info][gc,cpu         ] GC(2595) User=0.00s Sys=0.00s Real=0.00s
[905.785s][info][gc,start       ] GC(2596) Pause Young (Allocation Failure)
[905.786s][info][gc,heap        ] GC(2596) PSYoungGen: 302144K(315392K)->64K(316416K) Eden: 302080K(302080K)->0K(302080K) From: 64K(13312K)->64K(14336K)
[905.786s][info][gc,heap        ] GC(2596) ParOldGen: 351716K(351744K)->351732K(351744K)
[905.786s][info][gc,metaspace   ] GC(2596) Metaspace: 35618K(36352K)->35618K(36352K) NonClass: 29347K(29888K)->29347K(29888K) Class: 6271K(6464K)->6271K(6464K)
[905.786s][info][gc             ] GC(2596) Pause Young (Allocation Failure) 638M->343M(652M) 1.435ms
[905.786s][info][gc,cpu         ] GC(2596) User=0.01s Sys=0.00s Real=0.00s
[905.959s][info][gc,start       ] GC(2597) Pause Young (Allocation Failure)
[905.960s][info][gc,heap        ] GC(2597) PSYoungGen: 302144K(316416K)->64K(318464K) Eden: 302080K(302080K)->0K(306176K) From: 64K(14336K)->64K(12288K)
[905.960s][info][gc,heap        ] GC(2597) ParOldGen: 351732K(351744K)->351732K(351744K)
[905.960s][info][gc,metaspace   ] GC(2597) Metaspace: 35618K(36352K)->35618K(36352K) NonClass: 29347K(29888K)->29347K(29888K) Class: 6271K(6464K)->6271K(6464K)
[905.960s][info][gc             ] GC(2597) Pause Young (Allocation Failure) 638M->343M(654M) 1.406ms
[905.960s][info][gc,cpu         ] GC(2597) User=0.00s Sys=0.00s Real=0.00s
[906.917s][info][gc,start       ] GC(2598) Pause Young (Allocation Failure)
[906.919s][info][gc,heap        ] GC(2598) PSYoungGen: 306240K(318464K)->83K(294400K) Eden: 306176K(306176K)->0K(293888K) From: 64K(12288K)->83K(512K)
[906.919s][info][gc,heap        ] GC(2598) ParOldGen: 351732K(351744K)->351740K(351744K)
[906.919s][info][gc,metaspace   ] GC(2598) Metaspace: 35618K(36352K)->35618K(36352K) NonClass: 29347K(29888K)->29347K(29888K) Class: 6271K(6464K)->6271K(6464K)
[906.919s][info][gc             ] GC(2598) Pause Young (Allocation Failure) 642M->343M(631M) 2.158ms
[906.919s][info][gc,cpu         ] GC(2598) User=0.00s Sys=0.00s Real=0.00s
[907.769s][info][gc,start       ] GC(2599) Pause Young (Allocation Failure)
[907.770s][info][gc,heap        ] GC(2599) PSYoungGen: 293971K(294400K)->64K(282624K) Eden: 293888K(293888K)->0K(282112K) From: 83K(512K)->64K(512K)
[907.770s][info][gc,heap        ] GC(2599) ParOldGen: 351740K(351744K)->351748K(352256K)
[907.770s][info][gc,metaspace   ] GC(2599) Metaspace: 35618K(36352K)->35618K(36352K) NonClass: 29347K(29888K)->29347K(29888K) Class: 6271K(6464K)->6271K(6464K)
[907.770s][info][gc             ] GC(2599) Pause Young (Allocation Failure) 630M->343M(620M) 1.616ms
[907.770s][info][gc,cpu         ] GC(2599) User=0.00s Sys=0.00s Real=0.00s
[907.987s][info][gc,start       ] GC(2600) Pause Young (Allocation Failure)
[907.988s][info][gc,heap        ] GC(2600) PSYoungGen: 282176K(282624K)->64K(282112K) Eden: 282112K(282112K)->0K(270848K) From: 64K(512K)->64K(11264K)
[907.988s][info][gc,heap        ] GC(2600) ParOldGen: 351748K(352256K)->351756K(352256K)
[907.988s][info][gc,metaspace   ] GC(2600) Metaspace: 35618K(36352K)->35618K(36352K) NonClass: 29347K(29888K)->29347K(29888K) Class: 6271K(6464K)->6271K(6464K)
[907.988s][info][gc             ] GC(2600) Pause Young (Allocation Failure) 619M->343M(619M) 1.462ms
[907.988s][info][gc,cpu         ] GC(2600) User=0.00s Sys=0.00s Real=0.00s
[908.404s][info][gc,start       ] GC(2601) Pause Young (Allocation Failure)
[908.407s][info][gc,heap        ] GC(2601) PSYoungGen: 270912K(282112K)->64K(260608K) Eden: 270848K(270848K)->0K(260096K) From: 64K(11264K)->64K(512K)
[908.407s][info][gc,heap        ] GC(2601) ParOldGen: 351756K(352256K)->351772K(352256K)
[908.407s][info][gc,metaspace   ] GC(2601) Metaspace: 35618K(36352K)->35618K(36352K) NonClass: 29347K(29888K)->29347K(29888K) Class: 6271K(6464K)->6271K(6464K)
[908.407s][info][gc             ] GC(2601) Pause Young (Allocation Failure) 608M->343M(598M) 3.015ms
[908.407s][info][gc,cpu         ] GC(2601) User=0.00s Sys=0.00s Real=0.01s
[909.363s][info][gc,start       ] GC(2602) Pause Young (Allocation Failure)
[909.365s][info][gc,heap        ] GC(2602) PSYoungGen: 260160K(260608K)->64K(259584K) Eden: 260096K(260096K)->0K(249856K) From: 64K(512K)->64K(9728K)
[909.365s][info][gc,heap        ] GC(2602) ParOldGen: 351772K(352256K)->351780K(352256K)
[909.365s][info][gc,metaspace   ] GC(2602) Metaspace: 35618K(36352K)->35618K(36352K) NonClass: 29347K(29888K)->29347K(29888K) Class: 6271K(6464K)->6271K(6464K)
[909.365s][info][gc             ] GC(2602) Pause Young (Allocation Failure) 597M->343M(597M) 2.090ms
[909.365s][info][gc,cpu         ] GC(2602) User=0.01s Sys=0.00s Real=0.01s
[909.737s][info][gc,start       ] GC(2603) Pause Young (Allocation Failure)
[909.741s][info][gc,heap        ] GC(2603) PSYoungGen: 249920K(259584K)->64K(240640K) Eden: 249856K(249856K)->0K(240128K) From: 64K(9728K)->64K(512K)
[909.741s][info][gc,heap        ] GC(2603) ParOldGen: 351780K(352256K)->351788K(352256K)
[909.741s][info][gc,metaspace   ] GC(2603) Metaspace: 35618K(36352K)->35618K(36352K) NonClass: 29347K(29888K)->29347K(29888K) Class: 6271K(6464K)->6271K(6464K)
[909.741s][info][gc             ] GC(2603) Pause Young (Allocation Failure) 587M->343M(579M) 3.290ms
[909.741s][info][gc,cpu         ] GC(2603) User=0.00s Sys=0.00s Real=0.00s
[909.914s][info][gc,start       ] GC(2604) Pause Young (Allocation Failure)
[909.916s][info][gc,heap        ] GC(2604) PSYoungGen: 240192K(240640K)->64K(239616K) Eden: 240128K(240128K)->0K(230912K) From: 64K(512K)->64K(8704K)
[909.916s][info][gc,heap        ] GC(2604) ParOldGen: 351788K(352256K)->351796K(352256K)
[909.916s][info][gc,metaspace   ] GC(2604) Metaspace: 35618K(36352K)->35618K(36352K) NonClass: 29347K(29888K)->29347K(29888K) Class: 6271K(6464K)->6271K(6464K)
[909.916s][info][gc             ] GC(2604) Pause Young (Allocation Failure) 578M->343M(578M) 2.499ms
[909.916s][info][gc,cpu         ] GC(2604) User=0.00s Sys=0.00s Real=0.01s
[909.996s][info][gc,start       ] GC(2605) Pause Young (Allocation Failure)
[909.999s][info][gc,heap        ] GC(2605) PSYoungGen: 230976K(239616K)->64K(280576K) Eden: 230912K(230912K)->0K(274432K) From: 64K(8704K)->64K(6144K)
[909.999s][info][gc,heap        ] GC(2605) ParOldGen: 351796K(352256K)->351804K(352256K)
[909.999s][info][gc,metaspace   ] GC(2605) Metaspace: 35618K(36352K)->35618K(36352K) NonClass: 29347K(29888K)->29347K(29888K) Class: 6271K(6464K)->6271K(6464K)
[909.999s][info][gc             ] GC(2605) Pause Young (Allocation Failure) 569M->343M(618M) 2.613ms
[909.999s][info][gc,cpu         ] GC(2605) User=0.01s Sys=0.00s Real=0.00s
[910.632s][info][gc,start       ] GC(2606) Pause Young (Allocation Failure)
[910.635s][info][gc,heap        ] GC(2606) PSYoungGen: 274496K(280576K)->64K(281600K) Eden: 274432K(274432K)->0K(274432K) From: 64K(6144K)->64K(7168K)
[910.635s][info][gc,heap        ] GC(2606) ParOldGen: 351804K(352256K)->351812K(352256K)
[910.635s][info][gc,metaspace   ] GC(2606) Metaspace: 35618K(36352K)->35618K(36352K) NonClass: 29347K(29888K)->29347K(29888K) Class: 6271K(6464K)->6271K(6464K)
[910.635s][info][gc             ] GC(2606) Pause Young (Allocation Failure) 611M->343M(619M) 2.631ms
[910.635s][info][gc,cpu         ] GC(2606) User=0.00s Sys=0.00s Real=0.01s
[910.867s][info][gc,start       ] GC(2607) Pause Young (Allocation Failure)
[910.870s][info][gc,heap        ] GC(2607) PSYoungGen: 274496K(281600K)->64K(325120K) Eden: 274432K(274432K)->0K(320000K) From: 64K(7168K)->64K(5120K)
[910.870s][info][gc,heap        ] GC(2607) ParOldGen: 351812K(352256K)->351828K(352256K)
[910.870s][info][gc,metaspace   ] GC(2607) Metaspace: 35618K(36352K)->35618K(36352K) NonClass: 29347K(29888K)->29347K(29888K) Class: 6271K(6464K)->6271K(6464K)
[910.870s][info][gc             ] GC(2607) Pause Young (Allocation Failure) 611M->343M(661M) 2.549ms
[910.870s][info][gc,cpu         ] GC(2607) User=0.00s Sys=0.00s Real=0.00s
[911.274s][info][gc,start       ] GC(2608) Pause Young (Allocation Failure)
[911.357s][info][gc,heap        ] GC(2608) PSYoungGen: 320064K(325120K)->6144K(326144K) Eden: 320000K(320000K)->0K(320000K) From: 64K(5120K)->6144K(6144K)
[911.357s][info][gc,heap        ] GC(2608) ParOldGen: 351828K(352256K)->375356K(375808K)
[911.357s][info][gc,metaspace   ] GC(2608) Metaspace: 35618K(36352K)->35618K(36352K) NonClass: 29347K(29888K)->29347K(29888K) Class: 6271K(6464K)->6271K(6464K)
[911.357s][info][gc             ] GC(2608) Pause Young (Allocation Failure) 656M->372M(685M) 82.335ms
[911.357s][info][gc,cpu         ] GC(2608) User=0.10s Sys=0.03s Real=0.09s
[911.703s][info][gc,start       ] GC(2609) Pause Young (Allocation Failure)
[911.791s][info][gc,heap        ] GC(2609) PSYoungGen: 326144K(326144K)->7680K(288256K) Eden: 320000K(320000K)->0K(280576K) From: 6144K(6144K)->7680K(7680K)
[911.791s][info][gc,heap        ] GC(2609) ParOldGen: 375356K(375808K)->402444K(402944K)
[911.791s][info][gc,metaspace   ] GC(2609) Metaspace: 35618K(36352K)->35618K(36352K) NonClass: 29347K(29888K)->29347K(29888K) Class: 6271K(6464K)->6271K(6464K)
[911.791s][info][gc             ] GC(2609) Pause Young (Allocation Failure) 685M->400M(675M) 88.014ms
[911.791s][info][gc,cpu         ] GC(2609) User=0.15s Sys=0.02s Real=0.09s
[911.903s][info][gc,start       ] GC(2610) Pause Young (Allocation Failure)
[911.921s][info][gc,heap        ] GC(2610) PSYoungGen: 288256K(288256K)->5440K(307200K) Eden: 280576K(280576K)->0K(280576K) From: 7680K(7680K)->5440K(26624K)
[911.921s][info][gc,heap        ] GC(2610) ParOldGen: 402444K(402944K)->403436K(403456K)
[911.921s][info][gc,metaspace   ] GC(2610) Metaspace: 35618K(36352K)->35618K(36352K) NonClass: 29347K(29888K)->29347K(29888K) Class: 6271K(6464K)->6271K(6464K)
[911.921s][info][gc             ] GC(2610) Pause Young (Allocation Failure) 674M->399M(694M) 17.556ms
[911.921s][info][gc,cpu         ] GC(2610) User=0.04s Sys=0.00s Real=0.02s
[912.396s][info][gc,start       ] GC(2611) Pause Young (Allocation Failure)
[912.398s][info][gc,heap        ] GC(2611) PSYoungGen: 286016K(307200K)->64K(304640K) Eden: 280576K(280576K)->0K(282112K) From: 5440K(26624K)->64K(22528K)
[912.398s][info][gc,heap        ] GC(2611) ParOldGen: 403436K(403456K)->403444K(403456K)
[912.398s][info][gc,metaspace   ] GC(2611) Metaspace: 35618K(36352K)->35618K(36352K) NonClass: 29347K(29888K)->29347K(29888K) Class: 6271K(6464K)->6271K(6464K)
[912.398s][info][gc             ] GC(2611) Pause Young (Allocation Failure) 673M->394M(691M) 1.845ms
[912.398s][info][gc,cpu         ] GC(2611) User=0.00s Sys=0.00s Real=0.00s
[912.924s][info][gc,start       ] GC(2612) Pause Young (Allocation Failure)
[912.925s][info][gc,heap        ] GC(2612) PSYoungGen: 282176K(304640K)->64K(306688K) Eden: 282112K(282112K)->0K(282112K) From: 64K(22528K)->64K(24576K)
[912.925s][info][gc,heap        ] GC(2612) ParOldGen: 403444K(403456K)->403452K(403456K)
[912.925s][info][gc,metaspace   ] GC(2612) Metaspace: 35618K(36352K)->35618K(36352K) NonClass: 29347K(29888K)->29347K(29888K) Class: 6271K(6464K)->6271K(6464K)
[912.925s][info][gc             ] GC(2612) Pause Young (Allocation Failure) 669M->394M(693M) 1.563ms
[912.926s][info][gc,cpu         ] GC(2612) User=0.00s Sys=0.00s Real=0.01s
[913.317s][info][gc,start       ] GC(2613) Pause Young (Allocation Failure)
[913.319s][info][gc,heap        ] GC(2613) PSYoungGen: 282176K(306688K)->64K(306176K) Eden: 282112K(282112K)->0K(285696K) From: 64K(24576K)->64K(20480K)
[913.319s][info][gc,heap        ] GC(2613) ParOldGen: 403452K(403456K)->403468K(403968K)
[913.319s][info][gc,metaspace   ] GC(2613) Metaspace: 35618K(36352K)->35618K(36352K) NonClass: 29347K(29888K)->29347K(29888K) Class: 6271K(6464K)->6271K(6464K)
[913.319s][info][gc             ] GC(2613) Pause Young (Allocation Failure) 669M->394M(693M) 1.683ms
[913.319s][info][gc,cpu         ] GC(2613) User=0.00s Sys=0.00s Real=0.00s
[913.506s][info][gc,start       ] GC(2614) Pause Young (Allocation Failure)
[913.507s][info][gc,heap        ] GC(2614) PSYoungGen: 285760K(306176K)->64K(308224K) Eden: 285696K(285696K)->0K(285696K) From: 64K(20480K)->64K(22528K)
[913.507s][info][gc,heap        ] GC(2614) ParOldGen: 403468K(403968K)->403484K(403968K)
[913.507s][info][gc,metaspace   ] GC(2614) Metaspace: 35618K(36352K)->35618K(36352K) NonClass: 29347K(29888K)->29347K(29888K) Class: 6271K(6464K)->6271K(6464K)
[913.507s][info][gc             ] GC(2614) Pause Young (Allocation Failure) 673M->394M(695M) 1.573ms
[913.507s][info][gc,cpu         ] GC(2614) User=0.00s Sys=0.00s Real=0.00s
[913.693s][info][gc,start       ] GC(2615) Pause Young (Allocation Failure)
[913.695s][info][gc,heap        ] GC(2615) PSYoungGen: 285760K(308224K)->64K(308224K) Eden: 285696K(285696K)->0K(289792K) From: 64K(22528K)->64K(18432K)
[913.695s][info][gc,heap        ] GC(2615) ParOldGen: 403484K(403968K)->403484K(403968K)
[913.695s][info][gc,metaspace   ] GC(2615) Metaspace: 35618K(36352K)->35618K(36352K) NonClass: 29347K(29888K)->29347K(29888K) Class: 6271K(6464K)->6271K(6464K)
[913.695s][info][gc             ] GC(2615) Pause Young (Allocation Failure) 673M->394M(695M) 1.501ms
[913.695s][info][gc,cpu         ] GC(2615) User=0.00s Sys=0.00s Real=0.01s
[914.017s][info][gc,start       ] GC(2616) Pause Young (Allocation Failure)
[914.018s][info][gc,heap        ] GC(2616) PSYoungGen: 289856K(308224K)->64K(310272K) Eden: 289792K(289792K)->0K(289792K) From: 64K(18432K)->64K(20480K)
[914.018s][info][gc,heap        ] GC(2616) ParOldGen: 403484K(403968K)->403484K(403968K)
[914.018s][info][gc,metaspace   ] GC(2616) Metaspace: 35618K(36352K)->35618K(36352K) NonClass: 29347K(29888K)->29347K(29888K) Class: 6271K(6464K)->6271K(6464K)
[914.018s][info][gc             ] GC(2616) Pause Young (Allocation Failure) 677M->394M(697M) 1.572ms
[914.018s][info][gc,cpu         ] GC(2616) User=0.00s Sys=0.00s Real=0.00s
[914.110s][info][gc,start       ] GC(2617) Pause Young (Allocation Failure)
[914.111s][info][gc,heap        ] GC(2617) PSYoungGen: 289856K(310272K)->64K(310272K) Eden: 289792K(289792K)->0K(293888K) From: 64K(20480K)->64K(16384K)
[914.111s][info][gc,heap        ] GC(2617) ParOldGen: 403484K(403968K)->403492K(403968K)
[914.111s][info][gc,metaspace   ] GC(2617) Metaspace: 35618K(36352K)->35618K(36352K) NonClass: 29347K(29888K)->29347K(29888K) Class: 6271K(6464K)->6271K(6464K)
[914.111s][info][gc             ] GC(2617) Pause Young (Allocation Failure) 677M->394M(697M) 1.475ms
[914.111s][info][gc,cpu         ] GC(2617) User=0.00s Sys=0.00s Real=0.00s
[914.165s][info][gc,start       ] GC(2618) Pause Young (Allocation Failure)
[914.167s][info][gc,heap        ] GC(2618) PSYoungGen: 293952K(310272K)->64K(312320K) Eden: 293888K(293888K)->0K(293888K) From: 64K(16384K)->64K(18432K)
[914.167s][info][gc,heap        ] GC(2618) ParOldGen: 403492K(403968K)->403508K(403968K)
[914.167s][info][gc,metaspace   ] GC(2618) Metaspace: 35618K(36352K)->35618K(36352K) NonClass: 29347K(29888K)->29347K(29888K) Class: 6271K(6464K)->6271K(6464K)
[914.167s][info][gc             ] GC(2618) Pause Young (Allocation Failure) 681M->394M(699M) 1.489ms
[914.167s][info][gc,cpu         ] GC(2618) User=0.00s Sys=0.00s Real=0.00s
[914.329s][info][gc,start       ] GC(2619) Pause Young (Allocation Failure)
[914.330s][info][gc,heap        ] GC(2619) PSYoungGen: 293952K(312320K)->64K(313344K) Eden: 293888K(293888K)->0K(297984K) From: 64K(18432K)->64K(15360K)
[914.330s][info][gc,heap        ] GC(2619) ParOldGen: 403508K(403968K)->403508K(403968K)
[914.330s][info][gc,metaspace   ] GC(2619) Metaspace: 35618K(36352K)->35618K(36352K) NonClass: 29347K(29888K)->29347K(29888K) Class: 6271K(6464K)->6271K(6464K)
[914.330s][info][gc             ] GC(2619) Pause Young (Allocation Failure) 681M->394M(700M) 1.500ms
[914.330s][info][gc,cpu         ] GC(2619) User=0.00s Sys=0.00s Real=0.00s
[914.572s][info][gc,start       ] GC(2620) Pause Young (Allocation Failure)
[914.573s][info][gc,heap        ] GC(2620) PSYoungGen: 298048K(313344K)->64K(314880K) Eden: 297984K(297984K)->0K(297984K) From: 64K(15360K)->64K(16896K)
[914.573s][info][gc,heap        ] GC(2620) ParOldGen: 403508K(403968K)->403516K(403968K)
[914.573s][info][gc,metaspace   ] GC(2620) Metaspace: 35618K(36352K)->35618K(36352K) NonClass: 29347K(29888K)->29347K(29888K) Class: 6271K(6464K)->6271K(6464K)
[914.573s][info][gc             ] GC(2620) Pause Young (Allocation Failure) 685M->394M(702M) 1.511ms
[914.573s][info][gc,cpu         ] GC(2620) User=0.01s Sys=0.00s Real=0.00s
[914.715s][info][gc,start       ] GC(2621) Pause Young (Allocation Failure)
[914.717s][info][gc,heap        ] GC(2621) PSYoungGen: 298048K(314880K)->64K(314368K) Eden: 297984K(297984K)->0K(301056K) From: 64K(16896K)->64K(13312K)
[914.717s][info][gc,heap        ] GC(2621) ParOldGen: 403516K(403968K)->403524K(403968K)
[914.717s][info][gc,metaspace   ] GC(2621) Metaspace: 35618K(36352K)->35618K(36352K) NonClass: 29347K(29888K)->29347K(29888K) Class: 6271K(6464K)->6271K(6464K)
[914.717s][info][gc             ] GC(2621) Pause Young (Allocation Failure) 685M->394M(701M) 1.572ms
[914.717s][info][gc,cpu         ] GC(2621) User=0.00s Sys=0.00s Real=0.00s
[914.796s][info][gc,start       ] GC(2622) Pause Young (Allocation Failure)
[914.797s][info][gc,heap        ] GC(2622) PSYoungGen: 301120K(314368K)->64K(315904K) Eden: 301056K(301056K)->0K(301056K) From: 64K(13312K)->64K(14848K)
[914.797s][info][gc,heap        ] GC(2622) ParOldGen: 403524K(403968K)->403540K(403968K)
[914.797s][info][gc,metaspace   ] GC(2622) Metaspace: 35618K(36352K)->35618K(36352K) NonClass: 29347K(29888K)->29347K(29888K) Class: 6271K(6464K)->6271K(6464K)
[914.797s][info][gc             ] GC(2622) Pause Young (Allocation Failure) 688M->394M(703M) 1.531ms
[914.797s][info][gc,cpu         ] GC(2622) User=0.00s Sys=0.00s Real=0.00s
[914.973s][info][gc,start       ] GC(2623) Pause Young (Allocation Failure)
[914.974s][info][gc,heap        ] GC(2623) PSYoungGen: 301120K(315904K)->64K(316416K) Eden: 301056K(301056K)->0K(305152K) From: 64K(14848K)->64K(11264K)
[914.974s][info][gc,heap        ] GC(2623) ParOldGen: 403540K(403968K)->403540K(403968K)
[914.974s][info][gc,metaspace   ] GC(2623) Metaspace: 35618K(36352K)->35618K(36352K) NonClass: 29347K(29888K)->29347K(29888K) Class: 6271K(6464K)->6271K(6464K)
[914.974s][info][gc             ] GC(2623) Pause Young (Allocation Failure) 688M->394M(703M) 1.504ms
[914.974s][info][gc,cpu         ] GC(2623) User=0.00s Sys=0.00s Real=0.00s
[915.921s][info][gc,start       ] GC(2624) Pause Young (Allocation Failure)
[915.922s][info][gc,heap        ] GC(2624) PSYoungGen: 305216K(316416K)->64K(317952K) Eden: 305152K(305152K)->0K(305152K) From: 64K(11264K)->64K(12800K)
[915.922s][info][gc,heap        ] GC(2624) ParOldGen: 403540K(403968K)->403548K(403968K)
[915.922s][info][gc,metaspace   ] GC(2624) Metaspace: 35618K(36352K)->35618K(36352K) NonClass: 29347K(29888K)->29347K(29888K) Class: 6271K(6464K)->6271K(6464K)
[915.922s][info][gc             ] GC(2624) Pause Young (Allocation Failure) 692M->394M(705M) 1.565ms
[915.922s][info][gc,cpu         ] GC(2624) User=0.00s Sys=0.01s Real=0.00s
[916.786s][info][gc,start       ] GC(2625) Pause Young (Allocation Failure)
[916.788s][info][gc,heap        ] GC(2625) PSYoungGen: 305216K(317952K)->64K(293376K) Eden: 305152K(305152K)->0K(292864K) From: 64K(12800K)->64K(512K)
[916.788s][info][gc,heap        ] GC(2625) ParOldGen: 403548K(403968K)->403556K(403968K)
[916.788s][info][gc,metaspace   ] GC(2625) Metaspace: 35618K(36352K)->35618K(36352K) NonClass: 29347K(29888K)->29347K(29888K) Class: 6271K(6464K)->6271K(6464K)
[916.788s][info][gc             ] GC(2625) Pause Young (Allocation Failure) 692M->394M(681M) 2.163ms
[916.788s][info][gc,cpu         ] GC(2625) User=0.00s Sys=0.00s Real=0.00s
[917.070s][info][gc,start       ] GC(2626) Pause Young (Allocation Failure)
[917.071s][info][gc,heap        ] GC(2626) PSYoungGen: 292928K(293376K)->64K(292352K) Eden: 292864K(292864K)->0K(281088K) From: 64K(512K)->64K(11264K)
[917.071s][info][gc,heap        ] GC(2626) ParOldGen: 403556K(403968K)->403564K(403968K)
[917.071s][info][gc,metaspace   ] GC(2626) Metaspace: 35618K(36352K)->35618K(36352K) NonClass: 29347K(29888K)->29347K(29888K) Class: 6271K(6464K)->6271K(6464K)
[917.071s][info][gc             ] GC(2626) Pause Young (Allocation Failure) 680M->394M(680M) 1.495ms
[917.071s][info][gc,cpu         ] GC(2626) User=0.00s Sys=0.00s Real=0.00s
[917.508s][info][gc,start       ] GC(2627) Pause Young (Allocation Failure)
[917.510s][info][gc,heap        ] GC(2627) PSYoungGen: 281152K(292352K)->64K(270336K) Eden: 281088K(281088K)->0K(269824K) From: 64K(11264K)->64K(512K)
[917.510s][info][gc,heap        ] GC(2627) ParOldGen: 403564K(403968K)->403572K(403968K)
[917.510s][info][gc,metaspace   ] GC(2627) Metaspace: 35618K(36352K)->35618K(36352K) NonClass: 29347K(29888K)->29347K(29888K) Class: 6271K(6464K)->6271K(6464K)
[917.510s][info][gc             ] GC(2627) Pause Young (Allocation Failure) 668M->394M(658M) 2.249ms
[917.510s][info][gc,cpu         ] GC(2627) User=0.00s Sys=0.00s Real=0.00s
[918.456s][info][gc,start       ] GC(2628) Pause Young (Allocation Failure)
[918.457s][info][gc,heap        ] GC(2628) PSYoungGen: 269888K(270336K)->64K(269312K) Eden: 269824K(269824K)->0K(259584K) From: 64K(512K)->64K(9728K)
[918.457s][info][gc,heap        ] GC(2628) ParOldGen: 403572K(403968K)->403580K(403968K)
[918.457s][info][gc,metaspace   ] GC(2628) Metaspace: 35618K(36352K)->35618K(36352K) NonClass: 29347K(29888K)->29347K(29888K) Class: 6271K(6464K)->6271K(6464K)
[918.457s][info][gc             ] GC(2628) Pause Young (Allocation Failure) 657M->394M(657M) 1.606ms
[918.457s][info][gc,cpu         ] GC(2628) User=0.00s Sys=0.00s Real=0.00s
[918.803s][info][gc,start       ] GC(2629) Pause Young (Allocation Failure)
[918.807s][info][gc,heap        ] GC(2629) PSYoungGen: 259648K(269312K)->64K(250368K) Eden: 259584K(259584K)->0K(249856K) From: 64K(9728K)->64K(512K)
[918.807s][info][gc,heap        ] GC(2629) ParOldGen: 403580K(403968K)->403588K(403968K)
[918.807s][info][gc,metaspace   ] GC(2629) Metaspace: 35618K(36352K)->35618K(36352K) NonClass: 29347K(29888K)->29347K(29888K) Class: 6271K(6464K)->6271K(6464K)
[918.807s][info][gc             ] GC(2629) Pause Young (Allocation Failure) 647M->394M(639M) 3.551ms
[918.807s][info][gc,cpu         ] GC(2629) User=0.01s Sys=0.00s Real=0.01s
[918.953s][info][gc,start       ] GC(2630) Pause Young (Allocation Failure)
[918.955s][info][gc,heap        ] GC(2630) PSYoungGen: 249920K(250368K)->64K(248832K) Eden: 249856K(249856K)->0K(240128K) From: 64K(512K)->64K(8704K)
[918.955s][info][gc,heap        ] GC(2630) ParOldGen: 403588K(403968K)->403596K(403968K)
[918.955s][info][gc,metaspace   ] GC(2630) Metaspace: 35618K(36352K)->35618K(36352K) NonClass: 29347K(29888K)->29347K(29888K) Class: 6271K(6464K)->6271K(6464K)
[918.955s][info][gc             ] GC(2630) Pause Young (Allocation Failure) 638M->394M(637M) 2.122ms
[918.955s][info][gc,cpu         ] GC(2630) User=0.00s Sys=0.00s Real=0.01s
[919.163s][info][gc,start       ] GC(2631) Pause Young (Allocation Failure)
[919.165s][info][gc,heap        ] GC(2631) PSYoungGen: 240192K(248832K)->64K(231424K) Eden: 240128K(240128K)->0K(230912K) From: 64K(8704K)->64K(512K)
[919.165s][info][gc,heap        ] GC(2631) ParOldGen: 403596K(403968K)->403604K(403968K)
[919.165s][info][gc,metaspace   ] GC(2631) Metaspace: 35618K(36352K)->35618K(36352K) NonClass: 29347K(29888K)->29347K(29888K) Class: 6271K(6464K)->6271K(6464K)
[919.165s][info][gc             ] GC(2631) Pause Young (Allocation Failure) 628M->394M(620M) 2.021ms
[919.165s][info][gc,cpu         ] GC(2631) User=0.00s Sys=0.00s Real=0.01s
[919.658s][info][gc,start       ] GC(2632) Pause Young (Allocation Failure)
[919.660s][info][gc,heap        ] GC(2632) PSYoungGen: 230976K(231424K)->64K(229888K) Eden: 230912K(230912K)->0K(222208K) From: 64K(512K)->64K(7680K)
[919.660s][info][gc,heap        ] GC(2632) ParOldGen: 403604K(403968K)->403612K(403968K)
[919.660s][info][gc,metaspace   ] GC(2632) Metaspace: 35618K(36352K)->35618K(36352K) NonClass: 29347K(29888K)->29347K(29888K) Class: 6271K(6464K)->6271K(6464K)
[919.660s][info][gc             ] GC(2632) Pause Young (Allocation Failure) 619M->394M(619M) 1.497ms
[919.660s][info][gc,cpu         ] GC(2632) User=0.01s Sys=0.00s Real=0.00s
[919.869s][info][gc,start       ] GC(2633) Pause Young (Allocation Failure)
[919.872s][info][gc,heap        ] GC(2633) PSYoungGen: 222272K(229888K)->64K(214528K) Eden: 222208K(222208K)->0K(214016K) From: 64K(7680K)->64K(512K)
[919.872s][info][gc,heap        ] GC(2633) ParOldGen: 403612K(403968K)->403620K(403968K)
[919.872s][info][gc,metaspace   ] GC(2633) Metaspace: 35618K(36352K)->35618K(36352K) NonClass: 29347K(29888K)->29347K(29888K) Class: 6271K(6464K)->6271K(6464K)
[919.872s][info][gc             ] GC(2633) Pause Young (Allocation Failure) 611M->394M(604M) 2.165ms
[919.872s][info][gc,cpu         ] GC(2633) User=0.00s Sys=0.00s Real=0.00s
[920.137s][info][gc,start       ] GC(2634) Pause Young (Allocation Failure)
[920.171s][info][gc,heap        ] GC(2634) PSYoungGen: 214080K(214528K)->6656K(262656K) Eden: 214016K(214016K)->0K(256000K) From: 64K(512K)->6656K(6656K)
[920.171s][info][gc,heap        ] GC(2634) ParOldGen: 403620K(403968K)->414660K(414720K)
[920.171s][info][gc,metaspace   ] GC(2634) Metaspace: 35618K(36352K)->35618K(36352K) NonClass: 29347K(29888K)->29347K(29888K) Class: 6271K(6464K)->6271K(6464K)
[920.171s][info][gc             ] GC(2634) Pause Young (Allocation Failure) 603M->411M(661M) 34.538ms
[920.171s][info][gc,cpu         ] GC(2634) User=0.06s Sys=0.01s Real=0.03s
[920.448s][info][gc,start       ] GC(2635) Pause Young (Allocation Failure)
[920.507s][info][gc,heap        ] GC(2635) PSYoungGen: 262656K(262656K)->6656K(268288K) Eden: 256000K(256000K)->0K(261632K) From: 6656K(6656K)->6656K(6656K)
[920.507s][info][gc,heap        ] GC(2635) ParOldGen: 414660K(414720K)->435532K(435712K)
[920.507s][info][gc,metaspace   ] GC(2635) Metaspace: 35618K(36352K)->35618K(36352K) NonClass: 29347K(29888K)->29347K(29888K) Class: 6271K(6464K)->6271K(6464K)
[920.508s][info][gc             ] GC(2635) Pause Young (Allocation Failure) 661M->431M(687M) 59.403ms
[920.508s][info][gc,cpu         ] GC(2635) User=0.10s Sys=0.01s Real=0.06s
[920.762s][info][gc,start       ] GC(2636) Pause Young (Allocation Failure)
[920.807s][info][gc,heap        ] GC(2636) PSYoungGen: 268288K(268288K)->20480K(282112K) Eden: 261632K(261632K)->0K(261632K) From: 6656K(6656K)->20480K(20480K)
[920.807s][info][gc,heap        ] GC(2636) ParOldGen: 435532K(435712K)->439972K(440320K)
[920.807s][info][gc,metaspace   ] GC(2636) Metaspace: 35618K(36352K)->35618K(36352K) NonClass: 29347K(29888K)->29347K(29888K) Class: 6271K(6464K)->6271K(6464K)
[920.807s][info][gc             ] GC(2636) Pause Young (Allocation Failure) 687M->449M(705M) 45.148ms
[920.807s][info][gc,cpu         ] GC(2636) User=0.08s Sys=0.01s Real=0.05s
[920.887s][info][gc,start       ] GC(2637) Pause Young (Allocation Failure)
[920.889s][info][gc,heap        ] GC(2637) PSYoungGen: 282112K(282112K)->64K(308224K) Eden: 261632K(261632K)->0K(281600K) From: 20480K(20480K)->64K(26624K)
[920.889s][info][gc,heap        ] GC(2637) ParOldGen: 439972K(440320K)->440116K(440320K)
[920.889s][info][gc,metaspace   ] GC(2637) Metaspace: 35618K(36352K)->35618K(36352K) NonClass: 29347K(29888K)->29347K(29888K) Class: 6271K(6464K)->6271K(6464K)
[920.890s][info][gc             ] GC(2637) Pause Young (Allocation Failure) 705M->429M(731M) 2.701ms
[920.890s][info][gc,cpu         ] GC(2637) User=0.01s Sys=0.00s Real=0.00s
[921.493s][info][gc,start       ] GC(2638) Pause Young (Allocation Failure)
[921.495s][info][gc,heap        ] GC(2638) PSYoungGen: 281664K(308224K)->64K(282112K) Eden: 281600K(281600K)->0K(281600K) From: 64K(26624K)->64K(512K)
[921.495s][info][gc,heap        ] GC(2638) ParOldGen: 440116K(440320K)->440124K(440320K)
[921.495s][info][gc,metaspace   ] GC(2638) Metaspace: 35618K(36352K)->35618K(36352K) NonClass: 29347K(29888K)->29347K(29888K) Class: 6271K(6464K)->6271K(6464K)
[921.495s][info][gc             ] GC(2638) Pause Young (Allocation Failure) 704M->429M(705M) 1.600ms
[921.495s][info][gc,cpu         ] GC(2638) User=0.00s Sys=0.00s Real=0.01s
[921.943s][info][gc,start       ] GC(2639) Pause Young (Allocation Failure)
[921.945s][info][gc,heap        ] GC(2639) PSYoungGen: 281664K(282112K)->160K(306688K) Eden: 281600K(281600K)->0K(282112K) From: 64K(512K)->160K(24576K)
[921.945s][info][gc,heap        ] GC(2639) ParOldGen: 440124K(440320K)->440132K(440320K)
[921.945s][info][gc,metaspace   ] GC(2639) Metaspace: 35700K(36352K)->35700K(36352K) NonClass: 29428K(29888K)->29428K(29888K) Class: 6272K(6464K)->6272K(6464K)
[921.945s][info][gc             ] GC(2639) Pause Young (Allocation Failure) 704M->429M(729M) 2.220ms
[921.945s][info][gc,cpu         ] GC(2639) User=0.00s Sys=0.00s Real=0.01s
[922.338s][info][gc,start       ] GC(2640) Pause Young (Allocation Failure)
[922.340s][info][gc,heap        ] GC(2640) PSYoungGen: 282272K(306688K)->64K(306176K) Eden: 282112K(282112K)->0K(282112K) From: 160K(24576K)->64K(24064K)
[922.340s][info][gc,heap        ] GC(2640) ParOldGen: 440132K(440320K)->440228K(440320K)
[922.340s][info][gc,metaspace   ] GC(2640) Metaspace: 35700K(36352K)->35700K(36352K) NonClass: 29428K(29888K)->29428K(29888K) Class: 6272K(6464K)->6272K(6464K)
[922.340s][info][gc             ] GC(2640) Pause Young (Allocation Failure) 705M->429M(729M) 1.783ms
[922.340s][info][gc,cpu         ] GC(2640) User=0.00s Sys=0.00s Real=0.00s
[922.524s][info][gc,start       ] GC(2641) Pause Young (Allocation Failure)
[922.526s][info][gc,heap        ] GC(2641) PSYoungGen: 282176K(306176K)->64K(308736K) Eden: 282112K(282112K)->0K(286208K) From: 64K(24064K)->64K(22528K)
[922.526s][info][gc,heap        ] GC(2641) ParOldGen: 440228K(440320K)->440244K(440320K)
[922.526s][info][gc,metaspace   ] GC(2641) Metaspace: 35700K(36352K)->35700K(36352K) NonClass: 29428K(29888K)->29428K(29888K) Class: 6272K(6464K)->6272K(6464K)
[922.526s][info][gc             ] GC(2641) Pause Young (Allocation Failure) 705M->429M(731M) 1.713ms
[922.526s][info][gc,cpu         ] GC(2641) User=0.00s Sys=0.00s Real=0.01s
[922.711s][info][gc,start       ] GC(2642) Pause Young (Allocation Failure)
[922.713s][info][gc,heap        ] GC(2642) PSYoungGen: 286272K(308736K)->64K(308224K) Eden: 286208K(286208K)->0K(286208K) From: 64K(22528K)->64K(22016K)
[922.713s][info][gc,heap        ] GC(2642) ParOldGen: 440244K(440320K)->440244K(440320K)
[922.713s][info][gc,metaspace   ] GC(2642) Metaspace: 35700K(36352K)->35700K(36352K) NonClass: 29428K(29888K)->29428K(29888K) Class: 6272K(6464K)->6272K(6464K)
[922.713s][info][gc             ] GC(2642) Pause Young (Allocation Failure) 709M->429M(731M) 1.640ms
[922.713s][info][gc,cpu         ] GC(2642) User=0.00s Sys=0.00s Real=0.00s
[923.043s][info][gc,start       ] GC(2643) Pause Young (Allocation Failure)
[923.045s][info][gc,heap        ] GC(2643) PSYoungGen: 286272K(308224K)->64K(310784K) Eden: 286208K(286208K)->0K(290304K) From: 64K(22016K)->64K(20480K)
[923.045s][info][gc,heap        ] GC(2643) ParOldGen: 440244K(440320K)->440244K(440320K)
[923.045s][info][gc,metaspace   ] GC(2643) Metaspace: 35700K(36352K)->35700K(36352K) NonClass: 29428K(29888K)->29428K(29888K) Class: 6272K(6464K)->6272K(6464K)
[923.045s][info][gc             ] GC(2643) Pause Young (Allocation Failure) 709M->429M(733M) 1.625ms
[923.045s][info][gc,cpu         ] GC(2643) User=0.00s Sys=0.00s Real=0.01s
[923.108s][info][gc,start       ] GC(2644) Pause Young (Allocation Failure)
[923.110s][info][gc,heap        ] GC(2644) PSYoungGen: 290368K(310784K)->64K(309760K) Eden: 290304K(290304K)->0K(290304K) From: 64K(20480K)->64K(19456K)
[923.110s][info][gc,heap        ] GC(2644) ParOldGen: 440244K(440320K)->440252K(440320K)
[923.110s][info][gc,metaspace   ] GC(2644) Metaspace: 35700K(36352K)->35700K(36352K) NonClass: 29428K(29888K)->29428K(29888K) Class: 6272K(6464K)->6272K(6464K)
[923.110s][info][gc             ] GC(2644) Pause Young (Allocation Failure) 713M->429M(732M) 1.655ms
[923.110s][info][gc,cpu         ] GC(2644) User=0.01s Sys=0.00s Real=0.00s
[923.163s][info][gc,start       ] GC(2645) Pause Young (Allocation Failure)
[923.165s][info][gc,heap        ] GC(2645) PSYoungGen: 290368K(309760K)->64K(313344K) Eden: 290304K(290304K)->0K(294912K) From: 64K(19456K)->64K(18432K)
[923.165s][info][gc,heap        ] GC(2645) ParOldGen: 440252K(440320K)->440268K(440320K)
[923.165s][info][gc,metaspace   ] GC(2645) Metaspace: 35700K(36352K)->35700K(36352K) NonClass: 29428K(29888K)->29428K(29888K) Class: 6272K(6464K)->6272K(6464K)
[923.165s][info][gc             ] GC(2645) Pause Young (Allocation Failure) 713M->430M(736M) 1.537ms
[923.165s][info][gc,cpu         ] GC(2645) User=0.00s Sys=0.00s Real=0.01s
[923.355s][info][gc,start       ] GC(2646) Pause Young (Allocation Failure)
[923.356s][info][gc,heap        ] GC(2646) PSYoungGen: 294976K(313344K)->64K(312320K) Eden: 294912K(294912K)->0K(294912K) From: 64K(18432K)->64K(17408K)
[923.356s][info][gc,heap        ] GC(2646) ParOldGen: 440268K(440320K)->440268K(440320K)
[923.356s][info][gc,metaspace   ] GC(2646) Metaspace: 35700K(36352K)->35700K(36352K) NonClass: 29428K(29888K)->29428K(29888K) Class: 6272K(6464K)->6272K(6464K)
[923.356s][info][gc             ] GC(2646) Pause Young (Allocation Failure) 718M->430M(735M) 1.612ms
[923.356s][info][gc,cpu         ] GC(2646) User=0.00s Sys=0.00s Real=0.00s
[923.590s][info][gc,start       ] GC(2647) Pause Young (Allocation Failure)
[923.592s][info][gc,heap        ] GC(2647) PSYoungGen: 294976K(312320K)->64K(315392K) Eden: 294912K(294912K)->0K(299008K) From: 64K(17408K)->64K(16384K)
[923.592s][info][gc,heap        ] GC(2647) ParOldGen: 440268K(440320K)->440276K(440320K)
[923.592s][info][gc,metaspace   ] GC(2647) Metaspace: 35700K(36352K)->35700K(36352K) NonClass: 29428K(29888K)->29428K(29888K) Class: 6272K(6464K)->6272K(6464K)
[923.592s][info][gc             ] GC(2647) Pause Young (Allocation Failure) 718M->430M(738M) 1.609ms
[923.592s][info][gc,cpu         ] GC(2647) User=0.01s Sys=0.00s Real=0.00s
[923.726s][info][gc,start       ] GC(2648) Pause Young (Allocation Failure)
[923.727s][info][gc,heap        ] GC(2648) PSYoungGen: 299072K(315392K)->64K(314368K) Eden: 299008K(299008K)->0K(299008K) From: 64K(16384K)->64K(15360K)
[923.727s][info][gc,heap        ] GC(2648) ParOldGen: 440276K(440320K)->440284K(440320K)
[923.727s][info][gc,metaspace   ] GC(2648) Metaspace: 35700K(36352K)->35700K(36352K) NonClass: 29428K(29888K)->29428K(29888K) Class: 6272K(6464K)->6272K(6464K)
[923.727s][info][gc             ] GC(2648) Pause Young (Allocation Failure) 722M->430M(737M) 1.655ms
[923.728s][info][gc,cpu         ] GC(2648) User=0.00s Sys=0.00s Real=0.00s
[923.813s][info][gc,start       ] GC(2649) Pause Young (Allocation Failure)
[923.814s][info][gc,heap        ] GC(2649) PSYoungGen: 299072K(314368K)->64K(317440K) Eden: 299008K(299008K)->0K(303104K) From: 64K(15360K)->64K(14336K)
[923.814s][info][gc,heap        ] GC(2649) ParOldGen: 440284K(440320K)->440292K(440320K)
[923.814s][info][gc,metaspace   ] GC(2649) Metaspace: 35700K(36352K)->35700K(36352K) NonClass: 29428K(29888K)->29428K(29888K) Class: 6272K(6464K)->6272K(6464K)
[923.814s][info][gc             ] GC(2649) Pause Young (Allocation Failure) 722M->430M(740M) 1.559ms
[923.814s][info][gc,cpu         ] GC(2649) User=0.00s Sys=0.00s Real=0.00s
[924.000s][info][gc,start       ] GC(2650) Pause Young (Allocation Failure)
[924.002s][info][gc,heap        ] GC(2650) PSYoungGen: 303168K(317440K)->64K(316928K) Eden: 303104K(303104K)->0K(303104K) From: 64K(14336K)->64K(13824K)
[924.002s][info][gc,heap        ] GC(2650) ParOldGen: 440292K(440320K)->440300K(440320K)
[924.002s][info][gc,metaspace   ] GC(2650) Metaspace: 35700K(36352K)->35700K(36352K) NonClass: 29428K(29888K)->29428K(29888K) Class: 6272K(6464K)->6272K(6464K)
[924.002s][info][gc             ] GC(2650) Pause Young (Allocation Failure) 726M->430M(739M) 1.576ms
[924.002s][info][gc,cpu         ] GC(2650) User=0.01s Sys=0.00s Real=0.00s
[924.936s][info][gc,start       ] GC(2651) Pause Young (Allocation Failure)
[924.937s][info][gc,heap        ] GC(2651) PSYoungGen: 303168K(316928K)->83K(318976K) Eden: 303104K(303104K)->0K(306688K) From: 64K(13824K)->83K(12288K)
[924.937s][info][gc,heap        ] GC(2651) ParOldGen: 440300K(440320K)->440308K(440320K)
[924.937s][info][gc,metaspace   ] GC(2651) Metaspace: 35700K(36352K)->35700K(36352K) NonClass: 29428K(29888K)->29428K(29888K) Class: 6272K(6464K)->6272K(6464K)
[924.937s][info][gc             ] GC(2651) Pause Young (Allocation Failure) 726M->430M(741M) 1.667ms
[924.937s][info][gc,cpu         ] GC(2651) User=0.01s Sys=0.00s Real=0.00s
[925.809s][info][gc,start       ] GC(2652) Pause Young (Allocation Failure)
[925.811s][info][gc,heap        ] GC(2652) PSYoungGen: 306771K(318976K)->64K(294912K) Eden: 306688K(306688K)->0K(294400K) From: 83K(12288K)->64K(512K)
[925.811s][info][gc,heap        ] GC(2652) ParOldGen: 440308K(440320K)->440316K(440320K)
[925.811s][info][gc,metaspace   ] GC(2652) Metaspace: 35700K(36352K)->35700K(36352K) NonClass: 29428K(29888K)->29428K(29888K) Class: 6272K(6464K)->6272K(6464K)
[925.811s][info][gc             ] GC(2652) Pause Young (Allocation Failure) 729M->430M(718M) 1.705ms
[925.811s][info][gc,cpu         ] GC(2652) User=0.00s Sys=0.00s Real=0.00s
[926.148s][info][gc,start       ] GC(2653) Pause Young (Allocation Failure)
[926.150s][info][gc,heap        ] GC(2653) PSYoungGen: 294464K(294912K)->64K(283136K) Eden: 294400K(294400K)->0K(282624K) From: 64K(512K)->64K(512K)
[926.150s][info][gc,heap        ] GC(2653) ParOldGen: 440316K(440320K)->440324K(440832K)
[926.150s][info][gc,metaspace   ] GC(2653) Metaspace: 35700K(36352K)->35700K(36352K) NonClass: 29428K(29888K)->29428K(29888K) Class: 6272K(6464K)->6272K(6464K)
[926.150s][info][gc             ] GC(2653) Pause Young (Allocation Failure) 717M->430M(707M) 1.693ms
[926.150s][info][gc,cpu         ] GC(2653) User=0.00s Sys=0.01s Real=0.00s
[926.541s][info][gc,start       ] GC(2654) Pause Young (Allocation Failure)
[926.543s][info][gc,heap        ] GC(2654) PSYoungGen: 282688K(283136K)->64K(281600K) Eden: 282624K(282624K)->0K(271360K) From: 64K(512K)->64K(10240K)
[926.543s][info][gc,heap        ] GC(2654) ParOldGen: 440324K(440832K)->440332K(440832K)
[926.543s][info][gc,metaspace   ] GC(2654) Metaspace: 35700K(36352K)->35700K(36352K) NonClass: 29428K(29888K)->29428K(29888K) Class: 6272K(6464K)->6272K(6464K)
[926.543s][info][gc             ] GC(2654) Pause Young (Allocation Failure) 706M->430M(705M) 2.244ms
[926.543s][info][gc,cpu         ] GC(2654) User=0.00s Sys=0.00s Real=0.00s
[927.475s][info][gc,start       ] GC(2655) Pause Young (Allocation Failure)
[927.479s][info][gc,heap        ] GC(2655) PSYoungGen: 271424K(281600K)->32K(261120K) Eden: 271360K(271360K)->0K(260608K) From: 64K(10240K)->32K(512K)
[927.479s][info][gc,heap        ] GC(2655) ParOldGen: 440332K(440832K)->440348K(440832K)
[927.479s][info][gc,metaspace   ] GC(2655) Metaspace: 35700K(36352K)->35700K(36352K) NonClass: 29428K(29888K)->29428K(29888K) Class: 6272K(6464K)->6272K(6464K)
[927.479s][info][gc             ] GC(2655) Pause Young (Allocation Failure) 695M->430M(685M) 3.413ms
[927.479s][info][gc,cpu         ] GC(2655) User=0.00s Sys=0.00s Real=0.00s
[927.804s][info][gc,start       ] GC(2656) Pause Young (Allocation Failure)
[927.807s][info][gc,heap        ] GC(2656) PSYoungGen: 260640K(261120K)->32K(259584K) Eden: 260608K(260608K)->0K(250368K) From: 32K(512K)->32K(9216K)
[927.807s][info][gc,heap        ] GC(2656) ParOldGen: 440348K(440832K)->440356K(440832K)
[927.807s][info][gc,metaspace   ] GC(2656) Metaspace: 35700K(36352K)->35700K(36352K) NonClass: 29428K(29888K)->29428K(29888K) Class: 6272K(6464K)->6272K(6464K)
[927.807s][info][gc             ] GC(2656) Pause Young (Allocation Failure) 684M->430M(684M) 2.794ms
[927.807s][info][gc,cpu         ] GC(2656) User=0.00s Sys=0.00s Real=0.01s
[927.930s][info][gc,start       ] GC(2657) Pause Young (Allocation Failure)
[927.933s][info][gc,heap        ] GC(2657) PSYoungGen: 250400K(259584K)->64K(291328K) Eden: 250368K(250368K)->0K(282624K) From: 32K(9216K)->64K(8704K)
[927.933s][info][gc,heap        ] GC(2657) ParOldGen: 440356K(440832K)->440364K(440832K)
[927.933s][info][gc,metaspace   ] GC(2657) Metaspace: 35700K(36352K)->35700K(36352K) NonClass: 29428K(29888K)->29428K(29888K) Class: 6272K(6464K)->6272K(6464K)
[927.933s][info][gc             ] GC(2657) Pause Young (Allocation Failure) 674M->430M(715M) 2.571ms
[927.933s][info][gc,cpu         ] GC(2657) User=0.00s Sys=0.00s Real=0.00s
[928.324s][info][gc,start       ] GC(2658) Pause Young (Allocation Failure)
[928.327s][info][gc,heap        ] GC(2658) PSYoungGen: 282688K(291328K)->64K(271872K) Eden: 282624K(282624K)->0K(271360K) From: 64K(8704K)->64K(512K)
[928.327s][info][gc,heap        ] GC(2658) ParOldGen: 440364K(440832K)->440380K(440832K)
[928.327s][info][gc,metaspace   ] GC(2658) Metaspace: 35700K(36352K)->35700K(36352K) NonClass: 29428K(29888K)->29428K(29888K) Class: 6272K(6464K)->6272K(6464K)
[928.327s][info][gc             ] GC(2658) Pause Young (Allocation Failure) 706M->430M(696M) 2.901ms
[928.327s][info][gc,cpu         ] GC(2658) User=0.01s Sys=0.00s Real=0.00s
[928.658s][info][gc,start       ] GC(2659) Pause Young (Allocation Failure)
[928.660s][info][gc,heap        ] GC(2659) PSYoungGen: 271424K(271872K)->64K(261120K) Eden: 271360K(271360K)->0K(260608K) From: 64K(512K)->64K(512K)
[928.660s][info][gc,heap        ] GC(2659) ParOldGen: 440380K(440832K)->440388K(440832K)
[928.660s][info][gc,metaspace   ] GC(2659) Metaspace: 35700K(36352K)->35700K(36352K) NonClass: 29428K(29888K)->29428K(29888K) Class: 6272K(6464K)->6272K(6464K)
[928.660s][info][gc             ] GC(2659) Pause Young (Allocation Failure) 695M->430M(685M) 2.300ms
[928.660s][info][gc,cpu         ] GC(2659) User=0.01s Sys=0.00s Real=0.00s
[929.001s][info][gc,start       ] GC(2660) Pause Young (Allocation Failure)
[929.023s][info][gc,heap        ] GC(2660) PSYoungGen: 260672K(261120K)->6656K(277504K) Eden: 260608K(260608K)->0K(270848K) From: 64K(512K)->6656K(6656K)
[929.023s][info][gc,heap        ] GC(2660) ParOldGen: 440388K(440832K)->445772K(445952K)
[929.023s][info][gc,metaspace   ] GC(2660) Metaspace: 35700K(36352K)->35700K(36352K) NonClass: 29428K(29888K)->29428K(29888K) Class: 6272K(6464K)->6272K(6464K)
[929.023s][info][gc             ] GC(2660) Pause Young (Allocation Failure) 684M->441M(706M) 22.109ms
[929.023s][info][gc,cpu         ] GC(2660) User=0.05s Sys=0.00s Real=0.02s
[929.309s][info][gc,start       ] GC(2661) Pause Young (Allocation Failure)
[929.372s][info][gc,heap        ] GC(2661) PSYoungGen: 277504K(277504K)->10240K(305152K) Eden: 270848K(270848K)->0K(294912K) From: 6656K(6656K)->10240K(10240K)
[929.372s][info][gc,heap        ] GC(2661) ParOldGen: 445772K(445952K)->464412K(464896K)
[929.372s][info][gc,metaspace   ] GC(2661) Metaspace: 35700K(36352K)->35700K(36352K) NonClass: 29428K(29888K)->29428K(29888K) Class: 6272K(6464K)->6272K(6464K)
[929.372s][info][gc             ] GC(2661) Pause Young (Allocation Failure) 706M->463M(752M) 63.138ms
[929.372s][info][gc,cpu         ] GC(2661) User=0.10s Sys=0.02s Real=0.06s
[929.673s][info][gc,start       ] GC(2662) Pause Young (Allocation Failure)
[929.737s][info][gc,heap        ] GC(2662) PSYoungGen: 305152K(305152K)->19456K(314368K) Eden: 294912K(294912K)->0K(294912K) From: 10240K(10240K)->19456K(19456K)
[929.737s][info][gc,heap        ] GC(2662) ParOldGen: 464412K(464896K)->473884K(474112K)
[929.737s][info][gc,metaspace   ] GC(2662) Metaspace: 35700K(36352K)->35700K(36352K) NonClass: 29428K(29888K)->29428K(29888K) Class: 6272K(6464K)->6272K(6464K)
[929.737s][info][gc             ] GC(2662) Pause Young (Allocation Failure) 751M->481M(770M) 64.058ms
[929.737s][info][gc,cpu         ] GC(2662) User=0.10s Sys=0.02s Real=0.07s
[929.831s][info][gc,start       ] GC(2663) Pause Young (Allocation Failure)
[929.835s][info][gc,heap        ] GC(2663) PSYoungGen: 314368K(314368K)->64K(301056K) Eden: 294912K(294912K)->0K(281600K) From: 19456K(19456K)->64K(19456K)
[929.835s][info][gc,heap        ] GC(2663) ParOldGen: 473884K(474112K)->474220K(474624K)
[929.835s][info][gc,metaspace   ] GC(2663) Metaspace: 35700K(36352K)->35700K(36352K) NonClass: 29428K(29888K)->29428K(29888K) Class: 6272K(6464K)->6272K(6464K)
[929.835s][info][gc             ] GC(2663) Pause Young (Allocation Failure) 769M->463M(757M) 4.246ms
[929.835s][info][gc,cpu         ] GC(2663) User=0.01s Sys=0.00s Real=0.01s
[930.502s][info][gc,start       ] GC(2664) Pause Young (Allocation Failure)
[930.504s][info][gc,heap        ] GC(2664) PSYoungGen: 281664K(301056K)->64K(307712K) Eden: 281600K(281600K)->0K(281600K) From: 64K(19456K)->64K(26112K)
[930.504s][info][gc,heap        ] GC(2664) ParOldGen: 474220K(474624K)->474228K(474624K)
[930.504s][info][gc,metaspace   ] GC(2664) Metaspace: 35700K(36352K)->35700K(36352K) NonClass: 29428K(29888K)->29428K(29888K) Class: 6272K(6464K)->6272K(6464K)
[930.504s][info][gc             ] GC(2664) Pause Young (Allocation Failure) 738M->463M(764M) 1.648ms
[930.504s][info][gc,cpu         ] GC(2664) User=0.01s Sys=0.00s Real=0.00s
[930.869s][info][gc,start       ] GC(2665) Pause Young (Allocation Failure)
[930.871s][info][gc,heap        ] GC(2665) PSYoungGen: 281664K(307712K)->64K(305152K) Eden: 281600K(281600K)->0K(282112K) From: 64K(26112K)->64K(23040K)
[930.871s][info][gc,heap        ] GC(2665) ParOldGen: 474228K(474624K)->474236K(474624K)
[930.871s][info][gc,metaspace   ] GC(2665) Metaspace: 35700K(36352K)->35700K(36352K) NonClass: 29428K(29888K)->29428K(29888K) Class: 6272K(6464K)->6272K(6464K)
[930.871s][info][gc             ] GC(2665) Pause Young (Allocation Failure) 738M->463M(761M) 1.719ms
[930.871s][info][gc,cpu         ] GC(2665) User=0.00s Sys=0.00s Real=0.00s
[931.282s][info][gc,start       ] GC(2666) Pause Young (Allocation Failure)
[931.283s][info][gc,heap        ] GC(2666) PSYoungGen: 282176K(305152K)->64K(306688K) Eden: 282112K(282112K)->0K(282112K) From: 64K(23040K)->64K(24576K)
[931.283s][info][gc,heap        ] GC(2666) ParOldGen: 474236K(474624K)->474252K(474624K)
[931.284s][info][gc,metaspace   ] GC(2666) Metaspace: 35700K(36352K)->35700K(36352K) NonClass: 29428K(29888K)->29428K(29888K) Class: 6272K(6464K)->6272K(6464K)
[931.284s][info][gc             ] GC(2666) Pause Young (Allocation Failure) 738M->463M(763M) 1.733ms
[931.284s][info][gc,cpu         ] GC(2666) User=0.00s Sys=0.00s Real=0.00s
[931.469s][info][gc,start       ] GC(2667) Pause Young (Allocation Failure)
[931.471s][info][gc,heap        ] GC(2667) PSYoungGen: 282176K(306688K)->64K(305664K) Eden: 282112K(282112K)->0K(285696K) From: 64K(24576K)->64K(19968K)
[931.471s][info][gc,heap        ] GC(2667) ParOldGen: 474252K(474624K)->474268K(474624K)
[931.471s][info][gc,metaspace   ] GC(2667) Metaspace: 35700K(36352K)->35700K(36352K) NonClass: 29428K(29888K)->29428K(29888K) Class: 6272K(6464K)->6272K(6464K)
[931.471s][info][gc             ] GC(2667) Pause Young (Allocation Failure) 738M->463M(762M) 1.851ms
[931.471s][info][gc,cpu         ] GC(2667) User=0.00s Sys=0.00s Real=0.00s
[931.661s][info][gc,start       ] GC(2668) Pause Young (Allocation Failure)
[931.663s][info][gc,heap        ] GC(2668) PSYoungGen: 285760K(305664K)->64K(307712K) Eden: 285696K(285696K)->0K(285696K) From: 64K(19968K)->64K(22016K)
[931.663s][info][gc,heap        ] GC(2668) ParOldGen: 474268K(474624K)->474268K(474624K)
[931.663s][info][gc,metaspace   ] GC(2668) Metaspace: 35700K(36352K)->35700K(36352K) NonClass: 29428K(29888K)->29428K(29888K) Class: 6272K(6464K)->6272K(6464K)
[931.663s][info][gc             ] GC(2668) Pause Young (Allocation Failure) 742M->463M(764M) 1.841ms
[931.663s][info][gc,cpu         ] GC(2668) User=0.00s Sys=0.00s Real=0.00s
[931.983s][info][gc,start       ] GC(2669) Pause Young (Allocation Failure)
[931.985s][info][gc,heap        ] GC(2669) PSYoungGen: 285760K(307712K)->64K(308736K) Eden: 285696K(285696K)->0K(290816K) From: 64K(22016K)->64K(17920K)
[931.985s][info][gc,heap        ] GC(2669) ParOldGen: 474268K(474624K)->474268K(474624K)
[931.985s][info][gc,metaspace   ] GC(2669) Metaspace: 35700K(36352K)->35700K(36352K) NonClass: 29428K(29888K)->29428K(29888K) Class: 6272K(6464K)->6272K(6464K)
[931.985s][info][gc             ] GC(2669) Pause Young (Allocation Failure) 742M->463M(765M) 1.730ms
[931.985s][info][gc,cpu         ] GC(2669) User=0.00s Sys=0.00s Real=0.01s
[932.037s][info][gc,start       ] GC(2670) Pause Young (Allocation Failure)
[932.039s][info][gc,heap        ] GC(2670) PSYoungGen: 290880K(308736K)->64K(310784K) Eden: 290816K(290816K)->0K(290816K) From: 64K(17920K)->64K(19968K)
[932.039s][info][gc,heap        ] GC(2670) ParOldGen: 474268K(474624K)->474284K(474624K)
[932.039s][info][gc,metaspace   ] GC(2670) Metaspace: 35700K(36352K)->35700K(36352K) NonClass: 29428K(29888K)->29428K(29888K) Class: 6272K(6464K)->6272K(6464K)
[932.039s][info][gc             ] GC(2670) Pause Young (Allocation Failure) 747M->463M(767M) 1.704ms
[932.039s][info][gc,cpu         ] GC(2670) User=0.00s Sys=0.00s Real=0.00s
[932.092s][info][gc,start       ] GC(2671) Pause Young (Allocation Failure)
[932.094s][info][gc,heap        ] GC(2671) PSYoungGen: 290880K(310784K)->64K(310784K) Eden: 290816K(290816K)->0K(294912K) From: 64K(19968K)->64K(15872K)
[932.094s][info][gc,heap        ] GC(2671) ParOldGen: 474284K(474624K)->474284K(474624K)
[932.094s][info][gc,metaspace   ] GC(2671) Metaspace: 35700K(36352K)->35700K(36352K) NonClass: 29428K(29888K)->29428K(29888K) Class: 6272K(6464K)->6272K(6464K)
[932.094s][info][gc             ] GC(2671) Pause Young (Allocation Failure) 747M->463M(767M) 1.659ms
[932.094s][info][gc,cpu         ] GC(2671) User=0.01s Sys=0.00s Real=0.00s
[932.314s][info][gc,start       ] GC(2672) Pause Young (Allocation Failure)
[932.315s][info][gc,heap        ] GC(2672) PSYoungGen: 294976K(310784K)->64K(312832K) Eden: 294912K(294912K)->0K(294912K) From: 64K(15872K)->64K(17920K)
[932.315s][info][gc,heap        ] GC(2672) ParOldGen: 474284K(474624K)->474284K(474624K)
[932.315s][info][gc,metaspace   ] GC(2672) Metaspace: 35700K(36352K)->35700K(36352K) NonClass: 29428K(29888K)->29428K(29888K) Class: 6272K(6464K)->6272K(6464K)
[932.315s][info][gc             ] GC(2672) Pause Young (Allocation Failure) 751M->463M(769M) 1.720ms
[932.315s][info][gc,cpu         ] GC(2672) User=0.01s Sys=0.00s Real=0.01s
[932.538s][info][gc,start       ] GC(2673) Pause Young (Allocation Failure)
[932.540s][info][gc,heap        ] GC(2673) PSYoungGen: 294976K(312832K)->64K(312832K) Eden: 294912K(294912K)->0K(299008K) From: 64K(17920K)->64K(13824K)
[932.540s][info][gc,heap        ] GC(2673) ParOldGen: 474284K(474624K)->474292K(474624K)
[932.540s][info][gc,metaspace   ] GC(2673) Metaspace: 35700K(36352K)->35700K(36352K) NonClass: 29428K(29888K)->29428K(29888K) Class: 6272K(6464K)->6272K(6464K)
[932.540s][info][gc             ] GC(2673) Pause Young (Allocation Failure) 751M->463M(769M) 1.707ms
[932.540s][info][gc,cpu         ] GC(2673) User=0.00s Sys=0.00s Real=0.00s
[932.650s][info][gc,start       ] GC(2674) Pause Young (Allocation Failure)
[932.652s][info][gc,heap        ] GC(2674) PSYoungGen: 299072K(312832K)->64K(314880K) Eden: 299008K(299008K)->0K(299008K) From: 64K(13824K)->64K(15872K)
[932.652s][info][gc,heap        ] GC(2674) ParOldGen: 474292K(474624K)->474300K(474624K)
[932.652s][info][gc,metaspace   ] GC(2674) Metaspace: 35700K(36352K)->35700K(36352K) NonClass: 29428K(29888K)->29428K(29888K) Class: 6272K(6464K)->6272K(6464K)
[932.652s][info][gc             ] GC(2674) Pause Young (Allocation Failure) 755M->463M(771M) 1.716ms
[932.652s][info][gc,cpu         ] GC(2674) User=0.00s Sys=0.00s Real=0.00s
[932.754s][info][gc,start       ] GC(2675) Pause Young (Allocation Failure)
[932.756s][info][gc,heap        ] GC(2675) PSYoungGen: 299072K(314880K)->64K(314880K) Eden: 299008K(299008K)->0K(303104K) From: 64K(15872K)->64K(11776K)
[932.756s][info][gc,heap        ] GC(2675) ParOldGen: 474300K(474624K)->474308K(474624K)
[932.756s][info][gc,metaspace   ] GC(2675) Metaspace: 35700K(36352K)->35700K(36352K) NonClass: 29428K(29888K)->29428K(29888K) Class: 6272K(6464K)->6272K(6464K)
[932.756s][info][gc             ] GC(2675) Pause Young (Allocation Failure) 755M->463M(771M) 1.613ms
[932.756s][info][gc,cpu         ] GC(2675) User=0.01s Sys=0.00s Real=0.01s
[932.954s][info][gc,start       ] GC(2676) Pause Young (Allocation Failure)
[932.956s][info][gc,heap        ] GC(2676) PSYoungGen: 303168K(314880K)->64K(316928K) Eden: 303104K(303104K)->0K(303104K) From: 64K(11776K)->64K(13824K)
[932.956s][info][gc,heap        ] GC(2676) ParOldGen: 474308K(474624K)->474316K(474624K)
[932.956s][info][gc,metaspace   ] GC(2676) Metaspace: 35700K(36352K)->35700K(36352K) NonClass: 29428K(29888K)->29428K(29888K) Class: 6272K(6464K)->6272K(6464K)
[932.956s][info][gc             ] GC(2676) Pause Young (Allocation Failure) 759M->463M(773M) 1.561ms
[932.956s][info][gc,cpu         ] GC(2676) User=0.01s Sys=0.00s Real=0.01s
[933.805s][info][gc,start       ] GC(2677) Pause Young (Allocation Failure)
[933.806s][info][gc,heap        ] GC(2677) PSYoungGen: 303168K(316928K)->64K(317440K) Eden: 303104K(303104K)->0K(306688K) From: 64K(13824K)->64K(10752K)
[933.806s][info][gc,heap        ] GC(2677) ParOldGen: 474316K(474624K)->474324K(474624K)
[933.806s][info][gc,metaspace   ] GC(2677) Metaspace: 35700K(36352K)->35700K(36352K) NonClass: 29428K(29888K)->29428K(29888K) Class: 6272K(6464K)->6272K(6464K)
[933.806s][info][gc             ] GC(2677) Pause Young (Allocation Failure) 759M->463M(773M) 1.744ms
[933.807s][info][gc,cpu         ] GC(2677) User=0.01s Sys=0.00s Real=0.00s
[934.699s][info][gc,start       ] GC(2678) Pause Young (Allocation Failure)
[934.701s][info][gc,heap        ] GC(2678) PSYoungGen: 306752K(317440K)->64K(294912K) Eden: 306688K(306688K)->0K(294400K) From: 64K(10752K)->64K(512K)
[934.701s][info][gc,heap        ] GC(2678) ParOldGen: 474324K(474624K)->474332K(474624K)
[934.701s][info][gc,metaspace   ] GC(2678) Metaspace: 35700K(36352K)->35700K(36352K) NonClass: 29428K(29888K)->29428K(29888K) Class: 6272K(6464K)->6272K(6464K)
[934.701s][info][gc             ] GC(2678) Pause Young (Allocation Failure) 762M->463M(751M) 2.335ms
[934.701s][info][gc,cpu         ] GC(2678) User=0.00s Sys=0.00s Real=0.00s
[935.091s][info][gc,start       ] GC(2679) Pause Young (Allocation Failure)
[935.093s][info][gc,heap        ] GC(2679) PSYoungGen: 294464K(294912K)->64K(283136K) Eden: 294400K(294400K)->0K(282624K) From: 64K(512K)->64K(512K)
[935.093s][info][gc,heap        ] GC(2679) ParOldGen: 474332K(474624K)->474340K(474624K)
[935.093s][info][gc,metaspace   ] GC(2679) Metaspace: 35700K(36352K)->35700K(36352K) NonClass: 29428K(29888K)->29428K(29888K) Class: 6272K(6464K)->6272K(6464K)
[935.093s][info][gc             ] GC(2679) Pause Young (Allocation Failure) 750M->463M(740M) 1.934ms
[935.093s][info][gc,cpu         ] GC(2679) User=0.00s Sys=0.00s Real=0.00s
[935.814s][info][gc,start       ] GC(2680) Pause Young (Allocation Failure)
[935.816s][info][gc,heap        ] GC(2680) PSYoungGen: 282688K(283136K)->64K(282112K) Eden: 282624K(282624K)->0K(271360K) From: 64K(512K)->64K(10752K)
[935.816s][info][gc,heap        ] GC(2680) ParOldGen: 474340K(474624K)->474348K(474624K)
[935.816s][info][gc,metaspace   ] GC(2680) Metaspace: 35700K(36352K)->35700K(36352K) NonClass: 29428K(29888K)->29428K(29888K) Class: 6272K(6464K)->6272K(6464K)
[935.816s][info][gc             ] GC(2680) Pause Young (Allocation Failure) 739M->463M(739M) 1.622ms
[935.816s][info][gc,cpu         ] GC(2680) User=0.00s Sys=0.00s Real=0.01s
[936.289s][info][gc,start       ] GC(2681) Pause Young (Allocation Failure)
[936.291s][info][gc,heap        ] GC(2681) PSYoungGen: 271424K(282112K)->64K(261120K) Eden: 271360K(271360K)->0K(260608K) From: 64K(10752K)->64K(512K)
[936.291s][info][gc,heap        ] GC(2681) ParOldGen: 474348K(474624K)->474356K(474624K)
[936.291s][info][gc,metaspace   ] GC(2681) Metaspace: 35700K(36352K)->35700K(36352K) NonClass: 29428K(29888K)->29428K(29888K) Class: 6272K(6464K)->6272K(6464K)
[936.291s][info][gc             ] GC(2681) Pause Young (Allocation Failure) 728M->463M(718M) 2.071ms
[936.291s][info][gc,cpu         ] GC(2681) User=0.00s Sys=0.01s Real=0.00s
[936.646s][info][gc,start       ] GC(2682) Pause Young (Allocation Failure)
[936.647s][info][gc,heap        ] GC(2682) PSYoungGen: 260672K(261120K)->64K(259584K) Eden: 260608K(260608K)->0K(250368K) From: 64K(512K)->64K(9216K)
[936.647s][info][gc,heap        ] GC(2682) ParOldGen: 474356K(474624K)->474364K(474624K)
[936.647s][info][gc,metaspace   ] GC(2682) Metaspace: 35700K(36352K)->35700K(36352K) NonClass: 29428K(29888K)->29428K(29888K) Class: 6272K(6464K)->6272K(6464K)
[936.647s][info][gc             ] GC(2682) Pause Young (Allocation Failure) 717M->463M(717M) 1.349ms
[936.647s][info][gc,cpu         ] GC(2682) User=0.00s Sys=0.00s Real=0.00s
[936.704s][info][gc,start       ] GC(2683) Pause Young (Allocation Failure)
[936.706s][info][gc,heap        ] GC(2683) PSYoungGen: 250432K(259584K)->64K(241152K) Eden: 250368K(250368K)->0K(240640K) From: 64K(9216K)->64K(512K)
[936.706s][info][gc,heap        ] GC(2683) ParOldGen: 474364K(474624K)->474380K(474624K)
[936.706s][info][gc,metaspace   ] GC(2683) Metaspace: 35700K(36352K)->35700K(36352K) NonClass: 29428K(29888K)->29428K(29888K) Class: 6272K(6464K)->6272K(6464K)
[936.706s][info][gc             ] GC(2683) Pause Young (Allocation Failure) 707M->463M(699M) 1.915ms
[936.706s][info][gc,cpu         ] GC(2683) User=0.00s Sys=0.00s Real=0.01s
[937.108s][info][gc,start       ] GC(2684) Pause Young (Allocation Failure)
[937.110s][info][gc,heap        ] GC(2684) PSYoungGen: 240704K(241152K)->64K(239616K) Eden: 240640K(240640K)->0K(231424K) From: 64K(512K)->64K(8192K)
[937.110s][info][gc,heap        ] GC(2684) ParOldGen: 474380K(474624K)->474380K(474624K)
[937.110s][info][gc,metaspace   ] GC(2684) Metaspace: 35700K(36352K)->35700K(36352K) NonClass: 29428K(29888K)->29428K(29888K) Class: 6272K(6464K)->6272K(6464K)
[937.110s][info][gc             ] GC(2684) Pause Young (Allocation Failure) 698M->463M(697M) 1.373ms
[937.110s][info][gc,cpu         ] GC(2684) User=0.00s Sys=0.00s Real=0.00s
[937.383s][info][gc,start       ] GC(2685) Pause Young (Allocation Failure)
[937.384s][info][gc,heap        ] GC(2685) PSYoungGen: 231488K(239616K)->64K(223232K) Eden: 231424K(231424K)->0K(222720K) From: 64K(8192K)->64K(512K)
[937.384s][info][gc,heap        ] GC(2685) ParOldGen: 474380K(474624K)->474388K(474624K)
[937.384s][info][gc,metaspace   ] GC(2685) Metaspace: 35700K(36352K)->35700K(36352K) NonClass: 29428K(29888K)->29428K(29888K) Class: 6272K(6464K)->6272K(6464K)
[937.384s][info][gc             ] GC(2685) Pause Young (Allocation Failure) 689M->463M(681M) 1.954ms
[937.384s][info][gc,cpu         ] GC(2685) User=0.01s Sys=0.00s Real=0.01s
[937.677s][info][gc,start       ] GC(2686) Pause Young (Allocation Failure)
[937.684s][info][gc,heap        ] GC(2686) PSYoungGen: 222784K(223232K)->4640K(269312K) Eden: 222720K(222720K)->0K(264192K) From: 64K(512K)->4640K(5120K)
[937.684s][info][gc,heap        ] GC(2686) ParOldGen: 474388K(474624K)->474404K(474624K)
[937.685s][info][gc,metaspace   ] GC(2686) Metaspace: 35700K(36352K)->35700K(36352K) NonClass: 29428K(29888K)->29428K(29888K) Class: 6272K(6464K)->6272K(6464K)
[937.685s][info][gc             ] GC(2686) Pause Young (Allocation Failure) 680M->467M(726M) 7.356ms
[937.685s][info][gc,cpu         ] GC(2686) User=0.01s Sys=0.00s Real=0.01s
[937.947s][info][gc,start       ] GC(2687) Pause Young (Allocation Failure)
[938.019s][info][gc,heap        ] GC(2687) PSYoungGen: 268832K(269312K)->7680K(268800K) Eden: 264192K(264192K)->0K(261120K) From: 4640K(5120K)->7680K(7680K)
[938.019s][info][gc,heap        ] GC(2687) ParOldGen: 474404K(474624K)->494700K(495104K)
[938.019s][info][gc,metaspace   ] GC(2687) Metaspace: 35700K(36352K)->35700K(36352K) NonClass: 29428K(29888K)->29428K(29888K) Class: 6272K(6464K)->6272K(6464K)
[938.019s][info][gc             ] GC(2687) Pause Young (Allocation Failure) 725M->490M(746M) 72.931ms
[938.020s][info][gc,cpu         ] GC(2687) User=0.08s Sys=0.02s Real=0.07s
[938.279s][info][gc,start       ] GC(2688) Pause Young (Allocation Failure)
[938.331s][info][gc,heap        ] GC(2688) PSYoungGen: 268800K(268800K)->16896K(278016K) Eden: 261120K(261120K)->0K(261120K) From: 7680K(7680K)->16896K(16896K)
[938.331s][info][gc,heap        ] GC(2688) ParOldGen: 494700K(495104K)->506188K(506368K)
[938.331s][info][gc,metaspace   ] GC(2688) Metaspace: 35700K(36352K)->35700K(36352K) NonClass: 29428K(29888K)->29428K(29888K) Class: 6272K(6464K)->6272K(6464K)
[938.331s][info][gc             ] GC(2688) Pause Young (Allocation Failure) 745M->510M(766M) 51.641ms
[938.331s][info][gc,cpu         ] GC(2688) User=0.09s Sys=0.01s Real=0.05s
[938.455s][info][gc,start       ] GC(2689) Pause Young (Allocation Failure)
[938.475s][info][gc,heap        ] GC(2689) PSYoungGen: 278016K(278016K)->8768K(309760K) Eden: 261120K(261120K)->0K(284672K) From: 16896K(16896K)->8768K(25088K)
[938.475s][info][gc,heap        ] GC(2689) ParOldGen: 506188K(506368K)->506604K(506880K)
[938.475s][info][gc,metaspace   ] GC(2689) Metaspace: 35700K(36352K)->35700K(36352K) NonClass: 29428K(29888K)->29428K(29888K) Class: 6272K(6464K)->6272K(6464K)
[938.475s][info][gc             ] GC(2689) Pause Young (Allocation Failure) 765M->503M(797M) 20.468ms
[938.475s][info][gc,cpu         ] GC(2689) User=0.03s Sys=0.00s Real=0.02s
[938.826s][info][gc,start       ] GC(2690) Pause Young (Allocation Failure)
[938.828s][info][gc,heap        ] GC(2690) PSYoungGen: 293440K(309760K)->64K(285184K) Eden: 284672K(284672K)->0K(284672K) From: 8768K(25088K)->64K(512K)
[938.828s][info][gc,heap        ] GC(2690) ParOldGen: 506604K(506880K)->506612K(506880K)
[938.828s][info][gc,metaspace   ] GC(2690) Metaspace: 35700K(36352K)->35700K(36352K) NonClass: 29428K(29888K)->29428K(29888K) Class: 6272K(6464K)->6272K(6464K)
[938.828s][info][gc             ] GC(2690) Pause Young (Allocation Failure) 781M->494M(773M) 1.698ms
[938.828s][info][gc,cpu         ] GC(2690) User=0.00s Sys=0.00s Real=0.00s
[939.400s][info][gc,start       ] GC(2691) Pause Young (Allocation Failure)
[939.402s][info][gc,heap        ] GC(2691) PSYoungGen: 284736K(285184K)->64K(309248K) Eden: 284672K(284672K)->0K(285696K) From: 64K(512K)->64K(23552K)
[939.402s][info][gc,heap        ] GC(2691) ParOldGen: 506612K(506880K)->506620K(506880K)
[939.402s][info][gc,metaspace   ] GC(2691) Metaspace: 35700K(36352K)->35700K(36352K) NonClass: 29428K(29888K)->29428K(29888K) Class: 6272K(6464K)->6272K(6464K)
[939.402s][info][gc             ] GC(2691) Pause Young (Allocation Failure) 772M->494M(797M) 1.740ms
[939.402s][info][gc,cpu         ] GC(2691) User=0.00s Sys=0.00s Real=0.00s
[939.836s][info][gc,start       ] GC(2692) Pause Young (Allocation Failure)
[939.838s][info][gc,heap        ] GC(2692) PSYoungGen: 285760K(309248K)->64K(308224K) Eden: 285696K(285696K)->0K(285696K) From: 64K(23552K)->64K(22528K)
[939.838s][info][gc,heap        ] GC(2692) ParOldGen: 506620K(506880K)->506636K(506880K)
[939.838s][info][gc,metaspace   ] GC(2692) Metaspace: 35700K(36352K)->35700K(36352K) NonClass: 29428K(29888K)->29428K(29888K) Class: 6272K(6464K)->6272K(6464K)
[939.838s][info][gc             ] GC(2692) Pause Young (Allocation Failure) 773M->494M(796M) 1.932ms
[939.838s][info][gc,cpu         ] GC(2692) User=0.01s Sys=0.00s Real=0.00s
[940.030s][info][gc,start       ] GC(2693) Pause Young (Allocation Failure)
[940.032s][info][gc,heap        ] GC(2693) PSYoungGen: 285760K(308224K)->64K(310272K) Eden: 285696K(285696K)->0K(288768K) From: 64K(22528K)->64K(21504K)
[940.032s][info][gc,heap        ] GC(2693) ParOldGen: 506636K(506880K)->506652K(506880K)
[940.032s][info][gc,metaspace   ] GC(2693) Metaspace: 35700K(36352K)->35700K(36352K) NonClass: 29428K(29888K)->29428K(29888K) Class: 6272K(6464K)->6272K(6464K)
[940.032s][info][gc             ] GC(2693) Pause Young (Allocation Failure) 773M->494M(798M) 1.818ms
[940.032s][info][gc,cpu         ] GC(2693) User=0.00s Sys=0.00s Real=0.00s
[940.228s][info][gc,start       ] GC(2694) Pause Young (Allocation Failure)
[940.230s][info][gc,heap        ] GC(2694) PSYoungGen: 288832K(310272K)->64K(309760K) Eden: 288768K(288768K)->0K(288768K) From: 64K(21504K)->64K(20992K)
[940.230s][info][gc,heap        ] GC(2694) ParOldGen: 506652K(506880K)->506652K(506880K)
[940.230s][info][gc,metaspace   ] GC(2694) Metaspace: 35700K(36352K)->35700K(36352K) NonClass: 29428K(29888K)->29428K(29888K) Class: 6272K(6464K)->6272K(6464K)
[940.230s][info][gc             ] GC(2694) Pause Young (Allocation Failure) 776M->494M(797M) 1.726ms
[940.230s][info][gc,cpu         ] GC(2694) User=0.00s Sys=0.00s Real=0.00s
[940.548s][info][gc,start       ] GC(2695) Pause Young (Allocation Failure)
[940.550s][info][gc,heap        ] GC(2695) PSYoungGen: 288832K(309760K)->64K(311808K) Eden: 288768K(288768K)->0K(292352K) From: 64K(20992K)->64K(19456K)
[940.550s][info][gc,heap        ] GC(2695) ParOldGen: 506652K(506880K)->506652K(506880K)
[940.550s][info][gc,metaspace   ] GC(2695) Metaspace: 35700K(36352K)->35700K(36352K) NonClass: 29428K(29888K)->29428K(29888K) Class: 6272K(6464K)->6272K(6464K)
[940.550s][info][gc             ] GC(2695) Pause Young (Allocation Failure) 776M->494M(799M) 1.811ms
[940.550s][info][gc,cpu         ] GC(2695) User=0.00s Sys=0.00s Real=0.00s
[940.673s][info][gc,start       ] GC(2696) Pause Young (Allocation Failure)
[940.675s][info][gc,heap        ] GC(2696) PSYoungGen: 292416K(311808K)->64K(311296K) Eden: 292352K(292352K)->0K(292352K) From: 64K(19456K)->64K(18944K)
[940.675s][info][gc,heap        ] GC(2696) ParOldGen: 506652K(506880K)->506660K(506880K)
[940.675s][info][gc,metaspace   ] GC(2696) Metaspace: 35700K(36352K)->35700K(36352K) NonClass: 29428K(29888K)->29428K(29888K) Class: 6272K(6464K)->6272K(6464K)
[940.675s][info][gc             ] GC(2696) Pause Young (Allocation Failure) 780M->494M(799M) 1.797ms
[940.675s][info][gc,cpu         ] GC(2696) User=0.01s Sys=0.00s Real=0.01s
[940.731s][info][gc,start       ] GC(2697) Pause Young (Allocation Failure)
[940.732s][info][gc,heap        ] GC(2697) PSYoungGen: 292416K(311296K)->64K(313856K) Eden: 292352K(292352K)->0K(296448K) From: 64K(18944K)->64K(17408K)
[940.732s][info][gc,heap        ] GC(2697) ParOldGen: 506660K(506880K)->506676K(506880K)
[940.732s][info][gc,metaspace   ] GC(2697) Metaspace: 35700K(36352K)->35700K(36352K) NonClass: 29428K(29888K)->29428K(29888K) Class: 6272K(6464K)->6272K(6464K)
[940.732s][info][gc             ] GC(2697) Pause Young (Allocation Failure) 780M->494M(801M) 1.745ms
[940.732s][info][gc,cpu         ] GC(2697) User=0.00s Sys=0.00s Real=0.00s
[940.876s][info][gc,start       ] GC(2698) Pause Young (Allocation Failure)
[940.878s][info][gc,heap        ] GC(2698) PSYoungGen: 296512K(313856K)->64K(313344K) Eden: 296448K(296448K)->0K(296448K) From: 64K(17408K)->64K(16896K)
[940.878s][info][gc,heap        ] GC(2698) ParOldGen: 506676K(506880K)->506676K(506880K)
[940.878s][info][gc,metaspace   ] GC(2698) Metaspace: 35700K(36352K)->35700K(36352K) NonClass: 29428K(29888K)->29428K(29888K) Class: 6272K(6464K)->6272K(6464K)
[940.878s][info][gc             ] GC(2698) Pause Young (Allocation Failure) 784M->494M(801M) 2.050ms
[940.878s][info][gc,cpu         ] GC(2698) User=0.01s Sys=0.01s Real=0.00s
[941.127s][info][gc,start       ] GC(2699) Pause Young (Allocation Failure)
[941.128s][info][gc,heap        ] GC(2699) PSYoungGen: 296512K(313344K)->64K(315904K) Eden: 296448K(296448K)->0K(300544K) From: 64K(16896K)->64K(15360K)
[941.128s][info][gc,heap        ] GC(2699) ParOldGen: 506676K(506880K)->506684K(506880K)
[941.128s][info][gc,metaspace   ] GC(2699) Metaspace: 35700K(36352K)->35700K(36352K) NonClass: 29428K(29888K)->29428K(29888K) Class: 6272K(6464K)->6272K(6464K)
[941.128s][info][gc             ] GC(2699) Pause Young (Allocation Failure) 784M->494M(803M) 1.769ms
[941.128s][info][gc,cpu         ] GC(2699) User=0.01s Sys=0.00s Real=0.00s
[941.293s][info][gc,start       ] GC(2700) Pause Young (Allocation Failure)
[941.295s][info][gc,heap        ] GC(2700) PSYoungGen: 300608K(315904K)->64K(315904K) Eden: 300544K(300544K)->0K(300544K) From: 64K(15360K)->64K(15360K)
[941.295s][info][gc,heap        ] GC(2700) ParOldGen: 506684K(506880K)->506692K(506880K)
[941.295s][info][gc,metaspace   ] GC(2700) Metaspace: 35700K(36352K)->35700K(36352K) NonClass: 29428K(29888K)->29428K(29888K) Class: 6272K(6464K)->6272K(6464K)
[941.295s][info][gc             ] GC(2700) Pause Young (Allocation Failure) 788M->494M(803M) 1.834ms
[941.295s][info][gc,cpu         ] GC(2700) User=0.00s Sys=0.00s Real=0.01s
[941.375s][info][gc,start       ] GC(2701) Pause Young (Allocation Failure)
[941.377s][info][gc,heap        ] GC(2701) PSYoungGen: 300608K(315904K)->64K(317440K) Eden: 300544K(300544K)->0K(304128K) From: 64K(15360K)->64K(13312K)
[941.377s][info][gc,heap        ] GC(2701) ParOldGen: 506692K(506880K)->506708K(506880K)
[941.377s][info][gc,metaspace   ] GC(2701) Metaspace: 35700K(36352K)->35700K(36352K) NonClass: 29428K(29888K)->29428K(29888K) Class: 6272K(6464K)->6272K(6464K)
[941.377s][info][gc             ] GC(2701) Pause Young (Allocation Failure) 788M->494M(805M) 1.776ms
[941.377s][info][gc,cpu         ] GC(2701) User=0.01s Sys=0.00s Real=0.00s
[941.546s][info][gc,start       ] GC(2702) Pause Young (Allocation Failure)
[941.548s][info][gc,heap        ] GC(2702) PSYoungGen: 304192K(317440K)->64K(317440K) Eden: 304128K(304128K)->0K(304128K) From: 64K(13312K)->64K(13312K)
[941.548s][info][gc,heap        ] GC(2702) ParOldGen: 506708K(506880K)->506708K(506880K)
[941.548s][info][gc,metaspace   ] GC(2702) Metaspace: 35700K(36352K)->35700K(36352K) NonClass: 29428K(29888K)->29428K(29888K) Class: 6272K(6464K)->6272K(6464K)
[941.548s][info][gc             ] GC(2702) Pause Young (Allocation Failure) 791M->494M(805M) 1.791ms
[941.548s][info][gc,cpu         ] GC(2702) User=0.01s Sys=0.00s Real=0.00s
[942.534s][info][gc,start       ] GC(2703) Pause Young (Allocation Failure)
[942.536s][info][gc,heap        ] GC(2703) PSYoungGen: 304192K(317440K)->51K(318976K) Eden: 304128K(304128K)->0K(307712K) From: 64K(13312K)->51K(11264K)
[942.536s][info][gc,heap        ] GC(2703) ParOldGen: 506708K(506880K)->506724K(506880K)
[942.536s][info][gc,metaspace   ] GC(2703) Metaspace: 35700K(36352K)->35700K(36352K) NonClass: 29428K(29888K)->29428K(29888K) Class: 6272K(6464K)->6272K(6464K)
[942.536s][info][gc             ] GC(2703) Pause Young (Allocation Failure) 791M->494M(806M) 1.988ms
[942.536s][info][gc,cpu         ] GC(2703) User=0.00s Sys=0.00s Real=0.01s
[943.427s][info][gc,start       ] GC(2704) Pause Young (Allocation Failure)
[943.429s][info][gc,heap        ] GC(2704) PSYoungGen: 307763K(318976K)->64K(295936K) Eden: 307712K(307712K)->0K(295424K) From: 51K(11264K)->64K(512K)
[943.429s][info][gc,heap        ] GC(2704) ParOldGen: 506724K(506880K)->506732K(506880K)
[943.429s][info][gc,metaspace   ] GC(2704) Metaspace: 35700K(36352K)->35700K(36352K) NonClass: 29428K(29888K)->29428K(29888K) Class: 6272K(6464K)->6272K(6464K)
[943.429s][info][gc             ] GC(2704) Pause Young (Allocation Failure) 795M->494M(784M) 1.868ms
[943.429s][info][gc,cpu         ] GC(2704) User=0.01s Sys=0.00s Real=0.00s
[943.670s][info][gc,start       ] GC(2705) Pause Young (Allocation Failure)
[943.672s][info][gc,heap        ] GC(2705) PSYoungGen: 295488K(295936K)->64K(284160K) Eden: 295424K(295424K)->0K(283648K) From: 64K(512K)->64K(512K)
[943.672s][info][gc,heap        ] GC(2705) ParOldGen: 506732K(506880K)->506740K(506880K)
[943.672s][info][gc,metaspace   ] GC(2705) Metaspace: 35700K(36352K)->35700K(36352K) NonClass: 29428K(29888K)->29428K(29888K) Class: 6272K(6464K)->6272K(6464K)
[943.672s][info][gc             ] GC(2705) Pause Young (Allocation Failure) 783M->494M(772M) 2.259ms
[943.672s][info][gc,cpu         ] GC(2705) User=0.00s Sys=0.00s Real=0.00s
[944.120s][info][gc,start       ] GC(2706) Pause Young (Allocation Failure)
[944.122s][info][gc,heap        ] GC(2706) PSYoungGen: 283712K(284160K)->64K(282624K) Eden: 283648K(283648K)->0K(272384K) From: 64K(512K)->64K(10240K)
[944.122s][info][gc,heap        ] GC(2706) ParOldGen: 506740K(506880K)->506748K(506880K)
[944.122s][info][gc,metaspace   ] GC(2706) Metaspace: 35700K(36352K)->35700K(36352K) NonClass: 29428K(29888K)->29428K(29888K) Class: 6272K(6464K)->6272K(6464K)
[944.122s][info][gc             ] GC(2706) Pause Young (Allocation Failure) 771M->494M(771M) 1.804ms
[944.122s][info][gc,cpu         ] GC(2706) User=0.00s Sys=0.00s Real=0.00s
[945.070s][info][gc,start       ] GC(2707) Pause Young (Allocation Failure)
[945.073s][info][gc,heap        ] GC(2707) PSYoungGen: 272448K(282624K)->64K(262144K) Eden: 272384K(272384K)->0K(261632K) From: 64K(10240K)->64K(512K)
[945.073s][info][gc,heap        ] GC(2707) ParOldGen: 506748K(506880K)->506756K(506880K)
[945.073s][info][gc,metaspace   ] GC(2707) Metaspace: 35700K(36352K)->35700K(36352K) NonClass: 29428K(29888K)->29428K(29888K) Class: 6272K(6464K)->6272K(6464K)
[945.073s][info][gc             ] GC(2707) Pause Young (Allocation Failure) 760M->494M(751M) 2.311ms
[945.073s][info][gc,cpu         ] GC(2707) User=0.01s Sys=0.00s Real=0.00s
[945.420s][info][gc,start       ] GC(2708) Pause Young (Allocation Failure)
[945.421s][info][gc,heap        ] GC(2708) PSYoungGen: 261696K(262144K)->64K(260608K) Eden: 261632K(261632K)->0K(251392K) From: 64K(512K)->64K(9216K)
[945.421s][info][gc,heap        ] GC(2708) ParOldGen: 506756K(506880K)->506764K(506880K)
[945.421s][info][gc,metaspace   ] GC(2708) Metaspace: 35700K(36352K)->35700K(36352K) NonClass: 29428K(29888K)->29428K(29888K) Class: 6272K(6464K)->6272K(6464K)
[945.421s][info][gc             ] GC(2708) Pause Young (Allocation Failure) 750M->494M(749M) 1.706ms
[945.421s][info][gc,cpu         ] GC(2708) User=0.00s Sys=0.00s Real=0.00s
[945.567s][info][gc,start       ] GC(2709) Pause Young (Allocation Failure)
[945.569s][info][gc,heap        ] GC(2709) PSYoungGen: 251456K(260608K)->64K(242176K) Eden: 251392K(251392K)->0K(241664K) From: 64K(9216K)->64K(512K)
[945.569s][info][gc,heap        ] GC(2709) ParOldGen: 506764K(506880K)->506772K(506880K)
[945.569s][info][gc,metaspace   ] GC(2709) Metaspace: 35700K(36352K)->35700K(36352K) NonClass: 29428K(29888K)->29428K(29888K) Class: 6272K(6464K)->6272K(6464K)
[945.569s][info][gc             ] GC(2709) Pause Young (Allocation Failure) 740M->494M(731M) 2.143ms
[945.569s][info][gc,cpu         ] GC(2709) User=0.00s Sys=0.00s Real=0.00s
[945.729s][info][gc,start       ] GC(2710) Pause Young (Allocation Failure)
[945.731s][info][gc,heap        ] GC(2710) PSYoungGen: 241728K(242176K)->64K(240128K) Eden: 241664K(241664K)->0K(232448K) From: 64K(512K)->64K(7680K)
[945.731s][info][gc,heap        ] GC(2710) ParOldGen: 506772K(506880K)->506780K(506880K)
[945.731s][info][gc,metaspace   ] GC(2710) Metaspace: 35700K(36352K)->35700K(36352K) NonClass: 29428K(29888K)->29428K(29888K) Class: 6272K(6464K)->6272K(6464K)
[945.731s][info][gc             ] GC(2710) Pause Young (Allocation Failure) 730M->494M(729M) 1.498ms
[945.731s][info][gc,cpu         ] GC(2710) User=0.00s Sys=0.00s Real=0.00s
[946.238s][info][gc,start       ] GC(2711) Pause Young (Allocation Failure)
[946.240s][info][gc,heap        ] GC(2711) PSYoungGen: 232512K(240128K)->64K(224256K) Eden: 232448K(232448K)->0K(223744K) From: 64K(7680K)->64K(512K)
[946.240s][info][gc,heap        ] GC(2711) ParOldGen: 506780K(506880K)->506788K(506880K)
[946.240s][info][gc,metaspace   ] GC(2711) Metaspace: 35700K(36352K)->35700K(36352K) NonClass: 29428K(29888K)->29428K(29888K) Class: 6272K(6464K)->6272K(6464K)
[946.240s][info][gc             ] GC(2711) Pause Young (Allocation Failure) 721M->494M(714M) 2.562ms
[946.240s][info][gc,cpu         ] GC(2711) User=0.00s Sys=0.00s Real=0.00s
[946.426s][info][gc,start       ] GC(2712) Pause Young (Allocation Failure)
[946.428s][info][gc,heap        ] GC(2712) PSYoungGen: 223808K(224256K)->64K(222208K) Eden: 223744K(223744K)->0K(215552K) From: 64K(512K)->64K(6656K)
[946.428s][info][gc,heap        ] GC(2712) ParOldGen: 506788K(506880K)->506796K(506880K)
[946.428s][info][gc,metaspace   ] GC(2712) Metaspace: 35700K(36352K)->35700K(36352K) NonClass: 29428K(29888K)->29428K(29888K) Class: 6272K(6464K)->6272K(6464K)
[946.428s][info][gc             ] GC(2712) Pause Young (Allocation Failure) 713M->494M(712M) 2.040ms
[946.428s][info][gc,cpu         ] GC(2712) User=0.01s Sys=0.00s Real=0.00s
[946.687s][info][gc,start       ] GC(2713) Pause Young (Allocation Failure)
[946.719s][info][gc,heap        ] GC(2713) PSYoungGen: 215616K(222208K)->6144K(264192K) Eden: 215552K(215552K)->0K(258048K) From: 64K(6656K)->6144K(6144K)
[946.719s][info][gc,heap        ] GC(2713) ParOldGen: 506796K(506880K)->517020K(517120K)
[946.719s][info][gc,metaspace   ] GC(2713) Metaspace: 35700K(36352K)->35700K(36352K) NonClass: 29428K(29888K)->29428K(29888K) Class: 6272K(6464K)->6272K(6464K)
[946.719s][info][gc             ] GC(2713) Pause Young (Allocation Failure) 705M->510M(763M) 32.035ms
[946.719s][info][gc,cpu         ] GC(2713) User=0.06s Sys=0.01s Real=0.03s
[946.983s][info][gc,start       ] GC(2714) Pause Young (Allocation Failure)
[947.040s][info][gc,heap        ] GC(2714) PSYoungGen: 264192K(264192K)->11776K(273920K) Eden: 258048K(258048K)->0K(262144K) From: 6144K(6144K)->11776K(11776K)
[947.040s][info][gc,heap        ] GC(2714) ParOldGen: 517020K(517120K)->532940K(532992K)
[947.040s][info][gc,metaspace   ] GC(2714) Metaspace: 35700K(36352K)->35700K(36352K) NonClass: 29428K(29888K)->29428K(29888K) Class: 6272K(6464K)->6272K(6464K)
[947.040s][info][gc             ] GC(2714) Pause Young (Allocation Failure) 762M->531M(788M) 57.442ms
[947.040s][info][gc,cpu         ] GC(2714) User=0.10s Sys=0.01s Real=0.06s
[947.301s][info][gc,start       ] GC(2715) Pause Young (Allocation Failure)
[947.357s][info][gc,heap        ] GC(2715) PSYoungGen: 273920K(273920K)->19968K(300544K) Eden: 262144K(262144K)->0K(280576K) From: 11776K(11776K)->19968K(19968K)
[947.357s][info][gc,heap        ] GC(2715) ParOldGen: 532940K(532992K)->538812K(539136K)
[947.357s][info][gc,metaspace   ] GC(2715) Metaspace: 35700K(36352K)->35700K(36352K) NonClass: 29428K(29888K)->29428K(29888K) Class: 6272K(6464K)->6272K(6464K)
[947.357s][info][gc             ] GC(2715) Pause Young (Allocation Failure) 787M->545M(820M) 56.427ms
[947.357s][info][gc,cpu         ] GC(2715) User=0.10s Sys=0.01s Real=0.06s
[947.443s][info][gc,start       ] GC(2716) Pause Young (Allocation Failure)
[947.446s][info][gc,heap        ] GC(2716) PSYoungGen: 300544K(300544K)->64K(307200K) Eden: 280576K(280576K)->0K(280576K) From: 19968K(19968K)->64K(26624K)
[947.446s][info][gc,heap        ] GC(2716) ParOldGen: 538812K(539136K)->539020K(539136K)
[947.446s][info][gc,metaspace   ] GC(2716) Metaspace: 35700K(36352K)->35700K(36352K) NonClass: 29428K(29888K)->29428K(29888K) Class: 6272K(6464K)->6272K(6464K)
[947.446s][info][gc             ] GC(2716) Pause Young (Allocation Failure) 819M->526M(826M) 3.380ms
[947.446s][info][gc,cpu         ] GC(2716) User=0.00s Sys=0.00s Real=0.01s
[948.035s][info][gc,start       ] GC(2717) Pause Young (Allocation Failure)
[948.037s][info][gc,heap        ] GC(2717) PSYoungGen: 280640K(307200K)->64K(304128K) Eden: 280576K(280576K)->0K(281600K) From: 64K(26624K)->64K(22528K)
[948.037s][info][gc,heap        ] GC(2717) ParOldGen: 539020K(539136K)->539028K(539136K)
[948.037s][info][gc,metaspace   ] GC(2717) Metaspace: 35700K(36352K)->35700K(36352K) NonClass: 29428K(29888K)->29428K(29888K) Class: 6272K(6464K)->6272K(6464K)
[948.037s][info][gc             ] GC(2717) Pause Young (Allocation Failure) 800M->526M(823M) 1.913ms
[948.037s][info][gc,cpu         ] GC(2717) User=0.00s Sys=0.00s Real=0.00s
[948.416s][info][gc,start       ] GC(2718) Pause Young (Allocation Failure)
[948.418s][info][gc,heap        ] GC(2718) PSYoungGen: 281664K(304128K)->64K(306176K) Eden: 281600K(281600K)->0K(281600K) From: 64K(22528K)->64K(24576K)
[948.418s][info][gc,heap        ] GC(2718) ParOldGen: 539028K(539136K)->539036K(539136K)
[948.418s][info][gc,metaspace   ] GC(2718) Metaspace: 35700K(36352K)->35700K(36352K) NonClass: 29428K(29888K)->29428K(29888K) Class: 6272K(6464K)->6272K(6464K)
[948.418s][info][gc             ] GC(2718) Pause Young (Allocation Failure) 801M->526M(825M) 1.772ms
[948.418s][info][gc,cpu         ] GC(2718) User=0.00s Sys=0.00s Real=0.00s
[948.789s][info][gc,start       ] GC(2719) Pause Young (Allocation Failure)
[948.791s][info][gc,heap        ] GC(2719) PSYoungGen: 281664K(306176K)->64K(306688K) Eden: 281600K(281600K)->0K(285184K) From: 64K(24576K)->64K(21504K)
[948.791s][info][gc,heap        ] GC(2719) ParOldGen: 539036K(539136K)->539052K(539136K)
[948.791s][info][gc,metaspace   ] GC(2719) Metaspace: 35700K(36352K)->35700K(36352K) NonClass: 29428K(29888K)->29428K(29888K) Class: 6272K(6464K)->6272K(6464K)
[948.791s][info][gc             ] GC(2719) Pause Young (Allocation Failure) 801M->526M(826M) 1.689ms
[948.791s][info][gc,cpu         ] GC(2719) User=0.01s Sys=0.00s Real=0.00s
[948.967s][info][gc,start       ] GC(2720) Pause Young (Allocation Failure)
[948.969s][info][gc,heap        ] GC(2720) PSYoungGen: 285248K(306688K)->64K(308224K) Eden: 285184K(285184K)->0K(285184K) From: 64K(21504K)->64K(23040K)
[948.969s][info][gc,heap        ] GC(2720) ParOldGen: 539052K(539136K)->539068K(539136K)
[948.969s][info][gc,metaspace   ] GC(2720) Metaspace: 35700K(36352K)->35700K(36352K) NonClass: 29428K(29888K)->29428K(29888K) Class: 6272K(6464K)->6272K(6464K)
[948.969s][info][gc             ] GC(2720) Pause Young (Allocation Failure) 804M->526M(827M) 1.677ms
[948.969s][info][gc,cpu         ] GC(2720) User=0.00s Sys=0.00s Real=0.00s
[949.145s][info][gc,start       ] GC(2721) Pause Young (Allocation Failure)
[949.146s][info][gc,heap        ] GC(2721) PSYoungGen: 285248K(308224K)->64K(308736K) Eden: 285184K(285184K)->0K(289280K) From: 64K(23040K)->64K(19456K)
[949.146s][info][gc,heap        ] GC(2721) ParOldGen: 539068K(539136K)->539068K(539136K)
[949.146s][info][gc,metaspace   ] GC(2721) Metaspace: 35700K(36352K)->35700K(36352K) NonClass: 29428K(29888K)->29428K(29888K) Class: 6272K(6464K)->6272K(6464K)
[949.146s][info][gc             ] GC(2721) Pause Young (Allocation Failure) 804M->526M(828M) 1.592ms
[949.146s][info][gc,cpu         ] GC(2721) User=0.00s Sys=0.00s Real=0.00s
[949.456s][info][gc,start       ] GC(2722) Pause Young (Allocation Failure)
[949.457s][info][gc,heap        ] GC(2722) PSYoungGen: 289344K(308736K)->64K(309760K) Eden: 289280K(289280K)->0K(289280K) From: 64K(19456K)->64K(20480K)
[949.457s][info][gc,heap        ] GC(2722) ParOldGen: 539068K(539136K)->539068K(539136K)
[949.457s][info][gc,metaspace   ] GC(2722) Metaspace: 35700K(36352K)->35700K(36352K) NonClass: 29428K(29888K)->29428K(29888K) Class: 6272K(6464K)->6272K(6464K)
[949.457s][info][gc             ] GC(2722) Pause Young (Allocation Failure) 808M->526M(829M) 1.535ms
[949.457s][info][gc,cpu         ] GC(2722) User=0.00s Sys=0.00s Real=0.00s
[949.507s][info][gc,start       ] GC(2723) Pause Young (Allocation Failure)
[949.509s][info][gc,heap        ] GC(2723) PSYoungGen: 289344K(309760K)->64K(311296K) Eden: 289280K(289280K)->0K(293888K) From: 64K(20480K)->64K(17408K)
[949.509s][info][gc,heap        ] GC(2723) ParOldGen: 539068K(539136K)->539084K(539136K)
[949.509s][info][gc,metaspace   ] GC(2723) Metaspace: 35700K(36352K)->35700K(36352K) NonClass: 29428K(29888K)->29428K(29888K) Class: 6272K(6464K)->6272K(6464K)
[949.509s][info][gc             ] GC(2723) Pause Young (Allocation Failure) 808M->526M(830M) 1.455ms
[949.509s][info][gc,cpu         ] GC(2723) User=0.00s Sys=0.00s Real=0.00s
[949.564s][info][gc,start       ] GC(2724) Pause Young (Allocation Failure)
[949.566s][info][gc,heap        ] GC(2724) PSYoungGen: 293952K(311296K)->64K(312320K) Eden: 293888K(293888K)->0K(293888K) From: 64K(17408K)->64K(18432K)
[949.566s][info][gc,heap        ] GC(2724) ParOldGen: 539084K(539136K)->539084K(539136K)
[949.566s][info][gc,metaspace   ] GC(2724) Metaspace: 35700K(36352K)->35700K(36352K) NonClass: 29428K(29888K)->29428K(29888K) Class: 6272K(6464K)->6272K(6464K)
[949.566s][info][gc             ] GC(2724) Pause Young (Allocation Failure) 813M->526M(831M) 1.669ms
[949.566s][info][gc,cpu         ] GC(2724) User=0.00s Sys=0.00s Real=0.01s
[949.772s][info][gc,start       ] GC(2725) Pause Young (Allocation Failure)
[949.774s][info][gc,heap        ] GC(2725) PSYoungGen: 293952K(312320K)->64K(313344K) Eden: 293888K(293888K)->0K(297984K) From: 64K(18432K)->64K(15360K)
[949.774s][info][gc,heap        ] GC(2725) ParOldGen: 539084K(539136K)->539084K(539136K)
[949.774s][info][gc,metaspace   ] GC(2725) Metaspace: 35700K(36352K)->35700K(36352K) NonClass: 29428K(29888K)->29428K(29888K) Class: 6272K(6464K)->6272K(6464K)
[949.774s][info][gc             ] GC(2725) Pause Young (Allocation Failure) 813M->526M(832M) 1.775ms
[949.774s][info][gc,cpu         ] GC(2725) User=0.01s Sys=0.00s Real=0.00s
[949.994s][info][gc,start       ] GC(2726) Pause Young (Allocation Failure)
[949.996s][info][gc,heap        ] GC(2726) PSYoungGen: 298048K(313344K)->64K(314368K) Eden: 297984K(297984K)->0K(297984K) From: 64K(15360K)->64K(16384K)
[949.996s][info][gc,heap        ] GC(2726) ParOldGen: 539084K(539136K)->539092K(539136K)
[949.996s][info][gc,metaspace   ] GC(2726) Metaspace: 35700K(36352K)->35700K(36352K) NonClass: 29428K(29888K)->29428K(29888K) Class: 6272K(6464K)->6272K(6464K)
[949.996s][info][gc             ] GC(2726) Pause Young (Allocation Failure) 817M->526M(833M) 1.682ms
[949.996s][info][gc,cpu         ] GC(2726) User=0.01s Sys=0.00s Real=0.01s
[950.105s][info][gc,start       ] GC(2727) Pause Young (Allocation Failure)
[950.106s][info][gc,heap        ] GC(2727) PSYoungGen: 298048K(314368K)->64K(316416K) Eden: 297984K(297984K)->0K(302080K) From: 64K(16384K)->64K(14336K)
[950.106s][info][gc,heap        ] GC(2727) ParOldGen: 539092K(539136K)->539100K(539136K)
[950.106s][info][gc,metaspace   ] GC(2727) Metaspace: 35700K(36352K)->35700K(36352K) NonClass: 29428K(29888K)->29428K(29888K) Class: 6272K(6464K)->6272K(6464K)
[950.106s][info][gc             ] GC(2727) Pause Young (Allocation Failure) 817M->526M(835M) 1.529ms
[950.106s][info][gc,cpu         ] GC(2727) User=0.00s Sys=0.00s Real=0.00s
[950.204s][info][gc,start       ] GC(2728) Pause Young (Allocation Failure)
[950.206s][info][gc,heap        ] GC(2728) PSYoungGen: 302144K(316416K)->64K(316928K) Eden: 302080K(302080K)->0K(302080K) From: 64K(14336K)->64K(14848K)
[950.206s][info][gc,heap        ] GC(2728) ParOldGen: 539100K(539136K)->539108K(539136K)
[950.206s][info][gc,metaspace   ] GC(2728) Metaspace: 35700K(36352K)->35700K(36352K) NonClass: 29428K(29888K)->29428K(29888K) Class: 6272K(6464K)->6272K(6464K)
[950.206s][info][gc             ] GC(2728) Pause Young (Allocation Failure) 821M->526M(836M) 1.536ms
[950.206s][info][gc,cpu         ] GC(2728) User=0.00s Sys=0.00s Real=0.01s
[950.387s][info][gc,start       ] GC(2729) Pause Young (Allocation Failure)
[950.389s][info][gc,heap        ] GC(2729) PSYoungGen: 302144K(316928K)->64K(317440K) Eden: 302080K(302080K)->0K(305152K) From: 64K(14848K)->64K(12288K)
[950.389s][info][gc,heap        ] GC(2729) ParOldGen: 539108K(539136K)->539116K(539136K)
[950.389s][info][gc,metaspace   ] GC(2729) Metaspace: 35700K(36352K)->35700K(36352K) NonClass: 29428K(29888K)->29428K(29888K) Class: 6272K(6464K)->6272K(6464K)
[950.389s][info][gc             ] GC(2729) Pause Young (Allocation Failure) 821M->526M(836M) 1.619ms
[950.389s][info][gc,cpu         ] GC(2729) User=0.01s Sys=0.00s Real=0.00s
[951.248s][info][gc,start       ] GC(2730) Pause Young (Allocation Failure)
[951.250s][info][gc,heap        ] GC(2730) PSYoungGen: 305216K(317440K)->64K(317952K) Eden: 305152K(305152K)->0K(305152K) From: 64K(12288K)->64K(12800K)
[951.250s][info][gc,heap        ] GC(2730) ParOldGen: 539116K(539136K)->539124K(539136K)
[951.250s][info][gc,metaspace   ] GC(2730) Metaspace: 35700K(36352K)->35700K(36352K) NonClass: 29428K(29888K)->29428K(29888K) Class: 6272K(6464K)->6272K(6464K)
[951.250s][info][gc             ] GC(2730) Pause Young (Allocation Failure) 824M->526M(837M) 1.730ms
[951.250s][info][gc,cpu         ] GC(2730) User=0.00s Sys=0.00s Real=0.00s
[952.088s][info][gc,start       ] GC(2731) Pause Young (Allocation Failure)
[952.091s][info][gc,heap        ] GC(2731) PSYoungGen: 305216K(317952K)->64K(293376K) Eden: 305152K(305152K)->0K(292864K) From: 64K(12800K)->64K(512K)
[952.091s][info][gc,heap        ] GC(2731) ParOldGen: 539124K(539136K)->539132K(539136K)
[952.091s][info][gc,metaspace   ] GC(2731) Metaspace: 35700K(36352K)->35700K(36352K) NonClass: 29428K(29888K)->29428K(29888K) Class: 6272K(6464K)->6272K(6464K)
[952.091s][info][gc             ] GC(2731) Pause Young (Allocation Failure) 824M->526M(813M) 2.321ms
[952.091s][info][gc,cpu         ] GC(2731) User=0.00s Sys=0.00s Real=0.00s
[952.453s][info][gc,start       ] GC(2732) Pause Young (Allocation Failure)
[952.454s][info][gc,heap        ] GC(2732) PSYoungGen: 292928K(293376K)->64K(292352K) Eden: 292864K(292864K)->0K(281088K) From: 64K(512K)->64K(11264K)
[952.454s][info][gc,heap        ] GC(2732) ParOldGen: 539132K(539136K)->539140K(539648K)
[952.454s][info][gc,metaspace   ] GC(2732) Metaspace: 35700K(36352K)->35700K(36352K) NonClass: 29428K(29888K)->29428K(29888K) Class: 6272K(6464K)->6272K(6464K)
[952.454s][info][gc             ] GC(2732) Pause Young (Allocation Failure) 812M->526M(812M) 1.616ms
[952.454s][info][gc,cpu         ] GC(2732) User=0.00s Sys=0.00s Real=0.00s
[952.981s][info][gc,start       ] GC(2733) Pause Young (Allocation Failure)
[952.983s][info][gc,heap        ] GC(2733) PSYoungGen: 281152K(292352K)->64K(270336K) Eden: 281088K(281088K)->0K(269824K) From: 64K(11264K)->64K(512K)
[952.983s][info][gc,heap        ] GC(2733) ParOldGen: 539140K(539648K)->539148K(539648K)
[952.983s][info][gc,metaspace   ] GC(2733) Metaspace: 35700K(36352K)->35700K(36352K) NonClass: 29428K(29888K)->29428K(29888K) Class: 6272K(6464K)->6272K(6464K)
[952.983s][info][gc             ] GC(2733) Pause Young (Allocation Failure) 801M->526M(791M) 2.014ms
[952.983s][info][gc,cpu         ] GC(2733) User=0.00s Sys=0.00s Real=0.00s
[953.657s][info][gc,start       ] GC(2734) Pause Young (Allocation Failure)
[953.659s][info][gc,heap        ] GC(2734) PSYoungGen: 269888K(270336K)->64K(269312K) Eden: 269824K(269824K)->0K(259584K) From: 64K(512K)->64K(9728K)
[953.659s][info][gc,heap        ] GC(2734) ParOldGen: 539148K(539648K)->539156K(539648K)
[953.659s][info][gc,metaspace   ] GC(2734) Metaspace: 35700K(36352K)->35700K(36352K) NonClass: 29428K(29888K)->29428K(29888K) Class: 6272K(6464K)->6272K(6464K)
[953.659s][info][gc             ] GC(2734) Pause Young (Allocation Failure) 790M->526M(790M) 1.650ms
[953.659s][info][gc,cpu         ] GC(2734) User=0.00s Sys=0.00s Real=0.00s
[954.004s][info][gc,start       ] GC(2735) Pause Young (Allocation Failure)
[954.006s][info][gc,heap        ] GC(2735) PSYoungGen: 259648K(269312K)->64K(250368K) Eden: 259584K(259584K)->0K(249856K) From: 64K(9728K)->64K(512K)
[954.006s][info][gc,heap        ] GC(2735) ParOldGen: 539156K(539648K)->539164K(539648K)
[954.006s][info][gc,metaspace   ] GC(2735) Metaspace: 35700K(36352K)->35700K(36352K) NonClass: 29428K(29888K)->29428K(29888K) Class: 6272K(6464K)->6272K(6464K)
[954.006s][info][gc             ] GC(2735) Pause Young (Allocation Failure) 780M->526M(771M) 1.792ms
[954.006s][info][gc,cpu         ] GC(2735) User=0.00s Sys=0.00s Real=0.01s
[954.080s][info][gc,start       ] GC(2736) Pause Young (Allocation Failure)
[954.082s][info][gc,heap        ] GC(2736) PSYoungGen: 249920K(250368K)->64K(248832K) Eden: 249856K(249856K)->0K(240128K) From: 64K(512K)->64K(8704K)
[954.082s][info][gc,heap        ] GC(2736) ParOldGen: 539164K(539648K)->539172K(539648K)
[954.082s][info][gc,metaspace   ] GC(2736) Metaspace: 35700K(36352K)->35700K(36352K) NonClass: 29428K(29888K)->29428K(29888K) Class: 6272K(6464K)->6272K(6464K)
[954.082s][info][gc             ] GC(2736) Pause Young (Allocation Failure) 770M->526M(770M) 1.438ms
[954.082s][info][gc,cpu         ] GC(2736) User=0.00s Sys=0.00s Real=0.00s
[954.449s][info][gc,start       ] GC(2737) Pause Young (Allocation Failure)
[954.451s][info][gc,heap        ] GC(2737) PSYoungGen: 240192K(248832K)->64K(231424K) Eden: 240128K(240128K)->0K(230912K) From: 64K(8704K)->64K(512K)
[954.451s][info][gc,heap        ] GC(2737) ParOldGen: 539172K(539648K)->539180K(539648K)
[954.451s][info][gc,metaspace   ] GC(2737) Metaspace: 35700K(36352K)->35700K(36352K) NonClass: 29428K(29888K)->29428K(29888K) Class: 6272K(6464K)->6272K(6464K)
[954.451s][info][gc             ] GC(2737) Pause Young (Allocation Failure) 761M->526M(753M) 1.956ms
[954.451s][info][gc,cpu         ] GC(2737) User=0.01s Sys=0.00s Real=0.00s
[954.756s][info][gc,start       ] GC(2738) Pause Young (Allocation Failure)
[954.758s][info][gc,heap        ] GC(2738) PSYoungGen: 230976K(231424K)->64K(229376K) Eden: 230912K(230912K)->0K(222208K) From: 64K(512K)->64K(7168K)
[954.758s][info][gc,heap        ] GC(2738) ParOldGen: 539180K(539648K)->539188K(539648K)
[954.758s][info][gc,metaspace   ] GC(2738) Metaspace: 35700K(36352K)->35700K(36352K) NonClass: 29428K(29888K)->29428K(29888K) Class: 6272K(6464K)->6272K(6464K)
[954.758s][info][gc             ] GC(2738) Pause Young (Allocation Failure) 752M->526M(751M) 1.523ms
[954.758s][info][gc,cpu         ] GC(2738) User=0.00s Sys=0.00s Real=0.00s
[955.055s][info][gc,start       ] GC(2739) Pause Young (Allocation Failure)
[955.061s][info][gc,heap        ] GC(2739) PSYoungGen: 222272K(229376K)->2848K(266240K) Eden: 222208K(222208K)->0K(263168K) From: 64K(7168K)->2848K(3072K)
[955.061s][info][gc,heap        ] GC(2739) ParOldGen: 539188K(539648K)->539196K(539648K)
[955.061s][info][gc,metaspace   ] GC(2739) Metaspace: 35700K(36352K)->35700K(36352K) NonClass: 29428K(29888K)->29428K(29888K) Class: 6272K(6464K)->6272K(6464K)
[955.061s][info][gc             ] GC(2739) Pause Young (Allocation Failure) 743M->529M(787M) 6.176ms
[955.061s][info][gc,cpu         ] GC(2739) User=0.01s Sys=0.00s Real=0.00s
[955.325s][info][gc,start       ] GC(2740) Pause Young (Allocation Failure)
[955.380s][info][gc,heap        ] GC(2740) PSYoungGen: 266016K(266240K)->7168K(284672K) Eden: 263168K(263168K)->0K(277504K) From: 2848K(3072K)->7168K(7168K)
[955.380s][info][gc,heap        ] GC(2740) ParOldGen: 539196K(539648K)->559900K(560128K)
[955.380s][info][gc,metaspace   ] GC(2740) Metaspace: 35700K(36352K)->35700K(36352K) NonClass: 29428K(29888K)->29428K(29888K) Class: 6272K(6464K)->6272K(6464K)
[955.380s][info][gc             ] GC(2740) Pause Young (Allocation Failure) 786M->553M(825M) 55.050ms
[955.380s][info][gc,cpu         ] GC(2740) User=0.10s Sys=0.01s Real=0.05s
[955.658s][info][gc,start       ] GC(2741) Pause Young (Allocation Failure)
[955.722s][info][gc,heap        ] GC(2741) PSYoungGen: 284672K(284672K)->16384K(300032K) Eden: 277504K(277504K)->0K(283648K) From: 7168K(7168K)->16384K(16384K)
[955.722s][info][gc,heap        ] GC(2741) ParOldGen: 559900K(560128K)->573652K(573952K)
[955.722s][info][gc,metaspace   ] GC(2741) Metaspace: 35700K(36352K)->35700K(36352K) NonClass: 29428K(29888K)->29428K(29888K) Class: 6272K(6464K)->6272K(6464K)
[955.722s][info][gc             ] GC(2741) Pause Young (Allocation Failure) 824M->576M(853M) 63.935ms
[955.722s][info][gc,cpu         ] GC(2741) User=0.12s Sys=0.01s Real=0.06s
[955.852s][info][gc,start       ] GC(2742) Pause Young (Allocation Failure)
[955.871s][info][gc,heap        ] GC(2742) PSYoungGen: 300032K(300032K)->8928K(308736K) Eden: 283648K(283648K)->0K(283648K) From: 16384K(16384K)->8928K(25088K)
[955.871s][info][gc,heap        ] GC(2742) ParOldGen: 573652K(573952K)->574148K(574464K)
[955.871s][info][gc,metaspace   ] GC(2742) Metaspace: 35700K(36352K)->35700K(36352K) NonClass: 29428K(29888K)->29428K(29888K) Class: 6272K(6464K)->6272K(6464K)
[955.871s][info][gc             ] GC(2742) Pause Young (Allocation Failure) 853M->569M(862M) 18.337ms
[955.871s][info][gc,cpu         ] GC(2742) User=0.03s Sys=0.00s Real=0.02s
[956.276s][info][gc,start       ] GC(2743) Pause Young (Allocation Failure)
[956.278s][info][gc,heap        ] GC(2743) PSYoungGen: 292576K(308736K)->64K(306688K) Eden: 283648K(283648K)->0K(284672K) From: 8928K(25088K)->64K(22016K)
[956.278s][info][gc,heap        ] GC(2743) ParOldGen: 574148K(574464K)->574156K(574464K)
[956.278s][info][gc,metaspace   ] GC(2743) Metaspace: 35700K(36352K)->35700K(36352K) NonClass: 29428K(29888K)->29428K(29888K) Class: 6272K(6464K)->6272K(6464K)
[956.278s][info][gc             ] GC(2743) Pause Young (Allocation Failure) 846M->560M(860M) 2.178ms
[956.278s][info][gc,cpu         ] GC(2743) User=0.00s Sys=0.00s Real=0.00s
[956.809s][info][gc,start       ] GC(2744) Pause Young (Allocation Failure)
[956.811s][info][gc,heap        ] GC(2744) PSYoungGen: 284736K(306688K)->64K(308224K) Eden: 284672K(284672K)->0K(284672K) From: 64K(22016K)->64K(23552K)
[956.811s][info][gc,heap        ] GC(2744) ParOldGen: 574156K(574464K)->574164K(574464K)
[956.811s][info][gc,metaspace   ] GC(2744) Metaspace: 35700K(36352K)->35700K(36352K) NonClass: 29428K(29888K)->29428K(29888K) Class: 6272K(6464K)->6272K(6464K)
[956.811s][info][gc             ] GC(2744) Pause Young (Allocation Failure) 838M->560M(862M) 1.760ms
[956.811s][info][gc,cpu         ] GC(2744) User=0.01s Sys=0.00s Real=0.00s
[957.186s][info][gc,start       ] GC(2745) Pause Young (Allocation Failure)
[957.188s][info][gc,heap        ] GC(2745) PSYoungGen: 284736K(308224K)->64K(308736K) Eden: 284672K(284672K)->0K(287744K) From: 64K(23552K)->64K(20992K)
[957.188s][info][gc,heap        ] GC(2745) ParOldGen: 574164K(574464K)->574180K(574464K)
[957.188s][info][gc,metaspace   ] GC(2745) Metaspace: 35700K(36352K)->35700K(36352K) NonClass: 29428K(29888K)->29428K(29888K) Class: 6272K(6464K)->6272K(6464K)
[957.188s][info][gc             ] GC(2745) Pause Young (Allocation Failure) 838M->560M(862M) 1.700ms
[957.188s][info][gc,cpu         ] GC(2745) User=0.00s Sys=0.00s Real=0.00s
[957.369s][info][gc,start       ] GC(2746) Pause Young (Allocation Failure)
[957.371s][info][gc,heap        ] GC(2746) PSYoungGen: 287808K(308736K)->32K(309760K) Eden: 287744K(287744K)->0K(287744K) From: 64K(20992K)->32K(22016K)
[957.371s][info][gc,heap        ] GC(2746) ParOldGen: 574180K(574464K)->574196K(574464K)
[957.371s][info][gc,metaspace   ] GC(2746) Metaspace: 35700K(36352K)->35700K(36352K) NonClass: 29428K(29888K)->29428K(29888K) Class: 6272K(6464K)->6272K(6464K)
[957.371s][info][gc             ] GC(2746) Pause Young (Allocation Failure) 841M->560M(863M) 1.804ms
[957.371s][info][gc,cpu         ] GC(2746) User=0.01s Sys=0.00s Real=0.00s
[957.557s][info][gc,start       ] GC(2747) Pause Young (Allocation Failure)
[957.559s][info][gc,heap        ] GC(2747) PSYoungGen: 287776K(309760K)->64K(309760K) Eden: 287744K(287744K)->0K(290816K) From: 32K(22016K)->64K(18944K)
[957.559s][info][gc,heap        ] GC(2747) ParOldGen: 574196K(574464K)->574196K(574464K)
[957.559s][info][gc,metaspace   ] GC(2747) Metaspace: 35700K(36352K)->35700K(36352K) NonClass: 29428K(29888K)->29428K(29888K) Class: 6272K(6464K)->6272K(6464K)
[957.559s][info][gc             ] GC(2747) Pause Young (Allocation Failure) 841M->560M(863M) 2.037ms
[957.559s][info][gc,cpu         ] GC(2747) User=0.00s Sys=0.00s Real=0.00s
[957.866s][info][gc,start       ] GC(2748) Pause Young (Allocation Failure)
[957.868s][info][gc,heap        ] GC(2748) PSYoungGen: 290880K(309760K)->64K(310784K) Eden: 290816K(290816K)->0K(290816K) From: 64K(18944K)->64K(19968K)
[957.868s][info][gc,heap        ] GC(2748) ParOldGen: 574196K(574464K)->574196K(574464K)
[957.868s][info][gc,metaspace   ] GC(2748) Metaspace: 35700K(36352K)->35700K(36352K) NonClass: 29428K(29888K)->29428K(29888K) Class: 6272K(6464K)->6272K(6464K)
[957.868s][info][gc             ] GC(2748) Pause Young (Allocation Failure) 844M->560M(864M) 1.985ms
[957.868s][info][gc,cpu         ] GC(2748) User=0.00s Sys=0.00s Real=0.00s
[957.966s][info][gc,start       ] GC(2749) Pause Young (Allocation Failure)
[957.968s][info][gc,heap        ] GC(2749) PSYoungGen: 290880K(310784K)->64K(312832K) Eden: 290816K(290816K)->0K(294912K) From: 64K(19968K)->64K(17920K)
[957.968s][info][gc,heap        ] GC(2749) ParOldGen: 574196K(574464K)->574204K(574464K)
[957.968s][info][gc,metaspace   ] GC(2749) Metaspace: 35700K(36352K)->35700K(36352K) NonClass: 29428K(29888K)->29428K(29888K) Class: 6272K(6464K)->6272K(6464K)
[957.968s][info][gc             ] GC(2749) Pause Young (Allocation Failure) 844M->560M(866M) 1.804ms
[957.968s][info][gc,cpu         ] GC(2749) User=0.00s Sys=0.00s Real=0.00s
[958.021s][info][gc,start       ] GC(2750) Pause Young (Allocation Failure)
[958.023s][info][gc,heap        ] GC(2750) PSYoungGen: 294976K(312832K)->64K(313344K) Eden: 294912K(294912K)->0K(294912K) From: 64K(17920K)->64K(18432K)
[958.023s][info][gc,heap        ] GC(2750) ParOldGen: 574204K(574464K)->574220K(574464K)
[958.023s][info][gc,metaspace   ] GC(2750) Metaspace: 35700K(36352K)->35700K(36352K) NonClass: 29428K(29888K)->29428K(29888K) Class: 6272K(6464K)->6272K(6464K)
[958.023s][info][gc             ] GC(2750) Pause Young (Allocation Failure) 848M->560M(867M) 1.597ms
[958.023s][info][gc,cpu         ] GC(2750) User=0.00s Sys=0.00s Real=0.00s
[958.168s][info][gc,start       ] GC(2751) Pause Young (Allocation Failure)
[958.170s][info][gc,heap        ] GC(2751) PSYoungGen: 294976K(313344K)->64K(313856K) Eden: 294912K(294912K)->0K(297984K) From: 64K(18432K)->64K(15872K)
[958.170s][info][gc,heap        ] GC(2751) ParOldGen: 574220K(574464K)->574220K(574464K)
[958.170s][info][gc,metaspace   ] GC(2751) Metaspace: 35700K(36352K)->35700K(36352K) NonClass: 29428K(29888K)->29428K(29888K) Class: 6272K(6464K)->6272K(6464K)
[958.170s][info][gc             ] GC(2751) Pause Young (Allocation Failure) 848M->560M(867M) 1.561ms
[958.170s][info][gc,cpu         ] GC(2751) User=0.01s Sys=0.01s Real=0.00s
[958.403s][info][gc,start       ] GC(2752) Pause Young (Allocation Failure)
[958.405s][info][gc,heap        ] GC(2752) PSYoungGen: 298048K(313856K)->64K(314368K) Eden: 297984K(297984K)->0K(297984K) From: 64K(15872K)->64K(16384K)
[958.405s][info][gc,heap        ] GC(2752) ParOldGen: 574220K(574464K)->574228K(574464K)
[958.405s][info][gc,metaspace   ] GC(2752) Metaspace: 35700K(36352K)->35700K(36352K) NonClass: 29428K(29888K)->29428K(29888K) Class: 6272K(6464K)->6272K(6464K)
[958.405s][info][gc             ] GC(2752) Pause Young (Allocation Failure) 851M->560M(868M) 1.681ms
[958.405s][info][gc,cpu         ] GC(2752) User=0.00s Sys=0.00s Real=0.01s
[958.545s][info][gc,start       ] GC(2753) Pause Young (Allocation Failure)
[958.547s][info][gc,heap        ] GC(2753) PSYoungGen: 298048K(314368K)->64K(315904K) Eden: 297984K(297984K)->0K(302080K) From: 64K(16384K)->64K(13824K)
[958.547s][info][gc,heap        ] GC(2753) ParOldGen: 574228K(574464K)->574236K(574464K)
[958.547s][info][gc,metaspace   ] GC(2753) Metaspace: 35700K(36352K)->35700K(36352K) NonClass: 29428K(29888K)->29428K(29888K) Class: 6272K(6464K)->6272K(6464K)
[958.547s][info][gc             ] GC(2753) Pause Young (Allocation Failure) 851M->560M(869M) 1.553ms
[958.547s][info][gc,cpu         ] GC(2753) User=0.00s Sys=0.00s Real=0.00s
[958.625s][info][gc,start       ] GC(2754) Pause Young (Allocation Failure)
[958.627s][info][gc,heap        ] GC(2754) PSYoungGen: 302144K(315904K)->64K(316416K) Eden: 302080K(302080K)->0K(302080K) From: 64K(13824K)->64K(14336K)
[958.627s][info][gc,heap        ] GC(2754) ParOldGen: 574236K(574464K)->574252K(574464K)
[958.627s][info][gc,metaspace   ] GC(2754) Metaspace: 35700K(36352K)->35700K(36352K) NonClass: 29428K(29888K)->29428K(29888K) Class: 6272K(6464K)->6272K(6464K)
[958.627s][info][gc             ] GC(2754) Pause Young (Allocation Failure) 855M->560M(870M) 1.666ms
[958.627s][info][gc,cpu         ] GC(2754) User=0.00s Sys=0.00s Real=0.00s
[958.794s][info][gc,start       ] GC(2755) Pause Young (Allocation Failure)
[958.796s][info][gc,heap        ] GC(2755) PSYoungGen: 302144K(316416K)->64K(317440K) Eden: 302080K(302080K)->0K(305664K) From: 64K(14336K)->64K(11776K)
[958.796s][info][gc,heap        ] GC(2755) ParOldGen: 574252K(574464K)->574252K(574464K)
[958.796s][info][gc,metaspace   ] GC(2755) Metaspace: 35700K(36352K)->35700K(36352K) NonClass: 29428K(29888K)->29428K(29888K) Class: 6272K(6464K)->6272K(6464K)
[958.796s][info][gc             ] GC(2755) Pause Young (Allocation Failure) 855M->560M(871M) 1.763ms
[958.796s][info][gc,cpu         ] GC(2755) User=0.00s Sys=0.00s Real=0.00s
[959.706s][info][gc,start       ] GC(2756) Pause Young (Allocation Failure)
[959.708s][info][gc,heap        ] GC(2756) PSYoungGen: 305728K(317440K)->64K(318464K) Eden: 305664K(305664K)->0K(305664K) From: 64K(11776K)->64K(12800K)
[959.708s][info][gc,heap        ] GC(2756) ParOldGen: 574252K(574464K)->574260K(574464K)
[959.708s][info][gc,metaspace   ] GC(2756) Metaspace: 35700K(36352K)->35700K(36352K) NonClass: 29428K(29888K)->29428K(29888K) Class: 6272K(6464K)->6272K(6464K)
[959.708s][info][gc             ] GC(2756) Pause Young (Allocation Failure) 859M->560M(872M) 1.800ms
[959.708s][info][gc,cpu         ] GC(2756) User=0.00s Sys=0.00s Real=0.00s
[960.517s][info][gc,start       ] GC(2757) Pause Young (Allocation Failure)
[960.519s][info][gc,heap        ] GC(2757) PSYoungGen: 305728K(318464K)->64K(293888K) Eden: 305664K(305664K)->0K(293376K) From: 64K(12800K)->64K(512K)
[960.519s][info][gc,heap        ] GC(2757) ParOldGen: 574260K(574464K)->574268K(574464K)
[960.519s][info][gc,metaspace   ] GC(2757) Metaspace: 35700K(36352K)->35700K(36352K) NonClass: 29428K(29888K)->29428K(29888K) Class: 6272K(6464K)->6272K(6464K)
[960.519s][info][gc             ] GC(2757) Pause Young (Allocation Failure) 859M->560M(848M) 2.399ms
[960.519s][info][gc,cpu         ] GC(2757) User=0.00s Sys=0.00s Real=0.00s
[960.772s][info][gc,start       ] GC(2758) Pause Young (Allocation Failure)
[960.773s][info][gc,heap        ] GC(2758) PSYoungGen: 293440K(293888K)->64K(292864K) Eden: 293376K(293376K)->0K(281600K) From: 64K(512K)->64K(11264K)
[960.773s][info][gc,heap        ] GC(2758) ParOldGen: 574268K(574464K)->574276K(574464K)
[960.773s][info][gc,metaspace   ] GC(2758) Metaspace: 35700K(36352K)->35700K(36352K) NonClass: 29428K(29888K)->29428K(29888K) Class: 6272K(6464K)->6272K(6464K)
[960.773s][info][gc             ] GC(2758) Pause Young (Allocation Failure) 847M->560M(847M) 1.594ms
[960.773s][info][gc,cpu         ] GC(2758) User=0.00s Sys=0.00s Real=0.00s
[961.202s][info][gc,start       ] GC(2759) Pause Young (Allocation Failure)
[961.204s][info][gc,heap        ] GC(2759) PSYoungGen: 281664K(292864K)->64K(270848K) Eden: 281600K(281600K)->0K(270336K) From: 64K(11264K)->64K(512K)
[961.204s][info][gc,heap        ] GC(2759) ParOldGen: 574276K(574464K)->574284K(574464K)
[961.204s][info][gc,metaspace   ] GC(2759) Metaspace: 35700K(36352K)->35700K(36352K) NonClass: 29428K(29888K)->29428K(29888K) Class: 6272K(6464K)->6272K(6464K)
[961.204s][info][gc             ] GC(2759) Pause Young (Allocation Failure) 835M->560M(825M) 2.148ms
[961.204s][info][gc,cpu         ] GC(2759) User=0.00s Sys=0.00s Real=0.00s
[962.081s][info][gc,start       ] GC(2760) Pause Young (Allocation Failure)
[962.083s][info][gc,heap        ] GC(2760) PSYoungGen: 270400K(270848K)->64K(269824K) Eden: 270336K(270336K)->0K(260096K) From: 64K(512K)->64K(9728K)
[962.083s][info][gc,heap        ] GC(2760) ParOldGen: 574284K(574464K)->574292K(574464K)
[962.083s][info][gc,metaspace   ] GC(2760) Metaspace: 35700K(36352K)->35700K(36352K) NonClass: 29428K(29888K)->29428K(29888K) Class: 6272K(6464K)->6272K(6464K)
[962.083s][info][gc             ] GC(2760) Pause Young (Allocation Failure) 824M->560M(824M) 1.972ms
[962.083s][info][gc,cpu         ] GC(2760) User=0.01s Sys=0.00s Real=0.00s
[962.417s][info][gc,start       ] GC(2761) Pause Young (Allocation Failure)
[962.419s][info][gc,heap        ] GC(2761) PSYoungGen: 260160K(269824K)->64K(250368K) Eden: 260096K(260096K)->0K(249856K) From: 64K(9728K)->64K(512K)
[962.419s][info][gc,heap        ] GC(2761) ParOldGen: 574292K(574464K)->574300K(574464K)
[962.419s][info][gc,metaspace   ] GC(2761) Metaspace: 35700K(36352K)->35700K(36352K) NonClass: 29428K(29888K)->29428K(29888K) Class: 6272K(6464K)->6272K(6464K)
[962.419s][info][gc             ] GC(2761) Pause Young (Allocation Failure) 814M->560M(805M) 1.952ms
[962.419s][info][gc,cpu         ] GC(2761) User=0.00s Sys=0.00s Real=0.00s
[962.559s][info][gc,start       ] GC(2762) Pause Young (Allocation Failure)
[962.561s][info][gc,heap        ] GC(2762) PSYoungGen: 249920K(250368K)->64K(248832K) Eden: 249856K(249856K)->0K(240128K) From: 64K(512K)->64K(8704K)
[962.561s][info][gc,heap        ] GC(2762) ParOldGen: 574300K(574464K)->574308K(574464K)
[962.561s][info][gc,metaspace   ] GC(2762) Metaspace: 35700K(36352K)->35700K(36352K) NonClass: 29428K(29888K)->29428K(29888K) Class: 6272K(6464K)->6272K(6464K)
[962.561s][info][gc             ] GC(2762) Pause Young (Allocation Failure) 804M->560M(804M) 1.624ms
[962.561s][info][gc,cpu         ] GC(2762) User=0.01s Sys=0.00s Real=0.00s
[962.742s][info][gc,start       ] GC(2763) Pause Young (Allocation Failure)
[962.744s][info][gc,heap        ] GC(2763) PSYoungGen: 240192K(248832K)->64K(231424K) Eden: 240128K(240128K)->0K(230912K) From: 64K(8704K)->64K(512K)
[962.744s][info][gc,heap        ] GC(2763) ParOldGen: 574308K(574464K)->574316K(574464K)
[962.744s][info][gc,metaspace   ] GC(2763) Metaspace: 35700K(36352K)->35700K(36352K) NonClass: 29428K(29888K)->29428K(29888K) Class: 6272K(6464K)->6272K(6464K)
[962.744s][info][gc             ] GC(2763) Pause Young (Allocation Failure) 795M->560M(787M) 2.043ms
[962.744s][info][gc,cpu         ] GC(2763) User=0.00s Sys=0.00s Real=0.00s
[963.235s][info][gc,start       ] GC(2764) Pause Young (Allocation Failure)
[963.236s][info][gc,heap        ] GC(2764) PSYoungGen: 230976K(231424K)->64K(229376K) Eden: 230912K(230912K)->0K(222208K) From: 64K(512K)->64K(7168K)
[963.236s][info][gc,heap        ] GC(2764) ParOldGen: 574316K(574464K)->574324K(574464K)
[963.236s][info][gc,metaspace   ] GC(2764) Metaspace: 35700K(36352K)->35700K(36352K) NonClass: 29428K(29888K)->29428K(29888K) Class: 6272K(6464K)->6272K(6464K)
[963.236s][info][gc             ] GC(2764) Pause Young (Allocation Failure) 786M->560M(785M) 1.612ms
[963.236s][info][gc,cpu         ] GC(2764) User=0.00s Sys=0.00s Real=0.00s
[963.435s][info][gc,start       ] GC(2765) Pause Young (Allocation Failure)
[963.438s][info][gc,heap        ] GC(2765) PSYoungGen: 222272K(229376K)->64K(214528K) Eden: 222208K(222208K)->0K(214016K) From: 64K(7168K)->64K(512K)
[963.438s][info][gc,heap        ] GC(2765) ParOldGen: 574324K(574464K)->574332K(574464K)
[963.438s][info][gc,metaspace   ] GC(2765) Metaspace: 35700K(36352K)->35700K(36352K) NonClass: 29428K(29888K)->29428K(29888K) Class: 6272K(6464K)->6272K(6464K)
[963.438s][info][gc             ] GC(2765) Pause Young (Allocation Failure) 777M->560M(770M) 2.621ms
[963.438s][info][gc,cpu         ] GC(2765) User=0.00s Sys=0.01s Real=0.00s
[963.691s][info][gc,start       ] GC(2766) Pause Young (Allocation Failure)
[963.725s][info][gc,heap        ] GC(2766) PSYoungGen: 214080K(214528K)->6144K(262144K) Eden: 214016K(214016K)->0K(256000K) From: 64K(512K)->6144K(6144K)
[963.725s][info][gc,heap        ] GC(2766) ParOldGen: 574332K(574464K)->584988K(585216K)
[963.725s][info][gc,metaspace   ] GC(2766) Metaspace: 35700K(36352K)->35700K(36352K) NonClass: 29428K(29888K)->29428K(29888K) Class: 6272K(6464K)->6272K(6464K)
[963.725s][info][gc             ] GC(2766) Pause Young (Allocation Failure) 769M->577M(827M) 34.559ms
[963.725s][info][gc,cpu         ] GC(2766) User=0.06s Sys=0.00s Real=0.04s
[963.983s][info][gc,start       ] GC(2767) Pause Young (Allocation Failure)
[964.039s][info][gc,heap        ] GC(2767) PSYoungGen: 262144K(262144K)->6144K(269824K) Eden: 256000K(256000K)->0K(263680K) From: 6144K(6144K)->6144K(6144K)
[964.039s][info][gc,heap        ] GC(2767) ParOldGen: 584988K(585216K)->606356K(606720K)
[964.039s][info][gc,metaspace   ] GC(2767) Metaspace: 35700K(36352K)->35700K(36352K) NonClass: 29428K(29888K)->29428K(29888K) Class: 6272K(6464K)->6272K(6464K)
[964.039s][info][gc             ] GC(2767) Pause Young (Allocation Failure) 827M->598M(856M) 55.717ms
[964.039s][info][gc,cpu         ] GC(2767) User=0.10s Sys=0.01s Real=0.06s
[964.283s][info][gc,start       ] GC(2768) Pause Young (Allocation Failure)
[964.329s][info][gc,heap        ] GC(2768) PSYoungGen: 269824K(269824K)->19968K(283648K) Eden: 263680K(263680K)->0K(263680K) From: 6144K(6144K)->19968K(19968K)
[964.329s][info][gc,heap        ] GC(2768) ParOldGen: 606356K(606720K)->612220K(612352K)
[964.329s][info][gc,metaspace   ] GC(2768) Metaspace: 35700K(36352K)->35700K(36352K) NonClass: 29428K(29888K)->29428K(29888K) Class: 6272K(6464K)->6272K(6464K)
[964.329s][info][gc             ] GC(2768) Pause Young (Allocation Failure) 855M->617M(875M) 45.861ms
[964.329s][info][gc,cpu         ] GC(2768) User=0.08s Sys=0.01s Real=0.05s
[964.403s][info][gc,start       ] GC(2769) Pause Young (Allocation Failure)
[964.407s][info][gc,heap        ] GC(2769) PSYoungGen: 283648K(283648K)->64K(308224K) Eden: 263680K(263680K)->0K(281600K) From: 19968K(19968K)->64K(26624K)
[964.407s][info][gc,heap        ] GC(2769) ParOldGen: 612220K(612352K)->612420K(612864K)
[964.407s][info][gc,metaspace   ] GC(2769) Metaspace: 35700K(36352K)->35700K(36352K) NonClass: 29428K(29888K)->29428K(29888K) Class: 6272K(6464K)->6272K(6464K)
[964.407s][info][gc             ] GC(2769) Pause Young (Allocation Failure) 874M->598M(899M) 3.280ms
[964.407s][info][gc,cpu         ] GC(2769) User=0.00s Sys=0.00s Real=0.01s
[964.971s][info][gc,start       ] GC(2770) Pause Young (Allocation Failure)
[964.973s][info][gc,heap        ] GC(2770) PSYoungGen: 281664K(308224K)->64K(282112K) Eden: 281600K(281600K)->0K(281600K) From: 64K(26624K)->64K(512K)
[964.973s][info][gc,heap        ] GC(2770) ParOldGen: 612420K(612864K)->612428K(612864K)
[964.973s][info][gc,metaspace   ] GC(2770) Metaspace: 35700K(36352K)->35700K(36352K) NonClass: 29428K(29888K)->29428K(29888K) Class: 6272K(6464K)->6272K(6464K)
[964.973s][info][gc             ] GC(2770) Pause Young (Allocation Failure) 873M->598M(874M) 1.836ms
[964.973s][info][gc,cpu         ] GC(2770) User=0.00s Sys=0.00s Real=0.00s
[965.370s][info][gc,start       ] GC(2771) Pause Young (Allocation Failure)
[965.372s][info][gc,heap        ] GC(2771) PSYoungGen: 281664K(282112K)->64K(307712K) Eden: 281600K(281600K)->0K(282624K) From: 64K(512K)->64K(25088K)
[965.372s][info][gc,heap        ] GC(2771) ParOldGen: 612428K(612864K)->612436K(612864K)
[965.372s][info][gc,metaspace   ] GC(2771) Metaspace: 35700K(36352K)->35700K(36352K) NonClass: 29428K(29888K)->29428K(29888K) Class: 6272K(6464K)->6272K(6464K)
[965.372s][info][gc             ] GC(2771) Pause Young (Allocation Failure) 873M->598M(899M) 2.126ms
[965.372s][info][gc,cpu         ] GC(2771) User=0.01s Sys=0.00s Real=0.00s
[965.745s][info][gc,start       ] GC(2772) Pause Young (Allocation Failure)
[965.747s][info][gc,heap        ] GC(2772) PSYoungGen: 282688K(307712K)->64K(306688K) Eden: 282624K(282624K)->0K(282624K) From: 64K(25088K)->64K(24064K)
[965.747s][info][gc,heap        ] GC(2772) ParOldGen: 612436K(612864K)->612452K(612864K)
[965.747s][info][gc,metaspace   ] GC(2772) Metaspace: 35700K(36352K)->35700K(36352K) NonClass: 29428K(29888K)->29428K(29888K) Class: 6272K(6464K)->6272K(6464K)
[965.747s][info][gc             ] GC(2772) Pause Young (Allocation Failure) 874M->598M(898M) 2.043ms
[965.747s][info][gc,cpu         ] GC(2772) User=0.00s Sys=0.00s Real=0.00s
[965.921s][info][gc,start       ] GC(2773) Pause Young (Allocation Failure)
[965.922s][info][gc,heap        ] GC(2773) PSYoungGen: 282688K(306688K)->64K(308736K) Eden: 282624K(282624K)->0K(285696K) From: 64K(24064K)->64K(23040K)
[965.922s][info][gc,heap        ] GC(2773) ParOldGen: 612452K(612864K)->612468K(612864K)
[965.922s][info][gc,metaspace   ] GC(2773) Metaspace: 35700K(36352K)->35700K(36352K) NonClass: 29428K(29888K)->29428K(29888K) Class: 6272K(6464K)->6272K(6464K)
[965.922s][info][gc             ] GC(2773) Pause Young (Allocation Failure) 874M->598M(900M) 1.782ms
[965.922s][info][gc,cpu         ] GC(2773) User=0.00s Sys=0.00s Real=0.00s
[966.098s][info][gc,start       ] GC(2774) Pause Young (Allocation Failure)
[966.100s][info][gc,heap        ] GC(2774) PSYoungGen: 285760K(308736K)->64K(307712K) Eden: 285696K(285696K)->0K(285696K) From: 64K(23040K)->64K(22016K)
[966.100s][info][gc,heap        ] GC(2774) ParOldGen: 612468K(612864K)->612468K(612864K)
[966.100s][info][gc,metaspace   ] GC(2774) Metaspace: 35700K(36352K)->35700K(36352K) NonClass: 29428K(29888K)->29428K(29888K) Class: 6272K(6464K)->6272K(6464K)
[966.100s][info][gc             ] GC(2774) Pause Young (Allocation Failure) 877M->598M(899M) 1.721ms
[966.100s][info][gc,cpu         ] GC(2774) User=0.01s Sys=0.00s Real=0.00s
[966.414s][info][gc,start       ] GC(2775) Pause Young (Allocation Failure)
[966.416s][info][gc,heap        ] GC(2775) PSYoungGen: 285760K(307712K)->64K(310272K) Eden: 285696K(285696K)->0K(290304K) From: 64K(22016K)->64K(19968K)
[966.416s][info][gc,heap        ] GC(2775) ParOldGen: 612468K(612864K)->612468K(612864K)
[966.416s][info][gc,metaspace   ] GC(2775) Metaspace: 35700K(36352K)->35700K(36352K) NonClass: 29428K(29888K)->29428K(29888K) Class: 6272K(6464K)->6272K(6464K)
[966.416s][info][gc             ] GC(2775) Pause Young (Allocation Failure) 877M->598M(901M) 1.675ms
[966.416s][info][gc,cpu         ] GC(2775) User=0.00s Sys=0.00s Real=0.00s
[966.467s][info][gc,start       ] GC(2776) Pause Young (Allocation Failure)
[966.469s][info][gc,heap        ] GC(2776) PSYoungGen: 290368K(310272K)->64K(309760K) Eden: 290304K(290304K)->0K(290304K) From: 64K(19968K)->64K(19456K)
[966.469s][info][gc,heap        ] GC(2776) ParOldGen: 612468K(612864K)->612484K(612864K)
[966.469s][info][gc,metaspace   ] GC(2776) Metaspace: 35700K(36352K)->35700K(36352K) NonClass: 29428K(29888K)->29428K(29888K) Class: 6272K(6464K)->6272K(6464K)
[966.469s][info][gc             ] GC(2776) Pause Young (Allocation Failure) 881M->598M(901M) 1.636ms
[966.469s][info][gc,cpu         ] GC(2776) User=0.00s Sys=0.00s Real=0.00s
[966.520s][info][gc,start       ] GC(2777) Pause Young (Allocation Failure)
[966.522s][info][gc,heap        ] GC(2777) PSYoungGen: 290368K(309760K)->64K(313344K) Eden: 290304K(290304K)->0K(295424K) From: 64K(19456K)->64K(17920K)
[966.522s][info][gc,heap        ] GC(2777) ParOldGen: 612484K(612864K)->612484K(612864K)
[966.522s][info][gc,metaspace   ] GC(2777) Metaspace: 35700K(36352K)->35700K(36352K) NonClass: 29428K(29888K)->29428K(29888K) Class: 6272K(6464K)->6272K(6464K)
[966.522s][info][gc             ] GC(2777) Pause Young (Allocation Failure) 881M->598M(904M) 1.729ms
[966.522s][info][gc,cpu         ] GC(2777) User=0.01s Sys=0.00s Real=0.00s
[966.720s][info][gc,start       ] GC(2778) Pause Young (Allocation Failure)
[966.722s][info][gc,heap        ] GC(2778) PSYoungGen: 295488K(313344K)->64K(312832K) Eden: 295424K(295424K)->0K(295424K) From: 64K(17920K)->64K(17408K)
[966.722s][info][gc,heap        ] GC(2778) ParOldGen: 612484K(612864K)->612484K(612864K)
[966.722s][info][gc,metaspace   ] GC(2778) Metaspace: 35700K(36352K)->35700K(36352K) NonClass: 29428K(29888K)->29428K(29888K) Class: 6272K(6464K)->6272K(6464K)
[966.722s][info][gc             ] GC(2778) Pause Young (Allocation Failure) 886M->598M(904M) 1.967ms
[966.722s][info][gc,cpu         ] GC(2778) User=0.00s Sys=0.00s Real=0.00s
[966.940s][info][gc,start       ] GC(2779) Pause Young (Allocation Failure)
[966.942s][info][gc,heap        ] GC(2779) PSYoungGen: 295488K(312832K)->64K(315392K) Eden: 295424K(295424K)->0K(299520K) From: 64K(17408K)->64K(15872K)
[966.942s][info][gc,heap        ] GC(2779) ParOldGen: 612484K(612864K)->612492K(612864K)
[966.942s][info][gc,metaspace   ] GC(2779) Metaspace: 35700K(36352K)->35700K(36352K) NonClass: 29428K(29888K)->29428K(29888K) Class: 6272K(6464K)->6272K(6464K)
[966.942s][info][gc             ] GC(2779) Pause Young (Allocation Failure) 886M->598M(906M) 1.883ms
[966.942s][info][gc,cpu         ] GC(2779) User=0.00s Sys=0.00s Real=0.00s
[967.061s][info][gc,start       ] GC(2780) Pause Young (Allocation Failure)
[967.063s][info][gc,heap        ] GC(2780) PSYoungGen: 299584K(315392K)->64K(314880K) Eden: 299520K(299520K)->0K(299520K) From: 64K(15872K)->64K(15360K)
[967.063s][info][gc,heap        ] GC(2780) ParOldGen: 612492K(612864K)->612500K(612864K)
[967.063s][info][gc,metaspace   ] GC(2780) Metaspace: 35700K(36352K)->35700K(36352K) NonClass: 29428K(29888K)->29428K(29888K) Class: 6272K(6464K)->6272K(6464K)
[967.063s][info][gc             ] GC(2780) Pause Young (Allocation Failure) 890M->598M(906M) 1.765ms
[967.063s][info][gc,cpu         ] GC(2780) User=0.00s Sys=0.00s Real=0.00s
[967.151s][info][gc,start       ] GC(2781) Pause Young (Allocation Failure)
[967.153s][info][gc,heap        ] GC(2781) PSYoungGen: 299584K(314880K)->64K(317440K) Eden: 299520K(299520K)->0K(303616K) From: 64K(15360K)->64K(13824K)
[967.153s][info][gc,heap        ] GC(2781) ParOldGen: 612500K(612864K)->612508K(612864K)
[967.153s][info][gc,metaspace   ] GC(2781) Metaspace: 35700K(36352K)->35700K(36352K) NonClass: 29428K(29888K)->29428K(29888K) Class: 6272K(6464K)->6272K(6464K)
[967.153s][info][gc             ] GC(2781) Pause Young (Allocation Failure) 890M->598M(908M) 1.718ms
[967.153s][info][gc,cpu         ] GC(2781) User=0.00s Sys=0.00s Real=0.00s
[967.331s][info][gc,start       ] GC(2782) Pause Young (Allocation Failure)
[967.332s][info][gc,heap        ] GC(2782) PSYoungGen: 303680K(317440K)->64K(317440K) Eden: 303616K(303616K)->0K(303616K) From: 64K(13824K)->64K(13824K)
[967.332s][info][gc,heap        ] GC(2782) ParOldGen: 612508K(612864K)->612516K(612864K)
[967.332s][info][gc,metaspace   ] GC(2782) Metaspace: 35700K(36352K)->35700K(36352K) NonClass: 29428K(29888K)->29428K(29888K) Class: 6272K(6464K)->6272K(6464K)
[967.332s][info][gc             ] GC(2782) Pause Young (Allocation Failure) 894M->598M(908M) 1.832ms
[967.332s][info][gc,cpu         ] GC(2782) User=0.00s Sys=0.00s Real=0.00s
[968.201s][info][gc,start       ] GC(2783) Pause Young (Allocation Failure)
[968.202s][info][gc,heap        ] GC(2783) PSYoungGen: 303680K(317440K)->83K(318976K) Eden: 303616K(303616K)->0K(307200K) From: 64K(13824K)->83K(11776K)
[968.202s][info][gc,heap        ] GC(2783) ParOldGen: 612516K(612864K)->612524K(612864K)
[968.202s][info][gc,metaspace   ] GC(2783) Metaspace: 35700K(36352K)->35700K(36352K) NonClass: 29428K(29888K)->29428K(29888K) Class: 6272K(6464K)->6272K(6464K)
[968.202s][info][gc             ] GC(2783) Pause Young (Allocation Failure) 894M->598M(910M) 1.746ms
[968.202s][info][gc,cpu         ] GC(2783) User=0.01s Sys=0.00s Real=0.00s
[969.044s][info][gc,start       ] GC(2784) Pause Young (Allocation Failure)
[969.046s][info][gc,heap        ] GC(2784) PSYoungGen: 307283K(318976K)->64K(318976K) Eden: 307200K(307200K)->0K(307200K) From: 83K(11776K)->64K(11776K)
[969.046s][info][gc,heap        ] GC(2784) ParOldGen: 612524K(612864K)->612532K(612864K)
[969.046s][info][gc,metaspace   ] GC(2784) Metaspace: 35700K(36352K)->35700K(36352K) NonClass: 29428K(29888K)->29428K(29888K) Class: 6272K(6464K)->6272K(6464K)
[969.046s][info][gc             ] GC(2784) Pause Young (Allocation Failure) 898M->598M(910M) 1.979ms
[969.046s][info][gc,cpu         ] GC(2784) User=0.01s Sys=0.00s Real=0.01s
[969.441s][info][gc,start       ] GC(2785) Pause Young (Allocation Failure)
[969.443s][info][gc,heap        ] GC(2785) PSYoungGen: 307264K(318976K)->64K(295424K) Eden: 307200K(307200K)->0K(294912K) From: 64K(11776K)->64K(512K)
[969.443s][info][gc,heap        ] GC(2785) ParOldGen: 612532K(612864K)->612540K(612864K)
[969.443s][info][gc,metaspace   ] GC(2785) Metaspace: 35700K(36352K)->35700K(36352K) NonClass: 29428K(29888K)->29428K(29888K) Class: 6272K(6464K)->6272K(6464K)
[969.443s][info][gc             ] GC(2785) Pause Young (Allocation Failure) 898M->598M(887M) 2.049ms
[969.443s][info][gc,cpu         ] GC(2785) User=0.01s Sys=0.00s Real=0.00s
[970.163s][info][gc,start       ] GC(2786) Pause Young (Allocation Failure)
[970.165s][info][gc,heap        ] GC(2786) PSYoungGen: 294976K(295424K)->64K(293376K) Eden: 294912K(294912K)->0K(283136K) From: 64K(512K)->64K(10240K)
[970.165s][info][gc,heap        ] GC(2786) ParOldGen: 612540K(612864K)->612556K(612864K)
[970.165s][info][gc,metaspace   ] GC(2786) Metaspace: 35700K(36352K)->35700K(36352K) NonClass: 29428K(29888K)->29428K(29888K) Class: 6272K(6464K)->6272K(6464K)
[970.165s][info][gc             ] GC(2786) Pause Young (Allocation Failure) 886M->598M(885M) 1.868ms
[970.165s][info][gc,cpu         ] GC(2786) User=0.01s Sys=0.00s Real=0.01s
[970.700s][info][gc,start       ] GC(2787) Pause Young (Allocation Failure)
[970.704s][info][gc,heap        ] GC(2787) PSYoungGen: 283200K(293376K)->64K(272384K) Eden: 283136K(283136K)->0K(271872K) From: 64K(10240K)->64K(512K)
[970.704s][info][gc,heap        ] GC(2787) ParOldGen: 612556K(612864K)->612572K(612864K)
[970.704s][info][gc,metaspace   ] GC(2787) Metaspace: 35700K(36352K)->35700K(36352K) NonClass: 29428K(29888K)->29428K(29888K) Class: 6272K(6464K)->6272K(6464K)
[970.704s][info][gc             ] GC(2787) Pause Young (Allocation Failure) 874M->598M(864M) 3.468ms
[970.704s][info][gc,cpu         ] GC(2787) User=0.00s Sys=0.00s Real=0.00s
[971.062s][info][gc,start       ] GC(2788) Pause Young (Allocation Failure)
[971.065s][info][gc,heap        ] GC(2788) PSYoungGen: 271936K(272384K)->32K(270336K) Eden: 271872K(271872K)->0K(261120K) From: 64K(512K)->32K(9216K)
[971.065s][info][gc,heap        ] GC(2788) ParOldGen: 612572K(612864K)->612580K(612864K)
[971.065s][info][gc,metaspace   ] GC(2788) Metaspace: 35700K(36352K)->35700K(36352K) NonClass: 29428K(29888K)->29428K(29888K) Class: 6272K(6464K)->6272K(6464K)
[971.065s][info][gc             ] GC(2788) Pause Young (Allocation Failure) 863M->598M(862M) 3.132ms
[971.065s][info][gc,cpu         ] GC(2788) User=0.00s Sys=0.00s Real=0.01s
[971.136s][info][gc,start       ] GC(2789) Pause Young (Allocation Failure)
[971.140s][info][gc,heap        ] GC(2789) PSYoungGen: 261152K(270336K)->64K(305152K) Eden: 261120K(261120K)->0K(296448K) From: 32K(9216K)->64K(8704K)
[971.140s][info][gc,heap        ] GC(2789) ParOldGen: 612580K(612864K)->612588K(612864K)
[971.140s][info][gc,metaspace   ] GC(2789) Metaspace: 35700K(36352K)->35700K(36352K) NonClass: 29428K(29888K)->29428K(29888K) Class: 6272K(6464K)->6272K(6464K)
[971.140s][info][gc             ] GC(2789) Pause Young (Allocation Failure) 853M->598M(896M) 3.107ms
[971.140s][info][gc,cpu         ] GC(2789) User=0.01s Sys=0.00s Real=0.00s
[971.746s][info][gc,start       ] GC(2790) Pause Young (Allocation Failure)
[971.750s][info][gc,heap        ] GC(2790) PSYoungGen: 296512K(305152K)->64K(304128K) Eden: 296448K(296448K)->0K(296448K) From: 64K(8704K)->64K(7680K)
[971.750s][info][gc,heap        ] GC(2790) ParOldGen: 612588K(612864K)->612604K(612864K)
[971.750s][info][gc,metaspace   ] GC(2790) Metaspace: 35700K(36352K)->35700K(36352K) NonClass: 29428K(29888K)->29428K(29888K) Class: 6272K(6464K)->6272K(6464K)
[971.750s][info][gc             ] GC(2790) Pause Young (Allocation Failure) 887M->598M(895M) 3.538ms
[971.750s][info][gc,cpu         ] GC(2790) User=0.00s Sys=0.00s Real=0.00s
[972.004s][info][gc,start       ] GC(2791) Pause Young (Allocation Failure)
[972.007s][info][gc,heap        ] GC(2791) PSYoungGen: 296512K(304128K)->64K(325120K) Eden: 296448K(296448K)->0K(317952K) From: 64K(7680K)->64K(7168K)
[972.007s][info][gc,heap        ] GC(2791) ParOldGen: 612604K(612864K)->612612K(612864K)
[972.007s][info][gc,metaspace   ] GC(2791) Metaspace: 35701K(36352K)->35701K(36352K) NonClass: 29429K(29888K)->29429K(29888K) Class: 6272K(6464K)->6272K(6464K)
[972.007s][info][gc             ] GC(2791) Pause Young (Allocation Failure) 887M->598M(916M) 3.319ms
[972.007s][info][gc,cpu         ] GC(2791) User=0.00s Sys=0.00s Real=0.01s
[972.362s][info][gc,start       ] GC(2792) Pause Young (Allocation Failure)
[972.425s][info][gc,heap        ] GC(2792) PSYoungGen: 318016K(325120K)->6656K(324608K) Eden: 317952K(317952K)->0K(317952K) From: 64K(7168K)->6656K(6656K)
[972.425s][info][gc,heap        ] GC(2792) ParOldGen: 612612K(612864K)->636660K(636928K)
[972.425s][info][gc,metaspace   ] GC(2792) Metaspace: 35701K(36352K)->35701K(36352K) NonClass: 29429K(29888K)->29429K(29888K) Class: 6272K(6464K)->6272K(6464K)
[972.425s][info][gc             ] GC(2792) Pause Young (Allocation Failure) 908M->628M(939M) 63.268ms
[972.425s][info][gc,cpu         ] GC(2792) User=0.10s Sys=0.03s Real=0.07s
[972.745s][info][gc,start       ] GC(2793) Pause Young (Allocation Failure)
[972.821s][info][gc,heap        ] GC(2793) PSYoungGen: 324608K(324608K)->9216K(287744K) Eden: 317952K(317952K)->0K(278528K) From: 6656K(6656K)->9216K(9216K)
[972.821s][info][gc,heap        ] GC(2793) ParOldGen: 636660K(636928K)->662020K(662528K)
[972.821s][info][gc,metaspace   ] GC(2793) Metaspace: 35701K(36352K)->35701K(36352K) NonClass: 29429K(29888K)->29429K(29888K) Class: 6272K(6464K)->6272K(6464K)
[972.821s][info][gc             ] GC(2793) Pause Young (Allocation Failure) 938M->655M(928M) 76.660ms
[972.821s][info][gc,cpu         ] GC(2793) User=0.13s Sys=0.02s Real=0.07s
[972.920s][info][gc,start       ] GC(2794) Pause Full (Allocation Failure)
[972.921s][info][gc,phases,start] GC(2794) Marking Phase
[972.965s][info][gc,phases      ] GC(2794) Marking Phase 44.570ms
[972.965s][info][gc,phases,start] GC(2794) Summary Phase
[972.965s][info][gc,phases      ] GC(2794) Summary Phase 0.030ms
[972.965s][info][gc,phases,start] GC(2794) Forward
[972.974s][info][gc,phases      ] GC(2794) Forward 9.303ms
[972.975s][info][gc,phases,start] GC(2794) Adjust Pointers
[972.997s][info][gc,phases      ] GC(2794) Adjust Pointers 22.010ms
[972.997s][info][gc,phases,start] GC(2794) Compaction Phase
[973.005s][info][gc,phases      ] GC(2794) Compaction Phase 8.134ms
[973.005s][info][gc,phases,start] GC(2794) Post Compact
[973.008s][info][metaspace      ] ChkMgr @0x00007f1f7803aa80 (non-class-space): : reclaiming memory...
[973.008s][info][metaspace      ] ChkMgr @0x00007f1f7803aa80 (non-class-space): nothing reclaimed.
[973.008s][info][metaspace      ] ChkMgr @0x00007f1f7803a890 (class-space): : reclaiming memory...
[973.008s][info][metaspace      ] ChkMgr @0x00007f1f7803a890 (class-space): nothing reclaimed.
[973.008s][info][gc,phases      ] GC(2794) Post Compact 2.888ms
[973.044s][info][gc,heap        ] GC(2794) PSYoungGen: 287744K(287744K)->0K(306176K) Eden: 278528K(278528K)->0K(278528K) From: 9216K(9216K)->0K(27648K)
[973.044s][info][gc,heap        ] GC(2794) ParOldGen: 662020K(662528K)->61791K(175104K)
[973.044s][info][gc,metaspace   ] GC(2794) Metaspace: 35701K(36352K)->35574K(36352K) NonClass: 29429K(29888K)->29303K(29888K) Class: 6272K(6464K)->6271K(6464K)
[973.044s][info][gc             ] GC(2794) Pause Full (Allocation Failure) 927M->60M(470M) 123.706ms
[973.044s][info][gc,cpu         ] GC(2794) User=0.14s Sys=0.04s Real=0.12s
[973.512s][info][gc,start       ] GC(2795) Pause Young (Allocation Failure)
[973.513s][info][gc,heap        ] GC(2795) PSYoungGen: 278528K(306176K)->64K(304128K) Eden: 278528K(278528K)->0K(278528K) From: 0K(27648K)->64K(25600K)
[973.513s][info][gc,heap        ] GC(2795) ParOldGen: 61791K(175104K)->61791K(175104K)
[973.513s][info][gc,metaspace   ] GC(2795) Metaspace: 35574K(36352K)->35574K(36352K) NonClass: 29303K(29888K)->29303K(29888K) Class: 6271K(6464K)->6271K(6464K)
[973.513s][info][gc             ] GC(2795) Pause Young (Allocation Failure) 332M->60M(468M) 1.992ms
[973.514s][info][gc,cpu         ] GC(2795) User=0.00s Sys=0.00s Real=0.00s
[974.001s][info][gc,start       ] GC(2796) Pause Young (Allocation Failure)
[974.001s][info][gc,heap        ] GC(2796) PSYoungGen: 278592K(304128K)->64K(305152K) Eden: 278528K(278528K)->0K(278528K) From: 64K(25600K)->64K(26624K)
[974.001s][info][gc,heap        ] GC(2796) ParOldGen: 61791K(175104K)->61799K(175104K)
[974.001s][info][gc,metaspace   ] GC(2796) Metaspace: 35574K(36352K)->35574K(36352K) NonClass: 29303K(29888K)->29303K(29888K) Class: 6271K(6464K)->6271K(6464K)
[974.001s][info][gc             ] GC(2796) Pause Young (Allocation Failure) 332M->60M(469M) 0.598ms
[974.001s][info][gc,cpu         ] GC(2796) User=0.00s Sys=0.00s Real=0.00s
[974.365s][info][gc,start       ] GC(2797) Pause Young (Allocation Failure)
[974.366s][info][gc,heap        ] GC(2797) PSYoungGen: 278592K(305152K)->64K(305152K) Eden: 278528K(278528K)->0K(281600K) From: 64K(26624K)->64K(23552K)
[974.366s][info][gc,heap        ] GC(2797) ParOldGen: 61799K(175104K)->61815K(175104K)
[974.366s][info][gc,metaspace   ] GC(2797) Metaspace: 35574K(36352K)->35574K(36352K) NonClass: 29303K(29888K)->29303K(29888K) Class: 6271K(6464K)->6271K(6464K)
[974.366s][info][gc             ] GC(2797) Pause Young (Allocation Failure) 332M->60M(469M) 0.710ms
[974.366s][info][gc,cpu         ] GC(2797) User=0.00s Sys=0.00s Real=0.00s
[974.547s][info][gc,start       ] GC(2798) Pause Young (Allocation Failure)
[974.548s][info][gc,heap        ] GC(2798) PSYoungGen: 281664K(305152K)->64K(306176K) Eden: 281600K(281600K)->0K(281600K) From: 64K(23552K)->64K(24576K)
[974.548s][info][gc,heap        ] GC(2798) ParOldGen: 61815K(175104K)->61831K(175104K)
[974.548s][info][gc,metaspace   ] GC(2798) Metaspace: 35574K(36352K)->35574K(36352K) NonClass: 29303K(29888K)->29303K(29888K) Class: 6271K(6464K)->6271K(6464K)
[974.548s][info][gc             ] GC(2798) Pause Young (Allocation Failure) 335M->60M(470M) 0.700ms
[974.548s][info][gc,cpu         ] GC(2798) User=0.00s Sys=0.00s Real=0.00s
[974.723s][info][gc,start       ] GC(2799) Pause Young (Allocation Failure)
[974.724s][info][gc,heap        ] GC(2799) PSYoungGen: 281664K(306176K)->64K(306176K) Eden: 281600K(281600K)->0K(285696K) From: 64K(24576K)->64K(20480K)
[974.724s][info][gc,heap        ] GC(2799) ParOldGen: 61831K(175104K)->61831K(175104K)
[974.724s][info][gc,metaspace   ] GC(2799) Metaspace: 35574K(36352K)->35574K(36352K) NonClass: 29303K(29888K)->29303K(29888K) Class: 6271K(6464K)->6271K(6464K)
[974.724s][info][gc             ] GC(2799) Pause Young (Allocation Failure) 335M->60M(470M) 0.758ms
[974.724s][info][gc,cpu         ] GC(2799) User=0.00s Sys=0.00s Real=0.00s
[975.020s][info][gc,start       ] GC(2800) Pause Young (Allocation Failure)
[975.020s][info][gc,heap        ] GC(2800) PSYoungGen: 285760K(306176K)->64K(307712K) Eden: 285696K(285696K)->0K(285696K) From: 64K(20480K)->64K(22016K)
[975.020s][info][gc,heap        ] GC(2800) ParOldGen: 61831K(175104K)->61831K(175104K)
[975.020s][info][gc,metaspace   ] GC(2800) Metaspace: 35574K(36352K)->35574K(36352K) NonClass: 29303K(29888K)->29303K(29888K) Class: 6271K(6464K)->6271K(6464K)
[975.020s][info][gc             ] GC(2800) Pause Young (Allocation Failure) 339M->60M(471M) 0.668ms
[975.020s][info][gc,cpu         ] GC(2800) User=0.00s Sys=0.00s Real=0.00s
[975.118s][info][gc,start       ] GC(2801) Pause Young (Allocation Failure)
[975.119s][info][gc,heap        ] GC(2801) PSYoungGen: 285760K(307712K)->64K(309248K) Eden: 285696K(285696K)->0K(290816K) From: 64K(22016K)->64K(18432K)
[975.119s][info][gc,heap        ] GC(2801) ParOldGen: 61831K(175104K)->61839K(175104K)
[975.119s][info][gc,metaspace   ] GC(2801) Metaspace: 35574K(36352K)->35574K(36352K) NonClass: 29303K(29888K)->29303K(29888K) Class: 6271K(6464K)->6271K(6464K)
[975.119s][info][gc             ] GC(2801) Pause Young (Allocation Failure) 339M->60M(473M) 0.551ms
[975.119s][info][gc,cpu         ] GC(2801) User=0.00s Sys=0.00s Real=0.00s
[975.171s][info][gc,start       ] GC(2802) Pause Young (Allocation Failure)
[975.171s][info][gc,heap        ] GC(2802) PSYoungGen: 290880K(309248K)->64K(310784K) Eden: 290816K(290816K)->0K(290816K) From: 64K(18432K)->64K(19968K)
[975.171s][info][gc,heap        ] GC(2802) ParOldGen: 61839K(175104K)->61855K(175104K)
[975.171s][info][gc,metaspace   ] GC(2802) Metaspace: 35574K(36352K)->35574K(36352K) NonClass: 29303K(29888K)->29303K(29888K) Class: 6271K(6464K)->6271K(6464K)
[975.171s][info][gc             ] GC(2802) Pause Young (Allocation Failure) 344M->60M(474M) 0.531ms
[975.171s][info][gc,cpu         ] GC(2802) User=0.00s Sys=0.00s Real=0.00s
[975.308s][info][gc,start       ] GC(2803) Pause Young (Allocation Failure)
[975.309s][info][gc,heap        ] GC(2803) PSYoungGen: 290880K(310784K)->64K(311296K) Eden: 290816K(290816K)->0K(294912K) From: 64K(19968K)->64K(16384K)
[975.309s][info][gc,heap        ] GC(2803) ParOldGen: 61855K(175104K)->61855K(175104K)
[975.309s][info][gc,metaspace   ] GC(2803) Metaspace: 35574K(36352K)->35574K(36352K) NonClass: 29303K(29888K)->29303K(29888K) Class: 6271K(6464K)->6271K(6464K)
[975.309s][info][gc             ] GC(2803) Pause Young (Allocation Failure) 344M->60M(475M) 0.543ms
[975.309s][info][gc,cpu         ] GC(2803) User=0.01s Sys=0.00s Real=0.00s
[975.544s][info][gc,start       ] GC(2804) Pause Young (Allocation Failure)
[975.546s][info][gc,heap        ] GC(2804) PSYoungGen: 294976K(311296K)->64K(283648K) Eden: 294912K(294912K)->0K(283136K) From: 64K(16384K)->64K(512K)
[975.546s][info][gc,heap        ] GC(2804) ParOldGen: 61855K(175104K)->61863K(175104K)
[975.546s][info][gc,metaspace   ] GC(2804) Metaspace: 35574K(36352K)->35574K(36352K) NonClass: 29303K(29888K)->29303K(29888K) Class: 6271K(6464K)->6271K(6464K)
[975.546s][info][gc             ] GC(2804) Pause Young (Allocation Failure) 348M->60M(448M) 1.920ms
[975.546s][info][gc,cpu         ] GC(2804) User=0.00s Sys=0.00s Real=0.00s
[975.699s][info][gc,start       ] GC(2805) Pause Young (Allocation Failure)
[975.701s][info][gc,heap        ] GC(2805) PSYoungGen: 283200K(283648K)->64K(275456K) Eden: 283136K(283136K)->0K(271872K) From: 64K(512K)->64K(3584K)
[975.701s][info][gc,heap        ] GC(2805) ParOldGen: 61863K(175104K)->61871K(175104K)
[975.701s][info][gc,metaspace   ] GC(2805) Metaspace: 35574K(36352K)->35574K(36352K) NonClass: 29303K(29888K)->29303K(29888K) Class: 6271K(6464K)->6271K(6464K)
[975.701s][info][gc             ] GC(2805) Pause Young (Allocation Failure) 336M->60M(440M) 1.921ms
[975.701s][info][gc,cpu         ] GC(2805) User=0.00s Sys=0.00s Real=0.00s
[975.771s][info][gc,start       ] GC(2806) Pause Young (Allocation Failure)
[975.772s][info][gc,heap        ] GC(2806) PSYoungGen: 271936K(275456K)->64K(261632K) Eden: 271872K(271872K)->0K(261120K) From: 64K(3584K)->64K(512K)
[975.772s][info][gc,heap        ] GC(2806) ParOldGen: 61871K(175104K)->61887K(175104K)
[975.772s][info][gc,metaspace   ] GC(2806) Metaspace: 35574K(36352K)->35574K(36352K) NonClass: 29303K(29888K)->29303K(29888K) Class: 6271K(6464K)->6271K(6464K)
[975.772s][info][gc             ] GC(2806) Pause Young (Allocation Failure) 325M->60M(426M) 0.944ms
[975.772s][info][gc,cpu         ] GC(2806) User=0.01s Sys=0.00s Real=0.00s
[975.900s][info][gc,start       ] GC(2807) Pause Young (Allocation Failure)
[975.902s][info][gc,heap        ] GC(2807) PSYoungGen: 261184K(261632K)->64K(251392K) Eden: 261120K(261120K)->0K(250880K) From: 64K(512K)->64K(512K)
[975.902s][info][gc,heap        ] GC(2807) ParOldGen: 61887K(175104K)->61887K(175104K)
[975.902s][info][gc,metaspace   ] GC(2807) Metaspace: 35574K(36352K)->35574K(36352K) NonClass: 29303K(29888K)->29303K(29888K) Class: 6271K(6464K)->6271K(6464K)
[975.902s][info][gc             ] GC(2807) Pause Young (Allocation Failure) 315M->60M(416M) 2.100ms
[975.902s][info][gc,cpu         ] GC(2807) User=0.00s Sys=0.00s Real=0.00s
[976.216s][info][gc,start       ] GC(2808) Pause Young (Allocation Failure)
[976.216s][info][gc,heap        ] GC(2808) PSYoungGen: 250944K(251392K)->64K(254976K) Eden: 250880K(250880K)->0K(241152K) From: 64K(512K)->64K(13824K)
[976.216s][info][gc,heap        ] GC(2808) ParOldGen: 61887K(175104K)->61895K(175104K)
[976.216s][info][gc,metaspace   ] GC(2808) Metaspace: 35574K(36352K)->35574K(36352K) NonClass: 29303K(29888K)->29303K(29888K) Class: 6271K(6464K)->6271K(6464K)
[976.216s][info][gc             ] GC(2808) Pause Young (Allocation Failure) 305M->60M(420M) 0.571ms
[976.216s][info][gc,cpu         ] GC(2808) User=0.00s Sys=0.00s Real=0.00s
[976.883s][info][gc,start       ] GC(2809) Pause Young (Allocation Failure)
[976.884s][info][gc,heap        ] GC(2809) PSYoungGen: 241216K(254976K)->64K(232448K) Eden: 241152K(241152K)->0K(231936K) From: 64K(13824K)->64K(512K)
[976.884s][info][gc,heap        ] GC(2809) ParOldGen: 61895K(175104K)->61903K(175104K)
[976.884s][info][gc,metaspace   ] GC(2809) Metaspace: 35574K(36352K)->35574K(36352K) NonClass: 29303K(29888K)->29303K(29888K) Class: 6271K(6464K)->6271K(6464K)
[976.884s][info][gc             ] GC(2809) Pause Young (Allocation Failure) 296M->60M(398M) 1.876ms
[976.884s][info][gc,cpu         ] GC(2809) User=0.00s Sys=0.01s Real=0.01s
[977.704s][info][gc,start       ] GC(2810) Pause Young (Allocation Failure)
[977.705s][info][gc,heap        ] GC(2810) PSYoungGen: 232000K(232448K)->64K(235520K) Eden: 231936K(231936K)->0K(223232K) From: 64K(512K)->64K(12288K)
[977.705s][info][gc,heap        ] GC(2810) ParOldGen: 61903K(175104K)->61911K(175104K)
[977.705s][info][gc,metaspace   ] GC(2810) Metaspace: 35574K(36352K)->35574K(36352K) NonClass: 29303K(29888K)->29303K(29888K) Class: 6271K(6464K)->6271K(6464K)
[977.705s][info][gc             ] GC(2810) Pause Young (Allocation Failure) 287M->60M(401M) 0.663ms
[977.705s][info][gc,cpu         ] GC(2810) User=0.00s Sys=0.00s Real=0.01s
[977.864s][info][gc,start       ] GC(2811) Pause Young (Allocation Failure)
[977.866s][info][gc,heap        ] GC(2811) PSYoungGen: 223296K(235520K)->64K(215552K) Eden: 223232K(223232K)->0K(215040K) From: 64K(12288K)->64K(512K)
[977.866s][info][gc,heap        ] GC(2811) ParOldGen: 61911K(175104K)->61919K(175104K)
[977.866s][info][gc,metaspace   ] GC(2811) Metaspace: 35574K(36352K)->35574K(36352K) NonClass: 29303K(29888K)->29303K(29888K) Class: 6271K(6464K)->6271K(6464K)
[977.866s][info][gc             ] GC(2811) Pause Young (Allocation Failure) 278M->60M(381M) 2.048ms
[977.866s][info][gc,cpu         ] GC(2811) User=0.00s Sys=0.00s Real=0.01s
[978.256s][info][gc,start       ] GC(2812) Pause Young (Allocation Failure)
[978.256s][info][gc,heap        ] GC(2812) PSYoungGen: 215104K(215552K)->64K(218112K) Eden: 215040K(215040K)->0K(207360K) From: 64K(512K)->64K(10752K)
[978.256s][info][gc,heap        ] GC(2812) ParOldGen: 61919K(175104K)->61927K(175104K)
[978.256s][info][gc,metaspace   ] GC(2812) Metaspace: 35574K(36352K)->35574K(36352K) NonClass: 29303K(29888K)->29303K(29888K) Class: 6271K(6464K)->6271K(6464K)
[978.256s][info][gc             ] GC(2812) Pause Young (Allocation Failure) 270M->60M(384M) 0.654ms
[978.256s][info][gc,cpu         ] GC(2812) User=0.00s Sys=0.00s Real=0.00s
[978.643s][info][gc,start       ] GC(2813) Pause Young (Allocation Failure)
[978.645s][info][gc,heap        ] GC(2813) PSYoungGen: 207424K(218112K)->64K(200192K) Eden: 207360K(207360K)->0K(199680K) From: 64K(10752K)->64K(512K)
[978.645s][info][gc,heap        ] GC(2813) ParOldGen: 61927K(175104K)->61935K(175104K)
[978.645s][info][gc,metaspace   ] GC(2813) Metaspace: 35574K(36352K)->35574K(36352K) NonClass: 29303K(29888K)->29303K(29888K) Class: 6271K(6464K)->6271K(6464K)
[978.645s][info][gc             ] GC(2813) Pause Young (Allocation Failure) 263M->60M(366M) 1.480ms
[978.645s][info][gc,cpu         ] GC(2813) User=0.00s Sys=0.00s Real=0.01s
[979.293s][info][gc,start       ] GC(2814) Pause Young (Allocation Failure)
[979.294s][info][gc,heap        ] GC(2814) PSYoungGen: 199744K(200192K)->64K(201728K) Eden: 199680K(199680K)->0K(192512K) From: 64K(512K)->64K(9216K)
[979.294s][info][gc,heap        ] GC(2814) ParOldGen: 61935K(175104K)->61943K(175104K)
[979.294s][info][gc,metaspace   ] GC(2814) Metaspace: 35574K(36352K)->35574K(36352K) NonClass: 29303K(29888K)->29303K(29888K) Class: 6271K(6464K)->6271K(6464K)
[979.294s][info][gc             ] GC(2814) Pause Young (Allocation Failure) 255M->60M(368M) 0.565ms
[979.294s][info][gc,cpu         ] GC(2814) User=0.00s Sys=0.00s Real=0.00s
[979.575s][info][gc,start       ] GC(2815) Pause Young (Allocation Failure)
[979.577s][info][gc,heap        ] GC(2815) PSYoungGen: 192576K(201728K)->64K(186368K) Eden: 192512K(192512K)->0K(185856K) From: 64K(9216K)->64K(512K)
[979.577s][info][gc,heap        ] GC(2815) ParOldGen: 61943K(175104K)->61959K(175104K)
[979.577s][info][gc,metaspace   ] GC(2815) Metaspace: 35574K(36352K)->35574K(36352K) NonClass: 29303K(29888K)->29303K(29888K) Class: 6271K(6464K)->6271K(6464K)
[979.577s][info][gc             ] GC(2815) Pause Young (Allocation Failure) 248M->60M(353M) 1.743ms
[979.577s][info][gc,cpu         ] GC(2815) User=0.00s Sys=0.00s Real=0.00s
[979.724s][info][gc,start       ] GC(2816) Pause Young (Allocation Failure)
[979.725s][info][gc,heap        ] GC(2816) PSYoungGen: 185920K(186368K)->64K(186880K) Eden: 185856K(185856K)->0K(179200K) From: 64K(512K)->64K(7680K)
[979.725s][info][gc,heap        ] GC(2816) ParOldGen: 61959K(175104K)->61975K(175104K)
[979.725s][info][gc,metaspace   ] GC(2816) Metaspace: 35574K(36352K)->35574K(36352K) NonClass: 29303K(29888K)->29303K(29888K) Class: 6271K(6464K)->6271K(6464K)
[979.725s][info][gc             ] GC(2816) Pause Young (Allocation Failure) 242M->60M(353M) 0.817ms
[979.725s][info][gc,cpu         ] GC(2816) User=0.00s Sys=0.00s Real=0.01s
[979.766s][info][gc,start       ] GC(2817) Pause Young (Allocation Failure)
[979.767s][info][gc,heap        ] GC(2817) PSYoungGen: 179264K(186880K)->32K(173568K) Eden: 179200K(179200K)->0K(173056K) From: 64K(7680K)->32K(512K)
[979.767s][info][gc,heap        ] GC(2817) ParOldGen: 61975K(175104K)->61991K(175104K)
[979.767s][info][gc,metaspace   ] GC(2817) Metaspace: 35574K(36352K)->35574K(36352K) NonClass: 29303K(29888K)->29303K(29888K) Class: 6271K(6464K)->6271K(6464K)
[979.767s][info][gc             ] GC(2817) Pause Young (Allocation Failure) 235M->60M(340M) 1.365ms
[979.767s][info][gc,cpu         ] GC(2817) User=0.00s Sys=0.00s Real=0.00s
[979.912s][info][gc,start       ] GC(2818) Pause Young (Allocation Failure)
[979.913s][info][gc,heap        ] GC(2818) PSYoungGen: 173088K(173568K)->64K(173568K) Eden: 173056K(173056K)->0K(166912K) From: 32K(512K)->64K(6656K)
[979.913s][info][gc,heap        ] GC(2818) ParOldGen: 61991K(175104K)->61991K(175104K)
[979.913s][info][gc,metaspace   ] GC(2818) Metaspace: 35574K(36352K)->35574K(36352K) NonClass: 29303K(29888K)->29303K(29888K) Class: 6271K(6464K)->6271K(6464K)
[979.913s][info][gc             ] GC(2818) Pause Young (Allocation Failure) 229M->60M(340M) 0.735ms
[979.913s][info][gc,cpu         ] GC(2818) User=0.00s Sys=0.00s Real=0.00s
[980.332s][info][gc,start       ] GC(2819) Pause Young (Allocation Failure)
[980.334s][info][gc,heap        ] GC(2819) PSYoungGen: 166976K(173568K)->64K(161792K) Eden: 166912K(166912K)->0K(161280K) From: 64K(6656K)->64K(512K)
[980.334s][info][gc,heap        ] GC(2819) ParOldGen: 61991K(175104K)->62007K(175104K)
[980.334s][info][gc,metaspace   ] GC(2819) Metaspace: 35574K(36352K)->35574K(36352K) NonClass: 29303K(29888K)->29303K(29888K) Class: 6271K(6464K)->6271K(6464K)
[980.334s][info][gc             ] GC(2819) Pause Young (Allocation Failure) 223M->60M(329M) 1.265ms
[980.334s][info][gc,cpu         ] GC(2819) User=0.00s Sys=0.00s Real=0.00s
[980.449s][info][gc,start       ] GC(2820) Pause Young (Allocation Failure)
[980.450s][info][gc,heap        ] GC(2820) PSYoungGen: 161344K(161792K)->64K(161792K) Eden: 161280K(161280K)->0K(156160K) From: 64K(512K)->64K(5632K)
[980.450s][info][gc,heap        ] GC(2820) ParOldGen: 62007K(175104K)->62007K(175104K)
[980.450s][info][gc,metaspace   ] GC(2820) Metaspace: 35574K(36352K)->35574K(36352K) NonClass: 29303K(29888K)->29303K(29888K) Class: 6271K(6464K)->6271K(6464K)
[980.450s][info][gc             ] GC(2820) Pause Young (Allocation Failure) 218M->60M(329M) 0.771ms
[980.450s][info][gc,cpu         ] GC(2820) User=0.01s Sys=0.00s Real=0.00s
[980.642s][info][gc,start       ] GC(2821) Pause Young (Allocation Failure)
[980.643s][info][gc,heap        ] GC(2821) PSYoungGen: 156224K(161792K)->64K(151552K) Eden: 156160K(156160K)->0K(151040K) From: 64K(5632K)->64K(512K)
[980.643s][info][gc,heap        ] GC(2821) ParOldGen: 62007K(175104K)->62023K(175104K)
[980.643s][info][gc,metaspace   ] GC(2821) Metaspace: 35574K(36352K)->35574K(36352K) NonClass: 29303K(29888K)->29303K(29888K) Class: 6271K(6464K)->6271K(6464K)
[980.643s][info][gc             ] GC(2821) Pause Young (Allocation Failure) 213M->60M(319M) 1.428ms
[980.643s][info][gc,cpu         ] GC(2821) User=0.00s Sys=0.00s Real=0.00s
[980.826s][info][gc,start       ] GC(2822) Pause Young (Allocation Failure)
[980.847s][info][gc,heap        ] GC(2822) PSYoungGen: 151104K(151552K)->5120K(185856K) Eden: 151040K(151040K)->0K(180736K) From: 64K(512K)->5120K(5120K)
[980.847s][info][gc,heap        ] GC(2822) ParOldGen: 62023K(175104K)->69415K(175104K)
[980.847s][info][gc,metaspace   ] GC(2822) Metaspace: 35574K(36352K)->35574K(36352K) NonClass: 29303K(29888K)->29303K(29888K) Class: 6271K(6464K)->6271K(6464K)
[980.847s][info][gc             ] GC(2822) Pause Young (Allocation Failure) 208M->72M(352M) 21.530ms
[980.847s][info][gc,cpu         ] GC(2822) User=0.04s Sys=0.00s Real=0.02s
[981.029s][info][gc,start       ] GC(2823) Pause Young (Allocation Failure)
[981.065s][info][gc,heap        ] GC(2823) PSYoungGen: 185856K(185856K)->5120K(213504K) Eden: 180736K(180736K)->0K(208384K) From: 5120K(5120K)->5120K(5120K)
[981.065s][info][gc,heap        ] GC(2823) ParOldGen: 69415K(175104K)->83711K(175104K)
[981.065s][info][gc,metaspace   ] GC(2823) Metaspace: 35574K(36352K)->35574K(36352K) NonClass: 29303K(29888K)->29303K(29888K) Class: 6271K(6464K)->6271K(6464K)
[981.065s][info][gc             ] GC(2823) Pause Young (Allocation Failure) 249M->86M(379M) 35.201ms
[981.065s][info][gc,cpu         ] GC(2823) User=0.06s Sys=0.00s Real=0.04s
[981.277s][info][gc,start       ] GC(2824) Pause Young (Allocation Failure)
[981.330s][info][gc,heap        ] GC(2824) PSYoungGen: 213504K(213504K)->14848K(223232K) Eden: 208384K(208384K)->0K(208384K) From: 5120K(5120K)->14848K(14848K)
[981.330s][info][gc,heap        ] GC(2824) ParOldGen: 83711K(175104K)->91431K(175104K)
[981.330s][info][gc,metaspace   ] GC(2824) Metaspace: 35574K(36352K)->35574K(36352K) NonClass: 29303K(29888K)->29303K(29888K) Class: 6271K(6464K)->6271K(6464K)
[981.330s][info][gc             ] GC(2824) Pause Young (Allocation Failure) 290M->103M(389M) 52.737ms
[981.330s][info][gc,cpu         ] GC(2824) User=0.07s Sys=0.00s Real=0.05s
[981.491s][info][gc,start       ] GC(2825) Pause Young (Allocation Failure)
[981.522s][info][gc,heap        ] GC(2825) PSYoungGen: 223232K(223232K)->15264K(269312K) Eden: 208384K(208384K)->0K(248320K) From: 14848K(14848K)->15264K(20992K)
[981.522s][info][gc,heap        ] GC(2825) ParOldGen: 91431K(175104K)->91703K(175104K)
[981.522s][info][gc,metaspace   ] GC(2825) Metaspace: 35574K(36352K)->35574K(36352K) NonClass: 29303K(29888K)->29303K(29888K) Class: 6271K(6464K)->6271K(6464K)
[981.522s][info][gc             ] GC(2825) Pause Young (Allocation Failure) 307M->104M(434M) 31.029ms
[981.522s][info][gc,cpu         ] GC(2825) User=0.04s Sys=0.01s Real=0.03s
[981.614s][info][gc,start       ] GC(2826) Pause Young (Allocation Failure)
[981.614s][info][gc,heap        ] GC(2826) PSYoungGen: 263584K(269312K)->64K(271360K) Eden: 248320K(248320K)->0K(248320K) From: 15264K(20992K)->64K(23040K)
[981.614s][info][gc,heap        ] GC(2826) ParOldGen: 91703K(175104K)->91711K(175104K)
[981.614s][info][gc,metaspace   ] GC(2826) Metaspace: 35574K(36352K)->35574K(36352K) NonClass: 29303K(29888K)->29303K(29888K) Class: 6271K(6464K)->6271K(6464K)
[981.614s][info][gc             ] GC(2826) Pause Young (Allocation Failure) 346M->89M(436M) 0.903ms
[981.614s][info][gc,cpu         ] GC(2826) User=0.00s Sys=0.00s Real=0.01s
[982.142s][info][gc,start       ] GC(2827) Pause Young (Allocation Failure)
[982.143s][info][gc,heap        ] GC(2827) PSYoungGen: 248384K(271360K)->64K(309248K) Eden: 248320K(248320K)->0K(288256K) From: 64K(23040K)->64K(20992K)
[982.143s][info][gc,heap        ] GC(2827) ParOldGen: 91711K(175104K)->91719K(175104K)
[982.143s][info][gc,metaspace   ] GC(2827) Metaspace: 35574K(36352K)->35574K(36352K) NonClass: 29303K(29888K)->29303K(29888K) Class: 6271K(6464K)->6271K(6464K)
[982.143s][info][gc             ] GC(2827) Pause Young (Allocation Failure) 332M->89M(473M) 0.682ms
[982.143s][info][gc,cpu         ] GC(2827) User=0.00s Sys=0.00s Real=0.00s
[982.572s][info][gc,start       ] GC(2828) Pause Young (Allocation Failure)
[982.573s][info][gc,heap        ] GC(2828) PSYoungGen: 288320K(309248K)->64K(310272K) Eden: 288256K(288256K)->0K(288256K) From: 64K(20992K)->64K(22016K)
[982.573s][info][gc,heap        ] GC(2828) ParOldGen: 91719K(175104K)->91727K(175104K)
[982.573s][info][gc,metaspace   ] GC(2828) Metaspace: 35574K(36352K)->35574K(36352K) NonClass: 29303K(29888K)->29303K(29888K) Class: 6271K(6464K)->6271K(6464K)
[982.573s][info][gc             ] GC(2828) Pause Young (Allocation Failure) 371M->89M(474M) 0.844ms
[982.573s][info][gc,cpu         ] GC(2828) User=0.00s Sys=0.00s Real=0.00s
[982.945s][info][gc,start       ] GC(2829) Pause Young (Allocation Failure)
[982.946s][info][gc,heap        ] GC(2829) PSYoungGen: 288320K(310272K)->64K(309760K) Eden: 288256K(288256K)->0K(290816K) From: 64K(22016K)->64K(18944K)
[982.946s][info][gc,heap        ] GC(2829) ParOldGen: 91727K(175104K)->91743K(175104K)
[982.946s][info][gc,metaspace   ] GC(2829) Metaspace: 35574K(36352K)->35574K(36352K) NonClass: 29303K(29888K)->29303K(29888K) Class: 6271K(6464K)->6271K(6464K)
[982.946s][info][gc             ] GC(2829) Pause Young (Allocation Failure) 371M->89M(473M) 0.724ms
[982.946s][info][gc,cpu         ] GC(2829) User=0.00s Sys=0.00s Real=0.00s
[983.127s][info][gc,start       ] GC(2830) Pause Young (Allocation Failure)
[983.128s][info][gc,heap        ] GC(2830) PSYoungGen: 290880K(309760K)->64K(310784K) Eden: 290816K(290816K)->0K(290816K) From: 64K(18944K)->64K(19968K)
[983.128s][info][gc,heap        ] GC(2830) ParOldGen: 91743K(175104K)->91759K(175104K)
[983.128s][info][gc,metaspace   ] GC(2830) Metaspace: 35574K(36352K)->35574K(36352K) NonClass: 29303K(29888K)->29303K(29888K) Class: 6271K(6464K)->6271K(6464K)
[983.128s][info][gc             ] GC(2830) Pause Young (Allocation Failure) 373M->89M(474M) 0.771ms
[983.128s][info][gc,cpu         ] GC(2830) User=0.00s Sys=0.00s Real=0.00s
[983.306s][info][gc,start       ] GC(2831) Pause Young (Allocation Failure)
[983.307s][info][gc,heap        ] GC(2831) PSYoungGen: 290880K(310784K)->64K(311296K) Eden: 290816K(290816K)->0K(294400K) From: 64K(19968K)->64K(16896K)
[983.307s][info][gc,heap        ] GC(2831) ParOldGen: 91759K(175104K)->91759K(175104K)
[983.307s][info][gc,metaspace   ] GC(2831) Metaspace: 35574K(36352K)->35574K(36352K) NonClass: 29303K(29888K)->29303K(29888K) Class: 6271K(6464K)->6271K(6464K)
[983.307s][info][gc             ] GC(2831) Pause Young (Allocation Failure) 373M->89M(475M) 0.929ms
[983.307s][info][gc,cpu         ] GC(2831) User=0.00s Sys=0.00s Real=0.00s
[983.616s][info][gc,start       ] GC(2832) Pause Young (Allocation Failure)
[983.616s][info][gc,heap        ] GC(2832) PSYoungGen: 294464K(311296K)->64K(312832K) Eden: 294400K(294400K)->0K(294400K) From: 64K(16896K)->64K(18432K)
[983.616s][info][gc,heap        ] GC(2832) ParOldGen: 91759K(175104K)->91759K(175104K)
[983.616s][info][gc,metaspace   ] GC(2832) Metaspace: 35574K(36352K)->35574K(36352K) NonClass: 29303K(29888K)->29303K(29888K) Class: 6271K(6464K)->6271K(6464K)
[983.616s][info][gc             ] GC(2832) Pause Young (Allocation Failure) 377M->89M(476M) 0.735ms
[983.616s][info][gc,cpu         ] GC(2832) User=0.00s Sys=0.00s Real=0.00s
[983.669s][info][gc,start       ] GC(2833) Pause Young (Allocation Failure)
[983.669s][info][gc,heap        ] GC(2833) PSYoungGen: 294464K(312832K)->64K(312832K) Eden: 294400K(294400K)->0K(297984K) From: 64K(18432K)->64K(14848K)
[983.669s][info][gc,heap        ] GC(2833) ParOldGen: 91759K(175104K)->91775K(175104K)
[983.669s][info][gc,metaspace   ] GC(2833) Metaspace: 35574K(36352K)->35574K(36352K) NonClass: 29303K(29888K)->29303K(29888K) Class: 6271K(6464K)->6271K(6464K)
[983.669s][info][gc             ] GC(2833) Pause Young (Allocation Failure) 377M->89M(476M) 0.624ms
[983.669s][info][gc,cpu         ] GC(2833) User=0.00s Sys=0.00s Real=0.00s
[983.724s][info][gc,start       ] GC(2834) Pause Young (Allocation Failure)
[983.725s][info][gc,heap        ] GC(2834) PSYoungGen: 298048K(312832K)->64K(314368K) Eden: 297984K(297984K)->0K(297984K) From: 64K(14848K)->64K(16384K)
[983.725s][info][gc,heap        ] GC(2834) ParOldGen: 91775K(175104K)->91775K(175104K)
[983.725s][info][gc,metaspace   ] GC(2834) Metaspace: 35574K(36352K)->35574K(36352K) NonClass: 29303K(29888K)->29303K(29888K) Class: 6271K(6464K)->6271K(6464K)
[983.725s][info][gc             ] GC(2834) Pause Young (Allocation Failure) 380M->89M(478M) 0.736ms
[983.725s][info][gc,cpu         ] GC(2834) User=0.00s Sys=0.00s Real=0.01s
[983.937s][info][gc,start       ] GC(2835) Pause Young (Allocation Failure)
[983.938s][info][gc,heap        ] GC(2835) PSYoungGen: 298048K(314368K)->64K(314880K) Eden: 297984K(297984K)->0K(301568K) From: 64K(16384K)->64K(13312K)
[983.938s][info][gc,heap        ] GC(2835) ParOldGen: 91775K(175104K)->91775K(175104K)
[983.938s][info][gc,metaspace   ] GC(2835) Metaspace: 35574K(36352K)->35574K(36352K) NonClass: 29303K(29888K)->29303K(29888K) Class: 6271K(6464K)->6271K(6464K)
[983.938s][info][gc             ] GC(2835) Pause Young (Allocation Failure) 380M->89M(478M) 1.013ms
[983.938s][info][gc,cpu         ] GC(2835) User=0.00s Sys=0.00s Real=0.00s
[984.157s][info][gc,start       ] GC(2836) Pause Young (Allocation Failure)
[984.158s][info][gc,heap        ] GC(2836) PSYoungGen: 301632K(314880K)->64K(316416K) Eden: 301568K(301568K)->0K(301568K) From: 64K(13312K)->64K(14848K)
[984.158s][info][gc,heap        ] GC(2836) ParOldGen: 91775K(175104K)->91791K(175104K)
[984.158s][info][gc,metaspace   ] GC(2836) Metaspace: 35574K(36352K)->35574K(36352K) NonClass: 29303K(29888K)->29303K(29888K) Class: 6271K(6464K)->6271K(6464K)
[984.158s][info][gc             ] GC(2836) Pause Young (Allocation Failure) 384M->89M(480M) 1.191ms
[984.158s][info][gc,cpu         ] GC(2836) User=0.00s Sys=0.00s Real=0.00s
[984.265s][info][gc,start       ] GC(2837) Pause Young (Allocation Failure)
[984.266s][info][gc,heap        ] GC(2837) PSYoungGen: 301632K(316416K)->32K(317440K) Eden: 301568K(301568K)->0K(305152K) From: 64K(14848K)->32K(12288K)
[984.266s][info][gc,heap        ] GC(2837) ParOldGen: 91791K(175104K)->91807K(175104K)
[984.266s][info][gc,metaspace   ] GC(2837) Metaspace: 35574K(36352K)->35574K(36352K) NonClass: 29303K(29888K)->29303K(29888K) Class: 6271K(6464K)->6271K(6464K)
[984.266s][info][gc             ] GC(2837) Pause Young (Allocation Failure) 384M->89M(481M) 1.246ms
[984.266s][info][gc,cpu         ] GC(2837) User=0.01s Sys=0.00s Real=0.00s
[984.380s][info][gc,start       ] GC(2838) Pause Young (Allocation Failure)
[984.381s][info][gc,heap        ] GC(2838) PSYoungGen: 305184K(317440K)->64K(318464K) Eden: 305152K(305152K)->0K(305152K) From: 32K(12288K)->64K(13312K)
[984.381s][info][gc,heap        ] GC(2838) ParOldGen: 91807K(175104K)->91815K(175104K)
[984.381s][info][gc,metaspace   ] GC(2838) Metaspace: 35574K(36352K)->35574K(36352K) NonClass: 29303K(29888K)->29303K(29888K) Class: 6271K(6464K)->6271K(6464K)
[984.381s][info][gc             ] GC(2838) Pause Young (Allocation Failure) 387M->89M(482M) 1.449ms
[984.381s][info][gc,cpu         ] GC(2838) User=0.00s Sys=0.00s Real=0.00s
[984.619s][info][gc,start       ] GC(2839) Pause Young (Allocation Failure)
[984.620s][info][gc,heap        ] GC(2839) PSYoungGen: 305216K(318464K)->32K(293376K) Eden: 305152K(305152K)->0K(292864K) From: 64K(13312K)->32K(512K)
[984.620s][info][gc,heap        ] GC(2839) ParOldGen: 91815K(175104K)->91823K(175104K)
[984.620s][info][gc,metaspace   ] GC(2839) Metaspace: 35574K(36352K)->35574K(36352K) NonClass: 29303K(29888K)->29303K(29888K) Class: 6271K(6464K)->6271K(6464K)
[984.620s][info][gc             ] GC(2839) Pause Young (Allocation Failure) 387M->89M(457M) 1.093ms
[984.620s][info][gc,cpu         ] GC(2839) User=0.00s Sys=0.00s Real=0.00s
[985.411s][info][gc,start       ] GC(2840) Pause Young (Allocation Failure)
[985.412s][info][gc,heap        ] GC(2840) PSYoungGen: 292896K(293376K)->64K(292864K) Eden: 292864K(292864K)->0K(281088K) From: 32K(512K)->64K(11776K)
[985.412s][info][gc,heap        ] GC(2840) ParOldGen: 91823K(175104K)->91831K(175104K)
[985.412s][info][gc,metaspace   ] GC(2840) Metaspace: 35574K(36352K)->35574K(36352K) NonClass: 29303K(29888K)->29303K(29888K) Class: 6271K(6464K)->6271K(6464K)
[985.412s][info][gc             ] GC(2840) Pause Young (Allocation Failure) 375M->89M(457M) 1.046ms
[985.412s][info][gc,cpu         ] GC(2840) User=0.00s Sys=0.00s Real=0.00s
[986.241s][info][gc,start       ] GC(2841) Pause Young (Allocation Failure)
[986.243s][info][gc,heap        ] GC(2841) PSYoungGen: 281152K(292864K)->32K(270848K) Eden: 281088K(281088K)->0K(270336K) From: 64K(11776K)->32K(512K)
[986.243s][info][gc,heap        ] GC(2841) ParOldGen: 91831K(175104K)->91839K(175104K)
[986.243s][info][gc,metaspace   ] GC(2841) Metaspace: 35574K(36352K)->35574K(36352K) NonClass: 29303K(29888K)->29303K(29888K) Class: 6271K(6464K)->6271K(6464K)
[986.243s][info][gc             ] GC(2841) Pause Young (Allocation Failure) 364M->89M(435M) 1.148ms
[986.243s][info][gc,cpu         ] GC(2841) User=0.00s Sys=0.00s Real=0.00s
[986.564s][info][gc,start       ] GC(2842) Pause Young (Allocation Failure)
[986.565s][info][gc,heap        ] GC(2842) PSYoungGen: 270368K(270848K)->32K(270336K) Eden: 270336K(270336K)->0K(260096K) From: 32K(512K)->32K(10240K)
[986.565s][info][gc,heap        ] GC(2842) ParOldGen: 91839K(175104K)->91847K(175104K)
[986.565s][info][gc,metaspace   ] GC(2842) Metaspace: 35574K(36352K)->35574K(36352K) NonClass: 29303K(29888K)->29303K(29888K) Class: 6271K(6464K)->6271K(6464K)
[986.565s][info][gc             ] GC(2842) Pause Young (Allocation Failure) 353M->89M(435M) 1.024ms
[986.565s][info][gc,cpu         ] GC(2842) User=0.00s Sys=0.00s Real=0.01s
[986.910s][info][gc,start       ] GC(2843) Pause Young (Allocation Failure)
[986.911s][info][gc,heap        ] GC(2843) PSYoungGen: 260128K(270336K)->32K(250368K) Eden: 260096K(260096K)->0K(249856K) From: 32K(10240K)->32K(512K)
[986.911s][info][gc,heap        ] GC(2843) ParOldGen: 91847K(175104K)->91855K(175104K)
[986.912s][info][gc,metaspace   ] GC(2843) Metaspace: 35574K(36352K)->35574K(36352K) NonClass: 29303K(29888K)->29303K(29888K) Class: 6271K(6464K)->6271K(6464K)
[986.912s][info][gc             ] GC(2843) Pause Young (Allocation Failure) 343M->89M(415M) 1.406ms
[986.912s][info][gc,cpu         ] GC(2843) User=0.00s Sys=0.00s Real=0.00s
[987.764s][info][gc,start       ] GC(2844) Pause Young (Allocation Failure)
[987.765s][info][gc,heap        ] GC(2844) PSYoungGen: 249888K(250368K)->32K(248832K) Eden: 249856K(249856K)->0K(240128K) From: 32K(512K)->32K(8704K)
[987.765s][info][gc,heap        ] GC(2844) ParOldGen: 91855K(175104K)->91863K(175104K)
[987.765s][info][gc,metaspace   ] GC(2844) Metaspace: 35574K(36352K)->35574K(36352K) NonClass: 29303K(29888K)->29303K(29888K) Class: 6271K(6464K)->6271K(6464K)
[987.765s][info][gc             ] GC(2844) Pause Young (Allocation Failure) 333M->89M(414M) 1.097ms
[987.765s][info][gc,cpu         ] GC(2844) User=0.00s Sys=0.00s Real=0.01s
[988.072s][info][gc,start       ] GC(2845) Pause Young (Allocation Failure)
[988.073s][info][gc,heap        ] GC(2845) PSYoungGen: 240160K(248832K)->32K(231424K) Eden: 240128K(240128K)->0K(230912K) From: 32K(8704K)->32K(512K)
[988.073s][info][gc,heap        ] GC(2845) ParOldGen: 91863K(175104K)->91871K(175104K)
[988.073s][info][gc,metaspace   ] GC(2845) Metaspace: 35574K(36352K)->35574K(36352K) NonClass: 29303K(29888K)->29303K(29888K) Class: 6271K(6464K)->6271K(6464K)
[988.073s][info][gc             ] GC(2845) Pause Young (Allocation Failure) 324M->89M(397M) 1.482ms
[988.073s][info][gc,cpu         ] GC(2845) User=0.00s Sys=0.00s Real=0.00s
[988.210s][info][gc,start       ] GC(2846) Pause Young (Allocation Failure)
[988.211s][info][gc,heap        ] GC(2846) PSYoungGen: 230944K(231424K)->32K(229888K) Eden: 230912K(230912K)->0K(222208K) From: 32K(512K)->32K(7680K)
[988.211s][info][gc,heap        ] GC(2846) ParOldGen: 91871K(175104K)->91879K(175104K)
[988.211s][info][gc,metaspace   ] GC(2846) Metaspace: 35574K(36352K)->35574K(36352K) NonClass: 29303K(29888K)->29303K(29888K) Class: 6271K(6464K)->6271K(6464K)
[988.211s][info][gc             ] GC(2846) Pause Young (Allocation Failure) 315M->89M(395M) 0.883ms
[988.211s][info][gc,cpu         ] GC(2846) User=0.01s Sys=0.00s Real=0.00s
[988.294s][info][gc,start       ] GC(2847) Pause Young (Allocation Failure)
[988.296s][info][gc,heap        ] GC(2847) PSYoungGen: 222240K(229888K)->64K(214528K) Eden: 222208K(222208K)->0K(214016K) From: 32K(7680K)->64K(512K)
[988.296s][info][gc,heap        ] GC(2847) ParOldGen: 91879K(175104K)->91887K(175104K)
[988.296s][info][gc,metaspace   ] GC(2847) Metaspace: 35574K(36352K)->35574K(36352K) NonClass: 29303K(29888K)->29303K(29888K) Class: 6271K(6464K)->6271K(6464K)
[988.296s][info][gc             ] GC(2847) Pause Young (Allocation Failure) 306M->89M(380M) 1.542ms
[988.296s][info][gc,cpu         ] GC(2847) User=0.00s Sys=0.00s Real=0.01s
[988.828s][info][gc,start       ] GC(2848) Pause Young (Allocation Failure)
[988.829s][info][gc,heap        ] GC(2848) PSYoungGen: 214080K(214528K)->64K(212992K) Eden: 214016K(214016K)->0K(206336K) From: 64K(512K)->64K(6656K)
[988.829s][info][gc,heap        ] GC(2848) ParOldGen: 91887K(175104K)->91903K(175104K)
[988.829s][info][gc,metaspace   ] GC(2848) Metaspace: 35574K(36352K)->35574K(36352K) NonClass: 29303K(29888K)->29303K(29888K) Class: 6271K(6464K)->6271K(6464K)
[988.829s][info][gc             ] GC(2848) Pause Young (Allocation Failure) 298M->89M(379M) 0.912ms
[988.829s][info][gc,cpu         ] GC(2848) User=0.00s Sys=0.00s Real=0.00s
[988.985s][info][gc,start       ] GC(2849) Pause Young (Allocation Failure)
[988.986s][info][gc,heap        ] GC(2849) PSYoungGen: 206400K(212992K)->32K(199168K) Eden: 206336K(206336K)->0K(198656K) From: 64K(6656K)->32K(512K)
[988.986s][info][gc,heap        ] GC(2849) ParOldGen: 91903K(175104K)->91911K(175104K)
[988.986s][info][gc,metaspace   ] GC(2849) Metaspace: 35574K(36352K)->35574K(36352K) NonClass: 29303K(29888K)->29303K(29888K) Class: 6271K(6464K)->6271K(6464K)
[988.986s][info][gc             ] GC(2849) Pause Young (Allocation Failure) 291M->89M(365M) 1.838ms
[988.987s][info][gc,cpu         ] GC(2849) User=0.00s Sys=0.00s Real=0.00s
[989.243s][info][gc,start       ] GC(2850) Pause Young (Allocation Failure)
[989.263s][info][gc,heap        ] GC(2850) PSYoungGen: 198688K(199168K)->5632K(242688K) Eden: 198656K(198656K)->0K(237056K) From: 32K(512K)->5632K(5632K)
[989.263s][info][gc,heap        ] GC(2850) ParOldGen: 91911K(175104K)->93567K(175104K)
[989.263s][info][gc,metaspace   ] GC(2850) Metaspace: 35574K(36352K)->35574K(36352K) NonClass: 29303K(29888K)->29303K(29888K) Class: 6271K(6464K)->6271K(6464K)
[989.263s][info][gc             ] GC(2850) Pause Young (Allocation Failure) 283M->96M(408M) 19.784ms
[989.263s][info][gc,cpu         ] GC(2850) User=0.02s Sys=0.00s Real=0.02s
[989.500s][info][gc,start       ] GC(2851) Pause Young (Allocation Failure)
[989.557s][info][gc,heap        ] GC(2851) PSYoungGen: 242688K(242688K)->5632K(266240K) Eden: 237056K(237056K)->0K(260608K) From: 5632K(5632K)->5632K(5632K)
[989.557s][info][gc,heap        ] GC(2851) ParOldGen: 93567K(175104K)->113103K(175104K)
[989.557s][info][gc,metaspace   ] GC(2851) Metaspace: 35574K(36352K)->35574K(36352K) NonClass: 29303K(29888K)->29303K(29888K) Class: 6271K(6464K)->6271K(6464K)
[989.557s][info][gc             ] GC(2851) Pause Young (Allocation Failure) 328M->115M(431M) 56.350ms
[989.557s][info][gc,cpu         ] GC(2851) User=0.07s Sys=0.00s Real=0.06s
[989.817s][info][gc,start       ] GC(2852) Pause Young (Allocation Failure)
[989.862s][info][gc,heap        ] GC(2852) PSYoungGen: 266240K(266240K)->15872K(276480K) Eden: 260608K(260608K)->0K(260608K) From: 5632K(5632K)->15872K(15872K)
[989.862s][info][gc,heap        ] GC(2852) ParOldGen: 113103K(175104K)->125535K(175104K)
[989.862s][info][gc,metaspace   ] GC(2852) Metaspace: 35574K(36352K)->35574K(36352K) NonClass: 29303K(29888K)->29303K(29888K) Class: 6271K(6464K)->6271K(6464K)
[989.862s][info][gc             ] GC(2852) Pause Young (Allocation Failure) 370M->138M(441M) 44.624ms
[989.862s][info][gc,cpu         ] GC(2852) User=0.08s Sys=0.00s Real=0.04s
[989.988s][info][gc,start       ] GC(2853) Pause Young (Allocation Failure)
[990.008s][info][gc,heap        ] GC(2853) PSYoungGen: 276480K(276480K)->9024K(310784K) Eden: 260608K(260608K)->0K(286720K) From: 15872K(15872K)->9024K(24064K)
[990.008s][info][gc,heap        ] GC(2853) ParOldGen: 125535K(175104K)->125983K(175104K)
[990.008s][info][gc,metaspace   ] GC(2853) Metaspace: 35574K(36352K)->35574K(36352K) NonClass: 29303K(29888K)->29303K(29888K) Class: 6271K(6464K)->6271K(6464K)
[990.008s][info][gc             ] GC(2853) Pause Young (Allocation Failure) 392M->131M(474M) 19.995ms
[990.008s][info][gc,cpu         ] GC(2853) User=0.04s Sys=0.00s Real=0.02s
[990.364s][info][gc,start       ] GC(2854) Pause Young (Allocation Failure)
[990.365s][info][gc,heap        ] GC(2854) PSYoungGen: 295744K(310784K)->64K(287232K) Eden: 286720K(286720K)->0K(286720K) From: 9024K(24064K)->64K(512K)
[990.365s][info][gc,heap        ] GC(2854) ParOldGen: 125983K(175104K)->125991K(175104K)
[990.365s][info][gc,metaspace   ] GC(2854) Metaspace: 35574K(36352K)->35574K(36352K) NonClass: 29303K(29888K)->29303K(29888K) Class: 6271K(6464K)->6271K(6464K)
[990.365s][info][gc             ] GC(2854) Pause Young (Allocation Failure) 411M->123M(451M) 0.859ms
[990.365s][info][gc,cpu         ] GC(2854) User=0.00s Sys=0.00s Real=0.01s
[990.916s][info][gc,start       ] GC(2855) Pause Young (Allocation Failure)
[990.917s][info][gc,heap        ] GC(2855) PSYoungGen: 286784K(287232K)->64K(309760K) Eden: 286720K(286720K)->0K(287232K) From: 64K(512K)->64K(22528K)
[990.917s][info][gc,heap        ] GC(2855) ParOldGen: 125991K(175104K)->125999K(175104K)
[990.917s][info][gc,metaspace   ] GC(2855) Metaspace: 35574K(36352K)->35574K(36352K) NonClass: 29303K(29888K)->29303K(29888K) Class: 6271K(6464K)->6271K(6464K)
[990.917s][info][gc             ] GC(2855) Pause Young (Allocation Failure) 403M->123M(473M) 0.791ms
[990.917s][info][gc,cpu         ] GC(2855) User=0.00s Sys=0.00s Real=0.00s
[991.309s][info][gc,start       ] GC(2856) Pause Young (Allocation Failure)
[991.310s][info][gc,heap        ] GC(2856) PSYoungGen: 287296K(309760K)->64K(309248K) Eden: 287232K(287232K)->0K(287232K) From: 64K(22528K)->64K(22016K)
[991.310s][info][gc,heap        ] GC(2856) ParOldGen: 125999K(175104K)->126015K(175104K)
[991.310s][info][gc,metaspace   ] GC(2856) Metaspace: 35574K(36352K)->35574K(36352K) NonClass: 29303K(29888K)->29303K(29888K) Class: 6271K(6464K)->6271K(6464K)
[991.310s][info][gc             ] GC(2856) Pause Young (Allocation Failure) 403M->123M(473M) 0.875ms
[991.310s][info][gc,cpu         ] GC(2856) User=0.01s Sys=0.00s Real=0.00s
[991.486s][info][gc,start       ] GC(2857) Pause Young (Allocation Failure)
[991.487s][info][gc,heap        ] GC(2857) PSYoungGen: 287296K(309248K)->64K(310784K) Eden: 287232K(287232K)->0K(289792K) From: 64K(22016K)->64K(20992K)
[991.487s][info][gc,heap        ] GC(2857) ParOldGen: 126015K(175104K)->126031K(175104K)
[991.487s][info][gc,metaspace   ] GC(2857) Metaspace: 35574K(36352K)->35574K(36352K) NonClass: 29303K(29888K)->29303K(29888K) Class: 6271K(6464K)->6271K(6464K)
[991.487s][info][gc             ] GC(2857) Pause Young (Allocation Failure) 403M->123M(474M) 0.770ms
[991.487s][info][gc,cpu         ] GC(2857) User=0.00s Sys=0.00s Real=0.00s
[991.668s][info][gc,start       ] GC(2858) Pause Young (Allocation Failure)
[991.668s][info][gc,heap        ] GC(2858) PSYoungGen: 289856K(310784K)->64K(310272K) Eden: 289792K(289792K)->0K(289792K) From: 64K(20992K)->64K(20480K)
[991.668s][info][gc,heap        ] GC(2858) ParOldGen: 126031K(175104K)->126031K(175104K)
[991.668s][info][gc,metaspace   ] GC(2858) Metaspace: 35574K(36352K)->35574K(36352K) NonClass: 29303K(29888K)->29303K(29888K) Class: 6271K(6464K)->6271K(6464K)
[991.668s][info][gc             ] GC(2858) Pause Young (Allocation Failure) 406M->123M(474M) 0.758ms
[991.668s][info][gc,cpu         ] GC(2858) User=0.00s Sys=0.00s Real=0.00s
[991.965s][info][gc,start       ] GC(2859) Pause Young (Allocation Failure)
[991.966s][info][gc,heap        ] GC(2859) PSYoungGen: 289856K(310272K)->64K(312320K) Eden: 289792K(289792K)->0K(293376K) From: 64K(20480K)->64K(18944K)
[991.966s][info][gc,heap        ] GC(2859) ParOldGen: 126031K(175104K)->126031K(175104K)
[991.966s][info][gc,metaspace   ] GC(2859) Metaspace: 35574K(36352K)->35574K(36352K) NonClass: 29303K(29888K)->29303K(29888K) Class: 6271K(6464K)->6271K(6464K)
[991.966s][info][gc             ] GC(2859) Pause Young (Allocation Failure) 406M->123M(476M) 0.778ms
[991.966s][info][gc,cpu         ] GC(2859) User=0.00s Sys=0.00s Real=0.00s
[992.080s][info][gc,start       ] GC(2860) Pause Young (Allocation Failure)
[992.080s][info][gc,heap        ] GC(2860) PSYoungGen: 293440K(312320K)->64K(311808K) Eden: 293376K(293376K)->0K(293376K) From: 64K(18944K)->64K(18432K)
[992.080s][info][gc,heap        ] GC(2860) ParOldGen: 126031K(175104K)->126039K(175104K)
[992.080s][info][gc,metaspace   ] GC(2860) Metaspace: 35574K(36352K)->35574K(36352K) NonClass: 29303K(29888K)->29303K(29888K) Class: 6271K(6464K)->6271K(6464K)
[992.080s][info][gc             ] GC(2860) Pause Young (Allocation Failure) 409M->123M(475M) 0.717ms
[992.080s][info][gc,cpu         ] GC(2860) User=0.00s Sys=0.00s Real=0.00s
[992.132s][info][gc,start       ] GC(2861) Pause Young (Allocation Failure)
[992.132s][info][gc,heap        ] GC(2861) PSYoungGen: 293440K(311808K)->64K(314368K) Eden: 293376K(293376K)->0K(296960K) From: 64K(18432K)->64K(17408K)
[992.132s][info][gc,heap        ] GC(2861) ParOldGen: 126039K(175104K)->126055K(175104K)
[992.132s][info][gc,metaspace   ] GC(2861) Metaspace: 35574K(36352K)->35574K(36352K) NonClass: 29303K(29888K)->29303K(29888K) Class: 6271K(6464K)->6271K(6464K)
[992.132s][info][gc             ] GC(2861) Pause Young (Allocation Failure) 409M->123M(478M) 0.711ms
[992.132s][info][gc,cpu         ] GC(2861) User=0.00s Sys=0.00s Real=0.00s
[992.273s][info][gc,start       ] GC(2862) Pause Young (Allocation Failure)
[992.275s][info][gc,heap        ] GC(2862) PSYoungGen: 297024K(314368K)->64K(313856K) Eden: 296960K(296960K)->0K(296960K) From: 64K(17408K)->64K(16896K)
[992.275s][info][gc,heap        ] GC(2862) ParOldGen: 126055K(175104K)->126055K(175104K)
[992.275s][info][gc,metaspace   ] GC(2862) Metaspace: 35574K(36352K)->35574K(36352K) NonClass: 29303K(29888K)->29303K(29888K) Class: 6271K(6464K)->6271K(6464K)
[992.275s][info][gc             ] GC(2862) Pause Young (Allocation Failure) 413M->123M(477M) 1.359ms
[992.275s][info][gc,cpu         ] GC(2862) User=0.00s Sys=0.00s Real=0.01s
[992.507s][info][gc,start       ] GC(2863) Pause Young (Allocation Failure)
[992.509s][info][gc,heap        ] GC(2863) PSYoungGen: 297024K(313856K)->64K(315904K) Eden: 296960K(296960K)->0K(300544K) From: 64K(16896K)->64K(15360K)
[992.509s][info][gc,heap        ] GC(2863) ParOldGen: 126055K(175104K)->126071K(175104K)
[992.509s][info][gc,metaspace   ] GC(2863) Metaspace: 35574K(36352K)->35574K(36352K) NonClass: 29303K(29888K)->29303K(29888K) Class: 6271K(6464K)->6271K(6464K)
[992.509s][info][gc             ] GC(2863) Pause Young (Allocation Failure) 413M->123M(479M) 1.114ms
[992.509s][info][gc,cpu         ] GC(2863) User=0.01s Sys=0.00s Real=0.00s
[992.658s][info][gc,start       ] GC(2864) Pause Young (Allocation Failure)
[992.660s][info][gc,heap        ] GC(2864) PSYoungGen: 300608K(315904K)->64K(315392K) Eden: 300544K(300544K)->0K(300544K) From: 64K(15360K)->64K(14848K)
[992.660s][info][gc,heap        ] GC(2864) ParOldGen: 126071K(175104K)->126079K(175104K)
[992.660s][info][gc,metaspace   ] GC(2864) Metaspace: 35574K(36352K)->35574K(36352K) NonClass: 29303K(29888K)->29303K(29888K) Class: 6271K(6464K)->6271K(6464K)
[992.660s][info][gc             ] GC(2864) Pause Young (Allocation Failure) 416M->123M(479M) 1.224ms
[992.660s][info][gc,cpu         ] GC(2864) User=0.00s Sys=0.00s Real=0.00s
[992.736s][info][gc,start       ] GC(2865) Pause Young (Allocation Failure)
[992.737s][info][gc,heap        ] GC(2865) PSYoungGen: 300608K(315392K)->32K(317952K) Eden: 300544K(300544K)->0K(304128K) From: 64K(14848K)->32K(13824K)
[992.737s][info][gc,heap        ] GC(2865) ParOldGen: 126079K(175104K)->126095K(175104K)
[992.737s][info][gc,metaspace   ] GC(2865) Metaspace: 35574K(36352K)->35574K(36352K) NonClass: 29303K(29888K)->29303K(29888K) Class: 6271K(6464K)->6271K(6464K)
[992.737s][info][gc             ] GC(2865) Pause Young (Allocation Failure) 416M->123M(481M) 1.125ms
[992.737s][info][gc,cpu         ] GC(2865) User=0.00s Sys=0.00s Real=0.00s
[992.901s][info][gc,start       ] GC(2866) Pause Young (Allocation Failure)
[992.902s][info][gc,heap        ] GC(2866) PSYoungGen: 304160K(317952K)->64K(317440K) Eden: 304128K(304128K)->0K(304128K) From: 32K(13824K)->64K(13312K)
[992.902s][info][gc,heap        ] GC(2866) ParOldGen: 126095K(175104K)->126095K(175104K)
[992.902s][info][gc,metaspace   ] GC(2866) Metaspace: 35574K(36352K)->35574K(36352K) NonClass: 29303K(29888K)->29303K(29888K) Class: 6271K(6464K)->6271K(6464K)
[992.902s][info][gc             ] GC(2866) Pause Young (Allocation Failure) 420M->123M(481M) 1.419ms
[992.902s][info][gc,cpu         ] GC(2866) User=0.00s Sys=0.00s Real=0.00s
[993.811s][info][gc,start       ] GC(2867) Pause Young (Allocation Failure)
[993.812s][info][gc,heap        ] GC(2867) PSYoungGen: 304192K(317440K)->83K(292352K) Eden: 304128K(304128K)->0K(291840K) From: 64K(13312K)->83K(512K)
[993.812s][info][gc,heap        ] GC(2867) ParOldGen: 126095K(175104K)->126103K(175104K)
[993.812s][info][gc,metaspace   ] GC(2867) Metaspace: 35574K(36352K)->35574K(36352K) NonClass: 29303K(29888K)->29303K(29888K) Class: 6271K(6464K)->6271K(6464K)
[993.812s][info][gc             ] GC(2867) Pause Young (Allocation Failure) 420M->123M(456M) 1.494ms
[993.812s][info][gc,cpu         ] GC(2867) User=0.00s Sys=0.00s Real=0.00s
[994.624s][info][gc,start       ] GC(2868) Pause Young (Allocation Failure)
[994.625s][info][gc,heap        ] GC(2868) PSYoungGen: 291923K(292352K)->32K(292352K) Eden: 291840K(291840K)->0K(280576K) From: 83K(512K)->32K(11776K)
[994.625s][info][gc,heap        ] GC(2868) ParOldGen: 126103K(175104K)->126111K(175104K)
[994.625s][info][gc,metaspace   ] GC(2868) Metaspace: 35574K(36352K)->35574K(36352K) NonClass: 29303K(29888K)->29303K(29888K) Class: 6271K(6464K)->6271K(6464K)
[994.625s][info][gc             ] GC(2868) Pause Young (Allocation Failure) 408M->123M(456M) 1.310ms
[994.625s][info][gc,cpu         ] GC(2868) User=0.00s Sys=0.00s Real=0.01s
[994.815s][info][gc,start       ] GC(2869) Pause Young (Allocation Failure)
[994.817s][info][gc,heap        ] GC(2869) PSYoungGen: 280608K(292352K)->32K(270336K) Eden: 280576K(280576K)->0K(269824K) From: 32K(11776K)->32K(512K)
[994.817s][info][gc,heap        ] GC(2869) ParOldGen: 126111K(175104K)->126119K(175104K)
[994.817s][info][gc,metaspace   ] GC(2869) Metaspace: 35574K(36352K)->35574K(36352K) NonClass: 29303K(29888K)->29303K(29888K) Class: 6271K(6464K)->6271K(6464K)
[994.817s][info][gc             ] GC(2869) Pause Young (Allocation Failure) 397M->123M(435M) 1.991ms
[994.817s][info][gc,cpu         ] GC(2869) User=0.00s Sys=0.00s Real=0.00s
[995.216s][info][gc,start       ] GC(2870) Pause Young (Allocation Failure)
[995.217s][info][gc,heap        ] GC(2870) PSYoungGen: 269856K(270336K)->32K(269824K) Eden: 269824K(269824K)->0K(259584K) From: 32K(512K)->32K(10240K)
[995.217s][info][gc,heap        ] GC(2870) ParOldGen: 126119K(175104K)->126127K(175104K)
[995.217s][info][gc,metaspace   ] GC(2870) Metaspace: 35574K(36352K)->35574K(36352K) NonClass: 29303K(29888K)->29303K(29888K) Class: 6271K(6464K)->6271K(6464K)
[995.217s][info][gc             ] GC(2870) Pause Young (Allocation Failure) 386M->123M(434M) 1.054ms
[995.217s][info][gc,cpu         ] GC(2870) User=0.00s Sys=0.00s Real=0.00s
[996.101s][info][gc,start       ] GC(2871) Pause Young (Allocation Failure)
[996.103s][info][gc,heap        ] GC(2871) PSYoungGen: 259616K(269824K)->32K(250368K) Eden: 259584K(259584K)->0K(249856K) From: 32K(10240K)->32K(512K)
[996.103s][info][gc,heap        ] GC(2871) ParOldGen: 126127K(175104K)->126135K(175104K)
[996.103s][info][gc,metaspace   ] GC(2871) Metaspace: 35574K(36352K)->35574K(36352K) NonClass: 29303K(29888K)->29303K(29888K) Class: 6271K(6464K)->6271K(6464K)
[996.103s][info][gc             ] GC(2871) Pause Young (Allocation Failure) 376M->123M(415M) 1.575ms
[996.103s][info][gc,cpu         ] GC(2871) User=0.00s Sys=0.00s Real=0.00s
[996.458s][info][gc,start       ] GC(2872) Pause Young (Allocation Failure)
[996.459s][info][gc,heap        ] GC(2872) PSYoungGen: 249888K(250368K)->32K(248832K) Eden: 249856K(249856K)->0K(240128K) From: 32K(512K)->32K(8704K)
[996.459s][info][gc,heap        ] GC(2872) ParOldGen: 126135K(175104K)->126143K(175104K)
[996.459s][info][gc,metaspace   ] GC(2872) Metaspace: 35574K(36352K)->35574K(36352K) NonClass: 29303K(29888K)->29303K(29888K) Class: 6271K(6464K)->6271K(6464K)
[996.459s][info][gc             ] GC(2872) Pause Young (Allocation Failure) 367M->123M(414M) 1.154ms
[996.459s][info][gc,cpu         ] GC(2872) User=0.00s Sys=0.00s Real=0.00s
[996.632s][info][gc,start       ] GC(2873) Pause Young (Allocation Failure)
[996.634s][info][gc,heap        ] GC(2873) PSYoungGen: 240160K(248832K)->32K(231424K) Eden: 240128K(240128K)->0K(230912K) From: 32K(8704K)->32K(512K)
[996.634s][info][gc,heap        ] GC(2873) ParOldGen: 126143K(175104K)->126151K(175104K)
[996.634s][info][gc,metaspace   ] GC(2873) Metaspace: 35574K(36352K)->35574K(36352K) NonClass: 29303K(29888K)->29303K(29888K) Class: 6271K(6464K)->6271K(6464K)
[996.634s][info][gc             ] GC(2873) Pause Young (Allocation Failure) 357M->123M(397M) 1.958ms
[996.634s][info][gc,cpu         ] GC(2873) User=0.00s Sys=0.00s Real=0.00s
[996.704s][info][gc,start       ] GC(2874) Pause Young (Allocation Failure)
[996.705s][info][gc,heap        ] GC(2874) PSYoungGen: 230944K(231424K)->64K(229888K) Eden: 230912K(230912K)->0K(222208K) From: 32K(512K)->64K(7680K)
[996.705s][info][gc,heap        ] GC(2874) ParOldGen: 126151K(175104K)->126159K(175104K)
[996.705s][info][gc,metaspace   ] GC(2874) Metaspace: 35574K(36352K)->35574K(36352K) NonClass: 29303K(29888K)->29303K(29888K) Class: 6271K(6464K)->6271K(6464K)
[996.705s][info][gc             ] GC(2874) Pause Young (Allocation Failure) 348M->123M(395M) 1.098ms
[996.705s][info][gc,cpu         ] GC(2874) User=0.00s Sys=0.00s Real=0.01s
[997.163s][info][gc,start       ] GC(2875) Pause Young (Allocation Failure)
[997.165s][info][gc,heap        ] GC(2875) PSYoungGen: 222272K(229888K)->64K(214528K) Eden: 222208K(222208K)->0K(214016K) From: 64K(7680K)->64K(512K)
[997.165s][info][gc,heap        ] GC(2875) ParOldGen: 126159K(175104K)->126175K(175104K)
[997.165s][info][gc,metaspace   ] GC(2875) Metaspace: 35574K(36352K)->35574K(36352K) NonClass: 29303K(29888K)->29303K(29888K) Class: 6271K(6464K)->6271K(6464K)
[997.165s][info][gc             ] GC(2875) Pause Young (Allocation Failure) 340M->123M(380M) 1.880ms
[997.165s][info][gc,cpu         ] GC(2875) User=0.00s Sys=0.00s Real=0.01s
[997.373s][info][gc,start       ] GC(2876) Pause Young (Allocation Failure)
[997.374s][info][gc,heap        ] GC(2876) PSYoungGen: 214080K(214528K)->64K(212992K) Eden: 214016K(214016K)->0K(206336K) From: 64K(512K)->64K(6656K)
[997.374s][info][gc,heap        ] GC(2876) ParOldGen: 126175K(175104K)->126183K(175104K)
[997.374s][info][gc,metaspace   ] GC(2876) Metaspace: 35574K(36352K)->35574K(36352K) NonClass: 29303K(29888K)->29303K(29888K) Class: 6271K(6464K)->6271K(6464K)
[997.374s][info][gc             ] GC(2876) Pause Young (Allocation Failure) 332M->123M(379M) 1.011ms
[997.374s][info][gc,cpu         ] GC(2876) User=0.00s Sys=0.00s Real=0.00s
[997.646s][info][gc,start       ] GC(2877) Pause Young (Allocation Failure)
[997.656s][info][gc,heap        ] GC(2877) PSYoungGen: 206400K(212992K)->4640K(250368K) Eden: 206336K(206336K)->0K(245248K) From: 64K(6656K)->4640K(5120K)
[997.656s][info][gc,heap        ] GC(2877) ParOldGen: 126183K(175104K)->126199K(175104K)
[997.656s][info][gc,metaspace   ] GC(2877) Metaspace: 35574K(36352K)->35574K(36352K) NonClass: 29303K(29888K)->29303K(29888K) Class: 6271K(6464K)->6271K(6464K)
[997.656s][info][gc             ] GC(2877) Pause Young (Allocation Failure) 324M->127M(415M) 9.546ms
[997.656s][info][gc,cpu         ] GC(2877) User=0.02s Sys=0.00s Real=0.01s
[997.902s][info][gc,start       ] GC(2878) Pause Young (Allocation Failure)
[997.940s][info][gc,heap        ] GC(2878) PSYoungGen: 249888K(250368K)->7168K(277504K) Eden: 245248K(245248K)->0K(270336K) From: 4640K(5120K)->7168K(7168K)
[997.940s][info][gc,heap        ] GC(2878) ParOldGen: 126199K(175104K)->145007K(175104K)
[997.940s][info][gc,metaspace   ] GC(2878) Metaspace: 35574K(36352K)->35574K(36352K) NonClass: 29303K(29888K)->29303K(29888K) Class: 6271K(6464K)->6271K(6464K)
[997.940s][info][gc             ] GC(2878) Pause Young (Allocation Failure) 367M->148M(442M) 38.444ms
[997.940s][info][gc,cpu         ] GC(2878) User=0.08s Sys=0.00s Real=0.04s
[998.211s][info][gc,start       ] GC(2879) Pause Young (Allocation Failure)
[998.265s][info][gc,heap        ] GC(2879) PSYoungGen: 277504K(277504K)->15872K(301568K) Eden: 270336K(270336K)->0K(285696K) From: 7168K(7168K)->15872K(15872K)
[998.265s][info][gc,heap        ] GC(2879) ParOldGen: 145007K(175104K)->158447K(175104K)
[998.265s][info][gc,metaspace   ] GC(2879) Metaspace: 35574K(36352K)->35574K(36352K) NonClass: 29303K(29888K)->29303K(29888K) Class: 6271K(6464K)->6271K(6464K)
[998.265s][info][gc             ] GC(2879) Pause Young (Allocation Failure) 412M->170M(465M) 54.112ms
[998.265s][info][gc,cpu         ] GC(2879) User=0.10s Sys=0.01s Real=0.06s
[998.402s][info][gc,start       ] GC(2880) Pause Young (Allocation Failure)
[998.424s][info][gc,heap        ] GC(2880) PSYoungGen: 301568K(301568K)->9792K(309760K) Eden: 285696K(285696K)->0K(285696K) From: 15872K(15872K)->9792K(24064K)
[998.424s][info][gc,heap        ] GC(2880) ParOldGen: 158447K(175104K)->158927K(175104K)
[998.424s][info][gc,metaspace   ] GC(2880) Metaspace: 35574K(36352K)->35574K(36352K) NonClass: 29303K(29888K)->29303K(29888K) Class: 6271K(6464K)->6271K(6464K)
[998.424s][info][gc             ] GC(2880) Pause Young (Allocation Failure) 449M->164M(473M) 21.840ms
[998.424s][info][gc,cpu         ] GC(2880) User=0.03s Sys=0.01s Real=0.02s
[998.810s][info][gc,start       ] GC(2881) Pause Young (Allocation Failure)
[998.810s][info][gc,heap        ] GC(2881) PSYoungGen: 295488K(309760K)->64K(308224K) Eden: 285696K(285696K)->0K(286208K) From: 9792K(24064K)->64K(22016K)
[998.810s][info][gc,heap        ] GC(2881) ParOldGen: 158927K(175104K)->158935K(175104K)
[998.810s][info][gc,metaspace   ] GC(2881) Metaspace: 35574K(36352K)->35574K(36352K) NonClass: 29303K(29888K)->29303K(29888K) Class: 6271K(6464K)->6271K(6464K)
[998.811s][info][gc             ] GC(2881) Pause Young (Allocation Failure) 443M->155M(472M) 0.916ms
[998.811s][info][gc,cpu         ] GC(2881) User=0.00s Sys=0.00s Real=0.00s
[999.345s][info][gc,start       ] GC(2882) Pause Young (Allocation Failure)
[999.346s][info][gc,heap        ] GC(2882) PSYoungGen: 286272K(308224K)->64K(309248K) Eden: 286208K(286208K)->0K(286208K) From: 64K(22016K)->64K(23040K)
[999.346s][info][gc,heap        ] GC(2882) ParOldGen: 158935K(175104K)->158943K(175104K)
[999.346s][info][gc,metaspace   ] GC(2882) Metaspace: 35574K(36352K)->35574K(36352K) NonClass: 29303K(29888K)->29303K(29888K) Class: 6271K(6464K)->6271K(6464K)
[999.346s][info][gc             ] GC(2882) Pause Young (Allocation Failure) 434M->155M(473M) 0.815ms
[999.346s][info][gc,cpu         ] GC(2882) User=0.00s Sys=0.00s Real=0.00s
[999.728s][info][gc,start       ] GC(2883) Pause Young (Allocation Failure)
[999.728s][info][gc,heap        ] GC(2883) PSYoungGen: 286272K(309248K)->64K(308224K) Eden: 286208K(286208K)->0K(288256K) From: 64K(23040K)->64K(19968K)
[999.728s][info][gc,heap        ] GC(2883) ParOldGen: 158943K(175104K)->158959K(175104K)
[999.728s][info][gc,metaspace   ] GC(2883) Metaspace: 35574K(36352K)->35574K(36352K) NonClass: 29303K(29888K)->29303K(29888K) Class: 6271K(6464K)->6271K(6464K)
[999.728s][info][gc             ] GC(2883) Pause Young (Allocation Failure) 434M->155M(472M) 0.947ms
[999.728s][info][gc,cpu         ] GC(2883) User=0.00s Sys=0.00s Real=0.00s
[999.916s][info][gc,start       ] GC(2884) Pause Young (Allocation Failure)
[999.917s][info][gc,heap        ] GC(2884) PSYoungGen: 288320K(308224K)->64K(309760K) Eden: 288256K(288256K)->0K(288256K) From: 64K(19968K)->64K(21504K)
[999.917s][info][gc,heap        ] GC(2884) ParOldGen: 158959K(175104K)->158975K(175104K)
[999.917s][info][gc,metaspace   ] GC(2884) Metaspace: 35574K(36352K)->35574K(36352K) NonClass: 29303K(29888K)->29303K(29888K) Class: 6271K(6464K)->6271K(6464K)
[999.917s][info][gc             ] GC(2884) Pause Young (Allocation Failure) 436M->155M(473M) 0.992ms
[999.917s][info][gc,cpu         ] GC(2884) User=0.00s Sys=0.00s Real=0.00s
[1000.105s][info][gc,start       ] GC(2885) Pause Young (Allocation Failure)
[1000.106s][info][gc,heap        ] GC(2885) PSYoungGen: 288320K(309760K)->64K(310784K) Eden: 288256K(288256K)->0K(291840K) From: 64K(21504K)->64K(18944K)
[1000.106s][info][gc,heap        ] GC(2885) ParOldGen: 158975K(175104K)->158975K(175104K)
[1000.106s][info][gc,metaspace   ] GC(2885) Metaspace: 35574K(36352K)->35574K(36352K) NonClass: 29303K(29888K)->29303K(29888K) Class: 6271K(6464K)->6271K(6464K)
[1000.106s][info][gc             ] GC(2885) Pause Young (Allocation Failure) 436M->155M(474M) 0.953ms
[1000.106s][info][gc,cpu         ] GC(2885) User=0.00s Sys=0.00s Real=0.00s
[1000.424s][info][gc,start       ] GC(2886) Pause Young (Allocation Failure)
[1000.425s][info][gc,heap        ] GC(2886) PSYoungGen: 291904K(310784K)->64K(311808K) Eden: 291840K(291840K)->0K(291840K) From: 64K(18944K)->64K(19968K)
[1000.425s][info][gc,heap        ] GC(2886) ParOldGen: 158975K(175104K)->158975K(175104K)
[1000.425s][info][gc,metaspace   ] GC(2886) Metaspace: 35574K(36352K)->35574K(36352K) NonClass: 29303K(29888K)->29303K(29888K) Class: 6271K(6464K)->6271K(6464K)
[1000.425s][info][gc             ] GC(2886) Pause Young (Allocation Failure) 440M->155M(475M) 0.986ms
[1000.425s][info][gc,cpu         ] GC(2886) User=0.00s Sys=0.00s Real=0.01s
[1000.527s][info][gc,start       ] GC(2887) Pause Young (Allocation Failure)
[1000.528s][info][gc,heap        ] GC(2887) PSYoungGen: 291904K(311808K)->64K(311808K) Eden: 291840K(291840K)->0K(294912K) From: 64K(19968K)->64K(16896K)
[1000.528s][info][gc,heap        ] GC(2887) ParOldGen: 158975K(175104K)->158983K(175104K)
[1000.528s][info][gc,metaspace   ] GC(2887) Metaspace: 35574K(36352K)->35574K(36352K) NonClass: 29303K(29888K)->29303K(29888K) Class: 6271K(6464K)->6271K(6464K)
[1000.528s][info][gc             ] GC(2887) Pause Young (Allocation Failure) 440M->155M(475M) 0.950ms
[1000.528s][info][gc,cpu         ] GC(2887) User=0.00s Sys=0.00s Real=0.00s
[1000.582s][info][gc,start       ] GC(2888) Pause Young (Allocation Failure)
[1000.583s][info][gc,heap        ] GC(2888) PSYoungGen: 294976K(311808K)->64K(312832K) Eden: 294912K(294912K)->0K(294912K) From: 64K(16896K)->64K(17920K)
[1000.583s][info][gc,heap        ] GC(2888) ParOldGen: 158983K(175104K)->158999K(175104K)
[1000.583s][info][gc,metaspace   ] GC(2888) Metaspace: 35574K(36352K)->35574K(36352K) NonClass: 29303K(29888K)->29303K(29888K) Class: 6271K(6464K)->6271K(6464K)
[1000.583s][info][gc             ] GC(2888) Pause Young (Allocation Failure) 443M->155M(476M) 0.920ms
[1000.583s][info][gc,cpu         ] GC(2888) User=0.00s Sys=0.00s Real=0.00s
[1000.738s][info][gc,start       ] GC(2889) Pause Young (Allocation Failure)
[1000.739s][info][gc,heap        ] GC(2889) PSYoungGen: 294976K(312832K)->64K(313856K) Eden: 294912K(294912K)->0K(299008K) From: 64K(17920K)->64K(14848K)
[1000.739s][info][gc,heap        ] GC(2889) ParOldGen: 158999K(175104K)->158999K(175104K)
[1000.739s][info][gc,metaspace   ] GC(2889) Metaspace: 35574K(36352K)->35574K(36352K) NonClass: 29303K(29888K)->29303K(29888K) Class: 6271K(6464K)->6271K(6464K)
[1000.739s][info][gc             ] GC(2889) Pause Young (Allocation Failure) 443M->155M(477M) 0.905ms
[1000.739s][info][gc,cpu         ] GC(2889) User=0.01s Sys=0.00s Real=0.00s
[1000.986s][info][gc,start       ] GC(2890) Pause Young (Allocation Failure)
[1000.987s][info][gc,heap        ] GC(2890) PSYoungGen: 299072K(313856K)->64K(314880K) Eden: 299008K(299008K)->0K(299008K) From: 64K(14848K)->64K(15872K)
[1000.987s][info][gc,heap        ] GC(2890) ParOldGen: 158999K(175104K)->159007K(175104K)
[1000.987s][info][gc,metaspace   ] GC(2890) Metaspace: 35574K(36352K)->35574K(36352K) NonClass: 29303K(29888K)->29303K(29888K) Class: 6271K(6464K)->6271K(6464K)
[1000.987s][info][gc             ] GC(2890) Pause Young (Allocation Failure) 447M->155M(478M) 0.957ms
[1000.987s][info][gc,cpu         ] GC(2890) User=0.00s Sys=0.00s Real=0.00s
[1001.130s][info][gc,start       ] GC(2891) Pause Young (Allocation Failure)
[1001.131s][info][gc,heap        ] GC(2891) PSYoungGen: 299072K(314880K)->64K(315392K) Eden: 299008K(299008K)->0K(302592K) From: 64K(15872K)->64K(12800K)
[1001.131s][info][gc,heap        ] GC(2891) ParOldGen: 159007K(175104K)->159015K(175104K)
[1001.131s][info][gc,metaspace   ] GC(2891) Metaspace: 35574K(36352K)->35574K(36352K) NonClass: 29303K(29888K)->29303K(29888K) Class: 6271K(6464K)->6271K(6464K)
[1001.131s][info][gc             ] GC(2891) Pause Young (Allocation Failure) 447M->155M(479M) 1.155ms
[1001.131s][info][gc,cpu         ] GC(2891) User=0.01s Sys=0.00s Real=0.00s
[1001.210s][info][gc,start       ] GC(2892) Pause Young (Allocation Failure)
[1001.211s][info][gc,heap        ] GC(2892) PSYoungGen: 302656K(315392K)->32K(316928K) Eden: 302592K(302592K)->0K(302592K) From: 64K(12800K)->32K(14336K)
[1001.211s][info][gc,heap        ] GC(2892) ParOldGen: 159015K(175104K)->159031K(175104K)
[1001.211s][info][gc,metaspace   ] GC(2892) Metaspace: 35574K(36352K)->35574K(36352K) NonClass: 29303K(29888K)->29303K(29888K) Class: 6271K(6464K)->6271K(6464K)
[1001.211s][info][gc             ] GC(2892) Pause Young (Allocation Failure) 450M->155M(480M) 1.395ms
[1001.211s][info][gc,cpu         ] GC(2892) User=0.00s Sys=0.01s Real=0.00s
[1001.380s][info][gc,start       ] GC(2893) Pause Young (Allocation Failure)
[1001.381s][info][gc,heap        ] GC(2893) PSYoungGen: 302624K(316928K)->64K(317952K) Eden: 302592K(302592K)->0K(306176K) From: 32K(14336K)->64K(11776K)
[1001.381s][info][gc,heap        ] GC(2893) ParOldGen: 159031K(175104K)->159031K(175104K)
[1001.381s][info][gc,metaspace   ] GC(2893) Metaspace: 35574K(36352K)->35574K(36352K) NonClass: 29303K(29888K)->29303K(29888K) Class: 6271K(6464K)->6271K(6464K)
[1001.381s][info][gc             ] GC(2893) Pause Young (Allocation Failure) 450M->155M(481M) 1.257ms
[1001.381s][info][gc,cpu         ] GC(2893) User=0.00s Sys=0.00s Real=0.00s
[1002.296s][info][gc,start       ] GC(2894) Pause Young (Allocation Failure)
[1002.298s][info][gc,heap        ] GC(2894) PSYoungGen: 306240K(317952K)->64K(294400K) Eden: 306176K(306176K)->0K(293888K) From: 64K(11776K)->64K(512K)
[1002.298s][info][gc,heap        ] GC(2894) ParOldGen: 159031K(175104K)->159047K(175104K)
[1002.298s][info][gc,metaspace   ] GC(2894) Metaspace: 35574K(36352K)->35574K(36352K) NonClass: 29303K(29888K)->29303K(29888K) Class: 6271K(6464K)->6271K(6464K)
[1002.298s][info][gc             ] GC(2894) Pause Young (Allocation Failure) 454M->155M(458M) 2.056ms
[1002.298s][info][gc,cpu         ] GC(2894) User=0.00s Sys=0.00s Real=0.00s
[1003.127s][info][gc,start       ] GC(2895) Pause Young (Allocation Failure)
[1003.129s][info][gc,heap        ] GC(2895) PSYoungGen: 293952K(294400K)->64K(282624K) Eden: 293888K(293888K)->0K(282112K) From: 64K(512K)->64K(512K)
[1003.129s][info][gc,heap        ] GC(2895) ParOldGen: 159047K(175104K)->159063K(175104K)
[1003.129s][info][gc,metaspace   ] GC(2895) Metaspace: 35574K(36352K)->35574K(36352K) NonClass: 29303K(29888K)->29303K(29888K) Class: 6271K(6464K)->6271K(6464K)
[1003.130s][info][gc             ] GC(2895) Pause Young (Allocation Failure) 442M->155M(447M) 2.615ms
[1003.130s][info][gc,cpu         ] GC(2895) User=0.00s Sys=0.00s Real=0.00s
[1003.351s][info][gc,start       ] GC(2896) Pause Young (Allocation Failure)
[1003.352s][info][gc,heap        ] GC(2896) PSYoungGen: 282176K(282624K)->64K(282112K) Eden: 282112K(282112K)->0K(270848K) From: 64K(512K)->64K(11264K)
[1003.352s][info][gc,heap        ] GC(2896) ParOldGen: 159063K(175104K)->159079K(175104K)
[1003.352s][info][gc,metaspace   ] GC(2896) Metaspace: 35574K(36352K)->35574K(36352K) NonClass: 29303K(29888K)->29303K(29888K) Class: 6271K(6464K)->6271K(6464K)
[1003.352s][info][gc             ] GC(2896) Pause Young (Allocation Failure) 430M->155M(446M) 1.325ms
[1003.352s][info][gc,cpu         ] GC(2896) User=0.00s Sys=0.00s Real=0.00s
[1003.724s][info][gc,start       ] GC(2897) Pause Young (Allocation Failure)
[1003.726s][info][gc,heap        ] GC(2897) PSYoungGen: 270912K(282112K)->64K(260608K) Eden: 270848K(270848K)->0K(260096K) From: 64K(11264K)->64K(512K)
[1003.726s][info][gc,heap        ] GC(2897) ParOldGen: 159079K(175104K)->159095K(175104K)
[1003.726s][info][gc,metaspace   ] GC(2897) Metaspace: 35574K(36352K)->35574K(36352K) NonClass: 29303K(29888K)->29303K(29888K) Class: 6271K(6464K)->6271K(6464K)
[1003.726s][info][gc             ] GC(2897) Pause Young (Allocation Failure) 419M->155M(425M) 1.832ms
[1003.726s][info][gc,cpu         ] GC(2897) User=0.00s Sys=0.00s Real=0.01s
[1004.662s][info][gc,start       ] GC(2898) Pause Young (Allocation Failure)
[1004.664s][info][gc,heap        ] GC(2898) PSYoungGen: 260160K(260608K)->32K(259584K) Eden: 260096K(260096K)->0K(249856K) From: 64K(512K)->32K(9728K)
[1004.664s][info][gc,heap        ] GC(2898) ParOldGen: 159095K(175104K)->159103K(175104K)
[1004.664s][info][gc,metaspace   ] GC(2898) Metaspace: 35574K(36352K)->35574K(36352K) NonClass: 29303K(29888K)->29303K(29888K) Class: 6271K(6464K)->6271K(6464K)
[1004.664s][info][gc             ] GC(2898) Pause Young (Allocation Failure) 409M->155M(424M) 1.470ms
[1004.664s][info][gc,cpu         ] GC(2898) User=0.00s Sys=0.00s Real=0.00s
[1005.024s][info][gc,start       ] GC(2899) Pause Young (Allocation Failure)
[1005.026s][info][gc,heap        ] GC(2899) PSYoungGen: 249888K(259584K)->64K(240640K) Eden: 249856K(249856K)->0K(240128K) From: 32K(9728K)->64K(512K)
[1005.026s][info][gc,heap        ] GC(2899) ParOldGen: 159103K(175104K)->159119K(175104K)
[1005.026s][info][gc,metaspace   ] GC(2899) Metaspace: 35574K(36352K)->35574K(36352K) NonClass: 29303K(29888K)->29303K(29888K) Class: 6271K(6464K)->6271K(6464K)
[1005.026s][info][gc             ] GC(2899) Pause Young (Allocation Failure) 399M->155M(406M) 2.397ms
[1005.026s][info][gc,cpu         ] GC(2899) User=0.00s Sys=0.00s Real=0.01s
[1005.190s][info][gc,start       ] GC(2900) Pause Young (Allocation Failure)
[1005.192s][info][gc,heap        ] GC(2900) PSYoungGen: 240192K(240640K)->64K(239104K) Eden: 240128K(240128K)->0K(230912K) From: 64K(512K)->64K(8192K)
[1005.192s][info][gc,heap        ] GC(2900) ParOldGen: 159119K(175104K)->159135K(175104K)
[1005.192s][info][gc,metaspace   ] GC(2900) Metaspace: 35574K(36352K)->35574K(36352K) NonClass: 29303K(29888K)->29303K(29888K) Class: 6271K(6464K)->6271K(6464K)
[1005.192s][info][gc             ] GC(2900) Pause Young (Allocation Failure) 389M->155M(404M) 1.494ms
[1005.192s][info][gc,cpu         ] GC(2900) User=0.00s Sys=0.00s Real=0.00s
[1005.273s][info][gc,start       ] GC(2901) Pause Young (Allocation Failure)
[1005.275s][info][gc,heap        ] GC(2901) PSYoungGen: 230976K(239104K)->64K(222720K) Eden: 230912K(230912K)->0K(222208K) From: 64K(8192K)->64K(512K)
[1005.275s][info][gc,heap        ] GC(2901) ParOldGen: 159135K(175104K)->159151K(175104K)
[1005.275s][info][gc,metaspace   ] GC(2901) Metaspace: 35574K(36352K)->35574K(36352K) NonClass: 29303K(29888K)->29303K(29888K) Class: 6271K(6464K)->6271K(6464K)
[1005.275s][info][gc             ] GC(2901) Pause Young (Allocation Failure) 380M->155M(388M) 2.213ms
[1005.275s][info][gc,cpu         ] GC(2901) User=0.00s Sys=0.00s Real=0.01s
[1005.803s][info][gc,start       ] GC(2902) Pause Young (Allocation Failure)
[1005.804s][info][gc,heap        ] GC(2902) PSYoungGen: 222272K(222720K)->64K(221184K) Eden: 222208K(222208K)->0K(214016K) From: 64K(512K)->64K(7168K)
[1005.804s][info][gc,heap        ] GC(2902) ParOldGen: 159151K(175104K)->159167K(175104K)
[1005.804s][info][gc,metaspace   ] GC(2902) Metaspace: 35574K(36352K)->35574K(36352K) NonClass: 29303K(29888K)->29303K(29888K) Class: 6271K(6464K)->6271K(6464K)
[1005.805s][info][gc             ] GC(2902) Pause Young (Allocation Failure) 372M->155M(387M) 1.547ms
[1005.805s][info][gc,cpu         ] GC(2902) User=0.00s Sys=0.00s Real=0.01s
[1005.994s][info][gc,start       ] GC(2903) Pause Young (Allocation Failure)
[1005.996s][info][gc,heap        ] GC(2903) PSYoungGen: 214080K(221184K)->32K(206848K) Eden: 214016K(214016K)->0K(206336K) From: 64K(7168K)->32K(512K)
[1005.996s][info][gc,heap        ] GC(2903) ParOldGen: 159167K(175104K)->159175K(175104K)
[1005.996s][info][gc,metaspace   ] GC(2903) Metaspace: 35574K(36352K)->35574K(36352K) NonClass: 29303K(29888K)->29303K(29888K) Class: 6271K(6464K)->6271K(6464K)
[1005.996s][info][gc             ] GC(2903) Pause Young (Allocation Failure) 364M->155M(373M) 2.294ms
[1005.996s][info][gc,cpu         ] GC(2903) User=0.00s Sys=0.00s Real=0.01s
[1006.277s][info][gc,start       ] GC(2904) Pause Young (Allocation Failure)
[1006.291s][info][gc,heap        ] GC(2904) PSYoungGen: 206368K(206848K)->6144K(252416K) Eden: 206336K(206336K)->0K(246272K) From: 32K(512K)->6144K(6144K)
[1006.291s][info][gc,heap        ] GC(2904) ParOldGen: 159175K(175104K)->160087K(175104K)
[1006.291s][info][gc,metaspace   ] GC(2904) Metaspace: 35574K(36352K)->35574K(36352K) NonClass: 29303K(29888K)->29303K(29888K) Class: 6271K(6464K)->6271K(6464K)
[1006.291s][info][gc             ] GC(2904) Pause Young (Allocation Failure) 356M->162M(417M) 13.755ms
[1006.291s][info][gc,cpu         ] GC(2904) User=0.02s Sys=0.00s Real=0.01s
[1006.548s][info][gc,start       ] GC(2905) Pause Young (Allocation Failure)
[1006.597s][info][gc,heap        ] GC(2905) PSYoungGen: 252416K(252416K)->6144K(260608K) Eden: 246272K(246272K)->0K(254464K) From: 6144K(6144K)->6144K(6144K)
[1006.597s][info][gc,heap        ] GC(2905) ParOldGen: 160087K(175104K)->180063K(180224K)
[1006.597s][info][gc,metaspace   ] GC(2905) Metaspace: 35574K(36352K)->35574K(36352K) NonClass: 29303K(29888K)->29303K(29888K) Class: 6271K(6464K)->6271K(6464K)
[1006.597s][info][gc             ] GC(2905) Pause Young (Allocation Failure) 402M->181M(430M) 48.967ms
[1006.597s][info][gc,cpu         ] GC(2905) User=0.08s Sys=0.01s Real=0.05s
[1006.864s][info][gc,start       ] GC(2906) Pause Young (Allocation Failure)
[1006.914s][info][gc,heap        ] GC(2906) PSYoungGen: 260608K(260608K)->16896K(271360K) Eden: 254464K(254464K)->0K(254464K) From: 6144K(6144K)->16896K(16896K)
[1006.914s][info][gc,heap        ] GC(2906) ParOldGen: 180063K(180224K)->190839K(190976K)
[1006.914s][info][gc,metaspace   ] GC(2906) Metaspace: 35574K(36352K)->35574K(36352K) NonClass: 29303K(29888K)->29303K(29888K) Class: 6271K(6464K)->6271K(6464K)
[1006.914s][info][gc             ] GC(2906) Pause Young (Allocation Failure) 430M->202M(451M) 49.551ms
[1006.914s][info][gc,cpu         ] GC(2906) User=0.10s Sys=0.00s Real=0.04s
[1007.037s][info][gc,start       ] GC(2907) Pause Young (Allocation Failure)
[1007.057s][info][gc,heap        ] GC(2907) PSYoungGen: 271360K(271360K)->8928K(310272K) Eden: 254464K(254464K)->0K(286208K) From: 16896K(16896K)->8928K(24064K)
[1007.057s][info][gc,heap        ] GC(2907) ParOldGen: 190839K(190976K)->191223K(191488K)
[1007.057s][info][gc,metaspace   ] GC(2907) Metaspace: 35574K(36352K)->35574K(36352K) NonClass: 29303K(29888K)->29303K(29888K) Class: 6271K(6464K)->6271K(6464K)
[1007.057s][info][gc             ] GC(2907) Pause Young (Allocation Failure) 451M->195M(490M) 20.106ms
[1007.057s][info][gc,cpu         ] GC(2907) User=0.03s Sys=0.00s Real=0.02s
[1007.403s][info][gc,start       ] GC(2908) Pause Young (Allocation Failure)
[1007.404s][info][gc,heap        ] GC(2908) PSYoungGen: 295136K(310272K)->64K(286720K) Eden: 286208K(286208K)->0K(286208K) From: 8928K(24064K)->64K(512K)
[1007.404s][info][gc,heap        ] GC(2908) ParOldGen: 191223K(191488K)->191231K(191488K)
[1007.404s][info][gc,metaspace   ] GC(2908) Metaspace: 35574K(36352K)->35574K(36352K) NonClass: 29303K(29888K)->29303K(29888K) Class: 6271K(6464K)->6271K(6464K)
[1007.404s][info][gc             ] GC(2908) Pause Young (Allocation Failure) 474M->186M(467M) 0.952ms
[1007.404s][info][gc,cpu         ] GC(2908) User=0.00s Sys=0.00s Real=0.00s
[1007.971s][info][gc,start       ] GC(2909) Pause Young (Allocation Failure)
[1007.972s][info][gc,heap        ] GC(2909) PSYoungGen: 286272K(286720K)->64K(310272K) Eden: 286208K(286208K)->0K(287232K) From: 64K(512K)->64K(23040K)
[1007.972s][info][gc,heap        ] GC(2909) ParOldGen: 191231K(191488K)->191239K(191488K)
[1007.972s][info][gc,metaspace   ] GC(2909) Metaspace: 35575K(36352K)->35575K(36352K) NonClass: 29304K(29888K)->29304K(29888K) Class: 6271K(6464K)->6271K(6464K)
[1007.972s][info][gc             ] GC(2909) Pause Young (Allocation Failure) 466M->186M(490M) 1.079ms
[1007.972s][info][gc,cpu         ] GC(2909) User=0.00s Sys=0.00s Real=0.00s
[1008.391s][info][gc,start       ] GC(2910) Pause Young (Allocation Failure)
[1008.392s][info][gc,heap        ] GC(2910) PSYoungGen: 287296K(310272K)->64K(309248K) Eden: 287232K(287232K)->0K(287232K) From: 64K(23040K)->64K(22016K)
[1008.393s][info][gc,heap        ] GC(2910) ParOldGen: 191239K(191488K)->191255K(191488K)
[1008.393s][info][gc,metaspace   ] GC(2910) Metaspace: 35575K(36352K)->35575K(36352K) NonClass: 29304K(29888K)->29304K(29888K) Class: 6271K(6464K)->6271K(6464K)
[1008.393s][info][gc             ] GC(2910) Pause Young (Allocation Failure) 467M->186M(489M) 1.234ms
[1008.393s][info][gc,cpu         ] GC(2910) User=0.00s Sys=0.00s Real=0.00s
[1008.584s][info][gc,start       ] GC(2911) Pause Young (Allocation Failure)
[1008.585s][info][gc,heap        ] GC(2911) PSYoungGen: 287296K(309248K)->64K(310784K) Eden: 287232K(287232K)->0K(289792K) From: 64K(22016K)->64K(20992K)
[1008.585s][info][gc,heap        ] GC(2911) ParOldGen: 191255K(191488K)->191271K(191488K)
[1008.585s][info][gc,metaspace   ] GC(2911) Metaspace: 35575K(36352K)->35575K(36352K) NonClass: 29304K(29888K)->29304K(29888K) Class: 6271K(6464K)->6271K(6464K)
[1008.585s][info][gc             ] GC(2911) Pause Young (Allocation Failure) 467M->186M(490M) 1.319ms
[1008.585s][info][gc,cpu         ] GC(2911) User=0.00s Sys=0.00s Real=0.01s
[1008.770s][info][gc,start       ] GC(2912) Pause Young (Allocation Failure)
[1008.771s][info][gc,heap        ] GC(2912) PSYoungGen: 289856K(310784K)->64K(310272K) Eden: 289792K(289792K)->0K(289792K) From: 64K(20992K)->64K(20480K)
[1008.771s][info][gc,heap        ] GC(2912) ParOldGen: 191271K(191488K)->191271K(191488K)
[1008.771s][info][gc,metaspace   ] GC(2912) Metaspace: 35575K(36352K)->35575K(36352K) NonClass: 29304K(29888K)->29304K(29888K) Class: 6271K(6464K)->6271K(6464K)
[1008.771s][info][gc             ] GC(2912) Pause Young (Allocation Failure) 469M->186M(490M) 1.061ms
[1008.771s][info][gc,cpu         ] GC(2912) User=0.00s Sys=0.00s Real=0.00s
[1009.065s][info][gc,start       ] GC(2913) Pause Young (Allocation Failure)
[1009.066s][info][gc,heap        ] GC(2913) PSYoungGen: 289856K(310272K)->64K(312320K) Eden: 289792K(289792K)->0K(292864K) From: 64K(20480K)->64K(19456K)
[1009.066s][info][gc,heap        ] GC(2913) ParOldGen: 191271K(191488K)->191271K(191488K)
[1009.066s][info][gc,metaspace   ] GC(2913) Metaspace: 35575K(36352K)->35575K(36352K) NonClass: 29304K(29888K)->29304K(29888K) Class: 6271K(6464K)->6271K(6464K)
[1009.066s][info][gc             ] GC(2913) Pause Young (Allocation Failure) 469M->186M(492M) 0.932ms
[1009.066s][info][gc,cpu         ] GC(2913) User=0.01s Sys=0.00s Real=0.00s
[1009.184s][info][gc,start       ] GC(2914) Pause Young (Allocation Failure)
[1009.185s][info][gc,heap        ] GC(2914) PSYoungGen: 292928K(312320K)->64K(311808K) Eden: 292864K(292864K)->0K(292864K) From: 64K(19456K)->64K(18944K)
[1009.185s][info][gc,heap        ] GC(2914) ParOldGen: 191271K(191488K)->191279K(191488K)
[1009.185s][info][gc,metaspace   ] GC(2914) Metaspace: 35575K(36352K)->35575K(36352K) NonClass: 29304K(29888K)->29304K(29888K) Class: 6271K(6464K)->6271K(6464K)
[1009.185s][info][gc             ] GC(2914) Pause Young (Allocation Failure) 472M->186M(491M) 0.872ms
[1009.185s][info][gc,cpu         ] GC(2914) User=0.00s Sys=0.00s Real=0.01s
[1009.237s][info][gc,start       ] GC(2915) Pause Young (Allocation Failure)
[1009.238s][info][gc,heap        ] GC(2915) PSYoungGen: 292928K(311808K)->64K(313856K) Eden: 292864K(292864K)->0K(296448K) From: 64K(18944K)->64K(17408K)
[1009.238s][info][gc,heap        ] GC(2915) ParOldGen: 191279K(191488K)->191295K(191488K)
[1009.238s][info][gc,metaspace   ] GC(2915) Metaspace: 35575K(36352K)->35575K(36352K) NonClass: 29304K(29888K)->29304K(29888K) Class: 6271K(6464K)->6271K(6464K)
[1009.238s][info][gc             ] GC(2915) Pause Young (Allocation Failure) 472M->186M(493M) 0.773ms
[1009.238s][info][gc,cpu         ] GC(2915) User=0.00s Sys=0.00s Real=0.00s
[1009.377s][info][gc,start       ] GC(2916) Pause Young (Allocation Failure)
[1009.377s][info][gc,heap        ] GC(2916) PSYoungGen: 296512K(313856K)->64K(313344K) Eden: 296448K(296448K)->0K(296448K) From: 64K(17408K)->64K(16896K)
[1009.378s][info][gc,heap        ] GC(2916) ParOldGen: 191295K(191488K)->191295K(191488K)
[1009.378s][info][gc,metaspace   ] GC(2916) Metaspace: 35575K(36352K)->35575K(36352K) NonClass: 29304K(29888K)->29304K(29888K) Class: 6271K(6464K)->6271K(6464K)
[1009.378s][info][gc             ] GC(2916) Pause Young (Allocation Failure) 476M->186M(493M) 0.918ms
[1009.378s][info][gc,cpu         ] GC(2916) User=0.01s Sys=0.00s Real=0.00s
[1009.624s][info][gc,start       ] GC(2917) Pause Young (Allocation Failure)
[1009.625s][info][gc,heap        ] GC(2917) PSYoungGen: 296512K(313344K)->64K(315904K) Eden: 296448K(296448K)->0K(300544K) From: 64K(16896K)->64K(15360K)
[1009.625s][info][gc,heap        ] GC(2917) ParOldGen: 191295K(191488K)->191303K(191488K)
[1009.625s][info][gc,metaspace   ] GC(2917) Metaspace: 35575K(36352K)->35575K(36352K) NonClass: 29304K(29888K)->29304K(29888K) Class: 6271K(6464K)->6271K(6464K)
[1009.625s][info][gc             ] GC(2917) Pause Young (Allocation Failure) 476M->186M(495M) 1.012ms
[1009.625s][info][gc,cpu         ] GC(2917) User=0.00s Sys=0.00s Real=0.01s
[1009.790s][info][gc,start       ] GC(2918) Pause Young (Allocation Failure)
[1009.792s][info][gc,heap        ] GC(2918) PSYoungGen: 300608K(315904K)->64K(289280K) Eden: 300544K(300544K)->0K(288768K) From: 64K(15360K)->64K(512K)
[1009.792s][info][gc,heap        ] GC(2918) ParOldGen: 191303K(191488K)->191311K(191488K)
[1009.792s][info][gc,metaspace   ] GC(2918) Metaspace: 35575K(36352K)->35575K(36352K) NonClass: 29304K(29888K)->29304K(29888K) Class: 6271K(6464K)->6271K(6464K)
[1009.792s][info][gc             ] GC(2918) Pause Young (Allocation Failure) 480M->186M(469M) 1.167ms
[1009.792s][info][gc,cpu         ] GC(2918) User=0.01s Sys=0.00s Real=0.00s
[1009.869s][info][gc,start       ] GC(2919) Pause Young (Allocation Failure)
[1009.870s][info][gc,heap        ] GC(2919) PSYoungGen: 288832K(289280K)->32K(304128K) Eden: 288768K(288768K)->0K(289792K) From: 64K(512K)->32K(14336K)
[1009.870s][info][gc,heap        ] GC(2919) ParOldGen: 191311K(191488K)->191327K(191488K)
[1009.870s][info][gc,metaspace   ] GC(2919) Metaspace: 35575K(36352K)->35575K(36352K) NonClass: 29304K(29888K)->29304K(29888K) Class: 6271K(6464K)->6271K(6464K)
[1009.870s][info][gc             ] GC(2919) Pause Young (Allocation Failure) 468M->186M(484M) 1.094ms
[1009.870s][info][gc,cpu         ] GC(2919) User=0.01s Sys=0.00s Real=0.00s
[1010.028s][info][gc,start       ] GC(2920) Pause Young (Allocation Failure)
[1010.030s][info][gc,heap        ] GC(2920) PSYoungGen: 289824K(304128K)->64K(279040K) Eden: 289792K(289792K)->0K(278528K) From: 32K(14336K)->64K(512K)
[1010.030s][info][gc,heap        ] GC(2920) ParOldGen: 191327K(191488K)->191327K(191488K)
[1010.030s][info][gc,metaspace   ] GC(2920) Metaspace: 35575K(36352K)->35575K(36352K) NonClass: 29304K(29888K)->29304K(29888K) Class: 6271K(6464K)->6271K(6464K)
[1010.030s][info][gc             ] GC(2920) Pause Young (Allocation Failure) 469M->186M(459M) 1.679ms
[1010.030s][info][gc,cpu         ] GC(2920) User=0.00s Sys=0.00s Real=0.00s
[1010.415s][info][gc,start       ] GC(2921) Pause Young (Allocation Failure)
[1010.417s][info][gc,heap        ] GC(2921) PSYoungGen: 278592K(279040K)->64K(268288K) Eden: 278528K(278528K)->0K(267776K) From: 64K(512K)->64K(512K)
[1010.417s][info][gc,heap        ] GC(2921) ParOldGen: 191327K(191488K)->191335K(191488K)
[1010.417s][info][gc,metaspace   ] GC(2921) Metaspace: 35575K(36352K)->35575K(36352K) NonClass: 29304K(29888K)->29304K(29888K) Class: 6271K(6464K)->6271K(6464K)
[1010.417s][info][gc             ] GC(2921) Pause Young (Allocation Failure) 458M->186M(449M) 1.694ms
[1010.417s][info][gc,cpu         ] GC(2921) User=0.00s Sys=0.00s Real=0.00s
[1011.036s][info][gc,start       ] GC(2922) Pause Young (Allocation Failure)
[1011.037s][info][gc,heap        ] GC(2922) PSYoungGen: 267840K(268288K)->64K(269312K) Eden: 267776K(267776K)->0K(257536K) From: 64K(512K)->64K(11776K)
[1011.037s][info][gc,heap        ] GC(2922) ParOldGen: 191335K(191488K)->191343K(191488K)
[1011.037s][info][gc,metaspace   ] GC(2922) Metaspace: 35575K(36352K)->35575K(36352K) NonClass: 29304K(29888K)->29304K(29888K) Class: 6271K(6464K)->6271K(6464K)
[1011.037s][info][gc             ] GC(2922) Pause Young (Allocation Failure) 448M->186M(450M) 1.042ms
[1011.037s][info][gc,cpu         ] GC(2922) User=0.00s Sys=0.00s Real=0.00s
[1011.936s][info][gc,start       ] GC(2923) Pause Young (Allocation Failure)
[1011.937s][info][gc,heap        ] GC(2923) PSYoungGen: 257600K(269312K)->64K(248320K) Eden: 257536K(257536K)->0K(247808K) From: 64K(11776K)->64K(512K)
[1011.937s][info][gc,heap        ] GC(2923) ParOldGen: 191343K(191488K)->191351K(191488K)
[1011.937s][info][gc,metaspace   ] GC(2923) Metaspace: 35575K(36352K)->35575K(36352K) NonClass: 29304K(29888K)->29304K(29888K) Class: 6271K(6464K)->6271K(6464K)
[1011.937s][info][gc             ] GC(2923) Pause Young (Allocation Failure) 438M->186M(429M) 1.707ms
[1011.937s][info][gc,cpu         ] GC(2923) User=0.00s Sys=0.00s Real=0.00s
[1012.296s][info][gc,start       ] GC(2924) Pause Young (Allocation Failure)
[1012.298s][info][gc,heap        ] GC(2924) PSYoungGen: 247872K(248320K)->32K(248832K) Eden: 247808K(247808K)->0K(238592K) From: 64K(512K)->32K(10240K)
[1012.298s][info][gc,heap        ] GC(2924) ParOldGen: 191351K(191488K)->191359K(191488K)
[1012.298s][info][gc,metaspace   ] GC(2924) Metaspace: 35575K(36352K)->35575K(36352K) NonClass: 29304K(29888K)->29304K(29888K) Class: 6271K(6464K)->6271K(6464K)
[1012.298s][info][gc             ] GC(2924) Pause Young (Allocation Failure) 428M->186M(430M) 1.409ms
[1012.298s][info][gc,cpu         ] GC(2924) User=0.00s Sys=0.00s Real=0.00s
[1012.592s][info][gc,start       ] GC(2925) Pause Young (Allocation Failure)
[1012.594s][info][gc,heap        ] GC(2925) PSYoungGen: 238624K(248832K)->64K(229888K) Eden: 238592K(238592K)->0K(229376K) From: 32K(10240K)->64K(512K)
[1012.594s][info][gc,heap        ] GC(2925) ParOldGen: 191359K(191488K)->191367K(191488K)
[1012.594s][info][gc,metaspace   ] GC(2925) Metaspace: 35575K(36352K)->35575K(36352K) NonClass: 29304K(29888K)->29304K(29888K) Class: 6271K(6464K)->6271K(6464K)
[1012.594s][info][gc             ] GC(2925) Pause Young (Allocation Failure) 419M->186M(411M) 2.072ms
[1012.594s][info][gc,cpu         ] GC(2925) User=0.00s Sys=0.00s Real=0.00s
[1013.478s][info][gc,start       ] GC(2926) Pause Young (Allocation Failure)
[1013.479s][info][gc,heap        ] GC(2926) PSYoungGen: 229440K(229888K)->64K(229376K) Eden: 229376K(229376K)->0K(220672K) From: 64K(512K)->64K(8704K)
[1013.479s][info][gc,heap        ] GC(2926) ParOldGen: 191367K(191488K)->191375K(191488K)
[1013.479s][info][gc,metaspace   ] GC(2926) Metaspace: 35575K(36352K)->35575K(36352K) NonClass: 29304K(29888K)->29304K(29888K) Class: 6271K(6464K)->6271K(6464K)
[1013.479s][info][gc             ] GC(2926) Pause Young (Allocation Failure) 410M->186M(411M) 1.241ms
[1013.479s][info][gc,cpu         ] GC(2926) User=0.00s Sys=0.00s Real=0.00s
[1013.792s][info][gc,start       ] GC(2927) Pause Young (Allocation Failure)
[1013.794s][info][gc,heap        ] GC(2927) PSYoungGen: 220736K(229376K)->32K(212992K) Eden: 220672K(220672K)->0K(212480K) From: 64K(8704K)->32K(512K)
[1013.794s][info][gc,heap        ] GC(2927) ParOldGen: 191375K(191488K)->191383K(191488K)
[1013.794s][info][gc,metaspace   ] GC(2927) Metaspace: 35575K(36352K)->35575K(36352K) NonClass: 29304K(29888K)->29304K(29888K) Class: 6271K(6464K)->6271K(6464K)
[1013.794s][info][gc             ] GC(2927) Pause Young (Allocation Failure) 402M->186M(395M) 2.355ms
[1013.794s][info][gc,cpu         ] GC(2927) User=0.00s Sys=0.00s Real=0.00s
[1013.941s][info][gc,start       ] GC(2928) Pause Young (Allocation Failure)
[1013.943s][info][gc,heap        ] GC(2928) PSYoungGen: 212512K(212992K)->32K(212480K) Eden: 212480K(212480K)->0K(204800K) From: 32K(512K)->32K(7680K)
[1013.943s][info][gc,heap        ] GC(2928) ParOldGen: 191383K(191488K)->191391K(191488K)
[1013.943s][info][gc,metaspace   ] GC(2928) Metaspace: 35575K(36352K)->35575K(36352K) NonClass: 29304K(29888K)->29304K(29888K) Class: 6271K(6464K)->6271K(6464K)
[1013.943s][info][gc             ] GC(2928) Pause Young (Allocation Failure) 394M->186M(394M) 1.627ms
[1013.943s][info][gc,cpu         ] GC(2928) User=0.00s Sys=0.00s Real=0.00s
[1014.008s][info][gc,start       ] GC(2929) Pause Young (Allocation Failure)
[1014.011s][info][gc,heap        ] GC(2929) PSYoungGen: 204832K(212480K)->32K(198144K) Eden: 204800K(204800K)->0K(197632K) From: 32K(7680K)->32K(512K)
[1014.011s][info][gc,heap        ] GC(2929) ParOldGen: 191391K(191488K)->191399K(191488K)
[1014.011s][info][gc,metaspace   ] GC(2929) Metaspace: 35575K(36352K)->35575K(36352K) NonClass: 29304K(29888K)->29304K(29888K) Class: 6271K(6464K)->6271K(6464K)
[1014.011s][info][gc             ] GC(2929) Pause Young (Allocation Failure) 386M->186M(380M) 2.216ms
[1014.011s][info][gc,cpu         ] GC(2929) User=0.01s Sys=0.00s Real=0.00s
[1014.423s][info][gc,start       ] GC(2930) Pause Young (Allocation Failure)
[1014.425s][info][gc,heap        ] GC(2930) PSYoungGen: 197664K(198144K)->64K(197120K) Eden: 197632K(197632K)->0K(190464K) From: 32K(512K)->64K(6656K)
[1014.425s][info][gc,heap        ] GC(2930) ParOldGen: 191399K(191488K)->191407K(191488K)
[1014.425s][info][gc,metaspace   ] GC(2930) Metaspace: 35575K(36352K)->35575K(36352K) NonClass: 29304K(29888K)->29304K(29888K) Class: 6271K(6464K)->6271K(6464K)
[1014.425s][info][gc             ] GC(2930) Pause Young (Allocation Failure) 379M->186M(379M) 1.151ms
[1014.425s][info][gc,cpu         ] GC(2930) User=0.00s Sys=0.00s Real=0.01s
[1014.684s][info][gc,start       ] GC(2931) Pause Young (Allocation Failure)
[1014.685s][info][gc,heap        ] GC(2931) PSYoungGen: 190528K(197120K)->64K(184320K) Eden: 190464K(190464K)->0K(183808K) From: 64K(6656K)->64K(512K)
[1014.685s][info][gc,heap        ] GC(2931) ParOldGen: 191407K(191488K)->191415K(191488K)
[1014.685s][info][gc,metaspace   ] GC(2931) Metaspace: 35575K(36352K)->35575K(36352K) NonClass: 29304K(29888K)->29304K(29888K) Class: 6271K(6464K)->6271K(6464K)
[1014.685s][info][gc             ] GC(2931) Pause Young (Allocation Failure) 372M->186M(367M) 1.561ms
[1014.685s][info][gc,cpu         ] GC(2931) User=0.00s Sys=0.00s Real=0.01s
[1014.901s][info][gc,start       ] GC(2932) Pause Young (Allocation Failure)
[1014.902s][info][gc,heap        ] GC(2932) PSYoungGen: 183872K(184320K)->64K(183296K) Eden: 183808K(183808K)->0K(177664K) From: 64K(512K)->64K(5632K)
[1014.902s][info][gc,heap        ] GC(2932) ParOldGen: 191415K(191488K)->191423K(191488K)
[1014.902s][info][gc,metaspace   ] GC(2932) Metaspace: 35575K(36352K)->35575K(36352K) NonClass: 29304K(29888K)->29304K(29888K) Class: 6271K(6464K)->6271K(6464K)
[1014.902s][info][gc             ] GC(2932) Pause Young (Allocation Failure) 366M->186M(366M) 1.034ms
[1014.902s][info][gc,cpu         ] GC(2932) User=0.00s Sys=0.00s Real=0.00s
[1015.121s][info][gc,start       ] GC(2933) Pause Young (Allocation Failure)
[1015.151s][info][gc,heap        ] GC(2933) PSYoungGen: 177728K(183296K)->5632K(218624K) Eden: 177664K(177664K)->0K(212992K) From: 64K(5632K)->5632K(5632K)
[1015.151s][info][gc,heap        ] GC(2933) ParOldGen: 191423K(191488K)->201367K(201728K)
[1015.151s][info][gc,metaspace   ] GC(2933) Metaspace: 35575K(36352K)->35575K(36352K) NonClass: 29304K(29888K)->29304K(29888K) Class: 6271K(6464K)->6271K(6464K)
[1015.151s][info][gc             ] GC(2933) Pause Young (Allocation Failure) 360M->202M(410M) 30.375ms
[1015.151s][info][gc,cpu         ] GC(2933) User=0.05s Sys=0.01s Real=0.03s
[1015.377s][info][gc,start       ] GC(2934) Pause Young (Allocation Failure)
[1015.422s][info][gc,heap        ] GC(2934) PSYoungGen: 218624K(218624K)->10752K(241664K) Eden: 212992K(212992K)->0K(230912K) From: 5632K(5632K)->10752K(10752K)
[1015.422s][info][gc,heap        ] GC(2934) ParOldGen: 201367K(201728K)->213535K(214016K)
[1015.422s][info][gc,metaspace   ] GC(2934) Metaspace: 35575K(36352K)->35575K(36352K) NonClass: 29304K(29888K)->29304K(29888K) Class: 6271K(6464K)->6271K(6464K)
[1015.422s][info][gc             ] GC(2934) Pause Young (Allocation Failure) 410M->219M(445M) 45.175ms
[1015.422s][info][gc,cpu         ] GC(2934) User=0.07s Sys=0.01s Real=0.04s
[1015.667s][info][gc,start       ] GC(2935) Pause Young (Allocation Failure)
[1015.721s][info][gc,heap        ] GC(2935) PSYoungGen: 241664K(241664K)->17408K(266752K) Eden: 230912K(230912K)->0K(249344K) From: 10752K(10752K)->17408K(17408K)
[1015.721s][info][gc,heap        ] GC(2935) ParOldGen: 213535K(214016K)->220991K(221184K)
[1015.721s][info][gc,metaspace   ] GC(2935) Metaspace: 35575K(36352K)->35575K(36352K) NonClass: 29304K(29888K)->29304K(29888K) Class: 6271K(6464K)->6271K(6464K)
[1015.721s][info][gc             ] GC(2935) Pause Young (Allocation Failure) 444M->232M(476M) 53.445ms
[1015.721s][info][gc,cpu         ] GC(2935) User=0.09s Sys=0.02s Real=0.05s
[1015.831s][info][gc,start       ] GC(2936) Pause Young (Allocation Failure)
[1015.845s][info][gc,heap        ] GC(2936) PSYoungGen: 266752K(266752K)->6432K(272896K) Eden: 249344K(249344K)->0K(249344K) From: 17408K(17408K)->6432K(23552K)
[1015.845s][info][gc,heap        ] GC(2936) ParOldGen: 220991K(221184K)->221263K(221696K)
[1015.845s][info][gc,metaspace   ] GC(2936) Metaspace: 35575K(36352K)->35575K(36352K) NonClass: 29304K(29888K)->29304K(29888K) Class: 6271K(6464K)->6271K(6464K)
[1015.845s][info][gc             ] GC(2936) Pause Young (Allocation Failure) 476M->222M(483M) 14.198ms
[1015.845s][info][gc,cpu         ] GC(2936) User=0.02s Sys=0.00s Real=0.02s
[1016.160s][info][gc,start       ] GC(2937) Pause Young (Allocation Failure)
[1016.161s][info][gc,heap        ] GC(2937) PSYoungGen: 255776K(272896K)->64K(307712K) Eden: 249344K(249344K)->0K(288256K) From: 6432K(23552K)->64K(19456K)
[1016.161s][info][gc,heap        ] GC(2937) ParOldGen: 221263K(221696K)->221271K(221696K)
[1016.161s][info][gc,metaspace   ] GC(2937) Metaspace: 35575K(36352K)->35575K(36352K) NonClass: 29304K(29888K)->29304K(29888K) Class: 6271K(6464K)->6271K(6464K)
[1016.161s][info][gc             ] GC(2937) Pause Young (Allocation Failure) 465M->216M(517M) 1.180ms
[1016.161s][info][gc,cpu         ] GC(2937) User=0.00s Sys=0.00s Real=0.00s
[1016.787s][info][gc,start       ] GC(2938) Pause Young (Allocation Failure)
[1016.788s][info][gc,heap        ] GC(2938) PSYoungGen: 288320K(307712K)->64K(309760K) Eden: 288256K(288256K)->0K(288256K) From: 64K(19456K)->64K(21504K)
[1016.788s][info][gc,heap        ] GC(2938) ParOldGen: 221271K(221696K)->221279K(221696K)
[1016.788s][info][gc,metaspace   ] GC(2938) Metaspace: 35575K(36352K)->35575K(36352K) NonClass: 29304K(29888K)->29304K(29888K) Class: 6271K(6464K)->6271K(6464K)
[1016.788s][info][gc             ] GC(2938) Pause Young (Allocation Failure) 497M->216M(519M) 1.199ms
[1016.788s][info][gc,cpu         ] GC(2938) User=0.00s Sys=0.00s Real=0.00s
[1017.191s][info][gc,start       ] GC(2939) Pause Young (Allocation Failure)
[1017.192s][info][gc,heap        ] GC(2939) PSYoungGen: 288320K(309760K)->64K(310784K) Eden: 288256K(288256K)->0K(291328K) From: 64K(21504K)->64K(19456K)
[1017.192s][info][gc,heap        ] GC(2939) ParOldGen: 221279K(221696K)->221295K(221696K)
[1017.192s][info][gc,metaspace   ] GC(2939) Metaspace: 35575K(36352K)->35575K(36352K) NonClass: 29304K(29888K)->29304K(29888K) Class: 6271K(6464K)->6271K(6464K)
[1017.192s][info][gc             ] GC(2939) Pause Young (Allocation Failure) 497M->216M(520M) 1.337ms
[1017.192s][info][gc,cpu         ] GC(2939) User=0.00s Sys=0.00s Real=0.00s
[1017.374s][info][gc,start       ] GC(2940) Pause Young (Allocation Failure)
[1017.375s][info][gc,heap        ] GC(2940) PSYoungGen: 291392K(310784K)->64K(311808K) Eden: 291328K(291328K)->0K(291328K) From: 64K(19456K)->64K(20480K)
[1017.375s][info][gc,heap        ] GC(2940) ParOldGen: 221295K(221696K)->221311K(221696K)
[1017.375s][info][gc,metaspace   ] GC(2940) Metaspace: 35575K(36352K)->35575K(36352K) NonClass: 29304K(29888K)->29304K(29888K) Class: 6271K(6464K)->6271K(6464K)
[1017.375s][info][gc             ] GC(2940) Pause Young (Allocation Failure) 500M->216M(521M) 1.004ms
[1017.375s][info][gc,cpu         ] GC(2940) User=0.00s Sys=0.00s Real=0.01s
[1017.554s][info][gc,start       ] GC(2941) Pause Young (Allocation Failure)
[1017.555s][info][gc,heap        ] GC(2941) PSYoungGen: 291392K(311808K)->64K(311296K) Eden: 291328K(291328K)->0K(293888K) From: 64K(20480K)->64K(17408K)
[1017.555s][info][gc,heap        ] GC(2941) ParOldGen: 221311K(221696K)->221311K(221696K)
[1017.555s][info][gc,metaspace   ] GC(2941) Metaspace: 35575K(36352K)->35575K(36352K) NonClass: 29304K(29888K)->29304K(29888K) Class: 6271K(6464K)->6271K(6464K)
[1017.555s][info][gc             ] GC(2941) Pause Young (Allocation Failure) 500M->216M(520M) 0.936ms
[1017.555s][info][gc,cpu         ] GC(2941) User=0.01s Sys=0.00s Real=0.01s
[1017.850s][info][gc,start       ] GC(2942) Pause Young (Allocation Failure)
[1017.851s][info][gc,heap        ] GC(2942) PSYoungGen: 293952K(311296K)->64K(312320K) Eden: 293888K(293888K)->0K(293888K) From: 64K(17408K)->64K(18432K)
[1017.851s][info][gc,heap        ] GC(2942) ParOldGen: 221311K(221696K)->221311K(221696K)
[1017.851s][info][gc,metaspace   ] GC(2942) Metaspace: 35575K(36352K)->35575K(36352K) NonClass: 29304K(29888K)->29304K(29888K) Class: 6271K(6464K)->6271K(6464K)
[1017.851s][info][gc             ] GC(2942) Pause Young (Allocation Failure) 503M->216M(521M) 0.987ms
[1017.851s][info][gc,cpu         ] GC(2942) User=0.00s Sys=0.00s Real=0.00s
[1017.970s][info][gc,start       ] GC(2943) Pause Young (Allocation Failure)
[1017.971s][info][gc,heap        ] GC(2943) PSYoungGen: 293952K(312320K)->64K(312832K) Eden: 293888K(293888K)->0K(297472K) From: 64K(18432K)->64K(15360K)
[1017.971s][info][gc,heap        ] GC(2943) ParOldGen: 221311K(221696K)->221319K(221696K)
[1017.971s][info][gc,metaspace   ] GC(2943) Metaspace: 35575K(36352K)->35575K(36352K) NonClass: 29304K(29888K)->29304K(29888K) Class: 6271K(6464K)->6271K(6464K)
[1017.971s][info][gc             ] GC(2943) Pause Young (Allocation Failure) 503M->216M(522M) 0.937ms
[1017.971s][info][gc,cpu         ] GC(2943) User=0.00s Sys=0.00s Real=0.00s
[1018.026s][info][gc,start       ] GC(2944) Pause Young (Allocation Failure)
[1018.026s][info][gc,heap        ] GC(2944) PSYoungGen: 297536K(312832K)->64K(314368K) Eden: 297472K(297472K)->0K(297472K) From: 64K(15360K)->64K(16896K)
[1018.026s][info][gc,heap        ] GC(2944) ParOldGen: 221319K(221696K)->221335K(221696K)
[1018.026s][info][gc,metaspace   ] GC(2944) Metaspace: 35575K(36352K)->35575K(36352K) NonClass: 29304K(29888K)->29304K(29888K) Class: 6271K(6464K)->6271K(6464K)
[1018.026s][info][gc             ] GC(2944) Pause Young (Allocation Failure) 506M->216M(523M) 0.926ms
[1018.026s][info][gc,cpu         ] GC(2944) User=0.00s Sys=0.00s Real=0.00s
[1018.161s][info][gc,start       ] GC(2945) Pause Young (Allocation Failure)
[1018.162s][info][gc,heap        ] GC(2945) PSYoungGen: 297536K(314368K)->64K(315392K) Eden: 297472K(297472K)->0K(301056K) From: 64K(16896K)->64K(14336K)
[1018.162s][info][gc,heap        ] GC(2945) ParOldGen: 221335K(221696K)->221335K(221696K)
[1018.162s][info][gc,metaspace   ] GC(2945) Metaspace: 35575K(36352K)->35575K(36352K) NonClass: 29304K(29888K)->29304K(29888K) Class: 6271K(6464K)->6271K(6464K)
[1018.162s][info][gc             ] GC(2945) Pause Young (Allocation Failure) 506M->216M(524M) 0.968ms
[1018.162s][info][gc,cpu         ] GC(2945) User=0.00s Sys=0.00s Real=0.00s
[1018.401s][info][gc,start       ] GC(2946) Pause Young (Allocation Failure)
[1018.402s][info][gc,heap        ] GC(2946) PSYoungGen: 301120K(315392K)->64K(316416K) Eden: 301056K(301056K)->0K(301056K) From: 64K(14336K)->64K(15360K)
[1018.402s][info][gc,heap        ] GC(2946) ParOldGen: 221335K(221696K)->221343K(221696K)
[1018.402s][info][gc,metaspace   ] GC(2946) Metaspace: 35575K(36352K)->35575K(36352K) NonClass: 29304K(29888K)->29304K(29888K) Class: 6271K(6464K)->6271K(6464K)
[1018.402s][info][gc             ] GC(2946) Pause Young (Allocation Failure) 510M->216M(525M) 0.938ms
[1018.402s][info][gc,cpu         ] GC(2946) User=0.00s Sys=0.00s Real=0.00s
[1018.550s][info][gc,start       ] GC(2947) Pause Young (Allocation Failure)
[1018.551s][info][gc,heap        ] GC(2947) PSYoungGen: 301120K(316416K)->64K(316416K) Eden: 301056K(301056K)->0K(304128K) From: 64K(15360K)->64K(12288K)
[1018.551s][info][gc,heap        ] GC(2947) ParOldGen: 221343K(221696K)->221351K(221696K)
[1018.551s][info][gc,metaspace   ] GC(2947) Metaspace: 35575K(36352K)->35575K(36352K) NonClass: 29304K(29888K)->29304K(29888K) Class: 6271K(6464K)->6271K(6464K)
[1018.551s][info][gc             ] GC(2947) Pause Young (Allocation Failure) 510M->216M(525M) 1.049ms
[1018.551s][info][gc,cpu         ] GC(2947) User=0.00s Sys=0.00s Real=0.00s
[1018.629s][info][gc,start       ] GC(2948) Pause Young (Allocation Failure)
[1018.630s][info][gc,heap        ] GC(2948) PSYoungGen: 304192K(316416K)->64K(317440K) Eden: 304128K(304128K)->0K(304128K) From: 64K(12288K)->64K(13312K)
[1018.630s][info][gc,heap        ] GC(2948) ParOldGen: 221351K(221696K)->221367K(221696K)
[1018.630s][info][gc,metaspace   ] GC(2948) Metaspace: 35575K(36352K)->35575K(36352K) NonClass: 29304K(29888K)->29304K(29888K) Class: 6271K(6464K)->6271K(6464K)
[1018.630s][info][gc             ] GC(2948) Pause Young (Allocation Failure) 513M->216M(526M) 0.973ms
[1018.630s][info][gc,cpu         ] GC(2948) User=0.00s Sys=0.00s Real=0.00s
[1018.793s][info][gc,start       ] GC(2949) Pause Young (Allocation Failure)
[1018.794s][info][gc,heap        ] GC(2949) PSYoungGen: 304192K(317440K)->64K(292352K) Eden: 304128K(304128K)->0K(291840K) From: 64K(13312K)->64K(512K)
[1018.794s][info][gc,heap        ] GC(2949) ParOldGen: 221367K(221696K)->221367K(221696K)
[1018.794s][info][gc,metaspace   ] GC(2949) Metaspace: 35575K(36352K)->35575K(36352K) NonClass: 29304K(29888K)->29304K(29888K) Class: 6271K(6464K)->6271K(6464K)
[1018.794s][info][gc             ] GC(2949) Pause Young (Allocation Failure) 513M->216M(502M) 0.905ms
[1018.794s][info][gc,cpu         ] GC(2949) User=0.00s Sys=0.00s Real=0.00s
[1019.699s][info][gc,start       ] GC(2950) Pause Young (Allocation Failure)
[1019.700s][info][gc,heap        ] GC(2950) PSYoungGen: 291893K(292352K)->83K(292352K) Eden: 291829K(291840K)->0K(280576K) From: 64K(512K)->83K(11776K)
[1019.700s][info][gc,heap        ] GC(2950) ParOldGen: 221367K(221696K)->221375K(221696K)
[1019.700s][info][gc,metaspace   ] GC(2950) Metaspace: 35575K(36352K)->35575K(36352K) NonClass: 29304K(29888K)->29304K(29888K) Class: 6271K(6464K)->6271K(6464K)
[1019.700s][info][gc             ] GC(2950) Pause Young (Allocation Failure) 501M->216M(502M) 0.921ms
[1019.700s][info][gc,cpu         ] GC(2950) User=0.00s Sys=0.00s Real=0.00s
[1020.500s][info][gc,start       ] GC(2951) Pause Young (Allocation Failure)
[1020.501s][info][gc,heap        ] GC(2951) PSYoungGen: 280659K(292352K)->64K(270336K) Eden: 280576K(280576K)->0K(269824K) From: 83K(11776K)->64K(512K)
[1020.501s][info][gc,heap        ] GC(2951) ParOldGen: 221375K(221696K)->221383K(221696K)
[1020.501s][info][gc,metaspace   ] GC(2951) Metaspace: 35575K(36352K)->35575K(36352K) NonClass: 29304K(29888K)->29304K(29888K) Class: 6271K(6464K)->6271K(6464K)
[1020.501s][info][gc             ] GC(2951) Pause Young (Allocation Failure) 490M->216M(480M) 1.013ms
[1020.502s][info][gc,cpu         ] GC(2951) User=0.00s Sys=0.00s Real=0.00s
[1020.668s][info][gc,start       ] GC(2952) Pause Young (Allocation Failure)
[1020.669s][info][gc,heap        ] GC(2952) PSYoungGen: 269888K(270336K)->64K(270336K) Eden: 269824K(269824K)->0K(259584K) From: 64K(512K)->64K(10752K)
[1020.669s][info][gc,heap        ] GC(2952) ParOldGen: 221383K(221696K)->221391K(221696K)
[1020.669s][info][gc,metaspace   ] GC(2952) Metaspace: 35575K(36352K)->35575K(36352K) NonClass: 29304K(29888K)->29304K(29888K) Class: 6271K(6464K)->6271K(6464K)
[1020.669s][info][gc             ] GC(2952) Pause Young (Allocation Failure) 479M->216M(480M) 0.817ms
[1020.669s][info][gc,cpu         ] GC(2952) User=0.00s Sys=0.00s Real=0.00s
[1021.082s][info][gc,start       ] GC(2953) Pause Young (Allocation Failure)
[1021.083s][info][gc,heap        ] GC(2953) PSYoungGen: 259648K(270336K)->64K(250368K) Eden: 259584K(259584K)->0K(249856K) From: 64K(10752K)->64K(512K)
[1021.083s][info][gc,heap        ] GC(2953) ParOldGen: 221391K(221696K)->221399K(221696K)
[1021.083s][info][gc,metaspace   ] GC(2953) Metaspace: 35575K(36352K)->35575K(36352K) NonClass: 29304K(29888K)->29304K(29888K) Class: 6271K(6464K)->6271K(6464K)
[1021.083s][info][gc             ] GC(2953) Pause Young (Allocation Failure) 469M->216M(461M) 1.096ms
[1021.083s][info][gc,cpu         ] GC(2953) User=0.00s Sys=0.00s Real=0.00s
[1021.970s][info][gc,start       ] GC(2954) Pause Young (Allocation Failure)
[1021.971s][info][gc,heap        ] GC(2954) PSYoungGen: 249920K(250368K)->64K(249344K) Eden: 249856K(249856K)->0K(240128K) From: 64K(512K)->64K(9216K)
[1021.971s][info][gc,heap        ] GC(2954) ParOldGen: 221399K(221696K)->221407K(221696K)
[1021.971s][info][gc,metaspace   ] GC(2954) Metaspace: 35575K(36352K)->35575K(36352K) NonClass: 29304K(29888K)->29304K(29888K) Class: 6271K(6464K)->6271K(6464K)
[1021.971s][info][gc             ] GC(2954) Pause Young (Allocation Failure) 460M->216M(460M) 1.002ms
[1021.971s][info][gc,cpu         ] GC(2954) User=0.00s Sys=0.00s Real=0.00s
[1022.166s][info][gc,start       ] GC(2955) Pause Young (Allocation Failure)
[1022.167s][info][gc,heap        ] GC(2955) PSYoungGen: 240192K(249344K)->64K(231424K) Eden: 240128K(240128K)->0K(230912K) From: 64K(9216K)->64K(512K)
[1022.167s][info][gc,heap        ] GC(2955) ParOldGen: 221407K(221696K)->221415K(221696K)
[1022.167s][info][gc,metaspace   ] GC(2955) Metaspace: 35575K(36352K)->35575K(36352K) NonClass: 29304K(29888K)->29304K(29888K) Class: 6271K(6464K)->6271K(6464K)
[1022.167s][info][gc             ] GC(2955) Pause Young (Allocation Failure) 450M->216M(442M) 1.386ms
[1022.167s][info][gc,cpu         ] GC(2955) User=0.00s Sys=0.00s Real=0.00s
[1022.503s][info][gc,start       ] GC(2956) Pause Young (Allocation Failure)
[1022.504s][info][gc,heap        ] GC(2956) PSYoungGen: 230976K(231424K)->64K(230400K) Eden: 230912K(230912K)->0K(222208K) From: 64K(512K)->64K(8192K)
[1022.504s][info][gc,heap        ] GC(2956) ParOldGen: 221415K(221696K)->221423K(221696K)
[1022.504s][info][gc,metaspace   ] GC(2956) Metaspace: 35575K(36352K)->35575K(36352K) NonClass: 29304K(29888K)->29304K(29888K) Class: 6271K(6464K)->6271K(6464K)
[1022.504s][info][gc             ] GC(2956) Pause Young (Allocation Failure) 441M->216M(441M) 0.810ms
[1022.504s][info][gc,cpu         ] GC(2956) User=0.00s Sys=0.00s Real=0.00s
[1022.555s][info][gc,start       ] GC(2957) Pause Young (Allocation Failure)
[1022.556s][info][gc,heap        ] GC(2957) PSYoungGen: 222272K(230400K)->64K(214528K) Eden: 222208K(222208K)->0K(214016K) From: 64K(8192K)->64K(512K)
[1022.556s][info][gc,heap        ] GC(2957) ParOldGen: 221423K(221696K)->221439K(221696K)
[1022.556s][info][gc,metaspace   ] GC(2957) Metaspace: 35575K(36352K)->35575K(36352K) NonClass: 29304K(29888K)->29304K(29888K) Class: 6271K(6464K)->6271K(6464K)
[1022.556s][info][gc             ] GC(2957) Pause Young (Allocation Failure) 433M->216M(426M) 1.242ms
[1022.556s][info][gc,cpu         ] GC(2957) User=0.00s Sys=0.01s Real=0.00s
[1022.830s][info][gc,start       ] GC(2958) Pause Young (Allocation Failure)
[1022.831s][info][gc,heap        ] GC(2958) PSYoungGen: 214080K(214528K)->64K(213504K) Eden: 214016K(214016K)->0K(206336K) From: 64K(512K)->64K(7168K)
[1022.831s][info][gc,heap        ] GC(2958) ParOldGen: 221439K(221696K)->221439K(221696K)
[1022.831s][info][gc,metaspace   ] GC(2958) Metaspace: 35575K(36352K)->35575K(36352K) NonClass: 29304K(29888K)->29304K(29888K) Class: 6271K(6464K)->6271K(6464K)
[1022.831s][info][gc             ] GC(2958) Pause Young (Allocation Failure) 425M->216M(425M) 0.843ms
[1022.831s][info][gc,cpu         ] GC(2958) User=0.00s Sys=0.00s Real=0.00s
[1023.216s][info][gc,start       ] GC(2959) Pause Young (Allocation Failure)
[1023.218s][info][gc,heap        ] GC(2959) PSYoungGen: 206400K(213504K)->64K(199168K) Eden: 206336K(206336K)->0K(198656K) From: 64K(7168K)->64K(512K)
[1023.218s][info][gc,heap        ] GC(2959) ParOldGen: 221439K(221696K)->221447K(221696K)
[1023.218s][info][gc,metaspace   ] GC(2959) Metaspace: 35575K(36352K)->35575K(36352K) NonClass: 29304K(29888K)->29304K(29888K) Class: 6271K(6464K)->6271K(6464K)
[1023.218s][info][gc             ] GC(2959) Pause Young (Allocation Failure) 417M->216M(411M) 1.338ms
[1023.218s][info][gc,cpu         ] GC(2959) User=0.00s Sys=0.00s Real=0.00s
[1023.398s][info][gc,start       ] GC(2960) Pause Young (Allocation Failure)
[1023.399s][info][gc,heap        ] GC(2960) PSYoungGen: 198720K(199168K)->64K(197632K) Eden: 198656K(198656K)->0K(191488K) From: 64K(512K)->64K(6144K)
[1023.399s][info][gc,heap        ] GC(2960) ParOldGen: 221447K(221696K)->221455K(221696K)
[1023.399s][info][gc,metaspace   ] GC(2960) Metaspace: 35575K(36352K)->35575K(36352K) NonClass: 29304K(29888K)->29304K(29888K) Class: 6271K(6464K)->6271K(6464K)
[1023.399s][info][gc             ] GC(2960) Pause Young (Allocation Failure) 410M->216M(409M) 1.109ms
[1023.399s][info][gc,cpu         ] GC(2960) User=0.00s Sys=0.00s Real=0.00s
[1023.639s][info][gc,start       ] GC(2961) Pause Young (Allocation Failure)
[1023.664s][info][gc,heap        ] GC(2961) PSYoungGen: 191552K(197632K)->5632K(234496K) Eden: 191488K(191488K)->0K(228864K) From: 64K(6144K)->5632K(5632K)
[1023.664s][info][gc,heap        ] GC(2961) ParOldGen: 221455K(221696K)->229711K(229888K)
[1023.664s][info][gc,metaspace   ] GC(2961) Metaspace: 35575K(36352K)->35575K(36352K) NonClass: 29304K(29888K)->29304K(29888K) Class: 6271K(6464K)->6271K(6464K)
[1023.664s][info][gc             ] GC(2961) Pause Young (Allocation Failure) 403M->229M(453M) 24.998ms
[1023.664s][info][gc,cpu         ] GC(2961) User=0.04s Sys=0.00s Real=0.02s
[1023.894s][info][gc,start       ] GC(2962) Pause Young (Allocation Failure)
[1023.940s][info][gc,heap        ] GC(2962) PSYoungGen: 234496K(234496K)->10240K(269824K) Eden: 228864K(228864K)->0K(259584K) From: 5632K(5632K)->10240K(10240K)
[1023.940s][info][gc,heap        ] GC(2962) ParOldGen: 229711K(229888K)->244007K(244224K)
[1023.940s][info][gc,metaspace   ] GC(2962) Metaspace: 35575K(36352K)->35575K(36352K) NonClass: 29304K(29888K)->29304K(29888K) Class: 6271K(6464K)->6271K(6464K)
[1023.940s][info][gc             ] GC(2962) Pause Young (Allocation Failure) 453M->248M(502M) 46.347ms
[1023.940s][info][gc,cpu         ] GC(2962) User=0.07s Sys=0.02s Real=0.05s
[1024.202s][info][gc,start       ] GC(2963) Pause Young (Allocation Failure)
[1024.259s][info][gc,heap        ] GC(2963) PSYoungGen: 269824K(269824K)->17408K(284160K) Eden: 259584K(259584K)->0K(266752K) From: 10240K(10240K)->17408K(17408K)
[1024.259s][info][gc,heap        ] GC(2963) ParOldGen: 244007K(244224K)->254583K(254976K)
[1024.259s][info][gc,metaspace   ] GC(2963) Metaspace: 35575K(36352K)->35575K(36352K) NonClass: 29304K(29888K)->29304K(29888K) Class: 6271K(6464K)->6271K(6464K)
[1024.259s][info][gc             ] GC(2963) Pause Young (Allocation Failure) 501M->265M(526M) 57.288ms
[1024.259s][info][gc,cpu         ] GC(2963) User=0.09s Sys=0.02s Real=0.06s
[1024.346s][info][gc,start       ] GC(2964) Pause Young (Allocation Failure)
[1024.355s][info][gc,heap        ] GC(2964) PSYoungGen: 284160K(284160K)->3424K(291840K) Eden: 266752K(266752K)->0K(266752K) From: 17408K(17408K)->3424K(25088K)
[1024.355s][info][gc,heap        ] GC(2964) ParOldGen: 254583K(254976K)->254967K(254976K)
[1024.355s][info][gc,metaspace   ] GC(2964) Metaspace: 35575K(36352K)->35575K(36352K) NonClass: 29304K(29888K)->29304K(29888K) Class: 6271K(6464K)->6271K(6464K)
[1024.355s][info][gc             ] GC(2964) Pause Young (Allocation Failure) 526M->252M(534M) 8.459ms
[1024.355s][info][gc,cpu         ] GC(2964) User=0.02s Sys=0.00s Real=0.01s
[1024.784s][info][gc,start       ] GC(2965) Pause Young (Allocation Failure)
[1024.785s][info][gc,heap        ] GC(2965) PSYoungGen: 270176K(291840K)->64K(305664K) Eden: 266752K(266752K)->0K(284672K) From: 3424K(25088K)->64K(20992K)
[1024.785s][info][gc,heap        ] GC(2965) ParOldGen: 254967K(254976K)->254975K(254976K)
[1024.785s][info][gc,metaspace   ] GC(2965) Metaspace: 35575K(36352K)->35575K(36352K) NonClass: 29304K(29888K)->29304K(29888K) Class: 6271K(6464K)->6271K(6464K)
[1024.785s][info][gc             ] GC(2965) Pause Young (Allocation Failure) 512M->249M(547M) 1.228ms
[1024.785s][info][gc,cpu         ] GC(2965) User=0.00s Sys=0.00s Real=0.01s
[1025.301s][info][gc,start       ] GC(2966) Pause Young (Allocation Failure)
[1025.302s][info][gc,heap        ] GC(2966) PSYoungGen: 284736K(305664K)->64K(307712K) Eden: 284672K(284672K)->0K(284672K) From: 64K(20992K)->64K(23040K)
[1025.302s][info][gc,heap        ] GC(2966) ParOldGen: 254975K(254976K)->254983K(255488K)
[1025.302s][info][gc,metaspace   ] GC(2966) Metaspace: 35575K(36352K)->35575K(36352K) NonClass: 29304K(29888K)->29304K(29888K) Class: 6271K(6464K)->6271K(6464K)
[1025.302s][info][gc             ] GC(2966) Pause Young (Allocation Failure) 527M->249M(550M) 1.077ms
[1025.302s][info][gc,cpu         ] GC(2966) User=0.00s Sys=0.00s Real=0.00s
[1025.671s][info][gc,start       ] GC(2967) Pause Young (Allocation Failure)
[1025.672s][info][gc,heap        ] GC(2967) PSYoungGen: 284736K(307712K)->64K(308224K) Eden: 284672K(284672K)->0K(288256K) From: 64K(23040K)->64K(19968K)
[1025.672s][info][gc,heap        ] GC(2967) ParOldGen: 254983K(255488K)->254999K(255488K)
[1025.672s][info][gc,metaspace   ] GC(2967) Metaspace: 35575K(36352K)->35575K(36352K) NonClass: 29304K(29888K)->29304K(29888K) Class: 6271K(6464K)->6271K(6464K)
[1025.672s][info][gc             ] GC(2967) Pause Young (Allocation Failure) 527M->249M(550M) 0.975ms
[1025.672s][info][gc,cpu         ] GC(2967) User=0.00s Sys=0.00s Real=0.00s
[1025.853s][info][gc,start       ] GC(2968) Pause Young (Allocation Failure)
[1025.854s][info][gc,heap        ] GC(2968) PSYoungGen: 288320K(308224K)->64K(309760K) Eden: 288256K(288256K)->0K(288256K) From: 64K(19968K)->64K(21504K)
[1025.854s][info][gc,heap        ] GC(2968) ParOldGen: 254999K(255488K)->255015K(255488K)
[1025.854s][info][gc,metaspace   ] GC(2968) Metaspace: 35575K(36352K)->35575K(36352K) NonClass: 29304K(29888K)->29304K(29888K) Class: 6271K(6464K)->6271K(6464K)
[1025.854s][info][gc             ] GC(2968) Pause Young (Allocation Failure) 530M->249M(552M) 1.034ms
[1025.854s][info][gc,cpu         ] GC(2968) User=0.00s Sys=0.00s Real=0.00s
[1026.031s][info][gc,start       ] GC(2969) Pause Young (Allocation Failure)
[1026.032s][info][gc,heap        ] GC(2969) PSYoungGen: 288320K(309760K)->64K(309760K) Eden: 288256K(288256K)->0K(291840K) From: 64K(21504K)->64K(17920K)
[1026.032s][info][gc,heap        ] GC(2969) ParOldGen: 255015K(255488K)->255015K(255488K)
[1026.032s][info][gc,metaspace   ] GC(2969) Metaspace: 35575K(36352K)->35575K(36352K) NonClass: 29304K(29888K)->29304K(29888K) Class: 6271K(6464K)->6271K(6464K)
[1026.032s][info][gc             ] GC(2969) Pause Young (Allocation Failure) 530M->249M(552M) 1.005ms
[1026.032s][info][gc,cpu         ] GC(2969) User=0.00s Sys=0.00s Real=0.00s
[1026.342s][info][gc,start       ] GC(2970) Pause Young (Allocation Failure)
[1026.343s][info][gc,heap        ] GC(2970) PSYoungGen: 291904K(309760K)->64K(311296K) Eden: 291840K(291840K)->0K(291840K) From: 64K(17920K)->64K(19456K)
[1026.343s][info][gc,heap        ] GC(2970) ParOldGen: 255015K(255488K)->255015K(255488K)
[1026.343s][info][gc,metaspace   ] GC(2970) Metaspace: 35575K(36352K)->35575K(36352K) NonClass: 29304K(29888K)->29304K(29888K) Class: 6271K(6464K)->6271K(6464K)
[1026.343s][info][gc             ] GC(2970) Pause Young (Allocation Failure) 534M->249M(553M) 1.010ms
[1026.343s][info][gc,cpu         ] GC(2970) User=0.00s Sys=0.00s Real=0.00s
[1026.426s][info][gc,start       ] GC(2971) Pause Young (Allocation Failure)
[1026.427s][info][gc,heap        ] GC(2971) PSYoungGen: 291904K(311296K)->64K(311808K) Eden: 291840K(291840K)->0K(295424K) From: 64K(19456K)->64K(16384K)
[1026.427s][info][gc,heap        ] GC(2971) ParOldGen: 255015K(255488K)->255023K(255488K)
[1026.427s][info][gc,metaspace   ] GC(2971) Metaspace: 35575K(36352K)->35575K(36352K) NonClass: 29304K(29888K)->29304K(29888K) Class: 6271K(6464K)->6271K(6464K)
[1026.427s][info][gc             ] GC(2971) Pause Young (Allocation Failure) 534M->249M(554M) 1.016ms
[1026.427s][info][gc,cpu         ] GC(2971) User=0.00s Sys=0.00s Real=0.00s
[1026.479s][info][gc,start       ] GC(2972) Pause Young (Allocation Failure)
[1026.480s][info][gc,heap        ] GC(2972) PSYoungGen: 295488K(311808K)->64K(313344K) Eden: 295424K(295424K)->0K(295424K) From: 64K(16384K)->64K(17920K)
[1026.480s][info][gc,heap        ] GC(2972) ParOldGen: 255023K(255488K)->255039K(255488K)
[1026.480s][info][gc,metaspace   ] GC(2972) Metaspace: 35575K(36352K)->35575K(36352K) NonClass: 29304K(29888K)->29304K(29888K) Class: 6271K(6464K)->6271K(6464K)
[1026.480s][info][gc             ] GC(2972) Pause Young (Allocation Failure) 537M->249M(555M) 0.945ms
[1026.480s][info][gc,cpu         ] GC(2972) User=0.00s Sys=0.00s Real=0.00s
[1026.642s][info][gc,start       ] GC(2973) Pause Young (Allocation Failure)
[1026.643s][info][gc,heap        ] GC(2973) PSYoungGen: 295488K(313344K)->64K(313344K) Eden: 295424K(295424K)->0K(299008K) From: 64K(17920K)->64K(14336K)
[1026.643s][info][gc,heap        ] GC(2973) ParOldGen: 255039K(255488K)->255039K(255488K)
[1026.643s][info][gc,metaspace   ] GC(2973) Metaspace: 35575K(36352K)->35575K(36352K) NonClass: 29304K(29888K)->29304K(29888K) Class: 6271K(6464K)->6271K(6464K)
[1026.643s][info][gc             ] GC(2973) Pause Young (Allocation Failure) 537M->249M(555M) 1.129ms
[1026.643s][info][gc,cpu         ] GC(2973) User=0.00s Sys=0.00s Real=0.00s
[1026.884s][info][gc,start       ] GC(2974) Pause Young (Allocation Failure)
[1026.885s][info][gc,heap        ] GC(2974) PSYoungGen: 299072K(313344K)->64K(314880K) Eden: 299008K(299008K)->0K(299008K) From: 64K(14336K)->64K(15872K)
[1026.885s][info][gc,heap        ] GC(2974) ParOldGen: 255039K(255488K)->255047K(255488K)
[1026.885s][info][gc,metaspace   ] GC(2974) Metaspace: 35575K(36352K)->35575K(36352K) NonClass: 29304K(29888K)->29304K(29888K) Class: 6271K(6464K)->6271K(6464K)
[1026.885s][info][gc             ] GC(2974) Pause Young (Allocation Failure) 541M->249M(557M) 1.203ms
[1026.885s][info][gc,cpu         ] GC(2974) User=0.00s Sys=0.00s Real=0.01s
[1027.025s][info][gc,start       ] GC(2975) Pause Young (Allocation Failure)
[1027.026s][info][gc,heap        ] GC(2975) PSYoungGen: 299072K(314880K)->64K(315392K) Eden: 299008K(299008K)->0K(303104K) From: 64K(15872K)->64K(12288K)
[1027.027s][info][gc,heap        ] GC(2975) ParOldGen: 255047K(255488K)->255055K(255488K)
[1027.027s][info][gc,metaspace   ] GC(2975) Metaspace: 35575K(36352K)->35575K(36352K) NonClass: 29304K(29888K)->29304K(29888K) Class: 6271K(6464K)->6271K(6464K)
[1027.027s][info][gc             ] GC(2975) Pause Young (Allocation Failure) 541M->249M(557M) 1.274ms
[1027.027s][info][gc,cpu         ] GC(2975) User=0.00s Sys=0.00s Real=0.00s
[1027.107s][info][gc,start       ] GC(2976) Pause Young (Allocation Failure)
[1027.108s][info][gc,heap        ] GC(2976) PSYoungGen: 303168K(315392K)->64K(316928K) Eden: 303104K(303104K)->0K(303104K) From: 64K(12288K)->64K(13824K)
[1027.108s][info][gc,heap        ] GC(2976) ParOldGen: 255055K(255488K)->255063K(255488K)
[1027.108s][info][gc,metaspace   ] GC(2976) Metaspace: 35575K(36352K)->35575K(36352K) NonClass: 29304K(29888K)->29304K(29888K) Class: 6271K(6464K)->6271K(6464K)
[1027.108s][info][gc             ] GC(2976) Pause Young (Allocation Failure) 545M->249M(559M) 1.239ms
[1027.108s][info][gc,cpu         ] GC(2976) User=0.01s Sys=0.00s Real=0.00s
[1027.292s][info][gc,start       ] GC(2977) Pause Young (Allocation Failure)
[1027.293s][info][gc,heap        ] GC(2977) PSYoungGen: 303168K(316928K)->64K(317440K) Eden: 303104K(303104K)->0K(306688K) From: 64K(13824K)->64K(10752K)
[1027.293s][info][gc,heap        ] GC(2977) ParOldGen: 255063K(255488K)->255071K(255488K)
[1027.293s][info][gc,metaspace   ] GC(2977) Metaspace: 35575K(36352K)->35575K(36352K) NonClass: 29304K(29888K)->29304K(29888K) Class: 6271K(6464K)->6271K(6464K)
[1027.293s][info][gc             ] GC(2977) Pause Young (Allocation Failure) 545M->249M(559M) 1.227ms
[1027.293s][info][gc,cpu         ] GC(2977) User=0.00s Sys=0.00s Real=0.00s
[1028.196s][info][gc,start       ] GC(2978) Pause Young (Allocation Failure)
[1028.197s][info][gc,heap        ] GC(2978) PSYoungGen: 306752K(317440K)->64K(294912K) Eden: 306688K(306688K)->0K(294400K) From: 64K(10752K)->64K(512K)
[1028.197s][info][gc,heap        ] GC(2978) ParOldGen: 255071K(255488K)->255079K(255488K)
[1028.197s][info][gc,metaspace   ] GC(2978) Metaspace: 35575K(36352K)->35575K(36352K) NonClass: 29304K(29888K)->29304K(29888K) Class: 6271K(6464K)->6271K(6464K)
[1028.197s][info][gc             ] GC(2978) Pause Young (Allocation Failure) 548M->249M(537M) 1.216ms
[1028.197s][info][gc,cpu         ] GC(2978) User=0.00s Sys=0.00s Real=0.00s
[1029.035s][info][gc,start       ] GC(2979) Pause Young (Allocation Failure)
[1029.036s][info][gc,heap        ] GC(2979) PSYoungGen: 294464K(294912K)->64K(283136K) Eden: 294400K(294400K)->0K(282624K) From: 64K(512K)->64K(512K)
[1029.036s][info][gc,heap        ] GC(2979) ParOldGen: 255079K(255488K)->255087K(255488K)
[1029.036s][info][gc,metaspace   ] GC(2979) Metaspace: 35575K(36352K)->35575K(36352K) NonClass: 29304K(29888K)->29304K(29888K) Class: 6271K(6464K)->6271K(6464K)
[1029.036s][info][gc             ] GC(2979) Pause Young (Allocation Failure) 536M->249M(526M) 1.243ms
[1029.036s][info][gc,cpu         ] GC(2979) User=0.00s Sys=0.00s Real=0.00s
[1029.308s][info][gc,start       ] GC(2980) Pause Young (Allocation Failure)
[1029.309s][info][gc,heap        ] GC(2980) PSYoungGen: 282688K(283136K)->64K(282112K) Eden: 282624K(282624K)->0K(271360K) From: 64K(512K)->64K(10752K)
[1029.310s][info][gc,heap        ] GC(2980) ParOldGen: 255087K(255488K)->255095K(255488K)
[1029.310s][info][gc,metaspace   ] GC(2980) Metaspace: 35575K(36352K)->35575K(36352K) NonClass: 29304K(29888K)->29304K(29888K) Class: 6271K(6464K)->6271K(6464K)
[1029.310s][info][gc             ] GC(2980) Pause Young (Allocation Failure) 525M->249M(525M) 1.187ms
[1029.310s][info][gc,cpu         ] GC(2980) User=0.00s Sys=0.00s Real=0.00s
[1029.744s][info][gc,start       ] GC(2981) Pause Young (Allocation Failure)
[1029.746s][info][gc,heap        ] GC(2981) PSYoungGen: 271424K(282112K)->32K(261120K) Eden: 271360K(271360K)->0K(260608K) From: 64K(10752K)->32K(512K)
[1029.746s][info][gc,heap        ] GC(2981) ParOldGen: 255095K(255488K)->255103K(255488K)
[1029.746s][info][gc,metaspace   ] GC(2981) Metaspace: 35575K(36352K)->35575K(36352K) NonClass: 29304K(29888K)->29304K(29888K) Class: 6271K(6464K)->6271K(6464K)
[1029.746s][info][gc             ] GC(2981) Pause Young (Allocation Failure) 514M->249M(504M) 2.715ms
[1029.746s][info][gc,cpu         ] GC(2981) User=0.01s Sys=0.00s Real=0.01s
[1030.644s][info][gc,start       ] GC(2982) Pause Young (Allocation Failure)
[1030.646s][info][gc,heap        ] GC(2982) PSYoungGen: 260640K(261120K)->32K(260096K) Eden: 260608K(260608K)->0K(250368K) From: 32K(512K)->32K(9728K)
[1030.646s][info][gc,heap        ] GC(2982) ParOldGen: 255103K(255488K)->255111K(255488K)
[1030.646s][info][gc,metaspace   ] GC(2982) Metaspace: 35575K(36352K)->35575K(36352K) NonClass: 29304K(29888K)->29304K(29888K) Class: 6271K(6464K)->6271K(6464K)
[1030.646s][info][gc             ] GC(2982) Pause Young (Allocation Failure) 503M->249M(503M) 1.978ms
[1030.646s][info][gc,cpu         ] GC(2982) User=0.00s Sys=0.00s Real=0.01s
[1030.996s][info][gc,start       ] GC(2983) Pause Young (Allocation Failure)
[1030.999s][info][gc,heap        ] GC(2983) PSYoungGen: 250400K(260096K)->32K(241152K) Eden: 250368K(250368K)->0K(240640K) From: 32K(9728K)->32K(512K)
[1030.999s][info][gc,heap        ] GC(2983) ParOldGen: 255111K(255488K)->255119K(255488K)
[1030.999s][info][gc,metaspace   ] GC(2983) Metaspace: 35575K(36352K)->35575K(36352K) NonClass: 29304K(29888K)->29304K(29888K) Class: 6271K(6464K)->6271K(6464K)
[1030.999s][info][gc             ] GC(2983) Pause Young (Allocation Failure) 493M->249M(485M) 2.972ms
[1030.999s][info][gc,cpu         ] GC(2983) User=0.00s Sys=0.00s Real=0.00s
[1031.154s][info][gc,start       ] GC(2984) Pause Young (Allocation Failure)
[1031.156s][info][gc,heap        ] GC(2984) PSYoungGen: 240672K(241152K)->64K(239616K) Eden: 240640K(240640K)->0K(231424K) From: 32K(512K)->64K(8192K)
[1031.156s][info][gc,heap        ] GC(2984) ParOldGen: 255119K(255488K)->255127K(255488K)
[1031.156s][info][gc,metaspace   ] GC(2984) Metaspace: 35575K(36352K)->35575K(36352K) NonClass: 29304K(29888K)->29304K(29888K) Class: 6271K(6464K)->6271K(6464K)
[1031.156s][info][gc             ] GC(2984) Pause Young (Allocation Failure) 484M->249M(483M) 1.577ms
[1031.156s][info][gc,cpu         ] GC(2984) User=0.00s Sys=0.00s Real=0.01s
[1031.247s][info][gc,start       ] GC(2985) Pause Young (Allocation Failure)
[1031.248s][info][gc,heap        ] GC(2985) PSYoungGen: 231488K(239616K)->64K(223232K) Eden: 231424K(231424K)->0K(222720K) From: 64K(8192K)->64K(512K)
[1031.248s][info][gc,heap        ] GC(2985) ParOldGen: 255127K(255488K)->255135K(255488K)
[1031.248s][info][gc,metaspace   ] GC(2985) Metaspace: 35575K(36352K)->35575K(36352K) NonClass: 29304K(29888K)->29304K(29888K) Class: 6271K(6464K)->6271K(6464K)
[1031.248s][info][gc             ] GC(2985) Pause Young (Allocation Failure) 475M->249M(467M) 1.624ms
[1031.248s][info][gc,cpu         ] GC(2985) User=0.00s Sys=0.00s Real=0.00s
[1031.840s][info][gc,start       ] GC(2986) Pause Young (Allocation Failure)
[1031.841s][info][gc,heap        ] GC(2986) PSYoungGen: 222784K(223232K)->64K(221696K) Eden: 222720K(222720K)->0K(214528K) From: 64K(512K)->64K(7168K)
[1031.841s][info][gc,heap        ] GC(2986) ParOldGen: 255135K(255488K)->255143K(255488K)
[1031.841s][info][gc,metaspace   ] GC(2986) Metaspace: 35575K(36352K)->35575K(36352K) NonClass: 29304K(29888K)->29304K(29888K) Class: 6271K(6464K)->6271K(6464K)
[1031.841s][info][gc             ] GC(2986) Pause Young (Allocation Failure) 466M->249M(466M) 1.126ms
[1031.841s][info][gc,cpu         ] GC(2986) User=0.00s Sys=0.00s Real=0.00s
[1031.999s][info][gc,start       ] GC(2987) Pause Young (Allocation Failure)
[1032.001s][info][gc,heap        ] GC(2987) PSYoungGen: 214592K(221696K)->64K(207360K) Eden: 214528K(214528K)->0K(206848K) From: 64K(7168K)->64K(512K)
[1032.001s][info][gc,heap        ] GC(2987) ParOldGen: 255143K(255488K)->255151K(255488K)
[1032.001s][info][gc,metaspace   ] GC(2987) Metaspace: 35575K(36352K)->35575K(36352K) NonClass: 29304K(29888K)->29304K(29888K) Class: 6271K(6464K)->6271K(6464K)
[1032.001s][info][gc             ] GC(2987) Pause Young (Allocation Failure) 458M->249M(452M) 1.601ms
[1032.001s][info][gc,cpu         ] GC(2987) User=0.00s Sys=0.00s Real=0.00s
[1032.281s][info][gc,start       ] GC(2988) Pause Young (Allocation Failure)
[1032.298s][info][gc,heap        ] GC(2988) PSYoungGen: 206912K(207360K)->6144K(252928K) Eden: 206848K(206848K)->0K(246784K) From: 64K(512K)->6144K(6144K)
[1032.298s][info][gc,heap        ] GC(2988) ParOldGen: 255151K(255488K)->258927K(259072K)
[1032.298s][info][gc,metaspace   ] GC(2988) Metaspace: 35575K(36352K)->35575K(36352K) NonClass: 29304K(29888K)->29304K(29888K) Class: 6271K(6464K)->6271K(6464K)
[1032.298s][info][gc             ] GC(2988) Pause Young (Allocation Failure) 451M->258M(500M) 17.260ms
[1032.298s][info][gc,cpu         ] GC(2988) User=0.03s Sys=0.00s Real=0.02s
[1032.564s][info][gc,start       ] GC(2989) Pause Young (Allocation Failure)
[1032.619s][info][gc,heap        ] GC(2989) PSYoungGen: 252928K(252928K)->6144K(261120K) Eden: 246784K(246784K)->0K(254976K) From: 6144K(6144K)->6144K(6144K)
[1032.619s][info][gc,heap        ] GC(2989) ParOldGen: 258927K(259072K)->279063K(279552K)
[1032.619s][info][gc,metaspace   ] GC(2989) Metaspace: 35575K(36352K)->35575K(36352K) NonClass: 29304K(29888K)->29304K(29888K) Class: 6271K(6464K)->6271K(6464K)
[1032.619s][info][gc             ] GC(2989) Pause Young (Allocation Failure) 499M->278M(528M) 54.242ms
[1032.619s][info][gc,cpu         ] GC(2989) User=0.09s Sys=0.02s Real=0.05s
[1032.894s][info][gc,start       ] GC(2990) Pause Young (Allocation Failure)
[1032.948s][info][gc,heap        ] GC(2990) PSYoungGen: 261120K(261120K)->17408K(272384K) Eden: 254976K(254976K)->0K(254976K) From: 6144K(6144K)->17408K(17408K)
[1032.948s][info][gc,heap        ] GC(2990) ParOldGen: 279063K(279552K)->289375K(289792K)
[1032.948s][info][gc,metaspace   ] GC(2990) Metaspace: 35575K(36352K)->35575K(36352K) NonClass: 29304K(29888K)->29304K(29888K) Class: 6271K(6464K)->6271K(6464K)
[1032.948s][info][gc             ] GC(2990) Pause Young (Allocation Failure) 527M->299M(549M) 53.186ms
[1032.948s][info][gc,cpu         ] GC(2990) User=0.10s Sys=0.00s Real=0.05s
[1033.056s][info][gc,start       ] GC(2991) Pause Young (Allocation Failure)
[1033.072s][info][gc,heap        ] GC(2991) PSYoungGen: 272384K(272384K)->5952K(310784K) Eden: 254976K(254976K)->0K(285696K) From: 17408K(17408K)->5952K(25088K)
[1033.072s][info][gc,heap        ] GC(2991) ParOldGen: 289375K(289792K)->289743K(289792K)
[1033.072s][info][gc,metaspace   ] GC(2991) Metaspace: 35575K(36352K)->35575K(36352K) NonClass: 29304K(29888K)->29304K(29888K) Class: 6271K(6464K)->6271K(6464K)
[1033.072s][info][gc             ] GC(2991) Pause Young (Allocation Failure) 548M->288M(586M) 15.388ms
[1033.072s][info][gc,cpu         ] GC(2991) User=0.03s Sys=0.01s Real=0.01s
[1033.506s][info][gc,start       ] GC(2992) Pause Young (Allocation Failure)
[1033.507s][info][gc,heap        ] GC(2992) PSYoungGen: 291648K(310784K)->64K(286208K) Eden: 285696K(285696K)->0K(285696K) From: 5952K(25088K)->64K(512K)
[1033.507s][info][gc,heap        ] GC(2992) ParOldGen: 289743K(289792K)->289751K(289792K)
[1033.507s][info][gc,metaspace   ] GC(2992) Metaspace: 35575K(36352K)->35575K(36352K) NonClass: 29304K(29888K)->29304K(29888K) Class: 6271K(6464K)->6271K(6464K)
[1033.508s][info][gc             ] GC(2992) Pause Young (Allocation Failure) 567M->283M(562M) 1.254ms
[1033.508s][info][gc,cpu         ] GC(2992) User=0.00s Sys=0.00s Real=0.00s
[1034.078s][info][gc,start       ] GC(2993) Pause Young (Allocation Failure)
[1034.079s][info][gc,heap        ] GC(2993) PSYoungGen: 285760K(286208K)->64K(308736K) Eden: 285696K(285696K)->0K(286208K) From: 64K(512K)->64K(22528K)
[1034.079s][info][gc,heap        ] GC(2993) ParOldGen: 289751K(289792K)->289759K(289792K)
[1034.079s][info][gc,metaspace   ] GC(2993) Metaspace: 35575K(36352K)->35575K(36352K) NonClass: 29304K(29888K)->29304K(29888K) Class: 6271K(6464K)->6271K(6464K)
[1034.079s][info][gc             ] GC(2993) Pause Young (Allocation Failure) 562M->283M(584M) 1.215ms
[1034.079s][info][gc,cpu         ] GC(2993) User=0.00s Sys=0.00s Real=0.00s
[1034.484s][info][gc,start       ] GC(2994) Pause Young (Allocation Failure)
[1034.485s][info][gc,heap        ] GC(2994) PSYoungGen: 286272K(308736K)->64K(308224K) Eden: 286208K(286208K)->0K(286208K) From: 64K(22528K)->64K(22016K)
[1034.485s][info][gc,heap        ] GC(2994) ParOldGen: 289759K(289792K)->289775K(289792K)
[1034.485s][info][gc,metaspace   ] GC(2994) Metaspace: 35575K(36352K)->35575K(36352K) NonClass: 29304K(29888K)->29304K(29888K) Class: 6271K(6464K)->6271K(6464K)
[1034.485s][info][gc             ] GC(2994) Pause Young (Allocation Failure) 562M->283M(584M) 1.178ms
[1034.485s][info][gc,cpu         ] GC(2994) User=0.00s Sys=0.00s Real=0.01s
[1034.675s][info][gc,start       ] GC(2995) Pause Young (Allocation Failure)
[1034.676s][info][gc,heap        ] GC(2995) PSYoungGen: 286272K(308224K)->64K(310784K) Eden: 286208K(286208K)->0K(289792K) From: 64K(22016K)->64K(20992K)
[1034.676s][info][gc,heap        ] GC(2995) ParOldGen: 289775K(289792K)->289791K(289792K)
[1034.676s][info][gc,metaspace   ] GC(2995) Metaspace: 35575K(36352K)->35575K(36352K) NonClass: 29304K(29888K)->29304K(29888K) Class: 6271K(6464K)->6271K(6464K)
[1034.676s][info][gc             ] GC(2995) Pause Young (Allocation Failure) 562M->283M(586M) 1.149ms
[1034.676s][info][gc,cpu         ] GC(2995) User=0.00s Sys=0.00s Real=0.00s
[1034.870s][info][gc,start       ] GC(2996) Pause Young (Allocation Failure)
[1034.871s][info][gc,heap        ] GC(2996) PSYoungGen: 289856K(310784K)->64K(310272K) Eden: 289792K(289792K)->0K(289792K) From: 64K(20992K)->64K(20480K)
[1034.871s][info][gc,heap        ] GC(2996) ParOldGen: 289791K(289792K)->289791K(289792K)
[1034.871s][info][gc,metaspace   ] GC(2996) Metaspace: 35575K(36352K)->35575K(36352K) NonClass: 29304K(29888K)->29304K(29888K) Class: 6271K(6464K)->6271K(6464K)
[1034.871s][info][gc             ] GC(2996) Pause Young (Allocation Failure) 566M->283M(586M) 1.330ms
[1034.871s][info][gc,cpu         ] GC(2996) User=0.01s Sys=0.00s Real=0.00s
[1035.190s][info][gc,start       ] GC(2997) Pause Young (Allocation Failure)
[1035.191s][info][gc,heap        ] GC(2997) PSYoungGen: 289856K(310272K)->64K(312320K) Eden: 289792K(289792K)->0K(293376K) From: 64K(20480K)->64K(18944K)
[1035.191s][info][gc,heap        ] GC(2997) ParOldGen: 289791K(289792K)->289791K(289792K)
[1035.191s][info][gc,metaspace   ] GC(2997) Metaspace: 35575K(36352K)->35575K(36352K) NonClass: 29304K(29888K)->29304K(29888K) Class: 6271K(6464K)->6271K(6464K)
[1035.191s][info][gc             ] GC(2997) Pause Young (Allocation Failure) 566M->283M(588M) 1.244ms
[1035.191s][info][gc,cpu         ] GC(2997) User=0.01s Sys=0.00s Real=0.00s
[1035.295s][info][gc,start       ] GC(2998) Pause Young (Allocation Failure)
[1035.296s][info][gc,heap        ] GC(2998) PSYoungGen: 293440K(312320K)->64K(311808K) Eden: 293376K(293376K)->0K(293376K) From: 64K(18944K)->64K(18432K)
[1035.296s][info][gc,heap        ] GC(2998) ParOldGen: 289791K(289792K)->289799K(290304K)
[1035.296s][info][gc,metaspace   ] GC(2998) Metaspace: 35575K(36352K)->35575K(36352K) NonClass: 29304K(29888K)->29304K(29888K) Class: 6271K(6464K)->6271K(6464K)
[1035.296s][info][gc             ] GC(2998) Pause Young (Allocation Failure) 569M->283M(588M) 1.238ms
[1035.296s][info][gc,cpu         ] GC(2998) User=0.00s Sys=0.00s Real=0.00s
[1035.350s][info][gc,start       ] GC(2999) Pause Young (Allocation Failure)
[1035.351s][info][gc,heap        ] GC(2999) PSYoungGen: 293440K(311808K)->64K(314368K) Eden: 293376K(293376K)->0K(296960K) From: 64K(18432K)->64K(17408K)
[1035.351s][info][gc,heap        ] GC(2999) ParOldGen: 289799K(290304K)->289815K(290304K)
[1035.351s][info][gc,metaspace   ] GC(2999) Metaspace: 35575K(36352K)->35575K(36352K) NonClass: 29304K(29888K)->29304K(29888K) Class: 6271K(6464K)->6271K(6464K)
[1035.351s][info][gc             ] GC(2999) Pause Young (Allocation Failure) 569M->283M(590M) 1.221ms
[1035.351s][info][gc,cpu         ] GC(2999) User=0.00s Sys=0.00s Real=0.00s
[1035.512s][info][gc,start       ] GC(3000) Pause Young (Allocation Failure)
[1035.513s][info][gc,heap        ] GC(3000) PSYoungGen: 297024K(314368K)->64K(313856K) Eden: 296960K(296960K)->0K(296960K) From: 64K(17408K)->64K(16896K)
[1035.513s][info][gc,heap        ] GC(3000) ParOldGen: 289815K(290304K)->289815K(290304K)
[1035.513s][info][gc,metaspace   ] GC(3000) Metaspace: 35575K(36352K)->35575K(36352K) NonClass: 29304K(29888K)->29304K(29888K) Class: 6271K(6464K)->6271K(6464K)
[1035.513s][info][gc             ] GC(3000) Pause Young (Allocation Failure) 573M->283M(590M) 1.233ms
[1035.513s][info][gc,cpu         ] GC(3000) User=0.01s Sys=0.00s Real=0.00s
[1035.756s][info][gc,start       ] GC(3001) Pause Young (Allocation Failure)
[1035.757s][info][gc,heap        ] GC(3001) PSYoungGen: 297024K(313856K)->64K(315904K) Eden: 296960K(296960K)->0K(300544K) From: 64K(16896K)->64K(15360K)
[1035.757s][info][gc,heap        ] GC(3001) ParOldGen: 289815K(290304K)->289823K(290304K)
[1035.757s][info][gc,metaspace   ] GC(3001) Metaspace: 35575K(36352K)->35575K(36352K) NonClass: 29304K(29888K)->29304K(29888K) Class: 6271K(6464K)->6271K(6464K)
[1035.757s][info][gc             ] GC(3001) Pause Young (Allocation Failure) 573M->283M(592M) 1.246ms
[1035.757s][info][gc,cpu         ] GC(3001) User=0.00s Sys=0.00s Real=0.00s
[1035.907s][info][gc,start       ] GC(3002) Pause Young (Allocation Failure)
[1035.909s][info][gc,heap        ] GC(3002) PSYoungGen: 300608K(315904K)->64K(315392K) Eden: 300544K(300544K)->0K(300544K) From: 64K(15360K)->64K(14848K)
[1035.909s][info][gc,heap        ] GC(3002) ParOldGen: 289823K(290304K)->289831K(290304K)
[1035.909s][info][gc,metaspace   ] GC(3002) Metaspace: 35575K(36352K)->35575K(36352K) NonClass: 29304K(29888K)->29304K(29888K) Class: 6271K(6464K)->6271K(6464K)
[1035.909s][info][gc             ] GC(3002) Pause Young (Allocation Failure) 576M->283M(591M) 1.321ms
[1035.909s][info][gc,cpu         ] GC(3002) User=0.00s Sys=0.00s Real=0.00s
[1035.989s][info][gc,start       ] GC(3003) Pause Young (Allocation Failure)
[1035.990s][info][gc,heap        ] GC(3003) PSYoungGen: 300608K(315392K)->64K(317952K) Eden: 300544K(300544K)->0K(304128K) From: 64K(14848K)->64K(13824K)
[1035.990s][info][gc,heap        ] GC(3003) ParOldGen: 289831K(290304K)->289847K(290304K)
[1035.990s][info][gc,metaspace   ] GC(3003) Metaspace: 35575K(36352K)->35575K(36352K) NonClass: 29304K(29888K)->29304K(29888K) Class: 6271K(6464K)->6271K(6464K)
[1035.990s][info][gc             ] GC(3003) Pause Young (Allocation Failure) 576M->283M(594M) 1.293ms
[1035.990s][info][gc,cpu         ] GC(3003) User=0.01s Sys=0.00s Real=0.00s
[1036.171s][info][gc,start       ] GC(3004) Pause Young (Allocation Failure)
[1036.172s][info][gc,heap        ] GC(3004) PSYoungGen: 304192K(317952K)->64K(317440K) Eden: 304128K(304128K)->0K(304128K) From: 64K(13824K)->64K(13312K)
[1036.172s][info][gc,heap        ] GC(3004) ParOldGen: 289847K(290304K)->289847K(290304K)
[1036.172s][info][gc,metaspace   ] GC(3004) Metaspace: 35575K(36352K)->35575K(36352K) NonClass: 29304K(29888K)->29304K(29888K) Class: 6271K(6464K)->6271K(6464K)
[1036.172s][info][gc             ] GC(3004) Pause Young (Allocation Failure) 580M->283M(593M) 1.297ms
[1036.172s][info][gc,cpu         ] GC(3004) User=0.01s Sys=0.00s Real=0.00s
[1037.121s][info][gc,start       ] GC(3005) Pause Young (Allocation Failure)
[1037.122s][info][gc,heap        ] GC(3005) PSYoungGen: 304192K(317440K)->83K(292352K) Eden: 304128K(304128K)->0K(291840K) From: 64K(13312K)->83K(512K)
[1037.122s][info][gc,heap        ] GC(3005) ParOldGen: 289847K(290304K)->289855K(290304K)
[1037.122s][info][gc,metaspace   ] GC(3005) Metaspace: 35575K(36352K)->35575K(36352K) NonClass: 29304K(29888K)->29304K(29888K) Class: 6271K(6464K)->6271K(6464K)
[1037.122s][info][gc             ] GC(3005) Pause Young (Allocation Failure) 580M->283M(569M) 1.307ms
[1037.122s][info][gc,cpu         ] GC(3005) User=0.00s Sys=0.00s Real=0.00s
[1037.976s][info][gc,start       ] GC(3006) Pause Young (Allocation Failure)
[1037.977s][info][gc,heap        ] GC(3006) PSYoungGen: 291923K(292352K)->64K(292352K) Eden: 291840K(291840K)->0K(280576K) From: 83K(512K)->64K(11776K)
[1037.977s][info][gc,heap        ] GC(3006) ParOldGen: 289855K(290304K)->289863K(290304K)
[1037.977s][info][gc,metaspace   ] GC(3006) Metaspace: 35575K(36352K)->35575K(36352K) NonClass: 29304K(29888K)->29304K(29888K) Class: 6271K(6464K)->6271K(6464K)
[1037.977s][info][gc             ] GC(3006) Pause Young (Allocation Failure) 568M->283M(569M) 1.231ms
[1037.977s][info][gc,cpu         ] GC(3006) User=0.01s Sys=0.00s Real=0.00s
[1038.209s][info][gc,start       ] GC(3007) Pause Young (Allocation Failure)
[1038.211s][info][gc,heap        ] GC(3007) PSYoungGen: 280640K(292352K)->64K(270336K) Eden: 280576K(280576K)->0K(269824K) From: 64K(11776K)->64K(512K)
[1038.211s][info][gc,heap        ] GC(3007) ParOldGen: 289863K(290304K)->289871K(290304K)
[1038.211s][info][gc,metaspace   ] GC(3007) Metaspace: 35575K(36352K)->35575K(36352K) NonClass: 29304K(29888K)->29304K(29888K) Class: 6271K(6464K)->6271K(6464K)
[1038.211s][info][gc             ] GC(3007) Pause Young (Allocation Failure) 557M->283M(547M) 1.788ms
[1038.211s][info][gc,cpu         ] GC(3007) User=0.00s Sys=0.00s Real=0.00s
[1038.618s][info][gc,start       ] GC(3008) Pause Young (Allocation Failure)
[1038.620s][info][gc,heap        ] GC(3008) PSYoungGen: 269888K(270336K)->64K(269824K) Eden: 269824K(269824K)->0K(259584K) From: 64K(512K)->64K(10240K)
[1038.620s][info][gc,heap        ] GC(3008) ParOldGen: 289871K(290304K)->289879K(290304K)
[1038.620s][info][gc,metaspace   ] GC(3008) Metaspace: 35575K(36352K)->35575K(36352K) NonClass: 29304K(29888K)->29304K(29888K) Class: 6271K(6464K)->6271K(6464K)
[1038.620s][info][gc             ] GC(3008) Pause Young (Allocation Failure) 546M->283M(547M) 1.696ms
[1038.620s][info][gc,cpu         ] GC(3008) User=0.00s Sys=0.00s Real=0.00s
[1039.570s][info][gc,start       ] GC(3009) Pause Young (Allocation Failure)
[1039.571s][info][gc,heap        ] GC(3009) PSYoungGen: 259648K(269824K)->64K(250368K) Eden: 259584K(259584K)->0K(249856K) From: 64K(10240K)->64K(512K)
[1039.571s][info][gc,heap        ] GC(3009) ParOldGen: 289879K(290304K)->289887K(290304K)
[1039.571s][info][gc,metaspace   ] GC(3009) Metaspace: 35575K(36352K)->35575K(36352K) NonClass: 29304K(29888K)->29304K(29888K) Class: 6271K(6464K)->6271K(6464K)
[1039.571s][info][gc             ] GC(3009) Pause Young (Allocation Failure) 536M->283M(528M) 1.711ms
[1039.571s][info][gc,cpu         ] GC(3009) User=0.00s Sys=0.00s Real=0.00s
[1039.937s][info][gc,start       ] GC(3010) Pause Young (Allocation Failure)
[1039.939s][info][gc,heap        ] GC(3010) PSYoungGen: 249920K(250368K)->64K(248832K) Eden: 249856K(249856K)->0K(240128K) From: 64K(512K)->64K(8704K)
[1039.939s][info][gc,heap        ] GC(3010) ParOldGen: 289887K(290304K)->289895K(290304K)
[1039.939s][info][gc,metaspace   ] GC(3010) Metaspace: 35575K(36352K)->35575K(36352K) NonClass: 29304K(29888K)->29304K(29888K) Class: 6271K(6464K)->6271K(6464K)
[1039.939s][info][gc             ] GC(3010) Pause Young (Allocation Failure) 527M->283M(526M) 1.582ms
[1039.939s][info][gc,cpu         ] GC(3010) User=0.00s Sys=0.00s Real=0.00s
[1040.106s][info][gc,start       ] GC(3011) Pause Young (Allocation Failure)
[1040.108s][info][gc,heap        ] GC(3011) PSYoungGen: 240192K(248832K)->64K(231424K) Eden: 240128K(240128K)->0K(230912K) From: 64K(8704K)->64K(512K)
[1040.108s][info][gc,heap        ] GC(3011) ParOldGen: 289895K(290304K)->289911K(290304K)
[1040.108s][info][gc,metaspace   ] GC(3011) Metaspace: 35575K(36352K)->35575K(36352K) NonClass: 29304K(29888K)->29304K(29888K) Class: 6271K(6464K)->6271K(6464K)
[1040.109s][info][gc             ] GC(3011) Pause Young (Allocation Failure) 517M->283M(509M) 2.746ms
[1040.109s][info][gc,cpu         ] GC(3011) User=0.00s Sys=0.00s Real=0.00s
[1040.186s][info][gc,start       ] GC(3012) Pause Young (Allocation Failure)
[1040.188s][info][gc,heap        ] GC(3012) PSYoungGen: 230976K(231424K)->32K(281600K) Eden: 230912K(230912K)->0K(273920K) From: 64K(512K)->32K(7680K)
[1040.188s][info][gc,heap        ] GC(3012) ParOldGen: 289911K(290304K)->289919K(290304K)
[1040.188s][info][gc,metaspace   ] GC(3012) Metaspace: 35575K(36352K)->35575K(36352K) NonClass: 29304K(29888K)->29304K(29888K) Class: 6271K(6464K)->6271K(6464K)
[1040.188s][info][gc             ] GC(3012) Pause Young (Allocation Failure) 508M->283M(558M) 1.758ms
[1040.188s][info][gc,cpu         ] GC(3012) User=0.01s Sys=0.00s Real=0.00s
[1040.815s][info][gc,start       ] GC(3013) Pause Young (Allocation Failure)
[1040.817s][info][gc,heap        ] GC(3013) PSYoungGen: 273952K(281600K)->64K(263680K) Eden: 273920K(273920K)->0K(263168K) From: 32K(7680K)->64K(512K)
[1040.818s][info][gc,heap        ] GC(3013) ParOldGen: 289919K(290304K)->289927K(290304K)
[1040.818s][info][gc,metaspace   ] GC(3013) Metaspace: 35575K(36352K)->35575K(36352K) NonClass: 29304K(29888K)->29304K(29888K) Class: 6271K(6464K)->6271K(6464K)
[1040.818s][info][gc             ] GC(3013) Pause Young (Allocation Failure) 550M->283M(541M) 2.208ms
[1040.818s][info][gc,cpu         ] GC(3013) User=0.00s Sys=0.00s Real=0.00s
[1041.047s][info][gc,start       ] GC(3014) Pause Young (Allocation Failure)
[1041.048s][info][gc,heap        ] GC(3014) PSYoungGen: 263232K(263680K)->64K(259584K) Eden: 263168K(263168K)->0K(252928K) From: 64K(512K)->64K(6656K)
[1041.048s][info][gc,heap        ] GC(3014) ParOldGen: 289927K(290304K)->289935K(290304K)
[1041.048s][info][gc,metaspace   ] GC(3014) Metaspace: 35575K(36352K)->35575K(36352K) NonClass: 29304K(29888K)->29304K(29888K) Class: 6271K(6464K)->6271K(6464K)
[1041.048s][info][gc             ] GC(3014) Pause Young (Allocation Failure) 540M->283M(537M) 1.290ms
[1041.048s][info][gc,cpu         ] GC(3014) User=0.00s Sys=0.00s Real=0.00s
[1041.358s][info][gc,start       ] GC(3015) Pause Young (Allocation Failure)
[1041.411s][info][gc,heap        ] GC(3015) PSYoungGen: 252992K(259584K)->6144K(272384K) Eden: 252928K(252928K)->0K(266240K) From: 64K(6656K)->6144K(6144K)
[1041.411s][info][gc,heap        ] GC(3015) ParOldGen: 289935K(290304K)->306079K(306176K)
[1041.411s][info][gc,metaspace   ] GC(3015) Metaspace: 35575K(36352K)->35575K(36352K) NonClass: 29304K(29888K)->29304K(29888K) Class: 6271K(6464K)->6271K(6464K)
[1041.411s][info][gc             ] GC(3015) Pause Young (Allocation Failure) 530M->304M(565M) 52.581ms
[1041.411s][info][gc,cpu         ] GC(3015) User=0.09s Sys=0.01s Real=0.05s
[1041.692s][info][gc,start       ] GC(3016) Pause Young (Allocation Failure)
[1041.749s][info][gc,heap        ] GC(3016) PSYoungGen: 272384K(272384K)->13824K(280064K) Eden: 266240K(266240K)->0K(266240K) From: 6144K(6144K)->13824K(13824K)
[1041.749s][info][gc,heap        ] GC(3016) ParOldGen: 306079K(306176K)->321039K(321536K)
[1041.749s][info][gc,metaspace   ] GC(3016) Metaspace: 35575K(36352K)->35575K(36352K) NonClass: 29304K(29888K)->29304K(29888K) Class: 6271K(6464K)->6271K(6464K)
[1041.749s][info][gc             ] GC(3016) Pause Young (Allocation Failure) 564M->327M(587M) 57.361ms
[1041.749s][info][gc,cpu         ] GC(3016) User=0.10s Sys=0.02s Real=0.06s
[1041.956s][info][gc,start       ] GC(3017) Pause Young (Allocation Failure)
[1041.999s][info][gc,heap        ] GC(3017) PSYoungGen: 280064K(280064K)->18496K(304640K) Eden: 266240K(266240K)->0K(282624K) From: 13824K(13824K)->18496K(22016K)
[1041.999s][info][gc,heap        ] GC(3017) ParOldGen: 321039K(321536K)->321583K(322048K)
[1041.999s][info][gc,metaspace   ] GC(3017) Metaspace: 35575K(36352K)->35575K(36352K) NonClass: 29304K(29888K)->29304K(29888K) Class: 6271K(6464K)->6271K(6464K)
[1041.999s][info][gc             ] GC(3017) Pause Young (Allocation Failure) 587M->332M(612M) 42.358ms
[1041.999s][info][gc,cpu         ] GC(3017) User=0.07s Sys=0.01s Real=0.04s
[1042.181s][info][gc,start       ] GC(3018) Pause Young (Allocation Failure)
[1042.182s][info][gc,heap        ] GC(3018) PSYoungGen: 301120K(304640K)->64K(308224K) Eden: 282624K(282624K)->0K(282624K) From: 18496K(22016K)->64K(25600K)
[1042.182s][info][gc,heap        ] GC(3018) ParOldGen: 321583K(322048K)->321591K(322048K)
[1042.182s][info][gc,metaspace   ] GC(3018) Metaspace: 35575K(36352K)->35575K(36352K) NonClass: 29304K(29888K)->29304K(29888K) Class: 6271K(6464K)->6271K(6464K)
[1042.182s][info][gc             ] GC(3018) Pause Young (Allocation Failure) 608M->314M(615M) 1.333ms
[1042.182s][info][gc,cpu         ] GC(3018) User=0.00s Sys=0.00s Real=0.00s
[1042.865s][info][gc,start       ] GC(3019) Pause Young (Allocation Failure)
[1042.866s][info][gc,heap        ] GC(3019) PSYoungGen: 282688K(308224K)->64K(306176K) Eden: 282624K(282624K)->0K(283648K) From: 64K(25600K)->64K(22528K)
[1042.866s][info][gc,heap        ] GC(3019) ParOldGen: 321591K(322048K)->321607K(322048K)
[1042.866s][info][gc,metaspace   ] GC(3019) Metaspace: 35575K(36352K)->35575K(36352K) NonClass: 29304K(29888K)->29304K(29888K) Class: 6271K(6464K)->6271K(6464K)
[1042.866s][info][gc             ] GC(3019) Pause Young (Allocation Failure) 590M->314M(613M) 1.416ms
[1042.866s][info][gc,cpu         ] GC(3019) User=0.00s Sys=0.00s Real=0.00s
[1043.136s][info][gc,start       ] GC(3020) Pause Young (Allocation Failure)
[1043.138s][info][gc,heap        ] GC(3020) PSYoungGen: 283712K(306176K)->64K(307712K) Eden: 283648K(283648K)->0K(283648K) From: 64K(22528K)->64K(24064K)
[1043.138s][info][gc,heap        ] GC(3020) ParOldGen: 321607K(322048K)->321607K(322048K)
[1043.138s][info][gc,metaspace   ] GC(3020) Metaspace: 35575K(36352K)->35575K(36352K) NonClass: 29304K(29888K)->29304K(29888K) Class: 6271K(6464K)->6271K(6464K)
[1043.138s][info][gc             ] GC(3020) Pause Young (Allocation Failure) 591M->314M(615M) 1.353ms
[1043.138s][info][gc,cpu         ] GC(3020) User=0.00s Sys=0.01s Real=0.00s
[1043.534s][info][gc,start       ] GC(3021) Pause Young (Allocation Failure)
[1043.535s][info][gc,heap        ] GC(3021) PSYoungGen: 283712K(307712K)->64K(307200K) Eden: 283648K(283648K)->0K(286720K) From: 64K(24064K)->64K(20480K)
[1043.535s][info][gc,heap        ] GC(3021) ParOldGen: 321607K(322048K)->321623K(322048K)
[1043.535s][info][gc,metaspace   ] GC(3021) Metaspace: 35575K(36352K)->35575K(36352K) NonClass: 29304K(29888K)->29304K(29888K) Class: 6271K(6464K)->6271K(6464K)
[1043.535s][info][gc             ] GC(3021) Pause Young (Allocation Failure) 591M->314M(614M) 1.383ms
[1043.535s][info][gc,cpu         ] GC(3021) User=0.00s Sys=0.00s Real=0.01s
[1043.726s][info][gc,start       ] GC(3022) Pause Young (Allocation Failure)
[1043.727s][info][gc,heap        ] GC(3022) PSYoungGen: 286784K(307200K)->32K(308736K) Eden: 286720K(286720K)->0K(286720K) From: 64K(20480K)->32K(22016K)
[1043.727s][info][gc,heap        ] GC(3022) ParOldGen: 321623K(322048K)->321639K(322048K)
[1043.727s][info][gc,metaspace   ] GC(3022) Metaspace: 35575K(36352K)->35575K(36352K) NonClass: 29304K(29888K)->29304K(29888K) Class: 6271K(6464K)->6271K(6464K)
[1043.727s][info][gc             ] GC(3022) Pause Young (Allocation Failure) 594M->314M(616M) 1.380ms
[1043.727s][info][gc,cpu         ] GC(3022) User=0.00s Sys=0.00s Real=0.00s
[1043.915s][info][gc,start       ] GC(3023) Pause Young (Allocation Failure)
[1043.916s][info][gc,heap        ] GC(3023) PSYoungGen: 286752K(308736K)->64K(309248K) Eden: 286720K(286720K)->0K(290816K) From: 32K(22016K)->64K(18432K)
[1043.916s][info][gc,heap        ] GC(3023) ParOldGen: 321639K(322048K)->321639K(322048K)
[1043.916s][info][gc,metaspace   ] GC(3023) Metaspace: 35575K(36352K)->35575K(36352K) NonClass: 29304K(29888K)->29304K(29888K) Class: 6271K(6464K)->6271K(6464K)
[1043.916s][info][gc             ] GC(3023) Pause Young (Allocation Failure) 594M->314M(616M) 1.373ms
[1043.916s][info][gc,cpu         ] GC(3023) User=0.00s Sys=0.00s Real=0.00s
[1044.207s][info][gc,start       ] GC(3024) Pause Young (Allocation Failure)
[1044.208s][info][gc,heap        ] GC(3024) PSYoungGen: 290880K(309248K)->64K(310784K) Eden: 290816K(290816K)->0K(290816K) From: 64K(18432K)->64K(19968K)
[1044.208s][info][gc,heap        ] GC(3024) ParOldGen: 321639K(322048K)->321639K(322048K)
[1044.208s][info][gc,metaspace   ] GC(3024) Metaspace: 35575K(36352K)->35575K(36352K) NonClass: 29304K(29888K)->29304K(29888K) Class: 6271K(6464K)->6271K(6464K)
[1044.208s][info][gc             ] GC(3024) Pause Young (Allocation Failure) 598M->314M(618M) 1.327ms
[1044.208s][info][gc,cpu         ] GC(3024) User=0.01s Sys=0.00s Real=0.00s
[1044.262s][info][gc,start       ] GC(3025) Pause Young (Allocation Failure)
[1044.264s][info][gc,heap        ] GC(3025) PSYoungGen: 290880K(310784K)->32K(311296K) Eden: 290816K(290816K)->0K(294912K) From: 64K(19968K)->32K(16384K)
[1044.264s][info][gc,heap        ] GC(3025) ParOldGen: 321639K(322048K)->321655K(322048K)
[1044.264s][info][gc,metaspace   ] GC(3025) Metaspace: 35575K(36352K)->35575K(36352K) NonClass: 29304K(29888K)->29304K(29888K) Class: 6271K(6464K)->6271K(6464K)
[1044.264s][info][gc             ] GC(3025) Pause Young (Allocation Failure) 598M->314M(618M) 1.354ms
[1044.264s][info][gc,cpu         ] GC(3025) User=0.00s Sys=0.00s Real=0.00s
[1044.337s][info][gc,start       ] GC(3026) Pause Young (Allocation Failure)
[1044.339s][info][gc,heap        ] GC(3026) PSYoungGen: 294944K(311296K)->64K(312832K) Eden: 294912K(294912K)->0K(294912K) From: 32K(16384K)->64K(17920K)
[1044.339s][info][gc,heap        ] GC(3026) ParOldGen: 321655K(322048K)->321655K(322048K)
[1044.339s][info][gc,metaspace   ] GC(3026) Metaspace: 35575K(36352K)->35575K(36352K) NonClass: 29304K(29888K)->29304K(29888K) Class: 6271K(6464K)->6271K(6464K)
[1044.339s][info][gc             ] GC(3026) Pause Young (Allocation Failure) 602M->314M(620M) 1.321ms
[1044.339s][info][gc,cpu         ] GC(3026) User=0.01s Sys=0.00s Real=0.00s
[1044.591s][info][gc,start       ] GC(3027) Pause Young (Allocation Failure)
[1044.592s][info][gc,heap        ] GC(3027) PSYoungGen: 294976K(312832K)->32K(313344K) Eden: 294912K(294912K)->0K(299008K) From: 64K(17920K)->32K(14336K)
[1044.592s][info][gc,heap        ] GC(3027) ParOldGen: 321655K(322048K)->321671K(322048K)
[1044.592s][info][gc,metaspace   ] GC(3027) Metaspace: 35575K(36352K)->35575K(36352K) NonClass: 29304K(29888K)->29304K(29888K) Class: 6271K(6464K)->6271K(6464K)
[1044.592s][info][gc             ] GC(3027) Pause Young (Allocation Failure) 602M->314M(620M) 1.424ms
[1044.592s][info][gc,cpu         ] GC(3027) User=0.00s Sys=0.00s Real=0.00s
[1044.809s][info][gc,start       ] GC(3028) Pause Young (Allocation Failure)
[1044.811s][info][gc,heap        ] GC(3028) PSYoungGen: 299040K(313344K)->64K(314880K) Eden: 299008K(299008K)->0K(299008K) From: 32K(14336K)->64K(15872K)
[1044.811s][info][gc,heap        ] GC(3028) ParOldGen: 321671K(322048K)->321671K(322048K)
[1044.811s][info][gc,metaspace   ] GC(3028) Metaspace: 35575K(36352K)->35575K(36352K) NonClass: 29304K(29888K)->29304K(29888K) Class: 6271K(6464K)->6271K(6464K)
[1044.811s][info][gc             ] GC(3028) Pause Young (Allocation Failure) 606M->314M(622M) 1.417ms
[1044.811s][info][gc,cpu         ] GC(3028) User=0.01s Sys=0.00s Real=0.00s
[1044.892s][info][gc,start       ] GC(3029) Pause Young (Allocation Failure)
[1044.894s][info][gc,heap        ] GC(3029) PSYoungGen: 299072K(314880K)->64K(316416K) Eden: 299008K(299008K)->0K(303104K) From: 64K(15872K)->64K(13312K)
[1044.894s][info][gc,heap        ] GC(3029) ParOldGen: 321671K(322048K)->321679K(322048K)
[1044.894s][info][gc,metaspace   ] GC(3029) Metaspace: 35575K(36352K)->35575K(36352K) NonClass: 29304K(29888K)->29304K(29888K) Class: 6271K(6464K)->6271K(6464K)
[1044.894s][info][gc             ] GC(3029) Pause Young (Allocation Failure) 606M->314M(623M) 1.339ms
[1044.894s][info][gc,cpu         ] GC(3029) User=0.00s Sys=0.00s Real=0.00s
[1045.023s][info][gc,start       ] GC(3030) Pause Young (Allocation Failure)
[1045.024s][info][gc,heap        ] GC(3030) PSYoungGen: 303168K(316416K)->64K(317440K) Eden: 303104K(303104K)->0K(303104K) From: 64K(13312K)->64K(14336K)
[1045.024s][info][gc,heap        ] GC(3030) ParOldGen: 321679K(322048K)->321687K(322048K)
[1045.024s][info][gc,metaspace   ] GC(3030) Metaspace: 35575K(36352K)->35575K(36352K) NonClass: 29304K(29888K)->29304K(29888K) Class: 6271K(6464K)->6271K(6464K)
[1045.024s][info][gc             ] GC(3030) Pause Young (Allocation Failure) 610M->314M(624M) 1.195ms
[1045.024s][info][gc,cpu         ] GC(3030) User=0.00s Sys=0.00s Real=0.00s
[1045.377s][info][gc,start       ] GC(3031) Pause Young (Allocation Failure)
[1045.378s][info][gc,heap        ] GC(3031) PSYoungGen: 303168K(317440K)->64K(317440K) Eden: 303104K(303104K)->0K(306176K) From: 64K(14336K)->64K(11264K)
[1045.378s][info][gc,heap        ] GC(3031) ParOldGen: 321687K(322048K)->321695K(322048K)
[1045.378s][info][gc,metaspace   ] GC(3031) Metaspace: 35575K(36352K)->35575K(36352K) NonClass: 29304K(29888K)->29304K(29888K) Class: 6271K(6464K)->6271K(6464K)
[1045.378s][info][gc             ] GC(3031) Pause Young (Allocation Failure) 610M->314M(624M) 1.240ms
[1045.378s][info][gc,cpu         ] GC(3031) User=0.01s Sys=0.00s Real=0.00s
[1046.049s][info][gc,start       ] GC(3032) Pause Young (Allocation Failure)
[1046.051s][info][gc,heap        ] GC(3032) PSYoungGen: 306240K(317440K)->64K(294400K) Eden: 306176K(306176K)->0K(293888K) From: 64K(11264K)->64K(512K)
[1046.051s][info][gc,heap        ] GC(3032) ParOldGen: 321695K(322048K)->321703K(322048K)
[1046.051s][info][gc,metaspace   ] GC(3032) Metaspace: 35575K(36352K)->35575K(36352K) NonClass: 29304K(29888K)->29304K(29888K) Class: 6271K(6464K)->6271K(6464K)
[1046.051s][info][gc             ] GC(3032) Pause Young (Allocation Failure) 613M->314M(602M) 1.958ms
[1046.051s][info][gc,cpu         ] GC(3032) User=0.01s Sys=0.00s Real=0.00s
[1046.953s][info][gc,start       ] GC(3033) Pause Young (Allocation Failure)
[1046.955s][info][gc,heap        ] GC(3033) PSYoungGen: 293952K(294400K)->64K(282624K) Eden: 293888K(293888K)->0K(282112K) From: 64K(512K)->64K(512K)
[1046.955s][info][gc,heap        ] GC(3033) ParOldGen: 321703K(322048K)->321711K(322048K)
[1046.955s][info][gc,metaspace   ] GC(3033) Metaspace: 35575K(36352K)->35575K(36352K) NonClass: 29304K(29888K)->29304K(29888K) Class: 6271K(6464K)->6271K(6464K)
[1046.955s][info][gc             ] GC(3033) Pause Young (Allocation Failure) 601M->314M(590M) 1.852ms
[1046.955s][info][gc,cpu         ] GC(3033) User=0.01s Sys=0.01s Real=0.01s
[1047.371s][info][gc,start       ] GC(3034) Pause Young (Allocation Failure)
[1047.372s][info][gc,heap        ] GC(3034) PSYoungGen: 282176K(282624K)->64K(281600K) Eden: 282112K(282112K)->0K(270848K) From: 64K(512K)->64K(10752K)
[1047.372s][info][gc,heap        ] GC(3034) ParOldGen: 321711K(322048K)->321719K(322048K)
[1047.372s][info][gc,metaspace   ] GC(3034) Metaspace: 35575K(36352K)->35575K(36352K) NonClass: 29304K(29888K)->29304K(29888K) Class: 6271K(6464K)->6271K(6464K)
[1047.372s][info][gc             ] GC(3034) Pause Young (Allocation Failure) 589M->314M(589M) 1.224ms
[1047.372s][info][gc,cpu         ] GC(3034) User=0.00s Sys=0.00s Real=0.00s
[1048.300s][info][gc,start       ] GC(3035) Pause Young (Allocation Failure)
[1048.302s][info][gc,heap        ] GC(3035) PSYoungGen: 270912K(281600K)->64K(260608K) Eden: 270848K(270848K)->0K(260096K) From: 64K(10752K)->64K(512K)
[1048.302s][info][gc,heap        ] GC(3035) ParOldGen: 321719K(322048K)->321727K(322048K)
[1048.302s][info][gc,metaspace   ] GC(3035) Metaspace: 35575K(36352K)->35575K(36352K) NonClass: 29304K(29888K)->29304K(29888K) Class: 6271K(6464K)->6271K(6464K)
[1048.302s][info][gc             ] GC(3035) Pause Young (Allocation Failure) 578M->314M(569M) 1.829ms
[1048.302s][info][gc,cpu         ] GC(3035) User=0.00s Sys=0.00s Real=0.00s
[1048.507s][info][gc,start       ] GC(3036) Pause Young (Allocation Failure)
[1048.508s][info][gc,heap        ] GC(3036) PSYoungGen: 260160K(260608K)->64K(259072K) Eden: 260096K(260096K)->0K(249856K) From: 64K(512K)->64K(9216K)
[1048.508s][info][gc,heap        ] GC(3036) ParOldGen: 321727K(322048K)->321735K(322048K)
[1048.508s][info][gc,metaspace   ] GC(3036) Metaspace: 35575K(36352K)->35575K(36352K) NonClass: 29304K(29888K)->29304K(29888K) Class: 6271K(6464K)->6271K(6464K)
[1048.508s][info][gc             ] GC(3036) Pause Young (Allocation Failure) 568M->314M(567M) 1.064ms
[1048.508s][info][gc,cpu         ] GC(3036) User=0.00s Sys=0.00s Real=0.00s
[1048.854s][info][gc,start       ] GC(3037) Pause Young (Allocation Failure)
[1048.857s][info][gc,heap        ] GC(3037) PSYoungGen: 249920K(259072K)->32K(240640K) Eden: 249856K(249856K)->0K(240128K) From: 64K(9216K)->32K(512K)
[1048.857s][info][gc,heap        ] GC(3037) ParOldGen: 321735K(322048K)->321743K(322048K)
[1048.857s][info][gc,metaspace   ] GC(3037) Metaspace: 35575K(36352K)->35575K(36352K) NonClass: 29304K(29888K)->29304K(29888K) Class: 6271K(6464K)->6271K(6464K)
[1048.857s][info][gc             ] GC(3037) Pause Young (Allocation Failure) 558M->314M(549M) 2.995ms
[1048.857s][info][gc,cpu         ] GC(3037) User=0.00s Sys=0.00s Real=0.01s
[1048.919s][info][gc,start       ] GC(3038) Pause Young (Allocation Failure)
[1048.921s][info][gc,heap        ] GC(3038) PSYoungGen: 240160K(240640K)->64K(282624K) Eden: 240128K(240128K)->0K(274432K) From: 32K(512K)->64K(8192K)
[1048.921s][info][gc,heap        ] GC(3038) ParOldGen: 321743K(322048K)->321751K(322048K)
[1048.921s][info][gc,metaspace   ] GC(3038) Metaspace: 35575K(36352K)->35575K(36352K) NonClass: 29304K(29888K)->29304K(29888K) Class: 6271K(6464K)->6271K(6464K)
[1048.921s][info][gc             ] GC(3038) Pause Young (Allocation Failure) 548M->314M(590M) 2.286ms
[1048.921s][info][gc,cpu         ] GC(3038) User=0.00s Sys=0.00s Real=0.00s
[1049.462s][info][gc,start       ] GC(3039) Pause Young (Allocation Failure)
[1049.464s][info][gc,heap        ] GC(3039) PSYoungGen: 274496K(282624K)->64K(293376K) Eden: 274432K(274432K)->0K(285696K) From: 64K(8192K)->64K(7680K)
[1049.464s][info][gc,heap        ] GC(3039) ParOldGen: 321751K(322048K)->321767K(322048K)
[1049.464s][info][gc,metaspace   ] GC(3039) Metaspace: 35575K(36352K)->35575K(36352K) NonClass: 29304K(29888K)->29304K(29888K) Class: 6271K(6464K)->6271K(6464K)
[1049.464s][info][gc             ] GC(3039) Pause Young (Allocation Failure) 582M->314M(601M) 2.492ms
[1049.464s][info][gc,cpu         ] GC(3039) User=0.01s Sys=0.00s Real=0.01s
[1049.764s][info][gc,start       ] GC(3040) Pause Young (Allocation Failure)
[1049.766s][info][gc,heap        ] GC(3040) PSYoungGen: 285760K(293376K)->64K(274944K) Eden: 285696K(285696K)->0K(274432K) From: 64K(7680K)->64K(512K)
[1049.766s][info][gc,heap        ] GC(3040) ParOldGen: 321767K(322048K)->321775K(322048K)
[1049.766s][info][gc,metaspace   ] GC(3040) Metaspace: 35575K(36352K)->35575K(36352K) NonClass: 29304K(29888K)->29304K(29888K) Class: 6271K(6464K)->6271K(6464K)
[1049.766s][info][gc             ] GC(3040) Pause Young (Allocation Failure) 593M->314M(583M) 2.383ms
[1049.766s][info][gc,cpu         ] GC(3040) User=0.01s Sys=0.00s Real=0.01s
[1050.102s][info][gc,start       ] GC(3041) Pause Young (Allocation Failure)
[1050.148s][info][gc,heap        ] GC(3041) PSYoungGen: 274496K(274944K)->6656K(280064K) Eden: 274432K(274432K)->0K(273408K) From: 64K(512K)->6656K(6656K)
[1050.148s][info][gc,heap        ] GC(3041) ParOldGen: 321775K(322048K)->335887K(336384K)
[1050.148s][info][gc,metaspace   ] GC(3041) Metaspace: 35575K(36352K)->35575K(36352K) NonClass: 29304K(29888K)->29304K(29888K) Class: 6271K(6464K)->6271K(6464K)
[1050.148s][info][gc             ] GC(3041) Pause Young (Allocation Failure) 582M->334M(602M) 45.684ms
[1050.148s][info][gc,cpu         ] GC(3041) User=0.07s Sys=0.01s Real=0.05s
[1050.437s][info][gc,start       ] GC(3042) Pause Young (Allocation Failure)
[1050.496s][info][gc,heap        ] GC(3042) PSYoungGen: 280064K(280064K)->13312K(286720K) Eden: 273408K(273408K)->0K(273408K) From: 6656K(6656K)->13312K(13312K)
[1050.496s][info][gc,heap        ] GC(3042) ParOldGen: 335887K(336384K)->352039K(352256K)
[1050.496s][info][gc,metaspace   ] GC(3042) Metaspace: 35575K(36352K)->35575K(36352K) NonClass: 29304K(29888K)->29304K(29888K) Class: 6271K(6464K)->6271K(6464K)
[1050.496s][info][gc             ] GC(3042) Pause Young (Allocation Failure) 601M->356M(624M) 58.977ms
[1050.496s][info][gc,cpu         ] GC(3042) User=0.10s Sys=0.01s Real=0.06s
[1050.709s][info][gc,start       ] GC(3043) Pause Young (Allocation Failure)
[1050.753s][info][gc,heap        ] GC(3043) PSYoungGen: 286720K(286720K)->19264K(305152K) Eden: 273408K(273408K)->0K(282624K) From: 13312K(13312K)->19264K(22528K)
[1050.753s][info][gc,heap        ] GC(3043) ParOldGen: 352039K(352256K)->352631K(352768K)
[1050.753s][info][gc,metaspace   ] GC(3043) Metaspace: 35575K(36352K)->35575K(36352K) NonClass: 29304K(29888K)->29304K(29888K) Class: 6271K(6464K)->6271K(6464K)
[1050.753s][info][gc             ] GC(3043) Pause Young (Allocation Failure) 623M->363M(642M) 43.713ms
[1050.753s][info][gc,cpu         ] GC(3043) User=0.07s Sys=0.02s Real=0.04s
[1050.936s][info][gc,start       ] GC(3044) Pause Young (Allocation Failure)
[1050.938s][info][gc,heap        ] GC(3044) PSYoungGen: 301888K(305152K)->64K(308224K) Eden: 282624K(282624K)->0K(282624K) From: 19264K(22528K)->64K(25600K)
[1050.938s][info][gc,heap        ] GC(3044) ParOldGen: 352631K(352768K)->352639K(352768K)
[1050.938s][info][gc,metaspace   ] GC(3044) Metaspace: 35575K(36352K)->35575K(36352K) NonClass: 29304K(29888K)->29304K(29888K) Class: 6271K(6464K)->6271K(6464K)
[1050.938s][info][gc             ] GC(3044) Pause Young (Allocation Failure) 639M->344M(645M) 1.416ms
[1050.938s][info][gc,cpu         ] GC(3044) User=0.00s Sys=0.00s Real=0.00s
[1051.611s][info][gc,start       ] GC(3045) Pause Young (Allocation Failure)
[1051.613s][info][gc,heap        ] GC(3045) PSYoungGen: 282688K(308224K)->64K(305664K) Eden: 282624K(282624K)->0K(283136K) From: 64K(25600K)->64K(22528K)
[1051.613s][info][gc,heap        ] GC(3045) ParOldGen: 352639K(352768K)->352655K(352768K)
[1051.613s][info][gc,metaspace   ] GC(3045) Metaspace: 35575K(36352K)->35575K(36352K) NonClass: 29304K(29888K)->29304K(29888K) Class: 6271K(6464K)->6271K(6464K)
[1051.613s][info][gc             ] GC(3045) Pause Young (Allocation Failure) 620M->344M(643M) 1.392ms
[1051.613s][info][gc,cpu         ] GC(3045) User=0.01s Sys=0.00s Real=0.00s
[1051.877s][info][gc,start       ] GC(3046) Pause Young (Allocation Failure)
[1051.879s][info][gc,heap        ] GC(3046) PSYoungGen: 283200K(305664K)->64K(307200K) Eden: 283136K(283136K)->0K(283136K) From: 64K(22528K)->64K(24064K)
[1051.879s][info][gc,heap        ] GC(3046) ParOldGen: 352655K(352768K)->352655K(352768K)
[1051.879s][info][gc,metaspace   ] GC(3046) Metaspace: 35575K(36352K)->35575K(36352K) NonClass: 29304K(29888K)->29304K(29888K) Class: 6271K(6464K)->6271K(6464K)
[1051.879s][info][gc             ] GC(3046) Pause Young (Allocation Failure) 620M->344M(644M) 1.361ms
[1051.879s][info][gc,cpu         ] GC(3046) User=0.00s Sys=0.00s Real=0.00s
[1052.246s][info][gc,start       ] GC(3047) Pause Young (Allocation Failure)
[1052.247s][info][gc,heap        ] GC(3047) PSYoungGen: 283200K(307200K)->64K(308224K) Eden: 283136K(283136K)->0K(286720K) From: 64K(24064K)->64K(21504K)
[1052.247s][info][gc,heap        ] GC(3047) ParOldGen: 352655K(352768K)->352671K(352768K)
[1052.247s][info][gc,metaspace   ] GC(3047) Metaspace: 35575K(36352K)->35575K(36352K) NonClass: 29304K(29888K)->29304K(29888K) Class: 6271K(6464K)->6271K(6464K)
[1052.247s][info][gc             ] GC(3047) Pause Young (Allocation Failure) 620M->344M(645M) 1.287ms
[1052.247s][info][gc,cpu         ] GC(3047) User=0.00s Sys=0.00s Real=0.00s
[1052.424s][info][gc,start       ] GC(3048) Pause Young (Allocation Failure)
[1052.425s][info][gc,heap        ] GC(3048) PSYoungGen: 286784K(308224K)->64K(309248K) Eden: 286720K(286720K)->0K(286720K) From: 64K(21504K)->64K(22528K)
[1052.425s][info][gc,heap        ] GC(3048) ParOldGen: 352671K(352768K)->352687K(352768K)
[1052.425s][info][gc,metaspace   ] GC(3048) Metaspace: 35575K(36352K)->35575K(36352K) NonClass: 29304K(29888K)->29304K(29888K) Class: 6271K(6464K)->6271K(6464K)
[1052.425s][info][gc             ] GC(3048) Pause Young (Allocation Failure) 624M->344M(646M) 1.250ms
[1052.425s][info][gc,cpu         ] GC(3048) User=0.00s Sys=0.00s Real=0.01s
[1052.600s][info][gc,start       ] GC(3049) Pause Young (Allocation Failure)
[1052.601s][info][gc,heap        ] GC(3049) PSYoungGen: 286784K(309248K)->64K(309248K) Eden: 286720K(286720K)->0K(289792K) From: 64K(22528K)->64K(19456K)
[1052.601s][info][gc,heap        ] GC(3049) ParOldGen: 352687K(352768K)->352687K(352768K)
[1052.601s][info][gc,metaspace   ] GC(3049) Metaspace: 35575K(36352K)->35575K(36352K) NonClass: 29304K(29888K)->29304K(29888K) Class: 6271K(6464K)->6271K(6464K)
[1052.601s][info][gc             ] GC(3049) Pause Young (Allocation Failure) 624M->344M(646M) 1.109ms
[1052.601s][info][gc,cpu         ] GC(3049) User=0.00s Sys=0.00s Real=0.00s
[1052.876s][info][gc,start       ] GC(3050) Pause Young (Allocation Failure)
[1052.877s][info][gc,heap        ] GC(3050) PSYoungGen: 289856K(309248K)->64K(310272K) Eden: 289792K(289792K)->0K(289792K) From: 64K(19456K)->64K(20480K)
[1052.877s][info][gc,heap        ] GC(3050) ParOldGen: 352687K(352768K)->352687K(352768K)
[1052.877s][info][gc,metaspace   ] GC(3050) Metaspace: 35575K(36352K)->35575K(36352K) NonClass: 29304K(29888K)->29304K(29888K) Class: 6271K(6464K)->6271K(6464K)
[1052.877s][info][gc             ] GC(3050) Pause Young (Allocation Failure) 627M->344M(647M) 1.245ms
[1052.877s][info][gc,cpu         ] GC(3050) User=0.00s Sys=0.00s Real=0.00s
[1052.930s][info][gc,start       ] GC(3051) Pause Young (Allocation Failure)
[1052.932s][info][gc,heap        ] GC(3051) PSYoungGen: 289856K(310272K)->64K(311296K) Eden: 289792K(289792K)->0K(293888K) From: 64K(20480K)->64K(17408K)
[1052.932s][info][gc,heap        ] GC(3051) ParOldGen: 352687K(352768K)->352703K(352768K)
[1052.932s][info][gc,metaspace   ] GC(3051) Metaspace: 35575K(36352K)->35575K(36352K) NonClass: 29304K(29888K)->29304K(29888K) Class: 6271K(6464K)->6271K(6464K)
[1052.932s][info][gc             ] GC(3051) Pause Young (Allocation Failure) 627M->344M(648M) 1.332ms
[1052.932s][info][gc,cpu         ] GC(3051) User=0.00s Sys=0.00s Real=0.00s
[1053.000s][info][gc,start       ] GC(3052) Pause Young (Allocation Failure)
[1053.001s][info][gc,heap        ] GC(3052) PSYoungGen: 293952K(311296K)->64K(312320K) Eden: 293888K(293888K)->0K(293888K) From: 64K(17408K)->64K(18432K)
[1053.001s][info][gc,heap        ] GC(3052) ParOldGen: 352703K(352768K)->352703K(352768K)
[1053.001s][info][gc,metaspace   ] GC(3052) Metaspace: 35575K(36352K)->35575K(36352K) NonClass: 29304K(29888K)->29304K(29888K) Class: 6271K(6464K)->6271K(6464K)
[1053.001s][info][gc             ] GC(3052) Pause Young (Allocation Failure) 631M->344M(649M) 1.355ms
[1053.001s][info][gc,cpu         ] GC(3052) User=0.00s Sys=0.00s Real=0.00s
[1053.238s][info][gc,start       ] GC(3053) Pause Young (Allocation Failure)
[1053.240s][info][gc,heap        ] GC(3053) PSYoungGen: 293952K(312320K)->64K(313344K) Eden: 293888K(293888K)->0K(297984K) From: 64K(18432K)->64K(15360K)
[1053.240s][info][gc,heap        ] GC(3053) ParOldGen: 352703K(352768K)->352719K(352768K)
[1053.240s][info][gc,metaspace   ] GC(3053) Metaspace: 35575K(36352K)->35575K(36352K) NonClass: 29304K(29888K)->29304K(29888K) Class: 6271K(6464K)->6271K(6464K)
[1053.240s][info][gc             ] GC(3053) Pause Young (Allocation Failure) 631M->344M(650M) 1.239ms
