[0.002s][info][metaspace]  - commit_granule_bytes: 65536.
[0.002s][info][metaspace]  - commit_granule_words: 8192.
[0.002s][info][metaspace]  - virtual_space_node_default_size: 8388608.
[0.002s][info][metaspace]  - enlarge_chunks_in_place: 1.
[0.005s][info][gc,init  ] CardTable entry size: 512
[0.005s][info][gc       ] Using Parallel
[0.006s][info][gc,init  ] Version: 24-internal-adhoc.root.jdk (release)
[0.006s][info][gc,init  ] CPUs: 2 total, 2 available
[0.006s][info][gc,init  ] Memory: 3908M
[0.006s][info][gc,init  ] Large Page Support: Disabled
[0.006s][info][gc,init  ] NUMA Support: Disabled
[0.006s][info][gc,init  ] Compressed Oops: Enabled (32-bit)
[0.006s][info][gc,init  ] Alignments: Space 512K, Generation 512K, Heap 2M
[0.006s][info][gc,init  ] Heap Min Capacity: 256M
[0.006s][info][gc,init  ] Heap Initial Capacity: 256M
[0.006s][info][gc,init  ] Heap Max Capacity: 978M
[0.006s][info][gc,init  ] Pre-touch: Disabled
[0.006s][info][gc,init  ] Parallel Workers: 2
[0.026s][info][gc,metaspace] CDS archive(s) mapped at: [0x00007f2006000000-0x00007f2006dc0000-0x00007f2006dc0000), size 14417920, SharedBaseAddress: 0x00007f2006000000, ArchiveRelocationMode: 1.
[0.026s][info][gc,metaspace] Compressed class space mapped at: 0x00007f2007000000-0x00007f2047000000, reserved size: 1073741824
[0.026s][info][gc,metaspace] UseCompressedClassPointers 1, UseCompactObjectHeaders 0
[0.026s][info][gc,metaspace] Narrow klass pointer bits 32, Max shift 3
[0.026s][info][gc,metaspace] Narrow klass base: 0x00007f2006000000, Narrow klass shift: 0
[0.026s][info][gc,metaspace] Encoding Range: [0x00007f2006000000 - 0x00007f2106000000), (4294967296 bytes)
[0.026s][info][gc,metaspace] Klass Range:    [0x00007f2006000000 - 0x00007f2047000000), (1090519040 bytes)
[0.026s][info][gc,metaspace] Klass ID Range:  [8 - 1090519033) (1090519025)
[0.440s][info][gc,start    ] GC(0) Pause Young (Allocation Failure)
[0.445s][info][gc,heap     ] GC(0) PSYoungGen: 65536K(76288K)->1920K(76288K) Eden: 65536K(65536K)->0K(65536K) From: 0K(10752K)->1920K(10752K)
[0.445s][info][gc,heap     ] GC(0) ParOldGen: 1157K(175104K)->1157K(175104K)
[0.445s][info][gc,metaspace] GC(0) Metaspace: 2583K(2688K)->2583K(2688K) NonClass: 2385K(2432K)->2385K(2432K) Class: 197K(256K)->197K(256K)
[0.445s][info][gc          ] GC(0) Pause Young (Allocation Failure) 65M->3M(245M) 4.713ms
[0.445s][info][gc,cpu      ] GC(0) User=0.01s Sys=0.01s Real=0.00s
[0.547s][info][gc,start    ] GC(1) Pause Young (Allocation Failure)
[0.553s][info][gc,heap     ] GC(1) PSYoungGen: 67456K(76288K)->2160K(141824K) Eden: 65536K(65536K)->0K(131072K) From: 1920K(10752K)->2160K(10752K)
[0.553s][info][gc,heap     ] GC(1) ParOldGen: 1157K(175104K)->1165K(175104K)
[0.553s][info][gc,metaspace] GC(1) Metaspace: 2605K(2752K)->2605K(2752K) NonClass: 2408K(2496K)->2408K(2496K) Class: 197K(256K)->197K(256K)
[0.554s][info][gc          ] GC(1) Pause Young (Allocation Failure) 67M->3M(309M) 6.700ms
[0.554s][info][gc,cpu      ] GC(1) User=0.01s Sys=0.01s Real=0.00s
[1.222s][info][gc,start    ] GC(2) Pause Young (Allocation Failure)
[1.241s][info][gc,heap     ] GC(2) PSYoungGen: 133232K(141824K)->7470K(141824K) Eden: 131072K(131072K)->0K(131072K) From: 2160K(10752K)->7470K(10752K)
[1.241s][info][gc,heap     ] GC(2) ParOldGen: 1165K(175104K)->1173K(175104K)
[1.241s][info][gc,metaspace] GC(2) Metaspace: 9421K(9600K)->9421K(9600K) NonClass: 7521K(7616K)->7521K(7616K) Class: 1899K(1984K)->1899K(1984K)
[1.241s][info][gc          ] GC(2) Pause Young (Allocation Failure) 131M->8M(309M) 18.193ms
[1.241s][info][gc,cpu      ] GC(2) User=0.02s Sys=0.01s Real=0.02s
[1.372s][info][gc,start    ] GC(3) Pause Young (Allocation Failure)
[1.387s][info][gc,heap     ] GC(3) PSYoungGen: 138542K(141824K)->10355K(272896K) Eden: 131072K(131072K)->0K(262144K) From: 7470K(10752K)->10355K(10752K)
[1.387s][info][gc,heap     ] GC(3) ParOldGen: 1173K(175104K)->1181K(175104K)
[1.387s][info][gc,metaspace] GC(3) Metaspace: 9472K(9664K)->9472K(9664K) NonClass: 7573K(7680K)->7573K(7680K) Class: 1899K(1984K)->1899K(1984K)
[1.387s][info][gc          ] GC(3) Pause Young (Allocation Failure) 136M->11M(437M) 15.698ms
[1.388s][info][gc,cpu      ] GC(3) User=0.03s Sys=0.00s Real=0.02s
[1.818s][info][gc,start    ] GC(4) Pause Young (Allocation Failure)
[1.840s][info][gc,heap     ] GC(4) PSYoungGen: 272499K(272896K)->10734K(272896K) Eden: 262144K(262144K)->0K(262144K) From: 10355K(10752K)->10734K(10752K)
[1.840s][info][gc,heap     ] GC(4) ParOldGen: 1181K(175104K)->5197K(175104K)
[1.840s][info][gc,metaspace] GC(4) Metaspace: 11452K(11648K)->11452K(11648K) NonClass: 8873K(8960K)->8873K(8960K) Class: 2578K(2688K)->2578K(2688K)
[1.840s][info][gc          ] GC(4) Pause Young (Allocation Failure) 267M->15M(437M) 21.773ms
[1.840s][info][gc,cpu      ] GC(4) User=0.04s Sys=0.01s Real=0.02s
[2.754s][info][metaspace   ] ChkMgr @0x00007f206403aa80 (non-class-space): failed to commit 140 words on chunk @0x00007f206453cb10, f, base 0x00007f1ffd050000, level lv10.
[2.754s][info][metaspace   ] Arena @0x00007f20641134d0 (non-class arena): failed to allocate new chunk for requested word size 140.
[2.754s][info][metaspace   ] Arena @0x00007f20641134d0 (non-class arena): allocation failed, returned null.
[2.754s][info][metaspace   ] ChkMgr @0x00007f206403aa80 (non-class-space): failed to commit 140 words on chunk @0x00007f206453cb10, f, base 0x00007f1ffd050000, level lv10.
[2.754s][info][metaspace   ] Arena @0x00007f20641134d0 (non-class arena): failed to allocate new chunk for requested word size 140.
[2.754s][info][metaspace   ] Arena @0x00007f20641134d0 (non-class arena): allocation failed, returned null.
[2.757s][info][metaspace   ] ChkMgr @0x00007f206403aa80 (non-class-space): failed to commit 140 words on chunk @0x00007f206453cb10, f, base 0x00007f1ffd050000, level lv10.
[2.757s][info][metaspace   ] Arena @0x00007f20641134d0 (non-class arena): failed to allocate new chunk for requested word size 140.
[2.757s][info][metaspace   ] Arena @0x00007f20641134d0 (non-class arena): allocation failed, returned null.
[2.757s][info][gc,start    ] GC(5) Pause Full (Metadata GC Threshold)
[2.757s][info][gc,phases,start] GC(5) Marking Phase
[2.787s][info][gc,phases      ] GC(5) Marking Phase 30.737ms
[2.788s][info][gc,phases,start] GC(5) Summary Phase
[2.788s][info][gc,phases      ] GC(5) Summary Phase 0.012ms
[2.788s][info][gc,phases,start] GC(5) Forward
[2.796s][info][gc,phases      ] GC(5) Forward 8.461ms
[2.796s][info][gc,phases,start] GC(5) Adjust Pointers
[2.813s][info][gc,phases      ] GC(5) Adjust Pointers 17.209ms
[2.813s][info][gc,phases,start] GC(5) Compaction Phase
[2.842s][info][gc,phases      ] GC(5) Compaction Phase 28.347ms
[2.842s][info][gc,phases,start] GC(5) Post Compact
[2.843s][info][metaspace      ] ChkMgr @0x00007f206403aa80 (non-class-space): : reclaiming memory...
[2.843s][info][metaspace      ] ChkMgr @0x00007f206403aa80 (non-class-space): nothing reclaimed.
[2.843s][info][metaspace      ] ChkMgr @0x00007f206403a890 (class-space): : reclaiming memory...
[2.843s][info][metaspace      ] ChkMgr @0x00007f206403a890 (class-space): nothing reclaimed.
[2.844s][info][gc,phases      ] GC(5) Post Compact 1.834ms
[2.844s][info][gc,heap        ] GC(5) PSYoungGen: 74360K(272896K)->0K(272896K) Eden: 63625K(262144K)->0K(262144K) From: 10734K(10752K)->0K(10752K)
[2.844s][info][gc,heap        ] GC(5) ParOldGen: 5197K(175104K)->20600K(175104K)
[2.844s][info][gc,metaspace   ] GC(5) Metaspace: 21269K(21504K)->21223K(21504K) NonClass: 16522K(16640K)->16478K(16640K) Class: 4747K(4864K)->4745K(4864K)
[2.844s][info][gc             ] GC(5) Pause Full (Metadata GC Threshold) 77M->20M(437M) 87.083ms
[2.844s][info][gc,cpu         ] GC(5) User=0.15s Sys=0.02s Real=0.08s
[4.261s][info][gc,start       ] GC(6) Pause Young (Allocation Failure)
[4.274s][info][gc,heap        ] GC(6) PSYoungGen: 262144K(272896K)->3118K(316928K) Eden: 262144K(262144K)->0K(299520K) From: 0K(10752K)->3118K(17408K)
[4.274s][info][gc,heap        ] GC(6) ParOldGen: 20600K(175104K)->20608K(175104K)
[4.274s][info][gc,metaspace   ] GC(6) Metaspace: 26734K(27200K)->26734K(27200K) NonClass: 21343K(21632K)->21343K(21632K) Class: 5390K(5568K)->5390K(5568K)
[4.274s][info][gc             ] GC(6) Pause Young (Allocation Failure) 276M->23M(480M) 13.101ms
[4.274s][info][gc,cpu         ] GC(6) User=0.01s Sys=0.00s Real=0.01s
[5.610s][info][gc,start       ] GC(7) Pause Young (Allocation Failure)
[5.620s][info][gc,heap        ] GC(7) PSYoungGen: 302638K(316928K)->5366K(305152K) Eden: 299520K(299520K)->0K(299520K) From: 3118K(17408K)->5366K(5632K)
[5.620s][info][gc,heap        ] GC(7) ParOldGen: 20608K(175104K)->20608K(175104K)
[5.620s][info][gc,metaspace   ] GC(7) Metaspace: 32661K(33216K)->32661K(33216K) NonClass: 26460K(26816K)->26460K(26816K) Class: 6201K(6400K)->6201K(6400K)
[5.620s][info][gc             ] GC(7) Pause Young (Allocation Failure) 315M->25M(469M) 9.641ms
[5.620s][info][gc,cpu         ] GC(7) User=0.02s Sys=0.00s Real=0.01s
[6.767s][info][gc,start       ] GC(8) Pause Young (Allocation Failure)
[6.775s][info][gc,heap        ] GC(8) PSYoungGen: 304886K(305152K)->5282K(315392K) Eden: 299520K(299520K)->0K(300032K) From: 5366K(5632K)->5282K(15360K)
[6.775s][info][gc,heap        ] GC(8) ParOldGen: 20608K(175104K)->20608K(175104K)
[6.775s][info][gc,metaspace   ] GC(8) Metaspace: 32666K(33216K)->32666K(33216K) NonClass: 26465K(26816K)->26465K(26816K) Class: 6201K(6400K)->6201K(6400K)
[6.775s][info][gc             ] GC(8) Pause Young (Allocation Failure) 317M->25M(479M) 7.872ms
[6.775s][info][gc,cpu         ] GC(8) User=0.01s Sys=0.01s Real=0.00s
[7.055s][info][gc,start       ] GC(9) Pause Young (Allocation Failure)
[7.063s][info][gc,heap        ] GC(9) PSYoungGen: 305314K(315392K)->2432K(314880K) Eden: 300032K(300032K)->0K(300032K) From: 5282K(15360K)->2432K(14848K)
[7.063s][info][gc,heap        ] GC(9) ParOldGen: 20608K(175104K)->23431K(175104K)
[7.063s][info][gc,metaspace   ] GC(9) Metaspace: 32666K(33216K)->32666K(33216K) NonClass: 26465K(26816K)->26465K(26816K) Class: 6201K(6400K)->6201K(6400K)
[7.063s][info][gc             ] GC(9) Pause Young (Allocation Failure) 318M->25M(478M) 8.365ms
[7.063s][info][gc,cpu         ] GC(9) User=0.01s Sys=0.00s Real=0.01s
[7.341s][info][gc,start       ] GC(10) Pause Young (Allocation Failure)
[7.345s][info][gc,heap        ] GC(10) PSYoungGen: 302464K(314880K)->32K(317440K) Eden: 300032K(300032K)->0K(303104K) From: 2432K(14848K)->32K(14336K)
[7.345s][info][gc,heap        ] GC(10) ParOldGen: 23431K(175104K)->25854K(175104K)
[7.345s][info][gc,metaspace   ] GC(10) Metaspace: 32666K(33216K)->32666K(33216K) NonClass: 26465K(26816K)->26465K(26816K) Class: 6201K(6400K)->6201K(6400K)
[7.345s][info][gc             ] GC(10) Pause Young (Allocation Failure) 318M->25M(481M) 4.291ms
[7.345s][info][gc,cpu         ] GC(10) User=0.00s Sys=0.00s Real=0.01s
[8.309s][info][gc,start       ] GC(11) Pause Young (Allocation Failure)
[8.310s][info][gc,heap        ] GC(11) PSYoungGen: 303136K(317440K)->64K(317952K) Eden: 303104K(303104K)->0K(303104K) From: 32K(14336K)->64K(14848K)
[8.310s][info][gc,heap        ] GC(11) ParOldGen: 25854K(175104K)->25854K(175104K)
[8.310s][info][gc,metaspace   ] GC(11) Metaspace: 32796K(33344K)->32796K(33344K) NonClass: 26595K(26944K)->26595K(26944K) Class: 6201K(6400K)->6201K(6400K)
[8.310s][info][gc             ] GC(11) Pause Young (Allocation Failure) 321M->25M(481M) 0.558ms
[8.310s][info][gc,cpu         ] GC(11) User=0.00s Sys=0.00s Real=0.00s
[8.381s][info][gc,start       ] GC(12) Pause Young (Allocation Failure)
[8.382s][info][gc,heap        ] GC(12) PSYoungGen: 303168K(317952K)->64K(317952K) Eden: 303104K(303104K)->0K(304128K) From: 64K(14848K)->64K(13824K)
[8.382s][info][gc,heap        ] GC(12) ParOldGen: 25854K(175104K)->25870K(175104K)
[8.382s][info][gc,metaspace   ] GC(12) Metaspace: 32796K(33344K)->32796K(33344K) NonClass: 26595K(26944K)->26595K(26944K) Class: 6201K(6400K)->6201K(6400K)
[8.382s][info][gc             ] GC(12) Pause Young (Allocation Failure) 321M->25M(481M) 0.614ms
[8.382s][info][gc,cpu         ] GC(12) User=0.00s Sys=0.00s Real=0.00s
[8.528s][info][gc,start       ] GC(13) Pause Young (Allocation Failure)
[8.528s][info][gc,heap        ] GC(13) PSYoungGen: 304192K(317952K)->64K(318464K) Eden: 304128K(304128K)->0K(304128K) From: 64K(13824K)->64K(14336K)
[8.528s][info][gc,heap        ] GC(13) ParOldGen: 25870K(175104K)->25870K(175104K)
[8.528s][info][gc,metaspace   ] GC(13) Metaspace: 32801K(33344K)->32801K(33344K) NonClass: 26599K(26944K)->26599K(26944K) Class: 6201K(6400K)->6201K(6400K)
[8.528s][info][gc             ] GC(13) Pause Young (Allocation Failure) 322M->25M(482M) 0.732ms
[8.528s][info][gc,cpu         ] GC(13) User=0.01s Sys=0.00s Real=0.00s
[8.886s][info][gc,start       ] GC(14) Pause Young (Allocation Failure)
[8.887s][info][gc,heap        ] GC(14) PSYoungGen: 304192K(318464K)->32K(292352K) Eden: 304128K(304128K)->0K(291840K) From: 64K(14336K)->32K(512K)
[8.887s][info][gc,heap        ] GC(14) ParOldGen: 25870K(175104K)->25886K(175104K)
[8.887s][info][gc,metaspace   ] GC(14) Metaspace: 32801K(33344K)->32801K(33344K) NonClass: 26599K(26944K)->26599K(26944K) Class: 6201K(6400K)->6201K(6400K)
[8.887s][info][gc             ] GC(14) Pause Young (Allocation Failure) 322M->25M(456M) 1.135ms
[8.887s][info][gc,cpu         ] GC(14) User=0.00s Sys=0.00s Real=0.00s
[9.236s][info][gc,start       ] GC(15) Pause Young (Allocation Failure)
[9.237s][info][gc,heap        ] GC(15) PSYoungGen: 291872K(292352K)->64K(293888K) Eden: 291840K(291840K)->0K(280064K) From: 32K(512K)->64K(13824K)
[9.237s][info][gc,heap        ] GC(15) ParOldGen: 25886K(175104K)->25894K(175104K)
[9.237s][info][gc,metaspace   ] GC(15) Metaspace: 32857K(33408K)->32857K(33408K) NonClass: 26655K(27008K)->26655K(27008K) Class: 6201K(6400K)->6201K(6400K)
[9.237s][info][gc             ] GC(15) Pause Young (Allocation Failure) 310M->25M(458M) 1.035ms
[9.237s][info][gc,cpu         ] GC(15) User=0.00s Sys=0.00s Real=0.00s
[9.430s][info][gc,start       ] GC(16) Pause Young (Allocation Failure)
[9.431s][info][gc,heap        ] GC(16) PSYoungGen: 280128K(293888K)->64K(269312K) Eden: 280064K(280064K)->0K(268800K) From: 64K(13824K)->64K(512K)
[9.431s][info][gc,heap        ] GC(16) ParOldGen: 25894K(175104K)->25910K(175104K)
[9.431s][info][gc,metaspace   ] GC(16) Metaspace: 32857K(33408K)->32857K(33408K) NonClass: 26655K(27008K)->26655K(27008K) Class: 6201K(6400K)->6201K(6400K)
[9.431s][info][gc             ] GC(16) Pause Young (Allocation Failure) 298M->25M(434M) 1.175ms
[9.431s][info][gc,cpu         ] GC(16) User=0.00s Sys=0.00s Real=0.00s
[9.667s][info][gc,start       ] GC(17) Pause Young (Allocation Failure)
[9.668s][info][gc,heap        ] GC(17) PSYoungGen: 268864K(269312K)->64K(270848K) Eden: 268800K(268800K)->0K(258048K) From: 64K(512K)->64K(12800K)
[9.668s][info][gc,heap        ] GC(17) ParOldGen: 25910K(175104K)->25910K(175104K)
[9.668s][info][gc,metaspace   ] GC(17) Metaspace: 32858K(33408K)->32858K(33408K) NonClass: 26656K(27008K)->26656K(27008K) Class: 6201K(6400K)->6201K(6400K)
[9.668s][info][gc             ] GC(17) Pause Young (Allocation Failure) 287M->25M(435M) 0.728ms
[9.668s][info][gc,cpu         ] GC(17) User=0.00s Sys=0.00s Real=0.00s
[10.087s][info][gc,start       ] GC(18) Pause Young (Allocation Failure)
[10.088s][info][gc,heap        ] GC(18) PSYoungGen: 258112K(270848K)->64K(248320K) Eden: 258048K(258048K)->0K(247808K) From: 64K(12800K)->64K(512K)
[10.088s][info][gc,heap        ] GC(18) ParOldGen: 25910K(175104K)->25918K(175104K)
[10.088s][info][gc,metaspace   ] GC(18) Metaspace: 32865K(33472K)->32865K(33472K) NonClass: 26664K(27072K)->26664K(27072K) Class: 6201K(6400K)->6201K(6400K)
[10.088s][info][gc             ] GC(18) Pause Young (Allocation Failure) 277M->25M(413M) 1.356ms
[10.088s][info][gc,cpu         ] GC(18) User=0.00s Sys=0.00s Real=0.00s
[11.434s][info][gc,start       ] GC(19) Pause Young (Allocation Failure)
[11.435s][info][gc,heap        ] GC(19) PSYoungGen: 247872K(248320K)->64K(249856K) Eden: 247808K(247808K)->0K(238080K) From: 64K(512K)->64K(11776K)
[11.435s][info][gc,heap        ] GC(19) ParOldGen: 25918K(175104K)->25934K(175104K)
[11.435s][info][gc,metaspace   ] GC(19) Metaspace: 32898K(33472K)->32898K(33472K) NonClass: 26696K(27072K)->26696K(27072K) Class: 6201K(6400K)->6201K(6400K)
[11.435s][info][gc             ] GC(19) Pause Young (Allocation Failure) 267M->25M(415M) 0.623ms
[11.435s][info][gc,cpu         ] GC(19) User=0.00s Sys=0.00s Real=0.00s
[12.694s][info][gc,start       ] GC(20) Pause Young (Allocation Failure)
[12.695s][info][gc,heap        ] GC(20) PSYoungGen: 238144K(249856K)->64K(229376K) Eden: 238080K(238080K)->0K(228864K) From: 64K(11776K)->64K(512K)
[12.696s][info][gc,heap        ] GC(20) ParOldGen: 25934K(175104K)->25950K(175104K)
[12.696s][info][gc,metaspace   ] GC(20) Metaspace: 32921K(33536K)->32921K(33536K) NonClass: 26720K(27136K)->26720K(27136K) Class: 6201K(6400K)->6201K(6400K)
[12.696s][info][gc             ] GC(20) Pause Young (Allocation Failure) 257M->25M(395M) 1.931ms
[12.696s][info][gc,cpu         ] GC(20) User=0.00s Sys=0.01s Real=0.01s
[13.001s][info][gc,start       ] GC(21) Pause Young (Allocation Failure)
[13.002s][info][gc,heap        ] GC(21) PSYoungGen: 228928K(229376K)->32K(230912K) Eden: 228864K(228864K)->0K(220160K) From: 64K(512K)->32K(10752K)
[13.002s][info][gc,heap        ] GC(21) ParOldGen: 25950K(175104K)->25958K(175104K)
[13.002s][info][gc,metaspace   ] GC(21) Metaspace: 32924K(33536K)->32924K(33536K) NonClass: 26723K(27136K)->26723K(27136K) Class: 6201K(6400K)->6201K(6400K)
[13.002s][info][gc             ] GC(21) Pause Young (Allocation Failure) 248M->25M(396M) 1.032ms
[13.002s][info][gc,cpu         ] GC(21) User=0.00s Sys=0.00s Real=0.00s
[13.497s][info][gc,start       ] GC(22) Pause Young (Allocation Failure)
[13.499s][info][gc,heap        ] GC(22) PSYoungGen: 220192K(230912K)->64K(212480K) Eden: 220160K(220160K)->0K(211968K) From: 32K(10752K)->64K(512K)
[13.499s][info][gc,heap        ] GC(22) ParOldGen: 25958K(175104K)->25966K(175104K)
[13.499s][info][gc,metaspace   ] GC(22) Metaspace: 32932K(33536K)->32932K(33536K) NonClass: 26731K(27136K)->26731K(27136K) Class: 6201K(6400K)->6201K(6400K)
[13.499s][info][gc             ] GC(22) Pause Young (Allocation Failure) 240M->25M(378M) 1.480ms
[13.499s][info][gc,cpu         ] GC(22) User=0.01s Sys=0.00s Real=0.00s
[14.321s][info][gc,start       ] GC(23) Pause Young (Allocation Failure)
[14.322s][info][gc,heap        ] GC(23) PSYoungGen: 212032K(212480K)->64K(214016K) Eden: 211968K(211968K)->0K(204288K) From: 64K(512K)->64K(9728K)
[14.322s][info][gc,heap        ] GC(23) ParOldGen: 25966K(175104K)->25974K(175104K)
[14.322s][info][gc,metaspace   ] GC(23) Metaspace: 32954K(33536K)->32954K(33536K) NonClass: 26753K(27136K)->26753K(27136K) Class: 6201K(6400K)->6201K(6400K)
[14.322s][info][gc             ] GC(23) Pause Young (Allocation Failure) 232M->25M(380M) 1.059ms
[14.322s][info][gc,cpu         ] GC(23) User=0.00s Sys=0.00s Real=0.00s
[16.206s][info][gc,start       ] GC(24) Pause Young (Allocation Failure)
[16.207s][info][gc,heap        ] GC(24) PSYoungGen: 204352K(214016K)->64K(197120K) Eden: 204288K(204288K)->0K(196608K) From: 64K(9728K)->64K(512K)
[16.207s][info][gc,heap        ] GC(24) ParOldGen: 25974K(175104K)->25982K(175104K)
[16.208s][info][gc,metaspace   ] GC(24) Metaspace: 33006K(33600K)->33006K(33600K) NonClass: 26804K(27200K)->26804K(27200K) Class: 6201K(6400K)->6201K(6400K)
[16.208s][info][gc             ] GC(24) Pause Young (Allocation Failure) 224M->25M(363M) 1.827ms
[16.208s][info][gc,cpu         ] GC(24) User=0.00s Sys=0.00s Real=0.00s
[17.164s][info][gc,start       ] GC(25) Pause Young (Allocation Failure)
[17.165s][info][gc,heap        ] GC(25) PSYoungGen: 196672K(197120K)->64K(198144K) Eden: 196608K(196608K)->0K(189440K) From: 64K(512K)->64K(8704K)
[17.165s][info][gc,heap        ] GC(25) ParOldGen: 25982K(175104K)->25990K(175104K)
[17.165s][info][gc,metaspace   ] GC(25) Metaspace: 33164K(33728K)->33164K(33728K) NonClass: 26962K(27328K)->26962K(27328K) Class: 6201K(6400K)->6201K(6400K)
[17.165s][info][gc             ] GC(25) Pause Young (Allocation Failure) 217M->25M(364M) 1.182ms
[17.165s][info][gc,cpu         ] GC(25) User=0.00s Sys=0.00s Real=0.00s
[17.499s][info][gc,start       ] GC(26) Pause Young (Allocation Failure)
[17.500s][info][gc,heap        ] GC(26) PSYoungGen: 189504K(198144K)->64K(183296K) Eden: 189440K(189440K)->0K(182784K) From: 64K(8704K)->64K(512K)
[17.500s][info][gc,heap        ] GC(26) ParOldGen: 25990K(175104K)->25998K(175104K)
[17.500s][info][gc,metaspace   ] GC(26) Metaspace: 33185K(33792K)->33185K(33792K) NonClass: 26984K(27392K)->26984K(27392K) Class: 6201K(6400K)->6201K(6400K)
[17.500s][info][gc             ] GC(26) Pause Young (Allocation Failure) 210M->25M(350M) 1.435ms
[17.500s][info][gc,cpu         ] GC(26) User=0.00s Sys=0.00s Real=0.00s
[17.599s][info][gc,start       ] GC(27) Pause Young (Allocation Failure)
[17.600s][info][gc,heap        ] GC(27) PSYoungGen: 182848K(183296K)->64K(183808K) Eden: 182784K(182784K)->0K(176128K) From: 64K(512K)->64K(7680K)
[17.600s][info][gc,heap        ] GC(27) ParOldGen: 25998K(175104K)->26014K(175104K)
[17.600s][info][gc,metaspace   ] GC(27) Metaspace: 33185K(33792K)->33185K(33792K) NonClass: 26984K(27392K)->26984K(27392K) Class: 6201K(6400K)->6201K(6400K)
[17.600s][info][gc             ] GC(27) Pause Young (Allocation Failure) 203M->25M(350M) 0.723ms
[17.600s][info][gc,cpu         ] GC(27) User=0.00s Sys=0.01s Real=0.00s
[17.835s][info][gc,start       ] GC(28) Pause Young (Allocation Failure)
[17.836s][info][gc,heap        ] GC(28) PSYoungGen: 176192K(183808K)->64K(170496K) Eden: 176128K(176128K)->0K(169984K) From: 64K(7680K)->64K(512K)
[17.836s][info][gc,heap        ] GC(28) ParOldGen: 26014K(175104K)->26014K(175104K)
[17.836s][info][gc,metaspace   ] GC(28) Metaspace: 33230K(33792K)->33230K(33792K) NonClass: 27029K(27392K)->27029K(27392K) Class: 6201K(6400K)->6201K(6400K)
[17.836s][info][gc             ] GC(28) Pause Young (Allocation Failure) 197M->25M(337M) 1.345ms
[17.836s][info][gc,cpu         ] GC(28) User=0.00s Sys=0.00s Real=0.01s
[18.351s][info][gc,start       ] GC(29) Pause Young (Allocation Failure)
[18.351s][info][gc,heap        ] GC(29) PSYoungGen: 170048K(170496K)->64K(171008K) Eden: 169984K(169984K)->0K(164352K) From: 64K(512K)->64K(6656K)
[18.351s][info][gc,heap        ] GC(29) ParOldGen: 26014K(175104K)->26030K(175104K)
[18.351s][info][gc,metaspace   ] GC(29) Metaspace: 33237K(33792K)->33237K(33792K) NonClass: 27036K(27392K)->27036K(27392K) Class: 6201K(6400K)->6201K(6400K)
[18.351s][info][gc             ] GC(29) Pause Young (Allocation Failure) 191M->25M(338M) 0.645ms
[18.351s][info][gc,cpu         ] GC(29) User=0.00s Sys=0.00s Real=0.00s
[18.606s][info][gc,start       ] GC(30) Pause Young (Allocation Failure)
[18.608s][info][gc,heap        ] GC(30) PSYoungGen: 164416K(171008K)->64K(159232K) Eden: 164352K(164352K)->0K(158720K) From: 64K(6656K)->64K(512K)
[18.608s][info][gc,heap        ] GC(30) ParOldGen: 26030K(175104K)->26038K(175104K)
[18.608s][info][gc,metaspace   ] GC(30) Metaspace: 33237K(33792K)->33237K(33792K) NonClass: 27036K(27392K)->27036K(27392K) Class: 6201K(6400K)->6201K(6400K)
[18.608s][info][gc             ] GC(30) Pause Young (Allocation Failure) 185M->25M(326M) 1.622ms
[18.608s][info][gc,cpu         ] GC(30) User=0.00s Sys=0.00s Real=0.00s
[19.022s][info][gc,start       ] GC(31) Pause Young (Allocation Failure)
[19.023s][info][gc,heap        ] GC(31) PSYoungGen: 158784K(159232K)->96K(159744K) Eden: 158720K(158720K)->0K(153600K) From: 64K(512K)->96K(6144K)
[19.023s][info][gc,heap        ] GC(31) ParOldGen: 26038K(175104K)->26054K(175104K)
[19.023s][info][gc,metaspace   ] GC(31) Metaspace: 33395K(33984K)->33395K(33984K) NonClass: 27187K(27584K)->27187K(27584K) Class: 6208K(6400K)->6208K(6400K)
[19.024s][info][gc             ] GC(31) Pause Young (Allocation Failure) 180M->25M(327M) 1.267ms
[19.024s][info][gc,cpu         ] GC(31) User=0.00s Sys=0.00s Real=0.00s
[19.662s][info][gc,start       ] GC(32) Pause Young (Allocation Failure)
[19.680s][info][gc,heap        ] GC(32) PSYoungGen: 153696K(159744K)->5617K(154112K) Eden: 153600K(153600K)->0K(148480K) From: 96K(6144K)->5617K(5632K)
[19.680s][info][gc,heap        ] GC(32) ParOldGen: 26054K(175104K)->28866K(175104K)
[19.680s][info][gc,metaspace   ] GC(32) Metaspace: 34017K(34688K)->34017K(34688K) NonClass: 27761K(28224K)->27761K(28224K) Class: 6256K(6464K)->6256K(6464K)
[19.680s][info][gc             ] GC(32) Pause Young (Allocation Failure) 175M->33M(321M) 17.549ms
[19.680s][info][gc,cpu         ] GC(32) User=0.03s Sys=0.00s Real=0.02s
[19.953s][info][gc,start       ] GC(33) Pause Young (Allocation Failure)
[19.986s][info][gc,heap        ] GC(33) PSYoungGen: 154097K(154112K)->7680K(193536K) Eden: 148480K(148480K)->0K(185856K) From: 5617K(5632K)->7680K(7680K)
[19.986s][info][gc,heap        ] GC(33) ParOldGen: 28866K(175104K)->37146K(175104K)
[19.986s][info][gc,metaspace   ] GC(33) Metaspace: 34045K(34688K)->34045K(34688K) NonClass: 27789K(28224K)->27789K(28224K) Class: 6256K(6464K)->6256K(6464K)
[19.986s][info][gc             ] GC(33) Pause Young (Allocation Failure) 178M->43M(360M) 33.087ms
[19.986s][info][gc,cpu         ] GC(33) User=0.05s Sys=0.01s Real=0.04s
[20.281s][info][gc,start       ] GC(34) Pause Young (Allocation Failure)
[20.326s][info][gc,heap        ] GC(34) PSYoungGen: 193536K(193536K)->2560K(223232K) Eden: 185856K(185856K)->0K(220672K) From: 7680K(7680K)->2560K(2560K)
[20.326s][info][gc,heap        ] GC(34) ParOldGen: 37146K(175104K)->54434K(175104K)
[20.326s][info][gc,metaspace   ] GC(34) Metaspace: 34053K(34688K)->34053K(34688K) NonClass: 27796K(28224K)->27796K(28224K) Class: 6257K(6464K)->6257K(6464K)
[20.326s][info][gc             ] GC(34) Pause Young (Allocation Failure) 225M->55M(389M) 45.034ms
[20.326s][info][gc,cpu         ] GC(34) User=0.08s Sys=0.02s Real=0.05s
[20.622s][info][gc,start       ] GC(35) Pause Young (Allocation Failure)
[20.666s][info][gc,heap        ] GC(35) PSYoungGen: 223232K(223232K)->17920K(238592K) Eden: 220672K(220672K)->0K(220672K) From: 2560K(2560K)->17920K(17920K)
[20.666s][info][gc,heap        ] GC(35) ParOldGen: 54434K(175104K)->60370K(175104K)
[20.666s][info][gc,metaspace   ] GC(35) Metaspace: 34055K(34688K)->34055K(34688K) NonClass: 27798K(28224K)->27798K(28224K) Class: 6257K(6464K)->6257K(6464K)
[20.666s][info][gc             ] GC(35) Pause Young (Allocation Failure) 271M->76M(404M) 44.169ms
[20.666s][info][gc,cpu         ] GC(35) User=0.08s Sys=0.00s Real=0.05s
[20.828s][info][gc,start       ] GC(36) Pause Young (Allocation Failure)
[20.836s][info][gc,heap        ] GC(36) PSYoungGen: 238592K(238592K)->2624K(296960K) Eden: 220672K(220672K)->0K(275968K) From: 17920K(17920K)->2624K(20992K)
[20.836s][info][gc,heap        ] GC(36) ParOldGen: 60370K(175104K)->60578K(175104K)
[20.836s][info][gc,metaspace   ] GC(36) Metaspace: 34058K(34688K)->34058K(34688K) NonClass: 27801K(28224K)->27801K(28224K) Class: 6257K(6464K)->6257K(6464K)
[20.836s][info][gc             ] GC(36) Pause Young (Allocation Failure) 291M->61M(461M) 7.553ms
[20.836s][info][gc,cpu         ] GC(36) User=0.01s Sys=0.01s Real=0.01s
[21.358s][info][gc,start       ] GC(37) Pause Young (Allocation Failure)
[21.359s][info][gc,heap        ] GC(37) PSYoungGen: 278592K(296960K)->64K(298496K) Eden: 275968K(275968K)->0K(275968K) From: 2624K(20992K)->64K(22528K)
[21.359s][info][gc,heap        ] GC(37) ParOldGen: 60578K(175104K)->60594K(175104K)
[21.359s][info][gc,metaspace   ] GC(37) Metaspace: 34066K(34688K)->34066K(34688K) NonClass: 27807K(28224K)->27807K(28224K) Class: 6259K(6464K)->6259K(6464K)
[21.359s][info][gc             ] GC(37) Pause Young (Allocation Failure) 331M->59M(462M) 0.871ms
[21.359s][info][gc,cpu         ] GC(37) User=0.00s Sys=0.00s Real=0.00s
[22.161s][info][gc,start       ] GC(38) Pause Young (Allocation Failure)
[22.162s][info][gc,heap        ] GC(38) PSYoungGen: 276032K(298496K)->64K(309760K) Eden: 275968K(275968K)->0K(289280K) From: 64K(22528K)->64K(20480K)
[22.162s][info][gc,heap        ] GC(38) ParOldGen: 60594K(175104K)->60602K(175104K)
[22.162s][info][gc,metaspace   ] GC(38) Metaspace: 34066K(34688K)->34066K(34688K) NonClass: 27807K(28224K)->27807K(28224K) Class: 6259K(6464K)->6259K(6464K)
[22.162s][info][gc             ] GC(38) Pause Young (Allocation Failure) 328M->59M(473M) 0.916ms
[22.162s][info][gc,cpu         ] GC(38) User=0.00s Sys=0.00s Real=0.00s
[23.251s][info][gc,start       ] GC(39) Pause Young (Allocation Failure)
[23.253s][info][gc,heap        ] GC(39) PSYoungGen: 289344K(309760K)->64K(310784K) Eden: 289280K(289280K)->0K(289280K) From: 64K(20480K)->64K(21504K)
[23.253s][info][gc,heap        ] GC(39) ParOldGen: 60602K(175104K)->60618K(175104K)
[23.253s][info][gc,metaspace   ] GC(39) Metaspace: 34078K(34688K)->34078K(34688K) NonClass: 27818K(28224K)->27818K(28224K) Class: 6259K(6464K)->6259K(6464K)
[23.253s][info][gc             ] GC(39) Pause Young (Allocation Failure) 341M->59M(474M) 1.527ms
[23.253s][info][gc,cpu         ] GC(39) User=0.00s Sys=0.00s Real=0.00s
[23.508s][info][gc,start       ] GC(40) Pause Young (Allocation Failure)
[23.509s][info][gc,heap        ] GC(40) PSYoungGen: 289344K(310784K)->32K(311296K) Eden: 289280K(289280K)->0K(291840K) From: 64K(21504K)->32K(19456K)
[23.509s][info][gc,heap        ] GC(40) ParOldGen: 60618K(175104K)->60626K(175104K)
[23.509s][info][gc,metaspace   ] GC(40) Metaspace: 34078K(34688K)->34078K(34688K) NonClass: 27818K(28224K)->27818K(28224K) Class: 6259K(6464K)->6259K(6464K)
[23.509s][info][gc             ] GC(40) Pause Young (Allocation Failure) 341M->59M(475M) 1.513ms
[23.509s][info][gc,cpu         ] GC(40) User=0.00s Sys=0.00s Real=0.00s
[23.767s][info][gc,start       ] GC(41) Pause Young (Allocation Failure)
[23.768s][info][gc,heap        ] GC(41) PSYoungGen: 291872K(311296K)->32K(311808K) Eden: 291840K(291840K)->0K(291840K) From: 32K(19456K)->32K(19968K)
[23.768s][info][gc,heap        ] GC(41) ParOldGen: 60626K(175104K)->60626K(175104K)
[23.768s][info][gc,metaspace   ] GC(41) Metaspace: 34078K(34688K)->34078K(34688K) NonClass: 27818K(28224K)->27818K(28224K) Class: 6259K(6464K)->6259K(6464K)
[23.768s][info][gc             ] GC(41) Pause Young (Allocation Failure) 344M->59M(475M) 1.370ms
[23.768s][info][gc,cpu         ] GC(41) User=0.00s Sys=0.00s Real=0.00s
[24.430s][info][gc,start       ] GC(42) Pause Young (Allocation Failure)
[24.431s][info][gc,heap        ] GC(42) PSYoungGen: 291872K(311808K)->64K(312320K) Eden: 291840K(291840K)->0K(294912K) From: 32K(19968K)->64K(17408K)
[24.431s][info][gc,heap        ] GC(42) ParOldGen: 60626K(175104K)->60626K(175104K)
[24.431s][info][gc,metaspace   ] GC(42) Metaspace: 34094K(34752K)->34094K(34752K) NonClass: 27835K(28288K)->27835K(28288K) Class: 6259K(6464K)->6259K(6464K)
[24.431s][info][gc             ] GC(42) Pause Young (Allocation Failure) 344M->59M(476M) 1.228ms
[24.431s][info][gc,cpu         ] GC(42) User=0.00s Sys=0.00s Real=0.00s
[24.701s][info][gc,start       ] GC(43) Pause Young (Allocation Failure)
[24.703s][info][gc,heap        ] GC(43) PSYoungGen: 294976K(312320K)->64K(312832K) Eden: 294912K(294912K)->0K(294912K) From: 64K(17408K)->64K(17920K)
[24.703s][info][gc,heap        ] GC(43) ParOldGen: 60626K(175104K)->60642K(175104K)
[24.703s][info][gc,metaspace   ] GC(43) Metaspace: 34094K(34752K)->34094K(34752K) NonClass: 27835K(28288K)->27835K(28288K) Class: 6259K(6464K)->6259K(6464K)
[24.703s][info][gc             ] GC(43) Pause Young (Allocation Failure) 347M->59M(476M) 1.183ms
[24.703s][info][gc,cpu         ] GC(43) User=0.00s Sys=0.00s Real=0.00s
[24.773s][info][gc,start       ] GC(44) Pause Young (Allocation Failure)
[24.774s][info][gc,heap        ] GC(44) PSYoungGen: 294976K(312832K)->64K(315392K) Eden: 294912K(294912K)->0K(299008K) From: 64K(17920K)->64K(16384K)
[24.774s][info][gc,heap        ] GC(44) ParOldGen: 60642K(175104K)->60658K(175104K)
[24.774s][info][gc,metaspace   ] GC(44) Metaspace: 34094K(34752K)->34094K(34752K) NonClass: 27835K(28288K)->27835K(28288K) Class: 6259K(6464K)->6259K(6464K)
[24.774s][info][gc             ] GC(44) Pause Young (Allocation Failure) 347M->59M(479M) 0.781ms
[24.774s][info][gc,cpu         ] GC(44) User=0.00s Sys=0.00s Real=0.00s
[24.955s][info][gc,start       ] GC(45) Pause Young (Allocation Failure)
[24.955s][info][gc,heap        ] GC(45) PSYoungGen: 299072K(315392K)->64K(287744K) Eden: 299008K(299008K)->0K(287232K) From: 64K(16384K)->64K(512K)
[24.955s][info][gc,heap        ] GC(45) ParOldGen: 60658K(175104K)->60658K(175104K)
[24.955s][info][gc,metaspace   ] GC(45) Metaspace: 34094K(34752K)->34094K(34752K) NonClass: 27835K(28288K)->27835K(28288K) Class: 6259K(6464K)->6259K(6464K)
[24.955s][info][gc             ] GC(45) Pause Young (Allocation Failure) 351M->59M(452M) 0.842ms
[24.955s][info][gc,cpu         ] GC(45) User=0.00s Sys=0.00s Real=0.01s
[25.296s][info][gc,start       ] GC(46) Pause Young (Allocation Failure)
[25.297s][info][gc,heap        ] GC(46) PSYoungGen: 287296K(287744K)->64K(278016K) Eden: 287232K(287232K)->0K(275968K) From: 64K(512K)->64K(2048K)
[25.297s][info][gc,heap        ] GC(46) ParOldGen: 60658K(175104K)->60666K(175104K)
[25.297s][info][gc,metaspace   ] GC(46) Metaspace: 34094K(34752K)->34094K(34752K) NonClass: 27835K(28288K)->27835K(28288K) Class: 6259K(6464K)->6259K(6464K)
[25.297s][info][gc             ] GC(46) Pause Young (Allocation Failure) 339M->59M(442M) 0.761ms
[25.297s][info][gc,cpu         ] GC(46) User=0.00s Sys=0.00s Real=0.00s
[25.538s][info][gc,start       ] GC(47) Pause Young (Allocation Failure)
[25.538s][info][gc,heap        ] GC(47) PSYoungGen: 276032K(278016K)->64K(265728K) Eden: 275968K(275968K)->0K(265216K) From: 64K(2048K)->64K(512K)
[25.538s][info][gc,heap        ] GC(47) ParOldGen: 60666K(175104K)->60674K(175104K)
[25.538s][info][gc,metaspace   ] GC(47) Metaspace: 34094K(34752K)->34094K(34752K) NonClass: 27835K(28288K)->27835K(28288K) Class: 6259K(6464K)->6259K(6464K)
[25.538s][info][gc             ] GC(47) Pause Young (Allocation Failure) 328M->59M(430M) 0.854ms
[25.538s][info][gc,cpu         ] GC(47) User=0.00s Sys=0.00s Real=0.00s
[25.693s][info][gc,start       ] GC(48) Pause Young (Allocation Failure)
[25.694s][info][gc,heap        ] GC(48) PSYoungGen: 265280K(265728K)->64K(255488K) Eden: 265216K(265216K)->0K(254976K) From: 64K(512K)->64K(512K)
[25.694s][info][gc,heap        ] GC(48) ParOldGen: 60674K(175104K)->60690K(175104K)
[25.694s][info][gc,metaspace   ] GC(48) Metaspace: 34105K(34752K)->34105K(34752K) NonClass: 27846K(28288K)->27846K(28288K) Class: 6259K(6464K)->6259K(6464K)
[25.694s][info][gc             ] GC(48) Pause Young (Allocation Failure) 318M->59M(420M) 1.488ms
[25.694s][info][gc,cpu         ] GC(48) User=0.00s Sys=0.00s Real=0.00s
[25.869s][info][gc,start       ] GC(49) Pause Young (Allocation Failure)
[25.870s][info][gc,heap        ] GC(49) PSYoungGen: 255040K(255488K)->64K(258048K) Eden: 254976K(254976K)->0K(245248K) From: 64K(512K)->64K(12800K)
[25.870s][info][gc,heap        ] GC(49) ParOldGen: 60690K(175104K)->60690K(175104K)
[25.870s][info][gc,metaspace   ] GC(49) Metaspace: 34105K(34752K)->34105K(34752K) NonClass: 27846K(28288K)->27846K(28288K) Class: 6259K(6464K)->6259K(6464K)
[25.870s][info][gc             ] GC(49) Pause Young (Allocation Failure) 308M->59M(423M) 0.626ms
[25.870s][info][gc,cpu         ] GC(49) User=0.00s Sys=0.00s Real=0.00s
[26.211s][info][gc,start       ] GC(50) Pause Young (Allocation Failure)
[26.212s][info][gc,heap        ] GC(50) PSYoungGen: 245312K(258048K)->64K(236544K) Eden: 245248K(245248K)->0K(236032K) From: 64K(12800K)->64K(512K)
[26.212s][info][gc,heap        ] GC(50) ParOldGen: 60690K(175104K)->60698K(175104K)
[26.212s][info][gc,metaspace   ] GC(50) Metaspace: 34105K(34752K)->34105K(34752K) NonClass: 27846K(28288K)->27846K(28288K) Class: 6259K(6464K)->6259K(6464K)
[26.212s][info][gc             ] GC(50) Pause Young (Allocation Failure) 298M->59M(402M) 1.555ms
[26.212s][info][gc,cpu         ] GC(50) User=0.01s Sys=0.00s Real=0.00s
[27.424s][info][gc,start       ] GC(51) Pause Young (Allocation Failure)
[27.425s][info][gc,heap        ] GC(51) PSYoungGen: 236096K(236544K)->64K(238080K) Eden: 236032K(236032K)->0K(226816K) From: 64K(512K)->64K(11264K)
[27.425s][info][gc,heap        ] GC(51) ParOldGen: 60698K(175104K)->60706K(175104K)
[27.425s][info][gc,metaspace   ] GC(51) Metaspace: 34127K(34752K)->34127K(34752K) NonClass: 27868K(28288K)->27868K(28288K) Class: 6259K(6464K)->6259K(6464K)
[27.425s][info][gc             ] GC(51) Pause Young (Allocation Failure) 289M->59M(403M) 1.093ms
[27.425s][info][gc,cpu         ] GC(51) User=0.00s Sys=0.00s Real=0.00s
[27.674s][info][gc,start       ] GC(52) Pause Young (Allocation Failure)
[27.676s][info][gc,heap        ] GC(52) PSYoungGen: 226880K(238080K)->64K(218624K) Eden: 226816K(226816K)->0K(218112K) From: 64K(11264K)->64K(512K)
[27.676s][info][gc,heap        ] GC(52) ParOldGen: 60706K(175104K)->60714K(175104K)
[27.676s][info][gc,metaspace   ] GC(52) Metaspace: 34127K(34752K)->34127K(34752K) NonClass: 27868K(28288K)->27868K(28288K) Class: 6259K(6464K)->6259K(6464K)
[27.676s][info][gc             ] GC(52) Pause Young (Allocation Failure) 280M->59M(384M) 2.010ms
[27.676s][info][gc,cpu         ] GC(52) User=0.00s Sys=0.00s Real=0.01s
[28.870s][info][gc,start       ] GC(53) Pause Young (Allocation Failure)
[28.871s][info][gc,heap        ] GC(53) PSYoungGen: 218176K(218624K)->64K(219648K) Eden: 218112K(218112K)->0K(209920K) From: 64K(512K)->64K(9728K)
[28.871s][info][gc,heap        ] GC(53) ParOldGen: 60714K(175104K)->60730K(175104K)
[28.871s][info][gc,metaspace   ] GC(53) Metaspace: 34127K(34752K)->34127K(34752K) NonClass: 27868K(28288K)->27868K(28288K) Class: 6259K(6464K)->6259K(6464K)
[28.871s][info][gc             ] GC(53) Pause Young (Allocation Failure) 272M->59M(385M) 1.326ms
[28.871s][info][gc,cpu         ] GC(53) User=0.00s Sys=0.00s Real=0.00s
[29.207s][info][gc,start       ] GC(54) Pause Young (Allocation Failure)
[29.208s][info][gc,heap        ] GC(54) PSYoungGen: 209984K(219648K)->64K(202752K) Eden: 209920K(209920K)->0K(202240K) From: 64K(9728K)->64K(512K)
[29.208s][info][gc,heap        ] GC(54) ParOldGen: 60730K(175104K)->60738K(175104K)
[29.208s][info][gc,metaspace   ] GC(54) Metaspace: 34127K(34752K)->34127K(34752K) NonClass: 27868K(28288K)->27868K(28288K) Class: 6259K(6464K)->6259K(6464K)
[29.208s][info][gc             ] GC(54) Pause Young (Allocation Failure) 264M->59M(369M) 1.743ms
[29.208s][info][gc,cpu         ] GC(54) User=0.00s Sys=0.00s Real=0.00s
[29.807s][info][gc,start       ] GC(55) Pause Young (Allocation Failure)
[29.808s][info][gc,heap        ] GC(55) PSYoungGen: 202304K(202752K)->64K(203776K) Eden: 202240K(202240K)->0K(195072K) From: 64K(512K)->64K(8704K)
[29.808s][info][gc,heap        ] GC(55) ParOldGen: 60738K(175104K)->60746K(175104K)
[29.808s][info][gc,metaspace   ] GC(55) Metaspace: 34127K(34752K)->34127K(34752K) NonClass: 27868K(28288K)->27868K(28288K) Class: 6259K(6464K)->6259K(6464K)
[29.808s][info][gc             ] GC(55) Pause Young (Allocation Failure) 256M->59M(370M) 0.959ms
[29.808s][info][gc,cpu         ] GC(55) User=0.00s Sys=0.00s Real=0.00s
[31.807s][info][gc,start       ] GC(56) Pause Young (Allocation Failure)
[31.809s][info][gc,heap        ] GC(56) PSYoungGen: 195136K(203776K)->64K(188416K) Eden: 195072K(195072K)->0K(187904K) From: 64K(8704K)->64K(512K)
[31.809s][info][gc,heap        ] GC(56) ParOldGen: 60746K(175104K)->60762K(175104K)
[31.809s][info][gc,metaspace   ] GC(56) Metaspace: 34128K(34752K)->34128K(34752K) NonClass: 27868K(28288K)->27868K(28288K) Class: 6259K(6464K)->6259K(6464K)
[31.809s][info][gc             ] GC(56) Pause Young (Allocation Failure) 249M->59M(355M) 2.103ms
[31.809s][info][gc,cpu         ] GC(56) User=0.00s Sys=0.00s Real=0.00s
[32.254s][info][gc,start       ] GC(57) Pause Young (Allocation Failure)
[32.256s][info][gc,heap        ] GC(57) PSYoungGen: 187968K(188416K)->64K(188928K) Eden: 187904K(187904K)->0K(181248K) From: 64K(512K)->64K(7680K)
[32.256s][info][gc,heap        ] GC(57) ParOldGen: 60762K(175104K)->60778K(175104K)
[32.256s][info][gc,metaspace   ] GC(57) Metaspace: 34128K(34752K)->34128K(34752K) NonClass: 27868K(28288K)->27868K(28288K) Class: 6259K(6464K)->6259K(6464K)
[32.256s][info][gc             ] GC(57) Pause Young (Allocation Failure) 242M->59M(355M) 1.606ms
[32.256s][info][gc,cpu         ] GC(57) User=0.01s Sys=0.00s Real=0.01s
[32.944s][info][gc,start       ] GC(58) Pause Young (Allocation Failure)
[32.946s][info][gc,heap        ] GC(58) PSYoungGen: 181312K(188928K)->32K(175616K) Eden: 181248K(181248K)->0K(175104K) From: 64K(7680K)->32K(512K)
[32.946s][info][gc,heap        ] GC(58) ParOldGen: 60778K(175104K)->60786K(175104K)
[32.946s][info][gc,metaspace   ] GC(58) Metaspace: 34128K(34752K)->34128K(34752K) NonClass: 27868K(28288K)->27868K(28288K) Class: 6259K(6464K)->6259K(6464K)
[32.946s][info][gc             ] GC(58) Pause Young (Allocation Failure) 236M->59M(342M) 2.091ms
[32.946s][info][gc,cpu         ] GC(58) User=0.00s Sys=0.00s Real=0.01s
[33.208s][info][gc,start       ] GC(59) Pause Young (Allocation Failure)
[33.209s][info][gc,heap        ] GC(59) PSYoungGen: 175136K(175616K)->64K(175616K) Eden: 175104K(175104K)->0K(168960K) From: 32K(512K)->64K(6656K)
[33.209s][info][gc,heap        ] GC(59) ParOldGen: 60786K(175104K)->60794K(175104K)
[33.209s][info][gc,metaspace   ] GC(59) Metaspace: 34128K(34752K)->34128K(34752K) NonClass: 27868K(28288K)->27868K(28288K) Class: 6259K(6464K)->6259K(6464K)
[33.209s][info][gc             ] GC(59) Pause Young (Allocation Failure) 230M->59M(342M) 1.235ms
[33.209s][info][gc,cpu         ] GC(59) User=0.00s Sys=0.00s Real=0.00s
[33.293s][info][gc,start       ] GC(60) Pause Young (Allocation Failure)
[33.295s][info][gc,heap        ] GC(60) PSYoungGen: 169024K(175616K)->32K(163840K) Eden: 168960K(168960K)->0K(163328K) From: 64K(6656K)->32K(512K)
[33.295s][info][gc,heap        ] GC(60) ParOldGen: 60794K(175104K)->60810K(175104K)
[33.295s][info][gc,metaspace   ] GC(60) Metaspace: 34135K(34752K)->34135K(34752K) NonClass: 27875K(28288K)->27875K(28288K) Class: 6259K(6464K)->6259K(6464K)
[33.295s][info][gc             ] GC(60) Pause Young (Allocation Failure) 224M->59M(331M) 1.833ms
[33.295s][info][gc,cpu         ] GC(60) User=0.01s Sys=0.00s Real=0.00s
[33.685s][info][gc,start       ] GC(61) Pause Young (Allocation Failure)
[33.686s][info][gc,heap        ] GC(61) PSYoungGen: 163360K(163840K)->64K(163328K) Eden: 163328K(163328K)->0K(157696K) From: 32K(512K)->64K(5632K)
[33.686s][info][gc,heap        ] GC(61) ParOldGen: 60810K(175104K)->60810K(175104K)
[33.686s][info][gc,metaspace   ] GC(61) Metaspace: 34136K(34752K)->34136K(34752K) NonClass: 27876K(28288K)->27876K(28288K) Class: 6259K(6464K)->6259K(6464K)
[33.686s][info][gc             ] GC(61) Pause Young (Allocation Failure) 218M->59M(330M) 1.026ms
[33.686s][info][gc,cpu         ] GC(61) User=0.00s Sys=0.00s Real=0.01s
[34.197s][info][gc,start       ] GC(62) Pause Young (Allocation Failure)
[34.199s][info][gc,heap        ] GC(62) PSYoungGen: 157760K(163328K)->32K(153088K) Eden: 157696K(157696K)->0K(152576K) From: 64K(5632K)->32K(512K)
[34.199s][info][gc,heap        ] GC(62) ParOldGen: 60810K(175104K)->60826K(175104K)
[34.199s][info][gc,metaspace   ] GC(62) Metaspace: 34136K(34752K)->34136K(34752K) NonClass: 27876K(28288K)->27876K(28288K) Class: 6259K(6464K)->6259K(6464K)
[34.199s][info][gc             ] GC(62) Pause Young (Allocation Failure) 213M->59M(320M) 2.189ms
[34.199s][info][gc,cpu         ] GC(62) User=0.00s Sys=0.00s Real=0.00s
[34.353s][info][gc,start       ] GC(63) Pause Young (Allocation Failure)
[34.355s][info][gc,heap        ] GC(63) PSYoungGen: 152608K(153088K)->64K(152064K) Eden: 152576K(152576K)->0K(147456K) From: 32K(512K)->64K(4608K)
[34.355s][info][gc,heap        ] GC(63) ParOldGen: 60826K(175104K)->60826K(175104K)
[34.355s][info][gc,metaspace   ] GC(63) Metaspace: 34136K(34752K)->34136K(34752K) NonClass: 27876K(28288K)->27876K(28288K) Class: 6259K(6464K)->6259K(6464K)
[34.355s][info][gc             ] GC(63) Pause Young (Allocation Failure) 208M->59M(319M) 1.133ms
[34.355s][info][gc,cpu         ] GC(63) User=0.00s Sys=0.00s Real=0.00s
[34.639s][info][gc,start       ] GC(64) Pause Young (Allocation Failure)
[34.640s][info][gc,heap        ] GC(64) PSYoungGen: 147520K(152064K)->64K(143360K) Eden: 147456K(147456K)->0K(142848K) From: 64K(4608K)->64K(512K)
[34.640s][info][gc,heap        ] GC(64) ParOldGen: 60826K(175104K)->60842K(175104K)
[34.640s][info][gc,metaspace   ] GC(64) Metaspace: 34136K(34752K)->34136K(34752K) NonClass: 27876K(28288K)->27876K(28288K) Class: 6259K(6464K)->6259K(6464K)
[34.640s][info][gc             ] GC(64) Pause Young (Allocation Failure) 203M->59M(311M) 1.635ms
[34.640s][info][gc,cpu         ] GC(64) User=0.00s Sys=0.01s Real=0.00s
[34.900s][info][gc,start       ] GC(65) Pause Young (Allocation Failure)
[34.926s][info][gc,heap        ] GC(65) PSYoungGen: 142912K(143360K)->4096K(175616K) Eden: 142848K(142848K)->0K(171520K) From: 64K(512K)->4096K(4096K)
[34.926s][info][gc,heap        ] GC(65) ParOldGen: 60842K(175104K)->69114K(175104K)
[34.926s][info][gc,metaspace   ] GC(65) Metaspace: 34137K(34816K)->34137K(34816K) NonClass: 27878K(28352K)->27878K(28352K) Class: 6259K(6464K)->6259K(6464K)
[34.926s][info][gc             ] GC(65) Pause Young (Allocation Failure) 198M->71M(342M) 26.714ms
[34.926s][info][gc,cpu         ] GC(65) User=0.04s Sys=0.00s Real=0.03s
[35.131s][info][gc,start       ] GC(66) Pause Young (Allocation Failure)
[35.170s][info][gc,heap        ] GC(66) PSYoungGen: 175616K(175616K)->4096K(209920K) Eden: 171520K(171520K)->0K(205824K) From: 4096K(4096K)->4096K(4096K)
[35.170s][info][gc,heap        ] GC(66) ParOldGen: 69114K(175104K)->83426K(175104K)
[35.170s][info][gc,metaspace   ] GC(66) Metaspace: 34137K(34816K)->34137K(34816K) NonClass: 27878K(28352K)->27878K(28352K) Class: 6259K(6464K)->6259K(6464K)
[35.170s][info][gc             ] GC(66) Pause Young (Allocation Failure) 238M->85M(376M) 38.842ms
[35.170s][info][gc,cpu         ] GC(66) User=0.06s Sys=0.01s Real=0.04s
[35.418s][info][gc,start       ] GC(67) Pause Young (Allocation Failure)
[35.461s][info][gc,heap        ] GC(67) PSYoungGen: 209920K(209920K)->13824K(219648K) Eden: 205824K(205824K)->0K(205824K) From: 4096K(4096K)->13824K(13824K)
[35.461s][info][gc,heap        ] GC(67) ParOldGen: 83426K(175104K)->91818K(175104K)
[35.461s][info][gc,metaspace   ] GC(67) Metaspace: 34137K(34816K)->34137K(34816K) NonClass: 27878K(28352K)->27878K(28352K) Class: 6259K(6464K)->6259K(6464K)
[35.461s][info][gc             ] GC(67) Pause Young (Allocation Failure) 286M->103M(385M) 42.482ms
[35.461s][info][gc,cpu         ] GC(67) User=0.07s Sys=0.00s Real=0.04s
[35.669s][info][gc,start       ] GC(68) Pause Young (Allocation Failure)
[35.705s][info][gc,heap        ] GC(68) PSYoungGen: 219648K(219648K)->16800K(264704K) Eden: 205824K(205824K)->0K(244736K) From: 13824K(13824K)->16800K(19968K)
[35.705s][info][gc,heap        ] GC(68) ParOldGen: 91818K(175104K)->92122K(175104K)
[35.705s][info][gc,metaspace   ] GC(68) Metaspace: 34137K(34816K)->34137K(34816K) NonClass: 27878K(28352K)->27878K(28352K) Class: 6259K(6464K)->6259K(6464K)
[35.705s][info][gc             ] GC(68) Pause Young (Allocation Failure) 304M->106M(429M) 36.417ms
[35.705s][info][gc,cpu         ] GC(68) User=0.06s Sys=0.02s Real=0.04s
[35.860s][info][gc,start       ] GC(69) Pause Young (Allocation Failure)
[35.861s][info][gc,heap        ] GC(69) PSYoungGen: 261536K(264704K)->64K(267264K) Eden: 244736K(244736K)->0K(244736K) From: 16800K(19968K)->64K(22528K)
[35.861s][info][gc,heap        ] GC(69) ParOldGen: 92122K(175104K)->92130K(175104K)
[35.861s][info][gc,metaspace   ] GC(69) Metaspace: 34137K(34816K)->34137K(34816K) NonClass: 27878K(28352K)->27878K(28352K) Class: 6259K(6464K)->6259K(6464K)
[35.861s][info][gc             ] GC(69) Pause Young (Allocation Failure) 345M->90M(432M) 1.008ms
[35.861s][info][gc,cpu         ] GC(69) User=0.00s Sys=0.00s Real=0.00s
[36.458s][info][gc,start       ] GC(70) Pause Young (Allocation Failure)
[36.459s][info][gc,heap        ] GC(70) PSYoungGen: 244800K(267264K)->64K(309760K) Eden: 244736K(244736K)->0K(289280K) From: 64K(22528K)->64K(20480K)
[36.459s][info][gc,heap        ] GC(70) ParOldGen: 92130K(175104K)->92138K(175104K)
[36.459s][info][gc,metaspace   ] GC(70) Metaspace: 34137K(34816K)->34137K(34816K) NonClass: 27878K(28352K)->27878K(28352K) Class: 6259K(6464K)->6259K(6464K)
[36.459s][info][gc             ] GC(70) Pause Young (Allocation Failure) 329M->90M(473M) 0.952ms
[36.459s][info][gc,cpu         ] GC(70) User=0.00s Sys=0.00s Real=0.00s
[37.252s][info][gc,start       ] GC(71) Pause Young (Allocation Failure)
[37.253s][info][gc,heap        ] GC(71) PSYoungGen: 289344K(309760K)->64K(310784K) Eden: 289280K(289280K)->0K(289280K) From: 64K(20480K)->64K(21504K)
[37.253s][info][gc,heap        ] GC(71) ParOldGen: 92138K(175104K)->92146K(175104K)
[37.253s][info][gc,metaspace   ] GC(71) Metaspace: 34137K(34816K)->34137K(34816K) NonClass: 27878K(28352K)->27878K(28352K) Class: 6259K(6464K)->6259K(6464K)
[37.253s][info][gc             ] GC(71) Pause Young (Allocation Failure) 372M->90M(474M) 1.060ms
[37.253s][info][gc,cpu         ] GC(71) User=0.00s Sys=0.00s Real=0.00s
[38.127s][info][gc,start       ] GC(72) Pause Young (Allocation Failure)
[38.128s][info][gc,heap        ] GC(72) PSYoungGen: 289344K(310784K)->64K(311296K) Eden: 289280K(289280K)->0K(291840K) From: 64K(21504K)->64K(19456K)
[38.128s][info][gc,heap        ] GC(72) ParOldGen: 92146K(175104K)->92162K(175104K)
[38.128s][info][gc,metaspace   ] GC(72) Metaspace: 34160K(34816K)->34160K(34816K) NonClass: 27900K(28352K)->27900K(28352K) Class: 6259K(6464K)->6259K(6464K)
[38.128s][info][gc             ] GC(72) Pause Young (Allocation Failure) 372M->90M(475M) 1.145ms
[38.128s][info][gc,cpu         ] GC(72) User=0.00s Sys=0.00s Real=0.00s
[38.385s][info][gc,start       ] GC(73) Pause Young (Allocation Failure)
[38.386s][info][gc,heap        ] GC(73) PSYoungGen: 291904K(311296K)->64K(311808K) Eden: 291840K(291840K)->0K(291840K) From: 64K(19456K)->64K(19968K)
[38.386s][info][gc,heap        ] GC(73) ParOldGen: 92162K(175104K)->92178K(175104K)
[38.386s][info][gc,metaspace   ] GC(73) Metaspace: 34160K(34816K)->34160K(34816K) NonClass: 27900K(28352K)->27900K(28352K) Class: 6259K(6464K)->6259K(6464K)
[38.386s][info][gc             ] GC(73) Pause Young (Allocation Failure) 375M->90M(475M) 1.076ms
[38.386s][info][gc,cpu         ] GC(73) User=0.00s Sys=0.00s Real=0.01s
[38.641s][info][gc,start       ] GC(74) Pause Young (Allocation Failure)
[38.643s][info][gc,heap        ] GC(74) PSYoungGen: 291904K(311808K)->32K(313344K) Eden: 291840K(291840K)->0K(294912K) From: 64K(19968K)->32K(18432K)
[38.643s][info][gc,heap        ] GC(74) ParOldGen: 92178K(175104K)->92178K(175104K)
[38.643s][info][gc,metaspace   ] GC(74) Metaspace: 34160K(34816K)->34160K(34816K) NonClass: 27900K(28352K)->27900K(28352K) Class: 6259K(6464K)->6259K(6464K)
[38.643s][info][gc             ] GC(74) Pause Young (Allocation Failure) 375M->90M(477M) 1.569ms
[38.643s][info][gc,cpu         ] GC(74) User=0.00s Sys=0.00s Real=0.00s
[39.131s][info][gc,start       ] GC(75) Pause Young (Allocation Failure)
[39.132s][info][gc,heap        ] GC(75) PSYoungGen: 294944K(313344K)->64K(313344K) Eden: 294912K(294912K)->0K(294912K) From: 32K(18432K)->64K(18432K)
[39.132s][info][gc,heap        ] GC(75) ParOldGen: 92178K(175104K)->92178K(175104K)
[39.132s][info][gc,metaspace   ] GC(75) Metaspace: 34175K(34816K)->34175K(34816K) NonClass: 27916K(28352K)->27916K(28352K) Class: 6259K(6464K)->6259K(6464K)
[39.132s][info][gc             ] GC(75) Pause Young (Allocation Failure) 378M->90M(477M) 1.272ms
[39.132s][info][gc,cpu         ] GC(75) User=0.01s Sys=0.00s Real=0.00s
[39.202s][info][gc,start       ] GC(76) Pause Young (Allocation Failure)
[39.205s][info][gc,heap        ] GC(76) PSYoungGen: 294976K(313344K)->32K(314368K) Eden: 294912K(294912K)->0K(297984K) From: 64K(18432K)->32K(16384K)
[39.205s][info][gc,heap        ] GC(76) ParOldGen: 92178K(175104K)->92194K(175104K)
[39.205s][info][gc,metaspace   ] GC(76) Metaspace: 34175K(34816K)->34175K(34816K) NonClass: 27916K(28352K)->27916K(28352K) Class: 6259K(6464K)->6259K(6464K)
[39.205s][info][gc             ] GC(76) Pause Young (Allocation Failure) 378M->90M(478M) 2.326ms
[39.205s][info][gc,cpu         ] GC(76) User=0.00s Sys=0.00s Real=0.00s
[39.279s][info][gc,start       ] GC(77) Pause Young (Allocation Failure)
[39.280s][info][gc,heap        ] GC(77) PSYoungGen: 298016K(314368K)->64K(314368K) Eden: 297984K(297984K)->0K(297984K) From: 32K(16384K)->64K(16384K)
[39.280s][info][gc,heap        ] GC(77) ParOldGen: 92194K(175104K)->92194K(175104K)
[39.280s][info][gc,metaspace   ] GC(77) Metaspace: 34175K(34816K)->34175K(34816K) NonClass: 27916K(28352K)->27916K(28352K) Class: 6259K(6464K)->6259K(6464K)
[39.280s][info][gc             ] GC(77) Pause Young (Allocation Failure) 381M->90M(478M) 0.839ms
[39.280s][info][gc,cpu         ] GC(77) User=0.00s Sys=0.00s Real=0.00s
[39.565s][info][gc,start       ] GC(78) Pause Young (Allocation Failure)
[39.566s][info][gc,heap        ] GC(78) PSYoungGen: 298048K(314368K)->64K(316928K) Eden: 297984K(297984K)->0K(301568K) From: 64K(16384K)->64K(15360K)
[39.566s][info][gc,heap        ] GC(78) ParOldGen: 92194K(175104K)->92194K(175104K)
[39.566s][info][gc,metaspace   ] GC(78) Metaspace: 34175K(34816K)->34175K(34816K) NonClass: 27916K(28352K)->27916K(28352K) Class: 6259K(6464K)->6259K(6464K)
[39.566s][info][gc             ] GC(78) Pause Young (Allocation Failure) 381M->90M(480M) 0.875ms
[39.566s][info][gc,cpu         ] GC(78) User=0.00s Sys=0.00s Real=0.01s
[39.895s][info][gc,start       ] GC(79) Pause Young (Allocation Failure)
[39.896s][info][gc,heap        ] GC(79) PSYoungGen: 301632K(316928K)->64K(316416K) Eden: 301568K(301568K)->0K(301568K) From: 64K(15360K)->64K(14848K)
[39.896s][info][gc,heap        ] GC(79) ParOldGen: 92194K(175104K)->92202K(175104K)
[39.896s][info][gc,metaspace   ] GC(79) Metaspace: 34175K(34816K)->34175K(34816K) NonClass: 27916K(28352K)->27916K(28352K) Class: 6259K(6464K)->6259K(6464K)
[39.896s][info][gc             ] GC(79) Pause Young (Allocation Failure) 384M->90M(480M) 0.930ms
[39.896s][info][gc,cpu         ] GC(79) User=0.00s Sys=0.00s Real=0.01s
[40.044s][info][gc,start       ] GC(80) Pause Young (Allocation Failure)
[40.044s][info][gc,heap        ] GC(80) PSYoungGen: 301632K(316416K)->64K(289792K) Eden: 301568K(301568K)->0K(289280K) From: 64K(14848K)->64K(512K)
[40.045s][info][gc,heap        ] GC(80) ParOldGen: 92202K(175104K)->92210K(175104K)
[40.045s][info][gc,metaspace   ] GC(80) Metaspace: 34175K(34816K)->34175K(34816K) NonClass: 27916K(28352K)->27916K(28352K) Class: 6259K(6464K)->6259K(6464K)
[40.045s][info][gc             ] GC(80) Pause Young (Allocation Failure) 384M->90M(454M) 0.812ms
[40.045s][info][gc,cpu         ] GC(80) User=0.01s Sys=0.00s Real=0.00s
[40.171s][info][gc,start       ] GC(81) Pause Young (Allocation Failure)
[40.172s][info][gc,heap        ] GC(81) PSYoungGen: 289344K(289792K)->64K(290304K) Eden: 289280K(289280K)->0K(277504K) From: 64K(512K)->64K(12800K)
[40.172s][info][gc,heap        ] GC(81) ParOldGen: 92210K(175104K)->92218K(175104K)
[40.172s][info][gc,metaspace   ] GC(81) Metaspace: 34176K(34816K)->34176K(34816K) NonClass: 27917K(28352K)->27917K(28352K) Class: 6259K(6464K)->6259K(6464K)
[40.172s][info][gc             ] GC(81) Pause Young (Allocation Failure) 372M->90M(454M) 0.825ms
[40.172s][info][gc,cpu         ] GC(81) User=0.00s Sys=0.00s Real=0.00s
[40.514s][info][gc,start       ] GC(82) Pause Young (Allocation Failure)
[40.515s][info][gc,heap        ] GC(82) PSYoungGen: 277568K(290304K)->64K(267264K) Eden: 277504K(277504K)->0K(266752K) From: 64K(12800K)->64K(512K)
[40.515s][info][gc,heap        ] GC(82) ParOldGen: 92218K(175104K)->92226K(175104K)
[40.515s][info][gc,metaspace   ] GC(82) Metaspace: 34176K(34816K)->34176K(34816K) NonClass: 27917K(28352K)->27917K(28352K) Class: 6259K(6464K)->6259K(6464K)
[40.515s][info][gc             ] GC(82) Pause Young (Allocation Failure) 361M->90M(432M) 1.071ms
[40.515s][info][gc,cpu         ] GC(82) User=0.00s Sys=0.00s Real=0.00s
[41.557s][info][gc,start       ] GC(83) Pause Young (Allocation Failure)
[41.558s][info][gc,heap        ] GC(83) PSYoungGen: 266816K(267264K)->83K(267776K) Eden: 266752K(266752K)->0K(256512K) From: 64K(512K)->83K(11264K)
[41.558s][info][gc,heap        ] GC(83) ParOldGen: 92226K(175104K)->92234K(175104K)
[41.558s][info][gc,metaspace   ] GC(83) Metaspace: 34197K(34880K)->34197K(34880K) NonClass: 27938K(28416K)->27938K(28416K) Class: 6259K(6464K)->6259K(6464K)
[41.558s][info][gc             ] GC(83) Pause Young (Allocation Failure) 350M->90M(432M) 0.849ms
[41.558s][info][gc,cpu         ] GC(83) User=0.00s Sys=0.00s Real=0.00s
[42.723s][info][gc,start       ] GC(84) Pause Young (Allocation Failure)
[42.725s][info][gc,heap        ] GC(84) PSYoungGen: 256595K(267776K)->64K(247296K) Eden: 256512K(256512K)->0K(246784K) From: 83K(11264K)->64K(512K)
[42.725s][info][gc,heap        ] GC(84) ParOldGen: 92234K(175104K)->92242K(175104K)
[42.725s][info][gc,metaspace   ] GC(84) Metaspace: 34198K(34880K)->34198K(34880K) NonClass: 27939K(28416K)->27939K(28416K) Class: 6259K(6464K)->6259K(6464K)
[42.725s][info][gc             ] GC(84) Pause Young (Allocation Failure) 340M->90M(412M) 2.102ms
[42.725s][info][gc,cpu         ] GC(84) User=0.00s Sys=0.00s Real=0.00s
[43.012s][info][gc,start       ] GC(85) Pause Young (Allocation Failure)
[43.013s][info][gc,heap        ] GC(85) PSYoungGen: 246848K(247296K)->64K(247296K) Eden: 246784K(246784K)->0K(237056K) From: 64K(512K)->64K(10240K)
[43.013s][info][gc,heap        ] GC(85) ParOldGen: 92242K(175104K)->92258K(175104K)
[43.013s][info][gc,metaspace   ] GC(85) Metaspace: 34198K(34880K)->34198K(34880K) NonClass: 27939K(28416K)->27939K(28416K) Class: 6259K(6464K)->6259K(6464K)
[43.013s][info][gc             ] GC(85) Pause Young (Allocation Failure) 331M->90M(412M) 1.240ms
[43.013s][info][gc,cpu         ] GC(85) User=0.00s Sys=0.00s Real=0.00s
[43.485s][info][gc,start       ] GC(86) Pause Young (Allocation Failure)
[43.487s][info][gc,heap        ] GC(86) PSYoungGen: 237120K(247296K)->64K(228352K) Eden: 237056K(237056K)->0K(227840K) From: 64K(10240K)->64K(512K)
[43.487s][info][gc,heap        ] GC(86) ParOldGen: 92258K(175104K)->92274K(175104K)
[43.487s][info][gc,metaspace   ] GC(86) Metaspace: 34198K(34880K)->34198K(34880K) NonClass: 27939K(28416K)->27939K(28416K) Class: 6259K(6464K)->6259K(6464K)
[43.487s][info][gc             ] GC(86) Pause Young (Allocation Failure) 321M->90M(394M) 2.191ms
[43.487s][info][gc,cpu         ] GC(86) User=0.00s Sys=0.00s Real=0.01s
[45.557s][info][gc,start       ] GC(87) Pause Young (Allocation Failure)
[45.558s][info][gc,heap        ] GC(87) PSYoungGen: 227904K(228352K)->64K(227840K) Eden: 227840K(227840K)->0K(219136K) From: 64K(512K)->64K(8704K)
[45.558s][info][gc,heap        ] GC(87) ParOldGen: 92274K(175104K)->92282K(175104K)
[45.558s][info][gc,metaspace   ] GC(87) Metaspace: 34316K(35008K)->34316K(35008K) NonClass: 28056K(28544K)->28056K(28544K) Class: 6259K(6464K)->6259K(6464K)
[45.558s][info][gc             ] GC(87) Pause Young (Allocation Failure) 312M->90M(393M) 1.656ms
[45.558s][info][gc,cpu         ] GC(87) User=0.00s Sys=0.00s Real=0.00s
[46.040s][info][gc,start       ] GC(88) Pause Young (Allocation Failure)
[46.043s][info][gc,heap        ] GC(88) PSYoungGen: 219200K(227840K)->64K(211456K) Eden: 219136K(219136K)->0K(210944K) From: 64K(8704K)->64K(512K)
[46.043s][info][gc,heap        ] GC(88) ParOldGen: 92282K(175104K)->92298K(175104K)
[46.043s][info][gc,metaspace   ] GC(88) Metaspace: 34316K(35008K)->34316K(35008K) NonClass: 28056K(28544K)->28056K(28544K) Class: 6259K(6464K)->6259K(6464K)
[46.043s][info][gc             ] GC(88) Pause Young (Allocation Failure) 304M->90M(377M) 2.335ms
[46.043s][info][gc,cpu         ] GC(88) User=0.00s Sys=0.01s Real=0.00s
[46.820s][info][gc,start       ] GC(89) Pause Young (Allocation Failure)
[46.822s][info][gc,heap        ] GC(89) PSYoungGen: 211008K(211456K)->32K(210944K) Eden: 210944K(210944K)->0K(203264K) From: 64K(512K)->32K(7680K)
[46.822s][info][gc,heap        ] GC(89) ParOldGen: 92298K(175104K)->92306K(175104K)
[46.822s][info][gc,metaspace   ] GC(89) Metaspace: 34316K(35008K)->34316K(35008K) NonClass: 28056K(28544K)->28056K(28544K) Class: 6259K(6464K)->6259K(6464K)
[46.822s][info][gc             ] GC(89) Pause Young (Allocation Failure) 296M->90M(377M) 1.467ms
[46.822s][info][gc,cpu         ] GC(89) User=0.00s Sys=0.00s Real=0.00s
[47.075s][info][gc,start       ] GC(90) Pause Young (Allocation Failure)
[47.077s][info][gc,heap        ] GC(90) PSYoungGen: 203296K(210944K)->64K(196096K) Eden: 203264K(203264K)->0K(195584K) From: 32K(7680K)->64K(512K)
[47.077s][info][gc,heap        ] GC(90) ParOldGen: 92306K(175104K)->92314K(175104K)
[47.077s][info][gc,metaspace   ] GC(90) Metaspace: 34316K(35008K)->34316K(35008K) NonClass: 28056K(28544K)->28056K(28544K) Class: 6259K(6464K)->6259K(6464K)
[47.077s][info][gc             ] GC(90) Pause Young (Allocation Failure) 288M->90M(362M) 1.843ms
[47.077s][info][gc,cpu         ] GC(90) User=0.00s Sys=0.00s Real=0.01s
[47.232s][info][gc,start       ] GC(91) Pause Young (Allocation Failure)
[47.232s][info][gc,heap        ] GC(91) PSYoungGen: 195648K(196096K)->64K(195072K) Eden: 195584K(195584K)->0K(188416K) From: 64K(512K)->64K(6656K)
[47.232s][info][gc,heap        ] GC(91) ParOldGen: 92314K(175104K)->92322K(175104K)
[47.233s][info][gc,metaspace   ] GC(91) Metaspace: 34342K(35008K)->34342K(35008K) NonClass: 28083K(28544K)->28083K(28544K) Class: 6259K(6464K)->6259K(6464K)
[47.233s][info][gc             ] GC(91) Pause Young (Allocation Failure) 281M->90M(361M) 0.939ms
[47.233s][info][gc,cpu         ] GC(91) User=0.00s Sys=0.00s Real=0.00s
[47.708s][info][gc,start       ] GC(92) Pause Young (Allocation Failure)
[47.710s][info][gc,heap        ] GC(92) PSYoungGen: 188480K(195072K)->64K(182272K) Eden: 188416K(188416K)->0K(181760K) From: 64K(6656K)->64K(512K)
[47.710s][info][gc,heap        ] GC(92) ParOldGen: 92322K(175104K)->92330K(175104K)
[47.710s][info][gc,metaspace   ] GC(92) Metaspace: 34342K(35008K)->34342K(35008K) NonClass: 28083K(28544K)->28083K(28544K) Class: 6259K(6464K)->6259K(6464K)
[47.710s][info][gc             ] GC(92) Pause Young (Allocation Failure) 274M->90M(349M) 1.494ms
[47.710s][info][gc,cpu         ] GC(92) User=0.00s Sys=0.00s Real=0.00s
[48.054s][info][gc,start       ] GC(93) Pause Young (Allocation Failure)
[48.056s][info][gc,heap        ] GC(93) PSYoungGen: 181824K(182272K)->64K(180736K) Eden: 181760K(181760K)->0K(175104K) From: 64K(512K)->64K(5632K)
[48.056s][info][gc,heap        ] GC(93) ParOldGen: 92330K(175104K)->92338K(175104K)
[48.056s][info][gc,metaspace   ] GC(93) Metaspace: 34342K(35008K)->34342K(35008K) NonClass: 28083K(28544K)->28083K(28544K) Class: 6259K(6464K)->6259K(6464K)
[48.056s][info][gc             ] GC(93) Pause Young (Allocation Failure) 267M->90M(347M) 1.291ms
[48.056s][info][gc,cpu         ] GC(93) User=0.01s Sys=0.00s Real=0.01s
[48.309s][info][gc,start       ] GC(94) Pause Young (Allocation Failure)
[48.310s][info][gc,heap        ] GC(94) PSYoungGen: 175168K(180736K)->64K(169472K) Eden: 175104K(175104K)->0K(168960K) From: 64K(5632K)->64K(512K)
[48.310s][info][gc,heap        ] GC(94) ParOldGen: 92338K(175104K)->92346K(175104K)
[48.310s][info][gc,metaspace   ] GC(94) Metaspace: 34342K(35008K)->34342K(35008K) NonClass: 28083K(28544K)->28083K(28544K) Class: 6259K(6464K)->6259K(6464K)
[48.310s][info][gc             ] GC(94) Pause Young (Allocation Failure) 261M->90M(336M) 1.270ms
[48.310s][info][gc,cpu         ] GC(94) User=0.00s Sys=0.00s Real=0.00s
[48.621s][info][gc,start       ] GC(95) Pause Young (Allocation Failure)
[48.645s][info][gc,heap        ] GC(95) PSYoungGen: 169024K(169472K)->5120K(207872K) Eden: 168960K(168960K)->0K(202752K) From: 64K(512K)->5120K(5120K)
[48.645s][info][gc,heap        ] GC(95) ParOldGen: 92346K(175104K)->99066K(175104K)
[48.645s][info][gc,metaspace   ] GC(95) Metaspace: 34357K(35008K)->34357K(35008K) NonClass: 28098K(28544K)->28098K(28544K) Class: 6259K(6464K)->6259K(6464K)
[48.645s][info][gc             ] GC(95) Pause Young (Allocation Failure) 255M->101M(374M) 23.521ms
[48.645s][info][gc,cpu         ] GC(95) User=0.04s Sys=0.00s Real=0.02s
[48.883s][info][gc,start       ] GC(96) Pause Young (Allocation Failure)
[48.929s][info][gc,heap        ] GC(96) PSYoungGen: 207872K(207872K)->5120K(247296K) Eden: 202752K(202752K)->0K(242176K) From: 5120K(5120K)->5120K(5120K)
[48.929s][info][gc,heap        ] GC(96) ParOldGen: 99066K(175104K)->115594K(175104K)
[48.929s][info][gc,metaspace   ] GC(96) Metaspace: 34357K(35008K)->34357K(35008K) NonClass: 28098K(28544K)->28098K(28544K) Class: 6259K(6464K)->6259K(6464K)
[48.929s][info][gc             ] GC(96) Pause Young (Allocation Failure) 299M->117M(412M) 46.197ms
[48.929s][info][gc,cpu         ] GC(96) User=0.08s Sys=0.01s Real=0.05s
[49.220s][info][gc,start       ] GC(97) Pause Young (Allocation Failure)
[49.271s][info][gc,heap        ] GC(97) PSYoungGen: 247296K(247296K)->15360K(257536K) Eden: 242176K(242176K)->0K(242176K) From: 5120K(5120K)->15360K(15360K)
[49.271s][info][gc,heap        ] GC(97) ParOldGen: 115594K(175104K)->126378K(175104K)
[49.271s][info][gc,metaspace   ] GC(97) Metaspace: 34357K(35008K)->34357K(35008K) NonClass: 28098K(28544K)->28098K(28544K) Class: 6259K(6464K)->6259K(6464K)
[49.271s][info][gc             ] GC(97) Pause Young (Allocation Failure) 354M->138M(422M) 51.104ms
[49.271s][info][gc,cpu         ] GC(97) User=0.09s Sys=0.01s Real=0.05s
[49.439s][info][gc,start       ] GC(98) Pause Young (Allocation Failure)
[49.464s][info][gc,heap        ] GC(98) PSYoungGen: 257536K(257536K)->10240K(311296K) Eden: 242176K(242176K)->0K(288768K) From: 15360K(15360K)->10240K(22528K)
[49.464s][info][gc,heap        ] GC(98) ParOldGen: 126378K(175104K)->126762K(175104K)
[49.464s][info][gc,metaspace   ] GC(98) Metaspace: 34370K(35072K)->34370K(35072K) NonClass: 28110K(28608K)->28110K(28608K) Class: 6259K(6464K)->6259K(6464K)
[49.464s][info][gc             ] GC(98) Pause Young (Allocation Failure) 374M->133M(475M) 24.451ms
[49.464s][info][gc,cpu         ] GC(98) User=0.04s Sys=0.01s Real=0.02s
[49.870s][info][gc,start       ] GC(99) Pause Young (Allocation Failure)
[49.871s][info][gc,heap        ] GC(99) PSYoungGen: 299008K(311296K)->64K(289280K) Eden: 288768K(288768K)->0K(288768K) From: 10240K(22528K)->64K(512K)
[49.871s][info][gc,heap        ] GC(99) ParOldGen: 126762K(175104K)->126770K(175104K)
[49.871s][info][gc,metaspace   ] GC(99) Metaspace: 34370K(35072K)->34370K(35072K) NonClass: 28110K(28608K)->28110K(28608K) Class: 6259K(6464K)->6259K(6464K)
[49.871s][info][gc             ] GC(99) Pause Young (Allocation Failure) 415M->123M(453M) 1.221ms
[49.871s][info][gc,cpu         ] GC(99) User=0.00s Sys=0.00s Real=0.00s
[50.640s][info][gc,start       ] GC(100) Pause Young (Allocation Failure)
[50.642s][info][gc,heap        ] GC(100) PSYoungGen: 288832K(289280K)->64K(311296K) Eden: 288768K(288768K)->0K(289280K) From: 64K(512K)->64K(22016K)
[50.642s][info][gc,heap        ] GC(100) ParOldGen: 126770K(175104K)->126778K(175104K)
[50.642s][info][gc,metaspace   ] GC(100) Metaspace: 34370K(35072K)->34370K(35072K) NonClass: 28110K(28608K)->28110K(28608K) Class: 6259K(6464K)->6259K(6464K)
[50.642s][info][gc             ] GC(100) Pause Young (Allocation Failure) 405M->123M(475M) 1.628ms
[50.642s][info][gc,cpu         ] GC(100) User=0.00s Sys=0.01s Real=0.00s
[51.511s][info][gc,start       ] GC(101) Pause Young (Allocation Failure)
[51.512s][info][gc,heap        ] GC(101) PSYoungGen: 289344K(311296K)->64K(310784K) Eden: 289280K(289280K)->0K(289280K) From: 64K(22016K)->64K(21504K)
[51.512s][info][gc,heap        ] GC(101) ParOldGen: 126778K(175104K)->126794K(175104K)
[51.512s][info][gc,metaspace   ] GC(101) Metaspace: 34402K(35072K)->34402K(35072K) NonClass: 28143K(28608K)->28143K(28608K) Class: 6259K(6464K)->6259K(6464K)
[51.512s][info][gc             ] GC(101) Pause Young (Allocation Failure) 406M->123M(474M) 1.555ms
[51.512s][info][gc,cpu         ] GC(101) User=0.00s Sys=0.00s Real=0.00s
[51.766s][info][gc,start       ] GC(102) Pause Young (Allocation Failure)
[51.768s][info][gc,heap        ] GC(102) PSYoungGen: 289344K(310784K)->64K(311296K) Eden: 289280K(289280K)->0K(290816K) From: 64K(21504K)->64K(20480K)
[51.768s][info][gc,heap        ] GC(102) ParOldGen: 126794K(175104K)->126810K(175104K)
[51.768s][info][gc,metaspace   ] GC(102) Metaspace: 34402K(35072K)->34402K(35072K) NonClass: 28143K(28608K)->28143K(28608K) Class: 6259K(6464K)->6259K(6464K)
[51.768s][info][gc             ] GC(102) Pause Young (Allocation Failure) 406M->123M(475M) 1.611ms
[51.768s][info][gc,cpu         ] GC(102) User=0.00s Sys=0.00s Real=0.00s
[52.029s][info][gc,start       ] GC(103) Pause Young (Allocation Failure)
[52.030s][info][gc,heap        ] GC(103) PSYoungGen: 290880K(311296K)->32K(310784K) Eden: 290816K(290816K)->0K(290816K) From: 64K(20480K)->32K(19968K)
[52.030s][info][gc,heap        ] GC(103) ParOldGen: 126810K(175104K)->126810K(175104K)
[52.030s][info][gc,metaspace   ] GC(103) Metaspace: 34402K(35072K)->34402K(35072K) NonClass: 28143K(28608K)->28143K(28608K) Class: 6259K(6464K)->6259K(6464K)
[52.030s][info][gc             ] GC(103) Pause Young (Allocation Failure) 407M->123M(474M) 1.403ms
[52.030s][info][gc,cpu         ] GC(103) User=0.00s Sys=0.00s Real=0.00s
[52.427s][info][gc,start       ] GC(104) Pause Young (Allocation Failure)
[52.428s][info][gc,heap        ] GC(104) PSYoungGen: 290848K(310784K)->64K(312832K) Eden: 290816K(290816K)->0K(294400K) From: 32K(19968K)->64K(18432K)
[52.428s][info][gc,heap        ] GC(104) ParOldGen: 126810K(175104K)->126810K(175104K)
[52.428s][info][gc,metaspace   ] GC(104) Metaspace: 34402K(35072K)->34402K(35072K) NonClass: 28143K(28608K)->28143K(28608K) Class: 6259K(6464K)->6259K(6464K)
[52.428s][info][gc             ] GC(104) Pause Young (Allocation Failure) 407M->123M(476M) 1.486ms
[52.428s][info][gc,cpu         ] GC(104) User=0.01s Sys=0.00s Real=0.00s
[52.593s][info][gc,start       ] GC(105) Pause Young (Allocation Failure)
[52.595s][info][gc,heap        ] GC(105) PSYoungGen: 294464K(312832K)->64K(312320K) Eden: 294400K(294400K)->0K(294400K) From: 64K(18432K)->64K(17920K)
[52.595s][info][gc,heap        ] GC(105) ParOldGen: 126810K(175104K)->126826K(175104K)
[52.595s][info][gc,metaspace   ] GC(105) Metaspace: 34416K(35072K)->34416K(35072K) NonClass: 28157K(28608K)->28157K(28608K) Class: 6259K(6464K)->6259K(6464K)
[52.595s][info][gc             ] GC(105) Pause Young (Allocation Failure) 411M->123M(476M) 1.420ms
[52.595s][info][gc,cpu         ] GC(105) User=0.00s Sys=0.00s Real=0.00s
[52.655s][info][gc,start       ] GC(106) Pause Young (Allocation Failure)
[52.656s][info][gc,heap        ] GC(106) PSYoungGen: 294464K(312320K)->32K(314880K) Eden: 294400K(294400K)->0K(298496K) From: 64K(17920K)->32K(16384K)
[52.656s][info][gc,heap        ] GC(106) ParOldGen: 126826K(175104K)->126842K(175104K)
[52.656s][info][gc,metaspace   ] GC(106) Metaspace: 34416K(35072K)->34416K(35072K) NonClass: 28157K(28608K)->28157K(28608K) Class: 6259K(6464K)->6259K(6464K)
[52.656s][info][gc             ] GC(106) Pause Young (Allocation Failure) 411M->123M(478M) 1.236ms
[52.656s][info][gc,cpu         ] GC(106) User=0.00s Sys=0.00s Real=0.01s
[52.834s][info][gc,start       ] GC(107) Pause Young (Allocation Failure)
[52.835s][info][gc,heap        ] GC(107) PSYoungGen: 298528K(314880K)->64K(314880K) Eden: 298496K(298496K)->0K(298496K) From: 32K(16384K)->64K(16384K)
[52.835s][info][gc,heap        ] GC(107) ParOldGen: 126842K(175104K)->126842K(175104K)
[52.835s][info][gc,metaspace   ] GC(107) Metaspace: 34416K(35072K)->34416K(35072K) NonClass: 28157K(28608K)->28157K(28608K) Class: 6259K(6464K)->6259K(6464K)
[52.835s][info][gc             ] GC(107) Pause Young (Allocation Failure) 415M->123M(478M) 0.892ms
[52.835s][info][gc,cpu         ] GC(107) User=0.00s Sys=0.00s Real=0.00s
[53.183s][info][gc,start       ] GC(108) Pause Young (Allocation Failure)
[53.184s][info][gc,heap        ] GC(108) PSYoungGen: 298560K(314880K)->64K(316928K) Eden: 298496K(298496K)->0K(301568K) From: 64K(16384K)->64K(15360K)
[53.184s][info][gc,heap        ] GC(108) ParOldGen: 126842K(175104K)->126850K(175104K)
[53.184s][info][gc,metaspace   ] GC(108) Metaspace: 34416K(35072K)->34416K(35072K) NonClass: 28157K(28608K)->28157K(28608K) Class: 6259K(6464K)->6259K(6464K)
[53.184s][info][gc             ] GC(108) Pause Young (Allocation Failure) 415M->123M(480M) 0.850ms
[53.184s][info][gc,cpu         ] GC(108) User=0.00s Sys=0.00s Real=0.00s
[53.387s][info][gc,start       ] GC(109) Pause Young (Allocation Failure)
[53.388s][info][gc,heap        ] GC(109) PSYoungGen: 301632K(316928K)->64K(289792K) Eden: 301568K(301568K)->0K(289280K) From: 64K(15360K)->64K(512K)
[53.389s][info][gc,heap        ] GC(109) ParOldGen: 126850K(175104K)->126858K(175104K)
[53.389s][info][gc,metaspace   ] GC(109) Metaspace: 34416K(35072K)->34416K(35072K) NonClass: 28157K(28608K)->28157K(28608K) Class: 6259K(6464K)->6259K(6464K)
[53.389s][info][gc             ] GC(109) Pause Young (Allocation Failure) 418M->123M(454M) 1.232ms
[53.389s][info][gc,cpu         ] GC(109) User=0.00s Sys=0.00s Real=0.00s
[53.468s][info][gc,start       ] GC(110) Pause Young (Allocation Failure)
[53.470s][info][gc,heap        ] GC(110) PSYoungGen: 289344K(289792K)->32K(304128K) Eden: 289280K(289280K)->0K(290304K) From: 64K(512K)->32K(13824K)
[53.470s][info][gc,heap        ] GC(110) ParOldGen: 126858K(175104K)->126874K(175104K)
[53.470s][info][gc,metaspace   ] GC(110) Metaspace: 34416K(35072K)->34416K(35072K) NonClass: 28157K(28608K)->28157K(28608K) Class: 6259K(6464K)->6259K(6464K)
[53.470s][info][gc             ] GC(110) Pause Young (Allocation Failure) 406M->123M(468M) 1.741ms
[53.470s][info][gc,cpu         ] GC(110) User=0.00s Sys=0.00s Real=0.00s
[53.739s][info][gc,start       ] GC(111) Pause Young (Allocation Failure)
[53.741s][info][gc,heap        ] GC(111) PSYoungGen: 290336K(304128K)->64K(279040K) Eden: 290304K(290304K)->0K(278528K) From: 32K(13824K)->64K(512K)
[53.741s][info][gc,heap        ] GC(111) ParOldGen: 126874K(175104K)->126874K(175104K)
[53.741s][info][gc,metaspace   ] GC(111) Metaspace: 34436K(35136K)->34436K(35136K) NonClass: 28177K(28672K)->28177K(28672K) Class: 6259K(6464K)->6259K(6464K)
[53.741s][info][gc             ] GC(111) Pause Young (Allocation Failure) 407M->123M(443M) 2.123ms
[53.741s][info][gc,cpu         ] GC(111) User=0.00s Sys=0.00s Real=0.00s
[54.279s][info][gc,start       ] GC(112) Pause Young (Allocation Failure)
[54.280s][info][gc,heap        ] GC(112) PSYoungGen: 278592K(279040K)->64K(267776K) Eden: 278528K(278528K)->0K(267264K) From: 64K(512K)->64K(512K)
[54.280s][info][gc,heap        ] GC(112) ParOldGen: 126874K(175104K)->126882K(175104K)
[54.280s][info][gc,metaspace   ] GC(112) Metaspace: 34457K(35136K)->34457K(35136K) NonClass: 28198K(28672K)->28198K(28672K) Class: 6259K(6464K)->6259K(6464K)
[54.280s][info][gc             ] GC(112) Pause Young (Allocation Failure) 395M->123M(432M) 1.770ms
[54.280s][info][gc,cpu         ] GC(112) User=0.00s Sys=0.00s Real=0.00s
[55.037s][info][gc,start       ] GC(113) Pause Young (Allocation Failure)
[55.038s][info][gc,heap        ] GC(113) PSYoungGen: 267328K(267776K)->64K(268288K) Eden: 267264K(267264K)->0K(257024K) From: 64K(512K)->64K(11264K)
[55.038s][info][gc,heap        ] GC(113) ParOldGen: 126882K(175104K)->126890K(175104K)
[55.038s][info][gc,metaspace   ] GC(113) Metaspace: 34457K(35136K)->34457K(35136K) NonClass: 28198K(28672K)->28198K(28672K) Class: 6259K(6464K)->6259K(6464K)
[55.038s][info][gc             ] GC(113) Pause Young (Allocation Failure) 384M->123M(433M) 0.866ms
[55.038s][info][gc,cpu         ] GC(113) User=0.00s Sys=0.00s Real=0.00s
[56.301s][info][gc,start       ] GC(114) Pause Young (Allocation Failure)
[56.302s][info][gc,heap        ] GC(114) PSYoungGen: 257088K(268288K)->64K(247296K) Eden: 257024K(257024K)->0K(246784K) From: 64K(11264K)->64K(512K)
[56.302s][info][gc,heap        ] GC(114) ParOldGen: 126890K(175104K)->126898K(175104K)
[56.302s][info][gc,metaspace   ] GC(114) Metaspace: 34517K(35200K)->34517K(35200K) NonClass: 28258K(28736K)->28258K(28736K) Class: 6259K(6464K)->6259K(6464K)
[56.302s][info][gc             ] GC(114) Pause Young (Allocation Failure) 374M->123M(412M) 1.845ms
[56.302s][info][gc,cpu         ] GC(114) User=0.01s Sys=0.00s Real=0.00s
[56.702s][info][gc,start       ] GC(115) Pause Young (Allocation Failure)
[56.704s][info][gc,heap        ] GC(115) PSYoungGen: 246848K(247296K)->64K(247296K) Eden: 246784K(246784K)->0K(237056K) From: 64K(512K)->64K(10240K)
[56.704s][info][gc,heap        ] GC(115) ParOldGen: 126898K(175104K)->126914K(175104K)
[56.704s][info][gc,metaspace   ] GC(115) Metaspace: 34517K(35200K)->34517K(35200K) NonClass: 28258K(28736K)->28258K(28736K) Class: 6259K(6464K)->6259K(6464K)
[56.704s][info][gc             ] GC(115) Pause Young (Allocation Failure) 364M->124M(412M) 1.535ms
[56.704s][info][gc,cpu         ] GC(115) User=0.00s Sys=0.00s Real=0.00s
[57.322s][info][gc,start       ] GC(116) Pause Young (Allocation Failure)
[57.324s][info][gc,heap        ] GC(116) PSYoungGen: 237120K(247296K)->64K(228352K) Eden: 237056K(237056K)->0K(227840K) From: 64K(10240K)->64K(512K)
[57.324s][info][gc,heap        ] GC(116) ParOldGen: 126914K(175104K)->126930K(175104K)
[57.324s][info][gc,metaspace   ] GC(116) Metaspace: 34572K(35264K)->34572K(35264K) NonClass: 28313K(28800K)->28313K(28800K) Class: 6259K(6464K)->6259K(6464K)
[57.324s][info][gc             ] GC(116) Pause Young (Allocation Failure) 355M->124M(394M) 2.360ms
[57.324s][info][gc,cpu         ] GC(116) User=0.00s Sys=0.00s Real=0.00s
[58.511s][info][gc,start       ] GC(117) Pause Young (Allocation Failure)
[58.512s][info][gc,heap        ] GC(117) PSYoungGen: 227904K(228352K)->64K(227840K) Eden: 227840K(227840K)->0K(219136K) From: 64K(512K)->64K(8704K)
[58.512s][info][gc,heap        ] GC(117) ParOldGen: 126930K(175104K)->126938K(175104K)
[58.512s][info][gc,metaspace   ] GC(117) Metaspace: 34574K(35264K)->34574K(35264K) NonClass: 28315K(28800K)->28315K(28800K) Class: 6259K(6464K)->6259K(6464K)
[58.512s][info][gc             ] GC(117) Pause Young (Allocation Failure) 346M->124M(393M) 1.133ms
[58.512s][info][gc,cpu         ] GC(117) User=0.01s Sys=0.00s Real=0.00s
[59.286s][info][gc,start       ] GC(118) Pause Young (Allocation Failure)
[59.288s][info][gc,heap        ] GC(118) PSYoungGen: 219200K(227840K)->64K(211456K) Eden: 219136K(219136K)->0K(210944K) From: 64K(8704K)->64K(512K)
[59.288s][info][gc,heap        ] GC(118) ParOldGen: 126938K(175104K)->126946K(175104K)
[59.288s][info][gc,metaspace   ] GC(118) Metaspace: 34696K(35392K)->34696K(35392K) NonClass: 28436K(28928K)->28436K(28928K) Class: 6259K(6464K)->6259K(6464K)
[59.288s][info][gc             ] GC(118) Pause Young (Allocation Failure) 338M->124M(377M) 1.772ms
[59.288s][info][gc,cpu         ] GC(118) User=0.00s Sys=0.00s Real=0.00s
[59.512s][info][gc,start       ] GC(119) Pause Young (Allocation Failure)
[59.513s][info][gc,heap        ] GC(119) PSYoungGen: 211008K(211456K)->64K(210944K) Eden: 210944K(210944K)->0K(203264K) From: 64K(512K)->64K(7680K)
[59.513s][info][gc,heap        ] GC(119) ParOldGen: 126946K(175104K)->126954K(175104K)
[59.513s][info][gc,metaspace   ] GC(119) Metaspace: 34716K(35392K)->34716K(35392K) NonClass: 28456K(28928K)->28456K(28928K) Class: 6259K(6464K)->6259K(6464K)
[59.513s][info][gc             ] GC(119) Pause Young (Allocation Failure) 330M->124M(377M) 0.800ms
[59.513s][info][gc,cpu         ] GC(119) User=0.00s Sys=0.00s Real=0.00s
[59.566s][info][gc,start       ] GC(120) Pause Young (Allocation Failure)
[59.568s][info][gc,heap        ] GC(120) PSYoungGen: 203328K(210944K)->32K(196096K) Eden: 203264K(203264K)->0K(195584K) From: 64K(7680K)->32K(512K)
[59.568s][info][gc,heap        ] GC(120) ParOldGen: 126954K(175104K)->126970K(175104K)
[59.568s][info][gc,metaspace   ] GC(120) Metaspace: 34716K(35392K)->34716K(35392K) NonClass: 28456K(28928K)->28456K(28928K) Class: 6259K(6464K)->6259K(6464K)
[59.568s][info][gc             ] GC(120) Pause Young (Allocation Failure) 322M->124M(362M) 2.159ms
[59.568s][info][gc,cpu         ] GC(120) User=0.01s Sys=0.00s Real=0.00s
[59.940s][info][gc,start       ] GC(121) Pause Young (Allocation Failure)
[59.942s][info][gc,heap        ] GC(121) PSYoungGen: 195616K(196096K)->32K(195072K) Eden: 195584K(195584K)->0K(188416K) From: 32K(512K)->32K(6656K)
[59.942s][info][gc,heap        ] GC(121) ParOldGen: 126970K(175104K)->126970K(175104K)
[59.942s][info][gc,metaspace   ] GC(121) Metaspace: 34716K(35392K)->34716K(35392K) NonClass: 28456K(28928K)->28456K(28928K) Class: 6259K(6464K)->6259K(6464K)
[59.942s][info][gc             ] GC(121) Pause Young (Allocation Failure) 315M->124M(361M) 1.405ms
[59.942s][info][gc,cpu         ] GC(121) User=0.00s Sys=0.00s Real=0.00s
[60.377s][info][gc,start       ] GC(122) Pause Young (Allocation Failure)
[60.379s][info][gc,heap        ] GC(122) PSYoungGen: 188448K(195072K)->64K(182272K) Eden: 188416K(188416K)->0K(181760K) From: 32K(6656K)->64K(512K)
[60.379s][info][gc,heap        ] GC(122) ParOldGen: 126970K(175104K)->126978K(175104K)
[60.379s][info][gc,metaspace   ] GC(122) Metaspace: 34719K(35392K)->34719K(35392K) NonClass: 28459K(28928K)->28459K(28928K) Class: 6259K(6464K)->6259K(6464K)
[60.379s][info][gc             ] GC(122) Pause Young (Allocation Failure) 308M->124M(349M) 1.754ms
[60.379s][info][gc,cpu         ] GC(122) User=0.01s Sys=0.00s Real=0.00s
[60.613s][info][gc,start       ] GC(123) Pause Young (Allocation Failure)
[60.614s][info][gc,heap        ] GC(123) PSYoungGen: 181824K(182272K)->64K(180736K) Eden: 181760K(181760K)->0K(175104K) From: 64K(512K)->64K(5632K)
[60.614s][info][gc,heap        ] GC(123) ParOldGen: 126978K(175104K)->126986K(175104K)
[60.614s][info][gc,metaspace   ] GC(123) Metaspace: 34720K(35392K)->34720K(35392K) NonClass: 28461K(28928K)->28461K(28928K) Class: 6259K(6464K)->6259K(6464K)
[60.614s][info][gc             ] GC(123) Pause Young (Allocation Failure) 301M->124M(347M) 0.898ms
[60.614s][info][gc,cpu         ] GC(123) User=0.01s Sys=0.00s Real=0.00s
[60.904s][info][gc,start       ] GC(124) Pause Young (Allocation Failure)
[60.922s][info][gc,heap        ] GC(124) PSYoungGen: 175168K(180736K)->5120K(215552K) Eden: 175104K(175104K)->0K(210432K) From: 64K(5632K)->5120K(5120K)
[60.922s][info][gc,heap        ] GC(124) ParOldGen: 126986K(175104K)->131770K(175104K)
[60.922s][info][gc,metaspace   ] GC(124) Metaspace: 34737K(35392K)->34737K(35392K) NonClass: 28478K(28928K)->28478K(28928K) Class: 6259K(6464K)->6259K(6464K)
[60.922s][info][gc             ] GC(124) Pause Young (Allocation Failure) 295M->133M(381M) 18.524ms
[60.922s][info][gc,cpu         ] GC(124) User=0.04s Sys=0.00s Real=0.02s
[61.147s][info][gc,start       ] GC(125) Pause Young (Allocation Failure)
[61.192s][info][gc,heap        ] GC(125) PSYoungGen: 215552K(215552K)->8192K(244736K) Eden: 210432K(210432K)->0K(236544K) From: 5120K(5120K)->8192K(8192K)
[61.192s][info][gc,heap        ] GC(125) ParOldGen: 131770K(175104K)->145954K(175104K)
[61.192s][info][gc,metaspace   ] GC(125) Metaspace: 34737K(35392K)->34737K(35392K) NonClass: 28478K(28928K)->28478K(28928K) Class: 6259K(6464K)->6259K(6464K)
[61.192s][info][gc             ] GC(125) Pause Young (Allocation Failure) 339M->150M(410M) 45.394ms
[61.192s][info][gc,cpu         ] GC(125) User=0.08s Sys=0.01s Real=0.04s
[61.442s][info][gc,start       ] GC(126) Pause Young (Allocation Failure)
[61.498s][info][gc,heap        ] GC(126) PSYoungGen: 244736K(244736K)->15360K(261120K) Eden: 236544K(236544K)->0K(245760K) From: 8192K(8192K)->15360K(15360K)
[61.498s][info][gc,heap        ] GC(126) ParOldGen: 145954K(175104K)->156058K(175104K)
[61.498s][info][gc,metaspace   ] GC(126) Metaspace: 34737K(35392K)->34737K(35392K) NonClass: 28478K(28928K)->28478K(28928K) Class: 6259K(6464K)->6259K(6464K)
[61.498s][info][gc             ] GC(126) Pause Young (Allocation Failure) 381M->167M(426M) 56.619ms
[61.498s][info][gc,cpu         ] GC(126) User=0.09s Sys=0.02s Real=0.06s
[61.655s][info][gc,start       ] GC(127) Pause Young (Allocation Failure)
[61.679s][info][gc,heap        ] GC(127) PSYoungGen: 261120K(261120K)->11936K(268288K) Eden: 245760K(245760K)->0K(245760K) From: 15360K(15360K)->11936K(22528K)
[61.679s][info][gc,heap        ] GC(127) ParOldGen: 156058K(175104K)->156426K(175104K)
[61.679s][info][gc,metaspace   ] GC(127) Metaspace: 34737K(35392K)->34737K(35392K) NonClass: 28478K(28928K)->28478K(28928K) Class: 6259K(6464K)->6259K(6464K)
[61.679s][info][gc             ] GC(127) Pause Young (Allocation Failure) 407M->164M(433M) 23.978ms
[61.679s][info][gc,cpu         ] GC(127) User=0.04s Sys=0.00s Real=0.03s
[61.875s][info][gc,start       ] GC(128) Pause Young (Allocation Failure)
[61.877s][info][gc,heap        ] GC(128) PSYoungGen: 257696K(268288K)->64K(310784K) Eden: 245760K(245760K)->0K(288256K) From: 11936K(22528K)->64K(22528K)
[61.877s][info][gc,heap        ] GC(128) ParOldGen: 156426K(175104K)->156442K(175104K)
[61.877s][info][gc,metaspace   ] GC(128) Metaspace: 34737K(35392K)->34737K(35392K) NonClass: 28478K(28928K)->28478K(28928K) Class: 6259K(6464K)->6259K(6464K)
[61.877s][info][gc             ] GC(128) Pause Young (Allocation Failure) 404M->152M(474M) 1.770ms
[61.877s][info][gc,cpu         ] GC(128) User=0.00s Sys=0.00s Real=0.00s
[62.632s][info][gc,start       ] GC(129) Pause Young (Allocation Failure)
[62.634s][info][gc,heap        ] GC(129) PSYoungGen: 288320K(310784K)->32K(288768K) Eden: 288256K(288256K)->0K(288256K) From: 64K(22528K)->32K(512K)
[62.634s][info][gc,heap        ] GC(129) ParOldGen: 156442K(175104K)->156450K(175104K)
[62.634s][info][gc,metaspace   ] GC(129) Metaspace: 34737K(35392K)->34737K(35392K) NonClass: 28478K(28928K)->28478K(28928K) Class: 6259K(6464K)->6259K(6464K)
[62.634s][info][gc             ] GC(129) Pause Young (Allocation Failure) 434M->152M(453M) 1.505ms
[62.634s][info][gc,cpu         ] GC(129) User=0.00s Sys=0.00s Real=0.00s
[63.232s][info][gc,start       ] GC(130) Pause Young (Allocation Failure)
[63.233s][info][gc,heap        ] GC(130) PSYoungGen: 288288K(288768K)->64K(310784K) Eden: 288256K(288256K)->0K(289280K) From: 32K(512K)->64K(21504K)
[63.233s][info][gc,heap        ] GC(130) ParOldGen: 156450K(175104K)->156450K(175104K)
[63.233s][info][gc,metaspace   ] GC(130) Metaspace: 34769K(35456K)->34769K(35456K) NonClass: 28510K(28992K)->28510K(28992K) Class: 6259K(6464K)->6259K(6464K)
[63.233s][info][gc             ] GC(130) Pause Young (Allocation Failure) 434M->152M(474M) 1.240ms
[63.233s][info][gc,cpu         ] GC(130) User=0.00s Sys=0.00s Real=0.00s
[63.794s][info][gc,start       ] GC(131) Pause Young (Allocation Failure)
[63.796s][info][gc,heap        ] GC(131) PSYoungGen: 289344K(310784K)->64K(310272K) Eden: 289280K(289280K)->0K(289280K) From: 64K(21504K)->64K(20992K)
[63.796s][info][gc,heap        ] GC(131) ParOldGen: 156450K(175104K)->156466K(175104K)
[63.796s][info][gc,metaspace   ] GC(131) Metaspace: 34769K(35456K)->34769K(35456K) NonClass: 28510K(28992K)->28510K(28992K) Class: 6259K(6464K)->6259K(6464K)
[63.796s][info][gc             ] GC(131) Pause Young (Allocation Failure) 435M->152M(474M) 1.247ms
[63.796s][info][gc,cpu         ] GC(131) User=0.00s Sys=0.00s Real=0.01s
[64.078s][info][gc,start       ] GC(132) Pause Young (Allocation Failure)
[64.079s][info][gc,heap        ] GC(132) PSYoungGen: 289344K(310272K)->64K(311808K) Eden: 289280K(289280K)->0K(291840K) From: 64K(20992K)->64K(19968K)
[64.079s][info][gc,heap        ] GC(132) ParOldGen: 156466K(175104K)->156482K(175104K)
[64.079s][info][gc,metaspace   ] GC(132) Metaspace: 34801K(35456K)->34801K(35456K) NonClass: 28542K(28992K)->28542K(28992K) Class: 6259K(6464K)->6259K(6464K)
[64.079s][info][gc             ] GC(132) Pause Young (Allocation Failure) 435M->152M(475M) 1.131ms
[64.079s][info][gc,cpu         ] GC(132) User=0.00s Sys=0.00s Real=0.00s
[64.315s][info][gc,start       ] GC(133) Pause Young (Allocation Failure)
[64.316s][info][gc,heap        ] GC(133) PSYoungGen: 291904K(311808K)->32K(311296K) Eden: 291840K(291840K)->0K(291840K) From: 64K(19968K)->32K(19456K)
[64.316s][info][gc,heap        ] GC(133) ParOldGen: 156482K(175104K)->156482K(175104K)
[64.316s][info][gc,metaspace   ] GC(133) Metaspace: 34801K(35456K)->34801K(35456K) NonClass: 28542K(28992K)->28542K(28992K) Class: 6259K(6464K)->6259K(6464K)
[64.316s][info][gc             ] GC(133) Pause Young (Allocation Failure) 437M->152M(475M) 0.996ms
[64.316s][info][gc,cpu         ] GC(133) User=0.00s Sys=0.00s Real=0.01s
[64.618s][info][gc,start       ] GC(134) Pause Young (Allocation Failure)
[64.619s][info][gc,heap        ] GC(134) PSYoungGen: 291872K(311296K)->64K(313344K) Eden: 291840K(291840K)->0K(295424K) From: 32K(19456K)->64K(17920K)
[64.619s][info][gc,heap        ] GC(134) ParOldGen: 156482K(175104K)->156482K(175104K)
[64.619s][info][gc,metaspace   ] GC(134) Metaspace: 34801K(35456K)->34801K(35456K) NonClass: 28542K(28992K)->28542K(28992K) Class: 6259K(6464K)->6259K(6464K)
[64.619s][info][gc             ] GC(134) Pause Young (Allocation Failure) 437M->152M(477M) 0.971ms
[64.619s][info][gc,cpu         ] GC(134) User=0.00s Sys=0.00s Real=0.00s
[64.681s][info][gc,start       ] GC(135) Pause Young (Allocation Failure)
[64.682s][info][gc,heap        ] GC(135) PSYoungGen: 295488K(313344K)->64K(312832K) Eden: 295424K(295424K)->0K(295424K) From: 64K(17920K)->64K(17408K)
[64.682s][info][gc,heap        ] GC(135) ParOldGen: 156482K(175104K)->156498K(175104K)
[64.682s][info][gc,metaspace   ] GC(135) Metaspace: 34801K(35456K)->34801K(35456K) NonClass: 28542K(28992K)->28542K(28992K) Class: 6259K(6464K)->6259K(6464K)
[64.682s][info][gc             ] GC(135) Pause Young (Allocation Failure) 441M->152M(476M) 0.980ms
[64.682s][info][gc,cpu         ] GC(135) User=0.00s Sys=0.00s Real=0.00s
[64.800s][info][gc,start       ] GC(136) Pause Young (Allocation Failure)
[64.801s][info][gc,heap        ] GC(136) PSYoungGen: 295488K(312832K)->64K(315392K) Eden: 295424K(295424K)->0K(299008K) From: 64K(17408K)->64K(16384K)
[64.801s][info][gc,heap        ] GC(136) ParOldGen: 156498K(175104K)->156498K(175104K)
[64.801s][info][gc,metaspace   ] GC(136) Metaspace: 34803K(35456K)->34803K(35456K) NonClass: 28543K(28992K)->28543K(28992K) Class: 6259K(6464K)->6259K(6464K)
[64.801s][info][gc             ] GC(136) Pause Young (Allocation Failure) 441M->152M(479M) 1.009ms
[64.801s][info][gc,cpu         ] GC(136) User=0.00s Sys=0.00s Real=0.00s
[65.158s][info][gc,start       ] GC(137) Pause Young (Allocation Failure)
[65.159s][info][gc,heap        ] GC(137) PSYoungGen: 299072K(315392K)->64K(314880K) Eden: 299008K(299008K)->0K(299008K) From: 64K(16384K)->64K(15872K)
[65.159s][info][gc,heap        ] GC(137) ParOldGen: 156498K(175104K)->156514K(175104K)
[65.159s][info][gc,metaspace   ] GC(137) Metaspace: 34803K(35456K)->34803K(35456K) NonClass: 28543K(28992K)->28543K(28992K) Class: 6259K(6464K)->6259K(6464K)
[65.159s][info][gc             ] GC(137) Pause Young (Allocation Failure) 444M->152M(478M) 1.026ms
[65.159s][info][gc,cpu         ] GC(137) User=0.01s Sys=0.00s Real=0.00s
[65.377s][info][gc,start       ] GC(138) Pause Young (Allocation Failure)
[65.378s][info][gc,heap        ] GC(138) PSYoungGen: 299072K(314880K)->64K(287744K) Eden: 299008K(299008K)->0K(287232K) From: 64K(15872K)->64K(512K)
[65.378s][info][gc,heap        ] GC(138) ParOldGen: 156514K(175104K)->156514K(175104K)
[65.378s][info][gc,metaspace   ] GC(138) Metaspace: 34803K(35456K)->34803K(35456K) NonClass: 28543K(28992K)->28543K(28992K) Class: 6259K(6464K)->6259K(6464K)
[65.378s][info][gc             ] GC(138) Pause Young (Allocation Failure) 444M->152M(452M) 1.009ms
[65.378s][info][gc,cpu         ] GC(138) User=0.00s Sys=0.00s Real=0.00s
[65.456s][info][gc,start       ] GC(139) Pause Young (Allocation Failure)
[65.457s][info][gc,heap        ] GC(139) PSYoungGen: 287296K(287744K)->64K(289792K) Eden: 287232K(287232K)->0K(275968K) From: 64K(512K)->64K(13824K)
[65.457s][info][gc,heap        ] GC(139) ParOldGen: 156514K(175104K)->156530K(175104K)
[65.457s][info][gc,metaspace   ] GC(139) Metaspace: 34803K(35456K)->34803K(35456K) NonClass: 28543K(28992K)->28543K(28992K) Class: 6259K(6464K)->6259K(6464K)
[65.457s][info][gc             ] GC(139) Pause Young (Allocation Failure) 433M->152M(454M) 0.911ms
[65.457s][info][gc,cpu         ] GC(139) User=0.00s Sys=0.00s Real=0.00s
[65.601s][info][gc,start       ] GC(140) Pause Young (Allocation Failure)
[65.602s][info][gc,heap        ] GC(140) PSYoungGen: 276032K(289792K)->64K(265728K) Eden: 275968K(275968K)->0K(265216K) From: 64K(13824K)->64K(512K)
[65.602s][info][gc,heap        ] GC(140) ParOldGen: 156530K(175104K)->156530K(175104K)
[65.602s][info][gc,metaspace   ] GC(140) Metaspace: 34803K(35456K)->34803K(35456K) NonClass: 28543K(28992K)->28543K(28992K) Class: 6259K(6464K)->6259K(6464K)
[65.602s][info][gc             ] GC(140) Pause Young (Allocation Failure) 422M->152M(430M) 0.975ms
[65.602s][info][gc,cpu         ] GC(140) User=0.00s Sys=0.00s Real=0.00s
[65.893s][info][gc,start       ] GC(141) Pause Young (Allocation Failure)
[65.895s][info][gc,heap        ] GC(141) PSYoungGen: 265280K(265728K)->64K(267264K) Eden: 265216K(265216K)->0K(254976K) From: 64K(512K)->64K(12288K)
[65.895s][info][gc,heap        ] GC(141) ParOldGen: 156530K(175104K)->156546K(175104K)
[65.895s][info][gc,metaspace   ] GC(141) Metaspace: 34803K(35456K)->34803K(35456K) NonClass: 28543K(28992K)->28543K(28992K) Class: 6259K(6464K)->6259K(6464K)
[65.895s][info][gc             ] GC(141) Pause Young (Allocation Failure) 411M->152M(432M) 1.620ms
[65.895s][info][gc,cpu         ] GC(141) User=0.00s Sys=0.00s Real=0.00s
[66.756s][info][gc,start       ] GC(142) Pause Young (Allocation Failure)
[66.758s][info][gc,heap        ] GC(142) PSYoungGen: 255040K(267264K)->64K(245760K) Eden: 254976K(254976K)->0K(245248K) From: 64K(12288K)->64K(512K)
[66.758s][info][gc,heap        ] GC(142) ParOldGen: 156546K(175104K)->156554K(175104K)
[66.758s][info][gc,metaspace   ] GC(142) Metaspace: 34871K(35520K)->34871K(35520K) NonClass: 28611K(29056K)->28611K(29056K) Class: 6259K(6464K)->6259K(6464K)
[66.758s][info][gc             ] GC(142) Pause Young (Allocation Failure) 401M->152M(411M) 2.118ms
[66.758s][info][gc,cpu         ] GC(142) User=0.00s Sys=0.00s Real=0.00s
[67.733s][info][gc,start       ] GC(143) Pause Young (Allocation Failure)
[67.735s][info][gc,heap        ] GC(143) PSYoungGen: 245312K(245760K)->64K(246784K) Eden: 245248K(245248K)->0K(236032K) From: 64K(512K)->64K(10752K)
[67.735s][info][gc,heap        ] GC(143) ParOldGen: 156554K(175104K)->156562K(175104K)
[67.735s][info][gc,metaspace   ] GC(143) Metaspace: 34871K(35520K)->34871K(35520K) NonClass: 28611K(29056K)->28611K(29056K) Class: 6259K(6464K)->6259K(6464K)
[67.735s][info][gc             ] GC(143) Pause Young (Allocation Failure) 392M->152M(412M) 1.561ms
[67.735s][info][gc,cpu         ] GC(143) User=0.00s Sys=0.00s Real=0.00s
[67.950s][info][gc,start       ] GC(144) Pause Young (Allocation Failure)
[67.953s][info][gc,heap        ] GC(144) PSYoungGen: 236096K(246784K)->64K(227328K) Eden: 236032K(236032K)->0K(226816K) From: 64K(10752K)->64K(512K)
[67.953s][info][gc,heap        ] GC(144) ParOldGen: 156562K(175104K)->156578K(175104K)
[67.953s][info][gc,metaspace   ] GC(144) Metaspace: 34871K(35520K)->34871K(35520K) NonClass: 28611K(29056K)->28611K(29056K) Class: 6259K(6464K)->6259K(6464K)
[67.953s][info][gc             ] GC(144) Pause Young (Allocation Failure) 383M->152M(393M) 2.189ms
[67.953s][info][gc,cpu         ] GC(144) User=0.00s Sys=0.00s Real=0.00s
[68.424s][info][gc,start       ] GC(145) Pause Young (Allocation Failure)
[68.426s][info][gc,heap        ] GC(145) PSYoungGen: 226880K(227328K)->32K(227328K) Eden: 226816K(226816K)->0K(218112K) From: 64K(512K)->32K(9216K)
[68.426s][info][gc,heap        ] GC(145) ParOldGen: 156578K(175104K)->156586K(175104K)
[68.426s][info][gc,metaspace   ] GC(145) Metaspace: 34872K(35520K)->34872K(35520K) NonClass: 28612K(29056K)->28612K(29056K) Class: 6259K(6464K)->6259K(6464K)
[68.426s][info][gc             ] GC(145) Pause Young (Allocation Failure) 374M->152M(393M) 1.728ms
[68.426s][info][gc,cpu         ] GC(145) User=0.01s Sys=0.00s Real=0.01s
[69.538s][info][gc,start       ] GC(146) Pause Young (Allocation Failure)
[69.540s][info][gc,heap        ] GC(146) PSYoungGen: 218144K(227328K)->64K(210432K) Eden: 218112K(218112K)->0K(209920K) From: 32K(9216K)->64K(512K)
[69.540s][info][gc,heap        ] GC(146) ParOldGen: 156586K(175104K)->156602K(175104K)
[69.540s][info][gc,metaspace   ] GC(146) Metaspace: 34874K(35520K)->34874K(35520K) NonClass: 28615K(29056K)->28615K(29056K) Class: 6259K(6464K)->6259K(6464K)
[69.540s][info][gc             ] GC(146) Pause Young (Allocation Failure) 365M->152M(376M) 2.502ms
[69.540s][info][gc,cpu         ] GC(146) User=0.00s Sys=0.00s Real=0.00s
[69.883s][info][gc,start       ] GC(147) Pause Young (Allocation Failure)
[69.885s][info][gc,heap        ] GC(147) PSYoungGen: 209984K(210432K)->32K(210432K) Eden: 209920K(209920K)->0K(202240K) From: 64K(512K)->32K(8192K)
[69.885s][info][gc,heap        ] GC(147) ParOldGen: 156602K(175104K)->156610K(175104K)
[69.885s][info][gc,metaspace   ] GC(147) Metaspace: 34874K(35520K)->34874K(35520K) NonClass: 28615K(29056K)->28615K(29056K) Class: 6259K(6464K)->6259K(6464K)
[69.885s][info][gc             ] GC(147) Pause Young (Allocation Failure) 357M->152M(376M) 1.696ms
[69.885s][info][gc,cpu         ] GC(147) User=0.00s Sys=0.00s Real=0.00s
[70.279s][info][gc,start       ] GC(148) Pause Young (Allocation Failure)
[70.280s][info][gc,heap        ] GC(148) PSYoungGen: 202272K(210432K)->64K(195584K) Eden: 202240K(202240K)->0K(195072K) From: 32K(8192K)->64K(512K)
[70.280s][info][gc,heap        ] GC(148) ParOldGen: 156610K(175104K)->156618K(175104K)
[70.280s][info][gc,metaspace   ] GC(148) Metaspace: 34885K(35584K)->34885K(35584K) NonClass: 28625K(29120K)->28625K(29120K) Class: 6259K(6464K)->6259K(6464K)
[70.280s][info][gc             ] GC(148) Pause Young (Allocation Failure) 350M->153M(362M) 1.439ms
[70.280s][info][gc,cpu         ] GC(148) User=0.00s Sys=0.00s Real=0.00s
[70.447s][info][gc,start       ] GC(149) Pause Young (Allocation Failure)
[70.448s][info][gc,heap        ] GC(149) PSYoungGen: 195136K(195584K)->64K(195072K) Eden: 195072K(195072K)->0K(187904K) From: 64K(512K)->64K(7168K)
[70.448s][info][gc,heap        ] GC(149) ParOldGen: 156618K(175104K)->156626K(175104K)
[70.448s][info][gc,metaspace   ] GC(149) Metaspace: 34885K(35584K)->34885K(35584K) NonClass: 28625K(29120K)->28625K(29120K) Class: 6259K(6464K)->6259K(6464K)
[70.448s][info][gc             ] GC(149) Pause Young (Allocation Failure) 343M->153M(361M) 0.827ms
[70.448s][info][gc,cpu         ] GC(149) User=0.00s Sys=0.00s Real=0.00s
[70.513s][info][gc,start       ] GC(150) Pause Young (Allocation Failure)
[70.515s][info][gc,heap        ] GC(150) PSYoungGen: 187968K(195072K)->64K(181760K) Eden: 187904K(187904K)->0K(181248K) From: 64K(7168K)->64K(512K)
[70.515s][info][gc,heap        ] GC(150) ParOldGen: 156626K(175104K)->156634K(175104K)
[70.515s][info][gc,metaspace   ] GC(150) Metaspace: 34885K(35584K)->34885K(35584K) NonClass: 28625K(29120K)->28625K(29120K) Class: 6259K(6464K)->6259K(6464K)
[70.515s][info][gc             ] GC(150) Pause Young (Allocation Failure) 336M->153M(348M) 2.143ms
[70.515s][info][gc,cpu         ] GC(150) User=0.00s Sys=0.00s Real=0.00s
[70.888s][info][gc,start       ] GC(151) Pause Young (Allocation Failure)
[70.889s][info][gc,heap        ] GC(151) PSYoungGen: 181312K(181760K)->64K(181248K) Eden: 181248K(181248K)->0K(175104K) From: 64K(512K)->64K(6144K)
[70.889s][info][gc,heap        ] GC(151) ParOldGen: 156634K(175104K)->156642K(175104K)
[70.889s][info][gc,metaspace   ] GC(151) Metaspace: 34885K(35584K)->34885K(35584K) NonClass: 28625K(29120K)->28625K(29120K) Class: 6259K(6464K)->6259K(6464K)
[70.889s][info][gc             ] GC(151) Pause Young (Allocation Failure) 330M->153M(348M) 1.564ms
[70.889s][info][gc,cpu         ] GC(151) User=0.00s Sys=0.00s Real=0.00s
[71.283s][info][gc,start       ] GC(152) Pause Young (Allocation Failure)
[71.286s][info][gc,heap        ] GC(152) PSYoungGen: 175168K(181248K)->64K(169472K) Eden: 175104K(175104K)->0K(168960K) From: 64K(6144K)->64K(512K)
[71.286s][info][gc,heap        ] GC(152) ParOldGen: 156642K(175104K)->156650K(175104K)
[71.286s][info][gc,metaspace   ] GC(152) Metaspace: 34885K(35584K)->34885K(35584K) NonClass: 28625K(29120K)->28625K(29120K) Class: 6259K(6464K)->6259K(6464K)
[71.286s][info][gc             ] GC(152) Pause Young (Allocation Failure) 324M->153M(336M) 2.873ms
[71.286s][info][gc,cpu         ] GC(152) User=0.00s Sys=0.00s Real=0.01s
[71.498s][info][gc,start       ] GC(153) Pause Young (Allocation Failure)
[71.499s][info][gc,heap        ] GC(153) PSYoungGen: 169024K(169472K)->64K(168448K) Eden: 168960K(168960K)->0K(163328K) From: 64K(512K)->64K(5120K)
[71.499s][info][gc,heap        ] GC(153) ParOldGen: 156650K(175104K)->156658K(175104K)
[71.499s][info][gc,metaspace   ] GC(153) Metaspace: 34885K(35584K)->34885K(35584K) NonClass: 28625K(29120K)->28625K(29120K) Class: 6259K(6464K)->6259K(6464K)
[71.499s][info][gc             ] GC(153) Pause Young (Allocation Failure) 318M->153M(335M) 0.970ms
[71.499s][info][gc,cpu         ] GC(153) User=0.01s Sys=0.00s Real=0.00s
[71.780s][info][gc,start       ] GC(154) Pause Young (Allocation Failure)
[71.806s][info][gc,heap        ] GC(154) PSYoungGen: 163392K(168448K)->5120K(201216K) Eden: 163328K(163328K)->0K(196096K) From: 64K(5120K)->5120K(5120K)
[71.807s][info][gc,heap        ] GC(154) ParOldGen: 156658K(175104K)->158802K(175104K)
[71.807s][info][gc,metaspace   ] GC(154) Metaspace: 34885K(35584K)->34885K(35584K) NonClass: 28625K(29120K)->28625K(29120K) Class: 6259K(6464K)->6259K(6464K)
[71.807s][info][gc             ] GC(154) Pause Young (Allocation Failure) 312M->160M(367M) 26.150ms
[71.807s][info][gc,cpu         ] GC(154) User=0.05s Sys=0.00s Real=0.03s
[72.017s][info][gc,start       ] GC(155) Pause Young (Allocation Failure)
[72.059s][info][gc,heap        ] GC(155) PSYoungGen: 201216K(201216K)->7168K(242688K) Eden: 196096K(196096K)->0K(235520K) From: 5120K(5120K)->7168K(7168K)
[72.059s][info][gc,heap        ] GC(155) ParOldGen: 158802K(175104K)->172402K(175104K)
[72.059s][info][gc,metaspace   ] GC(155) Metaspace: 34885K(35584K)->34885K(35584K) NonClass: 28625K(29120K)->28625K(29120K) Class: 6259K(6464K)->6259K(6464K)
[72.059s][info][gc             ] GC(155) Pause Young (Allocation Failure) 351M->175M(408M) 41.501ms
[72.059s][info][gc,cpu         ] GC(155) User=0.07s Sys=0.01s Real=0.04s
[72.309s][info][gc,start       ] GC(156) Pause Young (Allocation Failure)
[72.363s][info][gc,heap        ] GC(156) PSYoungGen: 242688K(242688K)->13824K(242176K) Eden: 235520K(235520K)->0K(228352K) From: 7168K(7168K)->13824K(13824K)
[72.363s][info][gc,heap        ] GC(156) ParOldGen: 172402K(175104K)->183914K(184320K)
[72.363s][info][gc,metaspace   ] GC(156) Metaspace: 34885K(35584K)->34885K(35584K) NonClass: 28625K(29120K)->28625K(29120K) Class: 6259K(6464K)->6259K(6464K)
[72.363s][info][gc             ] GC(156) Pause Young (Allocation Failure) 405M->193M(416M) 54.272ms
[72.364s][info][gc,cpu         ] GC(156) User=0.09s Sys=0.02s Real=0.05s
[72.548s][info][gc,start       ] GC(157) Pause Young (Allocation Failure)
[72.578s][info][gc,heap        ] GC(157) PSYoungGen: 242176K(242176K)->16192K(249344K) Eden: 228352K(228352K)->0K(228352K) From: 13824K(13824K)->16192K(20992K)
[72.578s][info][gc,heap        ] GC(157) ParOldGen: 183914K(184320K)->184330K(184832K)
[72.578s][info][gc,metaspace   ] GC(157) Metaspace: 34885K(35584K)->34885K(35584K) NonClass: 28625K(29120K)->28625K(29120K) Class: 6259K(6464K)->6259K(6464K)
[72.578s][info][gc             ] GC(157) Pause Young (Allocation Failure) 416M->195M(424M) 29.881ms
[72.578s][info][gc,cpu         ] GC(157) User=0.05s Sys=0.00s Real=0.03s
[72.661s][info][gc,start       ] GC(158) Pause Young (Allocation Failure)
[72.662s][info][gc,heap        ] GC(158) PSYoungGen: 244544K(249344K)->64K(296960K) Eden: 228352K(228352K)->0K(274432K) From: 16192K(20992K)->64K(22528K)
[72.662s][info][gc,heap        ] GC(158) ParOldGen: 184330K(184832K)->184338K(184832K)
[72.662s][info][gc,metaspace   ] GC(158) Metaspace: 34885K(35584K)->34885K(35584K) NonClass: 28625K(29120K)->28625K(29120K) Class: 6259K(6464K)->6259K(6464K)
[72.662s][info][gc             ] GC(158) Pause Young (Allocation Failure) 418M->180M(470M) 1.067ms
[72.662s][info][gc,cpu         ] GC(158) User=0.00s Sys=0.00s Real=0.00s
[73.329s][info][gc,start       ] GC(159) Pause Young (Allocation Failure)
[73.331s][info][gc,heap        ] GC(159) PSYoungGen: 274496K(296960K)->64K(297472K) Eden: 274432K(274432K)->0K(274432K) From: 64K(22528K)->64K(23040K)
[73.331s][info][gc,heap        ] GC(159) ParOldGen: 184338K(184832K)->184346K(184832K)
[73.331s][info][gc,metaspace   ] GC(159) Metaspace: 34885K(35584K)->34885K(35584K) NonClass: 28625K(29120K)->28625K(29120K) Class: 6259K(6464K)->6259K(6464K)
[73.331s][info][gc             ] GC(159) Pause Young (Allocation Failure) 448M->180M(471M) 1.391ms
[73.331s][info][gc,cpu         ] GC(159) User=0.00s Sys=0.00s Real=0.00s
[73.783s][info][gc,start       ] GC(160) Pause Young (Allocation Failure)
[73.785s][info][gc,heap        ] GC(160) PSYoungGen: 274496K(297472K)->64K(310272K) Eden: 274432K(274432K)->0K(288768K) From: 64K(23040K)->64K(21504K)
[73.785s][info][gc,heap        ] GC(160) ParOldGen: 184346K(184832K)->184354K(184832K)
[73.785s][info][gc,metaspace   ] GC(160) Metaspace: 34885K(35584K)->34885K(35584K) NonClass: 28625K(29120K)->28625K(29120K) Class: 6259K(6464K)->6259K(6464K)
[73.785s][info][gc             ] GC(160) Pause Young (Allocation Failure) 448M->180M(483M) 2.843ms
[73.785s][info][gc,cpu         ] GC(160) User=0.00s Sys=0.00s Real=0.01s
[74.370s][info][gc,start       ] GC(161) Pause Young (Allocation Failure)
[74.371s][info][gc,heap        ] GC(161) PSYoungGen: 288832K(310272K)->64K(310272K) Eden: 288768K(288768K)->0K(288768K) From: 64K(21504K)->64K(21504K)
[74.371s][info][gc,heap        ] GC(161) ParOldGen: 184354K(184832K)->184370K(184832K)
[74.371s][info][gc,metaspace   ] GC(161) Metaspace: 34916K(35584K)->34916K(35584K) NonClass: 28657K(29120K)->28657K(29120K) Class: 6259K(6464K)->6259K(6464K)
[74.371s][info][gc             ] GC(161) Pause Young (Allocation Failure) 462M->180M(483M) 1.206ms
[74.371s][info][gc,cpu         ] GC(161) User=0.00s Sys=0.00s Real=0.00s
[74.590s][info][gc,start       ] GC(162) Pause Young (Allocation Failure)
[74.591s][info][gc,heap        ] GC(162) PSYoungGen: 288832K(310272K)->64K(311296K) Eden: 288768K(288768K)->0K(291840K) From: 64K(21504K)->64K(19456K)
[74.591s][info][gc,heap        ] GC(162) ParOldGen: 184370K(184832K)->184386K(184832K)
[74.591s][info][gc,metaspace   ] GC(162) Metaspace: 34916K(35584K)->34916K(35584K) NonClass: 28657K(29120K)->28657K(29120K) Class: 6259K(6464K)->6259K(6464K)
[74.591s][info][gc             ] GC(162) Pause Young (Allocation Failure) 462M->180M(484M) 1.543ms
[74.591s][info][gc,cpu         ] GC(162) User=0.00s Sys=0.00s Real=0.00s
[74.813s][info][gc,start       ] GC(163) Pause Young (Allocation Failure)
[74.814s][info][gc,heap        ] GC(163) PSYoungGen: 291904K(311296K)->64K(311296K) Eden: 291840K(291840K)->0K(291840K) From: 64K(19456K)->64K(19456K)
[74.814s][info][gc,heap        ] GC(163) ParOldGen: 184386K(184832K)->184386K(184832K)
[74.814s][info][gc,metaspace   ] GC(163) Metaspace: 34916K(35584K)->34916K(35584K) NonClass: 28657K(29120K)->28657K(29120K) Class: 6259K(6464K)->6259K(6464K)
[74.814s][info][gc             ] GC(163) Pause Young (Allocation Failure) 465M->180M(484M) 1.268ms
[74.814s][info][gc,cpu         ] GC(163) User=0.00s Sys=0.00s Real=0.00s
[75.167s][info][gc,start       ] GC(164) Pause Young (Allocation Failure)
[75.168s][info][gc,heap        ] GC(164) PSYoungGen: 291904K(311296K)->64K(313856K) Eden: 291840K(291840K)->0K(295424K) From: 64K(19456K)->64K(18432K)
[75.168s][info][gc,heap        ] GC(164) ParOldGen: 184386K(184832K)->184386K(184832K)
[75.168s][info][gc,metaspace   ] GC(164) Metaspace: 34916K(35584K)->34916K(35584K) NonClass: 28657K(29120K)->28657K(29120K) Class: 6259K(6464K)->6259K(6464K)
[75.168s][info][gc             ] GC(164) Pause Young (Allocation Failure) 465M->180M(487M) 1.054ms
[75.168s][info][gc,cpu         ] GC(164) User=0.00s Sys=0.00s Real=0.00s
[75.231s][info][gc,start       ] GC(165) Pause Young (Allocation Failure)
[75.233s][info][gc,heap        ] GC(165) PSYoungGen: 295488K(313856K)->32K(313344K) Eden: 295424K(295424K)->0K(295424K) From: 64K(18432K)->32K(17920K)
[75.233s][info][gc,heap        ] GC(165) ParOldGen: 184386K(184832K)->184394K(184832K)
[75.233s][info][gc,metaspace   ] GC(165) Metaspace: 34916K(35584K)->34916K(35584K) NonClass: 28657K(29120K)->28657K(29120K) Class: 6259K(6464K)->6259K(6464K)
[75.233s][info][gc             ] GC(165) Pause Young (Allocation Failure) 468M->180M(486M) 2.033ms
[75.233s][info][gc,cpu         ] GC(165) User=0.00s Sys=0.00s Real=0.00s
[75.294s][info][gc,start       ] GC(166) Pause Young (Allocation Failure)
[75.295s][info][gc,heap        ] GC(166) PSYoungGen: 295456K(313344K)->32K(314880K) Eden: 295424K(295424K)->0K(298496K) From: 32K(17920K)->32K(16384K)
[75.295s][info][gc,heap        ] GC(166) ParOldGen: 184394K(184832K)->184394K(184832K)
[75.295s][info][gc,metaspace   ] GC(166) Metaspace: 34916K(35584K)->34916K(35584K) NonClass: 28657K(29120K)->28657K(29120K) Class: 6259K(6464K)->6259K(6464K)
[75.295s][info][gc             ] GC(166) Pause Young (Allocation Failure) 468M->180M(488M) 1.627ms
[75.295s][info][gc,cpu         ] GC(166) User=0.01s Sys=0.00s Real=0.01s
[75.606s][info][gc,start       ] GC(167) Pause Young (Allocation Failure)
[75.608s][info][gc,heap        ] GC(167) PSYoungGen: 298528K(314880K)->64K(314368K) Eden: 298496K(298496K)->0K(298496K) From: 32K(16384K)->64K(15872K)
[75.608s][info][gc,heap        ] GC(167) ParOldGen: 184394K(184832K)->184402K(184832K)
[75.608s][info][gc,metaspace   ] GC(167) Metaspace: 34932K(35584K)->34932K(35584K) NonClass: 28673K(29120K)->28673K(29120K) Class: 6259K(6464K)->6259K(6464K)
[75.608s][info][gc             ] GC(167) Pause Young (Allocation Failure) 471M->180M(487M) 1.710ms
[75.608s][info][gc,cpu         ] GC(167) User=0.01s Sys=0.00s Real=0.00s
[75.884s][info][gc,start       ] GC(168) Pause Young (Allocation Failure)
[75.886s][info][gc,heap        ] GC(168) PSYoungGen: 298560K(314368K)->64K(316928K) Eden: 298496K(298496K)->0K(302080K) From: 64K(15872K)->64K(14848K)
[75.886s][info][gc,heap        ] GC(168) ParOldGen: 184402K(184832K)->184418K(184832K)
[75.886s][info][gc,metaspace   ] GC(168) Metaspace: 34937K(35648K)->34937K(35648K) NonClass: 28678K(29184K)->28678K(29184K) Class: 6259K(6464K)->6259K(6464K)
[75.886s][info][gc             ] GC(168) Pause Young (Allocation Failure) 471M->180M(490M) 2.015ms
[75.886s][info][gc,cpu         ] GC(168) User=0.00s Sys=0.00s Real=0.01s
[76.002s][info][gc,start       ] GC(169) Pause Young (Allocation Failure)
[76.003s][info][gc,heap        ] GC(169) PSYoungGen: 302144K(316928K)->64K(316416K) Eden: 302080K(302080K)->0K(302080K) From: 64K(14848K)->64K(14336K)
[76.003s][info][gc,heap        ] GC(169) ParOldGen: 184418K(184832K)->184426K(184832K)
[76.003s][info][gc,metaspace   ] GC(169) Metaspace: 34937K(35648K)->34937K(35648K) NonClass: 28678K(29184K)->28678K(29184K) Class: 6259K(6464K)->6259K(6464K)
[76.003s][info][gc             ] GC(169) Pause Young (Allocation Failure) 475M->180M(489M) 1.461ms
[76.003s][info][gc,cpu         ] GC(169) User=0.00s Sys=0.00s Real=0.00s
[76.137s][info][gc,start       ] GC(170) Pause Young (Allocation Failure)
[76.138s][info][gc,heap        ] GC(170) PSYoungGen: 302144K(316416K)->64K(318464K) Eden: 302080K(302080K)->0K(305664K) From: 64K(14336K)->64K(12800K)
[76.138s][info][gc,heap        ] GC(170) ParOldGen: 184426K(184832K)->184434K(184832K)
[76.138s][info][gc,metaspace   ] GC(170) Metaspace: 34937K(35648K)->34937K(35648K) NonClass: 28678K(29184K)->28678K(29184K) Class: 6259K(6464K)->6259K(6464K)
[76.138s][info][gc             ] GC(170) Pause Young (Allocation Failure) 475M->180M(491M) 1.109ms
[76.138s][info][gc,cpu         ] GC(170) User=0.00s Sys=0.00s Real=0.00s
[76.428s][info][gc,start       ] GC(171) Pause Young (Allocation Failure)
[76.429s][info][gc,heap        ] GC(171) PSYoungGen: 305728K(318464K)->64K(293888K) Eden: 305664K(305664K)->0K(293376K) From: 64K(12800K)->64K(512K)
[76.429s][info][gc,heap        ] GC(171) ParOldGen: 184434K(184832K)->184442K(184832K)
[76.429s][info][gc,metaspace   ] GC(171) Metaspace: 34937K(35648K)->34937K(35648K) NonClass: 28678K(29184K)->28678K(29184K) Class: 6259K(6464K)->6259K(6464K)
[76.429s][info][gc             ] GC(171) Pause Young (Allocation Failure) 478M->180M(467M) 1.223ms
[76.429s][info][gc,cpu         ] GC(171) User=0.00s Sys=0.00s Real=0.00s
[77.345s][info][gc,start       ] GC(172) Pause Young (Allocation Failure)
[77.346s][info][gc,heap        ] GC(172) PSYoungGen: 293440K(293888K)->64K(282112K) Eden: 293376K(293376K)->0K(281600K) From: 64K(512K)->64K(512K)
[77.346s][info][gc,heap        ] GC(172) ParOldGen: 184442K(184832K)->184450K(184832K)
[77.346s][info][gc,metaspace   ] GC(172) Metaspace: 34937K(35648K)->34937K(35648K) NonClass: 28678K(29184K)->28678K(29184K) Class: 6259K(6464K)->6259K(6464K)
[77.346s][info][gc             ] GC(172) Pause Young (Allocation Failure) 466M->180M(456M) 1.148ms
[77.346s][info][gc,cpu         ] GC(172) User=0.00s Sys=0.00s Real=0.01s
[78.352s][info][gc,start       ] GC(173) Pause Young (Allocation Failure)
[78.354s][info][gc,heap        ] GC(173) PSYoungGen: 281664K(282112K)->64K(281088K) Eden: 281600K(281600K)->0K(270336K) From: 64K(512K)->64K(10752K)
[78.354s][info][gc,heap        ] GC(173) ParOldGen: 184450K(184832K)->184466K(184832K)
[78.354s][info][gc,metaspace   ] GC(173) Metaspace: 34937K(35648K)->34937K(35648K) NonClass: 28678K(29184K)->28678K(29184K) Class: 6259K(6464K)->6259K(6464K)
[78.354s][info][gc             ] GC(173) Pause Young (Allocation Failure) 455M->180M(455M) 1.891ms
[78.354s][info][gc,cpu         ] GC(173) User=0.00s Sys=0.00s Real=0.00s
[78.762s][info][gc,start       ] GC(174) Pause Young (Allocation Failure)
[78.764s][info][gc,heap        ] GC(174) PSYoungGen: 270400K(281088K)->64K(260096K) Eden: 270336K(270336K)->0K(259584K) From: 64K(10752K)->64K(512K)
[78.764s][info][gc,heap        ] GC(174) ParOldGen: 184466K(184832K)->184474K(184832K)
[78.764s][info][gc,metaspace   ] GC(174) Metaspace: 34937K(35648K)->34937K(35648K) NonClass: 28678K(29184K)->28678K(29184K) Class: 6259K(6464K)->6259K(6464K)
[78.764s][info][gc             ] GC(174) Pause Young (Allocation Failure) 444M->180M(434M) 2.428ms
[78.764s][info][gc,cpu         ] GC(174) User=0.00s Sys=0.00s Real=0.00s
[79.229s][info][gc,start       ] GC(175) Pause Young (Allocation Failure)
[79.231s][info][gc,heap        ] GC(175) PSYoungGen: 259648K(260096K)->64K(259072K) Eden: 259584K(259584K)->0K(249344K) From: 64K(512K)->64K(9728K)
[79.231s][info][gc,heap        ] GC(175) ParOldGen: 184474K(184832K)->184482K(184832K)
[79.231s][info][gc,metaspace   ] GC(175) Metaspace: 34937K(35648K)->34937K(35648K) NonClass: 28678K(29184K)->28678K(29184K) Class: 6259K(6464K)->6259K(6464K)
[79.231s][info][gc             ] GC(175) Pause Young (Allocation Failure) 433M->180M(433M) 1.840ms
[79.231s][info][gc,cpu         ] GC(175) User=0.01s Sys=0.00s Real=0.00s
[80.318s][info][gc,start       ] GC(176) Pause Young (Allocation Failure)
[80.320s][info][gc,heap        ] GC(176) PSYoungGen: 249408K(259072K)->64K(240128K) Eden: 249344K(249344K)->0K(239616K) From: 64K(9728K)->64K(512K)
[80.320s][info][gc,heap        ] GC(176) ParOldGen: 184482K(184832K)->184490K(184832K)
[80.320s][info][gc,metaspace   ] GC(176) Metaspace: 34968K(35648K)->34968K(35648K) NonClass: 28709K(29184K)->28709K(29184K) Class: 6259K(6464K)->6259K(6464K)
[80.320s][info][gc             ] GC(176) Pause Young (Allocation Failure) 423M->180M(415M) 2.360ms
[80.320s][info][gc,cpu         ] GC(176) User=0.01s Sys=0.00s Real=0.00s
[80.744s][info][gc,start       ] GC(177) Pause Young (Allocation Failure)
[80.746s][info][gc,heap        ] GC(177) PSYoungGen: 239680K(240128K)->64K(238592K) Eden: 239616K(239616K)->0K(230400K) From: 64K(512K)->64K(8192K)
[80.746s][info][gc,heap        ] GC(177) ParOldGen: 184490K(184832K)->184498K(184832K)
[80.746s][info][gc,metaspace   ] GC(177) Metaspace: 34970K(35648K)->34970K(35648K) NonClass: 28710K(29184K)->28710K(29184K) Class: 6259K(6464K)->6259K(6464K)
[80.746s][info][gc             ] GC(177) Pause Young (Allocation Failure) 414M->180M(413M) 1.821ms
[80.746s][info][gc,cpu         ] GC(177) User=0.00s Sys=0.00s Real=0.01s
[80.928s][info][gc,start       ] GC(178) Pause Young (Allocation Failure)
[80.930s][info][gc,heap        ] GC(178) PSYoungGen: 230464K(238592K)->32K(222208K) Eden: 230400K(230400K)->0K(221696K) From: 64K(8192K)->32K(512K)
[80.930s][info][gc,heap        ] GC(178) ParOldGen: 184498K(184832K)->184506K(184832K)
[80.930s][info][gc,metaspace   ] GC(178) Metaspace: 34970K(35648K)->34970K(35648K) NonClass: 28710K(29184K)->28710K(29184K) Class: 6259K(6464K)->6259K(6464K)
[80.930s][info][gc             ] GC(178) Pause Young (Allocation Failure) 405M->180M(397M) 2.552ms
[80.930s][info][gc,cpu         ] GC(178) User=0.00s Sys=0.01s Real=0.00s
[81.019s][info][gc,start       ] GC(179) Pause Young (Allocation Failure)
[81.021s][info][gc,heap        ] GC(179) PSYoungGen: 221728K(222208K)->64K(220672K) Eden: 221696K(221696K)->0K(213504K) From: 32K(512K)->64K(7168K)
[81.021s][info][gc,heap        ] GC(179) ParOldGen: 184506K(184832K)->184522K(184832K)
[81.021s][info][gc,metaspace   ] GC(179) Metaspace: 34970K(35648K)->34970K(35648K) NonClass: 28710K(29184K)->28710K(29184K) Class: 6259K(6464K)->6259K(6464K)
[81.021s][info][gc             ] GC(179) Pause Young (Allocation Failure) 396M->180M(396M) 1.649ms
[81.021s][info][gc,cpu         ] GC(179) User=0.00s Sys=0.00s Real=0.00s
[81.622s][info][gc,start       ] GC(180) Pause Young (Allocation Failure)
[81.624s][info][gc,heap        ] GC(180) PSYoungGen: 213568K(220672K)->32K(206336K) Eden: 213504K(213504K)->0K(205824K) From: 64K(7168K)->32K(512K)
[81.624s][info][gc,heap        ] GC(180) ParOldGen: 184522K(184832K)->184530K(184832K)
[81.624s][info][gc,metaspace   ] GC(180) Metaspace: 34970K(35648K)->34970K(35648K) NonClass: 28710K(29184K)->28710K(29184K) Class: 6259K(6464K)->6259K(6464K)
[81.624s][info][gc             ] GC(180) Pause Young (Allocation Failure) 388M->180M(382M) 1.975ms
[81.624s][info][gc,cpu         ] GC(180) User=0.00s Sys=0.00s Real=0.00s
[81.882s][info][gc,start       ] GC(181) Pause Young (Allocation Failure)
[81.883s][info][gc,heap        ] GC(181) PSYoungGen: 205856K(206336K)->64K(204288K) Eden: 205824K(205824K)->0K(198144K) From: 32K(512K)->64K(6144K)
[81.883s][info][gc,heap        ] GC(181) ParOldGen: 184530K(184832K)->184538K(184832K)
[81.883s][info][gc,metaspace   ] GC(181) Metaspace: 34970K(35648K)->34970K(35648K) NonClass: 28710K(29184K)->28710K(29184K) Class: 6259K(6464K)->6259K(6464K)
[81.883s][info][gc             ] GC(181) Pause Young (Allocation Failure) 381M->180M(380M) 1.091ms
[81.883s][info][gc,cpu         ] GC(181) User=0.00s Sys=0.00s Real=0.00s
[82.236s][info][gc,start       ] GC(182) Pause Young (Allocation Failure)
[82.253s][info][gc,heap        ] GC(182) PSYoungGen: 198207K(204288K)->5472K(243712K) Eden: 198143K(198144K)->0K(238080K) From: 64K(6144K)->5472K(5632K)
[82.253s][info][gc,heap        ] GC(182) ParOldGen: 184538K(184832K)->184554K(184832K)
[82.253s][info][gc,metaspace   ] GC(182) Metaspace: 34970K(35648K)->34970K(35648K) NonClass: 28710K(29184K)->28710K(29184K) Class: 6259K(6464K)->6259K(6464K)
[82.253s][info][gc             ] GC(182) Pause Young (Allocation Failure) 373M->185M(418M) 16.918ms
[82.253s][info][gc,cpu         ] GC(182) User=0.03s Sys=0.00s Real=0.01s
[82.507s][info][gc,start       ] GC(183) Pause Young (Allocation Failure)
[82.559s][info][gc,heap        ] GC(183) PSYoungGen: 243552K(243712K)->7168K(268800K) Eden: 238080K(238080K)->0K(261632K) From: 5472K(5632K)->7168K(7168K)
[82.559s][info][gc,heap        ] GC(183) ParOldGen: 184554K(184832K)->202506K(202752K)
[82.559s][info][gc,metaspace   ] GC(183) Metaspace: 34970K(35648K)->34970K(35648K) NonClass: 28710K(29184K)->28710K(29184K) Class: 6259K(6464K)->6259K(6464K)
[82.559s][info][gc             ] GC(183) Pause Young (Allocation Failure) 418M->204M(460M) 52.393ms
[82.559s][info][gc,cpu         ] GC(183) User=0.09s Sys=0.01s Real=0.05s
[82.842s][info][gc,start       ] GC(184) Pause Young (Allocation Failure)
[82.907s][info][gc,heap        ] GC(184) PSYoungGen: 268800K(268800K)->15360K(292864K) Eden: 261632K(261632K)->0K(277504K) From: 7168K(7168K)->15360K(15360K)
[82.907s][info][gc,heap        ] GC(184) ParOldGen: 202506K(202752K)->215402K(215552K)
[82.907s][info][gc,metaspace   ] GC(184) Metaspace: 34970K(35648K)->34970K(35648K) NonClass: 28710K(29184K)->28710K(29184K) Class: 6259K(6464K)->6259K(6464K)
[82.907s][info][gc             ] GC(184) Pause Young (Allocation Failure) 460M->225M(496M) 64.883ms
[82.907s][info][gc,cpu         ] GC(184) User=0.10s Sys=0.02s Real=0.07s
[83.064s][info][gc,start       ] GC(185) Pause Young (Allocation Failure)
[83.090s][info][gc,heap        ] GC(185) PSYoungGen: 292864K(292864K)->10848K(301056K) Eden: 277504K(277504K)->0K(277504K) From: 15360K(15360K)->10848K(23552K)
[83.090s][info][gc,heap        ] GC(185) ParOldGen: 215402K(215552K)->215866K(216064K)
[83.090s][info][gc,metaspace   ] GC(185) Metaspace: 34970K(35648K)->34970K(35648K) NonClass: 28710K(29184K)->28710K(29184K) Class: 6259K(6464K)->6259K(6464K)
[83.090s][info][gc             ] GC(185) Pause Young (Allocation Failure) 496M->221M(505M) 26.454ms
[83.090s][info][gc,cpu         ] GC(185) User=0.05s Sys=0.01s Real=0.03s
[83.482s][info][gc,start       ] GC(186) Pause Young (Allocation Failure)
[83.483s][info][gc,heap        ] GC(186) PSYoungGen: 288352K(301056K)->64K(309248K) Eden: 277504K(277504K)->0K(286720K) From: 10848K(23552K)->64K(22528K)
[83.483s][info][gc,heap        ] GC(186) ParOldGen: 215866K(216064K)->215874K(216064K)
[83.483s][info][gc,metaspace   ] GC(186) Metaspace: 34970K(35648K)->34970K(35648K) NonClass: 28710K(29184K)->28710K(29184K) Class: 6259K(6464K)->6259K(6464K)
[83.483s][info][gc             ] GC(186) Pause Young (Allocation Failure) 492M->210M(513M) 1.305ms
[83.483s][info][gc,cpu         ] GC(186) User=0.00s Sys=0.00s Real=0.00s
[84.175s][info][gc,start       ] GC(187) Pause Young (Allocation Failure)
[84.176s][info][gc,heap        ] GC(187) PSYoungGen: 286784K(309248K)->64K(309760K) Eden: 286720K(286720K)->0K(286720K) From: 64K(22528K)->64K(23040K)
[84.176s][info][gc,heap        ] GC(187) ParOldGen: 215874K(216064K)->215882K(216064K)
[84.176s][info][gc,metaspace   ] GC(187) Metaspace: 34970K(35648K)->34970K(35648K) NonClass: 28710K(29184K)->28710K(29184K) Class: 6259K(6464K)->6259K(6464K)
[84.176s][info][gc             ] GC(187) Pause Young (Allocation Failure) 490M->210M(513M) 1.230ms
[84.176s][info][gc,cpu         ] GC(187) User=0.00s Sys=0.00s Real=0.01s
[84.700s][info][gc,start       ] GC(188) Pause Young (Allocation Failure)
[84.701s][info][gc,heap        ] GC(188) PSYoungGen: 286784K(309760K)->64K(310272K) Eden: 286720K(286720K)->0K(288768K) From: 64K(23040K)->64K(21504K)
[84.701s][info][gc,heap        ] GC(188) ParOldGen: 215882K(216064K)->215898K(216064K)
[84.701s][info][gc,metaspace   ] GC(188) Metaspace: 34970K(35648K)->34970K(35648K) NonClass: 28710K(29184K)->28710K(29184K) Class: 6259K(6464K)->6259K(6464K)
[84.701s][info][gc             ] GC(188) Pause Young (Allocation Failure) 490M->210M(514M) 1.282ms
[84.701s][info][gc,cpu         ] GC(188) User=0.00s Sys=0.00s Real=0.00s
[84.926s][info][gc,start       ] GC(189) Pause Young (Allocation Failure)
[84.927s][info][gc,heap        ] GC(189) PSYoungGen: 288832K(310272K)->64K(310272K) Eden: 288768K(288768K)->0K(288768K) From: 64K(21504K)->64K(21504K)
[84.927s][info][gc,heap        ] GC(189) ParOldGen: 215898K(216064K)->215914K(216064K)
[84.927s][info][gc,metaspace   ] GC(189) Metaspace: 34970K(35648K)->34970K(35648K) NonClass: 28710K(29184K)->28710K(29184K) Class: 6259K(6464K)->6259K(6464K)
[84.927s][info][gc             ] GC(189) Pause Young (Allocation Failure) 492M->210M(514M) 1.199ms
[84.927s][info][gc,cpu         ] GC(189) User=0.00s Sys=0.00s Real=0.00s
[85.144s][info][gc,start       ] GC(190) Pause Young (Allocation Failure)
[85.145s][info][gc,heap        ] GC(190) PSYoungGen: 288832K(310272K)->64K(311296K) Eden: 288768K(288768K)->0K(291840K) From: 64K(21504K)->64K(19456K)
[85.145s][info][gc,heap        ] GC(190) ParOldGen: 215914K(216064K)->215914K(216064K)
[85.145s][info][gc,metaspace   ] GC(190) Metaspace: 34970K(35648K)->34970K(35648K) NonClass: 28710K(29184K)->28710K(29184K) Class: 6259K(6464K)->6259K(6464K)
[85.145s][info][gc             ] GC(190) Pause Young (Allocation Failure) 492M->210M(515M) 1.203ms
[85.145s][info][gc,cpu         ] GC(190) User=0.00s Sys=0.00s Real=0.00s
[85.509s][info][gc,start       ] GC(191) Pause Young (Allocation Failure)
[85.510s][info][gc,heap        ] GC(191) PSYoungGen: 291904K(311296K)->64K(311296K) Eden: 291840K(291840K)->0K(291840K) From: 64K(19456K)->64K(19456K)
[85.510s][info][gc,heap        ] GC(191) ParOldGen: 215914K(216064K)->215914K(216064K)
[85.510s][info][gc,metaspace   ] GC(191) Metaspace: 34970K(35648K)->34970K(35648K) NonClass: 28710K(29184K)->28710K(29184K) Class: 6259K(6464K)->6259K(6464K)
[85.510s][info][gc             ] GC(191) Pause Young (Allocation Failure) 495M->210M(515M) 1.188ms
[85.510s][info][gc,cpu         ] GC(191) User=0.00s Sys=0.00s Real=0.00s
[85.637s][info][gc,start       ] GC(192) Pause Young (Allocation Failure)
[85.639s][info][gc,heap        ] GC(192) PSYoungGen: 291904K(311296K)->64K(312832K) Eden: 291840K(291840K)->0K(295424K) From: 64K(19456K)->64K(17408K)
[85.639s][info][gc,heap        ] GC(192) ParOldGen: 215914K(216064K)->215922K(216064K)
[85.639s][info][gc,metaspace   ] GC(192) Metaspace: 34970K(35648K)->34970K(35648K) NonClass: 28710K(29184K)->28710K(29184K) Class: 6259K(6464K)->6259K(6464K)
[85.639s][info][gc             ] GC(192) Pause Young (Allocation Failure) 495M->210M(516M) 1.198ms
[85.639s][info][gc,cpu         ] GC(192) User=0.00s Sys=0.00s Real=0.00s
[85.699s][info][gc,start       ] GC(193) Pause Young (Allocation Failure)
[85.700s][info][gc,heap        ] GC(193) PSYoungGen: 295488K(312832K)->32K(313344K) Eden: 295424K(295424K)->0K(295424K) From: 64K(17408K)->32K(17920K)
[85.700s][info][gc,heap        ] GC(193) ParOldGen: 215922K(216064K)->215938K(216064K)
[85.700s][info][gc,metaspace   ] GC(193) Metaspace: 34970K(35648K)->34970K(35648K) NonClass: 28710K(29184K)->28710K(29184K) Class: 6259K(6464K)->6259K(6464K)
[85.700s][info][gc             ] GC(193) Pause Young (Allocation Failure) 499M->210M(517M) 1.098ms
[85.700s][info][gc,cpu         ] GC(193) User=0.00s Sys=0.00s Real=0.00s
[85.885s][info][gc,start       ] GC(194) Pause Young (Allocation Failure)
[85.886s][info][gc,heap        ] GC(194) PSYoungGen: 295456K(313344K)->64K(314368K) Eden: 295424K(295424K)->0K(299008K) From: 32K(17920K)->64K(15360K)
[85.886s][info][gc,heap        ] GC(194) ParOldGen: 215938K(216064K)->215938K(216064K)
[85.886s][info][gc,metaspace   ] GC(194) Metaspace: 34970K(35648K)->34970K(35648K) NonClass: 28710K(29184K)->28710K(29184K) Class: 6259K(6464K)->6259K(6464K)
[85.886s][info][gc             ] GC(194) Pause Young (Allocation Failure) 499M->210M(518M) 1.095ms
[85.886s][info][gc,cpu         ] GC(194) User=0.00s Sys=0.00s Real=0.00s
[86.222s][info][gc,start       ] GC(195) Pause Young (Allocation Failure)
[86.223s][info][gc,heap        ] GC(195) PSYoungGen: 299072K(314368K)->64K(314880K) Eden: 299008K(299008K)->0K(299008K) From: 64K(15360K)->64K(15872K)
[86.223s][info][gc,heap        ] GC(195) ParOldGen: 215938K(216064K)->215946K(216064K)
[86.223s][info][gc,metaspace   ] GC(195) Metaspace: 34970K(35648K)->34970K(35648K) NonClass: 28710K(29184K)->28710K(29184K) Class: 6259K(6464K)->6259K(6464K)
[86.223s][info][gc             ] GC(195) Pause Young (Allocation Failure) 502M->210M(518M) 1.286ms
[86.223s][info][gc,cpu         ] GC(195) User=0.00s Sys=0.00s Real=0.00s
[86.392s][info][gc,start       ] GC(196) Pause Young (Allocation Failure)
[86.393s][info][gc,heap        ] GC(196) PSYoungGen: 299072K(314880K)->64K(317440K) Eden: 299008K(299008K)->0K(303104K) From: 64K(15872K)->64K(14336K)
[86.393s][info][gc,heap        ] GC(196) ParOldGen: 215946K(216064K)->215954K(216064K)
[86.393s][info][gc,metaspace   ] GC(196) Metaspace: 34970K(35648K)->34970K(35648K) NonClass: 28711K(29184K)->28711K(29184K) Class: 6259K(6464K)->6259K(6464K)
[86.393s][info][gc             ] GC(196) Pause Young (Allocation Failure) 502M->210M(521M) 1.309ms
[86.393s][info][gc,cpu         ] GC(196) User=0.00s Sys=0.00s Real=0.00s
[86.480s][info][gc,start       ] GC(197) Pause Young (Allocation Failure)
[86.481s][info][gc,heap        ] GC(197) PSYoungGen: 303168K(317440K)->64K(317440K) Eden: 303104K(303104K)->0K(303104K) From: 64K(14336K)->64K(14336K)
[86.481s][info][gc,heap        ] GC(197) ParOldGen: 215954K(216064K)->215970K(216064K)
[86.481s][info][gc,metaspace   ] GC(197) Metaspace: 34970K(35648K)->34970K(35648K) NonClass: 28711K(29184K)->28711K(29184K) Class: 6259K(6464K)->6259K(6464K)
[86.481s][info][gc             ] GC(197) Pause Young (Allocation Failure) 506M->210M(521M) 1.162ms
[86.481s][info][gc,cpu         ] GC(197) User=0.00s Sys=0.00s Real=0.00s
[86.701s][info][gc,start       ] GC(198) Pause Young (Allocation Failure)
[86.703s][info][gc,heap        ] GC(198) PSYoungGen: 303168K(317440K)->64K(291328K) Eden: 303104K(303104K)->0K(290816K) From: 64K(14336K)->64K(512K)
[86.703s][info][gc,heap        ] GC(198) ParOldGen: 215970K(216064K)->215970K(216064K)
[86.703s][info][gc,metaspace   ] GC(198) Metaspace: 34970K(35648K)->34970K(35648K) NonClass: 28711K(29184K)->28711K(29184K) Class: 6259K(6464K)->6259K(6464K)
[86.703s][info][gc             ] GC(198) Pause Young (Allocation Failure) 506M->210M(495M) 2.012ms
[86.703s][info][gc,cpu         ] GC(198) User=0.00s Sys=0.00s Real=0.00s
[87.763s][info][gc,start       ] GC(199) Pause Young (Allocation Failure)
[87.765s][info][gc,heap        ] GC(199) PSYoungGen: 290869K(291328K)->83K(291328K) Eden: 290805K(290816K)->0K(279040K) From: 64K(512K)->83K(12288K)
[87.765s][info][gc,heap        ] GC(199) ParOldGen: 215970K(216064K)->215986K(216064K)
[87.765s][info][gc,metaspace   ] GC(199) Metaspace: 34970K(35648K)->34970K(35648K) NonClass: 28711K(29184K)->28711K(29184K) Class: 6259K(6464K)->6259K(6464K)
[87.765s][info][gc             ] GC(199) Pause Young (Allocation Failure) 494M->211M(495M) 1.904ms
[87.765s][info][gc,cpu         ] GC(199) User=0.01s Sys=0.00s Real=0.00s
[88.124s][info][gc,start       ] GC(200) Pause Young (Allocation Failure)
[88.126s][info][gc,heap        ] GC(200) PSYoungGen: 279123K(291328K)->64K(268288K) Eden: 279040K(279040K)->0K(267776K) From: 83K(12288K)->64K(512K)
[88.126s][info][gc,heap        ] GC(200) ParOldGen: 215986K(216064K)->215994K(216064K)
[88.126s][info][gc,metaspace   ] GC(200) Metaspace: 34970K(35648K)->34970K(35648K) NonClass: 28711K(29184K)->28711K(29184K) Class: 6259K(6464K)->6259K(6464K)
[88.126s][info][gc             ] GC(200) Pause Young (Allocation Failure) 483M->210M(473M) 2.693ms
[88.126s][info][gc,cpu         ] GC(200) User=0.01s Sys=0.00s Real=0.01s
[88.953s][info][gc,start       ] GC(201) Pause Young (Allocation Failure)
[88.955s][info][gc,heap        ] GC(201) PSYoungGen: 267840K(268288K)->64K(267776K) Eden: 267776K(267776K)->0K(257024K) From: 64K(512K)->64K(10752K)
[88.955s][info][gc,heap        ] GC(201) ParOldGen: 215994K(216064K)->216002K(216064K)
[88.955s][info][gc,metaspace   ] GC(201) Metaspace: 34970K(35648K)->34970K(35648K) NonClass: 28711K(29184K)->28711K(29184K) Class: 6259K(6464K)->6259K(6464K)
[88.955s][info][gc             ] GC(201) Pause Young (Allocation Failure) 472M->211M(472M) 1.623ms
[88.955s][info][gc,cpu         ] GC(201) User=0.00s Sys=0.00s Real=0.00s
[89.455s][info][gc,start       ] GC(202) Pause Young (Allocation Failure)
[89.458s][info][gc,heap        ] GC(202) PSYoungGen: 257088K(267776K)->64K(247296K) Eden: 257024K(257024K)->0K(246784K) From: 64K(10752K)->64K(512K)
[89.458s][info][gc,heap        ] GC(202) ParOldGen: 216002K(216064K)->216018K(216064K)
[89.458s][info][gc,metaspace   ] GC(202) Metaspace: 34971K(35648K)->34971K(35648K) NonClass: 28712K(29184K)->28712K(29184K) Class: 6259K(6464K)->6259K(6464K)
[89.458s][info][gc             ] GC(202) Pause Young (Allocation Failure) 462M->211M(452M) 2.580ms
[89.458s][info][gc,cpu         ] GC(202) User=0.00s Sys=0.00s Real=0.00s
[90.537s][info][gc,start       ] GC(203) Pause Young (Allocation Failure)
[90.539s][info][gc,heap        ] GC(203) PSYoungGen: 246848K(247296K)->64K(246784K) Eden: 246784K(246784K)->0K(237056K) From: 64K(512K)->64K(9728K)
[90.539s][info][gc,heap        ] GC(203) ParOldGen: 216018K(216064K)->216026K(216064K)
[90.539s][info][gc,metaspace   ] GC(203) Metaspace: 34971K(35648K)->34971K(35648K) NonClass: 28712K(29184K)->28712K(29184K) Class: 6259K(6464K)->6259K(6464K)
[90.539s][info][gc             ] GC(203) Pause Young (Allocation Failure) 452M->211M(452M) 1.176ms
[90.539s][info][gc,cpu         ] GC(203) User=0.00s Sys=0.00s Real=0.00s
[90.786s][info][gc,start       ] GC(204) Pause Young (Allocation Failure)
[90.788s][info][gc,heap        ] GC(204) PSYoungGen: 237120K(246784K)->64K(228352K) Eden: 237056K(237056K)->0K(227840K) From: 64K(9728K)->64K(512K)
[90.788s][info][gc,heap        ] GC(204) ParOldGen: 216026K(216064K)->216042K(216064K)
[90.788s][info][gc,metaspace   ] GC(204) Metaspace: 34971K(35648K)->34971K(35648K) NonClass: 28712K(29184K)->28712K(29184K) Class: 6259K(6464K)->6259K(6464K)
[90.788s][info][gc             ] GC(204) Pause Young (Allocation Failure) 442M->211M(434M) 2.502ms
[90.788s][info][gc,cpu         ] GC(204) User=0.00s Sys=0.00s Real=0.00s
[91.183s][info][gc,start       ] GC(205) Pause Young (Allocation Failure)
[91.185s][info][gc,heap        ] GC(205) PSYoungGen: 227904K(228352K)->64K(227328K) Eden: 227840K(227840K)->0K(219136K) From: 64K(512K)->64K(8192K)
[91.185s][info][gc,heap        ] GC(205) ParOldGen: 216042K(216064K)->216058K(216064K)
[91.185s][info][gc,metaspace   ] GC(205) Metaspace: 34973K(35648K)->34973K(35648K) NonClass: 28713K(29184K)->28713K(29184K) Class: 6259K(6464K)->6259K(6464K)
[91.185s][info][gc             ] GC(205) Pause Young (Allocation Failure) 433M->211M(433M) 2.038ms
[91.185s][info][gc,cpu         ] GC(205) User=0.00s Sys=0.00s Real=0.01s
[91.289s][info][gc,start       ] GC(206) Pause Young (Allocation Failure)
[91.291s][info][gc,heap        ] GC(206) PSYoungGen: 219200K(227328K)->64K(211456K) Eden: 219136K(219136K)->0K(210944K) From: 64K(8192K)->64K(512K)
[91.291s][info][gc,heap        ] GC(206) ParOldGen: 216058K(216064K)->216066K(216576K)
[91.291s][info][gc,metaspace   ] GC(206) Metaspace: 34973K(35648K)->34973K(35648K) NonClass: 28713K(29184K)->28713K(29184K) Class: 6259K(6464K)->6259K(6464K)
[91.292s][info][gc             ] GC(206) Pause Young (Allocation Failure) 425M->211M(418M) 2.978ms
[91.292s][info][gc,cpu         ] GC(206) User=0.01s Sys=0.01s Real=0.00s
[91.517s][info][gc,start       ] GC(207) Pause Young (Allocation Failure)
[91.518s][info][gc,heap        ] GC(207) PSYoungGen: 211008K(211456K)->64K(210432K) Eden: 210944K(210944K)->0K(203264K) From: 64K(512K)->64K(7168K)
[91.518s][info][gc,heap        ] GC(207) ParOldGen: 216066K(216576K)->216074K(216576K)
[91.518s][info][gc,metaspace   ] GC(207) Metaspace: 34973K(35648K)->34973K(35648K) NonClass: 28713K(29184K)->28713K(29184K) Class: 6259K(6464K)->6259K(6464K)
[91.518s][info][gc             ] GC(207) Pause Young (Allocation Failure) 417M->211M(417M) 1.891ms
[91.518s][info][gc,cpu         ] GC(207) User=0.01s Sys=0.00s Real=0.00s
[92.084s][info][gc,start       ] GC(208) Pause Young (Allocation Failure)
[92.087s][info][gc,heap        ] GC(208) PSYoungGen: 203328K(210432K)->64K(196096K) Eden: 203264K(203264K)->0K(195584K) From: 64K(7168K)->64K(512K)
[92.087s][info][gc,heap        ] GC(208) ParOldGen: 216074K(216576K)->216082K(216576K)
[92.087s][info][gc,metaspace   ] GC(208) Metaspace: 34973K(35648K)->34973K(35648K) NonClass: 28713K(29184K)->28713K(29184K) Class: 6259K(6464K)->6259K(6464K)
[92.087s][info][gc             ] GC(208) Pause Young (Allocation Failure) 409M->211M(403M) 3.082ms
[92.087s][info][gc,cpu         ] GC(208) User=0.00s Sys=0.00s Real=0.01s
[92.303s][info][gc,start       ] GC(209) Pause Young (Allocation Failure)
[92.305s][info][gc,heap        ] GC(209) PSYoungGen: 195648K(196096K)->64K(194560K) Eden: 195584K(195584K)->0K(188416K) From: 64K(512K)->64K(6144K)
[92.305s][info][gc,heap        ] GC(209) ParOldGen: 216082K(216576K)->216090K(216576K)
[92.305s][info][gc,metaspace   ] GC(209) Metaspace: 34973K(35648K)->34973K(35648K) NonClass: 28713K(29184K)->28713K(29184K) Class: 6259K(6464K)->6259K(6464K)
[92.305s][info][gc             ] GC(209) Pause Young (Allocation Failure) 402M->211M(401M) 2.163ms
[92.305s][info][gc,cpu         ] GC(209) User=0.00s Sys=0.00s Real=0.00s
[92.615s][info][gc,start       ] GC(210) Pause Young (Allocation Failure)
[92.634s][info][gc,heap        ] GC(210) PSYoungGen: 188480K(194560K)->5632K(231936K) Eden: 188416K(188416K)->0K(226304K) From: 64K(6144K)->5632K(5632K)
[92.634s][info][gc,heap        ] GC(210) ParOldGen: 216090K(216576K)->219354K(219648K)
[92.634s][info][gc,metaspace   ] GC(210) Metaspace: 34973K(35648K)->34973K(35648K) NonClass: 28713K(29184K)->28713K(29184K) Class: 6259K(6464K)->6259K(6464K)
[92.634s][info][gc             ] GC(210) Pause Young (Allocation Failure) 395M->219M(441M) 18.911ms
[92.634s][info][gc,cpu         ] GC(210) User=0.03s Sys=0.00s Real=0.01s
[92.872s][info][gc,start       ] GC(211) Pause Young (Allocation Failure)
[92.920s][info][gc,heap        ] GC(211) PSYoungGen: 231936K(231936K)->8192K(267776K) Eden: 226304K(226304K)->0K(259584K) From: 5632K(5632K)->8192K(8192K)
[92.920s][info][gc,heap        ] GC(211) ParOldGen: 219354K(219648K)->235162K(235520K)
[92.920s][info][gc,metaspace   ] GC(211) Metaspace: 34973K(35648K)->34973K(35648K) NonClass: 28713K(29184K)->28713K(29184K) Class: 6259K(6464K)->6259K(6464K)
[92.920s][info][gc             ] GC(211) Pause Young (Allocation Failure) 440M->237M(491M) 48.567ms
[92.920s][info][gc,cpu         ] GC(211) User=0.09s Sys=0.01s Real=0.05s
[93.196s][info][gc,start       ] GC(212) Pause Young (Allocation Failure)
[93.260s][info][gc,heap        ] GC(212) PSYoungGen: 267776K(267776K)->15872K(279552K) Eden: 259584K(259584K)->0K(263680K) From: 8192K(8192K)->15872K(15872K)
[93.260s][info][gc,heap        ] GC(212) ParOldGen: 235162K(235520K)->247250K(247296K)
[93.260s][info][gc,metaspace   ] GC(212) Metaspace: 34973K(35648K)->34973K(35648K) NonClass: 28713K(29184K)->28713K(29184K) Class: 6259K(6464K)->6259K(6464K)
[93.260s][info][gc             ] GC(212) Pause Young (Allocation Failure) 491M->256M(514M) 63.911ms
[93.260s][info][gc,cpu         ] GC(212) User=0.11s Sys=0.02s Real=0.06s
[93.395s][info][gc,start       ] GC(213) Pause Young (Allocation Failure)
[93.412s][info][gc,heap        ] GC(213) PSYoungGen: 279552K(279552K)->8832K(287744K) Eden: 263680K(263680K)->0K(263680K) From: 15872K(15872K)->8832K(24064K)
[93.412s][info][gc,heap        ] GC(213) ParOldGen: 247250K(247296K)->247682K(247808K)
[93.412s][info][gc,metaspace   ] GC(213) Metaspace: 34973K(35648K)->34973K(35648K) NonClass: 28713K(29184K)->28713K(29184K) Class: 6259K(6464K)->6259K(6464K)
[93.412s][info][gc             ] GC(213) Pause Young (Allocation Failure) 514M->250M(523M) 17.688ms
[93.412s][info][gc,cpu         ] GC(213) User=0.03s Sys=0.00s Real=0.02s
[93.778s][info][gc,start       ] GC(214) Pause Young (Allocation Failure)
[93.779s][info][gc,heap        ] GC(214) PSYoungGen: 272512K(287744K)->64K(307712K) Eden: 263680K(263680K)->0K(286720K) From: 8832K(24064K)->64K(20992K)
[93.779s][info][gc,heap        ] GC(214) ParOldGen: 247682K(247808K)->247690K(247808K)
[93.779s][info][gc,metaspace   ] GC(214) Metaspace: 34973K(35648K)->34973K(35648K) NonClass: 28713K(29184K)->28713K(29184K) Class: 6259K(6464K)->6259K(6464K)
[93.779s][info][gc             ] GC(214) Pause Young (Allocation Failure) 508M->241M(542M) 1.321ms
[93.779s][info][gc,cpu         ] GC(214) User=0.00s Sys=0.00s Real=0.00s
[94.450s][info][gc,start       ] GC(215) Pause Young (Allocation Failure)
[94.451s][info][gc,heap        ] GC(215) PSYoungGen: 286784K(307712K)->64K(309248K) Eden: 286720K(286720K)->0K(286720K) From: 64K(20992K)->64K(22528K)
[94.451s][info][gc,heap        ] GC(215) ParOldGen: 247690K(247808K)->247698K(247808K)
[94.451s][info][gc,metaspace   ] GC(215) Metaspace: 34973K(35648K)->34973K(35648K) NonClass: 28713K(29184K)->28713K(29184K) Class: 6259K(6464K)->6259K(6464K)
[94.451s][info][gc             ] GC(215) Pause Young (Allocation Failure) 521M->241M(544M) 1.282ms
[94.451s][info][gc,cpu         ] GC(215) User=0.00s Sys=0.00s Real=0.00s
[95.002s][info][gc,start       ] GC(216) Pause Young (Allocation Failure)
[95.005s][info][gc,heap        ] GC(216) PSYoungGen: 286784K(309248K)->64K(308736K) Eden: 286720K(286720K)->0K(289280K) From: 64K(22528K)->64K(19456K)
[95.005s][info][gc,heap        ] GC(216) ParOldGen: 247698K(247808K)->247714K(247808K)
[95.005s][info][gc,metaspace   ] GC(216) Metaspace: 34973K(35648K)->34973K(35648K) NonClass: 28713K(29184K)->28713K(29184K) Class: 6259K(6464K)->6259K(6464K)
[95.005s][info][gc             ] GC(216) Pause Young (Allocation Failure) 521M->241M(543M) 2.351ms
[95.005s][info][gc,cpu         ] GC(216) User=0.00s Sys=0.00s Real=0.00s
[95.224s][info][gc,start       ] GC(217) Pause Young (Allocation Failure)
[95.227s][info][gc,heap        ] GC(217) PSYoungGen: 289344K(308736K)->32K(310272K) Eden: 289280K(289280K)->0K(289280K) From: 64K(19456K)->32K(20992K)
[95.227s][info][gc,heap        ] GC(217) ParOldGen: 247714K(247808K)->247730K(247808K)
[95.227s][info][gc,metaspace   ] GC(217) Metaspace: 34973K(35648K)->34973K(35648K) NonClass: 28713K(29184K)->28713K(29184K) Class: 6259K(6464K)->6259K(6464K)
[95.227s][info][gc             ] GC(217) Pause Young (Allocation Failure) 524M->241M(545M) 2.310ms
[95.227s][info][gc,cpu         ] GC(217) User=0.00s Sys=0.00s Real=0.01s
[95.447s][info][gc,start       ] GC(218) Pause Young (Allocation Failure)
[95.449s][info][gc,heap        ] GC(218) PSYoungGen: 289312K(310272K)->32K(310272K) Eden: 289280K(289280K)->0K(292352K) From: 32K(20992K)->32K(17920K)
[95.449s][info][gc,heap        ] GC(218) ParOldGen: 247730K(247808K)->247730K(247808K)
[95.449s][info][gc,metaspace   ] GC(218) Metaspace: 34973K(35648K)->34973K(35648K) NonClass: 28713K(29184K)->28713K(29184K) Class: 6259K(6464K)->6259K(6464K)
[95.449s][info][gc             ] GC(218) Pause Young (Allocation Failure) 524M->241M(545M) 2.511ms
[95.449s][info][gc,cpu         ] GC(218) User=0.00s Sys=0.00s Real=0.00s
[95.798s][info][gc,start       ] GC(219) Pause Young (Allocation Failure)
[95.800s][info][gc,heap        ] GC(219) PSYoungGen: 292384K(310272K)->64K(311808K) Eden: 292352K(292352K)->0K(292352K) From: 32K(17920K)->64K(19456K)
[95.800s][info][gc,heap        ] GC(219) ParOldGen: 247730K(247808K)->247730K(247808K)
[95.800s][info][gc,metaspace   ] GC(219) Metaspace: 34973K(35648K)->34973K(35648K) NonClass: 28713K(29184K)->28713K(29184K) Class: 6259K(6464K)->6259K(6464K)
[95.800s][info][gc             ] GC(219) Pause Young (Allocation Failure) 527M->241M(546M) 2.164ms
[95.800s][info][gc,cpu         ] GC(219) User=0.00s Sys=0.00s Real=0.00s
[95.928s][info][gc,start       ] GC(220) Pause Young (Allocation Failure)
[95.930s][info][gc,heap        ] GC(220) PSYoungGen: 292416K(311808K)->64K(311808K) Eden: 292352K(292352K)->0K(295936K) From: 64K(19456K)->64K(15872K)
[95.930s][info][gc,heap        ] GC(220) ParOldGen: 247730K(247808K)->247746K(247808K)
[95.930s][info][gc,metaspace   ] GC(220) Metaspace: 34973K(35648K)->34973K(35648K) NonClass: 28713K(29184K)->28713K(29184K) Class: 6259K(6464K)->6259K(6464K)
[95.930s][info][gc             ] GC(220) Pause Young (Allocation Failure) 527M->242M(546M) 2.129ms
[95.930s][info][gc,cpu         ] GC(220) User=0.00s Sys=0.00s Real=0.00s
[95.985s][info][gc,start       ] GC(221) Pause Young (Allocation Failure)
[95.987s][info][gc,heap        ] GC(221) PSYoungGen: 296000K(311808K)->32K(313344K) Eden: 295936K(295936K)->0K(295936K) From: 64K(15872K)->32K(17408K)
[95.987s][info][gc,heap        ] GC(221) ParOldGen: 247746K(247808K)->247762K(247808K)
[95.987s][info][gc,metaspace   ] GC(221) Metaspace: 34973K(35648K)->34973K(35648K) NonClass: 28713K(29184K)->28713K(29184K) Class: 6259K(6464K)->6259K(6464K)
[95.987s][info][gc             ] GC(221) Pause Young (Allocation Failure) 531M->241M(548M) 2.100ms
[95.987s][info][gc,cpu         ] GC(221) User=0.00s Sys=0.00s Real=0.01s
[96.166s][info][gc,start       ] GC(222) Pause Young (Allocation Failure)
[96.168s][info][gc,heap        ] GC(222) PSYoungGen: 295968K(313344K)->64K(313856K) Eden: 295936K(295936K)->0K(299520K) From: 32K(17408K)->64K(14336K)
[96.168s][info][gc,heap        ] GC(222) ParOldGen: 247762K(247808K)->247762K(247808K)
[96.168s][info][gc,metaspace   ] GC(222) Metaspace: 34973K(35648K)->34973K(35648K) NonClass: 28713K(29184K)->28713K(29184K) Class: 6259K(6464K)->6259K(6464K)
[96.168s][info][gc             ] GC(222) Pause Young (Allocation Failure) 530M->242M(548M) 2.367ms
[96.168s][info][gc,cpu         ] GC(222) User=0.00s Sys=0.00s Real=0.00s
[96.493s][info][gc,start       ] GC(223) Pause Young (Allocation Failure)
[96.495s][info][gc,heap        ] GC(223) PSYoungGen: 299584K(313856K)->64K(315392K) Eden: 299520K(299520K)->0K(299520K) From: 64K(14336K)->64K(15872K)
[96.495s][info][gc,heap        ] GC(223) ParOldGen: 247762K(247808K)->247778K(247808K)
[96.495s][info][gc,metaspace   ] GC(223) Metaspace: 34973K(35648K)->34973K(35648K) NonClass: 28713K(29184K)->28713K(29184K) Class: 6259K(6464K)->6259K(6464K)
[96.495s][info][gc             ] GC(223) Pause Young (Allocation Failure) 534M->242M(550M) 2.182ms
[96.495s][info][gc,cpu         ] GC(223) User=0.00s Sys=0.01s Real=0.01s
[96.662s][info][gc,start       ] GC(224) Pause Young (Allocation Failure)
[96.664s][info][gc,heap        ] GC(224) PSYoungGen: 299584K(315392K)->64K(315392K) Eden: 299520K(299520K)->0K(303104K) From: 64K(15872K)->64K(12288K)
[96.664s][info][gc,heap        ] GC(224) ParOldGen: 247778K(247808K)->247786K(247808K)
[96.664s][info][gc,metaspace   ] GC(224) Metaspace: 34973K(35648K)->34973K(35648K) NonClass: 28713K(29184K)->28713K(29184K) Class: 6259K(6464K)->6259K(6464K)
[96.664s][info][gc             ] GC(224) Pause Young (Allocation Failure) 534M->242M(550M) 2.320ms
[96.664s][info][gc,cpu         ] GC(224) User=0.00s Sys=0.00s Real=0.00s
[96.750s][info][gc,start       ] GC(225) Pause Young (Allocation Failure)
[96.752s][info][gc,heap        ] GC(225) PSYoungGen: 303168K(315392K)->32K(316928K) Eden: 303104K(303104K)->0K(303104K) From: 64K(12288K)->32K(13824K)
[96.752s][info][gc,heap        ] GC(225) ParOldGen: 247786K(247808K)->247802K(247808K)
[96.752s][info][gc,metaspace   ] GC(225) Metaspace: 34973K(35648K)->34973K(35648K) NonClass: 28713K(29184K)->28713K(29184K) Class: 6259K(6464K)->6259K(6464K)
[96.752s][info][gc             ] GC(225) Pause Young (Allocation Failure) 538M->242M(551M) 2.274ms
[96.752s][info][gc,cpu         ] GC(225) User=0.00s Sys=0.00s Real=0.00s
[96.986s][info][gc,start       ] GC(226) Pause Young (Allocation Failure)
[96.988s][info][gc,heap        ] GC(226) PSYoungGen: 303136K(316928K)->64K(317440K) Eden: 303104K(303104K)->0K(306688K) From: 32K(13824K)->64K(10752K)
[96.988s][info][gc,heap        ] GC(226) ParOldGen: 247802K(247808K)->247802K(247808K)
[96.989s][info][gc,metaspace   ] GC(226) Metaspace: 34973K(35648K)->34973K(35648K) NonClass: 28713K(29184K)->28713K(29184K) Class: 6259K(6464K)->6259K(6464K)
[96.989s][info][gc             ] GC(226) Pause Young (Allocation Failure) 538M->242M(552M) 3.026ms
[96.989s][info][gc,cpu         ] GC(226) User=0.01s Sys=0.00s Real=0.00s
[98.016s][info][gc,start       ] GC(227) Pause Young (Allocation Failure)
[98.018s][info][gc,heap        ] GC(227) PSYoungGen: 306752K(317440K)->64K(318976K) Eden: 306688K(306688K)->0K(306688K) From: 64K(10752K)->64K(12288K)
[98.019s][info][gc,heap        ] GC(227) ParOldGen: 247802K(247808K)->247818K(248320K)
[98.019s][info][gc,metaspace   ] GC(227) Metaspace: 34973K(35648K)->34973K(35648K) NonClass: 28713K(29184K)->28713K(29184K) Class: 6259K(6464K)->6259K(6464K)
[98.019s][info][gc             ] GC(227) Pause Young (Allocation Failure) 541M->242M(554M) 2.211ms
[98.019s][info][gc,cpu         ] GC(227) User=0.00s Sys=0.00s Real=0.00s
[98.946s][info][gc,start       ] GC(228) Pause Young (Allocation Failure)
[98.948s][info][gc,heap        ] GC(228) PSYoungGen: 306752K(318976K)->32K(294912K) Eden: 306688K(306688K)->0K(294400K) From: 64K(12288K)->32K(512K)
[98.948s][info][gc,heap        ] GC(228) ParOldGen: 247818K(248320K)->247834K(248320K)
[98.948s][info][gc,metaspace   ] GC(228) Metaspace: 34973K(35648K)->34973K(35648K) NonClass: 28713K(29184K)->28713K(29184K) Class: 6259K(6464K)->6259K(6464K)
[98.948s][info][gc             ] GC(228) Pause Young (Allocation Failure) 541M->242M(530M) 1.780ms
[98.948s][info][gc,cpu         ] GC(228) User=0.00s Sys=0.00s Real=0.00s
[99.182s][info][gc,start       ] GC(229) Pause Young (Allocation Failure)
[99.184s][info][gc,heap        ] GC(229) PSYoungGen: 294432K(294912K)->64K(293376K) Eden: 294400K(294400K)->0K(282624K) From: 32K(512K)->64K(10752K)
[99.184s][info][gc,heap        ] GC(229) ParOldGen: 247834K(248320K)->247842K(248320K)
[99.184s][info][gc,metaspace   ] GC(229) Metaspace: 34973K(35648K)->34973K(35648K) NonClass: 28713K(29184K)->28713K(29184K) Class: 6259K(6464K)->6259K(6464K)
[99.184s][info][gc             ] GC(229) Pause Young (Allocation Failure) 529M->242M(529M) 1.406ms
[99.184s][info][gc,cpu         ] GC(229) User=0.00s Sys=0.00s Real=0.00s
[99.715s][info][gc,start       ] GC(230) Pause Young (Allocation Failure)
[99.718s][info][gc,heap        ] GC(230) PSYoungGen: 282688K(293376K)->64K(271872K) Eden: 282624K(282624K)->0K(271360K) From: 64K(10752K)->64K(512K)
[99.718s][info][gc,heap        ] GC(230) ParOldGen: 247842K(248320K)->247850K(248320K)
[99.718s][info][gc,metaspace   ] GC(230) Metaspace: 34985K(35648K)->34985K(35648K) NonClass: 28725K(29184K)->28725K(29184K) Class: 6259K(6464K)->6259K(6464K)
[99.718s][info][gc             ] GC(230) Pause Young (Allocation Failure) 518M->242M(508M) 2.379ms
[99.718s][info][gc,cpu         ] GC(230) User=0.00s Sys=0.00s Real=0.00s
[100.770s][info][gc,start       ] GC(231) Pause Young (Allocation Failure)
[100.772s][info][gc,heap        ] GC(231) PSYoungGen: 271424K(271872K)->64K(270336K) Eden: 271360K(271360K)->0K(260608K) From: 64K(512K)->64K(9728K)
[100.772s][info][gc,heap        ] GC(231) ParOldGen: 247850K(248320K)->247858K(248320K)
[100.772s][info][gc,metaspace   ] GC(231) Metaspace: 34985K(35648K)->34985K(35648K) NonClass: 28725K(29184K)->28725K(29184K) Class: 6259K(6464K)->6259K(6464K)
[100.772s][info][gc             ] GC(231) Pause Young (Allocation Failure) 507M->242M(506M) 1.901ms
[100.772s][info][gc,cpu         ] GC(231) User=0.00s Sys=0.00s Real=0.00s
[101.201s][info][gc,start       ] GC(232) Pause Young (Allocation Failure)
[101.203s][info][gc,heap        ] GC(232) PSYoungGen: 260672K(270336K)->64K(250880K) Eden: 260608K(260608K)->0K(250368K) From: 64K(9728K)->64K(512K)
[101.203s][info][gc,heap        ] GC(232) ParOldGen: 247858K(248320K)->247866K(248320K)
[101.203s][info][gc,metaspace   ] GC(232) Metaspace: 34985K(35648K)->34985K(35648K) NonClass: 28725K(29184K)->28725K(29184K) Class: 6259K(6464K)->6259K(6464K)
[101.203s][info][gc             ] GC(232) Pause Young (Allocation Failure) 496M->242M(487M) 1.849ms
[101.203s][info][gc,cpu         ] GC(232) User=0.00s Sys=0.00s Real=0.00s
[101.381s][info][gc,start       ] GC(233) Pause Young (Allocation Failure)
[101.383s][info][gc,heap        ] GC(233) PSYoungGen: 250432K(250880K)->32K(248832K) Eden: 250368K(250368K)->0K(240640K) From: 64K(512K)->32K(8192K)
[101.383s][info][gc,heap        ] GC(233) ParOldGen: 247866K(248320K)->247874K(248320K)
[101.383s][info][gc,metaspace   ] GC(233) Metaspace: 34985K(35648K)->34985K(35648K) NonClass: 28725K(29184K)->28725K(29184K) Class: 6259K(6464K)->6259K(6464K)
[101.383s][info][gc             ] GC(233) Pause Young (Allocation Failure) 486M->242M(485M) 2.322ms
[101.383s][info][gc,cpu         ] GC(233) User=0.00s Sys=0.00s Real=0.00s
[101.542s][info][gc,start       ] GC(234) Pause Young (Allocation Failure)
[101.545s][info][gc,heap        ] GC(234) PSYoungGen: 240672K(248832K)->64K(231936K) Eden: 240640K(240640K)->0K(231424K) From: 32K(8192K)->64K(512K)
[101.545s][info][gc,heap        ] GC(234) ParOldGen: 247874K(248320K)->247890K(248320K)
[101.545s][info][gc,metaspace   ] GC(234) Metaspace: 34985K(35648K)->34985K(35648K) NonClass: 28725K(29184K)->28725K(29184K) Class: 6259K(6464K)->6259K(6464K)
[101.545s][info][gc             ] GC(234) Pause Young (Allocation Failure) 477M->242M(469M) 2.697ms
[101.545s][info][gc,cpu         ] GC(234) User=0.00s Sys=0.00s Real=0.00s
[102.148s][info][gc,start       ] GC(235) Pause Young (Allocation Failure)
[102.151s][info][gc,heap        ] GC(235) PSYoungGen: 231488K(231936K)->32K(229888K) Eden: 231424K(231424K)->0K(222720K) From: 64K(512K)->32K(7168K)
[102.151s][info][gc,heap        ] GC(235) ParOldGen: 247890K(248320K)->247898K(248320K)
[102.151s][info][gc,metaspace   ] GC(235) Metaspace: 34985K(35648K)->34985K(35648K) NonClass: 28725K(29184K)->28725K(29184K) Class: 6259K(6464K)->6259K(6464K)
[102.151s][info][gc             ] GC(235) Pause Young (Allocation Failure) 468M->242M(467M) 2.539ms
[102.151s][info][gc,cpu         ] GC(235) User=0.01s Sys=0.00s Real=0.00s
[102.417s][info][gc,start       ] GC(236) Pause Young (Allocation Failure)
[102.419s][info][gc,heap        ] GC(236) PSYoungGen: 222752K(229888K)->64K(215040K) Eden: 222720K(222720K)->0K(214528K) From: 32K(7168K)->64K(512K)
[102.419s][info][gc,heap        ] GC(236) ParOldGen: 247898K(248320K)->247906K(248320K)
[102.419s][info][gc,metaspace   ] GC(236) Metaspace: 34985K(35648K)->34985K(35648K) NonClass: 28725K(29184K)->28725K(29184K) Class: 6259K(6464K)->6259K(6464K)
[102.419s][info][gc             ] GC(236) Pause Young (Allocation Failure) 459M->242M(452M) 1.761ms
[102.419s][info][gc,cpu         ] GC(236) User=0.00s Sys=0.00s Real=0.00s
[102.744s][info][gc,start       ] GC(237) Pause Young (Allocation Failure)
[102.775s][info][gc,heap        ] GC(237) PSYoungGen: 214592K(215040K)->6144K(263680K) Eden: 214528K(214528K)->0K(257536K) From: 64K(512K)->6144K(6144K)
[102.775s][info][gc,heap        ] GC(237) ParOldGen: 247906K(248320K)->256842K(257024K)
[102.775s][info][gc,metaspace   ] GC(237) Metaspace: 34985K(35648K)->34985K(35648K) NonClass: 28725K(29184K)->28725K(29184K) Class: 6259K(6464K)->6259K(6464K)
[102.775s][info][gc             ] GC(237) Pause Young (Allocation Failure) 451M->256M(508M) 30.459ms
[102.775s][info][gc,cpu         ] GC(237) User=0.05s Sys=0.01s Real=0.03s
[103.079s][info][gc,start       ] GC(238) Pause Young (Allocation Failure)
[103.139s][info][gc,heap        ] GC(238) PSYoungGen: 263680K(263680K)->6144K(271872K) Eden: 257536K(257536K)->0K(265728K) From: 6144K(6144K)->6144K(6144K)
[103.139s][info][gc,heap        ] GC(238) ParOldGen: 256842K(257024K)->278210K(278528K)
[103.139s][info][gc,metaspace   ] GC(238) Metaspace: 34985K(35648K)->34985K(35648K) NonClass: 28725K(29184K)->28725K(29184K) Class: 6259K(6464K)->6259K(6464K)
[103.139s][info][gc             ] GC(238) Pause Young (Allocation Failure) 508M->277M(537M) 60.231ms
[103.139s][info][gc,cpu         ] GC(238) User=0.10s Sys=0.01s Real=0.06s
[103.442s][info][gc,start       ] GC(239) Pause Young (Allocation Failure)
[103.494s][info][gc,heap        ] GC(239) PSYoungGen: 271872K(271872K)->19456K(285184K) Eden: 265728K(265728K)->0K(265728K) From: 6144K(6144K)->19456K(19456K)
[103.494s][info][gc,heap        ] GC(239) ParOldGen: 278210K(278528K)->286242K(286720K)
[103.494s][info][gc,metaspace   ] GC(239) Metaspace: 34985K(35648K)->34985K(35648K) NonClass: 28725K(29184K)->28725K(29184K) Class: 6259K(6464K)->6259K(6464K)
[103.494s][info][gc             ] GC(239) Pause Young (Allocation Failure) 537M->298M(558M) 52.744ms
[103.494s][info][gc,cpu         ] GC(239) User=0.10s Sys=0.01s Real=0.05s
[103.576s][info][gc,start       ] GC(240) Pause Young (Allocation Failure)
[103.580s][info][gc,heap        ] GC(240) PSYoungGen: 285184K(285184K)->64K(308224K) Eden: 265728K(265728K)->0K(281600K) From: 19456K(19456K)->64K(26624K)
[103.580s][info][gc,heap        ] GC(240) ParOldGen: 286242K(286720K)->286522K(286720K)
[103.580s][info][gc,metaspace   ] GC(240) Metaspace: 34985K(35648K)->34985K(35648K) NonClass: 28725K(29184K)->28725K(29184K) Class: 6259K(6464K)->6259K(6464K)
[103.580s][info][gc             ] GC(240) Pause Young (Allocation Failure) 558M->279M(581M) 3.579ms
[103.580s][info][gc,cpu         ] GC(240) User=0.01s Sys=0.00s Real=0.00s
[104.220s][info][gc,start       ] GC(241) Pause Young (Allocation Failure)
[104.221s][info][gc,heap        ] GC(241) PSYoungGen: 281664K(308224K)->64K(282112K) Eden: 281600K(281600K)->0K(281600K) From: 64K(26624K)->64K(512K)
[104.221s][info][gc,heap        ] GC(241) ParOldGen: 286522K(286720K)->286530K(286720K)
[104.221s][info][gc,metaspace   ] GC(241) Metaspace: 34985K(35648K)->34985K(35648K) NonClass: 28725K(29184K)->28725K(29184K) Class: 6259K(6464K)->6259K(6464K)
[104.221s][info][gc             ] GC(241) Pause Young (Allocation Failure) 554M->279M(555M) 1.326ms
[104.221s][info][gc,cpu         ] GC(241) User=0.00s Sys=0.00s Real=0.00s
[104.696s][info][gc,start       ] GC(242) Pause Young (Allocation Failure)
[104.699s][info][gc,heap        ] GC(242) PSYoungGen: 281664K(282112K)->64K(307712K) Eden: 281600K(281600K)->0K(282624K) From: 64K(512K)->64K(25088K)
[104.699s][info][gc,heap        ] GC(242) ParOldGen: 286530K(286720K)->286538K(286720K)
[104.699s][info][gc,metaspace   ] GC(242) Metaspace: 34986K(35648K)->34986K(35648K) NonClass: 28726K(29184K)->28726K(29184K) Class: 6259K(6464K)->6259K(6464K)
[104.699s][info][gc             ] GC(242) Pause Young (Allocation Failure) 554M->279M(580M) 2.680ms
[104.699s][info][gc,cpu         ] GC(242) User=0.00s Sys=0.00s Real=0.00s
[105.153s][info][gc,start       ] GC(243) Pause Young (Allocation Failure)
[105.155s][info][gc,heap        ] GC(243) PSYoungGen: 282688K(307712K)->64K(306688K) Eden: 282624K(282624K)->0K(282624K) From: 64K(25088K)->64K(24064K)
[105.155s][info][gc,heap        ] GC(243) ParOldGen: 286538K(286720K)->286554K(286720K)
[105.155s][info][gc,metaspace   ] GC(243) Metaspace: 34986K(35648K)->34986K(35648K) NonClass: 28726K(29184K)->28726K(29184K) Class: 6259K(6464K)->6259K(6464K)
[105.156s][info][gc             ] GC(243) Pause Young (Allocation Failure) 555M->279M(579M) 2.410ms
[105.156s][info][gc,cpu         ] GC(243) User=0.00s Sys=0.00s Real=0.01s
[105.377s][info][gc,start       ] GC(244) Pause Young (Allocation Failure)
[105.379s][info][gc,heap        ] GC(244) PSYoungGen: 282688K(306688K)->32K(308736K) Eden: 282624K(282624K)->0K(285696K) From: 64K(24064K)->32K(23040K)
[105.379s][info][gc,heap        ] GC(244) ParOldGen: 286554K(286720K)->286570K(286720K)
[105.379s][info][gc,metaspace   ] GC(244) Metaspace: 34986K(35648K)->34986K(35648K) NonClass: 28726K(29184K)->28726K(29184K) Class: 6259K(6464K)->6259K(6464K)
[105.379s][info][gc             ] GC(244) Pause Young (Allocation Failure) 555M->279M(581M) 2.266ms
[105.379s][info][gc,cpu         ] GC(244) User=0.00s Sys=0.00s Real=0.00s
[105.582s][info][gc,start       ] GC(245) Pause Young (Allocation Failure)
[105.583s][info][gc,heap        ] GC(245) PSYoungGen: 285728K(308736K)->64K(307712K) Eden: 285696K(285696K)->0K(285696K) From: 32K(23040K)->64K(22016K)
[105.583s][info][gc,heap        ] GC(245) ParOldGen: 286570K(286720K)->286570K(286720K)
[105.583s][info][gc,metaspace   ] GC(245) Metaspace: 34986K(35648K)->34986K(35648K) NonClass: 28726K(29184K)->28726K(29184K) Class: 6259K(6464K)->6259K(6464K)
[105.583s][info][gc             ] GC(245) Pause Young (Allocation Failure) 558M->279M(580M) 1.755ms
[105.583s][info][gc,cpu         ] GC(245) User=0.00s Sys=0.00s Real=0.00s
[105.939s][info][gc,start       ] GC(246) Pause Young (Allocation Failure)
[105.940s][info][gc,heap        ] GC(246) PSYoungGen: 285760K(307712K)->64K(310784K) Eden: 285696K(285696K)->0K(289792K) From: 64K(22016K)->64K(20992K)
[105.940s][info][gc,heap        ] GC(246) ParOldGen: 286570K(286720K)->286570K(286720K)
[105.940s][info][gc,metaspace   ] GC(246) Metaspace: 34986K(35648K)->34986K(35648K) NonClass: 28726K(29184K)->28726K(29184K) Class: 6259K(6464K)->6259K(6464K)
[105.940s][info][gc             ] GC(246) Pause Young (Allocation Failure) 558M->279M(583M) 1.270ms
[105.940s][info][gc,cpu         ] GC(246) User=0.01s Sys=0.00s Real=0.00s
[105.994s][info][gc,start       ] GC(247) Pause Young (Allocation Failure)
[105.995s][info][gc,heap        ] GC(247) PSYoungGen: 289856K(310784K)->64K(309760K) Eden: 289792K(289792K)->0K(289792K) From: 64K(20992K)->64K(19968K)
[105.995s][info][gc,heap        ] GC(247) ParOldGen: 286570K(286720K)->286586K(286720K)
[105.995s][info][gc,metaspace   ] GC(247) Metaspace: 34986K(35648K)->34986K(35648K) NonClass: 28726K(29184K)->28726K(29184K) Class: 6259K(6464K)->6259K(6464K)
[105.995s][info][gc             ] GC(247) Pause Young (Allocation Failure) 562M->279M(582M) 1.372ms
[105.995s][info][gc,cpu         ] GC(247) User=0.00s Sys=0.00s Real=0.01s
[106.050s][info][gc,start       ] GC(248) Pause Young (Allocation Failure)
[106.051s][info][gc,heap        ] GC(248) PSYoungGen: 289856K(309760K)->64K(312320K) Eden: 289792K(289792K)->0K(293888K) From: 64K(19968K)->64K(18432K)
[106.051s][info][gc,heap        ] GC(248) ParOldGen: 286586K(286720K)->286586K(286720K)
[106.051s][info][gc,metaspace   ] GC(248) Metaspace: 34986K(35648K)->34986K(35648K) NonClass: 28726K(29184K)->28726K(29184K) Class: 6259K(6464K)->6259K(6464K)
[106.051s][info][gc             ] GC(248) Pause Young (Allocation Failure) 562M->279M(585M) 1.363ms
[106.051s][info][gc,cpu         ] GC(248) User=0.00s Sys=0.00s Real=0.00s
[106.304s][info][gc,start       ] GC(249) Pause Young (Allocation Failure)
[106.305s][info][gc,heap        ] GC(249) PSYoungGen: 293952K(312320K)->64K(311296K) Eden: 293888K(293888K)->0K(293888K) From: 64K(18432K)->64K(17408K)
[106.305s][info][gc,heap        ] GC(249) ParOldGen: 286586K(286720K)->286586K(286720K)
[106.305s][info][gc,metaspace   ] GC(249) Metaspace: 34986K(35648K)->34986K(35648K) NonClass: 28726K(29184K)->28726K(29184K) Class: 6259K(6464K)->6259K(6464K)
[106.305s][info][gc             ] GC(249) Pause Young (Allocation Failure) 566M->279M(584M) 1.376ms
[106.305s][info][gc,cpu         ] GC(249) User=0.01s Sys=0.00s Real=0.01s
[106.590s][info][gc,start       ] GC(250) Pause Young (Allocation Failure)
[106.591s][info][gc,heap        ] GC(250) PSYoungGen: 293952K(311296K)->64K(314880K) Eden: 293888K(293888K)->0K(298496K) From: 64K(17408K)->64K(16384K)
[106.591s][info][gc,heap        ] GC(250) ParOldGen: 286586K(286720K)->286594K(286720K)
[106.591s][info][gc,metaspace   ] GC(250) Metaspace: 34986K(35648K)->34986K(35648K) NonClass: 28726K(29184K)->28726K(29184K) Class: 6259K(6464K)->6259K(6464K)
[106.591s][info][gc             ] GC(250) Pause Young (Allocation Failure) 566M->279M(587M) 1.400ms
[106.591s][info][gc,cpu         ] GC(250) User=0.00s Sys=0.00s Real=0.00s
[106.726s][info][gc,start       ] GC(251) Pause Young (Allocation Failure)
[106.728s][info][gc,heap        ] GC(251) PSYoungGen: 298560K(314880K)->64K(314368K) Eden: 298496K(298496K)->0K(298496K) From: 64K(16384K)->64K(15872K)
[106.728s][info][gc,heap        ] GC(251) ParOldGen: 286594K(286720K)->286602K(286720K)
[106.728s][info][gc,metaspace   ] GC(251) Metaspace: 34986K(35648K)->34986K(35648K) NonClass: 28726K(29184K)->28726K(29184K) Class: 6259K(6464K)->6259K(6464K)
[106.728s][info][gc             ] GC(251) Pause Young (Allocation Failure) 571M->279M(587M) 1.810ms
[106.728s][info][gc,cpu         ] GC(251) User=0.00s Sys=0.00s Real=0.00s
[106.821s][info][gc,start       ] GC(252) Pause Young (Allocation Failure)
[106.823s][info][gc,heap        ] GC(252) PSYoungGen: 298560K(314368K)->64K(316928K) Eden: 298496K(298496K)->0K(302592K) From: 64K(15872K)->64K(14336K)
[106.823s][info][gc,heap        ] GC(252) ParOldGen: 286602K(286720K)->286610K(286720K)
[106.823s][info][gc,metaspace   ] GC(252) Metaspace: 34986K(35648K)->34986K(35648K) NonClass: 28726K(29184K)->28726K(29184K) Class: 6259K(6464K)->6259K(6464K)
[106.823s][info][gc             ] GC(252) Pause Young (Allocation Failure) 571M->279M(589M) 1.287ms
[106.823s][info][gc,cpu         ] GC(252) User=0.01s Sys=0.00s Real=0.00s
[107.026s][info][gc,start       ] GC(253) Pause Young (Allocation Failure)
[107.027s][info][gc,heap        ] GC(253) PSYoungGen: 302656K(316928K)->64K(316416K) Eden: 302592K(302592K)->0K(302592K) From: 64K(14336K)->64K(13824K)
[107.027s][info][gc,heap        ] GC(253) ParOldGen: 286610K(286720K)->286618K(286720K)
[107.027s][info][gc,metaspace   ] GC(253) Metaspace: 34986K(35648K)->34986K(35648K) NonClass: 28726K(29184K)->28726K(29184K) Class: 6259K(6464K)->6259K(6464K)
[107.027s][info][gc             ] GC(253) Pause Young (Allocation Failure) 575M->279M(589M) 1.280ms
[107.027s][info][gc,cpu         ] GC(253) User=0.00s Sys=0.00s Real=0.00s
[108.004s][info][gc,start       ] GC(254) Pause Young (Allocation Failure)
[108.006s][info][gc,heap        ] GC(254) PSYoungGen: 302656K(316416K)->64K(290816K) Eden: 302592K(302592K)->0K(290304K) From: 64K(13824K)->64K(512K)
[108.006s][info][gc,heap        ] GC(254) ParOldGen: 286618K(286720K)->286626K(286720K)
[108.006s][info][gc,metaspace   ] GC(254) Metaspace: 34986K(35648K)->34986K(35648K) NonClass: 28726K(29184K)->28726K(29184K) Class: 6259K(6464K)->6259K(6464K)
[108.006s][info][gc             ] GC(254) Pause Young (Allocation Failure) 575M->279M(564M) 1.296ms
[108.006s][info][gc,cpu         ] GC(254) User=0.00s Sys=0.00s Real=0.01s
[108.942s][info][gc,start       ] GC(255) Pause Young (Allocation Failure)
[108.943s][info][gc,heap        ] GC(255) PSYoungGen: 290368K(290816K)->64K(290816K) Eden: 290304K(290304K)->0K(278528K) From: 64K(512K)->64K(12288K)
[108.943s][info][gc,heap        ] GC(255) ParOldGen: 286626K(286720K)->286634K(286720K)
[108.943s][info][gc,metaspace   ] GC(255) Metaspace: 34986K(35648K)->34986K(35648K) NonClass: 28726K(29184K)->28726K(29184K) Class: 6259K(6464K)->6259K(6464K)
[108.943s][info][gc             ] GC(255) Pause Young (Allocation Failure) 563M->279M(564M) 1.272ms
[108.943s][info][gc,cpu         ] GC(255) User=0.00s Sys=0.00s Real=0.00s
[109.226s][info][gc,start       ] GC(256) Pause Young (Allocation Failure)
[109.227s][info][gc,heap        ] GC(256) PSYoungGen: 278592K(290816K)->64K(267776K) Eden: 278528K(278528K)->0K(267264K) From: 64K(12288K)->64K(512K)
[109.227s][info][gc,heap        ] GC(256) ParOldGen: 286634K(286720K)->286642K(286720K)
[109.227s][info][gc,metaspace   ] GC(256) Metaspace: 34986K(35648K)->34986K(35648K) NonClass: 28726K(29184K)->28726K(29184K) Class: 6259K(6464K)->6259K(6464K)
[109.227s][info][gc             ] GC(256) Pause Young (Allocation Failure) 551M->279M(541M) 1.418ms
[109.227s][info][gc,cpu         ] GC(256) User=0.00s Sys=0.00s Real=0.00s
[109.699s][info][gc,start       ] GC(257) Pause Young (Allocation Failure)
[109.701s][info][gc,heap        ] GC(257) PSYoungGen: 267328K(267776K)->64K(267776K) Eden: 267264K(267264K)->0K(257024K) From: 64K(512K)->64K(10752K)
[109.701s][info][gc,heap        ] GC(257) ParOldGen: 286642K(286720K)->286650K(286720K)
[109.701s][info][gc,metaspace   ] GC(257) Metaspace: 34986K(35648K)->34986K(35648K) NonClass: 28726K(29184K)->28726K(29184K) Class: 6259K(6464K)->6259K(6464K)
[109.701s][info][gc             ] GC(257) Pause Young (Allocation Failure) 540M->279M(541M) 2.337ms
[109.701s][info][gc,cpu         ] GC(257) User=0.00s Sys=0.00s Real=0.00s
[110.683s][info][gc,start       ] GC(258) Pause Young (Allocation Failure)
[110.686s][info][gc,heap        ] GC(258) PSYoungGen: 257088K(267776K)->64K(247296K) Eden: 257024K(257024K)->0K(246784K) From: 64K(10752K)->64K(512K)
[110.686s][info][gc,heap        ] GC(258) ParOldGen: 286650K(286720K)->286658K(286720K)
[110.686s][info][gc,metaspace   ] GC(258) Metaspace: 34986K(35648K)->34986K(35648K) NonClass: 28726K(29184K)->28726K(29184K) Class: 6259K(6464K)->6259K(6464K)
[110.686s][info][gc             ] GC(258) Pause Young (Allocation Failure) 530M->280M(521M) 2.529ms
[110.686s][info][gc,cpu         ] GC(258) User=0.00s Sys=0.00s Real=0.01s
[111.081s][info][gc,start       ] GC(259) Pause Young (Allocation Failure)
[111.083s][info][gc,heap        ] GC(259) PSYoungGen: 246848K(247296K)->64K(246272K) Eden: 246784K(246784K)->0K(237056K) From: 64K(512K)->64K(9216K)
[111.083s][info][gc,heap        ] GC(259) ParOldGen: 286658K(286720K)->286674K(286720K)
[111.083s][info][gc,metaspace   ] GC(259) Metaspace: 34986K(35648K)->34986K(35648K) NonClass: 28726K(29184K)->28726K(29184K) Class: 6259K(6464K)->6259K(6464K)
[111.083s][info][gc             ] GC(259) Pause Young (Allocation Failure) 521M->280M(520M) 1.822ms
[111.083s][info][gc,cpu         ] GC(259) User=0.01s Sys=0.00s Real=0.00s
[111.253s][info][gc,start       ] GC(260) Pause Young (Allocation Failure)
[111.256s][info][gc,heap        ] GC(260) PSYoungGen: 237120K(246272K)->64K(228352K) Eden: 237056K(237056K)->0K(227840K) From: 64K(9216K)->64K(512K)
[111.256s][info][gc,heap        ] GC(260) ParOldGen: 286674K(286720K)->286682K(286720K)
[111.256s][info][gc,metaspace   ] GC(260) Metaspace: 34986K(35648K)->34986K(35648K) NonClass: 28726K(29184K)->28726K(29184K) Class: 6259K(6464K)->6259K(6464K)
[111.256s][info][gc             ] GC(260) Pause Young (Allocation Failure) 511M->280M(503M) 3.030ms
[111.256s][info][gc,cpu         ] GC(260) User=0.01s Sys=0.00s Real=0.01s
[111.347s][info][gc,start       ] GC(261) Pause Young (Allocation Failure)
[111.349s][info][gc,heap        ] GC(261) PSYoungGen: 227904K(228352K)->64K(281088K) Eden: 227840K(227840K)->0K(273408K) From: 64K(512K)->64K(7680K)
[111.349s][info][gc,heap        ] GC(261) ParOldGen: 286682K(286720K)->286698K(286720K)
[111.349s][info][gc,metaspace   ] GC(261) Metaspace: 34986K(35648K)->34986K(35648K) NonClass: 28726K(29184K)->28726K(29184K) Class: 6259K(6464K)->6259K(6464K)
[111.349s][info][gc             ] GC(261) Pause Young (Allocation Failure) 502M->280M(554M) 2.223ms
[111.349s][info][gc,cpu         ] GC(261) User=0.00s Sys=0.00s Real=0.00s
[112.027s][info][gc,start       ] GC(262) Pause Young (Allocation Failure)
[112.031s][info][gc,heap        ] GC(262) PSYoungGen: 273472K(281088K)->32K(263168K) Eden: 273408K(273408K)->0K(262656K) From: 64K(7680K)->32K(512K)
[112.031s][info][gc,heap        ] GC(262) ParOldGen: 286698K(286720K)->286706K(286720K)
[112.031s][info][gc,metaspace   ] GC(262) Metaspace: 34986K(35648K)->34986K(35648K) NonClass: 28726K(29184K)->28726K(29184K) Class: 6259K(6464K)->6259K(6464K)
[112.031s][info][gc             ] GC(262) Pause Young (Allocation Failure) 547M->280M(537M) 3.494ms
[112.031s][info][gc,cpu         ] GC(262) User=0.00s Sys=0.00s Real=0.00s
[112.394s][info][gc,start       ] GC(263) Pause Young (Allocation Failure)
[112.396s][info][gc,heap        ] GC(263) PSYoungGen: 262688K(263168K)->64K(259072K) Eden: 262656K(262656K)->0K(252416K) From: 32K(512K)->64K(6656K)
[112.396s][info][gc,heap        ] GC(263) ParOldGen: 286706K(286720K)->286714K(286720K)
[112.396s][info][gc,metaspace   ] GC(263) Metaspace: 34986K(35648K)->34986K(35648K) NonClass: 28726K(29184K)->28726K(29184K) Class: 6259K(6464K)->6259K(6464K)
[112.396s][info][gc             ] GC(263) Pause Young (Allocation Failure) 536M->280M(533M) 1.783ms
[112.396s][info][gc,cpu         ] GC(263) User=0.00s Sys=0.00s Real=0.01s
[112.740s][info][gc,start       ] GC(264) Pause Young (Allocation Failure)
[112.791s][info][gc,heap        ] GC(264) PSYoungGen: 252480K(259072K)->6144K(269824K) Eden: 252416K(252416K)->0K(263680K) From: 64K(6656K)->6144K(6144K)
[112.791s][info][gc,heap        ] GC(264) ParOldGen: 286714K(286720K)->304522K(304640K)
[112.791s][info][gc,metaspace   ] GC(264) Metaspace: 34986K(35648K)->34986K(35648K) NonClass: 28726K(29184K)->28726K(29184K) Class: 6259K(6464K)->6259K(6464K)
[112.791s][info][gc             ] GC(264) Pause Young (Allocation Failure) 526M->303M(561M) 50.535ms
[112.791s][info][gc,cpu         ] GC(264) User=0.08s Sys=0.01s Real=0.05s
[113.101s][info][gc,start       ] GC(265) Pause Young (Allocation Failure)
[113.160s][info][gc,heap        ] GC(265) PSYoungGen: 269824K(269824K)->14336K(278016K) Eden: 263680K(263680K)->0K(263680K) From: 6144K(6144K)->14336K(14336K)
[113.160s][info][gc,heap        ] GC(265) ParOldGen: 304522K(304640K)->318658K(318976K)
[113.160s][info][gc,metaspace   ] GC(265) Metaspace: 34986K(35648K)->34986K(35648K) NonClass: 28726K(29184K)->28726K(29184K) Class: 6259K(6464K)->6259K(6464K)
[113.160s][info][gc             ] GC(265) Pause Young (Allocation Failure) 560M->325M(583M) 59.495ms
[113.160s][info][gc,cpu         ] GC(265) User=0.10s Sys=0.02s Real=0.06s
[113.379s][info][gc,start       ] GC(266) Pause Young (Allocation Failure)
[113.419s][info][gc,heap        ] GC(266) PSYoungGen: 278016K(278016K)->17216K(305152K) Eden: 263680K(263680K)->0K(282624K) From: 14336K(14336K)->17216K(22528K)
[113.420s][info][gc,heap        ] GC(266) ParOldGen: 318658K(318976K)->319170K(319488K)
[113.420s][info][gc,metaspace   ] GC(266) Metaspace: 34986K(35648K)->34986K(35648K) NonClass: 28726K(29184K)->28726K(29184K) Class: 6259K(6464K)->6259K(6464K)
[113.420s][info][gc             ] GC(266) Pause Young (Allocation Failure) 582M->328M(610M) 40.727ms
[113.420s][info][gc,cpu         ] GC(266) User=0.07s Sys=0.01s Real=0.04s
[113.650s][info][gc,start       ] GC(267) Pause Young (Allocation Failure)
[113.652s][info][gc,heap        ] GC(267) PSYoungGen: 299840K(305152K)->64K(308224K) Eden: 282624K(282624K)->0K(282624K) From: 17216K(22528K)->64K(25600K)
[113.652s][info][gc,heap        ] GC(267) ParOldGen: 319170K(319488K)->319178K(319488K)
[113.652s][info][gc,metaspace   ] GC(267) Metaspace: 34986K(35648K)->34986K(35648K) NonClass: 28726K(29184K)->28726K(29184K) Class: 6259K(6464K)->6259K(6464K)
[113.652s][info][gc             ] GC(267) Pause Young (Allocation Failure) 604M->311M(613M) 1.384ms
[113.652s][info][gc,cpu         ] GC(267) User=0.00s Sys=0.00s Real=0.00s
[114.442s][info][gc,start       ] GC(268) Pause Young (Allocation Failure)
[114.443s][info][gc,heap        ] GC(268) PSYoungGen: 282688K(308224K)->64K(306176K) Eden: 282624K(282624K)->0K(283648K) From: 64K(25600K)->64K(22528K)
[114.443s][info][gc,heap        ] GC(268) ParOldGen: 319178K(319488K)->319186K(319488K)
[114.443s][info][gc,metaspace   ] GC(268) Metaspace: 34986K(35648K)->34986K(35648K) NonClass: 28726K(29184K)->28726K(29184K) Class: 6259K(6464K)->6259K(6464K)
[114.444s][info][gc             ] GC(268) Pause Young (Allocation Failure) 587M->311M(611M) 1.444ms
[114.444s][info][gc,cpu         ] GC(268) User=0.00s Sys=0.00s Real=0.00s
[114.771s][info][gc,start       ] GC(269) Pause Young (Allocation Failure)
[114.773s][info][gc,heap        ] GC(269) PSYoungGen: 283712K(306176K)->64K(307712K) Eden: 283648K(283648K)->0K(283648K) From: 64K(22528K)->64K(24064K)
[114.773s][info][gc,heap        ] GC(269) ParOldGen: 319186K(319488K)->319202K(319488K)
[114.773s][info][gc,metaspace   ] GC(269) Metaspace: 34986K(35648K)->34986K(35648K) NonClass: 28726K(29184K)->28726K(29184K) Class: 6259K(6464K)->6259K(6464K)
[114.773s][info][gc             ] GC(269) Pause Young (Allocation Failure) 588M->311M(612M) 1.572ms
[114.773s][info][gc,cpu         ] GC(269) User=0.00s Sys=0.00s Real=0.00s
[115.201s][info][gc,start       ] GC(270) Pause Young (Allocation Failure)
[115.203s][info][gc,heap        ] GC(270) PSYoungGen: 283712K(307712K)->64K(307200K) Eden: 283648K(283648K)->0K(286720K) From: 64K(24064K)->64K(20480K)
[115.203s][info][gc,heap        ] GC(270) ParOldGen: 319202K(319488K)->319210K(319488K)
[115.203s][info][gc,metaspace   ] GC(270) Metaspace: 34986K(35648K)->34986K(35648K) NonClass: 28726K(29184K)->28726K(29184K) Class: 6259K(6464K)->6259K(6464K)
[115.203s][info][gc             ] GC(270) Pause Young (Allocation Failure) 588M->311M(612M) 1.550ms
[115.203s][info][gc,cpu         ] GC(270) User=0.00s Sys=0.00s Real=0.00s
[115.410s][info][gc,start       ] GC(271) Pause Young (Allocation Failure)
[115.411s][info][gc,heap        ] GC(271) PSYoungGen: 286784K(307200K)->64K(308736K) Eden: 286720K(286720K)->0K(286720K) From: 64K(20480K)->64K(22016K)
[115.411s][info][gc,heap        ] GC(271) ParOldGen: 319210K(319488K)->319226K(319488K)
[115.411s][info][gc,metaspace   ] GC(271) Metaspace: 34986K(35648K)->34986K(35648K) NonClass: 28726K(29184K)->28726K(29184K) Class: 6259K(6464K)->6259K(6464K)
[115.412s][info][gc             ] GC(271) Pause Young (Allocation Failure) 591M->311M(613M) 1.442ms
[115.412s][info][gc,cpu         ] GC(271) User=0.01s Sys=0.00s Real=0.00s
[115.617s][info][gc,start       ] GC(272) Pause Young (Allocation Failure)
[115.618s][info][gc,heap        ] GC(272) PSYoungGen: 286784K(308736K)->64K(309248K) Eden: 286720K(286720K)->0K(290816K) From: 64K(22016K)->64K(18432K)
[115.618s][info][gc,heap        ] GC(272) ParOldGen: 319226K(319488K)->319226K(319488K)
[115.618s][info][gc,metaspace   ] GC(272) Metaspace: 34986K(35648K)->34986K(35648K) NonClass: 28726K(29184K)->28726K(29184K) Class: 6259K(6464K)->6259K(6464K)
[115.618s][info][gc             ] GC(272) Pause Young (Allocation Failure) 591M->311M(614M) 1.472ms
[115.618s][info][gc,cpu         ] GC(272) User=0.00s Sys=0.00s Real=0.00s
[115.919s][info][gc,start       ] GC(273) Pause Young (Allocation Failure)
[115.920s][info][gc,heap        ] GC(273) PSYoungGen: 290880K(309248K)->64K(310784K) Eden: 290816K(290816K)->0K(290816K) From: 64K(18432K)->64K(19968K)
[115.920s][info][gc,heap        ] GC(273) ParOldGen: 319226K(319488K)->319226K(319488K)
[115.920s][info][gc,metaspace   ] GC(273) Metaspace: 34986K(35648K)->34986K(35648K) NonClass: 28726K(29184K)->28726K(29184K) Class: 6259K(6464K)->6259K(6464K)
[115.920s][info][gc             ] GC(273) Pause Young (Allocation Failure) 595M->311M(615M) 1.537ms
[115.920s][info][gc,cpu         ] GC(273) User=0.00s Sys=0.00s Real=0.00s
[115.976s][info][gc,start       ] GC(274) Pause Young (Allocation Failure)
[115.977s][info][gc,heap        ] GC(274) PSYoungGen: 290880K(310784K)->64K(311296K) Eden: 290816K(290816K)->0K(294912K) From: 64K(19968K)->64K(16384K)
[115.977s][info][gc,heap        ] GC(274) ParOldGen: 319226K(319488K)->319242K(319488K)
[115.977s][info][gc,metaspace   ] GC(274) Metaspace: 34986K(35648K)->34986K(35648K) NonClass: 28726K(29184K)->28726K(29184K) Class: 6259K(6464K)->6259K(6464K)
[115.977s][info][gc             ] GC(274) Pause Young (Allocation Failure) 595M->311M(616M) 1.968ms
[115.977s][info][gc,cpu         ] GC(274) User=0.00s Sys=0.00s Real=0.00s
[116.076s][info][gc,start       ] GC(275) Pause Young (Allocation Failure)
[116.077s][info][gc,heap        ] GC(275) PSYoungGen: 294976K(311296K)->64K(312832K) Eden: 294912K(294912K)->0K(294912K) From: 64K(16384K)->64K(17920K)
[116.077s][info][gc,heap        ] GC(275) ParOldGen: 319242K(319488K)->319242K(319488K)
[116.077s][info][gc,metaspace   ] GC(275) Metaspace: 34986K(35648K)->34986K(35648K) NonClass: 28726K(29184K)->28726K(29184K) Class: 6259K(6464K)->6259K(6464K)
[116.077s][info][gc             ] GC(275) Pause Young (Allocation Failure) 599M->311M(617M) 1.408ms
[116.077s][info][gc,cpu         ] GC(275) User=0.01s Sys=0.00s Real=0.00s
[116.457s][info][gc,start       ] GC(276) Pause Young (Allocation Failure)
[116.458s][info][gc,heap        ] GC(276) PSYoungGen: 294976K(312832K)->32K(313344K) Eden: 294912K(294912K)->0K(299008K) From: 64K(17920K)->32K(14336K)
[116.458s][info][gc,heap        ] GC(276) ParOldGen: 319242K(319488K)->319258K(319488K)
[116.458s][info][gc,metaspace   ] GC(276) Metaspace: 34986K(35648K)->34986K(35648K) NonClass: 28726K(29184K)->28726K(29184K) Class: 6259K(6464K)->6259K(6464K)
[116.458s][info][gc             ] GC(276) Pause Young (Allocation Failure) 599M->311M(618M) 1.567ms
[116.458s][info][gc,cpu         ] GC(276) User=0.01s Sys=0.00s Real=0.00s
[116.699s][info][gc,start       ] GC(277) Pause Young (Allocation Failure)
[116.700s][info][gc,heap        ] GC(277) PSYoungGen: 299040K(313344K)->64K(314880K) Eden: 299008K(299008K)->0K(299008K) From: 32K(14336K)->64K(15872K)
[116.700s][info][gc,heap        ] GC(277) ParOldGen: 319258K(319488K)->319258K(319488K)
[116.700s][info][gc,metaspace   ] GC(277) Metaspace: 34986K(35648K)->34986K(35648K) NonClass: 28727K(29184K)->28727K(29184K) Class: 6259K(6464K)->6259K(6464K)
[116.700s][info][gc             ] GC(277) Pause Young (Allocation Failure) 603M->311M(619M) 1.547ms
[116.700s][info][gc,cpu         ] GC(277) User=0.00s Sys=0.00s Real=0.00s
[116.782s][info][gc,start       ] GC(278) Pause Young (Allocation Failure)
[116.783s][info][gc,heap        ] GC(278) PSYoungGen: 299072K(314880K)->64K(316416K) Eden: 299008K(299008K)->0K(303104K) From: 64K(15872K)->64K(13312K)
[116.783s][info][gc,heap        ] GC(278) ParOldGen: 319258K(319488K)->319274K(319488K)
[116.783s][info][gc,metaspace   ] GC(278) Metaspace: 34986K(35648K)->34986K(35648K) NonClass: 28727K(29184K)->28727K(29184K) Class: 6259K(6464K)->6259K(6464K)
[116.783s][info][gc             ] GC(278) Pause Young (Allocation Failure) 603M->311M(621M) 1.403ms
[116.783s][info][gc,cpu         ] GC(278) User=0.01s Sys=0.00s Real=0.00s
[116.940s][info][gc,start       ] GC(279) Pause Young (Allocation Failure)
[116.941s][info][gc,heap        ] GC(279) PSYoungGen: 303168K(316416K)->64K(317440K) Eden: 303104K(303104K)->0K(303104K) From: 64K(13312K)->64K(14336K)
[116.941s][info][gc,heap        ] GC(279) ParOldGen: 319274K(319488K)->319274K(319488K)
[116.941s][info][gc,metaspace   ] GC(279) Metaspace: 34986K(35648K)->34986K(35648K) NonClass: 28727K(29184K)->28727K(29184K) Class: 6259K(6464K)->6259K(6464K)
[116.941s][info][gc             ] GC(279) Pause Young (Allocation Failure) 607M->311M(622M) 1.405ms
[116.941s][info][gc,cpu         ] GC(279) User=0.00s Sys=0.00s Real=0.00s
[117.338s][info][gc,start       ] GC(280) Pause Young (Allocation Failure)
[117.340s][info][gc,heap        ] GC(280) PSYoungGen: 303168K(317440K)->64K(291328K) Eden: 303104K(303104K)->0K(290816K) From: 64K(14336K)->64K(512K)
[117.340s][info][gc,heap        ] GC(280) ParOldGen: 319274K(319488K)->319282K(319488K)
[117.340s][info][gc,metaspace   ] GC(280) Metaspace: 34986K(35648K)->34986K(35648K) NonClass: 28727K(29184K)->28727K(29184K) Class: 6259K(6464K)->6259K(6464K)
[117.340s][info][gc             ] GC(280) Pause Young (Allocation Failure) 607M->311M(596M) 1.966ms
[117.340s][info][gc,cpu         ] GC(280) User=0.00s Sys=0.01s Real=0.00s
[118.052s][info][gc,start       ] GC(281) Pause Young (Allocation Failure)
[118.053s][info][gc,heap        ] GC(281) PSYoungGen: 290880K(291328K)->83K(291328K) Eden: 290816K(290816K)->0K(279040K) From: 64K(512K)->83K(12288K)
[118.053s][info][gc,heap        ] GC(281) ParOldGen: 319282K(319488K)->319290K(319488K)
[118.053s][info][gc,metaspace   ] GC(281) Metaspace: 34986K(35648K)->34986K(35648K) NonClass: 28727K(29184K)->28727K(29184K) Class: 6259K(6464K)->6259K(6464K)
[118.053s][info][gc             ] GC(281) Pause Young (Allocation Failure) 595M->311M(596M) 1.319ms
[118.053s][info][gc,cpu         ] GC(281) User=0.00s Sys=0.00s Real=0.00s
[119.022s][info][gc,start       ] GC(282) Pause Young (Allocation Failure)
[119.024s][info][gc,heap        ] GC(282) PSYoungGen: 279123K(291328K)->64K(268288K) Eden: 279040K(279040K)->0K(267776K) From: 83K(12288K)->64K(512K)
[119.024s][info][gc,heap        ] GC(282) ParOldGen: 319290K(319488K)->319298K(319488K)
[119.024s][info][gc,metaspace   ] GC(282) Metaspace: 34986K(35648K)->34986K(35648K) NonClass: 28727K(29184K)->28727K(29184K) Class: 6259K(6464K)->6259K(6464K)
[119.024s][info][gc             ] GC(282) Pause Young (Allocation Failure) 584M->311M(574M) 1.981ms
[119.024s][info][gc,cpu         ] GC(282) User=0.01s Sys=0.00s Real=0.00s
[119.456s][info][gc,start       ] GC(283) Pause Young (Allocation Failure)
[119.457s][info][gc,heap        ] GC(283) PSYoungGen: 267840K(268288K)->64K(267776K) Eden: 267776K(267776K)->0K(257024K) From: 64K(512K)->64K(10752K)
[119.457s][info][gc,heap        ] GC(283) ParOldGen: 319298K(319488K)->319306K(319488K)
[119.457s][info][gc,metaspace   ] GC(283) Metaspace: 34986K(35648K)->34986K(35648K) NonClass: 28727K(29184K)->28727K(29184K) Class: 6259K(6464K)->6259K(6464K)
[119.457s][info][gc             ] GC(283) Pause Young (Allocation Failure) 573M->311M(573M) 1.339ms
[119.457s][info][gc,cpu         ] GC(283) User=0.01s Sys=0.00s Real=0.00s
[120.482s][info][gc,start       ] GC(284) Pause Young (Allocation Failure)
[120.483s][info][gc,heap        ] GC(284) PSYoungGen: 257088K(267776K)->64K(247296K) Eden: 257024K(257024K)->0K(246784K) From: 64K(10752K)->64K(512K)
[120.483s][info][gc,heap        ] GC(284) ParOldGen: 319306K(319488K)->319314K(319488K)
[120.483s][info][gc,metaspace   ] GC(284) Metaspace: 34986K(35648K)->34986K(35648K) NonClass: 28727K(29184K)->28727K(29184K) Class: 6259K(6464K)->6259K(6464K)
[120.483s][info][gc             ] GC(284) Pause Young (Allocation Failure) 562M->311M(553M) 1.740ms
[120.483s][info][gc,cpu         ] GC(284) User=0.00s Sys=0.00s Real=0.00s
[120.717s][info][gc,start       ] GC(285) Pause Young (Allocation Failure)
[120.719s][info][gc,heap        ] GC(285) PSYoungGen: 246848K(247296K)->64K(246272K) Eden: 246784K(246784K)->0K(237056K) From: 64K(512K)->64K(9216K)
[120.719s][info][gc,heap        ] GC(285) ParOldGen: 319314K(319488K)->319330K(319488K)
[120.719s][info][gc,metaspace   ] GC(285) Metaspace: 34986K(35648K)->34986K(35648K) NonClass: 28727K(29184K)->28727K(29184K) Class: 6259K(6464K)->6259K(6464K)
[120.719s][info][gc             ] GC(285) Pause Young (Allocation Failure) 552M->311M(552M) 2.407ms
[120.719s][info][gc,cpu         ] GC(285) User=0.00s Sys=0.00s Real=0.00s
[121.082s][info][gc,start       ] GC(286) Pause Young (Allocation Failure)
[121.086s][info][gc,heap        ] GC(286) PSYoungGen: 237120K(246272K)->32K(228352K) Eden: 237056K(237056K)->0K(227840K) From: 64K(9216K)->32K(512K)
[121.086s][info][gc,heap        ] GC(286) ParOldGen: 319330K(319488K)->319346K(319488K)
[121.086s][info][gc,metaspace   ] GC(286) Metaspace: 34986K(35648K)->34986K(35648K) NonClass: 28727K(29184K)->28727K(29184K) Class: 6259K(6464K)->6259K(6464K)
[121.086s][info][gc             ] GC(286) Pause Young (Allocation Failure) 543M->311M(535M) 3.609ms
[121.086s][info][gc,cpu         ] GC(286) User=0.01s Sys=0.00s Real=0.01s
[121.180s][info][gc,start       ] GC(287) Pause Young (Allocation Failure)
[121.182s][info][gc,heap        ] GC(287) PSYoungGen: 227872K(228352K)->64K(281600K) Eden: 227840K(227840K)->0K(273408K) From: 32K(512K)->64K(8192K)
[121.182s][info][gc,heap        ] GC(287) ParOldGen: 319346K(319488K)->319354K(319488K)
[121.182s][info][gc,metaspace   ] GC(287) Metaspace: 34986K(35648K)->34986K(35648K) NonClass: 28727K(29184K)->28727K(29184K) Class: 6259K(6464K)->6259K(6464K)
[121.182s][info][gc             ] GC(287) Pause Young (Allocation Failure) 534M->311M(587M) 2.479ms
[121.182s][info][gc,cpu         ] GC(287) User=0.00s Sys=0.00s Real=0.00s
[121.605s][info][gc,start       ] GC(288) Pause Young (Allocation Failure)
[121.607s][info][gc,heap        ] GC(288) PSYoungGen: 273472K(281600K)->64K(263168K) Eden: 273408K(273408K)->0K(262656K) From: 64K(8192K)->64K(512K)
[121.607s][info][gc,heap        ] GC(288) ParOldGen: 319354K(319488K)->319362K(319488K)
[121.607s][info][gc,metaspace   ] GC(288) Metaspace: 34986K(35648K)->34986K(35648K) NonClass: 28727K(29184K)->28727K(29184K) Class: 6259K(6464K)->6259K(6464K)
[121.607s][info][gc             ] GC(288) Pause Young (Allocation Failure) 578M->311M(569M) 2.505ms
[121.607s][info][gc,cpu         ] GC(288) User=0.01s Sys=0.00s Real=0.01s
[122.029s][info][gc,start       ] GC(289) Pause Young (Allocation Failure)
[122.031s][info][gc,heap        ] GC(289) PSYoungGen: 262720K(263168K)->64K(259584K) Eden: 262656K(262656K)->0K(252416K) From: 64K(512K)->64K(7168K)
[122.031s][info][gc,heap        ] GC(289) ParOldGen: 319362K(319488K)->319370K(319488K)
[122.031s][info][gc,metaspace   ] GC(289) Metaspace: 34986K(35648K)->34986K(35648K) NonClass: 28727K(29184K)->28727K(29184K) Class: 6259K(6464K)->6259K(6464K)
[122.031s][info][gc             ] GC(289) Pause Young (Allocation Failure) 568M->311M(565M) 1.400ms
[122.031s][info][gc,cpu         ] GC(289) User=0.00s Sys=0.00s Real=0.00s
[122.454s][info][gc,start       ] GC(290) Pause Young (Allocation Failure)
[122.471s][info][gc,heap        ] GC(290) PSYoungGen: 252480K(259584K)->6656K(274432K) Eden: 252416K(252416K)->0K(267776K) From: 64K(7168K)->6656K(6656K)
[122.471s][info][gc,heap        ] GC(290) ParOldGen: 319370K(319488K)->322146K(322560K)
[122.471s][info][gc,metaspace   ] GC(290) Metaspace: 34986K(35648K)->34986K(35648K) NonClass: 28727K(29184K)->28727K(29184K) Class: 6259K(6464K)->6259K(6464K)
[122.471s][info][gc             ] GC(290) Pause Young (Allocation Failure) 558M->321M(583M) 17.250ms
[122.471s][info][gc,cpu         ] GC(290) User=0.03s Sys=0.00s Real=0.02s
[122.792s][info][gc,start       ] GC(291) Pause Young (Allocation Failure)
[122.850s][info][gc,heap        ] GC(291) PSYoungGen: 274432K(274432K)->9216K(276992K) Eden: 267776K(267776K)->0K(267776K) From: 6656K(6656K)->9216K(9216K)
[122.850s][info][gc,heap        ] GC(291) ParOldGen: 322146K(322560K)->341290K(341504K)
[122.850s][info][gc,metaspace   ] GC(291) Metaspace: 34986K(35648K)->34986K(35648K) NonClass: 28727K(29184K)->28727K(29184K) Class: 6259K(6464K)->6259K(6464K)
[122.850s][info][gc             ] GC(291) Pause Young (Allocation Failure) 582M->342M(604M) 57.810ms
[122.850s][info][gc,cpu         ] GC(291) User=0.10s Sys=0.02s Real=0.06s
[123.164s][info][gc,start       ] GC(292) Pause Young (Allocation Failure)
[123.231s][info][gc,heap        ] GC(292) PSYoungGen: 276992K(276992K)->18432K(300032K) Eden: 267776K(267776K)->0K(281600K) From: 9216K(9216K)->18432K(18432K)
[123.231s][info][gc,heap        ] GC(292) ParOldGen: 341290K(341504K)->351794K(352256K)
[123.231s][info][gc,metaspace   ] GC(292) Metaspace: 34986K(35648K)->34986K(35648K) NonClass: 28727K(29184K)->28727K(29184K) Class: 6259K(6464K)->6259K(6464K)
[123.231s][info][gc             ] GC(292) Pause Young (Allocation Failure) 603M->361M(637M) 66.707ms
[123.231s][info][gc,cpu         ] GC(292) User=0.11s Sys=0.02s Real=0.07s
[123.336s][info][gc,start       ] GC(293) Pause Young (Allocation Failure)
[123.346s][info][gc,heap        ] GC(293) PSYoungGen: 300032K(300032K)->3072K(307712K) Eden: 281600K(281600K)->0K(281600K) From: 18432K(18432K)->3072K(26112K)
[123.346s][info][gc,heap        ] GC(293) ParOldGen: 351794K(352256K)->352170K(352256K)
[123.346s][info][gc,metaspace   ] GC(293) Metaspace: 34986K(35648K)->34986K(35648K) NonClass: 28727K(29184K)->28727K(29184K) Class: 6259K(6464K)->6259K(6464K)
[123.346s][info][gc             ] GC(293) Pause Young (Allocation Failure) 636M->346M(644M) 9.486ms
[123.346s][info][gc,cpu         ] GC(293) User=0.01s Sys=0.00s Real=0.01s
[123.929s][info][gc,start       ] GC(294) Pause Young (Allocation Failure)
[123.930s][info][gc,heap        ] GC(294) PSYoungGen: 284672K(307712K)->64K(304640K) Eden: 281600K(281600K)->0K(282624K) From: 3072K(26112K)->64K(22016K)
[123.930s][info][gc,heap        ] GC(294) ParOldGen: 352170K(352256K)->352178K(352256K)
[123.930s][info][gc,metaspace   ] GC(294) Metaspace: 34986K(35648K)->34986K(35648K) NonClass: 28727K(29184K)->28727K(29184K) Class: 6259K(6464K)->6259K(6464K)
[123.931s][info][gc             ] GC(294) Pause Young (Allocation Failure) 621M->343M(641M) 1.721ms
[123.931s][info][gc,cpu         ] GC(294) User=0.01s Sys=0.00s Real=0.00s
[124.440s][info][gc,start       ] GC(295) Pause Young (Allocation Failure)
[124.441s][info][gc,heap        ] GC(295) PSYoungGen: 282688K(304640K)->64K(306688K) Eden: 282624K(282624K)->0K(282624K) From: 64K(22016K)->64K(24064K)
[124.441s][info][gc,heap        ] GC(295) ParOldGen: 352178K(352256K)->352186K(352256K)
[124.441s][info][gc,metaspace   ] GC(295) Metaspace: 34986K(35648K)->34986K(35648K) NonClass: 28727K(29184K)->28727K(29184K) Class: 6259K(6464K)->6259K(6464K)
[124.441s][info][gc             ] GC(295) Pause Young (Allocation Failure) 619M->343M(643M) 1.464ms
[124.441s][info][gc,cpu         ] GC(295) User=0.01s Sys=0.00s Real=0.00s
[124.893s][info][gc,start       ] GC(296) Pause Young (Allocation Failure)
[124.895s][info][gc,heap        ] GC(296) PSYoungGen: 282688K(306688K)->64K(307712K) Eden: 282624K(282624K)->0K(286720K) From: 64K(24064K)->64K(20992K)
[124.895s][info][gc,heap        ] GC(296) ParOldGen: 352186K(352256K)->352202K(352256K)
[124.895s][info][gc,metaspace   ] GC(296) Metaspace: 34986K(35648K)->34986K(35648K) NonClass: 28727K(29184K)->28727K(29184K) Class: 6259K(6464K)->6259K(6464K)
[124.895s][info][gc             ] GC(296) Pause Young (Allocation Failure) 619M->344M(644M) 1.596ms
[124.895s][info][gc,cpu         ] GC(296) User=0.00s Sys=0.00s Real=0.00s
[125.102s][info][gc,start       ] GC(297) Pause Young (Allocation Failure)
[125.104s][info][gc,heap        ] GC(297) PSYoungGen: 286784K(307712K)->64K(309248K) Eden: 286720K(286720K)->0K(286720K) From: 64K(20992K)->64K(22528K)
[125.104s][info][gc,heap        ] GC(297) ParOldGen: 352202K(352256K)->352218K(352256K)
[125.104s][info][gc,metaspace   ] GC(297) Metaspace: 34986K(35648K)->34986K(35648K) NonClass: 28727K(29184K)->28727K(29184K) Class: 6259K(6464K)->6259K(6464K)
[125.104s][info][gc             ] GC(297) Pause Young (Allocation Failure) 624M->344M(646M) 1.566ms
[125.104s][info][gc,cpu         ] GC(297) User=0.01s Sys=0.00s Real=0.00s
[125.309s][info][gc,start       ] GC(298) Pause Young (Allocation Failure)
[125.310s][info][gc,heap        ] GC(298) PSYoungGen: 286784K(309248K)->64K(308736K) Eden: 286720K(286720K)->0K(289792K) From: 64K(22528K)->64K(18944K)
[125.310s][info][gc,heap        ] GC(298) ParOldGen: 352218K(352256K)->352218K(352256K)
[125.310s][info][gc,metaspace   ] GC(298) Metaspace: 34986K(35648K)->34986K(35648K) NonClass: 28727K(29184K)->28727K(29184K) Class: 6259K(6464K)->6259K(6464K)
[125.310s][info][gc             ] GC(298) Pause Young (Allocation Failure) 624M->344M(645M) 1.666ms
[125.310s][info][gc,cpu         ] GC(298) User=0.00s Sys=0.00s Real=0.00s
[125.674s][info][gc,start       ] GC(299) Pause Young (Allocation Failure)
[125.675s][info][gc,heap        ] GC(299) PSYoungGen: 289856K(308736K)->64K(310272K) Eden: 289792K(289792K)->0K(289792K) From: 64K(18944K)->64K(20480K)
[125.675s][info][gc,heap        ] GC(299) ParOldGen: 352218K(352256K)->352218K(352256K)
[125.675s][info][gc,metaspace   ] GC(299) Metaspace: 34986K(35648K)->34986K(35648K) NonClass: 28727K(29184K)->28727K(29184K) Class: 6259K(6464K)->6259K(6464K)
[125.675s][info][gc             ] GC(299) Pause Young (Allocation Failure) 627M->344M(647M) 1.880ms
[125.675s][info][gc,cpu         ] GC(299) User=0.00s Sys=0.00s Real=0.01s
[125.740s][info][gc,start       ] GC(300) Pause Young (Allocation Failure)
[125.741s][info][gc,heap        ] GC(300) PSYoungGen: 289856K(310272K)->64K(310784K) Eden: 289792K(289792K)->0K(293888K) From: 64K(20480K)->64K(16896K)
[125.741s][info][gc,heap        ] GC(300) ParOldGen: 352218K(352256K)->352226K(352256K)
[125.741s][info][gc,metaspace   ] GC(300) Metaspace: 34986K(35648K)->34986K(35648K) NonClass: 28727K(29184K)->28727K(29184K) Class: 6259K(6464K)->6259K(6464K)
[125.741s][info][gc             ] GC(300) Pause Young (Allocation Failure) 627M->344M(647M) 1.528ms
[125.741s][info][gc,cpu         ] GC(300) User=0.00s Sys=0.00s Real=0.00s
[125.801s][info][gc,start       ] GC(301) Pause Young (Allocation Failure)
[125.802s][info][gc,heap        ] GC(301) PSYoungGen: 293952K(310784K)->64K(312320K) Eden: 293888K(293888K)->0K(293888K) From: 64K(16896K)->64K(18432K)
[125.802s][info][gc,heap        ] GC(301) ParOldGen: 352226K(352256K)->352242K(352256K)
[125.802s][info][gc,metaspace   ] GC(301) Metaspace: 34986K(35648K)->34986K(35648K) NonClass: 28727K(29184K)->28727K(29184K) Class: 6259K(6464K)->6259K(6464K)
[125.802s][info][gc             ] GC(301) Pause Young (Allocation Failure) 631M->344M(649M) 1.619ms
[125.802s][info][gc,cpu         ] GC(301) User=0.00s Sys=0.00s Real=0.00s
[126.059s][info][gc,start       ] GC(302) Pause Young (Allocation Failure)
[126.061s][info][gc,heap        ] GC(302) PSYoungGen: 293952K(312320K)->64K(312832K) Eden: 293888K(293888K)->0K(297984K) From: 64K(18432K)->64K(14848K)
[126.061s][info][gc,heap        ] GC(302) ParOldGen: 352242K(352256K)->352242K(352256K)
[126.061s][info][gc,metaspace   ] GC(302) Metaspace: 34986K(35648K)->34986K(35648K) NonClass: 28727K(29184K)->28727K(29184K) Class: 6259K(6464K)->6259K(6464K)
[126.061s][info][gc             ] GC(302) Pause Young (Allocation Failure) 631M->344M(649M) 1.579ms
[126.061s][info][gc,cpu         ] GC(302) User=0.01s Sys=0.00s Real=0.00s
[126.372s][info][gc,start       ] GC(303) Pause Young (Allocation Failure)
[126.373s][info][gc,heap        ] GC(303) PSYoungGen: 298048K(312832K)->64K(314368K) Eden: 297984K(297984K)->0K(297984K) From: 64K(14848K)->64K(16384K)
[126.373s][info][gc,heap        ] GC(303) ParOldGen: 352242K(352256K)->352250K(352256K)
[126.373s][info][gc,metaspace   ] GC(303) Metaspace: 34986K(35648K)->34986K(35648K) NonClass: 28727K(29184K)->28727K(29184K) Class: 6259K(6464K)->6259K(6464K)
[126.373s][info][gc             ] GC(303) Pause Young (Allocation Failure) 635M->344M(651M) 1.495ms
[126.373s][info][gc,cpu         ] GC(303) User=0.01s Sys=0.00s Real=0.00s
[126.507s][info][gc,start       ] GC(304) Pause Young (Allocation Failure)
[126.509s][info][gc,heap        ] GC(304) PSYoungGen: 298048K(314368K)->32K(314880K) Eden: 297984K(297984K)->0K(302080K) From: 64K(16384K)->32K(12800K)
[126.509s][info][gc,heap        ] GC(304) ParOldGen: 352250K(352256K)->352266K(352768K)
[126.509s][info][gc,metaspace   ] GC(304) Metaspace: 34986K(35648K)->34986K(35648K) NonClass: 28727K(29184K)->28727K(29184K) Class: 6259K(6464K)->6259K(6464K)
[126.509s][info][gc             ] GC(304) Pause Young (Allocation Failure) 635M->344M(652M) 1.470ms
[126.509s][info][gc,cpu         ] GC(304) User=0.00s Sys=0.00s Real=0.00s
[126.605s][info][gc,start       ] GC(305) Pause Young (Allocation Failure)
[126.606s][info][gc,heap        ] GC(305) PSYoungGen: 302112K(314880K)->64K(316416K) Eden: 302080K(302080K)->0K(302080K) From: 32K(12800K)->64K(14336K)
[126.606s][info][gc,heap        ] GC(305) ParOldGen: 352266K(352768K)->352274K(352768K)
[126.606s][info][gc,metaspace   ] GC(305) Metaspace: 34986K(35648K)->34986K(35648K) NonClass: 28727K(29184K)->28727K(29184K) Class: 6259K(6464K)->6259K(6464K)
[126.606s][info][gc             ] GC(305) Pause Young (Allocation Failure) 639M->344M(653M) 1.397ms
[126.606s][info][gc,cpu         ] GC(305) User=0.01s Sys=0.00s Real=0.01s
[126.805s][info][gc,start       ] GC(306) Pause Young (Allocation Failure)
[126.806s][info][gc,heap        ] GC(306) PSYoungGen: 302144K(316416K)->64K(316928K) Eden: 302080K(302080K)->0K(305664K) From: 64K(14336K)->64K(11264K)
[126.806s][info][gc,heap        ] GC(306) ParOldGen: 352274K(352768K)->352282K(352768K)
[126.806s][info][gc,metaspace   ] GC(306) Metaspace: 34986K(35648K)->34986K(35648K) NonClass: 28727K(29184K)->28727K(29184K) Class: 6259K(6464K)->6259K(6464K)
[126.806s][info][gc             ] GC(306) Pause Young (Allocation Failure) 639M->344M(654M) 1.453ms
[126.806s][info][gc,cpu         ] GC(306) User=0.00s Sys=0.00s Real=0.01s
[127.788s][info][gc,start       ] GC(307) Pause Young (Allocation Failure)
[127.790s][info][gc,heap        ] GC(307) PSYoungGen: 305728K(316928K)->83K(293888K) Eden: 305664K(305664K)->0K(293376K) From: 64K(11264K)->83K(512K)
[127.790s][info][gc,heap        ] GC(307) ParOldGen: 352282K(352768K)->352290K(352768K)
[127.790s][info][gc,metaspace   ] GC(307) Metaspace: 34986K(35648K)->34986K(35648K) NonClass: 28727K(29184K)->28727K(29184K) Class: 6259K(6464K)->6259K(6464K)
[127.790s][info][gc             ] GC(307) Pause Young (Allocation Failure) 642M->344M(631M) 2.167ms
[127.790s][info][gc,cpu         ] GC(307) User=0.00s Sys=0.00s Real=0.00s
[128.688s][info][gc,start       ] GC(308) Pause Young (Allocation Failure)
[128.690s][info][gc,heap        ] GC(308) PSYoungGen: 293459K(293888K)->64K(282112K) Eden: 293376K(293376K)->0K(281600K) From: 83K(512K)->64K(512K)
[128.690s][info][gc,heap        ] GC(308) ParOldGen: 352290K(352768K)->352306K(352768K)
[128.690s][info][gc,metaspace   ] GC(308) Metaspace: 34986K(35648K)->34986K(35648K) NonClass: 28727K(29184K)->28727K(29184K) Class: 6259K(6464K)->6259K(6464K)
[128.690s][info][gc             ] GC(308) Pause Young (Allocation Failure) 630M->344M(620M) 2.061ms
[128.690s][info][gc,cpu         ] GC(308) User=0.01s Sys=0.00s Real=0.00s
[129.026s][info][gc,start       ] GC(309) Pause Young (Allocation Failure)
[129.027s][info][gc,heap        ] GC(309) PSYoungGen: 281664K(282112K)->64K(281600K) Eden: 281600K(281600K)->0K(270336K) From: 64K(512K)->64K(11264K)
[129.027s][info][gc,heap        ] GC(309) ParOldGen: 352306K(352768K)->352314K(352768K)
[129.027s][info][gc,metaspace   ] GC(309) Metaspace: 34986K(35648K)->34986K(35648K) NonClass: 28727K(29184K)->28727K(29184K) Class: 6259K(6464K)->6259K(6464K)
[129.027s][info][gc             ] GC(309) Pause Young (Allocation Failure) 619M->344M(619M) 1.406ms
[129.027s][info][gc,cpu         ] GC(309) User=0.00s Sys=0.00s Real=0.00s
[129.433s][info][gc,start       ] GC(310) Pause Young (Allocation Failure)
[129.435s][info][gc,heap        ] GC(310) PSYoungGen: 270400K(281600K)->64K(260096K) Eden: 270336K(270336K)->0K(259584K) From: 64K(11264K)->64K(512K)
[129.435s][info][gc,heap        ] GC(310) ParOldGen: 352314K(352768K)->352322K(352768K)
[129.435s][info][gc,metaspace   ] GC(310) Metaspace: 34986K(35648K)->34986K(35648K) NonClass: 28727K(29184K)->28727K(29184K) Class: 6259K(6464K)->6259K(6464K)
[129.435s][info][gc             ] GC(310) Pause Young (Allocation Failure) 608M->344M(598M) 1.886ms
[129.435s][info][gc,cpu         ] GC(310) User=0.00s Sys=0.00s Real=0.00s
[130.387s][info][gc,start       ] GC(311) Pause Young (Allocation Failure)
[130.388s][info][gc,heap        ] GC(311) PSYoungGen: 259648K(260096K)->64K(259072K) Eden: 259584K(259584K)->0K(249344K) From: 64K(512K)->64K(9728K)
[130.388s][info][gc,heap        ] GC(311) ParOldGen: 352322K(352768K)->352330K(352768K)
[130.388s][info][gc,metaspace   ] GC(311) Metaspace: 34986K(35648K)->34986K(35648K) NonClass: 28727K(29184K)->28727K(29184K) Class: 6259K(6464K)->6259K(6464K)
[130.388s][info][gc             ] GC(311) Pause Young (Allocation Failure) 597M->344M(597M) 1.470ms
[130.388s][info][gc,cpu         ] GC(311) User=0.00s Sys=0.00s Real=0.00s
[130.733s][info][gc,start       ] GC(312) Pause Young (Allocation Failure)
[130.735s][info][gc,heap        ] GC(312) PSYoungGen: 249408K(259072K)->64K(240128K) Eden: 249344K(249344K)->0K(239616K) From: 64K(9728K)->64K(512K)
[130.735s][info][gc,heap        ] GC(312) ParOldGen: 352330K(352768K)->352338K(352768K)
[130.735s][info][gc,metaspace   ] GC(312) Metaspace: 34986K(35648K)->34986K(35648K) NonClass: 28727K(29184K)->28727K(29184K) Class: 6259K(6464K)->6259K(6464K)
[130.735s][info][gc             ] GC(312) Pause Young (Allocation Failure) 587M->344M(579M) 2.275ms
[130.735s][info][gc,cpu         ] GC(312) User=0.00s Sys=0.00s Real=0.01s
[130.884s][info][gc,start       ] GC(313) Pause Young (Allocation Failure)
[130.885s][info][gc,heap        ] GC(313) PSYoungGen: 239680K(240128K)->64K(239104K) Eden: 239616K(239616K)->0K(230400K) From: 64K(512K)->64K(8704K)
[130.885s][info][gc,heap        ] GC(313) ParOldGen: 352338K(352768K)->352346K(352768K)
[130.885s][info][gc,metaspace   ] GC(313) Metaspace: 34986K(35648K)->34986K(35648K) NonClass: 28727K(29184K)->28727K(29184K) Class: 6259K(6464K)->6259K(6464K)
[130.885s][info][gc             ] GC(313) Pause Young (Allocation Failure) 578M->344M(578M) 1.408ms
[130.885s][info][gc,cpu         ] GC(313) User=0.01s Sys=0.00s Real=0.01s
[131.061s][info][gc,start       ] GC(314) Pause Young (Allocation Failure)
[131.064s][info][gc,heap        ] GC(314) PSYoungGen: 230464K(239104K)->64K(222208K) Eden: 230400K(230400K)->0K(221696K) From: 64K(8704K)->64K(512K)
[131.064s][info][gc,heap        ] GC(314) ParOldGen: 352346K(352768K)->352362K(352768K)
[131.064s][info][gc,metaspace   ] GC(314) Metaspace: 34986K(35648K)->34986K(35648K) NonClass: 28727K(29184K)->28727K(29184K) Class: 6259K(6464K)->6259K(6464K)
[131.064s][info][gc             ] GC(314) Pause Young (Allocation Failure) 569M->344M(561M) 3.065ms
[131.064s][info][gc,cpu         ] GC(314) User=0.00s Sys=0.00s Real=0.00s
[131.633s][info][gc,start       ] GC(315) Pause Young (Allocation Failure)
[131.636s][info][gc,heap        ] GC(315) PSYoungGen: 221760K(222208K)->64K(220672K) Eden: 221696K(221696K)->0K(213504K) From: 64K(512K)->64K(7168K)
[131.636s][info][gc,heap        ] GC(315) ParOldGen: 352362K(352768K)->352370K(352768K)
[131.636s][info][gc,metaspace   ] GC(315) Metaspace: 34986K(35648K)->34986K(35648K) NonClass: 28727K(29184K)->28727K(29184K) Class: 6259K(6464K)->6259K(6464K)
[131.636s][info][gc             ] GC(315) Pause Young (Allocation Failure) 560M->344M(560M) 3.005ms
[131.636s][info][gc,cpu         ] GC(315) User=0.01s Sys=0.00s Real=0.01s
[131.883s][info][gc,start       ] GC(316) Pause Young (Allocation Failure)
[131.886s][info][gc,heap        ] GC(316) PSYoungGen: 213568K(220672K)->64K(206336K) Eden: 213504K(213504K)->0K(205824K) From: 64K(7168K)->64K(512K)
[131.886s][info][gc,heap        ] GC(316) ParOldGen: 352370K(352768K)->352378K(352768K)
[131.886s][info][gc,metaspace   ] GC(316) Metaspace: 34986K(35648K)->34986K(35648K) NonClass: 28727K(29184K)->28727K(29184K) Class: 6259K(6464K)->6259K(6464K)
[131.886s][info][gc             ] GC(316) Pause Young (Allocation Failure) 552M->344M(546M) 2.132ms
[131.886s][info][gc,cpu         ] GC(316) User=0.00s Sys=0.00s Real=0.01s
[132.203s][info][gc,start       ] GC(317) Pause Young (Allocation Failure)
[132.235s][info][gc,heap        ] GC(317) PSYoungGen: 205888K(206336K)->6144K(253440K) Eden: 205824K(205824K)->0K(247296K) From: 64K(512K)->6144K(6144K)
[132.235s][info][gc,heap        ] GC(317) ParOldGen: 352378K(352768K)->359330K(359424K)
[132.235s][info][gc,metaspace   ] GC(317) Metaspace: 34986K(35648K)->34986K(35648K) NonClass: 28727K(29184K)->28727K(29184K) Class: 6259K(6464K)->6259K(6464K)
[132.235s][info][gc             ] GC(317) Pause Young (Allocation Failure) 545M->356M(598M) 32.351ms
[132.235s][info][gc,cpu         ] GC(317) User=0.05s Sys=0.01s Real=0.04s
[132.523s][info][gc,start       ] GC(318) Pause Young (Allocation Failure)
[132.579s][info][gc,heap        ] GC(318) PSYoungGen: 253440K(253440K)->6144K(259072K) Eden: 247296K(247296K)->0K(252928K) From: 6144K(6144K)->6144K(6144K)
[132.579s][info][gc,heap        ] GC(318) ParOldGen: 359330K(359424K)->379546K(379904K)
[132.579s][info][gc,metaspace   ] GC(318) Metaspace: 34986K(35648K)->34986K(35648K) NonClass: 28727K(29184K)->28727K(29184K) Class: 6259K(6464K)->6259K(6464K)
[132.579s][info][gc             ] GC(318) Pause Young (Allocation Failure) 598M->376M(624M) 56.107ms
[132.579s][info][gc,cpu         ] GC(318) User=0.09s Sys=0.01s Real=0.06s
[132.874s][info][gc,start       ] GC(319) Pause Young (Allocation Failure)
[132.926s][info][gc,heap        ] GC(319) PSYoungGen: 259072K(259072K)->18432K(271360K) Eden: 252928K(252928K)->0K(252928K) From: 6144K(6144K)->18432K(18432K)
[132.926s][info][gc,heap        ] GC(319) ParOldGen: 379546K(379904K)->388522K(388608K)
[132.926s][info][gc,metaspace   ] GC(319) Metaspace: 34986K(35648K)->34986K(35648K) NonClass: 28727K(29184K)->28727K(29184K) Class: 6259K(6464K)->6259K(6464K)
[132.926s][info][gc             ] GC(319) Pause Young (Allocation Failure) 623M->397M(644M) 51.769ms
[132.926s][info][gc,cpu         ] GC(319) User=0.10s Sys=0.01s Real=0.06s
[133.018s][info][gc,start       ] GC(320) Pause Young (Allocation Failure)
[133.028s][info][gc,heap        ] GC(320) PSYoungGen: 271360K(271360K)->3136K(309248K) Eden: 252928K(252928K)->0K(283648K) From: 18432K(18432K)->3136K(25600K)
[133.028s][info][gc,heap        ] GC(320) ParOldGen: 388522K(388608K)->388842K(389120K)
[133.028s][info][gc,metaspace   ] GC(320) Metaspace: 34986K(35648K)->34986K(35648K) NonClass: 28727K(29184K)->28727K(29184K) Class: 6259K(6464K)->6259K(6464K)
[133.028s][info][gc             ] GC(320) Pause Young (Allocation Failure) 644M->382M(682M) 10.076ms
[133.028s][info][gc,cpu         ] GC(320) User=0.02s Sys=0.00s Real=0.01s
[133.558s][info][gc,start       ] GC(321) Pause Young (Allocation Failure)
[133.559s][info][gc,heap        ] GC(321) PSYoungGen: 286784K(309248K)->64K(284160K) Eden: 283648K(283648K)->0K(283648K) From: 3136K(25600K)->64K(512K)
[133.559s][info][gc,heap        ] GC(321) ParOldGen: 388842K(389120K)->388850K(389120K)
[133.559s][info][gc,metaspace   ] GC(321) Metaspace: 34986K(35648K)->34986K(35648K) NonClass: 28727K(29184K)->28727K(29184K) Class: 6259K(6464K)->6259K(6464K)
[133.559s][info][gc             ] GC(321) Pause Young (Allocation Failure) 659M->379M(657M) 1.562ms
[133.559s][info][gc,cpu         ] GC(321) User=0.01s Sys=0.00s Real=0.00s
[134.116s][info][gc,start       ] GC(322) Pause Young (Allocation Failure)
[134.117s][info][gc,heap        ] GC(322) PSYoungGen: 283712K(284160K)->64K(307712K) Eden: 283648K(283648K)->0K(284160K) From: 64K(512K)->64K(23552K)
[134.117s][info][gc,heap        ] GC(322) ParOldGen: 388850K(389120K)->388858K(389120K)
[134.117s][info][gc,metaspace   ] GC(322) Metaspace: 34986K(35648K)->34986K(35648K) NonClass: 28727K(29184K)->28727K(29184K) Class: 6259K(6464K)->6259K(6464K)
[134.117s][info][gc             ] GC(322) Pause Young (Allocation Failure) 656M->379M(680M) 1.567ms
[134.117s][info][gc,cpu         ] GC(322) User=0.00s Sys=0.00s Real=0.00s
[134.581s][info][gc,start       ] GC(323) Pause Young (Allocation Failure)
[134.583s][info][gc,heap        ] GC(323) PSYoungGen: 284224K(307712K)->64K(307200K) Eden: 284160K(284160K)->0K(284160K) From: 64K(23552K)->64K(23040K)
[134.583s][info][gc,heap        ] GC(323) ParOldGen: 388858K(389120K)->388874K(389120K)
[134.583s][info][gc,metaspace   ] GC(323) Metaspace: 34986K(35648K)->34986K(35648K) NonClass: 28727K(29184K)->28727K(29184K) Class: 6259K(6464K)->6259K(6464K)
[134.583s][info][gc             ] GC(323) Pause Young (Allocation Failure) 657M->379M(680M) 1.642ms
[134.583s][info][gc,cpu         ] GC(323) User=0.01s Sys=0.00s Real=0.00s
[134.785s][info][gc,start       ] GC(324) Pause Young (Allocation Failure)
[134.787s][info][gc,heap        ] GC(324) PSYoungGen: 284224K(307200K)->64K(309760K) Eden: 284160K(284160K)->0K(288256K) From: 64K(23040K)->64K(21504K)
[134.787s][info][gc,heap        ] GC(324) ParOldGen: 388874K(389120K)->388890K(389120K)
[134.787s][info][gc,metaspace   ] GC(324) Metaspace: 34986K(35648K)->34986K(35648K) NonClass: 28727K(29184K)->28727K(29184K) Class: 6259K(6464K)->6259K(6464K)
[134.787s][info][gc             ] GC(324) Pause Young (Allocation Failure) 657M->379M(682M) 1.593ms
[134.787s][info][gc,cpu         ] GC(324) User=0.00s Sys=0.00s Real=0.01s
[134.995s][info][gc,start       ] GC(325) Pause Young (Allocation Failure)
[134.996s][info][gc,heap        ] GC(325) PSYoungGen: 288320K(309760K)->64K(309248K) Eden: 288256K(288256K)->0K(288256K) From: 64K(21504K)->64K(20992K)
[134.996s][info][gc,heap        ] GC(325) ParOldGen: 388890K(389120K)->388890K(389120K)
[134.996s][info][gc,metaspace   ] GC(325) Metaspace: 34986K(35648K)->34986K(35648K) NonClass: 28727K(29184K)->28727K(29184K) Class: 6259K(6464K)->6259K(6464K)
[134.996s][info][gc             ] GC(325) Pause Young (Allocation Failure) 661M->379M(682M) 1.664ms
[134.996s][info][gc,cpu         ] GC(325) User=0.01s Sys=0.00s Real=0.01s
[135.345s][info][gc,start       ] GC(326) Pause Young (Allocation Failure)
[135.346s][info][gc,heap        ] GC(326) PSYoungGen: 288320K(309248K)->64K(311808K) Eden: 288256K(288256K)->0K(292352K) From: 64K(20992K)->64K(19456K)
[135.346s][info][gc,heap        ] GC(326) ParOldGen: 388890K(389120K)->388890K(389120K)
[135.346s][info][gc,metaspace   ] GC(326) Metaspace: 35066K(35776K)->35066K(35776K) NonClass: 28807K(29312K)->28807K(29312K) Class: 6259K(6464K)->6259K(6464K)
[135.346s][info][gc             ] GC(326) Pause Young (Allocation Failure) 661M->379M(684M) 1.553ms
[135.346s][info][gc,cpu         ] GC(326) User=0.01s Sys=0.00s Real=0.01s
[135.437s][info][gc,start       ] GC(327) Pause Young (Allocation Failure)
[135.438s][info][gc,heap        ] GC(327) PSYoungGen: 292416K(311808K)->64K(311296K) Eden: 292352K(292352K)->0K(292352K) From: 64K(19456K)->64K(18944K)
[135.438s][info][gc,heap        ] GC(327) ParOldGen: 388890K(389120K)->388898K(389120K)
[135.438s][info][gc,metaspace   ] GC(327) Metaspace: 35066K(35776K)->35066K(35776K) NonClass: 28807K(29312K)->28807K(29312K) Class: 6259K(6464K)->6259K(6464K)
[135.438s][info][gc             ] GC(327) Pause Young (Allocation Failure) 665M->379M(684M) 1.565ms
[135.438s][info][gc,cpu         ] GC(327) User=0.01s Sys=0.00s Real=0.00s
[135.493s][info][gc,start       ] GC(328) Pause Young (Allocation Failure)
[135.494s][info][gc,heap        ] GC(328) PSYoungGen: 292416K(311296K)->64K(313856K) Eden: 292352K(292352K)->0K(296448K) From: 64K(18944K)->64K(17408K)
[135.494s][info][gc,heap        ] GC(328) ParOldGen: 388898K(389120K)->388914K(389120K)
[135.494s][info][gc,metaspace   ] GC(328) Metaspace: 35066K(35776K)->35066K(35776K) NonClass: 28807K(29312K)->28807K(29312K) Class: 6259K(6464K)->6259K(6464K)
[135.494s][info][gc             ] GC(328) Pause Young (Allocation Failure) 665M->379M(686M) 1.514ms
[135.494s][info][gc,cpu         ] GC(328) User=0.00s Sys=0.00s Real=0.00s
[135.731s][info][gc,start       ] GC(329) Pause Young (Allocation Failure)
[135.733s][info][gc,heap        ] GC(329) PSYoungGen: 296512K(313856K)->64K(313344K) Eden: 296448K(296448K)->0K(296448K) From: 64K(17408K)->64K(16896K)
[135.733s][info][gc,heap        ] GC(329) ParOldGen: 388914K(389120K)->388914K(389120K)
[135.733s][info][gc,metaspace   ] GC(329) Metaspace: 35066K(35776K)->35066K(35776K) NonClass: 28807K(29312K)->28807K(29312K) Class: 6259K(6464K)->6259K(6464K)
[135.733s][info][gc             ] GC(329) Pause Young (Allocation Failure) 669M->379M(686M) 1.550ms
[135.733s][info][gc,cpu         ] GC(329) User=0.01s Sys=0.00s Real=0.00s
[136.050s][info][gc,start       ] GC(330) Pause Young (Allocation Failure)
[136.051s][info][gc,heap        ] GC(330) PSYoungGen: 296512K(313344K)->64K(315904K) Eden: 296448K(296448K)->0K(300544K) From: 64K(16896K)->64K(15360K)
[136.051s][info][gc,heap        ] GC(330) ParOldGen: 388914K(389120K)->388922K(389120K)
[136.051s][info][gc,metaspace   ] GC(330) Metaspace: 35066K(35776K)->35066K(35776K) NonClass: 28807K(29312K)->28807K(29312K) Class: 6259K(6464K)->6259K(6464K)
[136.051s][info][gc             ] GC(330) Pause Young (Allocation Failure) 669M->379M(688M) 1.549ms
[136.051s][info][gc,cpu         ] GC(330) User=0.00s Sys=0.00s Real=0.00s
[136.209s][info][gc,start       ] GC(331) Pause Young (Allocation Failure)
[136.211s][info][gc,heap        ] GC(331) PSYoungGen: 300608K(315904K)->64K(315904K) Eden: 300544K(300544K)->0K(300544K) From: 64K(15360K)->64K(15360K)
[136.211s][info][gc,heap        ] GC(331) ParOldGen: 388922K(389120K)->388930K(389120K)
[136.211s][info][gc,metaspace   ] GC(331) Metaspace: 35066K(35776K)->35066K(35776K) NonClass: 28807K(29312K)->28807K(29312K) Class: 6259K(6464K)->6259K(6464K)
[136.211s][info][gc             ] GC(331) Pause Young (Allocation Failure) 673M->379M(688M) 1.660ms
[136.211s][info][gc,cpu         ] GC(331) User=0.00s Sys=0.00s Real=0.00s
[136.292s][info][gc,start       ] GC(332) Pause Young (Allocation Failure)
[136.294s][info][gc,heap        ] GC(332) PSYoungGen: 300608K(315904K)->64K(317440K) Eden: 300544K(300544K)->0K(304128K) From: 64K(15360K)->64K(13312K)
[136.294s][info][gc,heap        ] GC(332) ParOldGen: 388930K(389120K)->388938K(389120K)
[136.294s][info][gc,metaspace   ] GC(332) Metaspace: 35066K(35776K)->35066K(35776K) NonClass: 28807K(29312K)->28807K(29312K) Class: 6259K(6464K)->6259K(6464K)
[136.294s][info][gc             ] GC(332) Pause Young (Allocation Failure) 673M->379M(690M) 1.677ms
[136.294s][info][gc,cpu         ] GC(332) User=0.01s Sys=0.00s Real=0.00s
[136.499s][info][gc,start       ] GC(333) Pause Young (Allocation Failure)
[136.500s][info][gc,heap        ] GC(333) PSYoungGen: 304192K(317440K)->64K(317440K) Eden: 304128K(304128K)->0K(304128K) From: 64K(13312K)->64K(13312K)
[136.500s][info][gc,heap        ] GC(333) ParOldGen: 388938K(389120K)->388946K(389120K)
[136.500s][info][gc,metaspace   ] GC(333) Metaspace: 35066K(35776K)->35066K(35776K) NonClass: 28807K(29312K)->28807K(29312K) Class: 6259K(6464K)->6259K(6464K)
[136.501s][info][gc             ] GC(333) Pause Young (Allocation Failure) 676M->379M(690M) 1.542ms
[136.501s][info][gc,cpu         ] GC(333) User=0.00s Sys=0.00s Real=0.00s
[137.489s][info][gc,start       ] GC(334) Pause Young (Allocation Failure)
[137.491s][info][gc,heap        ] GC(334) PSYoungGen: 304192K(317440K)->64K(292352K) Eden: 304128K(304128K)->0K(291840K) From: 64K(13312K)->64K(512K)
[137.491s][info][gc,heap        ] GC(334) ParOldGen: 388946K(389120K)->388954K(389120K)
[137.491s][info][gc,metaspace   ] GC(334) Metaspace: 35066K(35776K)->35066K(35776K) NonClass: 28807K(29312K)->28807K(29312K) Class: 6259K(6464K)->6259K(6464K)
[137.491s][info][gc             ] GC(334) Pause Young (Allocation Failure) 676M->379M(665M) 1.687ms
[137.491s][info][gc,cpu         ] GC(334) User=0.01s Sys=0.00s Real=0.00s
[138.382s][info][gc,start       ] GC(335) Pause Young (Allocation Failure)
[138.384s][info][gc,heap        ] GC(335) PSYoungGen: 291904K(292352K)->64K(291840K) Eden: 291840K(291840K)->0K(280064K) From: 64K(512K)->64K(11776K)
[138.384s][info][gc,heap        ] GC(335) ParOldGen: 388954K(389120K)->388962K(389120K)
[138.384s][info][gc,metaspace   ] GC(335) Metaspace: 35066K(35776K)->35066K(35776K) NonClass: 28807K(29312K)->28807K(29312K) Class: 6259K(6464K)->6259K(6464K)
[138.384s][info][gc             ] GC(335) Pause Young (Allocation Failure) 664M->379M(665M) 1.549ms
[138.384s][info][gc,cpu         ] GC(335) User=0.01s Sys=0.00s Real=0.00s
[138.661s][info][gc,start       ] GC(336) Pause Young (Allocation Failure)
[138.663s][info][gc,heap        ] GC(336) PSYoungGen: 280128K(291840K)->64K(269312K) Eden: 280064K(280064K)->0K(268800K) From: 64K(11776K)->64K(512K)
[138.663s][info][gc,heap        ] GC(336) ParOldGen: 388962K(389120K)->388970K(389120K)
[138.663s][info][gc,metaspace   ] GC(336) Metaspace: 35066K(35776K)->35066K(35776K) NonClass: 28807K(29312K)->28807K(29312K) Class: 6259K(6464K)->6259K(6464K)
[138.663s][info][gc             ] GC(336) Pause Young (Allocation Failure) 653M->379M(643M) 1.712ms
[138.663s][info][gc,cpu         ] GC(336) User=0.00s Sys=0.00s Real=0.00s
[139.112s][info][gc,start       ] GC(337) Pause Young (Allocation Failure)
[139.113s][info][gc,heap        ] GC(337) PSYoungGen: 268864K(269312K)->64K(268288K) Eden: 268800K(268800K)->0K(258048K) From: 64K(512K)->64K(10240K)
[139.113s][info][gc,heap        ] GC(337) ParOldGen: 388970K(389120K)->388978K(389120K)
[139.113s][info][gc,metaspace   ] GC(337) Metaspace: 35066K(35776K)->35066K(35776K) NonClass: 28807K(29312K)->28807K(29312K) Class: 6259K(6464K)->6259K(6464K)
[139.113s][info][gc             ] GC(337) Pause Young (Allocation Failure) 642M->379M(642M) 1.507ms
[139.113s][info][gc,cpu         ] GC(337) User=0.00s Sys=0.00s Real=0.00s
[140.057s][info][gc,start       ] GC(338) Pause Young (Allocation Failure)
[140.059s][info][gc,heap        ] GC(338) PSYoungGen: 258112K(268288K)->64K(248320K) Eden: 258048K(258048K)->0K(247808K) From: 64K(10240K)->64K(512K)
[140.059s][info][gc,heap        ] GC(338) ParOldGen: 388978K(389120K)->388986K(389120K)
[140.059s][info][gc,metaspace   ] GC(338) Metaspace: 35066K(35776K)->35066K(35776K) NonClass: 28807K(29312K)->28807K(29312K) Class: 6259K(6464K)->6259K(6464K)
[140.059s][info][gc             ] GC(338) Pause Young (Allocation Failure) 631M->379M(622M) 1.921ms
[140.059s][info][gc,cpu         ] GC(338) User=0.01s Sys=0.00s Real=0.00s
[140.421s][info][gc,start       ] GC(339) Pause Young (Allocation Failure)
[140.423s][info][gc,heap        ] GC(339) PSYoungGen: 247872K(248320K)->64K(247296K) Eden: 247808K(247808K)->0K(238080K) From: 64K(512K)->64K(9216K)
[140.423s][info][gc,heap        ] GC(339) ParOldGen: 388986K(389120K)->388994K(389120K)
[140.423s][info][gc,metaspace   ] GC(339) Metaspace: 35066K(35776K)->35066K(35776K) NonClass: 28807K(29312K)->28807K(29312K) Class: 6259K(6464K)->6259K(6464K)
[140.423s][info][gc             ] GC(339) Pause Young (Allocation Failure) 621M->379M(621M) 1.550ms
[140.423s][info][gc,cpu         ] GC(339) User=0.00s Sys=0.00s Real=0.00s
[140.586s][info][gc,start       ] GC(340) Pause Young (Allocation Failure)
[140.588s][info][gc,heap        ] GC(340) PSYoungGen: 238144K(247296K)->64K(229376K) Eden: 238080K(238080K)->0K(228864K) From: 64K(9216K)->64K(512K)
[140.588s][info][gc,heap        ] GC(340) ParOldGen: 388994K(389120K)->389002K(389120K)
[140.588s][info][gc,metaspace   ] GC(340) Metaspace: 35066K(35776K)->35066K(35776K) NonClass: 28807K(29312K)->28807K(29312K) Class: 6259K(6464K)->6259K(6464K)
[140.588s][info][gc             ] GC(340) Pause Young (Allocation Failure) 612M->379M(604M) 2.661ms
[140.588s][info][gc,cpu         ] GC(340) User=0.00s Sys=0.00s Real=0.00s
[140.683s][info][gc,start       ] GC(341) Pause Young (Allocation Failure)
[140.685s][info][gc,heap        ] GC(341) PSYoungGen: 228928K(229376K)->64K(227840K) Eden: 228864K(228864K)->0K(220160K) From: 64K(512K)->64K(7680K)
[140.685s][info][gc,heap        ] GC(341) ParOldGen: 389002K(389120K)->389010K(389120K)
[140.685s][info][gc,metaspace   ] GC(341) Metaspace: 35066K(35776K)->35066K(35776K) NonClass: 28807K(29312K)->28807K(29312K) Class: 6259K(6464K)->6259K(6464K)
[140.685s][info][gc             ] GC(341) Pause Young (Allocation Failure) 603M->379M(602M) 2.165ms
[140.685s][info][gc,cpu         ] GC(341) User=0.00s Sys=0.00s Real=0.00s
[141.295s][info][gc,start       ] GC(342) Pause Young (Allocation Failure)
[141.299s][info][gc,heap        ] GC(342) PSYoungGen: 220224K(227840K)->64K(212480K) Eden: 220160K(220160K)->0K(211968K) From: 64K(7680K)->64K(512K)
[141.299s][info][gc,heap        ] GC(342) ParOldGen: 389010K(389120K)->389018K(389120K)
[141.299s][info][gc,metaspace   ] GC(342) Metaspace: 35066K(35776K)->35066K(35776K) NonClass: 28807K(29312K)->28807K(29312K) Class: 6259K(6464K)->6259K(6464K)
[141.299s][info][gc             ] GC(342) Pause Young (Allocation Failure) 594M->379M(587M) 3.166ms
[141.299s][info][gc,cpu         ] GC(342) User=0.00s Sys=0.01s Real=0.00s
[141.531s][info][gc,start       ] GC(343) Pause Young (Allocation Failure)
[141.534s][info][gc,heap        ] GC(343) PSYoungGen: 212032K(212480K)->64K(210944K) Eden: 211968K(211968K)->0K(204288K) From: 64K(512K)->64K(6656K)
[141.534s][info][gc,heap        ] GC(343) ParOldGen: 389018K(389120K)->389026K(389120K)
[141.534s][info][gc,metaspace   ] GC(343) Metaspace: 35066K(35776K)->35066K(35776K) NonClass: 28807K(29312K)->28807K(29312K) Class: 6259K(6464K)->6259K(6464K)
[141.534s][info][gc             ] GC(343) Pause Young (Allocation Failure) 586M->379M(586M) 2.797ms
[141.534s][info][gc,cpu         ] GC(343) User=0.00s Sys=0.00s Real=0.00s
[141.874s][info][gc,start       ] GC(344) Pause Young (Allocation Failure)
[141.894s][info][gc,heap        ] GC(344) PSYoungGen: 204352K(210944K)->6144K(251392K) Eden: 204288K(204288K)->0K(245248K) From: 64K(6656K)->6144K(6144K)
[141.894s][info][gc,heap        ] GC(344) ParOldGen: 389026K(389120K)->391842K(392192K)
[141.894s][info][gc,metaspace   ] GC(344) Metaspace: 35066K(35776K)->35066K(35776K) NonClass: 28807K(29312K)->28807K(29312K) Class: 6259K(6464K)->6259K(6464K)
[141.894s][info][gc             ] GC(344) Pause Young (Allocation Failure) 579M->388M(628M) 19.909ms
[141.894s][info][gc,cpu         ] GC(344) User=0.03s Sys=0.00s Real=0.02s
[142.181s][info][gc,start       ] GC(345) Pause Young (Allocation Failure)
[142.235s][info][gc,heap        ] GC(345) PSYoungGen: 251392K(251392K)->8704K(277504K) Eden: 245248K(245248K)->0K(268800K) From: 6144K(6144K)->8704K(8704K)
[142.235s][info][gc,heap        ] GC(345) ParOldGen: 391842K(392192K)->409122K(409600K)
[142.235s][info][gc,metaspace   ] GC(345) Metaspace: 35066K(35776K)->35066K(35776K) NonClass: 28807K(29312K)->28807K(29312K) Class: 6259K(6464K)->6259K(6464K)
[142.235s][info][gc             ] GC(345) Pause Young (Allocation Failure) 628M->408M(671M) 53.415ms
[142.235s][info][gc,cpu         ] GC(345) User=0.09s Sys=0.01s Real=0.05s
[142.550s][info][gc,start       ] GC(346) Pause Young (Allocation Failure)
[142.616s][info][gc,heap        ] GC(346) PSYoungGen: 277504K(277504K)->17408K(301056K) Eden: 268800K(268800K)->0K(283648K) From: 8704K(8704K)->17408K(17408K)
[142.616s][info][gc,heap        ] GC(346) ParOldGen: 409122K(409600K)->420690K(420864K)
[142.616s][info][gc,metaspace   ] GC(346) Metaspace: 35066K(35776K)->35066K(35776K) NonClass: 28807K(29312K)->28807K(29312K) Class: 6259K(6464K)->6259K(6464K)
[142.616s][info][gc             ] GC(346) Pause Young (Allocation Failure) 670M->427M(705M) 66.422ms
[142.616s][info][gc,cpu         ] GC(346) User=0.11s Sys=0.03s Real=0.07s
[142.739s][info][gc,start       ] GC(347) Pause Young (Allocation Failure)
[142.755s][info][gc,heap        ] GC(347) PSYoungGen: 301056K(301056K)->5792K(308736K) Eden: 283648K(283648K)->0K(283648K) From: 17408K(17408K)->5792K(25088K)
[142.755s][info][gc,heap        ] GC(347) ParOldGen: 420690K(420864K)->421106K(421376K)
[142.755s][info][gc,metaspace   ] GC(347) Metaspace: 35066K(35776K)->35066K(35776K) NonClass: 28807K(29312K)->28807K(29312K) Class: 6259K(6464K)->6259K(6464K)
[142.755s][info][gc             ] GC(347) Pause Young (Allocation Failure) 704M->416M(713M) 15.393ms
[142.755s][info][gc,cpu         ] GC(347) User=0.03s Sys=0.00s Real=0.01s
[143.291s][info][gc,start       ] GC(348) Pause Young (Allocation Failure)
[143.293s][info][gc,heap        ] GC(348) PSYoungGen: 289440K(308736K)->64K(306176K) Eden: 283648K(283648K)->0K(285184K) From: 5792K(25088K)->64K(20992K)
[143.293s][info][gc,heap        ] GC(348) ParOldGen: 421106K(421376K)->421114K(421376K)
[143.293s][info][gc,metaspace   ] GC(348) Metaspace: 35066K(35776K)->35066K(35776K) NonClass: 28807K(29312K)->28807K(29312K) Class: 6259K(6464K)->6259K(6464K)
[143.293s][info][gc             ] GC(348) Pause Young (Allocation Failure) 693M->411M(710M) 1.654ms
[143.293s][info][gc,cpu         ] GC(348) User=0.00s Sys=0.00s Real=0.00s
[143.841s][info][gc,start       ] GC(349) Pause Young (Allocation Failure)
[143.843s][info][gc,heap        ] GC(349) PSYoungGen: 285248K(306176K)->64K(308224K) Eden: 285184K(285184K)->0K(285184K) From: 64K(20992K)->64K(23040K)
[143.843s][info][gc,heap        ] GC(349) ParOldGen: 421114K(421376K)->421122K(421376K)
[143.843s][info][gc,metaspace   ] GC(349) Metaspace: 35066K(35776K)->35066K(35776K) NonClass: 28807K(29312K)->28807K(29312K) Class: 6259K(6464K)->6259K(6464K)
[143.843s][info][gc             ] GC(349) Pause Young (Allocation Failure) 689M->411M(712M) 1.681ms
[143.843s][info][gc,cpu         ] GC(349) User=0.00s Sys=0.00s Real=0.00s
[144.275s][info][gc,start       ] GC(350) Pause Young (Allocation Failure)
[144.277s][info][gc,heap        ] GC(350) PSYoungGen: 285248K(308224K)->64K(308736K) Eden: 285184K(285184K)->0K(288768K) From: 64K(23040K)->64K(19968K)
[144.277s][info][gc,heap        ] GC(350) ParOldGen: 421122K(421376K)->421138K(421376K)
[144.277s][info][gc,metaspace   ] GC(350) Metaspace: 35066K(35776K)->35066K(35776K) NonClass: 28807K(29312K)->28807K(29312K) Class: 6259K(6464K)->6259K(6464K)
[144.277s][info][gc             ] GC(350) Pause Young (Allocation Failure) 689M->411M(713M) 1.625ms
[144.277s][info][gc,cpu         ] GC(350) User=0.00s Sys=0.00s Real=0.00s
[144.488s][info][gc,start       ] GC(351) Pause Young (Allocation Failure)
[144.490s][info][gc,heap        ] GC(351) PSYoungGen: 288832K(308736K)->64K(310272K) Eden: 288768K(288768K)->0K(288768K) From: 64K(19968K)->64K(21504K)
[144.490s][info][gc,heap        ] GC(351) ParOldGen: 421138K(421376K)->421154K(421376K)
[144.490s][info][gc,metaspace   ] GC(351) Metaspace: 35066K(35776K)->35066K(35776K) NonClass: 28807K(29312K)->28807K(29312K) Class: 6259K(6464K)->6259K(6464K)
[144.490s][info][gc             ] GC(351) Pause Young (Allocation Failure) 693M->411M(714M) 1.654ms
[144.490s][info][gc,cpu         ] GC(351) User=0.00s Sys=0.00s Real=0.00s
[144.698s][info][gc,start       ] GC(352) Pause Young (Allocation Failure)
[144.700s][info][gc,heap        ] GC(352) PSYoungGen: 288832K(310272K)->64K(309760K) Eden: 288768K(288768K)->0K(291840K) From: 64K(21504K)->64K(17920K)
[144.700s][info][gc,heap        ] GC(352) ParOldGen: 421154K(421376K)->421154K(421376K)
[144.700s][info][gc,metaspace   ] GC(352) Metaspace: 35066K(35776K)->35066K(35776K) NonClass: 28807K(29312K)->28807K(29312K) Class: 6259K(6464K)->6259K(6464K)
[144.700s][info][gc             ] GC(352) Pause Young (Allocation Failure) 693M->411M(714M) 1.704ms
[144.700s][info][gc,cpu         ] GC(352) User=0.00s Sys=0.00s Real=0.00s
[145.057s][info][gc,start       ] GC(353) Pause Young (Allocation Failure)
[145.058s][info][gc,heap        ] GC(353) PSYoungGen: 291904K(309760K)->64K(311296K) Eden: 291840K(291840K)->0K(291840K) From: 64K(17920K)->64K(19456K)
[145.058s][info][gc,heap        ] GC(353) ParOldGen: 421154K(421376K)->421154K(421376K)
[145.058s][info][gc,metaspace   ] GC(353) Metaspace: 35066K(35776K)->35066K(35776K) NonClass: 28807K(29312K)->28807K(29312K) Class: 6259K(6464K)->6259K(6464K)
[145.058s][info][gc             ] GC(353) Pause Young (Allocation Failure) 696M->411M(715M) 1.821ms
[145.058s][info][gc,cpu         ] GC(353) User=0.00s Sys=0.00s Real=0.00s
[145.132s][info][gc,start       ] GC(354) Pause Young (Allocation Failure)
[145.134s][info][gc,heap        ] GC(354) PSYoungGen: 291904K(311296K)->64K(312832K) Eden: 291840K(291840K)->0K(295936K) From: 64K(19456K)->64K(16896K)
[145.134s][info][gc,heap        ] GC(354) ParOldGen: 421154K(421376K)->421162K(421376K)
[145.134s][info][gc,metaspace   ] GC(354) Metaspace: 35066K(35776K)->35066K(35776K) NonClass: 28807K(29312K)->28807K(29312K) Class: 6259K(6464K)->6259K(6464K)
[145.134s][info][gc             ] GC(354) Pause Young (Allocation Failure) 696M->411M(717M) 1.687ms
[145.134s][info][gc,cpu         ] GC(354) User=0.01s Sys=0.00s Real=0.00s
[145.194s][info][gc,start       ] GC(355) Pause Young (Allocation Failure)
[145.195s][info][gc,heap        ] GC(355) PSYoungGen: 296000K(312832K)->64K(313856K) Eden: 295936K(295936K)->0K(295936K) From: 64K(16896K)->64K(17920K)
[145.195s][info][gc,heap        ] GC(355) ParOldGen: 421162K(421376K)->421178K(421376K)
[145.195s][info][gc,metaspace   ] GC(355) Metaspace: 35066K(35776K)->35066K(35776K) NonClass: 28807K(29312K)->28807K(29312K) Class: 6259K(6464K)->6259K(6464K)
[145.195s][info][gc             ] GC(355) Pause Young (Allocation Failure) 700M->411M(718M) 1.697ms
[145.195s][info][gc,cpu         ] GC(355) User=0.00s Sys=0.00s Real=0.01s
[145.447s][info][gc,start       ] GC(356) Pause Young (Allocation Failure)
[145.449s][info][gc,heap        ] GC(356) PSYoungGen: 296000K(313856K)->64K(313856K) Eden: 295936K(295936K)->0K(299008K) From: 64K(17920K)->64K(14848K)
[145.449s][info][gc,heap        ] GC(356) ParOldGen: 421178K(421376K)->421178K(421376K)
[145.449s][info][gc,metaspace   ] GC(356) Metaspace: 35066K(35776K)->35066K(35776K) NonClass: 28807K(29312K)->28807K(29312K) Class: 6259K(6464K)->6259K(6464K)
[145.449s][info][gc             ] GC(356) Pause Young (Allocation Failure) 700M->411M(718M) 1.640ms
[145.449s][info][gc,cpu         ] GC(356) User=0.01s Sys=0.00s Real=0.00s
[145.760s][info][gc,start       ] GC(357) Pause Young (Allocation Failure)
[145.762s][info][gc,heap        ] GC(357) PSYoungGen: 299072K(313856K)->64K(314880K) Eden: 299008K(299008K)->0K(299008K) From: 64K(14848K)->64K(15872K)
[145.762s][info][gc,heap        ] GC(357) ParOldGen: 421178K(421376K)->421186K(421376K)
[145.762s][info][gc,metaspace   ] GC(357) Metaspace: 35066K(35776K)->35066K(35776K) NonClass: 28807K(29312K)->28807K(29312K) Class: 6259K(6464K)->6259K(6464K)
[145.762s][info][gc             ] GC(357) Pause Young (Allocation Failure) 703M->411M(719M) 1.673ms
[145.762s][info][gc,cpu         ] GC(357) User=0.01s Sys=0.00s Real=0.00s
[145.898s][info][gc,start       ] GC(358) Pause Young (Allocation Failure)
[145.900s][info][gc,heap        ] GC(358) PSYoungGen: 299072K(314880K)->64K(315904K) Eden: 299008K(299008K)->0K(303104K) From: 64K(15872K)->64K(12800K)
[145.900s][info][gc,heap        ] GC(358) ParOldGen: 421186K(421376K)->421194K(421376K)
[145.900s][info][gc,metaspace   ] GC(358) Metaspace: 35066K(35776K)->35066K(35776K) NonClass: 28807K(29312K)->28807K(29312K) Class: 6259K(6464K)->6259K(6464K)
[145.900s][info][gc             ] GC(358) Pause Young (Allocation Failure) 703M->411M(720M) 1.730ms
[145.900s][info][gc,cpu         ] GC(358) User=0.01s Sys=0.00s Real=0.00s
[145.995s][info][gc,start       ] GC(359) Pause Young (Allocation Failure)
[145.997s][info][gc,heap        ] GC(359) PSYoungGen: 303168K(315904K)->64K(316928K) Eden: 303104K(303104K)->0K(303104K) From: 64K(12800K)->64K(13824K)
[145.997s][info][gc,heap        ] GC(359) ParOldGen: 421194K(421376K)->421202K(421376K)
[145.997s][info][gc,metaspace   ] GC(359) Metaspace: 35066K(35776K)->35066K(35776K) NonClass: 28807K(29312K)->28807K(29312K) Class: 6259K(6464K)->6259K(6464K)
[145.997s][info][gc             ] GC(359) Pause Young (Allocation Failure) 707M->411M(721M) 1.711ms
[145.997s][info][gc,cpu         ] GC(359) User=0.00s Sys=0.00s Real=0.01s
[146.196s][info][gc,start       ] GC(360) Pause Young (Allocation Failure)
[146.197s][info][gc,heap        ] GC(360) PSYoungGen: 303168K(316928K)->64K(317440K) Eden: 303104K(303104K)->0K(306688K) From: 64K(13824K)->64K(10752K)
[146.197s][info][gc,heap        ] GC(360) ParOldGen: 421202K(421376K)->421210K(421376K)
[146.197s][info][gc,metaspace   ] GC(360) Metaspace: 35066K(35776K)->35066K(35776K) NonClass: 28807K(29312K)->28807K(29312K) Class: 6259K(6464K)->6259K(6464K)
[146.197s][info][gc             ] GC(360) Pause Young (Allocation Failure) 707M->411M(721M) 1.725ms
[146.197s][info][gc,cpu         ] GC(360) User=0.00s Sys=0.00s Real=0.00s
[147.175s][info][gc,start       ] GC(361) Pause Young (Allocation Failure)
[147.177s][info][gc,heap        ] GC(361) PSYoungGen: 306752K(317440K)->64K(294912K) Eden: 306688K(306688K)->0K(294400K) From: 64K(10752K)->64K(512K)
[147.177s][info][gc,heap        ] GC(361) ParOldGen: 421210K(421376K)->421218K(421376K)
[147.177s][info][gc,metaspace   ] GC(361) Metaspace: 35066K(35776K)->35066K(35776K) NonClass: 28807K(29312K)->28807K(29312K) Class: 6259K(6464K)->6259K(6464K)
[147.177s][info][gc             ] GC(361) Pause Young (Allocation Failure) 710M->411M(699M) 2.584ms
[147.177s][info][gc,cpu         ] GC(361) User=0.01s Sys=0.00s Real=0.01s
[148.070s][info][gc,start       ] GC(362) Pause Young (Allocation Failure)
[148.072s][info][gc,heap        ] GC(362) PSYoungGen: 294464K(294912K)->64K(283136K) Eden: 294400K(294400K)->0K(282624K) From: 64K(512K)->64K(512K)
[148.072s][info][gc,heap        ] GC(362) ParOldGen: 421218K(421376K)->421226K(421376K)
[148.072s][info][gc,metaspace   ] GC(362) Metaspace: 35066K(35776K)->35066K(35776K) NonClass: 28807K(29312K)->28807K(29312K) Class: 6259K(6464K)->6259K(6464K)
[148.072s][info][gc             ] GC(362) Pause Young (Allocation Failure) 698M->411M(688M) 2.343ms
[148.072s][info][gc,cpu         ] GC(362) User=0.00s Sys=0.00s Real=0.00s
[148.405s][info][gc,start       ] GC(363) Pause Young (Allocation Failure)
[148.406s][info][gc,heap        ] GC(363) PSYoungGen: 282688K(283136K)->64K(282112K) Eden: 282624K(282624K)->0K(271360K) From: 64K(512K)->64K(10752K)
[148.406s][info][gc,heap        ] GC(363) ParOldGen: 421226K(421376K)->421234K(421376K)
[148.406s][info][gc,metaspace   ] GC(363) Metaspace: 35066K(35776K)->35066K(35776K) NonClass: 28807K(29312K)->28807K(29312K) Class: 6259K(6464K)->6259K(6464K)
[148.406s][info][gc             ] GC(363) Pause Young (Allocation Failure) 687M->411M(687M) 1.674ms
[148.406s][info][gc,cpu         ] GC(363) User=0.01s Sys=0.00s Real=0.01s
[148.818s][info][gc,start       ] GC(364) Pause Young (Allocation Failure)
[148.820s][info][gc,heap        ] GC(364) PSYoungGen: 271424K(282112K)->64K(261120K) Eden: 271360K(271360K)->0K(260608K) From: 64K(10752K)->64K(512K)
[148.820s][info][gc,heap        ] GC(364) ParOldGen: 421234K(421376K)->421242K(421376K)
[148.820s][info][gc,metaspace   ] GC(364) Metaspace: 35066K(35776K)->35066K(35776K) NonClass: 28807K(29312K)->28807K(29312K) Class: 6259K(6464K)->6259K(6464K)
[148.820s][info][gc             ] GC(364) Pause Young (Allocation Failure) 676M->411M(666M) 2.840ms
[148.820s][info][gc,cpu         ] GC(364) User=0.00s Sys=0.00s Real=0.00s
[149.784s][info][gc,start       ] GC(365) Pause Young (Allocation Failure)
[149.785s][info][gc,heap        ] GC(365) PSYoungGen: 260672K(261120K)->64K(260096K) Eden: 260608K(260608K)->0K(250368K) From: 64K(512K)->64K(9728K)
[149.785s][info][gc,heap        ] GC(365) ParOldGen: 421242K(421376K)->421250K(421376K)
[149.785s][info][gc,metaspace   ] GC(365) Metaspace: 35066K(35776K)->35066K(35776K) NonClass: 28807K(29312K)->28807K(29312K) Class: 6259K(6464K)->6259K(6464K)
[149.785s][info][gc             ] GC(365) Pause Young (Allocation Failure) 665M->411M(665M) 1.669ms
[149.785s][info][gc,cpu         ] GC(365) User=0.01s Sys=0.00s Real=0.01s
[150.130s][info][gc,start       ] GC(366) Pause Young (Allocation Failure)
[150.132s][info][gc,heap        ] GC(366) PSYoungGen: 250432K(260096K)->64K(241152K) Eden: 250368K(250368K)->0K(240640K) From: 64K(9728K)->64K(512K)
[150.132s][info][gc,heap        ] GC(366) ParOldGen: 421250K(421376K)->421258K(421376K)
[150.132s][info][gc,metaspace   ] GC(366) Metaspace: 35066K(35776K)->35066K(35776K) NonClass: 28807K(29312K)->28807K(29312K) Class: 6259K(6464K)->6259K(6464K)
[150.132s][info][gc             ] GC(366) Pause Young (Allocation Failure) 655M->411M(647M) 2.400ms
[150.132s][info][gc,cpu         ] GC(366) User=0.00s Sys=0.00s Real=0.00s
[150.279s][info][gc,start       ] GC(367) Pause Young (Allocation Failure)
[150.282s][info][gc,heap        ] GC(367) PSYoungGen: 240704K(241152K)->32K(239616K) Eden: 240640K(240640K)->0K(231424K) From: 64K(512K)->32K(8192K)
[150.282s][info][gc,heap        ] GC(367) ParOldGen: 421258K(421376K)->421266K(421376K)
[150.282s][info][gc,metaspace   ] GC(367) Metaspace: 35066K(35776K)->35066K(35776K) NonClass: 28807K(29312K)->28807K(29312K) Class: 6259K(6464K)->6259K(6464K)
[150.282s][info][gc             ] GC(367) Pause Young (Allocation Failure) 646M->411M(645M) 2.895ms
[150.282s][info][gc,cpu         ] GC(367) User=0.00s Sys=0.00s Real=0.00s
[150.477s][info][gc,start       ] GC(368) Pause Young (Allocation Failure)
[150.480s][info][gc,heap        ] GC(368) PSYoungGen: 231456K(239616K)->64K(223232K) Eden: 231424K(231424K)->0K(222720K) From: 32K(8192K)->64K(512K)
[150.480s][info][gc,heap        ] GC(368) ParOldGen: 421266K(421376K)->421282K(421376K)
[150.480s][info][gc,metaspace   ] GC(368) Metaspace: 35066K(35776K)->35066K(35776K) NonClass: 28807K(29312K)->28807K(29312K) Class: 6259K(6464K)->6259K(6464K)
[150.480s][info][gc             ] GC(368) Pause Young (Allocation Failure) 637M->411M(629M) 3.447ms
[150.480s][info][gc,cpu         ] GC(368) User=0.01s Sys=0.00s Real=0.00s
[151.034s][info][gc,start       ] GC(369) Pause Young (Allocation Failure)
[151.038s][info][gc,heap        ] GC(369) PSYoungGen: 222784K(223232K)->64K(221696K) Eden: 222720K(222720K)->0K(214528K) From: 64K(512K)->64K(7168K)
[151.038s][info][gc,heap        ] GC(369) ParOldGen: 421282K(421376K)->421290K(421376K)
[151.038s][info][gc,metaspace   ] GC(369) Metaspace: 35066K(35776K)->35066K(35776K) NonClass: 28807K(29312K)->28807K(29312K) Class: 6259K(6464K)->6259K(6464K)
[151.038s][info][gc             ] GC(369) Pause Young (Allocation Failure) 628M->411M(628M) 3.363ms
[151.038s][info][gc,cpu         ] GC(369) User=0.00s Sys=0.00s Real=0.01s
[151.298s][info][gc,start       ] GC(370) Pause Young (Allocation Failure)
[151.301s][info][gc,heap        ] GC(370) PSYoungGen: 214592K(221696K)->32K(206848K) Eden: 214528K(214528K)->0K(206336K) From: 64K(7168K)->32K(512K)
[151.301s][info][gc,heap        ] GC(370) ParOldGen: 421290K(421376K)->421298K(421376K)
[151.302s][info][gc,metaspace   ] GC(370) Metaspace: 35066K(35776K)->35066K(35776K) NonClass: 28807K(29312K)->28807K(29312K) Class: 6259K(6464K)->6259K(6464K)
[151.302s][info][gc             ] GC(370) Pause Young (Allocation Failure) 620M->411M(613M) 3.655ms
[151.302s][info][gc,cpu         ] GC(370) User=0.00s Sys=0.00s Real=0.00s
[151.598s][info][gc,start       ] GC(371) Pause Young (Allocation Failure)
[151.627s][info][gc,heap        ] GC(371) PSYoungGen: 206368K(206848K)->6144K(253952K) Eden: 206336K(206336K)->0K(247808K) From: 32K(512K)->6144K(6144K)
[151.627s][info][gc,heap        ] GC(371) ParOldGen: 421298K(421376K)->429346K(429568K)
[151.627s][info][gc,metaspace   ] GC(371) Metaspace: 35066K(35776K)->35066K(35776K) NonClass: 28807K(29312K)->28807K(29312K) Class: 6259K(6464K)->6259K(6464K)
[151.627s][info][gc             ] GC(371) Pause Young (Allocation Failure) 612M->425M(667M) 29.023ms
[151.627s][info][gc,cpu         ] GC(371) User=0.05s Sys=0.00s Real=0.03s
[151.887s][info][gc,start       ] GC(372) Pause Young (Allocation Failure)
[151.944s][info][gc,heap        ] GC(372) PSYoungGen: 253952K(253952K)->6144K(259584K) Eden: 247808K(247808K)->0K(253440K) From: 6144K(6144K)->6144K(6144K)
[151.944s][info][gc,heap        ] GC(372) ParOldGen: 429346K(429568K)->449658K(450048K)
[151.944s][info][gc,metaspace   ] GC(372) Metaspace: 35066K(35776K)->35066K(35776K) NonClass: 28807K(29312K)->28807K(29312K) Class: 6259K(6464K)->6259K(6464K)
[151.944s][info][gc             ] GC(372) Pause Young (Allocation Failure) 667M->445M(693M) 56.622ms
[151.944s][info][gc,cpu         ] GC(372) User=0.09s Sys=0.02s Real=0.05s
[152.208s][info][gc,start       ] GC(373) Pause Young (Allocation Failure)
[152.261s][info][gc,heap        ] GC(373) PSYoungGen: 259584K(259584K)->18944K(272384K) Eden: 253440K(253440K)->0K(253440K) From: 6144K(6144K)->18944K(18944K)
[152.261s][info][gc,heap        ] GC(373) ParOldGen: 449658K(450048K)->458178K(458240K)
[152.261s][info][gc,metaspace   ] GC(373) Metaspace: 35066K(35776K)->35066K(35776K) NonClass: 28807K(29312K)->28807K(29312K) Class: 6259K(6464K)->6259K(6464K)
[152.261s][info][gc             ] GC(373) Pause Young (Allocation Failure) 692M->465M(713M) 52.374ms
[152.261s][info][gc,cpu         ] GC(373) User=0.10s Sys=0.01s Real=0.05s
[152.341s][info][gc,start       ] GC(374) Pause Young (Allocation Failure)
[152.349s][info][gc,heap        ] GC(374) PSYoungGen: 272384K(272384K)->1952K(308736K) Eden: 253440K(253440K)->0K(282624K) From: 18944K(18944K)->1952K(26112K)
[152.349s][info][gc,heap        ] GC(374) ParOldGen: 458178K(458240K)->458482K(458752K)
[152.349s][info][gc,metaspace   ] GC(374) Metaspace: 35066K(35776K)->35066K(35776K) NonClass: 28807K(29312K)->28807K(29312K) Class: 6259K(6464K)->6259K(6464K)
[152.349s][info][gc             ] GC(374) Pause Young (Allocation Failure) 713M->449M(749M) 7.889ms
[152.349s][info][gc,cpu         ] GC(374) User=0.02s Sys=0.00s Real=0.01s
[152.902s][info][gc,start       ] GC(375) Pause Young (Allocation Failure)
[152.904s][info][gc,heap        ] GC(375) PSYoungGen: 284576K(308736K)->32K(283136K) Eden: 282624K(282624K)->0K(282624K) From: 1952K(26112K)->32K(512K)
[152.904s][info][gc,heap        ] GC(375) ParOldGen: 458482K(458752K)->458490K(458752K)
[152.904s][info][gc,metaspace   ] GC(375) Metaspace: 35066K(35776K)->35066K(35776K) NonClass: 28807K(29312K)->28807K(29312K) Class: 6259K(6464K)->6259K(6464K)
[152.904s][info][gc             ] GC(375) Pause Young (Allocation Failure) 725M->447M(724M) 2.123ms
[152.904s][info][gc,cpu         ] GC(375) User=0.00s Sys=0.00s Real=0.00s
[153.436s][info][gc,start       ] GC(376) Pause Young (Allocation Failure)
[153.437s][info][gc,heap        ] GC(376) PSYoungGen: 282656K(283136K)->64K(307712K) Eden: 282624K(282624K)->0K(283648K) From: 32K(512K)->64K(24064K)
[153.437s][info][gc,heap        ] GC(376) ParOldGen: 458490K(458752K)->458498K(458752K)
[153.437s][info][gc,metaspace   ] GC(376) Metaspace: 35067K(35776K)->35067K(35776K) NonClass: 28808K(29312K)->28808K(29312K) Class: 6259K(6464K)->6259K(6464K)
[153.437s][info][gc             ] GC(376) Pause Young (Allocation Failure) 723M->447M(748M) 1.843ms
[153.437s][info][gc,cpu         ] GC(376) User=0.00s Sys=0.00s Real=0.00s
[153.871s][info][gc,start       ] GC(377) Pause Young (Allocation Failure)
[153.873s][info][gc,heap        ] GC(377) PSYoungGen: 283712K(307712K)->32K(306688K) Eden: 283648K(283648K)->0K(283648K) From: 64K(24064K)->32K(23040K)
[153.873s][info][gc,heap        ] GC(377) ParOldGen: 458498K(458752K)->458506K(458752K)
[153.873s][info][gc,metaspace   ] GC(377) Metaspace: 35067K(35776K)->35067K(35776K) NonClass: 28808K(29312K)->28808K(29312K) Class: 6259K(6464K)->6259K(6464K)
[153.873s][info][gc             ] GC(377) Pause Young (Allocation Failure) 724M->447M(747M) 2.153ms
[153.873s][info][gc,cpu         ] GC(377) User=0.00s Sys=0.00s Real=0.00s
[154.075s][info][gc,start       ] GC(378) Pause Young (Allocation Failure)
[154.077s][info][gc,heap        ] GC(378) PSYoungGen: 283680K(306688K)->32K(309760K) Eden: 283648K(283648K)->0K(287744K) From: 32K(23040K)->32K(22016K)
[154.077s][info][gc,heap        ] GC(378) ParOldGen: 458506K(458752K)->458514K(458752K)
[154.077s][info][gc,metaspace   ] GC(378) Metaspace: 35067K(35776K)->35067K(35776K) NonClass: 28808K(29312K)->28808K(29312K) Class: 6259K(6464K)->6259K(6464K)
[154.077s][info][gc             ] GC(378) Pause Young (Allocation Failure) 724M->447M(750M) 2.108ms
[154.077s][info][gc,cpu         ] GC(378) User=0.01s Sys=0.00s Real=0.01s
[154.292s][info][gc,start       ] GC(379) Pause Young (Allocation Failure)
[154.294s][info][gc,heap        ] GC(379) PSYoungGen: 287776K(309760K)->64K(309248K) Eden: 287744K(287744K)->0K(287744K) From: 32K(22016K)->64K(21504K)
[154.294s][info][gc,heap        ] GC(379) ParOldGen: 458514K(458752K)->458514K(458752K)
[154.294s][info][gc,metaspace   ] GC(379) Metaspace: 35067K(35776K)->35067K(35776K) NonClass: 28808K(29312K)->28808K(29312K) Class: 6259K(6464K)->6259K(6464K)
[154.294s][info][gc             ] GC(379) Pause Young (Allocation Failure) 728M->447M(750M) 2.130ms
[154.294s][info][gc,cpu         ] GC(379) User=0.00s Sys=0.00s Real=0.00s
[154.647s][info][gc,start       ] GC(380) Pause Young (Allocation Failure)
[154.649s][info][gc,heap        ] GC(380) PSYoungGen: 287808K(309248K)->32K(311296K) Eden: 287744K(287744K)->0K(291328K) From: 64K(21504K)->32K(19968K)
[154.649s][info][gc,heap        ] GC(380) ParOldGen: 458514K(458752K)->458514K(458752K)
[154.649s][info][gc,metaspace   ] GC(380) Metaspace: 35067K(35776K)->35067K(35776K) NonClass: 28808K(29312K)->28808K(29312K) Class: 6259K(6464K)->6259K(6464K)
[154.649s][info][gc             ] GC(380) Pause Young (Allocation Failure) 728M->447M(752M) 2.300ms
[154.649s][info][gc,cpu         ] GC(380) User=0.01s Sys=0.00s Real=0.00s
[154.732s][info][gc,start       ] GC(381) Pause Young (Allocation Failure)
[154.734s][info][gc,heap        ] GC(381) PSYoungGen: 291360K(311296K)->64K(310784K) Eden: 291328K(291328K)->0K(291328K) From: 32K(19968K)->64K(19456K)
[154.734s][info][gc,heap        ] GC(381) ParOldGen: 458514K(458752K)->458522K(458752K)
[154.734s][info][gc,metaspace   ] GC(381) Metaspace: 35068K(35776K)->35068K(35776K) NonClass: 28809K(29312K)->28809K(29312K) Class: 6259K(6464K)->6259K(6464K)
[154.734s][info][gc             ] GC(381) Pause Young (Allocation Failure) 732M->447M(751M) 1.687ms
[154.734s][info][gc,cpu         ] GC(381) User=0.00s Sys=0.00s Real=0.00s
[154.788s][info][gc,start       ] GC(382) Pause Young (Allocation Failure)
[154.790s][info][gc,heap        ] GC(382) PSYoungGen: 291391K(310784K)->32K(313344K) Eden: 291327K(291328K)->0K(295424K) From: 64K(19456K)->32K(17920K)
[154.790s][info][gc,heap        ] GC(382) ParOldGen: 458522K(458752K)->458538K(458752K)
[154.790s][info][gc,metaspace   ] GC(382) Metaspace: 35068K(35776K)->35068K(35776K) NonClass: 28809K(29312K)->28809K(29312K) Class: 6259K(6464K)->6259K(6464K)
[154.790s][info][gc             ] GC(382) Pause Young (Allocation Failure) 732M->447M(754M) 1.820ms
[154.790s][info][gc,cpu         ] GC(382) User=0.00s Sys=0.00s Real=0.00s
[155.033s][info][gc,start       ] GC(383) Pause Young (Allocation Failure)
[155.034s][info][gc,heap        ] GC(383) PSYoungGen: 295455K(313344K)->64K(312832K) Eden: 295423K(295424K)->0K(295424K) From: 32K(17920K)->64K(17408K)
[155.034s][info][gc,heap        ] GC(383) ParOldGen: 458538K(458752K)->458538K(458752K)
[155.034s][info][gc,metaspace   ] GC(383) Metaspace: 35068K(35776K)->35068K(35776K) NonClass: 28809K(29312K)->28809K(29312K) Class: 6259K(6464K)->6259K(6464K)
[155.034s][info][gc             ] GC(383) Pause Young (Allocation Failure) 736M->447M(753M) 1.760ms
[155.034s][info][gc,cpu         ] GC(383) User=0.00s Sys=0.00s Real=0.00s
[155.348s][info][gc,start       ] GC(384) Pause Young (Allocation Failure)
[155.350s][info][gc,heap        ] GC(384) PSYoungGen: 295488K(312832K)->64K(315392K) Eden: 295424K(295424K)->0K(299520K) From: 64K(17408K)->64K(15872K)
[155.350s][info][gc,heap        ] GC(384) ParOldGen: 458538K(458752K)->458546K(458752K)
[155.350s][info][gc,metaspace   ] GC(384) Metaspace: 35068K(35776K)->35068K(35776K) NonClass: 28809K(29312K)->28809K(29312K) Class: 6259K(6464K)->6259K(6464K)
[155.350s][info][gc             ] GC(384) Pause Young (Allocation Failure) 736M->447M(756M) 1.726ms
[155.350s][info][gc,cpu         ] GC(384) User=0.00s Sys=0.00s Real=0.00s
[155.499s][info][gc,start       ] GC(385) Pause Young (Allocation Failure)
[155.500s][info][gc,heap        ] GC(385) PSYoungGen: 299584K(315392K)->64K(314880K) Eden: 299520K(299520K)->0K(299520K) From: 64K(15872K)->64K(15360K)
[155.500s][info][gc,heap        ] GC(385) ParOldGen: 458546K(458752K)->458554K(458752K)
[155.500s][info][gc,metaspace   ] GC(385) Metaspace: 35072K(35776K)->35072K(35776K) NonClass: 28813K(29312K)->28813K(29312K) Class: 6259K(6464K)->6259K(6464K)
[155.500s][info][gc             ] GC(385) Pause Young (Allocation Failure) 740M->447M(755M) 1.695ms
[155.500s][info][gc,cpu         ] GC(385) User=0.00s Sys=0.00s Real=0.00s
[155.584s][info][gc,start       ] GC(386) Pause Young (Allocation Failure)
[155.585s][info][gc,heap        ] GC(386) PSYoungGen: 299584K(314880K)->64K(317440K) Eden: 299520K(299520K)->0K(303616K) From: 64K(15360K)->64K(13824K)
[155.585s][info][gc,heap        ] GC(386) ParOldGen: 458554K(458752K)->458562K(458752K)
[155.585s][info][gc,metaspace   ] GC(386) Metaspace: 35072K(35776K)->35072K(35776K) NonClass: 28813K(29312K)->28813K(29312K) Class: 6259K(6464K)->6259K(6464K)
[155.585s][info][gc             ] GC(386) Pause Young (Allocation Failure) 740M->447M(758M) 1.695ms
[155.585s][info][gc,cpu         ] GC(386) User=0.01s Sys=0.00s Real=0.01s
[155.790s][info][gc,start       ] GC(387) Pause Young (Allocation Failure)
[155.792s][info][gc,heap        ] GC(387) PSYoungGen: 303680K(317440K)->64K(316928K) Eden: 303616K(303616K)->0K(303616K) From: 64K(13824K)->64K(13312K)
[155.792s][info][gc,heap        ] GC(387) ParOldGen: 458562K(458752K)->458570K(458752K)
[155.792s][info][gc,metaspace   ] GC(387) Metaspace: 35072K(35776K)->35072K(35776K) NonClass: 28813K(29312K)->28813K(29312K) Class: 6259K(6464K)->6259K(6464K)
[155.792s][info][gc             ] GC(387) Pause Young (Allocation Failure) 744M->447M(757M) 1.720ms
[155.792s][info][gc,cpu         ] GC(387) User=0.00s Sys=0.00s Real=0.00s
[156.781s][info][gc,start       ] GC(388) Pause Young (Allocation Failure)
[156.782s][info][gc,heap        ] GC(388) PSYoungGen: 303680K(316928K)->64K(319488K) Eden: 303616K(303616K)->0K(307712K) From: 64K(13312K)->64K(11776K)
[156.782s][info][gc,heap        ] GC(388) ParOldGen: 458570K(458752K)->458578K(458752K)
[156.783s][info][gc,metaspace   ] GC(388) Metaspace: 35072K(35776K)->35072K(35776K) NonClass: 28813K(29312K)->28813K(29312K) Class: 6259K(6464K)->6259K(6464K)
[156.783s][info][gc             ] GC(388) Pause Young (Allocation Failure) 744M->447M(760M) 1.794ms
[156.783s][info][gc,cpu         ] GC(388) User=0.00s Sys=0.00s Real=0.00s
[157.685s][info][gc,start       ] GC(389) Pause Young (Allocation Failure)
[157.687s][info][gc,heap        ] GC(389) PSYoungGen: 307776K(319488K)->64K(295936K) Eden: 307712K(307712K)->0K(295424K) From: 64K(11776K)->64K(512K)
[157.687s][info][gc,heap        ] GC(389) ParOldGen: 458578K(458752K)->458586K(458752K)
[157.687s][info][gc,metaspace   ] GC(389) Metaspace: 35072K(35776K)->35072K(35776K) NonClass: 28813K(29312K)->28813K(29312K) Class: 6259K(6464K)->6259K(6464K)
[157.687s][info][gc             ] GC(389) Pause Young (Allocation Failure) 748M->447M(737M) 1.814ms
[157.687s][info][gc,cpu         ] GC(389) User=0.00s Sys=0.00s Real=0.01s
[158.031s][info][gc,start       ] GC(390) Pause Young (Allocation Failure)
[158.034s][info][gc,heap        ] GC(390) PSYoungGen: 295488K(295936K)->64K(284160K) Eden: 295424K(295424K)->0K(283648K) From: 64K(512K)->64K(512K)
[158.034s][info][gc,heap        ] GC(390) ParOldGen: 458586K(458752K)->458602K(458752K)
[158.034s][info][gc,metaspace   ] GC(390) Metaspace: 35072K(35776K)->35072K(35776K) NonClass: 28813K(29312K)->28813K(29312K) Class: 6259K(6464K)->6259K(6464K)
[158.034s][info][gc             ] GC(390) Pause Young (Allocation Failure) 736M->447M(725M) 3.323ms
[158.034s][info][gc,cpu         ] GC(390) User=0.01s Sys=0.00s Real=0.00s
[158.454s][info][gc,start       ] GC(391) Pause Young (Allocation Failure)
[158.457s][info][gc,heap        ] GC(391) PSYoungGen: 283712K(284160K)->32K(282624K) Eden: 283648K(283648K)->0K(272384K) From: 64K(512K)->32K(10240K)
[158.457s][info][gc,heap        ] GC(391) ParOldGen: 458602K(458752K)->458610K(458752K)
[158.457s][info][gc,metaspace   ] GC(391) Metaspace: 35072K(35776K)->35072K(35776K) NonClass: 28813K(29312K)->28813K(29312K) Class: 6259K(6464K)->6259K(6464K)
[158.457s][info][gc             ] GC(391) Pause Young (Allocation Failure) 724M->447M(724M) 3.067ms
[158.457s][info][gc,cpu         ] GC(391) User=0.00s Sys=0.00s Real=0.01s
[159.422s][info][gc,start       ] GC(392) Pause Young (Allocation Failure)
[159.424s][info][gc,heap        ] GC(392) PSYoungGen: 272416K(282624K)->64K(262144K) Eden: 272384K(272384K)->0K(261632K) From: 32K(10240K)->64K(512K)
[159.424s][info][gc,heap        ] GC(392) ParOldGen: 458610K(458752K)->458618K(458752K)
[159.424s][info][gc,metaspace   ] GC(392) Metaspace: 35072K(35776K)->35072K(35776K) NonClass: 28813K(29312K)->28813K(29312K) Class: 6259K(6464K)->6259K(6464K)
[159.424s][info][gc             ] GC(392) Pause Young (Allocation Failure) 713M->447M(704M) 2.331ms
[159.424s][info][gc,cpu         ] GC(392) User=0.01s Sys=0.00s Real=0.00s
[159.785s][info][gc,start       ] GC(393) Pause Young (Allocation Failure)
[159.787s][info][gc,heap        ] GC(393) PSYoungGen: 261696K(262144K)->64K(260608K) Eden: 261632K(261632K)->0K(251392K) From: 64K(512K)->64K(9216K)
[159.787s][info][gc,heap        ] GC(393) ParOldGen: 458618K(458752K)->458626K(458752K)
[159.787s][info][gc,metaspace   ] GC(393) Metaspace: 35072K(35776K)->35072K(35776K) NonClass: 28813K(29312K)->28813K(29312K) Class: 6259K(6464K)->6259K(6464K)
[159.787s][info][gc             ] GC(393) Pause Young (Allocation Failure) 703M->447M(702M) 1.653ms
[159.787s][info][gc,cpu         ] GC(393) User=0.00s Sys=0.00s Real=0.00s
[159.911s][info][gc,start       ] GC(394) Pause Young (Allocation Failure)
[159.913s][info][gc,heap        ] GC(394) PSYoungGen: 251456K(260608K)->64K(242176K) Eden: 251392K(251392K)->0K(241664K) From: 64K(9216K)->64K(512K)
[159.913s][info][gc,heap        ] GC(394) ParOldGen: 458626K(458752K)->458634K(458752K)
[159.913s][info][gc,metaspace   ] GC(394) Metaspace: 35072K(35776K)->35072K(35776K) NonClass: 28813K(29312K)->28813K(29312K) Class: 6259K(6464K)->6259K(6464K)
[159.913s][info][gc             ] GC(394) Pause Young (Allocation Failure) 693M->447M(684M) 2.168ms
[159.913s][info][gc,cpu         ] GC(394) User=0.00s Sys=0.00s Real=0.00s
[160.260s][info][gc,start       ] GC(395) Pause Young (Allocation Failure)
[160.261s][info][gc,heap        ] GC(395) PSYoungGen: 241728K(242176K)->64K(240128K) Eden: 241664K(241664K)->0K(232448K) From: 64K(512K)->64K(7680K)
[160.261s][info][gc,heap        ] GC(395) ParOldGen: 458634K(458752K)->458642K(458752K)
[160.261s][info][gc,metaspace   ] GC(395) Metaspace: 35072K(35776K)->35072K(35776K) NonClass: 28813K(29312K)->28813K(29312K) Class: 6259K(6464K)->6259K(6464K)
[160.261s][info][gc             ] GC(395) Pause Young (Allocation Failure) 683M->447M(682M) 1.652ms
[160.261s][info][gc,cpu         ] GC(395) User=0.00s Sys=0.00s Real=0.00s
[160.714s][info][gc,start       ] GC(396) Pause Young (Allocation Failure)
[160.717s][info][gc,heap        ] GC(396) PSYoungGen: 232512K(240128K)->64K(224256K) Eden: 232448K(232448K)->0K(223744K) From: 64K(7680K)->64K(512K)
[160.717s][info][gc,heap        ] GC(396) ParOldGen: 458642K(458752K)->458650K(458752K)
[160.717s][info][gc,metaspace   ] GC(396) Metaspace: 35072K(35776K)->35072K(35776K) NonClass: 28813K(29312K)->28813K(29312K) Class: 6259K(6464K)->6259K(6464K)
[160.717s][info][gc             ] GC(396) Pause Young (Allocation Failure) 674M->447M(667M) 2.961ms
[160.717s][info][gc,cpu         ] GC(396) User=0.01s Sys=0.01s Real=0.01s
[161.096s][info][gc,start       ] GC(397) Pause Young (Allocation Failure)
[161.099s][info][gc,heap        ] GC(397) PSYoungGen: 223808K(224256K)->672K(222208K) Eden: 223744K(223744K)->0K(215552K) From: 64K(512K)->672K(6656K)
[161.099s][info][gc,heap        ] GC(397) ParOldGen: 458650K(458752K)->458658K(458752K)
[161.099s][info][gc,metaspace   ] GC(397) Metaspace: 35072K(35776K)->35072K(35776K) NonClass: 28813K(29312K)->28813K(29312K) Class: 6259K(6464K)->6259K(6464K)
[161.099s][info][gc             ] GC(397) Pause Young (Allocation Failure) 666M->448M(665M) 2.578ms
[161.099s][info][gc,cpu         ] GC(397) User=0.01s Sys=0.00s Real=0.00s
[161.322s][info][gc,start       ] GC(398) Pause Young (Allocation Failure)
[161.368s][info][gc,heap        ] GC(398) PSYoungGen: 216224K(222208K)->6144K(265216K) Eden: 215552K(215552K)->0K(259072K) From: 672K(6656K)->6144K(6144K)
[161.368s][info][gc,heap        ] GC(398) ParOldGen: 458658K(458752K)->475266K(475648K)
[161.368s][info][gc,metaspace   ] GC(398) Metaspace: 35072K(35776K)->35072K(35776K) NonClass: 28813K(29312K)->28813K(29312K) Class: 6259K(6464K)->6259K(6464K)
[161.368s][info][gc             ] GC(398) Pause Young (Allocation Failure) 659M->470M(723M) 46.053ms
[161.368s][info][gc,cpu         ] GC(398) User=0.08s Sys=0.01s Real=0.05s
[161.636s][info][gc,start       ] GC(399) Pause Young (Allocation Failure)
[161.692s][info][gc,heap        ] GC(399) PSYoungGen: 265216K(265216K)->13824K(272896K) Eden: 259072K(259072K)->0K(259072K) From: 6144K(6144K)->13824K(13824K)
[161.692s][info][gc,heap        ] GC(399) ParOldGen: 475266K(475648K)->489378K(489472K)
[161.692s][info][gc,metaspace   ] GC(399) Metaspace: 35072K(35776K)->35072K(35776K) NonClass: 28813K(29312K)->28813K(29312K) Class: 6259K(6464K)->6259K(6464K)
[161.692s][info][gc             ] GC(399) Pause Young (Allocation Failure) 723M->491M(744M) 55.851ms
[161.692s][info][gc,cpu         ] GC(399) User=0.10s Sys=0.01s Real=0.05s
[161.897s][info][gc,start       ] GC(400) Pause Young (Allocation Failure)
[161.939s][info][gc,heap        ] GC(400) PSYoungGen: 272896K(272896K)->18272K(305664K) Eden: 259072K(259072K)->0K(283648K) From: 13824K(13824K)->18272K(22016K)
[161.939s][info][gc,heap        ] GC(400) ParOldGen: 489378K(489472K)->489890K(489984K)
[161.939s][info][gc,metaspace   ] GC(400) Metaspace: 35072K(35776K)->35072K(35776K) NonClass: 28813K(29312K)->28813K(29312K) Class: 6259K(6464K)->6259K(6464K)
[161.939s][info][gc             ] GC(400) Pause Young (Allocation Failure) 744M->496M(777M) 42.164ms
[161.939s][info][gc,cpu         ] GC(400) User=0.07s Sys=0.01s Real=0.04s
[162.135s][info][gc,start       ] GC(401) Pause Young (Allocation Failure)
[162.137s][info][gc,heap        ] GC(401) PSYoungGen: 301920K(305664K)->64K(308736K) Eden: 283648K(283648K)->0K(283648K) From: 18272K(22016K)->64K(25088K)
[162.137s][info][gc,heap        ] GC(401) ParOldGen: 489890K(489984K)->489898K(489984K)
[162.137s][info][gc,metaspace   ] GC(401) Metaspace: 35072K(35776K)->35072K(35776K) NonClass: 28813K(29312K)->28813K(29312K) Class: 6259K(6464K)->6259K(6464K)
[162.137s][info][gc             ] GC(401) Pause Young (Allocation Failure) 773M->478M(780M) 1.797ms
[162.137s][info][gc,cpu         ] GC(401) User=0.00s Sys=0.00s Real=0.00s
[162.871s][info][gc,start       ] GC(402) Pause Young (Allocation Failure)
[162.873s][info][gc,heap        ] GC(402) PSYoungGen: 283712K(308736K)->32K(306176K) Eden: 283648K(283648K)->0K(284160K) From: 64K(25088K)->32K(22016K)
[162.873s][info][gc,heap        ] GC(402) ParOldGen: 489898K(489984K)->489914K(489984K)
[162.873s][info][gc,metaspace   ] GC(402) Metaspace: 35072K(35776K)->35072K(35776K) NonClass: 28813K(29312K)->28813K(29312K) Class: 6259K(6464K)->6259K(6464K)
[162.873s][info][gc             ] GC(402) Pause Young (Allocation Failure) 755M->478M(777M) 1.818ms
[162.873s][info][gc,cpu         ] GC(402) User=0.00s Sys=0.00s Real=0.00s
[163.150s][info][gc,start       ] GC(403) Pause Young (Allocation Failure)
[163.152s][info][gc,heap        ] GC(403) PSYoungGen: 284192K(306176K)->64K(307712K) Eden: 284160K(284160K)->0K(284160K) From: 32K(22016K)->64K(23552K)
[163.152s][info][gc,heap        ] GC(403) ParOldGen: 489914K(489984K)->489914K(489984K)
[163.152s][info][gc,metaspace   ] GC(403) Metaspace: 35072K(35776K)->35072K(35776K) NonClass: 28813K(29312K)->28813K(29312K) Class: 6259K(6464K)->6259K(6464K)
[163.152s][info][gc             ] GC(403) Pause Young (Allocation Failure) 755M->478M(779M) 1.766ms
[163.152s][info][gc,cpu         ] GC(403) User=0.00s Sys=0.00s Real=0.00s
[163.583s][info][gc,start       ] GC(404) Pause Young (Allocation Failure)
[163.585s][info][gc,heap        ] GC(404) PSYoungGen: 284224K(307712K)->64K(308736K) Eden: 284160K(284160K)->0K(287744K) From: 64K(23552K)->64K(20992K)
[163.585s][info][gc,heap        ] GC(404) ParOldGen: 489914K(489984K)->489930K(489984K)
[163.585s][info][gc,metaspace   ] GC(404) Metaspace: 35072K(35776K)->35072K(35776K) NonClass: 28813K(29312K)->28813K(29312K) Class: 6259K(6464K)->6259K(6464K)
[163.585s][info][gc             ] GC(404) Pause Young (Allocation Failure) 755M->478M(780M) 1.842ms
[163.585s][info][gc,cpu         ] GC(404) User=0.00s Sys=0.00s Real=0.00s
[163.791s][info][gc,start       ] GC(405) Pause Young (Allocation Failure)
[163.793s][info][gc,heap        ] GC(405) PSYoungGen: 287808K(308736K)->64K(309760K) Eden: 287744K(287744K)->0K(287744K) From: 64K(20992K)->64K(22016K)
[163.793s][info][gc,heap        ] GC(405) ParOldGen: 489930K(489984K)->489946K(489984K)
[163.793s][info][gc,metaspace   ] GC(405) Metaspace: 35072K(35776K)->35072K(35776K) NonClass: 28813K(29312K)->28813K(29312K) Class: 6259K(6464K)->6259K(6464K)
[163.793s][info][gc             ] GC(405) Pause Young (Allocation Failure) 759M->478M(781M) 1.780ms
[163.793s][info][gc,cpu         ] GC(405) User=0.00s Sys=0.00s Real=0.00s
[164.002s][info][gc,start       ] GC(406) Pause Young (Allocation Failure)
[164.004s][info][gc,heap        ] GC(406) PSYoungGen: 287808K(309760K)->64K(309760K) Eden: 287744K(287744K)->0K(290816K) From: 64K(22016K)->64K(18944K)
[164.004s][info][gc,heap        ] GC(406) ParOldGen: 489946K(489984K)->489946K(489984K)
[164.004s][info][gc,metaspace   ] GC(406) Metaspace: 35072K(35776K)->35072K(35776K) NonClass: 28813K(29312K)->28813K(29312K) Class: 6259K(6464K)->6259K(6464K)
[164.004s][info][gc             ] GC(406) Pause Young (Allocation Failure) 759M->478M(781M) 1.849ms
[164.004s][info][gc,cpu         ] GC(406) User=0.00s Sys=0.00s Real=0.00s
[164.307s][info][gc,start       ] GC(407) Pause Young (Allocation Failure)
[164.309s][info][gc,heap        ] GC(407) PSYoungGen: 290880K(309760K)->64K(310784K) Eden: 290816K(290816K)->0K(290816K) From: 64K(18944K)->64K(19968K)
[164.309s][info][gc,heap        ] GC(407) ParOldGen: 489946K(489984K)->489946K(489984K)
[164.309s][info][gc,metaspace   ] GC(407) Metaspace: 35072K(35776K)->35072K(35776K) NonClass: 28813K(29312K)->28813K(29312K) Class: 6259K(6464K)->6259K(6464K)
[164.309s][info][gc             ] GC(407) Pause Young (Allocation Failure) 762M->478M(782M) 1.772ms
[164.309s][info][gc,cpu         ] GC(407) User=0.01s Sys=0.00s Real=0.00s
[164.363s][info][gc,start       ] GC(408) Pause Young (Allocation Failure)
[164.364s][info][gc,heap        ] GC(408) PSYoungGen: 290880K(310784K)->64K(311808K) Eden: 290816K(290816K)->0K(294912K) From: 64K(19968K)->64K(16896K)
[164.364s][info][gc,heap        ] GC(408) ParOldGen: 489946K(489984K)->489962K(489984K)
[164.364s][info][gc,metaspace   ] GC(408) Metaspace: 35072K(35776K)->35072K(35776K) NonClass: 28813K(29312K)->28813K(29312K) Class: 6259K(6464K)->6259K(6464K)
[164.365s][info][gc             ] GC(408) Pause Young (Allocation Failure) 762M->478M(783M) 1.780ms
[164.365s][info][gc,cpu         ] GC(408) User=0.00s Sys=0.00s Real=0.00s
[164.456s][info][gc,start       ] GC(409) Pause Young (Allocation Failure)
[164.457s][info][gc,heap        ] GC(409) PSYoungGen: 294976K(311808K)->64K(312832K) Eden: 294912K(294912K)->0K(294912K) From: 64K(16896K)->64K(17920K)
[164.458s][info][gc,heap        ] GC(409) ParOldGen: 489962K(489984K)->489970K(489984K)
[164.458s][info][gc,metaspace   ] GC(409) Metaspace: 35081K(35776K)->35081K(35776K) NonClass: 28821K(29312K)->28821K(29312K) Class: 6259K(6464K)->6259K(6464K)
[164.458s][info][gc             ] GC(409) Pause Young (Allocation Failure) 766M->478M(784M) 1.863ms
[164.458s][info][gc,cpu         ] GC(409) User=0.01s Sys=0.00s Real=0.00s
[164.830s][info][gc,start       ] GC(410) Pause Young (Allocation Failure)
[164.832s][info][gc,heap        ] GC(410) PSYoungGen: 294976K(312832K)->64K(313856K) Eden: 294912K(294912K)->0K(299008K) From: 64K(17920K)->64K(14848K)
[164.832s][info][gc,heap        ] GC(410) ParOldGen: 489970K(489984K)->489986K(490496K)
[164.832s][info][gc,metaspace   ] GC(410) Metaspace: 35081K(35776K)->35081K(35776K) NonClass: 28821K(29312K)->28821K(29312K) Class: 6259K(6464K)->6259K(6464K)
[164.832s][info][gc             ] GC(410) Pause Young (Allocation Failure) 766M->478M(785M) 1.942ms
[164.832s][info][gc,cpu         ] GC(410) User=0.00s Sys=0.00s Real=0.00s
[165.082s][info][gc,start       ] GC(411) Pause Young (Allocation Failure)
[165.084s][info][gc,heap        ] GC(411) PSYoungGen: 299072K(313856K)->64K(314880K) Eden: 299008K(299008K)->0K(299008K) From: 64K(14848K)->64K(15872K)
[165.084s][info][gc,heap        ] GC(411) ParOldGen: 489986K(490496K)->489986K(490496K)
[165.084s][info][gc,metaspace   ] GC(411) Metaspace: 35081K(35776K)->35081K(35776K) NonClass: 28822K(29312K)->28822K(29312K) Class: 6259K(6464K)->6259K(6464K)
[165.084s][info][gc             ] GC(411) Pause Young (Allocation Failure) 770M->478M(786M) 1.961ms
[165.084s][info][gc,cpu         ] GC(411) User=0.00s Sys=0.00s Real=0.00s
[165.167s][info][gc,start       ] GC(412) Pause Young (Allocation Failure)
[165.169s][info][gc,heap        ] GC(412) PSYoungGen: 299072K(314880K)->64K(315904K) Eden: 299008K(299008K)->0K(303104K) From: 64K(15872K)->64K(12800K)
[165.169s][info][gc,heap        ] GC(412) ParOldGen: 489986K(490496K)->490002K(490496K)
[165.169s][info][gc,metaspace   ] GC(412) Metaspace: 35081K(35776K)->35081K(35776K) NonClass: 28822K(29312K)->28822K(29312K) Class: 6259K(6464K)->6259K(6464K)
[165.169s][info][gc             ] GC(412) Pause Young (Allocation Failure) 770M->478M(787M) 1.939ms
[165.169s][info][gc,cpu         ] GC(412) User=0.01s Sys=0.00s Real=0.00s
[165.323s][info][gc,start       ] GC(413) Pause Young (Allocation Failure)
[165.325s][info][gc,heap        ] GC(413) PSYoungGen: 303168K(315904K)->64K(316928K) Eden: 303104K(303104K)->0K(303104K) From: 64K(12800K)->64K(13824K)
[165.325s][info][gc,heap        ] GC(413) ParOldGen: 490002K(490496K)->490002K(490496K)
[165.325s][info][gc,metaspace   ] GC(413) Metaspace: 35081K(35776K)->35081K(35776K) NonClass: 28822K(29312K)->28822K(29312K) Class: 6259K(6464K)->6259K(6464K)
[165.325s][info][gc             ] GC(413) Pause Young (Allocation Failure) 774M->478M(788M) 1.942ms
[165.325s][info][gc,cpu         ] GC(413) User=0.00s Sys=0.00s Real=0.00s
[165.726s][info][gc,start       ] GC(414) Pause Young (Allocation Failure)
[165.728s][info][gc,heap        ] GC(414) PSYoungGen: 303168K(316928K)->64K(317440K) Eden: 303104K(303104K)->0K(306688K) From: 64K(13824K)->64K(10752K)
[165.728s][info][gc,heap        ] GC(414) ParOldGen: 490002K(490496K)->490010K(490496K)
[165.728s][info][gc,metaspace   ] GC(414) Metaspace: 35081K(35776K)->35081K(35776K) NonClass: 28822K(29312K)->28822K(29312K) Class: 6259K(6464K)->6259K(6464K)
[165.728s][info][gc             ] GC(414) Pause Young (Allocation Failure) 774M->478M(789M) 2.003ms
[165.728s][info][gc,cpu         ] GC(414) User=0.00s Sys=0.00s Real=0.00s
[166.468s][info][gc,start       ] GC(415) Pause Young (Allocation Failure)
[166.470s][info][gc,heap        ] GC(415) PSYoungGen: 306752K(317440K)->64K(294912K) Eden: 306688K(306688K)->0K(294400K) From: 64K(10752K)->64K(512K)
[166.470s][info][gc,heap        ] GC(415) ParOldGen: 490010K(490496K)->490018K(490496K)
[166.470s][info][gc,metaspace   ] GC(415) Metaspace: 35081K(35776K)->35081K(35776K) NonClass: 28822K(29312K)->28822K(29312K) Class: 6259K(6464K)->6259K(6464K)
[166.470s][info][gc             ] GC(415) Pause Young (Allocation Failure) 778M->478M(767M) 2.446ms
[166.470s][info][gc,cpu         ] GC(415) User=0.01s Sys=0.00s Real=0.00s
[167.449s][info][gc,start       ] GC(416) Pause Young (Allocation Failure)
[167.451s][info][gc,heap        ] GC(416) PSYoungGen: 294464K(294912K)->64K(283136K) Eden: 294400K(294400K)->0K(282624K) From: 64K(512K)->64K(512K)
[167.451s][info][gc,heap        ] GC(416) ParOldGen: 490018K(490496K)->490026K(490496K)
[167.451s][info][gc,metaspace   ] GC(416) Metaspace: 35081K(35776K)->35081K(35776K) NonClass: 28822K(29312K)->28822K(29312K) Class: 6259K(6464K)->6259K(6464K)
[167.451s][info][gc             ] GC(416) Pause Young (Allocation Failure) 766M->478M(755M) 2.494ms
[167.451s][info][gc,cpu         ] GC(416) User=0.00s Sys=0.00s Real=0.00s
[167.920s][info][gc,start       ] GC(417) Pause Young (Allocation Failure)
[167.921s][info][gc,heap        ] GC(417) PSYoungGen: 282688K(283136K)->64K(282112K) Eden: 282624K(282624K)->0K(271360K) From: 64K(512K)->64K(10752K)
[167.921s][info][gc,heap        ] GC(417) ParOldGen: 490026K(490496K)->490034K(490496K)
[167.921s][info][gc,metaspace   ] GC(417) Metaspace: 35081K(35776K)->35081K(35776K) NonClass: 28822K(29312K)->28822K(29312K) Class: 6259K(6464K)->6259K(6464K)
[167.921s][info][gc             ] GC(417) Pause Young (Allocation Failure) 754M->478M(754M) 1.729ms
[167.921s][info][gc,cpu         ] GC(417) User=0.00s Sys=0.00s Real=0.00s
[168.913s][info][gc,start       ] GC(418) Pause Young (Allocation Failure)
[168.916s][info][gc,heap        ] GC(418) PSYoungGen: 271424K(282112K)->64K(261120K) Eden: 271360K(271360K)->0K(260608K) From: 64K(10752K)->64K(512K)
[168.916s][info][gc,heap        ] GC(418) ParOldGen: 490034K(490496K)->490042K(490496K)
[168.916s][info][gc,metaspace   ] GC(418) Metaspace: 35081K(35776K)->35081K(35776K) NonClass: 28822K(29312K)->28822K(29312K) Class: 6259K(6464K)->6259K(6464K)
[168.916s][info][gc             ] GC(418) Pause Young (Allocation Failure) 743M->478M(734M) 2.426ms
[168.916s][info][gc,cpu         ] GC(418) User=0.00s Sys=0.00s Real=0.01s
[169.315s][info][gc,start       ] GC(419) Pause Young (Allocation Failure)
[169.317s][info][gc,heap        ] GC(419) PSYoungGen: 260672K(261120K)->64K(259584K) Eden: 260608K(260608K)->0K(250368K) From: 64K(512K)->64K(9216K)
[169.317s][info][gc,heap        ] GC(419) ParOldGen: 490042K(490496K)->490050K(490496K)
[169.317s][info][gc,metaspace   ] GC(419) Metaspace: 35081K(35776K)->35081K(35776K) NonClass: 28822K(29312K)->28822K(29312K) Class: 6259K(6464K)->6259K(6464K)
[169.317s][info][gc             ] GC(419) Pause Young (Allocation Failure) 733M->478M(732M) 2.205ms
[169.317s][info][gc,cpu         ] GC(419) User=0.01s Sys=0.00s Real=0.01s
[169.525s][info][gc,start       ] GC(420) Pause Young (Allocation Failure)
[169.528s][info][gc,heap        ] GC(420) PSYoungGen: 250432K(259584K)->64K(241152K) Eden: 250368K(250368K)->0K(240640K) From: 64K(9216K)->64K(512K)
[169.528s][info][gc,heap        ] GC(420) ParOldGen: 490050K(490496K)->490058K(490496K)
[169.528s][info][gc,metaspace   ] GC(420) Metaspace: 35081K(35776K)->35081K(35776K) NonClass: 28822K(29312K)->28822K(29312K) Class: 6259K(6464K)->6259K(6464K)
[169.528s][info][gc             ] GC(420) Pause Young (Allocation Failure) 723M->478M(714M) 2.853ms
[169.528s][info][gc,cpu         ] GC(420) User=0.00s Sys=0.00s Real=0.01s
[169.602s][info][gc,start       ] GC(421) Pause Young (Allocation Failure)
[169.604s][info][gc,heap        ] GC(421) PSYoungGen: 240704K(241152K)->64K(283648K) Eden: 240640K(240640K)->0K(275456K) From: 64K(512K)->64K(8192K)
[169.604s][info][gc,heap        ] GC(421) ParOldGen: 490058K(490496K)->490066K(490496K)
[169.604s][info][gc,metaspace   ] GC(421) Metaspace: 35081K(35776K)->35081K(35776K) NonClass: 28822K(29312K)->28822K(29312K) Class: 6259K(6464K)->6259K(6464K)
[169.604s][info][gc             ] GC(421) Pause Young (Allocation Failure) 713M->478M(756M) 2.510ms
[169.604s][info][gc,cpu         ] GC(421) User=0.01s Sys=0.00s Real=0.00s
[170.253s][info][gc,start       ] GC(422) Pause Young (Allocation Failure)
[170.256s][info][gc,heap        ] GC(422) PSYoungGen: 275520K(283648K)->64K(296960K) Eden: 275456K(275456K)->0K(289280K) From: 64K(8192K)->64K(7680K)
[170.257s][info][gc,heap        ] GC(422) ParOldGen: 490066K(490496K)->490082K(490496K)
[170.257s][info][gc,metaspace   ] GC(422) Metaspace: 35081K(35776K)->35081K(35776K) NonClass: 28822K(29312K)->28822K(29312K) Class: 6259K(6464K)->6259K(6464K)
[170.257s][info][gc             ] GC(422) Pause Young (Allocation Failure) 747M->478M(769M) 3.513ms
[170.257s][info][gc,cpu         ] GC(422) User=0.01s Sys=0.00s Real=0.01s
[170.630s][info][gc,start       ] GC(423) Pause Young (Allocation Failure)
[170.633s][info][gc,heap        ] GC(423) PSYoungGen: 289344K(296960K)->32K(278016K) Eden: 289280K(289280K)->0K(277504K) From: 64K(7680K)->32K(512K)
[170.633s][info][gc,heap        ] GC(423) ParOldGen: 490082K(490496K)->490090K(490496K)
[170.633s][info][gc,metaspace   ] GC(423) Metaspace: 35081K(35776K)->35081K(35776K) NonClass: 28822K(29312K)->28822K(29312K) Class: 6259K(6464K)->6259K(6464K)
[170.633s][info][gc             ] GC(423) Pause Young (Allocation Failure) 761M->478M(750M) 3.286ms
[170.633s][info][gc,cpu         ] GC(423) User=0.00s Sys=0.00s Real=0.00s
[170.985s][info][gc,start       ] GC(424) Pause Young (Allocation Failure)
[171.058s][info][gc,heap        ] GC(424) PSYoungGen: 277536K(278016K)->6656K(282112K) Eden: 277504K(277504K)->0K(275456K) From: 32K(512K)->6656K(6656K)
[171.058s][info][gc,heap        ] GC(424) ParOldGen: 490090K(490496K)->508162K(508416K)
[171.058s][info][gc,metaspace   ] GC(424) Metaspace: 35081K(35776K)->35081K(35776K) NonClass: 28822K(29312K)->28822K(29312K) Class: 6259K(6464K)->6259K(6464K)
[171.058s][info][gc             ] GC(424) Pause Young (Allocation Failure) 749M->502M(772M) 72.959ms
[171.058s][info][gc,cpu         ] GC(424) User=0.08s Sys=0.02s Real=0.08s
[171.347s][info][gc,start       ] GC(425) Pause Young (Allocation Failure)
[171.410s][info][gc,heap        ] GC(425) PSYoungGen: 282112K(282112K)->14848K(290304K) Eden: 275456K(275456K)->0K(275456K) From: 6656K(6656K)->14848K(14848K)
[171.410s][info][gc,heap        ] GC(425) ParOldGen: 508162K(508416K)->523042K(523264K)
[171.410s][info][gc,metaspace   ] GC(425) Metaspace: 35081K(35776K)->35081K(35776K) NonClass: 28822K(29312K)->28822K(29312K) Class: 6259K(6464K)->6259K(6464K)
[171.410s][info][gc             ] GC(425) Pause Young (Allocation Failure) 771M->525M(794M) 63.129ms
[171.410s][info][gc,cpu         ] GC(425) User=0.11s Sys=0.01s Real=0.06s
[171.598s][info][gc,start       ] GC(426) Pause Young (Allocation Failure)
[171.635s][info][gc,heap        ] GC(426) PSYoungGen: 290304K(290304K)->15200K(306176K) Eden: 275456K(275456K)->0K(282624K) From: 14848K(14848K)->15200K(23552K)
[171.635s][info][gc,heap        ] GC(426) ParOldGen: 523042K(523264K)->523586K(523776K)
[171.635s][info][gc,metaspace   ] GC(426) Metaspace: 35081K(35776K)->35081K(35776K) NonClass: 28822K(29312K)->28822K(29312K) Class: 6259K(6464K)->6259K(6464K)
[171.635s][info][gc             ] GC(426) Pause Young (Allocation Failure) 794M->526M(810M) 37.040ms
[171.635s][info][gc,cpu         ] GC(426) User=0.06s Sys=0.02s Real=0.04s
[171.944s][info][gc,start       ] GC(427) Pause Young (Allocation Failure)
[171.946s][info][gc,heap        ] GC(427) PSYoungGen: 297824K(306176K)->64K(308224K) Eden: 282624K(282624K)->0K(282624K) From: 15200K(23552K)->64K(25600K)
[171.946s][info][gc,heap        ] GC(427) ParOldGen: 523586K(523776K)->523594K(523776K)
[171.946s][info][gc,metaspace   ] GC(427) Metaspace: 35081K(35776K)->35081K(35776K) NonClass: 28822K(29312K)->28822K(29312K) Class: 6259K(6464K)->6259K(6464K)
[171.946s][info][gc             ] GC(427) Pause Young (Allocation Failure) 802M->511M(812M) 1.907ms
[171.946s][info][gc,cpu         ] GC(427) User=0.01s Sys=0.00s Real=0.01s
[172.632s][info][gc,start       ] GC(428) Pause Young (Allocation Failure)
[172.634s][info][gc,heap        ] GC(428) PSYoungGen: 282688K(308224K)->64K(306176K) Eden: 282624K(282624K)->0K(283648K) From: 64K(25600K)->64K(22528K)
[172.634s][info][gc,heap        ] GC(428) ParOldGen: 523594K(523776K)->523602K(523776K)
[172.634s][info][gc,metaspace   ] GC(428) Metaspace: 35081K(35776K)->35081K(35776K) NonClass: 28822K(29312K)->28822K(29312K) Class: 6259K(6464K)->6259K(6464K)
[172.634s][info][gc             ] GC(428) Pause Young (Allocation Failure) 787M->511M(810M) 1.980ms
[172.634s][info][gc,cpu         ] GC(428) User=0.00s Sys=0.00s Real=0.00s
[172.913s][info][gc,start       ] GC(429) Pause Young (Allocation Failure)
[172.916s][info][gc,heap        ] GC(429) PSYoungGen: 283712K(306176K)->32K(307712K) Eden: 283648K(283648K)->0K(283648K) From: 64K(22528K)->32K(24064K)
[172.916s][info][gc,heap        ] GC(429) ParOldGen: 523602K(523776K)->523610K(523776K)
[172.916s][info][gc,metaspace   ] GC(429) Metaspace: 35081K(35776K)->35081K(35776K) NonClass: 28822K(29312K)->28822K(29312K) Class: 6259K(6464K)->6259K(6464K)
[172.916s][info][gc             ] GC(429) Pause Young (Allocation Failure) 788M->511M(812M) 3.074ms
[172.916s][info][gc,cpu         ] GC(429) User=0.01s Sys=0.00s Real=0.01s
[173.315s][info][gc,start       ] GC(430) Pause Young (Allocation Failure)
[173.318s][info][gc,heap        ] GC(430) PSYoungGen: 283680K(307712K)->32K(307200K) Eden: 283648K(283648K)->0K(286720K) From: 32K(24064K)->32K(20480K)
[173.318s][info][gc,heap        ] GC(430) ParOldGen: 523610K(523776K)->523618K(523776K)
[173.318s][info][gc,metaspace   ] GC(430) Metaspace: 35081K(35776K)->35081K(35776K) NonClass: 28822K(29312K)->28822K(29312K) Class: 6259K(6464K)->6259K(6464K)
[173.318s][info][gc             ] GC(430) Pause Young (Allocation Failure) 788M->511M(811M) 3.053ms
[173.318s][info][gc,cpu         ] GC(430) User=0.01s Sys=0.00s Real=0.01s
[173.522s][info][gc,start       ] GC(431) Pause Young (Allocation Failure)
[173.525s][info][gc,heap        ] GC(431) PSYoungGen: 286752K(307200K)->32K(308736K) Eden: 286720K(286720K)->0K(286720K) From: 32K(20480K)->32K(22016K)
[173.525s][info][gc,heap        ] GC(431) ParOldGen: 523618K(523776K)->523626K(523776K)
[173.525s][info][gc,metaspace   ] GC(431) Metaspace: 35081K(35776K)->35081K(35776K) NonClass: 28822K(29312K)->28822K(29312K) Class: 6259K(6464K)->6259K(6464K)
[173.525s][info][gc             ] GC(431) Pause Young (Allocation Failure) 791M->511M(813M) 3.171ms
[173.525s][info][gc,cpu         ] GC(431) User=0.01s Sys=0.00s Real=0.01s
[173.846s][info][gc,start       ] GC(432) Pause Young (Allocation Failure)
[173.849s][info][gc,heap        ] GC(432) PSYoungGen: 286752K(308736K)->32K(309248K) Eden: 286720K(286720K)->0K(290816K) From: 32K(22016K)->32K(18432K)
[173.849s][info][gc,heap        ] GC(432) ParOldGen: 523626K(523776K)->523626K(523776K)
[173.849s][info][gc,metaspace   ] GC(432) Metaspace: 35081K(35776K)->35081K(35776K) NonClass: 28822K(29312K)->28822K(29312K) Class: 6259K(6464K)->6259K(6464K)
[173.849s][info][gc             ] GC(432) Pause Young (Allocation Failure) 791M->511M(813M) 3.085ms
[173.849s][info][gc,cpu         ] GC(432) User=0.00s Sys=0.00s Real=0.00s
[174.014s][info][gc,start       ] GC(433) Pause Young (Allocation Failure)
[174.017s][info][gc,heap        ] GC(433) PSYoungGen: 290848K(309248K)->32K(310784K) Eden: 290816K(290816K)->0K(290816K) From: 32K(18432K)->32K(19968K)
[174.017s][info][gc,heap        ] GC(433) ParOldGen: 523626K(523776K)->523634K(523776K)
[174.017s][info][gc,metaspace   ] GC(433) Metaspace: 35081K(35776K)->35081K(35776K) NonClass: 28822K(29312K)->28822K(29312K) Class: 6259K(6464K)->6259K(6464K)
[174.017s][info][gc             ] GC(433) Pause Young (Allocation Failure) 795M->511M(815M) 3.157ms
[174.017s][info][gc,cpu         ] GC(433) User=0.00s Sys=0.00s Real=0.01s
[174.072s][info][gc,start       ] GC(434) Pause Young (Allocation Failure)
[174.075s][info][gc,heap        ] GC(434) PSYoungGen: 290848K(310784K)->32K(311296K) Eden: 290816K(290816K)->0K(294912K) From: 32K(19968K)->32K(16384K)
[174.075s][info][gc,heap        ] GC(434) ParOldGen: 523634K(523776K)->523642K(523776K)
[174.075s][info][gc,metaspace   ] GC(434) Metaspace: 35081K(35776K)->35081K(35776K) NonClass: 28822K(29312K)->28822K(29312K) Class: 6259K(6464K)->6259K(6464K)
[174.075s][info][gc             ] GC(434) Pause Young (Allocation Failure) 795M->511M(815M) 3.134ms
[174.075s][info][gc,cpu         ] GC(434) User=0.00s Sys=0.00s Real=0.01s
[174.206s][info][gc,start       ] GC(435) Pause Young (Allocation Failure)
[174.209s][info][gc,heap        ] GC(435) PSYoungGen: 294944K(311296K)->64K(312832K) Eden: 294912K(294912K)->0K(294912K) From: 32K(16384K)->64K(17920K)
[174.209s][info][gc,heap        ] GC(435) ParOldGen: 523642K(523776K)->523642K(523776K)
[174.209s][info][gc,metaspace   ] GC(435) Metaspace: 35081K(35776K)->35081K(35776K) NonClass: 28822K(29312K)->28822K(29312K) Class: 6259K(6464K)->6259K(6464K)
[174.209s][info][gc             ] GC(435) Pause Young (Allocation Failure) 799M->511M(817M) 2.952ms
[174.209s][info][gc,cpu         ] GC(435) User=0.00s Sys=0.00s Real=0.00s
[174.561s][info][gc,start       ] GC(436) Pause Young (Allocation Failure)
[174.564s][info][gc,heap        ] GC(436) PSYoungGen: 294976K(312832K)->32K(313344K) Eden: 294912K(294912K)->0K(299008K) From: 64K(17920K)->32K(14336K)
[174.564s][info][gc,heap        ] GC(436) ParOldGen: 523642K(523776K)->523650K(523776K)
[174.564s][info][gc,metaspace   ] GC(436) Metaspace: 35081K(35776K)->35081K(35776K) NonClass: 28822K(29312K)->28822K(29312K) Class: 6259K(6464K)->6259K(6464K)
[174.564s][info][gc             ] GC(436) Pause Young (Allocation Failure) 799M->511M(817M) 2.961ms
[174.564s][info][gc,cpu         ] GC(436) User=0.01s Sys=0.00s Real=0.00s
[174.771s][info][gc,start       ] GC(437) Pause Young (Allocation Failure)
[174.774s][info][gc,heap        ] GC(437) PSYoungGen: 299040K(313344K)->32K(314880K) Eden: 299008K(299008K)->0K(299008K) From: 32K(14336K)->32K(15872K)
[174.774s][info][gc,heap        ] GC(437) ParOldGen: 523650K(523776K)->523650K(523776K)
[174.774s][info][gc,metaspace   ] GC(437) Metaspace: 35081K(35776K)->35081K(35776K) NonClass: 28822K(29312K)->28822K(29312K) Class: 6259K(6464K)->6259K(6464K)
[174.774s][info][gc             ] GC(437) Pause Young (Allocation Failure) 803M->511M(819M) 3.175ms
[174.774s][info][gc,cpu         ] GC(437) User=0.01s Sys=0.00s Real=0.00s
[174.856s][info][gc,start       ] GC(438) Pause Young (Allocation Failure)
[174.859s][info][gc,heap        ] GC(438) PSYoungGen: 299040K(314880K)->32K(316416K) Eden: 299008K(299008K)->0K(303104K) From: 32K(15872K)->32K(13312K)
[174.859s][info][gc,heap        ] GC(438) ParOldGen: 523650K(523776K)->523658K(523776K)
[174.859s][info][gc,metaspace   ] GC(438) Metaspace: 35081K(35776K)->35081K(35776K) NonClass: 28822K(29312K)->28822K(29312K) Class: 6259K(6464K)->6259K(6464K)
[174.859s][info][gc             ] GC(438) Pause Young (Allocation Failure) 803M->511M(820M) 3.044ms
[174.859s][info][gc,cpu         ] GC(438) User=0.00s Sys=0.00s Real=0.00s
[175.025s][info][gc,start       ] GC(439) Pause Young (Allocation Failure)
[175.028s][info][gc,heap        ] GC(439) PSYoungGen: 303136K(316416K)->32K(317440K) Eden: 303104K(303104K)->0K(303104K) From: 32K(13312K)->32K(14336K)
[175.028s][info][gc,heap        ] GC(439) ParOldGen: 523658K(523776K)->523658K(523776K)
[175.028s][info][gc,metaspace   ] GC(439) Metaspace: 35081K(35776K)->35081K(35776K) NonClass: 28822K(29312K)->28822K(29312K) Class: 6259K(6464K)->6259K(6464K)
[175.028s][info][gc             ] GC(439) Pause Young (Allocation Failure) 807M->511M(821M) 3.069ms
[175.028s][info][gc,cpu         ] GC(439) User=0.00s Sys=0.00s Real=0.01s
[175.438s][info][gc,start       ] GC(440) Pause Young (Allocation Failure)
[175.441s][info][gc,heap        ] GC(440) PSYoungGen: 303136K(317440K)->32K(317440K) Eden: 303104K(303104K)->0K(306176K) From: 32K(14336K)->32K(11264K)
[175.441s][info][gc,heap        ] GC(440) ParOldGen: 523658K(523776K)->523666K(523776K)
[175.441s][info][gc,metaspace   ] GC(440) Metaspace: 35081K(35776K)->35081K(35776K) NonClass: 28822K(29312K)->28822K(29312K) Class: 6259K(6464K)->6259K(6464K)
[175.441s][info][gc             ] GC(440) Pause Young (Allocation Failure) 807M->511M(821M) 3.248ms
[175.441s][info][gc,cpu         ] GC(440) User=0.01s Sys=0.00s Real=0.00s
[176.320s][info][gc,start       ] GC(441) Pause Young (Allocation Failure)
[176.324s][info][gc,heap        ] GC(441) PSYoungGen: 306208K(317440K)->32K(318464K) Eden: 306176K(306176K)->0K(306176K) From: 32K(11264K)->32K(12288K)
[176.324s][info][gc,heap        ] GC(441) ParOldGen: 523666K(523776K)->523674K(523776K)
[176.324s][info][gc,metaspace   ] GC(441) Metaspace: 35081K(35776K)->35081K(35776K) NonClass: 28822K(29312K)->28822K(29312K) Class: 6259K(6464K)->6259K(6464K)
[176.324s][info][gc             ] GC(441) Pause Young (Allocation Failure) 810M->511M(822M) 3.171ms
[176.324s][info][gc,cpu         ] GC(441) User=0.01s Sys=0.00s Real=0.00s
[177.144s][info][gc,start       ] GC(442) Pause Young (Allocation Failure)
[177.147s][info][gc,heap        ] GC(442) PSYoungGen: 306208K(318464K)->32K(318976K) Eden: 306176K(306176K)->0K(309760K) From: 32K(12288K)->32K(9216K)
[177.147s][info][gc,heap        ] GC(442) ParOldGen: 523674K(523776K)->523682K(523776K)
[177.147s][info][gc,metaspace   ] GC(442) Metaspace: 35081K(35776K)->35081K(35776K) NonClass: 28822K(29312K)->28822K(29312K) Class: 6259K(6464K)->6259K(6464K)
[177.147s][info][gc             ] GC(442) Pause Young (Allocation Failure) 810M->511M(823M) 2.646ms
[177.147s][info][gc,cpu         ] GC(442) User=0.01s Sys=0.00s Real=0.01s
[177.638s][info][gc,start       ] GC(443) Pause Young (Allocation Failure)
[177.640s][info][gc,heap        ] GC(443) PSYoungGen: 309792K(318976K)->32K(297984K) Eden: 309760K(309760K)->0K(297472K) From: 32K(9216K)->32K(512K)
[177.640s][info][gc,heap        ] GC(443) ParOldGen: 523682K(523776K)->523690K(523776K)
[177.640s][info][gc,metaspace   ] GC(443) Metaspace: 35081K(35776K)->35081K(35776K) NonClass: 28822K(29312K)->28822K(29312K) Class: 6259K(6464K)->6259K(6464K)
[177.640s][info][gc             ] GC(443) Pause Young (Allocation Failure) 813M->511M(802M) 2.786ms
[177.640s][info][gc,cpu         ] GC(443) User=0.01s Sys=0.00s Real=0.00s
[178.666s][info][gc,start       ] GC(444) Pause Young (Allocation Failure)
[178.670s][info][gc,heap        ] GC(444) PSYoungGen: 297504K(297984K)->32K(286208K) Eden: 297472K(297472K)->0K(285696K) From: 32K(512K)->32K(512K)
[178.670s][info][gc,heap        ] GC(444) ParOldGen: 523690K(523776K)->523698K(523776K)
[178.670s][info][gc,metaspace   ] GC(444) Metaspace: 35081K(35776K)->35081K(35776K) NonClass: 28822K(29312K)->28822K(29312K) Class: 6259K(6464K)->6259K(6464K)
[178.670s][info][gc             ] GC(444) Pause Young (Allocation Failure) 801M->511M(791M) 3.705ms
[178.670s][info][gc,cpu         ] GC(444) User=0.00s Sys=0.00s Real=0.00s
[179.055s][info][gc,start       ] GC(445) Pause Young (Allocation Failure)
[179.058s][info][gc,heap        ] GC(445) PSYoungGen: 285728K(286208K)->32K(283648K) Eden: 285696K(285696K)->0K(274432K) From: 32K(512K)->32K(9216K)
[179.058s][info][gc,heap        ] GC(445) ParOldGen: 523698K(523776K)->523706K(523776K)
[179.058s][info][gc,metaspace   ] GC(445) Metaspace: 35081K(35776K)->35081K(35776K) NonClass: 28822K(29312K)->28822K(29312K) Class: 6259K(6464K)->6259K(6464K)
[179.058s][info][gc             ] GC(445) Pause Young (Allocation Failure) 790M->511M(788M) 2.956ms
[179.058s][info][gc,cpu         ] GC(445) User=0.00s Sys=0.00s Real=0.01s
[179.206s][info][gc,start       ] GC(446) Pause Young (Allocation Failure)
[179.209s][info][gc,heap        ] GC(446) PSYoungGen: 274464K(283648K)->32K(304640K) Eden: 274432K(274432K)->0K(295936K) From: 32K(9216K)->32K(8704K)
[179.209s][info][gc,heap        ] GC(446) ParOldGen: 523706K(523776K)->523714K(523776K)
[179.209s][info][gc,metaspace   ] GC(446) Metaspace: 35081K(35776K)->35081K(35776K) NonClass: 28822K(29312K)->28822K(29312K) Class: 6259K(6464K)->6259K(6464K)
[179.209s][info][gc             ] GC(446) Pause Young (Allocation Failure) 779M->511M(809M) 3.044ms
[179.209s][info][gc,cpu         ] GC(446) User=0.00s Sys=0.00s Real=0.00s
[179.698s][info][gc,start       ] GC(447) Pause Young (Allocation Failure)
[179.701s][info][gc,heap        ] GC(447) PSYoungGen: 295968K(304640K)->32K(284672K) Eden: 295936K(295936K)->0K(284160K) From: 32K(8704K)->32K(512K)
[179.701s][info][gc,heap        ] GC(447) ParOldGen: 523714K(523776K)->523722K(523776K)
[179.701s][info][gc,metaspace   ] GC(447) Metaspace: 35081K(35776K)->35081K(35776K) NonClass: 28822K(29312K)->28822K(29312K) Class: 6259K(6464K)->6259K(6464K)
[179.701s][info][gc             ] GC(447) Pause Young (Allocation Failure) 800M->511M(789M) 3.492ms
[179.701s][info][gc,cpu         ] GC(447) User=0.01s Sys=0.00s Real=0.00s
[180.129s][info][gc,start       ] GC(448) Pause Young (Allocation Failure)
[180.132s][info][gc,heap        ] GC(448) PSYoungGen: 284192K(284672K)->32K(273408K) Eden: 284160K(284160K)->0K(272896K) From: 32K(512K)->32K(512K)
[180.132s][info][gc,heap        ] GC(448) ParOldGen: 523722K(523776K)->523730K(523776K)
[180.132s][info][gc,metaspace   ] GC(448) Metaspace: 35081K(35776K)->35081K(35776K) NonClass: 28822K(29312K)->28822K(29312K) Class: 6259K(6464K)->6259K(6464K)
[180.132s][info][gc             ] GC(448) Pause Young (Allocation Failure) 788M->511M(778M) 3.495ms
[180.132s][info][gc,cpu         ] GC(448) User=0.01s Sys=0.00s Real=0.00s
[180.526s][info][gc,start       ] GC(449) Pause Young (Allocation Failure)
[180.570s][info][gc,heap        ] GC(449) PSYoungGen: 272928K(273408K)->7168K(290304K) Eden: 272896K(272896K)->0K(283136K) From: 32K(512K)->7168K(7168K)
[180.570s][info][gc,heap        ] GC(449) ParOldGen: 523730K(523776K)->533282K(533504K)
[180.570s][info][gc,metaspace   ] GC(449) Metaspace: 35081K(35776K)->35081K(35776K) NonClass: 28822K(29312K)->28822K(29312K) Class: 6259K(6464K)->6259K(6464K)
[180.570s][info][gc             ] GC(449) Pause Young (Allocation Failure) 777M->527M(804M) 44.404ms
[180.570s][info][gc,cpu         ] GC(449) User=0.08s Sys=0.01s Real=0.04s
[180.864s][info][gc,start       ] GC(450) Pause Young (Allocation Failure)
[180.950s][info][gc,heap        ] GC(450) PSYoungGen: 290304K(290304K)->12288K(303104K) Eden: 283136K(283136K)->0K(290816K) From: 7168K(7168K)->12288K(12288K)
[180.950s][info][gc,heap        ] GC(450) ParOldGen: 533282K(533504K)->551218K(551424K)
[180.950s][info][gc,metaspace   ] GC(450) Metaspace: 35081K(35776K)->35081K(35776K) NonClass: 28822K(29312K)->28822K(29312K) Class: 6259K(6464K)->6259K(6464K)
[180.950s][info][gc             ] GC(450) Pause Young (Allocation Failure) 804M->550M(834M) 86.302ms
[180.950s][info][gc,cpu         ] GC(450) User=0.15s Sys=0.02s Real=0.09s
[181.188s][info][gc,start       ] GC(451) Pause Young (Allocation Failure)
[181.238s][info][gc,heap        ] GC(451) PSYoungGen: 303104K(303104K)->21504K(312320K) Eden: 290816K(290816K)->0K(290816K) From: 12288K(12288K)->21504K(21504K)
[181.238s][info][gc,heap        ] GC(451) ParOldGen: 551218K(551424K)->552730K(552960K)
[181.238s][info][gc,metaspace   ] GC(451) Metaspace: 35081K(35776K)->35081K(35776K) NonClass: 28822K(29312K)->28822K(29312K) Class: 6259K(6464K)->6259K(6464K)
[181.238s][info][gc             ] GC(451) Pause Young (Allocation Failure) 834M->560M(845M) 50.160ms
[181.238s][info][gc,cpu         ] GC(451) User=0.09s Sys=0.02s Real=0.05s
[181.436s][info][gc,start       ] GC(452) Pause Young (Allocation Failure)
[181.438s][info][gc,heap        ] GC(452) PSYoungGen: 312320K(312320K)->64K(303104K) Eden: 290816K(290816K)->0K(281600K) From: 21504K(21504K)->64K(21504K)
[181.438s][info][gc,heap        ] GC(452) ParOldGen: 552730K(552960K)->552770K(552960K)
[181.438s][info][gc,metaspace   ] GC(452) Metaspace: 35081K(35776K)->35081K(35776K) NonClass: 28822K(29312K)->28822K(29312K) Class: 6259K(6464K)->6259K(6464K)
[181.438s][info][gc             ] GC(452) Pause Young (Allocation Failure) 844M->539M(836M) 2.173ms
[181.438s][info][gc,cpu         ] GC(452) User=0.00s Sys=0.00s Real=0.00s
[182.165s][info][gc,start       ] GC(453) Pause Young (Allocation Failure)
[182.167s][info][gc,heap        ] GC(453) PSYoungGen: 281664K(303104K)->64K(307712K) Eden: 281600K(281600K)->0K(281600K) From: 64K(21504K)->64K(26112K)
[182.167s][info][gc,heap        ] GC(453) ParOldGen: 552770K(552960K)->552786K(552960K)
[182.167s][info][gc,metaspace   ] GC(453) Metaspace: 35081K(35776K)->35081K(35776K) NonClass: 28822K(29312K)->28822K(29312K) Class: 6259K(6464K)->6259K(6464K)
[182.167s][info][gc             ] GC(453) Pause Young (Allocation Failure) 814M->539M(840M) 1.998ms
[182.167s][info][gc,cpu         ] GC(453) User=0.01s Sys=0.00s Real=0.01s
[182.503s][info][gc,start       ] GC(454) Pause Young (Allocation Failure)
[182.506s][info][gc,heap        ] GC(454) PSYoungGen: 281664K(307712K)->160K(304640K) Eden: 281600K(281600K)->0K(282624K) From: 64K(26112K)->160K(22016K)
[182.506s][info][gc,heap        ] GC(454) ParOldGen: 552786K(552960K)->552786K(552960K)
[182.506s][info][gc,metaspace   ] GC(454) Metaspace: 35206K(35840K)->35206K(35840K) NonClass: 28942K(29376K)->28942K(29376K) Class: 6263K(6464K)->6263K(6464K)
[182.506s][info][gc             ] GC(454) Pause Young (Allocation Failure) 814M->539M(837M) 2.720ms
[182.506s][info][gc,cpu         ] GC(454) User=0.01s Sys=0.00s Real=0.01s
[182.991s][info][gc,start       ] GC(455) Pause Young (Allocation Failure)
[182.993s][info][gc,heap        ] GC(455) PSYoungGen: 282784K(304640K)->64K(306688K) Eden: 282624K(282624K)->0K(282624K) From: 160K(22016K)->64K(24064K)
[182.993s][info][gc,heap        ] GC(455) ParOldGen: 552786K(552960K)->552900K(552960K)
[182.993s][info][gc,metaspace   ] GC(455) Metaspace: 35206K(35840K)->35206K(35840K) NonClass: 28942K(29376K)->28942K(29376K) Class: 6263K(6464K)->6263K(6464K)
[182.993s][info][gc             ] GC(455) Pause Young (Allocation Failure) 815M->540M(839M) 2.200ms
[182.993s][info][gc,cpu         ] GC(455) User=0.01s Sys=0.00s Real=0.00s
[183.208s][info][gc,start       ] GC(456) Pause Young (Allocation Failure)
[183.210s][info][gc,heap        ] GC(456) PSYoungGen: 282688K(306688K)->64K(306688K) Eden: 282624K(282624K)->0K(286720K) From: 64K(24064K)->64K(19968K)
[183.210s][info][gc,heap        ] GC(456) ParOldGen: 552900K(552960K)->552916K(552960K)
[183.210s][info][gc,metaspace   ] GC(456) Metaspace: 35206K(35840K)->35206K(35840K) NonClass: 28942K(29376K)->28942K(29376K) Class: 6263K(6464K)->6263K(6464K)
[183.210s][info][gc             ] GC(456) Pause Young (Allocation Failure) 816M->540M(839M) 1.949ms
[183.210s][info][gc,cpu         ] GC(456) User=0.00s Sys=0.00s Real=0.00s
[183.428s][info][gc,start       ] GC(457) Pause Young (Allocation Failure)
[183.430s][info][gc,heap        ] GC(457) PSYoungGen: 286784K(306688K)->32K(308736K) Eden: 286720K(286720K)->0K(286720K) From: 64K(19968K)->32K(22016K)
[183.430s][info][gc,heap        ] GC(457) ParOldGen: 552916K(552960K)->552916K(552960K)
[183.430s][info][gc,metaspace   ] GC(457) Metaspace: 35206K(35840K)->35206K(35840K) NonClass: 28942K(29376K)->28942K(29376K) Class: 6263K(6464K)->6263K(6464K)
[183.430s][info][gc             ] GC(457) Pause Young (Allocation Failure) 820M->539M(841M) 1.938ms
[183.430s][info][gc,cpu         ] GC(457) User=0.00s Sys=0.01s Real=0.00s
[183.752s][info][gc,start       ] GC(458) Pause Young (Allocation Failure)
[183.754s][info][gc,heap        ] GC(458) PSYoungGen: 286752K(308736K)->64K(308736K) Eden: 286720K(286720K)->0K(290816K) From: 32K(22016K)->64K(17920K)
[183.754s][info][gc,heap        ] GC(458) ParOldGen: 552916K(552960K)->552916K(552960K)
[183.754s][info][gc,metaspace   ] GC(458) Metaspace: 35206K(35840K)->35206K(35840K) NonClass: 28942K(29376K)->28942K(29376K) Class: 6263K(6464K)->6263K(6464K)
[183.754s][info][gc             ] GC(458) Pause Young (Allocation Failure) 819M->540M(841M) 1.919ms
[183.754s][info][gc,cpu         ] GC(458) User=0.00s Sys=0.00s Real=0.00s
[183.808s][info][gc,start       ] GC(459) Pause Young (Allocation Failure)
[183.810s][info][gc,heap        ] GC(459) PSYoungGen: 290880K(308736K)->64K(310784K) Eden: 290816K(290816K)->0K(290816K) From: 64K(17920K)->64K(19968K)
[183.810s][info][gc,heap        ] GC(459) ParOldGen: 552916K(552960K)->552932K(552960K)
[183.810s][info][gc,metaspace   ] GC(459) Metaspace: 35206K(35840K)->35206K(35840K) NonClass: 28942K(29376K)->28942K(29376K) Class: 6263K(6464K)->6263K(6464K)
[183.810s][info][gc             ] GC(459) Pause Young (Allocation Failure) 824M->540M(843M) 1.918ms
[183.810s][info][gc,cpu         ] GC(459) User=0.00s Sys=0.00s Real=0.00s
[183.864s][info][gc,start       ] GC(460) Pause Young (Allocation Failure)
[183.866s][info][gc,heap        ] GC(460) PSYoungGen: 290880K(310784K)->64K(310784K) Eden: 290816K(290816K)->0K(294912K) From: 64K(19968K)->64K(15872K)
[183.866s][info][gc,heap        ] GC(460) ParOldGen: 552932K(552960K)->552932K(552960K)
[183.866s][info][gc,metaspace   ] GC(460) Metaspace: 35206K(35840K)->35206K(35840K) NonClass: 28942K(29376K)->28942K(29376K) Class: 6263K(6464K)->6263K(6464K)
[183.866s][info][gc             ] GC(460) Pause Young (Allocation Failure) 824M->540M(843M) 1.906ms
[183.866s][info][gc,cpu         ] GC(460) User=0.00s Sys=0.00s Real=0.01s
[184.207s][info][gc,start       ] GC(461) Pause Young (Allocation Failure)
[184.209s][info][gc,heap        ] GC(461) PSYoungGen: 294976K(310784K)->64K(312832K) Eden: 294912K(294912K)->0K(294912K) From: 64K(15872K)->64K(17920K)
[184.209s][info][gc,heap        ] GC(461) ParOldGen: 552932K(552960K)->552932K(552960K)
[184.209s][info][gc,metaspace   ] GC(461) Metaspace: 35206K(35840K)->35206K(35840K) NonClass: 28942K(29376K)->28942K(29376K) Class: 6263K(6464K)->6263K(6464K)
[184.209s][info][gc             ] GC(461) Pause Young (Allocation Failure) 828M->540M(845M) 1.935ms
[184.209s][info][gc,cpu         ] GC(461) User=0.01s Sys=0.00s Real=0.00s
[184.486s][info][gc,start       ] GC(462) Pause Young (Allocation Failure)
[184.488s][info][gc,heap        ] GC(462) PSYoungGen: 294976K(312832K)->64K(312832K) Eden: 294912K(294912K)->0K(299008K) From: 64K(17920K)->64K(13824K)
[184.488s][info][gc,heap        ] GC(462) ParOldGen: 552932K(552960K)->552940K(552960K)
[184.488s][info][gc,metaspace   ] GC(462) Metaspace: 35206K(35840K)->35206K(35840K) NonClass: 28942K(29376K)->28942K(29376K) Class: 6263K(6464K)->6263K(6464K)
[184.488s][info][gc             ] GC(462) Pause Young (Allocation Failure) 828M->540M(845M) 1.949ms
[184.488s][info][gc,cpu         ] GC(462) User=0.00s Sys=0.00s Real=0.00s
[184.589s][info][gc,start       ] GC(463) Pause Young (Allocation Failure)
[184.592s][info][gc,heap        ] GC(463) PSYoungGen: 299072K(312832K)->64K(314880K) Eden: 299008K(299008K)->0K(299008K) From: 64K(13824K)->64K(15872K)
[184.592s][info][gc,heap        ] GC(463) ParOldGen: 552940K(552960K)->552948K(552960K)
[184.592s][info][gc,metaspace   ] GC(463) Metaspace: 35206K(35840K)->35206K(35840K) NonClass: 28942K(29376K)->28942K(29376K) Class: 6263K(6464K)->6263K(6464K)
[184.592s][info][gc             ] GC(463) Pause Young (Allocation Failure) 832M->540M(847M) 2.827ms
[184.592s][info][gc,cpu         ] GC(463) User=0.00s Sys=0.00s Real=0.00s
[184.715s][info][gc,start       ] GC(464) Pause Young (Allocation Failure)
[184.717s][info][gc,heap        ] GC(464) PSYoungGen: 299072K(314880K)->64K(314880K) Eden: 299008K(299008K)->0K(303104K) From: 64K(15872K)->64K(11776K)
[184.717s][info][gc,heap        ] GC(464) ParOldGen: 552948K(552960K)->552956K(552960K)
[184.717s][info][gc,metaspace   ] GC(464) Metaspace: 35206K(35840K)->35206K(35840K) NonClass: 28942K(29376K)->28942K(29376K) Class: 6263K(6464K)->6263K(6464K)
[184.717s][info][gc             ] GC(464) Pause Young (Allocation Failure) 832M->540M(847M) 2.458ms
[184.717s][info][gc,cpu         ] GC(464) User=0.01s Sys=0.00s Real=0.01s
[184.986s][info][gc,start       ] GC(465) Pause Young (Allocation Failure)
[184.988s][info][gc,heap        ] GC(465) PSYoungGen: 303168K(314880K)->64K(316928K) Eden: 303104K(303104K)->0K(303104K) From: 64K(11776K)->64K(13824K)
[184.988s][info][gc,heap        ] GC(465) ParOldGen: 552956K(552960K)->552972K(553472K)
[184.988s][info][gc,metaspace   ] GC(465) Metaspace: 35206K(35840K)->35206K(35840K) NonClass: 28942K(29376K)->28942K(29376K) Class: 6263K(6464K)->6263K(6464K)
[184.988s][info][gc             ] GC(465) Pause Young (Allocation Failure) 836M->540M(850M) 2.047ms
[184.988s][info][gc,cpu         ] GC(465) User=0.01s Sys=0.00s Real=0.00s
[185.839s][info][gc,start       ] GC(466) Pause Young (Allocation Failure)
[185.841s][info][gc,heap        ] GC(466) PSYoungGen: 303163K(316928K)->83K(317952K) Eden: 303099K(303104K)->0K(307200K) From: 64K(13824K)->83K(10752K)
[185.841s][info][gc,heap        ] GC(466) ParOldGen: 552972K(553472K)->552980K(553472K)
[185.841s][info][gc,metaspace   ] GC(466) Metaspace: 35206K(35840K)->35206K(35840K) NonClass: 28942K(29376K)->28942K(29376K) Class: 6263K(6464K)->6263K(6464K)
[185.841s][info][gc             ] GC(466) Pause Young (Allocation Failure) 836M->540M(851M) 1.950ms
[185.841s][info][gc,cpu         ] GC(466) User=0.00s Sys=0.00s Real=0.00s
[186.798s][info][gc,start       ] GC(467) Pause Young (Allocation Failure)
[186.800s][info][gc,heap        ] GC(467) PSYoungGen: 307283K(317952K)->64K(295424K) Eden: 307200K(307200K)->0K(294912K) From: 83K(10752K)->64K(512K)
[186.800s][info][gc,heap        ] GC(467) ParOldGen: 552980K(553472K)->552988K(553472K)
[186.800s][info][gc,metaspace   ] GC(467) Metaspace: 35206K(35840K)->35206K(35840K) NonClass: 28942K(29376K)->28942K(29376K) Class: 6263K(6464K)->6263K(6464K)
[186.800s][info][gc             ] GC(467) Pause Young (Allocation Failure) 840M->540M(829M) 2.544ms
[186.800s][info][gc,cpu         ] GC(467) User=0.00s Sys=0.00s Real=0.00s
[187.241s][info][gc,start       ] GC(468) Pause Young (Allocation Failure)
[187.244s][info][gc,heap        ] GC(468) PSYoungGen: 294976K(295424K)->64K(283648K) Eden: 294912K(294912K)->0K(283136K) From: 64K(512K)->64K(512K)
[187.244s][info][gc,heap        ] GC(468) ParOldGen: 552988K(553472K)->552996K(553472K)
[187.244s][info][gc,metaspace   ] GC(468) Metaspace: 35206K(35840K)->35206K(35840K) NonClass: 28942K(29376K)->28942K(29376K) Class: 6263K(6464K)->6263K(6464K)
[187.244s][info][gc             ] GC(468) Pause Young (Allocation Failure) 828M->540M(817M) 2.827ms
[187.244s][info][gc,cpu         ] GC(468) User=0.01s Sys=0.00s Real=0.00s
[188.272s][info][gc,start       ] GC(469) Pause Young (Allocation Failure)
[188.274s][info][gc,heap        ] GC(469) PSYoungGen: 283200K(283648K)->64K(282624K) Eden: 283136K(283136K)->0K(271872K) From: 64K(512K)->64K(10752K)
[188.274s][info][gc,heap        ] GC(469) ParOldGen: 552996K(553472K)->553004K(553472K)
[188.274s][info][gc,metaspace   ] GC(469) Metaspace: 35206K(35840K)->35206K(35840K) NonClass: 28942K(29376K)->28942K(29376K) Class: 6263K(6464K)->6263K(6464K)
[188.274s][info][gc             ] GC(469) Pause Young (Allocation Failure) 816M->540M(816M) 1.920ms
[188.274s][info][gc,cpu         ] GC(469) User=0.00s Sys=0.00s Real=0.00s
[188.506s][info][gc,start       ] GC(470) Pause Young (Allocation Failure)
[188.509s][info][gc,heap        ] GC(470) PSYoungGen: 271936K(282624K)->64K(261632K) Eden: 271872K(271872K)->0K(261120K) From: 64K(10752K)->64K(512K)
[188.509s][info][gc,heap        ] GC(470) ParOldGen: 553004K(553472K)->553012K(553472K)
[188.509s][info][gc,metaspace   ] GC(470) Metaspace: 35206K(35840K)->35206K(35840K) NonClass: 28942K(29376K)->28942K(29376K) Class: 6263K(6464K)->6263K(6464K)
[188.509s][info][gc             ] GC(470) Pause Young (Allocation Failure) 805M->540M(796M) 2.554ms
[188.509s][info][gc,cpu         ] GC(470) User=0.01s Sys=0.00s Real=0.00s
[188.890s][info][gc,start       ] GC(471) Pause Young (Allocation Failure)
[188.892s][info][gc,heap        ] GC(471) PSYoungGen: 261184K(261632K)->64K(260096K) Eden: 261120K(261120K)->0K(250880K) From: 64K(512K)->64K(9216K)
[188.892s][info][gc,heap        ] GC(471) ParOldGen: 553012K(553472K)->553020K(553472K)
[188.892s][info][gc,metaspace   ] GC(471) Metaspace: 35206K(35840K)->35206K(35840K) NonClass: 28942K(29376K)->28942K(29376K) Class: 6263K(6464K)->6263K(6464K)
[188.892s][info][gc             ] GC(471) Pause Young (Allocation Failure) 795M->540M(794M) 1.915ms
[188.892s][info][gc,cpu         ] GC(471) User=0.00s Sys=0.00s Real=0.00s
[188.965s][info][gc,start       ] GC(472) Pause Young (Allocation Failure)
[188.967s][info][gc,heap        ] GC(472) PSYoungGen: 250944K(260096K)->64K(293888K) Eden: 250880K(250880K)->0K(285184K) From: 64K(9216K)->64K(8704K)
[188.967s][info][gc,heap        ] GC(472) ParOldGen: 553020K(553472K)->553028K(553472K)
[188.967s][info][gc,metaspace   ] GC(472) Metaspace: 35206K(35840K)->35206K(35840K) NonClass: 28942K(29376K)->28942K(29376K) Class: 6263K(6464K)->6263K(6464K)
[188.967s][info][gc             ] GC(472) Pause Young (Allocation Failure) 785M->540M(827M) 1.979ms
[188.967s][info][gc,cpu         ] GC(472) User=0.01s Sys=0.00s Real=0.00s
[189.610s][info][gc,start       ] GC(473) Pause Young (Allocation Failure)
[189.612s][info][gc,heap        ] GC(473) PSYoungGen: 285248K(293888K)->64K(274432K) Eden: 285184K(285184K)->0K(273920K) From: 64K(8704K)->64K(512K)
[189.612s][info][gc,heap        ] GC(473) ParOldGen: 553028K(553472K)->553036K(553472K)
[189.612s][info][gc,metaspace   ] GC(473) Metaspace: 35206K(35840K)->35206K(35840K) NonClass: 28942K(29376K)->28942K(29376K) Class: 6263K(6464K)->6263K(6464K)
[189.612s][info][gc             ] GC(473) Pause Young (Allocation Failure) 818M->540M(808M) 2.618ms
[189.612s][info][gc,cpu         ] GC(473) User=0.00s Sys=0.00s Real=0.00s
[189.948s][info][gc,start       ] GC(474) Pause Young (Allocation Failure)
[189.951s][info][gc,heap        ] GC(474) PSYoungGen: 273984K(274432K)->64K(263680K) Eden: 273920K(273920K)->0K(263168K) From: 64K(512K)->64K(512K)
[189.951s][info][gc,heap        ] GC(474) ParOldGen: 553036K(553472K)->553044K(553472K)
[189.951s][info][gc,metaspace   ] GC(474) Metaspace: 35206K(35840K)->35206K(35840K) NonClass: 28942K(29376K)->28942K(29376K) Class: 6263K(6464K)->6263K(6464K)
[189.951s][info][gc             ] GC(474) Pause Young (Allocation Failure) 807M->540M(798M) 2.989ms
[189.951s][info][gc,cpu         ] GC(474) User=0.00s Sys=0.00s Real=0.00s
[190.340s][info][gc,start       ] GC(475) Pause Young (Allocation Failure)
[190.384s][info][gc,heap        ] GC(475) PSYoungGen: 263232K(263680K)->6656K(280064K) Eden: 263168K(263168K)->0K(273408K) From: 64K(512K)->6656K(6656K)
[190.384s][info][gc,heap        ] GC(475) ParOldGen: 553044K(553472K)->568180K(568320K)
[190.384s][info][gc,metaspace   ] GC(475) Metaspace: 35206K(35840K)->35206K(35840K) NonClass: 28942K(29376K)->28942K(29376K) Class: 6263K(6464K)->6263K(6464K)
[190.384s][info][gc             ] GC(475) Pause Young (Allocation Failure) 797M->561M(828M) 44.641ms
[190.384s][info][gc,cpu         ] GC(475) User=0.08s Sys=0.02s Real=0.04s
[190.667s][info][gc,start       ] GC(476) Pause Young (Allocation Failure)
[190.735s][info][gc,heap        ] GC(476) PSYoungGen: 280064K(280064K)->13824K(301568K) Eden: 273408K(273408K)->0K(287744K) From: 6656K(6656K)->13824K(13824K)
[190.735s][info][gc,heap        ] GC(476) ParOldGen: 568180K(568320K)->583756K(584192K)
[190.735s][info][gc,metaspace   ] GC(476) Metaspace: 35206K(35840K)->35206K(35840K) NonClass: 28943K(29376K)->28943K(29376K) Class: 6263K(6464K)->6263K(6464K)
[190.735s][info][gc             ] GC(476) Pause Young (Allocation Failure) 828M->583M(865M) 68.132ms
[190.735s][info][gc,cpu         ] GC(476) User=0.11s Sys=0.02s Real=0.07s
[190.944s][info][gc,start       ] GC(477) Pause Young (Allocation Failure)
[190.987s][info][gc,heap        ] GC(477) PSYoungGen: 301568K(301568K)->18336K(306176K) Eden: 287744K(287744K)->0K(287744K) From: 13824K(13824K)->18336K(18432K)
[190.987s][info][gc,heap        ] GC(477) ParOldGen: 583756K(584192K)->584332K(584704K)
[190.987s][info][gc,metaspace   ] GC(477) Metaspace: 35206K(35840K)->35206K(35840K) NonClass: 28943K(29376K)->28943K(29376K) Class: 6263K(6464K)->6263K(6464K)
[190.987s][info][gc             ] GC(477) Pause Young (Allocation Failure) 864M->588M(870M) 43.181ms
[190.987s][info][gc,cpu         ] GC(477) User=0.07s Sys=0.02s Real=0.05s
[191.255s][info][gc,start       ] GC(478) Pause Young (Allocation Failure)
[191.257s][info][gc,heap        ] GC(478) PSYoungGen: 306080K(306176K)->64K(308736K) Eden: 287744K(287744K)->0K(282624K) From: 18336K(18432K)->64K(26112K)
[191.257s][info][gc,heap        ] GC(478) ParOldGen: 584332K(584704K)->584340K(584704K)
[191.257s][info][gc,metaspace   ] GC(478) Metaspace: 35206K(35840K)->35206K(35840K) NonClass: 28943K(29376K)->28943K(29376K) Class: 6263K(6464K)->6263K(6464K)
[191.257s][info][gc             ] GC(478) Pause Young (Allocation Failure) 869M->570M(872M) 2.026ms
[191.257s][info][gc,cpu         ] GC(478) User=0.00s Sys=0.00s Real=0.00s
[191.945s][info][gc,start       ] GC(479) Pause Young (Allocation Failure)
[191.948s][info][gc,heap        ] GC(479) PSYoungGen: 282688K(308736K)->64K(283136K) Eden: 282624K(282624K)->0K(282624K) From: 64K(26112K)->64K(512K)
[191.948s][info][gc,heap        ] GC(479) ParOldGen: 584340K(584704K)->584348K(584704K)
[191.948s][info][gc,metaspace   ] GC(479) Metaspace: 35206K(35840K)->35206K(35840K) NonClass: 28943K(29376K)->28943K(29376K) Class: 6263K(6464K)->6263K(6464K)
[191.948s][info][gc             ] GC(479) Pause Young (Allocation Failure) 846M->570M(847M) 2.224ms
[191.948s][info][gc,cpu         ] GC(479) User=0.00s Sys=0.00s Real=0.00s
[192.219s][info][gc,start       ] GC(480) Pause Young (Allocation Failure)
[192.221s][info][gc,heap        ] GC(480) PSYoungGen: 282688K(283136K)->64K(307200K) Eden: 282624K(282624K)->0K(283136K) From: 64K(512K)->64K(24064K)
[192.221s][info][gc,heap        ] GC(480) ParOldGen: 584348K(584704K)->584364K(584704K)
[192.221s][info][gc,metaspace   ] GC(480) Metaspace: 35206K(35840K)->35206K(35840K) NonClass: 28943K(29376K)->28943K(29376K) Class: 6263K(6464K)->6263K(6464K)
[192.221s][info][gc             ] GC(480) Pause Young (Allocation Failure) 846M->570M(871M) 2.024ms
[192.221s][info][gc,cpu         ] GC(480) User=0.00s Sys=0.00s Real=0.00s
[192.641s][info][gc,start       ] GC(481) Pause Young (Allocation Failure)
[192.643s][info][gc,heap        ] GC(481) PSYoungGen: 283200K(307200K)->64K(306688K) Eden: 283136K(283136K)->0K(283136K) From: 64K(24064K)->64K(23552K)
[192.643s][info][gc,heap        ] GC(481) ParOldGen: 584364K(584704K)->584372K(584704K)
[192.643s][info][gc,metaspace   ] GC(481) Metaspace: 35206K(35840K)->35206K(35840K) NonClass: 28943K(29376K)->28943K(29376K) Class: 6263K(6464K)->6263K(6464K)
[192.643s][info][gc             ] GC(481) Pause Young (Allocation Failure) 847M->570M(870M) 2.041ms
[192.643s][info][gc,cpu         ] GC(481) User=0.00s Sys=0.00s Real=0.00s
[192.859s][info][gc,start       ] GC(482) Pause Young (Allocation Failure)
[192.861s][info][gc,heap        ] GC(482) PSYoungGen: 283200K(306688K)->64K(309248K) Eden: 283136K(283136K)->0K(287232K) From: 64K(23552K)->64K(22016K)
[192.861s][info][gc,heap        ] GC(482) ParOldGen: 584372K(584704K)->584388K(584704K)
[192.861s][info][gc,metaspace   ] GC(482) Metaspace: 35206K(35840K)->35206K(35840K) NonClass: 28943K(29376K)->28943K(29376K) Class: 6263K(6464K)->6263K(6464K)
[192.861s][info][gc             ] GC(482) Pause Young (Allocation Failure) 847M->570M(873M) 1.965ms
[192.861s][info][gc,cpu         ] GC(482) User=0.00s Sys=0.00s Real=0.00s
[193.080s][info][gc,start       ] GC(483) Pause Young (Allocation Failure)
[193.082s][info][gc,heap        ] GC(483) PSYoungGen: 287296K(309248K)->64K(308736K) Eden: 287232K(287232K)->0K(287232K) From: 64K(22016K)->64K(21504K)
[193.082s][info][gc,heap        ] GC(483) ParOldGen: 584388K(584704K)->584388K(584704K)
[193.082s][info][gc,metaspace   ] GC(483) Metaspace: 35206K(35840K)->35206K(35840K) NonClass: 28943K(29376K)->28943K(29376K) Class: 6263K(6464K)->6263K(6464K)
[193.082s][info][gc             ] GC(483) Pause Young (Allocation Failure) 851M->570M(872M) 1.958ms
[193.082s][info][gc,cpu         ] GC(483) User=0.00s Sys=0.00s Real=0.00s
[193.370s][info][gc,start       ] GC(484) Pause Young (Allocation Failure)
[193.372s][info][gc,heap        ] GC(484) PSYoungGen: 287296K(308736K)->64K(311296K) Eden: 287232K(287232K)->0K(291328K) From: 64K(21504K)->64K(19968K)
[193.372s][info][gc,heap        ] GC(484) ParOldGen: 584388K(584704K)->584388K(584704K)
[193.372s][info][gc,metaspace   ] GC(484) Metaspace: 35206K(35840K)->35206K(35840K) NonClass: 28943K(29376K)->28943K(29376K) Class: 6263K(6464K)->6263K(6464K)
[193.372s][info][gc             ] GC(484) Pause Young (Allocation Failure) 851M->570M(875M) 2.081ms
[193.372s][info][gc,cpu         ] GC(484) User=0.00s Sys=0.00s Real=0.00s
[193.426s][info][gc,start       ] GC(485) Pause Young (Allocation Failure)
[193.428s][info][gc,heap        ] GC(485) PSYoungGen: 291392K(311296K)->64K(310784K) Eden: 291328K(291328K)->0K(291328K) From: 64K(19968K)->64K(19456K)
[193.428s][info][gc,heap        ] GC(485) ParOldGen: 584388K(584704K)->584404K(584704K)
[193.428s][info][gc,metaspace   ] GC(485) Metaspace: 35206K(35840K)->35206K(35840K) NonClass: 28943K(29376K)->28943K(29376K) Class: 6263K(6464K)->6263K(6464K)
[193.428s][info][gc             ] GC(485) Pause Young (Allocation Failure) 855M->570M(874M) 1.985ms
[193.428s][info][gc,cpu         ] GC(485) User=0.00s Sys=0.00s Real=0.00s
[193.531s][info][gc,start       ] GC(486) Pause Young (Allocation Failure)
[193.533s][info][gc,heap        ] GC(486) PSYoungGen: 291392K(310784K)->64K(313344K) Eden: 291328K(291328K)->0K(295424K) From: 64K(19456K)->64K(17920K)
[193.533s][info][gc,heap        ] GC(486) ParOldGen: 584404K(584704K)->584404K(584704K)
[193.533s][info][gc,metaspace   ] GC(486) Metaspace: 35206K(35840K)->35206K(35840K) NonClass: 28943K(29376K)->28943K(29376K) Class: 6263K(6464K)->6263K(6464K)
[193.533s][info][gc             ] GC(486) Pause Young (Allocation Failure) 855M->570M(877M) 2.002ms
[193.533s][info][gc,cpu         ] GC(486) User=0.01s Sys=0.00s Real=0.00s
[193.884s][info][gc,start       ] GC(487) Pause Young (Allocation Failure)
[193.886s][info][gc,heap        ] GC(487) PSYoungGen: 295488K(313344K)->64K(312832K) Eden: 295424K(295424K)->0K(295424K) From: 64K(17920K)->64K(17408K)
[193.886s][info][gc,heap        ] GC(487) ParOldGen: 584404K(584704K)->584420K(584704K)
[193.886s][info][gc,metaspace   ] GC(487) Metaspace: 35206K(35840K)->35206K(35840K) NonClass: 28943K(29376K)->28943K(29376K) Class: 6263K(6464K)->6263K(6464K)
[193.886s][info][gc             ] GC(487) Pause Young (Allocation Failure) 859M->570M(876M) 1.971ms
[193.886s][info][gc,cpu         ] GC(487) User=0.00s Sys=0.00s Real=0.01s
[194.111s][info][gc,start       ] GC(488) Pause Young (Allocation Failure)
[194.113s][info][gc,heap        ] GC(488) PSYoungGen: 295488K(312832K)->64K(315392K) Eden: 295424K(295424K)->0K(299520K) From: 64K(17408K)->64K(15872K)
[194.113s][info][gc,heap        ] GC(488) ParOldGen: 584420K(584704K)->584420K(584704K)
[194.113s][info][gc,metaspace   ] GC(488) Metaspace: 35208K(35840K)->35208K(35840K) NonClass: 28945K(29376K)->28945K(29376K) Class: 6263K(6464K)->6263K(6464K)
[194.113s][info][gc             ] GC(488) Pause Young (Allocation Failure) 859M->570M(879M) 2.024ms
[194.113s][info][gc,cpu         ] GC(488) User=0.01s Sys=0.00s Real=0.00s
[194.194s][info][gc,start       ] GC(489) Pause Young (Allocation Failure)
[194.196s][info][gc,heap        ] GC(489) PSYoungGen: 299584K(315392K)->64K(314880K) Eden: 299520K(299520K)->0K(299520K) From: 64K(15872K)->64K(15360K)
[194.196s][info][gc,heap        ] GC(489) ParOldGen: 584420K(584704K)->584436K(584704K)
[194.196s][info][gc,metaspace   ] GC(489) Metaspace: 35208K(35840K)->35208K(35840K) NonClass: 28945K(29376K)->28945K(29376K) Class: 6263K(6464K)->6263K(6464K)
[194.196s][info][gc             ] GC(489) Pause Young (Allocation Failure) 863M->570M(878M) 1.959ms
[194.196s][info][gc,cpu         ] GC(489) User=0.00s Sys=0.00s Real=0.01s
[194.345s][info][gc,start       ] GC(490) Pause Young (Allocation Failure)
[194.347s][info][gc,heap        ] GC(490) PSYoungGen: 299584K(314880K)->64K(317440K) Eden: 299520K(299520K)->0K(303616K) From: 64K(15360K)->64K(13824K)
[194.347s][info][gc,heap        ] GC(490) ParOldGen: 584436K(584704K)->584436K(584704K)
[194.347s][info][gc,metaspace   ] GC(490) Metaspace: 35208K(35840K)->35208K(35840K) NonClass: 28945K(29376K)->28945K(29376K) Class: 6263K(6464K)->6263K(6464K)
[194.347s][info][gc             ] GC(490) Pause Young (Allocation Failure) 863M->570M(881M) 1.974ms
[194.347s][info][gc,cpu         ] GC(490) User=0.00s Sys=0.00s Real=0.01s
[194.739s][info][gc,start       ] GC(491) Pause Young (Allocation Failure)
[194.741s][info][gc,heap        ] GC(491) PSYoungGen: 303680K(317440K)->64K(316928K) Eden: 303616K(303616K)->0K(303616K) From: 64K(13824K)->64K(13312K)
[194.741s][info][gc,heap        ] GC(491) ParOldGen: 584436K(584704K)->584444K(584704K)
[194.741s][info][gc,metaspace   ] GC(491) Metaspace: 35208K(35840K)->35208K(35840K) NonClass: 28945K(29376K)->28945K(29376K) Class: 6263K(6464K)->6263K(6464K)
[194.741s][info][gc             ] GC(491) Pause Young (Allocation Failure) 867M->570M(880M) 2.009ms
[194.741s][info][gc,cpu         ] GC(491) User=0.01s Sys=0.00s Real=0.00s
[195.431s][info][gc,start       ] GC(492) Pause Young (Allocation Failure)
[195.433s][info][gc,heap        ] GC(492) PSYoungGen: 303680K(316928K)->64K(319488K) Eden: 303616K(303616K)->0K(307712K) From: 64K(13312K)->64K(11776K)
[195.433s][info][gc,heap        ] GC(492) ParOldGen: 584444K(584704K)->584452K(584704K)
[195.433s][info][gc,metaspace   ] GC(492) Metaspace: 35208K(35840K)->35208K(35840K) NonClass: 28945K(29376K)->28945K(29376K) Class: 6263K(6464K)->6263K(6464K)
[195.433s][info][gc             ] GC(492) Pause Young (Allocation Failure) 867M->570M(883M) 1.974ms
[195.433s][info][gc,cpu         ] GC(492) User=0.00s Sys=0.00s Real=0.00s
[196.432s][info][gc,start       ] GC(493) Pause Young (Allocation Failure)
[196.435s][info][gc,heap        ] GC(493) PSYoungGen: 307776K(319488K)->64K(295936K) Eden: 307712K(307712K)->0K(295424K) From: 64K(11776K)->64K(512K)
[196.435s][info][gc,heap        ] GC(493) ParOldGen: 584452K(584704K)->584460K(584704K)
[196.435s][info][gc,metaspace   ] GC(493) Metaspace: 35208K(35840K)->35208K(35840K) NonClass: 28945K(29376K)->28945K(29376K) Class: 6263K(6464K)->6263K(6464K)
[196.435s][info][gc             ] GC(493) Pause Young (Allocation Failure) 871M->570M(860M) 2.731ms
[196.435s][info][gc,cpu         ] GC(493) User=0.01s Sys=0.00s Real=0.00s
[196.891s][info][gc,start       ] GC(494) Pause Young (Allocation Failure)
[196.894s][info][gc,heap        ] GC(494) PSYoungGen: 295488K(295936K)->64K(284160K) Eden: 295424K(295424K)->0K(283648K) From: 64K(512K)->64K(512K)
[196.894s][info][gc,heap        ] GC(494) ParOldGen: 584460K(584704K)->584468K(584704K)
[196.894s][info][gc,metaspace   ] GC(494) Metaspace: 35208K(35840K)->35208K(35840K) NonClass: 28945K(29376K)->28945K(29376K) Class: 6263K(6464K)->6263K(6464K)
[196.894s][info][gc             ] GC(494) Pause Young (Allocation Failure) 859M->570M(848M) 2.870ms
[196.894s][info][gc,cpu         ] GC(494) User=0.00s Sys=0.00s Real=0.00s
[197.883s][info][gc,start       ] GC(495) Pause Young (Allocation Failure)
[197.885s][info][gc,heap        ] GC(495) PSYoungGen: 283712K(284160K)->64K(282624K) Eden: 283648K(283648K)->0K(272384K) From: 64K(512K)->64K(10240K)
[197.885s][info][gc,heap        ] GC(495) ParOldGen: 584468K(584704K)->584476K(584704K)
[197.885s][info][gc,metaspace   ] GC(495) Metaspace: 35208K(35840K)->35208K(35840K) NonClass: 28945K(29376K)->28945K(29376K) Class: 6263K(6464K)->6263K(6464K)
[197.885s][info][gc             ] GC(495) Pause Young (Allocation Failure) 847M->570M(847M) 2.326ms
[197.885s][info][gc,cpu         ] GC(495) User=0.00s Sys=0.00s Real=0.00s
[198.288s][info][gc,start       ] GC(496) Pause Young (Allocation Failure)
[198.291s][info][gc,heap        ] GC(496) PSYoungGen: 272448K(282624K)->64K(262144K) Eden: 272384K(272384K)->0K(261632K) From: 64K(10240K)->64K(512K)
[198.291s][info][gc,heap        ] GC(496) ParOldGen: 584476K(584704K)->584484K(584704K)
[198.291s][info][gc,metaspace   ] GC(496) Metaspace: 35208K(35840K)->35208K(35840K) NonClass: 28945K(29376K)->28945K(29376K) Class: 6263K(6464K)->6263K(6464K)
[198.291s][info][gc             ] GC(496) Pause Young (Allocation Failure) 836M->570M(827M) 2.604ms
[198.291s][info][gc,cpu         ] GC(496) User=0.01s Sys=0.00s Real=0.00s
[198.478s][info][gc,start       ] GC(497) Pause Young (Allocation Failure)
[198.480s][info][gc,heap        ] GC(497) PSYoungGen: 261696K(262144K)->64K(260096K) Eden: 261632K(261632K)->0K(251392K) From: 64K(512K)->64K(8704K)
[198.480s][info][gc,heap        ] GC(497) ParOldGen: 584484K(584704K)->584492K(584704K)
[198.480s][info][gc,metaspace   ] GC(497) Metaspace: 35208K(35840K)->35208K(35840K) NonClass: 28945K(29376K)->28945K(29376K) Class: 6263K(6464K)->6263K(6464K)
[198.480s][info][gc             ] GC(497) Pause Young (Allocation Failure) 826M->570M(825M) 2.057ms
[198.480s][info][gc,cpu         ] GC(497) User=0.01s Sys=0.00s Real=0.00s
[198.582s][info][gc,start       ] GC(498) Pause Young (Allocation Failure)
[198.586s][info][gc,heap        ] GC(498) PSYoungGen: 251456K(260096K)->64K(292864K) Eden: 251392K(251392K)->0K(284672K) From: 64K(8704K)->64K(8192K)
[198.586s][info][gc,heap        ] GC(498) ParOldGen: 584492K(584704K)->584500K(584704K)
[198.586s][info][gc,metaspace   ] GC(498) Metaspace: 35208K(35840K)->35208K(35840K) NonClass: 28945K(29376K)->28945K(29376K) Class: 6263K(6464K)->6263K(6464K)
[198.586s][info][gc             ] GC(498) Pause Young (Allocation Failure) 816M->570M(857M) 3.694ms
[198.586s][info][gc,cpu         ] GC(498) User=0.00s Sys=0.00s Real=0.01s
[199.250s][info][gc,start       ] GC(499) Pause Young (Allocation Failure)
[199.254s][info][gc,heap        ] GC(499) PSYoungGen: 284736K(292864K)->32K(292352K) Eden: 284672K(284672K)->0K(284672K) From: 64K(8192K)->32K(7680K)
[199.254s][info][gc,heap        ] GC(499) ParOldGen: 584500K(584704K)->584508K(584704K)
[199.254s][info][gc,metaspace   ] GC(499) Metaspace: 35208K(35840K)->35208K(35840K) NonClass: 28945K(29376K)->28945K(29376K) Class: 6263K(6464K)->6263K(6464K)
[199.254s][info][gc             ] GC(499) Pause Young (Allocation Failure) 848M->570M(856M) 4.686ms
[199.254s][info][gc,cpu         ] GC(499) User=0.01s Sys=0.00s Real=0.00s
[199.674s][info][gc,start       ] GC(500) Pause Young (Allocation Failure)
[199.683s][info][gc,heap        ] GC(500) PSYoungGen: 284704K(292352K)->2432K(325120K) Eden: 284672K(284672K)->0K(317952K) From: 32K(7680K)->2432K(7168K)
[199.683s][info][gc,heap        ] GC(500) ParOldGen: 584508K(584704K)->584524K(584704K)
[199.683s][info][gc,metaspace   ] GC(500) Metaspace: 35208K(35840K)->35208K(35840K) NonClass: 28945K(29376K)->28945K(29376K) Class: 6263K(6464K)->6263K(6464K)
[199.683s][info][gc             ] GC(500) Pause Young (Allocation Failure) 848M->573M(888M) 9.177ms
[199.683s][info][gc,cpu         ] GC(500) User=0.02s Sys=0.00s Real=0.01s
[200.026s][info][gc,start       ] GC(501) Pause Young (Allocation Failure)
[200.099s][info][gc,heap        ] GC(501) PSYoungGen: 320384K(325120K)->7168K(325120K) Eden: 317952K(317952K)->0K(317952K) From: 2432K(7168K)->7168K(7168K)
[200.099s][info][gc,heap        ] GC(501) ParOldGen: 584524K(584704K)->610908K(611328K)
[200.099s][info][gc,metaspace   ] GC(501) Metaspace: 35208K(35840K)->35208K(35840K) NonClass: 28945K(29376K)->28945K(29376K) Class: 6263K(6464K)->6263K(6464K)
[200.099s][info][gc             ] GC(501) Pause Young (Allocation Failure) 883M->603M(914M) 72.730ms
[200.099s][info][gc,cpu         ] GC(501) User=0.13s Sys=0.02s Real=0.07s
[200.420s][info][gc,start       ] GC(502) Pause Young (Allocation Failure)
[200.498s][info][gc,heap        ] GC(502) PSYoungGen: 325120K(325120K)->8704K(286208K) Eden: 317952K(317952K)->0K(277504K) From: 7168K(7168K)->8704K(8704K)
[200.498s][info][gc,heap        ] GC(502) ParOldGen: 610908K(611328K)->636228K(636416K)
[200.498s][info][gc,metaspace   ] GC(502) Metaspace: 35208K(35840K)->35208K(35840K) NonClass: 28945K(29376K)->28945K(29376K) Class: 6263K(6464K)->6263K(6464K)
[200.498s][info][gc             ] GC(502) Pause Young (Allocation Failure) 914M->629M(901M) 78.152ms
[200.498s][info][gc,cpu         ] GC(502) User=0.12s Sys=0.03s Real=0.08s
[200.584s][info][gc,start       ] GC(503) Pause Young (Allocation Failure)
[200.594s][info][gc,heap        ] GC(503) PSYoungGen: 286208K(286208K)->32K(305664K) Eden: 277504K(277504K)->0K(277504K) From: 8704K(8704K)->32K(28160K)
[200.594s][info][gc,heap        ] GC(503) ParOldGen: 636228K(636416K)->637156K(637440K)
[200.594s][info][gc,metaspace   ] GC(503) Metaspace: 35208K(35840K)->35208K(35840K) NonClass: 28945K(29376K)->28945K(29376K) Class: 6263K(6464K)->6263K(6464K)
[200.594s][info][gc             ] GC(503) Pause Young (Allocation Failure) 900M->622M(921M) 9.285ms
[200.594s][info][gc,cpu         ] GC(503) User=0.01s Sys=0.00s Real=0.01s
[201.209s][info][gc,start       ] GC(504) Pause Young (Allocation Failure)
[201.212s][info][gc,heap        ] GC(504) PSYoungGen: 277536K(305664K)->64K(303104K) Eden: 277504K(277504K)->0K(278016K) From: 32K(28160K)->64K(25088K)
[201.212s][info][gc,heap        ] GC(504) ParOldGen: 637156K(637440K)->637164K(637440K)
[201.212s][info][gc,metaspace   ] GC(504) Metaspace: 35208K(35840K)->35208K(35840K) NonClass: 28945K(29376K)->28945K(29376K) Class: 6263K(6464K)->6263K(6464K)
[201.212s][info][gc             ] GC(504) Pause Young (Allocation Failure) 893M->622M(918M) 2.297ms
[201.212s][info][gc,cpu         ] GC(504) User=0.00s Sys=0.00s Real=0.00s
[201.653s][info][gc,start       ] GC(505) Pause Young (Allocation Failure)
[201.655s][info][gc,heap        ] GC(505) PSYoungGen: 278080K(303104K)->64K(304640K) Eden: 278016K(278016K)->0K(278016K) From: 64K(25088K)->64K(26624K)
[201.655s][info][gc,heap        ] GC(505) ParOldGen: 637164K(637440K)->637172K(637440K)
[201.655s][info][gc,metaspace   ] GC(505) Metaspace: 35208K(35840K)->35208K(35840K) NonClass: 28945K(29376K)->28945K(29376K) Class: 6263K(6464K)->6263K(6464K)
[201.655s][info][gc             ] GC(505) Pause Young (Allocation Failure) 893M->622M(920M) 2.121ms
[201.655s][info][gc,cpu         ] GC(505) User=0.00s Sys=0.00s Real=0.00s
[202.094s][info][gc,start       ] GC(506) Pause Young (Allocation Failure)
[202.096s][info][gc,heap        ] GC(506) PSYoungGen: 278080K(304640K)->64K(303616K) Eden: 278016K(278016K)->0K(281600K) From: 64K(26624K)->64K(22016K)
[202.096s][info][gc,heap        ] GC(506) ParOldGen: 637172K(637440K)->637188K(637440K)
[202.096s][info][gc,metaspace   ] GC(506) Metaspace: 35208K(35840K)->35208K(35840K) NonClass: 28945K(29376K)->28945K(29376K) Class: 6263K(6464K)->6263K(6464K)
[202.096s][info][gc             ] GC(506) Pause Young (Allocation Failure) 893M->622M(919M) 2.436ms
[202.096s][info][gc,cpu         ] GC(506) User=0.00s Sys=0.00s Real=0.01s
[202.311s][info][gc,start       ] GC(507) Pause Young (Allocation Failure)
[202.313s][info][gc,heap        ] GC(507) PSYoungGen: 281664K(303616K)->64K(305664K) Eden: 281600K(281600K)->0K(281600K) From: 64K(22016K)->64K(24064K)
[202.313s][info][gc,heap        ] GC(507) ParOldGen: 637188K(637440K)->637204K(637440K)
[202.313s][info][gc,metaspace   ] GC(507) Metaspace: 35208K(35840K)->35208K(35840K) NonClass: 28945K(29376K)->28945K(29376K) Class: 6263K(6464K)->6263K(6464K)
[202.313s][info][gc             ] GC(507) Pause Young (Allocation Failure) 897M->622M(921M) 2.113ms
[202.313s][info][gc,cpu         ] GC(507) User=0.00s Sys=0.00s Real=0.00s
[202.528s][info][gc,start       ] GC(508) Pause Young (Allocation Failure)
[202.530s][info][gc,heap        ] GC(508) PSYoungGen: 281664K(305664K)->64K(306688K) Eden: 281600K(281600K)->0K(286720K) From: 64K(24064K)->64K(19968K)
[202.530s][info][gc,heap        ] GC(508) ParOldGen: 637204K(637440K)->637204K(637440K)
[202.530s][info][gc,metaspace   ] GC(508) Metaspace: 35208K(35840K)->35208K(35840K) NonClass: 28945K(29376K)->28945K(29376K) Class: 6263K(6464K)->6263K(6464K)
[202.530s][info][gc             ] GC(508) Pause Young (Allocation Failure) 897M->622M(922M) 2.117ms
[202.530s][info][gc,cpu         ] GC(508) User=0.01s Sys=0.00s Real=0.00s
[202.903s][info][gc,start       ] GC(509) Pause Young (Allocation Failure)
[202.905s][info][gc,heap        ] GC(509) PSYoungGen: 286784K(306688K)->64K(308736K) Eden: 286720K(286720K)->0K(286720K) From: 64K(19968K)->64K(22016K)
[202.905s][info][gc,heap        ] GC(509) ParOldGen: 637204K(637440K)->637204K(637440K)
[202.905s][info][gc,metaspace   ] GC(509) Metaspace: 35208K(35840K)->35208K(35840K) NonClass: 28945K(29376K)->28945K(29376K) Class: 6263K(6464K)->6263K(6464K)
[202.905s][info][gc             ] GC(509) Pause Young (Allocation Failure) 902M->622M(924M) 2.307ms
[202.905s][info][gc,cpu         ] GC(509) User=0.00s Sys=0.00s Real=0.01s
[202.968s][info][gc,start       ] GC(510) Pause Young (Allocation Failure)
[202.971s][info][gc,heap        ] GC(510) PSYoungGen: 286784K(308736K)->64K(307712K) Eden: 286720K(286720K)->0K(290816K) From: 64K(22016K)->64K(16896K)
[202.971s][info][gc,heap        ] GC(510) ParOldGen: 637204K(637440K)->637212K(637440K)
[202.971s][info][gc,metaspace   ] GC(510) Metaspace: 35208K(35840K)->35208K(35840K) NonClass: 28945K(29376K)->28945K(29376K) Class: 6263K(6464K)->6263K(6464K)
[202.971s][info][gc             ] GC(510) Pause Young (Allocation Failure) 902M->622M(923M) 2.253ms
[202.971s][info][gc,cpu         ] GC(510) User=0.00s Sys=0.00s Real=0.00s
[203.027s][info][gc,start       ] GC(511) Pause Young (Allocation Failure)
[203.029s][info][gc,heap        ] GC(511) PSYoungGen: 290880K(307712K)->64K(310272K) Eden: 290816K(290816K)->0K(290816K) From: 64K(16896K)->64K(19456K)
[203.029s][info][gc,heap        ] GC(511) ParOldGen: 637212K(637440K)->637228K(637440K)
[203.029s][info][gc,metaspace   ] GC(511) Metaspace: 35208K(35840K)->35208K(35840K) NonClass: 28945K(29376K)->28945K(29376K) Class: 6263K(6464K)->6263K(6464K)
[203.029s][info][gc             ] GC(511) Pause Young (Allocation Failure) 906M->622M(925M) 2.172ms
[203.029s][info][gc,cpu         ] GC(511) User=0.00s Sys=0.00s Real=0.00s
[203.288s][info][gc,start       ] GC(512) Pause Young (Allocation Failure)
[203.290s][info][gc,heap        ] GC(512) PSYoungGen: 290880K(310272K)->64K(311296K) Eden: 290816K(290816K)->0K(295936K) From: 64K(19456K)->64K(15360K)
[203.290s][info][gc,heap        ] GC(512) ParOldGen: 637228K(637440K)->637228K(637440K)
[203.290s][info][gc,metaspace   ] GC(512) Metaspace: 35208K(35840K)->35208K(35840K) NonClass: 28945K(29376K)->28945K(29376K) Class: 6263K(6464K)->6263K(6464K)
[203.290s][info][gc             ] GC(512) Pause Young (Allocation Failure) 906M->622M(926M) 2.093ms
[203.290s][info][gc,cpu         ] GC(512) User=0.00s Sys=0.00s Real=0.00s
[203.617s][info][gc,start       ] GC(513) Pause Young (Allocation Failure)
[203.619s][info][gc,heap        ] GC(513) PSYoungGen: 296000K(311296K)->64K(313344K) Eden: 295936K(295936K)->0K(295936K) From: 64K(15360K)->64K(17408K)
[203.619s][info][gc,heap        ] GC(513) ParOldGen: 637228K(637440K)->637244K(637440K)
[203.619s][info][gc,metaspace   ] GC(513) Metaspace: 35208K(35840K)->35208K(35840K) NonClass: 28945K(29376K)->28945K(29376K) Class: 6263K(6464K)->6263K(6464K)
[203.619s][info][gc             ] GC(513) Pause Young (Allocation Failure) 911M->622M(928M) 2.411ms
[203.619s][info][gc,cpu         ] GC(513) User=0.00s Sys=0.00s Real=0.00s
[203.768s][info][gc,start       ] GC(514) Pause Young (Allocation Failure)
[203.770s][info][gc,heap        ] GC(514) PSYoungGen: 296000K(313344K)->64K(313344K) Eden: 295936K(295936K)->0K(300032K) From: 64K(17408K)->64K(13312K)
[203.770s][info][gc,heap        ] GC(514) ParOldGen: 637244K(637440K)->637252K(637440K)
[203.770s][info][gc,metaspace   ] GC(514) Metaspace: 35208K(35840K)->35208K(35840K) NonClass: 28945K(29376K)->28945K(29376K) Class: 6263K(6464K)->6263K(6464K)
[203.770s][info][gc             ] GC(514) Pause Young (Allocation Failure) 911M->622M(928M) 2.324ms
[203.770s][info][gc,cpu         ] GC(514) User=0.00s Sys=0.00s Real=0.00s
[203.863s][info][gc,start       ] GC(515) Pause Young (Allocation Failure)
[203.865s][info][gc,heap        ] GC(515) PSYoungGen: 300096K(313344K)->64K(315392K) Eden: 300032K(300032K)->0K(300032K) From: 64K(13312K)->64K(15360K)
[203.865s][info][gc,heap        ] GC(515) ParOldGen: 637252K(637440K)->637260K(637440K)
[203.865s][info][gc,metaspace   ] GC(515) Metaspace: 35208K(35840K)->35208K(35840K) NonClass: 28945K(29376K)->28945K(29376K) Class: 6263K(6464K)->6263K(6464K)
[203.865s][info][gc             ] GC(515) Pause Young (Allocation Failure) 915M->622M(930M) 2.147ms
[203.865s][info][gc,cpu         ] GC(515) User=0.01s Sys=0.00s Real=0.01s
[204.073s][info][gc,start       ] GC(516) Pause Young (Allocation Failure)
[204.075s][info][gc,heap        ] GC(516) PSYoungGen: 300096K(315392K)->64K(315392K) Eden: 300032K(300032K)->0K(304128K) From: 64K(15360K)->64K(11264K)
[204.075s][info][gc,heap        ] GC(516) ParOldGen: 637260K(637440K)->637268K(637440K)
[204.075s][info][gc,metaspace   ] GC(516) Metaspace: 35208K(35840K)->35208K(35840K) NonClass: 28945K(29376K)->28945K(29376K) Class: 6263K(6464K)->6263K(6464K)
[204.075s][info][gc             ] GC(516) Pause Young (Allocation Failure) 915M->622M(930M) 2.091ms
[204.075s][info][gc,cpu         ] GC(516) User=0.01s Sys=0.00s Real=0.01s
[205.071s][info][gc,start       ] GC(517) Pause Young (Allocation Failure)
[205.073s][info][gc,heap        ] GC(517) PSYoungGen: 304192K(315392K)->83K(317440K) Eden: 304128K(304128K)->0K(304128K) From: 64K(11264K)->83K(13312K)
[205.073s][info][gc,heap        ] GC(517) ParOldGen: 637268K(637440K)->637276K(637440K)
[205.073s][info][gc,metaspace   ] GC(517) Metaspace: 35208K(35840K)->35208K(35840K) NonClass: 28945K(29376K)->28945K(29376K) Class: 6263K(6464K)->6263K(6464K)
[205.073s][info][gc             ] GC(517) Pause Young (Allocation Failure) 919M->622M(932M) 2.094ms
[205.073s][info][gc,cpu         ] GC(517) User=0.00s Sys=0.00s Real=0.00s
[205.967s][info][gc,start       ] GC(518) Pause Young (Allocation Failure)
[205.970s][info][gc,heap        ] GC(518) PSYoungGen: 304211K(317440K)->64K(292352K) Eden: 304128K(304128K)->0K(291840K) From: 83K(13312K)->64K(512K)
[205.970s][info][gc,heap        ] GC(518) ParOldGen: 637276K(637440K)->637284K(637440K)
[205.970s][info][gc,metaspace   ] GC(518) Metaspace: 35208K(35840K)->35208K(35840K) NonClass: 28945K(29376K)->28945K(29376K) Class: 6263K(6464K)->6263K(6464K)
[205.970s][info][gc             ] GC(518) Pause Young (Allocation Failure) 919M->622M(908M) 2.709ms
[205.970s][info][gc,cpu         ] GC(518) User=0.01s Sys=0.00s Real=0.00s
[206.287s][info][gc,start       ] GC(519) Pause Young (Allocation Failure)
[206.289s][info][gc,heap        ] GC(519) PSYoungGen: 291904K(292352K)->64K(291840K) Eden: 291840K(291840K)->0K(280064K) From: 64K(512K)->64K(11776K)
[206.289s][info][gc,heap        ] GC(519) ParOldGen: 637284K(637440K)->637292K(637440K)
[206.289s][info][gc,metaspace   ] GC(519) Metaspace: 35208K(35840K)->35208K(35840K) NonClass: 28945K(29376K)->28945K(29376K) Class: 6263K(6464K)->6263K(6464K)
[206.289s][info][gc             ] GC(519) Pause Young (Allocation Failure) 907M->622M(907M) 2.042ms
[206.289s][info][gc,cpu         ] GC(519) User=0.01s Sys=0.00s Real=0.00s
[206.704s][info][gc,start       ] GC(520) Pause Young (Allocation Failure)
[206.707s][info][gc,heap        ] GC(520) PSYoungGen: 280128K(291840K)->64K(269312K) Eden: 280064K(280064K)->0K(268800K) From: 64K(11776K)->64K(512K)
[206.707s][info][gc,heap        ] GC(520) ParOldGen: 637292K(637440K)->637300K(637440K)
[206.707s][info][gc,metaspace   ] GC(520) Metaspace: 35208K(35840K)->35208K(35840K) NonClass: 28945K(29376K)->28945K(29376K) Class: 6263K(6464K)->6263K(6464K)
[206.707s][info][gc             ] GC(520) Pause Young (Allocation Failure) 895M->622M(885M) 2.766ms
[206.707s][info][gc,cpu         ] GC(520) User=0.00s Sys=0.00s Real=0.01s
[207.661s][info][gc,start       ] GC(521) Pause Young (Allocation Failure)
[207.663s][info][gc,heap        ] GC(521) PSYoungGen: 268864K(269312K)->64K(268288K) Eden: 268800K(268800K)->0K(258048K) From: 64K(512K)->64K(10240K)
[207.663s][info][gc,heap        ] GC(521) ParOldGen: 637300K(637440K)->637308K(637440K)
[207.663s][info][gc,metaspace   ] GC(521) Metaspace: 35208K(35840K)->35208K(35840K) NonClass: 28945K(29376K)->28945K(29376K) Class: 6263K(6464K)->6263K(6464K)
[207.663s][info][gc             ] GC(521) Pause Young (Allocation Failure) 884M->622M(884M) 2.204ms
[207.663s][info][gc,cpu         ] GC(521) User=0.01s Sys=0.00s Real=0.00s
[208.012s][info][gc,start       ] GC(522) Pause Young (Allocation Failure)
[208.015s][info][gc,heap        ] GC(522) PSYoungGen: 258112K(268288K)->64K(248320K) Eden: 258048K(258048K)->0K(247808K) From: 64K(10240K)->64K(512K)
[208.015s][info][gc,heap        ] GC(522) ParOldGen: 637308K(637440K)->637316K(637440K)
[208.015s][info][gc,metaspace   ] GC(522) Metaspace: 35208K(35840K)->35208K(35840K) NonClass: 28945K(29376K)->28945K(29376K) Class: 6263K(6464K)->6263K(6464K)
[208.015s][info][gc             ] GC(522) Pause Young (Allocation Failure) 874M->622M(865M) 3.003ms
[208.015s][info][gc,cpu         ] GC(522) User=0.00s Sys=0.00s Real=0.00s
[208.157s][info][gc,start       ] GC(523) Pause Young (Allocation Failure)
[208.159s][info][gc,heap        ] GC(523) PSYoungGen: 247872K(248320K)->64K(246784K) Eden: 247808K(247808K)->0K(238080K) From: 64K(512K)->64K(8704K)
[208.159s][info][gc,heap        ] GC(523) ParOldGen: 637316K(637440K)->637324K(637440K)
[208.159s][info][gc,metaspace   ] GC(523) Metaspace: 35208K(35840K)->35208K(35840K) NonClass: 28945K(29376K)->28945K(29376K) Class: 6263K(6464K)->6263K(6464K)
[208.159s][info][gc             ] GC(523) Pause Young (Allocation Failure) 864M->622M(863M) 2.017ms
[208.159s][info][gc,cpu         ] GC(523) User=0.00s Sys=0.00s Real=0.00s
[208.408s][info][gc,start       ] GC(524) Pause Young (Allocation Failure)
[208.411s][info][gc,heap        ] GC(524) PSYoungGen: 238144K(246784K)->64K(229376K) Eden: 238080K(238080K)->0K(228864K) From: 64K(8704K)->64K(512K)
[208.411s][info][gc,heap        ] GC(524) ParOldGen: 637324K(637440K)->637332K(637440K)
[208.411s][info][gc,metaspace   ] GC(524) Metaspace: 35208K(35840K)->35208K(35840K) NonClass: 28945K(29376K)->28945K(29376K) Class: 6263K(6464K)->6263K(6464K)
[208.411s][info][gc             ] GC(524) Pause Young (Allocation Failure) 854M->622M(846M) 2.583ms
[208.411s][info][gc,cpu         ] GC(524) User=0.01s Sys=0.00s Real=0.00s
[208.920s][info][gc,start       ] GC(525) Pause Young (Allocation Failure)
[208.923s][info][gc,heap        ] GC(525) PSYoungGen: 228928K(229376K)->64K(227840K) Eden: 228864K(228864K)->0K(220160K) From: 64K(512K)->64K(7680K)
[208.923s][info][gc,heap        ] GC(525) ParOldGen: 637332K(637440K)->637340K(637440K)
[208.923s][info][gc,metaspace   ] GC(525) Metaspace: 35208K(35840K)->35208K(35840K) NonClass: 28945K(29376K)->28945K(29376K) Class: 6263K(6464K)->6263K(6464K)
[208.923s][info][gc             ] GC(525) Pause Young (Allocation Failure) 845M->622M(845M) 2.600ms
[208.923s][info][gc,cpu         ] GC(525) User=0.01s Sys=0.00s Real=0.00s
[209.225s][info][gc,start       ] GC(526) Pause Young (Allocation Failure)
[209.228s][info][gc,heap        ] GC(526) PSYoungGen: 220224K(227840K)->64K(212480K) Eden: 220160K(220160K)->0K(211968K) From: 64K(7680K)->64K(512K)
[209.228s][info][gc,heap        ] GC(526) ParOldGen: 637340K(637440K)->637348K(637440K)
[209.228s][info][gc,metaspace   ] GC(526) Metaspace: 35208K(35840K)->35208K(35840K) NonClass: 28945K(29376K)->28945K(29376K) Class: 6263K(6464K)->6263K(6464K)
[209.228s][info][gc             ] GC(526) Pause Young (Allocation Failure) 837M->622M(830M) 3.307ms
[209.228s][info][gc,cpu         ] GC(526) User=0.00s Sys=0.00s Real=0.01s
[209.506s][info][gc,start       ] GC(527) Pause Young (Allocation Failure)
[209.553s][info][gc,heap        ] GC(527) PSYoungGen: 212032K(212480K)->6656K(261120K) Eden: 211968K(211968K)->0K(254464K) From: 64K(512K)->6656K(6656K)
[209.553s][info][gc,heap        ] GC(527) ParOldGen: 637348K(637440K)->649060K(649216K)
[209.553s][info][gc,metaspace   ] GC(527) Metaspace: 35208K(35840K)->35208K(35840K) NonClass: 28945K(29376K)->28945K(29376K) Class: 6263K(6464K)->6263K(6464K)
[209.553s][info][gc             ] GC(527) Pause Young (Allocation Failure) 829M->640M(889M) 46.676ms
[209.553s][info][gc,cpu         ] GC(527) User=0.07s Sys=0.01s Real=0.04s
[209.818s][info][gc,start       ] GC(528) Pause Young (Allocation Failure)
[209.879s][info][gc,promotion   ] GC(528) Promotion failed
[209.879s][info][gc,heap        ] GC(528) PSYoungGen: 261120K(261120K)->261120K(261120K) Eden: 254464K(254464K)->254464K(254464K) From: 6656K(6656K)->6656K(6656K)
[209.879s][info][gc,heap        ] GC(528) ParOldGen: 649060K(649216K)->667644K(667648K)
[209.879s][info][gc,metaspace   ] GC(528) Metaspace: 35208K(35840K)->35208K(35840K) NonClass: 28945K(29376K)->28945K(29376K) Class: 6263K(6464K)->6263K(6464K)
[209.879s][info][gc             ] GC(528) Pause Young (Allocation Failure) 888M->906M(907M) 60.504ms
[209.879s][info][gc,cpu         ] GC(528) User=0.11s Sys=0.01s Real=0.06s
[209.879s][info][gc,start       ] GC(529) Pause Full (Allocation Failure)
[209.879s][info][gc,phases,start] GC(529) Marking Phase
[209.957s][info][gc,phases      ] GC(529) Marking Phase 77.990ms
[209.957s][info][gc,phases,start] GC(529) Summary Phase
[209.957s][info][gc,phases      ] GC(529) Summary Phase 0.040ms
[209.957s][info][gc,phases,start] GC(529) Forward
[209.972s][info][gc,phases      ] GC(529) Forward 14.803ms
[209.972s][info][gc,phases,start] GC(529) Adjust Pointers
[210.009s][info][gc,phases      ] GC(529) Adjust Pointers 37.099ms
[210.009s][info][gc,phases,start] GC(529) Compaction Phase
[210.024s][info][gc,phases      ] GC(529) Compaction Phase 14.452ms
[210.024s][info][gc,phases,start] GC(529) Post Compact
[210.040s][info][metaspace      ] ChkMgr @0x00007f206403aa80 (non-class-space): : reclaiming memory...
[210.040s][info][metaspace      ] ChkMgr @0x00007f206403aa80 (non-class-space): nothing reclaimed.
[210.040s][info][metaspace      ] ChkMgr @0x00007f206403a890 (class-space): : reclaiming memory...
[210.040s][info][metaspace      ] ChkMgr @0x00007f206403a890 (class-space): nothing reclaimed.
[210.040s][info][gc,phases      ] GC(529) Post Compact 16.601ms
[210.081s][info][gc,heap        ] GC(529) PSYoungGen: 261120K(261120K)->0K(274944K) Eden: 254464K(254464K)->0K(268288K) From: 6656K(6656K)->0K(6656K)
[210.081s][info][gc,heap        ] GC(529) ParOldGen: 667644K(667648K)->84813K(175104K)
[210.081s][info][gc,metaspace   ] GC(529) Metaspace: 35208K(35840K)->35174K(35840K) NonClass: 28945K(29376K)->28914K(29376K) Class: 6263K(6464K)->6260K(6464K)
[210.081s][info][gc             ] GC(529) Pause Full (Allocation Failure) 906M->82M(439M) 201.953ms
[210.081s][info][gc,cpu         ] GC(529) User=0.23s Sys=0.06s Real=0.20s
[210.331s][info][gc,start       ] GC(530) Pause Young (Allocation Failure)
[210.369s][info][gc,heap        ] GC(530) PSYoungGen: 268288K(274944K)->12800K(281088K) Eden: 268288K(268288K)->0K(268288K) From: 0K(6656K)->12800K(12800K)
[210.369s][info][gc,heap        ] GC(530) ParOldGen: 84813K(175104K)->95773K(175104K)
[210.369s][info][gc,metaspace   ] GC(530) Metaspace: 35174K(35840K)->35174K(35840K) NonClass: 28914K(29376K)->28914K(29376K) Class: 6260K(6464K)->6260K(6464K)
[210.369s][info][gc             ] GC(530) Pause Young (Allocation Failure) 344M->106M(445M) 37.998ms
[210.369s][info][gc,cpu         ] GC(530) User=0.08s Sys=0.00s Real=0.04s
[210.463s][info][gc,start       ] GC(531) Pause Young (Allocation Failure)
[210.467s][info][gc,heap        ] GC(531) PSYoungGen: 281088K(281088K)->64K(314880K) Eden: 268288K(268288K)->0K(295424K) From: 12800K(12800K)->64K(19456K)
[210.467s][info][gc,heap        ] GC(531) ParOldGen: 95773K(175104K)->96189K(175104K)
[210.467s][info][gc,metaspace   ] GC(531) Metaspace: 35174K(35840K)->35174K(35840K) NonClass: 28914K(29376K)->28914K(29376K) Class: 6260K(6464K)->6260K(6464K)
[210.467s][info][gc             ] GC(531) Pause Young (Allocation Failure) 368M->93M(478M) 4.392ms
[210.467s][info][gc,cpu         ] GC(531) User=0.01s Sys=0.00s Real=0.01s
[211.193s][info][gc,start       ] GC(532) Pause Young (Allocation Failure)
[211.193s][info][gc,heap        ] GC(532) PSYoungGen: 295488K(314880K)->64K(295936K) Eden: 295424K(295424K)->0K(295424K) From: 64K(19456K)->64K(512K)
[211.193s][info][gc,heap        ] GC(532) ParOldGen: 96189K(175104K)->96197K(175104K)
[211.193s][info][gc,metaspace   ] GC(532) Metaspace: 35174K(35840K)->35174K(35840K) NonClass: 28914K(29376K)->28914K(29376K) Class: 6260K(6464K)->6260K(6464K)
[211.193s][info][gc             ] GC(532) Pause Young (Allocation Failure) 382M->94M(460M) 0.814ms
[211.193s][info][gc,cpu         ] GC(532) User=0.00s Sys=0.00s Real=0.00s
[211.559s][info][gc,start       ] GC(533) Pause Young (Allocation Failure)
[211.560s][info][gc,heap        ] GC(533) PSYoungGen: 295488K(295936K)->64K(313856K) Eden: 295424K(295424K)->0K(295936K) From: 64K(512K)->64K(17920K)
[211.560s][info][gc,heap        ] GC(533) ParOldGen: 96197K(175104K)->96205K(175104K)
[211.560s][info][gc,metaspace   ] GC(533) Metaspace: 35174K(35840K)->35174K(35840K) NonClass: 28914K(29376K)->28914K(29376K) Class: 6260K(6464K)->6260K(6464K)
[211.560s][info][gc             ] GC(533) Pause Young (Allocation Failure) 382M->94M(477M) 0.948ms
[211.560s][info][gc,cpu         ] GC(533) User=0.00s Sys=0.00s Real=0.00s
[212.024s][info][gc,start       ] GC(534) Pause Young (Allocation Failure)
[212.025s][info][gc,heap        ] GC(534) PSYoungGen: 296000K(313856K)->64K(313344K) Eden: 295936K(295936K)->0K(295936K) From: 64K(17920K)->64K(17408K)
[212.025s][info][gc,heap        ] GC(534) ParOldGen: 96205K(175104K)->96221K(175104K)
[212.025s][info][gc,metaspace   ] GC(534) Metaspace: 35174K(35840K)->35174K(35840K) NonClass: 28914K(29376K)->28914K(29376K) Class: 6260K(6464K)->6260K(6464K)
[212.025s][info][gc             ] GC(534) Pause Young (Allocation Failure) 383M->94M(477M) 0.879ms
[212.025s][info][gc,cpu         ] GC(534) User=0.01s Sys=0.00s Real=0.00s
[212.251s][info][gc,start       ] GC(535) Pause Young (Allocation Failure)
[212.252s][info][gc,heap        ] GC(535) PSYoungGen: 296000K(313344K)->64K(315392K) Eden: 295936K(295936K)->0K(299008K) From: 64K(17408K)->64K(16384K)
[212.252s][info][gc,heap        ] GC(535) ParOldGen: 96221K(175104K)->96237K(175104K)
[212.252s][info][gc,metaspace   ] GC(535) Metaspace: 35174K(35840K)->35174K(35840K) NonClass: 28914K(29376K)->28914K(29376K) Class: 6260K(6464K)->6260K(6464K)
[212.252s][info][gc             ] GC(535) Pause Young (Allocation Failure) 383M->94M(479M) 0.820ms
[212.252s][info][gc,cpu         ] GC(535) User=0.00s Sys=0.00s Real=0.00s
[212.482s][info][gc,start       ] GC(536) Pause Young (Allocation Failure)
[212.483s][info][gc,heap        ] GC(536) PSYoungGen: 299072K(315392K)->64K(314880K) Eden: 299008K(299008K)->0K(299008K) From: 64K(16384K)->64K(15872K)
[212.483s][info][gc,heap        ] GC(536) ParOldGen: 96237K(175104K)->96237K(175104K)
[212.483s][info][gc,metaspace   ] GC(536) Metaspace: 35174K(35840K)->35174K(35840K) NonClass: 28914K(29376K)->28914K(29376K) Class: 6260K(6464K)->6260K(6464K)
[212.483s][info][gc             ] GC(536) Pause Young (Allocation Failure) 386M->94M(478M) 0.802ms
[212.483s][info][gc,cpu         ] GC(536) User=0.00s Sys=0.00s Real=0.00s
[212.793s][info][gc,start       ] GC(537) Pause Young (Allocation Failure)
[212.794s][info][gc,heap        ] GC(537) PSYoungGen: 299072K(314880K)->64K(316928K) Eden: 299008K(299008K)->0K(302592K) From: 64K(15872K)->64K(14336K)
[212.794s][info][gc,heap        ] GC(537) ParOldGen: 96237K(175104K)->96237K(175104K)
[212.794s][info][gc,metaspace   ] GC(537) Metaspace: 35174K(35840K)->35174K(35840K) NonClass: 28914K(29376K)->28914K(29376K) Class: 6260K(6464K)->6260K(6464K)
[212.794s][info][gc             ] GC(537) Pause Young (Allocation Failure) 386M->94M(480M) 0.812ms
[212.794s][info][gc,cpu         ] GC(537) User=0.00s Sys=0.00s Real=0.00s
[212.853s][info][gc,start       ] GC(538) Pause Young (Allocation Failure)
[212.854s][info][gc,heap        ] GC(538) PSYoungGen: 302656K(316928K)->64K(316416K) Eden: 302592K(302592K)->0K(302592K) From: 64K(14336K)->64K(13824K)
[212.854s][info][gc,heap        ] GC(538) ParOldGen: 96237K(175104K)->96253K(175104K)
[212.854s][info][gc,metaspace   ] GC(538) Metaspace: 35174K(35840K)->35174K(35840K) NonClass: 28914K(29376K)->28914K(29376K) Class: 6260K(6464K)->6260K(6464K)
[212.854s][info][gc             ] GC(538) Pause Young (Allocation Failure) 389M->94M(480M) 0.789ms
[212.854s][info][gc,cpu         ] GC(538) User=0.01s Sys=0.00s Real=0.00s
[212.967s][info][gc,start       ] GC(539) Pause Young (Allocation Failure)
[212.968s][info][gc,heap        ] GC(539) PSYoungGen: 302656K(316416K)->64K(318976K) Eden: 302592K(302592K)->0K(306688K) From: 64K(13824K)->64K(12288K)
[212.968s][info][gc,heap        ] GC(539) ParOldGen: 96253K(175104K)->96253K(175104K)
[212.968s][info][gc,metaspace   ] GC(539) Metaspace: 35174K(35840K)->35174K(35840K) NonClass: 28914K(29376K)->28914K(29376K) Class: 6260K(6464K)->6260K(6464K)
[212.968s][info][gc             ] GC(539) Pause Young (Allocation Failure) 389M->94M(482M) 0.849ms
[212.968s][info][gc,cpu         ] GC(539) User=0.00s Sys=0.01s Real=0.00s
[213.336s][info][gc,start       ] GC(540) Pause Young (Allocation Failure)
[213.336s][info][gc,heap        ] GC(540) PSYoungGen: 306752K(318976K)->64K(294912K) Eden: 306688K(306688K)->0K(294400K) From: 64K(12288K)->64K(512K)
[213.336s][info][gc,heap        ] GC(540) ParOldGen: 96253K(175104K)->96269K(175104K)
[213.336s][info][gc,metaspace   ] GC(540) Metaspace: 35174K(35840K)->35174K(35840K) NonClass: 28914K(29376K)->28914K(29376K) Class: 6260K(6464K)->6260K(6464K)
[213.336s][info][gc             ] GC(540) Pause Young (Allocation Failure) 393M->94M(459M) 0.843ms
[213.336s][info][gc,cpu         ] GC(540) User=0.00s Sys=0.00s Real=0.00s
[213.544s][info][gc,start       ] GC(541) Pause Young (Allocation Failure)
[213.545s][info][gc,heap        ] GC(541) PSYoungGen: 294464K(294912K)->64K(283136K) Eden: 294400K(294400K)->0K(282624K) From: 64K(512K)->64K(512K)
[213.545s][info][gc,heap        ] GC(541) ParOldGen: 96269K(175104K)->96269K(175104K)
[213.545s][info][gc,metaspace   ] GC(541) Metaspace: 35174K(35840K)->35174K(35840K) NonClass: 28914K(29376K)->28914K(29376K) Class: 6260K(6464K)->6260K(6464K)
[213.545s][info][gc             ] GC(541) Pause Young (Allocation Failure) 381M->94M(447M) 1.123ms
[213.545s][info][gc,cpu         ] GC(541) User=0.00s Sys=0.00s Real=0.01s
[213.622s][info][gc,start       ] GC(542) Pause Young (Allocation Failure)
[213.623s][info][gc,heap        ] GC(542) PSYoungGen: 282688K(283136K)->64K(282112K) Eden: 282624K(282624K)->0K(271360K) From: 64K(512K)->64K(10752K)
[213.623s][info][gc,heap        ] GC(542) ParOldGen: 96269K(175104K)->96285K(175104K)
[213.623s][info][gc,metaspace   ] GC(542) Metaspace: 35174K(35840K)->35174K(35840K) NonClass: 28914K(29376K)->28914K(29376K) Class: 6260K(6464K)->6260K(6464K)
[213.623s][info][gc             ] GC(542) Pause Young (Allocation Failure) 370M->94M(446M) 0.798ms
[213.623s][info][gc,cpu         ] GC(542) User=0.00s Sys=0.00s Real=0.00s
[213.754s][info][gc,start       ] GC(543) Pause Young (Allocation Failure)
[213.755s][info][gc,heap        ] GC(543) PSYoungGen: 271424K(282112K)->64K(261120K) Eden: 271360K(271360K)->0K(260608K) From: 64K(10752K)->64K(512K)
[213.755s][info][gc,heap        ] GC(543) ParOldGen: 96285K(175104K)->96285K(175104K)
[213.755s][info][gc,metaspace   ] GC(543) Metaspace: 35174K(35840K)->35174K(35840K) NonClass: 28914K(29376K)->28914K(29376K) Class: 6260K(6464K)->6260K(6464K)
[213.755s][info][gc             ] GC(543) Pause Young (Allocation Failure) 359M->94M(426M) 1.741ms
[213.755s][info][gc,cpu         ] GC(543) User=0.00s Sys=0.00s Real=0.01s
[213.987s][info][gc,start       ] GC(544) Pause Young (Allocation Failure)
[213.988s][info][gc,heap        ] GC(544) PSYoungGen: 260672K(261120K)->64K(260096K) Eden: 260608K(260608K)->0K(250368K) From: 64K(512K)->64K(9728K)
[213.988s][info][gc,heap        ] GC(544) ParOldGen: 96285K(175104K)->96293K(175104K)
[213.988s][info][gc,metaspace   ] GC(544) Metaspace: 35174K(35840K)->35174K(35840K) NonClass: 28914K(29376K)->28914K(29376K) Class: 6260K(6464K)->6260K(6464K)
[213.988s][info][gc             ] GC(544) Pause Young (Allocation Failure) 348M->94M(425M) 0.730ms
[213.988s][info][gc,cpu         ] GC(544) User=0.01s Sys=0.00s Real=0.00s
[214.851s][info][gc,start       ] GC(545) Pause Young (Allocation Failure)
[214.853s][info][gc,heap        ] GC(545) PSYoungGen: 250432K(260096K)->83K(241152K) Eden: 250368K(250368K)->0K(240640K) From: 64K(9728K)->83K(512K)
[214.853s][info][gc,heap        ] GC(545) ParOldGen: 96293K(175104K)->96301K(175104K)
[214.853s][info][gc,metaspace   ] GC(545) Metaspace: 35174K(35840K)->35174K(35840K) NonClass: 28914K(29376K)->28914K(29376K) Class: 6260K(6464K)->6260K(6464K)
[214.853s][info][gc             ] GC(545) Pause Young (Allocation Failure) 338M->94M(406M) 1.585ms
[214.853s][info][gc,cpu         ] GC(545) User=0.01s Sys=0.00s Real=0.00s
[215.734s][info][gc,start       ] GC(546) Pause Young (Allocation Failure)
[215.734s][info][gc,heap        ] GC(546) PSYoungGen: 240723K(241152K)->64K(239616K) Eden: 240640K(240640K)->0K(231424K) From: 83K(512K)->64K(8192K)
[215.734s][info][gc,heap        ] GC(546) ParOldGen: 96301K(175104K)->96309K(175104K)
[215.734s][info][gc,metaspace   ] GC(546) Metaspace: 35174K(35840K)->35174K(35840K) NonClass: 28914K(29376K)->28914K(29376K) Class: 6260K(6464K)->6260K(6464K)
[215.734s][info][gc             ] GC(546) Pause Young (Allocation Failure) 329M->94M(405M) 0.776ms
[215.734s][info][gc,cpu         ] GC(546) User=0.00s Sys=0.00s Real=0.00s
[215.904s][info][gc,start       ] GC(547) Pause Young (Allocation Failure)
[215.906s][info][gc,heap        ] GC(547) PSYoungGen: 231488K(239616K)->64K(223232K) Eden: 231424K(231424K)->0K(222720K) From: 64K(8192K)->64K(512K)
[215.906s][info][gc,heap        ] GC(547) ParOldGen: 96309K(175104K)->96317K(175104K)
[215.906s][info][gc,metaspace   ] GC(547) Metaspace: 35174K(35840K)->35174K(35840K) NonClass: 28914K(29376K)->28914K(29376K) Class: 6260K(6464K)->6260K(6464K)
[215.906s][info][gc             ] GC(547) Pause Young (Allocation Failure) 320M->94M(389M) 1.526ms
[215.906s][info][gc,cpu         ] GC(547) User=0.00s Sys=0.00s Real=0.01s
[216.319s][info][gc,start       ] GC(548) Pause Young (Allocation Failure)
[216.320s][info][gc,heap        ] GC(548) PSYoungGen: 222784K(223232K)->64K(221696K) Eden: 222720K(222720K)->0K(214528K) From: 64K(512K)->64K(7168K)
[216.320s][info][gc,heap        ] GC(548) ParOldGen: 96317K(175104K)->96333K(175104K)
[216.320s][info][gc,metaspace   ] GC(548) Metaspace: 35174K(35840K)->35174K(35840K) NonClass: 28914K(29376K)->28914K(29376K) Class: 6260K(6464K)->6260K(6464K)
[216.320s][info][gc             ] GC(548) Pause Young (Allocation Failure) 311M->94M(387M) 1.295ms
[216.320s][info][gc,cpu         ] GC(548) User=0.00s Sys=0.00s Real=0.00s
[216.983s][info][gc,start       ] GC(549) Pause Young (Allocation Failure)
[216.985s][info][gc,heap        ] GC(549) PSYoungGen: 214592K(221696K)->64K(207360K) Eden: 214528K(214528K)->0K(206848K) From: 64K(7168K)->64K(512K)
[216.985s][info][gc,heap        ] GC(549) ParOldGen: 96333K(175104K)->96341K(175104K)
[216.985s][info][gc,metaspace   ] GC(549) Metaspace: 35174K(35840K)->35174K(35840K) NonClass: 28914K(29376K)->28914K(29376K) Class: 6260K(6464K)->6260K(6464K)
[216.985s][info][gc             ] GC(549) Pause Young (Allocation Failure) 303M->94M(373M) 1.976ms
[216.985s][info][gc,cpu         ] GC(549) User=0.00s Sys=0.01s Real=0.00s
[217.466s][info][gc,start       ] GC(550) Pause Young (Allocation Failure)
[217.467s][info][gc,heap        ] GC(550) PSYoungGen: 206912K(207360K)->32K(205312K) Eden: 206848K(206848K)->0K(199168K) From: 64K(512K)->32K(6144K)
[217.467s][info][gc,heap        ] GC(550) ParOldGen: 96341K(175104K)->96349K(175104K)
[217.467s][info][gc,metaspace   ] GC(550) Metaspace: 35174K(35840K)->35174K(35840K) NonClass: 28914K(29376K)->28914K(29376K) Class: 6260K(6464K)->6260K(6464K)
[217.467s][info][gc             ] GC(550) Pause Young (Allocation Failure) 296M->94M(371M) 1.381ms
[217.467s][info][gc,cpu         ] GC(550) User=0.00s Sys=0.00s Real=0.00s
[217.773s][info][gc,start       ] GC(551) Pause Young (Allocation Failure)
[217.774s][info][gc,heap        ] GC(551) PSYoungGen: 199200K(205312K)->32K(192512K) Eden: 199168K(199168K)->0K(192000K) From: 32K(6144K)->32K(512K)
[217.774s][info][gc,heap        ] GC(551) ParOldGen: 96349K(175104K)->96357K(175104K)
[217.774s][info][gc,metaspace   ] GC(551) Metaspace: 35174K(35840K)->35174K(35840K) NonClass: 28914K(29376K)->28914K(29376K) Class: 6260K(6464K)->6260K(6464K)
[217.775s][info][gc             ] GC(551) Pause Young (Allocation Failure) 288M->94M(359M) 1.863ms
[217.775s][info][gc,cpu         ] GC(551) User=0.00s Sys=0.00s Real=0.00s
[217.930s][info][gc,start       ] GC(552) Pause Young (Allocation Failure)
[217.931s][info][gc,heap        ] GC(552) PSYoungGen: 192032K(192512K)->64K(190976K) Eden: 192000K(192000K)->0K(185344K) From: 32K(512K)->64K(5632K)
[217.931s][info][gc,heap        ] GC(552) ParOldGen: 96357K(175104K)->96365K(175104K)
[217.931s][info][gc,metaspace   ] GC(552) Metaspace: 35174K(35840K)->35174K(35840K) NonClass: 28914K(29376K)->28914K(29376K) Class: 6260K(6464K)->6260K(6464K)
[217.931s][info][gc             ] GC(552) Pause Young (Allocation Failure) 281M->94M(357M) 1.290ms
[217.931s][info][gc,cpu         ] GC(552) User=0.00s Sys=0.00s Real=0.00s
[217.977s][info][gc,start       ] GC(553) Pause Young (Allocation Failure)
[217.978s][info][gc,heap        ] GC(553) PSYoungGen: 185408K(190976K)->32K(179200K) Eden: 185344K(185344K)->0K(178688K) From: 64K(5632K)->32K(512K)
[217.978s][info][gc,heap        ] GC(553) ParOldGen: 96365K(175104K)->96381K(175104K)
[217.978s][info][gc,metaspace   ] GC(553) Metaspace: 35174K(35840K)->35174K(35840K) NonClass: 28914K(29376K)->28914K(29376K) Class: 6260K(6464K)->6260K(6464K)
[217.978s][info][gc             ] GC(553) Pause Young (Allocation Failure) 275M->94M(346M) 1.860ms
[217.978s][info][gc,cpu         ] GC(553) User=0.00s Sys=0.00s Real=0.00s
[218.252s][info][gc,start       ] GC(554) Pause Young (Allocation Failure)
[218.253s][info][gc,heap        ] GC(554) PSYoungGen: 178720K(179200K)->64K(177152K) Eden: 178688K(178688K)->0K(172544K) From: 32K(512K)->64K(4608K)
[218.254s][info][gc,heap        ] GC(554) ParOldGen: 96381K(175104K)->96381K(175104K)
[218.254s][info][gc,metaspace   ] GC(554) Metaspace: 35174K(35840K)->35174K(35840K) NonClass: 28914K(29376K)->28914K(29376K) Class: 6260K(6464K)->6260K(6464K)
[218.254s][info][gc             ] GC(554) Pause Young (Allocation Failure) 268M->94M(344M) 1.236ms
[218.254s][info][gc,cpu         ] GC(554) User=0.00s Sys=0.00s Real=0.00s
[218.696s][info][gc,start       ] GC(555) Pause Young (Allocation Failure)
[218.699s][info][gc,heap        ] GC(555) PSYoungGen: 172608K(177152K)->64K(166912K) Eden: 172544K(172544K)->0K(166400K) From: 64K(4608K)->64K(512K)
[218.699s][info][gc,heap        ] GC(555) ParOldGen: 96381K(175104K)->96397K(175104K)
[218.699s][info][gc,metaspace   ] GC(555) Metaspace: 35174K(35840K)->35174K(35840K) NonClass: 28914K(29376K)->28914K(29376K) Class: 6260K(6464K)->6260K(6464K)
[218.699s][info][gc             ] GC(555) Pause Young (Allocation Failure) 262M->94M(334M) 2.371ms
[218.699s][info][gc,cpu         ] GC(555) User=0.00s Sys=0.00s Real=0.00s
[218.869s][info][gc,start       ] GC(556) Pause Young (Allocation Failure)
[218.870s][info][gc,heap        ] GC(556) PSYoungGen: 166464K(166912K)->32K(164864K) Eden: 166400K(166400K)->0K(160768K) From: 64K(512K)->32K(4096K)
[218.870s][info][gc,heap        ] GC(556) ParOldGen: 96397K(175104K)->96405K(175104K)
[218.870s][info][gc,metaspace   ] GC(556) Metaspace: 35174K(35840K)->35174K(35840K) NonClass: 28914K(29376K)->28914K(29376K) Class: 6260K(6464K)->6260K(6464K)
[218.870s][info][gc             ] GC(556) Pause Young (Allocation Failure) 256M->94M(332M) 1.442ms
[218.870s][info][gc,cpu         ] GC(556) User=0.00s Sys=0.00s Real=0.00s
[219.174s][info][gc,start       ] GC(557) Pause Young (Allocation Failure)
[219.180s][info][gc,heap        ] GC(557) PSYoungGen: 160800K(164864K)->2976K(194048K) Eden: 160768K(160768K)->0K(190976K) From: 32K(4096K)->2976K(3072K)
[219.180s][info][gc,heap        ] GC(557) ParOldGen: 96405K(175104K)->96413K(175104K)
[219.180s][info][gc,metaspace   ] GC(557) Metaspace: 35174K(35840K)->35174K(35840K) NonClass: 28914K(29376K)->28914K(29376K) Class: 6260K(6464K)->6260K(6464K)
[219.180s][info][gc             ] GC(557) Pause Young (Allocation Failure) 251M->97M(360M) 5.798ms
[219.180s][info][gc,cpu         ] GC(557) User=0.01s Sys=0.00s Real=0.01s
[219.388s][info][gc,start       ] GC(558) Pause Young (Allocation Failure)
[219.422s][info][gc,heap        ] GC(558) PSYoungGen: 193952K(194048K)->4608K(233472K) Eden: 190976K(190976K)->0K(228864K) From: 2976K(3072K)->4608K(4608K)
[219.422s][info][gc,heap        ] GC(558) ParOldGen: 96413K(175104K)->111957K(175104K)
[219.422s][info][gc,metaspace   ] GC(558) Metaspace: 35174K(35840K)->35174K(35840K) NonClass: 28914K(29376K)->28914K(29376K) Class: 6260K(6464K)->6260K(6464K)
[219.422s][info][gc             ] GC(558) Pause Young (Allocation Failure) 283M->113M(399M) 34.251ms
[219.422s][info][gc,cpu         ] GC(558) User=0.06s Sys=0.00s Real=0.03s
[219.670s][info][gc,start       ] GC(559) Pause Young (Allocation Failure)
[219.717s][info][gc,heap        ] GC(559) PSYoungGen: 233472K(233472K)->2048K(240128K) Eden: 228864K(228864K)->0K(238080K) From: 4608K(4608K)->2048K(2048K)
[219.717s][info][gc,heap        ] GC(559) ParOldGen: 111957K(175104K)->134661K(175104K)
[219.717s][info][gc,metaspace   ] GC(559) Metaspace: 35174K(35840K)->35174K(35840K) NonClass: 28914K(29376K)->28914K(29376K) Class: 6260K(6464K)->6260K(6464K)
[219.717s][info][gc             ] GC(559) Pause Young (Allocation Failure) 337M->133M(405M) 46.382ms
[219.717s][info][gc,cpu         ] GC(559) User=0.09s Sys=0.00s Real=0.05s
[219.951s][info][gc,start       ] GC(560) Pause Young (Allocation Failure)
[219.992s][info][gc,heap        ] GC(560) PSYoungGen: 240128K(240128K)->18944K(257024K) Eden: 238080K(238080K)->0K(238080K) From: 2048K(2048K)->18944K(18944K)
[219.992s][info][gc,heap        ] GC(560) ParOldGen: 134661K(175104K)->138069K(175104K)
[219.992s][info][gc,metaspace   ] GC(560) Metaspace: 35174K(35840K)->35174K(35840K) NonClass: 28914K(29376K)->28914K(29376K) Class: 6260K(6464K)->6260K(6464K)
[219.992s][info][gc             ] GC(560) Pause Young (Allocation Failure) 366M->153M(422M) 41.198ms
[219.992s][info][gc,cpu         ] GC(560) User=0.08s Sys=0.00s Real=0.04s
[220.067s][info][gc,start       ] GC(561) Pause Young (Allocation Failure)
[220.069s][info][gc,heap        ] GC(561) PSYoungGen: 257024K(257024K)->64K(307712K) Eden: 238080K(238080K)->0K(285696K) From: 18944K(18944K)->64K(22016K)
[220.069s][info][gc,heap        ] GC(561) ParOldGen: 138069K(175104K)->138181K(175104K)
[220.069s][info][gc,metaspace   ] GC(561) Metaspace: 35174K(35840K)->35174K(35840K) NonClass: 28914K(29376K)->28914K(29376K) Class: 6260K(6464K)->6260K(6464K)
[220.069s][info][gc             ] GC(561) Pause Young (Allocation Failure) 385M->135M(471M) 1.879ms
[220.069s][info][gc,cpu         ] GC(561) User=0.01s Sys=0.00s Real=0.00s
[220.730s][info][gc,start       ] GC(562) Pause Young (Allocation Failure)
[220.731s][info][gc,heap        ] GC(562) PSYoungGen: 285760K(307712K)->64K(308736K) Eden: 285696K(285696K)->0K(285696K) From: 64K(22016K)->64K(23040K)
[220.731s][info][gc,heap        ] GC(562) ParOldGen: 138181K(175104K)->138189K(175104K)
[220.731s][info][gc,metaspace   ] GC(562) Metaspace: 35174K(35840K)->35174K(35840K) NonClass: 28914K(29376K)->28914K(29376K) Class: 6260K(6464K)->6260K(6464K)
[220.731s][info][gc             ] GC(562) Pause Young (Allocation Failure) 414M->135M(472M) 0.947ms
[220.731s][info][gc,cpu         ] GC(562) User=0.00s Sys=0.00s Real=0.00s
[221.196s][info][gc,start       ] GC(563) Pause Young (Allocation Failure)
[221.196s][info][gc,heap        ] GC(563) PSYoungGen: 285760K(308736K)->64K(308224K) Eden: 285696K(285696K)->0K(288256K) From: 64K(23040K)->64K(19968K)
[221.196s][info][gc,heap        ] GC(563) ParOldGen: 138189K(175104K)->138197K(175104K)
[221.196s][info][gc,metaspace   ] GC(563) Metaspace: 35174K(35840K)->35174K(35840K) NonClass: 28914K(29376K)->28914K(29376K) Class: 6260K(6464K)->6260K(6464K)
[221.197s][info][gc             ] GC(563) Pause Young (Allocation Failure) 414M->135M(472M) 0.967ms
[221.197s][info][gc,cpu         ] GC(563) User=0.00s Sys=0.00s Real=0.00s
[221.654s][info][gc,start       ] GC(564) Pause Young (Allocation Failure)
[221.655s][info][gc,heap        ] GC(564) PSYoungGen: 288320K(308224K)->64K(309760K) Eden: 288256K(288256K)->0K(288256K) From: 64K(19968K)->64K(21504K)
[221.655s][info][gc,heap        ] GC(564) ParOldGen: 138197K(175104K)->138213K(175104K)
[221.655s][info][gc,metaspace   ] GC(564) Metaspace: 35174K(35840K)->35174K(35840K) NonClass: 28914K(29376K)->28914K(29376K) Class: 6260K(6464K)->6260K(6464K)
[221.655s][info][gc             ] GC(564) Pause Young (Allocation Failure) 416M->135M(473M) 0.976ms
[221.655s][info][gc,cpu         ] GC(564) User=0.00s Sys=0.00s Real=0.00s
[221.875s][info][gc,start       ] GC(565) Pause Young (Allocation Failure)
[221.876s][info][gc,heap        ] GC(565) PSYoungGen: 288320K(309760K)->64K(309760K) Eden: 288256K(288256K)->0K(291328K) From: 64K(21504K)->64K(18432K)
[221.876s][info][gc,heap        ] GC(565) ParOldGen: 138213K(175104K)->138229K(175104K)
[221.876s][info][gc,metaspace   ] GC(565) Metaspace: 35174K(35840K)->35174K(35840K) NonClass: 28914K(29376K)->28914K(29376K) Class: 6260K(6464K)->6260K(6464K)
[221.876s][info][gc             ] GC(565) Pause Young (Allocation Failure) 416M->135M(473M) 0.962ms
[221.876s][info][gc,cpu         ] GC(565) User=0.00s Sys=0.00s Real=0.01s
[222.100s][info][gc,start       ] GC(566) Pause Young (Allocation Failure)
[222.101s][info][gc,heap        ] GC(566) PSYoungGen: 291392K(309760K)->32K(311296K) Eden: 291328K(291328K)->0K(291328K) From: 64K(18432K)->32K(19968K)
[222.101s][info][gc,heap        ] GC(566) ParOldGen: 138229K(175104K)->138229K(175104K)
[222.101s][info][gc,metaspace   ] GC(566) Metaspace: 35174K(35840K)->35174K(35840K) NonClass: 28914K(29376K)->28914K(29376K) Class: 6260K(6464K)->6260K(6464K)
[222.101s][info][gc             ] GC(566) Pause Young (Allocation Failure) 419M->135M(475M) 1.253ms
[222.101s][info][gc,cpu         ] GC(566) User=0.00s Sys=0.00s Real=0.00s
[222.454s][info][gc,start       ] GC(567) Pause Young (Allocation Failure)
[222.456s][info][gc,heap        ] GC(567) PSYoungGen: 291360K(311296K)->64K(311296K) Eden: 291328K(291328K)->0K(294912K) From: 32K(19968K)->64K(16384K)
[222.456s][info][gc,heap        ] GC(567) ParOldGen: 138229K(175104K)->138229K(175104K)
[222.456s][info][gc,metaspace   ] GC(567) Metaspace: 35174K(35840K)->35174K(35840K) NonClass: 28914K(29376K)->28914K(29376K) Class: 6260K(6464K)->6260K(6464K)
[222.456s][info][gc             ] GC(567) Pause Young (Allocation Failure) 419M->135M(475M) 1.549ms
[222.456s][info][gc,cpu         ] GC(567) User=0.00s Sys=0.00s Real=0.01s
[222.513s][info][gc,start       ] GC(568) Pause Young (Allocation Failure)
[222.514s][info][gc,heap        ] GC(568) PSYoungGen: 294976K(311296K)->32K(312832K) Eden: 294912K(294912K)->0K(294912K) From: 64K(16384K)->32K(17920K)
[222.514s][info][gc,heap        ] GC(568) ParOldGen: 138229K(175104K)->138245K(175104K)
[222.514s][info][gc,metaspace   ] GC(568) Metaspace: 35174K(35840K)->35174K(35840K) NonClass: 28914K(29376K)->28914K(29376K) Class: 6260K(6464K)->6260K(6464K)
[222.514s][info][gc             ] GC(568) Pause Young (Allocation Failure) 423M->135M(476M) 1.494ms
[222.514s][info][gc,cpu         ] GC(568) User=0.01s Sys=0.00s Real=0.00s
[222.570s][info][gc,start       ] GC(569) Pause Young (Allocation Failure)
[222.572s][info][gc,heap        ] GC(569) PSYoungGen: 294944K(312832K)->32K(314368K) Eden: 294912K(294912K)->0K(299008K) From: 32K(17920K)->32K(15360K)
[222.572s][info][gc,heap        ] GC(569) ParOldGen: 138245K(175104K)->138245K(175104K)
[222.572s][info][gc,metaspace   ] GC(569) Metaspace: 35174K(35840K)->35174K(35840K) NonClass: 28914K(29376K)->28914K(29376K) Class: 6260K(6464K)->6260K(6464K)
[222.572s][info][gc             ] GC(569) Pause Young (Allocation Failure) 423M->135M(478M) 1.452ms
[222.572s][info][gc,cpu         ] GC(569) User=0.00s Sys=0.00s Real=0.00s
[222.881s][info][gc,start       ] GC(570) Pause Young (Allocation Failure)
[222.882s][info][gc,heap        ] GC(570) PSYoungGen: 299040K(314368K)->64K(315392K) Eden: 299008K(299008K)->0K(299008K) From: 32K(15360K)->64K(16384K)
[222.882s][info][gc,heap        ] GC(570) ParOldGen: 138245K(175104K)->138245K(175104K)
[222.882s][info][gc,metaspace   ] GC(570) Metaspace: 35174K(35840K)->35174K(35840K) NonClass: 28914K(29376K)->28914K(29376K) Class: 6260K(6464K)->6260K(6464K)
[222.882s][info][gc             ] GC(570) Pause Young (Allocation Failure) 427M->135M(479M) 1.539ms
[222.882s][info][gc,cpu         ] GC(570) User=0.00s Sys=0.00s Real=0.00s
[223.164s][info][gc,start       ] GC(571) Pause Young (Allocation Failure)
[223.165s][info][gc,heap        ] GC(571) PSYoungGen: 299072K(315392K)->64K(315392K) Eden: 299008K(299008K)->0K(302080K) From: 64K(16384K)->64K(13312K)
[223.165s][info][gc,heap        ] GC(571) ParOldGen: 138245K(175104K)->138261K(175104K)
[223.165s][info][gc,metaspace   ] GC(571) Metaspace: 35174K(35840K)->35174K(35840K) NonClass: 28914K(29376K)->28914K(29376K) Class: 6260K(6464K)->6260K(6464K)
[223.165s][info][gc             ] GC(571) Pause Young (Allocation Failure) 427M->135M(479M) 1.577ms
[223.165s][info][gc,cpu         ] GC(571) User=0.00s Sys=0.00s Real=0.01s
[223.281s][info][gc,start       ] GC(572) Pause Young (Allocation Failure)
[223.283s][info][gc,heap        ] GC(572) PSYoungGen: 302144K(315392K)->32K(316416K) Eden: 302080K(302080K)->0K(302080K) From: 64K(13312K)->32K(14336K)
[223.283s][info][gc,heap        ] GC(572) ParOldGen: 138261K(175104K)->138269K(175104K)
[223.283s][info][gc,metaspace   ] GC(572) Metaspace: 35174K(35840K)->35174K(35840K) NonClass: 28914K(29376K)->28914K(29376K) Class: 6260K(6464K)->6260K(6464K)
[223.283s][info][gc             ] GC(572) Pause Young (Allocation Failure) 430M->135M(480M) 1.437ms
[223.283s][info][gc,cpu         ] GC(572) User=0.00s Sys=0.00s Real=0.00s
[223.397s][info][gc,start       ] GC(573) Pause Young (Allocation Failure)
[223.398s][info][gc,heap        ] GC(573) PSYoungGen: 302112K(316416K)->64K(318464K) Eden: 302080K(302080K)->0K(306176K) From: 32K(14336K)->64K(12288K)
[223.398s][info][gc,heap        ] GC(573) ParOldGen: 138269K(175104K)->138277K(175104K)
[223.398s][info][gc,metaspace   ] GC(573) Metaspace: 35174K(35840K)->35174K(35840K) NonClass: 28914K(29376K)->28914K(29376K) Class: 6260K(6464K)->6260K(6464K)
[223.398s][info][gc             ] GC(573) Pause Young (Allocation Failure) 430M->135M(482M) 0.951ms
[223.398s][info][gc,cpu         ] GC(573) User=0.00s Sys=0.00s Real=0.00s
[223.643s][info][gc,start       ] GC(574) Pause Young (Allocation Failure)
[223.644s][info][gc,heap        ] GC(574) PSYoungGen: 306240K(318464K)->64K(294400K) Eden: 306176K(306176K)->0K(293888K) From: 64K(12288K)->64K(512K)
[223.644s][info][gc,heap        ] GC(574) ParOldGen: 138277K(175104K)->138285K(175104K)
[223.644s][info][gc,metaspace   ] GC(574) Metaspace: 35174K(35840K)->35174K(35840K) NonClass: 28914K(29376K)->28914K(29376K) Class: 6260K(6464K)->6260K(6464K)
[223.644s][info][gc             ] GC(574) Pause Young (Allocation Failure) 434M->135M(458M) 0.943ms
[223.644s][info][gc,cpu         ] GC(574) User=0.00s Sys=0.00s Real=0.00s
[224.559s][info][gc,start       ] GC(575) Pause Young (Allocation Failure)
[224.560s][info][gc,heap        ] GC(575) PSYoungGen: 293952K(294400K)->83K(282624K) Eden: 293888K(293888K)->0K(282112K) From: 64K(512K)->83K(512K)
[224.560s][info][gc,heap        ] GC(575) ParOldGen: 138285K(175104K)->138293K(175104K)
[224.560s][info][gc,metaspace   ] GC(575) Metaspace: 35174K(35840K)->35174K(35840K) NonClass: 28914K(29376K)->28914K(29376K) Class: 6260K(6464K)->6260K(6464K)
[224.560s][info][gc             ] GC(575) Pause Young (Allocation Failure) 422M->135M(447M) 0.949ms
[224.560s][info][gc,cpu         ] GC(575) User=0.00s Sys=0.00s Real=0.00s
[225.492s][info][gc,start       ] GC(576) Pause Young (Allocation Failure)
[225.493s][info][gc,heap        ] GC(576) PSYoungGen: 282195K(282624K)->64K(282112K) Eden: 282112K(282112K)->0K(270848K) From: 83K(512K)->64K(11264K)
[225.493s][info][gc,heap        ] GC(576) ParOldGen: 138293K(175104K)->138301K(175104K)
[225.493s][info][gc,metaspace   ] GC(576) Metaspace: 35174K(35840K)->35174K(35840K) NonClass: 28914K(29376K)->28914K(29376K) Class: 6260K(6464K)->6260K(6464K)
[225.493s][info][gc             ] GC(576) Pause Young (Allocation Failure) 410M->135M(446M) 0.867ms
[225.493s][info][gc,cpu         ] GC(576) User=0.00s Sys=0.00s Real=0.00s
[225.840s][info][gc,start       ] GC(577) Pause Young (Allocation Failure)
[225.842s][info][gc,heap        ] GC(577) PSYoungGen: 270912K(282112K)->64K(260608K) Eden: 270848K(270848K)->0K(260096K) From: 64K(11264K)->64K(512K)
[225.842s][info][gc,heap        ] GC(577) ParOldGen: 138301K(175104K)->138309K(175104K)
[225.842s][info][gc,metaspace   ] GC(577) Metaspace: 35174K(35840K)->35174K(35840K) NonClass: 28914K(29376K)->28914K(29376K) Class: 6260K(6464K)->6260K(6464K)
[225.842s][info][gc             ] GC(577) Pause Young (Allocation Failure) 399M->135M(425M) 1.634ms
[225.842s][info][gc,cpu         ] GC(577) User=0.00s Sys=0.00s Real=0.00s
[226.228s][info][gc,start       ] GC(578) Pause Young (Allocation Failure)
[226.229s][info][gc,heap        ] GC(578) PSYoungGen: 260160K(260608K)->64K(259584K) Eden: 260096K(260096K)->0K(249856K) From: 64K(512K)->64K(9728K)
[226.229s][info][gc,heap        ] GC(578) ParOldGen: 138309K(175104K)->138325K(175104K)
[226.229s][info][gc,metaspace   ] GC(578) Metaspace: 35174K(35840K)->35174K(35840K) NonClass: 28914K(29376K)->28914K(29376K) Class: 6260K(6464K)->6260K(6464K)
[226.229s][info][gc             ] GC(578) Pause Young (Allocation Failure) 389M->135M(424M) 1.485ms
[226.229s][info][gc,cpu         ] GC(578) User=0.01s Sys=0.00s Real=0.00s
[227.177s][info][gc,start       ] GC(579) Pause Young (Allocation Failure)
[227.179s][info][gc,heap        ] GC(579) PSYoungGen: 249920K(259584K)->64K(240640K) Eden: 249856K(249856K)->0K(240128K) From: 64K(9728K)->64K(512K)
[227.180s][info][gc,heap        ] GC(579) ParOldGen: 138325K(175104K)->138333K(175104K)
[227.180s][info][gc,metaspace   ] GC(579) Metaspace: 35174K(35840K)->35174K(35840K) NonClass: 28914K(29376K)->28914K(29376K) Class: 6260K(6464K)->6260K(6464K)
[227.180s][info][gc             ] GC(579) Pause Young (Allocation Failure) 379M->135M(406M) 2.338ms
[227.180s][info][gc,cpu         ] GC(579) User=0.00s Sys=0.00s Real=0.00s
[227.527s][info][gc,start       ] GC(580) Pause Young (Allocation Failure)
[227.528s][info][gc,heap        ] GC(580) PSYoungGen: 240192K(240640K)->64K(239616K) Eden: 240128K(240128K)->0K(230912K) From: 64K(512K)->64K(8704K)
[227.528s][info][gc,heap        ] GC(580) ParOldGen: 138333K(175104K)->138341K(175104K)
[227.528s][info][gc,metaspace   ] GC(580) Metaspace: 35174K(35840K)->35174K(35840K) NonClass: 28914K(29376K)->28914K(29376K) Class: 6260K(6464K)->6260K(6464K)
[227.528s][info][gc             ] GC(580) Pause Young (Allocation Failure) 369M->135M(405M) 1.520ms
[227.528s][info][gc,cpu         ] GC(580) User=0.00s Sys=0.00s Real=0.00s
[227.691s][info][gc,start       ] GC(581) Pause Young (Allocation Failure)
[227.693s][info][gc,heap        ] GC(581) PSYoungGen: 230976K(239616K)->64K(222720K) Eden: 230912K(230912K)->0K(222208K) From: 64K(8704K)->64K(512K)
[227.693s][info][gc,heap        ] GC(581) ParOldGen: 138341K(175104K)->138349K(175104K)
[227.693s][info][gc,metaspace   ] GC(581) Metaspace: 35174K(35840K)->35174K(35840K) NonClass: 28914K(29376K)->28914K(29376K) Class: 6260K(6464K)->6260K(6464K)
[227.693s][info][gc             ] GC(581) Pause Young (Allocation Failure) 360M->135M(388M) 2.187ms
[227.693s][info][gc,cpu         ] GC(581) User=0.00s Sys=0.00s Real=0.00s
[227.781s][info][gc,start       ] GC(582) Pause Young (Allocation Failure)
[227.782s][info][gc,heap        ] GC(582) PSYoungGen: 222272K(222720K)->64K(221184K) Eden: 222208K(222208K)->0K(214016K) From: 64K(512K)->64K(7168K)
[227.783s][info][gc,heap        ] GC(582) ParOldGen: 138349K(175104K)->138357K(175104K)
[227.783s][info][gc,metaspace   ] GC(582) Metaspace: 35174K(35840K)->35174K(35840K) NonClass: 28914K(29376K)->28914K(29376K) Class: 6260K(6464K)->6260K(6464K)
[227.783s][info][gc             ] GC(582) Pause Young (Allocation Failure) 352M->135M(387M) 1.453ms
[227.783s][info][gc,cpu         ] GC(582) User=0.00s Sys=0.00s Real=0.00s
[228.355s][info][gc,start       ] GC(583) Pause Young (Allocation Failure)
[228.357s][info][gc,heap        ] GC(583) PSYoungGen: 214080K(221184K)->64K(206848K) Eden: 214016K(214016K)->0K(206336K) From: 64K(7168K)->64K(512K)
[228.357s][info][gc,heap        ] GC(583) ParOldGen: 138357K(175104K)->138365K(175104K)
[228.357s][info][gc,metaspace   ] GC(583) Metaspace: 35174K(35840K)->35174K(35840K) NonClass: 28914K(29376K)->28914K(29376K) Class: 6260K(6464K)->6260K(6464K)
[228.357s][info][gc             ] GC(583) Pause Young (Allocation Failure) 344M->135M(373M) 2.163ms
[228.357s][info][gc,cpu         ] GC(583) User=0.00s Sys=0.00s Real=0.01s
[228.589s][info][gc,start       ] GC(584) Pause Young (Allocation Failure)
[228.590s][info][gc,heap        ] GC(584) PSYoungGen: 206400K(206848K)->64K(204800K) Eden: 206336K(206336K)->0K(198656K) From: 64K(512K)->64K(6144K)
[228.590s][info][gc,heap        ] GC(584) ParOldGen: 138365K(175104K)->138373K(175104K)
[228.590s][info][gc,metaspace   ] GC(584) Metaspace: 35174K(35840K)->35174K(35840K) NonClass: 28914K(29376K)->28914K(29376K) Class: 6260K(6464K)->6260K(6464K)
[228.591s][info][gc             ] GC(584) Pause Young (Allocation Failure) 336M->135M(371M) 1.442ms
[228.591s][info][gc,cpu         ] GC(584) User=0.00s Sys=0.00s Real=0.00s
[228.923s][info][gc,start       ] GC(585) Pause Young (Allocation Failure)
[228.937s][info][gc,heap        ] GC(585) PSYoungGen: 198720K(204800K)->6144K(242688K) Eden: 198656K(198656K)->0K(236544K) From: 64K(6144K)->6144K(6144K)
[228.937s][info][gc,heap        ] GC(585) ParOldGen: 138373K(175104K)->138765K(175104K)
[228.937s][info][gc,metaspace   ] GC(585) Metaspace: 35174K(35840K)->35174K(35840K) NonClass: 28914K(29376K)->28914K(29376K) Class: 6260K(6464K)->6260K(6464K)
[228.937s][info][gc             ] GC(585) Pause Young (Allocation Failure) 329M->141M(408M) 13.845ms
[228.937s][info][gc,cpu         ] GC(585) User=0.02s Sys=0.00s Real=0.02s
[229.182s][info][gc,start       ] GC(586) Pause Young (Allocation Failure)
[229.222s][info][gc,heap        ] GC(586) PSYoungGen: 242688K(242688K)->7680K(269312K) Eden: 236544K(236544K)->0K(261632K) From: 6144K(6144K)->7680K(7680K)
[229.223s][info][gc,heap        ] GC(586) ParOldGen: 138765K(175104K)->156061K(175104K)
[229.223s][info][gc,metaspace   ] GC(586) Metaspace: 35174K(35840K)->35174K(35840K) NonClass: 28914K(29376K)->28914K(29376K) Class: 6260K(6464K)->6260K(6464K)
[229.223s][info][gc             ] GC(586) Pause Young (Allocation Failure) 372M->159M(434M) 40.746ms
[229.223s][info][gc,cpu         ] GC(586) User=0.08s Sys=0.00s Real=0.04s
[229.502s][info][gc,start       ] GC(587) Pause Young (Allocation Failure)
[229.571s][info][gc,heap        ] GC(587) PSYoungGen: 269312K(269312K)->15872K(291840K) Eden: 261632K(261632K)->0K(275968K) From: 7680K(7680K)->15872K(15872K)
[229.571s][info][gc,heap        ] GC(587) ParOldGen: 156061K(175104K)->168421K(175104K)
[229.571s][info][gc,metaspace   ] GC(587) Metaspace: 35174K(35840K)->35174K(35840K) NonClass: 28914K(29376K)->28914K(29376K) Class: 6260K(6464K)->6260K(6464K)
[229.571s][info][gc             ] GC(587) Pause Young (Allocation Failure) 415M->179M(456M) 68.528ms
[229.571s][info][gc,cpu         ] GC(587) User=0.12s Sys=0.01s Real=0.07s
[229.714s][info][gc,start       ] GC(588) Pause Young (Allocation Failure)
[229.737s][info][gc,heap        ] GC(588) PSYoungGen: 291840K(291840K)->9888K(299520K) Eden: 275968K(275968K)->0K(275968K) From: 15872K(15872K)->9888K(23552K)
[229.737s][info][gc,heap        ] GC(588) ParOldGen: 168421K(175104K)->168869K(175104K)
[229.737s][info][gc,metaspace   ] GC(588) Metaspace: 35174K(35840K)->35174K(35840K) NonClass: 28914K(29376K)->28914K(29376K) Class: 6260K(6464K)->6260K(6464K)
[229.737s][info][gc             ] GC(588) Pause Young (Allocation Failure) 449M->174M(463M) 23.324ms
[229.737s][info][gc,cpu         ] GC(588) User=0.04s Sys=0.01s Real=0.03s
[230.134s][info][gc,start       ] GC(589) Pause Young (Allocation Failure)
[230.135s][info][gc,heap        ] GC(589) PSYoungGen: 285856K(299520K)->64K(309248K) Eden: 275968K(275968K)->0K(286720K) From: 9888K(23552K)->64K(22528K)
[230.135s][info][gc,heap        ] GC(589) ParOldGen: 168869K(175104K)->168877K(175104K)
[230.135s][info][gc,metaspace   ] GC(589) Metaspace: 35174K(35840K)->35174K(35840K) NonClass: 28914K(29376K)->28914K(29376K) Class: 6260K(6464K)->6260K(6464K)
[230.135s][info][gc             ] GC(589) Pause Young (Allocation Failure) 444M->164M(473M) 0.960ms
[230.135s][info][gc,cpu         ] GC(589) User=0.00s Sys=0.00s Real=0.00s
[230.755s][info][gc,start       ] GC(590) Pause Young (Allocation Failure)
[230.756s][info][gc,heap        ] GC(590) PSYoungGen: 286784K(309248K)->64K(309760K) Eden: 286720K(286720K)->0K(286720K) From: 64K(22528K)->64K(23040K)
[230.756s][info][gc,heap        ] GC(590) ParOldGen: 168877K(175104K)->168885K(175104K)
[230.756s][info][gc,metaspace   ] GC(590) Metaspace: 35174K(35840K)->35174K(35840K) NonClass: 28914K(29376K)->28914K(29376K) Class: 6260K(6464K)->6260K(6464K)
[230.756s][info][gc             ] GC(590) Pause Young (Allocation Failure) 444M->164M(473M) 1.019ms
[230.756s][info][gc,cpu         ] GC(590) User=0.00s Sys=0.00s Real=0.01s
[231.209s][info][gc,start       ] GC(591) Pause Young (Allocation Failure)
[231.210s][info][gc,heap        ] GC(591) PSYoungGen: 286784K(309760K)->64K(310272K) Eden: 286720K(286720K)->0K(288768K) From: 64K(23040K)->64K(21504K)
[231.210s][info][gc,heap        ] GC(591) ParOldGen: 168885K(175104K)->168901K(175104K)
[231.210s][info][gc,metaspace   ] GC(591) Metaspace: 35174K(35840K)->35174K(35840K) NonClass: 28914K(29376K)->28914K(29376K) Class: 6260K(6464K)->6260K(6464K)
[231.210s][info][gc             ] GC(591) Pause Young (Allocation Failure) 444M->165M(474M) 1.360ms
[231.210s][info][gc,cpu         ] GC(591) User=0.00s Sys=0.00s Real=0.00s
[231.432s][info][gc,start       ] GC(592) Pause Young (Allocation Failure)
[231.433s][info][gc,heap        ] GC(592) PSYoungGen: 288832K(310272K)->64K(310272K) Eden: 288768K(288768K)->0K(288768K) From: 64K(21504K)->64K(21504K)
[231.433s][info][gc,heap        ] GC(592) ParOldGen: 168901K(175104K)->168917K(175104K)
[231.433s][info][gc,metaspace   ] GC(592) Metaspace: 35174K(35840K)->35174K(35840K) NonClass: 28914K(29376K)->28914K(29376K) Class: 6260K(6464K)->6260K(6464K)
[231.433s][info][gc             ] GC(592) Pause Young (Allocation Failure) 447M->165M(474M) 0.992ms
[231.433s][info][gc,cpu         ] GC(592) User=0.00s Sys=0.00s Real=0.00s
[231.655s][info][gc,start       ] GC(593) Pause Young (Allocation Failure)
[231.656s][info][gc,heap        ] GC(593) PSYoungGen: 288832K(310272K)->32K(311296K) Eden: 288768K(288768K)->0K(291840K) From: 64K(21504K)->32K(19456K)
[231.656s][info][gc,heap        ] GC(593) ParOldGen: 168917K(175104K)->168917K(175104K)
[231.656s][info][gc,metaspace   ] GC(593) Metaspace: 35174K(35840K)->35174K(35840K) NonClass: 28914K(29376K)->28914K(29376K) Class: 6260K(6464K)->6260K(6464K)
[231.656s][info][gc             ] GC(593) Pause Young (Allocation Failure) 447M->164M(475M) 0.960ms
[231.656s][info][gc,cpu         ] GC(593) User=0.00s Sys=0.00s Real=0.01s
[232.011s][info][gc,start       ] GC(594) Pause Young (Allocation Failure)
[232.012s][info][gc,heap        ] GC(594) PSYoungGen: 291872K(311296K)->64K(311296K) Eden: 291840K(291840K)->0K(291840K) From: 32K(19456K)->64K(19456K)
[232.012s][info][gc,heap        ] GC(594) ParOldGen: 168917K(175104K)->168917K(175104K)
[232.012s][info][gc,metaspace   ] GC(594) Metaspace: 35174K(35840K)->35174K(35840K) NonClass: 28914K(29376K)->28914K(29376K) Class: 6260K(6464K)->6260K(6464K)
[232.012s][info][gc             ] GC(594) Pause Young (Allocation Failure) 449M->165M(475M) 0.987ms
[232.012s][info][gc,cpu         ] GC(594) User=0.01s Sys=0.00s Real=0.00s
[232.127s][info][gc,start       ] GC(595) Pause Young (Allocation Failure)
[232.128s][info][gc,heap        ] GC(595) PSYoungGen: 291904K(311296K)->64K(313856K) Eden: 291840K(291840K)->0K(295424K) From: 64K(19456K)->64K(18432K)
[232.128s][info][gc,heap        ] GC(595) ParOldGen: 168917K(175104K)->168925K(175104K)
[232.128s][info][gc,metaspace   ] GC(595) Metaspace: 35174K(35840K)->35174K(35840K) NonClass: 28914K(29376K)->28914K(29376K) Class: 6260K(6464K)->6260K(6464K)
[232.128s][info][gc             ] GC(595) Pause Young (Allocation Failure) 450M->165M(477M) 0.962ms
[232.128s][info][gc,cpu         ] GC(595) User=0.00s Sys=0.00s Real=0.00s
[232.185s][info][gc,start       ] GC(596) Pause Young (Allocation Failure)
[232.186s][info][gc,heap        ] GC(596) PSYoungGen: 295488K(313856K)->64K(313344K) Eden: 295424K(295424K)->0K(295424K) From: 64K(18432K)->64K(17920K)
[232.186s][info][gc,heap        ] GC(596) ParOldGen: 168925K(175104K)->168941K(175104K)
[232.186s][info][gc,metaspace   ] GC(596) Metaspace: 35174K(35840K)->35174K(35840K) NonClass: 28914K(29376K)->28914K(29376K) Class: 6260K(6464K)->6260K(6464K)
[232.186s][info][gc             ] GC(596) Pause Young (Allocation Failure) 453M->165M(477M) 0.999ms
[232.186s][info][gc,cpu         ] GC(596) User=0.01s Sys=0.00s Real=0.00s
[232.385s][info][gc,start       ] GC(597) Pause Young (Allocation Failure)
[232.386s][info][gc,heap        ] GC(597) PSYoungGen: 295488K(313344K)->64K(314880K) Eden: 295424K(295424K)->0K(298496K) From: 64K(17920K)->64K(16384K)
[232.386s][info][gc,heap        ] GC(597) ParOldGen: 168941K(175104K)->168941K(175104K)
[232.386s][info][gc,metaspace   ] GC(597) Metaspace: 35174K(35840K)->35174K(35840K) NonClass: 28914K(29376K)->28914K(29376K) Class: 6260K(6464K)->6260K(6464K)
[232.386s][info][gc             ] GC(597) Pause Young (Allocation Failure) 453M->165M(478M) 0.999ms
[232.386s][info][gc,cpu         ] GC(597) User=0.00s Sys=0.00s Real=0.00s
[232.722s][info][gc,start       ] GC(598) Pause Young (Allocation Failure)
[232.723s][info][gc,heap        ] GC(598) PSYoungGen: 298560K(314880K)->64K(314368K) Eden: 298496K(298496K)->0K(298496K) From: 64K(16384K)->64K(15872K)
[232.723s][info][gc,heap        ] GC(598) ParOldGen: 168941K(175104K)->168949K(175104K)
[232.723s][info][gc,metaspace   ] GC(598) Metaspace: 35174K(35840K)->35174K(35840K) NonClass: 28914K(29376K)->28914K(29376K) Class: 6260K(6464K)->6260K(6464K)
[232.723s][info][gc             ] GC(598) Pause Young (Allocation Failure) 456M->165M(478M) 0.954ms
[232.723s][info][gc,cpu         ] GC(598) User=0.00s Sys=0.00s Real=0.00s
[232.882s][info][gc,start       ] GC(599) Pause Young (Allocation Failure)
[232.883s][info][gc,heap        ] GC(599) PSYoungGen: 298560K(314368K)->64K(287232K) Eden: 298496K(298496K)->0K(286720K) From: 64K(15872K)->64K(512K)
[232.883s][info][gc,heap        ] GC(599) ParOldGen: 168949K(175104K)->168957K(175104K)
[232.883s][info][gc,metaspace   ] GC(599) Metaspace: 35174K(35840K)->35174K(35840K) NonClass: 28914K(29376K)->28914K(29376K) Class: 6260K(6464K)->6260K(6464K)
[232.883s][info][gc             ] GC(599) Pause Young (Allocation Failure) 456M->165M(451M) 1.076ms
[232.883s][info][gc,cpu         ] GC(599) User=0.00s Sys=0.01s Real=0.00s
[232.961s][info][gc,start       ] GC(600) Pause Young (Allocation Failure)
[232.961s][info][gc,heap        ] GC(600) PSYoungGen: 286784K(287232K)->64K(302592K) Eden: 286720K(286720K)->0K(288256K) From: 64K(512K)->64K(14336K)
[232.962s][info][gc,heap        ] GC(600) ParOldGen: 168957K(175104K)->168973K(175104K)
[232.962s][info][gc,metaspace   ] GC(600) Metaspace: 35174K(35840K)->35174K(35840K) NonClass: 28914K(29376K)->28914K(29376K) Class: 6260K(6464K)->6260K(6464K)
[232.962s][info][gc             ] GC(600) Pause Young (Allocation Failure) 445M->165M(466M) 1.051ms
[232.962s][info][gc,cpu         ] GC(600) User=0.00s Sys=0.00s Real=0.00s
[233.135s][info][gc,start       ] GC(601) Pause Young (Allocation Failure)
[233.136s][info][gc,heap        ] GC(601) PSYoungGen: 288320K(302592K)->64K(277504K) Eden: 288256K(288256K)->0K(276992K) From: 64K(14336K)->64K(512K)
[233.136s][info][gc,heap        ] GC(601) ParOldGen: 168973K(175104K)->168973K(175104K)
[233.136s][info][gc,metaspace   ] GC(601) Metaspace: 35174K(35840K)->35174K(35840K) NonClass: 28914K(29376K)->28914K(29376K) Class: 6260K(6464K)->6260K(6464K)
[233.136s][info][gc             ] GC(601) Pause Young (Allocation Failure) 446M->165M(442M) 1.004ms
[233.136s][info][gc,cpu         ] GC(601) User=0.00s Sys=0.00s Real=0.00s
[233.539s][info][gc,start       ] GC(602) Pause Young (Allocation Failure)
[233.540s][info][gc,heap        ] GC(602) PSYoungGen: 277056K(277504K)->64K(278528K) Eden: 276992K(276992K)->0K(266240K) From: 64K(512K)->64K(12288K)
[233.540s][info][gc,heap        ] GC(602) ParOldGen: 168973K(175104K)->168981K(175104K)
[233.540s][info][gc,metaspace   ] GC(602) Metaspace: 35174K(35840K)->35174K(35840K) NonClass: 28914K(29376K)->28914K(29376K) Class: 6260K(6464K)->6260K(6464K)
[233.540s][info][gc             ] GC(602) Pause Young (Allocation Failure) 435M->165M(443M) 0.922ms
[233.540s][info][gc,cpu         ] GC(602) User=0.00s Sys=0.00s Real=0.00s
[234.252s][info][gc,start       ] GC(603) Pause Young (Allocation Failure)
[234.253s][info][gc,heap        ] GC(603) PSYoungGen: 266304K(278528K)->64K(256512K) Eden: 266240K(266240K)->0K(256000K) From: 64K(12288K)->64K(512K)
[234.253s][info][gc,heap        ] GC(603) ParOldGen: 168981K(175104K)->168989K(175104K)
[234.253s][info][gc,metaspace   ] GC(603) Metaspace: 35174K(35840K)->35174K(35840K) NonClass: 28914K(29376K)->28914K(29376K) Class: 6260K(6464K)->6260K(6464K)
[234.253s][info][gc             ] GC(603) Pause Young (Allocation Failure) 425M->165M(421M) 1.411ms
[234.253s][info][gc,cpu         ] GC(603) User=0.00s Sys=0.00s Real=0.00s
[235.253s][info][gc,start       ] GC(604) Pause Young (Allocation Failure)
[235.254s][info][gc,heap        ] GC(604) PSYoungGen: 256064K(256512K)->64K(257024K) Eden: 256000K(256000K)->0K(246272K) From: 64K(512K)->64K(10752K)
[235.254s][info][gc,heap        ] GC(604) ParOldGen: 168989K(175104K)->168997K(175104K)
[235.254s][info][gc,metaspace   ] GC(604) Metaspace: 35174K(35840K)->35174K(35840K) NonClass: 28914K(29376K)->28914K(29376K) Class: 6260K(6464K)->6260K(6464K)
[235.254s][info][gc             ] GC(604) Pause Young (Allocation Failure) 415M->165M(422M) 0.893ms
[235.254s][info][gc,cpu         ] GC(604) User=0.00s Sys=0.00s Real=0.00s
[235.637s][info][gc,start       ] GC(605) Pause Young (Allocation Failure)
[235.640s][info][gc,heap        ] GC(605) PSYoungGen: 246336K(257024K)->64K(237568K) Eden: 246272K(246272K)->0K(237056K) From: 64K(10752K)->64K(512K)
[235.640s][info][gc,heap        ] GC(605) ParOldGen: 168997K(175104K)->169013K(175104K)
[235.640s][info][gc,metaspace   ] GC(605) Metaspace: 35174K(35840K)->35174K(35840K) NonClass: 28914K(29376K)->28914K(29376K) Class: 6260K(6464K)->6260K(6464K)
[235.640s][info][gc             ] GC(605) Pause Young (Allocation Failure) 405M->165M(403M) 2.606ms
[235.640s][info][gc,cpu         ] GC(605) User=0.00s Sys=0.00s Real=0.00s
[235.939s][info][gc,start       ] GC(606) Pause Young (Allocation Failure)
[235.941s][info][gc,heap        ] GC(606) PSYoungGen: 237120K(237568K)->64K(237568K) Eden: 237056K(237056K)->0K(227840K) From: 64K(512K)->64K(9728K)
[235.941s][info][gc,heap        ] GC(606) ParOldGen: 169013K(175104K)->169029K(175104K)
[235.941s][info][gc,metaspace   ] GC(606) Metaspace: 35174K(35840K)->35174K(35840K) NonClass: 28914K(29376K)->28914K(29376K) Class: 6260K(6464K)->6260K(6464K)
[235.941s][info][gc             ] GC(606) Pause Young (Allocation Failure) 396M->165M(403M) 1.615ms
[235.941s][info][gc,cpu         ] GC(606) User=0.00s Sys=0.00s Real=0.00s
[236.860s][info][gc,start       ] GC(607) Pause Young (Allocation Failure)
[236.862s][info][gc,heap        ] GC(607) PSYoungGen: 227904K(237568K)->32K(219648K) Eden: 227840K(227840K)->0K(219136K) From: 64K(9728K)->32K(512K)
[236.862s][info][gc,heap        ] GC(607) ParOldGen: 169029K(175104K)->169037K(175104K)
[236.862s][info][gc,metaspace   ] GC(607) Metaspace: 35174K(35840K)->35174K(35840K) NonClass: 28914K(29376K)->28914K(29376K) Class: 6260K(6464K)->6260K(6464K)
[236.862s][info][gc             ] GC(607) Pause Young (Allocation Failure) 387M->165M(385M) 1.954ms
[236.862s][info][gc,cpu         ] GC(607) User=0.00s Sys=0.00s Real=0.00s
[237.189s][info][gc,start       ] GC(608) Pause Young (Allocation Failure)
[237.190s][info][gc,heap        ] GC(608) PSYoungGen: 219168K(219648K)->64K(219136K) Eden: 219136K(219136K)->0K(210944K) From: 32K(512K)->64K(8192K)
[237.190s][info][gc,heap        ] GC(608) ParOldGen: 169037K(175104K)->169045K(175104K)
[237.190s][info][gc,metaspace   ] GC(608) Metaspace: 35174K(35840K)->35174K(35840K) NonClass: 28914K(29376K)->28914K(29376K) Class: 6260K(6464K)->6260K(6464K)
[237.190s][info][gc             ] GC(608) Pause Young (Allocation Failure) 379M->165M(385M) 0.967ms
[237.190s][info][gc,cpu         ] GC(608) User=0.01s Sys=0.00s Real=0.00s
[237.349s][info][gc,start       ] GC(609) Pause Young (Allocation Failure)
[237.351s][info][gc,heap        ] GC(609) PSYoungGen: 211008K(219136K)->64K(203776K) Eden: 210944K(210944K)->0K(203264K) From: 64K(8192K)->64K(512K)
[237.351s][info][gc,heap        ] GC(609) ParOldGen: 169045K(175104K)->169053K(175104K)
[237.351s][info][gc,metaspace   ] GC(609) Metaspace: 35174K(35840K)->35174K(35840K) NonClass: 28914K(29376K)->28914K(29376K) Class: 6260K(6464K)->6260K(6464K)
[237.351s][info][gc             ] GC(609) Pause Young (Allocation Failure) 371M->165M(370M) 1.710ms
[237.351s][info][gc,cpu         ] GC(609) User=0.01s Sys=0.00s Real=0.00s
[237.416s][info][gc,start       ] GC(610) Pause Young (Allocation Failure)
[237.417s][info][gc,heap        ] GC(610) PSYoungGen: 203328K(203776K)->64K(203264K) Eden: 203264K(203264K)->0K(196096K) From: 64K(512K)->64K(7168K)
[237.417s][info][gc,heap        ] GC(610) ParOldGen: 169053K(175104K)->169061K(175104K)
[237.417s][info][gc,metaspace   ] GC(610) Metaspace: 35174K(35840K)->35174K(35840K) NonClass: 28914K(29376K)->28914K(29376K) Class: 6260K(6464K)->6260K(6464K)
[237.417s][info][gc             ] GC(610) Pause Young (Allocation Failure) 363M->165M(369M) 0.934ms
[237.417s][info][gc,cpu         ] GC(610) User=0.00s Sys=0.00s Real=0.00s
[237.834s][info][gc,start       ] GC(611) Pause Young (Allocation Failure)
[237.836s][info][gc,heap        ] GC(611) PSYoungGen: 196160K(203264K)->64K(189440K) Eden: 196096K(196096K)->0K(188928K) From: 64K(7168K)->64K(512K)
[237.836s][info][gc,heap        ] GC(611) ParOldGen: 169061K(175104K)->169069K(175104K)
[237.836s][info][gc,metaspace   ] GC(611) Metaspace: 35174K(35840K)->35174K(35840K) NonClass: 28914K(29376K)->28914K(29376K) Class: 6260K(6464K)->6260K(6464K)
[237.836s][info][gc             ] GC(611) Pause Young (Allocation Failure) 356M->165M(356M) 1.533ms
[237.836s][info][gc,cpu         ] GC(611) User=0.00s Sys=0.00s Real=0.01s
[238.152s][info][gc,start       ] GC(612) Pause Young (Allocation Failure)
[238.153s][info][gc,heap        ] GC(612) PSYoungGen: 188992K(189440K)->64K(188416K) Eden: 188928K(188928K)->0K(182272K) From: 64K(512K)->64K(6144K)
[238.153s][info][gc,heap        ] GC(612) ParOldGen: 169069K(175104K)->169077K(175104K)
[238.153s][info][gc,metaspace   ] GC(612) Metaspace: 35174K(35840K)->35174K(35840K) NonClass: 28914K(29376K)->28914K(29376K) Class: 6260K(6464K)->6260K(6464K)
[238.153s][info][gc             ] GC(612) Pause Young (Allocation Failure) 349M->165M(355M) 1.414ms
[238.153s][info][gc,cpu         ] GC(612) User=0.01s Sys=0.00s Real=0.00s
[238.425s][info][gc,start       ] GC(613) Pause Young (Allocation Failure)
[238.426s][info][gc,heap        ] GC(613) PSYoungGen: 182336K(188416K)->64K(176128K) Eden: 182272K(182272K)->0K(175616K) From: 64K(6144K)->64K(512K)
[238.427s][info][gc,heap        ] GC(613) ParOldGen: 169077K(175104K)->169085K(175104K)
[238.427s][info][gc,metaspace   ] GC(613) Metaspace: 35174K(35840K)->35174K(35840K) NonClass: 28914K(29376K)->28914K(29376K) Class: 6260K(6464K)->6260K(6464K)
[238.427s][info][gc             ] GC(613) Pause Young (Allocation Failure) 343M->165M(343M) 1.725ms
[238.427s][info][gc,cpu         ] GC(613) User=0.00s Sys=0.00s Real=0.01s
[238.668s][info][gc,start       ] GC(614) Pause Young (Allocation Failure)
[238.695s][info][gc,heap        ] GC(614) PSYoungGen: 175680K(176128K)->5632K(216064K) Eden: 175616K(175616K)->0K(210432K) From: 64K(512K)->5632K(5632K)
[238.695s][info][gc,heap        ] GC(614) ParOldGen: 169085K(175104K)->177821K(178176K)
[238.695s][info][gc,metaspace   ] GC(614) Metaspace: 35174K(35840K)->35174K(35840K) NonClass: 28914K(29376K)->28914K(29376K) Class: 6260K(6464K)->6260K(6464K)
[238.695s][info][gc             ] GC(614) Pause Young (Allocation Failure) 336M->179M(385M) 26.644ms
[238.695s][info][gc,cpu         ] GC(614) User=0.05s Sys=0.00s Real=0.02s
[238.916s][info][gc,start       ] GC(615) Pause Young (Allocation Failure)
[238.965s][info][gc,heap        ] GC(615) PSYoungGen: 216064K(216064K)->5632K(256512K) Eden: 210432K(210432K)->0K(250880K) From: 5632K(5632K)->5632K(5632K)
[238.965s][info][gc,heap        ] GC(615) ParOldGen: 177821K(178176K)->194725K(195072K)
[238.965s][info][gc,metaspace   ] GC(615) Metaspace: 35174K(35840K)->35174K(35840K) NonClass: 28914K(29376K)->28914K(29376K) Class: 6260K(6464K)->6260K(6464K)
[238.965s][info][gc             ] GC(615) Pause Young (Allocation Failure) 384M->195M(441M) 48.534ms
[238.965s][info][gc,cpu         ] GC(615) User=0.09s Sys=0.02s Real=0.04s
[239.225s][info][gc,start       ] GC(616) Pause Young (Allocation Failure)
[239.277s][info][gc,heap        ] GC(616) PSYoungGen: 256512K(256512K)->16896K(267776K) Eden: 250880K(250880K)->0K(250880K) From: 5632K(5632K)->16896K(16896K)
[239.277s][info][gc,heap        ] GC(616) ParOldGen: 194725K(195072K)->204893K(205312K)
[239.277s][info][gc,metaspace   ] GC(616) Metaspace: 35174K(35840K)->35174K(35840K) NonClass: 28914K(29376K)->28914K(29376K) Class: 6260K(6464K)->6260K(6464K)
[239.277s][info][gc             ] GC(616) Pause Young (Allocation Failure) 440M->216M(462M) 51.561ms
[239.277s][info][gc,cpu         ] GC(616) User=0.09s Sys=0.00s Real=0.05s
[239.385s][info][gc,start       ] GC(617) Pause Young (Allocation Failure)
[239.401s][info][gc,heap        ] GC(617) PSYoungGen: 267776K(267776K)->5952K(311296K) Eden: 250880K(250880K)->0K(287232K) From: 16896K(16896K)->5952K(24064K)
[239.401s][info][gc,heap        ] GC(617) ParOldGen: 204893K(205312K)->205261K(205312K)
[239.401s][info][gc,metaspace   ] GC(617) Metaspace: 35174K(35840K)->35174K(35840K) NonClass: 28914K(29376K)->28914K(29376K) Class: 6260K(6464K)->6260K(6464K)
[239.401s][info][gc             ] GC(617) Pause Young (Allocation Failure) 461M->206M(504M) 15.702ms
[239.401s][info][gc,cpu         ] GC(617) User=0.02s Sys=0.01s Real=0.02s
[239.867s][info][gc,start       ] GC(618) Pause Young (Allocation Failure)
[239.868s][info][gc,heap        ] GC(618) PSYoungGen: 293184K(311296K)->64K(287744K) Eden: 287232K(287232K)->0K(287232K) From: 5952K(24064K)->64K(512K)
[239.868s][info][gc,heap        ] GC(618) ParOldGen: 205261K(205312K)->205269K(205312K)
[239.868s][info][gc,metaspace   ] GC(618) Metaspace: 35174K(35840K)->35174K(35840K) NonClass: 28914K(29376K)->28914K(29376K) Class: 6260K(6464K)->6260K(6464K)
[239.868s][info][gc             ] GC(618) Pause Young (Allocation Failure) 486M->200M(481M) 1.086ms
[239.868s][info][gc,cpu         ] GC(618) User=0.00s Sys=0.00s Real=0.00s
[240.459s][info][gc,start       ] GC(619) Pause Young (Allocation Failure)
[240.460s][info][gc,heap        ] GC(619) PSYoungGen: 287296K(287744K)->64K(309760K) Eden: 287232K(287232K)->0K(287744K) From: 64K(512K)->64K(22016K)
[240.460s][info][gc,heap        ] GC(619) ParOldGen: 205269K(205312K)->205277K(205312K)
[240.460s][info][gc,metaspace   ] GC(619) Metaspace: 35174K(35840K)->35174K(35840K) NonClass: 28914K(29376K)->28914K(29376K) Class: 6260K(6464K)->6260K(6464K)
[240.460s][info][gc             ] GC(619) Pause Young (Allocation Failure) 481M->200M(503M) 1.128ms
[240.460s][info][gc,cpu         ] GC(619) User=0.00s Sys=0.00s Real=0.00s
[240.904s][info][gc,start       ] GC(620) Pause Young (Allocation Failure)
[240.905s][info][gc,heap        ] GC(620) PSYoungGen: 287808K(309760K)->64K(309248K) Eden: 287744K(287744K)->0K(287744K) From: 64K(22016K)->64K(21504K)
[240.905s][info][gc,heap        ] GC(620) ParOldGen: 205277K(205312K)->205293K(205312K)
[240.905s][info][gc,metaspace   ] GC(620) Metaspace: 35174K(35840K)->35174K(35840K) NonClass: 28914K(29376K)->28914K(29376K) Class: 6260K(6464K)->6260K(6464K)
[240.905s][info][gc             ] GC(620) Pause Young (Allocation Failure) 481M->200M(502M) 1.223ms
[240.905s][info][gc,cpu         ] GC(620) User=0.00s Sys=0.00s Real=0.01s
[241.125s][info][gc,start       ] GC(621) Pause Young (Allocation Failure)
[241.126s][info][gc,heap        ] GC(621) PSYoungGen: 287808K(309248K)->64K(311296K) Eden: 287744K(287744K)->0K(290816K) From: 64K(21504K)->64K(20480K)
[241.126s][info][gc,heap        ] GC(621) ParOldGen: 205293K(205312K)->205309K(205312K)
[241.126s][info][gc,metaspace   ] GC(621) Metaspace: 35174K(35840K)->35174K(35840K) NonClass: 28914K(29376K)->28914K(29376K) Class: 6260K(6464K)->6260K(6464K)
[241.126s][info][gc             ] GC(621) Pause Young (Allocation Failure) 481M->200M(504M) 1.085ms
[241.126s][info][gc,cpu         ] GC(621) User=0.00s Sys=0.00s Real=0.01s
[241.351s][info][gc,start       ] GC(622) Pause Young (Allocation Failure)
[241.352s][info][gc,heap        ] GC(622) PSYoungGen: 290880K(311296K)->64K(310784K) Eden: 290816K(290816K)->0K(290816K) From: 64K(20480K)->64K(19968K)
[241.352s][info][gc,heap        ] GC(622) ParOldGen: 205309K(205312K)->205309K(205312K)
[241.352s][info][gc,metaspace   ] GC(622) Metaspace: 35174K(35840K)->35174K(35840K) NonClass: 28914K(29376K)->28914K(29376K) Class: 6260K(6464K)->6260K(6464K)
[241.352s][info][gc             ] GC(622) Pause Young (Allocation Failure) 484M->200M(504M) 1.121ms
[241.352s][info][gc,cpu         ] GC(622) User=0.01s Sys=0.00s Real=0.00s
[241.710s][info][gc,start       ] GC(623) Pause Young (Allocation Failure)
[241.711s][info][gc,heap        ] GC(623) PSYoungGen: 290880K(310784K)->64K(312832K) Eden: 290816K(290816K)->0K(294400K) From: 64K(19968K)->64K(18432K)
[241.711s][info][gc,heap        ] GC(623) ParOldGen: 205309K(205312K)->205309K(205312K)
[241.711s][info][gc,metaspace   ] GC(623) Metaspace: 35174K(35840K)->35174K(35840K) NonClass: 28914K(29376K)->28914K(29376K) Class: 6260K(6464K)->6260K(6464K)
[241.711s][info][gc             ] GC(623) Pause Young (Allocation Failure) 484M->200M(506M) 1.033ms
[241.711s][info][gc,cpu         ] GC(623) User=0.00s Sys=0.00s Real=0.00s
[241.808s][info][gc,start       ] GC(624) Pause Young (Allocation Failure)
[241.809s][info][gc,heap        ] GC(624) PSYoungGen: 294464K(312832K)->64K(312320K) Eden: 294400K(294400K)->0K(294400K) From: 64K(18432K)->64K(17920K)
[241.809s][info][gc,heap        ] GC(624) ParOldGen: 205309K(205312K)->205317K(205824K)
[241.809s][info][gc,metaspace   ] GC(624) Metaspace: 35174K(35840K)->35174K(35840K) NonClass: 28914K(29376K)->28914K(29376K) Class: 6260K(6464K)->6260K(6464K)
[241.809s][info][gc             ] GC(624) Pause Young (Allocation Failure) 488M->200M(506M) 1.027ms
[241.809s][info][gc,cpu         ] GC(624) User=0.00s Sys=0.00s Real=0.00s
[241.863s][info][gc,start       ] GC(625) Pause Young (Allocation Failure)
[241.864s][info][gc,heap        ] GC(625) PSYoungGen: 294464K(312320K)->64K(314880K) Eden: 294400K(294400K)->0K(297984K) From: 64K(17920K)->64K(16896K)
[241.864s][info][gc,heap        ] GC(625) ParOldGen: 205317K(205824K)->205333K(205824K)
[241.864s][info][gc,metaspace   ] GC(625) Metaspace: 35174K(35840K)->35174K(35840K) NonClass: 28914K(29376K)->28914K(29376K) Class: 6260K(6464K)->6260K(6464K)
[241.864s][info][gc             ] GC(625) Pause Young (Allocation Failure) 488M->200M(508M) 1.061ms
[241.864s][info][gc,cpu         ] GC(625) User=0.00s Sys=0.00s Real=0.00s
[242.095s][info][gc,start       ] GC(626) Pause Young (Allocation Failure)
[242.096s][info][gc,heap        ] GC(626) PSYoungGen: 298048K(314880K)->64K(314368K) Eden: 297984K(297984K)->0K(297984K) From: 64K(16896K)->64K(16384K)
[242.096s][info][gc,heap        ] GC(626) ParOldGen: 205333K(205824K)->205333K(205824K)
[242.096s][info][gc,metaspace   ] GC(626) Metaspace: 35174K(35840K)->35174K(35840K) NonClass: 28914K(29376K)->28914K(29376K) Class: 6260K(6464K)->6260K(6464K)
[242.096s][info][gc             ] GC(626) Pause Young (Allocation Failure) 491M->200M(508M) 1.067ms
[242.096s][info][gc,cpu         ] GC(626) User=0.00s Sys=0.00s Real=0.01s
[242.415s][info][gc,start       ] GC(627) Pause Young (Allocation Failure)
[242.416s][info][gc,heap        ] GC(627) PSYoungGen: 298048K(314368K)->64K(316416K) Eden: 297984K(297984K)->0K(301568K) From: 64K(16384K)->64K(14848K)
[242.416s][info][gc,heap        ] GC(627) ParOldGen: 205333K(205824K)->205341K(205824K)
[242.416s][info][gc,metaspace   ] GC(627) Metaspace: 35174K(35840K)->35174K(35840K) NonClass: 28914K(29376K)->28914K(29376K) Class: 6260K(6464K)->6260K(6464K)
[242.416s][info][gc             ] GC(627) Pause Young (Allocation Failure) 491M->200M(510M) 1.075ms
[242.416s][info][gc,cpu         ] GC(627) User=0.00s Sys=0.00s Real=0.00s
[242.566s][info][gc,start       ] GC(628) Pause Young (Allocation Failure)
[242.567s][info][gc,heap        ] GC(628) PSYoungGen: 301632K(316416K)->64K(315904K) Eden: 301568K(301568K)->0K(301568K) From: 64K(14848K)->64K(14336K)
[242.567s][info][gc,heap        ] GC(628) ParOldGen: 205341K(205824K)->205349K(205824K)
[242.567s][info][gc,metaspace   ] GC(628) Metaspace: 35174K(35840K)->35174K(35840K) NonClass: 28914K(29376K)->28914K(29376K) Class: 6260K(6464K)->6260K(6464K)
[242.567s][info][gc             ] GC(628) Pause Young (Allocation Failure) 495M->200M(509M) 1.121ms
[242.567s][info][gc,cpu         ] GC(628) User=0.00s Sys=0.00s Real=0.00s
[242.653s][info][gc,start       ] GC(629) Pause Young (Allocation Failure)
[242.654s][info][gc,heap        ] GC(629) PSYoungGen: 301632K(315904K)->64K(318464K) Eden: 301568K(301568K)->0K(305664K) From: 64K(14336K)->64K(12800K)
[242.654s][info][gc,heap        ] GC(629) ParOldGen: 205349K(205824K)->205357K(205824K)
[242.654s][info][gc,metaspace   ] GC(629) Metaspace: 35174K(35840K)->35174K(35840K) NonClass: 28914K(29376K)->28914K(29376K) Class: 6260K(6464K)->6260K(6464K)
[242.654s][info][gc             ] GC(629) Pause Young (Allocation Failure) 495M->200M(512M) 1.128ms
[242.654s][info][gc,cpu         ] GC(629) User=0.00s Sys=0.00s Real=0.00s
[242.859s][info][gc,start       ] GC(630) Pause Young (Allocation Failure)
[242.860s][info][gc,heap        ] GC(630) PSYoungGen: 305728K(318464K)->64K(293888K) Eden: 305664K(305664K)->0K(293376K) From: 64K(12800K)->64K(512K)
[242.860s][info][gc,heap        ] GC(630) ParOldGen: 205357K(205824K)->205365K(205824K)
[242.860s][info][gc,metaspace   ] GC(630) Metaspace: 35174K(35840K)->35174K(35840K) NonClass: 28914K(29376K)->28914K(29376K) Class: 6260K(6464K)->6260K(6464K)
[242.860s][info][gc             ] GC(630) Pause Young (Allocation Failure) 499M->200M(488M) 1.129ms
[242.860s][info][gc,cpu         ] GC(630) User=0.01s Sys=0.00s Real=0.00s
[243.883s][info][gc,start       ] GC(631) Pause Young (Allocation Failure)
[243.885s][info][gc,heap        ] GC(631) PSYoungGen: 293440K(293888K)->64K(282112K) Eden: 293376K(293376K)->0K(281600K) From: 64K(512K)->64K(512K)
[243.885s][info][gc,heap        ] GC(631) ParOldGen: 205365K(205824K)->205373K(205824K)
[243.885s][info][gc,metaspace   ] GC(631) Metaspace: 35174K(35840K)->35174K(35840K) NonClass: 28914K(29376K)->28914K(29376K) Class: 6260K(6464K)->6260K(6464K)
[243.885s][info][gc             ] GC(631) Pause Young (Allocation Failure) 487M->200M(476M) 1.494ms
[243.885s][info][gc,cpu         ] GC(631) User=0.01s Sys=0.00s Real=0.00s
[244.771s][info][gc,start       ] GC(632) Pause Young (Allocation Failure)
[244.772s][info][gc,heap        ] GC(632) PSYoungGen: 281664K(282112K)->64K(281600K) Eden: 281600K(281600K)->0K(270336K) From: 64K(512K)->64K(11264K)
[244.772s][info][gc,heap        ] GC(632) ParOldGen: 205373K(205824K)->205381K(205824K)
[244.772s][info][gc,metaspace   ] GC(632) Metaspace: 35174K(35840K)->35174K(35840K) NonClass: 28914K(29376K)->28914K(29376K) Class: 6260K(6464K)->6260K(6464K)
[244.772s][info][gc             ] GC(632) Pause Young (Allocation Failure) 475M->200M(476M) 1.129ms
[244.772s][info][gc,cpu         ] GC(632) User=0.00s Sys=0.00s Real=0.00s
[244.987s][info][gc,start       ] GC(633) Pause Young (Allocation Failure)
[244.990s][info][gc,heap        ] GC(633) PSYoungGen: 270400K(281600K)->64K(260096K) Eden: 270336K(270336K)->0K(259584K) From: 64K(11264K)->64K(512K)
[244.990s][info][gc,heap        ] GC(633) ParOldGen: 205381K(205824K)->205397K(205824K)
[244.990s][info][gc,metaspace   ] GC(633) Metaspace: 35174K(35840K)->35174K(35840K) NonClass: 28914K(29376K)->28914K(29376K) Class: 6260K(6464K)->6260K(6464K)
[244.990s][info][gc             ] GC(633) Pause Young (Allocation Failure) 464M->200M(455M) 2.472ms
[244.990s][info][gc,cpu         ] GC(633) User=0.01s Sys=0.00s Real=0.00s
[245.404s][info][gc,start       ] GC(634) Pause Young (Allocation Failure)
[245.406s][info][gc,heap        ] GC(634) PSYoungGen: 259648K(260096K)->64K(259072K) Eden: 259584K(259584K)->0K(249344K) From: 64K(512K)->64K(9728K)
[245.406s][info][gc,heap        ] GC(634) ParOldGen: 205397K(205824K)->205413K(205824K)
[245.406s][info][gc,metaspace   ] GC(634) Metaspace: 35174K(35840K)->35174K(35840K) NonClass: 28914K(29376K)->28914K(29376K) Class: 6260K(6464K)->6260K(6464K)
[245.406s][info][gc             ] GC(634) Pause Young (Allocation Failure) 454M->200M(454M) 1.826ms
[245.406s][info][gc,cpu         ] GC(634) User=0.00s Sys=0.00s Real=0.01s
[246.365s][info][gc,start       ] GC(635) Pause Young (Allocation Failure)
[246.367s][info][gc,heap        ] GC(635) PSYoungGen: 249408K(259072K)->64K(240128K) Eden: 249344K(249344K)->0K(239616K) From: 64K(9728K)->64K(512K)
[246.367s][info][gc,heap        ] GC(635) ParOldGen: 205413K(205824K)->205421K(205824K)
[246.367s][info][gc,metaspace   ] GC(635) Metaspace: 35174K(35840K)->35174K(35840K) NonClass: 28914K(29376K)->28914K(29376K) Class: 6260K(6464K)->6260K(6464K)
[246.367s][info][gc             ] GC(635) Pause Young (Allocation Failure) 444M->200M(435M) 2.648ms
[246.367s][info][gc,cpu         ] GC(635) User=0.01s Sys=0.01s Real=0.01s
[246.747s][info][gc,start       ] GC(636) Pause Young (Allocation Failure)
[246.748s][info][gc,heap        ] GC(636) PSYoungGen: 239680K(240128K)->64K(239104K) Eden: 239616K(239616K)->0K(230400K) From: 64K(512K)->64K(8704K)
[246.748s][info][gc,heap        ] GC(636) ParOldGen: 205421K(205824K)->205429K(205824K)
[246.748s][info][gc,metaspace   ] GC(636) Metaspace: 35174K(35840K)->35174K(35840K) NonClass: 28914K(29376K)->28914K(29376K) Class: 6260K(6464K)->6260K(6464K)
[246.748s][info][gc             ] GC(636) Pause Young (Allocation Failure) 434M->200M(434M) 1.803ms
[246.749s][info][gc,cpu         ] GC(636) User=0.00s Sys=0.00s Real=0.00s
[246.947s][info][gc,start       ] GC(637) Pause Young (Allocation Failure)
[246.950s][info][gc,heap        ] GC(637) PSYoungGen: 230464K(239104K)->64K(222208K) Eden: 230400K(230400K)->0K(221696K) From: 64K(8704K)->64K(512K)
[246.950s][info][gc,heap        ] GC(637) ParOldGen: 205429K(205824K)->205437K(205824K)
[246.950s][info][gc,metaspace   ] GC(637) Metaspace: 35174K(35840K)->35174K(35840K) NonClass: 28914K(29376K)->28914K(29376K) Class: 6260K(6464K)->6260K(6464K)
[246.950s][info][gc             ] GC(637) Pause Young (Allocation Failure) 425M->200M(418M) 2.867ms
[246.950s][info][gc,cpu         ] GC(637) User=0.01s Sys=0.00s Real=0.00s
[247.004s][info][gc,start       ] GC(638) Pause Young (Allocation Failure)
[247.006s][info][gc,heap        ] GC(638) PSYoungGen: 221760K(222208K)->32K(271360K) Eden: 221696K(221696K)->0K(263680K) From: 64K(512K)->32K(7680K)
[247.006s][info][gc,heap        ] GC(638) ParOldGen: 205437K(205824K)->205453K(205824K)
[247.006s][info][gc,metaspace   ] GC(638) Metaspace: 35174K(35840K)->35174K(35840K) NonClass: 28914K(29376K)->28914K(29376K) Class: 6260K(6464K)->6260K(6464K)
[247.006s][info][gc             ] GC(638) Pause Young (Allocation Failure) 417M->200M(466M) 1.712ms
[247.006s][info][gc,cpu         ] GC(638) User=0.00s Sys=0.00s Real=0.01s
[247.537s][info][gc,start       ] GC(639) Pause Young (Allocation Failure)
[247.539s][info][gc,heap        ] GC(639) PSYoungGen: 263712K(271360K)->64K(253952K) Eden: 263680K(263680K)->0K(253440K) From: 32K(7680K)->64K(512K)
[247.539s][info][gc,heap        ] GC(639) ParOldGen: 205453K(205824K)->205453K(205824K)
[247.539s][info][gc,metaspace   ] GC(639) Metaspace: 35174K(35840K)->35174K(35840K) NonClass: 28914K(29376K)->28914K(29376K) Class: 6260K(6464K)->6260K(6464K)
[247.539s][info][gc             ] GC(639) Pause Young (Allocation Failure) 458M->200M(449M) 2.438ms
[247.539s][info][gc,cpu         ] GC(639) User=0.00s Sys=0.00s Real=0.00s
[247.887s][info][gc,start       ] GC(640) Pause Young (Allocation Failure)
[247.889s][info][gc,heap        ] GC(640) PSYoungGen: 253504K(253952K)->64K(250368K) Eden: 253440K(253440K)->0K(243712K) From: 64K(512K)->64K(6656K)
[247.889s][info][gc,heap        ] GC(640) ParOldGen: 205453K(205824K)->205469K(205824K)
[247.889s][info][gc,metaspace   ] GC(640) Metaspace: 35174K(35840K)->35174K(35840K) NonClass: 28914K(29376K)->28914K(29376K) Class: 6260K(6464K)->6260K(6464K)
[247.889s][info][gc             ] GC(640) Pause Young (Allocation Failure) 448M->200M(445M) 1.772ms
[247.889s][info][gc,cpu         ] GC(640) User=0.00s Sys=0.00s Real=0.00s
[248.257s][info][gc,start       ] GC(641) Pause Young (Allocation Failure)
[248.284s][info][gc,heap        ] GC(641) PSYoungGen: 243776K(250368K)->6144K(263680K) Eden: 243712K(243712K)->0K(257536K) From: 64K(6656K)->6144K(6144K)
[248.284s][info][gc,heap        ] GC(641) ParOldGen: 205469K(205824K)->212037K(212480K)
[248.284s][info][gc,metaspace   ] GC(641) Metaspace: 35174K(35840K)->35174K(35840K) NonClass: 28914K(29376K)->28914K(29376K) Class: 6260K(6464K)->6260K(6464K)
[248.284s][info][gc             ] GC(641) Pause Young (Allocation Failure) 438M->213M(465M) 27.032ms
[248.284s][info][gc,cpu         ] GC(641) User=0.05s Sys=0.00s Real=0.02s
[248.548s][info][gc,start       ] GC(642) Pause Young (Allocation Failure)
[248.603s][info][gc,heap        ] GC(642) PSYoungGen: 263680K(263680K)->10240K(267776K) Eden: 257536K(257536K)->0K(257536K) From: 6144K(6144K)->10240K(10240K)
[248.603s][info][gc,heap        ] GC(642) ParOldGen: 212037K(212480K)->229213K(229376K)
[248.603s][info][gc,metaspace   ] GC(642) Metaspace: 35174K(35840K)->35174K(35840K) NonClass: 28914K(29376K)->28914K(29376K) Class: 6260K(6464K)->6260K(6464K)
[248.603s][info][gc             ] GC(642) Pause Young (Allocation Failure) 464M->233M(485M) 54.687ms
[248.603s][info][gc,cpu         ] GC(642) User=0.10s Sys=0.02s Real=0.05s
[248.867s][info][gc,start       ] GC(643) Pause Young (Allocation Failure)
[248.928s][info][gc,heap        ] GC(643) PSYoungGen: 267776K(267776K)->18944K(300544K) Eden: 257536K(257536K)->0K(281600K) From: 10240K(10240K)->18944K(18944K)
[248.928s][info][gc,heap        ] GC(643) ParOldGen: 229213K(229376K)->238045K(238080K)
[248.928s][info][gc,metaspace   ] GC(643) Metaspace: 35174K(35840K)->35174K(35840K) NonClass: 28914K(29376K)->28914K(29376K) Class: 6260K(6464K)->6260K(6464K)
[248.928s][info][gc             ] GC(643) Pause Young (Allocation Failure) 485M->250M(526M) 61.519ms
[248.928s][info][gc,cpu         ] GC(643) User=0.10s Sys=0.02s Real=0.06s
[249.029s][info][gc,start       ] GC(644) Pause Young (Allocation Failure)
[249.037s][info][gc,heap        ] GC(644) PSYoungGen: 300544K(300544K)->1952K(307712K) Eden: 281600K(281600K)->0K(281600K) From: 18944K(18944K)->1952K(26112K)
[249.037s][info][gc,heap        ] GC(644) ParOldGen: 238045K(238080K)->238365K(238592K)
[249.037s][info][gc,metaspace   ] GC(644) Metaspace: 35174K(35840K)->35174K(35840K) NonClass: 28914K(29376K)->28914K(29376K) Class: 6260K(6464K)->6260K(6464K)
[249.037s][info][gc             ] GC(644) Pause Young (Allocation Failure) 525M->234M(533M) 7.291ms
[249.037s][info][gc,cpu         ] GC(644) User=0.01s Sys=0.01s Real=0.01s
[249.629s][info][gc,start       ] GC(645) Pause Young (Allocation Failure)
[249.630s][info][gc,heap        ] GC(645) PSYoungGen: 283552K(307712K)->64K(304640K) Eden: 281600K(281600K)->0K(282624K) From: 1952K(26112K)->64K(22016K)
[249.630s][info][gc,heap        ] GC(645) ParOldGen: 238365K(238592K)->238373K(238592K)
[249.630s][info][gc,metaspace   ] GC(645) Metaspace: 35174K(35840K)->35174K(35840K) NonClass: 28914K(29376K)->28914K(29376K) Class: 6260K(6464K)->6260K(6464K)
[249.630s][info][gc             ] GC(645) Pause Young (Allocation Failure) 509M->232M(530M) 1.434ms
[249.630s][info][gc,cpu         ] GC(645) User=0.00s Sys=0.00s Real=0.00s
[250.107s][info][gc,start       ] GC(646) Pause Young (Allocation Failure)
[250.108s][info][gc,heap        ] GC(646) PSYoungGen: 282688K(304640K)->64K(306688K) Eden: 282624K(282624K)->0K(282624K) From: 64K(22016K)->64K(24064K)
[250.108s][info][gc,heap        ] GC(646) ParOldGen: 238373K(238592K)->238381K(238592K)
[250.108s][info][gc,metaspace   ] GC(646) Metaspace: 35174K(35840K)->35174K(35840K) NonClass: 28914K(29376K)->28914K(29376K) Class: 6260K(6464K)->6260K(6464K)
[250.108s][info][gc             ] GC(646) Pause Young (Allocation Failure) 508M->232M(532M) 1.186ms
[250.108s][info][gc,cpu         ] GC(646) User=0.00s Sys=0.00s Real=0.00s
[250.556s][info][gc,start       ] GC(647) Pause Young (Allocation Failure)
[250.558s][info][gc,heap        ] GC(647) PSYoungGen: 282688K(306688K)->64K(306688K) Eden: 282624K(282624K)->0K(286720K) From: 64K(24064K)->64K(19968K)
[250.558s][info][gc,heap        ] GC(647) ParOldGen: 238381K(238592K)->238397K(238592K)
[250.558s][info][gc,metaspace   ] GC(647) Metaspace: 35174K(35840K)->35174K(35840K) NonClass: 28914K(29376K)->28914K(29376K) Class: 6260K(6464K)->6260K(6464K)
[250.558s][info][gc             ] GC(647) Pause Young (Allocation Failure) 508M->232M(532M) 1.229ms
[250.558s][info][gc,cpu         ] GC(647) User=0.00s Sys=0.00s Real=0.00s
[250.786s][info][gc,start       ] GC(648) Pause Young (Allocation Failure)
[250.787s][info][gc,heap        ] GC(648) PSYoungGen: 286784K(306688K)->64K(308736K) Eden: 286720K(286720K)->0K(286720K) From: 64K(19968K)->64K(22016K)
[250.787s][info][gc,heap        ] GC(648) ParOldGen: 238397K(238592K)->238413K(238592K)
[250.787s][info][gc,metaspace   ] GC(648) Metaspace: 35174K(35840K)->35174K(35840K) NonClass: 28914K(29376K)->28914K(29376K) Class: 6260K(6464K)->6260K(6464K)
[250.787s][info][gc             ] GC(648) Pause Young (Allocation Failure) 512M->232M(534M) 1.181ms
[250.787s][info][gc,cpu         ] GC(648) User=0.00s Sys=0.00s Real=0.00s
[251.012s][info][gc,start       ] GC(649) Pause Young (Allocation Failure)
[251.013s][info][gc,heap        ] GC(649) PSYoungGen: 286784K(308736K)->64K(309248K) Eden: 286720K(286720K)->0K(290304K) From: 64K(22016K)->64K(18944K)
[251.013s][info][gc,heap        ] GC(649) ParOldGen: 238413K(238592K)->238413K(238592K)
[251.013s][info][gc,metaspace   ] GC(649) Metaspace: 35174K(35840K)->35174K(35840K) NonClass: 28914K(29376K)->28914K(29376K) Class: 6260K(6464K)->6260K(6464K)
[251.013s][info][gc             ] GC(649) Pause Young (Allocation Failure) 512M->232M(535M) 1.188ms
[251.013s][info][gc,cpu         ] GC(649) User=0.01s Sys=0.00s Real=0.00s
[251.396s][info][gc,start       ] GC(650) Pause Young (Allocation Failure)
[251.397s][info][gc,heap        ] GC(650) PSYoungGen: 290368K(309248K)->64K(310784K) Eden: 290304K(290304K)->0K(290304K) From: 64K(18944K)->64K(20480K)
[251.397s][info][gc,heap        ] GC(650) ParOldGen: 238413K(238592K)->238413K(238592K)
[251.397s][info][gc,metaspace   ] GC(650) Metaspace: 35174K(35840K)->35174K(35840K) NonClass: 28914K(29376K)->28914K(29376K) Class: 6260K(6464K)->6260K(6464K)
[251.397s][info][gc             ] GC(650) Pause Young (Allocation Failure) 516M->232M(536M) 1.279ms
[251.397s][info][gc,cpu         ] GC(650) User=0.00s Sys=0.00s Real=0.00s
[251.453s][info][gc,start       ] GC(651) Pause Young (Allocation Failure)
[251.455s][info][gc,heap        ] GC(651) PSYoungGen: 290367K(310784K)->64K(310784K) Eden: 290303K(290304K)->0K(293888K) From: 64K(20480K)->64K(16896K)
[251.455s][info][gc,heap        ] GC(651) ParOldGen: 238413K(238592K)->238421K(238592K)
[251.455s][info][gc,metaspace   ] GC(651) Metaspace: 35174K(35840K)->35174K(35840K) NonClass: 28914K(29376K)->28914K(29376K) Class: 6260K(6464K)->6260K(6464K)
[251.455s][info][gc             ] GC(651) Pause Young (Allocation Failure) 516M->232M(536M) 1.208ms
[251.455s][info][gc,cpu         ] GC(651) User=0.00s Sys=0.00s Real=0.00s
[251.513s][info][gc,start       ] GC(652) Pause Young (Allocation Failure)
[251.514s][info][gc,heap        ] GC(652) PSYoungGen: 293952K(310784K)->64K(312320K) Eden: 293888K(293888K)->0K(293888K) From: 64K(16896K)->64K(18432K)
[251.514s][info][gc,heap        ] GC(652) ParOldGen: 238421K(238592K)->238437K(238592K)
[251.514s][info][gc,metaspace   ] GC(652) Metaspace: 35174K(35840K)->35174K(35840K) NonClass: 28914K(29376K)->28914K(29376K) Class: 6260K(6464K)->6260K(6464K)
[251.514s][info][gc             ] GC(652) Pause Young (Allocation Failure) 519M->232M(538M) 1.131ms
[251.514s][info][gc,cpu         ] GC(652) User=0.00s Sys=0.00s Real=0.00s
[251.807s][info][gc,start       ] GC(653) Pause Young (Allocation Failure)
[251.809s][info][gc,heap        ] GC(653) PSYoungGen: 293952K(312320K)->64K(312832K) Eden: 293888K(293888K)->0K(297984K) From: 64K(18432K)->64K(14848K)
[251.809s][info][gc,heap        ] GC(653) ParOldGen: 238437K(238592K)->238437K(238592K)
[251.809s][info][gc,metaspace   ] GC(653) Metaspace: 35174K(35840K)->35174K(35840K) NonClass: 28914K(29376K)->28914K(29376K) Class: 6260K(6464K)->6260K(6464K)
[251.809s][info][gc             ] GC(653) Pause Young (Allocation Failure) 519M->232M(538M) 1.167ms
[251.809s][info][gc,cpu         ] GC(653) User=0.00s Sys=0.00s Real=0.00s
[252.120s][info][gc,start       ] GC(654) Pause Young (Allocation Failure)
[252.122s][info][gc,heap        ] GC(654) PSYoungGen: 298048K(312832K)->64K(314368K) Eden: 297984K(297984K)->0K(297984K) From: 64K(14848K)->64K(16384K)
[252.122s][info][gc,heap        ] GC(654) ParOldGen: 238437K(238592K)->238445K(238592K)
[252.122s][info][gc,metaspace   ] GC(654) Metaspace: 35174K(35840K)->35174K(35840K) NonClass: 28914K(29376K)->28914K(29376K) Class: 6260K(6464K)->6260K(6464K)
[252.122s][info][gc             ] GC(654) Pause Young (Allocation Failure) 523M->232M(540M) 1.179ms
[252.122s][info][gc,cpu         ] GC(654) User=0.00s Sys=0.00s Real=0.00s
[252.252s][info][gc,start       ] GC(655) Pause Young (Allocation Failure)
[252.253s][info][gc,heap        ] GC(655) PSYoungGen: 298048K(314368K)->64K(314880K) Eden: 297984K(297984K)->0K(302080K) From: 64K(16384K)->64K(12800K)
[252.253s][info][gc,heap        ] GC(655) ParOldGen: 238445K(238592K)->238453K(238592K)
[252.253s][info][gc,metaspace   ] GC(655) Metaspace: 35174K(35840K)->35174K(35840K) NonClass: 28914K(29376K)->28914K(29376K) Class: 6260K(6464K)->6260K(6464K)
[252.253s][info][gc             ] GC(655) Pause Young (Allocation Failure) 523M->232M(540M) 1.340ms
[252.253s][info][gc,cpu         ] GC(655) User=0.00s Sys=0.00s Real=0.00s
[252.354s][info][gc,start       ] GC(656) Pause Young (Allocation Failure)
[252.355s][info][gc,heap        ] GC(656) PSYoungGen: 302144K(314880K)->64K(316416K) Eden: 302080K(302080K)->0K(302080K) From: 64K(12800K)->64K(14336K)
[252.355s][info][gc,heap        ] GC(656) ParOldGen: 238453K(238592K)->238461K(238592K)
[252.355s][info][gc,metaspace   ] GC(656) Metaspace: 35174K(35840K)->35174K(35840K) NonClass: 28914K(29376K)->28914K(29376K) Class: 6260K(6464K)->6260K(6464K)
[252.355s][info][gc             ] GC(656) Pause Young (Allocation Failure) 527M->232M(542M) 1.262ms
[252.355s][info][gc,cpu         ] GC(656) User=0.00s Sys=0.00s Real=0.01s
[252.553s][info][gc,start       ] GC(657) Pause Young (Allocation Failure)
[252.555s][info][gc,heap        ] GC(657) PSYoungGen: 302144K(316416K)->64K(290304K) Eden: 302080K(302080K)->0K(289792K) From: 64K(14336K)->64K(512K)
[252.555s][info][gc,heap        ] GC(657) ParOldGen: 238461K(238592K)->238469K(238592K)
[252.555s][info][gc,metaspace   ] GC(657) Metaspace: 35174K(35840K)->35174K(35840K) NonClass: 28914K(29376K)->28914K(29376K) Class: 6260K(6464K)->6260K(6464K)
[252.555s][info][gc             ] GC(657) Pause Young (Allocation Failure) 527M->232M(516M) 1.816ms
[252.555s][info][gc,cpu         ] GC(657) User=0.00s Sys=0.00s Real=0.00s
[253.510s][info][gc,start       ] GC(658) Pause Young (Allocation Failure)
[253.511s][info][gc,heap        ] GC(658) PSYoungGen: 289856K(290304K)->64K(290816K) Eden: 289792K(289792K)->0K(278016K) From: 64K(512K)->64K(12800K)
[253.511s][info][gc,heap        ] GC(658) ParOldGen: 238469K(238592K)->238477K(238592K)
[253.511s][info][gc,metaspace   ] GC(658) Metaspace: 35174K(35840K)->35174K(35840K) NonClass: 28914K(29376K)->28914K(29376K) Class: 6260K(6464K)->6260K(6464K)
[253.511s][info][gc             ] GC(658) Pause Young (Allocation Failure) 515M->232M(517M) 1.181ms
[253.511s][info][gc,cpu         ] GC(658) User=0.00s Sys=0.00s Real=0.00s
[254.398s][info][gc,start       ] GC(659) Pause Young (Allocation Failure)
[254.400s][info][gc,heap        ] GC(659) PSYoungGen: 278080K(290816K)->64K(267776K) Eden: 278016K(278016K)->0K(267264K) From: 64K(12800K)->64K(512K)
[254.400s][info][gc,heap        ] GC(659) ParOldGen: 238477K(238592K)->238485K(238592K)
[254.400s][info][gc,metaspace   ] GC(659) Metaspace: 35174K(35840K)->35174K(35840K) NonClass: 28914K(29376K)->28914K(29376K) Class: 6260K(6464K)->6260K(6464K)
[254.400s][info][gc             ] GC(659) Pause Young (Allocation Failure) 504M->232M(494M) 1.630ms
[254.400s][info][gc,cpu         ] GC(659) User=0.01s Sys=0.00s Real=0.00s
[254.648s][info][gc,start       ] GC(660) Pause Young (Allocation Failure)
[254.649s][info][gc,heap        ] GC(660) PSYoungGen: 267328K(267776K)->64K(268288K) Eden: 267264K(267264K)->0K(257024K) From: 64K(512K)->64K(11264K)
[254.649s][info][gc,heap        ] GC(660) ParOldGen: 238485K(238592K)->238493K(238592K)
[254.649s][info][gc,metaspace   ] GC(660) Metaspace: 35174K(35840K)->35174K(35840K) NonClass: 28914K(29376K)->28914K(29376K) Class: 6260K(6464K)->6260K(6464K)
[254.649s][info][gc             ] GC(660) Pause Young (Allocation Failure) 493M->232M(495M) 1.171ms
[254.649s][info][gc,cpu         ] GC(660) User=0.00s Sys=0.00s Real=0.00s
[255.026s][info][gc,start       ] GC(661) Pause Young (Allocation Failure)
[255.027s][info][gc,heap        ] GC(661) PSYoungGen: 257088K(268288K)->64K(247808K) Eden: 257024K(257024K)->0K(247296K) From: 64K(11264K)->64K(512K)
[255.027s][info][gc,heap        ] GC(661) ParOldGen: 238493K(238592K)->238501K(238592K)
[255.027s][info][gc,metaspace   ] GC(661) Metaspace: 35174K(35840K)->35174K(35840K) NonClass: 28914K(29376K)->28914K(29376K) Class: 6260K(6464K)->6260K(6464K)
[255.027s][info][gc             ] GC(661) Pause Young (Allocation Failure) 483M->232M(475M) 1.382ms
[255.027s][info][gc,cpu         ] GC(661) User=0.00s Sys=0.00s Real=0.00s
[256.016s][info][gc,start       ] GC(662) Pause Young (Allocation Failure)
[256.017s][info][gc,heap        ] GC(662) PSYoungGen: 247360K(247808K)->64K(247296K) Eden: 247296K(247296K)->0K(237568K) From: 64K(512K)->64K(9728K)
[256.017s][info][gc,heap        ] GC(662) ParOldGen: 238501K(238592K)->238509K(238592K)
[256.017s][info][gc,metaspace   ] GC(662) Metaspace: 35174K(35840K)->35174K(35840K) NonClass: 28914K(29376K)->28914K(29376K) Class: 6260K(6464K)->6260K(6464K)
[256.017s][info][gc             ] GC(662) Pause Young (Allocation Failure) 474M->232M(474M) 1.181ms
[256.017s][info][gc,cpu         ] GC(662) User=0.00s Sys=0.00s Real=0.00s
[256.424s][info][gc,start       ] GC(663) Pause Young (Allocation Failure)
[256.426s][info][gc,heap        ] GC(663) PSYoungGen: 237632K(247296K)->64K(228864K) Eden: 237568K(237568K)->0K(228352K) From: 64K(9728K)->64K(512K)
[256.426s][info][gc,heap        ] GC(663) ParOldGen: 238509K(238592K)->238517K(238592K)
[256.426s][info][gc,metaspace   ] GC(663) Metaspace: 35174K(35840K)->35174K(35840K) NonClass: 28914K(29376K)->28914K(29376K) Class: 6260K(6464K)->6260K(6464K)
[256.426s][info][gc             ] GC(663) Pause Young (Allocation Failure) 464M->232M(456M) 1.786ms
[256.426s][info][gc,cpu         ] GC(663) User=0.00s Sys=0.01s Real=0.01s
[256.623s][info][gc,start       ] GC(664) Pause Young (Allocation Failure)
[256.624s][info][gc,heap        ] GC(664) PSYoungGen: 228416K(228864K)->64K(227840K) Eden: 228352K(228352K)->0K(219648K) From: 64K(512K)->64K(8192K)
[256.624s][info][gc,heap        ] GC(664) ParOldGen: 238517K(238592K)->238525K(238592K)
[256.624s][info][gc,metaspace   ] GC(664) Metaspace: 35174K(35840K)->35174K(35840K) NonClass: 28914K(29376K)->28914K(29376K) Class: 6260K(6464K)->6260K(6464K)
[256.624s][info][gc             ] GC(664) Pause Young (Allocation Failure) 455M->232M(455M) 1.215ms
[256.624s][info][gc,cpu         ] GC(664) User=0.01s Sys=0.00s Real=0.00s
[256.686s][info][gc,start       ] GC(665) Pause Young (Allocation Failure)
[256.688s][info][gc,heap        ] GC(665) PSYoungGen: 219712K(227840K)->64K(211968K) Eden: 219648K(219648K)->0K(211456K) From: 64K(8192K)->64K(512K)
[256.688s][info][gc,heap        ] GC(665) ParOldGen: 238525K(238592K)->238533K(238592K)
[256.688s][info][gc,metaspace   ] GC(665) Metaspace: 35174K(35840K)->35174K(35840K) NonClass: 28914K(29376K)->28914K(29376K) Class: 6260K(6464K)->6260K(6464K)
[256.688s][info][gc             ] GC(665) Pause Young (Allocation Failure) 447M->233M(440M) 2.072ms
[256.688s][info][gc,cpu         ] GC(665) User=0.00s Sys=0.00s Real=0.00s
[257.119s][info][gc,start       ] GC(666) Pause Young (Allocation Failure)
[257.120s][info][gc,heap        ] GC(666) PSYoungGen: 211520K(211968K)->64K(210944K) Eden: 211456K(211456K)->0K(203776K) From: 64K(512K)->64K(7168K)
[257.120s][info][gc,heap        ] GC(666) ParOldGen: 238533K(238592K)->238541K(238592K)
[257.120s][info][gc,metaspace   ] GC(666) Metaspace: 35174K(35840K)->35174K(35840K) NonClass: 28914K(29376K)->28914K(29376K) Class: 6260K(6464K)->6260K(6464K)
[257.120s][info][gc             ] GC(666) Pause Young (Allocation Failure) 439M->233M(439M) 1.631ms
[257.120s][info][gc,cpu         ] GC(666) User=0.00s Sys=0.00s Real=0.00s
[257.482s][info][gc,start       ] GC(667) Pause Young (Allocation Failure)
[257.485s][info][gc,heap        ] GC(667) PSYoungGen: 203840K(210944K)->64K(196608K) Eden: 203776K(203776K)->0K(196096K) From: 64K(7168K)->64K(512K)
[257.485s][info][gc,heap        ] GC(667) ParOldGen: 238541K(238592K)->238549K(238592K)
[257.485s][info][gc,metaspace   ] GC(667) Metaspace: 35229K(35904K)->35229K(35904K) NonClass: 28969K(29440K)->28969K(29440K) Class: 6260K(6464K)->6260K(6464K)
[257.485s][info][gc             ] GC(667) Pause Young (Allocation Failure) 432M->233M(425M) 3.278ms
[257.485s][info][gc,cpu         ] GC(667) User=0.01s Sys=0.00s Real=0.01s
[257.825s][info][gc,start       ] GC(668) Pause Young (Allocation Failure)
[257.827s][info][gc,heap        ] GC(668) PSYoungGen: 196160K(196608K)->32K(195072K) Eden: 196096K(196096K)->0K(188928K) From: 64K(512K)->32K(6144K)
[257.827s][info][gc,heap        ] GC(668) ParOldGen: 238549K(238592K)->238557K(238592K)
[257.827s][info][gc,metaspace   ] GC(668) Metaspace: 35229K(35904K)->35229K(35904K) NonClass: 28969K(29440K)->28969K(29440K) Class: 6260K(6464K)->6260K(6464K)
[257.827s][info][gc             ] GC(668) Pause Young (Allocation Failure) 424M->232M(423M) 2.270ms
[257.827s][info][gc,cpu         ] GC(668) User=0.00s Sys=0.00s Real=0.01s
[258.065s][info][gc,start       ] GC(669) Pause Young (Allocation Failure)
[258.105s][info][gc,heap        ] GC(669) PSYoungGen: 188960K(195072K)->5632K(231936K) Eden: 188928K(188928K)->0K(226304K) From: 32K(6144K)->5632K(5632K)
[258.105s][info][gc,heap        ] GC(669) ParOldGen: 238557K(238592K)->250997K(251392K)
[258.105s][info][gc,metaspace   ] GC(669) Metaspace: 35229K(35904K)->35229K(35904K) NonClass: 28969K(29440K)->28969K(29440K) Class: 6260K(6464K)->6260K(6464K)
[258.105s][info][gc             ] GC(669) Pause Young (Allocation Failure) 417M->250M(472M) 39.460ms
[258.105s][info][gc,cpu         ] GC(669) User=0.06s Sys=0.01s Real=0.03s
[258.339s][info][gc,start       ] GC(670) Pause Young (Allocation Failure)
[258.388s][info][gc,heap        ] GC(670) PSYoungGen: 231936K(231936K)->11776K(265728K) Eden: 226304K(226304K)->0K(253952K) From: 5632K(5632K)->11776K(11776K)
[258.388s][info][gc,heap        ] GC(670) ParOldGen: 250997K(251392K)->263557K(263680K)
[258.388s][info][gc,metaspace   ] GC(670) Metaspace: 35229K(35904K)->35229K(35904K) NonClass: 28969K(29440K)->28969K(29440K) Class: 6260K(6464K)->6260K(6464K)
[258.388s][info][gc             ] GC(670) Pause Young (Allocation Failure) 471M->268M(517M) 49.086ms
[258.388s][info][gc,cpu         ] GC(670) User=0.09s Sys=0.01s Real=0.05s
[258.651s][info][gc,start       ] GC(671) Pause Young (Allocation Failure)
[258.711s][info][gc,heap        ] GC(671) PSYoungGen: 265728K(265728K)->18944K(283648K) Eden: 253952K(253952K)->0K(264704K) From: 11776K(11776K)->18944K(18944K)
[258.711s][info][gc,heap        ] GC(671) ParOldGen: 263557K(263680K)->271829K(271872K)
[258.711s][info][gc,metaspace   ] GC(671) Metaspace: 35229K(35904K)->35229K(35904K) NonClass: 28969K(29440K)->28969K(29440K) Class: 6260K(6464K)->6260K(6464K)
[258.711s][info][gc             ] GC(671) Pause Young (Allocation Failure) 516M->283M(542M) 59.649ms
[258.711s][info][gc,cpu         ] GC(671) User=0.10s Sys=0.02s Real=0.06s
[258.789s][info][gc,start       ] GC(672) Pause Young (Allocation Failure)
[258.793s][info][gc,heap        ] GC(672) PSYoungGen: 283648K(283648K)->288K(290816K) Eden: 264704K(264704K)->0K(264704K) From: 18944K(18944K)->288K(26112K)
[258.793s][info][gc,heap        ] GC(672) ParOldGen: 271829K(271872K)->272133K(272384K)
[258.793s][info][gc,metaspace   ] GC(672) Metaspace: 35229K(35904K)->35229K(35904K) NonClass: 28969K(29440K)->28969K(29440K) Class: 6260K(6464K)->6260K(6464K)
[258.793s][info][gc             ] GC(672) Pause Young (Allocation Failure) 542M->266M(550M) 3.997ms
[258.793s][info][gc,cpu         ] GC(672) User=0.01s Sys=0.00s Real=0.00s
[259.342s][info][gc,start       ] GC(673) Pause Young (Allocation Failure)
[259.343s][info][gc,heap        ] GC(673) PSYoungGen: 264992K(290816K)->64K(305664K) Eden: 264704K(264704K)->0K(282624K) From: 288K(26112K)->64K(23040K)
[259.343s][info][gc,heap        ] GC(673) ParOldGen: 272133K(272384K)->272141K(272384K)
[259.343s][info][gc,metaspace   ] GC(673) Metaspace: 35229K(35904K)->35229K(35904K) NonClass: 28969K(29440K)->28969K(29440K) Class: 6260K(6464K)->6260K(6464K)
[259.343s][info][gc             ] GC(673) Pause Young (Allocation Failure) 524M->265M(564M) 1.213ms
[259.343s][info][gc,cpu         ] GC(673) User=0.01s Sys=0.00s Real=0.00s
[259.854s][info][gc,start       ] GC(674) Pause Young (Allocation Failure)
[259.855s][info][gc,heap        ] GC(674) PSYoungGen: 282688K(305664K)->64K(307200K) Eden: 282624K(282624K)->0K(282624K) From: 64K(23040K)->64K(24576K)
[259.855s][info][gc,heap        ] GC(674) ParOldGen: 272141K(272384K)->272149K(272384K)
[259.855s][info][gc,metaspace   ] GC(674) Metaspace: 35229K(35904K)->35229K(35904K) NonClass: 28969K(29440K)->28969K(29440K) Class: 6260K(6464K)->6260K(6464K)
[259.855s][info][gc             ] GC(674) Pause Young (Allocation Failure) 541M->265M(566M) 1.237ms
[259.855s][info][gc,cpu         ] GC(674) User=0.01s Sys=0.00s Real=0.01s
[260.290s][info][gc,start       ] GC(675) Pause Young (Allocation Failure)
[260.291s][info][gc,heap        ] GC(675) PSYoungGen: 282688K(307200K)->64K(306688K) Eden: 282624K(282624K)->0K(285696K) From: 64K(24576K)->64K(20992K)
[260.291s][info][gc,heap        ] GC(675) ParOldGen: 272149K(272384K)->272165K(272384K)
[260.291s][info][gc,metaspace   ] GC(675) Metaspace: 35229K(35904K)->35229K(35904K) NonClass: 28969K(29440K)->28969K(29440K) Class: 6260K(6464K)->6260K(6464K)
[260.291s][info][gc             ] GC(675) Pause Young (Allocation Failure) 541M->265M(565M) 1.269ms
[260.291s][info][gc,cpu         ] GC(675) User=0.00s Sys=0.00s Real=0.00s
[260.510s][info][gc,start       ] GC(676) Pause Young (Allocation Failure)
[260.512s][info][gc,heap        ] GC(676) PSYoungGen: 285760K(306688K)->32K(308224K) Eden: 285696K(285696K)->0K(285696K) From: 64K(20992K)->32K(22528K)
[260.512s][info][gc,heap        ] GC(676) ParOldGen: 272165K(272384K)->272181K(272384K)
[260.512s][info][gc,metaspace   ] GC(676) Metaspace: 35229K(35904K)->35229K(35904K) NonClass: 28969K(29440K)->28969K(29440K) Class: 6260K(6464K)->6260K(6464K)
[260.512s][info][gc             ] GC(676) Pause Young (Allocation Failure) 544M->265M(567M) 1.245ms
[260.512s][info][gc,cpu         ] GC(676) User=0.00s Sys=0.00s Real=0.00s
[260.729s][info][gc,start       ] GC(677) Pause Young (Allocation Failure)
[260.730s][info][gc,heap        ] GC(677) PSYoungGen: 285728K(308224K)->64K(308736K) Eden: 285696K(285696K)->0K(289792K) From: 32K(22528K)->64K(18944K)
[260.730s][info][gc,heap        ] GC(677) ParOldGen: 272181K(272384K)->272181K(272384K)
[260.730s][info][gc,metaspace   ] GC(677) Metaspace: 35229K(35904K)->35229K(35904K) NonClass: 28969K(29440K)->28969K(29440K) Class: 6260K(6464K)->6260K(6464K)
[260.730s][info][gc             ] GC(677) Pause Young (Allocation Failure) 544M->265M(567M) 1.282ms
[260.730s][info][gc,cpu         ] GC(677) User=0.01s Sys=0.00s Real=0.00s
[261.093s][info][gc,start       ] GC(678) Pause Young (Allocation Failure)
[261.095s][info][gc,heap        ] GC(678) PSYoungGen: 289856K(308736K)->64K(310272K) Eden: 289792K(289792K)->0K(289792K) From: 64K(18944K)->64K(20480K)
[261.095s][info][gc,heap        ] GC(678) ParOldGen: 272181K(272384K)->272181K(272384K)
[261.095s][info][gc,metaspace   ] GC(678) Metaspace: 35229K(35904K)->35229K(35904K) NonClass: 28969K(29440K)->28969K(29440K) Class: 6260K(6464K)->6260K(6464K)
[261.095s][info][gc             ] GC(678) Pause Young (Allocation Failure) 548M->265M(569M) 1.237ms
[261.095s][info][gc,cpu         ] GC(678) User=0.01s Sys=0.00s Real=0.00s
[261.167s][info][gc,start       ] GC(679) Pause Young (Allocation Failure)
[261.168s][info][gc,heap        ] GC(679) PSYoungGen: 289856K(310272K)->64K(310784K) Eden: 289792K(289792K)->0K(293888K) From: 64K(20480K)->64K(16896K)
[261.168s][info][gc,heap        ] GC(679) ParOldGen: 272181K(272384K)->272189K(272384K)
[261.168s][info][gc,metaspace   ] GC(679) Metaspace: 35229K(35904K)->35229K(35904K) NonClass: 28969K(29440K)->28969K(29440K) Class: 6260K(6464K)->6260K(6464K)
[261.168s][info][gc             ] GC(679) Pause Young (Allocation Failure) 548M->265M(569M) 1.244ms
[261.168s][info][gc,cpu         ] GC(679) User=0.00s Sys=0.00s Real=0.00s
[261.223s][info][gc,start       ] GC(680) Pause Young (Allocation Failure)
[261.224s][info][gc,heap        ] GC(680) PSYoungGen: 293952K(310784K)->64K(312320K) Eden: 293888K(293888K)->0K(293888K) From: 64K(16896K)->64K(18432K)
[261.224s][info][gc,heap        ] GC(680) ParOldGen: 272189K(272384K)->272205K(272384K)
[261.224s][info][gc,metaspace   ] GC(680) Metaspace: 35229K(35904K)->35229K(35904K) NonClass: 28969K(29440K)->28969K(29440K) Class: 6260K(6464K)->6260K(6464K)
[261.224s][info][gc             ] GC(680) Pause Young (Allocation Failure) 552M->265M(571M) 1.208ms
[261.224s][info][gc,cpu         ] GC(680) User=0.01s Sys=0.00s Real=0.00s
[261.470s][info][gc,start       ] GC(681) Pause Young (Allocation Failure)
[261.471s][info][gc,heap        ] GC(681) PSYoungGen: 293952K(312320K)->64K(312832K) Eden: 293888K(293888K)->0K(297984K) From: 64K(18432K)->64K(14848K)
[261.471s][info][gc,heap        ] GC(681) ParOldGen: 272205K(272384K)->272205K(272384K)
[261.471s][info][gc,metaspace   ] GC(681) Metaspace: 35229K(35904K)->35229K(35904K) NonClass: 28969K(29440K)->28969K(29440K) Class: 6260K(6464K)->6260K(6464K)
[261.471s][info][gc             ] GC(681) Pause Young (Allocation Failure) 552M->265M(571M) 1.266ms
[261.471s][info][gc,cpu         ] GC(681) User=0.00s Sys=0.00s Real=0.00s
[261.781s][info][gc,start       ] GC(682) Pause Young (Allocation Failure)
[261.782s][info][gc,heap        ] GC(682) PSYoungGen: 298048K(312832K)->64K(314368K) Eden: 297984K(297984K)->0K(297984K) From: 64K(14848K)->64K(16384K)
[261.782s][info][gc,heap        ] GC(682) ParOldGen: 272205K(272384K)->272213K(272384K)
[261.782s][info][gc,metaspace   ] GC(682) Metaspace: 35229K(35904K)->35229K(35904K) NonClass: 28969K(29440K)->28969K(29440K) Class: 6260K(6464K)->6260K(6464K)
[261.782s][info][gc             ] GC(682) Pause Young (Allocation Failure) 556M->265M(573M) 1.230ms
[261.782s][info][gc,cpu         ] GC(682) User=0.00s Sys=0.00s Real=0.00s
[261.922s][info][gc,start       ] GC(683) Pause Young (Allocation Failure)
[261.923s][info][gc,heap        ] GC(683) PSYoungGen: 298048K(314368K)->64K(314880K) Eden: 297984K(297984K)->0K(302080K) From: 64K(16384K)->64K(12800K)
[261.923s][info][gc,heap        ] GC(683) ParOldGen: 272213K(272384K)->272221K(272384K)
[261.923s][info][gc,metaspace   ] GC(683) Metaspace: 35229K(35904K)->35229K(35904K) NonClass: 28969K(29440K)->28969K(29440K) Class: 6260K(6464K)->6260K(6464K)
[261.923s][info][gc             ] GC(683) Pause Young (Allocation Failure) 556M->265M(573M) 1.320ms
[261.923s][info][gc,cpu         ] GC(683) User=0.00s Sys=0.00s Real=0.00s
[262.010s][info][gc,start       ] GC(684) Pause Young (Allocation Failure)
[262.012s][info][gc,heap        ] GC(684) PSYoungGen: 302144K(314880K)->64K(316416K) Eden: 302080K(302080K)->0K(302080K) From: 64K(12800K)->64K(14336K)
[262.012s][info][gc,heap        ] GC(684) ParOldGen: 272221K(272384K)->272229K(272384K)
[262.012s][info][gc,metaspace   ] GC(684) Metaspace: 35229K(35904K)->35229K(35904K) NonClass: 28969K(29440K)->28969K(29440K) Class: 6260K(6464K)->6260K(6464K)
[262.012s][info][gc             ] GC(684) Pause Young (Allocation Failure) 560M->265M(575M) 1.229ms
[262.012s][info][gc,cpu         ] GC(684) User=0.00s Sys=0.00s Real=0.00s
[262.210s][info][gc,start       ] GC(685) Pause Young (Allocation Failure)
[262.211s][info][gc,heap        ] GC(685) PSYoungGen: 302144K(316416K)->64K(317952K) Eden: 302080K(302080K)->0K(306176K) From: 64K(14336K)->64K(11776K)
[262.211s][info][gc,heap        ] GC(685) ParOldGen: 272229K(272384K)->272237K(272384K)
[262.211s][info][gc,metaspace   ] GC(685) Metaspace: 35229K(35904K)->35229K(35904K) NonClass: 28969K(29440K)->28969K(29440K) Class: 6260K(6464K)->6260K(6464K)
[262.211s][info][gc             ] GC(685) Pause Young (Allocation Failure) 560M->265M(576M) 1.259ms
[262.211s][info][gc,cpu         ] GC(685) User=0.00s Sys=0.00s Real=0.00s
[263.177s][info][gc,start       ] GC(686) Pause Young (Allocation Failure)
[263.178s][info][gc,heap        ] GC(686) PSYoungGen: 306240K(317952K)->64K(294400K) Eden: 306176K(306176K)->0K(293888K) From: 64K(11776K)->64K(512K)
[263.178s][info][gc,heap        ] GC(686) ParOldGen: 272237K(272384K)->272245K(272384K)
[263.178s][info][gc,metaspace   ] GC(686) Metaspace: 35229K(35904K)->35229K(35904K) NonClass: 28969K(29440K)->28969K(29440K) Class: 6260K(6464K)->6260K(6464K)
[263.178s][info][gc             ] GC(686) Pause Young (Allocation Failure) 564M->265M(553M) 1.230ms
[263.178s][info][gc,cpu         ] GC(686) User=0.01s Sys=0.00s Real=0.00s
[264.069s][info][gc,start       ] GC(687) Pause Young (Allocation Failure)
[264.070s][info][gc,heap        ] GC(687) PSYoungGen: 293952K(294400K)->64K(282624K) Eden: 293888K(293888K)->0K(282112K) From: 64K(512K)->64K(512K)
[264.070s][info][gc,heap        ] GC(687) ParOldGen: 272245K(272384K)->272253K(272384K)
[264.070s][info][gc,metaspace   ] GC(687) Metaspace: 35229K(35904K)->35229K(35904K) NonClass: 28969K(29440K)->28969K(29440K) Class: 6260K(6464K)->6260K(6464K)
[264.070s][info][gc             ] GC(687) Pause Young (Allocation Failure) 552M->265M(542M) 1.308ms
[264.070s][info][gc,cpu         ] GC(687) User=0.01s Sys=0.00s Real=0.00s
[264.364s][info][gc,start       ] GC(688) Pause Young (Allocation Failure)
[264.366s][info][gc,heap        ] GC(688) PSYoungGen: 282176K(282624K)->64K(282112K) Eden: 282112K(282112K)->0K(270848K) From: 64K(512K)->64K(11264K)
[264.366s][info][gc,heap        ] GC(688) ParOldGen: 272253K(272384K)->272261K(272384K)
[264.366s][info][gc,metaspace   ] GC(688) Metaspace: 35229K(35904K)->35229K(35904K) NonClass: 28969K(29440K)->28969K(29440K) Class: 6260K(6464K)->6260K(6464K)
[264.366s][info][gc             ] GC(688) Pause Young (Allocation Failure) 541M->265M(541M) 1.691ms
[264.366s][info][gc,cpu         ] GC(688) User=0.00s Sys=0.00s Real=0.01s
[264.790s][info][gc,start       ] GC(689) Pause Young (Allocation Failure)
[264.793s][info][gc,heap        ] GC(689) PSYoungGen: 270912K(282112K)->64K(260608K) Eden: 270848K(270848K)->0K(260096K) From: 64K(11264K)->64K(512K)
[264.793s][info][gc,heap        ] GC(689) ParOldGen: 272261K(272384K)->272269K(272384K)
[264.793s][info][gc,metaspace   ] GC(689) Metaspace: 35229K(35904K)->35229K(35904K) NonClass: 28969K(29440K)->28969K(29440K) Class: 6260K(6464K)->6260K(6464K)
[264.793s][info][gc             ] GC(689) Pause Young (Allocation Failure) 530M->265M(520M) 2.469ms
[264.793s][info][gc,cpu         ] GC(689) User=0.00s Sys=0.00s Real=0.00s
[265.725s][info][gc,start       ] GC(690) Pause Young (Allocation Failure)
[265.727s][info][gc,heap        ] GC(690) PSYoungGen: 260160K(260608K)->64K(259584K) Eden: 260096K(260096K)->0K(249856K) From: 64K(512K)->64K(9728K)
[265.727s][info][gc,heap        ] GC(690) ParOldGen: 272269K(272384K)->272277K(272384K)
[265.727s][info][gc,metaspace   ] GC(690) Metaspace: 35229K(35904K)->35229K(35904K) NonClass: 28969K(29440K)->28969K(29440K) Class: 6260K(6464K)->6260K(6464K)
[265.727s][info][gc             ] GC(690) Pause Young (Allocation Failure) 519M->265M(519M) 1.638ms
[265.727s][info][gc,cpu         ] GC(690) User=0.00s Sys=0.00s Real=0.00s
[266.087s][info][gc,start       ] GC(691) Pause Young (Allocation Failure)
[266.089s][info][gc,heap        ] GC(691) PSYoungGen: 249920K(259584K)->64K(240640K) Eden: 249856K(249856K)->0K(240128K) From: 64K(9728K)->64K(512K)
[266.089s][info][gc,heap        ] GC(691) ParOldGen: 272277K(272384K)->272285K(272384K)
[266.089s][info][gc,metaspace   ] GC(691) Metaspace: 35229K(35904K)->35229K(35904K) NonClass: 28969K(29440K)->28969K(29440K) Class: 6260K(6464K)->6260K(6464K)
[266.089s][info][gc             ] GC(691) Pause Young (Allocation Failure) 509M->265M(501M) 2.383ms
[266.089s][info][gc,cpu         ] GC(691) User=0.01s Sys=0.00s Real=0.00s
[266.250s][info][gc,start       ] GC(692) Pause Young (Allocation Failure)
[266.252s][info][gc,heap        ] GC(692) PSYoungGen: 240192K(240640K)->64K(239104K) Eden: 240128K(240128K)->0K(230912K) From: 64K(512K)->64K(8192K)
[266.252s][info][gc,heap        ] GC(692) ParOldGen: 272285K(272384K)->272293K(272384K)
[266.252s][info][gc,metaspace   ] GC(692) Metaspace: 35229K(35904K)->35229K(35904K) NonClass: 28969K(29440K)->28969K(29440K) Class: 6260K(6464K)->6260K(6464K)
[266.252s][info][gc             ] GC(692) Pause Young (Allocation Failure) 500M->265M(499M) 1.629ms
[266.252s][info][gc,cpu         ] GC(692) User=0.00s Sys=0.00s Real=0.00s
[266.363s][info][gc,start       ] GC(693) Pause Young (Allocation Failure)
[266.366s][info][gc,heap        ] GC(693) PSYoungGen: 230976K(239104K)->64K(222720K) Eden: 230912K(230912K)->0K(222208K) From: 64K(8192K)->64K(512K)
[266.366s][info][gc,heap        ] GC(693) ParOldGen: 272293K(272384K)->272301K(272384K)
[266.366s][info][gc,metaspace   ] GC(693) Metaspace: 35229K(35904K)->35229K(35904K) NonClass: 28969K(29440K)->28969K(29440K) Class: 6260K(6464K)->6260K(6464K)
[266.366s][info][gc             ] GC(693) Pause Young (Allocation Failure) 491M->265M(483M) 2.379ms
[266.366s][info][gc,cpu         ] GC(693) User=0.00s Sys=0.00s Real=0.01s
[266.984s][info][gc,start       ] GC(694) Pause Young (Allocation Failure)
[266.986s][info][gc,heap        ] GC(694) PSYoungGen: 222272K(222720K)->64K(221184K) Eden: 222208K(222208K)->0K(214016K) From: 64K(512K)->64K(7168K)
[266.986s][info][gc,heap        ] GC(694) ParOldGen: 272301K(272384K)->272309K(272384K)
[266.986s][info][gc,metaspace   ] GC(694) Metaspace: 35229K(35904K)->35229K(35904K) NonClass: 28969K(29440K)->28969K(29440K) Class: 6260K(6464K)->6260K(6464K)
[266.986s][info][gc             ] GC(694) Pause Young (Allocation Failure) 482M->265M(482M) 2.639ms
[266.986s][info][gc,cpu         ] GC(694) User=0.00s Sys=0.01s Real=0.01s
[267.230s][info][gc,start       ] GC(695) Pause Young (Allocation Failure)
[267.231s][info][gc,heap        ] GC(695) PSYoungGen: 214080K(221184K)->64K(206848K) Eden: 214016K(214016K)->0K(206336K) From: 64K(7168K)->64K(512K)
[267.231s][info][gc,heap        ] GC(695) ParOldGen: 272309K(272384K)->272317K(272384K)
[267.231s][info][gc,metaspace   ] GC(695) Metaspace: 35229K(35904K)->35229K(35904K) NonClass: 28969K(29440K)->28969K(29440K) Class: 6260K(6464K)->6260K(6464K)
[267.231s][info][gc             ] GC(695) Pause Young (Allocation Failure) 474M->265M(468M) 1.741ms
[267.231s][info][gc,cpu         ] GC(695) User=0.00s Sys=0.00s Real=0.00s
[267.551s][info][gc,start       ] GC(696) Pause Young (Allocation Failure)
[267.572s][info][gc,heap        ] GC(696) PSYoungGen: 206400K(206848K)->6144K(252416K) Eden: 206336K(206336K)->0K(246272K) From: 64K(512K)->6144K(6144K)
[267.572s][info][gc,heap        ] GC(696) ParOldGen: 272317K(272384K)->276893K(276992K)
[267.572s][info][gc,metaspace   ] GC(696) Metaspace: 35229K(35904K)->35229K(35904K) NonClass: 28969K(29440K)->28969K(29440K) Class: 6260K(6464K)->6260K(6464K)
[267.572s][info][gc             ] GC(696) Pause Young (Allocation Failure) 467M->276M(517M) 20.815ms
[267.572s][info][gc,cpu         ] GC(696) User=0.04s Sys=0.00s Real=0.02s
[267.825s][info][gc,start       ] GC(697) Pause Young (Allocation Failure)
[267.880s][info][gc,heap        ] GC(697) PSYoungGen: 252416K(252416K)->6144K(259584K) Eden: 246272K(246272K)->0K(253440K) From: 6144K(6144K)->6144K(6144K)
[267.880s][info][gc,heap        ] GC(697) ParOldGen: 276893K(276992K)->296909K(296960K)
[267.880s][info][gc,metaspace   ] GC(697) Metaspace: 35229K(35904K)->35229K(35904K) NonClass: 28969K(29440K)->28969K(29440K) Class: 6260K(6464K)->6260K(6464K)
[267.880s][info][gc             ] GC(697) Pause Young (Allocation Failure) 516M->295M(543M) 54.677ms
[267.880s][info][gc,cpu         ] GC(697) User=0.10s Sys=0.01s Real=0.05s
[268.144s][info][gc,start       ] GC(698) Pause Young (Allocation Failure)
[268.196s][info][gc,heap        ] GC(698) PSYoungGen: 259584K(259584K)->17920K(271360K) Eden: 253440K(253440K)->0K(253440K) From: 6144K(6144K)->17920K(17920K)
[268.196s][info][gc,heap        ] GC(698) ParOldGen: 296909K(296960K)->306445K(306688K)
[268.196s][info][gc,metaspace   ] GC(698) Metaspace: 35229K(35904K)->35229K(35904K) NonClass: 28969K(29440K)->28969K(29440K) Class: 6260K(6464K)->6260K(6464K)
[268.196s][info][gc             ] GC(698) Pause Young (Allocation Failure) 543M->316M(564M) 52.729ms
[268.196s][info][gc,cpu         ] GC(698) User=0.10s Sys=0.01s Real=0.06s
[268.302s][info][gc,start       ] GC(699) Pause Young (Allocation Failure)
[268.316s][info][gc,heap        ] GC(699) PSYoungGen: 271360K(271360K)->5568K(310272K) Eden: 253440K(253440K)->0K(285184K) From: 17920K(17920K)->5568K(25088K)
[268.316s][info][gc,heap        ] GC(699) ParOldGen: 306445K(306688K)->306781K(307200K)
[268.316s][info][gc,metaspace   ] GC(699) Metaspace: 35229K(35904K)->35229K(35904K) NonClass: 28969K(29440K)->28969K(29440K) Class: 6260K(6464K)->6260K(6464K)
[268.316s][info][gc             ] GC(699) Pause Young (Allocation Failure) 564M->305M(603M) 14.406ms
[268.316s][info][gc,cpu         ] GC(699) User=0.03s Sys=0.00s Real=0.02s
[268.785s][info][gc,start       ] GC(700) Pause Young (Allocation Failure)
[268.786s][info][gc,heap        ] GC(700) PSYoungGen: 290752K(310272K)->64K(285696K) Eden: 285184K(285184K)->0K(285184K) From: 5568K(25088K)->64K(512K)
[268.786s][info][gc,heap        ] GC(700) ParOldGen: 306781K(307200K)->306789K(307200K)
[268.786s][info][gc,metaspace   ] GC(700) Metaspace: 35229K(35904K)->35229K(35904K) NonClass: 28969K(29440K)->28969K(29440K) Class: 6260K(6464K)->6260K(6464K)
[268.786s][info][gc             ] GC(700) Pause Young (Allocation Failure) 583M->299M(579M) 1.312ms
[268.786s][info][gc,cpu         ] GC(700) User=0.01s Sys=0.00s Real=0.01s
[269.371s][info][gc,start       ] GC(701) Pause Young (Allocation Failure)
[269.372s][info][gc,heap        ] GC(701) PSYoungGen: 285248K(285696K)->64K(308224K) Eden: 285184K(285184K)->0K(285696K) From: 64K(512K)->64K(22528K)
[269.372s][info][gc,heap        ] GC(701) ParOldGen: 306789K(307200K)->306797K(307200K)
[269.372s][info][gc,metaspace   ] GC(701) Metaspace: 35229K(35904K)->35229K(35904K) NonClass: 28969K(29440K)->28969K(29440K) Class: 6260K(6464K)->6260K(6464K)
[269.372s][info][gc             ] GC(701) Pause Young (Allocation Failure) 578M->299M(601M) 1.348ms
[269.372s][info][gc,cpu         ] GC(701) User=0.00s Sys=0.00s Real=0.00s
[269.808s][info][gc,start       ] GC(702) Pause Young (Allocation Failure)
[269.809s][info][gc,heap        ] GC(702) PSYoungGen: 285760K(308224K)->64K(307712K) Eden: 285696K(285696K)->0K(285696K) From: 64K(22528K)->64K(22016K)
[269.809s][info][gc,heap        ] GC(702) ParOldGen: 306797K(307200K)->306813K(307200K)
[269.809s][info][gc,metaspace   ] GC(702) Metaspace: 35229K(35904K)->35229K(35904K) NonClass: 28969K(29440K)->28969K(29440K) Class: 6260K(6464K)->6260K(6464K)
[269.809s][info][gc             ] GC(702) Pause Young (Allocation Failure) 578M->299M(600M) 1.360ms
[269.809s][info][gc,cpu         ] GC(702) User=0.01s Sys=0.00s Real=0.00s
[270.027s][info][gc,start       ] GC(703) Pause Young (Allocation Failure)
[270.029s][info][gc,heap        ] GC(703) PSYoungGen: 285760K(307712K)->64K(310784K) Eden: 285696K(285696K)->0K(289792K) From: 64K(22016K)->64K(20992K)
[270.029s][info][gc,heap        ] GC(703) ParOldGen: 306813K(307200K)->306829K(307200K)
[270.029s][info][gc,metaspace   ] GC(703) Metaspace: 35229K(35904K)->35229K(35904K) NonClass: 28969K(29440K)->28969K(29440K) Class: 6260K(6464K)->6260K(6464K)
[270.029s][info][gc             ] GC(703) Pause Young (Allocation Failure) 578M->299M(603M) 1.329ms
[270.029s][info][gc,cpu         ] GC(703) User=0.01s Sys=0.00s Real=0.00s
[270.253s][info][gc,start       ] GC(704) Pause Young (Allocation Failure)
[270.255s][info][gc,heap        ] GC(704) PSYoungGen: 289856K(310784K)->64K(310272K) Eden: 289792K(289792K)->0K(289792K) From: 64K(20992K)->64K(20480K)
[270.255s][info][gc,heap        ] GC(704) ParOldGen: 306829K(307200K)->306829K(307200K)
[270.255s][info][gc,metaspace   ] GC(704) Metaspace: 35229K(35904K)->35229K(35904K) NonClass: 28969K(29440K)->28969K(29440K) Class: 6260K(6464K)->6260K(6464K)
[270.255s][info][gc             ] GC(704) Pause Young (Allocation Failure) 582M->299M(603M) 1.417ms
[270.255s][info][gc,cpu         ] GC(704) User=0.01s Sys=0.00s Real=0.00s
[270.609s][info][gc,start       ] GC(705) Pause Young (Allocation Failure)
[270.610s][info][gc,heap        ] GC(705) PSYoungGen: 289856K(310272K)->64K(312320K) Eden: 289792K(289792K)->0K(293376K) From: 64K(20480K)->64K(18944K)
[270.610s][info][gc,heap        ] GC(705) ParOldGen: 306829K(307200K)->306829K(307200K)
[270.610s][info][gc,metaspace   ] GC(705) Metaspace: 35229K(35904K)->35229K(35904K) NonClass: 28969K(29440K)->28969K(29440K) Class: 6260K(6464K)->6260K(6464K)
[270.611s][info][gc             ] GC(705) Pause Young (Allocation Failure) 582M->299M(605M) 1.270ms
[270.611s][info][gc,cpu         ] GC(705) User=0.00s Sys=0.00s Real=0.00s
[270.712s][info][gc,start       ] GC(706) Pause Young (Allocation Failure)
[270.713s][info][gc,heap        ] GC(706) PSYoungGen: 293440K(312320K)->64K(311808K) Eden: 293376K(293376K)->0K(293376K) From: 64K(18944K)->64K(18432K)
[270.713s][info][gc,heap        ] GC(706) ParOldGen: 306829K(307200K)->306837K(307200K)
[270.713s][info][gc,metaspace   ] GC(706) Metaspace: 35229K(35904K)->35229K(35904K) NonClass: 28969K(29440K)->28969K(29440K) Class: 6260K(6464K)->6260K(6464K)
[270.713s][info][gc             ] GC(706) Pause Young (Allocation Failure) 586M->299M(604M) 1.288ms
[270.713s][info][gc,cpu         ] GC(706) User=0.00s Sys=0.00s Real=0.00s
[270.769s][info][gc,start       ] GC(707) Pause Young (Allocation Failure)
[270.770s][info][gc,heap        ] GC(707) PSYoungGen: 293440K(311808K)->64K(314368K) Eden: 293376K(293376K)->0K(296960K) From: 64K(18432K)->64K(17408K)
[270.770s][info][gc,heap        ] GC(707) ParOldGen: 306837K(307200K)->306853K(307200K)
[270.770s][info][gc,metaspace   ] GC(707) Metaspace: 35229K(35904K)->35229K(35904K) NonClass: 28969K(29440K)->28969K(29440K) Class: 6260K(6464K)->6260K(6464K)
[270.770s][info][gc             ] GC(707) Pause Young (Allocation Failure) 586M->299M(607M) 1.286ms
[270.770s][info][gc,cpu         ] GC(707) User=0.00s Sys=0.00s Real=0.00s
[270.995s][info][gc,start       ] GC(708) Pause Young (Allocation Failure)
[270.997s][info][gc,heap        ] GC(708) PSYoungGen: 297024K(314368K)->64K(313856K) Eden: 296960K(296960K)->0K(296960K) From: 64K(17408K)->64K(16896K)
[270.997s][info][gc,heap        ] GC(708) ParOldGen: 306853K(307200K)->306853K(307200K)
[270.997s][info][gc,metaspace   ] GC(708) Metaspace: 35229K(35904K)->35229K(35904K) NonClass: 28969K(29440K)->28969K(29440K) Class: 6260K(6464K)->6260K(6464K)
[270.997s][info][gc             ] GC(708) Pause Young (Allocation Failure) 589M->299M(606M) 1.294ms
[270.997s][info][gc,cpu         ] GC(708) User=0.00s Sys=0.00s Real=0.00s
[271.318s][info][gc,start       ] GC(709) Pause Young (Allocation Failure)
[271.320s][info][gc,heap        ] GC(709) PSYoungGen: 297024K(313856K)->64K(315904K) Eden: 296960K(296960K)->0K(300544K) From: 64K(16896K)->64K(15360K)
[271.320s][info][gc,heap        ] GC(709) ParOldGen: 306853K(307200K)->306861K(307200K)
[271.320s][info][gc,metaspace   ] GC(709) Metaspace: 35229K(35904K)->35229K(35904K) NonClass: 28969K(29440K)->28969K(29440K) Class: 6260K(6464K)->6260K(6464K)
[271.320s][info][gc             ] GC(709) Pause Young (Allocation Failure) 589M->299M(608M) 1.327ms
[271.320s][info][gc,cpu         ] GC(709) User=0.00s Sys=0.01s Real=0.00s
[271.472s][info][gc,start       ] GC(710) Pause Young (Allocation Failure)
[271.473s][info][gc,heap        ] GC(710) PSYoungGen: 300608K(315904K)->64K(315392K) Eden: 300544K(300544K)->0K(300544K) From: 64K(15360K)->64K(14848K)
[271.473s][info][gc,heap        ] GC(710) ParOldGen: 306861K(307200K)->306869K(307200K)
[271.473s][info][gc,metaspace   ] GC(710) Metaspace: 35229K(35904K)->35229K(35904K) NonClass: 28969K(29440K)->28969K(29440K) Class: 6260K(6464K)->6260K(6464K)
[271.473s][info][gc             ] GC(710) Pause Young (Allocation Failure) 593M->299M(608M) 1.391ms
[271.473s][info][gc,cpu         ] GC(710) User=0.01s Sys=0.00s Real=0.00s
[271.555s][info][gc,start       ] GC(711) Pause Young (Allocation Failure)
[271.556s][info][gc,heap        ] GC(711) PSYoungGen: 300608K(315392K)->64K(317952K) Eden: 300544K(300544K)->0K(304128K) From: 64K(14848K)->64K(13824K)
[271.556s][info][gc,heap        ] GC(711) ParOldGen: 306869K(307200K)->306885K(307200K)
[271.556s][info][gc,metaspace   ] GC(711) Metaspace: 35229K(35904K)->35229K(35904K) NonClass: 28969K(29440K)->28969K(29440K) Class: 6260K(6464K)->6260K(6464K)
[271.556s][info][gc             ] GC(711) Pause Young (Allocation Failure) 593M->299M(610M) 1.373ms
[271.556s][info][gc,cpu         ] GC(711) User=0.00s Sys=0.00s Real=0.01s
[271.757s][info][gc,start       ] GC(712) Pause Young (Allocation Failure)
[271.758s][info][gc,heap        ] GC(712) PSYoungGen: 304192K(317952K)->64K(317440K) Eden: 304128K(304128K)->0K(304128K) From: 64K(13824K)->64K(13312K)
[271.758s][info][gc,heap        ] GC(712) ParOldGen: 306885K(307200K)->306885K(307200K)
[271.758s][info][gc,metaspace   ] GC(712) Metaspace: 35229K(35904K)->35229K(35904K) NonClass: 28969K(29440K)->28969K(29440K) Class: 6260K(6464K)->6260K(6464K)
[271.758s][info][gc             ] GC(712) Pause Young (Allocation Failure) 596M->299M(610M) 1.295ms
[271.758s][info][gc,cpu         ] GC(712) User=0.01s Sys=0.00s Real=0.00s
[272.739s][info][gc,start       ] GC(713) Pause Young (Allocation Failure)
[272.741s][info][gc,heap        ] GC(713) PSYoungGen: 304192K(317440K)->64K(292352K) Eden: 304128K(304128K)->0K(291840K) From: 64K(13312K)->64K(512K)
[272.741s][info][gc,heap        ] GC(713) ParOldGen: 306885K(307200K)->306893K(307200K)
[272.741s][info][gc,metaspace   ] GC(713) Metaspace: 35229K(35904K)->35229K(35904K) NonClass: 28969K(29440K)->28969K(29440K) Class: 6260K(6464K)->6260K(6464K)
[272.741s][info][gc             ] GC(713) Pause Young (Allocation Failure) 596M->299M(585M) 1.404ms
[272.741s][info][gc,cpu         ] GC(713) User=0.01s Sys=0.00s Real=0.00s
[273.623s][info][gc,start       ] GC(714) Pause Young (Allocation Failure)
[273.624s][info][gc,heap        ] GC(714) PSYoungGen: 291904K(292352K)->64K(291840K) Eden: 291840K(291840K)->0K(280064K) From: 64K(512K)->64K(11776K)
[273.624s][info][gc,heap        ] GC(714) ParOldGen: 306893K(307200K)->306901K(307200K)
[273.624s][info][gc,metaspace   ] GC(714) Metaspace: 35229K(35904K)->35229K(35904K) NonClass: 28969K(29440K)->28969K(29440K) Class: 6260K(6464K)->6260K(6464K)
[273.624s][info][gc             ] GC(714) Pause Young (Allocation Failure) 584M->299M(585M) 1.367ms
[273.624s][info][gc,cpu         ] GC(714) User=0.01s Sys=0.00s Real=0.00s
[273.874s][info][gc,start       ] GC(715) Pause Young (Allocation Failure)
[273.876s][info][gc,heap        ] GC(715) PSYoungGen: 280128K(291840K)->64K(269312K) Eden: 280064K(280064K)->0K(268800K) From: 64K(11776K)->64K(512K)
[273.876s][info][gc,heap        ] GC(715) ParOldGen: 306901K(307200K)->306909K(307200K)
[273.876s][info][gc,metaspace   ] GC(715) Metaspace: 35229K(35904K)->35229K(35904K) NonClass: 28969K(29440K)->28969K(29440K) Class: 6260K(6464K)->6260K(6464K)
[273.876s][info][gc             ] GC(715) Pause Young (Allocation Failure) 573M->299M(563M) 1.927ms
[273.876s][info][gc,cpu         ] GC(715) User=0.01s Sys=0.00s Real=0.01s
[274.281s][info][gc,start       ] GC(716) Pause Young (Allocation Failure)
[274.283s][info][gc,heap        ] GC(716) PSYoungGen: 268864K(269312K)->64K(268288K) Eden: 268800K(268800K)->0K(258048K) From: 64K(512K)->64K(10240K)
[274.283s][info][gc,heap        ] GC(716) ParOldGen: 306909K(307200K)->306917K(307200K)
[274.283s][info][gc,metaspace   ] GC(716) Metaspace: 35229K(35904K)->35229K(35904K) NonClass: 28969K(29440K)->28969K(29440K) Class: 6260K(6464K)->6260K(6464K)
[274.283s][info][gc             ] GC(716) Pause Young (Allocation Failure) 562M->299M(562M) 1.377ms
[274.283s][info][gc,cpu         ] GC(716) User=0.00s Sys=0.00s Real=0.00s
[275.279s][info][gc,start       ] GC(717) Pause Young (Allocation Failure)
[275.280s][info][gc,heap        ] GC(717) PSYoungGen: 258112K(268288K)->64K(248320K) Eden: 258048K(258048K)->0K(247808K) From: 64K(10240K)->64K(512K)
[275.281s][info][gc,heap        ] GC(717) ParOldGen: 306917K(307200K)->306925K(307200K)
[275.281s][info][gc,metaspace   ] GC(717) Metaspace: 35229K(35904K)->35229K(35904K) NonClass: 28969K(29440K)->28969K(29440K) Class: 6260K(6464K)->6260K(6464K)
[275.281s][info][gc             ] GC(717) Pause Young (Allocation Failure) 551M->299M(542M) 1.693ms
[275.281s][info][gc,cpu         ] GC(717) User=0.00s Sys=0.01s Real=0.00s
[275.657s][info][gc,start       ] GC(718) Pause Young (Allocation Failure)
[275.659s][info][gc,heap        ] GC(718) PSYoungGen: 247872K(248320K)->64K(246784K) Eden: 247808K(247808K)->0K(238080K) From: 64K(512K)->64K(8704K)
[275.659s][info][gc,heap        ] GC(718) ParOldGen: 306925K(307200K)->306933K(307200K)
[275.659s][info][gc,metaspace   ] GC(718) Metaspace: 35229K(35904K)->35229K(35904K) NonClass: 28969K(29440K)->28969K(29440K) Class: 6260K(6464K)->6260K(6464K)
[275.659s][info][gc             ] GC(718) Pause Young (Allocation Failure) 541M->299M(541M) 1.287ms
[275.659s][info][gc,cpu         ] GC(718) User=0.00s Sys=0.00s Real=0.00s
[275.835s][info][gc,start       ] GC(719) Pause Young (Allocation Failure)
[275.837s][info][gc,heap        ] GC(719) PSYoungGen: 238144K(246784K)->64K(229376K) Eden: 238080K(238080K)->0K(228864K) From: 64K(8704K)->64K(512K)
[275.837s][info][gc,heap        ] GC(719) ParOldGen: 306933K(307200K)->306941K(307200K)
[275.837s][info][gc,metaspace   ] GC(719) Metaspace: 35229K(35904K)->35229K(35904K) NonClass: 28969K(29440K)->28969K(29440K) Class: 6260K(6464K)->6260K(6464K)
[275.837s][info][gc             ] GC(719) Pause Young (Allocation Failure) 532M->299M(524M) 1.805ms
[275.837s][info][gc,cpu         ] GC(719) User=0.00s Sys=0.00s Real=0.00s
[275.918s][info][gc,start       ] GC(720) Pause Young (Allocation Failure)
[275.920s][info][gc,heap        ] GC(720) PSYoungGen: 228928K(229376K)->64K(227840K) Eden: 228864K(228864K)->0K(220160K) From: 64K(512K)->64K(7680K)
[275.920s][info][gc,heap        ] GC(720) ParOldGen: 306941K(307200K)->306949K(307200K)
[275.920s][info][gc,metaspace   ] GC(720) Metaspace: 35229K(35904K)->35229K(35904K) NonClass: 28969K(29440K)->28969K(29440K) Class: 6260K(6464K)->6260K(6464K)
[275.920s][info][gc             ] GC(720) Pause Young (Allocation Failure) 523M->299M(522M) 1.253ms
[275.920s][info][gc,cpu         ] GC(720) User=0.00s Sys=0.00s Real=0.00s
[276.461s][info][gc,start       ] GC(721) Pause Young (Allocation Failure)
[276.463s][info][gc,heap        ] GC(721) PSYoungGen: 220224K(227840K)->64K(212480K) Eden: 220160K(220160K)->0K(211968K) From: 64K(7680K)->64K(512K)
[276.463s][info][gc,heap        ] GC(721) ParOldGen: 306949K(307200K)->306957K(307200K)
[276.463s][info][gc,metaspace   ] GC(721) Metaspace: 35229K(35904K)->35229K(35904K) NonClass: 28969K(29440K)->28969K(29440K) Class: 6260K(6464K)->6260K(6464K)
[276.463s][info][gc             ] GC(721) Pause Young (Allocation Failure) 514M->299M(507M) 1.970ms
[276.463s][info][gc,cpu         ] GC(721) User=0.00s Sys=0.00s Real=0.00s
[276.692s][info][gc,start       ] GC(722) Pause Young (Allocation Failure)
[276.694s][info][gc,heap        ] GC(722) PSYoungGen: 212032K(212480K)->64K(210944K) Eden: 211968K(211968K)->0K(204288K) From: 64K(512K)->64K(6656K)
[276.694s][info][gc,heap        ] GC(722) ParOldGen: 306957K(307200K)->306965K(307200K)
[276.694s][info][gc,metaspace   ] GC(722) Metaspace: 35229K(35904K)->35229K(35904K) NonClass: 28969K(29440K)->28969K(29440K) Class: 6260K(6464K)->6260K(6464K)
[276.694s][info][gc             ] GC(722) Pause Young (Allocation Failure) 506M->299M(506M) 2.405ms
[276.694s][info][gc,cpu         ] GC(722) User=0.00s Sys=0.00s Real=0.00s
[277.042s][info][gc,start       ] GC(723) Pause Young (Allocation Failure)
[277.054s][info][gc,heap        ] GC(723) PSYoungGen: 204352K(210944K)->5952K(249344K) Eden: 204288K(204288K)->0K(243200K) From: 64K(6656K)->5952K(6144K)
[277.054s][info][gc,heap        ] GC(723) ParOldGen: 306965K(307200K)->306973K(307200K)
[277.054s][info][gc,metaspace   ] GC(723) Metaspace: 35229K(35904K)->35229K(35904K) NonClass: 28969K(29440K)->28969K(29440K) Class: 6260K(6464K)->6260K(6464K)
[277.054s][info][gc             ] GC(723) Pause Young (Allocation Failure) 499M->305M(543M) 11.798ms
[277.054s][info][gc,cpu         ] GC(723) User=0.02s Sys=0.00s Real=0.01s
[277.308s][info][gc,start       ] GC(724) Pause Young (Allocation Failure)
[277.360s][info][gc,heap        ] GC(724) PSYoungGen: 249152K(249344K)->7680K(278016K) Eden: 243200K(243200K)->0K(270336K) From: 5952K(6144K)->7680K(7680K)
[277.361s][info][gc,heap        ] GC(724) ParOldGen: 306973K(307200K)->324957K(325120K)
[277.361s][info][gc,metaspace   ] GC(724) Metaspace: 35229K(35904K)->35229K(35904K) NonClass: 28969K(29440K)->28969K(29440K) Class: 6260K(6464K)->6260K(6464K)
[277.361s][info][gc             ] GC(724) Pause Young (Allocation Failure) 543M->324M(589M) 52.754ms
[277.361s][info][gc,cpu         ] GC(724) User=0.08s Sys=0.01s Real=0.05s
[277.641s][info][gc,start       ] GC(725) Pause Young (Allocation Failure)
[277.707s][info][gc,heap        ] GC(725) PSYoungGen: 278016K(278016K)->15872K(299008K) Eden: 270336K(270336K)->0K(283136K) From: 7680K(7680K)->15872K(15872K)
[277.707s][info][gc,heap        ] GC(725) ParOldGen: 324957K(325120K)->338253K(338432K)
[277.707s][info][gc,metaspace   ] GC(725) Metaspace: 35229K(35904K)->35229K(35904K) NonClass: 28969K(29440K)->28969K(29440K) Class: 6260K(6464K)->6260K(6464K)
[277.707s][info][gc             ] GC(725) Pause Young (Allocation Failure) 588M->345M(622M) 66.604ms
[277.707s][info][gc,cpu         ] GC(725) User=0.10s Sys=0.03s Real=0.07s
[277.848s][info][gc,start       ] GC(726) Pause Young (Allocation Failure)
[277.870s][info][gc,heap        ] GC(726) PSYoungGen: 299008K(299008K)->8864K(307200K) Eden: 283136K(283136K)->0K(283136K) From: 15872K(15872K)->8864K(24064K)
[277.870s][info][gc,heap        ] GC(726) ParOldGen: 338253K(338432K)->338733K(338944K)
[277.870s][info][gc,metaspace   ] GC(726) Metaspace: 35229K(35904K)->35229K(35904K) NonClass: 28969K(29440K)->28969K(29440K) Class: 6260K(6464K)->6260K(6464K)
[277.870s][info][gc             ] GC(726) Pause Young (Allocation Failure) 622M->339M(631M) 21.750ms
[277.870s][info][gc,cpu         ] GC(726) User=0.04s Sys=0.01s Real=0.02s
[278.325s][info][gc,start       ] GC(727) Pause Young (Allocation Failure)
[278.327s][info][gc,heap        ] GC(727) PSYoungGen: 292000K(307200K)->64K(308224K) Eden: 283136K(283136K)->0K(286208K) From: 8864K(24064K)->64K(22016K)
[278.327s][info][gc,heap        ] GC(727) ParOldGen: 338733K(338944K)->338741K(338944K)
[278.327s][info][gc,metaspace   ] GC(727) Metaspace: 35229K(35904K)->35229K(35904K) NonClass: 28969K(29440K)->28969K(29440K) Class: 6260K(6464K)->6260K(6464K)
[278.327s][info][gc             ] GC(727) Pause Young (Allocation Failure) 615M->330M(632M) 1.352ms
[278.327s][info][gc,cpu         ] GC(727) User=0.00s Sys=0.00s Real=0.00s
[278.917s][info][gc,start       ] GC(728) Pause Young (Allocation Failure)
[278.918s][info][gc,heap        ] GC(728) PSYoungGen: 286272K(308224K)->64K(309248K) Eden: 286208K(286208K)->0K(286208K) From: 64K(22016K)->64K(23040K)
[278.918s][info][gc,heap        ] GC(728) ParOldGen: 338741K(338944K)->338749K(338944K)
[278.918s][info][gc,metaspace   ] GC(728) Metaspace: 35229K(35904K)->35229K(35904K) NonClass: 28969K(29440K)->28969K(29440K) Class: 6260K(6464K)->6260K(6464K)
[278.918s][info][gc             ] GC(728) Pause Young (Allocation Failure) 610M->330M(633M) 1.391ms
[278.918s][info][gc,cpu         ] GC(728) User=0.00s Sys=0.00s Real=0.00s
[279.358s][info][gc,start       ] GC(729) Pause Young (Allocation Failure)
[279.359s][info][gc,heap        ] GC(729) PSYoungGen: 286272K(309248K)->64K(309760K) Eden: 286208K(286208K)->0K(288768K) From: 64K(23040K)->64K(20992K)
[279.359s][info][gc,heap        ] GC(729) ParOldGen: 338749K(338944K)->338765K(338944K)
[279.359s][info][gc,metaspace   ] GC(729) Metaspace: 35229K(35904K)->35229K(35904K) NonClass: 28969K(29440K)->28969K(29440K) Class: 6260K(6464K)->6260K(6464K)
[279.359s][info][gc             ] GC(729) Pause Young (Allocation Failure) 610M->330M(633M) 1.498ms
[279.359s][info][gc,cpu         ] GC(729) User=0.00s Sys=0.00s Real=0.00s
[279.579s][info][gc,start       ] GC(730) Pause Young (Allocation Failure)
[279.582s][info][gc,heap        ] GC(730) PSYoungGen: 288832K(309760K)->32K(310272K) Eden: 288768K(288768K)->0K(288768K) From: 64K(20992K)->32K(21504K)
[279.582s][info][gc,heap        ] GC(730) ParOldGen: 338765K(338944K)->338781K(338944K)
[279.582s][info][gc,metaspace   ] GC(730) Metaspace: 35229K(35904K)->35229K(35904K) NonClass: 28969K(29440K)->28969K(29440K) Class: 6260K(6464K)->6260K(6464K)
[279.582s][info][gc             ] GC(730) Pause Young (Allocation Failure) 612M->330M(634M) 2.574ms
[279.582s][info][gc,cpu         ] GC(730) User=0.00s Sys=0.00s Real=0.00s
[279.803s][info][gc,start       ] GC(731) Pause Young (Allocation Failure)
[279.805s][info][gc,heap        ] GC(731) PSYoungGen: 288800K(310272K)->32K(310784K) Eden: 288768K(288768K)->0K(291840K) From: 32K(21504K)->32K(18944K)
[279.805s][info][gc,heap        ] GC(731) ParOldGen: 338781K(338944K)->338781K(338944K)
[279.805s][info][gc,metaspace   ] GC(731) Metaspace: 35229K(35904K)->35229K(35904K) NonClass: 28969K(29440K)->28969K(29440K) Class: 6260K(6464K)->6260K(6464K)
[279.805s][info][gc             ] GC(731) Pause Young (Allocation Failure) 612M->330M(634M) 2.070ms
[279.805s][info][gc,cpu         ] GC(731) User=0.00s Sys=0.00s Real=0.00s
[280.163s][info][gc,start       ] GC(732) Pause Young (Allocation Failure)
[280.164s][info][gc,heap        ] GC(732) PSYoungGen: 291872K(310784K)->64K(311296K) Eden: 291840K(291840K)->0K(291840K) From: 32K(18944K)->64K(19456K)
[280.164s][info][gc,heap        ] GC(732) ParOldGen: 338781K(338944K)->338781K(338944K)
[280.164s][info][gc,metaspace   ] GC(732) Metaspace: 35229K(35904K)->35229K(35904K) NonClass: 28969K(29440K)->28969K(29440K) Class: 6260K(6464K)->6260K(6464K)
[280.164s][info][gc             ] GC(732) Pause Young (Allocation Failure) 615M->330M(635M) 1.455ms
[280.164s][info][gc,cpu         ] GC(732) User=0.00s Sys=0.00s Real=0.00s
[280.261s][info][gc,start       ] GC(733) Pause Young (Allocation Failure)
[280.262s][info][gc,heap        ] GC(733) PSYoungGen: 291904K(311296K)->64K(312320K) Eden: 291840K(291840K)->0K(295424K) From: 64K(19456K)->64K(16896K)
[280.262s][info][gc,heap        ] GC(733) ParOldGen: 338781K(338944K)->338789K(338944K)
[280.262s][info][gc,metaspace   ] GC(733) Metaspace: 35229K(35904K)->35229K(35904K) NonClass: 28969K(29440K)->28969K(29440K) Class: 6260K(6464K)->6260K(6464K)
[280.262s][info][gc             ] GC(733) Pause Young (Allocation Failure) 615M->330M(636M) 1.430ms
[280.262s][info][gc,cpu         ] GC(733) User=0.00s Sys=0.00s Real=0.00s
[280.320s][info][gc,start       ] GC(734) Pause Young (Allocation Failure)
[280.321s][info][gc,heap        ] GC(734) PSYoungGen: 295488K(312320K)->64K(313344K) Eden: 295424K(295424K)->0K(295424K) From: 64K(16896K)->64K(17920K)
[280.321s][info][gc,heap        ] GC(734) ParOldGen: 338789K(338944K)->338805K(338944K)
[280.321s][info][gc,metaspace   ] GC(734) Metaspace: 35229K(35904K)->35229K(35904K) NonClass: 28969K(29440K)->28969K(29440K) Class: 6260K(6464K)->6260K(6464K)
[280.321s][info][gc             ] GC(734) Pause Young (Allocation Failure) 619M->330M(637M) 1.320ms
[280.321s][info][gc,cpu         ] GC(734) User=0.01s Sys=0.00s Real=0.00s
[280.551s][info][gc,start       ] GC(735) Pause Young (Allocation Failure)
[280.552s][info][gc,heap        ] GC(735) PSYoungGen: 295488K(313344K)->64K(313856K) Eden: 295424K(295424K)->0K(299008K) From: 64K(17920K)->64K(14848K)
[280.552s][info][gc,heap        ] GC(735) ParOldGen: 338805K(338944K)->338805K(338944K)
[280.552s][info][gc,metaspace   ] GC(735) Metaspace: 35229K(35904K)->35229K(35904K) NonClass: 28969K(29440K)->28969K(29440K) Class: 6260K(6464K)->6260K(6464K)
[280.552s][info][gc             ] GC(735) Pause Young (Allocation Failure) 619M->330M(637M) 1.394ms
[280.552s][info][gc,cpu         ] GC(735) User=0.01s Sys=0.00s Real=0.00s
[280.878s][info][gc,start       ] GC(736) Pause Young (Allocation Failure)
[280.880s][info][gc,heap        ] GC(736) PSYoungGen: 299072K(313856K)->64K(314880K) Eden: 299008K(299008K)->0K(299008K) From: 64K(14848K)->64K(15872K)
[280.880s][info][gc,heap        ] GC(736) ParOldGen: 338805K(338944K)->338813K(338944K)
[280.880s][info][gc,metaspace   ] GC(736) Metaspace: 35229K(35904K)->35229K(35904K) NonClass: 28969K(29440K)->28969K(29440K) Class: 6260K(6464K)->6260K(6464K)
[280.880s][info][gc             ] GC(736) Pause Young (Allocation Failure) 622M->330M(638M) 1.403ms
[280.880s][info][gc,cpu         ] GC(736) User=0.00s Sys=0.00s Real=0.00s
[281.029s][info][gc,start       ] GC(737) Pause Young (Allocation Failure)
[281.031s][info][gc,heap        ] GC(737) PSYoungGen: 299072K(314880K)->64K(316928K) Eden: 299008K(299008K)->0K(303104K) From: 64K(15872K)->64K(13824K)
[281.031s][info][gc,heap        ] GC(737) ParOldGen: 338813K(338944K)->338821K(338944K)
[281.031s][info][gc,metaspace   ] GC(737) Metaspace: 35229K(35904K)->35229K(35904K) NonClass: 28969K(29440K)->28969K(29440K) Class: 6260K(6464K)->6260K(6464K)
[281.031s][info][gc             ] GC(737) Pause Young (Allocation Failure) 622M->330M(640M) 1.418ms
[281.031s][info][gc,cpu         ] GC(737) User=0.00s Sys=0.00s Real=0.00s
[281.117s][info][gc,start       ] GC(738) Pause Young (Allocation Failure)
[281.118s][info][gc,heap        ] GC(738) PSYoungGen: 303168K(316928K)->64K(317440K) Eden: 303104K(303104K)->0K(303104K) From: 64K(13824K)->64K(14336K)
[281.118s][info][gc,heap        ] GC(738) ParOldGen: 338821K(338944K)->338837K(338944K)
[281.118s][info][gc,metaspace   ] GC(738) Metaspace: 35229K(35904K)->35229K(35904K) NonClass: 28969K(29440K)->28969K(29440K) Class: 6260K(6464K)->6260K(6464K)
[281.118s][info][gc             ] GC(738) Pause Young (Allocation Failure) 626M->330M(641M) 1.458ms
[281.118s][info][gc,cpu         ] GC(738) User=0.00s Sys=0.00s Real=0.00s
[281.334s][info][gc,start       ] GC(739) Pause Young (Allocation Failure)
[281.336s][info][gc,heap        ] GC(739) PSYoungGen: 303168K(317440K)->64K(317952K) Eden: 303104K(303104K)->0K(306176K) From: 64K(14336K)->64K(11776K)
[281.336s][info][gc,heap        ] GC(739) ParOldGen: 338837K(338944K)->338837K(338944K)
[281.336s][info][gc,metaspace   ] GC(739) Metaspace: 35229K(35904K)->35229K(35904K) NonClass: 28969K(29440K)->28969K(29440K) Class: 6260K(6464K)->6260K(6464K)
[281.336s][info][gc             ] GC(739) Pause Young (Allocation Failure) 626M->330M(641M) 1.510ms
[281.336s][info][gc,cpu         ] GC(739) User=0.01s Sys=0.00s Real=0.01s
[282.305s][info][gc,start       ] GC(740) Pause Young (Allocation Failure)
[282.306s][info][gc,heap        ] GC(740) PSYoungGen: 306240K(317952K)->64K(294400K) Eden: 306176K(306176K)->0K(293888K) From: 64K(11776K)->64K(512K)
[282.306s][info][gc,heap        ] GC(740) ParOldGen: 338837K(338944K)->338845K(338944K)
[282.306s][info][gc,metaspace   ] GC(740) Metaspace: 35229K(35904K)->35229K(35904K) NonClass: 28969K(29440K)->28969K(29440K) Class: 6260K(6464K)->6260K(6464K)
[282.306s][info][gc             ] GC(740) Pause Young (Allocation Failure) 629M->330M(618M) 1.641ms
[282.306s][info][gc,cpu         ] GC(740) User=0.00s Sys=0.00s Real=0.01s
[283.185s][info][gc,start       ] GC(741) Pause Young (Allocation Failure)
[283.187s][info][gc,heap        ] GC(741) PSYoungGen: 293952K(294400K)->64K(282624K) Eden: 293888K(293888K)->0K(282112K) From: 64K(512K)->64K(512K)
[283.187s][info][gc,heap        ] GC(741) ParOldGen: 338845K(338944K)->338853K(338944K)
[283.187s][info][gc,metaspace   ] GC(741) Metaspace: 35229K(35904K)->35229K(35904K) NonClass: 28969K(29440K)->28969K(29440K) Class: 6260K(6464K)->6260K(6464K)
[283.187s][info][gc             ] GC(741) Pause Young (Allocation Failure) 617M->330M(607M) 2.102ms
[283.187s][info][gc,cpu         ] GC(741) User=0.01s Sys=0.00s Real=0.01s
[283.446s][info][gc,start       ] GC(742) Pause Young (Allocation Failure)
[283.447s][info][gc,heap        ] GC(742) PSYoungGen: 282176K(282624K)->64K(281600K) Eden: 282112K(282112K)->0K(270848K) From: 64K(512K)->64K(10752K)
[283.447s][info][gc,heap        ] GC(742) ParOldGen: 338853K(338944K)->338861K(338944K)
[283.447s][info][gc,metaspace   ] GC(742) Metaspace: 35229K(35904K)->35229K(35904K) NonClass: 28969K(29440K)->28969K(29440K) Class: 6260K(6464K)->6260K(6464K)
[283.447s][info][gc             ] GC(742) Pause Young (Allocation Failure) 606M->330M(606M) 1.357ms
[283.447s][info][gc,cpu         ] GC(742) User=0.00s Sys=0.00s Real=0.00s
[283.871s][info][gc,start       ] GC(743) Pause Young (Allocation Failure)
[283.873s][info][gc,heap        ] GC(743) PSYoungGen: 270912K(281600K)->64K(260608K) Eden: 270848K(270848K)->0K(260096K) From: 64K(10752K)->64K(512K)
[283.873s][info][gc,heap        ] GC(743) ParOldGen: 338861K(338944K)->338869K(338944K)
[283.873s][info][gc,metaspace   ] GC(743) Metaspace: 35229K(35904K)->35229K(35904K) NonClass: 28969K(29440K)->28969K(29440K) Class: 6260K(6464K)->6260K(6464K)
[283.873s][info][gc             ] GC(743) Pause Young (Allocation Failure) 595M->330M(585M) 1.926ms
[283.873s][info][gc,cpu         ] GC(743) User=0.00s Sys=0.00s Real=0.00s
[284.801s][info][gc,start       ] GC(744) Pause Young (Allocation Failure)
[284.802s][info][gc,heap        ] GC(744) PSYoungGen: 260160K(260608K)->64K(259584K) Eden: 260096K(260096K)->0K(249856K) From: 64K(512K)->64K(9728K)
[284.802s][info][gc,heap        ] GC(744) ParOldGen: 338869K(338944K)->338877K(338944K)
[284.802s][info][gc,metaspace   ] GC(744) Metaspace: 35229K(35904K)->35229K(35904K) NonClass: 28969K(29440K)->28969K(29440K) Class: 6260K(6464K)->6260K(6464K)
[284.802s][info][gc             ] GC(744) Pause Young (Allocation Failure) 584M->330M(584M) 1.347ms
[284.802s][info][gc,cpu         ] GC(744) User=0.01s Sys=0.00s Real=0.00s
[285.166s][info][gc,start       ] GC(745) Pause Young (Allocation Failure)
[285.169s][info][gc,heap        ] GC(745) PSYoungGen: 249920K(259584K)->64K(240640K) Eden: 249856K(249856K)->0K(240128K) From: 64K(9728K)->64K(512K)
[285.169s][info][gc,heap        ] GC(745) ParOldGen: 338877K(338944K)->338885K(338944K)
[285.169s][info][gc,metaspace   ] GC(745) Metaspace: 35229K(35904K)->35229K(35904K) NonClass: 28969K(29440K)->28969K(29440K) Class: 6260K(6464K)->6260K(6464K)
[285.169s][info][gc             ] GC(745) Pause Young (Allocation Failure) 574M->331M(566M) 2.209ms
[285.169s][info][gc,cpu         ] GC(745) User=0.00s Sys=0.00s Real=0.00s
[285.336s][info][gc,start       ] GC(746) Pause Young (Allocation Failure)
[285.338s][info][gc,heap        ] GC(746) PSYoungGen: 240192K(240640K)->64K(239104K) Eden: 240128K(240128K)->0K(230912K) From: 64K(512K)->64K(8192K)
[285.338s][info][gc,heap        ] GC(746) ParOldGen: 338885K(338944K)->338893K(338944K)
[285.338s][info][gc,metaspace   ] GC(746) Metaspace: 35229K(35904K)->35229K(35904K) NonClass: 28969K(29440K)->28969K(29440K) Class: 6260K(6464K)->6260K(6464K)
[285.338s][info][gc             ] GC(746) Pause Young (Allocation Failure) 565M->331M(564M) 1.259ms
[285.338s][info][gc,cpu         ] GC(746) User=0.00s Sys=0.00s Real=0.00s
[285.425s][info][gc,start       ] GC(747) Pause Young (Allocation Failure)
[285.427s][info][gc,heap        ] GC(747) PSYoungGen: 230976K(239104K)->64K(222720K) Eden: 230912K(230912K)->0K(222208K) From: 64K(8192K)->64K(512K)
[285.427s][info][gc,heap        ] GC(747) ParOldGen: 338893K(338944K)->338901K(338944K)
[285.427s][info][gc,metaspace   ] GC(747) Metaspace: 35229K(35904K)->35229K(35904K) NonClass: 28969K(29440K)->28969K(29440K) Class: 6260K(6464K)->6260K(6464K)
[285.427s][info][gc             ] GC(747) Pause Young (Allocation Failure) 556M->331M(548M) 1.751ms
[285.427s][info][gc,cpu         ] GC(747) User=0.00s Sys=0.01s Real=0.01s
[286.005s][info][gc,start       ] GC(748) Pause Young (Allocation Failure)
[286.006s][info][gc,heap        ] GC(748) PSYoungGen: 222272K(222720K)->64K(221184K) Eden: 222208K(222208K)->0K(214016K) From: 64K(512K)->64K(7168K)
[286.006s][info][gc,heap        ] GC(748) ParOldGen: 338901K(338944K)->338909K(338944K)
[286.006s][info][gc,metaspace   ] GC(748) Metaspace: 35229K(35904K)->35229K(35904K) NonClass: 28969K(29440K)->28969K(29440K) Class: 6260K(6464K)->6260K(6464K)
[286.006s][info][gc             ] GC(748) Pause Young (Allocation Failure) 548M->331M(547M) 1.374ms
[286.006s][info][gc,cpu         ] GC(748) User=0.01s Sys=0.00s Real=0.01s
[286.217s][info][gc,start       ] GC(749) Pause Young (Allocation Failure)
[286.218s][info][gc,heap        ] GC(749) PSYoungGen: 214080K(221184K)->64K(206848K) Eden: 214016K(214016K)->0K(206336K) From: 64K(7168K)->64K(512K)
[286.218s][info][gc,heap        ] GC(749) ParOldGen: 338909K(338944K)->338917K(338944K)
[286.218s][info][gc,metaspace   ] GC(749) Metaspace: 35229K(35904K)->35229K(35904K) NonClass: 28969K(29440K)->28969K(29440K) Class: 6260K(6464K)->6260K(6464K)
[286.218s][info][gc             ] GC(749) Pause Young (Allocation Failure) 540M->331M(533M) 1.774ms
[286.218s][info][gc,cpu         ] GC(749) User=0.01s Sys=0.00s Real=0.00s
[286.547s][info][gc,start       ] GC(750) Pause Young (Allocation Failure)
[286.562s][info][gc,heap        ] GC(750) PSYoungGen: 206400K(206848K)->6144K(252416K) Eden: 206336K(206336K)->0K(246272K) From: 64K(512K)->6144K(6144K)
[286.562s][info][gc,heap        ] GC(750) ParOldGen: 338917K(338944K)->341357K(341504K)
[286.562s][info][gc,metaspace   ] GC(750) Metaspace: 35229K(35904K)->35229K(35904K) NonClass: 28969K(29440K)->28969K(29440K) Class: 6260K(6464K)->6260K(6464K)
[286.562s][info][gc             ] GC(750) Pause Young (Allocation Failure) 532M->339M(580M) 15.509ms
[286.562s][info][gc,cpu         ] GC(750) User=0.03s Sys=0.00s Real=0.01s
[286.819s][info][gc,start       ] GC(751) Pause Young (Allocation Failure)
[286.875s][info][gc,heap        ] GC(751) PSYoungGen: 252416K(252416K)->6144K(260096K) Eden: 246272K(246272K)->0K(253952K) From: 6144K(6144K)->6144K(6144K)
[286.875s][info][gc,heap        ] GC(751) ParOldGen: 341357K(341504K)->361293K(361472K)
[286.875s][info][gc,metaspace   ] GC(751) Metaspace: 35229K(35904K)->35229K(35904K) NonClass: 28969K(29440K)->28969K(29440K) Class: 6260K(6464K)->6260K(6464K)
[286.875s][info][gc             ] GC(751) Pause Young (Allocation Failure) 579M->358M(607M) 56.509ms
[286.875s][info][gc,cpu         ] GC(751) User=0.09s Sys=0.02s Real=0.05s
[287.145s][info][gc,start       ] GC(752) Pause Young (Allocation Failure)
[287.198s][info][gc,heap        ] GC(752) PSYoungGen: 260096K(260096K)->16896K(270848K) Eden: 253952K(253952K)->0K(253952K) From: 6144K(6144K)->16896K(16896K)
[287.198s][info][gc,heap        ] GC(752) ParOldGen: 361293K(361472K)->371909K(372224K)
[287.198s][info][gc,metaspace   ] GC(752) Metaspace: 35229K(35904K)->35229K(35904K) NonClass: 28969K(29440K)->28969K(29440K) Class: 6260K(6464K)->6260K(6464K)
[287.198s][info][gc             ] GC(752) Pause Young (Allocation Failure) 606M->379M(628M) 52.642ms
[287.198s][info][gc,cpu         ] GC(752) User=0.10s Sys=0.00s Real=0.06s
[287.319s][info][gc,start       ] GC(753) Pause Young (Allocation Failure)
[287.338s][info][gc,heap        ] GC(753) PSYoungGen: 270848K(270848K)->7648K(310784K) Eden: 253952K(253952K)->0K(286208K) From: 16896K(16896K)->7648K(24576K)
[287.338s][info][gc,heap        ] GC(753) ParOldGen: 371909K(372224K)->372293K(372736K)
[287.338s][info][gc,metaspace   ] GC(753) Metaspace: 35229K(35904K)->35229K(35904K) NonClass: 28969K(29440K)->28969K(29440K) Class: 6260K(6464K)->6260K(6464K)
[287.338s][info][gc             ] GC(753) Pause Young (Allocation Failure) 627M->371M(667M) 19.081ms
[287.338s][info][gc,cpu         ] GC(753) User=0.04s Sys=0.00s Real=0.02s
[287.774s][info][gc,start       ] GC(754) Pause Young (Allocation Failure)
[287.776s][info][gc,heap        ] GC(754) PSYoungGen: 293856K(310784K)->64K(286720K) Eden: 286208K(286208K)->0K(286208K) From: 7648K(24576K)->64K(512K)
[287.776s][info][gc,heap        ] GC(754) ParOldGen: 372293K(372736K)->372301K(372736K)
[287.776s][info][gc,metaspace   ] GC(754) Metaspace: 35229K(35904K)->35229K(35904K) NonClass: 28969K(29440K)->28969K(29440K) Class: 6260K(6464K)->6260K(6464K)
[287.776s][info][gc             ] GC(754) Pause Young (Allocation Failure) 650M->363M(644M) 1.485ms
[287.776s][info][gc,cpu         ] GC(754) User=0.01s Sys=0.00s Real=0.01s
[288.381s][info][gc,start       ] GC(755) Pause Young (Allocation Failure)
[288.382s][info][gc,heap        ] GC(755) PSYoungGen: 286272K(286720K)->64K(309248K) Eden: 286208K(286208K)->0K(286720K) From: 64K(512K)->64K(22528K)
[288.382s][info][gc,heap        ] GC(755) ParOldGen: 372301K(372736K)->372309K(372736K)
[288.382s][info][gc,metaspace   ] GC(755) Metaspace: 35229K(35904K)->35229K(35904K) NonClass: 28969K(29440K)->28969K(29440K) Class: 6260K(6464K)->6260K(6464K)
[288.382s][info][gc             ] GC(755) Pause Young (Allocation Failure) 643M->363M(666M) 1.626ms
[288.382s][info][gc,cpu         ] GC(755) User=0.00s Sys=0.00s Real=0.00s
[288.828s][info][gc,start       ] GC(756) Pause Young (Allocation Failure)
[288.829s][info][gc,heap        ] GC(756) PSYoungGen: 286784K(309248K)->64K(308736K) Eden: 286720K(286720K)->0K(286720K) From: 64K(22528K)->64K(22016K)
[288.829s][info][gc,heap        ] GC(756) ParOldGen: 372309K(372736K)->372325K(372736K)
[288.829s][info][gc,metaspace   ] GC(756) Metaspace: 35229K(35904K)->35229K(35904K) NonClass: 28969K(29440K)->28969K(29440K) Class: 6260K(6464K)->6260K(6464K)
[288.830s][info][gc             ] GC(756) Pause Young (Allocation Failure) 643M->363M(665M) 1.472ms
[288.830s][info][gc,cpu         ] GC(756) User=0.00s Sys=0.00s Real=0.00s
[289.048s][info][gc,start       ] GC(757) Pause Young (Allocation Failure)
[289.049s][info][gc,heap        ] GC(757) PSYoungGen: 286784K(308736K)->64K(310784K) Eden: 286720K(286720K)->0K(289792K) From: 64K(22016K)->64K(20992K)
[289.049s][info][gc,heap        ] GC(757) ParOldGen: 372325K(372736K)->372341K(372736K)
[289.049s][info][gc,metaspace   ] GC(757) Metaspace: 35229K(35904K)->35229K(35904K) NonClass: 28969K(29440K)->28969K(29440K) Class: 6260K(6464K)->6260K(6464K)
[289.049s][info][gc             ] GC(757) Pause Young (Allocation Failure) 643M->363M(667M) 1.402ms
[289.049s][info][gc,cpu         ] GC(757) User=0.00s Sys=0.00s Real=0.00s
[289.272s][info][gc,start       ] GC(758) Pause Young (Allocation Failure)
[289.274s][info][gc,heap        ] GC(758) PSYoungGen: 289856K(310784K)->64K(310272K) Eden: 289792K(289792K)->0K(289792K) From: 64K(20992K)->64K(20480K)
[289.274s][info][gc,heap        ] GC(758) ParOldGen: 372341K(372736K)->372341K(372736K)
[289.274s][info][gc,metaspace   ] GC(758) Metaspace: 35229K(35904K)->35229K(35904K) NonClass: 28969K(29440K)->28969K(29440K) Class: 6260K(6464K)->6260K(6464K)
[289.274s][info][gc             ] GC(758) Pause Young (Allocation Failure) 646M->363M(667M) 1.982ms
[289.274s][info][gc,cpu         ] GC(758) User=0.01s Sys=0.00s Real=0.00s
[289.633s][info][gc,start       ] GC(759) Pause Young (Allocation Failure)
[289.634s][info][gc,heap        ] GC(759) PSYoungGen: 289856K(310272K)->64K(312320K) Eden: 289792K(289792K)->0K(293376K) From: 64K(20480K)->64K(18944K)
[289.634s][info][gc,heap        ] GC(759) ParOldGen: 372341K(372736K)->372341K(372736K)
[289.634s][info][gc,metaspace   ] GC(759) Metaspace: 35229K(35904K)->35229K(35904K) NonClass: 28969K(29440K)->28969K(29440K) Class: 6260K(6464K)->6260K(6464K)
[289.634s][info][gc             ] GC(759) Pause Young (Allocation Failure) 646M->363M(669M) 1.500ms
[289.634s][info][gc,cpu         ] GC(759) User=0.00s Sys=0.00s Real=0.00s
[289.746s][info][gc,start       ] GC(760) Pause Young (Allocation Failure)
[289.748s][info][gc,heap        ] GC(760) PSYoungGen: 293440K(312320K)->64K(311808K) Eden: 293376K(293376K)->0K(293376K) From: 64K(18944K)->64K(18432K)
[289.748s][info][gc,heap        ] GC(760) ParOldGen: 372341K(372736K)->372349K(372736K)
[289.748s][info][gc,metaspace   ] GC(760) Metaspace: 35229K(35904K)->35229K(35904K) NonClass: 28969K(29440K)->28969K(29440K) Class: 6260K(6464K)->6260K(6464K)
[289.748s][info][gc             ] GC(760) Pause Young (Allocation Failure) 650M->363M(668M) 1.378ms
[289.748s][info][gc,cpu         ] GC(760) User=0.00s Sys=0.00s Real=0.00s
[289.802s][info][gc,start       ] GC(761) Pause Young (Allocation Failure)
[289.804s][info][gc,heap        ] GC(761) PSYoungGen: 293440K(311808K)->64K(314368K) Eden: 293376K(293376K)->0K(296960K) From: 64K(18432K)->64K(17408K)
[289.804s][info][gc,heap        ] GC(761) ParOldGen: 372349K(372736K)->372365K(372736K)
[289.804s][info][gc,metaspace   ] GC(761) Metaspace: 35229K(35904K)->35229K(35904K) NonClass: 28969K(29440K)->28969K(29440K) Class: 6260K(6464K)->6260K(6464K)
[289.804s][info][gc             ] GC(761) Pause Young (Allocation Failure) 650M->363M(671M) 1.345ms
[289.804s][info][gc,cpu         ] GC(761) User=0.00s Sys=0.00s Real=0.00s
[290.012s][info][gc,start       ] GC(762) Pause Young (Allocation Failure)
[290.014s][info][gc,heap        ] GC(762) PSYoungGen: 297024K(314368K)->64K(313856K) Eden: 296960K(296960K)->0K(296960K) From: 64K(17408K)->64K(16896K)
[290.014s][info][gc,heap        ] GC(762) ParOldGen: 372365K(372736K)->372365K(372736K)
[290.014s][info][gc,metaspace   ] GC(762) Metaspace: 35229K(35904K)->35229K(35904K) NonClass: 28969K(29440K)->28969K(29440K) Class: 6260K(6464K)->6260K(6464K)
[290.014s][info][gc             ] GC(762) Pause Young (Allocation Failure) 653M->363M(670M) 1.472ms
[290.014s][info][gc,cpu         ] GC(762) User=0.00s Sys=0.00s Real=0.00s
[290.342s][info][gc,start       ] GC(763) Pause Young (Allocation Failure)
[290.344s][info][gc,heap        ] GC(763) PSYoungGen: 297024K(313856K)->64K(315904K) Eden: 296960K(296960K)->0K(300544K) From: 64K(16896K)->64K(15360K)
[290.344s][info][gc,heap        ] GC(763) ParOldGen: 372365K(372736K)->372373K(372736K)
[290.344s][info][gc,metaspace   ] GC(763) Metaspace: 35229K(35904K)->35229K(35904K) NonClass: 28969K(29440K)->28969K(29440K) Class: 6260K(6464K)->6260K(6464K)
[290.344s][info][gc             ] GC(763) Pause Young (Allocation Failure) 653M->363M(672M) 1.472ms
[290.344s][info][gc,cpu         ] GC(763) User=0.00s Sys=0.00s Real=0.00s
[290.502s][info][gc,start       ] GC(764) Pause Young (Allocation Failure)
[290.504s][info][gc,heap        ] GC(764) PSYoungGen: 300608K(315904K)->64K(315392K) Eden: 300544K(300544K)->0K(300544K) From: 64K(15360K)->64K(14848K)
[290.504s][info][gc,heap        ] GC(764) ParOldGen: 372373K(372736K)->372381K(372736K)
[290.504s][info][gc,metaspace   ] GC(764) Metaspace: 35229K(35904K)->35229K(35904K) NonClass: 28969K(29440K)->28969K(29440K) Class: 6260K(6464K)->6260K(6464K)
[290.504s][info][gc             ] GC(764) Pause Young (Allocation Failure) 657M->363M(672M) 1.597ms
[290.504s][info][gc,cpu         ] GC(764) User=0.00s Sys=0.00s Real=0.00s
[290.587s][info][gc,start       ] GC(765) Pause Young (Allocation Failure)
[290.588s][info][gc,heap        ] GC(765) PSYoungGen: 300608K(315392K)->64K(317952K) Eden: 300544K(300544K)->0K(304128K) From: 64K(14848K)->64K(13824K)
[290.588s][info][gc,heap        ] GC(765) ParOldGen: 372381K(372736K)->372397K(372736K)
[290.588s][info][gc,metaspace   ] GC(765) Metaspace: 35229K(35904K)->35229K(35904K) NonClass: 28969K(29440K)->28969K(29440K) Class: 6260K(6464K)->6260K(6464K)
[290.588s][info][gc             ] GC(765) Pause Young (Allocation Failure) 657M->363M(674M) 1.430ms
[290.588s][info][gc,cpu         ] GC(765) User=0.00s Sys=0.00s Real=0.00s
[290.783s][info][gc,start       ] GC(766) Pause Young (Allocation Failure)
[290.784s][info][gc,heap        ] GC(766) PSYoungGen: 304192K(317952K)->64K(317440K) Eden: 304128K(304128K)->0K(304128K) From: 64K(13824K)->64K(13312K)
[290.784s][info][gc,heap        ] GC(766) ParOldGen: 372397K(372736K)->372397K(372736K)
[290.784s][info][gc,metaspace   ] GC(766) Metaspace: 35229K(35904K)->35229K(35904K) NonClass: 28969K(29440K)->28969K(29440K) Class: 6260K(6464K)->6260K(6464K)
[290.784s][info][gc             ] GC(766) Pause Young (Allocation Failure) 660M->363M(674M) 1.439ms
[290.784s][info][gc,cpu         ] GC(766) User=0.00s Sys=0.00s Real=0.00s
[291.763s][info][gc,start       ] GC(767) Pause Young (Allocation Failure)
[291.764s][info][gc,heap        ] GC(767) PSYoungGen: 304192K(317440K)->83K(292352K) Eden: 304128K(304128K)->0K(291840K) From: 64K(13312K)->83K(512K)
[291.764s][info][gc,heap        ] GC(767) ParOldGen: 372397K(372736K)->372405K(372736K)
[291.764s][info][gc,metaspace   ] GC(767) Metaspace: 35229K(35904K)->35229K(35904K) NonClass: 28969K(29440K)->28969K(29440K) Class: 6260K(6464K)->6260K(6464K)
[291.764s][info][gc             ] GC(767) Pause Young (Allocation Failure) 660M->363M(649M) 1.515ms
[291.764s][info][gc,cpu         ] GC(767) User=0.00s Sys=0.00s Real=0.00s
[292.646s][info][gc,start       ] GC(768) Pause Young (Allocation Failure)
[292.647s][info][gc,heap        ] GC(768) PSYoungGen: 291923K(292352K)->64K(291840K) Eden: 291840K(291840K)->0K(280064K) From: 83K(512K)->64K(11776K)
[292.647s][info][gc,heap        ] GC(768) ParOldGen: 372405K(372736K)->372413K(372736K)
[292.647s][info][gc,metaspace   ] GC(768) Metaspace: 35229K(35904K)->35229K(35904K) NonClass: 28969K(29440K)->28969K(29440K) Class: 6260K(6464K)->6260K(6464K)
[292.647s][info][gc             ] GC(768) Pause Young (Allocation Failure) 648M->363M(649M) 1.392ms
[292.647s][info][gc,cpu         ] GC(768) User=0.00s Sys=0.00s Real=0.00s
[292.874s][info][gc,start       ] GC(769) Pause Young (Allocation Failure)
[292.876s][info][gc,heap        ] GC(769) PSYoungGen: 280128K(291840K)->64K(269312K) Eden: 280064K(280064K)->0K(268800K) From: 64K(11776K)->64K(512K)
[292.876s][info][gc,heap        ] GC(769) ParOldGen: 372413K(372736K)->372421K(372736K)
[292.876s][info][gc,metaspace   ] GC(769) Metaspace: 35229K(35904K)->35229K(35904K) NonClass: 28969K(29440K)->28969K(29440K) Class: 6260K(6464K)->6260K(6464K)
[292.876s][info][gc             ] GC(769) Pause Young (Allocation Failure) 637M->363M(627M) 1.937ms
[292.876s][info][gc,cpu         ] GC(769) User=0.00s Sys=0.00s Real=0.01s
[293.298s][info][gc,start       ] GC(770) Pause Young (Allocation Failure)
[293.300s][info][gc,heap        ] GC(770) PSYoungGen: 268864K(269312K)->64K(268288K) Eden: 268800K(268800K)->0K(258048K) From: 64K(512K)->64K(10240K)
[293.300s][info][gc,heap        ] GC(770) ParOldGen: 372421K(372736K)->372429K(372736K)
[293.300s][info][gc,metaspace   ] GC(770) Metaspace: 35229K(35904K)->35229K(35904K) NonClass: 28969K(29440K)->28969K(29440K) Class: 6260K(6464K)->6260K(6464K)
[293.300s][info][gc             ] GC(770) Pause Young (Allocation Failure) 626M->363M(626M) 2.030ms
[293.300s][info][gc,cpu         ] GC(770) User=0.00s Sys=0.00s Real=0.00s
[294.297s][info][gc,start       ] GC(771) Pause Young (Allocation Failure)
[294.300s][info][gc,heap        ] GC(771) PSYoungGen: 258112K(268288K)->64K(248320K) Eden: 258048K(258048K)->0K(247808K) From: 64K(10240K)->64K(512K)
[294.300s][info][gc,heap        ] GC(771) ParOldGen: 372429K(372736K)->372437K(372736K)
[294.300s][info][gc,metaspace   ] GC(771) Metaspace: 35229K(35904K)->35229K(35904K) NonClass: 28969K(29440K)->28969K(29440K) Class: 6260K(6464K)->6260K(6464K)
[294.300s][info][gc             ] GC(771) Pause Young (Allocation Failure) 615M->363M(606M) 2.456ms
[294.300s][info][gc,cpu         ] GC(771) User=0.00s Sys=0.01s Real=0.00s
[294.690s][info][gc,start       ] GC(772) Pause Young (Allocation Failure)
[294.692s][info][gc,heap        ] GC(772) PSYoungGen: 247872K(248320K)->64K(246784K) Eden: 247808K(247808K)->0K(238080K) From: 64K(512K)->64K(8704K)
[294.692s][info][gc,heap        ] GC(772) ParOldGen: 372437K(372736K)->372445K(372736K)
[294.692s][info][gc,metaspace   ] GC(772) Metaspace: 35229K(35904K)->35229K(35904K) NonClass: 28969K(29440K)->28969K(29440K) Class: 6260K(6464K)->6260K(6464K)
[294.692s][info][gc             ] GC(772) Pause Young (Allocation Failure) 605M->363M(605M) 2.016ms
[294.692s][info][gc,cpu         ] GC(772) User=0.00s Sys=0.00s Real=0.00s
[294.878s][info][gc,start       ] GC(773) Pause Young (Allocation Failure)
[294.881s][info][gc,heap        ] GC(773) PSYoungGen: 238144K(246784K)->64K(229376K) Eden: 238080K(238080K)->0K(228864K) From: 64K(8704K)->64K(512K)
[294.881s][info][gc,heap        ] GC(773) ParOldGen: 372445K(372736K)->372453K(372736K)
[294.881s][info][gc,metaspace   ] GC(773) Metaspace: 35229K(35904K)->35229K(35904K) NonClass: 28969K(29440K)->28969K(29440K) Class: 6260K(6464K)->6260K(6464K)
[294.881s][info][gc             ] GC(773) Pause Young (Allocation Failure) 596M->363M(588M) 2.618ms
[294.881s][info][gc,cpu         ] GC(773) User=0.00s Sys=0.00s Real=0.00s
[294.961s][info][gc,start       ] GC(774) Pause Young (Allocation Failure)
[294.963s][info][gc,heap        ] GC(774) PSYoungGen: 228928K(229376K)->64K(279552K) Eden: 228864K(228864K)->0K(271872K) From: 64K(512K)->64K(7680K)
[294.963s][info][gc,heap        ] GC(774) ParOldGen: 372453K(372736K)->372461K(372736K)
[294.963s][info][gc,metaspace   ] GC(774) Metaspace: 35229K(35904K)->35229K(35904K) NonClass: 28969K(29440K)->28969K(29440K) Class: 6260K(6464K)->6260K(6464K)
[294.963s][info][gc             ] GC(774) Pause Young (Allocation Failure) 587M->363M(637M) 1.952ms
[294.963s][info][gc,cpu         ] GC(774) User=0.00s Sys=0.00s Real=0.00s
[295.613s][info][gc,start       ] GC(775) Pause Young (Allocation Failure)
[295.615s][info][gc,heap        ] GC(775) PSYoungGen: 271936K(279552K)->64K(261632K) Eden: 271872K(271872K)->0K(261120K) From: 64K(7680K)->64K(512K)
[295.615s][info][gc,heap        ] GC(775) ParOldGen: 372461K(372736K)->372469K(372736K)
[295.615s][info][gc,metaspace   ] GC(775) Metaspace: 35229K(35904K)->35229K(35904K) NonClass: 28969K(29440K)->28969K(29440K) Class: 6260K(6464K)->6260K(6464K)
[295.615s][info][gc             ] GC(775) Pause Young (Allocation Failure) 629M->363M(619M) 2.735ms
[295.615s][info][gc,cpu         ] GC(775) User=0.00s Sys=0.00s Real=0.01s
[295.879s][info][gc,start       ] GC(776) Pause Young (Allocation Failure)
[295.882s][info][gc,heap        ] GC(776) PSYoungGen: 261184K(261632K)->64K(257536K) Eden: 261120K(261120K)->0K(250880K) From: 64K(512K)->64K(6656K)
[295.882s][info][gc,heap        ] GC(776) ParOldGen: 372469K(372736K)->372477K(372736K)
[295.882s][info][gc,metaspace   ] GC(776) Metaspace: 35229K(35904K)->35229K(35904K) NonClass: 28969K(29440K)->28969K(29440K) Class: 6260K(6464K)->6260K(6464K)
[295.882s][info][gc             ] GC(776) Pause Young (Allocation Failure) 618M->363M(615M) 2.523ms
[295.882s][info][gc,cpu         ] GC(776) User=0.00s Sys=0.00s Real=0.00s
[296.217s][info][gc,start       ] GC(777) Pause Young (Allocation Failure)
[296.272s][info][gc,heap        ] GC(777) PSYoungGen: 250944K(257536K)->6144K(272896K) Eden: 250880K(250880K)->0K(266752K) From: 64K(6656K)->6144K(6144K)
[296.272s][info][gc,heap        ] GC(777) ParOldGen: 372477K(372736K)->386221K(386560K)
[296.272s][info][gc,metaspace   ] GC(777) Metaspace: 35229K(35904K)->35229K(35904K) NonClass: 28969K(29440K)->28969K(29440K) Class: 6260K(6464K)->6260K(6464K)
[296.272s][info][gc             ] GC(777) Pause Young (Allocation Failure) 608M->383M(644M) 54.608ms
[296.272s][info][gc,cpu         ] GC(777) User=0.09s Sys=0.01s Real=0.05s
[296.557s][info][gc,start       ] GC(778) Pause Young (Allocation Failure)
[296.634s][info][gc,heap        ] GC(778) PSYoungGen: 272896K(272896K)->12800K(279552K) Eden: 266752K(266752K)->0K(266752K) From: 6144K(6144K)->12800K(12800K)
[296.635s][info][gc,heap        ] GC(778) ParOldGen: 386221K(386560K)->402069K(402432K)
[296.635s][info][gc,metaspace   ] GC(778) Metaspace: 35229K(35904K)->35229K(35904K) NonClass: 28969K(29440K)->28969K(29440K) Class: 6260K(6464K)->6260K(6464K)
[296.635s][info][gc             ] GC(778) Pause Young (Allocation Failure) 643M->405M(666M) 77.745ms
[296.635s][info][gc,cpu         ] GC(778) User=0.13s Sys=0.01s Real=0.07s
[296.859s][info][gc,start       ] GC(779) Pause Young (Allocation Failure)
[296.906s][info][gc,heap        ] GC(779) PSYoungGen: 279552K(279552K)->20928K(304128K) Eden: 266752K(266752K)->0K(282624K) From: 12800K(12800K)->20928K(21504K)
[296.906s][info][gc,heap        ] GC(779) ParOldGen: 402069K(402432K)->402645K(402944K)
[296.906s][info][gc,metaspace   ] GC(779) Metaspace: 35229K(35904K)->35229K(35904K) NonClass: 28969K(29440K)->28969K(29440K) Class: 6260K(6464K)->6260K(6464K)
[296.906s][info][gc             ] GC(779) Pause Young (Allocation Failure) 665M->413M(690M) 47.464ms
[296.906s][info][gc,cpu         ] GC(779) User=0.08s Sys=0.02s Real=0.05s
[297.059s][info][gc,start       ] GC(780) Pause Young (Allocation Failure)
[297.060s][info][gc,heap        ] GC(780) PSYoungGen: 303552K(304128K)->64K(308224K) Eden: 282624K(282624K)->0K(282624K) From: 20928K(21504K)->64K(25600K)
[297.060s][info][gc,heap        ] GC(780) ParOldGen: 402645K(402944K)->402653K(402944K)
[297.060s][info][gc,metaspace   ] GC(780) Metaspace: 35229K(35904K)->35229K(35904K) NonClass: 28969K(29440K)->28969K(29440K) Class: 6260K(6464K)->6260K(6464K)
[297.060s][info][gc             ] GC(780) Pause Young (Allocation Failure) 689M->393M(694M) 1.493ms
[297.060s][info][gc,cpu         ] GC(780) User=0.01s Sys=0.00s Real=0.00s
[297.783s][info][gc,start       ] GC(781) Pause Young (Allocation Failure)
[297.784s][info][gc,heap        ] GC(781) PSYoungGen: 282688K(308224K)->64K(305664K) Eden: 282624K(282624K)->0K(283136K) From: 64K(25600K)->64K(22528K)
[297.784s][info][gc,heap        ] GC(781) ParOldGen: 402653K(402944K)->402669K(402944K)
[297.784s][info][gc,metaspace   ] GC(781) Metaspace: 35229K(35904K)->35229K(35904K) NonClass: 28969K(29440K)->28969K(29440K) Class: 6260K(6464K)->6260K(6464K)
[297.784s][info][gc             ] GC(781) Pause Young (Allocation Failure) 669M->393M(692M) 1.678ms
[297.785s][info][gc,cpu         ] GC(781) User=0.01s Sys=0.00s Real=0.00s
[298.088s][info][gc,start       ] GC(782) Pause Young (Allocation Failure)
[298.090s][info][gc,heap        ] GC(782) PSYoungGen: 283200K(305664K)->64K(307200K) Eden: 283136K(283136K)->0K(283136K) From: 64K(22528K)->64K(24064K)
[298.090s][info][gc,heap        ] GC(782) ParOldGen: 402669K(402944K)->402669K(402944K)
[298.090s][info][gc,metaspace   ] GC(782) Metaspace: 35229K(35904K)->35229K(35904K) NonClass: 28969K(29440K)->28969K(29440K) Class: 6260K(6464K)->6260K(6464K)
[298.090s][info][gc             ] GC(782) Pause Young (Allocation Failure) 669M->393M(693M) 1.494ms
[298.090s][info][gc,cpu         ] GC(782) User=0.00s Sys=0.00s Real=0.00s
[298.538s][info][gc,start       ] GC(783) Pause Young (Allocation Failure)
[298.540s][info][gc,heap        ] GC(783) PSYoungGen: 283200K(307200K)->64K(307200K) Eden: 283136K(283136K)->0K(286720K) From: 64K(24064K)->64K(20480K)
[298.540s][info][gc,heap        ] GC(783) ParOldGen: 402669K(402944K)->402685K(402944K)
[298.540s][info][gc,metaspace   ] GC(783) Metaspace: 35229K(35904K)->35229K(35904K) NonClass: 28969K(29440K)->28969K(29440K) Class: 6260K(6464K)->6260K(6464K)
[298.540s][info][gc             ] GC(783) Pause Young (Allocation Failure) 669M->393M(693M) 1.585ms
[298.540s][info][gc,cpu         ] GC(783) User=0.00s Sys=0.00s Real=0.00s
[298.759s][info][gc,start       ] GC(784) Pause Young (Allocation Failure)
[298.760s][info][gc,heap        ] GC(784) PSYoungGen: 286784K(307200K)->64K(308736K) Eden: 286720K(286720K)->0K(286720K) From: 64K(20480K)->64K(22016K)
[298.760s][info][gc,heap        ] GC(784) ParOldGen: 402685K(402944K)->402701K(402944K)
[298.760s][info][gc,metaspace   ] GC(784) Metaspace: 35229K(35904K)->35229K(35904K) NonClass: 28969K(29440K)->28969K(29440K) Class: 6260K(6464K)->6260K(6464K)
[298.760s][info][gc             ] GC(784) Pause Young (Allocation Failure) 673M->393M(695M) 1.533ms
[298.760s][info][gc,cpu         ] GC(784) User=0.00s Sys=0.00s Real=0.00s
[298.982s][info][gc,start       ] GC(785) Pause Young (Allocation Failure)
[298.983s][info][gc,heap        ] GC(785) PSYoungGen: 286784K(308736K)->64K(309248K) Eden: 286720K(286720K)->0K(290816K) From: 64K(22016K)->64K(18432K)
[298.983s][info][gc,heap        ] GC(785) ParOldGen: 402701K(402944K)->402701K(402944K)
[298.983s][info][gc,metaspace   ] GC(785) Metaspace: 35229K(35904K)->35229K(35904K) NonClass: 28969K(29440K)->28969K(29440K) Class: 6260K(6464K)->6260K(6464K)
[298.983s][info][gc             ] GC(785) Pause Young (Allocation Failure) 673M->393M(695M) 1.716ms
[298.983s][info][gc,cpu         ] GC(785) User=0.00s Sys=0.00s Real=0.00s
[299.303s][info][gc,start       ] GC(786) Pause Young (Allocation Failure)
[299.304s][info][gc,heap        ] GC(786) PSYoungGen: 290880K(309248K)->64K(310784K) Eden: 290816K(290816K)->0K(290816K) From: 64K(18432K)->64K(19968K)
[299.304s][info][gc,heap        ] GC(786) ParOldGen: 402701K(402944K)->402701K(402944K)
[299.304s][info][gc,metaspace   ] GC(786) Metaspace: 35229K(35904K)->35229K(35904K) NonClass: 28969K(29440K)->28969K(29440K) Class: 6260K(6464K)->6260K(6464K)
[299.304s][info][gc             ] GC(786) Pause Young (Allocation Failure) 677M->393M(697M) 1.673ms
[299.305s][info][gc,cpu         ] GC(786) User=0.00s Sys=0.00s Real=0.00s
[299.358s][info][gc,start       ] GC(787) Pause Young (Allocation Failure)
[299.359s][info][gc,heap        ] GC(787) PSYoungGen: 290880K(310784K)->32K(311296K) Eden: 290816K(290816K)->0K(294912K) From: 64K(19968K)->32K(16384K)
[299.360s][info][gc,heap        ] GC(787) ParOldGen: 402701K(402944K)->402717K(402944K)
[299.360s][info][gc,metaspace   ] GC(787) Metaspace: 35229K(35904K)->35229K(35904K) NonClass: 28969K(29440K)->28969K(29440K) Class: 6260K(6464K)->6260K(6464K)
[299.360s][info][gc             ] GC(787) Pause Young (Allocation Failure) 677M->393M(697M) 1.515ms
[299.360s][info][gc,cpu         ] GC(787) User=0.01s Sys=0.00s Real=0.00s
[299.427s][info][gc,start       ] GC(788) Pause Young (Allocation Failure)
[299.428s][info][gc,heap        ] GC(788) PSYoungGen: 294944K(311296K)->64K(312832K) Eden: 294912K(294912K)->0K(294912K) From: 32K(16384K)->64K(17920K)
[299.428s][info][gc,heap        ] GC(788) ParOldGen: 402717K(402944K)->402717K(402944K)
[299.428s][info][gc,metaspace   ] GC(788) Metaspace: 35229K(35904K)->35229K(35904K) NonClass: 28969K(29440K)->28969K(29440K) Class: 6260K(6464K)->6260K(6464K)
[299.428s][info][gc             ] GC(788) Pause Young (Allocation Failure) 681M->393M(699M) 1.540ms
[299.428s][info][gc,cpu         ] GC(788) User=0.00s Sys=0.00s Real=0.00s
[299.783s][info][gc,start       ] GC(789) Pause Young (Allocation Failure)
[299.784s][info][gc,heap        ] GC(789) PSYoungGen: 294976K(312832K)->64K(314368K) Eden: 294912K(294912K)->0K(299008K) From: 64K(17920K)->64K(15360K)
[299.784s][info][gc,heap        ] GC(789) ParOldGen: 402717K(402944K)->402733K(402944K)
[299.784s][info][gc,metaspace   ] GC(789) Metaspace: 35229K(35904K)->35229K(35904K) NonClass: 28969K(29440K)->28969K(29440K) Class: 6260K(6464K)->6260K(6464K)
[299.784s][info][gc             ] GC(789) Pause Young (Allocation Failure) 681M->393M(700M) 1.553ms
[299.784s][info][gc,cpu         ] GC(789) User=0.00s Sys=0.00s Real=0.00s
[300.041s][info][gc,start       ] GC(790) Pause Young (Allocation Failure)
[300.043s][info][gc,heap        ] GC(790) PSYoungGen: 299072K(314368K)->64K(315392K) Eden: 299008K(299008K)->0K(299008K) From: 64K(15360K)->64K(16384K)
[300.043s][info][gc,heap        ] GC(790) ParOldGen: 402733K(402944K)->402733K(402944K)
[300.043s][info][gc,metaspace   ] GC(790) Metaspace: 35229K(35904K)->35229K(35904K) NonClass: 28969K(29440K)->28969K(29440K) Class: 6260K(6464K)->6260K(6464K)
[300.043s][info][gc             ] GC(790) Pause Young (Allocation Failure) 685M->393M(701M) 2.183ms
[300.043s][info][gc,cpu         ] GC(790) User=0.00s Sys=0.00s Real=0.00s
[300.132s][info][gc,start       ] GC(791) Pause Young (Allocation Failure)
[300.134s][info][gc,heap        ] GC(791) PSYoungGen: 299072K(315392K)->64K(315392K) Eden: 299008K(299008K)->0K(302080K) From: 64K(16384K)->64K(13312K)
[300.134s][info][gc,heap        ] GC(791) ParOldGen: 402733K(402944K)->402741K(402944K)
[300.134s][info][gc,metaspace   ] GC(791) Metaspace: 35229K(35904K)->35229K(35904K) NonClass: 28969K(29440K)->28969K(29440K) Class: 6260K(6464K)->6260K(6464K)
[300.134s][info][gc             ] GC(791) Pause Young (Allocation Failure) 685M->393M(701M) 1.492ms
[300.134s][info][gc,cpu         ] GC(791) User=0.00s Sys=0.00s Real=0.00s
[300.271s][info][gc,start       ] GC(792) Pause Young (Allocation Failure)
[300.273s][info][gc,heap        ] GC(792) PSYoungGen: 302144K(315392K)->64K(316416K) Eden: 302080K(302080K)->0K(302080K) From: 64K(13312K)->64K(14336K)
[300.273s][info][gc,heap        ] GC(792) ParOldGen: 402741K(402944K)->402749K(402944K)
[300.273s][info][gc,metaspace   ] GC(792) Metaspace: 35229K(35904K)->35229K(35904K) NonClass: 28969K(29440K)->28969K(29440K) Class: 6260K(6464K)->6260K(6464K)
[300.273s][info][gc             ] GC(792) Pause Young (Allocation Failure) 688M->393M(702M) 1.455ms
[300.273s][info][gc,cpu         ] GC(792) User=0.00s Sys=0.00s Real=0.00s
[300.646s][info][gc,start       ] GC(793) Pause Young (Allocation Failure)
[300.648s][info][gc,heap        ] GC(793) PSYoungGen: 302144K(316416K)->64K(317440K) Eden: 302080K(302080K)->0K(306176K) From: 64K(14336K)->64K(11264K)
[300.648s][info][gc,heap        ] GC(793) ParOldGen: 402749K(402944K)->402757K(402944K)
[300.648s][info][gc,metaspace   ] GC(793) Metaspace: 35229K(35904K)->35229K(35904K) NonClass: 28969K(29440K)->28969K(29440K) Class: 6260K(6464K)->6260K(6464K)
[300.648s][info][gc             ] GC(793) Pause Young (Allocation Failure) 688M->393M(703M) 1.490ms
[300.648s][info][gc,cpu         ] GC(793) User=0.01s Sys=0.00s Real=0.00s
[301.391s][info][gc,start       ] GC(794) Pause Young (Allocation Failure)
[301.393s][info][gc,heap        ] GC(794) PSYoungGen: 306240K(317440K)->64K(294400K) Eden: 306176K(306176K)->0K(293888K) From: 64K(11264K)->64K(512K)
[301.393s][info][gc,heap        ] GC(794) ParOldGen: 402757K(402944K)->402765K(402944K)
[301.393s][info][gc,metaspace   ] GC(794) Metaspace: 35229K(35904K)->35229K(35904K) NonClass: 28969K(29440K)->28969K(29440K) Class: 6260K(6464K)->6260K(6464K)
[301.393s][info][gc             ] GC(794) Pause Young (Allocation Failure) 692M->393M(681M) 2.154ms
[301.393s][info][gc,cpu         ] GC(794) User=0.01s Sys=0.00s Real=0.00s
[302.353s][info][gc,start       ] GC(795) Pause Young (Allocation Failure)
[302.355s][info][gc,heap        ] GC(795) PSYoungGen: 293952K(294400K)->64K(282624K) Eden: 293888K(293888K)->0K(282112K) From: 64K(512K)->64K(512K)
[302.355s][info][gc,heap        ] GC(795) ParOldGen: 402765K(402944K)->402773K(402944K)
[302.355s][info][gc,metaspace   ] GC(795) Metaspace: 35229K(35904K)->35229K(35904K) NonClass: 28969K(29440K)->28969K(29440K) Class: 6260K(6464K)->6260K(6464K)
[302.355s][info][gc             ] GC(795) Pause Young (Allocation Failure) 680M->393M(669M) 2.123ms
[302.355s][info][gc,cpu         ] GC(795) User=0.00s Sys=0.00s Real=0.01s
[302.779s][info][gc,start       ] GC(796) Pause Young (Allocation Failure)
[302.781s][info][gc,heap        ] GC(796) PSYoungGen: 282176K(282624K)->64K(281600K) Eden: 282112K(282112K)->0K(270848K) From: 64K(512K)->64K(10752K)
[302.781s][info][gc,heap        ] GC(796) ParOldGen: 402773K(402944K)->402781K(402944K)
[302.781s][info][gc,metaspace   ] GC(796) Metaspace: 35229K(35904K)->35229K(35904K) NonClass: 28969K(29440K)->28969K(29440K) Class: 6260K(6464K)->6260K(6464K)
[302.781s][info][gc             ] GC(796) Pause Young (Allocation Failure) 668M->393M(668M) 1.470ms
[302.781s][info][gc,cpu         ] GC(796) User=0.00s Sys=0.00s Real=0.00s
[303.831s][info][gc,start       ] GC(797) Pause Young (Allocation Failure)
[303.832s][info][gc,heap        ] GC(797) PSYoungGen: 270912K(281600K)->64K(260608K) Eden: 270848K(270848K)->0K(260096K) From: 64K(10752K)->64K(512K)
[303.832s][info][gc,heap        ] GC(797) ParOldGen: 402781K(402944K)->402789K(402944K)
[303.832s][info][gc,metaspace   ] GC(797) Metaspace: 35229K(35904K)->35229K(35904K) NonClass: 28969K(29440K)->28969K(29440K) Class: 6260K(6464K)->6260K(6464K)
[303.833s][info][gc             ] GC(797) Pause Young (Allocation Failure) 657M->393M(648M) 2.011ms
[303.833s][info][gc,cpu         ] GC(797) User=0.00s Sys=0.00s Real=0.00s
[304.058s][info][gc,start       ] GC(798) Pause Young (Allocation Failure)
[304.059s][info][gc,heap        ] GC(798) PSYoungGen: 260160K(260608K)->64K(259584K) Eden: 260096K(260096K)->0K(249856K) From: 64K(512K)->64K(9728K)
[304.059s][info][gc,heap        ] GC(798) ParOldGen: 402789K(402944K)->402797K(402944K)
[304.059s][info][gc,metaspace   ] GC(798) Metaspace: 35229K(35904K)->35229K(35904K) NonClass: 28969K(29440K)->28969K(29440K) Class: 6260K(6464K)->6260K(6464K)
[304.059s][info][gc             ] GC(798) Pause Young (Allocation Failure) 647M->393M(647M) 1.414ms
[304.059s][info][gc,cpu         ] GC(798) User=0.01s Sys=0.00s Real=0.00s
[304.455s][info][gc,start       ] GC(799) Pause Young (Allocation Failure)
[304.457s][info][gc,heap        ] GC(799) PSYoungGen: 249920K(259584K)->64K(240640K) Eden: 249856K(249856K)->0K(240128K) From: 64K(9728K)->64K(512K)
[304.457s][info][gc,heap        ] GC(799) ParOldGen: 402797K(402944K)->402805K(402944K)
[304.457s][info][gc,metaspace   ] GC(799) Metaspace: 35229K(35904K)->35229K(35904K) NonClass: 28969K(29440K)->28969K(29440K) Class: 6260K(6464K)->6260K(6464K)
[304.457s][info][gc             ] GC(799) Pause Young (Allocation Failure) 637M->393M(628M) 2.062ms
[304.457s][info][gc,cpu         ] GC(799) User=0.00s Sys=0.00s Real=0.00s
[304.515s][info][gc,start       ] GC(800) Pause Young (Allocation Failure)
[304.517s][info][gc,heap        ] GC(800) PSYoungGen: 240192K(240640K)->64K(239104K) Eden: 240128K(240128K)->0K(230912K) From: 64K(512K)->64K(8192K)
[304.517s][info][gc,heap        ] GC(800) ParOldGen: 402805K(402944K)->402821K(402944K)
[304.517s][info][gc,metaspace   ] GC(800) Metaspace: 35229K(35904K)->35229K(35904K) NonClass: 28969K(29440K)->28969K(29440K) Class: 6260K(6464K)->6260K(6464K)
[304.517s][info][gc             ] GC(800) Pause Young (Allocation Failure) 627M->393M(627M) 1.372ms
[304.517s][info][gc,cpu         ] GC(800) User=0.00s Sys=0.00s Real=0.00s
[304.921s][info][gc,start       ] GC(801) Pause Young (Allocation Failure)
[304.924s][info][gc,heap        ] GC(801) PSYoungGen: 230976K(239104K)->64K(222720K) Eden: 230912K(230912K)->0K(222208K) From: 64K(8192K)->64K(512K)
[304.924s][info][gc,heap        ] GC(801) ParOldGen: 402821K(402944K)->402821K(402944K)
[304.924s][info][gc,metaspace   ] GC(801) Metaspace: 35229K(35904K)->35229K(35904K) NonClass: 28969K(29440K)->28969K(29440K) Class: 6260K(6464K)->6260K(6464K)
[304.924s][info][gc             ] GC(801) Pause Young (Allocation Failure) 618M->393M(611M) 2.325ms
[304.924s][info][gc,cpu         ] GC(801) User=0.01s Sys=0.00s Real=0.00s
[305.255s][info][gc,start       ] GC(802) Pause Young (Allocation Failure)
[305.258s][info][gc,heap        ] GC(802) PSYoungGen: 222272K(222720K)->64K(221184K) Eden: 222208K(222208K)->0K(214016K) From: 64K(512K)->64K(7168K)
[305.258s][info][gc,heap        ] GC(802) ParOldGen: 402821K(402944K)->402837K(402944K)
[305.258s][info][gc,metaspace   ] GC(802) Metaspace: 35229K(35904K)->35229K(35904K) NonClass: 28969K(29440K)->28969K(29440K) Class: 6260K(6464K)->6260K(6464K)
[305.258s][info][gc             ] GC(802) Pause Young (Allocation Failure) 610M->393M(609M) 2.683ms
[305.258s][info][gc,cpu         ] GC(802) User=0.00s Sys=0.00s Real=0.00s
[305.624s][info][gc,start       ] GC(803) Pause Young (Allocation Failure)
[305.630s][info][gc,heap        ] GC(803) PSYoungGen: 214080K(221184K)->1216K(255488K) Eden: 214016K(214016K)->0K(253952K) From: 64K(7168K)->1216K(1536K)
[305.630s][info][gc,heap        ] GC(803) ParOldGen: 402837K(402944K)->402845K(402944K)
[305.630s][info][gc,metaspace   ] GC(803) Metaspace: 35229K(35904K)->35229K(35904K) NonClass: 28969K(29440K)->28969K(29440K) Class: 6260K(6464K)->6260K(6464K)
[305.630s][info][gc             ] GC(803) Pause Young (Allocation Failure) 602M->394M(643M) 6.042ms
[305.630s][info][gc,cpu         ] GC(803) User=0.01s Sys=0.00s Real=0.01s
[305.891s][info][gc,start       ] GC(804) Pause Young (Allocation Failure)
[305.946s][info][gc,heap        ] GC(804) PSYoungGen: 255168K(255488K)->6144K(272384K) Eden: 253952K(253952K)->0K(266240K) From: 1216K(1536K)->6144K(6144K)
[305.946s][info][gc,heap        ] GC(804) ParOldGen: 402845K(402944K)->423501K(423936K)
[305.946s][info][gc,metaspace   ] GC(804) Metaspace: 35229K(35904K)->35229K(35904K) NonClass: 28969K(29440K)->28969K(29440K) Class: 6260K(6464K)->6260K(6464K)
[305.946s][info][gc             ] GC(804) Pause Young (Allocation Failure) 642M->419M(680M) 54.804ms
[305.946s][info][gc,cpu         ] GC(804) User=0.09s Sys=0.02s Real=0.06s
[306.222s][info][gc,start       ] GC(805) Pause Young (Allocation Failure)
[306.287s][info][gc,heap        ] GC(805) PSYoungGen: 272384K(272384K)->15360K(302080K) Eden: 266240K(266240K)->0K(286720K) From: 6144K(6144K)->15360K(15360K)
[306.288s][info][gc,heap        ] GC(805) ParOldGen: 423501K(423936K)->436989K(437248K)
[306.288s][info][gc,metaspace   ] GC(805) Metaspace: 35229K(35904K)->35229K(35904K) NonClass: 28969K(29440K)->28969K(29440K) Class: 6260K(6464K)->6260K(6464K)
[306.288s][info][gc             ] GC(805) Pause Young (Allocation Failure) 679M->441M(722M) 65.277ms
[306.288s][info][gc,cpu         ] GC(805) User=0.10s Sys=0.02s Real=0.07s
[306.462s][info][gc,start       ] GC(806) Pause Young (Allocation Failure)
[306.493s][info][gc,heap        ] GC(806) PSYoungGen: 302080K(302080K)->12928K(300032K) Eden: 286720K(286720K)->0K(286720K) From: 15360K(15360K)->12928K(13312K)
[306.493s][info][gc,heap        ] GC(806) ParOldGen: 436989K(437248K)->437469K(437760K)
[306.493s][info][gc,metaspace   ] GC(806) Metaspace: 35229K(35904K)->35229K(35904K) NonClass: 28969K(29440K)->28969K(29440K) Class: 6260K(6464K)->6260K(6464K)
[306.493s][info][gc             ] GC(806) Pause Young (Allocation Failure) 721M->439M(720M) 30.875ms
[306.493s][info][gc,cpu         ] GC(806) User=0.05s Sys=0.00s Real=0.03s
[306.876s][info][gc,start       ] GC(807) Pause Young (Allocation Failure)
[306.877s][info][gc,heap        ] GC(807) PSYoungGen: 299648K(300032K)->64K(309760K) Eden: 286720K(286720K)->0K(285184K) From: 12928K(13312K)->64K(24576K)
[306.877s][info][gc,heap        ] GC(807) ParOldGen: 437469K(437760K)->437477K(437760K)
[306.877s][info][gc,metaspace   ] GC(807) Metaspace: 35229K(35904K)->35229K(35904K) NonClass: 28969K(29440K)->28969K(29440K) Class: 6260K(6464K)->6260K(6464K)
[306.877s][info][gc             ] GC(807) Pause Young (Allocation Failure) 719M->427M(730M) 1.677ms
[306.877s][info][gc,cpu         ] GC(807) User=0.00s Sys=0.00s Real=0.00s
[307.504s][info][gc,start       ] GC(808) Pause Young (Allocation Failure)
[307.506s][info][gc,heap        ] GC(808) PSYoungGen: 285248K(309760K)->64K(285696K) Eden: 285184K(285184K)->0K(285184K) From: 64K(24576K)->64K(512K)
[307.506s][info][gc,heap        ] GC(808) ParOldGen: 437477K(437760K)->437485K(437760K)
[307.506s][info][gc,metaspace   ] GC(808) Metaspace: 35229K(35904K)->35229K(35904K) NonClass: 28969K(29440K)->28969K(29440K) Class: 6260K(6464K)->6260K(6464K)
[307.506s][info][gc             ] GC(808) Pause Young (Allocation Failure) 705M->427M(706M) 1.792ms
[307.506s][info][gc,cpu         ] GC(808) User=0.00s Sys=0.00s Real=0.01s
[307.962s][info][gc,start       ] GC(809) Pause Young (Allocation Failure)
[307.963s][info][gc,heap        ] GC(809) PSYoungGen: 285248K(285696K)->64K(309248K) Eden: 285184K(285184K)->0K(286208K) From: 64K(512K)->64K(23040K)
[307.963s][info][gc,heap        ] GC(809) ParOldGen: 437485K(437760K)->437501K(437760K)
[307.963s][info][gc,metaspace   ] GC(809) Metaspace: 35229K(35904K)->35229K(35904K) NonClass: 28969K(29440K)->28969K(29440K) Class: 6260K(6464K)->6260K(6464K)
[307.963s][info][gc             ] GC(809) Pause Young (Allocation Failure) 705M->427M(729M) 1.632ms
[307.963s][info][gc,cpu         ] GC(809) User=0.00s Sys=0.01s Real=0.00s
[308.182s][info][gc,start       ] GC(810) Pause Young (Allocation Failure)
[308.183s][info][gc,heap        ] GC(810) PSYoungGen: 286272K(309248K)->64K(308224K) Eden: 286208K(286208K)->0K(286208K) From: 64K(23040K)->64K(22016K)
[308.183s][info][gc,heap        ] GC(810) ParOldGen: 437501K(437760K)->437517K(437760K)
[308.183s][info][gc,metaspace   ] GC(810) Metaspace: 35229K(35904K)->35229K(35904K) NonClass: 28969K(29440K)->28969K(29440K) Class: 6260K(6464K)->6260K(6464K)
[308.183s][info][gc             ] GC(810) Pause Young (Allocation Failure) 706M->427M(728M) 1.629ms
[308.183s][info][gc,cpu         ] GC(810) User=0.00s Sys=0.00s Real=0.00s
[308.401s][info][gc,start       ] GC(811) Pause Young (Allocation Failure)
[308.403s][info][gc,heap        ] GC(811) PSYoungGen: 286272K(308224K)->64K(310784K) Eden: 286208K(286208K)->0K(289792K) From: 64K(22016K)->64K(20992K)
[308.403s][info][gc,heap        ] GC(811) ParOldGen: 437517K(437760K)->437517K(437760K)
[308.403s][info][gc,metaspace   ] GC(811) Metaspace: 35229K(35904K)->35229K(35904K) NonClass: 28969K(29440K)->28969K(29440K) Class: 6260K(6464K)->6260K(6464K)
[308.403s][info][gc             ] GC(811) Pause Young (Allocation Failure) 706M->427M(731M) 1.630ms
[308.403s][info][gc,cpu         ] GC(811) User=0.00s Sys=0.00s Real=0.00s
[308.750s][info][gc,start       ] GC(812) Pause Young (Allocation Failure)
[308.752s][info][gc,heap        ] GC(812) PSYoungGen: 289856K(310784K)->64K(310272K) Eden: 289792K(289792K)->0K(289792K) From: 64K(20992K)->64K(20480K)
[308.752s][info][gc,heap        ] GC(812) ParOldGen: 437517K(437760K)->437517K(437760K)
[308.752s][info][gc,metaspace   ] GC(812) Metaspace: 35229K(35904K)->35229K(35904K) NonClass: 28969K(29440K)->28969K(29440K) Class: 6260K(6464K)->6260K(6464K)
[308.752s][info][gc             ] GC(812) Pause Young (Allocation Failure) 710M->427M(730M) 1.560ms
[308.752s][info][gc,cpu         ] GC(812) User=0.00s Sys=0.00s Real=0.00s
[308.879s][info][gc,start       ] GC(813) Pause Young (Allocation Failure)
[308.880s][info][gc,heap        ] GC(813) PSYoungGen: 289856K(310272K)->64K(312320K) Eden: 289792K(289792K)->0K(293376K) From: 64K(20480K)->64K(18944K)
[308.880s][info][gc,heap        ] GC(813) ParOldGen: 437517K(437760K)->437525K(437760K)
[308.880s][info][gc,metaspace   ] GC(813) Metaspace: 35229K(35904K)->35229K(35904K) NonClass: 28969K(29440K)->28969K(29440K) Class: 6260K(6464K)->6260K(6464K)
[308.880s][info][gc             ] GC(813) Pause Young (Allocation Failure) 710M->427M(732M) 1.627ms
[308.880s][info][gc,cpu         ] GC(813) User=0.00s Sys=0.00s Real=0.00s
[308.935s][info][gc,start       ] GC(814) Pause Young (Allocation Failure)
[308.936s][info][gc,heap        ] GC(814) PSYoungGen: 293440K(312320K)->64K(311808K) Eden: 293376K(293376K)->0K(293376K) From: 64K(18944K)->64K(18432K)
[308.936s][info][gc,heap        ] GC(814) ParOldGen: 437525K(437760K)->437541K(437760K)
[308.936s][info][gc,metaspace   ] GC(814) Metaspace: 35229K(35904K)->35229K(35904K) NonClass: 28969K(29440K)->28969K(29440K) Class: 6260K(6464K)->6260K(6464K)
[308.936s][info][gc             ] GC(814) Pause Young (Allocation Failure) 713M->427M(732M) 1.528ms
[308.936s][info][gc,cpu         ] GC(814) User=0.00s Sys=0.00s Real=0.01s
[309.111s][info][gc,start       ] GC(815) Pause Young (Allocation Failure)
[309.112s][info][gc,heap        ] GC(815) PSYoungGen: 293440K(311808K)->64K(314368K) Eden: 293376K(293376K)->0K(297472K) From: 64K(18432K)->64K(16896K)
[309.112s][info][gc,heap        ] GC(815) ParOldGen: 437541K(437760K)->437541K(437760K)
[309.112s][info][gc,metaspace   ] GC(815) Metaspace: 35229K(35904K)->35229K(35904K) NonClass: 28969K(29440K)->28969K(29440K) Class: 6260K(6464K)->6260K(6464K)
[309.112s][info][gc             ] GC(815) Pause Young (Allocation Failure) 713M->427M(734M) 1.668ms
[309.112s][info][gc,cpu         ] GC(815) User=0.00s Sys=0.00s Real=0.00s
[309.458s][info][gc,start       ] GC(816) Pause Young (Allocation Failure)
[309.460s][info][gc,heap        ] GC(816) PSYoungGen: 297536K(314368K)->64K(313856K) Eden: 297472K(297472K)->0K(297472K) From: 64K(16896K)->64K(16384K)
[309.460s][info][gc,heap        ] GC(816) ParOldGen: 437541K(437760K)->437549K(437760K)
[309.460s][info][gc,metaspace   ] GC(816) Metaspace: 35229K(35904K)->35229K(35904K) NonClass: 28969K(29440K)->28969K(29440K) Class: 6260K(6464K)->6260K(6464K)
[309.460s][info][gc             ] GC(816) Pause Young (Allocation Failure) 717M->427M(734M) 1.642ms
[309.460s][info][gc,cpu         ] GC(816) User=0.01s Sys=0.00s Real=0.00s
[309.628s][info][gc,start       ] GC(817) Pause Young (Allocation Failure)
[309.630s][info][gc,heap        ] GC(817) PSYoungGen: 297536K(313856K)->64K(316416K) Eden: 297472K(297472K)->0K(301056K) From: 64K(16384K)->64K(15360K)
[309.630s][info][gc,heap        ] GC(817) ParOldGen: 437549K(437760K)->437557K(437760K)
[309.630s][info][gc,metaspace   ] GC(817) Metaspace: 35229K(35904K)->35229K(35904K) NonClass: 28969K(29440K)->28969K(29440K) Class: 6260K(6464K)->6260K(6464K)
[309.630s][info][gc             ] GC(817) Pause Young (Allocation Failure) 717M->427M(736M) 1.652ms
[309.630s][info][gc,cpu         ] GC(817) User=0.01s Sys=0.00s Real=0.00s
[309.712s][info][gc,start       ] GC(818) Pause Young (Allocation Failure)
[309.713s][info][gc,heap        ] GC(818) PSYoungGen: 301120K(316416K)->64K(315904K) Eden: 301056K(301056K)->0K(301056K) From: 64K(15360K)->64K(14848K)
[309.713s][info][gc,heap        ] GC(818) ParOldGen: 437557K(437760K)->437573K(437760K)
[309.713s][info][gc,metaspace   ] GC(818) Metaspace: 35229K(35904K)->35229K(35904K) NonClass: 28969K(29440K)->28969K(29440K) Class: 6260K(6464K)->6260K(6464K)
[309.713s][info][gc             ] GC(818) Pause Young (Allocation Failure) 721M->427M(736M) 1.567ms
[309.714s][info][gc,cpu         ] GC(818) User=0.00s Sys=0.00s Real=0.00s
[309.892s][info][gc,start       ] GC(819) Pause Young (Allocation Failure)
[309.894s][info][gc,heap        ] GC(819) PSYoungGen: 301120K(315904K)->64K(317952K) Eden: 301056K(301056K)->0K(304640K) From: 64K(14848K)->64K(13312K)
[309.894s][info][gc,heap        ] GC(819) ParOldGen: 437573K(437760K)->437573K(437760K)
[309.894s][info][gc,metaspace   ] GC(819) Metaspace: 35229K(35904K)->35229K(35904K) NonClass: 28969K(29440K)->28969K(29440K) Class: 6260K(6464K)->6260K(6464K)
[309.894s][info][gc             ] GC(819) Pause Young (Allocation Failure) 721M->427M(738M) 1.634ms
[309.894s][info][gc,cpu         ] GC(819) User=0.00s Sys=0.00s Real=0.00s
[310.425s][info][gc,start       ] GC(820) Pause Young (Allocation Failure)
[310.426s][info][gc,heap        ] GC(820) PSYoungGen: 304704K(317952K)->64K(317440K) Eden: 304640K(304640K)->0K(304640K) From: 64K(13312K)->64K(12800K)
[310.426s][info][gc,heap        ] GC(820) ParOldGen: 437573K(437760K)->437581K(437760K)
[310.426s][info][gc,metaspace   ] GC(820) Metaspace: 35229K(35904K)->35229K(35904K) NonClass: 28969K(29440K)->28969K(29440K) Class: 6260K(6464K)->6260K(6464K)
[310.426s][info][gc             ] GC(820) Pause Young (Allocation Failure) 724M->427M(737M) 1.640ms
[310.426s][info][gc,cpu         ] GC(820) User=0.00s Sys=0.00s Real=0.01s
[311.789s][info][gc,start       ] GC(821) Pause Young (Allocation Failure)
[311.791s][info][gc,heap        ] GC(821) PSYoungGen: 304704K(317440K)->64K(292864K) Eden: 304640K(304640K)->0K(292352K) From: 64K(12800K)->64K(512K)
[311.791s][info][gc,heap        ] GC(821) ParOldGen: 437581K(437760K)->437589K(437760K)
[311.791s][info][gc,metaspace   ] GC(821) Metaspace: 35229K(35904K)->35229K(35904K) NonClass: 28969K(29440K)->28969K(29440K) Class: 6260K(6464K)->6260K(6464K)
[311.791s][info][gc             ] GC(821) Pause Young (Allocation Failure) 724M->427M(713M) 2.457ms
[311.791s][info][gc,cpu         ] GC(821) User=0.01s Sys=0.00s Real=0.00s
[312.009s][info][gc,start       ] GC(822) Pause Young (Allocation Failure)
[312.011s][info][gc,heap        ] GC(822) PSYoungGen: 292416K(292864K)->64K(291840K) Eden: 292352K(292352K)->0K(280576K) From: 64K(512K)->64K(11264K)
[312.011s][info][gc,heap        ] GC(822) ParOldGen: 437589K(437760K)->437597K(437760K)
[312.011s][info][gc,metaspace   ] GC(822) Metaspace: 35229K(35904K)->35229K(35904K) NonClass: 28969K(29440K)->28969K(29440K) Class: 6260K(6464K)->6260K(6464K)
[312.011s][info][gc             ] GC(822) Pause Young (Allocation Failure) 712M->427M(712M) 1.638ms
[312.011s][info][gc,cpu         ] GC(822) User=0.00s Sys=0.00s Real=0.00s
[312.440s][info][gc,start       ] GC(823) Pause Young (Allocation Failure)
[312.442s][info][gc,heap        ] GC(823) PSYoungGen: 280640K(291840K)->64K(269824K) Eden: 280576K(280576K)->0K(269312K) From: 64K(11264K)->64K(512K)
[312.442s][info][gc,heap        ] GC(823) ParOldGen: 437597K(437760K)->437605K(437760K)
[312.442s][info][gc,metaspace   ] GC(823) Metaspace: 35229K(35904K)->35229K(35904K) NonClass: 28969K(29440K)->28969K(29440K) Class: 6260K(6464K)->6260K(6464K)
[312.442s][info][gc             ] GC(823) Pause Young (Allocation Failure) 701M->427M(691M) 1.823ms
[312.442s][info][gc,cpu         ] GC(823) User=0.00s Sys=0.00s Real=0.00s
[313.426s][info][gc,start       ] GC(824) Pause Young (Allocation Failure)
[313.428s][info][gc,heap        ] GC(824) PSYoungGen: 269376K(269824K)->64K(268288K) Eden: 269312K(269312K)->0K(258560K) From: 64K(512K)->64K(9728K)
[313.428s][info][gc,heap        ] GC(824) ParOldGen: 437605K(437760K)->437613K(437760K)
[313.428s][info][gc,metaspace   ] GC(824) Metaspace: 35229K(35904K)->35229K(35904K) NonClass: 28969K(29440K)->28969K(29440K) Class: 6260K(6464K)->6260K(6464K)
[313.428s][info][gc             ] GC(824) Pause Young (Allocation Failure) 690M->427M(689M) 1.677ms
[313.428s][info][gc,cpu         ] GC(824) User=0.00s Sys=0.00s Real=0.00s
[313.814s][info][gc,start       ] GC(825) Pause Young (Allocation Failure)
[313.817s][info][gc,heap        ] GC(825) PSYoungGen: 258624K(268288K)->64K(248832K) Eden: 258560K(258560K)->0K(248320K) From: 64K(9728K)->64K(512K)
[313.817s][info][gc,heap        ] GC(825) ParOldGen: 437613K(437760K)->437621K(437760K)
[313.817s][info][gc,metaspace   ] GC(825) Metaspace: 35229K(35904K)->35229K(35904K) NonClass: 28969K(29440K)->28969K(29440K) Class: 6260K(6464K)->6260K(6464K)
[313.817s][info][gc             ] GC(825) Pause Young (Allocation Failure) 679M->427M(670M) 3.287ms
[313.817s][info][gc,cpu         ] GC(825) User=0.00s Sys=0.01s Real=0.01s
[313.992s][info][gc,start       ] GC(826) Pause Young (Allocation Failure)
[313.995s][info][gc,heap        ] GC(826) PSYoungGen: 248384K(248832K)->64K(247296K) Eden: 248320K(248320K)->0K(238592K) From: 64K(512K)->64K(8704K)
[313.995s][info][gc,heap        ] GC(826) ParOldGen: 437621K(437760K)->437629K(437760K)
[313.995s][info][gc,metaspace   ] GC(826) Metaspace: 35229K(35904K)->35229K(35904K) NonClass: 28969K(29440K)->28969K(29440K) Class: 6260K(6464K)->6260K(6464K)
[313.995s][info][gc             ] GC(826) Pause Young (Allocation Failure) 669M->427M(669M) 2.937ms
[313.995s][info][gc,cpu         ] GC(826) User=0.00s Sys=0.00s Real=0.00s
[314.089s][info][gc,start       ] GC(827) Pause Young (Allocation Failure)
[314.092s][info][gc,heap        ] GC(827) PSYoungGen: 238656K(247296K)->64K(290304K) Eden: 238592K(238592K)->0K(284160K) From: 64K(8704K)->64K(6144K)
[314.092s][info][gc,heap        ] GC(827) ParOldGen: 437629K(437760K)->437637K(437760K)
[314.092s][info][gc,metaspace   ] GC(827) Metaspace: 35229K(35904K)->35229K(35904K) NonClass: 28969K(29440K)->28969K(29440K) Class: 6260K(6464K)->6260K(6464K)
[314.092s][info][gc             ] GC(827) Pause Young (Allocation Failure) 660M->427M(711M) 2.885ms
[314.092s][info][gc,cpu         ] GC(827) User=0.01s Sys=0.00s Real=0.00s
[314.743s][info][gc,start       ] GC(828) Pause Young (Allocation Failure)
[314.746s][info][gc,heap        ] GC(828) PSYoungGen: 284224K(290304K)->32K(291840K) Eden: 284160K(284160K)->0K(284160K) From: 64K(6144K)->32K(7680K)
[314.746s][info][gc,heap        ] GC(828) ParOldGen: 437637K(437760K)->437645K(437760K)
[314.746s][info][gc,metaspace   ] GC(828) Metaspace: 35229K(35904K)->35229K(35904K) NonClass: 28969K(29440K)->28969K(29440K) Class: 6260K(6464K)->6260K(6464K)
[314.746s][info][gc             ] GC(828) Pause Young (Allocation Failure) 704M->427M(712M) 2.873ms
[314.746s][info][gc,cpu         ] GC(828) User=0.00s Sys=0.00s Real=0.01s
[315.140s][info][gc,start       ] GC(829) Pause Young (Allocation Failure)
[315.148s][info][gc,heap        ] GC(829) PSYoungGen: 284192K(291840K)->1824K(324608K) Eden: 284160K(284160K)->0K(318976K) From: 32K(7680K)->1824K(5632K)
[315.148s][info][gc,heap        ] GC(829) ParOldGen: 437645K(437760K)->437653K(437760K)
[315.148s][info][gc,metaspace   ] GC(829) Metaspace: 35229K(35904K)->35229K(35904K) NonClass: 28969K(29440K)->28969K(29440K) Class: 6260K(6464K)->6260K(6464K)
[315.148s][info][gc             ] GC(829) Pause Young (Allocation Failure) 704M->429M(744M) 8.143ms
[315.148s][info][gc,cpu         ] GC(829) User=0.01s Sys=0.00s Real=0.01s
[315.493s][info][gc,start       ] GC(830) Pause Young (Allocation Failure)
[315.565s][info][gc,heap        ] GC(830) PSYoungGen: 320800K(324608K)->6656K(325632K) Eden: 318976K(318976K)->0K(318976K) From: 1824K(5632K)->6656K(6656K)
[315.565s][info][gc,heap        ] GC(830) ParOldGen: 437653K(437760K)->464661K(464896K)
[315.565s][info][gc,metaspace   ] GC(830) Metaspace: 35229K(35904K)->35229K(35904K) NonClass: 28969K(29440K)->28969K(29440K) Class: 6260K(6464K)->6260K(6464K)
[315.565s][info][gc             ] GC(830) Pause Young (Allocation Failure) 740M->460M(772M) 71.977ms
[315.565s][info][gc,cpu         ] GC(830) User=0.11s Sys=0.02s Real=0.07s
[315.891s][info][gc,start       ] GC(831) Pause Young (Allocation Failure)
[315.970s][info][gc,heap        ] GC(831) PSYoungGen: 325632K(325632K)->8192K(285696K) Eden: 318976K(318976K)->0K(277504K) From: 6656K(6656K)->8192K(8192K)
[315.970s][info][gc,heap        ] GC(831) ParOldGen: 464661K(464896K)->491013K(491520K)
[315.970s][info][gc,metaspace   ] GC(831) Metaspace: 35229K(35904K)->35229K(35904K) NonClass: 28969K(29440K)->28969K(29440K) Class: 6260K(6464K)->6260K(6464K)
[315.970s][info][gc             ] GC(831) Pause Young (Allocation Failure) 771M->487M(759M) 78.669ms
[315.970s][info][gc,cpu         ] GC(831) User=0.14s Sys=0.02s Real=0.08s
[316.054s][info][gc,start       ] GC(832) Pause Young (Allocation Failure)
[316.063s][info][gc,heap        ] GC(832) PSYoungGen: 285696K(285696K)->64K(305664K) Eden: 277504K(277504K)->0K(277504K) From: 8192K(8192K)->64K(28160K)
[316.063s][info][gc,heap        ] GC(832) ParOldGen: 491013K(491520K)->491973K(492032K)
[316.063s][info][gc,metaspace   ] GC(832) Metaspace: 35229K(35904K)->35229K(35904K) NonClass: 28969K(29440K)->28969K(29440K) Class: 6260K(6464K)->6260K(6464K)
[316.063s][info][gc             ] GC(832) Pause Young (Allocation Failure) 758M->480M(779M) 9.178ms
[316.063s][info][gc,cpu         ] GC(832) User=0.02s Sys=0.00s Real=0.01s
[316.679s][info][gc,start       ] GC(833) Pause Young (Allocation Failure)
[316.681s][info][gc,heap        ] GC(833) PSYoungGen: 277568K(305664K)->64K(302592K) Eden: 277504K(277504K)->0K(278528K) From: 64K(28160K)->64K(24064K)
[316.681s][info][gc,heap        ] GC(833) ParOldGen: 491973K(492032K)->491981K(492032K)
[316.681s][info][gc,metaspace   ] GC(833) Metaspace: 35229K(35904K)->35229K(35904K) NonClass: 28969K(29440K)->28969K(29440K) Class: 6260K(6464K)->6260K(6464K)
[316.681s][info][gc             ] GC(833) Pause Young (Allocation Failure) 751M->480M(776M) 2.012ms
[316.681s][info][gc,cpu         ] GC(833) User=0.00s Sys=0.00s Real=0.00s
[317.129s][info][gc,start       ] GC(834) Pause Young (Allocation Failure)
[317.131s][info][gc,heap        ] GC(834) PSYoungGen: 278592K(302592K)->64K(304640K) Eden: 278528K(278528K)->0K(278528K) From: 64K(24064K)->64K(26112K)
[317.131s][info][gc,heap        ] GC(834) ParOldGen: 491981K(492032K)->491989K(492032K)
[317.131s][info][gc,metaspace   ] GC(834) Metaspace: 35229K(35904K)->35229K(35904K) NonClass: 28969K(29440K)->28969K(29440K) Class: 6260K(6464K)->6260K(6464K)
[317.131s][info][gc             ] GC(834) Pause Young (Allocation Failure) 752M->480M(778M) 1.720ms
[317.131s][info][gc,cpu         ] GC(834) User=0.00s Sys=0.00s Real=0.00s
[317.565s][info][gc,start       ] GC(835) Pause Young (Allocation Failure)
[317.567s][info][gc,heap        ] GC(835) PSYoungGen: 278592K(304640K)->64K(304640K) Eden: 278528K(278528K)->0K(282624K) From: 64K(26112K)->64K(22016K)
[317.567s][info][gc,heap        ] GC(835) ParOldGen: 491989K(492032K)->492005K(492032K)
[317.567s][info][gc,metaspace   ] GC(835) Metaspace: 35229K(35904K)->35229K(35904K) NonClass: 28969K(29440K)->28969K(29440K) Class: 6260K(6464K)->6260K(6464K)
[317.567s][info][gc             ] GC(835) Pause Young (Allocation Failure) 752M->480M(778M) 1.779ms
[317.567s][info][gc,cpu         ] GC(835) User=0.01s Sys=0.00s Real=0.01s
[317.787s][info][gc,start       ] GC(836) Pause Young (Allocation Failure)
[317.788s][info][gc,heap        ] GC(836) PSYoungGen: 282688K(304640K)->64K(306688K) Eden: 282624K(282624K)->0K(282624K) From: 64K(22016K)->64K(24064K)
[317.788s][info][gc,heap        ] GC(836) ParOldGen: 492005K(492032K)->492021K(492032K)
[317.788s][info][gc,metaspace   ] GC(836) Metaspace: 35229K(35904K)->35229K(35904K) NonClass: 28969K(29440K)->28969K(29440K) Class: 6260K(6464K)->6260K(6464K)
[317.788s][info][gc             ] GC(836) Pause Young (Allocation Failure) 756M->480M(780M) 1.787ms
[317.789s][info][gc,cpu         ] GC(836) User=0.00s Sys=0.00s Real=0.00s
[318.003s][info][gc,start       ] GC(837) Pause Young (Allocation Failure)
[318.005s][info][gc,heap        ] GC(837) PSYoungGen: 282688K(306688K)->64K(306688K) Eden: 282624K(282624K)->0K(286720K) From: 64K(24064K)->64K(19968K)
[318.005s][info][gc,heap        ] GC(837) ParOldGen: 492021K(492032K)->492021K(492032K)
[318.005s][info][gc,metaspace   ] GC(837) Metaspace: 35229K(35904K)->35229K(35904K) NonClass: 28969K(29440K)->28969K(29440K) Class: 6260K(6464K)->6260K(6464K)
[318.005s][info][gc             ] GC(837) Pause Young (Allocation Failure) 756M->480M(780M) 1.698ms
[318.005s][info][gc,cpu         ] GC(837) User=0.01s Sys=0.00s Real=0.00s
[318.366s][info][gc,start       ] GC(838) Pause Young (Allocation Failure)
[318.368s][info][gc,heap        ] GC(838) PSYoungGen: 286784K(306688K)->64K(308736K) Eden: 286720K(286720K)->0K(286720K) From: 64K(19968K)->64K(22016K)
[318.368s][info][gc,heap        ] GC(838) ParOldGen: 492021K(492032K)->492021K(492032K)
[318.368s][info][gc,metaspace   ] GC(838) Metaspace: 35229K(35904K)->35229K(35904K) NonClass: 28969K(29440K)->28969K(29440K) Class: 6260K(6464K)->6260K(6464K)
[318.368s][info][gc             ] GC(838) Pause Young (Allocation Failure) 760M->480M(782M) 1.711ms
[318.368s][info][gc,cpu         ] GC(838) User=0.00s Sys=0.00s Real=0.00s
[318.430s][info][gc,start       ] GC(839) Pause Young (Allocation Failure)
[318.431s][info][gc,heap        ] GC(839) PSYoungGen: 286783K(308736K)->64K(307712K) Eden: 286719K(286720K)->0K(290816K) From: 64K(22016K)->64K(16896K)
[318.431s][info][gc,heap        ] GC(839) ParOldGen: 492021K(492032K)->492029K(492032K)
[318.431s][info][gc,metaspace   ] GC(839) Metaspace: 35229K(35904K)->35229K(35904K) NonClass: 28969K(29440K)->28969K(29440K) Class: 6260K(6464K)->6260K(6464K)
[318.431s][info][gc             ] GC(839) Pause Young (Allocation Failure) 760M->480M(781M) 1.772ms
[318.431s][info][gc,cpu         ] GC(839) User=0.00s Sys=0.00s Real=0.00s
[318.485s][info][gc,start       ] GC(840) Pause Young (Allocation Failure)
[318.486s][info][gc,heap        ] GC(840) PSYoungGen: 290880K(307712K)->64K(310272K) Eden: 290816K(290816K)->0K(290816K) From: 64K(16896K)->64K(19456K)
[318.487s][info][gc,heap        ] GC(840) ParOldGen: 492029K(492032K)->492045K(492544K)
[318.487s][info][gc,metaspace   ] GC(840) Metaspace: 35229K(35904K)->35229K(35904K) NonClass: 28969K(29440K)->28969K(29440K) Class: 6260K(6464K)->6260K(6464K)
[318.487s][info][gc             ] GC(840) Pause Young (Allocation Failure) 764M->480M(784M) 1.647ms
[318.487s][info][gc,cpu         ] GC(840) User=0.01s Sys=0.00s Real=0.01s
[318.733s][info][gc,start       ] GC(841) Pause Young (Allocation Failure)
[318.735s][info][gc,heap        ] GC(841) PSYoungGen: 290880K(310272K)->64K(311296K) Eden: 290816K(290816K)->0K(295936K) From: 64K(19456K)->64K(15360K)
[318.735s][info][gc,heap        ] GC(841) ParOldGen: 492045K(492544K)->492045K(492544K)
[318.735s][info][gc,metaspace   ] GC(841) Metaspace: 35229K(35904K)->35229K(35904K) NonClass: 28969K(29440K)->28969K(29440K) Class: 6260K(6464K)->6260K(6464K)
[318.735s][info][gc             ] GC(841) Pause Young (Allocation Failure) 764M->480M(785M) 1.726ms
[318.735s][info][gc,cpu         ] GC(841) User=0.01s Sys=0.00s Real=0.01s
[319.042s][info][gc,start       ] GC(842) Pause Young (Allocation Failure)
[319.044s][info][gc,heap        ] GC(842) PSYoungGen: 296000K(311296K)->64K(313344K) Eden: 295936K(295936K)->0K(295936K) From: 64K(15360K)->64K(17408K)
[319.044s][info][gc,heap        ] GC(842) ParOldGen: 492045K(492544K)->492053K(492544K)
[319.044s][info][gc,metaspace   ] GC(842) Metaspace: 35229K(35904K)->35229K(35904K) NonClass: 28969K(29440K)->28969K(29440K) Class: 6260K(6464K)->6260K(6464K)
[319.044s][info][gc             ] GC(842) Pause Young (Allocation Failure) 769M->480M(787M) 1.665ms
[319.044s][info][gc,cpu         ] GC(842) User=0.00s Sys=0.00s Real=0.00s
[319.181s][info][gc,start       ] GC(843) Pause Young (Allocation Failure)
[319.183s][info][gc,heap        ] GC(843) PSYoungGen: 296000K(313344K)->64K(313344K) Eden: 295936K(295936K)->0K(300032K) From: 64K(17408K)->64K(13312K)
[319.183s][info][gc,heap        ] GC(843) ParOldGen: 492053K(492544K)->492061K(492544K)
[319.183s][info][gc,metaspace   ] GC(843) Metaspace: 35229K(35904K)->35229K(35904K) NonClass: 28969K(29440K)->28969K(29440K) Class: 6260K(6464K)->6260K(6464K)
[319.183s][info][gc             ] GC(843) Pause Young (Allocation Failure) 769M->480M(787M) 1.759ms
[319.183s][info][gc,cpu         ] GC(843) User=0.00s Sys=0.00s Real=0.00s
[319.269s][info][gc,start       ] GC(844) Pause Young (Allocation Failure)
[319.271s][info][gc,heap        ] GC(844) PSYoungGen: 300096K(313344K)->64K(315392K) Eden: 300032K(300032K)->0K(300032K) From: 64K(13312K)->64K(15360K)
[319.271s][info][gc,heap        ] GC(844) ParOldGen: 492061K(492544K)->492069K(492544K)
[319.271s][info][gc,metaspace   ] GC(844) Metaspace: 35229K(35904K)->35229K(35904K) NonClass: 28969K(29440K)->28969K(29440K) Class: 6260K(6464K)->6260K(6464K)
[319.271s][info][gc             ] GC(844) Pause Young (Allocation Failure) 773M->480M(789M) 1.670ms
[319.271s][info][gc,cpu         ] GC(844) User=0.00s Sys=0.00s Real=0.00s
[319.474s][info][gc,start       ] GC(845) Pause Young (Allocation Failure)
[319.475s][info][gc,heap        ] GC(845) PSYoungGen: 300096K(315392K)->64K(315392K) Eden: 300032K(300032K)->0K(304128K) From: 64K(15360K)->64K(11264K)
[319.475s][info][gc,heap        ] GC(845) ParOldGen: 492069K(492544K)->492077K(492544K)
[319.475s][info][gc,metaspace   ] GC(845) Metaspace: 35229K(35904K)->35229K(35904K) NonClass: 28969K(29440K)->28969K(29440K) Class: 6260K(6464K)->6260K(6464K)
[319.475s][info][gc             ] GC(845) Pause Young (Allocation Failure) 773M->480M(789M) 1.742ms
[319.475s][info][gc,cpu         ] GC(845) User=0.01s Sys=0.00s Real=0.01s
[320.442s][info][gc,start       ] GC(846) Pause Young (Allocation Failure)
[320.443s][info][gc,heap        ] GC(846) PSYoungGen: 304192K(315392K)->83K(317440K) Eden: 304128K(304128K)->0K(304128K) From: 64K(11264K)->83K(13312K)
[320.443s][info][gc,heap        ] GC(846) ParOldGen: 492077K(492544K)->492085K(492544K)
[320.443s][info][gc,metaspace   ] GC(846) Metaspace: 35229K(35904K)->35229K(35904K) NonClass: 28969K(29440K)->28969K(29440K) Class: 6260K(6464K)->6260K(6464K)
[320.443s][info][gc             ] GC(846) Pause Young (Allocation Failure) 777M->480M(791M) 1.726ms
[320.443s][info][gc,cpu         ] GC(846) User=0.00s Sys=0.00s Real=0.00s
[321.333s][info][gc,start       ] GC(847) Pause Young (Allocation Failure)
[321.335s][info][gc,heap        ] GC(847) PSYoungGen: 304211K(317440K)->64K(292352K) Eden: 304128K(304128K)->0K(291840K) From: 83K(13312K)->64K(512K)
[321.335s][info][gc,heap        ] GC(847) ParOldGen: 492085K(492544K)->492093K(492544K)
[321.335s][info][gc,metaspace   ] GC(847) Metaspace: 35229K(35904K)->35229K(35904K) NonClass: 28969K(29440K)->28969K(29440K) Class: 6260K(6464K)->6260K(6464K)
[321.335s][info][gc             ] GC(847) Pause Young (Allocation Failure) 777M->480M(766M) 2.264ms
[321.335s][info][gc,cpu         ] GC(847) User=0.00s Sys=0.00s Real=0.00s
[321.653s][info][gc,start       ] GC(848) Pause Young (Allocation Failure)
[321.655s][info][gc,heap        ] GC(848) PSYoungGen: 291904K(292352K)->64K(291840K) Eden: 291840K(291840K)->0K(280064K) From: 64K(512K)->64K(11776K)
[321.655s][info][gc,heap        ] GC(848) ParOldGen: 492093K(492544K)->492101K(492544K)
[321.655s][info][gc,metaspace   ] GC(848) Metaspace: 35229K(35904K)->35229K(35904K) NonClass: 28969K(29440K)->28969K(29440K) Class: 6260K(6464K)->6260K(6464K)
[321.655s][info][gc             ] GC(848) Pause Young (Allocation Failure) 765M->480M(766M) 1.715ms
[321.655s][info][gc,cpu         ] GC(848) User=0.00s Sys=0.00s Real=0.00s
[322.071s][info][gc,start       ] GC(849) Pause Young (Allocation Failure)
[322.073s][info][gc,heap        ] GC(849) PSYoungGen: 280128K(291840K)->64K(269312K) Eden: 280064K(280064K)->0K(268800K) From: 64K(11776K)->64K(512K)
[322.073s][info][gc,heap        ] GC(849) ParOldGen: 492101K(492544K)->492109K(492544K)
[322.073s][info][gc,metaspace   ] GC(849) Metaspace: 35229K(35904K)->35229K(35904K) NonClass: 28969K(29440K)->28969K(29440K) Class: 6260K(6464K)->6260K(6464K)
[322.073s][info][gc             ] GC(849) Pause Young (Allocation Failure) 754M->480M(744M) 2.428ms
[322.073s][info][gc,cpu         ] GC(849) User=0.01s Sys=0.00s Real=0.00s
[323.026s][info][gc,start       ] GC(850) Pause Young (Allocation Failure)
[323.027s][info][gc,heap        ] GC(850) PSYoungGen: 268864K(269312K)->64K(268288K) Eden: 268800K(268800K)->0K(258048K) From: 64K(512K)->64K(10240K)
[323.027s][info][gc,heap        ] GC(850) ParOldGen: 492109K(492544K)->492117K(492544K)
[323.027s][info][gc,metaspace   ] GC(850) Metaspace: 35229K(35904K)->35229K(35904K) NonClass: 28969K(29440K)->28969K(29440K) Class: 6260K(6464K)->6260K(6464K)
[323.027s][info][gc             ] GC(850) Pause Young (Allocation Failure) 743M->480M(743M) 1.742ms
[323.027s][info][gc,cpu         ] GC(850) User=0.00s Sys=0.00s Real=0.00s
[323.375s][info][gc,start       ] GC(851) Pause Young (Allocation Failure)
[323.377s][info][gc,heap        ] GC(851) PSYoungGen: 258112K(268288K)->64K(248320K) Eden: 258048K(258048K)->0K(247808K) From: 64K(10240K)->64K(512K)
[323.377s][info][gc,heap        ] GC(851) ParOldGen: 492117K(492544K)->492125K(492544K)
[323.377s][info][gc,metaspace   ] GC(851) Metaspace: 35229K(35904K)->35229K(35904K) NonClass: 28969K(29440K)->28969K(29440K) Class: 6260K(6464K)->6260K(6464K)
[323.377s][info][gc             ] GC(851) Pause Young (Allocation Failure) 732M->480M(723M) 2.368ms
[323.377s][info][gc,cpu         ] GC(851) User=0.00s Sys=0.00s Real=0.01s
[323.519s][info][gc,start       ] GC(852) Pause Young (Allocation Failure)
[323.520s][info][gc,heap        ] GC(852) PSYoungGen: 247872K(248320K)->64K(246784K) Eden: 247808K(247808K)->0K(238080K) From: 64K(512K)->64K(8704K)
[323.521s][info][gc,heap        ] GC(852) ParOldGen: 492125K(492544K)->492133K(492544K)
[323.521s][info][gc,metaspace   ] GC(852) Metaspace: 35229K(35904K)->35229K(35904K) NonClass: 28969K(29440K)->28969K(29440K) Class: 6260K(6464K)->6260K(6464K)
[323.521s][info][gc             ] GC(852) Pause Young (Allocation Failure) 722M->480M(722M) 1.639ms
[323.521s][info][gc,cpu         ] GC(852) User=0.00s Sys=0.00s Real=0.00s
[323.769s][info][gc,start       ] GC(853) Pause Young (Allocation Failure)
[323.771s][info][gc,heap        ] GC(853) PSYoungGen: 238144K(246784K)->64K(229376K) Eden: 238080K(238080K)->0K(228864K) From: 64K(8704K)->64K(512K)
[323.771s][info][gc,heap        ] GC(853) ParOldGen: 492133K(492544K)->492141K(492544K)
[323.771s][info][gc,metaspace   ] GC(853) Metaspace: 35229K(35904K)->35229K(35904K) NonClass: 28969K(29440K)->28969K(29440K) Class: 6260K(6464K)->6260K(6464K)
[323.771s][info][gc             ] GC(853) Pause Young (Allocation Failure) 713M->480M(705M) 2.422ms
[323.771s][info][gc,cpu         ] GC(853) User=0.00s Sys=0.00s Real=0.00s
[324.255s][info][gc,start       ] GC(854) Pause Young (Allocation Failure)
[324.257s][info][gc,heap        ] GC(854) PSYoungGen: 228928K(229376K)->64K(227840K) Eden: 228864K(228864K)->0K(220160K) From: 64K(512K)->64K(7680K)
[324.257s][info][gc,heap        ] GC(854) ParOldGen: 492141K(492544K)->492149K(492544K)
[324.257s][info][gc,metaspace   ] GC(854) Metaspace: 35229K(35904K)->35229K(35904K) NonClass: 28969K(29440K)->28969K(29440K) Class: 6260K(6464K)->6260K(6464K)
[324.257s][info][gc             ] GC(854) Pause Young (Allocation Failure) 704M->480M(703M) 1.799ms
[324.257s][info][gc,cpu         ] GC(854) User=0.01s Sys=0.00s Real=0.01s
[324.530s][info][gc,start       ] GC(855) Pause Young (Allocation Failure)
[324.534s][info][gc,heap        ] GC(855) PSYoungGen: 220224K(227840K)->64K(212480K) Eden: 220160K(220160K)->0K(211968K) From: 64K(7680K)->64K(512K)
[324.534s][info][gc,heap        ] GC(855) ParOldGen: 492149K(492544K)->492157K(492544K)
[324.534s][info][gc,metaspace   ] GC(855) Metaspace: 35244K(35968K)->35244K(35968K) NonClass: 28984K(29504K)->28984K(29504K) Class: 6260K(6464K)->6260K(6464K)
[324.534s][info][gc             ] GC(855) Pause Young (Allocation Failure) 695M->480M(688M) 3.682ms
[324.534s][info][gc,cpu         ] GC(855) User=0.01s Sys=0.00s Real=0.00s
[324.810s][info][gc,start       ] GC(856) Pause Young (Allocation Failure)
[324.850s][info][gc,heap        ] GC(856) PSYoungGen: 212032K(212480K)->6656K(260608K) Eden: 211968K(211968K)->0K(253952K) From: 64K(512K)->6656K(6656K)
[324.850s][info][gc,heap        ] GC(856) ParOldGen: 492157K(492544K)->503853K(504320K)
[324.850s][info][gc,metaspace   ] GC(856) Metaspace: 35244K(35968K)->35244K(35968K) NonClass: 28984K(29504K)->28984K(29504K) Class: 6260K(6464K)->6260K(6464K)
[324.850s][info][gc             ] GC(856) Pause Young (Allocation Failure) 687M->498M(747M) 40.265ms
[324.850s][info][gc,cpu         ] GC(856) User=0.06s Sys=0.01s Real=0.04s
[325.113s][info][gc,start       ] GC(857) Pause Young (Allocation Failure)
[325.171s][info][gc,heap        ] GC(857) PSYoungGen: 260608K(260608K)->6656K(266752K) Eden: 253952K(253952K)->0K(260096K) From: 6656K(6656K)->6656K(6656K)
[325.171s][info][gc,heap        ] GC(857) ParOldGen: 503853K(504320K)->524437K(524800K)
[325.171s][info][gc,metaspace   ] GC(857) Metaspace: 35244K(35968K)->35244K(35968K) NonClass: 28984K(29504K)->28984K(29504K) Class: 6260K(6464K)->6260K(6464K)
[325.171s][info][gc             ] GC(857) Pause Young (Allocation Failure) 746M->518M(773M) 58.225ms
[325.171s][info][gc,cpu         ] GC(857) User=0.09s Sys=0.01s Real=0.06s
[325.412s][info][gc,start       ] GC(858) Pause Young (Allocation Failure)
[325.458s][info][gc,heap        ] GC(858) PSYoungGen: 266752K(266752K)->20992K(281088K) Eden: 260096K(260096K)->0K(260096K) From: 6656K(6656K)->20992K(20992K)
[325.458s][info][gc,heap        ] GC(858) ParOldGen: 524437K(524800K)->527997K(528384K)
[325.458s][info][gc,metaspace   ] GC(858) Metaspace: 35244K(35968K)->35244K(35968K) NonClass: 28984K(29504K)->28984K(29504K) Class: 6260K(6464K)->6260K(6464K)
[325.458s][info][gc             ] GC(858) Pause Young (Allocation Failure) 772M->536M(790M) 45.229ms
[325.458s][info][gc,cpu         ] GC(858) User=0.09s Sys=0.01s Real=0.05s
[325.542s][info][gc,start       ] GC(859) Pause Young (Allocation Failure)
[325.545s][info][gc,heap        ] GC(859) PSYoungGen: 281088K(281088K)->64K(308224K) Eden: 260096K(260096K)->0K(281600K) From: 20992K(20992K)->64K(26624K)
[325.545s][info][gc,heap        ] GC(859) ParOldGen: 527997K(528384K)->528109K(528384K)
[325.545s][info][gc,metaspace   ] GC(859) Metaspace: 35244K(35968K)->35244K(35968K) NonClass: 28984K(29504K)->28984K(29504K) Class: 6260K(6464K)->6260K(6464K)
[325.545s][info][gc             ] GC(859) Pause Young (Allocation Failure) 790M->515M(817M) 2.670ms
[325.545s][info][gc,cpu         ] GC(859) User=0.01s Sys=0.00s Real=0.00s
[326.192s][info][gc,start       ] GC(860) Pause Young (Allocation Failure)
[326.194s][info][gc,heap        ] GC(860) PSYoungGen: 281664K(308224K)->64K(282112K) Eden: 281600K(281600K)->0K(281600K) From: 64K(26624K)->64K(512K)
[326.194s][info][gc,heap        ] GC(860) ParOldGen: 528109K(528384K)->528117K(528384K)
[326.194s][info][gc,metaspace   ] GC(860) Metaspace: 35244K(35968K)->35244K(35968K) NonClass: 28984K(29504K)->28984K(29504K) Class: 6260K(6464K)->6260K(6464K)
[326.194s][info][gc             ] GC(860) Pause Young (Allocation Failure) 790M->515M(791M) 1.804ms
[326.194s][info][gc,cpu         ] GC(860) User=0.00s Sys=0.00s Real=0.00s
[326.605s][info][gc,start       ] GC(861) Pause Young (Allocation Failure)
[326.606s][info][gc,heap        ] GC(861) PSYoungGen: 281664K(282112K)->64K(306688K) Eden: 281600K(281600K)->0K(282112K) From: 64K(512K)->64K(24576K)
[326.606s][info][gc,heap        ] GC(861) ParOldGen: 528117K(528384K)->528125K(528384K)
[326.606s][info][gc,metaspace   ] GC(861) Metaspace: 35244K(35968K)->35244K(35968K) NonClass: 28984K(29504K)->28984K(29504K) Class: 6260K(6464K)->6260K(6464K)
[326.606s][info][gc             ] GC(861) Pause Young (Allocation Failure) 790M->515M(815M) 1.847ms
[326.606s][info][gc,cpu         ] GC(861) User=0.01s Sys=0.00s Real=0.01s
[327.045s][info][gc,start       ] GC(862) Pause Young (Allocation Failure)
[327.047s][info][gc,heap        ] GC(862) PSYoungGen: 282176K(306688K)->64K(306176K) Eden: 282112K(282112K)->0K(282112K) From: 64K(24576K)->64K(24064K)
[327.047s][info][gc,heap        ] GC(862) ParOldGen: 528125K(528384K)->528141K(528384K)
[327.047s][info][gc,metaspace   ] GC(862) Metaspace: 35244K(35968K)->35244K(35968K) NonClass: 28984K(29504K)->28984K(29504K) Class: 6260K(6464K)->6260K(6464K)
[327.047s][info][gc             ] GC(862) Pause Young (Allocation Failure) 791M->515M(815M) 1.848ms
[327.047s][info][gc,cpu         ] GC(862) User=0.01s Sys=0.00s Real=0.00s
[327.262s][info][gc,start       ] GC(863) Pause Young (Allocation Failure)
[327.264s][info][gc,heap        ] GC(863) PSYoungGen: 282176K(306176K)->64K(308736K) Eden: 282112K(282112K)->0K(286208K) From: 64K(24064K)->64K(22528K)
[327.264s][info][gc,heap        ] GC(863) ParOldGen: 528141K(528384K)->528157K(528384K)
[327.264s][info][gc,metaspace   ] GC(863) Metaspace: 35244K(35968K)->35244K(35968K) NonClass: 28984K(29504K)->28984K(29504K) Class: 6260K(6464K)->6260K(6464K)
[327.264s][info][gc             ] GC(863) Pause Young (Allocation Failure) 791M->515M(817M) 1.787ms
[327.264s][info][gc,cpu         ] GC(863) User=0.00s Sys=0.00s Real=0.00s
[327.482s][info][gc,start       ] GC(864) Pause Young (Allocation Failure)
[327.484s][info][gc,heap        ] GC(864) PSYoungGen: 286272K(308736K)->64K(308224K) Eden: 286208K(286208K)->0K(286208K) From: 64K(22528K)->64K(22016K)
[327.484s][info][gc,heap        ] GC(864) ParOldGen: 528157K(528384K)->528157K(528384K)
[327.484s][info][gc,metaspace   ] GC(864) Metaspace: 35244K(35968K)->35244K(35968K) NonClass: 28984K(29504K)->28984K(29504K) Class: 6260K(6464K)->6260K(6464K)
[327.484s][info][gc             ] GC(864) Pause Young (Allocation Failure) 795M->515M(817M) 1.767ms
[327.484s][info][gc,cpu         ] GC(864) User=0.00s Sys=0.00s Real=0.00s
[327.837s][info][gc,start       ] GC(865) Pause Young (Allocation Failure)
[327.838s][info][gc,heap        ] GC(865) PSYoungGen: 286272K(308224K)->64K(310784K) Eden: 286208K(286208K)->0K(290304K) From: 64K(22016K)->64K(20480K)
[327.838s][info][gc,heap        ] GC(865) ParOldGen: 528157K(528384K)->528157K(528384K)
[327.838s][info][gc,metaspace   ] GC(865) Metaspace: 35244K(35968K)->35244K(35968K) NonClass: 28984K(29504K)->28984K(29504K) Class: 6260K(6464K)->6260K(6464K)
[327.838s][info][gc             ] GC(865) Pause Young (Allocation Failure) 795M->515M(819M) 1.769ms
[327.838s][info][gc,cpu         ] GC(865) User=0.01s Sys=0.00s Real=0.00s
[327.894s][info][gc,start       ] GC(866) Pause Young (Allocation Failure)
[327.896s][info][gc,heap        ] GC(866) PSYoungGen: 290367K(310784K)->64K(309760K) Eden: 290303K(290304K)->0K(290304K) From: 64K(20480K)->64K(19456K)
[327.896s][info][gc,heap        ] GC(866) ParOldGen: 528157K(528384K)->528173K(528384K)
[327.896s][info][gc,metaspace   ] GC(866) Metaspace: 35244K(35968K)->35244K(35968K) NonClass: 28984K(29504K)->28984K(29504K) Class: 6260K(6464K)->6260K(6464K)
[327.896s][info][gc             ] GC(866) Pause Young (Allocation Failure) 799M->515M(818M) 1.750ms
[327.896s][info][gc,cpu         ] GC(866) User=0.00s Sys=0.00s Real=0.01s
[327.949s][info][gc,start       ] GC(867) Pause Young (Allocation Failure)
[327.951s][info][gc,heap        ] GC(867) PSYoungGen: 290368K(309760K)->32K(313344K) Eden: 290304K(290304K)->0K(294912K) From: 64K(19456K)->32K(18432K)
[327.951s][info][gc,heap        ] GC(867) ParOldGen: 528173K(528384K)->528173K(528384K)
[327.951s][info][gc,metaspace   ] GC(867) Metaspace: 35244K(35968K)->35244K(35968K) NonClass: 28984K(29504K)->28984K(29504K) Class: 6260K(6464K)->6260K(6464K)
[327.951s][info][gc             ] GC(867) Pause Young (Allocation Failure) 799M->515M(822M) 1.648ms
[327.951s][info][gc,cpu         ] GC(867) User=0.00s Sys=0.00s Real=0.00s
[328.239s][info][gc,start       ] GC(868) Pause Young (Allocation Failure)
[328.240s][info][gc,heap        ] GC(868) PSYoungGen: 294944K(313344K)->64K(312320K) Eden: 294912K(294912K)->0K(294912K) From: 32K(18432K)->64K(17408K)
[328.240s][info][gc,heap        ] GC(868) ParOldGen: 528173K(528384K)->528173K(528384K)
[328.240s][info][gc,metaspace   ] GC(868) Metaspace: 35244K(35968K)->35244K(35968K) NonClass: 28984K(29504K)->28984K(29504K) Class: 6260K(6464K)->6260K(6464K)
[328.240s][info][gc             ] GC(868) Pause Young (Allocation Failure) 803M->515M(821M) 1.765ms
[328.240s][info][gc,cpu         ] GC(868) User=0.01s Sys=0.00s Real=0.00s
[328.530s][info][gc,start       ] GC(869) Pause Young (Allocation Failure)
[328.532s][info][gc,heap        ] GC(869) PSYoungGen: 294976K(312320K)->64K(315392K) Eden: 294912K(294912K)->0K(299008K) From: 64K(17408K)->64K(16384K)
[328.532s][info][gc,heap        ] GC(869) ParOldGen: 528173K(528384K)->528181K(528384K)
[328.532s][info][gc,metaspace   ] GC(869) Metaspace: 35244K(35968K)->35244K(35968K) NonClass: 28984K(29504K)->28984K(29504K) Class: 6260K(6464K)->6260K(6464K)
[328.532s][info][gc             ] GC(869) Pause Young (Allocation Failure) 803M->515M(824M) 1.814ms
[328.532s][info][gc,cpu         ] GC(869) User=0.01s Sys=0.00s Real=0.00s
[328.657s][info][gc,start       ] GC(870) Pause Young (Allocation Failure)
[328.659s][info][gc,heap        ] GC(870) PSYoungGen: 299072K(315392K)->64K(314368K) Eden: 299008K(299008K)->0K(299008K) From: 64K(16384K)->64K(15360K)
[328.659s][info][gc,heap        ] GC(870) ParOldGen: 528181K(528384K)->528189K(528384K)
[328.659s][info][gc,metaspace   ] GC(870) Metaspace: 35244K(35968K)->35244K(35968K) NonClass: 28984K(29504K)->28984K(29504K) Class: 6260K(6464K)->6260K(6464K)
[328.659s][info][gc             ] GC(870) Pause Young (Allocation Failure) 807M->515M(823M) 1.823ms
[328.659s][info][gc,cpu         ] GC(870) User=0.00s Sys=0.00s Real=0.00s
[328.760s][info][gc,start       ] GC(871) Pause Young (Allocation Failure)
[328.762s][info][gc,heap        ] GC(871) PSYoungGen: 299072K(314368K)->64K(317440K) Eden: 299008K(299008K)->0K(303104K) From: 64K(15360K)->64K(14336K)
[328.762s][info][gc,heap        ] GC(871) ParOldGen: 528189K(528384K)->528197K(528384K)
[328.762s][info][gc,metaspace   ] GC(871) Metaspace: 35244K(35968K)->35244K(35968K) NonClass: 28984K(29504K)->28984K(29504K) Class: 6260K(6464K)->6260K(6464K)
[328.762s][info][gc             ] GC(871) Pause Young (Allocation Failure) 807M->515M(826M) 1.749ms
[328.762s][info][gc,cpu         ] GC(871) User=0.00s Sys=0.00s Real=0.00s
[328.963s][info][gc,start       ] GC(872) Pause Young (Allocation Failure)
[328.964s][info][gc,heap        ] GC(872) PSYoungGen: 303168K(317440K)->64K(316928K) Eden: 303104K(303104K)->0K(303104K) From: 64K(14336K)->64K(13824K)
[328.964s][info][gc,heap        ] GC(872) ParOldGen: 528197K(528384K)->528205K(528384K)
[328.964s][info][gc,metaspace   ] GC(872) Metaspace: 35244K(35968K)->35244K(35968K) NonClass: 28984K(29504K)->28984K(29504K) Class: 6260K(6464K)->6260K(6464K)
[328.964s][info][gc             ] GC(872) Pause Young (Allocation Failure) 811M->515M(825M) 1.794ms
[328.964s][info][gc,cpu         ] GC(872) User=0.01s Sys=0.00s Real=0.00s
[329.935s][info][gc,start       ] GC(873) Pause Young (Allocation Failure)
[329.937s][info][gc,heap        ] GC(873) PSYoungGen: 303168K(316928K)->64K(318976K) Eden: 303104K(303104K)->0K(306688K) From: 64K(13824K)->64K(12288K)
[329.937s][info][gc,heap        ] GC(873) ParOldGen: 528205K(528384K)->528213K(528384K)
[329.937s][info][gc,metaspace   ] GC(873) Metaspace: 35244K(35968K)->35244K(35968K) NonClass: 28984K(29504K)->28984K(29504K) Class: 6260K(6464K)->6260K(6464K)
[329.937s][info][gc             ] GC(873) Pause Young (Allocation Failure) 811M->515M(827M) 1.830ms
[329.937s][info][gc,cpu         ] GC(873) User=0.01s Sys=0.00s Real=0.01s
[330.845s][info][gc,start       ] GC(874) Pause Young (Allocation Failure)
[330.847s][info][gc,heap        ] GC(874) PSYoungGen: 306752K(318976K)->64K(294912K) Eden: 306688K(306688K)->0K(294400K) From: 64K(12288K)->64K(512K)
[330.847s][info][gc,heap        ] GC(874) ParOldGen: 528213K(528384K)->528221K(528384K)
[330.847s][info][gc,metaspace   ] GC(874) Metaspace: 35244K(35968K)->35244K(35968K) NonClass: 28984K(29504K)->28984K(29504K) Class: 6260K(6464K)->6260K(6464K)
[330.847s][info][gc             ] GC(874) Pause Young (Allocation Failure) 815M->515M(804M) 1.875ms
[330.847s][info][gc,cpu         ] GC(874) User=0.00s Sys=0.00s Real=0.00s
[331.231s][info][gc,start       ] GC(875) Pause Young (Allocation Failure)
[331.233s][info][gc,heap        ] GC(875) PSYoungGen: 294464K(294912K)->64K(283136K) Eden: 294400K(294400K)->0K(282624K) From: 64K(512K)->64K(512K)
[331.233s][info][gc,heap        ] GC(875) ParOldGen: 528221K(528384K)->528229K(528384K)
[331.233s][info][gc,metaspace   ] GC(875) Metaspace: 35244K(35968K)->35244K(35968K) NonClass: 28984K(29504K)->28984K(29504K) Class: 6260K(6464K)->6260K(6464K)
[331.233s][info][gc             ] GC(875) Pause Young (Allocation Failure) 803M->515M(792M) 1.875ms
[331.233s][info][gc,cpu         ] GC(875) User=0.01s Sys=0.00s Real=0.00s
[331.626s][info][gc,start       ] GC(876) Pause Young (Allocation Failure)
[331.628s][info][gc,heap        ] GC(876) PSYoungGen: 282688K(283136K)->64K(281600K) Eden: 282624K(282624K)->0K(271360K) From: 64K(512K)->64K(10240K)
[331.628s][info][gc,heap        ] GC(876) ParOldGen: 528229K(528384K)->528237K(528384K)
[331.628s][info][gc,metaspace   ] GC(876) Metaspace: 35244K(35968K)->35244K(35968K) NonClass: 28984K(29504K)->28984K(29504K) Class: 6260K(6464K)->6260K(6464K)
[331.628s][info][gc             ] GC(876) Pause Young (Allocation Failure) 791M->515M(791M) 1.776ms
[331.628s][info][gc,cpu         ] GC(876) User=0.00s Sys=0.00s Real=0.00s
[332.559s][info][gc,start       ] GC(877) Pause Young (Allocation Failure)
[332.562s][info][gc,heap        ] GC(877) PSYoungGen: 271424K(281600K)->64K(261120K) Eden: 271360K(271360K)->0K(260608K) From: 64K(10240K)->64K(512K)
[332.563s][info][gc,heap        ] GC(877) ParOldGen: 528237K(528384K)->528245K(528384K)
[332.563s][info][gc,metaspace   ] GC(877) Metaspace: 35244K(35968K)->35244K(35968K) NonClass: 28984K(29504K)->28984K(29504K) Class: 6260K(6464K)->6260K(6464K)
[332.563s][info][gc             ] GC(877) Pause Young (Allocation Failure) 780M->515M(771M) 3.084ms
[332.563s][info][gc,cpu         ] GC(877) User=0.00s Sys=0.00s Real=0.00s
[332.947s][info][gc,start       ] GC(878) Pause Young (Allocation Failure)
[332.950s][info][gc,heap        ] GC(878) PSYoungGen: 260672K(261120K)->64K(259584K) Eden: 260608K(260608K)->0K(250368K) From: 64K(512K)->64K(9216K)
[332.950s][info][gc,heap        ] GC(878) ParOldGen: 528245K(528384K)->528261K(528384K)
[332.950s][info][gc,metaspace   ] GC(878) Metaspace: 35244K(35968K)->35244K(35968K) NonClass: 28984K(29504K)->28984K(29504K) Class: 6260K(6464K)->6260K(6464K)
[332.951s][info][gc             ] GC(878) Pause Young (Allocation Failure) 770M->515M(769M) 3.260ms
[332.951s][info][gc,cpu         ] GC(878) User=0.01s Sys=0.00s Real=0.00s
[333.038s][info][gc,start       ] GC(879) Pause Young (Allocation Failure)
[333.041s][info][gc,heap        ] GC(879) PSYoungGen: 250432K(259584K)->64K(291328K) Eden: 250368K(250368K)->0K(282624K) From: 64K(9216K)->64K(8704K)
[333.041s][info][gc,heap        ] GC(879) ParOldGen: 528261K(528384K)->528277K(528384K)
[333.041s][info][gc,metaspace   ] GC(879) Metaspace: 35244K(35968K)->35244K(35968K) NonClass: 28984K(29504K)->28984K(29504K) Class: 6260K(6464K)->6260K(6464K)
[333.041s][info][gc             ] GC(879) Pause Young (Allocation Failure) 760M->515M(800M) 3.363ms
[333.041s][info][gc,cpu         ] GC(879) User=0.01s Sys=0.00s Real=0.00s
[333.560s][info][gc,start       ] GC(880) Pause Young (Allocation Failure)
[333.564s][info][gc,heap        ] GC(880) PSYoungGen: 282688K(291328K)->64K(290304K) Eden: 282624K(282624K)->0K(282624K) From: 64K(8704K)->64K(7680K)
[333.564s][info][gc,heap        ] GC(880) ParOldGen: 528277K(528384K)->528293K(528384K)
[333.564s][info][gc,metaspace   ] GC(880) Metaspace: 35244K(35968K)->35244K(35968K) NonClass: 28984K(29504K)->28984K(29504K) Class: 6260K(6464K)->6260K(6464K)
[333.564s][info][gc             ] GC(880) Pause Young (Allocation Failure) 791M->515M(799M) 3.589ms
[333.564s][info][gc,cpu         ] GC(880) User=0.01s Sys=0.00s Real=0.00s
[333.934s][info][gc,start       ] GC(881) Pause Young (Allocation Failure)
[333.936s][info][gc,heap        ] GC(881) PSYoungGen: 282688K(290304K)->64K(325120K) Eden: 282624K(282624K)->0K(317952K) From: 64K(7680K)->64K(7168K)
[333.936s][info][gc,heap        ] GC(881) ParOldGen: 528293K(528384K)->528301K(528384K)
[333.936s][info][gc,metaspace   ] GC(881) Metaspace: 35244K(35968K)->35244K(35968K) NonClass: 28984K(29504K)->28984K(29504K) Class: 6260K(6464K)->6260K(6464K)
[333.936s][info][gc             ] GC(881) Pause Young (Allocation Failure) 791M->515M(833M) 2.397ms
[333.936s][info][gc,cpu         ] GC(881) User=0.00s Sys=0.00s Real=0.01s
[334.393s][info][gc,start       ] GC(882) Pause Young (Allocation Failure)
[334.442s][info][gc,heap        ] GC(882) PSYoungGen: 318016K(325120K)->6656K(324608K) Eden: 317952K(317952K)->0K(317952K) From: 64K(7168K)->6656K(6656K)
[334.442s][info][gc,heap        ] GC(882) ParOldGen: 528301K(528384K)->544085K(544256K)
[334.442s][info][gc,metaspace   ] GC(882) Metaspace: 35244K(35968K)->35244K(35968K) NonClass: 28984K(29504K)->28984K(29504K) Class: 6260K(6464K)->6260K(6464K)
[334.442s][info][gc             ] GC(882) Pause Young (Allocation Failure) 826M->537M(848M) 48.461ms
[334.442s][info][gc,cpu         ] GC(882) User=0.08s Sys=0.02s Real=0.05s
[334.772s][info][gc,start       ] GC(883) Pause Young (Allocation Failure)
[334.849s][info][gc,heap        ] GC(883) PSYoungGen: 324608K(324608K)->9216K(293888K) Eden: 317952K(317952K)->0K(284672K) From: 6656K(6656K)->9216K(9216K)
[334.850s][info][gc,heap        ] GC(883) ParOldGen: 544085K(544256K)->569013K(569344K)
[334.850s][info][gc,metaspace   ] GC(883) Metaspace: 35244K(35968K)->35244K(35968K) NonClass: 28984K(29504K)->28984K(29504K) Class: 6260K(6464K)->6260K(6464K)
[334.850s][info][gc             ] GC(883) Pause Young (Allocation Failure) 848M->564M(843M) 77.927ms
[334.850s][info][gc,cpu         ] GC(883) User=0.13s Sys=0.02s Real=0.08s
[335.018s][info][gc,start       ] GC(884) Pause Young (Allocation Failure)
[335.046s][info][gc,heap        ] GC(884) PSYoungGen: 293888K(293888K)->12992K(297984K) Eden: 284672K(284672K)->0K(284672K) From: 9216K(9216K)->12992K(13312K)
[335.046s][info][gc,heap        ] GC(884) ParOldGen: 569013K(569344K)->569933K(570368K)
[335.046s][info][gc,metaspace   ] GC(884) Metaspace: 35244K(35968K)->35244K(35968K) NonClass: 28984K(29504K)->28984K(29504K) Class: 6260K(6464K)->6260K(6464K)
[335.046s][info][gc             ] GC(884) Pause Young (Allocation Failure) 842M->569M(848M) 28.505ms
[335.046s][info][gc,cpu         ] GC(884) User=0.05s Sys=0.00s Real=0.03s
[335.417s][info][gc,start       ] GC(885) Pause Young (Allocation Failure)
[335.418s][info][gc,heap        ] GC(885) PSYoungGen: 297664K(297984K)->64K(309248K) Eden: 284672K(284672K)->0K(283648K) From: 12992K(13312K)->64K(25600K)
[335.418s][info][gc,heap        ] GC(885) ParOldGen: 569933K(570368K)->569941K(570368K)
[335.418s][info][gc,metaspace   ] GC(885) Metaspace: 35244K(35968K)->35244K(35968K) NonClass: 28984K(29504K)->28984K(29504K) Class: 6260K(6464K)->6260K(6464K)
[335.418s][info][gc             ] GC(885) Pause Young (Allocation Failure) 847M->556M(859M) 1.898ms
[335.418s][info][gc,cpu         ] GC(885) User=0.01s Sys=0.00s Real=0.00s
[336.112s][info][gc,start       ] GC(886) Pause Young (Allocation Failure)
[336.118s][info][gc,heap        ] GC(886) PSYoungGen: 283712K(309248K)->160K(284160K) Eden: 283648K(283648K)->0K(283648K) From: 64K(25600K)->160K(512K)
[336.118s][info][gc,heap        ] GC(886) ParOldGen: 569941K(570368K)->569949K(570368K)
[336.118s][info][gc,metaspace   ] GC(886) Metaspace: 35375K(36096K)->35375K(36096K) NonClass: 29103K(29632K)->29103K(29632K) Class: 6271K(6464K)->6271K(6464K)
[336.118s][info][gc             ] GC(886) Pause Young (Allocation Failure) 833M->556M(834M) 5.487ms
[336.118s][info][gc,cpu         ] GC(886) User=0.01s Sys=0.00s Real=0.01s
[336.590s][info][gc,start       ] GC(887) Pause Young (Allocation Failure)
[336.593s][info][gc,heap        ] GC(887) PSYoungGen: 283808K(284160K)->64K(308736K) Eden: 283648K(283648K)->0K(284672K) From: 160K(512K)->64K(24064K)
[336.593s][info][gc,heap        ] GC(887) ParOldGen: 569949K(570368K)->570045K(570368K)
[336.593s][info][gc,metaspace   ] GC(887) Metaspace: 35375K(36096K)->35375K(36096K) NonClass: 29103K(29632K)->29103K(29632K) Class: 6271K(6464K)->6271K(6464K)
[336.593s][info][gc             ] GC(887) Pause Young (Allocation Failure) 833M->556M(858M) 2.205ms
[336.593s][info][gc,cpu         ] GC(887) User=0.00s Sys=0.00s Real=0.00s
[336.811s][info][gc,start       ] GC(888) Pause Young (Allocation Failure)
[336.813s][info][gc,heap        ] GC(888) PSYoungGen: 284736K(308736K)->64K(307712K) Eden: 284672K(284672K)->0K(284672K) From: 64K(24064K)->64K(23040K)
[336.813s][info][gc,heap        ] GC(888) ParOldGen: 570045K(570368K)->570061K(570368K)
[336.813s][info][gc,metaspace   ] GC(888) Metaspace: 35375K(36096K)->35375K(36096K) NonClass: 29103K(29632K)->29103K(29632K) Class: 6271K(6464K)->6271K(6464K)
[336.813s][info][gc             ] GC(888) Pause Young (Allocation Failure) 834M->556M(857M) 2.004ms
[336.813s][info][gc,cpu         ] GC(888) User=0.00s Sys=0.00s Real=0.00s
[337.033s][info][gc,start       ] GC(889) Pause Young (Allocation Failure)
[337.035s][info][gc,heap        ] GC(889) PSYoungGen: 284736K(307712K)->64K(309760K) Eden: 284672K(284672K)->0K(287744K) From: 64K(23040K)->64K(22016K)
[337.035s][info][gc,heap        ] GC(889) ParOldGen: 570061K(570368K)->570061K(570368K)
[337.035s][info][gc,metaspace   ] GC(889) Metaspace: 35375K(36096K)->35375K(36096K) NonClass: 29103K(29632K)->29103K(29632K) Class: 6271K(6464K)->6271K(6464K)
[337.035s][info][gc             ] GC(889) Pause Young (Allocation Failure) 834M->556M(859M) 1.968ms
[337.035s][info][gc,cpu         ] GC(889) User=0.01s Sys=0.00s Real=0.01s
[337.372s][info][gc,start       ] GC(890) Pause Young (Allocation Failure)
[337.374s][info][gc,heap        ] GC(890) PSYoungGen: 287808K(309760K)->64K(308736K) Eden: 287744K(287744K)->0K(287744K) From: 64K(22016K)->64K(20992K)
[337.374s][info][gc,heap        ] GC(890) ParOldGen: 570061K(570368K)->570061K(570368K)
[337.374s][info][gc,metaspace   ] GC(890) Metaspace: 35375K(36096K)->35375K(36096K) NonClass: 29103K(29632K)->29103K(29632K) Class: 6271K(6464K)->6271K(6464K)
[337.374s][info][gc             ] GC(890) Pause Young (Allocation Failure) 837M->556M(858M) 1.927ms
[337.374s][info][gc,cpu         ] GC(890) User=0.00s Sys=0.00s Real=0.00s
[337.526s][info][gc,start       ] GC(891) Pause Young (Allocation Failure)
[337.528s][info][gc,heap        ] GC(891) PSYoungGen: 287808K(308736K)->64K(311808K) Eden: 287744K(287744K)->0K(291840K) From: 64K(20992K)->64K(19968K)
[337.528s][info][gc,heap        ] GC(891) ParOldGen: 570061K(570368K)->570069K(570368K)
[337.528s][info][gc,metaspace   ] GC(891) Metaspace: 35375K(36096K)->35375K(36096K) NonClass: 29103K(29632K)->29103K(29632K) Class: 6271K(6464K)->6271K(6464K)
[337.528s][info][gc             ] GC(891) Pause Young (Allocation Failure) 837M->556M(861M) 1.911ms
[337.528s][info][gc,cpu         ] GC(891) User=0.01s Sys=0.00s Real=0.00s
[337.583s][info][gc,start       ] GC(892) Pause Young (Allocation Failure)
[337.585s][info][gc,heap        ] GC(892) PSYoungGen: 291904K(311808K)->64K(310784K) Eden: 291840K(291840K)->0K(291840K) From: 64K(19968K)->64K(18944K)
[337.585s][info][gc,heap        ] GC(892) ParOldGen: 570069K(570368K)->570085K(570368K)
[337.585s][info][gc,metaspace   ] GC(892) Metaspace: 35375K(36096K)->35375K(36096K) NonClass: 29103K(29632K)->29103K(29632K) Class: 6271K(6464K)->6271K(6464K)
[337.585s][info][gc             ] GC(892) Pause Young (Allocation Failure) 841M->556M(860M) 1.770ms
[337.585s][info][gc,cpu         ] GC(892) User=0.00s Sys=0.00s Real=0.00s
[337.722s][info][gc,start       ] GC(893) Pause Young (Allocation Failure)
[337.724s][info][gc,heap        ] GC(893) PSYoungGen: 291904K(310784K)->64K(313856K) Eden: 291840K(291840K)->0K(295936K) From: 64K(18944K)->64K(17920K)
[337.724s][info][gc,heap        ] GC(893) ParOldGen: 570085K(570368K)->570085K(570368K)
[337.724s][info][gc,metaspace   ] GC(893) Metaspace: 35375K(36096K)->35375K(36096K) NonClass: 29103K(29632K)->29103K(29632K) Class: 6271K(6464K)->6271K(6464K)
[337.724s][info][gc             ] GC(893) Pause Young (Allocation Failure) 841M->556M(863M) 1.896ms
[337.724s][info][gc,cpu         ] GC(893) User=0.00s Sys=0.00s Real=0.00s
[338.076s][info][gc,start       ] GC(894) Pause Young (Allocation Failure)
[338.078s][info][gc,heap        ] GC(894) PSYoungGen: 296000K(313856K)->64K(312832K) Eden: 295936K(295936K)->0K(295936K) From: 64K(17920K)->64K(16896K)
[338.078s][info][gc,heap        ] GC(894) ParOldGen: 570085K(570368K)->570101K(570368K)
[338.078s][info][gc,metaspace   ] GC(894) Metaspace: 35375K(36096K)->35375K(36096K) NonClass: 29103K(29632K)->29103K(29632K) Class: 6271K(6464K)->6271K(6464K)
[338.078s][info][gc             ] GC(894) Pause Young (Allocation Failure) 845M->556M(862M) 1.900ms
[338.078s][info][gc,cpu         ] GC(894) User=0.01s Sys=0.00s Real=0.00s
[338.272s][info][gc,start       ] GC(895) Pause Young (Allocation Failure)
[338.274s][info][gc,heap        ] GC(895) PSYoungGen: 296000K(312832K)->64K(315904K) Eden: 295936K(295936K)->0K(300032K) From: 64K(16896K)->64K(15872K)
[338.274s][info][gc,heap        ] GC(895) ParOldGen: 570101K(570368K)->570101K(570368K)
[338.274s][info][gc,metaspace   ] GC(895) Metaspace: 35375K(36096K)->35375K(36096K) NonClass: 29103K(29632K)->29103K(29632K) Class: 6271K(6464K)->6271K(6464K)
[338.274s][info][gc             ] GC(895) Pause Young (Allocation Failure) 845M->556M(865M) 1.912ms
[338.274s][info][gc,cpu         ] GC(895) User=0.00s Sys=0.00s Real=0.00s
[338.354s][info][gc,start       ] GC(896) Pause Young (Allocation Failure)
[338.356s][info][gc,heap        ] GC(896) PSYoungGen: 300096K(315904K)->64K(314880K) Eden: 300032K(300032K)->0K(300032K) From: 64K(15872K)->64K(14848K)
[338.356s][info][gc,heap        ] GC(896) ParOldGen: 570101K(570368K)->570117K(570368K)
[338.356s][info][gc,metaspace   ] GC(896) Metaspace: 35375K(36096K)->35375K(36096K) NonClass: 29103K(29632K)->29103K(29632K) Class: 6271K(6464K)->6271K(6464K)
[338.356s][info][gc             ] GC(896) Pause Young (Allocation Failure) 849M->556M(864M) 1.942ms
[338.356s][info][gc,cpu         ] GC(896) User=0.01s Sys=0.00s Real=0.01s
[338.519s][info][gc,start       ] GC(897) Pause Young (Allocation Failure)
[338.521s][info][gc,heap        ] GC(897) PSYoungGen: 300096K(314880K)->64K(317952K) Eden: 300032K(300032K)->0K(304128K) From: 64K(14848K)->64K(13824K)
[338.521s][info][gc,heap        ] GC(897) ParOldGen: 570117K(570368K)->570117K(570368K)
[338.521s][info][gc,metaspace   ] GC(897) Metaspace: 35375K(36096K)->35375K(36096K) NonClass: 29103K(29632K)->29103K(29632K) Class: 6271K(6464K)->6271K(6464K)
[338.521s][info][gc             ] GC(897) Pause Young (Allocation Failure) 849M->556M(867M) 1.874ms
[338.521s][info][gc,cpu         ] GC(897) User=0.00s Sys=0.00s Real=0.00s
[338.934s][info][gc,start       ] GC(898) Pause Young (Allocation Failure)
[338.936s][info][gc,heap        ] GC(898) PSYoungGen: 304192K(317952K)->64K(317440K) Eden: 304128K(304128K)->0K(304128K) From: 64K(13824K)->64K(13312K)
[338.936s][info][gc,heap        ] GC(898) ParOldGen: 570117K(570368K)->570125K(570368K)
[338.936s][info][gc,metaspace   ] GC(898) Metaspace: 35375K(36096K)->35375K(36096K) NonClass: 29103K(29632K)->29103K(29632K) Class: 6271K(6464K)->6271K(6464K)
[338.936s][info][gc             ] GC(898) Pause Young (Allocation Failure) 853M->556M(867M) 1.922ms
[338.936s][info][gc,cpu         ] GC(898) User=0.01s Sys=0.00s Real=0.01s
[339.858s][info][gc,start       ] GC(899) Pause Young (Allocation Failure)
[339.859s][info][gc,heap        ] GC(899) PSYoungGen: 304192K(317440K)->64K(319488K) Eden: 304128K(304128K)->0K(307200K) From: 64K(13312K)->64K(12288K)
[339.859s][info][gc,heap        ] GC(899) ParOldGen: 570125K(570368K)->570133K(570368K)
[339.860s][info][gc,metaspace   ] GC(899) Metaspace: 35375K(36096K)->35375K(36096K) NonClass: 29103K(29632K)->29103K(29632K) Class: 6271K(6464K)->6271K(6464K)
[339.860s][info][gc             ] GC(899) Pause Young (Allocation Failure) 853M->556M(869M) 1.987ms
[339.860s][info][gc,cpu         ] GC(899) User=0.01s Sys=0.00s Real=0.00s
[340.607s][info][gc,start       ] GC(900) Pause Young (Allocation Failure)
[340.609s][info][gc,heap        ] GC(900) PSYoungGen: 307264K(319488K)->64K(295424K) Eden: 307200K(307200K)->0K(294912K) From: 64K(12288K)->64K(512K)
[340.609s][info][gc,heap        ] GC(900) ParOldGen: 570133K(570368K)->570149K(570368K)
[340.609s][info][gc,metaspace   ] GC(900) Metaspace: 35375K(36096K)->35375K(36096K) NonClass: 29103K(29632K)->29103K(29632K) Class: 6271K(6464K)->6271K(6464K)
[340.609s][info][gc             ] GC(900) Pause Young (Allocation Failure) 856M->556M(845M) 2.672ms
[340.609s][info][gc,cpu         ] GC(900) User=0.00s Sys=0.00s Real=0.00s
[341.065s][info][gc,start       ] GC(901) Pause Young (Allocation Failure)
[341.068s][info][gc,heap        ] GC(901) PSYoungGen: 294976K(295424K)->64K(283648K) Eden: 294912K(294912K)->0K(283136K) From: 64K(512K)->64K(512K)
[341.068s][info][gc,heap        ] GC(901) ParOldGen: 570149K(570368K)->570157K(570368K)
[341.068s][info][gc,metaspace   ] GC(901) Metaspace: 35375K(36096K)->35375K(36096K) NonClass: 29103K(29632K)->29103K(29632K) Class: 6271K(6464K)->6271K(6464K)
[341.068s][info][gc             ] GC(901) Pause Young (Allocation Failure) 844M->556M(834M) 2.579ms
[341.068s][info][gc,cpu         ] GC(901) User=0.00s Sys=0.01s Real=0.01s
[342.065s][info][gc,start       ] GC(902) Pause Young (Allocation Failure)
[342.067s][info][gc,heap        ] GC(902) PSYoungGen: 283200K(283648K)->64K(282112K) Eden: 283136K(283136K)->0K(271872K) From: 64K(512K)->64K(10240K)
[342.067s][info][gc,heap        ] GC(902) ParOldGen: 570157K(570368K)->570165K(570368K)
[342.067s][info][gc,metaspace   ] GC(902) Metaspace: 35375K(36096K)->35375K(36096K) NonClass: 29103K(29632K)->29103K(29632K) Class: 6271K(6464K)->6271K(6464K)
[342.067s][info][gc             ] GC(902) Pause Young (Allocation Failure) 833M->556M(832M) 2.449ms
[342.067s][info][gc,cpu         ] GC(902) User=0.00s Sys=0.00s Real=0.01s
[342.470s][info][gc,start       ] GC(903) Pause Young (Allocation Failure)
[342.474s][info][gc,heap        ] GC(903) PSYoungGen: 271936K(282112K)->64K(261632K) Eden: 271872K(271872K)->0K(261120K) From: 64K(10240K)->64K(512K)
[342.475s][info][gc,heap        ] GC(903) ParOldGen: 570165K(570368K)->570173K(570368K)
[342.475s][info][gc,metaspace   ] GC(903) Metaspace: 35375K(36096K)->35375K(36096K) NonClass: 29103K(29632K)->29103K(29632K) Class: 6271K(6464K)->6271K(6464K)
[342.475s][info][gc             ] GC(903) Pause Young (Allocation Failure) 822M->556M(812M) 4.396ms
[342.475s][info][gc,cpu         ] GC(903) User=0.00s Sys=0.00s Real=0.00s
[342.648s][info][gc,start       ] GC(904) Pause Young (Allocation Failure)
[342.651s][info][gc,heap        ] GC(904) PSYoungGen: 261184K(261632K)->32K(259584K) Eden: 261120K(261120K)->0K(250880K) From: 64K(512K)->32K(8704K)
[342.651s][info][gc,heap        ] GC(904) ParOldGen: 570173K(570368K)->570189K(570368K)
[342.651s][info][gc,metaspace   ] GC(904) Metaspace: 35375K(36096K)->35375K(36096K) NonClass: 29103K(29632K)->29103K(29632K) Class: 6271K(6464K)->6271K(6464K)
[342.651s][info][gc             ] GC(904) Pause Young (Allocation Failure) 811M->556M(810M) 3.249ms
[342.651s][info][gc,cpu         ] GC(904) User=0.01s Sys=0.00s Real=0.00s
[342.834s][info][gc,start       ] GC(905) Pause Young (Allocation Failure)
[342.836s][info][gc,heap        ] GC(905) PSYoungGen: 250912K(259584K)->64K(292864K) Eden: 250880K(250880K)->0K(284672K) From: 32K(8704K)->64K(8192K)
[342.836s][info][gc,heap        ] GC(905) ParOldGen: 570189K(570368K)->570197K(570368K)
[342.836s][info][gc,metaspace   ] GC(905) Metaspace: 35375K(36096K)->35375K(36096K) NonClass: 29103K(29632K)->29103K(29632K) Class: 6271K(6464K)->6271K(6464K)
[342.836s][info][gc             ] GC(905) Pause Young (Allocation Failure) 801M->556M(843M) 2.364ms
[342.836s][info][gc,cpu         ] GC(905) User=0.00s Sys=0.00s Real=0.01s
[343.389s][info][gc,start       ] GC(906) Pause Young (Allocation Failure)
[343.392s][info][gc,heap        ] GC(906) PSYoungGen: 284736K(292864K)->64K(273920K) Eden: 284672K(284672K)->0K(273408K) From: 64K(8192K)->64K(512K)
[343.392s][info][gc,heap        ] GC(906) ParOldGen: 570197K(570368K)->570205K(570368K)
[343.392s][info][gc,metaspace   ] GC(906) Metaspace: 35375K(36096K)->35375K(36096K) NonClass: 29103K(29632K)->29103K(29632K) Class: 6271K(6464K)->6271K(6464K)
[343.392s][info][gc             ] GC(906) Pause Young (Allocation Failure) 834M->556M(824M) 2.738ms
[343.392s][info][gc,cpu         ] GC(906) User=0.01s Sys=0.00s Real=0.00s
[343.801s][info][gc,start       ] GC(907) Pause Young (Allocation Failure)
[343.818s][info][gc,heap        ] GC(907) PSYoungGen: 273472K(273920K)->4704K(284672K) Eden: 273408K(273408K)->0K(277504K) From: 64K(512K)->4704K(7168K)
[343.818s][info][gc,heap        ] GC(907) ParOldGen: 570205K(570368K)->570213K(570368K)
[343.818s][info][gc,metaspace   ] GC(907) Metaspace: 35375K(36096K)->35375K(36096K) NonClass: 29103K(29632K)->29103K(29632K) Class: 6271K(6464K)->6271K(6464K)
[343.818s][info][gc             ] GC(907) Pause Young (Allocation Failure) 823M->561M(835M) 16.965ms
[343.818s][info][gc,cpu         ] GC(907) User=0.02s Sys=0.00s Real=0.02s
[344.112s][info][gc,start       ] GC(908) Pause Young (Allocation Failure)
[344.173s][info][gc,heap        ] GC(908) PSYoungGen: 282208K(284672K)->8192K(285696K) Eden: 277504K(277504K)->0K(277504K) From: 4704K(7168K)->8192K(8192K)
[344.173s][info][gc,heap        ] GC(908) ParOldGen: 570213K(570368K)->591309K(591360K)
[344.174s][info][gc,metaspace   ] GC(908) Metaspace: 35375K(36096K)->35375K(36096K) NonClass: 29103K(29632K)->29103K(29632K) Class: 6271K(6464K)->6271K(6464K)
[344.174s][info][gc             ] GC(908) Pause Young (Allocation Failure) 832M->585M(856M) 61.760ms
[344.174s][info][gc,cpu         ] GC(908) User=0.10s Sys=0.02s Real=0.06s
[344.460s][info][gc,start       ] GC(909) Pause Young (Allocation Failure)
[344.527s][info][gc,heap        ] GC(909) PSYoungGen: 285696K(285696K)->17920K(299520K) Eden: 277504K(277504K)->0K(281600K) From: 8192K(8192K)->17920K(17920K)
[344.528s][info][gc,heap        ] GC(909) ParOldGen: 591309K(591360K)->603429K(603648K)
[344.528s][info][gc,metaspace   ] GC(909) Metaspace: 35375K(36096K)->35375K(36096K) NonClass: 29103K(29632K)->29103K(29632K) Class: 6271K(6464K)->6271K(6464K)
[344.528s][info][gc             ] GC(909) Pause Young (Allocation Failure) 856M->606M(882M) 67.760ms
[344.528s][info][gc,cpu         ] GC(909) User=0.11s Sys=0.02s Real=0.07s
[344.642s][info][gc,start       ] GC(910) Pause Young (Allocation Failure)
[344.655s][info][gc,heap        ] GC(910) PSYoungGen: 299520K(299520K)->5760K(307712K) Eden: 281600K(281600K)->0K(281600K) From: 17920K(17920K)->5760K(26112K)
[344.655s][info][gc,heap        ] GC(910) ParOldGen: 603429K(603648K)->603861K(604160K)
[344.655s][info][gc,metaspace   ] GC(910) Metaspace: 35375K(36096K)->35375K(36096K) NonClass: 29103K(29632K)->29103K(29632K) Class: 6271K(6464K)->6271K(6464K)
[344.655s][info][gc             ] GC(910) Pause Young (Allocation Failure) 881M->595M(890M) 13.509ms
[344.655s][info][gc,cpu         ] GC(910) User=0.03s Sys=0.00s Real=0.01s
[345.160s][info][gc,start       ] GC(911) Pause Young (Allocation Failure)
[345.162s][info][gc,heap        ] GC(911) PSYoungGen: 287360K(307712K)->64K(304640K) Eden: 281600K(281600K)->0K(283648K) From: 5760K(26112K)->64K(20992K)
[345.162s][info][gc,heap        ] GC(911) ParOldGen: 603861K(604160K)->603869K(604160K)
[345.162s][info][gc,metaspace   ] GC(911) Metaspace: 35375K(36096K)->35375K(36096K) NonClass: 29103K(29632K)->29103K(29632K) Class: 6271K(6464K)->6271K(6464K)
[345.162s][info][gc             ] GC(911) Pause Young (Allocation Failure) 870M->589M(887M) 2.204ms
[345.162s][info][gc,cpu         ] GC(911) User=0.01s Sys=0.00s Real=0.00s
[345.694s][info][gc,start       ] GC(912) Pause Young (Allocation Failure)
[345.696s][info][gc,heap        ] GC(912) PSYoungGen: 283712K(304640K)->64K(307200K) Eden: 283648K(283648K)->0K(283648K) From: 64K(20992K)->64K(23552K)
[345.696s][info][gc,heap        ] GC(912) ParOldGen: 603869K(604160K)->603885K(604160K)
[345.696s][info][gc,metaspace   ] GC(912) Metaspace: 35377K(36096K)->35377K(36096K) NonClass: 29105K(29632K)->29105K(29632K) Class: 6271K(6464K)->6271K(6464K)
[345.696s][info][gc             ] GC(912) Pause Young (Allocation Failure) 866M->589M(890M) 2.040ms
[345.696s][info][gc,cpu         ] GC(912) User=0.00s Sys=0.00s Real=0.01s
[346.128s][info][gc,start       ] GC(913) Pause Young (Allocation Failure)
[346.130s][info][gc,heap        ] GC(913) PSYoungGen: 283712K(307200K)->64K(307712K) Eden: 283648K(283648K)->0K(287232K) From: 64K(23552K)->64K(20480K)
[346.130s][info][gc,heap        ] GC(913) ParOldGen: 603885K(604160K)->603901K(604160K)
[346.130s][info][gc,metaspace   ] GC(913) Metaspace: 35377K(36096K)->35377K(36096K) NonClass: 29105K(29632K)->29105K(29632K) Class: 6271K(6464K)->6271K(6464K)
[346.130s][info][gc             ] GC(913) Pause Young (Allocation Failure) 866M->589M(890M) 2.041ms
[346.130s][info][gc,cpu         ] GC(913) User=0.00s Sys=0.00s Real=0.00s
[346.349s][info][gc,start       ] GC(914) Pause Young (Allocation Failure)
[346.351s][info][gc,heap        ] GC(914) PSYoungGen: 287296K(307712K)->64K(309248K) Eden: 287232K(287232K)->0K(287232K) From: 64K(20480K)->64K(22016K)
[346.351s][info][gc,heap        ] GC(914) ParOldGen: 603901K(604160K)->603917K(604160K)
[346.351s][info][gc,metaspace   ] GC(914) Metaspace: 35377K(36096K)->35377K(36096K) NonClass: 29105K(29632K)->29105K(29632K) Class: 6271K(6464K)->6271K(6464K)
[346.351s][info][gc             ] GC(914) Pause Young (Allocation Failure) 870M->589M(892M) 2.031ms
[346.351s][info][gc,cpu         ] GC(914) User=0.01s Sys=0.00s Real=0.00s
[346.573s][info][gc,start       ] GC(915) Pause Young (Allocation Failure)
[346.575s][info][gc,heap        ] GC(915) PSYoungGen: 287296K(309248K)->64K(309248K) Eden: 287232K(287232K)->0K(290816K) From: 64K(22016K)->64K(18432K)
[346.575s][info][gc,heap        ] GC(915) ParOldGen: 603917K(604160K)->603917K(604160K)
[346.575s][info][gc,metaspace   ] GC(915) Metaspace: 35377K(36096K)->35377K(36096K) NonClass: 29105K(29632K)->29105K(29632K) Class: 6271K(6464K)->6271K(6464K)
[346.575s][info][gc             ] GC(915) Pause Young (Allocation Failure) 870M->589M(892M) 2.026ms
[346.575s][info][gc,cpu         ] GC(915) User=0.00s Sys=0.00s Real=0.00s
[346.935s][info][gc,start       ] GC(916) Pause Young (Allocation Failure)
[346.937s][info][gc,heap        ] GC(916) PSYoungGen: 290880K(309248K)->64K(310784K) Eden: 290816K(290816K)->0K(290816K) From: 64K(18432K)->64K(19968K)
[346.937s][info][gc,heap        ] GC(916) ParOldGen: 603917K(604160K)->603917K(604160K)
[346.937s][info][gc,metaspace   ] GC(916) Metaspace: 35377K(36096K)->35377K(36096K) NonClass: 29105K(29632K)->29105K(29632K) Class: 6271K(6464K)->6271K(6464K)
[346.937s][info][gc             ] GC(916) Pause Young (Allocation Failure) 873M->589M(893M) 2.086ms
[346.937s][info][gc,cpu         ] GC(916) User=0.00s Sys=0.00s Real=0.01s
[347.018s][info][gc,start       ] GC(917) Pause Young (Allocation Failure)
[347.020s][info][gc,heap        ] GC(917) PSYoungGen: 290880K(310784K)->64K(312320K) Eden: 290816K(290816K)->0K(294912K) From: 64K(19968K)->64K(17408K)
[347.020s][info][gc,heap        ] GC(917) ParOldGen: 603917K(604160K)->603925K(604160K)
[347.020s][info][gc,metaspace   ] GC(917) Metaspace: 35377K(36096K)->35377K(36096K) NonClass: 29105K(29632K)->29105K(29632K) Class: 6271K(6464K)->6271K(6464K)
[347.020s][info][gc             ] GC(917) Pause Young (Allocation Failure) 873M->589M(895M) 1.975ms
[347.020s][info][gc,cpu         ] GC(917) User=0.01s Sys=0.00s Real=0.00s
[347.078s][info][gc,start       ] GC(918) Pause Young (Allocation Failure)
[347.080s][info][gc,heap        ] GC(918) PSYoungGen: 294976K(312320K)->64K(313344K) Eden: 294912K(294912K)->0K(294912K) From: 64K(17408K)->64K(18432K)
[347.080s][info][gc,heap        ] GC(918) ParOldGen: 603925K(604160K)->603941K(604160K)
[347.080s][info][gc,metaspace   ] GC(918) Metaspace: 35377K(36096K)->35377K(36096K) NonClass: 29105K(29632K)->29105K(29632K) Class: 6271K(6464K)->6271K(6464K)
[347.080s][info][gc             ] GC(918) Pause Young (Allocation Failure) 877M->589M(896M) 1.890ms
[347.080s][info][gc,cpu         ] GC(918) User=0.01s Sys=0.00s Real=0.00s
[347.318s][info][gc,start       ] GC(919) Pause Young (Allocation Failure)
[347.320s][info][gc,heap        ] GC(919) PSYoungGen: 294976K(313344K)->64K(313344K) Eden: 294912K(294912K)->0K(297984K) From: 64K(18432K)->64K(15360K)
[347.320s][info][gc,heap        ] GC(919) ParOldGen: 603941K(604160K)->603941K(604160K)
[347.320s][info][gc,metaspace   ] GC(919) Metaspace: 35377K(36096K)->35377K(36096K) NonClass: 29105K(29632K)->29105K(29632K) Class: 6271K(6464K)->6271K(6464K)
[347.320s][info][gc             ] GC(919) Pause Young (Allocation Failure) 877M->589M(896M) 2.030ms
[347.320s][info][gc,cpu         ] GC(919) User=0.01s Sys=0.00s Real=0.00s
[347.638s][info][gc,start       ] GC(920) Pause Young (Allocation Failure)
[347.640s][info][gc,heap        ] GC(920) PSYoungGen: 298048K(313344K)->64K(314368K) Eden: 297984K(297984K)->0K(297984K) From: 64K(15360K)->64K(16384K)
[347.640s][info][gc,heap        ] GC(920) ParOldGen: 603941K(604160K)->603949K(604160K)
[347.640s][info][gc,metaspace   ] GC(920) Metaspace: 35377K(36096K)->35377K(36096K) NonClass: 29105K(29632K)->29105K(29632K) Class: 6271K(6464K)->6271K(6464K)
[347.640s][info][gc             ] GC(920) Pause Young (Allocation Failure) 880M->589M(897M) 2.065ms
[347.640s][info][gc,cpu         ] GC(920) User=0.00s Sys=0.00s Real=0.00s
[347.787s][info][gc,start       ] GC(921) Pause Young (Allocation Failure)
[347.789s][info][gc,heap        ] GC(921) PSYoungGen: 298048K(314368K)->64K(315392K) Eden: 297984K(297984K)->0K(302080K) From: 64K(16384K)->64K(13312K)
[347.789s][info][gc,heap        ] GC(921) ParOldGen: 603949K(604160K)->603957K(604160K)
[347.789s][info][gc,metaspace   ] GC(921) Metaspace: 35377K(36096K)->35377K(36096K) NonClass: 29105K(29632K)->29105K(29632K) Class: 6271K(6464K)->6271K(6464K)
[347.789s][info][gc             ] GC(921) Pause Young (Allocation Failure) 880M->589M(898M) 1.990ms
[347.789s][info][gc,cpu         ] GC(921) User=0.00s Sys=0.00s Real=0.00s
[347.877s][info][gc,start       ] GC(922) Pause Young (Allocation Failure)
[347.878s][info][gc,heap        ] GC(922) PSYoungGen: 302144K(315392K)->64K(316416K) Eden: 302080K(302080K)->0K(302080K) From: 64K(13312K)->64K(14336K)
[347.879s][info][gc,heap        ] GC(922) ParOldGen: 603957K(604160K)->603965K(604160K)
[347.879s][info][gc,metaspace   ] GC(922) Metaspace: 35378K(36096K)->35378K(36096K) NonClass: 29106K(29632K)->29106K(29632K) Class: 6271K(6464K)->6271K(6464K)
[347.879s][info][gc             ] GC(922) Pause Young (Allocation Failure) 884M->589M(899M) 2.014ms
[347.879s][info][gc,cpu         ] GC(922) User=0.00s Sys=0.00s Real=0.00s
[348.078s][info][gc,start       ] GC(923) Pause Young (Allocation Failure)
[348.080s][info][gc,heap        ] GC(923) PSYoungGen: 302144K(316416K)->64K(316928K) Eden: 302080K(302080K)->0K(305664K) From: 64K(14336K)->64K(11264K)
[348.080s][info][gc,heap        ] GC(923) ParOldGen: 603965K(604160K)->603973K(604160K)
[348.080s][info][gc,metaspace   ] GC(923) Metaspace: 35378K(36096K)->35378K(36096K) NonClass: 29106K(29632K)->29106K(29632K) Class: 6271K(6464K)->6271K(6464K)
[348.080s][info][gc             ] GC(923) Pause Young (Allocation Failure) 884M->589M(899M) 1.935ms
[348.080s][info][gc,cpu         ] GC(923) User=0.00s Sys=0.00s Real=0.00s
[349.057s][info][gc,start       ] GC(924) Pause Young (Allocation Failure)
[349.059s][info][gc,heap        ] GC(924) PSYoungGen: 305728K(316928K)->64K(318464K) Eden: 305664K(305664K)->0K(305664K) From: 64K(11264K)->64K(12800K)
[349.059s][info][gc,heap        ] GC(924) ParOldGen: 603973K(604160K)->603981K(604160K)
[349.059s][info][gc,metaspace   ] GC(924) Metaspace: 35378K(36096K)->35378K(36096K) NonClass: 29106K(29632K)->29106K(29632K) Class: 6271K(6464K)->6271K(6464K)
[349.059s][info][gc             ] GC(924) Pause Young (Allocation Failure) 888M->589M(901M) 2.087ms
[349.059s][info][gc,cpu         ] GC(924) User=0.00s Sys=0.00s Real=0.00s
[349.953s][info][gc,start       ] GC(925) Pause Young (Allocation Failure)
[349.956s][info][gc,heap        ] GC(925) PSYoungGen: 305728K(318464K)->64K(319488K) Eden: 305664K(305664K)->0K(309248K) From: 64K(12800K)->64K(10240K)
[349.956s][info][gc,heap        ] GC(925) ParOldGen: 603981K(604160K)->603989K(604160K)
[349.956s][info][gc,metaspace   ] GC(925) Metaspace: 35378K(36096K)->35378K(36096K) NonClass: 29106K(29632K)->29106K(29632K) Class: 6271K(6464K)->6271K(6464K)
[349.956s][info][gc             ] GC(925) Pause Young (Allocation Failure) 888M->589M(902M) 3.048ms
[349.956s][info][gc,cpu         ] GC(925) User=0.00s Sys=0.00s Real=0.01s
[350.312s][info][gc,start       ] GC(926) Pause Young (Allocation Failure)
[350.316s][info][gc,heap        ] GC(926) PSYoungGen: 309312K(319488K)->64K(297472K) Eden: 309248K(309248K)->0K(296960K) From: 64K(10240K)->64K(512K)
[350.316s][info][gc,heap        ] GC(926) ParOldGen: 603989K(604160K)->603997K(604160K)
[350.316s][info][gc,metaspace   ] GC(926) Metaspace: 35378K(36096K)->35378K(36096K) NonClass: 29106K(29632K)->29106K(29632K) Class: 6271K(6464K)->6271K(6464K)
[350.316s][info][gc             ] GC(926) Pause Young (Allocation Failure) 891M->589M(880M) 3.353ms
[350.316s][info][gc,cpu         ] GC(926) User=0.01s Sys=0.00s Real=0.01s
[350.723s][info][gc,start       ] GC(927) Pause Young (Allocation Failure)
[350.727s][info][gc,heap        ] GC(927) PSYoungGen: 297024K(297472K)->64K(285696K) Eden: 296960K(296960K)->0K(285184K) From: 64K(512K)->64K(512K)
[350.727s][info][gc,heap        ] GC(927) ParOldGen: 603997K(604160K)->604013K(604160K)
[350.727s][info][gc,metaspace   ] GC(927) Metaspace: 35378K(36096K)->35378K(36096K) NonClass: 29106K(29632K)->29106K(29632K) Class: 6271K(6464K)->6271K(6464K)
[350.727s][info][gc             ] GC(927) Pause Young (Allocation Failure) 879M->589M(869M) 4.162ms
[350.727s][info][gc,cpu         ] GC(927) User=0.00s Sys=0.01s Real=0.01s
[351.693s][info][gc,start       ] GC(928) Pause Young (Allocation Failure)
[351.697s][info][gc,heap        ] GC(928) PSYoungGen: 285248K(285696K)->64K(283648K) Eden: 285184K(285184K)->0K(273920K) From: 64K(512K)->64K(9728K)
[351.697s][info][gc,heap        ] GC(928) ParOldGen: 604013K(604160K)->604021K(604160K)
[351.697s][info][gc,metaspace   ] GC(928) Metaspace: 35378K(36096K)->35378K(36096K) NonClass: 29106K(29632K)->29106K(29632K) Class: 6271K(6464K)->6271K(6464K)
[351.697s][info][gc             ] GC(928) Pause Young (Allocation Failure) 868M->589M(867M) 3.660ms
[351.697s][info][gc,cpu         ] GC(928) User=0.00s Sys=0.00s Real=0.01s
[352.106s][info][gc,start       ] GC(929) Pause Young (Allocation Failure)
[352.110s][info][gc,heap        ] GC(929) PSYoungGen: 273984K(283648K)->64K(263680K) Eden: 273920K(273920K)->0K(263168K) From: 64K(9728K)->64K(512K)
[352.110s][info][gc,heap        ] GC(929) ParOldGen: 604021K(604160K)->604037K(604160K)
[352.110s][info][gc,metaspace   ] GC(929) Metaspace: 35378K(36096K)->35378K(36096K) NonClass: 29106K(29632K)->29106K(29632K) Class: 6271K(6464K)->6271K(6464K)
[352.110s][info][gc             ] GC(929) Pause Young (Allocation Failure) 857M->589M(847M) 4.112ms
[352.110s][info][gc,cpu         ] GC(929) User=0.00s Sys=0.00s Real=0.00s
[352.177s][info][gc,start       ] GC(930) Pause Young (Allocation Failure)
[352.180s][info][gc,heap        ] GC(930) PSYoungGen: 263232K(263680K)->32K(294912K) Eden: 263168K(263168K)->0K(286208K) From: 64K(512K)->32K(8704K)
[352.180s][info][gc,heap        ] GC(930) ParOldGen: 604037K(604160K)->604045K(604160K)
[352.180s][info][gc,metaspace   ] GC(930) Metaspace: 35378K(36096K)->35378K(36096K) NonClass: 29106K(29632K)->29106K(29632K) Class: 6271K(6464K)->6271K(6464K)
[352.180s][info][gc             ] GC(930) Pause Young (Allocation Failure) 846M->589M(878M) 3.229ms
[352.180s][info][gc,cpu         ] GC(930) User=0.01s Sys=0.00s Real=0.00s
[352.753s][info][gc,start       ] GC(931) Pause Young (Allocation Failure)
[352.755s][info][gc,heap        ] GC(931) PSYoungGen: 286240K(294912K)->64K(322048K) Eden: 286208K(286208K)->0K(314368K) From: 32K(8704K)->64K(7680K)
[352.755s][info][gc,heap        ] GC(931) ParOldGen: 604045K(604160K)->604053K(604160K)
[352.755s][info][gc,metaspace   ] GC(931) Metaspace: 35378K(36096K)->35378K(36096K) NonClass: 29106K(29632K)->29106K(29632K) Class: 6271K(6464K)->6271K(6464K)
[352.755s][info][gc             ] GC(931) Pause Young (Allocation Failure) 869M->589M(904M) 2.134ms
[352.755s][info][gc,cpu         ] GC(931) User=0.00s Sys=0.00s Real=0.01s
[353.149s][info][gc,start       ] GC(932) Pause Young (Allocation Failure)
[353.151s][info][gc,heap        ] GC(932) PSYoungGen: 314432K(322048K)->64K(321536K) Eden: 314368K(314368K)->0K(314368K) From: 64K(7680K)->64K(7168K)
[353.151s][info][gc,heap        ] GC(932) ParOldGen: 604053K(604160K)->604061K(604160K)
[353.151s][info][gc,metaspace   ] GC(932) Metaspace: 35378K(36096K)->35378K(36096K) NonClass: 29106K(29632K)->29106K(29632K) Class: 6271K(6464K)->6271K(6464K)
[353.151s][info][gc             ] GC(932) Pause Young (Allocation Failure) 896M->589M(904M) 2.011ms
[353.151s][info][gc,cpu         ] GC(932) User=0.00s Sys=0.00s Real=0.00s
[353.536s][info][gc,start       ] GC(933) Pause Young (Allocation Failure)
[353.598s][info][gc,heap        ] GC(933) PSYoungGen: 314432K(321536K)->6656K(307712K) Eden: 314368K(314368K)->0K(301056K) From: 64K(7168K)->6656K(6656K)
[353.598s][info][gc,heap        ] GC(933) ParOldGen: 604061K(604160K)->626045K(626176K)
[353.598s][info][gc,metaspace   ] GC(933) Metaspace: 35378K(36096K)->35378K(36096K) NonClass: 29106K(29632K)->29106K(29632K) Class: 6271K(6464K)->6271K(6464K)
[353.598s][info][gc             ] GC(933) Pause Young (Allocation Failure) 896M->617M(912M) 62.547ms
[353.598s][info][gc,cpu         ] GC(933) User=0.11s Sys=0.01s Real=0.06s
[353.914s][info][gc,start       ] GC(934) Pause Young (Allocation Failure)
[353.982s][info][gc,heap        ] GC(934) PSYoungGen: 307712K(307712K)->16384K(317440K) Eden: 301056K(301056K)->0K(301056K) From: 6656K(6656K)->16384K(16384K)
[353.982s][info][gc,heap        ] GC(934) ParOldGen: 626045K(626176K)->642229K(642560K)
[353.982s][info][gc,metaspace   ] GC(934) Metaspace: 35378K(36096K)->35378K(36096K) NonClass: 29106K(29632K)->29106K(29632K) Class: 6271K(6464K)->6271K(6464K)
[353.982s][info][gc             ] GC(934) Pause Young (Allocation Failure) 911M->643M(937M) 68.377ms
[353.982s][info][gc,cpu         ] GC(934) User=0.12s Sys=0.02s Real=0.07s
[354.121s][info][gc,start       ] GC(935) Pause Young (Allocation Failure)
[354.144s][info][gc,heap        ] GC(935) PSYoungGen: 317440K(317440K)->8576K(300032K) Eden: 301056K(301056K)->0K(283648K) From: 16384K(16384K)->8576K(16384K)
[354.144s][info][gc,heap        ] GC(935) ParOldGen: 642229K(642560K)->642813K(643072K)
[354.144s][info][gc,metaspace   ] GC(935) Metaspace: 35378K(36096K)->35378K(36096K) NonClass: 29106K(29632K)->29106K(29632K) Class: 6271K(6464K)->6271K(6464K)
[354.144s][info][gc             ] GC(935) Pause Young (Allocation Failure) 937M->636M(921M) 22.891ms
[354.144s][info][gc,cpu         ] GC(935) User=0.04s Sys=0.01s Real=0.02s
[354.636s][info][gc,start       ] GC(936) Pause Young (Allocation Failure)
[354.638s][info][gc,heap        ] GC(936) PSYoungGen: 292224K(300032K)->64K(308736K) Eden: 283648K(283648K)->0K(283648K) From: 8576K(16384K)->64K(25088K)
[354.638s][info][gc,heap        ] GC(936) ParOldGen: 642813K(643072K)->642821K(643072K)
[354.638s][info][gc,metaspace   ] GC(936) Metaspace: 35378K(36096K)->35378K(36096K) NonClass: 29106K(29632K)->29106K(29632K) Class: 6271K(6464K)->6271K(6464K)
[354.638s][info][gc             ] GC(936) Pause Young (Allocation Failure) 913M->627M(929M) 1.990ms
[354.638s][info][gc,cpu         ] GC(936) User=0.01s Sys=0.00s Real=0.00s
[355.181s][info][gc,start       ] GC(937) Pause Young (Allocation Failure)
[355.183s][info][gc,heap        ] GC(937) PSYoungGen: 283712K(308736K)->64K(306688K) Eden: 283648K(283648K)->0K(284672K) From: 64K(25088K)->64K(22016K)
[355.183s][info][gc,heap        ] GC(937) ParOldGen: 642821K(643072K)->642829K(643072K)
[355.183s][info][gc,metaspace   ] GC(937) Metaspace: 35378K(36096K)->35378K(36096K) NonClass: 29106K(29632K)->29106K(29632K) Class: 6271K(6464K)->6271K(6464K)
[355.183s][info][gc             ] GC(937) Pause Young (Allocation Failure) 904M->627M(927M) 2.141ms
[355.183s][info][gc,cpu         ] GC(937) User=0.00s Sys=0.00s Real=0.00s
[355.616s][info][gc,start       ] GC(938) Pause Young (Allocation Failure)
[355.618s][info][gc,heap        ] GC(938) PSYoungGen: 284736K(306688K)->64K(308224K) Eden: 284672K(284672K)->0K(284672K) From: 64K(22016K)->64K(23552K)
[355.618s][info][gc,heap        ] GC(938) ParOldGen: 642829K(643072K)->642845K(643072K)
[355.618s][info][gc,metaspace   ] GC(938) Metaspace: 35378K(36096K)->35378K(36096K) NonClass: 29106K(29632K)->29106K(29632K) Class: 6271K(6464K)->6271K(6464K)
[355.618s][info][gc             ] GC(938) Pause Young (Allocation Failure) 905M->627M(929M) 2.146ms
[355.618s][info][gc,cpu         ] GC(938) User=0.00s Sys=0.00s Real=0.00s
[355.835s][info][gc,start       ] GC(939) Pause Young (Allocation Failure)
[355.837s][info][gc,heap        ] GC(939) PSYoungGen: 284736K(308224K)->64K(307712K) Eden: 284672K(284672K)->0K(287744K) From: 64K(23552K)->64K(19968K)
[355.837s][info][gc,heap        ] GC(939) ParOldGen: 642845K(643072K)->642861K(643072K)
[355.837s][info][gc,metaspace   ] GC(939) Metaspace: 35378K(36096K)->35378K(36096K) NonClass: 29106K(29632K)->29106K(29632K) Class: 6271K(6464K)->6271K(6464K)
[355.838s][info][gc             ] GC(939) Pause Young (Allocation Failure) 905M->627M(928M) 2.107ms
[355.838s][info][gc,cpu         ] GC(939) User=0.00s Sys=0.00s Real=0.00s
[356.057s][info][gc,start       ] GC(940) Pause Young (Allocation Failure)
[356.059s][info][gc,heap        ] GC(940) PSYoungGen: 287808K(307712K)->64K(309248K) Eden: 287744K(287744K)->0K(287744K) From: 64K(19968K)->64K(21504K)
[356.059s][info][gc,heap        ] GC(940) ParOldGen: 642861K(643072K)->642861K(643072K)
[356.059s][info][gc,metaspace   ] GC(940) Metaspace: 35378K(36096K)->35378K(36096K) NonClass: 29106K(29632K)->29106K(29632K) Class: 6271K(6464K)->6271K(6464K)
[356.059s][info][gc             ] GC(940) Pause Young (Allocation Failure) 908M->627M(930M) 2.068ms
[356.059s][info][gc,cpu         ] GC(940) User=0.01s Sys=0.00s Real=0.00s
[356.414s][info][gc,start       ] GC(941) Pause Young (Allocation Failure)
[356.415s][info][gc,heap        ] GC(941) PSYoungGen: 287808K(309248K)->64K(309760K) Eden: 287744K(287744K)->0K(291840K) From: 64K(21504K)->64K(17920K)
[356.415s][info][gc,heap        ] GC(941) ParOldGen: 642861K(643072K)->642861K(643072K)
[356.416s][info][gc,metaspace   ] GC(941) Metaspace: 35378K(36096K)->35378K(36096K) NonClass: 29106K(29632K)->29106K(29632K) Class: 6271K(6464K)->6271K(6464K)
[356.416s][info][gc             ] GC(941) Pause Young (Allocation Failure) 908M->627M(930M) 2.025ms
[356.416s][info][gc,cpu         ] GC(941) User=0.00s Sys=0.00s Real=0.01s
[356.504s][info][gc,start       ] GC(942) Pause Young (Allocation Failure)
[356.506s][info][gc,heap        ] GC(942) PSYoungGen: 291904K(309760K)->64K(311296K) Eden: 291840K(291840K)->0K(291840K) From: 64K(17920K)->64K(19456K)
[356.506s][info][gc,heap        ] GC(942) ParOldGen: 642861K(643072K)->642869K(643072K)
[356.506s][info][gc,metaspace   ] GC(942) Metaspace: 35378K(36096K)->35378K(36096K) NonClass: 29106K(29632K)->29106K(29632K) Class: 6271K(6464K)->6271K(6464K)
[356.506s][info][gc             ] GC(942) Pause Young (Allocation Failure) 912M->627M(932M) 1.989ms
[356.506s][info][gc,cpu         ] GC(942) User=0.00s Sys=0.00s Real=0.01s
[356.560s][info][gc,start       ] GC(943) Pause Young (Allocation Failure)
[356.562s][info][gc,heap        ] GC(943) PSYoungGen: 291904K(311296K)->64K(312832K) Eden: 291840K(291840K)->0K(295936K) From: 64K(19456K)->64K(16896K)
[356.562s][info][gc,heap        ] GC(943) ParOldGen: 642869K(643072K)->642885K(643072K)
[356.562s][info][gc,metaspace   ] GC(943) Metaspace: 35378K(36096K)->35378K(36096K) NonClass: 29106K(29632K)->29106K(29632K) Class: 6271K(6464K)->6271K(6464K)
[356.562s][info][gc             ] GC(943) Pause Young (Allocation Failure) 912M->627M(933M) 1.964ms
[356.562s][info][gc,cpu         ] GC(943) User=0.00s Sys=0.00s Real=0.00s
[356.789s][info][gc,start       ] GC(944) Pause Young (Allocation Failure)
[356.792s][info][gc,heap        ] GC(944) PSYoungGen: 296000K(312832K)->64K(313856K) Eden: 295936K(295936K)->0K(295936K) From: 64K(16896K)->64K(17920K)
[356.792s][info][gc,heap        ] GC(944) ParOldGen: 642885K(643072K)->642885K(643072K)
[356.792s][info][gc,metaspace   ] GC(944) Metaspace: 35378K(36096K)->35378K(36096K) NonClass: 29106K(29632K)->29106K(29632K) Class: 6271K(6464K)->6271K(6464K)
[356.792s][info][gc             ] GC(944) Pause Young (Allocation Failure) 916M->627M(934M) 2.905ms
[356.792s][info][gc,cpu         ] GC(944) User=0.00s Sys=0.00s Real=0.00s
[357.111s][info][gc,start       ] GC(945) Pause Young (Allocation Failure)
[357.114s][info][gc,heap        ] GC(945) PSYoungGen: 296000K(313856K)->32K(313856K) Eden: 295936K(295936K)->0K(299008K) From: 64K(17920K)->32K(14848K)
[357.114s][info][gc,heap        ] GC(945) ParOldGen: 642885K(643072K)->642893K(643072K)
[357.114s][info][gc,metaspace   ] GC(945) Metaspace: 35378K(36096K)->35378K(36096K) NonClass: 29106K(29632K)->29106K(29632K) Class: 6271K(6464K)->6271K(6464K)
[357.114s][info][gc             ] GC(945) Pause Young (Allocation Failure) 916M->627M(934M) 2.850ms
[357.114s][info][gc,cpu         ] GC(945) User=0.00s Sys=0.00s Real=0.00s
[357.262s][info][gc,start       ] GC(946) Pause Young (Allocation Failure)
[357.265s][info][gc,heap        ] GC(946) PSYoungGen: 299040K(313856K)->32K(314880K) Eden: 299008K(299008K)->0K(299008K) From: 32K(14848K)->32K(15872K)
[357.265s][info][gc,heap        ] GC(946) ParOldGen: 642893K(643072K)->642901K(643072K)
[357.265s][info][gc,metaspace   ] GC(946) Metaspace: 35378K(36096K)->35378K(36096K) NonClass: 29106K(29632K)->29106K(29632K) Class: 6271K(6464K)->6271K(6464K)
[357.265s][info][gc             ] GC(946) Pause Young (Allocation Failure) 919M->627M(935M) 2.918ms
[357.265s][info][gc,cpu         ] GC(946) User=0.00s Sys=0.00s Real=0.00s
[357.346s][info][gc,start       ] GC(947) Pause Young (Allocation Failure)
[357.349s][info][gc,heap        ] GC(947) PSYoungGen: 299040K(314880K)->64K(315904K) Eden: 299008K(299008K)->0K(303104K) From: 32K(15872K)->64K(12800K)
[357.349s][info][gc,heap        ] GC(947) ParOldGen: 642901K(643072K)->642917K(643072K)
[357.349s][info][gc,metaspace   ] GC(947) Metaspace: 35378K(36096K)->35378K(36096K) NonClass: 29106K(29632K)->29106K(29632K) Class: 6271K(6464K)->6271K(6464K)
[357.349s][info][gc             ] GC(947) Pause Young (Allocation Failure) 919M->627M(936M) 2.343ms
[357.349s][info][gc,cpu         ] GC(947) User=0.00s Sys=0.00s Real=0.00s
[357.547s][info][gc,start       ] GC(948) Pause Young (Allocation Failure)
[357.549s][info][gc,heap        ] GC(948) PSYoungGen: 303168K(315904K)->64K(316928K) Eden: 303104K(303104K)->0K(303104K) From: 64K(12800K)->64K(13824K)
[357.549s][info][gc,heap        ] GC(948) ParOldGen: 642917K(643072K)->642917K(643072K)
[357.549s][info][gc,metaspace   ] GC(948) Metaspace: 35378K(36096K)->35378K(36096K) NonClass: 29106K(29632K)->29106K(29632K) Class: 6271K(6464K)->6271K(6464K)
[357.549s][info][gc             ] GC(948) Pause Young (Allocation Failure) 923M->627M(937M) 2.751ms
[357.549s][info][gc,cpu         ] GC(948) User=0.00s Sys=0.00s Real=0.00s
[358.520s][info][gc,start       ] GC(949) Pause Young (Allocation Failure)
[358.522s][info][gc,heap        ] GC(949) PSYoungGen: 303168K(316928K)->64K(317440K) Eden: 303104K(303104K)->0K(306688K) From: 64K(13824K)->64K(10752K)
[358.522s][info][gc,heap        ] GC(949) ParOldGen: 642917K(643072K)->642925K(643072K)
[358.522s][info][gc,metaspace   ] GC(949) Metaspace: 35378K(36096K)->35378K(36096K) NonClass: 29106K(29632K)->29106K(29632K) Class: 6271K(6464K)->6271K(6464K)
[358.522s][info][gc             ] GC(949) Pause Young (Allocation Failure) 923M->627M(938M) 2.136ms
[358.522s][info][gc,cpu         ] GC(949) User=0.00s Sys=0.01s Real=0.00s
[359.419s][info][gc,start       ] GC(950) Pause Young (Allocation Failure)
[359.422s][info][gc,heap        ] GC(950) PSYoungGen: 306752K(317440K)->64K(318976K) Eden: 306688K(306688K)->0K(306688K) From: 64K(10752K)->64K(12288K)
[359.422s][info][gc,heap        ] GC(950) ParOldGen: 642925K(643072K)->642933K(643072K)
[359.422s][info][gc,metaspace   ] GC(950) Metaspace: 35378K(36096K)->35378K(36096K) NonClass: 29106K(29632K)->29106K(29632K) Class: 6271K(6464K)->6271K(6464K)
[359.422s][info][gc             ] GC(950) Pause Young (Allocation Failure) 927M->627M(939M) 2.115ms
[359.422s][info][gc,cpu         ] GC(950) User=0.01s Sys=0.00s Real=0.00s
[359.747s][info][gc,start       ] GC(951) Pause Young (Allocation Failure)
[359.749s][info][gc,heap        ] GC(951) PSYoungGen: 306752K(318976K)->64K(320000K) Eden: 306688K(306688K)->0K(310272K) From: 64K(12288K)->64K(9728K)
[359.749s][info][gc,heap        ] GC(951) ParOldGen: 642933K(643072K)->642941K(643072K)
[359.749s][info][gc,metaspace   ] GC(951) Metaspace: 35378K(36096K)->35378K(36096K) NonClass: 29106K(29632K)->29106K(29632K) Class: 6271K(6464K)->6271K(6464K)
[359.749s][info][gc             ] GC(951) Pause Young (Allocation Failure) 927M->627M(940M) 2.059ms
[359.749s][info][gc,cpu         ] GC(951) User=0.00s Sys=0.00s Real=0.00s
[360.187s][info][gc,start       ] GC(952) Pause Young (Allocation Failure)
[360.190s][info][gc,heap        ] GC(952) PSYoungGen: 310336K(320000K)->64K(298496K) Eden: 310272K(310272K)->0K(297984K) From: 64K(9728K)->64K(512K)
[360.190s][info][gc,heap        ] GC(952) ParOldGen: 642941K(643072K)->642949K(643072K)
[360.190s][info][gc,metaspace   ] GC(952) Metaspace: 35378K(36096K)->35378K(36096K) NonClass: 29106K(29632K)->29106K(29632K) Class: 6271K(6464K)->6271K(6464K)
[360.190s][info][gc             ] GC(952) Pause Young (Allocation Failure) 930M->627M(919M) 2.614ms
[360.190s][info][gc,cpu         ] GC(952) User=0.00s Sys=0.00s Real=0.00s
[361.165s][info][gc,start       ] GC(953) Pause Young (Allocation Failure)
[361.169s][info][gc,heap        ] GC(953) PSYoungGen: 298048K(298496K)->64K(286720K) Eden: 297984K(297984K)->0K(286208K) From: 64K(512K)->64K(512K)
[361.169s][info][gc,heap        ] GC(953) ParOldGen: 642949K(643072K)->642957K(643072K)
[361.169s][info][gc,metaspace   ] GC(953) Metaspace: 35378K(36096K)->35378K(36096K) NonClass: 29106K(29632K)->29106K(29632K) Class: 6271K(6464K)->6271K(6464K)
[361.169s][info][gc             ] GC(953) Pause Young (Allocation Failure) 918M->627M(908M) 3.513ms
[361.169s][info][gc,cpu         ] GC(953) User=0.01s Sys=0.00s Real=0.00s
[361.581s][info][gc,start       ] GC(954) Pause Young (Allocation Failure)
[361.583s][info][gc,heap        ] GC(954) PSYoungGen: 286272K(286720K)->64K(284160K) Eden: 286208K(286208K)->0K(274944K) From: 64K(512K)->64K(9216K)
[361.583s][info][gc,heap        ] GC(954) ParOldGen: 642957K(643072K)->642965K(643072K)
[361.583s][info][gc,metaspace   ] GC(954) Metaspace: 35378K(36096K)->35378K(36096K) NonClass: 29106K(29632K)->29106K(29632K) Class: 6271K(6464K)->6271K(6464K)
[361.583s][info][gc             ] GC(954) Pause Young (Allocation Failure) 907M->627M(905M) 2.166ms
[361.583s][info][gc,cpu         ] GC(954) User=0.00s Sys=0.00s Real=0.00s
[361.665s][info][gc,start       ] GC(955) Pause Young (Allocation Failure)
[361.667s][info][gc,heap        ] GC(955) PSYoungGen: 275008K(284160K)->64K(304640K) Eden: 274944K(274944K)->0K(295936K) From: 64K(9216K)->64K(8704K)
[361.667s][info][gc,heap        ] GC(955) ParOldGen: 642965K(643072K)->642973K(643072K)
[361.667s][info][gc,metaspace   ] GC(955) Metaspace: 35378K(36096K)->35378K(36096K) NonClass: 29106K(29632K)->29106K(29632K) Class: 6271K(6464K)->6271K(6464K)
[361.667s][info][gc             ] GC(955) Pause Young (Allocation Failure) 896M->627M(925M) 2.806ms
[361.667s][info][gc,cpu         ] GC(955) User=0.01s Sys=0.00s Real=0.01s
[362.322s][info][gc,start       ] GC(956) Pause Young (Allocation Failure)
[362.325s][info][gc,heap        ] GC(956) PSYoungGen: 296000K(304640K)->64K(304128K) Eden: 295936K(295936K)->0K(295936K) From: 64K(8704K)->64K(8192K)
[362.325s][info][gc,heap        ] GC(956) ParOldGen: 642973K(643072K)->642981K(643072K)
[362.325s][info][gc,metaspace   ] GC(956) Metaspace: 35378K(36096K)->35378K(36096K) NonClass: 29106K(29632K)->29106K(29632K) Class: 6271K(6464K)->6271K(6464K)
[362.325s][info][gc             ] GC(956) Pause Young (Allocation Failure) 916M->627M(925M) 3.055ms
[362.325s][info][gc,cpu         ] GC(956) User=0.00s Sys=0.00s Real=0.01s
[362.661s][info][gc,start       ] GC(957) Pause Young (Allocation Failure)
[362.664s][info][gc,heap        ] GC(957) PSYoungGen: 296000K(304128K)->64K(325120K) Eden: 295936K(295936K)->0K(317440K) From: 64K(8192K)->64K(7680K)
[362.664s][info][gc,heap        ] GC(957) ParOldGen: 642981K(643072K)->642989K(643072K)
[362.664s][info][gc,metaspace   ] GC(957) Metaspace: 35378K(36096K)->35378K(36096K) NonClass: 29106K(29632K)->29106K(29632K) Class: 6271K(6464K)->6271K(6464K)
[362.664s][info][gc             ] GC(957) Pause Young (Allocation Failure) 916M->627M(945M) 3.104ms
[362.664s][info][gc,cpu         ] GC(957) User=0.00s Sys=0.00s Real=0.00s
[363.031s][info][gc,start       ] GC(958) Pause Young (Allocation Failure)
[363.120s][info][gc,heap        ] GC(958) PSYoungGen: 317504K(325120K)->7168K(324608K) Eden: 317440K(317440K)->0K(317440K) From: 64K(7680K)->7168K(7168K)
[363.120s][info][gc,heap        ] GC(958) ParOldGen: 642989K(643072K)->667301K(667648K)
[363.120s][info][gc,metaspace   ] GC(958) Metaspace: 35378K(36096K)->35378K(36096K) NonClass: 29106K(29632K)->29106K(29632K) Class: 6271K(6464K)->6271K(6464K)
[363.120s][info][gc             ] GC(958) Pause Young (Allocation Failure) 937M->658M(969M) 88.925ms
[363.120s][info][gc,cpu         ] GC(958) User=0.12s Sys=0.02s Real=0.09s
[363.444s][info][gc,start       ] GC(959) Pause Full (Allocation Failure)
[363.444s][info][gc,phases,start] GC(959) Marking Phase
[363.544s][info][gc,phases      ] GC(959) Marking Phase 100.001ms
[363.544s][info][gc,phases,start] GC(959) Summary Phase
[363.544s][info][gc,phases      ] GC(959) Summary Phase 0.029ms
[363.544s][info][gc,phases,start] GC(959) Forward
[363.576s][info][gc,phases      ] GC(959) Forward 31.862ms
[363.576s][info][gc,phases,start] GC(959) Adjust Pointers
[363.631s][info][gc,phases      ] GC(959) Adjust Pointers 54.730ms
[363.631s][info][gc,phases,start] GC(959) Compaction Phase
[363.663s][info][gc,phases      ] GC(959) Compaction Phase 32.641ms
[363.663s][info][gc,phases,start] GC(959) Post Compact
[363.667s][info][gc,phases      ] GC(959) Post Compact 3.083ms
[363.706s][info][gc,heap        ] GC(959) PSYoungGen: 324608K(324608K)->0K(307200K) Eden: 317440K(317440K)->0K(297984K) From: 7168K(7168K)->0K(9216K)
[363.706s][info][gc,heap        ] GC(959) ParOldGen: 667301K(667648K)->91540K(175104K)
[363.706s][info][gc,metaspace   ] GC(959) Metaspace: 35378K(36096K)->35378K(36096K) NonClass: 29106K(29632K)->29106K(29632K) Class: 6271K(6464K)->6271K(6464K)
[363.706s][info][gc             ] GC(959) Pause Full (Allocation Failure) 968M->89M(471M) 262.404ms
[363.706s][info][gc,cpu         ] GC(959) User=0.40s Sys=0.05s Real=0.27s
[363.827s][info][gc,start       ] GC(960) Pause Young (Allocation Failure)
[363.842s][info][gc,heap        ] GC(960) PSYoungGen: 297984K(307200K)->4032K(315904K) Eden: 297984K(297984K)->0K(297984K) From: 0K(9216K)->4032K(17920K)
[363.842s][info][gc,heap        ] GC(960) ParOldGen: 91540K(175104K)->91540K(175104K)
[363.842s][info][gc,metaspace   ] GC(960) Metaspace: 35378K(36096K)->35378K(36096K) NonClass: 29106K(29632K)->29106K(29632K) Class: 6271K(6464K)->6271K(6464K)
[363.842s][info][gc             ] GC(960) Pause Young (Allocation Failure) 380M->93M(479M) 14.576ms
[363.842s][info][gc,cpu         ] GC(960) User=0.03s Sys=0.00s Real=0.01s
[364.454s][info][gc,start       ] GC(961) Pause Young (Allocation Failure)
[364.454s][info][gc,heap        ] GC(961) PSYoungGen: 302016K(315904K)->64K(313344K) Eden: 297984K(297984K)->0K(299520K) From: 4032K(17920K)->64K(13824K)
[364.454s][info][gc,heap        ] GC(961) ParOldGen: 91540K(175104K)->91548K(175104K)
[364.454s][info][gc,metaspace   ] GC(961) Metaspace: 35378K(36096K)->35378K(36096K) NonClass: 29106K(29632K)->29106K(29632K) Class: 6271K(6464K)->6271K(6464K)
[364.454s][info][gc             ] GC(961) Pause Young (Allocation Failure) 384M->89M(477M) 0.819ms
[364.454s][info][gc,cpu         ] GC(961) User=0.00s Sys=0.00s Real=0.00s
[364.906s][info][gc,start       ] GC(962) Pause Young (Allocation Failure)
[364.907s][info][gc,heap        ] GC(962) PSYoungGen: 299584K(313344K)->64K(315392K) Eden: 299520K(299520K)->0K(299520K) From: 64K(13824K)->64K(15872K)
[364.907s][info][gc,heap        ] GC(962) ParOldGen: 91548K(175104K)->91556K(175104K)
[364.907s][info][gc,metaspace   ] GC(962) Metaspace: 35378K(36096K)->35378K(36096K) NonClass: 29106K(29632K)->29106K(29632K) Class: 6271K(6464K)->6271K(6464K)
[364.907s][info][gc             ] GC(962) Pause Young (Allocation Failure) 381M->89M(479M) 0.828ms
[364.907s][info][gc,cpu         ] GC(962) User=0.00s Sys=0.00s Real=0.00s
[365.360s][info][gc,start       ] GC(963) Pause Young (Allocation Failure)
[365.360s][info][gc,heap        ] GC(963) PSYoungGen: 299584K(315392K)->64K(315392K) Eden: 299520K(299520K)->0K(302592K) From: 64K(15872K)->64K(12800K)
[365.360s][info][gc,heap        ] GC(963) ParOldGen: 91556K(175104K)->91572K(175104K)
[365.360s][info][gc,metaspace   ] GC(963) Metaspace: 35378K(36096K)->35378K(36096K) NonClass: 29106K(29632K)->29106K(29632K) Class: 6271K(6464K)->6271K(6464K)
[365.360s][info][gc             ] GC(963) Pause Young (Allocation Failure) 381M->89M(479M) 0.834ms
[365.360s][info][gc,cpu         ] GC(963) User=0.00s Sys=0.00s Real=0.00s
[365.591s][info][gc,start       ] GC(964) Pause Young (Allocation Failure)
[365.592s][info][gc,heap        ] GC(964) PSYoungGen: 302656K(315392K)->64K(316928K) Eden: 302592K(302592K)->0K(302592K) From: 64K(12800K)->64K(14336K)
[365.592s][info][gc,heap        ] GC(964) ParOldGen: 91572K(175104K)->91588K(175104K)
[365.592s][info][gc,metaspace   ] GC(964) Metaspace: 35378K(36096K)->35378K(36096K) NonClass: 29106K(29632K)->29106K(29632K) Class: 6271K(6464K)->6271K(6464K)
[365.592s][info][gc             ] GC(964) Pause Young (Allocation Failure) 384M->89M(480M) 0.777ms
[365.592s][info][gc,cpu         ] GC(964) User=0.00s Sys=0.00s Real=0.00s
[365.822s][info][gc,start       ] GC(965) Pause Young (Allocation Failure)
[365.823s][info][gc,heap        ] GC(965) PSYoungGen: 302656K(316928K)->64K(317952K) Eden: 302592K(302592K)->0K(305664K) From: 64K(14336K)->64K(12288K)
[365.823s][info][gc,heap        ] GC(965) ParOldGen: 91588K(175104K)->91588K(175104K)
[365.823s][info][gc,metaspace   ] GC(965) Metaspace: 35378K(36096K)->35378K(36096K) NonClass: 29106K(29632K)->29106K(29632K) Class: 6271K(6464K)->6271K(6464K)
[365.823s][info][gc             ] GC(965) Pause Young (Allocation Failure) 385M->89M(481M) 0.729ms
[365.823s][info][gc,cpu         ] GC(965) User=0.00s Sys=0.00s Real=0.00s
[366.149s][info][gc,start       ] GC(966) Pause Young (Allocation Failure)
[366.150s][info][gc,heap        ] GC(966) PSYoungGen: 305728K(317952K)->64K(318976K) Eden: 305664K(305664K)->0K(305664K) From: 64K(12288K)->64K(13312K)
[366.150s][info][gc,heap        ] GC(966) ParOldGen: 91588K(175104K)->91588K(175104K)
[366.150s][info][gc,metaspace   ] GC(966) Metaspace: 35391K(36096K)->35391K(36096K) NonClass: 29119K(29632K)->29119K(29632K) Class: 6271K(6464K)->6271K(6464K)
[366.150s][info][gc             ] GC(966) Pause Young (Allocation Failure) 388M->89M(482M) 0.711ms
[366.150s][info][gc,cpu         ] GC(966) User=0.00s Sys=0.00s Real=0.00s
[366.206s][info][gc,start       ] GC(967) Pause Young (Allocation Failure)
[366.206s][info][gc,heap        ] GC(967) PSYoungGen: 305728K(318976K)->64K(319488K) Eden: 305664K(305664K)->0K(308224K) From: 64K(13312K)->64K(11264K)
[366.206s][info][gc,heap        ] GC(967) ParOldGen: 91588K(175104K)->91604K(175104K)
[366.206s][info][gc,metaspace   ] GC(967) Metaspace: 35391K(36096K)->35391K(36096K) NonClass: 29119K(29632K)->29119K(29632K) Class: 6271K(6464K)->6271K(6464K)
[366.207s][info][gc             ] GC(967) Pause Young (Allocation Failure) 388M->89M(483M) 0.729ms
[366.207s][info][gc,cpu         ] GC(967) User=0.00s Sys=0.00s Real=0.00s
[366.306s][info][gc,start       ] GC(968) Pause Young (Allocation Failure)
[366.307s][info][gc,heap        ] GC(968) PSYoungGen: 308288K(319488K)->64K(296448K) Eden: 308224K(308224K)->0K(295936K) From: 64K(11264K)->64K(512K)
[366.307s][info][gc,heap        ] GC(968) ParOldGen: 91604K(175104K)->91604K(175104K)
[366.307s][info][gc,metaspace   ] GC(968) Metaspace: 35391K(36096K)->35391K(36096K) NonClass: 29119K(29632K)->29119K(29632K) Class: 6271K(6464K)->6271K(6464K)
[366.307s][info][gc             ] GC(968) Pause Young (Allocation Failure) 390M->89M(460M) 1.167ms
[366.307s][info][gc,cpu         ] GC(968) User=0.00s Sys=0.00s Real=0.00s
[366.669s][info][gc,start       ] GC(969) Pause Young (Allocation Failure)
[366.671s][info][gc,heap        ] GC(969) PSYoungGen: 296000K(296448K)->64K(284672K) Eden: 295936K(295936K)->0K(284160K) From: 64K(512K)->64K(512K)
[366.671s][info][gc,heap        ] GC(969) ParOldGen: 91604K(175104K)->91620K(175104K)
[366.671s][info][gc,metaspace   ] GC(969) Metaspace: 35391K(36096K)->35391K(36096K) NonClass: 29119K(29632K)->29119K(29632K) Class: 6271K(6464K)->6271K(6464K)
[366.671s][info][gc             ] GC(969) Pause Young (Allocation Failure) 378M->89M(449M) 1.930ms
[366.671s][info][gc,cpu         ] GC(969) User=0.01s Sys=0.01s Real=0.00s
[366.902s][info][gc,start       ] GC(970) Pause Young (Allocation Failure)
[366.903s][info][gc,heap        ] GC(970) PSYoungGen: 284224K(284672K)->64K(283648K) Eden: 284160K(284160K)->0K(272896K) From: 64K(512K)->64K(10752K)
[366.903s][info][gc,heap        ] GC(970) ParOldGen: 91620K(175104K)->91620K(175104K)
[366.903s][info][gc,metaspace   ] GC(970) Metaspace: 35393K(36096K)->35393K(36096K) NonClass: 29121K(29632K)->29121K(29632K) Class: 6271K(6464K)->6271K(6464K)
[366.903s][info][gc             ] GC(970) Pause Young (Allocation Failure) 367M->89M(448M) 0.865ms
[366.903s][info][gc,cpu         ] GC(970) User=0.00s Sys=0.00s Real=0.00s
[366.979s][info][gc,start       ] GC(971) Pause Young (Allocation Failure)
[366.981s][info][gc,heap        ] GC(971) PSYoungGen: 272960K(283648K)->64K(262656K) Eden: 272896K(272896K)->0K(262144K) From: 64K(10752K)->64K(512K)
[366.981s][info][gc,heap        ] GC(971) ParOldGen: 91620K(175104K)->91628K(175104K)
[366.981s][info][gc,metaspace   ] GC(971) Metaspace: 35393K(36096K)->35393K(36096K) NonClass: 29121K(29632K)->29121K(29632K) Class: 6271K(6464K)->6271K(6464K)
[366.981s][info][gc             ] GC(971) Pause Young (Allocation Failure) 356M->89M(427M) 1.650ms
[366.981s][info][gc,cpu         ] GC(971) User=0.00s Sys=0.00s Real=0.00s
[367.086s][info][gc,start       ] GC(972) Pause Young (Allocation Failure)
[367.087s][info][gc,heap        ] GC(972) PSYoungGen: 262208K(262656K)->64K(261120K) Eden: 262144K(262144K)->0K(251904K) From: 64K(512K)->64K(9216K)
[367.087s][info][gc,heap        ] GC(972) ParOldGen: 91628K(175104K)->91636K(175104K)
[367.087s][info][gc,metaspace   ] GC(972) Metaspace: 35393K(36096K)->35393K(36096K) NonClass: 29121K(29632K)->29121K(29632K) Class: 6271K(6464K)->6271K(6464K)
[367.087s][info][gc             ] GC(972) Pause Young (Allocation Failure) 345M->89M(426M) 0.721ms
[367.087s][info][gc,cpu         ] GC(972) User=0.00s Sys=0.00s Real=0.00s
[367.252s][info][gc,start       ] GC(973) Pause Young (Allocation Failure)
[367.253s][info][gc,heap        ] GC(973) PSYoungGen: 251968K(261120K)->64K(242688K) Eden: 251904K(251904K)->0K(242176K) From: 64K(9216K)->64K(512K)
[367.253s][info][gc,heap        ] GC(973) ParOldGen: 91636K(175104K)->91644K(175104K)
[367.253s][info][gc,metaspace   ] GC(973) Metaspace: 35393K(36096K)->35393K(36096K) NonClass: 29121K(29632K)->29121K(29632K) Class: 6271K(6464K)->6271K(6464K)
[367.253s][info][gc             ] GC(973) Pause Young (Allocation Failure) 335M->89M(408M) 1.536ms
[367.253s][info][gc,cpu         ] GC(973) User=0.00s Sys=0.00s Real=0.00s
[368.197s][info][gc,start       ] GC(974) Pause Young (Allocation Failure)
[368.197s][info][gc,heap        ] GC(974) PSYoungGen: 242240K(242688K)->83K(241152K) Eden: 242176K(242176K)->0K(232960K) From: 64K(512K)->83K(8192K)
[368.197s][info][gc,heap        ] GC(974) ParOldGen: 91644K(175104K)->91652K(175104K)
[368.197s][info][gc,metaspace   ] GC(974) Metaspace: 35393K(36096K)->35393K(36096K) NonClass: 29121K(29632K)->29121K(29632K) Class: 6271K(6464K)->6271K(6464K)
[368.197s][info][gc             ] GC(974) Pause Young (Allocation Failure) 326M->89M(406M) 0.703ms
[368.197s][info][gc,cpu         ] GC(974) User=0.00s Sys=0.00s Real=0.00s
[368.512s][info][gc,start       ] GC(975) Pause Young (Allocation Failure)
[368.513s][info][gc,heap        ] GC(975) PSYoungGen: 233043K(241152K)->64K(224768K) Eden: 232960K(232960K)->0K(224256K) From: 83K(8192K)->64K(512K)
[368.513s][info][gc,heap        ] GC(975) ParOldGen: 91652K(175104K)->91660K(175104K)
[368.513s][info][gc,metaspace   ] GC(975) Metaspace: 35393K(36096K)->35393K(36096K) NonClass: 29121K(29632K)->29121K(29632K) Class: 6271K(6464K)->6271K(6464K)
[368.513s][info][gc             ] GC(975) Pause Young (Allocation Failure) 317M->89M(390M) 1.409ms
[368.513s][info][gc,cpu         ] GC(975) User=0.00s Sys=0.00s Real=0.00s
[369.188s][info][gc,start       ] GC(976) Pause Young (Allocation Failure)
[369.189s][info][gc,heap        ] GC(976) PSYoungGen: 224320K(224768K)->64K(223232K) Eden: 224256K(224256K)->0K(216064K) From: 64K(512K)->64K(7168K)
[369.189s][info][gc,heap        ] GC(976) ParOldGen: 91660K(175104K)->91668K(175104K)
[369.189s][info][gc,metaspace   ] GC(976) Metaspace: 35393K(36096K)->35393K(36096K) NonClass: 29121K(29632K)->29121K(29632K) Class: 6271K(6464K)->6271K(6464K)
[369.189s][info][gc             ] GC(976) Pause Young (Allocation Failure) 308M->89M(389M) 1.170ms
[369.189s][info][gc,cpu         ] GC(976) User=0.00s Sys=0.00s Real=0.00s
[369.494s][info][gc,start       ] GC(977) Pause Young (Allocation Failure)
[369.496s][info][gc,heap        ] GC(977) PSYoungGen: 216128K(223232K)->32K(208384K) Eden: 216064K(216064K)->0K(207872K) From: 64K(7168K)->32K(512K)
[369.496s][info][gc,heap        ] GC(977) ParOldGen: 91668K(175104K)->91676K(175104K)
[369.496s][info][gc,metaspace   ] GC(977) Metaspace: 35393K(36096K)->35393K(36096K) NonClass: 29121K(29632K)->29121K(29632K) Class: 6271K(6464K)->6271K(6464K)
[369.496s][info][gc             ] GC(977) Pause Young (Allocation Failure) 300M->89M(374M) 1.859ms
[369.496s][info][gc,cpu         ] GC(977) User=0.01s Sys=0.00s Real=0.01s
[369.807s][info][gc,start       ] GC(978) Pause Young (Allocation Failure)
[369.808s][info][gc,heap        ] GC(978) PSYoungGen: 207904K(208384K)->64K(206336K) Eden: 207872K(207872K)->0K(200192K) From: 32K(512K)->64K(6144K)
[369.808s][info][gc,heap        ] GC(978) ParOldGen: 91676K(175104K)->91684K(175104K)
[369.808s][info][gc,metaspace   ] GC(978) Metaspace: 35393K(36096K)->35393K(36096K) NonClass: 29121K(29632K)->29121K(29632K) Class: 6271K(6464K)->6271K(6464K)
[369.808s][info][gc             ] GC(978) Pause Young (Allocation Failure) 292M->89M(372M) 1.251ms
[369.808s][info][gc,cpu         ] GC(978) User=0.00s Sys=0.00s Real=0.00s
[370.691s][info][gc,start       ] GC(979) Pause Young (Allocation Failure)
[370.693s][info][gc,heap        ] GC(979) PSYoungGen: 200256K(206336K)->64K(193536K) Eden: 200192K(200192K)->0K(193024K) From: 64K(6144K)->64K(512K)
[370.693s][info][gc,heap        ] GC(979) ParOldGen: 91684K(175104K)->91700K(175104K)
[370.693s][info][gc,metaspace   ] GC(979) Metaspace: 35393K(36096K)->35393K(36096K) NonClass: 29121K(29632K)->29121K(29632K) Class: 6271K(6464K)->6271K(6464K)
[370.693s][info][gc             ] GC(979) Pause Young (Allocation Failure) 285M->89M(360M) 1.672ms
[370.693s][info][gc,cpu         ] GC(979) User=0.00s Sys=0.00s Real=0.00s
[370.878s][info][gc,start       ] GC(980) Pause Young (Allocation Failure)
[370.879s][info][gc,heap        ] GC(980) PSYoungGen: 193088K(193536K)->64K(192000K) Eden: 193024K(193024K)->0K(186368K) From: 64K(512K)->64K(5632K)
[370.879s][info][gc,heap        ] GC(980) ParOldGen: 91700K(175104K)->91716K(175104K)
[370.879s][info][gc,metaspace   ] GC(980) Metaspace: 35393K(36096K)->35393K(36096K) NonClass: 29121K(29632K)->29121K(29632K) Class: 6271K(6464K)->6271K(6464K)
[370.879s][info][gc             ] GC(980) Pause Young (Allocation Failure) 278M->89M(358M) 1.154ms
[370.879s][info][gc,cpu         ] GC(980) User=0.00s Sys=0.00s Real=0.00s
[371.173s][info][gc,start       ] GC(981) Pause Young (Allocation Failure)
[371.175s][info][gc,heap        ] GC(981) PSYoungGen: 186432K(192000K)->64K(180224K) Eden: 186368K(186368K)->0K(179712K) From: 64K(5632K)->64K(512K)
[371.175s][info][gc,heap        ] GC(981) ParOldGen: 91716K(175104K)->91732K(175104K)
[371.175s][info][gc,metaspace   ] GC(981) Metaspace: 35393K(36096K)->35393K(36096K) NonClass: 29121K(29632K)->29121K(29632K) Class: 6271K(6464K)->6271K(6464K)
[371.175s][info][gc             ] GC(981) Pause Young (Allocation Failure) 271M->89M(347M) 1.640ms
[371.175s][info][gc,cpu         ] GC(981) User=0.00s Sys=0.00s Real=0.00s
[371.292s][info][gc,start       ] GC(982) Pause Young (Allocation Failure)
[371.293s][info][gc,heap        ] GC(982) PSYoungGen: 179776K(180224K)->64K(178176K) Eden: 179712K(179712K)->0K(173568K) From: 64K(512K)->64K(4608K)
[371.293s][info][gc,heap        ] GC(982) ParOldGen: 91732K(175104K)->91748K(175104K)
[371.293s][info][gc,metaspace   ] GC(982) Metaspace: 35393K(36096K)->35393K(36096K) NonClass: 29121K(29632K)->29121K(29632K) Class: 6271K(6464K)->6271K(6464K)
[371.293s][info][gc             ] GC(982) Pause Young (Allocation Failure) 265M->89M(345M) 1.166ms
[371.293s][info][gc,cpu         ] GC(982) User=0.00s Sys=0.00s Real=0.00s
[371.353s][info][gc,start       ] GC(983) Pause Young (Allocation Failure)
[371.355s][info][gc,heap        ] GC(983) PSYoungGen: 173632K(178176K)->64K(167936K) Eden: 173568K(173568K)->0K(167424K) From: 64K(4608K)->64K(512K)
[371.355s][info][gc,heap        ] GC(983) ParOldGen: 91748K(175104K)->91764K(175104K)
[371.355s][info][gc,metaspace   ] GC(983) Metaspace: 35393K(36096K)->35393K(36096K) NonClass: 29121K(29632K)->29121K(29632K) Class: 6271K(6464K)->6271K(6464K)
[371.355s][info][gc             ] GC(983) Pause Young (Allocation Failure) 259M->89M(335M) 1.494ms
[371.355s][info][gc,cpu         ] GC(983) User=0.00s Sys=0.00s Real=0.00s
[371.693s][info][gc,start       ] GC(984) Pause Young (Allocation Failure)
[371.694s][info][gc,heap        ] GC(984) PSYoungGen: 167488K(167936K)->64K(165888K) Eden: 167424K(167424K)->0K(161792K) From: 64K(512K)->64K(4096K)
[371.694s][info][gc,heap        ] GC(984) ParOldGen: 91764K(175104K)->91780K(175104K)
[371.694s][info][gc,metaspace   ] GC(984) Metaspace: 35393K(36096K)->35393K(36096K) NonClass: 29121K(29632K)->29121K(29632K) Class: 6271K(6464K)->6271K(6464K)
[371.694s][info][gc             ] GC(984) Pause Young (Allocation Failure) 253M->89M(333M) 1.189ms
[371.694s][info][gc,cpu         ] GC(984) User=0.00s Sys=0.00s Real=0.00s
[372.012s][info][gc,start       ] GC(985) Pause Young (Allocation Failure)
[372.013s][info][gc,heap        ] GC(985) PSYoungGen: 161856K(165888K)->64K(156672K) Eden: 161792K(161792K)->0K(156160K) From: 64K(4096K)->64K(512K)
[372.013s][info][gc,heap        ] GC(985) ParOldGen: 91780K(175104K)->91796K(175104K)
[372.013s][info][gc,metaspace   ] GC(985) Metaspace: 35393K(36096K)->35393K(36096K) NonClass: 29121K(29632K)->29121K(29632K) Class: 6271K(6464K)->6271K(6464K)
[372.013s][info][gc             ] GC(985) Pause Young (Allocation Failure) 247M->89M(324M) 1.640ms
[372.013s][info][gc,cpu         ] GC(985) User=0.00s Sys=0.00s Real=0.00s
[372.157s][info][gc,start       ] GC(986) Pause Young (Allocation Failure)
[372.159s][info][gc,heap        ] GC(986) PSYoungGen: 156224K(156672K)->64K(154624K) Eden: 156160K(156160K)->0K(151040K) From: 64K(512K)->64K(3584K)
[372.159s][info][gc,heap        ] GC(986) ParOldGen: 91796K(175104K)->91812K(175104K)
[372.159s][info][gc,metaspace   ] GC(986) Metaspace: 35393K(36096K)->35393K(36096K) NonClass: 29121K(29632K)->29121K(29632K) Class: 6271K(6464K)->6271K(6464K)
[372.159s][info][gc             ] GC(986) Pause Young (Allocation Failure) 242M->89M(322M) 1.164ms
[372.159s][info][gc,cpu         ] GC(986) User=0.00s Sys=0.00s Real=0.00s
[372.424s][info][gc,start       ] GC(987) Pause Young (Allocation Failure)
[372.433s][info][gc,heap        ] GC(987) PSYoungGen: 151104K(154624K)->3072K(182272K) Eden: 151040K(151040K)->0K(179200K) From: 64K(3584K)->3072K(3072K)
[372.433s][info][gc,heap        ] GC(987) ParOldGen: 91812K(175104K)->92524K(175104K)
[372.433s][info][gc,metaspace   ] GC(987) Metaspace: 35393K(36096K)->35393K(36096K) NonClass: 29121K(29632K)->29121K(29632K) Class: 6271K(6464K)->6271K(6464K)
[372.433s][info][gc             ] GC(987) Pause Young (Allocation Failure) 237M->93M(349M) 8.555ms
[372.433s][info][gc,cpu         ] GC(987) User=0.01s Sys=0.00s Real=0.01s
[372.615s][info][gc,start       ] GC(988) Pause Young (Allocation Failure)
[372.649s][info][gc,heap        ] GC(988) PSYoungGen: 182272K(182272K)->4096K(218624K) Eden: 179200K(179200K)->0K(214528K) From: 3072K(3072K)->4096K(4096K)
[372.649s][info][gc,heap        ] GC(988) ParOldGen: 92524K(175104K)->107372K(175104K)
[372.649s][info][gc,metaspace   ] GC(988) Metaspace: 35393K(36096K)->35393K(36096K) NonClass: 29121K(29632K)->29121K(29632K) Class: 6271K(6464K)->6271K(6464K)
[372.649s][info][gc             ] GC(988) Pause Young (Allocation Failure) 268M->108M(384M) 33.732ms
[372.649s][info][gc,cpu         ] GC(988) User=0.06s Sys=0.00s Real=0.04s
[372.868s][info][gc,start       ] GC(989) Pause Young (Allocation Failure)
[372.923s][info][gc,heap        ] GC(989) PSYoungGen: 218624K(218624K)->1536K(243200K) Eden: 214528K(214528K)->0K(241664K) From: 4096K(4096K)->1536K(1536K)
[372.923s][info][gc,heap        ] GC(989) ParOldGen: 107372K(175104K)->129036K(175104K)
[372.923s][info][gc,metaspace   ] GC(989) Metaspace: 35393K(36096K)->35393K(36096K) NonClass: 29121K(29632K)->29121K(29632K) Class: 6271K(6464K)->6271K(6464K)
[372.923s][info][gc             ] GC(989) Pause Young (Allocation Failure) 318M->127M(408M) 55.276ms
[372.923s][info][gc,cpu         ] GC(989) User=0.08s Sys=0.00s Real=0.05s
[373.157s][info][gc,start       ] GC(990) Pause Young (Allocation Failure)
[373.195s][info][gc,heap        ] GC(990) PSYoungGen: 243200K(243200K)->17408K(259072K) Eden: 241664K(241664K)->0K(241664K) From: 1536K(1536K)->17408K(17408K)
[373.195s][info][gc,heap        ] GC(990) ParOldGen: 129036K(175104K)->135516K(175104K)
[373.195s][info][gc,metaspace   ] GC(990) Metaspace: 35393K(36096K)->35393K(36096K) NonClass: 29121K(29632K)->29121K(29632K) Class: 6271K(6464K)->6271K(6464K)
[373.195s][info][gc             ] GC(990) Pause Young (Allocation Failure) 363M->149M(424M) 38.384ms
[373.195s][info][gc,cpu         ] GC(990) User=0.08s Sys=0.01s Real=0.04s
[373.265s][info][gc,start       ] GC(991) Pause Young (Allocation Failure)
[373.267s][info][gc,heap        ] GC(991) PSYoungGen: 259072K(259072K)->64K(310784K) Eden: 241664K(241664K)->0K(287232K) From: 17408K(17408K)->64K(23552K)
[373.267s][info][gc,heap        ] GC(991) ParOldGen: 135516K(175104K)->135756K(175104K)
[373.267s][info][gc,metaspace   ] GC(991) Metaspace: 35393K(36096K)->35393K(36096K) NonClass: 29121K(29632K)->29121K(29632K) Class: 6271K(6464K)->6271K(6464K)
[373.267s][info][gc             ] GC(991) Pause Young (Allocation Failure) 385M->132M(474M) 2.576ms
[373.267s][info][gc,cpu         ] GC(991) User=0.00s Sys=0.00s Real=0.01s
[373.869s][info][gc,start       ] GC(992) Pause Young (Allocation Failure)
[373.870s][info][gc,heap        ] GC(992) PSYoungGen: 287296K(310784K)->64K(287744K) Eden: 287232K(287232K)->0K(287232K) From: 64K(23552K)->64K(512K)
[373.870s][info][gc,heap        ] GC(992) ParOldGen: 135756K(175104K)->135764K(175104K)
[373.870s][info][gc,metaspace   ] GC(992) Metaspace: 35393K(36096K)->35393K(36096K) NonClass: 29121K(29632K)->29121K(29632K) Class: 6271K(6464K)->6271K(6464K)
[373.870s][info][gc             ] GC(992) Pause Young (Allocation Failure) 413M->132M(452M) 0.851ms
[373.870s][info][gc,cpu         ] GC(992) User=0.00s Sys=0.00s Real=0.00s
[374.335s][info][gc,start       ] GC(993) Pause Young (Allocation Failure)
[374.336s][info][gc,heap        ] GC(993) PSYoungGen: 287296K(287744K)->64K(309760K) Eden: 287232K(287232K)->0K(287744K) From: 64K(512K)->64K(22016K)
[374.336s][info][gc,heap        ] GC(993) ParOldGen: 135764K(175104K)->135772K(175104K)
[374.336s][info][gc,metaspace   ] GC(993) Metaspace: 35393K(36096K)->35393K(36096K) NonClass: 29121K(29632K)->29121K(29632K) Class: 6271K(6464K)->6271K(6464K)
[374.336s][info][gc             ] GC(993) Pause Young (Allocation Failure) 413M->132M(473M) 0.897ms
[374.336s][info][gc,cpu         ] GC(993) User=0.00s Sys=0.00s Real=0.01s
[374.775s][info][gc,start       ] GC(994) Pause Young (Allocation Failure)
[374.776s][info][gc,heap        ] GC(994) PSYoungGen: 287808K(309760K)->64K(309248K) Eden: 287744K(287744K)->0K(287744K) From: 64K(22016K)->64K(21504K)
[374.776s][info][gc,heap        ] GC(994) ParOldGen: 135772K(175104K)->135788K(175104K)
[374.776s][info][gc,metaspace   ] GC(994) Metaspace: 35393K(36096K)->35393K(36096K) NonClass: 29121K(29632K)->29121K(29632K) Class: 6271K(6464K)->6271K(6464K)
[374.776s][info][gc             ] GC(994) Pause Young (Allocation Failure) 413M->132M(473M) 0.935ms
[374.776s][info][gc,cpu         ] GC(994) User=0.00s Sys=0.00s Real=0.00s
[374.995s][info][gc,start       ] GC(995) Pause Young (Allocation Failure)
[374.996s][info][gc,heap        ] GC(995) PSYoungGen: 287808K(309248K)->64K(311296K) Eden: 287744K(287744K)->0K(291328K) From: 64K(21504K)->64K(19968K)
[374.996s][info][gc,heap        ] GC(995) ParOldGen: 135788K(175104K)->135804K(175104K)
[374.996s][info][gc,metaspace   ] GC(995) Metaspace: 35393K(36096K)->35393K(36096K) NonClass: 29121K(29632K)->29121K(29632K) Class: 6271K(6464K)->6271K(6464K)
[374.996s][info][gc             ] GC(995) Pause Young (Allocation Failure) 413M->132M(475M) 0.840ms
[374.996s][info][gc,cpu         ] GC(995) User=0.00s Sys=0.00s Real=0.00s
[375.221s][info][gc,start       ] GC(996) Pause Young (Allocation Failure)
[375.221s][info][gc,heap        ] GC(996) PSYoungGen: 291392K(311296K)->64K(310784K) Eden: 291328K(291328K)->0K(291328K) From: 64K(19968K)->64K(19456K)
[375.221s][info][gc,heap        ] GC(996) ParOldGen: 135804K(175104K)->135804K(175104K)
[375.221s][info][gc,metaspace   ] GC(996) Metaspace: 35393K(36096K)->35393K(36096K) NonClass: 29121K(29632K)->29121K(29632K) Class: 6271K(6464K)->6271K(6464K)
[375.221s][info][gc             ] GC(996) Pause Young (Allocation Failure) 417M->132M(474M) 0.879ms
[375.222s][info][gc,cpu         ] GC(996) User=0.00s Sys=0.00s Real=0.00s
[375.579s][info][gc,start       ] GC(997) Pause Young (Allocation Failure)
[375.580s][info][gc,heap        ] GC(997) PSYoungGen: 291392K(310784K)->64K(313344K) Eden: 291328K(291328K)->0K(295424K) From: 64K(19456K)->64K(17920K)
[375.580s][info][gc,heap        ] GC(997) ParOldGen: 135804K(175104K)->135804K(175104K)
[375.580s][info][gc,metaspace   ] GC(997) Metaspace: 35393K(36096K)->35393K(36096K) NonClass: 29121K(29632K)->29121K(29632K) Class: 6271K(6464K)->6271K(6464K)
[375.580s][info][gc             ] GC(997) Pause Young (Allocation Failure) 417M->132M(477M) 0.888ms
[375.580s][info][gc,cpu         ] GC(997) User=0.00s Sys=0.00s Real=0.00s
[375.637s][info][gc,start       ] GC(998) Pause Young (Allocation Failure)
[375.638s][info][gc,heap        ] GC(998) PSYoungGen: 295488K(313344K)->64K(313344K) Eden: 295424K(295424K)->0K(295424K) From: 64K(17920K)->64K(17920K)
[375.638s][info][gc,heap        ] GC(998) ParOldGen: 135804K(175104K)->135820K(175104K)
[375.638s][info][gc,metaspace   ] GC(998) Metaspace: 35393K(36096K)->35393K(36096K) NonClass: 29121K(29632K)->29121K(29632K) Class: 6271K(6464K)->6271K(6464K)
[375.638s][info][gc             ] GC(998) Pause Young (Allocation Failure) 421M->132M(477M) 0.804ms
[375.638s][info][gc,cpu         ] GC(998) User=0.00s Sys=0.00s Real=0.00s
[375.692s][info][gc,start       ] GC(999) Pause Young (Allocation Failure)
[375.693s][info][gc,heap        ] GC(999) PSYoungGen: 295488K(313344K)->64K(314880K) Eden: 295424K(295424K)->0K(299008K) From: 64K(17920K)->64K(15872K)
[375.693s][info][gc,heap        ] GC(999) ParOldGen: 135820K(175104K)->135820K(175104K)
[375.693s][info][gc,metaspace   ] GC(999) Metaspace: 35393K(36096K)->35393K(36096K) NonClass: 29121K(29632K)->29121K(29632K) Class: 6271K(6464K)->6271K(6464K)
[375.693s][info][gc             ] GC(999) Pause Young (Allocation Failure) 421M->132M(478M) 0.766ms
[375.693s][info][gc,cpu         ] GC(999) User=0.00s Sys=0.00s Real=0.00s
[375.993s][info][gc,start       ] GC(1000) Pause Young (Allocation Failure)
[375.994s][info][gc,heap        ] GC(1000) PSYoungGen: 299072K(314880K)->64K(314880K) Eden: 299008K(299008K)->0K(299008K) From: 64K(15872K)->64K(15872K)
[375.994s][info][gc,heap        ] GC(1000) ParOldGen: 135820K(175104K)->135820K(175104K)
[375.994s][info][gc,metaspace   ] GC(1000) Metaspace: 35393K(36096K)->35393K(36096K) NonClass: 29121K(29632K)->29121K(29632K) Class: 6271K(6464K)->6271K(6464K)
[375.994s][info][gc             ] GC(1000) Pause Young (Allocation Failure) 424M->132M(478M) 0.871ms
[375.994s][info][gc,cpu         ] GC(1000) User=0.01s Sys=0.00s Real=0.00s
[376.279s][info][gc,start       ] GC(1001) Pause Young (Allocation Failure)
[376.280s][info][gc,heap        ] GC(1001) PSYoungGen: 299072K(314880K)->64K(317440K) Eden: 299008K(299008K)->0K(302592K) From: 64K(15872K)->64K(14848K)
[376.280s][info][gc,heap        ] GC(1001) ParOldGen: 135820K(175104K)->135828K(175104K)
[376.280s][info][gc,metaspace   ] GC(1001) Metaspace: 35393K(36096K)->35393K(36096K) NonClass: 29121K(29632K)->29121K(29632K) Class: 6271K(6464K)->6271K(6464K)
[376.280s][info][gc             ] GC(1001) Pause Young (Allocation Failure) 424M->132M(481M) 0.893ms
[376.280s][info][gc,cpu         ] GC(1001) User=0.00s Sys=0.00s Real=0.00s
[376.404s][info][gc,start       ] GC(1002) Pause Young (Allocation Failure)
[376.405s][info][gc,heap        ] GC(1002) PSYoungGen: 302656K(317440K)->64K(290816K) Eden: 302592K(302592K)->0K(290304K) From: 64K(14848K)->64K(512K)
[376.405s][info][gc,heap        ] GC(1002) ParOldGen: 135828K(175104K)->135836K(175104K)
[376.405s][info][gc,metaspace   ] GC(1002) Metaspace: 35393K(36096K)->35393K(36096K) NonClass: 29121K(29632K)->29121K(29632K) Class: 6271K(6464K)->6271K(6464K)
[376.405s][info][gc             ] GC(1002) Pause Young (Allocation Failure) 428M->132M(455M) 0.953ms
[376.405s][info][gc,cpu         ] GC(1002) User=0.00s Sys=0.00s Real=0.00s
[376.511s][info][gc,start       ] GC(1003) Pause Young (Allocation Failure)
[376.512s][info][gc,heap        ] GC(1003) PSYoungGen: 290368K(290816K)->64K(279552K) Eden: 290304K(290304K)->0K(279040K) From: 64K(512K)->64K(512K)
[376.512s][info][gc,heap        ] GC(1003) ParOldGen: 135836K(175104K)->135844K(175104K)
[376.512s][info][gc,metaspace   ] GC(1003) Metaspace: 35393K(36096K)->35393K(36096K) NonClass: 29121K(29632K)->29121K(29632K) Class: 6271K(6464K)->6271K(6464K)
[376.512s][info][gc             ] GC(1003) Pause Young (Allocation Failure) 416M->132M(444M) 0.921ms
[376.512s][info][gc,cpu         ] GC(1003) User=0.00s Sys=0.00s Real=0.00s
[376.693s][info][gc,start       ] GC(1004) Pause Young (Allocation Failure)
[376.694s][info][gc,heap        ] GC(1004) PSYoungGen: 279104K(279552K)->64K(281088K) Eden: 279040K(279040K)->0K(268288K) From: 64K(512K)->64K(12800K)
[376.694s][info][gc,heap        ] GC(1004) ParOldGen: 135844K(175104K)->135852K(175104K)
[376.694s][info][gc,metaspace   ] GC(1004) Metaspace: 35393K(36096K)->35393K(36096K) NonClass: 29121K(29632K)->29121K(29632K) Class: 6271K(6464K)->6271K(6464K)
[376.694s][info][gc             ] GC(1004) Pause Young (Allocation Failure) 405M->132M(445M) 0.843ms
[376.694s][info][gc,cpu         ] GC(1004) User=0.00s Sys=0.00s Real=0.00s
[377.642s][info][gc,start       ] GC(1005) Pause Young (Allocation Failure)
[377.643s][info][gc,heap        ] GC(1005) PSYoungGen: 268352K(281088K)->83K(258560K) Eden: 268288K(268288K)->0K(258048K) From: 64K(12800K)->83K(512K)
[377.643s][info][gc,heap        ] GC(1005) ParOldGen: 135852K(175104K)->135860K(175104K)
[377.643s][info][gc,metaspace   ] GC(1005) Metaspace: 35393K(36096K)->35393K(36096K) NonClass: 29121K(29632K)->29121K(29632K) Class: 6271K(6464K)->6271K(6464K)
[377.643s][info][gc             ] GC(1005) Pause Young (Allocation Failure) 394M->132M(423M) 1.747ms
[377.643s][info][gc,cpu         ] GC(1005) User=0.00s Sys=0.00s Real=0.00s
[378.509s][info][gc,start       ] GC(1006) Pause Young (Allocation Failure)
[378.510s][info][gc,heap        ] GC(1006) PSYoungGen: 258131K(258560K)->64K(259584K) Eden: 258048K(258048K)->0K(248320K) From: 83K(512K)->64K(11264K)
[378.510s][info][gc,heap        ] GC(1006) ParOldGen: 135860K(175104K)->135868K(175104K)
[378.510s][info][gc,metaspace   ] GC(1006) Metaspace: 35393K(36096K)->35393K(36096K) NonClass: 29121K(29632K)->29121K(29632K) Class: 6271K(6464K)->6271K(6464K)
[378.510s][info][gc             ] GC(1006) Pause Young (Allocation Failure) 384M->132M(424M) 0.905ms
[378.510s][info][gc,cpu         ] GC(1006) User=0.00s Sys=0.00s Real=0.00s
[378.684s][info][gc,start       ] GC(1007) Pause Young (Allocation Failure)
[378.686s][info][gc,heap        ] GC(1007) PSYoungGen: 248384K(259584K)->64K(239104K) Eden: 248320K(248320K)->0K(238592K) From: 64K(11264K)->64K(512K)
[378.686s][info][gc,heap        ] GC(1007) ParOldGen: 135868K(175104K)->135876K(175104K)
[378.686s][info][gc,metaspace   ] GC(1007) Metaspace: 35393K(36096K)->35393K(36096K) NonClass: 29121K(29632K)->29121K(29632K) Class: 6271K(6464K)->6271K(6464K)
[378.686s][info][gc             ] GC(1007) Pause Young (Allocation Failure) 375M->132M(404M) 1.747ms
[378.686s][info][gc,cpu         ] GC(1007) User=0.00s Sys=0.00s Real=0.01s
[379.104s][info][gc,start       ] GC(1008) Pause Young (Allocation Failure)
[379.105s][info][gc,heap        ] GC(1008) PSYoungGen: 238656K(239104K)->64K(239104K) Eden: 238592K(238592K)->0K(229376K) From: 64K(512K)->64K(9728K)
[379.105s][info][gc,heap        ] GC(1008) ParOldGen: 135876K(175104K)->135884K(175104K)
[379.105s][info][gc,metaspace   ] GC(1008) Metaspace: 35393K(36096K)->35393K(36096K) NonClass: 29121K(29632K)->29121K(29632K) Class: 6271K(6464K)->6271K(6464K)
[379.105s][info][gc             ] GC(1008) Pause Young (Allocation Failure) 365M->132M(404M) 0.954ms
[379.105s][info][gc,cpu         ] GC(1008) User=0.00s Sys=0.00s Real=0.00s
[380.069s][info][gc,start       ] GC(1009) Pause Young (Allocation Failure)
[380.071s][info][gc,heap        ] GC(1009) PSYoungGen: 229440K(239104K)->64K(221184K) Eden: 229376K(229376K)->0K(220672K) From: 64K(9728K)->64K(512K)
[380.071s][info][gc,heap        ] GC(1009) ParOldGen: 135884K(175104K)->135892K(175104K)
[380.071s][info][gc,metaspace   ] GC(1009) Metaspace: 35393K(36096K)->35393K(36096K) NonClass: 29121K(29632K)->29121K(29632K) Class: 6271K(6464K)->6271K(6464K)
[380.071s][info][gc             ] GC(1009) Pause Young (Allocation Failure) 356M->132M(387M) 1.982ms
[380.071s][info][gc,cpu         ] GC(1009) User=0.00s Sys=0.00s Real=0.00s
[380.268s][info][gc,start       ] GC(1010) Pause Young (Allocation Failure)
[380.270s][info][gc,heap        ] GC(1010) PSYoungGen: 220736K(221184K)->64K(220672K) Eden: 220672K(220672K)->0K(212480K) From: 64K(512K)->64K(8192K)
[380.270s][info][gc,heap        ] GC(1010) ParOldGen: 135892K(175104K)->135908K(175104K)
[380.270s][info][gc,metaspace   ] GC(1010) Metaspace: 35393K(36096K)->35393K(36096K) NonClass: 29121K(29632K)->29121K(29632K) Class: 6271K(6464K)->6271K(6464K)
[380.270s][info][gc             ] GC(1010) Pause Young (Allocation Failure) 348M->132M(386M) 1.374ms
[380.270s][info][gc,cpu         ] GC(1010) User=0.00s Sys=0.00s Real=0.00s
[380.583s][info][gc,start       ] GC(1011) Pause Young (Allocation Failure)
[380.586s][info][gc,heap        ] GC(1011) PSYoungGen: 212544K(220672K)->64K(205312K) Eden: 212480K(212480K)->0K(204800K) From: 64K(8192K)->64K(512K)
[380.586s][info][gc,heap        ] GC(1011) ParOldGen: 135908K(175104K)->135916K(175104K)
[380.586s][info][gc,metaspace   ] GC(1011) Metaspace: 35393K(36096K)->35393K(36096K) NonClass: 29121K(29632K)->29121K(29632K) Class: 6271K(6464K)->6271K(6464K)
[380.586s][info][gc             ] GC(1011) Pause Young (Allocation Failure) 340M->132M(371M) 2.293ms
[380.586s][info][gc,cpu         ] GC(1011) User=0.00s Sys=0.00s Real=0.01s
[380.721s][info][gc,start       ] GC(1012) Pause Young (Allocation Failure)
[380.722s][info][gc,heap        ] GC(1012) PSYoungGen: 204864K(205312K)->64K(204288K) Eden: 204800K(204800K)->0K(197120K) From: 64K(512K)->64K(7168K)
[380.722s][info][gc,heap        ] GC(1012) ParOldGen: 135916K(175104K)->135932K(175104K)
[380.722s][info][gc,metaspace   ] GC(1012) Metaspace: 35393K(36096K)->35393K(36096K) NonClass: 29121K(29632K)->29121K(29632K) Class: 6271K(6464K)->6271K(6464K)
[380.722s][info][gc             ] GC(1012) Pause Young (Allocation Failure) 332M->132M(370M) 1.378ms
[380.723s][info][gc,cpu         ] GC(1012) User=0.00s Sys=0.00s Real=0.00s
[380.797s][info][gc,start       ] GC(1013) Pause Young (Allocation Failure)
[380.799s][info][gc,heap        ] GC(1013) PSYoungGen: 197184K(204288K)->64K(190464K) Eden: 197120K(197120K)->0K(189952K) From: 64K(7168K)->64K(512K)
[380.799s][info][gc,heap        ] GC(1013) ParOldGen: 135932K(175104K)->135948K(175104K)
[380.799s][info][gc,metaspace   ] GC(1013) Metaspace: 35393K(36096K)->35393K(36096K) NonClass: 29121K(29632K)->29121K(29632K) Class: 6271K(6464K)->6271K(6464K)
[380.799s][info][gc             ] GC(1013) Pause Young (Allocation Failure) 325M->132M(357M) 1.996ms
[380.799s][info][gc,cpu         ] GC(1013) User=0.00s Sys=0.00s Real=0.00s
[381.251s][info][gc,start       ] GC(1014) Pause Young (Allocation Failure)
[381.252s][info][gc,heap        ] GC(1014) PSYoungGen: 190016K(190464K)->64K(189440K) Eden: 189952K(189952K)->0K(183296K) From: 64K(512K)->64K(6144K)
[381.252s][info][gc,heap        ] GC(1014) ParOldGen: 135948K(175104K)->135964K(175104K)
[381.252s][info][gc,metaspace   ] GC(1014) Metaspace: 35393K(36096K)->35393K(36096K) NonClass: 29121K(29632K)->29121K(29632K) Class: 6271K(6464K)->6271K(6464K)
[381.252s][info][gc             ] GC(1014) Pause Young (Allocation Failure) 318M->132M(356M) 1.443ms
[381.252s][info][gc,cpu         ] GC(1014) User=0.00s Sys=0.00s Real=0.00s
[381.469s][info][gc,start       ] GC(1015) Pause Young (Allocation Failure)
[381.471s][info][gc,heap        ] GC(1015) PSYoungGen: 183360K(189440K)->32K(177152K) Eden: 183296K(183296K)->0K(176640K) From: 64K(6144K)->32K(512K)
[381.471s][info][gc,heap        ] GC(1015) ParOldGen: 135964K(175104K)->135972K(175104K)
[381.471s][info][gc,metaspace   ] GC(1015) Metaspace: 35393K(36096K)->35393K(36096K) NonClass: 29121K(29632K)->29121K(29632K) Class: 6271K(6464K)->6271K(6464K)
[381.471s][info][gc             ] GC(1015) Pause Young (Allocation Failure) 311M->132M(344M) 1.895ms
[381.471s][info][gc,cpu         ] GC(1015) User=0.00s Sys=0.00s Real=0.00s
[381.754s][info][gc,start       ] GC(1016) Pause Young (Allocation Failure)
[381.755s][info][gc,heap        ] GC(1016) PSYoungGen: 176672K(177152K)->64K(176128K) Eden: 176640K(176640K)->0K(170496K) From: 32K(512K)->64K(5632K)
[381.755s][info][gc,heap        ] GC(1016) ParOldGen: 135972K(175104K)->135980K(175104K)
[381.755s][info][gc,metaspace   ] GC(1016) Metaspace: 35393K(36096K)->35393K(36096K) NonClass: 29121K(29632K)->29121K(29632K) Class: 6271K(6464K)->6271K(6464K)
[381.755s][info][gc             ] GC(1016) Pause Young (Allocation Failure) 305M->132M(343M) 0.893ms
[381.755s][info][gc,cpu         ] GC(1016) User=0.01s Sys=0.00s Real=0.00s
[381.976s][info][gc,start       ] GC(1017) Pause Young (Allocation Failure)
[382.001s][info][gc,heap        ] GC(1017) PSYoungGen: 170560K(176128K)->5120K(208896K) Eden: 170496K(170496K)->0K(203776K) From: 64K(5632K)->5120K(5120K)
[382.001s][info][gc,heap        ] GC(1017) ParOldGen: 135980K(175104K)->146164K(175104K)
[382.001s][info][gc,metaspace   ] GC(1017) Metaspace: 35393K(36096K)->35393K(36096K) NonClass: 29121K(29632K)->29121K(29632K) Class: 6271K(6464K)->6271K(6464K)
[382.001s][info][gc             ] GC(1017) Pause Young (Allocation Failure) 299M->147M(375M) 25.168ms
[382.001s][info][gc,cpu         ] GC(1017) User=0.04s Sys=0.00s Real=0.02s
[382.211s][info][gc,start       ] GC(1018) Pause Young (Allocation Failure)
[382.249s][info][gc,heap        ] GC(1018) PSYoungGen: 208896K(208896K)->10240K(246272K) Eden: 203776K(203776K)->0K(236032K) From: 5120K(5120K)->10240K(10240K)
[382.249s][info][gc,heap        ] GC(1018) ParOldGen: 146164K(175104K)->157804K(175104K)
[382.249s][info][gc,metaspace   ] GC(1018) Metaspace: 35393K(36096K)->35393K(36096K) NonClass: 29121K(29632K)->29121K(29632K) Class: 6271K(6464K)->6271K(6464K)
[382.249s][info][gc             ] GC(1018) Pause Young (Allocation Failure) 346M->164M(411M) 37.780ms
[382.249s][info][gc,cpu         ] GC(1018) User=0.07s Sys=0.00s Real=0.04s
[382.492s][info][gc,start       ] GC(1019) Pause Young (Allocation Failure)
[382.544s][info][gc,heap        ] GC(1019) PSYoungGen: 246272K(246272K)->16896K(254464K) Eden: 236032K(236032K)->0K(237568K) From: 10240K(10240K)->16896K(16896K)
[382.544s][info][gc,heap        ] GC(1019) ParOldGen: 157804K(175104K)->166204K(175104K)
[382.544s][info][gc,metaspace   ] GC(1019) Metaspace: 35393K(36096K)->35393K(36096K) NonClass: 29121K(29632K)->29121K(29632K) Class: 6271K(6464K)->6271K(6464K)
[382.544s][info][gc             ] GC(1019) Pause Young (Allocation Failure) 394M->178M(419M) 51.298ms
[382.544s][info][gc,cpu         ] GC(1019) User=0.08s Sys=0.02s Real=0.05s
[382.657s][info][gc,start       ] GC(1020) Pause Young (Allocation Failure)
[382.671s][info][gc,heap        ] GC(1020) PSYoungGen: 254464K(254464K)->7296K(261120K) Eden: 237568K(237568K)->0K(237568K) From: 16896K(16896K)->7296K(23552K)
[382.671s][info][gc,heap        ] GC(1020) ParOldGen: 166204K(175104K)->166508K(175104K)
[382.671s][info][gc,metaspace   ] GC(1020) Metaspace: 35393K(36096K)->35393K(36096K) NonClass: 29121K(29632K)->29121K(29632K) Class: 6271K(6464K)->6271K(6464K)
[382.671s][info][gc             ] GC(1020) Pause Young (Allocation Failure) 410M->169M(426M) 13.290ms
[382.671s][info][gc,cpu         ] GC(1020) User=0.02s Sys=0.00s Real=0.01s
[382.935s][info][gc,start       ] GC(1021) Pause Young (Allocation Failure)
[382.935s][info][gc,heap        ] GC(1021) PSYoungGen: 244864K(261120K)->64K(305664K) Eden: 237568K(237568K)->0K(284672K) From: 7296K(23552K)->64K(20992K)
[382.935s][info][gc,heap        ] GC(1021) ParOldGen: 166508K(175104K)->166516K(175104K)
[382.935s][info][gc,metaspace   ] GC(1021) Metaspace: 35393K(36096K)->35393K(36096K) NonClass: 29121K(29632K)->29121K(29632K) Class: 6271K(6464K)->6271K(6464K)
[382.936s][info][gc             ] GC(1021) Pause Young (Allocation Failure) 401M->162M(469M) 1.003ms
[382.936s][info][gc,cpu         ] GC(1021) User=0.00s Sys=0.00s Real=0.01s
[383.617s][info][gc,start       ] GC(1022) Pause Young (Allocation Failure)
[383.618s][info][gc,heap        ] GC(1022) PSYoungGen: 284736K(305664K)->64K(306176K) Eden: 284672K(284672K)->0K(284672K) From: 64K(20992K)->64K(21504K)
[383.618s][info][gc,heap        ] GC(1022) ParOldGen: 166516K(175104K)->166524K(175104K)
[383.618s][info][gc,metaspace   ] GC(1022) Metaspace: 35393K(36096K)->35393K(36096K) NonClass: 29121K(29632K)->29121K(29632K) Class: 6271K(6464K)->6271K(6464K)
[383.618s][info][gc             ] GC(1022) Pause Young (Allocation Failure) 440M->162M(470M) 1.088ms
[383.618s][info][gc,cpu         ] GC(1022) User=0.01s Sys=0.00s Real=0.00s
[383.893s][info][gc,start       ] GC(1023) Pause Young (Allocation Failure)
[383.894s][info][gc,heap        ] GC(1023) PSYoungGen: 284736K(306176K)->64K(310272K) Eden: 284672K(284672K)->0K(291328K) From: 64K(21504K)->64K(18944K)
[383.894s][info][gc,heap        ] GC(1023) ParOldGen: 166524K(175104K)->166540K(175104K)
[383.894s][info][gc,metaspace   ] GC(1023) Metaspace: 35393K(36096K)->35393K(36096K) NonClass: 29121K(29632K)->29121K(29632K) Class: 6271K(6464K)->6271K(6464K)
[383.894s][info][gc             ] GC(1023) Pause Young (Allocation Failure) 440M->162M(474M) 1.649ms
[383.894s][info][gc,cpu         ] GC(1023) User=0.00s Sys=0.00s Real=0.00s
[384.320s][info][gc,start       ] GC(1024) Pause Young (Allocation Failure)
[384.321s][info][gc,heap        ] GC(1024) PSYoungGen: 291392K(310272K)->64K(311296K) Eden: 291328K(291328K)->0K(291328K) From: 64K(18944K)->64K(19968K)
[384.322s][info][gc,heap        ] GC(1024) ParOldGen: 166540K(175104K)->166556K(175104K)
[384.322s][info][gc,metaspace   ] GC(1024) Metaspace: 35393K(36096K)->35393K(36096K) NonClass: 29121K(29632K)->29121K(29632K) Class: 6271K(6464K)->6271K(6464K)
[384.322s][info][gc             ] GC(1024) Pause Young (Allocation Failure) 447M->162M(475M) 1.670ms
[384.322s][info][gc,cpu         ] GC(1024) User=0.00s Sys=0.00s Real=0.00s
[384.544s][info][gc,start       ] GC(1025) Pause Young (Allocation Failure)
[384.546s][info][gc,heap        ] GC(1025) PSYoungGen: 291392K(311296K)->32K(311296K) Eden: 291328K(291328K)->0K(294400K) From: 64K(19968K)->32K(16896K)
[384.546s][info][gc,heap        ] GC(1025) ParOldGen: 166556K(175104K)->166572K(175104K)
[384.546s][info][gc,metaspace   ] GC(1025) Metaspace: 35393K(36096K)->35393K(36096K) NonClass: 29121K(29632K)->29121K(29632K) Class: 6271K(6464K)->6271K(6464K)
[384.546s][info][gc             ] GC(1025) Pause Young (Allocation Failure) 447M->162M(475M) 1.680ms
[384.546s][info][gc,cpu         ] GC(1025) User=0.00s Sys=0.00s Real=0.01s
[384.891s][info][gc,start       ] GC(1026) Pause Young (Allocation Failure)
[384.892s][info][gc,heap        ] GC(1026) PSYoungGen: 294432K(311296K)->64K(312832K) Eden: 294400K(294400K)->0K(294400K) From: 32K(16896K)->64K(18432K)
[384.892s][info][gc,heap        ] GC(1026) ParOldGen: 166572K(175104K)->166572K(175104K)
[384.892s][info][gc,metaspace   ] GC(1026) Metaspace: 35393K(36096K)->35393K(36096K) NonClass: 29121K(29632K)->29121K(29632K) Class: 6271K(6464K)->6271K(6464K)
[384.892s][info][gc             ] GC(1026) Pause Young (Allocation Failure) 450M->162M(476M) 1.669ms
[384.892s][info][gc,cpu         ] GC(1026) User=0.00s Sys=0.00s Real=0.00s
[385.046s][info][gc,start       ] GC(1027) Pause Young (Allocation Failure)
[385.047s][info][gc,heap        ] GC(1027) PSYoungGen: 294464K(312832K)->64K(312832K) Eden: 294400K(294400K)->0K(297472K) From: 64K(18432K)->64K(15360K)
[385.047s][info][gc,heap        ] GC(1027) ParOldGen: 166572K(175104K)->166580K(175104K)
[385.047s][info][gc,metaspace   ] GC(1027) Metaspace: 35393K(36096K)->35393K(36096K) NonClass: 29121K(29632K)->29121K(29632K) Class: 6271K(6464K)->6271K(6464K)
[385.047s][info][gc             ] GC(1027) Pause Young (Allocation Failure) 450M->162M(476M) 1.640ms
[385.047s][info][gc,cpu         ] GC(1027) User=0.00s Sys=0.01s Real=0.00s
[385.105s][info][gc,start       ] GC(1028) Pause Young (Allocation Failure)
[385.107s][info][gc,heap        ] GC(1028) PSYoungGen: 297536K(312832K)->32K(314368K) Eden: 297472K(297472K)->0K(297472K) From: 64K(15360K)->32K(16896K)
[385.107s][info][gc,heap        ] GC(1028) ParOldGen: 166580K(175104K)->166596K(175104K)
[385.107s][info][gc,metaspace   ] GC(1028) Metaspace: 35393K(36096K)->35393K(36096K) NonClass: 29121K(29632K)->29121K(29632K) Class: 6271K(6464K)->6271K(6464K)
[385.107s][info][gc             ] GC(1028) Pause Young (Allocation Failure) 453M->162M(478M) 1.557ms
[385.107s][info][gc,cpu         ] GC(1028) User=0.00s Sys=0.00s Real=0.00s
[385.265s][info][gc,start       ] GC(1029) Pause Young (Allocation Failure)
[385.266s][info][gc,heap        ] GC(1029) PSYoungGen: 297504K(314368K)->64K(315392K) Eden: 297472K(297472K)->0K(301056K) From: 32K(16896K)->64K(14336K)
[385.266s][info][gc,heap        ] GC(1029) ParOldGen: 166596K(175104K)->166596K(175104K)
[385.266s][info][gc,metaspace   ] GC(1029) Metaspace: 35393K(36096K)->35393K(36096K) NonClass: 29121K(29632K)->29121K(29632K) Class: 6271K(6464K)->6271K(6464K)
[385.266s][info][gc             ] GC(1029) Pause Young (Allocation Failure) 453M->162M(479M) 1.634ms
[385.266s][info][gc,cpu         ] GC(1029) User=0.00s Sys=0.00s Real=0.01s
[385.625s][info][gc,start       ] GC(1030) Pause Young (Allocation Failure)
[385.627s][info][gc,heap        ] GC(1030) PSYoungGen: 301120K(315392K)->64K(316416K) Eden: 301056K(301056K)->0K(301056K) From: 64K(14336K)->64K(15360K)
[385.627s][info][gc,heap        ] GC(1030) ParOldGen: 166596K(175104K)->166612K(175104K)
[385.627s][info][gc,metaspace   ] GC(1030) Metaspace: 35393K(36096K)->35393K(36096K) NonClass: 29121K(29632K)->29121K(29632K) Class: 6271K(6464K)->6271K(6464K)
[385.627s][info][gc             ] GC(1030) Pause Young (Allocation Failure) 456M->162M(480M) 1.613ms
[385.627s][info][gc,cpu         ] GC(1030) User=0.00s Sys=0.00s Real=0.00s
[385.802s][info][gc,start       ] GC(1031) Pause Young (Allocation Failure)
[385.804s][info][gc,heap        ] GC(1031) PSYoungGen: 301120K(316416K)->64K(316416K) Eden: 301056K(301056K)->0K(304128K) From: 64K(15360K)->64K(12288K)
[385.804s][info][gc,heap        ] GC(1031) ParOldGen: 166612K(175104K)->166620K(175104K)
[385.804s][info][gc,metaspace   ] GC(1031) Metaspace: 35393K(36096K)->35393K(36096K) NonClass: 29121K(29632K)->29121K(29632K) Class: 6271K(6464K)->6271K(6464K)
[385.804s][info][gc             ] GC(1031) Pause Young (Allocation Failure) 456M->162M(480M) 1.665ms
[385.804s][info][gc,cpu         ] GC(1031) User=0.00s Sys=0.00s Real=0.00s
[385.889s][info][gc,start       ] GC(1032) Pause Young (Allocation Failure)
[385.891s][info][gc,heap        ] GC(1032) PSYoungGen: 304192K(316416K)->32K(317440K) Eden: 304128K(304128K)->0K(304128K) From: 64K(12288K)->32K(13312K)
[385.891s][info][gc,heap        ] GC(1032) ParOldGen: 166620K(175104K)->166636K(175104K)
[385.891s][info][gc,metaspace   ] GC(1032) Metaspace: 35393K(36096K)->35393K(36096K) NonClass: 29121K(29632K)->29121K(29632K) Class: 6271K(6464K)->6271K(6464K)
[385.891s][info][gc             ] GC(1032) Pause Young (Allocation Failure) 459M->162M(481M) 1.616ms
[385.891s][info][gc,cpu         ] GC(1032) User=0.00s Sys=0.00s Real=0.00s
[386.068s][info][gc,start       ] GC(1033) Pause Young (Allocation Failure)
[386.070s][info][gc,heap        ] GC(1033) PSYoungGen: 304160K(317440K)->64K(317952K) Eden: 304128K(304128K)->0K(307712K) From: 32K(13312K)->64K(10240K)
[386.070s][info][gc,heap        ] GC(1033) ParOldGen: 166636K(175104K)->166636K(175104K)
[386.070s][info][gc,metaspace   ] GC(1033) Metaspace: 35393K(36096K)->35393K(36096K) NonClass: 29121K(29632K)->29121K(29632K) Class: 6271K(6464K)->6271K(6464K)
[386.070s][info][gc             ] GC(1033) Pause Young (Allocation Failure) 459M->162M(481M) 1.615ms
[386.070s][info][gc,cpu         ] GC(1033) User=0.00s Sys=0.01s Real=0.00s
[386.511s][info][gc,start       ] GC(1034) Pause Young (Allocation Failure)
[386.512s][info][gc,heap        ] GC(1034) PSYoungGen: 307776K(317952K)->64K(319488K) Eden: 307712K(307712K)->0K(307712K) From: 64K(10240K)->64K(11776K)
[386.512s][info][gc,heap        ] GC(1034) ParOldGen: 166636K(175104K)->166652K(175104K)
[386.512s][info][gc,metaspace   ] GC(1034) Metaspace: 35393K(36096K)->35393K(36096K) NonClass: 29121K(29632K)->29121K(29632K) Class: 6271K(6464K)->6271K(6464K)
[386.512s][info][gc             ] GC(1034) Pause Young (Allocation Failure) 463M->162M(483M) 1.656ms
[386.512s][info][gc,cpu         ] GC(1034) User=0.00s Sys=0.00s Real=0.00s
[387.949s][info][gc,start       ] GC(1035) Pause Young (Allocation Failure)
[387.951s][info][gc,heap        ] GC(1035) PSYoungGen: 307776K(319488K)->32K(295936K) Eden: 307712K(307712K)->0K(295424K) From: 64K(11776K)->32K(512K)
[387.951s][info][gc,heap        ] GC(1035) ParOldGen: 166652K(175104K)->166660K(175104K)
[387.951s][info][gc,metaspace   ] GC(1035) Metaspace: 35393K(36096K)->35393K(36096K) NonClass: 29121K(29632K)->29121K(29632K) Class: 6271K(6464K)->6271K(6464K)
[387.951s][info][gc             ] GC(1035) Pause Young (Allocation Failure) 463M->162M(460M) 1.455ms
[387.951s][info][gc,cpu         ] GC(1035) User=0.00s Sys=0.00s Real=0.00s
[388.175s][info][gc,start       ] GC(1036) Pause Young (Allocation Failure)
[388.177s][info][gc,heap        ] GC(1036) PSYoungGen: 295456K(295936K)->64K(294400K) Eden: 295424K(295424K)->0K(283648K) From: 32K(512K)->64K(10752K)
[388.177s][info][gc,heap        ] GC(1036) ParOldGen: 166660K(175104K)->166676K(175104K)
[388.177s][info][gc,metaspace   ] GC(1036) Metaspace: 35393K(36096K)->35393K(36096K) NonClass: 29121K(29632K)->29121K(29632K) Class: 6271K(6464K)->6271K(6464K)
[388.177s][info][gc             ] GC(1036) Pause Young (Allocation Failure) 451M->162M(458M) 1.528ms
[388.177s][info][gc,cpu         ] GC(1036) User=0.01s Sys=0.00s Real=0.00s
[388.604s][info][gc,start       ] GC(1037) Pause Young (Allocation Failure)
[388.605s][info][gc,heap        ] GC(1037) PSYoungGen: 283712K(294400K)->64K(272896K) Eden: 283648K(283648K)->0K(272384K) From: 64K(10752K)->64K(512K)
[388.605s][info][gc,heap        ] GC(1037) ParOldGen: 166676K(175104K)->166692K(175104K)
[388.605s][info][gc,metaspace   ] GC(1037) Metaspace: 35393K(36096K)->35393K(36096K) NonClass: 29121K(29632K)->29121K(29632K) Class: 6271K(6464K)->6271K(6464K)
[388.606s][info][gc             ] GC(1037) Pause Young (Allocation Failure) 439M->162M(437M) 1.733ms
[388.606s][info][gc,cpu         ] GC(1037) User=0.00s Sys=0.00s Real=0.01s
[389.604s][info][gc,start       ] GC(1038) Pause Young (Allocation Failure)
[389.606s][info][gc,heap        ] GC(1038) PSYoungGen: 272448K(272896K)->32K(270848K) Eden: 272384K(272384K)->0K(261632K) From: 64K(512K)->32K(9216K)
[389.606s][info][gc,heap        ] GC(1038) ParOldGen: 166692K(175104K)->166700K(175104K)
[389.606s][info][gc,metaspace   ] GC(1038) Metaspace: 35393K(36096K)->35393K(36096K) NonClass: 29121K(29632K)->29121K(29632K) Class: 6271K(6464K)->6271K(6464K)
[389.606s][info][gc             ] GC(1038) Pause Young (Allocation Failure) 428M->162M(435M) 1.591ms
[389.606s][info][gc,cpu         ] GC(1038) User=0.00s Sys=0.00s Real=0.01s
[389.987s][info][gc,start       ] GC(1039) Pause Young (Allocation Failure)
[389.989s][info][gc,heap        ] GC(1039) PSYoungGen: 261664K(270848K)->64K(251904K) Eden: 261632K(261632K)->0K(251392K) From: 32K(9216K)->64K(512K)
[389.989s][info][gc,heap        ] GC(1039) ParOldGen: 166700K(175104K)->166716K(175104K)
[389.989s][info][gc,metaspace   ] GC(1039) Metaspace: 35393K(36096K)->35393K(36096K) NonClass: 29121K(29632K)->29121K(29632K) Class: 6271K(6464K)->6271K(6464K)
[389.989s][info][gc             ] GC(1039) Pause Young (Allocation Failure) 418M->162M(417M) 1.816ms
[389.989s][info][gc,cpu         ] GC(1039) User=0.00s Sys=0.00s Real=0.00s
[390.158s][info][gc,start       ] GC(1040) Pause Young (Allocation Failure)
[390.159s][info][gc,heap        ] GC(1040) PSYoungGen: 251456K(251904K)->64K(249856K) Eden: 251392K(251392K)->0K(241664K) From: 64K(512K)->64K(8192K)
[390.159s][info][gc,heap        ] GC(1040) ParOldGen: 166716K(175104K)->166732K(175104K)
[390.159s][info][gc,metaspace   ] GC(1040) Metaspace: 35393K(36096K)->35393K(36096K) NonClass: 29121K(29632K)->29121K(29632K) Class: 6271K(6464K)->6271K(6464K)
[390.159s][info][gc             ] GC(1040) Pause Young (Allocation Failure) 408M->162M(415M) 1.586ms
[390.159s][info][gc,cpu         ] GC(1040) User=0.00s Sys=0.00s Real=0.00s
[390.297s][info][gc,start       ] GC(1041) Pause Young (Allocation Failure)
[390.299s][info][gc,heap        ] GC(1041) PSYoungGen: 241728K(249856K)->64K(232960K) Eden: 241664K(241664K)->0K(232448K) From: 64K(8192K)->64K(512K)
[390.299s][info][gc,heap        ] GC(1041) ParOldGen: 166732K(175104K)->166748K(175104K)
[390.299s][info][gc,metaspace   ] GC(1041) Metaspace: 35393K(36096K)->35393K(36096K) NonClass: 29121K(29632K)->29121K(29632K) Class: 6271K(6464K)->6271K(6464K)
[390.299s][info][gc             ] GC(1041) Pause Young (Allocation Failure) 398M->162M(398M) 2.155ms
[390.299s][info][gc,cpu         ] GC(1041) User=0.00s Sys=0.00s Real=0.00s
[390.876s][info][gc,start       ] GC(1042) Pause Young (Allocation Failure)
[390.878s][info][gc,heap        ] GC(1042) PSYoungGen: 232512K(232960K)->32K(230912K) Eden: 232448K(232448K)->0K(223744K) From: 64K(512K)->32K(7168K)
[390.878s][info][gc,heap        ] GC(1042) ParOldGen: 166748K(175104K)->166756K(175104K)
[390.878s][info][gc,metaspace   ] GC(1042) Metaspace: 35393K(36096K)->35393K(36096K) NonClass: 29121K(29632K)->29121K(29632K) Class: 6271K(6464K)->6271K(6464K)
[390.878s][info][gc             ] GC(1042) Pause Young (Allocation Failure) 389M->162M(396M) 1.586ms
[390.878s][info][gc,cpu         ] GC(1042) User=0.00s Sys=0.00s Real=0.00s
[391.098s][info][gc,start       ] GC(1043) Pause Young (Allocation Failure)
[391.100s][info][gc,heap        ] GC(1043) PSYoungGen: 223776K(230912K)->64K(216064K) Eden: 223744K(223744K)->0K(215552K) From: 32K(7168K)->64K(512K)
[391.100s][info][gc,heap        ] GC(1043) ParOldGen: 166756K(175104K)->166764K(175104K)
[391.100s][info][gc,metaspace   ] GC(1043) Metaspace: 35393K(36096K)->35393K(36096K) NonClass: 29121K(29632K)->29121K(29632K) Class: 6271K(6464K)->6271K(6464K)
[391.100s][info][gc             ] GC(1043) Pause Young (Allocation Failure) 381M->162M(382M) 2.287ms
[391.100s][info][gc,cpu         ] GC(1043) User=0.00s Sys=0.00s Real=0.00s
[391.406s][info][gc,start       ] GC(1044) Pause Young (Allocation Failure)
[391.432s][info][gc,heap        ] GC(1044) PSYoungGen: 215616K(216064K)->6144K(263680K) Eden: 215552K(215552K)->0K(257536K) From: 64K(512K)->6144K(6144K)
[391.432s][info][gc,heap        ] GC(1044) ParOldGen: 166764K(175104K)->175404K(175616K)
[391.432s][info][gc,metaspace   ] GC(1044) Metaspace: 35393K(36096K)->35393K(36096K) NonClass: 29121K(29632K)->29121K(29632K) Class: 6271K(6464K)->6271K(6464K)
[391.432s][info][gc             ] GC(1044) Pause Young (Allocation Failure) 373M->177M(429M) 26.211ms
[391.432s][info][gc,cpu         ] GC(1044) User=0.04s Sys=0.00s Real=0.02s
[391.696s][info][gc,start       ] GC(1045) Pause Young (Allocation Failure)
[391.754s][info][gc,heap        ] GC(1045) PSYoungGen: 263680K(263680K)->6144K(272896K) Eden: 257536K(257536K)->0K(266752K) From: 6144K(6144K)->6144K(6144K)
[391.754s][info][gc,heap        ] GC(1045) ParOldGen: 175404K(175616K)->196764K(197120K)
[391.754s][info][gc,metaspace   ] GC(1045) Metaspace: 35393K(36096K)->35393K(36096K) NonClass: 29121K(29632K)->29121K(29632K) Class: 6271K(6464K)->6271K(6464K)
[391.755s][info][gc             ] GC(1045) Pause Young (Allocation Failure) 428M->198M(459M) 58.841ms
[391.755s][info][gc,cpu         ] GC(1045) User=0.10s Sys=0.02s Real=0.05s
[392.020s][info][gc,start       ] GC(1046) Pause Young (Allocation Failure)
[392.071s][info][gc,heap        ] GC(1046) PSYoungGen: 272896K(272896K)->19456K(286208K) Eden: 266752K(266752K)->0K(266752K) From: 6144K(6144K)->19456K(19456K)
[392.071s][info][gc,heap        ] GC(1046) ParOldGen: 196764K(197120K)->205100K(205312K)
[392.071s][info][gc,metaspace   ] GC(1046) Metaspace: 35393K(36096K)->35393K(36096K) NonClass: 29121K(29632K)->29121K(29632K) Class: 6271K(6464K)->6271K(6464K)
[392.071s][info][gc             ] GC(1046) Pause Young (Allocation Failure) 458M->219M(480M) 51.571ms
[392.071s][info][gc,cpu         ] GC(1046) User=0.10s Sys=0.01s Real=0.05s
[392.152s][info][gc,start       ] GC(1047) Pause Young (Allocation Failure)
[392.156s][info][gc,heap        ] GC(1047) PSYoungGen: 286208K(286208K)->64K(308224K) Eden: 266752K(266752K)->0K(281600K) From: 19456K(19456K)->64K(26624K)
[392.156s][info][gc,heap        ] GC(1047) ParOldGen: 205100K(205312K)->205388K(205824K)
[392.156s][info][gc,metaspace   ] GC(1047) Metaspace: 35393K(36096K)->35393K(36096K) NonClass: 29121K(29632K)->29121K(29632K) Class: 6271K(6464K)->6271K(6464K)
[392.156s][info][gc             ] GC(1047) Pause Young (Allocation Failure) 479M->200M(502M) 3.313ms
[392.156s][info][gc,cpu         ] GC(1047) User=0.01s Sys=0.00s Real=0.01s
[392.763s][info][gc,start       ] GC(1048) Pause Young (Allocation Failure)
[392.764s][info][gc,heap        ] GC(1048) PSYoungGen: 281664K(308224K)->64K(282112K) Eden: 281600K(281600K)->0K(281600K) From: 64K(26624K)->64K(512K)
[392.764s][info][gc,heap        ] GC(1048) ParOldGen: 205388K(205824K)->205396K(205824K)
[392.764s][info][gc,metaspace   ] GC(1048) Metaspace: 35393K(36096K)->35393K(36096K) NonClass: 29121K(29632K)->29121K(29632K) Class: 6271K(6464K)->6271K(6464K)
[392.764s][info][gc             ] GC(1048) Pause Young (Allocation Failure) 475M->200M(476M) 1.064ms
[392.764s][info][gc,cpu         ] GC(1048) User=0.00s Sys=0.00s Real=0.00s
[393.204s][info][gc,start       ] GC(1049) Pause Young (Allocation Failure)
[393.205s][info][gc,heap        ] GC(1049) PSYoungGen: 281664K(282112K)->64K(306688K) Eden: 281600K(281600K)->0K(282112K) From: 64K(512K)->64K(24576K)
[393.205s][info][gc,heap        ] GC(1049) ParOldGen: 205396K(205824K)->205404K(205824K)
[393.205s][info][gc,metaspace   ] GC(1049) Metaspace: 35393K(36096K)->35393K(36096K) NonClass: 29121K(29632K)->29121K(29632K) Class: 6271K(6464K)->6271K(6464K)
[393.205s][info][gc             ] GC(1049) Pause Young (Allocation Failure) 475M->200M(500M) 1.151ms
[393.205s][info][gc,cpu         ] GC(1049) User=0.00s Sys=0.00s Real=0.01s
[393.646s][info][gc,start       ] GC(1050) Pause Young (Allocation Failure)
[393.647s][info][gc,heap        ] GC(1050) PSYoungGen: 282176K(306688K)->64K(306176K) Eden: 282112K(282112K)->0K(282112K) From: 64K(24576K)->64K(24064K)
[393.647s][info][gc,heap        ] GC(1050) ParOldGen: 205404K(205824K)->205420K(205824K)
[393.647s][info][gc,metaspace   ] GC(1050) Metaspace: 35393K(36096K)->35393K(36096K) NonClass: 29121K(29632K)->29121K(29632K) Class: 6271K(6464K)->6271K(6464K)
[393.647s][info][gc             ] GC(1050) Pause Young (Allocation Failure) 476M->200M(500M) 1.140ms
[393.647s][info][gc,cpu         ] GC(1050) User=0.00s Sys=0.00s Real=0.00s
[393.862s][info][gc,start       ] GC(1051) Pause Young (Allocation Failure)
[393.863s][info][gc,heap        ] GC(1051) PSYoungGen: 282176K(306176K)->64K(308736K) Eden: 282112K(282112K)->0K(286208K) From: 64K(24064K)->64K(22528K)
[393.863s][info][gc,heap        ] GC(1051) ParOldGen: 205420K(205824K)->205436K(205824K)
[393.863s][info][gc,metaspace   ] GC(1051) Metaspace: 35393K(36096K)->35393K(36096K) NonClass: 29121K(29632K)->29121K(29632K) Class: 6271K(6464K)->6271K(6464K)
[393.863s][info][gc             ] GC(1051) Pause Young (Allocation Failure) 476M->200M(502M) 1.079ms
[393.863s][info][gc,cpu         ] GC(1051) User=0.00s Sys=0.00s Real=0.00s
[394.081s][info][gc,start       ] GC(1052) Pause Young (Allocation Failure)
[394.082s][info][gc,heap        ] GC(1052) PSYoungGen: 286272K(308736K)->64K(308224K) Eden: 286208K(286208K)->0K(286208K) From: 64K(22528K)->64K(22016K)
[394.082s][info][gc,heap        ] GC(1052) ParOldGen: 205436K(205824K)->205436K(205824K)
[394.082s][info][gc,metaspace   ] GC(1052) Metaspace: 35393K(36096K)->35393K(36096K) NonClass: 29121K(29632K)->29121K(29632K) Class: 6271K(6464K)->6271K(6464K)
[394.082s][info][gc             ] GC(1052) Pause Young (Allocation Failure) 480M->200M(502M) 1.061ms
[394.082s][info][gc,cpu         ] GC(1052) User=0.01s Sys=0.00s Real=0.00s
[394.456s][info][gc,start       ] GC(1053) Pause Young (Allocation Failure)
[394.457s][info][gc,heap        ] GC(1053) PSYoungGen: 286272K(308224K)->64K(310272K) Eden: 286208K(286208K)->0K(290816K) From: 64K(22016K)->64K(19456K)
[394.457s][info][gc,heap        ] GC(1053) ParOldGen: 205436K(205824K)->205436K(205824K)
[394.457s][info][gc,metaspace   ] GC(1053) Metaspace: 35393K(36096K)->35393K(36096K) NonClass: 29121K(29632K)->29121K(29632K) Class: 6271K(6464K)->6271K(6464K)
[394.457s][info][gc             ] GC(1053) Pause Young (Allocation Failure) 480M->200M(504M) 1.156ms
[394.458s][info][gc,cpu         ] GC(1053) User=0.00s Sys=0.00s Real=0.00s
[394.513s][info][gc,start       ] GC(1054) Pause Young (Allocation Failure)
[394.514s][info][gc,heap        ] GC(1054) PSYoungGen: 290880K(310272K)->64K(310272K) Eden: 290816K(290816K)->0K(290816K) From: 64K(19456K)->64K(19456K)
[394.514s][info][gc,heap        ] GC(1054) ParOldGen: 205436K(205824K)->205452K(205824K)
[394.514s][info][gc,metaspace   ] GC(1054) Metaspace: 35393K(36096K)->35393K(36096K) NonClass: 29121K(29632K)->29121K(29632K) Class: 6271K(6464K)->6271K(6464K)
[394.514s][info][gc             ] GC(1054) Pause Young (Allocation Failure) 484M->200M(504M) 1.195ms
[394.514s][info][gc,cpu         ] GC(1054) User=0.01s Sys=0.00s Real=0.00s
[394.568s][info][gc,start       ] GC(1055) Pause Young (Allocation Failure)
[394.569s][info][gc,heap        ] GC(1055) PSYoungGen: 290880K(310272K)->64K(313344K) Eden: 290816K(290816K)->0K(295936K) From: 64K(19456K)->64K(17408K)
[394.569s][info][gc,heap        ] GC(1055) ParOldGen: 205452K(205824K)->205452K(205824K)
[394.569s][info][gc,metaspace   ] GC(1055) Metaspace: 35393K(36096K)->35393K(36096K) NonClass: 29121K(29632K)->29121K(29632K) Class: 6271K(6464K)->6271K(6464K)
[394.570s][info][gc             ] GC(1055) Pause Young (Allocation Failure) 484M->200M(507M) 1.022ms
[394.570s][info][gc,cpu         ] GC(1055) User=0.00s Sys=0.00s Real=0.00s
[394.845s][info][gc,start       ] GC(1056) Pause Young (Allocation Failure)
[394.846s][info][gc,heap        ] GC(1056) PSYoungGen: 296000K(313344K)->64K(313344K) Eden: 295936K(295936K)->0K(295936K) From: 64K(17408K)->64K(17408K)
[394.846s][info][gc,heap        ] GC(1056) ParOldGen: 205452K(205824K)->205452K(205824K)
[394.846s][info][gc,metaspace   ] GC(1056) Metaspace: 35393K(36096K)->35393K(36096K) NonClass: 29121K(29632K)->29121K(29632K) Class: 6271K(6464K)->6271K(6464K)
[394.847s][info][gc             ] GC(1056) Pause Young (Allocation Failure) 489M->200M(507M) 1.183ms
[394.847s][info][gc,cpu         ] GC(1056) User=0.01s Sys=0.00s Real=0.00s
[395.144s][info][gc,start       ] GC(1057) Pause Young (Allocation Failure)
[395.145s][info][gc,heap        ] GC(1057) PSYoungGen: 296000K(313344K)->64K(315392K) Eden: 295936K(295936K)->0K(300032K) From: 64K(17408K)->64K(15360K)
[395.145s][info][gc,heap        ] GC(1057) ParOldGen: 205452K(205824K)->205460K(205824K)
[395.145s][info][gc,metaspace   ] GC(1057) Metaspace: 35393K(36096K)->35393K(36096K) NonClass: 29121K(29632K)->29121K(29632K) Class: 6271K(6464K)->6271K(6464K)
[395.145s][info][gc             ] GC(1057) Pause Young (Allocation Failure) 489M->200M(509M) 1.060ms
[395.145s][info][gc,cpu         ] GC(1057) User=0.01s Sys=0.00s Real=0.01s
[395.277s][info][gc,start       ] GC(1058) Pause Young (Allocation Failure)
[395.278s][info][gc,heap        ] GC(1058) PSYoungGen: 300096K(315392K)->64K(315392K) Eden: 300032K(300032K)->0K(300032K) From: 64K(15360K)->64K(15360K)
[395.278s][info][gc,heap        ] GC(1058) ParOldGen: 205460K(205824K)->205468K(205824K)
[395.278s][info][gc,metaspace   ] GC(1058) Metaspace: 35393K(36096K)->35393K(36096K) NonClass: 29121K(29632K)->29121K(29632K) Class: 6271K(6464K)->6271K(6464K)
[395.278s][info][gc             ] GC(1058) Pause Young (Allocation Failure) 493M->200M(509M) 1.061ms
[395.278s][info][gc,cpu         ] GC(1058) User=0.01s Sys=0.00s Real=0.00s
[395.373s][info][gc,start       ] GC(1059) Pause Young (Allocation Failure)
[395.374s][info][gc,heap        ] GC(1059) PSYoungGen: 300096K(315392K)->64K(316928K) Eden: 300032K(300032K)->0K(303616K) From: 64K(15360K)->64K(13312K)
[395.374s][info][gc,heap        ] GC(1059) ParOldGen: 205468K(205824K)->205476K(205824K)
[395.374s][info][gc,metaspace   ] GC(1059) Metaspace: 35393K(36096K)->35393K(36096K) NonClass: 29121K(29632K)->29121K(29632K) Class: 6271K(6464K)->6271K(6464K)
[395.374s][info][gc             ] GC(1059) Pause Young (Allocation Failure) 493M->200M(510M) 1.116ms
[395.374s][info][gc,cpu         ] GC(1059) User=0.00s Sys=0.00s Real=0.00s
[395.576s][info][gc,start       ] GC(1060) Pause Young (Allocation Failure)
[395.577s][info][gc,heap        ] GC(1060) PSYoungGen: 303680K(316928K)->64K(291840K) Eden: 303616K(303616K)->0K(291328K) From: 64K(13312K)->64K(512K)
[395.577s][info][gc,heap        ] GC(1060) ParOldGen: 205476K(205824K)->205484K(205824K)
[395.577s][info][gc,metaspace   ] GC(1060) Metaspace: 35393K(36096K)->35393K(36096K) NonClass: 29121K(29632K)->29121K(29632K) Class: 6271K(6464K)->6271K(6464K)
[395.577s][info][gc             ] GC(1060) Pause Young (Allocation Failure) 497M->200M(486M) 1.061ms
[395.577s][info][gc,cpu         ] GC(1060) User=0.00s Sys=0.01s Real=0.00s
[396.530s][info][gc,start       ] GC(1061) Pause Young (Allocation Failure)
[396.531s][info][gc,heap        ] GC(1061) PSYoungGen: 291392K(291840K)->83K(280064K) Eden: 291328K(291328K)->0K(279552K) From: 64K(512K)->83K(512K)
[396.531s][info][gc,heap        ] GC(1061) ParOldGen: 205484K(205824K)->205492K(205824K)
[396.531s][info][gc,metaspace   ] GC(1061) Metaspace: 35393K(36096K)->35393K(36096K) NonClass: 29121K(29632K)->29121K(29632K) Class: 6271K(6464K)->6271K(6464K)
[396.531s][info][gc             ] GC(1061) Pause Young (Allocation Failure) 485M->200M(474M) 1.153ms
[396.531s][info][gc,cpu         ] GC(1061) User=0.00s Sys=0.00s Real=0.00s
[397.421s][info][gc,start       ] GC(1062) Pause Young (Allocation Failure)
[397.422s][info][gc,heap        ] GC(1062) PSYoungGen: 279635K(280064K)->64K(280576K) Eden: 279552K(279552K)->0K(268800K) From: 83K(512K)->64K(11776K)
[397.422s][info][gc,heap        ] GC(1062) ParOldGen: 205492K(205824K)->205500K(205824K)
[397.422s][info][gc,metaspace   ] GC(1062) Metaspace: 35393K(36096K)->35393K(36096K) NonClass: 29121K(29632K)->29121K(29632K) Class: 6271K(6464K)->6271K(6464K)
[397.423s][info][gc             ] GC(1062) Pause Young (Allocation Failure) 473M->200M(475M) 1.070ms
[397.423s][info][gc,cpu         ] GC(1062) User=0.00s Sys=0.00s Real=0.00s
[397.682s][info][gc,start       ] GC(1063) Pause Young (Allocation Failure)
[397.683s][info][gc,heap        ] GC(1063) PSYoungGen: 268864K(280576K)->64K(259072K) Eden: 268800K(268800K)->0K(258560K) From: 64K(11776K)->64K(512K)
[397.683s][info][gc,heap        ] GC(1063) ParOldGen: 205500K(205824K)->205508K(205824K)
[397.683s][info][gc,metaspace   ] GC(1063) Metaspace: 35393K(36096K)->35393K(36096K) NonClass: 29121K(29632K)->29121K(29632K) Class: 6271K(6464K)->6271K(6464K)
[397.684s][info][gc             ] GC(1063) Pause Young (Allocation Failure) 463M->200M(454M) 1.758ms
[397.684s][info][gc,cpu         ] GC(1063) User=0.00s Sys=0.00s Real=0.00s
[398.067s][info][gc,start       ] GC(1064) Pause Young (Allocation Failure)
[398.068s][info][gc,heap        ] GC(1064) PSYoungGen: 258624K(259072K)->64K(259072K) Eden: 258560K(258560K)->0K(248832K) From: 64K(512K)->64K(10240K)
[398.068s][info][gc,heap        ] GC(1064) ParOldGen: 205508K(205824K)->205516K(205824K)
[398.068s][info][gc,metaspace   ] GC(1064) Metaspace: 35393K(36096K)->35393K(36096K) NonClass: 29121K(29632K)->29121K(29632K) Class: 6271K(6464K)->6271K(6464K)
[398.068s][info][gc             ] GC(1064) Pause Young (Allocation Failure) 453M->200M(454M) 1.043ms
[398.068s][info][gc,cpu         ] GC(1064) User=0.00s Sys=0.00s Real=0.00s
[399.034s][info][gc,start       ] GC(1065) Pause Young (Allocation Failure)
[399.035s][info][gc,heap        ] GC(1065) PSYoungGen: 248896K(259072K)->64K(239616K) Eden: 248832K(248832K)->0K(239104K) From: 64K(10240K)->64K(512K)
[399.035s][info][gc,heap        ] GC(1065) ParOldGen: 205516K(205824K)->205524K(205824K)
[399.035s][info][gc,metaspace   ] GC(1065) Metaspace: 35393K(36096K)->35393K(36096K) NonClass: 29121K(29632K)->29121K(29632K) Class: 6271K(6464K)->6271K(6464K)
[399.036s][info][gc             ] GC(1065) Pause Young (Allocation Failure) 443M->200M(435M) 1.856ms
[399.036s][info][gc,cpu         ] GC(1065) User=0.00s Sys=0.00s Real=0.01s
[399.416s][info][gc,start       ] GC(1066) Pause Young (Allocation Failure)
[399.418s][info][gc,heap        ] GC(1066) PSYoungGen: 239168K(239616K)->64K(239104K) Eden: 239104K(239104K)->0K(229888K) From: 64K(512K)->64K(9216K)
[399.418s][info][gc,heap        ] GC(1066) ParOldGen: 205524K(205824K)->205540K(205824K)
[399.418s][info][gc,metaspace   ] GC(1066) Metaspace: 35393K(36096K)->35393K(36096K) NonClass: 29121K(29632K)->29121K(29632K) Class: 6271K(6464K)->6271K(6464K)
[399.418s][info][gc             ] GC(1066) Pause Young (Allocation Failure) 434M->200M(434M) 1.722ms
[399.418s][info][gc,cpu         ] GC(1066) User=0.01s Sys=0.00s Real=0.00s
[399.603s][info][gc,start       ] GC(1067) Pause Young (Allocation Failure)
[399.605s][info][gc,heap        ] GC(1067) PSYoungGen: 229952K(239104K)->64K(221696K) Eden: 229888K(229888K)->0K(221184K) From: 64K(9216K)->64K(512K)
[399.605s][info][gc,heap        ] GC(1067) ParOldGen: 205540K(205824K)->205556K(205824K)
[399.605s][info][gc,metaspace   ] GC(1067) Metaspace: 35393K(36096K)->35393K(36096K) NonClass: 29121K(29632K)->29121K(29632K) Class: 6271K(6464K)->6271K(6464K)
[399.605s][info][gc             ] GC(1067) Pause Young (Allocation Failure) 425M->200M(417M) 2.727ms
[399.605s][info][gc,cpu         ] GC(1067) User=0.00s Sys=0.00s Real=0.01s
[399.672s][info][gc,start       ] GC(1068) Pause Young (Allocation Failure)
[399.674s][info][gc,heap        ] GC(1068) PSYoungGen: 221248K(221696K)->64K(268800K) Eden: 221184K(221184K)->0K(261120K) From: 64K(512K)->64K(7680K)
[399.674s][info][gc,heap        ] GC(1068) ParOldGen: 205556K(205824K)->205572K(205824K)
[399.674s][info][gc,metaspace   ] GC(1068) Metaspace: 35393K(36096K)->35393K(36096K) NonClass: 29121K(29632K)->29121K(29632K) Class: 6271K(6464K)->6271K(6464K)
[399.674s][info][gc             ] GC(1068) Pause Young (Allocation Failure) 416M->200M(463M) 1.719ms
[399.674s][info][gc,cpu         ] GC(1068) User=0.00s Sys=0.00s Real=0.00s
[400.246s][info][gc,start       ] GC(1069) Pause Young (Allocation Failure)
[400.249s][info][gc,heap        ] GC(1069) PSYoungGen: 261184K(268800K)->64K(251392K) Eden: 261120K(261120K)->0K(250880K) From: 64K(7680K)->64K(512K)
[400.249s][info][gc,heap        ] GC(1069) ParOldGen: 205572K(205824K)->205588K(205824K)
[400.249s][info][gc,metaspace   ] GC(1069) Metaspace: 35393K(36096K)->35393K(36096K) NonClass: 29121K(29632K)->29121K(29632K) Class: 6271K(6464K)->6271K(6464K)
[400.249s][info][gc             ] GC(1069) Pause Young (Allocation Failure) 455M->200M(446M) 2.387ms
[400.249s][info][gc,cpu         ] GC(1069) User=0.00s Sys=0.00s Real=0.00s
[400.522s][info][gc,start       ] GC(1070) Pause Young (Allocation Failure)
[400.524s][info][gc,heap        ] GC(1070) PSYoungGen: 250944K(251392K)->64K(247808K) Eden: 250880K(250880K)->0K(241152K) From: 64K(512K)->64K(6656K)
[400.524s][info][gc,heap        ] GC(1070) ParOldGen: 205588K(205824K)->205604K(205824K)
[400.524s][info][gc,metaspace   ] GC(1070) Metaspace: 35393K(36096K)->35393K(36096K) NonClass: 29121K(29632K)->29121K(29632K) Class: 6271K(6464K)->6271K(6464K)
[400.524s][info][gc             ] GC(1070) Pause Young (Allocation Failure) 445M->200M(443M) 1.794ms
[400.524s][info][gc,cpu         ] GC(1070) User=0.01s Sys=0.00s Real=0.00s
[400.878s][info][gc,start       ] GC(1071) Pause Young (Allocation Failure)
[400.917s][info][gc,heap        ] GC(1071) PSYoungGen: 241216K(247808K)->6144K(260608K) Eden: 241152K(241152K)->0K(254464K) From: 64K(6656K)->6144K(6144K)
[400.917s][info][gc,heap        ] GC(1071) ParOldGen: 205604K(205824K)->214156K(214528K)
[400.917s][info][gc,metaspace   ] GC(1071) Metaspace: 35393K(36096K)->35393K(36096K) NonClass: 29121K(29632K)->29121K(29632K) Class: 6271K(6464K)->6271K(6464K)
[400.917s][info][gc             ] GC(1071) Pause Young (Allocation Failure) 436M->215M(464M) 38.739ms
[400.917s][info][gc,cpu         ] GC(1071) User=0.07s Sys=0.01s Real=0.04s
[401.182s][info][gc,start       ] GC(1072) Pause Young (Allocation Failure)
[401.277s][info][gc,heap        ] GC(1072) PSYoungGen: 260608K(260608K)->10752K(265216K) Eden: 254464K(254464K)->0K(254464K) From: 6144K(6144K)->10752K(10752K)
[401.277s][info][gc,heap        ] GC(1072) ParOldGen: 214156K(214528K)->230564K(230912K)
[401.277s][info][gc,metaspace   ] GC(1072) Metaspace: 35393K(36096K)->35393K(36096K) NonClass: 29121K(29632K)->29121K(29632K) Class: 6271K(6464K)->6271K(6464K)
[401.277s][info][gc             ] GC(1072) Pause Young (Allocation Failure) 463M->235M(484M) 94.999ms
[401.277s][info][gc,cpu         ] GC(1072) User=0.17s Sys=0.01s Real=0.10s
[401.550s][info][gc,start       ] GC(1073) Pause Young (Allocation Failure)
[401.647s][info][gc,heap        ] GC(1073) PSYoungGen: 265216K(265216K)->19456K(300032K) Eden: 254464K(254464K)->0K(280576K) From: 10752K(10752K)->19456K(19456K)
[401.647s][info][gc,heap        ] GC(1073) ParOldGen: 230564K(230912K)->238524K(238592K)
[401.647s][info][gc,metaspace   ] GC(1073) Metaspace: 35393K(36096K)->35393K(36096K) NonClass: 29121K(29632K)->29121K(29632K) Class: 6271K(6464K)->6271K(6464K)
[401.647s][info][gc             ] GC(1073) Pause Young (Allocation Failure) 484M->251M(526M) 97.708ms
[401.647s][info][gc,cpu         ] GC(1073) User=0.18s Sys=0.02s Real=0.10s
[401.757s][info][gc,start       ] GC(1074) Pause Young (Allocation Failure)
[401.765s][info][gc,heap        ] GC(1074) PSYoungGen: 300032K(300032K)->608K(307200K) Eden: 280576K(280576K)->0K(280576K) From: 19456K(19456K)->608K(26624K)
[401.765s][info][gc,heap        ] GC(1074) ParOldGen: 238524K(238592K)->238812K(239104K)
[401.765s][info][gc,metaspace   ] GC(1074) Metaspace: 35393K(36096K)->35393K(36096K) NonClass: 29121K(29632K)->29121K(29632K) Class: 6271K(6464K)->6271K(6464K)
[401.766s][info][gc             ] GC(1074) Pause Young (Allocation Failure) 525M->233M(533M) 8.072ms
[401.766s][info][gc,cpu         ] GC(1074) User=0.02s Sys=0.00s Real=0.01s
[402.365s][info][gc,start       ] GC(1075) Pause Young (Allocation Failure)
[402.367s][info][gc,heap        ] GC(1075) PSYoungGen: 281184K(307200K)->64K(304128K) Eden: 280576K(280576K)->0K(281600K) From: 608K(26624K)->64K(22528K)
[402.367s][info][gc,heap        ] GC(1075) ParOldGen: 238812K(239104K)->238820K(239104K)
[402.367s][info][gc,metaspace   ] GC(1075) Metaspace: 35393K(36096K)->35393K(36096K) NonClass: 29121K(29632K)->29121K(29632K) Class: 6271K(6464K)->6271K(6464K)
[402.367s][info][gc             ] GC(1075) Pause Young (Allocation Failure) 507M->233M(530M) 1.483ms
[402.367s][info][gc,cpu         ] GC(1075) User=0.01s Sys=0.00s Real=0.00s
[402.814s][info][gc,start       ] GC(1076) Pause Young (Allocation Failure)
[402.816s][info][gc,heap        ] GC(1076) PSYoungGen: 281664K(304128K)->64K(306176K) Eden: 281600K(281600K)->0K(281600K) From: 64K(22528K)->64K(24576K)
[402.816s][info][gc,heap        ] GC(1076) ParOldGen: 238820K(239104K)->238828K(239104K)
[402.816s][info][gc,metaspace   ] GC(1076) Metaspace: 35393K(36096K)->35393K(36096K) NonClass: 29121K(29632K)->29121K(29632K) Class: 6271K(6464K)->6271K(6464K)
[402.816s][info][gc             ] GC(1076) Pause Young (Allocation Failure) 508M->233M(532M) 1.218ms
[402.816s][info][gc,cpu         ] GC(1076) User=0.00s Sys=0.00s Real=0.01s
[403.253s][info][gc,start       ] GC(1077) Pause Young (Allocation Failure)
[403.255s][info][gc,heap        ] GC(1077) PSYoungGen: 281664K(306176K)->64K(306176K) Eden: 281600K(281600K)->0K(285696K) From: 64K(24576K)->64K(20480K)
[403.255s][info][gc,heap        ] GC(1077) ParOldGen: 238828K(239104K)->238844K(239104K)
[403.255s][info][gc,metaspace   ] GC(1077) Metaspace: 35393K(36096K)->35393K(36096K) NonClass: 29121K(29632K)->29121K(29632K) Class: 6271K(6464K)->6271K(6464K)
[403.255s][info][gc             ] GC(1077) Pause Young (Allocation Failure) 508M->233M(532M) 1.304ms
[403.255s][info][gc,cpu         ] GC(1077) User=0.00s Sys=0.00s Real=0.00s
[403.476s][info][gc,start       ] GC(1078) Pause Young (Allocation Failure)
[403.477s][info][gc,heap        ] GC(1078) PSYoungGen: 285760K(306176K)->64K(308224K) Eden: 285696K(285696K)->0K(285696K) From: 64K(20480K)->64K(22528K)
[403.477s][info][gc,heap        ] GC(1078) ParOldGen: 238844K(239104K)->238860K(239104K)
[403.477s][info][gc,metaspace   ] GC(1078) Metaspace: 35393K(36096K)->35393K(36096K) NonClass: 29121K(29632K)->29121K(29632K) Class: 6271K(6464K)->6271K(6464K)
[403.477s][info][gc             ] GC(1078) Pause Young (Allocation Failure) 512M->233M(534M) 1.230ms
[403.477s][info][gc,cpu         ] GC(1078) User=0.00s Sys=0.00s Real=0.00s
[403.697s][info][gc,start       ] GC(1079) Pause Young (Allocation Failure)
[403.698s][info][gc,heap        ] GC(1079) PSYoungGen: 285760K(308224K)->64K(308224K) Eden: 285696K(285696K)->0K(289792K) From: 64K(22528K)->64K(18432K)
[403.698s][info][gc,heap        ] GC(1079) ParOldGen: 238860K(239104K)->238860K(239104K)
[403.698s][info][gc,metaspace   ] GC(1079) Metaspace: 35393K(36096K)->35393K(36096K) NonClass: 29121K(29632K)->29121K(29632K) Class: 6271K(6464K)->6271K(6464K)
[403.698s][info][gc             ] GC(1079) Pause Young (Allocation Failure) 512M->233M(534M) 1.168ms
[403.698s][info][gc,cpu         ] GC(1079) User=0.00s Sys=0.00s Real=0.00s
[404.066s][info][gc,start       ] GC(1080) Pause Young (Allocation Failure)
[404.067s][info][gc,heap        ] GC(1080) PSYoungGen: 289856K(308224K)->64K(310272K) Eden: 289792K(289792K)->0K(289792K) From: 64K(18432K)->64K(20480K)
[404.067s][info][gc,heap        ] GC(1080) ParOldGen: 238860K(239104K)->238860K(239104K)
[404.067s][info][gc,metaspace   ] GC(1080) Metaspace: 35393K(36096K)->35393K(36096K) NonClass: 29121K(29632K)->29121K(29632K) Class: 6271K(6464K)->6271K(6464K)
[404.067s][info][gc             ] GC(1080) Pause Young (Allocation Failure) 516M->233M(536M) 1.182ms
[404.067s][info][gc,cpu         ] GC(1080) User=0.00s Sys=0.00s Real=0.00s
[404.120s][info][gc,start       ] GC(1081) Pause Young (Allocation Failure)
[404.121s][info][gc,heap        ] GC(1081) PSYoungGen: 289856K(310272K)->64K(310272K) Eden: 289792K(289792K)->0K(293888K) From: 64K(20480K)->64K(16384K)
[404.121s][info][gc,heap        ] GC(1081) ParOldGen: 238860K(239104K)->238876K(239104K)
[404.121s][info][gc,metaspace   ] GC(1081) Metaspace: 35393K(36096K)->35393K(36096K) NonClass: 29121K(29632K)->29121K(29632K) Class: 6271K(6464K)->6271K(6464K)
[404.121s][info][gc             ] GC(1081) Pause Young (Allocation Failure) 516M->233M(536M) 1.161ms
[404.121s][info][gc,cpu         ] GC(1081) User=0.00s Sys=0.00s Real=0.00s
[404.177s][info][gc,start       ] GC(1082) Pause Young (Allocation Failure)
[404.178s][info][gc,heap        ] GC(1082) PSYoungGen: 293952K(310272K)->64K(312320K) Eden: 293888K(293888K)->0K(293888K) From: 64K(16384K)->64K(18432K)
[404.178s][info][gc,heap        ] GC(1082) ParOldGen: 238876K(239104K)->238876K(239104K)
[404.178s][info][gc,metaspace   ] GC(1082) Metaspace: 35393K(36096K)->35393K(36096K) NonClass: 29121K(29632K)->29121K(29632K) Class: 6271K(6464K)->6271K(6464K)
[404.178s][info][gc             ] GC(1082) Pause Young (Allocation Failure) 520M->233M(538M) 1.088ms
[404.178s][info][gc,cpu         ] GC(1082) User=0.00s Sys=0.00s Real=0.00s
[404.450s][info][gc,start       ] GC(1083) Pause Young (Allocation Failure)
[404.452s][info][gc,heap        ] GC(1083) PSYoungGen: 293952K(312320K)->64K(312320K) Eden: 293888K(293888K)->0K(297984K) From: 64K(18432K)->64K(14336K)
[404.452s][info][gc,heap        ] GC(1083) ParOldGen: 238876K(239104K)->238876K(239104K)
[404.452s][info][gc,metaspace   ] GC(1083) Metaspace: 35393K(36096K)->35393K(36096K) NonClass: 29121K(29632K)->29121K(29632K) Class: 6271K(6464K)->6271K(6464K)
[404.452s][info][gc             ] GC(1083) Pause Young (Allocation Failure) 520M->233M(538M) 1.147ms
[404.452s][info][gc,cpu         ] GC(1083) User=0.01s Sys=0.00s Real=0.00s
[404.754s][info][gc,start       ] GC(1084) Pause Young (Allocation Failure)
[404.755s][info][gc,heap        ] GC(1084) PSYoungGen: 298048K(312320K)->64K(314368K) Eden: 297984K(297984K)->0K(297984K) From: 64K(14336K)->64K(16384K)
[404.755s][info][gc,heap        ] GC(1084) ParOldGen: 238876K(239104K)->238884K(239104K)
[404.755s][info][gc,metaspace   ] GC(1084) Metaspace: 35393K(36096K)->35393K(36096K) NonClass: 29121K(29632K)->29121K(29632K) Class: 6271K(6464K)->6271K(6464K)
[404.755s][info][gc             ] GC(1084) Pause Young (Allocation Failure) 524M->233M(540M) 1.168ms
[404.755s][info][gc,cpu         ] GC(1084) User=0.00s Sys=0.00s Real=0.01s
[404.881s][info][gc,start       ] GC(1085) Pause Young (Allocation Failure)
[404.883s][info][gc,heap        ] GC(1085) PSYoungGen: 298048K(314368K)->64K(314368K) Eden: 297984K(297984K)->0K(302080K) From: 64K(16384K)->64K(12288K)
[404.883s][info][gc,heap        ] GC(1085) ParOldGen: 238884K(239104K)->238892K(239104K)
[404.883s][info][gc,metaspace   ] GC(1085) Metaspace: 35393K(36096K)->35393K(36096K) NonClass: 29121K(29632K)->29121K(29632K) Class: 6271K(6464K)->6271K(6464K)
[404.883s][info][gc             ] GC(1085) Pause Young (Allocation Failure) 524M->233M(540M) 1.267ms
[404.883s][info][gc,cpu         ] GC(1085) User=0.00s Sys=0.00s Real=0.00s
[404.984s][info][gc,start       ] GC(1086) Pause Young (Allocation Failure)
[404.985s][info][gc,heap        ] GC(1086) PSYoungGen: 302144K(314368K)->64K(316416K) Eden: 302080K(302080K)->0K(302080K) From: 64K(12288K)->64K(14336K)
[404.985s][info][gc,heap        ] GC(1086) ParOldGen: 238892K(239104K)->238900K(239104K)
[404.985s][info][gc,metaspace   ] GC(1086) Metaspace: 35393K(36096K)->35393K(36096K) NonClass: 29121K(29632K)->29121K(29632K) Class: 6271K(6464K)->6271K(6464K)
[404.985s][info][gc             ] GC(1086) Pause Young (Allocation Failure) 528M->233M(542M) 1.210ms
[404.985s][info][gc,cpu         ] GC(1086) User=0.00s Sys=0.00s Real=0.01s
[405.190s][info][gc,start       ] GC(1087) Pause Young (Allocation Failure)
[405.191s][info][gc,heap        ] GC(1087) PSYoungGen: 302144K(316416K)->64K(316928K) Eden: 302080K(302080K)->0K(305664K) From: 64K(14336K)->64K(11264K)
[405.191s][info][gc,heap        ] GC(1087) ParOldGen: 238900K(239104K)->238908K(239104K)
[405.191s][info][gc,metaspace   ] GC(1087) Metaspace: 35393K(36096K)->35393K(36096K) NonClass: 29121K(29632K)->29121K(29632K) Class: 6271K(6464K)->6271K(6464K)
[405.191s][info][gc             ] GC(1087) Pause Young (Allocation Failure) 528M->233M(543M) 1.239ms
[405.191s][info][gc,cpu         ] GC(1087) User=0.00s Sys=0.00s Real=0.00s
[406.161s][info][gc,start       ] GC(1088) Pause Young (Allocation Failure)
[406.163s][info][gc,heap        ] GC(1088) PSYoungGen: 305728K(316928K)->64K(293888K) Eden: 305664K(305664K)->0K(293376K) From: 64K(11264K)->64K(512K)
[406.163s][info][gc,heap        ] GC(1088) ParOldGen: 238908K(239104K)->238916K(239104K)
[406.163s][info][gc,metaspace   ] GC(1088) Metaspace: 35393K(36096K)->35393K(36096K) NonClass: 29121K(29632K)->29121K(29632K) Class: 6271K(6464K)->6271K(6464K)
[406.163s][info][gc             ] GC(1088) Pause Young (Allocation Failure) 531M->233M(520M) 1.917ms
[406.163s][info][gc,cpu         ] GC(1088) User=0.00s Sys=0.00s Real=0.00s
[407.071s][info][gc,start       ] GC(1089) Pause Young (Allocation Failure)
[407.073s][info][gc,heap        ] GC(1089) PSYoungGen: 293440K(293888K)->64K(282112K) Eden: 293376K(293376K)->0K(281600K) From: 64K(512K)->64K(512K)
[407.073s][info][gc,heap        ] GC(1089) ParOldGen: 238916K(239104K)->238924K(239104K)
[407.073s][info][gc,metaspace   ] GC(1089) Metaspace: 35393K(36096K)->35393K(36096K) NonClass: 29121K(29632K)->29121K(29632K) Class: 6271K(6464K)->6271K(6464K)
[407.073s][info][gc             ] GC(1089) Pause Young (Allocation Failure) 519M->233M(509M) 1.562ms
[407.073s][info][gc,cpu         ] GC(1089) User=0.01s Sys=0.00s Real=0.00s
[407.407s][info][gc,start       ] GC(1090) Pause Young (Allocation Failure)
[407.408s][info][gc,heap        ] GC(1090) PSYoungGen: 281664K(282112K)->64K(281600K) Eden: 281600K(281600K)->0K(270336K) From: 64K(512K)->64K(11264K)
[407.409s][info][gc,heap        ] GC(1090) ParOldGen: 238924K(239104K)->238932K(239104K)
[407.409s][info][gc,metaspace   ] GC(1090) Metaspace: 35393K(36096K)->35393K(36096K) NonClass: 29121K(29632K)->29121K(29632K) Class: 6271K(6464K)->6271K(6464K)
[407.409s][info][gc             ] GC(1090) Pause Young (Allocation Failure) 508M->233M(508M) 1.112ms
[407.409s][info][gc,cpu         ] GC(1090) User=0.00s Sys=0.00s Real=0.00s
[407.805s][info][gc,start       ] GC(1091) Pause Young (Allocation Failure)
[407.807s][info][gc,heap        ] GC(1091) PSYoungGen: 270400K(281600K)->64K(260096K) Eden: 270336K(270336K)->0K(259584K) From: 64K(11264K)->64K(512K)
[407.807s][info][gc,heap        ] GC(1091) ParOldGen: 238932K(239104K)->238940K(239104K)
[407.807s][info][gc,metaspace   ] GC(1091) Metaspace: 35393K(36096K)->35393K(36096K) NonClass: 29121K(29632K)->29121K(29632K) Class: 6271K(6464K)->6271K(6464K)
[407.807s][info][gc             ] GC(1091) Pause Young (Allocation Failure) 497M->233M(487M) 1.560ms
[407.807s][info][gc,cpu         ] GC(1091) User=0.01s Sys=0.00s Real=0.00s
[408.750s][info][gc,start       ] GC(1092) Pause Young (Allocation Failure)
[408.751s][info][gc,heap        ] GC(1092) PSYoungGen: 259648K(260096K)->64K(259072K) Eden: 259584K(259584K)->0K(249344K) From: 64K(512K)->64K(9728K)
[408.751s][info][gc,heap        ] GC(1092) ParOldGen: 238940K(239104K)->238948K(239104K)
[408.751s][info][gc,metaspace   ] GC(1092) Metaspace: 35393K(36096K)->35393K(36096K) NonClass: 29121K(29632K)->29121K(29632K) Class: 6271K(6464K)->6271K(6464K)
[408.751s][info][gc             ] GC(1092) Pause Young (Allocation Failure) 486M->233M(486M) 1.091ms
[408.751s][info][gc,cpu         ] GC(1092) User=0.00s Sys=0.00s Real=0.00s
[409.098s][info][gc,start       ] GC(1093) Pause Young (Allocation Failure)
[409.100s][info][gc,heap        ] GC(1093) PSYoungGen: 249408K(259072K)->64K(240128K) Eden: 249344K(249344K)->0K(239616K) From: 64K(9728K)->64K(512K)
[409.100s][info][gc,heap        ] GC(1093) ParOldGen: 238948K(239104K)->238956K(239104K)
[409.100s][info][gc,metaspace   ] GC(1093) Metaspace: 35393K(36096K)->35393K(36096K) NonClass: 29121K(29632K)->29121K(29632K) Class: 6271K(6464K)->6271K(6464K)
[409.100s][info][gc             ] GC(1093) Pause Young (Allocation Failure) 476M->233M(468M) 2.001ms
[409.100s][info][gc,cpu         ] GC(1093) User=0.00s Sys=0.00s Real=0.00s
[409.248s][info][gc,start       ] GC(1094) Pause Young (Allocation Failure)
[409.249s][info][gc,heap        ] GC(1094) PSYoungGen: 239680K(240128K)->64K(239104K) Eden: 239616K(239616K)->0K(230400K) From: 64K(512K)->64K(8704K)
[409.249s][info][gc,heap        ] GC(1094) ParOldGen: 238956K(239104K)->238964K(239104K)
[409.250s][info][gc,metaspace   ] GC(1094) Metaspace: 35393K(36096K)->35393K(36096K) NonClass: 29121K(29632K)->29121K(29632K) Class: 6271K(6464K)->6271K(6464K)
[409.250s][info][gc             ] GC(1094) Pause Young (Allocation Failure) 467M->233M(467M) 1.128ms
[409.250s][info][gc,cpu         ] GC(1094) User=0.00s Sys=0.00s Real=0.00s
[409.424s][info][gc,start       ] GC(1095) Pause Young (Allocation Failure)
[409.426s][info][gc,heap        ] GC(1095) PSYoungGen: 230464K(239104K)->64K(222208K) Eden: 230400K(230400K)->0K(221696K) From: 64K(8704K)->64K(512K)
[409.426s][info][gc,heap        ] GC(1095) ParOldGen: 238964K(239104K)->238972K(239104K)
[409.426s][info][gc,metaspace   ] GC(1095) Metaspace: 35393K(36096K)->35393K(36096K) NonClass: 29121K(29632K)->29121K(29632K) Class: 6271K(6464K)->6271K(6464K)
[409.426s][info][gc             ] GC(1095) Pause Young (Allocation Failure) 458M->233M(450M) 1.881ms
[409.426s][info][gc,cpu         ] GC(1095) User=0.00s Sys=0.00s Real=0.01s
[409.971s][info][gc,start       ] GC(1096) Pause Young (Allocation Failure)
[409.972s][info][gc,heap        ] GC(1096) PSYoungGen: 221760K(222208K)->64K(220672K) Eden: 221696K(221696K)->0K(213504K) From: 64K(512K)->64K(7168K)
[409.972s][info][gc,heap        ] GC(1096) ParOldGen: 238972K(239104K)->238980K(239104K)
[409.972s][info][gc,metaspace   ] GC(1096) Metaspace: 35393K(36096K)->35393K(36096K) NonClass: 29121K(29632K)->29121K(29632K) Class: 6271K(6464K)->6271K(6464K)
[409.972s][info][gc             ] GC(1096) Pause Young (Allocation Failure) 449M->233M(449M) 1.160ms
[409.972s][info][gc,cpu         ] GC(1096) User=0.00s Sys=0.00s Real=0.00s
[410.201s][info][gc,start       ] GC(1097) Pause Young (Allocation Failure)
[410.204s][info][gc,heap        ] GC(1097) PSYoungGen: 213568K(220672K)->64K(206336K) Eden: 213504K(213504K)->0K(205824K) From: 64K(7168K)->64K(512K)
[410.204s][info][gc,heap        ] GC(1097) ParOldGen: 238980K(239104K)->238988K(239104K)
[410.204s][info][gc,metaspace   ] GC(1097) Metaspace: 35393K(36096K)->35393K(36096K) NonClass: 29121K(29632K)->29121K(29632K) Class: 6271K(6464K)->6271K(6464K)
[410.204s][info][gc             ] GC(1097) Pause Young (Allocation Failure) 441M->233M(435M) 2.975ms
[410.204s][info][gc,cpu         ] GC(1097) User=0.01s Sys=0.01s Real=0.00s
[410.510s][info][gc,start       ] GC(1098) Pause Young (Allocation Failure)
[410.556s][info][gc,heap        ] GC(1098) PSYoungGen: 205888K(206336K)->6144K(252416K) Eden: 205824K(205824K)->0K(246272K) From: 64K(512K)->6144K(6144K)
[410.556s][info][gc,heap        ] GC(1098) ParOldGen: 238988K(239104K)->245828K(246272K)
[410.556s][info][gc,metaspace   ] GC(1098) Metaspace: 35393K(36096K)->35393K(36096K) NonClass: 29121K(29632K)->29121K(29632K) Class: 6271K(6464K)->6271K(6464K)
[410.556s][info][gc             ] GC(1098) Pause Young (Allocation Failure) 434M->246M(487M) 46.520ms
[410.556s][info][gc,cpu         ] GC(1098) User=0.09s Sys=0.00s Real=0.05s
[410.820s][info][gc,start       ] GC(1099) Pause Young (Allocation Failure)
[410.915s][info][gc,heap        ] GC(1099) PSYoungGen: 252416K(252416K)->6144K(259072K) Eden: 246272K(246272K)->0K(252928K) From: 6144K(6144K)->6144K(6144K)
[410.915s][info][gc,heap        ] GC(1099) ParOldGen: 245828K(246272K)->265932K(266240K)
[410.915s][info][gc,metaspace   ] GC(1099) Metaspace: 35393K(36096K)->35393K(36096K) NonClass: 29121K(29632K)->29121K(29632K) Class: 6271K(6464K)->6271K(6464K)
[410.915s][info][gc             ] GC(1099) Pause Young (Allocation Failure) 486M->265M(513M) 94.226ms
[410.915s][info][gc,cpu         ] GC(1099) User=0.16s Sys=0.02s Real=0.09s
[411.190s][info][gc,start       ] GC(1100) Pause Young (Allocation Failure)
[411.255s][info][gc,heap        ] GC(1100) PSYoungGen: 259072K(259072K)->18432K(271360K) Eden: 252928K(252928K)->0K(252928K) From: 6144K(6144K)->18432K(18432K)
[411.255s][info][gc,heap        ] GC(1100) ParOldGen: 265932K(266240K)->274660K(274944K)
[411.255s][info][gc,metaspace   ] GC(1100) Metaspace: 35393K(36096K)->35393K(36096K) NonClass: 29121K(29632K)->29121K(29632K) Class: 6271K(6464K)->6271K(6464K)
[411.255s][info][gc             ] GC(1100) Pause Young (Allocation Failure) 512M->286M(533M) 64.571ms
[411.255s][info][gc,cpu         ] GC(1100) User=0.13s Sys=0.00s Real=0.06s
[411.354s][info][gc,start       ] GC(1101) Pause Young (Allocation Failure)
[411.369s][info][gc,heap        ] GC(1101) PSYoungGen: 271360K(271360K)->3360K(309760K) Eden: 252928K(252928K)->0K(284160K) From: 18432K(18432K)->3360K(25600K)
[411.369s][info][gc,heap        ] GC(1101) ParOldGen: 274660K(274944K)->274972K(275456K)
[411.369s][info][gc,metaspace   ] GC(1101) Metaspace: 35393K(36096K)->35393K(36096K) NonClass: 29121K(29632K)->29121K(29632K) Class: 6271K(6464K)->6271K(6464K)
[411.369s][info][gc             ] GC(1101) Pause Young (Allocation Failure) 533M->271M(571M) 15.012ms
[411.369s][info][gc,cpu         ] GC(1101) User=0.03s Sys=0.00s Real=0.02s
[411.877s][info][gc,start       ] GC(1102) Pause Young (Allocation Failure)
[411.878s][info][gc,heap        ] GC(1102) PSYoungGen: 287520K(309760K)->64K(284672K) Eden: 284160K(284160K)->0K(284160K) From: 3360K(25600K)->64K(512K)
[411.878s][info][gc,heap        ] GC(1102) ParOldGen: 274972K(275456K)->274980K(275456K)
[411.878s][info][gc,metaspace   ] GC(1102) Metaspace: 35393K(36096K)->35393K(36096K) NonClass: 29121K(29632K)->29121K(29632K) Class: 6271K(6464K)->6271K(6464K)
[411.878s][info][gc             ] GC(1102) Pause Young (Allocation Failure) 549M->268M(547M) 1.293ms
[411.878s][info][gc,cpu         ] GC(1102) User=0.00s Sys=0.00s Real=0.00s
[412.420s][info][gc,start       ] GC(1103) Pause Young (Allocation Failure)
[412.421s][info][gc,heap        ] GC(1103) PSYoungGen: 284224K(284672K)->64K(308736K) Eden: 284160K(284160K)->0K(285184K) From: 64K(512K)->64K(23552K)
[412.421s][info][gc,heap        ] GC(1103) ParOldGen: 274980K(275456K)->274988K(275456K)
[412.421s][info][gc,metaspace   ] GC(1103) Metaspace: 35393K(36096K)->35393K(36096K) NonClass: 29121K(29632K)->29121K(29632K) Class: 6271K(6464K)->6271K(6464K)
[412.421s][info][gc             ] GC(1103) Pause Young (Allocation Failure) 546M->268M(570M) 1.284ms
[412.421s][info][gc,cpu         ] GC(1103) User=0.00s Sys=0.00s Real=0.00s
[412.859s][info][gc,start       ] GC(1104) Pause Young (Allocation Failure)
[412.860s][info][gc,heap        ] GC(1104) PSYoungGen: 285248K(308736K)->64K(307712K) Eden: 285184K(285184K)->0K(285184K) From: 64K(23552K)->64K(22528K)
[412.860s][info][gc,heap        ] GC(1104) ParOldGen: 274988K(275456K)->275004K(275456K)
[412.860s][info][gc,metaspace   ] GC(1104) Metaspace: 35393K(36096K)->35393K(36096K) NonClass: 29121K(29632K)->29121K(29632K) Class: 6271K(6464K)->6271K(6464K)
[412.860s][info][gc             ] GC(1104) Pause Young (Allocation Failure) 547M->268M(569M) 1.231ms
[412.860s][info][gc,cpu         ] GC(1104) User=0.01s Sys=0.00s Real=0.00s
[413.077s][info][gc,start       ] GC(1105) Pause Young (Allocation Failure)
[413.078s][info][gc,heap        ] GC(1105) PSYoungGen: 285248K(307712K)->64K(310272K) Eden: 285184K(285184K)->0K(288768K) From: 64K(22528K)->64K(21504K)
[413.078s][info][gc,heap        ] GC(1105) ParOldGen: 275004K(275456K)->275020K(275456K)
[413.078s][info][gc,metaspace   ] GC(1105) Metaspace: 35393K(36096K)->35393K(36096K) NonClass: 29121K(29632K)->29121K(29632K) Class: 6271K(6464K)->6271K(6464K)
[413.078s][info][gc             ] GC(1105) Pause Young (Allocation Failure) 547M->268M(572M) 1.189ms
[413.078s][info][gc,cpu         ] GC(1105) User=0.00s Sys=0.00s Real=0.00s
[413.301s][info][gc,start       ] GC(1106) Pause Young (Allocation Failure)
[413.303s][info][gc,heap        ] GC(1106) PSYoungGen: 288832K(310272K)->64K(309760K) Eden: 288768K(288768K)->0K(288768K) From: 64K(21504K)->64K(20992K)
[413.303s][info][gc,heap        ] GC(1106) ParOldGen: 275020K(275456K)->275020K(275456K)
[413.303s][info][gc,metaspace   ] GC(1106) Metaspace: 35393K(36096K)->35393K(36096K) NonClass: 29121K(29632K)->29121K(29632K) Class: 6271K(6464K)->6271K(6464K)
[413.303s][info][gc             ] GC(1106) Pause Young (Allocation Failure) 550M->268M(571M) 1.212ms
[413.303s][info][gc,cpu         ] GC(1106) User=0.00s Sys=0.00s Real=0.00s
[413.658s][info][gc,start       ] GC(1107) Pause Young (Allocation Failure)
[413.660s][info][gc,heap        ] GC(1107) PSYoungGen: 288832K(309760K)->64K(311808K) Eden: 288768K(288768K)->0K(292352K) From: 64K(20992K)->64K(19456K)
[413.660s][info][gc,heap        ] GC(1107) ParOldGen: 275020K(275456K)->275020K(275456K)
[413.660s][info][gc,metaspace   ] GC(1107) Metaspace: 35393K(36096K)->35393K(36096K) NonClass: 29121K(29632K)->29121K(29632K) Class: 6271K(6464K)->6271K(6464K)
[413.660s][info][gc             ] GC(1107) Pause Young (Allocation Failure) 550M->268M(573M) 1.170ms
[413.660s][info][gc,cpu         ] GC(1107) User=0.00s Sys=0.00s Real=0.00s
[413.746s][info][gc,start       ] GC(1108) Pause Young (Allocation Failure)
[413.747s][info][gc,heap        ] GC(1108) PSYoungGen: 292416K(311808K)->64K(311296K) Eden: 292352K(292352K)->0K(292352K) From: 64K(19456K)->64K(18944K)
[413.747s][info][gc,heap        ] GC(1108) ParOldGen: 275020K(275456K)->275028K(275456K)
[413.747s][info][gc,metaspace   ] GC(1108) Metaspace: 35393K(36096K)->35393K(36096K) NonClass: 29121K(29632K)->29121K(29632K) Class: 6271K(6464K)->6271K(6464K)
[413.747s][info][gc             ] GC(1108) Pause Young (Allocation Failure) 554M->268M(573M) 1.158ms
[413.747s][info][gc,cpu         ] GC(1108) User=0.00s Sys=0.00s Real=0.00s
[413.801s][info][gc,start       ] GC(1109) Pause Young (Allocation Failure)
[413.803s][info][gc,heap        ] GC(1109) PSYoungGen: 292416K(311296K)->64K(313856K) Eden: 292352K(292352K)->0K(296448K) From: 64K(18944K)->64K(17408K)
[413.803s][info][gc,heap        ] GC(1109) ParOldGen: 275028K(275456K)->275044K(275456K)
[413.803s][info][gc,metaspace   ] GC(1109) Metaspace: 35393K(36096K)->35393K(36096K) NonClass: 29121K(29632K)->29121K(29632K) Class: 6271K(6464K)->6271K(6464K)
[413.803s][info][gc             ] GC(1109) Pause Young (Allocation Failure) 554M->268M(575M) 1.101ms
[413.803s][info][gc,cpu         ] GC(1109) User=0.00s Sys=0.00s Real=0.00s
[414.039s][info][gc,start       ] GC(1110) Pause Young (Allocation Failure)
[414.040s][info][gc,heap        ] GC(1110) PSYoungGen: 296512K(313856K)->64K(313344K) Eden: 296448K(296448K)->0K(296448K) From: 64K(17408K)->64K(16896K)
[414.040s][info][gc,heap        ] GC(1110) ParOldGen: 275044K(275456K)->275044K(275456K)
[414.040s][info][gc,metaspace   ] GC(1110) Metaspace: 35393K(36096K)->35393K(36096K) NonClass: 29121K(29632K)->29121K(29632K) Class: 6271K(6464K)->6271K(6464K)
[414.040s][info][gc             ] GC(1110) Pause Young (Allocation Failure) 558M->268M(575M) 1.193ms
[414.040s][info][gc,cpu         ] GC(1110) User=0.00s Sys=0.00s Real=0.00s
[414.355s][info][gc,start       ] GC(1111) Pause Young (Allocation Failure)
[414.356s][info][gc,heap        ] GC(1111) PSYoungGen: 296512K(313344K)->64K(315904K) Eden: 296448K(296448K)->0K(300032K) From: 64K(16896K)->64K(15872K)
[414.356s][info][gc,heap        ] GC(1111) ParOldGen: 275044K(275456K)->275052K(275456K)
[414.356s][info][gc,metaspace   ] GC(1111) Metaspace: 35393K(36096K)->35393K(36096K) NonClass: 29121K(29632K)->29121K(29632K) Class: 6271K(6464K)->6271K(6464K)
[414.356s][info][gc             ] GC(1111) Pause Young (Allocation Failure) 558M->268M(577M) 1.221ms
[414.356s][info][gc,cpu         ] GC(1111) User=0.00s Sys=0.00s Real=0.01s
[414.504s][info][gc,start       ] GC(1112) Pause Young (Allocation Failure)
[414.505s][info][gc,heap        ] GC(1112) PSYoungGen: 300096K(315904K)->64K(315392K) Eden: 300032K(300032K)->0K(300032K) From: 64K(15872K)->64K(15360K)
[414.505s][info][gc,heap        ] GC(1112) ParOldGen: 275052K(275456K)->275060K(275456K)
[414.505s][info][gc,metaspace   ] GC(1112) Metaspace: 35393K(36096K)->35393K(36096K) NonClass: 29121K(29632K)->29121K(29632K) Class: 6271K(6464K)->6271K(6464K)
[414.505s][info][gc             ] GC(1112) Pause Young (Allocation Failure) 561M->268M(577M) 1.205ms
[414.505s][info][gc,cpu         ] GC(1112) User=0.01s Sys=0.00s Real=0.00s
[414.586s][info][gc,start       ] GC(1113) Pause Young (Allocation Failure)
[414.587s][info][gc,heap        ] GC(1113) PSYoungGen: 300096K(315392K)->64K(317440K) Eden: 300032K(300032K)->0K(303616K) From: 64K(15360K)->64K(13824K)
[414.587s][info][gc,heap        ] GC(1113) ParOldGen: 275060K(275456K)->275068K(275456K)
[414.587s][info][gc,metaspace   ] GC(1113) Metaspace: 35393K(36096K)->35393K(36096K) NonClass: 29121K(29632K)->29121K(29632K) Class: 6271K(6464K)->6271K(6464K)
[414.587s][info][gc             ] GC(1113) Pause Young (Allocation Failure) 561M->268M(579M) 1.156ms
[414.587s][info][gc,cpu         ] GC(1113) User=0.00s Sys=0.00s Real=0.00s
[414.792s][info][gc,start       ] GC(1114) Pause Young (Allocation Failure)
[414.793s][info][gc,heap        ] GC(1114) PSYoungGen: 303680K(317440K)->64K(316928K) Eden: 303616K(303616K)->0K(303616K) From: 64K(13824K)->64K(13312K)
[414.793s][info][gc,heap        ] GC(1114) ParOldGen: 275068K(275456K)->275076K(275456K)
[414.793s][info][gc,metaspace   ] GC(1114) Metaspace: 35393K(36096K)->35393K(36096K) NonClass: 29121K(29632K)->29121K(29632K) Class: 6271K(6464K)->6271K(6464K)
[414.793s][info][gc             ] GC(1114) Pause Young (Allocation Failure) 565M->268M(578M) 1.215ms
[414.793s][info][gc,cpu         ] GC(1114) User=0.00s Sys=0.00s Real=0.00s
[415.763s][info][gc,start       ] GC(1115) Pause Young (Allocation Failure)
[415.764s][info][gc,heap        ] GC(1115) PSYoungGen: 303680K(316928K)->83K(291840K) Eden: 303616K(303616K)->0K(291328K) From: 64K(13312K)->83K(512K)
[415.764s][info][gc,heap        ] GC(1115) ParOldGen: 275076K(275456K)->275084K(275456K)
[415.764s][info][gc,metaspace   ] GC(1115) Metaspace: 35393K(36096K)->35393K(36096K) NonClass: 29121K(29632K)->29121K(29632K) Class: 6271K(6464K)->6271K(6464K)
[415.764s][info][gc             ] GC(1115) Pause Young (Allocation Failure) 565M->268M(554M) 1.222ms
[415.764s][info][gc,cpu         ] GC(1115) User=0.00s Sys=0.00s Real=0.00s
[416.641s][info][gc,start       ] GC(1116) Pause Young (Allocation Failure)
[416.642s][info][gc,heap        ] GC(1116) PSYoungGen: 291411K(291840K)->64K(291328K) Eden: 291328K(291328K)->0K(279552K) From: 83K(512K)->64K(11776K)
[416.642s][info][gc,heap        ] GC(1116) ParOldGen: 275084K(275456K)->275092K(275456K)
[416.642s][info][gc,metaspace   ] GC(1116) Metaspace: 35393K(36096K)->35393K(36096K) NonClass: 29121K(29632K)->29121K(29632K) Class: 6271K(6464K)->6271K(6464K)
[416.642s][info][gc             ] GC(1116) Pause Young (Allocation Failure) 553M->268M(553M) 1.193ms
[416.642s][info][gc,cpu         ] GC(1116) User=0.00s Sys=0.00s Real=0.00s
[416.904s][info][gc,start       ] GC(1117) Pause Young (Allocation Failure)
[416.905s][info][gc,heap        ] GC(1117) PSYoungGen: 279616K(291328K)->64K(269312K) Eden: 279552K(279552K)->0K(268800K) From: 64K(11776K)->64K(512K)
[416.906s][info][gc,heap        ] GC(1117) ParOldGen: 275092K(275456K)->275100K(275456K)
[416.906s][info][gc,metaspace   ] GC(1117) Metaspace: 35393K(36096K)->35393K(36096K) NonClass: 29121K(29632K)->29121K(29632K) Class: 6271K(6464K)->6271K(6464K)
[416.906s][info][gc             ] GC(1117) Pause Young (Allocation Failure) 541M->268M(532M) 1.685ms
[416.906s][info][gc,cpu         ] GC(1117) User=0.01s Sys=0.00s Real=0.01s
[417.329s][info][gc,start       ] GC(1118) Pause Young (Allocation Failure)
[417.331s][info][gc,heap        ] GC(1118) PSYoungGen: 268864K(269312K)->64K(268800K) Eden: 268800K(268800K)->0K(258560K) From: 64K(512K)->64K(10240K)
[417.331s][info][gc,heap        ] GC(1118) ParOldGen: 275100K(275456K)->275116K(275456K)
[417.331s][info][gc,metaspace   ] GC(1118) Metaspace: 35393K(36096K)->35393K(36096K) NonClass: 29121K(29632K)->29121K(29632K) Class: 6271K(6464K)->6271K(6464K)
[417.331s][info][gc             ] GC(1118) Pause Young (Allocation Failure) 531M->268M(531M) 2.053ms
[417.331s][info][gc,cpu         ] GC(1118) User=0.00s Sys=0.00s Real=0.00s
[418.266s][info][gc,start       ] GC(1119) Pause Young (Allocation Failure)
[418.268s][info][gc,heap        ] GC(1119) PSYoungGen: 258624K(268800K)->64K(249344K) Eden: 258560K(258560K)->0K(248832K) From: 64K(10240K)->64K(512K)
[418.268s][info][gc,heap        ] GC(1119) ParOldGen: 275116K(275456K)->275132K(275456K)
[418.268s][info][gc,metaspace   ] GC(1119) Metaspace: 35393K(36096K)->35393K(36096K) NonClass: 29121K(29632K)->29121K(29632K) Class: 6271K(6464K)->6271K(6464K)
[418.268s][info][gc             ] GC(1119) Pause Young (Allocation Failure) 521M->268M(512M) 2.538ms
[418.268s][info][gc,cpu         ] GC(1119) User=0.00s Sys=0.00s Real=0.00s
[418.638s][info][gc,start       ] GC(1120) Pause Young (Allocation Failure)
[418.640s][info][gc,heap        ] GC(1120) PSYoungGen: 248896K(249344K)->64K(247808K) Eden: 248832K(248832K)->0K(239104K) From: 64K(512K)->64K(8704K)
[418.640s][info][gc,heap        ] GC(1120) ParOldGen: 275132K(275456K)->275148K(275456K)
[418.640s][info][gc,metaspace   ] GC(1120) Metaspace: 35393K(36096K)->35393K(36096K) NonClass: 29121K(29632K)->29121K(29632K) Class: 6271K(6464K)->6271K(6464K)
[418.640s][info][gc             ] GC(1120) Pause Young (Allocation Failure) 511M->268M(511M) 2.119ms
[418.640s][info][gc,cpu         ] GC(1120) User=0.00s Sys=0.00s Real=0.00s
[418.811s][info][gc,start       ] GC(1121) Pause Young (Allocation Failure)
[418.813s][info][gc,heap        ] GC(1121) PSYoungGen: 239168K(247808K)->64K(230400K) Eden: 239104K(239104K)->0K(229888K) From: 64K(8704K)->64K(512K)
[418.814s][info][gc,heap        ] GC(1121) ParOldGen: 275148K(275456K)->275164K(275456K)
[418.814s][info][gc,metaspace   ] GC(1121) Metaspace: 35393K(36096K)->35393K(36096K) NonClass: 29121K(29632K)->29121K(29632K) Class: 6271K(6464K)->6271K(6464K)
[418.814s][info][gc             ] GC(1121) Pause Young (Allocation Failure) 502M->268M(494M) 2.816ms
[418.814s][info][gc,cpu         ] GC(1121) User=0.00s Sys=0.00s Real=0.00s
[418.899s][info][gc,start       ] GC(1122) Pause Young (Allocation Failure)
[418.901s][info][gc,heap        ] GC(1122) PSYoungGen: 229952K(230400K)->64K(228864K) Eden: 229888K(229888K)->0K(221184K) From: 64K(512K)->64K(7680K)
[418.901s][info][gc,heap        ] GC(1122) ParOldGen: 275164K(275456K)->275172K(275456K)
[418.901s][info][gc,metaspace   ] GC(1122) Metaspace: 35393K(36096K)->35393K(36096K) NonClass: 29121K(29632K)->29121K(29632K) Class: 6271K(6464K)->6271K(6464K)
[418.901s][info][gc             ] GC(1122) Pause Young (Allocation Failure) 493M->268M(492M) 1.487ms
[418.901s][info][gc,cpu         ] GC(1122) User=0.00s Sys=0.00s Real=0.00s
[419.453s][info][gc,start       ] GC(1123) Pause Young (Allocation Failure)
[419.455s][info][gc,heap        ] GC(1123) PSYoungGen: 221248K(228864K)->64K(213504K) Eden: 221184K(221184K)->0K(212992K) From: 64K(7680K)->64K(512K)
[419.455s][info][gc,heap        ] GC(1123) ParOldGen: 275172K(275456K)->275180K(275456K)
[419.455s][info][gc,metaspace   ] GC(1123) Metaspace: 35393K(36096K)->35393K(36096K) NonClass: 29121K(29632K)->29121K(29632K) Class: 6271K(6464K)->6271K(6464K)
[419.455s][info][gc             ] GC(1123) Pause Young (Allocation Failure) 484M->268M(477M) 1.810ms
[419.455s][info][gc,cpu         ] GC(1123) User=0.00s Sys=0.00s Real=0.00s
[419.660s][info][gc,start       ] GC(1124) Pause Young (Allocation Failure)
[419.661s][info][gc,heap        ] GC(1124) PSYoungGen: 213056K(213504K)->64K(211968K) Eden: 212992K(212992K)->0K(205312K) From: 64K(512K)->64K(6656K)
[419.661s][info][gc,heap        ] GC(1124) ParOldGen: 275180K(275456K)->275188K(275456K)
[419.661s][info][gc,metaspace   ] GC(1124) Metaspace: 35393K(36096K)->35393K(36096K) NonClass: 29121K(29632K)->29121K(29632K) Class: 6271K(6464K)->6271K(6464K)
[419.661s][info][gc             ] GC(1124) Pause Young (Allocation Failure) 476M->268M(476M) 1.127ms
[419.661s][info][gc,cpu         ] GC(1124) User=0.01s Sys=0.00s Real=0.00s
[419.995s][info][gc,start       ] GC(1125) Pause Young (Allocation Failure)
[420.008s][info][gc,heap        ] GC(1125) PSYoungGen: 205376K(211968K)->6144K(250368K) Eden: 205312K(205312K)->0K(244224K) From: 64K(6656K)->6144K(6144K)
[420.008s][info][gc,heap        ] GC(1125) ParOldGen: 275188K(275456K)->276700K(276992K)
[420.008s][info][gc,metaspace   ] GC(1125) Metaspace: 35393K(36096K)->35393K(36096K) NonClass: 29121K(29632K)->29121K(29632K) Class: 6271K(6464K)->6271K(6464K)
[420.008s][info][gc             ] GC(1125) Pause Young (Allocation Failure) 469M->276M(515M) 12.872ms
[420.008s][info][gc,cpu         ] GC(1125) User=0.02s Sys=0.00s Real=0.02s
[420.260s][info][gc,start       ] GC(1126) Pause Young (Allocation Failure)
[420.310s][info][gc,heap        ] GC(1126) PSYoungGen: 250368K(250368K)->8192K(278016K) Eden: 244224K(244224K)->0K(269824K) From: 6144K(6144K)->8192K(8192K)
[420.310s][info][gc,heap        ] GC(1126) ParOldGen: 276700K(276992K)->294332K(294400K)
[420.310s][info][gc,metaspace   ] GC(1126) Metaspace: 35393K(36096K)->35393K(36096K) NonClass: 29121K(29632K)->29121K(29632K) Class: 6271K(6464K)->6271K(6464K)
[420.310s][info][gc             ] GC(1126) Pause Young (Allocation Failure) 514M->295M(559M) 50.147ms
[420.310s][info][gc,cpu         ] GC(1126) User=0.08s Sys=0.01s Real=0.05s
[420.587s][info][gc,start       ] GC(1127) Pause Young (Allocation Failure)
[420.650s][info][gc,heap        ] GC(1127) PSYoungGen: 278016K(278016K)->16896K(301568K) Eden: 269824K(269824K)->0K(284672K) From: 8192K(8192K)->16896K(16896K)
[420.650s][info][gc,heap        ] GC(1127) ParOldGen: 294332K(294400K)->306540K(306688K)
[420.650s][info][gc,metaspace   ] GC(1127) Metaspace: 35393K(36096K)->35393K(36096K) NonClass: 29121K(29632K)->29121K(29632K) Class: 6271K(6464K)->6271K(6464K)
[420.650s][info][gc             ] GC(1127) Pause Young (Allocation Failure) 558M->315M(594M) 63.745ms
[420.650s][info][gc,cpu         ] GC(1127) User=0.11s Sys=0.02s Real=0.06s
[420.773s][info][gc,start       ] GC(1128) Pause Young (Allocation Failure)
[420.791s][info][gc,heap        ] GC(1128) PSYoungGen: 301568K(301568K)->7104K(309248K) Eden: 284672K(284672K)->0K(284672K) From: 16896K(16896K)->7104K(24576K)
[420.791s][info][gc,heap        ] GC(1128) ParOldGen: 306540K(306688K)->306988K(307200K)
[420.791s][info][gc,metaspace   ] GC(1128) Metaspace: 35393K(36096K)->35393K(36096K) NonClass: 29121K(29632K)->29121K(29632K) Class: 6271K(6464K)->6271K(6464K)
[420.791s][info][gc             ] GC(1128) Pause Young (Allocation Failure) 593M->306M(602M) 17.413ms
[420.791s][info][gc,cpu         ] GC(1128) User=0.03s Sys=0.00s Real=0.02s
[421.280s][info][gc,start       ] GC(1129) Pause Young (Allocation Failure)
[421.281s][info][gc,heap        ] GC(1129) PSYoungGen: 291776K(309248K)->64K(306688K) Eden: 284672K(284672K)->0K(286208K) From: 7104K(24576K)->64K(20480K)
[421.281s][info][gc,heap        ] GC(1129) ParOldGen: 306988K(307200K)->306996K(307200K)
[421.281s][info][gc,metaspace   ] GC(1129) Metaspace: 35393K(36096K)->35393K(36096K) NonClass: 29121K(29632K)->29121K(29632K) Class: 6271K(6464K)->6271K(6464K)
[421.281s][info][gc             ] GC(1129) Pause Young (Allocation Failure) 584M->299M(599M) 1.385ms
[421.281s][info][gc,cpu         ] GC(1129) User=0.00s Sys=0.00s Real=0.00s
[421.828s][info][gc,start       ] GC(1130) Pause Young (Allocation Failure)
[421.829s][info][gc,heap        ] GC(1130) PSYoungGen: 286272K(306688K)->64K(308736K) Eden: 286208K(286208K)->0K(286208K) From: 64K(20480K)->64K(22528K)
[421.829s][info][gc,heap        ] GC(1130) ParOldGen: 306996K(307200K)->307004K(307200K)
[421.829s][info][gc,metaspace   ] GC(1130) Metaspace: 35393K(36096K)->35393K(36096K) NonClass: 29121K(29632K)->29121K(29632K) Class: 6271K(6464K)->6271K(6464K)
[421.829s][info][gc             ] GC(1130) Pause Young (Allocation Failure) 579M->299M(601M) 1.290ms
[421.830s][info][gc,cpu         ] GC(1130) User=0.00s Sys=0.00s Real=0.00s
[422.262s][info][gc,start       ] GC(1131) Pause Young (Allocation Failure)
[422.263s][info][gc,heap        ] GC(1131) PSYoungGen: 286272K(308736K)->64K(308736K) Eden: 286208K(286208K)->0K(289280K) From: 64K(22528K)->64K(19456K)
[422.263s][info][gc,heap        ] GC(1131) ParOldGen: 307004K(307200K)->307020K(307200K)
[422.263s][info][gc,metaspace   ] GC(1131) Metaspace: 35393K(36096K)->35393K(36096K) NonClass: 29121K(29632K)->29121K(29632K) Class: 6271K(6464K)->6271K(6464K)
[422.263s][info][gc             ] GC(1131) Pause Young (Allocation Failure) 579M->299M(601M) 1.318ms
[422.263s][info][gc,cpu         ] GC(1131) User=0.00s Sys=0.00s Real=0.00s
[422.483s][info][gc,start       ] GC(1132) Pause Young (Allocation Failure)
[422.484s][info][gc,heap        ] GC(1132) PSYoungGen: 289344K(308736K)->64K(310272K) Eden: 289280K(289280K)->0K(289280K) From: 64K(19456K)->64K(20992K)
[422.484s][info][gc,heap        ] GC(1132) ParOldGen: 307020K(307200K)->307036K(307200K)
[422.484s][info][gc,metaspace   ] GC(1132) Metaspace: 35393K(36096K)->35393K(36096K) NonClass: 29121K(29632K)->29121K(29632K) Class: 6271K(6464K)->6271K(6464K)
[422.484s][info][gc             ] GC(1132) Pause Young (Allocation Failure) 582M->299M(603M) 1.340ms
[422.484s][info][gc,cpu         ] GC(1132) User=0.00s Sys=0.00s Real=0.00s
[422.709s][info][gc,start       ] GC(1133) Pause Young (Allocation Failure)
[422.710s][info][gc,heap        ] GC(1133) PSYoungGen: 289344K(310272K)->64K(310272K) Eden: 289280K(289280K)->0K(292352K) From: 64K(20992K)->64K(17920K)
[422.710s][info][gc,heap        ] GC(1133) ParOldGen: 307036K(307200K)->307036K(307200K)
[422.710s][info][gc,metaspace   ] GC(1133) Metaspace: 35393K(36096K)->35393K(36096K) NonClass: 29121K(29632K)->29121K(29632K) Class: 6271K(6464K)->6271K(6464K)
[422.710s][info][gc             ] GC(1133) Pause Young (Allocation Failure) 582M->299M(603M) 1.361ms
[422.710s][info][gc,cpu         ] GC(1133) User=0.01s Sys=0.00s Real=0.00s
[423.071s][info][gc,start       ] GC(1134) Pause Young (Allocation Failure)
[423.072s][info][gc,heap        ] GC(1134) PSYoungGen: 292416K(310272K)->64K(311808K) Eden: 292352K(292352K)->0K(292352K) From: 64K(17920K)->64K(19456K)
[423.072s][info][gc,heap        ] GC(1134) ParOldGen: 307036K(307200K)->307036K(307200K)
[423.072s][info][gc,metaspace   ] GC(1134) Metaspace: 35393K(36096K)->35393K(36096K) NonClass: 29121K(29632K)->29121K(29632K) Class: 6271K(6464K)->6271K(6464K)
[423.072s][info][gc             ] GC(1134) Pause Young (Allocation Failure) 585M->299M(604M) 1.296ms
[423.072s][info][gc,cpu         ] GC(1134) User=0.00s Sys=0.00s Real=0.00s
[423.150s][info][gc,start       ] GC(1135) Pause Young (Allocation Failure)
[423.151s][info][gc,heap        ] GC(1135) PSYoungGen: 292416K(311808K)->64K(311808K) Eden: 292352K(292352K)->0K(295936K) From: 64K(19456K)->64K(15872K)
[423.151s][info][gc,heap        ] GC(1135) ParOldGen: 307036K(307200K)->307044K(307200K)
[423.151s][info][gc,metaspace   ] GC(1135) Metaspace: 35393K(36096K)->35393K(36096K) NonClass: 29121K(29632K)->29121K(29632K) Class: 6271K(6464K)->6271K(6464K)
[423.151s][info][gc             ] GC(1135) Pause Young (Allocation Failure) 585M->299M(604M) 1.196ms
[423.151s][info][gc,cpu         ] GC(1135) User=0.00s Sys=0.00s Real=0.00s
[423.208s][info][gc,start       ] GC(1136) Pause Young (Allocation Failure)
[423.209s][info][gc,heap        ] GC(1136) PSYoungGen: 296000K(311808K)->64K(313344K) Eden: 295936K(295936K)->0K(295936K) From: 64K(15872K)->64K(17408K)
[423.209s][info][gc,heap        ] GC(1136) ParOldGen: 307044K(307200K)->307060K(307200K)
[423.209s][info][gc,metaspace   ] GC(1136) Metaspace: 35393K(36096K)->35393K(36096K) NonClass: 29121K(29632K)->29121K(29632K) Class: 6271K(6464K)->6271K(6464K)
[423.209s][info][gc             ] GC(1136) Pause Young (Allocation Failure) 588M->299M(606M) 1.202ms
[423.209s][info][gc,cpu         ] GC(1136) User=0.00s Sys=0.00s Real=0.00s
[423.452s][info][gc,start       ] GC(1137) Pause Young (Allocation Failure)
[423.454s][info][gc,heap        ] GC(1137) PSYoungGen: 296000K(313344K)->64K(313856K) Eden: 295936K(295936K)->0K(299520K) From: 64K(17408K)->64K(14336K)
[423.454s][info][gc,heap        ] GC(1137) ParOldGen: 307060K(307200K)->307060K(307200K)
[423.454s][info][gc,metaspace   ] GC(1137) Metaspace: 35393K(36096K)->35393K(36096K) NonClass: 29121K(29632K)->29121K(29632K) Class: 6271K(6464K)->6271K(6464K)
[423.454s][info][gc             ] GC(1137) Pause Young (Allocation Failure) 588M->299M(606M) 1.256ms
[423.454s][info][gc,cpu         ] GC(1137) User=0.00s Sys=0.00s Real=0.00s
[423.767s][info][gc,start       ] GC(1138) Pause Young (Allocation Failure)
[423.768s][info][gc,heap        ] GC(1138) PSYoungGen: 299584K(313856K)->64K(315392K) Eden: 299520K(299520K)->0K(299520K) From: 64K(14336K)->64K(15872K)
[423.768s][info][gc,heap        ] GC(1138) ParOldGen: 307060K(307200K)->307068K(307200K)
[423.768s][info][gc,metaspace   ] GC(1138) Metaspace: 35393K(36096K)->35393K(36096K) NonClass: 29121K(29632K)->29121K(29632K) Class: 6271K(6464K)->6271K(6464K)
[423.768s][info][gc             ] GC(1138) Pause Young (Allocation Failure) 592M->299M(608M) 1.310ms
[423.768s][info][gc,cpu         ] GC(1138) User=0.00s Sys=0.00s Real=0.00s
[423.905s][info][gc,start       ] GC(1139) Pause Young (Allocation Failure)
[423.907s][info][gc,heap        ] GC(1139) PSYoungGen: 299584K(315392K)->64K(315392K) Eden: 299520K(299520K)->0K(303104K) From: 64K(15872K)->64K(12288K)
[423.907s][info][gc,heap        ] GC(1139) ParOldGen: 307068K(307200K)->307076K(307200K)
[423.907s][info][gc,metaspace   ] GC(1139) Metaspace: 35393K(36096K)->35393K(36096K) NonClass: 29121K(29632K)->29121K(29632K) Class: 6271K(6464K)->6271K(6464K)
[423.907s][info][gc             ] GC(1139) Pause Young (Allocation Failure) 592M->299M(608M) 1.323ms
[423.907s][info][gc,cpu         ] GC(1139) User=0.00s Sys=0.00s Real=0.00s
[423.998s][info][gc,start       ] GC(1140) Pause Young (Allocation Failure)
[423.999s][info][gc,heap        ] GC(1140) PSYoungGen: 303168K(315392K)->64K(316928K) Eden: 303104K(303104K)->0K(303104K) From: 64K(12288K)->64K(13824K)
[423.999s][info][gc,heap        ] GC(1140) ParOldGen: 307076K(307200K)->307084K(307200K)
[423.999s][info][gc,metaspace   ] GC(1140) Metaspace: 35393K(36096K)->35393K(36096K) NonClass: 29121K(29632K)->29121K(29632K) Class: 6271K(6464K)->6271K(6464K)
[423.999s][info][gc             ] GC(1140) Pause Young (Allocation Failure) 595M->299M(609M) 1.310ms
[423.999s][info][gc,cpu         ] GC(1140) User=0.00s Sys=0.00s Real=0.00s
[424.198s][info][gc,start       ] GC(1141) Pause Young (Allocation Failure)
[424.199s][info][gc,heap        ] GC(1141) PSYoungGen: 303168K(316928K)->64K(317440K) Eden: 303104K(303104K)->0K(306688K) From: 64K(13824K)->64K(10752K)
[424.199s][info][gc,heap        ] GC(1141) ParOldGen: 307084K(307200K)->307092K(307200K)
[424.199s][info][gc,metaspace   ] GC(1141) Metaspace: 35393K(36096K)->35393K(36096K) NonClass: 29121K(29632K)->29121K(29632K) Class: 6271K(6464K)->6271K(6464K)
[424.199s][info][gc             ] GC(1141) Pause Young (Allocation Failure) 595M->299M(610M) 1.313ms
[424.199s][info][gc,cpu         ] GC(1141) User=0.01s Sys=0.00s Real=0.00s
[425.169s][info][gc,start       ] GC(1142) Pause Young (Allocation Failure)
[425.171s][info][gc,heap        ] GC(1142) PSYoungGen: 306752K(317440K)->64K(294912K) Eden: 306688K(306688K)->0K(294400K) From: 64K(10752K)->64K(512K)
[425.171s][info][gc,heap        ] GC(1142) ParOldGen: 307092K(307200K)->307100K(307200K)
[425.171s][info][gc,metaspace   ] GC(1142) Metaspace: 35393K(36096K)->35393K(36096K) NonClass: 29121K(29632K)->29121K(29632K) Class: 6271K(6464K)->6271K(6464K)
[425.171s][info][gc             ] GC(1142) Pause Young (Allocation Failure) 599M->299M(588M) 1.716ms
[425.171s][info][gc,cpu         ] GC(1142) User=0.00s Sys=0.00s Real=0.00s
[426.057s][info][gc,start       ] GC(1143) Pause Young (Allocation Failure)
[426.059s][info][gc,heap        ] GC(1143) PSYoungGen: 294464K(294912K)->64K(283136K) Eden: 294400K(294400K)->0K(282624K) From: 64K(512K)->64K(512K)
[426.059s][info][gc,heap        ] GC(1143) ParOldGen: 307100K(307200K)->307108K(307200K)
[426.059s][info][gc,metaspace   ] GC(1143) Metaspace: 35393K(36096K)->35393K(36096K) NonClass: 29121K(29632K)->29121K(29632K) Class: 6271K(6464K)->6271K(6464K)
[426.059s][info][gc             ] GC(1143) Pause Young (Allocation Failure) 587M->299M(576M) 2.359ms
[426.059s][info][gc,cpu         ] GC(1143) User=0.00s Sys=0.00s Real=0.00s
[426.363s][info][gc,start       ] GC(1144) Pause Young (Allocation Failure)
[426.364s][info][gc,heap        ] GC(1144) PSYoungGen: 282688K(283136K)->64K(282112K) Eden: 282624K(282624K)->0K(271360K) From: 64K(512K)->64K(10752K)
[426.364s][info][gc,heap        ] GC(1144) ParOldGen: 307108K(307200K)->307116K(307200K)
[426.364s][info][gc,metaspace   ] GC(1144) Metaspace: 35393K(36096K)->35393K(36096K) NonClass: 29121K(29632K)->29121K(29632K) Class: 6271K(6464K)->6271K(6464K)
[426.364s][info][gc             ] GC(1144) Pause Young (Allocation Failure) 575M->299M(575M) 1.478ms
[426.364s][info][gc,cpu         ] GC(1144) User=0.00s Sys=0.00s Real=0.00s
[426.779s][info][gc,start       ] GC(1145) Pause Young (Allocation Failure)
[426.781s][info][gc,heap        ] GC(1145) PSYoungGen: 271424K(282112K)->64K(261120K) Eden: 271360K(271360K)->0K(260608K) From: 64K(10752K)->64K(512K)
[426.781s][info][gc,heap        ] GC(1145) ParOldGen: 307116K(307200K)->307124K(307200K)
[426.781s][info][gc,metaspace   ] GC(1145) Metaspace: 35393K(36096K)->35393K(36096K) NonClass: 29121K(29632K)->29121K(29632K) Class: 6271K(6464K)->6271K(6464K)
[426.781s][info][gc             ] GC(1145) Pause Young (Allocation Failure) 564M->299M(555M) 1.929ms
[426.781s][info][gc,cpu         ] GC(1145) User=0.00s Sys=0.00s Real=0.00s
[427.718s][info][gc,start       ] GC(1146) Pause Young (Allocation Failure)
[427.719s][info][gc,heap        ] GC(1146) PSYoungGen: 260672K(261120K)->64K(260096K) Eden: 260608K(260608K)->0K(250368K) From: 64K(512K)->64K(9728K)
[427.719s][info][gc,heap        ] GC(1146) ParOldGen: 307124K(307200K)->307132K(307200K)
[427.719s][info][gc,metaspace   ] GC(1146) Metaspace: 35393K(36096K)->35393K(36096K) NonClass: 29121K(29632K)->29121K(29632K) Class: 6271K(6464K)->6271K(6464K)
[427.719s][info][gc             ] GC(1146) Pause Young (Allocation Failure) 554M->299M(554M) 1.336ms
[427.719s][info][gc,cpu         ] GC(1146) User=0.00s Sys=0.00s Real=0.00s
[428.074s][info][gc,start       ] GC(1147) Pause Young (Allocation Failure)
[428.076s][info][gc,heap        ] GC(1147) PSYoungGen: 250432K(260096K)->64K(241152K) Eden: 250368K(250368K)->0K(240640K) From: 64K(9728K)->64K(512K)
[428.076s][info][gc,heap        ] GC(1147) ParOldGen: 307132K(307200K)->307140K(307200K)
[428.076s][info][gc,metaspace   ] GC(1147) Metaspace: 35393K(36096K)->35393K(36096K) NonClass: 29121K(29632K)->29121K(29632K) Class: 6271K(6464K)->6271K(6464K)
[428.076s][info][gc             ] GC(1147) Pause Young (Allocation Failure) 544M->300M(535M) 2.376ms
[428.076s][info][gc,cpu         ] GC(1147) User=0.00s Sys=0.00s Real=0.01s
[428.231s][info][gc,start       ] GC(1148) Pause Young (Allocation Failure)
[428.233s][info][gc,heap        ] GC(1148) PSYoungGen: 240704K(241152K)->64K(239616K) Eden: 240640K(240640K)->0K(231424K) From: 64K(512K)->64K(8192K)
[428.233s][info][gc,heap        ] GC(1148) ParOldGen: 307140K(307200K)->307156K(307200K)
[428.233s][info][gc,metaspace   ] GC(1148) Metaspace: 35393K(36096K)->35393K(36096K) NonClass: 29121K(29632K)->29121K(29632K) Class: 6271K(6464K)->6271K(6464K)
[428.234s][info][gc             ] GC(1148) Pause Young (Allocation Failure) 535M->300M(534M) 2.213ms
[428.234s][info][gc,cpu         ] GC(1148) User=0.00s Sys=0.00s Real=0.00s
[428.365s][info][gc,start       ] GC(1149) Pause Young (Allocation Failure)
[428.368s][info][gc,heap        ] GC(1149) PSYoungGen: 231488K(239616K)->64K(223232K) Eden: 231424K(231424K)->0K(222720K) From: 64K(8192K)->64K(512K)
[428.368s][info][gc,heap        ] GC(1149) ParOldGen: 307156K(307200K)->307172K(307200K)
[428.368s][info][gc,metaspace   ] GC(1149) Metaspace: 35393K(36096K)->35393K(36096K) NonClass: 29121K(29632K)->29121K(29632K) Class: 6271K(6464K)->6271K(6464K)
[428.368s][info][gc             ] GC(1149) Pause Young (Allocation Failure) 526M->300M(518M) 2.860ms
[428.368s][info][gc,cpu         ] GC(1149) User=0.00s Sys=0.00s Real=0.01s
[428.937s][info][gc,start       ] GC(1150) Pause Young (Allocation Failure)
[428.940s][info][gc,heap        ] GC(1150) PSYoungGen: 222784K(223232K)->64K(221696K) Eden: 222720K(222720K)->0K(214528K) From: 64K(512K)->64K(7168K)
[428.940s][info][gc,heap        ] GC(1150) ParOldGen: 307172K(307200K)->307188K(307200K)
[428.940s][info][gc,metaspace   ] GC(1150) Metaspace: 35393K(36096K)->35393K(36096K) NonClass: 29121K(29632K)->29121K(29632K) Class: 6271K(6464K)->6271K(6464K)
[428.940s][info][gc             ] GC(1150) Pause Young (Allocation Failure) 517M->300M(516M) 2.469ms
[428.940s][info][gc,cpu         ] GC(1150) User=0.00s Sys=0.00s Real=0.00s
[429.130s][info][gc,start       ] GC(1151) Pause Young (Allocation Failure)
[429.133s][info][gc,heap        ] GC(1151) PSYoungGen: 214592K(221696K)->64K(207360K) Eden: 214528K(214528K)->0K(206848K) From: 64K(7168K)->64K(512K)
[429.133s][info][gc,heap        ] GC(1151) ParOldGen: 307188K(307200K)->307204K(307712K)
[429.133s][info][gc,metaspace   ] GC(1151) Metaspace: 35393K(36096K)->35393K(36096K) NonClass: 29121K(29632K)->29121K(29632K) Class: 6271K(6464K)->6271K(6464K)
[429.133s][info][gc             ] GC(1151) Pause Young (Allocation Failure) 509M->300M(503M) 2.880ms
[429.133s][info][gc,cpu         ] GC(1151) User=0.00s Sys=0.00s Real=0.00s
[429.444s][info][gc,start       ] GC(1152) Pause Young (Allocation Failure)
[429.470s][info][gc,heap        ] GC(1152) PSYoungGen: 206912K(207360K)->6144K(252928K) Eden: 206848K(206848K)->0K(246784K) From: 64K(512K)->6144K(6144K)
[429.470s][info][gc,heap        ] GC(1152) ParOldGen: 307204K(307712K)->312844K(313344K)
[429.470s][info][gc,metaspace   ] GC(1152) Metaspace: 35393K(36096K)->35393K(36096K) NonClass: 29121K(29632K)->29121K(29632K) Class: 6271K(6464K)->6271K(6464K)
[429.470s][info][gc             ] GC(1152) Pause Young (Allocation Failure) 502M->311M(553M) 26.497ms
[429.470s][info][gc,cpu         ] GC(1152) User=0.04s Sys=0.01s Real=0.03s
[429.722s][info][gc,start       ] GC(1153) Pause Young (Allocation Failure)
[429.776s][info][gc,heap        ] GC(1153) PSYoungGen: 252928K(252928K)->6144K(260608K) Eden: 246784K(246784K)->0K(254464K) From: 6144K(6144K)->6144K(6144K)
[429.776s][info][gc,heap        ] GC(1153) ParOldGen: 312844K(313344K)->332956K(333312K)
[429.776s][info][gc,metaspace   ] GC(1153) Metaspace: 35393K(36096K)->35393K(36096K) NonClass: 29121K(29632K)->29121K(29632K) Class: 6271K(6464K)->6271K(6464K)
[429.776s][info][gc             ] GC(1153) Pause Young (Allocation Failure) 552M->331M(580M) 54.091ms
[429.776s][info][gc,cpu         ] GC(1153) User=0.10s Sys=0.01s Real=0.06s
[430.036s][info][gc,start       ] GC(1154) Pause Young (Allocation Failure)
[430.086s][info][gc,heap        ] GC(1154) PSYoungGen: 260608K(260608K)->17920K(272384K) Eden: 254464K(254464K)->0K(254464K) From: 6144K(6144K)->17920K(17920K)
[430.086s][info][gc,heap        ] GC(1154) ParOldGen: 332956K(333312K)->342604K(343040K)
[430.086s][info][gc,metaspace   ] GC(1154) Metaspace: 35393K(36096K)->35393K(36096K) NonClass: 29121K(29632K)->29121K(29632K) Class: 6271K(6464K)->6271K(6464K)
[430.086s][info][gc             ] GC(1154) Pause Young (Allocation Failure) 579M->352M(601M) 50.629ms
[430.086s][info][gc,cpu         ] GC(1154) User=0.09s Sys=0.01s Real=0.05s
[430.182s][info][gc,start       ] GC(1155) Pause Young (Allocation Failure)
[430.194s][info][gc,heap        ] GC(1155) PSYoungGen: 272384K(272384K)->4352K(309760K) Eden: 254464K(254464K)->0K(284160K) From: 17920K(17920K)->4352K(25600K)
[430.194s][info][gc,heap        ] GC(1155) ParOldGen: 342604K(343040K)->342940K(343040K)
[430.194s][info][gc,metaspace   ] GC(1155) Metaspace: 35393K(36096K)->35393K(36096K) NonClass: 29121K(29632K)->29121K(29632K) Class: 6271K(6464K)->6271K(6464K)
[430.194s][info][gc             ] GC(1155) Pause Young (Allocation Failure) 600M->339M(637M) 12.166ms
[430.194s][info][gc,cpu         ] GC(1155) User=0.02s Sys=0.00s Real=0.01s
[430.675s][info][gc,start       ] GC(1156) Pause Young (Allocation Failure)
[430.677s][info][gc,heap        ] GC(1156) PSYoungGen: 288512K(309760K)->64K(284672K) Eden: 284160K(284160K)->0K(284160K) From: 4352K(25600K)->64K(512K)
[430.677s][info][gc,heap        ] GC(1156) ParOldGen: 342940K(343040K)->342948K(343040K)
[430.677s][info][gc,metaspace   ] GC(1156) Metaspace: 35393K(36096K)->35393K(36096K) NonClass: 29121K(29632K)->29121K(29632K) Class: 6271K(6464K)->6271K(6464K)
[430.677s][info][gc             ] GC(1156) Pause Young (Allocation Failure) 616M->334M(613M) 1.393ms
[430.677s][info][gc,cpu         ] GC(1156) User=0.00s Sys=0.00s Real=0.00s
[431.224s][info][gc,start       ] GC(1157) Pause Young (Allocation Failure)
[431.226s][info][gc,heap        ] GC(1157) PSYoungGen: 284224K(284672K)->64K(307712K) Eden: 284160K(284160K)->0K(284672K) From: 64K(512K)->64K(23040K)
[431.226s][info][gc,heap        ] GC(1157) ParOldGen: 342948K(343040K)->342956K(343040K)
[431.226s][info][gc,metaspace   ] GC(1157) Metaspace: 35393K(36096K)->35393K(36096K) NonClass: 29121K(29632K)->29121K(29632K) Class: 6271K(6464K)->6271K(6464K)
[431.226s][info][gc             ] GC(1157) Pause Young (Allocation Failure) 612M->334M(635M) 1.456ms
[431.226s][info][gc,cpu         ] GC(1157) User=0.00s Sys=0.00s Real=0.01s
[431.656s][info][gc,start       ] GC(1158) Pause Young (Allocation Failure)
[431.658s][info][gc,heap        ] GC(1158) PSYoungGen: 284736K(307712K)->64K(307200K) Eden: 284672K(284672K)->0K(284672K) From: 64K(23040K)->64K(22528K)
[431.658s][info][gc,heap        ] GC(1158) ParOldGen: 342956K(343040K)->342972K(343040K)
[431.658s][info][gc,metaspace   ] GC(1158) Metaspace: 35393K(36096K)->35393K(36096K) NonClass: 29121K(29632K)->29121K(29632K) Class: 6271K(6464K)->6271K(6464K)
[431.658s][info][gc             ] GC(1158) Pause Young (Allocation Failure) 612M->334M(635M) 1.429ms
[431.658s][info][gc,cpu         ] GC(1158) User=0.00s Sys=0.00s Real=0.00s
[431.874s][info][gc,start       ] GC(1159) Pause Young (Allocation Failure)
[431.875s][info][gc,heap        ] GC(1159) PSYoungGen: 284736K(307200K)->64K(310272K) Eden: 284672K(284672K)->0K(289280K) From: 64K(22528K)->64K(20992K)
[431.875s][info][gc,heap        ] GC(1159) ParOldGen: 342972K(343040K)->342988K(343040K)
[431.875s][info][gc,metaspace   ] GC(1159) Metaspace: 35393K(36096K)->35393K(36096K) NonClass: 29121K(29632K)->29121K(29632K) Class: 6271K(6464K)->6271K(6464K)
[431.875s][info][gc             ] GC(1159) Pause Young (Allocation Failure) 612M->335M(638M) 1.567ms
[431.875s][info][gc,cpu         ] GC(1159) User=0.01s Sys=0.00s Real=0.01s
[432.098s][info][gc,start       ] GC(1160) Pause Young (Allocation Failure)
[432.099s][info][gc,heap        ] GC(1160) PSYoungGen: 289344K(310272K)->64K(309760K) Eden: 289280K(289280K)->0K(289280K) From: 64K(20992K)->64K(20480K)
[432.099s][info][gc,heap        ] GC(1160) ParOldGen: 342988K(343040K)->342988K(343040K)
[432.099s][info][gc,metaspace   ] GC(1160) Metaspace: 35393K(36096K)->35393K(36096K) NonClass: 29121K(29632K)->29121K(29632K) Class: 6271K(6464K)->6271K(6464K)
[432.099s][info][gc             ] GC(1160) Pause Young (Allocation Failure) 617M->335M(637M) 1.447ms
[432.099s][info][gc,cpu         ] GC(1160) User=0.01s Sys=0.00s Real=0.00s
[432.448s][info][gc,start       ] GC(1161) Pause Young (Allocation Failure)
[432.450s][info][gc,heap        ] GC(1161) PSYoungGen: 289344K(309760K)->64K(312320K) Eden: 289280K(289280K)->0K(293376K) From: 64K(20480K)->64K(18944K)
[432.450s][info][gc,heap        ] GC(1161) ParOldGen: 342988K(343040K)->342988K(343040K)
[432.450s][info][gc,metaspace   ] GC(1161) Metaspace: 35393K(36096K)->35393K(36096K) NonClass: 29121K(29632K)->29121K(29632K) Class: 6271K(6464K)->6271K(6464K)
[432.450s][info][gc             ] GC(1161) Pause Young (Allocation Failure) 617M->335M(640M) 1.393ms
[432.450s][info][gc,cpu         ] GC(1161) User=0.01s Sys=0.00s Real=0.00s
[432.542s][info][gc,start       ] GC(1162) Pause Young (Allocation Failure)
[432.543s][info][gc,heap        ] GC(1162) PSYoungGen: 293440K(312320K)->64K(312320K) Eden: 293376K(293376K)->0K(293376K) From: 64K(18944K)->64K(18944K)
[432.543s][info][gc,heap        ] GC(1162) ParOldGen: 342988K(343040K)->342996K(343040K)
[432.543s][info][gc,metaspace   ] GC(1162) Metaspace: 35393K(36096K)->35393K(36096K) NonClass: 29121K(29632K)->29121K(29632K) Class: 6271K(6464K)->6271K(6464K)
[432.543s][info][gc             ] GC(1162) Pause Young (Allocation Failure) 621M->335M(640M) 1.401ms
[432.543s][info][gc,cpu         ] GC(1162) User=0.01s Sys=0.00s Real=0.00s
[432.596s][info][gc,start       ] GC(1163) Pause Young (Allocation Failure)
[432.597s][info][gc,heap        ] GC(1163) PSYoungGen: 293440K(312320K)->64K(313856K) Eden: 293376K(293376K)->0K(296960K) From: 64K(18944K)->64K(16896K)
[432.598s][info][gc,heap        ] GC(1163) ParOldGen: 342996K(343040K)->343012K(343040K)
[432.598s][info][gc,metaspace   ] GC(1163) Metaspace: 35393K(36096K)->35393K(36096K) NonClass: 29121K(29632K)->29121K(29632K) Class: 6271K(6464K)->6271K(6464K)
[432.598s][info][gc             ] GC(1163) Pause Young (Allocation Failure) 621M->335M(641M) 1.278ms
[432.598s][info][gc,cpu         ] GC(1163) User=0.00s Sys=0.00s Real=0.00s
[432.826s][info][gc,start       ] GC(1164) Pause Young (Allocation Failure)
[432.827s][info][gc,heap        ] GC(1164) PSYoungGen: 297024K(313856K)->64K(313856K) Eden: 296960K(296960K)->0K(296960K) From: 64K(16896K)->64K(16896K)
[432.827s][info][gc,heap        ] GC(1164) ParOldGen: 343012K(343040K)->343012K(343040K)
[432.827s][info][gc,metaspace   ] GC(1164) Metaspace: 35393K(36096K)->35393K(36096K) NonClass: 29121K(29632K)->29121K(29632K) Class: 6271K(6464K)->6271K(6464K)
[432.827s][info][gc             ] GC(1164) Pause Young (Allocation Failure) 625M->335M(641M) 1.388ms
[432.827s][info][gc,cpu         ] GC(1164) User=0.00s Sys=0.00s Real=0.00s
[433.140s][info][gc,start       ] GC(1165) Pause Young (Allocation Failure)
[433.141s][info][gc,heap        ] GC(1165) PSYoungGen: 297024K(313856K)->64K(315904K) Eden: 296960K(296960K)->0K(301056K) From: 64K(16896K)->64K(14848K)
[433.141s][info][gc,heap        ] GC(1165) ParOldGen: 343012K(343040K)->343020K(343040K)
[433.141s][info][gc,metaspace   ] GC(1165) Metaspace: 35393K(36096K)->35393K(36096K) NonClass: 29121K(29632K)->29121K(29632K) Class: 6271K(6464K)->6271K(6464K)
[433.141s][info][gc             ] GC(1165) Pause Young (Allocation Failure) 625M->335M(643M) 1.374ms
[433.141s][info][gc,cpu         ] GC(1165) User=0.00s Sys=0.00s Real=0.00s
[433.289s][info][gc,start       ] GC(1166) Pause Young (Allocation Failure)
[433.290s][info][gc,heap        ] GC(1166) PSYoungGen: 301120K(315904K)->64K(315904K) Eden: 301056K(301056K)->0K(301056K) From: 64K(14848K)->64K(14848K)
[433.290s][info][gc,heap        ] GC(1166) ParOldGen: 343020K(343040K)->343028K(343040K)
[433.290s][info][gc,metaspace   ] GC(1166) Metaspace: 35393K(36096K)->35393K(36096K) NonClass: 29121K(29632K)->29121K(29632K) Class: 6271K(6464K)->6271K(6464K)
[433.290s][info][gc             ] GC(1166) Pause Young (Allocation Failure) 629M->335M(643M) 1.450ms
[433.290s][info][gc,cpu         ] GC(1166) User=0.00s Sys=0.00s Real=0.00s
[433.370s][info][gc,start       ] GC(1167) Pause Young (Allocation Failure)
[433.372s][info][gc,heap        ] GC(1167) PSYoungGen: 301120K(315904K)->64K(317440K) Eden: 301056K(301056K)->0K(304640K) From: 64K(14848K)->64K(12800K)
[433.372s][info][gc,heap        ] GC(1167) ParOldGen: 343028K(343040K)->343044K(343552K)
[433.372s][info][gc,metaspace   ] GC(1167) Metaspace: 35393K(36096K)->35393K(36096K) NonClass: 29121K(29632K)->29121K(29632K) Class: 6271K(6464K)->6271K(6464K)
[433.372s][info][gc             ] GC(1167) Pause Young (Allocation Failure) 629M->335M(645M) 1.342ms
[433.372s][info][gc,cpu         ] GC(1167) User=0.00s Sys=0.00s Real=0.00s
[433.571s][info][gc,start       ] GC(1168) Pause Young (Allocation Failure)
[433.572s][info][gc,heap        ] GC(1168) PSYoungGen: 304704K(317440K)->64K(317952K) Eden: 304640K(304640K)->0K(304640K) From: 64K(12800K)->64K(13312K)
[433.572s][info][gc,heap        ] GC(1168) ParOldGen: 343044K(343552K)->343044K(343552K)
[433.572s][info][gc,metaspace   ] GC(1168) Metaspace: 35393K(36096K)->35393K(36096K) NonClass: 29121K(29632K)->29121K(29632K) Class: 6271K(6464K)->6271K(6464K)
[433.573s][info][gc             ] GC(1168) Pause Young (Allocation Failure) 632M->335M(646M) 1.378ms
[433.573s][info][gc,cpu         ] GC(1168) User=0.00s Sys=0.00s Real=0.00s
[434.532s][info][gc,start       ] GC(1169) Pause Young (Allocation Failure)
[434.533s][info][gc,heap        ] GC(1169) PSYoungGen: 304704K(317952K)->83K(292864K) Eden: 304640K(304640K)->0K(292352K) From: 64K(13312K)->83K(512K)
[434.533s][info][gc,heap        ] GC(1169) ParOldGen: 343044K(343552K)->343052K(343552K)
[434.533s][info][gc,metaspace   ] GC(1169) Metaspace: 35393K(36096K)->35393K(36096K) NonClass: 29121K(29632K)->29121K(29632K) Class: 6271K(6464K)->6271K(6464K)
[434.533s][info][gc             ] GC(1169) Pause Young (Allocation Failure) 632M->335M(621M) 1.538ms
[434.533s][info][gc,cpu         ] GC(1169) User=0.01s Sys=0.00s Real=0.00s
[435.404s][info][gc,start       ] GC(1170) Pause Young (Allocation Failure)
[435.406s][info][gc,heap        ] GC(1170) PSYoungGen: 292435K(292864K)->64K(292352K) Eden: 292352K(292352K)->0K(280576K) From: 83K(512K)->64K(11776K)
[435.406s][info][gc,heap        ] GC(1170) ParOldGen: 343052K(343552K)->343060K(343552K)
[435.406s][info][gc,metaspace   ] GC(1170) Metaspace: 35393K(36096K)->35393K(36096K) NonClass: 29121K(29632K)->29121K(29632K) Class: 6271K(6464K)->6271K(6464K)
[435.406s][info][gc             ] GC(1170) Pause Young (Allocation Failure) 620M->335M(621M) 1.394ms
[435.406s][info][gc,cpu         ] GC(1170) User=0.01s Sys=0.00s Real=0.01s
[435.668s][info][gc,start       ] GC(1171) Pause Young (Allocation Failure)
[435.670s][info][gc,heap        ] GC(1171) PSYoungGen: 280640K(292352K)->64K(269824K) Eden: 280576K(280576K)->0K(269312K) From: 64K(11776K)->64K(512K)
[435.670s][info][gc,heap        ] GC(1171) ParOldGen: 343060K(343552K)->343068K(343552K)
[435.670s][info][gc,metaspace   ] GC(1171) Metaspace: 35393K(36096K)->35393K(36096K) NonClass: 29121K(29632K)->29121K(29632K) Class: 6271K(6464K)->6271K(6464K)
[435.670s][info][gc             ] GC(1171) Pause Young (Allocation Failure) 609M->335M(599M) 1.569ms
[435.670s][info][gc,cpu         ] GC(1171) User=0.00s Sys=0.00s Real=0.00s
[436.096s][info][gc,start       ] GC(1172) Pause Young (Allocation Failure)
[436.098s][info][gc,heap        ] GC(1172) PSYoungGen: 269376K(269824K)->64K(269312K) Eden: 269312K(269312K)->0K(259072K) From: 64K(512K)->64K(10240K)
[436.098s][info][gc,heap        ] GC(1172) ParOldGen: 343068K(343552K)->343084K(343552K)
[436.098s][info][gc,metaspace   ] GC(1172) Metaspace: 35393K(36096K)->35393K(36096K) NonClass: 29121K(29632K)->29121K(29632K) Class: 6271K(6464K)->6271K(6464K)
[436.098s][info][gc             ] GC(1172) Pause Young (Allocation Failure) 598M->335M(598M) 2.602ms
[436.098s][info][gc,cpu         ] GC(1172) User=0.01s Sys=0.00s Real=0.00s
[437.029s][info][gc,start       ] GC(1173) Pause Young (Allocation Failure)
[437.031s][info][gc,heap        ] GC(1173) PSYoungGen: 259136K(269312K)->64K(249344K) Eden: 259072K(259072K)->0K(248832K) From: 64K(10240K)->64K(512K)
[437.031s][info][gc,heap        ] GC(1173) ParOldGen: 343084K(343552K)->343092K(343552K)
[437.031s][info][gc,metaspace   ] GC(1173) Metaspace: 35393K(36096K)->35393K(36096K) NonClass: 29121K(29632K)->29121K(29632K) Class: 6271K(6464K)->6271K(6464K)
[437.031s][info][gc             ] GC(1173) Pause Young (Allocation Failure) 588M->335M(579M) 2.330ms
[437.031s][info][gc,cpu         ] GC(1173) User=0.00s Sys=0.00s Real=0.00s
[437.406s][info][gc,start       ] GC(1174) Pause Young (Allocation Failure)
[437.407s][info][gc,heap        ] GC(1174) PSYoungGen: 248896K(249344K)->64K(247808K) Eden: 248832K(248832K)->0K(239104K) From: 64K(512K)->64K(8704K)
[437.407s][info][gc,heap        ] GC(1174) ParOldGen: 343092K(343552K)->343100K(343552K)
[437.407s][info][gc,metaspace   ] GC(1174) Metaspace: 35393K(36096K)->35393K(36096K) NonClass: 29121K(29632K)->29121K(29632K) Class: 6271K(6464K)->6271K(6464K)
[437.407s][info][gc             ] GC(1174) Pause Young (Allocation Failure) 578M->335M(577M) 1.367ms
[437.407s][info][gc,cpu         ] GC(1174) User=0.00s Sys=0.00s Real=0.00s
[437.577s][info][gc,start       ] GC(1175) Pause Young (Allocation Failure)
[437.579s][info][gc,heap        ] GC(1175) PSYoungGen: 239168K(247808K)->64K(230400K) Eden: 239104K(239104K)->0K(229888K) From: 64K(8704K)->64K(512K)
[437.579s][info][gc,heap        ] GC(1175) ParOldGen: 343100K(343552K)->343108K(343552K)
[437.579s][info][gc,metaspace   ] GC(1175) Metaspace: 35393K(36096K)->35393K(36096K) NonClass: 29121K(29632K)->29121K(29632K) Class: 6271K(6464K)->6271K(6464K)
[437.579s][info][gc             ] GC(1175) Pause Young (Allocation Failure) 568M->335M(560M) 1.950ms
[437.579s][info][gc,cpu         ] GC(1175) User=0.00s Sys=0.00s Real=0.00s
[437.665s][info][gc,start       ] GC(1176) Pause Young (Allocation Failure)
[437.666s][info][gc,heap        ] GC(1176) PSYoungGen: 229952K(230400K)->64K(228864K) Eden: 229888K(229888K)->0K(221184K) From: 64K(512K)->64K(7680K)
[437.666s][info][gc,heap        ] GC(1176) ParOldGen: 343108K(343552K)->343116K(343552K)
[437.666s][info][gc,metaspace   ] GC(1176) Metaspace: 35393K(36096K)->35393K(36096K) NonClass: 29121K(29632K)->29121K(29632K) Class: 6271K(6464K)->6271K(6464K)
[437.666s][info][gc             ] GC(1176) Pause Young (Allocation Failure) 559M->335M(559M) 1.333ms
[437.666s][info][gc,cpu         ] GC(1176) User=0.00s Sys=0.00s Real=0.01s
[438.233s][info][gc,start       ] GC(1177) Pause Young (Allocation Failure)
[438.236s][info][gc,heap        ] GC(1177) PSYoungGen: 221248K(228864K)->64K(213504K) Eden: 221184K(221184K)->0K(212992K) From: 64K(7680K)->64K(512K)
[438.236s][info][gc,heap        ] GC(1177) ParOldGen: 343116K(343552K)->343132K(343552K)
[438.236s][info][gc,metaspace   ] GC(1177) Metaspace: 35393K(36096K)->35393K(36096K) NonClass: 29121K(29632K)->29121K(29632K) Class: 6271K(6464K)->6271K(6464K)
[438.236s][info][gc             ] GC(1177) Pause Young (Allocation Failure) 551M->335M(544M) 2.969ms
[438.236s][info][gc,cpu         ] GC(1177) User=0.00s Sys=0.00s Real=0.01s
[438.433s][info][gc,start       ] GC(1178) Pause Young (Allocation Failure)
[438.435s][info][gc,heap        ] GC(1178) PSYoungGen: 213056K(213504K)->64K(211968K) Eden: 212992K(212992K)->0K(205312K) From: 64K(512K)->64K(6656K)
[438.435s][info][gc,heap        ] GC(1178) ParOldGen: 343132K(343552K)->343148K(343552K)
[438.435s][info][gc,metaspace   ] GC(1178) Metaspace: 35393K(36096K)->35393K(36096K) NonClass: 29121K(29632K)->29121K(29632K) Class: 6271K(6464K)->6271K(6464K)
[438.435s][info][gc             ] GC(1178) Pause Young (Allocation Failure) 543M->335M(542M) 2.421ms
[438.435s][info][gc,cpu         ] GC(1178) User=0.00s Sys=0.00s Real=0.01s
[438.765s][info][gc,start       ] GC(1179) Pause Young (Allocation Failure)
[438.781s][info][gc,heap        ] GC(1179) PSYoungGen: 205376K(211968K)->6144K(250880K) Eden: 205312K(205312K)->0K(244736K) From: 64K(6656K)->6144K(6144K)
[438.781s][info][gc,heap        ] GC(1179) ParOldGen: 343148K(343552K)->344924K(345088K)
[438.781s][info][gc,metaspace   ] GC(1179) Metaspace: 35393K(36096K)->35393K(36096K) NonClass: 29121K(29632K)->29121K(29632K) Class: 6271K(6464K)->6271K(6464K)
[438.781s][info][gc             ] GC(1179) Pause Young (Allocation Failure) 535M->342M(582M) 15.827ms
[438.781s][info][gc,cpu         ] GC(1179) User=0.03s Sys=0.00s Real=0.02s
[439.027s][info][gc,start       ] GC(1180) Pause Young (Allocation Failure)
[439.077s][info][gc,heap        ] GC(1180) PSYoungGen: 250880K(250880K)->8192K(278528K) Eden: 244736K(244736K)->0K(270336K) From: 6144K(6144K)->8192K(8192K)
[439.077s][info][gc,heap        ] GC(1180) ParOldGen: 344924K(345088K)->362620K(363008K)
[439.077s][info][gc,metaspace   ] GC(1180) Metaspace: 35393K(36096K)->35393K(36096K) NonClass: 29121K(29632K)->29121K(29632K) Class: 6271K(6464K)->6271K(6464K)
[439.077s][info][gc             ] GC(1180) Pause Young (Allocation Failure) 581M->362M(626M) 50.067ms
[439.077s][info][gc,cpu         ] GC(1180) User=0.08s Sys=0.01s Real=0.05s
[439.356s][info][gc,start       ] GC(1181) Pause Young (Allocation Failure)
[439.422s][info][gc,heap        ] GC(1181) PSYoungGen: 278528K(278528K)->16896K(300544K) Eden: 270336K(270336K)->0K(283648K) From: 8192K(8192K)->16896K(16896K)
[439.422s][info][gc,heap        ] GC(1181) ParOldGen: 362620K(363008K)->374884K(375296K)
[439.422s][info][gc,metaspace   ] GC(1181) Metaspace: 35393K(36096K)->35393K(36096K) NonClass: 29121K(29632K)->29121K(29632K) Class: 6271K(6464K)->6271K(6464K)
[439.422s][info][gc             ] GC(1181) Pause Young (Allocation Failure) 626M->382M(660M) 65.950ms
[439.422s][info][gc,cpu         ] GC(1181) User=0.11s Sys=0.02s Real=0.06s
[439.542s][info][gc,start       ] GC(1182) Pause Young (Allocation Failure)
[439.558s][info][gc,heap        ] GC(1182) PSYoungGen: 300544K(300544K)->6752K(308736K) Eden: 283648K(283648K)->0K(283648K) From: 16896K(16896K)->6752K(25088K)
[439.558s][info][gc,heap        ] GC(1182) ParOldGen: 374884K(375296K)->375332K(375808K)
[439.558s][info][gc,metaspace   ] GC(1182) Metaspace: 35393K(36096K)->35393K(36096K) NonClass: 29121K(29632K)->29121K(29632K) Class: 6271K(6464K)->6271K(6464K)
[439.558s][info][gc             ] GC(1182) Pause Young (Allocation Failure) 659M->373M(668M) 16.054ms
[439.558s][info][gc,cpu         ] GC(1182) User=0.03s Sys=0.00s Real=0.02s
[440.043s][info][gc,start       ] GC(1183) Pause Young (Allocation Failure)
[440.044s][info][gc,heap        ] GC(1183) PSYoungGen: 290400K(308736K)->64K(305664K) Eden: 283648K(283648K)->0K(285696K) From: 6752K(25088K)->64K(19968K)
[440.044s][info][gc,heap        ] GC(1183) ParOldGen: 375332K(375808K)->375340K(375808K)
[440.044s][info][gc,metaspace   ] GC(1183) Metaspace: 35393K(36096K)->35393K(36096K) NonClass: 29121K(29632K)->29121K(29632K) Class: 6271K(6464K)->6271K(6464K)
[440.044s][info][gc             ] GC(1183) Pause Young (Allocation Failure) 650M->366M(665M) 1.511ms
[440.044s][info][gc,cpu         ] GC(1183) User=0.00s Sys=0.00s Real=0.00s
[440.581s][info][gc,start       ] GC(1184) Pause Young (Allocation Failure)
[440.582s][info][gc,heap        ] GC(1184) PSYoungGen: 285760K(305664K)->64K(308224K) Eden: 285696K(285696K)->0K(285696K) From: 64K(19968K)->64K(22528K)
[440.582s][info][gc,heap        ] GC(1184) ParOldGen: 375340K(375808K)->375348K(375808K)
[440.582s][info][gc,metaspace   ] GC(1184) Metaspace: 35393K(36096K)->35393K(36096K) NonClass: 29121K(29632K)->29121K(29632K) Class: 6271K(6464K)->6271K(6464K)
[440.582s][info][gc             ] GC(1184) Pause Young (Allocation Failure) 645M->366M(668M) 1.480ms
[440.582s][info][gc,cpu         ] GC(1184) User=0.00s Sys=0.00s Real=0.00s
[441.010s][info][gc,start       ] GC(1185) Pause Young (Allocation Failure)
[441.012s][info][gc,heap        ] GC(1185) PSYoungGen: 285760K(308224K)->64K(308736K) Eden: 285696K(285696K)->0K(289280K) From: 64K(22528K)->64K(19456K)
[441.012s][info][gc,heap        ] GC(1185) ParOldGen: 375348K(375808K)->375364K(375808K)
[441.012s][info][gc,metaspace   ] GC(1185) Metaspace: 35393K(36096K)->35393K(36096K) NonClass: 29121K(29632K)->29121K(29632K) Class: 6271K(6464K)->6271K(6464K)
[441.012s][info][gc             ] GC(1185) Pause Young (Allocation Failure) 645M->366M(668M) 1.532ms
[441.012s][info][gc,cpu         ] GC(1185) User=0.00s Sys=0.01s Real=0.00s
[441.228s][info][gc,start       ] GC(1186) Pause Young (Allocation Failure)
[441.230s][info][gc,heap        ] GC(1186) PSYoungGen: 289344K(308736K)->64K(310272K) Eden: 289280K(289280K)->0K(289280K) From: 64K(19456K)->64K(20992K)
[441.230s][info][gc,heap        ] GC(1186) ParOldGen: 375364K(375808K)->375380K(375808K)
[441.230s][info][gc,metaspace   ] GC(1186) Metaspace: 35393K(36096K)->35393K(36096K) NonClass: 29121K(29632K)->29121K(29632K) Class: 6271K(6464K)->6271K(6464K)
[441.230s][info][gc             ] GC(1186) Pause Young (Allocation Failure) 649M->366M(670M) 1.438ms
[441.230s][info][gc,cpu         ] GC(1186) User=0.01s Sys=0.00s Real=0.00s
[441.446s][info][gc,start       ] GC(1187) Pause Young (Allocation Failure)
[441.447s][info][gc,heap        ] GC(1187) PSYoungGen: 289344K(310272K)->64K(310272K) Eden: 289280K(289280K)->0K(292352K) From: 64K(20992K)->64K(17920K)
[441.447s][info][gc,heap        ] GC(1187) ParOldGen: 375380K(375808K)->375380K(375808K)
[441.447s][info][gc,metaspace   ] GC(1187) Metaspace: 35393K(36096K)->35393K(36096K) NonClass: 29121K(29632K)->29121K(29632K) Class: 6271K(6464K)->6271K(6464K)
[441.447s][info][gc             ] GC(1187) Pause Young (Allocation Failure) 649M->366M(670M) 1.432ms
[441.447s][info][gc,cpu         ] GC(1187) User=0.00s Sys=0.00s Real=0.00s
[441.804s][info][gc,start       ] GC(1188) Pause Young (Allocation Failure)
[441.806s][info][gc,heap        ] GC(1188) PSYoungGen: 292416K(310272K)->64K(311808K) Eden: 292352K(292352K)->0K(292352K) From: 64K(17920K)->64K(19456K)
[441.806s][info][gc,heap        ] GC(1188) ParOldGen: 375380K(375808K)->375380K(375808K)
[441.806s][info][gc,metaspace   ] GC(1188) Metaspace: 35393K(36096K)->35393K(36096K) NonClass: 29121K(29632K)->29121K(29632K) Class: 6271K(6464K)->6271K(6464K)
[441.806s][info][gc             ] GC(1188) Pause Young (Allocation Failure) 652M->366M(671M) 1.451ms
[441.806s][info][gc,cpu         ] GC(1188) User=0.01s Sys=0.00s Real=0.01s
[441.883s][info][gc,start       ] GC(1189) Pause Young (Allocation Failure)
[441.884s][info][gc,heap        ] GC(1189) PSYoungGen: 292416K(311808K)->64K(311808K) Eden: 292352K(292352K)->0K(295936K) From: 64K(19456K)->64K(15872K)
[441.884s][info][gc,heap        ] GC(1189) ParOldGen: 375380K(375808K)->375388K(375808K)
[441.884s][info][gc,metaspace   ] GC(1189) Metaspace: 35393K(36096K)->35393K(36096K) NonClass: 29121K(29632K)->29121K(29632K) Class: 6271K(6464K)->6271K(6464K)
[441.884s][info][gc             ] GC(1189) Pause Young (Allocation Failure) 652M->366M(671M) 1.359ms
[441.884s][info][gc,cpu         ] GC(1189) User=0.01s Sys=0.00s Real=0.00s
[441.942s][info][gc,start       ] GC(1190) Pause Young (Allocation Failure)
[441.944s][info][gc,heap        ] GC(1190) PSYoungGen: 296000K(311808K)->64K(313344K) Eden: 295936K(295936K)->0K(295936K) From: 64K(15872K)->64K(17408K)
[441.944s][info][gc,heap        ] GC(1190) ParOldGen: 375388K(375808K)->375404K(375808K)
[441.944s][info][gc,metaspace   ] GC(1190) Metaspace: 35393K(36096K)->35393K(36096K) NonClass: 29121K(29632K)->29121K(29632K) Class: 6271K(6464K)->6271K(6464K)
[441.944s][info][gc             ] GC(1190) Pause Young (Allocation Failure) 655M->366M(673M) 1.394ms
[441.944s][info][gc,cpu         ] GC(1190) User=0.00s Sys=0.00s Real=0.00s
[442.185s][info][gc,start       ] GC(1191) Pause Young (Allocation Failure)
[442.186s][info][gc,heap        ] GC(1191) PSYoungGen: 296000K(313344K)->64K(313856K) Eden: 295936K(295936K)->0K(299520K) From: 64K(17408K)->64K(14336K)
[442.186s][info][gc,heap        ] GC(1191) ParOldGen: 375404K(375808K)->375404K(375808K)
[442.186s][info][gc,metaspace   ] GC(1191) Metaspace: 35393K(36096K)->35393K(36096K) NonClass: 29121K(29632K)->29121K(29632K) Class: 6271K(6464K)->6271K(6464K)
[442.186s][info][gc             ] GC(1191) Pause Young (Allocation Failure) 655M->366M(673M) 1.421ms
[442.186s][info][gc,cpu         ] GC(1191) User=0.01s Sys=0.00s Real=0.01s
[442.495s][info][gc,start       ] GC(1192) Pause Young (Allocation Failure)
[442.496s][info][gc,heap        ] GC(1192) PSYoungGen: 299584K(313856K)->64K(315392K) Eden: 299520K(299520K)->0K(299520K) From: 64K(14336K)->64K(15872K)
[442.496s][info][gc,heap        ] GC(1192) ParOldGen: 375404K(375808K)->375412K(375808K)
[442.496s][info][gc,metaspace   ] GC(1192) Metaspace: 35393K(36096K)->35393K(36096K) NonClass: 29121K(29632K)->29121K(29632K) Class: 6271K(6464K)->6271K(6464K)
[442.496s][info][gc             ] GC(1192) Pause Young (Allocation Failure) 659M->366M(675M) 1.393ms
[442.496s][info][gc,cpu         ] GC(1192) User=0.00s Sys=0.00s Real=0.01s
[442.631s][info][gc,start       ] GC(1193) Pause Young (Allocation Failure)
[442.633s][info][gc,heap        ] GC(1193) PSYoungGen: 299584K(315392K)->64K(315392K) Eden: 299520K(299520K)->0K(303104K) From: 64K(15872K)->64K(12288K)
[442.633s][info][gc,heap        ] GC(1193) ParOldGen: 375412K(375808K)->375420K(375808K)
[442.633s][info][gc,metaspace   ] GC(1193) Metaspace: 35393K(36096K)->35393K(36096K) NonClass: 29121K(29632K)->29121K(29632K) Class: 6271K(6464K)->6271K(6464K)
[442.633s][info][gc             ] GC(1193) Pause Young (Allocation Failure) 659M->366M(675M) 1.406ms
[442.633s][info][gc,cpu         ] GC(1193) User=0.01s Sys=0.00s Real=0.00s
[442.723s][info][gc,start       ] GC(1194) Pause Young (Allocation Failure)
[442.725s][info][gc,heap        ] GC(1194) PSYoungGen: 303168K(315392K)->64K(316928K) Eden: 303104K(303104K)->0K(303104K) From: 64K(12288K)->64K(13824K)
[442.725s][info][gc,heap        ] GC(1194) ParOldGen: 375420K(375808K)->375428K(375808K)
[442.725s][info][gc,metaspace   ] GC(1194) Metaspace: 35393K(36096K)->35393K(36096K) NonClass: 29121K(29632K)->29121K(29632K) Class: 6271K(6464K)->6271K(6464K)
[442.725s][info][gc             ] GC(1194) Pause Young (Allocation Failure) 662M->366M(676M) 1.410ms
[442.725s][info][gc,cpu         ] GC(1194) User=0.01s Sys=0.00s Real=0.00s
[442.921s][info][gc,start       ] GC(1195) Pause Young (Allocation Failure)
[442.923s][info][gc,heap        ] GC(1195) PSYoungGen: 303168K(316928K)->64K(317440K) Eden: 303104K(303104K)->0K(306688K) From: 64K(13824K)->64K(10752K)
[442.923s][info][gc,heap        ] GC(1195) ParOldGen: 375428K(375808K)->375436K(375808K)
[442.923s][info][gc,metaspace   ] GC(1195) Metaspace: 35393K(36096K)->35393K(36096K) NonClass: 29121K(29632K)->29121K(29632K) Class: 6271K(6464K)->6271K(6464K)
[442.923s][info][gc             ] GC(1195) Pause Young (Allocation Failure) 662M->366M(677M) 1.408ms
[442.923s][info][gc,cpu         ] GC(1195) User=0.00s Sys=0.00s Real=0.00s
[443.877s][info][gc,start       ] GC(1196) Pause Young (Allocation Failure)
[443.879s][info][gc,heap        ] GC(1196) PSYoungGen: 306752K(317440K)->83K(294912K) Eden: 306688K(306688K)->0K(294400K) From: 64K(10752K)->83K(512K)
[443.879s][info][gc,heap        ] GC(1196) ParOldGen: 375436K(375808K)->375444K(375808K)
[443.879s][info][gc,metaspace   ] GC(1196) Metaspace: 35393K(36096K)->35393K(36096K) NonClass: 29121K(29632K)->29121K(29632K) Class: 6271K(6464K)->6271K(6464K)
[443.879s][info][gc             ] GC(1196) Pause Young (Allocation Failure) 666M->366M(655M) 1.940ms
[443.879s][info][gc,cpu         ] GC(1196) User=0.01s Sys=0.00s Real=0.00s
[444.768s][info][gc,start       ] GC(1197) Pause Young (Allocation Failure)
[444.770s][info][gc,heap        ] GC(1197) PSYoungGen: 294483K(294912K)->64K(283136K) Eden: 294400K(294400K)->0K(282624K) From: 83K(512K)->64K(512K)
[444.770s][info][gc,heap        ] GC(1197) ParOldGen: 375444K(375808K)->375452K(375808K)
[444.770s][info][gc,metaspace   ] GC(1197) Metaspace: 35393K(36096K)->35393K(36096K) NonClass: 29121K(29632K)->29121K(29632K) Class: 6271K(6464K)->6271K(6464K)
[444.770s][info][gc             ] GC(1197) Pause Young (Allocation Failure) 654M->366M(643M) 2.191ms
[444.770s][info][gc,cpu         ] GC(1197) User=0.00s Sys=0.00s Real=0.00s
[445.076s][info][gc,start       ] GC(1198) Pause Young (Allocation Failure)
[445.077s][info][gc,heap        ] GC(1198) PSYoungGen: 282688K(283136K)->64K(282112K) Eden: 282624K(282624K)->0K(271360K) From: 64K(512K)->64K(10752K)
[445.077s][info][gc,heap        ] GC(1198) ParOldGen: 375452K(375808K)->375460K(375808K)
[445.077s][info][gc,metaspace   ] GC(1198) Metaspace: 35393K(36096K)->35393K(36096K) NonClass: 29121K(29632K)->29121K(29632K) Class: 6271K(6464K)->6271K(6464K)
[445.077s][info][gc             ] GC(1198) Pause Young (Allocation Failure) 642M->366M(642M) 1.450ms
[445.077s][info][gc,cpu         ] GC(1198) User=0.00s Sys=0.00s Real=0.00s
[445.493s][info][gc,start       ] GC(1199) Pause Young (Allocation Failure)
[445.495s][info][gc,heap        ] GC(1199) PSYoungGen: 271424K(282112K)->64K(261120K) Eden: 271360K(271360K)->0K(260608K) From: 64K(10752K)->64K(512K)
[445.495s][info][gc,heap        ] GC(1199) ParOldGen: 375460K(375808K)->375468K(375808K)
[445.495s][info][gc,metaspace   ] GC(1199) Metaspace: 35393K(36096K)->35393K(36096K) NonClass: 29121K(29632K)->29121K(29632K) Class: 6271K(6464K)->6271K(6464K)
[445.495s][info][gc             ] GC(1199) Pause Young (Allocation Failure) 631M->366M(622M) 1.916ms
[445.495s][info][gc,cpu         ] GC(1199) User=0.01s Sys=0.00s Real=0.00s
[446.441s][info][gc,start       ] GC(1200) Pause Young (Allocation Failure)
[446.443s][info][gc,heap        ] GC(1200) PSYoungGen: 260672K(261120K)->64K(260096K) Eden: 260608K(260608K)->0K(250368K) From: 64K(512K)->64K(9728K)
[446.443s][info][gc,heap        ] GC(1200) ParOldGen: 375468K(375808K)->375484K(375808K)
[446.443s][info][gc,metaspace   ] GC(1200) Metaspace: 35393K(36096K)->35393K(36096K) NonClass: 29121K(29632K)->29121K(29632K) Class: 6271K(6464K)->6271K(6464K)
[446.443s][info][gc             ] GC(1200) Pause Young (Allocation Failure) 621M->366M(621M) 1.970ms
[446.443s][info][gc,cpu         ] GC(1200) User=0.00s Sys=0.00s Real=0.00s
[446.797s][info][gc,start       ] GC(1201) Pause Young (Allocation Failure)
[446.801s][info][gc,heap        ] GC(1201) PSYoungGen: 250432K(260096K)->32K(241152K) Eden: 250368K(250368K)->0K(240640K) From: 64K(9728K)->32K(512K)
[446.801s][info][gc,heap        ] GC(1201) ParOldGen: 375484K(375808K)->375492K(375808K)
[446.801s][info][gc,metaspace   ] GC(1201) Metaspace: 35393K(36096K)->35393K(36096K) NonClass: 29121K(29632K)->29121K(29632K) Class: 6271K(6464K)->6271K(6464K)
[446.801s][info][gc             ] GC(1201) Pause Young (Allocation Failure) 611M->366M(602M) 3.390ms
[446.801s][info][gc,cpu         ] GC(1201) User=0.01s Sys=0.00s Real=0.00s
[446.955s][info][gc,start       ] GC(1202) Pause Young (Allocation Failure)
[446.957s][info][gc,heap        ] GC(1202) PSYoungGen: 240672K(241152K)->32K(239616K) Eden: 240640K(240640K)->0K(231424K) From: 32K(512K)->32K(8192K)
[446.957s][info][gc,heap        ] GC(1202) ParOldGen: 375492K(375808K)->375500K(375808K)
[446.957s][info][gc,metaspace   ] GC(1202) Metaspace: 35393K(36096K)->35393K(36096K) NonClass: 29121K(29632K)->29121K(29632K) Class: 6271K(6464K)->6271K(6464K)
[446.957s][info][gc             ] GC(1202) Pause Young (Allocation Failure) 601M->366M(601M) 1.927ms
[446.957s][info][gc,cpu         ] GC(1202) User=0.00s Sys=0.00s Real=0.01s
[447.088s][info][gc,start       ] GC(1203) Pause Young (Allocation Failure)
[447.091s][info][gc,heap        ] GC(1203) PSYoungGen: 231456K(239616K)->32K(223232K) Eden: 231424K(231424K)->0K(222720K) From: 32K(8192K)->32K(512K)
[447.091s][info][gc,heap        ] GC(1203) ParOldGen: 375500K(375808K)->375508K(375808K)
[447.091s][info][gc,metaspace   ] GC(1203) Metaspace: 35393K(36096K)->35393K(36096K) NonClass: 29121K(29632K)->29121K(29632K) Class: 6271K(6464K)->6271K(6464K)
[447.091s][info][gc             ] GC(1203) Pause Young (Allocation Failure) 592M->366M(585M) 2.584ms
[447.091s][info][gc,cpu         ] GC(1203) User=0.00s Sys=0.00s Real=0.00s
[447.658s][info][gc,start       ] GC(1204) Pause Young (Allocation Failure)
[447.660s][info][gc,heap        ] GC(1204) PSYoungGen: 222752K(223232K)->64K(221696K) Eden: 222720K(222720K)->0K(214528K) From: 32K(512K)->64K(7168K)
[447.660s][info][gc,heap        ] GC(1204) ParOldGen: 375508K(375808K)->375524K(375808K)
[447.660s][info][gc,metaspace   ] GC(1204) Metaspace: 35393K(36096K)->35393K(36096K) NonClass: 29121K(29632K)->29121K(29632K) Class: 6271K(6464K)->6271K(6464K)
[447.660s][info][gc             ] GC(1204) Pause Young (Allocation Failure) 584M->366M(583M) 1.749ms
[447.660s][info][gc,cpu         ] GC(1204) User=0.00s Sys=0.00s Real=0.00s
[447.846s][info][gc,start       ] GC(1205) Pause Young (Allocation Failure)
[447.848s][info][gc,heap        ] GC(1205) PSYoungGen: 214592K(221696K)->32K(207360K) Eden: 214528K(214528K)->0K(206848K) From: 64K(7168K)->32K(512K)
[447.848s][info][gc,heap        ] GC(1205) ParOldGen: 375524K(375808K)->375532K(375808K)
[447.848s][info][gc,metaspace   ] GC(1205) Metaspace: 35393K(36096K)->35393K(36096K) NonClass: 29121K(29632K)->29121K(29632K) Class: 6271K(6464K)->6271K(6464K)
[447.848s][info][gc             ] GC(1205) Pause Young (Allocation Failure) 576M->366M(569M) 2.591ms
[447.848s][info][gc,cpu         ] GC(1205) User=0.00s Sys=0.00s Real=0.00s
[448.154s][info][gc,start       ] GC(1206) Pause Young (Allocation Failure)
[448.181s][info][gc,heap        ] GC(1206) PSYoungGen: 206880K(207360K)->6144K(252928K) Eden: 206848K(206848K)->0K(246784K) From: 32K(512K)->6144K(6144K)
[448.181s][info][gc,heap        ] GC(1206) ParOldGen: 375532K(375808K)->381228K(381440K)
[448.181s][info][gc,metaspace   ] GC(1206) Metaspace: 35393K(36096K)->35393K(36096K) NonClass: 29121K(29632K)->29121K(29632K) Class: 6271K(6464K)->6271K(6464K)
[448.181s][info][gc             ] GC(1206) Pause Young (Allocation Failure) 568M->378M(619M) 26.848ms
[448.181s][info][gc,cpu         ] GC(1206) User=0.05s Sys=0.01s Real=0.03s
[448.431s][info][gc,start       ] GC(1207) Pause Young (Allocation Failure)
[448.494s][info][gc,heap        ] GC(1207) PSYoungGen: 252928K(252928K)->6144K(260608K) Eden: 246784K(246784K)->0K(254464K) From: 6144K(6144K)->6144K(6144K)
[448.494s][info][gc,heap        ] GC(1207) ParOldGen: 381228K(381440K)->401340K(401408K)
[448.494s][info][gc,metaspace   ] GC(1207) Metaspace: 35393K(36096K)->35393K(36096K) NonClass: 29121K(29632K)->29121K(29632K) Class: 6271K(6464K)->6271K(6464K)
[448.494s][info][gc             ] GC(1207) Pause Young (Allocation Failure) 619M->397M(646M) 63.143ms
[448.494s][info][gc,cpu         ] GC(1207) User=0.11s Sys=0.01s Real=0.06s
[448.755s][info][gc,start       ] GC(1208) Pause Young (Allocation Failure)
[448.807s][info][gc,heap        ] GC(1208) PSYoungGen: 260608K(260608K)->17920K(272384K) Eden: 254464K(254464K)->0K(254464K) From: 6144K(6144K)->17920K(17920K)
[448.807s][info][gc,heap        ] GC(1208) ParOldGen: 401340K(401408K)->410988K(411136K)
[448.807s][info][gc,metaspace   ] GC(1208) Metaspace: 35393K(36096K)->35393K(36096K) NonClass: 29121K(29632K)->29121K(29632K) Class: 6271K(6464K)->6271K(6464K)
[448.807s][info][gc             ] GC(1208) Pause Young (Allocation Failure) 646M->418M(667M) 51.860ms
[448.807s][info][gc,cpu         ] GC(1208) User=0.10s Sys=0.01s Real=0.06s
[448.902s][info][gc,start       ] GC(1209) Pause Young (Allocation Failure)
[448.914s][info][gc,heap        ] GC(1209) PSYoungGen: 272384K(272384K)->4288K(309760K) Eden: 254464K(254464K)->0K(284160K) From: 17920K(17920K)->4288K(25600K)
[448.914s][info][gc,heap        ] GC(1209) ParOldGen: 410988K(411136K)->411324K(411648K)
[448.914s][info][gc,metaspace   ] GC(1209) Metaspace: 35393K(36096K)->35393K(36096K) NonClass: 29121K(29632K)->29121K(29632K) Class: 6271K(6464K)->6271K(6464K)
[448.914s][info][gc             ] GC(1209) Pause Young (Allocation Failure) 667M->405M(704M) 12.104ms
[448.914s][info][gc,cpu         ] GC(1209) User=0.03s Sys=0.00s Real=0.01s
[449.403s][info][gc,start       ] GC(1210) Pause Young (Allocation Failure)
[449.404s][info][gc,heap        ] GC(1210) PSYoungGen: 288448K(309760K)->64K(284672K) Eden: 284160K(284160K)->0K(284160K) From: 4288K(25600K)->64K(512K)
[449.404s][info][gc,heap        ] GC(1210) ParOldGen: 411324K(411648K)->411332K(411648K)
[449.404s][info][gc,metaspace   ] GC(1210) Metaspace: 35393K(36096K)->35393K(36096K) NonClass: 29121K(29632K)->29121K(29632K) Class: 6271K(6464K)->6271K(6464K)
[449.404s][info][gc             ] GC(1210) Pause Young (Allocation Failure) 683M->401M(680M) 1.572ms
[449.404s][info][gc,cpu         ] GC(1210) User=0.00s Sys=0.00s Real=0.00s
[449.957s][info][gc,start       ] GC(1211) Pause Young (Allocation Failure)
[449.958s][info][gc,heap        ] GC(1211) PSYoungGen: 284224K(284672K)->64K(307712K) Eden: 284160K(284160K)->0K(284672K) From: 64K(512K)->64K(23040K)
[449.958s][info][gc,heap        ] GC(1211) ParOldGen: 411332K(411648K)->411340K(411648K)
[449.958s][info][gc,metaspace   ] GC(1211) Metaspace: 35393K(36096K)->35393K(36096K) NonClass: 29121K(29632K)->29121K(29632K) Class: 6271K(6464K)->6271K(6464K)
[449.958s][info][gc             ] GC(1211) Pause Young (Allocation Failure) 679M->401M(702M) 1.587ms
[449.958s][info][gc,cpu         ] GC(1211) User=0.00s Sys=0.00s Real=0.00s
[450.390s][info][gc,start       ] GC(1212) Pause Young (Allocation Failure)
[450.391s][info][gc,heap        ] GC(1212) PSYoungGen: 284736K(307712K)->64K(307200K) Eden: 284672K(284672K)->0K(284672K) From: 64K(23040K)->64K(22528K)
[450.391s][info][gc,heap        ] GC(1212) ParOldGen: 411340K(411648K)->411356K(411648K)
[450.391s][info][gc,metaspace   ] GC(1212) Metaspace: 35393K(36096K)->35393K(36096K) NonClass: 29121K(29632K)->29121K(29632K) Class: 6271K(6464K)->6271K(6464K)
[450.391s][info][gc             ] GC(1212) Pause Young (Allocation Failure) 679M->401M(702M) 1.582ms
[450.391s][info][gc,cpu         ] GC(1212) User=0.00s Sys=0.00s Real=0.00s
[450.607s][info][gc,start       ] GC(1213) Pause Young (Allocation Failure)
[450.609s][info][gc,heap        ] GC(1213) PSYoungGen: 284736K(307200K)->64K(310272K) Eden: 284672K(284672K)->0K(289280K) From: 64K(22528K)->64K(20992K)
[450.609s][info][gc,heap        ] GC(1213) ParOldGen: 411356K(411648K)->411372K(411648K)
[450.609s][info][gc,metaspace   ] GC(1213) Metaspace: 35393K(36096K)->35393K(36096K) NonClass: 29121K(29632K)->29121K(29632K) Class: 6271K(6464K)->6271K(6464K)
[450.609s][info][gc             ] GC(1213) Pause Young (Allocation Failure) 679M->401M(705M) 1.567ms
[450.609s][info][gc,cpu         ] GC(1213) User=0.00s Sys=0.00s Real=0.00s
[450.833s][info][gc,start       ] GC(1214) Pause Young (Allocation Failure)
[450.835s][info][gc,heap        ] GC(1214) PSYoungGen: 289344K(310272K)->64K(309760K) Eden: 289280K(289280K)->0K(289280K) From: 64K(20992K)->64K(20480K)
[450.835s][info][gc,heap        ] GC(1214) ParOldGen: 411372K(411648K)->411372K(411648K)
[450.835s][info][gc,metaspace   ] GC(1214) Metaspace: 35393K(36096K)->35393K(36096K) NonClass: 29121K(29632K)->29121K(29632K) Class: 6271K(6464K)->6271K(6464K)
[450.835s][info][gc             ] GC(1214) Pause Young (Allocation Failure) 684M->401M(704M) 1.540ms
[450.835s][info][gc,cpu         ] GC(1214) User=0.00s Sys=0.00s Real=0.00s
[451.190s][info][gc,start       ] GC(1215) Pause Young (Allocation Failure)
[451.193s][info][gc,heap        ] GC(1215) PSYoungGen: 289344K(309760K)->64K(312320K) Eden: 289280K(289280K)->0K(293376K) From: 64K(20480K)->64K(18944K)
[451.193s][info][gc,heap        ] GC(1215) ParOldGen: 411372K(411648K)->411372K(411648K)
[451.193s][info][gc,metaspace   ] GC(1215) Metaspace: 35393K(36096K)->35393K(36096K) NonClass: 29121K(29632K)->29121K(29632K) Class: 6271K(6464K)->6271K(6464K)
[451.193s][info][gc             ] GC(1215) Pause Young (Allocation Failure) 684M->401M(707M) 2.914ms
[451.193s][info][gc,cpu         ] GC(1215) User=0.00s Sys=0.00s Real=0.00s
[451.286s][info][gc,start       ] GC(1216) Pause Young (Allocation Failure)
[451.288s][info][gc,heap        ] GC(1216) PSYoungGen: 293440K(312320K)->64K(312320K) Eden: 293376K(293376K)->0K(293376K) From: 64K(18944K)->64K(18944K)
[451.288s][info][gc,heap        ] GC(1216) ParOldGen: 411372K(411648K)->411380K(411648K)
[451.288s][info][gc,metaspace   ] GC(1216) Metaspace: 35393K(36096K)->35393K(36096K) NonClass: 29121K(29632K)->29121K(29632K) Class: 6271K(6464K)->6271K(6464K)
[451.288s][info][gc             ] GC(1216) Pause Young (Allocation Failure) 688M->401M(707M) 1.991ms
[451.288s][info][gc,cpu         ] GC(1216) User=0.00s Sys=0.00s Real=0.00s
[451.342s][info][gc,start       ] GC(1217) Pause Young (Allocation Failure)
[451.343s][info][gc,heap        ] GC(1217) PSYoungGen: 293440K(312320K)->64K(313856K) Eden: 293376K(293376K)->0K(296960K) From: 64K(18944K)->64K(16896K)
[451.343s][info][gc,heap        ] GC(1217) ParOldGen: 411380K(411648K)->411396K(411648K)
[451.343s][info][gc,metaspace   ] GC(1217) Metaspace: 35393K(36096K)->35393K(36096K) NonClass: 29121K(29632K)->29121K(29632K) Class: 6271K(6464K)->6271K(6464K)
[451.343s][info][gc             ] GC(1217) Pause Young (Allocation Failure) 688M->401M(708M) 1.466ms
[451.344s][info][gc,cpu         ] GC(1217) User=0.00s Sys=0.00s Real=0.00s
[451.576s][info][gc,start       ] GC(1218) Pause Young (Allocation Failure)
[451.577s][info][gc,heap        ] GC(1218) PSYoungGen: 297024K(313856K)->64K(313856K) Eden: 296960K(296960K)->0K(296960K) From: 64K(16896K)->64K(16896K)
[451.577s][info][gc,heap        ] GC(1218) ParOldGen: 411396K(411648K)->411396K(411648K)
[451.577s][info][gc,metaspace   ] GC(1218) Metaspace: 35393K(36096K)->35393K(36096K) NonClass: 29121K(29632K)->29121K(29632K) Class: 6271K(6464K)->6271K(6464K)
[451.577s][info][gc             ] GC(1218) Pause Young (Allocation Failure) 691M->401M(708M) 1.530ms
[451.577s][info][gc,cpu         ] GC(1218) User=0.00s Sys=0.00s Real=0.00s
[451.895s][info][gc,start       ] GC(1219) Pause Young (Allocation Failure)
[451.897s][info][gc,heap        ] GC(1219) PSYoungGen: 297024K(313856K)->64K(315904K) Eden: 296960K(296960K)->0K(301056K) From: 64K(16896K)->64K(14848K)
[451.897s][info][gc,heap        ] GC(1219) ParOldGen: 411396K(411648K)->411404K(411648K)
[451.897s][info][gc,metaspace   ] GC(1219) Metaspace: 35393K(36096K)->35393K(36096K) NonClass: 29121K(29632K)->29121K(29632K) Class: 6271K(6464K)->6271K(6464K)
[451.897s][info][gc             ] GC(1219) Pause Young (Allocation Failure) 691M->401M(710M) 1.560ms
[451.897s][info][gc,cpu         ] GC(1219) User=0.00s Sys=0.00s Real=0.01s
[452.045s][info][gc,start       ] GC(1220) Pause Young (Allocation Failure)
[452.047s][info][gc,heap        ] GC(1220) PSYoungGen: 301120K(315904K)->64K(315904K) Eden: 301056K(301056K)->0K(301056K) From: 64K(14848K)->64K(14848K)
[452.047s][info][gc,heap        ] GC(1220) ParOldGen: 411404K(411648K)->411412K(411648K)
[452.047s][info][gc,metaspace   ] GC(1220) Metaspace: 35393K(36096K)->35393K(36096K) NonClass: 29121K(29632K)->29121K(29632K) Class: 6271K(6464K)->6271K(6464K)
[452.047s][info][gc             ] GC(1220) Pause Young (Allocation Failure) 695M->401M(710M) 1.567ms
[452.047s][info][gc,cpu         ] GC(1220) User=0.01s Sys=0.00s Real=0.00s
[452.127s][info][gc,start       ] GC(1221) Pause Young (Allocation Failure)
[452.129s][info][gc,heap        ] GC(1221) PSYoungGen: 301120K(315904K)->64K(317440K) Eden: 301056K(301056K)->0K(304640K) From: 64K(14848K)->64K(12800K)
[452.129s][info][gc,heap        ] GC(1221) ParOldGen: 411412K(411648K)->411428K(411648K)
[452.129s][info][gc,metaspace   ] GC(1221) Metaspace: 35393K(36096K)->35393K(36096K) NonClass: 29121K(29632K)->29121K(29632K) Class: 6271K(6464K)->6271K(6464K)
[452.129s][info][gc             ] GC(1221) Pause Young (Allocation Failure) 695M->401M(712M) 1.505ms
[452.129s][info][gc,cpu         ] GC(1221) User=0.00s Sys=0.01s Real=0.00s
[452.332s][info][gc,start       ] GC(1222) Pause Young (Allocation Failure)
[452.334s][info][gc,heap        ] GC(1222) PSYoungGen: 304704K(317440K)->64K(317952K) Eden: 304640K(304640K)->0K(304640K) From: 64K(12800K)->64K(13312K)
[452.334s][info][gc,heap        ] GC(1222) ParOldGen: 411428K(411648K)->411428K(411648K)
[452.334s][info][gc,metaspace   ] GC(1222) Metaspace: 35393K(36096K)->35393K(36096K) NonClass: 29121K(29632K)->29121K(29632K) Class: 6271K(6464K)->6271K(6464K)
[452.334s][info][gc             ] GC(1222) Pause Young (Allocation Failure) 699M->401M(712M) 1.590ms
[452.334s][info][gc,cpu         ] GC(1222) User=0.00s Sys=0.00s Real=0.00s
[453.319s][info][gc,start       ] GC(1223) Pause Young (Allocation Failure)
[453.321s][info][gc,heap        ] GC(1223) PSYoungGen: 304704K(317952K)->83K(320000K) Eden: 304640K(304640K)->0K(308224K) From: 64K(13312K)->83K(11776K)
[453.321s][info][gc,heap        ] GC(1223) ParOldGen: 411428K(411648K)->411436K(411648K)
[453.321s][info][gc,metaspace   ] GC(1223) Metaspace: 35393K(36096K)->35393K(36096K) NonClass: 29121K(29632K)->29121K(29632K) Class: 6271K(6464K)->6271K(6464K)
[453.321s][info][gc             ] GC(1223) Pause Young (Allocation Failure) 699M->401M(714M) 1.546ms
[453.321s][info][gc,cpu         ] GC(1223) User=0.00s Sys=0.00s Real=0.00s
[454.212s][info][gc,start       ] GC(1224) Pause Young (Allocation Failure)
[454.213s][info][gc,heap        ] GC(1224) PSYoungGen: 308307K(320000K)->64K(296448K) Eden: 308224K(308224K)->0K(295936K) From: 83K(11776K)->64K(512K)
[454.213s][info][gc,heap        ] GC(1224) ParOldGen: 411436K(411648K)->411444K(411648K)
[454.213s][info][gc,metaspace   ] GC(1224) Metaspace: 35393K(36096K)->35393K(36096K) NonClass: 29121K(29632K)->29121K(29632K) Class: 6271K(6464K)->6271K(6464K)
[454.213s][info][gc             ] GC(1224) Pause Young (Allocation Failure) 702M->401M(691M) 1.600ms
[454.213s][info][gc,cpu         ] GC(1224) User=0.01s Sys=0.00s Real=0.00s
[454.542s][info][gc,start       ] GC(1225) Pause Young (Allocation Failure)
[454.544s][info][gc,heap        ] GC(1225) PSYoungGen: 296000K(296448K)->64K(284672K) Eden: 295936K(295936K)->0K(284160K) From: 64K(512K)->64K(512K)
[454.544s][info][gc,heap        ] GC(1225) ParOldGen: 411444K(411648K)->411452K(411648K)
[454.544s][info][gc,metaspace   ] GC(1225) Metaspace: 35393K(36096K)->35393K(36096K) NonClass: 29121K(29632K)->29121K(29632K) Class: 6271K(6464K)->6271K(6464K)
[454.544s][info][gc             ] GC(1225) Pause Young (Allocation Failure) 690M->401M(680M) 1.738ms
[454.544s][info][gc,cpu         ] GC(1225) User=0.00s Sys=0.00s Real=0.00s
[454.957s][info][gc,start       ] GC(1226) Pause Young (Allocation Failure)
[454.960s][info][gc,heap        ] GC(1226) PSYoungGen: 284224K(284672K)->64K(283136K) Eden: 284160K(284160K)->0K(272896K) From: 64K(512K)->64K(10240K)
[454.960s][info][gc,heap        ] GC(1226) ParOldGen: 411452K(411648K)->411468K(411648K)
[454.960s][info][gc,metaspace   ] GC(1226) Metaspace: 35393K(36096K)->35393K(36096K) NonClass: 29121K(29632K)->29121K(29632K) Class: 6271K(6464K)->6271K(6464K)
[454.960s][info][gc             ] GC(1226) Pause Young (Allocation Failure) 679M->401M(678M) 2.713ms
[454.960s][info][gc,cpu         ] GC(1226) User=0.01s Sys=0.00s Real=0.00s
[455.913s][info][gc,start       ] GC(1227) Pause Young (Allocation Failure)
[455.917s][info][gc,heap        ] GC(1227) PSYoungGen: 272960K(283136K)->64K(262656K) Eden: 272896K(272896K)->0K(262144K) From: 64K(10240K)->64K(512K)
[455.917s][info][gc,heap        ] GC(1227) ParOldGen: 411468K(411648K)->411476K(411648K)
[455.917s][info][gc,metaspace   ] GC(1227) Metaspace: 35393K(36096K)->35393K(36096K) NonClass: 29121K(29632K)->29121K(29632K) Class: 6271K(6464K)->6271K(6464K)
[455.917s][info][gc             ] GC(1227) Pause Young (Allocation Failure) 668M->401M(658M) 3.386ms
[455.917s][info][gc,cpu         ] GC(1227) User=0.01s Sys=0.00s Real=0.01s
[456.266s][info][gc,start       ] GC(1228) Pause Young (Allocation Failure)
[456.269s][info][gc,heap        ] GC(1228) PSYoungGen: 262208K(262656K)->64K(260608K) Eden: 262144K(262144K)->0K(251904K) From: 64K(512K)->64K(8704K)
[456.269s][info][gc,heap        ] GC(1228) ParOldGen: 411476K(411648K)->411492K(411648K)
[456.269s][info][gc,metaspace   ] GC(1228) Metaspace: 35393K(36096K)->35393K(36096K) NonClass: 29121K(29632K)->29121K(29632K) Class: 6271K(6464K)->6271K(6464K)
[456.269s][info][gc             ] GC(1228) Pause Young (Allocation Failure) 657M->401M(656M) 2.753ms
[456.269s][info][gc,cpu         ] GC(1228) User=0.01s Sys=0.00s Real=0.00s
[456.406s][info][gc,start       ] GC(1229) Pause Young (Allocation Failure)
[456.409s][info][gc,heap        ] GC(1229) PSYoungGen: 251968K(260608K)->64K(293376K) Eden: 251904K(251904K)->0K(285184K) From: 64K(8704K)->64K(8192K)
[456.409s][info][gc,heap        ] GC(1229) ParOldGen: 411492K(411648K)->411508K(411648K)
[456.409s][info][gc,metaspace   ] GC(1229) Metaspace: 35393K(36096K)->35393K(36096K) NonClass: 29121K(29632K)->29121K(29632K) Class: 6271K(6464K)->6271K(6464K)
[456.409s][info][gc             ] GC(1229) Pause Young (Allocation Failure) 647M->401M(688M) 2.813ms
[456.409s][info][gc,cpu         ] GC(1229) User=0.00s Sys=0.00s Real=0.00s
[456.818s][info][gc,start       ] GC(1230) Pause Young (Allocation Failure)
[456.821s][info][gc,heap        ] GC(1230) PSYoungGen: 285248K(293376K)->64K(274432K) Eden: 285184K(285184K)->0K(273920K) From: 64K(8192K)->64K(512K)
[456.822s][info][gc,heap        ] GC(1230) ParOldGen: 411508K(411648K)->411524K(411648K)
[456.822s][info][gc,metaspace   ] GC(1230) Metaspace: 35393K(36096K)->35393K(36096K) NonClass: 29121K(29632K)->29121K(29632K) Class: 6271K(6464K)->6271K(6464K)
[456.822s][info][gc             ] GC(1230) Pause Young (Allocation Failure) 680M->401M(670M) 3.504ms
[456.822s][info][gc,cpu         ] GC(1230) User=0.00s Sys=0.00s Real=0.00s
[457.201s][info][gc,start       ] GC(1231) Pause Young (Allocation Failure)
[457.205s][info][gc,heap        ] GC(1231) PSYoungGen: 273984K(274432K)->64K(263680K) Eden: 273920K(273920K)->0K(263168K) From: 64K(512K)->64K(512K)
[457.205s][info][gc,heap        ] GC(1231) ParOldGen: 411524K(411648K)->411540K(411648K)
[457.205s][info][gc,metaspace   ] GC(1231) Metaspace: 35393K(36096K)->35393K(36096K) NonClass: 29121K(29632K)->29121K(29632K) Class: 6271K(6464K)->6271K(6464K)
[457.205s][info][gc             ] GC(1231) Pause Young (Allocation Failure) 669M->401M(659M) 3.390ms
[457.205s][info][gc,cpu         ] GC(1231) User=0.00s Sys=0.00s Real=0.00s
[457.609s][info][gc,start       ] GC(1232) Pause Young (Allocation Failure)
[457.636s][info][gc,heap        ] GC(1232) PSYoungGen: 263232K(263680K)->6656K(280064K) Eden: 263168K(263168K)->0K(273408K) From: 64K(512K)->6656K(6656K)
[457.636s][info][gc,heap        ] GC(1232) ParOldGen: 411540K(411648K)->416964K(417280K)
[457.636s][info][gc,metaspace   ] GC(1232) Metaspace: 35393K(36096K)->35393K(36096K) NonClass: 29121K(29632K)->29121K(29632K) Class: 6271K(6464K)->6271K(6464K)
[457.636s][info][gc             ] GC(1232) Pause Young (Allocation Failure) 658M->413M(681M) 26.727ms
[457.636s][info][gc,cpu         ] GC(1232) User=0.04s Sys=0.00s Real=0.03s
[457.917s][info][gc,start       ] GC(1233) Pause Young (Allocation Failure)
[457.980s][info][gc,heap        ] GC(1233) PSYoungGen: 280064K(280064K)->10240K(305152K) Eden: 273408K(273408K)->0K(294912K) From: 6656K(6656K)->10240K(10240K)
[457.981s][info][gc,heap        ] GC(1233) ParOldGen: 416964K(417280K)->435772K(436224K)
[457.981s][info][gc,metaspace   ] GC(1233) Metaspace: 35393K(36096K)->35393K(36096K) NonClass: 29121K(29632K)->29121K(29632K) Class: 6271K(6464K)->6271K(6464K)
[457.981s][info][gc             ] GC(1233) Pause Young (Allocation Failure) 680M->435M(724M) 63.082ms
[457.981s][info][gc,cpu         ] GC(1233) User=0.10s Sys=0.02s Real=0.06s
[458.270s][info][gc,start       ] GC(1234) Pause Young (Allocation Failure)
[458.334s][info][gc,heap        ] GC(1234) PSYoungGen: 305152K(305152K)->19456K(314368K) Eden: 294912K(294912K)->0K(294912K) From: 10240K(10240K)->19456K(19456K)
[458.334s][info][gc,heap        ] GC(1234) ParOldGen: 435772K(436224K)->445036K(445440K)
[458.334s][info][gc,metaspace   ] GC(1234) Metaspace: 35393K(36096K)->35393K(36096K) NonClass: 29121K(29632K)->29121K(29632K) Class: 6271K(6464K)->6271K(6464K)
[458.334s][info][gc             ] GC(1234) Pause Young (Allocation Failure) 723M->453M(742M) 63.568ms
[458.334s][info][gc,cpu         ] GC(1234) User=0.11s Sys=0.02s Real=0.06s
[458.439s][info][gc,start       ] GC(1235) Pause Young (Allocation Failure)
[458.443s][info][gc,heap        ] GC(1235) PSYoungGen: 314368K(314368K)->64K(301056K) Eden: 294912K(294912K)->0K(281600K) From: 19456K(19456K)->64K(19456K)
[458.443s][info][gc,heap        ] GC(1235) ParOldGen: 445036K(445440K)->445364K(445440K)
[458.443s][info][gc,metaspace   ] GC(1235) Metaspace: 35393K(36096K)->35393K(36096K) NonClass: 29121K(29632K)->29121K(29632K) Class: 6271K(6464K)->6271K(6464K)
[458.443s][info][gc             ] GC(1235) Pause Young (Allocation Failure) 741M->434M(729M) 4.257ms
[458.443s][info][gc,cpu         ] GC(1235) User=0.00s Sys=0.00s Real=0.00s
[459.133s][info][gc,start       ] GC(1236) Pause Young (Allocation Failure)
[459.134s][info][gc,heap        ] GC(1236) PSYoungGen: 281664K(301056K)->64K(307712K) Eden: 281600K(281600K)->0K(281600K) From: 64K(19456K)->64K(26112K)
[459.134s][info][gc,heap        ] GC(1236) ParOldGen: 445364K(445440K)->445372K(445440K)
[459.134s][info][gc,metaspace   ] GC(1236) Metaspace: 35393K(36096K)->35393K(36096K) NonClass: 29121K(29632K)->29121K(29632K) Class: 6271K(6464K)->6271K(6464K)
[459.134s][info][gc             ] GC(1236) Pause Young (Allocation Failure) 709M->434M(735M) 1.595ms
[459.134s][info][gc,cpu         ] GC(1236) User=0.00s Sys=0.00s Real=0.00s
[459.484s][info][gc,start       ] GC(1237) Pause Young (Allocation Failure)
[459.486s][info][gc,heap        ] GC(1237) PSYoungGen: 281664K(307712K)->64K(305664K) Eden: 281600K(281600K)->0K(282624K) From: 64K(26112K)->64K(23040K)
[459.486s][info][gc,heap        ] GC(1237) ParOldGen: 445372K(445440K)->445380K(445440K)
[459.486s][info][gc,metaspace   ] GC(1237) Metaspace: 35393K(36096K)->35393K(36096K) NonClass: 29121K(29632K)->29121K(29632K) Class: 6271K(6464K)->6271K(6464K)
[459.486s][info][gc             ] GC(1237) Pause Young (Allocation Failure) 709M->435M(733M) 1.811ms
[459.486s][info][gc,cpu         ] GC(1237) User=0.00s Sys=0.00s Real=0.01s
[459.936s][info][gc,start       ] GC(1238) Pause Young (Allocation Failure)
[459.938s][info][gc,heap        ] GC(1238) PSYoungGen: 282688K(305664K)->64K(307200K) Eden: 282624K(282624K)->0K(282624K) From: 64K(23040K)->64K(24576K)
[459.938s][info][gc,heap        ] GC(1238) ParOldGen: 445380K(445440K)->445396K(445440K)
[459.938s][info][gc,metaspace   ] GC(1238) Metaspace: 35393K(36096K)->35393K(36096K) NonClass: 29121K(29632K)->29121K(29632K) Class: 6271K(6464K)->6271K(6464K)
[459.938s][info][gc             ] GC(1238) Pause Young (Allocation Failure) 711M->435M(735M) 1.801ms
[459.938s][info][gc,cpu         ] GC(1238) User=0.01s Sys=0.00s Real=0.00s
[460.158s][info][gc,start       ] GC(1239) Pause Young (Allocation Failure)
[460.160s][info][gc,heap        ] GC(1239) PSYoungGen: 282688K(307200K)->64K(307200K) Eden: 282624K(282624K)->0K(286208K) From: 64K(24576K)->64K(20992K)
[460.160s][info][gc,heap        ] GC(1239) ParOldGen: 445396K(445440K)->445412K(445440K)
[460.160s][info][gc,metaspace   ] GC(1239) Metaspace: 35393K(36096K)->35393K(36096K) NonClass: 29121K(29632K)->29121K(29632K) Class: 6271K(6464K)->6271K(6464K)
[460.160s][info][gc             ] GC(1239) Pause Young (Allocation Failure) 711M->435M(735M) 1.774ms
[460.160s][info][gc,cpu         ] GC(1239) User=0.01s Sys=0.00s Real=0.00s
[460.385s][info][gc,start       ] GC(1240) Pause Young (Allocation Failure)
[460.386s][info][gc,heap        ] GC(1240) PSYoungGen: 286272K(307200K)->32K(308224K) Eden: 286208K(286208K)->0K(286208K) From: 64K(20992K)->32K(22016K)
[460.386s][info][gc,heap        ] GC(1240) ParOldGen: 445412K(445440K)->445412K(445440K)
[460.386s][info][gc,metaspace   ] GC(1240) Metaspace: 35393K(36096K)->35393K(36096K) NonClass: 29121K(29632K)->29121K(29632K) Class: 6271K(6464K)->6271K(6464K)
[460.387s][info][gc             ] GC(1240) Pause Young (Allocation Failure) 714M->435M(736M) 1.635ms
[460.387s][info][gc,cpu         ] GC(1240) User=0.00s Sys=0.00s Real=0.01s
[460.723s][info][gc,start       ] GC(1241) Pause Young (Allocation Failure)
[460.725s][info][gc,heap        ] GC(1241) PSYoungGen: 286240K(308224K)->64K(309760K) Eden: 286208K(286208K)->0K(290816K) From: 32K(22016K)->64K(18944K)
[460.725s][info][gc,heap        ] GC(1241) ParOldGen: 445412K(445440K)->445412K(445440K)
[460.725s][info][gc,metaspace   ] GC(1241) Metaspace: 35393K(36096K)->35393K(36096K) NonClass: 29121K(29632K)->29121K(29632K) Class: 6271K(6464K)->6271K(6464K)
[460.725s][info][gc             ] GC(1241) Pause Young (Allocation Failure) 714M->435M(737M) 1.716ms
[460.725s][info][gc,cpu         ] GC(1241) User=0.00s Sys=0.00s Real=0.01s
[460.781s][info][gc,start       ] GC(1242) Pause Young (Allocation Failure)
[460.782s][info][gc,heap        ] GC(1242) PSYoungGen: 290879K(309760K)->64K(310784K) Eden: 290815K(290816K)->0K(290816K) From: 64K(18944K)->64K(19968K)
[460.782s][info][gc,heap        ] GC(1242) ParOldGen: 445412K(445440K)->445428K(445440K)
[460.782s][info][gc,metaspace   ] GC(1242) Metaspace: 35393K(36096K)->35393K(36096K) NonClass: 29121K(29632K)->29121K(29632K) Class: 6271K(6464K)->6271K(6464K)
[460.782s][info][gc             ] GC(1242) Pause Young (Allocation Failure) 719M->435M(738M) 1.677ms
[460.782s][info][gc,cpu         ] GC(1242) User=0.01s Sys=0.00s Real=0.00s
[460.836s][info][gc,start       ] GC(1243) Pause Young (Allocation Failure)
[460.837s][info][gc,heap        ] GC(1243) PSYoungGen: 290880K(310784K)->64K(311808K) Eden: 290816K(290816K)->0K(294912K) From: 64K(19968K)->64K(16896K)
[460.837s][info][gc,heap        ] GC(1243) ParOldGen: 445428K(445440K)->445428K(445440K)
[460.837s][info][gc,metaspace   ] GC(1243) Metaspace: 35393K(36096K)->35393K(36096K) NonClass: 29121K(29632K)->29121K(29632K) Class: 6271K(6464K)->6271K(6464K)
[460.837s][info][gc             ] GC(1243) Pause Young (Allocation Failure) 719M->435M(739M) 1.559ms
[460.837s][info][gc,cpu         ] GC(1243) User=0.00s Sys=0.00s Real=0.00s
[461.158s][info][gc,start       ] GC(1244) Pause Young (Allocation Failure)
[461.160s][info][gc,heap        ] GC(1244) PSYoungGen: 294976K(311808K)->64K(312832K) Eden: 294912K(294912K)->0K(294912K) From: 64K(16896K)->64K(17920K)
[461.160s][info][gc,heap        ] GC(1244) ParOldGen: 445428K(445440K)->445428K(445440K)
[461.160s][info][gc,metaspace   ] GC(1244) Metaspace: 35393K(36096K)->35393K(36096K) NonClass: 29121K(29632K)->29121K(29632K) Class: 6271K(6464K)->6271K(6464K)
[461.160s][info][gc             ] GC(1244) Pause Young (Allocation Failure) 723M->435M(740M) 1.861ms
[461.160s][info][gc,cpu         ] GC(1244) User=0.00s Sys=0.00s Real=0.00s
[461.438s][info][gc,start       ] GC(1245) Pause Young (Allocation Failure)
[461.439s][info][gc,heap        ] GC(1245) PSYoungGen: 294976K(312832K)->64K(313856K) Eden: 294912K(294912K)->0K(299008K) From: 64K(17920K)->64K(14848K)
[461.439s][info][gc,heap        ] GC(1245) ParOldGen: 445428K(445440K)->445436K(445440K)
[461.439s][info][gc,metaspace   ] GC(1245) Metaspace: 35393K(36096K)->35393K(36096K) NonClass: 29121K(29632K)->29121K(29632K) Class: 6271K(6464K)->6271K(6464K)
[461.439s][info][gc             ] GC(1245) Pause Young (Allocation Failure) 723M->435M(741M) 1.789ms
[461.439s][info][gc,cpu         ] GC(1245) User=0.00s Sys=0.00s Real=0.00s
[461.551s][info][gc,start       ] GC(1246) Pause Young (Allocation Failure)
[461.553s][info][gc,heap        ] GC(1246) PSYoungGen: 299072K(313856K)->64K(314880K) Eden: 299008K(299008K)->0K(299008K) From: 64K(14848K)->64K(15872K)
[461.553s][info][gc,heap        ] GC(1246) ParOldGen: 445436K(445440K)->445444K(445952K)
[461.553s][info][gc,metaspace   ] GC(1246) Metaspace: 35393K(36096K)->35393K(36096K) NonClass: 29121K(29632K)->29121K(29632K) Class: 6271K(6464K)->6271K(6464K)
[461.553s][info][gc             ] GC(1246) Pause Young (Allocation Failure) 727M->435M(743M) 1.722ms
[461.553s][info][gc,cpu         ] GC(1246) User=0.00s Sys=0.00s Real=0.00s
[461.670s][info][gc,start       ] GC(1247) Pause Young (Allocation Failure)
[461.672s][info][gc,heap        ] GC(1247) PSYoungGen: 299072K(314880K)->64K(315904K) Eden: 299008K(299008K)->0K(303104K) From: 64K(15872K)->64K(12800K)
[461.672s][info][gc,heap        ] GC(1247) ParOldGen: 445444K(445952K)->445452K(445952K)
[461.672s][info][gc,metaspace   ] GC(1247) Metaspace: 35393K(36096K)->35393K(36096K) NonClass: 29121K(29632K)->29121K(29632K) Class: 6271K(6464K)->6271K(6464K)
[461.672s][info][gc             ] GC(1247) Pause Young (Allocation Failure) 727M->435M(744M) 1.709ms
[461.672s][info][gc,cpu         ] GC(1247) User=0.00s Sys=0.00s Real=0.00s
[461.915s][info][gc,start       ] GC(1248) Pause Young (Allocation Failure)
[461.916s][info][gc,heap        ] GC(1248) PSYoungGen: 303168K(315904K)->64K(316928K) Eden: 303104K(303104K)->0K(303104K) From: 64K(12800K)->64K(13824K)
[461.916s][info][gc,heap        ] GC(1248) ParOldGen: 445452K(445952K)->445460K(445952K)
[461.916s][info][gc,metaspace   ] GC(1248) Metaspace: 35393K(36096K)->35393K(36096K) NonClass: 29121K(29632K)->29121K(29632K) Class: 6271K(6464K)->6271K(6464K)
[461.917s][info][gc             ] GC(1248) Pause Young (Allocation Failure) 731M->435M(745M) 1.649ms
[461.917s][info][gc,cpu         ] GC(1248) User=0.00s Sys=0.00s Real=0.01s
[462.827s][info][gc,start       ] GC(1249) Pause Young (Allocation Failure)
[462.829s][info][gc,heap        ] GC(1249) PSYoungGen: 303168K(316928K)->83K(317440K) Eden: 303104K(303104K)->0K(306688K) From: 64K(13824K)->83K(10752K)
[462.829s][info][gc,heap        ] GC(1249) ParOldGen: 445460K(445952K)->445468K(445952K)
[462.829s][info][gc,metaspace   ] GC(1249) Metaspace: 35393K(36096K)->35393K(36096K) NonClass: 29121K(29632K)->29121K(29632K) Class: 6271K(6464K)->6271K(6464K)
[462.829s][info][gc             ] GC(1249) Pause Young (Allocation Failure) 731M->435M(745M) 1.754ms
[462.829s][info][gc,cpu         ] GC(1249) User=0.00s Sys=0.00s Real=0.00s
[463.790s][info][gc,start       ] GC(1250) Pause Young (Allocation Failure)
[463.792s][info][gc,heap        ] GC(1250) PSYoungGen: 306771K(317440K)->64K(294912K) Eden: 306688K(306688K)->0K(294400K) From: 83K(10752K)->64K(512K)
[463.792s][info][gc,heap        ] GC(1250) ParOldGen: 445468K(445952K)->445476K(445952K)
[463.792s][info][gc,metaspace   ] GC(1250) Metaspace: 35393K(36096K)->35393K(36096K) NonClass: 29121K(29632K)->29121K(29632K) Class: 6271K(6464K)->6271K(6464K)
[463.792s][info][gc             ] GC(1250) Pause Young (Allocation Failure) 734M->435M(723M) 2.343ms
[463.792s][info][gc,cpu         ] GC(1250) User=0.01s Sys=0.00s Real=0.00s
[464.202s][info][gc,start       ] GC(1251) Pause Young (Allocation Failure)
[464.204s][info][gc,heap        ] GC(1251) PSYoungGen: 294464K(294912K)->64K(283136K) Eden: 294400K(294400K)->0K(282624K) From: 64K(512K)->64K(512K)
[464.204s][info][gc,heap        ] GC(1251) ParOldGen: 445476K(445952K)->445484K(445952K)
[464.204s][info][gc,metaspace   ] GC(1251) Metaspace: 35393K(36096K)->35393K(36096K) NonClass: 29121K(29632K)->29121K(29632K) Class: 6271K(6464K)->6271K(6464K)
[464.204s][info][gc             ] GC(1251) Pause Young (Allocation Failure) 722M->435M(712M) 2.463ms
[464.204s][info][gc,cpu         ] GC(1251) User=0.01s Sys=0.00s Real=0.00s
[465.242s][info][gc,start       ] GC(1252) Pause Young (Allocation Failure)
[465.245s][info][gc,heap        ] GC(1252) PSYoungGen: 282688K(283136K)->64K(282112K) Eden: 282624K(282624K)->0K(271360K) From: 64K(512K)->64K(10752K)
[465.245s][info][gc,heap        ] GC(1252) ParOldGen: 445484K(445952K)->445500K(445952K)
[465.245s][info][gc,metaspace   ] GC(1252) Metaspace: 35393K(36096K)->35393K(36096K) NonClass: 29121K(29632K)->29121K(29632K) Class: 6271K(6464K)->6271K(6464K)
[465.245s][info][gc             ] GC(1252) Pause Young (Allocation Failure) 711M->435M(711M) 2.797ms
[465.245s][info][gc,cpu         ] GC(1252) User=0.00s Sys=0.00s Real=0.00s
[465.473s][info][gc,start       ] GC(1253) Pause Young (Allocation Failure)
[465.476s][info][gc,heap        ] GC(1253) PSYoungGen: 271424K(282112K)->64K(261120K) Eden: 271360K(271360K)->0K(260608K) From: 64K(10752K)->64K(512K)
[465.476s][info][gc,heap        ] GC(1253) ParOldGen: 445500K(445952K)->445516K(445952K)
[465.476s][info][gc,metaspace   ] GC(1253) Metaspace: 35393K(36096K)->35393K(36096K) NonClass: 29121K(29632K)->29121K(29632K) Class: 6271K(6464K)->6271K(6464K)
[465.476s][info][gc             ] GC(1253) Pause Young (Allocation Failure) 700M->435M(690M) 3.304ms
[465.476s][info][gc,cpu         ] GC(1253) User=0.01s Sys=0.00s Real=0.01s
[465.867s][info][gc,start       ] GC(1254) Pause Young (Allocation Failure)
[465.869s][info][gc,heap        ] GC(1254) PSYoungGen: 260672K(261120K)->64K(259584K) Eden: 260608K(260608K)->0K(250368K) From: 64K(512K)->64K(9216K)
[465.869s][info][gc,heap        ] GC(1254) ParOldGen: 445516K(445952K)->445524K(445952K)
[465.869s][info][gc,metaspace   ] GC(1254) Metaspace: 35393K(36096K)->35393K(36096K) NonClass: 29121K(29632K)->29121K(29632K) Class: 6271K(6464K)->6271K(6464K)
[465.869s][info][gc             ] GC(1254) Pause Young (Allocation Failure) 689M->435M(689M) 2.147ms
[465.869s][info][gc,cpu         ] GC(1254) User=0.01s Sys=0.00s Real=0.00s
[465.929s][info][gc,start       ] GC(1255) Pause Young (Allocation Failure)
[465.931s][info][gc,heap        ] GC(1255) PSYoungGen: 250432K(259584K)->64K(292864K) Eden: 250368K(250368K)->0K(284160K) From: 64K(9216K)->64K(8704K)
[465.931s][info][gc,heap        ] GC(1255) ParOldGen: 445524K(445952K)->445532K(445952K)
[465.931s][info][gc,metaspace   ] GC(1255) Metaspace: 35393K(36096K)->35393K(36096K) NonClass: 29121K(29632K)->29121K(29632K) Class: 6271K(6464K)->6271K(6464K)
[465.931s][info][gc             ] GC(1255) Pause Young (Allocation Failure) 679M->435M(721M) 1.861ms
[465.931s][info][gc,cpu         ] GC(1255) User=0.00s Sys=0.00s Real=0.00s
[466.500s][info][gc,start       ] GC(1256) Pause Young (Allocation Failure)
[466.503s][info][gc,heap        ] GC(1256) PSYoungGen: 284224K(292864K)->64K(292352K) Eden: 284160K(284160K)->0K(284160K) From: 64K(8704K)->64K(8192K)
[466.503s][info][gc,heap        ] GC(1256) ParOldGen: 445532K(445952K)->445540K(445952K)
[466.503s][info][gc,metaspace   ] GC(1256) Metaspace: 35393K(36096K)->35393K(36096K) NonClass: 29121K(29632K)->29121K(29632K) Class: 6271K(6464K)->6271K(6464K)
[466.503s][info][gc             ] GC(1256) Pause Young (Allocation Failure) 712M->435M(721M) 3.049ms
[466.503s][info][gc,cpu         ] GC(1256) User=0.00s Sys=0.00s Real=0.00s
[466.830s][info][gc,start       ] GC(1257) Pause Young (Allocation Failure)
[466.833s][info][gc,heap        ] GC(1257) PSYoungGen: 284224K(292352K)->64K(324608K) Eden: 284160K(284160K)->0K(317952K) From: 64K(8192K)->64K(6656K)
[466.833s][info][gc,heap        ] GC(1257) ParOldGen: 445540K(445952K)->445556K(445952K)
[466.833s][info][gc,metaspace   ] GC(1257) Metaspace: 35393K(36096K)->35393K(36096K) NonClass: 29121K(29632K)->29121K(29632K) Class: 6271K(6464K)->6271K(6464K)
[466.833s][info][gc             ] GC(1257) Pause Young (Allocation Failure) 712M->435M(752M) 2.908ms
[466.833s][info][gc,cpu         ] GC(1257) User=0.00s Sys=0.00s Real=0.00s
[467.255s][info][gc,start       ] GC(1258) Pause Young (Allocation Failure)
[467.331s][info][gc,heap        ] GC(1258) PSYoungGen: 318016K(324608K)->6656K(324608K) Eden: 317952K(317952K)->0K(317952K) From: 64K(6656K)->6656K(6656K)
[467.331s][info][gc,heap        ] GC(1258) ParOldGen: 445556K(445952K)->465012K(465408K)
[467.331s][info][gc,metaspace   ] GC(1258) Metaspace: 35393K(36096K)->35393K(36096K) NonClass: 29121K(29632K)->29121K(29632K) Class: 6271K(6464K)->6271K(6464K)
[467.331s][info][gc             ] GC(1258) Pause Young (Allocation Failure) 745M->460M(771M) 76.137ms
[467.331s][info][gc,cpu         ] GC(1258) User=0.10s Sys=0.01s Real=0.08s
[467.655s][info][gc,start       ] GC(1259) Pause Young (Allocation Failure)
[467.738s][info][gc,heap        ] GC(1259) PSYoungGen: 324608K(324608K)->9216K(290816K) Eden: 317952K(317952K)->0K(281600K) From: 6656K(6656K)->9216K(9216K)
[467.738s][info][gc,heap        ] GC(1259) ParOldGen: 465012K(465408K)->490076K(490496K)
[467.738s][info][gc,metaspace   ] GC(1259) Metaspace: 35393K(36096K)->35393K(36096K) NonClass: 29121K(29632K)->29121K(29632K) Class: 6271K(6464K)->6271K(6464K)
[467.738s][info][gc             ] GC(1259) Pause Young (Allocation Failure) 771M->487M(763M) 82.623ms
[467.738s][info][gc,cpu         ] GC(1259) User=0.14s Sys=0.03s Real=0.08s
[467.878s][info][gc,start       ] GC(1260) Pause Young (Allocation Failure)
[467.900s][info][gc,heap        ] GC(1260) PSYoungGen: 290816K(290816K)->9344K(307712K) Eden: 281600K(281600K)->0K(281600K) From: 9216K(9216K)->9344K(26112K)
[467.900s][info][gc,heap        ] GC(1260) ParOldGen: 490076K(490496K)->490996K(491008K)
[467.900s][info][gc,metaspace   ] GC(1260) Metaspace: 35393K(36096K)->35393K(36096K) NonClass: 29121K(29632K)->29121K(29632K) Class: 6271K(6464K)->6271K(6464K)
[467.900s][info][gc             ] GC(1260) Pause Young (Allocation Failure) 762M->488M(780M) 22.056ms
[467.900s][info][gc,cpu         ] GC(1260) User=0.04s Sys=0.00s Real=0.02s
[468.327s][info][gc,start       ] GC(1261) Pause Young (Allocation Failure)
[468.329s][info][gc,heap        ] GC(1261) PSYoungGen: 290944K(307712K)->64K(305664K) Eden: 281600K(281600K)->0K(282624K) From: 9344K(26112K)->64K(23040K)
[468.329s][info][gc,heap        ] GC(1261) ParOldGen: 490996K(491008K)->491004K(491008K)
[468.329s][info][gc,metaspace   ] GC(1261) Metaspace: 35393K(36096K)->35393K(36096K) NonClass: 29121K(29632K)->29121K(29632K) Class: 6271K(6464K)->6271K(6464K)
[468.329s][info][gc             ] GC(1261) Pause Young (Allocation Failure) 763M->479M(778M) 1.957ms
[468.329s][info][gc,cpu         ] GC(1261) User=0.00s Sys=0.00s Real=0.00s
[468.907s][info][gc,start       ] GC(1262) Pause Young (Allocation Failure)
[468.909s][info][gc,heap        ] GC(1262) PSYoungGen: 282688K(305664K)->64K(307200K) Eden: 282624K(282624K)->0K(282624K) From: 64K(23040K)->64K(24576K)
[468.909s][info][gc,heap        ] GC(1262) ParOldGen: 491004K(491008K)->491012K(491520K)
[468.909s][info][gc,metaspace   ] GC(1262) Metaspace: 35393K(36096K)->35393K(36096K) NonClass: 29121K(29632K)->29121K(29632K) Class: 6271K(6464K)->6271K(6464K)
[468.909s][info][gc             ] GC(1262) Pause Young (Allocation Failure) 755M->479M(780M) 1.697ms
[468.909s][info][gc,cpu         ] GC(1262) User=0.00s Sys=0.00s Real=0.00s
[469.347s][info][gc,start       ] GC(1263) Pause Young (Allocation Failure)
[469.349s][info][gc,heap        ] GC(1263) PSYoungGen: 282688K(307200K)->64K(306688K) Eden: 282624K(282624K)->0K(285696K) From: 64K(24576K)->64K(20992K)
[469.349s][info][gc,heap        ] GC(1263) ParOldGen: 491012K(491520K)->491028K(491520K)
[469.349s][info][gc,metaspace   ] GC(1263) Metaspace: 35393K(36096K)->35393K(36096K) NonClass: 29121K(29632K)->29121K(29632K) Class: 6271K(6464K)->6271K(6464K)
[469.349s][info][gc             ] GC(1263) Pause Young (Allocation Failure) 755M->479M(779M) 2.001ms
[469.349s][info][gc,cpu         ] GC(1263) User=0.00s Sys=0.00s Real=0.00s
[469.570s][info][gc,start       ] GC(1264) Pause Young (Allocation Failure)
[469.572s][info][gc,heap        ] GC(1264) PSYoungGen: 285760K(306688K)->32K(308224K) Eden: 285696K(285696K)->0K(285696K) From: 64K(20992K)->32K(22528K)
[469.572s][info][gc,heap        ] GC(1264) ParOldGen: 491028K(491520K)->491044K(491520K)
[469.572s][info][gc,metaspace   ] GC(1264) Metaspace: 35393K(36096K)->35393K(36096K) NonClass: 29121K(29632K)->29121K(29632K) Class: 6271K(6464K)->6271K(6464K)
[469.572s][info][gc             ] GC(1264) Pause Young (Allocation Failure) 758M->479M(781M) 1.721ms
[469.572s][info][gc,cpu         ] GC(1264) User=0.00s Sys=0.00s Real=0.00s
[469.788s][info][gc,start       ] GC(1265) Pause Young (Allocation Failure)
[469.790s][info][gc,heap        ] GC(1265) PSYoungGen: 285728K(308224K)->64K(308736K) Eden: 285696K(285696K)->0K(289280K) From: 32K(22528K)->64K(19456K)
[469.790s][info][gc,heap        ] GC(1265) ParOldGen: 491044K(491520K)->491044K(491520K)
[469.790s][info][gc,metaspace   ] GC(1265) Metaspace: 35393K(36096K)->35393K(36096K) NonClass: 29121K(29632K)->29121K(29632K) Class: 6271K(6464K)->6271K(6464K)
[469.790s][info][gc             ] GC(1265) Pause Young (Allocation Failure) 758M->479M(781M) 1.754ms
[469.790s][info][gc,cpu         ] GC(1265) User=0.00s Sys=0.00s Real=0.00s
[470.136s][info][gc,start       ] GC(1266) Pause Young (Allocation Failure)
[470.138s][info][gc,heap        ] GC(1266) PSYoungGen: 289344K(308736K)->64K(310272K) Eden: 289280K(289280K)->0K(289280K) From: 64K(19456K)->64K(20992K)
[470.138s][info][gc,heap        ] GC(1266) ParOldGen: 491044K(491520K)->491044K(491520K)
[470.138s][info][gc,metaspace   ] GC(1266) Metaspace: 35393K(36096K)->35393K(36096K) NonClass: 29121K(29632K)->29121K(29632K) Class: 6271K(6464K)->6271K(6464K)
[470.138s][info][gc             ] GC(1266) Pause Young (Allocation Failure) 762M->479M(783M) 1.715ms
[470.138s][info][gc,cpu         ] GC(1266) User=0.01s Sys=0.00s Real=0.00s
[470.251s][info][gc,start       ] GC(1267) Pause Young (Allocation Failure)
[470.253s][info][gc,heap        ] GC(1267) PSYoungGen: 289344K(310272K)->64K(310272K) Eden: 289280K(289280K)->0K(292864K) From: 64K(20992K)->64K(17408K)
[470.253s][info][gc,heap        ] GC(1267) ParOldGen: 491044K(491520K)->491052K(491520K)
[470.253s][info][gc,metaspace   ] GC(1267) Metaspace: 35393K(36096K)->35393K(36096K) NonClass: 29121K(29632K)->29121K(29632K) Class: 6271K(6464K)->6271K(6464K)
[470.253s][info][gc             ] GC(1267) Pause Young (Allocation Failure) 762M->479M(783M) 1.652ms
[470.253s][info][gc,cpu         ] GC(1267) User=0.00s Sys=0.00s Real=0.00s
[470.307s][info][gc,start       ] GC(1268) Pause Young (Allocation Failure)
[470.309s][info][gc,heap        ] GC(1268) PSYoungGen: 292928K(310272K)->64K(311808K) Eden: 292864K(292864K)->0K(292864K) From: 64K(17408K)->64K(18944K)
[470.309s][info][gc,heap        ] GC(1268) ParOldGen: 491052K(491520K)->491068K(491520K)
[470.309s][info][gc,metaspace   ] GC(1268) Metaspace: 35393K(36096K)->35393K(36096K) NonClass: 29121K(29632K)->29121K(29632K) Class: 6271K(6464K)->6271K(6464K)
[470.309s][info][gc             ] GC(1268) Pause Young (Allocation Failure) 765M->479M(784M) 1.617ms
[470.309s][info][gc,cpu         ] GC(1268) User=0.01s Sys=0.01s Real=0.00s
[470.500s][info][gc,start       ] GC(1269) Pause Young (Allocation Failure)
[470.501s][info][gc,heap        ] GC(1269) PSYoungGen: 292928K(311808K)->64K(312320K) Eden: 292864K(292864K)->0K(296960K) From: 64K(18944K)->64K(15360K)
[470.501s][info][gc,heap        ] GC(1269) ParOldGen: 491068K(491520K)->491068K(491520K)
[470.501s][info][gc,metaspace   ] GC(1269) Metaspace: 35393K(36096K)->35393K(36096K) NonClass: 29121K(29632K)->29121K(29632K) Class: 6271K(6464K)->6271K(6464K)
[470.501s][info][gc             ] GC(1269) Pause Young (Allocation Failure) 765M->479M(785M) 1.832ms
[470.501s][info][gc,cpu         ] GC(1269) User=0.01s Sys=0.00s Real=0.00s
[470.837s][info][gc,start       ] GC(1270) Pause Young (Allocation Failure)
[470.839s][info][gc,heap        ] GC(1270) PSYoungGen: 297024K(312320K)->64K(313856K) Eden: 296960K(296960K)->0K(296960K) From: 64K(15360K)->64K(16896K)
[470.839s][info][gc,heap        ] GC(1270) ParOldGen: 491068K(491520K)->491076K(491520K)
[470.839s][info][gc,metaspace   ] GC(1270) Metaspace: 35393K(36096K)->35393K(36096K) NonClass: 29121K(29632K)->29121K(29632K) Class: 6271K(6464K)->6271K(6464K)
[470.839s][info][gc             ] GC(1270) Pause Young (Allocation Failure) 769M->479M(786M) 1.701ms
[470.839s][info][gc,cpu         ] GC(1270) User=0.00s Sys=0.00s Real=0.00s
[471.000s][info][gc,start       ] GC(1271) Pause Young (Allocation Failure)
[471.001s][info][gc,heap        ] GC(1271) PSYoungGen: 297024K(313856K)->64K(314368K) Eden: 296960K(296960K)->0K(301056K) From: 64K(16896K)->64K(13312K)
[471.001s][info][gc,heap        ] GC(1271) ParOldGen: 491076K(491520K)->491084K(491520K)
[471.001s][info][gc,metaspace   ] GC(1271) Metaspace: 35393K(36096K)->35393K(36096K) NonClass: 29121K(29632K)->29121K(29632K) Class: 6271K(6464K)->6271K(6464K)
[471.001s][info][gc             ] GC(1271) Pause Young (Allocation Failure) 769M->479M(787M) 1.780ms
[471.001s][info][gc,cpu         ] GC(1271) User=0.01s Sys=0.00s Real=0.00s
[471.081s][info][gc,start       ] GC(1272) Pause Young (Allocation Failure)
[471.083s][info][gc,heap        ] GC(1272) PSYoungGen: 301120K(314368K)->64K(315904K) Eden: 301056K(301056K)->0K(301056K) From: 64K(13312K)->64K(14848K)
[471.083s][info][gc,heap        ] GC(1272) ParOldGen: 491084K(491520K)->491100K(491520K)
[471.083s][info][gc,metaspace   ] GC(1272) Metaspace: 35393K(36096K)->35393K(36096K) NonClass: 29121K(29632K)->29121K(29632K) Class: 6271K(6464K)->6271K(6464K)
[471.083s][info][gc             ] GC(1272) Pause Young (Allocation Failure) 773M->479M(788M) 1.751ms
[471.083s][info][gc,cpu         ] GC(1272) User=0.01s Sys=0.00s Real=0.00s
[471.266s][info][gc,start       ] GC(1273) Pause Young (Allocation Failure)
[471.268s][info][gc,heap        ] GC(1273) PSYoungGen: 301120K(315904K)->64K(317440K) Eden: 301056K(301056K)->0K(305152K) From: 64K(14848K)->64K(12288K)
[471.268s][info][gc,heap        ] GC(1273) ParOldGen: 491100K(491520K)->491100K(491520K)
[471.268s][info][gc,metaspace   ] GC(1273) Metaspace: 35393K(36096K)->35393K(36096K) NonClass: 29121K(29632K)->29121K(29632K) Class: 6271K(6464K)->6271K(6464K)
[471.268s][info][gc             ] GC(1273) Pause Young (Allocation Failure) 773M->479M(790M) 1.677ms
[471.268s][info][gc,cpu         ] GC(1273) User=0.00s Sys=0.00s Real=0.00s
[472.260s][info][gc,start       ] GC(1274) Pause Young (Allocation Failure)
[472.262s][info][gc,heap        ] GC(1274) PSYoungGen: 305203K(317440K)->83K(318464K) Eden: 305139K(305152K)->0K(305152K) From: 64K(12288K)->83K(13312K)
[472.262s][info][gc,heap        ] GC(1274) ParOldGen: 491100K(491520K)->491108K(491520K)
[472.262s][info][gc,metaspace   ] GC(1274) Metaspace: 35393K(36096K)->35393K(36096K) NonClass: 29121K(29632K)->29121K(29632K) Class: 6271K(6464K)->6271K(6464K)
[472.262s][info][gc             ] GC(1274) Pause Young (Allocation Failure) 777M->479M(791M) 1.708ms
[472.262s][info][gc,cpu         ] GC(1274) User=0.01s Sys=0.00s Real=0.00s
[473.137s][info][gc,start       ] GC(1275) Pause Young (Allocation Failure)
[473.139s][info][gc,heap        ] GC(1275) PSYoungGen: 305235K(318464K)->64K(293376K) Eden: 305152K(305152K)->0K(292864K) From: 83K(13312K)->64K(512K)
[473.139s][info][gc,heap        ] GC(1275) ParOldGen: 491108K(491520K)->491116K(491520K)
[473.139s][info][gc,metaspace   ] GC(1275) Metaspace: 35393K(36096K)->35393K(36096K) NonClass: 29121K(29632K)->29121K(29632K) Class: 6271K(6464K)->6271K(6464K)
[473.139s][info][gc             ] GC(1275) Pause Young (Allocation Failure) 777M->479M(766M) 2.361ms
[473.139s][info][gc,cpu         ] GC(1275) User=0.00s Sys=0.00s Real=0.00s
[473.379s][info][gc,start       ] GC(1276) Pause Young (Allocation Failure)
[473.381s][info][gc,heap        ] GC(1276) PSYoungGen: 292928K(293376K)->64K(292352K) Eden: 292864K(292864K)->0K(281088K) From: 64K(512K)->64K(11264K)
[473.381s][info][gc,heap        ] GC(1276) ParOldGen: 491116K(491520K)->491124K(491520K)
[473.381s][info][gc,metaspace   ] GC(1276) Metaspace: 35393K(36096K)->35393K(36096K) NonClass: 29121K(29632K)->29121K(29632K) Class: 6271K(6464K)->6271K(6464K)
[473.381s][info][gc             ] GC(1276) Pause Young (Allocation Failure) 765M->479M(765M) 1.672ms
[473.381s][info][gc,cpu         ] GC(1276) User=0.00s Sys=0.00s Real=0.00s
[473.812s][info][gc,start       ] GC(1277) Pause Young (Allocation Failure)
[473.815s][info][gc,heap        ] GC(1277) PSYoungGen: 281152K(292352K)->64K(270336K) Eden: 281088K(281088K)->0K(269824K) From: 64K(11264K)->64K(512K)
[473.815s][info][gc,heap        ] GC(1277) ParOldGen: 491124K(491520K)->491132K(491520K)
[473.815s][info][gc,metaspace   ] GC(1277) Metaspace: 35393K(36096K)->35393K(36096K) NonClass: 29121K(29632K)->29121K(29632K) Class: 6271K(6464K)->6271K(6464K)
[473.815s][info][gc             ] GC(1277) Pause Young (Allocation Failure) 754M->479M(744M) 2.502ms
[473.815s][info][gc,cpu         ] GC(1277) User=0.00s Sys=0.00s Real=0.00s
[474.783s][info][gc,start       ] GC(1278) Pause Young (Allocation Failure)
[474.785s][info][gc,heap        ] GC(1278) PSYoungGen: 269888K(270336K)->64K(269312K) Eden: 269824K(269824K)->0K(259072K) From: 64K(512K)->64K(10240K)
[474.785s][info][gc,heap        ] GC(1278) ParOldGen: 491132K(491520K)->491140K(491520K)
[474.785s][info][gc,metaspace   ] GC(1278) Metaspace: 35393K(36096K)->35393K(36096K) NonClass: 29121K(29632K)->29121K(29632K) Class: 6271K(6464K)->6271K(6464K)
[474.785s][info][gc             ] GC(1278) Pause Young (Allocation Failure) 743M->479M(743M) 1.659ms
[474.785s][info][gc,cpu         ] GC(1278) User=0.00s Sys=0.00s Real=0.00s
[475.158s][info][gc,start       ] GC(1279) Pause Young (Allocation Failure)
[475.160s][info][gc,heap        ] GC(1279) PSYoungGen: 259136K(269312K)->64K(249344K) Eden: 259072K(259072K)->0K(248832K) From: 64K(10240K)->64K(512K)
[475.160s][info][gc,heap        ] GC(1279) ParOldGen: 491140K(491520K)->491148K(491520K)
[475.160s][info][gc,metaspace   ] GC(1279) Metaspace: 35393K(36096K)->35393K(36096K) NonClass: 29121K(29632K)->29121K(29632K) Class: 6271K(6464K)->6271K(6464K)
[475.160s][info][gc             ] GC(1279) Pause Young (Allocation Failure) 732M->479M(723M) 2.318ms
[475.160s][info][gc,cpu         ] GC(1279) User=0.00s Sys=0.00s Real=0.00s
[475.325s][info][gc,start       ] GC(1280) Pause Young (Allocation Failure)
[475.327s][info][gc,heap        ] GC(1280) PSYoungGen: 248896K(249344K)->64K(247808K) Eden: 248832K(248832K)->0K(239104K) From: 64K(512K)->64K(8704K)
[475.327s][info][gc,heap        ] GC(1280) ParOldGen: 491148K(491520K)->491156K(491520K)
[475.327s][info][gc,metaspace   ] GC(1280) Metaspace: 35393K(36096K)->35393K(36096K) NonClass: 29121K(29632K)->29121K(29632K) Class: 6271K(6464K)->6271K(6464K)
[475.327s][info][gc             ] GC(1280) Pause Young (Allocation Failure) 722M->479M(722M) 1.694ms
[475.327s][info][gc,cpu         ] GC(1280) User=0.00s Sys=0.00s Real=0.01s
[475.458s][info][gc,start       ] GC(1281) Pause Young (Allocation Failure)
[475.460s][info][gc,heap        ] GC(1281) PSYoungGen: 239168K(247808K)->64K(230400K) Eden: 239104K(239104K)->0K(229888K) From: 64K(8704K)->64K(512K)
[475.460s][info][gc,heap        ] GC(1281) ParOldGen: 491156K(491520K)->491164K(491520K)
[475.460s][info][gc,metaspace   ] GC(1281) Metaspace: 35393K(36096K)->35393K(36096K) NonClass: 29121K(29632K)->29121K(29632K) Class: 6271K(6464K)->6271K(6464K)
[475.460s][info][gc             ] GC(1281) Pause Young (Allocation Failure) 713M->479M(705M) 2.145ms
[475.460s][info][gc,cpu         ] GC(1281) User=0.00s Sys=0.00s Real=0.00s
[476.037s][info][gc,start       ] GC(1282) Pause Young (Allocation Failure)
[476.038s][info][gc,heap        ] GC(1282) PSYoungGen: 229952K(230400K)->64K(228864K) Eden: 229888K(229888K)->0K(221184K) From: 64K(512K)->64K(7680K)
[476.039s][info][gc,heap        ] GC(1282) ParOldGen: 491164K(491520K)->491172K(491520K)
[476.039s][info][gc,metaspace   ] GC(1282) Metaspace: 35393K(36096K)->35393K(36096K) NonClass: 29121K(29632K)->29121K(29632K) Class: 6271K(6464K)->6271K(6464K)
[476.039s][info][gc             ] GC(1282) Pause Young (Allocation Failure) 704M->479M(703M) 1.783ms
[476.039s][info][gc,cpu         ] GC(1282) User=0.01s Sys=0.00s Real=0.00s
[476.247s][info][gc,start       ] GC(1283) Pause Young (Allocation Failure)
[476.249s][info][gc,heap        ] GC(1283) PSYoungGen: 221247K(228864K)->64K(213504K) Eden: 221183K(221184K)->0K(212992K) From: 64K(7680K)->64K(512K)
[476.249s][info][gc,heap        ] GC(1283) ParOldGen: 491172K(491520K)->491180K(491520K)
[476.249s][info][gc,metaspace   ] GC(1283) Metaspace: 35393K(36096K)->35393K(36096K) NonClass: 29121K(29632K)->29121K(29632K) Class: 6271K(6464K)->6271K(6464K)
[476.249s][info][gc             ] GC(1283) Pause Young (Allocation Failure) 695M->479M(688M) 2.463ms
[476.249s][info][gc,cpu         ] GC(1283) User=0.00s Sys=0.00s Real=0.00s
[476.558s][info][gc,start       ] GC(1284) Pause Young (Allocation Failure)
[476.585s][info][gc,heap        ] GC(1284) PSYoungGen: 213056K(213504K)->6656K(261120K) Eden: 212992K(212992K)->0K(254464K) From: 64K(512K)->6656K(6656K)
[476.585s][info][gc,heap        ] GC(1284) ParOldGen: 491180K(491520K)->498396K(498688K)
[476.585s][info][gc,metaspace   ] GC(1284) Metaspace: 35393K(36096K)->35393K(36096K) NonClass: 29121K(29632K)->29121K(29632K) Class: 6271K(6464K)->6271K(6464K)
[476.585s][info][gc             ] GC(1284) Pause Young (Allocation Failure) 687M->493M(742M) 27.598ms
[476.585s][info][gc,cpu         ] GC(1284) User=0.05s Sys=0.01s Real=0.03s
[476.852s][info][gc,start       ] GC(1285) Pause Young (Allocation Failure)
[476.913s][info][gc,heap        ] GC(1285) PSYoungGen: 261120K(261120K)->6656K(268288K) Eden: 254464K(254464K)->0K(261632K) From: 6656K(6656K)->6656K(6656K)
[476.913s][info][gc,heap        ] GC(1285) ParOldGen: 498396K(498688K)->518860K(519168K)
[476.913s][info][gc,metaspace   ] GC(1285) Metaspace: 35393K(36096K)->35393K(36096K) NonClass: 29121K(29632K)->29121K(29632K) Class: 6271K(6464K)->6271K(6464K)
[476.913s][info][gc             ] GC(1285) Pause Young (Allocation Failure) 741M->513M(769M) 61.484ms
[476.913s][info][gc,cpu         ] GC(1285) User=0.09s Sys=0.02s Real=0.06s
[477.230s][info][gc,start       ] GC(1286) Pause Young (Allocation Failure)
[477.286s][info][gc,heap        ] GC(1286) PSYoungGen: 268288K(268288K)->19456K(281088K) Eden: 261632K(261632K)->0K(261632K) From: 6656K(6656K)->19456K(19456K)
[477.286s][info][gc,heap        ] GC(1286) ParOldGen: 518860K(519168K)->527740K(527872K)
[477.286s][info][gc,metaspace   ] GC(1286) Metaspace: 35393K(36096K)->35393K(36096K) NonClass: 29121K(29632K)->29121K(29632K) Class: 6271K(6464K)->6271K(6464K)
[477.287s][info][gc             ] GC(1286) Pause Young (Allocation Failure) 768M->534M(790M) 56.663ms
[477.287s][info][gc,cpu         ] GC(1286) User=0.11s Sys=0.01s Real=0.06s
[477.376s][info][gc,start       ] GC(1287) Pause Young (Allocation Failure)
[477.382s][info][gc,heap        ] GC(1287) PSYoungGen: 281088K(281088K)->704K(308224K) Eden: 261632K(261632K)->0K(281600K) From: 19456K(19456K)->704K(26624K)
[477.382s][info][gc,heap        ] GC(1287) ParOldGen: 527740K(527872K)->528052K(528384K)
[477.382s][info][gc,metaspace   ] GC(1287) Metaspace: 35393K(36096K)->35393K(36096K) NonClass: 29121K(29632K)->29121K(29632K) Class: 6271K(6464K)->6271K(6464K)
[477.382s][info][gc             ] GC(1287) Pause Young (Allocation Failure) 789M->516M(817M) 6.065ms
[477.382s][info][gc,cpu         ] GC(1287) User=0.01s Sys=0.00s Real=0.00s
[478.018s][info][gc,start       ] GC(1288) Pause Young (Allocation Failure)
[478.020s][info][gc,heap        ] GC(1288) PSYoungGen: 282304K(308224K)->64K(282112K) Eden: 281600K(281600K)->0K(281600K) From: 704K(26624K)->64K(512K)
[478.020s][info][gc,heap        ] GC(1288) ParOldGen: 528052K(528384K)->528060K(528384K)
[478.020s][info][gc,metaspace   ] GC(1288) Metaspace: 35393K(36096K)->35393K(36096K) NonClass: 29121K(29632K)->29121K(29632K) Class: 6271K(6464K)->6271K(6464K)
[478.020s][info][gc             ] GC(1288) Pause Young (Allocation Failure) 791M->515M(791M) 1.924ms
[478.020s][info][gc,cpu         ] GC(1288) User=0.00s Sys=0.00s Real=0.00s
[478.572s][info][gc,start       ] GC(1289) Pause Young (Allocation Failure)
[478.574s][info][gc,heap        ] GC(1289) PSYoungGen: 281664K(282112K)->64K(307712K) Eden: 281600K(281600K)->0K(282624K) From: 64K(512K)->64K(25088K)
[478.574s][info][gc,heap        ] GC(1289) ParOldGen: 528060K(528384K)->528068K(528384K)
[478.574s][info][gc,metaspace   ] GC(1289) Metaspace: 35393K(36096K)->35393K(36096K) NonClass: 29121K(29632K)->29121K(29632K) Class: 6271K(6464K)->6271K(6464K)
[478.574s][info][gc             ] GC(1289) Pause Young (Allocation Failure) 790M->515M(816M) 2.051ms
[478.574s][info][gc,cpu         ] GC(1289) User=0.00s Sys=0.00s Real=0.00s
[479.064s][info][gc,start       ] GC(1290) Pause Young (Allocation Failure)
[479.066s][info][gc,heap        ] GC(1290) PSYoungGen: 282688K(307712K)->64K(306688K) Eden: 282624K(282624K)->0K(282624K) From: 64K(25088K)->64K(24064K)
[479.066s][info][gc,heap        ] GC(1290) ParOldGen: 528068K(528384K)->528084K(528384K)
[479.066s][info][gc,metaspace   ] GC(1290) Metaspace: 35393K(36096K)->35393K(36096K) NonClass: 29121K(29632K)->29121K(29632K) Class: 6271K(6464K)->6271K(6464K)
[479.066s][info][gc             ] GC(1290) Pause Young (Allocation Failure) 791M->515M(815M) 1.989ms
[479.066s][info][gc,cpu         ] GC(1290) User=0.00s Sys=0.00s Real=0.01s
[479.313s][info][gc,start       ] GC(1291) Pause Young (Allocation Failure)
[479.315s][info][gc,heap        ] GC(1291) PSYoungGen: 282688K(306688K)->64K(308736K) Eden: 282624K(282624K)->0K(285696K) From: 64K(24064K)->64K(23040K)
[479.315s][info][gc,heap        ] GC(1291) ParOldGen: 528084K(528384K)->528100K(528384K)
[479.315s][info][gc,metaspace   ] GC(1291) Metaspace: 35393K(36096K)->35393K(36096K) NonClass: 29121K(29632K)->29121K(29632K) Class: 6271K(6464K)->6271K(6464K)
[479.315s][info][gc             ] GC(1291) Pause Young (Allocation Failure) 791M->515M(817M) 1.967ms
[479.315s][info][gc,cpu         ] GC(1291) User=0.00s Sys=0.00s Real=0.00s
[479.659s][info][gc,start       ] GC(1292) Pause Young (Allocation Failure)
[479.661s][info][gc,heap        ] GC(1292) PSYoungGen: 285760K(308736K)->32K(307712K) Eden: 285696K(285696K)->0K(285696K) From: 64K(23040K)->32K(22016K)
[479.661s][info][gc,heap        ] GC(1292) ParOldGen: 528100K(528384K)->528100K(528384K)
[479.661s][info][gc,metaspace   ] GC(1292) Metaspace: 35393K(36096K)->35393K(36096K) NonClass: 29121K(29632K)->29121K(29632K) Class: 6271K(6464K)->6271K(6464K)
[479.661s][info][gc             ] GC(1292) Pause Young (Allocation Failure) 794M->515M(816M) 2.170ms
[479.661s][info][gc,cpu         ] GC(1292) User=0.01s Sys=0.00s Real=0.00s
[480.364s][info][gc,start       ] GC(1293) Pause Young (Allocation Failure)
[480.366s][info][gc,heap        ] GC(1293) PSYoungGen: 285728K(307712K)->64K(310784K) Eden: 285696K(285696K)->0K(289792K) From: 32K(22016K)->64K(20992K)
[480.366s][info][gc,heap        ] GC(1293) ParOldGen: 528100K(528384K)->528100K(528384K)
[480.366s][info][gc,metaspace   ] GC(1293) Metaspace: 35393K(36096K)->35393K(36096K) NonClass: 29121K(29632K)->29121K(29632K) Class: 6271K(6464K)->6271K(6464K)
[480.366s][info][gc             ] GC(1293) Pause Young (Allocation Failure) 794M->515M(819M) 2.037ms
[480.366s][info][gc,cpu         ] GC(1293) User=0.01s Sys=0.00s Real=0.01s
[480.446s][info][gc,start       ] GC(1294) Pause Young (Allocation Failure)
[480.448s][info][gc,heap        ] GC(1294) PSYoungGen: 289856K(310784K)->64K(309760K) Eden: 289792K(289792K)->0K(289792K) From: 64K(20992K)->64K(19968K)
[480.448s][info][gc,heap        ] GC(1294) ParOldGen: 528100K(528384K)->528108K(528384K)
[480.448s][info][gc,metaspace   ] GC(1294) Metaspace: 35393K(36096K)->35393K(36096K) NonClass: 29121K(29632K)->29121K(29632K) Class: 6271K(6464K)->6271K(6464K)
[480.448s][info][gc             ] GC(1294) Pause Young (Allocation Failure) 798M->515M(818M) 2.895ms
[480.448s][info][gc,cpu         ] GC(1294) User=0.01s Sys=0.00s Real=0.00s
[480.505s][info][gc,start       ] GC(1295) Pause Young (Allocation Failure)
[480.508s][info][gc,heap        ] GC(1295) PSYoungGen: 289856K(309760K)->64K(312832K) Eden: 289792K(289792K)->0K(293888K) From: 64K(19968K)->64K(18944K)
[480.508s][info][gc,heap        ] GC(1295) ParOldGen: 528108K(528384K)->528124K(528384K)
[480.508s][info][gc,metaspace   ] GC(1295) Metaspace: 35393K(36096K)->35393K(36096K) NonClass: 29121K(29632K)->29121K(29632K) Class: 6271K(6464K)->6271K(6464K)
[480.508s][info][gc             ] GC(1295) Pause Young (Allocation Failure) 798M->515M(821M) 2.788ms
[480.508s][info][gc,cpu         ] GC(1295) User=0.01s Sys=0.00s Real=0.01s
[480.800s][info][gc,start       ] GC(1296) Pause Young (Allocation Failure)
[480.802s][info][gc,heap        ] GC(1296) PSYoungGen: 293952K(312832K)->64K(311808K) Eden: 293888K(293888K)->0K(293888K) From: 64K(18944K)->64K(17920K)
[480.802s][info][gc,heap        ] GC(1296) ParOldGen: 528124K(528384K)->528124K(528384K)
[480.802s][info][gc,metaspace   ] GC(1296) Metaspace: 35393K(36096K)->35393K(36096K) NonClass: 29121K(29632K)->29121K(29632K) Class: 6271K(6464K)->6271K(6464K)
[480.802s][info][gc             ] GC(1296) Pause Young (Allocation Failure) 802M->515M(820M) 1.964ms
[480.802s][info][gc,cpu         ] GC(1296) User=0.00s Sys=0.00s Real=0.00s
[481.177s][info][gc,start       ] GC(1297) Pause Young (Allocation Failure)
[481.179s][info][gc,heap        ] GC(1297) PSYoungGen: 293952K(311808K)->64K(314880K) Eden: 293888K(293888K)->0K(297984K) From: 64K(17920K)->64K(16896K)
[481.179s][info][gc,heap        ] GC(1297) ParOldGen: 528124K(528384K)->528132K(528384K)
[481.179s][info][gc,metaspace   ] GC(1297) Metaspace: 35393K(36096K)->35393K(36096K) NonClass: 29121K(29632K)->29121K(29632K) Class: 6271K(6464K)->6271K(6464K)
[481.179s][info][gc             ] GC(1297) Pause Young (Allocation Failure) 802M->515M(823M) 1.980ms
[481.179s][info][gc,cpu         ] GC(1297) User=0.01s Sys=0.00s Real=0.00s
[481.364s][info][gc,start       ] GC(1298) Pause Young (Allocation Failure)
[481.366s][info][gc,heap        ] GC(1298) PSYoungGen: 298048K(314880K)->64K(313856K) Eden: 297984K(297984K)->0K(297984K) From: 64K(16896K)->64K(15872K)
[481.366s][info][gc,heap        ] GC(1298) ParOldGen: 528132K(528384K)->528140K(528384K)
[481.366s][info][gc,metaspace   ] GC(1298) Metaspace: 35393K(36096K)->35393K(36096K) NonClass: 29121K(29632K)->29121K(29632K) Class: 6271K(6464K)->6271K(6464K)
[481.366s][info][gc             ] GC(1298) Pause Young (Allocation Failure) 806M->515M(822M) 1.969ms
[481.366s][info][gc,cpu         ] GC(1298) User=0.00s Sys=0.00s Real=0.01s
[481.466s][info][gc,start       ] GC(1299) Pause Young (Allocation Failure)
[481.468s][info][gc,heap        ] GC(1299) PSYoungGen: 298048K(313856K)->64K(316928K) Eden: 297984K(297984K)->0K(302080K) From: 64K(15872K)->64K(14848K)
[481.468s][info][gc,heap        ] GC(1299) ParOldGen: 528140K(528384K)->528156K(528384K)
[481.468s][info][gc,metaspace   ] GC(1299) Metaspace: 35393K(36096K)->35393K(36096K) NonClass: 29121K(29632K)->29121K(29632K) Class: 6271K(6464K)->6271K(6464K)
[481.468s][info][gc             ] GC(1299) Pause Young (Allocation Failure) 806M->515M(825M) 1.821ms
[481.468s][info][gc,cpu         ] GC(1299) User=0.00s Sys=0.00s Real=0.00s
[481.671s][info][gc,start       ] GC(1300) Pause Young (Allocation Failure)
[481.673s][info][gc,heap        ] GC(1300) PSYoungGen: 302144K(316928K)->64K(315904K) Eden: 302080K(302080K)->0K(302080K) From: 64K(14848K)->64K(13824K)
[481.673s][info][gc,heap        ] GC(1300) ParOldGen: 528156K(528384K)->528164K(528384K)
[481.673s][info][gc,metaspace   ] GC(1300) Metaspace: 35393K(36096K)->35393K(36096K) NonClass: 29121K(29632K)->29121K(29632K) Class: 6271K(6464K)->6271K(6464K)
[481.673s][info][gc             ] GC(1300) Pause Young (Allocation Failure) 810M->515M(824M) 1.891ms
[481.673s][info][gc,cpu         ] GC(1300) User=0.01s Sys=0.00s Real=0.00s
[482.669s][info][gc,start       ] GC(1301) Pause Young (Allocation Failure)
[482.670s][info][gc,heap        ] GC(1301) PSYoungGen: 302144K(315904K)->64K(318464K) Eden: 302080K(302080K)->0K(305664K) From: 64K(13824K)->64K(12800K)
[482.670s][info][gc,heap        ] GC(1301) ParOldGen: 528164K(528384K)->528172K(528384K)
[482.670s][info][gc,metaspace   ] GC(1301) Metaspace: 35393K(36096K)->35393K(36096K) NonClass: 29121K(29632K)->29121K(29632K) Class: 6271K(6464K)->6271K(6464K)
[482.670s][info][gc             ] GC(1301) Pause Young (Allocation Failure) 810M->515M(827M) 1.892ms
[482.670s][info][gc,cpu         ] GC(1301) User=0.00s Sys=0.00s Real=0.00s
[483.573s][info][gc,start       ] GC(1302) Pause Young (Allocation Failure)
[483.575s][info][gc,heap        ] GC(1302) PSYoungGen: 305728K(318464K)->64K(293888K) Eden: 305664K(305664K)->0K(293376K) From: 64K(12800K)->64K(512K)
[483.575s][info][gc,heap        ] GC(1302) ParOldGen: 528172K(528384K)->528180K(528384K)
[483.575s][info][gc,metaspace   ] GC(1302) Metaspace: 35393K(36096K)->35393K(36096K) NonClass: 29121K(29632K)->29121K(29632K) Class: 6271K(6464K)->6271K(6464K)
[483.575s][info][gc             ] GC(1302) Pause Young (Allocation Failure) 814M->515M(803M) 1.838ms
[483.575s][info][gc,cpu         ] GC(1302) User=0.00s Sys=0.00s Real=0.00s
[483.886s][info][gc,start       ] GC(1303) Pause Young (Allocation Failure)
[483.888s][info][gc,heap        ] GC(1303) PSYoungGen: 293440K(293888K)->64K(282112K) Eden: 293376K(293376K)->0K(281600K) From: 64K(512K)->64K(512K)
[483.889s][info][gc,heap        ] GC(1303) ParOldGen: 528180K(528384K)->528188K(528384K)
[483.889s][info][gc,metaspace   ] GC(1303) Metaspace: 35393K(36096K)->35393K(36096K) NonClass: 29121K(29632K)->29121K(29632K) Class: 6271K(6464K)->6271K(6464K)
[483.889s][info][gc             ] GC(1303) Pause Young (Allocation Failure) 802M->515M(791M) 2.719ms
[483.889s][info][gc,cpu         ] GC(1303) User=0.01s Sys=0.00s Real=0.00s
[484.311s][info][gc,start       ] GC(1304) Pause Young (Allocation Failure)
[484.314s][info][gc,heap        ] GC(1304) PSYoungGen: 281664K(282112K)->64K(281088K) Eden: 281600K(281600K)->0K(270336K) From: 64K(512K)->64K(10752K)
[484.314s][info][gc,heap        ] GC(1304) ParOldGen: 528188K(528384K)->528196K(528384K)
[484.314s][info][gc,metaspace   ] GC(1304) Metaspace: 35393K(36096K)->35393K(36096K) NonClass: 29121K(29632K)->29121K(29632K) Class: 6271K(6464K)->6271K(6464K)
[484.314s][info][gc             ] GC(1304) Pause Young (Allocation Failure) 790M->515M(790M) 2.700ms
[484.314s][info][gc,cpu         ] GC(1304) User=0.00s Sys=0.00s Real=0.00s
[485.275s][info][gc,start       ] GC(1305) Pause Young (Allocation Failure)
[485.278s][info][gc,heap        ] GC(1305) PSYoungGen: 270400K(281088K)->64K(260096K) Eden: 270336K(270336K)->0K(259584K) From: 64K(10752K)->64K(512K)
[485.278s][info][gc,heap        ] GC(1305) ParOldGen: 528196K(528384K)->528204K(528384K)
[485.278s][info][gc,metaspace   ] GC(1305) Metaspace: 35393K(36096K)->35393K(36096K) NonClass: 29121K(29632K)->29121K(29632K) Class: 6271K(6464K)->6271K(6464K)
[485.278s][info][gc             ] GC(1305) Pause Young (Allocation Failure) 779M->515M(770M) 3.280ms
[485.278s][info][gc,cpu         ] GC(1305) User=0.00s Sys=0.00s Real=0.01s
[485.628s][info][gc,start       ] GC(1306) Pause Young (Allocation Failure)
[485.631s][info][gc,heap        ] GC(1306) PSYoungGen: 259648K(260096K)->64K(258560K) Eden: 259584K(259584K)->0K(249344K) From: 64K(512K)->64K(9216K)
[485.631s][info][gc,heap        ] GC(1306) ParOldGen: 528204K(528384K)->528212K(528384K)
[485.631s][info][gc,metaspace   ] GC(1306) Metaspace: 35393K(36096K)->35393K(36096K) NonClass: 29121K(29632K)->29121K(29632K) Class: 6271K(6464K)->6271K(6464K)
[485.631s][info][gc             ] GC(1306) Pause Young (Allocation Failure) 769M->515M(768M) 3.285ms
[485.631s][info][gc,cpu         ] GC(1306) User=0.00s Sys=0.00s Real=0.00s
[485.775s][info][gc,start       ] GC(1307) Pause Young (Allocation Failure)
[485.779s][info][gc,heap        ] GC(1307) PSYoungGen: 249408K(258560K)->64K(290816K) Eden: 249344K(249344K)->0K(282112K) From: 64K(9216K)->64K(8704K)
[485.779s][info][gc,heap        ] GC(1307) ParOldGen: 528212K(528384K)->528228K(528384K)
[485.779s][info][gc,metaspace   ] GC(1307) Metaspace: 35393K(36096K)->35393K(36096K) NonClass: 29121K(29632K)->29121K(29632K) Class: 6271K(6464K)->6271K(6464K)
[485.779s][info][gc             ] GC(1307) Pause Young (Allocation Failure) 759M->515M(800M) 3.345ms
[485.779s][info][gc,cpu         ] GC(1307) User=0.00s Sys=0.00s Real=0.00s
[486.153s][info][gc,start       ] GC(1308) Pause Young (Allocation Failure)
[486.155s][info][gc,heap        ] GC(1308) PSYoungGen: 282176K(290816K)->64K(289792K) Eden: 282112K(282112K)->0K(282112K) From: 64K(8704K)->64K(7680K)
[486.155s][info][gc,heap        ] GC(1308) ParOldGen: 528228K(528384K)->528236K(528384K)
[486.155s][info][gc,metaspace   ] GC(1308) Metaspace: 35393K(36096K)->35393K(36096K) NonClass: 29121K(29632K)->29121K(29632K) Class: 6271K(6464K)->6271K(6464K)
[486.155s][info][gc             ] GC(1308) Pause Young (Allocation Failure) 791M->515M(799M) 1.867ms
[486.155s][info][gc,cpu         ] GC(1308) User=0.01s Sys=0.00s Real=0.00s
[486.563s][info][gc,start       ] GC(1309) Pause Young (Allocation Failure)
[486.565s][info][gc,heap        ] GC(1309) PSYoungGen: 282176K(289792K)->64K(271360K) Eden: 282112K(282112K)->0K(270848K) From: 64K(7680K)->64K(512K)
[486.565s][info][gc,heap        ] GC(1309) ParOldGen: 528236K(528384K)->528244K(528384K)
[486.565s][info][gc,metaspace   ] GC(1309) Metaspace: 35393K(36096K)->35393K(36096K) NonClass: 29121K(29632K)->29121K(29632K) Class: 6271K(6464K)->6271K(6464K)
[486.565s][info][gc             ] GC(1309) Pause Young (Allocation Failure) 791M->515M(781M) 1.836ms
[486.565s][info][gc,cpu         ] GC(1309) User=0.01s Sys=0.00s Real=0.00s
[486.985s][info][gc,start       ] GC(1310) Pause Young (Allocation Failure)
[487.014s][info][gc,heap        ] GC(1310) PSYoungGen: 270912K(271360K)->6656K(318464K) Eden: 270848K(270848K)->0K(311808K) From: 64K(512K)->6656K(6656K)
[487.014s][info][gc,heap        ] GC(1310) ParOldGen: 528244K(528384K)->533428K(533504K)
[487.014s][info][gc,metaspace   ] GC(1310) Metaspace: 35393K(36096K)->35393K(36096K) NonClass: 29121K(29632K)->29121K(29632K) Class: 6271K(6464K)->6271K(6464K)
[487.014s][info][gc             ] GC(1310) Pause Young (Allocation Failure) 780M->527M(832M) 28.785ms
[487.014s][info][gc,cpu         ] GC(1310) User=0.04s Sys=0.01s Real=0.03s
[487.345s][info][gc,start       ] GC(1311) Pause Young (Allocation Failure)
[487.420s][info][gc,heap        ] GC(1311) PSYoungGen: 318464K(318464K)->10240K(302080K) Eden: 311808K(311808K)->0K(291840K) From: 6656K(6656K)->10240K(10240K)
[487.420s][info][gc,heap        ] GC(1311) ParOldGen: 533428K(533504K)->556276K(556544K)
[487.420s][info][gc,metaspace   ] GC(1311) Metaspace: 35393K(36096K)->35393K(36096K) NonClass: 29121K(29632K)->29121K(29632K) Class: 6271K(6464K)->6271K(6464K)
[487.420s][info][gc             ] GC(1311) Pause Young (Allocation Failure) 831M->553M(838M) 74.533ms
[487.420s][info][gc,cpu         ] GC(1311) User=0.13s Sys=0.02s Real=0.08s
[487.671s][info][gc,start       ] GC(1312) Pause Young (Allocation Failure)
[487.718s][info][gc,heap        ] GC(1312) PSYoungGen: 302080K(302080K)->20992K(312832K) Eden: 291840K(291840K)->0K(291840K) From: 10240K(10240K)->20992K(20992K)
[487.718s][info][gc,heap        ] GC(1312) ParOldGen: 556276K(556544K)->560340K(560640K)
[487.718s][info][gc,metaspace   ] GC(1312) Metaspace: 35393K(36096K)->35393K(36096K) NonClass: 29121K(29632K)->29121K(29632K) Class: 6271K(6464K)->6271K(6464K)
[487.718s][info][gc             ] GC(1312) Pause Young (Allocation Failure) 838M->567M(853M) 46.919ms
[487.718s][info][gc,cpu         ] GC(1312) User=0.09s Sys=0.00s Real=0.05s
[487.879s][info][gc,start       ] GC(1313) Pause Young (Allocation Failure)
[487.882s][info][gc,heap        ] GC(1313) PSYoungGen: 312832K(312832K)->64K(302592K) Eden: 291840K(291840K)->0K(281600K) From: 20992K(20992K)->64K(20992K)
[487.882s][info][gc,heap        ] GC(1313) ParOldGen: 560340K(560640K)->560468K(560640K)
[487.882s][info][gc,metaspace   ] GC(1313) Metaspace: 35393K(36096K)->35393K(36096K) NonClass: 29121K(29632K)->29121K(29632K) Class: 6271K(6464K)->6271K(6464K)
[487.882s][info][gc             ] GC(1313) Pause Young (Allocation Failure) 852M->547M(843M) 2.835ms
[487.882s][info][gc,cpu         ] GC(1313) User=0.00s Sys=0.00s Real=0.00s
[488.581s][info][gc,start       ] GC(1314) Pause Young (Allocation Failure)
[488.583s][info][gc,heap        ] GC(1314) PSYoungGen: 281664K(302592K)->64K(307712K) Eden: 281600K(281600K)->0K(281600K) From: 64K(20992K)->64K(26112K)
[488.583s][info][gc,heap        ] GC(1314) ParOldGen: 560468K(560640K)->560484K(560640K)
[488.583s][info][gc,metaspace   ] GC(1314) Metaspace: 35393K(36096K)->35393K(36096K) NonClass: 29121K(29632K)->29121K(29632K) Class: 6271K(6464K)->6271K(6464K)
[488.583s][info][gc             ] GC(1314) Pause Young (Allocation Failure) 822M->547M(848M) 1.883ms
[488.583s][info][gc,cpu         ] GC(1314) User=0.00s Sys=0.00s Real=0.00s
[488.947s][info][gc,start       ] GC(1315) Pause Young (Allocation Failure)
[488.952s][info][gc,heap        ] GC(1315) PSYoungGen: 281664K(307712K)->160K(304640K) Eden: 281600K(281600K)->0K(282624K) From: 64K(26112K)->160K(22016K)
[488.952s][info][gc,heap        ] GC(1315) ParOldGen: 560484K(560640K)->560484K(560640K)
[488.952s][info][gc,metaspace   ] GC(1315) Metaspace: 35471K(36160K)->35471K(36160K) NonClass: 29197K(29696K)->29197K(29696K) Class: 6273K(6464K)->6273K(6464K)
[488.952s][info][gc             ] GC(1315) Pause Young (Allocation Failure) 822M->547M(845M) 5.126ms
[488.952s][info][gc,cpu         ] GC(1315) User=0.01s Sys=0.00s Real=0.00s
[489.403s][info][gc,start       ] GC(1316) Pause Young (Allocation Failure)
[489.405s][info][gc,heap        ] GC(1316) PSYoungGen: 282784K(304640K)->64K(306688K) Eden: 282624K(282624K)->0K(282624K) From: 160K(22016K)->64K(24064K)
[489.405s][info][gc,heap        ] GC(1316) ParOldGen: 560484K(560640K)->560588K(560640K)
[489.405s][info][gc,metaspace   ] GC(1316) Metaspace: 35471K(36160K)->35471K(36160K) NonClass: 29197K(29696K)->29197K(29696K) Class: 6273K(6464K)->6273K(6464K)
[489.405s][info][gc             ] GC(1316) Pause Young (Allocation Failure) 823M->547M(847M) 2.126ms
[489.405s][info][gc,cpu         ] GC(1316) User=0.01s Sys=0.00s Real=0.00s
[489.619s][info][gc,start       ] GC(1317) Pause Young (Allocation Failure)
[489.621s][info][gc,heap        ] GC(1317) PSYoungGen: 282688K(306688K)->64K(306688K) Eden: 282624K(282624K)->0K(286720K) From: 64K(24064K)->64K(19968K)
[489.621s][info][gc,heap        ] GC(1317) ParOldGen: 560588K(560640K)->560604K(560640K)
[489.621s][info][gc,metaspace   ] GC(1317) Metaspace: 35471K(36160K)->35471K(36160K) NonClass: 29197K(29696K)->29197K(29696K) Class: 6273K(6464K)->6273K(6464K)
[489.621s][info][gc             ] GC(1317) Pause Young (Allocation Failure) 823M->547M(847M) 1.952ms
[489.621s][info][gc,cpu         ] GC(1317) User=0.01s Sys=0.00s Real=0.00s
[489.843s][info][gc,start       ] GC(1318) Pause Young (Allocation Failure)
[489.845s][info][gc,heap        ] GC(1318) PSYoungGen: 286784K(306688K)->32K(308736K) Eden: 286720K(286720K)->0K(286720K) From: 64K(19968K)->32K(22016K)
[489.845s][info][gc,heap        ] GC(1318) ParOldGen: 560604K(560640K)->560604K(560640K)
[489.845s][info][gc,metaspace   ] GC(1318) Metaspace: 35471K(36160K)->35471K(36160K) NonClass: 29197K(29696K)->29197K(29696K) Class: 6273K(6464K)->6273K(6464K)
[489.845s][info][gc             ] GC(1318) Pause Young (Allocation Failure) 827M->547M(849M) 1.860ms
[489.845s][info][gc,cpu         ] GC(1318) User=0.00s Sys=0.00s Real=0.00s
[490.173s][info][gc,start       ] GC(1319) Pause Young (Allocation Failure)
[490.174s][info][gc,heap        ] GC(1319) PSYoungGen: 286752K(308736K)->64K(308736K) Eden: 286720K(286720K)->0K(290816K) From: 32K(22016K)->64K(17920K)
[490.175s][info][gc,heap        ] GC(1319) ParOldGen: 560604K(560640K)->560604K(560640K)
[490.175s][info][gc,metaspace   ] GC(1319) Metaspace: 35471K(36160K)->35471K(36160K) NonClass: 29197K(29696K)->29197K(29696K) Class: 6273K(6464K)->6273K(6464K)
[490.175s][info][gc             ] GC(1319) Pause Young (Allocation Failure) 827M->547M(849M) 1.955ms
[490.175s][info][gc,cpu         ] GC(1319) User=0.01s Sys=0.00s Real=0.00s
[490.229s][info][gc,start       ] GC(1320) Pause Young (Allocation Failure)
[490.230s][info][gc,heap        ] GC(1320) PSYoungGen: 290880K(308736K)->64K(310784K) Eden: 290816K(290816K)->0K(290816K) From: 64K(17920K)->64K(19968K)
[490.230s][info][gc,heap        ] GC(1320) ParOldGen: 560604K(560640K)->560620K(560640K)
[490.230s][info][gc,metaspace   ] GC(1320) Metaspace: 35471K(36160K)->35471K(36160K) NonClass: 29197K(29696K)->29197K(29696K) Class: 6273K(6464K)->6273K(6464K)
[490.230s][info][gc             ] GC(1320) Pause Young (Allocation Failure) 831M->547M(851M) 1.844ms
[490.230s][info][gc,cpu         ] GC(1320) User=0.00s Sys=0.00s Real=0.00s
[490.284s][info][gc,start       ] GC(1321) Pause Young (Allocation Failure)
[490.285s][info][gc,heap        ] GC(1321) PSYoungGen: 290880K(310784K)->64K(310784K) Eden: 290816K(290816K)->0K(294912K) From: 64K(19968K)->64K(15872K)
[490.285s][info][gc,heap        ] GC(1321) ParOldGen: 560620K(560640K)->560620K(560640K)
[490.285s][info][gc,metaspace   ] GC(1321) Metaspace: 35471K(36160K)->35471K(36160K) NonClass: 29197K(29696K)->29197K(29696K) Class: 6273K(6464K)->6273K(6464K)
[490.285s][info][gc             ] GC(1321) Pause Young (Allocation Failure) 831M->547M(851M) 1.658ms
[490.285s][info][gc,cpu         ] GC(1321) User=0.00s Sys=0.00s Real=0.01s
[490.611s][info][gc,start       ] GC(1322) Pause Young (Allocation Failure)
[490.613s][info][gc,heap        ] GC(1322) PSYoungGen: 294976K(310784K)->64K(312832K) Eden: 294912K(294912K)->0K(294912K) From: 64K(15872K)->64K(17920K)
[490.613s][info][gc,heap        ] GC(1322) ParOldGen: 560620K(560640K)->560620K(560640K)
[490.613s][info][gc,metaspace   ] GC(1322) Metaspace: 35471K(36160K)->35471K(36160K) NonClass: 29197K(29696K)->29197K(29696K) Class: 6273K(6464K)->6273K(6464K)
[490.613s][info][gc             ] GC(1322) Pause Young (Allocation Failure) 835M->547M(853M) 1.931ms
[490.613s][info][gc,cpu         ] GC(1322) User=0.01s Sys=0.00s Real=0.00s
[490.883s][info][gc,start       ] GC(1323) Pause Young (Allocation Failure)
[490.885s][info][gc,heap        ] GC(1323) PSYoungGen: 294976K(312832K)->64K(312832K) Eden: 294912K(294912K)->0K(299008K) From: 64K(17920K)->64K(13824K)
[490.885s][info][gc,heap        ] GC(1323) ParOldGen: 560620K(560640K)->560628K(560640K)
[490.885s][info][gc,metaspace   ] GC(1323) Metaspace: 35480K(36160K)->35480K(36160K) NonClass: 29206K(29696K)->29206K(29696K) Class: 6273K(6464K)->6273K(6464K)
[490.885s][info][gc             ] GC(1323) Pause Young (Allocation Failure) 835M->547M(853M) 1.894ms
[490.885s][info][gc,cpu         ] GC(1323) User=0.00s Sys=0.00s Real=0.01s
[490.990s][info][gc,start       ] GC(1324) Pause Young (Allocation Failure)
[490.992s][info][gc,heap        ] GC(1324) PSYoungGen: 299072K(312832K)->64K(314880K) Eden: 299008K(299008K)->0K(299008K) From: 64K(13824K)->64K(15872K)
[490.992s][info][gc,heap        ] GC(1324) ParOldGen: 560628K(560640K)->560636K(560640K)
[490.992s][info][gc,metaspace   ] GC(1324) Metaspace: 35480K(36160K)->35480K(36160K) NonClass: 29206K(29696K)->29206K(29696K) Class: 6273K(6464K)->6273K(6464K)
[490.992s][info][gc             ] GC(1324) Pause Young (Allocation Failure) 839M->547M(855M) 1.820ms
[490.992s][info][gc,cpu         ] GC(1324) User=0.00s Sys=0.00s Real=0.00s
[491.109s][info][gc,start       ] GC(1325) Pause Young (Allocation Failure)
[491.111s][info][gc,heap        ] GC(1325) PSYoungGen: 299072K(314880K)->64K(314880K) Eden: 299008K(299008K)->0K(303104K) From: 64K(15872K)->64K(11776K)
[491.111s][info][gc,heap        ] GC(1325) ParOldGen: 560636K(560640K)->560644K(561152K)
[491.111s][info][gc,metaspace   ] GC(1325) Metaspace: 35480K(36160K)->35480K(36160K) NonClass: 29206K(29696K)->29206K(29696K) Class: 6273K(6464K)->6273K(6464K)
[491.111s][info][gc             ] GC(1325) Pause Young (Allocation Failure) 839M->547M(855M) 1.853ms
[491.111s][info][gc,cpu         ] GC(1325) User=0.00s Sys=0.00s Real=0.00s
[491.363s][info][gc,start       ] GC(1326) Pause Young (Allocation Failure)
[491.365s][info][gc,heap        ] GC(1326) PSYoungGen: 303168K(314880K)->64K(316928K) Eden: 303104K(303104K)->0K(303104K) From: 64K(11776K)->64K(13824K)
[491.365s][info][gc,heap        ] GC(1326) ParOldGen: 560644K(561152K)->560652K(561152K)
[491.365s][info][gc,metaspace   ] GC(1326) Metaspace: 35480K(36160K)->35480K(36160K) NonClass: 29206K(29696K)->29206K(29696K) Class: 6273K(6464K)->6273K(6464K)
[491.365s][info][gc             ] GC(1326) Pause Young (Allocation Failure) 843M->547M(857M) 1.959ms
[491.365s][info][gc,cpu         ] GC(1326) User=0.00s Sys=0.00s Real=0.01s
[492.237s][info][gc,start       ] GC(1327) Pause Young (Allocation Failure)
[492.239s][info][gc,heap        ] GC(1327) PSYoungGen: 303168K(316928K)->83K(317952K) Eden: 303104K(303104K)->0K(307200K) From: 64K(13824K)->83K(10752K)
[492.239s][info][gc,heap        ] GC(1327) ParOldGen: 560652K(561152K)->560660K(561152K)
[492.239s][info][gc,metaspace   ] GC(1327) Metaspace: 35480K(36160K)->35480K(36160K) NonClass: 29206K(29696K)->29206K(29696K) Class: 6273K(6464K)->6273K(6464K)
[492.239s][info][gc             ] GC(1327) Pause Young (Allocation Failure) 843M->547M(858M) 1.887ms
[492.239s][info][gc,cpu         ] GC(1327) User=0.01s Sys=0.00s Real=0.00s
[493.185s][info][gc,start       ] GC(1328) Pause Young (Allocation Failure)
[493.187s][info][gc,heap        ] GC(1328) PSYoungGen: 307283K(317952K)->64K(295424K) Eden: 307200K(307200K)->0K(294912K) From: 83K(10752K)->64K(512K)
[493.187s][info][gc,heap        ] GC(1328) ParOldGen: 560660K(561152K)->560668K(561152K)
[493.187s][info][gc,metaspace   ] GC(1328) Metaspace: 35480K(36160K)->35480K(36160K) NonClass: 29206K(29696K)->29206K(29696K) Class: 6273K(6464K)->6273K(6464K)
[493.187s][info][gc             ] GC(1328) Pause Young (Allocation Failure) 847M->547M(836M) 2.493ms
[493.187s][info][gc,cpu         ] GC(1328) User=0.00s Sys=0.00s Real=0.01s
[493.599s][info][gc,start       ] GC(1329) Pause Young (Allocation Failure)
[493.602s][info][gc,heap        ] GC(1329) PSYoungGen: 294976K(295424K)->64K(283648K) Eden: 294912K(294912K)->0K(283136K) From: 64K(512K)->64K(512K)
[493.602s][info][gc,heap        ] GC(1329) ParOldGen: 560668K(561152K)->560676K(561152K)
[493.602s][info][gc,metaspace   ] GC(1329) Metaspace: 35480K(36160K)->35480K(36160K) NonClass: 29206K(29696K)->29206K(29696K) Class: 6273K(6464K)->6273K(6464K)
[493.602s][info][gc             ] GC(1329) Pause Young (Allocation Failure) 835M->547M(825M) 2.823ms
[493.602s][info][gc,cpu         ] GC(1329) User=0.00s Sys=0.00s Real=0.00s
[494.647s][info][gc,start       ] GC(1330) Pause Young (Allocation Failure)
[494.648s][info][gc,heap        ] GC(1330) PSYoungGen: 283200K(283648K)->64K(282624K) Eden: 283136K(283136K)->0K(271872K) From: 64K(512K)->64K(10752K)
[494.648s][info][gc,heap        ] GC(1330) ParOldGen: 560676K(561152K)->560684K(561152K)
[494.648s][info][gc,metaspace   ] GC(1330) Metaspace: 35480K(36160K)->35480K(36160K) NonClass: 29206K(29696K)->29206K(29696K) Class: 6273K(6464K)->6273K(6464K)
[494.649s][info][gc             ] GC(1330) Pause Young (Allocation Failure) 824M->547M(824M) 1.924ms
[494.649s][info][gc,cpu         ] GC(1330) User=0.01s Sys=0.00s Real=0.00s
[494.882s][info][gc,start       ] GC(1331) Pause Young (Allocation Failure)
[494.885s][info][gc,heap        ] GC(1331) PSYoungGen: 271936K(282624K)->64K(261632K) Eden: 271872K(271872K)->0K(261120K) From: 64K(10752K)->64K(512K)
[494.885s][info][gc,heap        ] GC(1331) ParOldGen: 560684K(561152K)->560692K(561152K)
[494.885s][info][gc,metaspace   ] GC(1331) Metaspace: 35480K(36160K)->35480K(36160K) NonClass: 29206K(29696K)->29206K(29696K) Class: 6273K(6464K)->6273K(6464K)
[494.885s][info][gc             ] GC(1331) Pause Young (Allocation Failure) 813M->547M(803M) 3.322ms
[494.885s][info][gc,cpu         ] GC(1331) User=0.00s Sys=0.00s Real=0.01s
[495.269s][info][gc,start       ] GC(1332) Pause Young (Allocation Failure)
[495.270s][info][gc,heap        ] GC(1332) PSYoungGen: 261184K(261632K)->64K(260096K) Eden: 261120K(261120K)->0K(250880K) From: 64K(512K)->64K(9216K)
[495.270s][info][gc,heap        ] GC(1332) ParOldGen: 560692K(561152K)->560700K(561152K)
[495.271s][info][gc,metaspace   ] GC(1332) Metaspace: 35480K(36160K)->35480K(36160K) NonClass: 29206K(29696K)->29206K(29696K) Class: 6273K(6464K)->6273K(6464K)
[495.271s][info][gc             ] GC(1332) Pause Young (Allocation Failure) 802M->547M(802M) 1.870ms
[495.271s][info][gc,cpu         ] GC(1332) User=0.01s Sys=0.00s Real=0.00s
[495.338s][info][gc,start       ] GC(1333) Pause Young (Allocation Failure)
[495.340s][info][gc,heap        ] GC(1333) PSYoungGen: 250944K(260096K)->64K(293376K) Eden: 250880K(250880K)->0K(284672K) From: 64K(9216K)->64K(8704K)
[495.340s][info][gc,heap        ] GC(1333) ParOldGen: 560700K(561152K)->560708K(561152K)
[495.340s][info][gc,metaspace   ] GC(1333) Metaspace: 35480K(36160K)->35480K(36160K) NonClass: 29206K(29696K)->29206K(29696K) Class: 6273K(6464K)->6273K(6464K)
[495.340s][info][gc             ] GC(1333) Pause Young (Allocation Failure) 792M->547M(834M) 1.920ms
[495.340s][info][gc,cpu         ] GC(1333) User=0.01s Sys=0.00s Real=0.00s
[495.946s][info][gc,start       ] GC(1334) Pause Young (Allocation Failure)
[495.948s][info][gc,heap        ] GC(1334) PSYoungGen: 284736K(293376K)->64K(273920K) Eden: 284672K(284672K)->0K(273408K) From: 64K(8704K)->64K(512K)
[495.948s][info][gc,heap        ] GC(1334) ParOldGen: 560708K(561152K)->560716K(561152K)
[495.949s][info][gc,metaspace   ] GC(1334) Metaspace: 35480K(36160K)->35480K(36160K) NonClass: 29206K(29696K)->29206K(29696K) Class: 6273K(6464K)->6273K(6464K)
[495.949s][info][gc             ] GC(1334) Pause Young (Allocation Failure) 825M->547M(815M) 2.671ms
[495.949s][info][gc,cpu         ] GC(1334) User=0.00s Sys=0.00s Real=0.00s
[496.246s][info][gc,start       ] GC(1335) Pause Young (Allocation Failure)
[496.249s][info][gc,heap        ] GC(1335) PSYoungGen: 273471K(273920K)->64K(263168K) Eden: 273407K(273408K)->0K(262656K) From: 64K(512K)->64K(512K)
[496.249s][info][gc,heap        ] GC(1335) ParOldGen: 560716K(561152K)->560724K(561152K)
[496.249s][info][gc,metaspace   ] GC(1335) Metaspace: 35480K(36160K)->35480K(36160K) NonClass: 29206K(29696K)->29206K(29696K) Class: 6273K(6464K)->6273K(6464K)
[496.249s][info][gc             ] GC(1335) Pause Young (Allocation Failure) 814M->547M(805M) 2.958ms
[496.249s][info][gc,cpu         ] GC(1335) User=0.00s Sys=0.00s Real=0.00s
[496.607s][info][gc,start       ] GC(1336) Pause Young (Allocation Failure)
[496.650s][info][gc,heap        ] GC(1336) PSYoungGen: 262720K(263168K)->6656K(280064K) Eden: 262656K(262656K)->0K(273408K) From: 64K(512K)->6656K(6656K)
[496.650s][info][gc,heap        ] GC(1336) ParOldGen: 560724K(561152K)->574588K(574976K)
[496.650s][info][gc,metaspace   ] GC(1336) Metaspace: 35480K(36160K)->35480K(36160K) NonClass: 29206K(29696K)->29206K(29696K) Class: 6273K(6464K)->6273K(6464K)
[496.650s][info][gc             ] GC(1336) Pause Young (Allocation Failure) 804M->567M(835M) 42.641ms
[496.650s][info][gc,cpu         ] GC(1336) User=0.07s Sys=0.01s Real=0.04s
[496.933s][info][gc,start       ] GC(1337) Pause Young (Allocation Failure)
[497.000s][info][gc,heap        ] GC(1337) PSYoungGen: 280064K(280064K)->13824K(302592K) Eden: 273408K(273408K)->0K(288768K) From: 6656K(6656K)->13824K(13824K)
[497.000s][info][gc,heap        ] GC(1337) ParOldGen: 574588K(574976K)->590116K(590336K)
[497.000s][info][gc,metaspace   ] GC(1337) Metaspace: 35480K(36160K)->35480K(36160K) NonClass: 29206K(29696K)->29206K(29696K) Class: 6273K(6464K)->6273K(6464K)
[497.000s][info][gc             ] GC(1337) Pause Young (Allocation Failure) 834M->589M(872M) 67.527ms
[497.000s][info][gc,cpu         ] GC(1337) User=0.11s Sys=0.03s Real=0.07s
[497.221s][info][gc,start       ] GC(1338) Pause Young (Allocation Failure)
[497.268s][info][gc,heap        ] GC(1338) PSYoungGen: 302592K(302592K)->19616K(308736K) Eden: 288768K(288768K)->0K(288768K) From: 13824K(13824K)->19616K(19968K)
[497.268s][info][gc,heap        ] GC(1338) ParOldGen: 590116K(590336K)->590692K(590848K)
[497.268s][info][gc,metaspace   ] GC(1338) Metaspace: 35480K(36160K)->35480K(36160K) NonClass: 29206K(29696K)->29206K(29696K) Class: 6273K(6464K)->6273K(6464K)
[497.268s][info][gc             ] GC(1338) Pause Young (Allocation Failure) 871M->596M(878M) 46.974ms
[497.268s][info][gc,cpu         ] GC(1338) User=0.08s Sys=0.01s Real=0.05s
[497.512s][info][gc,start       ] GC(1339) Pause Young (Allocation Failure)
[497.514s][info][gc,heap        ] GC(1339) PSYoungGen: 308384K(308736K)->64K(308736K) Eden: 288768K(288768K)->0K(283648K) From: 19616K(19968K)->64K(25088K)
[497.514s][info][gc,heap        ] GC(1339) ParOldGen: 590692K(590848K)->590700K(590848K)
[497.514s][info][gc,metaspace   ] GC(1339) Metaspace: 35480K(36160K)->35480K(36160K) NonClass: 29206K(29696K)->29206K(29696K) Class: 6273K(6464K)->6273K(6464K)
[497.514s][info][gc             ] GC(1339) Pause Young (Allocation Failure) 878M->576M(878M) 1.918ms
[497.514s][info][gc,cpu         ] GC(1339) User=0.01s Sys=0.00s Real=0.00s
[498.213s][info][gc,start       ] GC(1340) Pause Young (Allocation Failure)
[498.215s][info][gc,heap        ] GC(1340) PSYoungGen: 283712K(308736K)->64K(284160K) Eden: 283648K(283648K)->0K(283648K) From: 64K(25088K)->64K(512K)
[498.215s][info][gc,heap        ] GC(1340) ParOldGen: 590700K(590848K)->590708K(590848K)
[498.215s][info][gc,metaspace   ] GC(1340) Metaspace: 35480K(36160K)->35480K(36160K) NonClass: 29206K(29696K)->29206K(29696K) Class: 6273K(6464K)->6273K(6464K)
[498.215s][info][gc             ] GC(1340) Pause Young (Allocation Failure) 853M->576M(854M) 2.004ms
[498.215s][info][gc,cpu         ] GC(1340) User=0.01s Sys=0.00s Real=0.01s
[498.481s][info][gc,start       ] GC(1341) Pause Young (Allocation Failure)
[498.483s][info][gc,heap        ] GC(1341) PSYoungGen: 283712K(284160K)->64K(309248K) Eden: 283648K(283648K)->0K(284672K) From: 64K(512K)->64K(24576K)
[498.483s][info][gc,heap        ] GC(1341) ParOldGen: 590708K(590848K)->590724K(590848K)
[498.483s][info][gc,metaspace   ] GC(1341) Metaspace: 35480K(36160K)->35480K(36160K) NonClass: 29206K(29696K)->29206K(29696K) Class: 6273K(6464K)->6273K(6464K)
[498.483s][info][gc             ] GC(1341) Pause Young (Allocation Failure) 853M->576M(879M) 1.956ms
[498.483s][info][gc,cpu         ] GC(1341) User=0.01s Sys=0.00s Real=0.00s
[498.913s][info][gc,start       ] GC(1342) Pause Young (Allocation Failure)
[498.915s][info][gc,heap        ] GC(1342) PSYoungGen: 284736K(309248K)->64K(308224K) Eden: 284672K(284672K)->0K(284672K) From: 64K(24576K)->64K(23552K)
[498.915s][info][gc,heap        ] GC(1342) ParOldGen: 590724K(590848K)->590732K(590848K)
[498.915s][info][gc,metaspace   ] GC(1342) Metaspace: 35480K(36160K)->35480K(36160K) NonClass: 29206K(29696K)->29206K(29696K) Class: 6273K(6464K)->6273K(6464K)
[498.915s][info][gc             ] GC(1342) Pause Young (Allocation Failure) 854M->576M(878M) 2.268ms
[498.915s][info][gc,cpu         ] GC(1342) User=0.01s Sys=0.00s Real=0.00s
[499.132s][info][gc,start       ] GC(1343) Pause Young (Allocation Failure)
[499.134s][info][gc,heap        ] GC(1343) PSYoungGen: 284736K(308224K)->64K(309248K) Eden: 284672K(284672K)->0K(286720K) From: 64K(23552K)->64K(22528K)
[499.134s][info][gc,heap        ] GC(1343) ParOldGen: 590732K(590848K)->590748K(590848K)
[499.134s][info][gc,metaspace   ] GC(1343) Metaspace: 35480K(36160K)->35480K(36160K) NonClass: 29206K(29696K)->29206K(29696K) Class: 6273K(6464K)->6273K(6464K)
[499.134s][info][gc             ] GC(1343) Pause Young (Allocation Failure) 854M->576M(879M) 1.953ms
[499.134s][info][gc,cpu         ] GC(1343) User=0.01s Sys=0.00s Real=0.00s
[499.352s][info][gc,start       ] GC(1344) Pause Young (Allocation Failure)
[499.355s][info][gc,heap        ] GC(1344) PSYoungGen: 286784K(309248K)->64K(308224K) Eden: 286720K(286720K)->0K(286720K) From: 64K(22528K)->64K(21504K)
[499.355s][info][gc,heap        ] GC(1344) ParOldGen: 590748K(590848K)->590756K(590848K)
[499.355s][info][gc,metaspace   ] GC(1344) Metaspace: 35480K(36160K)->35480K(36160K) NonClass: 29206K(29696K)->29206K(29696K) Class: 6273K(6464K)->6273K(6464K)
[499.355s][info][gc             ] GC(1344) Pause Young (Allocation Failure) 856M->576M(878M) 2.308ms
[499.355s][info][gc,cpu         ] GC(1344) User=0.01s Sys=0.00s Real=0.00s
[499.653s][info][gc,start       ] GC(1345) Pause Young (Allocation Failure)
[499.654s][info][gc,heap        ] GC(1345) PSYoungGen: 286784K(308224K)->64K(311296K) Eden: 286720K(286720K)->0K(290816K) From: 64K(21504K)->64K(20480K)
[499.654s][info][gc,heap        ] GC(1345) ParOldGen: 590756K(590848K)->590756K(590848K)
[499.655s][info][gc,metaspace   ] GC(1345) Metaspace: 35480K(36160K)->35480K(36160K) NonClass: 29206K(29696K)->29206K(29696K) Class: 6273K(6464K)->6273K(6464K)
[499.655s][info][gc             ] GC(1345) Pause Young (Allocation Failure) 856M->576M(881M) 1.921ms
[499.655s][info][gc,cpu         ] GC(1345) User=0.01s Sys=0.00s Real=0.00s
[499.709s][info][gc,start       ] GC(1346) Pause Young (Allocation Failure)
[499.711s][info][gc,heap        ] GC(1346) PSYoungGen: 290880K(311296K)->64K(310272K) Eden: 290816K(290816K)->0K(290816K) From: 64K(20480K)->64K(19456K)
[499.711s][info][gc,heap        ] GC(1346) ParOldGen: 590756K(590848K)->590772K(590848K)
[499.711s][info][gc,metaspace   ] GC(1346) Metaspace: 35480K(36160K)->35480K(36160K) NonClass: 29206K(29696K)->29206K(29696K) Class: 6273K(6464K)->6273K(6464K)
[499.711s][info][gc             ] GC(1346) Pause Young (Allocation Failure) 860M->576M(880M) 1.819ms
[499.711s][info][gc,cpu         ] GC(1346) User=0.00s Sys=0.00s Real=0.00s
[499.808s][info][gc,start       ] GC(1347) Pause Young (Allocation Failure)
[499.810s][info][gc,heap        ] GC(1347) PSYoungGen: 290880K(310272K)->64K(313344K) Eden: 290816K(290816K)->0K(294912K) From: 64K(19456K)->64K(18432K)
[499.810s][info][gc,heap        ] GC(1347) ParOldGen: 590772K(590848K)->590772K(590848K)
[499.810s][info][gc,metaspace   ] GC(1347) Metaspace: 35480K(36160K)->35480K(36160K) NonClass: 29206K(29696K)->29206K(29696K) Class: 6273K(6464K)->6273K(6464K)
[499.810s][info][gc             ] GC(1347) Pause Young (Allocation Failure) 860M->576M(883M) 1.842ms
[499.810s][info][gc,cpu         ] GC(1347) User=0.00s Sys=0.00s Real=0.00s
[500.157s][info][gc,start       ] GC(1348) Pause Young (Allocation Failure)
[500.158s][info][gc,heap        ] GC(1348) PSYoungGen: 294976K(313344K)->64K(312320K) Eden: 294912K(294912K)->0K(294912K) From: 64K(18432K)->64K(17408K)
[500.158s][info][gc,heap        ] GC(1348) ParOldGen: 590772K(590848K)->590788K(590848K)
[500.158s][info][gc,metaspace   ] GC(1348) Metaspace: 35480K(36160K)->35480K(36160K) NonClass: 29206K(29696K)->29206K(29696K) Class: 6273K(6464K)->6273K(6464K)
[500.158s][info][gc             ] GC(1348) Pause Young (Allocation Failure) 864M->577M(882M) 1.942ms
[500.158s][info][gc,cpu         ] GC(1348) User=0.00s Sys=0.01s Real=0.00s
[500.388s][info][gc,start       ] GC(1349) Pause Young (Allocation Failure)
[500.390s][info][gc,heap        ] GC(1349) PSYoungGen: 294976K(312320K)->64K(315392K) Eden: 294912K(294912K)->0K(299008K) From: 64K(17408K)->64K(16384K)
[500.390s][info][gc,heap        ] GC(1349) ParOldGen: 590788K(590848K)->590788K(590848K)
[500.390s][info][gc,metaspace   ] GC(1349) Metaspace: 35480K(36160K)->35480K(36160K) NonClass: 29206K(29696K)->29206K(29696K) Class: 6273K(6464K)->6273K(6464K)
[500.390s][info][gc             ] GC(1349) Pause Young (Allocation Failure) 865M->577M(885M) 1.948ms
[500.390s][info][gc,cpu         ] GC(1349) User=0.00s Sys=0.00s Real=0.00s
[500.470s][info][gc,start       ] GC(1350) Pause Young (Allocation Failure)
[500.472s][info][gc,heap        ] GC(1350) PSYoungGen: 299072K(315392K)->64K(314368K) Eden: 299008K(299008K)->0K(299008K) From: 64K(16384K)->64K(15360K)
[500.472s][info][gc,heap        ] GC(1350) ParOldGen: 590788K(590848K)->590804K(590848K)
[500.472s][info][gc,metaspace   ] GC(1350) Metaspace: 35480K(36160K)->35480K(36160K) NonClass: 29206K(29696K)->29206K(29696K) Class: 6273K(6464K)->6273K(6464K)
[500.472s][info][gc             ] GC(1350) Pause Young (Allocation Failure) 869M->577M(884M) 1.912ms
[500.472s][info][gc,cpu         ] GC(1350) User=0.01s Sys=0.00s Real=0.00s
[500.617s][info][gc,start       ] GC(1351) Pause Young (Allocation Failure)
[500.619s][info][gc,heap        ] GC(1351) PSYoungGen: 299072K(314368K)->64K(317440K) Eden: 299008K(299008K)->0K(303104K) From: 64K(15360K)->64K(14336K)
[500.619s][info][gc,heap        ] GC(1351) ParOldGen: 590804K(590848K)->590804K(590848K)
[500.619s][info][gc,metaspace   ] GC(1351) Metaspace: 35480K(36160K)->35480K(36160K) NonClass: 29206K(29696K)->29206K(29696K) Class: 6273K(6464K)->6273K(6464K)
[500.619s][info][gc             ] GC(1351) Pause Young (Allocation Failure) 869M->577M(887M) 1.939ms
[500.619s][info][gc,cpu         ] GC(1351) User=0.00s Sys=0.00s Real=0.00s
[501.009s][info][gc,start       ] GC(1352) Pause Young (Allocation Failure)
[501.011s][info][gc,heap        ] GC(1352) PSYoungGen: 303168K(317440K)->64K(316416K) Eden: 303104K(303104K)->0K(303104K) From: 64K(14336K)->64K(13312K)
[501.011s][info][gc,heap        ] GC(1352) ParOldGen: 590804K(590848K)->590812K(590848K)
[501.011s][info][gc,metaspace   ] GC(1352) Metaspace: 35480K(36160K)->35480K(36160K) NonClass: 29206K(29696K)->29206K(29696K) Class: 6273K(6464K)->6273K(6464K)
[501.011s][info][gc             ] GC(1352) Pause Young (Allocation Failure) 873M->577M(886M) 1.974ms
[501.011s][info][gc,cpu         ] GC(1352) User=0.01s Sys=0.00s Real=0.00s
[501.717s][info][gc,start       ] GC(1353) Pause Young (Allocation Failure)
[501.718s][info][gc,heap        ] GC(1353) PSYoungGen: 303168K(316416K)->83K(319488K) Eden: 303104K(303104K)->0K(307200K) From: 64K(13312K)->83K(12288K)
[501.718s][info][gc,heap        ] GC(1353) ParOldGen: 590812K(590848K)->590820K(590848K)
[501.719s][info][gc,metaspace   ] GC(1353) Metaspace: 35480K(36160K)->35480K(36160K) NonClass: 29206K(29696K)->29206K(29696K) Class: 6273K(6464K)->6273K(6464K)
[501.719s][info][gc             ] GC(1353) Pause Young (Allocation Failure) 873M->577M(889M) 1.989ms
[501.719s][info][gc,cpu         ] GC(1353) User=0.00s Sys=0.00s Real=0.00s
[502.698s][info][gc,start       ] GC(1354) Pause Young (Allocation Failure)
[502.700s][info][gc,heap        ] GC(1354) PSYoungGen: 307283K(319488K)->64K(295424K) Eden: 307200K(307200K)->0K(294912K) From: 83K(12288K)->64K(512K)
[502.700s][info][gc,heap        ] GC(1354) ParOldGen: 590820K(590848K)->590828K(590848K)
[502.700s][info][gc,metaspace   ] GC(1354) Metaspace: 35480K(36160K)->35480K(36160K) NonClass: 29206K(29696K)->29206K(29696K) Class: 6273K(6464K)->6273K(6464K)
[502.700s][info][gc             ] GC(1354) Pause Young (Allocation Failure) 877M->577M(865M) 2.674ms
[502.701s][info][gc,cpu         ] GC(1354) User=0.00s Sys=0.00s Real=0.00s
[503.164s][info][gc,start       ] GC(1355) Pause Young (Allocation Failure)
[503.166s][info][gc,heap        ] GC(1355) PSYoungGen: 294976K(295424K)->64K(283648K) Eden: 294912K(294912K)->0K(283136K) From: 64K(512K)->64K(512K)
[503.166s][info][gc,heap        ] GC(1355) ParOldGen: 590828K(590848K)->590836K(590848K)
[503.166s][info][gc,metaspace   ] GC(1355) Metaspace: 35480K(36160K)->35480K(36160K) NonClass: 29206K(29696K)->29206K(29696K) Class: 6273K(6464K)->6273K(6464K)
[503.166s][info][gc             ] GC(1355) Pause Young (Allocation Failure) 865M->577M(854M) 2.075ms
[503.166s][info][gc,cpu         ] GC(1355) User=0.00s Sys=0.00s Real=0.01s
[504.145s][info][gc,start       ] GC(1356) Pause Young (Allocation Failure)
[504.147s][info][gc,heap        ] GC(1356) PSYoungGen: 283200K(283648K)->64K(282112K) Eden: 283136K(283136K)->0K(271872K) From: 64K(512K)->64K(10240K)
[504.147s][info][gc,heap        ] GC(1356) ParOldGen: 590836K(590848K)->590844K(590848K)
[504.147s][info][gc,metaspace   ] GC(1356) Metaspace: 35480K(36160K)->35480K(36160K) NonClass: 29206K(29696K)->29206K(29696K) Class: 6273K(6464K)->6273K(6464K)
[504.147s][info][gc             ] GC(1356) Pause Young (Allocation Failure) 853M->577M(852M) 1.893ms
[504.147s][info][gc,cpu         ] GC(1356) User=0.00s Sys=0.00s Real=0.00s
[504.555s][info][gc,start       ] GC(1357) Pause Young (Allocation Failure)
[504.557s][info][gc,heap        ] GC(1357) PSYoungGen: 271936K(282112K)->64K(261632K) Eden: 271872K(271872K)->0K(261120K) From: 64K(10240K)->64K(512K)
[504.557s][info][gc,heap        ] GC(1357) ParOldGen: 590844K(590848K)->590860K(591360K)
[504.557s][info][gc,metaspace   ] GC(1357) Metaspace: 35480K(36160K)->35480K(36160K) NonClass: 29206K(29696K)->29206K(29696K) Class: 6273K(6464K)->6273K(6464K)
[504.557s][info][gc             ] GC(1357) Pause Young (Allocation Failure) 842M->577M(833M) 2.647ms
[504.557s][info][gc,cpu         ] GC(1357) User=0.00s Sys=0.00s Real=0.01s
[504.751s][info][gc,start       ] GC(1358) Pause Young (Allocation Failure)
[504.753s][info][gc,heap        ] GC(1358) PSYoungGen: 261184K(261632K)->64K(259584K) Eden: 261120K(261120K)->0K(250880K) From: 64K(512K)->64K(8704K)
[504.753s][info][gc,heap        ] GC(1358) ParOldGen: 590860K(591360K)->590868K(591360K)
[504.753s][info][gc,metaspace   ] GC(1358) Metaspace: 35480K(36160K)->35480K(36160K) NonClass: 29206K(29696K)->29206K(29696K) Class: 6273K(6464K)->6273K(6464K)
[504.753s][info][gc             ] GC(1358) Pause Young (Allocation Failure) 832M->577M(831M) 2.148ms
[504.753s][info][gc,cpu         ] GC(1358) User=0.01s Sys=0.00s Real=0.00s
[504.846s][info][gc,start       ] GC(1359) Pause Young (Allocation Failure)
[504.850s][info][gc,heap        ] GC(1359) PSYoungGen: 250944K(259584K)->64K(291840K) Eden: 250880K(250880K)->0K(283648K) From: 64K(8704K)->64K(8192K)
[504.850s][info][gc,heap        ] GC(1359) ParOldGen: 590868K(591360K)->590876K(591360K)
[504.850s][info][gc,metaspace   ] GC(1359) Metaspace: 35480K(36160K)->35480K(36160K) NonClass: 29206K(29696K)->29206K(29696K) Class: 6273K(6464K)->6273K(6464K)
[504.850s][info][gc             ] GC(1359) Pause Young (Allocation Failure) 822M->577M(862M) 3.540ms
[504.850s][info][gc,cpu         ] GC(1359) User=0.00s Sys=0.00s Real=0.00s
[505.481s][info][gc,start       ] GC(1360) Pause Young (Allocation Failure)
[505.484s][info][gc,heap        ] GC(1360) PSYoungGen: 283712K(291840K)->64K(291328K) Eden: 283648K(283648K)->0K(283648K) From: 64K(8192K)->64K(7680K)
[505.484s][info][gc,heap        ] GC(1360) ParOldGen: 590876K(591360K)->590892K(591360K)
[505.484s][info][gc,metaspace   ] GC(1360) Metaspace: 35480K(36160K)->35480K(36160K) NonClass: 29206K(29696K)->29206K(29696K) Class: 6273K(6464K)->6273K(6464K)
[505.484s][info][gc             ] GC(1360) Pause Young (Allocation Failure) 854M->577M(862M) 3.113ms
[505.484s][info][gc,cpu         ] GC(1360) User=0.00s Sys=0.00s Real=0.00s
[505.877s][info][gc,start       ] GC(1361) Pause Young (Allocation Failure)
[505.882s][info][gc,heap        ] GC(1361) PSYoungGen: 283712K(291328K)->896K(325632K) Eden: 283648K(283648K)->0K(318464K) From: 64K(7680K)->896K(7168K)
[505.882s][info][gc,heap        ] GC(1361) ParOldGen: 590892K(591360K)->590908K(591360K)
[505.882s][info][gc,metaspace   ] GC(1361) Metaspace: 35481K(36160K)->35481K(36160K) NonClass: 29207K(29696K)->29207K(29696K) Class: 6273K(6464K)->6273K(6464K)
[505.882s][info][gc             ] GC(1361) Pause Young (Allocation Failure) 854M->577M(895M) 4.373ms
[505.882s][info][gc,cpu         ] GC(1361) User=0.01s Sys=0.00s Real=0.00s
[506.225s][info][gc,start       ] GC(1362) Pause Young (Allocation Failure)
[506.298s][info][gc,heap        ] GC(1362) PSYoungGen: 319360K(325632K)->6656K(325120K) Eden: 318464K(318464K)->0K(318464K) From: 896K(7168K)->6656K(6656K)
[506.298s][info][gc,heap        ] GC(1362) ParOldGen: 590908K(591360K)->617860K(617984K)
[506.298s][info][gc,metaspace   ] GC(1362) Metaspace: 35481K(36160K)->35481K(36160K) NonClass: 29207K(29696K)->29207K(29696K) Class: 6273K(6464K)->6273K(6464K)
[506.298s][info][gc             ] GC(1362) Pause Young (Allocation Failure) 888M->609M(921M) 72.385ms
[506.298s][info][gc,cpu         ] GC(1362) User=0.12s Sys=0.03s Real=0.07s
[506.627s][info][gc,start       ] GC(1363) Pause Young (Allocation Failure)
[506.706s][info][gc,heap        ] GC(1363) PSYoungGen: 325120K(325120K)->8704K(286208K) Eden: 318464K(318464K)->0K(277504K) From: 6656K(6656K)->8704K(8704K)
[506.706s][info][gc,heap        ] GC(1363) ParOldGen: 617860K(617984K)->643772K(644096K)
[506.706s][info][gc,metaspace   ] GC(1363) Metaspace: 35481K(36160K)->35481K(36160K) NonClass: 29207K(29696K)->29207K(29696K) Class: 6273K(6464K)->6273K(6464K)
[506.706s][info][gc             ] GC(1363) Pause Young (Allocation Failure) 920M->637M(908M) 79.130ms
[506.706s][info][gc,cpu         ] GC(1363) User=0.13s Sys=0.02s Real=0.08s
[506.795s][info][gc,start       ] GC(1364) Pause Young (Allocation Failure)
[506.805s][info][gc,heap        ] GC(1364) PSYoungGen: 286208K(286208K)->928K(305664K) Eden: 277504K(277504K)->0K(277504K) From: 8704K(8704K)->928K(28160K)
[506.805s][info][gc,heap        ] GC(1364) ParOldGen: 643772K(644096K)->644716K(645120K)
[506.805s][info][gc,metaspace   ] GC(1364) Metaspace: 35481K(36160K)->35481K(36160K) NonClass: 29207K(29696K)->29207K(29696K) Class: 6273K(6464K)->6273K(6464K)
[506.805s][info][gc             ] GC(1364) Pause Young (Allocation Failure) 908M->630M(928M) 10.896ms
[506.805s][info][gc,cpu         ] GC(1364) User=0.02s Sys=0.00s Real=0.02s
[507.384s][info][gc,start       ] GC(1365) Pause Young (Allocation Failure)
[507.387s][info][gc,heap        ] GC(1365) PSYoungGen: 278432K(305664K)->64K(302592K) Eden: 277504K(277504K)->0K(278528K) From: 928K(28160K)->64K(24064K)
[507.387s][info][gc,heap        ] GC(1365) ParOldGen: 644716K(645120K)->644724K(645120K)
[507.387s][info][gc,metaspace   ] GC(1365) Metaspace: 35481K(36160K)->35481K(36160K) NonClass: 29207K(29696K)->29207K(29696K) Class: 6273K(6464K)->6273K(6464K)
[507.387s][info][gc             ] GC(1365) Pause Young (Allocation Failure) 901M->629M(925M) 2.311ms
[507.387s][info][gc,cpu         ] GC(1365) User=0.00s Sys=0.00s Real=0.01s
[507.844s][info][gc,start       ] GC(1366) Pause Young (Allocation Failure)
[507.846s][info][gc,heap        ] GC(1366) PSYoungGen: 278592K(302592K)->64K(304640K) Eden: 278528K(278528K)->0K(278528K) From: 64K(24064K)->64K(26112K)
[507.846s][info][gc,heap        ] GC(1366) ParOldGen: 644724K(645120K)->644732K(645120K)
[507.846s][info][gc,metaspace   ] GC(1366) Metaspace: 35481K(36160K)->35481K(36160K) NonClass: 29207K(29696K)->29207K(29696K) Class: 6273K(6464K)->6273K(6464K)
[507.846s][info][gc             ] GC(1366) Pause Young (Allocation Failure) 901M->629M(927M) 2.079ms
[507.846s][info][gc,cpu         ] GC(1366) User=0.00s Sys=0.00s Real=0.01s
[508.277s][info][gc,start       ] GC(1367) Pause Young (Allocation Failure)
[508.279s][info][gc,heap        ] GC(1367) PSYoungGen: 278592K(304640K)->64K(304640K) Eden: 278528K(278528K)->0K(282624K) From: 64K(26112K)->64K(22016K)
[508.279s][info][gc,heap        ] GC(1367) ParOldGen: 644732K(645120K)->644748K(645120K)
[508.279s][info][gc,metaspace   ] GC(1367) Metaspace: 35481K(36160K)->35481K(36160K) NonClass: 29207K(29696K)->29207K(29696K) Class: 6273K(6464K)->6273K(6464K)
[508.279s][info][gc             ] GC(1367) Pause Young (Allocation Failure) 901M->629M(927M) 2.079ms
[508.279s][info][gc,cpu         ] GC(1367) User=0.00s Sys=0.00s Real=0.00s
[508.492s][info][gc,start       ] GC(1368) Pause Young (Allocation Failure)
[508.494s][info][gc,heap        ] GC(1368) PSYoungGen: 282688K(304640K)->64K(306688K) Eden: 282624K(282624K)->0K(282624K) From: 64K(22016K)->64K(24064K)
[508.494s][info][gc,heap        ] GC(1368) ParOldGen: 644748K(645120K)->644764K(645120K)
[508.494s][info][gc,metaspace   ] GC(1368) Metaspace: 35481K(36160K)->35481K(36160K) NonClass: 29207K(29696K)->29207K(29696K) Class: 6273K(6464K)->6273K(6464K)
[508.494s][info][gc             ] GC(1368) Pause Young (Allocation Failure) 905M->629M(929M) 2.055ms
[508.494s][info][gc,cpu         ] GC(1368) User=0.00s Sys=0.00s Real=0.00s
[508.709s][info][gc,start       ] GC(1369) Pause Young (Allocation Failure)
[508.711s][info][gc,heap        ] GC(1369) PSYoungGen: 282688K(306688K)->32K(306688K) Eden: 282624K(282624K)->0K(286720K) From: 64K(24064K)->32K(19968K)
[508.711s][info][gc,heap        ] GC(1369) ParOldGen: 644764K(645120K)->644764K(645120K)
[508.711s][info][gc,metaspace   ] GC(1369) Metaspace: 35481K(36160K)->35481K(36160K) NonClass: 29207K(29696K)->29207K(29696K) Class: 6273K(6464K)->6273K(6464K)
[508.712s][info][gc             ] GC(1369) Pause Young (Allocation Failure) 905M->629M(929M) 2.073ms
[508.712s][info][gc,cpu         ] GC(1369) User=0.01s Sys=0.00s Real=0.00s
[509.070s][info][gc,start       ] GC(1370) Pause Young (Allocation Failure)
[509.072s][info][gc,heap        ] GC(1370) PSYoungGen: 286752K(306688K)->64K(308736K) Eden: 286720K(286720K)->0K(286720K) From: 32K(19968K)->64K(22016K)
[509.072s][info][gc,heap        ] GC(1370) ParOldGen: 644764K(645120K)->644764K(645120K)
[509.072s][info][gc,metaspace   ] GC(1370) Metaspace: 35481K(36160K)->35481K(36160K) NonClass: 29207K(29696K)->29207K(29696K) Class: 6273K(6464K)->6273K(6464K)
[509.072s][info][gc             ] GC(1370) Pause Young (Allocation Failure) 909M->629M(931M) 2.095ms
[509.072s][info][gc,cpu         ] GC(1370) User=0.00s Sys=0.00s Real=0.00s
[509.141s][info][gc,start       ] GC(1371) Pause Young (Allocation Failure)
[509.143s][info][gc,heap        ] GC(1371) PSYoungGen: 286784K(308736K)->64K(309248K) Eden: 286720K(286720K)->0K(291328K) From: 64K(22016K)->64K(17920K)
[509.143s][info][gc,heap        ] GC(1371) ParOldGen: 644764K(645120K)->644772K(645120K)
[509.143s][info][gc,metaspace   ] GC(1371) Metaspace: 35481K(36160K)->35481K(36160K) NonClass: 29207K(29696K)->29207K(29696K) Class: 6273K(6464K)->6273K(6464K)
[509.143s][info][gc             ] GC(1371) Pause Young (Allocation Failure) 909M->629M(932M) 2.067ms
[509.143s][info][gc,cpu         ] GC(1371) User=0.00s Sys=0.00s Real=0.00s
[509.196s][info][gc,start       ] GC(1372) Pause Young (Allocation Failure)
[509.198s][info][gc,heap        ] GC(1372) PSYoungGen: 291392K(309248K)->64K(310784K) Eden: 291328K(291328K)->0K(291328K) From: 64K(17920K)->64K(19456K)
[509.198s][info][gc,heap        ] GC(1372) ParOldGen: 644772K(645120K)->644788K(645120K)
[509.198s][info][gc,metaspace   ] GC(1372) Metaspace: 35481K(36160K)->35481K(36160K) NonClass: 29207K(29696K)->29207K(29696K) Class: 6273K(6464K)->6273K(6464K)
[509.198s][info][gc             ] GC(1372) Pause Young (Allocation Failure) 914M->629M(933M) 2.004ms
[509.198s][info][gc,cpu         ] GC(1372) User=0.01s Sys=0.00s Real=0.00s
[509.437s][info][gc,start       ] GC(1373) Pause Young (Allocation Failure)
[509.439s][info][gc,heap        ] GC(1373) PSYoungGen: 291392K(310784K)->64K(311808K) Eden: 291328K(291328K)->0K(295936K) From: 64K(19456K)->64K(15872K)
[509.439s][info][gc,heap        ] GC(1373) ParOldGen: 644788K(645120K)->644788K(645120K)
[509.439s][info][gc,metaspace   ] GC(1373) Metaspace: 35481K(36160K)->35481K(36160K) NonClass: 29207K(29696K)->29207K(29696K) Class: 6273K(6464K)->6273K(6464K)
[509.439s][info][gc             ] GC(1373) Pause Young (Allocation Failure) 914M->629M(934M) 2.074ms
[509.439s][info][gc,cpu         ] GC(1373) User=0.01s Sys=0.00s Real=0.00s
[509.750s][info][gc,start       ] GC(1374) Pause Young (Allocation Failure)
[509.752s][info][gc,heap        ] GC(1374) PSYoungGen: 296000K(311808K)->64K(313344K) Eden: 295936K(295936K)->0K(295936K) From: 64K(15872K)->64K(17408K)
[509.752s][info][gc,heap        ] GC(1374) ParOldGen: 644788K(645120K)->644796K(645120K)
[509.752s][info][gc,metaspace   ] GC(1374) Metaspace: 35481K(36160K)->35481K(36160K) NonClass: 29207K(29696K)->29207K(29696K) Class: 6273K(6464K)->6273K(6464K)
[509.752s][info][gc             ] GC(1374) Pause Young (Allocation Failure) 918M->629M(936M) 2.090ms
[509.752s][info][gc,cpu         ] GC(1374) User=0.00s Sys=0.00s Real=0.00s
[509.893s][info][gc,start       ] GC(1375) Pause Young (Allocation Failure)
[509.895s][info][gc,heap        ] GC(1375) PSYoungGen: 296000K(313344K)->64K(313856K) Eden: 295936K(295936K)->0K(300032K) From: 64K(17408K)->64K(13824K)
[509.895s][info][gc,heap        ] GC(1375) ParOldGen: 644796K(645120K)->644804K(645120K)
[509.895s][info][gc,metaspace   ] GC(1375) Metaspace: 35481K(36160K)->35481K(36160K) NonClass: 29207K(29696K)->29207K(29696K) Class: 6273K(6464K)->6273K(6464K)
[509.895s][info][gc             ] GC(1375) Pause Young (Allocation Failure) 918M->629M(936M) 2.081ms
[509.895s][info][gc,cpu         ] GC(1375) User=0.01s Sys=0.00s Real=0.00s
[509.977s][info][gc,start       ] GC(1376) Pause Young (Allocation Failure)
[509.979s][info][gc,heap        ] GC(1376) PSYoungGen: 300096K(313856K)->64K(315392K) Eden: 300032K(300032K)->0K(300032K) From: 64K(13824K)->64K(15360K)
[509.979s][info][gc,heap        ] GC(1376) ParOldGen: 644804K(645120K)->644812K(645120K)
[509.979s][info][gc,metaspace   ] GC(1376) Metaspace: 35481K(36160K)->35481K(36160K) NonClass: 29207K(29696K)->29207K(29696K) Class: 6273K(6464K)->6273K(6464K)
[509.979s][info][gc             ] GC(1376) Pause Young (Allocation Failure) 922M->629M(938M) 2.015ms
[509.979s][info][gc,cpu         ] GC(1376) User=0.00s Sys=0.00s Real=0.00s
[510.177s][info][gc,start       ] GC(1377) Pause Young (Allocation Failure)
[510.179s][info][gc,heap        ] GC(1377) PSYoungGen: 300096K(315392K)->64K(315904K) Eden: 300032K(300032K)->0K(304128K) From: 64K(15360K)->64K(11776K)
[510.179s][info][gc,heap        ] GC(1377) ParOldGen: 644812K(645120K)->644820K(645120K)
[510.179s][info][gc,metaspace   ] GC(1377) Metaspace: 35481K(36160K)->35481K(36160K) NonClass: 29207K(29696K)->29207K(29696K) Class: 6273K(6464K)->6273K(6464K)
[510.179s][info][gc             ] GC(1377) Pause Young (Allocation Failure) 922M->629M(938M) 2.076ms
[510.179s][info][gc,cpu         ] GC(1377) User=0.00s Sys=0.00s Real=0.00s
[511.158s][info][gc,start       ] GC(1378) Pause Young (Allocation Failure)
[511.161s][info][gc,heap        ] GC(1378) PSYoungGen: 304192K(315904K)->83K(317440K) Eden: 304128K(304128K)->0K(304128K) From: 64K(11776K)->83K(13312K)
[511.161s][info][gc,heap        ] GC(1378) ParOldGen: 644820K(645120K)->644828K(645120K)
[511.161s][info][gc,metaspace   ] GC(1378) Metaspace: 35481K(36160K)->35481K(36160K) NonClass: 29207K(29696K)->29207K(29696K) Class: 6273K(6464K)->6273K(6464K)
[511.161s][info][gc             ] GC(1378) Pause Young (Allocation Failure) 926M->629M(940M) 2.242ms
[511.161s][info][gc,cpu         ] GC(1378) User=0.00s Sys=0.00s Real=0.00s
[512.049s][info][gc,start       ] GC(1379) Pause Young (Allocation Failure)
[512.051s][info][gc,heap        ] GC(1379) PSYoungGen: 304211K(317440K)->64K(317952K) Eden: 304128K(304128K)->0K(307712K) From: 83K(13312K)->64K(10240K)
[512.051s][info][gc,heap        ] GC(1379) ParOldGen: 644828K(645120K)->644836K(645120K)
[512.051s][info][gc,metaspace   ] GC(1379) Metaspace: 35481K(36160K)->35481K(36160K) NonClass: 29207K(29696K)->29207K(29696K) Class: 6273K(6464K)->6273K(6464K)
[512.051s][info][gc             ] GC(1379) Pause Young (Allocation Failure) 926M->629M(940M) 2.112ms
[512.051s][info][gc,cpu         ] GC(1379) User=0.01s Sys=0.00s Real=0.00s
[512.387s][info][gc,start       ] GC(1380) Pause Young (Allocation Failure)
[512.391s][info][gc,heap        ] GC(1380) PSYoungGen: 307776K(317952K)->64K(319488K) Eden: 307712K(307712K)->0K(307712K) From: 64K(10240K)->64K(11776K)
[512.391s][info][gc,heap        ] GC(1380) ParOldGen: 644836K(645120K)->644844K(645120K)
[512.391s][info][gc,metaspace   ] GC(1380) Metaspace: 35481K(36160K)->35481K(36160K) NonClass: 29207K(29696K)->29207K(29696K) Class: 6273K(6464K)->6273K(6464K)
[512.391s][info][gc             ] GC(1380) Pause Young (Allocation Failure) 930M->629M(942M) 3.966ms
[512.391s][info][gc,cpu         ] GC(1380) User=0.01s Sys=0.00s Real=0.00s
[512.825s][info][gc,start       ] GC(1381) Pause Young (Allocation Failure)
[512.828s][info][gc,heap        ] GC(1381) PSYoungGen: 307776K(319488K)->64K(320512K) Eden: 307712K(307712K)->0K(311296K) From: 64K(11776K)->64K(9216K)
[512.828s][info][gc,heap        ] GC(1381) ParOldGen: 644844K(645120K)->644852K(645120K)
[512.828s][info][gc,metaspace   ] GC(1381) Metaspace: 35481K(36160K)->35481K(36160K) NonClass: 29207K(29696K)->29207K(29696K) Class: 6273K(6464K)->6273K(6464K)
[512.828s][info][gc             ] GC(1381) Pause Young (Allocation Failure) 930M->629M(943M) 2.829ms
[512.828s][info][gc,cpu         ] GC(1381) User=0.00s Sys=0.00s Real=0.00s
[513.809s][info][gc,start       ] GC(1382) Pause Young (Allocation Failure)
[513.811s][info][gc,heap        ] GC(1382) PSYoungGen: 311360K(320512K)->64K(299520K) Eden: 311296K(311296K)->0K(299008K) From: 64K(9216K)->64K(512K)
[513.811s][info][gc,heap        ] GC(1382) ParOldGen: 644852K(645120K)->644860K(645120K)
[513.812s][info][gc,metaspace   ] GC(1382) Metaspace: 35481K(36160K)->35481K(36160K) NonClass: 29207K(29696K)->29207K(29696K) Class: 6273K(6464K)->6273K(6464K)
[513.812s][info][gc             ] GC(1382) Pause Young (Allocation Failure) 933M->629M(922M) 2.594ms
[513.812s][info][gc,cpu         ] GC(1382) User=0.00s Sys=0.00s Real=0.00s
[514.216s][info][gc,start       ] GC(1383) Pause Young (Allocation Failure)
[514.218s][info][gc,heap        ] GC(1383) PSYoungGen: 299072K(299520K)->64K(287744K) Eden: 299008K(299008K)->0K(287232K) From: 64K(512K)->64K(512K)
[514.218s][info][gc,heap        ] GC(1383) ParOldGen: 644860K(645120K)->644868K(645120K)
[514.218s][info][gc,metaspace   ] GC(1383) Metaspace: 35481K(36160K)->35481K(36160K) NonClass: 29207K(29696K)->29207K(29696K) Class: 6273K(6464K)->6273K(6464K)
[514.218s][info][gc             ] GC(1383) Pause Young (Allocation Failure) 921M->629M(911M) 2.733ms
[514.218s][info][gc,cpu         ] GC(1383) User=0.01s Sys=0.00s Real=0.00s
[514.317s][info][gc,start       ] GC(1384) Pause Young (Allocation Failure)
[514.319s][info][gc,heap        ] GC(1384) PSYoungGen: 287296K(287744K)->64K(305152K) Eden: 287232K(287232K)->0K(296448K) From: 64K(512K)->64K(8704K)
[514.319s][info][gc,heap        ] GC(1384) ParOldGen: 644868K(645120K)->644876K(645120K)
[514.319s][info][gc,metaspace   ] GC(1384) Metaspace: 35481K(36160K)->35481K(36160K) NonClass: 29207K(29696K)->29207K(29696K) Class: 6273K(6464K)->6273K(6464K)
[514.319s][info][gc             ] GC(1384) Pause Young (Allocation Failure) 910M->629M(928M) 2.051ms
[514.319s][info][gc,cpu         ] GC(1384) User=0.01s Sys=0.00s Real=0.00s
[514.970s][info][gc,start       ] GC(1385) Pause Young (Allocation Failure)
[514.972s][info][gc,heap        ] GC(1385) PSYoungGen: 296512K(305152K)->64K(285184K) Eden: 296448K(296448K)->0K(284672K) From: 64K(8704K)->64K(512K)
[514.972s][info][gc,heap        ] GC(1385) ParOldGen: 644876K(645120K)->644884K(645120K)
[514.972s][info][gc,metaspace   ] GC(1385) Metaspace: 35481K(36160K)->35481K(36160K) NonClass: 29207K(29696K)->29207K(29696K) Class: 6273K(6464K)->6273K(6464K)
[514.972s][info][gc             ] GC(1385) Pause Young (Allocation Failure) 919M->629M(908M) 2.117ms
[514.972s][info][gc,cpu         ] GC(1385) User=0.00s Sys=0.00s Real=0.00s
[515.361s][info][gc,start       ] GC(1386) Pause Young (Allocation Failure)
[515.365s][info][gc,heap        ] GC(1386) PSYoungGen: 284736K(285184K)->1472K(281088K) Eden: 284672K(284672K)->0K(273408K) From: 64K(512K)->1472K(7680K)
[515.365s][info][gc,heap        ] GC(1386) ParOldGen: 644884K(645120K)->644900K(645120K)
[515.365s][info][gc,metaspace   ] GC(1386) Metaspace: 35481K(36160K)->35481K(36160K) NonClass: 29207K(29696K)->29207K(29696K) Class: 6273K(6464K)->6273K(6464K)
[515.365s][info][gc             ] GC(1386) Pause Young (Allocation Failure) 907M->631M(904M) 3.970ms
[515.365s][info][gc,cpu         ] GC(1386) User=0.01s Sys=0.00s Real=0.00s
[515.648s][info][gc,start       ] GC(1387) Pause Young (Allocation Failure)
[515.710s][info][gc,heap        ] GC(1387) PSYoungGen: 274880K(281088K)->7168K(307200K) Eden: 273408K(273408K)->0K(300032K) From: 1472K(7680K)->7168K(7168K)
[515.710s][info][gc,heap        ] GC(1387) ParOldGen: 644900K(645120K)->666588K(666624K)
[515.710s][info][gc,metaspace   ] GC(1387) Metaspace: 35481K(36160K)->35481K(36160K) NonClass: 29207K(29696K)->29207K(29696K) Class: 6273K(6464K)->6273K(6464K)
[515.710s][info][gc             ] GC(1387) Pause Young (Allocation Failure) 898M->657M(951M) 62.391ms
[515.710s][info][gc,cpu         ] GC(1387) User=0.10s Sys=0.02s Real=0.06s
[516.024s][info][gc,start       ] GC(1388) Pause Full (Allocation Failure)
[516.024s][info][gc,phases,start] GC(1388) Marking Phase
[516.117s][info][gc,phases      ] GC(1388) Marking Phase 93.291ms
[516.117s][info][gc,phases,start] GC(1388) Summary Phase
[516.117s][info][gc,phases      ] GC(1388) Summary Phase 0.027ms
[516.117s][info][gc,phases,start] GC(1388) Forward
[516.147s][info][gc,phases      ] GC(1388) Forward 30.140ms
[516.147s][info][gc,phases,start] GC(1388) Adjust Pointers
[516.199s][info][gc,phases      ] GC(1388) Adjust Pointers 52.154ms
[516.199s][info][gc,phases,start] GC(1388) Compaction Phase
[516.230s][info][gc,phases      ] GC(1388) Compaction Phase 30.704ms
[516.230s][info][gc,phases,start] GC(1388) Post Compact
[516.233s][info][metaspace      ] ChkMgr @0x00007f206403aa80 (non-class-space): : reclaiming memory...
[516.233s][info][metaspace      ] ChkMgr @0x00007f206403aa80 (non-class-space): nothing reclaimed.
[516.233s][info][metaspace      ] ChkMgr @0x00007f206403a890 (class-space): : reclaiming memory...
[516.233s][info][metaspace      ] ChkMgr @0x00007f206403a890 (class-space): nothing reclaimed.
[516.233s][info][gc,phases      ] GC(1388) Post Compact 2.758ms
[516.272s][info][gc,heap        ] GC(1388) PSYoungGen: 307200K(307200K)->0K(316928K) Eden: 300032K(300032K)->0K(300032K) From: 7168K(7168K)->0K(16896K)
[516.272s][info][gc,heap        ] GC(1388) ParOldGen: 666588K(666624K)->89730K(175104K)
[516.272s][info][gc,metaspace   ] GC(1388) Metaspace: 35481K(36160K)->35439K(36160K) NonClass: 29207K(29696K)->29166K(29696K) Class: 6273K(6464K)->6272K(6464K)
[516.272s][info][gc             ] GC(1388) Pause Full (Allocation Failure) 950M->87M(480M) 248.792ms
[516.272s][info][gc,cpu         ] GC(1388) User=0.37s Sys=0.05s Real=0.25s
[516.401s][info][gc,start       ] GC(1389) Pause Young (Allocation Failure)
[516.430s][info][gc,heap        ] GC(1389) PSYoungGen: 300032K(316928K)->7040K(316928K) Eden: 300032K(300032K)->0K(300032K) From: 0K(16896K)->7040K(16896K)
[516.431s][info][gc,heap        ] GC(1389) ParOldGen: 89730K(175104K)->89730K(175104K)
[516.431s][info][gc,metaspace   ] GC(1389) Metaspace: 35442K(36160K)->35442K(36160K) NonClass: 29170K(29696K)->29170K(29696K) Class: 6272K(6464K)->6272K(6464K)
[516.431s][info][gc             ] GC(1389) Pause Young (Allocation Failure) 380M->94M(480M) 29.104ms
[516.431s][info][gc,cpu         ] GC(1389) User=0.05s Sys=0.00s Real=0.03s
[517.053s][info][gc,start       ] GC(1390) Pause Young (Allocation Failure)
[517.054s][info][gc,heap        ] GC(1390) PSYoungGen: 307072K(316928K)->64K(300544K) Eden: 300032K(300032K)->0K(300032K) From: 7040K(16896K)->64K(512K)
[517.054s][info][gc,heap        ] GC(1390) ParOldGen: 89730K(175104K)->89738K(175104K)
[517.054s][info][gc,metaspace   ] GC(1390) Metaspace: 35442K(36160K)->35442K(36160K) NonClass: 29170K(29696K)->29170K(29696K) Class: 6272K(6464K)->6272K(6464K)
[517.054s][info][gc             ] GC(1390) Pause Young (Allocation Failure) 387M->87M(464M) 0.728ms
[517.054s][info][gc,cpu         ] GC(1390) User=0.00s Sys=0.00s Real=0.00s
[517.552s][info][gc,start       ] GC(1391) Pause Young (Allocation Failure)
[517.553s][info][gc,heap        ] GC(1391) PSYoungGen: 300096K(300544K)->64K(316928K) Eden: 300032K(300032K)->0K(300544K) From: 64K(512K)->64K(16384K)
[517.553s][info][gc,heap        ] GC(1391) ParOldGen: 89738K(175104K)->89746K(175104K)
[517.553s][info][gc,metaspace   ] GC(1391) Metaspace: 35442K(36160K)->35442K(36160K) NonClass: 29170K(29696K)->29170K(29696K) Class: 6272K(6464K)->6272K(6464K)
[517.553s][info][gc             ] GC(1391) Pause Young (Allocation Failure) 380M->87M(480M) 0.772ms
[517.553s][info][gc,cpu         ] GC(1391) User=0.00s Sys=0.00s Real=0.00s
[518.003s][info][gc,start       ] GC(1392) Pause Young (Allocation Failure)
[518.004s][info][gc,heap        ] GC(1392) PSYoungGen: 300608K(316928K)->64K(316416K) Eden: 300544K(300544K)->0K(300544K) From: 64K(16384K)->64K(15872K)
[518.004s][info][gc,heap        ] GC(1392) ParOldGen: 89746K(175104K)->89762K(175104K)
[518.004s][info][gc,metaspace   ] GC(1392) Metaspace: 35442K(36160K)->35442K(36160K) NonClass: 29170K(29696K)->29170K(29696K) Class: 6272K(6464K)->6272K(6464K)
[518.004s][info][gc             ] GC(1392) Pause Young (Allocation Failure) 381M->87M(480M) 0.840ms
[518.004s][info][gc,cpu         ] GC(1392) User=0.00s Sys=0.00s Real=0.00s
[518.231s][info][gc,start       ] GC(1393) Pause Young (Allocation Failure)
[518.232s][info][gc,heap        ] GC(1393) PSYoungGen: 300608K(316416K)->64K(316928K) Eden: 300544K(300544K)->0K(302080K) From: 64K(15872K)->64K(14848K)
[518.232s][info][gc,heap        ] GC(1393) ParOldGen: 89762K(175104K)->89778K(175104K)
[518.232s][info][gc,metaspace   ] GC(1393) Metaspace: 35442K(36160K)->35442K(36160K) NonClass: 29170K(29696K)->29170K(29696K) Class: 6272K(6464K)->6272K(6464K)
[518.232s][info][gc             ] GC(1393) Pause Young (Allocation Failure) 381M->87M(480M) 0.800ms
[518.232s][info][gc,cpu         ] GC(1393) User=0.01s Sys=0.00s Real=0.00s
[518.460s][info][gc,start       ] GC(1394) Pause Young (Allocation Failure)
[518.461s][info][gc,heap        ] GC(1394) PSYoungGen: 302144K(316928K)->64K(316416K) Eden: 302080K(302080K)->0K(302080K) From: 64K(14848K)->64K(14336K)
[518.461s][info][gc,heap        ] GC(1394) ParOldGen: 89778K(175104K)->89778K(175104K)
[518.461s][info][gc,metaspace   ] GC(1394) Metaspace: 35442K(36160K)->35442K(36160K) NonClass: 29170K(29696K)->29170K(29696K) Class: 6272K(6464K)->6272K(6464K)
[518.461s][info][gc             ] GC(1394) Pause Young (Allocation Failure) 382M->87M(480M) 0.758ms
[518.461s][info][gc,cpu         ] GC(1394) User=0.00s Sys=0.00s Real=0.00s
[518.798s][info][gc,start       ] GC(1395) Pause Young (Allocation Failure)
[518.799s][info][gc,heap        ] GC(1395) PSYoungGen: 302144K(316416K)->64K(318464K) Eden: 302080K(302080K)->0K(305664K) From: 64K(14336K)->64K(12800K)
[518.799s][info][gc,heap        ] GC(1395) ParOldGen: 89778K(175104K)->89778K(175104K)
[518.799s][info][gc,metaspace   ] GC(1395) Metaspace: 35442K(36160K)->35442K(36160K) NonClass: 29170K(29696K)->29170K(29696K) Class: 6272K(6464K)->6272K(6464K)
[518.799s][info][gc             ] GC(1395) Pause Young (Allocation Failure) 382M->87M(482M) 0.751ms
[518.799s][info][gc,cpu         ] GC(1395) User=0.00s Sys=0.00s Real=0.00s
[518.855s][info][gc,start       ] GC(1396) Pause Young (Allocation Failure)
[518.856s][info][gc,heap        ] GC(1396) PSYoungGen: 305728K(318464K)->64K(318464K) Eden: 305664K(305664K)->0K(305664K) From: 64K(12800K)->64K(12800K)
[518.856s][info][gc,heap        ] GC(1396) ParOldGen: 89778K(175104K)->89794K(175104K)
[518.856s][info][gc,metaspace   ] GC(1396) Metaspace: 35442K(36160K)->35442K(36160K) NonClass: 29170K(29696K)->29170K(29696K) Class: 6272K(6464K)->6272K(6464K)
[518.856s][info][gc             ] GC(1396) Pause Young (Allocation Failure) 386M->87M(482M) 0.698ms
[518.856s][info][gc,cpu         ] GC(1396) User=0.00s Sys=0.00s Real=0.00s
[518.922s][info][gc,start       ] GC(1397) Pause Young (Allocation Failure)
[518.922s][info][gc,heap        ] GC(1397) PSYoungGen: 305728K(318464K)->64K(320512K) Eden: 305664K(305664K)->0K(308736K) From: 64K(12800K)->64K(11776K)
[518.922s][info][gc,heap        ] GC(1397) ParOldGen: 89794K(175104K)->89794K(175104K)
[518.922s][info][gc,metaspace   ] GC(1397) Metaspace: 35442K(36160K)->35442K(36160K) NonClass: 29170K(29696K)->29170K(29696K) Class: 6272K(6464K)->6272K(6464K)
[518.922s][info][gc             ] GC(1397) Pause Young (Allocation Failure) 386M->87M(484M) 0.726ms
[518.922s][info][gc,cpu         ] GC(1397) User=0.00s Sys=0.00s Real=0.00s
[519.288s][info][gc,start       ] GC(1398) Pause Young (Allocation Failure)
[519.289s][info][gc,heap        ] GC(1398) PSYoungGen: 308800K(320512K)->64K(296960K) Eden: 308736K(308736K)->0K(296448K) From: 64K(11776K)->64K(512K)
[519.289s][info][gc,heap        ] GC(1398) ParOldGen: 89794K(175104K)->89810K(175104K)
[519.289s][info][gc,metaspace   ] GC(1398) Metaspace: 35442K(36160K)->35442K(36160K) NonClass: 29170K(29696K)->29170K(29696K) Class: 6272K(6464K)->6272K(6464K)
[519.289s][info][gc             ] GC(1398) Pause Young (Allocation Failure) 389M->87M(461M) 1.129ms
[519.289s][info][gc,cpu         ] GC(1398) User=0.00s Sys=0.00s Real=0.00s
[519.534s][info][gc,start       ] GC(1399) Pause Young (Allocation Failure)
[519.536s][info][gc,heap        ] GC(1399) PSYoungGen: 296512K(296960K)->64K(285184K) Eden: 296448K(296448K)->0K(284672K) From: 64K(512K)->64K(512K)
[519.536s][info][gc,heap        ] GC(1399) ParOldGen: 89810K(175104K)->89810K(175104K)
[519.536s][info][gc,metaspace   ] GC(1399) Metaspace: 35442K(36160K)->35442K(36160K) NonClass: 29170K(29696K)->29170K(29696K) Class: 6272K(6464K)->6272K(6464K)
[519.536s][info][gc             ] GC(1399) Pause Young (Allocation Failure) 377M->87M(449M) 1.324ms
[519.536s][info][gc,cpu         ] GC(1399) User=0.00s Sys=0.00s Real=0.01s
[519.616s][info][gc,start       ] GC(1400) Pause Young (Allocation Failure)
[519.616s][info][gc,heap        ] GC(1400) PSYoungGen: 284736K(285184K)->64K(283648K) Eden: 284672K(284672K)->0K(273408K) From: 64K(512K)->64K(10240K)
[519.616s][info][gc,heap        ] GC(1400) ParOldGen: 89810K(175104K)->89818K(175104K)
[519.616s][info][gc,metaspace   ] GC(1400) Metaspace: 35442K(36160K)->35442K(36160K) NonClass: 29170K(29696K)->29170K(29696K) Class: 6272K(6464K)->6272K(6464K)
[519.616s][info][gc             ] GC(1400) Pause Young (Allocation Failure) 365M->87M(448M) 0.700ms
[519.616s][info][gc,cpu         ] GC(1400) User=0.00s Sys=0.00s Real=0.00s
[519.733s][info][gc,start       ] GC(1401) Pause Young (Allocation Failure)
[519.734s][info][gc,heap        ] GC(1401) PSYoungGen: 273472K(283648K)->64K(263168K) Eden: 273408K(273408K)->0K(262656K) From: 64K(10240K)->64K(512K)
[519.734s][info][gc,heap        ] GC(1401) ParOldGen: 89818K(175104K)->89826K(175104K)
[519.734s][info][gc,metaspace   ] GC(1401) Metaspace: 35442K(36160K)->35442K(36160K) NonClass: 29170K(29696K)->29170K(29696K) Class: 6272K(6464K)->6272K(6464K)
[519.734s][info][gc             ] GC(1401) Pause Young (Allocation Failure) 354M->87M(428M) 1.524ms
[519.734s][info][gc,cpu         ] GC(1401) User=0.00s Sys=0.00s Real=0.00s
[519.912s][info][gc,start       ] GC(1402) Pause Young (Allocation Failure)
[519.913s][info][gc,heap        ] GC(1402) PSYoungGen: 262720K(263168K)->64K(261632K) Eden: 262656K(262656K)->0K(252416K) From: 64K(512K)->64K(9216K)
[519.913s][info][gc,heap        ] GC(1402) ParOldGen: 89826K(175104K)->89834K(175104K)
[519.913s][info][gc,metaspace   ] GC(1402) Metaspace: 35442K(36160K)->35442K(36160K) NonClass: 29170K(29696K)->29170K(29696K) Class: 6272K(6464K)->6272K(6464K)
[519.913s][info][gc             ] GC(1402) Pause Young (Allocation Failure) 344M->87M(426M) 0.723ms
[519.913s][info][gc,cpu         ] GC(1402) User=0.01s Sys=0.00s Real=0.00s
[520.838s][info][gc,start       ] GC(1403) Pause Young (Allocation Failure)
[520.839s][info][gc,heap        ] GC(1403) PSYoungGen: 252480K(261632K)->83K(243200K) Eden: 252416K(252416K)->0K(242688K) From: 64K(9216K)->83K(512K)
[520.839s][info][gc,heap        ] GC(1403) ParOldGen: 89834K(175104K)->89842K(175104K)
[520.839s][info][gc,metaspace   ] GC(1403) Metaspace: 35442K(36160K)->35442K(36160K) NonClass: 29170K(29696K)->29170K(29696K) Class: 6272K(6464K)->6272K(6464K)
[520.839s][info][gc             ] GC(1403) Pause Young (Allocation Failure) 334M->87M(408M) 1.283ms
[520.839s][info][gc,cpu         ] GC(1403) User=0.00s Sys=0.00s Real=0.00s
[521.698s][info][gc,start       ] GC(1404) Pause Young (Allocation Failure)
[521.699s][info][gc,heap        ] GC(1404) PSYoungGen: 242771K(243200K)->64K(241152K) Eden: 242688K(242688K)->0K(233472K) From: 83K(512K)->64K(7680K)
[521.699s][info][gc,heap        ] GC(1404) ParOldGen: 89842K(175104K)->89850K(175104K)
[521.699s][info][gc,metaspace   ] GC(1404) Metaspace: 35442K(36160K)->35442K(36160K) NonClass: 29170K(29696K)->29170K(29696K) Class: 6272K(6464K)->6272K(6464K)
[521.699s][info][gc             ] GC(1404) Pause Young (Allocation Failure) 324M->87M(406M) 0.854ms
[521.699s][info][gc,cpu         ] GC(1404) User=0.00s Sys=0.00s Real=0.00s
[521.860s][info][gc,start       ] GC(1405) Pause Young (Allocation Failure)
[521.862s][info][gc,heap        ] GC(1405) PSYoungGen: 233536K(241152K)->64K(225280K) Eden: 233472K(233472K)->0K(224768K) From: 64K(7680K)->64K(512K)
[521.862s][info][gc,heap        ] GC(1405) ParOldGen: 89850K(175104K)->89866K(175104K)
[521.862s][info][gc,metaspace   ] GC(1405) Metaspace: 35442K(36160K)->35442K(36160K) NonClass: 29170K(29696K)->29170K(29696K) Class: 6272K(6464K)->6272K(6464K)
[521.862s][info][gc             ] GC(1405) Pause Young (Allocation Failure) 315M->87M(391M) 1.859ms
[521.862s][info][gc,cpu         ] GC(1405) User=0.01s Sys=0.00s Real=0.00s
[522.241s][info][gc,start       ] GC(1406) Pause Young (Allocation Failure)
[522.242s][info][gc,heap        ] GC(1406) PSYoungGen: 224832K(225280K)->64K(223232K) Eden: 224768K(224768K)->0K(216576K) From: 64K(512K)->64K(6656K)
[522.242s][info][gc,heap        ] GC(1406) ParOldGen: 89866K(175104K)->89882K(175104K)
[522.242s][info][gc,metaspace   ] GC(1406) Metaspace: 35442K(36160K)->35442K(36160K) NonClass: 29170K(29696K)->29170K(29696K) Class: 6272K(6464K)->6272K(6464K)
[522.242s][info][gc             ] GC(1406) Pause Young (Allocation Failure) 307M->87M(389M) 1.398ms
[522.242s][info][gc,cpu         ] GC(1406) User=0.00s Sys=0.00s Real=0.00s
[522.495s][info][gc,start       ] GC(1407) Pause Young (Allocation Failure)
[522.497s][info][gc,heap        ] GC(1407) PSYoungGen: 216640K(223232K)->64K(208896K) Eden: 216576K(216576K)->0K(208384K) From: 64K(6656K)->64K(512K)
[522.497s][info][gc,heap        ] GC(1407) ParOldGen: 89882K(175104K)->89890K(175104K)
[522.497s][info][gc,metaspace   ] GC(1407) Metaspace: 35442K(36160K)->35442K(36160K) NonClass: 29170K(29696K)->29170K(29696K) Class: 6272K(6464K)->6272K(6464K)
[522.497s][info][gc             ] GC(1407) Pause Young (Allocation Failure) 299M->87M(375M) 1.875ms
[522.497s][info][gc,cpu         ] GC(1407) User=0.01s Sys=0.01s Real=0.01s
[523.388s][info][gc,start       ] GC(1408) Pause Young (Allocation Failure)
[523.389s][info][gc,heap        ] GC(1408) PSYoungGen: 208448K(208896K)->64K(206848K) Eden: 208384K(208384K)->0K(200704K) From: 64K(512K)->64K(6144K)
[523.389s][info][gc,heap        ] GC(1408) ParOldGen: 89890K(175104K)->89898K(175104K)
[523.389s][info][gc,metaspace   ] GC(1408) Metaspace: 35442K(36160K)->35442K(36160K) NonClass: 29170K(29696K)->29170K(29696K) Class: 6272K(6464K)->6272K(6464K)
[523.389s][info][gc             ] GC(1408) Pause Young (Allocation Failure) 291M->87M(373M) 1.210ms
[523.389s][info][gc,cpu         ] GC(1408) User=0.00s Sys=0.00s Real=0.00s
[523.706s][info][gc,start       ] GC(1409) Pause Young (Allocation Failure)
[523.707s][info][gc,heap        ] GC(1409) PSYoungGen: 200768K(206848K)->64K(194048K) Eden: 200704K(200704K)->0K(193536K) From: 64K(6144K)->64K(512K)
[523.707s][info][gc,heap        ] GC(1409) ParOldGen: 89898K(175104K)->89906K(175104K)
[523.707s][info][gc,metaspace   ] GC(1409) Metaspace: 35442K(36160K)->35442K(36160K) NonClass: 29170K(29696K)->29170K(29696K) Class: 6272K(6464K)->6272K(6464K)
[523.707s][info][gc             ] GC(1409) Pause Young (Allocation Failure) 283M->87M(360M) 1.704ms
[523.707s][info][gc,cpu         ] GC(1409) User=0.00s Sys=0.00s Real=0.00s
[523.874s][info][gc,start       ] GC(1410) Pause Young (Allocation Failure)
[523.876s][info][gc,heap        ] GC(1410) PSYoungGen: 193600K(194048K)->64K(192000K) Eden: 193536K(193536K)->0K(186880K) From: 64K(512K)->64K(5120K)
[523.876s][info][gc,heap        ] GC(1410) ParOldGen: 89906K(175104K)->89914K(175104K)
[523.876s][info][gc,metaspace   ] GC(1410) Metaspace: 35442K(36160K)->35442K(36160K) NonClass: 29170K(29696K)->29170K(29696K) Class: 6272K(6464K)->6272K(6464K)
[523.876s][info][gc             ] GC(1410) Pause Young (Allocation Failure) 276M->87M(358M) 1.147ms
[523.876s][info][gc,cpu         ] GC(1410) User=0.00s Sys=0.00s Real=0.01s
[523.920s][info][gc,start       ] GC(1411) Pause Young (Allocation Failure)
[523.921s][info][gc,heap        ] GC(1411) PSYoungGen: 186944K(192000K)->32K(180736K) Eden: 186880K(186880K)->0K(180224K) From: 64K(5120K)->32K(512K)
[523.921s][info][gc,heap        ] GC(1411) ParOldGen: 89914K(175104K)->89930K(175104K)
[523.921s][info][gc,metaspace   ] GC(1411) Metaspace: 35442K(36160K)->35442K(36160K) NonClass: 29170K(29696K)->29170K(29696K) Class: 6272K(6464K)->6272K(6464K)
[523.921s][info][gc             ] GC(1411) Pause Young (Allocation Failure) 270M->87M(347M) 1.395ms
[523.921s][info][gc,cpu         ] GC(1411) User=0.00s Sys=0.00s Real=0.00s
[524.147s][info][gc,start       ] GC(1412) Pause Young (Allocation Failure)
[524.148s][info][gc,heap        ] GC(1412) PSYoungGen: 180256K(180736K)->64K(178688K) Eden: 180224K(180224K)->0K(174080K) From: 32K(512K)->64K(4608K)
[524.148s][info][gc,heap        ] GC(1412) ParOldGen: 89930K(175104K)->89930K(175104K)
[524.148s][info][gc,metaspace   ] GC(1412) Metaspace: 35442K(36160K)->35442K(36160K) NonClass: 29170K(29696K)->29170K(29696K) Class: 6272K(6464K)->6272K(6464K)
[524.148s][info][gc             ] GC(1412) Pause Young (Allocation Failure) 263M->87M(345M) 1.209ms
[524.148s][info][gc,cpu         ] GC(1412) User=0.00s Sys=0.00s Real=0.00s
[524.609s][info][gc,start       ] GC(1413) Pause Young (Allocation Failure)
[524.610s][info][gc,heap        ] GC(1413) PSYoungGen: 174144K(178688K)->64K(168448K) Eden: 174080K(174080K)->0K(167936K) From: 64K(4608K)->64K(512K)
[524.610s][info][gc,heap        ] GC(1413) ParOldGen: 89930K(175104K)->89946K(175104K)
[524.610s][info][gc,metaspace   ] GC(1413) Metaspace: 35442K(36160K)->35442K(36160K) NonClass: 29170K(29696K)->29170K(29696K) Class: 6272K(6464K)->6272K(6464K)
[524.610s][info][gc             ] GC(1413) Pause Young (Allocation Failure) 257M->87M(335M) 1.567ms
[524.610s][info][gc,cpu         ] GC(1413) User=0.00s Sys=0.00s Real=0.00s
[524.710s][info][gc,start       ] GC(1414) Pause Young (Allocation Failure)
[524.711s][info][gc,heap        ] GC(1414) PSYoungGen: 168000K(168448K)->64K(166400K) Eden: 167936K(167936K)->0K(162304K) From: 64K(512K)->64K(4096K)
[524.711s][info][gc,heap        ] GC(1414) ParOldGen: 89946K(175104K)->89962K(175104K)
[524.711s][info][gc,metaspace   ] GC(1414) Metaspace: 35442K(36160K)->35442K(36160K) NonClass: 29170K(29696K)->29170K(29696K) Class: 6272K(6464K)->6272K(6464K)
[524.711s][info][gc             ] GC(1414) Pause Young (Allocation Failure) 251M->87M(333M) 1.092ms
[524.711s][info][gc,cpu         ] GC(1414) User=0.01s Sys=0.00s Real=0.00s
[525.012s][info][gc,start       ] GC(1415) Pause Young (Allocation Failure)
[525.016s][info][gc,heap        ] GC(1415) PSYoungGen: 162368K(166400K)->1536K(158208K) Eden: 162304K(162304K)->0K(156672K) From: 64K(4096K)->1536K(1536K)
[525.016s][info][gc,heap        ] GC(1415) ParOldGen: 89962K(175104K)->89978K(175104K)
[525.016s][info][gc,metaspace   ] GC(1415) Metaspace: 35442K(36160K)->35442K(36160K) NonClass: 29170K(29696K)->29170K(29696K) Class: 6272K(6464K)->6272K(6464K)
[525.016s][info][gc             ] GC(1415) Pause Young (Allocation Failure) 246M->89M(325M) 4.329ms
[525.016s][info][gc,cpu         ] GC(1415) User=0.00s Sys=0.00s Real=0.01s
[525.177s][info][gc,start       ] GC(1416) Pause Young (Allocation Failure)
[525.207s][info][gc,heap        ] GC(1416) PSYoungGen: 158208K(158208K)->3584K(191488K) Eden: 156672K(156672K)->0K(187904K) From: 1536K(1536K)->3584K(3584K)
[525.207s][info][gc,heap        ] GC(1416) ParOldGen: 89978K(175104K)->102930K(175104K)
[525.207s][info][gc,metaspace   ] GC(1416) Metaspace: 35442K(36160K)->35442K(36160K) NonClass: 29170K(29696K)->29170K(29696K) Class: 6272K(6464K)->6272K(6464K)
[525.207s][info][gc             ] GC(1416) Pause Young (Allocation Failure) 242M->104M(358M) 29.888ms
[525.207s][info][gc,cpu         ] GC(1416) User=0.05s Sys=0.00s Real=0.03s
[525.401s][info][gc,start       ] GC(1417) Pause Young (Allocation Failure)
[525.453s][info][gc,heap        ] GC(1417) PSYoungGen: 191488K(191488K)->2560K(227840K) Eden: 187904K(187904K)->0K(225280K) From: 3584K(3584K)->2560K(2560K)
[525.453s][info][gc,heap        ] GC(1417) ParOldGen: 102930K(175104K)->120690K(175104K)
[525.453s][info][gc,metaspace   ] GC(1417) Metaspace: 35442K(36160K)->35442K(36160K) NonClass: 29170K(29696K)->29170K(29696K) Class: 6272K(6464K)->6272K(6464K)
[525.453s][info][gc             ] GC(1417) Pause Young (Allocation Failure) 287M->120M(393M) 51.861ms
[525.453s][info][gc,cpu         ] GC(1417) User=0.07s Sys=0.00s Real=0.05s
[525.684s][info][gc,start       ] GC(1418) Pause Young (Allocation Failure)
[525.724s][info][gc,heap        ] GC(1418) PSYoungGen: 227840K(227840K)->15360K(249856K) Eden: 225280K(225280K)->0K(234496K) From: 2560K(2560K)->15360K(15360K)
[525.724s][info][gc,heap        ] GC(1418) ParOldGen: 120690K(175104K)->129682K(175104K)
[525.725s][info][gc,metaspace   ] GC(1418) Metaspace: 35442K(36160K)->35442K(36160K) NonClass: 29170K(29696K)->29170K(29696K) Class: 6272K(6464K)->6272K(6464K)
[525.725s][info][gc             ] GC(1418) Pause Young (Allocation Failure) 340M->141M(415M) 40.119ms
[525.725s][info][gc,cpu         ] GC(1418) User=0.08s Sys=0.00s Real=0.04s
[525.838s][info][gc,start       ] GC(1419) Pause Young (Allocation Failure)
[525.855s][info][gc,heap        ] GC(1419) PSYoungGen: 249856K(249856K)->7360K(292864K) Eden: 234496K(234496K)->0K(270848K) From: 15360K(15360K)->7360K(22016K)
[525.855s][info][gc,heap        ] GC(1419) ParOldGen: 129682K(175104K)->130002K(175104K)
[525.855s][info][gc,metaspace   ] GC(1419) Metaspace: 35442K(36160K)->35442K(36160K) NonClass: 29170K(29696K)->29170K(29696K) Class: 6272K(6464K)->6272K(6464K)
[525.855s][info][gc             ] GC(1419) Pause Young (Allocation Failure) 370M->134M(457M) 17.378ms
[525.855s][info][gc,cpu         ] GC(1419) User=0.03s Sys=0.01s Real=0.02s
[526.198s][info][gc,start       ] GC(1420) Pause Young (Allocation Failure)
[526.199s][info][gc,heap        ] GC(1420) PSYoungGen: 278208K(292864K)->64K(291840K) Eden: 270848K(270848K)->0K(270848K) From: 7360K(22016K)->64K(20992K)
[526.199s][info][gc,heap        ] GC(1420) ParOldGen: 130002K(175104K)->130010K(175104K)
[526.199s][info][gc,metaspace   ] GC(1420) Metaspace: 35442K(36160K)->35442K(36160K) NonClass: 29170K(29696K)->29170K(29696K) Class: 6272K(6464K)->6272K(6464K)
[526.199s][info][gc             ] GC(1420) Pause Young (Allocation Failure) 398M->127M(456M) 0.912ms
[526.199s][info][gc,cpu         ] GC(1420) User=0.00s Sys=0.00s Real=0.00s
[526.818s][info][gc,start       ] GC(1421) Pause Young (Allocation Failure)
[526.819s][info][gc,heap        ] GC(1421) PSYoungGen: 270912K(291840K)->64K(311808K) Eden: 270848K(270848K)->0K(291328K) From: 64K(20992K)->64K(20480K)
[526.819s][info][gc,heap        ] GC(1421) ParOldGen: 130010K(175104K)->130018K(175104K)
[526.819s][info][gc,metaspace   ] GC(1421) Metaspace: 35442K(36160K)->35442K(36160K) NonClass: 29170K(29696K)->29170K(29696K) Class: 6272K(6464K)->6272K(6464K)
[526.819s][info][gc             ] GC(1421) Pause Young (Allocation Failure) 391M->127M(475M) 0.855ms
[526.819s][info][gc,cpu         ] GC(1421) User=0.00s Sys=0.00s Real=0.00s
[527.309s][info][gc,start       ] GC(1422) Pause Young (Allocation Failure)
[527.310s][info][gc,heap        ] GC(1422) PSYoungGen: 291392K(311808K)->64K(311296K) Eden: 291328K(291328K)->0K(291328K) From: 64K(20480K)->64K(19968K)
[527.310s][info][gc,heap        ] GC(1422) ParOldGen: 130018K(175104K)->130034K(175104K)
[527.310s][info][gc,metaspace   ] GC(1422) Metaspace: 35442K(36160K)->35442K(36160K) NonClass: 29170K(29696K)->29170K(29696K) Class: 6272K(6464K)->6272K(6464K)
[527.310s][info][gc             ] GC(1422) Pause Young (Allocation Failure) 411M->127M(475M) 0.843ms
[527.310s][info][gc,cpu         ] GC(1422) User=0.00s Sys=0.00s Real=0.00s
[527.531s][info][gc,start       ] GC(1423) Pause Young (Allocation Failure)
[527.532s][info][gc,heap        ] GC(1423) PSYoungGen: 291392K(311296K)->64K(312832K) Eden: 291328K(291328K)->0K(294400K) From: 64K(19968K)->64K(18432K)
[527.532s][info][gc,heap        ] GC(1423) ParOldGen: 130034K(175104K)->130050K(175104K)
[527.532s][info][gc,metaspace   ] GC(1423) Metaspace: 35442K(36160K)->35442K(36160K) NonClass: 29170K(29696K)->29170K(29696K) Class: 6272K(6464K)->6272K(6464K)
[527.532s][info][gc             ] GC(1423) Pause Young (Allocation Failure) 411M->127M(476M) 0.892ms
[527.532s][info][gc,cpu         ] GC(1423) User=0.00s Sys=0.00s Real=0.00s
[527.764s][info][gc,start       ] GC(1424) Pause Young (Allocation Failure)
[527.765s][info][gc,heap        ] GC(1424) PSYoungGen: 294464K(312832K)->64K(312832K) Eden: 294400K(294400K)->0K(294400K) From: 64K(18432K)->64K(18432K)
[527.765s][info][gc,heap        ] GC(1424) ParOldGen: 130050K(175104K)->130050K(175104K)
[527.765s][info][gc,metaspace   ] GC(1424) Metaspace: 35442K(36160K)->35442K(36160K) NonClass: 29170K(29696K)->29170K(29696K) Class: 6272K(6464K)->6272K(6464K)
[527.765s][info][gc             ] GC(1424) Pause Young (Allocation Failure) 414M->127M(476M) 0.888ms
[527.765s][info][gc,cpu         ] GC(1424) User=0.00s Sys=0.00s Real=0.00s
[528.112s][info][gc,start       ] GC(1425) Pause Young (Allocation Failure)
[528.113s][info][gc,heap        ] GC(1425) PSYoungGen: 294464K(312832K)->64K(313856K) Eden: 294400K(294400K)->0K(297472K) From: 64K(18432K)->64K(16384K)
[528.113s][info][gc,heap        ] GC(1425) ParOldGen: 130050K(175104K)->130050K(175104K)
[528.113s][info][gc,metaspace   ] GC(1425) Metaspace: 35442K(36160K)->35442K(36160K) NonClass: 29170K(29696K)->29170K(29696K) Class: 6272K(6464K)->6272K(6464K)
[528.113s][info][gc             ] GC(1425) Pause Young (Allocation Failure) 414M->127M(477M) 0.925ms
[528.113s][info][gc,cpu         ] GC(1425) User=0.00s Sys=0.00s Real=0.00s
[528.247s][info][gc,start       ] GC(1426) Pause Young (Allocation Failure)
[528.248s][info][gc,heap        ] GC(1426) PSYoungGen: 297536K(313856K)->64K(314368K) Eden: 297472K(297472K)->0K(297472K) From: 64K(16384K)->64K(16896K)
[528.248s][info][gc,heap        ] GC(1426) ParOldGen: 130050K(175104K)->130058K(175104K)
[528.248s][info][gc,metaspace   ] GC(1426) Metaspace: 35442K(36160K)->35442K(36160K) NonClass: 29170K(29696K)->29170K(29696K) Class: 6272K(6464K)->6272K(6464K)
[528.248s][info][gc             ] GC(1426) Pause Young (Allocation Failure) 417M->127M(478M) 0.808ms
[528.248s][info][gc,cpu         ] GC(1426) User=0.00s Sys=0.00s Real=0.00s
[528.303s][info][gc,start       ] GC(1427) Pause Young (Allocation Failure)
[528.304s][info][gc,heap        ] GC(1427) PSYoungGen: 297536K(314368K)->64K(314880K) Eden: 297472K(297472K)->0K(300544K) From: 64K(16896K)->64K(14336K)
[528.304s][info][gc,heap        ] GC(1427) ParOldGen: 130058K(175104K)->130074K(175104K)
[528.304s][info][gc,metaspace   ] GC(1427) Metaspace: 35442K(36160K)->35442K(36160K) NonClass: 29170K(29696K)->29170K(29696K) Class: 6272K(6464K)->6272K(6464K)
[528.304s][info][gc             ] GC(1427) Pause Young (Allocation Failure) 417M->127M(478M) 0.806ms
[528.304s][info][gc,cpu         ] GC(1427) User=0.00s Sys=0.00s Real=0.00s
[528.495s][info][gc,start       ] GC(1428) Pause Young (Allocation Failure)
[528.495s][info][gc,heap        ] GC(1428) PSYoungGen: 300608K(314880K)->64K(315904K) Eden: 300544K(300544K)->0K(300544K) From: 64K(14336K)->64K(15360K)
[528.495s][info][gc,heap        ] GC(1428) ParOldGen: 130074K(175104K)->130074K(175104K)
[528.495s][info][gc,metaspace   ] GC(1428) Metaspace: 35442K(36160K)->35442K(36160K) NonClass: 29170K(29696K)->29170K(29696K) Class: 6272K(6464K)->6272K(6464K)
[528.495s][info][gc             ] GC(1428) Pause Young (Allocation Failure) 420M->127M(479M) 0.862ms
[528.495s][info][gc,cpu         ] GC(1428) User=0.00s Sys=0.00s Real=0.01s
[528.834s][info][gc,start       ] GC(1429) Pause Young (Allocation Failure)
[528.835s][info][gc,heap        ] GC(1429) PSYoungGen: 300608K(315904K)->64K(317440K) Eden: 300544K(300544K)->0K(304128K) From: 64K(15360K)->64K(13312K)
[528.835s][info][gc,heap        ] GC(1429) ParOldGen: 130074K(175104K)->130082K(175104K)
[528.835s][info][gc,metaspace   ] GC(1429) Metaspace: 35442K(36160K)->35442K(36160K) NonClass: 29170K(29696K)->29170K(29696K) Class: 6272K(6464K)->6272K(6464K)
[528.835s][info][gc             ] GC(1429) Pause Young (Allocation Failure) 420M->127M(481M) 0.961ms
[528.835s][info][gc,cpu         ] GC(1429) User=0.00s Sys=0.00s Real=0.00s
[529.000s][info][gc,start       ] GC(1430) Pause Young (Allocation Failure)
[529.001s][info][gc,heap        ] GC(1430) PSYoungGen: 304192K(317440K)->64K(317952K) Eden: 304128K(304128K)->0K(304128K) From: 64K(13312K)->64K(13824K)
[529.001s][info][gc,heap        ] GC(1430) ParOldGen: 130082K(175104K)->130090K(175104K)
[529.001s][info][gc,metaspace   ] GC(1430) Metaspace: 35442K(36160K)->35442K(36160K) NonClass: 29170K(29696K)->29170K(29696K) Class: 6272K(6464K)->6272K(6464K)
[529.001s][info][gc             ] GC(1430) Pause Young (Allocation Failure) 424M->127M(481M) 1.407ms
[529.001s][info][gc,cpu         ] GC(1430) User=0.00s Sys=0.00s Real=0.00s
[529.083s][info][gc,start       ] GC(1431) Pause Young (Allocation Failure)
[529.084s][info][gc,heap        ] GC(1431) PSYoungGen: 304192K(317952K)->32K(319488K) Eden: 304128K(304128K)->0K(307200K) From: 64K(13824K)->32K(12288K)
[529.084s][info][gc,heap        ] GC(1431) ParOldGen: 130090K(175104K)->130106K(175104K)
[529.084s][info][gc,metaspace   ] GC(1431) Metaspace: 35442K(36160K)->35442K(36160K) NonClass: 29170K(29696K)->29170K(29696K) Class: 6272K(6464K)->6272K(6464K)
[529.084s][info][gc             ] GC(1431) Pause Young (Allocation Failure) 424M->127M(483M) 1.330ms
[529.084s][info][gc,cpu         ] GC(1431) User=0.00s Sys=0.00s Real=0.00s
[529.278s][info][gc,start       ] GC(1432) Pause Young (Allocation Failure)
[529.280s][info][gc,heap        ] GC(1432) PSYoungGen: 307232K(319488K)->64K(319488K) Eden: 307200K(307200K)->0K(307200K) From: 32K(12288K)->64K(12288K)
[529.280s][info][gc,heap        ] GC(1432) ParOldGen: 130106K(175104K)->130106K(175104K)
[529.280s][info][gc,metaspace   ] GC(1432) Metaspace: 35442K(36160K)->35442K(36160K) NonClass: 29170K(29696K)->29170K(29696K) Class: 6272K(6464K)->6272K(6464K)
[529.280s][info][gc             ] GC(1432) Pause Young (Allocation Failure) 427M->127M(483M) 1.480ms
[529.280s][info][gc,cpu         ] GC(1432) User=0.00s Sys=0.00s Real=0.00s
[530.298s][info][gc,start       ] GC(1433) Pause Young (Allocation Failure)
[530.299s][info][gc,heap        ] GC(1433) PSYoungGen: 307264K(319488K)->64K(295424K) Eden: 307200K(307200K)->0K(294912K) From: 64K(12288K)->64K(512K)
[530.299s][info][gc,heap        ] GC(1433) ParOldGen: 130106K(175104K)->130114K(175104K)
[530.299s][info][gc,metaspace   ] GC(1433) Metaspace: 35442K(36160K)->35442K(36160K) NonClass: 29170K(29696K)->29170K(29696K) Class: 6272K(6464K)->6272K(6464K)
[530.299s][info][gc             ] GC(1433) Pause Young (Allocation Failure) 427M->127M(459M) 1.517ms
[530.299s][info][gc,cpu         ] GC(1433) User=0.00s Sys=0.00s Real=0.00s
[531.173s][info][gc,start       ] GC(1434) Pause Young (Allocation Failure)
[531.174s][info][gc,heap        ] GC(1434) PSYoungGen: 294976K(295424K)->64K(293888K) Eden: 294912K(294912K)->0K(283136K) From: 64K(512K)->64K(10752K)
[531.174s][info][gc,heap        ] GC(1434) ParOldGen: 130114K(175104K)->130122K(175104K)
[531.174s][info][gc,metaspace   ] GC(1434) Metaspace: 35442K(36160K)->35442K(36160K) NonClass: 29170K(29696K)->29170K(29696K) Class: 6272K(6464K)->6272K(6464K)
[531.174s][info][gc             ] GC(1434) Pause Young (Allocation Failure) 415M->127M(458M) 1.407ms
[531.174s][info][gc,cpu         ] GC(1434) User=0.00s Sys=0.00s Real=0.00s
[531.411s][info][gc,start       ] GC(1435) Pause Young (Allocation Failure)
[531.413s][info][gc,heap        ] GC(1435) PSYoungGen: 283200K(293888K)->64K(272384K) Eden: 283136K(283136K)->0K(271872K) From: 64K(10752K)->64K(512K)
[531.413s][info][gc,heap        ] GC(1435) ParOldGen: 130122K(175104K)->130138K(175104K)
[531.413s][info][gc,metaspace   ] GC(1435) Metaspace: 35442K(36160K)->35442K(36160K) NonClass: 29170K(29696K)->29170K(29696K) Class: 6272K(6464K)->6272K(6464K)
[531.413s][info][gc             ] GC(1435) Pause Young (Allocation Failure) 403M->127M(437M) 1.523ms
[531.413s][info][gc,cpu         ] GC(1435) User=0.00s Sys=0.00s Real=0.00s
[531.819s][info][gc,start       ] GC(1436) Pause Young (Allocation Failure)
[531.820s][info][gc,heap        ] GC(1436) PSYoungGen: 271936K(272384K)->64K(270848K) Eden: 271872K(271872K)->0K(261120K) From: 64K(512K)->64K(9728K)
[531.820s][info][gc,heap        ] GC(1436) ParOldGen: 130138K(175104K)->130154K(175104K)
[531.820s][info][gc,metaspace   ] GC(1436) Metaspace: 35442K(36160K)->35442K(36160K) NonClass: 29170K(29696K)->29170K(29696K) Class: 6272K(6464K)->6272K(6464K)
[531.820s][info][gc             ] GC(1436) Pause Young (Allocation Failure) 392M->127M(435M) 1.353ms
[531.820s][info][gc,cpu         ] GC(1436) User=0.01s Sys=0.00s Real=0.00s
[532.807s][info][gc,start       ] GC(1437) Pause Young (Allocation Failure)
[532.809s][info][gc,heap        ] GC(1437) PSYoungGen: 261184K(270848K)->64K(251392K) Eden: 261120K(261120K)->0K(250880K) From: 64K(9728K)->64K(512K)
[532.809s][info][gc,heap        ] GC(1437) ParOldGen: 130154K(175104K)->130162K(175104K)
[532.809s][info][gc,metaspace   ] GC(1437) Metaspace: 35442K(36160K)->35442K(36160K) NonClass: 29170K(29696K)->29170K(29696K) Class: 6272K(6464K)->6272K(6464K)
[532.809s][info][gc             ] GC(1437) Pause Young (Allocation Failure) 382M->127M(416M) 1.772ms
[532.809s][info][gc,cpu         ] GC(1437) User=0.00s Sys=0.00s Real=0.00s
[533.188s][info][gc,start       ] GC(1438) Pause Young (Allocation Failure)
[533.189s][info][gc,heap        ] GC(1438) PSYoungGen: 250944K(251392K)->64K(249344K) Eden: 250880K(250880K)->0K(241152K) From: 64K(512K)->64K(8192K)
[533.189s][info][gc,heap        ] GC(1438) ParOldGen: 130162K(175104K)->130170K(175104K)
[533.189s][info][gc,metaspace   ] GC(1438) Metaspace: 35442K(36160K)->35442K(36160K) NonClass: 29170K(29696K)->29170K(29696K) Class: 6272K(6464K)->6272K(6464K)
[533.189s][info][gc             ] GC(1438) Pause Young (Allocation Failure) 372M->127M(414M) 1.350ms
[533.189s][info][gc,cpu         ] GC(1438) User=0.00s Sys=0.00s Real=0.00s
[533.371s][info][gc,start       ] GC(1439) Pause Young (Allocation Failure)
[533.373s][info][gc,heap        ] GC(1439) PSYoungGen: 241216K(249344K)->64K(232448K) Eden: 241152K(241152K)->0K(231936K) From: 64K(8192K)->64K(512K)
[533.373s][info][gc,heap        ] GC(1439) ParOldGen: 130170K(175104K)->130178K(175104K)
[533.373s][info][gc,metaspace   ] GC(1439) Metaspace: 35442K(36160K)->35442K(36160K) NonClass: 29170K(29696K)->29170K(29696K) Class: 6272K(6464K)->6272K(6464K)
[533.373s][info][gc             ] GC(1439) Pause Young (Allocation Failure) 362M->127M(398M) 2.071ms
[533.373s][info][gc,cpu         ] GC(1439) User=0.00s Sys=0.00s Real=0.00s
[533.457s][info][gc,start       ] GC(1440) Pause Young (Allocation Failure)
[533.458s][info][gc,heap        ] GC(1440) PSYoungGen: 232000K(232448K)->64K(230400K) Eden: 231936K(231936K)->0K(223232K) From: 64K(512K)->64K(7168K)
[533.458s][info][gc,heap        ] GC(1440) ParOldGen: 130178K(175104K)->130194K(175104K)
[533.458s][info][gc,metaspace   ] GC(1440) Metaspace: 35442K(36160K)->35442K(36160K) NonClass: 29170K(29696K)->29170K(29696K) Class: 6272K(6464K)->6272K(6464K)
[533.458s][info][gc             ] GC(1440) Pause Young (Allocation Failure) 353M->127M(396M) 1.299ms
[533.458s][info][gc,cpu         ] GC(1440) User=0.00s Sys=0.00s Real=0.00s
[534.008s][info][gc,start       ] GC(1441) Pause Young (Allocation Failure)
[534.010s][info][gc,heap        ] GC(1441) PSYoungGen: 223296K(230400K)->64K(215552K) Eden: 223232K(223232K)->0K(215040K) From: 64K(7168K)->64K(512K)
[534.010s][info][gc,heap        ] GC(1441) ParOldGen: 130194K(175104K)->130210K(175104K)
[534.010s][info][gc,metaspace   ] GC(1441) Metaspace: 35442K(36160K)->35442K(36160K) NonClass: 29170K(29696K)->29170K(29696K) Class: 6272K(6464K)->6272K(6464K)
[534.010s][info][gc             ] GC(1441) Pause Young (Allocation Failure) 345M->127M(381M) 2.020ms
[534.010s][info][gc,cpu         ] GC(1441) User=0.00s Sys=0.00s Real=0.00s
[534.217s][info][gc,start       ] GC(1442) Pause Young (Allocation Failure)
[534.218s][info][gc,heap        ] GC(1442) PSYoungGen: 215104K(215552K)->64K(213504K) Eden: 215040K(215040K)->0K(207360K) From: 64K(512K)->64K(6144K)
[534.218s][info][gc,heap        ] GC(1442) ParOldGen: 130210K(175104K)->130226K(175104K)
[534.218s][info][gc,metaspace   ] GC(1442) Metaspace: 35442K(36160K)->35442K(36160K) NonClass: 29170K(29696K)->29170K(29696K) Class: 6272K(6464K)->6272K(6464K)
[534.218s][info][gc             ] GC(1442) Pause Young (Allocation Failure) 337M->127M(379M) 1.347ms
[534.218s][info][gc,cpu         ] GC(1442) User=0.00s Sys=0.00s Real=0.00s
[534.607s][info][gc,start       ] GC(1443) Pause Young (Allocation Failure)
[534.624s][info][gc,heap        ] GC(1443) PSYoungGen: 207424K(213504K)->5632K(251392K) Eden: 207360K(207360K)->0K(245760K) From: 64K(6144K)->5632K(5632K)
[534.624s][info][gc,heap        ] GC(1443) ParOldGen: 130226K(175104K)->132186K(175104K)
[534.624s][info][gc,metaspace   ] GC(1443) Metaspace: 35442K(36160K)->35442K(36160K) NonClass: 29170K(29696K)->29170K(29696K) Class: 6272K(6464K)->6272K(6464K)
[534.624s][info][gc             ] GC(1443) Pause Young (Allocation Failure) 329M->134M(416M) 16.835ms
[534.624s][info][gc,cpu         ] GC(1443) User=0.02s Sys=0.00s Real=0.01s
[534.882s][info][gc,start       ] GC(1444) Pause Young (Allocation Failure)
[534.923s][info][gc,heap        ] GC(1444) PSYoungGen: 251392K(251392K)->7680K(282112K) Eden: 245760K(245760K)->0K(274432K) From: 5632K(5632K)->7680K(7680K)
[534.923s][info][gc,heap        ] GC(1444) ParOldGen: 132186K(175104K)->150514K(175104K)
[534.923s][info][gc,metaspace   ] GC(1444) Metaspace: 35442K(36160K)->35442K(36160K) NonClass: 29170K(29696K)->29170K(29696K) Class: 6272K(6464K)->6272K(6464K)
[534.923s][info][gc             ] GC(1444) Pause Young (Allocation Failure) 374M->154M(446M) 40.981ms
[534.923s][info][gc,cpu         ] GC(1444) User=0.08s Sys=0.00s Real=0.04s
[535.210s][info][gc,start       ] GC(1445) Pause Young (Allocation Failure)
[535.268s][info][gc,heap        ] GC(1445) PSYoungGen: 282112K(282112K)->16384K(301056K) Eden: 274432K(274432K)->0K(284672K) From: 7680K(7680K)->16384K(16384K)
[535.268s][info][gc,heap        ] GC(1445) ParOldGen: 150514K(175104K)->163746K(175104K)
[535.268s][info][gc,metaspace   ] GC(1445) Metaspace: 35442K(36160K)->35442K(36160K) NonClass: 29170K(29696K)->29170K(29696K) Class: 6272K(6464K)->6272K(6464K)
[535.268s][info][gc             ] GC(1445) Pause Young (Allocation Failure) 422M->175M(465M) 57.842ms
[535.268s][info][gc,cpu         ] GC(1445) User=0.10s Sys=0.01s Real=0.06s
[535.387s][info][gc,start       ] GC(1446) Pause Young (Allocation Failure)
[535.401s][info][gc,heap        ] GC(1446) PSYoungGen: 301056K(301056K)->6528K(309248K) Eden: 284672K(284672K)->0K(284672K) From: 16384K(16384K)->6528K(24576K)
[535.401s][info][gc,heap        ] GC(1446) ParOldGen: 163746K(175104K)->164226K(175104K)
[535.401s][info][gc,metaspace   ] GC(1446) Metaspace: 35442K(36160K)->35442K(36160K) NonClass: 29170K(29696K)->29170K(29696K) Class: 6272K(6464K)->6272K(6464K)
[535.401s][info][gc             ] GC(1446) Pause Young (Allocation Failure) 453M->166M(473M) 14.429ms
[535.402s][info][gc,cpu         ] GC(1446) User=0.02s Sys=0.01s Real=0.01s
[535.906s][info][gc,start       ] GC(1447) Pause Young (Allocation Failure)
[535.907s][info][gc,heap        ] GC(1447) PSYoungGen: 291200K(309248K)->64K(306688K) Eden: 284672K(284672K)->0K(286208K) From: 6528K(24576K)->64K(20480K)
[535.907s][info][gc,heap        ] GC(1447) ParOldGen: 164226K(175104K)->164234K(175104K)
[535.907s][info][gc,metaspace   ] GC(1447) Metaspace: 35442K(36160K)->35442K(36160K) NonClass: 29170K(29696K)->29170K(29696K) Class: 6272K(6464K)->6272K(6464K)
[535.907s][info][gc             ] GC(1447) Pause Young (Allocation Failure) 444M->160M(470M) 0.995ms
[535.907s][info][gc,cpu         ] GC(1447) User=0.00s Sys=0.00s Real=0.00s
[536.445s][info][gc,start       ] GC(1448) Pause Young (Allocation Failure)
[536.446s][info][gc,heap        ] GC(1448) PSYoungGen: 286272K(306688K)->64K(308736K) Eden: 286208K(286208K)->0K(286208K) From: 64K(20480K)->64K(22528K)
[536.446s][info][gc,heap        ] GC(1448) ParOldGen: 164234K(175104K)->164242K(175104K)
[536.446s][info][gc,metaspace   ] GC(1448) Metaspace: 35442K(36160K)->35442K(36160K) NonClass: 29170K(29696K)->29170K(29696K) Class: 6272K(6464K)->6272K(6464K)
[536.446s][info][gc             ] GC(1448) Pause Young (Allocation Failure) 439M->160M(472M) 1.037ms
[536.446s][info][gc,cpu         ] GC(1448) User=0.00s Sys=0.00s Real=0.01s
[536.879s][info][gc,start       ] GC(1449) Pause Young (Allocation Failure)
[536.880s][info][gc,heap        ] GC(1449) PSYoungGen: 286272K(308736K)->64K(309248K) Eden: 286208K(286208K)->0K(289792K) From: 64K(22528K)->64K(19456K)
[536.880s][info][gc,heap        ] GC(1449) ParOldGen: 164242K(175104K)->164258K(175104K)
[536.880s][info][gc,metaspace   ] GC(1449) Metaspace: 35442K(36160K)->35442K(36160K) NonClass: 29170K(29696K)->29170K(29696K) Class: 6272K(6464K)->6272K(6464K)
[536.880s][info][gc             ] GC(1449) Pause Young (Allocation Failure) 439M->160M(473M) 0.993ms
[536.880s][info][gc,cpu         ] GC(1449) User=0.01s Sys=0.00s Real=0.00s
[537.100s][info][gc,start       ] GC(1450) Pause Young (Allocation Failure)
[537.101s][info][gc,heap        ] GC(1450) PSYoungGen: 289856K(309248K)->64K(310784K) Eden: 289792K(289792K)->0K(289792K) From: 64K(19456K)->64K(20992K)
[537.101s][info][gc,heap        ] GC(1450) ParOldGen: 164258K(175104K)->164274K(175104K)
[537.101s][info][gc,metaspace   ] GC(1450) Metaspace: 35442K(36160K)->35442K(36160K) NonClass: 29170K(29696K)->29170K(29696K) Class: 6272K(6464K)->6272K(6464K)
[537.101s][info][gc             ] GC(1450) Pause Young (Allocation Failure) 443M->160M(474M) 0.991ms
[537.101s][info][gc,cpu         ] GC(1450) User=0.01s Sys=0.00s Real=0.00s
[537.320s][info][gc,start       ] GC(1451) Pause Young (Allocation Failure)
[537.321s][info][gc,heap        ] GC(1451) PSYoungGen: 289856K(310784K)->64K(311296K) Eden: 289792K(289792K)->0K(292864K) From: 64K(20992K)->64K(18432K)
[537.321s][info][gc,heap        ] GC(1451) ParOldGen: 164274K(175104K)->164274K(175104K)
[537.321s][info][gc,metaspace   ] GC(1451) Metaspace: 35442K(36160K)->35442K(36160K) NonClass: 29170K(29696K)->29170K(29696K) Class: 6272K(6464K)->6272K(6464K)
[537.321s][info][gc             ] GC(1451) Pause Young (Allocation Failure) 443M->160M(475M) 0.980ms
[537.321s][info][gc,cpu         ] GC(1451) User=0.00s Sys=0.00s Real=0.00s
[537.685s][info][gc,start       ] GC(1452) Pause Young (Allocation Failure)
[537.686s][info][gc,heap        ] GC(1452) PSYoungGen: 292928K(311296K)->64K(312320K) Eden: 292864K(292864K)->0K(292864K) From: 64K(18432K)->64K(19456K)
[537.686s][info][gc,heap        ] GC(1452) ParOldGen: 164274K(175104K)->164274K(175104K)
[537.686s][info][gc,metaspace   ] GC(1452) Metaspace: 35442K(36160K)->35442K(36160K) NonClass: 29170K(29696K)->29170K(29696K) Class: 6272K(6464K)->6272K(6464K)
[537.686s][info][gc             ] GC(1452) Pause Young (Allocation Failure) 446M->160M(476M) 0.976ms
[537.686s][info][gc,cpu         ] GC(1452) User=0.00s Sys=0.00s Real=0.01s
[537.758s][info][gc,start       ] GC(1453) Pause Young (Allocation Failure)
[537.759s][info][gc,heap        ] GC(1453) PSYoungGen: 292928K(312320K)->64K(312320K) Eden: 292864K(292864K)->0K(295936K) From: 64K(19456K)->64K(16384K)
[537.759s][info][gc,heap        ] GC(1453) ParOldGen: 164274K(175104K)->164282K(175104K)
[537.759s][info][gc,metaspace   ] GC(1453) Metaspace: 35442K(36160K)->35442K(36160K) NonClass: 29170K(29696K)->29170K(29696K) Class: 6272K(6464K)->6272K(6464K)
[537.759s][info][gc             ] GC(1453) Pause Young (Allocation Failure) 446M->160M(476M) 0.852ms
[537.759s][info][gc,cpu         ] GC(1453) User=0.00s Sys=0.00s Real=0.00s
[537.816s][info][gc,start       ] GC(1454) Pause Young (Allocation Failure)
[537.817s][info][gc,heap        ] GC(1454) PSYoungGen: 296000K(312320K)->64K(313344K) Eden: 295936K(295936K)->0K(295936K) From: 64K(16384K)->64K(17408K)
[537.817s][info][gc,heap        ] GC(1454) ParOldGen: 164282K(175104K)->164298K(175104K)
[537.817s][info][gc,metaspace   ] GC(1454) Metaspace: 35442K(36160K)->35442K(36160K) NonClass: 29170K(29696K)->29170K(29696K) Class: 6272K(6464K)->6272K(6464K)
[537.817s][info][gc             ] GC(1454) Pause Young (Allocation Failure) 449M->160M(477M) 0.896ms
[537.817s][info][gc,cpu         ] GC(1454) User=0.00s Sys=0.00s Real=0.00s
[538.069s][info][gc,start       ] GC(1455) Pause Young (Allocation Failure)
[538.069s][info][gc,heap        ] GC(1455) PSYoungGen: 296000K(313344K)->64K(315392K) Eden: 295936K(295936K)->0K(300032K) From: 64K(17408K)->64K(15360K)
[538.070s][info][gc,heap        ] GC(1455) ParOldGen: 164298K(175104K)->164298K(175104K)
[538.070s][info][gc,metaspace   ] GC(1455) Metaspace: 35442K(36160K)->35442K(36160K) NonClass: 29170K(29696K)->29170K(29696K) Class: 6272K(6464K)->6272K(6464K)
[538.070s][info][gc             ] GC(1455) Pause Young (Allocation Failure) 449M->160M(479M) 0.925ms
[538.070s][info][gc,cpu         ] GC(1455) User=0.00s Sys=0.00s Real=0.00s
[538.381s][info][gc,start       ] GC(1456) Pause Young (Allocation Failure)
[538.382s][info][gc,heap        ] GC(1456) PSYoungGen: 300096K(315392K)->64K(315904K) Eden: 300032K(300032K)->0K(300032K) From: 64K(15360K)->64K(15872K)
[538.382s][info][gc,heap        ] GC(1456) ParOldGen: 164298K(175104K)->164306K(175104K)
[538.382s][info][gc,metaspace   ] GC(1456) Metaspace: 35442K(36160K)->35442K(36160K) NonClass: 29170K(29696K)->29170K(29696K) Class: 6272K(6464K)->6272K(6464K)
[538.382s][info][gc             ] GC(1456) Pause Young (Allocation Failure) 453M->160M(479M) 0.974ms
[538.382s][info][gc,cpu         ] GC(1456) User=0.00s Sys=0.00s Real=0.00s
[538.516s][info][gc,start       ] GC(1457) Pause Young (Allocation Failure)
[538.517s][info][gc,heap        ] GC(1457) PSYoungGen: 300096K(315904K)->64K(288768K) Eden: 300032K(300032K)->0K(288256K) From: 64K(15872K)->64K(512K)
[538.517s][info][gc,heap        ] GC(1457) ParOldGen: 164306K(175104K)->164314K(175104K)
[538.517s][info][gc,metaspace   ] GC(1457) Metaspace: 35442K(36160K)->35442K(36160K) NonClass: 29170K(29696K)->29170K(29696K) Class: 6272K(6464K)->6272K(6464K)
[538.517s][info][gc             ] GC(1457) Pause Young (Allocation Failure) 453M->160M(453M) 1.632ms
[538.517s][info][gc,cpu         ] GC(1457) User=0.00s Sys=0.01s Real=0.00s
[538.600s][info][gc,start       ] GC(1458) Pause Young (Allocation Failure)
[538.601s][info][gc,heap        ] GC(1458) PSYoungGen: 288320K(288768K)->64K(290816K) Eden: 288256K(288256K)->0K(276992K) From: 64K(512K)->64K(13824K)
[538.601s][info][gc,heap        ] GC(1458) ParOldGen: 164314K(175104K)->164322K(175104K)
[538.601s][info][gc,metaspace   ] GC(1458) Metaspace: 35442K(36160K)->35442K(36160K) NonClass: 29170K(29696K)->29170K(29696K) Class: 6272K(6464K)->6272K(6464K)
[538.601s][info][gc             ] GC(1458) Pause Young (Allocation Failure) 442M->160M(455M) 0.867ms
[538.601s][info][gc,cpu         ] GC(1458) User=0.00s Sys=0.00s Real=0.00s
[538.784s][info][gc,start       ] GC(1459) Pause Young (Allocation Failure)
[538.785s][info][gc,heap        ] GC(1459) PSYoungGen: 277056K(290816K)->64K(266752K) Eden: 276992K(276992K)->0K(266240K) From: 64K(13824K)->64K(512K)
[538.785s][info][gc,heap        ] GC(1459) ParOldGen: 164322K(175104K)->164330K(175104K)
[538.785s][info][gc,metaspace   ] GC(1459) Metaspace: 35442K(36160K)->35442K(36160K) NonClass: 29170K(29696K)->29170K(29696K) Class: 6272K(6464K)->6272K(6464K)
[538.785s][info][gc             ] GC(1459) Pause Young (Allocation Failure) 431M->160M(431M) 1.611ms
[538.785s][info][gc,cpu         ] GC(1459) User=0.00s Sys=0.00s Real=0.01s
[539.754s][info][gc,start       ] GC(1460) Pause Young (Allocation Failure)
[539.756s][info][gc,heap        ] GC(1460) PSYoungGen: 266303K(266752K)->51K(268288K) Eden: 266239K(266240K)->0K(256000K) From: 64K(512K)->51K(12288K)
[539.756s][info][gc,heap        ] GC(1460) ParOldGen: 164330K(175104K)->164338K(175104K)
[539.756s][info][gc,metaspace   ] GC(1460) Metaspace: 35442K(36160K)->35442K(36160K) NonClass: 29170K(29696K)->29170K(29696K) Class: 6272K(6464K)->6272K(6464K)
[539.756s][info][gc             ] GC(1460) Pause Young (Allocation Failure) 420M->160M(433M) 1.502ms
[539.756s][info][gc,cpu         ] GC(1460) User=0.00s Sys=0.00s Real=0.01s
[540.085s][info][gc,start       ] GC(1461) Pause Young (Allocation Failure)
[540.087s][info][gc,heap        ] GC(1461) PSYoungGen: 256051K(268288K)->64K(246784K) Eden: 256000K(256000K)->0K(246272K) From: 51K(12288K)->64K(512K)
[540.087s][info][gc,heap        ] GC(1461) ParOldGen: 164338K(175104K)->164354K(175104K)
[540.087s][info][gc,metaspace   ] GC(1461) Metaspace: 35442K(36160K)->35442K(36160K) NonClass: 29170K(29696K)->29170K(29696K) Class: 6272K(6464K)->6272K(6464K)
[540.087s][info][gc             ] GC(1461) Pause Young (Allocation Failure) 410M->160M(412M) 2.165ms
[540.087s][info][gc,cpu         ] GC(1461) User=0.00s Sys=0.00s Real=0.01s
[540.762s][info][gc,start       ] GC(1462) Pause Young (Allocation Failure)
[540.763s][info][gc,heap        ] GC(1462) PSYoungGen: 246336K(246784K)->64K(247808K) Eden: 246272K(246272K)->0K(237056K) From: 64K(512K)->64K(10752K)
[540.763s][info][gc,heap        ] GC(1462) ParOldGen: 164354K(175104K)->164370K(175104K)
[540.763s][info][gc,metaspace   ] GC(1462) Metaspace: 35442K(36160K)->35442K(36160K) NonClass: 29170K(29696K)->29170K(29696K) Class: 6272K(6464K)->6272K(6464K)
[540.763s][info][gc             ] GC(1462) Pause Young (Allocation Failure) 401M->160M(413M) 1.566ms
[540.763s][info][gc,cpu         ] GC(1462) User=0.00s Sys=0.00s Real=0.00s
[541.124s][info][gc,start       ] GC(1463) Pause Young (Allocation Failure)
[541.127s][info][gc,heap        ] GC(1463) PSYoungGen: 237120K(247808K)->64K(228864K) Eden: 237056K(237056K)->0K(228352K) From: 64K(10752K)->64K(512K)
[541.127s][info][gc,heap        ] GC(1463) ParOldGen: 164370K(175104K)->164386K(175104K)
[541.127s][info][gc,metaspace   ] GC(1463) Metaspace: 35442K(36160K)->35442K(36160K) NonClass: 29170K(29696K)->29170K(29696K) Class: 6272K(6464K)->6272K(6464K)
[541.127s][info][gc             ] GC(1463) Pause Young (Allocation Failure) 392M->160M(394M) 2.443ms
[541.127s][info][gc,cpu         ] GC(1463) User=0.00s Sys=0.00s Real=0.01s
[541.410s][info][gc,start       ] GC(1464) Pause Young (Allocation Failure)
[541.412s][info][gc,heap        ] GC(1464) PSYoungGen: 228416K(228864K)->64K(228864K) Eden: 228352K(228352K)->0K(219648K) From: 64K(512K)->64K(9216K)
[541.412s][info][gc,heap        ] GC(1464) ParOldGen: 164386K(175104K)->164402K(175104K)
[541.412s][info][gc,metaspace   ] GC(1464) Metaspace: 35442K(36160K)->35442K(36160K) NonClass: 29170K(29696K)->29170K(29696K) Class: 6272K(6464K)->6272K(6464K)
[541.412s][info][gc             ] GC(1464) Pause Young (Allocation Failure) 383M->160M(394M) 1.520ms
[541.412s][info][gc,cpu         ] GC(1464) User=0.00s Sys=0.00s Real=0.00s
[542.315s][info][gc,start       ] GC(1465) Pause Young (Allocation Failure)
[542.317s][info][gc,heap        ] GC(1465) PSYoungGen: 219712K(228864K)->64K(211968K) Eden: 219648K(219648K)->0K(211456K) From: 64K(9216K)->64K(512K)
[542.317s][info][gc,heap        ] GC(1465) ParOldGen: 164402K(175104K)->164410K(175104K)
[542.317s][info][gc,metaspace   ] GC(1465) Metaspace: 35442K(36160K)->35442K(36160K) NonClass: 29170K(29696K)->29170K(29696K) Class: 6272K(6464K)->6272K(6464K)
[542.317s][info][gc             ] GC(1465) Pause Young (Allocation Failure) 375M->160M(378M) 2.397ms
[542.317s][info][gc,cpu         ] GC(1465) User=0.00s Sys=0.00s Real=0.01s
[542.641s][info][gc,start       ] GC(1466) Pause Young (Allocation Failure)
[542.643s][info][gc,heap        ] GC(1466) PSYoungGen: 211520K(211968K)->32K(211968K) Eden: 211456K(211456K)->0K(203776K) From: 64K(512K)->32K(8192K)
[542.643s][info][gc,heap        ] GC(1466) ParOldGen: 164410K(175104K)->164418K(175104K)
[542.643s][info][gc,metaspace   ] GC(1466) Metaspace: 35442K(36160K)->35442K(36160K) NonClass: 29170K(29696K)->29170K(29696K) Class: 6272K(6464K)->6272K(6464K)
[542.643s][info][gc             ] GC(1466) Pause Young (Allocation Failure) 367M->160M(378M) 1.314ms
[542.643s][info][gc,cpu         ] GC(1466) User=0.00s Sys=0.00s Real=0.00s
[542.812s][info][gc,start       ] GC(1467) Pause Young (Allocation Failure)
[542.813s][info][gc,heap        ] GC(1467) PSYoungGen: 203808K(211968K)->64K(197120K) Eden: 203776K(203776K)->0K(196608K) From: 32K(8192K)->64K(512K)
[542.813s][info][gc,heap        ] GC(1467) ParOldGen: 164418K(175104K)->164426K(175104K)
[542.813s][info][gc,metaspace   ] GC(1467) Metaspace: 35442K(36160K)->35442K(36160K) NonClass: 29170K(29696K)->29170K(29696K) Class: 6272K(6464K)->6272K(6464K)
[542.813s][info][gc             ] GC(1467) Pause Young (Allocation Failure) 359M->160M(363M) 1.505ms
[542.813s][info][gc,cpu         ] GC(1467) User=0.00s Sys=0.00s Real=0.00s
[542.864s][info][gc,start       ] GC(1468) Pause Young (Allocation Failure)
[542.865s][info][gc,heap        ] GC(1468) PSYoungGen: 196672K(197120K)->64K(196608K) Eden: 196608K(196608K)->0K(189440K) From: 64K(512K)->64K(7168K)
[542.865s][info][gc,heap        ] GC(1468) ParOldGen: 164426K(175104K)->164434K(175104K)
[542.865s][info][gc,metaspace   ] GC(1468) Metaspace: 35442K(36160K)->35442K(36160K) NonClass: 29170K(29696K)->29170K(29696K) Class: 6272K(6464K)->6272K(6464K)
[542.865s][info][gc             ] GC(1468) Pause Young (Allocation Failure) 352M->160M(363M) 0.900ms
[542.865s][info][gc,cpu         ] GC(1468) User=0.00s Sys=0.00s Real=0.00s
[543.190s][info][gc,start       ] GC(1469) Pause Young (Allocation Failure)
[543.192s][info][gc,heap        ] GC(1469) PSYoungGen: 189504K(196608K)->64K(183296K) Eden: 189440K(189440K)->0K(182784K) From: 64K(7168K)->64K(512K)
[543.192s][info][gc,heap        ] GC(1469) ParOldGen: 164434K(175104K)->164442K(175104K)
[543.192s][info][gc,metaspace   ] GC(1469) Metaspace: 35442K(36160K)->35442K(36160K) NonClass: 29170K(29696K)->29170K(29696K) Class: 6272K(6464K)->6272K(6464K)
[543.192s][info][gc             ] GC(1469) Pause Young (Allocation Failure) 345M->160M(350M) 1.870ms
[543.192s][info][gc,cpu         ] GC(1469) User=0.00s Sys=0.00s Real=0.00s
[543.556s][info][gc,start       ] GC(1470) Pause Young (Allocation Failure)
[543.557s][info][gc,heap        ] GC(1470) PSYoungGen: 182848K(183296K)->64K(182784K) Eden: 182784K(182784K)->0K(176640K) From: 64K(512K)->64K(6144K)
[543.557s][info][gc,heap        ] GC(1470) ParOldGen: 164442K(175104K)->164450K(175104K)
[543.557s][info][gc,metaspace   ] GC(1470) Metaspace: 35442K(36160K)->35442K(36160K) NonClass: 29170K(29696K)->29170K(29696K) Class: 6272K(6464K)->6272K(6464K)
[543.557s][info][gc             ] GC(1470) Pause Young (Allocation Failure) 339M->160M(349M) 1.008ms
[543.557s][info][gc,cpu         ] GC(1470) User=0.00s Sys=0.00s Real=0.00s
[543.740s][info][gc,start       ] GC(1471) Pause Young (Allocation Failure)
[543.742s][info][gc,heap        ] GC(1471) PSYoungGen: 176704K(182784K)->64K(171008K) Eden: 176640K(176640K)->0K(170496K) From: 64K(6144K)->64K(512K)
[543.742s][info][gc,heap        ] GC(1471) ParOldGen: 164450K(175104K)->164458K(175104K)
[543.742s][info][gc,metaspace   ] GC(1471) Metaspace: 35442K(36160K)->35442K(36160K) NonClass: 29170K(29696K)->29170K(29696K) Class: 6272K(6464K)->6272K(6464K)
[543.742s][info][gc             ] GC(1471) Pause Young (Allocation Failure) 333M->160M(338M) 2.034ms
[543.742s][info][gc,cpu         ] GC(1471) User=0.00s Sys=0.00s Real=0.00s
[544.011s][info][gc,start       ] GC(1472) Pause Young (Allocation Failure)
[544.027s][info][gc,heap        ] GC(1472) PSYoungGen: 170560K(171008K)->5120K(207872K) Eden: 170496K(170496K)->0K(202752K) From: 64K(512K)->5120K(5120K)
[544.027s][info][gc,heap        ] GC(1472) ParOldGen: 164458K(175104K)->167962K(175104K)
[544.027s][info][gc,metaspace   ] GC(1472) Metaspace: 35442K(36160K)->35442K(36160K) NonClass: 29170K(29696K)->29170K(29696K) Class: 6272K(6464K)->6272K(6464K)
[544.027s][info][gc             ] GC(1472) Pause Young (Allocation Failure) 327M->169M(374M) 16.254ms
[544.027s][info][gc,cpu         ] GC(1472) User=0.03s Sys=0.00s Real=0.02s
[544.235s][info][gc,start       ] GC(1473) Pause Young (Allocation Failure)
[544.276s][info][gc,heap        ] GC(1473) PSYoungGen: 207872K(207872K)->5120K(242688K) Eden: 202752K(202752K)->0K(237568K) From: 5120K(5120K)->5120K(5120K)
[544.276s][info][gc,heap        ] GC(1473) ParOldGen: 167962K(175104K)->184370K(184832K)
[544.276s][info][gc,metaspace   ] GC(1473) Metaspace: 35442K(36160K)->35442K(36160K) NonClass: 29170K(29696K)->29170K(29696K) Class: 6272K(6464K)->6272K(6464K)
[544.276s][info][gc             ] GC(1473) Pause Young (Allocation Failure) 367M->185M(417M) 40.536ms
[544.276s][info][gc,cpu         ] GC(1473) User=0.07s Sys=0.01s Real=0.05s
[544.527s][info][gc,start       ] GC(1474) Pause Young (Allocation Failure)
[544.575s][info][gc,heap        ] GC(1474) PSYoungGen: 242688K(242688K)->14848K(252416K) Eden: 237568K(237568K)->0K(237568K) From: 5120K(5120K)->14848K(14848K)
[544.575s][info][gc,heap        ] GC(1474) ParOldGen: 184370K(184832K)->195178K(195584K)
[544.575s][info][gc,metaspace   ] GC(1474) Metaspace: 35442K(36160K)->35442K(36160K) NonClass: 29170K(29696K)->29170K(29696K) Class: 6272K(6464K)->6272K(6464K)
[544.575s][info][gc             ] GC(1474) Pause Young (Allocation Failure) 417M->205M(437M) 47.817ms
[544.575s][info][gc,cpu         ] GC(1474) User=0.09s Sys=0.01s Real=0.05s
[544.738s][info][gc,start       ] GC(1475) Pause Young (Allocation Failure)
[544.769s][info][gc,heap        ] GC(1475) PSYoungGen: 252416K(252416K)->13920K(305152K) Eden: 237568K(237568K)->0K(283136K) From: 14848K(14848K)->13920K(22016K)
[544.769s][info][gc,heap        ] GC(1475) ParOldGen: 195178K(195584K)->195562K(195584K)
[544.769s][info][gc,metaspace   ] GC(1475) Metaspace: 35442K(36160K)->35442K(36160K) NonClass: 29170K(29696K)->29170K(29696K) Class: 6272K(6464K)->6272K(6464K)
[544.769s][info][gc             ] GC(1475) Pause Young (Allocation Failure) 437M->204M(489M) 30.926ms
[544.769s][info][gc,cpu         ] GC(1475) User=0.06s Sys=0.00s Real=0.03s
[545.027s][info][gc,start       ] GC(1476) Pause Young (Allocation Failure)
[545.028s][info][gc,heap        ] GC(1476) PSYoungGen: 297056K(305152K)->64K(306688K) Eden: 283136K(283136K)->0K(283136K) From: 13920K(22016K)->64K(23552K)
[545.028s][info][gc,heap        ] GC(1476) ParOldGen: 195562K(195584K)->195570K(195584K)
[545.028s][info][gc,metaspace   ] GC(1476) Metaspace: 35442K(36160K)->35442K(36160K) NonClass: 29170K(29696K)->29170K(29696K) Class: 6272K(6464K)->6272K(6464K)
[545.028s][info][gc             ] GC(1476) Pause Young (Allocation Failure) 481M->191M(490M) 1.046ms
[545.028s][info][gc,cpu         ] GC(1476) User=0.00s Sys=0.00s Real=0.00s
[545.723s][info][gc,start       ] GC(1477) Pause Young (Allocation Failure)
[545.724s][info][gc,heap        ] GC(1477) PSYoungGen: 283200K(306688K)->64K(308736K) Eden: 283136K(283136K)->0K(287744K) From: 64K(23552K)->64K(20992K)
[545.724s][info][gc,heap        ] GC(1477) ParOldGen: 195570K(195584K)->195578K(195584K)
[545.724s][info][gc,metaspace   ] GC(1477) Metaspace: 35442K(36160K)->35442K(36160K) NonClass: 29170K(29696K)->29170K(29696K) Class: 6272K(6464K)->6272K(6464K)
[545.724s][info][gc             ] GC(1477) Pause Young (Allocation Failure) 467M->191M(492M) 1.010ms
[545.724s][info][gc,cpu         ] GC(1477) User=0.00s Sys=0.00s Real=0.00s
[546.000s][info][gc,start       ] GC(1478) Pause Young (Allocation Failure)
[546.001s][info][gc,heap        ] GC(1478) PSYoungGen: 287808K(308736K)->64K(309760K) Eden: 287744K(287744K)->0K(287744K) From: 64K(20992K)->64K(22016K)
[546.001s][info][gc,heap        ] GC(1478) ParOldGen: 195578K(195584K)->195594K(196096K)
[546.001s][info][gc,metaspace   ] GC(1478) Metaspace: 35442K(36160K)->35442K(36160K) NonClass: 29170K(29696K)->29170K(29696K) Class: 6272K(6464K)->6272K(6464K)
[546.001s][info][gc             ] GC(1478) Pause Young (Allocation Failure) 472M->191M(494M) 1.072ms
[546.001s][info][gc,cpu         ] GC(1478) User=0.00s Sys=0.00s Real=0.00s
[546.430s][info][gc,start       ] GC(1479) Pause Young (Allocation Failure)
[546.431s][info][gc,heap        ] GC(1479) PSYoungGen: 287808K(309760K)->64K(309248K) Eden: 287744K(287744K)->0K(290304K) From: 64K(22016K)->64K(18944K)
[546.431s][info][gc,heap        ] GC(1479) ParOldGen: 195594K(196096K)->195602K(196096K)
[546.431s][info][gc,metaspace   ] GC(1479) Metaspace: 35442K(36160K)->35442K(36160K) NonClass: 29170K(29696K)->29170K(29696K) Class: 6272K(6464K)->6272K(6464K)
[546.431s][info][gc             ] GC(1479) Pause Young (Allocation Failure) 472M->191M(493M) 1.106ms
[546.431s][info][gc,cpu         ] GC(1479) User=0.00s Sys=0.00s Real=0.00s
[546.653s][info][gc,start       ] GC(1480) Pause Young (Allocation Failure)
[546.654s][info][gc,heap        ] GC(1480) PSYoungGen: 290368K(309248K)->64K(310784K) Eden: 290304K(290304K)->0K(290304K) From: 64K(18944K)->64K(20480K)
[546.654s][info][gc,heap        ] GC(1480) ParOldGen: 195602K(196096K)->195618K(196096K)
[546.654s][info][gc,metaspace   ] GC(1480) Metaspace: 35442K(36160K)->35442K(36160K) NonClass: 29170K(29696K)->29170K(29696K) Class: 6272K(6464K)->6272K(6464K)
[546.654s][info][gc             ] GC(1480) Pause Young (Allocation Failure) 474M->191M(495M) 1.040ms
[546.654s][info][gc,cpu         ] GC(1480) User=0.00s Sys=0.00s Real=0.00s
[546.988s][info][gc,start       ] GC(1481) Pause Young (Allocation Failure)
[546.989s][info][gc,heap        ] GC(1481) PSYoungGen: 290368K(310784K)->64K(310784K) Eden: 290304K(290304K)->0K(293888K) From: 64K(20480K)->64K(16896K)
[546.989s][info][gc,heap        ] GC(1481) ParOldGen: 195618K(196096K)->195618K(196096K)
[546.989s][info][gc,metaspace   ] GC(1481) Metaspace: 35442K(36160K)->35442K(36160K) NonClass: 29170K(29696K)->29170K(29696K) Class: 6272K(6464K)->6272K(6464K)
[546.989s][info][gc             ] GC(1481) Pause Young (Allocation Failure) 474M->191M(495M) 1.074ms
[546.989s][info][gc,cpu         ] GC(1481) User=0.00s Sys=0.00s Real=0.00s
[547.163s][info][gc,start       ] GC(1482) Pause Young (Allocation Failure)
[547.164s][info][gc,heap        ] GC(1482) PSYoungGen: 293952K(310784K)->64K(312320K) Eden: 293888K(293888K)->0K(293888K) From: 64K(16896K)->64K(18432K)
[547.164s][info][gc,heap        ] GC(1482) ParOldGen: 195618K(196096K)->195626K(196096K)
[547.164s][info][gc,metaspace   ] GC(1482) Metaspace: 35442K(36160K)->35442K(36160K) NonClass: 29170K(29696K)->29170K(29696K) Class: 6272K(6464K)->6272K(6464K)
[547.164s][info][gc             ] GC(1482) Pause Young (Allocation Failure) 478M->191M(496M) 0.980ms
[547.164s][info][gc,cpu         ] GC(1482) User=0.00s Sys=0.00s Real=0.00s
[547.218s][info][gc,start       ] GC(1483) Pause Young (Allocation Failure)
[547.218s][info][gc,heap        ] GC(1483) PSYoungGen: 293952K(312320K)->64K(312832K) Eden: 293888K(293888K)->0K(297472K) From: 64K(18432K)->64K(15360K)
[547.219s][info][gc,heap        ] GC(1483) ParOldGen: 195626K(196096K)->195642K(196096K)
[547.219s][info][gc,metaspace   ] GC(1483) Metaspace: 35442K(36160K)->35442K(36160K) NonClass: 29170K(29696K)->29170K(29696K) Class: 6272K(6464K)->6272K(6464K)
[547.219s][info][gc             ] GC(1483) Pause Young (Allocation Failure) 478M->191M(497M) 0.958ms
[547.219s][info][gc,cpu         ] GC(1483) User=0.00s Sys=0.00s Real=0.00s
[547.349s][info][gc,start       ] GC(1484) Pause Young (Allocation Failure)
[547.350s][info][gc,heap        ] GC(1484) PSYoungGen: 297536K(312832K)->64K(314368K) Eden: 297472K(297472K)->0K(297472K) From: 64K(15360K)->64K(16896K)
[547.350s][info][gc,heap        ] GC(1484) ParOldGen: 195642K(196096K)->195642K(196096K)
[547.350s][info][gc,metaspace   ] GC(1484) Metaspace: 35442K(36160K)->35442K(36160K) NonClass: 29170K(29696K)->29170K(29696K) Class: 6272K(6464K)->6272K(6464K)
[547.350s][info][gc             ] GC(1484) Pause Young (Allocation Failure) 481M->191M(498M) 0.969ms
[547.350s][info][gc,cpu         ] GC(1484) User=0.00s Sys=0.00s Real=0.00s
[547.702s][info][gc,start       ] GC(1485) Pause Young (Allocation Failure)
[547.703s][info][gc,heap        ] GC(1485) PSYoungGen: 297536K(314368K)->32K(314368K) Eden: 297472K(297472K)->0K(301056K) From: 64K(16896K)->32K(13312K)
[547.703s][info][gc,heap        ] GC(1485) ParOldGen: 195642K(196096K)->195658K(196096K)
[547.703s][info][gc,metaspace   ] GC(1485) Metaspace: 35442K(36160K)->35442K(36160K) NonClass: 29170K(29696K)->29170K(29696K) Class: 6272K(6464K)->6272K(6464K)
[547.703s][info][gc             ] GC(1485) Pause Young (Allocation Failure) 481M->191M(498M) 1.027ms
[547.703s][info][gc,cpu         ] GC(1485) User=0.00s Sys=0.00s Real=0.00s
[547.910s][info][gc,start       ] GC(1486) Pause Young (Allocation Failure)
[547.911s][info][gc,heap        ] GC(1486) PSYoungGen: 301088K(314368K)->64K(315904K) Eden: 301056K(301056K)->0K(301056K) From: 32K(13312K)->64K(14848K)
[547.911s][info][gc,heap        ] GC(1486) ParOldGen: 195658K(196096K)->195658K(196096K)
[547.911s][info][gc,metaspace   ] GC(1486) Metaspace: 35442K(36160K)->35442K(36160K) NonClass: 29170K(29696K)->29170K(29696K) Class: 6272K(6464K)->6272K(6464K)
[547.911s][info][gc             ] GC(1486) Pause Young (Allocation Failure) 485M->191M(500M) 1.032ms
[547.912s][info][gc,cpu         ] GC(1486) User=0.00s Sys=0.00s Real=0.00s
[547.992s][info][gc,start       ] GC(1487) Pause Young (Allocation Failure)
[547.993s][info][gc,heap        ] GC(1487) PSYoungGen: 301120K(315904K)->64K(316416K) Eden: 301056K(301056K)->0K(304640K) From: 64K(14848K)->64K(11776K)
[547.993s][info][gc,heap        ] GC(1487) ParOldGen: 195658K(196096K)->195674K(196096K)
[547.993s][info][gc,metaspace   ] GC(1487) Metaspace: 35442K(36160K)->35442K(36160K) NonClass: 29170K(29696K)->29170K(29696K) Class: 6272K(6464K)->6272K(6464K)
[547.993s][info][gc             ] GC(1487) Pause Young (Allocation Failure) 485M->191M(500M) 1.013ms
[547.993s][info][gc,cpu         ] GC(1487) User=0.00s Sys=0.00s Real=0.00s
[548.161s][info][gc,start       ] GC(1488) Pause Young (Allocation Failure)
[548.162s][info][gc,heap        ] GC(1488) PSYoungGen: 304704K(316416K)->64K(292864K) Eden: 304640K(304640K)->0K(292352K) From: 64K(11776K)->64K(512K)
[548.162s][info][gc,heap        ] GC(1488) ParOldGen: 195674K(196096K)->195674K(196096K)
[548.162s][info][gc,metaspace   ] GC(1488) Metaspace: 35442K(36160K)->35442K(36160K) NonClass: 29170K(29696K)->29170K(29696K) Class: 6272K(6464K)->6272K(6464K)
[548.162s][info][gc             ] GC(1488) Pause Young (Allocation Failure) 488M->191M(477M) 1.036ms
[548.162s][info][gc,cpu         ] GC(1488) User=0.00s Sys=0.00s Real=0.00s
[548.561s][info][gc,start       ] GC(1489) Pause Young (Allocation Failure)
[548.563s][info][gc,heap        ] GC(1489) PSYoungGen: 292416K(292864K)->64K(281088K) Eden: 292352K(292352K)->0K(280576K) From: 64K(512K)->64K(512K)
[548.563s][info][gc,heap        ] GC(1489) ParOldGen: 195674K(196096K)->195682K(196096K)
[548.563s][info][gc,metaspace   ] GC(1489) Metaspace: 35442K(36160K)->35442K(36160K) NonClass: 29170K(29696K)->29170K(29696K) Class: 6272K(6464K)->6272K(6464K)
[548.563s][info][gc             ] GC(1489) Pause Young (Allocation Failure) 476M->191M(466M) 1.871ms
[548.563s][info][gc,cpu         ] GC(1489) User=0.00s Sys=0.00s Real=0.00s
[549.227s][info][gc,start       ] GC(1490) Pause Young (Allocation Failure)
[549.228s][info][gc,heap        ] GC(1490) PSYoungGen: 280640K(281088K)->64K(281600K) Eden: 280576K(280576K)->0K(269824K) From: 64K(512K)->64K(11776K)
[549.228s][info][gc,heap        ] GC(1490) ParOldGen: 195682K(196096K)->195690K(196096K)
[549.228s][info][gc,metaspace   ] GC(1490) Metaspace: 35442K(36160K)->35442K(36160K) NonClass: 29170K(29696K)->29170K(29696K) Class: 6272K(6464K)->6272K(6464K)
[549.228s][info][gc             ] GC(1490) Pause Young (Allocation Failure) 465M->191M(466M) 0.996ms
[549.228s][info][gc,cpu         ] GC(1490) User=0.01s Sys=0.00s Real=0.00s
[550.186s][info][gc,start       ] GC(1491) Pause Young (Allocation Failure)
[550.187s][info][gc,heap        ] GC(1491) PSYoungGen: 269888K(281600K)->64K(260096K) Eden: 269824K(269824K)->0K(259584K) From: 64K(11776K)->64K(512K)
[550.187s][info][gc,heap        ] GC(1491) ParOldGen: 195690K(196096K)->195698K(196096K)
[550.187s][info][gc,metaspace   ] GC(1491) Metaspace: 35442K(36160K)->35442K(36160K) NonClass: 29170K(29696K)->29170K(29696K) Class: 6272K(6464K)->6272K(6464K)
[550.187s][info][gc             ] GC(1491) Pause Young (Allocation Failure) 454M->191M(445M) 1.602ms
[550.187s][info][gc,cpu         ] GC(1491) User=0.00s Sys=0.00s Real=0.00s
[550.579s][info][gc,start       ] GC(1492) Pause Young (Allocation Failure)
[550.580s][info][gc,heap        ] GC(1492) PSYoungGen: 259648K(260096K)->64K(259584K) Eden: 259584K(259584K)->0K(249344K) From: 64K(512K)->64K(10240K)
[550.580s][info][gc,heap        ] GC(1492) ParOldGen: 195698K(196096K)->195706K(196096K)
[550.580s][info][gc,metaspace   ] GC(1492) Metaspace: 35442K(36160K)->35442K(36160K) NonClass: 29170K(29696K)->29170K(29696K) Class: 6272K(6464K)->6272K(6464K)
[550.580s][info][gc             ] GC(1492) Pause Young (Allocation Failure) 444M->191M(445M) 0.994ms
[550.580s][info][gc,cpu         ] GC(1492) User=0.00s Sys=0.00s Real=0.00s
[551.245s][info][gc,start       ] GC(1493) Pause Young (Allocation Failure)
[551.247s][info][gc,heap        ] GC(1493) PSYoungGen: 249408K(259584K)->64K(240128K) Eden: 249344K(249344K)->0K(239616K) From: 64K(10240K)->64K(512K)
[551.247s][info][gc,heap        ] GC(1493) ParOldGen: 195706K(196096K)->195714K(196096K)
[551.247s][info][gc,metaspace   ] GC(1493) Metaspace: 35442K(36160K)->35442K(36160K) NonClass: 29170K(29696K)->29170K(29696K) Class: 6272K(6464K)->6272K(6464K)
[551.247s][info][gc             ] GC(1493) Pause Young (Allocation Failure) 434M->191M(426M) 2.205ms
[551.247s][info][gc,cpu         ] GC(1493) User=0.01s Sys=0.00s Real=0.01s
[551.793s][info][gc,start       ] GC(1494) Pause Young (Allocation Failure)
[551.795s][info][gc,heap        ] GC(1494) PSYoungGen: 239680K(240128K)->64K(239104K) Eden: 239616K(239616K)->0K(230400K) From: 64K(512K)->64K(8704K)
[551.795s][info][gc,heap        ] GC(1494) ParOldGen: 195714K(196096K)->195722K(196096K)
[551.795s][info][gc,metaspace   ] GC(1494) Metaspace: 35442K(36160K)->35442K(36160K) NonClass: 29170K(29696K)->29170K(29696K) Class: 6272K(6464K)->6272K(6464K)
[551.795s][info][gc             ] GC(1494) Pause Young (Allocation Failure) 425M->191M(425M) 1.657ms
[551.795s][info][gc,cpu         ] GC(1494) User=0.00s Sys=0.00s Real=0.00s
[552.124s][info][gc,start       ] GC(1495) Pause Young (Allocation Failure)
[552.127s][info][gc,heap        ] GC(1495) PSYoungGen: 230464K(239104K)->64K(222208K) Eden: 230400K(230400K)->0K(221696K) From: 64K(8704K)->64K(512K)
[552.127s][info][gc,heap        ] GC(1495) ParOldGen: 195722K(196096K)->195730K(196096K)
[552.127s][info][gc,metaspace   ] GC(1495) Metaspace: 35442K(36160K)->35442K(36160K) NonClass: 29170K(29696K)->29170K(29696K) Class: 6272K(6464K)->6272K(6464K)
[552.127s][info][gc             ] GC(1495) Pause Young (Allocation Failure) 416M->191M(408M) 2.446ms
[552.127s][info][gc,cpu         ] GC(1495) User=0.00s Sys=0.01s Real=0.01s
[552.261s][info][gc,start       ] GC(1496) Pause Young (Allocation Failure)
[552.263s][info][gc,heap        ] GC(1496) PSYoungGen: 221760K(222208K)->32K(221184K) Eden: 221696K(221696K)->0K(213504K) From: 64K(512K)->32K(7680K)
[552.263s][info][gc,heap        ] GC(1496) ParOldGen: 195730K(196096K)->195738K(196096K)
[552.263s][info][gc,metaspace   ] GC(1496) Metaspace: 35442K(36160K)->35442K(36160K) NonClass: 29170K(29696K)->29170K(29696K) Class: 6272K(6464K)->6272K(6464K)
[552.263s][info][gc             ] GC(1496) Pause Young (Allocation Failure) 407M->191M(407M) 1.714ms
[552.263s][info][gc,cpu         ] GC(1496) User=0.01s Sys=0.00s Real=0.00s
[552.397s][info][gc,start       ] GC(1497) Pause Young (Allocation Failure)
[552.399s][info][gc,heap        ] GC(1497) PSYoungGen: 213536K(221184K)->64K(206336K) Eden: 213504K(213504K)->0K(205824K) From: 32K(7680K)->64K(512K)
[552.399s][info][gc,heap        ] GC(1497) ParOldGen: 195738K(196096K)->195754K(196096K)
[552.399s][info][gc,metaspace   ] GC(1497) Metaspace: 35442K(36160K)->35442K(36160K) NonClass: 29170K(29696K)->29170K(29696K) Class: 6272K(6464K)->6272K(6464K)
[552.399s][info][gc             ] GC(1497) Pause Young (Allocation Failure) 399M->191M(393M) 2.644ms
[552.399s][info][gc,cpu         ] GC(1497) User=0.00s Sys=0.00s Real=0.00s
[552.965s][info][gc,start       ] GC(1498) Pause Young (Allocation Failure)
[552.967s][info][gc,heap        ] GC(1498) PSYoungGen: 205888K(206336K)->32K(204800K) Eden: 205824K(205824K)->0K(198144K) From: 64K(512K)->32K(6656K)
[552.967s][info][gc,heap        ] GC(1498) ParOldGen: 195754K(196096K)->195762K(196096K)
[552.967s][info][gc,metaspace   ] GC(1498) Metaspace: 35442K(36160K)->35442K(36160K) NonClass: 29170K(29696K)->29170K(29696K) Class: 6272K(6464K)->6272K(6464K)
[552.967s][info][gc             ] GC(1498) Pause Young (Allocation Failure) 392M->191M(391M) 1.567ms
[552.967s][info][gc,cpu         ] GC(1498) User=0.00s Sys=0.00s Real=0.01s
[553.122s][info][gc,start       ] GC(1499) Pause Young (Allocation Failure)
[553.124s][info][gc,heap        ] GC(1499) PSYoungGen: 198176K(204800K)->64K(191488K) Eden: 198144K(198144K)->0K(190976K) From: 32K(6656K)->64K(512K)
[553.124s][info][gc,heap        ] GC(1499) ParOldGen: 195762K(196096K)->195762K(196096K)
[553.124s][info][gc,metaspace   ] GC(1499) Metaspace: 35442K(36160K)->35442K(36160K) NonClass: 29170K(29696K)->29170K(29696K) Class: 6272K(6464K)->6272K(6464K)
[553.124s][info][gc             ] GC(1499) Pause Young (Allocation Failure) 384M->191M(378M) 2.270ms
[553.124s][info][gc,cpu         ] GC(1499) User=0.00s Sys=0.00s Real=0.00s
[553.440s][info][gc,start       ] GC(1500) Pause Young (Allocation Failure)
[553.461s][info][gc,heap        ] GC(1500) PSYoungGen: 191040K(191488K)->5632K(232960K) Eden: 190976K(190976K)->0K(227328K) From: 64K(512K)->5632K(5632K)
[553.461s][info][gc,heap        ] GC(1500) ParOldGen: 195762K(196096K)->196890K(197120K)
[553.461s][info][gc,metaspace   ] GC(1500) Metaspace: 35442K(36160K)->35442K(36160K) NonClass: 29170K(29696K)->29170K(29696K) Class: 6272K(6464K)->6272K(6464K)
[553.462s][info][gc             ] GC(1500) Pause Young (Allocation Failure) 377M->197M(420M) 21.550ms
[553.462s][info][gc,cpu         ] GC(1500) User=0.02s Sys=0.00s Real=0.02s
[553.695s][info][gc,start       ] GC(1501) Pause Young (Allocation Failure)
[553.744s][info][gc,heap        ] GC(1501) PSYoungGen: 232960K(232960K)->5632K(253440K) Eden: 227328K(227328K)->0K(247808K) From: 5632K(5632K)->5632K(5632K)
[553.744s][info][gc,heap        ] GC(1501) ParOldGen: 196890K(197120K)->215290K(215552K)
[553.744s][info][gc,metaspace   ] GC(1501) Metaspace: 35442K(36160K)->35442K(36160K) NonClass: 29170K(29696K)->29170K(29696K) Class: 6272K(6464K)->6272K(6464K)
[553.745s][info][gc             ] GC(1501) Pause Young (Allocation Failure) 419M->215M(458M) 49.366ms
[553.745s][info][gc,cpu         ] GC(1501) User=0.08s Sys=0.02s Real=0.05s
[554.000s][info][gc,start       ] GC(1502) Pause Young (Allocation Failure)
[554.053s][info][gc,heap        ] GC(1502) PSYoungGen: 253440K(253440K)->15360K(263168K) Eden: 247808K(247808K)->0K(247808K) From: 5632K(5632K)->15360K(15360K)
[554.053s][info][gc,heap        ] GC(1502) ParOldGen: 215290K(215552K)->226746K(226816K)
[554.053s][info][gc,metaspace   ] GC(1502) Metaspace: 35442K(36160K)->35442K(36160K) NonClass: 29170K(29696K)->29170K(29696K) Class: 6272K(6464K)->6272K(6464K)
[554.053s][info][gc             ] GC(1502) Pause Young (Allocation Failure) 457M->236M(478M) 52.410ms
[554.053s][info][gc,cpu         ] GC(1502) User=0.09s Sys=0.00s Real=0.05s
[554.207s][info][gc,start       ] GC(1503) Pause Young (Allocation Failure)
[554.236s][info][gc,heap        ] GC(1503) PSYoungGen: 263168K(263168K)->12096K(309760K) Eden: 247808K(247808K)->0K(286720K) From: 15360K(15360K)->12096K(23040K)
[554.237s][info][gc,heap        ] GC(1503) ParOldGen: 226746K(226816K)->227162K(227328K)
[554.237s][info][gc,metaspace   ] GC(1503) Metaspace: 35442K(36160K)->35442K(36160K) NonClass: 29170K(29696K)->29170K(29696K) Class: 6272K(6464K)->6272K(6464K)
[554.237s][info][gc             ] GC(1503) Pause Young (Allocation Failure) 478M->233M(524M) 29.134ms
[554.237s][info][gc,cpu         ] GC(1503) User=0.05s Sys=0.01s Real=0.03s
[554.569s][info][gc,start       ] GC(1504) Pause Young (Allocation Failure)
[554.570s][info][gc,heap        ] GC(1504) PSYoungGen: 298816K(309760K)->64K(310272K) Eden: 286720K(286720K)->0K(286720K) From: 12096K(23040K)->64K(23552K)
[554.570s][info][gc,heap        ] GC(1504) ParOldGen: 227162K(227328K)->227170K(227328K)
[554.570s][info][gc,metaspace   ] GC(1504) Metaspace: 35442K(36160K)->35442K(36160K) NonClass: 29170K(29696K)->29170K(29696K) Class: 6272K(6464K)->6272K(6464K)
[554.570s][info][gc             ] GC(1504) Pause Young (Allocation Failure) 513M->221M(525M) 1.185ms
[554.570s][info][gc,cpu         ] GC(1504) User=0.00s Sys=0.00s Real=0.00s
[555.235s][info][gc,start       ] GC(1505) Pause Young (Allocation Failure)
[555.236s][info][gc,heap        ] GC(1505) PSYoungGen: 286784K(310272K)->64K(308224K) Eden: 286720K(286720K)->0K(287232K) From: 64K(23552K)->64K(20992K)
[555.236s][info][gc,heap        ] GC(1505) ParOldGen: 227170K(227328K)->227178K(227328K)
[555.236s][info][gc,metaspace   ] GC(1505) Metaspace: 35444K(36160K)->35444K(36160K) NonClass: 29171K(29696K)->29171K(29696K) Class: 6272K(6464K)->6272K(6464K)
[555.236s][info][gc             ] GC(1505) Pause Young (Allocation Failure) 501M->221M(523M) 1.155ms
[555.236s][info][gc,cpu         ] GC(1505) User=0.00s Sys=0.00s Real=0.00s
[555.708s][info][gc,start       ] GC(1506) Pause Young (Allocation Failure)
[555.709s][info][gc,heap        ] GC(1506) PSYoungGen: 287296K(308224K)->64K(309248K) Eden: 287232K(287232K)->0K(287232K) From: 64K(20992K)->64K(22016K)
[555.709s][info][gc,heap        ] GC(1506) ParOldGen: 227178K(227328K)->227194K(227328K)
[555.709s][info][gc,metaspace   ] GC(1506) Metaspace: 35444K(36160K)->35444K(36160K) NonClass: 29171K(29696K)->29171K(29696K) Class: 6272K(6464K)->6272K(6464K)
[555.709s][info][gc             ] GC(1506) Pause Young (Allocation Failure) 502M->221M(524M) 1.150ms
[555.709s][info][gc,cpu         ] GC(1506) User=0.01s Sys=0.00s Real=0.00s
[555.928s][info][gc,start       ] GC(1507) Pause Young (Allocation Failure)
[555.929s][info][gc,heap        ] GC(1507) PSYoungGen: 287296K(309248K)->64K(309248K) Eden: 287232K(287232K)->0K(290304K) From: 64K(22016K)->64K(18944K)
[555.929s][info][gc,heap        ] GC(1507) ParOldGen: 227194K(227328K)->227210K(227328K)
[555.929s][info][gc,metaspace   ] GC(1507) Metaspace: 35444K(36160K)->35444K(36160K) NonClass: 29171K(29696K)->29171K(29696K) Class: 6272K(6464K)->6272K(6464K)
[555.929s][info][gc             ] GC(1507) Pause Young (Allocation Failure) 502M->221M(524M) 1.100ms
[555.929s][info][gc,cpu         ] GC(1507) User=0.00s Sys=0.00s Real=0.00s
[556.153s][info][gc,start       ] GC(1508) Pause Young (Allocation Failure)
[556.154s][info][gc,heap        ] GC(1508) PSYoungGen: 290368K(309248K)->32K(310784K) Eden: 290304K(290304K)->0K(290304K) From: 64K(18944K)->32K(20480K)
[556.154s][info][gc,heap        ] GC(1508) ParOldGen: 227210K(227328K)->227210K(227328K)
[556.154s][info][gc,metaspace   ] GC(1508) Metaspace: 35444K(36160K)->35444K(36160K) NonClass: 29171K(29696K)->29171K(29696K) Class: 6272K(6464K)->6272K(6464K)
[556.154s][info][gc             ] GC(1508) Pause Young (Allocation Failure) 505M->221M(525M) 1.116ms
[556.154s][info][gc,cpu         ] GC(1508) User=0.00s Sys=0.00s Real=0.00s
[556.494s][info][gc,start       ] GC(1509) Pause Young (Allocation Failure)
[556.495s][info][gc,heap        ] GC(1509) PSYoungGen: 290336K(310784K)->64K(311808K) Eden: 290304K(290304K)->0K(293888K) From: 32K(20480K)->64K(17920K)
[556.495s][info][gc,heap        ] GC(1509) ParOldGen: 227210K(227328K)->227210K(227328K)
[556.495s][info][gc,metaspace   ] GC(1509) Metaspace: 35444K(36160K)->35444K(36160K) NonClass: 29171K(29696K)->29171K(29696K) Class: 6272K(6464K)->6272K(6464K)
[556.495s][info][gc             ] GC(1509) Pause Young (Allocation Failure) 505M->221M(526M) 1.093ms
[556.495s][info][gc,cpu         ] GC(1509) User=0.00s Sys=0.00s Real=0.00s
[556.651s][info][gc,start       ] GC(1510) Pause Young (Allocation Failure)
[556.652s][info][gc,heap        ] GC(1510) PSYoungGen: 293952K(311808K)->64K(312832K) Eden: 293888K(293888K)->0K(293888K) From: 64K(17920K)->64K(18944K)
[556.652s][info][gc,heap        ] GC(1510) ParOldGen: 227210K(227328K)->227218K(227328K)
[556.652s][info][gc,metaspace   ] GC(1510) Metaspace: 35444K(36160K)->35444K(36160K) NonClass: 29171K(29696K)->29171K(29696K) Class: 6272K(6464K)->6272K(6464K)
[556.652s][info][gc             ] GC(1510) Pause Young (Allocation Failure) 508M->221M(527M) 1.110ms
[556.652s][info][gc,cpu         ] GC(1510) User=0.00s Sys=0.00s Real=0.00s
[556.707s][info][gc,start       ] GC(1511) Pause Young (Allocation Failure)
[556.708s][info][gc,heap        ] GC(1511) PSYoungGen: 293952K(312832K)->64K(312832K) Eden: 293888K(293888K)->0K(296960K) From: 64K(18944K)->64K(15872K)
[556.708s][info][gc,heap        ] GC(1511) ParOldGen: 227218K(227328K)->227234K(227328K)
[556.708s][info][gc,metaspace   ] GC(1511) Metaspace: 35444K(36160K)->35444K(36160K) NonClass: 29171K(29696K)->29171K(29696K) Class: 6272K(6464K)->6272K(6464K)
[556.708s][info][gc             ] GC(1511) Pause Young (Allocation Failure) 508M->221M(527M) 1.088ms
[556.708s][info][gc,cpu         ] GC(1511) User=0.00s Sys=0.00s Real=0.00s
[556.872s][info][gc,start       ] GC(1512) Pause Young (Allocation Failure)
[556.873s][info][gc,heap        ] GC(1512) PSYoungGen: 297024K(312832K)->64K(313856K) Eden: 296960K(296960K)->0K(296960K) From: 64K(15872K)->64K(16896K)
[556.873s][info][gc,heap        ] GC(1512) ParOldGen: 227234K(227328K)->227234K(227328K)
[556.873s][info][gc,metaspace   ] GC(1512) Metaspace: 35444K(36160K)->35444K(36160K) NonClass: 29171K(29696K)->29171K(29696K) Class: 6272K(6464K)->6272K(6464K)
[556.873s][info][gc             ] GC(1512) Pause Young (Allocation Failure) 511M->221M(528M) 1.090ms
[556.873s][info][gc,cpu         ] GC(1512) User=0.00s Sys=0.00s Real=0.00s
[557.224s][info][gc,start       ] GC(1513) Pause Young (Allocation Failure)
[557.225s][info][gc,heap        ] GC(1513) PSYoungGen: 297024K(313856K)->64K(314880K) Eden: 296960K(296960K)->0K(301056K) From: 64K(16896K)->64K(13824K)
[557.225s][info][gc,heap        ] GC(1513) ParOldGen: 227234K(227328K)->227242K(227328K)
[557.225s][info][gc,metaspace   ] GC(1513) Metaspace: 35444K(36160K)->35444K(36160K) NonClass: 29171K(29696K)->29171K(29696K) Class: 6272K(6464K)->6272K(6464K)
[557.225s][info][gc             ] GC(1513) Pause Young (Allocation Failure) 511M->221M(529M) 1.060ms
[557.225s][info][gc,cpu         ] GC(1513) User=0.00s Sys=0.00s Real=0.01s
[557.403s][info][gc,start       ] GC(1514) Pause Young (Allocation Failure)
[557.404s][info][gc,heap        ] GC(1514) PSYoungGen: 301120K(314880K)->64K(315904K) Eden: 301056K(301056K)->0K(301056K) From: 64K(13824K)->64K(14848K)
[557.404s][info][gc,heap        ] GC(1514) ParOldGen: 227242K(227328K)->227250K(227328K)
[557.404s][info][gc,metaspace   ] GC(1514) Metaspace: 35444K(36160K)->35444K(36160K) NonClass: 29171K(29696K)->29171K(29696K) Class: 6272K(6464K)->6272K(6464K)
[557.404s][info][gc             ] GC(1514) Pause Young (Allocation Failure) 515M->221M(530M) 1.103ms
[557.404s][info][gc,cpu         ] GC(1514) User=0.00s Sys=0.00s Real=0.00s
[557.485s][info][gc,start       ] GC(1515) Pause Young (Allocation Failure)
[557.486s][info][gc,heap        ] GC(1515) PSYoungGen: 301120K(315904K)->64K(316416K) Eden: 301056K(301056K)->0K(304640K) From: 64K(14848K)->64K(11776K)
[557.486s][info][gc,heap        ] GC(1515) ParOldGen: 227250K(227328K)->227266K(227328K)
[557.486s][info][gc,metaspace   ] GC(1515) Metaspace: 35444K(36160K)->35444K(36160K) NonClass: 29171K(29696K)->29171K(29696K) Class: 6272K(6464K)->6272K(6464K)
[557.486s][info][gc             ] GC(1515) Pause Young (Allocation Failure) 515M->222M(531M) 1.020ms
[557.486s][info][gc,cpu         ] GC(1515) User=0.00s Sys=0.00s Real=0.01s
[557.665s][info][gc,start       ] GC(1516) Pause Young (Allocation Failure)
[557.666s][info][gc,heap        ] GC(1516) PSYoungGen: 304704K(316416K)->64K(292864K) Eden: 304640K(304640K)->0K(292352K) From: 64K(11776K)->64K(512K)
[557.666s][info][gc,heap        ] GC(1516) ParOldGen: 227266K(227328K)->227266K(227328K)
[557.666s][info][gc,metaspace   ] GC(1516) Metaspace: 35444K(36160K)->35444K(36160K) NonClass: 29171K(29696K)->29171K(29696K) Class: 6272K(6464K)->6272K(6464K)
[557.666s][info][gc             ] GC(1516) Pause Young (Allocation Failure) 519M->222M(508M) 1.264ms
[557.667s][info][gc,cpu         ] GC(1516) User=0.00s Sys=0.00s Real=0.00s
[558.088s][info][gc,start       ] GC(1517) Pause Young (Allocation Failure)
[558.090s][info][gc,heap        ] GC(1517) PSYoungGen: 292416K(292864K)->64K(281088K) Eden: 292352K(292352K)->0K(280576K) From: 64K(512K)->64K(512K)
[558.090s][info][gc,heap        ] GC(1517) ParOldGen: 227266K(227328K)->227274K(227328K)
[558.090s][info][gc,metaspace   ] GC(1517) Metaspace: 35444K(36160K)->35444K(36160K) NonClass: 29171K(29696K)->29171K(29696K) Class: 6272K(6464K)->6272K(6464K)
[558.090s][info][gc             ] GC(1517) Pause Young (Allocation Failure) 507M->222M(496M) 1.714ms
[558.090s][info][gc,cpu         ] GC(1517) User=0.01s Sys=0.00s Real=0.00s
[558.986s][info][gc,start       ] GC(1518) Pause Young (Allocation Failure)
[558.987s][info][gc,heap        ] GC(1518) PSYoungGen: 280640K(281088K)->64K(281600K) Eden: 280576K(280576K)->0K(269824K) From: 64K(512K)->64K(11776K)
[558.987s][info][gc,heap        ] GC(1518) ParOldGen: 227274K(227328K)->227282K(227328K)
[558.987s][info][gc,metaspace   ] GC(1518) Metaspace: 35444K(36160K)->35444K(36160K) NonClass: 29171K(29696K)->29171K(29696K) Class: 6272K(6464K)->6272K(6464K)
[558.987s][info][gc             ] GC(1518) Pause Young (Allocation Failure) 496M->222M(497M) 1.201ms
[558.987s][info][gc,cpu         ] GC(1518) User=0.00s Sys=0.00s Real=0.00s
[559.717s][info][gc,start       ] GC(1519) Pause Young (Allocation Failure)
[559.718s][info][gc,heap        ] GC(1519) PSYoungGen: 269888K(281600K)->32K(260096K) Eden: 269824K(269824K)->0K(259584K) From: 64K(11776K)->32K(512K)
[559.718s][info][gc,heap        ] GC(1519) ParOldGen: 227282K(227328K)->227290K(227328K)
[559.718s][info][gc,metaspace   ] GC(1519) Metaspace: 35444K(36160K)->35444K(36160K) NonClass: 29171K(29696K)->29171K(29696K) Class: 6272K(6464K)->6272K(6464K)
[559.718s][info][gc             ] GC(1519) Pause Young (Allocation Failure) 485M->221M(476M) 1.748ms
[559.718s][info][gc,cpu         ] GC(1519) User=0.00s Sys=0.00s Real=0.00s
[560.143s][info][gc,start       ] GC(1520) Pause Young (Allocation Failure)
[560.145s][info][gc,heap        ] GC(1520) PSYoungGen: 259616K(260096K)->64K(259584K) Eden: 259584K(259584K)->0K(249344K) From: 32K(512K)->64K(10240K)
[560.145s][info][gc,heap        ] GC(1520) ParOldGen: 227290K(227328K)->227298K(227328K)
[560.145s][info][gc,metaspace   ] GC(1520) Metaspace: 35444K(36160K)->35444K(36160K) NonClass: 29171K(29696K)->29171K(29696K) Class: 6272K(6464K)->6272K(6464K)
[560.145s][info][gc             ] GC(1520) Pause Young (Allocation Failure) 475M->222M(475M) 1.443ms
[560.145s][info][gc,cpu         ] GC(1520) User=0.00s Sys=0.00s Real=0.00s
[561.110s][info][gc,start       ] GC(1521) Pause Young (Allocation Failure)
[561.112s][info][gc,heap        ] GC(1521) PSYoungGen: 249408K(259584K)->32K(240128K) Eden: 249344K(249344K)->0K(239616K) From: 64K(10240K)->32K(512K)
[561.112s][info][gc,heap        ] GC(1521) ParOldGen: 227298K(227328K)->227306K(227328K)
[561.112s][info][gc,metaspace   ] GC(1521) Metaspace: 35444K(36160K)->35444K(36160K) NonClass: 29171K(29696K)->29171K(29696K) Class: 6272K(6464K)->6272K(6464K)
[561.112s][info][gc             ] GC(1521) Pause Young (Allocation Failure) 465M->222M(456M) 2.267ms
[561.112s][info][gc,cpu         ] GC(1521) User=0.00s Sys=0.00s Real=0.00s
[561.321s][info][gc,start       ] GC(1522) Pause Young (Allocation Failure)
[561.322s][info][gc,heap        ] GC(1522) PSYoungGen: 239648K(240128K)->64K(239616K) Eden: 239616K(239616K)->0K(230400K) From: 32K(512K)->64K(9216K)
[561.322s][info][gc,heap        ] GC(1522) ParOldGen: 227306K(227328K)->227314K(227328K)
[561.322s][info][gc,metaspace   ] GC(1522) Metaspace: 35444K(36160K)->35444K(36160K) NonClass: 29171K(29696K)->29171K(29696K) Class: 6272K(6464K)->6272K(6464K)
[561.323s][info][gc             ] GC(1522) Pause Young (Allocation Failure) 456M->222M(456M) 1.041ms
[561.323s][info][gc,cpu         ] GC(1522) User=0.01s Sys=0.00s Real=0.00s
[561.667s][info][gc,start       ] GC(1523) Pause Young (Allocation Failure)
[561.669s][info][gc,heap        ] GC(1523) PSYoungGen: 230464K(239616K)->64K(222208K) Eden: 230400K(230400K)->0K(221696K) From: 64K(9216K)->64K(512K)
[561.669s][info][gc,heap        ] GC(1523) ParOldGen: 227314K(227328K)->227322K(227328K)
[561.669s][info][gc,metaspace   ] GC(1523) Metaspace: 35444K(36160K)->35444K(36160K) NonClass: 29171K(29696K)->29171K(29696K) Class: 6272K(6464K)->6272K(6464K)
[561.669s][info][gc             ] GC(1523) Pause Young (Allocation Failure) 447M->222M(439M) 1.846ms
[561.669s][info][gc,cpu         ] GC(1523) User=0.00s Sys=0.00s Real=0.00s
[561.769s][info][gc,start       ] GC(1524) Pause Young (Allocation Failure)
[561.770s][info][gc,heap        ] GC(1524) PSYoungGen: 221760K(222208K)->64K(221184K) Eden: 221696K(221696K)->0K(213504K) From: 64K(512K)->64K(7680K)
[561.770s][info][gc,heap        ] GC(1524) ParOldGen: 227322K(227328K)->227330K(227840K)
[561.770s][info][gc,metaspace   ] GC(1524) Metaspace: 35444K(36160K)->35444K(36160K) NonClass: 29171K(29696K)->29171K(29696K) Class: 6272K(6464K)->6272K(6464K)
[561.770s][info][gc             ] GC(1524) Pause Young (Allocation Failure) 438M->222M(438M) 1.012ms
[561.770s][info][gc,cpu         ] GC(1524) User=0.00s Sys=0.00s Real=0.00s
[561.983s][info][gc,start       ] GC(1525) Pause Young (Allocation Failure)
[561.984s][info][gc,heap        ] GC(1525) PSYoungGen: 213568K(221184K)->64K(206336K) Eden: 213504K(213504K)->0K(205824K) From: 64K(7680K)->64K(512K)
[561.984s][info][gc,heap        ] GC(1525) ParOldGen: 227330K(227840K)->227338K(227840K)
[561.984s][info][gc,metaspace   ] GC(1525) Metaspace: 35444K(36160K)->35444K(36160K) NonClass: 29171K(29696K)->29171K(29696K) Class: 6272K(6464K)->6272K(6464K)
[561.984s][info][gc             ] GC(1525) Pause Young (Allocation Failure) 430M->222M(424M) 1.688ms
[561.984s][info][gc,cpu         ] GC(1525) User=0.00s Sys=0.00s Real=0.00s
[562.476s][info][gc,start       ] GC(1526) Pause Young (Allocation Failure)
[562.477s][info][gc,heap        ] GC(1526) PSYoungGen: 205888K(206336K)->64K(204800K) Eden: 205824K(205824K)->0K(198144K) From: 64K(512K)->64K(6656K)
[562.477s][info][gc,heap        ] GC(1526) ParOldGen: 227338K(227840K)->227346K(227840K)
[562.477s][info][gc,metaspace   ] GC(1526) Metaspace: 35444K(36160K)->35444K(36160K) NonClass: 29171K(29696K)->29171K(29696K) Class: 6272K(6464K)->6272K(6464K)
[562.477s][info][gc             ] GC(1526) Pause Young (Allocation Failure) 423M->222M(422M) 1.153ms
[562.477s][info][gc,cpu         ] GC(1526) User=0.01s Sys=0.00s Real=0.00s
[562.661s][info][gc,start       ] GC(1527) Pause Young (Allocation Failure)
[562.663s][info][gc,heap        ] GC(1527) PSYoungGen: 198206K(204800K)->64K(191488K) Eden: 198142K(198144K)->0K(190976K) From: 64K(6656K)->64K(512K)
[562.663s][info][gc,heap        ] GC(1527) ParOldGen: 227346K(227840K)->227354K(227840K)
[562.663s][info][gc,metaspace   ] GC(1527) Metaspace: 35444K(36160K)->35444K(36160K) NonClass: 29171K(29696K)->29171K(29696K) Class: 6272K(6464K)->6272K(6464K)
[562.663s][info][gc             ] GC(1527) Pause Young (Allocation Failure) 415M->222M(409M) 1.986ms
[562.663s][info][gc,cpu         ] GC(1527) User=0.00s Sys=0.00s Real=0.00s
[562.957s][info][gc,start       ] GC(1528) Pause Young (Allocation Failure)
[562.976s][info][gc,heap        ] GC(1528) PSYoungGen: 191040K(191488K)->5632K(232960K) Eden: 190976K(190976K)->0K(227328K) From: 64K(512K)->5632K(5632K)
[562.976s][info][gc,heap        ] GC(1528) ParOldGen: 227354K(227840K)->231906K(231936K)
[562.976s][info][gc,metaspace   ] GC(1528) Metaspace: 35444K(36160K)->35444K(36160K) NonClass: 29171K(29696K)->29171K(29696K) Class: 6272K(6464K)->6272K(6464K)
[562.976s][info][gc             ] GC(1528) Pause Young (Allocation Failure) 408M->231M(454M) 18.747ms
[562.976s][info][gc,cpu         ] GC(1528) User=0.04s Sys=0.01s Real=0.02s
[563.209s][info][gc,start       ] GC(1529) Pause Young (Allocation Failure)
[563.259s][info][gc,heap        ] GC(1529) PSYoungGen: 232960K(232960K)->5632K(252416K) Eden: 227328K(227328K)->0K(246784K) From: 5632K(5632K)->5632K(5632K)
[563.259s][info][gc,heap        ] GC(1529) ParOldGen: 231906K(231936K)->250434K(250880K)
[563.259s][info][gc,metaspace   ] GC(1529) Metaspace: 35444K(36160K)->35444K(36160K) NonClass: 29171K(29696K)->29171K(29696K) Class: 6272K(6464K)->6272K(6464K)
[563.259s][info][gc             ] GC(1529) Pause Young (Allocation Failure) 453M->250M(491M) 50.020ms
[563.259s][info][gc,cpu         ] GC(1529) User=0.08s Sys=0.02s Real=0.05s
[563.514s][info][gc,start       ] GC(1530) Pause Young (Allocation Failure)
[563.564s][info][gc,heap        ] GC(1530) PSYoungGen: 252416K(252416K)->16384K(263168K) Eden: 246784K(246784K)->0K(246784K) From: 5632K(5632K)->16384K(16384K)
[563.564s][info][gc,heap        ] GC(1530) ParOldGen: 250434K(250880K)->260754K(261120K)
[563.564s][info][gc,metaspace   ] GC(1530) Metaspace: 35444K(36160K)->35444K(36160K) NonClass: 29171K(29696K)->29171K(29696K) Class: 6272K(6464K)->6272K(6464K)
[563.564s][info][gc             ] GC(1530) Pause Young (Allocation Failure) 491M->270M(512M) 49.579ms
[563.564s][info][gc,cpu         ] GC(1530) User=0.08s Sys=0.01s Real=0.05s
[563.695s][info][gc,start       ] GC(1531) Pause Young (Allocation Failure)
[563.716s][info][gc,heap        ] GC(1531) PSYoungGen: 263168K(263168K)->8768K(310784K) Eden: 246784K(246784K)->0K(287232K) From: 16384K(16384K)->8768K(23552K)
[563.716s][info][gc,heap        ] GC(1531) ParOldGen: 260754K(261120K)->261122K(261632K)
[563.716s][info][gc,metaspace   ] GC(1531) Metaspace: 35444K(36160K)->35444K(36160K) NonClass: 29171K(29696K)->29171K(29696K) Class: 6272K(6464K)->6272K(6464K)
[563.716s][info][gc             ] GC(1531) Pause Young (Allocation Failure) 511M->263M(559M) 21.291ms
[563.717s][info][gc,cpu         ] GC(1531) User=0.04s Sys=0.00s Real=0.02s
[564.114s][info][gc,start       ] GC(1532) Pause Young (Allocation Failure)
[564.115s][info][gc,heap        ] GC(1532) PSYoungGen: 296000K(310784K)->64K(287744K) Eden: 287232K(287232K)->0K(287232K) From: 8768K(23552K)->64K(512K)
[564.115s][info][gc,heap        ] GC(1532) ParOldGen: 261122K(261632K)->261130K(261632K)
[564.115s][info][gc,metaspace   ] GC(1532) Metaspace: 35444K(36160K)->35444K(36160K) NonClass: 29171K(29696K)->29171K(29696K) Class: 6272K(6464K)->6272K(6464K)
[564.115s][info][gc             ] GC(1532) Pause Young (Allocation Failure) 544M->255M(536M) 1.249ms
[564.115s][info][gc,cpu         ] GC(1532) User=0.00s Sys=0.00s Real=0.01s
[564.738s][info][gc,start       ] GC(1533) Pause Young (Allocation Failure)
[564.739s][info][gc,heap        ] GC(1533) PSYoungGen: 287296K(287744K)->64K(310272K) Eden: 287232K(287232K)->0K(287744K) From: 64K(512K)->64K(22528K)
[564.739s][info][gc,heap        ] GC(1533) ParOldGen: 261130K(261632K)->261138K(261632K)
[564.739s][info][gc,metaspace   ] GC(1533) Metaspace: 35444K(36160K)->35444K(36160K) NonClass: 29171K(29696K)->29171K(29696K) Class: 6272K(6464K)->6272K(6464K)
[564.739s][info][gc             ] GC(1533) Pause Young (Allocation Failure) 535M->255M(558M) 1.227ms
[564.739s][info][gc,cpu         ] GC(1533) User=0.00s Sys=0.00s Real=0.00s
[565.195s][info][gc,start       ] GC(1534) Pause Young (Allocation Failure)
[565.196s][info][gc,heap        ] GC(1534) PSYoungGen: 287808K(310272K)->64K(309760K) Eden: 287744K(287744K)->0K(287744K) From: 64K(22528K)->64K(22016K)
[565.196s][info][gc,heap        ] GC(1534) ParOldGen: 261138K(261632K)->261154K(261632K)
[565.196s][info][gc,metaspace   ] GC(1534) Metaspace: 35444K(36160K)->35444K(36160K) NonClass: 29171K(29696K)->29171K(29696K) Class: 6272K(6464K)->6272K(6464K)
[565.196s][info][gc             ] GC(1534) Pause Young (Allocation Failure) 536M->255M(558M) 1.194ms
[565.196s][info][gc,cpu         ] GC(1534) User=0.00s Sys=0.00s Real=0.01s
[565.416s][info][gc,start       ] GC(1535) Pause Young (Allocation Failure)
[565.417s][info][gc,heap        ] GC(1535) PSYoungGen: 287808K(309760K)->64K(310784K) Eden: 287744K(287744K)->0K(290304K) From: 64K(22016K)->64K(20480K)
[565.417s][info][gc,heap        ] GC(1535) ParOldGen: 261154K(261632K)->261170K(261632K)
[565.417s][info][gc,metaspace   ] GC(1535) Metaspace: 35444K(36160K)->35444K(36160K) NonClass: 29171K(29696K)->29171K(29696K) Class: 6272K(6464K)->6272K(6464K)
[565.417s][info][gc             ] GC(1535) Pause Young (Allocation Failure) 536M->255M(559M) 1.224ms
[565.417s][info][gc,cpu         ] GC(1535) User=0.00s Sys=0.00s Real=0.00s
[565.640s][info][gc,start       ] GC(1536) Pause Young (Allocation Failure)
[565.641s][info][gc,heap        ] GC(1536) PSYoungGen: 290368K(310784K)->64K(310272K) Eden: 290304K(290304K)->0K(290304K) From: 64K(20480K)->64K(19968K)
[565.641s][info][gc,heap        ] GC(1536) ParOldGen: 261170K(261632K)->261170K(261632K)
[565.641s][info][gc,metaspace   ] GC(1536) Metaspace: 35444K(36160K)->35444K(36160K) NonClass: 29171K(29696K)->29171K(29696K) Class: 6272K(6464K)->6272K(6464K)
[565.641s][info][gc             ] GC(1536) Pause Young (Allocation Failure) 538M->255M(558M) 1.209ms
[565.641s][info][gc,cpu         ] GC(1536) User=0.01s Sys=0.00s Real=0.00s
[565.989s][info][gc,start       ] GC(1537) Pause Young (Allocation Failure)
[565.990s][info][gc,heap        ] GC(1537) PSYoungGen: 290368K(310272K)->64K(312832K) Eden: 290304K(290304K)->0K(294400K) From: 64K(19968K)->64K(18432K)
[565.990s][info][gc,heap        ] GC(1537) ParOldGen: 261170K(261632K)->261170K(261632K)
[565.990s][info][gc,metaspace   ] GC(1537) Metaspace: 35444K(36160K)->35444K(36160K) NonClass: 29171K(29696K)->29171K(29696K) Class: 6272K(6464K)->6272K(6464K)
[565.990s][info][gc             ] GC(1537) Pause Young (Allocation Failure) 538M->255M(561M) 1.190ms
[565.990s][info][gc,cpu         ] GC(1537) User=0.00s Sys=0.00s Real=0.00s
[566.113s][info][gc,start       ] GC(1538) Pause Young (Allocation Failure)
[566.114s][info][gc,heap        ] GC(1538) PSYoungGen: 294464K(312832K)->64K(312832K) Eden: 294400K(294400K)->0K(294400K) From: 64K(18432K)->64K(18432K)
[566.114s][info][gc,heap        ] GC(1538) ParOldGen: 261170K(261632K)->261178K(261632K)
[566.114s][info][gc,metaspace   ] GC(1538) Metaspace: 35444K(36160K)->35444K(36160K) NonClass: 29171K(29696K)->29171K(29696K) Class: 6272K(6464K)->6272K(6464K)
[566.114s][info][gc             ] GC(1538) Pause Young (Allocation Failure) 542M->255M(561M) 1.189ms
[566.114s][info][gc,cpu         ] GC(1538) User=0.00s Sys=0.01s Real=0.00s
[566.169s][info][gc,start       ] GC(1539) Pause Young (Allocation Failure)
[566.170s][info][gc,heap        ] GC(1539) PSYoungGen: 294464K(312832K)->64K(314368K) Eden: 294400K(294400K)->0K(297984K) From: 64K(18432K)->64K(16384K)
[566.170s][info][gc,heap        ] GC(1539) ParOldGen: 261178K(261632K)->261194K(261632K)
[566.170s][info][gc,metaspace   ] GC(1539) Metaspace: 35444K(36160K)->35444K(36160K) NonClass: 29171K(29696K)->29171K(29696K) Class: 6272K(6464K)->6272K(6464K)
[566.170s][info][gc             ] GC(1539) Pause Young (Allocation Failure) 542M->255M(562M) 1.062ms
[566.170s][info][gc,cpu         ] GC(1539) User=0.00s Sys=0.00s Real=0.00s
[566.370s][info][gc,start       ] GC(1540) Pause Young (Allocation Failure)
[566.371s][info][gc,heap        ] GC(1540) PSYoungGen: 298048K(314368K)->64K(314368K) Eden: 297984K(297984K)->0K(297984K) From: 64K(16384K)->64K(16384K)
[566.371s][info][gc,heap        ] GC(1540) ParOldGen: 261194K(261632K)->261194K(261632K)
[566.371s][info][gc,metaspace   ] GC(1540) Metaspace: 35444K(36160K)->35444K(36160K) NonClass: 29171K(29696K)->29171K(29696K) Class: 6272K(6464K)->6272K(6464K)
[566.371s][info][gc             ] GC(1540) Pause Young (Allocation Failure) 546M->255M(562M) 1.160ms
[566.371s][info][gc,cpu         ] GC(1540) User=0.01s Sys=0.00s Real=0.00s
[566.705s][info][gc,start       ] GC(1541) Pause Young (Allocation Failure)
[566.706s][info][gc,heap        ] GC(1541) PSYoungGen: 298048K(314368K)->64K(315904K) Eden: 297984K(297984K)->0K(301568K) From: 64K(16384K)->64K(14336K)
[566.706s][info][gc,heap        ] GC(1541) ParOldGen: 261194K(261632K)->261202K(261632K)
[566.706s][info][gc,metaspace   ] GC(1541) Metaspace: 35444K(36160K)->35444K(36160K) NonClass: 29171K(29696K)->29171K(29696K) Class: 6272K(6464K)->6272K(6464K)
[566.706s][info][gc             ] GC(1541) Pause Young (Allocation Failure) 546M->255M(564M) 1.144ms
[566.706s][info][gc,cpu         ] GC(1541) User=0.00s Sys=0.00s Real=0.01s
[566.869s][info][gc,start       ] GC(1542) Pause Young (Allocation Failure)
[566.870s][info][gc,heap        ] GC(1542) PSYoungGen: 301632K(315904K)->64K(316416K) Eden: 301568K(301568K)->0K(301568K) From: 64K(14336K)->64K(14848K)
[566.870s][info][gc,heap        ] GC(1542) ParOldGen: 261202K(261632K)->261210K(261632K)
[566.870s][info][gc,metaspace   ] GC(1542) Metaspace: 35444K(36160K)->35444K(36160K) NonClass: 29171K(29696K)->29171K(29696K) Class: 6272K(6464K)->6272K(6464K)
[566.870s][info][gc             ] GC(1542) Pause Young (Allocation Failure) 549M->255M(564M) 1.193ms
[566.870s][info][gc,cpu         ] GC(1542) User=0.00s Sys=0.00s Real=0.00s
[566.950s][info][gc,start       ] GC(1543) Pause Young (Allocation Failure)
[566.951s][info][gc,heap        ] GC(1543) PSYoungGen: 301632K(316416K)->64K(318464K) Eden: 301568K(301568K)->0K(305152K) From: 64K(14848K)->64K(13312K)
[566.951s][info][gc,heap        ] GC(1543) ParOldGen: 261210K(261632K)->261226K(261632K)
[566.951s][info][gc,metaspace   ] GC(1543) Metaspace: 35444K(36160K)->35444K(36160K) NonClass: 29171K(29696K)->29171K(29696K) Class: 6272K(6464K)->6272K(6464K)
[566.951s][info][gc             ] GC(1543) Pause Young (Allocation Failure) 549M->255M(566M) 1.130ms
[566.951s][info][gc,cpu         ] GC(1543) User=0.01s Sys=0.00s Real=0.00s
[567.144s][info][gc,start       ] GC(1544) Pause Young (Allocation Failure)
[567.145s][info][gc,heap        ] GC(1544) PSYoungGen: 305216K(318464K)->64K(318464K) Eden: 305152K(305152K)->0K(305152K) From: 64K(13312K)->64K(13312K)
[567.145s][info][gc,heap        ] GC(1544) ParOldGen: 261226K(261632K)->261226K(261632K)
[567.145s][info][gc,metaspace   ] GC(1544) Metaspace: 35444K(36160K)->35444K(36160K) NonClass: 29171K(29696K)->29171K(29696K) Class: 6272K(6464K)->6272K(6464K)
[567.145s][info][gc             ] GC(1544) Pause Young (Allocation Failure) 553M->255M(566M) 1.119ms
[567.145s][info][gc,cpu         ] GC(1544) User=0.01s Sys=0.00s Real=0.01s
[568.137s][info][gc,start       ] GC(1545) Pause Young (Allocation Failure)
[568.139s][info][gc,heap        ] GC(1545) PSYoungGen: 305216K(318464K)->83K(293376K) Eden: 305152K(305152K)->0K(292864K) From: 64K(13312K)->83K(512K)
[568.139s][info][gc,heap        ] GC(1545) ParOldGen: 261226K(261632K)->261234K(261632K)
[568.139s][info][gc,metaspace   ] GC(1545) Metaspace: 35444K(36160K)->35444K(36160K) NonClass: 29171K(29696K)->29171K(29696K) Class: 6272K(6464K)->6272K(6464K)
[568.139s][info][gc             ] GC(1545) Pause Young (Allocation Failure) 553M->255M(542M) 1.261ms
[568.139s][info][gc,cpu         ] GC(1545) User=0.01s Sys=0.00s Real=0.00s
[569.011s][info][gc,start       ] GC(1546) Pause Young (Allocation Failure)
[569.012s][info][gc,heap        ] GC(1546) PSYoungGen: 292947K(293376K)->64K(292864K) Eden: 292864K(292864K)->0K(281088K) From: 83K(512K)->64K(11776K)
[569.012s][info][gc,heap        ] GC(1546) ParOldGen: 261234K(261632K)->261242K(261632K)
[569.012s][info][gc,metaspace   ] GC(1546) Metaspace: 35444K(36160K)->35444K(36160K) NonClass: 29171K(29696K)->29171K(29696K) Class: 6272K(6464K)->6272K(6464K)
[569.012s][info][gc             ] GC(1546) Pause Young (Allocation Failure) 541M->255M(541M) 1.267ms
[569.012s][info][gc,cpu         ] GC(1546) User=0.00s Sys=0.00s Real=0.00s
[569.236s][info][gc,start       ] GC(1547) Pause Young (Allocation Failure)
[569.238s][info][gc,heap        ] GC(1547) PSYoungGen: 281152K(292864K)->64K(270336K) Eden: 281088K(281088K)->0K(269824K) From: 64K(11776K)->64K(512K)
[569.238s][info][gc,heap        ] GC(1547) ParOldGen: 261242K(261632K)->261250K(261632K)
[569.238s][info][gc,metaspace   ] GC(1547) Metaspace: 35444K(36160K)->35444K(36160K) NonClass: 29171K(29696K)->29171K(29696K) Class: 6272K(6464K)->6272K(6464K)
[569.238s][info][gc             ] GC(1547) Pause Young (Allocation Failure) 529M->255M(519M) 1.835ms
[569.238s][info][gc,cpu         ] GC(1547) User=0.00s Sys=0.00s Real=0.00s
[569.655s][info][gc,start       ] GC(1548) Pause Young (Allocation Failure)
[569.656s][info][gc,heap        ] GC(1548) PSYoungGen: 269888K(270336K)->64K(269824K) Eden: 269824K(269824K)->0K(259584K) From: 64K(512K)->64K(10240K)
[569.657s][info][gc,heap        ] GC(1548) ParOldGen: 261250K(261632K)->261258K(261632K)
[569.657s][info][gc,metaspace   ] GC(1548) Metaspace: 35444K(36160K)->35444K(36160K) NonClass: 29171K(29696K)->29171K(29696K) Class: 6272K(6464K)->6272K(6464K)
[569.657s][info][gc             ] GC(1548) Pause Young (Allocation Failure) 518M->255M(519M) 1.225ms
[569.657s][info][gc,cpu         ] GC(1548) User=0.00s Sys=0.00s Real=0.00s
[570.623s][info][gc,start       ] GC(1549) Pause Young (Allocation Failure)
[570.625s][info][gc,heap        ] GC(1549) PSYoungGen: 259648K(269824K)->64K(249856K) Eden: 259584K(259584K)->0K(249344K) From: 64K(10240K)->64K(512K)
[570.625s][info][gc,heap        ] GC(1549) ParOldGen: 261258K(261632K)->261266K(261632K)
[570.625s][info][gc,metaspace   ] GC(1549) Metaspace: 35444K(36160K)->35444K(36160K) NonClass: 29171K(29696K)->29171K(29696K) Class: 6272K(6464K)->6272K(6464K)
[570.625s][info][gc             ] GC(1549) Pause Young (Allocation Failure) 508M->255M(499M) 1.526ms
[570.625s][info][gc,cpu         ] GC(1549) User=0.01s Sys=0.00s Real=0.00s
[571.008s][info][gc,start       ] GC(1550) Pause Young (Allocation Failure)
[571.010s][info][gc,heap        ] GC(1550) PSYoungGen: 249408K(249856K)->64K(248320K) Eden: 249344K(249344K)->0K(239616K) From: 64K(512K)->64K(8704K)
[571.010s][info][gc,heap        ] GC(1550) ParOldGen: 261266K(261632K)->261274K(261632K)
[571.010s][info][gc,metaspace   ] GC(1550) Metaspace: 35444K(36160K)->35444K(36160K) NonClass: 29171K(29696K)->29171K(29696K) Class: 6272K(6464K)->6272K(6464K)
[571.010s][info][gc             ] GC(1550) Pause Young (Allocation Failure) 498M->255M(498M) 1.964ms
[571.010s][info][gc,cpu         ] GC(1550) User=0.00s Sys=0.00s Real=0.00s
[571.193s][info][gc,start       ] GC(1551) Pause Young (Allocation Failure)
[571.195s][info][gc,heap        ] GC(1551) PSYoungGen: 239680K(248320K)->64K(230912K) Eden: 239616K(239616K)->0K(230400K) From: 64K(8704K)->64K(512K)
[571.195s][info][gc,heap        ] GC(1551) ParOldGen: 261274K(261632K)->261282K(261632K)
[571.195s][info][gc,metaspace   ] GC(1551) Metaspace: 35444K(36160K)->35444K(36160K) NonClass: 29171K(29696K)->29171K(29696K) Class: 6272K(6464K)->6272K(6464K)
[571.195s][info][gc             ] GC(1551) Pause Young (Allocation Failure) 489M->255M(481M) 2.540ms
[571.195s][info][gc,cpu         ] GC(1551) User=0.00s Sys=0.00s Real=0.00s
[571.272s][info][gc,start       ] GC(1552) Pause Young (Allocation Failure)
[571.274s][info][gc,heap        ] GC(1552) PSYoungGen: 230464K(230912K)->64K(279552K) Eden: 230400K(230400K)->0K(271872K) From: 64K(512K)->64K(7680K)
[571.274s][info][gc,heap        ] GC(1552) ParOldGen: 261282K(261632K)->261290K(261632K)
[571.274s][info][gc,metaspace   ] GC(1552) Metaspace: 35444K(36160K)->35444K(36160K) NonClass: 29171K(29696K)->29171K(29696K) Class: 6272K(6464K)->6272K(6464K)
[571.274s][info][gc             ] GC(1552) Pause Young (Allocation Failure) 480M->255M(528M) 1.931ms
[571.274s][info][gc,cpu         ] GC(1552) User=0.00s Sys=0.00s Real=0.00s
[571.909s][info][gc,start       ] GC(1553) Pause Young (Allocation Failure)
[571.912s][info][gc,heap        ] GC(1553) PSYoungGen: 271936K(279552K)->64K(261632K) Eden: 271872K(271872K)->0K(261120K) From: 64K(7680K)->64K(512K)
[571.912s][info][gc,heap        ] GC(1553) ParOldGen: 261290K(261632K)->261298K(261632K)
[571.912s][info][gc,metaspace   ] GC(1553) Metaspace: 35444K(36160K)->35444K(36160K) NonClass: 29171K(29696K)->29171K(29696K) Class: 6272K(6464K)->6272K(6464K)
[571.912s][info][gc             ] GC(1553) Pause Young (Allocation Failure) 520M->255M(511M) 2.550ms
[571.912s][info][gc,cpu         ] GC(1553) User=0.00s Sys=0.00s Real=0.00s
[572.167s][info][gc,start       ] GC(1554) Pause Young (Allocation Failure)
[572.168s][info][gc,heap        ] GC(1554) PSYoungGen: 261184K(261632K)->64K(257536K) Eden: 261120K(261120K)->0K(250880K) From: 64K(512K)->64K(6656K)
[572.168s][info][gc,heap        ] GC(1554) ParOldGen: 261298K(261632K)->261306K(261632K)
[572.168s][info][gc,metaspace   ] GC(1554) Metaspace: 35444K(36160K)->35444K(36160K) NonClass: 29171K(29696K)->29171K(29696K) Class: 6272K(6464K)->6272K(6464K)
[572.168s][info][gc             ] GC(1554) Pause Young (Allocation Failure) 510M->255M(507M) 1.924ms
[572.168s][info][gc,cpu         ] GC(1554) User=0.00s Sys=0.00s Real=0.00s
[572.500s][info][gc,start       ] GC(1555) Pause Young (Allocation Failure)
[572.542s][info][gc,heap        ] GC(1555) PSYoungGen: 250944K(257536K)->6144K(273920K) Eden: 250880K(250880K)->0K(267776K) From: 64K(6656K)->6144K(6144K)
[572.542s][info][gc,heap        ] GC(1555) ParOldGen: 261306K(261632K)->275586K(275968K)
[572.542s][info][gc,metaspace   ] GC(1555) Metaspace: 35444K(36160K)->35444K(36160K) NonClass: 29171K(29696K)->29171K(29696K) Class: 6272K(6464K)->6272K(6464K)
[572.542s][info][gc             ] GC(1555) Pause Young (Allocation Failure) 500M->275M(537M) 41.594ms
[572.542s][info][gc,cpu         ] GC(1555) User=0.06s Sys=0.02s Real=0.04s
[572.823s][info][gc,start       ] GC(1556) Pause Young (Allocation Failure)
[572.880s][info][gc,heap        ] GC(1556) PSYoungGen: 273920K(273920K)->12800K(280576K) Eden: 267776K(267776K)->0K(267776K) From: 6144K(6144K)->12800K(12800K)
[572.880s][info][gc,heap        ] GC(1556) ParOldGen: 275586K(275968K)->291562K(291840K)
[572.880s][info][gc,metaspace   ] GC(1556) Metaspace: 35444K(36160K)->35444K(36160K) NonClass: 29171K(29696K)->29171K(29696K) Class: 6272K(6464K)->6272K(6464K)
[572.880s][info][gc             ] GC(1556) Pause Young (Allocation Failure) 536M->297M(559M) 57.264ms
[572.881s][info][gc,cpu         ] GC(1556) User=0.11s Sys=0.01s Real=0.06s
[573.097s][info][gc,start       ] GC(1557) Pause Young (Allocation Failure)
[573.143s][info][gc,heap        ] GC(1557) PSYoungGen: 280576K(280576K)->20288K(304128K) Eden: 267776K(267776K)->0K(282624K) From: 12800K(12800K)->20288K(21504K)
[573.143s][info][gc,heap        ] GC(1557) ParOldGen: 291562K(291840K)->292154K(292352K)
[573.143s][info][gc,metaspace   ] GC(1557) Metaspace: 35444K(36160K)->35444K(36160K) NonClass: 29171K(29696K)->29171K(29696K) Class: 6272K(6464K)->6272K(6464K)
[573.143s][info][gc             ] GC(1557) Pause Young (Allocation Failure) 558M->305M(582M) 45.760ms
[573.143s][info][gc,cpu         ] GC(1557) User=0.07s Sys=0.02s Real=0.04s
[573.309s][info][gc,start       ] GC(1558) Pause Young (Allocation Failure)
[573.310s][info][gc,heap        ] GC(1558) PSYoungGen: 302912K(304128K)->64K(308224K) Eden: 282624K(282624K)->0K(282624K) From: 20288K(21504K)->64K(25600K)
[573.310s][info][gc,heap        ] GC(1558) ParOldGen: 292154K(292352K)->292162K(292352K)
[573.310s][info][gc,metaspace   ] GC(1558) Metaspace: 35444K(36160K)->35444K(36160K) NonClass: 29171K(29696K)->29171K(29696K) Class: 6272K(6464K)->6272K(6464K)
[573.310s][info][gc             ] GC(1558) Pause Young (Allocation Failure) 581M->285M(586M) 1.199ms
[573.310s][info][gc,cpu         ] GC(1558) User=0.00s Sys=0.00s Real=0.00s
[574.013s][info][gc,start       ] GC(1559) Pause Young (Allocation Failure)
[574.015s][info][gc,heap        ] GC(1559) PSYoungGen: 282688K(308224K)->32K(305664K) Eden: 282624K(282624K)->0K(283136K) From: 64K(25600K)->32K(22528K)
[574.015s][info][gc,heap        ] GC(1559) ParOldGen: 292162K(292352K)->292178K(292352K)
[574.015s][info][gc,metaspace   ] GC(1559) Metaspace: 35444K(36160K)->35444K(36160K) NonClass: 29171K(29696K)->29171K(29696K) Class: 6272K(6464K)->6272K(6464K)
[574.015s][info][gc             ] GC(1559) Pause Young (Allocation Failure) 561M->285M(584M) 1.373ms
[574.015s][info][gc,cpu         ] GC(1559) User=0.00s Sys=0.00s Real=0.00s
[574.300s][info][gc,start       ] GC(1560) Pause Young (Allocation Failure)
[574.302s][info][gc,heap        ] GC(1560) PSYoungGen: 283168K(305664K)->64K(307200K) Eden: 283136K(283136K)->0K(283136K) From: 32K(22528K)->64K(24064K)
[574.302s][info][gc,heap        ] GC(1560) ParOldGen: 292178K(292352K)->292178K(292352K)
[574.302s][info][gc,metaspace   ] GC(1560) Metaspace: 35444K(36160K)->35444K(36160K) NonClass: 29171K(29696K)->29171K(29696K) Class: 6272K(6464K)->6272K(6464K)
[574.302s][info][gc             ] GC(1560) Pause Young (Allocation Failure) 561M->285M(585M) 1.236ms
[574.302s][info][gc,cpu         ] GC(1560) User=0.00s Sys=0.00s Real=0.00s
[574.758s][info][gc,start       ] GC(1561) Pause Young (Allocation Failure)
[574.759s][info][gc,heap        ] GC(1561) PSYoungGen: 283200K(307200K)->64K(307200K) Eden: 283136K(283136K)->0K(286720K) From: 64K(24064K)->64K(20480K)
[574.759s][info][gc,heap        ] GC(1561) ParOldGen: 292178K(292352K)->292194K(292352K)
[574.759s][info][gc,metaspace   ] GC(1561) Metaspace: 35444K(36160K)->35444K(36160K) NonClass: 29171K(29696K)->29171K(29696K) Class: 6272K(6464K)->6272K(6464K)
[574.759s][info][gc             ] GC(1561) Pause Young (Allocation Failure) 561M->285M(585M) 1.303ms
[574.759s][info][gc,cpu         ] GC(1561) User=0.01s Sys=0.00s Real=0.00s
[574.974s][info][gc,start       ] GC(1562) Pause Young (Allocation Failure)
[574.975s][info][gc,heap        ] GC(1562) PSYoungGen: 286784K(307200K)->64K(308736K) Eden: 286720K(286720K)->0K(286720K) From: 64K(20480K)->64K(22016K)
[574.975s][info][gc,heap        ] GC(1562) ParOldGen: 292194K(292352K)->292210K(292352K)
[574.975s][info][gc,metaspace   ] GC(1562) Metaspace: 35444K(36160K)->35444K(36160K) NonClass: 29171K(29696K)->29171K(29696K) Class: 6272K(6464K)->6272K(6464K)
[574.975s][info][gc             ] GC(1562) Pause Young (Allocation Failure) 565M->285M(587M) 1.240ms
[574.975s][info][gc,cpu         ] GC(1562) User=0.00s Sys=0.00s Real=0.00s
[575.187s][info][gc,start       ] GC(1563) Pause Young (Allocation Failure)
[575.188s][info][gc,heap        ] GC(1563) PSYoungGen: 286784K(308736K)->64K(309248K) Eden: 286720K(286720K)->0K(290816K) From: 64K(22016K)->64K(18432K)
[575.188s][info][gc,heap        ] GC(1563) ParOldGen: 292210K(292352K)->292210K(292352K)
[575.188s][info][gc,metaspace   ] GC(1563) Metaspace: 35444K(36160K)->35444K(36160K) NonClass: 29171K(29696K)->29171K(29696K) Class: 6272K(6464K)->6272K(6464K)
[575.188s][info][gc             ] GC(1563) Pause Young (Allocation Failure) 565M->285M(587M) 1.119ms
[575.188s][info][gc,cpu         ] GC(1563) User=0.00s Sys=0.00s Real=0.00s
[575.493s][info][gc,start       ] GC(1564) Pause Young (Allocation Failure)
[575.494s][info][gc,heap        ] GC(1564) PSYoungGen: 290880K(309248K)->64K(310784K) Eden: 290816K(290816K)->0K(290816K) From: 64K(18432K)->64K(19968K)
[575.494s][info][gc,heap        ] GC(1564) ParOldGen: 292210K(292352K)->292210K(292352K)
[575.494s][info][gc,metaspace   ] GC(1564) Metaspace: 35444K(36160K)->35444K(36160K) NonClass: 29171K(29696K)->29171K(29696K) Class: 6272K(6464K)->6272K(6464K)
[575.494s][info][gc             ] GC(1564) Pause Young (Allocation Failure) 569M->285M(589M) 1.105ms
[575.494s][info][gc,cpu         ] GC(1564) User=0.01s Sys=0.00s Real=0.00s
[575.546s][info][gc,start       ] GC(1565) Pause Young (Allocation Failure)
[575.547s][info][gc,heap        ] GC(1565) PSYoungGen: 290880K(310784K)->64K(311296K) Eden: 290816K(290816K)->0K(294912K) From: 64K(19968K)->64K(16384K)
[575.547s][info][gc,heap        ] GC(1565) ParOldGen: 292210K(292352K)->292226K(292352K)
[575.547s][info][gc,metaspace   ] GC(1565) Metaspace: 35444K(36160K)->35444K(36160K) NonClass: 29171K(29696K)->29171K(29696K) Class: 6272K(6464K)->6272K(6464K)
[575.547s][info][gc             ] GC(1565) Pause Young (Allocation Failure) 569M->285M(589M) 1.042ms
[575.547s][info][gc,cpu         ] GC(1565) User=0.00s Sys=0.00s Real=0.00s
[575.620s][info][gc,start       ] GC(1566) Pause Young (Allocation Failure)
[575.621s][info][gc,heap        ] GC(1566) PSYoungGen: 294976K(311296K)->64K(312832K) Eden: 294912K(294912K)->0K(294912K) From: 64K(16384K)->64K(17920K)
[575.621s][info][gc,heap        ] GC(1566) ParOldGen: 292226K(292352K)->292226K(292352K)
[575.621s][info][gc,metaspace   ] GC(1566) Metaspace: 35444K(36160K)->35444K(36160K) NonClass: 29171K(29696K)->29171K(29696K) Class: 6272K(6464K)->6272K(6464K)
[575.621s][info][gc             ] GC(1566) Pause Young (Allocation Failure) 573M->285M(591M) 1.154ms
[575.621s][info][gc,cpu         ] GC(1566) User=0.00s Sys=0.00s Real=0.00s
[575.962s][info][gc,start       ] GC(1567) Pause Young (Allocation Failure)
[575.963s][info][gc,heap        ] GC(1567) PSYoungGen: 294976K(312832K)->64K(313344K) Eden: 294912K(294912K)->0K(299008K) From: 64K(17920K)->64K(14336K)
[575.963s][info][gc,heap        ] GC(1567) ParOldGen: 292226K(292352K)->292242K(292352K)
[575.963s][info][gc,metaspace   ] GC(1567) Metaspace: 35444K(36160K)->35444K(36160K) NonClass: 29171K(29696K)->29171K(29696K) Class: 6272K(6464K)->6272K(6464K)
[575.963s][info][gc             ] GC(1567) Pause Young (Allocation Failure) 573M->285M(591M) 1.072ms
[575.963s][info][gc,cpu         ] GC(1567) User=0.00s Sys=0.00s Real=0.00s
[576.209s][info][gc,start       ] GC(1568) Pause Young (Allocation Failure)
[576.210s][info][gc,heap        ] GC(1568) PSYoungGen: 299072K(313344K)->64K(314880K) Eden: 299008K(299008K)->0K(299008K) From: 64K(14336K)->64K(15872K)
[576.210s][info][gc,heap        ] GC(1568) ParOldGen: 292242K(292352K)->292242K(292352K)
[576.210s][info][gc,metaspace   ] GC(1568) Metaspace: 35444K(36160K)->35444K(36160K) NonClass: 29171K(29696K)->29171K(29696K) Class: 6272K(6464K)->6272K(6464K)
[576.210s][info][gc             ] GC(1568) Pause Young (Allocation Failure) 577M->285M(593M) 1.126ms
[576.210s][info][gc,cpu         ] GC(1568) User=0.00s Sys=0.00s Real=0.00s
[576.294s][info][gc,start       ] GC(1569) Pause Young (Allocation Failure)
[576.295s][info][gc,heap        ] GC(1569) PSYoungGen: 299072K(314880K)->64K(315392K) Eden: 299008K(299008K)->0K(302592K) From: 64K(15872K)->64K(12800K)
[576.295s][info][gc,heap        ] GC(1569) ParOldGen: 292242K(292352K)->292250K(292352K)
[576.295s][info][gc,metaspace   ] GC(1569) Metaspace: 35444K(36160K)->35444K(36160K) NonClass: 29171K(29696K)->29171K(29696K) Class: 6272K(6464K)->6272K(6464K)
[576.295s][info][gc             ] GC(1569) Pause Young (Allocation Failure) 577M->285M(593M) 1.031ms
[576.295s][info][gc,cpu         ] GC(1569) User=0.01s Sys=0.00s Real=0.00s
[576.433s][info][gc,start       ] GC(1570) Pause Young (Allocation Failure)
[576.434s][info][gc,heap        ] GC(1570) PSYoungGen: 302656K(315392K)->64K(316928K) Eden: 302592K(302592K)->0K(302592K) From: 64K(12800K)->64K(14336K)
[576.434s][info][gc,heap        ] GC(1570) ParOldGen: 292250K(292352K)->292258K(292352K)
[576.434s][info][gc,metaspace   ] GC(1570) Metaspace: 35444K(36160K)->35444K(36160K) NonClass: 29171K(29696K)->29171K(29696K) Class: 6272K(6464K)->6272K(6464K)
[576.434s][info][gc             ] GC(1570) Pause Young (Allocation Failure) 580M->285M(595M) 1.114ms
[576.434s][info][gc,cpu         ] GC(1570) User=0.00s Sys=0.00s Real=0.00s
[576.803s][info][gc,start       ] GC(1571) Pause Young (Allocation Failure)
[576.805s][info][gc,heap        ] GC(1571) PSYoungGen: 302656K(316928K)->64K(290816K) Eden: 302592K(302592K)->0K(290304K) From: 64K(14336K)->64K(512K)
[576.805s][info][gc,heap        ] GC(1571) ParOldGen: 292258K(292352K)->292266K(292352K)
[576.805s][info][gc,metaspace   ] GC(1571) Metaspace: 35444K(36160K)->35444K(36160K) NonClass: 29171K(29696K)->29171K(29696K) Class: 6272K(6464K)->6272K(6464K)
[576.805s][info][gc             ] GC(1571) Pause Young (Allocation Failure) 580M->285M(569M) 1.796ms
[576.805s][info][gc,cpu         ] GC(1571) User=0.00s Sys=0.00s Real=0.00s
[577.511s][info][gc,start       ] GC(1572) Pause Young (Allocation Failure)
[577.512s][info][gc,heap        ] GC(1572) PSYoungGen: 290368K(290816K)->64K(291328K) Eden: 290304K(290304K)->0K(279040K) From: 64K(512K)->64K(12288K)
[577.512s][info][gc,heap        ] GC(1572) ParOldGen: 292266K(292352K)->292274K(292352K)
[577.512s][info][gc,metaspace   ] GC(1572) Metaspace: 35444K(36160K)->35444K(36160K) NonClass: 29171K(29696K)->29171K(29696K) Class: 6272K(6464K)->6272K(6464K)
[577.512s][info][gc             ] GC(1572) Pause Young (Allocation Failure) 568M->285M(570M) 1.142ms
[577.512s][info][gc,cpu         ] GC(1572) User=0.00s Sys=0.01s Real=0.00s
[578.425s][info][gc,start       ] GC(1573) Pause Young (Allocation Failure)
[578.427s][info][gc,heap        ] GC(1573) PSYoungGen: 279104K(291328K)->64K(268800K) Eden: 279040K(279040K)->0K(268288K) From: 64K(12288K)->64K(512K)
[578.427s][info][gc,heap        ] GC(1573) ParOldGen: 292274K(292352K)->292282K(292352K)
[578.427s][info][gc,metaspace   ] GC(1573) Metaspace: 35444K(36160K)->35444K(36160K) NonClass: 29171K(29696K)->29171K(29696K) Class: 6272K(6464K)->6272K(6464K)
[578.427s][info][gc             ] GC(1573) Pause Young (Allocation Failure) 557M->285M(548M) 1.756ms
[578.427s][info][gc,cpu         ] GC(1573) User=0.01s Sys=0.00s Real=0.00s
[578.791s][info][gc,start       ] GC(1574) Pause Young (Allocation Failure)
[578.792s][info][gc,heap        ] GC(1574) PSYoungGen: 268352K(268800K)->64K(268800K) Eden: 268288K(268288K)->0K(258048K) From: 64K(512K)->64K(10752K)
[578.792s][info][gc,heap        ] GC(1574) ParOldGen: 292282K(292352K)->292290K(292352K)
[578.792s][info][gc,metaspace   ] GC(1574) Metaspace: 35444K(36160K)->35444K(36160K) NonClass: 29171K(29696K)->29171K(29696K) Class: 6272K(6464K)->6272K(6464K)
[578.792s][info][gc             ] GC(1574) Pause Young (Allocation Failure) 547M->285M(548M) 1.201ms
[578.792s][info][gc,cpu         ] GC(1574) User=0.00s Sys=0.00s Real=0.00s
[579.105s][info][gc,start       ] GC(1575) Pause Young (Allocation Failure)
[579.107s][info][gc,heap        ] GC(1575) PSYoungGen: 258112K(268800K)->64K(248832K) Eden: 258048K(258048K)->0K(248320K) From: 64K(10752K)->64K(512K)
[579.107s][info][gc,heap        ] GC(1575) ParOldGen: 292290K(292352K)->292306K(292352K)
[579.107s][info][gc,metaspace   ] GC(1575) Metaspace: 35444K(36160K)->35444K(36160K) NonClass: 29171K(29696K)->29171K(29696K) Class: 6272K(6464K)->6272K(6464K)
[579.107s][info][gc             ] GC(1575) Pause Young (Allocation Failure) 537M->285M(528M) 2.246ms
[579.107s][info][gc,cpu         ] GC(1575) User=0.00s Sys=0.00s Real=0.01s
[580.026s][info][gc,start       ] GC(1576) Pause Young (Allocation Failure)
[580.028s][info][gc,heap        ] GC(1576) PSYoungGen: 248384K(248832K)->64K(248832K) Eden: 248320K(248320K)->0K(239104K) From: 64K(512K)->64K(9728K)
[580.028s][info][gc,heap        ] GC(1576) ParOldGen: 292306K(292352K)->292314K(292352K)
[580.028s][info][gc,metaspace   ] GC(1576) Metaspace: 35444K(36160K)->35444K(36160K) NonClass: 29171K(29696K)->29171K(29696K) Class: 6272K(6464K)->6272K(6464K)
[580.028s][info][gc             ] GC(1576) Pause Young (Allocation Failure) 528M->285M(528M) 1.932ms
[580.028s][info][gc,cpu         ] GC(1576) User=0.00s Sys=0.00s Real=0.00s
[580.352s][info][gc,start       ] GC(1577) Pause Young (Allocation Failure)
[580.354s][info][gc,heap        ] GC(1577) PSYoungGen: 239168K(248832K)->64K(230400K) Eden: 239104K(239104K)->0K(229888K) From: 64K(9728K)->64K(512K)
[580.354s][info][gc,heap        ] GC(1577) ParOldGen: 292314K(292352K)->292322K(292352K)
[580.354s][info][gc,metaspace   ] GC(1577) Metaspace: 35444K(36160K)->35444K(36160K) NonClass: 29171K(29696K)->29171K(29696K) Class: 6272K(6464K)->6272K(6464K)
[580.354s][info][gc             ] GC(1577) Pause Young (Allocation Failure) 519M->285M(510M) 2.610ms
[580.354s][info][gc,cpu         ] GC(1577) User=0.00s Sys=0.00s Real=0.00s
[580.486s][info][gc,start       ] GC(1578) Pause Young (Allocation Failure)
[580.487s][info][gc,heap        ] GC(1578) PSYoungGen: 229952K(230400K)->64K(229376K) Eden: 229888K(229888K)->0K(221184K) From: 64K(512K)->64K(8192K)
[580.487s][info][gc,heap        ] GC(1578) ParOldGen: 292322K(292352K)->292330K(292352K)
[580.487s][info][gc,metaspace   ] GC(1578) Metaspace: 35444K(36160K)->35444K(36160K) NonClass: 29171K(29696K)->29171K(29696K) Class: 6272K(6464K)->6272K(6464K)
[580.487s][info][gc             ] GC(1578) Pause Young (Allocation Failure) 510M->285M(509M) 1.063ms
[580.487s][info][gc,cpu         ] GC(1578) User=0.01s Sys=0.00s Real=0.00s
[580.651s][info][gc,start       ] GC(1579) Pause Young (Allocation Failure)
[580.653s][info][gc,heap        ] GC(1579) PSYoungGen: 221248K(229376K)->64K(213504K) Eden: 221184K(221184K)->0K(212992K) From: 64K(8192K)->64K(512K)
[580.653s][info][gc,heap        ] GC(1579) ParOldGen: 292330K(292352K)->292346K(292352K)
[580.653s][info][gc,metaspace   ] GC(1579) Metaspace: 35444K(36160K)->35444K(36160K) NonClass: 29171K(29696K)->29171K(29696K) Class: 6272K(6464K)->6272K(6464K)
[580.653s][info][gc             ] GC(1579) Pause Young (Allocation Failure) 501M->285M(494M) 2.427ms
[580.653s][info][gc,cpu         ] GC(1579) User=0.00s Sys=0.00s Real=0.00s
[581.170s][info][gc,start       ] GC(1580) Pause Young (Allocation Failure)
[581.171s][info][gc,heap        ] GC(1580) PSYoungGen: 213056K(213504K)->64K(212480K) Eden: 212992K(212992K)->0K(205312K) From: 64K(512K)->64K(7168K)
[581.171s][info][gc,heap        ] GC(1580) ParOldGen: 292346K(292352K)->292362K(292864K)
[581.171s][info][gc,metaspace   ] GC(1580) Metaspace: 35444K(36160K)->35444K(36160K) NonClass: 29171K(29696K)->29171K(29696K) Class: 6272K(6464K)->6272K(6464K)
[581.172s][info][gc             ] GC(1580) Pause Young (Allocation Failure) 493M->285M(493M) 1.906ms
[581.172s][info][gc,cpu         ] GC(1580) User=0.00s Sys=0.00s Real=0.00s
[581.348s][info][gc,start       ] GC(1581) Pause Young (Allocation Failure)
[581.351s][info][gc,heap        ] GC(1581) PSYoungGen: 205376K(212480K)->32K(198144K) Eden: 205312K(205312K)->0K(197632K) From: 64K(7168K)->32K(512K)
[581.351s][info][gc,heap        ] GC(1581) ParOldGen: 292362K(292864K)->292370K(292864K)
[581.351s][info][gc,metaspace   ] GC(1581) Metaspace: 35444K(36160K)->35444K(36160K) NonClass: 29171K(29696K)->29171K(29696K) Class: 6272K(6464K)->6272K(6464K)
[581.351s][info][gc             ] GC(1581) Pause Young (Allocation Failure) 486M->285M(479M) 2.358ms
[581.351s][info][gc,cpu         ] GC(1581) User=0.00s Sys=0.00s Real=0.00s
[581.646s][info][gc,start       ] GC(1582) Pause Young (Allocation Failure)
[581.666s][info][gc,heap        ] GC(1582) PSYoungGen: 197664K(198144K)->6144K(241664K) Eden: 197632K(197632K)->0K(235520K) From: 32K(512K)->6144K(6144K)
[581.667s][info][gc,heap        ] GC(1582) ParOldGen: 292370K(292864K)->296722K(296960K)
[581.667s][info][gc,metaspace   ] GC(1582) Metaspace: 35444K(36160K)->35444K(36160K) NonClass: 29171K(29696K)->29171K(29696K) Class: 6272K(6464K)->6272K(6464K)
[581.667s][info][gc             ] GC(1582) Pause Young (Allocation Failure) 478M->295M(526M) 20.545ms
[581.667s][info][gc,cpu         ] GC(1582) User=0.03s Sys=0.00s Real=0.02s
[581.901s][info][gc,start       ] GC(1583) Pause Young (Allocation Failure)
[581.951s][info][gc,heap        ] GC(1583) PSYoungGen: 241664K(241664K)->6144K(260608K) Eden: 235520K(235520K)->0K(254464K) From: 6144K(6144K)->6144K(6144K)
[581.951s][info][gc,heap        ] GC(1583) ParOldGen: 296722K(296960K)->315594K(315904K)
[581.951s][info][gc,metaspace   ] GC(1583) Metaspace: 35444K(36160K)->35444K(36160K) NonClass: 29171K(29696K)->29171K(29696K) Class: 6272K(6464K)->6272K(6464K)
[581.951s][info][gc             ] GC(1583) Pause Young (Allocation Failure) 525M->314M(563M) 49.658ms
[581.951s][info][gc,cpu         ] GC(1583) User=0.08s Sys=0.02s Real=0.05s
[582.205s][info][gc,start       ] GC(1584) Pause Young (Allocation Failure)
[582.255s][info][gc,heap        ] GC(1584) PSYoungGen: 260608K(260608K)->17408K(271872K) Eden: 254464K(254464K)->0K(254464K) From: 6144K(6144K)->17408K(17408K)
[582.255s][info][gc,heap        ] GC(1584) ParOldGen: 315594K(315904K)->325714K(326144K)
[582.255s][info][gc,metaspace   ] GC(1584) Metaspace: 35444K(36160K)->35444K(36160K) NonClass: 29171K(29696K)->29171K(29696K) Class: 6272K(6464K)->6272K(6464K)
[582.255s][info][gc             ] GC(1584) Pause Young (Allocation Failure) 562M->335M(584M) 49.983ms
[582.255s][info][gc,cpu         ] GC(1584) User=0.09s Sys=0.00s Real=0.05s
[582.368s][info][gc,start       ] GC(1585) Pause Young (Allocation Failure)
[582.384s][info][gc,heap        ] GC(1585) PSYoungGen: 271872K(271872K)->6816K(310784K) Eden: 254464K(254464K)->0K(286208K) From: 17408K(17408K)->6816K(24576K)
[582.384s][info][gc,heap        ] GC(1585) ParOldGen: 325714K(326144K)->326074K(326144K)
[582.385s][info][gc,metaspace   ] GC(1585) Metaspace: 35444K(36160K)->35444K(36160K) NonClass: 29171K(29696K)->29171K(29696K) Class: 6272K(6464K)->6272K(6464K)
[582.385s][info][gc             ] GC(1585) Pause Young (Allocation Failure) 583M->325M(622M) 16.549ms
[582.385s][info][gc,cpu         ] GC(1585) User=0.03s Sys=0.01s Real=0.01s
[582.815s][info][gc,start       ] GC(1586) Pause Young (Allocation Failure)
[582.816s][info][gc,heap        ] GC(1586) PSYoungGen: 293024K(310784K)->64K(286720K) Eden: 286208K(286208K)->0K(286208K) From: 6816K(24576K)->64K(512K)
[582.816s][info][gc,heap        ] GC(1586) ParOldGen: 326074K(326144K)->326082K(326144K)
[582.816s][info][gc,metaspace   ] GC(1586) Metaspace: 35444K(36160K)->35444K(36160K) NonClass: 29171K(29696K)->29171K(29696K) Class: 6272K(6464K)->6272K(6464K)
[582.816s][info][gc             ] GC(1586) Pause Young (Allocation Failure) 604M->318M(598M) 1.391ms
[582.816s][info][gc,cpu         ] GC(1586) User=0.00s Sys=0.00s Real=0.01s
[583.387s][info][gc,start       ] GC(1587) Pause Young (Allocation Failure)
[583.389s][info][gc,heap        ] GC(1587) PSYoungGen: 286272K(286720K)->64K(309248K) Eden: 286208K(286208K)->0K(286720K) From: 64K(512K)->64K(22528K)
[583.389s][info][gc,heap        ] GC(1587) ParOldGen: 326082K(326144K)->326090K(326144K)
[583.389s][info][gc,metaspace   ] GC(1587) Metaspace: 35444K(36160K)->35444K(36160K) NonClass: 29171K(29696K)->29171K(29696K) Class: 6272K(6464K)->6272K(6464K)
[583.389s][info][gc             ] GC(1587) Pause Young (Allocation Failure) 598M->318M(620M) 1.384ms
[583.389s][info][gc,cpu         ] GC(1587) User=0.00s Sys=0.00s Real=0.00s
[583.820s][info][gc,start       ] GC(1588) Pause Young (Allocation Failure)
[583.821s][info][gc,heap        ] GC(1588) PSYoungGen: 286784K(309248K)->64K(308736K) Eden: 286720K(286720K)->0K(286720K) From: 64K(22528K)->64K(22016K)
[583.821s][info][gc,heap        ] GC(1588) ParOldGen: 326090K(326144K)->326106K(326144K)
[583.821s][info][gc,metaspace   ] GC(1588) Metaspace: 35444K(36160K)->35444K(36160K) NonClass: 29171K(29696K)->29171K(29696K) Class: 6272K(6464K)->6272K(6464K)
[583.821s][info][gc             ] GC(1588) Pause Young (Allocation Failure) 598M->318M(620M) 1.304ms
[583.821s][info][gc,cpu         ] GC(1588) User=0.00s Sys=0.00s Real=0.00s
[584.036s][info][gc,start       ] GC(1589) Pause Young (Allocation Failure)
[584.038s][info][gc,heap        ] GC(1589) PSYoungGen: 286784K(308736K)->64K(310784K) Eden: 286720K(286720K)->0K(290304K) From: 64K(22016K)->64K(20480K)
[584.038s][info][gc,heap        ] GC(1589) ParOldGen: 326106K(326144K)->326122K(326144K)
[584.038s][info][gc,metaspace   ] GC(1589) Metaspace: 35444K(36160K)->35444K(36160K) NonClass: 29171K(29696K)->29171K(29696K) Class: 6272K(6464K)->6272K(6464K)
[584.038s][info][gc             ] GC(1589) Pause Young (Allocation Failure) 598M->318M(622M) 1.366ms
[584.038s][info][gc,cpu         ] GC(1589) User=0.00s Sys=0.00s Real=0.00s
[584.256s][info][gc,start       ] GC(1590) Pause Young (Allocation Failure)
[584.257s][info][gc,heap        ] GC(1590) PSYoungGen: 290368K(310784K)->32K(310272K) Eden: 290304K(290304K)->0K(290304K) From: 64K(20480K)->32K(19968K)
[584.257s][info][gc,heap        ] GC(1590) ParOldGen: 326122K(326144K)->326122K(326144K)
[584.257s][info][gc,metaspace   ] GC(1590) Metaspace: 35444K(36160K)->35444K(36160K) NonClass: 29171K(29696K)->29171K(29696K) Class: 6272K(6464K)->6272K(6464K)
[584.257s][info][gc             ] GC(1590) Pause Young (Allocation Failure) 602M->318M(621M) 1.163ms
[584.257s][info][gc,cpu         ] GC(1590) User=0.00s Sys=0.00s Real=0.00s
[584.604s][info][gc,start       ] GC(1591) Pause Young (Allocation Failure)
[584.605s][info][gc,heap        ] GC(1591) PSYoungGen: 290336K(310272K)->64K(312832K) Eden: 290304K(290304K)->0K(294400K) From: 32K(19968K)->64K(18432K)
[584.605s][info][gc,heap        ] GC(1591) ParOldGen: 326122K(326144K)->326122K(326144K)
[584.605s][info][gc,metaspace   ] GC(1591) Metaspace: 35444K(36160K)->35444K(36160K) NonClass: 29171K(29696K)->29171K(29696K) Class: 6272K(6464K)->6272K(6464K)
[584.605s][info][gc             ] GC(1591) Pause Young (Allocation Failure) 602M->318M(624M) 1.196ms
[584.605s][info][gc,cpu         ] GC(1591) User=0.00s Sys=0.00s Real=0.00s
[584.708s][info][gc,start       ] GC(1592) Pause Young (Allocation Failure)
[584.709s][info][gc,heap        ] GC(1592) PSYoungGen: 294464K(312832K)->64K(312832K) Eden: 294400K(294400K)->0K(294400K) From: 64K(18432K)->64K(18432K)
[584.709s][info][gc,heap        ] GC(1592) ParOldGen: 326122K(326144K)->326130K(326144K)
[584.709s][info][gc,metaspace   ] GC(1592) Metaspace: 35444K(36160K)->35444K(36160K) NonClass: 29171K(29696K)->29171K(29696K) Class: 6272K(6464K)->6272K(6464K)
[584.709s][info][gc             ] GC(1592) Pause Young (Allocation Failure) 606M->318M(624M) 1.314ms
[584.709s][info][gc,cpu         ] GC(1592) User=0.01s Sys=0.00s Real=0.00s
[584.765s][info][gc,start       ] GC(1593) Pause Young (Allocation Failure)
[584.766s][info][gc,heap        ] GC(1593) PSYoungGen: 294464K(312832K)->32K(314368K) Eden: 294400K(294400K)->0K(297984K) From: 64K(18432K)->32K(16384K)
[584.766s][info][gc,heap        ] GC(1593) ParOldGen: 326130K(326144K)->326146K(326656K)
[584.766s][info][gc,metaspace   ] GC(1593) Metaspace: 35444K(36160K)->35444K(36160K) NonClass: 29171K(29696K)->29171K(29696K) Class: 6272K(6464K)->6272K(6464K)
[584.766s][info][gc             ] GC(1593) Pause Young (Allocation Failure) 606M->318M(626M) 1.091ms
[584.766s][info][gc,cpu         ] GC(1593) User=0.00s Sys=0.00s Real=0.00s
[584.983s][info][gc,start       ] GC(1594) Pause Young (Allocation Failure)
[584.984s][info][gc,heap        ] GC(1594) PSYoungGen: 298016K(314368K)->64K(314368K) Eden: 297984K(297984K)->0K(297984K) From: 32K(16384K)->64K(16384K)
[584.984s][info][gc,heap        ] GC(1594) ParOldGen: 326146K(326656K)->326146K(326656K)
[584.984s][info][gc,metaspace   ] GC(1594) Metaspace: 35444K(36160K)->35444K(36160K) NonClass: 29171K(29696K)->29171K(29696K) Class: 6272K(6464K)->6272K(6464K)
[584.984s][info][gc             ] GC(1594) Pause Young (Allocation Failure) 609M->318M(626M) 1.292ms
[584.984s][info][gc,cpu         ] GC(1594) User=0.00s Sys=0.00s Real=0.00s
[585.300s][info][gc,start       ] GC(1595) Pause Young (Allocation Failure)
[585.301s][info][gc,heap        ] GC(1595) PSYoungGen: 298048K(314368K)->64K(315904K) Eden: 297984K(297984K)->0K(301568K) From: 64K(16384K)->64K(14336K)
[585.301s][info][gc,heap        ] GC(1595) ParOldGen: 326146K(326656K)->326154K(326656K)
[585.301s][info][gc,metaspace   ] GC(1595) Metaspace: 35444K(36160K)->35444K(36160K) NonClass: 29171K(29696K)->29171K(29696K) Class: 6272K(6464K)->6272K(6464K)
[585.301s][info][gc             ] GC(1595) Pause Young (Allocation Failure) 609M->318M(627M) 1.206ms
[585.301s][info][gc,cpu         ] GC(1595) User=0.00s Sys=0.00s Real=0.00s
[585.453s][info][gc,start       ] GC(1596) Pause Young (Allocation Failure)
[585.454s][info][gc,heap        ] GC(1596) PSYoungGen: 301632K(315904K)->64K(316416K) Eden: 301568K(301568K)->0K(301568K) From: 64K(14336K)->64K(14848K)
[585.455s][info][gc,heap        ] GC(1596) ParOldGen: 326154K(326656K)->326162K(326656K)
[585.455s][info][gc,metaspace   ] GC(1596) Metaspace: 35444K(36160K)->35444K(36160K) NonClass: 29171K(29696K)->29171K(29696K) Class: 6272K(6464K)->6272K(6464K)
[585.455s][info][gc             ] GC(1596) Pause Young (Allocation Failure) 613M->318M(628M) 1.346ms
[585.455s][info][gc,cpu         ] GC(1596) User=0.00s Sys=0.00s Real=0.00s
[585.536s][info][gc,start       ] GC(1597) Pause Young (Allocation Failure)
[585.537s][info][gc,heap        ] GC(1597) PSYoungGen: 301632K(316416K)->64K(318464K) Eden: 301568K(301568K)->0K(305152K) From: 64K(14848K)->64K(13312K)
[585.537s][info][gc,heap        ] GC(1597) ParOldGen: 326162K(326656K)->326178K(326656K)
[585.537s][info][gc,metaspace   ] GC(1597) Metaspace: 35444K(36160K)->35444K(36160K) NonClass: 29171K(29696K)->29171K(29696K) Class: 6272K(6464K)->6272K(6464K)
[585.537s][info][gc             ] GC(1597) Pause Young (Allocation Failure) 613M->318M(630M) 1.337ms
[585.537s][info][gc,cpu         ] GC(1597) User=0.01s Sys=0.00s Real=0.00s
[585.760s][info][gc,start       ] GC(1598) Pause Young (Allocation Failure)
[585.762s][info][gc,heap        ] GC(1598) PSYoungGen: 305216K(318464K)->64K(318464K) Eden: 305152K(305152K)->0K(305152K) From: 64K(13312K)->64K(13312K)
[585.762s][info][gc,heap        ] GC(1598) ParOldGen: 326178K(326656K)->326178K(326656K)
[585.762s][info][gc,metaspace   ] GC(1598) Metaspace: 35444K(36160K)->35444K(36160K) NonClass: 29171K(29696K)->29171K(29696K) Class: 6272K(6464K)->6272K(6464K)
[585.762s][info][gc             ] GC(1598) Pause Young (Allocation Failure) 616M->318M(630M) 1.532ms
[585.762s][info][gc,cpu         ] GC(1598) User=0.01s Sys=0.00s Real=0.00s
[586.722s][info][gc,start       ] GC(1599) Pause Young (Allocation Failure)
[586.723s][info][gc,heap        ] GC(1599) PSYoungGen: 305216K(318464K)->64K(293376K) Eden: 305152K(305152K)->0K(292864K) From: 64K(13312K)->64K(512K)
[586.724s][info][gc,heap        ] GC(1599) ParOldGen: 326178K(326656K)->326186K(326656K)
[586.724s][info][gc,metaspace   ] GC(1599) Metaspace: 35444K(36160K)->35444K(36160K) NonClass: 29171K(29696K)->29171K(29696K) Class: 6272K(6464K)->6272K(6464K)
[586.724s][info][gc             ] GC(1599) Pause Young (Allocation Failure) 616M->318M(605M) 1.332ms
[586.724s][info][gc,cpu         ] GC(1599) User=0.00s Sys=0.00s Real=0.00s
[587.675s][info][gc,start       ] GC(1600) Pause Young (Allocation Failure)
[587.676s][info][gc,heap        ] GC(1600) PSYoungGen: 292928K(293376K)->64K(292864K) Eden: 292864K(292864K)->0K(281088K) From: 64K(512K)->64K(11776K)
[587.676s][info][gc,heap        ] GC(1600) ParOldGen: 326186K(326656K)->326194K(326656K)
[587.676s][info][gc,metaspace   ] GC(1600) Metaspace: 35444K(36160K)->35444K(36160K) NonClass: 29171K(29696K)->29171K(29696K) Class: 6272K(6464K)->6272K(6464K)
[587.676s][info][gc             ] GC(1600) Pause Young (Allocation Failure) 604M->318M(605M) 1.319ms
[587.676s][info][gc,cpu         ] GC(1600) User=0.00s Sys=0.00s Real=0.01s
[587.936s][info][gc,start       ] GC(1601) Pause Young (Allocation Failure)
[587.937s][info][gc,heap        ] GC(1601) PSYoungGen: 281152K(292864K)->64K(270336K) Eden: 281088K(281088K)->0K(269824K) From: 64K(11776K)->64K(512K)
[587.937s][info][gc,heap        ] GC(1601) ParOldGen: 326194K(326656K)->326202K(326656K)
[587.937s][info][gc,metaspace   ] GC(1601) Metaspace: 35444K(36160K)->35444K(36160K) NonClass: 29171K(29696K)->29171K(29696K) Class: 6272K(6464K)->6272K(6464K)
[587.937s][info][gc             ] GC(1601) Pause Young (Allocation Failure) 593M->318M(583M) 1.885ms
[587.937s][info][gc,cpu         ] GC(1601) User=0.00s Sys=0.01s Real=0.00s
[588.349s][info][gc,start       ] GC(1602) Pause Young (Allocation Failure)
[588.351s][info][gc,heap        ] GC(1602) PSYoungGen: 269888K(270336K)->64K(269824K) Eden: 269824K(269824K)->0K(259584K) From: 64K(512K)->64K(10240K)
[588.352s][info][gc,heap        ] GC(1602) ParOldGen: 326202K(326656K)->326218K(326656K)
[588.352s][info][gc,metaspace   ] GC(1602) Metaspace: 35444K(36160K)->35444K(36160K) NonClass: 29171K(29696K)->29171K(29696K) Class: 6272K(6464K)->6272K(6464K)
[588.352s][info][gc             ] GC(1602) Pause Young (Allocation Failure) 582M->318M(582M) 2.313ms
[588.352s][info][gc,cpu         ] GC(1602) User=0.00s Sys=0.00s Real=0.00s
[589.278s][info][gc,start       ] GC(1603) Pause Young (Allocation Failure)
[589.280s][info][gc,heap        ] GC(1603) PSYoungGen: 259648K(269824K)->64K(249856K) Eden: 259584K(259584K)->0K(249344K) From: 64K(10240K)->64K(512K)
[589.280s][info][gc,heap        ] GC(1603) ParOldGen: 326218K(326656K)->326226K(326656K)
[589.280s][info][gc,metaspace   ] GC(1603) Metaspace: 35444K(36160K)->35444K(36160K) NonClass: 29171K(29696K)->29171K(29696K) Class: 6272K(6464K)->6272K(6464K)
[589.280s][info][gc             ] GC(1603) Pause Young (Allocation Failure) 572M->318M(563M) 2.136ms
[589.280s][info][gc,cpu         ] GC(1603) User=0.00s Sys=0.00s Real=0.00s
[589.655s][info][gc,start       ] GC(1604) Pause Young (Allocation Failure)
[589.657s][info][gc,heap        ] GC(1604) PSYoungGen: 249408K(249856K)->64K(248320K) Eden: 249344K(249344K)->0K(239616K) From: 64K(512K)->64K(8704K)
[589.657s][info][gc,heap        ] GC(1604) ParOldGen: 326226K(326656K)->326242K(326656K)
[589.657s][info][gc,metaspace   ] GC(1604) Metaspace: 35444K(36160K)->35444K(36160K) NonClass: 29171K(29696K)->29171K(29696K) Class: 6272K(6464K)->6272K(6464K)
[589.657s][info][gc             ] GC(1604) Pause Young (Allocation Failure) 562M->318M(561M) 2.281ms
[589.657s][info][gc,cpu         ] GC(1604) User=0.00s Sys=0.00s Real=0.01s
[589.827s][info][gc,start       ] GC(1605) Pause Young (Allocation Failure)
[589.830s][info][gc,heap        ] GC(1605) PSYoungGen: 239680K(248320K)->64K(230912K) Eden: 239616K(239616K)->0K(230400K) From: 64K(8704K)->64K(512K)
[589.830s][info][gc,heap        ] GC(1605) ParOldGen: 326242K(326656K)->326258K(326656K)
[589.830s][info][gc,metaspace   ] GC(1605) Metaspace: 35444K(36160K)->35444K(36160K) NonClass: 29171K(29696K)->29171K(29696K) Class: 6272K(6464K)->6272K(6464K)
[589.830s][info][gc             ] GC(1605) Pause Young (Allocation Failure) 552M->318M(544M) 2.636ms
[589.830s][info][gc,cpu         ] GC(1605) User=0.00s Sys=0.00s Real=0.00s
[589.916s][info][gc,start       ] GC(1606) Pause Young (Allocation Failure)
[589.918s][info][gc,heap        ] GC(1606) PSYoungGen: 230464K(230912K)->64K(279552K) Eden: 230400K(230400K)->0K(271872K) From: 64K(512K)->64K(7680K)
[589.918s][info][gc,heap        ] GC(1606) ParOldGen: 326258K(326656K)->326274K(326656K)
[589.918s][info][gc,metaspace   ] GC(1606) Metaspace: 35444K(36160K)->35444K(36160K) NonClass: 29171K(29696K)->29171K(29696K) Class: 6272K(6464K)->6272K(6464K)
[589.918s][info][gc             ] GC(1606) Pause Young (Allocation Failure) 543M->318M(592M) 2.108ms
[589.918s][info][gc,cpu         ] GC(1606) User=0.01s Sys=0.00s Real=0.00s
[590.554s][info][gc,start       ] GC(1607) Pause Young (Allocation Failure)
[590.557s][info][gc,heap        ] GC(1607) PSYoungGen: 271936K(279552K)->64K(261632K) Eden: 271872K(271872K)->0K(261120K) From: 64K(7680K)->64K(512K)
[590.557s][info][gc,heap        ] GC(1607) ParOldGen: 326274K(326656K)->326290K(326656K)
[590.557s][info][gc,metaspace   ] GC(1607) Metaspace: 35444K(36160K)->35444K(36160K) NonClass: 29171K(29696K)->29171K(29696K) Class: 6272K(6464K)->6272K(6464K)
[590.557s][info][gc             ] GC(1607) Pause Young (Allocation Failure) 584M->318M(574M) 2.998ms
[590.557s][info][gc,cpu         ] GC(1607) User=0.00s Sys=0.00s Real=0.01s
[590.843s][info][gc,start       ] GC(1608) Pause Young (Allocation Failure)
[590.845s][info][gc,heap        ] GC(1608) PSYoungGen: 261184K(261632K)->64K(257536K) Eden: 261120K(261120K)->0K(250880K) From: 64K(512K)->64K(6656K)
[590.845s][info][gc,heap        ] GC(1608) ParOldGen: 326290K(326656K)->326298K(326656K)
[590.845s][info][gc,metaspace   ] GC(1608) Metaspace: 35444K(36160K)->35444K(36160K) NonClass: 29171K(29696K)->29171K(29696K) Class: 6272K(6464K)->6272K(6464K)
[590.845s][info][gc             ] GC(1608) Pause Young (Allocation Failure) 573M->318M(570M) 1.779ms
[590.845s][info][gc,cpu         ] GC(1608) User=0.01s Sys=0.00s Real=0.00s
[591.162s][info][gc,start       ] GC(1609) Pause Young (Allocation Failure)
[591.208s][info][gc,heap        ] GC(1609) PSYoungGen: 250944K(257536K)->6144K(272896K) Eden: 250880K(250880K)->0K(266752K) From: 64K(6656K)->6144K(6144K)
[591.208s][info][gc,heap        ] GC(1609) ParOldGen: 326298K(326656K)->342946K(343040K)
[591.208s][info][gc,metaspace   ] GC(1609) Metaspace: 35444K(36160K)->35444K(36160K) NonClass: 29171K(29696K)->29171K(29696K) Class: 6272K(6464K)->6272K(6464K)
[591.208s][info][gc             ] GC(1609) Pause Young (Allocation Failure) 563M->340M(601M) 45.270ms
[591.208s][info][gc,cpu         ] GC(1609) User=0.08s Sys=0.01s Real=0.05s
[591.484s][info][gc,start       ] GC(1610) Pause Young (Allocation Failure)
[591.541s][info][gc,heap        ] GC(1610) PSYoungGen: 272896K(272896K)->13824K(280576K) Eden: 266752K(266752K)->0K(266752K) From: 6144K(6144K)->13824K(13824K)
[591.541s][info][gc,heap        ] GC(1610) ParOldGen: 342946K(343040K)->357874K(357888K)
[591.541s][info][gc,metaspace   ] GC(1610) Metaspace: 35444K(36160K)->35444K(36160K) NonClass: 29171K(29696K)->29171K(29696K) Class: 6272K(6464K)->6272K(6464K)
[591.541s][info][gc             ] GC(1610) Pause Young (Allocation Failure) 601M->362M(623M) 56.853ms
[591.541s][info][gc,cpu         ] GC(1610) User=0.10s Sys=0.01s Real=0.06s
[591.743s][info][gc,start       ] GC(1611) Pause Young (Allocation Failure)
[591.784s][info][gc,heap        ] GC(1611) PSYoungGen: 280576K(280576K)->18048K(305152K) Eden: 266752K(266752K)->0K(282624K) From: 13824K(13824K)->18048K(22528K)
[591.784s][info][gc,heap        ] GC(1611) ParOldGen: 357874K(357888K)->358418K(358912K)
[591.784s][info][gc,metaspace   ] GC(1611) Metaspace: 35444K(36160K)->35444K(36160K) NonClass: 29171K(29696K)->29171K(29696K) Class: 6272K(6464K)->6272K(6464K)
[591.784s][info][gc             ] GC(1611) Pause Young (Allocation Failure) 623M->367M(648M) 41.675ms
[591.784s][info][gc,cpu         ] GC(1611) User=0.06s Sys=0.02s Real=0.04s
[591.998s][info][gc,start       ] GC(1612) Pause Young (Allocation Failure)
[592.000s][info][gc,heap        ] GC(1612) PSYoungGen: 300672K(305152K)->64K(308224K) Eden: 282624K(282624K)->0K(282624K) From: 18048K(22528K)->64K(25600K)
[592.000s][info][gc,heap        ] GC(1612) ParOldGen: 358418K(358912K)->358426K(358912K)
[592.000s][info][gc,metaspace   ] GC(1612) Metaspace: 35444K(36160K)->35444K(36160K) NonClass: 29171K(29696K)->29171K(29696K) Class: 6272K(6464K)->6272K(6464K)
[592.000s][info][gc             ] GC(1612) Pause Young (Allocation Failure) 643M->350M(651M) 1.450ms
[592.000s][info][gc,cpu         ] GC(1612) User=0.00s Sys=0.00s Real=0.00s
[592.709s][info][gc,start       ] GC(1613) Pause Young (Allocation Failure)
[592.710s][info][gc,heap        ] GC(1613) PSYoungGen: 282688K(308224K)->64K(306176K) Eden: 282624K(282624K)->0K(283648K) From: 64K(25600K)->64K(22528K)
[592.710s][info][gc,heap        ] GC(1613) ParOldGen: 358426K(358912K)->358442K(358912K)
[592.710s][info][gc,metaspace   ] GC(1613) Metaspace: 35444K(36160K)->35444K(36160K) NonClass: 29171K(29696K)->29171K(29696K) Class: 6272K(6464K)->6272K(6464K)
[592.710s][info][gc             ] GC(1613) Pause Young (Allocation Failure) 626M->350M(649M) 1.538ms
[592.710s][info][gc,cpu         ] GC(1613) User=0.01s Sys=0.00s Real=0.00s
[592.979s][info][gc,start       ] GC(1614) Pause Young (Allocation Failure)
[592.980s][info][gc,heap        ] GC(1614) PSYoungGen: 283712K(306176K)->64K(307712K) Eden: 283648K(283648K)->0K(283648K) From: 64K(22528K)->64K(24064K)
[592.980s][info][gc,heap        ] GC(1614) ParOldGen: 358442K(358912K)->358442K(358912K)
[592.980s][info][gc,metaspace   ] GC(1614) Metaspace: 35444K(36160K)->35444K(36160K) NonClass: 29171K(29696K)->29171K(29696K) Class: 6272K(6464K)->6272K(6464K)
[592.981s][info][gc             ] GC(1614) Pause Young (Allocation Failure) 627M->350M(651M) 1.378ms
[592.981s][info][gc,cpu         ] GC(1614) User=0.01s Sys=0.00s Real=0.00s
[593.419s][info][gc,start       ] GC(1615) Pause Young (Allocation Failure)
[593.420s][info][gc,heap        ] GC(1615) PSYoungGen: 283712K(307712K)->64K(307200K) Eden: 283648K(283648K)->0K(286720K) From: 64K(24064K)->64K(20480K)
[593.420s][info][gc,heap        ] GC(1615) ParOldGen: 358442K(358912K)->358458K(358912K)
[593.420s][info][gc,metaspace   ] GC(1615) Metaspace: 35444K(36160K)->35444K(36160K) NonClass: 29171K(29696K)->29171K(29696K) Class: 6272K(6464K)->6272K(6464K)
[593.420s][info][gc             ] GC(1615) Pause Young (Allocation Failure) 627M->350M(650M) 1.439ms
[593.420s][info][gc,cpu         ] GC(1615) User=0.00s Sys=0.00s Real=0.00s
[593.638s][info][gc,start       ] GC(1616) Pause Young (Allocation Failure)
[593.639s][info][gc,heap        ] GC(1616) PSYoungGen: 286784K(307200K)->32K(308736K) Eden: 286720K(286720K)->0K(286720K) From: 64K(20480K)->32K(22016K)
[593.639s][info][gc,heap        ] GC(1616) ParOldGen: 358458K(358912K)->358474K(358912K)
[593.639s][info][gc,metaspace   ] GC(1616) Metaspace: 35444K(36160K)->35444K(36160K) NonClass: 29171K(29696K)->29171K(29696K) Class: 6272K(6464K)->6272K(6464K)
[593.639s][info][gc             ] GC(1616) Pause Young (Allocation Failure) 630M->350M(652M) 1.362ms
[593.639s][info][gc,cpu         ] GC(1616) User=0.00s Sys=0.00s Real=0.00s
[593.857s][info][gc,start       ] GC(1617) Pause Young (Allocation Failure)
[593.858s][info][gc,heap        ] GC(1617) PSYoungGen: 286752K(308736K)->64K(309248K) Eden: 286720K(286720K)->0K(290816K) From: 32K(22016K)->64K(18432K)
[593.858s][info][gc,heap        ] GC(1617) ParOldGen: 358474K(358912K)->358474K(358912K)
[593.858s][info][gc,metaspace   ] GC(1617) Metaspace: 35444K(36160K)->35444K(36160K) NonClass: 29171K(29696K)->29171K(29696K) Class: 6272K(6464K)->6272K(6464K)
[593.858s][info][gc             ] GC(1617) Pause Young (Allocation Failure) 630M->350M(652M) 1.379ms
[593.858s][info][gc,cpu         ] GC(1617) User=0.00s Sys=0.00s Real=0.00s
[594.160s][info][gc,start       ] GC(1618) Pause Young (Allocation Failure)
[594.162s][info][gc,heap        ] GC(1618) PSYoungGen: 290880K(309248K)->64K(310784K) Eden: 290816K(290816K)->0K(290816K) From: 64K(18432K)->64K(19968K)
[594.162s][info][gc,heap        ] GC(1618) ParOldGen: 358474K(358912K)->358474K(358912K)
[594.162s][info][gc,metaspace   ] GC(1618) Metaspace: 35444K(36160K)->35444K(36160K) NonClass: 29171K(29696K)->29171K(29696K) Class: 6272K(6464K)->6272K(6464K)
[594.162s][info][gc             ] GC(1618) Pause Young (Allocation Failure) 634M->350M(654M) 1.320ms
[594.162s][info][gc,cpu         ] GC(1618) User=0.00s Sys=0.00s Real=0.00s
[594.215s][info][gc,start       ] GC(1619) Pause Young (Allocation Failure)
[594.216s][info][gc,heap        ] GC(1619) PSYoungGen: 290880K(310784K)->64K(311296K) Eden: 290816K(290816K)->0K(294912K) From: 64K(19968K)->64K(16384K)
[594.216s][info][gc,heap        ] GC(1619) ParOldGen: 358474K(358912K)->358490K(358912K)
[594.216s][info][gc,metaspace   ] GC(1619) Metaspace: 35444K(36160K)->35444K(36160K) NonClass: 29171K(29696K)->29171K(29696K) Class: 6272K(6464K)->6272K(6464K)
[594.216s][info][gc             ] GC(1619) Pause Young (Allocation Failure) 634M->350M(654M) 1.231ms
[594.216s][info][gc,cpu         ] GC(1619) User=0.00s Sys=0.00s Real=0.01s
[594.311s][info][gc,start       ] GC(1620) Pause Young (Allocation Failure)
[594.312s][info][gc,heap        ] GC(1620) PSYoungGen: 294976K(311296K)->64K(312832K) Eden: 294912K(294912K)->0K(294912K) From: 64K(16384K)->64K(17920K)
[594.312s][info][gc,heap        ] GC(1620) ParOldGen: 358490K(358912K)->358490K(358912K)
[594.312s][info][gc,metaspace   ] GC(1620) Metaspace: 35444K(36160K)->35444K(36160K) NonClass: 29171K(29696K)->29171K(29696K) Class: 6272K(6464K)->6272K(6464K)
[594.312s][info][gc             ] GC(1620) Pause Young (Allocation Failure) 638M->350M(656M) 1.234ms
[594.312s][info][gc,cpu         ] GC(1620) User=0.00s Sys=0.00s Real=0.00s
[594.663s][info][gc,start       ] GC(1621) Pause Young (Allocation Failure)
[594.664s][info][gc,heap        ] GC(1621) PSYoungGen: 294976K(312832K)->64K(313344K) Eden: 294912K(294912K)->0K(299008K) From: 64K(17920K)->64K(14336K)
[594.664s][info][gc,heap        ] GC(1621) ParOldGen: 358490K(358912K)->358506K(358912K)
[594.664s][info][gc,metaspace   ] GC(1621) Metaspace: 35444K(36160K)->35444K(36160K) NonClass: 29171K(29696K)->29171K(29696K) Class: 6272K(6464K)->6272K(6464K)
[594.664s][info][gc             ] GC(1621) Pause Young (Allocation Failure) 638M->350M(656M) 1.326ms
[594.664s][info][gc,cpu         ] GC(1621) User=0.00s Sys=0.00s Real=0.00s
[594.906s][info][gc,start       ] GC(1622) Pause Young (Allocation Failure)
[594.907s][info][gc,heap        ] GC(1622) PSYoungGen: 299072K(313344K)->64K(314880K) Eden: 299008K(299008K)->0K(299008K) From: 64K(14336K)->64K(15872K)
[594.907s][info][gc,heap        ] GC(1622) ParOldGen: 358506K(358912K)->358506K(358912K)
[594.907s][info][gc,metaspace   ] GC(1622) Metaspace: 35444K(36160K)->35444K(36160K) NonClass: 29171K(29696K)->29171K(29696K) Class: 6272K(6464K)->6272K(6464K)
[594.907s][info][gc             ] GC(1622) Pause Young (Allocation Failure) 642M->350M(658M) 1.399ms
[594.907s][info][gc,cpu         ] GC(1622) User=0.00s Sys=0.00s Real=0.00s
[594.988s][info][gc,start       ] GC(1623) Pause Young (Allocation Failure)
[594.989s][info][gc,heap        ] GC(1623) PSYoungGen: 299072K(314880K)->64K(316416K) Eden: 299008K(299008K)->0K(303104K) From: 64K(15872K)->64K(13312K)
[594.989s][info][gc,heap        ] GC(1623) ParOldGen: 358506K(358912K)->358522K(358912K)
[594.989s][info][gc,metaspace   ] GC(1623) Metaspace: 35444K(36160K)->35444K(36160K) NonClass: 29171K(29696K)->29171K(29696K) Class: 6272K(6464K)->6272K(6464K)
[594.989s][info][gc             ] GC(1623) Pause Young (Allocation Failure) 642M->350M(659M) 1.264ms
[594.989s][info][gc,cpu         ] GC(1623) User=0.00s Sys=0.00s Real=0.00s
[595.141s][info][gc,start       ] GC(1624) Pause Young (Allocation Failure)
[595.142s][info][gc,heap        ] GC(1624) PSYoungGen: 303168K(316416K)->64K(317440K) Eden: 303104K(303104K)->0K(303104K) From: 64K(13312K)->64K(14336K)
[595.142s][info][gc,heap        ] GC(1624) ParOldGen: 358522K(358912K)->358522K(358912K)
[595.142s][info][gc,metaspace   ] GC(1624) Metaspace: 35444K(36160K)->35444K(36160K) NonClass: 29171K(29696K)->29171K(29696K) Class: 6272K(6464K)->6272K(6464K)
[595.142s][info][gc             ] GC(1624) Pause Young (Allocation Failure) 646M->350M(660M) 1.383ms
[595.142s][info][gc,cpu         ] GC(1624) User=0.00s Sys=0.00s Real=0.00s
[595.533s][info][gc,start       ] GC(1625) Pause Young (Allocation Failure)
[595.535s][info][gc,heap        ] GC(1625) PSYoungGen: 303168K(317440K)->64K(291328K) Eden: 303104K(303104K)->0K(290816K) From: 64K(14336K)->64K(512K)
[595.535s][info][gc,heap        ] GC(1625) ParOldGen: 358522K(358912K)->358530K(358912K)
[595.535s][info][gc,metaspace   ] GC(1625) Metaspace: 35444K(36160K)->35444K(36160K) NonClass: 29171K(29696K)->29171K(29696K) Class: 6272K(6464K)->6272K(6464K)
[595.535s][info][gc             ] GC(1625) Pause Young (Allocation Failure) 646M->350M(635M) 2.042ms
[595.535s][info][gc,cpu         ] GC(1625) User=0.00s Sys=0.00s Real=0.00s
[596.222s][info][gc,start       ] GC(1626) Pause Young (Allocation Failure)
[596.223s][info][gc,heap        ] GC(1626) PSYoungGen: 290880K(291328K)->64K(291840K) Eden: 290816K(290816K)->0K(279552K) From: 64K(512K)->64K(12288K)
[596.223s][info][gc,heap        ] GC(1626) ParOldGen: 358530K(358912K)->358538K(358912K)
[596.223s][info][gc,metaspace   ] GC(1626) Metaspace: 35444K(36160K)->35444K(36160K) NonClass: 29171K(29696K)->29171K(29696K) Class: 6272K(6464K)->6272K(6464K)
[596.223s][info][gc             ] GC(1626) Pause Young (Allocation Failure) 634M->350M(635M) 1.392ms
[596.223s][info][gc,cpu         ] GC(1626) User=0.00s Sys=0.00s Real=0.00s
[597.183s][info][gc,start       ] GC(1627) Pause Young (Allocation Failure)
[597.185s][info][gc,heap        ] GC(1627) PSYoungGen: 279616K(291840K)->64K(269312K) Eden: 279552K(279552K)->0K(268800K) From: 64K(12288K)->64K(512K)
[597.185s][info][gc,heap        ] GC(1627) ParOldGen: 358538K(358912K)->358546K(358912K)
[597.185s][info][gc,metaspace   ] GC(1627) Metaspace: 35444K(36160K)->35444K(36160K) NonClass: 29171K(29696K)->29171K(29696K) Class: 6272K(6464K)->6272K(6464K)
[597.185s][info][gc             ] GC(1627) Pause Young (Allocation Failure) 623M->350M(613M) 2.029ms
[597.185s][info][gc,cpu         ] GC(1627) User=0.01s Sys=0.00s Real=0.00s
[597.580s][info][gc,start       ] GC(1628) Pause Young (Allocation Failure)
[597.581s][info][gc,heap        ] GC(1628) PSYoungGen: 268864K(269312K)->64K(269312K) Eden: 268800K(268800K)->0K(258560K) From: 64K(512K)->64K(10752K)
[597.581s][info][gc,heap        ] GC(1628) ParOldGen: 358546K(358912K)->358554K(358912K)
[597.581s][info][gc,metaspace   ] GC(1628) Metaspace: 35444K(36160K)->35444K(36160K) NonClass: 29171K(29696K)->29171K(29696K) Class: 6272K(6464K)->6272K(6464K)
[597.581s][info][gc             ] GC(1628) Pause Young (Allocation Failure) 612M->350M(613M) 1.362ms
[597.581s][info][gc,cpu         ] GC(1628) User=0.00s Sys=0.00s Real=0.00s
[598.352s][info][gc,start       ] GC(1629) Pause Young (Allocation Failure)
[598.353s][info][gc,heap        ] GC(1629) PSYoungGen: 258624K(269312K)->64K(249344K) Eden: 258560K(258560K)->0K(248832K) From: 64K(10752K)->64K(512K)
[598.353s][info][gc,heap        ] GC(1629) ParOldGen: 358554K(358912K)->358562K(358912K)
[598.353s][info][gc,metaspace   ] GC(1629) Metaspace: 35444K(36160K)->35444K(36160K) NonClass: 29171K(29696K)->29171K(29696K) Class: 6272K(6464K)->6272K(6464K)
[598.353s][info][gc             ] GC(1629) Pause Young (Allocation Failure) 602M->350M(594M) 1.797ms
[598.353s][info][gc,cpu         ] GC(1629) User=0.00s Sys=0.00s Real=0.00s
[598.804s][info][gc,start       ] GC(1630) Pause Young (Allocation Failure)
[598.807s][info][gc,heap        ] GC(1630) PSYoungGen: 248896K(249344K)->64K(248320K) Eden: 248832K(248832K)->0K(239104K) From: 64K(512K)->64K(9216K)
[598.807s][info][gc,heap        ] GC(1630) ParOldGen: 358562K(358912K)->358578K(358912K)
[598.807s][info][gc,metaspace   ] GC(1630) Metaspace: 35444K(36160K)->35444K(36160K) NonClass: 29171K(29696K)->29171K(29696K) Class: 6272K(6464K)->6272K(6464K)
[598.807s][info][gc             ] GC(1630) Pause Young (Allocation Failure) 593M->350M(593M) 2.476ms
[598.807s][info][gc,cpu         ] GC(1630) User=0.00s Sys=0.01s Real=0.01s
[599.155s][info][gc,start       ] GC(1631) Pause Young (Allocation Failure)
[599.158s][info][gc,heap        ] GC(1631) PSYoungGen: 239168K(248320K)->64K(230400K) Eden: 239104K(239104K)->0K(229888K) From: 64K(9216K)->64K(512K)
[599.158s][info][gc,heap        ] GC(1631) ParOldGen: 358578K(358912K)->358594K(358912K)
[599.158s][info][gc,metaspace   ] GC(1631) Metaspace: 35444K(36160K)->35444K(36160K) NonClass: 29171K(29696K)->29171K(29696K) Class: 6272K(6464K)->6272K(6464K)
[599.158s][info][gc             ] GC(1631) Pause Young (Allocation Failure) 583M->350M(575M) 3.128ms
[599.158s][info][gc,cpu         ] GC(1631) User=0.00s Sys=0.00s Real=0.01s
[599.275s][info][gc,start       ] GC(1632) Pause Young (Allocation Failure)
[599.277s][info][gc,heap        ] GC(1632) PSYoungGen: 229952K(230400K)->64K(229376K) Eden: 229888K(229888K)->0K(221184K) From: 64K(512K)->64K(8192K)
[599.277s][info][gc,heap        ] GC(1632) ParOldGen: 358594K(358912K)->358610K(358912K)
[599.277s][info][gc,metaspace   ] GC(1632) Metaspace: 35444K(36160K)->35444K(36160K) NonClass: 29171K(29696K)->29171K(29696K) Class: 6272K(6464K)->6272K(6464K)
[599.277s][info][gc             ] GC(1632) Pause Young (Allocation Failure) 574M->350M(574M) 2.444ms
[599.277s][info][gc,cpu         ] GC(1632) User=0.01s Sys=0.00s Real=0.01s
[599.507s][info][gc,start       ] GC(1633) Pause Young (Allocation Failure)
[599.510s][info][gc,heap        ] GC(1633) PSYoungGen: 221248K(229376K)->64K(261120K) Eden: 221184K(221184K)->0K(260608K) From: 64K(8192K)->64K(512K)
[599.510s][info][gc,heap        ] GC(1633) ParOldGen: 358610K(358912K)->358626K(358912K)
[599.510s][info][gc,metaspace   ] GC(1633) Metaspace: 35444K(36160K)->35444K(36160K) NonClass: 29171K(29696K)->29171K(29696K) Class: 6272K(6464K)->6272K(6464K)
[599.510s][info][gc             ] GC(1633) Pause Young (Allocation Failure) 566M->350M(605M) 3.009ms
[599.510s][info][gc,cpu         ] GC(1633) User=0.00s Sys=0.00s Real=0.00s
[600.003s][info][gc,start       ] GC(1634) Pause Young (Allocation Failure)
[600.005s][info][gc,heap        ] GC(1634) PSYoungGen: 260672K(261120K)->64K(257536K) Eden: 260608K(260608K)->0K(250368K) From: 64K(512K)->64K(7168K)
[600.005s][info][gc,heap        ] GC(1634) ParOldGen: 358626K(358912K)->358642K(358912K)
[600.005s][info][gc,metaspace   ] GC(1634) Metaspace: 35444K(36160K)->35444K(36160K) NonClass: 29171K(29696K)->29171K(29696K) Class: 6272K(6464K)->6272K(6464K)
[600.005s][info][gc             ] GC(1634) Pause Young (Allocation Failure) 604M->350M(602M) 2.493ms
[600.005s][info][gc,cpu         ] GC(1634) User=0.00s Sys=0.00s Real=0.00s
[600.381s][info][gc,start       ] GC(1635) Pause Young (Allocation Failure)
[600.388s][info][gc,heap        ] GC(1635) PSYoungGen: 250432K(257536K)->2080K(276992K) Eden: 250368K(250368K)->0K(270336K) From: 64K(7168K)->2080K(6656K)
[600.388s][info][gc,heap        ] GC(1635) ParOldGen: 358642K(358912K)->358658K(358912K)
[600.388s][info][gc,metaspace   ] GC(1635) Metaspace: 35444K(36160K)->35444K(36160K) NonClass: 29171K(29696K)->29171K(29696K) Class: 6272K(6464K)->6272K(6464K)
[600.388s][info][gc             ] GC(1635) Pause Young (Allocation Failure) 594M->352M(621M) 6.787ms
[600.388s][info][gc,cpu         ] GC(1635) User=0.01s Sys=0.00s Real=0.01s
[600.663s][info][gc,start       ] GC(1636) Pause Young (Allocation Failure)
[600.722s][info][gc,heap        ] GC(1636) PSYoungGen: 272416K(276992K)->6656K(276992K) Eden: 270336K(270336K)->0K(270336K) From: 2080K(6656K)->6656K(6656K)
[600.722s][info][gc,heap        ] GC(1636) ParOldGen: 358658K(358912K)->380530K(380928K)
[600.722s][info][gc,metaspace   ] GC(1636) Metaspace: 35444K(36160K)->35444K(36160K) NonClass: 29171K(29696K)->29171K(29696K) Class: 6272K(6464K)->6272K(6464K)
[600.722s][info][gc             ] GC(1636) Pause Young (Allocation Failure) 616M->378M(642M) 59.354ms
[600.722s][info][gc,cpu         ] GC(1636) User=0.09s Sys=0.02s Real=0.06s
[600.999s][info][gc,start       ] GC(1637) Pause Young (Allocation Failure)
[601.065s][info][gc,heap        ] GC(1637) PSYoungGen: 276992K(276992K)->16384K(301056K) Eden: 270336K(270336K)->0K(284672K) From: 6656K(6656K)->16384K(16384K)
[601.065s][info][gc,heap        ] GC(1637) ParOldGen: 380530K(380928K)->393466K(393728K)
[601.065s][info][gc,metaspace   ] GC(1637) Metaspace: 35444K(36160K)->35444K(36160K) NonClass: 29171K(29696K)->29171K(29696K) Class: 6272K(6464K)->6272K(6464K)
[601.065s][info][gc             ] GC(1637) Pause Young (Allocation Failure) 642M->400M(678M) 66.081ms
[601.065s][info][gc,cpu         ] GC(1637) User=0.11s Sys=0.02s Real=0.07s
[601.212s][info][gc,start       ] GC(1638) Pause Young (Allocation Failure)
[601.237s][info][gc,heap        ] GC(1638) PSYoungGen: 301056K(301056K)->9888K(309248K) Eden: 284672K(284672K)->0K(284672K) From: 16384K(16384K)->9888K(24576K)
[601.237s][info][gc,heap        ] GC(1638) ParOldGen: 393466K(393728K)->393930K(394240K)
[601.237s][info][gc,metaspace   ] GC(1638) Metaspace: 35444K(36160K)->35444K(36160K) NonClass: 29171K(29696K)->29171K(29696K) Class: 6272K(6464K)->6272K(6464K)
[601.237s][info][gc             ] GC(1638) Pause Young (Allocation Failure) 678M->394M(687M) 24.901ms
[601.237s][info][gc,cpu         ] GC(1638) User=0.05s Sys=0.00s Real=0.03s
[601.670s][info][gc,start       ] GC(1639) Pause Young (Allocation Failure)
[601.672s][info][gc,heap        ] GC(1639) PSYoungGen: 294560K(309248K)->64K(307712K) Eden: 284672K(284672K)->0K(285184K) From: 9888K(24576K)->64K(22528K)
[601.672s][info][gc,heap        ] GC(1639) ParOldGen: 393930K(394240K)->393938K(394240K)
[601.672s][info][gc,metaspace   ] GC(1639) Metaspace: 35444K(36160K)->35444K(36160K) NonClass: 29171K(29696K)->29171K(29696K) Class: 6272K(6464K)->6272K(6464K)
[601.672s][info][gc             ] GC(1639) Pause Young (Allocation Failure) 672M->384M(685M) 1.754ms
[601.672s][info][gc,cpu         ] GC(1639) User=0.01s Sys=0.00s Real=0.00s
[602.254s][info][gc,start       ] GC(1640) Pause Young (Allocation Failure)
[602.256s][info][gc,heap        ] GC(1640) PSYoungGen: 285248K(307712K)->64K(308736K) Eden: 285184K(285184K)->0K(285184K) From: 64K(22528K)->64K(23552K)
[602.256s][info][gc,heap        ] GC(1640) ParOldGen: 393938K(394240K)->393946K(394240K)
[602.256s][info][gc,metaspace   ] GC(1640) Metaspace: 35444K(36160K)->35444K(36160K) NonClass: 29171K(29696K)->29171K(29696K) Class: 6272K(6464K)->6272K(6464K)
[602.256s][info][gc             ] GC(1640) Pause Young (Allocation Failure) 663M->384M(686M) 1.628ms
[602.256s][info][gc,cpu         ] GC(1640) User=0.00s Sys=0.00s Real=0.01s
[602.694s][info][gc,start       ] GC(1641) Pause Young (Allocation Failure)
[602.696s][info][gc,heap        ] GC(1641) PSYoungGen: 285248K(308736K)->64K(309248K) Eden: 285184K(285184K)->0K(287744K) From: 64K(23552K)->64K(21504K)
[602.696s][info][gc,heap        ] GC(1641) ParOldGen: 393946K(394240K)->393962K(394240K)
[602.696s][info][gc,metaspace   ] GC(1641) Metaspace: 35444K(36160K)->35444K(36160K) NonClass: 29171K(29696K)->29171K(29696K) Class: 6272K(6464K)->6272K(6464K)
[602.696s][info][gc             ] GC(1641) Pause Young (Allocation Failure) 663M->384M(687M) 1.613ms
[602.696s][info][gc,cpu         ] GC(1641) User=0.01s Sys=0.00s Real=0.01s
[602.917s][info][gc,start       ] GC(1642) Pause Young (Allocation Failure)
[602.919s][info][gc,heap        ] GC(1642) PSYoungGen: 287808K(309248K)->64K(309760K) Eden: 287744K(287744K)->0K(287744K) From: 64K(21504K)->64K(22016K)
[602.919s][info][gc,heap        ] GC(1642) ParOldGen: 393962K(394240K)->393978K(394240K)
[602.919s][info][gc,metaspace   ] GC(1642) Metaspace: 35444K(36160K)->35444K(36160K) NonClass: 29171K(29696K)->29171K(29696K) Class: 6272K(6464K)->6272K(6464K)
[602.919s][info][gc             ] GC(1642) Pause Young (Allocation Failure) 665M->384M(687M) 1.566ms
[602.919s][info][gc,cpu         ] GC(1642) User=0.00s Sys=0.00s Real=0.00s
[603.138s][info][gc,start       ] GC(1643) Pause Young (Allocation Failure)
[603.139s][info][gc,heap        ] GC(1643) PSYoungGen: 287808K(309760K)->64K(310272K) Eden: 287744K(287744K)->0K(290816K) From: 64K(22016K)->64K(19456K)
[603.139s][info][gc,heap        ] GC(1643) ParOldGen: 393978K(394240K)->393978K(394240K)
[603.139s][info][gc,metaspace   ] GC(1643) Metaspace: 35444K(36160K)->35444K(36160K) NonClass: 29171K(29696K)->29171K(29696K) Class: 6272K(6464K)->6272K(6464K)
[603.139s][info][gc             ] GC(1643) Pause Young (Allocation Failure) 665M->384M(688M) 1.684ms
[603.139s][info][gc,cpu         ] GC(1643) User=0.00s Sys=0.00s Real=0.00s
[603.488s][info][gc,start       ] GC(1644) Pause Young (Allocation Failure)
[603.489s][info][gc,heap        ] GC(1644) PSYoungGen: 290880K(310272K)->64K(310784K) Eden: 290816K(290816K)->0K(290816K) From: 64K(19456K)->64K(19968K)
[603.489s][info][gc,heap        ] GC(1644) ParOldGen: 393978K(394240K)->393978K(394240K)
[603.489s][info][gc,metaspace   ] GC(1644) Metaspace: 35444K(36160K)->35444K(36160K) NonClass: 29171K(29696K)->29171K(29696K) Class: 6272K(6464K)->6272K(6464K)
[603.489s][info][gc             ] GC(1644) Pause Young (Allocation Failure) 668M->384M(688M) 1.544ms
[603.489s][info][gc,cpu         ] GC(1644) User=0.00s Sys=0.00s Real=0.00s
[603.594s][info][gc,start       ] GC(1645) Pause Young (Allocation Failure)
[603.596s][info][gc,heap        ] GC(1645) PSYoungGen: 290880K(310784K)->64K(313344K) Eden: 290816K(290816K)->0K(294912K) From: 64K(19968K)->64K(18432K)
[603.596s][info][gc,heap        ] GC(1645) ParOldGen: 393978K(394240K)->393986K(394240K)
[603.596s][info][gc,metaspace   ] GC(1645) Metaspace: 35444K(36160K)->35444K(36160K) NonClass: 29171K(29696K)->29171K(29696K) Class: 6272K(6464K)->6272K(6464K)
[603.596s][info][gc             ] GC(1645) Pause Young (Allocation Failure) 668M->384M(691M) 1.522ms
[603.596s][info][gc,cpu         ] GC(1645) User=0.01s Sys=0.00s Real=0.01s
[603.652s][info][gc,start       ] GC(1646) Pause Young (Allocation Failure)
[603.653s][info][gc,heap        ] GC(1646) PSYoungGen: 294976K(313344K)->64K(313344K) Eden: 294912K(294912K)->0K(294912K) From: 64K(18432K)->64K(18432K)
[603.653s][info][gc,heap        ] GC(1646) ParOldGen: 393986K(394240K)->394002K(394240K)
[603.653s][info][gc,metaspace   ] GC(1646) Metaspace: 35444K(36160K)->35444K(36160K) NonClass: 29171K(29696K)->29171K(29696K) Class: 6272K(6464K)->6272K(6464K)
[603.653s][info][gc             ] GC(1646) Pause Young (Allocation Failure) 672M->384M(691M) 1.414ms
[603.653s][info][gc,cpu         ] GC(1646) User=0.00s Sys=0.00s Real=0.00s
[603.859s][info][gc,start       ] GC(1647) Pause Young (Allocation Failure)
[603.860s][info][gc,heap        ] GC(1647) PSYoungGen: 294976K(313344K)->64K(314368K) Eden: 294912K(294912K)->0K(297984K) From: 64K(18432K)->64K(16384K)
[603.860s][info][gc,heap        ] GC(1647) ParOldGen: 394002K(394240K)->394002K(394240K)
[603.860s][info][gc,metaspace   ] GC(1647) Metaspace: 35444K(36160K)->35444K(36160K) NonClass: 29171K(29696K)->29171K(29696K) Class: 6272K(6464K)->6272K(6464K)
[603.860s][info][gc             ] GC(1647) Pause Young (Allocation Failure) 672M->384M(692M) 1.530ms
[603.860s][info][gc,cpu         ] GC(1647) User=0.00s Sys=0.00s Real=0.00s
[604.188s][info][gc,start       ] GC(1648) Pause Young (Allocation Failure)
[604.189s][info][gc,heap        ] GC(1648) PSYoungGen: 298048K(314368K)->64K(314368K) Eden: 297984K(297984K)->0K(297984K) From: 64K(16384K)->64K(16384K)
[604.189s][info][gc,heap        ] GC(1648) ParOldGen: 394002K(394240K)->394010K(394240K)
[604.189s][info][gc,metaspace   ] GC(1648) Metaspace: 35444K(36160K)->35444K(36160K) NonClass: 29171K(29696K)->29171K(29696K) Class: 6272K(6464K)->6272K(6464K)
[604.189s][info][gc             ] GC(1648) Pause Young (Allocation Failure) 675M->384M(692M) 1.478ms
[604.189s][info][gc,cpu         ] GC(1648) User=0.00s Sys=0.00s Real=0.00s
[604.341s][info][gc,start       ] GC(1649) Pause Young (Allocation Failure)
[604.343s][info][gc,heap        ] GC(1649) PSYoungGen: 298048K(314368K)->64K(316416K) Eden: 297984K(297984K)->0K(302080K) From: 64K(16384K)->64K(14336K)
[604.343s][info][gc,heap        ] GC(1649) ParOldGen: 394010K(394240K)->394018K(394240K)
[604.343s][info][gc,metaspace   ] GC(1649) Metaspace: 35444K(36160K)->35444K(36160K) NonClass: 29171K(29696K)->29171K(29696K) Class: 6272K(6464K)->6272K(6464K)
[604.343s][info][gc             ] GC(1649) Pause Young (Allocation Failure) 675M->384M(694M) 1.578ms
[604.343s][info][gc,cpu         ] GC(1649) User=0.00s Sys=0.00s Real=0.00s
[604.430s][info][gc,start       ] GC(1650) Pause Young (Allocation Failure)
[604.432s][info][gc,heap        ] GC(1650) PSYoungGen: 302144K(316416K)->64K(316416K) Eden: 302080K(302080K)->0K(302080K) From: 64K(14336K)->64K(14336K)
[604.432s][info][gc,heap        ] GC(1650) ParOldGen: 394018K(394240K)->394034K(394240K)
[604.432s][info][gc,metaspace   ] GC(1650) Metaspace: 35444K(36160K)->35444K(36160K) NonClass: 29171K(29696K)->29171K(29696K) Class: 6272K(6464K)->6272K(6464K)
[604.432s][info][gc             ] GC(1650) Pause Young (Allocation Failure) 679M->384M(694M) 1.607ms
[604.432s][info][gc,cpu         ] GC(1650) User=0.01s Sys=0.00s Real=0.00s
[604.624s][info][gc,start       ] GC(1651) Pause Young (Allocation Failure)
[604.626s][info][gc,heap        ] GC(1651) PSYoungGen: 302144K(316416K)->64K(317952K) Eden: 302080K(302080K)->0K(305664K) From: 64K(14336K)->64K(12288K)
[604.626s][info][gc,heap        ] GC(1651) ParOldGen: 394034K(394240K)->394034K(394240K)
[604.626s][info][gc,metaspace   ] GC(1651) Metaspace: 35444K(36160K)->35444K(36160K) NonClass: 29171K(29696K)->29171K(29696K) Class: 6272K(6464K)->6272K(6464K)
[604.626s][info][gc             ] GC(1651) Pause Young (Allocation Failure) 679M->384M(695M) 1.490ms
[604.626s][info][gc,cpu         ] GC(1651) User=0.00s Sys=0.00s Real=0.01s
[605.603s][info][gc,start       ] GC(1652) Pause Young (Allocation Failure)
[605.604s][info][gc,heap        ] GC(1652) PSYoungGen: 305728K(317952K)->83K(318464K) Eden: 305664K(305664K)->0K(305664K) From: 64K(12288K)->83K(12800K)
[605.604s][info][gc,heap        ] GC(1652) ParOldGen: 394034K(394240K)->394042K(394240K)
[605.604s][info][gc,metaspace   ] GC(1652) Metaspace: 35444K(36160K)->35444K(36160K) NonClass: 29171K(29696K)->29171K(29696K) Class: 6272K(6464K)->6272K(6464K)
[605.604s][info][gc             ] GC(1652) Pause Young (Allocation Failure) 683M->384M(696M) 1.691ms
[605.604s][info][gc,cpu         ] GC(1652) User=0.00s Sys=0.00s Real=0.00s
[606.483s][info][gc,start       ] GC(1653) Pause Young (Allocation Failure)
[606.487s][info][gc,heap        ] GC(1653) PSYoungGen: 305747K(318464K)->64K(293888K) Eden: 305664K(305664K)->0K(293376K) From: 83K(12800K)->64K(512K)
[606.487s][info][gc,heap        ] GC(1653) ParOldGen: 394042K(394240K)->394050K(394240K)
[606.487s][info][gc,metaspace   ] GC(1653) Metaspace: 35444K(36160K)->35444K(36160K) NonClass: 29171K(29696K)->29171K(29696K) Class: 6272K(6464K)->6272K(6464K)
[606.487s][info][gc             ] GC(1653) Pause Young (Allocation Failure) 683M->384M(672M) 3.343ms
[606.487s][info][gc,cpu         ] GC(1653) User=0.00s Sys=0.00s Real=0.01s
[606.761s][info][gc,start       ] GC(1654) Pause Young (Allocation Failure)
[606.763s][info][gc,heap        ] GC(1654) PSYoungGen: 293440K(293888K)->64K(292864K) Eden: 293376K(293376K)->0K(281600K) From: 64K(512K)->64K(11264K)
[606.763s][info][gc,heap        ] GC(1654) ParOldGen: 394050K(394240K)->394058K(394240K)
[606.763s][info][gc,metaspace   ] GC(1654) Metaspace: 35444K(36160K)->35444K(36160K) NonClass: 29171K(29696K)->29171K(29696K) Class: 6272K(6464K)->6272K(6464K)
[606.763s][info][gc             ] GC(1654) Pause Young (Allocation Failure) 671M->384M(671M) 2.045ms
[606.763s][info][gc,cpu         ] GC(1654) User=0.01s Sys=0.00s Real=0.00s
[607.212s][info][gc,start       ] GC(1655) Pause Young (Allocation Failure)
[607.213s][info][gc,heap        ] GC(1655) PSYoungGen: 281664K(292864K)->64K(270848K) Eden: 281600K(281600K)->0K(270336K) From: 64K(11264K)->64K(512K)
[607.213s][info][gc,heap        ] GC(1655) ParOldGen: 394058K(394240K)->394066K(394240K)
[607.213s][info][gc,metaspace   ] GC(1655) Metaspace: 35444K(36160K)->35444K(36160K) NonClass: 29171K(29696K)->29171K(29696K) Class: 6272K(6464K)->6272K(6464K)
[607.213s][info][gc             ] GC(1655) Pause Young (Allocation Failure) 659M->384M(649M) 1.806ms
[607.213s][info][gc,cpu         ] GC(1655) User=0.00s Sys=0.00s Real=0.00s
[608.160s][info][gc,start       ] GC(1656) Pause Young (Allocation Failure)
[608.162s][info][gc,heap        ] GC(1656) PSYoungGen: 270400K(270848K)->64K(269312K) Eden: 270336K(270336K)->0K(259584K) From: 64K(512K)->64K(9728K)
[608.162s][info][gc,heap        ] GC(1656) ParOldGen: 394066K(394240K)->394074K(394240K)
[608.162s][info][gc,metaspace   ] GC(1656) Metaspace: 35444K(36160K)->35444K(36160K) NonClass: 29171K(29696K)->29171K(29696K) Class: 6272K(6464K)->6272K(6464K)
[608.162s][info][gc             ] GC(1656) Pause Young (Allocation Failure) 648M->384M(648M) 1.509ms
[608.162s][info][gc,cpu         ] GC(1656) User=0.00s Sys=0.00s Real=0.00s
[608.519s][info][gc,start       ] GC(1657) Pause Young (Allocation Failure)
[608.520s][info][gc,heap        ] GC(1657) PSYoungGen: 259648K(269312K)->64K(249856K) Eden: 259584K(259584K)->0K(249344K) From: 64K(9728K)->64K(512K)
[608.520s][info][gc,heap        ] GC(1657) ParOldGen: 394074K(394240K)->394082K(394240K)
[608.520s][info][gc,metaspace   ] GC(1657) Metaspace: 35444K(36160K)->35444K(36160K) NonClass: 29171K(29696K)->29171K(29696K) Class: 6272K(6464K)->6272K(6464K)
[608.520s][info][gc             ] GC(1657) Pause Young (Allocation Failure) 638M->384M(629M) 1.802ms
[608.521s][info][gc,cpu         ] GC(1657) User=0.01s Sys=0.00s Real=0.00s
[608.673s][info][gc,start       ] GC(1658) Pause Young (Allocation Failure)
[608.674s][info][gc,heap        ] GC(1658) PSYoungGen: 249408K(249856K)->64K(248320K) Eden: 249344K(249344K)->0K(239616K) From: 64K(512K)->64K(8704K)
[608.674s][info][gc,heap        ] GC(1658) ParOldGen: 394082K(394240K)->394090K(394240K)
[608.674s][info][gc,metaspace   ] GC(1658) Metaspace: 35444K(36160K)->35444K(36160K) NonClass: 29171K(29696K)->29171K(29696K) Class: 6272K(6464K)->6272K(6464K)
[608.674s][info][gc             ] GC(1658) Pause Young (Allocation Failure) 628M->384M(627M) 1.430ms
[608.674s][info][gc,cpu         ] GC(1658) User=0.00s Sys=0.00s Real=0.00s
[608.868s][info][gc,start       ] GC(1659) Pause Young (Allocation Failure)
[608.870s][info][gc,heap        ] GC(1659) PSYoungGen: 239680K(248320K)->64K(230912K) Eden: 239616K(239616K)->0K(230400K) From: 64K(8704K)->64K(512K)
[608.870s][info][gc,heap        ] GC(1659) ParOldGen: 394090K(394240K)->394098K(394240K)
[608.870s][info][gc,metaspace   ] GC(1659) Metaspace: 35444K(36160K)->35444K(36160K) NonClass: 29171K(29696K)->29171K(29696K) Class: 6272K(6464K)->6272K(6464K)
[608.870s][info][gc             ] GC(1659) Pause Young (Allocation Failure) 618M->384M(610M) 2.158ms
[608.870s][info][gc,cpu         ] GC(1659) User=0.00s Sys=0.00s Real=0.00s
[609.379s][info][gc,start       ] GC(1660) Pause Young (Allocation Failure)
[609.381s][info][gc,heap        ] GC(1660) PSYoungGen: 230464K(230912K)->64K(228864K) Eden: 230400K(230400K)->0K(221696K) From: 64K(512K)->64K(7168K)
[609.381s][info][gc,heap        ] GC(1660) ParOldGen: 394098K(394240K)->394106K(394240K)
[609.381s][info][gc,metaspace   ] GC(1660) Metaspace: 35444K(36160K)->35444K(36160K) NonClass: 29171K(29696K)->29171K(29696K) Class: 6272K(6464K)->6272K(6464K)
[609.381s][info][gc             ] GC(1660) Pause Young (Allocation Failure) 609M->384M(608M) 1.540ms
[609.381s][info][gc,cpu         ] GC(1660) User=0.00s Sys=0.00s Real=0.00s
[609.622s][info][gc,start       ] GC(1661) Pause Young (Allocation Failure)
[609.624s][info][gc,heap        ] GC(1661) PSYoungGen: 221760K(228864K)->64K(214016K) Eden: 221696K(221696K)->0K(213504K) From: 64K(7168K)->64K(512K)
[609.624s][info][gc,heap        ] GC(1661) ParOldGen: 394106K(394240K)->394114K(394240K)
[609.624s][info][gc,metaspace   ] GC(1661) Metaspace: 35444K(36160K)->35444K(36160K) NonClass: 29171K(29696K)->29171K(29696K) Class: 6272K(6464K)->6272K(6464K)
[609.624s][info][gc             ] GC(1661) Pause Young (Allocation Failure) 601M->384M(594M) 1.991ms
[609.624s][info][gc,cpu         ] GC(1661) User=0.01s Sys=0.00s Real=0.00s
[609.911s][info][gc,start       ] GC(1662) Pause Young (Allocation Failure)
[609.950s][info][gc,heap        ] GC(1662) PSYoungGen: 213568K(214016K)->6144K(261632K) Eden: 213504K(213504K)->0K(255488K) From: 64K(512K)->6144K(6144K)
[609.950s][info][gc,heap        ] GC(1662) ParOldGen: 394114K(394240K)->404706K(404992K)
[609.950s][info][gc,metaspace   ] GC(1662) Metaspace: 35444K(36160K)->35444K(36160K) NonClass: 29171K(29696K)->29171K(29696K) Class: 6272K(6464K)->6272K(6464K)
[609.950s][info][gc             ] GC(1662) Pause Young (Allocation Failure) 593M->401M(651M) 38.325ms
[609.950s][info][gc,cpu         ] GC(1662) User=0.06s Sys=0.01s Real=0.04s
[610.211s][info][gc,start       ] GC(1663) Pause Young (Allocation Failure)
[610.273s][info][gc,heap        ] GC(1663) PSYoungGen: 261632K(261632K)->6144K(269312K) Eden: 255488K(255488K)->0K(263168K) From: 6144K(6144K)->6144K(6144K)
[610.273s][info][gc,heap        ] GC(1663) ParOldGen: 404706K(404992K)->425922K(425984K)
[610.273s][info][gc,metaspace   ] GC(1663) Metaspace: 35444K(36160K)->35444K(36160K) NonClass: 29171K(29696K)->29171K(29696K) Class: 6272K(6464K)->6272K(6464K)
[610.273s][info][gc             ] GC(1663) Pause Young (Allocation Failure) 650M->421M(679M) 61.367ms
[610.273s][info][gc,cpu         ] GC(1663) User=0.10s Sys=0.02s Real=0.06s
[610.525s][info][gc,start       ] GC(1664) Pause Young (Allocation Failure)
[610.572s][info][gc,heap        ] GC(1664) PSYoungGen: 269312K(269312K)->19968K(283136K) Eden: 263168K(263168K)->0K(263168K) From: 6144K(6144K)->19968K(19968K)
[610.572s][info][gc,heap        ] GC(1664) ParOldGen: 425922K(425984K)->431994K(432128K)
[610.572s][info][gc,metaspace   ] GC(1664) Metaspace: 35444K(36160K)->35444K(36160K) NonClass: 29171K(29696K)->29171K(29696K) Class: 6272K(6464K)->6272K(6464K)
[610.572s][info][gc             ] GC(1664) Pause Young (Allocation Failure) 678M->441M(698M) 47.594ms
[610.572s][info][gc,cpu         ] GC(1664) User=0.09s Sys=0.00s Real=0.05s
[610.656s][info][gc,start       ] GC(1665) Pause Young (Allocation Failure)
[610.659s][info][gc,heap        ] GC(1665) PSYoungGen: 283136K(283136K)->64K(308224K) Eden: 263168K(263168K)->0K(281600K) From: 19968K(19968K)->64K(26624K)
[610.659s][info][gc,heap        ] GC(1665) ParOldGen: 431994K(432128K)->432202K(432640K)
[610.659s][info][gc,metaspace   ] GC(1665) Metaspace: 35444K(36160K)->35444K(36160K) NonClass: 29171K(29696K)->29171K(29696K) Class: 6272K(6464K)->6272K(6464K)
[610.659s][info][gc             ] GC(1665) Pause Young (Allocation Failure) 698M->422M(723M) 3.206ms
[610.659s][info][gc,cpu         ] GC(1665) User=0.01s Sys=0.00s Real=0.00s
[611.280s][info][gc,start       ] GC(1666) Pause Young (Allocation Failure)
[611.281s][info][gc,heap        ] GC(1666) PSYoungGen: 281664K(308224K)->64K(282112K) Eden: 281600K(281600K)->0K(281600K) From: 64K(26624K)->64K(512K)
[611.281s][info][gc,heap        ] GC(1666) ParOldGen: 432202K(432640K)->432210K(432640K)
[611.281s][info][gc,metaspace   ] GC(1666) Metaspace: 35444K(36160K)->35444K(36160K) NonClass: 29171K(29696K)->29171K(29696K) Class: 6272K(6464K)->6272K(6464K)
[611.281s][info][gc             ] GC(1666) Pause Young (Allocation Failure) 697M->422M(698M) 1.573ms
[611.281s][info][gc,cpu         ] GC(1666) User=0.00s Sys=0.00s Real=0.00s
[611.700s][info][gc,start       ] GC(1667) Pause Young (Allocation Failure)
[611.702s][info][gc,heap        ] GC(1667) PSYoungGen: 281664K(282112K)->64K(307712K) Eden: 281600K(281600K)->0K(282624K) From: 64K(512K)->64K(25088K)
[611.702s][info][gc,heap        ] GC(1667) ParOldGen: 432210K(432640K)->432218K(432640K)
[611.702s][info][gc,metaspace   ] GC(1667) Metaspace: 35444K(36160K)->35444K(36160K) NonClass: 29171K(29696K)->29171K(29696K) Class: 6272K(6464K)->6272K(6464K)
[611.702s][info][gc             ] GC(1667) Pause Young (Allocation Failure) 697M->422M(723M) 1.648ms
[611.702s][info][gc,cpu         ] GC(1667) User=0.00s Sys=0.00s Real=0.00s
[612.137s][info][gc,start       ] GC(1668) Pause Young (Allocation Failure)
[612.139s][info][gc,heap        ] GC(1668) PSYoungGen: 282688K(307712K)->64K(306688K) Eden: 282624K(282624K)->0K(282624K) From: 64K(25088K)->64K(24064K)
[612.139s][info][gc,heap        ] GC(1668) ParOldGen: 432218K(432640K)->432234K(432640K)
[612.139s][info][gc,metaspace   ] GC(1668) Metaspace: 35444K(36160K)->35444K(36160K) NonClass: 29171K(29696K)->29171K(29696K) Class: 6272K(6464K)->6272K(6464K)
[612.139s][info][gc             ] GC(1668) Pause Young (Allocation Failure) 698M->422M(722M) 1.633ms
[612.139s][info][gc,cpu         ] GC(1668) User=0.00s Sys=0.00s Real=0.00s
[612.352s][info][gc,start       ] GC(1669) Pause Young (Allocation Failure)
[612.354s][info][gc,heap        ] GC(1669) PSYoungGen: 282688K(306688K)->64K(308736K) Eden: 282624K(282624K)->0K(285696K) From: 64K(24064K)->64K(23040K)
[612.354s][info][gc,heap        ] GC(1669) ParOldGen: 432234K(432640K)->432250K(432640K)
[612.354s][info][gc,metaspace   ] GC(1669) Metaspace: 35444K(36160K)->35444K(36160K) NonClass: 29171K(29696K)->29171K(29696K) Class: 6272K(6464K)->6272K(6464K)
[612.354s][info][gc             ] GC(1669) Pause Young (Allocation Failure) 698M->422M(724M) 1.580ms
[612.354s][info][gc,cpu         ] GC(1669) User=0.00s Sys=0.00s Real=0.00s
[612.569s][info][gc,start       ] GC(1670) Pause Young (Allocation Failure)
[612.570s][info][gc,heap        ] GC(1670) PSYoungGen: 285760K(308736K)->64K(307712K) Eden: 285696K(285696K)->0K(285696K) From: 64K(23040K)->64K(22016K)
[612.570s][info][gc,heap        ] GC(1670) ParOldGen: 432250K(432640K)->432250K(432640K)
[612.570s][info][gc,metaspace   ] GC(1670) Metaspace: 35444K(36160K)->35444K(36160K) NonClass: 29171K(29696K)->29171K(29696K) Class: 6272K(6464K)->6272K(6464K)
[612.570s][info][gc             ] GC(1670) Pause Young (Allocation Failure) 701M->422M(723M) 1.543ms
[612.570s][info][gc,cpu         ] GC(1670) User=0.01s Sys=0.00s Real=0.00s
[612.925s][info][gc,start       ] GC(1671) Pause Young (Allocation Failure)
[612.927s][info][gc,heap        ] GC(1671) PSYoungGen: 285760K(307712K)->64K(310272K) Eden: 285696K(285696K)->0K(290304K) From: 64K(22016K)->64K(19968K)
[612.927s][info][gc,heap        ] GC(1671) ParOldGen: 432250K(432640K)->432250K(432640K)
[612.927s][info][gc,metaspace   ] GC(1671) Metaspace: 35444K(36160K)->35444K(36160K) NonClass: 29171K(29696K)->29171K(29696K) Class: 6272K(6464K)->6272K(6464K)
[612.927s][info][gc             ] GC(1671) Pause Young (Allocation Failure) 701M->422M(725M) 1.618ms
[612.927s][info][gc,cpu         ] GC(1671) User=0.00s Sys=0.00s Real=0.01s
[612.981s][info][gc,start       ] GC(1672) Pause Young (Allocation Failure)
[612.983s][info][gc,heap        ] GC(1672) PSYoungGen: 290368K(310272K)->64K(309760K) Eden: 290304K(290304K)->0K(290304K) From: 64K(19968K)->64K(19456K)
[612.983s][info][gc,heap        ] GC(1672) ParOldGen: 432250K(432640K)->432266K(432640K)
[612.983s][info][gc,metaspace   ] GC(1672) Metaspace: 35444K(36160K)->35444K(36160K) NonClass: 29171K(29696K)->29171K(29696K) Class: 6272K(6464K)->6272K(6464K)
[612.983s][info][gc             ] GC(1672) Pause Young (Allocation Failure) 705M->422M(725M) 1.434ms
[612.983s][info][gc,cpu         ] GC(1672) User=0.01s Sys=0.00s Real=0.00s
[613.037s][info][gc,start       ] GC(1673) Pause Young (Allocation Failure)
[613.038s][info][gc,heap        ] GC(1673) PSYoungGen: 290368K(309760K)->64K(313344K) Eden: 290304K(290304K)->0K(295424K) From: 64K(19456K)->64K(17920K)
[613.038s][info][gc,heap        ] GC(1673) ParOldGen: 432266K(432640K)->432266K(432640K)
[613.038s][info][gc,metaspace   ] GC(1673) Metaspace: 35444K(36160K)->35444K(36160K) NonClass: 29171K(29696K)->29171K(29696K) Class: 6272K(6464K)->6272K(6464K)
[613.038s][info][gc             ] GC(1673) Pause Young (Allocation Failure) 705M->422M(728M) 1.583ms
[613.038s][info][gc,cpu         ] GC(1673) User=0.00s Sys=0.00s Real=0.00s
[613.318s][info][gc,start       ] GC(1674) Pause Young (Allocation Failure)
[613.320s][info][gc,heap        ] GC(1674) PSYoungGen: 295488K(313344K)->64K(312832K) Eden: 295424K(295424K)->0K(295424K) From: 64K(17920K)->64K(17408K)
[613.320s][info][gc,heap        ] GC(1674) ParOldGen: 432266K(432640K)->432266K(432640K)
[613.320s][info][gc,metaspace   ] GC(1674) Metaspace: 35444K(36160K)->35444K(36160K) NonClass: 29171K(29696K)->29171K(29696K) Class: 6272K(6464K)->6272K(6464K)
[613.320s][info][gc             ] GC(1674) Pause Young (Allocation Failure) 710M->422M(728M) 1.523ms
[613.320s][info][gc,cpu         ] GC(1674) User=0.00s Sys=0.00s Real=0.00s
[613.610s][info][gc,start       ] GC(1675) Pause Young (Allocation Failure)
[613.611s][info][gc,heap        ] GC(1675) PSYoungGen: 295488K(312832K)->64K(315392K) Eden: 295424K(295424K)->0K(299520K) From: 64K(17408K)->64K(15872K)
[613.611s][info][gc,heap        ] GC(1675) ParOldGen: 432266K(432640K)->432274K(432640K)
[613.611s][info][gc,metaspace   ] GC(1675) Metaspace: 35444K(36160K)->35444K(36160K) NonClass: 29171K(29696K)->29171K(29696K) Class: 6272K(6464K)->6272K(6464K)
[613.611s][info][gc             ] GC(1675) Pause Young (Allocation Failure) 710M->422M(730M) 1.623ms
[613.611s][info][gc,cpu         ] GC(1675) User=0.00s Sys=0.00s Real=0.00s
[613.739s][info][gc,start       ] GC(1676) Pause Young (Allocation Failure)
[613.741s][info][gc,heap        ] GC(1676) PSYoungGen: 299584K(315392K)->64K(314880K) Eden: 299520K(299520K)->0K(299520K) From: 64K(15872K)->64K(15360K)
[613.741s][info][gc,heap        ] GC(1676) ParOldGen: 432274K(432640K)->432282K(432640K)
[613.741s][info][gc,metaspace   ] GC(1676) Metaspace: 35444K(36160K)->35444K(36160K) NonClass: 29171K(29696K)->29171K(29696K) Class: 6272K(6464K)->6272K(6464K)
[613.741s][info][gc             ] GC(1676) Pause Young (Allocation Failure) 714M->422M(730M) 1.624ms
[613.741s][info][gc,cpu         ] GC(1676) User=0.00s Sys=0.00s Real=0.00s
[613.839s][info][gc,start       ] GC(1677) Pause Young (Allocation Failure)
[613.840s][info][gc,heap        ] GC(1677) PSYoungGen: 299584K(314880K)->64K(317440K) Eden: 299520K(299520K)->0K(303616K) From: 64K(15360K)->64K(13824K)
[613.840s][info][gc,heap        ] GC(1677) ParOldGen: 432282K(432640K)->432290K(432640K)
[613.840s][info][gc,metaspace   ] GC(1677) Metaspace: 35444K(36160K)->35444K(36160K) NonClass: 29171K(29696K)->29171K(29696K) Class: 6272K(6464K)->6272K(6464K)
[613.840s][info][gc             ] GC(1677) Pause Young (Allocation Failure) 714M->422M(732M) 1.590ms
[613.840s][info][gc,cpu         ] GC(1677) User=0.00s Sys=0.00s Real=0.00s
[614.042s][info][gc,start       ] GC(1678) Pause Young (Allocation Failure)
[614.043s][info][gc,heap        ] GC(1678) PSYoungGen: 303680K(317440K)->64K(317440K) Eden: 303616K(303616K)->0K(303616K) From: 64K(13824K)->64K(13824K)
[614.043s][info][gc,heap        ] GC(1678) ParOldGen: 432290K(432640K)->432298K(432640K)
[614.043s][info][gc,metaspace   ] GC(1678) Metaspace: 35444K(36160K)->35444K(36160K) NonClass: 29171K(29696K)->29171K(29696K) Class: 6272K(6464K)->6272K(6464K)
[614.043s][info][gc             ] GC(1678) Pause Young (Allocation Failure) 718M->422M(732M) 1.608ms
[614.043s][info][gc,cpu         ] GC(1678) User=0.00s Sys=0.00s Real=0.00s
[614.988s][info][gc,start       ] GC(1679) Pause Young (Allocation Failure)
[614.989s][info][gc,heap        ] GC(1679) PSYoungGen: 303680K(317440K)->83K(318976K) Eden: 303616K(303616K)->0K(307200K) From: 64K(13824K)->83K(11776K)
[614.989s][info][gc,heap        ] GC(1679) ParOldGen: 432298K(432640K)->432306K(432640K)
[614.989s][info][gc,metaspace   ] GC(1679) Metaspace: 35444K(36160K)->35444K(36160K) NonClass: 29171K(29696K)->29171K(29696K) Class: 6272K(6464K)->6272K(6464K)
[614.989s][info][gc             ] GC(1679) Pause Young (Allocation Failure) 718M->422M(734M) 1.624ms
[614.989s][info][gc,cpu         ] GC(1679) User=0.00s Sys=0.01s Real=0.00s
[615.886s][info][gc,start       ] GC(1680) Pause Young (Allocation Failure)
[615.888s][info][gc,heap        ] GC(1680) PSYoungGen: 307283K(318976K)->64K(295424K) Eden: 307200K(307200K)->0K(294912K) From: 83K(11776K)->64K(512K)
[615.888s][info][gc,heap        ] GC(1680) ParOldGen: 432306K(432640K)->432314K(432640K)
[615.888s][info][gc,metaspace   ] GC(1680) Metaspace: 35444K(36160K)->35444K(36160K) NonClass: 29171K(29696K)->29171K(29696K) Class: 6272K(6464K)->6272K(6464K)
[615.888s][info][gc             ] GC(1680) Pause Young (Allocation Failure) 722M->422M(711M) 1.651ms
[615.888s][info][gc,cpu         ] GC(1680) User=0.00s Sys=0.00s Real=0.00s
[616.267s][info][gc,start       ] GC(1681) Pause Young (Allocation Failure)
[616.269s][info][gc,heap        ] GC(1681) PSYoungGen: 294976K(295424K)->64K(283648K) Eden: 294912K(294912K)->0K(283136K) From: 64K(512K)->64K(512K)
[616.269s][info][gc,heap        ] GC(1681) ParOldGen: 432314K(432640K)->432322K(432640K)
[616.269s][info][gc,metaspace   ] GC(1681) Metaspace: 35444K(36160K)->35444K(36160K) NonClass: 29171K(29696K)->29171K(29696K) Class: 6272K(6464K)->6272K(6464K)
[616.269s][info][gc             ] GC(1681) Pause Young (Allocation Failure) 710M->422M(699M) 1.655ms
[616.269s][info][gc,cpu         ] GC(1681) User=0.00s Sys=0.00s Real=0.00s
[616.638s][info][gc,start       ] GC(1682) Pause Young (Allocation Failure)
[616.640s][info][gc,heap        ] GC(1682) PSYoungGen: 283200K(283648K)->64K(282112K) Eden: 283136K(283136K)->0K(271872K) From: 64K(512K)->64K(10240K)
[616.640s][info][gc,heap        ] GC(1682) ParOldGen: 432322K(432640K)->432330K(432640K)
[616.640s][info][gc,metaspace   ] GC(1682) Metaspace: 35444K(36160K)->35444K(36160K) NonClass: 29171K(29696K)->29171K(29696K) Class: 6272K(6464K)->6272K(6464K)
[616.640s][info][gc             ] GC(1682) Pause Young (Allocation Failure) 698M->422M(698M) 1.636ms
[616.640s][info][gc,cpu         ] GC(1682) User=0.00s Sys=0.00s Real=0.00s
[617.590s][info][gc,start       ] GC(1683) Pause Young (Allocation Failure)
[617.592s][info][gc,heap        ] GC(1683) PSYoungGen: 271936K(282112K)->64K(261632K) Eden: 271872K(271872K)->0K(261120K) From: 64K(10240K)->64K(512K)
[617.592s][info][gc,heap        ] GC(1683) ParOldGen: 432330K(432640K)->432338K(432640K)
[617.592s][info][gc,metaspace   ] GC(1683) Metaspace: 35444K(36160K)->35444K(36160K) NonClass: 29171K(29696K)->29171K(29696K) Class: 6272K(6464K)->6272K(6464K)
[617.592s][info][gc             ] GC(1683) Pause Young (Allocation Failure) 687M->422M(678M) 2.224ms
[617.592s][info][gc,cpu         ] GC(1683) User=0.00s Sys=0.00s Real=0.00s
[617.971s][info][gc,start       ] GC(1684) Pause Young (Allocation Failure)
[617.974s][info][gc,heap        ] GC(1684) PSYoungGen: 261184K(261632K)->64K(260096K) Eden: 261120K(261120K)->0K(250880K) From: 64K(512K)->64K(9216K)
[617.974s][info][gc,heap        ] GC(1684) ParOldGen: 432338K(432640K)->432346K(432640K)
[617.974s][info][gc,metaspace   ] GC(1684) Metaspace: 35444K(36160K)->35444K(36160K) NonClass: 29171K(29696K)->29171K(29696K) Class: 6272K(6464K)->6272K(6464K)
[617.974s][info][gc             ] GC(1684) Pause Young (Allocation Failure) 677M->422M(676M) 2.759ms
[617.974s][info][gc,cpu         ] GC(1684) User=0.00s Sys=0.00s Real=0.00s
[618.064s][info][gc,start       ] GC(1685) Pause Young (Allocation Failure)
[618.067s][info][gc,heap        ] GC(1685) PSYoungGen: 250944K(260096K)->64K(291840K) Eden: 250880K(250880K)->0K(283136K) From: 64K(9216K)->64K(8704K)
[618.067s][info][gc,heap        ] GC(1685) ParOldGen: 432346K(432640K)->432354K(432640K)
[618.067s][info][gc,metaspace   ] GC(1685) Metaspace: 35444K(36160K)->35444K(36160K) NonClass: 29171K(29696K)->29171K(29696K) Class: 6272K(6464K)->6272K(6464K)
[618.067s][info][gc             ] GC(1685) Pause Young (Allocation Failure) 667M->422M(707M) 2.935ms
[618.067s][info][gc,cpu         ] GC(1685) User=0.00s Sys=0.00s Real=0.01s
[618.564s][info][gc,start       ] GC(1686) Pause Young (Allocation Failure)
[618.567s][info][gc,heap        ] GC(1686) PSYoungGen: 283200K(291840K)->64K(290816K) Eden: 283136K(283136K)->0K(283136K) From: 64K(8704K)->64K(7680K)
[618.567s][info][gc,heap        ] GC(1686) ParOldGen: 432354K(432640K)->432370K(432640K)
[618.567s][info][gc,metaspace   ] GC(1686) Metaspace: 35444K(36160K)->35444K(36160K) NonClass: 29171K(29696K)->29171K(29696K) Class: 6272K(6464K)->6272K(6464K)
[618.567s][info][gc             ] GC(1686) Pause Young (Allocation Failure) 698M->422M(706M) 3.062ms
[618.567s][info][gc,cpu         ] GC(1686) User=0.00s Sys=0.00s Real=0.01s
[618.922s][info][gc,start       ] GC(1687) Pause Young (Allocation Failure)
[618.924s][info][gc,heap        ] GC(1687) PSYoungGen: 283200K(290816K)->64K(272384K) Eden: 283136K(283136K)->0K(271872K) From: 64K(7680K)->64K(512K)
[618.924s][info][gc,heap        ] GC(1687) ParOldGen: 432370K(432640K)->432378K(432640K)
[618.924s][info][gc,metaspace   ] GC(1687) Metaspace: 35444K(36160K)->35444K(36160K) NonClass: 29171K(29696K)->29171K(29696K) Class: 6272K(6464K)->6272K(6464K)
[618.924s][info][gc             ] GC(1687) Pause Young (Allocation Failure) 698M->422M(688M) 2.158ms
[618.924s][info][gc,cpu         ] GC(1687) User=0.00s Sys=0.00s Real=0.00s
[619.304s][info][gc,start       ] GC(1688) Pause Young (Allocation Failure)
[619.342s][info][gc,heap        ] GC(1688) PSYoungGen: 271936K(272384K)->6656K(318464K) Eden: 271872K(271872K)->0K(311808K) From: 64K(512K)->6656K(6656K)
[619.342s][info][gc,heap        ] GC(1688) ParOldGen: 432378K(432640K)->443250K(443392K)
[619.342s][info][gc,metaspace   ] GC(1688) Metaspace: 35444K(36160K)->35444K(36160K) NonClass: 29171K(29696K)->29171K(29696K) Class: 6272K(6464K)->6272K(6464K)
[619.342s][info][gc             ] GC(1688) Pause Young (Allocation Failure) 687M->439M(744M) 38.447ms
[619.342s][info][gc,cpu         ] GC(1688) User=0.07s Sys=0.01s Real=0.04s
[619.682s][info][gc,start       ] GC(1689) Pause Young (Allocation Failure)
[619.760s][info][gc,heap        ] GC(1689) PSYoungGen: 318464K(318464K)->12288K(300032K) Eden: 311808K(311808K)->0K(287744K) From: 6656K(6656K)->12288K(12288K)
[619.760s][info][gc,heap        ] GC(1689) ParOldGen: 443250K(443392K)->464258K(464384K)
[619.760s][info][gc,metaspace   ] GC(1689) Metaspace: 35444K(36160K)->35444K(36160K) NonClass: 29171K(29696K)->29171K(29696K) Class: 6272K(6464K)->6272K(6464K)
[619.760s][info][gc             ] GC(1689) Pause Young (Allocation Failure) 743M->465M(746M) 77.733ms
[619.760s][info][gc,cpu         ] GC(1689) User=0.13s Sys=0.02s Real=0.08s
[619.972s][info][gc,start       ] GC(1690) Pause Young (Allocation Failure)
[620.008s][info][gc,heap        ] GC(1690) PSYoungGen: 300032K(300032K)->18560K(306688K) Eden: 287744K(287744K)->0K(287744K) From: 12288K(12288K)->18560K(18944K)
[620.008s][info][gc,heap        ] GC(1690) ParOldGen: 464258K(464384K)->465042K(465408K)
[620.008s][info][gc,metaspace   ] GC(1690) Metaspace: 35444K(36160K)->35444K(36160K) NonClass: 29171K(29696K)->29171K(29696K) Class: 6272K(6464K)->6272K(6464K)
[620.008s][info][gc             ] GC(1690) Pause Young (Allocation Failure) 746M->472M(754M) 35.417ms
[620.008s][info][gc,cpu         ] GC(1690) User=0.07s Sys=0.00s Real=0.04s
[620.272s][info][gc,start       ] GC(1691) Pause Young (Allocation Failure)
[620.274s][info][gc,heap        ] GC(1691) PSYoungGen: 306304K(306688K)->64K(308736K) Eden: 287744K(287744K)->0K(282624K) From: 18560K(18944K)->64K(26112K)
[620.274s][info][gc,heap        ] GC(1691) ParOldGen: 465042K(465408K)->465050K(465408K)
[620.274s][info][gc,metaspace   ] GC(1691) Metaspace: 35444K(36160K)->35444K(36160K) NonClass: 29171K(29696K)->29171K(29696K) Class: 6272K(6464K)->6272K(6464K)
[620.274s][info][gc             ] GC(1691) Pause Young (Allocation Failure) 753M->454M(756M) 1.633ms
[620.274s][info][gc,cpu         ] GC(1691) User=0.00s Sys=0.00s Real=0.00s
[620.961s][info][gc,start       ] GC(1692) Pause Young (Allocation Failure)
[620.963s][info][gc,heap        ] GC(1692) PSYoungGen: 282688K(308736K)->64K(283136K) Eden: 282624K(282624K)->0K(282624K) From: 64K(26112K)->64K(512K)
[620.963s][info][gc,heap        ] GC(1692) ParOldGen: 465050K(465408K)->465058K(465408K)
[620.963s][info][gc,metaspace   ] GC(1692) Metaspace: 35444K(36160K)->35444K(36160K) NonClass: 29171K(29696K)->29171K(29696K) Class: 6272K(6464K)->6272K(6464K)
[620.963s][info][gc             ] GC(1692) Pause Young (Allocation Failure) 730M->454M(731M) 1.768ms
[620.963s][info][gc,cpu         ] GC(1692) User=0.00s Sys=0.00s Real=0.00s
[621.226s][info][gc,start       ] GC(1693) Pause Young (Allocation Failure)
[621.228s][info][gc,heap        ] GC(1693) PSYoungGen: 282688K(283136K)->64K(308224K) Eden: 282624K(282624K)->0K(283648K) From: 64K(512K)->64K(24576K)
[621.228s][info][gc,heap        ] GC(1693) ParOldGen: 465058K(465408K)->465074K(465408K)
[621.228s][info][gc,metaspace   ] GC(1693) Metaspace: 35444K(36160K)->35444K(36160K) NonClass: 29171K(29696K)->29171K(29696K) Class: 6272K(6464K)->6272K(6464K)
[621.228s][info][gc             ] GC(1693) Pause Young (Allocation Failure) 730M->454M(755M) 1.536ms
[621.228s][info][gc,cpu         ] GC(1693) User=0.00s Sys=0.00s Real=0.00s
[621.641s][info][gc,start       ] GC(1694) Pause Young (Allocation Failure)
[621.642s][info][gc,heap        ] GC(1694) PSYoungGen: 283712K(308224K)->64K(307200K) Eden: 283648K(283648K)->0K(283648K) From: 64K(24576K)->64K(23552K)
[621.642s][info][gc,heap        ] GC(1694) ParOldGen: 465074K(465408K)->465082K(465408K)
[621.642s][info][gc,metaspace   ] GC(1694) Metaspace: 35444K(36160K)->35444K(36160K) NonClass: 29171K(29696K)->29171K(29696K) Class: 6272K(6464K)->6272K(6464K)
[621.642s][info][gc             ] GC(1694) Pause Young (Allocation Failure) 731M->454M(754M) 1.631ms
[621.642s][info][gc,cpu         ] GC(1694) User=0.01s Sys=0.00s Real=0.00s
[621.855s][info][gc,start       ] GC(1695) Pause Young (Allocation Failure)
[621.856s][info][gc,heap        ] GC(1695) PSYoungGen: 283712K(307200K)->64K(309248K) Eden: 283648K(283648K)->0K(286720K) From: 64K(23552K)->64K(22528K)
[621.856s][info][gc,heap        ] GC(1695) ParOldGen: 465082K(465408K)->465098K(465408K)
[621.856s][info][gc,metaspace   ] GC(1695) Metaspace: 35444K(36160K)->35444K(36160K) NonClass: 29171K(29696K)->29171K(29696K) Class: 6272K(6464K)->6272K(6464K)
[621.856s][info][gc             ] GC(1695) Pause Young (Allocation Failure) 731M->454M(756M) 1.451ms
[621.856s][info][gc,cpu         ] GC(1695) User=0.00s Sys=0.00s Real=0.01s
[622.073s][info][gc,start       ] GC(1696) Pause Young (Allocation Failure)
[622.075s][info][gc,heap        ] GC(1696) PSYoungGen: 286784K(309248K)->64K(308224K) Eden: 286720K(286720K)->0K(286720K) From: 64K(22528K)->64K(21504K)
[622.075s][info][gc,heap        ] GC(1696) ParOldGen: 465098K(465408K)->465098K(465408K)
[622.075s][info][gc,metaspace   ] GC(1696) Metaspace: 35444K(36160K)->35444K(36160K) NonClass: 29171K(29696K)->29171K(29696K) Class: 6272K(6464K)->6272K(6464K)
[622.075s][info][gc             ] GC(1696) Pause Young (Allocation Failure) 734M->454M(755M) 1.637ms
[622.075s][info][gc,cpu         ] GC(1696) User=0.00s Sys=0.00s Real=0.00s
[622.365s][info][gc,start       ] GC(1697) Pause Young (Allocation Failure)
[622.366s][info][gc,heap        ] GC(1697) PSYoungGen: 286784K(308224K)->64K(311296K) Eden: 286720K(286720K)->0K(290816K) From: 64K(21504K)->64K(20480K)
[622.366s][info][gc,heap        ] GC(1697) ParOldGen: 465098K(465408K)->465098K(465408K)
[622.366s][info][gc,metaspace   ] GC(1697) Metaspace: 35444K(36160K)->35444K(36160K) NonClass: 29171K(29696K)->29171K(29696K) Class: 6272K(6464K)->6272K(6464K)
[622.366s][info][gc             ] GC(1697) Pause Young (Allocation Failure) 734M->454M(758M) 1.624ms
[622.366s][info][gc,cpu         ] GC(1697) User=0.00s Sys=0.00s Real=0.01s
[622.421s][info][gc,start       ] GC(1698) Pause Young (Allocation Failure)
[622.422s][info][gc,heap        ] GC(1698) PSYoungGen: 290880K(311296K)->64K(310272K) Eden: 290816K(290816K)->0K(290816K) From: 64K(20480K)->64K(19456K)
[622.422s][info][gc,heap        ] GC(1698) ParOldGen: 465098K(465408K)->465114K(465408K)
[622.422s][info][gc,metaspace   ] GC(1698) Metaspace: 35444K(36160K)->35444K(36160K) NonClass: 29171K(29696K)->29171K(29696K) Class: 6272K(6464K)->6272K(6464K)
[622.422s][info][gc             ] GC(1698) Pause Young (Allocation Failure) 738M->454M(757M) 1.594ms
[622.422s][info][gc,cpu         ] GC(1698) User=0.00s Sys=0.00s Real=0.00s
[622.524s][info][gc,start       ] GC(1699) Pause Young (Allocation Failure)
[622.525s][info][gc,heap        ] GC(1699) PSYoungGen: 290880K(310272K)->64K(313344K) Eden: 290816K(290816K)->0K(294912K) From: 64K(19456K)->64K(18432K)
[622.525s][info][gc,heap        ] GC(1699) ParOldGen: 465114K(465408K)->465114K(465408K)
[622.525s][info][gc,metaspace   ] GC(1699) Metaspace: 35444K(36160K)->35444K(36160K) NonClass: 29171K(29696K)->29171K(29696K) Class: 6272K(6464K)->6272K(6464K)
[622.525s][info][gc             ] GC(1699) Pause Young (Allocation Failure) 738M->454M(760M) 1.609ms
[622.525s][info][gc,cpu         ] GC(1699) User=0.00s Sys=0.00s Real=0.01s
[622.873s][info][gc,start       ] GC(1700) Pause Young (Allocation Failure)
[622.874s][info][gc,heap        ] GC(1700) PSYoungGen: 294976K(313344K)->64K(312320K) Eden: 294912K(294912K)->0K(294912K) From: 64K(18432K)->64K(17408K)
[622.875s][info][gc,heap        ] GC(1700) ParOldGen: 465114K(465408K)->465130K(465408K)
[622.875s][info][gc,metaspace   ] GC(1700) Metaspace: 35444K(36160K)->35444K(36160K) NonClass: 29171K(29696K)->29171K(29696K) Class: 6272K(6464K)->6272K(6464K)
[622.875s][info][gc             ] GC(1700) Pause Young (Allocation Failure) 742M->454M(759M) 1.673ms
[622.875s][info][gc,cpu         ] GC(1700) User=0.00s Sys=0.01s Real=0.00s
[623.102s][info][gc,start       ] GC(1701) Pause Young (Allocation Failure)
[623.103s][info][gc,heap        ] GC(1701) PSYoungGen: 294976K(312320K)->64K(315392K) Eden: 294912K(294912K)->0K(299008K) From: 64K(17408K)->64K(16384K)
[623.103s][info][gc,heap        ] GC(1701) ParOldGen: 465130K(465408K)->465130K(465408K)
[623.103s][info][gc,metaspace   ] GC(1701) Metaspace: 35444K(36160K)->35444K(36160K) NonClass: 29172K(29696K)->29172K(29696K) Class: 6272K(6464K)->6272K(6464K)
[623.103s][info][gc             ] GC(1701) Pause Young (Allocation Failure) 742M->454M(762M) 1.653ms
[623.103s][info][gc,cpu         ] GC(1701) User=0.00s Sys=0.00s Real=0.00s
[623.184s][info][gc,start       ] GC(1702) Pause Young (Allocation Failure)
[623.185s][info][gc,heap        ] GC(1702) PSYoungGen: 299072K(315392K)->64K(314368K) Eden: 299008K(299008K)->0K(299008K) From: 64K(16384K)->64K(15360K)
[623.185s][info][gc,heap        ] GC(1702) ParOldGen: 465130K(465408K)->465146K(465408K)
[623.185s][info][gc,metaspace   ] GC(1702) Metaspace: 35444K(36160K)->35444K(36160K) NonClass: 29172K(29696K)->29172K(29696K) Class: 6272K(6464K)->6272K(6464K)
[623.185s][info][gc             ] GC(1702) Pause Young (Allocation Failure) 746M->454M(761M) 1.683ms
[623.185s][info][gc,cpu         ] GC(1702) User=0.00s Sys=0.00s Real=0.01s
[623.332s][info][gc,start       ] GC(1703) Pause Young (Allocation Failure)
[623.333s][info][gc,heap        ] GC(1703) PSYoungGen: 299072K(314368K)->64K(317440K) Eden: 299008K(299008K)->0K(303104K) From: 64K(15360K)->64K(14336K)
[623.333s][info][gc,heap        ] GC(1703) ParOldGen: 465146K(465408K)->465146K(465408K)
[623.333s][info][gc,metaspace   ] GC(1703) Metaspace: 35444K(36160K)->35444K(36160K) NonClass: 29172K(29696K)->29172K(29696K) Class: 6272K(6464K)->6272K(6464K)
[623.333s][info][gc             ] GC(1703) Pause Young (Allocation Failure) 746M->454M(764M) 1.686ms
[623.333s][info][gc,cpu         ] GC(1703) User=0.00s Sys=0.00s Real=0.00s
[623.721s][info][gc,start       ] GC(1704) Pause Young (Allocation Failure)
[623.723s][info][gc,heap        ] GC(1704) PSYoungGen: 303168K(317440K)->64K(316416K) Eden: 303104K(303104K)->0K(303104K) From: 64K(14336K)->64K(13312K)
[623.723s][info][gc,heap        ] GC(1704) ParOldGen: 465146K(465408K)->465154K(465408K)
[623.723s][info][gc,metaspace   ] GC(1704) Metaspace: 35444K(36160K)->35444K(36160K) NonClass: 29172K(29696K)->29172K(29696K) Class: 6272K(6464K)->6272K(6464K)
[623.723s][info][gc             ] GC(1704) Pause Young (Allocation Failure) 750M->454M(763M) 1.723ms
[623.723s][info][gc,cpu         ] GC(1704) User=0.01s Sys=0.00s Real=0.00s
[624.416s][info][gc,start       ] GC(1705) Pause Young (Allocation Failure)
[624.418s][info][gc,heap        ] GC(1705) PSYoungGen: 303168K(316416K)->83K(291328K) Eden: 303104K(303104K)->0K(290816K) From: 64K(13312K)->83K(512K)
[624.418s][info][gc,heap        ] GC(1705) ParOldGen: 465154K(465408K)->465162K(465408K)
[624.418s][info][gc,metaspace   ] GC(1705) Metaspace: 35444K(36160K)->35444K(36160K) NonClass: 29172K(29696K)->29172K(29696K) Class: 6272K(6464K)->6272K(6464K)
[624.418s][info][gc             ] GC(1705) Pause Young (Allocation Failure) 750M->454M(739M) 2.242ms
[624.418s][info][gc,cpu         ] GC(1705) User=0.00s Sys=0.00s Real=0.00s
[625.375s][info][gc,start       ] GC(1706) Pause Young (Allocation Failure)
[625.376s][info][gc,heap        ] GC(1706) PSYoungGen: 290899K(291328K)->64K(291328K) Eden: 290816K(290816K)->0K(279552K) From: 83K(512K)->64K(11776K)
[625.376s][info][gc,heap        ] GC(1706) ParOldGen: 465162K(465408K)->465170K(465408K)
[625.376s][info][gc,metaspace   ] GC(1706) Metaspace: 35444K(36160K)->35444K(36160K) NonClass: 29172K(29696K)->29172K(29696K) Class: 6272K(6464K)->6272K(6464K)
[625.376s][info][gc             ] GC(1706) Pause Young (Allocation Failure) 738M->454M(739M) 1.614ms
[625.376s][info][gc,cpu         ] GC(1706) User=0.01s Sys=0.00s Real=0.01s
[625.813s][info][gc,start       ] GC(1707) Pause Young (Allocation Failure)
[625.815s][info][gc,heap        ] GC(1707) PSYoungGen: 279616K(291328K)->64K(269312K) Eden: 279552K(279552K)->0K(268800K) From: 64K(11776K)->64K(512K)
[625.815s][info][gc,heap        ] GC(1707) ParOldGen: 465170K(465408K)->465178K(465408K)
[625.815s][info][gc,metaspace   ] GC(1707) Metaspace: 35444K(36160K)->35444K(36160K) NonClass: 29172K(29696K)->29172K(29696K) Class: 6272K(6464K)->6272K(6464K)
[625.815s][info][gc             ] GC(1707) Pause Young (Allocation Failure) 727M->454M(717M) 2.285ms
[625.815s][info][gc,cpu         ] GC(1707) User=0.00s Sys=0.00s Real=0.01s
[626.789s][info][gc,start       ] GC(1708) Pause Young (Allocation Failure)
[626.791s][info][gc,heap        ] GC(1708) PSYoungGen: 268864K(269312K)->64K(268800K) Eden: 268800K(268800K)->0K(258560K) From: 64K(512K)->64K(10240K)
[626.791s][info][gc,heap        ] GC(1708) ParOldGen: 465178K(465408K)->465186K(465408K)
[626.791s][info][gc,metaspace   ] GC(1708) Metaspace: 35444K(36160K)->35444K(36160K) NonClass: 29172K(29696K)->29172K(29696K) Class: 6272K(6464K)->6272K(6464K)
[626.791s][info][gc             ] GC(1708) Pause Young (Allocation Failure) 716M->454M(717M) 1.613ms
[626.791s][info][gc,cpu         ] GC(1708) User=0.01s Sys=0.00s Real=0.00s
[627.014s][info][gc,start       ] GC(1709) Pause Young (Allocation Failure)
[627.017s][info][gc,heap        ] GC(1709) PSYoungGen: 258624K(268800K)->64K(249344K) Eden: 258560K(258560K)->0K(248832K) From: 64K(10240K)->64K(512K)
[627.017s][info][gc,heap        ] GC(1709) ParOldGen: 465186K(465408K)->465194K(465408K)
[627.017s][info][gc,metaspace   ] GC(1709) Metaspace: 35444K(36160K)->35444K(36160K) NonClass: 29172K(29696K)->29172K(29696K) Class: 6272K(6464K)->6272K(6464K)
[627.017s][info][gc             ] GC(1709) Pause Young (Allocation Failure) 706M->454M(698M) 2.464ms
[627.017s][info][gc,cpu         ] GC(1709) User=0.00s Sys=0.00s Real=0.01s
[627.392s][info][gc,start       ] GC(1710) Pause Young (Allocation Failure)
[627.395s][info][gc,heap        ] GC(1710) PSYoungGen: 248896K(249344K)->64K(247808K) Eden: 248832K(248832K)->0K(239104K) From: 64K(512K)->64K(8704K)
[627.395s][info][gc,heap        ] GC(1710) ParOldGen: 465194K(465408K)->465210K(465408K)
[627.395s][info][gc,metaspace   ] GC(1710) Metaspace: 35444K(36160K)->35444K(36160K) NonClass: 29172K(29696K)->29172K(29696K) Class: 6272K(6464K)->6272K(6464K)
[627.395s][info][gc             ] GC(1710) Pause Young (Allocation Failure) 697M->454M(696M) 2.732ms
[627.395s][info][gc,cpu         ] GC(1710) User=0.01s Sys=0.00s Real=0.00s
[627.455s][info][gc,start       ] GC(1711) Pause Young (Allocation Failure)
[627.457s][info][gc,heap        ] GC(1711) PSYoungGen: 239168K(247808K)->64K(291328K) Eden: 239104K(239104K)->0K(283648K) From: 64K(8704K)->64K(7680K)
[627.457s][info][gc,heap        ] GC(1711) ParOldGen: 465210K(465408K)->465226K(465408K)
[627.457s][info][gc,metaspace   ] GC(1711) Metaspace: 35444K(36160K)->35444K(36160K) NonClass: 29172K(29696K)->29172K(29696K) Class: 6272K(6464K)->6272K(6464K)
[627.457s][info][gc             ] GC(1711) Pause Young (Allocation Failure) 687M->454M(739M) 2.498ms
[627.457s][info][gc,cpu         ] GC(1711) User=0.01s Sys=0.00s Real=0.01s
[628.021s][info][gc,start       ] GC(1712) Pause Young (Allocation Failure)
[628.024s][info][gc,heap        ] GC(1712) PSYoungGen: 283712K(291328K)->64K(291328K) Eden: 283648K(283648K)->0K(283648K) From: 64K(7680K)->64K(7680K)
[628.024s][info][gc,heap        ] GC(1712) ParOldGen: 465226K(465408K)->465242K(465408K)
[628.024s][info][gc,metaspace   ] GC(1712) Metaspace: 35444K(36160K)->35444K(36160K) NonClass: 29172K(29696K)->29172K(29696K) Class: 6272K(6464K)->6272K(6464K)
[628.024s][info][gc             ] GC(1712) Pause Young (Allocation Failure) 731M->454M(739M) 3.156ms
[628.024s][info][gc,cpu         ] GC(1712) User=0.00s Sys=0.00s Real=0.00s
[628.349s][info][gc,start       ] GC(1713) Pause Young (Allocation Failure)
[628.352s][info][gc,heap        ] GC(1713) PSYoungGen: 283712K(291328K)->32K(325632K) Eden: 283648K(283648K)->0K(318976K) From: 64K(7680K)->32K(6656K)
[628.352s][info][gc,heap        ] GC(1713) ParOldGen: 465242K(465408K)->465250K(465408K)
[628.352s][info][gc,metaspace   ] GC(1713) Metaspace: 35444K(36160K)->35444K(36160K) NonClass: 29172K(29696K)->29172K(29696K) Class: 6272K(6464K)->6272K(6464K)
[628.352s][info][gc             ] GC(1713) Pause Young (Allocation Failure) 731M->454M(772M) 2.984ms
[628.352s][info][gc,cpu         ] GC(1713) User=0.01s Sys=0.00s Real=0.00s
[628.782s][info][gc,start       ] GC(1714) Pause Young (Allocation Failure)
[628.837s][info][gc,heap        ] GC(1714) PSYoungGen: 319008K(325632K)->6656K(325632K) Eden: 318976K(318976K)->0K(318976K) From: 32K(6656K)->6656K(6656K)
[628.837s][info][gc,heap        ] GC(1714) ParOldGen: 465250K(465408K)->484746K(484864K)
[628.837s][info][gc,metaspace   ] GC(1714) Metaspace: 35444K(36160K)->35444K(36160K) NonClass: 29172K(29696K)->29172K(29696K) Class: 6272K(6464K)->6272K(6464K)
[628.837s][info][gc             ] GC(1714) Pause Young (Allocation Failure) 765M->479M(791M) 55.721ms
[628.837s][info][gc,cpu         ] GC(1714) User=0.09s Sys=0.01s Real=0.06s
[629.167s][info][gc,start       ] GC(1715) Pause Young (Allocation Failure)
[629.246s][info][gc,heap        ] GC(1715) PSYoungGen: 325632K(325632K)->8192K(289792K) Eden: 318976K(318976K)->0K(281600K) From: 6656K(6656K)->8192K(8192K)
[629.246s][info][gc,heap        ] GC(1715) ParOldGen: 484746K(484864K)->510946K(510976K)
[629.246s][info][gc,metaspace   ] GC(1715) Metaspace: 35444K(36160K)->35444K(36160K) NonClass: 29172K(29696K)->29172K(29696K) Class: 6272K(6464K)->6272K(6464K)
[629.246s][info][gc             ] GC(1715) Pause Young (Allocation Failure) 791M->506M(782M) 78.346ms
[629.246s][info][gc,cpu         ] GC(1715) User=0.13s Sys=0.01s Real=0.08s
[629.385s][info][gc,start       ] GC(1716) Pause Young (Allocation Failure)
[629.407s][info][gc,heap        ] GC(1716) PSYoungGen: 289792K(289792K)->9216K(307712K) Eden: 281600K(281600K)->0K(281600K) From: 8192K(8192K)->9216K(26112K)
[629.408s][info][gc,heap        ] GC(1716) ParOldGen: 510946K(510976K)->511906K(512000K)
[629.408s][info][gc,metaspace   ] GC(1716) Metaspace: 35444K(36160K)->35444K(36160K) NonClass: 29172K(29696K)->29172K(29696K) Class: 6272K(6464K)->6272K(6464K)
[629.408s][info][gc             ] GC(1716) Pause Young (Allocation Failure) 781M->508M(800M) 22.672ms
[629.408s][info][gc,cpu         ] GC(1716) User=0.04s Sys=0.00s Real=0.03s
[629.835s][info][gc,start       ] GC(1717) Pause Young (Allocation Failure)
[629.837s][info][gc,heap        ] GC(1717) PSYoungGen: 290816K(307712K)->64K(305664K) Eden: 281600K(281600K)->0K(282624K) From: 9216K(26112K)->64K(23040K)
[629.837s][info][gc,heap        ] GC(1717) ParOldGen: 511906K(512000K)->511914K(512000K)
[629.837s][info][gc,metaspace   ] GC(1717) Metaspace: 35444K(36160K)->35444K(36160K) NonClass: 29172K(29696K)->29172K(29696K) Class: 6272K(6464K)->6272K(6464K)
[629.837s][info][gc             ] GC(1717) Pause Young (Allocation Failure) 783M->499M(798M) 1.929ms
[629.837s][info][gc,cpu         ] GC(1717) User=0.01s Sys=0.00s Real=0.00s
[630.413s][info][gc,start       ] GC(1718) Pause Young (Allocation Failure)
[630.415s][info][gc,heap        ] GC(1718) PSYoungGen: 282688K(305664K)->64K(307200K) Eden: 282624K(282624K)->0K(282624K) From: 64K(23040K)->64K(24576K)
[630.415s][info][gc,heap        ] GC(1718) ParOldGen: 511914K(512000K)->511922K(512000K)
[630.415s][info][gc,metaspace   ] GC(1718) Metaspace: 35444K(36160K)->35444K(36160K) NonClass: 29172K(29696K)->29172K(29696K) Class: 6272K(6464K)->6272K(6464K)
[630.415s][info][gc             ] GC(1718) Pause Young (Allocation Failure) 775M->499M(800M) 1.787ms
[630.415s][info][gc,cpu         ] GC(1718) User=0.00s Sys=0.01s Real=0.01s
[630.851s][info][gc,start       ] GC(1719) Pause Young (Allocation Failure)
[630.853s][info][gc,heap        ] GC(1719) PSYoungGen: 282688K(307200K)->64K(306688K) Eden: 282624K(282624K)->0K(285696K) From: 64K(24576K)->64K(20992K)
[630.853s][info][gc,heap        ] GC(1719) ParOldGen: 511922K(512000K)->511938K(512000K)
[630.853s][info][gc,metaspace   ] GC(1719) Metaspace: 35444K(36160K)->35444K(36160K) NonClass: 29172K(29696K)->29172K(29696K) Class: 6272K(6464K)->6272K(6464K)
[630.853s][info][gc             ] GC(1719) Pause Young (Allocation Failure) 775M->500M(799M) 1.849ms
[630.853s][info][gc,cpu         ] GC(1719) User=0.00s Sys=0.00s Real=0.00s
[631.068s][info][gc,start       ] GC(1720) Pause Young (Allocation Failure)
[631.070s][info][gc,heap        ] GC(1720) PSYoungGen: 285760K(306688K)->64K(308224K) Eden: 285696K(285696K)->0K(285696K) From: 64K(20992K)->64K(22528K)
[631.070s][info][gc,heap        ] GC(1720) ParOldGen: 511938K(512000K)->511954K(512000K)
[631.070s][info][gc,metaspace   ] GC(1720) Metaspace: 35444K(36160K)->35444K(36160K) NonClass: 29172K(29696K)->29172K(29696K) Class: 6272K(6464K)->6272K(6464K)
[631.070s][info][gc             ] GC(1720) Pause Young (Allocation Failure) 779M->500M(801M) 1.734ms
[631.070s][info][gc,cpu         ] GC(1720) User=0.01s Sys=0.00s Real=0.00s
[631.285s][info][gc,start       ] GC(1721) Pause Young (Allocation Failure)
[631.286s][info][gc,heap        ] GC(1721) PSYoungGen: 285760K(308224K)->64K(308736K) Eden: 285696K(285696K)->0K(289792K) From: 64K(22528K)->64K(18944K)
[631.287s][info][gc,heap        ] GC(1721) ParOldGen: 511954K(512000K)->511954K(512000K)
[631.287s][info][gc,metaspace   ] GC(1721) Metaspace: 35444K(36160K)->35444K(36160K) NonClass: 29172K(29696K)->29172K(29696K) Class: 6272K(6464K)->6272K(6464K)
[631.287s][info][gc             ] GC(1721) Pause Young (Allocation Failure) 779M->500M(801M) 1.748ms
[631.287s][info][gc,cpu         ] GC(1721) User=0.00s Sys=0.00s Real=0.01s
[631.631s][info][gc,start       ] GC(1722) Pause Young (Allocation Failure)
[631.633s][info][gc,heap        ] GC(1722) PSYoungGen: 289856K(308736K)->64K(310272K) Eden: 289792K(289792K)->0K(289792K) From: 64K(18944K)->64K(20480K)
[631.633s][info][gc,heap        ] GC(1722) ParOldGen: 511954K(512000K)->511954K(512000K)
[631.633s][info][gc,metaspace   ] GC(1722) Metaspace: 35444K(36160K)->35444K(36160K) NonClass: 29172K(29696K)->29172K(29696K) Class: 6272K(6464K)->6272K(6464K)
[631.633s][info][gc             ] GC(1722) Pause Young (Allocation Failure) 783M->500M(803M) 1.764ms
[631.633s][info][gc,cpu         ] GC(1722) User=0.00s Sys=0.00s Real=0.00s
[631.744s][info][gc,start       ] GC(1723) Pause Young (Allocation Failure)
[631.746s][info][gc,heap        ] GC(1723) PSYoungGen: 289856K(310272K)->64K(310784K) Eden: 289792K(289792K)->0K(293376K) From: 64K(20480K)->64K(17408K)
[631.746s][info][gc,heap        ] GC(1723) ParOldGen: 511954K(512000K)->511962K(512000K)
[631.746s][info][gc,metaspace   ] GC(1723) Metaspace: 35444K(36160K)->35444K(36160K) NonClass: 29172K(29696K)->29172K(29696K) Class: 6272K(6464K)->6272K(6464K)
[631.746s][info][gc             ] GC(1723) Pause Young (Allocation Failure) 783M->500M(803M) 1.713ms
[631.746s][info][gc,cpu         ] GC(1723) User=0.00s Sys=0.00s Real=0.01s
[631.801s][info][gc,start       ] GC(1724) Pause Young (Allocation Failure)
[631.803s][info][gc,heap        ] GC(1724) PSYoungGen: 293440K(310784K)->64K(312320K) Eden: 293376K(293376K)->0K(293376K) From: 64K(17408K)->64K(18944K)
[631.803s][info][gc,heap        ] GC(1724) ParOldGen: 511962K(512000K)->511978K(512000K)
[631.803s][info][gc,metaspace   ] GC(1724) Metaspace: 35444K(36160K)->35444K(36160K) NonClass: 29172K(29696K)->29172K(29696K) Class: 6272K(6464K)->6272K(6464K)
[631.803s][info][gc             ] GC(1724) Pause Young (Allocation Failure) 786M->500M(805M) 1.755ms
[631.803s][info][gc,cpu         ] GC(1724) User=0.00s Sys=0.00s Real=0.00s
[631.995s][info][gc,start       ] GC(1725) Pause Young (Allocation Failure)
[631.997s][info][gc,heap        ] GC(1725) PSYoungGen: 293440K(312320K)->64K(312320K) Eden: 293376K(293376K)->0K(296960K) From: 64K(18944K)->64K(15360K)
[631.997s][info][gc,heap        ] GC(1725) ParOldGen: 511978K(512000K)->511978K(512000K)
[631.997s][info][gc,metaspace   ] GC(1725) Metaspace: 35444K(36160K)->35444K(36160K) NonClass: 29172K(29696K)->29172K(29696K) Class: 6272K(6464K)->6272K(6464K)
[631.997s][info][gc             ] GC(1725) Pause Young (Allocation Failure) 786M->500M(805M) 1.778ms
[631.997s][info][gc,cpu         ] GC(1725) User=0.00s Sys=0.00s Real=0.01s
[632.327s][info][gc,start       ] GC(1726) Pause Young (Allocation Failure)
[632.329s][info][gc,heap        ] GC(1726) PSYoungGen: 297024K(312320K)->64K(313856K) Eden: 296960K(296960K)->0K(296960K) From: 64K(15360K)->64K(16896K)
[632.329s][info][gc,heap        ] GC(1726) ParOldGen: 511978K(512000K)->511986K(512000K)
[632.329s][info][gc,metaspace   ] GC(1726) Metaspace: 35444K(36160K)->35444K(36160K) NonClass: 29172K(29696K)->29172K(29696K) Class: 6272K(6464K)->6272K(6464K)
[632.329s][info][gc             ] GC(1726) Pause Young (Allocation Failure) 790M->500M(806M) 1.790ms
[632.329s][info][gc,cpu         ] GC(1726) User=0.00s Sys=0.00s Real=0.00s
[632.488s][info][gc,start       ] GC(1727) Pause Young (Allocation Failure)
[632.490s][info][gc,heap        ] GC(1727) PSYoungGen: 297024K(313856K)->64K(314368K) Eden: 296960K(296960K)->0K(301056K) From: 64K(16896K)->64K(13312K)
[632.490s][info][gc,heap        ] GC(1727) ParOldGen: 511986K(512000K)->511994K(512000K)
[632.490s][info][gc,metaspace   ] GC(1727) Metaspace: 35446K(36160K)->35446K(36160K) NonClass: 29173K(29696K)->29173K(29696K) Class: 6272K(6464K)->6272K(6464K)
[632.490s][info][gc             ] GC(1727) Pause Young (Allocation Failure) 790M->500M(807M) 1.794ms
[632.490s][info][gc,cpu         ] GC(1727) User=0.01s Sys=0.00s Real=0.00s
[632.570s][info][gc,start       ] GC(1728) Pause Young (Allocation Failure)
[632.572s][info][gc,heap        ] GC(1728) PSYoungGen: 301120K(314368K)->64K(315904K) Eden: 301056K(301056K)->0K(301056K) From: 64K(13312K)->64K(14848K)
[632.572s][info][gc,heap        ] GC(1728) ParOldGen: 511994K(512000K)->512010K(512512K)
[632.572s][info][gc,metaspace   ] GC(1728) Metaspace: 35446K(36160K)->35446K(36160K) NonClass: 29173K(29696K)->29173K(29696K) Class: 6272K(6464K)->6272K(6464K)
[632.572s][info][gc             ] GC(1728) Pause Young (Allocation Failure) 794M->500M(809M) 1.789ms
[632.572s][info][gc,cpu         ] GC(1728) User=0.00s Sys=0.00s Real=0.00s
[632.758s][info][gc,start       ] GC(1729) Pause Young (Allocation Failure)
[632.760s][info][gc,heap        ] GC(1729) PSYoungGen: 301120K(315904K)->64K(317440K) Eden: 301056K(301056K)->0K(305152K) From: 64K(14848K)->64K(12288K)
[632.760s][info][gc,heap        ] GC(1729) ParOldGen: 512010K(512512K)->512010K(512512K)
[632.760s][info][gc,metaspace   ] GC(1729) Metaspace: 35446K(36160K)->35446K(36160K) NonClass: 29173K(29696K)->29173K(29696K) Class: 6272K(6464K)->6272K(6464K)
[632.760s][info][gc             ] GC(1729) Pause Young (Allocation Failure) 794M->500M(810M) 1.860ms
[632.760s][info][gc,cpu         ] GC(1729) User=0.00s Sys=0.00s Real=0.00s
[633.736s][info][gc,start       ] GC(1730) Pause Young (Allocation Failure)
[633.738s][info][gc,heap        ] GC(1730) PSYoungGen: 305216K(317440K)->64K(318464K) Eden: 305152K(305152K)->0K(305152K) From: 64K(12288K)->64K(13312K)
[633.738s][info][gc,heap        ] GC(1730) ParOldGen: 512010K(512512K)->512018K(512512K)
[633.738s][info][gc,metaspace   ] GC(1730) Metaspace: 35446K(36160K)->35446K(36160K) NonClass: 29173K(29696K)->29173K(29696K) Class: 6272K(6464K)->6272K(6464K)
[633.738s][info][gc             ] GC(1730) Pause Young (Allocation Failure) 798M->500M(811M) 1.721ms
[633.738s][info][gc,cpu         ] GC(1730) User=0.00s Sys=0.00s Real=0.00s
[634.613s][info][gc,start       ] GC(1731) Pause Young (Allocation Failure)
[634.616s][info][gc,heap        ] GC(1731) PSYoungGen: 305216K(318464K)->64K(293376K) Eden: 305152K(305152K)->0K(292864K) From: 64K(13312K)->64K(512K)
[634.616s][info][gc,heap        ] GC(1731) ParOldGen: 512018K(512512K)->512026K(512512K)
[634.616s][info][gc,metaspace   ] GC(1731) Metaspace: 35446K(36160K)->35446K(36160K) NonClass: 29173K(29696K)->29173K(29696K) Class: 6272K(6464K)->6272K(6464K)
[634.616s][info][gc             ] GC(1731) Pause Young (Allocation Failure) 798M->500M(787M) 2.420ms
[634.616s][info][gc,cpu         ] GC(1731) User=0.00s Sys=0.00s Real=0.01s
[634.861s][info][gc,start       ] GC(1732) Pause Young (Allocation Failure)
[634.863s][info][gc,heap        ] GC(1732) PSYoungGen: 292928K(293376K)->64K(292352K) Eden: 292864K(292864K)->0K(281088K) From: 64K(512K)->64K(11264K)
[634.863s][info][gc,heap        ] GC(1732) ParOldGen: 512026K(512512K)->512034K(512512K)
[634.863s][info][gc,metaspace   ] GC(1732) Metaspace: 35446K(36160K)->35446K(36160K) NonClass: 29173K(29696K)->29173K(29696K) Class: 6272K(6464K)->6272K(6464K)
[634.863s][info][gc             ] GC(1732) Pause Young (Allocation Failure) 786M->500M(786M) 1.843ms
[634.863s][info][gc,cpu         ] GC(1732) User=0.00s Sys=0.00s Real=0.00s
[635.303s][info][gc,start       ] GC(1733) Pause Young (Allocation Failure)
[635.306s][info][gc,heap        ] GC(1733) PSYoungGen: 281152K(292352K)->64K(270336K) Eden: 281088K(281088K)->0K(269824K) From: 64K(11264K)->64K(512K)
[635.306s][info][gc,heap        ] GC(1733) ParOldGen: 512034K(512512K)->512042K(512512K)
[635.306s][info][gc,metaspace   ] GC(1733) Metaspace: 35446K(36160K)->35446K(36160K) NonClass: 29173K(29696K)->29173K(29696K) Class: 6272K(6464K)->6272K(6464K)
[635.306s][info][gc             ] GC(1733) Pause Young (Allocation Failure) 774M->500M(764M) 2.748ms
[635.306s][info][gc,cpu         ] GC(1733) User=0.00s Sys=0.00s Real=0.01s
[636.262s][info][gc,start       ] GC(1734) Pause Young (Allocation Failure)
[636.264s][info][gc,heap        ] GC(1734) PSYoungGen: 269888K(270336K)->64K(269824K) Eden: 269824K(269824K)->0K(259584K) From: 64K(512K)->64K(10240K)
[636.264s][info][gc,heap        ] GC(1734) ParOldGen: 512042K(512512K)->512050K(512512K)
[636.264s][info][gc,metaspace   ] GC(1734) Metaspace: 35446K(36160K)->35446K(36160K) NonClass: 29173K(29696K)->29173K(29696K) Class: 6272K(6464K)->6272K(6464K)
[636.264s][info][gc             ] GC(1734) Pause Young (Allocation Failure) 763M->500M(764M) 1.686ms
[636.264s][info][gc,cpu         ] GC(1734) User=0.00s Sys=0.00s Real=0.00s
[636.631s][info][gc,start       ] GC(1735) Pause Young (Allocation Failure)
[636.633s][info][gc,heap        ] GC(1735) PSYoungGen: 259648K(269824K)->64K(249856K) Eden: 259584K(259584K)->0K(249344K) From: 64K(10240K)->64K(512K)
[636.633s][info][gc,heap        ] GC(1735) ParOldGen: 512050K(512512K)->512058K(512512K)
[636.633s][info][gc,metaspace   ] GC(1735) Metaspace: 35446K(36160K)->35446K(36160K) NonClass: 29173K(29696K)->29173K(29696K) Class: 6272K(6464K)->6272K(6464K)
[636.633s][info][gc             ] GC(1735) Pause Young (Allocation Failure) 753M->500M(744M) 2.473ms
[636.633s][info][gc,cpu         ] GC(1735) User=0.01s Sys=0.00s Real=0.00s
[636.797s][info][gc,start       ] GC(1736) Pause Young (Allocation Failure)
[636.799s][info][gc,heap        ] GC(1736) PSYoungGen: 249408K(249856K)->64K(248320K) Eden: 249344K(249344K)->0K(239616K) From: 64K(512K)->64K(8704K)
[636.799s][info][gc,heap        ] GC(1736) ParOldGen: 512058K(512512K)->512066K(512512K)
[636.799s][info][gc,metaspace   ] GC(1736) Metaspace: 35446K(36160K)->35446K(36160K) NonClass: 29173K(29696K)->29173K(29696K) Class: 6272K(6464K)->6272K(6464K)
[636.799s][info][gc             ] GC(1736) Pause Young (Allocation Failure) 743M->500M(743M) 1.694ms
[636.799s][info][gc,cpu         ] GC(1736) User=0.00s Sys=0.00s Real=0.00s
[636.943s][info][gc,start       ] GC(1737) Pause Young (Allocation Failure)
[636.946s][info][gc,heap        ] GC(1737) PSYoungGen: 239680K(248320K)->64K(230912K) Eden: 239616K(239616K)->0K(230400K) From: 64K(8704K)->64K(512K)
[636.946s][info][gc,heap        ] GC(1737) ParOldGen: 512066K(512512K)->512074K(512512K)
[636.946s][info][gc,metaspace   ] GC(1737) Metaspace: 35446K(36160K)->35446K(36160K) NonClass: 29173K(29696K)->29173K(29696K) Class: 6272K(6464K)->6272K(6464K)
[636.946s][info][gc             ] GC(1737) Pause Young (Allocation Failure) 734M->500M(726M) 2.380ms
[636.946s][info][gc,cpu         ] GC(1737) User=0.00s Sys=0.01s Real=0.01s
[637.511s][info][gc,start       ] GC(1738) Pause Young (Allocation Failure)
[637.513s][info][gc,heap        ] GC(1738) PSYoungGen: 230464K(230912K)->64K(229376K) Eden: 230400K(230400K)->0K(221696K) From: 64K(512K)->64K(7680K)
[637.513s][info][gc,heap        ] GC(1738) ParOldGen: 512074K(512512K)->512082K(512512K)
[637.513s][info][gc,metaspace   ] GC(1738) Metaspace: 35446K(36160K)->35446K(36160K) NonClass: 29173K(29696K)->29173K(29696K) Class: 6272K(6464K)->6272K(6464K)
[637.513s][info][gc             ] GC(1738) Pause Young (Allocation Failure) 725M->500M(724M) 1.753ms
[637.513s][info][gc,cpu         ] GC(1738) User=0.00s Sys=0.00s Real=0.00s
[637.727s][info][gc,start       ] GC(1739) Pause Young (Allocation Failure)
[637.729s][info][gc,heap        ] GC(1739) PSYoungGen: 221760K(229376K)->64K(214016K) Eden: 221696K(221696K)->0K(213504K) From: 64K(7680K)->64K(512K)
[637.729s][info][gc,heap        ] GC(1739) ParOldGen: 512082K(512512K)->512090K(512512K)
[637.729s][info][gc,metaspace   ] GC(1739) Metaspace: 35446K(36160K)->35446K(36160K) NonClass: 29173K(29696K)->29173K(29696K) Class: 6272K(6464K)->6272K(6464K)
[637.730s][info][gc             ] GC(1739) Pause Young (Allocation Failure) 716M->500M(709M) 2.290ms
[637.730s][info][gc,cpu         ] GC(1739) User=0.00s Sys=0.00s Real=0.00s
[638.033s][info][gc,start       ] GC(1740) Pause Young (Allocation Failure)
[638.061s][info][gc,heap        ] GC(1740) PSYoungGen: 213568K(214016K)->6656K(261632K) Eden: 213504K(213504K)->0K(254976K) From: 64K(512K)->6656K(6656K)
[638.062s][info][gc,heap        ] GC(1740) ParOldGen: 512090K(512512K)->519994K(520192K)
[638.062s][info][gc,metaspace   ] GC(1740) Metaspace: 35446K(36160K)->35446K(36160K) NonClass: 29173K(29696K)->29173K(29696K) Class: 6272K(6464K)->6272K(6464K)
[638.062s][info][gc             ] GC(1740) Pause Young (Allocation Failure) 708M->514M(763M) 28.201ms
[638.062s][info][gc,cpu         ] GC(1740) User=0.05s Sys=0.01s Real=0.03s
[638.325s][info][gc,start       ] GC(1741) Pause Young (Allocation Failure)
[638.381s][info][gc,heap        ] GC(1741) PSYoungGen: 261632K(261632K)->6656K(268288K) Eden: 254976K(254976K)->0K(261632K) From: 6656K(6656K)->6656K(6656K)
[638.381s][info][gc,heap        ] GC(1741) ParOldGen: 519994K(520192K)->540538K(540672K)
[638.381s][info][gc,metaspace   ] GC(1741) Metaspace: 35446K(36160K)->35446K(36160K) NonClass: 29173K(29696K)->29173K(29696K) Class: 6272K(6464K)->6272K(6464K)
[638.381s][info][gc             ] GC(1741) Pause Young (Allocation Failure) 763M->534M(790M) 56.022ms
[638.381s][info][gc,cpu         ] GC(1741) User=0.09s Sys=0.01s Real=0.06s
[638.652s][info][gc,start       ] GC(1742) Pause Young (Allocation Failure)
[638.704s][info][gc,heap        ] GC(1742) PSYoungGen: 268288K(268288K)->19456K(281088K) Eden: 261632K(261632K)->0K(261632K) From: 6656K(6656K)->19456K(19456K)
[638.704s][info][gc,heap        ] GC(1742) ParOldGen: 540538K(540672K)->549338K(549376K)
[638.704s][info][gc,metaspace   ] GC(1742) Metaspace: 35446K(36160K)->35446K(36160K) NonClass: 29173K(29696K)->29173K(29696K) Class: 6272K(6464K)->6272K(6464K)
[638.704s][info][gc             ] GC(1742) Pause Young (Allocation Failure) 789M->555M(811M) 52.176ms
[638.704s][info][gc,cpu         ] GC(1742) User=0.09s Sys=0.01s Real=0.05s
[638.779s][info][gc,start       ] GC(1743) Pause Young (Allocation Failure)
[638.784s][info][gc,heap        ] GC(1743) PSYoungGen: 281088K(281088K)->64K(307712K) Eden: 261632K(261632K)->0K(281088K) From: 19456K(19456K)->64K(26624K)
[638.784s][info][gc,heap        ] GC(1743) ParOldGen: 549338K(549376K)->549650K(549888K)
[638.784s][info][gc,metaspace   ] GC(1743) Metaspace: 35446K(36160K)->35446K(36160K) NonClass: 29173K(29696K)->29173K(29696K) Class: 6272K(6464K)->6272K(6464K)
[638.784s][info][gc             ] GC(1743) Pause Young (Allocation Failure) 810M->536M(837M) 4.165ms
[638.784s][info][gc,cpu         ] GC(1743) User=0.01s Sys=0.00s Real=0.00s
[639.346s][info][gc,start       ] GC(1744) Pause Young (Allocation Failure)
[639.347s][info][gc,heap        ] GC(1744) PSYoungGen: 281152K(307712K)->64K(281600K) Eden: 281088K(281088K)->0K(281088K) From: 64K(26624K)->64K(512K)
[639.347s][info][gc,heap        ] GC(1744) ParOldGen: 549650K(549888K)->549658K(549888K)
[639.347s][info][gc,metaspace   ] GC(1744) Metaspace: 35446K(36160K)->35446K(36160K) NonClass: 29173K(29696K)->29173K(29696K) Class: 6272K(6464K)->6272K(6464K)
[639.348s][info][gc             ] GC(1744) Pause Young (Allocation Failure) 811M->536M(812M) 1.836ms
[639.348s][info][gc,cpu         ] GC(1744) User=0.00s Sys=0.00s Real=0.00s
[639.844s][info][gc,start       ] GC(1745) Pause Young (Allocation Failure)
[639.846s][info][gc,heap        ] GC(1745) PSYoungGen: 281152K(281600K)->160K(307200K) Eden: 281088K(281088K)->0K(282112K) From: 64K(512K)->160K(25088K)
[639.846s][info][gc,heap        ] GC(1745) ParOldGen: 549658K(549888K)->549666K(549888K)
[639.846s][info][gc,metaspace   ] GC(1745) Metaspace: 35516K(36224K)->35516K(36224K) NonClass: 29243K(29760K)->29243K(29760K) Class: 6273K(6464K)->6273K(6464K)
[639.846s][info][gc             ] GC(1745) Pause Young (Allocation Failure) 811M->536M(837M) 2.417ms
[639.846s][info][gc,cpu         ] GC(1745) User=0.00s Sys=0.00s Real=0.01s
[640.281s][info][gc,start       ] GC(1746) Pause Young (Allocation Failure)
[640.283s][info][gc,heap        ] GC(1746) PSYoungGen: 282272K(307200K)->64K(306176K) Eden: 282112K(282112K)->0K(282112K) From: 160K(25088K)->64K(24064K)
[640.283s][info][gc,heap        ] GC(1746) ParOldGen: 549666K(549888K)->549762K(549888K)
[640.283s][info][gc,metaspace   ] GC(1746) Metaspace: 35516K(36224K)->35516K(36224K) NonClass: 29243K(29760K)->29243K(29760K) Class: 6273K(6464K)->6273K(6464K)
[640.283s][info][gc             ] GC(1746) Pause Young (Allocation Failure) 812M->536M(836M) 2.076ms
[640.283s][info][gc,cpu         ] GC(1746) User=0.01s Sys=0.00s Real=0.00s
[640.499s][info][gc,start       ] GC(1747) Pause Young (Allocation Failure)
[640.500s][info][gc,heap        ] GC(1747) PSYoungGen: 282176K(306176K)->64K(308736K) Eden: 282112K(282112K)->0K(285696K) From: 64K(24064K)->64K(23040K)
[640.500s][info][gc,heap        ] GC(1747) ParOldGen: 549762K(549888K)->549778K(549888K)
[640.500s][info][gc,metaspace   ] GC(1747) Metaspace: 35516K(36224K)->35516K(36224K) NonClass: 29243K(29760K)->29243K(29760K) Class: 6273K(6464K)->6273K(6464K)
[640.501s][info][gc             ] GC(1747) Pause Young (Allocation Failure) 812M->536M(838M) 1.813ms
[640.501s][info][gc,cpu         ] GC(1747) User=0.00s Sys=0.00s Real=0.00s
[640.716s][info][gc,start       ] GC(1748) Pause Young (Allocation Failure)
[640.717s][info][gc,heap        ] GC(1748) PSYoungGen: 285760K(308736K)->64K(307712K) Eden: 285696K(285696K)->0K(285696K) From: 64K(23040K)->64K(22016K)
[640.717s][info][gc,heap        ] GC(1748) ParOldGen: 549778K(549888K)->549778K(549888K)
[640.717s][info][gc,metaspace   ] GC(1748) Metaspace: 35516K(36224K)->35516K(36224K) NonClass: 29243K(29760K)->29243K(29760K) Class: 6273K(6464K)->6273K(6464K)
[640.717s][info][gc             ] GC(1748) Pause Young (Allocation Failure) 815M->536M(837M) 1.889ms
[640.717s][info][gc,cpu         ] GC(1748) User=0.00s Sys=0.00s Real=0.00s
[641.068s][info][gc,start       ] GC(1749) Pause Young (Allocation Failure)
[641.070s][info][gc,heap        ] GC(1749) PSYoungGen: 285760K(307712K)->64K(310784K) Eden: 285696K(285696K)->0K(289792K) From: 64K(22016K)->64K(20992K)
[641.070s][info][gc,heap        ] GC(1749) ParOldGen: 549778K(549888K)->549778K(549888K)
[641.070s][info][gc,metaspace   ] GC(1749) Metaspace: 35516K(36224K)->35516K(36224K) NonClass: 29243K(29760K)->29243K(29760K) Class: 6273K(6464K)->6273K(6464K)
[641.070s][info][gc             ] GC(1749) Pause Young (Allocation Failure) 815M->536M(840M) 1.802ms
[641.070s][info][gc,cpu         ] GC(1749) User=0.00s Sys=0.00s Real=0.00s
[641.154s][info][gc,start       ] GC(1750) Pause Young (Allocation Failure)
[641.156s][info][gc,heap        ] GC(1750) PSYoungGen: 289856K(310784K)->64K(309760K) Eden: 289792K(289792K)->0K(289792K) From: 64K(20992K)->64K(19968K)
[641.156s][info][gc,heap        ] GC(1750) ParOldGen: 549778K(549888K)->549786K(549888K)
[641.156s][info][gc,metaspace   ] GC(1750) Metaspace: 35516K(36224K)->35516K(36224K) NonClass: 29243K(29760K)->29243K(29760K) Class: 6273K(6464K)->6273K(6464K)
[641.156s][info][gc             ] GC(1750) Pause Young (Allocation Failure) 819M->536M(839M) 1.792ms
[641.156s][info][gc,cpu         ] GC(1750) User=0.00s Sys=0.00s Real=0.01s
[641.210s][info][gc,start       ] GC(1751) Pause Young (Allocation Failure)
[641.211s][info][gc,heap        ] GC(1751) PSYoungGen: 289856K(309760K)->64K(312832K) Eden: 289792K(289792K)->0K(293888K) From: 64K(19968K)->64K(18944K)
[641.211s][info][gc,heap        ] GC(1751) ParOldGen: 549786K(549888K)->549802K(549888K)
[641.211s][info][gc,metaspace   ] GC(1751) Metaspace: 35516K(36224K)->35516K(36224K) NonClass: 29243K(29760K)->29243K(29760K) Class: 6273K(6464K)->6273K(6464K)
[641.211s][info][gc             ] GC(1751) Pause Young (Allocation Failure) 819M->536M(842M) 1.810ms
[641.211s][info][gc,cpu         ] GC(1751) User=0.00s Sys=0.00s Real=0.00s
[641.439s][info][gc,start       ] GC(1752) Pause Young (Allocation Failure)
[641.440s][info][gc,heap        ] GC(1752) PSYoungGen: 293952K(312832K)->64K(311808K) Eden: 293888K(293888K)->0K(293888K) From: 64K(18944K)->64K(17920K)
[641.440s][info][gc,heap        ] GC(1752) ParOldGen: 549802K(549888K)->549802K(549888K)
[641.440s][info][gc,metaspace   ] GC(1752) Metaspace: 35516K(36224K)->35516K(36224K) NonClass: 29243K(29760K)->29243K(29760K) Class: 6273K(6464K)->6273K(6464K)
[641.440s][info][gc             ] GC(1752) Pause Young (Allocation Failure) 823M->536M(841M) 1.801ms
[641.440s][info][gc,cpu         ] GC(1752) User=0.00s Sys=0.00s Real=0.00s
[641.753s][info][gc,start       ] GC(1753) Pause Young (Allocation Failure)
[641.755s][info][gc,heap        ] GC(1753) PSYoungGen: 293952K(311808K)->64K(314880K) Eden: 293888K(293888K)->0K(297984K) From: 64K(17920K)->64K(16896K)
[641.755s][info][gc,heap        ] GC(1753) ParOldGen: 549802K(549888K)->549810K(549888K)
[641.755s][info][gc,metaspace   ] GC(1753) Metaspace: 35516K(36224K)->35516K(36224K) NonClass: 29243K(29760K)->29243K(29760K) Class: 6273K(6464K)->6273K(6464K)
[641.755s][info][gc             ] GC(1753) Pause Young (Allocation Failure) 823M->536M(844M) 1.812ms
[641.755s][info][gc,cpu         ] GC(1753) User=0.00s Sys=0.00s Real=0.00s
[641.906s][info][gc,start       ] GC(1754) Pause Young (Allocation Failure)
[641.908s][info][gc,heap        ] GC(1754) PSYoungGen: 298048K(314880K)->64K(313856K) Eden: 297984K(297984K)->0K(297984K) From: 64K(16896K)->64K(15872K)
[641.908s][info][gc,heap        ] GC(1754) ParOldGen: 549810K(549888K)->549818K(549888K)
[641.908s][info][gc,metaspace   ] GC(1754) Metaspace: 35516K(36224K)->35516K(36224K) NonClass: 29243K(29760K)->29243K(29760K) Class: 6273K(6464K)->6273K(6464K)
[641.908s][info][gc             ] GC(1754) Pause Young (Allocation Failure) 827M->536M(843M) 1.878ms
[641.908s][info][gc,cpu         ] GC(1754) User=0.00s Sys=0.00s Real=0.00s
[641.987s][info][gc,start       ] GC(1755) Pause Young (Allocation Failure)
[641.989s][info][gc,heap        ] GC(1755) PSYoungGen: 298048K(313856K)->64K(316928K) Eden: 297984K(297984K)->0K(302080K) From: 64K(15872K)->64K(14848K)
[641.989s][info][gc,heap        ] GC(1755) ParOldGen: 549818K(549888K)->549834K(549888K)
[641.989s][info][gc,metaspace   ] GC(1755) Metaspace: 35516K(36224K)->35516K(36224K) NonClass: 29243K(29760K)->29243K(29760K) Class: 6273K(6464K)->6273K(6464K)
[641.989s][info][gc             ] GC(1755) Pause Young (Allocation Failure) 827M->537M(846M) 1.840ms
[641.989s][info][gc,cpu         ] GC(1755) User=0.01s Sys=0.00s Real=0.00s
[642.186s][info][gc,start       ] GC(1756) Pause Young (Allocation Failure)
[642.188s][info][gc,heap        ] GC(1756) PSYoungGen: 302144K(316928K)->64K(315904K) Eden: 302080K(302080K)->0K(302080K) From: 64K(14848K)->64K(13824K)
[642.188s][info][gc,heap        ] GC(1756) ParOldGen: 549834K(549888K)->549834K(549888K)
[642.188s][info][gc,metaspace   ] GC(1756) Metaspace: 35516K(36224K)->35516K(36224K) NonClass: 29243K(29760K)->29243K(29760K) Class: 6273K(6464K)->6273K(6464K)
[642.188s][info][gc             ] GC(1756) Pause Young (Allocation Failure) 832M->537M(845M) 1.842ms
[642.188s][info][gc,cpu         ] GC(1756) User=0.00s Sys=0.00s Real=0.00s
[643.158s][info][gc,start       ] GC(1757) Pause Young (Allocation Failure)
[643.160s][info][gc,heap        ] GC(1757) PSYoungGen: 302144K(315904K)->83K(318464K) Eden: 302080K(302080K)->0K(305664K) From: 64K(13824K)->83K(12800K)
[643.160s][info][gc,heap        ] GC(1757) ParOldGen: 549834K(549888K)->549842K(549888K)
[643.160s][info][gc,metaspace   ] GC(1757) Metaspace: 35516K(36224K)->35516K(36224K) NonClass: 29243K(29760K)->29243K(29760K) Class: 6273K(6464K)->6273K(6464K)
[643.160s][info][gc             ] GC(1757) Pause Young (Allocation Failure) 832M->537M(848M) 1.899ms
[643.160s][info][gc,cpu         ] GC(1757) User=0.00s Sys=0.00s Real=0.00s
[644.033s][info][gc,start       ] GC(1758) Pause Young (Allocation Failure)
[644.034s][info][gc,heap        ] GC(1758) PSYoungGen: 305747K(318464K)->64K(293888K) Eden: 305664K(305664K)->0K(293376K) From: 83K(12800K)->64K(512K)
[644.035s][info][gc,heap        ] GC(1758) ParOldGen: 549842K(549888K)->549850K(549888K)
[644.035s][info][gc,metaspace   ] GC(1758) Metaspace: 35516K(36224K)->35516K(36224K) NonClass: 29243K(29760K)->29243K(29760K) Class: 6273K(6464K)->6273K(6464K)
[644.035s][info][gc             ] GC(1758) Pause Young (Allocation Failure) 835M->537M(824M) 1.956ms
[644.035s][info][gc,cpu         ] GC(1758) User=0.00s Sys=0.00s Real=0.00s
[644.320s][info][gc,start       ] GC(1759) Pause Young (Allocation Failure)
[644.322s][info][gc,heap        ] GC(1759) PSYoungGen: 293440K(293888K)->64K(282112K) Eden: 293376K(293376K)->0K(281600K) From: 64K(512K)->64K(512K)
[644.322s][info][gc,heap        ] GC(1759) ParOldGen: 549850K(549888K)->549858K(549888K)
[644.322s][info][gc,metaspace   ] GC(1759) Metaspace: 35516K(36224K)->35516K(36224K) NonClass: 29243K(29760K)->29243K(29760K) Class: 6273K(6464K)->6273K(6464K)
[644.322s][info][gc             ] GC(1759) Pause Young (Allocation Failure) 823M->537M(812M) 1.895ms
[644.322s][info][gc,cpu         ] GC(1759) User=0.01s Sys=0.00s Real=0.00s
[644.758s][info][gc,start       ] GC(1760) Pause Young (Allocation Failure)
[644.760s][info][gc,heap        ] GC(1760) PSYoungGen: 281664K(282112K)->64K(281088K) Eden: 281600K(281600K)->0K(270336K) From: 64K(512K)->64K(10752K)
[644.760s][info][gc,heap        ] GC(1760) ParOldGen: 549858K(549888K)->549866K(549888K)
[644.760s][info][gc,metaspace   ] GC(1760) Metaspace: 35516K(36224K)->35516K(36224K) NonClass: 29243K(29760K)->29243K(29760K) Class: 6273K(6464K)->6273K(6464K)
[644.760s][info][gc             ] GC(1760) Pause Young (Allocation Failure) 812M->537M(811M) 1.811ms
[644.760s][info][gc,cpu         ] GC(1760) User=0.00s Sys=0.00s Real=0.00s
[645.684s][info][gc,start       ] GC(1761) Pause Young (Allocation Failure)
[645.686s][info][gc,heap        ] GC(1761) PSYoungGen: 270400K(281088K)->64K(260096K) Eden: 270336K(270336K)->0K(259584K) From: 64K(10752K)->64K(512K)
[645.686s][info][gc,heap        ] GC(1761) ParOldGen: 549866K(549888K)->549874K(549888K)
[645.686s][info][gc,metaspace   ] GC(1761) Metaspace: 35516K(36224K)->35516K(36224K) NonClass: 29243K(29760K)->29243K(29760K) Class: 6273K(6464K)->6273K(6464K)
[645.686s][info][gc             ] GC(1761) Pause Young (Allocation Failure) 801M->537M(791M) 2.244ms
[645.686s][info][gc,cpu         ] GC(1761) User=0.01s Sys=0.00s Real=0.01s
[646.041s][info][gc,start       ] GC(1762) Pause Young (Allocation Failure)
[646.043s][info][gc,heap        ] GC(1762) PSYoungGen: 259648K(260096K)->64K(258560K) Eden: 259584K(259584K)->0K(249344K) From: 64K(512K)->64K(9216K)
[646.043s][info][gc,heap        ] GC(1762) ParOldGen: 549874K(549888K)->549882K(549888K)
[646.043s][info][gc,metaspace   ] GC(1762) Metaspace: 35516K(36224K)->35516K(36224K) NonClass: 29243K(29760K)->29243K(29760K) Class: 6273K(6464K)->6273K(6464K)
[646.043s][info][gc             ] GC(1762) Pause Young (Allocation Failure) 790M->537M(789M) 1.789ms
[646.043s][info][gc,cpu         ] GC(1762) User=0.00s Sys=0.00s Real=0.00s
[646.197s][info][gc,start       ] GC(1763) Pause Young (Allocation Failure)
[646.199s][info][gc,heap        ] GC(1763) PSYoungGen: 249408K(258560K)->64K(240128K) Eden: 249344K(249344K)->0K(239616K) From: 64K(9216K)->64K(512K)
[646.199s][info][gc,heap        ] GC(1763) ParOldGen: 549882K(549888K)->549898K(550400K)
[646.199s][info][gc,metaspace   ] GC(1763) Metaspace: 35516K(36224K)->35516K(36224K) NonClass: 29243K(29760K)->29243K(29760K) Class: 6273K(6464K)->6273K(6464K)
[646.199s][info][gc             ] GC(1763) Pause Young (Allocation Failure) 780M->537M(772M) 2.329ms
[646.199s][info][gc,cpu         ] GC(1763) User=0.00s Sys=0.00s Real=0.00s
[646.414s][info][gc,start       ] GC(1764) Pause Young (Allocation Failure)
[646.416s][info][gc,heap        ] GC(1764) PSYoungGen: 239680K(240128K)->64K(238592K) Eden: 239616K(239616K)->0K(230400K) From: 64K(512K)->64K(8192K)
[646.416s][info][gc,heap        ] GC(1764) ParOldGen: 549898K(550400K)->549906K(550400K)
[646.416s][info][gc,metaspace   ] GC(1764) Metaspace: 35516K(36224K)->35516K(36224K) NonClass: 29243K(29760K)->29243K(29760K) Class: 6273K(6464K)->6273K(6464K)
[646.416s][info][gc             ] GC(1764) Pause Young (Allocation Failure) 771M->537M(770M) 1.759ms
[646.416s][info][gc,cpu         ] GC(1764) User=0.01s Sys=0.00s Real=0.01s
[646.916s][info][gc,start       ] GC(1765) Pause Young (Allocation Failure)
[646.918s][info][gc,heap        ] GC(1765) PSYoungGen: 230464K(238592K)->64K(222208K) Eden: 230400K(230400K)->0K(221696K) From: 64K(8192K)->64K(512K)
[646.918s][info][gc,heap        ] GC(1765) ParOldGen: 549906K(550400K)->549914K(550400K)
[646.918s][info][gc,metaspace   ] GC(1765) Metaspace: 35516K(36224K)->35516K(36224K) NonClass: 29243K(29760K)->29243K(29760K) Class: 6273K(6464K)->6273K(6464K)
[646.918s][info][gc             ] GC(1765) Pause Young (Allocation Failure) 762M->537M(754M) 2.289ms
[646.918s][info][gc,cpu         ] GC(1765) User=0.01s Sys=0.00s Real=0.00s
[647.172s][info][gc,start       ] GC(1766) Pause Young (Allocation Failure)
[647.174s][info][gc,heap        ] GC(1766) PSYoungGen: 221759K(222208K)->64K(220160K) Eden: 221695K(221696K)->0K(213504K) From: 64K(512K)->64K(6656K)
[647.174s][info][gc,heap        ] GC(1766) ParOldGen: 549914K(550400K)->549922K(550400K)
[647.174s][info][gc,metaspace   ] GC(1766) Metaspace: 35516K(36224K)->35516K(36224K) NonClass: 29243K(29760K)->29243K(29760K) Class: 6273K(6464K)->6273K(6464K)
[647.174s][info][gc             ] GC(1766) Pause Young (Allocation Failure) 753M->537M(752M) 1.823ms
[647.174s][info][gc,cpu         ] GC(1766) User=0.00s Sys=0.00s Real=0.00s
[647.460s][info][gc,start       ] GC(1767) Pause Young (Allocation Failure)
[647.496s][info][gc,heap        ] GC(1767) PSYoungGen: 213568K(220160K)->6144K(261632K) Eden: 213504K(213504K)->0K(255488K) From: 64K(6656K)->6144K(6144K)
[647.496s][info][gc,heap        ] GC(1767) ParOldGen: 549922K(550400K)->561282K(561664K)
[647.496s][info][gc,metaspace   ] GC(1767) Metaspace: 35516K(36224K)->35516K(36224K) NonClass: 29243K(29760K)->29243K(29760K) Class: 6273K(6464K)->6273K(6464K)
[647.496s][info][gc             ] GC(1767) Pause Young (Allocation Failure) 745M->554M(804M) 36.123ms
[647.496s][info][gc,cpu         ] GC(1767) User=0.06s Sys=0.01s Real=0.04s
[647.763s][info][gc,start       ] GC(1768) Pause Young (Allocation Failure)
[647.820s][info][gc,heap        ] GC(1768) PSYoungGen: 261632K(261632K)->12288K(271360K) Eden: 255488K(255488K)->0K(259072K) From: 6144K(6144K)->12288K(12288K)
[647.820s][info][gc,heap        ] GC(1768) ParOldGen: 561282K(561664K)->576362K(576512K)
[647.820s][info][gc,metaspace   ] GC(1768) Metaspace: 35516K(36224K)->35516K(36224K) NonClass: 29243K(29760K)->29243K(29760K) Class: 6273K(6464K)->6273K(6464K)
[647.820s][info][gc             ] GC(1768) Pause Young (Allocation Failure) 803M->574M(828M) 57.283ms
[647.820s][info][gc,cpu         ] GC(1768) User=0.11s Sys=0.01s Real=0.06s
[648.077s][info][gc,start       ] GC(1769) Pause Young (Allocation Failure)
[648.132s][info][gc,heap        ] GC(1769) PSYoungGen: 271360K(271360K)->20480K(302080K) Eden: 259072K(259072K)->0K(281600K) From: 12288K(12288K)->20480K(20480K)
[648.133s][info][gc,heap        ] GC(1769) ParOldGen: 576362K(576512K)->580922K(581120K)
[648.133s][info][gc,metaspace   ] GC(1769) Metaspace: 35516K(36224K)->35516K(36224K) NonClass: 29243K(29760K)->29243K(29760K) Class: 6273K(6464K)->6273K(6464K)
[648.133s][info][gc             ] GC(1769) Pause Young (Allocation Failure) 827M->587M(862M) 55.908ms
[648.133s][info][gc,cpu         ] GC(1769) User=0.08s Sys=0.02s Real=0.05s
[648.229s][info][gc,start       ] GC(1770) Pause Young (Allocation Failure)
[648.233s][info][gc,heap        ] GC(1770) PSYoungGen: 302080K(302080K)->64K(307712K) Eden: 281600K(281600K)->0K(281600K) From: 20480K(20480K)->64K(26112K)
[648.233s][info][gc,heap        ] GC(1770) ParOldGen: 580922K(581120K)->581082K(581120K)
[648.233s][info][gc,metaspace   ] GC(1770) Metaspace: 35516K(36224K)->35516K(36224K) NonClass: 29243K(29760K)->29243K(29760K) Class: 6273K(6464K)->6273K(6464K)
[648.233s][info][gc             ] GC(1770) Pause Young (Allocation Failure) 862M->567M(868M) 3.130ms
[648.233s][info][gc,cpu         ] GC(1770) User=0.01s Sys=0.00s Real=0.00s
[648.895s][info][gc,start       ] GC(1771) Pause Young (Allocation Failure)
[648.897s][info][gc,heap        ] GC(1771) PSYoungGen: 281664K(307712K)->64K(305152K) Eden: 281600K(281600K)->0K(282112K) From: 64K(26112K)->64K(23040K)
[648.897s][info][gc,heap        ] GC(1771) ParOldGen: 581082K(581120K)->581090K(581120K)
[648.897s][info][gc,metaspace   ] GC(1771) Metaspace: 35516K(36224K)->35516K(36224K) NonClass: 29243K(29760K)->29243K(29760K) Class: 6273K(6464K)->6273K(6464K)
[648.897s][info][gc             ] GC(1771) Pause Young (Allocation Failure) 842M->567M(865M) 2.086ms
[648.897s][info][gc,cpu         ] GC(1771) User=0.00s Sys=0.00s Real=0.00s
[649.279s][info][gc,start       ] GC(1772) Pause Young (Allocation Failure)
[649.281s][info][gc,heap        ] GC(1772) PSYoungGen: 282176K(305152K)->64K(306688K) Eden: 282112K(282112K)->0K(282112K) From: 64K(23040K)->64K(24576K)
[649.281s][info][gc,heap        ] GC(1772) ParOldGen: 581090K(581120K)->581098K(581120K)
[649.281s][info][gc,metaspace   ] GC(1772) Metaspace: 35531K(36224K)->35531K(36224K) NonClass: 29258K(29760K)->29258K(29760K) Class: 6273K(6464K)->6273K(6464K)
[649.281s][info][gc             ] GC(1772) Pause Young (Allocation Failure) 843M->567M(867M) 1.889ms
[649.281s][info][gc,cpu         ] GC(1772) User=0.00s Sys=0.00s Real=0.00s
[649.729s][info][gc,start       ] GC(1773) Pause Young (Allocation Failure)
[649.731s][info][gc,heap        ] GC(1773) PSYoungGen: 282176K(306688K)->64K(306688K) Eden: 282112K(282112K)->0K(285696K) From: 64K(24576K)->64K(20992K)
[649.731s][info][gc,heap        ] GC(1773) ParOldGen: 581098K(581120K)->581114K(581120K)
[649.731s][info][gc,metaspace   ] GC(1773) Metaspace: 35531K(36224K)->35531K(36224K) NonClass: 29258K(29760K)->29258K(29760K) Class: 6273K(6464K)->6273K(6464K)
[649.731s][info][gc             ] GC(1773) Pause Young (Allocation Failure) 843M->567M(867M) 1.964ms
[649.731s][info][gc,cpu         ] GC(1773) User=0.00s Sys=0.01s Real=0.00s
[649.947s][info][gc,start       ] GC(1774) Pause Young (Allocation Failure)
[649.949s][info][gc,heap        ] GC(1774) PSYoungGen: 285760K(306688K)->64K(308224K) Eden: 285696K(285696K)->0K(285696K) From: 64K(20992K)->64K(22528K)
[649.949s][info][gc,heap        ] GC(1774) ParOldGen: 581114K(581120K)->581130K(581632K)
[649.949s][info][gc,metaspace   ] GC(1774) Metaspace: 35531K(36224K)->35531K(36224K) NonClass: 29258K(29760K)->29258K(29760K) Class: 6273K(6464K)->6273K(6464K)
[649.949s][info][gc             ] GC(1774) Pause Young (Allocation Failure) 846M->567M(869M) 1.955ms
[649.949s][info][gc,cpu         ] GC(1774) User=0.00s Sys=0.00s Real=0.00s
[650.164s][info][gc,start       ] GC(1775) Pause Young (Allocation Failure)
[650.166s][info][gc,heap        ] GC(1775) PSYoungGen: 285760K(308224K)->64K(308736K) Eden: 285696K(285696K)->0K(289792K) From: 64K(22528K)->64K(18944K)
[650.166s][info][gc,heap        ] GC(1775) ParOldGen: 581130K(581632K)->581130K(581632K)
[650.166s][info][gc,metaspace   ] GC(1775) Metaspace: 35531K(36224K)->35531K(36224K) NonClass: 29258K(29760K)->29258K(29760K) Class: 6273K(6464K)->6273K(6464K)
[650.166s][info][gc             ] GC(1775) Pause Young (Allocation Failure) 846M->567M(869M) 1.972ms
[650.166s][info][gc,cpu         ] GC(1775) User=0.01s Sys=0.00s Real=0.01s
[650.507s][info][gc,start       ] GC(1776) Pause Young (Allocation Failure)
[650.510s][info][gc,heap        ] GC(1776) PSYoungGen: 289856K(308736K)->32K(310272K) Eden: 289792K(289792K)->0K(289792K) From: 64K(18944K)->32K(20480K)
[650.510s][info][gc,heap        ] GC(1776) ParOldGen: 581130K(581632K)->581130K(581632K)
[650.510s][info][gc,metaspace   ] GC(1776) Metaspace: 35531K(36224K)->35531K(36224K) NonClass: 29258K(29760K)->29258K(29760K) Class: 6273K(6464K)->6273K(6464K)
[650.510s][info][gc             ] GC(1776) Pause Young (Allocation Failure) 850M->567M(871M) 2.710ms
[650.510s][info][gc,cpu         ] GC(1776) User=0.01s Sys=0.00s Real=0.00s
[650.565s][info][gc,start       ] GC(1777) Pause Young (Allocation Failure)
[650.567s][info][gc,heap        ] GC(1777) PSYoungGen: 289824K(310272K)->64K(310784K) Eden: 289792K(289792K)->0K(293888K) From: 32K(20480K)->64K(16896K)
[650.567s][info][gc,heap        ] GC(1777) ParOldGen: 581130K(581632K)->581146K(581632K)
[650.567s][info][gc,metaspace   ] GC(1777) Metaspace: 35531K(36224K)->35531K(36224K) NonClass: 29258K(29760K)->29258K(29760K) Class: 6273K(6464K)->6273K(6464K)
[650.567s][info][gc             ] GC(1777) Pause Young (Allocation Failure) 850M->567M(871M) 1.910ms
[650.567s][info][gc,cpu         ] GC(1777) User=0.01s Sys=0.00s Real=0.01s
[650.625s][info][gc,start       ] GC(1778) Pause Young (Allocation Failure)
[650.626s][info][gc,heap        ] GC(1778) PSYoungGen: 293952K(310784K)->64K(312320K) Eden: 293888K(293888K)->0K(293888K) From: 64K(16896K)->64K(18432K)
[650.626s][info][gc,heap        ] GC(1778) ParOldGen: 581146K(581632K)->581146K(581632K)
[650.626s][info][gc,metaspace   ] GC(1778) Metaspace: 35531K(36224K)->35531K(36224K) NonClass: 29258K(29760K)->29258K(29760K) Class: 6273K(6464K)->6273K(6464K)
[650.627s][info][gc             ] GC(1778) Pause Young (Allocation Failure) 854M->567M(873M) 1.857ms
[650.627s][info][gc,cpu         ] GC(1778) User=0.00s Sys=0.00s Real=0.01s
[650.930s][info][gc,start       ] GC(1779) Pause Young (Allocation Failure)
[650.932s][info][gc,heap        ] GC(1779) PSYoungGen: 293952K(312320K)->64K(312832K) Eden: 293888K(293888K)->0K(297984K) From: 64K(18432K)->64K(14848K)
[650.932s][info][gc,heap        ] GC(1779) ParOldGen: 581146K(581632K)->581146K(581632K)
[650.932s][info][gc,metaspace   ] GC(1779) Metaspace: 35531K(36224K)->35531K(36224K) NonClass: 29258K(29760K)->29258K(29760K) Class: 6273K(6464K)->6273K(6464K)
[650.932s][info][gc             ] GC(1779) Pause Young (Allocation Failure) 854M->567M(873M) 2.245ms
[650.932s][info][gc,cpu         ] GC(1779) User=0.01s Sys=0.00s Real=0.00s
[651.212s][info][gc,start       ] GC(1780) Pause Young (Allocation Failure)
[651.214s][info][gc,heap        ] GC(1780) PSYoungGen: 298048K(312832K)->64K(314368K) Eden: 297984K(297984K)->0K(297984K) From: 64K(14848K)->64K(16384K)
[651.214s][info][gc,heap        ] GC(1780) ParOldGen: 581146K(581632K)->581162K(581632K)
[651.214s][info][gc,metaspace   ] GC(1780) Metaspace: 35531K(36224K)->35531K(36224K) NonClass: 29258K(29760K)->29258K(29760K) Class: 6273K(6464K)->6273K(6464K)
[651.214s][info][gc             ] GC(1780) Pause Young (Allocation Failure) 858M->567M(875M) 2.027ms
[651.214s][info][gc,cpu         ] GC(1780) User=0.00s Sys=0.00s Real=0.00s
[651.326s][info][gc,start       ] GC(1781) Pause Young (Allocation Failure)
[651.329s][info][gc,heap        ] GC(1781) PSYoungGen: 298048K(314368K)->64K(314880K) Eden: 297984K(297984K)->0K(302080K) From: 64K(16384K)->64K(12800K)
[651.329s][info][gc,heap        ] GC(1781) ParOldGen: 581162K(581632K)->581170K(581632K)
[651.329s][info][gc,metaspace   ] GC(1781) Metaspace: 35531K(36224K)->35531K(36224K) NonClass: 29258K(29760K)->29258K(29760K) Class: 6273K(6464K)->6273K(6464K)
[651.329s][info][gc             ] GC(1781) Pause Young (Allocation Failure) 858M->567M(875M) 2.375ms
[651.329s][info][gc,cpu         ] GC(1781) User=0.00s Sys=0.00s Real=0.00s
[651.445s][info][gc,start       ] GC(1782) Pause Young (Allocation Failure)
[651.447s][info][gc,heap        ] GC(1782) PSYoungGen: 302144K(314880K)->64K(316416K) Eden: 302080K(302080K)->0K(302080K) From: 64K(12800K)->64K(14336K)
[651.447s][info][gc,heap        ] GC(1782) ParOldGen: 581170K(581632K)->581178K(581632K)
[651.447s][info][gc,metaspace   ] GC(1782) Metaspace: 35531K(36224K)->35531K(36224K) NonClass: 29258K(29760K)->29258K(29760K) Class: 6273K(6464K)->6273K(6464K)
[651.447s][info][gc             ] GC(1782) Pause Young (Allocation Failure) 862M->567M(877M) 1.856ms
[651.447s][info][gc,cpu         ] GC(1782) User=0.00s Sys=0.00s Real=0.00s
[651.672s][info][gc,start       ] GC(1783) Pause Young (Allocation Failure)
[651.673s][info][gc,heap        ] GC(1783) PSYoungGen: 302144K(316416K)->64K(316928K) Eden: 302080K(302080K)->0K(305664K) From: 64K(14336K)->64K(11264K)
[651.673s][info][gc,heap        ] GC(1783) ParOldGen: 581178K(581632K)->581186K(581632K)
[651.673s][info][gc,metaspace   ] GC(1783) Metaspace: 35531K(36224K)->35531K(36224K) NonClass: 29258K(29760K)->29258K(29760K) Class: 6273K(6464K)->6273K(6464K)
[651.673s][info][gc             ] GC(1783) Pause Young (Allocation Failure) 862M->567M(877M) 1.743ms
[651.673s][info][gc,cpu         ] GC(1783) User=0.01s Sys=0.00s Real=0.00s
[652.577s][info][gc,start       ] GC(1784) Pause Young (Allocation Failure)
[652.579s][info][gc,heap        ] GC(1784) PSYoungGen: 305728K(316928K)->83K(318464K) Eden: 305664K(305664K)->0K(305664K) From: 64K(11264K)->83K(12800K)
[652.579s][info][gc,heap        ] GC(1784) ParOldGen: 581186K(581632K)->581194K(581632K)
[652.579s][info][gc,metaspace   ] GC(1784) Metaspace: 35531K(36224K)->35531K(36224K) NonClass: 29258K(29760K)->29258K(29760K) Class: 6273K(6464K)->6273K(6464K)
[652.579s][info][gc             ] GC(1784) Pause Young (Allocation Failure) 866M->567M(879M) 1.945ms
[652.579s][info][gc,cpu         ] GC(1784) User=0.01s Sys=0.00s Real=0.00s
[653.518s][info][gc,start       ] GC(1785) Pause Young (Allocation Failure)
[653.520s][info][gc,heap        ] GC(1785) PSYoungGen: 305747K(318464K)->64K(293888K) Eden: 305664K(305664K)->0K(293376K) From: 83K(12800K)->64K(512K)
[653.520s][info][gc,heap        ] GC(1785) ParOldGen: 581194K(581632K)->581202K(581632K)
[653.520s][info][gc,metaspace   ] GC(1785) Metaspace: 35531K(36224K)->35531K(36224K) NonClass: 29258K(29760K)->29258K(29760K) Class: 6273K(6464K)->6273K(6464K)
[653.520s][info][gc             ] GC(1785) Pause Young (Allocation Failure) 866M->567M(855M) 2.586ms
[653.520s][info][gc,cpu         ] GC(1785) User=0.00s Sys=0.00s Real=0.00s
[653.921s][info][gc,start       ] GC(1786) Pause Young (Allocation Failure)
[653.923s][info][gc,heap        ] GC(1786) PSYoungGen: 293440K(293888K)->64K(292864K) Eden: 293376K(293376K)->0K(281600K) From: 64K(512K)->64K(11264K)
[653.923s][info][gc,heap        ] GC(1786) ParOldGen: 581202K(581632K)->581210K(581632K)
[653.923s][info][gc,metaspace   ] GC(1786) Metaspace: 35531K(36224K)->35531K(36224K) NonClass: 29258K(29760K)->29258K(29760K) Class: 6273K(6464K)->6273K(6464K)
[653.923s][info][gc             ] GC(1786) Pause Young (Allocation Failure) 854M->567M(854M) 1.899ms
[653.923s][info][gc,cpu         ] GC(1786) User=0.01s Sys=0.00s Real=0.00s
[654.805s][info][gc,start       ] GC(1787) Pause Young (Allocation Failure)
[654.808s][info][gc,heap        ] GC(1787) PSYoungGen: 281664K(292864K)->32K(270848K) Eden: 281600K(281600K)->0K(270336K) From: 64K(11264K)->32K(512K)
[654.808s][info][gc,heap        ] GC(1787) ParOldGen: 581210K(581632K)->581218K(581632K)
[654.808s][info][gc,metaspace   ] GC(1787) Metaspace: 35531K(36224K)->35531K(36224K) NonClass: 29258K(29760K)->29258K(29760K) Class: 6273K(6464K)->6273K(6464K)
[654.808s][info][gc             ] GC(1787) Pause Young (Allocation Failure) 842M->567M(832M) 3.226ms
[654.808s][info][gc,cpu         ] GC(1787) User=0.01s Sys=0.00s Real=0.01s
[655.194s][info][gc,start       ] GC(1788) Pause Young (Allocation Failure)
[655.197s][info][gc,heap        ] GC(1788) PSYoungGen: 270368K(270848K)->32K(269312K) Eden: 270336K(270336K)->0K(259584K) From: 32K(512K)->32K(9728K)
[655.197s][info][gc,heap        ] GC(1788) ParOldGen: 581218K(581632K)->581226K(581632K)
[655.197s][info][gc,metaspace   ] GC(1788) Metaspace: 35531K(36224K)->35531K(36224K) NonClass: 29258K(29760K)->29258K(29760K) Class: 6273K(6464K)->6273K(6464K)
[655.197s][info][gc             ] GC(1788) Pause Young (Allocation Failure) 831M->567M(831M) 2.499ms
[655.197s][info][gc,cpu         ] GC(1788) User=0.01s Sys=0.00s Real=0.01s
[655.586s][info][gc,start       ] GC(1789) Pause Young (Allocation Failure)
[655.589s][info][gc,heap        ] GC(1789) PSYoungGen: 259616K(269312K)->32K(249856K) Eden: 259584K(259584K)->0K(249344K) From: 32K(9728K)->32K(512K)
[655.589s][info][gc,heap        ] GC(1789) ParOldGen: 581226K(581632K)->581234K(581632K)
[655.589s][info][gc,metaspace   ] GC(1789) Metaspace: 35531K(36224K)->35531K(36224K) NonClass: 29258K(29760K)->29258K(29760K) Class: 6273K(6464K)->6273K(6464K)
[655.589s][info][gc             ] GC(1789) Pause Young (Allocation Failure) 821M->567M(812M) 3.010ms
[655.589s][info][gc,cpu         ] GC(1789) User=0.01s Sys=0.00s Real=0.00s
[655.650s][info][gc,start       ] GC(1790) Pause Young (Allocation Failure)
[655.652s][info][gc,heap        ] GC(1790) PSYoungGen: 249376K(249856K)->32K(295424K) Eden: 249344K(249344K)->0K(287232K) From: 32K(512K)->32K(8192K)
[655.652s][info][gc,heap        ] GC(1790) ParOldGen: 581234K(581632K)->581250K(581632K)
[655.652s][info][gc,metaspace   ] GC(1790) Metaspace: 35531K(36224K)->35531K(36224K) NonClass: 29258K(29760K)->29258K(29760K) Class: 6273K(6464K)->6273K(6464K)
[655.652s][info][gc             ] GC(1790) Pause Young (Allocation Failure) 811M->567M(856M) 1.948ms
[655.652s][info][gc,cpu         ] GC(1790) User=0.00s Sys=0.00s Real=0.00s
[656.214s][info][gc,start       ] GC(1791) Pause Young (Allocation Failure)
[656.217s][info][gc,heap        ] GC(1791) PSYoungGen: 287264K(295424K)->32K(303616K) Eden: 287232K(287232K)->0K(295936K) From: 32K(8192K)->32K(7680K)
[656.217s][info][gc,heap        ] GC(1791) ParOldGen: 581250K(581632K)->581250K(581632K)
[656.217s][info][gc,metaspace   ] GC(1791) Metaspace: 35531K(36224K)->35531K(36224K) NonClass: 29258K(29760K)->29258K(29760K) Class: 6273K(6464K)->6273K(6464K)
[656.217s][info][gc             ] GC(1791) Pause Young (Allocation Failure) 848M->567M(864M) 2.562ms
[656.217s][info][gc,cpu         ] GC(1791) User=0.01s Sys=0.00s Real=0.01s
[656.565s][info][gc,start       ] GC(1792) Pause Young (Allocation Failure)
[656.567s][info][gc,heap        ] GC(1792) PSYoungGen: 295968K(303616K)->32K(303104K) Eden: 295936K(295936K)->0K(295936K) From: 32K(7680K)->32K(7168K)
[656.567s][info][gc,heap        ] GC(1792) ParOldGen: 581250K(581632K)->581266K(581632K)
[656.567s][info][gc,metaspace   ] GC(1792) Metaspace: 35531K(36224K)->35531K(36224K) NonClass: 29258K(29760K)->29258K(29760K) Class: 6273K(6464K)->6273K(6464K)
[656.568s][info][gc             ] GC(1792) Pause Young (Allocation Failure) 856M->567M(864M) 2.828ms
[656.568s][info][gc,cpu         ] GC(1792) User=0.01s Sys=0.00s Real=0.01s
[656.944s][info][gc,start       ] GC(1793) Pause Young (Allocation Failure)
[657.004s][info][gc,heap        ] GC(1793) PSYoungGen: 295968K(303104K)->6656K(310784K) Eden: 295936K(295936K)->0K(304128K) From: 32K(7168K)->6656K(6656K)
[657.004s][info][gc,heap        ] GC(1793) ParOldGen: 581266K(581632K)->599114K(599552K)
[657.004s][info][gc,metaspace   ] GC(1793) Metaspace: 35531K(36224K)->35531K(36224K) NonClass: 29258K(29760K)->29258K(29760K) Class: 6273K(6464K)->6273K(6464K)
[657.004s][info][gc             ] GC(1793) Pause Young (Allocation Failure) 856M->591M(889M) 60.464ms
[657.004s][info][gc,cpu         ] GC(1793) User=0.10s Sys=0.02s Real=0.06s
[657.310s][info][gc,start       ] GC(1794) Pause Young (Allocation Failure)
[657.395s][info][gc,heap        ] GC(1794) PSYoungGen: 310784K(310784K)->14848K(318976K) Eden: 304128K(304128K)->0K(304128K) From: 6656K(6656K)->14848K(14848K)
[657.395s][info][gc,heap        ] GC(1794) ParOldGen: 599114K(599552K)->617010K(617472K)
[657.395s][info][gc,metaspace   ] GC(1794) Metaspace: 35531K(36224K)->35531K(36224K) NonClass: 29258K(29760K)->29258K(29760K) Class: 6273K(6464K)->6273K(6464K)
[657.395s][info][gc             ] GC(1794) Pause Young (Allocation Failure) 888M->617M(914M) 84.693ms
[657.395s][info][gc,cpu         ] GC(1794) User=0.15s Sys=0.02s Real=0.08s
[657.561s][info][gc,start       ] GC(1795) Pause Young (Allocation Failure)
[657.588s][info][gc,heap        ] GC(1795) PSYoungGen: 318976K(318976K)->12416K(297472K) Eden: 304128K(304128K)->0K(282624K) From: 14848K(14848K)->12416K(14848K)
[657.588s][info][gc,heap        ] GC(1795) ParOldGen: 617010K(617472K)->617666K(617984K)
[657.588s][info][gc,metaspace   ] GC(1795) Metaspace: 35531K(36224K)->35531K(36224K) NonClass: 29258K(29760K)->29258K(29760K) Class: 6273K(6464K)->6273K(6464K)
[657.588s][info][gc             ] GC(1795) Pause Young (Allocation Failure) 914M->615M(894M) 27.395ms
[657.588s][info][gc,cpu         ] GC(1795) User=0.05s Sys=0.00s Real=0.03s
[658.004s][info][gc,start       ] GC(1796) Pause Young (Allocation Failure)
[658.006s][info][gc,heap        ] GC(1796) PSYoungGen: 295040K(297472K)->64K(308224K) Eden: 282624K(282624K)->0K(282624K) From: 12416K(14848K)->64K(25600K)
[658.006s][info][gc,heap        ] GC(1796) ParOldGen: 617666K(617984K)->617674K(617984K)
[658.006s][info][gc,metaspace   ] GC(1796) Metaspace: 35531K(36224K)->35531K(36224K) NonClass: 29258K(29760K)->29258K(29760K) Class: 6273K(6464K)->6273K(6464K)
[658.006s][info][gc             ] GC(1796) Pause Young (Allocation Failure) 891M->603M(904M) 2.111ms
[658.006s][info][gc,cpu         ] GC(1796) User=0.01s Sys=0.00s Real=0.01s
[658.592s][info][gc,start       ] GC(1797) Pause Young (Allocation Failure)
[658.594s][info][gc,heap        ] GC(1797) PSYoungGen: 282688K(308224K)->64K(305152K) Eden: 282624K(282624K)->0K(283648K) From: 64K(25600K)->64K(21504K)
[658.594s][info][gc,heap        ] GC(1797) ParOldGen: 617674K(617984K)->617682K(617984K)
[658.594s][info][gc,metaspace   ] GC(1797) Metaspace: 35531K(36224K)->35531K(36224K) NonClass: 29258K(29760K)->29258K(29760K) Class: 6273K(6464K)->6273K(6464K)
[658.594s][info][gc             ] GC(1797) Pause Young (Allocation Failure) 879M->603M(901M) 2.195ms
[658.594s][info][gc,cpu         ] GC(1797) User=0.00s Sys=0.00s Real=0.00s
[659.035s][info][gc,start       ] GC(1798) Pause Young (Allocation Failure)
[659.037s][info][gc,heap        ] GC(1798) PSYoungGen: 283712K(305152K)->64K(307200K) Eden: 283648K(283648K)->0K(283648K) From: 64K(21504K)->64K(23552K)
[659.037s][info][gc,heap        ] GC(1798) ParOldGen: 617682K(617984K)->617698K(617984K)
[659.037s][info][gc,metaspace   ] GC(1798) Metaspace: 35531K(36224K)->35531K(36224K) NonClass: 29258K(29760K)->29258K(29760K) Class: 6273K(6464K)->6273K(6464K)
[659.037s][info][gc             ] GC(1798) Pause Young (Allocation Failure) 880M->603M(903M) 2.208ms
[659.037s][info][gc,cpu         ] GC(1798) User=0.00s Sys=0.00s Real=0.01s
[659.252s][info][gc,start       ] GC(1799) Pause Young (Allocation Failure)
[659.254s][info][gc,heap        ] GC(1799) PSYoungGen: 283712K(307200K)->64K(307712K) Eden: 283648K(283648K)->0K(287232K) From: 64K(23552K)->64K(20480K)
[659.254s][info][gc,heap        ] GC(1799) ParOldGen: 617698K(617984K)->617714K(617984K)
[659.254s][info][gc,metaspace   ] GC(1799) Metaspace: 35531K(36224K)->35531K(36224K) NonClass: 29258K(29760K)->29258K(29760K) Class: 6273K(6464K)->6273K(6464K)
[659.254s][info][gc             ] GC(1799) Pause Young (Allocation Failure) 880M->603M(904M) 2.007ms
[659.254s][info][gc,cpu         ] GC(1799) User=0.00s Sys=0.00s Real=0.00s
[659.470s][info][gc,start       ] GC(1800) Pause Young (Allocation Failure)
[659.472s][info][gc,heap        ] GC(1800) PSYoungGen: 287296K(307712K)->64K(309248K) Eden: 287232K(287232K)->0K(287232K) From: 64K(20480K)->64K(22016K)
[659.472s][info][gc,heap        ] GC(1800) ParOldGen: 617714K(617984K)->617714K(617984K)
[659.472s][info][gc,metaspace   ] GC(1800) Metaspace: 35531K(36224K)->35531K(36224K) NonClass: 29258K(29760K)->29258K(29760K) Class: 6273K(6464K)->6273K(6464K)
[659.472s][info][gc             ] GC(1800) Pause Young (Allocation Failure) 883M->603M(905M) 2.024ms
[659.472s][info][gc,cpu         ] GC(1800) User=0.01s Sys=0.00s Real=0.00s
[659.815s][info][gc,start       ] GC(1801) Pause Young (Allocation Failure)
[659.817s][info][gc,heap        ] GC(1801) PSYoungGen: 287296K(309248K)->64K(309248K) Eden: 287232K(287232K)->0K(290816K) From: 64K(22016K)->64K(18432K)
[659.817s][info][gc,heap        ] GC(1801) ParOldGen: 617714K(617984K)->617714K(617984K)
[659.817s][info][gc,metaspace   ] GC(1801) Metaspace: 35531K(36224K)->35531K(36224K) NonClass: 29258K(29760K)->29258K(29760K) Class: 6273K(6464K)->6273K(6464K)
[659.817s][info][gc             ] GC(1801) Pause Young (Allocation Failure) 883M->603M(905M) 1.987ms
[659.817s][info][gc,cpu         ] GC(1801) User=0.00s Sys=0.00s Real=0.01s
[659.935s][info][gc,start       ] GC(1802) Pause Young (Allocation Failure)
[659.937s][info][gc,heap        ] GC(1802) PSYoungGen: 290880K(309248K)->64K(310784K) Eden: 290816K(290816K)->0K(290816K) From: 64K(18432K)->64K(19968K)
[659.937s][info][gc,heap        ] GC(1802) ParOldGen: 617714K(617984K)->617722K(617984K)
[659.937s][info][gc,metaspace   ] GC(1802) Metaspace: 35531K(36224K)->35531K(36224K) NonClass: 29258K(29760K)->29258K(29760K) Class: 6273K(6464K)->6273K(6464K)
[659.937s][info][gc             ] GC(1802) Pause Young (Allocation Failure) 887M->603M(907M) 1.977ms
[659.937s][info][gc,cpu         ] GC(1802) User=0.00s Sys=0.00s Real=0.01s
[659.991s][info][gc,start       ] GC(1803) Pause Young (Allocation Failure)
[659.993s][info][gc,heap        ] GC(1803) PSYoungGen: 290880K(310784K)->64K(311296K) Eden: 290816K(290816K)->0K(294912K) From: 64K(19968K)->64K(16384K)
[659.993s][info][gc,heap        ] GC(1803) ParOldGen: 617722K(617984K)->617738K(617984K)
[659.993s][info][gc,metaspace   ] GC(1803) Metaspace: 35531K(36224K)->35531K(36224K) NonClass: 29258K(29760K)->29258K(29760K) Class: 6273K(6464K)->6273K(6464K)
[659.993s][info][gc             ] GC(1803) Pause Young (Allocation Failure) 887M->603M(907M) 1.978ms
[659.993s][info][gc,cpu         ] GC(1803) User=0.00s Sys=0.00s Real=0.00s
[660.175s][info][gc,start       ] GC(1804) Pause Young (Allocation Failure)
[660.177s][info][gc,heap        ] GC(1804) PSYoungGen: 294976K(311296K)->64K(312832K) Eden: 294912K(294912K)->0K(294912K) From: 64K(16384K)->64K(17920K)
[660.177s][info][gc,heap        ] GC(1804) ParOldGen: 617738K(617984K)->617738K(617984K)
[660.177s][info][gc,metaspace   ] GC(1804) Metaspace: 35531K(36224K)->35531K(36224K) NonClass: 29258K(29760K)->29258K(29760K) Class: 6273K(6464K)->6273K(6464K)
[660.177s][info][gc             ] GC(1804) Pause Young (Allocation Failure) 891M->603M(909M) 1.999ms
[660.177s][info][gc,cpu         ] GC(1804) User=0.00s Sys=0.00s Real=0.00s
[660.511s][info][gc,start       ] GC(1805) Pause Young (Allocation Failure)
[660.513s][info][gc,heap        ] GC(1805) PSYoungGen: 294976K(312832K)->64K(313344K) Eden: 294912K(294912K)->0K(299008K) From: 64K(17920K)->64K(14336K)
[660.513s][info][gc,heap        ] GC(1805) ParOldGen: 617738K(617984K)->617746K(617984K)
[660.513s][info][gc,metaspace   ] GC(1805) Metaspace: 35531K(36224K)->35531K(36224K) NonClass: 29258K(29760K)->29258K(29760K) Class: 6273K(6464K)->6273K(6464K)
[660.513s][info][gc             ] GC(1805) Pause Young (Allocation Failure) 891M->603M(909M) 1.952ms
[660.513s][info][gc,cpu         ] GC(1805) User=0.00s Sys=0.00s Real=0.00s
[660.677s][info][gc,start       ] GC(1806) Pause Young (Allocation Failure)
[660.679s][info][gc,heap        ] GC(1806) PSYoungGen: 299072K(313344K)->64K(314880K) Eden: 299008K(299008K)->0K(299008K) From: 64K(14336K)->64K(15872K)
[660.679s][info][gc,heap        ] GC(1806) ParOldGen: 617746K(617984K)->617754K(617984K)
[660.679s][info][gc,metaspace   ] GC(1806) Metaspace: 35532K(36224K)->35532K(36224K) NonClass: 29258K(29760K)->29258K(29760K) Class: 6273K(6464K)->6273K(6464K)
[660.679s][info][gc             ] GC(1806) Pause Young (Allocation Failure) 895M->603M(911M) 2.074ms
[660.679s][info][gc,cpu         ] GC(1806) User=0.01s Sys=0.00s Real=0.00s
[660.760s][info][gc,start       ] GC(1807) Pause Young (Allocation Failure)
[660.762s][info][gc,heap        ] GC(1807) PSYoungGen: 299072K(314880K)->64K(316416K) Eden: 299008K(299008K)->0K(303104K) From: 64K(15872K)->64K(13312K)
[660.762s][info][gc,heap        ] GC(1807) ParOldGen: 617754K(617984K)->617770K(617984K)
[660.762s][info][gc,metaspace   ] GC(1807) Metaspace: 35532K(36224K)->35532K(36224K) NonClass: 29258K(29760K)->29258K(29760K) Class: 6273K(6464K)->6273K(6464K)
[660.762s][info][gc             ] GC(1807) Pause Young (Allocation Failure) 895M->603M(912M) 2.015ms
[660.762s][info][gc,cpu         ] GC(1807) User=0.00s Sys=0.00s Real=0.00s
[660.943s][info][gc,start       ] GC(1808) Pause Young (Allocation Failure)
[660.945s][info][gc,heap        ] GC(1808) PSYoungGen: 303168K(316416K)->64K(317440K) Eden: 303104K(303104K)->0K(303104K) From: 64K(13312K)->64K(14336K)
[660.945s][info][gc,heap        ] GC(1808) ParOldGen: 617770K(617984K)->617770K(617984K)
[660.945s][info][gc,metaspace   ] GC(1808) Metaspace: 35532K(36224K)->35532K(36224K) NonClass: 29258K(29760K)->29258K(29760K) Class: 6273K(6464K)->6273K(6464K)
[660.945s][info][gc             ] GC(1808) Pause Young (Allocation Failure) 899M->603M(913M) 1.979ms
[660.945s][info][gc,cpu         ] GC(1808) User=0.01s Sys=0.00s Real=0.00s
[661.922s][info][gc,start       ] GC(1809) Pause Young (Allocation Failure)
[661.924s][info][gc,heap        ] GC(1809) PSYoungGen: 303168K(317440K)->83K(317440K) Eden: 303104K(303104K)->0K(306176K) From: 64K(14336K)->83K(11264K)
[661.924s][info][gc,heap        ] GC(1809) ParOldGen: 617770K(617984K)->617778K(617984K)
[661.924s][info][gc,metaspace   ] GC(1809) Metaspace: 35532K(36224K)->35532K(36224K) NonClass: 29258K(29760K)->29258K(29760K) Class: 6273K(6464K)->6273K(6464K)
[661.924s][info][gc             ] GC(1809) Pause Young (Allocation Failure) 899M->603M(913M) 1.994ms
[661.924s][info][gc,cpu         ] GC(1809) User=0.00s Sys=0.00s Real=0.00s
[662.787s][info][gc,start       ] GC(1810) Pause Young (Allocation Failure)
[662.789s][info][gc,heap        ] GC(1810) PSYoungGen: 306259K(317440K)->64K(318464K) Eden: 306176K(306176K)->0K(306176K) From: 83K(11264K)->64K(12288K)
[662.789s][info][gc,heap        ] GC(1810) ParOldGen: 617778K(617984K)->617786K(617984K)
[662.789s][info][gc,metaspace   ] GC(1810) Metaspace: 35532K(36224K)->35532K(36224K) NonClass: 29258K(29760K)->29258K(29760K) Class: 6273K(6464K)->6273K(6464K)
[662.789s][info][gc             ] GC(1810) Pause Young (Allocation Failure) 902M->603M(914M) 2.096ms
[662.789s][info][gc,cpu         ] GC(1810) User=0.00s Sys=0.01s Real=0.00s
[663.043s][info][gc,start       ] GC(1811) Pause Young (Allocation Failure)
[663.045s][info][gc,heap        ] GC(1811) PSYoungGen: 306240K(318464K)->64K(294400K) Eden: 306176K(306176K)->0K(293888K) From: 64K(12288K)->64K(512K)
[663.045s][info][gc,heap        ] GC(1811) ParOldGen: 617786K(617984K)->617794K(617984K)
[663.045s][info][gc,metaspace   ] GC(1811) Metaspace: 35532K(36224K)->35532K(36224K) NonClass: 29258K(29760K)->29258K(29760K) Class: 6273K(6464K)->6273K(6464K)
[663.045s][info][gc             ] GC(1811) Pause Young (Allocation Failure) 902M->603M(891M) 2.420ms
[663.045s][info][gc,cpu         ] GC(1811) User=0.00s Sys=0.00s Real=0.01s
[663.507s][info][gc,start       ] GC(1812) Pause Young (Allocation Failure)
[663.509s][info][gc,heap        ] GC(1812) PSYoungGen: 293952K(294400K)->64K(292864K) Eden: 293888K(293888K)->0K(282112K) From: 64K(512K)->64K(10752K)
[663.509s][info][gc,heap        ] GC(1812) ParOldGen: 617794K(617984K)->617802K(617984K)
[663.509s][info][gc,metaspace   ] GC(1812) Metaspace: 35532K(36224K)->35532K(36224K) NonClass: 29258K(29760K)->29258K(29760K) Class: 6273K(6464K)->6273K(6464K)
[663.509s][info][gc             ] GC(1812) Pause Young (Allocation Failure) 890M->603M(889M) 1.766ms
[663.509s][info][gc,cpu         ] GC(1812) User=0.00s Sys=0.00s Real=0.00s
[664.495s][info][gc,start       ] GC(1813) Pause Young (Allocation Failure)
[664.497s][info][gc,heap        ] GC(1813) PSYoungGen: 282176K(292864K)->64K(271360K) Eden: 282112K(282112K)->0K(270848K) From: 64K(10752K)->64K(512K)
[664.498s][info][gc,heap        ] GC(1813) ParOldGen: 617802K(617984K)->617810K(617984K)
[664.498s][info][gc,metaspace   ] GC(1813) Metaspace: 35532K(36224K)->35532K(36224K) NonClass: 29258K(29760K)->29258K(29760K) Class: 6273K(6464K)->6273K(6464K)
[664.498s][info][gc             ] GC(1813) Pause Young (Allocation Failure) 878M->603M(868M) 2.707ms
[664.498s][info][gc,cpu         ] GC(1813) User=0.01s Sys=0.00s Real=0.01s
[664.860s][info][gc,start       ] GC(1814) Pause Young (Allocation Failure)
[664.863s][info][gc,heap        ] GC(1814) PSYoungGen: 270912K(271360K)->64K(269312K) Eden: 270848K(270848K)->0K(260096K) From: 64K(512K)->64K(9216K)
[664.863s][info][gc,heap        ] GC(1814) ParOldGen: 617810K(617984K)->617818K(617984K)
[664.863s][info][gc,metaspace   ] GC(1814) Metaspace: 35532K(36224K)->35532K(36224K) NonClass: 29258K(29760K)->29258K(29760K) Class: 6273K(6464K)->6273K(6464K)
[664.863s][info][gc             ] GC(1814) Pause Young (Allocation Failure) 867M->603M(866M) 2.893ms
[664.863s][info][gc,cpu         ] GC(1814) User=0.00s Sys=0.00s Real=0.00s
[665.011s][info][gc,start       ] GC(1815) Pause Young (Allocation Failure)
[665.014s][info][gc,heap        ] GC(1815) PSYoungGen: 260160K(269312K)->64K(304640K) Eden: 260096K(260096K)->0K(295936K) From: 64K(9216K)->64K(8704K)
[665.014s][info][gc,heap        ] GC(1815) ParOldGen: 617818K(617984K)->617826K(617984K)
[665.014s][info][gc,metaspace   ] GC(1815) Metaspace: 35532K(36224K)->35532K(36224K) NonClass: 29258K(29760K)->29258K(29760K) Class: 6273K(6464K)->6273K(6464K)
[665.014s][info][gc             ] GC(1815) Pause Young (Allocation Failure) 857M->603M(901M) 2.866ms
[665.014s][info][gc,cpu         ] GC(1815) User=0.00s Sys=0.00s Real=0.00s
[665.433s][info][gc,start       ] GC(1816) Pause Young (Allocation Failure)
[665.436s][info][gc,heap        ] GC(1816) PSYoungGen: 296000K(304640K)->64K(284672K) Eden: 295936K(295936K)->0K(284160K) From: 64K(8704K)->64K(512K)
[665.436s][info][gc,heap        ] GC(1816) ParOldGen: 617826K(617984K)->617834K(617984K)
[665.436s][info][gc,metaspace   ] GC(1816) Metaspace: 35532K(36224K)->35532K(36224K) NonClass: 29258K(29760K)->29258K(29760K) Class: 6273K(6464K)->6273K(6464K)
[665.436s][info][gc             ] GC(1816) Pause Young (Allocation Failure) 892M->603M(881M) 2.784ms
[665.436s][info][gc,cpu         ] GC(1816) User=0.00s Sys=0.00s Real=0.01s
[665.825s][info][gc,start       ] GC(1817) Pause Young (Allocation Failure)
[665.830s][info][gc,heap        ] GC(1817) PSYoungGen: 284224K(284672K)->64K(273408K) Eden: 284160K(284160K)->0K(272896K) From: 64K(512K)->64K(512K)
[665.830s][info][gc,heap        ] GC(1817) ParOldGen: 617834K(617984K)->617850K(617984K)
[665.830s][info][gc,metaspace   ] GC(1817) Metaspace: 35532K(36224K)->35532K(36224K) NonClass: 29258K(29760K)->29258K(29760K) Class: 6273K(6464K)->6273K(6464K)
[665.830s][info][gc             ] GC(1817) Pause Young (Allocation Failure) 880M->603M(870M) 4.334ms
[665.830s][info][gc,cpu         ] GC(1817) User=0.01s Sys=0.00s Real=0.00s
[666.230s][info][gc,start       ] GC(1818) Pause Young (Allocation Failure)
[666.259s][info][gc,heap        ] GC(1818) PSYoungGen: 272960K(273408K)->7168K(290304K) Eden: 272896K(272896K)->0K(283136K) From: 64K(512K)->7168K(7168K)
[666.259s][info][gc,heap        ] GC(1818) ParOldGen: 617850K(617984K)->625050K(625152K)
[666.259s][info][gc,metaspace   ] GC(1818) Metaspace: 35532K(36224K)->35532K(36224K) NonClass: 29258K(29760K)->29258K(29760K) Class: 6273K(6464K)->6273K(6464K)
[666.259s][info][gc             ] GC(1818) Pause Young (Allocation Failure) 869M->617M(894M) 29.003ms
[666.259s][info][gc,cpu         ] GC(1818) User=0.05s Sys=0.00s Real=0.03s
[666.547s][info][gc,start       ] GC(1819) Pause Young (Allocation Failure)
[666.614s][info][gc,heap        ] GC(1819) PSYoungGen: 290304K(290304K)->11264K(303104K) Eden: 283136K(283136K)->0K(291840K) From: 7168K(7168K)->11264K(11264K)
[666.614s][info][gc,heap        ] GC(1819) ParOldGen: 625050K(625152K)->643922K(644096K)
[666.614s][info][gc,metaspace   ] GC(1819) Metaspace: 35532K(36224K)->35532K(36224K) NonClass: 29258K(29760K)->29258K(29760K) Class: 6273K(6464K)->6273K(6464K)
[666.614s][info][gc             ] GC(1819) Pause Young (Allocation Failure) 893M->639M(925M) 66.531ms
[666.614s][info][gc,cpu         ] GC(1819) User=0.10s Sys=0.03s Real=0.06s
[666.870s][info][gc,start       ] GC(1820) Pause Young (Allocation Failure)
[666.924s][info][gc,heap        ] GC(1820) PSYoungGen: 303104K(303104K)->20992K(312832K) Eden: 291840K(291840K)->0K(291840K) From: 11264K(11264K)->20992K(20992K)
[666.924s][info][gc,heap        ] GC(1820) ParOldGen: 643922K(644096K)->648330K(648704K)
[666.924s][info][gc,metaspace   ] GC(1820) Metaspace: 35532K(36224K)->35532K(36224K) NonClass: 29258K(29760K)->29258K(29760K) Class: 6273K(6464K)->6273K(6464K)
[666.924s][info][gc             ] GC(1820) Pause Young (Allocation Failure) 924M->653M(939M) 54.680ms
[666.924s][info][gc,cpu         ] GC(1820) User=0.10s Sys=0.01s Real=0.05s
[667.075s][info][gc,start       ] GC(1821) Pause Young (Allocation Failure)
[667.079s][info][gc,heap        ] GC(1821) PSYoungGen: 312832K(312832K)->64K(302592K) Eden: 291840K(291840K)->0K(281600K) From: 20992K(20992K)->64K(20992K)
[667.079s][info][gc,heap        ] GC(1821) ParOldGen: 648330K(648704K)->648474K(648704K)
[667.079s][info][gc,metaspace   ] GC(1821) Metaspace: 35532K(36224K)->35532K(36224K) NonClass: 29258K(29760K)->29258K(29760K) Class: 6273K(6464K)->6273K(6464K)
[667.079s][info][gc             ] GC(1821) Pause Young (Allocation Failure) 938M->633M(929M) 3.199ms
[667.079s][info][gc,cpu         ] GC(1821) User=0.01s Sys=0.00s Real=0.00s
[667.779s][info][gc,start       ] GC(1822) Pause Young (Allocation Failure)
[667.781s][info][gc,heap        ] GC(1822) PSYoungGen: 281664K(302592K)->64K(307712K) Eden: 281600K(281600K)->0K(281600K) From: 64K(20992K)->64K(26112K)
[667.781s][info][gc,heap        ] GC(1822) ParOldGen: 648474K(648704K)->648490K(648704K)
[667.781s][info][gc,metaspace   ] GC(1822) Metaspace: 35532K(36224K)->35532K(36224K) NonClass: 29258K(29760K)->29258K(29760K) Class: 6273K(6464K)->6273K(6464K)
[667.781s][info][gc             ] GC(1822) Pause Young (Allocation Failure) 908M->633M(934M) 2.055ms
[667.781s][info][gc,cpu         ] GC(1822) User=0.00s Sys=0.00s Real=0.00s
[668.084s][info][gc,start       ] GC(1823) Pause Young (Allocation Failure)
[668.086s][info][gc,heap        ] GC(1823) PSYoungGen: 281664K(307712K)->64K(304640K) Eden: 281600K(281600K)->0K(282624K) From: 64K(26112K)->64K(22016K)
[668.086s][info][gc,heap        ] GC(1823) ParOldGen: 648490K(648704K)->648490K(648704K)
[668.086s][info][gc,metaspace   ] GC(1823) Metaspace: 35532K(36224K)->35532K(36224K) NonClass: 29258K(29760K)->29258K(29760K) Class: 6273K(6464K)->6273K(6464K)
[668.086s][info][gc             ] GC(1823) Pause Young (Allocation Failure) 908M->633M(931M) 2.353ms
[668.086s][info][gc,cpu         ] GC(1823) User=0.00s Sys=0.00s Real=0.01s
[668.529s][info][gc,start       ] GC(1824) Pause Young (Allocation Failure)
[668.531s][info][gc,heap        ] GC(1824) PSYoungGen: 282688K(304640K)->64K(306688K) Eden: 282624K(282624K)->0K(282624K) From: 64K(22016K)->64K(24064K)
[668.531s][info][gc,heap        ] GC(1824) ParOldGen: 648490K(648704K)->648506K(648704K)
[668.531s][info][gc,metaspace   ] GC(1824) Metaspace: 35532K(36224K)->35532K(36224K) NonClass: 29258K(29760K)->29258K(29760K) Class: 6273K(6464K)->6273K(6464K)
[668.531s][info][gc             ] GC(1824) Pause Young (Allocation Failure) 909M->633M(933M) 2.122ms
[668.531s][info][gc,cpu         ] GC(1824) User=0.00s Sys=0.00s Real=0.00s
[668.743s][info][gc,start       ] GC(1825) Pause Young (Allocation Failure)
[668.745s][info][gc,heap        ] GC(1825) PSYoungGen: 282688K(306688K)->64K(306688K) Eden: 282624K(282624K)->0K(286720K) From: 64K(24064K)->64K(19968K)
[668.745s][info][gc,heap        ] GC(1825) ParOldGen: 648506K(648704K)->648522K(648704K)
[668.745s][info][gc,metaspace   ] GC(1825) Metaspace: 35532K(36224K)->35532K(36224K) NonClass: 29258K(29760K)->29258K(29760K) Class: 6273K(6464K)->6273K(6464K)
[668.745s][info][gc             ] GC(1825) Pause Young (Allocation Failure) 909M->633M(933M) 2.097ms
[668.745s][info][gc,cpu         ] GC(1825) User=0.00s Sys=0.00s Real=0.00s
[668.957s][info][gc,start       ] GC(1826) Pause Young (Allocation Failure)
[668.959s][info][gc,heap        ] GC(1826) PSYoungGen: 286784K(306688K)->64K(308736K) Eden: 286720K(286720K)->0K(286720K) From: 64K(19968K)->64K(22016K)
[668.959s][info][gc,heap        ] GC(1826) ParOldGen: 648522K(648704K)->648522K(648704K)
[668.959s][info][gc,metaspace   ] GC(1826) Metaspace: 35532K(36224K)->35532K(36224K) NonClass: 29258K(29760K)->29258K(29760K) Class: 6273K(6464K)->6273K(6464K)
[668.959s][info][gc             ] GC(1826) Pause Young (Allocation Failure) 913M->633M(935M) 1.861ms
[668.959s][info][gc,cpu         ] GC(1826) User=0.01s Sys=0.00s Real=0.00s
[669.276s][info][gc,start       ] GC(1827) Pause Young (Allocation Failure)
[669.278s][info][gc,heap        ] GC(1827) PSYoungGen: 286784K(308736K)->64K(308736K) Eden: 286720K(286720K)->0K(290816K) From: 64K(22016K)->64K(17920K)
[669.278s][info][gc,heap        ] GC(1827) ParOldGen: 648522K(648704K)->648522K(648704K)
[669.278s][info][gc,metaspace   ] GC(1827) Metaspace: 35532K(36224K)->35532K(36224K) NonClass: 29258K(29760K)->29258K(29760K) Class: 6273K(6464K)->6273K(6464K)
[669.278s][info][gc             ] GC(1827) Pause Young (Allocation Failure) 913M->633M(935M) 1.901ms
[669.278s][info][gc,cpu         ] GC(1827) User=0.01s Sys=0.00s Real=0.00s
[669.332s][info][gc,start       ] GC(1828) Pause Young (Allocation Failure)
[669.334s][info][gc,heap        ] GC(1828) PSYoungGen: 290880K(308736K)->64K(310784K) Eden: 290816K(290816K)->0K(290816K) From: 64K(17920K)->64K(19968K)
[669.334s][info][gc,heap        ] GC(1828) ParOldGen: 648522K(648704K)->648538K(648704K)
[669.334s][info][gc,metaspace   ] GC(1828) Metaspace: 35532K(36224K)->35532K(36224K) NonClass: 29258K(29760K)->29258K(29760K) Class: 6273K(6464K)->6273K(6464K)
[669.334s][info][gc             ] GC(1828) Pause Young (Allocation Failure) 917M->633M(937M) 1.843ms
[669.334s][info][gc,cpu         ] GC(1828) User=0.00s Sys=0.00s Real=0.00s
[669.386s][info][gc,start       ] GC(1829) Pause Young (Allocation Failure)
[669.388s][info][gc,heap        ] GC(1829) PSYoungGen: 290880K(310784K)->64K(310784K) Eden: 290816K(290816K)->0K(294912K) From: 64K(19968K)->64K(15872K)
[669.388s][info][gc,heap        ] GC(1829) ParOldGen: 648538K(648704K)->648538K(648704K)
[669.388s][info][gc,metaspace   ] GC(1829) Metaspace: 35532K(36224K)->35532K(36224K) NonClass: 29258K(29760K)->29258K(29760K) Class: 6273K(6464K)->6273K(6464K)
[669.388s][info][gc             ] GC(1829) Pause Young (Allocation Failure) 917M->633M(937M) 1.705ms
[669.388s][info][gc,cpu         ] GC(1829) User=0.01s Sys=0.00s Real=0.00s
[669.726s][info][gc,start       ] GC(1830) Pause Young (Allocation Failure)
[669.728s][info][gc,heap        ] GC(1830) PSYoungGen: 294976K(310784K)->64K(312832K) Eden: 294912K(294912K)->0K(294912K) From: 64K(15872K)->64K(17920K)
[669.728s][info][gc,heap        ] GC(1830) ParOldGen: 648538K(648704K)->648538K(648704K)
[669.728s][info][gc,metaspace   ] GC(1830) Metaspace: 35532K(36224K)->35532K(36224K) NonClass: 29258K(29760K)->29258K(29760K) Class: 6273K(6464K)->6273K(6464K)
[669.729s][info][gc             ] GC(1830) Pause Young (Allocation Failure) 921M->633M(939M) 2.098ms
[669.729s][info][gc,cpu         ] GC(1830) User=0.01s Sys=0.00s Real=0.00s
[669.989s][info][gc,start       ] GC(1831) Pause Young (Allocation Failure)
[669.991s][info][gc,heap        ] GC(1831) PSYoungGen: 294976K(312832K)->64K(312832K) Eden: 294912K(294912K)->0K(299008K) From: 64K(17920K)->64K(13824K)
[669.991s][info][gc,heap        ] GC(1831) ParOldGen: 648538K(648704K)->648546K(648704K)
[669.991s][info][gc,metaspace   ] GC(1831) Metaspace: 35532K(36224K)->35532K(36224K) NonClass: 29258K(29760K)->29258K(29760K) Class: 6273K(6464K)->6273K(6464K)
[669.991s][info][gc             ] GC(1831) Pause Young (Allocation Failure) 921M->633M(939M) 2.141ms
[669.991s][info][gc,cpu         ] GC(1831) User=0.00s Sys=0.00s Real=0.00s
[670.089s][info][gc,start       ] GC(1832) Pause Young (Allocation Failure)
[670.091s][info][gc,heap        ] GC(1832) PSYoungGen: 299072K(312832K)->64K(314880K) Eden: 299008K(299008K)->0K(299008K) From: 64K(13824K)->64K(15872K)
[670.091s][info][gc,heap        ] GC(1832) ParOldGen: 648546K(648704K)->648554K(648704K)
[670.091s][info][gc,metaspace   ] GC(1832) Metaspace: 35532K(36224K)->35532K(36224K) NonClass: 29258K(29760K)->29258K(29760K) Class: 6273K(6464K)->6273K(6464K)
[670.091s][info][gc             ] GC(1832) Pause Young (Allocation Failure) 925M->633M(941M) 2.399ms
[670.091s][info][gc,cpu         ] GC(1832) User=0.00s Sys=0.00s Real=0.00s
[670.217s][info][gc,start       ] GC(1833) Pause Young (Allocation Failure)
[670.219s][info][gc,heap        ] GC(1833) PSYoungGen: 299072K(314880K)->64K(314880K) Eden: 299008K(299008K)->0K(303104K) From: 64K(15872K)->64K(11776K)
[670.219s][info][gc,heap        ] GC(1833) ParOldGen: 648554K(648704K)->648562K(648704K)
[670.219s][info][gc,metaspace   ] GC(1833) Metaspace: 35532K(36224K)->35532K(36224K) NonClass: 29258K(29760K)->29258K(29760K) Class: 6273K(6464K)->6273K(6464K)
[670.219s][info][gc             ] GC(1833) Pause Young (Allocation Failure) 925M->633M(941M) 2.154ms
[670.219s][info][gc,cpu         ] GC(1833) User=0.00s Sys=0.00s Real=0.00s
[670.495s][info][gc,start       ] GC(1834) Pause Young (Allocation Failure)
[670.497s][info][gc,heap        ] GC(1834) PSYoungGen: 303168K(314880K)->64K(316928K) Eden: 303104K(303104K)->0K(303104K) From: 64K(11776K)->64K(13824K)
[670.497s][info][gc,heap        ] GC(1834) ParOldGen: 648562K(648704K)->648570K(648704K)
[670.497s][info][gc,metaspace   ] GC(1834) Metaspace: 35532K(36224K)->35532K(36224K) NonClass: 29258K(29760K)->29258K(29760K) Class: 6273K(6464K)->6273K(6464K)
[670.497s][info][gc             ] GC(1834) Pause Young (Allocation Failure) 929M->633M(943M) 2.137ms
[670.497s][info][gc,cpu         ] GC(1834) User=0.01s Sys=0.00s Real=0.00s
[671.328s][info][gc,start       ] GC(1835) Pause Young (Allocation Failure)
[671.330s][info][gc,heap        ] GC(1835) PSYoungGen: 303168K(316928K)->83K(317952K) Eden: 303104K(303104K)->0K(307200K) From: 64K(13824K)->83K(10752K)
[671.331s][info][gc,heap        ] GC(1835) ParOldGen: 648570K(648704K)->648578K(648704K)
[671.331s][info][gc,metaspace   ] GC(1835) Metaspace: 35532K(36224K)->35532K(36224K) NonClass: 29258K(29760K)->29258K(29760K) Class: 6273K(6464K)->6273K(6464K)
[671.331s][info][gc             ] GC(1835) Pause Young (Allocation Failure) 929M->633M(944M) 2.102ms
[671.331s][info][gc,cpu         ] GC(1835) User=0.00s Sys=0.00s Real=0.00s
[672.315s][info][gc,start       ] GC(1836) Pause Young (Allocation Failure)
[672.317s][info][gc,heap        ] GC(1836) PSYoungGen: 307283K(317952K)->64K(319488K) Eden: 307200K(307200K)->0K(307200K) From: 83K(10752K)->64K(12288K)
[672.317s][info][gc,heap        ] GC(1836) ParOldGen: 648578K(648704K)->648586K(648704K)
[672.317s][info][gc,metaspace   ] GC(1836) Metaspace: 35532K(36224K)->35532K(36224K) NonClass: 29258K(29760K)->29258K(29760K) Class: 6273K(6464K)->6273K(6464K)
[672.317s][info][gc             ] GC(1836) Pause Young (Allocation Failure) 933M->633M(945M) 2.062ms
[672.318s][info][gc,cpu         ] GC(1836) User=0.01s Sys=0.00s Real=0.00s
[672.764s][info][gc,start       ] GC(1837) Pause Young (Allocation Failure)
[672.766s][info][gc,heap        ] GC(1837) PSYoungGen: 307264K(319488K)->64K(295424K) Eden: 307200K(307200K)->0K(294912K) From: 64K(12288K)->64K(512K)
[672.766s][info][gc,heap        ] GC(1837) ParOldGen: 648586K(648704K)->648594K(648704K)
[672.766s][info][gc,metaspace   ] GC(1837) Metaspace: 35532K(36224K)->35532K(36224K) NonClass: 29258K(29760K)->29258K(29760K) Class: 6273K(6464K)->6273K(6464K)
[672.766s][info][gc             ] GC(1837) Pause Young (Allocation Failure) 933M->633M(922M) 2.672ms
[672.766s][info][gc,cpu         ] GC(1837) User=0.00s Sys=0.00s Real=0.01s
[673.765s][info][gc,start       ] GC(1838) Pause Young (Allocation Failure)
[673.767s][info][gc,heap        ] GC(1838) PSYoungGen: 294976K(295424K)->64K(293888K) Eden: 294912K(294912K)->0K(283136K) From: 64K(512K)->64K(10752K)
[673.767s][info][gc,heap        ] GC(1838) ParOldGen: 648594K(648704K)->648602K(648704K)
[673.767s][info][gc,metaspace   ] GC(1838) Metaspace: 35532K(36224K)->35532K(36224K) NonClass: 29258K(29760K)->29258K(29760K) Class: 6273K(6464K)->6273K(6464K)
[673.767s][info][gc             ] GC(1838) Pause Young (Allocation Failure) 921M->633M(920M) 2.075ms
[673.767s][info][gc,cpu         ] GC(1838) User=0.00s Sys=0.00s Real=0.01s
[674.171s][info][gc,start       ] GC(1839) Pause Young (Allocation Failure)
[674.173s][info][gc,heap        ] GC(1839) PSYoungGen: 283200K(293888K)->64K(272384K) Eden: 283136K(283136K)->0K(271872K) From: 64K(10752K)->64K(512K)
[674.173s][info][gc,heap        ] GC(1839) ParOldGen: 648602K(648704K)->648610K(648704K)
[674.173s][info][gc,metaspace   ] GC(1839) Metaspace: 35532K(36224K)->35532K(36224K) NonClass: 29258K(29760K)->29258K(29760K) Class: 6273K(6464K)->6273K(6464K)
[674.173s][info][gc             ] GC(1839) Pause Young (Allocation Failure) 909M->633M(899M) 2.097ms
[674.173s][info][gc,cpu         ] GC(1839) User=0.01s Sys=0.00s Real=0.00s
[674.376s][info][gc,start       ] GC(1840) Pause Young (Allocation Failure)
[674.378s][info][gc,heap        ] GC(1840) PSYoungGen: 271936K(272384K)->64K(270336K) Eden: 271872K(271872K)->0K(261120K) From: 64K(512K)->64K(9216K)
[674.378s][info][gc,heap        ] GC(1840) ParOldGen: 648610K(648704K)->648618K(648704K)
[674.378s][info][gc,metaspace   ] GC(1840) Metaspace: 35532K(36224K)->35532K(36224K) NonClass: 29258K(29760K)->29258K(29760K) Class: 6273K(6464K)->6273K(6464K)
[674.378s][info][gc             ] GC(1840) Pause Young (Allocation Failure) 898M->633M(897M) 2.465ms
[674.378s][info][gc,cpu         ] GC(1840) User=0.00s Sys=0.00s Real=0.00s
[674.476s][info][gc,start       ] GC(1841) Pause Young (Allocation Failure)
[674.478s][info][gc,heap        ] GC(1841) PSYoungGen: 261184K(270336K)->64K(305152K) Eden: 261120K(261120K)->0K(296448K) From: 64K(9216K)->64K(8704K)
[674.478s][info][gc,heap        ] GC(1841) ParOldGen: 648618K(648704K)->648626K(648704K)
[674.478s][info][gc,metaspace   ] GC(1841) Metaspace: 35532K(36224K)->35532K(36224K) NonClass: 29258K(29760K)->29258K(29760K) Class: 6273K(6464K)->6273K(6464K)
[674.478s][info][gc             ] GC(1841) Pause Young (Allocation Failure) 888M->633M(931M) 1.962ms
[674.478s][info][gc,cpu         ] GC(1841) User=0.00s Sys=0.00s Real=0.00s
[675.104s][info][gc,start       ] GC(1842) Pause Young (Allocation Failure)
[675.106s][info][gc,heap        ] GC(1842) PSYoungGen: 296512K(305152K)->64K(285184K) Eden: 296448K(296448K)->0K(284672K) From: 64K(8704K)->64K(512K)
[675.106s][info][gc,heap        ] GC(1842) ParOldGen: 648626K(648704K)->648634K(648704K)
[675.106s][info][gc,metaspace   ] GC(1842) Metaspace: 35532K(36224K)->35532K(36224K) NonClass: 29258K(29760K)->29258K(29760K) Class: 6273K(6464K)->6273K(6464K)
[675.106s][info][gc             ] GC(1842) Pause Young (Allocation Failure) 922M->633M(912M) 2.501ms
[675.106s][info][gc,cpu         ] GC(1842) User=0.00s Sys=0.00s Real=0.01s
[675.494s][info][gc,start       ] GC(1843) Pause Young (Allocation Failure)
[675.500s][info][gc,heap        ] GC(1843) PSYoungGen: 284736K(285184K)->2976K(297472K) Eden: 284672K(284672K)->0K(290304K) From: 64K(512K)->2976K(7168K)
[675.500s][info][gc,heap        ] GC(1843) ParOldGen: 648634K(648704K)->648650K(648704K)
[675.500s][info][gc,metaspace   ] GC(1843) Metaspace: 35532K(36224K)->35532K(36224K) NonClass: 29258K(29760K)->29258K(29760K) Class: 6273K(6464K)->6273K(6464K)
[675.500s][info][gc             ] GC(1843) Pause Young (Allocation Failure) 911M->636M(924M) 5.961ms
[675.500s][info][gc,cpu         ] GC(1843) User=0.01s Sys=0.00s Real=0.01s
[675.797s][info][gc,start       ] GC(1844) Pause Young (Allocation Failure)
[675.858s][info][gc,promotion   ] GC(1844) Promotion failed
[675.858s][info][gc,heap        ] GC(1844) PSYoungGen: 293280K(297472K)->293280K(297472K) Eden: 290304K(290304K)->290304K(290304K) From: 2976K(7168K)->2976K(7168K)
[675.858s][info][gc,heap        ] GC(1844) ParOldGen: 648650K(648704K)->667642K(667648K)
[675.858s][info][gc,metaspace   ] GC(1844) Metaspace: 35532K(36224K)->35532K(36224K) NonClass: 29258K(29760K)->29258K(29760K) Class: 6273K(6464K)->6273K(6464K)
[675.858s][info][gc             ] GC(1844) Pause Young (Allocation Failure) 919M->938M(942M) 61.141ms
[675.858s][info][gc,cpu         ] GC(1844) User=0.11s Sys=0.02s Real=0.06s
[675.858s][info][gc,start       ] GC(1845) Pause Full (Allocation Failure)
[675.858s][info][gc,phases,start] GC(1845) Marking Phase
[675.927s][info][gc,phases      ] GC(1845) Marking Phase 69.399ms
[675.927s][info][gc,phases,start] GC(1845) Summary Phase
[675.927s][info][gc,phases      ] GC(1845) Summary Phase 0.027ms
[675.927s][info][gc,phases,start] GC(1845) Forward
[675.940s][info][gc,phases      ] GC(1845) Forward 13.137ms
[675.940s][info][gc,phases,start] GC(1845) Adjust Pointers
[675.974s][info][gc,phases      ] GC(1845) Adjust Pointers 33.900ms
[675.974s][info][gc,phases,start] GC(1845) Compaction Phase
[675.992s][info][gc,phases      ] GC(1845) Compaction Phase 17.592ms
[675.992s][info][gc,phases,start] GC(1845) Post Compact
[675.995s][info][metaspace      ] ChkMgr @0x00007f206403aa80 (non-class-space): : reclaiming memory...
[675.995s][info][metaspace      ] ChkMgr @0x00007f206403aa80 (non-class-space): nothing reclaimed.
[675.995s][info][metaspace      ] ChkMgr @0x00007f206403a890 (class-space): : reclaiming memory...
[675.995s][info][metaspace      ] ChkMgr @0x00007f206403a890 (class-space): nothing reclaimed.
[675.995s][info][gc,phases      ] GC(1845) Post Compact 2.770ms
[676.035s][info][gc,heap        ] GC(1845) PSYoungGen: 293280K(297472K)->0K(297984K) Eden: 290304K(290304K)->0K(290304K) From: 2976K(7168K)->0K(7680K)
[676.035s][info][gc,heap        ] GC(1845) ParOldGen: 667642K(667648K)->88732K(175104K)
[676.035s][info][gc,metaspace   ] GC(1845) Metaspace: 35532K(36224K)->35490K(36224K) NonClass: 29258K(29760K)->29217K(29760K) Class: 6273K(6464K)->6272K(6464K)
[676.035s][info][gc             ] GC(1845) Pause Full (Allocation Failure) 938M->86M(462M) 177.161ms
[676.035s][info][gc,cpu         ] GC(1845) User=0.23s Sys=0.04s Real=0.17s
[676.330s][info][gc,start       ] GC(1846) Pause Young (Allocation Failure)
[676.382s][info][gc,heap        ] GC(1846) PSYoungGen: 290304K(297984K)->7680K(305664K) Eden: 290304K(290304K)->0K(297984K) From: 0K(7680K)->7680K(7680K)
[676.383s][info][gc,heap        ] GC(1846) ParOldGen: 88732K(175104K)->111684K(175104K)
[676.383s][info][gc,metaspace   ] GC(1846) Metaspace: 35490K(36224K)->35490K(36224K) NonClass: 29217K(29760K)->29217K(29760K) Class: 6272K(6464K)->6272K(6464K)
[676.383s][info][gc             ] GC(1846) Pause Young (Allocation Failure) 370M->116M(469M) 52.508ms
[676.383s][info][gc,cpu         ] GC(1846) User=0.09s Sys=0.01s Real=0.05s
[676.501s][info][gc,start       ] GC(1847) Pause Young (Allocation Failure)
[676.515s][info][gc,heap        ] GC(1847) PSYoungGen: 305664K(305664K)->4800K(315904K) Eden: 297984K(297984K)->0K(297984K) From: 7680K(7680K)->4800K(17920K)
[676.515s][info][gc,heap        ] GC(1847) ParOldGen: 111684K(175104K)->112548K(175104K)
[676.515s][info][gc,metaspace   ] GC(1847) Metaspace: 35490K(36224K)->35490K(36224K) NonClass: 29217K(29760K)->29217K(29760K) Class: 6272K(6464K)->6272K(6464K)
[676.515s][info][gc             ] GC(1847) Pause Young (Allocation Failure) 407M->114M(479M) 13.882ms
[676.515s][info][gc,cpu         ] GC(1847) User=0.02s Sys=0.00s Real=0.01s
[677.127s][info][gc,start       ] GC(1848) Pause Young (Allocation Failure)
[677.128s][info][gc,heap        ] GC(1848) PSYoungGen: 302784K(315904K)->64K(313856K) Eden: 297984K(297984K)->0K(299008K) From: 4800K(17920K)->64K(14848K)
[677.128s][info][gc,heap        ] GC(1848) ParOldGen: 112548K(175104K)->112556K(175104K)
[677.128s][info][gc,metaspace   ] GC(1848) Metaspace: 35490K(36224K)->35490K(36224K) NonClass: 29217K(29760K)->29217K(29760K) Class: 6272K(6464K)->6272K(6464K)
[677.128s][info][gc             ] GC(1848) Pause Young (Allocation Failure) 405M->109M(477M) 1.015ms
[677.128s][info][gc,cpu         ] GC(1848) User=0.00s Sys=0.00s Real=0.00s
[677.599s][info][gc,start       ] GC(1849) Pause Young (Allocation Failure)
[677.600s][info][gc,heap        ] GC(1849) PSYoungGen: 299072K(313856K)->64K(315392K) Eden: 299008K(299008K)->0K(299008K) From: 64K(14848K)->64K(16384K)
[677.600s][info][gc,heap        ] GC(1849) ParOldGen: 112556K(175104K)->112564K(175104K)
[677.600s][info][gc,metaspace   ] GC(1849) Metaspace: 35490K(36224K)->35490K(36224K) NonClass: 29217K(29760K)->29217K(29760K) Class: 6272K(6464K)->6272K(6464K)
[677.600s][info][gc             ] GC(1849) Pause Young (Allocation Failure) 401M->109M(479M) 0.867ms
[677.600s][info][gc,cpu         ] GC(1849) User=0.00s Sys=0.00s Real=0.00s
[678.059s][info][gc,start       ] GC(1850) Pause Young (Allocation Failure)
[678.060s][info][gc,heap        ] GC(1850) PSYoungGen: 299072K(315392K)->64K(314880K) Eden: 299008K(299008K)->0K(301568K) From: 64K(16384K)->64K(13312K)
[678.060s][info][gc,heap        ] GC(1850) ParOldGen: 112564K(175104K)->112580K(175104K)
[678.060s][info][gc,metaspace   ] GC(1850) Metaspace: 35490K(36224K)->35490K(36224K) NonClass: 29217K(29760K)->29217K(29760K) Class: 6272K(6464K)->6272K(6464K)
[678.060s][info][gc             ] GC(1850) Pause Young (Allocation Failure) 401M->110M(478M) 0.961ms
[678.060s][info][gc,cpu         ] GC(1850) User=0.00s Sys=0.00s Real=0.00s
[678.287s][info][gc,start       ] GC(1851) Pause Young (Allocation Failure)
[678.288s][info][gc,heap        ] GC(1851) PSYoungGen: 301632K(314880K)->64K(316416K) Eden: 301568K(301568K)->0K(301568K) From: 64K(13312K)->64K(14848K)
[678.288s][info][gc,heap        ] GC(1851) ParOldGen: 112580K(175104K)->112596K(175104K)
[678.288s][info][gc,metaspace   ] GC(1851) Metaspace: 35490K(36224K)->35490K(36224K) NonClass: 29217K(29760K)->29217K(29760K) Class: 6272K(6464K)->6272K(6464K)
[678.288s][info][gc             ] GC(1851) Pause Young (Allocation Failure) 404M->110M(480M) 0.864ms
[678.288s][info][gc,cpu         ] GC(1851) User=0.00s Sys=0.00s Real=0.00s
[678.514s][info][gc,start       ] GC(1852) Pause Young (Allocation Failure)
[678.515s][info][gc,heap        ] GC(1852) PSYoungGen: 301632K(316416K)->64K(317440K) Eden: 301568K(301568K)->0K(304640K) From: 64K(14848K)->64K(12800K)
[678.515s][info][gc,heap        ] GC(1852) ParOldGen: 112596K(175104K)->112596K(175104K)
[678.515s][info][gc,metaspace   ] GC(1852) Metaspace: 35490K(36224K)->35490K(36224K) NonClass: 29217K(29760K)->29217K(29760K) Class: 6272K(6464K)->6272K(6464K)
[678.515s][info][gc             ] GC(1852) Pause Young (Allocation Failure) 404M->110M(481M) 0.808ms
[678.515s][info][gc,cpu         ] GC(1852) User=0.01s Sys=0.00s Real=0.00s
[678.842s][info][gc,start       ] GC(1853) Pause Young (Allocation Failure)
[678.842s][info][gc,heap        ] GC(1853) PSYoungGen: 304704K(317440K)->64K(318464K) Eden: 304640K(304640K)->0K(304640K) From: 64K(12800K)->64K(13824K)
[678.842s][info][gc,heap        ] GC(1853) ParOldGen: 112596K(175104K)->112596K(175104K)
[678.842s][info][gc,metaspace   ] GC(1853) Metaspace: 35490K(36224K)->35490K(36224K) NonClass: 29217K(29760K)->29217K(29760K) Class: 6272K(6464K)->6272K(6464K)
[678.842s][info][gc             ] GC(1853) Pause Young (Allocation Failure) 407M->110M(482M) 0.818ms
[678.842s][info][gc,cpu         ] GC(1853) User=0.00s Sys=0.00s Real=0.00s
[678.899s][info][gc,start       ] GC(1854) Pause Young (Allocation Failure)
[678.899s][info][gc,heap        ] GC(1854) PSYoungGen: 304704K(318464K)->64K(318976K) Eden: 304640K(304640K)->0K(307200K) From: 64K(13824K)->64K(11776K)
[678.899s][info][gc,heap        ] GC(1854) ParOldGen: 112596K(175104K)->112612K(175104K)
[678.899s][info][gc,metaspace   ] GC(1854) Metaspace: 35490K(36224K)->35490K(36224K) NonClass: 29217K(29760K)->29217K(29760K) Class: 6272K(6464K)->6272K(6464K)
[678.899s][info][gc             ] GC(1854) Pause Young (Allocation Failure) 407M->110M(482M) 0.856ms
[678.899s][info][gc,cpu         ] GC(1854) User=0.00s Sys=0.00s Real=0.00s
[678.987s][info][gc,start       ] GC(1855) Pause Young (Allocation Failure)
[678.988s][info][gc,heap        ] GC(1855) PSYoungGen: 307264K(318976K)->64K(319488K) Eden: 307200K(307200K)->0K(307200K) From: 64K(11776K)->64K(12288K)
[678.988s][info][gc,heap        ] GC(1855) ParOldGen: 112612K(175104K)->112612K(175104K)
[678.988s][info][gc,metaspace   ] GC(1855) Metaspace: 35490K(36224K)->35490K(36224K) NonClass: 29217K(29760K)->29217K(29760K) Class: 6272K(6464K)->6272K(6464K)
[678.988s][info][gc             ] GC(1855) Pause Young (Allocation Failure) 410M->110M(483M) 0.865ms
[678.988s][info][gc,cpu         ] GC(1855) User=0.00s Sys=0.00s Real=0.00s
[679.349s][info][gc,start       ] GC(1856) Pause Young (Allocation Failure)
[679.350s][info][gc,heap        ] GC(1856) PSYoungGen: 307264K(319488K)->64K(319488K) Eden: 307200K(307200K)->0K(309760K) From: 64K(12288K)->64K(9728K)
[679.350s][info][gc,heap        ] GC(1856) ParOldGen: 112612K(175104K)->112628K(175104K)
[679.350s][info][gc,metaspace   ] GC(1856) Metaspace: 35490K(36224K)->35490K(36224K) NonClass: 29217K(29760K)->29217K(29760K) Class: 6272K(6464K)->6272K(6464K)
[679.350s][info][gc             ] GC(1856) Pause Young (Allocation Failure) 410M->110M(483M) 0.858ms
[679.350s][info][gc,cpu         ] GC(1856) User=0.01s Sys=0.00s Real=0.00s
[679.595s][info][gc,start       ] GC(1857) Pause Young (Allocation Failure)
[679.597s][info][gc,heap        ] GC(1857) PSYoungGen: 309824K(319488K)->64K(297984K) Eden: 309760K(309760K)->0K(297472K) From: 64K(9728K)->64K(512K)
[679.597s][info][gc,heap        ] GC(1857) ParOldGen: 112628K(175104K)->112636K(175104K)
[679.597s][info][gc,metaspace   ] GC(1857) Metaspace: 35490K(36224K)->35490K(36224K) NonClass: 29217K(29760K)->29217K(29760K) Class: 6272K(6464K)->6272K(6464K)
[679.597s][info][gc             ] GC(1857) Pause Young (Allocation Failure) 412M->110M(462M) 1.266ms
[679.597s][info][gc,cpu         ] GC(1857) User=0.00s Sys=0.00s Real=0.00s
[679.676s][info][gc,start       ] GC(1858) Pause Young (Allocation Failure)
[679.677s][info][gc,heap        ] GC(1858) PSYoungGen: 297536K(297984K)->64K(286208K) Eden: 297472K(297472K)->0K(285696K) From: 64K(512K)->64K(512K)
[679.677s][info][gc,heap        ] GC(1858) ParOldGen: 112636K(175104K)->112652K(175104K)
[679.677s][info][gc,metaspace   ] GC(1858) Metaspace: 35490K(36224K)->35490K(36224K) NonClass: 29217K(29760K)->29217K(29760K) Class: 6272K(6464K)->6272K(6464K)
[679.677s][info][gc             ] GC(1858) Pause Young (Allocation Failure) 400M->110M(450M) 0.831ms
[679.677s][info][gc,cpu         ] GC(1858) User=0.00s Sys=0.00s Real=0.00s
[679.817s][info][gc,start       ] GC(1859) Pause Young (Allocation Failure)
[679.817s][info][gc,heap        ] GC(1859) PSYoungGen: 285760K(286208K)->64K(284160K) Eden: 285696K(285696K)->0K(274432K) From: 64K(512K)->64K(9728K)
[679.818s][info][gc,heap        ] GC(1859) ParOldGen: 112652K(175104K)->112652K(175104K)
[679.818s][info][gc,metaspace   ] GC(1859) Metaspace: 35490K(36224K)->35490K(36224K) NonClass: 29217K(29760K)->29217K(29760K) Class: 6272K(6464K)->6272K(6464K)
[679.818s][info][gc             ] GC(1859) Pause Young (Allocation Failure) 389M->110M(448M) 0.764ms
[679.818s][info][gc,cpu         ] GC(1859) User=0.00s Sys=0.00s Real=0.00s
[680.172s][info][gc,start       ] GC(1860) Pause Young (Allocation Failure)
[680.173s][info][gc,heap        ] GC(1860) PSYoungGen: 274496K(284160K)->64K(264192K) Eden: 274432K(274432K)->0K(263680K) From: 64K(9728K)->64K(512K)
[680.173s][info][gc,heap        ] GC(1860) ParOldGen: 112652K(175104K)->112660K(175104K)
[680.173s][info][gc,metaspace   ] GC(1860) Metaspace: 35490K(36224K)->35490K(36224K) NonClass: 29217K(29760K)->29217K(29760K) Class: 6272K(6464K)->6272K(6464K)
[680.173s][info][gc             ] GC(1860) Pause Young (Allocation Failure) 378M->110M(429M) 1.280ms
[680.173s][info][gc,cpu         ] GC(1860) User=0.00s Sys=0.00s Real=0.00s
[680.887s][info][gc,start       ] GC(1861) Pause Young (Allocation Failure)
[680.888s][info][gc,heap        ] GC(1861) PSYoungGen: 263744K(264192K)->64K(262144K) Eden: 263680K(263680K)->0K(253440K) From: 64K(512K)->64K(8704K)
[680.888s][info][gc,heap        ] GC(1861) ParOldGen: 112660K(175104K)->112668K(175104K)
[680.888s][info][gc,metaspace   ] GC(1861) Metaspace: 35490K(36224K)->35490K(36224K) NonClass: 29217K(29760K)->29217K(29760K) Class: 6272K(6464K)->6272K(6464K)
[680.888s][info][gc             ] GC(1861) Pause Young (Allocation Failure) 367M->110M(427M) 0.836ms
[680.888s][info][gc,cpu         ] GC(1861) User=0.00s Sys=0.00s Real=0.00s
[681.755s][info][gc,start       ] GC(1862) Pause Young (Allocation Failure)
[681.756s][info][gc,heap        ] GC(1862) PSYoungGen: 253504K(262144K)->64K(244224K) Eden: 253440K(253440K)->0K(243712K) From: 64K(8704K)->64K(512K)
[681.756s][info][gc,heap        ] GC(1862) ParOldGen: 112668K(175104K)->112676K(175104K)
[681.756s][info][gc,metaspace   ] GC(1862) Metaspace: 35490K(36224K)->35490K(36224K) NonClass: 29217K(29760K)->29217K(29760K) Class: 6272K(6464K)->6272K(6464K)
[681.756s][info][gc             ] GC(1862) Pause Young (Allocation Failure) 357M->110M(409M) 1.317ms
[681.756s][info][gc,cpu         ] GC(1862) User=0.00s Sys=0.00s Real=0.01s
[682.019s][info][gc,start       ] GC(1863) Pause Young (Allocation Failure)
[682.020s][info][gc,heap        ] GC(1863) PSYoungGen: 243776K(244224K)->64K(241664K) Eden: 243712K(243712K)->0K(234496K) From: 64K(512K)->64K(7168K)
[682.020s][info][gc,heap        ] GC(1863) ParOldGen: 112676K(175104K)->112684K(175104K)
[682.020s][info][gc,metaspace   ] GC(1863) Metaspace: 35490K(36224K)->35490K(36224K) NonClass: 29217K(29760K)->29217K(29760K) Class: 6272K(6464K)->6272K(6464K)
[682.020s][info][gc             ] GC(1863) Pause Young (Allocation Failure) 348M->110M(407M) 0.896ms
[682.020s][info][gc,cpu         ] GC(1863) User=0.00s Sys=0.00s Real=0.00s
[682.357s][info][gc,start       ] GC(1864) Pause Young (Allocation Failure)
[682.359s][info][gc,heap        ] GC(1864) PSYoungGen: 234560K(241664K)->64K(226304K) Eden: 234496K(234496K)->0K(225792K) From: 64K(7168K)->64K(512K)
[682.359s][info][gc,heap        ] GC(1864) ParOldGen: 112684K(175104K)->112700K(175104K)
[682.359s][info][gc,metaspace   ] GC(1864) Metaspace: 35490K(36224K)->35490K(36224K) NonClass: 29217K(29760K)->29217K(29760K) Class: 6272K(6464K)->6272K(6464K)
[682.359s][info][gc             ] GC(1864) Pause Young (Allocation Failure) 339M->110M(392M) 1.937ms
[682.359s][info][gc,cpu         ] GC(1864) User=0.00s Sys=0.00s Real=0.00s
[683.293s][info][gc,start       ] GC(1865) Pause Young (Allocation Failure)
[683.294s][info][gc,heap        ] GC(1865) PSYoungGen: 225856K(226304K)->64K(224256K) Eden: 225792K(225792K)->0K(217600K) From: 64K(512K)->64K(6656K)
[683.294s][info][gc,heap        ] GC(1865) ParOldGen: 112700K(175104K)->112716K(175104K)
[683.294s][info][gc,metaspace   ] GC(1865) Metaspace: 35490K(36224K)->35490K(36224K) NonClass: 29217K(29760K)->29217K(29760K) Class: 6272K(6464K)->6272K(6464K)
[683.294s][info][gc             ] GC(1865) Pause Young (Allocation Failure) 330M->110M(390M) 1.293ms
[683.294s][info][gc,cpu         ] GC(1865) User=0.00s Sys=0.00s Real=0.00s
[683.493s][info][gc,start       ] GC(1866) Pause Young (Allocation Failure)
[683.494s][info][gc,heap        ] GC(1866) PSYoungGen: 217664K(224256K)->64K(209920K) Eden: 217600K(217600K)->0K(209408K) From: 64K(6656K)->64K(512K)
[683.495s][info][gc,heap        ] GC(1866) ParOldGen: 112716K(175104K)->112732K(175104K)
[683.495s][info][gc,metaspace   ] GC(1866) Metaspace: 35490K(36224K)->35490K(36224K) NonClass: 29217K(29760K)->29217K(29760K) Class: 6272K(6464K)->6272K(6464K)
[683.495s][info][gc             ] GC(1866) Pause Young (Allocation Failure) 322M->110M(376M) 1.865ms
[683.495s][info][gc,cpu         ] GC(1866) User=0.00s Sys=0.00s Real=0.00s
[683.846s][info][gc,start       ] GC(1867) Pause Young (Allocation Failure)
[683.848s][info][gc,heap        ] GC(1867) PSYoungGen: 209472K(209920K)->64K(207360K) Eden: 209408K(209408K)->0K(201728K) From: 64K(512K)->64K(5632K)
[683.848s][info][gc,heap        ] GC(1867) ParOldGen: 112732K(175104K)->112748K(175104K)
[683.848s][info][gc,metaspace   ] GC(1867) Metaspace: 35490K(36224K)->35490K(36224K) NonClass: 29217K(29760K)->29217K(29760K) Class: 6272K(6464K)->6272K(6464K)
[683.848s][info][gc             ] GC(1867) Pause Young (Allocation Failure) 314M->110M(373M) 1.366ms
[683.848s][info][gc,cpu         ] GC(1867) User=0.00s Sys=0.00s Real=0.00s
[683.913s][info][gc,start       ] GC(1868) Pause Young (Allocation Failure)
[683.915s][info][gc,heap        ] GC(1868) PSYoungGen: 201792K(207360K)->64K(195072K) Eden: 201728K(201728K)->0K(194560K) From: 64K(5632K)->64K(512K)
[683.915s][info][gc,heap        ] GC(1868) ParOldGen: 112748K(175104K)->112756K(175104K)
[683.915s][info][gc,metaspace   ] GC(1868) Metaspace: 35490K(36224K)->35490K(36224K) NonClass: 29217K(29760K)->29217K(29760K) Class: 6272K(6464K)->6272K(6464K)
[683.915s][info][gc             ] GC(1868) Pause Young (Allocation Failure) 307M->110M(361M) 1.905ms
[683.915s][info][gc,cpu         ] GC(1868) User=0.00s Sys=0.00s Real=0.00s
[684.075s][info][gc,start       ] GC(1869) Pause Young (Allocation Failure)
[684.075s][info][gc,heap        ] GC(1869) PSYoungGen: 194624K(195072K)->64K(192512K) Eden: 194560K(194560K)->0K(187904K) From: 64K(512K)->64K(4608K)
[684.075s][info][gc,heap        ] GC(1869) ParOldGen: 112756K(175104K)->112764K(175104K)
[684.075s][info][gc,metaspace   ] GC(1869) Metaspace: 35490K(36224K)->35490K(36224K) NonClass: 29217K(29760K)->29217K(29760K) Class: 6272K(6464K)->6272K(6464K)
[684.076s][info][gc             ] GC(1869) Pause Young (Allocation Failure) 300M->110M(359M) 0.814ms
[684.076s][info][gc,cpu         ] GC(1869) User=0.00s Sys=0.00s Real=0.01s
[684.579s][info][gc,start       ] GC(1870) Pause Young (Allocation Failure)
[684.580s][info][gc,heap        ] GC(1870) PSYoungGen: 187968K(192512K)->64K(181760K) Eden: 187904K(187904K)->0K(181248K) From: 64K(4608K)->64K(512K)
[684.580s][info][gc,heap        ] GC(1870) ParOldGen: 112764K(175104K)->112780K(175104K)
[684.580s][info][gc,metaspace   ] GC(1870) Metaspace: 35490K(36224K)->35490K(36224K) NonClass: 29217K(29760K)->29217K(29760K) Class: 6272K(6464K)->6272K(6464K)
[684.580s][info][gc             ] GC(1870) Pause Young (Allocation Failure) 293M->110M(348M) 1.239ms
[684.580s][info][gc,cpu         ] GC(1870) User=0.00s Sys=0.00s Real=0.00s
[684.708s][info][gc,start       ] GC(1871) Pause Young (Allocation Failure)
[684.709s][info][gc,heap        ] GC(1871) PSYoungGen: 181312K(181760K)->64K(179200K) Eden: 181248K(181248K)->0K(175104K) From: 64K(512K)->64K(4096K)
[684.709s][info][gc,heap        ] GC(1871) ParOldGen: 112780K(175104K)->112780K(175104K)
[684.709s][info][gc,metaspace   ] GC(1871) Metaspace: 35490K(36224K)->35490K(36224K) NonClass: 29217K(29760K)->29217K(29760K) Class: 6272K(6464K)->6272K(6464K)
[684.709s][info][gc             ] GC(1871) Pause Young (Allocation Failure) 287M->110M(346M) 1.272ms
[684.709s][info][gc,cpu         ] GC(1871) User=0.00s Sys=0.00s Real=0.00s
[685.018s][info][gc,start       ] GC(1872) Pause Young (Allocation Failure)
[685.024s][info][gc,heap        ] GC(1872) PSYoungGen: 175168K(179200K)->2784K(209920K) Eden: 175104K(175104K)->0K(206848K) From: 64K(4096K)->2784K(3072K)
[685.025s][info][gc,heap        ] GC(1872) ParOldGen: 112780K(175104K)->112796K(175104K)
[685.025s][info][gc,metaspace   ] GC(1872) Metaspace: 35490K(36224K)->35490K(36224K) NonClass: 29217K(29760K)->29217K(29760K) Class: 6272K(6464K)->6272K(6464K)
[685.025s][info][gc             ] GC(1872) Pause Young (Allocation Failure) 281M->112M(376M) 6.798ms
[685.025s][info][gc,cpu         ] GC(1872) User=0.01s Sys=0.00s Real=0.00s
[685.244s][info][gc,start       ] GC(1873) Pause Young (Allocation Failure)
[685.301s][info][gc,heap        ] GC(1873) PSYoungGen: 209632K(209920K)->4608K(252416K) Eden: 206848K(206848K)->0K(247808K) From: 2784K(3072K)->4608K(4608K)
[685.301s][info][gc,heap        ] GC(1873) ParOldGen: 112796K(175104K)->130012K(175104K)
[685.301s][info][gc,metaspace   ] GC(1873) Metaspace: 35490K(36224K)->35490K(36224K) NonClass: 29217K(29760K)->29217K(29760K) Class: 6272K(6464K)->6272K(6464K)
[685.301s][info][gc             ] GC(1873) Pause Young (Allocation Failure) 314M->131M(417M) 57.572ms
[685.301s][info][gc,cpu         ] GC(1873) User=0.07s Sys=0.01s Real=0.06s
[685.558s][info][gc,start       ] GC(1874) Pause Young (Allocation Failure)
[685.609s][info][gc,heap        ] GC(1874) PSYoungGen: 252416K(252416K)->2048K(252416K) Eden: 247808K(247808K)->0K(250368K) From: 4608K(4608K)->2048K(2048K)
[685.609s][info][gc,heap        ] GC(1874) ParOldGen: 130012K(175104K)->154764K(175104K)
[685.609s][info][gc,metaspace   ] GC(1874) Metaspace: 35490K(36224K)->35490K(36224K) NonClass: 29217K(29760K)->29217K(29760K) Class: 6272K(6464K)->6272K(6464K)
[685.609s][info][gc             ] GC(1874) Pause Young (Allocation Failure) 373M->153M(417M) 50.981ms
[685.609s][info][gc,cpu         ] GC(1874) User=0.10s Sys=0.00s Real=0.05s
[685.808s][info][gc,start       ] GC(1875) Pause Young (Allocation Failure)
[685.841s][info][gc,heap        ] GC(1875) PSYoungGen: 252416K(252416K)->18272K(270336K) Eden: 250368K(250368K)->0K(250368K) From: 2048K(2048K)->18272K(19968K)
[685.841s][info][gc,heap        ] GC(1875) ParOldGen: 154764K(175104K)->155340K(175104K)
[685.841s][info][gc,metaspace   ] GC(1875) Metaspace: 35490K(36224K)->35490K(36224K) NonClass: 29217K(29760K)->29217K(29760K) Class: 6272K(6464K)->6272K(6464K)
[685.841s][info][gc             ] GC(1875) Pause Young (Allocation Failure) 397M->169M(435M) 32.788ms
[685.841s][info][gc,cpu         ] GC(1875) User=0.07s Sys=0.00s Real=0.03s
[685.936s][info][gc,start       ] GC(1876) Pause Young (Allocation Failure)
[685.936s][info][gc,heap        ] GC(1876) PSYoungGen: 268640K(270336K)->64K(310784K) Eden: 250368K(250368K)->0K(287232K) From: 18272K(19968K)->64K(23552K)
[685.936s][info][gc,heap        ] GC(1876) ParOldGen: 155340K(175104K)->155348K(175104K)
[685.936s][info][gc,metaspace   ] GC(1876) Metaspace: 35490K(36224K)->35490K(36224K) NonClass: 29217K(29760K)->29217K(29760K) Class: 6272K(6464K)->6272K(6464K)
[685.936s][info][gc             ] GC(1876) Pause Young (Allocation Failure) 414M->151M(474M) 0.896ms
[685.936s][info][gc,cpu         ] GC(1876) User=0.00s Sys=0.00s Real=0.00s
[686.661s][info][gc,start       ] GC(1877) Pause Young (Allocation Failure)
[686.662s][info][gc,heap        ] GC(1877) PSYoungGen: 287296K(310784K)->64K(287744K) Eden: 287232K(287232K)->0K(287232K) From: 64K(23552K)->64K(512K)
[686.662s][info][gc,heap        ] GC(1877) ParOldGen: 155348K(175104K)->155356K(175104K)
[686.662s][info][gc,metaspace   ] GC(1877) Metaspace: 35490K(36224K)->35490K(36224K) NonClass: 29217K(29760K)->29217K(29760K) Class: 6272K(6464K)->6272K(6464K)
[686.662s][info][gc             ] GC(1877) Pause Young (Allocation Failure) 432M->151M(452M) 0.878ms
[686.662s][info][gc,cpu         ] GC(1877) User=0.00s Sys=0.00s Real=0.00s
[686.993s][info][gc,start       ] GC(1878) Pause Young (Allocation Failure)
[686.993s][info][gc,heap        ] GC(1878) PSYoungGen: 287296K(287744K)->64K(309760K) Eden: 287232K(287232K)->0K(287744K) From: 64K(512K)->64K(22016K)
[686.993s][info][gc,heap        ] GC(1878) ParOldGen: 155356K(175104K)->155364K(175104K)
[686.993s][info][gc,metaspace   ] GC(1878) Metaspace: 35490K(36224K)->35490K(36224K) NonClass: 29217K(29760K)->29217K(29760K) Class: 6272K(6464K)->6272K(6464K)
[686.993s][info][gc             ] GC(1878) Pause Young (Allocation Failure) 432M->151M(473M) 0.892ms
[686.993s][info][gc,cpu         ] GC(1878) User=0.00s Sys=0.00s Real=0.00s
[687.433s][info][gc,start       ] GC(1879) Pause Young (Allocation Failure)
[687.434s][info][gc,heap        ] GC(1879) PSYoungGen: 287808K(309760K)->64K(309248K) Eden: 287744K(287744K)->0K(287744K) From: 64K(22016K)->64K(21504K)
[687.434s][info][gc,heap        ] GC(1879) ParOldGen: 155364K(175104K)->155380K(175104K)
[687.434s][info][gc,metaspace   ] GC(1879) Metaspace: 35490K(36224K)->35490K(36224K) NonClass: 29217K(29760K)->29217K(29760K) Class: 6272K(6464K)->6272K(6464K)
[687.434s][info][gc             ] GC(1879) Pause Young (Allocation Failure) 432M->151M(473M) 0.874ms
[687.434s][info][gc,cpu         ] GC(1879) User=0.00s Sys=0.00s Real=0.00s
[687.651s][info][gc,start       ] GC(1880) Pause Young (Allocation Failure)
[687.652s][info][gc,heap        ] GC(1880) PSYoungGen: 287808K(309248K)->64K(311296K) Eden: 287744K(287744K)->0K(291328K) From: 64K(21504K)->64K(19968K)
[687.652s][info][gc,heap        ] GC(1880) ParOldGen: 155380K(175104K)->155396K(175104K)
[687.652s][info][gc,metaspace   ] GC(1880) Metaspace: 35490K(36224K)->35490K(36224K) NonClass: 29217K(29760K)->29217K(29760K) Class: 6272K(6464K)->6272K(6464K)
[687.652s][info][gc             ] GC(1880) Pause Young (Allocation Failure) 432M->151M(475M) 0.942ms
[687.652s][info][gc,cpu         ] GC(1880) User=0.01s Sys=0.00s Real=0.00s
[687.876s][info][gc,start       ] GC(1881) Pause Young (Allocation Failure)
[687.876s][info][gc,heap        ] GC(1881) PSYoungGen: 291392K(311296K)->32K(310784K) Eden: 291328K(291328K)->0K(291328K) From: 64K(19968K)->32K(19456K)
[687.876s][info][gc,heap        ] GC(1881) ParOldGen: 155396K(175104K)->155396K(175104K)
[687.876s][info][gc,metaspace   ] GC(1881) Metaspace: 35490K(36224K)->35490K(36224K) NonClass: 29217K(29760K)->29217K(29760K) Class: 6272K(6464K)->6272K(6464K)
[687.877s][info][gc             ] GC(1881) Pause Young (Allocation Failure) 436M->151M(474M) 0.908ms
[687.877s][info][gc,cpu         ] GC(1881) User=0.00s Sys=0.00s Real=0.00s
[688.192s][info][gc,start       ] GC(1882) Pause Young (Allocation Failure)
[688.193s][info][gc,heap        ] GC(1882) PSYoungGen: 291360K(310784K)->64K(313344K) Eden: 291328K(291328K)->0K(295424K) From: 32K(19456K)->64K(17920K)
[688.193s][info][gc,heap        ] GC(1882) ParOldGen: 155396K(175104K)->155396K(175104K)
[688.193s][info][gc,metaspace   ] GC(1882) Metaspace: 35490K(36224K)->35490K(36224K) NonClass: 29217K(29760K)->29217K(29760K) Class: 6272K(6464K)->6272K(6464K)
[688.193s][info][gc             ] GC(1882) Pause Young (Allocation Failure) 436M->151M(477M) 0.912ms
[688.193s][info][gc,cpu         ] GC(1882) User=0.00s Sys=0.01s Real=0.00s
[688.251s][info][gc,start       ] GC(1883) Pause Young (Allocation Failure)
[688.252s][info][gc,heap        ] GC(1883) PSYoungGen: 295488K(313344K)->64K(313344K) Eden: 295424K(295424K)->0K(295424K) From: 64K(17920K)->64K(17920K)
[688.252s][info][gc,heap        ] GC(1883) ParOldGen: 155396K(175104K)->155412K(175104K)
[688.252s][info][gc,metaspace   ] GC(1883) Metaspace: 35490K(36224K)->35490K(36224K) NonClass: 29217K(29760K)->29217K(29760K) Class: 6272K(6464K)->6272K(6464K)
[688.252s][info][gc             ] GC(1883) Pause Young (Allocation Failure) 440M->151M(477M) 0.895ms
[688.252s][info][gc,cpu         ] GC(1883) User=0.00s Sys=0.00s Real=0.00s
[688.317s][info][gc,start       ] GC(1884) Pause Young (Allocation Failure)
[688.318s][info][gc,heap        ] GC(1884) PSYoungGen: 295488K(313344K)->64K(314880K) Eden: 295424K(295424K)->0K(299008K) From: 64K(17920K)->64K(15872K)
[688.318s][info][gc,heap        ] GC(1884) ParOldGen: 155412K(175104K)->155412K(175104K)
[688.318s][info][gc,metaspace   ] GC(1884) Metaspace: 35490K(36224K)->35490K(36224K) NonClass: 29217K(29760K)->29217K(29760K) Class: 6272K(6464K)->6272K(6464K)
[688.318s][info][gc             ] GC(1884) Pause Young (Allocation Failure) 440M->151M(478M) 0.985ms
[688.318s][info][gc,cpu         ] GC(1884) User=0.00s Sys=0.00s Real=0.00s
[688.672s][info][gc,start       ] GC(1885) Pause Young (Allocation Failure)
[688.673s][info][gc,heap        ] GC(1885) PSYoungGen: 299072K(314880K)->64K(314880K) Eden: 299008K(299008K)->0K(299008K) From: 64K(15872K)->64K(15872K)
[688.673s][info][gc,heap        ] GC(1885) ParOldGen: 155412K(175104K)->155428K(175104K)
[688.673s][info][gc,metaspace   ] GC(1885) Metaspace: 35490K(36224K)->35490K(36224K) NonClass: 29217K(29760K)->29217K(29760K) Class: 6272K(6464K)->6272K(6464K)
[688.673s][info][gc             ] GC(1885) Pause Young (Allocation Failure) 443M->151M(478M) 0.917ms
[688.673s][info][gc,cpu         ] GC(1885) User=0.00s Sys=0.00s Real=0.00s
[688.924s][info][gc,start       ] GC(1886) Pause Young (Allocation Failure)
[688.925s][info][gc,heap        ] GC(1886) PSYoungGen: 299072K(314880K)->64K(317440K) Eden: 299008K(299008K)->0K(302592K) From: 64K(15872K)->64K(14848K)
[688.925s][info][gc,heap        ] GC(1886) ParOldGen: 155428K(175104K)->155428K(175104K)
[688.925s][info][gc,metaspace   ] GC(1886) Metaspace: 35490K(36224K)->35490K(36224K) NonClass: 29217K(29760K)->29217K(29760K) Class: 6272K(6464K)->6272K(6464K)
[688.925s][info][gc             ] GC(1886) Pause Young (Allocation Failure) 443M->151M(481M) 0.930ms
[688.925s][info][gc,cpu         ] GC(1886) User=0.00s Sys=0.00s Real=0.01s
[689.015s][info][gc,start       ] GC(1887) Pause Young (Allocation Failure)
[689.016s][info][gc,heap        ] GC(1887) PSYoungGen: 302656K(317440K)->64K(316928K) Eden: 302592K(302592K)->0K(302592K) From: 64K(14848K)->64K(14336K)
[689.016s][info][gc,heap        ] GC(1887) ParOldGen: 155428K(175104K)->155436K(175104K)
[689.016s][info][gc,metaspace   ] GC(1887) Metaspace: 35490K(36224K)->35490K(36224K) NonClass: 29217K(29760K)->29217K(29760K) Class: 6272K(6464K)->6272K(6464K)
[689.016s][info][gc             ] GC(1887) Pause Young (Allocation Failure) 447M->151M(480M) 0.929ms
[689.016s][info][gc,cpu         ] GC(1887) User=0.00s Sys=0.00s Real=0.00s
[689.156s][info][gc,start       ] GC(1888) Pause Young (Allocation Failure)
[689.157s][info][gc,heap        ] GC(1888) PSYoungGen: 302656K(316928K)->64K(291328K) Eden: 302592K(302592K)->0K(290816K) From: 64K(14336K)->64K(512K)
[689.157s][info][gc,heap        ] GC(1888) ParOldGen: 155436K(175104K)->155444K(175104K)
[689.157s][info][gc,metaspace   ] GC(1888) Metaspace: 35490K(36224K)->35490K(36224K) NonClass: 29217K(29760K)->29217K(29760K) Class: 6272K(6464K)->6272K(6464K)
[689.157s][info][gc             ] GC(1888) Pause Young (Allocation Failure) 447M->151M(455M) 0.965ms
[689.157s][info][gc,cpu         ] GC(1888) User=0.00s Sys=0.00s Real=0.00s
[689.520s][info][gc,start       ] GC(1889) Pause Young (Allocation Failure)
[689.521s][info][gc,heap        ] GC(1889) PSYoungGen: 290880K(291328K)->64K(291840K) Eden: 290816K(290816K)->0K(279552K) From: 64K(512K)->64K(12288K)
[689.521s][info][gc,heap        ] GC(1889) ParOldGen: 155444K(175104K)->155452K(175104K)
[689.521s][info][gc,metaspace   ] GC(1889) Metaspace: 35490K(36224K)->35490K(36224K) NonClass: 29217K(29760K)->29217K(29760K) Class: 6272K(6464K)->6272K(6464K)
[689.521s][info][gc             ] GC(1889) Pause Young (Allocation Failure) 435M->151M(456M) 0.973ms
[689.521s][info][gc,cpu         ] GC(1889) User=0.00s Sys=0.00s Real=0.00s
[690.239s][info][gc,start       ] GC(1890) Pause Young (Allocation Failure)
[690.240s][info][gc,heap        ] GC(1890) PSYoungGen: 279616K(291840K)->64K(269312K) Eden: 279552K(279552K)->0K(268800K) From: 64K(12288K)->64K(512K)
[690.240s][info][gc,heap        ] GC(1890) ParOldGen: 155452K(175104K)->155460K(175104K)
[690.240s][info][gc,metaspace   ] GC(1890) Metaspace: 35490K(36224K)->35490K(36224K) NonClass: 29217K(29760K)->29217K(29760K) Class: 6272K(6464K)->6272K(6464K)
[690.240s][info][gc             ] GC(1890) Pause Young (Allocation Failure) 424M->151M(434M) 1.131ms
[690.240s][info][gc,cpu         ] GC(1890) User=0.00s Sys=0.00s Real=0.00s
[691.139s][info][gc,start       ] GC(1891) Pause Young (Allocation Failure)
[691.140s][info][gc,heap        ] GC(1891) PSYoungGen: 268864K(269312K)->64K(269312K) Eden: 268800K(268800K)->0K(258560K) From: 64K(512K)->64K(10752K)
[691.140s][info][gc,heap        ] GC(1891) ParOldGen: 155460K(175104K)->155468K(175104K)
[691.140s][info][gc,metaspace   ] GC(1891) Metaspace: 35490K(36224K)->35490K(36224K) NonClass: 29217K(29760K)->29217K(29760K) Class: 6272K(6464K)->6272K(6464K)
[691.140s][info][gc             ] GC(1891) Pause Young (Allocation Failure) 414M->151M(434M) 1.499ms
[691.140s][info][gc,cpu         ] GC(1891) User=0.00s Sys=0.00s Real=0.00s
[691.466s][info][gc,start       ] GC(1892) Pause Young (Allocation Failure)
[691.468s][info][gc,heap        ] GC(1892) PSYoungGen: 258624K(269312K)->64K(249344K) Eden: 258560K(258560K)->0K(248832K) From: 64K(10752K)->64K(512K)
[691.468s][info][gc,heap        ] GC(1892) ParOldGen: 155468K(175104K)->155476K(175104K)
[691.468s][info][gc,metaspace   ] GC(1892) Metaspace: 35490K(36224K)->35490K(36224K) NonClass: 29217K(29760K)->29217K(29760K) Class: 6272K(6464K)->6272K(6464K)
[691.468s][info][gc             ] GC(1892) Pause Young (Allocation Failure) 404M->151M(414M) 2.163ms
[691.468s][info][gc,cpu         ] GC(1892) User=0.00s Sys=0.00s Real=0.00s
[691.820s][info][gc,start       ] GC(1893) Pause Young (Allocation Failure)
[691.821s][info][gc,heap        ] GC(1893) PSYoungGen: 248896K(249344K)->64K(249344K) Eden: 248832K(248832K)->0K(239616K) From: 64K(512K)->64K(9728K)
[691.821s][info][gc,heap        ] GC(1893) ParOldGen: 155476K(175104K)->155484K(175104K)
[691.821s][info][gc,metaspace   ] GC(1893) Metaspace: 35490K(36224K)->35490K(36224K) NonClass: 29217K(29760K)->29217K(29760K) Class: 6272K(6464K)->6272K(6464K)
[691.821s][info][gc             ] GC(1893) Pause Young (Allocation Failure) 394M->151M(414M) 1.481ms
[691.821s][info][gc,cpu         ] GC(1893) User=0.00s Sys=0.00s Real=0.00s
[692.723s][info][gc,start       ] GC(1894) Pause Young (Allocation Failure)
[692.726s][info][gc,heap        ] GC(1894) PSYoungGen: 239680K(249344K)->64K(230912K) Eden: 239616K(239616K)->0K(230400K) From: 64K(9728K)->64K(512K)
[692.726s][info][gc,heap        ] GC(1894) ParOldGen: 155484K(175104K)->155492K(175104K)
[692.726s][info][gc,metaspace   ] GC(1894) Metaspace: 35490K(36224K)->35490K(36224K) NonClass: 29217K(29760K)->29217K(29760K) Class: 6272K(6464K)->6272K(6464K)
[692.726s][info][gc             ] GC(1894) Pause Young (Allocation Failure) 385M->151M(396M) 2.339ms
[692.726s][info][gc,cpu         ] GC(1894) User=0.00s Sys=0.00s Real=0.01s
[693.066s][info][gc,start       ] GC(1895) Pause Young (Allocation Failure)
[693.067s][info][gc,heap        ] GC(1895) PSYoungGen: 230464K(230912K)->64K(229888K) Eden: 230400K(230400K)->0K(221696K) From: 64K(512K)->64K(8192K)
[693.067s][info][gc,heap        ] GC(1895) ParOldGen: 155492K(175104K)->155500K(175104K)
[693.067s][info][gc,metaspace   ] GC(1895) Metaspace: 35490K(36224K)->35490K(36224K) NonClass: 29217K(29760K)->29217K(29760K) Class: 6272K(6464K)->6272K(6464K)
[693.067s][info][gc             ] GC(1895) Pause Young (Allocation Failure) 376M->151M(395M) 1.378ms
[693.067s][info][gc,cpu         ] GC(1895) User=0.00s Sys=0.00s Real=0.00s
[693.230s][info][gc,start       ] GC(1896) Pause Young (Allocation Failure)
[693.232s][info][gc,heap        ] GC(1896) PSYoungGen: 221760K(229888K)->64K(214016K) Eden: 221696K(221696K)->0K(213504K) From: 64K(8192K)->64K(512K)
[693.232s][info][gc,heap        ] GC(1896) ParOldGen: 155500K(175104K)->155508K(175104K)
[693.232s][info][gc,metaspace   ] GC(1896) Metaspace: 35490K(36224K)->35490K(36224K) NonClass: 29217K(29760K)->29217K(29760K) Class: 6272K(6464K)->6272K(6464K)
[693.232s][info][gc             ] GC(1896) Pause Young (Allocation Failure) 368M->151M(380M) 1.899ms
[693.232s][info][gc,cpu         ] GC(1896) User=0.00s Sys=0.01s Real=0.00s
[693.302s][info][gc,start       ] GC(1897) Pause Young (Allocation Failure)
[693.303s][info][gc,heap        ] GC(1897) PSYoungGen: 213568K(214016K)->64K(212992K) Eden: 213504K(213504K)->0K(205824K) From: 64K(512K)->64K(7168K)
[693.303s][info][gc,heap        ] GC(1897) ParOldGen: 155508K(175104K)->155516K(175104K)
[693.303s][info][gc,metaspace   ] GC(1897) Metaspace: 35490K(36224K)->35490K(36224K) NonClass: 29217K(29760K)->29217K(29760K) Class: 6272K(6464K)->6272K(6464K)
[693.303s][info][gc             ] GC(1897) Pause Young (Allocation Failure) 360M->151M(379M) 1.109ms
[693.303s][info][gc,cpu         ] GC(1897) User=0.00s Sys=0.00s Real=0.00s
[693.750s][info][gc,start       ] GC(1898) Pause Young (Allocation Failure)
[693.752s][info][gc,heap        ] GC(1898) PSYoungGen: 205888K(212992K)->64K(199168K) Eden: 205824K(205824K)->0K(198656K) From: 64K(7168K)->64K(512K)
[693.752s][info][gc,heap        ] GC(1898) ParOldGen: 155516K(175104K)->155532K(175104K)
[693.752s][info][gc,metaspace   ] GC(1898) Metaspace: 35490K(36224K)->35490K(36224K) NonClass: 29217K(29760K)->29217K(29760K) Class: 6272K(6464K)->6272K(6464K)
[693.752s][info][gc             ] GC(1898) Pause Young (Allocation Failure) 352M->151M(365M) 2.036ms
[693.752s][info][gc,cpu         ] GC(1898) User=0.00s Sys=0.00s Real=0.00s
[693.990s][info][gc,start       ] GC(1899) Pause Young (Allocation Failure)
[693.992s][info][gc,heap        ] GC(1899) PSYoungGen: 198720K(199168K)->32K(197632K) Eden: 198656K(198656K)->0K(191488K) From: 64K(512K)->32K(6144K)
[693.992s][info][gc,heap        ] GC(1899) ParOldGen: 155532K(175104K)->155540K(175104K)
[693.992s][info][gc,metaspace   ] GC(1899) Metaspace: 35490K(36224K)->35490K(36224K) NonClass: 29217K(29760K)->29217K(29760K) Class: 6272K(6464K)->6272K(6464K)
[693.992s][info][gc             ] GC(1899) Pause Young (Allocation Failure) 345M->151M(364M) 1.453ms
[693.992s][info][gc,cpu         ] GC(1899) User=0.00s Sys=0.00s Real=0.00s
[694.325s][info][gc,start       ] GC(1900) Pause Young (Allocation Failure)
[694.327s][info][gc,heap        ] GC(1900) PSYoungGen: 191520K(197632K)->64K(185344K) Eden: 191488K(191488K)->0K(184832K) From: 32K(6144K)->64K(512K)
[694.327s][info][gc,heap        ] GC(1900) ParOldGen: 155540K(175104K)->155548K(175104K)
[694.327s][info][gc,metaspace   ] GC(1900) Metaspace: 35490K(36224K)->35490K(36224K) NonClass: 29217K(29760K)->29217K(29760K) Class: 6272K(6464K)->6272K(6464K)
[694.327s][info][gc             ] GC(1900) Pause Young (Allocation Failure) 338M->151M(352M) 1.838ms
[694.327s][info][gc,cpu         ] GC(1900) User=0.01s Sys=0.00s Real=0.01s
[694.527s][info][gc,start       ] GC(1901) Pause Young (Allocation Failure)
[694.574s][info][gc,heap        ] GC(1901) PSYoungGen: 184896K(185344K)->5632K(227328K) Eden: 184832K(184832K)->0K(221696K) From: 64K(512K)->5632K(5632K)
[694.574s][info][gc,heap        ] GC(1901) ParOldGen: 155548K(175104K)->169068K(175104K)
[694.574s][info][gc,metaspace   ] GC(1901) Metaspace: 35490K(36224K)->35490K(36224K) NonClass: 29217K(29760K)->29217K(29760K) Class: 6272K(6464K)->6272K(6464K)
[694.574s][info][gc             ] GC(1901) Pause Young (Allocation Failure) 332M->170M(393M) 46.990ms
[694.574s][info][gc,cpu         ] GC(1901) User=0.06s Sys=0.00s Real=0.04s
[694.800s][info][gc,start       ] GC(1902) Pause Young (Allocation Failure)
[694.849s][info][gc,heap        ] GC(1902) PSYoungGen: 227328K(227328K)->5632K(251392K) Eden: 221696K(221696K)->0K(245760K) From: 5632K(5632K)->5632K(5632K)
[694.849s][info][gc,heap        ] GC(1902) ParOldGen: 169068K(175104K)->187332K(187392K)
[694.849s][info][gc,metaspace   ] GC(1902) Metaspace: 35490K(36224K)->35490K(36224K) NonClass: 29217K(29760K)->29217K(29760K) Class: 6272K(6464K)->6272K(6464K)
[694.849s][info][gc             ] GC(1902) Pause Young (Allocation Failure) 387M->188M(428M) 48.766ms
[694.849s][info][gc,cpu         ] GC(1902) User=0.09s Sys=0.01s Real=0.05s
[695.098s][info][gc,start       ] GC(1903) Pause Young (Allocation Failure)
[695.145s][info][gc,heap        ] GC(1903) PSYoungGen: 251392K(251392K)->18944K(264704K) Eden: 245760K(245760K)->0K(245760K) From: 5632K(5632K)->18944K(18944K)
[695.145s][info][gc,heap        ] GC(1903) ParOldGen: 187332K(187392K)->194956K(195072K)
[695.145s][info][gc,metaspace   ] GC(1903) Metaspace: 35490K(36224K)->35490K(36224K) NonClass: 29217K(29760K)->29217K(29760K) Class: 6272K(6464K)->6272K(6464K)
[695.145s][info][gc             ] GC(1903) Pause Young (Allocation Failure) 428M->208M(449M) 47.546ms
[695.145s][info][gc,cpu         ] GC(1903) User=0.09s Sys=0.00s Real=0.05s
[695.215s][info][gc,start       ] GC(1904) Pause Young (Allocation Failure)
[695.219s][info][gc,heap        ] GC(1904) PSYoungGen: 264704K(264704K)->544K(309248K) Eden: 245760K(245760K)->0K(283648K) From: 18944K(18944K)->544K(25600K)
[695.219s][info][gc,heap        ] GC(1904) ParOldGen: 194956K(195072K)->195228K(195584K)
[695.219s][info][gc,metaspace   ] GC(1904) Metaspace: 35490K(36224K)->35490K(36224K) NonClass: 29217K(29760K)->29217K(29760K) Class: 6272K(6464K)->6272K(6464K)
[695.219s][info][gc             ] GC(1904) Pause Young (Allocation Failure) 448M->191M(493M) 4.141ms
[695.220s][info][gc,cpu         ] GC(1904) User=0.01s Sys=0.00s Real=0.00s
[695.762s][info][gc,start       ] GC(1905) Pause Young (Allocation Failure)
[695.763s][info][gc,heap        ] GC(1905) PSYoungGen: 284192K(309248K)->64K(284160K) Eden: 283648K(283648K)->0K(283648K) From: 544K(25600K)->64K(512K)
[695.763s][info][gc,heap        ] GC(1905) ParOldGen: 195228K(195584K)->195236K(195584K)
[695.763s][info][gc,metaspace   ] GC(1905) Metaspace: 35490K(36224K)->35490K(36224K) NonClass: 29217K(29760K)->29217K(29760K) Class: 6272K(6464K)->6272K(6464K)
[695.763s][info][gc             ] GC(1905) Pause Young (Allocation Failure) 468M->190M(468M) 1.124ms
[695.763s][info][gc,cpu         ] GC(1905) User=0.01s Sys=0.00s Real=0.00s
[696.261s][info][gc,start       ] GC(1906) Pause Young (Allocation Failure)
[696.262s][info][gc,heap        ] GC(1906) PSYoungGen: 283712K(284160K)->64K(308736K) Eden: 283648K(283648K)->0K(284672K) From: 64K(512K)->64K(24064K)
[696.262s][info][gc,heap        ] GC(1906) ParOldGen: 195236K(195584K)->195244K(195584K)
[696.262s][info][gc,metaspace   ] GC(1906) Metaspace: 35490K(36224K)->35490K(36224K) NonClass: 29217K(29760K)->29217K(29760K) Class: 6272K(6464K)->6272K(6464K)
[696.262s][info][gc             ] GC(1906) Pause Young (Allocation Failure) 467M->190M(492M) 1.117ms
[696.262s][info][gc,cpu         ] GC(1906) User=0.00s Sys=0.00s Real=0.00s
[696.692s][info][gc,start       ] GC(1907) Pause Young (Allocation Failure)
[696.693s][info][gc,heap        ] GC(1907) PSYoungGen: 284736K(308736K)->64K(307712K) Eden: 284672K(284672K)->0K(284672K) From: 64K(24064K)->64K(23040K)
[696.693s][info][gc,heap        ] GC(1907) ParOldGen: 195244K(195584K)->195260K(195584K)
[696.693s][info][gc,metaspace   ] GC(1907) Metaspace: 35490K(36224K)->35490K(36224K) NonClass: 29217K(29760K)->29217K(29760K) Class: 6272K(6464K)->6272K(6464K)
[696.693s][info][gc             ] GC(1907) Pause Young (Allocation Failure) 468M->190M(491M) 1.106ms
[696.693s][info][gc,cpu         ] GC(1907) User=0.00s Sys=0.00s Real=0.00s
[696.907s][info][gc,start       ] GC(1908) Pause Young (Allocation Failure)
[696.908s][info][gc,heap        ] GC(1908) PSYoungGen: 284736K(307712K)->64K(309760K) Eden: 284672K(284672K)->0K(287744K) From: 64K(23040K)->64K(22016K)
[696.908s][info][gc,heap        ] GC(1908) ParOldGen: 195260K(195584K)->195276K(195584K)
[696.908s][info][gc,metaspace   ] GC(1908) Metaspace: 35490K(36224K)->35490K(36224K) NonClass: 29217K(29760K)->29217K(29760K) Class: 6272K(6464K)->6272K(6464K)
[696.908s][info][gc             ] GC(1908) Pause Young (Allocation Failure) 468M->190M(493M) 1.057ms
[696.908s][info][gc,cpu         ] GC(1908) User=0.01s Sys=0.00s Real=0.00s
[697.128s][info][gc,start       ] GC(1909) Pause Young (Allocation Failure)
[697.129s][info][gc,heap        ] GC(1909) PSYoungGen: 287808K(309760K)->64K(308736K) Eden: 287744K(287744K)->0K(287744K) From: 64K(22016K)->64K(20992K)
[697.129s][info][gc,heap        ] GC(1909) ParOldGen: 195276K(195584K)->195276K(195584K)
[697.129s][info][gc,metaspace   ] GC(1909) Metaspace: 35490K(36224K)->35490K(36224K) NonClass: 29217K(29760K)->29217K(29760K) Class: 6272K(6464K)->6272K(6464K)
[697.129s][info][gc             ] GC(1909) Pause Young (Allocation Failure) 471M->190M(492M) 1.036ms
[697.129s][info][gc,cpu         ] GC(1909) User=0.00s Sys=0.00s Real=0.00s
[697.484s][info][gc,start       ] GC(1910) Pause Young (Allocation Failure)
[697.485s][info][gc,heap        ] GC(1910) PSYoungGen: 287808K(308736K)->64K(311808K) Eden: 287744K(287744K)->0K(291840K) From: 64K(20992K)->64K(19968K)
[697.485s][info][gc,heap        ] GC(1910) ParOldGen: 195276K(195584K)->195276K(195584K)
[697.485s][info][gc,metaspace   ] GC(1910) Metaspace: 35490K(36224K)->35490K(36224K) NonClass: 29217K(29760K)->29217K(29760K) Class: 6272K(6464K)->6272K(6464K)
[697.485s][info][gc             ] GC(1910) Pause Young (Allocation Failure) 471M->190M(495M) 1.357ms
[697.485s][info][gc,cpu         ] GC(1910) User=0.00s Sys=0.00s Real=0.00s
[697.559s][info][gc,start       ] GC(1911) Pause Young (Allocation Failure)
[697.560s][info][gc,heap        ] GC(1911) PSYoungGen: 291904K(311808K)->64K(310784K) Eden: 291840K(291840K)->0K(291840K) From: 64K(19968K)->64K(18944K)
[697.560s][info][gc,heap        ] GC(1911) ParOldGen: 195276K(195584K)->195284K(195584K)
[697.560s][info][gc,metaspace   ] GC(1911) Metaspace: 35490K(36224K)->35490K(36224K) NonClass: 29217K(29760K)->29217K(29760K) Class: 6272K(6464K)->6272K(6464K)
[697.560s][info][gc             ] GC(1911) Pause Young (Allocation Failure) 475M->190M(494M) 1.035ms
[697.560s][info][gc,cpu         ] GC(1911) User=0.00s Sys=0.00s Real=0.00s
[697.615s][info][gc,start       ] GC(1912) Pause Young (Allocation Failure)
[697.616s][info][gc,heap        ] GC(1912) PSYoungGen: 291904K(310784K)->64K(313856K) Eden: 291840K(291840K)->0K(295936K) From: 64K(18944K)->64K(17920K)
[697.616s][info][gc,heap        ] GC(1912) ParOldGen: 195284K(195584K)->195300K(195584K)
[697.616s][info][gc,metaspace   ] GC(1912) Metaspace: 35490K(36224K)->35490K(36224K) NonClass: 29217K(29760K)->29217K(29760K) Class: 6272K(6464K)->6272K(6464K)
[697.616s][info][gc             ] GC(1912) Pause Young (Allocation Failure) 475M->190M(497M) 1.027ms
[697.616s][info][gc,cpu         ] GC(1912) User=0.00s Sys=0.00s Real=0.00s
[697.866s][info][gc,start       ] GC(1913) Pause Young (Allocation Failure)
[697.867s][info][gc,heap        ] GC(1913) PSYoungGen: 296000K(313856K)->64K(312832K) Eden: 295936K(295936K)->0K(295936K) From: 64K(17920K)->64K(16896K)
[697.867s][info][gc,heap        ] GC(1913) ParOldGen: 195300K(195584K)->195300K(195584K)
[697.867s][info][gc,metaspace   ] GC(1913) Metaspace: 35490K(36224K)->35490K(36224K) NonClass: 29217K(29760K)->29217K(29760K) Class: 6272K(6464K)->6272K(6464K)
[697.867s][info][gc             ] GC(1913) Pause Young (Allocation Failure) 479M->190M(496M) 1.066ms
[697.867s][info][gc,cpu         ] GC(1913) User=0.00s Sys=0.00s Real=0.00s
[698.172s][info][gc,start       ] GC(1914) Pause Young (Allocation Failure)
[698.173s][info][gc,heap        ] GC(1914) PSYoungGen: 296000K(312832K)->64K(315904K) Eden: 295936K(295936K)->0K(300032K) From: 64K(16896K)->64K(15872K)
[698.173s][info][gc,heap        ] GC(1914) ParOldGen: 195300K(195584K)->195308K(195584K)
[698.173s][info][gc,metaspace   ] GC(1914) Metaspace: 35490K(36224K)->35490K(36224K) NonClass: 29217K(29760K)->29217K(29760K) Class: 6272K(6464K)->6272K(6464K)
[698.173s][info][gc             ] GC(1914) Pause Young (Allocation Failure) 479M->190M(499M) 1.074ms
[698.173s][info][gc,cpu         ] GC(1914) User=0.00s Sys=0.00s Real=0.00s
[698.315s][info][gc,start       ] GC(1915) Pause Young (Allocation Failure)
[698.316s][info][gc,heap        ] GC(1915) PSYoungGen: 300096K(315904K)->64K(315392K) Eden: 300032K(300032K)->0K(300032K) From: 64K(15872K)->64K(15360K)
[698.316s][info][gc,heap        ] GC(1915) ParOldGen: 195308K(195584K)->195316K(195584K)
[698.316s][info][gc,metaspace   ] GC(1915) Metaspace: 35490K(36224K)->35490K(36224K) NonClass: 29217K(29760K)->29217K(29760K) Class: 6272K(6464K)->6272K(6464K)
[698.316s][info][gc             ] GC(1915) Pause Young (Allocation Failure) 483M->190M(499M) 1.083ms
[698.316s][info][gc,cpu         ] GC(1915) User=0.00s Sys=0.00s Real=0.01s
[698.402s][info][gc,start       ] GC(1916) Pause Young (Allocation Failure)
[698.402s][info][gc,heap        ] GC(1916) PSYoungGen: 300096K(315392K)->64K(317440K) Eden: 300032K(300032K)->0K(303616K) From: 64K(15360K)->64K(13824K)
[698.402s][info][gc,heap        ] GC(1916) ParOldGen: 195316K(195584K)->195324K(195584K)
[698.402s][info][gc,metaspace   ] GC(1916) Metaspace: 35490K(36224K)->35490K(36224K) NonClass: 29217K(29760K)->29217K(29760K) Class: 6272K(6464K)->6272K(6464K)
[698.402s][info][gc             ] GC(1916) Pause Young (Allocation Failure) 483M->190M(501M) 0.874ms
[698.403s][info][gc,cpu         ] GC(1916) User=0.00s Sys=0.00s Real=0.00s
[698.600s][info][gc,start       ] GC(1917) Pause Young (Allocation Failure)
[698.601s][info][gc,heap        ] GC(1917) PSYoungGen: 303680K(317440K)->64K(291840K) Eden: 303616K(303616K)->0K(291328K) From: 64K(13824K)->64K(512K)
[698.601s][info][gc,heap        ] GC(1917) ParOldGen: 195324K(195584K)->195332K(195584K)
[698.601s][info][gc,metaspace   ] GC(1917) Metaspace: 35490K(36224K)->35490K(36224K) NonClass: 29217K(29760K)->29217K(29760K) Class: 6272K(6464K)->6272K(6464K)
[698.601s][info][gc             ] GC(1917) Pause Young (Allocation Failure) 487M->190M(476M) 0.871ms
[698.601s][info][gc,cpu         ] GC(1917) User=0.00s Sys=0.00s Real=0.00s
[699.543s][info][gc,start       ] GC(1918) Pause Young (Allocation Failure)
[699.544s][info][gc,heap        ] GC(1918) PSYoungGen: 291392K(291840K)->83K(280576K) Eden: 291328K(291328K)->0K(280064K) From: 64K(512K)->83K(512K)
[699.544s][info][gc,heap        ] GC(1918) ParOldGen: 195332K(195584K)->195340K(195584K)
[699.544s][info][gc,metaspace   ] GC(1918) Metaspace: 35490K(36224K)->35490K(36224K) NonClass: 29217K(29760K)->29217K(29760K) Class: 6272K(6464K)->6272K(6464K)
[699.544s][info][gc             ] GC(1918) Pause Young (Allocation Failure) 475M->190M(465M) 1.093ms
[699.544s][info][gc,cpu         ] GC(1918) User=0.00s Sys=0.00s Real=0.00s
[700.412s][info][gc,start       ] GC(1919) Pause Young (Allocation Failure)
[700.413s][info][gc,heap        ] GC(1919) PSYoungGen: 280147K(280576K)->64K(281088K) Eden: 280064K(280064K)->0K(269312K) From: 83K(512K)->64K(11776K)
[700.413s][info][gc,heap        ] GC(1919) ParOldGen: 195340K(195584K)->195356K(195584K)
[700.413s][info][gc,metaspace   ] GC(1919) Metaspace: 35490K(36224K)->35490K(36224K) NonClass: 29217K(29760K)->29217K(29760K) Class: 6272K(6464K)->6272K(6464K)
[700.413s][info][gc             ] GC(1919) Pause Young (Allocation Failure) 464M->190M(465M) 1.735ms
[700.413s][info][gc,cpu         ] GC(1919) User=0.00s Sys=0.00s Real=0.00s
[700.638s][info][gc,start       ] GC(1920) Pause Young (Allocation Failure)
[700.641s][info][gc,heap        ] GC(1920) PSYoungGen: 269376K(281088K)->64K(259584K) Eden: 269312K(269312K)->0K(259072K) From: 64K(11776K)->64K(512K)
[700.641s][info][gc,heap        ] GC(1920) ParOldGen: 195356K(195584K)->195372K(195584K)
[700.641s][info][gc,metaspace   ] GC(1920) Metaspace: 35490K(36224K)->35490K(36224K) NonClass: 29217K(29760K)->29217K(29760K) Class: 6272K(6464K)->6272K(6464K)
[700.641s][info][gc             ] GC(1920) Pause Young (Allocation Failure) 453M->190M(444M) 2.398ms
[700.641s][info][gc,cpu         ] GC(1920) User=0.00s Sys=0.00s Real=0.00s
[701.032s][info][gc,start       ] GC(1921) Pause Young (Allocation Failure)
[701.034s][info][gc,heap        ] GC(1921) PSYoungGen: 259136K(259584K)->64K(259584K) Eden: 259072K(259072K)->0K(249344K) From: 64K(512K)->64K(10240K)
[701.034s][info][gc,heap        ] GC(1921) ParOldGen: 195372K(195584K)->195388K(195584K)
[701.034s][info][gc,metaspace   ] GC(1921) Metaspace: 35490K(36224K)->35490K(36224K) NonClass: 29217K(29760K)->29217K(29760K) Class: 6272K(6464K)->6272K(6464K)
[701.034s][info][gc             ] GC(1921) Pause Young (Allocation Failure) 443M->190M(444M) 1.727ms
[701.034s][info][gc,cpu         ] GC(1921) User=0.01s Sys=0.00s Real=0.00s
[701.982s][info][gc,start       ] GC(1922) Pause Young (Allocation Failure)
[701.984s][info][gc,heap        ] GC(1922) PSYoungGen: 249408K(259584K)->32K(240128K) Eden: 249344K(249344K)->0K(239616K) From: 64K(10240K)->32K(512K)
[701.985s][info][gc,heap        ] GC(1922) ParOldGen: 195388K(195584K)->195396K(195584K)
[701.985s][info][gc,metaspace   ] GC(1922) Metaspace: 35490K(36224K)->35490K(36224K) NonClass: 29217K(29760K)->29217K(29760K) Class: 6272K(6464K)->6272K(6464K)
[701.985s][info][gc             ] GC(1922) Pause Young (Allocation Failure) 434M->190M(425M) 2.336ms
[701.985s][info][gc,cpu         ] GC(1922) User=0.00s Sys=0.00s Real=0.00s
[702.361s][info][gc,start       ] GC(1923) Pause Young (Allocation Failure)
[702.362s][info][gc,heap        ] GC(1923) PSYoungGen: 239648K(240128K)->64K(239104K) Eden: 239616K(239616K)->0K(230400K) From: 32K(512K)->64K(8704K)
[702.362s][info][gc,heap        ] GC(1923) ParOldGen: 195396K(195584K)->195404K(195584K)
[702.362s][info][gc,metaspace   ] GC(1923) Metaspace: 35490K(36224K)->35490K(36224K) NonClass: 29217K(29760K)->29217K(29760K) Class: 6272K(6464K)->6272K(6464K)
[702.362s][info][gc             ] GC(1923) Pause Young (Allocation Failure) 424M->190M(424M) 0.953ms
[702.362s][info][gc,cpu         ] GC(1923) User=0.00s Sys=0.00s Real=0.00s
[702.553s][info][gc,start       ] GC(1924) Pause Young (Allocation Failure)
[702.555s][info][gc,heap        ] GC(1924) PSYoungGen: 230464K(239104K)->64K(222208K) Eden: 230400K(230400K)->0K(221696K) From: 64K(8704K)->64K(512K)
[702.555s][info][gc,heap        ] GC(1924) ParOldGen: 195404K(195584K)->195412K(195584K)
[702.555s][info][gc,metaspace   ] GC(1924) Metaspace: 35490K(36224K)->35490K(36224K) NonClass: 29217K(29760K)->29217K(29760K) Class: 6272K(6464K)->6272K(6464K)
[702.555s][info][gc             ] GC(1924) Pause Young (Allocation Failure) 415M->190M(408M) 1.921ms
[702.555s][info][gc,cpu         ] GC(1924) User=0.00s Sys=0.00s Real=0.00s
[702.615s][info][gc,start       ] GC(1925) Pause Young (Allocation Failure)
[702.616s][info][gc,heap        ] GC(1925) PSYoungGen: 221760K(222208K)->64K(221184K) Eden: 221696K(221696K)->0K(213504K) From: 64K(512K)->64K(7680K)
[702.616s][info][gc,heap        ] GC(1925) ParOldGen: 195412K(195584K)->195420K(195584K)
[702.616s][info][gc,metaspace   ] GC(1925) Metaspace: 35490K(36224K)->35490K(36224K) NonClass: 29217K(29760K)->29217K(29760K) Class: 6272K(6464K)->6272K(6464K)
[702.616s][info][gc             ] GC(1925) Pause Young (Allocation Failure) 407M->190M(407M) 0.946ms
[702.616s][info][gc,cpu         ] GC(1925) User=0.00s Sys=0.00s Real=0.00s
[703.012s][info][gc,start       ] GC(1926) Pause Young (Allocation Failure)
[703.013s][info][gc,heap        ] GC(1926) PSYoungGen: 213568K(221184K)->64K(206336K) Eden: 213504K(213504K)->0K(205824K) From: 64K(7680K)->64K(512K)
[703.013s][info][gc,heap        ] GC(1926) ParOldGen: 195420K(195584K)->195428K(195584K)
[703.013s][info][gc,metaspace   ] GC(1926) Metaspace: 35490K(36224K)->35490K(36224K) NonClass: 29217K(29760K)->29217K(29760K) Class: 6272K(6464K)->6272K(6464K)
[703.013s][info][gc             ] GC(1926) Pause Young (Allocation Failure) 399M->190M(392M) 1.630ms
[703.013s][info][gc,cpu         ] GC(1926) User=0.00s Sys=0.00s Real=0.00s
[703.313s][info][gc,start       ] GC(1927) Pause Young (Allocation Failure)
[703.314s][info][gc,heap        ] GC(1927) PSYoungGen: 205888K(206336K)->64K(205312K) Eden: 205824K(205824K)->0K(198656K) From: 64K(512K)->64K(6656K)
[703.314s][info][gc,heap        ] GC(1927) ParOldGen: 195428K(195584K)->195436K(195584K)
[703.314s][info][gc,metaspace   ] GC(1927) Metaspace: 35490K(36224K)->35490K(36224K) NonClass: 29217K(29760K)->29217K(29760K) Class: 6272K(6464K)->6272K(6464K)
[703.314s][info][gc             ] GC(1927) Pause Young (Allocation Failure) 391M->190M(391M) 1.005ms
[703.314s][info][gc,cpu         ] GC(1927) User=0.01s Sys=0.00s Real=0.00s
[703.622s][info][gc,start       ] GC(1928) Pause Young (Allocation Failure)
[703.623s][info][gc,heap        ] GC(1928) PSYoungGen: 198720K(205312K)->64K(192000K) Eden: 198656K(198656K)->0K(191488K) From: 64K(6656K)->64K(512K)
[703.623s][info][gc,heap        ] GC(1928) ParOldGen: 195436K(195584K)->195444K(195584K)
[703.623s][info][gc,metaspace   ] GC(1928) Metaspace: 35490K(36224K)->35490K(36224K) NonClass: 29217K(29760K)->29217K(29760K) Class: 6272K(6464K)->6272K(6464K)
[703.623s][info][gc             ] GC(1928) Pause Young (Allocation Failure) 384M->190M(378M) 1.587ms
[703.623s][info][gc,cpu         ] GC(1928) User=0.00s Sys=0.00s Real=0.00s
[703.846s][info][gc,start       ] GC(1929) Pause Young (Allocation Failure)
[703.900s][info][gc,heap        ] GC(1929) PSYoungGen: 191552K(192000K)->5632K(235008K) Eden: 191488K(191488K)->0K(229376K) From: 64K(512K)->5632K(5632K)
[703.900s][info][gc,heap        ] GC(1929) ParOldGen: 195444K(195584K)->208492K(208896K)
[703.900s][info][gc,metaspace   ] GC(1929) Metaspace: 35490K(36224K)->35490K(36224K) NonClass: 29217K(29760K)->29217K(29760K) Class: 6272K(6464K)->6272K(6464K)
[703.900s][info][gc             ] GC(1929) Pause Young (Allocation Failure) 377M->209M(433M) 54.484ms
[703.900s][info][gc,cpu         ] GC(1929) User=0.05s Sys=0.02s Real=0.05s
[704.138s][info][gc,start       ] GC(1930) Pause Young (Allocation Failure)
[704.191s][info][gc,heap        ] GC(1930) PSYoungGen: 235008K(235008K)->5632K(246272K) Eden: 229376K(229376K)->0K(240640K) From: 5632K(5632K)->5632K(5632K)
[704.191s][info][gc,heap        ] GC(1930) ParOldGen: 208492K(208896K)->227556K(227840K)
[704.191s][info][gc,metaspace   ] GC(1930) Metaspace: 35490K(36224K)->35490K(36224K) NonClass: 29217K(29760K)->29217K(29760K) Class: 6272K(6464K)->6272K(6464K)
[704.191s][info][gc             ] GC(1930) Pause Young (Allocation Failure) 433M->227M(463M) 53.205ms
[704.191s][info][gc,cpu         ] GC(1930) User=0.09s Sys=0.01s Real=0.05s
[704.435s][info][gc,start       ] GC(1931) Pause Young (Allocation Failure)
[704.481s][info][gc,heap        ] GC(1931) PSYoungGen: 246272K(246272K)->19456K(260096K) Eden: 240640K(240640K)->0K(240640K) From: 5632K(5632K)->19456K(19456K)
[704.481s][info][gc,heap        ] GC(1931) ParOldGen: 227556K(227840K)->234156K(234496K)
[704.481s][info][gc,metaspace   ] GC(1931) Metaspace: 35490K(36224K)->35490K(36224K) NonClass: 29217K(29760K)->29217K(29760K) Class: 6272K(6464K)->6272K(6464K)
[704.481s][info][gc             ] GC(1931) Pause Young (Allocation Failure) 462M->247M(483M) 46.083ms
[704.481s][info][gc,cpu         ] GC(1931) User=0.09s Sys=0.01s Real=0.04s
[704.549s][info][gc,start       ] GC(1932) Pause Young (Allocation Failure)
[704.553s][info][gc,heap        ] GC(1932) PSYoungGen: 260096K(260096K)->768K(308736K) Eden: 240640K(240640K)->0K(283136K) From: 19456K(19456K)->768K(25600K)
[704.553s][info][gc,heap        ] GC(1932) ParOldGen: 234156K(234496K)->234380K(234496K)
[704.553s][info][gc,metaspace   ] GC(1932) Metaspace: 35490K(36224K)->35490K(36224K) NonClass: 29217K(29760K)->29217K(29760K) Class: 6272K(6464K)->6272K(6464K)
[704.553s][info][gc             ] GC(1932) Pause Young (Allocation Failure) 482M->229M(530M) 4.231ms
[704.553s][info][gc,cpu         ] GC(1932) User=0.01s Sys=0.00s Real=0.00s
[705.079s][info][gc,start       ] GC(1933) Pause Young (Allocation Failure)
[705.080s][info][gc,heap        ] GC(1933) PSYoungGen: 283904K(308736K)->64K(283648K) Eden: 283136K(283136K)->0K(283136K) From: 768K(25600K)->64K(512K)
[705.080s][info][gc,heap        ] GC(1933) ParOldGen: 234380K(234496K)->234388K(234496K)
[705.080s][info][gc,metaspace   ] GC(1933) Metaspace: 35490K(36224K)->35490K(36224K) NonClass: 29217K(29760K)->29217K(29760K) Class: 6272K(6464K)->6272K(6464K)
[705.080s][info][gc             ] GC(1933) Pause Young (Allocation Failure) 506M->228M(506M) 1.102ms
[705.080s][info][gc,cpu         ] GC(1933) User=0.00s Sys=0.00s Real=0.00s
[705.593s][info][gc,start       ] GC(1934) Pause Young (Allocation Failure)
[705.594s][info][gc,heap        ] GC(1934) PSYoungGen: 283200K(283648K)->64K(308224K) Eden: 283136K(283136K)->0K(284160K) From: 64K(512K)->64K(24064K)
[705.594s][info][gc,heap        ] GC(1934) ParOldGen: 234388K(234496K)->234396K(234496K)
[705.594s][info][gc,metaspace   ] GC(1934) Metaspace: 35490K(36224K)->35490K(36224K) NonClass: 29217K(29760K)->29217K(29760K) Class: 6272K(6464K)->6272K(6464K)
[705.594s][info][gc             ] GC(1934) Pause Young (Allocation Failure) 505M->228M(530M) 1.134ms
[705.594s][info][gc,cpu         ] GC(1934) User=0.00s Sys=0.00s Real=0.00s
[706.026s][info][gc,start       ] GC(1935) Pause Young (Allocation Failure)
[706.027s][info][gc,heap        ] GC(1935) PSYoungGen: 284224K(308224K)->64K(307200K) Eden: 284160K(284160K)->0K(284160K) From: 64K(24064K)->64K(23040K)
[706.027s][info][gc,heap        ] GC(1935) ParOldGen: 234396K(234496K)->234412K(234496K)
[706.027s][info][gc,metaspace   ] GC(1935) Metaspace: 35490K(36224K)->35490K(36224K) NonClass: 29217K(29760K)->29217K(29760K) Class: 6272K(6464K)->6272K(6464K)
[706.027s][info][gc             ] GC(1935) Pause Young (Allocation Failure) 506M->228M(529M) 1.132ms
[706.027s][info][gc,cpu         ] GC(1935) User=0.00s Sys=0.00s Real=0.00s
[706.240s][info][gc,start       ] GC(1936) Pause Young (Allocation Failure)
[706.241s][info][gc,heap        ] GC(1936) PSYoungGen: 284224K(307200K)->64K(309248K) Eden: 284160K(284160K)->0K(287232K) From: 64K(23040K)->64K(22016K)
[706.241s][info][gc,heap        ] GC(1936) ParOldGen: 234412K(234496K)->234428K(234496K)
[706.241s][info][gc,metaspace   ] GC(1936) Metaspace: 35490K(36224K)->35490K(36224K) NonClass: 29217K(29760K)->29217K(29760K) Class: 6272K(6464K)->6272K(6464K)
[706.241s][info][gc             ] GC(1936) Pause Young (Allocation Failure) 506M->228M(531M) 1.119ms
[706.241s][info][gc,cpu         ] GC(1936) User=0.00s Sys=0.01s Real=0.00s
[706.459s][info][gc,start       ] GC(1937) Pause Young (Allocation Failure)
[706.460s][info][gc,heap        ] GC(1937) PSYoungGen: 287296K(309248K)->64K(308736K) Eden: 287232K(287232K)->0K(287232K) From: 64K(22016K)->64K(21504K)
[706.460s][info][gc,heap        ] GC(1937) ParOldGen: 234428K(234496K)->234428K(234496K)
[706.460s][info][gc,metaspace   ] GC(1937) Metaspace: 35490K(36224K)->35490K(36224K) NonClass: 29217K(29760K)->29217K(29760K) Class: 6272K(6464K)->6272K(6464K)
[706.460s][info][gc             ] GC(1937) Pause Young (Allocation Failure) 509M->228M(530M) 1.135ms
[706.460s][info][gc,cpu         ] GC(1937) User=0.00s Sys=0.00s Real=0.00s
[706.814s][info][gc,start       ] GC(1938) Pause Young (Allocation Failure)
[706.815s][info][gc,heap        ] GC(1938) PSYoungGen: 287296K(308736K)->64K(311296K) Eden: 287232K(287232K)->0K(291328K) From: 64K(21504K)->64K(19968K)
[706.815s][info][gc,heap        ] GC(1938) ParOldGen: 234428K(234496K)->234428K(234496K)
[706.815s][info][gc,metaspace   ] GC(1938) Metaspace: 35490K(36224K)->35490K(36224K) NonClass: 29217K(29760K)->29217K(29760K) Class: 6272K(6464K)->6272K(6464K)
[706.815s][info][gc             ] GC(1938) Pause Young (Allocation Failure) 509M->228M(533M) 1.095ms
[706.815s][info][gc,cpu         ] GC(1938) User=0.00s Sys=0.00s Real=0.00s
[706.898s][info][gc,start       ] GC(1939) Pause Young (Allocation Failure)
[706.899s][info][gc,heap        ] GC(1939) PSYoungGen: 291392K(311296K)->64K(310784K) Eden: 291328K(291328K)->0K(291328K) From: 64K(19968K)->64K(19456K)
[706.899s][info][gc,heap        ] GC(1939) ParOldGen: 234428K(234496K)->234436K(234496K)
[706.899s][info][gc,metaspace   ] GC(1939) Metaspace: 35490K(36224K)->35490K(36224K) NonClass: 29217K(29760K)->29217K(29760K) Class: 6272K(6464K)->6272K(6464K)
[706.900s][info][gc             ] GC(1939) Pause Young (Allocation Failure) 513M->229M(532M) 1.062ms
[706.900s][info][gc,cpu         ] GC(1939) User=0.00s Sys=0.00s Real=0.00s
[706.954s][info][gc,start       ] GC(1940) Pause Young (Allocation Failure)
[706.955s][info][gc,heap        ] GC(1940) PSYoungGen: 291392K(310784K)->64K(313344K) Eden: 291328K(291328K)->0K(295424K) From: 64K(19456K)->64K(17920K)
[706.955s][info][gc,heap        ] GC(1940) ParOldGen: 234436K(234496K)->234452K(234496K)
[706.955s][info][gc,metaspace   ] GC(1940) Metaspace: 35490K(36224K)->35490K(36224K) NonClass: 29217K(29760K)->29217K(29760K) Class: 6272K(6464K)->6272K(6464K)
[706.955s][info][gc             ] GC(1940) Pause Young (Allocation Failure) 513M->229M(535M) 1.078ms
[706.955s][info][gc,cpu         ] GC(1940) User=0.00s Sys=0.00s Real=0.00s
[707.191s][info][gc,start       ] GC(1941) Pause Young (Allocation Failure)
[707.192s][info][gc,heap        ] GC(1941) PSYoungGen: 295488K(313344K)->64K(312832K) Eden: 295424K(295424K)->0K(295424K) From: 64K(17920K)->64K(17408K)
[707.192s][info][gc,heap        ] GC(1941) ParOldGen: 234452K(234496K)->234452K(234496K)
[707.192s][info][gc,metaspace   ] GC(1941) Metaspace: 35490K(36224K)->35490K(36224K) NonClass: 29217K(29760K)->29217K(29760K) Class: 6272K(6464K)->6272K(6464K)
[707.192s][info][gc             ] GC(1941) Pause Young (Allocation Failure) 517M->229M(534M) 1.177ms
[707.192s][info][gc,cpu         ] GC(1941) User=0.01s Sys=0.00s Real=0.00s
[707.502s][info][gc,start       ] GC(1942) Pause Young (Allocation Failure)
[707.503s][info][gc,heap        ] GC(1942) PSYoungGen: 295488K(312832K)->64K(315392K) Eden: 295424K(295424K)->0K(299520K) From: 64K(17408K)->64K(15872K)
[707.503s][info][gc,heap        ] GC(1942) ParOldGen: 234452K(234496K)->234460K(234496K)
[707.503s][info][gc,metaspace   ] GC(1942) Metaspace: 35490K(36224K)->35490K(36224K) NonClass: 29217K(29760K)->29217K(29760K) Class: 6272K(6464K)->6272K(6464K)
[707.503s][info][gc             ] GC(1942) Pause Young (Allocation Failure) 517M->229M(537M) 1.044ms
[707.503s][info][gc,cpu         ] GC(1942) User=0.01s Sys=0.00s Real=0.00s
[707.650s][info][gc,start       ] GC(1943) Pause Young (Allocation Failure)
[707.651s][info][gc,heap        ] GC(1943) PSYoungGen: 299584K(315392K)->64K(314880K) Eden: 299520K(299520K)->0K(299520K) From: 64K(15872K)->64K(15360K)
[707.651s][info][gc,heap        ] GC(1943) ParOldGen: 234460K(234496K)->234468K(234496K)
[707.651s][info][gc,metaspace   ] GC(1943) Metaspace: 35490K(36224K)->35490K(36224K) NonClass: 29217K(29760K)->29217K(29760K) Class: 6272K(6464K)->6272K(6464K)
[707.651s][info][gc             ] GC(1943) Pause Young (Allocation Failure) 521M->229M(536M) 1.148ms
[707.651s][info][gc,cpu         ] GC(1943) User=0.00s Sys=0.00s Real=0.00s
[707.732s][info][gc,start       ] GC(1944) Pause Young (Allocation Failure)
[707.733s][info][gc,heap        ] GC(1944) PSYoungGen: 299584K(314880K)->64K(317440K) Eden: 299520K(299520K)->0K(303616K) From: 64K(15360K)->64K(13824K)
[707.733s][info][gc,heap        ] GC(1944) ParOldGen: 234468K(234496K)->234476K(234496K)
[707.733s][info][gc,metaspace   ] GC(1944) Metaspace: 35490K(36224K)->35490K(36224K) NonClass: 29217K(29760K)->29217K(29760K) Class: 6272K(6464K)->6272K(6464K)
[707.733s][info][gc             ] GC(1944) Pause Young (Allocation Failure) 521M->229M(539M) 1.149ms
[707.733s][info][gc,cpu         ] GC(1944) User=0.01s Sys=0.00s Real=0.00s
[707.938s][info][gc,start       ] GC(1945) Pause Young (Allocation Failure)
[707.939s][info][gc,heap        ] GC(1945) PSYoungGen: 303680K(317440K)->64K(316928K) Eden: 303616K(303616K)->0K(303616K) From: 64K(13824K)->64K(13312K)
[707.939s][info][gc,heap        ] GC(1945) ParOldGen: 234476K(234496K)->234484K(234496K)
[707.939s][info][gc,metaspace   ] GC(1945) Metaspace: 35490K(36224K)->35490K(36224K) NonClass: 29217K(29760K)->29217K(29760K) Class: 6272K(6464K)->6272K(6464K)
[707.939s][info][gc             ] GC(1945) Pause Young (Allocation Failure) 525M->229M(538M) 1.173ms
[707.939s][info][gc,cpu         ] GC(1945) User=0.00s Sys=0.00s Real=0.00s
[708.898s][info][gc,start       ] GC(1946) Pause Young (Allocation Failure)
[708.899s][info][gc,heap        ] GC(1946) PSYoungGen: 303680K(316928K)->64K(291840K) Eden: 303616K(303616K)->0K(291328K) From: 64K(13312K)->64K(512K)
[708.899s][info][gc,heap        ] GC(1946) ParOldGen: 234484K(234496K)->234492K(234496K)
[708.899s][info][gc,metaspace   ] GC(1946) Metaspace: 35490K(36224K)->35490K(36224K) NonClass: 29217K(29760K)->29217K(29760K) Class: 6272K(6464K)->6272K(6464K)
[708.899s][info][gc             ] GC(1946) Pause Young (Allocation Failure) 525M->229M(514M) 1.156ms
[708.899s][info][gc,cpu         ] GC(1946) User=0.00s Sys=0.00s Real=0.00s
[709.775s][info][gc,start       ] GC(1947) Pause Young (Allocation Failure)
[709.776s][info][gc,heap        ] GC(1947) PSYoungGen: 291392K(291840K)->64K(291840K) Eden: 291328K(291328K)->0K(280064K) From: 64K(512K)->64K(11776K)
[709.776s][info][gc,heap        ] GC(1947) ParOldGen: 234492K(234496K)->234500K(235008K)
[709.776s][info][gc,metaspace   ] GC(1947) Metaspace: 35490K(36224K)->35490K(36224K) NonClass: 29217K(29760K)->29217K(29760K) Class: 6272K(6464K)->6272K(6464K)
[709.776s][info][gc             ] GC(1947) Pause Young (Allocation Failure) 513M->229M(514M) 1.055ms
[709.776s][info][gc,cpu         ] GC(1947) User=0.00s Sys=0.00s Real=0.01s
[710.038s][info][gc,start       ] GC(1948) Pause Young (Allocation Failure)
[710.039s][info][gc,heap        ] GC(1948) PSYoungGen: 280128K(291840K)->64K(269824K) Eden: 280064K(280064K)->0K(269312K) From: 64K(11776K)->64K(512K)
[710.039s][info][gc,heap        ] GC(1948) ParOldGen: 234500K(235008K)->234508K(235008K)
[710.039s][info][gc,metaspace   ] GC(1948) Metaspace: 35490K(36224K)->35490K(36224K) NonClass: 29217K(29760K)->29217K(29760K) Class: 6272K(6464K)->6272K(6464K)
[710.039s][info][gc             ] GC(1948) Pause Young (Allocation Failure) 502M->229M(493M) 1.130ms
[710.039s][info][gc,cpu         ] GC(1948) User=0.00s Sys=0.00s Real=0.00s
[710.467s][info][gc,start       ] GC(1949) Pause Young (Allocation Failure)
[710.468s][info][gc,heap        ] GC(1949) PSYoungGen: 269376K(269824K)->64K(269312K) Eden: 269312K(269312K)->0K(259072K) From: 64K(512K)->64K(10240K)
[710.468s][info][gc,heap        ] GC(1949) ParOldGen: 234508K(235008K)->234524K(235008K)
[710.468s][info][gc,metaspace   ] GC(1949) Metaspace: 35490K(36224K)->35490K(36224K) NonClass: 29217K(29760K)->29217K(29760K) Class: 6272K(6464K)->6272K(6464K)
[710.468s][info][gc             ] GC(1949) Pause Young (Allocation Failure) 492M->229M(492M) 1.479ms
[710.469s][info][gc,cpu         ] GC(1949) User=0.00s Sys=0.01s Real=0.00s
[711.398s][info][gc,start       ] GC(1950) Pause Young (Allocation Failure)
[711.400s][info][gc,heap        ] GC(1950) PSYoungGen: 259136K(269312K)->64K(249856K) Eden: 259072K(259072K)->0K(249344K) From: 64K(10240K)->64K(512K)
[711.400s][info][gc,heap        ] GC(1950) ParOldGen: 234524K(235008K)->234532K(235008K)
[711.400s][info][gc,metaspace   ] GC(1950) Metaspace: 35490K(36224K)->35490K(36224K) NonClass: 29217K(29760K)->29217K(29760K) Class: 6272K(6464K)->6272K(6464K)
[711.400s][info][gc             ] GC(1950) Pause Young (Allocation Failure) 482M->229M(473M) 1.442ms
[711.400s][info][gc,cpu         ] GC(1950) User=0.00s Sys=0.00s Real=0.00s
[711.767s][info][gc,start       ] GC(1951) Pause Young (Allocation Failure)
[711.769s][info][gc,heap        ] GC(1951) PSYoungGen: 249408K(249856K)->64K(248320K) Eden: 249344K(249344K)->0K(239616K) From: 64K(512K)->64K(8704K)
[711.769s][info][gc,heap        ] GC(1951) ParOldGen: 234532K(235008K)->234540K(235008K)
[711.769s][info][gc,metaspace   ] GC(1951) Metaspace: 35490K(36224K)->35490K(36224K) NonClass: 29217K(29760K)->29217K(29760K) Class: 6272K(6464K)->6272K(6464K)
[711.769s][info][gc             ] GC(1951) Pause Young (Allocation Failure) 472M->229M(472M) 1.062ms
[711.769s][info][gc,cpu         ] GC(1951) User=0.01s Sys=0.00s Real=0.00s
[711.940s][info][gc,start       ] GC(1952) Pause Young (Allocation Failure)
[711.942s][info][gc,heap        ] GC(1952) PSYoungGen: 239680K(248320K)->64K(230912K) Eden: 239616K(239616K)->0K(230400K) From: 64K(8704K)->64K(512K)
[711.942s][info][gc,heap        ] GC(1952) ParOldGen: 234540K(235008K)->234548K(235008K)
[711.942s][info][gc,metaspace   ] GC(1952) Metaspace: 35490K(36224K)->35490K(36224K) NonClass: 29217K(29760K)->29217K(29760K) Class: 6272K(6464K)->6272K(6464K)
[711.942s][info][gc             ] GC(1952) Pause Young (Allocation Failure) 463M->229M(455M) 1.606ms
[711.942s][info][gc,cpu         ] GC(1952) User=0.00s Sys=0.00s Real=0.00s
[712.031s][info][gc,start       ] GC(1953) Pause Young (Allocation Failure)
[712.032s][info][gc,heap        ] GC(1953) PSYoungGen: 230464K(230912K)->64K(229376K) Eden: 230400K(230400K)->0K(221696K) From: 64K(512K)->64K(7680K)
[712.032s][info][gc,heap        ] GC(1953) ParOldGen: 234548K(235008K)->234556K(235008K)
[712.032s][info][gc,metaspace   ] GC(1953) Metaspace: 35490K(36224K)->35490K(36224K) NonClass: 29217K(29760K)->29217K(29760K) Class: 6272K(6464K)->6272K(6464K)
[712.032s][info][gc             ] GC(1953) Pause Young (Allocation Failure) 454M->229M(453M) 1.053ms
[712.032s][info][gc,cpu         ] GC(1953) User=0.00s Sys=0.00s Real=0.00s
[712.592s][info][gc,start       ] GC(1954) Pause Young (Allocation Failure)
[712.594s][info][gc,heap        ] GC(1954) PSYoungGen: 221760K(229376K)->64K(214016K) Eden: 221696K(221696K)->0K(213504K) From: 64K(7680K)->64K(512K)
[712.594s][info][gc,heap        ] GC(1954) ParOldGen: 234556K(235008K)->234564K(235008K)
[712.594s][info][gc,metaspace   ] GC(1954) Metaspace: 35490K(36224K)->35490K(36224K) NonClass: 29217K(29760K)->29217K(29760K) Class: 6272K(6464K)->6272K(6464K)
[712.594s][info][gc             ] GC(1954) Pause Young (Allocation Failure) 445M->229M(438M) 1.533ms
[712.594s][info][gc,cpu         ] GC(1954) User=0.00s Sys=0.00s Real=0.00s
[712.788s][info][gc,start       ] GC(1955) Pause Young (Allocation Failure)
[712.789s][info][gc,heap        ] GC(1955) PSYoungGen: 213568K(214016K)->64K(212480K) Eden: 213504K(213504K)->0K(205824K) From: 64K(512K)->64K(6656K)
[712.789s][info][gc,heap        ] GC(1955) ParOldGen: 234564K(235008K)->234572K(235008K)
[712.789s][info][gc,metaspace   ] GC(1955) Metaspace: 35490K(36224K)->35490K(36224K) NonClass: 29217K(29760K)->29217K(29760K) Class: 6272K(6464K)->6272K(6464K)
[712.789s][info][gc             ] GC(1955) Pause Young (Allocation Failure) 437M->229M(437M) 1.104ms
[712.789s][info][gc,cpu         ] GC(1955) User=0.00s Sys=0.00s Real=0.00s
[713.116s][info][gc,start       ] GC(1956) Pause Young (Allocation Failure)
[713.131s][info][gc,heap        ] GC(1956) PSYoungGen: 205888K(212480K)->6144K(250880K) Eden: 205824K(205824K)->0K(244736K) From: 64K(6656K)->6144K(6144K)
[713.131s][info][gc,heap        ] GC(1956) ParOldGen: 234572K(235008K)->236588K(237056K)
[713.131s][info][gc,metaspace   ] GC(1956) Metaspace: 35490K(36224K)->35490K(36224K) NonClass: 29217K(29760K)->29217K(29760K) Class: 6272K(6464K)->6272K(6464K)
[713.131s][info][gc             ] GC(1956) Pause Young (Allocation Failure) 430M->237M(476M) 15.638ms
[713.132s][info][gc,cpu         ] GC(1956) User=0.03s Sys=0.00s Real=0.01s
[713.382s][info][gc,start       ] GC(1957) Pause Young (Allocation Failure)
[713.433s][info][gc,heap        ] GC(1957) PSYoungGen: 250880K(250880K)->8704K(276992K) Eden: 244736K(244736K)->0K(268288K) From: 6144K(6144K)->8704K(8704K)
[713.434s][info][gc,heap        ] GC(1957) ParOldGen: 236588K(237056K)->253780K(253952K)
[713.434s][info][gc,metaspace   ] GC(1957) Metaspace: 35491K(36224K)->35491K(36224K) NonClass: 29218K(29760K)->29218K(29760K) Class: 6272K(6464K)->6272K(6464K)
[713.434s][info][gc             ] GC(1957) Pause Young (Allocation Failure) 476M->256M(518M) 51.341ms
[713.434s][info][gc,cpu         ] GC(1957) User=0.09s Sys=0.01s Real=0.05s
[713.707s][info][gc,start       ] GC(1958) Pause Young (Allocation Failure)
[713.771s][info][gc,heap        ] GC(1958) PSYoungGen: 276992K(276992K)->16896K(300544K) Eden: 268288K(268288K)->0K(283648K) From: 8704K(8704K)->16896K(16896K)
[713.771s][info][gc,heap        ] GC(1958) ParOldGen: 253780K(253952K)->265812K(266240K)
[713.771s][info][gc,metaspace   ] GC(1958) Metaspace: 35491K(36224K)->35491K(36224K) NonClass: 29218K(29760K)->29218K(29760K) Class: 6272K(6464K)->6272K(6464K)
[713.771s][info][gc             ] GC(1958) Pause Young (Allocation Failure) 518M->276M(553M) 64.214ms
[713.771s][info][gc,cpu         ] GC(1958) User=0.11s Sys=0.02s Real=0.06s
[713.894s][info][gc,start       ] GC(1959) Pause Young (Allocation Failure)
[713.910s][info][gc,heap        ] GC(1959) PSYoungGen: 300544K(300544K)->6720K(308736K) Eden: 283648K(283648K)->0K(283648K) From: 16896K(16896K)->6720K(25088K)
[713.910s][info][gc,heap        ] GC(1959) ParOldGen: 265812K(266240K)->266244K(266752K)
[713.910s][info][gc,metaspace   ] GC(1959) Metaspace: 35491K(36224K)->35491K(36224K) NonClass: 29218K(29760K)->29218K(29760K) Class: 6272K(6464K)->6272K(6464K)
[713.910s][info][gc             ] GC(1959) Pause Young (Allocation Failure) 553M->266M(562M) 16.519ms
[713.910s][info][gc,cpu         ] GC(1959) User=0.03s Sys=0.01s Real=0.02s
[714.401s][info][gc,start       ] GC(1960) Pause Young (Allocation Failure)
[714.402s][info][gc,heap        ] GC(1960) PSYoungGen: 290368K(308736K)->64K(305664K) Eden: 283648K(283648K)->0K(285696K) From: 6720K(25088K)->64K(19968K)
[714.402s][info][gc,heap        ] GC(1960) ParOldGen: 266244K(266752K)->266252K(266752K)
[714.402s][info][gc,metaspace   ] GC(1960) Metaspace: 35491K(36224K)->35491K(36224K) NonClass: 29218K(29760K)->29218K(29760K) Class: 6272K(6464K)->6272K(6464K)
[714.402s][info][gc             ] GC(1960) Pause Young (Allocation Failure) 543M->260M(559M) 1.358ms
[714.402s][info][gc,cpu         ] GC(1960) User=0.00s Sys=0.00s Real=0.00s
[714.941s][info][gc,start       ] GC(1961) Pause Young (Allocation Failure)
[714.942s][info][gc,heap        ] GC(1961) PSYoungGen: 285760K(305664K)->64K(308224K) Eden: 285696K(285696K)->0K(285696K) From: 64K(19968K)->64K(22528K)
[714.942s][info][gc,heap        ] GC(1961) ParOldGen: 266252K(266752K)->266260K(266752K)
[714.942s][info][gc,metaspace   ] GC(1961) Metaspace: 35491K(36224K)->35491K(36224K) NonClass: 29218K(29760K)->29218K(29760K) Class: 6272K(6464K)->6272K(6464K)
[714.942s][info][gc             ] GC(1961) Pause Young (Allocation Failure) 539M->260M(561M) 1.278ms
[714.942s][info][gc,cpu         ] GC(1961) User=0.00s Sys=0.00s Real=0.00s
[715.370s][info][gc,start       ] GC(1962) Pause Young (Allocation Failure)
[715.372s][info][gc,heap        ] GC(1962) PSYoungGen: 285760K(308224K)->64K(308736K) Eden: 285696K(285696K)->0K(289280K) From: 64K(22528K)->64K(19456K)
[715.372s][info][gc,heap        ] GC(1962) ParOldGen: 266260K(266752K)->266276K(266752K)
[715.372s][info][gc,metaspace   ] GC(1962) Metaspace: 35491K(36224K)->35491K(36224K) NonClass: 29218K(29760K)->29218K(29760K) Class: 6272K(6464K)->6272K(6464K)
[715.372s][info][gc             ] GC(1962) Pause Young (Allocation Failure) 539M->260M(562M) 1.262ms
[715.372s][info][gc,cpu         ] GC(1962) User=0.00s Sys=0.00s Real=0.00s
[715.585s][info][gc,start       ] GC(1963) Pause Young (Allocation Failure)
[715.586s][info][gc,heap        ] GC(1963) PSYoungGen: 289344K(308736K)->64K(310272K) Eden: 289280K(289280K)->0K(289280K) From: 64K(19456K)->64K(20992K)
[715.586s][info][gc,heap        ] GC(1963) ParOldGen: 266276K(266752K)->266292K(266752K)
[715.586s][info][gc,metaspace   ] GC(1963) Metaspace: 35491K(36224K)->35491K(36224K) NonClass: 29218K(29760K)->29218K(29760K) Class: 6272K(6464K)->6272K(6464K)
[715.586s][info][gc             ] GC(1963) Pause Young (Allocation Failure) 542M->260M(563M) 1.072ms
[715.587s][info][gc,cpu         ] GC(1963) User=0.00s Sys=0.00s Real=0.00s
[715.801s][info][gc,start       ] GC(1964) Pause Young (Allocation Failure)
[715.802s][info][gc,heap        ] GC(1964) PSYoungGen: 289344K(310272K)->64K(310272K) Eden: 289280K(289280K)->0K(292352K) From: 64K(20992K)->64K(17920K)
[715.802s][info][gc,heap        ] GC(1964) ParOldGen: 266292K(266752K)->266292K(266752K)
[715.802s][info][gc,metaspace   ] GC(1964) Metaspace: 35491K(36224K)->35491K(36224K) NonClass: 29218K(29760K)->29218K(29760K) Class: 6272K(6464K)->6272K(6464K)
[715.802s][info][gc             ] GC(1964) Pause Young (Allocation Failure) 542M->260M(563M) 1.022ms
[715.802s][info][gc,cpu         ] GC(1964) User=0.00s Sys=0.00s Real=0.00s
[716.154s][info][gc,start       ] GC(1965) Pause Young (Allocation Failure)
[716.155s][info][gc,heap        ] GC(1965) PSYoungGen: 292416K(310272K)->64K(311808K) Eden: 292352K(292352K)->0K(292352K) From: 64K(17920K)->64K(19456K)
[716.155s][info][gc,heap        ] GC(1965) ParOldGen: 266292K(266752K)->266292K(266752K)
[716.155s][info][gc,metaspace   ] GC(1965) Metaspace: 35491K(36224K)->35491K(36224K) NonClass: 29218K(29760K)->29218K(29760K) Class: 6272K(6464K)->6272K(6464K)
[716.155s][info][gc             ] GC(1965) Pause Young (Allocation Failure) 545M->260M(565M) 0.996ms
[716.155s][info][gc,cpu         ] GC(1965) User=0.00s Sys=0.00s Real=0.01s
[716.231s][info][gc,start       ] GC(1966) Pause Young (Allocation Failure)
[716.232s][info][gc,heap        ] GC(1966) PSYoungGen: 292416K(311808K)->64K(311808K) Eden: 292352K(292352K)->0K(295936K) From: 64K(19456K)->64K(15872K)
[716.232s][info][gc,heap        ] GC(1966) ParOldGen: 266292K(266752K)->266300K(266752K)
[716.232s][info][gc,metaspace   ] GC(1966) Metaspace: 35491K(36224K)->35491K(36224K) NonClass: 29218K(29760K)->29218K(29760K) Class: 6272K(6464K)->6272K(6464K)
[716.232s][info][gc             ] GC(1966) Pause Young (Allocation Failure) 545M->260M(565M) 0.896ms
[716.232s][info][gc,cpu         ] GC(1966) User=0.00s Sys=0.00s Real=0.00s
[716.288s][info][gc,start       ] GC(1967) Pause Young (Allocation Failure)
[716.290s][info][gc,heap        ] GC(1967) PSYoungGen: 296000K(311808K)->32K(313344K) Eden: 295936K(295936K)->0K(295936K) From: 64K(15872K)->32K(17408K)
[716.290s][info][gc,heap        ] GC(1967) ParOldGen: 266300K(266752K)->266316K(266752K)
[716.290s][info][gc,metaspace   ] GC(1967) Metaspace: 35491K(36224K)->35491K(36224K) NonClass: 29218K(29760K)->29218K(29760K) Class: 6272K(6464K)->6272K(6464K)
[716.290s][info][gc             ] GC(1967) Pause Young (Allocation Failure) 549M->260M(566M) 1.380ms
[716.290s][info][gc,cpu         ] GC(1967) User=0.00s Sys=0.00s Real=0.00s
[716.535s][info][gc,start       ] GC(1968) Pause Young (Allocation Failure)
[716.537s][info][gc,heap        ] GC(1968) PSYoungGen: 295968K(313344K)->64K(313856K) Eden: 295936K(295936K)->0K(299520K) From: 32K(17408K)->64K(14336K)
[716.537s][info][gc,heap        ] GC(1968) ParOldGen: 266316K(266752K)->266316K(266752K)
[716.537s][info][gc,metaspace   ] GC(1968) Metaspace: 35491K(36224K)->35491K(36224K) NonClass: 29218K(29760K)->29218K(29760K) Class: 6272K(6464K)->6272K(6464K)
[716.537s][info][gc             ] GC(1968) Pause Young (Allocation Failure) 549M->260M(567M) 1.506ms
[716.537s][info][gc,cpu         ] GC(1968) User=0.00s Sys=0.00s Real=0.00s
[716.856s][info][gc,start       ] GC(1969) Pause Young (Allocation Failure)
[716.858s][info][gc,heap        ] GC(1969) PSYoungGen: 299584K(313856K)->64K(315392K) Eden: 299520K(299520K)->0K(299520K) From: 64K(14336K)->64K(15872K)
[716.858s][info][gc,heap        ] GC(1969) ParOldGen: 266316K(266752K)->266332K(266752K)
[716.858s][info][gc,metaspace   ] GC(1969) Metaspace: 35491K(36224K)->35491K(36224K) NonClass: 29218K(29760K)->29218K(29760K) Class: 6272K(6464K)->6272K(6464K)
[716.858s][info][gc             ] GC(1969) Pause Young (Allocation Failure) 552M->260M(568M) 1.579ms
[716.858s][info][gc,cpu         ] GC(1969) User=0.01s Sys=0.00s Real=0.00s
[716.997s][info][gc,start       ] GC(1970) Pause Young (Allocation Failure)
[716.999s][info][gc,heap        ] GC(1970) PSYoungGen: 299584K(315392K)->64K(315392K) Eden: 299520K(299520K)->0K(303104K) From: 64K(15872K)->64K(12288K)
[716.999s][info][gc,heap        ] GC(1970) ParOldGen: 266332K(266752K)->266348K(266752K)
[716.999s][info][gc,metaspace   ] GC(1970) Metaspace: 35491K(36224K)->35491K(36224K) NonClass: 29218K(29760K)->29218K(29760K) Class: 6272K(6464K)->6272K(6464K)
[716.999s][info][gc             ] GC(1970) Pause Young (Allocation Failure) 552M->260M(568M) 1.528ms
[716.999s][info][gc,cpu         ] GC(1970) User=0.01s Sys=0.00s Real=0.00s
[717.092s][info][gc,start       ] GC(1971) Pause Young (Allocation Failure)
[717.094s][info][gc,heap        ] GC(1971) PSYoungGen: 303168K(315392K)->64K(316928K) Eden: 303104K(303104K)->0K(303104K) From: 64K(12288K)->64K(13824K)
[717.094s][info][gc,heap        ] GC(1971) ParOldGen: 266348K(266752K)->266364K(266752K)
[717.094s][info][gc,metaspace   ] GC(1971) Metaspace: 35491K(36224K)->35491K(36224K) NonClass: 29218K(29760K)->29218K(29760K) Class: 6272K(6464K)->6272K(6464K)
[717.094s][info][gc             ] GC(1971) Pause Young (Allocation Failure) 556M->260M(570M) 1.518ms
[717.094s][info][gc,cpu         ] GC(1971) User=0.00s Sys=0.00s Real=0.00s
[717.292s][info][gc,start       ] GC(1972) Pause Young (Allocation Failure)
[717.293s][info][gc,heap        ] GC(1972) PSYoungGen: 303168K(316928K)->64K(317440K) Eden: 303104K(303104K)->0K(306688K) From: 64K(13824K)->64K(10752K)
[717.293s][info][gc,heap        ] GC(1972) ParOldGen: 266364K(266752K)->266372K(266752K)
[717.293s][info][gc,metaspace   ] GC(1972) Metaspace: 35491K(36224K)->35491K(36224K) NonClass: 29218K(29760K)->29218K(29760K) Class: 6272K(6464K)->6272K(6464K)
[717.293s][info][gc             ] GC(1972) Pause Young (Allocation Failure) 556M->260M(570M) 1.170ms
[717.293s][info][gc,cpu         ] GC(1972) User=0.00s Sys=0.00s Real=0.00s
[718.256s][info][gc,start       ] GC(1973) Pause Young (Allocation Failure)
[718.257s][info][gc,heap        ] GC(1973) PSYoungGen: 306752K(317440K)->83K(294912K) Eden: 306688K(306688K)->0K(294400K) From: 64K(10752K)->83K(512K)
[718.257s][info][gc,heap        ] GC(1973) ParOldGen: 266372K(266752K)->266380K(266752K)
[718.257s][info][gc,metaspace   ] GC(1973) Metaspace: 35491K(36224K)->35491K(36224K) NonClass: 29218K(29760K)->29218K(29760K) Class: 6272K(6464K)->6272K(6464K)
[718.257s][info][gc             ] GC(1973) Pause Young (Allocation Failure) 559M->260M(548M) 1.714ms
[718.257s][info][gc,cpu         ] GC(1973) User=0.01s Sys=0.00s Real=0.00s
[719.150s][info][gc,start       ] GC(1974) Pause Young (Allocation Failure)
[719.152s][info][gc,heap        ] GC(1974) PSYoungGen: 294483K(294912K)->64K(283136K) Eden: 294400K(294400K)->0K(282624K) From: 83K(512K)->64K(512K)
[719.152s][info][gc,heap        ] GC(1974) ParOldGen: 266380K(266752K)->266388K(266752K)
[719.152s][info][gc,metaspace   ] GC(1974) Metaspace: 35491K(36224K)->35491K(36224K) NonClass: 29218K(29760K)->29218K(29760K) Class: 6272K(6464K)->6272K(6464K)
[719.152s][info][gc             ] GC(1974) Pause Young (Allocation Failure) 547M->260M(537M) 1.974ms
[719.152s][info][gc,cpu         ] GC(1974) User=0.00s Sys=0.00s Real=0.00s
[719.455s][info][gc,start       ] GC(1975) Pause Young (Allocation Failure)
[719.456s][info][gc,heap        ] GC(1975) PSYoungGen: 282688K(283136K)->64K(282112K) Eden: 282624K(282624K)->0K(271360K) From: 64K(512K)->64K(10752K)
[719.456s][info][gc,heap        ] GC(1975) ParOldGen: 266388K(266752K)->266396K(266752K)
[719.456s][info][gc,metaspace   ] GC(1975) Metaspace: 35491K(36224K)->35491K(36224K) NonClass: 29218K(29760K)->29218K(29760K) Class: 6272K(6464K)->6272K(6464K)
[719.456s][info][gc             ] GC(1975) Pause Young (Allocation Failure) 536M->260M(536M) 1.107ms
[719.456s][info][gc,cpu         ] GC(1975) User=0.00s Sys=0.00s Real=0.01s
[719.866s][info][gc,start       ] GC(1976) Pause Young (Allocation Failure)
[719.868s][info][gc,heap        ] GC(1976) PSYoungGen: 271424K(282112K)->64K(261120K) Eden: 271360K(271360K)->0K(260608K) From: 64K(10752K)->64K(512K)
[719.868s][info][gc,heap        ] GC(1976) ParOldGen: 266396K(266752K)->266404K(266752K)
[719.868s][info][gc,metaspace   ] GC(1976) Metaspace: 35491K(36224K)->35491K(36224K) NonClass: 29218K(29760K)->29218K(29760K) Class: 6272K(6464K)->6272K(6464K)
[719.868s][info][gc             ] GC(1976) Pause Young (Allocation Failure) 525M->260M(515M) 1.624ms
[719.868s][info][gc,cpu         ] GC(1976) User=0.00s Sys=0.00s Real=0.00s
[720.792s][info][gc,start       ] GC(1977) Pause Young (Allocation Failure)
[720.793s][info][gc,heap        ] GC(1977) PSYoungGen: 260672K(261120K)->64K(260096K) Eden: 260608K(260608K)->0K(250368K) From: 64K(512K)->64K(9728K)
[720.793s][info][gc,heap        ] GC(1977) ParOldGen: 266404K(266752K)->266412K(266752K)
[720.793s][info][gc,metaspace   ] GC(1977) Metaspace: 35491K(36224K)->35491K(36224K) NonClass: 29218K(29760K)->29218K(29760K) Class: 6272K(6464K)->6272K(6464K)
[720.793s][info][gc             ] GC(1977) Pause Young (Allocation Failure) 514M->260M(514M) 1.124ms
[720.793s][info][gc,cpu         ] GC(1977) User=0.00s Sys=0.00s Real=0.00s
[721.145s][info][gc,start       ] GC(1978) Pause Young (Allocation Failure)
[721.147s][info][gc,heap        ] GC(1978) PSYoungGen: 250432K(260096K)->64K(241152K) Eden: 250368K(250368K)->0K(240640K) From: 64K(9728K)->64K(512K)
[721.147s][info][gc,heap        ] GC(1978) ParOldGen: 266412K(266752K)->266420K(266752K)
[721.147s][info][gc,metaspace   ] GC(1978) Metaspace: 35491K(36224K)->35491K(36224K) NonClass: 29218K(29760K)->29218K(29760K) Class: 6272K(6464K)->6272K(6464K)
[721.147s][info][gc             ] GC(1978) Pause Young (Allocation Failure) 504M->260M(496M) 1.818ms
[721.147s][info][gc,cpu         ] GC(1978) User=0.00s Sys=0.00s Real=0.01s
[721.302s][info][gc,start       ] GC(1979) Pause Young (Allocation Failure)
[721.303s][info][gc,heap        ] GC(1979) PSYoungGen: 240704K(241152K)->64K(239616K) Eden: 240640K(240640K)->0K(231424K) From: 64K(512K)->64K(8192K)
[721.303s][info][gc,heap        ] GC(1979) ParOldGen: 266420K(266752K)->266428K(266752K)
[721.303s][info][gc,metaspace   ] GC(1979) Metaspace: 35491K(36224K)->35491K(36224K) NonClass: 29218K(29760K)->29218K(29760K) Class: 6272K(6464K)->6272K(6464K)
[721.303s][info][gc             ] GC(1979) Pause Young (Allocation Failure) 495M->260M(494M) 1.579ms
[721.303s][info][gc,cpu         ] GC(1979) User=0.00s Sys=0.00s Real=0.00s
[721.435s][info][gc,start       ] GC(1980) Pause Young (Allocation Failure)
[721.437s][info][gc,heap        ] GC(1980) PSYoungGen: 231488K(239616K)->32K(223232K) Eden: 231424K(231424K)->0K(222720K) From: 64K(8192K)->32K(512K)
[721.437s][info][gc,heap        ] GC(1980) ParOldGen: 266428K(266752K)->266436K(266752K)
[721.437s][info][gc,metaspace   ] GC(1980) Metaspace: 35491K(36224K)->35491K(36224K) NonClass: 29218K(29760K)->29218K(29760K) Class: 6272K(6464K)->6272K(6464K)
[721.437s][info][gc             ] GC(1980) Pause Young (Allocation Failure) 486M->260M(478M) 2.240ms
[721.437s][info][gc,cpu         ] GC(1980) User=0.00s Sys=0.00s Real=0.00s
[722.000s][info][gc,start       ] GC(1981) Pause Young (Allocation Failure)
[722.001s][info][gc,heap        ] GC(1981) PSYoungGen: 222752K(223232K)->64K(221696K) Eden: 222720K(222720K)->0K(214528K) From: 32K(512K)->64K(7168K)
[722.001s][info][gc,heap        ] GC(1981) ParOldGen: 266436K(266752K)->266444K(266752K)
[722.001s][info][gc,metaspace   ] GC(1981) Metaspace: 35491K(36224K)->35491K(36224K) NonClass: 29218K(29760K)->29218K(29760K) Class: 6272K(6464K)->6272K(6464K)
[722.001s][info][gc             ] GC(1981) Pause Young (Allocation Failure) 477M->260M(477M) 1.102ms
[722.001s][info][gc,cpu         ] GC(1981) User=0.00s Sys=0.00s Real=0.00s
[722.185s][info][gc,start       ] GC(1982) Pause Young (Allocation Failure)
[722.187s][info][gc,heap        ] GC(1982) PSYoungGen: 214592K(221696K)->64K(207360K) Eden: 214528K(214528K)->0K(206848K) From: 64K(7168K)->64K(512K)
[722.187s][info][gc,heap        ] GC(1982) ParOldGen: 266444K(266752K)->266452K(266752K)
[722.187s][info][gc,metaspace   ] GC(1982) Metaspace: 35491K(36224K)->35491K(36224K) NonClass: 29218K(29760K)->29218K(29760K) Class: 6272K(6464K)->6272K(6464K)
[722.187s][info][gc             ] GC(1982) Pause Young (Allocation Failure) 469M->260M(463M) 1.437ms
[722.187s][info][gc,cpu         ] GC(1982) User=0.00s Sys=0.00s Real=0.00s
[722.495s][info][gc,start       ] GC(1983) Pause Young (Allocation Failure)
[722.517s][info][gc,heap        ] GC(1983) PSYoungGen: 206912K(207360K)->6144K(252416K) Eden: 206848K(206848K)->0K(246272K) From: 64K(512K)->6144K(6144K)
[722.517s][info][gc,heap        ] GC(1983) ParOldGen: 266452K(266752K)->272172K(272384K)
[722.517s][info][gc,metaspace   ] GC(1983) Metaspace: 35491K(36224K)->35491K(36224K) NonClass: 29218K(29760K)->29218K(29760K) Class: 6272K(6464K)->6272K(6464K)
[722.517s][info][gc             ] GC(1983) Pause Young (Allocation Failure) 462M->271M(512M) 21.965ms
[722.517s][info][gc,cpu         ] GC(1983) User=0.03s Sys=0.01s Real=0.03s
[722.771s][info][gc,start       ] GC(1984) Pause Young (Allocation Failure)
[722.828s][info][gc,heap        ] GC(1984) PSYoungGen: 252416K(252416K)->6144K(260608K) Eden: 246272K(246272K)->0K(254464K) From: 6144K(6144K)->6144K(6144K)
[722.828s][info][gc,heap        ] GC(1984) ParOldGen: 272172K(272384K)->292236K(292352K)
[722.828s][info][gc,metaspace   ] GC(1984) Metaspace: 35491K(36224K)->35491K(36224K) NonClass: 29218K(29760K)->29218K(29760K) Class: 6272K(6464K)->6272K(6464K)
[722.828s][info][gc             ] GC(1984) Pause Young (Allocation Failure) 512M->291M(540M) 57.674ms
[722.828s][info][gc,cpu         ] GC(1984) User=0.10s Sys=0.02s Real=0.06s
[723.089s][info][gc,start       ] GC(1985) Pause Young (Allocation Failure)
[723.140s][info][gc,heap        ] GC(1985) PSYoungGen: 260608K(260608K)->17920K(272384K) Eden: 254464K(254464K)->0K(254464K) From: 6144K(6144K)->17920K(17920K)
[723.140s][info][gc,heap        ] GC(1985) ParOldGen: 292236K(292352K)->301884K(302080K)
[723.140s][info][gc,metaspace   ] GC(1985) Metaspace: 35491K(36224K)->35491K(36224K) NonClass: 29218K(29760K)->29218K(29760K) Class: 6272K(6464K)->6272K(6464K)
[723.141s][info][gc             ] GC(1985) Pause Young (Allocation Failure) 539M->312M(561M) 51.811ms
[723.141s][info][gc,cpu         ] GC(1985) User=0.09s Sys=0.00s Real=0.05s
[723.238s][info][gc,start       ] GC(1986) Pause Young (Allocation Failure)
[723.250s][info][gc,heap        ] GC(1986) PSYoungGen: 272384K(272384K)->4320K(309760K) Eden: 254464K(254464K)->0K(284160K) From: 17920K(17920K)->4320K(25600K)
[723.250s][info][gc,heap        ] GC(1986) ParOldGen: 301884K(302080K)->302220K(302592K)
[723.250s][info][gc,metaspace   ] GC(1986) Metaspace: 35491K(36224K)->35491K(36224K) NonClass: 29218K(29760K)->29218K(29760K) Class: 6272K(6464K)->6272K(6464K)
[723.250s][info][gc             ] GC(1986) Pause Young (Allocation Failure) 560M->299M(598M) 12.183ms
[723.250s][info][gc,cpu         ] GC(1986) User=0.02s Sys=0.01s Real=0.01s
[723.733s][info][gc,start       ] GC(1987) Pause Young (Allocation Failure)
[723.734s][info][gc,heap        ] GC(1987) PSYoungGen: 288480K(309760K)->64K(284672K) Eden: 284160K(284160K)->0K(284160K) From: 4320K(25600K)->64K(512K)
[723.734s][info][gc,heap        ] GC(1987) ParOldGen: 302220K(302592K)->302228K(302592K)
[723.735s][info][gc,metaspace   ] GC(1987) Metaspace: 35491K(36224K)->35491K(36224K) NonClass: 29218K(29760K)->29218K(29760K) Class: 6272K(6464K)->6272K(6464K)
[723.735s][info][gc             ] GC(1987) Pause Young (Allocation Failure) 576M->295M(573M) 1.381ms
[723.735s][info][gc,cpu         ] GC(1987) User=0.00s Sys=0.00s Real=0.00s
[724.282s][info][gc,start       ] GC(1988) Pause Young (Allocation Failure)
[724.285s][info][gc,heap        ] GC(1988) PSYoungGen: 284224K(284672K)->64K(307712K) Eden: 284160K(284160K)->0K(284672K) From: 64K(512K)->64K(23040K)
[724.285s][info][gc,heap        ] GC(1988) ParOldGen: 302228K(302592K)->302236K(302592K)
[724.285s][info][gc,metaspace   ] GC(1988) Metaspace: 35491K(36224K)->35491K(36224K) NonClass: 29218K(29760K)->29218K(29760K) Class: 6272K(6464K)->6272K(6464K)
[724.285s][info][gc             ] GC(1988) Pause Young (Allocation Failure) 572M->295M(596M) 2.446ms
[724.285s][info][gc,cpu         ] GC(1988) User=0.00s Sys=0.00s Real=0.00s
[724.718s][info][gc,start       ] GC(1989) Pause Young (Allocation Failure)
[724.720s][info][gc,heap        ] GC(1989) PSYoungGen: 284736K(307712K)->64K(307200K) Eden: 284672K(284672K)->0K(284672K) From: 64K(23040K)->64K(22528K)
[724.720s][info][gc,heap        ] GC(1989) ParOldGen: 302236K(302592K)->302252K(302592K)
[724.720s][info][gc,metaspace   ] GC(1989) Metaspace: 35491K(36224K)->35491K(36224K) NonClass: 29218K(29760K)->29218K(29760K) Class: 6272K(6464K)->6272K(6464K)
[724.720s][info][gc             ] GC(1989) Pause Young (Allocation Failure) 573M->295M(595M) 1.824ms
[724.720s][info][gc,cpu         ] GC(1989) User=0.01s Sys=0.00s Real=0.00s
[724.933s][info][gc,start       ] GC(1990) Pause Young (Allocation Failure)
[724.935s][info][gc,heap        ] GC(1990) PSYoungGen: 284736K(307200K)->64K(310272K) Eden: 284672K(284672K)->0K(289280K) From: 64K(22528K)->64K(20992K)
[724.935s][info][gc,heap        ] GC(1990) ParOldGen: 302252K(302592K)->302268K(302592K)
[724.935s][info][gc,metaspace   ] GC(1990) Metaspace: 35491K(36224K)->35491K(36224K) NonClass: 29218K(29760K)->29218K(29760K) Class: 6272K(6464K)->6272K(6464K)
[724.935s][info][gc             ] GC(1990) Pause Young (Allocation Failure) 573M->295M(598M) 1.368ms
[724.935s][info][gc,cpu         ] GC(1990) User=0.00s Sys=0.00s Real=0.00s
[725.155s][info][gc,start       ] GC(1991) Pause Young (Allocation Failure)
[725.157s][info][gc,heap        ] GC(1991) PSYoungGen: 289344K(310272K)->64K(309760K) Eden: 289280K(289280K)->0K(289280K) From: 64K(20992K)->64K(20480K)
[725.157s][info][gc,heap        ] GC(1991) ParOldGen: 302268K(302592K)->302268K(302592K)
[725.157s][info][gc,metaspace   ] GC(1991) Metaspace: 35491K(36224K)->35491K(36224K) NonClass: 29218K(29760K)->29218K(29760K) Class: 6272K(6464K)->6272K(6464K)
[725.157s][info][gc             ] GC(1991) Pause Young (Allocation Failure) 577M->295M(598M) 1.401ms
[725.157s][info][gc,cpu         ] GC(1991) User=0.00s Sys=0.00s Real=0.00s
[725.507s][info][gc,start       ] GC(1992) Pause Young (Allocation Failure)
[725.509s][info][gc,heap        ] GC(1992) PSYoungGen: 289344K(309760K)->64K(312320K) Eden: 289280K(289280K)->0K(293376K) From: 64K(20480K)->64K(18944K)
[725.509s][info][gc,heap        ] GC(1992) ParOldGen: 302268K(302592K)->302268K(302592K)
[725.509s][info][gc,metaspace   ] GC(1992) Metaspace: 35491K(36224K)->35491K(36224K) NonClass: 29218K(29760K)->29218K(29760K) Class: 6272K(6464K)->6272K(6464K)
[725.509s][info][gc             ] GC(1992) Pause Young (Allocation Failure) 577M->295M(600M) 1.289ms
[725.509s][info][gc,cpu         ] GC(1992) User=0.00s Sys=0.00s Real=0.00s
[725.602s][info][gc,start       ] GC(1993) Pause Young (Allocation Failure)
[725.603s][info][gc,heap        ] GC(1993) PSYoungGen: 293440K(312320K)->64K(312320K) Eden: 293376K(293376K)->0K(293376K) From: 64K(18944K)->64K(18944K)
[725.603s][info][gc,heap        ] GC(1993) ParOldGen: 302268K(302592K)->302276K(302592K)
[725.603s][info][gc,metaspace   ] GC(1993) Metaspace: 35491K(36224K)->35491K(36224K) NonClass: 29218K(29760K)->29218K(29760K) Class: 6272K(6464K)->6272K(6464K)
[725.603s][info][gc             ] GC(1993) Pause Young (Allocation Failure) 581M->295M(600M) 1.237ms
[725.603s][info][gc,cpu         ] GC(1993) User=0.00s Sys=0.00s Real=0.00s
[725.658s][info][gc,start       ] GC(1994) Pause Young (Allocation Failure)
[725.659s][info][gc,heap        ] GC(1994) PSYoungGen: 293440K(312320K)->64K(313856K) Eden: 293376K(293376K)->0K(296960K) From: 64K(18944K)->64K(16896K)
[725.659s][info][gc,heap        ] GC(1994) ParOldGen: 302276K(302592K)->302292K(302592K)
[725.659s][info][gc,metaspace   ] GC(1994) Metaspace: 35491K(36224K)->35491K(36224K) NonClass: 29218K(29760K)->29218K(29760K) Class: 6272K(6464K)->6272K(6464K)
[725.659s][info][gc             ] GC(1994) Pause Young (Allocation Failure) 581M->295M(602M) 1.249ms
[725.659s][info][gc,cpu         ] GC(1994) User=0.00s Sys=0.00s Real=0.00s
[725.888s][info][gc,start       ] GC(1995) Pause Young (Allocation Failure)
[725.889s][info][gc,heap        ] GC(1995) PSYoungGen: 297024K(313856K)->64K(313856K) Eden: 296960K(296960K)->0K(296960K) From: 64K(16896K)->64K(16896K)
[725.889s][info][gc,heap        ] GC(1995) ParOldGen: 302292K(302592K)->302292K(302592K)
[725.889s][info][gc,metaspace   ] GC(1995) Metaspace: 35491K(36224K)->35491K(36224K) NonClass: 29218K(29760K)->29218K(29760K) Class: 6272K(6464K)->6272K(6464K)
[725.889s][info][gc             ] GC(1995) Pause Young (Allocation Failure) 585M->295M(602M) 1.313ms
[725.889s][info][gc,cpu         ] GC(1995) User=0.01s Sys=0.00s Real=0.00s
[726.202s][info][gc,start       ] GC(1996) Pause Young (Allocation Failure)
[726.203s][info][gc,heap        ] GC(1996) PSYoungGen: 297024K(313856K)->64K(315904K) Eden: 296960K(296960K)->0K(301056K) From: 64K(16896K)->64K(14848K)
[726.203s][info][gc,heap        ] GC(1996) ParOldGen: 302292K(302592K)->302300K(302592K)
[726.203s][info][gc,metaspace   ] GC(1996) Metaspace: 35491K(36224K)->35491K(36224K) NonClass: 29218K(29760K)->29218K(29760K) Class: 6272K(6464K)->6272K(6464K)
[726.203s][info][gc             ] GC(1996) Pause Young (Allocation Failure) 585M->295M(604M) 1.344ms
[726.203s][info][gc,cpu         ] GC(1996) User=0.00s Sys=0.00s Real=0.00s
[726.352s][info][gc,start       ] GC(1997) Pause Young (Allocation Failure)
[726.354s][info][gc,heap        ] GC(1997) PSYoungGen: 301120K(315904K)->64K(315904K) Eden: 301056K(301056K)->0K(301056K) From: 64K(14848K)->64K(14848K)
[726.354s][info][gc,heap        ] GC(1997) ParOldGen: 302300K(302592K)->302308K(302592K)
[726.354s][info][gc,metaspace   ] GC(1997) Metaspace: 35491K(36224K)->35491K(36224K) NonClass: 29218K(29760K)->29218K(29760K) Class: 6272K(6464K)->6272K(6464K)
[726.354s][info][gc             ] GC(1997) Pause Young (Allocation Failure) 589M->295M(604M) 1.432ms
[726.354s][info][gc,cpu         ] GC(1997) User=0.00s Sys=0.00s Real=0.00s
[726.434s][info][gc,start       ] GC(1998) Pause Young (Allocation Failure)
[726.435s][info][gc,heap        ] GC(1998) PSYoungGen: 301120K(315904K)->64K(317440K) Eden: 301056K(301056K)->0K(304640K) From: 64K(14848K)->64K(12800K)
[726.435s][info][gc,heap        ] GC(1998) ParOldGen: 302308K(302592K)->302324K(302592K)
[726.435s][info][gc,metaspace   ] GC(1998) Metaspace: 35491K(36224K)->35491K(36224K) NonClass: 29218K(29760K)->29218K(29760K) Class: 6272K(6464K)->6272K(6464K)
[726.435s][info][gc             ] GC(1998) Pause Young (Allocation Failure) 589M->295M(605M) 1.364ms
[726.435s][info][gc,cpu         ] GC(1998) User=0.01s Sys=0.00s Real=0.00s
[726.637s][info][gc,start       ] GC(1999) Pause Young (Allocation Failure)
[726.638s][info][gc,heap        ] GC(1999) PSYoungGen: 304704K(317440K)->64K(317952K) Eden: 304640K(304640K)->0K(304640K) From: 64K(12800K)->64K(13312K)
[726.638s][info][gc,heap        ] GC(1999) ParOldGen: 302324K(302592K)->302324K(302592K)
[726.638s][info][gc,metaspace   ] GC(1999) Metaspace: 35491K(36224K)->35491K(36224K) NonClass: 29218K(29760K)->29218K(29760K) Class: 6272K(6464K)->6272K(6464K)
[726.638s][info][gc             ] GC(1999) Pause Young (Allocation Failure) 592M->295M(606M) 1.312ms
[726.638s][info][gc,cpu         ] GC(1999) User=0.01s Sys=0.00s Real=0.00s
[727.597s][info][gc,start       ] GC(2000) Pause Young (Allocation Failure)
[727.598s][info][gc,heap        ] GC(2000) PSYoungGen: 304704K(317952K)->83K(292864K) Eden: 304640K(304640K)->0K(292352K) From: 64K(13312K)->83K(512K)
[727.598s][info][gc,heap        ] GC(2000) ParOldGen: 302324K(302592K)->302332K(302592K)
[727.598s][info][gc,metaspace   ] GC(2000) Metaspace: 35491K(36224K)->35491K(36224K) NonClass: 29218K(29760K)->29218K(29760K) Class: 6272K(6464K)->6272K(6464K)
[727.598s][info][gc             ] GC(2000) Pause Young (Allocation Failure) 592M->295M(581M) 1.283ms
[727.598s][info][gc,cpu         ] GC(2000) User=0.00s Sys=0.00s Real=0.00s
[728.461s][info][gc,start       ] GC(2001) Pause Young (Allocation Failure)
[728.462s][info][gc,heap        ] GC(2001) PSYoungGen: 292435K(292864K)->64K(292352K) Eden: 292352K(292352K)->0K(280576K) From: 83K(512K)->64K(11776K)
[728.462s][info][gc,heap        ] GC(2001) ParOldGen: 302332K(302592K)->302340K(302592K)
[728.462s][info][gc,metaspace   ] GC(2001) Metaspace: 35491K(36224K)->35491K(36224K) NonClass: 29218K(29760K)->29218K(29760K) Class: 6272K(6464K)->6272K(6464K)
[728.462s][info][gc             ] GC(2001) Pause Young (Allocation Failure) 580M->295M(581M) 1.234ms
[728.462s][info][gc,cpu         ] GC(2001) User=0.00s Sys=0.00s Real=0.00s
[728.727s][info][gc,start       ] GC(2002) Pause Young (Allocation Failure)
[728.728s][info][gc,heap        ] GC(2002) PSYoungGen: 280640K(292352K)->64K(270336K) Eden: 280576K(280576K)->0K(269824K) From: 64K(11776K)->64K(512K)
[728.728s][info][gc,heap        ] GC(2002) ParOldGen: 302340K(302592K)->302348K(302592K)
[728.728s][info][gc,metaspace   ] GC(2002) Metaspace: 35491K(36224K)->35491K(36224K) NonClass: 29218K(29760K)->29218K(29760K) Class: 6272K(6464K)->6272K(6464K)
[728.728s][info][gc             ] GC(2002) Pause Young (Allocation Failure) 569M->295M(559M) 1.467ms
[728.728s][info][gc,cpu         ] GC(2002) User=0.00s Sys=0.00s Real=0.00s
[729.154s][info][gc,start       ] GC(2003) Pause Young (Allocation Failure)
[729.156s][info][gc,heap        ] GC(2003) PSYoungGen: 269888K(270336K)->64K(269824K) Eden: 269824K(269824K)->0K(259584K) From: 64K(512K)->64K(10240K)
[729.156s][info][gc,heap        ] GC(2003) ParOldGen: 302348K(302592K)->302356K(302592K)
[729.156s][info][gc,metaspace   ] GC(2003) Metaspace: 35491K(36224K)->35491K(36224K) NonClass: 29218K(29760K)->29218K(29760K) Class: 6272K(6464K)->6272K(6464K)
[729.156s][info][gc             ] GC(2003) Pause Young (Allocation Failure) 558M->295M(559M) 1.234ms
[729.156s][info][gc,cpu         ] GC(2003) User=0.00s Sys=0.00s Real=0.01s
[730.079s][info][gc,start       ] GC(2004) Pause Young (Allocation Failure)
[730.080s][info][gc,heap        ] GC(2004) PSYoungGen: 259648K(269824K)->64K(250368K) Eden: 259584K(259584K)->0K(249856K) From: 64K(10240K)->64K(512K)
[730.080s][info][gc,heap        ] GC(2004) ParOldGen: 302356K(302592K)->302364K(302592K)
[730.080s][info][gc,metaspace   ] GC(2004) Metaspace: 35491K(36224K)->35491K(36224K) NonClass: 29218K(29760K)->29218K(29760K) Class: 6272K(6464K)->6272K(6464K)
[730.080s][info][gc             ] GC(2004) Pause Young (Allocation Failure) 548M->295M(540M) 1.702ms
[730.080s][info][gc,cpu         ] GC(2004) User=0.00s Sys=0.00s Real=0.00s
[730.446s][info][gc,start       ] GC(2005) Pause Young (Allocation Failure)
[730.447s][info][gc,heap        ] GC(2005) PSYoungGen: 249920K(250368K)->64K(248832K) Eden: 249856K(249856K)->0K(240128K) From: 64K(512K)->64K(8704K)
[730.447s][info][gc,heap        ] GC(2005) ParOldGen: 302364K(302592K)->302372K(302592K)
[730.447s][info][gc,metaspace   ] GC(2005) Metaspace: 35491K(36224K)->35491K(36224K) NonClass: 29218K(29760K)->29218K(29760K) Class: 6272K(6464K)->6272K(6464K)
[730.447s][info][gc             ] GC(2005) Pause Young (Allocation Failure) 539M->295M(538M) 1.544ms
[730.447s][info][gc,cpu         ] GC(2005) User=0.00s Sys=0.00s Real=0.00s
[730.616s][info][gc,start       ] GC(2006) Pause Young (Allocation Failure)
[730.619s][info][gc,heap        ] GC(2006) PSYoungGen: 240192K(248832K)->64K(231424K) Eden: 240128K(240128K)->0K(230912K) From: 64K(8704K)->64K(512K)
[730.619s][info][gc,heap        ] GC(2006) ParOldGen: 302372K(302592K)->302388K(302592K)
[730.619s][info][gc,metaspace   ] GC(2006) Metaspace: 35491K(36224K)->35491K(36224K) NonClass: 29218K(29760K)->29218K(29760K) Class: 6272K(6464K)->6272K(6464K)
[730.619s][info][gc             ] GC(2006) Pause Young (Allocation Failure) 529M->295M(521M) 2.769ms
[730.619s][info][gc,cpu         ] GC(2006) User=0.00s Sys=0.00s Real=0.00s
[730.708s][info][gc,start       ] GC(2007) Pause Young (Allocation Failure)
[730.710s][info][gc,heap        ] GC(2007) PSYoungGen: 230976K(231424K)->64K(280576K) Eden: 230912K(230912K)->0K(272896K) From: 64K(512K)->64K(7680K)
[730.710s][info][gc,heap        ] GC(2007) ParOldGen: 302388K(302592K)->302404K(302592K)
[730.710s][info][gc,metaspace   ] GC(2007) Metaspace: 35491K(36224K)->35491K(36224K) NonClass: 29218K(29760K)->29218K(29760K) Class: 6272K(6464K)->6272K(6464K)
[730.710s][info][gc             ] GC(2007) Pause Young (Allocation Failure) 520M->295M(569M) 2.153ms
[730.710s][info][gc,cpu         ] GC(2007) User=0.00s Sys=0.00s Real=0.00s
[731.337s][info][gc,start       ] GC(2008) Pause Young (Allocation Failure)
[731.339s][info][gc,heap        ] GC(2008) PSYoungGen: 272960K(280576K)->64K(262656K) Eden: 272896K(272896K)->0K(262144K) From: 64K(7680K)->64K(512K)
[731.339s][info][gc,heap        ] GC(2008) ParOldGen: 302404K(302592K)->302420K(302592K)
[731.339s][info][gc,metaspace   ] GC(2008) Metaspace: 35491K(36224K)->35491K(36224K) NonClass: 29218K(29760K)->29218K(29760K) Class: 6272K(6464K)->6272K(6464K)
[731.339s][info][gc             ] GC(2008) Pause Young (Allocation Failure) 561M->295M(552M) 2.897ms
[731.339s][info][gc,cpu         ] GC(2008) User=0.01s Sys=0.01s Real=0.00s
[731.644s][info][gc,start       ] GC(2009) Pause Young (Allocation Failure)
[731.646s][info][gc,heap        ] GC(2009) PSYoungGen: 262208K(262656K)->64K(258560K) Eden: 262144K(262144K)->0K(251904K) From: 64K(512K)->64K(6656K)
[731.646s][info][gc,heap        ] GC(2009) ParOldGen: 302420K(302592K)->302436K(302592K)
[731.646s][info][gc,metaspace   ] GC(2009) Metaspace: 35491K(36224K)->35491K(36224K) NonClass: 29218K(29760K)->29218K(29760K) Class: 6272K(6464K)->6272K(6464K)
[731.646s][info][gc             ] GC(2009) Pause Young (Allocation Failure) 551M->295M(548M) 2.144ms
[731.646s][info][gc,cpu         ] GC(2009) User=0.00s Sys=0.00s Real=0.01s
[731.943s][info][gc,start       ] GC(2010) Pause Young (Allocation Failure)
[732.010s][info][gc,heap        ] GC(2010) PSYoungGen: 251968K(258560K)->6144K(272384K) Eden: 251904K(251904K)->0K(266240K) From: 64K(6656K)->6144K(6144K)
[732.010s][info][gc,heap        ] GC(2010) ParOldGen: 302436K(302592K)->320236K(320512K)
[732.010s][info][gc,metaspace   ] GC(2010) Metaspace: 35491K(36224K)->35491K(36224K) NonClass: 29218K(29760K)->29218K(29760K) Class: 6272K(6464K)->6272K(6464K)
[732.010s][info][gc             ] GC(2010) Pause Young (Allocation Failure) 541M->318M(579M) 67.750ms
[732.010s][info][gc,cpu         ] GC(2010) User=0.07s Sys=0.01s Real=0.07s
[732.283s][info][gc,start       ] GC(2011) Pause Young (Allocation Failure)
[732.342s][info][gc,heap        ] GC(2011) PSYoungGen: 272384K(272384K)->14336K(280576K) Eden: 266240K(266240K)->0K(266240K) From: 6144K(6144K)->14336K(14336K)
[732.342s][info][gc,heap        ] GC(2011) ParOldGen: 320236K(320512K)->334644K(334848K)
[732.342s][info][gc,metaspace   ] GC(2011) Metaspace: 35491K(36224K)->35491K(36224K) NonClass: 29218K(29760K)->29218K(29760K) Class: 6272K(6464K)->6272K(6464K)
[732.342s][info][gc             ] GC(2011) Pause Young (Allocation Failure) 578M->340M(601M) 58.329ms
[732.342s][info][gc,cpu         ] GC(2011) User=0.10s Sys=0.01s Real=0.06s
[732.533s][info][gc,start       ] GC(2012) Pause Young (Allocation Failure)
[732.572s][info][gc,heap        ] GC(2012) PSYoungGen: 280576K(280576K)->16928K(306176K) Eden: 266240K(266240K)->0K(283648K) From: 14336K(14336K)->16928K(22528K)
[732.572s][info][gc,heap        ] GC(2012) ParOldGen: 334644K(334848K)->335172K(335360K)
[732.572s][info][gc,metaspace   ] GC(2012) Metaspace: 35491K(36224K)->35491K(36224K) NonClass: 29218K(29760K)->29218K(29760K) Class: 6272K(6464K)->6272K(6464K)
[732.572s][info][gc             ] GC(2012) Pause Young (Allocation Failure) 600M->343M(626M) 38.908ms
[732.572s][info][gc,cpu         ] GC(2012) User=0.06s Sys=0.01s Real=0.04s
[732.809s][info][gc,start       ] GC(2013) Pause Young (Allocation Failure)
[732.810s][info][gc,heap        ] GC(2013) PSYoungGen: 300576K(306176K)->64K(308736K) Eden: 283648K(283648K)->0K(283648K) From: 16928K(22528K)->64K(25088K)
[732.810s][info][gc,heap        ] GC(2013) ParOldGen: 335172K(335360K)->335180K(335360K)
[732.810s][info][gc,metaspace   ] GC(2013) Metaspace: 35491K(36224K)->35491K(36224K) NonClass: 29218K(29760K)->29218K(29760K) Class: 6272K(6464K)->6272K(6464K)
[732.810s][info][gc             ] GC(2013) Pause Young (Allocation Failure) 620M->327M(629M) 1.374ms
[732.810s][info][gc,cpu         ] GC(2013) User=0.00s Sys=0.00s Real=0.00s
[733.493s][info][gc,start       ] GC(2014) Pause Young (Allocation Failure)
[733.494s][info][gc,heap        ] GC(2014) PSYoungGen: 283712K(308736K)->64K(306176K) Eden: 283648K(283648K)->0K(284160K) From: 64K(25088K)->64K(22016K)
[733.494s][info][gc,heap        ] GC(2014) ParOldGen: 335180K(335360K)->335188K(335360K)
[733.494s][info][gc,metaspace   ] GC(2014) Metaspace: 35493K(36224K)->35493K(36224K) NonClass: 29220K(29760K)->29220K(29760K) Class: 6272K(6464K)->6272K(6464K)
[733.494s][info][gc             ] GC(2014) Pause Young (Allocation Failure) 604M->327M(626M) 1.405ms
[733.494s][info][gc,cpu         ] GC(2014) User=0.01s Sys=0.00s Real=0.00s
[733.754s][info][gc,start       ] GC(2015) Pause Young (Allocation Failure)
[733.755s][info][gc,heap        ] GC(2015) PSYoungGen: 284224K(306176K)->64K(307712K) Eden: 284160K(284160K)->0K(284160K) From: 64K(22016K)->64K(23552K)
[733.755s][info][gc,heap        ] GC(2015) ParOldGen: 335188K(335360K)->335204K(335360K)
[733.755s][info][gc,metaspace   ] GC(2015) Metaspace: 35493K(36224K)->35493K(36224K) NonClass: 29220K(29760K)->29220K(29760K) Class: 6272K(6464K)->6272K(6464K)
[733.755s][info][gc             ] GC(2015) Pause Young (Allocation Failure) 604M->327M(628M) 1.267ms
[733.755s][info][gc,cpu         ] GC(2015) User=0.01s Sys=0.00s Real=0.01s
[734.176s][info][gc,start       ] GC(2016) Pause Young (Allocation Failure)
[734.178s][info][gc,heap        ] GC(2016) PSYoungGen: 284224K(307712K)->64K(307712K) Eden: 284160K(284160K)->0K(287232K) From: 64K(23552K)->64K(20480K)
[734.178s][info][gc,heap        ] GC(2016) ParOldGen: 335204K(335360K)->335212K(335360K)
[734.178s][info][gc,metaspace   ] GC(2016) Metaspace: 35493K(36224K)->35493K(36224K) NonClass: 29220K(29760K)->29220K(29760K) Class: 6272K(6464K)->6272K(6464K)
[734.178s][info][gc             ] GC(2016) Pause Young (Allocation Failure) 604M->327M(628M) 1.440ms
[734.178s][info][gc,cpu         ] GC(2016) User=0.01s Sys=0.00s Real=0.00s
[734.396s][info][gc,start       ] GC(2017) Pause Young (Allocation Failure)
[734.397s][info][gc,heap        ] GC(2017) PSYoungGen: 287296K(307712K)->64K(309248K) Eden: 287232K(287232K)->0K(287232K) From: 64K(20480K)->64K(22016K)
[734.397s][info][gc,heap        ] GC(2017) ParOldGen: 335212K(335360K)->335228K(335360K)
[734.397s][info][gc,metaspace   ] GC(2017) Metaspace: 35493K(36224K)->35493K(36224K) NonClass: 29220K(29760K)->29220K(29760K) Class: 6272K(6464K)->6272K(6464K)
[734.397s][info][gc             ] GC(2017) Pause Young (Allocation Failure) 607M->327M(629M) 1.426ms
[734.397s][info][gc,cpu         ] GC(2017) User=0.00s Sys=0.00s Real=0.00s
[734.614s][info][gc,start       ] GC(2018) Pause Young (Allocation Failure)
[734.616s][info][gc,heap        ] GC(2018) PSYoungGen: 287296K(309248K)->64K(309248K) Eden: 287232K(287232K)->0K(290816K) From: 64K(22016K)->64K(18432K)
[734.616s][info][gc,heap        ] GC(2018) ParOldGen: 335228K(335360K)->335228K(335360K)
[734.616s][info][gc,metaspace   ] GC(2018) Metaspace: 35493K(36224K)->35493K(36224K) NonClass: 29220K(29760K)->29220K(29760K) Class: 6272K(6464K)->6272K(6464K)
[734.616s][info][gc             ] GC(2018) Pause Young (Allocation Failure) 607M->327M(629M) 1.363ms
[734.616s][info][gc,cpu         ] GC(2018) User=0.00s Sys=0.00s Real=0.01s
[734.908s][info][gc,start       ] GC(2019) Pause Young (Allocation Failure)
[734.910s][info][gc,heap        ] GC(2019) PSYoungGen: 290880K(309248K)->64K(310784K) Eden: 290816K(290816K)->0K(290816K) From: 64K(18432K)->64K(19968K)
[734.910s][info][gc,heap        ] GC(2019) ParOldGen: 335228K(335360K)->335228K(335360K)
[734.910s][info][gc,metaspace   ] GC(2019) Metaspace: 35493K(36224K)->35493K(36224K) NonClass: 29220K(29760K)->29220K(29760K) Class: 6272K(6464K)->6272K(6464K)
[734.910s][info][gc             ] GC(2019) Pause Young (Allocation Failure) 611M->327M(631M) 1.344ms
[734.910s][info][gc,cpu         ] GC(2019) User=0.00s Sys=0.00s Real=0.00s
[734.964s][info][gc,start       ] GC(2020) Pause Young (Allocation Failure)
[734.965s][info][gc,heap        ] GC(2020) PSYoungGen: 290880K(310784K)->64K(311296K) Eden: 290816K(290816K)->0K(294912K) From: 64K(19968K)->64K(16384K)
[734.965s][info][gc,heap        ] GC(2020) ParOldGen: 335228K(335360K)->335244K(335360K)
[734.965s][info][gc,metaspace   ] GC(2020) Metaspace: 35493K(36224K)->35493K(36224K) NonClass: 29220K(29760K)->29220K(29760K) Class: 6272K(6464K)->6272K(6464K)
[734.965s][info][gc             ] GC(2020) Pause Young (Allocation Failure) 611M->327M(631M) 1.355ms
[734.965s][info][gc,cpu         ] GC(2020) User=0.00s Sys=0.00s Real=0.01s
[735.074s][info][gc,start       ] GC(2021) Pause Young (Allocation Failure)
[735.075s][info][gc,heap        ] GC(2021) PSYoungGen: 294976K(311296K)->64K(312832K) Eden: 294912K(294912K)->0K(294912K) From: 64K(16384K)->64K(17920K)
[735.075s][info][gc,heap        ] GC(2021) ParOldGen: 335244K(335360K)->335244K(335360K)
[735.075s][info][gc,metaspace   ] GC(2021) Metaspace: 35493K(36224K)->35493K(36224K) NonClass: 29220K(29760K)->29220K(29760K) Class: 6272K(6464K)->6272K(6464K)
[735.075s][info][gc             ] GC(2021) Pause Young (Allocation Failure) 615M->327M(633M) 1.338ms
[735.075s][info][gc,cpu         ] GC(2021) User=0.01s Sys=0.00s Real=0.00s
[735.424s][info][gc,start       ] GC(2022) Pause Young (Allocation Failure)
[735.425s][info][gc,heap        ] GC(2022) PSYoungGen: 294976K(312832K)->32K(313344K) Eden: 294912K(294912K)->0K(299008K) From: 64K(17920K)->32K(14336K)
[735.425s][info][gc,heap        ] GC(2022) ParOldGen: 335244K(335360K)->335260K(335360K)
[735.425s][info][gc,metaspace   ] GC(2022) Metaspace: 35493K(36224K)->35493K(36224K) NonClass: 29220K(29760K)->29220K(29760K) Class: 6272K(6464K)->6272K(6464K)
[735.425s][info][gc             ] GC(2022) Pause Young (Allocation Failure) 615M->327M(633M) 1.432ms
[735.425s][info][gc,cpu         ] GC(2022) User=0.01s Sys=0.00s Real=0.00s
[735.653s][info][gc,start       ] GC(2023) Pause Young (Allocation Failure)
[735.654s][info][gc,heap        ] GC(2023) PSYoungGen: 299040K(313344K)->64K(314880K) Eden: 299008K(299008K)->0K(299008K) From: 32K(14336K)->64K(15872K)
[735.654s][info][gc,heap        ] GC(2023) ParOldGen: 335260K(335360K)->335260K(335360K)
[735.654s][info][gc,metaspace   ] GC(2023) Metaspace: 35493K(36224K)->35493K(36224K) NonClass: 29220K(29760K)->29220K(29760K) Class: 6272K(6464K)->6272K(6464K)
[735.654s][info][gc             ] GC(2023) Pause Young (Allocation Failure) 619M->327M(635M) 1.444ms
[735.654s][info][gc,cpu         ] GC(2023) User=0.00s Sys=0.00s Real=0.00s
[735.734s][info][gc,start       ] GC(2024) Pause Young (Allocation Failure)
[735.735s][info][gc,heap        ] GC(2024) PSYoungGen: 299072K(314880K)->64K(316416K) Eden: 299008K(299008K)->0K(303104K) From: 64K(15872K)->64K(13312K)
[735.735s][info][gc,heap        ] GC(2024) ParOldGen: 335260K(335360K)->335276K(335360K)
[735.735s][info][gc,metaspace   ] GC(2024) Metaspace: 35493K(36224K)->35493K(36224K) NonClass: 29220K(29760K)->29220K(29760K) Class: 6272K(6464K)->6272K(6464K)
[735.735s][info][gc             ] GC(2024) Pause Young (Allocation Failure) 619M->327M(636M) 1.410ms
[735.735s][info][gc,cpu         ] GC(2024) User=0.00s Sys=0.00s Real=0.00s
[735.890s][info][gc,start       ] GC(2025) Pause Young (Allocation Failure)
[735.891s][info][gc,heap        ] GC(2025) PSYoungGen: 303168K(316416K)->64K(317440K) Eden: 303104K(303104K)->0K(303104K) From: 64K(13312K)->64K(14336K)
[735.891s][info][gc,heap        ] GC(2025) ParOldGen: 335276K(335360K)->335276K(335360K)
[735.891s][info][gc,metaspace   ] GC(2025) Metaspace: 35493K(36224K)->35493K(36224K) NonClass: 29220K(29760K)->29220K(29760K) Class: 6272K(6464K)->6272K(6464K)
[735.891s][info][gc             ] GC(2025) Pause Young (Allocation Failure) 623M->327M(637M) 1.365ms
[735.891s][info][gc,cpu         ] GC(2025) User=0.01s Sys=0.00s Real=0.00s
[736.287s][info][gc,start       ] GC(2026) Pause Young (Allocation Failure)
[736.288s][info][gc,heap        ] GC(2026) PSYoungGen: 303168K(317440K)->64K(317440K) Eden: 303104K(303104K)->0K(306176K) From: 64K(14336K)->64K(11264K)
[736.288s][info][gc,heap        ] GC(2026) ParOldGen: 335276K(335360K)->335284K(335360K)
[736.288s][info][gc,metaspace   ] GC(2026) Metaspace: 35493K(36224K)->35493K(36224K) NonClass: 29220K(29760K)->29220K(29760K) Class: 6272K(6464K)->6272K(6464K)
[736.288s][info][gc             ] GC(2026) Pause Young (Allocation Failure) 623M->327M(637M) 1.378ms
[736.288s][info][gc,cpu         ] GC(2026) User=0.00s Sys=0.00s Real=0.00s
[736.979s][info][gc,start       ] GC(2027) Pause Young (Allocation Failure)
[736.980s][info][gc,heap        ] GC(2027) PSYoungGen: 306240K(317440K)->64K(294400K) Eden: 306176K(306176K)->0K(293888K) From: 64K(11264K)->64K(512K)
[736.980s][info][gc,heap        ] GC(2027) ParOldGen: 335284K(335360K)->335292K(335360K)
[736.980s][info][gc,metaspace   ] GC(2027) Metaspace: 35493K(36224K)->35493K(36224K) NonClass: 29220K(29760K)->29220K(29760K) Class: 6272K(6464K)->6272K(6464K)
[736.980s][info][gc             ] GC(2027) Pause Young (Allocation Failure) 626M->327M(615M) 1.943ms
[736.980s][info][gc,cpu         ] GC(2027) User=0.00s Sys=0.00s Real=0.00s
[737.960s][info][gc,start       ] GC(2028) Pause Young (Allocation Failure)
[737.962s][info][gc,heap        ] GC(2028) PSYoungGen: 293952K(294400K)->64K(282624K) Eden: 293888K(293888K)->0K(282112K) From: 64K(512K)->64K(512K)
[737.962s][info][gc,heap        ] GC(2028) ParOldGen: 335292K(335360K)->335300K(335360K)
[737.962s][info][gc,metaspace   ] GC(2028) Metaspace: 35493K(36224K)->35493K(36224K) NonClass: 29220K(29760K)->29220K(29760K) Class: 6272K(6464K)->6272K(6464K)
[737.962s][info][gc             ] GC(2028) Pause Young (Allocation Failure) 614M->327M(603M) 1.923ms
[737.962s][info][gc,cpu         ] GC(2028) User=0.01s Sys=0.00s Real=0.00s
[738.410s][info][gc,start       ] GC(2029) Pause Young (Allocation Failure)
[738.412s][info][gc,heap        ] GC(2029) PSYoungGen: 282176K(282624K)->64K(281600K) Eden: 282112K(282112K)->0K(270848K) From: 64K(512K)->64K(10752K)
[738.412s][info][gc,heap        ] GC(2029) ParOldGen: 335300K(335360K)->335308K(335360K)
[738.412s][info][gc,metaspace   ] GC(2029) Metaspace: 35493K(36224K)->35493K(36224K) NonClass: 29220K(29760K)->29220K(29760K) Class: 6272K(6464K)->6272K(6464K)
[738.412s][info][gc             ] GC(2029) Pause Young (Allocation Failure) 603M->327M(602M) 1.344ms
[738.412s][info][gc,cpu         ] GC(2029) User=0.00s Sys=0.00s Real=0.00s
[739.371s][info][gc,start       ] GC(2030) Pause Young (Allocation Failure)
[739.373s][info][gc,heap        ] GC(2030) PSYoungGen: 270912K(281600K)->64K(260608K) Eden: 270848K(270848K)->0K(260096K) From: 64K(10752K)->64K(512K)
[739.373s][info][gc,heap        ] GC(2030) ParOldGen: 335308K(335360K)->335316K(335360K)
[739.373s][info][gc,metaspace   ] GC(2030) Metaspace: 35493K(36224K)->35493K(36224K) NonClass: 29220K(29760K)->29220K(29760K) Class: 6272K(6464K)->6272K(6464K)
[739.373s][info][gc             ] GC(2030) Pause Young (Allocation Failure) 592M->327M(582M) 1.871ms
[739.373s][info][gc,cpu         ] GC(2030) User=0.00s Sys=0.00s Real=0.00s
[739.770s][info][gc,start       ] GC(2031) Pause Young (Allocation Failure)
[739.771s][info][gc,heap        ] GC(2031) PSYoungGen: 260160K(260608K)->64K(259072K) Eden: 260096K(260096K)->0K(249856K) From: 64K(512K)->64K(9216K)
[739.771s][info][gc,heap        ] GC(2031) ParOldGen: 335316K(335360K)->335324K(335360K)
[739.771s][info][gc,metaspace   ] GC(2031) Metaspace: 35493K(36224K)->35493K(36224K) NonClass: 29220K(29760K)->29220K(29760K) Class: 6272K(6464K)->6272K(6464K)
[739.771s][info][gc             ] GC(2031) Pause Young (Allocation Failure) 581M->327M(580M) 1.758ms
[739.771s][info][gc,cpu         ] GC(2031) User=0.00s Sys=0.00s Real=0.00s
[739.978s][info][gc,start       ] GC(2032) Pause Young (Allocation Failure)
[739.980s][info][gc,heap        ] GC(2032) PSYoungGen: 249920K(259072K)->64K(240640K) Eden: 249856K(249856K)->0K(240128K) From: 64K(9216K)->64K(512K)
[739.980s][info][gc,heap        ] GC(2032) ParOldGen: 335324K(335360K)->335332K(335360K)
[739.980s][info][gc,metaspace   ] GC(2032) Metaspace: 35493K(36224K)->35493K(36224K) NonClass: 29220K(29760K)->29220K(29760K) Class: 6272K(6464K)->6272K(6464K)
[739.980s][info][gc             ] GC(2032) Pause Young (Allocation Failure) 571M->327M(562M) 2.099ms
[739.980s][info][gc,cpu         ] GC(2032) User=0.00s Sys=0.01s Real=0.00s
[740.054s][info][gc,start       ] GC(2033) Pause Young (Allocation Failure)
[740.055s][info][gc,heap        ] GC(2033) PSYoungGen: 240192K(240640K)->64K(239104K) Eden: 240128K(240128K)->0K(230912K) From: 64K(512K)->64K(8192K)
[740.055s][info][gc,heap        ] GC(2033) ParOldGen: 335332K(335360K)->335340K(335360K)
[740.055s][info][gc,metaspace   ] GC(2033) Metaspace: 35493K(36224K)->35493K(36224K) NonClass: 29220K(29760K)->29220K(29760K) Class: 6272K(6464K)->6272K(6464K)
[740.055s][info][gc             ] GC(2033) Pause Young (Allocation Failure) 562M->327M(561M) 1.660ms
[740.055s][info][gc,cpu         ] GC(2033) User=0.00s Sys=0.00s Real=0.01s
[740.549s][info][gc,start       ] GC(2034) Pause Young (Allocation Failure)
[740.551s][info][gc,heap        ] GC(2034) PSYoungGen: 230976K(239104K)->64K(222720K) Eden: 230912K(230912K)->0K(222208K) From: 64K(8192K)->64K(512K)
[740.552s][info][gc,heap        ] GC(2034) ParOldGen: 335340K(335360K)->335348K(335360K)
[740.552s][info][gc,metaspace   ] GC(2034) Metaspace: 35493K(36224K)->35493K(36224K) NonClass: 29220K(29760K)->29220K(29760K) Class: 6272K(6464K)->6272K(6464K)
[740.552s][info][gc             ] GC(2034) Pause Young (Allocation Failure) 553M->327M(545M) 3.017ms
[740.552s][info][gc,cpu         ] GC(2034) User=0.00s Sys=0.00s Real=0.00s
[740.797s][info][gc,start       ] GC(2035) Pause Young (Allocation Failure)
[740.799s][info][gc,heap        ] GC(2035) PSYoungGen: 222272K(222720K)->64K(221184K) Eden: 222208K(222208K)->0K(214016K) From: 64K(512K)->64K(7168K)
[740.799s][info][gc,heap        ] GC(2035) ParOldGen: 335348K(335360K)->335356K(335360K)
[740.799s][info][gc,metaspace   ] GC(2035) Metaspace: 35493K(36224K)->35493K(36224K) NonClass: 29220K(29760K)->29220K(29760K) Class: 6272K(6464K)->6272K(6464K)
[740.799s][info][gc             ] GC(2035) Pause Young (Allocation Failure) 544M->327M(543M) 2.326ms
[740.799s][info][gc,cpu         ] GC(2035) User=0.00s Sys=0.00s Real=0.00s
[741.154s][info][gc,start       ] GC(2036) Pause Young (Allocation Failure)
[741.165s][info][gc,heap        ] GC(2036) PSYoungGen: 214080K(221184K)->5952K(260096K) Eden: 214016K(214016K)->0K(253952K) From: 64K(7168K)->5952K(6144K)
[741.165s][info][gc,heap        ] GC(2036) ParOldGen: 335356K(335360K)->335364K(335872K)
[741.165s][info][gc,metaspace   ] GC(2036) Metaspace: 35493K(36224K)->35493K(36224K) NonClass: 29220K(29760K)->29220K(29760K) Class: 6272K(6464K)->6272K(6464K)
[741.165s][info][gc             ] GC(2036) Pause Young (Allocation Failure) 536M->333M(582M) 10.647ms
[741.165s][info][gc,cpu         ] GC(2036) User=0.02s Sys=0.00s Real=0.01s
[741.426s][info][gc,start       ] GC(2037) Pause Young (Allocation Failure)
[741.480s][info][gc,heap        ] GC(2037) PSYoungGen: 259904K(260096K)->8192K(274944K) Eden: 253952K(253952K)->0K(266752K) From: 5952K(6144K)->8192K(8192K)
[741.480s][info][gc,heap        ] GC(2037) ParOldGen: 335364K(335872K)->353964K(354304K)
[741.480s][info][gc,metaspace   ] GC(2037) Metaspace: 35493K(36224K)->35493K(36224K) NonClass: 29220K(29760K)->29220K(29760K) Class: 6272K(6464K)->6272K(6464K)
[741.480s][info][gc             ] GC(2037) Pause Young (Allocation Failure) 581M->353M(614M) 53.421ms
[741.480s][info][gc,cpu         ] GC(2037) User=0.09s Sys=0.01s Real=0.05s
[741.752s][info][gc,start       ] GC(2038) Pause Young (Allocation Failure)
[741.818s][info][gc,heap        ] GC(2038) PSYoungGen: 274944K(274944K)->16896K(301568K) Eden: 266752K(266752K)->0K(284672K) From: 8192K(8192K)->16896K(16896K)
[741.818s][info][gc,heap        ] GC(2038) ParOldGen: 353964K(354304K)->365884K(366080K)
[741.818s][info][gc,metaspace   ] GC(2038) Metaspace: 35493K(36224K)->35493K(36224K) NonClass: 29220K(29760K)->29220K(29760K) Class: 6272K(6464K)->6272K(6464K)
[741.818s][info][gc             ] GC(2038) Pause Young (Allocation Failure) 614M->373M(652M) 65.489ms
[741.818s][info][gc,cpu         ] GC(2038) User=0.11s Sys=0.02s Real=0.07s
[741.953s][info][gc,start       ] GC(2039) Pause Young (Allocation Failure)
[741.974s][info][gc,heap        ] GC(2039) PSYoungGen: 301568K(301568K)->8128K(309248K) Eden: 284672K(284672K)->0K(284672K) From: 16896K(16896K)->8128K(24576K)
[741.974s][info][gc,heap        ] GC(2039) ParOldGen: 365884K(366080K)->366316K(366592K)
[741.974s][info][gc,metaspace   ] GC(2039) Metaspace: 35493K(36224K)->35493K(36224K) NonClass: 29220K(29760K)->29220K(29760K) Class: 6272K(6464K)->6272K(6464K)
[741.974s][info][gc             ] GC(2039) Pause Young (Allocation Failure) 651M->365M(660M) 20.463ms
[741.974s][info][gc,cpu         ] GC(2039) User=0.02s Sys=0.01s Real=0.02s
[742.440s][info][gc,start       ] GC(2040) Pause Young (Allocation Failure)
[742.441s][info][gc,heap        ] GC(2040) PSYoungGen: 292800K(309248K)->64K(307200K) Eden: 284672K(284672K)->0K(285696K) From: 8128K(24576K)->64K(21504K)
[742.441s][info][gc,heap        ] GC(2040) ParOldGen: 366316K(366592K)->366324K(366592K)
[742.441s][info][gc,metaspace   ] GC(2040) Metaspace: 35493K(36224K)->35493K(36224K) NonClass: 29220K(29760K)->29220K(29760K) Class: 6272K(6464K)->6272K(6464K)
[742.441s][info][gc             ] GC(2040) Pause Young (Allocation Failure) 643M->357M(658M) 1.693ms
[742.441s][info][gc,cpu         ] GC(2040) User=0.00s Sys=0.00s Real=0.00s
[743.001s][info][gc,start       ] GC(2041) Pause Young (Allocation Failure)
[743.002s][info][gc,heap        ] GC(2041) PSYoungGen: 285760K(307200K)->64K(308736K) Eden: 285696K(285696K)->0K(285696K) From: 64K(21504K)->64K(23040K)
[743.002s][info][gc,heap        ] GC(2041) ParOldGen: 366324K(366592K)->366332K(366592K)
[743.002s][info][gc,metaspace   ] GC(2041) Metaspace: 35494K(36224K)->35494K(36224K) NonClass: 29221K(29760K)->29221K(29760K) Class: 6272K(6464K)->6272K(6464K)
[743.002s][info][gc             ] GC(2041) Pause Young (Allocation Failure) 636M->357M(659M) 1.468ms
[743.002s][info][gc,cpu         ] GC(2041) User=0.00s Sys=0.00s Real=0.00s
[743.433s][info][gc,start       ] GC(2042) Pause Young (Allocation Failure)
[743.434s][info][gc,heap        ] GC(2042) PSYoungGen: 285760K(308736K)->64K(308224K) Eden: 285696K(285696K)->0K(288256K) From: 64K(23040K)->64K(19968K)
[743.434s][info][gc,heap        ] GC(2042) ParOldGen: 366332K(366592K)->366348K(366592K)
[743.434s][info][gc,metaspace   ] GC(2042) Metaspace: 35494K(36224K)->35494K(36224K) NonClass: 29221K(29760K)->29221K(29760K) Class: 6272K(6464K)->6272K(6464K)
[743.434s][info][gc             ] GC(2042) Pause Young (Allocation Failure) 636M->357M(659M) 1.593ms
[743.434s][info][gc,cpu         ] GC(2042) User=0.00s Sys=0.00s Real=0.00s
[743.654s][info][gc,start       ] GC(2043) Pause Young (Allocation Failure)
[743.655s][info][gc,heap        ] GC(2043) PSYoungGen: 288320K(308224K)->64K(309760K) Eden: 288256K(288256K)->0K(288256K) From: 64K(19968K)->64K(21504K)
[743.655s][info][gc,heap        ] GC(2043) ParOldGen: 366348K(366592K)->366364K(366592K)
[743.655s][info][gc,metaspace   ] GC(2043) Metaspace: 35494K(36224K)->35494K(36224K) NonClass: 29221K(29760K)->29221K(29760K) Class: 6272K(6464K)->6272K(6464K)
[743.655s][info][gc             ] GC(2043) Pause Young (Allocation Failure) 639M->357M(660M) 1.466ms
[743.655s][info][gc,cpu         ] GC(2043) User=0.00s Sys=0.00s Real=0.01s
[743.873s][info][gc,start       ] GC(2044) Pause Young (Allocation Failure)
[743.875s][info][gc,heap        ] GC(2044) PSYoungGen: 288320K(309760K)->64K(310784K) Eden: 288256K(288256K)->0K(291840K) From: 64K(21504K)->64K(18944K)
[743.875s][info][gc,heap        ] GC(2044) ParOldGen: 366364K(366592K)->366364K(366592K)
[743.875s][info][gc,metaspace   ] GC(2044) Metaspace: 35494K(36224K)->35494K(36224K) NonClass: 29221K(29760K)->29221K(29760K) Class: 6272K(6464K)->6272K(6464K)
[743.875s][info][gc             ] GC(2044) Pause Young (Allocation Failure) 639M->357M(661M) 1.444ms
[743.875s][info][gc,cpu         ] GC(2044) User=0.00s Sys=0.00s Real=0.00s
[744.227s][info][gc,start       ] GC(2045) Pause Young (Allocation Failure)
[744.228s][info][gc,heap        ] GC(2045) PSYoungGen: 291904K(310784K)->64K(311808K) Eden: 291840K(291840K)->0K(291840K) From: 64K(18944K)->64K(19968K)
[744.228s][info][gc,heap        ] GC(2045) ParOldGen: 366364K(366592K)->366364K(366592K)
[744.228s][info][gc,metaspace   ] GC(2045) Metaspace: 35494K(36224K)->35494K(36224K) NonClass: 29221K(29760K)->29221K(29760K) Class: 6272K(6464K)->6272K(6464K)
[744.228s][info][gc             ] GC(2045) Pause Young (Allocation Failure) 642M->357M(662M) 1.446ms
[744.228s][info][gc,cpu         ] GC(2045) User=0.00s Sys=0.00s Real=0.00s
[744.317s][info][gc,start       ] GC(2046) Pause Young (Allocation Failure)
[744.319s][info][gc,heap        ] GC(2046) PSYoungGen: 291904K(311808K)->64K(311808K) Eden: 291840K(291840K)->0K(294912K) From: 64K(19968K)->64K(16896K)
[744.319s][info][gc,heap        ] GC(2046) ParOldGen: 366364K(366592K)->366372K(366592K)
[744.319s][info][gc,metaspace   ] GC(2046) Metaspace: 35494K(36224K)->35494K(36224K) NonClass: 29221K(29760K)->29221K(29760K) Class: 6272K(6464K)->6272K(6464K)
[744.319s][info][gc             ] GC(2046) Pause Young (Allocation Failure) 642M->357M(662M) 1.505ms
[744.319s][info][gc,cpu         ] GC(2046) User=0.00s Sys=0.00s Real=0.00s
[744.374s][info][gc,start       ] GC(2047) Pause Young (Allocation Failure)
[744.376s][info][gc,heap        ] GC(2047) PSYoungGen: 294976K(311808K)->64K(312832K) Eden: 294912K(294912K)->0K(294912K) From: 64K(16896K)->64K(17920K)
[744.376s][info][gc,heap        ] GC(2047) ParOldGen: 366372K(366592K)->366388K(366592K)
[744.376s][info][gc,metaspace   ] GC(2047) Metaspace: 35494K(36224K)->35494K(36224K) NonClass: 29221K(29760K)->29221K(29760K) Class: 6272K(6464K)->6272K(6464K)
[744.376s][info][gc             ] GC(2047) Pause Young (Allocation Failure) 645M->357M(663M) 1.405ms
[744.376s][info][gc,cpu         ] GC(2047) User=0.00s Sys=0.00s Real=0.01s
[744.602s][info][gc,start       ] GC(2048) Pause Young (Allocation Failure)
[744.603s][info][gc,heap        ] GC(2048) PSYoungGen: 294976K(312832K)->64K(313856K) Eden: 294912K(294912K)->0K(299008K) From: 64K(17920K)->64K(14848K)
[744.603s][info][gc,heap        ] GC(2048) ParOldGen: 366388K(366592K)->366388K(366592K)
[744.603s][info][gc,metaspace   ] GC(2048) Metaspace: 35494K(36224K)->35494K(36224K) NonClass: 29221K(29760K)->29221K(29760K) Class: 6272K(6464K)->6272K(6464K)
[744.603s][info][gc             ] GC(2048) Pause Young (Allocation Failure) 645M->357M(664M) 1.470ms
[744.603s][info][gc,cpu         ] GC(2048) User=0.00s Sys=0.00s Real=0.00s
[744.924s][info][gc,start       ] GC(2049) Pause Young (Allocation Failure)
[744.925s][info][gc,heap        ] GC(2049) PSYoungGen: 299072K(313856K)->64K(314880K) Eden: 299008K(299008K)->0K(299008K) From: 64K(14848K)->64K(15872K)
[744.925s][info][gc,heap        ] GC(2049) ParOldGen: 366388K(366592K)->366396K(366592K)
[744.926s][info][gc,metaspace   ] GC(2049) Metaspace: 35494K(36224K)->35494K(36224K) NonClass: 29221K(29760K)->29221K(29760K) Class: 6272K(6464K)->6272K(6464K)
[744.926s][info][gc             ] GC(2049) Pause Young (Allocation Failure) 649M->357M(665M) 1.531ms
[744.926s][info][gc,cpu         ] GC(2049) User=0.01s Sys=0.00s Real=0.01s
[745.070s][info][gc,start       ] GC(2050) Pause Young (Allocation Failure)
[745.072s][info][gc,heap        ] GC(2050) PSYoungGen: 299072K(314880K)->64K(315392K) Eden: 299008K(299008K)->0K(302592K) From: 64K(15872K)->64K(12800K)
[745.072s][info][gc,heap        ] GC(2050) ParOldGen: 366396K(366592K)->366404K(366592K)
[745.072s][info][gc,metaspace   ] GC(2050) Metaspace: 35494K(36224K)->35494K(36224K) NonClass: 29221K(29760K)->29221K(29760K) Class: 6272K(6464K)->6272K(6464K)
[745.072s][info][gc             ] GC(2050) Pause Young (Allocation Failure) 649M->357M(666M) 1.466ms
[745.072s][info][gc,cpu         ] GC(2050) User=0.00s Sys=0.00s Real=0.00s
[745.156s][info][gc,start       ] GC(2051) Pause Young (Allocation Failure)
[745.158s][info][gc,heap        ] GC(2051) PSYoungGen: 302656K(315392K)->64K(316928K) Eden: 302592K(302592K)->0K(302592K) From: 64K(12800K)->64K(14336K)
[745.158s][info][gc,heap        ] GC(2051) ParOldGen: 366404K(366592K)->366412K(366592K)
[745.158s][info][gc,metaspace   ] GC(2051) Metaspace: 35494K(36224K)->35494K(36224K) NonClass: 29221K(29760K)->29221K(29760K) Class: 6272K(6464K)->6272K(6464K)
[745.158s][info][gc             ] GC(2051) Pause Young (Allocation Failure) 653M->357M(667M) 1.411ms
[745.158s][info][gc,cpu         ] GC(2051) User=0.00s Sys=0.00s Real=0.00s
[745.358s][info][gc,start       ] GC(2052) Pause Young (Allocation Failure)
[745.359s][info][gc,heap        ] GC(2052) PSYoungGen: 302656K(316928K)->64K(317952K) Eden: 302592K(302592K)->0K(306176K) From: 64K(14336K)->64K(11776K)
[745.360s][info][gc,heap        ] GC(2052) ParOldGen: 366412K(366592K)->366420K(366592K)
[745.360s][info][gc,metaspace   ] GC(2052) Metaspace: 35494K(36224K)->35494K(36224K) NonClass: 29221K(29760K)->29221K(29760K) Class: 6272K(6464K)->6272K(6464K)
[745.360s][info][gc             ] GC(2052) Pause Young (Allocation Failure) 653M->357M(668M) 1.358ms
[745.360s][info][gc,cpu         ] GC(2052) User=0.01s Sys=0.00s Real=0.00s
[746.346s][info][gc,start       ] GC(2053) Pause Young (Allocation Failure)
[746.348s][info][gc,heap        ] GC(2053) PSYoungGen: 306240K(317952K)->64K(294400K) Eden: 306176K(306176K)->0K(293888K) From: 64K(11776K)->64K(512K)
[746.348s][info][gc,heap        ] GC(2053) ParOldGen: 366420K(366592K)->366428K(366592K)
[746.348s][info][gc,metaspace   ] GC(2053) Metaspace: 35494K(36224K)->35494K(36224K) NonClass: 29221K(29760K)->29221K(29760K) Class: 6272K(6464K)->6272K(6464K)
[746.349s][info][gc             ] GC(2053) Pause Young (Allocation Failure) 656M->357M(645M) 2.167ms
[746.349s][info][gc,cpu         ] GC(2053) User=0.00s Sys=0.00s Real=0.00s
[747.223s][info][gc,start       ] GC(2054) Pause Young (Allocation Failure)
[747.225s][info][gc,heap        ] GC(2054) PSYoungGen: 293952K(294400K)->64K(282624K) Eden: 293888K(293888K)->0K(282112K) From: 64K(512K)->64K(512K)
[747.225s][info][gc,heap        ] GC(2054) ParOldGen: 366428K(366592K)->366436K(366592K)
[747.225s][info][gc,metaspace   ] GC(2054) Metaspace: 35494K(36224K)->35494K(36224K) NonClass: 29221K(29760K)->29221K(29760K) Class: 6272K(6464K)->6272K(6464K)
[747.225s][info][gc             ] GC(2054) Pause Young (Allocation Failure) 644M->357M(634M) 1.723ms
[747.225s][info][gc,cpu         ] GC(2054) User=0.00s Sys=0.00s Real=0.00s
[747.497s][info][gc,start       ] GC(2055) Pause Young (Allocation Failure)
[747.499s][info][gc,heap        ] GC(2055) PSYoungGen: 282176K(282624K)->64K(282112K) Eden: 282112K(282112K)->0K(270848K) From: 64K(512K)->64K(11264K)
[747.499s][info][gc,heap        ] GC(2055) ParOldGen: 366436K(366592K)->366444K(366592K)
[747.499s][info][gc,metaspace   ] GC(2055) Metaspace: 35494K(36224K)->35494K(36224K) NonClass: 29221K(29760K)->29221K(29760K) Class: 6272K(6464K)->6272K(6464K)
[747.499s][info][gc             ] GC(2055) Pause Young (Allocation Failure) 633M->357M(633M) 1.380ms
[747.499s][info][gc,cpu         ] GC(2055) User=0.00s Sys=0.00s Real=0.00s
[747.931s][info][gc,start       ] GC(2056) Pause Young (Allocation Failure)
[747.933s][info][gc,heap        ] GC(2056) PSYoungGen: 270912K(282112K)->64K(260608K) Eden: 270848K(270848K)->0K(260096K) From: 64K(11264K)->64K(512K)
[747.933s][info][gc,heap        ] GC(2056) ParOldGen: 366444K(366592K)->366452K(366592K)
[747.933s][info][gc,metaspace   ] GC(2056) Metaspace: 35494K(36224K)->35494K(36224K) NonClass: 29221K(29760K)->29221K(29760K) Class: 6272K(6464K)->6272K(6464K)
[747.933s][info][gc             ] GC(2056) Pause Young (Allocation Failure) 622M->357M(612M) 2.030ms
[747.933s][info][gc,cpu         ] GC(2056) User=0.00s Sys=0.00s Real=0.00s
[748.844s][info][gc,start       ] GC(2057) Pause Young (Allocation Failure)
[748.845s][info][gc,heap        ] GC(2057) PSYoungGen: 260160K(260608K)->64K(259584K) Eden: 260096K(260096K)->0K(249856K) From: 64K(512K)->64K(9728K)
[748.845s][info][gc,heap        ] GC(2057) ParOldGen: 366452K(366592K)->366460K(366592K)
[748.845s][info][gc,metaspace   ] GC(2057) Metaspace: 35494K(36224K)->35494K(36224K) NonClass: 29221K(29760K)->29221K(29760K) Class: 6272K(6464K)->6272K(6464K)
[748.845s][info][gc             ] GC(2057) Pause Young (Allocation Failure) 611M->357M(611M) 1.457ms
[748.845s][info][gc,cpu         ] GC(2057) User=0.01s Sys=0.00s Real=0.01s
[749.211s][info][gc,start       ] GC(2058) Pause Young (Allocation Failure)
[749.213s][info][gc,heap        ] GC(2058) PSYoungGen: 249920K(259584K)->64K(240640K) Eden: 249856K(249856K)->0K(240128K) From: 64K(9728K)->64K(512K)
[749.213s][info][gc,heap        ] GC(2058) ParOldGen: 366460K(366592K)->366468K(366592K)
[749.213s][info][gc,metaspace   ] GC(2058) Metaspace: 35494K(36224K)->35494K(36224K) NonClass: 29221K(29760K)->29221K(29760K) Class: 6272K(6464K)->6272K(6464K)
[749.214s][info][gc             ] GC(2058) Pause Young (Allocation Failure) 601M->357M(593M) 2.652ms
[749.214s][info][gc,cpu         ] GC(2058) User=0.00s Sys=0.00s Real=0.00s
[749.385s][info][gc,start       ] GC(2059) Pause Young (Allocation Failure)
[749.386s][info][gc,heap        ] GC(2059) PSYoungGen: 240192K(240640K)->64K(239104K) Eden: 240128K(240128K)->0K(230912K) From: 64K(512K)->64K(8192K)
[749.386s][info][gc,heap        ] GC(2059) ParOldGen: 366468K(366592K)->366476K(366592K)
[749.386s][info][gc,metaspace   ] GC(2059) Metaspace: 35494K(36224K)->35494K(36224K) NonClass: 29221K(29760K)->29221K(29760K) Class: 6272K(6464K)->6272K(6464K)
[749.387s][info][gc             ] GC(2059) Pause Young (Allocation Failure) 592M->357M(591M) 1.940ms
[749.387s][info][gc,cpu         ] GC(2059) User=0.00s Sys=0.00s Real=0.01s
[749.479s][info][gc,start       ] GC(2060) Pause Young (Allocation Failure)
[749.481s][info][gc,heap        ] GC(2060) PSYoungGen: 230976K(239104K)->64K(222720K) Eden: 230912K(230912K)->0K(222208K) From: 64K(8192K)->64K(512K)
[749.481s][info][gc,heap        ] GC(2060) ParOldGen: 366476K(366592K)->366484K(366592K)
[749.481s][info][gc,metaspace   ] GC(2060) Metaspace: 35494K(36224K)->35494K(36224K) NonClass: 29221K(29760K)->29221K(29760K) Class: 6272K(6464K)->6272K(6464K)
[749.481s][info][gc             ] GC(2060) Pause Young (Allocation Failure) 583M->357M(575M) 2.267ms
[749.481s][info][gc,cpu         ] GC(2060) User=0.00s Sys=0.00s Real=0.00s
[750.067s][info][gc,start       ] GC(2061) Pause Young (Allocation Failure)
[750.068s][info][gc,heap        ] GC(2061) PSYoungGen: 222272K(222720K)->64K(221184K) Eden: 222208K(222208K)->0K(214016K) From: 64K(512K)->64K(7168K)
[750.068s][info][gc,heap        ] GC(2061) ParOldGen: 366484K(366592K)->366492K(366592K)
[750.068s][info][gc,metaspace   ] GC(2061) Metaspace: 35494K(36224K)->35494K(36224K) NonClass: 29221K(29760K)->29221K(29760K) Class: 6272K(6464K)->6272K(6464K)
[750.068s][info][gc             ] GC(2061) Pause Young (Allocation Failure) 574M->357M(574M) 1.347ms
[750.068s][info][gc,cpu         ] GC(2061) User=0.00s Sys=0.00s Real=0.00s
[750.251s][info][gc,start       ] GC(2062) Pause Young (Allocation Failure)
[750.253s][info][gc,heap        ] GC(2062) PSYoungGen: 214080K(221184K)->64K(206848K) Eden: 214016K(214016K)->0K(206336K) From: 64K(7168K)->64K(512K)
[750.253s][info][gc,heap        ] GC(2062) ParOldGen: 366492K(366592K)->366500K(366592K)
[750.253s][info][gc,metaspace   ] GC(2062) Metaspace: 35494K(36224K)->35494K(36224K) NonClass: 29221K(29760K)->29221K(29760K) Class: 6272K(6464K)->6272K(6464K)
[750.253s][info][gc             ] GC(2062) Pause Young (Allocation Failure) 566M->357M(560M) 1.886ms
[750.253s][info][gc,cpu         ] GC(2062) User=0.00s Sys=0.00s Real=0.00s
[750.571s][info][gc,start       ] GC(2063) Pause Young (Allocation Failure)
[750.587s][info][gc,heap        ] GC(2063) PSYoungGen: 206400K(206848K)->6144K(251904K) Eden: 206336K(206336K)->0K(245760K) From: 64K(512K)->6144K(6144K)
[750.587s][info][gc,heap        ] GC(2063) ParOldGen: 366500K(366592K)->369644K(369664K)
[750.587s][info][gc,metaspace   ] GC(2063) Metaspace: 35494K(36224K)->35494K(36224K) NonClass: 29221K(29760K)->29221K(29760K) Class: 6272K(6464K)->6272K(6464K)
[750.587s][info][gc             ] GC(2063) Pause Young (Allocation Failure) 559M->366M(607M) 16.250ms
[750.587s][info][gc,cpu         ] GC(2063) User=0.03s Sys=0.01s Real=0.02s
[750.840s][info][gc,start       ] GC(2064) Pause Young (Allocation Failure)
[750.893s][info][gc,heap        ] GC(2064) PSYoungGen: 251904K(251904K)->6144K(260096K) Eden: 245760K(245760K)->0K(253952K) From: 6144K(6144K)->6144K(6144K)
[750.893s][info][gc,heap        ] GC(2064) ParOldGen: 369644K(369664K)->389556K(389632K)
[750.893s][info][gc,metaspace   ] GC(2064) Metaspace: 35494K(36224K)->35494K(36224K) NonClass: 29221K(29760K)->29221K(29760K) Class: 6272K(6464K)->6272K(6464K)
[750.893s][info][gc             ] GC(2064) Pause Young (Allocation Failure) 606M->386M(634M) 53.901ms
[750.893s][info][gc,cpu         ] GC(2064) User=0.09s Sys=0.01s Real=0.05s
[751.157s][info][gc,start       ] GC(2065) Pause Young (Allocation Failure)
[751.211s][info][gc,heap        ] GC(2065) PSYoungGen: 260096K(260096K)->17408K(271360K) Eden: 253952K(253952K)->0K(253952K) From: 6144K(6144K)->17408K(17408K)
[751.211s][info][gc,heap        ] GC(2065) ParOldGen: 389556K(389632K)->399660K(399872K)
[751.211s][info][gc,metaspace   ] GC(2065) Metaspace: 35494K(36224K)->35494K(36224K) NonClass: 29221K(29760K)->29221K(29760K) Class: 6272K(6464K)->6272K(6464K)
[751.211s][info][gc             ] GC(2065) Pause Young (Allocation Failure) 634M->407M(655M) 53.488ms
[751.211s][info][gc,cpu         ] GC(2065) User=0.10s Sys=0.01s Real=0.05s
[751.330s][info][gc,start       ] GC(2066) Pause Young (Allocation Failure)
[751.347s][info][gc,heap        ] GC(2066) PSYoungGen: 271360K(271360K)->6976K(310784K) Eden: 253952K(253952K)->0K(286208K) From: 17408K(17408K)->6976K(24576K)
[751.347s][info][gc,heap        ] GC(2066) ParOldGen: 399660K(399872K)->400012K(400384K)
[751.347s][info][gc,metaspace   ] GC(2066) Metaspace: 35494K(36224K)->35494K(36224K) NonClass: 29221K(29760K)->29221K(29760K) Class: 6272K(6464K)->6272K(6464K)
[751.347s][info][gc             ] GC(2066) Pause Young (Allocation Failure) 655M->397M(694M) 17.708ms
[751.347s][info][gc,cpu         ] GC(2066) User=0.02s Sys=0.01s Real=0.02s
[751.792s][info][gc,start       ] GC(2067) Pause Young (Allocation Failure)
[751.794s][info][gc,heap        ] GC(2067) PSYoungGen: 293184K(310784K)->64K(286720K) Eden: 286208K(286208K)->0K(286208K) From: 6976K(24576K)->64K(512K)
[751.794s][info][gc,heap        ] GC(2067) ParOldGen: 400012K(400384K)->400020K(400384K)
[751.794s][info][gc,metaspace   ] GC(2067) Metaspace: 35494K(36224K)->35494K(36224K) NonClass: 29221K(29760K)->29221K(29760K) Class: 6272K(6464K)->6272K(6464K)
[751.794s][info][gc             ] GC(2067) Pause Young (Allocation Failure) 676M->390M(671M) 1.504ms
[751.794s][info][gc,cpu         ] GC(2067) User=0.01s Sys=0.00s Real=0.00s
[752.380s][info][gc,start       ] GC(2068) Pause Young (Allocation Failure)
[752.382s][info][gc,heap        ] GC(2068) PSYoungGen: 286272K(286720K)->64K(309248K) Eden: 286208K(286208K)->0K(286720K) From: 64K(512K)->64K(22528K)
[752.382s][info][gc,heap        ] GC(2068) ParOldGen: 400020K(400384K)->400028K(400384K)
[752.382s][info][gc,metaspace   ] GC(2068) Metaspace: 35494K(36224K)->35494K(36224K) NonClass: 29221K(29760K)->29221K(29760K) Class: 6272K(6464K)->6272K(6464K)
[752.382s][info][gc             ] GC(2068) Pause Young (Allocation Failure) 670M->390M(693M) 1.571ms
[752.382s][info][gc,cpu         ] GC(2068) User=0.00s Sys=0.00s Real=0.00s
[752.825s][info][gc,start       ] GC(2069) Pause Young (Allocation Failure)
[752.826s][info][gc,heap        ] GC(2069) PSYoungGen: 286784K(309248K)->64K(308736K) Eden: 286720K(286720K)->0K(286720K) From: 64K(22528K)->64K(22016K)
[752.826s][info][gc,heap        ] GC(2069) ParOldGen: 400028K(400384K)->400044K(400384K)
[752.826s][info][gc,metaspace   ] GC(2069) Metaspace: 35494K(36224K)->35494K(36224K) NonClass: 29221K(29760K)->29221K(29760K) Class: 6272K(6464K)->6272K(6464K)
[752.827s][info][gc             ] GC(2069) Pause Young (Allocation Failure) 670M->390M(692M) 1.633ms
[752.827s][info][gc,cpu         ] GC(2069) User=0.00s Sys=0.00s Real=0.01s
[753.045s][info][gc,start       ] GC(2070) Pause Young (Allocation Failure)
[753.046s][info][gc,heap        ] GC(2070) PSYoungGen: 286784K(308736K)->64K(310784K) Eden: 286720K(286720K)->0K(289792K) From: 64K(22016K)->64K(20992K)
[753.046s][info][gc,heap        ] GC(2070) ParOldGen: 400044K(400384K)->400060K(400384K)
[753.046s][info][gc,metaspace   ] GC(2070) Metaspace: 35494K(36224K)->35494K(36224K) NonClass: 29221K(29760K)->29221K(29760K) Class: 6272K(6464K)->6272K(6464K)
[753.046s][info][gc             ] GC(2070) Pause Young (Allocation Failure) 670M->390M(694M) 1.519ms
[753.046s][info][gc,cpu         ] GC(2070) User=0.00s Sys=0.00s Real=0.01s
[753.267s][info][gc,start       ] GC(2071) Pause Young (Allocation Failure)
[753.268s][info][gc,heap        ] GC(2071) PSYoungGen: 289856K(310784K)->64K(310272K) Eden: 289792K(289792K)->0K(289792K) From: 64K(20992K)->64K(20480K)
[753.268s][info][gc,heap        ] GC(2071) ParOldGen: 400060K(400384K)->400060K(400384K)
[753.268s][info][gc,metaspace   ] GC(2071) Metaspace: 35494K(36224K)->35494K(36224K) NonClass: 29221K(29760K)->29221K(29760K) Class: 6272K(6464K)->6272K(6464K)
[753.268s][info][gc             ] GC(2071) Pause Young (Allocation Failure) 673M->390M(694M) 1.505ms
[753.268s][info][gc,cpu         ] GC(2071) User=0.00s Sys=0.00s Real=0.00s
[753.616s][info][gc,start       ] GC(2072) Pause Young (Allocation Failure)
[753.617s][info][gc,heap        ] GC(2072) PSYoungGen: 289856K(310272K)->64K(312320K) Eden: 289792K(289792K)->0K(293376K) From: 64K(20480K)->64K(18944K)
[753.617s][info][gc,heap        ] GC(2072) ParOldGen: 400060K(400384K)->400060K(400384K)
[753.617s][info][gc,metaspace   ] GC(2072) Metaspace: 35494K(36224K)->35494K(36224K) NonClass: 29221K(29760K)->29221K(29760K) Class: 6272K(6464K)->6272K(6464K)
[753.617s][info][gc             ] GC(2072) Pause Young (Allocation Failure) 673M->390M(696M) 1.583ms
[753.617s][info][gc,cpu         ] GC(2072) User=0.00s Sys=0.00s Real=0.00s
[753.723s][info][gc,start       ] GC(2073) Pause Young (Allocation Failure)
[753.724s][info][gc,heap        ] GC(2073) PSYoungGen: 293440K(312320K)->64K(311808K) Eden: 293376K(293376K)->0K(293376K) From: 64K(18944K)->64K(18432K)
[753.724s][info][gc,heap        ] GC(2073) ParOldGen: 400060K(400384K)->400068K(400384K)
[753.724s][info][gc,metaspace   ] GC(2073) Metaspace: 35494K(36224K)->35494K(36224K) NonClass: 29221K(29760K)->29221K(29760K) Class: 6272K(6464K)->6272K(6464K)
[753.724s][info][gc             ] GC(2073) Pause Young (Allocation Failure) 677M->390M(695M) 1.560ms
[753.724s][info][gc,cpu         ] GC(2073) User=0.00s Sys=0.00s Real=0.00s
[753.779s][info][gc,start       ] GC(2074) Pause Young (Allocation Failure)
[753.780s][info][gc,heap        ] GC(2074) PSYoungGen: 293440K(311808K)->64K(314368K) Eden: 293376K(293376K)->0K(296960K) From: 64K(18432K)->64K(17408K)
[753.780s][info][gc,heap        ] GC(2074) ParOldGen: 400068K(400384K)->400084K(400384K)
[753.780s][info][gc,metaspace   ] GC(2074) Metaspace: 35494K(36224K)->35494K(36224K) NonClass: 29221K(29760K)->29221K(29760K) Class: 6272K(6464K)->6272K(6464K)
[753.780s][info][gc             ] GC(2074) Pause Young (Allocation Failure) 677M->390M(698M) 1.567ms
[753.780s][info][gc,cpu         ] GC(2074) User=0.00s Sys=0.00s Real=0.00s
[753.993s][info][gc,start       ] GC(2075) Pause Young (Allocation Failure)
[753.994s][info][gc,heap        ] GC(2075) PSYoungGen: 297024K(314368K)->64K(313856K) Eden: 296960K(296960K)->0K(296960K) From: 64K(17408K)->64K(16896K)
[753.994s][info][gc,heap        ] GC(2075) ParOldGen: 400084K(400384K)->400084K(400384K)
[753.994s][info][gc,metaspace   ] GC(2075) Metaspace: 35494K(36224K)->35494K(36224K) NonClass: 29221K(29760K)->29221K(29760K) Class: 6272K(6464K)->6272K(6464K)
[753.994s][info][gc             ] GC(2075) Pause Young (Allocation Failure) 680M->390M(697M) 1.486ms
[753.994s][info][gc,cpu         ] GC(2075) User=0.00s Sys=0.00s Real=0.00s
[754.316s][info][gc,start       ] GC(2076) Pause Young (Allocation Failure)
[754.318s][info][gc,heap        ] GC(2076) PSYoungGen: 297024K(313856K)->64K(315904K) Eden: 296960K(296960K)->0K(300544K) From: 64K(16896K)->64K(15360K)
[754.318s][info][gc,heap        ] GC(2076) ParOldGen: 400084K(400384K)->400092K(400384K)
[754.318s][info][gc,metaspace   ] GC(2076) Metaspace: 35494K(36224K)->35494K(36224K) NonClass: 29221K(29760K)->29221K(29760K) Class: 6272K(6464K)->6272K(6464K)
[754.318s][info][gc             ] GC(2076) Pause Young (Allocation Failure) 680M->390M(699M) 1.449ms
[754.318s][info][gc,cpu         ] GC(2076) User=0.00s Sys=0.00s Real=0.00s
[754.477s][info][gc,start       ] GC(2077) Pause Young (Allocation Failure)
[754.479s][info][gc,heap        ] GC(2077) PSYoungGen: 300608K(315904K)->64K(315392K) Eden: 300544K(300544K)->0K(300544K) From: 64K(15360K)->64K(14848K)
[754.479s][info][gc,heap        ] GC(2077) ParOldGen: 400092K(400384K)->400100K(400384K)
[754.479s][info][gc,metaspace   ] GC(2077) Metaspace: 35494K(36224K)->35494K(36224K) NonClass: 29221K(29760K)->29221K(29760K) Class: 6272K(6464K)->6272K(6464K)
[754.479s][info][gc             ] GC(2077) Pause Young (Allocation Failure) 684M->390M(699M) 1.638ms
[754.479s][info][gc,cpu         ] GC(2077) User=0.00s Sys=0.00s Real=0.00s
[754.562s][info][gc,start       ] GC(2078) Pause Young (Allocation Failure)
[754.563s][info][gc,heap        ] GC(2078) PSYoungGen: 300608K(315392K)->64K(317952K) Eden: 300544K(300544K)->0K(304128K) From: 64K(14848K)->64K(13824K)
[754.563s][info][gc,heap        ] GC(2078) ParOldGen: 400100K(400384K)->400116K(400384K)
[754.563s][info][gc,metaspace   ] GC(2078) Metaspace: 35494K(36224K)->35494K(36224K) NonClass: 29221K(29760K)->29221K(29760K) Class: 6272K(6464K)->6272K(6464K)
[754.563s][info][gc             ] GC(2078) Pause Young (Allocation Failure) 684M->390M(701M) 1.506ms
[754.563s][info][gc,cpu         ] GC(2078) User=0.01s Sys=0.00s Real=0.00s
[754.758s][info][gc,start       ] GC(2079) Pause Young (Allocation Failure)
[754.760s][info][gc,heap        ] GC(2079) PSYoungGen: 304192K(317952K)->64K(317440K) Eden: 304128K(304128K)->0K(304128K) From: 64K(13824K)->64K(13312K)
[754.760s][info][gc,heap        ] GC(2079) ParOldGen: 400116K(400384K)->400116K(400384K)
[754.760s][info][gc,metaspace   ] GC(2079) Metaspace: 35494K(36224K)->35494K(36224K) NonClass: 29221K(29760K)->29221K(29760K) Class: 6272K(6464K)->6272K(6464K)
[754.760s][info][gc             ] GC(2079) Pause Young (Allocation Failure) 687M->390M(701M) 1.469ms
[754.760s][info][gc,cpu         ] GC(2079) User=0.00s Sys=0.00s Real=0.00s
[755.731s][info][gc,start       ] GC(2080) Pause Young (Allocation Failure)
[755.732s][info][gc,heap        ] GC(2080) PSYoungGen: 304192K(317440K)->83K(319488K) Eden: 304128K(304128K)->0K(307200K) From: 64K(13312K)->83K(12288K)
[755.732s][info][gc,heap        ] GC(2080) ParOldGen: 400116K(400384K)->400124K(400384K)
[755.732s][info][gc,metaspace   ] GC(2080) Metaspace: 35494K(36224K)->35494K(36224K) NonClass: 29221K(29760K)->29221K(29760K) Class: 6272K(6464K)->6272K(6464K)
[755.732s][info][gc             ] GC(2080) Pause Young (Allocation Failure) 687M->390M(703M) 1.613ms
[755.732s][info][gc,cpu         ] GC(2080) User=0.00s Sys=0.00s Real=0.00s
[756.596s][info][gc,start       ] GC(2081) Pause Young (Allocation Failure)
[756.598s][info][gc,heap        ] GC(2081) PSYoungGen: 307283K(319488K)->64K(295424K) Eden: 307200K(307200K)->0K(294912K) From: 83K(12288K)->64K(512K)
[756.598s][info][gc,heap        ] GC(2081) ParOldGen: 400124K(400384K)->400132K(400384K)
[756.598s][info][gc,metaspace   ] GC(2081) Metaspace: 35494K(36224K)->35494K(36224K) NonClass: 29221K(29760K)->29221K(29760K) Class: 6272K(6464K)->6272K(6464K)
[756.598s][info][gc             ] GC(2081) Pause Young (Allocation Failure) 690M->390M(679M) 1.465ms
[756.598s][info][gc,cpu         ] GC(2081) User=0.00s Sys=0.00s Real=0.00s
[756.881s][info][gc,start       ] GC(2082) Pause Young (Allocation Failure)
[756.883s][info][gc,heap        ] GC(2082) PSYoungGen: 294976K(295424K)->64K(283648K) Eden: 294912K(294912K)->0K(283136K) From: 64K(512K)->64K(512K)
[756.883s][info][gc,heap        ] GC(2082) ParOldGen: 400132K(400384K)->400140K(400384K)
[756.883s][info][gc,metaspace   ] GC(2082) Metaspace: 35494K(36224K)->35494K(36224K) NonClass: 29221K(29760K)->29221K(29760K) Class: 6272K(6464K)->6272K(6464K)
[756.883s][info][gc             ] GC(2082) Pause Young (Allocation Failure) 678M->390M(668M) 1.855ms
[756.883s][info][gc,cpu         ] GC(2082) User=0.00s Sys=0.01s Real=0.00s
[757.322s][info][gc,start       ] GC(2083) Pause Young (Allocation Failure)
[757.325s][info][gc,heap        ] GC(2083) PSYoungGen: 283200K(283648K)->64K(282112K) Eden: 283136K(283136K)->0K(271872K) From: 64K(512K)->64K(10240K)
[757.325s][info][gc,heap        ] GC(2083) ParOldGen: 400140K(400384K)->400148K(400384K)
[757.325s][info][gc,metaspace   ] GC(2083) Metaspace: 35494K(36224K)->35494K(36224K) NonClass: 29221K(29760K)->29221K(29760K) Class: 6272K(6464K)->6272K(6464K)
[757.325s][info][gc             ] GC(2083) Pause Young (Allocation Failure) 667M->390M(666M) 2.743ms
[757.325s][info][gc,cpu         ] GC(2083) User=0.00s Sys=0.00s Real=0.00s
[758.267s][info][gc,start       ] GC(2084) Pause Young (Allocation Failure)
[758.270s][info][gc,heap        ] GC(2084) PSYoungGen: 271936K(282112K)->64K(261632K) Eden: 271872K(271872K)->0K(261120K) From: 64K(10240K)->64K(512K)
[758.270s][info][gc,heap        ] GC(2084) ParOldGen: 400148K(400384K)->400156K(400384K)
[758.271s][info][gc,metaspace   ] GC(2084) Metaspace: 35494K(36224K)->35494K(36224K) NonClass: 29221K(29760K)->29221K(29760K) Class: 6272K(6464K)->6272K(6464K)
[758.271s][info][gc             ] GC(2084) Pause Young (Allocation Failure) 656M->390M(646M) 3.258ms
[758.271s][info][gc,cpu         ] GC(2084) User=0.00s Sys=0.00s Real=0.00s
[758.624s][info][gc,start       ] GC(2085) Pause Young (Allocation Failure)
[758.626s][info][gc,heap        ] GC(2085) PSYoungGen: 261184K(261632K)->64K(259584K) Eden: 261120K(261120K)->0K(250880K) From: 64K(512K)->64K(8704K)
[758.626s][info][gc,heap        ] GC(2085) ParOldGen: 400156K(400384K)->400164K(400384K)
[758.626s][info][gc,metaspace   ] GC(2085) Metaspace: 35494K(36224K)->35494K(36224K) NonClass: 29221K(29760K)->29221K(29760K) Class: 6272K(6464K)->6272K(6464K)
[758.627s][info][gc             ] GC(2085) Pause Young (Allocation Failure) 645M->390M(644M) 2.656ms
[758.627s][info][gc,cpu         ] GC(2085) User=0.00s Sys=0.00s Real=0.01s
[758.775s][info][gc,start       ] GC(2086) Pause Young (Allocation Failure)
[758.778s][info][gc,heap        ] GC(2086) PSYoungGen: 250944K(259584K)->64K(241664K) Eden: 250880K(250880K)->0K(241152K) From: 64K(8704K)->64K(512K)
[758.778s][info][gc,heap        ] GC(2086) ParOldGen: 400164K(400384K)->400172K(400384K)
[758.778s][info][gc,metaspace   ] GC(2086) Metaspace: 35494K(36224K)->35494K(36224K) NonClass: 29221K(29760K)->29221K(29760K) Class: 6272K(6464K)->6272K(6464K)
[758.778s][info][gc             ] GC(2086) Pause Young (Allocation Failure) 635M->390M(627M) 3.376ms
[758.778s][info][gc,cpu         ] GC(2086) User=0.00s Sys=0.00s Real=0.01s
[759.010s][info][gc,start       ] GC(2087) Pause Young (Allocation Failure)
[759.013s][info][gc,heap        ] GC(2087) PSYoungGen: 241216K(241664K)->64K(284672K) Eden: 241152K(241152K)->0K(276992K) From: 64K(512K)->64K(7680K)
[759.013s][info][gc,heap        ] GC(2087) ParOldGen: 400172K(400384K)->400180K(400384K)
[759.013s][info][gc,metaspace   ] GC(2087) Metaspace: 35494K(36224K)->35494K(36224K) NonClass: 29221K(29760K)->29221K(29760K) Class: 6272K(6464K)->6272K(6464K)
[759.013s][info][gc             ] GC(2087) Pause Young (Allocation Failure) 626M->390M(669M) 2.684ms
[759.013s][info][gc,cpu         ] GC(2087) User=0.00s Sys=0.00s Real=0.00s
[759.507s][info][gc,start       ] GC(2088) Pause Young (Allocation Failure)
[759.510s][info][gc,heap        ] GC(2088) PSYoungGen: 277056K(284672K)->64K(266752K) Eden: 276992K(276992K)->0K(266240K) From: 64K(7680K)->64K(512K)
[759.510s][info][gc,heap        ] GC(2088) ParOldGen: 400180K(400384K)->400188K(400384K)
[759.510s][info][gc,metaspace   ] GC(2088) Metaspace: 35494K(36224K)->35494K(36224K) NonClass: 29221K(29760K)->29221K(29760K) Class: 6272K(6464K)->6272K(6464K)
[759.510s][info][gc             ] GC(2088) Pause Young (Allocation Failure) 661M->390M(651M) 2.669ms
[759.510s][info][gc,cpu         ] GC(2088) User=0.01s Sys=0.00s Real=0.00s
[759.910s][info][gc,start       ] GC(2089) Pause Young (Allocation Failure)
[759.922s][info][gc,heap        ] GC(2089) PSYoungGen: 266304K(266752K)->5472K(285696K) Eden: 266240K(266240K)->0K(279040K) From: 64K(512K)->5472K(6656K)
[759.922s][info][gc,heap        ] GC(2089) ParOldGen: 400188K(400384K)->400204K(400384K)
[759.922s][info][gc,metaspace   ] GC(2089) Metaspace: 35494K(36224K)->35494K(36224K) NonClass: 29221K(29760K)->29221K(29760K) Class: 6272K(6464K)->6272K(6464K)
[759.922s][info][gc             ] GC(2089) Pause Young (Allocation Failure) 650M->396M(670M) 11.454ms
[759.922s][info][gc,cpu         ] GC(2089) User=0.02s Sys=0.00s Real=0.01s
[760.204s][info][gc,start       ] GC(2090) Pause Young (Allocation Failure)
[760.267s][info][gc,heap        ] GC(2090) PSYoungGen: 284512K(285696K)->7680K(305664K) Eden: 279040K(279040K)->0K(297984K) From: 5472K(6656K)->7680K(7680K)
[760.267s][info][gc,heap        ] GC(2090) ParOldGen: 400204K(400384K)->421964K(422400K)
[760.267s][info][gc,metaspace   ] GC(2090) Metaspace: 35494K(36224K)->35494K(36224K) NonClass: 29221K(29760K)->29221K(29760K) Class: 6272K(6464K)->6272K(6464K)
[760.267s][info][gc             ] GC(2090) Pause Young (Allocation Failure) 668M->419M(711M) 62.903ms
[760.267s][info][gc,cpu         ] GC(2090) User=0.09s Sys=0.02s Real=0.07s
[760.574s][info][gc,start       ] GC(2091) Pause Young (Allocation Failure)
[760.647s][info][gc,heap        ] GC(2091) PSYoungGen: 305664K(305664K)->17920K(315904K) Eden: 297984K(297984K)->0K(297984K) From: 7680K(7680K)->17920K(17920K)
[760.647s][info][gc,heap        ] GC(2091) ParOldGen: 421964K(422400K)->436276K(436736K)
[760.647s][info][gc,metaspace   ] GC(2091) Metaspace: 35494K(36224K)->35494K(36224K) NonClass: 29221K(29760K)->29221K(29760K) Class: 6272K(6464K)->6272K(6464K)
[760.647s][info][gc             ] GC(2091) Pause Young (Allocation Failure) 710M->443M(735M) 72.397ms
[760.647s][info][gc,cpu         ] GC(2091) User=0.12s Sys=0.02s Real=0.08s
[760.757s][info][gc,start       ] GC(2092) Pause Young (Allocation Failure)
[760.767s][info][gc,heap        ] GC(2092) PSYoungGen: 315904K(315904K)->2720K(300544K) Eden: 297984K(297984K)->0K(282624K) From: 17920K(17920K)->2720K(17920K)
[760.767s][info][gc,heap        ] GC(2092) ParOldGen: 436276K(436736K)->436788K(437248K)
[760.767s][info][gc,metaspace   ] GC(2092) Metaspace: 35494K(36224K)->35494K(36224K) NonClass: 29221K(29760K)->29221K(29760K) Class: 6272K(6464K)->6272K(6464K)
[760.767s][info][gc             ] GC(2092) Pause Young (Allocation Failure) 734M->429M(720M) 10.593ms
[760.767s][info][gc,cpu         ] GC(2092) User=0.02s Sys=0.00s Real=0.01s
[761.358s][info][gc,start       ] GC(2093) Pause Young (Allocation Failure)
[761.360s][info][gc,heap        ] GC(2093) PSYoungGen: 285344K(300544K)->64K(308224K) Eden: 282624K(282624K)->0K(282624K) From: 2720K(17920K)->64K(25600K)
[761.360s][info][gc,heap        ] GC(2093) ParOldGen: 436788K(437248K)->436796K(437248K)
[761.360s][info][gc,metaspace   ] GC(2093) Metaspace: 35494K(36224K)->35494K(36224K) NonClass: 29221K(29760K)->29221K(29760K) Class: 6272K(6464K)->6272K(6464K)
[761.360s][info][gc             ] GC(2093) Pause Young (Allocation Failure) 705M->426M(728M) 1.555ms
[761.360s][info][gc,cpu         ] GC(2093) User=0.00s Sys=0.00s Real=0.00s
[761.804s][info][gc,start       ] GC(2094) Pause Young (Allocation Failure)
[761.806s][info][gc,heap        ] GC(2094) PSYoungGen: 282688K(308224K)->64K(306176K) Eden: 282624K(282624K)->0K(283648K) From: 64K(25600K)->64K(22528K)
[761.806s][info][gc,heap        ] GC(2094) ParOldGen: 436796K(437248K)->436804K(437248K)
[761.806s][info][gc,metaspace   ] GC(2094) Metaspace: 35494K(36224K)->35494K(36224K) NonClass: 29221K(29760K)->29221K(29760K) Class: 6272K(6464K)->6272K(6464K)
[761.806s][info][gc             ] GC(2094) Pause Young (Allocation Failure) 702M->426M(726M) 1.628ms
[761.806s][info][gc,cpu         ] GC(2094) User=0.00s Sys=0.00s Real=0.01s
[762.234s][info][gc,start       ] GC(2095) Pause Young (Allocation Failure)
[762.235s][info][gc,heap        ] GC(2095) PSYoungGen: 283712K(306176K)->64K(307712K) Eden: 283648K(283648K)->0K(283648K) From: 64K(22528K)->64K(24064K)
[762.235s][info][gc,heap        ] GC(2095) ParOldGen: 436804K(437248K)->436820K(437248K)
[762.235s][info][gc,metaspace   ] GC(2095) Metaspace: 35494K(36224K)->35494K(36224K) NonClass: 29221K(29760K)->29221K(29760K) Class: 6272K(6464K)->6272K(6464K)
[762.235s][info][gc             ] GC(2095) Pause Young (Allocation Failure) 703M->426M(727M) 1.493ms
[762.235s][info][gc,cpu         ] GC(2095) User=0.00s Sys=0.00s Real=0.01s
[762.445s][info][gc,start       ] GC(2096) Pause Young (Allocation Failure)
[762.447s][info][gc,heap        ] GC(2096) PSYoungGen: 283712K(307712K)->32K(307200K) Eden: 283648K(283648K)->0K(286720K) From: 64K(24064K)->32K(20480K)
[762.447s][info][gc,heap        ] GC(2096) ParOldGen: 436820K(437248K)->436836K(437248K)
[762.447s][info][gc,metaspace   ] GC(2096) Metaspace: 35494K(36224K)->35494K(36224K) NonClass: 29221K(29760K)->29221K(29760K) Class: 6272K(6464K)->6272K(6464K)
[762.447s][info][gc             ] GC(2096) Pause Young (Allocation Failure) 703M->426M(727M) 1.431ms
[762.447s][info][gc,cpu         ] GC(2096) User=0.00s Sys=0.00s Real=0.00s
[762.660s][info][gc,start       ] GC(2097) Pause Young (Allocation Failure)
[762.661s][info][gc,heap        ] GC(2097) PSYoungGen: 286752K(307200K)->64K(308736K) Eden: 286720K(286720K)->0K(286720K) From: 32K(20480K)->64K(22016K)
[762.661s][info][gc,heap        ] GC(2097) ParOldGen: 436836K(437248K)->436836K(437248K)
[762.661s][info][gc,metaspace   ] GC(2097) Metaspace: 35494K(36224K)->35494K(36224K) NonClass: 29221K(29760K)->29221K(29760K) Class: 6272K(6464K)->6272K(6464K)
[762.661s][info][gc             ] GC(2097) Pause Young (Allocation Failure) 706M->426M(728M) 1.461ms
[762.661s][info][gc,cpu         ] GC(2097) User=0.01s Sys=0.00s Real=0.00s
[763.018s][info][gc,start       ] GC(2098) Pause Young (Allocation Failure)
[763.021s][info][gc,heap        ] GC(2098) PSYoungGen: 286784K(308736K)->32K(309248K) Eden: 286720K(286720K)->0K(290816K) From: 64K(22016K)->32K(18432K)
[763.021s][info][gc,heap        ] GC(2098) ParOldGen: 436836K(437248K)->436836K(437248K)
[763.021s][info][gc,metaspace   ] GC(2098) Metaspace: 35494K(36224K)->35494K(36224K) NonClass: 29221K(29760K)->29221K(29760K) Class: 6272K(6464K)->6272K(6464K)
[763.021s][info][gc             ] GC(2098) Pause Young (Allocation Failure) 706M->426M(729M) 2.754ms
[763.021s][info][gc,cpu         ] GC(2098) User=0.00s Sys=0.00s Real=0.00s
[763.076s][info][gc,start       ] GC(2099) Pause Young (Allocation Failure)
[763.077s][info][gc,heap        ] GC(2099) PSYoungGen: 290848K(309248K)->64K(310784K) Eden: 290816K(290816K)->0K(290816K) From: 32K(18432K)->64K(19968K)
[763.077s][info][gc,heap        ] GC(2099) ParOldGen: 436836K(437248K)->436852K(437248K)
[763.077s][info][gc,metaspace   ] GC(2099) Metaspace: 35494K(36224K)->35494K(36224K) NonClass: 29221K(29760K)->29221K(29760K) Class: 6272K(6464K)->6272K(6464K)
[763.077s][info][gc             ] GC(2099) Pause Young (Allocation Failure) 710M->426M(730M) 1.533ms
[763.077s][info][gc,cpu         ] GC(2099) User=0.00s Sys=0.00s Real=0.00s
[763.131s][info][gc,start       ] GC(2100) Pause Young (Allocation Failure)
[763.132s][info][gc,heap        ] GC(2100) PSYoungGen: 290880K(310784K)->64K(311296K) Eden: 290816K(290816K)->0K(294912K) From: 64K(19968K)->64K(16384K)
[763.132s][info][gc,heap        ] GC(2100) ParOldGen: 436852K(437248K)->436852K(437248K)
[763.132s][info][gc,metaspace   ] GC(2100) Metaspace: 35494K(36224K)->35494K(36224K) NonClass: 29221K(29760K)->29221K(29760K) Class: 6272K(6464K)->6272K(6464K)
[763.133s][info][gc             ] GC(2100) Pause Young (Allocation Failure) 710M->426M(731M) 1.500ms
[763.133s][info][gc,cpu         ] GC(2100) User=0.01s Sys=0.00s Real=0.00s
[763.402s][info][gc,start       ] GC(2101) Pause Young (Allocation Failure)
[763.404s][info][gc,heap        ] GC(2101) PSYoungGen: 294976K(311296K)->64K(312832K) Eden: 294912K(294912K)->0K(294912K) From: 64K(16384K)->64K(17920K)
[763.404s][info][gc,heap        ] GC(2101) ParOldGen: 436852K(437248K)->436852K(437248K)
[763.404s][info][gc,metaspace   ] GC(2101) Metaspace: 35494K(36224K)->35494K(36224K) NonClass: 29221K(29760K)->29221K(29760K) Class: 6272K(6464K)->6272K(6464K)
[763.404s][info][gc             ] GC(2101) Pause Young (Allocation Failure) 714M->426M(732M) 1.590ms
[763.404s][info][gc,cpu         ] GC(2101) User=0.01s Sys=0.00s Real=0.00s
[763.697s][info][gc,start       ] GC(2102) Pause Young (Allocation Failure)
[763.699s][info][gc,heap        ] GC(2102) PSYoungGen: 294976K(312832K)->64K(313344K) Eden: 294912K(294912K)->0K(299008K) From: 64K(17920K)->64K(14336K)
[763.699s][info][gc,heap        ] GC(2102) ParOldGen: 436852K(437248K)->436860K(437248K)
[763.699s][info][gc,metaspace   ] GC(2102) Metaspace: 35494K(36224K)->35494K(36224K) NonClass: 29221K(29760K)->29221K(29760K) Class: 6272K(6464K)->6272K(6464K)
[763.699s][info][gc             ] GC(2102) Pause Young (Allocation Failure) 714M->426M(733M) 1.644ms
[763.699s][info][gc,cpu         ] GC(2102) User=0.00s Sys=0.00s Real=0.00s
[763.828s][info][gc,start       ] GC(2103) Pause Young (Allocation Failure)
[763.830s][info][gc,heap        ] GC(2103) PSYoungGen: 299072K(313344K)->64K(314880K) Eden: 299008K(299008K)->0K(299008K) From: 64K(14336K)->64K(15872K)
[763.830s][info][gc,heap        ] GC(2103) ParOldGen: 436860K(437248K)->436868K(437248K)
[763.830s][info][gc,metaspace   ] GC(2103) Metaspace: 35494K(36224K)->35494K(36224K) NonClass: 29221K(29760K)->29221K(29760K) Class: 6272K(6464K)->6272K(6464K)
[763.830s][info][gc             ] GC(2103) Pause Young (Allocation Failure) 718M->426M(734M) 1.677ms
[763.830s][info][gc,cpu         ] GC(2103) User=0.00s Sys=0.00s Real=0.00s
[763.924s][info][gc,start       ] GC(2104) Pause Young (Allocation Failure)
[763.925s][info][gc,heap        ] GC(2104) PSYoungGen: 299072K(314880K)->64K(315392K) Eden: 299008K(299008K)->0K(303104K) From: 64K(15872K)->64K(12288K)
[763.925s][info][gc,heap        ] GC(2104) ParOldGen: 436868K(437248K)->436876K(437248K)
[763.925s][info][gc,metaspace   ] GC(2104) Metaspace: 35494K(36224K)->35494K(36224K) NonClass: 29221K(29760K)->29221K(29760K) Class: 6272K(6464K)->6272K(6464K)
[763.925s][info][gc             ] GC(2104) Pause Young (Allocation Failure) 718M->426M(735M) 1.683ms
[763.925s][info][gc,cpu         ] GC(2104) User=0.00s Sys=0.01s Real=0.01s
[764.123s][info][gc,start       ] GC(2105) Pause Young (Allocation Failure)
[764.124s][info][gc,heap        ] GC(2105) PSYoungGen: 303168K(315392K)->64K(316928K) Eden: 303104K(303104K)->0K(303104K) From: 64K(12288K)->64K(13824K)
[764.125s][info][gc,heap        ] GC(2105) ParOldGen: 436876K(437248K)->436884K(437248K)
[764.125s][info][gc,metaspace   ] GC(2105) Metaspace: 35494K(36224K)->35494K(36224K) NonClass: 29221K(29760K)->29221K(29760K) Class: 6272K(6464K)->6272K(6464K)
[764.125s][info][gc             ] GC(2105) Pause Young (Allocation Failure) 722M->426M(736M) 1.670ms
[764.125s][info][gc,cpu         ] GC(2105) User=0.00s Sys=0.00s Real=0.00s
[765.069s][info][gc,start       ] GC(2106) Pause Young (Allocation Failure)
[765.070s][info][gc,heap        ] GC(2106) PSYoungGen: 303168K(316928K)->64K(318464K) Eden: 303104K(303104K)->0K(307200K) From: 64K(13824K)->64K(11264K)
[765.070s][info][gc,heap        ] GC(2106) ParOldGen: 436884K(437248K)->436892K(437248K)
[765.070s][info][gc,metaspace   ] GC(2106) Metaspace: 35494K(36224K)->35494K(36224K) NonClass: 29221K(29760K)->29221K(29760K) Class: 6272K(6464K)->6272K(6464K)
[765.071s][info][gc             ] GC(2106) Pause Young (Allocation Failure) 722M->426M(738M) 1.653ms
[765.071s][info][gc,cpu         ] GC(2106) User=0.00s Sys=0.00s Real=0.00s
[765.952s][info][gc,start       ] GC(2107) Pause Young (Allocation Failure)
[765.954s][info][gc,heap        ] GC(2107) PSYoungGen: 307264K(318464K)->64K(295424K) Eden: 307200K(307200K)->0K(294912K) From: 64K(11264K)->64K(512K)
[765.954s][info][gc,heap        ] GC(2107) ParOldGen: 436892K(437248K)->436900K(437248K)
[765.954s][info][gc,metaspace   ] GC(2107) Metaspace: 35494K(36224K)->35494K(36224K) NonClass: 29221K(29760K)->29221K(29760K) Class: 6272K(6464K)->6272K(6464K)
[765.954s][info][gc             ] GC(2107) Pause Young (Allocation Failure) 726M->426M(715M) 2.145ms
[765.954s][info][gc,cpu         ] GC(2107) User=0.00s Sys=0.00s Real=0.00s
[766.319s][info][gc,start       ] GC(2108) Pause Young (Allocation Failure)
[766.321s][info][gc,heap        ] GC(2108) PSYoungGen: 294976K(295424K)->64K(283648K) Eden: 294912K(294912K)->0K(283136K) From: 64K(512K)->64K(512K)
[766.321s][info][gc,heap        ] GC(2108) ParOldGen: 436900K(437248K)->436908K(437248K)
[766.321s][info][gc,metaspace   ] GC(2108) Metaspace: 35494K(36224K)->35494K(36224K) NonClass: 29221K(29760K)->29221K(29760K) Class: 6272K(6464K)->6272K(6464K)
[766.321s][info][gc             ] GC(2108) Pause Young (Allocation Failure) 714M->426M(704M) 2.130ms
[766.321s][info][gc,cpu         ] GC(2108) User=0.00s Sys=0.00s Real=0.00s
[766.695s][info][gc,start       ] GC(2109) Pause Young (Allocation Failure)
[766.697s][info][gc,heap        ] GC(2109) PSYoungGen: 283200K(283648K)->64K(282624K) Eden: 283136K(283136K)->0K(271872K) From: 64K(512K)->64K(10752K)
[766.697s][info][gc,heap        ] GC(2109) ParOldGen: 436908K(437248K)->436916K(437248K)
[766.697s][info][gc,metaspace   ] GC(2109) Metaspace: 35494K(36224K)->35494K(36224K) NonClass: 29221K(29760K)->29221K(29760K) Class: 6272K(6464K)->6272K(6464K)
[766.697s][info][gc             ] GC(2109) Pause Young (Allocation Failure) 703M->426M(703M) 1.639ms
[766.697s][info][gc,cpu         ] GC(2109) User=0.00s Sys=0.00s Real=0.00s
[767.647s][info][gc,start       ] GC(2110) Pause Young (Allocation Failure)
[767.651s][info][gc,heap        ] GC(2110) PSYoungGen: 271936K(282624K)->64K(261632K) Eden: 271872K(271872K)->0K(261120K) From: 64K(10752K)->64K(512K)
[767.651s][info][gc,heap        ] GC(2110) ParOldGen: 436916K(437248K)->436932K(437248K)
[767.651s][info][gc,metaspace   ] GC(2110) Metaspace: 35494K(36224K)->35494K(36224K) NonClass: 29221K(29760K)->29221K(29760K) Class: 6272K(6464K)->6272K(6464K)
[767.651s][info][gc             ] GC(2110) Pause Young (Allocation Failure) 692M->426M(682M) 3.802ms
[767.651s][info][gc,cpu         ] GC(2110) User=0.00s Sys=0.01s Real=0.00s
[768.015s][info][gc,start       ] GC(2111) Pause Young (Allocation Failure)
[768.018s][info][gc,heap        ] GC(2111) PSYoungGen: 261184K(261632K)->64K(260096K) Eden: 261120K(261120K)->0K(250880K) From: 64K(512K)->64K(9216K)
[768.018s][info][gc,heap        ] GC(2111) ParOldGen: 436932K(437248K)->436940K(437248K)
[768.018s][info][gc,metaspace   ] GC(2111) Metaspace: 35494K(36224K)->35494K(36224K) NonClass: 29221K(29760K)->29221K(29760K) Class: 6272K(6464K)->6272K(6464K)
[768.018s][info][gc             ] GC(2111) Pause Young (Allocation Failure) 681M->426M(681M) 2.171ms
[768.018s][info][gc,cpu         ] GC(2111) User=0.00s Sys=0.00s Real=0.00s
[768.122s][info][gc,start       ] GC(2112) Pause Young (Allocation Failure)
[768.124s][info][gc,heap        ] GC(2112) PSYoungGen: 250944K(260096K)->64K(241664K) Eden: 250880K(250880K)->0K(241152K) From: 64K(9216K)->64K(512K)
[768.124s][info][gc,heap        ] GC(2112) ParOldGen: 436940K(437248K)->436948K(437248K)
[768.124s][info][gc,metaspace   ] GC(2112) Metaspace: 35494K(36224K)->35494K(36224K) NonClass: 29221K(29760K)->29221K(29760K) Class: 6272K(6464K)->6272K(6464K)
[768.124s][info][gc             ] GC(2112) Pause Young (Allocation Failure) 671M->426M(663M) 1.990ms
[768.124s][info][gc,cpu         ] GC(2112) User=0.01s Sys=0.00s Real=0.00s
[768.478s][info][gc,start       ] GC(2113) Pause Young (Allocation Failure)
[768.480s][info][gc,heap        ] GC(2113) PSYoungGen: 241216K(241664K)->64K(240128K) Eden: 241152K(241152K)->0K(231936K) From: 64K(512K)->64K(8192K)
[768.480s][info][gc,heap        ] GC(2113) ParOldGen: 436948K(437248K)->436956K(437248K)
[768.480s][info][gc,metaspace   ] GC(2113) Metaspace: 35494K(36224K)->35494K(36224K) NonClass: 29221K(29760K)->29221K(29760K) Class: 6272K(6464K)->6272K(6464K)
[768.480s][info][gc             ] GC(2113) Pause Young (Allocation Failure) 662M->426M(661M) 1.399ms
[768.480s][info][gc,cpu         ] GC(2113) User=0.00s Sys=0.00s Real=0.00s
[768.836s][info][gc,start       ] GC(2114) Pause Young (Allocation Failure)
[768.839s][info][gc,heap        ] GC(2114) PSYoungGen: 232000K(240128K)->64K(223744K) Eden: 231936K(231936K)->0K(223232K) From: 64K(8192K)->64K(512K)
[768.839s][info][gc,heap        ] GC(2114) ParOldGen: 436956K(437248K)->436964K(437248K)
[768.839s][info][gc,metaspace   ] GC(2114) Metaspace: 35494K(36224K)->35494K(36224K) NonClass: 29221K(29760K)->29221K(29760K) Class: 6272K(6464K)->6272K(6464K)
[768.839s][info][gc             ] GC(2114) Pause Young (Allocation Failure) 653M->426M(645M) 2.201ms
[768.839s][info][gc,cpu         ] GC(2114) User=0.00s Sys=0.00s Real=0.00s
[769.200s][info][gc,start       ] GC(2115) Pause Young (Allocation Failure)
[769.204s][info][gc,heap        ] GC(2115) PSYoungGen: 223296K(223744K)->1568K(222208K) Eden: 223232K(223232K)->0K(215040K) From: 64K(512K)->1568K(7168K)
[769.204s][info][gc,heap        ] GC(2115) ParOldGen: 436964K(437248K)->436980K(437248K)
[769.204s][info][gc,metaspace   ] GC(2115) Metaspace: 35494K(36224K)->35494K(36224K) NonClass: 29221K(29760K)->29221K(29760K) Class: 6272K(6464K)->6272K(6464K)
[769.204s][info][gc             ] GC(2115) Pause Young (Allocation Failure) 644M->428M(644M) 3.847ms
[769.204s][info][gc,cpu         ] GC(2115) User=0.00s Sys=0.00s Real=0.00s
[769.428s][info][gc,start       ] GC(2116) Pause Young (Allocation Failure)
[769.475s][info][gc,heap        ] GC(2116) PSYoungGen: 216608K(222208K)->6656K(264192K) Eden: 215040K(215040K)->0K(257536K) From: 1568K(7168K)->6656K(6656K)
[769.475s][info][gc,heap        ] GC(2116) ParOldGen: 436980K(437248K)->453012K(453120K)
[769.475s][info][gc,metaspace   ] GC(2116) Metaspace: 35494K(36224K)->35494K(36224K) NonClass: 29221K(29760K)->29221K(29760K) Class: 6272K(6464K)->6272K(6464K)
[769.475s][info][gc             ] GC(2116) Pause Young (Allocation Failure) 638M->448M(700M) 46.731ms
[769.475s][info][gc,cpu         ] GC(2116) User=0.07s Sys=0.01s Real=0.04s
[769.744s][info][gc,start       ] GC(2117) Pause Young (Allocation Failure)
[769.798s][info][gc,heap        ] GC(2117) PSYoungGen: 264192K(264192K)->14336K(271872K) Eden: 257536K(257536K)->0K(257536K) From: 6656K(6656K)->14336K(14336K)
[769.798s][info][gc,heap        ] GC(2117) ParOldGen: 453012K(453120K)->466428K(466432K)
[769.798s][info][gc,metaspace   ] GC(2117) Metaspace: 35494K(36224K)->35494K(36224K) NonClass: 29221K(29760K)->29221K(29760K) Class: 6272K(6464K)->6272K(6464K)
[769.798s][info][gc             ] GC(2117) Pause Young (Allocation Failure) 700M->469M(721M) 54.802ms
[769.798s][info][gc,cpu         ] GC(2117) User=0.10s Sys=0.01s Real=0.06s
[769.994s][info][gc,start       ] GC(2118) Pause Young (Allocation Failure)
[770.034s][info][gc,heap        ] GC(2118) PSYoungGen: 271872K(271872K)->17600K(305664K) Eden: 257536K(257536K)->0K(283648K) From: 14336K(14336K)->17600K(22016K)
[770.034s][info][gc,heap        ] GC(2118) ParOldGen: 466428K(466432K)->466916K(466944K)
[770.034s][info][gc,metaspace   ] GC(2118) Metaspace: 35494K(36224K)->35494K(36224K) NonClass: 29221K(29760K)->29221K(29760K) Class: 6272K(6464K)->6272K(6464K)
[770.034s][info][gc             ] GC(2118) Pause Young (Allocation Failure) 720M->473M(754M) 40.528ms
[770.034s][info][gc,cpu         ] GC(2118) User=0.06s Sys=0.02s Real=0.04s
[770.239s][info][gc,start       ] GC(2119) Pause Young (Allocation Failure)
[770.241s][info][gc,heap        ] GC(2119) PSYoungGen: 301248K(305664K)->64K(308736K) Eden: 283648K(283648K)->0K(283648K) From: 17600K(22016K)->64K(25088K)
[770.241s][info][gc,heap        ] GC(2119) ParOldGen: 466916K(466944K)->466924K(466944K)
[770.241s][info][gc,metaspace   ] GC(2119) Metaspace: 35494K(36224K)->35494K(36224K) NonClass: 29221K(29760K)->29221K(29760K) Class: 6272K(6464K)->6272K(6464K)
[770.241s][info][gc             ] GC(2119) Pause Young (Allocation Failure) 750M->456M(757M) 1.622ms
[770.241s][info][gc,cpu         ] GC(2119) User=0.00s Sys=0.00s Real=0.00s
[770.942s][info][gc,start       ] GC(2120) Pause Young (Allocation Failure)
[770.943s][info][gc,heap        ] GC(2120) PSYoungGen: 283712K(308736K)->64K(306176K) Eden: 283648K(283648K)->0K(284160K) From: 64K(25088K)->64K(22016K)
[770.944s][info][gc,heap        ] GC(2120) ParOldGen: 466924K(466944K)->466940K(466944K)
[770.944s][info][gc,metaspace   ] GC(2120) Metaspace: 35494K(36224K)->35494K(36224K) NonClass: 29221K(29760K)->29221K(29760K) Class: 6272K(6464K)->6272K(6464K)
[770.944s][info][gc             ] GC(2120) Pause Young (Allocation Failure) 733M->456M(755M) 1.775ms
[770.944s][info][gc,cpu         ] GC(2120) User=0.00s Sys=0.00s Real=0.00s
[771.210s][info][gc,start       ] GC(2121) Pause Young (Allocation Failure)
[771.212s][info][gc,heap        ] GC(2121) PSYoungGen: 284224K(306176K)->64K(307712K) Eden: 284160K(284160K)->0K(284160K) From: 64K(22016K)->64K(23552K)
[771.212s][info][gc,heap        ] GC(2121) ParOldGen: 466940K(466944K)->466940K(466944K)
[771.212s][info][gc,metaspace   ] GC(2121) Metaspace: 35494K(36224K)->35494K(36224K) NonClass: 29221K(29760K)->29221K(29760K) Class: 6272K(6464K)->6272K(6464K)
[771.212s][info][gc             ] GC(2121) Pause Young (Allocation Failure) 733M->456M(756M) 1.712ms
[771.212s][info][gc,cpu         ] GC(2121) User=0.01s Sys=0.00s Real=0.00s
[771.645s][info][gc,start       ] GC(2122) Pause Young (Allocation Failure)
[771.646s][info][gc,heap        ] GC(2122) PSYoungGen: 284224K(307712K)->64K(308736K) Eden: 284160K(284160K)->0K(287744K) From: 64K(23552K)->64K(20992K)
[771.646s][info][gc,heap        ] GC(2122) ParOldGen: 466940K(466944K)->466956K(467456K)
[771.646s][info][gc,metaspace   ] GC(2122) Metaspace: 35494K(36224K)->35494K(36224K) NonClass: 29221K(29760K)->29221K(29760K) Class: 6272K(6464K)->6272K(6464K)
[771.646s][info][gc             ] GC(2122) Pause Young (Allocation Failure) 733M->456M(758M) 1.808ms
[771.646s][info][gc,cpu         ] GC(2122) User=0.00s Sys=0.00s Real=0.01s
[771.864s][info][gc,start       ] GC(2123) Pause Young (Allocation Failure)
[771.866s][info][gc,heap        ] GC(2123) PSYoungGen: 287808K(308736K)->64K(309760K) Eden: 287744K(287744K)->0K(287744K) From: 64K(20992K)->64K(22016K)
[771.866s][info][gc,heap        ] GC(2123) ParOldGen: 466956K(467456K)->466972K(467456K)
[771.866s][info][gc,metaspace   ] GC(2123) Metaspace: 35494K(36224K)->35494K(36224K) NonClass: 29221K(29760K)->29221K(29760K) Class: 6272K(6464K)->6272K(6464K)
[771.866s][info][gc             ] GC(2123) Pause Young (Allocation Failure) 737M->456M(759M) 1.686ms
[771.866s][info][gc,cpu         ] GC(2123) User=0.01s Sys=0.00s Real=0.01s
[772.082s][info][gc,start       ] GC(2124) Pause Young (Allocation Failure)
[772.084s][info][gc,heap        ] GC(2124) PSYoungGen: 287808K(309760K)->64K(309760K) Eden: 287744K(287744K)->0K(290816K) From: 64K(22016K)->64K(18944K)
[772.084s][info][gc,heap        ] GC(2124) ParOldGen: 466972K(467456K)->466972K(467456K)
[772.084s][info][gc,metaspace   ] GC(2124) Metaspace: 35494K(36224K)->35494K(36224K) NonClass: 29221K(29760K)->29221K(29760K) Class: 6272K(6464K)->6272K(6464K)
[772.084s][info][gc             ] GC(2124) Pause Young (Allocation Failure) 737M->456M(759M) 1.682ms
[772.084s][info][gc,cpu         ] GC(2124) User=0.00s Sys=0.00s Real=0.00s
[772.382s][info][gc,start       ] GC(2125) Pause Young (Allocation Failure)
[772.383s][info][gc,heap        ] GC(2125) PSYoungGen: 290880K(309760K)->64K(310784K) Eden: 290816K(290816K)->0K(290816K) From: 64K(18944K)->64K(19968K)
[772.383s][info][gc,heap        ] GC(2125) ParOldGen: 466972K(467456K)->466972K(467456K)
[772.383s][info][gc,metaspace   ] GC(2125) Metaspace: 35494K(36224K)->35494K(36224K) NonClass: 29221K(29760K)->29221K(29760K) Class: 6272K(6464K)->6272K(6464K)
[772.383s][info][gc             ] GC(2125) Pause Young (Allocation Failure) 740M->456M(760M) 1.684ms
[772.383s][info][gc,cpu         ] GC(2125) User=0.00s Sys=0.00s Real=0.00s
[772.437s][info][gc,start       ] GC(2126) Pause Young (Allocation Failure)
[772.439s][info][gc,heap        ] GC(2126) PSYoungGen: 290880K(310784K)->64K(311808K) Eden: 290816K(290816K)->0K(294912K) From: 64K(19968K)->64K(16896K)
[772.439s][info][gc,heap        ] GC(2126) ParOldGen: 466972K(467456K)->466988K(467456K)
[772.439s][info][gc,metaspace   ] GC(2126) Metaspace: 35494K(36224K)->35494K(36224K) NonClass: 29221K(29760K)->29221K(29760K) Class: 6272K(6464K)->6272K(6464K)
[772.439s][info][gc             ] GC(2126) Pause Young (Allocation Failure) 740M->456M(761M) 1.616ms
[772.439s][info][gc,cpu         ] GC(2126) User=0.01s Sys=0.00s Real=0.00s
[772.534s][info][gc,start       ] GC(2127) Pause Young (Allocation Failure)
[772.535s][info][gc,heap        ] GC(2127) PSYoungGen: 294976K(311808K)->64K(312832K) Eden: 294912K(294912K)->0K(294912K) From: 64K(16896K)->64K(17920K)
[772.535s][info][gc,heap        ] GC(2127) ParOldGen: 466988K(467456K)->466988K(467456K)
[772.535s][info][gc,metaspace   ] GC(2127) Metaspace: 35494K(36224K)->35494K(36224K) NonClass: 29221K(29760K)->29221K(29760K) Class: 6272K(6464K)->6272K(6464K)
[772.536s][info][gc             ] GC(2127) Pause Young (Allocation Failure) 744M->456M(762M) 1.720ms
[772.536s][info][gc,cpu         ] GC(2127) User=0.00s Sys=0.00s Real=0.01s
[772.882s][info][gc,start       ] GC(2128) Pause Young (Allocation Failure)
[772.884s][info][gc,heap        ] GC(2128) PSYoungGen: 294976K(312832K)->32K(313856K) Eden: 294912K(294912K)->0K(299008K) From: 64K(17920K)->32K(14848K)
[772.884s][info][gc,heap        ] GC(2128) ParOldGen: 466988K(467456K)->467004K(467456K)
[772.884s][info][gc,metaspace   ] GC(2128) Metaspace: 35494K(36224K)->35494K(36224K) NonClass: 29221K(29760K)->29221K(29760K) Class: 6272K(6464K)->6272K(6464K)
[772.884s][info][gc             ] GC(2128) Pause Young (Allocation Failure) 744M->456M(763M) 1.630ms
[772.884s][info][gc,cpu         ] GC(2128) User=0.00s Sys=0.00s Real=0.00s
[773.124s][info][gc,start       ] GC(2129) Pause Young (Allocation Failure)
[773.126s][info][gc,heap        ] GC(2129) PSYoungGen: 299040K(313856K)->64K(314880K) Eden: 299008K(299008K)->0K(299008K) From: 32K(14848K)->64K(15872K)
[773.126s][info][gc,heap        ] GC(2129) ParOldGen: 467004K(467456K)->467004K(467456K)
[773.126s][info][gc,metaspace   ] GC(2129) Metaspace: 35494K(36224K)->35494K(36224K) NonClass: 29221K(29760K)->29221K(29760K) Class: 6272K(6464K)->6272K(6464K)
[773.126s][info][gc             ] GC(2129) Pause Young (Allocation Failure) 748M->456M(764M) 1.734ms
[773.126s][info][gc,cpu         ] GC(2129) User=0.00s Sys=0.00s Real=0.01s
[773.207s][info][gc,start       ] GC(2130) Pause Young (Allocation Failure)
[773.208s][info][gc,heap        ] GC(2130) PSYoungGen: 299072K(314880K)->64K(315904K) Eden: 299008K(299008K)->0K(303104K) From: 64K(15872K)->64K(12800K)
[773.208s][info][gc,heap        ] GC(2130) ParOldGen: 467004K(467456K)->467020K(467456K)
[773.208s][info][gc,metaspace   ] GC(2130) Metaspace: 35494K(36224K)->35494K(36224K) NonClass: 29221K(29760K)->29221K(29760K) Class: 6272K(6464K)->6272K(6464K)
[773.208s][info][gc             ] GC(2130) Pause Young (Allocation Failure) 748M->456M(765M) 1.689ms
[773.208s][info][gc,cpu         ] GC(2130) User=0.00s Sys=0.00s Real=0.00s
[773.360s][info][gc,start       ] GC(2131) Pause Young (Allocation Failure)
[773.362s][info][gc,heap        ] GC(2131) PSYoungGen: 303168K(315904K)->64K(316928K) Eden: 303104K(303104K)->0K(303104K) From: 64K(12800K)->64K(13824K)
[773.362s][info][gc,heap        ] GC(2131) ParOldGen: 467020K(467456K)->467020K(467456K)
[773.362s][info][gc,metaspace   ] GC(2131) Metaspace: 35494K(36224K)->35494K(36224K) NonClass: 29221K(29760K)->29221K(29760K) Class: 6272K(6464K)->6272K(6464K)
[773.362s][info][gc             ] GC(2131) Pause Young (Allocation Failure) 752M->456M(766M) 1.673ms
[773.362s][info][gc,cpu         ] GC(2131) User=0.00s Sys=0.00s Real=0.00s
[773.747s][info][gc,start       ] GC(2132) Pause Young (Allocation Failure)
[773.749s][info][gc,heap        ] GC(2132) PSYoungGen: 303168K(316928K)->64K(317440K) Eden: 303104K(303104K)->0K(306688K) From: 64K(13824K)->64K(10752K)
[773.749s][info][gc,heap        ] GC(2132) ParOldGen: 467020K(467456K)->467028K(467456K)
[773.749s][info][gc,metaspace   ] GC(2132) Metaspace: 35494K(36224K)->35494K(36224K) NonClass: 29221K(29760K)->29221K(29760K) Class: 6272K(6464K)->6272K(6464K)
[773.749s][info][gc             ] GC(2132) Pause Young (Allocation Failure) 752M->456M(766M) 1.629ms
[773.749s][info][gc,cpu         ] GC(2132) User=0.01s Sys=0.00s Real=0.00s
[774.432s][info][gc,start       ] GC(2133) Pause Young (Allocation Failure)
[774.434s][info][gc,heap        ] GC(2133) PSYoungGen: 306752K(317440K)->64K(294912K) Eden: 306688K(306688K)->0K(294400K) From: 64K(10752K)->64K(512K)
[774.434s][info][gc,heap        ] GC(2133) ParOldGen: 467028K(467456K)->467036K(467456K)
[774.434s][info][gc,metaspace   ] GC(2133) Metaspace: 35494K(36224K)->35494K(36224K) NonClass: 29221K(29760K)->29221K(29760K) Class: 6272K(6464K)->6272K(6464K)
[774.434s][info][gc             ] GC(2133) Pause Young (Allocation Failure) 755M->456M(744M) 2.128ms
[774.434s][info][gc,cpu         ] GC(2133) User=0.01s Sys=0.00s Real=0.00s
[775.402s][info][gc,start       ] GC(2134) Pause Young (Allocation Failure)
[775.404s][info][gc,heap        ] GC(2134) PSYoungGen: 294464K(294912K)->64K(283136K) Eden: 294400K(294400K)->0K(282624K) From: 64K(512K)->64K(512K)
[775.404s][info][gc,heap        ] GC(2134) ParOldGen: 467036K(467456K)->467044K(467456K)
[775.404s][info][gc,metaspace   ] GC(2134) Metaspace: 35494K(36224K)->35494K(36224K) NonClass: 29221K(29760K)->29221K(29760K) Class: 6272K(6464K)->6272K(6464K)
[775.404s][info][gc             ] GC(2134) Pause Young (Allocation Failure) 743M->456M(733M) 2.242ms
[775.404s][info][gc,cpu         ] GC(2134) User=0.00s Sys=0.00s Real=0.00s
[775.854s][info][gc,start       ] GC(2135) Pause Young (Allocation Failure)
[775.855s][info][gc,heap        ] GC(2135) PSYoungGen: 282688K(283136K)->64K(282112K) Eden: 282624K(282624K)->0K(271360K) From: 64K(512K)->64K(10752K)
[775.855s][info][gc,heap        ] GC(2135) ParOldGen: 467044K(467456K)->467052K(467456K)
[775.855s][info][gc,metaspace   ] GC(2135) Metaspace: 35494K(36224K)->35494K(36224K) NonClass: 29221K(29760K)->29221K(29760K) Class: 6272K(6464K)->6272K(6464K)
[775.855s][info][gc             ] GC(2135) Pause Young (Allocation Failure) 732M->456M(732M) 1.591ms
[775.855s][info][gc,cpu         ] GC(2135) User=0.01s Sys=0.00s Real=0.01s
[776.820s][info][gc,start       ] GC(2136) Pause Young (Allocation Failure)
[776.822s][info][gc,heap        ] GC(2136) PSYoungGen: 271424K(282112K)->64K(261120K) Eden: 271360K(271360K)->0K(260608K) From: 64K(10752K)->64K(512K)
[776.822s][info][gc,heap        ] GC(2136) ParOldGen: 467052K(467456K)->467060K(467456K)
[776.822s][info][gc,metaspace   ] GC(2136) Metaspace: 35494K(36224K)->35494K(36224K) NonClass: 29221K(29760K)->29221K(29760K) Class: 6272K(6464K)->6272K(6464K)
[776.822s][info][gc             ] GC(2136) Pause Young (Allocation Failure) 721M->456M(711M) 2.304ms
[776.822s][info][gc,cpu         ] GC(2136) User=0.00s Sys=0.01s Real=0.00s
[777.209s][info][gc,start       ] GC(2137) Pause Young (Allocation Failure)
[777.211s][info][gc,heap        ] GC(2137) PSYoungGen: 260672K(261120K)->64K(259584K) Eden: 260608K(260608K)->0K(250368K) From: 64K(512K)->64K(9216K)
[777.211s][info][gc,heap        ] GC(2137) ParOldGen: 467060K(467456K)->467068K(467456K)
[777.211s][info][gc,metaspace   ] GC(2137) Metaspace: 35494K(36224K)->35494K(36224K) NonClass: 29221K(29760K)->29221K(29760K) Class: 6272K(6464K)->6272K(6464K)
[777.211s][info][gc             ] GC(2137) Pause Young (Allocation Failure) 710M->456M(710M) 1.732ms
[777.211s][info][gc,cpu         ] GC(2137) User=0.01s Sys=0.00s Real=0.00s
[777.419s][info][gc,start       ] GC(2138) Pause Young (Allocation Failure)
[777.422s][info][gc,heap        ] GC(2138) PSYoungGen: 250432K(259584K)->64K(241152K) Eden: 250368K(250368K)->0K(240640K) From: 64K(9216K)->64K(512K)
[777.422s][info][gc,heap        ] GC(2138) ParOldGen: 467068K(467456K)->467076K(467456K)
[777.422s][info][gc,metaspace   ] GC(2138) Metaspace: 35494K(36224K)->35494K(36224K) NonClass: 29221K(29760K)->29221K(29760K) Class: 6272K(6464K)->6272K(6464K)
[777.422s][info][gc             ] GC(2138) Pause Young (Allocation Failure) 700M->456M(692M) 2.470ms
[777.422s][info][gc,cpu         ] GC(2138) User=0.00s Sys=0.00s Real=0.00s
[777.491s][info][gc,start       ] GC(2139) Pause Young (Allocation Failure)
[777.492s][info][gc,heap        ] GC(2139) PSYoungGen: 240704K(241152K)->64K(283648K) Eden: 240640K(240640K)->0K(275456K) From: 64K(512K)->64K(8192K)
[777.492s][info][gc,heap        ] GC(2139) ParOldGen: 467076K(467456K)->467084K(467456K)
[777.492s][info][gc,metaspace   ] GC(2139) Metaspace: 35494K(36224K)->35494K(36224K) NonClass: 29221K(29760K)->29221K(29760K) Class: 6272K(6464K)->6272K(6464K)
[777.493s][info][gc             ] GC(2139) Pause Young (Allocation Failure) 691M->456M(733M) 1.631ms
[777.493s][info][gc,cpu         ] GC(2139) User=0.01s Sys=0.00s Real=0.00s
[778.078s][info][gc,start       ] GC(2140) Pause Young (Allocation Failure)
[778.079s][info][gc,heap        ] GC(2140) PSYoungGen: 275520K(283648K)->64K(265216K) Eden: 275456K(275456K)->0K(264704K) From: 64K(8192K)->64K(512K)
[778.079s][info][gc,heap        ] GC(2140) ParOldGen: 467084K(467456K)->467092K(467456K)
[778.079s][info][gc,metaspace   ] GC(2140) Metaspace: 35494K(36224K)->35494K(36224K) NonClass: 29221K(29760K)->29221K(29760K) Class: 6272K(6464K)->6272K(6464K)
[778.079s][info][gc             ] GC(2140) Pause Young (Allocation Failure) 725M->456M(715M) 1.664ms
[778.079s][info][gc,cpu         ] GC(2140) User=0.00s Sys=0.00s Real=0.00s
[778.362s][info][gc,start       ] GC(2141) Pause Young (Allocation Failure)
[778.364s][info][gc,heap        ] GC(2141) PSYoungGen: 264768K(265216K)->64K(261632K) Eden: 264704K(264704K)->0K(254464K) From: 64K(512K)->64K(7168K)
[778.364s][info][gc,heap        ] GC(2141) ParOldGen: 467092K(467456K)->467100K(467456K)
[778.364s][info][gc,metaspace   ] GC(2141) Metaspace: 35494K(36224K)->35494K(36224K) NonClass: 29221K(29760K)->29221K(29760K) Class: 6272K(6464K)->6272K(6464K)
[778.364s][info][gc             ] GC(2141) Pause Young (Allocation Failure) 714M->456M(712M) 1.593ms
[778.364s][info][gc,cpu         ] GC(2141) User=0.01s Sys=0.00s Real=0.00s
[778.710s][info][gc,start       ] GC(2142) Pause Young (Allocation Failure)
[778.763s][info][gc,heap        ] GC(2142) PSYoungGen: 254528K(261632K)->6656K(279552K) Eden: 254464K(254464K)->0K(272896K) From: 64K(7168K)->6656K(6656K)
[778.763s][info][gc,heap        ] GC(2142) ParOldGen: 467100K(467456K)->478740K(479232K)
[778.763s][info][gc,metaspace   ] GC(2142) Metaspace: 35494K(36224K)->35494K(36224K) NonClass: 29221K(29760K)->29221K(29760K) Class: 6272K(6464K)->6272K(6464K)
[778.763s][info][gc             ] GC(2142) Pause Young (Allocation Failure) 704M->474M(741M) 53.766ms
[778.763s][info][gc,cpu         ] GC(2142) User=0.05s Sys=0.01s Real=0.05s
[779.043s][info][gc,start       ] GC(2143) Pause Young (Allocation Failure)
[779.102s][info][gc,heap        ] GC(2143) PSYoungGen: 279552K(279552K)->12288K(285184K) Eden: 272896K(272896K)->0K(272896K) From: 6656K(6656K)->12288K(12288K)
[779.102s][info][gc,heap        ] GC(2143) ParOldGen: 478740K(479232K)->495676K(496128K)
[779.102s][info][gc,metaspace   ] GC(2143) Metaspace: 35494K(36224K)->35494K(36224K) NonClass: 29221K(29760K)->29221K(29760K) Class: 6272K(6464K)->6272K(6464K)
[779.102s][info][gc             ] GC(2143) Pause Young (Allocation Failure) 740M->496M(763M) 59.104ms
[779.102s][info][gc,cpu         ] GC(2143) User=0.11s Sys=0.01s Real=0.06s
[779.333s][info][gc,start       ] GC(2144) Pause Young (Allocation Failure)
[779.386s][info][gc,heap        ] GC(2144) PSYoungGen: 285184K(285184K)->21504K(303104K) Eden: 272896K(272896K)->0K(281600K) From: 12288K(12288K)->21504K(21504K)
[779.386s][info][gc,heap        ] GC(2144) ParOldGen: 495676K(496128K)->496652K(497152K)
[779.386s][info][gc,metaspace   ] GC(2144) Metaspace: 35494K(36224K)->35494K(36224K) NonClass: 29221K(29760K)->29221K(29760K) Class: 6272K(6464K)->6272K(6464K)
[779.386s][info][gc             ] GC(2144) Pause Young (Allocation Failure) 762M->506M(781M) 52.701ms
[779.386s][info][gc,cpu         ] GC(2144) User=0.10s Sys=0.01s Real=0.06s
[779.531s][info][gc,start       ] GC(2145) Pause Young (Allocation Failure)
[779.533s][info][gc,heap        ] GC(2145) PSYoungGen: 303104K(303104K)->64K(307712K) Eden: 281600K(281600K)->0K(281600K) From: 21504K(21504K)->64K(26112K)
[779.533s][info][gc,heap        ] GC(2145) ParOldGen: 496652K(497152K)->496668K(497152K)
[779.533s][info][gc,metaspace   ] GC(2145) Metaspace: 35494K(36224K)->35494K(36224K) NonClass: 29221K(29760K)->29221K(29760K) Class: 6272K(6464K)->6272K(6464K)
[779.533s][info][gc             ] GC(2145) Pause Young (Allocation Failure) 781M->485M(786M) 1.926ms
[779.533s][info][gc,cpu         ] GC(2145) User=0.01s Sys=0.00s Real=0.00s
[780.237s][info][gc,start       ] GC(2146) Pause Young (Allocation Failure)
[780.239s][info][gc,heap        ] GC(2146) PSYoungGen: 281664K(307712K)->64K(305152K) Eden: 281600K(281600K)->0K(282112K) From: 64K(26112K)->64K(23040K)
[780.239s][info][gc,heap        ] GC(2146) ParOldGen: 496668K(497152K)->496684K(497152K)
[780.239s][info][gc,metaspace   ] GC(2146) Metaspace: 35494K(36224K)->35494K(36224K) NonClass: 29221K(29760K)->29221K(29760K) Class: 6272K(6464K)->6272K(6464K)
[780.239s][info][gc             ] GC(2146) Pause Young (Allocation Failure) 760M->485M(783M) 1.947ms
[780.239s][info][gc,cpu         ] GC(2146) User=0.00s Sys=0.00s Real=0.00s
[780.546s][info][gc,start       ] GC(2147) Pause Young (Allocation Failure)
[780.548s][info][gc,heap        ] GC(2147) PSYoungGen: 282176K(305152K)->64K(306688K) Eden: 282112K(282112K)->0K(282112K) From: 64K(23040K)->64K(24576K)
[780.548s][info][gc,heap        ] GC(2147) ParOldGen: 496684K(497152K)->496684K(497152K)
[780.548s][info][gc,metaspace   ] GC(2147) Metaspace: 35494K(36224K)->35494K(36224K) NonClass: 29221K(29760K)->29221K(29760K) Class: 6272K(6464K)->6272K(6464K)
[780.548s][info][gc             ] GC(2147) Pause Young (Allocation Failure) 760M->485M(785M) 1.694ms
[780.548s][info][gc,cpu         ] GC(2147) User=0.00s Sys=0.00s Real=0.00s
[780.992s][info][gc,start       ] GC(2148) Pause Young (Allocation Failure)
[780.993s][info][gc,heap        ] GC(2148) PSYoungGen: 282176K(306688K)->64K(306688K) Eden: 282112K(282112K)->0K(285696K) From: 64K(24576K)->64K(20992K)
[780.993s][info][gc,heap        ] GC(2148) ParOldGen: 496684K(497152K)->496700K(497152K)
[780.993s][info][gc,metaspace   ] GC(2148) Metaspace: 35494K(36224K)->35494K(36224K) NonClass: 29221K(29760K)->29221K(29760K) Class: 6272K(6464K)->6272K(6464K)
[780.993s][info][gc             ] GC(2148) Pause Young (Allocation Failure) 760M->485M(785M) 1.818ms
[780.993s][info][gc,cpu         ] GC(2148) User=0.00s Sys=0.00s Real=0.00s
[781.210s][info][gc,start       ] GC(2149) Pause Young (Allocation Failure)
[781.211s][info][gc,heap        ] GC(2149) PSYoungGen: 285760K(306688K)->32K(308224K) Eden: 285696K(285696K)->0K(285696K) From: 64K(20992K)->32K(22528K)
[781.211s][info][gc,heap        ] GC(2149) ParOldGen: 496700K(497152K)->496716K(497152K)
[781.211s][info][gc,metaspace   ] GC(2149) Metaspace: 35494K(36224K)->35494K(36224K) NonClass: 29221K(29760K)->29221K(29760K) Class: 6272K(6464K)->6272K(6464K)
[781.211s][info][gc             ] GC(2149) Pause Young (Allocation Failure) 764M->485M(786M) 1.762ms
[781.211s][info][gc,cpu         ] GC(2149) User=0.00s Sys=0.00s Real=0.00s
[781.426s][info][gc,start       ] GC(2150) Pause Young (Allocation Failure)
[781.428s][info][gc,heap        ] GC(2150) PSYoungGen: 285728K(308224K)->64K(308736K) Eden: 285696K(285696K)->0K(289792K) From: 32K(22528K)->64K(18944K)
[781.428s][info][gc,heap        ] GC(2150) ParOldGen: 496716K(497152K)->496716K(497152K)
[781.428s][info][gc,metaspace   ] GC(2150) Metaspace: 35494K(36224K)->35494K(36224K) NonClass: 29221K(29760K)->29221K(29760K) Class: 6272K(6464K)->6272K(6464K)
[781.428s][info][gc             ] GC(2150) Pause Young (Allocation Failure) 764M->485M(787M) 1.745ms
[781.428s][info][gc,cpu         ] GC(2150) User=0.00s Sys=0.00s Real=0.00s
[781.747s][info][gc,start       ] GC(2151) Pause Young (Allocation Failure)
[781.749s][info][gc,heap        ] GC(2151) PSYoungGen: 289856K(308736K)->64K(310272K) Eden: 289792K(289792K)->0K(289792K) From: 64K(18944K)->64K(20480K)
[781.749s][info][gc,heap        ] GC(2151) ParOldGen: 496716K(497152K)->496716K(497152K)
[781.749s][info][gc,metaspace   ] GC(2151) Metaspace: 35494K(36224K)->35494K(36224K) NonClass: 29221K(29760K)->29221K(29760K) Class: 6272K(6464K)->6272K(6464K)
[781.749s][info][gc             ] GC(2151) Pause Young (Allocation Failure) 768M->485M(788M) 1.679ms
[781.749s][info][gc,cpu         ] GC(2151) User=0.00s Sys=0.00s Real=0.00s
[781.804s][info][gc,start       ] GC(2152) Pause Young (Allocation Failure)
[781.806s][info][gc,heap        ] GC(2152) PSYoungGen: 289856K(310272K)->32K(310784K) Eden: 289792K(289792K)->0K(293888K) From: 64K(20480K)->32K(16896K)
[781.806s][info][gc,heap        ] GC(2152) ParOldGen: 496716K(497152K)->496732K(497152K)
[781.806s][info][gc,metaspace   ] GC(2152) Metaspace: 35494K(36224K)->35494K(36224K) NonClass: 29221K(29760K)->29221K(29760K) Class: 6272K(6464K)->6272K(6464K)
[781.806s][info][gc             ] GC(2152) Pause Young (Allocation Failure) 768M->485M(789M) 1.690ms
[781.806s][info][gc,cpu         ] GC(2152) User=0.01s Sys=0.00s Real=0.01s
[781.863s][info][gc,start       ] GC(2153) Pause Young (Allocation Failure)
[781.864s][info][gc,heap        ] GC(2153) PSYoungGen: 293920K(310784K)->64K(312320K) Eden: 293888K(293888K)->0K(293888K) From: 32K(16896K)->64K(18432K)
[781.864s][info][gc,heap        ] GC(2153) ParOldGen: 496732K(497152K)->496732K(497152K)
[781.865s][info][gc,metaspace   ] GC(2153) Metaspace: 35494K(36224K)->35494K(36224K) NonClass: 29221K(29760K)->29221K(29760K) Class: 6272K(6464K)->6272K(6464K)
[781.865s][info][gc             ] GC(2153) Pause Young (Allocation Failure) 772M->485M(790M) 1.643ms
[781.865s][info][gc,cpu         ] GC(2153) User=0.00s Sys=0.00s Real=0.00s
[782.216s][info][gc,start       ] GC(2154) Pause Young (Allocation Failure)
[782.218s][info][gc,heap        ] GC(2154) PSYoungGen: 293952K(312320K)->64K(312832K) Eden: 293888K(293888K)->0K(297984K) From: 64K(18432K)->64K(14848K)
[782.218s][info][gc,heap        ] GC(2154) ParOldGen: 496732K(497152K)->496732K(497152K)
[782.218s][info][gc,metaspace   ] GC(2154) Metaspace: 35494K(36224K)->35494K(36224K) NonClass: 29221K(29760K)->29221K(29760K) Class: 6272K(6464K)->6272K(6464K)
[782.218s][info][gc             ] GC(2154) Pause Young (Allocation Failure) 772M->485M(791M) 1.802ms
[782.218s][info][gc,cpu         ] GC(2154) User=0.01s Sys=0.00s Real=0.00s
[782.480s][info][gc,start       ] GC(2155) Pause Young (Allocation Failure)
[782.482s][info][gc,heap        ] GC(2155) PSYoungGen: 298048K(312832K)->64K(314368K) Eden: 297984K(297984K)->0K(297984K) From: 64K(14848K)->64K(16384K)
[782.482s][info][gc,heap        ] GC(2155) ParOldGen: 496732K(497152K)->496740K(497152K)
[782.482s][info][gc,metaspace   ] GC(2155) Metaspace: 35494K(36224K)->35494K(36224K) NonClass: 29221K(29760K)->29221K(29760K) Class: 6272K(6464K)->6272K(6464K)
[782.482s][info][gc             ] GC(2155) Pause Young (Allocation Failure) 776M->485M(792M) 1.705ms
[782.482s][info][gc,cpu         ] GC(2155) User=0.00s Sys=0.00s Real=0.00s
[782.576s][info][gc,start       ] GC(2156) Pause Young (Allocation Failure)
[782.578s][info][gc,heap        ] GC(2156) PSYoungGen: 298048K(314368K)->64K(314880K) Eden: 297984K(297984K)->0K(302080K) From: 64K(16384K)->64K(12800K)
[782.578s][info][gc,heap        ] GC(2156) ParOldGen: 496740K(497152K)->496748K(497152K)
[782.578s][info][gc,metaspace   ] GC(2156) Metaspace: 35494K(36224K)->35494K(36224K) NonClass: 29221K(29760K)->29221K(29760K) Class: 6272K(6464K)->6272K(6464K)
[782.578s][info][gc             ] GC(2156) Pause Young (Allocation Failure) 776M->485M(793M) 1.785ms
[782.578s][info][gc,cpu         ] GC(2156) User=0.01s Sys=0.00s Real=0.00s
[782.710s][info][gc,start       ] GC(2157) Pause Young (Allocation Failure)
[782.712s][info][gc,heap        ] GC(2157) PSYoungGen: 302144K(314880K)->64K(316416K) Eden: 302080K(302080K)->0K(302080K) From: 64K(12800K)->64K(14336K)
[782.712s][info][gc,heap        ] GC(2157) ParOldGen: 496748K(497152K)->496756K(497152K)
[782.712s][info][gc,metaspace   ] GC(2157) Metaspace: 35494K(36224K)->35494K(36224K) NonClass: 29221K(29760K)->29221K(29760K) Class: 6272K(6464K)->6272K(6464K)
[782.712s][info][gc             ] GC(2157) Pause Young (Allocation Failure) 780M->485M(794M) 1.721ms
[782.712s][info][gc,cpu         ] GC(2157) User=0.01s Sys=0.00s Real=0.00s
[783.081s][info][gc,start       ] GC(2158) Pause Young (Allocation Failure)
[783.082s][info][gc,heap        ] GC(2158) PSYoungGen: 302144K(316416K)->64K(316928K) Eden: 302080K(302080K)->0K(305664K) From: 64K(14336K)->64K(11264K)
[783.082s][info][gc,heap        ] GC(2158) ParOldGen: 496756K(497152K)->496764K(497152K)
[783.082s][info][gc,metaspace   ] GC(2158) Metaspace: 35494K(36224K)->35494K(36224K) NonClass: 29221K(29760K)->29221K(29760K) Class: 6272K(6464K)->6272K(6464K)
[783.082s][info][gc             ] GC(2158) Pause Young (Allocation Failure) 780M->485M(795M) 1.747ms
[783.082s][info][gc,cpu         ] GC(2158) User=0.01s Sys=0.00s Real=0.00s
[783.838s][info][gc,start       ] GC(2159) Pause Young (Allocation Failure)
[783.840s][info][gc,heap        ] GC(2159) PSYoungGen: 305728K(316928K)->64K(318464K) Eden: 305664K(305664K)->0K(305664K) From: 64K(11264K)->64K(12800K)
[783.840s][info][gc,heap        ] GC(2159) ParOldGen: 496764K(497152K)->496772K(497152K)
[783.840s][info][gc,metaspace   ] GC(2159) Metaspace: 35494K(36224K)->35494K(36224K) NonClass: 29221K(29760K)->29221K(29760K) Class: 6272K(6464K)->6272K(6464K)
[783.840s][info][gc             ] GC(2159) Pause Young (Allocation Failure) 783M->485M(796M) 1.840ms
[783.840s][info][gc,cpu         ] GC(2159) User=0.01s Sys=0.00s Real=0.00s
[784.812s][info][gc,start       ] GC(2160) Pause Young (Allocation Failure)
[784.814s][info][gc,heap        ] GC(2160) PSYoungGen: 305728K(318464K)->64K(293888K) Eden: 305664K(305664K)->0K(293376K) From: 64K(12800K)->64K(512K)
[784.814s][info][gc,heap        ] GC(2160) ParOldGen: 496772K(497152K)->496780K(497152K)
[784.814s][info][gc,metaspace   ] GC(2160) Metaspace: 35494K(36224K)->35494K(36224K) NonClass: 29221K(29760K)->29221K(29760K) Class: 6272K(6464K)->6272K(6464K)
[784.814s][info][gc             ] GC(2160) Pause Young (Allocation Failure) 783M->485M(772M) 2.814ms
[784.814s][info][gc,cpu         ] GC(2160) User=0.00s Sys=0.01s Real=0.00s
[785.251s][info][gc,start       ] GC(2161) Pause Young (Allocation Failure)
[785.253s][info][gc,heap        ] GC(2161) PSYoungGen: 293440K(293888K)->64K(292864K) Eden: 293376K(293376K)->0K(281600K) From: 64K(512K)->64K(11264K)
[785.253s][info][gc,heap        ] GC(2161) ParOldGen: 496780K(497152K)->496788K(497152K)
[785.253s][info][gc,metaspace   ] GC(2161) Metaspace: 35494K(36224K)->35494K(36224K) NonClass: 29221K(29760K)->29221K(29760K) Class: 6272K(6464K)->6272K(6464K)
[785.253s][info][gc             ] GC(2161) Pause Young (Allocation Failure) 771M->485M(771M) 2.220ms
[785.253s][info][gc,cpu         ] GC(2161) User=0.00s Sys=0.00s Real=0.00s
[786.256s][info][gc,start       ] GC(2162) Pause Young (Allocation Failure)
[786.259s][info][gc,heap        ] GC(2162) PSYoungGen: 281664K(292864K)->64K(270848K) Eden: 281600K(281600K)->0K(270336K) From: 64K(11264K)->64K(512K)
[786.259s][info][gc,heap        ] GC(2162) ParOldGen: 496788K(497152K)->496796K(497152K)
[786.259s][info][gc,metaspace   ] GC(2162) Metaspace: 35494K(36224K)->35494K(36224K) NonClass: 29221K(29760K)->29221K(29760K) Class: 6272K(6464K)->6272K(6464K)
[786.259s][info][gc             ] GC(2162) Pause Young (Allocation Failure) 760M->485M(750M) 2.940ms
[786.259s][info][gc,cpu         ] GC(2162) User=0.01s Sys=0.00s Real=0.00s
[786.495s][info][gc,start       ] GC(2163) Pause Young (Allocation Failure)
[786.497s][info][gc,heap        ] GC(2163) PSYoungGen: 270400K(270848K)->64K(269824K) Eden: 270336K(270336K)->0K(260096K) From: 64K(512K)->64K(9728K)
[786.497s][info][gc,heap        ] GC(2163) ParOldGen: 496796K(497152K)->496804K(497152K)
[786.497s][info][gc,metaspace   ] GC(2163) Metaspace: 35494K(36224K)->35494K(36224K) NonClass: 29221K(29760K)->29221K(29760K) Class: 6272K(6464K)->6272K(6464K)
[786.497s][info][gc             ] GC(2163) Pause Young (Allocation Failure) 749M->485M(749M) 1.963ms
[786.497s][info][gc,cpu         ] GC(2163) User=0.00s Sys=0.00s Real=0.01s
[786.873s][info][gc,start       ] GC(2164) Pause Young (Allocation Failure)
[786.875s][info][gc,heap        ] GC(2164) PSYoungGen: 260160K(269824K)->64K(250368K) Eden: 260096K(260096K)->0K(249856K) From: 64K(9728K)->64K(512K)
[786.875s][info][gc,heap        ] GC(2164) ParOldGen: 496804K(497152K)->496812K(497152K)
[786.875s][info][gc,metaspace   ] GC(2164) Metaspace: 35494K(36224K)->35494K(36224K) NonClass: 29221K(29760K)->29221K(29760K) Class: 6272K(6464K)->6272K(6464K)
[786.875s][info][gc             ] GC(2164) Pause Young (Allocation Failure) 739M->485M(730M) 1.977ms
[786.875s][info][gc,cpu         ] GC(2164) User=0.00s Sys=0.00s Real=0.00s
[786.952s][info][gc,start       ] GC(2165) Pause Young (Allocation Failure)
[786.954s][info][gc,heap        ] GC(2165) PSYoungGen: 249920K(250368K)->64K(295424K) Eden: 249856K(249856K)->0K(287232K) From: 64K(512K)->64K(8192K)
[786.954s][info][gc,heap        ] GC(2165) ParOldGen: 496812K(497152K)->496820K(497152K)
[786.954s][info][gc,metaspace   ] GC(2165) Metaspace: 35494K(36224K)->35494K(36224K) NonClass: 29221K(29760K)->29221K(29760K) Class: 6272K(6464K)->6272K(6464K)
[786.954s][info][gc             ] GC(2165) Pause Young (Allocation Failure) 729M->485M(774M) 2.096ms
[786.954s][info][gc,cpu         ] GC(2165) User=0.00s Sys=0.00s Real=0.00s
[787.609s][info][gc,start       ] GC(2166) Pause Young (Allocation Failure)
[787.612s][info][gc,heap        ] GC(2166) PSYoungGen: 287296K(295424K)->64K(276480K) Eden: 287232K(287232K)->0K(275968K) From: 64K(8192K)->64K(512K)
[787.612s][info][gc,heap        ] GC(2166) ParOldGen: 496820K(497152K)->496828K(497152K)
[787.612s][info][gc,metaspace   ] GC(2166) Metaspace: 35494K(36224K)->35494K(36224K) NonClass: 29221K(29760K)->29221K(29760K) Class: 6272K(6464K)->6272K(6464K)
[787.612s][info][gc             ] GC(2166) Pause Young (Allocation Failure) 765M->485M(755M) 3.118ms
[787.612s][info][gc,cpu         ] GC(2166) User=0.01s Sys=0.00s Real=0.00s
[787.892s][info][gc,start       ] GC(2167) Pause Young (Allocation Failure)
[787.894s][info][gc,heap        ] GC(2167) PSYoungGen: 276032K(276480K)->64K(272384K) Eden: 275968K(275968K)->0K(265216K) From: 64K(512K)->64K(7168K)
[787.894s][info][gc,heap        ] GC(2167) ParOldGen: 496828K(497152K)->496836K(497152K)
[787.894s][info][gc,metaspace   ] GC(2167) Metaspace: 35494K(36224K)->35494K(36224K) NonClass: 29221K(29760K)->29221K(29760K) Class: 6272K(6464K)->6272K(6464K)
[787.894s][info][gc             ] GC(2167) Pause Young (Allocation Failure) 754M->485M(751M) 2.233ms
[787.894s][info][gc,cpu         ] GC(2167) User=0.01s Sys=0.00s Real=0.00s
[788.232s][info][gc,start       ] GC(2168) Pause Young (Allocation Failure)
[788.281s][info][gc,heap        ] GC(2168) PSYoungGen: 265280K(272384K)->6656K(289280K) Eden: 265216K(265216K)->0K(282624K) From: 64K(7168K)->6656K(6656K)
[788.281s][info][gc,heap        ] GC(2168) ParOldGen: 496836K(497152K)->513524K(513536K)
[788.281s][info][gc,metaspace   ] GC(2168) Metaspace: 35494K(36224K)->35494K(36224K) NonClass: 29221K(29760K)->29221K(29760K) Class: 6272K(6464K)->6272K(6464K)
[788.282s][info][gc             ] GC(2168) Pause Young (Allocation Failure) 744M->507M(784M) 49.439ms
[788.282s][info][gc,cpu         ] GC(2168) User=0.09s Sys=0.01s Real=0.05s
[788.575s][info][gc,start       ] GC(2169) Pause Young (Allocation Failure)
[788.636s][info][gc,heap        ] GC(2169) PSYoungGen: 289280K(289280K)->14336K(296960K) Eden: 282624K(282624K)->0K(282624K) From: 6656K(6656K)->14336K(14336K)
[788.636s][info][gc,heap        ] GC(2169) ParOldGen: 513524K(513536K)->529620K(529920K)
[788.636s][info][gc,metaspace   ] GC(2169) Metaspace: 35494K(36224K)->35494K(36224K) NonClass: 29221K(29760K)->29221K(29760K) Class: 6272K(6464K)->6272K(6464K)
[788.636s][info][gc             ] GC(2169) Pause Young (Allocation Failure) 783M->531M(807M) 61.765ms
[788.636s][info][gc,cpu         ] GC(2169) User=0.11s Sys=0.01s Real=0.07s
[788.825s][info][gc,start       ] GC(2170) Pause Young (Allocation Failure)
[788.863s][info][gc,heap        ] GC(2170) PSYoungGen: 296960K(296960K)->15808K(306176K) Eden: 282624K(282624K)->0K(282624K) From: 14336K(14336K)->15808K(23552K)
[788.863s][info][gc,heap        ] GC(2170) ParOldGen: 529620K(529920K)->530212K(530432K)
[788.863s][info][gc,metaspace   ] GC(2170) Metaspace: 35494K(36224K)->35494K(36224K) NonClass: 29221K(29760K)->29221K(29760K) Class: 6272K(6464K)->6272K(6464K)
[788.863s][info][gc             ] GC(2170) Pause Young (Allocation Failure) 807M->533M(817M) 37.856ms
[788.863s][info][gc,cpu         ] GC(2170) User=0.07s Sys=0.01s Real=0.03s
[789.157s][info][gc,start       ] GC(2171) Pause Young (Allocation Failure)
[789.159s][info][gc,heap        ] GC(2171) PSYoungGen: 298432K(306176K)->64K(308224K) Eden: 282624K(282624K)->0K(282624K) From: 15808K(23552K)->64K(25600K)
[789.159s][info][gc,heap        ] GC(2171) ParOldGen: 530212K(530432K)->530220K(530432K)
[789.159s][info][gc,metaspace   ] GC(2171) Metaspace: 35494K(36224K)->35494K(36224K) NonClass: 29221K(29760K)->29221K(29760K) Class: 6272K(6464K)->6272K(6464K)
[789.159s][info][gc             ] GC(2171) Pause Young (Allocation Failure) 809M->517M(819M) 1.752ms
[789.159s][info][gc,cpu         ] GC(2171) User=0.00s Sys=0.00s Real=0.00s
[789.865s][info][gc,start       ] GC(2172) Pause Young (Allocation Failure)
[789.871s][info][gc,heap        ] GC(2172) PSYoungGen: 282688K(308224K)->160K(305664K) Eden: 282624K(282624K)->0K(283136K) From: 64K(25600K)->160K(22528K)
[789.871s][info][gc,heap        ] GC(2172) ParOldGen: 530220K(530432K)->530228K(530432K)
[789.871s][info][gc,metaspace   ] GC(2172) Metaspace: 35638K(36288K)->35638K(36288K) NonClass: 29364K(29824K)->29364K(29824K) Class: 6273K(6464K)->6273K(6464K)
[789.871s][info][gc             ] GC(2172) Pause Young (Allocation Failure) 793M->517M(816M) 6.031ms
[789.871s][info][gc,cpu         ] GC(2172) User=0.01s Sys=0.00s Real=0.01s
[790.151s][info][gc,start       ] GC(2173) Pause Young (Allocation Failure)
[790.153s][info][gc,heap        ] GC(2173) PSYoungGen: 283296K(305664K)->64K(307200K) Eden: 283136K(283136K)->0K(283136K) From: 160K(22528K)->64K(24064K)
[790.153s][info][gc,heap        ] GC(2173) ParOldGen: 530228K(530432K)->530324K(530432K)
[790.153s][info][gc,metaspace   ] GC(2173) Metaspace: 35638K(36288K)->35638K(36288K) NonClass: 29364K(29824K)->29364K(29824K) Class: 6273K(6464K)->6273K(6464K)
[790.153s][info][gc             ] GC(2173) Pause Young (Allocation Failure) 794M->517M(818M) 2.033ms
[790.153s][info][gc,cpu         ] GC(2173) User=0.01s Sys=0.00s Real=0.00s
[790.575s][info][gc,start       ] GC(2174) Pause Young (Allocation Failure)
[790.577s][info][gc,heap        ] GC(2174) PSYoungGen: 283200K(307200K)->64K(307200K) Eden: 283136K(283136K)->0K(286720K) From: 64K(24064K)->64K(20480K)
[790.577s][info][gc,heap        ] GC(2174) ParOldGen: 530324K(530432K)->530332K(530432K)
[790.577s][info][gc,metaspace   ] GC(2174) Metaspace: 35638K(36288K)->35638K(36288K) NonClass: 29364K(29824K)->29364K(29824K) Class: 6273K(6464K)->6273K(6464K)
[790.577s][info][gc             ] GC(2174) Pause Young (Allocation Failure) 794M->517M(818M) 1.889ms
[790.577s][info][gc,cpu         ] GC(2174) User=0.00s Sys=0.00s Real=0.00s
[790.795s][info][gc,start       ] GC(2175) Pause Young (Allocation Failure)
[790.797s][info][gc,heap        ] GC(2175) PSYoungGen: 286784K(307200K)->64K(308736K) Eden: 286720K(286720K)->0K(286720K) From: 64K(20480K)->64K(22016K)
[790.797s][info][gc,heap        ] GC(2175) ParOldGen: 530332K(530432K)->530348K(530432K)
[790.797s][info][gc,metaspace   ] GC(2175) Metaspace: 35638K(36288K)->35638K(36288K) NonClass: 29364K(29824K)->29364K(29824K) Class: 6273K(6464K)->6273K(6464K)
[790.797s][info][gc             ] GC(2175) Pause Young (Allocation Failure) 797M->517M(819M) 1.889ms
[790.797s][info][gc,cpu         ] GC(2175) User=0.00s Sys=0.00s Real=0.00s
[791.013s][info][gc,start       ] GC(2176) Pause Young (Allocation Failure)
[791.015s][info][gc,heap        ] GC(2176) PSYoungGen: 286784K(308736K)->64K(309248K) Eden: 286720K(286720K)->0K(290816K) From: 64K(22016K)->64K(18432K)
[791.015s][info][gc,heap        ] GC(2176) ParOldGen: 530348K(530432K)->530348K(530432K)
[791.015s][info][gc,metaspace   ] GC(2176) Metaspace: 35638K(36288K)->35638K(36288K) NonClass: 29364K(29824K)->29364K(29824K) Class: 6273K(6464K)->6273K(6464K)
[791.015s][info][gc             ] GC(2176) Pause Young (Allocation Failure) 797M->517M(820M) 1.826ms
[791.015s][info][gc,cpu         ] GC(2176) User=0.01s Sys=0.00s Real=0.00s
[791.301s][info][gc,start       ] GC(2177) Pause Young (Allocation Failure)
[791.303s][info][gc,heap        ] GC(2177) PSYoungGen: 290880K(309248K)->64K(310784K) Eden: 290816K(290816K)->0K(290816K) From: 64K(18432K)->64K(19968K)
[791.303s][info][gc,heap        ] GC(2177) ParOldGen: 530348K(530432K)->530348K(530432K)
[791.303s][info][gc,metaspace   ] GC(2177) Metaspace: 35638K(36288K)->35638K(36288K) NonClass: 29364K(29824K)->29364K(29824K) Class: 6273K(6464K)->6273K(6464K)
[791.303s][info][gc             ] GC(2177) Pause Young (Allocation Failure) 801M->517M(821M) 1.855ms
[791.303s][info][gc,cpu         ] GC(2177) User=0.00s Sys=0.00s Real=0.00s
[791.358s][info][gc,start       ] GC(2178) Pause Young (Allocation Failure)
[791.360s][info][gc,heap        ] GC(2178) PSYoungGen: 290880K(310784K)->64K(311296K) Eden: 290816K(290816K)->0K(294912K) From: 64K(19968K)->64K(16384K)
[791.360s][info][gc,heap        ] GC(2178) ParOldGen: 530348K(530432K)->530364K(530432K)
[791.360s][info][gc,metaspace   ] GC(2178) Metaspace: 35638K(36288K)->35638K(36288K) NonClass: 29364K(29824K)->29364K(29824K) Class: 6273K(6464K)->6273K(6464K)
[791.360s][info][gc             ] GC(2178) Pause Young (Allocation Failure) 801M->517M(822M) 1.809ms
[791.360s][info][gc,cpu         ] GC(2178) User=0.00s Sys=0.00s Real=0.00s
[791.470s][info][gc,start       ] GC(2179) Pause Young (Allocation Failure)
[791.472s][info][gc,heap        ] GC(2179) PSYoungGen: 294976K(311296K)->64K(312832K) Eden: 294912K(294912K)->0K(294912K) From: 64K(16384K)->64K(17920K)
[791.472s][info][gc,heap        ] GC(2179) ParOldGen: 530364K(530432K)->530364K(530432K)
[791.472s][info][gc,metaspace   ] GC(2179) Metaspace: 35638K(36288K)->35638K(36288K) NonClass: 29364K(29824K)->29364K(29824K) Class: 6273K(6464K)->6273K(6464K)
[791.472s][info][gc             ] GC(2179) Pause Young (Allocation Failure) 805M->517M(823M) 1.881ms
[791.472s][info][gc,cpu         ] GC(2179) User=0.00s Sys=0.00s Real=0.00s
[791.820s][info][gc,start       ] GC(2180) Pause Young (Allocation Failure)
[791.821s][info][gc,heap        ] GC(2180) PSYoungGen: 294976K(312832K)->64K(313344K) Eden: 294912K(294912K)->0K(299008K) From: 64K(17920K)->64K(14336K)
[791.822s][info][gc,heap        ] GC(2180) ParOldGen: 530364K(530432K)->530380K(530432K)
[791.822s][info][gc,metaspace   ] GC(2180) Metaspace: 35638K(36288K)->35638K(36288K) NonClass: 29364K(29824K)->29364K(29824K) Class: 6273K(6464K)->6273K(6464K)
[791.822s][info][gc             ] GC(2180) Pause Young (Allocation Failure) 805M->518M(824M) 1.842ms
[791.822s][info][gc,cpu         ] GC(2180) User=0.00s Sys=0.00s Real=0.00s
[792.045s][info][gc,start       ] GC(2181) Pause Young (Allocation Failure)
[792.046s][info][gc,heap        ] GC(2181) PSYoungGen: 299072K(313344K)->64K(314880K) Eden: 299008K(299008K)->0K(299008K) From: 64K(14336K)->64K(15872K)
[792.046s][info][gc,heap        ] GC(2181) ParOldGen: 530380K(530432K)->530380K(530432K)
[792.046s][info][gc,metaspace   ] GC(2181) Metaspace: 35638K(36288K)->35638K(36288K) NonClass: 29364K(29824K)->29364K(29824K) Class: 6273K(6464K)->6273K(6464K)
[792.046s][info][gc             ] GC(2181) Pause Young (Allocation Failure) 810M->518M(825M) 1.814ms
[792.046s][info][gc,cpu         ] GC(2181) User=0.00s Sys=0.00s Real=0.01s
[792.127s][info][gc,start       ] GC(2182) Pause Young (Allocation Failure)
[792.129s][info][gc,heap        ] GC(2182) PSYoungGen: 299072K(314880K)->64K(315392K) Eden: 299008K(299008K)->0K(302592K) From: 64K(15872K)->64K(12800K)
[792.129s][info][gc,heap        ] GC(2182) ParOldGen: 530380K(530432K)->530396K(530432K)
[792.129s][info][gc,metaspace   ] GC(2182) Metaspace: 35638K(36288K)->35638K(36288K) NonClass: 29364K(29824K)->29364K(29824K) Class: 6273K(6464K)->6273K(6464K)
[792.129s][info][gc             ] GC(2182) Pause Young (Allocation Failure) 810M->518M(826M) 1.840ms
[792.129s][info][gc,cpu         ] GC(2182) User=0.00s Sys=0.01s Real=0.00s
[792.280s][info][gc,start       ] GC(2183) Pause Young (Allocation Failure)
[792.282s][info][gc,heap        ] GC(2183) PSYoungGen: 302656K(315392K)->64K(316928K) Eden: 302592K(302592K)->0K(302592K) From: 64K(12800K)->64K(14336K)
[792.282s][info][gc,heap        ] GC(2183) ParOldGen: 530396K(530432K)->530396K(530432K)
[792.282s][info][gc,metaspace   ] GC(2183) Metaspace: 35638K(36288K)->35638K(36288K) NonClass: 29364K(29824K)->29364K(29824K) Class: 6273K(6464K)->6273K(6464K)
[792.282s][info][gc             ] GC(2183) Pause Young (Allocation Failure) 813M->518M(827M) 1.854ms
[792.282s][info][gc,cpu         ] GC(2183) User=0.01s Sys=0.00s Real=0.00s
[792.674s][info][gc,start       ] GC(2184) Pause Young (Allocation Failure)
[792.676s][info][gc,heap        ] GC(2184) PSYoungGen: 302656K(316928K)->64K(316928K) Eden: 302592K(302592K)->0K(306176K) From: 64K(14336K)->64K(10752K)
[792.676s][info][gc,heap        ] GC(2184) ParOldGen: 530396K(530432K)->530404K(530432K)
[792.676s][info][gc,metaspace   ] GC(2184) Metaspace: 35638K(36288K)->35638K(36288K) NonClass: 29364K(29824K)->29364K(29824K) Class: 6273K(6464K)->6273K(6464K)
[792.676s][info][gc             ] GC(2184) Pause Young (Allocation Failure) 813M->518M(827M) 1.789ms
[792.676s][info][gc,cpu         ] GC(2184) User=0.00s Sys=0.00s Real=0.01s
[793.362s][info][gc,start       ] GC(2185) Pause Young (Allocation Failure)
[793.364s][info][gc,heap        ] GC(2185) PSYoungGen: 306240K(316928K)->64K(318464K) Eden: 306176K(306176K)->0K(306176K) From: 64K(10752K)->64K(12288K)
[793.364s][info][gc,heap        ] GC(2185) ParOldGen: 530404K(530432K)->530412K(530432K)
[793.364s][info][gc,metaspace   ] GC(2185) Metaspace: 35638K(36288K)->35638K(36288K) NonClass: 29364K(29824K)->29364K(29824K) Class: 6273K(6464K)->6273K(6464K)
[793.364s][info][gc             ] GC(2185) Pause Young (Allocation Failure) 817M->518M(829M) 2.456ms
[793.364s][info][gc,cpu         ] GC(2185) User=0.01s Sys=0.00s Real=0.00s
[794.341s][info][gc,start       ] GC(2186) Pause Young (Allocation Failure)
[794.343s][info][gc,heap        ] GC(2186) PSYoungGen: 306240K(318464K)->64K(294400K) Eden: 306176K(306176K)->0K(293888K) From: 64K(12288K)->64K(512K)
[794.343s][info][gc,heap        ] GC(2186) ParOldGen: 530412K(530432K)->530420K(530432K)
[794.343s][info][gc,metaspace   ] GC(2186) Metaspace: 35638K(36288K)->35638K(36288K) NonClass: 29364K(29824K)->29364K(29824K) Class: 6273K(6464K)->6273K(6464K)
[794.343s][info][gc             ] GC(2186) Pause Young (Allocation Failure) 817M->518M(805M) 2.071ms
[794.344s][info][gc,cpu         ] GC(2186) User=0.00s Sys=0.00s Real=0.00s
[794.799s][info][gc,start       ] GC(2187) Pause Young (Allocation Failure)
[794.800s][info][gc,heap        ] GC(2187) PSYoungGen: 293952K(294400K)->64K(292864K) Eden: 293888K(293888K)->0K(282112K) From: 64K(512K)->64K(10752K)
[794.800s][info][gc,heap        ] GC(2187) ParOldGen: 530420K(530432K)->530428K(530432K)
[794.800s][info][gc,metaspace   ] GC(2187) Metaspace: 35638K(36288K)->35638K(36288K) NonClass: 29364K(29824K)->29364K(29824K) Class: 6273K(6464K)->6273K(6464K)
[794.800s][info][gc             ] GC(2187) Pause Young (Allocation Failure) 805M->518M(804M) 1.887ms
[794.800s][info][gc,cpu         ] GC(2187) User=0.01s Sys=0.00s Real=0.00s
[795.777s][info][gc,start       ] GC(2188) Pause Young (Allocation Failure)
[795.780s][info][gc,heap        ] GC(2188) PSYoungGen: 282176K(292864K)->64K(271360K) Eden: 282112K(282112K)->0K(270848K) From: 64K(10752K)->64K(512K)
[795.780s][info][gc,heap        ] GC(2188) ParOldGen: 530428K(530432K)->530444K(530944K)
[795.780s][info][gc,metaspace   ] GC(2188) Metaspace: 35638K(36288K)->35638K(36288K) NonClass: 29364K(29824K)->29364K(29824K) Class: 6273K(6464K)->6273K(6464K)
[795.780s][info][gc             ] GC(2188) Pause Young (Allocation Failure) 793M->518M(783M) 2.500ms
[795.780s][info][gc,cpu         ] GC(2188) User=0.01s Sys=0.00s Real=0.00s
[796.178s][info][gc,start       ] GC(2189) Pause Young (Allocation Failure)
[796.179s][info][gc,heap        ] GC(2189) PSYoungGen: 270912K(271360K)->64K(269824K) Eden: 270848K(270848K)->0K(260096K) From: 64K(512K)->64K(9728K)
[796.179s][info][gc,heap        ] GC(2189) ParOldGen: 530444K(530944K)->530452K(530944K)
[796.179s][info][gc,metaspace   ] GC(2189) Metaspace: 35638K(36288K)->35638K(36288K) NonClass: 29364K(29824K)->29364K(29824K) Class: 6273K(6464K)->6273K(6464K)
[796.179s][info][gc             ] GC(2189) Pause Young (Allocation Failure) 782M->518M(782M) 1.771ms
[796.179s][info][gc,cpu         ] GC(2189) User=0.00s Sys=0.00s Real=0.00s
[796.366s][info][gc,start       ] GC(2190) Pause Young (Allocation Failure)
[796.368s][info][gc,heap        ] GC(2190) PSYoungGen: 260160K(269824K)->64K(250368K) Eden: 260096K(260096K)->0K(249856K) From: 64K(9728K)->64K(512K)
[796.368s][info][gc,heap        ] GC(2190) ParOldGen: 530452K(530944K)->530460K(530944K)
[796.368s][info][gc,metaspace   ] GC(2190) Metaspace: 35638K(36288K)->35638K(36288K) NonClass: 29364K(29824K)->29364K(29824K) Class: 6273K(6464K)->6273K(6464K)
[796.368s][info][gc             ] GC(2190) Pause Young (Allocation Failure) 772M->518M(763M) 2.776ms
[796.368s][info][gc,cpu         ] GC(2190) User=0.00s Sys=0.00s Real=0.00s
[796.469s][info][gc,start       ] GC(2191) Pause Young (Allocation Failure)
[796.471s][info][gc,heap        ] GC(2191) PSYoungGen: 249920K(250368K)->64K(296448K) Eden: 249856K(249856K)->0K(288256K) From: 64K(512K)->64K(8192K)
[796.471s][info][gc,heap        ] GC(2191) ParOldGen: 530460K(530944K)->530468K(530944K)
[796.471s][info][gc,metaspace   ] GC(2191) Metaspace: 35638K(36288K)->35638K(36288K) NonClass: 29364K(29824K)->29364K(29824K) Class: 6273K(6464K)->6273K(6464K)
[796.471s][info][gc             ] GC(2191) Pause Young (Allocation Failure) 762M->518M(808M) 2.035ms
[796.471s][info][gc,cpu         ] GC(2191) User=0.01s Sys=0.00s Real=0.00s
[797.113s][info][gc,start       ] GC(2192) Pause Young (Allocation Failure)
[797.115s][info][gc,heap        ] GC(2192) PSYoungGen: 288320K(296448K)->64K(277504K) Eden: 288256K(288256K)->0K(276992K) From: 64K(8192K)->64K(512K)
[797.115s][info][gc,heap        ] GC(2192) ParOldGen: 530468K(530944K)->530476K(530944K)
[797.115s][info][gc,metaspace   ] GC(2192) Metaspace: 35638K(36288K)->35638K(36288K) NonClass: 29364K(29824K)->29364K(29824K) Class: 6273K(6464K)->6273K(6464K)
[797.115s][info][gc             ] GC(2192) Pause Young (Allocation Failure) 799M->518M(789M) 1.941ms
[797.115s][info][gc,cpu         ] GC(2192) User=0.01s Sys=0.00s Real=0.00s
[797.499s][info][gc,start       ] GC(2193) Pause Young (Allocation Failure)
[797.504s][info][gc,heap        ] GC(2193) PSYoungGen: 277056K(277504K)->1952K(273408K) Eden: 276992K(276992K)->0K(266240K) From: 64K(512K)->1952K(7168K)
[797.504s][info][gc,heap        ] GC(2193) ParOldGen: 530476K(530944K)->530484K(530944K)
[797.504s][info][gc,metaspace   ] GC(2193) Metaspace: 35638K(36288K)->35638K(36288K) NonClass: 29364K(29824K)->29364K(29824K) Class: 6273K(6464K)->6273K(6464K)
[797.504s][info][gc             ] GC(2193) Pause Young (Allocation Failure) 788M->519M(785M) 4.356ms
[797.504s][info][gc,cpu         ] GC(2193) User=0.01s Sys=0.00s Real=0.00s
[797.776s][info][gc,start       ] GC(2194) Pause Young (Allocation Failure)
[797.835s][info][gc,heap        ] GC(2194) PSYoungGen: 268192K(273408K)->7168K(286720K) Eden: 266240K(266240K)->0K(279552K) From: 1952K(7168K)->7168K(7168K)
[797.835s][info][gc,heap        ] GC(2194) ParOldGen: 530484K(530944K)->551412K(551424K)
[797.835s][info][gc,metaspace   ] GC(2194) Metaspace: 35638K(36288K)->35638K(36288K) NonClass: 29364K(29824K)->29364K(29824K) Class: 6273K(6464K)->6273K(6464K)
[797.835s][info][gc             ] GC(2194) Pause Young (Allocation Failure) 779M->545M(818M) 58.518ms
[797.835s][info][gc,cpu         ] GC(2194) User=0.10s Sys=0.02s Real=0.05s
[798.125s][info][gc,start       ] GC(2195) Pause Young (Allocation Failure)
[798.184s][info][gc,heap        ] GC(2195) PSYoungGen: 286720K(286720K)->16384K(295936K) Eden: 279552K(279552K)->0K(279552K) From: 7168K(7168K)->16384K(16384K)
[798.184s][info][gc,heap        ] GC(2195) ParOldGen: 551412K(551424K)->565292K(565760K)
[798.184s][info][gc,metaspace   ] GC(2195) Metaspace: 35638K(36288K)->35638K(36288K) NonClass: 29364K(29824K)->29364K(29824K) Class: 6273K(6464K)->6273K(6464K)
[798.184s][info][gc             ] GC(2195) Pause Young (Allocation Failure) 818M->568M(841M) 59.536ms
[798.184s][info][gc,cpu         ] GC(2195) User=0.11s Sys=0.01s Real=0.06s
[798.327s][info][gc,start       ] GC(2196) Pause Young (Allocation Failure)
[798.351s][info][gc,heap        ] GC(2196) PSYoungGen: 295936K(295936K)->9504K(309248K) Eden: 279552K(279552K)->0K(284160K) From: 16384K(16384K)->9504K(25088K)
[798.351s][info][gc,heap        ] GC(2196) ParOldGen: 565292K(565760K)->565788K(566272K)
[798.351s][info][gc,metaspace   ] GC(2196) Metaspace: 35638K(36288K)->35638K(36288K) NonClass: 29364K(29824K)->29364K(29824K) Class: 6273K(6464K)->6273K(6464K)
[798.351s][info][gc             ] GC(2196) Pause Young (Allocation Failure) 841M->561M(855M) 24.137ms
[798.351s][info][gc,cpu         ] GC(2196) User=0.04s Sys=0.01s Real=0.02s
[798.776s][info][gc,start       ] GC(2197) Pause Young (Allocation Failure)
[798.778s][info][gc,heap        ] GC(2197) PSYoungGen: 293664K(309248K)->64K(284672K) Eden: 284160K(284160K)->0K(284160K) From: 9504K(25088K)->64K(512K)
[798.778s][info][gc,heap        ] GC(2197) ParOldGen: 565788K(566272K)->565796K(566272K)
[798.778s][info][gc,metaspace   ] GC(2197) Metaspace: 35638K(36288K)->35638K(36288K) NonClass: 29364K(29824K)->29364K(29824K) Class: 6273K(6464K)->6273K(6464K)
[798.778s][info][gc             ] GC(2197) Pause Young (Allocation Failure) 839M->552M(831M) 1.859ms
[798.778s][info][gc,cpu         ] GC(2197) User=0.01s Sys=0.00s Real=0.00s
[799.360s][info][gc,start       ] GC(2198) Pause Young (Allocation Failure)
[799.362s][info][gc,heap        ] GC(2198) PSYoungGen: 284224K(284672K)->64K(308224K) Eden: 284160K(284160K)->0K(284672K) From: 64K(512K)->64K(23552K)
[799.362s][info][gc,heap        ] GC(2198) ParOldGen: 565796K(566272K)->565804K(566272K)
[799.362s][info][gc,metaspace   ] GC(2198) Metaspace: 35638K(36288K)->35638K(36288K) NonClass: 29364K(29824K)->29364K(29824K) Class: 6273K(6464K)->6273K(6464K)
[799.362s][info][gc             ] GC(2198) Pause Young (Allocation Failure) 830M->552M(854M) 1.914ms
[799.362s][info][gc,cpu         ] GC(2198) User=0.00s Sys=0.00s Real=0.00s
[799.810s][info][gc,start       ] GC(2199) Pause Young (Allocation Failure)
[799.812s][info][gc,heap        ] GC(2199) PSYoungGen: 284736K(308224K)->64K(307712K) Eden: 284672K(284672K)->0K(284672K) From: 64K(23552K)->64K(23040K)
[799.812s][info][gc,heap        ] GC(2199) ParOldGen: 565804K(566272K)->565820K(566272K)
[799.812s][info][gc,metaspace   ] GC(2199) Metaspace: 35638K(36288K)->35638K(36288K) NonClass: 29364K(29824K)->29364K(29824K) Class: 6273K(6464K)->6273K(6464K)
[799.812s][info][gc             ] GC(2199) Pause Young (Allocation Failure) 830M->552M(853M) 1.952ms
[799.812s][info][gc,cpu         ] GC(2199) User=0.01s Sys=0.00s Real=0.00s
[800.027s][info][gc,start       ] GC(2200) Pause Young (Allocation Failure)
[800.029s][info][gc,heap        ] GC(2200) PSYoungGen: 284736K(307712K)->64K(309760K) Eden: 284672K(284672K)->0K(287744K) From: 64K(23040K)->64K(22016K)
[800.029s][info][gc,heap        ] GC(2200) ParOldGen: 565820K(566272K)->565836K(566272K)
[800.029s][info][gc,metaspace   ] GC(2200) Metaspace: 35638K(36288K)->35638K(36288K) NonClass: 29364K(29824K)->29364K(29824K) Class: 6273K(6464K)->6273K(6464K)
[800.029s][info][gc             ] GC(2200) Pause Young (Allocation Failure) 830M->552M(855M) 1.918ms
[800.029s][info][gc,cpu         ] GC(2200) User=0.00s Sys=0.00s Real=0.00s
[800.247s][info][gc,start       ] GC(2201) Pause Young (Allocation Failure)
[800.249s][info][gc,heap        ] GC(2201) PSYoungGen: 287808K(309760K)->64K(309248K) Eden: 287744K(287744K)->0K(287744K) From: 64K(22016K)->64K(21504K)
[800.249s][info][gc,heap        ] GC(2201) ParOldGen: 565836K(566272K)->565836K(566272K)
[800.249s][info][gc,metaspace   ] GC(2201) Metaspace: 35638K(36288K)->35638K(36288K) NonClass: 29364K(29824K)->29364K(29824K) Class: 6273K(6464K)->6273K(6464K)
[800.249s][info][gc             ] GC(2201) Pause Young (Allocation Failure) 833M->552M(855M) 1.888ms
[800.249s][info][gc,cpu         ] GC(2201) User=0.00s Sys=0.00s Real=0.00s
[800.597s][info][gc,start       ] GC(2202) Pause Young (Allocation Failure)
[800.598s][info][gc,heap        ] GC(2202) PSYoungGen: 287808K(309248K)->64K(311296K) Eden: 287744K(287744K)->0K(291328K) From: 64K(21504K)->64K(19968K)
[800.598s][info][gc,heap        ] GC(2202) ParOldGen: 565836K(566272K)->565836K(566272K)
[800.598s][info][gc,metaspace   ] GC(2202) Metaspace: 35638K(36288K)->35638K(36288K) NonClass: 29364K(29824K)->29364K(29824K) Class: 6273K(6464K)->6273K(6464K)
[800.598s][info][gc             ] GC(2202) Pause Young (Allocation Failure) 833M->552M(857M) 1.903ms
[800.598s][info][gc,cpu         ] GC(2202) User=0.00s Sys=0.00s Real=0.00s
[800.710s][info][gc,start       ] GC(2203) Pause Young (Allocation Failure)
[800.712s][info][gc,heap        ] GC(2203) PSYoungGen: 291392K(311296K)->64K(310784K) Eden: 291328K(291328K)->0K(291328K) From: 64K(19968K)->64K(19456K)
[800.712s][info][gc,heap        ] GC(2203) ParOldGen: 565836K(566272K)->565844K(566272K)
[800.712s][info][gc,metaspace   ] GC(2203) Metaspace: 35638K(36288K)->35638K(36288K) NonClass: 29364K(29824K)->29364K(29824K) Class: 6273K(6464K)->6273K(6464K)
[800.712s][info][gc             ] GC(2203) Pause Young (Allocation Failure) 837M->552M(856M) 1.812ms
[800.712s][info][gc,cpu         ] GC(2203) User=0.01s Sys=0.00s Real=0.00s
[800.766s][info][gc,start       ] GC(2204) Pause Young (Allocation Failure)
[800.768s][info][gc,heap        ] GC(2204) PSYoungGen: 291391K(310784K)->32K(313344K) Eden: 291327K(291328K)->0K(295424K) From: 64K(19456K)->32K(17920K)
[800.768s][info][gc,heap        ] GC(2204) ParOldGen: 565844K(566272K)->565860K(566272K)
[800.768s][info][gc,metaspace   ] GC(2204) Metaspace: 35638K(36288K)->35638K(36288K) NonClass: 29364K(29824K)->29364K(29824K) Class: 6273K(6464K)->6273K(6464K)
[800.768s][info][gc             ] GC(2204) Pause Young (Allocation Failure) 837M->552M(859M) 1.843ms
[800.768s][info][gc,cpu         ] GC(2204) User=0.00s Sys=0.00s Real=0.00s
[800.963s][info][gc,start       ] GC(2205) Pause Young (Allocation Failure)
[800.965s][info][gc,heap        ] GC(2205) PSYoungGen: 295455K(313344K)->64K(312832K) Eden: 295423K(295424K)->0K(295424K) From: 32K(17920K)->64K(17408K)
[800.965s][info][gc,heap        ] GC(2205) ParOldGen: 565860K(566272K)->565860K(566272K)
[800.965s][info][gc,metaspace   ] GC(2205) Metaspace: 35638K(36288K)->35638K(36288K) NonClass: 29364K(29824K)->29364K(29824K) Class: 6273K(6464K)->6273K(6464K)
[800.965s][info][gc             ] GC(2205) Pause Young (Allocation Failure) 841M->552M(858M) 1.847ms
[800.965s][info][gc,cpu         ] GC(2205) User=0.00s Sys=0.00s Real=0.00s
[801.294s][info][gc,start       ] GC(2206) Pause Young (Allocation Failure)
[801.296s][info][gc,heap        ] GC(2206) PSYoungGen: 295488K(312832K)->64K(315392K) Eden: 295424K(295424K)->0K(299520K) From: 64K(17408K)->64K(15872K)
[801.296s][info][gc,heap        ] GC(2206) ParOldGen: 565860K(566272K)->565868K(566272K)
[801.296s][info][gc,metaspace   ] GC(2206) Metaspace: 35638K(36288K)->35638K(36288K) NonClass: 29364K(29824K)->29364K(29824K) Class: 6273K(6464K)->6273K(6464K)
[801.296s][info][gc             ] GC(2206) Pause Young (Allocation Failure) 841M->552M(861M) 1.835ms
[801.296s][info][gc,cpu         ] GC(2206) User=0.00s Sys=0.00s Real=0.01s
[801.457s][info][gc,start       ] GC(2207) Pause Young (Allocation Failure)
[801.459s][info][gc,heap        ] GC(2207) PSYoungGen: 299584K(315392K)->64K(314880K) Eden: 299520K(299520K)->0K(299520K) From: 64K(15872K)->64K(15360K)
[801.459s][info][gc,heap        ] GC(2207) ParOldGen: 565868K(566272K)->565876K(566272K)
[801.459s][info][gc,metaspace   ] GC(2207) Metaspace: 35638K(36288K)->35638K(36288K) NonClass: 29364K(29824K)->29364K(29824K) Class: 6273K(6464K)->6273K(6464K)
[801.459s][info][gc             ] GC(2207) Pause Young (Allocation Failure) 845M->552M(860M) 1.892ms
[801.459s][info][gc,cpu         ] GC(2207) User=0.01s Sys=0.00s Real=0.00s
[801.539s][info][gc,start       ] GC(2208) Pause Young (Allocation Failure)
[801.541s][info][gc,heap        ] GC(2208) PSYoungGen: 299584K(314880K)->64K(317440K) Eden: 299520K(299520K)->0K(303616K) From: 64K(15360K)->64K(13824K)
[801.541s][info][gc,heap        ] GC(2208) ParOldGen: 565876K(566272K)->565892K(566272K)
[801.541s][info][gc,metaspace   ] GC(2208) Metaspace: 35638K(36288K)->35638K(36288K) NonClass: 29364K(29824K)->29364K(29824K) Class: 6273K(6464K)->6273K(6464K)
[801.541s][info][gc             ] GC(2208) Pause Young (Allocation Failure) 845M->552M(863M) 1.885ms
[801.541s][info][gc,cpu         ] GC(2208) User=0.00s Sys=0.00s Real=0.00s
[801.727s][info][gc,start       ] GC(2209) Pause Young (Allocation Failure)
[801.729s][info][gc,heap        ] GC(2209) PSYoungGen: 303680K(317440K)->64K(317440K) Eden: 303616K(303616K)->0K(303616K) From: 64K(13824K)->64K(13824K)
[801.729s][info][gc,heap        ] GC(2209) ParOldGen: 565892K(566272K)->565892K(566272K)
[801.729s][info][gc,metaspace   ] GC(2209) Metaspace: 35638K(36288K)->35638K(36288K) NonClass: 29364K(29824K)->29364K(29824K) Class: 6273K(6464K)->6273K(6464K)
[801.729s][info][gc             ] GC(2209) Pause Young (Allocation Failure) 849M->552M(863M) 1.881ms
[801.729s][info][gc,cpu         ] GC(2209) User=0.01s Sys=0.00s Real=0.00s
[802.711s][info][gc,start       ] GC(2210) Pause Young (Allocation Failure)
[802.712s][info][gc,heap        ] GC(2210) PSYoungGen: 303680K(317440K)->64K(319488K) Eden: 303616K(303616K)->0K(306688K) From: 64K(13824K)->64K(12800K)
[802.712s][info][gc,heap        ] GC(2210) ParOldGen: 565892K(566272K)->565900K(566272K)
[802.712s][info][gc,metaspace   ] GC(2210) Metaspace: 35638K(36288K)->35638K(36288K) NonClass: 29364K(29824K)->29364K(29824K) Class: 6273K(6464K)->6273K(6464K)
[802.712s][info][gc             ] GC(2210) Pause Young (Allocation Failure) 849M->552M(865M) 1.893ms
[802.712s][info][gc,cpu         ] GC(2210) User=0.01s Sys=0.00s Real=0.00s
[803.579s][info][gc,start       ] GC(2211) Pause Young (Allocation Failure)
[803.581s][info][gc,heap        ] GC(2211) PSYoungGen: 306752K(319488K)->64K(294912K) Eden: 306688K(306688K)->0K(294400K) From: 64K(12800K)->64K(512K)
[803.581s][info][gc,heap        ] GC(2211) ParOldGen: 565900K(566272K)->565908K(566272K)
[803.581s][info][gc,metaspace   ] GC(2211) Metaspace: 35638K(36288K)->35638K(36288K) NonClass: 29364K(29824K)->29364K(29824K) Class: 6273K(6464K)->6273K(6464K)
[803.581s][info][gc             ] GC(2211) Pause Young (Allocation Failure) 852M->552M(841M) 1.874ms
[803.581s][info][gc,cpu         ] GC(2211) User=0.00s Sys=0.00s Real=0.00s
[803.832s][info][gc,start       ] GC(2212) Pause Young (Allocation Failure)
[803.835s][info][gc,heap        ] GC(2212) PSYoungGen: 294464K(294912K)->64K(283136K) Eden: 294400K(294400K)->0K(282624K) From: 64K(512K)->64K(512K)
[803.835s][info][gc,heap        ] GC(2212) ParOldGen: 565908K(566272K)->565916K(566272K)
[803.835s][info][gc,metaspace   ] GC(2212) Metaspace: 35638K(36288K)->35638K(36288K) NonClass: 29364K(29824K)->29364K(29824K) Class: 6273K(6464K)->6273K(6464K)
[803.835s][info][gc             ] GC(2212) Pause Young (Allocation Failure) 840M->552M(829M) 2.515ms
[803.835s][info][gc,cpu         ] GC(2212) User=0.01s Sys=0.00s Real=0.00s
[804.289s][info][gc,start       ] GC(2213) Pause Young (Allocation Failure)
[804.290s][info][gc,heap        ] GC(2213) PSYoungGen: 282688K(283136K)->64K(282112K) Eden: 282624K(282624K)->0K(271360K) From: 64K(512K)->64K(10752K)
[804.290s][info][gc,heap        ] GC(2213) ParOldGen: 565916K(566272K)->565924K(566272K)
[804.290s][info][gc,metaspace   ] GC(2213) Metaspace: 35638K(36288K)->35638K(36288K) NonClass: 29364K(29824K)->29364K(29824K) Class: 6273K(6464K)->6273K(6464K)
[804.290s][info][gc             ] GC(2213) Pause Young (Allocation Failure) 828M->552M(828M) 1.862ms
[804.290s][info][gc,cpu         ] GC(2213) User=0.00s Sys=0.00s Real=0.00s
[805.223s][info][gc,start       ] GC(2214) Pause Young (Allocation Failure)
[805.225s][info][gc,heap        ] GC(2214) PSYoungGen: 271424K(282112K)->64K(261120K) Eden: 271360K(271360K)->0K(260608K) From: 64K(10752K)->64K(512K)
[805.225s][info][gc,heap        ] GC(2214) ParOldGen: 565924K(566272K)->565932K(566272K)
[805.225s][info][gc,metaspace   ] GC(2214) Metaspace: 35638K(36288K)->35638K(36288K) NonClass: 29364K(29824K)->29364K(29824K) Class: 6273K(6464K)->6273K(6464K)
[805.225s][info][gc             ] GC(2214) Pause Young (Allocation Failure) 817M->552M(808M) 2.391ms
[805.225s][info][gc,cpu         ] GC(2214) User=0.00s Sys=0.01s Real=0.01s
[805.593s][info][gc,start       ] GC(2215) Pause Young (Allocation Failure)
[805.595s][info][gc,heap        ] GC(2215) PSYoungGen: 260672K(261120K)->64K(259584K) Eden: 260608K(260608K)->0K(250368K) From: 64K(512K)->64K(9216K)
[805.595s][info][gc,heap        ] GC(2215) ParOldGen: 565932K(566272K)->565940K(566272K)
[805.595s][info][gc,metaspace   ] GC(2215) Metaspace: 35638K(36288K)->35638K(36288K) NonClass: 29364K(29824K)->29364K(29824K) Class: 6273K(6464K)->6273K(6464K)
[805.595s][info][gc             ] GC(2215) Pause Young (Allocation Failure) 807M->552M(806M) 1.782ms
[805.595s][info][gc,cpu         ] GC(2215) User=0.00s Sys=0.00s Real=0.00s
[805.756s][info][gc,start       ] GC(2216) Pause Young (Allocation Failure)
[805.760s][info][gc,heap        ] GC(2216) PSYoungGen: 250432K(259584K)->64K(291328K) Eden: 250368K(250368K)->0K(282624K) From: 64K(9216K)->64K(8704K)
[805.760s][info][gc,heap        ] GC(2216) ParOldGen: 565940K(566272K)->565956K(566272K)
[805.760s][info][gc,metaspace   ] GC(2216) Metaspace: 35638K(36288K)->35638K(36288K) NonClass: 29364K(29824K)->29364K(29824K) Class: 6273K(6464K)->6273K(6464K)
[805.760s][info][gc             ] GC(2216) Pause Young (Allocation Failure) 797M->552M(837M) 3.449ms
[805.760s][info][gc,cpu         ] GC(2216) User=0.01s Sys=0.00s Real=0.00s
[806.046s][info][gc,start       ] GC(2217) Pause Young (Allocation Failure)
[806.050s][info][gc,heap        ] GC(2217) PSYoungGen: 282688K(291328K)->64K(290816K) Eden: 282624K(282624K)->0K(282624K) From: 64K(8704K)->64K(8192K)
[806.050s][info][gc,heap        ] GC(2217) ParOldGen: 565956K(566272K)->565972K(566272K)
[806.050s][info][gc,metaspace   ] GC(2217) Metaspace: 35638K(36288K)->35638K(36288K) NonClass: 29364K(29824K)->29364K(29824K) Class: 6273K(6464K)->6273K(6464K)
[806.050s][info][gc             ] GC(2217) Pause Young (Allocation Failure) 828M->552M(837M) 3.456ms
[806.050s][info][gc,cpu         ] GC(2217) User=0.00s Sys=0.00s Real=0.00s
[806.503s][info][gc,start       ] GC(2218) Pause Young (Allocation Failure)
[806.507s][info][gc,heap        ] GC(2218) PSYoungGen: 282688K(290816K)->64K(325120K) Eden: 282624K(282624K)->0K(317440K) From: 64K(8192K)->64K(7680K)
[806.507s][info][gc,heap        ] GC(2218) ParOldGen: 565972K(566272K)->565988K(566272K)
[806.507s][info][gc,metaspace   ] GC(2218) Metaspace: 35638K(36288K)->35638K(36288K) NonClass: 29364K(29824K)->29364K(29824K) Class: 6273K(6464K)->6273K(6464K)
[806.507s][info][gc             ] GC(2218) Pause Young (Allocation Failure) 828M->552M(870M) 3.512ms
[806.507s][info][gc,cpu         ] GC(2218) User=0.01s Sys=0.00s Real=0.01s
[806.995s][info][gc,start       ] GC(2219) Pause Young (Allocation Failure)
[807.023s][info][gc,heap        ] GC(2219) PSYoungGen: 317504K(325120K)->7168K(324608K) Eden: 317440K(317440K)->0K(317440K) From: 64K(7680K)->7168K(7168K)
[807.023s][info][gc,heap        ] GC(2219) ParOldGen: 565988K(566272K)->572108K(572416K)
[807.023s][info][gc,metaspace   ] GC(2219) Metaspace: 35638K(36288K)->35638K(36288K) NonClass: 29364K(29824K)->29364K(29824K) Class: 6273K(6464K)->6273K(6464K)
[807.023s][info][gc             ] GC(2219) Pause Young (Allocation Failure) 862M->565M(876M) 28.341ms
[807.023s][info][gc,cpu         ] GC(2219) User=0.05s Sys=0.01s Real=0.03s
[807.346s][info][gc,start       ] GC(2220) Pause Young (Allocation Failure)
[807.420s][info][gc,heap        ] GC(2220) PSYoungGen: 324608K(324608K)->9216K(299008K) Eden: 317440K(317440K)->0K(289792K) From: 7168K(7168K)->9216K(9216K)
[807.420s][info][gc,heap        ] GC(2220) ParOldGen: 572108K(572416K)->596620K(596992K)
[807.420s][info][gc,metaspace   ] GC(2220) Metaspace: 35638K(36288K)->35638K(36288K) NonClass: 29364K(29824K)->29364K(29824K) Class: 6273K(6464K)->6273K(6464K)
[807.420s][info][gc             ] GC(2220) Pause Young (Allocation Failure) 875M->591M(875M) 73.593ms
[807.420s][info][gc,cpu         ] GC(2220) User=0.12s Sys=0.02s Real=0.07s
[807.656s][info][gc,start       ] GC(2221) Pause Young (Allocation Failure)
[807.699s][info][gc,heap        ] GC(2221) PSYoungGen: 299008K(299008K)->22016K(311808K) Eden: 289792K(289792K)->0K(289792K) From: 9216K(9216K)->22016K(22016K)
[807.699s][info][gc,heap        ] GC(2221) ParOldGen: 596620K(596992K)->597676K(598016K)
[807.699s][info][gc,metaspace   ] GC(2221) Metaspace: 35638K(36288K)->35638K(36288K) NonClass: 29364K(29824K)->29364K(29824K) Class: 6273K(6464K)->6273K(6464K)
[807.699s][info][gc             ] GC(2221) Pause Young (Allocation Failure) 874M->605M(888M) 42.574ms
[807.699s][info][gc,cpu         ] GC(2221) User=0.08s Sys=0.00s Real=0.04s
[807.893s][info][gc,start       ] GC(2222) Pause Young (Allocation Failure)
[807.895s][info][gc,heap        ] GC(2222) PSYoungGen: 311808K(311808K)->64K(303616K) Eden: 289792K(289792K)->0K(281600K) From: 22016K(22016K)->64K(22016K)
[807.895s][info][gc,heap        ] GC(2222) ParOldGen: 597676K(598016K)->597692K(598016K)
[807.895s][info][gc,metaspace   ] GC(2222) Metaspace: 35638K(36288K)->35638K(36288K) NonClass: 29364K(29824K)->29364K(29824K) Class: 6273K(6464K)->6273K(6464K)
[807.895s][info][gc             ] GC(2222) Pause Young (Allocation Failure) 888M->583M(880M) 1.927ms
[807.895s][info][gc,cpu         ] GC(2222) User=0.00s Sys=0.00s Real=0.00s
[808.595s][info][gc,start       ] GC(2223) Pause Young (Allocation Failure)
[808.597s][info][gc,heap        ] GC(2223) PSYoungGen: 281664K(303616K)->64K(307712K) Eden: 281600K(281600K)->0K(281600K) From: 64K(22016K)->64K(26112K)
[808.597s][info][gc,heap        ] GC(2223) ParOldGen: 597692K(598016K)->597708K(598016K)
[808.597s][info][gc,metaspace   ] GC(2223) Metaspace: 35638K(36288K)->35638K(36288K) NonClass: 29364K(29824K)->29364K(29824K) Class: 6273K(6464K)->6273K(6464K)
[808.597s][info][gc             ] GC(2223) Pause Young (Allocation Failure) 858M->583M(884M) 1.899ms
[808.597s][info][gc,cpu         ] GC(2223) User=0.00s Sys=0.00s Real=0.00s
[808.867s][info][gc,start       ] GC(2224) Pause Young (Allocation Failure)
[808.869s][info][gc,heap        ] GC(2224) PSYoungGen: 281664K(307712K)->64K(304640K) Eden: 281600K(281600K)->0K(282624K) From: 64K(26112K)->64K(22016K)
[808.869s][info][gc,heap        ] GC(2224) ParOldGen: 597708K(598016K)->597708K(598016K)
[808.869s][info][gc,metaspace   ] GC(2224) Metaspace: 35638K(36288K)->35638K(36288K) NonClass: 29364K(29824K)->29364K(29824K) Class: 6273K(6464K)->6273K(6464K)
[808.869s][info][gc             ] GC(2224) Pause Young (Allocation Failure) 858M->583M(881M) 2.219ms
[808.869s][info][gc,cpu         ] GC(2224) User=0.00s Sys=0.00s Real=0.00s
[809.310s][info][gc,start       ] GC(2225) Pause Young (Allocation Failure)
[809.312s][info][gc,heap        ] GC(2225) PSYoungGen: 282688K(304640K)->64K(306688K) Eden: 282624K(282624K)->0K(282624K) From: 64K(22016K)->64K(24064K)
[809.312s][info][gc,heap        ] GC(2225) ParOldGen: 597708K(598016K)->597724K(598016K)
[809.312s][info][gc,metaspace   ] GC(2225) Metaspace: 35638K(36288K)->35638K(36288K) NonClass: 29364K(29824K)->29364K(29824K) Class: 6273K(6464K)->6273K(6464K)
[809.312s][info][gc             ] GC(2225) Pause Young (Allocation Failure) 859M->583M(883M) 1.983ms
[809.312s][info][gc,cpu         ] GC(2225) User=0.01s Sys=0.00s Real=0.00s
[809.524s][info][gc,start       ] GC(2226) Pause Young (Allocation Failure)
[809.526s][info][gc,heap        ] GC(2226) PSYoungGen: 282688K(306688K)->64K(306688K) Eden: 282624K(282624K)->0K(286720K) From: 64K(24064K)->64K(19968K)
[809.526s][info][gc,heap        ] GC(2226) ParOldGen: 597724K(598016K)->597740K(598016K)
[809.526s][info][gc,metaspace   ] GC(2226) Metaspace: 35638K(36288K)->35638K(36288K) NonClass: 29364K(29824K)->29364K(29824K) Class: 6273K(6464K)->6273K(6464K)
[809.526s][info][gc             ] GC(2226) Pause Young (Allocation Failure) 859M->583M(883M) 1.982ms
[809.526s][info][gc,cpu         ] GC(2226) User=0.00s Sys=0.00s Real=0.01s
[809.741s][info][gc,start       ] GC(2227) Pause Young (Allocation Failure)
[809.743s][info][gc,heap        ] GC(2227) PSYoungGen: 286784K(306688K)->32K(308736K) Eden: 286720K(286720K)->0K(286720K) From: 64K(19968K)->32K(22016K)
[809.743s][info][gc,heap        ] GC(2227) ParOldGen: 597740K(598016K)->597740K(598016K)
[809.743s][info][gc,metaspace   ] GC(2227) Metaspace: 35638K(36288K)->35638K(36288K) NonClass: 29364K(29824K)->29364K(29824K) Class: 6273K(6464K)->6273K(6464K)
[809.743s][info][gc             ] GC(2227) Pause Young (Allocation Failure) 863M->583M(885M) 1.948ms
[809.743s][info][gc,cpu         ] GC(2227) User=0.01s Sys=0.00s Real=0.00s
[810.049s][info][gc,start       ] GC(2228) Pause Young (Allocation Failure)
[810.051s][info][gc,heap        ] GC(2228) PSYoungGen: 286752K(308736K)->64K(308736K) Eden: 286720K(286720K)->0K(290816K) From: 32K(22016K)->64K(17920K)
[810.051s][info][gc,heap        ] GC(2228) ParOldGen: 597740K(598016K)->597740K(598016K)
[810.051s][info][gc,metaspace   ] GC(2228) Metaspace: 35638K(36288K)->35638K(36288K) NonClass: 29364K(29824K)->29364K(29824K) Class: 6273K(6464K)->6273K(6464K)
[810.051s][info][gc             ] GC(2228) Pause Young (Allocation Failure) 863M->583M(885M) 1.977ms
[810.051s][info][gc,cpu         ] GC(2228) User=0.01s Sys=0.00s Real=0.00s
[810.105s][info][gc,start       ] GC(2229) Pause Young (Allocation Failure)
[810.107s][info][gc,heap        ] GC(2229) PSYoungGen: 290880K(308736K)->64K(310784K) Eden: 290816K(290816K)->0K(290816K) From: 64K(17920K)->64K(19968K)
[810.107s][info][gc,heap        ] GC(2229) ParOldGen: 597740K(598016K)->597756K(598016K)
[810.107s][info][gc,metaspace   ] GC(2229) Metaspace: 35638K(36288K)->35638K(36288K) NonClass: 29364K(29824K)->29364K(29824K) Class: 6273K(6464K)->6273K(6464K)
[810.107s][info][gc             ] GC(2229) Pause Young (Allocation Failure) 867M->583M(887M) 2.015ms
[810.107s][info][gc,cpu         ] GC(2229) User=0.00s Sys=0.00s Real=0.01s
[810.173s][info][gc,start       ] GC(2230) Pause Young (Allocation Failure)
[810.175s][info][gc,heap        ] GC(2230) PSYoungGen: 290880K(310784K)->64K(310784K) Eden: 290816K(290816K)->0K(294912K) From: 64K(19968K)->64K(15872K)
[810.175s][info][gc,heap        ] GC(2230) ParOldGen: 597756K(598016K)->597756K(598016K)
[810.175s][info][gc,metaspace   ] GC(2230) Metaspace: 35638K(36288K)->35638K(36288K) NonClass: 29364K(29824K)->29364K(29824K) Class: 6273K(6464K)->6273K(6464K)
[810.175s][info][gc             ] GC(2230) Pause Young (Allocation Failure) 867M->583M(887M) 1.943ms
[810.175s][info][gc,cpu         ] GC(2230) User=0.00s Sys=0.00s Real=0.00s
[810.521s][info][gc,start       ] GC(2231) Pause Young (Allocation Failure)
[810.523s][info][gc,heap        ] GC(2231) PSYoungGen: 294976K(310784K)->64K(312832K) Eden: 294912K(294912K)->0K(294912K) From: 64K(15872K)->64K(17920K)
[810.523s][info][gc,heap        ] GC(2231) ParOldGen: 597756K(598016K)->597772K(598016K)
[810.523s][info][gc,metaspace   ] GC(2231) Metaspace: 35638K(36288K)->35638K(36288K) NonClass: 29364K(29824K)->29364K(29824K) Class: 6273K(6464K)->6273K(6464K)
[810.523s][info][gc             ] GC(2231) Pause Young (Allocation Failure) 871M->583M(889M) 1.982ms
[810.523s][info][gc,cpu         ] GC(2231) User=0.00s Sys=0.00s Real=0.00s
[810.768s][info][gc,start       ] GC(2232) Pause Young (Allocation Failure)
[810.770s][info][gc,heap        ] GC(2232) PSYoungGen: 294976K(312832K)->64K(312832K) Eden: 294912K(294912K)->0K(299008K) From: 64K(17920K)->64K(13824K)
[810.770s][info][gc,heap        ] GC(2232) ParOldGen: 597772K(598016K)->597772K(598016K)
[810.770s][info][gc,metaspace   ] GC(2232) Metaspace: 35638K(36288K)->35638K(36288K) NonClass: 29364K(29824K)->29364K(29824K) Class: 6273K(6464K)->6273K(6464K)
[810.770s][info][gc             ] GC(2232) Pause Young (Allocation Failure) 871M->583M(889M) 1.862ms
[810.770s][info][gc,cpu         ] GC(2232) User=0.01s Sys=0.00s Real=0.00s
[810.858s][info][gc,start       ] GC(2233) Pause Young (Allocation Failure)
[810.859s][info][gc,heap        ] GC(2233) PSYoungGen: 299072K(312832K)->64K(314880K) Eden: 299008K(299008K)->0K(299008K) From: 64K(13824K)->64K(15872K)
[810.859s][info][gc,heap        ] GC(2233) ParOldGen: 597772K(598016K)->597780K(598016K)
[810.859s][info][gc,metaspace   ] GC(2233) Metaspace: 35638K(36288K)->35638K(36288K) NonClass: 29364K(29824K)->29364K(29824K) Class: 6273K(6464K)->6273K(6464K)
[810.859s][info][gc             ] GC(2233) Pause Young (Allocation Failure) 875M->583M(891M) 1.737ms
[810.859s][info][gc,cpu         ] GC(2233) User=0.01s Sys=0.00s Real=0.00s
[810.989s][info][gc,start       ] GC(2234) Pause Young (Allocation Failure)
[810.990s][info][gc,heap        ] GC(2234) PSYoungGen: 299072K(314880K)->64K(314880K) Eden: 299008K(299008K)->0K(303104K) From: 64K(15872K)->64K(11776K)
[810.990s][info][gc,heap        ] GC(2234) ParOldGen: 597780K(598016K)->597788K(598016K)
[810.990s][info][gc,metaspace   ] GC(2234) Metaspace: 35638K(36288K)->35638K(36288K) NonClass: 29364K(29824K)->29364K(29824K) Class: 6273K(6464K)->6273K(6464K)
[810.990s][info][gc             ] GC(2234) Pause Young (Allocation Failure) 875M->583M(891M) 1.736ms
[810.990s][info][gc,cpu         ] GC(2234) User=0.00s Sys=0.00s Real=0.00s
[811.355s][info][gc,start       ] GC(2235) Pause Young (Allocation Failure)
[811.357s][info][gc,heap        ] GC(2235) PSYoungGen: 303168K(314880K)->64K(316928K) Eden: 303104K(303104K)->0K(303104K) From: 64K(11776K)->64K(13824K)
[811.357s][info][gc,heap        ] GC(2235) ParOldGen: 597788K(598016K)->597796K(598016K)
[811.357s][info][gc,metaspace   ] GC(2235) Metaspace: 35638K(36288K)->35638K(36288K) NonClass: 29364K(29824K)->29364K(29824K) Class: 6273K(6464K)->6273K(6464K)
[811.357s][info][gc             ] GC(2235) Pause Young (Allocation Failure) 879M->583M(893M) 1.647ms
[811.357s][info][gc,cpu         ] GC(2235) User=0.01s Sys=0.00s Real=0.00s
[812.089s][info][gc,start       ] GC(2236) Pause Young (Allocation Failure)
[812.091s][info][gc,heap        ] GC(2236) PSYoungGen: 303168K(316928K)->64K(317952K) Eden: 303104K(303104K)->0K(307200K) From: 64K(13824K)->64K(10752K)
[812.091s][info][gc,heap        ] GC(2236) ParOldGen: 597796K(598016K)->597804K(598016K)
[812.091s][info][gc,metaspace   ] GC(2236) Metaspace: 35638K(36288K)->35638K(36288K) NonClass: 29364K(29824K)->29364K(29824K) Class: 6273K(6464K)->6273K(6464K)
[812.091s][info][gc             ] GC(2236) Pause Young (Allocation Failure) 879M->583M(894M) 1.977ms
[812.091s][info][gc,cpu         ] GC(2236) User=0.01s Sys=0.01s Real=0.00s
[813.051s][info][gc,start       ] GC(2237) Pause Young (Allocation Failure)
[813.054s][info][gc,heap        ] GC(2237) PSYoungGen: 307264K(317952K)->64K(295424K) Eden: 307200K(307200K)->0K(294912K) From: 64K(10752K)->64K(512K)
[813.054s][info][gc,heap        ] GC(2237) ParOldGen: 597804K(598016K)->597812K(598016K)
[813.054s][info][gc,metaspace   ] GC(2237) Metaspace: 35638K(36288K)->35638K(36288K) NonClass: 29364K(29824K)->29364K(29824K) Class: 6273K(6464K)->6273K(6464K)
[813.054s][info][gc             ] GC(2237) Pause Young (Allocation Failure) 883M->583M(872M) 2.565ms
[813.054s][info][gc,cpu         ] GC(2237) User=0.01s Sys=0.00s Real=0.00s
[813.501s][info][gc,start       ] GC(2238) Pause Young (Allocation Failure)
[813.504s][info][gc,heap        ] GC(2238) PSYoungGen: 294976K(295424K)->64K(283648K) Eden: 294912K(294912K)->0K(283136K) From: 64K(512K)->64K(512K)
[813.504s][info][gc,heap        ] GC(2238) ParOldGen: 597812K(598016K)->597820K(598016K)
[813.504s][info][gc,metaspace   ] GC(2238) Metaspace: 35638K(36288K)->35638K(36288K) NonClass: 29364K(29824K)->29364K(29824K) Class: 6273K(6464K)->6273K(6464K)
[813.504s][info][gc             ] GC(2238) Pause Young (Allocation Failure) 871M->583M(861M) 2.897ms
[813.504s][info][gc,cpu         ] GC(2238) User=0.01s Sys=0.00s Real=0.00s
[814.495s][info][gc,start       ] GC(2239) Pause Young (Allocation Failure)
[814.497s][info][gc,heap        ] GC(2239) PSYoungGen: 283200K(283648K)->64K(282624K) Eden: 283136K(283136K)->0K(271872K) From: 64K(512K)->64K(10752K)
[814.497s][info][gc,heap        ] GC(2239) ParOldGen: 597820K(598016K)->597828K(598016K)
[814.497s][info][gc,metaspace   ] GC(2239) Metaspace: 35638K(36288K)->35638K(36288K) NonClass: 29364K(29824K)->29364K(29824K) Class: 6273K(6464K)->6273K(6464K)
[814.497s][info][gc             ] GC(2239) Pause Young (Allocation Failure) 860M->583M(860M) 2.225ms
[814.497s][info][gc,cpu         ] GC(2239) User=0.01s Sys=0.00s Real=0.01s
[814.897s][info][gc,start       ] GC(2240) Pause Young (Allocation Failure)
[814.901s][info][gc,heap        ] GC(2240) PSYoungGen: 271936K(282624K)->64K(261632K) Eden: 271872K(271872K)->0K(261120K) From: 64K(10752K)->64K(512K)
[814.901s][info][gc,heap        ] GC(2240) ParOldGen: 597828K(598016K)->597836K(598016K)
[814.901s][info][gc,metaspace   ] GC(2240) Metaspace: 35638K(36288K)->35638K(36288K) NonClass: 29364K(29824K)->29364K(29824K) Class: 6273K(6464K)->6273K(6464K)
[814.901s][info][gc             ] GC(2240) Pause Young (Allocation Failure) 849M->583M(839M) 3.137ms
[814.901s][info][gc,cpu         ] GC(2240) User=0.01s Sys=0.00s Real=0.00s
[815.109s][info][gc,start       ] GC(2241) Pause Young (Allocation Failure)
[815.111s][info][gc,heap        ] GC(2241) PSYoungGen: 261184K(261632K)->64K(260096K) Eden: 261120K(261120K)->0K(250880K) From: 64K(512K)->64K(9216K)
[815.111s][info][gc,heap        ] GC(2241) ParOldGen: 597836K(598016K)->597844K(598016K)
[815.111s][info][gc,metaspace   ] GC(2241) Metaspace: 35638K(36288K)->35638K(36288K) NonClass: 29364K(29824K)->29364K(29824K) Class: 6273K(6464K)->6273K(6464K)
[815.111s][info][gc             ] GC(2241) Pause Young (Allocation Failure) 838M->583M(838M) 1.884ms
[815.111s][info][gc,cpu         ] GC(2241) User=0.01s Sys=0.00s Real=0.00s
[815.194s][info][gc,start       ] GC(2242) Pause Young (Allocation Failure)
[815.195s][info][gc,heap        ] GC(2242) PSYoungGen: 250944K(260096K)->64K(293376K) Eden: 250880K(250880K)->0K(284672K) From: 64K(9216K)->64K(8704K)
[815.195s][info][gc,heap        ] GC(2242) ParOldGen: 597844K(598016K)->597860K(598016K)
[815.195s][info][gc,metaspace   ] GC(2242) Metaspace: 35638K(36288K)->35638K(36288K) NonClass: 29364K(29824K)->29364K(29824K) Class: 6273K(6464K)->6273K(6464K)
[815.196s][info][gc             ] GC(2242) Pause Young (Allocation Failure) 828M->583M(870M) 1.960ms
[815.196s][info][gc,cpu         ] GC(2242) User=0.00s Sys=0.00s Real=0.01s
[815.834s][info][gc,start       ] GC(2243) Pause Young (Allocation Failure)
[815.836s][info][gc,heap        ] GC(2243) PSYoungGen: 284736K(293376K)->64K(273920K) Eden: 284672K(284672K)->0K(273408K) From: 64K(8704K)->64K(512K)
[815.836s][info][gc,heap        ] GC(2243) ParOldGen: 597860K(598016K)->597868K(598016K)
[815.836s][info][gc,metaspace   ] GC(2243) Metaspace: 35638K(36288K)->35638K(36288K) NonClass: 29364K(29824K)->29364K(29824K) Class: 6273K(6464K)->6273K(6464K)
[815.836s][info][gc             ] GC(2243) Pause Young (Allocation Failure) 861M->583M(851M) 2.541ms
[815.836s][info][gc,cpu         ] GC(2243) User=0.00s Sys=0.00s Real=0.01s
[816.132s][info][gc,start       ] GC(2244) Pause Young (Allocation Failure)
[816.134s][info][gc,heap        ] GC(2244) PSYoungGen: 273472K(273920K)->64K(263168K) Eden: 273408K(273408K)->0K(262656K) From: 64K(512K)->64K(512K)
[816.134s][info][gc,heap        ] GC(2244) ParOldGen: 597868K(598016K)->597876K(598016K)
[816.134s][info][gc,metaspace   ] GC(2244) Metaspace: 35638K(36288K)->35638K(36288K) NonClass: 29364K(29824K)->29364K(29824K) Class: 6273K(6464K)->6273K(6464K)
[816.134s][info][gc             ] GC(2244) Pause Young (Allocation Failure) 850M->583M(841M) 2.476ms
[816.134s][info][gc,cpu         ] GC(2244) User=0.00s Sys=0.00s Real=0.00s
[816.464s][info][gc,start       ] GC(2245) Pause Young (Allocation Failure)
[816.514s][info][gc,heap        ] GC(2245) PSYoungGen: 262720K(263168K)->6656K(280064K) Eden: 262656K(262656K)->0K(273408K) From: 64K(512K)->6656K(6656K)
[816.514s][info][gc,heap        ] GC(2245) ParOldGen: 597876K(598016K)->615612K(615936K)
[816.514s][info][gc,metaspace   ] GC(2245) Metaspace: 35638K(36288K)->35638K(36288K) NonClass: 29364K(29824K)->29364K(29824K) Class: 6273K(6464K)->6273K(6464K)
[816.514s][info][gc             ] GC(2245) Pause Young (Allocation Failure) 840M->607M(875M) 50.450ms
[816.514s][info][gc,cpu         ] GC(2245) User=0.09s Sys=0.01s Real=0.05s
[816.795s][info][gc,start       ] GC(2246) Pause Young (Allocation Failure)
[816.864s][info][gc,heap        ] GC(2246) PSYoungGen: 280064K(280064K)->14848K(301568K) Eden: 273408K(273408K)->0K(286720K) From: 6656K(6656K)->14848K(14848K)
[816.864s][info][gc,heap        ] GC(2246) ParOldGen: 615612K(615936K)->630260K(630272K)
[816.864s][info][gc,metaspace   ] GC(2246) Metaspace: 35638K(36288K)->35638K(36288K) NonClass: 29364K(29824K)->29364K(29824K) Class: 6273K(6464K)->6273K(6464K)
[816.864s][info][gc             ] GC(2246) Pause Young (Allocation Failure) 874M->629M(910M) 69.109ms
[816.864s][info][gc,cpu         ] GC(2246) User=0.11s Sys=0.03s Real=0.07s
[817.054s][info][gc,start       ] GC(2247) Pause Young (Allocation Failure)
[817.092s][info][gc,heap        ] GC(2247) PSYoungGen: 301568K(301568K)->15744K(302592K) Eden: 286720K(286720K)->0K(286720K) From: 14848K(14848K)->15744K(15872K)
[817.093s][info][gc,heap        ] GC(2247) ParOldGen: 630260K(630272K)->630788K(631296K)
[817.093s][info][gc,metaspace   ] GC(2247) Metaspace: 35638K(36288K)->35638K(36288K) NonClass: 29364K(29824K)->29364K(29824K) Class: 6273K(6464K)->6273K(6464K)
[817.093s][info][gc             ] GC(2247) Pause Young (Allocation Failure) 909M->631M(912M) 38.454ms
[817.093s][info][gc,cpu         ] GC(2247) User=0.07s Sys=0.01s Real=0.04s
[817.404s][info][gc,start       ] GC(2248) Pause Young (Allocation Failure)
[817.406s][info][gc,heap        ] GC(2248) PSYoungGen: 302464K(302592K)->64K(308736K) Eden: 286720K(286720K)->0K(283136K) From: 15744K(15872K)->64K(25600K)
[817.406s][info][gc,heap        ] GC(2248) ParOldGen: 630788K(631296K)->630796K(631296K)
[817.406s][info][gc,metaspace   ] GC(2248) Metaspace: 35638K(36288K)->35638K(36288K) NonClass: 29364K(29824K)->29364K(29824K) Class: 6273K(6464K)->6273K(6464K)
[817.406s][info][gc             ] GC(2248) Pause Young (Allocation Failure) 911M->616M(918M) 1.945ms
[817.406s][info][gc,cpu         ] GC(2248) User=0.01s Sys=0.00s Real=0.01s
[818.047s][info][gc,start       ] GC(2249) Pause Young (Allocation Failure)
[818.049s][info][gc,heap        ] GC(2249) PSYoungGen: 283200K(308736K)->64K(283648K) Eden: 283136K(283136K)->0K(283136K) From: 64K(25600K)->64K(512K)
[818.049s][info][gc,heap        ] GC(2249) ParOldGen: 630796K(631296K)->630804K(631296K)
[818.049s][info][gc,metaspace   ] GC(2249) Metaspace: 35638K(36288K)->35638K(36288K) NonClass: 29364K(29824K)->29364K(29824K) Class: 6273K(6464K)->6273K(6464K)
[818.049s][info][gc             ] GC(2249) Pause Young (Allocation Failure) 892M->616M(893M) 2.215ms
[818.049s][info][gc,cpu         ] GC(2249) User=0.00s Sys=0.00s Real=0.00s
[818.511s][info][gc,start       ] GC(2250) Pause Young (Allocation Failure)
[818.513s][info][gc,heap        ] GC(2250) PSYoungGen: 283200K(283648K)->64K(308224K) Eden: 283136K(283136K)->0K(284160K) From: 64K(512K)->64K(24064K)
[818.513s][info][gc,heap        ] GC(2250) ParOldGen: 630804K(631296K)->630820K(631296K)
[818.513s][info][gc,metaspace   ] GC(2250) Metaspace: 35638K(36288K)->35638K(36288K) NonClass: 29364K(29824K)->29364K(29824K) Class: 6273K(6464K)->6273K(6464K)
[818.513s][info][gc             ] GC(2250) Pause Young (Allocation Failure) 892M->616M(917M) 2.065ms
[818.513s][info][gc,cpu         ] GC(2250) User=0.00s Sys=0.00s Real=0.00s
[818.728s][info][gc,start       ] GC(2251) Pause Young (Allocation Failure)
[818.730s][info][gc,heap        ] GC(2251) PSYoungGen: 284224K(308224K)->64K(307200K) Eden: 284160K(284160K)->0K(284160K) From: 64K(24064K)->64K(23040K)
[818.730s][info][gc,heap        ] GC(2251) ParOldGen: 630820K(631296K)->630836K(631296K)
[818.730s][info][gc,metaspace   ] GC(2251) Metaspace: 35638K(36288K)->35638K(36288K) NonClass: 29364K(29824K)->29364K(29824K) Class: 6273K(6464K)->6273K(6464K)
[818.730s][info][gc             ] GC(2251) Pause Young (Allocation Failure) 893M->616M(916M) 2.077ms
[818.730s][info][gc,cpu         ] GC(2251) User=0.00s Sys=0.00s Real=0.00s
[818.945s][info][gc,start       ] GC(2252) Pause Young (Allocation Failure)
[818.947s][info][gc,heap        ] GC(2252) PSYoungGen: 284224K(307200K)->64K(309760K) Eden: 284160K(284160K)->0K(287744K) From: 64K(23040K)->64K(22016K)
[818.947s][info][gc,heap        ] GC(2252) ParOldGen: 630836K(631296K)->630836K(631296K)
[818.947s][info][gc,metaspace   ] GC(2252) Metaspace: 35638K(36288K)->35638K(36288K) NonClass: 29364K(29824K)->29364K(29824K) Class: 6273K(6464K)->6273K(6464K)
[818.947s][info][gc             ] GC(2252) Pause Young (Allocation Failure) 893M->616M(919M) 2.597ms
[818.947s][info][gc,cpu         ] GC(2252) User=0.01s Sys=0.00s Real=0.01s
[819.278s][info][gc,start       ] GC(2253) Pause Young (Allocation Failure)
[819.280s][info][gc,heap        ] GC(2253) PSYoungGen: 287808K(309760K)->64K(308736K) Eden: 287744K(287744K)->0K(287744K) From: 64K(22016K)->64K(20992K)
[819.280s][info][gc,heap        ] GC(2253) ParOldGen: 630836K(631296K)->630836K(631296K)
[819.280s][info][gc,metaspace   ] GC(2253) Metaspace: 35638K(36288K)->35638K(36288K) NonClass: 29364K(29824K)->29364K(29824K) Class: 6273K(6464K)->6273K(6464K)
[819.280s][info][gc             ] GC(2253) Pause Young (Allocation Failure) 897M->616M(918M) 1.990ms
[819.280s][info][gc,cpu         ] GC(2253) User=0.01s Sys=0.00s Real=0.00s
[819.434s][info][gc,start       ] GC(2254) Pause Young (Allocation Failure)
[819.436s][info][gc,heap        ] GC(2254) PSYoungGen: 287808K(308736K)->64K(311808K) Eden: 287744K(287744K)->0K(291840K) From: 64K(20992K)->64K(19968K)
[819.436s][info][gc,heap        ] GC(2254) ParOldGen: 630836K(631296K)->630844K(631296K)
[819.436s][info][gc,metaspace   ] GC(2254) Metaspace: 35638K(36288K)->35638K(36288K) NonClass: 29364K(29824K)->29364K(29824K) Class: 6273K(6464K)->6273K(6464K)
[819.436s][info][gc             ] GC(2254) Pause Young (Allocation Failure) 897M->616M(921M) 2.001ms
[819.436s][info][gc,cpu         ] GC(2254) User=0.00s Sys=0.00s Real=0.01s
[819.491s][info][gc,start       ] GC(2255) Pause Young (Allocation Failure)
[819.493s][info][gc,heap        ] GC(2255) PSYoungGen: 291904K(311808K)->64K(310784K) Eden: 291840K(291840K)->0K(291840K) From: 64K(19968K)->64K(18944K)
[819.493s][info][gc,heap        ] GC(2255) ParOldGen: 630844K(631296K)->630860K(631296K)
[819.493s][info][gc,metaspace   ] GC(2255) Metaspace: 35638K(36288K)->35638K(36288K) NonClass: 29364K(29824K)->29364K(29824K) Class: 6273K(6464K)->6273K(6464K)
[819.493s][info][gc             ] GC(2255) Pause Young (Allocation Failure) 901M->616M(920M) 1.921ms
[819.493s][info][gc,cpu         ] GC(2255) User=0.00s Sys=0.00s Real=0.00s
[819.625s][info][gc,start       ] GC(2256) Pause Young (Allocation Failure)
[819.627s][info][gc,heap        ] GC(2256) PSYoungGen: 291904K(310784K)->64K(313856K) Eden: 291840K(291840K)->0K(295936K) From: 64K(18944K)->64K(17920K)
[819.627s][info][gc,heap        ] GC(2256) ParOldGen: 630860K(631296K)->630860K(631296K)
[819.627s][info][gc,metaspace   ] GC(2256) Metaspace: 35638K(36288K)->35638K(36288K) NonClass: 29364K(29824K)->29364K(29824K) Class: 6273K(6464K)->6273K(6464K)
[819.627s][info][gc             ] GC(2256) Pause Young (Allocation Failure) 901M->616M(923M) 2.050ms
[819.627s][info][gc,cpu         ] GC(2256) User=0.01s Sys=0.00s Real=0.01s
[819.976s][info][gc,start       ] GC(2257) Pause Young (Allocation Failure)
[819.978s][info][gc,heap        ] GC(2257) PSYoungGen: 296000K(313856K)->64K(312832K) Eden: 295936K(295936K)->0K(295936K) From: 64K(17920K)->64K(16896K)
[819.978s][info][gc,heap        ] GC(2257) ParOldGen: 630860K(631296K)->630876K(631296K)
[819.978s][info][gc,metaspace   ] GC(2257) Metaspace: 35638K(36288K)->35638K(36288K) NonClass: 29364K(29824K)->29364K(29824K) Class: 6273K(6464K)->6273K(6464K)
[819.978s][info][gc             ] GC(2257) Pause Young (Allocation Failure) 905M->616M(922M) 2.024ms
[819.978s][info][gc,cpu         ] GC(2257) User=0.00s Sys=0.00s Real=0.00s
[820.177s][info][gc,start       ] GC(2258) Pause Young (Allocation Failure)
[820.179s][info][gc,heap        ] GC(2258) PSYoungGen: 296000K(312832K)->64K(315392K) Eden: 295936K(295936K)->0K(299520K) From: 64K(16896K)->64K(15872K)
[820.179s][info][gc,heap        ] GC(2258) ParOldGen: 630876K(631296K)->630876K(631296K)
[820.179s][info][gc,metaspace   ] GC(2258) Metaspace: 35638K(36288K)->35638K(36288K) NonClass: 29364K(29824K)->29364K(29824K) Class: 6273K(6464K)->6273K(6464K)
[820.179s][info][gc             ] GC(2258) Pause Young (Allocation Failure) 905M->616M(924M) 2.058ms
[820.179s][info][gc,cpu         ] GC(2258) User=0.00s Sys=0.00s Real=0.00s
[820.259s][info][gc,start       ] GC(2259) Pause Young (Allocation Failure)
[820.261s][info][gc,heap        ] GC(2259) PSYoungGen: 299584K(315392K)->64K(314880K) Eden: 299520K(299520K)->0K(299520K) From: 64K(15872K)->64K(15360K)
[820.261s][info][gc,heap        ] GC(2259) ParOldGen: 630876K(631296K)->630892K(631296K)
[820.261s][info][gc,metaspace   ] GC(2259) Metaspace: 35638K(36288K)->35638K(36288K) NonClass: 29364K(29824K)->29364K(29824K) Class: 6273K(6464K)->6273K(6464K)
[820.261s][info][gc             ] GC(2259) Pause Young (Allocation Failure) 908M->616M(924M) 2.044ms
[820.261s][info][gc,cpu         ] GC(2259) User=0.00s Sys=0.00s Real=0.00s
[820.420s][info][gc,start       ] GC(2260) Pause Young (Allocation Failure)
[820.422s][info][gc,heap        ] GC(2260) PSYoungGen: 299584K(314880K)->64K(317440K) Eden: 299520K(299520K)->0K(303616K) From: 64K(15360K)->64K(13824K)
[820.422s][info][gc,heap        ] GC(2260) ParOldGen: 630892K(631296K)->630892K(631296K)
[820.422s][info][gc,metaspace   ] GC(2260) Metaspace: 35638K(36288K)->35638K(36288K) NonClass: 29364K(29824K)->29364K(29824K) Class: 6273K(6464K)->6273K(6464K)
[820.422s][info][gc             ] GC(2260) Pause Young (Allocation Failure) 908M->616M(926M) 2.024ms
[820.422s][info][gc,cpu         ] GC(2260) User=0.00s Sys=0.00s Real=0.00s
[820.827s][info][gc,start       ] GC(2261) Pause Young (Allocation Failure)
[820.829s][info][gc,heap        ] GC(2261) PSYoungGen: 303680K(317440K)->64K(316928K) Eden: 303616K(303616K)->0K(303616K) From: 64K(13824K)->64K(13312K)
[820.829s][info][gc,heap        ] GC(2261) ParOldGen: 630892K(631296K)->630900K(631296K)
[820.829s][info][gc,metaspace   ] GC(2261) Metaspace: 35638K(36288K)->35638K(36288K) NonClass: 29364K(29824K)->29364K(29824K) Class: 6273K(6464K)->6273K(6464K)
[820.829s][info][gc             ] GC(2261) Pause Young (Allocation Failure) 912M->616M(926M) 2.027ms
[820.829s][info][gc,cpu         ] GC(2261) User=0.00s Sys=0.00s Real=0.00s
[821.640s][info][gc,start       ] GC(2262) Pause Young (Allocation Failure)
[821.642s][info][gc,heap        ] GC(2262) PSYoungGen: 303680K(316928K)->64K(319488K) Eden: 303616K(303616K)->0K(307200K) From: 64K(13312K)->64K(12288K)
[821.642s][info][gc,heap        ] GC(2262) ParOldGen: 630900K(631296K)->630908K(631296K)
[821.642s][info][gc,metaspace   ] GC(2262) Metaspace: 35645K(36352K)->35645K(36352K) NonClass: 29372K(29888K)->29372K(29888K) Class: 6273K(6464K)->6273K(6464K)
[821.642s][info][gc             ] GC(2262) Pause Young (Allocation Failure) 912M->616M(928M) 1.976ms
[821.642s][info][gc,cpu         ] GC(2262) User=0.00s Sys=0.00s Real=0.00s
[822.491s][info][gc,start       ] GC(2263) Pause Young (Allocation Failure)
[822.494s][info][gc,heap        ] GC(2263) PSYoungGen: 307264K(319488K)->64K(295424K) Eden: 307200K(307200K)->0K(294912K) From: 64K(12288K)->64K(512K)
[822.494s][info][gc,heap        ] GC(2263) ParOldGen: 630908K(631296K)->630916K(631296K)
[822.494s][info][gc,metaspace   ] GC(2263) Metaspace: 35645K(36352K)->35645K(36352K) NonClass: 29372K(29888K)->29372K(29888K) Class: 6273K(6464K)->6273K(6464K)
[822.494s][info][gc             ] GC(2263) Pause Young (Allocation Failure) 916M->616M(905M) 2.650ms
[822.494s][info][gc,cpu         ] GC(2263) User=0.01s Sys=0.00s Real=0.00s
[822.940s][info][gc,start       ] GC(2264) Pause Young (Allocation Failure)
[822.942s][info][gc,heap        ] GC(2264) PSYoungGen: 294976K(295424K)->64K(283648K) Eden: 294912K(294912K)->0K(283136K) From: 64K(512K)->64K(512K)
[822.942s][info][gc,heap        ] GC(2264) ParOldGen: 630916K(631296K)->630924K(631296K)
[822.942s][info][gc,metaspace   ] GC(2264) Metaspace: 35653K(36352K)->35653K(36352K) NonClass: 29380K(29888K)->29380K(29888K) Class: 6273K(6464K)->6273K(6464K)
[822.942s][info][gc             ] GC(2264) Pause Young (Allocation Failure) 904M->616M(893M) 2.034ms
[822.943s][info][gc,cpu         ] GC(2264) User=0.00s Sys=0.00s Real=0.00s
[823.920s][info][gc,start       ] GC(2265) Pause Young (Allocation Failure)
[823.922s][info][gc,heap        ] GC(2265) PSYoungGen: 283200K(283648K)->64K(282112K) Eden: 283136K(283136K)->0K(271872K) From: 64K(512K)->64K(10240K)
[823.922s][info][gc,heap        ] GC(2265) ParOldGen: 630924K(631296K)->630932K(631296K)
[823.922s][info][gc,metaspace   ] GC(2265) Metaspace: 35653K(36352K)->35653K(36352K) NonClass: 29380K(29888K)->29380K(29888K) Class: 6273K(6464K)->6273K(6464K)
[823.922s][info][gc             ] GC(2265) Pause Young (Allocation Failure) 892M->616M(892M) 1.972ms
[823.922s][info][gc,cpu         ] GC(2265) User=0.00s Sys=0.00s Real=0.00s
[824.320s][info][gc,start       ] GC(2266) Pause Young (Allocation Failure)
[824.323s][info][gc,heap        ] GC(2266) PSYoungGen: 271936K(282112K)->64K(261632K) Eden: 271872K(271872K)->0K(261120K) From: 64K(10240K)->64K(512K)
[824.323s][info][gc,heap        ] GC(2266) ParOldGen: 630932K(631296K)->630940K(631296K)
[824.323s][info][gc,metaspace   ] GC(2266) Metaspace: 35653K(36352K)->35653K(36352K) NonClass: 29380K(29888K)->29380K(29888K) Class: 6273K(6464K)->6273K(6464K)
[824.323s][info][gc             ] GC(2266) Pause Young (Allocation Failure) 881M->616M(872M) 2.553ms
[824.323s][info][gc,cpu         ] GC(2266) User=0.00s Sys=0.00s Real=0.00s
[824.498s][info][gc,start       ] GC(2267) Pause Young (Allocation Failure)
[824.501s][info][gc,heap        ] GC(2267) PSYoungGen: 261184K(261632K)->64K(259584K) Eden: 261120K(261120K)->0K(250880K) From: 64K(512K)->64K(8704K)
[824.501s][info][gc,heap        ] GC(2267) ParOldGen: 630940K(631296K)->630948K(631296K)
[824.501s][info][gc,metaspace   ] GC(2267) Metaspace: 35653K(36352K)->35653K(36352K) NonClass: 29380K(29888K)->29380K(29888K) Class: 6273K(6464K)->6273K(6464K)
[824.501s][info][gc             ] GC(2267) Pause Young (Allocation Failure) 871M->616M(870M) 2.857ms
[824.501s][info][gc,cpu         ] GC(2267) User=0.00s Sys=0.00s Real=0.00s
[824.667s][info][gc,start       ] GC(2268) Pause Young (Allocation Failure)
[824.670s][info][gc,heap        ] GC(2268) PSYoungGen: 250944K(259584K)->64K(292352K) Eden: 250880K(250880K)->0K(284160K) From: 64K(8704K)->64K(8192K)
[824.670s][info][gc,heap        ] GC(2268) ParOldGen: 630948K(631296K)->630956K(631296K)
[824.670s][info][gc,metaspace   ] GC(2268) Metaspace: 35653K(36352K)->35653K(36352K) NonClass: 29380K(29888K)->29380K(29888K) Class: 6273K(6464K)->6273K(6464K)
[824.670s][info][gc             ] GC(2268) Pause Young (Allocation Failure) 861M->616M(902M) 2.819ms
[824.670s][info][gc,cpu         ] GC(2268) User=0.01s Sys=0.00s Real=0.00s
[825.248s][info][gc,start       ] GC(2269) Pause Young (Allocation Failure)
[825.250s][info][gc,heap        ] GC(2269) PSYoungGen: 284224K(292352K)->64K(273408K) Eden: 284160K(284160K)->0K(272896K) From: 64K(8192K)->64K(512K)
[825.250s][info][gc,heap        ] GC(2269) ParOldGen: 630956K(631296K)->630964K(631296K)
[825.250s][info][gc,metaspace   ] GC(2269) Metaspace: 35653K(36352K)->35653K(36352K) NonClass: 29380K(29888K)->29380K(29888K) Class: 6273K(6464K)->6273K(6464K)
[825.250s][info][gc             ] GC(2269) Pause Young (Allocation Failure) 893M->616M(883M) 2.851ms
[825.250s][info][gc,cpu         ] GC(2269) User=0.00s Sys=0.00s Real=0.00s
[825.646s][info][gc,start       ] GC(2270) Pause Young (Allocation Failure)
[825.654s][info][gc,heap        ] GC(2270) PSYoungGen: 272960K(273408K)->3936K(284672K) Eden: 272896K(272896K)->0K(277504K) From: 64K(512K)->3936K(7168K)
[825.654s][info][gc,heap        ] GC(2270) ParOldGen: 630964K(631296K)->630980K(631296K)
[825.654s][info][gc,metaspace   ] GC(2270) Metaspace: 35653K(36352K)->35653K(36352K) NonClass: 29380K(29888K)->29380K(29888K) Class: 6273K(6464K)->6273K(6464K)
[825.654s][info][gc             ] GC(2270) Pause Young (Allocation Failure) 882M->620M(894M) 7.344ms
[825.654s][info][gc,cpu         ] GC(2270) User=0.01s Sys=0.00s Real=0.00s
[825.940s][info][gc,start       ] GC(2271) Pause Young (Allocation Failure)
[825.999s][info][gc,heap        ] GC(2271) PSYoungGen: 281440K(284672K)->7680K(285184K) Eden: 277504K(277504K)->0K(277504K) From: 3936K(7168K)->7680K(7680K)
[825.999s][info][gc,heap        ] GC(2271) ParOldGen: 630980K(631296K)->652588K(652800K)
[825.999s][info][gc,metaspace   ] GC(2271) Metaspace: 35653K(36352K)->35653K(36352K) NonClass: 29380K(29888K)->29380K(29888K) Class: 6273K(6464K)->6273K(6464K)
[825.999s][info][gc             ] GC(2271) Pause Young (Allocation Failure) 891M->644M(916M) 58.963ms
[825.999s][info][gc,cpu         ] GC(2271) User=0.10s Sys=0.02s Real=0.06s
[826.285s][info][gc,start       ] GC(2272) Pause Young (Allocation Failure)
[826.353s][info][gc,heap        ] GC(2272) PSYoungGen: 285184K(285184K)->17408K(299008K) Eden: 277504K(277504K)->0K(281600K) From: 7680K(7680K)->17408K(17408K)
[826.353s][info][gc,heap        ] GC(2272) ParOldGen: 652588K(652800K)->665244K(665600K)
[826.353s][info][gc,metaspace   ] GC(2272) Metaspace: 35653K(36352K)->35653K(36352K) NonClass: 29380K(29888K)->29380K(29888K) Class: 6273K(6464K)->6273K(6464K)
[826.353s][info][gc             ] GC(2272) Pause Young (Allocation Failure) 915M->666M(942M) 68.128ms
[826.353s][info][gc,cpu         ] GC(2272) User=0.12s Sys=0.01s Real=0.06s
[826.474s][info][gc,start       ] GC(2273) Pause Full (Allocation Failure)
[826.474s][info][gc,phases,start] GC(2273) Marking Phase
[826.524s][info][gc,phases      ] GC(2273) Marking Phase 49.874ms
[826.524s][info][gc,phases,start] GC(2273) Summary Phase
[826.524s][info][gc,phases      ] GC(2273) Summary Phase 0.034ms
[826.524s][info][gc,phases,start] GC(2273) Forward
[826.537s][info][gc,phases      ] GC(2273) Forward 13.159ms
[826.537s][info][gc,phases,start] GC(2273) Adjust Pointers
[826.564s][info][gc,phases      ] GC(2273) Adjust Pointers 26.457ms
[826.564s][info][gc,phases,start] GC(2273) Compaction Phase
[826.574s][info][gc,phases      ] GC(2273) Compaction Phase 10.417ms
[826.574s][info][gc,phases,start] GC(2273) Post Compact
[826.577s][info][metaspace      ] ChkMgr @0x00007f206403aa80 (non-class-space): : reclaiming memory...
[826.577s][info][metaspace      ] ChkMgr @0x00007f206403aa80 (non-class-space): nothing reclaimed.
[826.577s][info][metaspace      ] ChkMgr @0x00007f206403a890 (class-space): : reclaiming memory...
[826.577s][info][metaspace      ] ChkMgr @0x00007f206403a890 (class-space): nothing reclaimed.
[826.577s][info][gc,phases      ] GC(2273) Post Compact 2.947ms
[826.616s][info][gc,heap        ] GC(2273) PSYoungGen: 299008K(299008K)->0K(307712K) Eden: 281600K(281600K)->0K(281600K) From: 17408K(17408K)->0K(26112K)
[826.616s][info][gc,heap        ] GC(2273) ParOldGen: 665244K(665600K)->64732K(175104K)
[826.616s][info][gc,metaspace   ] GC(2273) Metaspace: 35653K(36352K)->35612K(36352K) NonClass: 29380K(29888K)->29339K(29888K) Class: 6273K(6464K)->6272K(6464K)
[826.616s][info][gc             ] GC(2273) Pause Full (Allocation Failure) 941M->63M(471M) 142.358ms
[826.617s][info][gc,cpu         ] GC(2273) User=0.16s Sys=0.04s Real=0.15s
[827.105s][info][gc,start       ] GC(2274) Pause Young (Allocation Failure)
[827.108s][info][gc,heap        ] GC(2274) PSYoungGen: 281600K(307712K)->64K(305664K) Eden: 281600K(281600K)->0K(281600K) From: 0K(26112K)->64K(24064K)
[827.108s][info][gc,heap        ] GC(2274) ParOldGen: 64732K(175104K)->64732K(175104K)
[827.108s][info][gc,metaspace   ] GC(2274) Metaspace: 35612K(36352K)->35612K(36352K) NonClass: 29339K(29888K)->29339K(29888K) Class: 6272K(6464K)->6272K(6464K)
[827.108s][info][gc             ] GC(2274) Pause Young (Allocation Failure) 338M->63M(469M) 2.496ms
[827.108s][info][gc,cpu         ] GC(2274) User=0.00s Sys=0.00s Real=0.01s
[827.645s][info][gc,start       ] GC(2275) Pause Young (Allocation Failure)
[827.646s][info][gc,heap        ] GC(2275) PSYoungGen: 281664K(305664K)->64K(306688K) Eden: 281600K(281600K)->0K(281600K) From: 64K(24064K)->64K(25088K)
[827.646s][info][gc,heap        ] GC(2275) ParOldGen: 64732K(175104K)->64740K(175104K)
[827.646s][info][gc,metaspace   ] GC(2275) Metaspace: 35612K(36352K)->35612K(36352K) NonClass: 29339K(29888K)->29339K(29888K) Class: 6272K(6464K)->6272K(6464K)
[827.646s][info][gc             ] GC(2275) Pause Young (Allocation Failure) 338M->63M(470M) 0.737ms
[827.646s][info][gc,cpu         ] GC(2275) User=0.00s Sys=0.00s Real=0.01s
[828.076s][info][gc,start       ] GC(2276) Pause Young (Allocation Failure)
[828.077s][info][gc,heap        ] GC(2276) PSYoungGen: 281664K(306688K)->64K(306688K) Eden: 281600K(281600K)->0K(284672K) From: 64K(25088K)->64K(22016K)
[828.077s][info][gc,heap        ] GC(2276) ParOldGen: 64740K(175104K)->64756K(175104K)
[828.077s][info][gc,metaspace   ] GC(2276) Metaspace: 35612K(36352K)->35612K(36352K) NonClass: 29339K(29888K)->29339K(29888K) Class: 6272K(6464K)->6272K(6464K)
[828.077s][info][gc             ] GC(2276) Pause Young (Allocation Failure) 338M->63M(470M) 0.890ms
[828.077s][info][gc,cpu         ] GC(2276) User=0.00s Sys=0.00s Real=0.00s
[828.293s][info][gc,start       ] GC(2277) Pause Young (Allocation Failure)
[828.294s][info][gc,heap        ] GC(2277) PSYoungGen: 284736K(306688K)->64K(307712K) Eden: 284672K(284672K)->0K(284672K) From: 64K(22016K)->64K(23040K)
[828.294s][info][gc,heap        ] GC(2277) ParOldGen: 64756K(175104K)->64772K(175104K)
[828.294s][info][gc,metaspace   ] GC(2277) Metaspace: 35612K(36352K)->35612K(36352K) NonClass: 29339K(29888K)->29339K(29888K) Class: 6272K(6464K)->6272K(6464K)
[828.294s][info][gc             ] GC(2277) Pause Young (Allocation Failure) 341M->63M(471M) 0.687ms
[828.294s][info][gc,cpu         ] GC(2277) User=0.00s Sys=0.00s Real=0.00s
[828.507s][info][gc,start       ] GC(2278) Pause Young (Allocation Failure)
[828.508s][info][gc,heap        ] GC(2278) PSYoungGen: 284736K(307712K)->64K(308736K) Eden: 284672K(284672K)->0K(288768K) From: 64K(23040K)->64K(19968K)
[828.508s][info][gc,heap        ] GC(2278) ParOldGen: 64772K(175104K)->64772K(175104K)
[828.508s][info][gc,metaspace   ] GC(2278) Metaspace: 35612K(36352K)->35612K(36352K) NonClass: 29339K(29888K)->29339K(29888K) Class: 6272K(6464K)->6272K(6464K)
[828.508s][info][gc             ] GC(2278) Pause Young (Allocation Failure) 341M->63M(472M) 0.712ms
[828.508s][info][gc,cpu         ] GC(2278) User=0.00s Sys=0.01s Real=0.00s
[828.855s][info][gc,start       ] GC(2279) Pause Young (Allocation Failure)
[828.855s][info][gc,heap        ] GC(2279) PSYoungGen: 288832K(308736K)->64K(309760K) Eden: 288768K(288768K)->0K(288768K) From: 64K(19968K)->64K(20992K)
[828.855s][info][gc,heap        ] GC(2279) ParOldGen: 64772K(175104K)->64772K(175104K)
[828.855s][info][gc,metaspace   ] GC(2279) Metaspace: 35612K(36352K)->35612K(36352K) NonClass: 29339K(29888K)->29339K(29888K) Class: 6272K(6464K)->6272K(6464K)
[828.855s][info][gc             ] GC(2279) Pause Young (Allocation Failure) 345M->63M(473M) 0.662ms
[828.855s][info][gc,cpu         ] GC(2279) User=0.00s Sys=0.00s Real=0.01s
[828.950s][info][gc,start       ] GC(2280) Pause Young (Allocation Failure)
[828.951s][info][gc,heap        ] GC(2280) PSYoungGen: 288832K(309760K)->64K(310784K) Eden: 288768K(288768K)->0K(292864K) From: 64K(20992K)->64K(17920K)
[828.951s][info][gc,heap        ] GC(2280) ParOldGen: 64772K(175104K)->64780K(175104K)
[828.951s][info][gc,metaspace   ] GC(2280) Metaspace: 35612K(36352K)->35612K(36352K) NonClass: 29339K(29888K)->29339K(29888K) Class: 6272K(6464K)->6272K(6464K)
[828.951s][info][gc             ] GC(2280) Pause Young (Allocation Failure) 345M->63M(474M) 0.630ms
[828.951s][info][gc,cpu         ] GC(2280) User=0.00s Sys=0.00s Real=0.00s
[829.005s][info][gc,start       ] GC(2281) Pause Young (Allocation Failure)
[829.006s][info][gc,heap        ] GC(2281) PSYoungGen: 292928K(310784K)->64K(311808K) Eden: 292864K(292864K)->0K(292864K) From: 64K(17920K)->64K(18944K)
[829.006s][info][gc,heap        ] GC(2281) ParOldGen: 64780K(175104K)->64796K(175104K)
[829.006s][info][gc,metaspace   ] GC(2281) Metaspace: 35612K(36352K)->35612K(36352K) NonClass: 29339K(29888K)->29339K(29888K) Class: 6272K(6464K)->6272K(6464K)
[829.006s][info][gc             ] GC(2281) Pause Young (Allocation Failure) 349M->63M(475M) 0.586ms
[829.006s][info][gc,cpu         ] GC(2281) User=0.00s Sys=0.00s Real=0.01s
[829.212s][info][gc,start       ] GC(2282) Pause Young (Allocation Failure)
[829.213s][info][gc,heap        ] GC(2282) PSYoungGen: 292928K(311808K)->64K(312832K) Eden: 292864K(292864K)->0K(296960K) From: 64K(18944K)->64K(15872K)
[829.213s][info][gc,heap        ] GC(2282) ParOldGen: 64796K(175104K)->64796K(175104K)
[829.213s][info][gc,metaspace   ] GC(2282) Metaspace: 35612K(36352K)->35612K(36352K) NonClass: 29339K(29888K)->29339K(29888K) Class: 6272K(6464K)->6272K(6464K)
[829.213s][info][gc             ] GC(2282) Pause Young (Allocation Failure) 349M->63M(476M) 0.595ms
[829.213s][info][gc,cpu         ] GC(2282) User=0.01s Sys=0.00s Real=0.00s
[829.544s][info][gc,start       ] GC(2283) Pause Young (Allocation Failure)
[829.546s][info][gc,heap        ] GC(2283) PSYoungGen: 297024K(312832K)->64K(285696K) Eden: 296960K(296960K)->0K(285184K) From: 64K(15872K)->64K(512K)
[829.546s][info][gc,heap        ] GC(2283) ParOldGen: 64796K(175104K)->64804K(175104K)
[829.546s][info][gc,metaspace   ] GC(2283) Metaspace: 35612K(36352K)->35612K(36352K) NonClass: 29339K(29888K)->29339K(29888K) Class: 6272K(6464K)->6272K(6464K)
[829.546s][info][gc             ] GC(2283) Pause Young (Allocation Failure) 353M->63M(450M) 2.172ms
[829.546s][info][gc,cpu         ] GC(2283) User=0.00s Sys=0.00s Real=0.01s
[829.697s][info][gc,start       ] GC(2284) Pause Young (Allocation Failure)
[829.697s][info][gc,heap        ] GC(2284) PSYoungGen: 285248K(285696K)->64K(276480K) Eden: 285184K(285184K)->0K(273920K) From: 64K(512K)->64K(2560K)
[829.698s][info][gc,heap        ] GC(2284) ParOldGen: 64804K(175104K)->64812K(175104K)
[829.698s][info][gc,metaspace   ] GC(2284) Metaspace: 35612K(36352K)->35612K(36352K) NonClass: 29339K(29888K)->29339K(29888K) Class: 6272K(6464K)->6272K(6464K)
[829.698s][info][gc             ] GC(2284) Pause Young (Allocation Failure) 341M->63M(441M) 0.815ms
[829.698s][info][gc,cpu         ] GC(2284) User=0.01s Sys=0.00s Real=0.00s
[829.772s][info][gc,start       ] GC(2285) Pause Young (Allocation Failure)
[829.773s][info][gc,heap        ] GC(2285) PSYoungGen: 273984K(276480K)->64K(263680K) Eden: 273920K(273920K)->0K(263168K) From: 64K(2560K)->64K(512K)
[829.773s][info][gc,heap        ] GC(2285) ParOldGen: 64812K(175104K)->64828K(175104K)
[829.773s][info][gc,metaspace   ] GC(2285) Metaspace: 35612K(36352K)->35612K(36352K) NonClass: 29339K(29888K)->29339K(29888K) Class: 6272K(6464K)->6272K(6464K)
[829.773s][info][gc             ] GC(2285) Pause Young (Allocation Failure) 330M->63M(428M) 0.728ms
[829.773s][info][gc,cpu         ] GC(2285) User=0.00s Sys=0.00s Real=0.00s
[829.926s][info][gc,start       ] GC(2286) Pause Young (Allocation Failure)
[829.928s][info][gc,heap        ] GC(2286) PSYoungGen: 263232K(263680K)->64K(253440K) Eden: 263168K(263168K)->0K(252928K) From: 64K(512K)->64K(512K)
[829.928s][info][gc,heap        ] GC(2286) ParOldGen: 64828K(175104K)->64828K(175104K)
[829.928s][info][gc,metaspace   ] GC(2286) Metaspace: 35612K(36352K)->35612K(36352K) NonClass: 29339K(29888K)->29339K(29888K) Class: 6272K(6464K)->6272K(6464K)
[829.928s][info][gc             ] GC(2286) Pause Young (Allocation Failure) 320M->63M(418M) 1.486ms
[829.928s][info][gc,cpu         ] GC(2286) User=0.00s Sys=0.00s Real=0.00s
[830.278s][info][gc,start       ] GC(2287) Pause Young (Allocation Failure)
[830.279s][info][gc,heap        ] GC(2287) PSYoungGen: 252992K(253440K)->64K(256512K) Eden: 252928K(252928K)->0K(243200K) From: 64K(512K)->64K(13312K)
[830.279s][info][gc,heap        ] GC(2287) ParOldGen: 64828K(175104K)->64836K(175104K)
[830.279s][info][gc,metaspace   ] GC(2287) Metaspace: 35612K(36352K)->35612K(36352K) NonClass: 29339K(29888K)->29339K(29888K) Class: 6272K(6464K)->6272K(6464K)
[830.279s][info][gc             ] GC(2287) Pause Young (Allocation Failure) 310M->63M(421M) 0.669ms
[830.279s][info][gc,cpu         ] GC(2287) User=0.00s Sys=0.00s Real=0.00s
[830.969s][info][gc,start       ] GC(2288) Pause Young (Allocation Failure)
[830.970s][info][gc,heap        ] GC(2288) PSYoungGen: 243264K(256512K)->64K(234496K) Eden: 243200K(243200K)->0K(233984K) From: 64K(13312K)->64K(512K)
[830.970s][info][gc,heap        ] GC(2288) ParOldGen: 64836K(175104K)->64844K(175104K)
[830.970s][info][gc,metaspace   ] GC(2288) Metaspace: 35612K(36352K)->35612K(36352K) NonClass: 29339K(29888K)->29339K(29888K) Class: 6272K(6464K)->6272K(6464K)
[830.970s][info][gc             ] GC(2288) Pause Young (Allocation Failure) 300M->63M(400M) 1.769ms
[830.970s][info][gc,cpu         ] GC(2288) User=0.00s Sys=0.00s Real=0.00s
[831.838s][info][gc,start       ] GC(2289) Pause Young (Allocation Failure)
[831.839s][info][gc,heap        ] GC(2289) PSYoungGen: 234048K(234496K)->64K(237056K) Eden: 233984K(233984K)->0K(225280K) From: 64K(512K)->64K(11776K)
[831.839s][info][gc,heap        ] GC(2289) ParOldGen: 64844K(175104K)->64860K(175104K)
[831.839s][info][gc,metaspace   ] GC(2289) Metaspace: 35612K(36352K)->35612K(36352K) NonClass: 29339K(29888K)->29339K(29888K) Class: 6272K(6464K)->6272K(6464K)
[831.839s][info][gc             ] GC(2289) Pause Young (Allocation Failure) 291M->63M(402M) 1.029ms
[831.839s][info][gc,cpu         ] GC(2289) User=0.00s Sys=0.00s Real=0.00s
[832.043s][info][gc,start       ] GC(2290) Pause Young (Allocation Failure)
[832.044s][info][gc,heap        ] GC(2290) PSYoungGen: 225344K(237056K)->64K(217600K) Eden: 225280K(225280K)->0K(217088K) From: 64K(11776K)->64K(512K)
[832.044s][info][gc,heap        ] GC(2290) ParOldGen: 64860K(175104K)->64868K(175104K)
[832.044s][info][gc,metaspace   ] GC(2290) Metaspace: 35612K(36352K)->35612K(36352K) NonClass: 29339K(29888K)->29339K(29888K) Class: 6272K(6464K)->6272K(6464K)
[832.045s][info][gc             ] GC(2290) Pause Young (Allocation Failure) 283M->63M(383M) 1.856ms
[832.045s][info][gc,cpu         ] GC(2290) User=0.00s Sys=0.00s Real=0.00s
[832.415s][info][gc,start       ] GC(2291) Pause Young (Allocation Failure)
[832.415s][info][gc,heap        ] GC(2291) PSYoungGen: 217152K(217600K)->64K(219648K) Eden: 217088K(217088K)->0K(209408K) From: 64K(512K)->64K(10240K)
[832.415s][info][gc,heap        ] GC(2291) ParOldGen: 64868K(175104K)->64876K(175104K)
[832.415s][info][gc,metaspace   ] GC(2291) Metaspace: 35612K(36352K)->35612K(36352K) NonClass: 29339K(29888K)->29339K(29888K) Class: 6272K(6464K)->6272K(6464K)
[832.415s][info][gc             ] GC(2291) Pause Young (Allocation Failure) 275M->63M(385M) 0.685ms
[832.415s][info][gc,cpu         ] GC(2291) User=0.00s Sys=0.00s Real=0.01s
[833.343s][info][gc,start       ] GC(2292) Pause Young (Allocation Failure)
[833.344s][info][gc,heap        ] GC(2292) PSYoungGen: 209472K(219648K)->64K(202240K) Eden: 209408K(209408K)->0K(201728K) From: 64K(10240K)->64K(512K)
[833.344s][info][gc,heap        ] GC(2292) ParOldGen: 64876K(175104K)->64884K(175104K)
[833.344s][info][gc,metaspace   ] GC(2292) Metaspace: 35612K(36352K)->35612K(36352K) NonClass: 29339K(29888K)->29339K(29888K) Class: 6272K(6464K)->6272K(6464K)
[833.344s][info][gc             ] GC(2292) Pause Young (Allocation Failure) 267M->63M(368M) 1.510ms
[833.344s][info][gc,cpu         ] GC(2292) User=0.00s Sys=0.00s Real=0.00s
[833.524s][info][gc,start       ] GC(2293) Pause Young (Allocation Failure)
[833.525s][info][gc,heap        ] GC(2293) PSYoungGen: 201792K(202240K)->64K(203264K) Eden: 201728K(201728K)->0K(194560K) From: 64K(512K)->64K(8704K)
[833.525s][info][gc,heap        ] GC(2293) ParOldGen: 64884K(175104K)->64892K(175104K)
[833.525s][info][gc,metaspace   ] GC(2293) Metaspace: 35612K(36352K)->35612K(36352K) NonClass: 29339K(29888K)->29339K(29888K) Class: 6272K(6464K)->6272K(6464K)
[833.525s][info][gc             ] GC(2293) Pause Young (Allocation Failure) 260M->63M(369M) 0.676ms
[833.525s][info][gc,cpu         ] GC(2293) User=0.00s Sys=0.00s Real=0.00s
[833.824s][info][gc,start       ] GC(2294) Pause Young (Allocation Failure)
[833.826s][info][gc,heap        ] GC(2294) PSYoungGen: 194624K(203264K)->64K(188416K) Eden: 194560K(194560K)->0K(187904K) From: 64K(8704K)->64K(512K)
[833.826s][info][gc,heap        ] GC(2294) ParOldGen: 64892K(175104K)->64900K(175104K)
[833.826s][info][gc,metaspace   ] GC(2294) Metaspace: 35612K(36352K)->35612K(36352K) NonClass: 29339K(29888K)->29339K(29888K) Class: 6272K(6464K)->6272K(6464K)
[833.826s][info][gc             ] GC(2294) Pause Young (Allocation Failure) 253M->63M(355M) 1.382ms
[833.826s][info][gc,cpu         ] GC(2294) User=0.00s Sys=0.01s Real=0.01s
[833.972s][info][gc,start       ] GC(2295) Pause Young (Allocation Failure)
[833.973s][info][gc,heap        ] GC(2295) PSYoungGen: 187968K(188416K)->64K(188928K) Eden: 187904K(187904K)->0K(181248K) From: 64K(512K)->64K(7680K)
[833.973s][info][gc,heap        ] GC(2295) ParOldGen: 64900K(175104K)->64908K(175104K)
[833.973s][info][gc,metaspace   ] GC(2295) Metaspace: 35612K(36352K)->35612K(36352K) NonClass: 29339K(29888K)->29339K(29888K) Class: 6272K(6464K)->6272K(6464K)
[833.973s][info][gc             ] GC(2295) Pause Young (Allocation Failure) 246M->63M(355M) 0.685ms
[833.973s][info][gc,cpu         ] GC(2295) User=0.00s Sys=0.00s Real=0.00s
[834.017s][info][gc,start       ] GC(2296) Pause Young (Allocation Failure)
[834.019s][info][gc,heap        ] GC(2296) PSYoungGen: 181312K(188928K)->64K(175616K) Eden: 181248K(181248K)->0K(175104K) From: 64K(7680K)->64K(512K)
[834.019s][info][gc,heap        ] GC(2296) ParOldGen: 64908K(175104K)->64924K(175104K)
[834.019s][info][gc,metaspace   ] GC(2296) Metaspace: 35612K(36352K)->35612K(36352K) NonClass: 29339K(29888K)->29339K(29888K) Class: 6272K(6464K)->6272K(6464K)
[834.019s][info][gc             ] GC(2296) Pause Young (Allocation Failure) 240M->63M(342M) 1.365ms
[834.019s][info][gc,cpu         ] GC(2296) User=0.00s Sys=0.00s Real=0.00s
[834.297s][info][gc,start       ] GC(2297) Pause Young (Allocation Failure)
[834.297s][info][gc,heap        ] GC(2297) PSYoungGen: 175168K(175616K)->64K(175616K) Eden: 175104K(175104K)->0K(168960K) From: 64K(512K)->64K(6656K)
[834.297s][info][gc,heap        ] GC(2297) ParOldGen: 64924K(175104K)->64924K(175104K)
[834.297s][info][gc,metaspace   ] GC(2297) Metaspace: 35612K(36352K)->35612K(36352K) NonClass: 29339K(29888K)->29339K(29888K) Class: 6272K(6464K)->6272K(6464K)
[834.297s][info][gc             ] GC(2297) Pause Young (Allocation Failure) 234M->63M(342M) 0.682ms
[834.298s][info][gc,cpu         ] GC(2297) User=0.00s Sys=0.00s Real=0.00s
[834.694s][info][gc,start       ] GC(2298) Pause Young (Allocation Failure)
[834.696s][info][gc,heap        ] GC(2298) PSYoungGen: 169024K(175616K)->64K(163840K) Eden: 168960K(168960K)->0K(163328K) From: 64K(6656K)->64K(512K)
[834.696s][info][gc,heap        ] GC(2298) ParOldGen: 64924K(175104K)->64932K(175104K)
[834.696s][info][gc,metaspace   ] GC(2298) Metaspace: 35612K(36352K)->35612K(36352K) NonClass: 29339K(29888K)->29339K(29888K) Class: 6272K(6464K)->6272K(6464K)
[834.696s][info][gc             ] GC(2298) Pause Young (Allocation Failure) 228M->63M(331M) 1.340ms
[834.696s][info][gc,cpu         ] GC(2298) User=0.00s Sys=0.00s Real=0.01s
[834.810s][info][gc,start       ] GC(2299) Pause Young (Allocation Failure)
[834.811s][info][gc,heap        ] GC(2299) PSYoungGen: 163392K(163840K)->64K(163328K) Eden: 163328K(163328K)->0K(157696K) From: 64K(512K)->64K(5632K)
[834.811s][info][gc,heap        ] GC(2299) ParOldGen: 64932K(175104K)->64948K(175104K)
[834.811s][info][gc,metaspace   ] GC(2299) Metaspace: 35612K(36352K)->35612K(36352K) NonClass: 29339K(29888K)->29339K(29888K) Class: 6272K(6464K)->6272K(6464K)
[834.811s][info][gc             ] GC(2299) Pause Young (Allocation Failure) 222M->63M(330M) 0.887ms
[834.811s][info][gc,cpu         ] GC(2299) User=0.00s Sys=0.00s Real=0.00s
[835.089s][info][gc,start       ] GC(2300) Pause Young (Allocation Failure)
[835.097s][info][gc,heap        ] GC(2300) PSYoungGen: 157760K(163328K)->2464K(189440K) Eden: 157696K(157696K)->0K(186880K) From: 64K(5632K)->2464K(2560K)
[835.097s][info][gc,heap        ] GC(2300) ParOldGen: 64948K(175104K)->64964K(175104K)
[835.097s][info][gc,metaspace   ] GC(2300) Metaspace: 35612K(36352K)->35612K(36352K) NonClass: 29339K(29888K)->29339K(29888K) Class: 6272K(6464K)->6272K(6464K)
[835.097s][info][gc             ] GC(2300) Pause Young (Allocation Failure) 217M->65M(356M) 7.800ms
[835.097s][info][gc,cpu         ] GC(2300) User=0.00s Sys=0.00s Real=0.01s
[835.286s][info][gc,start       ] GC(2301) Pause Young (Allocation Failure)
[835.319s][info][gc,heap        ] GC(2301) PSYoungGen: 189344K(189440K)->5632K(229376K) Eden: 186880K(186880K)->0K(223744K) From: 2464K(2560K)->5632K(5632K)
[835.319s][info][gc,heap        ] GC(2301) ParOldGen: 64964K(175104K)->79052K(175104K)
[835.319s][info][gc,metaspace   ] GC(2301) Metaspace: 35612K(36352K)->35612K(36352K) NonClass: 29339K(29888K)->29339K(29888K) Class: 6272K(6464K)->6272K(6464K)
[835.319s][info][gc             ] GC(2301) Pause Young (Allocation Failure) 248M->82M(395M) 32.747ms
[835.319s][info][gc,cpu         ] GC(2301) User=0.06s Sys=0.00s Real=0.03s
[835.550s][info][gc,start       ] GC(2302) Pause Young (Allocation Failure)
[835.596s][info][gc,heap        ] GC(2302) PSYoungGen: 229376K(229376K)->12288K(229376K) Eden: 223744K(223744K)->0K(217088K) From: 5632K(5632K)->12288K(12288K)
[835.596s][info][gc,heap        ] GC(2302) ParOldGen: 79052K(175104K)->90884K(175104K)
[835.596s][info][gc,metaspace   ] GC(2302) Metaspace: 35612K(36352K)->35612K(36352K) NonClass: 29339K(29888K)->29339K(29888K) Class: 6272K(6464K)->6272K(6464K)
[835.596s][info][gc             ] GC(2302) Pause Young (Allocation Failure) 301M->100M(395M) 46.590ms
[835.596s][info][gc,cpu         ] GC(2302) User=0.08s Sys=0.01s Real=0.05s
[835.822s][info][gc,start       ] GC(2303) Pause Young (Allocation Failure)
[835.860s][info][gc,heap        ] GC(2303) PSYoungGen: 229376K(229376K)->18944K(236032K) Eden: 217088K(217088K)->0K(217088K) From: 12288K(12288K)->18944K(18944K)
[835.860s][info][gc,heap        ] GC(2303) ParOldGen: 90884K(175104K)->95236K(175104K)
[835.860s][info][gc,metaspace   ] GC(2303) Metaspace: 35612K(36352K)->35612K(36352K) NonClass: 29339K(29888K)->29339K(29888K) Class: 6272K(6464K)->6272K(6464K)
[835.860s][info][gc             ] GC(2303) Pause Young (Allocation Failure) 312M->111M(401M) 38.492ms
[835.860s][info][gc,cpu         ] GC(2303) User=0.07s Sys=0.00s Real=0.04s
[835.920s][info][gc,start       ] GC(2304) Pause Young (Allocation Failure)
[835.922s][info][gc,heap        ] GC(2304) PSYoungGen: 236032K(236032K)->352K(283136K) Eden: 217088K(217088K)->0K(260096K) From: 18944K(18944K)->352K(23040K)
[835.922s][info][gc,heap        ] GC(2304) ParOldGen: 95236K(175104K)->95396K(175104K)
[835.922s][info][gc,metaspace   ] GC(2304) Metaspace: 35612K(36352K)->35612K(36352K) NonClass: 29339K(29888K)->29339K(29888K) Class: 6272K(6464K)->6272K(6464K)
[835.922s][info][gc             ] GC(2304) Pause Young (Allocation Failure) 323M->93M(447M) 2.651ms
[835.922s][info][gc,cpu         ] GC(2304) User=0.00s Sys=0.00s Real=0.00s
[836.354s][info][gc,start       ] GC(2305) Pause Young (Allocation Failure)
[836.355s][info][gc,heap        ] GC(2305) PSYoungGen: 260448K(283136K)->64K(284160K) Eden: 260096K(260096K)->0K(260096K) From: 352K(23040K)->64K(24064K)
[836.355s][info][gc,heap        ] GC(2305) ParOldGen: 95396K(175104K)->95404K(175104K)
[836.355s][info][gc,metaspace   ] GC(2305) Metaspace: 35612K(36352K)->35612K(36352K) NonClass: 29339K(29888K)->29339K(29888K) Class: 6272K(6464K)->6272K(6464K)
[836.355s][info][gc             ] GC(2305) Pause Young (Allocation Failure) 347M->93M(448M) 0.926ms
[836.355s][info][gc,cpu         ] GC(2305) User=0.00s Sys=0.00s Real=0.00s
[836.906s][info][gc,start       ] GC(2306) Pause Young (Allocation Failure)
[836.907s][info][gc,heap        ] GC(2306) PSYoungGen: 260160K(284160K)->64K(307712K) Eden: 260096K(260096K)->0K(286720K) From: 64K(24064K)->64K(20992K)
[836.907s][info][gc,heap        ] GC(2306) ParOldGen: 95404K(175104K)->95412K(175104K)
[836.907s][info][gc,metaspace   ] GC(2306) Metaspace: 35612K(36352K)->35612K(36352K) NonClass: 29339K(29888K)->29339K(29888K) Class: 6272K(6464K)->6272K(6464K)
[836.907s][info][gc             ] GC(2306) Pause Young (Allocation Failure) 347M->93M(471M) 0.866ms
[836.907s][info][gc,cpu         ] GC(2306) User=0.00s Sys=0.00s Real=0.00s
[837.385s][info][gc,start       ] GC(2307) Pause Young (Allocation Failure)
[837.385s][info][gc,heap        ] GC(2307) PSYoungGen: 286784K(307712K)->64K(308736K) Eden: 286720K(286720K)->0K(286720K) From: 64K(20992K)->64K(22016K)
[837.385s][info][gc,heap        ] GC(2307) ParOldGen: 95412K(175104K)->95428K(175104K)
[837.385s][info][gc,metaspace   ] GC(2307) Metaspace: 35612K(36352K)->35612K(36352K) NonClass: 29339K(29888K)->29339K(29888K) Class: 6272K(6464K)->6272K(6464K)
[837.385s][info][gc             ] GC(2307) Pause Young (Allocation Failure) 373M->93M(472M) 0.869ms
[837.385s][info][gc,cpu         ] GC(2307) User=0.01s Sys=0.00s Real=0.01s
[837.602s][info][gc,start       ] GC(2308) Pause Young (Allocation Failure)
[837.602s][info][gc,heap        ] GC(2308) PSYoungGen: 286784K(308736K)->32K(309248K) Eden: 286720K(286720K)->0K(290304K) From: 64K(22016K)->32K(18944K)
[837.602s][info][gc,heap        ] GC(2308) ParOldGen: 95428K(175104K)->95444K(175104K)
[837.602s][info][gc,metaspace   ] GC(2308) Metaspace: 35612K(36352K)->35612K(36352K) NonClass: 29339K(29888K)->29339K(29888K) Class: 6272K(6464K)->6272K(6464K)
[837.602s][info][gc             ] GC(2308) Pause Young (Allocation Failure) 373M->93M(473M) 0.875ms
[837.602s][info][gc,cpu         ] GC(2308) User=0.00s Sys=0.00s Real=0.00s
[837.825s][info][gc,start       ] GC(2309) Pause Young (Allocation Failure)
[837.825s][info][gc,heap        ] GC(2309) PSYoungGen: 290336K(309248K)->64K(310784K) Eden: 290304K(290304K)->0K(290304K) From: 32K(18944K)->64K(20480K)
[837.825s][info][gc,heap        ] GC(2309) ParOldGen: 95444K(175104K)->95444K(175104K)
[837.825s][info][gc,metaspace   ] GC(2309) Metaspace: 35612K(36352K)->35612K(36352K) NonClass: 29339K(29888K)->29339K(29888K) Class: 6272K(6464K)->6272K(6464K)
[837.825s][info][gc             ] GC(2309) Pause Young (Allocation Failure) 376M->93M(474M) 0.791ms
[837.825s][info][gc,cpu         ] GC(2309) User=0.00s Sys=0.00s Real=0.01s
[838.169s][info][gc,start       ] GC(2310) Pause Young (Allocation Failure)
[838.170s][info][gc,heap        ] GC(2310) PSYoungGen: 290368K(310784K)->64K(310784K) Eden: 290304K(290304K)->0K(293888K) From: 64K(20480K)->64K(16896K)
[838.170s][info][gc,heap        ] GC(2310) ParOldGen: 95444K(175104K)->95444K(175104K)
[838.170s][info][gc,metaspace   ] GC(2310) Metaspace: 35612K(36352K)->35612K(36352K) NonClass: 29339K(29888K)->29339K(29888K) Class: 6272K(6464K)->6272K(6464K)
[838.170s][info][gc             ] GC(2310) Pause Young (Allocation Failure) 376M->93M(474M) 0.907ms
[838.170s][info][gc,cpu         ] GC(2310) User=0.00s Sys=0.00s Real=0.00s
[838.296s][info][gc,start       ] GC(2311) Pause Young (Allocation Failure)
[838.297s][info][gc,heap        ] GC(2311) PSYoungGen: 293952K(310784K)->64K(312320K) Eden: 293888K(293888K)->0K(293888K) From: 64K(16896K)->64K(18432K)
[838.297s][info][gc,heap        ] GC(2311) ParOldGen: 95444K(175104K)->95452K(175104K)
[838.297s][info][gc,metaspace   ] GC(2311) Metaspace: 35612K(36352K)->35612K(36352K) NonClass: 29339K(29888K)->29339K(29888K) Class: 6272K(6464K)->6272K(6464K)
[838.297s][info][gc             ] GC(2311) Pause Young (Allocation Failure) 380M->93M(476M) 1.298ms
[838.297s][info][gc,cpu         ] GC(2311) User=0.00s Sys=0.00s Real=0.00s
[838.352s][info][gc,start       ] GC(2312) Pause Young (Allocation Failure)
[838.353s][info][gc,heap        ] GC(2312) PSYoungGen: 293952K(312320K)->32K(312832K) Eden: 293888K(293888K)->0K(297984K) From: 64K(18432K)->32K(14848K)
[838.353s][info][gc,heap        ] GC(2312) ParOldGen: 95452K(175104K)->95468K(175104K)
[838.353s][info][gc,metaspace   ] GC(2312) Metaspace: 35612K(36352K)->35612K(36352K) NonClass: 29339K(29888K)->29339K(29888K) Class: 6272K(6464K)->6272K(6464K)
[838.353s][info][gc             ] GC(2312) Pause Young (Allocation Failure) 380M->93M(476M) 1.235ms
[838.353s][info][gc,cpu         ] GC(2312) User=0.00s Sys=0.00s Real=0.00s
[838.544s][info][gc,start       ] GC(2313) Pause Young (Allocation Failure)
[838.545s][info][gc,heap        ] GC(2313) PSYoungGen: 298016K(312832K)->64K(314368K) Eden: 297984K(297984K)->0K(297984K) From: 32K(14848K)->64K(16384K)
[838.545s][info][gc,heap        ] GC(2313) ParOldGen: 95468K(175104K)->95468K(175104K)
[838.545s][info][gc,metaspace   ] GC(2313) Metaspace: 35612K(36352K)->35612K(36352K) NonClass: 29339K(29888K)->29339K(29888K) Class: 6272K(6464K)->6272K(6464K)
[838.545s][info][gc             ] GC(2313) Pause Young (Allocation Failure) 384M->93M(478M) 1.281ms
[838.545s][info][gc,cpu         ] GC(2313) User=0.00s Sys=0.00s Real=0.01s
[838.879s][info][gc,start       ] GC(2314) Pause Young (Allocation Failure)
[838.881s][info][gc,heap        ] GC(2314) PSYoungGen: 298048K(314368K)->64K(314880K) Eden: 297984K(297984K)->0K(301568K) From: 64K(16384K)->64K(13312K)
[838.881s][info][gc,heap        ] GC(2314) ParOldGen: 95468K(175104K)->95476K(175104K)
[838.881s][info][gc,metaspace   ] GC(2314) Metaspace: 35612K(36352K)->35612K(36352K) NonClass: 29339K(29888K)->29339K(29888K) Class: 6272K(6464K)->6272K(6464K)
[838.881s][info][gc             ] GC(2314) Pause Young (Allocation Failure) 384M->93M(478M) 1.323ms
[838.881s][info][gc,cpu         ] GC(2314) User=0.00s Sys=0.00s Real=0.00s
[839.046s][info][gc,start       ] GC(2315) Pause Young (Allocation Failure)
[839.047s][info][gc,heap        ] GC(2315) PSYoungGen: 301632K(314880K)->64K(316416K) Eden: 301568K(301568K)->0K(301568K) From: 64K(13312K)->64K(14848K)
[839.047s][info][gc,heap        ] GC(2315) ParOldGen: 95476K(175104K)->95484K(175104K)
[839.047s][info][gc,metaspace   ] GC(2315) Metaspace: 35612K(36352K)->35612K(36352K) NonClass: 29339K(29888K)->29339K(29888K) Class: 6272K(6464K)->6272K(6464K)
[839.047s][info][gc             ] GC(2315) Pause Young (Allocation Failure) 387M->93M(480M) 1.301ms
[839.047s][info][gc,cpu         ] GC(2315) User=0.00s Sys=0.00s Real=0.00s
[839.130s][info][gc,start       ] GC(2316) Pause Young (Allocation Failure)
[839.131s][info][gc,heap        ] GC(2316) PSYoungGen: 301632K(316416K)->32K(316416K) Eden: 301568K(301568K)->0K(305152K) From: 64K(14848K)->32K(11264K)
[839.131s][info][gc,heap        ] GC(2316) ParOldGen: 95484K(175104K)->95500K(175104K)
[839.131s][info][gc,metaspace   ] GC(2316) Metaspace: 35612K(36352K)->35612K(36352K) NonClass: 29339K(29888K)->29339K(29888K) Class: 6272K(6464K)->6272K(6464K)
[839.131s][info][gc             ] GC(2316) Pause Young (Allocation Failure) 387M->93M(480M) 1.350ms
[839.131s][info][gc,cpu         ] GC(2316) User=0.00s Sys=0.00s Real=0.00s
[839.320s][info][gc,start       ] GC(2317) Pause Young (Allocation Failure)
[839.321s][info][gc,heap        ] GC(2317) PSYoungGen: 305184K(316416K)->64K(317952K) Eden: 305152K(305152K)->0K(305152K) From: 32K(11264K)->64K(12800K)
[839.322s][info][gc,heap        ] GC(2317) ParOldGen: 95500K(175104K)->95500K(175104K)
[839.322s][info][gc,metaspace   ] GC(2317) Metaspace: 35612K(36352K)->35612K(36352K) NonClass: 29339K(29888K)->29339K(29888K) Class: 6272K(6464K)->6272K(6464K)
[839.322s][info][gc             ] GC(2317) Pause Young (Allocation Failure) 391M->93M(481M) 1.405ms
[839.322s][info][gc,cpu         ] GC(2317) User=0.00s Sys=0.00s Real=0.00s
[840.301s][info][gc,start       ] GC(2318) Pause Young (Allocation Failure)
[840.302s][info][gc,heap        ] GC(2318) PSYoungGen: 305216K(317952K)->64K(293376K) Eden: 305152K(305152K)->0K(292864K) From: 64K(12800K)->64K(512K)
[840.302s][info][gc,heap        ] GC(2318) ParOldGen: 95500K(175104K)->95508K(175104K)
[840.302s][info][gc,metaspace   ] GC(2318) Metaspace: 35612K(36352K)->35612K(36352K) NonClass: 29339K(29888K)->29339K(29888K) Class: 6272K(6464K)->6272K(6464K)
[840.302s][info][gc             ] GC(2318) Pause Young (Allocation Failure) 391M->93M(457M) 1.387ms
[840.302s][info][gc,cpu         ] GC(2318) User=0.00s Sys=0.00s Real=0.00s
[841.152s][info][gc,start       ] GC(2319) Pause Young (Allocation Failure)
[841.154s][info][gc,heap        ] GC(2319) PSYoungGen: 292928K(293376K)->64K(292352K) Eden: 292864K(292864K)->0K(281088K) From: 64K(512K)->64K(11264K)
[841.154s][info][gc,heap        ] GC(2319) ParOldGen: 95508K(175104K)->95516K(175104K)
[841.154s][info][gc,metaspace   ] GC(2319) Metaspace: 35612K(36352K)->35612K(36352K) NonClass: 29339K(29888K)->29339K(29888K) Class: 6272K(6464K)->6272K(6464K)
[841.154s][info][gc             ] GC(2319) Pause Young (Allocation Failure) 379M->93M(456M) 1.229ms
[841.154s][info][gc,cpu         ] GC(2319) User=0.00s Sys=0.00s Real=0.00s
[841.362s][info][gc,start       ] GC(2320) Pause Young (Allocation Failure)
[841.363s][info][gc,heap        ] GC(2320) PSYoungGen: 281152K(292352K)->64K(270848K) Eden: 281088K(281088K)->0K(270336K) From: 64K(11264K)->64K(512K)
[841.363s][info][gc,heap        ] GC(2320) ParOldGen: 95516K(175104K)->95524K(175104K)
[841.363s][info][gc,metaspace   ] GC(2320) Metaspace: 35612K(36352K)->35612K(36352K) NonClass: 29339K(29888K)->29339K(29888K) Class: 6272K(6464K)->6272K(6464K)
[841.363s][info][gc             ] GC(2320) Pause Young (Allocation Failure) 367M->93M(435M) 1.234ms
[841.363s][info][gc,cpu         ] GC(2320) User=0.00s Sys=0.00s Real=0.00s
[841.786s][info][gc,start       ] GC(2321) Pause Young (Allocation Failure)
[841.787s][info][gc,heap        ] GC(2321) PSYoungGen: 270400K(270848K)->64K(269824K) Eden: 270336K(270336K)->0K(260096K) From: 64K(512K)->64K(9728K)
[841.787s][info][gc,heap        ] GC(2321) ParOldGen: 95524K(175104K)->95532K(175104K)
[841.787s][info][gc,metaspace   ] GC(2321) Metaspace: 35612K(36352K)->35612K(36352K) NonClass: 29339K(29888K)->29339K(29888K) Class: 6272K(6464K)->6272K(6464K)
[841.787s][info][gc             ] GC(2321) Pause Young (Allocation Failure) 357M->93M(434M) 1.193ms
[841.787s][info][gc,cpu         ] GC(2321) User=0.00s Sys=0.00s Real=0.00s
[842.750s][info][gc,start       ] GC(2322) Pause Young (Allocation Failure)
[842.752s][info][gc,heap        ] GC(2322) PSYoungGen: 260160K(269824K)->64K(250880K) Eden: 260096K(260096K)->0K(250368K) From: 64K(9728K)->64K(512K)
[842.752s][info][gc,heap        ] GC(2322) ParOldGen: 95532K(175104K)->95540K(175104K)
[842.752s][info][gc,metaspace   ] GC(2322) Metaspace: 35612K(36352K)->35612K(36352K) NonClass: 29339K(29888K)->29339K(29888K) Class: 6272K(6464K)->6272K(6464K)
[842.752s][info][gc             ] GC(2322) Pause Young (Allocation Failure) 347M->93M(416M) 1.432ms
[842.752s][info][gc,cpu         ] GC(2322) User=0.00s Sys=0.00s Real=0.00s
[843.144s][info][gc,start       ] GC(2323) Pause Young (Allocation Failure)
[843.146s][info][gc,heap        ] GC(2323) PSYoungGen: 250432K(250880K)->32K(249344K) Eden: 250368K(250368K)->0K(240640K) From: 64K(512K)->32K(8704K)
[843.146s][info][gc,heap        ] GC(2323) ParOldGen: 95540K(175104K)->95548K(175104K)
[843.146s][info][gc,metaspace   ] GC(2323) Metaspace: 35612K(36352K)->35612K(36352K) NonClass: 29339K(29888K)->29339K(29888K) Class: 6272K(6464K)->6272K(6464K)
[843.146s][info][gc             ] GC(2323) Pause Young (Allocation Failure) 337M->93M(414M) 1.267ms
[843.146s][info][gc,cpu         ] GC(2323) User=0.00s Sys=0.00s Real=0.01s
[843.331s][info][gc,start       ] GC(2324) Pause Young (Allocation Failure)
[843.333s][info][gc,heap        ] GC(2324) PSYoungGen: 240672K(249344K)->64K(231936K) Eden: 240640K(240640K)->0K(231424K) From: 32K(8704K)->64K(512K)
[843.333s][info][gc,heap        ] GC(2324) ParOldGen: 95548K(175104K)->95556K(175104K)
[843.333s][info][gc,metaspace   ] GC(2324) Metaspace: 35612K(36352K)->35612K(36352K) NonClass: 29339K(29888K)->29339K(29888K) Class: 6272K(6464K)->6272K(6464K)
[843.333s][info][gc             ] GC(2324) Pause Young (Allocation Failure) 328M->93M(397M) 1.691ms
[843.333s][info][gc,cpu         ] GC(2324) User=0.00s Sys=0.00s Real=0.00s
[843.411s][info][gc,start       ] GC(2325) Pause Young (Allocation Failure)
[843.413s][info][gc,heap        ] GC(2325) PSYoungGen: 231488K(231936K)->64K(230400K) Eden: 231424K(231424K)->0K(222720K) From: 64K(512K)->64K(7680K)
[843.413s][info][gc,heap        ] GC(2325) ParOldGen: 95556K(175104K)->95564K(175104K)
[843.413s][info][gc,metaspace   ] GC(2325) Metaspace: 35612K(36352K)->35612K(36352K) NonClass: 29339K(29888K)->29339K(29888K) Class: 6272K(6464K)->6272K(6464K)
[843.413s][info][gc             ] GC(2325) Pause Young (Allocation Failure) 319M->93M(396M) 1.187ms
[843.413s][info][gc,cpu         ] GC(2325) User=0.01s Sys=0.00s Real=0.00s
[843.915s][info][gc,start       ] GC(2326) Pause Young (Allocation Failure)
[843.917s][info][gc,heap        ] GC(2326) PSYoungGen: 222784K(230400K)->64K(215040K) Eden: 222720K(222720K)->0K(214528K) From: 64K(7680K)->64K(512K)
[843.917s][info][gc,heap        ] GC(2326) ParOldGen: 95564K(175104K)->95572K(175104K)
[843.917s][info][gc,metaspace   ] GC(2326) Metaspace: 35612K(36352K)->35612K(36352K) NonClass: 29339K(29888K)->29339K(29888K) Class: 6272K(6464K)->6272K(6464K)
[843.917s][info][gc             ] GC(2326) Pause Young (Allocation Failure) 310M->93M(381M) 1.738ms
[843.917s][info][gc,cpu         ] GC(2326) User=0.00s Sys=0.00s Real=0.00s
[844.141s][info][gc,start       ] GC(2327) Pause Young (Allocation Failure)
[844.142s][info][gc,heap        ] GC(2327) PSYoungGen: 214592K(215040K)->64K(213504K) Eden: 214528K(214528K)->0K(206848K) From: 64K(512K)->64K(6656K)
[844.142s][info][gc,heap        ] GC(2327) ParOldGen: 95572K(175104K)->95580K(175104K)
[844.142s][info][gc,metaspace   ] GC(2327) Metaspace: 35612K(36352K)->35612K(36352K) NonClass: 29339K(29888K)->29339K(29888K) Class: 6272K(6464K)->6272K(6464K)
[844.142s][info][gc             ] GC(2327) Pause Young (Allocation Failure) 302M->93M(379M) 1.262ms
[844.142s][info][gc,cpu         ] GC(2327) User=0.00s Sys=0.00s Real=0.00s
[844.491s][info][gc,start       ] GC(2328) Pause Young (Allocation Failure)
[844.501s][info][gc,heap        ] GC(2328) PSYoungGen: 206912K(213504K)->5408K(250880K) Eden: 206848K(206848K)->0K(245248K) From: 64K(6656K)->5408K(5632K)
[844.501s][info][gc,heap        ] GC(2328) ParOldGen: 95580K(175104K)->95588K(175104K)
[844.501s][info][gc,metaspace   ] GC(2328) Metaspace: 35612K(36352K)->35612K(36352K) NonClass: 29339K(29888K)->29339K(29888K) Class: 6272K(6464K)->6272K(6464K)
[844.501s][info][gc             ] GC(2328) Pause Young (Allocation Failure) 295M->98M(416M) 10.485ms
[844.501s][info][gc,cpu         ] GC(2328) User=0.02s Sys=0.01s Real=0.01s
[844.756s][info][gc,start       ] GC(2329) Pause Young (Allocation Failure)
[844.797s][info][gc,heap        ] GC(2329) PSYoungGen: 250656K(250880K)->7168K(281088K) Eden: 245248K(245248K)->0K(273920K) From: 5408K(5632K)->7168K(7168K)
[844.797s][info][gc,heap        ] GC(2329) ParOldGen: 95588K(175104K)->114300K(175104K)
[844.797s][info][gc,metaspace   ] GC(2329) Metaspace: 35612K(36352K)->35612K(36352K) NonClass: 29339K(29888K)->29339K(29888K) Class: 6272K(6464K)->6272K(6464K)
[844.797s][info][gc             ] GC(2329) Pause Young (Allocation Failure) 338M->118M(445M) 41.073ms
[844.797s][info][gc,cpu         ] GC(2329) User=0.08s Sys=0.00s Real=0.04s
[845.077s][info][gc,start       ] GC(2330) Pause Young (Allocation Failure)
[845.135s][info][gc,heap        ] GC(2330) PSYoungGen: 281088K(281088K)->15872K(301056K) Eden: 273920K(273920K)->0K(285184K) From: 7168K(7168K)->15872K(15872K)
[845.135s][info][gc,heap        ] GC(2330) ParOldGen: 114300K(175104K)->128012K(175104K)
[845.135s][info][gc,metaspace   ] GC(2330) Metaspace: 35612K(36352K)->35612K(36352K) NonClass: 29339K(29888K)->29339K(29888K) Class: 6272K(6464K)->6272K(6464K)
[845.135s][info][gc             ] GC(2330) Pause Young (Allocation Failure) 386M->140M(465M) 58.605ms
[845.136s][info][gc,cpu         ] GC(2330) User=0.11s Sys=0.00s Real=0.06s
[845.274s][info][gc,start       ] GC(2331) Pause Young (Allocation Failure)
[845.294s][info][gc,heap        ] GC(2331) PSYoungGen: 301056K(301056K)->8832K(309248K) Eden: 285184K(285184K)->0K(285184K) From: 15872K(15872K)->8832K(24064K)
[845.294s][info][gc,heap        ] GC(2331) ParOldGen: 128012K(175104K)->128508K(175104K)
[845.294s][info][gc,metaspace   ] GC(2331) Metaspace: 35612K(36352K)->35612K(36352K) NonClass: 29339K(29888K)->29339K(29888K) Class: 6272K(6464K)->6272K(6464K)
[845.294s][info][gc             ] GC(2331) Pause Young (Allocation Failure) 419M->134M(473M) 20.308ms
[845.294s][info][gc,cpu         ] GC(2331) User=0.04s Sys=0.00s Real=0.02s
[845.746s][info][gc,start       ] GC(2332) Pause Young (Allocation Failure)
[845.747s][info][gc,heap        ] GC(2332) PSYoungGen: 294016K(309248K)->64K(308224K) Eden: 285184K(285184K)->0K(286208K) From: 8832K(24064K)->64K(22016K)
[845.747s][info][gc,heap        ] GC(2332) ParOldGen: 128508K(175104K)->128516K(175104K)
[845.747s][info][gc,metaspace   ] GC(2332) Metaspace: 35612K(36352K)->35612K(36352K) NonClass: 29339K(29888K)->29339K(29888K) Class: 6272K(6464K)->6272K(6464K)
[845.747s][info][gc             ] GC(2332) Pause Young (Allocation Failure) 412M->125M(472M) 0.827ms
[845.747s][info][gc,cpu         ] GC(2332) User=0.00s Sys=0.00s Real=0.00s
[846.316s][info][gc,start       ] GC(2333) Pause Young (Allocation Failure)
[846.317s][info][gc,heap        ] GC(2333) PSYoungGen: 286272K(308224K)->64K(309248K) Eden: 286208K(286208K)->0K(286208K) From: 64K(22016K)->64K(23040K)
[846.317s][info][gc,heap        ] GC(2333) ParOldGen: 128516K(175104K)->128524K(175104K)
[846.317s][info][gc,metaspace   ] GC(2333) Metaspace: 35612K(36352K)->35612K(36352K) NonClass: 29339K(29888K)->29339K(29888K) Class: 6272K(6464K)->6272K(6464K)
[846.317s][info][gc             ] GC(2333) Pause Young (Allocation Failure) 405M->125M(473M) 1.448ms
[846.317s][info][gc,cpu         ] GC(2333) User=0.00s Sys=0.00s Real=0.00s
[846.743s][info][gc,start       ] GC(2334) Pause Young (Allocation Failure)
[846.745s][info][gc,heap        ] GC(2334) PSYoungGen: 286272K(309248K)->64K(309760K) Eden: 286208K(286208K)->0K(288768K) From: 64K(23040K)->64K(20992K)
[846.745s][info][gc,heap        ] GC(2334) ParOldGen: 128524K(175104K)->128540K(175104K)
[846.745s][info][gc,metaspace   ] GC(2334) Metaspace: 35612K(36352K)->35612K(36352K) NonClass: 29339K(29888K)->29339K(29888K) Class: 6272K(6464K)->6272K(6464K)
[846.745s][info][gc             ] GC(2334) Pause Young (Allocation Failure) 405M->125M(473M) 1.290ms
[846.745s][info][gc,cpu         ] GC(2334) User=0.01s Sys=0.00s Real=0.00s
[846.959s][info][gc,start       ] GC(2335) Pause Young (Allocation Failure)
[846.961s][info][gc,heap        ] GC(2335) PSYoungGen: 288832K(309760K)->32K(310272K) Eden: 288768K(288768K)->0K(288768K) From: 64K(20992K)->32K(21504K)
[846.961s][info][gc,heap        ] GC(2335) ParOldGen: 128540K(175104K)->128556K(175104K)
[846.961s][info][gc,metaspace   ] GC(2335) Metaspace: 35612K(36352K)->35612K(36352K) NonClass: 29339K(29888K)->29339K(29888K) Class: 6272K(6464K)->6272K(6464K)
[846.961s][info][gc             ] GC(2335) Pause Young (Allocation Failure) 407M->125M(474M) 1.256ms
[846.961s][info][gc,cpu         ] GC(2335) User=0.00s Sys=0.00s Real=0.00s
[847.178s][info][gc,start       ] GC(2336) Pause Young (Allocation Failure)
[847.180s][info][gc,heap        ] GC(2336) PSYoungGen: 288800K(310272K)->64K(310784K) Eden: 288768K(288768K)->0K(291840K) From: 32K(21504K)->64K(18944K)
[847.180s][info][gc,heap        ] GC(2336) ParOldGen: 128556K(175104K)->128556K(175104K)
[847.180s][info][gc,metaspace   ] GC(2336) Metaspace: 35612K(36352K)->35612K(36352K) NonClass: 29339K(29888K)->29339K(29888K) Class: 6272K(6464K)->6272K(6464K)
[847.180s][info][gc             ] GC(2336) Pause Young (Allocation Failure) 407M->125M(474M) 1.390ms
[847.180s][info][gc,cpu         ] GC(2336) User=0.00s Sys=0.00s Real=0.00s
[847.540s][info][gc,start       ] GC(2337) Pause Young (Allocation Failure)
[847.541s][info][gc,heap        ] GC(2337) PSYoungGen: 291904K(310784K)->64K(311296K) Eden: 291840K(291840K)->0K(291840K) From: 64K(18944K)->64K(19456K)
[847.541s][info][gc,heap        ] GC(2337) ParOldGen: 128556K(175104K)->128556K(175104K)
[847.541s][info][gc,metaspace   ] GC(2337) Metaspace: 35612K(36352K)->35612K(36352K) NonClass: 29339K(29888K)->29339K(29888K) Class: 6272K(6464K)->6272K(6464K)
[847.541s][info][gc             ] GC(2337) Pause Young (Allocation Failure) 410M->125M(475M) 1.152ms
[847.541s][info][gc,cpu         ] GC(2337) User=0.01s Sys=0.00s Real=0.00s
[847.636s][info][gc,start       ] GC(2338) Pause Young (Allocation Failure)
[847.637s][info][gc,heap        ] GC(2338) PSYoungGen: 291904K(311296K)->64K(312320K) Eden: 291840K(291840K)->0K(295424K) From: 64K(19456K)->64K(16896K)
[847.637s][info][gc,heap        ] GC(2338) ParOldGen: 128556K(175104K)->128564K(175104K)
[847.637s][info][gc,metaspace   ] GC(2338) Metaspace: 35612K(36352K)->35612K(36352K) NonClass: 29339K(29888K)->29339K(29888K) Class: 6272K(6464K)->6272K(6464K)
[847.637s][info][gc             ] GC(2338) Pause Young (Allocation Failure) 410M->125M(476M) 0.865ms
[847.637s][info][gc,cpu         ] GC(2338) User=0.00s Sys=0.00s Real=0.00s
[847.693s][info][gc,start       ] GC(2339) Pause Young (Allocation Failure)
[847.694s][info][gc,heap        ] GC(2339) PSYoungGen: 295488K(312320K)->64K(313344K) Eden: 295424K(295424K)->0K(295424K) From: 64K(16896K)->64K(17920K)
[847.694s][info][gc,heap        ] GC(2339) ParOldGen: 128564K(175104K)->128580K(175104K)
[847.694s][info][gc,metaspace   ] GC(2339) Metaspace: 35612K(36352K)->35612K(36352K) NonClass: 29339K(29888K)->29339K(29888K) Class: 6272K(6464K)->6272K(6464K)
[847.694s][info][gc             ] GC(2339) Pause Young (Allocation Failure) 414M->125M(477M) 0.855ms
[847.694s][info][gc,cpu         ] GC(2339) User=0.00s Sys=0.00s Real=0.00s
[847.919s][info][gc,start       ] GC(2340) Pause Young (Allocation Failure)
[847.920s][info][gc,heap        ] GC(2340) PSYoungGen: 295488K(313344K)->64K(313856K) Eden: 295424K(295424K)->0K(299008K) From: 64K(17920K)->64K(14848K)
[847.920s][info][gc,heap        ] GC(2340) ParOldGen: 128580K(175104K)->128580K(175104K)
[847.920s][info][gc,metaspace   ] GC(2340) Metaspace: 35612K(36352K)->35612K(36352K) NonClass: 29339K(29888K)->29339K(29888K) Class: 6272K(6464K)->6272K(6464K)
[847.920s][info][gc             ] GC(2340) Pause Young (Allocation Failure) 414M->125M(477M) 0.984ms
[847.920s][info][gc,cpu         ] GC(2340) User=0.00s Sys=0.00s Real=0.00s
[848.241s][info][gc,start       ] GC(2341) Pause Young (Allocation Failure)
[848.242s][info][gc,heap        ] GC(2341) PSYoungGen: 299072K(313856K)->64K(314880K) Eden: 299008K(299008K)->0K(299008K) From: 64K(14848K)->64K(15872K)
[848.242s][info][gc,heap        ] GC(2341) ParOldGen: 128580K(175104K)->128596K(175104K)
[848.242s][info][gc,metaspace   ] GC(2341) Metaspace: 35612K(36352K)->35612K(36352K) NonClass: 29339K(29888K)->29339K(29888K) Class: 6272K(6464K)->6272K(6464K)
[848.242s][info][gc             ] GC(2341) Pause Young (Allocation Failure) 417M->125M(478M) 1.452ms
[848.242s][info][gc,cpu         ] GC(2341) User=0.00s Sys=0.00s Real=0.00s
[848.388s][info][gc,start       ] GC(2342) Pause Young (Allocation Failure)
[848.389s][info][gc,heap        ] GC(2342) PSYoungGen: 299072K(314880K)->64K(316928K) Eden: 299008K(299008K)->0K(303104K) From: 64K(15872K)->64K(13824K)
[848.389s][info][gc,heap        ] GC(2342) ParOldGen: 128596K(175104K)->128604K(175104K)
[848.389s][info][gc,metaspace   ] GC(2342) Metaspace: 35612K(36352K)->35612K(36352K) NonClass: 29339K(29888K)->29339K(29888K) Class: 6272K(6464K)->6272K(6464K)
[848.389s][info][gc             ] GC(2342) Pause Young (Allocation Failure) 417M->125M(480M) 1.511ms
[848.389s][info][gc,cpu         ] GC(2342) User=0.00s Sys=0.00s Real=0.00s
[848.475s][info][gc,start       ] GC(2343) Pause Young (Allocation Failure)
[848.476s][info][gc,heap        ] GC(2343) PSYoungGen: 303168K(316928K)->32K(317440K) Eden: 303104K(303104K)->0K(303104K) From: 64K(13824K)->32K(14336K)
[848.477s][info][gc,heap        ] GC(2343) ParOldGen: 128604K(175104K)->128620K(175104K)
[848.477s][info][gc,metaspace   ] GC(2343) Metaspace: 35612K(36352K)->35612K(36352K) NonClass: 29339K(29888K)->29339K(29888K) Class: 6272K(6464K)->6272K(6464K)
[848.477s][info][gc             ] GC(2343) Pause Young (Allocation Failure) 421M->125M(481M) 1.467ms
[848.477s][info][gc,cpu         ] GC(2343) User=0.00s Sys=0.00s Real=0.01s
[848.675s][info][gc,start       ] GC(2344) Pause Young (Allocation Failure)
[848.676s][info][gc,heap        ] GC(2344) PSYoungGen: 303136K(317440K)->64K(317952K) Eden: 303104K(303104K)->0K(306176K) From: 32K(14336K)->64K(11776K)
[848.676s][info][gc,heap        ] GC(2344) ParOldGen: 128620K(175104K)->128620K(175104K)
[848.676s][info][gc,metaspace   ] GC(2344) Metaspace: 35612K(36352K)->35612K(36352K) NonClass: 29339K(29888K)->29339K(29888K) Class: 6272K(6464K)->6272K(6464K)
[848.676s][info][gc             ] GC(2344) Pause Young (Allocation Failure) 421M->125M(481M) 1.517ms
[848.676s][info][gc,cpu         ] GC(2344) User=0.00s Sys=0.00s Real=0.01s
[849.661s][info][gc,start       ] GC(2345) Pause Young (Allocation Failure)
[849.663s][info][gc,heap        ] GC(2345) PSYoungGen: 306240K(317952K)->32K(294400K) Eden: 306176K(306176K)->0K(293888K) From: 64K(11776K)->32K(512K)
[849.663s][info][gc,heap        ] GC(2345) ParOldGen: 128620K(175104K)->128636K(175104K)
[849.664s][info][gc,metaspace   ] GC(2345) Metaspace: 35612K(36352K)->35612K(36352K) NonClass: 29339K(29888K)->29339K(29888K) Class: 6272K(6464K)->6272K(6464K)
[849.664s][info][gc             ] GC(2345) Pause Young (Allocation Failure) 424M->125M(458M) 2.049ms
[849.664s][info][gc,cpu         ] GC(2345) User=0.00s Sys=0.00s Real=0.00s
[850.535s][info][gc,start       ] GC(2346) Pause Young (Allocation Failure)
[850.538s][info][gc,heap        ] GC(2346) PSYoungGen: 293920K(294400K)->64K(282624K) Eden: 293888K(293888K)->0K(282112K) From: 32K(512K)->64K(512K)
[850.538s][info][gc,heap        ] GC(2346) ParOldGen: 128636K(175104K)->128652K(175104K)
[850.538s][info][gc,metaspace   ] GC(2346) Metaspace: 35612K(36352K)->35612K(36352K) NonClass: 29339K(29888K)->29339K(29888K) Class: 6272K(6464K)->6272K(6464K)
[850.538s][info][gc             ] GC(2346) Pause Young (Allocation Failure) 412M->125M(447M) 2.401ms
[850.538s][info][gc,cpu         ] GC(2346) User=0.00s Sys=0.00s Real=0.00s
[850.805s][info][gc,start       ] GC(2347) Pause Young (Allocation Failure)
[850.806s][info][gc,heap        ] GC(2347) PSYoungGen: 282176K(282624K)->64K(281600K) Eden: 282112K(282112K)->0K(270848K) From: 64K(512K)->64K(10752K)
[850.806s][info][gc,heap        ] GC(2347) ParOldGen: 128652K(175104K)->128668K(175104K)
[850.806s][info][gc,metaspace   ] GC(2347) Metaspace: 35612K(36352K)->35612K(36352K) NonClass: 29339K(29888K)->29339K(29888K) Class: 6272K(6464K)->6272K(6464K)
[850.806s][info][gc             ] GC(2347) Pause Young (Allocation Failure) 401M->125M(446M) 1.379ms
[850.806s][info][gc,cpu         ] GC(2347) User=0.00s Sys=0.00s Real=0.01s
[851.240s][info][gc,start       ] GC(2348) Pause Young (Allocation Failure)
[851.242s][info][gc,heap        ] GC(2348) PSYoungGen: 270912K(281600K)->64K(261120K) Eden: 270848K(270848K)->0K(260608K) From: 64K(10752K)->64K(512K)
[851.242s][info][gc,heap        ] GC(2348) ParOldGen: 128668K(175104K)->128684K(175104K)
[851.242s][info][gc,metaspace   ] GC(2348) Metaspace: 35612K(36352K)->35612K(36352K) NonClass: 29339K(29888K)->29339K(29888K) Class: 6272K(6464K)->6272K(6464K)
[851.242s][info][gc             ] GC(2348) Pause Young (Allocation Failure) 390M->125M(426M) 2.137ms
[851.242s][info][gc,cpu         ] GC(2348) User=0.00s Sys=0.00s Real=0.00s
[852.158s][info][gc,start       ] GC(2349) Pause Young (Allocation Failure)
[852.159s][info][gc,heap        ] GC(2349) PSYoungGen: 260672K(261120K)->64K(260096K) Eden: 260608K(260608K)->0K(250368K) From: 64K(512K)->64K(9728K)
[852.159s][info][gc,heap        ] GC(2349) ParOldGen: 128684K(175104K)->128700K(175104K)
[852.159s][info][gc,metaspace   ] GC(2349) Metaspace: 35612K(36352K)->35612K(36352K) NonClass: 29339K(29888K)->29339K(29888K) Class: 6272K(6464K)->6272K(6464K)
[852.159s][info][gc             ] GC(2349) Pause Young (Allocation Failure) 380M->125M(425M) 1.413ms
[852.159s][info][gc,cpu         ] GC(2349) User=0.00s Sys=0.00s Real=0.00s
[852.522s][info][gc,start       ] GC(2350) Pause Young (Allocation Failure)
[852.524s][info][gc,heap        ] GC(2350) PSYoungGen: 250432K(260096K)->64K(241152K) Eden: 250368K(250368K)->0K(240640K) From: 64K(9728K)->64K(512K)
[852.524s][info][gc,heap        ] GC(2350) ParOldGen: 128700K(175104K)->128716K(175104K)
[852.524s][info][gc,metaspace   ] GC(2350) Metaspace: 35612K(36352K)->35612K(36352K) NonClass: 29339K(29888K)->29339K(29888K) Class: 6272K(6464K)->6272K(6464K)
[852.524s][info][gc             ] GC(2350) Pause Young (Allocation Failure) 370M->125M(406M) 2.113ms
[852.524s][info][gc,cpu         ] GC(2350) User=0.00s Sys=0.00s Real=0.00s
[852.688s][info][gc,start       ] GC(2351) Pause Young (Allocation Failure)
[852.689s][info][gc,heap        ] GC(2351) PSYoungGen: 240704K(241152K)->64K(239616K) Eden: 240640K(240640K)->0K(231424K) From: 64K(512K)->64K(8192K)
[852.689s][info][gc,heap        ] GC(2351) ParOldGen: 128716K(175104K)->128732K(175104K)
[852.689s][info][gc,metaspace   ] GC(2351) Metaspace: 35612K(36352K)->35612K(36352K) NonClass: 29339K(29888K)->29339K(29888K) Class: 6272K(6464K)->6272K(6464K)
[852.689s][info][gc             ] GC(2351) Pause Young (Allocation Failure) 360M->125M(405M) 1.154ms
[852.689s][info][gc,cpu         ] GC(2351) User=0.01s Sys=0.00s Real=0.00s
[852.779s][info][gc,start       ] GC(2352) Pause Young (Allocation Failure)
[852.781s][info][gc,heap        ] GC(2352) PSYoungGen: 231488K(239616K)->64K(223232K) Eden: 231424K(231424K)->0K(222720K) From: 64K(8192K)->64K(512K)
[852.781s][info][gc,heap        ] GC(2352) ParOldGen: 128732K(175104K)->128748K(175104K)
[852.781s][info][gc,metaspace   ] GC(2352) Metaspace: 35612K(36352K)->35612K(36352K) NonClass: 29339K(29888K)->29339K(29888K) Class: 6272K(6464K)->6272K(6464K)
[852.781s][info][gc             ] GC(2352) Pause Young (Allocation Failure) 351M->125M(389M) 1.732ms
[852.781s][info][gc,cpu         ] GC(2352) User=0.00s Sys=0.00s Real=0.00s
[853.356s][info][gc,start       ] GC(2353) Pause Young (Allocation Failure)
[853.358s][info][gc,heap        ] GC(2353) PSYoungGen: 222784K(223232K)->64K(221696K) Eden: 222720K(222720K)->0K(214528K) From: 64K(512K)->64K(7168K)
[853.358s][info][gc,heap        ] GC(2353) ParOldGen: 128748K(175104K)->128764K(175104K)
[853.358s][info][gc,metaspace   ] GC(2353) Metaspace: 35612K(36352K)->35612K(36352K) NonClass: 29339K(29888K)->29339K(29888K) Class: 6272K(6464K)->6272K(6464K)
[853.358s][info][gc             ] GC(2353) Pause Young (Allocation Failure) 343M->125M(387M) 1.352ms
[853.358s][info][gc,cpu         ] GC(2353) User=0.00s Sys=0.00s Real=0.00s
[853.543s][info][gc,start       ] GC(2354) Pause Young (Allocation Failure)
[853.545s][info][gc,heap        ] GC(2354) PSYoungGen: 214592K(221696K)->64K(207360K) Eden: 214528K(214528K)->0K(206848K) From: 64K(7168K)->64K(512K)
[853.545s][info][gc,heap        ] GC(2354) ParOldGen: 128764K(175104K)->128780K(175104K)
[853.545s][info][gc,metaspace   ] GC(2354) Metaspace: 35612K(36352K)->35612K(36352K) NonClass: 29339K(29888K)->29339K(29888K) Class: 6272K(6464K)->6272K(6464K)
[853.545s][info][gc             ] GC(2354) Pause Young (Allocation Failure) 335M->125M(373M) 1.982ms
[853.545s][info][gc,cpu         ] GC(2354) User=0.01s Sys=0.00s Real=0.00s
[853.868s][info][gc,start       ] GC(2355) Pause Young (Allocation Failure)
[853.896s][info][gc,heap        ] GC(2355) PSYoungGen: 206912K(207360K)->6144K(252928K) Eden: 206848K(206848K)->0K(246784K) From: 64K(512K)->6144K(6144K)
[853.896s][info][gc,heap        ] GC(2355) ParOldGen: 128780K(175104K)->132140K(175104K)
[853.896s][info][gc,metaspace   ] GC(2355) Metaspace: 35612K(36352K)->35612K(36352K) NonClass: 29339K(29888K)->29339K(29888K) Class: 6272K(6464K)->6272K(6464K)
[853.896s][info][gc             ] GC(2355) Pause Young (Allocation Failure) 327M->135M(418M) 27.865ms
[853.896s][info][gc,cpu         ] GC(2355) User=0.03s Sys=0.00s Real=0.03s
[854.153s][info][gc,start       ] GC(2356) Pause Young (Allocation Failure)
[854.198s][info][gc,heap        ] GC(2356) PSYoungGen: 252928K(252928K)->6144K(259584K) Eden: 246784K(246784K)->0K(253440K) From: 6144K(6144K)->6144K(6144K)
[854.198s][info][gc,heap        ] GC(2356) ParOldGen: 132140K(175104K)->152164K(175104K)
[854.198s][info][gc,metaspace   ] GC(2356) Metaspace: 35612K(36352K)->35612K(36352K) NonClass: 29339K(29888K)->29339K(29888K) Class: 6272K(6464K)->6272K(6464K)
[854.198s][info][gc             ] GC(2356) Pause Young (Allocation Failure) 376M->154M(424M) 44.816ms
[854.198s][info][gc,cpu         ] GC(2356) User=0.08s Sys=0.00s Real=0.05s
[854.458s][info][gc,start       ] GC(2357) Pause Young (Allocation Failure)
[854.505s][info][gc,heap        ] GC(2357) PSYoungGen: 259584K(259584K)->17408K(270848K) Eden: 253440K(253440K)->0K(253440K) From: 6144K(6144K)->17408K(17408K)
[854.505s][info][gc,heap        ] GC(2357) ParOldGen: 152164K(175104K)->162212K(175104K)
[854.505s][info][gc,metaspace   ] GC(2357) Metaspace: 35612K(36352K)->35612K(36352K) NonClass: 29339K(29888K)->29339K(29888K) Class: 6272K(6464K)->6272K(6464K)
[854.505s][info][gc             ] GC(2357) Pause Young (Allocation Failure) 402M->175M(435M) 46.837ms
[854.505s][info][gc,cpu         ] GC(2357) User=0.09s Sys=0.00s Real=0.04s
[854.620s][info][gc,start       ] GC(2358) Pause Young (Allocation Failure)
[854.637s][info][gc,heap        ] GC(2358) PSYoungGen: 270848K(270848K)->6720K(310784K) Eden: 253440K(253440K)->0K(286208K) From: 17408K(17408K)->6720K(24576K)
[854.637s][info][gc,heap        ] GC(2358) ParOldGen: 162212K(175104K)->162564K(175104K)
[854.637s][info][gc,metaspace   ] GC(2358) Metaspace: 35612K(36352K)->35612K(36352K) NonClass: 29339K(29888K)->29339K(29888K) Class: 6272K(6464K)->6272K(6464K)
[854.637s][info][gc             ] GC(2358) Pause Young (Allocation Failure) 422M->165M(474M) 16.715ms
[854.637s][info][gc,cpu         ] GC(2358) User=0.03s Sys=0.00s Real=0.02s
[855.077s][info][gc,start       ] GC(2359) Pause Young (Allocation Failure)
[855.078s][info][gc,heap        ] GC(2359) PSYoungGen: 292928K(310784K)->64K(286720K) Eden: 286208K(286208K)->0K(286208K) From: 6720K(24576K)->64K(512K)
[855.078s][info][gc,heap        ] GC(2359) ParOldGen: 162564K(175104K)->162572K(175104K)
[855.078s][info][gc,metaspace   ] GC(2359) Metaspace: 35612K(36352K)->35612K(36352K) NonClass: 29339K(29888K)->29339K(29888K) Class: 6272K(6464K)->6272K(6464K)
[855.078s][info][gc             ] GC(2359) Pause Young (Allocation Failure) 444M->158M(451M) 1.020ms
[855.078s][info][gc,cpu         ] GC(2359) User=0.00s Sys=0.00s Real=0.00s
[855.658s][info][gc,start       ] GC(2360) Pause Young (Allocation Failure)
[855.659s][info][gc,heap        ] GC(2360) PSYoungGen: 286272K(286720K)->64K(309248K) Eden: 286208K(286208K)->0K(286720K) From: 64K(512K)->64K(22528K)
[855.659s][info][gc,heap        ] GC(2360) ParOldGen: 162572K(175104K)->162580K(175104K)
[855.659s][info][gc,metaspace   ] GC(2360) Metaspace: 35612K(36352K)->35612K(36352K) NonClass: 29339K(29888K)->29339K(29888K) Class: 6272K(6464K)->6272K(6464K)
[855.659s][info][gc             ] GC(2360) Pause Young (Allocation Failure) 438M->158M(473M) 1.026ms
[855.659s][info][gc,cpu         ] GC(2360) User=0.00s Sys=0.00s Real=0.00s
[856.098s][info][gc,start       ] GC(2361) Pause Young (Allocation Failure)
[856.099s][info][gc,heap        ] GC(2361) PSYoungGen: 286784K(309248K)->64K(308736K) Eden: 286720K(286720K)->0K(286720K) From: 64K(22528K)->64K(22016K)
[856.099s][info][gc,heap        ] GC(2361) ParOldGen: 162580K(175104K)->162596K(175104K)
[856.099s][info][gc,metaspace   ] GC(2361) Metaspace: 35612K(36352K)->35612K(36352K) NonClass: 29339K(29888K)->29339K(29888K) Class: 6272K(6464K)->6272K(6464K)
[856.099s][info][gc             ] GC(2361) Pause Young (Allocation Failure) 438M->158M(472M) 1.087ms
[856.099s][info][gc,cpu         ] GC(2361) User=0.00s Sys=0.00s Real=0.00s
[856.314s][info][gc,start       ] GC(2362) Pause Young (Allocation Failure)
[856.315s][info][gc,heap        ] GC(2362) PSYoungGen: 286784K(308736K)->64K(310784K) Eden: 286720K(286720K)->0K(289792K) From: 64K(22016K)->64K(20992K)
[856.315s][info][gc,heap        ] GC(2362) ParOldGen: 162596K(175104K)->162612K(175104K)
[856.315s][info][gc,metaspace   ] GC(2362) Metaspace: 35612K(36352K)->35612K(36352K) NonClass: 29339K(29888K)->29339K(29888K) Class: 6272K(6464K)->6272K(6464K)
[856.315s][info][gc             ] GC(2362) Pause Young (Allocation Failure) 438M->158M(474M) 1.122ms
[856.315s][info][gc,cpu         ] GC(2362) User=0.00s Sys=0.00s Real=0.00s
[856.534s][info][gc,start       ] GC(2363) Pause Young (Allocation Failure)
[856.536s][info][gc,heap        ] GC(2363) PSYoungGen: 289856K(310784K)->64K(310272K) Eden: 289792K(289792K)->0K(289792K) From: 64K(20992K)->64K(20480K)
[856.536s][info][gc,heap        ] GC(2363) ParOldGen: 162612K(175104K)->162612K(175104K)
[856.536s][info][gc,metaspace   ] GC(2363) Metaspace: 35612K(36352K)->35612K(36352K) NonClass: 29339K(29888K)->29339K(29888K) Class: 6272K(6464K)->6272K(6464K)
[856.536s][info][gc             ] GC(2363) Pause Young (Allocation Failure) 441M->158M(474M) 1.288ms
[856.536s][info][gc,cpu         ] GC(2363) User=0.00s Sys=0.00s Real=0.01s
[856.889s][info][gc,start       ] GC(2364) Pause Young (Allocation Failure)
[856.889s][info][gc,heap        ] GC(2364) PSYoungGen: 289856K(310272K)->64K(312320K) Eden: 289792K(289792K)->0K(293376K) From: 64K(20480K)->64K(18944K)
[856.890s][info][gc,heap        ] GC(2364) ParOldGen: 162612K(175104K)->162612K(175104K)
[856.890s][info][gc,metaspace   ] GC(2364) Metaspace: 35612K(36352K)->35612K(36352K) NonClass: 29339K(29888K)->29339K(29888K) Class: 6272K(6464K)->6272K(6464K)
[856.890s][info][gc             ] GC(2364) Pause Young (Allocation Failure) 441M->158M(476M) 0.988ms
[856.890s][info][gc,cpu         ] GC(2364) User=0.01s Sys=0.00s Real=0.00s
[856.995s][info][gc,start       ] GC(2365) Pause Young (Allocation Failure)
[856.996s][info][gc,heap        ] GC(2365) PSYoungGen: 293440K(312320K)->64K(311808K) Eden: 293376K(293376K)->0K(293376K) From: 64K(18944K)->64K(18432K)
[856.996s][info][gc,heap        ] GC(2365) ParOldGen: 162612K(175104K)->162620K(175104K)
[856.996s][info][gc,metaspace   ] GC(2365) Metaspace: 35612K(36352K)->35612K(36352K) NonClass: 29339K(29888K)->29339K(29888K) Class: 6272K(6464K)->6272K(6464K)
[856.996s][info][gc             ] GC(2365) Pause Young (Allocation Failure) 445M->158M(475M) 0.976ms
[856.996s][info][gc,cpu         ] GC(2365) User=0.00s Sys=0.00s Real=0.00s
[857.050s][info][gc,start       ] GC(2366) Pause Young (Allocation Failure)
[857.051s][info][gc,heap        ] GC(2366) PSYoungGen: 293440K(311808K)->64K(314368K) Eden: 293376K(293376K)->0K(297472K) From: 64K(18432K)->64K(16896K)
[857.051s][info][gc,heap        ] GC(2366) ParOldGen: 162620K(175104K)->162636K(175104K)
[857.051s][info][gc,metaspace   ] GC(2366) Metaspace: 35612K(36352K)->35612K(36352K) NonClass: 29339K(29888K)->29339K(29888K) Class: 6272K(6464K)->6272K(6464K)
[857.051s][info][gc             ] GC(2366) Pause Young (Allocation Failure) 445M->158M(478M) 0.903ms
[857.051s][info][gc,cpu         ] GC(2366) User=0.00s Sys=0.00s Real=0.00s
[857.267s][info][gc,start       ] GC(2367) Pause Young (Allocation Failure)
[857.268s][info][gc,heap        ] GC(2367) PSYoungGen: 297536K(314368K)->64K(313856K) Eden: 297472K(297472K)->0K(297472K) From: 64K(16896K)->64K(16384K)
[857.268s][info][gc,heap        ] GC(2367) ParOldGen: 162636K(175104K)->162636K(175104K)
[857.268s][info][gc,metaspace   ] GC(2367) Metaspace: 35612K(36352K)->35612K(36352K) NonClass: 29339K(29888K)->29339K(29888K) Class: 6272K(6464K)->6272K(6464K)
[857.268s][info][gc             ] GC(2367) Pause Young (Allocation Failure) 449M->158M(477M) 1.062ms
[857.268s][info][gc,cpu         ] GC(2367) User=0.00s Sys=0.00s Real=0.00s
[857.589s][info][gc,start       ] GC(2368) Pause Young (Allocation Failure)
[857.590s][info][gc,heap        ] GC(2368) PSYoungGen: 297536K(313856K)->64K(316416K) Eden: 297472K(297472K)->0K(301568K) From: 64K(16384K)->64K(14848K)
[857.590s][info][gc,heap        ] GC(2368) ParOldGen: 162636K(175104K)->162644K(175104K)
[857.590s][info][gc,metaspace   ] GC(2368) Metaspace: 35612K(36352K)->35612K(36352K) NonClass: 29339K(29888K)->29339K(29888K) Class: 6272K(6464K)->6272K(6464K)
[857.590s][info][gc             ] GC(2368) Pause Young (Allocation Failure) 449M->158M(480M) 1.595ms
[857.590s][info][gc,cpu         ] GC(2368) User=0.00s Sys=0.00s Real=0.00s
[857.746s][info][gc,start       ] GC(2369) Pause Young (Allocation Failure)
[857.748s][info][gc,heap        ] GC(2369) PSYoungGen: 301632K(316416K)->64K(316416K) Eden: 301568K(301568K)->0K(301568K) From: 64K(14848K)->64K(14848K)
[857.748s][info][gc,heap        ] GC(2369) ParOldGen: 162644K(175104K)->162652K(175104K)
[857.748s][info][gc,metaspace   ] GC(2369) Metaspace: 35612K(36352K)->35612K(36352K) NonClass: 29339K(29888K)->29339K(29888K) Class: 6272K(6464K)->6272K(6464K)
[857.748s][info][gc             ] GC(2369) Pause Young (Allocation Failure) 453M->158M(480M) 1.614ms
[857.748s][info][gc,cpu         ] GC(2369) User=0.00s Sys=0.00s Real=0.00s
[857.829s][info][gc,start       ] GC(2370) Pause Young (Allocation Failure)
[857.831s][info][gc,heap        ] GC(2370) PSYoungGen: 301632K(316416K)->32K(318464K) Eden: 301568K(301568K)->0K(304640K) From: 64K(14848K)->32K(13824K)
[857.831s][info][gc,heap        ] GC(2370) ParOldGen: 162652K(175104K)->162660K(175104K)
[857.831s][info][gc,metaspace   ] GC(2370) Metaspace: 35612K(36352K)->35612K(36352K) NonClass: 29339K(29888K)->29339K(29888K) Class: 6272K(6464K)->6272K(6464K)
[857.831s][info][gc             ] GC(2370) Pause Young (Allocation Failure) 453M->158M(482M) 1.449ms
[857.831s][info][gc,cpu         ] GC(2370) User=0.00s Sys=0.00s Real=0.00s
[858.033s][info][gc,start       ] GC(2371) Pause Young (Allocation Failure)
[858.035s][info][gc,heap        ] GC(2371) PSYoungGen: 304672K(318464K)->32K(317952K) Eden: 304640K(304640K)->0K(304640K) From: 32K(13824K)->32K(13312K)
[858.035s][info][gc,heap        ] GC(2371) ParOldGen: 162660K(175104K)->162660K(175104K)
[858.035s][info][gc,metaspace   ] GC(2371) Metaspace: 35612K(36352K)->35612K(36352K) NonClass: 29339K(29888K)->29339K(29888K) Class: 6272K(6464K)->6272K(6464K)
[858.035s][info][gc             ] GC(2371) Pause Young (Allocation Failure) 456M->158M(481M) 1.606ms
[858.035s][info][gc,cpu         ] GC(2371) User=0.00s Sys=0.00s Real=0.00s
[858.996s][info][gc,start       ] GC(2372) Pause Young (Allocation Failure)
[858.997s][info][gc,heap        ] GC(2372) PSYoungGen: 304672K(317952K)->115K(292864K) Eden: 304640K(304640K)->0K(292352K) From: 32K(13312K)->115K(512K)
[858.997s][info][gc,heap        ] GC(2372) ParOldGen: 162660K(175104K)->162668K(175104K)
[858.997s][info][gc,metaspace   ] GC(2372) Metaspace: 35612K(36352K)->35612K(36352K) NonClass: 29339K(29888K)->29339K(29888K) Class: 6272K(6464K)->6272K(6464K)
[858.997s][info][gc             ] GC(2372) Pause Young (Allocation Failure) 456M->158M(457M) 1.707ms
[858.997s][info][gc,cpu         ] GC(2372) User=0.00s Sys=0.00s Real=0.00s
[859.873s][info][gc,start       ] GC(2373) Pause Young (Allocation Failure)
[859.874s][info][gc,heap        ] GC(2373) PSYoungGen: 292467K(292864K)->64K(292864K) Eden: 292352K(292352K)->0K(281088K) From: 115K(512K)->64K(11776K)
[859.874s][info][gc,heap        ] GC(2373) ParOldGen: 162668K(175104K)->162676K(175104K)
[859.874s][info][gc,metaspace   ] GC(2373) Metaspace: 35612K(36352K)->35612K(36352K) NonClass: 29339K(29888K)->29339K(29888K) Class: 6272K(6464K)->6272K(6464K)
[859.874s][info][gc             ] GC(2373) Pause Young (Allocation Failure) 444M->158M(457M) 1.586ms
[859.875s][info][gc,cpu         ] GC(2373) User=0.00s Sys=0.00s Real=0.00s
[860.126s][info][gc,start       ] GC(2374) Pause Young (Allocation Failure)
[860.128s][info][gc,heap        ] GC(2374) PSYoungGen: 281152K(292864K)->64K(270848K) Eden: 281088K(281088K)->0K(270336K) From: 64K(11776K)->64K(512K)
[860.128s][info][gc,heap        ] GC(2374) ParOldGen: 162676K(175104K)->162684K(175104K)
[860.128s][info][gc,metaspace   ] GC(2374) Metaspace: 35612K(36352K)->35612K(36352K) NonClass: 29339K(29888K)->29339K(29888K) Class: 6272K(6464K)->6272K(6464K)
[860.128s][info][gc             ] GC(2374) Pause Young (Allocation Failure) 433M->158M(435M) 2.275ms
[860.128s][info][gc,cpu         ] GC(2374) User=0.00s Sys=0.00s Real=0.00s
[860.533s][info][gc,start       ] GC(2375) Pause Young (Allocation Failure)
[860.534s][info][gc,heap        ] GC(2375) PSYoungGen: 270400K(270848K)->64K(270336K) Eden: 270336K(270336K)->0K(260096K) From: 64K(512K)->64K(10240K)
[860.534s][info][gc,heap        ] GC(2375) ParOldGen: 162684K(175104K)->162692K(175104K)
[860.534s][info][gc,metaspace   ] GC(2375) Metaspace: 35612K(36352K)->35612K(36352K) NonClass: 29339K(29888K)->29339K(29888K) Class: 6272K(6464K)->6272K(6464K)
[860.534s][info][gc             ] GC(2375) Pause Young (Allocation Failure) 422M->158M(435M) 1.591ms
[860.534s][info][gc,cpu         ] GC(2375) User=0.01s Sys=0.00s Real=0.00s
[861.494s][info][gc,start       ] GC(2376) Pause Young (Allocation Failure)
[861.496s][info][gc,heap        ] GC(2376) PSYoungGen: 260160K(270336K)->64K(250880K) Eden: 260096K(260096K)->0K(250368K) From: 64K(10240K)->64K(512K)
[861.496s][info][gc,heap        ] GC(2376) ParOldGen: 162692K(175104K)->162700K(175104K)
[861.496s][info][gc,metaspace   ] GC(2376) Metaspace: 35612K(36352K)->35612K(36352K) NonClass: 29339K(29888K)->29339K(29888K) Class: 6272K(6464K)->6272K(6464K)
[861.496s][info][gc             ] GC(2376) Pause Young (Allocation Failure) 412M->158M(416M) 2.073ms
[861.496s][info][gc,cpu         ] GC(2376) User=0.00s Sys=0.00s Real=0.01s
[861.867s][info][gc,start       ] GC(2377) Pause Young (Allocation Failure)
[861.868s][info][gc,heap        ] GC(2377) PSYoungGen: 250432K(250880K)->64K(249344K) Eden: 250368K(250368K)->0K(240640K) From: 64K(512K)->64K(8704K)
[861.868s][info][gc,heap        ] GC(2377) ParOldGen: 162700K(175104K)->162708K(175104K)
[861.868s][info][gc,metaspace   ] GC(2377) Metaspace: 35612K(36352K)->35612K(36352K) NonClass: 29339K(29888K)->29339K(29888K) Class: 6272K(6464K)->6272K(6464K)
[861.868s][info][gc             ] GC(2377) Pause Young (Allocation Failure) 403M->158M(414M) 1.524ms
[861.868s][info][gc,cpu         ] GC(2377) User=0.00s Sys=0.00s Real=0.00s
[862.042s][info][gc,start       ] GC(2378) Pause Young (Allocation Failure)
[862.045s][info][gc,heap        ] GC(2378) PSYoungGen: 240704K(249344K)->64K(231936K) Eden: 240640K(240640K)->0K(231424K) From: 64K(8704K)->64K(512K)
[862.045s][info][gc,heap        ] GC(2378) ParOldGen: 162708K(175104K)->162716K(175104K)
[862.045s][info][gc,metaspace   ] GC(2378) Metaspace: 35612K(36352K)->35612K(36352K) NonClass: 29339K(29888K)->29339K(29888K) Class: 6272K(6464K)->6272K(6464K)
[862.045s][info][gc             ] GC(2378) Pause Young (Allocation Failure) 393M->158M(397M) 2.433ms
[862.045s][info][gc,cpu         ] GC(2378) User=0.01s Sys=0.01s Real=0.00s
[862.133s][info][gc,start       ] GC(2379) Pause Young (Allocation Failure)
[862.134s][info][gc,heap        ] GC(2379) PSYoungGen: 231488K(231936K)->64K(230400K) Eden: 231424K(231424K)->0K(222720K) From: 64K(512K)->64K(7680K)
[862.134s][info][gc,heap        ] GC(2379) ParOldGen: 162716K(175104K)->162724K(175104K)
[862.134s][info][gc,metaspace   ] GC(2379) Metaspace: 35612K(36352K)->35612K(36352K) NonClass: 29339K(29888K)->29339K(29888K) Class: 6272K(6464K)->6272K(6464K)
[862.134s][info][gc             ] GC(2379) Pause Young (Allocation Failure) 384M->158M(396M) 1.542ms
[862.134s][info][gc,cpu         ] GC(2379) User=0.01s Sys=0.00s Real=0.00s
[862.681s][info][gc,start       ] GC(2380) Pause Young (Allocation Failure)
[862.683s][info][gc,heap        ] GC(2380) PSYoungGen: 222784K(230400K)->64K(215040K) Eden: 222720K(222720K)->0K(214528K) From: 64K(7680K)->64K(512K)
[862.683s][info][gc,heap        ] GC(2380) ParOldGen: 162724K(175104K)->162732K(175104K)
[862.683s][info][gc,metaspace   ] GC(2380) Metaspace: 35612K(36352K)->35612K(36352K) NonClass: 29339K(29888K)->29339K(29888K) Class: 6272K(6464K)->6272K(6464K)
[862.683s][info][gc             ] GC(2380) Pause Young (Allocation Failure) 376M->158M(381M) 2.032ms
[862.684s][info][gc,cpu         ] GC(2380) User=0.00s Sys=0.00s Real=0.00s
[862.883s][info][gc,start       ] GC(2381) Pause Young (Allocation Failure)
[862.885s][info][gc,heap        ] GC(2381) PSYoungGen: 214592K(215040K)->32K(213504K) Eden: 214528K(214528K)->0K(206848K) From: 64K(512K)->32K(6656K)
[862.885s][info][gc,heap        ] GC(2381) ParOldGen: 162732K(175104K)->162740K(175104K)
[862.885s][info][gc,metaspace   ] GC(2381) Metaspace: 35612K(36352K)->35612K(36352K) NonClass: 29339K(29888K)->29339K(29888K) Class: 6272K(6464K)->6272K(6464K)
[862.885s][info][gc             ] GC(2381) Pause Young (Allocation Failure) 368M->158M(379M) 1.407ms
[862.885s][info][gc,cpu         ] GC(2381) User=0.00s Sys=0.00s Real=0.00s
[863.215s][info][gc,start       ] GC(2382) Pause Young (Allocation Failure)
[863.229s][info][gc,heap        ] GC(2382) PSYoungGen: 206880K(213504K)->6144K(251904K) Eden: 206848K(206848K)->0K(245760K) From: 32K(6656K)->6144K(6144K)
[863.229s][info][gc,heap        ] GC(2382) ParOldGen: 162740K(175104K)->164452K(175104K)
[863.229s][info][gc,metaspace   ] GC(2382) Metaspace: 35612K(36352K)->35612K(36352K) NonClass: 29339K(29888K)->29339K(29888K) Class: 6272K(6464K)->6272K(6464K)
[863.229s][info][gc             ] GC(2382) Pause Young (Allocation Failure) 360M->166M(417M) 13.664ms
[863.229s][info][gc,cpu         ] GC(2382) User=0.02s Sys=0.00s Real=0.01s
[863.479s][info][gc,start       ] GC(2383) Pause Young (Allocation Failure)
[863.525s][info][gc,heap        ] GC(2383) PSYoungGen: 251904K(251904K)->8192K(277504K) Eden: 245760K(245760K)->0K(269312K) From: 6144K(6144K)->8192K(8192K)
[863.525s][info][gc,heap        ] GC(2383) ParOldGen: 164452K(175104K)->182252K(182272K)
[863.525s][info][gc,metaspace   ] GC(2383) Metaspace: 35612K(36352K)->35612K(36352K) NonClass: 29339K(29888K)->29339K(29888K) Class: 6272K(6464K)->6272K(6464K)
[863.525s][info][gc             ] GC(2383) Pause Young (Allocation Failure) 406M->185M(449M) 46.284ms
[863.525s][info][gc,cpu         ] GC(2383) User=0.08s Sys=0.00s Real=0.05s
[863.801s][info][gc,start       ] GC(2384) Pause Young (Allocation Failure)
[863.866s][info][gc,heap        ] GC(2384) PSYoungGen: 277504K(277504K)->16896K(300544K) Eden: 269312K(269312K)->0K(283648K) From: 8192K(8192K)->16896K(16896K)
[863.866s][info][gc,heap        ] GC(2384) ParOldGen: 182252K(182272K)->194412K(194560K)
[863.866s][info][gc,metaspace   ] GC(2384) Metaspace: 35612K(36352K)->35612K(36352K) NonClass: 29339K(29888K)->29339K(29888K) Class: 6272K(6464K)->6272K(6464K)
[863.866s][info][gc             ] GC(2384) Pause Young (Allocation Failure) 448M->206M(483M) 64.324ms
[863.866s][info][gc,cpu         ] GC(2384) User=0.11s Sys=0.02s Real=0.07s
[863.989s][info][gc,start       ] GC(2385) Pause Young (Allocation Failure)
[864.006s][info][gc,heap        ] GC(2385) PSYoungGen: 300544K(300544K)->6784K(308736K) Eden: 283648K(283648K)->0K(283648K) From: 16896K(16896K)->6784K(25088K)
[864.006s][info][gc,heap        ] GC(2385) ParOldGen: 194412K(194560K)->194844K(195072K)
[864.006s][info][gc,metaspace   ] GC(2385) Metaspace: 35612K(36352K)->35612K(36352K) NonClass: 29339K(29888K)->29339K(29888K) Class: 6272K(6464K)->6272K(6464K)
[864.006s][info][gc             ] GC(2385) Pause Young (Allocation Failure) 483M->196M(492M) 16.799ms
[864.006s][info][gc,cpu         ] GC(2385) User=0.03s Sys=0.00s Real=0.02s
[864.493s][info][gc,start       ] GC(2386) Pause Young (Allocation Failure)
[864.494s][info][gc,heap        ] GC(2386) PSYoungGen: 290432K(308736K)->64K(305664K) Eden: 283648K(283648K)->0K(285696K) From: 6784K(25088K)->64K(19968K)
[864.494s][info][gc,heap        ] GC(2386) ParOldGen: 194844K(195072K)->194852K(195072K)
[864.494s][info][gc,metaspace   ] GC(2386) Metaspace: 35612K(36352K)->35612K(36352K) NonClass: 29339K(29888K)->29339K(29888K) Class: 6272K(6464K)->6272K(6464K)
[864.494s][info][gc             ] GC(2386) Pause Young (Allocation Failure) 473M->190M(489M) 1.144ms
[864.494s][info][gc,cpu         ] GC(2386) User=0.00s Sys=0.00s Real=0.00s
[865.025s][info][gc,start       ] GC(2387) Pause Young (Allocation Failure)
[865.026s][info][gc,heap        ] GC(2387) PSYoungGen: 285760K(305664K)->64K(308224K) Eden: 285696K(285696K)->0K(285696K) From: 64K(19968K)->64K(22528K)
[865.026s][info][gc,heap        ] GC(2387) ParOldGen: 194852K(195072K)->194860K(195072K)
[865.026s][info][gc,metaspace   ] GC(2387) Metaspace: 35612K(36352K)->35612K(36352K) NonClass: 29339K(29888K)->29339K(29888K) Class: 6272K(6464K)->6272K(6464K)
[865.026s][info][gc             ] GC(2387) Pause Young (Allocation Failure) 469M->190M(491M) 0.980ms
[865.026s][info][gc,cpu         ] GC(2387) User=0.00s Sys=0.00s Real=0.01s
[865.453s][info][gc,start       ] GC(2388) Pause Young (Allocation Failure)
[865.454s][info][gc,heap        ] GC(2388) PSYoungGen: 285760K(308224K)->64K(308736K) Eden: 285696K(285696K)->0K(289280K) From: 64K(22528K)->64K(19456K)
[865.454s][info][gc,heap        ] GC(2388) ParOldGen: 194860K(195072K)->194876K(195072K)
[865.454s][info][gc,metaspace   ] GC(2388) Metaspace: 35612K(36352K)->35612K(36352K) NonClass: 29339K(29888K)->29339K(29888K) Class: 6272K(6464K)->6272K(6464K)
[865.454s][info][gc             ] GC(2388) Pause Young (Allocation Failure) 469M->190M(492M) 1.117ms
[865.454s][info][gc,cpu         ] GC(2388) User=0.00s Sys=0.00s Real=0.00s
[865.673s][info][gc,start       ] GC(2389) Pause Young (Allocation Failure)
[865.674s][info][gc,heap        ] GC(2389) PSYoungGen: 289344K(308736K)->64K(310272K) Eden: 289280K(289280K)->0K(289280K) From: 64K(19456K)->64K(20992K)
[865.674s][info][gc,heap        ] GC(2389) ParOldGen: 194876K(195072K)->194892K(195072K)
[865.674s][info][gc,metaspace   ] GC(2389) Metaspace: 35612K(36352K)->35612K(36352K) NonClass: 29339K(29888K)->29339K(29888K) Class: 6272K(6464K)->6272K(6464K)
[865.674s][info][gc             ] GC(2389) Pause Young (Allocation Failure) 472M->190M(493M) 1.121ms
[865.674s][info][gc,cpu         ] GC(2389) User=0.00s Sys=0.00s Real=0.00s
[865.892s][info][gc,start       ] GC(2390) Pause Young (Allocation Failure)
[865.893s][info][gc,heap        ] GC(2390) PSYoungGen: 289344K(310272K)->64K(310272K) Eden: 289280K(289280K)->0K(292352K) From: 64K(20992K)->64K(17920K)
[865.893s][info][gc,heap        ] GC(2390) ParOldGen: 194892K(195072K)->194892K(195072K)
[865.893s][info][gc,metaspace   ] GC(2390) Metaspace: 35612K(36352K)->35612K(36352K) NonClass: 29339K(29888K)->29339K(29888K) Class: 6272K(6464K)->6272K(6464K)
[865.893s][info][gc             ] GC(2390) Pause Young (Allocation Failure) 472M->190M(493M) 1.059ms
[865.893s][info][gc,cpu         ] GC(2390) User=0.00s Sys=0.00s Real=0.00s
[866.251s][info][gc,start       ] GC(2391) Pause Young (Allocation Failure)
[866.252s][info][gc,heap        ] GC(2391) PSYoungGen: 292416K(310272K)->64K(311808K) Eden: 292352K(292352K)->0K(292352K) From: 64K(17920K)->64K(19456K)
[866.252s][info][gc,heap        ] GC(2391) ParOldGen: 194892K(195072K)->194892K(195072K)
[866.252s][info][gc,metaspace   ] GC(2391) Metaspace: 35612K(36352K)->35612K(36352K) NonClass: 29339K(29888K)->29339K(29888K) Class: 6272K(6464K)->6272K(6464K)
[866.252s][info][gc             ] GC(2391) Pause Young (Allocation Failure) 475M->190M(495M) 1.047ms
[866.252s][info][gc,cpu         ] GC(2391) User=0.00s Sys=0.00s Real=0.00s
[866.331s][info][gc,start       ] GC(2392) Pause Young (Allocation Failure)
[866.332s][info][gc,heap        ] GC(2392) PSYoungGen: 292416K(311808K)->64K(311808K) Eden: 292352K(292352K)->0K(295936K) From: 64K(19456K)->64K(15872K)
[866.332s][info][gc,heap        ] GC(2392) ParOldGen: 194892K(195072K)->194900K(195072K)
[866.332s][info][gc,metaspace   ] GC(2392) Metaspace: 35612K(36352K)->35612K(36352K) NonClass: 29339K(29888K)->29339K(29888K) Class: 6272K(6464K)->6272K(6464K)
[866.332s][info][gc             ] GC(2392) Pause Young (Allocation Failure) 475M->190M(495M) 1.135ms
[866.332s][info][gc,cpu         ] GC(2392) User=0.00s Sys=0.00s Real=0.00s
[866.389s][info][gc,start       ] GC(2393) Pause Young (Allocation Failure)
[866.390s][info][gc,heap        ] GC(2393) PSYoungGen: 296000K(311808K)->64K(313344K) Eden: 295936K(295936K)->0K(295936K) From: 64K(15872K)->64K(17408K)
[866.390s][info][gc,heap        ] GC(2393) ParOldGen: 194900K(195072K)->194916K(195072K)
[866.390s][info][gc,metaspace   ] GC(2393) Metaspace: 35612K(36352K)->35612K(36352K) NonClass: 29339K(29888K)->29339K(29888K) Class: 6272K(6464K)->6272K(6464K)
[866.390s][info][gc             ] GC(2393) Pause Young (Allocation Failure) 479M->190M(496M) 1.103ms
[866.390s][info][gc,cpu         ] GC(2393) User=0.00s Sys=0.00s Real=0.00s
[866.632s][info][gc,start       ] GC(2394) Pause Young (Allocation Failure)
[866.633s][info][gc,heap        ] GC(2394) PSYoungGen: 296000K(313344K)->64K(313856K) Eden: 295936K(295936K)->0K(299520K) From: 64K(17408K)->64K(14336K)
[866.633s][info][gc,heap        ] GC(2394) ParOldGen: 194916K(195072K)->194916K(195072K)
[866.633s][info][gc,metaspace   ] GC(2394) Metaspace: 35612K(36352K)->35612K(36352K) NonClass: 29339K(29888K)->29339K(29888K) Class: 6272K(6464K)->6272K(6464K)
[866.633s][info][gc             ] GC(2394) Pause Young (Allocation Failure) 479M->190M(497M) 1.049ms
[866.633s][info][gc,cpu         ] GC(2394) User=0.00s Sys=0.00s Real=0.00s
[866.945s][info][gc,start       ] GC(2395) Pause Young (Allocation Failure)
[866.946s][info][gc,heap        ] GC(2395) PSYoungGen: 299584K(313856K)->64K(315392K) Eden: 299520K(299520K)->0K(299520K) From: 64K(14336K)->64K(15872K)
[866.946s][info][gc,heap        ] GC(2395) ParOldGen: 194916K(195072K)->194924K(195072K)
[866.946s][info][gc,metaspace   ] GC(2395) Metaspace: 35612K(36352K)->35612K(36352K) NonClass: 29339K(29888K)->29339K(29888K) Class: 6272K(6464K)->6272K(6464K)
[866.946s][info][gc             ] GC(2395) Pause Young (Allocation Failure) 482M->190M(498M) 1.014ms
[866.946s][info][gc,cpu         ] GC(2395) User=0.00s Sys=0.00s Real=0.00s
[867.084s][info][gc,start       ] GC(2396) Pause Young (Allocation Failure)
[867.085s][info][gc,heap        ] GC(2396) PSYoungGen: 299584K(315392K)->64K(315392K) Eden: 299520K(299520K)->0K(303104K) From: 64K(15872K)->64K(12288K)
[867.085s][info][gc,heap        ] GC(2396) ParOldGen: 194924K(195072K)->194932K(195072K)
[867.085s][info][gc,metaspace   ] GC(2396) Metaspace: 35612K(36352K)->35612K(36352K) NonClass: 29339K(29888K)->29339K(29888K) Class: 6272K(6464K)->6272K(6464K)
[867.085s][info][gc             ] GC(2396) Pause Young (Allocation Failure) 482M->190M(498M) 1.088ms
[867.085s][info][gc,cpu         ] GC(2396) User=0.00s Sys=0.00s Real=0.01s
[867.177s][info][gc,start       ] GC(2397) Pause Young (Allocation Failure)
[867.178s][info][gc,heap        ] GC(2397) PSYoungGen: 303168K(315392K)->64K(316928K) Eden: 303104K(303104K)->0K(303104K) From: 64K(12288K)->64K(13824K)
[867.178s][info][gc,heap        ] GC(2397) ParOldGen: 194932K(195072K)->194940K(195072K)
[867.178s][info][gc,metaspace   ] GC(2397) Metaspace: 35612K(36352K)->35612K(36352K) NonClass: 29339K(29888K)->29339K(29888K) Class: 6272K(6464K)->6272K(6464K)
[867.178s][info][gc             ] GC(2397) Pause Young (Allocation Failure) 486M->190M(500M) 1.046ms
[867.178s][info][gc,cpu         ] GC(2397) User=0.00s Sys=0.00s Real=0.00s
[867.377s][info][gc,start       ] GC(2398) Pause Young (Allocation Failure)
[867.378s][info][gc,heap        ] GC(2398) PSYoungGen: 303168K(316928K)->64K(291328K) Eden: 303104K(303104K)->0K(290816K) From: 64K(13824K)->64K(512K)
[867.378s][info][gc,heap        ] GC(2398) ParOldGen: 194940K(195072K)->194948K(195072K)
[867.378s][info][gc,metaspace   ] GC(2398) Metaspace: 35612K(36352K)->35612K(36352K) NonClass: 29339K(29888K)->29339K(29888K) Class: 6272K(6464K)->6272K(6464K)
[867.378s][info][gc             ] GC(2398) Pause Young (Allocation Failure) 486M->190M(475M) 1.559ms
[867.378s][info][gc,cpu         ] GC(2398) User=0.00s Sys=0.00s Real=0.00s
[868.325s][info][gc,start       ] GC(2399) Pause Young (Allocation Failure)
[868.326s][info][gc,heap        ] GC(2399) PSYoungGen: 290880K(291328K)->64K(291840K) Eden: 290816K(290816K)->0K(279552K) From: 64K(512K)->64K(12288K)
[868.326s][info][gc,heap        ] GC(2399) ParOldGen: 194948K(195072K)->194956K(195072K)
[868.326s][info][gc,metaspace   ] GC(2399) Metaspace: 35612K(36352K)->35612K(36352K) NonClass: 29339K(29888K)->29339K(29888K) Class: 6272K(6464K)->6272K(6464K)
[868.326s][info][gc             ] GC(2399) Pause Young (Allocation Failure) 474M->190M(475M) 0.990ms
[868.326s][info][gc,cpu         ] GC(2399) User=0.00s Sys=0.00s Real=0.01s
[869.188s][info][gc,start       ] GC(2400) Pause Young (Allocation Failure)
[869.190s][info][gc,heap        ] GC(2400) PSYoungGen: 279616K(291840K)->64K(269312K) Eden: 279552K(279552K)->0K(268800K) From: 64K(12288K)->64K(512K)
[869.190s][info][gc,heap        ] GC(2400) ParOldGen: 194956K(195072K)->194964K(195072K)
[869.190s][info][gc,metaspace   ] GC(2400) Metaspace: 35612K(36352K)->35612K(36352K) NonClass: 29339K(29888K)->29339K(29888K) Class: 6272K(6464K)->6272K(6464K)
[869.190s][info][gc             ] GC(2400) Pause Young (Allocation Failure) 463M->190M(453M) 1.777ms
[869.190s][info][gc,cpu         ] GC(2400) User=0.00s Sys=0.00s Real=0.00s
[869.416s][info][gc,start       ] GC(2401) Pause Young (Allocation Failure)
[869.417s][info][gc,heap        ] GC(2401) PSYoungGen: 268864K(269312K)->64K(269312K) Eden: 268800K(268800K)->0K(258560K) From: 64K(512K)->64K(10752K)
[869.417s][info][gc,heap        ] GC(2401) ParOldGen: 194964K(195072K)->194972K(195072K)
[869.417s][info][gc,metaspace   ] GC(2401) Metaspace: 35612K(36352K)->35612K(36352K) NonClass: 29339K(29888K)->29339K(29888K) Class: 6272K(6464K)->6272K(6464K)
[869.417s][info][gc             ] GC(2401) Pause Young (Allocation Failure) 452M->190M(453M) 1.025ms
[869.417s][info][gc,cpu         ] GC(2401) User=0.00s Sys=0.00s Real=0.00s
[869.811s][info][gc,start       ] GC(2402) Pause Young (Allocation Failure)
[869.812s][info][gc,heap        ] GC(2402) PSYoungGen: 258624K(269312K)->64K(249344K) Eden: 258560K(258560K)->0K(248832K) From: 64K(10752K)->64K(512K)
[869.812s][info][gc,heap        ] GC(2402) ParOldGen: 194972K(195072K)->194980K(195072K)
[869.812s][info][gc,metaspace   ] GC(2402) Metaspace: 35612K(36352K)->35612K(36352K) NonClass: 29339K(29888K)->29339K(29888K) Class: 6272K(6464K)->6272K(6464K)
[869.812s][info][gc             ] GC(2402) Pause Young (Allocation Failure) 442M->190M(434M) 1.371ms
[869.812s][info][gc,cpu         ] GC(2402) User=0.01s Sys=0.00s Real=0.00s
[870.755s][info][gc,start       ] GC(2403) Pause Young (Allocation Failure)
[870.756s][info][gc,heap        ] GC(2403) PSYoungGen: 248896K(249344K)->64K(249344K) Eden: 248832K(248832K)->0K(239616K) From: 64K(512K)->64K(9728K)
[870.756s][info][gc,heap        ] GC(2403) ParOldGen: 194980K(195072K)->194988K(195072K)
[870.756s][info][gc,metaspace   ] GC(2403) Metaspace: 35612K(36352K)->35612K(36352K) NonClass: 29339K(29888K)->29339K(29888K) Class: 6272K(6464K)->6272K(6464K)
[870.756s][info][gc             ] GC(2403) Pause Young (Allocation Failure) 433M->190M(434M) 1.002ms
[870.756s][info][gc,cpu         ] GC(2403) User=0.00s Sys=0.00s Real=0.01s
[871.128s][info][gc,start       ] GC(2404) Pause Young (Allocation Failure)
[871.129s][info][gc,heap        ] GC(2404) PSYoungGen: 239680K(249344K)->64K(230912K) Eden: 239616K(239616K)->0K(230400K) From: 64K(9728K)->64K(512K)
[871.129s][info][gc,heap        ] GC(2404) ParOldGen: 194988K(195072K)->194996K(195072K)
[871.129s][info][gc,metaspace   ] GC(2404) Metaspace: 35612K(36352K)->35612K(36352K) NonClass: 29339K(29888K)->29339K(29888K) Class: 6272K(6464K)->6272K(6464K)
[871.129s][info][gc             ] GC(2404) Pause Young (Allocation Failure) 424M->190M(416M) 1.511ms
[871.129s][info][gc,cpu         ] GC(2404) User=0.01s Sys=0.00s Real=0.00s
[871.321s][info][gc,start       ] GC(2405) Pause Young (Allocation Failure)
[871.323s][info][gc,heap        ] GC(2405) PSYoungGen: 230464K(230912K)->64K(229888K) Eden: 230400K(230400K)->0K(221696K) From: 64K(512K)->64K(8192K)
[871.323s][info][gc,heap        ] GC(2405) ParOldGen: 194996K(195072K)->195004K(195072K)
[871.323s][info][gc,metaspace   ] GC(2405) Metaspace: 35612K(36352K)->35612K(36352K) NonClass: 29339K(29888K)->29339K(29888K) Class: 6272K(6464K)->6272K(6464K)
[871.323s][info][gc             ] GC(2405) Pause Young (Allocation Failure) 415M->190M(415M) 1.308ms
[871.323s][info][gc,cpu         ] GC(2405) User=0.00s Sys=0.00s Real=0.00s
[871.384s][info][gc,start       ] GC(2406) Pause Young (Allocation Failure)
[871.385s][info][gc,heap        ] GC(2406) PSYoungGen: 221760K(229888K)->64K(214016K) Eden: 221696K(221696K)->0K(213504K) From: 64K(8192K)->64K(512K)
[871.385s][info][gc,heap        ] GC(2406) ParOldGen: 195004K(195072K)->195012K(195072K)
[871.385s][info][gc,metaspace   ] GC(2406) Metaspace: 35612K(36352K)->35612K(36352K) NonClass: 29339K(29888K)->29339K(29888K) Class: 6272K(6464K)->6272K(6464K)
[871.385s][info][gc             ] GC(2406) Pause Young (Allocation Failure) 406M->190M(399M) 1.696ms
[871.385s][info][gc,cpu         ] GC(2406) User=0.00s Sys=0.00s Real=0.01s
[871.785s][info][gc,start       ] GC(2407) Pause Young (Allocation Failure)
[871.786s][info][gc,heap        ] GC(2407) PSYoungGen: 213568K(214016K)->64K(212992K) Eden: 213504K(213504K)->0K(205824K) From: 64K(512K)->64K(7168K)
[871.786s][info][gc,heap        ] GC(2407) ParOldGen: 195012K(195072K)->195020K(195072K)
[871.786s][info][gc,metaspace   ] GC(2407) Metaspace: 35612K(36352K)->35612K(36352K) NonClass: 29339K(29888K)->29339K(29888K) Class: 6272K(6464K)->6272K(6464K)
[871.786s][info][gc             ] GC(2407) Pause Young (Allocation Failure) 399M->190M(398M) 1.015ms
[871.786s][info][gc,cpu         ] GC(2407) User=0.00s Sys=0.01s Real=0.01s
[872.088s][info][gc,start       ] GC(2408) Pause Young (Allocation Failure)
[872.090s][info][gc,heap        ] GC(2408) PSYoungGen: 205888K(212992K)->64K(199168K) Eden: 205824K(205824K)->0K(198656K) From: 64K(7168K)->64K(512K)
[872.090s][info][gc,heap        ] GC(2408) ParOldGen: 195020K(195072K)->195028K(195072K)
[872.090s][info][gc,metaspace   ] GC(2408) Metaspace: 35612K(36352K)->35612K(36352K) NonClass: 29339K(29888K)->29339K(29888K) Class: 6272K(6464K)->6272K(6464K)
[872.090s][info][gc             ] GC(2408) Pause Young (Allocation Failure) 391M->190M(385M) 1.615ms
[872.090s][info][gc,cpu         ] GC(2408) User=0.00s Sys=0.00s Real=0.00s
[872.400s][info][gc,start       ] GC(2409) Pause Young (Allocation Failure)
[872.401s][info][gc,heap        ] GC(2409) PSYoungGen: 198720K(199168K)->64K(197632K) Eden: 198656K(198656K)->0K(191488K) From: 64K(512K)->64K(6144K)
[872.401s][info][gc,heap        ] GC(2409) ParOldGen: 195028K(195072K)->195036K(195072K)
[872.401s][info][gc,metaspace   ] GC(2409) Metaspace: 35612K(36352K)->35612K(36352K) NonClass: 29339K(29888K)->29339K(29888K) Class: 6272K(6464K)->6272K(6464K)
[872.401s][info][gc             ] GC(2409) Pause Young (Allocation Failure) 384M->190M(383M) 1.004ms
[872.401s][info][gc,cpu         ] GC(2409) User=0.00s Sys=0.00s Real=0.00s
[872.622s][info][gc,start       ] GC(2410) Pause Young (Allocation Failure)
[872.660s][info][gc,heap        ] GC(2410) PSYoungGen: 191552K(197632K)->5632K(235008K) Eden: 191488K(191488K)->0K(229376K) From: 64K(6144K)->5632K(5632K)
[872.660s][info][gc,heap        ] GC(2410) ParOldGen: 195036K(195072K)->208100K(208384K)
[872.660s][info][gc,metaspace   ] GC(2410) Metaspace: 35612K(36352K)->35612K(36352K) NonClass: 29339K(29888K)->29339K(29888K) Class: 6272K(6464K)->6272K(6464K)
[872.660s][info][gc             ] GC(2410) Pause Young (Allocation Failure) 377M->208M(433M) 37.528ms
[872.660s][info][gc,cpu         ] GC(2410) User=0.07s Sys=0.00s Real=0.04s
[872.901s][info][gc,start       ] GC(2411) Pause Young (Allocation Failure)
[872.950s][info][gc,heap        ] GC(2411) PSYoungGen: 235008K(235008K)->11776K(266752K) Eden: 229376K(229376K)->0K(254976K) From: 5632K(5632K)->11776K(11776K)
[872.950s][info][gc,heap        ] GC(2411) ParOldGen: 208100K(208384K)->221004K(221184K)
[872.950s][info][gc,metaspace   ] GC(2411) Metaspace: 35612K(36352K)->35612K(36352K) NonClass: 29339K(29888K)->29339K(29888K) Class: 6272K(6464K)->6272K(6464K)
[872.950s][info][gc             ] GC(2411) Pause Young (Allocation Failure) 432M->227M(476M) 49.163ms
[872.950s][info][gc,cpu         ] GC(2411) User=0.08s Sys=0.02s Real=0.05s
[873.208s][info][gc,start       ] GC(2412) Pause Young (Allocation Failure)
[873.266s][info][gc,heap        ] GC(2412) PSYoungGen: 266752K(266752K)->19456K(287744K) Eden: 254976K(254976K)->0K(268288K) From: 11776K(11776K)->19456K(19456K)
[873.266s][info][gc,heap        ] GC(2412) ParOldGen: 221004K(221184K)->228076K(228352K)
[873.267s][info][gc,metaspace   ] GC(2412) Metaspace: 35612K(36352K)->35612K(36352K) NonClass: 29339K(29888K)->29339K(29888K) Class: 6272K(6464K)->6272K(6464K)
[873.267s][info][gc             ] GC(2412) Pause Young (Allocation Failure) 476M->241M(504M) 58.765ms
[873.267s][info][gc,cpu         ] GC(2412) User=0.10s Sys=0.01s Real=0.06s
[873.351s][info][gc,start       ] GC(2413) Pause Young (Allocation Failure)
[873.354s][info][gc,heap        ] GC(2413) PSYoungGen: 287744K(287744K)->64K(294400K) Eden: 268288K(268288K)->0K(268288K) From: 19456K(19456K)->64K(26112K)
[873.354s][info][gc,heap        ] GC(2413) ParOldGen: 228076K(228352K)->228332K(228352K)
[873.354s][info][gc,metaspace   ] GC(2413) Metaspace: 35612K(36352K)->35612K(36352K) NonClass: 29339K(29888K)->29339K(29888K) Class: 6272K(6464K)->6272K(6464K)
[873.354s][info][gc             ] GC(2413) Pause Young (Allocation Failure) 503M->223M(510M) 3.144ms
[873.354s][info][gc,cpu         ] GC(2413) User=0.00s Sys=0.00s Real=0.00s
[873.918s][info][gc,start       ] GC(2414) Pause Young (Allocation Failure)
[873.920s][info][gc,heap        ] GC(2414) PSYoungGen: 268352K(294400K)->64K(305664K) Eden: 268288K(268288K)->0K(282624K) From: 64K(26112K)->64K(23040K)
[873.920s][info][gc,heap        ] GC(2414) ParOldGen: 228332K(228352K)->228340K(228352K)
[873.920s][info][gc,metaspace   ] GC(2414) Metaspace: 35612K(36352K)->35612K(36352K) NonClass: 29339K(29888K)->29339K(29888K) Class: 6272K(6464K)->6272K(6464K)
[873.920s][info][gc             ] GC(2414) Pause Young (Allocation Failure) 485M->223M(521M) 1.154ms
[873.920s][info][gc,cpu         ] GC(2414) User=0.00s Sys=0.00s Real=0.00s
[874.386s][info][gc,start       ] GC(2415) Pause Young (Allocation Failure)
[874.387s][info][gc,heap        ] GC(2415) PSYoungGen: 282688K(305664K)->64K(307200K) Eden: 282624K(282624K)->0K(282624K) From: 64K(23040K)->64K(24576K)
[874.387s][info][gc,heap        ] GC(2415) ParOldGen: 228340K(228352K)->228348K(228352K)
[874.387s][info][gc,metaspace   ] GC(2415) Metaspace: 35612K(36352K)->35612K(36352K) NonClass: 29339K(29888K)->29339K(29888K) Class: 6272K(6464K)->6272K(6464K)
[874.387s][info][gc             ] GC(2415) Pause Young (Allocation Failure) 499M->223M(523M) 1.129ms
[874.387s][info][gc,cpu         ] GC(2415) User=0.00s Sys=0.00s Real=0.00s
[874.828s][info][gc,start       ] GC(2416) Pause Young (Allocation Failure)
[874.830s][info][gc,heap        ] GC(2416) PSYoungGen: 282688K(307200K)->64K(306688K) Eden: 282624K(282624K)->0K(285696K) From: 64K(24576K)->64K(20992K)
[874.830s][info][gc,heap        ] GC(2416) ParOldGen: 228348K(228352K)->228364K(228864K)
[874.830s][info][gc,metaspace   ] GC(2416) Metaspace: 35612K(36352K)->35612K(36352K) NonClass: 29339K(29888K)->29339K(29888K) Class: 6272K(6464K)->6272K(6464K)
[874.830s][info][gc             ] GC(2416) Pause Young (Allocation Failure) 499M->223M(523M) 1.210ms
[874.830s][info][gc,cpu         ] GC(2416) User=0.00s Sys=0.00s Real=0.00s
[875.048s][info][gc,start       ] GC(2417) Pause Young (Allocation Failure)
[875.049s][info][gc,heap        ] GC(2417) PSYoungGen: 285760K(306688K)->64K(308224K) Eden: 285696K(285696K)->0K(285696K) From: 64K(20992K)->64K(22528K)
[875.049s][info][gc,heap        ] GC(2417) ParOldGen: 228364K(228864K)->228380K(228864K)
[875.049s][info][gc,metaspace   ] GC(2417) Metaspace: 35612K(36352K)->35612K(36352K) NonClass: 29339K(29888K)->29339K(29888K) Class: 6272K(6464K)->6272K(6464K)
[875.049s][info][gc             ] GC(2417) Pause Young (Allocation Failure) 502M->223M(524M) 1.189ms
[875.049s][info][gc,cpu         ] GC(2417) User=0.01s Sys=0.00s Real=0.00s
[875.264s][info][gc,start       ] GC(2418) Pause Young (Allocation Failure)
[875.265s][info][gc,heap        ] GC(2418) PSYoungGen: 285760K(308224K)->64K(308736K) Eden: 285696K(285696K)->0K(289792K) From: 64K(22528K)->64K(18944K)
[875.265s][info][gc,heap        ] GC(2418) ParOldGen: 228380K(228864K)->228380K(228864K)
[875.265s][info][gc,metaspace   ] GC(2418) Metaspace: 35612K(36352K)->35612K(36352K) NonClass: 29339K(29888K)->29339K(29888K) Class: 6272K(6464K)->6272K(6464K)
[875.265s][info][gc             ] GC(2418) Pause Young (Allocation Failure) 502M->223M(525M) 1.149ms
[875.265s][info][gc,cpu         ] GC(2418) User=0.00s Sys=0.00s Real=0.00s
[875.628s][info][gc,start       ] GC(2419) Pause Young (Allocation Failure)
[875.629s][info][gc,heap        ] GC(2419) PSYoungGen: 289856K(308736K)->64K(310272K) Eden: 289792K(289792K)->0K(289792K) From: 64K(18944K)->64K(20480K)
[875.629s][info][gc,heap        ] GC(2419) ParOldGen: 228380K(228864K)->228380K(228864K)
[875.629s][info][gc,metaspace   ] GC(2419) Metaspace: 35612K(36352K)->35612K(36352K) NonClass: 29339K(29888K)->29339K(29888K) Class: 6272K(6464K)->6272K(6464K)
[875.629s][info][gc             ] GC(2419) Pause Young (Allocation Failure) 506M->223M(526M) 1.125ms
[875.629s][info][gc,cpu         ] GC(2419) User=0.00s Sys=0.00s Real=0.00s
[875.687s][info][gc,start       ] GC(2420) Pause Young (Allocation Failure)
[875.688s][info][gc,heap        ] GC(2420) PSYoungGen: 289856K(310272K)->64K(310784K) Eden: 289792K(289792K)->0K(293888K) From: 64K(20480K)->64K(16896K)
[875.689s][info][gc,heap        ] GC(2420) ParOldGen: 228380K(228864K)->228388K(228864K)
[875.689s][info][gc,metaspace   ] GC(2420) Metaspace: 35612K(36352K)->35612K(36352K) NonClass: 29339K(29888K)->29339K(29888K) Class: 6272K(6464K)->6272K(6464K)
[875.689s][info][gc             ] GC(2420) Pause Young (Allocation Failure) 506M->223M(527M) 1.089ms
[875.689s][info][gc,cpu         ] GC(2420) User=0.00s Sys=0.00s Real=0.00s
[875.747s][info][gc,start       ] GC(2421) Pause Young (Allocation Failure)
[875.748s][info][gc,heap        ] GC(2421) PSYoungGen: 293952K(310784K)->32K(312320K) Eden: 293888K(293888K)->0K(293888K) From: 64K(16896K)->32K(18432K)
[875.748s][info][gc,heap        ] GC(2421) ParOldGen: 228388K(228864K)->228404K(228864K)
[875.748s][info][gc,metaspace   ] GC(2421) Metaspace: 35612K(36352K)->35612K(36352K) NonClass: 29339K(29888K)->29339K(29888K) Class: 6272K(6464K)->6272K(6464K)
[875.748s][info][gc             ] GC(2421) Pause Young (Allocation Failure) 510M->223M(528M) 1.135ms
[875.748s][info][gc,cpu         ] GC(2421) User=0.00s Sys=0.00s Real=0.00s
[876.008s][info][gc,start       ] GC(2422) Pause Young (Allocation Failure)
[876.009s][info][gc,heap        ] GC(2422) PSYoungGen: 293920K(312320K)->64K(312832K) Eden: 293888K(293888K)->0K(297984K) From: 32K(18432K)->64K(14848K)
[876.009s][info][gc,heap        ] GC(2422) ParOldGen: 228404K(228864K)->228404K(228864K)
[876.009s][info][gc,metaspace   ] GC(2422) Metaspace: 35612K(36352K)->35612K(36352K) NonClass: 29339K(29888K)->29339K(29888K) Class: 6272K(6464K)->6272K(6464K)
[876.009s][info][gc             ] GC(2422) Pause Young (Allocation Failure) 510M->223M(529M) 1.202ms
[876.009s][info][gc,cpu         ] GC(2422) User=0.00s Sys=0.00s Real=0.00s
[876.309s][info][gc,start       ] GC(2423) Pause Young (Allocation Failure)
[876.310s][info][gc,heap        ] GC(2423) PSYoungGen: 298048K(312832K)->64K(314368K) Eden: 297984K(297984K)->0K(297984K) From: 64K(14848K)->64K(16384K)
[876.310s][info][gc,heap        ] GC(2423) ParOldGen: 228404K(228864K)->228412K(228864K)
[876.310s][info][gc,metaspace   ] GC(2423) Metaspace: 35612K(36352K)->35612K(36352K) NonClass: 29339K(29888K)->29339K(29888K) Class: 6272K(6464K)->6272K(6464K)
[876.310s][info][gc             ] GC(2423) Pause Young (Allocation Failure) 514M->223M(530M) 1.165ms
[876.310s][info][gc,cpu         ] GC(2423) User=0.00s Sys=0.00s Real=0.00s
[876.437s][info][gc,start       ] GC(2424) Pause Young (Allocation Failure)
[876.438s][info][gc,heap        ] GC(2424) PSYoungGen: 298048K(314368K)->64K(314880K) Eden: 297984K(297984K)->0K(302080K) From: 64K(16384K)->64K(12800K)
[876.438s][info][gc,heap        ] GC(2424) ParOldGen: 228412K(228864K)->228420K(228864K)
[876.438s][info][gc,metaspace   ] GC(2424) Metaspace: 35612K(36352K)->35612K(36352K) NonClass: 29339K(29888K)->29339K(29888K) Class: 6272K(6464K)->6272K(6464K)
[876.438s][info][gc             ] GC(2424) Pause Young (Allocation Failure) 514M->223M(531M) 1.069ms
[876.438s][info][gc,cpu         ] GC(2424) User=0.00s Sys=0.00s Real=0.00s
[876.532s][info][gc,start       ] GC(2425) Pause Young (Allocation Failure)
[876.533s][info][gc,heap        ] GC(2425) PSYoungGen: 302144K(314880K)->64K(316416K) Eden: 302080K(302080K)->0K(302080K) From: 64K(12800K)->64K(14336K)
[876.533s][info][gc,heap        ] GC(2425) ParOldGen: 228420K(228864K)->228428K(228864K)
[876.533s][info][gc,metaspace   ] GC(2425) Metaspace: 35612K(36352K)->35612K(36352K) NonClass: 29339K(29888K)->29339K(29888K) Class: 6272K(6464K)->6272K(6464K)
[876.533s][info][gc             ] GC(2425) Pause Young (Allocation Failure) 518M->223M(532M) 0.865ms
[876.533s][info][gc,cpu         ] GC(2425) User=0.00s Sys=0.00s Real=0.00s
[876.725s][info][gc,start       ] GC(2426) Pause Young (Allocation Failure)
[876.726s][info][gc,heap        ] GC(2426) PSYoungGen: 302144K(316416K)->64K(290816K) Eden: 302080K(302080K)->0K(290304K) From: 64K(14336K)->64K(512K)
[876.726s][info][gc,heap        ] GC(2426) ParOldGen: 228428K(228864K)->228436K(228864K)
[876.726s][info][gc,metaspace   ] GC(2426) Metaspace: 35612K(36352K)->35612K(36352K) NonClass: 29339K(29888K)->29339K(29888K) Class: 6272K(6464K)->6272K(6464K)
[876.726s][info][gc             ] GC(2426) Pause Young (Allocation Failure) 518M->223M(507M) 0.945ms
[876.726s][info][gc,cpu         ] GC(2426) User=0.00s Sys=0.00s Real=0.01s
[877.670s][info][gc,start       ] GC(2427) Pause Young (Allocation Failure)
[877.672s][info][gc,heap        ] GC(2427) PSYoungGen: 290368K(290816K)->64K(291840K) Eden: 290304K(290304K)->0K(279040K) From: 64K(512K)->64K(12800K)
[877.672s][info][gc,heap        ] GC(2427) ParOldGen: 228436K(228864K)->228444K(228864K)
[877.672s][info][gc,metaspace   ] GC(2427) Metaspace: 35612K(36352K)->35612K(36352K) NonClass: 29339K(29888K)->29339K(29888K) Class: 6272K(6464K)->6272K(6464K)
[877.672s][info][gc             ] GC(2427) Pause Young (Allocation Failure) 506M->223M(508M) 1.103ms
[877.672s][info][gc,cpu         ] GC(2427) User=0.01s Sys=0.00s Real=0.00s
[878.559s][info][gc,start       ] GC(2428) Pause Young (Allocation Failure)
[878.561s][info][gc,heap        ] GC(2428) PSYoungGen: 279104K(291840K)->64K(268800K) Eden: 279040K(279040K)->0K(268288K) From: 64K(12800K)->64K(512K)
[878.561s][info][gc,heap        ] GC(2428) ParOldGen: 228444K(228864K)->228452K(228864K)
[878.561s][info][gc,metaspace   ] GC(2428) Metaspace: 35612K(36352K)->35612K(36352K) NonClass: 29339K(29888K)->29339K(29888K) Class: 6272K(6464K)->6272K(6464K)
[878.561s][info][gc             ] GC(2428) Pause Young (Allocation Failure) 495M->223M(486M) 1.567ms
[878.561s][info][gc,cpu         ] GC(2428) User=0.01s Sys=0.00s Real=0.00s
[878.810s][info][gc,start       ] GC(2429) Pause Young (Allocation Failure)
[878.811s][info][gc,heap        ] GC(2429) PSYoungGen: 268352K(268800K)->64K(269312K) Eden: 268288K(268288K)->0K(258048K) From: 64K(512K)->64K(11264K)
[878.811s][info][gc,heap        ] GC(2429) ParOldGen: 228452K(228864K)->228460K(228864K)
[878.811s][info][gc,metaspace   ] GC(2429) Metaspace: 35612K(36352K)->35612K(36352K) NonClass: 29339K(29888K)->29339K(29888K) Class: 6272K(6464K)->6272K(6464K)
[878.811s][info][gc             ] GC(2429) Pause Young (Allocation Failure) 485M->223M(486M) 1.065ms
[878.811s][info][gc,cpu         ] GC(2429) User=0.00s Sys=0.00s Real=0.00s
[879.189s][info][gc,start       ] GC(2430) Pause Young (Allocation Failure)
[879.191s][info][gc,heap        ] GC(2430) PSYoungGen: 258112K(269312K)->64K(248832K) Eden: 258048K(258048K)->0K(248320K) From: 64K(11264K)->64K(512K)
[879.191s][info][gc,heap        ] GC(2430) ParOldGen: 228460K(228864K)->228468K(228864K)
[879.191s][info][gc,metaspace   ] GC(2430) Metaspace: 35612K(36352K)->35612K(36352K) NonClass: 29339K(29888K)->29339K(29888K) Class: 6272K(6464K)->6272K(6464K)
[879.191s][info][gc             ] GC(2430) Pause Young (Allocation Failure) 475M->223M(466M) 1.859ms
[879.191s][info][gc,cpu         ] GC(2430) User=0.00s Sys=0.00s Real=0.00s
[880.143s][info][gc,start       ] GC(2431) Pause Young (Allocation Failure)
[880.145s][info][gc,heap        ] GC(2431) PSYoungGen: 248384K(248832K)->64K(248832K) Eden: 248320K(248320K)->0K(239104K) From: 64K(512K)->64K(9728K)
[880.145s][info][gc,heap        ] GC(2431) ParOldGen: 228468K(228864K)->228476K(228864K)
[880.145s][info][gc,metaspace   ] GC(2431) Metaspace: 35612K(36352K)->35612K(36352K) NonClass: 29339K(29888K)->29339K(29888K) Class: 6272K(6464K)->6272K(6464K)
[880.145s][info][gc             ] GC(2431) Pause Young (Allocation Failure) 465M->223M(466M) 1.215ms
[880.145s][info][gc,cpu         ] GC(2431) User=0.00s Sys=0.00s Real=0.00s
[880.526s][info][gc,start       ] GC(2432) Pause Young (Allocation Failure)
[880.529s][info][gc,heap        ] GC(2432) PSYoungGen: 239168K(248832K)->64K(230400K) Eden: 239104K(239104K)->0K(229888K) From: 64K(9728K)->64K(512K)
[880.529s][info][gc,heap        ] GC(2432) ParOldGen: 228476K(228864K)->228492K(228864K)
[880.529s][info][gc,metaspace   ] GC(2432) Metaspace: 35612K(36352K)->35612K(36352K) NonClass: 29339K(29888K)->29339K(29888K) Class: 6272K(6464K)->6272K(6464K)
[880.529s][info][gc             ] GC(2432) Pause Young (Allocation Failure) 456M->223M(448M) 2.587ms
[880.529s][info][gc,cpu         ] GC(2432) User=0.00s Sys=0.00s Real=0.00s
[880.716s][info][gc,start       ] GC(2433) Pause Young (Allocation Failure)
[880.717s][info][gc,heap        ] GC(2433) PSYoungGen: 229952K(230400K)->64K(229376K) Eden: 229888K(229888K)->0K(221184K) From: 64K(512K)->64K(8192K)
[880.717s][info][gc,heap        ] GC(2433) ParOldGen: 228492K(228864K)->228508K(228864K)
[880.717s][info][gc,metaspace   ] GC(2433) Metaspace: 35612K(36352K)->35612K(36352K) NonClass: 29339K(29888K)->29339K(29888K) Class: 6272K(6464K)->6272K(6464K)
[880.718s][info][gc             ] GC(2433) Pause Young (Allocation Failure) 447M->223M(447M) 1.858ms
[880.718s][info][gc,cpu         ] GC(2433) User=0.00s Sys=0.00s Real=0.00s
[880.782s][info][gc,start       ] GC(2434) Pause Young (Allocation Failure)
[880.784s][info][gc,heap        ] GC(2434) PSYoungGen: 221248K(229376K)->32K(262144K) Eden: 221184K(221184K)->0K(261632K) From: 64K(8192K)->32K(512K)
[880.784s][info][gc,heap        ] GC(2434) ParOldGen: 228508K(228864K)->228516K(228864K)
[880.784s][info][gc,metaspace   ] GC(2434) Metaspace: 35612K(36352K)->35612K(36352K) NonClass: 29339K(29888K)->29339K(29888K) Class: 6272K(6464K)->6272K(6464K)
[880.784s][info][gc             ] GC(2434) Pause Young (Allocation Failure) 439M->223M(479M) 2.064ms
[880.784s][info][gc,cpu         ] GC(2434) User=0.00s Sys=0.00s Real=0.00s
[881.326s][info][gc,start       ] GC(2435) Pause Young (Allocation Failure)
[881.327s][info][gc,heap        ] GC(2435) PSYoungGen: 261664K(262144K)->64K(258560K) Eden: 261632K(261632K)->0K(251392K) From: 32K(512K)->64K(7168K)
[881.327s][info][gc,heap        ] GC(2435) ParOldGen: 228516K(228864K)->228524K(228864K)
[881.327s][info][gc,metaspace   ] GC(2435) Metaspace: 35612K(36352K)->35612K(36352K) NonClass: 29339K(29888K)->29339K(29888K) Class: 6272K(6464K)->6272K(6464K)
[881.327s][info][gc             ] GC(2435) Pause Young (Allocation Failure) 478M->223M(476M) 1.486ms
[881.327s][info][gc,cpu         ] GC(2435) User=0.00s Sys=0.00s Real=0.00s
[881.607s][info][gc,start       ] GC(2436) Pause Young (Allocation Failure)
[881.609s][info][gc,heap        ] GC(2436) PSYoungGen: 251456K(258560K)->64K(242176K) Eden: 251392K(251392K)->0K(241664K) From: 64K(7168K)->64K(512K)
[881.609s][info][gc,heap        ] GC(2436) ParOldGen: 228524K(228864K)->228540K(228864K)
[881.609s][info][gc,metaspace   ] GC(2436) Metaspace: 35612K(36352K)->35612K(36352K) NonClass: 29339K(29888K)->29339K(29888K) Class: 6272K(6464K)->6272K(6464K)
[881.609s][info][gc             ] GC(2436) Pause Young (Allocation Failure) 468M->223M(460M) 2.578ms
[881.609s][info][gc,cpu         ] GC(2436) User=0.00s Sys=0.00s Real=0.00s
[881.967s][info][gc,start       ] GC(2437) Pause Young (Allocation Failure)
[881.996s][info][gc,heap        ] GC(2437) PSYoungGen: 241728K(242176K)->6144K(271360K) Eden: 241664K(241664K)->0K(265216K) From: 64K(512K)->6144K(6144K)
[881.996s][info][gc,heap        ] GC(2437) ParOldGen: 228540K(228864K)->236300K(236544K)
[881.996s][info][gc,metaspace   ] GC(2437) Metaspace: 35612K(36352K)->35612K(36352K) NonClass: 29339K(29888K)->29339K(29888K) Class: 6272K(6464K)->6272K(6464K)
[881.996s][info][gc             ] GC(2437) Pause Young (Allocation Failure) 459M->236M(496M) 29.358ms
[881.996s][info][gc,cpu         ] GC(2437) User=0.05s Sys=0.01s Real=0.03s
[882.286s][info][gc,start       ] GC(2438) Pause Young (Allocation Failure)
[882.347s][info][gc,heap        ] GC(2438) PSYoungGen: 271360K(271360K)->10752K(290816K) Eden: 265216K(265216K)->0K(280064K) From: 6144K(6144K)->10752K(10752K)
[882.347s][info][gc,heap        ] GC(2438) ParOldGen: 236300K(236544K)->253812K(253952K)
[882.347s][info][gc,metaspace   ] GC(2438) Metaspace: 35612K(36352K)->35612K(36352K) NonClass: 29339K(29888K)->29339K(29888K) Class: 6272K(6464K)->6272K(6464K)
[882.347s][info][gc             ] GC(2438) Pause Young (Allocation Failure) 495M->258M(532M) 61.774ms
[882.347s][info][gc,cpu         ] GC(2438) User=0.10s Sys=0.02s Real=0.06s
[882.621s][info][gc,start       ] GC(2439) Pause Young (Allocation Failure)
[882.681s][info][gc,heap        ] GC(2439) PSYoungGen: 290816K(290816K)->19456K(299520K) Eden: 280064K(280064K)->0K(280064K) From: 10752K(10752K)->19456K(19456K)
[882.681s][info][gc,heap        ] GC(2439) ParOldGen: 253812K(253952K)->262068K(262144K)
[882.681s][info][gc,metaspace   ] GC(2439) Metaspace: 35612K(36352K)->35612K(36352K) NonClass: 29339K(29888K)->29339K(29888K) Class: 6272K(6464K)->6272K(6464K)
[882.681s][info][gc             ] GC(2439) Pause Young (Allocation Failure) 531M->274M(548M) 59.953ms
[882.681s][info][gc,cpu         ] GC(2439) User=0.10s Sys=0.02s Real=0.06s
[882.775s][info][gc,start       ] GC(2440) Pause Young (Allocation Failure)
[882.778s][info][gc,heap        ] GC(2440) PSYoungGen: 299520K(299520K)->64K(308224K) Eden: 280064K(280064K)->0K(281600K) From: 19456K(19456K)->64K(26624K)
[882.778s][info][gc,heap        ] GC(2440) ParOldGen: 262068K(262144K)->262364K(262656K)
[882.778s][info][gc,metaspace   ] GC(2440) Metaspace: 35612K(36352K)->35612K(36352K) NonClass: 29339K(29888K)->29339K(29888K) Class: 6272K(6464K)->6272K(6464K)
[882.778s][info][gc             ] GC(2440) Pause Young (Allocation Failure) 548M->256M(557M) 3.394ms
[882.778s][info][gc,cpu         ] GC(2440) User=0.01s Sys=0.00s Real=0.01s
[883.421s][info][gc,start       ] GC(2441) Pause Young (Allocation Failure)
[883.423s][info][gc,heap        ] GC(2441) PSYoungGen: 281664K(308224K)->64K(282112K) Eden: 281600K(281600K)->0K(281600K) From: 64K(26624K)->64K(512K)
[883.423s][info][gc,heap        ] GC(2441) ParOldGen: 262364K(262656K)->262372K(262656K)
[883.423s][info][gc,metaspace   ] GC(2441) Metaspace: 35612K(36352K)->35612K(36352K) NonClass: 29339K(29888K)->29339K(29888K) Class: 6272K(6464K)->6272K(6464K)
[883.423s][info][gc             ] GC(2441) Pause Young (Allocation Failure) 531M->256M(532M) 1.191ms
[883.423s][info][gc,cpu         ] GC(2441) User=0.00s Sys=0.00s Real=0.00s
[883.812s][info][gc,start       ] GC(2442) Pause Young (Allocation Failure)
[883.813s][info][gc,heap        ] GC(2442) PSYoungGen: 281664K(282112K)->64K(307712K) Eden: 281600K(281600K)->0K(282624K) From: 64K(512K)->64K(25088K)
[883.813s][info][gc,heap        ] GC(2442) ParOldGen: 262372K(262656K)->262380K(262656K)
[883.813s][info][gc,metaspace   ] GC(2442) Metaspace: 35612K(36352K)->35612K(36352K) NonClass: 29339K(29888K)->29339K(29888K) Class: 6272K(6464K)->6272K(6464K)
[883.813s][info][gc             ] GC(2442) Pause Young (Allocation Failure) 531M->256M(557M) 1.216ms
[883.813s][info][gc,cpu         ] GC(2442) User=0.00s Sys=0.00s Real=0.00s
[884.252s][info][gc,start       ] GC(2443) Pause Young (Allocation Failure)
[884.253s][info][gc,heap        ] GC(2443) PSYoungGen: 282688K(307712K)->64K(306688K) Eden: 282624K(282624K)->0K(282624K) From: 64K(25088K)->64K(24064K)
[884.253s][info][gc,heap        ] GC(2443) ParOldGen: 262380K(262656K)->262396K(262656K)
[884.253s][info][gc,metaspace   ] GC(2443) Metaspace: 35612K(36352K)->35612K(36352K) NonClass: 29339K(29888K)->29339K(29888K) Class: 6272K(6464K)->6272K(6464K)
[884.253s][info][gc             ] GC(2443) Pause Young (Allocation Failure) 532M->256M(556M) 1.217ms
[884.253s][info][gc,cpu         ] GC(2443) User=0.00s Sys=0.00s Real=0.00s
[884.466s][info][gc,start       ] GC(2444) Pause Young (Allocation Failure)
[884.468s][info][gc,heap        ] GC(2444) PSYoungGen: 282688K(306688K)->64K(308736K) Eden: 282624K(282624K)->0K(285696K) From: 64K(24064K)->64K(23040K)
[884.468s][info][gc,heap        ] GC(2444) ParOldGen: 262396K(262656K)->262412K(262656K)
[884.468s][info][gc,metaspace   ] GC(2444) Metaspace: 35612K(36352K)->35612K(36352K) NonClass: 29339K(29888K)->29339K(29888K) Class: 6272K(6464K)->6272K(6464K)
[884.468s][info][gc             ] GC(2444) Pause Young (Allocation Failure) 532M->256M(558M) 1.226ms
[884.468s][info][gc,cpu         ] GC(2444) User=0.00s Sys=0.00s Real=0.00s
[884.684s][info][gc,start       ] GC(2445) Pause Young (Allocation Failure)
[884.685s][info][gc,heap        ] GC(2445) PSYoungGen: 285760K(308736K)->64K(307712K) Eden: 285696K(285696K)->0K(285696K) From: 64K(23040K)->64K(22016K)
[884.685s][info][gc,heap        ] GC(2445) ParOldGen: 262412K(262656K)->262412K(262656K)
[884.685s][info][gc,metaspace   ] GC(2445) Metaspace: 35612K(36352K)->35612K(36352K) NonClass: 29339K(29888K)->29339K(29888K) Class: 6272K(6464K)->6272K(6464K)
[884.685s][info][gc             ] GC(2445) Pause Young (Allocation Failure) 535M->256M(557M) 1.162ms
[884.685s][info][gc,cpu         ] GC(2445) User=0.00s Sys=0.00s Real=0.01s
[885.030s][info][gc,start       ] GC(2446) Pause Young (Allocation Failure)
[885.031s][info][gc,heap        ] GC(2446) PSYoungGen: 285760K(307712K)->64K(310784K) Eden: 285696K(285696K)->0K(289792K) From: 64K(22016K)->64K(20992K)
[885.031s][info][gc,heap        ] GC(2446) ParOldGen: 262412K(262656K)->262412K(262656K)
[885.031s][info][gc,metaspace   ] GC(2446) Metaspace: 35612K(36352K)->35612K(36352K) NonClass: 29339K(29888K)->29339K(29888K) Class: 6272K(6464K)->6272K(6464K)
[885.031s][info][gc             ] GC(2446) Pause Young (Allocation Failure) 535M->256M(560M) 1.197ms
[885.031s][info][gc,cpu         ] GC(2446) User=0.00s Sys=0.00s Real=0.00s
[885.085s][info][gc,start       ] GC(2447) Pause Young (Allocation Failure)
[885.086s][info][gc,heap        ] GC(2447) PSYoungGen: 289856K(310784K)->64K(309760K) Eden: 289792K(289792K)->0K(289792K) From: 64K(20992K)->64K(19968K)
[885.086s][info][gc,heap        ] GC(2447) ParOldGen: 262412K(262656K)->262428K(262656K)
[885.086s][info][gc,metaspace   ] GC(2447) Metaspace: 35612K(36352K)->35612K(36352K) NonClass: 29339K(29888K)->29339K(29888K) Class: 6272K(6464K)->6272K(6464K)
[885.086s][info][gc             ] GC(2447) Pause Young (Allocation Failure) 539M->256M(559M) 1.252ms
[885.086s][info][gc,cpu         ] GC(2447) User=0.00s Sys=0.00s Real=0.01s
[885.139s][info][gc,start       ] GC(2448) Pause Young (Allocation Failure)
[885.140s][info][gc,heap        ] GC(2448) PSYoungGen: 289856K(309760K)->64K(312320K) Eden: 289792K(289792K)->0K(293888K) From: 64K(19968K)->64K(18432K)
[885.140s][info][gc,heap        ] GC(2448) ParOldGen: 262428K(262656K)->262428K(262656K)
[885.140s][info][gc,metaspace   ] GC(2448) Metaspace: 35612K(36352K)->35612K(36352K) NonClass: 29339K(29888K)->29339K(29888K) Class: 6272K(6464K)->6272K(6464K)
[885.140s][info][gc             ] GC(2448) Pause Young (Allocation Failure) 539M->256M(561M) 1.223ms
[885.140s][info][gc,cpu         ] GC(2448) User=0.00s Sys=0.00s Real=0.00s
[885.429s][info][gc,start       ] GC(2449) Pause Young (Allocation Failure)
[885.430s][info][gc,heap        ] GC(2449) PSYoungGen: 293952K(312320K)->64K(311296K) Eden: 293888K(293888K)->0K(293888K) From: 64K(18432K)->64K(17408K)
[885.430s][info][gc,heap        ] GC(2449) ParOldGen: 262428K(262656K)->262428K(262656K)
[885.430s][info][gc,metaspace   ] GC(2449) Metaspace: 35612K(36352K)->35612K(36352K) NonClass: 29339K(29888K)->29339K(29888K) Class: 6272K(6464K)->6272K(6464K)
[885.430s][info][gc             ] GC(2449) Pause Young (Allocation Failure) 543M->256M(560M) 1.263ms
[885.430s][info][gc,cpu         ] GC(2449) User=0.00s Sys=0.00s Real=0.00s
[885.713s][info][gc,start       ] GC(2450) Pause Young (Allocation Failure)
[885.714s][info][gc,heap        ] GC(2450) PSYoungGen: 293952K(311296K)->64K(314880K) Eden: 293888K(293888K)->0K(298496K) From: 64K(17408K)->64K(16384K)
[885.714s][info][gc,heap        ] GC(2450) ParOldGen: 262428K(262656K)->262436K(262656K)
[885.714s][info][gc,metaspace   ] GC(2450) Metaspace: 35612K(36352K)->35612K(36352K) NonClass: 29339K(29888K)->29339K(29888K) Class: 6272K(6464K)->6272K(6464K)
[885.714s][info][gc             ] GC(2450) Pause Young (Allocation Failure) 543M->256M(564M) 1.258ms
[885.714s][info][gc,cpu         ] GC(2450) User=0.00s Sys=0.00s Real=0.00s
[885.834s][info][gc,start       ] GC(2451) Pause Young (Allocation Failure)
[885.835s][info][gc,heap        ] GC(2451) PSYoungGen: 298560K(314880K)->64K(314368K) Eden: 298496K(298496K)->0K(298496K) From: 64K(16384K)->64K(15872K)
[885.835s][info][gc,heap        ] GC(2451) ParOldGen: 262436K(262656K)->262452K(262656K)
[885.835s][info][gc,metaspace   ] GC(2451) Metaspace: 35612K(36352K)->35612K(36352K) NonClass: 29339K(29888K)->29339K(29888K) Class: 6272K(6464K)->6272K(6464K)
[885.835s][info][gc             ] GC(2451) Pause Young (Allocation Failure) 547M->256M(563M) 1.640ms
[885.835s][info][gc,cpu         ] GC(2451) User=0.00s Sys=0.00s Real=0.01s
[885.938s][info][gc,start       ] GC(2452) Pause Young (Allocation Failure)
[885.939s][info][gc,heap        ] GC(2452) PSYoungGen: 298560K(314368K)->64K(316928K) Eden: 298496K(298496K)->0K(302592K) From: 64K(15872K)->64K(14336K)
[885.939s][info][gc,heap        ] GC(2452) ParOldGen: 262452K(262656K)->262460K(262656K)
[885.939s][info][gc,metaspace   ] GC(2452) Metaspace: 35612K(36352K)->35612K(36352K) NonClass: 29339K(29888K)->29339K(29888K) Class: 6272K(6464K)->6272K(6464K)
[885.939s][info][gc             ] GC(2452) Pause Young (Allocation Failure) 547M->256M(566M) 1.234ms
[885.939s][info][gc,cpu         ] GC(2452) User=0.01s Sys=0.00s Real=0.00s
[886.133s][info][gc,start       ] GC(2453) Pause Young (Allocation Failure)
[886.134s][info][gc,heap        ] GC(2453) PSYoungGen: 302656K(316928K)->64K(316416K) Eden: 302592K(302592K)->0K(302592K) From: 64K(14336K)->64K(13824K)
[886.134s][info][gc,heap        ] GC(2453) ParOldGen: 262460K(262656K)->262468K(262656K)
[886.134s][info][gc,metaspace   ] GC(2453) Metaspace: 35612K(36352K)->35612K(36352K) NonClass: 29339K(29888K)->29339K(29888K) Class: 6272K(6464K)->6272K(6464K)
[886.134s][info][gc             ] GC(2453) Pause Young (Allocation Failure) 551M->256M(565M) 1.243ms
[886.134s][info][gc,cpu         ] GC(2453) User=0.00s Sys=0.00s Real=0.00s
[887.109s][info][gc,start       ] GC(2454) Pause Young (Allocation Failure)
[887.111s][info][gc,heap        ] GC(2454) PSYoungGen: 302656K(316416K)->32K(291328K) Eden: 302592K(302592K)->0K(290816K) From: 64K(13824K)->32K(512K)
[887.111s][info][gc,heap        ] GC(2454) ParOldGen: 262468K(262656K)->262476K(262656K)
[887.111s][info][gc,metaspace   ] GC(2454) Metaspace: 35612K(36352K)->35612K(36352K) NonClass: 29339K(29888K)->29339K(29888K) Class: 6272K(6464K)->6272K(6464K)
[887.111s][info][gc             ] GC(2454) Pause Young (Allocation Failure) 551M->256M(541M) 1.721ms
[887.111s][info][gc,cpu         ] GC(2454) User=0.00s Sys=0.00s Real=0.00s
[888.070s][info][gc,start       ] GC(2455) Pause Young (Allocation Failure)
[888.071s][info][gc,heap        ] GC(2455) PSYoungGen: 290848K(291328K)->64K(291840K) Eden: 290816K(290816K)->0K(279552K) From: 32K(512K)->64K(12288K)
[888.071s][info][gc,heap        ] GC(2455) ParOldGen: 262476K(262656K)->262484K(262656K)
[888.071s][info][gc,metaspace   ] GC(2455) Metaspace: 35612K(36352K)->35612K(36352K) NonClass: 29339K(29888K)->29339K(29888K) Class: 6272K(6464K)->6272K(6464K)
[888.071s][info][gc             ] GC(2455) Pause Young (Allocation Failure) 540M->256M(541M) 1.264ms
[888.071s][info][gc,cpu         ] GC(2455) User=0.00s Sys=0.00s Real=0.00s
[888.425s][info][gc,start       ] GC(2456) Pause Young (Allocation Failure)
[888.426s][info][gc,heap        ] GC(2456) PSYoungGen: 279616K(291840K)->64K(269312K) Eden: 279552K(279552K)->0K(268800K) From: 64K(12288K)->64K(512K)
[888.426s][info][gc,heap        ] GC(2456) ParOldGen: 262484K(262656K)->262492K(262656K)
[888.426s][info][gc,metaspace   ] GC(2456) Metaspace: 35612K(36352K)->35612K(36352K) NonClass: 29339K(29888K)->29339K(29888K) Class: 6272K(6464K)->6272K(6464K)
[888.426s][info][gc             ] GC(2456) Pause Young (Allocation Failure) 529M->256M(519M) 1.463ms
[888.426s][info][gc,cpu         ] GC(2456) User=0.00s Sys=0.00s Real=0.01s
[888.808s][info][gc,start       ] GC(2457) Pause Young (Allocation Failure)
[888.809s][info][gc,heap        ] GC(2457) PSYoungGen: 268864K(269312K)->64K(269312K) Eden: 268800K(268800K)->0K(258560K) From: 64K(512K)->64K(10752K)
[888.809s][info][gc,heap        ] GC(2457) ParOldGen: 262492K(262656K)->262500K(262656K)
[888.809s][info][gc,metaspace   ] GC(2457) Metaspace: 35612K(36352K)->35612K(36352K) NonClass: 29339K(29888K)->29339K(29888K) Class: 6272K(6464K)->6272K(6464K)
[888.809s][info][gc             ] GC(2457) Pause Young (Allocation Failure) 518M->256M(519M) 1.532ms
[888.809s][info][gc,cpu         ] GC(2457) User=0.01s Sys=0.00s Real=0.00s
[889.768s][info][gc,start       ] GC(2458) Pause Young (Allocation Failure)
[889.770s][info][gc,heap        ] GC(2458) PSYoungGen: 258624K(269312K)->64K(249344K) Eden: 258560K(258560K)->0K(248832K) From: 64K(10752K)->64K(512K)
[889.770s][info][gc,heap        ] GC(2458) ParOldGen: 262500K(262656K)->262508K(262656K)
[889.770s][info][gc,metaspace   ] GC(2458) Metaspace: 35612K(36352K)->35612K(36352K) NonClass: 29339K(29888K)->29339K(29888K) Class: 6272K(6464K)->6272K(6464K)
[889.770s][info][gc             ] GC(2458) Pause Young (Allocation Failure) 508M->256M(500M) 2.127ms
[889.770s][info][gc,cpu         ] GC(2458) User=0.00s Sys=0.00s Real=0.00s
[890.119s][info][gc,start       ] GC(2459) Pause Young (Allocation Failure)
[890.120s][info][gc,heap        ] GC(2459) PSYoungGen: 248896K(249344K)->64K(248832K) Eden: 248832K(248832K)->0K(239616K) From: 64K(512K)->64K(9216K)
[890.120s][info][gc,heap        ] GC(2459) ParOldGen: 262508K(262656K)->262516K(262656K)
[890.120s][info][gc,metaspace   ] GC(2459) Metaspace: 35612K(36352K)->35612K(36352K) NonClass: 29339K(29888K)->29339K(29888K) Class: 6272K(6464K)->6272K(6464K)
[890.120s][info][gc             ] GC(2459) Pause Young (Allocation Failure) 499M->256M(499M) 1.497ms
[890.120s][info][gc,cpu         ] GC(2459) User=0.00s Sys=0.00s Real=0.00s
[890.276s][info][gc,start       ] GC(2460) Pause Young (Allocation Failure)
[890.278s][info][gc,heap        ] GC(2460) PSYoungGen: 239680K(248832K)->64K(230912K) Eden: 239616K(239616K)->0K(230400K) From: 64K(9216K)->64K(512K)
[890.278s][info][gc,heap        ] GC(2460) ParOldGen: 262516K(262656K)->262524K(262656K)
[890.278s][info][gc,metaspace   ] GC(2460) Metaspace: 35612K(36352K)->35612K(36352K) NonClass: 29339K(29888K)->29339K(29888K) Class: 6272K(6464K)->6272K(6464K)
[890.278s][info][gc             ] GC(2460) Pause Young (Allocation Failure) 490M->256M(482M) 2.760ms
[890.278s][info][gc,cpu         ] GC(2460) User=0.00s Sys=0.00s Real=0.00s
[890.452s][info][gc,start       ] GC(2461) Pause Young (Allocation Failure)
[890.455s][info][gc,heap        ] GC(2461) PSYoungGen: 230464K(230912K)->64K(229376K) Eden: 230400K(230400K)->0K(221696K) From: 64K(512K)->64K(7680K)
[890.455s][info][gc,heap        ] GC(2461) ParOldGen: 262524K(262656K)->262540K(262656K)
[890.455s][info][gc,metaspace   ] GC(2461) Metaspace: 35612K(36352K)->35612K(36352K) NonClass: 29339K(29888K)->29339K(29888K) Class: 6272K(6464K)->6272K(6464K)
[890.455s][info][gc             ] GC(2461) Pause Young (Allocation Failure) 481M->256M(480M) 2.443ms
[890.455s][info][gc,cpu         ] GC(2461) User=0.00s Sys=0.00s Real=0.00s
[891.000s][info][gc,start       ] GC(2462) Pause Young (Allocation Failure)
[891.004s][info][gc,heap        ] GC(2462) PSYoungGen: 221760K(229376K)->64K(214016K) Eden: 221696K(221696K)->0K(213504K) From: 64K(7680K)->64K(512K)
[891.004s][info][gc,heap        ] GC(2462) ParOldGen: 262540K(262656K)->262548K(262656K)
[891.004s][info][gc,metaspace   ] GC(2462) Metaspace: 35612K(36352K)->35612K(36352K) NonClass: 29339K(29888K)->29339K(29888K) Class: 6272K(6464K)->6272K(6464K)
[891.004s][info][gc             ] GC(2462) Pause Young (Allocation Failure) 472M->256M(465M) 3.843ms
[891.004s][info][gc,cpu         ] GC(2462) User=0.01s Sys=0.00s Real=0.00s
[891.215s][info][gc,start       ] GC(2463) Pause Young (Allocation Failure)
[891.218s][info][gc,heap        ] GC(2463) PSYoungGen: 213568K(214016K)->32K(212480K) Eden: 213504K(213504K)->0K(205824K) From: 64K(512K)->32K(6656K)
[891.218s][info][gc,heap        ] GC(2463) ParOldGen: 262548K(262656K)->262556K(262656K)
[891.218s][info][gc,metaspace   ] GC(2463) Metaspace: 35612K(36352K)->35612K(36352K) NonClass: 29339K(29888K)->29339K(29888K) Class: 6272K(6464K)->6272K(6464K)
[891.218s][info][gc             ] GC(2463) Pause Young (Allocation Failure) 464M->256M(464M) 2.611ms
[891.218s][info][gc,cpu         ] GC(2463) User=0.00s Sys=0.00s Real=0.01s
[891.527s][info][gc,start       ] GC(2464) Pause Young (Allocation Failure)
[891.557s][info][gc,heap        ] GC(2464) PSYoungGen: 205856K(212480K)->6144K(252416K) Eden: 205824K(205824K)->0K(246272K) From: 32K(6656K)->6144K(6144K)
[891.558s][info][gc,heap        ] GC(2464) ParOldGen: 262556K(262656K)->269580K(269824K)
[891.558s][info][gc,metaspace   ] GC(2464) Metaspace: 35612K(36352K)->35612K(36352K) NonClass: 29339K(29888K)->29339K(29888K) Class: 6272K(6464K)->6272K(6464K)
[891.558s][info][gc             ] GC(2464) Pause Young (Allocation Failure) 457M->269M(510M) 30.271ms
[891.558s][info][gc,cpu         ] GC(2464) User=0.05s Sys=0.00s Real=0.03s
[891.820s][info][gc,start       ] GC(2465) Pause Young (Allocation Failure)
[891.885s][info][gc,heap        ] GC(2465) PSYoungGen: 252416K(252416K)->10240K(273920K) Eden: 246272K(246272K)->0K(263680K) From: 6144K(6144K)->10240K(10240K)
[891.885s][info][gc,heap        ] GC(2465) ParOldGen: 269580K(269824K)->285580K(285696K)
[891.885s][info][gc,metaspace   ] GC(2465) Metaspace: 35612K(36352K)->35612K(36352K) NonClass: 29339K(29888K)->29339K(29888K) Class: 6272K(6464K)->6272K(6464K)
[891.885s][info][gc             ] GC(2465) Pause Young (Allocation Failure) 509M->288M(546M) 65.345ms
[891.885s][info][gc,cpu         ] GC(2465) User=0.11s Sys=0.02s Real=0.07s
[892.170s][info][gc,start       ] GC(2466) Pause Young (Allocation Failure)
[892.247s][info][gc,heap        ] GC(2466) PSYoungGen: 273920K(273920K)->18432K(300032K) Eden: 263680K(263680K)->0K(281600K) From: 10240K(10240K)->18432K(18432K)
[892.247s][info][gc,heap        ] GC(2466) ParOldGen: 285580K(285696K)->295524K(295936K)
[892.247s][info][gc,metaspace   ] GC(2466) Metaspace: 35612K(36352K)->35612K(36352K) NonClass: 29339K(29888K)->29339K(29888K) Class: 6272K(6464K)->6272K(6464K)
[892.247s][info][gc             ] GC(2466) Pause Young (Allocation Failure) 546M->306M(582M) 76.907ms
[892.247s][info][gc,cpu         ] GC(2466) User=0.13s Sys=0.02s Real=0.08s
[892.349s][info][gc,start       ] GC(2467) Pause Young (Allocation Failure)
[892.357s][info][gc,heap        ] GC(2467) PSYoungGen: 300032K(300032K)->2048K(307712K) Eden: 281600K(281600K)->0K(281600K) From: 18432K(18432K)->2048K(26112K)
[892.358s][info][gc,heap        ] GC(2467) ParOldGen: 295524K(295936K)->295884K(295936K)
[892.358s][info][gc,metaspace   ] GC(2467) Metaspace: 35612K(36352K)->35612K(36352K) NonClass: 29339K(29888K)->29339K(29888K) Class: 6272K(6464K)->6272K(6464K)
[892.358s][info][gc             ] GC(2467) Pause Young (Allocation Failure) 581M->290M(589M) 8.426ms
[892.358s][info][gc,cpu         ] GC(2467) User=0.02s Sys=0.00s Real=0.01s
[892.945s][info][gc,start       ] GC(2468) Pause Young (Allocation Failure)
[892.946s][info][gc,heap        ] GC(2468) PSYoungGen: 283648K(307712K)->64K(304640K) Eden: 281600K(281600K)->0K(282624K) From: 2048K(26112K)->64K(22016K)
[892.946s][info][gc,heap        ] GC(2468) ParOldGen: 295884K(295936K)->295892K(295936K)
[892.946s][info][gc,metaspace   ] GC(2468) Metaspace: 35612K(36352K)->35612K(36352K) NonClass: 29339K(29888K)->29339K(29888K) Class: 6272K(6464K)->6272K(6464K)
[892.946s][info][gc             ] GC(2468) Pause Young (Allocation Failure) 565M->289M(586M) 1.816ms
[892.946s][info][gc,cpu         ] GC(2468) User=0.00s Sys=0.01s Real=0.01s
[893.425s][info][gc,start       ] GC(2469) Pause Young (Allocation Failure)
[893.426s][info][gc,heap        ] GC(2469) PSYoungGen: 282688K(304640K)->64K(306688K) Eden: 282624K(282624K)->0K(282624K) From: 64K(22016K)->64K(24064K)
[893.426s][info][gc,heap        ] GC(2469) ParOldGen: 295892K(295936K)->295900K(295936K)
[893.426s][info][gc,metaspace   ] GC(2469) Metaspace: 35612K(36352K)->35612K(36352K) NonClass: 29339K(29888K)->29339K(29888K) Class: 6272K(6464K)->6272K(6464K)
[893.426s][info][gc             ] GC(2469) Pause Young (Allocation Failure) 565M->289M(588M) 1.477ms
[893.426s][info][gc,cpu         ] GC(2469) User=0.00s Sys=0.00s Real=0.01s
[893.873s][info][gc,start       ] GC(2470) Pause Young (Allocation Failure)
[893.875s][info][gc,heap        ] GC(2470) PSYoungGen: 282688K(306688K)->64K(307200K) Eden: 282624K(282624K)->0K(286208K) From: 64K(24064K)->64K(20992K)
[893.875s][info][gc,heap        ] GC(2470) ParOldGen: 295900K(295936K)->295916K(295936K)
[893.875s][info][gc,metaspace   ] GC(2470) Metaspace: 35612K(36352K)->35612K(36352K) NonClass: 29339K(29888K)->29339K(29888K) Class: 6272K(6464K)->6272K(6464K)
[893.875s][info][gc             ] GC(2470) Pause Young (Allocation Failure) 565M->289M(589M) 1.472ms
[893.875s][info][gc,cpu         ] GC(2470) User=0.01s Sys=0.00s Real=0.00s
[894.100s][info][gc,start       ] GC(2471) Pause Young (Allocation Failure)
[894.101s][info][gc,heap        ] GC(2471) PSYoungGen: 286272K(307200K)->64K(308736K) Eden: 286208K(286208K)->0K(286208K) From: 64K(20992K)->64K(22528K)
[894.101s][info][gc,heap        ] GC(2471) ParOldGen: 295916K(295936K)->295932K(295936K)
[894.101s][info][gc,metaspace   ] GC(2471) Metaspace: 35612K(36352K)->35612K(36352K) NonClass: 29339K(29888K)->29339K(29888K) Class: 6272K(6464K)->6272K(6464K)
[894.101s][info][gc             ] GC(2471) Pause Young (Allocation Failure) 568M->289M(590M) 1.542ms
[894.101s][info][gc,cpu         ] GC(2471) User=0.00s Sys=0.00s Real=0.00s
[894.323s][info][gc,start       ] GC(2472) Pause Young (Allocation Failure)
[894.325s][info][gc,heap        ] GC(2472) PSYoungGen: 286272K(308736K)->64K(308736K) Eden: 286208K(286208K)->0K(289792K) From: 64K(22528K)->64K(18944K)
[894.325s][info][gc,heap        ] GC(2472) ParOldGen: 295932K(295936K)->295932K(295936K)
[894.325s][info][gc,metaspace   ] GC(2472) Metaspace: 35612K(36352K)->35612K(36352K) NonClass: 29339K(29888K)->29339K(29888K) Class: 6272K(6464K)->6272K(6464K)
[894.325s][info][gc             ] GC(2472) Pause Young (Allocation Failure) 568M->289M(590M) 1.583ms
[894.325s][info][gc,cpu         ] GC(2472) User=0.00s Sys=0.00s Real=0.00s
[894.700s][info][gc,start       ] GC(2473) Pause Young (Allocation Failure)
[894.701s][info][gc,heap        ] GC(2473) PSYoungGen: 289856K(308736K)->64K(310272K) Eden: 289792K(289792K)->0K(289792K) From: 64K(18944K)->64K(20480K)
[894.701s][info][gc,heap        ] GC(2473) ParOldGen: 295932K(295936K)->295932K(295936K)
[894.701s][info][gc,metaspace   ] GC(2473) Metaspace: 35612K(36352K)->35612K(36352K) NonClass: 29339K(29888K)->29339K(29888K) Class: 6272K(6464K)->6272K(6464K)
[894.701s][info][gc             ] GC(2473) Pause Young (Allocation Failure) 572M->289M(592M) 1.441ms
[894.701s][info][gc,cpu         ] GC(2473) User=0.00s Sys=0.00s Real=0.00s
[894.759s][info][gc,start       ] GC(2474) Pause Young (Allocation Failure)
[894.760s][info][gc,heap        ] GC(2474) PSYoungGen: 289856K(310272K)->64K(310784K) Eden: 289792K(289792K)->0K(293888K) From: 64K(20480K)->64K(16896K)
[894.761s][info][gc,heap        ] GC(2474) ParOldGen: 295932K(295936K)->295940K(296448K)
[894.761s][info][gc,metaspace   ] GC(2474) Metaspace: 35612K(36352K)->35612K(36352K) NonClass: 29339K(29888K)->29339K(29888K) Class: 6272K(6464K)->6272K(6464K)
[894.761s][info][gc             ] GC(2474) Pause Young (Allocation Failure) 572M->289M(593M) 1.320ms
[894.761s][info][gc,cpu         ] GC(2474) User=0.00s Sys=0.00s Real=0.00s
[894.819s][info][gc,start       ] GC(2475) Pause Young (Allocation Failure)
[894.821s][info][gc,heap        ] GC(2475) PSYoungGen: 293952K(310784K)->32K(312320K) Eden: 293888K(293888K)->0K(293888K) From: 64K(16896K)->32K(18432K)
[894.821s][info][gc,heap        ] GC(2475) ParOldGen: 295940K(296448K)->295956K(296448K)
[894.821s][info][gc,metaspace   ] GC(2475) Metaspace: 35612K(36352K)->35612K(36352K) NonClass: 29339K(29888K)->29339K(29888K) Class: 6272K(6464K)->6272K(6464K)
[894.821s][info][gc             ] GC(2475) Pause Young (Allocation Failure) 576M->289M(594M) 1.338ms
[894.821s][info][gc,cpu         ] GC(2475) User=0.00s Sys=0.00s Real=0.00s
[895.091s][info][gc,start       ] GC(2476) Pause Young (Allocation Failure)
[895.092s][info][gc,heap        ] GC(2476) PSYoungGen: 293920K(312320K)->64K(312832K) Eden: 293888K(293888K)->0K(297984K) From: 32K(18432K)->64K(14848K)
[895.092s][info][gc,heap        ] GC(2476) ParOldGen: 295956K(296448K)->295956K(296448K)
[895.092s][info][gc,metaspace   ] GC(2476) Metaspace: 35612K(36352K)->35612K(36352K) NonClass: 29339K(29888K)->29339K(29888K) Class: 6272K(6464K)->6272K(6464K)
[895.092s][info][gc             ] GC(2476) Pause Young (Allocation Failure) 576M->289M(595M) 1.363ms
[895.092s][info][gc,cpu         ] GC(2476) User=0.00s Sys=0.00s Real=0.00s
[895.407s][info][gc,start       ] GC(2477) Pause Young (Allocation Failure)
[895.408s][info][gc,heap        ] GC(2477) PSYoungGen: 298048K(312832K)->64K(314368K) Eden: 297984K(297984K)->0K(297984K) From: 64K(14848K)->64K(16384K)
[895.408s][info][gc,heap        ] GC(2477) ParOldGen: 295956K(296448K)->295964K(296448K)
[895.408s][info][gc,metaspace   ] GC(2477) Metaspace: 35621K(36352K)->35621K(36352K) NonClass: 29348K(29888K)->29348K(29888K) Class: 6272K(6464K)->6272K(6464K)
[895.408s][info][gc             ] GC(2477) Pause Young (Allocation Failure) 580M->289M(596M) 1.340ms
[895.408s][info][gc,cpu         ] GC(2477) User=0.00s Sys=0.00s Real=0.00s
[895.543s][info][gc,start       ] GC(2478) Pause Young (Allocation Failure)
[895.544s][info][gc,heap        ] GC(2478) PSYoungGen: 298048K(314368K)->64K(314880K) Eden: 297984K(297984K)->0K(302080K) From: 64K(16384K)->64K(12800K)
[895.545s][info][gc,heap        ] GC(2478) ParOldGen: 295964K(296448K)->295980K(296448K)
[895.545s][info][gc,metaspace   ] GC(2478) Metaspace: 35621K(36352K)->35621K(36352K) NonClass: 29348K(29888K)->29348K(29888K) Class: 6272K(6464K)->6272K(6464K)
[895.545s][info][gc             ] GC(2478) Pause Young (Allocation Failure) 580M->289M(597M) 1.491ms
[895.545s][info][gc,cpu         ] GC(2478) User=0.00s Sys=0.00s Real=0.00s
[895.646s][info][gc,start       ] GC(2479) Pause Young (Allocation Failure)
[895.647s][info][gc,heap        ] GC(2479) PSYoungGen: 302144K(314880K)->64K(316416K) Eden: 302080K(302080K)->0K(302080K) From: 64K(12800K)->64K(14336K)
[895.647s][info][gc,heap        ] GC(2479) ParOldGen: 295980K(296448K)->295988K(296448K)
[895.647s][info][gc,metaspace   ] GC(2479) Metaspace: 35621K(36352K)->35621K(36352K) NonClass: 29348K(29888K)->29348K(29888K) Class: 6272K(6464K)->6272K(6464K)
[895.647s][info][gc             ] GC(2479) Pause Young (Allocation Failure) 584M->289M(598M) 1.519ms
[895.647s][info][gc,cpu         ] GC(2479) User=0.00s Sys=0.00s Real=0.00s
[895.850s][info][gc,start       ] GC(2480) Pause Young (Allocation Failure)
[895.851s][info][gc,heap        ] GC(2480) PSYoungGen: 302144K(316416K)->64K(316928K) Eden: 302080K(302080K)->0K(305664K) From: 64K(14336K)->64K(11264K)
[895.851s][info][gc,heap        ] GC(2480) ParOldGen: 295988K(296448K)->295996K(296448K)
[895.851s][info][gc,metaspace   ] GC(2480) Metaspace: 35621K(36352K)->35621K(36352K) NonClass: 29348K(29888K)->29348K(29888K) Class: 6272K(6464K)->6272K(6464K)
[895.851s][info][gc             ] GC(2480) Pause Young (Allocation Failure) 584M->289M(599M) 1.494ms
[895.851s][info][gc,cpu         ] GC(2480) User=0.00s Sys=0.00s Real=0.00s
[896.860s][info][gc,start       ] GC(2481) Pause Young (Allocation Failure)
[896.862s][info][gc,heap        ] GC(2481) PSYoungGen: 305728K(316928K)->83K(293888K) Eden: 305664K(305664K)->0K(293376K) From: 64K(11264K)->83K(512K)
[896.862s][info][gc,heap        ] GC(2481) ParOldGen: 295996K(296448K)->296004K(296448K)
[896.862s][info][gc,metaspace   ] GC(2481) Metaspace: 35621K(36352K)->35621K(36352K) NonClass: 29348K(29888K)->29348K(29888K) Class: 6272K(6464K)->6272K(6464K)
[896.862s][info][gc             ] GC(2481) Pause Young (Allocation Failure) 587M->289M(576M) 2.253ms
[896.862s][info][gc,cpu         ] GC(2481) User=0.01s Sys=0.00s Real=0.00s
[897.780s][info][gc,start       ] GC(2482) Pause Young (Allocation Failure)
[897.782s][info][gc,heap        ] GC(2482) PSYoungGen: 293459K(293888K)->64K(282112K) Eden: 293376K(293376K)->0K(281600K) From: 83K(512K)->64K(512K)
[897.782s][info][gc,heap        ] GC(2482) ParOldGen: 296004K(296448K)->296012K(296448K)
[897.782s][info][gc,metaspace   ] GC(2482) Metaspace: 35621K(36352K)->35621K(36352K) NonClass: 29348K(29888K)->29348K(29888K) Class: 6272K(6464K)->6272K(6464K)
[897.782s][info][gc             ] GC(2482) Pause Young (Allocation Failure) 575M->289M(565M) 2.059ms
[897.782s][info][gc,cpu         ] GC(2482) User=0.00s Sys=0.00s Real=0.00s
[898.119s][info][gc,start       ] GC(2483) Pause Young (Allocation Failure)
[898.120s][info][gc,heap        ] GC(2483) PSYoungGen: 281664K(282112K)->64K(282112K) Eden: 281600K(281600K)->0K(270848K) From: 64K(512K)->64K(11264K)
[898.120s][info][gc,heap        ] GC(2483) ParOldGen: 296012K(296448K)->296028K(296448K)
[898.120s][info][gc,metaspace   ] GC(2483) Metaspace: 35621K(36352K)->35621K(36352K) NonClass: 29348K(29888K)->29348K(29888K) Class: 6272K(6464K)->6272K(6464K)
[898.120s][info][gc             ] GC(2483) Pause Young (Allocation Failure) 564M->289M(565M) 1.468ms
[898.120s][info][gc,cpu         ] GC(2483) User=0.00s Sys=0.00s Real=0.00s
[898.536s][info][gc,start       ] GC(2484) Pause Young (Allocation Failure)
[898.540s][info][gc,heap        ] GC(2484) PSYoungGen: 270912K(282112K)->64K(261120K) Eden: 270848K(270848K)->0K(260608K) From: 64K(11264K)->64K(512K)
[898.540s][info][gc,heap        ] GC(2484) ParOldGen: 296028K(296448K)->296036K(296448K)
[898.540s][info][gc,metaspace   ] GC(2484) Metaspace: 35621K(36352K)->35621K(36352K) NonClass: 29348K(29888K)->29348K(29888K) Class: 6272K(6464K)->6272K(6464K)
[898.540s][info][gc             ] GC(2484) Pause Young (Allocation Failure) 553M->289M(544M) 3.408ms
[898.540s][info][gc,cpu         ] GC(2484) User=0.00s Sys=0.01s Real=0.00s
[899.523s][info][gc,start       ] GC(2485) Pause Young (Allocation Failure)
[899.526s][info][gc,heap        ] GC(2485) PSYoungGen: 260672K(261120K)->64K(260096K) Eden: 260608K(260608K)->0K(250368K) From: 64K(512K)->64K(9728K)
[899.526s][info][gc,heap        ] GC(2485) ParOldGen: 296036K(296448K)->296044K(296448K)
[899.526s][info][gc,metaspace   ] GC(2485) Metaspace: 35621K(36352K)->35621K(36352K) NonClass: 29348K(29888K)->29348K(29888K) Class: 6272K(6464K)->6272K(6464K)
[899.526s][info][gc             ] GC(2485) Pause Young (Allocation Failure) 543M->289M(543M) 2.784ms
[899.526s][info][gc,cpu         ] GC(2485) User=0.00s Sys=0.00s Real=0.01s
[899.890s][info][gc,start       ] GC(2486) Pause Young (Allocation Failure)
[899.894s][info][gc,heap        ] GC(2486) PSYoungGen: 250432K(260096K)->64K(241152K) Eden: 250368K(250368K)->0K(240640K) From: 64K(9728K)->64K(512K)
[899.894s][info][gc,heap        ] GC(2486) ParOldGen: 296044K(296448K)->296052K(296448K)
[899.894s][info][gc,metaspace   ] GC(2486) Metaspace: 35621K(36352K)->35621K(36352K) NonClass: 29348K(29888K)->29348K(29888K) Class: 6272K(6464K)->6272K(6464K)
[899.894s][info][gc             ] GC(2486) Pause Young (Allocation Failure) 533M->289M(525M) 3.722ms
[899.894s][info][gc,cpu         ] GC(2486) User=0.00s Sys=0.00s Real=0.00s
[900.055s][info][gc,start       ] GC(2487) Pause Young (Allocation Failure)
[900.058s][info][gc,heap        ] GC(2487) PSYoungGen: 240704K(241152K)->64K(239616K) Eden: 240640K(240640K)->0K(231424K) From: 64K(512K)->64K(8192K)
[900.058s][info][gc,heap        ] GC(2487) ParOldGen: 296052K(296448K)->296060K(296448K)
[900.058s][info][gc,metaspace   ] GC(2487) Metaspace: 35621K(36352K)->35621K(36352K) NonClass: 29348K(29888K)->29348K(29888K) Class: 6272K(6464K)->6272K(6464K)
[900.058s][info][gc             ] GC(2487) Pause Young (Allocation Failure) 524M->289M(523M) 2.863ms
[900.058s][info][gc,cpu         ] GC(2487) User=0.00s Sys=0.00s Real=0.01s
[900.229s][info][gc,start       ] GC(2488) Pause Young (Allocation Failure)
[900.232s][info][gc,heap        ] GC(2488) PSYoungGen: 231488K(239616K)->64K(279040K) Eden: 231424K(231424K)->0K(273920K) From: 64K(8192K)->64K(5120K)
[900.232s][info][gc,heap        ] GC(2488) ParOldGen: 296060K(296448K)->296068K(296448K)
[900.232s][info][gc,metaspace   ] GC(2488) Metaspace: 35621K(36352K)->35621K(36352K) NonClass: 29348K(29888K)->29348K(29888K) Class: 6272K(6464K)->6272K(6464K)
[900.232s][info][gc             ] GC(2488) Pause Young (Allocation Failure) 515M->289M(562M) 3.125ms
[900.232s][info][gc,cpu         ] GC(2488) User=0.00s Sys=0.00s Real=0.00s
[900.828s][info][gc,start       ] GC(2489) Pause Young (Allocation Failure)
[900.831s][info][gc,heap        ] GC(2489) PSYoungGen: 273984K(279040K)->32K(263680K) Eden: 273920K(273920K)->0K(263168K) From: 64K(5120K)->32K(512K)
[900.831s][info][gc,heap        ] GC(2489) ParOldGen: 296068K(296448K)->296076K(296448K)
[900.831s][info][gc,metaspace   ] GC(2489) Metaspace: 35621K(36352K)->35621K(36352K) NonClass: 29348K(29888K)->29348K(29888K) Class: 6272K(6464K)->6272K(6464K)
[900.831s][info][gc             ] GC(2489) Pause Young (Allocation Failure) 556M->289M(547M) 3.156ms
[900.831s][info][gc,cpu         ] GC(2489) User=0.00s Sys=0.00s Real=0.00s
[901.220s][info][gc,start       ] GC(2490) Pause Young (Allocation Failure)
[901.224s][info][gc,heap        ] GC(2490) PSYoungGen: 263200K(263680K)->1632K(254976K) Eden: 263168K(263168K)->0K(252928K) From: 32K(512K)->1632K(2048K)
[901.224s][info][gc,heap        ] GC(2490) ParOldGen: 296076K(296448K)->296084K(296448K)
[901.224s][info][gc,metaspace   ] GC(2490) Metaspace: 35621K(36352K)->35621K(36352K) NonClass: 29348K(29888K)->29348K(29888K) Class: 6272K(6464K)->6272K(6464K)
[901.224s][info][gc             ] GC(2490) Pause Young (Allocation Failure) 546M->290M(538M) 4.219ms
[901.224s][info][gc,cpu         ] GC(2490) User=0.01s Sys=0.00s Real=0.00s
[901.491s][info][gc,start       ] GC(2491) Pause Young (Allocation Failure)
[901.552s][info][gc,heap        ] GC(2491) PSYoungGen: 254560K(254976K)->6656K(272384K) Eden: 252928K(252928K)->0K(265728K) From: 1632K(2048K)->6656K(6656K)
[901.552s][info][gc,heap        ] GC(2491) ParOldGen: 296084K(296448K)->316116K(316416K)
[901.552s][info][gc,metaspace   ] GC(2491) Metaspace: 35621K(36352K)->35621K(36352K) NonClass: 29348K(29888K)->29348K(29888K) Class: 6272K(6464K)->6272K(6464K)
[901.552s][info][gc             ] GC(2491) Pause Young (Allocation Failure) 537M->315M(575M) 61.121ms
[901.552s][info][gc,cpu         ] GC(2491) User=0.10s Sys=0.02s Real=0.06s
[901.838s][info][gc,start       ] GC(2492) Pause Young (Allocation Failure)
[901.951s][info][gc,heap        ] GC(2492) PSYoungGen: 272384K(272384K)->15360K(302080K) Eden: 265728K(265728K)->0K(286720K) From: 6656K(6656K)->15360K(15360K)
[901.951s][info][gc,heap        ] GC(2492) ParOldGen: 316116K(316416K)->329524K(329728K)
[901.951s][info][gc,metaspace   ] GC(2492) Metaspace: 35621K(36352K)->35621K(36352K) NonClass: 29348K(29888K)->29348K(29888K) Class: 6272K(6464K)->6272K(6464K)
[901.952s][info][gc             ] GC(2492) Pause Young (Allocation Failure) 574M->336M(617M) 113.068ms
[901.952s][info][gc,cpu         ] GC(2492) User=0.13s Sys=0.02s Real=0.11s
[902.138s][info][gc,start       ] GC(2493) Pause Young (Allocation Failure)
[902.179s][info][gc,heap        ] GC(2493) PSYoungGen: 302080K(302080K)->12640K(299520K) Eden: 286720K(286720K)->0K(286720K) From: 15360K(15360K)->12640K(12800K)
[902.179s][info][gc,heap        ] GC(2493) ParOldGen: 329524K(329728K)->330012K(330240K)
[902.179s][info][gc,metaspace   ] GC(2493) Metaspace: 35621K(36352K)->35621K(36352K) NonClass: 29348K(29888K)->29348K(29888K) Class: 6272K(6464K)->6272K(6464K)
[902.179s][info][gc             ] GC(2493) Pause Young (Allocation Failure) 616M->334M(615M) 41.486ms
[902.179s][info][gc,cpu         ] GC(2493) User=0.06s Sys=0.02s Real=0.04s
[902.584s][info][gc,start       ] GC(2494) Pause Young (Allocation Failure)
[902.586s][info][gc,heap        ] GC(2494) PSYoungGen: 299360K(299520K)->64K(309760K) Eden: 286720K(286720K)->0K(285184K) From: 12640K(12800K)->64K(24576K)
[902.586s][info][gc,heap        ] GC(2494) ParOldGen: 330012K(330240K)->330020K(330240K)
[902.586s][info][gc,metaspace   ] GC(2494) Metaspace: 35621K(36352K)->35621K(36352K) NonClass: 29348K(29888K)->29348K(29888K) Class: 6272K(6464K)->6272K(6464K)
[902.586s][info][gc             ] GC(2494) Pause Young (Allocation Failure) 614M->322M(625M) 1.462ms
[902.586s][info][gc,cpu         ] GC(2494) User=0.00s Sys=0.00s Real=0.01s
[903.225s][info][gc,start       ] GC(2495) Pause Young (Allocation Failure)
[903.226s][info][gc,heap        ] GC(2495) PSYoungGen: 285248K(309760K)->64K(285696K) Eden: 285184K(285184K)->0K(285184K) From: 64K(24576K)->64K(512K)
[903.227s][info][gc,heap        ] GC(2495) ParOldGen: 330020K(330240K)->330028K(330240K)
[903.227s][info][gc,metaspace   ] GC(2495) Metaspace: 35621K(36352K)->35621K(36352K) NonClass: 29348K(29888K)->29348K(29888K) Class: 6272K(6464K)->6272K(6464K)
[903.227s][info][gc             ] GC(2495) Pause Young (Allocation Failure) 600M->322M(601M) 1.632ms
[903.227s][info][gc,cpu         ] GC(2495) User=0.00s Sys=0.00s Real=0.01s
[903.700s][info][gc,start       ] GC(2496) Pause Young (Allocation Failure)
[903.702s][info][gc,heap        ] GC(2496) PSYoungGen: 285248K(285696K)->64K(309248K) Eden: 285184K(285184K)->0K(286208K) From: 64K(512K)->64K(23040K)
[903.702s][info][gc,heap        ] GC(2496) ParOldGen: 330028K(330240K)->330044K(330240K)
[903.702s][info][gc,metaspace   ] GC(2496) Metaspace: 35621K(36352K)->35621K(36352K) NonClass: 29348K(29888K)->29348K(29888K) Class: 6272K(6464K)->6272K(6464K)
[903.702s][info][gc             ] GC(2496) Pause Young (Allocation Failure) 600M->322M(624M) 1.374ms
[903.702s][info][gc,cpu         ] GC(2496) User=0.00s Sys=0.00s Real=0.00s
[903.929s][info][gc,start       ] GC(2497) Pause Young (Allocation Failure)
[903.930s][info][gc,heap        ] GC(2497) PSYoungGen: 286272K(309248K)->64K(308224K) Eden: 286208K(286208K)->0K(286208K) From: 64K(23040K)->64K(22016K)
[903.930s][info][gc,heap        ] GC(2497) ParOldGen: 330044K(330240K)->330060K(330240K)
[903.930s][info][gc,metaspace   ] GC(2497) Metaspace: 35621K(36352K)->35621K(36352K) NonClass: 29348K(29888K)->29348K(29888K) Class: 6272K(6464K)->6272K(6464K)
[903.930s][info][gc             ] GC(2497) Pause Young (Allocation Failure) 601M->322M(623M) 1.572ms
[903.930s][info][gc,cpu         ] GC(2497) User=0.00s Sys=0.00s Real=0.00s
[904.156s][info][gc,start       ] GC(2498) Pause Young (Allocation Failure)
[904.158s][info][gc,heap        ] GC(2498) PSYoungGen: 286272K(308224K)->64K(310784K) Eden: 286208K(286208K)->0K(289792K) From: 64K(22016K)->64K(20992K)
[904.158s][info][gc,heap        ] GC(2498) ParOldGen: 330060K(330240K)->330060K(330240K)
[904.158s][info][gc,metaspace   ] GC(2498) Metaspace: 35621K(36352K)->35621K(36352K) NonClass: 29348K(29888K)->29348K(29888K) Class: 6272K(6464K)->6272K(6464K)
[904.158s][info][gc             ] GC(2498) Pause Young (Allocation Failure) 601M->322M(626M) 1.547ms
[904.158s][info][gc,cpu         ] GC(2498) User=0.01s Sys=0.00s Real=0.00s
[904.547s][info][gc,start       ] GC(2499) Pause Young (Allocation Failure)
[904.548s][info][gc,heap        ] GC(2499) PSYoungGen: 289856K(310784K)->64K(310272K) Eden: 289792K(289792K)->0K(289792K) From: 64K(20992K)->64K(20480K)
[904.548s][info][gc,heap        ] GC(2499) ParOldGen: 330060K(330240K)->330060K(330240K)
[904.548s][info][gc,metaspace   ] GC(2499) Metaspace: 35621K(36352K)->35621K(36352K) NonClass: 29348K(29888K)->29348K(29888K) Class: 6272K(6464K)->6272K(6464K)
[904.548s][info][gc             ] GC(2499) Pause Young (Allocation Failure) 605M->322M(625M) 1.541ms
[904.548s][info][gc,cpu         ] GC(2499) User=0.00s Sys=0.00s Real=0.00s
[904.681s][info][gc,start       ] GC(2500) Pause Young (Allocation Failure)
[904.683s][info][gc,heap        ] GC(2500) PSYoungGen: 289856K(310272K)->64K(312320K) Eden: 289792K(289792K)->0K(293376K) From: 64K(20480K)->64K(18944K)
[904.683s][info][gc,heap        ] GC(2500) ParOldGen: 330060K(330240K)->330068K(330240K)
[904.683s][info][gc,metaspace   ] GC(2500) Metaspace: 35621K(36352K)->35621K(36352K) NonClass: 29348K(29888K)->29348K(29888K) Class: 6272K(6464K)->6272K(6464K)
[904.683s][info][gc             ] GC(2500) Pause Young (Allocation Failure) 605M->322M(627M) 1.545ms
[904.683s][info][gc,cpu         ] GC(2500) User=0.00s Sys=0.00s Real=0.00s
[904.753s][info][gc,start       ] GC(2501) Pause Young (Allocation Failure)
[904.757s][info][gc,heap        ] GC(2501) PSYoungGen: 293440K(312320K)->32K(311808K) Eden: 293376K(293376K)->0K(293376K) From: 64K(18944K)->32K(18432K)
[904.757s][info][gc,heap        ] GC(2501) ParOldGen: 330068K(330240K)->330076K(330240K)
[904.757s][info][gc,metaspace   ] GC(2501) Metaspace: 35621K(36352K)->35621K(36352K) NonClass: 29348K(29888K)->29348K(29888K) Class: 6272K(6464K)->6272K(6464K)
[904.757s][info][gc             ] GC(2501) Pause Young (Allocation Failure) 608M->322M(627M) 3.592ms
[904.757s][info][gc,cpu         ] GC(2501) User=0.01s Sys=0.00s Real=0.01s
[904.961s][info][gc,start       ] GC(2502) Pause Young (Allocation Failure)
[904.963s][info][gc,heap        ] GC(2502) PSYoungGen: 293408K(311808K)->64K(314368K) Eden: 293376K(293376K)->0K(297472K) From: 32K(18432K)->64K(16896K)
[904.963s][info][gc,heap        ] GC(2502) ParOldGen: 330076K(330240K)->330076K(330240K)
[904.963s][info][gc,metaspace   ] GC(2502) Metaspace: 35621K(36352K)->35621K(36352K) NonClass: 29348K(29888K)->29348K(29888K) Class: 6272K(6464K)->6272K(6464K)
[904.963s][info][gc             ] GC(2502) Pause Young (Allocation Failure) 608M->322M(629M) 1.413ms
[904.963s][info][gc,cpu         ] GC(2502) User=0.00s Sys=0.00s Real=0.00s
[905.340s][info][gc,start       ] GC(2503) Pause Young (Allocation Failure)
[905.343s][info][gc,heap        ] GC(2503) PSYoungGen: 297536K(314368K)->64K(313856K) Eden: 297472K(297472K)->0K(297472K) From: 64K(16896K)->64K(16384K)
[905.343s][info][gc,heap        ] GC(2503) ParOldGen: 330076K(330240K)->330084K(330240K)
[905.343s][info][gc,metaspace   ] GC(2503) Metaspace: 35621K(36352K)->35621K(36352K) NonClass: 29348K(29888K)->29348K(29888K) Class: 6272K(6464K)->6272K(6464K)
[905.343s][info][gc             ] GC(2503) Pause Young (Allocation Failure) 612M->322M(629M) 2.758ms
[905.343s][info][gc,cpu         ] GC(2503) User=0.01s Sys=0.00s Real=0.00s
[905.517s][info][gc,start       ] GC(2504) Pause Young (Allocation Failure)
[905.520s][info][gc,heap        ] GC(2504) PSYoungGen: 297536K(313856K)->64K(316416K) Eden: 297472K(297472K)->0K(301056K) From: 64K(16384K)->64K(15360K)
[905.520s][info][gc,heap        ] GC(2504) ParOldGen: 330084K(330240K)->330092K(330240K)
[905.520s][info][gc,metaspace   ] GC(2504) Metaspace: 35621K(36352K)->35621K(36352K) NonClass: 29348K(29888K)->29348K(29888K) Class: 6272K(6464K)->6272K(6464K)
[905.520s][info][gc             ] GC(2504) Pause Young (Allocation Failure) 612M->322M(631M) 2.453ms
[905.520s][info][gc,cpu         ] GC(2504) User=0.00s Sys=0.00s Real=0.00s
[905.605s][info][gc,start       ] GC(2505) Pause Young (Allocation Failure)
[905.606s][info][gc,heap        ] GC(2505) PSYoungGen: 301120K(316416K)->64K(315904K) Eden: 301056K(301056K)->0K(301056K) From: 64K(15360K)->64K(14848K)
[905.607s][info][gc,heap        ] GC(2505) ParOldGen: 330092K(330240K)->330108K(330240K)
[905.607s][info][gc,metaspace   ] GC(2505) Metaspace: 35621K(36352K)->35621K(36352K) NonClass: 29348K(29888K)->29348K(29888K) Class: 6272K(6464K)->6272K(6464K)
[905.607s][info][gc             ] GC(2505) Pause Young (Allocation Failure) 616M->322M(631M) 1.718ms
[905.607s][info][gc,cpu         ] GC(2505) User=0.01s Sys=0.00s Real=0.01s
[905.792s][info][gc,start       ] GC(2506) Pause Young (Allocation Failure)
[905.795s][info][gc,heap        ] GC(2506) PSYoungGen: 301120K(315904K)->32K(317952K) Eden: 301056K(301056K)->0K(304640K) From: 64K(14848K)->32K(13312K)
[905.795s][info][gc,heap        ] GC(2506) ParOldGen: 330108K(330240K)->330108K(330240K)
[905.795s][info][gc,metaspace   ] GC(2506) Metaspace: 35621K(36352K)->35621K(36352K) NonClass: 29348K(29888K)->29348K(29888K) Class: 6272K(6464K)->6272K(6464K)
[905.795s][info][gc             ] GC(2506) Pause Young (Allocation Failure) 616M->322M(633M) 2.984ms
[905.795s][info][gc,cpu         ] GC(2506) User=0.00s Sys=0.00s Real=0.00s
[906.796s][info][gc,start       ] GC(2507) Pause Young (Allocation Failure)
[906.798s][info][gc,heap        ] GC(2507) PSYoungGen: 304672K(317952K)->83K(317440K) Eden: 304640K(304640K)->0K(304640K) From: 32K(13312K)->83K(12800K)
[906.798s][info][gc,heap        ] GC(2507) ParOldGen: 330108K(330240K)->330116K(330240K)
[906.798s][info][gc,metaspace   ] GC(2507) Metaspace: 35621K(36352K)->35621K(36352K) NonClass: 29348K(29888K)->29348K(29888K) Class: 6272K(6464K)->6272K(6464K)
[906.798s][info][gc             ] GC(2507) Pause Young (Allocation Failure) 619M->322M(632M) 1.474ms
[906.798s][info][gc,cpu         ] GC(2507) User=0.00s Sys=0.00s Real=0.00s
[907.676s][info][gc,start       ] GC(2508) Pause Young (Allocation Failure)
[907.678s][info][gc,heap        ] GC(2508) PSYoungGen: 304723K(317440K)->64K(320000K) Eden: 304640K(304640K)->0K(308736K) From: 83K(12800K)->64K(11264K)
[907.678s][info][gc,heap        ] GC(2508) ParOldGen: 330116K(330240K)->330124K(330240K)
[907.678s][info][gc,metaspace   ] GC(2508) Metaspace: 35621K(36352K)->35621K(36352K) NonClass: 29348K(29888K)->29348K(29888K) Class: 6272K(6464K)->6272K(6464K)
[907.678s][info][gc             ] GC(2508) Pause Young (Allocation Failure) 619M->322M(635M) 1.384ms
[907.678s][info][gc,cpu         ] GC(2508) User=0.01s Sys=0.00s Real=0.00s
[907.937s][info][gc,start       ] GC(2509) Pause Young (Allocation Failure)
[907.940s][info][gc,heap        ] GC(2509) PSYoungGen: 308800K(320000K)->64K(296960K) Eden: 308736K(308736K)->0K(296448K) From: 64K(11264K)->64K(512K)
[907.940s][info][gc,heap        ] GC(2509) ParOldGen: 330124K(330240K)->330132K(330240K)
[907.940s][info][gc,metaspace   ] GC(2509) Metaspace: 35621K(36352K)->35621K(36352K) NonClass: 29348K(29888K)->29348K(29888K) Class: 6272K(6464K)->6272K(6464K)
[907.940s][info][gc             ] GC(2509) Pause Young (Allocation Failure) 623M->322M(612M) 2.413ms
[907.940s][info][gc,cpu         ] GC(2509) User=0.00s Sys=0.00s Real=0.00s
[908.427s][info][gc,start       ] GC(2510) Pause Young (Allocation Failure)
[908.428s][info][gc,heap        ] GC(2510) PSYoungGen: 296512K(296960K)->64K(285184K) Eden: 296448K(296448K)->0K(284672K) From: 64K(512K)->64K(512K)
[908.428s][info][gc,heap        ] GC(2510) ParOldGen: 330132K(330240K)->330140K(330240K)
[908.428s][info][gc,metaspace   ] GC(2510) Metaspace: 35621K(36352K)->35621K(36352K) NonClass: 29348K(29888K)->29348K(29888K) Class: 6272K(6464K)->6272K(6464K)
[908.428s][info][gc             ] GC(2510) Pause Young (Allocation Failure) 611M->322M(601M) 1.577ms
[908.428s][info][gc,cpu         ] GC(2510) User=0.00s Sys=0.00s Real=0.00s
[909.410s][info][gc,start       ] GC(2511) Pause Young (Allocation Failure)
[909.412s][info][gc,heap        ] GC(2511) PSYoungGen: 284736K(285184K)->64K(283136K) Eden: 284672K(284672K)->0K(273408K) From: 64K(512K)->64K(9728K)
[909.412s][info][gc,heap        ] GC(2511) ParOldGen: 330140K(330240K)->330148K(330240K)
[909.412s][info][gc,metaspace   ] GC(2511) Metaspace: 35621K(36352K)->35621K(36352K) NonClass: 29348K(29888K)->29348K(29888K) Class: 6272K(6464K)->6272K(6464K)
[909.412s][info][gc             ] GC(2511) Pause Young (Allocation Failure) 600M->322M(599M) 1.499ms
[909.412s][info][gc,cpu         ] GC(2511) User=0.01s Sys=0.00s Real=0.00s
[909.780s][info][gc,start       ] GC(2512) Pause Young (Allocation Failure)
[909.782s][info][gc,heap        ] GC(2512) PSYoungGen: 273472K(283136K)->64K(263168K) Eden: 273408K(273408K)->0K(262656K) From: 64K(9728K)->64K(512K)
[909.782s][info][gc,heap        ] GC(2512) ParOldGen: 330148K(330240K)->330156K(330240K)
[909.782s][info][gc,metaspace   ] GC(2512) Metaspace: 35621K(36352K)->35621K(36352K) NonClass: 29348K(29888K)->29348K(29888K) Class: 6272K(6464K)->6272K(6464K)
[909.782s][info][gc             ] GC(2512) Pause Young (Allocation Failure) 589M->322M(579M) 2.022ms
[909.782s][info][gc,cpu         ] GC(2512) User=0.00s Sys=0.00s Real=0.00s
[909.945s][info][gc,start       ] GC(2513) Pause Young (Allocation Failure)
[909.947s][info][gc,heap        ] GC(2513) PSYoungGen: 262720K(263168K)->32K(261120K) Eden: 262656K(262656K)->0K(252416K) From: 64K(512K)->32K(8704K)
[909.947s][info][gc,heap        ] GC(2513) ParOldGen: 330156K(330240K)->330172K(330240K)
[909.947s][info][gc,metaspace   ] GC(2513) Metaspace: 35621K(36352K)->35621K(36352K) NonClass: 29348K(29888K)->29348K(29888K) Class: 6272K(6464K)->6272K(6464K)
[909.947s][info][gc             ] GC(2513) Pause Young (Allocation Failure) 578M->322M(577M) 1.915ms
[909.947s][info][gc,cpu         ] GC(2513) User=0.00s Sys=0.00s Real=0.00s
[910.280s][info][gc,start       ] GC(2514) Pause Young (Allocation Failure)
[910.282s][info][gc,heap        ] GC(2514) PSYoungGen: 252448K(261120K)->64K(243200K) Eden: 252416K(252416K)->0K(242688K) From: 32K(8704K)->64K(512K)
[910.282s][info][gc,heap        ] GC(2514) ParOldGen: 330172K(330240K)->330188K(330240K)
[910.282s][info][gc,metaspace   ] GC(2514) Metaspace: 35621K(36352K)->35621K(36352K) NonClass: 29348K(29888K)->29348K(29888K) Class: 6272K(6464K)->6272K(6464K)
[910.283s][info][gc             ] GC(2514) Pause Young (Allocation Failure) 568M->322M(560M) 2.428ms
[910.283s][info][gc,cpu         ] GC(2514) User=0.00s Sys=0.01s Real=0.00s
[910.738s][info][gc,start       ] GC(2515) Pause Young (Allocation Failure)
[910.739s][info][gc,heap        ] GC(2515) PSYoungGen: 242752K(243200K)->64K(241152K) Eden: 242688K(242688K)->0K(233472K) From: 64K(512K)->64K(7680K)
[910.739s][info][gc,heap        ] GC(2515) ParOldGen: 330188K(330240K)->330196K(330240K)
[910.739s][info][gc,metaspace   ] GC(2515) Metaspace: 35621K(36352K)->35621K(36352K) NonClass: 29348K(29888K)->29348K(29888K) Class: 6272K(6464K)->6272K(6464K)
[910.739s][info][gc             ] GC(2515) Pause Young (Allocation Failure) 559M->322M(558M) 1.495ms
[910.739s][info][gc,cpu         ] GC(2515) User=0.00s Sys=0.00s Real=0.00s
[911.164s][info][gc,start       ] GC(2516) Pause Young (Allocation Failure)
[911.169s][info][gc,heap        ] GC(2516) PSYoungGen: 233536K(241152K)->1952K(226816K) Eden: 233472K(233472K)->0K(224768K) From: 64K(7680K)->1952K(2048K)
[911.169s][info][gc,heap        ] GC(2516) ParOldGen: 330196K(330240K)->330212K(330240K)
[911.169s][info][gc,metaspace   ] GC(2516) Metaspace: 35621K(36352K)->35621K(36352K) NonClass: 29348K(29888K)->29348K(29888K) Class: 6272K(6464K)->6272K(6464K)
[911.169s][info][gc             ] GC(2516) Pause Young (Allocation Failure) 550M->324M(544M) 5.125ms
[911.169s][info][gc,cpu         ] GC(2516) User=0.01s Sys=0.00s Real=0.01s
[911.436s][info][gc,start       ] GC(2517) Pause Young (Allocation Failure)
[911.500s][info][gc,heap        ] GC(2517) PSYoungGen: 226720K(226816K)->6656K(275968K) Eden: 224768K(224768K)->0K(269312K) From: 1952K(2048K)->6656K(6656K)
[911.500s][info][gc,heap        ] GC(2517) ParOldGen: 330212K(330240K)->347276K(347648K)
[911.500s][info][gc,metaspace   ] GC(2517) Metaspace: 35621K(36352K)->35621K(36352K) NonClass: 29348K(29888K)->29348K(29888K) Class: 6272K(6464K)->6272K(6464K)
[911.500s][info][gc             ] GC(2517) Pause Young (Allocation Failure) 543M->345M(609M) 64.150ms
[911.500s][info][gc,cpu         ] GC(2517) User=0.11s Sys=0.02s Real=0.06s
[911.809s][info][gc,start       ] GC(2518) Pause Young (Allocation Failure)
[911.877s][info][gc,heap        ] GC(2518) PSYoungGen: 275968K(275968K)->14848K(275968K) Eden: 269312K(269312K)->0K(261120K) From: 6656K(6656K)->14848K(14848K)
[911.877s][info][gc,heap        ] GC(2518) ParOldGen: 347276K(347648K)->361460K(361472K)
[911.877s][info][gc,metaspace   ] GC(2518) Metaspace: 35621K(36352K)->35621K(36352K) NonClass: 29348K(29888K)->29348K(29888K) Class: 6272K(6464K)->6272K(6464K)
[911.877s][info][gc             ] GC(2518) Pause Young (Allocation Failure) 608M->367M(622M) 68.096ms
[911.877s][info][gc,cpu         ] GC(2518) User=0.11s Sys=0.02s Real=0.07s
[912.068s][info][gc,start       ] GC(2519) Pause Young (Allocation Failure)
[912.096s][info][gc,heap        ] GC(2519) PSYoungGen: 275968K(275968K)->14912K(284160K) Eden: 261120K(261120K)->0K(261120K) From: 14848K(14848K)->14912K(23040K)
[912.096s][info][gc,heap        ] GC(2519) ParOldGen: 361460K(361472K)->361972K(361984K)
[912.096s][info][gc,metaspace   ] GC(2519) Metaspace: 35621K(36352K)->35621K(36352K) NonClass: 29348K(29888K)->29348K(29888K) Class: 6272K(6464K)->6272K(6464K)
[912.096s][info][gc             ] GC(2519) Pause Young (Allocation Failure) 622M->368M(631M) 28.440ms
[912.096s][info][gc,cpu         ] GC(2519) User=0.05s Sys=0.00s Real=0.03s
[912.310s][info][gc,start       ] GC(2520) Pause Young (Allocation Failure)
[912.312s][info][gc,heap        ] GC(2520) PSYoungGen: 276032K(284160K)->64K(309760K) Eden: 261120K(261120K)->0K(284672K) From: 14912K(23040K)->64K(25088K)
[912.312s][info][gc,heap        ] GC(2520) ParOldGen: 361972K(361984K)->361980K(361984K)
[912.312s][info][gc,metaspace   ] GC(2520) Metaspace: 35621K(36352K)->35621K(36352K) NonClass: 29348K(29888K)->29348K(29888K) Class: 6272K(6464K)->6272K(6464K)
[912.312s][info][gc             ] GC(2520) Pause Young (Allocation Failure) 623M->353M(656M) 1.496ms
[912.312s][info][gc,cpu         ] GC(2520) User=0.01s Sys=0.00s Real=0.00s
[913.146s][info][gc,start       ] GC(2521) Pause Young (Allocation Failure)
[913.148s][info][gc,heap        ] GC(2521) PSYoungGen: 284736K(309760K)->32K(285184K) Eden: 284672K(284672K)->0K(284672K) From: 64K(25088K)->32K(512K)
[913.148s][info][gc,heap        ] GC(2521) ParOldGen: 361980K(361984K)->361988K(362496K)
[913.149s][info][gc,metaspace   ] GC(2521) Metaspace: 35621K(36352K)->35621K(36352K) NonClass: 29348K(29888K)->29348K(29888K) Class: 6272K(6464K)->6272K(6464K)
[913.149s][info][gc             ] GC(2521) Pause Young (Allocation Failure) 631M->353M(632M) 2.075ms
[913.149s][info][gc,cpu         ] GC(2521) User=0.00s Sys=0.00s Real=0.00s
[913.455s][info][gc,start       ] GC(2522) Pause Young (Allocation Failure)
[913.457s][info][gc,heap        ] GC(2522) PSYoungGen: 284704K(285184K)->64K(309248K) Eden: 284672K(284672K)->0K(285696K) From: 32K(512K)->64K(23552K)
[913.457s][info][gc,heap        ] GC(2522) ParOldGen: 361988K(362496K)->362004K(362496K)
[913.457s][info][gc,metaspace   ] GC(2522) Metaspace: 35621K(36352K)->35621K(36352K) NonClass: 29348K(29888K)->29348K(29888K) Class: 6272K(6464K)->6272K(6464K)
[913.457s][info][gc             ] GC(2522) Pause Young (Allocation Failure) 631M->353M(656M) 1.417ms
[913.457s][info][gc,cpu         ] GC(2522) User=0.01s Sys=0.00s Real=0.00s
[913.897s][info][gc,start       ] GC(2523) Pause Young (Allocation Failure)
[913.898s][info][gc,heap        ] GC(2523) PSYoungGen: 285760K(309248K)->64K(308224K) Eden: 285696K(285696K)->0K(285696K) From: 64K(23552K)->64K(22528K)
[913.898s][info][gc,heap        ] GC(2523) ParOldGen: 362004K(362496K)->362012K(362496K)
[913.898s][info][gc,metaspace   ] GC(2523) Metaspace: 35621K(36352K)->35621K(36352K) NonClass: 29348K(29888K)->29348K(29888K) Class: 6272K(6464K)->6272K(6464K)
[913.898s][info][gc             ] GC(2523) Pause Young (Allocation Failure) 632M->353M(655M) 1.602ms
[913.898s][info][gc,cpu         ] GC(2523) User=0.01s Sys=0.00s Real=0.00s
[914.117s][info][gc,start       ] GC(2524) Pause Young (Allocation Failure)
[914.119s][info][gc,heap        ] GC(2524) PSYoungGen: 285760K(308224K)->64K(310272K) Eden: 285696K(285696K)->0K(288768K) From: 64K(22528K)->64K(21504K)
[914.119s][info][gc,heap        ] GC(2524) ParOldGen: 362012K(362496K)->362028K(362496K)
[914.119s][info][gc,metaspace   ] GC(2524) Metaspace: 35621K(36352K)->35621K(36352K) NonClass: 29348K(29888K)->29348K(29888K) Class: 6272K(6464K)->6272K(6464K)
[914.119s][info][gc             ] GC(2524) Pause Young (Allocation Failure) 632M->353M(657M) 1.665ms
[914.119s][info][gc,cpu         ] GC(2524) User=0.01s Sys=0.00s Real=0.00s
[914.346s][info][gc,start       ] GC(2525) Pause Young (Allocation Failure)
[914.347s][info][gc,heap        ] GC(2525) PSYoungGen: 288832K(310272K)->64K(309248K) Eden: 288768K(288768K)->0K(288768K) From: 64K(21504K)->64K(20480K)
[914.347s][info][gc,heap        ] GC(2525) ParOldGen: 362028K(362496K)->362028K(362496K)
[914.347s][info][gc,metaspace   ] GC(2525) Metaspace: 35621K(36352K)->35621K(36352K) NonClass: 29348K(29888K)->29348K(29888K) Class: 6272K(6464K)->6272K(6464K)
[914.347s][info][gc             ] GC(2525) Pause Young (Allocation Failure) 635M->353M(656M) 1.482ms
[914.347s][info][gc,cpu         ] GC(2525) User=0.01s Sys=0.00s Real=0.00s
[914.649s][info][gc,start       ] GC(2526) Pause Young (Allocation Failure)
[914.651s][info][gc,heap        ] GC(2526) PSYoungGen: 288832K(309248K)->64K(312320K) Eden: 288768K(288768K)->0K(292864K) From: 64K(20480K)->64K(19456K)
[914.651s][info][gc,heap        ] GC(2526) ParOldGen: 362028K(362496K)->362028K(362496K)
[914.651s][info][gc,metaspace   ] GC(2526) Metaspace: 35621K(36352K)->35621K(36352K) NonClass: 29348K(29888K)->29348K(29888K) Class: 6272K(6464K)->6272K(6464K)
[914.651s][info][gc             ] GC(2526) Pause Young (Allocation Failure) 635M->353M(659M) 1.543ms
[914.651s][info][gc,cpu         ] GC(2526) User=0.00s Sys=0.00s Real=0.00s
[914.707s][info][gc,start       ] GC(2527) Pause Young (Allocation Failure)
[914.708s][info][gc,heap        ] GC(2527) PSYoungGen: 292927K(312320K)->64K(311296K) Eden: 292863K(292864K)->0K(292864K) From: 64K(19456K)->64K(18432K)
[914.708s][info][gc,heap        ] GC(2527) ParOldGen: 362028K(362496K)->362044K(362496K)
[914.708s][info][gc,metaspace   ] GC(2527) Metaspace: 35621K(36352K)->35621K(36352K) NonClass: 29348K(29888K)->29348K(29888K) Class: 6272K(6464K)->6272K(6464K)
[914.708s][info][gc             ] GC(2527) Pause Young (Allocation Failure) 639M->353M(658M) 1.425ms
[914.708s][info][gc,cpu         ] GC(2527) User=0.01s Sys=0.00s Real=0.00s
[914.810s][info][gc,start       ] GC(2528) Pause Young (Allocation Failure)
[914.811s][info][gc,heap        ] GC(2528) PSYoungGen: 292928K(311296K)->64K(313856K) Eden: 292864K(292864K)->0K(296448K) From: 64K(18432K)->64K(17408K)
[914.811s][info][gc,heap        ] GC(2528) ParOldGen: 362044K(362496K)->362044K(362496K)
[914.811s][info][gc,metaspace   ] GC(2528) Metaspace: 35621K(36352K)->35621K(36352K) NonClass: 29348K(29888K)->29348K(29888K) Class: 6272K(6464K)->6272K(6464K)
[914.811s][info][gc             ] GC(2528) Pause Young (Allocation Failure) 639M->353M(660M) 1.478ms
[914.811s][info][gc,cpu         ] GC(2528) User=0.00s Sys=0.00s Real=0.00s
[915.171s][info][gc,start       ] GC(2529) Pause Young (Allocation Failure)
[915.172s][info][gc,heap        ] GC(2529) PSYoungGen: 296512K(313856K)->64K(313344K) Eden: 296448K(296448K)->0K(296448K) From: 64K(17408K)->64K(16896K)
[915.172s][info][gc,heap        ] GC(2529) ParOldGen: 362044K(362496K)->362060K(362496K)
[915.172s][info][gc,metaspace   ] GC(2529) Metaspace: 35621K(36352K)->35621K(36352K) NonClass: 29348K(29888K)->29348K(29888K) Class: 6272K(6464K)->6272K(6464K)
[915.172s][info][gc             ] GC(2529) Pause Young (Allocation Failure) 643M->353M(660M) 1.507ms
[915.172s][info][gc,cpu         ] GC(2529) User=0.00s Sys=0.00s Real=0.00s
[915.406s][info][gc,start       ] GC(2530) Pause Young (Allocation Failure)
[915.408s][info][gc,heap        ] GC(2530) PSYoungGen: 296512K(313344K)->64K(315904K) Eden: 296448K(296448K)->0K(300544K) From: 64K(16896K)->64K(15360K)
[915.408s][info][gc,heap        ] GC(2530) ParOldGen: 362060K(362496K)->362060K(362496K)
[915.408s][info][gc,metaspace   ] GC(2530) Metaspace: 35621K(36352K)->35621K(36352K) NonClass: 29348K(29888K)->29348K(29888K) Class: 6272K(6464K)->6272K(6464K)
[915.408s][info][gc             ] GC(2530) Pause Young (Allocation Failure) 643M->353M(662M) 1.501ms
[915.408s][info][gc,cpu         ] GC(2530) User=0.00s Sys=0.00s Real=0.00s
[915.490s][info][gc,start       ] GC(2531) Pause Young (Allocation Failure)
[915.492s][info][gc,heap        ] GC(2531) PSYoungGen: 300608K(315904K)->32K(315392K) Eden: 300544K(300544K)->0K(300544K) From: 64K(15360K)->32K(14848K)
[915.493s][info][gc,heap        ] GC(2531) ParOldGen: 362060K(362496K)->362068K(362496K)
[915.493s][info][gc,metaspace   ] GC(2531) Metaspace: 35621K(36352K)->35621K(36352K) NonClass: 29348K(29888K)->29348K(29888K) Class: 6272K(6464K)->6272K(6464K)
[915.493s][info][gc             ] GC(2531) Pause Young (Allocation Failure) 647M->353M(662M) 2.196ms
[915.493s][info][gc,cpu         ] GC(2531) User=0.01s Sys=0.00s Real=0.00s
[915.644s][info][gc,start       ] GC(2532) Pause Young (Allocation Failure)
[915.645s][info][gc,heap        ] GC(2532) PSYoungGen: 300576K(315392K)->64K(317952K) Eden: 300544K(300544K)->0K(304128K) From: 32K(14848K)->64K(13824K)
[915.645s][info][gc,heap        ] GC(2532) ParOldGen: 362068K(362496K)->362068K(362496K)
[915.645s][info][gc,metaspace   ] GC(2532) Metaspace: 35621K(36352K)->35621K(36352K) NonClass: 29348K(29888K)->29348K(29888K) Class: 6272K(6464K)->6272K(6464K)
[915.645s][info][gc             ] GC(2532) Pause Young (Allocation Failure) 647M->353M(664M) 1.426ms
[915.645s][info][gc,cpu         ] GC(2532) User=0.00s Sys=0.00s Real=0.01s
[916.043s][info][gc,start       ] GC(2533) Pause Young (Allocation Failure)
[916.044s][info][gc,heap        ] GC(2533) PSYoungGen: 304192K(317952K)->64K(317440K) Eden: 304128K(304128K)->0K(304128K) From: 64K(13824K)->64K(13312K)
[916.044s][info][gc,heap        ] GC(2533) ParOldGen: 362068K(362496K)->362076K(362496K)
[916.044s][info][gc,metaspace   ] GC(2533) Metaspace: 35621K(36352K)->35621K(36352K) NonClass: 29348K(29888K)->29348K(29888K) Class: 6272K(6464K)->6272K(6464K)
[916.044s][info][gc             ] GC(2533) Pause Young (Allocation Failure) 650M->353M(664M) 1.456ms
[916.044s][info][gc,cpu         ] GC(2533) User=0.01s Sys=0.00s Real=0.00s
[916.744s][info][gc,start       ] GC(2534) Pause Young (Allocation Failure)
[916.745s][info][gc,heap        ] GC(2534) PSYoungGen: 304192K(317440K)->64K(292352K) Eden: 304128K(304128K)->0K(291840K) From: 64K(13312K)->64K(512K)
[916.745s][info][gc,heap        ] GC(2534) ParOldGen: 362076K(362496K)->362084K(362496K)
[916.745s][info][gc,metaspace   ] GC(2534) Metaspace: 35621K(36352K)->35621K(36352K) NonClass: 29348K(29888K)->29348K(29888K) Class: 6272K(6464K)->6272K(6464K)
[916.745s][info][gc             ] GC(2534) Pause Young (Allocation Failure) 650M->353M(639M) 1.439ms
[916.745s][info][gc,cpu         ] GC(2534) User=0.00s Sys=0.00s Real=0.01s
[917.729s][info][gc,start       ] GC(2535) Pause Young (Allocation Failure)
[917.731s][info][gc,heap        ] GC(2535) PSYoungGen: 291904K(292352K)->64K(291840K) Eden: 291840K(291840K)->0K(280576K) From: 64K(512K)->64K(11264K)
[917.731s][info][gc,heap        ] GC(2535) ParOldGen: 362084K(362496K)->362092K(362496K)
[917.731s][info][gc,metaspace   ] GC(2535) Metaspace: 35621K(36352K)->35621K(36352K) NonClass: 29348K(29888K)->29348K(29888K) Class: 6272K(6464K)->6272K(6464K)
[917.731s][info][gc             ] GC(2535) Pause Young (Allocation Failure) 638M->353M(639M) 1.573ms
[917.731s][info][gc,cpu         ] GC(2535) User=0.01s Sys=0.00s Real=0.00s
[918.184s][info][gc,start       ] GC(2536) Pause Young (Allocation Failure)
[918.186s][info][gc,heap        ] GC(2536) PSYoungGen: 280640K(291840K)->64K(270336K) Eden: 280576K(280576K)->0K(269824K) From: 64K(11264K)->64K(512K)
[918.186s][info][gc,heap        ] GC(2536) ParOldGen: 362092K(362496K)->362100K(362496K)
[918.186s][info][gc,metaspace   ] GC(2536) Metaspace: 35621K(36352K)->35621K(36352K) NonClass: 29348K(29888K)->29348K(29888K) Class: 6272K(6464K)->6272K(6464K)
[918.186s][info][gc             ] GC(2536) Pause Young (Allocation Failure) 627M->353M(618M) 1.924ms
[918.186s][info][gc,cpu         ] GC(2536) User=0.00s Sys=0.00s Real=0.01s
[919.151s][info][gc,start       ] GC(2537) Pause Young (Allocation Failure)
[919.152s][info][gc,heap        ] GC(2537) PSYoungGen: 269888K(270336K)->64K(269824K) Eden: 269824K(269824K)->0K(259584K) From: 64K(512K)->64K(10240K)
[919.152s][info][gc,heap        ] GC(2537) ParOldGen: 362100K(362496K)->362108K(362496K)
[919.153s][info][gc,metaspace   ] GC(2537) Metaspace: 35621K(36352K)->35621K(36352K) NonClass: 29348K(29888K)->29348K(29888K) Class: 6272K(6464K)->6272K(6464K)
[919.153s][info][gc             ] GC(2537) Pause Young (Allocation Failure) 617M->353M(617M) 1.919ms
[919.153s][info][gc,cpu         ] GC(2537) User=0.00s Sys=0.00s Real=0.00s
[919.411s][info][gc,start       ] GC(2538) Pause Young (Allocation Failure)
[919.413s][info][gc,heap        ] GC(2538) PSYoungGen: 259648K(269824K)->64K(250368K) Eden: 259584K(259584K)->0K(249856K) From: 64K(10240K)->64K(512K)
[919.413s][info][gc,heap        ] GC(2538) ParOldGen: 362108K(362496K)->362116K(362496K)
[919.413s][info][gc,metaspace   ] GC(2538) Metaspace: 35621K(36352K)->35621K(36352K) NonClass: 29348K(29888K)->29348K(29888K) Class: 6272K(6464K)->6272K(6464K)
[919.413s][info][gc             ] GC(2538) Pause Young (Allocation Failure) 607M->353M(598M) 1.719ms
[919.413s][info][gc,cpu         ] GC(2538) User=0.00s Sys=0.00s Real=0.00s
[919.784s][info][gc,start       ] GC(2539) Pause Young (Allocation Failure)
[919.785s][info][gc,heap        ] GC(2539) PSYoungGen: 249920K(250368K)->64K(248832K) Eden: 249856K(249856K)->0K(240128K) From: 64K(512K)->64K(8704K)
[919.785s][info][gc,heap        ] GC(2539) ParOldGen: 362116K(362496K)->362124K(362496K)
[919.786s][info][gc,metaspace   ] GC(2539) Metaspace: 35621K(36352K)->35621K(36352K) NonClass: 29348K(29888K)->29348K(29888K) Class: 6272K(6464K)->6272K(6464K)
[919.786s][info][gc             ] GC(2539) Pause Young (Allocation Failure) 597M->353M(597M) 1.960ms
[919.786s][info][gc,cpu         ] GC(2539) User=0.00s Sys=0.00s Real=0.01s
[919.853s][info][gc,start       ] GC(2540) Pause Young (Allocation Failure)
[919.856s][info][gc,heap        ] GC(2540) PSYoungGen: 240192K(248832K)->64K(292352K) Eden: 240128K(240128K)->0K(284672K) From: 64K(8704K)->64K(7680K)
[919.856s][info][gc,heap        ] GC(2540) ParOldGen: 362124K(362496K)->362140K(362496K)
[919.856s][info][gc,metaspace   ] GC(2540) Metaspace: 35621K(36352K)->35621K(36352K) NonClass: 29348K(29888K)->29348K(29888K) Class: 6272K(6464K)->6272K(6464K)
[919.856s][info][gc             ] GC(2540) Pause Young (Allocation Failure) 588M->353M(639M) 2.555ms
[919.856s][info][gc,cpu         ] GC(2540) User=0.00s Sys=0.00s Real=0.01s
[920.456s][info][gc,start       ] GC(2541) Pause Young (Allocation Failure)
[920.458s][info][gc,heap        ] GC(2541) PSYoungGen: 284736K(292352K)->64K(292352K) Eden: 284672K(284672K)->0K(284672K) From: 64K(7680K)->64K(7680K)
[920.458s][info][gc,heap        ] GC(2541) ParOldGen: 362140K(362496K)->362156K(362496K)
[920.458s][info][gc,metaspace   ] GC(2541) Metaspace: 35621K(36352K)->35621K(36352K) NonClass: 29348K(29888K)->29348K(29888K) Class: 6272K(6464K)->6272K(6464K)
[920.458s][info][gc             ] GC(2541) Pause Young (Allocation Failure) 631M->353M(639M) 2.646ms
[920.458s][info][gc,cpu         ] GC(2541) User=0.00s Sys=0.00s Real=0.00s
[920.769s][info][gc,start       ] GC(2542) Pause Young (Allocation Failure)
[920.771s][info][gc,heap        ] GC(2542) PSYoungGen: 284736K(292352K)->64K(325632K) Eden: 284672K(284672K)->0K(318976K) From: 64K(7680K)->64K(6656K)
[920.771s][info][gc,heap        ] GC(2542) ParOldGen: 362156K(362496K)->362172K(362496K)
[920.771s][info][gc,metaspace   ] GC(2542) Metaspace: 35621K(36352K)->35621K(36352K) NonClass: 29348K(29888K)->29348K(29888K) Class: 6272K(6464K)->6272K(6464K)
[920.772s][info][gc             ] GC(2542) Pause Young (Allocation Failure) 631M->353M(672M) 2.618ms
[920.772s][info][gc,cpu         ] GC(2542) User=0.00s Sys=0.00s Real=0.00s
[921.185s][info][gc,start       ] GC(2543) Pause Young (Allocation Failure)
[921.246s][info][gc,heap        ] GC(2543) PSYoungGen: 319040K(325632K)->6656K(325632K) Eden: 318976K(318976K)->0K(318976K) From: 64K(6656K)->6656K(6656K)
[921.246s][info][gc,heap        ] GC(2543) ParOldGen: 362172K(362496K)->383140K(383488K)
[921.246s][info][gc,metaspace   ] GC(2543) Metaspace: 35621K(36352K)->35621K(36352K) NonClass: 29348K(29888K)->29348K(29888K) Class: 6272K(6464K)->6272K(6464K)
[921.246s][info][gc             ] GC(2543) Pause Young (Allocation Failure) 665M->380M(692M) 61.158ms
[921.246s][info][gc,cpu         ] GC(2543) User=0.09s Sys=0.03s Real=0.07s
[921.573s][info][gc,start       ] GC(2544) Pause Young (Allocation Failure)
[921.654s][info][gc,heap        ] GC(2544) PSYoungGen: 325632K(325632K)->8192K(289792K) Eden: 318976K(318976K)->0K(281600K) From: 6656K(6656K)->8192K(8192K)
[921.654s][info][gc,heap        ] GC(2544) ParOldGen: 383140K(383488K)->409396K(409600K)
[921.654s][info][gc,metaspace   ] GC(2544) Metaspace: 35621K(36352K)->35621K(36352K) NonClass: 29348K(29888K)->29348K(29888K) Class: 6272K(6464K)->6272K(6464K)
[921.654s][info][gc             ] GC(2544) Pause Young (Allocation Failure) 692M->407M(683M) 80.799ms
[921.654s][info][gc,cpu         ] GC(2544) User=0.13s Sys=0.03s Real=0.08s
[921.784s][info][gc,start       ] GC(2545) Pause Young (Allocation Failure)
[921.804s][info][gc,heap        ] GC(2545) PSYoungGen: 289792K(289792K)->7744K(307712K) Eden: 281600K(281600K)->0K(281600K) From: 8192K(8192K)->7744K(26112K)
[921.804s][info][gc,heap        ] GC(2545) ParOldGen: 409396K(409600K)->410356K(410624K)
[921.804s][info][gc,metaspace   ] GC(2545) Metaspace: 35621K(36352K)->35621K(36352K) NonClass: 29348K(29888K)->29348K(29888K) Class: 6272K(6464K)->6272K(6464K)
[921.804s][info][gc             ] GC(2545) Pause Young (Allocation Failure) 682M->408M(701M) 20.043ms
[921.804s][info][gc,cpu         ] GC(2545) User=0.04s Sys=0.00s Real=0.02s
[922.266s][info][gc,start       ] GC(2546) Pause Young (Allocation Failure)
[922.268s][info][gc,heap        ] GC(2546) PSYoungGen: 289344K(307712K)->64K(305152K) Eden: 281600K(281600K)->0K(283136K) From: 7744K(26112K)->64K(22016K)
[922.268s][info][gc,heap        ] GC(2546) ParOldGen: 410356K(410624K)->410364K(410624K)
[922.268s][info][gc,metaspace   ] GC(2546) Metaspace: 35621K(36352K)->35621K(36352K) NonClass: 29348K(29888K)->29348K(29888K) Class: 6272K(6464K)->6272K(6464K)
[922.268s][info][gc             ] GC(2546) Pause Young (Allocation Failure) 683M->400M(699M) 1.777ms
[922.268s][info][gc,cpu         ] GC(2546) User=0.00s Sys=0.00s Real=0.00s
[922.828s][info][gc,start       ] GC(2547) Pause Young (Allocation Failure)
[922.830s][info][gc,heap        ] GC(2547) PSYoungGen: 283200K(305152K)->64K(307200K) Eden: 283136K(283136K)->0K(283136K) From: 64K(22016K)->64K(24064K)
[922.830s][info][gc,heap        ] GC(2547) ParOldGen: 410364K(410624K)->410372K(410624K)
[922.830s][info][gc,metaspace   ] GC(2547) Metaspace: 35621K(36352K)->35621K(36352K) NonClass: 29348K(29888K)->29348K(29888K) Class: 6272K(6464K)->6272K(6464K)
[922.830s][info][gc             ] GC(2547) Pause Young (Allocation Failure) 677M->400M(701M) 1.568ms
[922.830s][info][gc,cpu         ] GC(2547) User=0.00s Sys=0.00s Real=0.00s
[923.258s][info][gc,start       ] GC(2548) Pause Young (Allocation Failure)
[923.260s][info][gc,heap        ] GC(2548) PSYoungGen: 283200K(307200K)->64K(307712K) Eden: 283136K(283136K)->0K(286720K) From: 64K(24064K)->64K(20992K)
[923.260s][info][gc,heap        ] GC(2548) ParOldGen: 410372K(410624K)->410388K(410624K)
[923.260s][info][gc,metaspace   ] GC(2548) Metaspace: 35621K(36352K)->35621K(36352K) NonClass: 29348K(29888K)->29348K(29888K) Class: 6272K(6464K)->6272K(6464K)
[923.260s][info][gc             ] GC(2548) Pause Young (Allocation Failure) 677M->400M(701M) 1.574ms
[923.260s][info][gc,cpu         ] GC(2548) User=0.00s Sys=0.00s Real=0.00s
[923.469s][info][gc,start       ] GC(2549) Pause Young (Allocation Failure)
[923.471s][info][gc,heap        ] GC(2549) PSYoungGen: 286784K(307712K)->64K(309248K) Eden: 286720K(286720K)->0K(286720K) From: 64K(20992K)->64K(22528K)
[923.471s][info][gc,heap        ] GC(2549) ParOldGen: 410388K(410624K)->410404K(410624K)
[923.471s][info][gc,metaspace   ] GC(2549) Metaspace: 35621K(36352K)->35621K(36352K) NonClass: 29348K(29888K)->29348K(29888K) Class: 6272K(6464K)->6272K(6464K)
[923.471s][info][gc             ] GC(2549) Pause Young (Allocation Failure) 680M->400M(703M) 1.578ms
[923.471s][info][gc,cpu         ] GC(2549) User=0.00s Sys=0.00s Real=0.00s
[923.678s][info][gc,start       ] GC(2550) Pause Young (Allocation Failure)
[923.680s][info][gc,heap        ] GC(2550) PSYoungGen: 286784K(309248K)->64K(308736K) Eden: 286720K(286720K)->0K(289792K) From: 64K(22528K)->64K(18944K)
[923.680s][info][gc,heap        ] GC(2550) ParOldGen: 410404K(410624K)->410404K(410624K)
[923.680s][info][gc,metaspace   ] GC(2550) Metaspace: 35621K(36352K)->35621K(36352K) NonClass: 29348K(29888K)->29348K(29888K) Class: 6272K(6464K)->6272K(6464K)
[923.680s][info][gc             ] GC(2550) Pause Young (Allocation Failure) 680M->400M(702M) 1.576ms
[923.680s][info][gc,cpu         ] GC(2550) User=0.00s Sys=0.00s Real=0.00s
[924.019s][info][gc,start       ] GC(2551) Pause Young (Allocation Failure)
[924.020s][info][gc,heap        ] GC(2551) PSYoungGen: 289856K(308736K)->64K(310272K) Eden: 289792K(289792K)->0K(289792K) From: 64K(18944K)->64K(20480K)
[924.020s][info][gc,heap        ] GC(2551) ParOldGen: 410404K(410624K)->410404K(410624K)
[924.020s][info][gc,metaspace   ] GC(2551) Metaspace: 35621K(36352K)->35621K(36352K) NonClass: 29348K(29888K)->29348K(29888K) Class: 6272K(6464K)->6272K(6464K)
[924.020s][info][gc             ] GC(2551) Pause Young (Allocation Failure) 683M->400M(704M) 1.574ms
[924.020s][info][gc,cpu         ] GC(2551) User=0.00s Sys=0.00s Real=0.00s
[924.117s][info][gc,start       ] GC(2552) Pause Young (Allocation Failure)
[924.118s][info][gc,heap        ] GC(2552) PSYoungGen: 289856K(310272K)->64K(310784K) Eden: 289792K(289792K)->0K(293888K) From: 64K(20480K)->64K(16896K)
[924.118s][info][gc,heap        ] GC(2552) ParOldGen: 410404K(410624K)->410412K(410624K)
[924.118s][info][gc,metaspace   ] GC(2552) Metaspace: 35621K(36352K)->35621K(36352K) NonClass: 29348K(29888K)->29348K(29888K) Class: 6272K(6464K)->6272K(6464K)
[924.118s][info][gc             ] GC(2552) Pause Young (Allocation Failure) 683M->400M(704M) 1.560ms
[924.118s][info][gc,cpu         ] GC(2552) User=0.01s Sys=0.00s Real=0.00s
[924.172s][info][gc,start       ] GC(2553) Pause Young (Allocation Failure)
[924.174s][info][gc,heap        ] GC(2553) PSYoungGen: 293952K(310784K)->64K(312320K) Eden: 293888K(293888K)->0K(293888K) From: 64K(16896K)->64K(18432K)
[924.174s][info][gc,heap        ] GC(2553) ParOldGen: 410412K(410624K)->410428K(410624K)
[924.174s][info][gc,metaspace   ] GC(2553) Metaspace: 35621K(36352K)->35621K(36352K) NonClass: 29348K(29888K)->29348K(29888K) Class: 6272K(6464K)->6272K(6464K)
[924.174s][info][gc             ] GC(2553) Pause Young (Allocation Failure) 687M->400M(706M) 1.464ms
[924.174s][info][gc,cpu         ] GC(2553) User=0.00s Sys=0.00s Real=0.00s
[924.378s][info][gc,start       ] GC(2554) Pause Young (Allocation Failure)
[924.380s][info][gc,heap        ] GC(2554) PSYoungGen: 293952K(312320K)->64K(312832K) Eden: 293888K(293888K)->0K(297984K) From: 64K(18432K)->64K(14848K)
[924.380s][info][gc,heap        ] GC(2554) ParOldGen: 410428K(410624K)->410428K(410624K)
[924.380s][info][gc,metaspace   ] GC(2554) Metaspace: 35621K(36352K)->35621K(36352K) NonClass: 29348K(29888K)->29348K(29888K) Class: 6272K(6464K)->6272K(6464K)
[924.380s][info][gc             ] GC(2554) Pause Young (Allocation Failure) 687M->400M(706M) 1.547ms
[924.380s][info][gc,cpu         ] GC(2554) User=0.00s Sys=0.00s Real=0.00s
[924.691s][info][gc,start       ] GC(2555) Pause Young (Allocation Failure)
[924.692s][info][gc,heap        ] GC(2555) PSYoungGen: 298048K(312832K)->64K(314368K) Eden: 297984K(297984K)->0K(297984K) From: 64K(14848K)->64K(16384K)
[924.692s][info][gc,heap        ] GC(2555) ParOldGen: 410428K(410624K)->410436K(410624K)
[924.692s][info][gc,metaspace   ] GC(2555) Metaspace: 35621K(36352K)->35621K(36352K) NonClass: 29348K(29888K)->29348K(29888K) Class: 6272K(6464K)->6272K(6464K)
[924.692s][info][gc             ] GC(2555) Pause Young (Allocation Failure) 691M->400M(708M) 1.526ms
[924.692s][info][gc,cpu         ] GC(2555) User=0.00s Sys=0.00s Real=0.00s
[924.836s][info][gc,start       ] GC(2556) Pause Young (Allocation Failure)
[924.837s][info][gc,heap        ] GC(2556) PSYoungGen: 298048K(314368K)->64K(314880K) Eden: 297984K(297984K)->0K(301568K) From: 64K(16384K)->64K(13312K)
[924.837s][info][gc,heap        ] GC(2556) ParOldGen: 410436K(410624K)->410444K(410624K)
[924.837s][info][gc,metaspace   ] GC(2556) Metaspace: 35621K(36352K)->35621K(36352K) NonClass: 29348K(29888K)->29348K(29888K) Class: 6272K(6464K)->6272K(6464K)
[924.837s][info][gc             ] GC(2556) Pause Young (Allocation Failure) 691M->400M(708M) 1.475ms
[924.837s][info][gc,cpu         ] GC(2556) User=0.01s Sys=0.00s Real=0.00s
[924.914s][info][gc,start       ] GC(2557) Pause Young (Allocation Failure)
[924.916s][info][gc,heap        ] GC(2557) PSYoungGen: 301632K(314880K)->64K(316416K) Eden: 301568K(301568K)->0K(301568K) From: 64K(13312K)->64K(14848K)
[924.916s][info][gc,heap        ] GC(2557) ParOldGen: 410444K(410624K)->410460K(410624K)
[924.916s][info][gc,metaspace   ] GC(2557) Metaspace: 35621K(36352K)->35621K(36352K) NonClass: 29348K(29888K)->29348K(29888K) Class: 6272K(6464K)->6272K(6464K)
[924.916s][info][gc             ] GC(2557) Pause Young (Allocation Failure) 695M->400M(710M) 1.375ms
[924.916s][info][gc,cpu         ] GC(2557) User=0.01s Sys=0.00s Real=0.01s
[925.097s][info][gc,start       ] GC(2558) Pause Young (Allocation Failure)
[925.098s][info][gc,heap        ] GC(2558) PSYoungGen: 301632K(316416K)->64K(316416K) Eden: 301568K(301568K)->0K(305152K) From: 64K(14848K)->64K(11264K)
[925.098s][info][gc,heap        ] GC(2558) ParOldGen: 410460K(410624K)->410460K(410624K)
[925.098s][info][gc,metaspace   ] GC(2558) Metaspace: 35621K(36352K)->35621K(36352K) NonClass: 29348K(29888K)->29348K(29888K) Class: 6272K(6464K)->6272K(6464K)
[925.098s][info][gc             ] GC(2558) Pause Young (Allocation Failure) 695M->400M(710M) 1.556ms
[925.098s][info][gc,cpu         ] GC(2558) User=0.00s Sys=0.00s Real=0.00s
[926.078s][info][gc,start       ] GC(2559) Pause Young (Allocation Failure)
[926.080s][info][gc,heap        ] GC(2559) PSYoungGen: 305216K(316416K)->83K(317952K) Eden: 305152K(305152K)->0K(305152K) From: 64K(11264K)->83K(12800K)
[926.080s][info][gc,heap        ] GC(2559) ParOldGen: 410460K(410624K)->410468K(410624K)
[926.080s][info][gc,metaspace   ] GC(2559) Metaspace: 35621K(36352K)->35621K(36352K) NonClass: 29348K(29888K)->29348K(29888K) Class: 6272K(6464K)->6272K(6464K)
[926.080s][info][gc             ] GC(2559) Pause Young (Allocation Failure) 698M->400M(711M) 1.551ms
[926.080s][info][gc,cpu         ] GC(2559) User=0.00s Sys=0.00s Real=0.00s
[926.952s][info][gc,start       ] GC(2560) Pause Young (Allocation Failure)
[926.954s][info][gc,heap        ] GC(2560) PSYoungGen: 305235K(317952K)->64K(293376K) Eden: 305152K(305152K)->0K(292864K) From: 83K(12800K)->64K(512K)
[926.954s][info][gc,heap        ] GC(2560) ParOldGen: 410468K(410624K)->410476K(410624K)
[926.954s][info][gc,metaspace   ] GC(2560) Metaspace: 35621K(36352K)->35621K(36352K) NonClass: 29348K(29888K)->29348K(29888K) Class: 6272K(6464K)->6272K(6464K)
[926.954s][info][gc             ] GC(2560) Pause Young (Allocation Failure) 698M->400M(687M) 2.198ms
[926.954s][info][gc,cpu         ] GC(2560) User=0.01s Sys=0.00s Real=0.00s
[927.233s][info][gc,start       ] GC(2561) Pause Young (Allocation Failure)
[927.234s][info][gc,heap        ] GC(2561) PSYoungGen: 292928K(293376K)->64K(292352K) Eden: 292864K(292864K)->0K(281088K) From: 64K(512K)->64K(11264K)
[927.234s][info][gc,heap        ] GC(2561) ParOldGen: 410476K(410624K)->410484K(410624K)
[927.234s][info][gc,metaspace   ] GC(2561) Metaspace: 35621K(36352K)->35621K(36352K) NonClass: 29348K(29888K)->29348K(29888K) Class: 6272K(6464K)->6272K(6464K)
[927.234s][info][gc             ] GC(2561) Pause Young (Allocation Failure) 686M->400M(686M) 1.581ms
[927.234s][info][gc,cpu         ] GC(2561) User=0.01s Sys=0.00s Real=0.00s
[927.673s][info][gc,start       ] GC(2562) Pause Young (Allocation Failure)
[927.676s][info][gc,heap        ] GC(2562) PSYoungGen: 281152K(292352K)->64K(270848K) Eden: 281088K(281088K)->0K(270336K) From: 64K(11264K)->64K(512K)
[927.676s][info][gc,heap        ] GC(2562) ParOldGen: 410484K(410624K)->410492K(410624K)
[927.676s][info][gc,metaspace   ] GC(2562) Metaspace: 35621K(36352K)->35621K(36352K) NonClass: 29348K(29888K)->29348K(29888K) Class: 6272K(6464K)->6272K(6464K)
[927.676s][info][gc             ] GC(2562) Pause Young (Allocation Failure) 675M->400M(665M) 2.347ms
[927.676s][info][gc,cpu         ] GC(2562) User=0.00s Sys=0.00s Real=0.01s
[928.604s][info][gc,start       ] GC(2563) Pause Young (Allocation Failure)
[928.605s][info][gc,heap        ] GC(2563) PSYoungGen: 270400K(270848K)->64K(269824K) Eden: 270336K(270336K)->0K(260096K) From: 64K(512K)->64K(9728K)
[928.605s][info][gc,heap        ] GC(2563) ParOldGen: 410492K(410624K)->410500K(410624K)
[928.605s][info][gc,metaspace   ] GC(2563) Metaspace: 35621K(36352K)->35621K(36352K) NonClass: 29348K(29888K)->29348K(29888K) Class: 6272K(6464K)->6272K(6464K)
[928.605s][info][gc             ] GC(2563) Pause Young (Allocation Failure) 664M->400M(664M) 1.530ms
[928.605s][info][gc,cpu         ] GC(2563) User=0.00s Sys=0.00s Real=0.01s
[928.952s][info][gc,start       ] GC(2564) Pause Young (Allocation Failure)
[928.954s][info][gc,heap        ] GC(2564) PSYoungGen: 260160K(269824K)->64K(250880K) Eden: 260096K(260096K)->0K(250368K) From: 64K(9728K)->64K(512K)
[928.954s][info][gc,heap        ] GC(2564) ParOldGen: 410500K(410624K)->410508K(410624K)
[928.954s][info][gc,metaspace   ] GC(2564) Metaspace: 35621K(36352K)->35621K(36352K) NonClass: 29348K(29888K)->29348K(29888K) Class: 6272K(6464K)->6272K(6464K)
[928.954s][info][gc             ] GC(2564) Pause Young (Allocation Failure) 654M->400M(646M) 2.264ms
[928.954s][info][gc,cpu         ] GC(2564) User=0.00s Sys=0.00s Real=0.00s
[929.104s][info][gc,start       ] GC(2565) Pause Young (Allocation Failure)
[929.107s][info][gc,heap        ] GC(2565) PSYoungGen: 250432K(250880K)->64K(249344K) Eden: 250368K(250368K)->0K(240640K) From: 64K(512K)->64K(8704K)
[929.107s][info][gc,heap        ] GC(2565) ParOldGen: 410508K(410624K)->410516K(410624K)
[929.107s][info][gc,metaspace   ] GC(2565) Metaspace: 35621K(36352K)->35621K(36352K) NonClass: 29348K(29888K)->29348K(29888K) Class: 6272K(6464K)->6272K(6464K)
[929.107s][info][gc             ] GC(2565) Pause Young (Allocation Failure) 645M->400M(644M) 2.713ms
[929.107s][info][gc,cpu         ] GC(2565) User=0.00s Sys=0.00s Real=0.01s
[929.308s][info][gc,start       ] GC(2566) Pause Young (Allocation Failure)
[929.311s][info][gc,heap        ] GC(2566) PSYoungGen: 240704K(249344K)->64K(231936K) Eden: 240640K(240640K)->0K(231424K) From: 64K(8704K)->64K(512K)
[929.312s][info][gc,heap        ] GC(2566) ParOldGen: 410516K(410624K)->410532K(410624K)
[929.312s][info][gc,metaspace   ] GC(2566) Metaspace: 35621K(36352K)->35621K(36352K) NonClass: 29348K(29888K)->29348K(29888K) Class: 6272K(6464K)->6272K(6464K)
[929.312s][info][gc             ] GC(2566) Pause Young (Allocation Failure) 635M->400M(627M) 3.626ms
[929.312s][info][gc,cpu         ] GC(2566) User=0.00s Sys=0.00s Real=0.00s
[929.801s][info][gc,start       ] GC(2567) Pause Young (Allocation Failure)
[929.804s][info][gc,heap        ] GC(2567) PSYoungGen: 231488K(231936K)->64K(230400K) Eden: 231424K(231424K)->0K(222720K) From: 64K(512K)->64K(7680K)
[929.804s][info][gc,heap        ] GC(2567) ParOldGen: 410532K(410624K)->410540K(410624K)
[929.804s][info][gc,metaspace   ] GC(2567) Metaspace: 35621K(36352K)->35621K(36352K) NonClass: 29348K(29888K)->29348K(29888K) Class: 6272K(6464K)->6272K(6464K)
[929.804s][info][gc             ] GC(2567) Pause Young (Allocation Failure) 626M->400M(626M) 2.852ms
[929.804s][info][gc,cpu         ] GC(2567) User=0.00s Sys=0.00s Real=0.00s
[930.048s][info][gc,start       ] GC(2568) Pause Young (Allocation Failure)
[930.051s][info][gc,heap        ] GC(2568) PSYoungGen: 222784K(230400K)->64K(215040K) Eden: 222720K(222720K)->0K(214528K) From: 64K(7680K)->64K(512K)
[930.052s][info][gc,heap        ] GC(2568) ParOldGen: 410540K(410624K)->410548K(410624K)
[930.052s][info][gc,metaspace   ] GC(2568) Metaspace: 35621K(36352K)->35621K(36352K) NonClass: 29348K(29888K)->29348K(29888K) Class: 6272K(6464K)->6272K(6464K)
[930.052s][info][gc             ] GC(2568) Pause Young (Allocation Failure) 618M->400M(611M) 3.522ms
[930.052s][info][gc,cpu         ] GC(2568) User=0.01s Sys=0.00s Real=0.00s
[930.327s][info][gc,start       ] GC(2569) Pause Young (Allocation Failure)
[930.380s][info][gc,heap        ] GC(2569) PSYoungGen: 214592K(215040K)->6656K(263680K) Eden: 214528K(214528K)->0K(257024K) From: 64K(512K)->6656K(6656K)
[930.380s][info][gc,heap        ] GC(2569) ParOldGen: 410548K(410624K)->421324K(421376K)
[930.380s][info][gc,metaspace   ] GC(2569) Metaspace: 35621K(36352K)->35621K(36352K) NonClass: 29348K(29888K)->29348K(29888K) Class: 6272K(6464K)->6272K(6464K)
[930.380s][info][gc             ] GC(2569) Pause Young (Allocation Failure) 610M->417M(669M) 53.545ms
[930.380s][info][gc,cpu         ] GC(2569) User=0.06s Sys=0.01s Real=0.05s
[930.632s][info][gc,start       ] GC(2570) Pause Young (Allocation Failure)
[930.690s][info][gc,heap        ] GC(2570) PSYoungGen: 263680K(263680K)->6656K(268288K) Eden: 257024K(257024K)->0K(261632K) From: 6656K(6656K)->6656K(6656K)
[930.690s][info][gc,heap        ] GC(2570) ParOldGen: 421324K(421376K)->442196K(442368K)
[930.690s][info][gc,metaspace   ] GC(2570) Metaspace: 35621K(36352K)->35621K(36352K) NonClass: 29348K(29888K)->29348K(29888K) Class: 6272K(6464K)->6272K(6464K)
[930.690s][info][gc             ] GC(2570) Pause Young (Allocation Failure) 668M->438M(694M) 57.232ms
[930.690s][info][gc,cpu         ] GC(2570) User=0.10s Sys=0.01s Real=0.06s
[930.922s][info][gc,start       ] GC(2571) Pause Young (Allocation Failure)
[930.966s][info][gc,heap        ] GC(2571) PSYoungGen: 268288K(268288K)->20480K(282112K) Eden: 261632K(261632K)->0K(261632K) From: 6656K(6656K)->20480K(20480K)
[930.966s][info][gc,heap        ] GC(2571) ParOldGen: 442196K(442368K)->446884K(446976K)
[930.966s][info][gc,metaspace   ] GC(2571) Metaspace: 35621K(36352K)->35621K(36352K) NonClass: 29348K(29888K)->29348K(29888K) Class: 6272K(6464K)->6272K(6464K)
[930.966s][info][gc             ] GC(2571) Pause Young (Allocation Failure) 693M->456M(712M) 44.105ms
[930.966s][info][gc,cpu         ] GC(2571) User=0.09s Sys=0.00s Real=0.05s
[931.047s][info][gc,start       ] GC(2572) Pause Young (Allocation Failure)
[931.050s][info][gc,heap        ] GC(2572) PSYoungGen: 282112K(282112K)->64K(308224K) Eden: 261632K(261632K)->0K(281600K) From: 20480K(20480K)->64K(26624K)
[931.050s][info][gc,heap        ] GC(2572) ParOldGen: 446884K(446976K)->447036K(447488K)
[931.050s][info][gc,metaspace   ] GC(2572) Metaspace: 35621K(36352K)->35621K(36352K) NonClass: 29348K(29888K)->29348K(29888K) Class: 6272K(6464K)->6272K(6464K)
[931.050s][info][gc             ] GC(2572) Pause Young (Allocation Failure) 711M->436M(738M) 2.643ms
[931.050s][info][gc,cpu         ] GC(2572) User=0.01s Sys=0.00s Real=0.00s
[931.643s][info][gc,start       ] GC(2573) Pause Young (Allocation Failure)
[931.644s][info][gc,heap        ] GC(2573) PSYoungGen: 281664K(308224K)->64K(282112K) Eden: 281600K(281600K)->0K(281600K) From: 64K(26624K)->64K(512K)
[931.644s][info][gc,heap        ] GC(2573) ParOldGen: 447036K(447488K)->447044K(447488K)
[931.644s][info][gc,metaspace   ] GC(2573) Metaspace: 35621K(36352K)->35621K(36352K) NonClass: 29348K(29888K)->29348K(29888K) Class: 6272K(6464K)->6272K(6464K)
[931.644s][info][gc             ] GC(2573) Pause Young (Allocation Failure) 711M->436M(712M) 1.693ms
[931.644s][info][gc,cpu         ] GC(2573) User=0.00s Sys=0.00s Real=0.00s
[932.050s][info][gc,start       ] GC(2574) Pause Young (Allocation Failure)
[932.052s][info][gc,heap        ] GC(2574) PSYoungGen: 281664K(282112K)->64K(306688K) Eden: 281600K(281600K)->0K(282112K) From: 64K(512K)->64K(24576K)
[932.052s][info][gc,heap        ] GC(2574) ParOldGen: 447044K(447488K)->447052K(447488K)
[932.052s][info][gc,metaspace   ] GC(2574) Metaspace: 35621K(36352K)->35621K(36352K) NonClass: 29348K(29888K)->29348K(29888K) Class: 6272K(6464K)->6272K(6464K)
[932.052s][info][gc             ] GC(2574) Pause Young (Allocation Failure) 711M->436M(736M) 1.768ms
[932.052s][info][gc,cpu         ] GC(2574) User=0.00s Sys=0.00s Real=0.00s
[932.489s][info][gc,start       ] GC(2575) Pause Young (Allocation Failure)
[932.491s][info][gc,heap        ] GC(2575) PSYoungGen: 282176K(306688K)->64K(306176K) Eden: 282112K(282112K)->0K(282112K) From: 64K(24576K)->64K(24064K)
[932.491s][info][gc,heap        ] GC(2575) ParOldGen: 447052K(447488K)->447068K(447488K)
[932.491s][info][gc,metaspace   ] GC(2575) Metaspace: 35621K(36352K)->35621K(36352K) NonClass: 29348K(29888K)->29348K(29888K) Class: 6272K(6464K)->6272K(6464K)
[932.491s][info][gc             ] GC(2575) Pause Young (Allocation Failure) 712M->436M(736M) 1.756ms
[932.491s][info][gc,cpu         ] GC(2575) User=0.00s Sys=0.00s Real=0.00s
[932.702s][info][gc,start       ] GC(2576) Pause Young (Allocation Failure)
[932.704s][info][gc,heap        ] GC(2576) PSYoungGen: 282176K(306176K)->64K(308736K) Eden: 282112K(282112K)->0K(286208K) From: 64K(24064K)->64K(22528K)
[932.704s][info][gc,heap        ] GC(2576) ParOldGen: 447068K(447488K)->447084K(447488K)
[932.704s][info][gc,metaspace   ] GC(2576) Metaspace: 35621K(36352K)->35621K(36352K) NonClass: 29348K(29888K)->29348K(29888K) Class: 6272K(6464K)->6272K(6464K)
[932.704s][info][gc             ] GC(2576) Pause Young (Allocation Failure) 712M->436M(738M) 1.787ms
[932.704s][info][gc,cpu         ] GC(2576) User=0.00s Sys=0.00s Real=0.00s
[932.923s][info][gc,start       ] GC(2577) Pause Young (Allocation Failure)
[932.925s][info][gc,heap        ] GC(2577) PSYoungGen: 286272K(308736K)->64K(308224K) Eden: 286208K(286208K)->0K(286208K) From: 64K(22528K)->64K(22016K)
[932.925s][info][gc,heap        ] GC(2577) ParOldGen: 447084K(447488K)->447084K(447488K)
[932.925s][info][gc,metaspace   ] GC(2577) Metaspace: 35621K(36352K)->35621K(36352K) NonClass: 29348K(29888K)->29348K(29888K) Class: 6272K(6464K)->6272K(6464K)
[932.925s][info][gc             ] GC(2577) Pause Young (Allocation Failure) 716M->436M(738M) 1.679ms
[932.925s][info][gc,cpu         ] GC(2577) User=0.01s Sys=0.00s Real=0.00s
[933.274s][info][gc,start       ] GC(2578) Pause Young (Allocation Failure)
[933.275s][info][gc,heap        ] GC(2578) PSYoungGen: 286272K(308224K)->64K(310272K) Eden: 286208K(286208K)->0K(290816K) From: 64K(22016K)->64K(19456K)
[933.275s][info][gc,heap        ] GC(2578) ParOldGen: 447084K(447488K)->447084K(447488K)
[933.275s][info][gc,metaspace   ] GC(2578) Metaspace: 35621K(36352K)->35621K(36352K) NonClass: 29348K(29888K)->29348K(29888K) Class: 6272K(6464K)->6272K(6464K)
[933.275s][info][gc             ] GC(2578) Pause Young (Allocation Failure) 716M->436M(740M) 1.697ms
[933.275s][info][gc,cpu         ] GC(2578) User=0.00s Sys=0.00s Real=0.01s
[933.331s][info][gc,start       ] GC(2579) Pause Young (Allocation Failure)
[933.333s][info][gc,heap        ] GC(2579) PSYoungGen: 290880K(310272K)->64K(310272K) Eden: 290816K(290816K)->0K(290816K) From: 64K(19456K)->64K(19456K)
[933.333s][info][gc,heap        ] GC(2579) ParOldGen: 447084K(447488K)->447100K(447488K)
[933.333s][info][gc,metaspace   ] GC(2579) Metaspace: 35621K(36352K)->35621K(36352K) NonClass: 29348K(29888K)->29348K(29888K) Class: 6272K(6464K)->6272K(6464K)
[933.333s][info][gc             ] GC(2579) Pause Young (Allocation Failure) 720M->436M(740M) 1.579ms
[933.333s][info][gc,cpu         ] GC(2579) User=0.00s Sys=0.00s Real=0.00s
[933.387s][info][gc,start       ] GC(2580) Pause Young (Allocation Failure)
[933.388s][info][gc,heap        ] GC(2580) PSYoungGen: 290880K(310272K)->64K(313344K) Eden: 290816K(290816K)->0K(295936K) From: 64K(19456K)->64K(17408K)
[933.388s][info][gc,heap        ] GC(2580) ParOldGen: 447100K(447488K)->447100K(447488K)
[933.388s][info][gc,metaspace   ] GC(2580) Metaspace: 35621K(36352K)->35621K(36352K) NonClass: 29348K(29888K)->29348K(29888K) Class: 6272K(6464K)->6272K(6464K)
[933.388s][info][gc             ] GC(2580) Pause Young (Allocation Failure) 720M->436M(743M) 1.616ms
[933.388s][info][gc,cpu         ] GC(2580) User=0.00s Sys=0.00s Real=0.00s
[933.670s][info][gc,start       ] GC(2581) Pause Young (Allocation Failure)
[933.672s][info][gc,heap        ] GC(2581) PSYoungGen: 296000K(313344K)->64K(313344K) Eden: 295936K(295936K)->0K(295936K) From: 64K(17408K)->64K(17408K)
[933.672s][info][gc,heap        ] GC(2581) ParOldGen: 447100K(447488K)->447100K(447488K)
[933.672s][info][gc,metaspace   ] GC(2581) Metaspace: 35621K(36352K)->35621K(36352K) NonClass: 29348K(29888K)->29348K(29888K) Class: 6272K(6464K)->6272K(6464K)
[933.672s][info][gc             ] GC(2581) Pause Young (Allocation Failure) 725M->436M(743M) 1.703ms
[933.672s][info][gc,cpu         ] GC(2581) User=0.00s Sys=0.00s Real=0.00s
[933.954s][info][gc,start       ] GC(2582) Pause Young (Allocation Failure)
[933.955s][info][gc,heap        ] GC(2582) PSYoungGen: 296000K(313344K)->64K(315392K) Eden: 295936K(295936K)->0K(300032K) From: 64K(17408K)->64K(15360K)
[933.955s][info][gc,heap        ] GC(2582) ParOldGen: 447100K(447488K)->447108K(447488K)
[933.955s][info][gc,metaspace   ] GC(2582) Metaspace: 35621K(36352K)->35621K(36352K) NonClass: 29348K(29888K)->29348K(29888K) Class: 6272K(6464K)->6272K(6464K)
[933.955s][info][gc             ] GC(2582) Pause Young (Allocation Failure) 725M->436M(745M) 1.773ms
[933.955s][info][gc,cpu         ] GC(2582) User=0.00s Sys=0.00s Real=0.01s
[934.079s][info][gc,start       ] GC(2583) Pause Young (Allocation Failure)
[934.080s][info][gc,heap        ] GC(2583) PSYoungGen: 300096K(315392K)->64K(315392K) Eden: 300032K(300032K)->0K(300032K) From: 64K(15360K)->64K(15360K)
[934.080s][info][gc,heap        ] GC(2583) ParOldGen: 447108K(447488K)->447116K(447488K)
[934.080s][info][gc,metaspace   ] GC(2583) Metaspace: 35621K(36352K)->35621K(36352K) NonClass: 29348K(29888K)->29348K(29888K) Class: 6272K(6464K)->6272K(6464K)
[934.080s][info][gc             ] GC(2583) Pause Young (Allocation Failure) 729M->436M(745M) 1.744ms
[934.080s][info][gc,cpu         ] GC(2583) User=0.01s Sys=0.00s Real=0.00s
[934.180s][info][gc,start       ] GC(2584) Pause Young (Allocation Failure)
[934.181s][info][gc,heap        ] GC(2584) PSYoungGen: 300096K(315392K)->64K(316928K) Eden: 300032K(300032K)->0K(303616K) From: 64K(15360K)->64K(13312K)
[934.181s][info][gc,heap        ] GC(2584) ParOldGen: 447116K(447488K)->447124K(447488K)
[934.181s][info][gc,metaspace   ] GC(2584) Metaspace: 35621K(36352K)->35621K(36352K) NonClass: 29348K(29888K)->29348K(29888K) Class: 6272K(6464K)->6272K(6464K)
[934.181s][info][gc             ] GC(2584) Pause Young (Allocation Failure) 729M->436M(746M) 1.718ms
[934.181s][info][gc,cpu         ] GC(2584) User=0.00s Sys=0.00s Real=0.00s
[934.373s][info][gc,start       ] GC(2585) Pause Young (Allocation Failure)
[934.375s][info][gc,heap        ] GC(2585) PSYoungGen: 303680K(316928K)->64K(317440K) Eden: 303616K(303616K)->0K(303616K) From: 64K(13312K)->64K(13824K)
[934.375s][info][gc,heap        ] GC(2585) ParOldGen: 447124K(447488K)->447132K(447488K)
[934.375s][info][gc,metaspace   ] GC(2585) Metaspace: 35621K(36352K)->35621K(36352K) NonClass: 29348K(29888K)->29348K(29888K) Class: 6272K(6464K)->6272K(6464K)
[934.375s][info][gc             ] GC(2585) Pause Young (Allocation Failure) 733M->436M(747M) 1.663ms
[934.375s][info][gc,cpu         ] GC(2585) User=0.00s Sys=0.00s Real=0.00s
[935.296s][info][gc,start       ] GC(2586) Pause Young (Allocation Failure)
[935.298s][info][gc,heap        ] GC(2586) PSYoungGen: 303680K(317440K)->83K(318464K) Eden: 303616K(303616K)->0K(307200K) From: 64K(13824K)->83K(11264K)
[935.298s][info][gc,heap        ] GC(2586) ParOldGen: 447132K(447488K)->447140K(447488K)
[935.298s][info][gc,metaspace   ] GC(2586) Metaspace: 35621K(36352K)->35621K(36352K) NonClass: 29348K(29888K)->29348K(29888K) Class: 6272K(6464K)->6272K(6464K)
[935.298s][info][gc             ] GC(2586) Pause Young (Allocation Failure) 733M->436M(748M) 1.746ms
[935.298s][info][gc,cpu         ] GC(2586) User=0.00s Sys=0.00s Real=0.00s
[936.160s][info][gc,start       ] GC(2587) Pause Young (Allocation Failure)
[936.162s][info][gc,heap        ] GC(2587) PSYoungGen: 307283K(318464K)->64K(295424K) Eden: 307200K(307200K)->0K(294912K) From: 83K(11264K)->64K(512K)
[936.162s][info][gc,heap        ] GC(2587) ParOldGen: 447140K(447488K)->447148K(447488K)
[936.162s][info][gc,metaspace   ] GC(2587) Metaspace: 35621K(36352K)->35621K(36352K) NonClass: 29348K(29888K)->29348K(29888K) Class: 6272K(6464K)->6272K(6464K)
[936.162s][info][gc             ] GC(2587) Pause Young (Allocation Failure) 736M->436M(725M) 1.671ms
[936.162s][info][gc,cpu         ] GC(2587) User=0.00s Sys=0.00s Real=0.00s
[936.533s][info][gc,start       ] GC(2588) Pause Young (Allocation Failure)
[936.534s][info][gc,heap        ] GC(2588) PSYoungGen: 294976K(295424K)->64K(283648K) Eden: 294912K(294912K)->0K(283136K) From: 64K(512K)->64K(512K)
[936.534s][info][gc,heap        ] GC(2588) ParOldGen: 447148K(447488K)->447156K(447488K)
[936.534s][info][gc,metaspace   ] GC(2588) Metaspace: 35621K(36352K)->35621K(36352K) NonClass: 29348K(29888K)->29348K(29888K) Class: 6272K(6464K)->6272K(6464K)
[936.535s][info][gc             ] GC(2588) Pause Young (Allocation Failure) 724M->436M(714M) 1.710ms
[936.535s][info][gc,cpu         ] GC(2588) User=0.00s Sys=0.00s Real=0.00s
[937.047s][info][gc,start       ] GC(2589) Pause Young (Allocation Failure)
[937.049s][info][gc,heap        ] GC(2589) PSYoungGen: 283200K(283648K)->64K(282112K) Eden: 283136K(283136K)->0K(271872K) From: 64K(512K)->64K(10240K)
[937.049s][info][gc,heap        ] GC(2589) ParOldGen: 447156K(447488K)->447164K(447488K)
[937.049s][info][gc,metaspace   ] GC(2589) Metaspace: 35621K(36352K)->35621K(36352K) NonClass: 29348K(29888K)->29348K(29888K) Class: 6272K(6464K)->6272K(6464K)
[937.049s][info][gc             ] GC(2589) Pause Young (Allocation Failure) 713M->436M(712M) 1.677ms
[937.049s][info][gc,cpu         ] GC(2589) User=0.00s Sys=0.00s Real=0.00s
[937.807s][info][gc,start       ] GC(2590) Pause Young (Allocation Failure)
[937.809s][info][gc,heap        ] GC(2590) PSYoungGen: 271936K(282112K)->64K(261632K) Eden: 271872K(271872K)->0K(261120K) From: 64K(10240K)->64K(512K)
[937.809s][info][gc,heap        ] GC(2590) ParOldGen: 447164K(447488K)->447172K(447488K)
[937.809s][info][gc,metaspace   ] GC(2590) Metaspace: 35621K(36352K)->35621K(36352K) NonClass: 29348K(29888K)->29348K(29888K) Class: 6272K(6464K)->6272K(6464K)
[937.809s][info][gc             ] GC(2590) Pause Young (Allocation Failure) 702M->436M(692M) 2.301ms
[937.809s][info][gc,cpu         ] GC(2590) User=0.00s Sys=0.00s Real=0.00s
[938.187s][info][gc,start       ] GC(2591) Pause Young (Allocation Failure)
[938.190s][info][gc,heap        ] GC(2591) PSYoungGen: 261184K(261632K)->64K(260096K) Eden: 261120K(261120K)->0K(250880K) From: 64K(512K)->64K(9216K)
[938.190s][info][gc,heap        ] GC(2591) ParOldGen: 447172K(447488K)->447180K(447488K)
[938.190s][info][gc,metaspace   ] GC(2591) Metaspace: 35621K(36352K)->35621K(36352K) NonClass: 29348K(29888K)->29348K(29888K) Class: 6272K(6464K)->6272K(6464K)
[938.190s][info][gc             ] GC(2591) Pause Young (Allocation Failure) 691M->436M(691M) 2.908ms
[938.190s][info][gc,cpu         ] GC(2591) User=0.00s Sys=0.00s Real=0.00s
[938.267s][info][gc,start       ] GC(2592) Pause Young (Allocation Failure)
[938.270s][info][gc,heap        ] GC(2592) PSYoungGen: 250944K(260096K)->64K(292352K) Eden: 250880K(250880K)->0K(283648K) From: 64K(9216K)->64K(8704K)
[938.270s][info][gc,heap        ] GC(2592) ParOldGen: 447180K(447488K)->447188K(447488K)
[938.270s][info][gc,metaspace   ] GC(2592) Metaspace: 35621K(36352K)->35621K(36352K) NonClass: 29348K(29888K)->29348K(29888K) Class: 6272K(6464K)->6272K(6464K)
[938.270s][info][gc             ] GC(2592) Pause Young (Allocation Failure) 681M->436M(722M) 2.993ms
[938.270s][info][gc,cpu         ] GC(2592) User=0.00s Sys=0.00s Real=0.00s
[938.769s][info][gc,start       ] GC(2593) Pause Young (Allocation Failure)
[938.772s][info][gc,heap        ] GC(2593) PSYoungGen: 283712K(292352K)->64K(291328K) Eden: 283648K(283648K)->0K(283648K) From: 64K(8704K)->64K(7680K)
[938.772s][info][gc,heap        ] GC(2593) ParOldGen: 447188K(447488K)->447196K(447488K)
[938.772s][info][gc,metaspace   ] GC(2593) Metaspace: 35621K(36352K)->35621K(36352K) NonClass: 29348K(29888K)->29348K(29888K) Class: 6272K(6464K)->6272K(6464K)
[938.772s][info][gc             ] GC(2593) Pause Young (Allocation Failure) 713M->436M(721M) 3.018ms
[938.772s][info][gc,cpu         ] GC(2593) User=0.00s Sys=0.00s Real=0.00s
[939.110s][info][gc,start       ] GC(2594) Pause Young (Allocation Failure)
[939.113s][info][gc,heap        ] GC(2594) PSYoungGen: 283712K(291328K)->64K(325120K) Eden: 283648K(283648K)->0K(317952K) From: 64K(7680K)->64K(7168K)
[939.113s][info][gc,heap        ] GC(2594) ParOldGen: 447196K(447488K)->447212K(447488K)
[939.113s][info][gc,metaspace   ] GC(2594) Metaspace: 35621K(36352K)->35621K(36352K) NonClass: 29348K(29888K)->29348K(29888K) Class: 6272K(6464K)->6272K(6464K)
[939.113s][info][gc             ] GC(2594) Pause Young (Allocation Failure) 713M->436M(754M) 3.007ms
[939.113s][info][gc,cpu         ] GC(2594) User=0.00s Sys=0.00s Real=0.00s
[939.535s][info][gc,start       ] GC(2595) Pause Young (Allocation Failure)
[939.602s][info][gc,heap        ] GC(2595) PSYoungGen: 318016K(325120K)->6656K(324608K) Eden: 317952K(317952K)->0K(317952K) From: 64K(7168K)->6656K(6656K)
[939.603s][info][gc,heap        ] GC(2595) ParOldGen: 447212K(447488K)->463908K(464384K)
[939.603s][info][gc,metaspace   ] GC(2595) Metaspace: 35621K(36352K)->35621K(36352K) NonClass: 29348K(29888K)->29348K(29888K) Class: 6272K(6464K)->6272K(6464K)
[939.603s][info][gc             ] GC(2595) Pause Young (Allocation Failure) 747M->459M(770M) 67.711ms
[939.603s][info][gc,cpu         ] GC(2595) User=0.08s Sys=0.02s Real=0.07s
[939.918s][info][gc,start       ] GC(2596) Pause Young (Allocation Failure)
[939.997s][info][gc,heap        ] GC(2596) PSYoungGen: 324608K(324608K)->9216K(292864K) Eden: 317952K(317952K)->0K(283648K) From: 6656K(6656K)->9216K(9216K)
[939.997s][info][gc,heap        ] GC(2596) ParOldGen: 463908K(464384K)->488868K(488960K)
[939.997s][info][gc,metaspace   ] GC(2596) Metaspace: 35621K(36352K)->35621K(36352K) NonClass: 29348K(29888K)->29348K(29888K) Class: 6272K(6464K)->6272K(6464K)
[939.997s][info][gc             ] GC(2596) Pause Young (Allocation Failure) 770M->486M(763M) 79.686ms
[939.997s][info][gc,cpu         ] GC(2596) User=0.13s Sys=0.02s Real=0.08s
[940.155s][info][gc,start       ] GC(2597) Pause Young (Allocation Failure)
[940.181s][info][gc,heap        ] GC(2597) PSYoungGen: 292864K(292864K)->12096K(295936K) Eden: 283648K(283648K)->0K(283648K) From: 9216K(9216K)->12096K(12288K)
[940.181s][info][gc,heap        ] GC(2597) ParOldGen: 488868K(488960K)->489796K(489984K)
[940.181s][info][gc,metaspace   ] GC(2597) Metaspace: 35621K(36352K)->35621K(36352K) NonClass: 29348K(29888K)->29348K(29888K) Class: 6272K(6464K)->6272K(6464K)
[940.181s][info][gc             ] GC(2597) Pause Young (Allocation Failure) 763M->490M(767M) 26.573ms
[940.181s][info][gc,cpu         ] GC(2597) User=0.05s Sys=0.00s Real=0.03s
[940.547s][info][gc,start       ] GC(2598) Pause Young (Allocation Failure)
[940.549s][info][gc,heap        ] GC(2598) PSYoungGen: 295744K(295936K)->64K(309248K) Eden: 283648K(283648K)->0K(283648K) From: 12096K(12288K)->64K(25600K)
[940.549s][info][gc,heap        ] GC(2598) ParOldGen: 489796K(489984K)->489804K(489984K)
[940.549s][info][gc,metaspace   ] GC(2598) Metaspace: 35621K(36352K)->35621K(36352K) NonClass: 29348K(29888K)->29348K(29888K) Class: 6272K(6464K)->6272K(6464K)
[940.549s][info][gc             ] GC(2598) Pause Young (Allocation Failure) 767M->478M(780M) 1.753ms
[940.549s][info][gc,cpu         ] GC(2598) User=0.00s Sys=0.00s Real=0.00s
[941.177s][info][gc,start       ] GC(2599) Pause Young (Allocation Failure)
[941.179s][info][gc,heap        ] GC(2599) PSYoungGen: 283712K(309248K)->160K(284160K) Eden: 283648K(283648K)->0K(283648K) From: 64K(25600K)->160K(512K)
[941.179s][info][gc,heap        ] GC(2599) ParOldGen: 489804K(489984K)->489812K(489984K)
[941.179s][info][gc,metaspace   ] GC(2599) Metaspace: 35693K(36352K)->35693K(36352K) NonClass: 29419K(29888K)->29419K(29888K) Class: 6273K(6464K)->6273K(6464K)
[941.179s][info][gc             ] GC(2599) Pause Young (Allocation Failure) 755M->478M(756M) 2.520ms
[941.179s][info][gc,cpu         ] GC(2599) User=0.01s Sys=0.00s Real=0.00s
[941.625s][info][gc,start       ] GC(2600) Pause Young (Allocation Failure)
[941.627s][info][gc,heap        ] GC(2600) PSYoungGen: 283808K(284160K)->64K(308736K) Eden: 283648K(283648K)->0K(284672K) From: 160K(512K)->64K(24064K)
[941.627s][info][gc,heap        ] GC(2600) ParOldGen: 489812K(489984K)->489908K(489984K)
[941.627s][info][gc,metaspace   ] GC(2600) Metaspace: 35693K(36352K)->35693K(36352K) NonClass: 29419K(29888K)->29419K(29888K) Class: 6273K(6464K)->6273K(6464K)
[941.627s][info][gc             ] GC(2600) Pause Young (Allocation Failure) 755M->478M(780M) 1.913ms
[941.627s][info][gc,cpu         ] GC(2600) User=0.00s Sys=0.00s Real=0.01s
[941.831s][info][gc,start       ] GC(2601) Pause Young (Allocation Failure)
[941.833s][info][gc,heap        ] GC(2601) PSYoungGen: 284736K(308736K)->64K(307712K) Eden: 284672K(284672K)->0K(284672K) From: 64K(24064K)->64K(23040K)
[941.833s][info][gc,heap        ] GC(2601) ParOldGen: 489908K(489984K)->489924K(489984K)
[941.833s][info][gc,metaspace   ] GC(2601) Metaspace: 35693K(36352K)->35693K(36352K) NonClass: 29419K(29888K)->29419K(29888K) Class: 6273K(6464K)->6273K(6464K)
[941.833s][info][gc             ] GC(2601) Pause Young (Allocation Failure) 756M->478M(779M) 1.775ms
[941.833s][info][gc,cpu         ] GC(2601) User=0.00s Sys=0.00s Real=0.00s
[942.039s][info][gc,start       ] GC(2602) Pause Young (Allocation Failure)
[942.040s][info][gc,heap        ] GC(2602) PSYoungGen: 284736K(307712K)->64K(309760K) Eden: 284672K(284672K)->0K(287744K) From: 64K(23040K)->64K(22016K)
[942.040s][info][gc,heap        ] GC(2602) ParOldGen: 489924K(489984K)->489924K(489984K)
[942.040s][info][gc,metaspace   ] GC(2602) Metaspace: 35693K(36352K)->35693K(36352K) NonClass: 29419K(29888K)->29419K(29888K) Class: 6273K(6464K)->6273K(6464K)
[942.040s][info][gc             ] GC(2602) Pause Young (Allocation Failure) 756M->478M(781M) 1.541ms
[942.040s][info][gc,cpu         ] GC(2602) User=0.00s Sys=0.00s Real=0.00s
[942.361s][info][gc,start       ] GC(2603) Pause Young (Allocation Failure)
[942.362s][info][gc,heap        ] GC(2603) PSYoungGen: 287808K(309760K)->64K(308736K) Eden: 287744K(287744K)->0K(287744K) From: 64K(22016K)->64K(20992K)
[942.362s][info][gc,heap        ] GC(2603) ParOldGen: 489924K(489984K)->489924K(489984K)
[942.362s][info][gc,metaspace   ] GC(2603) Metaspace: 35693K(36352K)->35693K(36352K) NonClass: 29419K(29888K)->29419K(29888K) Class: 6273K(6464K)->6273K(6464K)
[942.362s][info][gc             ] GC(2603) Pause Young (Allocation Failure) 759M->478M(780M) 1.590ms
[942.363s][info][gc,cpu         ] GC(2603) User=0.00s Sys=0.00s Real=0.00s
[942.506s][info][gc,start       ] GC(2604) Pause Young (Allocation Failure)
[942.508s][info][gc,heap        ] GC(2604) PSYoungGen: 287808K(308736K)->64K(311808K) Eden: 287744K(287744K)->0K(291840K) From: 64K(20992K)->64K(19968K)
[942.508s][info][gc,heap        ] GC(2604) ParOldGen: 489924K(489984K)->489932K(489984K)
[942.508s][info][gc,metaspace   ] GC(2604) Metaspace: 35693K(36352K)->35693K(36352K) NonClass: 29419K(29888K)->29419K(29888K) Class: 6273K(6464K)->6273K(6464K)
[942.508s][info][gc             ] GC(2604) Pause Young (Allocation Failure) 759M->478M(783M) 1.751ms
[942.508s][info][gc,cpu         ] GC(2604) User=0.01s Sys=0.00s Real=0.00s
[942.562s][info][gc,start       ] GC(2605) Pause Young (Allocation Failure)
[942.564s][info][gc,heap        ] GC(2605) PSYoungGen: 291904K(311808K)->64K(310784K) Eden: 291840K(291840K)->0K(291840K) From: 64K(19968K)->64K(18944K)
[942.564s][info][gc,heap        ] GC(2605) ParOldGen: 489932K(489984K)->489948K(489984K)
[942.564s][info][gc,metaspace   ] GC(2605) Metaspace: 35693K(36352K)->35693K(36352K) NonClass: 29419K(29888K)->29419K(29888K) Class: 6273K(6464K)->6273K(6464K)
[942.564s][info][gc             ] GC(2605) Pause Young (Allocation Failure) 763M->478M(782M) 1.593ms
[942.564s][info][gc,cpu         ] GC(2605) User=0.00s Sys=0.00s Real=0.00s
[942.704s][info][gc,start       ] GC(2606) Pause Young (Allocation Failure)
[942.706s][info][gc,heap        ] GC(2606) PSYoungGen: 291904K(310784K)->64K(313856K) Eden: 291840K(291840K)->0K(295936K) From: 64K(18944K)->64K(17920K)
[942.706s][info][gc,heap        ] GC(2606) ParOldGen: 489948K(489984K)->489948K(489984K)
[942.706s][info][gc,metaspace   ] GC(2606) Metaspace: 35693K(36352K)->35693K(36352K) NonClass: 29419K(29888K)->29419K(29888K) Class: 6273K(6464K)->6273K(6464K)
[942.706s][info][gc             ] GC(2606) Pause Young (Allocation Failure) 763M->478M(785M) 1.789ms
[942.706s][info][gc,cpu         ] GC(2606) User=0.00s Sys=0.00s Real=0.01s
[943.049s][info][gc,start       ] GC(2607) Pause Young (Allocation Failure)
[943.051s][info][gc,heap        ] GC(2607) PSYoungGen: 296000K(313856K)->64K(312832K) Eden: 295936K(295936K)->0K(295936K) From: 64K(17920K)->64K(16896K)
[943.051s][info][gc,heap        ] GC(2607) ParOldGen: 489948K(489984K)->489964K(489984K)
[943.051s][info][gc,metaspace   ] GC(2607) Metaspace: 35693K(36352K)->35693K(36352K) NonClass: 29419K(29888K)->29419K(29888K) Class: 6273K(6464K)->6273K(6464K)
[943.051s][info][gc             ] GC(2607) Pause Young (Allocation Failure) 767M->478M(784M) 1.765ms
[943.051s][info][gc,cpu         ] GC(2607) User=0.00s Sys=0.00s Real=0.00s
[943.240s][info][gc,start       ] GC(2608) Pause Young (Allocation Failure)
[943.242s][info][gc,heap        ] GC(2608) PSYoungGen: 296000K(312832K)->64K(315904K) Eden: 295936K(295936K)->0K(300032K) From: 64K(16896K)->64K(15872K)
[943.242s][info][gc,heap        ] GC(2608) ParOldGen: 489964K(489984K)->489964K(489984K)
[943.242s][info][gc,metaspace   ] GC(2608) Metaspace: 35693K(36352K)->35693K(36352K) NonClass: 29419K(29888K)->29419K(29888K) Class: 6273K(6464K)->6273K(6464K)
[943.242s][info][gc             ] GC(2608) Pause Young (Allocation Failure) 767M->478M(787M) 1.822ms
[943.242s][info][gc,cpu         ] GC(2608) User=0.00s Sys=0.00s Real=0.00s
[943.321s][info][gc,start       ] GC(2609) Pause Young (Allocation Failure)
[943.323s][info][gc,heap        ] GC(2609) PSYoungGen: 300096K(315904K)->64K(314880K) Eden: 300032K(300032K)->0K(300032K) From: 64K(15872K)->64K(14848K)
[943.323s][info][gc,heap        ] GC(2609) ParOldGen: 489964K(489984K)->489980K(489984K)
[943.323s][info][gc,metaspace   ] GC(2609) Metaspace: 35693K(36352K)->35693K(36352K) NonClass: 29419K(29888K)->29419K(29888K) Class: 6273K(6464K)->6273K(6464K)
[943.323s][info][gc             ] GC(2609) Pause Young (Allocation Failure) 771M->478M(786M) 1.822ms
[943.323s][info][gc,cpu         ] GC(2609) User=0.00s Sys=0.00s Real=0.00s
[943.483s][info][gc,start       ] GC(2610) Pause Young (Allocation Failure)
[943.484s][info][gc,heap        ] GC(2610) PSYoungGen: 300096K(314880K)->64K(317952K) Eden: 300032K(300032K)->0K(304128K) From: 64K(14848K)->64K(13824K)
[943.484s][info][gc,heap        ] GC(2610) ParOldGen: 489980K(489984K)->489980K(489984K)
[943.484s][info][gc,metaspace   ] GC(2610) Metaspace: 35693K(36352K)->35693K(36352K) NonClass: 29419K(29888K)->29419K(29888K) Class: 6273K(6464K)->6273K(6464K)
[943.485s][info][gc             ] GC(2610) Pause Young (Allocation Failure) 771M->478M(789M) 1.807ms
[943.485s][info][gc,cpu         ] GC(2610) User=0.00s Sys=0.00s Real=0.00s
[943.887s][info][gc,start       ] GC(2611) Pause Young (Allocation Failure)
[943.889s][info][gc,heap        ] GC(2611) PSYoungGen: 304192K(317952K)->64K(317440K) Eden: 304128K(304128K)->0K(304128K) From: 64K(13824K)->64K(13312K)
[943.889s][info][gc,heap        ] GC(2611) ParOldGen: 489980K(489984K)->489988K(490496K)
[943.889s][info][gc,metaspace   ] GC(2611) Metaspace: 35693K(36352K)->35693K(36352K) NonClass: 29419K(29888K)->29419K(29888K) Class: 6273K(6464K)->6273K(6464K)
[943.889s][info][gc             ] GC(2611) Pause Young (Allocation Failure) 775M->478M(789M) 1.813ms
[943.889s][info][gc,cpu         ] GC(2611) User=0.01s Sys=0.00s Real=0.00s
[944.867s][info][gc,start       ] GC(2612) Pause Young (Allocation Failure)
[944.869s][info][gc,heap        ] GC(2612) PSYoungGen: 304192K(317440K)->64K(292352K) Eden: 304128K(304128K)->0K(291840K) From: 64K(13312K)->64K(512K)
[944.869s][info][gc,heap        ] GC(2612) ParOldGen: 489988K(490496K)->489996K(490496K)
[944.869s][info][gc,metaspace   ] GC(2612) Metaspace: 35693K(36352K)->35693K(36352K) NonClass: 29419K(29888K)->29419K(29888K) Class: 6273K(6464K)->6273K(6464K)
[944.869s][info][gc             ] GC(2612) Pause Young (Allocation Failure) 775M->478M(764M) 2.442ms
[944.869s][info][gc,cpu         ] GC(2612) User=0.00s Sys=0.00s Real=0.00s
[945.478s][info][gc,start       ] GC(2613) Pause Young (Allocation Failure)
[945.480s][info][gc,heap        ] GC(2613) PSYoungGen: 291904K(292352K)->64K(292352K) Eden: 291840K(291840K)->0K(280576K) From: 64K(512K)->64K(11776K)
[945.480s][info][gc,heap        ] GC(2613) ParOldGen: 489996K(490496K)->490004K(490496K)
[945.480s][info][gc,metaspace   ] GC(2613) Metaspace: 35693K(36352K)->35693K(36352K) NonClass: 29419K(29888K)->29419K(29888K) Class: 6273K(6464K)->6273K(6464K)
[945.480s][info][gc             ] GC(2613) Pause Young (Allocation Failure) 763M->478M(764M) 1.739ms
[945.480s][info][gc,cpu         ] GC(2613) User=0.00s Sys=0.00s Real=0.00s
[945.924s][info][gc,start       ] GC(2614) Pause Young (Allocation Failure)
[945.927s][info][gc,heap        ] GC(2614) PSYoungGen: 280640K(292352K)->64K(270336K) Eden: 280576K(280576K)->0K(269824K) From: 64K(11776K)->64K(512K)
[945.927s][info][gc,heap        ] GC(2614) ParOldGen: 490004K(490496K)->490012K(490496K)
[945.927s][info][gc,metaspace   ] GC(2614) Metaspace: 35693K(36352K)->35693K(36352K) NonClass: 29419K(29888K)->29419K(29888K) Class: 6273K(6464K)->6273K(6464K)
[945.927s][info][gc             ] GC(2614) Pause Young (Allocation Failure) 752M->478M(743M) 2.485ms
[945.927s][info][gc,cpu         ] GC(2614) User=0.01s Sys=0.00s Real=0.01s
[946.875s][info][gc,start       ] GC(2615) Pause Young (Allocation Failure)
[946.877s][info][gc,heap        ] GC(2615) PSYoungGen: 269888K(270336K)->64K(269824K) Eden: 269824K(269824K)->0K(259584K) From: 64K(512K)->64K(10240K)
[946.877s][info][gc,heap        ] GC(2615) ParOldGen: 490012K(490496K)->490020K(490496K)
[946.877s][info][gc,metaspace   ] GC(2615) Metaspace: 35693K(36352K)->35693K(36352K) NonClass: 29419K(29888K)->29419K(29888K) Class: 6273K(6464K)->6273K(6464K)
[946.877s][info][gc             ] GC(2615) Pause Young (Allocation Failure) 742M->478M(742M) 1.715ms
[946.877s][info][gc,cpu         ] GC(2615) User=0.00s Sys=0.00s Real=0.01s
[947.279s][info][gc,start       ] GC(2616) Pause Young (Allocation Failure)
[947.281s][info][gc,heap        ] GC(2616) PSYoungGen: 259648K(269824K)->64K(250368K) Eden: 259584K(259584K)->0K(249856K) From: 64K(10240K)->64K(512K)
[947.281s][info][gc,heap        ] GC(2616) ParOldGen: 490020K(490496K)->490028K(490496K)
[947.281s][info][gc,metaspace   ] GC(2616) Metaspace: 35693K(36352K)->35693K(36352K) NonClass: 29419K(29888K)->29419K(29888K) Class: 6273K(6464K)->6273K(6464K)
[947.281s][info][gc             ] GC(2616) Pause Young (Allocation Failure) 732M->478M(723M) 2.478ms
[947.282s][info][gc,cpu         ] GC(2616) User=0.01s Sys=0.00s Real=0.00s
[947.473s][info][gc,start       ] GC(2617) Pause Young (Allocation Failure)
[947.475s][info][gc,heap        ] GC(2617) PSYoungGen: 249920K(250368K)->64K(248832K) Eden: 249856K(249856K)->0K(240128K) From: 64K(512K)->64K(8704K)
[947.475s][info][gc,heap        ] GC(2617) ParOldGen: 490028K(490496K)->490036K(490496K)
[947.475s][info][gc,metaspace   ] GC(2617) Metaspace: 35693K(36352K)->35693K(36352K) NonClass: 29419K(29888K)->29419K(29888K) Class: 6273K(6464K)->6273K(6464K)
[947.475s][info][gc             ] GC(2617) Pause Young (Allocation Failure) 722M->478M(722M) 1.690ms
[947.475s][info][gc,cpu         ] GC(2617) User=0.00s Sys=0.00s Real=0.00s
[947.554s][info][gc,start       ] GC(2618) Pause Young (Allocation Failure)
[947.556s][info][gc,heap        ] GC(2618) PSYoungGen: 240192K(248832K)->64K(231424K) Eden: 240128K(240128K)->0K(230912K) From: 64K(8704K)->64K(512K)
[947.556s][info][gc,heap        ] GC(2618) ParOldGen: 490036K(490496K)->490044K(490496K)
[947.556s][info][gc,metaspace   ] GC(2618) Metaspace: 35693K(36352K)->35693K(36352K) NonClass: 29419K(29888K)->29419K(29888K) Class: 6273K(6464K)->6273K(6464K)
[947.556s][info][gc             ] GC(2618) Pause Young (Allocation Failure) 713M->478M(705M) 2.205ms
[947.556s][info][gc,cpu         ] GC(2618) User=0.00s Sys=0.00s Real=0.01s
[948.094s][info][gc,start       ] GC(2619) Pause Young (Allocation Failure)
[948.096s][info][gc,heap        ] GC(2619) PSYoungGen: 230976K(231424K)->64K(229888K) Eden: 230912K(230912K)->0K(222208K) From: 64K(512K)->64K(7680K)
[948.096s][info][gc,heap        ] GC(2619) ParOldGen: 490044K(490496K)->490052K(490496K)
[948.096s][info][gc,metaspace   ] GC(2619) Metaspace: 35693K(36352K)->35693K(36352K) NonClass: 29419K(29888K)->29419K(29888K) Class: 6273K(6464K)->6273K(6464K)
[948.096s][info][gc             ] GC(2619) Pause Young (Allocation Failure) 704M->478M(703M) 1.713ms
[948.096s][info][gc,cpu         ] GC(2619) User=0.00s Sys=0.00s Real=0.01s
[948.307s][info][gc,start       ] GC(2620) Pause Young (Allocation Failure)
[948.309s][info][gc,heap        ] GC(2620) PSYoungGen: 222272K(229888K)->64K(214528K) Eden: 222208K(222208K)->0K(214016K) From: 64K(7680K)->64K(512K)
[948.309s][info][gc,heap        ] GC(2620) ParOldGen: 490052K(490496K)->490060K(490496K)
[948.309s][info][gc,metaspace   ] GC(2620) Metaspace: 35693K(36352K)->35693K(36352K) NonClass: 29419K(29888K)->29419K(29888K) Class: 6273K(6464K)->6273K(6464K)
[948.309s][info][gc             ] GC(2620) Pause Young (Allocation Failure) 695M->478M(688M) 2.322ms
[948.309s][info][gc,cpu         ] GC(2620) User=0.00s Sys=0.00s Real=0.00s
[948.641s][info][gc,start       ] GC(2621) Pause Young (Allocation Failure)
[948.656s][info][gc,heap        ] GC(2621) PSYoungGen: 214080K(214528K)->6656K(261632K) Eden: 214016K(214016K)->0K(254976K) From: 64K(512K)->6656K(6656K)
[948.656s][info][gc,heap        ] GC(2621) ParOldGen: 490060K(490496K)->492196K(492544K)
[948.656s][info][gc,metaspace   ] GC(2621) Metaspace: 35693K(36352K)->35693K(36352K) NonClass: 29419K(29888K)->29419K(29888K) Class: 6273K(6464K)->6273K(6464K)
[948.656s][info][gc             ] GC(2621) Pause Young (Allocation Failure) 687M->487M(736M) 15.588ms
[948.656s][info][gc,cpu         ] GC(2621) User=0.03s Sys=0.00s Real=0.02s
[948.911s][info][gc,start       ] GC(2622) Pause Young (Allocation Failure)
[948.967s][info][gc,heap        ] GC(2622) PSYoungGen: 261632K(261632K)->6656K(268288K) Eden: 254976K(254976K)->0K(261632K) From: 6656K(6656K)->6656K(6656K)
[948.967s][info][gc,heap        ] GC(2622) ParOldGen: 492196K(492544K)->512532K(513024K)
[948.967s][info][gc,metaspace   ] GC(2622) Metaspace: 35693K(36352K)->35693K(36352K) NonClass: 29419K(29888K)->29419K(29888K) Class: 6273K(6464K)->6273K(6464K)
[948.967s][info][gc             ] GC(2622) Pause Young (Allocation Failure) 736M->507M(763M) 55.581ms
[948.967s][info][gc,cpu         ] GC(2622) User=0.09s Sys=0.02s Real=0.06s
[949.230s][info][gc,start       ] GC(2623) Pause Young (Allocation Failure)
[949.286s][info][gc,heap        ] GC(2623) PSYoungGen: 268288K(268288K)->17920K(279552K) Eden: 261632K(261632K)->0K(261632K) From: 6656K(6656K)->17920K(17920K)
[949.286s][info][gc,heap        ] GC(2623) ParOldGen: 512532K(513024K)->522948K(523264K)
[949.286s][info][gc,metaspace   ] GC(2623) Metaspace: 35693K(36352K)->35693K(36352K) NonClass: 29419K(29888K)->29419K(29888K) Class: 6273K(6464K)->6273K(6464K)
[949.286s][info][gc             ] GC(2623) Pause Young (Allocation Failure) 762M->528M(784M) 55.596ms
[949.286s][info][gc,cpu         ] GC(2623) User=0.10s Sys=0.01s Real=0.06s
[949.396s][info][gc,start       ] GC(2624) Pause Young (Allocation Failure)
[949.411s][info][gc,heap        ] GC(2624) PSYoungGen: 279552K(279552K)->5728K(310272K) Eden: 261632K(261632K)->0K(284672K) From: 17920K(17920K)->5728K(25600K)
[949.411s][info][gc,heap        ] GC(2624) ParOldGen: 522948K(523264K)->523316K(523776K)
[949.411s][info][gc,metaspace   ] GC(2624) Metaspace: 35693K(36352K)->35693K(36352K) NonClass: 29419K(29888K)->29419K(29888K) Class: 6273K(6464K)->6273K(6464K)
[949.411s][info][gc             ] GC(2624) Pause Young (Allocation Failure) 783M->516M(814M) 15.792ms
[949.411s][info][gc,cpu         ] GC(2624) User=0.02s Sys=0.01s Real=0.01s
[949.885s][info][gc,start       ] GC(2625) Pause Young (Allocation Failure)
[949.887s][info][gc,heap        ] GC(2625) PSYoungGen: 290400K(310272K)->64K(285184K) Eden: 284672K(284672K)->0K(284672K) From: 5728K(25600K)->64K(512K)
[949.887s][info][gc,heap        ] GC(2625) ParOldGen: 523316K(523776K)->523324K(523776K)
[949.887s][info][gc,metaspace   ] GC(2625) Metaspace: 35693K(36352K)->35693K(36352K) NonClass: 29419K(29888K)->29419K(29888K) Class: 6273K(6464K)->6273K(6464K)
[949.887s][info][gc             ] GC(2625) Pause Young (Allocation Failure) 794M->511M(790M) 1.946ms
[949.887s][info][gc,cpu         ] GC(2625) User=0.01s Sys=0.00s Real=0.01s
[950.443s][info][gc,start       ] GC(2626) Pause Young (Allocation Failure)
[950.445s][info][gc,heap        ] GC(2626) PSYoungGen: 284736K(285184K)->64K(308224K) Eden: 284672K(284672K)->0K(285184K) From: 64K(512K)->64K(23040K)
[950.445s][info][gc,heap        ] GC(2626) ParOldGen: 523324K(523776K)->523332K(523776K)
[950.445s][info][gc,metaspace   ] GC(2626) Metaspace: 35693K(36352K)->35693K(36352K) NonClass: 29419K(29888K)->29419K(29888K) Class: 6273K(6464K)->6273K(6464K)
[950.445s][info][gc             ] GC(2626) Pause Young (Allocation Failure) 789M->511M(812M) 1.943ms
[950.445s][info][gc,cpu         ] GC(2626) User=0.00s Sys=0.00s Real=0.00s
[950.868s][info][gc,start       ] GC(2627) Pause Young (Allocation Failure)
[950.870s][info][gc,heap        ] GC(2627) PSYoungGen: 285248K(308224K)->64K(307712K) Eden: 285184K(285184K)->0K(285184K) From: 64K(23040K)->64K(22528K)
[950.870s][info][gc,heap        ] GC(2627) ParOldGen: 523332K(523776K)->523348K(523776K)
[950.870s][info][gc,metaspace   ] GC(2627) Metaspace: 35693K(36352K)->35693K(36352K) NonClass: 29419K(29888K)->29419K(29888K) Class: 6273K(6464K)->6273K(6464K)
[950.870s][info][gc             ] GC(2627) Pause Young (Allocation Failure) 789M->511M(812M) 1.900ms
[950.870s][info][gc,cpu         ] GC(2627) User=0.01s Sys=0.00s Real=0.00s
[951.078s][info][gc,start       ] GC(2628) Pause Young (Allocation Failure)
[951.080s][info][gc,heap        ] GC(2628) PSYoungGen: 285248K(307712K)->64K(310272K) Eden: 285184K(285184K)->0K(289280K) From: 64K(22528K)->64K(20992K)
[951.080s][info][gc,heap        ] GC(2628) ParOldGen: 523348K(523776K)->523364K(523776K)
[951.080s][info][gc,metaspace   ] GC(2628) Metaspace: 35693K(36352K)->35693K(36352K) NonClass: 29419K(29888K)->29419K(29888K) Class: 6273K(6464K)->6273K(6464K)
[951.080s][info][gc             ] GC(2628) Pause Young (Allocation Failure) 789M->511M(814M) 1.885ms
[951.080s][info][gc,cpu         ] GC(2628) User=0.00s Sys=0.00s Real=0.00s
[951.294s][info][gc,start       ] GC(2629) Pause Young (Allocation Failure)
[951.297s][info][gc,heap        ] GC(2629) PSYoungGen: 289344K(310272K)->64K(309760K) Eden: 289280K(289280K)->0K(289280K) From: 64K(20992K)->64K(20480K)
[951.297s][info][gc,heap        ] GC(2629) ParOldGen: 523364K(523776K)->523364K(523776K)
[951.297s][info][gc,metaspace   ] GC(2629) Metaspace: 35693K(36352K)->35693K(36352K) NonClass: 29419K(29888K)->29419K(29888K) Class: 6273K(6464K)->6273K(6464K)
[951.297s][info][gc             ] GC(2629) Pause Young (Allocation Failure) 793M->511M(814M) 2.577ms
[951.297s][info][gc,cpu         ] GC(2629) User=0.00s Sys=0.00s Real=0.01s
[951.638s][info][gc,start       ] GC(2630) Pause Young (Allocation Failure)
[951.639s][info][gc,heap        ] GC(2630) PSYoungGen: 289344K(309760K)->64K(312320K) Eden: 289280K(289280K)->0K(292864K) From: 64K(20480K)->64K(19456K)
[951.639s][info][gc,heap        ] GC(2630) ParOldGen: 523364K(523776K)->523364K(523776K)
[951.639s][info][gc,metaspace   ] GC(2630) Metaspace: 35693K(36352K)->35693K(36352K) NonClass: 29419K(29888K)->29419K(29888K) Class: 6273K(6464K)->6273K(6464K)
[951.639s][info][gc             ] GC(2630) Pause Young (Allocation Failure) 793M->511M(816M) 1.848ms
[951.639s][info][gc,cpu         ] GC(2630) User=0.01s Sys=0.00s Real=0.00s
[951.734s][info][gc,start       ] GC(2631) Pause Young (Allocation Failure)
[951.736s][info][gc,heap        ] GC(2631) PSYoungGen: 292928K(312320K)->64K(311808K) Eden: 292864K(292864K)->0K(292864K) From: 64K(19456K)->64K(18944K)
[951.736s][info][gc,heap        ] GC(2631) ParOldGen: 523364K(523776K)->523372K(523776K)
[951.736s][info][gc,metaspace   ] GC(2631) Metaspace: 35693K(36352K)->35693K(36352K) NonClass: 29419K(29888K)->29419K(29888K) Class: 6273K(6464K)->6273K(6464K)
[951.736s][info][gc             ] GC(2631) Pause Young (Allocation Failure) 797M->511M(816M) 1.842ms
[951.736s][info][gc,cpu         ] GC(2631) User=0.00s Sys=0.00s Real=0.01s
[951.792s][info][gc,start       ] GC(2632) Pause Young (Allocation Failure)
[951.793s][info][gc,heap        ] GC(2632) PSYoungGen: 292928K(311808K)->64K(313856K) Eden: 292864K(292864K)->0K(296448K) From: 64K(18944K)->64K(17408K)
[951.793s][info][gc,heap        ] GC(2632) ParOldGen: 523372K(523776K)->523388K(523776K)
[951.793s][info][gc,metaspace   ] GC(2632) Metaspace: 35693K(36352K)->35693K(36352K) NonClass: 29419K(29888K)->29419K(29888K) Class: 6273K(6464K)->6273K(6464K)
[951.793s][info][gc             ] GC(2632) Pause Young (Allocation Failure) 797M->511M(818M) 1.821ms
[951.793s][info][gc,cpu         ] GC(2632) User=0.00s Sys=0.00s Real=0.00s
[952.012s][info][gc,start       ] GC(2633) Pause Young (Allocation Failure)
[952.014s][info][gc,heap        ] GC(2633) PSYoungGen: 296512K(313856K)->64K(313344K) Eden: 296448K(296448K)->0K(296448K) From: 64K(17408K)->64K(16896K)
[952.014s][info][gc,heap        ] GC(2633) ParOldGen: 523388K(523776K)->523388K(523776K)
[952.014s][info][gc,metaspace   ] GC(2633) Metaspace: 35693K(36352K)->35693K(36352K) NonClass: 29419K(29888K)->29419K(29888K) Class: 6273K(6464K)->6273K(6464K)
[952.014s][info][gc             ] GC(2633) Pause Young (Allocation Failure) 800M->511M(817M) 1.843ms
[952.014s][info][gc,cpu         ] GC(2633) User=0.00s Sys=0.00s Real=0.00s
[952.324s][info][gc,start       ] GC(2634) Pause Young (Allocation Failure)
[952.326s][info][gc,heap        ] GC(2634) PSYoungGen: 296512K(313344K)->64K(315904K) Eden: 296448K(296448K)->0K(300544K) From: 64K(16896K)->64K(15360K)
[952.326s][info][gc,heap        ] GC(2634) ParOldGen: 523388K(523776K)->523396K(523776K)
[952.326s][info][gc,metaspace   ] GC(2634) Metaspace: 35693K(36352K)->35693K(36352K) NonClass: 29419K(29888K)->29419K(29888K) Class: 6273K(6464K)->6273K(6464K)
[952.326s][info][gc             ] GC(2634) Pause Young (Allocation Failure) 800M->511M(820M) 1.798ms
[952.326s][info][gc,cpu         ] GC(2634) User=0.00s Sys=0.00s Real=0.01s
[952.473s][info][gc,start       ] GC(2635) Pause Young (Allocation Failure)
[952.476s][info][gc,heap        ] GC(2635) PSYoungGen: 300608K(315904K)->64K(315392K) Eden: 300544K(300544K)->0K(300544K) From: 64K(15360K)->64K(14848K)
[952.476s][info][gc,heap        ] GC(2635) ParOldGen: 523396K(523776K)->523404K(523776K)
[952.476s][info][gc,metaspace   ] GC(2635) Metaspace: 35693K(36352K)->35693K(36352K) NonClass: 29419K(29888K)->29419K(29888K) Class: 6273K(6464K)->6273K(6464K)
[952.476s][info][gc             ] GC(2635) Pause Young (Allocation Failure) 804M->511M(819M) 2.726ms
[952.476s][info][gc,cpu         ] GC(2635) User=0.01s Sys=0.00s Real=0.01s
[952.554s][info][gc,start       ] GC(2636) Pause Young (Allocation Failure)
[952.555s][info][gc,heap        ] GC(2636) PSYoungGen: 300608K(315392K)->64K(317952K) Eden: 300544K(300544K)->0K(304640K) From: 64K(14848K)->64K(13312K)
[952.555s][info][gc,heap        ] GC(2636) ParOldGen: 523404K(523776K)->523420K(523776K)
[952.555s][info][gc,metaspace   ] GC(2636) Metaspace: 35693K(36352K)->35693K(36352K) NonClass: 29419K(29888K)->29419K(29888K) Class: 6273K(6464K)->6273K(6464K)
[952.555s][info][gc             ] GC(2636) Pause Young (Allocation Failure) 804M->511M(822M) 1.870ms
[952.555s][info][gc,cpu         ] GC(2636) User=0.01s Sys=0.00s Real=0.01s
[952.748s][info][gc,start       ] GC(2637) Pause Young (Allocation Failure)
[952.750s][info][gc,heap        ] GC(2637) PSYoungGen: 304704K(317952K)->64K(317952K) Eden: 304640K(304640K)->0K(304640K) From: 64K(13312K)->64K(13312K)
[952.750s][info][gc,heap        ] GC(2637) ParOldGen: 523420K(523776K)->523420K(523776K)
[952.750s][info][gc,metaspace   ] GC(2637) Metaspace: 35693K(36352K)->35693K(36352K) NonClass: 29419K(29888K)->29419K(29888K) Class: 6273K(6464K)->6273K(6464K)
[952.750s][info][gc             ] GC(2637) Pause Young (Allocation Failure) 808M->511M(822M) 1.858ms
[952.750s][info][gc,cpu         ] GC(2637) User=0.00s Sys=0.00s Real=0.00s
[953.670s][info][gc,start       ] GC(2638) Pause Young (Allocation Failure)
[953.672s][info][gc,heap        ] GC(2638) PSYoungGen: 304704K(317952K)->64K(320000K) Eden: 304640K(304640K)->0K(307712K) From: 64K(13312K)->64K(12288K)
[953.672s][info][gc,heap        ] GC(2638) ParOldGen: 523420K(523776K)->523428K(523776K)
[953.672s][info][gc,metaspace   ] GC(2638) Metaspace: 35693K(36352K)->35693K(36352K) NonClass: 29419K(29888K)->29419K(29888K) Class: 6273K(6464K)->6273K(6464K)
[953.672s][info][gc             ] GC(2638) Pause Young (Allocation Failure) 808M->511M(824M) 1.756ms
[953.672s][info][gc,cpu         ] GC(2638) User=0.00s Sys=0.00s Real=0.00s
[954.513s][info][gc,start       ] GC(2639) Pause Young (Allocation Failure)
[954.515s][info][gc,heap        ] GC(2639) PSYoungGen: 307776K(320000K)->64K(319488K) Eden: 307712K(307712K)->0K(307712K) From: 64K(12288K)->64K(11776K)
[954.515s][info][gc,heap        ] GC(2639) ParOldGen: 523428K(523776K)->523436K(523776K)
[954.515s][info][gc,metaspace   ] GC(2639) Metaspace: 35693K(36352K)->35693K(36352K) NonClass: 29419K(29888K)->29419K(29888K) Class: 6273K(6464K)->6273K(6464K)
[954.515s][info][gc             ] GC(2639) Pause Young (Allocation Failure) 811M->511M(823M) 1.809ms
[954.515s][info][gc,cpu         ] GC(2639) User=0.00s Sys=0.00s Real=0.00s
[954.838s][info][gc,start       ] GC(2640) Pause Young (Allocation Failure)
[954.840s][info][gc,heap        ] GC(2640) PSYoungGen: 307776K(319488K)->64K(295936K) Eden: 307712K(307712K)->0K(295424K) From: 64K(11776K)->64K(512K)
[954.840s][info][gc,heap        ] GC(2640) ParOldGen: 523436K(523776K)->523444K(523776K)
[954.840s][info][gc,metaspace   ] GC(2640) Metaspace: 35693K(36352K)->35693K(36352K) NonClass: 29419K(29888K)->29419K(29888K) Class: 6273K(6464K)->6273K(6464K)
[954.840s][info][gc             ] GC(2640) Pause Young (Allocation Failure) 811M->511M(800M) 1.848ms
[954.840s][info][gc,cpu         ] GC(2640) User=0.00s Sys=0.01s Real=0.00s
[955.244s][info][gc,start       ] GC(2641) Pause Young (Allocation Failure)
[955.245s][info][gc,heap        ] GC(2641) PSYoungGen: 295488K(295936K)->64K(293888K) Eden: 295424K(295424K)->0K(283648K) From: 64K(512K)->64K(10240K)
[955.245s][info][gc,heap        ] GC(2641) ParOldGen: 523444K(523776K)->523452K(523776K)
[955.245s][info][gc,metaspace   ] GC(2641) Metaspace: 35693K(36352K)->35693K(36352K) NonClass: 29419K(29888K)->29419K(29888K) Class: 6273K(6464K)->6273K(6464K)
[955.245s][info][gc             ] GC(2641) Pause Young (Allocation Failure) 799M->511M(798M) 1.893ms
[955.245s][info][gc,cpu         ] GC(2641) User=0.01s Sys=0.00s Real=0.01s
[956.170s][info][gc,start       ] GC(2642) Pause Young (Allocation Failure)
[956.172s][info][gc,heap        ] GC(2642) PSYoungGen: 283712K(293888K)->64K(272896K) Eden: 283648K(283648K)->0K(272384K) From: 64K(10240K)->64K(512K)
[956.172s][info][gc,heap        ] GC(2642) ParOldGen: 523452K(523776K)->523460K(523776K)
[956.172s][info][gc,metaspace   ] GC(2642) Metaspace: 35693K(36352K)->35693K(36352K) NonClass: 29419K(29888K)->29419K(29888K) Class: 6273K(6464K)->6273K(6464K)
[956.172s][info][gc             ] GC(2642) Pause Young (Allocation Failure) 788M->511M(778M) 2.275ms
[956.172s][info][gc,cpu         ] GC(2642) User=0.00s Sys=0.00s Real=0.00s
[956.541s][info][gc,start       ] GC(2643) Pause Young (Allocation Failure)
[956.544s][info][gc,heap        ] GC(2643) PSYoungGen: 272448K(272896K)->64K(270336K) Eden: 272384K(272384K)->0K(261632K) From: 64K(512K)->64K(8704K)
[956.544s][info][gc,heap        ] GC(2643) ParOldGen: 523460K(523776K)->523476K(523776K)
[956.544s][info][gc,metaspace   ] GC(2643) Metaspace: 35693K(36352K)->35693K(36352K) NonClass: 29419K(29888K)->29419K(29888K) Class: 6273K(6464K)->6273K(6464K)
[956.544s][info][gc             ] GC(2643) Pause Young (Allocation Failure) 777M->511M(775M) 3.283ms
[956.544s][info][gc,cpu         ] GC(2643) User=0.00s Sys=0.00s Real=0.00s
[956.637s][info][gc,start       ] GC(2644) Pause Young (Allocation Failure)
[956.640s][info][gc,heap        ] GC(2644) PSYoungGen: 261696K(270336K)->32K(304128K) Eden: 261632K(261632K)->0K(295936K) From: 64K(8704K)->32K(8192K)
[956.640s][info][gc,heap        ] GC(2644) ParOldGen: 523476K(523776K)->523484K(523776K)
[956.640s][info][gc,metaspace   ] GC(2644) Metaspace: 35693K(36352K)->35693K(36352K) NonClass: 29419K(29888K)->29419K(29888K) Class: 6273K(6464K)->6273K(6464K)
[956.640s][info][gc             ] GC(2644) Pause Young (Allocation Failure) 766M->511M(808M) 3.407ms
[956.640s][info][gc,cpu         ] GC(2644) User=0.00s Sys=0.00s Real=0.00s
[957.186s][info][gc,start       ] GC(2645) Pause Young (Allocation Failure)
[957.189s][info][gc,heap        ] GC(2645) PSYoungGen: 295968K(304128K)->64K(303616K) Eden: 295936K(295936K)->0K(295936K) From: 32K(8192K)->64K(7680K)
[957.190s][info][gc,heap        ] GC(2645) ParOldGen: 523484K(523776K)->523500K(523776K)
[957.190s][info][gc,metaspace   ] GC(2645) Metaspace: 35693K(36352K)->35693K(36352K) NonClass: 29419K(29888K)->29419K(29888K) Class: 6273K(6464K)->6273K(6464K)
[957.190s][info][gc             ] GC(2645) Pause Young (Allocation Failure) 800M->511M(808M) 3.356ms
[957.190s][info][gc,cpu         ] GC(2645) User=0.00s Sys=0.00s Real=0.00s
[957.536s][info][gc,start       ] GC(2646) Pause Young (Allocation Failure)
[957.539s][info][gc,heap        ] GC(2646) PSYoungGen: 296000K(303616K)->32K(325632K) Eden: 295936K(295936K)->0K(318464K) From: 64K(7680K)->32K(7168K)
[957.539s][info][gc,heap        ] GC(2646) ParOldGen: 523500K(523776K)->523516K(523776K)
[957.539s][info][gc,metaspace   ] GC(2646) Metaspace: 35693K(36352K)->35693K(36352K) NonClass: 29419K(29888K)->29419K(29888K) Class: 6273K(6464K)->6273K(6464K)
[957.539s][info][gc             ] GC(2646) Pause Young (Allocation Failure) 800M->511M(829M) 3.265ms
[957.539s][info][gc,cpu         ] GC(2646) User=0.00s Sys=0.00s Real=0.00s
[957.947s][info][gc,start       ] GC(2647) Pause Young (Allocation Failure)
[958.020s][info][gc,heap        ] GC(2647) PSYoungGen: 318496K(325632K)->6656K(325120K) Eden: 318464K(318464K)->0K(318464K) From: 32K(7168K)->6656K(6656K)
[958.020s][info][gc,heap        ] GC(2647) ParOldGen: 523516K(523776K)->543092K(543232K)
[958.020s][info][gc,metaspace   ] GC(2647) Metaspace: 35693K(36352K)->35693K(36352K) NonClass: 29419K(29888K)->29419K(29888K) Class: 6273K(6464K)->6273K(6464K)
[958.020s][info][gc             ] GC(2647) Pause Young (Allocation Failure) 822M->536M(848M) 73.385ms
[958.020s][info][gc,cpu         ] GC(2647) User=0.10s Sys=0.02s Real=0.07s
[958.350s][info][gc,start       ] GC(2648) Pause Young (Allocation Failure)
[958.430s][info][gc,heap        ] GC(2648) PSYoungGen: 325120K(325120K)->8704K(290304K) Eden: 318464K(318464K)->0K(281600K) From: 6656K(6656K)->8704K(8704K)
[958.430s][info][gc,heap        ] GC(2648) ParOldGen: 543092K(543232K)->568724K(568832K)
[958.430s][info][gc,metaspace   ] GC(2648) Metaspace: 35693K(36352K)->35693K(36352K) NonClass: 29419K(29888K)->29419K(29888K) Class: 6273K(6464K)->6273K(6464K)
[958.430s][info][gc             ] GC(2648) Pause Young (Allocation Failure) 847M->563M(839M) 80.148ms
[958.430s][info][gc,cpu         ] GC(2648) User=0.13s Sys=0.02s Real=0.08s
[958.570s][info][gc,start       ] GC(2649) Pause Young (Allocation Failure)
[958.592s][info][gc,heap        ] GC(2649) PSYoungGen: 290304K(290304K)->9152K(307712K) Eden: 281600K(281600K)->0K(281600K) From: 8704K(8704K)->9152K(26112K)
[958.592s][info][gc,heap        ] GC(2649) ParOldGen: 568724K(568832K)->569668K(569856K)
[958.592s][info][gc,metaspace   ] GC(2649) Metaspace: 35693K(36352K)->35693K(36352K) NonClass: 29419K(29888K)->29419K(29888K) Class: 6273K(6464K)->6273K(6464K)
[958.592s][info][gc             ] GC(2649) Pause Young (Allocation Failure) 838M->565M(857M) 22.428ms
[958.592s][info][gc,cpu         ] GC(2649) User=0.04s Sys=0.00s Real=0.02s
[959.004s][info][gc,start       ] GC(2650) Pause Young (Allocation Failure)
[959.006s][info][gc,heap        ] GC(2650) PSYoungGen: 290752K(307712K)->64K(304640K) Eden: 281600K(281600K)->0K(282624K) From: 9152K(26112K)->64K(22016K)
[959.006s][info][gc,heap        ] GC(2650) ParOldGen: 569668K(569856K)->569676K(569856K)
[959.006s][info][gc,metaspace   ] GC(2650) Metaspace: 35693K(36352K)->35693K(36352K) NonClass: 29419K(29888K)->29419K(29888K) Class: 6273K(6464K)->6273K(6464K)
[959.006s][info][gc             ] GC(2650) Pause Young (Allocation Failure) 840M->556M(854M) 2.163ms
[959.006s][info][gc,cpu         ] GC(2650) User=0.01s Sys=0.01s Real=0.01s
[959.550s][info][gc,start       ] GC(2651) Pause Young (Allocation Failure)
[959.552s][info][gc,heap        ] GC(2651) PSYoungGen: 282688K(304640K)->64K(306688K) Eden: 282624K(282624K)->0K(282624K) From: 64K(22016K)->64K(24064K)
[959.552s][info][gc,heap        ] GC(2651) ParOldGen: 569676K(569856K)->569684K(569856K)
[959.552s][info][gc,metaspace   ] GC(2651) Metaspace: 35693K(36352K)->35693K(36352K) NonClass: 29419K(29888K)->29419K(29888K) Class: 6273K(6464K)->6273K(6464K)
[959.552s][info][gc             ] GC(2651) Pause Young (Allocation Failure) 832M->556M(856M) 1.854ms
[959.552s][info][gc,cpu         ] GC(2651) User=0.00s Sys=0.00s Real=0.00s
[959.969s][info][gc,start       ] GC(2652) Pause Young (Allocation Failure)
[959.971s][info][gc,heap        ] GC(2652) PSYoungGen: 282688K(306688K)->64K(307200K) Eden: 282624K(282624K)->0K(286208K) From: 64K(24064K)->64K(20992K)
[959.971s][info][gc,heap        ] GC(2652) ParOldGen: 569684K(569856K)->569700K(569856K)
[959.971s][info][gc,metaspace   ] GC(2652) Metaspace: 35693K(36352K)->35693K(36352K) NonClass: 29419K(29888K)->29419K(29888K) Class: 6273K(6464K)->6273K(6464K)
[959.971s][info][gc             ] GC(2652) Pause Young (Allocation Failure) 832M->556M(856M) 1.921ms
[959.971s][info][gc,cpu         ] GC(2652) User=0.01s Sys=0.00s Real=0.00s
[960.181s][info][gc,start       ] GC(2653) Pause Young (Allocation Failure)
[960.183s][info][gc,heap        ] GC(2653) PSYoungGen: 286272K(307200K)->64K(308736K) Eden: 286208K(286208K)->0K(286208K) From: 64K(20992K)->64K(22528K)
[960.183s][info][gc,heap        ] GC(2653) ParOldGen: 569700K(569856K)->569716K(569856K)
[960.183s][info][gc,metaspace   ] GC(2653) Metaspace: 35693K(36352K)->35693K(36352K) NonClass: 29419K(29888K)->29419K(29888K) Class: 6273K(6464K)->6273K(6464K)
[960.183s][info][gc             ] GC(2653) Pause Young (Allocation Failure) 835M->556M(858M) 1.957ms
[960.183s][info][gc,cpu         ] GC(2653) User=0.00s Sys=0.00s Real=0.00s
[960.395s][info][gc,start       ] GC(2654) Pause Young (Allocation Failure)
[960.397s][info][gc,heap        ] GC(2654) PSYoungGen: 286272K(308736K)->64K(308736K) Eden: 286208K(286208K)->0K(289792K) From: 64K(22528K)->64K(18944K)
[960.397s][info][gc,heap        ] GC(2654) ParOldGen: 569716K(569856K)->569716K(569856K)
[960.397s][info][gc,metaspace   ] GC(2654) Metaspace: 35693K(36352K)->35693K(36352K) NonClass: 29419K(29888K)->29419K(29888K) Class: 6273K(6464K)->6273K(6464K)
[960.397s][info][gc             ] GC(2654) Pause Young (Allocation Failure) 835M->556M(858M) 1.964ms
[960.397s][info][gc,cpu         ] GC(2654) User=0.01s Sys=0.00s Real=0.01s
[960.731s][info][gc,start       ] GC(2655) Pause Young (Allocation Failure)
[960.733s][info][gc,heap        ] GC(2655) PSYoungGen: 289856K(308736K)->64K(310272K) Eden: 289792K(289792K)->0K(289792K) From: 64K(18944K)->64K(20480K)
[960.733s][info][gc,heap        ] GC(2655) ParOldGen: 569716K(569856K)->569716K(569856K)
[960.733s][info][gc,metaspace   ] GC(2655) Metaspace: 35693K(36352K)->35693K(36352K) NonClass: 29419K(29888K)->29419K(29888K) Class: 6273K(6464K)->6273K(6464K)
[960.733s][info][gc             ] GC(2655) Pause Young (Allocation Failure) 839M->556M(859M) 1.870ms
[960.733s][info][gc,cpu         ] GC(2655) User=0.00s Sys=0.00s Real=0.00s
[960.841s][info][gc,start       ] GC(2656) Pause Young (Allocation Failure)
[960.843s][info][gc,heap        ] GC(2656) PSYoungGen: 289856K(310272K)->64K(310784K) Eden: 289792K(289792K)->0K(293376K) From: 64K(20480K)->64K(17408K)
[960.843s][info][gc,heap        ] GC(2656) ParOldGen: 569716K(569856K)->569724K(569856K)
[960.843s][info][gc,metaspace   ] GC(2656) Metaspace: 35693K(36352K)->35693K(36352K) NonClass: 29419K(29888K)->29419K(29888K) Class: 6273K(6464K)->6273K(6464K)
[960.843s][info][gc             ] GC(2656) Pause Young (Allocation Failure) 839M->556M(860M) 1.919ms
[960.843s][info][gc,cpu         ] GC(2656) User=0.00s Sys=0.00s Real=0.00s
[960.899s][info][gc,start       ] GC(2657) Pause Young (Allocation Failure)
[960.900s][info][gc,heap        ] GC(2657) PSYoungGen: 293440K(310784K)->64K(312320K) Eden: 293376K(293376K)->0K(293376K) From: 64K(17408K)->64K(18944K)
[960.900s][info][gc,heap        ] GC(2657) ParOldGen: 569724K(569856K)->569740K(569856K)
[960.900s][info][gc,metaspace   ] GC(2657) Metaspace: 35693K(36352K)->35693K(36352K) NonClass: 29419K(29888K)->29419K(29888K) Class: 6273K(6464K)->6273K(6464K)
[960.900s][info][gc             ] GC(2657) Pause Young (Allocation Failure) 842M->556M(861M) 1.880ms
[960.900s][info][gc,cpu         ] GC(2657) User=0.00s Sys=0.00s Real=0.00s
[961.089s][info][gc,start       ] GC(2658) Pause Young (Allocation Failure)
[961.091s][info][gc,heap        ] GC(2658) PSYoungGen: 293440K(312320K)->64K(312320K) Eden: 293376K(293376K)->0K(296960K) From: 64K(18944K)->64K(15360K)
[961.091s][info][gc,heap        ] GC(2658) ParOldGen: 569740K(569856K)->569740K(569856K)
[961.091s][info][gc,metaspace   ] GC(2658) Metaspace: 35693K(36352K)->35693K(36352K) NonClass: 29419K(29888K)->29419K(29888K) Class: 6273K(6464K)->6273K(6464K)
[961.091s][info][gc             ] GC(2658) Pause Young (Allocation Failure) 842M->556M(861M) 1.939ms
[961.091s][info][gc,cpu         ] GC(2658) User=0.00s Sys=0.00s Real=0.00s
[961.413s][info][gc,start       ] GC(2659) Pause Young (Allocation Failure)
[961.415s][info][gc,heap        ] GC(2659) PSYoungGen: 297024K(312320K)->64K(313856K) Eden: 296960K(296960K)->0K(296960K) From: 64K(15360K)->64K(16896K)
[961.415s][info][gc,heap        ] GC(2659) ParOldGen: 569740K(569856K)->569748K(569856K)
[961.415s][info][gc,metaspace   ] GC(2659) Metaspace: 35693K(36352K)->35693K(36352K) NonClass: 29419K(29888K)->29419K(29888K) Class: 6273K(6464K)->6273K(6464K)
[961.415s][info][gc             ] GC(2659) Pause Young (Allocation Failure) 846M->556M(863M) 1.964ms
[961.415s][info][gc,cpu         ] GC(2659) User=0.00s Sys=0.00s Real=0.01s
[961.569s][info][gc,start       ] GC(2660) Pause Young (Allocation Failure)
[961.571s][info][gc,heap        ] GC(2660) PSYoungGen: 297024K(313856K)->64K(314368K) Eden: 296960K(296960K)->0K(301056K) From: 64K(16896K)->64K(13312K)
[961.571s][info][gc,heap        ] GC(2660) ParOldGen: 569748K(569856K)->569756K(569856K)
[961.571s][info][gc,metaspace   ] GC(2660) Metaspace: 35693K(36352K)->35693K(36352K) NonClass: 29419K(29888K)->29419K(29888K) Class: 6273K(6464K)->6273K(6464K)
[961.571s][info][gc             ] GC(2660) Pause Young (Allocation Failure) 846M->556M(863M) 2.002ms
[961.571s][info][gc,cpu         ] GC(2660) User=0.00s Sys=0.00s Real=0.00s
[961.651s][info][gc,start       ] GC(2661) Pause Young (Allocation Failure)
[961.653s][info][gc,heap        ] GC(2661) PSYoungGen: 301120K(314368K)->64K(315904K) Eden: 301056K(301056K)->0K(301056K) From: 64K(13312K)->64K(14848K)
[961.653s][info][gc,heap        ] GC(2661) ParOldGen: 569756K(569856K)->569772K(569856K)
[961.653s][info][gc,metaspace   ] GC(2661) Metaspace: 35693K(36352K)->35693K(36352K) NonClass: 29419K(29888K)->29419K(29888K) Class: 6273K(6464K)->6273K(6464K)
[961.653s][info][gc             ] GC(2661) Pause Young (Allocation Failure) 850M->556M(865M) 1.927ms
[961.653s][info][gc,cpu         ] GC(2661) User=0.00s Sys=0.00s Real=0.00s
[961.831s][info][gc,start       ] GC(2662) Pause Young (Allocation Failure)
[961.833s][info][gc,heap        ] GC(2662) PSYoungGen: 301120K(315904K)->64K(317440K) Eden: 301056K(301056K)->0K(305152K) From: 64K(14848K)->64K(12288K)
[961.833s][info][gc,heap        ] GC(2662) ParOldGen: 569772K(569856K)->569772K(569856K)
[961.833s][info][gc,metaspace   ] GC(2662) Metaspace: 35693K(36352K)->35693K(36352K) NonClass: 29419K(29888K)->29419K(29888K) Class: 6273K(6464K)->6273K(6464K)
[961.833s][info][gc             ] GC(2662) Pause Young (Allocation Failure) 850M->556M(866M) 1.899ms
[961.833s][info][gc,cpu         ] GC(2662) User=0.00s Sys=0.00s Real=0.00s
[962.778s][info][gc,start       ] GC(2663) Pause Young (Allocation Failure)
[962.780s][info][gc,heap        ] GC(2663) PSYoungGen: 305210K(317440K)->83K(318464K) Eden: 305146K(305152K)->0K(305152K) From: 64K(12288K)->83K(13312K)
[962.780s][info][gc,heap        ] GC(2663) ParOldGen: 569772K(569856K)->569780K(569856K)
[962.780s][info][gc,metaspace   ] GC(2663) Metaspace: 35693K(36352K)->35693K(36352K) NonClass: 29419K(29888K)->29419K(29888K) Class: 6273K(6464K)->6273K(6464K)
[962.780s][info][gc             ] GC(2663) Pause Young (Allocation Failure) 854M->556M(867M) 1.903ms
[962.780s][info][gc,cpu         ] GC(2663) User=0.01s Sys=0.00s Real=0.00s
[963.623s][info][gc,start       ] GC(2664) Pause Young (Allocation Failure)
[963.624s][info][gc,heap        ] GC(2664) PSYoungGen: 305235K(318464K)->64K(318464K) Eden: 305152K(305152K)->0K(308224K) From: 83K(13312K)->64K(10240K)
[963.624s][info][gc,heap        ] GC(2664) ParOldGen: 569780K(569856K)->569788K(569856K)
[963.624s][info][gc,metaspace   ] GC(2664) Metaspace: 35693K(36352K)->35693K(36352K) NonClass: 29419K(29888K)->29419K(29888K) Class: 6273K(6464K)->6273K(6464K)
[963.624s][info][gc             ] GC(2664) Pause Young (Allocation Failure) 854M->556M(867M) 1.902ms
[963.624s][info][gc,cpu         ] GC(2664) User=0.00s Sys=0.00s Real=0.00s
[963.891s][info][gc,start       ] GC(2665) Pause Young (Allocation Failure)
[963.894s][info][gc,heap        ] GC(2665) PSYoungGen: 308288K(318464K)->64K(296448K) Eden: 308224K(308224K)->0K(295936K) From: 64K(10240K)->64K(512K)
[963.894s][info][gc,heap        ] GC(2665) ParOldGen: 569788K(569856K)->569796K(569856K)
[963.894s][info][gc,metaspace   ] GC(2665) Metaspace: 35693K(36352K)->35693K(36352K) NonClass: 29419K(29888K)->29419K(29888K) Class: 6273K(6464K)->6273K(6464K)
[963.894s][info][gc             ] GC(2665) Pause Young (Allocation Failure) 857M->556M(846M) 2.544ms
[963.894s][info][gc,cpu         ] GC(2665) User=0.01s Sys=0.00s Real=0.00s
[964.342s][info][gc,start       ] GC(2666) Pause Young (Allocation Failure)
[964.344s][info][gc,heap        ] GC(2666) PSYoungGen: 296000K(296448K)->64K(284672K) Eden: 295936K(295936K)->0K(284160K) From: 64K(512K)->64K(512K)
[964.345s][info][gc,heap        ] GC(2666) ParOldGen: 569796K(569856K)->569804K(569856K)
[964.345s][info][gc,metaspace   ] GC(2666) Metaspace: 35693K(36352K)->35693K(36352K) NonClass: 29419K(29888K)->29419K(29888K) Class: 6273K(6464K)->6273K(6464K)
[964.345s][info][gc             ] GC(2666) Pause Young (Allocation Failure) 845M->556M(834M) 2.665ms
[964.345s][info][gc,cpu         ] GC(2666) User=0.01s Sys=0.00s Real=0.00s
[965.258s][info][gc,start       ] GC(2667) Pause Young (Allocation Failure)
[965.260s][info][gc,heap        ] GC(2667) PSYoungGen: 284224K(284672K)->64K(283136K) Eden: 284160K(284160K)->0K(272896K) From: 64K(512K)->64K(10240K)
[965.260s][info][gc,heap        ] GC(2667) ParOldGen: 569804K(569856K)->569812K(569856K)
[965.260s][info][gc,metaspace   ] GC(2667) Metaspace: 35693K(36352K)->35693K(36352K) NonClass: 29419K(29888K)->29419K(29888K) Class: 6273K(6464K)->6273K(6464K)
[965.260s][info][gc             ] GC(2667) Pause Young (Allocation Failure) 834M->556M(833M) 1.861ms
[965.260s][info][gc,cpu         ] GC(2667) User=0.00s Sys=0.01s Real=0.00s
[965.598s][info][gc,start       ] GC(2668) Pause Young (Allocation Failure)
[965.600s][info][gc,heap        ] GC(2668) PSYoungGen: 272960K(283136K)->64K(262656K) Eden: 272896K(272896K)->0K(262144K) From: 64K(10240K)->64K(512K)
[965.600s][info][gc,heap        ] GC(2668) ParOldGen: 569812K(569856K)->569820K(569856K)
[965.600s][info][gc,metaspace   ] GC(2668) Metaspace: 35693K(36352K)->35693K(36352K) NonClass: 29419K(29888K)->29419K(29888K) Class: 6273K(6464K)->6273K(6464K)
[965.600s][info][gc             ] GC(2668) Pause Young (Allocation Failure) 823M->556M(813M) 2.513ms
[965.600s][info][gc,cpu         ] GC(2668) User=0.01s Sys=0.00s Real=0.00s
[965.737s][info][gc,start       ] GC(2669) Pause Young (Allocation Failure)
[965.739s][info][gc,heap        ] GC(2669) PSYoungGen: 262208K(262656K)->64K(260608K) Eden: 262144K(262144K)->0K(251904K) From: 64K(512K)->64K(8704K)
[965.739s][info][gc,heap        ] GC(2669) ParOldGen: 569820K(569856K)->569828K(569856K)
[965.739s][info][gc,metaspace   ] GC(2669) Metaspace: 35693K(36352K)->35693K(36352K) NonClass: 29419K(29888K)->29419K(29888K) Class: 6273K(6464K)->6273K(6464K)
[965.739s][info][gc             ] GC(2669) Pause Young (Allocation Failure) 812M->556M(811M) 2.022ms
[965.739s][info][gc,cpu         ] GC(2669) User=0.01s Sys=0.00s Real=0.00s
[966.086s][info][gc,start       ] GC(2670) Pause Young (Allocation Failure)
[966.090s][info][gc,heap        ] GC(2670) PSYoungGen: 251968K(260608K)->64K(242688K) Eden: 251904K(251904K)->0K(242176K) From: 64K(8704K)->64K(512K)
[966.090s][info][gc,heap        ] GC(2670) ParOldGen: 569828K(569856K)->569844K(569856K)
[966.090s][info][gc,metaspace   ] GC(2670) Metaspace: 35693K(36352K)->35693K(36352K) NonClass: 29419K(29888K)->29419K(29888K) Class: 6273K(6464K)->6273K(6464K)
[966.090s][info][gc             ] GC(2670) Pause Young (Allocation Failure) 802M->556M(793M) 4.054ms
[966.090s][info][gc,cpu         ] GC(2670) User=0.01s Sys=0.00s Real=0.00s
[966.449s][info][gc,start       ] GC(2671) Pause Young (Allocation Failure)
[966.452s][info][gc,heap        ] GC(2671) PSYoungGen: 242240K(242688K)->64K(240640K) Eden: 242176K(242176K)->0K(232960K) From: 64K(512K)->64K(7680K)
[966.452s][info][gc,heap        ] GC(2671) ParOldGen: 569844K(569856K)->569852K(569856K)
[966.452s][info][gc,metaspace   ] GC(2671) Metaspace: 35693K(36352K)->35693K(36352K) NonClass: 29419K(29888K)->29419K(29888K) Class: 6273K(6464K)->6273K(6464K)
[966.452s][info][gc             ] GC(2671) Pause Young (Allocation Failure) 793M->556M(791M) 2.794ms
[966.452s][info][gc,cpu         ] GC(2671) User=0.01s Sys=0.00s Real=0.00s
[966.818s][info][gc,start       ] GC(2672) Pause Young (Allocation Failure)
[966.826s][info][gc,heap        ] GC(2672) PSYoungGen: 233024K(240640K)->3360K(279552K) Eden: 232960K(232960K)->0K(275968K) From: 64K(7680K)->3360K(3584K)
[966.826s][info][gc,heap        ] GC(2672) ParOldGen: 569852K(569856K)->569868K(570368K)
[966.826s][info][gc,metaspace   ] GC(2672) Metaspace: 35693K(36352K)->35693K(36352K) NonClass: 29419K(29888K)->29419K(29888K) Class: 6273K(6464K)->6273K(6464K)
[966.826s][info][gc             ] GC(2672) Pause Young (Allocation Failure) 784M->559M(830M) 7.754ms
[966.826s][info][gc,cpu         ] GC(2672) User=0.01s Sys=0.00s Real=0.01s
[967.107s][info][gc,start       ] GC(2673) Pause Young (Allocation Failure)
[967.167s][info][gc,heap        ] GC(2673) PSYoungGen: 279328K(279552K)->7168K(283648K) Eden: 275968K(275968K)->0K(276480K) From: 3360K(3584K)->7168K(7168K)
[967.167s][info][gc,heap        ] GC(2673) ParOldGen: 569868K(570368K)->591820K(591872K)
[967.167s][info][gc,metaspace   ] GC(2673) Metaspace: 35693K(36352K)->35693K(36352K) NonClass: 29419K(29888K)->29419K(29888K) Class: 6273K(6464K)->6273K(6464K)
[967.167s][info][gc             ] GC(2673) Pause Young (Allocation Failure) 829M->584M(855M) 59.642ms
[967.167s][info][gc,cpu         ] GC(2673) User=0.10s Sys=0.01s Real=0.06s
[967.445s][info][gc,start       ] GC(2674) Pause Young (Allocation Failure)
[967.512s][info][gc,heap        ] GC(2674) PSYoungGen: 283648K(283648K)->17408K(300032K) Eden: 276480K(276480K)->0K(282624K) From: 7168K(7168K)->17408K(17408K)
[967.512s][info][gc,heap        ] GC(2674) ParOldGen: 591820K(591872K)->604380K(604672K)
[967.512s][info][gc,metaspace   ] GC(2674) Metaspace: 35693K(36352K)->35693K(36352K) NonClass: 29419K(29888K)->29419K(29888K) Class: 6273K(6464K)->6273K(6464K)
[967.512s][info][gc             ] GC(2674) Pause Young (Allocation Failure) 854M->607M(883M) 67.091ms
[967.512s][info][gc,cpu         ] GC(2674) User=0.11s Sys=0.02s Real=0.07s
[967.635s][info][gc,start       ] GC(2675) Pause Young (Allocation Failure)
[967.651s][info][gc,heap        ] GC(2675) PSYoungGen: 300032K(300032K)->7392K(308224K) Eden: 282624K(282624K)->0K(282624K) From: 17408K(17408K)->7392K(25600K)
[967.651s][info][gc,heap        ] GC(2675) ParOldGen: 604380K(604672K)->604828K(605184K)
[967.651s][info][gc,metaspace   ] GC(2675) Metaspace: 35693K(36352K)->35693K(36352K) NonClass: 29419K(29888K)->29419K(29888K) Class: 6273K(6464K)->6273K(6464K)
[967.651s][info][gc             ] GC(2675) Pause Young (Allocation Failure) 883M->597M(892M) 15.705ms
[967.651s][info][gc,cpu         ] GC(2675) User=0.03s Sys=0.00s Real=0.02s
[968.114s][info][gc,start       ] GC(2676) Pause Young (Allocation Failure)
[968.116s][info][gc,heap        ] GC(2676) PSYoungGen: 290016K(308224K)->64K(305664K) Eden: 282624K(282624K)->0K(284160K) From: 7392K(25600K)->64K(21504K)
[968.116s][info][gc,heap        ] GC(2676) ParOldGen: 604828K(605184K)->604836K(605184K)
[968.116s][info][gc,metaspace   ] GC(2676) Metaspace: 35693K(36352K)->35693K(36352K) NonClass: 29419K(29888K)->29419K(29888K) Class: 6273K(6464K)->6273K(6464K)
[968.116s][info][gc             ] GC(2676) Pause Young (Allocation Failure) 873M->590M(889M) 2.216ms
[968.116s][info][gc,cpu         ] GC(2676) User=0.01s Sys=0.00s Real=0.01s
[968.651s][info][gc,start       ] GC(2677) Pause Young (Allocation Failure)
[968.653s][info][gc,heap        ] GC(2677) PSYoungGen: 284224K(305664K)->64K(307712K) Eden: 284160K(284160K)->0K(284160K) From: 64K(21504K)->64K(23552K)
[968.653s][info][gc,heap        ] GC(2677) ParOldGen: 604836K(605184K)->604844K(605184K)
[968.653s][info][gc,metaspace   ] GC(2677) Metaspace: 35693K(36352K)->35693K(36352K) NonClass: 29419K(29888K)->29419K(29888K) Class: 6273K(6464K)->6273K(6464K)
[968.653s][info][gc             ] GC(2677) Pause Young (Allocation Failure) 868M->590M(891M) 2.431ms
[968.653s][info][gc,cpu         ] GC(2677) User=0.00s Sys=0.00s Real=0.00s
[969.064s][info][gc,start       ] GC(2678) Pause Young (Allocation Failure)
[969.066s][info][gc,heap        ] GC(2678) PSYoungGen: 284224K(307712K)->64K(308224K) Eden: 284160K(284160K)->0K(287744K) From: 64K(23552K)->64K(20480K)
[969.066s][info][gc,heap        ] GC(2678) ParOldGen: 604844K(605184K)->604860K(605184K)
[969.066s][info][gc,metaspace   ] GC(2678) Metaspace: 35693K(36352K)->35693K(36352K) NonClass: 29419K(29888K)->29419K(29888K) Class: 6273K(6464K)->6273K(6464K)
[969.066s][info][gc             ] GC(2678) Pause Young (Allocation Failure) 868M->590M(892M) 2.115ms
[969.066s][info][gc,cpu         ] GC(2678) User=0.01s Sys=0.00s Real=0.01s
[969.275s][info][gc,start       ] GC(2679) Pause Young (Allocation Failure)
[969.277s][info][gc,heap        ] GC(2679) PSYoungGen: 287808K(308224K)->64K(309760K) Eden: 287744K(287744K)->0K(287744K) From: 64K(20480K)->64K(22016K)
[969.277s][info][gc,heap        ] GC(2679) ParOldGen: 604860K(605184K)->604876K(605184K)
[969.277s][info][gc,metaspace   ] GC(2679) Metaspace: 35693K(36352K)->35693K(36352K) NonClass: 29419K(29888K)->29419K(29888K) Class: 6273K(6464K)->6273K(6464K)
[969.277s][info][gc             ] GC(2679) Pause Young (Allocation Failure) 871M->590M(893M) 2.049ms
[969.277s][info][gc,cpu         ] GC(2679) User=0.01s Sys=0.01s Real=0.01s
[969.486s][info][gc,start       ] GC(2680) Pause Young (Allocation Failure)
[969.488s][info][gc,heap        ] GC(2680) PSYoungGen: 287808K(309760K)->64K(309248K) Eden: 287744K(287744K)->0K(290816K) From: 64K(22016K)->64K(18432K)
[969.488s][info][gc,heap        ] GC(2680) ParOldGen: 604876K(605184K)->604876K(605184K)
[969.488s][info][gc,metaspace   ] GC(2680) Metaspace: 35693K(36352K)->35693K(36352K) NonClass: 29419K(29888K)->29419K(29888K) Class: 6273K(6464K)->6273K(6464K)
[969.488s][info][gc             ] GC(2680) Pause Young (Allocation Failure) 871M->590M(893M) 2.042ms
[969.488s][info][gc,cpu         ] GC(2680) User=0.01s Sys=0.00s Real=0.00s
[969.830s][info][gc,start       ] GC(2681) Pause Young (Allocation Failure)
[969.832s][info][gc,heap        ] GC(2681) PSYoungGen: 290880K(309248K)->64K(310784K) Eden: 290816K(290816K)->0K(290816K) From: 64K(18432K)->64K(19968K)
[969.832s][info][gc,heap        ] GC(2681) ParOldGen: 604876K(605184K)->604876K(605184K)
[969.832s][info][gc,metaspace   ] GC(2681) Metaspace: 35693K(36352K)->35693K(36352K) NonClass: 29419K(29888K)->29419K(29888K) Class: 6273K(6464K)->6273K(6464K)
[969.832s][info][gc             ] GC(2681) Pause Young (Allocation Failure) 874M->590M(894M) 2.007ms
[969.832s][info][gc,cpu         ] GC(2681) User=0.00s Sys=0.00s Real=0.00s
[969.920s][info][gc,start       ] GC(2682) Pause Young (Allocation Failure)
[969.922s][info][gc,heap        ] GC(2682) PSYoungGen: 290880K(310784K)->64K(311296K) Eden: 290816K(290816K)->0K(294912K) From: 64K(19968K)->64K(16384K)
[969.922s][info][gc,heap        ] GC(2682) ParOldGen: 604876K(605184K)->604884K(605184K)
[969.922s][info][gc,metaspace   ] GC(2682) Metaspace: 35693K(36352K)->35693K(36352K) NonClass: 29419K(29888K)->29419K(29888K) Class: 6273K(6464K)->6273K(6464K)
[969.922s][info][gc             ] GC(2682) Pause Young (Allocation Failure) 874M->590M(895M) 2.096ms
[969.922s][info][gc,cpu         ] GC(2682) User=0.00s Sys=0.00s Real=0.00s
[969.980s][info][gc,start       ] GC(2683) Pause Young (Allocation Failure)
[969.982s][info][gc,heap        ] GC(2683) PSYoungGen: 294976K(311296K)->64K(312832K) Eden: 294912K(294912K)->0K(294912K) From: 64K(16384K)->64K(17920K)
[969.982s][info][gc,heap        ] GC(2683) ParOldGen: 604884K(605184K)->604900K(605184K)
[969.982s][info][gc,metaspace   ] GC(2683) Metaspace: 35693K(36352K)->35693K(36352K) NonClass: 29419K(29888K)->29419K(29888K) Class: 6273K(6464K)->6273K(6464K)
[969.982s][info][gc             ] GC(2683) Pause Young (Allocation Failure) 878M->590M(896M) 1.982ms
[969.982s][info][gc,cpu         ] GC(2683) User=0.00s Sys=0.00s Real=0.00s
[970.202s][info][gc,start       ] GC(2684) Pause Young (Allocation Failure)
[970.204s][info][gc,heap        ] GC(2684) PSYoungGen: 294976K(312832K)->64K(313344K) Eden: 294912K(294912K)->0K(298496K) From: 64K(17920K)->64K(14848K)
[970.204s][info][gc,heap        ] GC(2684) ParOldGen: 604900K(605184K)->604900K(605184K)
[970.204s][info][gc,metaspace   ] GC(2684) Metaspace: 35693K(36352K)->35693K(36352K) NonClass: 29419K(29888K)->29419K(29888K) Class: 6273K(6464K)->6273K(6464K)
[970.204s][info][gc             ] GC(2684) Pause Young (Allocation Failure) 878M->590M(897M) 2.074ms
[970.204s][info][gc,cpu         ] GC(2684) User=0.00s Sys=0.00s Real=0.00s
[970.518s][info][gc,start       ] GC(2685) Pause Young (Allocation Failure)
[970.520s][info][gc,heap        ] GC(2685) PSYoungGen: 298560K(313344K)->64K(314880K) Eden: 298496K(298496K)->0K(298496K) From: 64K(14848K)->64K(16384K)
[970.520s][info][gc,heap        ] GC(2685) ParOldGen: 604900K(605184K)->604908K(605184K)
[970.520s][info][gc,metaspace   ] GC(2685) Metaspace: 35693K(36352K)->35693K(36352K) NonClass: 29419K(29888K)->29419K(29888K) Class: 6273K(6464K)->6273K(6464K)
[970.520s][info][gc             ] GC(2685) Pause Young (Allocation Failure) 882M->590M(898M) 2.039ms
[970.520s][info][gc,cpu         ] GC(2685) User=0.00s Sys=0.00s Real=0.00s
[970.662s][info][gc,start       ] GC(2686) Pause Young (Allocation Failure)
[970.664s][info][gc,heap        ] GC(2686) PSYoungGen: 298560K(314880K)->64K(314880K) Eden: 298496K(298496K)->0K(302080K) From: 64K(16384K)->64K(12800K)
[970.664s][info][gc,heap        ] GC(2686) ParOldGen: 604908K(605184K)->604916K(605184K)
[970.664s][info][gc,metaspace   ] GC(2686) Metaspace: 35693K(36352K)->35693K(36352K) NonClass: 29419K(29888K)->29419K(29888K) Class: 6273K(6464K)->6273K(6464K)
[970.664s][info][gc             ] GC(2686) Pause Young (Allocation Failure) 882M->590M(898M) 2.060ms
[970.664s][info][gc,cpu         ] GC(2686) User=0.00s Sys=0.00s Real=0.00s
[970.747s][info][gc,start       ] GC(2687) Pause Young (Allocation Failure)
[970.749s][info][gc,heap        ] GC(2687) PSYoungGen: 302144K(314880K)->64K(316416K) Eden: 302080K(302080K)->0K(302080K) From: 64K(12800K)->64K(14336K)
[970.749s][info][gc,heap        ] GC(2687) ParOldGen: 604916K(605184K)->604932K(605184K)
[970.749s][info][gc,metaspace   ] GC(2687) Metaspace: 35693K(36352K)->35693K(36352K) NonClass: 29419K(29888K)->29419K(29888K) Class: 6273K(6464K)->6273K(6464K)
[970.749s][info][gc             ] GC(2687) Pause Young (Allocation Failure) 885M->590M(900M) 2.122ms
[970.749s][info][gc,cpu         ] GC(2687) User=0.00s Sys=0.00s Real=0.00s
[970.940s][info][gc,start       ] GC(2688) Pause Young (Allocation Failure)
[970.942s][info][gc,heap        ] GC(2688) PSYoungGen: 302144K(316416K)->64K(316928K) Eden: 302080K(302080K)->0K(305664K) From: 64K(14336K)->64K(11264K)
[970.942s][info][gc,heap        ] GC(2688) ParOldGen: 604932K(605184K)->604932K(605184K)
[970.942s][info][gc,metaspace   ] GC(2688) Metaspace: 35693K(36352K)->35693K(36352K) NonClass: 29419K(29888K)->29419K(29888K) Class: 6273K(6464K)->6273K(6464K)
[970.942s][info][gc             ] GC(2688) Pause Young (Allocation Failure) 885M->590M(900M) 2.003ms
[970.942s][info][gc,cpu         ] GC(2688) User=0.01s Sys=0.00s Real=0.00s
[971.880s][info][gc,start       ] GC(2689) Pause Young (Allocation Failure)
[971.882s][info][gc,heap        ] GC(2689) PSYoungGen: 305728K(316928K)->83K(318464K) Eden: 305664K(305664K)->0K(305664K) From: 64K(11264K)->83K(12800K)
[971.882s][info][gc,heap        ] GC(2689) ParOldGen: 604932K(605184K)->604940K(605184K)
[971.882s][info][gc,metaspace   ] GC(2689) Metaspace: 35693K(36352K)->35693K(36352K) NonClass: 29419K(29888K)->29419K(29888K) Class: 6273K(6464K)->6273K(6464K)
[971.882s][info][gc             ] GC(2689) Pause Young (Allocation Failure) 889M->590M(902M) 1.990ms
[971.882s][info][gc,cpu         ] GC(2689) User=0.00s Sys=0.00s Real=0.00s
[972.728s][info][gc,start       ] GC(2690) Pause Young (Allocation Failure)
[972.730s][info][gc,heap        ] GC(2690) PSYoungGen: 305747K(318464K)->64K(319488K) Eden: 305664K(305664K)->0K(309248K) From: 83K(12800K)->64K(10240K)
[972.730s][info][gc,heap        ] GC(2690) ParOldGen: 604940K(605184K)->604948K(605184K)
[972.730s][info][gc,metaspace   ] GC(2690) Metaspace: 35693K(36352K)->35693K(36352K) NonClass: 29419K(29888K)->29419K(29888K) Class: 6273K(6464K)->6273K(6464K)
[972.730s][info][gc             ] GC(2690) Pause Young (Allocation Failure) 889M->590M(903M) 2.050ms
[972.730s][info][gc,cpu         ] GC(2690) User=0.00s Sys=0.00s Real=0.00s
[973.059s][info][gc,start       ] GC(2691) Pause Young (Allocation Failure)
[973.062s][info][gc,heap        ] GC(2691) PSYoungGen: 309312K(319488K)->64K(297472K) Eden: 309248K(309248K)->0K(296960K) From: 64K(10240K)->64K(512K)
[973.062s][info][gc,heap        ] GC(2691) ParOldGen: 604948K(605184K)->604956K(605184K)
[973.062s][info][gc,metaspace   ] GC(2691) Metaspace: 35693K(36352K)->35693K(36352K) NonClass: 29419K(29888K)->29419K(29888K) Class: 6273K(6464K)->6273K(6464K)
[973.062s][info][gc             ] GC(2691) Pause Young (Allocation Failure) 892M->590M(881M) 2.728ms
[973.062s][info][gc,cpu         ] GC(2691) User=0.01s Sys=0.00s Real=0.00s
[973.463s][info][gc,start       ] GC(2692) Pause Young (Allocation Failure)
[973.467s][info][gc,heap        ] GC(2692) PSYoungGen: 297024K(297472K)->64K(285696K) Eden: 296960K(296960K)->0K(285184K) From: 64K(512K)->64K(512K)
[973.467s][info][gc,heap        ] GC(2692) ParOldGen: 604956K(605184K)->604972K(605184K)
[973.467s][info][gc,metaspace   ] GC(2692) Metaspace: 35693K(36352K)->35693K(36352K) NonClass: 29419K(29888K)->29419K(29888K) Class: 6273K(6464K)->6273K(6464K)
[973.467s][info][gc             ] GC(2692) Pause Young (Allocation Failure) 880M->590M(870M) 4.165ms
[973.467s][info][gc,cpu         ] GC(2692) User=0.00s Sys=0.00s Real=0.01s
[974.388s][info][gc,start       ] GC(2693) Pause Young (Allocation Failure)
[974.392s][info][gc,heap        ] GC(2693) PSYoungGen: 285248K(285696K)->64K(283648K) Eden: 285184K(285184K)->0K(273920K) From: 64K(512K)->64K(9728K)
[974.392s][info][gc,heap        ] GC(2693) ParOldGen: 604972K(605184K)->604988K(605184K)
[974.392s][info][gc,metaspace   ] GC(2693) Metaspace: 35693K(36352K)->35693K(36352K) NonClass: 29419K(29888K)->29419K(29888K) Class: 6273K(6464K)->6273K(6464K)
[974.392s][info][gc             ] GC(2693) Pause Young (Allocation Failure) 869M->590M(868M) 3.571ms
[974.392s][info][gc,cpu         ] GC(2693) User=0.00s Sys=0.00s Real=0.00s
[974.769s][info][gc,start       ] GC(2694) Pause Young (Allocation Failure)
[974.772s][info][gc,heap        ] GC(2694) PSYoungGen: 273984K(283648K)->32K(263680K) Eden: 273920K(273920K)->0K(263168K) From: 64K(9728K)->32K(512K)
[974.773s][info][gc,heap        ] GC(2694) ParOldGen: 604988K(605184K)->604996K(605184K)
[974.773s][info][gc,metaspace   ] GC(2694) Metaspace: 35693K(36352K)->35693K(36352K) NonClass: 29419K(29888K)->29419K(29888K) Class: 6273K(6464K)->6273K(6464K)
[974.773s][info][gc             ] GC(2694) Pause Young (Allocation Failure) 858M->590M(848M) 3.499ms
[974.773s][info][gc,cpu         ] GC(2694) User=0.00s Sys=0.00s Real=0.00s
[974.855s][info][gc,start       ] GC(2695) Pause Young (Allocation Failure)
[974.858s][info][gc,heap        ] GC(2695) PSYoungGen: 263200K(263680K)->64K(294912K) Eden: 263168K(263168K)->0K(286208K) From: 32K(512K)->64K(8704K)
[974.858s][info][gc,heap        ] GC(2695) ParOldGen: 604996K(605184K)->605004K(605184K)
[974.858s][info][gc,metaspace   ] GC(2695) Metaspace: 35693K(36352K)->35693K(36352K) NonClass: 29419K(29888K)->29419K(29888K) Class: 6273K(6464K)->6273K(6464K)
[974.858s][info][gc             ] GC(2695) Pause Young (Allocation Failure) 847M->590M(879M) 3.072ms
[974.858s][info][gc,cpu         ] GC(2695) User=0.01s Sys=0.00s Real=0.00s
[975.392s][info][gc,start       ] GC(2696) Pause Young (Allocation Failure)
[975.396s][info][gc,heap        ] GC(2696) PSYoungGen: 286272K(294912K)->64K(320512K) Eden: 286208K(286208K)->0K(312832K) From: 64K(8704K)->64K(7680K)
[975.396s][info][gc,heap        ] GC(2696) ParOldGen: 605004K(605184K)->605020K(605184K)
[975.396s][info][gc,metaspace   ] GC(2696) Metaspace: 35693K(36352K)->35693K(36352K) NonClass: 29419K(29888K)->29419K(29888K) Class: 6273K(6464K)->6273K(6464K)
[975.396s][info][gc             ] GC(2696) Pause Young (Allocation Failure) 870M->590M(904M) 3.744ms
[975.396s][info][gc,cpu         ] GC(2696) User=0.00s Sys=0.00s Real=0.01s
[975.782s][info][gc,start       ] GC(2697) Pause Young (Allocation Failure)
[975.786s][info][gc,heap        ] GC(2697) PSYoungGen: 312896K(320512K)->64K(320000K) Eden: 312832K(312832K)->0K(312832K) From: 64K(7680K)->64K(7168K)
[975.786s][info][gc,heap        ] GC(2697) ParOldGen: 605020K(605184K)->605028K(605184K)
[975.786s][info][gc,metaspace   ] GC(2697) Metaspace: 35693K(36352K)->35693K(36352K) NonClass: 29419K(29888K)->29419K(29888K) Class: 6273K(6464K)->6273K(6464K)
[975.786s][info][gc             ] GC(2697) Pause Young (Allocation Failure) 896M->590M(903M) 4.148ms
[975.786s][info][gc,cpu         ] GC(2697) User=0.01s Sys=0.00s Real=0.01s
[976.164s][info][gc,start       ] GC(2698) Pause Young (Allocation Failure)
[976.224s][info][gc,heap        ] GC(2698) PSYoungGen: 312896K(320000K)->6656K(308736K) Eden: 312832K(312832K)->0K(302080K) From: 64K(7168K)->6656K(6656K)
[976.224s][info][gc,heap        ] GC(2698) ParOldGen: 605028K(605184K)->625628K(625664K)
[976.224s][info][gc,metaspace   ] GC(2698) Metaspace: 35693K(36352K)->35693K(36352K) NonClass: 29419K(29888K)->29419K(29888K) Class: 6273K(6464K)->6273K(6464K)
[976.224s][info][gc             ] GC(2698) Pause Young (Allocation Failure) 896M->617M(912M) 60.624ms
[976.224s][info][gc,cpu         ] GC(2698) User=0.10s Sys=0.02s Real=0.06s
[976.524s][info][gc,start       ] GC(2699) Pause Young (Allocation Failure)
[976.603s][info][gc,heap        ] GC(2699) PSYoungGen: 308736K(308736K)->15872K(317952K) Eden: 302080K(302080K)->0K(302080K) From: 6656K(6656K)->15872K(15872K)
[976.603s][info][gc,heap        ] GC(2699) ParOldGen: 625628K(625664K)->642380K(642560K)
[976.603s][info][gc,metaspace   ] GC(2699) Metaspace: 35693K(36352K)->35693K(36352K) NonClass: 29419K(29888K)->29419K(29888K) Class: 6273K(6464K)->6273K(6464K)
[976.603s][info][gc             ] GC(2699) Pause Young (Allocation Failure) 912M->642M(938M) 78.665ms
[976.603s][info][gc,cpu         ] GC(2699) User=0.12s Sys=0.01s Real=0.08s
[976.750s][info][gc,start       ] GC(2700) Pause Young (Allocation Failure)
[976.775s][info][gc,heap        ] GC(2700) PSYoungGen: 317952K(317952K)->9856K(299520K) Eden: 302080K(302080K)->0K(283648K) From: 15872K(15872K)->9856K(15872K)
[976.775s][info][gc,heap        ] GC(2700) ParOldGen: 642380K(642560K)->642988K(643072K)
[976.775s][info][gc,metaspace   ] GC(2700) Metaspace: 35693K(36352K)->35693K(36352K) NonClass: 29419K(29888K)->29419K(29888K) Class: 6273K(6464K)->6273K(6464K)
[976.775s][info][gc             ] GC(2700) Pause Young (Allocation Failure) 937M->637M(920M) 24.393ms
[976.775s][info][gc,cpu         ] GC(2700) User=0.05s Sys=0.01s Real=0.02s
[977.246s][info][gc,start       ] GC(2701) Pause Young (Allocation Failure)
[977.248s][info][gc,heap        ] GC(2701) PSYoungGen: 293504K(299520K)->64K(308736K) Eden: 283648K(283648K)->0K(283648K) From: 9856K(15872K)->64K(25088K)
[977.248s][info][gc,heap        ] GC(2701) ParOldGen: 642988K(643072K)->642996K(643072K)
[977.248s][info][gc,metaspace   ] GC(2701) Metaspace: 35693K(36352K)->35693K(36352K) NonClass: 29419K(29888K)->29419K(29888K) Class: 6273K(6464K)->6273K(6464K)
[977.248s][info][gc             ] GC(2701) Pause Young (Allocation Failure) 914M->627M(929M) 2.057ms
[977.248s][info][gc,cpu         ] GC(2701) User=0.00s Sys=0.00s Real=0.00s
[977.801s][info][gc,start       ] GC(2702) Pause Young (Allocation Failure)
[977.803s][info][gc,heap        ] GC(2702) PSYoungGen: 283712K(308736K)->64K(306176K) Eden: 283648K(283648K)->0K(284160K) From: 64K(25088K)->64K(22016K)
[977.803s][info][gc,heap        ] GC(2702) ParOldGen: 642996K(643072K)->643004K(643072K)
[977.803s][info][gc,metaspace   ] GC(2702) Metaspace: 35693K(36352K)->35693K(36352K) NonClass: 29419K(29888K)->29419K(29888K) Class: 6273K(6464K)->6273K(6464K)
[977.803s][info][gc             ] GC(2702) Pause Young (Allocation Failure) 904M->627M(927M) 2.244ms
[977.803s][info][gc,cpu         ] GC(2702) User=0.01s Sys=0.00s Real=0.00s
[978.235s][info][gc,start       ] GC(2703) Pause Young (Allocation Failure)
[978.237s][info][gc,heap        ] GC(2703) PSYoungGen: 284224K(306176K)->64K(307712K) Eden: 284160K(284160K)->0K(284160K) From: 64K(22016K)->64K(23552K)
[978.237s][info][gc,heap        ] GC(2703) ParOldGen: 643004K(643072K)->643020K(643072K)
[978.237s][info][gc,metaspace   ] GC(2703) Metaspace: 35693K(36352K)->35693K(36352K) NonClass: 29419K(29888K)->29419K(29888K) Class: 6273K(6464K)->6273K(6464K)
[978.237s][info][gc             ] GC(2703) Pause Young (Allocation Failure) 905M->628M(928M) 2.209ms
[978.237s][info][gc,cpu         ] GC(2703) User=0.00s Sys=0.00s Real=0.01s
[978.454s][info][gc,start       ] GC(2704) Pause Young (Allocation Failure)
[978.456s][info][gc,heap        ] GC(2704) PSYoungGen: 284224K(307712K)->64K(307712K) Eden: 284160K(284160K)->0K(287744K) From: 64K(23552K)->64K(19968K)
[978.456s][info][gc,heap        ] GC(2704) ParOldGen: 643020K(643072K)->643036K(643072K)
[978.456s][info][gc,metaspace   ] GC(2704) Metaspace: 35693K(36352K)->35693K(36352K) NonClass: 29419K(29888K)->29419K(29888K) Class: 6273K(6464K)->6273K(6464K)
[978.456s][info][gc             ] GC(2704) Pause Young (Allocation Failure) 905M->628M(928M) 2.137ms
[978.456s][info][gc,cpu         ] GC(2704) User=0.00s Sys=0.00s Real=0.01s
[978.677s][info][gc,start       ] GC(2705) Pause Young (Allocation Failure)
[978.679s][info][gc,heap        ] GC(2705) PSYoungGen: 287808K(307712K)->64K(309248K) Eden: 287744K(287744K)->0K(287744K) From: 64K(19968K)->64K(21504K)
[978.679s][info][gc,heap        ] GC(2705) ParOldGen: 643036K(643072K)->643036K(643072K)
[978.679s][info][gc,metaspace   ] GC(2705) Metaspace: 35693K(36352K)->35693K(36352K) NonClass: 29419K(29888K)->29419K(29888K) Class: 6273K(6464K)->6273K(6464K)
[978.679s][info][gc             ] GC(2705) Pause Young (Allocation Failure) 909M->628M(930M) 2.121ms
[978.679s][info][gc,cpu         ] GC(2705) User=0.00s Sys=0.00s Real=0.00s
[979.031s][info][gc,start       ] GC(2706) Pause Young (Allocation Failure)
[979.034s][info][gc,heap        ] GC(2706) PSYoungGen: 287808K(309248K)->64K(309760K) Eden: 287744K(287744K)->0K(291328K) From: 64K(21504K)->64K(18432K)
[979.034s][info][gc,heap        ] GC(2706) ParOldGen: 643036K(643072K)->643036K(643072K)
[979.034s][info][gc,metaspace   ] GC(2706) Metaspace: 35693K(36352K)->35693K(36352K) NonClass: 29419K(29888K)->29419K(29888K) Class: 6273K(6464K)->6273K(6464K)
[979.034s][info][gc             ] GC(2706) Pause Young (Allocation Failure) 909M->628M(930M) 2.119ms
[979.034s][info][gc,cpu         ] GC(2706) User=0.01s Sys=0.00s Real=0.00s
[979.133s][info][gc,start       ] GC(2707) Pause Young (Allocation Failure)
[979.135s][info][gc,heap        ] GC(2707) PSYoungGen: 291392K(309760K)->64K(311296K) Eden: 291328K(291328K)->0K(291328K) From: 64K(18432K)->64K(19968K)
[979.135s][info][gc,heap        ] GC(2707) ParOldGen: 643036K(643072K)->643044K(643072K)
[979.135s][info][gc,metaspace   ] GC(2707) Metaspace: 35693K(36352K)->35693K(36352K) NonClass: 29419K(29888K)->29419K(29888K) Class: 6273K(6464K)->6273K(6464K)
[979.135s][info][gc             ] GC(2707) Pause Young (Allocation Failure) 912M->628M(932M) 2.068ms
[979.135s][info][gc,cpu         ] GC(2707) User=0.00s Sys=0.00s Real=0.00s
[979.190s][info][gc,start       ] GC(2708) Pause Young (Allocation Failure)
[979.192s][info][gc,heap        ] GC(2708) PSYoungGen: 291392K(311296K)->64K(311296K) Eden: 291328K(291328K)->0K(294912K) From: 64K(19968K)->64K(16384K)
[979.192s][info][gc,heap        ] GC(2708) ParOldGen: 643044K(643072K)->643060K(643072K)
[979.192s][info][gc,metaspace   ] GC(2708) Metaspace: 35693K(36352K)->35693K(36352K) NonClass: 29419K(29888K)->29419K(29888K) Class: 6273K(6464K)->6273K(6464K)
[979.192s][info][gc             ] GC(2708) Pause Young (Allocation Failure) 912M->628M(932M) 2.127ms
[979.192s][info][gc,cpu         ] GC(2708) User=0.01s Sys=0.00s Real=0.00s
[979.410s][info][gc,start       ] GC(2709) Pause Young (Allocation Failure)
[979.412s][info][gc,heap        ] GC(2709) PSYoungGen: 294976K(311296K)->64K(312832K) Eden: 294912K(294912K)->0K(294912K) From: 64K(16384K)->64K(17920K)
[979.412s][info][gc,heap        ] GC(2709) ParOldGen: 643060K(643072K)->643060K(643072K)
[979.412s][info][gc,metaspace   ] GC(2709) Metaspace: 35693K(36352K)->35693K(36352K) NonClass: 29419K(29888K)->29419K(29888K) Class: 6273K(6464K)->6273K(6464K)
[979.412s][info][gc             ] GC(2709) Pause Young (Allocation Failure) 916M->628M(933M) 2.235ms
[979.412s][info][gc,cpu         ] GC(2709) User=0.00s Sys=0.00s Real=0.00s
[979.760s][info][gc,start       ] GC(2710) Pause Young (Allocation Failure)
[979.762s][info][gc,heap        ] GC(2710) PSYoungGen: 294976K(312832K)->64K(313344K) Eden: 294912K(294912K)->0K(299008K) From: 64K(17920K)->64K(14336K)
[979.762s][info][gc,heap        ] GC(2710) ParOldGen: 643060K(643072K)->643068K(643072K)
[979.762s][info][gc,metaspace   ] GC(2710) Metaspace: 35693K(36352K)->35693K(36352K) NonClass: 29419K(29888K)->29419K(29888K) Class: 6273K(6464K)->6273K(6464K)
[979.762s][info][gc             ] GC(2710) Pause Young (Allocation Failure) 916M->628M(934M) 2.273ms
[979.762s][info][gc,cpu         ] GC(2710) User=0.00s Sys=0.00s Real=0.00s
[979.920s][info][gc,start       ] GC(2711) Pause Young (Allocation Failure)
[979.923s][info][gc,heap        ] GC(2711) PSYoungGen: 299072K(313344K)->64K(314880K) Eden: 299008K(299008K)->0K(299008K) From: 64K(14336K)->64K(15872K)
[979.923s][info][gc,heap        ] GC(2711) ParOldGen: 643068K(643072K)->643076K(643584K)
[979.923s][info][gc,metaspace   ] GC(2711) Metaspace: 35693K(36352K)->35693K(36352K) NonClass: 29419K(29888K)->29419K(29888K) Class: 6273K(6464K)->6273K(6464K)
[979.923s][info][gc             ] GC(2711) Pause Young (Allocation Failure) 920M->628M(936M) 2.355ms
[979.923s][info][gc,cpu         ] GC(2711) User=0.00s Sys=0.00s Real=0.00s
[980.006s][info][gc,start       ] GC(2712) Pause Young (Allocation Failure)
[980.009s][info][gc,heap        ] GC(2712) PSYoungGen: 299072K(314880K)->32K(315392K) Eden: 299008K(299008K)->0K(303104K) From: 64K(15872K)->32K(12288K)
[980.009s][info][gc,heap        ] GC(2712) ParOldGen: 643076K(643584K)->643084K(643584K)
[980.009s][info][gc,metaspace   ] GC(2712) Metaspace: 35693K(36352K)->35693K(36352K) NonClass: 29419K(29888K)->29419K(29888K) Class: 6273K(6464K)->6273K(6464K)
[980.010s][info][gc             ] GC(2712) Pause Young (Allocation Failure) 920M->628M(936M) 3.157ms
[980.010s][info][gc,cpu         ] GC(2712) User=0.01s Sys=0.00s Real=0.00s
[980.205s][info][gc,start       ] GC(2713) Pause Young (Allocation Failure)
[980.208s][info][gc,heap        ] GC(2713) PSYoungGen: 303136K(315392K)->64K(316928K) Eden: 303104K(303104K)->0K(303104K) From: 32K(12288K)->64K(13824K)
[980.208s][info][gc,heap        ] GC(2713) ParOldGen: 643084K(643584K)->643084K(643584K)
[980.208s][info][gc,metaspace   ] GC(2713) Metaspace: 35693K(36352K)->35693K(36352K) NonClass: 29419K(29888K)->29419K(29888K) Class: 6273K(6464K)->6273K(6464K)
[980.208s][info][gc             ] GC(2713) Pause Young (Allocation Failure) 924M->628M(938M) 2.233ms
[980.208s][info][gc,cpu         ] GC(2713) User=0.01s Sys=0.00s Real=0.00s
[981.209s][info][gc,start       ] GC(2714) Pause Young (Allocation Failure)
[981.211s][info][gc,heap        ] GC(2714) PSYoungGen: 303168K(316928K)->64K(317440K) Eden: 303104K(303104K)->0K(306688K) From: 64K(13824K)->64K(10752K)
[981.211s][info][gc,heap        ] GC(2714) ParOldGen: 643084K(643584K)->643092K(643584K)
[981.211s][info][gc,metaspace   ] GC(2714) Metaspace: 35693K(36352K)->35693K(36352K) NonClass: 29419K(29888K)->29419K(29888K) Class: 6273K(6464K)->6273K(6464K)
[981.211s][info][gc             ] GC(2714) Pause Young (Allocation Failure) 924M->628M(938M) 2.167ms
[981.211s][info][gc,cpu         ] GC(2714) User=0.01s Sys=0.00s Real=0.00s
[982.122s][info][gc,start       ] GC(2715) Pause Young (Allocation Failure)
[982.124s][info][gc,heap        ] GC(2715) PSYoungGen: 306752K(317440K)->64K(318976K) Eden: 306688K(306688K)->0K(306688K) From: 64K(10752K)->64K(12288K)
[982.124s][info][gc,heap        ] GC(2715) ParOldGen: 643092K(643584K)->643100K(643584K)
[982.124s][info][gc,metaspace   ] GC(2715) Metaspace: 35693K(36352K)->35693K(36352K) NonClass: 29419K(29888K)->29419K(29888K) Class: 6273K(6464K)->6273K(6464K)
[982.124s][info][gc             ] GC(2715) Pause Young (Allocation Failure) 927M->628M(940M) 2.237ms
[982.124s][info][gc,cpu         ] GC(2715) User=0.01s Sys=0.00s Real=0.00s
[982.428s][info][gc,start       ] GC(2716) Pause Young (Allocation Failure)
[982.430s][info][gc,heap        ] GC(2716) PSYoungGen: 306752K(318976K)->64K(320000K) Eden: 306688K(306688K)->0K(310272K) From: 64K(12288K)->64K(9728K)
[982.430s][info][gc,heap        ] GC(2716) ParOldGen: 643100K(643584K)->643108K(643584K)
[982.430s][info][gc,metaspace   ] GC(2716) Metaspace: 35693K(36352K)->35693K(36352K) NonClass: 29419K(29888K)->29419K(29888K) Class: 6273K(6464K)->6273K(6464K)
[982.430s][info][gc             ] GC(2716) Pause Young (Allocation Failure) 927M->628M(941M) 2.580ms
[982.430s][info][gc,cpu         ] GC(2716) User=0.00s Sys=0.00s Real=0.00s
[982.891s][info][gc,start       ] GC(2717) Pause Young (Allocation Failure)
[982.893s][info][gc,heap        ] GC(2717) PSYoungGen: 310336K(320000K)->64K(321024K) Eden: 310272K(310272K)->0K(310272K) From: 64K(9728K)->64K(10752K)
[982.893s][info][gc,heap        ] GC(2717) ParOldGen: 643108K(643584K)->643116K(643584K)
[982.893s][info][gc,metaspace   ] GC(2717) Metaspace: 35693K(36352K)->35693K(36352K) NonClass: 29419K(29888K)->29419K(29888K) Class: 6273K(6464K)->6273K(6464K)
[982.893s][info][gc             ] GC(2717) Pause Young (Allocation Failure) 931M->628M(942M) 2.857ms
[982.893s][info][gc,cpu         ] GC(2717) User=0.01s Sys=0.00s Real=0.00s
[983.936s][info][gc,start       ] GC(2718) Pause Young (Allocation Failure)
[983.939s][info][gc,heap        ] GC(2718) PSYoungGen: 310336K(321024K)->64K(298496K) Eden: 310272K(310272K)->0K(297984K) From: 64K(10752K)->64K(512K)
[983.939s][info][gc,heap        ] GC(2718) ParOldGen: 643116K(643584K)->643124K(643584K)
[983.939s][info][gc,metaspace   ] GC(2718) Metaspace: 35693K(36352K)->35693K(36352K) NonClass: 29419K(29888K)->29419K(29888K) Class: 6273K(6464K)->6273K(6464K)
[983.939s][info][gc             ] GC(2718) Pause Young (Allocation Failure) 931M->628M(920M) 2.538ms
[983.939s][info][gc,cpu         ] GC(2718) User=0.01s Sys=0.00s Real=0.00s
[984.355s][info][gc,start       ] GC(2719) Pause Young (Allocation Failure)
[984.357s][info][gc,heap        ] GC(2719) PSYoungGen: 298048K(298496K)->64K(295424K) Eden: 297984K(297984K)->0K(286208K) From: 64K(512K)->64K(9216K)
[984.357s][info][gc,heap        ] GC(2719) ParOldGen: 643124K(643584K)->643132K(643584K)
[984.357s][info][gc,metaspace   ] GC(2719) Metaspace: 35693K(36352K)->35693K(36352K) NonClass: 29419K(29888K)->29419K(29888K) Class: 6273K(6464K)->6273K(6464K)
[984.357s][info][gc             ] GC(2719) Pause Young (Allocation Failure) 919M->628M(917M) 2.085ms
[984.357s][info][gc,cpu         ] GC(2719) User=0.01s Sys=0.00s Real=0.00s
[984.486s][info][gc,start       ] GC(2720) Pause Young (Allocation Failure)
[984.489s][info][gc,heap        ] GC(2720) PSYoungGen: 286272K(295424K)->64K(275456K) Eden: 286208K(286208K)->0K(274944K) From: 64K(9216K)->64K(512K)
[984.489s][info][gc,heap        ] GC(2720) ParOldGen: 643132K(643584K)->643140K(643584K)
[984.489s][info][gc,metaspace   ] GC(2720) Metaspace: 35693K(36352K)->35693K(36352K) NonClass: 29419K(29888K)->29419K(29888K) Class: 6273K(6464K)->6273K(6464K)
[984.489s][info][gc             ] GC(2720) Pause Young (Allocation Failure) 907M->628M(897M) 2.749ms
[984.489s][info][gc,cpu         ] GC(2720) User=0.01s Sys=0.00s Real=0.00s
[985.246s][info][gc,start       ] GC(2721) Pause Young (Allocation Failure)
[985.248s][info][gc,heap        ] GC(2721) PSYoungGen: 275008K(275456K)->64K(272384K) Eden: 274944K(274944K)->0K(264192K) From: 64K(512K)->64K(8192K)
[985.248s][info][gc,heap        ] GC(2721) ParOldGen: 643140K(643584K)->643148K(643584K)
[985.248s][info][gc,metaspace   ] GC(2721) Metaspace: 35693K(36352K)->35693K(36352K) NonClass: 29419K(29888K)->29419K(29888K) Class: 6273K(6464K)->6273K(6464K)
[985.248s][info][gc             ] GC(2721) Pause Young (Allocation Failure) 896M->628M(894M) 2.310ms
[985.248s][info][gc,cpu         ] GC(2721) User=0.00s Sys=0.00s Real=0.00s
[985.519s][info][gc,start       ] GC(2722) Pause Young (Allocation Failure)
[985.522s][info][gc,heap        ] GC(2722) PSYoungGen: 264256K(272384K)->64K(254464K) Eden: 264192K(264192K)->0K(253952K) From: 64K(8192K)->64K(512K)
[985.522s][info][gc,heap        ] GC(2722) ParOldGen: 643148K(643584K)->643156K(643584K)
[985.522s][info][gc,metaspace   ] GC(2722) Metaspace: 35693K(36352K)->35693K(36352K) NonClass: 29419K(29888K)->29419K(29888K) Class: 6273K(6464K)->6273K(6464K)
[985.522s][info][gc             ] GC(2722) Pause Young (Allocation Failure) 886M->628M(877M) 2.597ms
[985.522s][info][gc,cpu         ] GC(2722) User=0.01s Sys=0.00s Real=0.00s
[985.851s][info][gc,start       ] GC(2723) Pause Young (Allocation Failure)
[985.895s][info][gc,heap        ] GC(2723) PSYoungGen: 254016K(254464K)->7168K(301568K) Eden: 253952K(253952K)->0K(294400K) From: 64K(512K)->7168K(7168K)
[985.895s][info][gc,heap        ] GC(2723) ParOldGen: 643156K(643584K)->657340K(657408K)
[985.895s][info][gc,metaspace   ] GC(2723) Metaspace: 35693K(36352K)->35693K(36352K) NonClass: 29419K(29888K)->29419K(29888K) Class: 6273K(6464K)->6273K(6464K)
[985.895s][info][gc             ] GC(2723) Pause Young (Allocation Failure) 876M->648M(936M) 43.311ms
[985.895s][info][gc,cpu         ] GC(2723) User=0.08s Sys=0.01s Real=0.04s
[986.202s][info][gc,start       ] GC(2724) Pause Young (Allocation Failure)
[986.274s][info][gc,promotion   ] GC(2724) Promotion failed
[986.274s][info][gc,heap        ] GC(2724) PSYoungGen: 301568K(301568K)->301568K(301568K) Eden: 294400K(294400K)->294400K(294400K) From: 7168K(7168K)->7168K(7168K)
[986.274s][info][gc,heap        ] GC(2724) ParOldGen: 657340K(657408K)->667644K(667648K)
[986.274s][info][gc,metaspace   ] GC(2724) Metaspace: 35693K(36352K)->35693K(36352K) NonClass: 29419K(29888K)->29419K(29888K) Class: 6273K(6464K)->6273K(6464K)
[986.274s][info][gc             ] GC(2724) Pause Young (Allocation Failure) 936M->946M(946M) 72.693ms
[986.274s][info][gc,cpu         ] GC(2724) User=0.13s Sys=0.02s Real=0.07s
[986.274s][info][gc,start       ] GC(2725) Pause Full (Allocation Failure)
[986.274s][info][gc,phases,start] GC(2725) Marking Phase
[986.349s][info][gc,phases      ] GC(2725) Marking Phase 74.953ms
[986.349s][info][gc,phases,start] GC(2725) Summary Phase
[986.349s][info][gc,phases      ] GC(2725) Summary Phase 0.029ms
[986.349s][info][gc,phases,start] GC(2725) Forward
[986.364s][info][gc,phases      ] GC(2725) Forward 14.625ms
[986.364s][info][gc,phases,start] GC(2725) Adjust Pointers
[986.400s][info][gc,phases      ] GC(2725) Adjust Pointers 36.478ms
[986.401s][info][gc,phases,start] GC(2725) Compaction Phase
[986.421s][info][gc,phases      ] GC(2725) Compaction Phase 20.324ms
[986.421s][info][gc,phases,start] GC(2725) Post Compact
[986.424s][info][metaspace      ] ChkMgr @0x00007f206403aa80 (non-class-space): : reclaiming memory...
[986.424s][info][metaspace      ] ChkMgr @0x00007f206403aa80 (non-class-space): nothing reclaimed.
[986.424s][info][metaspace      ] ChkMgr @0x00007f206403a890 (class-space): : reclaiming memory...
[986.424s][info][metaspace      ] ChkMgr @0x00007f206403a890 (class-space): nothing reclaimed.
[986.424s][info][gc,phases      ] GC(2725) Post Compact 2.917ms
[986.465s][info][gc,heap        ] GC(2725) PSYoungGen: 301568K(301568K)->0K(317952K) Eden: 294400K(294400K)->0K(304128K) From: 7168K(7168K)->0K(13824K)
[986.465s][info][gc,heap        ] GC(2725) ParOldGen: 667644K(667648K)->88173K(175104K)
[986.465s][info][gc,metaspace   ] GC(2725) Metaspace: 35693K(36352K)->35566K(36352K) NonClass: 29419K(29888K)->29293K(29888K) Class: 6273K(6464K)->6272K(6464K)
[986.465s][info][gc             ] GC(2725) Pause Full (Allocation Failure) 946M->86M(481M) 190.781ms
[986.465s][info][gc,cpu         ] GC(2725) User=0.26s Sys=0.04s Real=0.19s
[986.672s][info][gc,start       ] GC(2726) Pause Young (Allocation Failure)
[986.703s][info][gc,heap        ] GC(2726) PSYoungGen: 304128K(317952K)->13824K(317952K) Eden: 304128K(304128K)->0K(304128K) From: 0K(13824K)->13824K(13824K)
[986.703s][info][gc,heap        ] GC(2726) ParOldGen: 88173K(175104K)->90901K(175104K)
[986.703s][info][gc,metaspace   ] GC(2726) Metaspace: 35566K(36352K)->35566K(36352K) NonClass: 29293K(29888K)->29293K(29888K) Class: 6272K(6464K)->6272K(6464K)
[986.703s][info][gc             ] GC(2726) Pause Young (Allocation Failure) 383M->102M(481M) 31.311ms
[986.703s][info][gc,cpu         ] GC(2726) User=0.05s Sys=0.01s Real=0.03s
[987.088s][info][gc,start       ] GC(2727) Pause Young (Allocation Failure)
[987.089s][info][gc,heap        ] GC(2727) PSYoungGen: 317952K(317952K)->64K(314880K) Eden: 304128K(304128K)->0K(299008K) From: 13824K(13824K)->64K(15872K)
[987.089s][info][gc,heap        ] GC(2727) ParOldGen: 90901K(175104K)->91013K(175104K)
[987.089s][info][gc,metaspace   ] GC(2727) Metaspace: 35566K(36352K)->35566K(36352K) NonClass: 29293K(29888K)->29293K(29888K) Class: 6272K(6464K)->6272K(6464K)
[987.089s][info][gc             ] GC(2727) Pause Young (Allocation Failure) 399M->88M(478M) 1.575ms
[987.089s][info][gc,cpu         ] GC(2727) User=0.00s Sys=0.00s Real=0.00s
[987.728s][info][gc,start       ] GC(2728) Pause Young (Allocation Failure)
[987.729s][info][gc,heap        ] GC(2728) PSYoungGen: 299072K(314880K)->64K(316416K) Eden: 299008K(299008K)->0K(299008K) From: 64K(15872K)->64K(17408K)
[987.729s][info][gc,heap        ] GC(2728) ParOldGen: 91013K(175104K)->91021K(175104K)
[987.729s][info][gc,metaspace   ] GC(2728) Metaspace: 35566K(36352K)->35566K(36352K) NonClass: 29293K(29888K)->29293K(29888K) Class: 6272K(6464K)->6272K(6464K)
[987.729s][info][gc             ] GC(2728) Pause Young (Allocation Failure) 380M->88M(480M) 0.816ms
[987.729s][info][gc,cpu         ] GC(2728) User=0.00s Sys=0.00s Real=0.00s
[988.191s][info][gc,start       ] GC(2729) Pause Young (Allocation Failure)
[988.192s][info][gc,heap        ] GC(2729) PSYoungGen: 299072K(316416K)->64K(313856K) Eden: 299008K(299008K)->0K(299520K) From: 64K(17408K)->64K(14336K)
[988.192s][info][gc,heap        ] GC(2729) ParOldGen: 91021K(175104K)->91037K(175104K)
[988.192s][info][gc,metaspace   ] GC(2729) Metaspace: 35566K(36352K)->35566K(36352K) NonClass: 29293K(29888K)->29293K(29888K) Class: 6272K(6464K)->6272K(6464K)
[988.192s][info][gc             ] GC(2729) Pause Young (Allocation Failure) 380M->88M(477M) 0.848ms
[988.192s][info][gc,cpu         ] GC(2729) User=0.00s Sys=0.01s Real=0.00s
[988.421s][info][gc,start       ] GC(2730) Pause Young (Allocation Failure)
[988.422s][info][gc,heap        ] GC(2730) PSYoungGen: 299584K(313856K)->64K(315392K) Eden: 299520K(299520K)->0K(299520K) From: 64K(14336K)->64K(15872K)
[988.422s][info][gc,heap        ] GC(2730) ParOldGen: 91037K(175104K)->91053K(175104K)
[988.422s][info][gc,metaspace   ] GC(2730) Metaspace: 35566K(36352K)->35566K(36352K) NonClass: 29293K(29888K)->29293K(29888K) Class: 6272K(6464K)->6272K(6464K)
[988.422s][info][gc             ] GC(2730) Pause Young (Allocation Failure) 381M->88M(479M) 0.794ms
[988.422s][info][gc,cpu         ] GC(2730) User=0.00s Sys=0.00s Real=0.00s
[988.652s][info][gc,start       ] GC(2731) Pause Young (Allocation Failure)
[988.652s][info][gc,heap        ] GC(2731) PSYoungGen: 299584K(315392K)->64K(315392K) Eden: 299520K(299520K)->0K(302592K) From: 64K(15872K)->64K(12800K)
[988.652s][info][gc,heap        ] GC(2731) ParOldGen: 91053K(175104K)->91053K(175104K)
[988.652s][info][gc,metaspace   ] GC(2731) Metaspace: 35566K(36352K)->35566K(36352K) NonClass: 29293K(29888K)->29293K(29888K) Class: 6272K(6464K)->6272K(6464K)
[988.652s][info][gc             ] GC(2731) Pause Young (Allocation Failure) 381M->88M(479M) 0.778ms
[988.652s][info][gc,cpu         ] GC(2731) User=0.01s Sys=0.00s Real=0.00s
[989.028s][info][gc,start       ] GC(2732) Pause Young (Allocation Failure)
[989.028s][info][gc,heap        ] GC(2732) PSYoungGen: 302656K(315392K)->64K(316928K) Eden: 302592K(302592K)->0K(302592K) From: 64K(12800K)->64K(14336K)
[989.028s][info][gc,heap        ] GC(2732) ParOldGen: 91053K(175104K)->91053K(175104K)
[989.028s][info][gc,metaspace   ] GC(2732) Metaspace: 35566K(36352K)->35566K(36352K) NonClass: 29293K(29888K)->29293K(29888K) Class: 6272K(6464K)->6272K(6464K)
[989.029s][info][gc             ] GC(2732) Pause Young (Allocation Failure) 384M->88M(480M) 0.829ms
[989.029s][info][gc,cpu         ] GC(2732) User=0.00s Sys=0.00s Real=0.00s
[989.107s][info][gc,start       ] GC(2733) Pause Young (Allocation Failure)
[989.107s][info][gc,heap        ] GC(2733) PSYoungGen: 302656K(316928K)->64K(316928K) Eden: 302592K(302592K)->0K(305664K) From: 64K(14336K)->64K(11264K)
[989.107s][info][gc,heap        ] GC(2733) ParOldGen: 91053K(175104K)->91061K(175104K)
[989.107s][info][gc,metaspace   ] GC(2733) Metaspace: 35566K(36352K)->35566K(36352K) NonClass: 29293K(29888K)->29293K(29888K) Class: 6272K(6464K)->6272K(6464K)
[989.107s][info][gc             ] GC(2733) Pause Young (Allocation Failure) 384M->88M(480M) 0.835ms
[989.107s][info][gc,cpu         ] GC(2733) User=0.00s Sys=0.00s Real=0.00s
[989.166s][info][gc,start       ] GC(2734) Pause Young (Allocation Failure)
[989.167s][info][gc,heap        ] GC(2734) PSYoungGen: 305727K(316928K)->64K(318464K) Eden: 305663K(305664K)->0K(305664K) From: 64K(11264K)->64K(12800K)
[989.167s][info][gc,heap        ] GC(2734) ParOldGen: 91061K(175104K)->91077K(175104K)
[989.167s][info][gc,metaspace   ] GC(2734) Metaspace: 35566K(36352K)->35566K(36352K) NonClass: 29293K(29888K)->29293K(29888K) Class: 6272K(6464K)->6272K(6464K)
[989.167s][info][gc             ] GC(2734) Pause Young (Allocation Failure) 387M->89M(482M) 0.826ms
[989.167s][info][gc,cpu         ] GC(2734) User=0.00s Sys=0.00s Real=0.00s
[989.452s][info][gc,start       ] GC(2735) Pause Young (Allocation Failure)
[989.452s][info][gc,heap        ] GC(2735) PSYoungGen: 305728K(318464K)->64K(318464K) Eden: 305664K(305664K)->0K(308736K) From: 64K(12800K)->64K(9728K)
[989.452s][info][gc,heap        ] GC(2735) ParOldGen: 91077K(175104K)->91077K(175104K)
[989.452s][info][gc,metaspace   ] GC(2735) Metaspace: 35566K(36352K)->35566K(36352K) NonClass: 29293K(29888K)->29293K(29888K) Class: 6272K(6464K)->6272K(6464K)
[989.452s][info][gc             ] GC(2735) Pause Young (Allocation Failure) 387M->89M(482M) 0.859ms
[989.452s][info][gc,cpu         ] GC(2735) User=0.00s Sys=0.00s Real=0.00s
[989.755s][info][gc,start       ] GC(2736) Pause Young (Allocation Failure)
[989.756s][info][gc,heap        ] GC(2736) PSYoungGen: 308800K(318464K)->64K(296960K) Eden: 308736K(308736K)->0K(296448K) From: 64K(9728K)->64K(512K)
[989.756s][info][gc,heap        ] GC(2736) ParOldGen: 91077K(175104K)->91085K(175104K)
[989.756s][info][gc,metaspace   ] GC(2736) Metaspace: 35566K(36352K)->35566K(36352K) NonClass: 29293K(29888K)->29293K(29888K) Class: 6272K(6464K)->6272K(6464K)
[989.756s][info][gc             ] GC(2736) Pause Young (Allocation Failure) 390M->89M(461M) 1.551ms
[989.756s][info][gc,cpu         ] GC(2736) User=0.00s Sys=0.00s Real=0.01s
[989.876s][info][gc,start       ] GC(2737) Pause Young (Allocation Failure)
[989.878s][info][gc,heap        ] GC(2737) PSYoungGen: 296512K(296960K)->64K(285184K) Eden: 296448K(296448K)->0K(284672K) From: 64K(512K)->64K(512K)
[989.878s][info][gc,heap        ] GC(2737) ParOldGen: 91085K(175104K)->91093K(175104K)
[989.878s][info][gc,metaspace   ] GC(2737) Metaspace: 35566K(36352K)->35566K(36352K) NonClass: 29293K(29888K)->29293K(29888K) Class: 6272K(6464K)->6272K(6464K)
[989.878s][info][gc             ] GC(2737) Pause Young (Allocation Failure) 378M->89M(449M) 1.823ms
[989.878s][info][gc,cpu         ] GC(2737) User=0.00s Sys=0.00s Real=0.00s
[989.973s][info][gc,start       ] GC(2738) Pause Young (Allocation Failure)
[989.974s][info][gc,heap        ] GC(2738) PSYoungGen: 284736K(285184K)->64K(283648K) Eden: 284672K(284672K)->0K(273408K) From: 64K(512K)->64K(10240K)
[989.974s][info][gc,heap        ] GC(2738) ParOldGen: 91093K(175104K)->91101K(175104K)
[989.974s][info][gc,metaspace   ] GC(2738) Metaspace: 35566K(36352K)->35566K(36352K) NonClass: 29293K(29888K)->29293K(29888K) Class: 6272K(6464K)->6272K(6464K)
[989.974s][info][gc             ] GC(2738) Pause Young (Allocation Failure) 367M->89M(448M) 0.706ms
[989.974s][info][gc,cpu         ] GC(2738) User=0.00s Sys=0.00s Real=0.00s
[990.152s][info][gc,start       ] GC(2739) Pause Young (Allocation Failure)
[990.153s][info][gc,heap        ] GC(2739) PSYoungGen: 273472K(283648K)->64K(263168K) Eden: 273408K(273408K)->0K(262656K) From: 64K(10240K)->64K(512K)
[990.153s][info][gc,heap        ] GC(2739) ParOldGen: 91101K(175104K)->91109K(175104K)
[990.153s][info][gc,metaspace   ] GC(2739) Metaspace: 35566K(36352K)->35566K(36352K) NonClass: 29293K(29888K)->29293K(29888K) Class: 6272K(6464K)->6272K(6464K)
[990.153s][info][gc             ] GC(2739) Pause Young (Allocation Failure) 356M->89M(428M) 1.529ms
[990.153s][info][gc,cpu         ] GC(2739) User=0.00s Sys=0.00s Real=0.00s
[991.120s][info][gc,start       ] GC(2740) Pause Young (Allocation Failure)
[991.120s][info][gc,heap        ] GC(2740) PSYoungGen: 262720K(263168K)->83K(261120K) Eden: 262656K(262656K)->0K(252416K) From: 64K(512K)->83K(8704K)
[991.120s][info][gc,heap        ] GC(2740) ParOldGen: 91109K(175104K)->91117K(175104K)
[991.120s][info][gc,metaspace   ] GC(2740) Metaspace: 35566K(36352K)->35566K(36352K) NonClass: 29293K(29888K)->29293K(29888K) Class: 6272K(6464K)->6272K(6464K)
[991.120s][info][gc             ] GC(2740) Pause Young (Allocation Failure) 345M->89M(426M) 0.721ms
[991.120s][info][gc,cpu         ] GC(2740) User=0.00s Sys=0.00s Real=0.00s
[991.734s][info][gc,start       ] GC(2741) Pause Young (Allocation Failure)
[991.736s][info][gc,heap        ] GC(2741) PSYoungGen: 252499K(261120K)->64K(243200K) Eden: 252416K(252416K)->0K(242688K) From: 83K(8704K)->64K(512K)
[991.736s][info][gc,heap        ] GC(2741) ParOldGen: 91117K(175104K)->91125K(175104K)
[991.736s][info][gc,metaspace   ] GC(2741) Metaspace: 35566K(36352K)->35566K(36352K) NonClass: 29293K(29888K)->29293K(29888K) Class: 6272K(6464K)->6272K(6464K)
[991.736s][info][gc             ] GC(2741) Pause Young (Allocation Failure) 335M->89M(408M) 1.620ms
[991.736s][info][gc,cpu         ] GC(2741) User=0.00s Sys=0.00s Real=0.01s
[992.135s][info][gc,start       ] GC(2742) Pause Young (Allocation Failure)
[992.136s][info][gc,heap        ] GC(2742) PSYoungGen: 242752K(243200K)->64K(241152K) Eden: 242688K(242688K)->0K(233472K) From: 64K(512K)->64K(7680K)
[992.136s][info][gc,heap        ] GC(2742) ParOldGen: 91125K(175104K)->91133K(175104K)
[992.136s][info][gc,metaspace   ] GC(2742) Metaspace: 35566K(36352K)->35566K(36352K) NonClass: 29293K(29888K)->29293K(29888K) Class: 6272K(6464K)->6272K(6464K)
[992.136s][info][gc             ] GC(2742) Pause Young (Allocation Failure) 326M->89M(406M) 0.725ms
[992.136s][info][gc,cpu         ] GC(2742) User=0.00s Sys=0.00s Real=0.00s
[992.512s][info][gc,start       ] GC(2743) Pause Young (Allocation Failure)
[992.513s][info][gc,heap        ] GC(2743) PSYoungGen: 233536K(241152K)->64K(225280K) Eden: 233472K(233472K)->0K(224768K) From: 64K(7680K)->64K(512K)
[992.513s][info][gc,heap        ] GC(2743) ParOldGen: 91133K(175104K)->91141K(175104K)
[992.513s][info][gc,metaspace   ] GC(2743) Metaspace: 35566K(36352K)->35566K(36352K) NonClass: 29293K(29888K)->29293K(29888K) Class: 6272K(6464K)->6272K(6464K)
[992.513s][info][gc             ] GC(2743) Pause Young (Allocation Failure) 317M->89M(391M) 1.264ms
[992.513s][info][gc,cpu         ] GC(2743) User=0.00s Sys=0.00s Real=0.00s
[992.782s][info][gc,start       ] GC(2744) Pause Young (Allocation Failure)
[992.783s][info][gc,heap        ] GC(2744) PSYoungGen: 224832K(225280K)->64K(223232K) Eden: 224768K(224768K)->0K(216576K) From: 64K(512K)->64K(6656K)
[992.783s][info][gc,heap        ] GC(2744) ParOldGen: 91141K(175104K)->91149K(175104K)
[992.783s][info][gc,metaspace   ] GC(2744) Metaspace: 35566K(36352K)->35566K(36352K) NonClass: 29293K(29888K)->29293K(29888K) Class: 6272K(6464K)->6272K(6464K)
[992.783s][info][gc             ] GC(2744) Pause Young (Allocation Failure) 308M->89M(389M) 0.774ms
[992.783s][info][gc,cpu         ] GC(2744) User=0.00s Sys=0.00s Real=0.00s
[993.693s][info][gc,start       ] GC(2745) Pause Young (Allocation Failure)
[993.695s][info][gc,heap        ] GC(2745) PSYoungGen: 216640K(223232K)->64K(209408K) Eden: 216576K(216576K)->0K(208896K) From: 64K(6656K)->64K(512K)
[993.695s][info][gc,heap        ] GC(2745) ParOldGen: 91149K(175104K)->91157K(175104K)
[993.695s][info][gc,metaspace   ] GC(2745) Metaspace: 35566K(36352K)->35566K(36352K) NonClass: 29293K(29888K)->29293K(29888K) Class: 6272K(6464K)->6272K(6464K)
[993.695s][info][gc             ] GC(2745) Pause Young (Allocation Failure) 300M->89M(375M) 1.358ms
[993.695s][info][gc,cpu         ] GC(2745) User=0.00s Sys=0.01s Real=0.00s
[994.014s][info][gc,start       ] GC(2746) Pause Young (Allocation Failure)
[994.016s][info][gc,heap        ] GC(2746) PSYoungGen: 208960K(209408K)->32K(206848K) Eden: 208896K(208896K)->0K(201216K) From: 64K(512K)->32K(5632K)
[994.016s][info][gc,heap        ] GC(2746) ParOldGen: 91157K(175104K)->91165K(175104K)
[994.016s][info][gc,metaspace   ] GC(2746) Metaspace: 35566K(36352K)->35566K(36352K) NonClass: 29293K(29888K)->29293K(29888K) Class: 6272K(6464K)->6272K(6464K)
[994.016s][info][gc             ] GC(2746) Pause Young (Allocation Failure) 293M->89M(373M) 1.222ms
[994.016s][info][gc,cpu         ] GC(2746) User=0.00s Sys=0.00s Real=0.01s
[994.180s][info][gc,start       ] GC(2747) Pause Young (Allocation Failure)
[994.182s][info][gc,heap        ] GC(2747) PSYoungGen: 201248K(206848K)->64K(194560K) Eden: 201216K(201216K)->0K(194048K) From: 32K(5632K)->64K(512K)
[994.182s][info][gc,heap        ] GC(2747) ParOldGen: 91165K(175104K)->91173K(175104K)
[994.182s][info][gc,metaspace   ] GC(2747) Metaspace: 35566K(36352K)->35566K(36352K) NonClass: 29293K(29888K)->29293K(29888K) Class: 6272K(6464K)->6272K(6464K)
[994.182s][info][gc             ] GC(2747) Pause Young (Allocation Failure) 285M->89M(361M) 1.728ms
[994.182s][info][gc,cpu         ] GC(2747) User=0.00s Sys=0.00s Real=0.00s
[994.231s][info][gc,start       ] GC(2748) Pause Young (Allocation Failure)
[994.233s][info][gc,heap        ] GC(2748) PSYoungGen: 194112K(194560K)->32K(192512K) Eden: 194048K(194048K)->0K(187392K) From: 64K(512K)->32K(5120K)
[994.233s][info][gc,heap        ] GC(2748) ParOldGen: 91173K(175104K)->91189K(175104K)
[994.233s][info][gc,metaspace   ] GC(2748) Metaspace: 35566K(36352K)->35566K(36352K) NonClass: 29293K(29888K)->29293K(29888K) Class: 6272K(6464K)->6272K(6464K)
[994.233s][info][gc             ] GC(2748) Pause Young (Allocation Failure) 278M->89M(359M) 1.145ms
[994.233s][info][gc,cpu         ] GC(2748) User=0.00s Sys=0.00s Real=0.00s
[994.555s][info][gc,start       ] GC(2749) Pause Young (Allocation Failure)
[994.557s][info][gc,heap        ] GC(2749) PSYoungGen: 187424K(192512K)->64K(181248K) Eden: 187392K(187392K)->0K(180736K) From: 32K(5120K)->64K(512K)
[994.557s][info][gc,heap        ] GC(2749) ParOldGen: 91189K(175104K)->91189K(175104K)
[994.557s][info][gc,metaspace   ] GC(2749) Metaspace: 35566K(36352K)->35566K(36352K) NonClass: 29293K(29888K)->29293K(29888K) Class: 6272K(6464K)->6272K(6464K)
[994.557s][info][gc             ] GC(2749) Pause Young (Allocation Failure) 272M->89M(348M) 1.845ms
[994.557s][info][gc,cpu         ] GC(2749) User=0.00s Sys=0.00s Real=0.01s
[994.945s][info][gc,start       ] GC(2750) Pause Young (Allocation Failure)
[994.946s][info][gc,heap        ] GC(2750) PSYoungGen: 180800K(181248K)->64K(179200K) Eden: 180736K(180736K)->0K(174592K) From: 64K(512K)->64K(4608K)
[994.946s][info][gc,heap        ] GC(2750) ParOldGen: 91189K(175104K)->91205K(175104K)
[994.946s][info][gc,metaspace   ] GC(2750) Metaspace: 35566K(36352K)->35566K(36352K) NonClass: 29293K(29888K)->29293K(29888K) Class: 6272K(6464K)->6272K(6464K)
[994.946s][info][gc             ] GC(2750) Pause Young (Allocation Failure) 265M->89M(346M) 1.242ms
[994.946s][info][gc,cpu         ] GC(2750) User=0.00s Sys=0.00s Real=0.01s
[995.118s][info][gc,start       ] GC(2751) Pause Young (Allocation Failure)
[995.120s][info][gc,heap        ] GC(2751) PSYoungGen: 174656K(179200K)->64K(168960K) Eden: 174592K(174592K)->0K(168448K) From: 64K(4608K)->64K(512K)
[995.120s][info][gc,heap        ] GC(2751) ParOldGen: 91205K(175104K)->91213K(175104K)
[995.120s][info][gc,metaspace   ] GC(2751) Metaspace: 35566K(36352K)->35566K(36352K) NonClass: 29293K(29888K)->29293K(29888K) Class: 6272K(6464K)->6272K(6464K)
[995.120s][info][gc             ] GC(2751) Pause Young (Allocation Failure) 259M->89M(336M) 1.585ms
[995.120s][info][gc,cpu         ] GC(2751) User=0.01s Sys=0.00s Real=0.00s
[995.394s][info][gc,start       ] GC(2752) Pause Young (Allocation Failure)
[995.408s][info][gc,heap        ] GC(2752) PSYoungGen: 168512K(168960K)->3584K(204288K) Eden: 168448K(168448K)->0K(200704K) From: 64K(512K)->3584K(3584K)
[995.408s][info][gc,heap        ] GC(2752) ParOldGen: 91213K(175104K)->95061K(175104K)
[995.408s][info][gc,metaspace   ] GC(2752) Metaspace: 35567K(36352K)->35567K(36352K) NonClass: 29294K(29888K)->29294K(29888K) Class: 6272K(6464K)->6272K(6464K)
[995.408s][info][gc             ] GC(2752) Pause Young (Allocation Failure) 253M->96M(370M) 14.320ms
[995.408s][info][gc,cpu         ] GC(2752) User=0.02s Sys=0.00s Real=0.02s
[995.618s][info][gc,start       ] GC(2753) Pause Young (Allocation Failure)
[995.657s][info][gc,heap        ] GC(2753) PSYoungGen: 204288K(204288K)->3584K(244224K) Eden: 200704K(200704K)->0K(240640K) From: 3584K(3584K)->3584K(3584K)
[995.657s][info][gc,heap        ] GC(2753) ParOldGen: 95061K(175104K)->112805K(175104K)
[995.657s][info][gc,metaspace   ] GC(2753) Metaspace: 35567K(36352K)->35567K(36352K) NonClass: 29294K(29888K)->29294K(29888K) Class: 6272K(6464K)->6272K(6464K)
[995.657s][info][gc             ] GC(2753) Pause Young (Allocation Failure) 292M->113M(409M) 38.837ms
[995.657s][info][gc,cpu         ] GC(2753) User=0.07s Sys=0.00s Real=0.04s
[995.908s][info][gc,start       ] GC(2754) Pause Young (Allocation Failure)
[995.952s][info][gc,heap        ] GC(2754) PSYoungGen: 244224K(244224K)->13312K(256512K) Eden: 240640K(240640K)->0K(243200K) From: 3584K(3584K)->13312K(13312K)
[995.952s][info][gc,heap        ] GC(2754) ParOldGen: 112805K(175104K)->125525K(175104K)
[995.953s][info][gc,metaspace   ] GC(2754) Metaspace: 35567K(36352K)->35567K(36352K) NonClass: 29294K(29888K)->29294K(29888K) Class: 6272K(6464K)->6272K(6464K)
[995.953s][info][gc             ] GC(2754) Pause Young (Allocation Failure) 348M->135M(421M) 44.862ms
[995.953s][info][gc,cpu         ] GC(2754) User=0.09s Sys=0.00s Real=0.04s
[996.128s][info][gc,start       ] GC(2755) Pause Young (Allocation Failure)
[996.162s][info][gc,heap        ] GC(2755) PSYoungGen: 256512K(256512K)->15008K(306688K) Eden: 243200K(243200K)->0K(286208K) From: 13312K(13312K)->15008K(20480K)
[996.162s][info][gc,heap        ] GC(2755) ParOldGen: 125525K(175104K)->125989K(175104K)
[996.162s][info][gc,metaspace   ] GC(2755) Metaspace: 35567K(36352K)->35567K(36352K) NonClass: 29294K(29888K)->29294K(29888K) Class: 6272K(6464K)->6272K(6464K)
[996.162s][info][gc             ] GC(2755) Pause Young (Allocation Failure) 373M->137M(470M) 33.982ms
[996.162s][info][gc,cpu         ] GC(2755) User=0.05s Sys=0.01s Real=0.03s
[996.416s][info][gc,start       ] GC(2756) Pause Young (Allocation Failure)
[996.417s][info][gc,heap        ] GC(2756) PSYoungGen: 301216K(306688K)->64K(308736K) Eden: 286208K(286208K)->0K(286208K) From: 15008K(20480K)->64K(22528K)
[996.417s][info][gc,heap        ] GC(2756) ParOldGen: 125989K(175104K)->125997K(175104K)
[996.417s][info][gc,metaspace   ] GC(2756) Metaspace: 35567K(36352K)->35567K(36352K) NonClass: 29294K(29888K)->29294K(29888K) Class: 6272K(6464K)->6272K(6464K)
[996.417s][info][gc             ] GC(2756) Pause Young (Allocation Failure) 417M->123M(472M) 0.844ms
[996.417s][info][gc,cpu         ] GC(2756) User=0.00s Sys=0.00s Real=0.00s
[997.131s][info][gc,start       ] GC(2757) Pause Young (Allocation Failure)
[997.132s][info][gc,heap        ] GC(2757) PSYoungGen: 286272K(308736K)->64K(309760K) Eden: 286208K(286208K)->0K(289280K) From: 64K(22528K)->64K(20480K)
[997.132s][info][gc,heap        ] GC(2757) ParOldGen: 125997K(175104K)->126005K(175104K)
[997.132s][info][gc,metaspace   ] GC(2757) Metaspace: 35567K(36352K)->35567K(36352K) NonClass: 29294K(29888K)->29294K(29888K) Class: 6272K(6464K)->6272K(6464K)
[997.132s][info][gc             ] GC(2757) Pause Young (Allocation Failure) 402M->123M(473M) 0.891ms
[997.132s][info][gc,cpu         ] GC(2757) User=0.00s Sys=0.00s Real=0.00s
[997.416s][info][gc,start       ] GC(2758) Pause Young (Allocation Failure)
[997.417s][info][gc,heap        ] GC(2758) PSYoungGen: 289344K(309760K)->64K(310784K) Eden: 289280K(289280K)->0K(289280K) From: 64K(20480K)->64K(21504K)
[997.417s][info][gc,heap        ] GC(2758) ParOldGen: 126005K(175104K)->126021K(175104K)
[997.417s][info][gc,metaspace   ] GC(2758) Metaspace: 35567K(36352K)->35567K(36352K) NonClass: 29294K(29888K)->29294K(29888K) Class: 6272K(6464K)->6272K(6464K)
[997.417s][info][gc             ] GC(2758) Pause Young (Allocation Failure) 405M->123M(474M) 0.861ms
[997.417s][info][gc,cpu         ] GC(2758) User=0.00s Sys=0.00s Real=0.00s
[997.846s][info][gc,start       ] GC(2759) Pause Young (Allocation Failure)
[997.847s][info][gc,heap        ] GC(2759) PSYoungGen: 289344K(310784K)->64K(309760K) Eden: 289280K(289280K)->0K(291328K) From: 64K(21504K)->64K(18432K)
[997.847s][info][gc,heap        ] GC(2759) ParOldGen: 126021K(175104K)->126029K(175104K)
[997.847s][info][gc,metaspace   ] GC(2759) Metaspace: 35567K(36352K)->35567K(36352K) NonClass: 29294K(29888K)->29294K(29888K) Class: 6272K(6464K)->6272K(6464K)
[997.847s][info][gc             ] GC(2759) Pause Young (Allocation Failure) 405M->123M(473M) 0.879ms
[997.847s][info][gc,cpu         ] GC(2759) User=0.00s Sys=0.00s Real=0.00s
[998.072s][info][gc,start       ] GC(2760) Pause Young (Allocation Failure)
[998.073s][info][gc,heap        ] GC(2760) PSYoungGen: 291392K(309760K)->64K(311296K) Eden: 291328K(291328K)->0K(291328K) From: 64K(18432K)->64K(19968K)
[998.073s][info][gc,heap        ] GC(2760) ParOldGen: 126029K(175104K)->126045K(175104K)
[998.073s][info][gc,metaspace   ] GC(2760) Metaspace: 35567K(36352K)->35567K(36352K) NonClass: 29294K(29888K)->29294K(29888K) Class: 6272K(6464K)->6272K(6464K)
[998.073s][info][gc             ] GC(2760) Pause Young (Allocation Failure) 407M->123M(475M) 0.895ms
[998.073s][info][gc,cpu         ] GC(2760) User=0.01s Sys=0.00s Real=0.00s
[998.407s][info][gc,start       ] GC(2761) Pause Young (Allocation Failure)
[998.408s][info][gc,heap        ] GC(2761) PSYoungGen: 291392K(311296K)->64K(312320K) Eden: 291328K(291328K)->0K(294912K) From: 64K(19968K)->64K(17408K)
[998.408s][info][gc,heap        ] GC(2761) ParOldGen: 126045K(175104K)->126045K(175104K)
[998.408s][info][gc,metaspace   ] GC(2761) Metaspace: 35567K(36352K)->35567K(36352K) NonClass: 29294K(29888K)->29294K(29888K) Class: 6272K(6464K)->6272K(6464K)
[998.408s][info][gc             ] GC(2761) Pause Young (Allocation Failure) 407M->123M(476M) 0.968ms
[998.408s][info][gc,cpu         ] GC(2761) User=0.00s Sys=0.00s Real=0.00s
[998.576s][info][gc,start       ] GC(2762) Pause Young (Allocation Failure)
[998.577s][info][gc,heap        ] GC(2762) PSYoungGen: 294976K(312320K)->64K(313344K) Eden: 294912K(294912K)->0K(294912K) From: 64K(17408K)->64K(18432K)
[998.577s][info][gc,heap        ] GC(2762) ParOldGen: 126045K(175104K)->126053K(175104K)
[998.577s][info][gc,metaspace   ] GC(2762) Metaspace: 35567K(36352K)->35567K(36352K) NonClass: 29294K(29888K)->29294K(29888K) Class: 6272K(6464K)->6272K(6464K)
[998.577s][info][gc             ] GC(2762) Pause Young (Allocation Failure) 411M->123M(477M) 0.899ms
[998.577s][info][gc,cpu         ] GC(2762) User=0.01s Sys=0.00s Real=0.00s
[998.632s][info][gc,start       ] GC(2763) Pause Young (Allocation Failure)
[998.633s][info][gc,heap        ] GC(2763) PSYoungGen: 294976K(313344K)->64K(313344K) Eden: 294912K(294912K)->0K(297984K) From: 64K(18432K)->64K(15360K)
[998.633s][info][gc,heap        ] GC(2763) ParOldGen: 126053K(175104K)->126069K(175104K)
[998.633s][info][gc,metaspace   ] GC(2763) Metaspace: 35567K(36352K)->35567K(36352K) NonClass: 29294K(29888K)->29294K(29888K) Class: 6272K(6464K)->6272K(6464K)
[998.633s][info][gc             ] GC(2763) Pause Young (Allocation Failure) 411M->123M(477M) 0.886ms
[998.633s][info][gc,cpu         ] GC(2763) User=0.00s Sys=0.00s Real=0.00s
[998.773s][info][gc,start       ] GC(2764) Pause Young (Allocation Failure)
[998.774s][info][gc,heap        ] GC(2764) PSYoungGen: 298048K(313344K)->64K(314368K) Eden: 297984K(297984K)->0K(297984K) From: 64K(15360K)->64K(16384K)
[998.774s][info][gc,heap        ] GC(2764) ParOldGen: 126069K(175104K)->126069K(175104K)
[998.774s][info][gc,metaspace   ] GC(2764) Metaspace: 35567K(36352K)->35567K(36352K) NonClass: 29294K(29888K)->29294K(29888K) Class: 6272K(6464K)->6272K(6464K)
[998.774s][info][gc             ] GC(2764) Pause Young (Allocation Failure) 414M->123M(478M) 0.895ms
[998.774s][info][gc,cpu         ] GC(2764) User=0.00s Sys=0.00s Real=0.00s
[999.127s][info][gc,start       ] GC(2765) Pause Young (Allocation Failure)
[999.128s][info][gc,heap        ] GC(2765) PSYoungGen: 298048K(314368K)->32K(316416K) Eden: 297984K(297984K)->0K(302080K) From: 64K(16384K)->32K(14336K)
[999.128s][info][gc,heap        ] GC(2765) ParOldGen: 126069K(175104K)->126085K(175104K)
[999.128s][info][gc,metaspace   ] GC(2765) Metaspace: 35567K(36352K)->35567K(36352K) NonClass: 29294K(29888K)->29294K(29888K) Class: 6272K(6464K)->6272K(6464K)
[999.128s][info][gc             ] GC(2765) Pause Young (Allocation Failure) 414M->123M(480M) 0.865ms
[999.128s][info][gc,cpu         ] GC(2765) User=0.00s Sys=0.00s Real=0.00s
[999.326s][info][gc,start       ] GC(2766) Pause Young (Allocation Failure)
[999.328s][info][gc,heap        ] GC(2766) PSYoungGen: 302112K(316416K)->64K(290816K) Eden: 302080K(302080K)->0K(290304K) From: 32K(14336K)->64K(512K)
[999.328s][info][gc,heap        ] GC(2766) ParOldGen: 126085K(175104K)->126085K(175104K)
[999.328s][info][gc,metaspace   ] GC(2766) Metaspace: 35567K(36352K)->35567K(36352K) NonClass: 29294K(29888K)->29294K(29888K) Class: 6272K(6464K)->6272K(6464K)
[999.328s][info][gc             ] GC(2766) Pause Young (Allocation Failure) 418M->123M(455M) 1.357ms
[999.328s][info][gc,cpu         ] GC(2766) User=0.00s Sys=0.00s Real=0.00s
[999.407s][info][gc,start       ] GC(2767) Pause Young (Allocation Failure)
[999.408s][info][gc,heap        ] GC(2767) PSYoungGen: 290368K(290816K)->64K(279552K) Eden: 290304K(290304K)->0K(279040K) From: 64K(512K)->64K(512K)
[999.408s][info][gc,heap        ] GC(2767) ParOldGen: 126085K(175104K)->126101K(175104K)
[999.408s][info][gc,metaspace   ] GC(2767) Metaspace: 35567K(36352K)->35567K(36352K) NonClass: 29294K(29888K)->29294K(29888K) Class: 6272K(6464K)->6272K(6464K)
[999.408s][info][gc             ] GC(2767) Pause Young (Allocation Failure) 406M->123M(444M) 1.853ms
[999.408s][info][gc,cpu         ] GC(2767) User=0.00s Sys=0.00s Real=0.00s
[999.556s][info][gc,start       ] GC(2768) Pause Young (Allocation Failure)
[999.557s][info][gc,heap        ] GC(2768) PSYoungGen: 279104K(279552K)->64K(281088K) Eden: 279040K(279040K)->0K(268288K) From: 64K(512K)->64K(12800K)
[999.557s][info][gc,heap        ] GC(2768) ParOldGen: 126101K(175104K)->126101K(175104K)
[999.557s][info][gc,metaspace   ] GC(2768) Metaspace: 35567K(36352K)->35567K(36352K) NonClass: 29294K(29888K)->29294K(29888K) Class: 6272K(6464K)->6272K(6464K)
[999.557s][info][gc             ] GC(2768) Pause Young (Allocation Failure) 395M->123M(445M) 0.843ms
[999.557s][info][gc,cpu         ] GC(2768) User=0.00s Sys=0.00s Real=0.00s
[999.912s][info][gc,start       ] GC(2769) Pause Young (Allocation Failure)
[999.914s][info][gc,heap        ] GC(2769) PSYoungGen: 268352K(281088K)->64K(258560K) Eden: 268288K(268288K)->0K(258048K) From: 64K(12800K)->64K(512K)
[999.914s][info][gc,heap        ] GC(2769) ParOldGen: 126101K(175104K)->126109K(175104K)
[999.914s][info][gc,metaspace   ] GC(2769) Metaspace: 35567K(36352K)->35567K(36352K) NonClass: 29294K(29888K)->29294K(29888K) Class: 6272K(6464K)->6272K(6464K)
[999.914s][info][gc             ] GC(2769) Pause Young (Allocation Failure) 385M->123M(423M) 1.685ms
[999.914s][info][gc,cpu         ] GC(2769) User=0.01s Sys=0.00s Real=0.00s
[1000.622s][info][gc,start       ] GC(2770) Pause Young (Allocation Failure)
[1000.623s][info][gc,heap        ] GC(2770) PSYoungGen: 258112K(258560K)->64K(259584K) Eden: 258048K(258048K)->0K(248320K) From: 64K(512K)->64K(11264K)
[1000.623s][info][gc,heap        ] GC(2770) ParOldGen: 126109K(175104K)->126117K(175104K)
[1000.623s][info][gc,metaspace   ] GC(2770) Metaspace: 35567K(36352K)->35567K(36352K) NonClass: 29294K(29888K)->29294K(29888K) Class: 6272K(6464K)->6272K(6464K)
[1000.623s][info][gc             ] GC(2770) Pause Young (Allocation Failure) 375M->123M(424M) 0.832ms
[1000.623s][info][gc,cpu         ] GC(2770) User=0.00s Sys=0.00s Real=0.00s
[1001.503s][info][gc,start       ] GC(2771) Pause Young (Allocation Failure)
[1001.505s][info][gc,heap        ] GC(2771) PSYoungGen: 248384K(259584K)->64K(239616K) Eden: 248320K(248320K)->0K(239104K) From: 64K(11264K)->64K(512K)
[1001.505s][info][gc,heap        ] GC(2771) ParOldGen: 126117K(175104K)->126125K(175104K)
[1001.505s][info][gc,metaspace   ] GC(2771) Metaspace: 35567K(36352K)->35567K(36352K) NonClass: 29294K(29888K)->29294K(29888K) Class: 6272K(6464K)->6272K(6464K)
[1001.505s][info][gc             ] GC(2771) Pause Young (Allocation Failure) 365M->123M(405M) 2.191ms
[1001.505s][info][gc,cpu         ] GC(2771) User=0.00s Sys=0.00s Real=0.00s
[1001.768s][info][gc,start       ] GC(2772) Pause Young (Allocation Failure)
[1001.769s][info][gc,heap        ] GC(2772) PSYoungGen: 239168K(239616K)->64K(240640K) Eden: 239104K(239104K)->0K(230400K) From: 64K(512K)->64K(10240K)
[1001.769s][info][gc,heap        ] GC(2772) ParOldGen: 126125K(175104K)->126133K(175104K)
[1001.769s][info][gc,metaspace   ] GC(2772) Metaspace: 35567K(36352K)->35567K(36352K) NonClass: 29294K(29888K)->29294K(29888K) Class: 6272K(6464K)->6272K(6464K)
[1001.769s][info][gc             ] GC(2772) Pause Young (Allocation Failure) 356M->123M(406M) 1.362ms
[1001.770s][info][gc,cpu         ] GC(2772) User=0.00s Sys=0.00s Real=0.00s
[1002.107s][info][gc,start       ] GC(2773) Pause Young (Allocation Failure)
[1002.109s][info][gc,heap        ] GC(2773) PSYoungGen: 230464K(240640K)->64K(222208K) Eden: 230400K(230400K)->0K(221696K) From: 64K(10240K)->64K(512K)
[1002.109s][info][gc,heap        ] GC(2773) ParOldGen: 126133K(175104K)->126149K(175104K)
[1002.109s][info][gc,metaspace   ] GC(2773) Metaspace: 35567K(36352K)->35567K(36352K) NonClass: 29294K(29888K)->29294K(29888K) Class: 6272K(6464K)->6272K(6464K)
[1002.109s][info][gc             ] GC(2773) Pause Young (Allocation Failure) 348M->123M(388M) 2.541ms
[1002.109s][info][gc,cpu         ] GC(2773) User=0.00s Sys=0.01s Real=0.00s
[1003.050s][info][gc,start       ] GC(2774) Pause Young (Allocation Failure)
[1003.051s][info][gc,heap        ] GC(2774) PSYoungGen: 221760K(222208K)->64K(222208K) Eden: 221696K(221696K)->0K(213504K) From: 64K(512K)->64K(8704K)
[1003.051s][info][gc,heap        ] GC(2774) ParOldGen: 126149K(175104K)->126165K(175104K)
[1003.051s][info][gc,metaspace   ] GC(2774) Metaspace: 35567K(36352K)->35567K(36352K) NonClass: 29294K(29888K)->29294K(29888K) Class: 6272K(6464K)->6272K(6464K)
[1003.051s][info][gc             ] GC(2774) Pause Young (Allocation Failure) 339M->123M(388M) 1.409ms
[1003.052s][info][gc,cpu         ] GC(2774) User=0.01s Sys=0.00s Real=0.00s
[1003.250s][info][gc,start       ] GC(2775) Pause Young (Allocation Failure)
[1003.252s][info][gc,heap        ] GC(2775) PSYoungGen: 213568K(222208K)->64K(206336K) Eden: 213504K(213504K)->0K(205824K) From: 64K(8704K)->64K(512K)
[1003.252s][info][gc,heap        ] GC(2775) ParOldGen: 126165K(175104K)->126181K(175104K)
[1003.252s][info][gc,metaspace   ] GC(2775) Metaspace: 35567K(36352K)->35567K(36352K) NonClass: 29294K(29888K)->29294K(29888K) Class: 6272K(6464K)->6272K(6464K)
[1003.252s][info][gc             ] GC(2775) Pause Young (Allocation Failure) 331M->123M(372M) 2.248ms
[1003.252s][info][gc,cpu         ] GC(2775) User=0.00s Sys=0.00s Real=0.00s
[1003.583s][info][gc,start       ] GC(2776) Pause Young (Allocation Failure)
[1003.584s][info][gc,heap        ] GC(2776) PSYoungGen: 205888K(206336K)->64K(206336K) Eden: 205824K(205824K)->0K(198656K) From: 64K(512K)->64K(7680K)
[1003.584s][info][gc,heap        ] GC(2776) ParOldGen: 126181K(175104K)->126197K(175104K)
[1003.584s][info][gc,metaspace   ] GC(2776) Metaspace: 35567K(36352K)->35567K(36352K) NonClass: 29294K(29888K)->29294K(29888K) Class: 6272K(6464K)->6272K(6464K)
[1003.584s][info][gc             ] GC(2776) Pause Young (Allocation Failure) 324M->123M(372M) 1.394ms
[1003.584s][info][gc,cpu         ] GC(2776) User=0.00s Sys=0.00s Real=0.00s
[1003.673s][info][gc,start       ] GC(2777) Pause Young (Allocation Failure)
[1003.675s][info][gc,heap        ] GC(2777) PSYoungGen: 198720K(206336K)->64K(192000K) Eden: 198656K(198656K)->0K(191488K) From: 64K(7680K)->64K(512K)
[1003.675s][info][gc,heap        ] GC(2777) ParOldGen: 126197K(175104K)->126213K(175104K)
[1003.675s][info][gc,metaspace   ] GC(2777) Metaspace: 35567K(36352K)->35567K(36352K) NonClass: 29294K(29888K)->29294K(29888K) Class: 6272K(6464K)->6272K(6464K)
[1003.675s][info][gc             ] GC(2777) Pause Young (Allocation Failure) 317M->123M(358M) 2.256ms
[1003.675s][info][gc,cpu         ] GC(2777) User=0.00s Sys=0.00s Real=0.00s
[1003.785s][info][gc,start       ] GC(2778) Pause Young (Allocation Failure)
[1003.786s][info][gc,heap        ] GC(2778) PSYoungGen: 191552K(192000K)->64K(191488K) Eden: 191488K(191488K)->0K(184832K) From: 64K(512K)->64K(6656K)
[1003.786s][info][gc,heap        ] GC(2778) ParOldGen: 126213K(175104K)->126229K(175104K)
[1003.786s][info][gc,metaspace   ] GC(2778) Metaspace: 35567K(36352K)->35567K(36352K) NonClass: 29294K(29888K)->29294K(29888K) Class: 6272K(6464K)->6272K(6464K)
[1003.786s][info][gc             ] GC(2778) Pause Young (Allocation Failure) 310M->123M(358M) 1.395ms
[1003.786s][info][gc,cpu         ] GC(2778) User=0.00s Sys=0.00s Real=0.01s
[1004.295s][info][gc,start       ] GC(2779) Pause Young (Allocation Failure)
[1004.297s][info][gc,heap        ] GC(2779) PSYoungGen: 184896K(191488K)->64K(178688K) Eden: 184832K(184832K)->0K(178176K) From: 64K(6656K)->64K(512K)
[1004.297s][info][gc,heap        ] GC(2779) ParOldGen: 126229K(175104K)->126245K(175104K)
[1004.297s][info][gc,metaspace   ] GC(2779) Metaspace: 35567K(36352K)->35567K(36352K) NonClass: 29294K(29888K)->29294K(29888K) Class: 6272K(6464K)->6272K(6464K)
[1004.297s][info][gc             ] GC(2779) Pause Young (Allocation Failure) 303M->123M(345M) 2.048ms
[1004.297s][info][gc,cpu         ] GC(2779) User=0.00s Sys=0.00s Real=0.01s
[1004.447s][info][gc,start       ] GC(2780) Pause Young (Allocation Failure)
[1004.448s][info][gc,heap        ] GC(2780) PSYoungGen: 178240K(178688K)->64K(177664K) Eden: 178176K(178176K)->0K(172032K) From: 64K(512K)->64K(5632K)
[1004.448s][info][gc,heap        ] GC(2780) ParOldGen: 126245K(175104K)->126245K(175104K)
[1004.448s][info][gc,metaspace   ] GC(2780) Metaspace: 35567K(36352K)->35567K(36352K) NonClass: 29294K(29888K)->29294K(29888K) Class: 6272K(6464K)->6272K(6464K)
[1004.448s][info][gc             ] GC(2780) Pause Young (Allocation Failure) 297M->123M(344M) 1.388ms
[1004.448s][info][gc,cpu         ] GC(2780) User=0.00s Sys=0.00s Real=0.00s
[1004.771s][info][gc,start       ] GC(2781) Pause Young (Allocation Failure)
[1004.773s][info][gc,heap        ] GC(2781) PSYoungGen: 172096K(177664K)->64K(166912K) Eden: 172032K(172032K)->0K(166400K) From: 64K(5632K)->64K(512K)
[1004.773s][info][gc,heap        ] GC(2781) ParOldGen: 126245K(175104K)->126261K(175104K)
[1004.773s][info][gc,metaspace   ] GC(2781) Metaspace: 35567K(36352K)->35567K(36352K) NonClass: 29294K(29888K)->29294K(29888K) Class: 6272K(6464K)->6272K(6464K)
[1004.773s][info][gc             ] GC(2781) Pause Young (Allocation Failure) 291M->123M(334M) 2.161ms
[1004.773s][info][gc,cpu         ] GC(2781) User=0.00s Sys=0.00s Real=0.00s
[1004.951s][info][gc,start       ] GC(2782) Pause Young (Allocation Failure)
[1004.981s][info][gc,heap        ] GC(2782) PSYoungGen: 166464K(166912K)->5120K(204288K) Eden: 166400K(166400K)->0K(199168K) From: 64K(512K)->5120K(5120K)
[1004.981s][info][gc,heap        ] GC(2782) ParOldGen: 126261K(175104K)->138365K(175104K)
[1004.981s][info][gc,metaspace   ] GC(2782) Metaspace: 35567K(36352K)->35567K(36352K) NonClass: 29294K(29888K)->29294K(29888K) Class: 6272K(6464K)->6272K(6464K)
[1004.981s][info][gc             ] GC(2782) Pause Young (Allocation Failure) 285M->140M(370M) 29.785ms
[1004.981s][info][gc,cpu         ] GC(2782) User=0.06s Sys=0.00s Real=0.03s
[1005.189s][info][gc,start       ] GC(2783) Pause Young (Allocation Failure)
[1005.226s][info][gc,heap        ] GC(2783) PSYoungGen: 204288K(204288K)->5120K(232448K) Eden: 199168K(199168K)->0K(227328K) From: 5120K(5120K)->5120K(5120K)
[1005.226s][info][gc,heap        ] GC(2783) ParOldGen: 138365K(175104K)->154717K(175104K)
[1005.226s][info][gc,metaspace   ] GC(2783) Metaspace: 35567K(36352K)->35567K(36352K) NonClass: 29294K(29888K)->29294K(29888K) Class: 6272K(6464K)->6272K(6464K)
[1005.226s][info][gc             ] GC(2783) Pause Young (Allocation Failure) 334M->156M(398M) 37.365ms
[1005.226s][info][gc,cpu         ] GC(2783) User=0.07s Sys=0.00s Real=0.04s
[1005.459s][info][gc,start       ] GC(2784) Pause Young (Allocation Failure)
[1005.500s][info][gc,heap        ] GC(2784) PSYoungGen: 232448K(232448K)->16896K(244224K) Eden: 227328K(227328K)->0K(227328K) From: 5120K(5120K)->16896K(16896K)
[1005.500s][info][gc,heap        ] GC(2784) ParOldGen: 154717K(175104K)->162381K(175104K)
[1005.500s][info][gc,metaspace   ] GC(2784) Metaspace: 35567K(36352K)->35567K(36352K) NonClass: 29294K(29888K)->29294K(29888K) Class: 6272K(6464K)->6272K(6464K)
[1005.500s][info][gc             ] GC(2784) Pause Young (Allocation Failure) 378M->175M(409M) 40.621ms
[1005.500s][info][gc,cpu         ] GC(2784) User=0.07s Sys=0.00s Real=0.04s
[1005.608s][info][gc,start       ] GC(2785) Pause Young (Allocation Failure)
[1005.624s][info][gc,heap        ] GC(2785) PSYoungGen: 244224K(244224K)->6784K(293376K) Eden: 227328K(227328K)->0K(272896K) From: 16896K(16896K)->6784K(20480K)
[1005.624s][info][gc,heap        ] GC(2785) ParOldGen: 162381K(175104K)->162653K(175104K)
[1005.624s][info][gc,metaspace   ] GC(2785) Metaspace: 35567K(36352K)->35567K(36352K) NonClass: 29294K(29888K)->29294K(29888K) Class: 6272K(6464K)->6272K(6464K)
[1005.624s][info][gc             ] GC(2785) Pause Young (Allocation Failure) 397M->165M(457M) 16.093ms
[1005.624s][info][gc,cpu         ] GC(2785) User=0.02s Sys=0.01s Real=0.01s
[1005.983s][info][gc,start       ] GC(2786) Pause Young (Allocation Failure)
[1005.984s][info][gc,heap        ] GC(2786) PSYoungGen: 279680K(293376K)->64K(294912K) Eden: 272896K(272896K)->0K(272896K) From: 6784K(20480K)->64K(22016K)
[1005.984s][info][gc,heap        ] GC(2786) ParOldGen: 162653K(175104K)->162661K(175104K)
[1005.984s][info][gc,metaspace   ] GC(2786) Metaspace: 35567K(36352K)->35567K(36352K) NonClass: 29294K(29888K)->29294K(29888K) Class: 6272K(6464K)->6272K(6464K)
[1005.984s][info][gc             ] GC(2786) Pause Young (Allocation Failure) 431M->158M(459M) 0.986ms
[1005.984s][info][gc,cpu         ] GC(2786) User=0.00s Sys=0.00s Real=0.00s
[1006.600s][info][gc,start       ] GC(2787) Pause Young (Allocation Failure)
[1006.600s][info][gc,heap        ] GC(2787) PSYoungGen: 272960K(294912K)->64K(310272K) Eden: 272896K(272896K)->0K(290304K) From: 64K(22016K)->64K(19968K)
[1006.601s][info][gc,heap        ] GC(2787) ParOldGen: 162661K(175104K)->162669K(175104K)
[1006.601s][info][gc,metaspace   ] GC(2787) Metaspace: 35567K(36352K)->35567K(36352K) NonClass: 29294K(29888K)->29294K(29888K) Class: 6272K(6464K)->6272K(6464K)
[1006.601s][info][gc             ] GC(2787) Pause Young (Allocation Failure) 425M->158M(474M) 1.023ms
[1006.601s][info][gc,cpu         ] GC(2787) User=0.00s Sys=0.00s Real=0.00s
[1007.102s][info][gc,start       ] GC(2788) Pause Young (Allocation Failure)
[1007.103s][info][gc,heap        ] GC(2788) PSYoungGen: 290368K(310272K)->64K(311296K) Eden: 290304K(290304K)->0K(290304K) From: 64K(19968K)->64K(20992K)
[1007.103s][info][gc,heap        ] GC(2788) ParOldGen: 162669K(175104K)->162685K(175104K)
[1007.103s][info][gc,metaspace   ] GC(2788) Metaspace: 35567K(36352K)->35567K(36352K) NonClass: 29294K(29888K)->29294K(29888K) Class: 6272K(6464K)->6272K(6464K)
[1007.103s][info][gc             ] GC(2788) Pause Young (Allocation Failure) 442M->158M(475M) 1.169ms
[1007.103s][info][gc,cpu         ] GC(2788) User=0.01s Sys=0.00s Real=0.00s
[1007.345s][info][gc,start       ] GC(2789) Pause Young (Allocation Failure)
[1007.346s][info][gc,heap        ] GC(2789) PSYoungGen: 290368K(311296K)->64K(311808K) Eden: 290304K(290304K)->0K(292864K) From: 64K(20992K)->64K(18944K)
[1007.346s][info][gc,heap        ] GC(2789) ParOldGen: 162685K(175104K)->162701K(175104K)
[1007.346s][info][gc,metaspace   ] GC(2789) Metaspace: 35567K(36352K)->35567K(36352K) NonClass: 29294K(29888K)->29294K(29888K) Class: 6272K(6464K)->6272K(6464K)
[1007.346s][info][gc             ] GC(2789) Pause Young (Allocation Failure) 442M->158M(475M) 1.070ms
[1007.346s][info][gc,cpu         ] GC(2789) User=0.00s Sys=0.00s Real=0.01s
[1007.586s][info][gc,start       ] GC(2790) Pause Young (Allocation Failure)
[1007.587s][info][gc,heap        ] GC(2790) PSYoungGen: 292928K(311808K)->64K(312320K) Eden: 292864K(292864K)->0K(292864K) From: 64K(18944K)->64K(19456K)
[1007.587s][info][gc,heap        ] GC(2790) ParOldGen: 162701K(175104K)->162701K(175104K)
[1007.587s][info][gc,metaspace   ] GC(2790) Metaspace: 35567K(36352K)->35567K(36352K) NonClass: 29294K(29888K)->29294K(29888K) Class: 6272K(6464K)->6272K(6464K)
[1007.587s][info][gc             ] GC(2790) Pause Young (Allocation Failure) 444M->158M(476M) 1.025ms
[1007.587s][info][gc,cpu         ] GC(2790) User=0.01s Sys=0.00s Real=0.00s
[1007.934s][info][gc,start       ] GC(2791) Pause Young (Allocation Failure)
[1007.935s][info][gc,heap        ] GC(2791) PSYoungGen: 292928K(312320K)->64K(312832K) Eden: 292864K(292864K)->0K(295936K) From: 64K(19456K)->64K(16896K)
[1007.935s][info][gc,heap        ] GC(2791) ParOldGen: 162701K(175104K)->162701K(175104K)
[1007.935s][info][gc,metaspace   ] GC(2791) Metaspace: 35567K(36352K)->35567K(36352K) NonClass: 29294K(29888K)->29294K(29888K) Class: 6272K(6464K)->6272K(6464K)
[1007.935s][info][gc             ] GC(2791) Pause Young (Allocation Failure) 444M->158M(476M) 1.114ms
[1007.935s][info][gc,cpu         ] GC(2791) User=0.00s Sys=0.00s Real=0.00s
[1008.073s][info][gc,start       ] GC(2792) Pause Young (Allocation Failure)
[1008.074s][info][gc,heap        ] GC(2792) PSYoungGen: 296000K(312832K)->64K(313344K) Eden: 295936K(295936K)->0K(295936K) From: 64K(16896K)->64K(17408K)
[1008.074s][info][gc,heap        ] GC(2792) ParOldGen: 162701K(175104K)->162709K(175104K)
[1008.074s][info][gc,metaspace   ] GC(2792) Metaspace: 35567K(36352K)->35567K(36352K) NonClass: 29294K(29888K)->29294K(29888K) Class: 6272K(6464K)->6272K(6464K)
[1008.074s][info][gc             ] GC(2792) Pause Young (Allocation Failure) 447M->158M(477M) 1.100ms
[1008.074s][info][gc,cpu         ] GC(2792) User=0.00s Sys=0.00s Real=0.00s
[1008.131s][info][gc,start       ] GC(2793) Pause Young (Allocation Failure)
[1008.132s][info][gc,heap        ] GC(2793) PSYoungGen: 296000K(313344K)->64K(314368K) Eden: 295936K(295936K)->0K(299520K) From: 64K(17408K)->64K(14848K)
[1008.132s][info][gc,heap        ] GC(2793) ParOldGen: 162709K(175104K)->162725K(175104K)
[1008.132s][info][gc,metaspace   ] GC(2793) Metaspace: 35567K(36352K)->35567K(36352K) NonClass: 29294K(29888K)->29294K(29888K) Class: 6272K(6464K)->6272K(6464K)
[1008.132s][info][gc             ] GC(2793) Pause Young (Allocation Failure) 447M->158M(478M) 1.032ms
[1008.132s][info][gc,cpu         ] GC(2793) User=0.00s Sys=0.00s Real=0.00s
[1008.315s][info][gc,start       ] GC(2794) Pause Young (Allocation Failure)
[1008.316s][info][gc,heap        ] GC(2794) PSYoungGen: 299584K(314368K)->64K(315392K) Eden: 299520K(299520K)->0K(299520K) From: 64K(14848K)->64K(15872K)
[1008.316s][info][gc,heap        ] GC(2794) ParOldGen: 162725K(175104K)->162725K(175104K)
[1008.316s][info][gc,metaspace   ] GC(2794) Metaspace: 35567K(36352K)->35567K(36352K) NonClass: 29294K(29888K)->29294K(29888K) Class: 6272K(6464K)->6272K(6464K)
[1008.316s][info][gc             ] GC(2794) Pause Young (Allocation Failure) 451M->158M(479M) 0.976ms
[1008.316s][info][gc,cpu         ] GC(2794) User=0.00s Sys=0.00s Real=0.01s
[1008.658s][info][gc,start       ] GC(2795) Pause Young (Allocation Failure)
[1008.659s][info][gc,heap        ] GC(2795) PSYoungGen: 299584K(315392K)->64K(316928K) Eden: 299520K(299520K)->0K(303104K) From: 64K(15872K)->64K(13824K)
[1008.659s][info][gc,heap        ] GC(2795) ParOldGen: 162725K(175104K)->162733K(175104K)
[1008.659s][info][gc,metaspace   ] GC(2795) Metaspace: 35567K(36352K)->35567K(36352K) NonClass: 29294K(29888K)->29294K(29888K) Class: 6272K(6464K)->6272K(6464K)
[1008.659s][info][gc             ] GC(2795) Pause Young (Allocation Failure) 451M->158M(480M) 1.095ms
[1008.659s][info][gc,cpu         ] GC(2795) User=0.01s Sys=0.00s Real=0.00s
[1008.827s][info][gc,start       ] GC(2796) Pause Young (Allocation Failure)
[1008.828s][info][gc,heap        ] GC(2796) PSYoungGen: 303168K(316928K)->64K(317440K) Eden: 303104K(303104K)->0K(303104K) From: 64K(13824K)->64K(14336K)
[1008.828s][info][gc,heap        ] GC(2796) ParOldGen: 162733K(175104K)->162741K(175104K)
[1008.828s][info][gc,metaspace   ] GC(2796) Metaspace: 35567K(36352K)->35567K(36352K) NonClass: 29294K(29888K)->29294K(29888K) Class: 6272K(6464K)->6272K(6464K)
[1008.828s][info][gc             ] GC(2796) Pause Young (Allocation Failure) 454M->158M(481M) 0.992ms
[1008.828s][info][gc,cpu         ] GC(2796) User=0.00s Sys=0.00s Real=0.00s
[1008.909s][info][gc,start       ] GC(2797) Pause Young (Allocation Failure)
[1008.910s][info][gc,heap        ] GC(2797) PSYoungGen: 303168K(317440K)->64K(318976K) Eden: 303104K(303104K)->0K(306176K) From: 64K(14336K)->64K(12800K)
[1008.910s][info][gc,heap        ] GC(2797) ParOldGen: 162741K(175104K)->162757K(175104K)
[1008.910s][info][gc,metaspace   ] GC(2797) Metaspace: 35567K(36352K)->35567K(36352K) NonClass: 29294K(29888K)->29294K(29888K) Class: 6272K(6464K)->6272K(6464K)
[1008.910s][info][gc             ] GC(2797) Pause Young (Allocation Failure) 454M->159M(482M) 1.023ms
[1008.910s][info][gc,cpu         ] GC(2797) User=0.01s Sys=0.00s Real=0.00s
[1009.098s][info][gc,start       ] GC(2798) Pause Young (Allocation Failure)
[1009.099s][info][gc,heap        ] GC(2798) PSYoungGen: 306240K(318976K)->64K(294400K) Eden: 306176K(306176K)->0K(293888K) From: 64K(12800K)->64K(512K)
[1009.099s][info][gc,heap        ] GC(2798) ParOldGen: 162757K(175104K)->162757K(175104K)
[1009.099s][info][gc,metaspace   ] GC(2798) Metaspace: 35567K(36352K)->35567K(36352K) NonClass: 29294K(29888K)->29294K(29888K) Class: 6272K(6464K)->6272K(6464K)
[1009.099s][info][gc             ] GC(2798) Pause Young (Allocation Failure) 458M->159M(458M) 0.975ms
[1009.099s][info][gc,cpu         ] GC(2798) User=0.00s Sys=0.00s Real=0.00s
[1010.088s][info][gc,start       ] GC(2799) Pause Young (Allocation Failure)
[1010.090s][info][gc,heap        ] GC(2799) PSYoungGen: 293952K(294400K)->32K(282624K) Eden: 293888K(293888K)->0K(282112K) From: 64K(512K)->32K(512K)
[1010.090s][info][gc,heap        ] GC(2799) ParOldGen: 162757K(175104K)->162773K(175104K)
[1010.090s][info][gc,metaspace   ] GC(2799) Metaspace: 35567K(36352K)->35567K(36352K) NonClass: 29294K(29888K)->29294K(29888K) Class: 6272K(6464K)->6272K(6464K)
[1010.090s][info][gc             ] GC(2799) Pause Young (Allocation Failure) 446M->158M(447M) 1.422ms
[1010.090s][info][gc,cpu         ] GC(2799) User=0.01s Sys=0.00s Real=0.00s
[1010.955s][info][gc,start       ] GC(2800) Pause Young (Allocation Failure)
[1010.956s][info][gc,heap        ] GC(2800) PSYoungGen: 282144K(282624K)->64K(282112K) Eden: 282112K(282112K)->0K(270848K) From: 32K(512K)->64K(11264K)
[1010.956s][info][gc,heap        ] GC(2800) ParOldGen: 162773K(175104K)->162781K(175104K)
[1010.956s][info][gc,metaspace   ] GC(2800) Metaspace: 35567K(36352K)->35567K(36352K) NonClass: 29294K(29888K)->29294K(29888K) Class: 6272K(6464K)->6272K(6464K)
[1010.956s][info][gc             ] GC(2800) Pause Young (Allocation Failure) 434M->159M(446M) 1.046ms
[1010.956s][info][gc,cpu         ] GC(2800) User=0.00s Sys=0.00s Real=0.01s
[1011.179s][info][gc,start       ] GC(2801) Pause Young (Allocation Failure)
[1011.182s][info][gc,heap        ] GC(2801) PSYoungGen: 270912K(282112K)->32K(261120K) Eden: 270848K(270848K)->0K(260608K) From: 64K(11264K)->32K(512K)
[1011.182s][info][gc,heap        ] GC(2801) ParOldGen: 162781K(175104K)->162789K(175104K)
[1011.182s][info][gc,metaspace   ] GC(2801) Metaspace: 35567K(36352K)->35567K(36352K) NonClass: 29294K(29888K)->29294K(29888K) Class: 6272K(6464K)->6272K(6464K)
[1011.182s][info][gc             ] GC(2801) Pause Young (Allocation Failure) 423M->159M(426M) 2.431ms
[1011.182s][info][gc,cpu         ] GC(2801) User=0.00s Sys=0.00s Real=0.00s
[1011.642s][info][gc,start       ] GC(2802) Pause Young (Allocation Failure)
[1011.643s][info][gc,heap        ] GC(2802) PSYoungGen: 260640K(261120K)->64K(260608K) Eden: 260608K(260608K)->0K(250880K) From: 32K(512K)->64K(9728K)
[1011.643s][info][gc,heap        ] GC(2802) ParOldGen: 162789K(175104K)->162797K(175104K)
[1011.643s][info][gc,metaspace   ] GC(2802) Metaspace: 35567K(36352K)->35567K(36352K) NonClass: 29294K(29888K)->29294K(29888K) Class: 6272K(6464K)->6272K(6464K)
[1011.643s][info][gc             ] GC(2802) Pause Young (Allocation Failure) 413M->159M(425M) 1.249ms
[1011.643s][info][gc,cpu         ] GC(2802) User=0.00s Sys=0.00s Real=0.00s
[1012.650s][info][gc,start       ] GC(2803) Pause Young (Allocation Failure)
[1012.653s][info][gc,heap        ] GC(2803) PSYoungGen: 250944K(260608K)->64K(241664K) Eden: 250880K(250880K)->0K(241152K) From: 64K(9728K)->64K(512K)
[1012.653s][info][gc,heap        ] GC(2803) ParOldGen: 162797K(175104K)->162805K(175104K)
[1012.653s][info][gc,metaspace   ] GC(2803) Metaspace: 35567K(36352K)->35567K(36352K) NonClass: 29294K(29888K)->29294K(29888K) Class: 6272K(6464K)->6272K(6464K)
[1012.653s][info][gc             ] GC(2803) Pause Young (Allocation Failure) 404M->159M(407M) 2.404ms
[1012.653s][info][gc,cpu         ] GC(2803) User=0.00s Sys=0.00s Real=0.00s
[1012.875s][info][gc,start       ] GC(2804) Pause Young (Allocation Failure)
[1012.876s][info][gc,heap        ] GC(2804) PSYoungGen: 241216K(241664K)->64K(240640K) Eden: 241152K(241152K)->0K(231936K) From: 64K(512K)->64K(8704K)
[1012.876s][info][gc,heap        ] GC(2804) ParOldGen: 162805K(175104K)->162813K(175104K)
[1012.876s][info][gc,metaspace   ] GC(2804) Metaspace: 35567K(36352K)->35567K(36352K) NonClass: 29294K(29888K)->29294K(29888K) Class: 6272K(6464K)->6272K(6464K)
[1012.876s][info][gc             ] GC(2804) Pause Young (Allocation Failure) 394M->159M(406M) 1.632ms
[1012.876s][info][gc,cpu         ] GC(2804) User=0.00s Sys=0.00s Real=0.01s
[1013.257s][info][gc,start       ] GC(2805) Pause Young (Allocation Failure)
[1013.259s][info][gc,heap        ] GC(2805) PSYoungGen: 232000K(240640K)->64K(223744K) Eden: 231936K(231936K)->0K(223232K) From: 64K(8704K)->64K(512K)
[1013.259s][info][gc,heap        ] GC(2805) ParOldGen: 162813K(175104K)->162821K(175104K)
[1013.259s][info][gc,metaspace   ] GC(2805) Metaspace: 35567K(36352K)->35567K(36352K) NonClass: 29294K(29888K)->29294K(29888K) Class: 6272K(6464K)->6272K(6464K)
[1013.259s][info][gc             ] GC(2805) Pause Young (Allocation Failure) 385M->159M(389M) 2.533ms
[1013.259s][info][gc,cpu         ] GC(2805) User=0.00s Sys=0.00s Real=0.00s
[1013.315s][info][gc,start       ] GC(2806) Pause Young (Allocation Failure)
[1013.317s][info][gc,heap        ] GC(2806) PSYoungGen: 223296K(223744K)->32K(271360K) Eden: 223232K(223232K)->0K(264192K) From: 64K(512K)->32K(7168K)
[1013.317s][info][gc,heap        ] GC(2806) ParOldGen: 162821K(175104K)->162837K(175104K)
[1013.317s][info][gc,metaspace   ] GC(2806) Metaspace: 35567K(36352K)->35567K(36352K) NonClass: 29294K(29888K)->29294K(29888K) Class: 6272K(6464K)->6272K(6464K)
[1013.317s][info][gc             ] GC(2806) Pause Young (Allocation Failure) 377M->159M(436M) 1.522ms
[1013.317s][info][gc,cpu         ] GC(2806) User=0.00s Sys=0.00s Real=0.00s
[1013.766s][info][gc,start       ] GC(2807) Pause Young (Allocation Failure)
[1013.768s][info][gc,heap        ] GC(2807) PSYoungGen: 264224K(271360K)->64K(254464K) Eden: 264192K(264192K)->0K(253952K) From: 32K(7168K)->64K(512K)
[1013.768s][info][gc,heap        ] GC(2807) ParOldGen: 162837K(175104K)->162837K(175104K)
[1013.768s][info][gc,metaspace   ] GC(2807) Metaspace: 35567K(36352K)->35567K(36352K) NonClass: 29294K(29888K)->29294K(29888K) Class: 6272K(6464K)->6272K(6464K)
[1013.768s][info][gc             ] GC(2807) Pause Young (Allocation Failure) 417M->159M(419M) 2.214ms
[1013.768s][info][gc,cpu         ] GC(2807) User=0.00s Sys=0.00s Real=0.00s
[1014.097s][info][gc,start       ] GC(2808) Pause Young (Allocation Failure)
[1014.098s][info][gc,heap        ] GC(2808) PSYoungGen: 254016K(254464K)->64K(250880K) Eden: 253952K(253952K)->0K(244224K) From: 64K(512K)->64K(6656K)
[1014.099s][info][gc,heap        ] GC(2808) ParOldGen: 162837K(175104K)->162853K(175104K)
[1014.099s][info][gc,metaspace   ] GC(2808) Metaspace: 35567K(36352K)->35567K(36352K) NonClass: 29294K(29888K)->29294K(29888K) Class: 6272K(6464K)->6272K(6464K)
[1014.099s][info][gc             ] GC(2808) Pause Young (Allocation Failure) 407M->159M(416M) 1.597ms
[1014.099s][info][gc,cpu         ] GC(2808) User=0.01s Sys=0.00s Real=0.00s
[1014.483s][info][gc,start       ] GC(2809) Pause Young (Allocation Failure)
[1014.502s][info][gc,heap        ] GC(2809) PSYoungGen: 244288K(250880K)->6144K(267264K) Eden: 244224K(244224K)->0K(261120K) From: 64K(6656K)->6144K(6144K)
[1014.502s][info][gc,heap        ] GC(2809) ParOldGen: 162853K(175104K)->166221K(175104K)
[1014.502s][info][gc,metaspace   ] GC(2809) Metaspace: 35567K(36352K)->35567K(36352K) NonClass: 29294K(29888K)->29294K(29888K) Class: 6272K(6464K)->6272K(6464K)
[1014.502s][info][gc             ] GC(2809) Pause Young (Allocation Failure) 397M->168M(432M) 18.986ms
[1014.502s][info][gc,cpu         ] GC(2809) User=0.03s Sys=0.00s Real=0.02s
[1014.772s][info][gc,start       ] GC(2810) Pause Young (Allocation Failure)
[1014.823s][info][gc,heap        ] GC(2810) PSYoungGen: 267264K(267264K)->8704K(269824K) Eden: 261120K(261120K)->0K(261120K) From: 6144K(6144K)->8704K(8704K)
[1014.823s][info][gc,heap        ] GC(2810) ParOldGen: 166221K(175104K)->185197K(185344K)
[1014.823s][info][gc,metaspace   ] GC(2810) Metaspace: 35567K(36352K)->35567K(36352K) NonClass: 29294K(29888K)->29294K(29888K) Class: 6272K(6464K)->6272K(6464K)
[1014.823s][info][gc             ] GC(2810) Pause Young (Allocation Failure) 423M->189M(444M) 50.990ms
[1014.823s][info][gc,cpu         ] GC(2810) User=0.09s Sys=0.01s Real=0.05s
[1015.091s][info][gc,start       ] GC(2811) Pause Young (Allocation Failure)
[1015.155s][info][gc,heap        ] GC(2811) PSYoungGen: 269824K(269824K)->17920K(301568K) Eden: 261120K(261120K)->0K(283648K) From: 8704K(8704K)->17920K(17920K)
[1015.155s][info][gc,heap        ] GC(2811) ParOldGen: 185197K(185344K)->195509K(195584K)
[1015.155s][info][gc,metaspace   ] GC(2811) Metaspace: 35567K(36352K)->35567K(36352K) NonClass: 29294K(29888K)->29294K(29888K) Class: 6272K(6464K)->6272K(6464K)
[1015.155s][info][gc             ] GC(2811) Pause Young (Allocation Failure) 444M->208M(485M) 63.827ms
[1015.155s][info][gc,cpu         ] GC(2811) User=0.11s Sys=0.02s Real=0.06s
[1015.271s][info][gc,start       ] GC(2812) Pause Young (Allocation Failure)
[1015.283s][info][gc,heap        ] GC(2812) PSYoungGen: 301568K(301568K)->4384K(308736K) Eden: 283648K(283648K)->0K(283648K) From: 17920K(17920K)->4384K(25088K)
[1015.283s][info][gc,heap        ] GC(2812) ParOldGen: 195509K(195584K)->195877K(196096K)
[1015.283s][info][gc,metaspace   ] GC(2812) Metaspace: 35567K(36352K)->35567K(36352K) NonClass: 29294K(29888K)->29294K(29888K) Class: 6272K(6464K)->6272K(6464K)
[1015.283s][info][gc             ] GC(2812) Pause Young (Allocation Failure) 485M->195M(493M) 12.607ms
[1015.283s][info][gc,cpu         ] GC(2812) User=0.02s Sys=0.00s Real=0.01s
[1015.806s][info][gc,start       ] GC(2813) Pause Young (Allocation Failure)
[1015.807s][info][gc,heap        ] GC(2813) PSYoungGen: 288032K(308736K)->64K(305664K) Eden: 283648K(283648K)->0K(284672K) From: 4384K(25088K)->64K(20992K)
[1015.807s][info][gc,heap        ] GC(2813) ParOldGen: 195877K(196096K)->195885K(196096K)
[1015.807s][info][gc,metaspace   ] GC(2813) Metaspace: 35567K(36352K)->35567K(36352K) NonClass: 29294K(29888K)->29294K(29888K) Class: 6272K(6464K)->6272K(6464K)
[1015.807s][info][gc             ] GC(2813) Pause Young (Allocation Failure) 472M->191M(490M) 1.407ms
[1015.807s][info][gc,cpu         ] GC(2813) User=0.01s Sys=0.00s Real=0.00s
[1016.293s][info][gc,start       ] GC(2814) Pause Young (Allocation Failure)
[1016.294s][info][gc,heap        ] GC(2814) PSYoungGen: 284736K(305664K)->64K(307712K) Eden: 284672K(284672K)->0K(284672K) From: 64K(20992K)->64K(23040K)
[1016.294s][info][gc,heap        ] GC(2814) ParOldGen: 195885K(196096K)->195893K(196096K)
[1016.294s][info][gc,metaspace   ] GC(2814) Metaspace: 35567K(36352K)->35567K(36352K) NonClass: 29294K(29888K)->29294K(29888K) Class: 6272K(6464K)->6272K(6464K)
[1016.294s][info][gc             ] GC(2814) Pause Young (Allocation Failure) 469M->191M(492M) 1.119ms
[1016.294s][info][gc,cpu         ] GC(2814) User=0.00s Sys=0.00s Real=0.00s
[1016.728s][info][gc,start       ] GC(2815) Pause Young (Allocation Failure)
[1016.729s][info][gc,heap        ] GC(2815) PSYoungGen: 284736K(307712K)->64K(308224K) Eden: 284672K(284672K)->0K(288256K) From: 64K(23040K)->64K(19968K)
[1016.729s][info][gc,heap        ] GC(2815) ParOldGen: 195893K(196096K)->195909K(196096K)
[1016.729s][info][gc,metaspace   ] GC(2815) Metaspace: 35567K(36352K)->35567K(36352K) NonClass: 29294K(29888K)->29294K(29888K) Class: 6272K(6464K)->6272K(6464K)
[1016.729s][info][gc             ] GC(2815) Pause Young (Allocation Failure) 469M->191M(492M) 1.176ms
[1016.729s][info][gc,cpu         ] GC(2815) User=0.01s Sys=0.00s Real=0.00s
[1016.950s][info][gc,start       ] GC(2816) Pause Young (Allocation Failure)
[1016.951s][info][gc,heap        ] GC(2816) PSYoungGen: 288320K(308224K)->64K(309760K) Eden: 288256K(288256K)->0K(288256K) From: 64K(19968K)->64K(21504K)
[1016.951s][info][gc,heap        ] GC(2816) ParOldGen: 195909K(196096K)->195925K(196096K)
[1016.951s][info][gc,metaspace   ] GC(2816) Metaspace: 35567K(36352K)->35567K(36352K) NonClass: 29294K(29888K)->29294K(29888K) Class: 6272K(6464K)->6272K(6464K)
[1016.951s][info][gc             ] GC(2816) Pause Young (Allocation Failure) 472M->191M(494M) 1.156ms
[1016.951s][info][gc,cpu         ] GC(2816) User=0.00s Sys=0.00s Real=0.00s
[1017.171s][info][gc,start       ] GC(2817) Pause Young (Allocation Failure)
[1017.172s][info][gc,heap        ] GC(2817) PSYoungGen: 288320K(309760K)->64K(310784K) Eden: 288256K(288256K)->0K(291840K) From: 64K(21504K)->64K(18944K)
[1017.172s][info][gc,heap        ] GC(2817) ParOldGen: 195925K(196096K)->195925K(196096K)
[1017.172s][info][gc,metaspace   ] GC(2817) Metaspace: 35567K(36352K)->35567K(36352K) NonClass: 29294K(29888K)->29294K(29888K) Class: 6272K(6464K)->6272K(6464K)
[1017.172s][info][gc             ] GC(2817) Pause Young (Allocation Failure) 472M->191M(495M) 1.142ms
[1017.172s][info][gc,cpu         ] GC(2817) User=0.00s Sys=0.00s Real=0.00s
[1017.540s][info][gc,start       ] GC(2818) Pause Young (Allocation Failure)
[1017.542s][info][gc,heap        ] GC(2818) PSYoungGen: 291904K(310784K)->64K(311808K) Eden: 291840K(291840K)->0K(291840K) From: 64K(18944K)->64K(19968K)
[1017.542s][info][gc,heap        ] GC(2818) ParOldGen: 195925K(196096K)->195925K(196096K)
[1017.542s][info][gc,metaspace   ] GC(2818) Metaspace: 35567K(36352K)->35567K(36352K) NonClass: 29294K(29888K)->29294K(29888K) Class: 6272K(6464K)->6272K(6464K)
[1017.542s][info][gc             ] GC(2818) Pause Young (Allocation Failure) 476M->191M(496M) 1.123ms
[1017.542s][info][gc,cpu         ] GC(2818) User=0.00s Sys=0.00s Real=0.00s
[1017.605s][info][gc,start       ] GC(2819) Pause Young (Allocation Failure)
[1017.606s][info][gc,heap        ] GC(2819) PSYoungGen: 291904K(311808K)->64K(311808K) Eden: 291840K(291840K)->0K(294912K) From: 64K(19968K)->64K(16896K)
[1017.606s][info][gc,heap        ] GC(2819) ParOldGen: 195925K(196096K)->195933K(196096K)
[1017.606s][info][gc,metaspace   ] GC(2819) Metaspace: 35567K(36352K)->35567K(36352K) NonClass: 29294K(29888K)->29294K(29888K) Class: 6272K(6464K)->6272K(6464K)
[1017.606s][info][gc             ] GC(2819) Pause Young (Allocation Failure) 476M->191M(496M) 1.011ms
[1017.606s][info][gc,cpu         ] GC(2819) User=0.00s Sys=0.00s Real=0.00s
[1017.664s][info][gc,start       ] GC(2820) Pause Young (Allocation Failure)
[1017.665s][info][gc,heap        ] GC(2820) PSYoungGen: 294976K(311808K)->32K(312832K) Eden: 294912K(294912K)->0K(294912K) From: 64K(16896K)->32K(17920K)
[1017.665s][info][gc,heap        ] GC(2820) ParOldGen: 195933K(196096K)->195949K(196096K)
[1017.665s][info][gc,metaspace   ] GC(2820) Metaspace: 35567K(36352K)->35567K(36352K) NonClass: 29294K(29888K)->29294K(29888K) Class: 6272K(6464K)->6272K(6464K)
[1017.665s][info][gc             ] GC(2820) Pause Young (Allocation Failure) 479M->191M(497M) 0.970ms
[1017.665s][info][gc,cpu         ] GC(2820) User=0.00s Sys=0.00s Real=0.00s
[1017.927s][info][gc,start       ] GC(2821) Pause Young (Allocation Failure)
[1017.928s][info][gc,heap        ] GC(2821) PSYoungGen: 294944K(312832K)->64K(313856K) Eden: 294912K(294912K)->0K(299008K) From: 32K(17920K)->64K(14848K)
[1017.928s][info][gc,heap        ] GC(2821) ParOldGen: 195949K(196096K)->195949K(196096K)
[1017.928s][info][gc,metaspace   ] GC(2821) Metaspace: 35567K(36352K)->35567K(36352K) NonClass: 29294K(29888K)->29294K(29888K) Class: 6272K(6464K)->6272K(6464K)
[1017.928s][info][gc             ] GC(2821) Pause Young (Allocation Failure) 479M->191M(498M) 1.039ms
[1017.928s][info][gc,cpu         ] GC(2821) User=0.01s Sys=0.00s Real=0.00s
[1018.238s][info][gc,start       ] GC(2822) Pause Young (Allocation Failure)
[1018.239s][info][gc,heap        ] GC(2822) PSYoungGen: 299072K(313856K)->64K(314880K) Eden: 299008K(299008K)->0K(299008K) From: 64K(14848K)->64K(15872K)
[1018.239s][info][gc,heap        ] GC(2822) ParOldGen: 195949K(196096K)->195957K(196096K)
[1018.239s][info][gc,metaspace   ] GC(2822) Metaspace: 35567K(36352K)->35567K(36352K) NonClass: 29294K(29888K)->29294K(29888K) Class: 6272K(6464K)->6272K(6464K)
[1018.239s][info][gc             ] GC(2822) Pause Young (Allocation Failure) 483M->191M(499M) 1.099ms
[1018.239s][info][gc,cpu         ] GC(2822) User=0.01s Sys=0.00s Real=0.00s
[1018.371s][info][gc,start       ] GC(2823) Pause Young (Allocation Failure)
[1018.372s][info][gc,heap        ] GC(2823) PSYoungGen: 299072K(314880K)->64K(316928K) Eden: 299008K(299008K)->0K(303104K) From: 64K(15872K)->64K(13824K)
[1018.372s][info][gc,heap        ] GC(2823) ParOldGen: 195957K(196096K)->195965K(196096K)
[1018.372s][info][gc,metaspace   ] GC(2823) Metaspace: 35567K(36352K)->35567K(36352K) NonClass: 29294K(29888K)->29294K(29888K) Class: 6272K(6464K)->6272K(6464K)
[1018.372s][info][gc             ] GC(2823) Pause Young (Allocation Failure) 483M->191M(501M) 1.052ms
[1018.372s][info][gc,cpu         ] GC(2823) User=0.00s Sys=0.00s Real=0.00s
[1018.470s][info][gc,start       ] GC(2824) Pause Young (Allocation Failure)
[1018.471s][info][gc,heap        ] GC(2824) PSYoungGen: 303168K(316928K)->64K(317440K) Eden: 303104K(303104K)->0K(303104K) From: 64K(13824K)->64K(14336K)
[1018.471s][info][gc,heap        ] GC(2824) ParOldGen: 195965K(196096K)->195973K(196096K)
[1018.471s][info][gc,metaspace   ] GC(2824) Metaspace: 35567K(36352K)->35567K(36352K) NonClass: 29294K(29888K)->29294K(29888K) Class: 6272K(6464K)->6272K(6464K)
[1018.471s][info][gc             ] GC(2824) Pause Young (Allocation Failure) 487M->191M(501M) 1.032ms
[1018.471s][info][gc,cpu         ] GC(2824) User=0.00s Sys=0.00s Real=0.00s
[1018.664s][info][gc,start       ] GC(2825) Pause Young (Allocation Failure)
[1018.666s][info][gc,heap        ] GC(2825) PSYoungGen: 303168K(317440K)->64K(291840K) Eden: 303104K(303104K)->0K(291328K) From: 64K(14336K)->64K(512K)
[1018.666s][info][gc,heap        ] GC(2825) ParOldGen: 195973K(196096K)->195981K(196096K)
[1018.666s][info][gc,metaspace   ] GC(2825) Metaspace: 35567K(36352K)->35567K(36352K) NonClass: 29294K(29888K)->29294K(29888K) Class: 6272K(6464K)->6272K(6464K)
[1018.666s][info][gc             ] GC(2825) Pause Young (Allocation Failure) 487M->191M(476M) 1.771ms
[1018.666s][info][gc,cpu         ] GC(2825) User=0.01s Sys=0.00s Real=0.01s
[1019.628s][info][gc,start       ] GC(2826) Pause Young (Allocation Failure)
[1019.629s][info][gc,heap        ] GC(2826) PSYoungGen: 291392K(291840K)->83K(292352K) Eden: 291328K(291328K)->0K(280064K) From: 64K(512K)->83K(12288K)
[1019.629s][info][gc,heap        ] GC(2826) ParOldGen: 195981K(196096K)->195989K(196096K)
[1019.629s][info][gc,metaspace   ] GC(2826) Metaspace: 35567K(36352K)->35567K(36352K) NonClass: 29294K(29888K)->29294K(29888K) Class: 6272K(6464K)->6272K(6464K)
[1019.629s][info][gc             ] GC(2826) Pause Young (Allocation Failure) 475M->191M(477M) 1.006ms
[1019.629s][info][gc,cpu         ] GC(2826) User=0.00s Sys=0.00s Real=0.00s
[1020.509s][info][gc,start       ] GC(2827) Pause Young (Allocation Failure)
[1020.510s][info][gc,heap        ] GC(2827) PSYoungGen: 280147K(292352K)->64K(269824K) Eden: 280064K(280064K)->0K(269312K) From: 83K(12288K)->64K(512K)
[1020.510s][info][gc,heap        ] GC(2827) ParOldGen: 195989K(196096K)->195997K(196096K)
[1020.510s][info][gc,metaspace   ] GC(2827) Metaspace: 35567K(36352K)->35567K(36352K) NonClass: 29294K(29888K)->29294K(29888K) Class: 6272K(6464K)->6272K(6464K)
[1020.510s][info][gc             ] GC(2827) Pause Young (Allocation Failure) 464M->191M(455M) 1.423ms
[1020.510s][info][gc,cpu         ] GC(2827) User=0.00s Sys=0.00s Real=0.00s
[1020.766s][info][gc,start       ] GC(2828) Pause Young (Allocation Failure)
[1020.767s][info][gc,heap        ] GC(2828) PSYoungGen: 269376K(269824K)->64K(269824K) Eden: 269312K(269312K)->0K(259072K) From: 64K(512K)->64K(10752K)
[1020.767s][info][gc,heap        ] GC(2828) ParOldGen: 195997K(196096K)->196005K(196096K)
[1020.767s][info][gc,metaspace   ] GC(2828) Metaspace: 35567K(36352K)->35567K(36352K) NonClass: 29294K(29888K)->29294K(29888K) Class: 6272K(6464K)->6272K(6464K)
[1020.767s][info][gc             ] GC(2828) Pause Young (Allocation Failure) 454M->191M(455M) 1.311ms
[1020.767s][info][gc,cpu         ] GC(2828) User=0.00s Sys=0.00s Real=0.00s
[1021.148s][info][gc,start       ] GC(2829) Pause Young (Allocation Failure)
[1021.150s][info][gc,heap        ] GC(2829) PSYoungGen: 259136K(269824K)->64K(249856K) Eden: 259072K(259072K)->0K(249344K) From: 64K(10752K)->64K(512K)
[1021.150s][info][gc,heap        ] GC(2829) ParOldGen: 196005K(196096K)->196013K(196096K)
[1021.150s][info][gc,metaspace   ] GC(2829) Metaspace: 35567K(36352K)->35567K(36352K) NonClass: 29294K(29888K)->29294K(29888K) Class: 6272K(6464K)->6272K(6464K)
[1021.150s][info][gc             ] GC(2829) Pause Young (Allocation Failure) 444M->191M(435M) 2.138ms
[1021.150s][info][gc,cpu         ] GC(2829) User=0.00s Sys=0.00s Real=0.00s
[1022.123s][info][gc,start       ] GC(2830) Pause Young (Allocation Failure)
[1022.125s][info][gc,heap        ] GC(2830) PSYoungGen: 249408K(249856K)->64K(249856K) Eden: 249344K(249344K)->0K(240128K) From: 64K(512K)->64K(9728K)
[1022.125s][info][gc,heap        ] GC(2830) ParOldGen: 196013K(196096K)->196021K(196096K)
[1022.125s][info][gc,metaspace   ] GC(2830) Metaspace: 35567K(36352K)->35567K(36352K) NonClass: 29294K(29888K)->29294K(29888K) Class: 6272K(6464K)->6272K(6464K)
[1022.125s][info][gc             ] GC(2830) Pause Young (Allocation Failure) 434M->191M(435M) 1.752ms
[1022.125s][info][gc,cpu         ] GC(2830) User=0.00s Sys=0.00s Real=0.00s
[1022.503s][info][gc,start       ] GC(2831) Pause Young (Allocation Failure)
[1022.506s][info][gc,heap        ] GC(2831) PSYoungGen: 240192K(249856K)->64K(231424K) Eden: 240128K(240128K)->0K(230912K) From: 64K(9728K)->64K(512K)
[1022.506s][info][gc,heap        ] GC(2831) ParOldGen: 196021K(196096K)->196029K(196096K)
[1022.506s][info][gc,metaspace   ] GC(2831) Metaspace: 35567K(36352K)->35567K(36352K) NonClass: 29294K(29888K)->29294K(29888K) Class: 6272K(6464K)->6272K(6464K)
[1022.506s][info][gc             ] GC(2831) Pause Young (Allocation Failure) 425M->191M(417M) 2.633ms
[1022.506s][info][gc,cpu         ] GC(2831) User=0.01s Sys=0.00s Real=0.01s
[1022.692s][info][gc,start       ] GC(2832) Pause Young (Allocation Failure)
[1022.694s][info][gc,heap        ] GC(2832) PSYoungGen: 230976K(231424K)->64K(230400K) Eden: 230912K(230912K)->0K(222208K) From: 64K(512K)->64K(8192K)
[1022.694s][info][gc,heap        ] GC(2832) ParOldGen: 196029K(196096K)->196037K(196096K)
[1022.694s][info][gc,metaspace   ] GC(2832) Metaspace: 35567K(36352K)->35567K(36352K) NonClass: 29294K(29888K)->29294K(29888K) Class: 6272K(6464K)->6272K(6464K)
[1022.694s][info][gc             ] GC(2832) Pause Young (Allocation Failure) 416M->191M(416M) 1.662ms
[1022.694s][info][gc,cpu         ] GC(2832) User=0.00s Sys=0.00s Real=0.00s
[1022.762s][info][gc,start       ] GC(2833) Pause Young (Allocation Failure)
[1022.765s][info][gc,heap        ] GC(2833) PSYoungGen: 222272K(230400K)->64K(263680K) Eden: 222208K(222208K)->0K(263168K) From: 64K(8192K)->64K(512K)
[1022.765s][info][gc,heap        ] GC(2833) ParOldGen: 196037K(196096K)->196053K(196096K)
[1022.765s][info][gc,metaspace   ] GC(2833) Metaspace: 35567K(36352K)->35567K(36352K) NonClass: 29294K(29888K)->29294K(29888K) Class: 6272K(6464K)->6272K(6464K)
[1022.765s][info][gc             ] GC(2833) Pause Young (Allocation Failure) 408M->191M(449M) 2.887ms
[1022.765s][info][gc,cpu         ] GC(2833) User=0.00s Sys=0.00s Real=0.01s
[1023.353s][info][gc,start       ] GC(2834) Pause Young (Allocation Failure)
[1023.354s][info][gc,heap        ] GC(2834) PSYoungGen: 263232K(263680K)->64K(260096K) Eden: 263168K(263168K)->0K(252928K) From: 64K(512K)->64K(7168K)
[1023.354s][info][gc,heap        ] GC(2834) ParOldGen: 196053K(196096K)->196061K(196096K)
[1023.354s][info][gc,metaspace   ] GC(2834) Metaspace: 35567K(36352K)->35567K(36352K) NonClass: 29294K(29888K)->29294K(29888K) Class: 6272K(6464K)->6272K(6464K)
[1023.354s][info][gc             ] GC(2834) Pause Young (Allocation Failure) 448M->191M(445M) 1.765ms
[1023.354s][info][gc,cpu         ] GC(2834) User=0.00s Sys=0.00s Real=0.00s
[1023.626s][info][gc,start       ] GC(2835) Pause Young (Allocation Failure)
[1023.628s][info][gc,heap        ] GC(2835) PSYoungGen: 252992K(260096K)->64K(243712K) Eden: 252928K(252928K)->0K(243200K) From: 64K(7168K)->64K(512K)
[1023.628s][info][gc,heap        ] GC(2835) ParOldGen: 196061K(196096K)->196069K(196096K)
[1023.628s][info][gc,metaspace   ] GC(2835) Metaspace: 35567K(36352K)->35567K(36352K) NonClass: 29294K(29888K)->29294K(29888K) Class: 6272K(6464K)->6272K(6464K)
[1023.628s][info][gc             ] GC(2835) Pause Young (Allocation Failure) 438M->191M(429M) 1.798ms
[1023.628s][info][gc,cpu         ] GC(2835) User=0.00s Sys=0.01s Real=0.00s
[1023.979s][info][gc,start       ] GC(2836) Pause Young (Allocation Failure)
[1024.010s][info][gc,heap        ] GC(2836) PSYoungGen: 243264K(243712K)->6144K(270848K) Eden: 243200K(243200K)->0K(264704K) From: 64K(512K)->6144K(6144K)
[1024.010s][info][gc,heap        ] GC(2836) ParOldGen: 196069K(196096K)->205293K(205312K)
[1024.010s][info][gc,metaspace   ] GC(2836) Metaspace: 35567K(36352K)->35567K(36352K) NonClass: 29294K(29888K)->29294K(29888K) Class: 6272K(6464K)->6272K(6464K)
[1024.010s][info][gc             ] GC(2836) Pause Young (Allocation Failure) 429M->206M(465M) 30.286ms
[1024.010s][info][gc,cpu         ] GC(2836) User=0.05s Sys=0.00s Real=0.03s
[1024.284s][info][gc,start       ] GC(2837) Pause Young (Allocation Failure)
[1024.347s][info][gc,heap        ] GC(2837) PSYoungGen: 270848K(270848K)->11264K(292864K) Eden: 264704K(264704K)->0K(281600K) From: 6144K(6144K)->11264K(11264K)
[1024.347s][info][gc,heap        ] GC(2837) ParOldGen: 205293K(205312K)->222301K(222720K)
[1024.347s][info][gc,metaspace   ] GC(2837) Metaspace: 35567K(36352K)->35567K(36352K) NonClass: 29294K(29888K)->29294K(29888K) Class: 6272K(6464K)->6272K(6464K)
[1024.347s][info][gc             ] GC(2837) Pause Young (Allocation Failure) 464M->228M(503M) 62.370ms
[1024.347s][info][gc,cpu         ] GC(2837) User=0.10s Sys=0.02s Real=0.07s
[1024.619s][info][gc,start       ] GC(2838) Pause Young (Allocation Failure)
[1024.677s][info][gc,heap        ] GC(2838) PSYoungGen: 292864K(292864K)->19968K(301568K) Eden: 281600K(281600K)->0K(281600K) From: 11264K(11264K)->19968K(19968K)
[1024.677s][info][gc,heap        ] GC(2838) ParOldGen: 222301K(222720K)->228613K(228864K)
[1024.677s][info][gc,metaspace   ] GC(2838) Metaspace: 35567K(36352K)->35567K(36352K) NonClass: 29294K(29888K)->29294K(29888K) Class: 6272K(6464K)->6272K(6464K)
[1024.677s][info][gc             ] GC(2838) Pause Young (Allocation Failure) 503M->242M(518M) 58.140ms
[1024.677s][info][gc,cpu         ] GC(2838) User=0.10s Sys=0.01s Real=0.06s
[1024.778s][info][gc,start       ] GC(2839) Pause Young (Allocation Failure)
[1024.780s][info][gc,heap        ] GC(2839) PSYoungGen: 301568K(301568K)->64K(308224K) Eden: 281600K(281600K)->0K(281600K) From: 19968K(19968K)->64K(26624K)
[1024.780s][info][gc,heap        ] GC(2839) ParOldGen: 228613K(228864K)->228837K(228864K)
[1024.780s][info][gc,metaspace   ] GC(2839) Metaspace: 35567K(36352K)->35567K(36352K) NonClass: 29294K(29888K)->29294K(29888K) Class: 6272K(6464K)->6272K(6464K)
[1024.780s][info][gc             ] GC(2839) Pause Young (Allocation Failure) 517M->223M(524M) 2.768ms
[1024.780s][info][gc,cpu         ] GC(2839) User=0.01s Sys=0.00s Real=0.00s
[1025.473s][info][gc,start       ] GC(2840) Pause Young (Allocation Failure)
[1025.474s][info][gc,heap        ] GC(2840) PSYoungGen: 281664K(308224K)->64K(282112K) Eden: 281600K(281600K)->0K(281600K) From: 64K(26624K)->64K(512K)
[1025.474s][info][gc,heap        ] GC(2840) ParOldGen: 228837K(228864K)->228845K(228864K)
[1025.474s][info][gc,metaspace   ] GC(2840) Metaspace: 35567K(36352K)->35567K(36352K) NonClass: 29294K(29888K)->29294K(29888K) Class: 6272K(6464K)->6272K(6464K)
[1025.474s][info][gc             ] GC(2840) Pause Young (Allocation Failure) 498M->223M(499M) 1.190ms
[1025.474s][info][gc,cpu         ] GC(2840) User=0.00s Sys=0.00s Real=0.00s
[1025.836s][info][gc,start       ] GC(2841) Pause Young (Allocation Failure)
[1025.837s][info][gc,heap        ] GC(2841) PSYoungGen: 281664K(282112K)->64K(306688K) Eden: 281600K(281600K)->0K(282112K) From: 64K(512K)->64K(24576K)
[1025.837s][info][gc,heap        ] GC(2841) ParOldGen: 228845K(228864K)->228853K(228864K)
[1025.837s][info][gc,metaspace   ] GC(2841) Metaspace: 35567K(36352K)->35567K(36352K) NonClass: 29294K(29888K)->29294K(29888K) Class: 6272K(6464K)->6272K(6464K)
[1025.837s][info][gc             ] GC(2841) Pause Young (Allocation Failure) 498M->223M(523M) 1.123ms
[1025.837s][info][gc,cpu         ] GC(2841) User=0.00s Sys=0.00s Real=0.00s
[1026.281s][info][gc,start       ] GC(2842) Pause Young (Allocation Failure)
[1026.282s][info][gc,heap        ] GC(2842) PSYoungGen: 282176K(306688K)->64K(306176K) Eden: 282112K(282112K)->0K(282112K) From: 64K(24576K)->64K(24064K)
[1026.282s][info][gc,heap        ] GC(2842) ParOldGen: 228853K(228864K)->228869K(229376K)
[1026.282s][info][gc,metaspace   ] GC(2842) Metaspace: 35567K(36352K)->35567K(36352K) NonClass: 29294K(29888K)->29294K(29888K) Class: 6272K(6464K)->6272K(6464K)
[1026.282s][info][gc             ] GC(2842) Pause Young (Allocation Failure) 499M->223M(523M) 1.183ms
[1026.282s][info][gc,cpu         ] GC(2842) User=0.00s Sys=0.00s Real=0.00s
[1026.497s][info][gc,start       ] GC(2843) Pause Young (Allocation Failure)
[1026.498s][info][gc,heap        ] GC(2843) PSYoungGen: 282176K(306176K)->64K(308736K) Eden: 282112K(282112K)->0K(286208K) From: 64K(24064K)->64K(22528K)
[1026.498s][info][gc,heap        ] GC(2843) ParOldGen: 228869K(229376K)->228885K(229376K)
[1026.498s][info][gc,metaspace   ] GC(2843) Metaspace: 35567K(36352K)->35567K(36352K) NonClass: 29294K(29888K)->29294K(29888K) Class: 6272K(6464K)->6272K(6464K)
[1026.498s][info][gc             ] GC(2843) Pause Young (Allocation Failure) 499M->223M(525M) 1.167ms
[1026.498s][info][gc,cpu         ] GC(2843) User=0.00s Sys=0.00s Real=0.00s
[1026.716s][info][gc,start       ] GC(2844) Pause Young (Allocation Failure)
[1026.717s][info][gc,heap        ] GC(2844) PSYoungGen: 286272K(308736K)->64K(308224K) Eden: 286208K(286208K)->0K(286208K) From: 64K(22528K)->64K(22016K)
[1026.717s][info][gc,heap        ] GC(2844) ParOldGen: 228885K(229376K)->228885K(229376K)
[1026.717s][info][gc,metaspace   ] GC(2844) Metaspace: 35567K(36352K)->35567K(36352K) NonClass: 29294K(29888K)->29294K(29888K) Class: 6272K(6464K)->6272K(6464K)
[1026.717s][info][gc             ] GC(2844) Pause Young (Allocation Failure) 503M->223M(525M) 1.149ms
[1026.717s][info][gc,cpu         ] GC(2844) User=0.01s Sys=0.00s Real=0.00s
[1027.058s][info][gc,start       ] GC(2845) Pause Young (Allocation Failure)
[1027.059s][info][gc,heap        ] GC(2845) PSYoungGen: 286272K(308224K)->64K(310784K) Eden: 286208K(286208K)->0K(290304K) From: 64K(22016K)->64K(20480K)
[1027.059s][info][gc,heap        ] GC(2845) ParOldGen: 228885K(229376K)->228885K(229376K)
[1027.059s][info][gc,metaspace   ] GC(2845) Metaspace: 35567K(36352K)->35567K(36352K) NonClass: 29294K(29888K)->29294K(29888K) Class: 6272K(6464K)->6272K(6464K)
[1027.060s][info][gc             ] GC(2845) Pause Young (Allocation Failure) 503M->223M(527M) 1.087ms
[1027.060s][info][gc,cpu         ] GC(2845) User=0.00s Sys=0.00s Real=0.00s
[1027.113s][info][gc,start       ] GC(2846) Pause Young (Allocation Failure)
[1027.115s][info][gc,heap        ] GC(2846) PSYoungGen: 290367K(310784K)->64K(309760K) Eden: 290303K(290304K)->0K(290304K) From: 64K(20480K)->64K(19456K)
[1027.115s][info][gc,heap        ] GC(2846) ParOldGen: 228885K(229376K)->228901K(229376K)
[1027.115s][info][gc,metaspace   ] GC(2846) Metaspace: 35567K(36352K)->35567K(36352K) NonClass: 29294K(29888K)->29294K(29888K) Class: 6272K(6464K)->6272K(6464K)
[1027.115s][info][gc             ] GC(2846) Pause Young (Allocation Failure) 507M->223M(526M) 1.106ms
[1027.115s][info][gc,cpu         ] GC(2846) User=0.00s Sys=0.00s Real=0.00s
[1027.170s][info][gc,start       ] GC(2847) Pause Young (Allocation Failure)
[1027.171s][info][gc,heap        ] GC(2847) PSYoungGen: 290368K(309760K)->32K(313344K) Eden: 290304K(290304K)->0K(294912K) From: 64K(19456K)->32K(18432K)
[1027.171s][info][gc,heap        ] GC(2847) ParOldGen: 228901K(229376K)->228901K(229376K)
[1027.171s][info][gc,metaspace   ] GC(2847) Metaspace: 35567K(36352K)->35567K(36352K) NonClass: 29294K(29888K)->29294K(29888K) Class: 6272K(6464K)->6272K(6464K)
[1027.171s][info][gc             ] GC(2847) Pause Young (Allocation Failure) 507M->223M(530M) 1.120ms
[1027.171s][info][gc,cpu         ] GC(2847) User=0.00s Sys=0.00s Real=0.00s
[1027.481s][info][gc,start       ] GC(2848) Pause Young (Allocation Failure)
[1027.482s][info][gc,heap        ] GC(2848) PSYoungGen: 294944K(313344K)->64K(312320K) Eden: 294912K(294912K)->0K(294912K) From: 32K(18432K)->64K(17408K)
[1027.482s][info][gc,heap        ] GC(2848) ParOldGen: 228901K(229376K)->228901K(229376K)
[1027.482s][info][gc,metaspace   ] GC(2848) Metaspace: 35567K(36352K)->35567K(36352K) NonClass: 29294K(29888K)->29294K(29888K) Class: 6272K(6464K)->6272K(6464K)
[1027.482s][info][gc             ] GC(2848) Pause Young (Allocation Failure) 511M->223M(529M) 1.018ms
[1027.482s][info][gc,cpu         ] GC(2848) User=0.00s Sys=0.00s Real=0.00s
[1027.759s][info][gc,start       ] GC(2849) Pause Young (Allocation Failure)
[1027.760s][info][gc,heap        ] GC(2849) PSYoungGen: 294976K(312320K)->64K(315392K) Eden: 294912K(294912K)->0K(299008K) From: 64K(17408K)->64K(16384K)
[1027.760s][info][gc,heap        ] GC(2849) ParOldGen: 228901K(229376K)->228909K(229376K)
[1027.760s][info][gc,metaspace   ] GC(2849) Metaspace: 35567K(36352K)->35567K(36352K) NonClass: 29294K(29888K)->29294K(29888K) Class: 6272K(6464K)->6272K(6464K)
[1027.760s][info][gc             ] GC(2849) Pause Young (Allocation Failure) 511M->223M(532M) 1.168ms
[1027.760s][info][gc,cpu         ] GC(2849) User=0.00s Sys=0.00s Real=0.00s
[1027.874s][info][gc,start       ] GC(2850) Pause Young (Allocation Failure)
[1027.875s][info][gc,heap        ] GC(2850) PSYoungGen: 299072K(315392K)->64K(314368K) Eden: 299008K(299008K)->0K(299008K) From: 64K(16384K)->64K(15360K)
[1027.875s][info][gc,heap        ] GC(2850) ParOldGen: 228909K(229376K)->228917K(229376K)
[1027.875s][info][gc,metaspace   ] GC(2850) Metaspace: 35567K(36352K)->35567K(36352K) NonClass: 29294K(29888K)->29294K(29888K) Class: 6272K(6464K)->6272K(6464K)
[1027.875s][info][gc             ] GC(2850) Pause Young (Allocation Failure) 515M->223M(531M) 1.105ms
[1027.875s][info][gc,cpu         ] GC(2850) User=0.00s Sys=0.00s Real=0.01s
[1027.987s][info][gc,start       ] GC(2851) Pause Young (Allocation Failure)
[1027.988s][info][gc,heap        ] GC(2851) PSYoungGen: 299072K(314368K)->64K(317440K) Eden: 299008K(299008K)->0K(303104K) From: 64K(15360K)->64K(14336K)
[1027.988s][info][gc,heap        ] GC(2851) ParOldGen: 228917K(229376K)->228925K(229376K)
[1027.988s][info][gc,metaspace   ] GC(2851) Metaspace: 35567K(36352K)->35567K(36352K) NonClass: 29294K(29888K)->29294K(29888K) Class: 6272K(6464K)->6272K(6464K)
[1027.988s][info][gc             ] GC(2851) Pause Young (Allocation Failure) 515M->223M(534M) 1.055ms
[1027.988s][info][gc,cpu         ] GC(2851) User=0.00s Sys=0.00s Real=0.00s
[1028.217s][info][gc,start       ] GC(2852) Pause Young (Allocation Failure)
[1028.218s][info][gc,heap        ] GC(2852) PSYoungGen: 303168K(317440K)->64K(291840K) Eden: 303104K(303104K)->0K(291328K) From: 64K(14336K)->64K(512K)
[1028.218s][info][gc,heap        ] GC(2852) ParOldGen: 228925K(229376K)->228933K(229376K)
[1028.218s][info][gc,metaspace   ] GC(2852) Metaspace: 35567K(36352K)->35567K(36352K) NonClass: 29294K(29888K)->29294K(29888K) Class: 6272K(6464K)->6272K(6464K)
[1028.218s][info][gc             ] GC(2852) Pause Young (Allocation Failure) 519M->223M(509M) 1.118ms
[1028.218s][info][gc,cpu         ] GC(2852) User=0.00s Sys=0.00s Real=0.00s
[1029.127s][info][gc,start       ] GC(2853) Pause Young (Allocation Failure)
[1029.129s][info][gc,heap        ] GC(2853) PSYoungGen: 291392K(291840K)->64K(280576K) Eden: 291328K(291328K)->0K(280064K) From: 64K(512K)->64K(512K)
[1029.129s][info][gc,heap        ] GC(2853) ParOldGen: 228933K(229376K)->228941K(229376K)
[1029.129s][info][gc,metaspace   ] GC(2853) Metaspace: 35567K(36352K)->35567K(36352K) NonClass: 29294K(29888K)->29294K(29888K) Class: 6272K(6464K)->6272K(6464K)
[1029.129s][info][gc             ] GC(2853) Pause Young (Allocation Failure) 508M->223M(498M) 1.666ms
[1029.129s][info][gc,cpu         ] GC(2853) User=0.00s Sys=0.00s Real=0.00s
[1030.018s][info][gc,start       ] GC(2854) Pause Young (Allocation Failure)
[1030.019s][info][gc,heap        ] GC(2854) PSYoungGen: 280128K(280576K)->64K(281088K) Eden: 280064K(280064K)->0K(269312K) From: 64K(512K)->64K(11776K)
[1030.019s][info][gc,heap        ] GC(2854) ParOldGen: 228941K(229376K)->228949K(229376K)
[1030.019s][info][gc,metaspace   ] GC(2854) Metaspace: 35567K(36352K)->35567K(36352K) NonClass: 29294K(29888K)->29294K(29888K) Class: 6272K(6464K)->6272K(6464K)
[1030.019s][info][gc             ] GC(2854) Pause Young (Allocation Failure) 497M->223M(498M) 1.043ms
[1030.019s][info][gc,cpu         ] GC(2854) User=0.00s Sys=0.00s Real=0.00s
[1030.340s][info][gc,start       ] GC(2855) Pause Young (Allocation Failure)
[1030.342s][info][gc,heap        ] GC(2855) PSYoungGen: 269376K(281088K)->64K(259584K) Eden: 269312K(269312K)->0K(259072K) From: 64K(11776K)->64K(512K)
[1030.342s][info][gc,heap        ] GC(2855) ParOldGen: 228949K(229376K)->228957K(229376K)
[1030.342s][info][gc,metaspace   ] GC(2855) Metaspace: 35567K(36352K)->35567K(36352K) NonClass: 29294K(29888K)->29294K(29888K) Class: 6272K(6464K)->6272K(6464K)
[1030.342s][info][gc             ] GC(2855) Pause Young (Allocation Failure) 486M->223M(477M) 1.885ms
[1030.342s][info][gc,cpu         ] GC(2855) User=0.00s Sys=0.00s Real=0.00s
[1030.733s][info][gc,start       ] GC(2856) Pause Young (Allocation Failure)
[1030.734s][info][gc,heap        ] GC(2856) PSYoungGen: 259136K(259584K)->64K(259584K) Eden: 259072K(259072K)->0K(249344K) From: 64K(512K)->64K(10240K)
[1030.734s][info][gc,heap        ] GC(2856) ParOldGen: 228957K(229376K)->228965K(229376K)
[1030.734s][info][gc,metaspace   ] GC(2856) Metaspace: 35567K(36352K)->35567K(36352K) NonClass: 29294K(29888K)->29294K(29888K) Class: 6272K(6464K)->6272K(6464K)
[1030.734s][info][gc             ] GC(2856) Pause Young (Allocation Failure) 476M->223M(477M) 1.115ms
[1030.734s][info][gc,cpu         ] GC(2856) User=0.00s Sys=0.00s Real=0.00s
[1031.661s][info][gc,start       ] GC(2857) Pause Young (Allocation Failure)
[1031.663s][info][gc,heap        ] GC(2857) PSYoungGen: 249408K(259584K)->64K(240640K) Eden: 249344K(249344K)->0K(240128K) From: 64K(10240K)->64K(512K)
[1031.663s][info][gc,heap        ] GC(2857) ParOldGen: 228965K(229376K)->228973K(229376K)
[1031.663s][info][gc,metaspace   ] GC(2857) Metaspace: 35567K(36352K)->35567K(36352K) NonClass: 29294K(29888K)->29294K(29888K) Class: 6272K(6464K)->6272K(6464K)
[1031.663s][info][gc             ] GC(2857) Pause Young (Allocation Failure) 467M->223M(459M) 2.167ms
[1031.663s][info][gc,cpu         ] GC(2857) User=0.00s Sys=0.00s Real=0.00s
[1032.021s][info][gc,start       ] GC(2858) Pause Young (Allocation Failure)
[1032.022s][info][gc,heap        ] GC(2858) PSYoungGen: 240192K(240640K)->64K(240128K) Eden: 240128K(240128K)->0K(230912K) From: 64K(512K)->64K(9216K)
[1032.022s][info][gc,heap        ] GC(2858) ParOldGen: 228973K(229376K)->228989K(229376K)
[1032.023s][info][gc,metaspace   ] GC(2858) Metaspace: 35567K(36352K)->35567K(36352K) NonClass: 29294K(29888K)->29294K(29888K) Class: 6272K(6464K)->6272K(6464K)
[1032.023s][info][gc             ] GC(2858) Pause Young (Allocation Failure) 458M->223M(458M) 1.856ms
[1032.023s][info][gc,cpu         ] GC(2858) User=0.00s Sys=0.00s Real=0.00s
[1032.190s][info][gc,start       ] GC(2859) Pause Young (Allocation Failure)
[1032.193s][info][gc,heap        ] GC(2859) PSYoungGen: 230976K(240128K)->32K(222720K) Eden: 230912K(230912K)->0K(222208K) From: 64K(9216K)->32K(512K)
[1032.193s][info][gc,heap        ] GC(2859) ParOldGen: 228989K(229376K)->228997K(229376K)
[1032.193s][info][gc,metaspace   ] GC(2859) Metaspace: 35567K(36352K)->35567K(36352K) NonClass: 29294K(29888K)->29294K(29888K) Class: 6272K(6464K)->6272K(6464K)
[1032.193s][info][gc             ] GC(2859) Pause Young (Allocation Failure) 449M->223M(441M) 2.509ms
[1032.193s][info][gc,cpu         ] GC(2859) User=0.00s Sys=0.00s Real=0.00s
[1032.277s][info][gc,start       ] GC(2860) Pause Young (Allocation Failure)
[1032.278s][info][gc,heap        ] GC(2860) PSYoungGen: 222240K(222720K)->64K(221696K) Eden: 222208K(222208K)->0K(214016K) From: 32K(512K)->64K(7680K)
[1032.278s][info][gc,heap        ] GC(2860) ParOldGen: 228997K(229376K)->229005K(229376K)
[1032.278s][info][gc,metaspace   ] GC(2860) Metaspace: 35567K(36352K)->35567K(36352K) NonClass: 29294K(29888K)->29294K(29888K) Class: 6272K(6464K)->6272K(6464K)
[1032.278s][info][gc             ] GC(2860) Pause Young (Allocation Failure) 440M->223M(440M) 1.076ms
[1032.278s][info][gc,cpu         ] GC(2860) User=0.00s Sys=0.00s Real=0.00s
[1032.810s][info][gc,start       ] GC(2861) Pause Young (Allocation Failure)
[1032.812s][info][gc,heap        ] GC(2861) PSYoungGen: 214080K(221696K)->64K(206848K) Eden: 214016K(214016K)->0K(206336K) From: 64K(7680K)->64K(512K)
[1032.812s][info][gc,heap        ] GC(2861) ParOldGen: 229005K(229376K)->229013K(229376K)
[1032.812s][info][gc,metaspace   ] GC(2861) Metaspace: 35567K(36352K)->35567K(36352K) NonClass: 29294K(29888K)->29294K(29888K) Class: 6272K(6464K)->6272K(6464K)
[1032.812s][info][gc             ] GC(2861) Pause Young (Allocation Failure) 432M->223M(426M) 1.777ms
[1032.812s][info][gc,cpu         ] GC(2861) User=0.01s Sys=0.00s Real=0.00s
[1033.011s][info][gc,start       ] GC(2862) Pause Young (Allocation Failure)
[1033.012s][info][gc,heap        ] GC(2862) PSYoungGen: 206400K(206848K)->64K(205824K) Eden: 206336K(206336K)->0K(199168K) From: 64K(512K)->64K(6656K)
[1033.012s][info][gc,heap        ] GC(2862) ParOldGen: 229013K(229376K)->229021K(229376K)
[1033.012s][info][gc,metaspace   ] GC(2862) Metaspace: 35567K(36352K)->35567K(36352K) NonClass: 29294K(29888K)->29294K(29888K) Class: 6272K(6464K)->6272K(6464K)
[1033.012s][info][gc             ] GC(2862) Pause Young (Allocation Failure) 425M->223M(425M) 1.060ms
[1033.012s][info][gc,cpu         ] GC(2862) User=0.01s Sys=0.00s Real=0.00s
[1033.357s][info][gc,start       ] GC(2863) Pause Young (Allocation Failure)
[1033.365s][info][gc,heap        ] GC(2863) PSYoungGen: 199232K(205824K)->5056K(240640K) Eden: 199168K(199168K)->0K(235520K) From: 64K(6656K)->5056K(5120K)
[1033.365s][info][gc,heap        ] GC(2863) ParOldGen: 229021K(229376K)->229037K(229376K)
[1033.365s][info][gc,metaspace   ] GC(2863) Metaspace: 35567K(36352K)->35567K(36352K) NonClass: 29294K(29888K)->29294K(29888K) Class: 6272K(6464K)->6272K(6464K)
[1033.365s][info][gc             ] GC(2863) Pause Young (Allocation Failure) 418M->228M(459M) 8.096ms
[1033.365s][info][gc,cpu         ] GC(2863) User=0.01s Sys=0.00s Real=0.01s
[1033.609s][info][gc,start       ] GC(2864) Pause Young (Allocation Failure)
[1033.658s][info][gc,heap        ] GC(2864) PSYoungGen: 240576K(240640K)->7168K(262144K) Eden: 235520K(235520K)->0K(254976K) From: 5056K(5120K)->7168K(7168K)
[1033.658s][info][gc,heap        ] GC(2864) ParOldGen: 229037K(229376K)->246725K(246784K)
[1033.658s][info][gc,metaspace   ] GC(2864) Metaspace: 35567K(36352K)->35567K(36352K) NonClass: 29294K(29888K)->29294K(29888K) Class: 6272K(6464K)->6272K(6464K)
[1033.658s][info][gc             ] GC(2864) Pause Young (Allocation Failure) 458M->247M(497M) 49.106ms
[1033.658s][info][gc,cpu         ] GC(2864) User=0.08s Sys=0.02s Real=0.05s
[1033.921s][info][gc,start       ] GC(2865) Pause Young (Allocation Failure)
[1033.982s][info][gc,heap        ] GC(2865) PSYoungGen: 262144K(262144K)->15360K(289280K) Eden: 254976K(254976K)->0K(273920K) From: 7168K(7168K)->15360K(15360K)
[1033.982s][info][gc,heap        ] GC(2865) ParOldGen: 246725K(246784K)->258909K(259072K)
[1033.982s][info][gc,metaspace   ] GC(2865) Metaspace: 35567K(36352K)->35567K(36352K) NonClass: 29294K(29888K)->29294K(29888K) Class: 6272K(6464K)->6272K(6464K)
[1033.982s][info][gc             ] GC(2865) Pause Young (Allocation Failure) 496M->267M(535M) 61.364ms
[1033.982s][info][gc,cpu         ] GC(2865) User=0.10s Sys=0.02s Real=0.06s
[1034.147s][info][gc,start       ] GC(2866) Pause Young (Allocation Failure)
[1034.176s][info][gc,heap        ] GC(2866) PSYoungGen: 289280K(289280K)->12192K(297472K) Eden: 273920K(273920K)->0K(273920K) From: 15360K(15360K)->12192K(23552K)
[1034.176s][info][gc,heap        ] GC(2866) ParOldGen: 258909K(259072K)->259349K(259584K)
[1034.176s][info][gc,metaspace   ] GC(2866) Metaspace: 35567K(36352K)->35567K(36352K) NonClass: 29294K(29888K)->29294K(29888K) Class: 6272K(6464K)->6272K(6464K)
[1034.176s][info][gc             ] GC(2866) Pause Young (Allocation Failure) 535M->265M(544M) 29.476ms
[1034.176s][info][gc,cpu         ] GC(2866) User=0.05s Sys=0.01s Real=0.03s
[1034.510s][info][gc,start       ] GC(2867) Pause Young (Allocation Failure)
[1034.511s][info][gc,heap        ] GC(2867) PSYoungGen: 286112K(297472K)->64K(309760K) Eden: 273920K(273920K)->0K(286208K) From: 12192K(23552K)->64K(23552K)
[1034.511s][info][gc,heap        ] GC(2867) ParOldGen: 259349K(259584K)->259357K(259584K)
[1034.511s][info][gc,metaspace   ] GC(2867) Metaspace: 35567K(36352K)->35567K(36352K) NonClass: 29294K(29888K)->29294K(29888K) Class: 6272K(6464K)->6272K(6464K)
[1034.511s][info][gc             ] GC(2867) Pause Young (Allocation Failure) 532M->253M(556M) 1.260ms
[1034.511s][info][gc,cpu         ] GC(2867) User=0.00s Sys=0.00s Real=0.00s
[1035.154s][info][gc,start       ] GC(2868) Pause Young (Allocation Failure)
[1035.156s][info][gc,heap        ] GC(2868) PSYoungGen: 286272K(309760K)->64K(286720K) Eden: 286208K(286208K)->0K(286208K) From: 64K(23552K)->64K(512K)
[1035.156s][info][gc,heap        ] GC(2868) ParOldGen: 259357K(259584K)->259365K(259584K)
[1035.156s][info][gc,metaspace   ] GC(2868) Metaspace: 35567K(36352K)->35567K(36352K) NonClass: 29294K(29888K)->29294K(29888K) Class: 6272K(6464K)->6272K(6464K)
[1035.156s][info][gc             ] GC(2868) Pause Young (Allocation Failure) 532M->253M(533M) 1.239ms
[1035.156s][info][gc,cpu         ] GC(2868) User=0.00s Sys=0.00s Real=0.01s
[1035.619s][info][gc,start       ] GC(2869) Pause Young (Allocation Failure)
[1035.621s][info][gc,heap        ] GC(2869) PSYoungGen: 286272K(286720K)->64K(309760K) Eden: 286208K(286208K)->0K(287232K) From: 64K(512K)->64K(22528K)
[1035.621s][info][gc,heap        ] GC(2869) ParOldGen: 259365K(259584K)->259381K(259584K)
[1035.621s][info][gc,metaspace   ] GC(2869) Metaspace: 35567K(36352K)->35567K(36352K) NonClass: 29294K(29888K)->29294K(29888K) Class: 6272K(6464K)->6272K(6464K)
[1035.621s][info][gc             ] GC(2869) Pause Young (Allocation Failure) 532M->253M(556M) 1.337ms
[1035.621s][info][gc,cpu         ] GC(2869) User=0.00s Sys=0.00s Real=0.00s
[1035.840s][info][gc,start       ] GC(2870) Pause Young (Allocation Failure)
[1035.841s][info][gc,heap        ] GC(2870) PSYoungGen: 287296K(309760K)->64K(309248K) Eden: 287232K(287232K)->0K(287232K) From: 64K(22528K)->64K(22016K)
[1035.841s][info][gc,heap        ] GC(2870) ParOldGen: 259381K(259584K)->259397K(259584K)
[1035.841s][info][gc,metaspace   ] GC(2870) Metaspace: 35567K(36352K)->35567K(36352K) NonClass: 29294K(29888K)->29294K(29888K) Class: 6272K(6464K)->6272K(6464K)
[1035.841s][info][gc             ] GC(2870) Pause Young (Allocation Failure) 533M->253M(555M) 1.183ms
[1035.841s][info][gc,cpu         ] GC(2870) User=0.00s Sys=0.00s Real=0.00s
[1036.059s][info][gc,start       ] GC(2871) Pause Young (Allocation Failure)
[1036.060s][info][gc,heap        ] GC(2871) PSYoungGen: 287296K(309248K)->64K(310784K) Eden: 287232K(287232K)->0K(290304K) From: 64K(22016K)->64K(20480K)
[1036.060s][info][gc,heap        ] GC(2871) ParOldGen: 259397K(259584K)->259397K(259584K)
[1036.060s][info][gc,metaspace   ] GC(2871) Metaspace: 35567K(36352K)->35567K(36352K) NonClass: 29294K(29888K)->29294K(29888K) Class: 6272K(6464K)->6272K(6464K)
[1036.060s][info][gc             ] GC(2871) Pause Young (Allocation Failure) 533M->253M(557M) 1.186ms
[1036.060s][info][gc,cpu         ] GC(2871) User=0.00s Sys=0.00s Real=0.00s
[1036.405s][info][gc,start       ] GC(2872) Pause Young (Allocation Failure)
[1036.406s][info][gc,heap        ] GC(2872) PSYoungGen: 290368K(310784K)->64K(310272K) Eden: 290304K(290304K)->0K(290304K) From: 64K(20480K)->64K(19968K)
[1036.406s][info][gc,heap        ] GC(2872) ParOldGen: 259397K(259584K)->259397K(259584K)
[1036.406s][info][gc,metaspace   ] GC(2872) Metaspace: 35567K(36352K)->35567K(36352K) NonClass: 29294K(29888K)->29294K(29888K) Class: 6272K(6464K)->6272K(6464K)
[1036.406s][info][gc             ] GC(2872) Pause Young (Allocation Failure) 536M->253M(556M) 1.218ms
[1036.406s][info][gc,cpu         ] GC(2872) User=0.00s Sys=0.00s Real=0.01s
[1036.545s][info][gc,start       ] GC(2873) Pause Young (Allocation Failure)
[1036.546s][info][gc,heap        ] GC(2873) PSYoungGen: 290368K(310272K)->64K(312832K) Eden: 290304K(290304K)->0K(294400K) From: 64K(19968K)->64K(18432K)
[1036.546s][info][gc,heap        ] GC(2873) ParOldGen: 259397K(259584K)->259405K(259584K)
[1036.546s][info][gc,metaspace   ] GC(2873) Metaspace: 35567K(36352K)->35567K(36352K) NonClass: 29294K(29888K)->29294K(29888K) Class: 6272K(6464K)->6272K(6464K)
[1036.546s][info][gc             ] GC(2873) Pause Young (Allocation Failure) 536M->253M(559M) 1.138ms
[1036.546s][info][gc,cpu         ] GC(2873) User=0.01s Sys=0.00s Real=0.01s
[1036.604s][info][gc,start       ] GC(2874) Pause Young (Allocation Failure)
[1036.605s][info][gc,heap        ] GC(2874) PSYoungGen: 294464K(312832K)->64K(312320K) Eden: 294400K(294400K)->0K(294400K) From: 64K(18432K)->64K(17920K)
[1036.605s][info][gc,heap        ] GC(2874) ParOldGen: 259405K(259584K)->259421K(259584K)
[1036.605s][info][gc,metaspace   ] GC(2874) Metaspace: 35567K(36352K)->35567K(36352K) NonClass: 29294K(29888K)->29294K(29888K) Class: 6272K(6464K)->6272K(6464K)
[1036.605s][info][gc             ] GC(2874) Pause Young (Allocation Failure) 540M->253M(558M) 1.103ms
[1036.605s][info][gc,cpu         ] GC(2874) User=0.00s Sys=0.00s Real=0.00s
[1036.768s][info][gc,start       ] GC(2875) Pause Young (Allocation Failure)
[1036.769s][info][gc,heap        ] GC(2875) PSYoungGen: 294464K(312320K)->64K(314880K) Eden: 294400K(294400K)->0K(297984K) From: 64K(17920K)->64K(16896K)
[1036.769s][info][gc,heap        ] GC(2875) ParOldGen: 259421K(259584K)->259421K(259584K)
[1036.769s][info][gc,metaspace   ] GC(2875) Metaspace: 35567K(36352K)->35567K(36352K) NonClass: 29294K(29888K)->29294K(29888K) Class: 6272K(6464K)->6272K(6464K)
[1036.769s][info][gc             ] GC(2875) Pause Young (Allocation Failure) 540M->253M(561M) 1.117ms
[1036.769s][info][gc,cpu         ] GC(2875) User=0.01s Sys=0.00s Real=0.00s
[1037.124s][info][gc,start       ] GC(2876) Pause Young (Allocation Failure)
[1037.125s][info][gc,heap        ] GC(2876) PSYoungGen: 298048K(314880K)->64K(314368K) Eden: 297984K(297984K)->0K(297984K) From: 64K(16896K)->64K(16384K)
[1037.125s][info][gc,heap        ] GC(2876) ParOldGen: 259421K(259584K)->259429K(259584K)
[1037.125s][info][gc,metaspace   ] GC(2876) Metaspace: 35567K(36352K)->35567K(36352K) NonClass: 29294K(29888K)->29294K(29888K) Class: 6272K(6464K)->6272K(6464K)
[1037.125s][info][gc             ] GC(2876) Pause Young (Allocation Failure) 544M->253M(560M) 1.146ms
[1037.125s][info][gc,cpu         ] GC(2876) User=0.00s Sys=0.00s Real=0.00s
[1037.299s][info][gc,start       ] GC(2877) Pause Young (Allocation Failure)
[1037.300s][info][gc,heap        ] GC(2877) PSYoungGen: 298048K(314368K)->64K(316416K) Eden: 297984K(297984K)->0K(301568K) From: 64K(16384K)->64K(14848K)
[1037.300s][info][gc,heap        ] GC(2877) ParOldGen: 259429K(259584K)->259437K(259584K)
[1037.300s][info][gc,metaspace   ] GC(2877) Metaspace: 35567K(36352K)->35567K(36352K) NonClass: 29294K(29888K)->29294K(29888K) Class: 6272K(6464K)->6272K(6464K)
[1037.300s][info][gc             ] GC(2877) Pause Young (Allocation Failure) 544M->253M(562M) 1.211ms
[1037.300s][info][gc,cpu         ] GC(2877) User=0.00s Sys=0.00s Real=0.00s
[1037.383s][info][gc,start       ] GC(2878) Pause Young (Allocation Failure)
[1037.384s][info][gc,heap        ] GC(2878) PSYoungGen: 301632K(316416K)->64K(315904K) Eden: 301568K(301568K)->0K(301568K) From: 64K(14848K)->64K(14336K)
[1037.384s][info][gc,heap        ] GC(2878) ParOldGen: 259437K(259584K)->259453K(259584K)
[1037.384s][info][gc,metaspace   ] GC(2878) Metaspace: 35567K(36352K)->35567K(36352K) NonClass: 29294K(29888K)->29294K(29888K) Class: 6272K(6464K)->6272K(6464K)
[1037.384s][info][gc             ] GC(2878) Pause Young (Allocation Failure) 547M->253M(562M) 1.204ms
[1037.384s][info][gc,cpu         ] GC(2878) User=0.01s Sys=0.00s Real=0.00s
[1037.559s][info][gc,start       ] GC(2879) Pause Young (Allocation Failure)
[1037.560s][info][gc,heap        ] GC(2879) PSYoungGen: 301632K(315904K)->64K(318464K) Eden: 301568K(301568K)->0K(305152K) From: 64K(14336K)->64K(13312K)
[1037.560s][info][gc,heap        ] GC(2879) ParOldGen: 259453K(259584K)->259453K(259584K)
[1037.560s][info][gc,metaspace   ] GC(2879) Metaspace: 35567K(36352K)->35567K(36352K) NonClass: 29294K(29888K)->29294K(29888K) Class: 6272K(6464K)->6272K(6464K)
[1037.560s][info][gc             ] GC(2879) Pause Young (Allocation Failure) 547M->253M(564M) 1.205ms
[1037.560s][info][gc,cpu         ] GC(2879) User=0.00s Sys=0.00s Real=0.00s
[1037.991s][info][gc,start       ] GC(2880) Pause Young (Allocation Failure)
[1037.992s][info][gc,heap        ] GC(2880) PSYoungGen: 305216K(318464K)->64K(293376K) Eden: 305152K(305152K)->0K(292864K) From: 64K(13312K)->64K(512K)
[1037.992s][info][gc,heap        ] GC(2880) ParOldGen: 259453K(259584K)->259461K(259584K)
[1037.992s][info][gc,metaspace   ] GC(2880) Metaspace: 35567K(36352K)->35567K(36352K) NonClass: 29294K(29888K)->29294K(29888K) Class: 6272K(6464K)->6272K(6464K)
[1037.992s][info][gc             ] GC(2880) Pause Young (Allocation Failure) 551M->253M(540M) 1.224ms
[1037.992s][info][gc,cpu         ] GC(2880) User=0.00s Sys=0.00s Real=0.00s
[1039.217s][info][gc,start       ] GC(2881) Pause Young (Allocation Failure)
[1039.218s][info][gc,heap        ] GC(2881) PSYoungGen: 292928K(293376K)->64K(281600K) Eden: 292864K(292864K)->0K(281088K) From: 64K(512K)->64K(512K)
[1039.218s][info][gc,heap        ] GC(2881) ParOldGen: 259461K(259584K)->259469K(259584K)
[1039.218s][info][gc,metaspace   ] GC(2881) Metaspace: 35567K(36352K)->35567K(36352K) NonClass: 29294K(29888K)->29294K(29888K) Class: 6272K(6464K)->6272K(6464K)
[1039.219s][info][gc             ] GC(2881) Pause Young (Allocation Failure) 539M->253M(528M) 1.629ms
[1039.219s][info][gc,cpu         ] GC(2881) User=0.01s Sys=0.00s Real=0.00s
[1039.612s][info][gc,start       ] GC(2882) Pause Young (Allocation Failure)
[1039.614s][info][gc,heap        ] GC(2882) PSYoungGen: 281152K(281600K)->64K(281600K) Eden: 281088K(281088K)->0K(270336K) From: 64K(512K)->64K(11264K)
[1039.614s][info][gc,heap        ] GC(2882) ParOldGen: 259469K(259584K)->259477K(259584K)
[1039.614s][info][gc,metaspace   ] GC(2882) Metaspace: 35567K(36352K)->35567K(36352K) NonClass: 29294K(29888K)->29294K(29888K) Class: 6272K(6464K)->6272K(6464K)
[1039.614s][info][gc             ] GC(2882) Pause Young (Allocation Failure) 527M->253M(528M) 2.145ms
[1039.614s][info][gc,cpu         ] GC(2882) User=0.00s Sys=0.00s Real=0.00s
[1040.057s][info][gc,start       ] GC(2883) Pause Young (Allocation Failure)
[1040.060s][info][gc,heap        ] GC(2883) PSYoungGen: 270400K(281600K)->64K(260608K) Eden: 270336K(270336K)->0K(260096K) From: 64K(11264K)->64K(512K)
[1040.060s][info][gc,heap        ] GC(2883) ParOldGen: 259477K(259584K)->259485K(259584K)
[1040.060s][info][gc,metaspace   ] GC(2883) Metaspace: 35567K(36352K)->35567K(36352K) NonClass: 29294K(29888K)->29294K(29888K) Class: 6272K(6464K)->6272K(6464K)
[1040.060s][info][gc             ] GC(2883) Pause Young (Allocation Failure) 517M->253M(508M) 2.753ms
[1040.060s][info][gc,cpu         ] GC(2883) User=0.00s Sys=0.00s Real=0.00s
[1041.025s][info][gc,start       ] GC(2884) Pause Young (Allocation Failure)
[1041.027s][info][gc,heap        ] GC(2884) PSYoungGen: 260160K(260608K)->64K(260096K) Eden: 260096K(260096K)->0K(250368K) From: 64K(512K)->64K(9728K)
[1041.027s][info][gc,heap        ] GC(2884) ParOldGen: 259485K(259584K)->259493K(259584K)
[1041.027s][info][gc,metaspace   ] GC(2884) Metaspace: 35567K(36352K)->35567K(36352K) NonClass: 29294K(29888K)->29294K(29888K) Class: 6272K(6464K)->6272K(6464K)
[1041.027s][info][gc             ] GC(2884) Pause Young (Allocation Failure) 507M->253M(507M) 2.033ms
[1041.027s][info][gc,cpu         ] GC(2884) User=0.01s Sys=0.00s Real=0.01s
[1041.414s][info][gc,start       ] GC(2885) Pause Young (Allocation Failure)
[1041.416s][info][gc,heap        ] GC(2885) PSYoungGen: 250432K(260096K)->64K(241152K) Eden: 250368K(250368K)->0K(240640K) From: 64K(9728K)->64K(512K)
[1041.416s][info][gc,heap        ] GC(2885) ParOldGen: 259493K(259584K)->259501K(259584K)
[1041.416s][info][gc,metaspace   ] GC(2885) Metaspace: 35567K(36352K)->35567K(36352K) NonClass: 29294K(29888K)->29294K(29888K) Class: 6272K(6464K)->6272K(6464K)
[1041.416s][info][gc             ] GC(2885) Pause Young (Allocation Failure) 497M->253M(489M) 2.703ms
[1041.416s][info][gc,cpu         ] GC(2885) User=0.00s Sys=0.00s Real=0.01s
[1041.618s][info][gc,start       ] GC(2886) Pause Young (Allocation Failure)
[1041.620s][info][gc,heap        ] GC(2886) PSYoungGen: 240704K(241152K)->64K(240128K) Eden: 240640K(240640K)->0K(231424K) From: 64K(512K)->64K(8704K)
[1041.620s][info][gc,heap        ] GC(2886) ParOldGen: 259501K(259584K)->259509K(259584K)
[1041.620s][info][gc,metaspace   ] GC(2886) Metaspace: 35567K(36352K)->35567K(36352K) NonClass: 29294K(29888K)->29294K(29888K) Class: 6272K(6464K)->6272K(6464K)
[1041.620s][info][gc             ] GC(2886) Pause Young (Allocation Failure) 488M->253M(488M) 1.940ms
[1041.620s][info][gc,cpu         ] GC(2886) User=0.00s Sys=0.00s Real=0.00s
[1041.686s][info][gc,start       ] GC(2887) Pause Young (Allocation Failure)
[1041.688s][info][gc,heap        ] GC(2887) PSYoungGen: 231488K(240128K)->32K(281088K) Eden: 231424K(231424K)->0K(273920K) From: 64K(8704K)->32K(7168K)
[1041.688s][info][gc,heap        ] GC(2887) ParOldGen: 259509K(259584K)->259517K(259584K)
[1041.688s][info][gc,metaspace   ] GC(2887) Metaspace: 35567K(36352K)->35567K(36352K) NonClass: 29294K(29888K)->29294K(29888K) Class: 6272K(6464K)->6272K(6464K)
[1041.688s][info][gc             ] GC(2887) Pause Young (Allocation Failure) 479M->253M(528M) 1.643ms
[1041.688s][info][gc,cpu         ] GC(2887) User=0.00s Sys=0.00s Real=0.00s
[1042.265s][info][gc,start       ] GC(2888) Pause Young (Allocation Failure)
[1042.267s][info][gc,heap        ] GC(2888) PSYoungGen: 273952K(281088K)->64K(263680K) Eden: 273920K(273920K)->0K(263168K) From: 32K(7168K)->64K(512K)
[1042.267s][info][gc,heap        ] GC(2888) ParOldGen: 259517K(259584K)->259525K(259584K)
[1042.267s][info][gc,metaspace   ] GC(2888) Metaspace: 35567K(36352K)->35567K(36352K) NonClass: 29294K(29888K)->29294K(29888K) Class: 6272K(6464K)->6272K(6464K)
[1042.267s][info][gc             ] GC(2888) Pause Young (Allocation Failure) 520M->253M(511M) 1.873ms
[1042.267s][info][gc,cpu         ] GC(2888) User=0.00s Sys=0.01s Real=0.00s
[1042.556s][info][gc,start       ] GC(2889) Pause Young (Allocation Failure)
[1042.558s][info][gc,heap        ] GC(2889) PSYoungGen: 263232K(263680K)->64K(253440K) Eden: 263168K(263168K)->0K(252928K) From: 64K(512K)->64K(512K)
[1042.558s][info][gc,heap        ] GC(2889) ParOldGen: 259525K(259584K)->259533K(259584K)
[1042.558s][info][gc,metaspace   ] GC(2889) Metaspace: 35567K(36352K)->35567K(36352K) NonClass: 29294K(29888K)->29294K(29888K) Class: 6272K(6464K)->6272K(6464K)
[1042.558s][info][gc             ] GC(2889) Pause Young (Allocation Failure) 510M->253M(501M) 1.842ms
[1042.558s][info][gc,cpu         ] GC(2889) User=0.00s Sys=0.00s Real=0.00s
[1042.911s][info][gc,start       ] GC(2890) Pause Young (Allocation Failure)
[1042.944s][info][gc,heap        ] GC(2890) PSYoungGen: 252992K(253440K)->6144K(269312K) Eden: 252928K(252928K)->0K(263168K) From: 64K(512K)->6144K(6144K)
[1042.944s][info][gc,heap        ] GC(2890) ParOldGen: 259533K(259584K)->270693K(270848K)
[1042.944s][info][gc,metaspace   ] GC(2890) Metaspace: 35567K(36352K)->35567K(36352K) NonClass: 29294K(29888K)->29294K(29888K) Class: 6272K(6464K)->6272K(6464K)
[1042.944s][info][gc             ] GC(2890) Pause Young (Allocation Failure) 500M->270M(527M) 33.785ms
[1042.944s][info][gc,cpu         ] GC(2890) User=0.06s Sys=0.00s Real=0.03s
[1043.216s][info][gc,start       ] GC(2891) Pause Young (Allocation Failure)
[1043.279s][info][gc,heap        ] GC(2891) PSYoungGen: 269312K(269312K)->11776K(304640K) Eden: 263168K(263168K)->0K(292864K) From: 6144K(6144K)->11776K(11776K)
[1043.279s][info][gc,heap        ] GC(2891) ParOldGen: 270693K(270848K)->287093K(287232K)
[1043.279s][info][gc,metaspace   ] GC(2891) Metaspace: 35567K(36352K)->35567K(36352K) NonClass: 29294K(29888K)->29294K(29888K) Class: 6272K(6464K)->6272K(6464K)
[1043.279s][info][gc             ] GC(2891) Pause Young (Allocation Failure) 527M->291M(578M) 63.010ms
[1043.279s][info][gc,cpu         ] GC(2891) User=0.10s Sys=0.02s Real=0.06s
[1043.545s][info][gc,start       ] GC(2892) Pause Young (Allocation Failure)
[1043.600s][info][gc,heap        ] GC(2892) PSYoungGen: 304640K(304640K)->20480K(313344K) Eden: 292864K(292864K)->0K(292864K) From: 11776K(11776K)->20480K(20480K)
[1043.600s][info][gc,heap        ] GC(2892) ParOldGen: 287093K(287232K)->291085K(291328K)
[1043.600s][info][gc,metaspace   ] GC(2892) Metaspace: 35567K(36352K)->35567K(36352K) NonClass: 29294K(29888K)->29294K(29888K) Class: 6272K(6464K)->6272K(6464K)
[1043.600s][info][gc             ] GC(2892) Pause Young (Allocation Failure) 577M->304M(590M) 55.161ms
[1043.600s][info][gc,cpu         ] GC(2892) User=0.09s Sys=0.02s Real=0.06s
[1043.787s][info][gc,start       ] GC(2893) Pause Young (Allocation Failure)
[1043.790s][info][gc,heap        ] GC(2893) PSYoungGen: 313344K(313344K)->32K(303104K) Eden: 292864K(292864K)->0K(282624K) From: 20480K(20480K)->32K(20480K)
[1043.790s][info][gc,heap        ] GC(2893) ParOldGen: 291085K(291328K)->291221K(291328K)
[1043.790s][info][gc,metaspace   ] GC(2893) Metaspace: 35567K(36352K)->35567K(36352K) NonClass: 29294K(29888K)->29294K(29888K) Class: 6272K(6464K)->6272K(6464K)
[1043.790s][info][gc             ] GC(2893) Pause Young (Allocation Failure) 590M->284M(580M) 3.150ms
[1043.790s][info][gc,cpu         ] GC(2893) User=0.00s Sys=0.00s Real=0.00s
[1044.538s][info][gc,start       ] GC(2894) Pause Young (Allocation Failure)
[1044.539s][info][gc,heap        ] GC(2894) PSYoungGen: 282656K(303104K)->64K(308224K) Eden: 282624K(282624K)->0K(282624K) From: 32K(20480K)->64K(25600K)
[1044.539s][info][gc,heap        ] GC(2894) ParOldGen: 291221K(291328K)->291237K(291328K)
[1044.539s][info][gc,metaspace   ] GC(2894) Metaspace: 35567K(36352K)->35567K(36352K) NonClass: 29294K(29888K)->29294K(29888K) Class: 6272K(6464K)->6272K(6464K)
[1044.539s][info][gc             ] GC(2894) Pause Young (Allocation Failure) 560M->284M(585M) 1.258ms
[1044.539s][info][gc,cpu         ] GC(2894) User=0.00s Sys=0.00s Real=0.00s
[1044.825s][info][gc,start       ] GC(2895) Pause Young (Allocation Failure)
[1044.826s][info][gc,heap        ] GC(2895) PSYoungGen: 282688K(308224K)->64K(305152K) Eden: 282624K(282624K)->0K(283648K) From: 64K(25600K)->64K(21504K)
[1044.826s][info][gc,heap        ] GC(2895) ParOldGen: 291237K(291328K)->291237K(291328K)
[1044.826s][info][gc,metaspace   ] GC(2895) Metaspace: 35567K(36352K)->35567K(36352K) NonClass: 29294K(29888K)->29294K(29888K) Class: 6272K(6464K)->6272K(6464K)
[1044.826s][info][gc             ] GC(2895) Pause Young (Allocation Failure) 560M->284M(582M) 1.310ms
[1044.826s][info][gc,cpu         ] GC(2895) User=0.01s Sys=0.00s Real=0.01s
[1045.321s][info][gc,start       ] GC(2896) Pause Young (Allocation Failure)
[1045.322s][info][gc,heap        ] GC(2896) PSYoungGen: 283712K(305152K)->64K(307200K) Eden: 283648K(283648K)->0K(283648K) From: 64K(21504K)->64K(23552K)
[1045.322s][info][gc,heap        ] GC(2896) ParOldGen: 291237K(291328K)->291253K(291328K)
[1045.322s][info][gc,metaspace   ] GC(2896) Metaspace: 35567K(36352K)->35567K(36352K) NonClass: 29294K(29888K)->29294K(29888K) Class: 6272K(6464K)->6272K(6464K)
[1045.322s][info][gc             ] GC(2896) Pause Young (Allocation Failure) 561M->284M(584M) 1.410ms
[1045.322s][info][gc,cpu         ] GC(2896) User=0.00s Sys=0.00s Real=0.00s
[1045.542s][info][gc,start       ] GC(2897) Pause Young (Allocation Failure)
[1045.543s][info][gc,heap        ] GC(2897) PSYoungGen: 283712K(307200K)->64K(307200K) Eden: 283648K(283648K)->0K(287744K) From: 64K(23552K)->64K(19456K)
[1045.543s][info][gc,heap        ] GC(2897) ParOldGen: 291253K(291328K)->291269K(291328K)
[1045.543s][info][gc,metaspace   ] GC(2897) Metaspace: 35567K(36352K)->35567K(36352K) NonClass: 29294K(29888K)->29294K(29888K) Class: 6272K(6464K)->6272K(6464K)
[1045.543s][info][gc             ] GC(2897) Pause Young (Allocation Failure) 561M->284M(584M) 1.357ms
[1045.543s][info][gc,cpu         ] GC(2897) User=0.00s Sys=0.00s Real=0.00s
[1045.769s][info][gc,start       ] GC(2898) Pause Young (Allocation Failure)
[1045.771s][info][gc,heap        ] GC(2898) PSYoungGen: 287808K(307200K)->64K(309248K) Eden: 287744K(287744K)->0K(287744K) From: 64K(19456K)->64K(21504K)
[1045.771s][info][gc,heap        ] GC(2898) ParOldGen: 291269K(291328K)->291269K(291328K)
[1045.771s][info][gc,metaspace   ] GC(2898) Metaspace: 35567K(36352K)->35567K(36352K) NonClass: 29294K(29888K)->29294K(29888K) Class: 6272K(6464K)->6272K(6464K)
[1045.771s][info][gc             ] GC(2898) Pause Young (Allocation Failure) 565M->284M(586M) 1.324ms
[1045.771s][info][gc,cpu         ] GC(2898) User=0.00s Sys=0.00s Real=0.00s
[1046.086s][info][gc,start       ] GC(2899) Pause Young (Allocation Failure)
[1046.088s][info][gc,heap        ] GC(2899) PSYoungGen: 287808K(309248K)->64K(309248K) Eden: 287744K(287744K)->0K(291840K) From: 64K(21504K)->64K(17408K)
[1046.088s][info][gc,heap        ] GC(2899) ParOldGen: 291269K(291328K)->291269K(291328K)
[1046.088s][info][gc,metaspace   ] GC(2899) Metaspace: 35567K(36352K)->35567K(36352K) NonClass: 29294K(29888K)->29294K(29888K) Class: 6272K(6464K)->6272K(6464K)
[1046.088s][info][gc             ] GC(2899) Pause Young (Allocation Failure) 565M->284M(586M) 1.367ms
[1046.088s][info][gc,cpu         ] GC(2899) User=0.00s Sys=0.00s Real=0.00s
[1046.143s][info][gc,start       ] GC(2900) Pause Young (Allocation Failure)
[1046.144s][info][gc,heap        ] GC(2900) PSYoungGen: 291904K(309248K)->64K(311296K) Eden: 291840K(291840K)->0K(291840K) From: 64K(17408K)->64K(19456K)
[1046.144s][info][gc,heap        ] GC(2900) ParOldGen: 291269K(291328K)->291285K(291328K)
[1046.144s][info][gc,metaspace   ] GC(2900) Metaspace: 35567K(36352K)->35567K(36352K) NonClass: 29294K(29888K)->29294K(29888K) Class: 6272K(6464K)->6272K(6464K)
[1046.144s][info][gc             ] GC(2900) Pause Young (Allocation Failure) 569M->284M(588M) 1.263ms
[1046.144s][info][gc,cpu         ] GC(2900) User=0.01s Sys=0.00s Real=0.00s
[1046.209s][info][gc,start       ] GC(2901) Pause Young (Allocation Failure)
[1046.210s][info][gc,heap        ] GC(2901) PSYoungGen: 291904K(311296K)->64K(311296K) Eden: 291840K(291840K)->0K(295936K) From: 64K(19456K)->64K(15360K)
[1046.210s][info][gc,heap        ] GC(2901) ParOldGen: 291285K(291328K)->291285K(291328K)
[1046.210s][info][gc,metaspace   ] GC(2901) Metaspace: 35567K(36352K)->35567K(36352K) NonClass: 29294K(29888K)->29294K(29888K) Class: 6272K(6464K)->6272K(6464K)
[1046.210s][info][gc             ] GC(2901) Pause Young (Allocation Failure) 569M->284M(588M) 1.251ms
[1046.210s][info][gc,cpu         ] GC(2901) User=0.00s Sys=0.00s Real=0.00s
[1046.564s][info][gc,start       ] GC(2902) Pause Young (Allocation Failure)
[1046.565s][info][gc,heap        ] GC(2902) PSYoungGen: 296000K(311296K)->32K(313344K) Eden: 295936K(295936K)->0K(295936K) From: 64K(15360K)->32K(17408K)
[1046.565s][info][gc,heap        ] GC(2902) ParOldGen: 291285K(291328K)->291301K(291328K)
[1046.565s][info][gc,metaspace   ] GC(2902) Metaspace: 35567K(36352K)->35567K(36352K) NonClass: 29294K(29888K)->29294K(29888K) Class: 6272K(6464K)->6272K(6464K)
[1046.565s][info][gc             ] GC(2902) Pause Young (Allocation Failure) 573M->284M(590M) 1.273ms
[1046.565s][info][gc,cpu         ] GC(2902) User=0.00s Sys=0.00s Real=0.01s
[1046.818s][info][gc,start       ] GC(2903) Pause Young (Allocation Failure)
[1046.819s][info][gc,heap        ] GC(2903) PSYoungGen: 295968K(313344K)->64K(313344K) Eden: 295936K(295936K)->0K(300032K) From: 32K(17408K)->64K(13312K)
[1046.819s][info][gc,heap        ] GC(2903) ParOldGen: 291301K(291328K)->291301K(291328K)
[1046.819s][info][gc,metaspace   ] GC(2903) Metaspace: 35567K(36352K)->35567K(36352K) NonClass: 29294K(29888K)->29294K(29888K) Class: 6272K(6464K)->6272K(6464K)
[1046.819s][info][gc             ] GC(2903) Pause Young (Allocation Failure) 573M->284M(590M) 1.307ms
[1046.819s][info][gc,cpu         ] GC(2903) User=0.00s Sys=0.00s Real=0.00s
[1046.910s][info][gc,start       ] GC(2904) Pause Young (Allocation Failure)
[1046.911s][info][gc,heap        ] GC(2904) PSYoungGen: 300096K(313344K)->64K(315392K) Eden: 300032K(300032K)->0K(300032K) From: 64K(13312K)->64K(15360K)
[1046.911s][info][gc,heap        ] GC(2904) ParOldGen: 291301K(291328K)->291309K(291328K)
[1046.911s][info][gc,metaspace   ] GC(2904) Metaspace: 35567K(36352K)->35567K(36352K) NonClass: 29294K(29888K)->29294K(29888K) Class: 6272K(6464K)->6272K(6464K)
[1046.911s][info][gc             ] GC(2904) Pause Young (Allocation Failure) 577M->284M(592M) 1.249ms
[1046.911s][info][gc,cpu         ] GC(2904) User=0.00s Sys=0.00s Real=0.00s
[1047.045s][info][gc,start       ] GC(2905) Pause Young (Allocation Failure)
[1047.047s][info][gc,heap        ] GC(2905) PSYoungGen: 300096K(315392K)->64K(316416K) Eden: 300032K(300032K)->0K(304128K) From: 64K(15360K)->64K(12288K)
[1047.047s][info][gc,heap        ] GC(2905) ParOldGen: 291309K(291328K)->291317K(291328K)
[1047.047s][info][gc,metaspace   ] GC(2905) Metaspace: 35567K(36352K)->35567K(36352K) NonClass: 29294K(29888K)->29294K(29888K) Class: 6272K(6464K)->6272K(6464K)
[1047.047s][info][gc             ] GC(2905) Pause Young (Allocation Failure) 577M->284M(593M) 1.319ms
[1047.047s][info][gc,cpu         ] GC(2905) User=0.01s Sys=0.00s Real=0.00s
[1047.425s][info][gc,start       ] GC(2906) Pause Young (Allocation Failure)
[1047.427s][info][gc,heap        ] GC(2906) PSYoungGen: 304192K(316416K)->64K(292352K) Eden: 304128K(304128K)->0K(291840K) From: 64K(12288K)->64K(512K)
[1047.427s][info][gc,heap        ] GC(2906) ParOldGen: 291317K(291328K)->291325K(291328K)
[1047.427s][info][gc,metaspace   ] GC(2906) Metaspace: 35567K(36352K)->35567K(36352K) NonClass: 29294K(29888K)->29294K(29888K) Class: 6272K(6464K)->6272K(6464K)
[1047.427s][info][gc             ] GC(2906) Pause Young (Allocation Failure) 581M->284M(570M) 1.772ms
[1047.427s][info][gc,cpu         ] GC(2906) User=0.00s Sys=0.00s Real=0.00s
[1048.158s][info][gc,start       ] GC(2907) Pause Young (Allocation Failure)
[1048.160s][info][gc,heap        ] GC(2907) PSYoungGen: 291904K(292352K)->64K(281088K) Eden: 291840K(291840K)->0K(280576K) From: 64K(512K)->64K(512K)
[1048.160s][info][gc,heap        ] GC(2907) ParOldGen: 291325K(291328K)->291333K(291840K)
[1048.161s][info][gc,metaspace   ] GC(2907) Metaspace: 35567K(36352K)->35567K(36352K) NonClass: 29294K(29888K)->29294K(29888K) Class: 6272K(6464K)->6272K(6464K)
[1048.161s][info][gc             ] GC(2907) Pause Young (Allocation Failure) 569M->284M(559M) 2.085ms
[1048.161s][info][gc,cpu         ] GC(2907) User=0.01s Sys=0.00s Real=0.00s
[1049.098s][info][gc,start       ] GC(2908) Pause Young (Allocation Failure)
[1049.099s][info][gc,heap        ] GC(2908) PSYoungGen: 280640K(281088K)->64K(281600K) Eden: 280576K(280576K)->0K(269824K) From: 64K(512K)->64K(11776K)
[1049.099s][info][gc,heap        ] GC(2908) ParOldGen: 291333K(291840K)->291341K(291840K)
[1049.099s][info][gc,metaspace   ] GC(2908) Metaspace: 35567K(36352K)->35567K(36352K) NonClass: 29294K(29888K)->29294K(29888K) Class: 6272K(6464K)->6272K(6464K)
[1049.099s][info][gc             ] GC(2908) Pause Young (Allocation Failure) 558M->284M(560M) 1.212ms
[1049.099s][info][gc,cpu         ] GC(2908) User=0.00s Sys=0.00s Real=0.00s
[1049.478s][info][gc,start       ] GC(2909) Pause Young (Allocation Failure)
[1049.480s][info][gc,heap        ] GC(2909) PSYoungGen: 269888K(281600K)->64K(260096K) Eden: 269824K(269824K)->0K(259584K) From: 64K(11776K)->64K(512K)
[1049.480s][info][gc,heap        ] GC(2909) ParOldGen: 291341K(291840K)->291349K(291840K)
[1049.480s][info][gc,metaspace   ] GC(2909) Metaspace: 35567K(36352K)->35567K(36352K) NonClass: 29294K(29888K)->29294K(29888K) Class: 6272K(6464K)->6272K(6464K)
[1049.480s][info][gc             ] GC(2909) Pause Young (Allocation Failure) 548M->284M(539M) 2.124ms
[1049.480s][info][gc,cpu         ] GC(2909) User=0.00s Sys=0.00s Real=0.00s
[1049.808s][info][gc,start       ] GC(2910) Pause Young (Allocation Failure)
[1049.810s][info][gc,heap        ] GC(2910) PSYoungGen: 259648K(260096K)->64K(260096K) Eden: 259584K(259584K)->0K(249856K) From: 64K(512K)->64K(10240K)
[1049.810s][info][gc,heap        ] GC(2910) ParOldGen: 291349K(291840K)->291357K(291840K)
[1049.810s][info][gc,metaspace   ] GC(2910) Metaspace: 35567K(36352K)->35567K(36352K) NonClass: 29294K(29888K)->29294K(29888K) Class: 6272K(6464K)->6272K(6464K)
[1049.810s][info][gc             ] GC(2910) Pause Young (Allocation Failure) 538M->284M(539M) 1.379ms
[1049.810s][info][gc,cpu         ] GC(2910) User=0.00s Sys=0.00s Real=0.00s
[1050.748s][info][gc,start       ] GC(2911) Pause Young (Allocation Failure)
[1050.751s][info][gc,heap        ] GC(2911) PSYoungGen: 249920K(260096K)->64K(241152K) Eden: 249856K(249856K)->0K(240640K) From: 64K(10240K)->64K(512K)
[1050.751s][info][gc,heap        ] GC(2911) ParOldGen: 291357K(291840K)->291365K(291840K)
[1050.751s][info][gc,metaspace   ] GC(2911) Metaspace: 35567K(36352K)->35567K(36352K) NonClass: 29294K(29888K)->29294K(29888K) Class: 6272K(6464K)->6272K(6464K)
[1050.751s][info][gc             ] GC(2911) Pause Young (Allocation Failure) 528M->284M(520M) 3.198ms
[1050.751s][info][gc,cpu         ] GC(2911) User=0.00s Sys=0.00s Real=0.00s
[1051.087s][info][gc,start       ] GC(2912) Pause Young (Allocation Failure)
[1051.089s][info][gc,heap        ] GC(2912) PSYoungGen: 240704K(241152K)->64K(240640K) Eden: 240640K(240640K)->0K(231424K) From: 64K(512K)->64K(9216K)
[1051.089s][info][gc,heap        ] GC(2912) ParOldGen: 291365K(291840K)->291373K(291840K)
[1051.089s][info][gc,metaspace   ] GC(2912) Metaspace: 35567K(36352K)->35567K(36352K) NonClass: 29294K(29888K)->29294K(29888K) Class: 6272K(6464K)->6272K(6464K)
[1051.089s][info][gc             ] GC(2912) Pause Young (Allocation Failure) 519M->284M(520M) 2.157ms
[1051.089s][info][gc,cpu         ] GC(2912) User=0.00s Sys=0.00s Real=0.00s
[1051.227s][info][gc,start       ] GC(2913) Pause Young (Allocation Failure)
[1051.230s][info][gc,heap        ] GC(2913) PSYoungGen: 231488K(240640K)->64K(223232K) Eden: 231424K(231424K)->0K(222720K) From: 64K(9216K)->64K(512K)
[1051.230s][info][gc,heap        ] GC(2913) ParOldGen: 291373K(291840K)->291381K(291840K)
[1051.230s][info][gc,metaspace   ] GC(2913) Metaspace: 35567K(36352K)->35567K(36352K) NonClass: 29294K(29888K)->29294K(29888K) Class: 6272K(6464K)->6272K(6464K)
[1051.230s][info][gc             ] GC(2913) Pause Young (Allocation Failure) 510M->284M(503M) 2.845ms
[1051.230s][info][gc,cpu         ] GC(2913) User=0.00s Sys=0.00s Real=0.00s
[1051.411s][info][gc,start       ] GC(2914) Pause Young (Allocation Failure)
[1051.413s][info][gc,heap        ] GC(2914) PSYoungGen: 222784K(223232K)->64K(222208K) Eden: 222720K(222720K)->0K(214528K) From: 64K(512K)->64K(7680K)
[1051.413s][info][gc,heap        ] GC(2914) ParOldGen: 291381K(291840K)->291389K(291840K)
[1051.413s][info][gc,metaspace   ] GC(2914) Metaspace: 35567K(36352K)->35567K(36352K) NonClass: 29294K(29888K)->29294K(29888K) Class: 6272K(6464K)->6272K(6464K)
[1051.413s][info][gc             ] GC(2914) Pause Young (Allocation Failure) 502M->284M(502M) 2.122ms
[1051.413s][info][gc,cpu         ] GC(2914) User=0.00s Sys=0.00s Real=0.00s
[1051.944s][info][gc,start       ] GC(2915) Pause Young (Allocation Failure)
[1051.947s][info][gc,heap        ] GC(2915) PSYoungGen: 214592K(222208K)->64K(207360K) Eden: 214528K(214528K)->0K(206848K) From: 64K(7680K)->64K(512K)
[1051.947s][info][gc,heap        ] GC(2915) ParOldGen: 291389K(291840K)->291405K(291840K)
[1051.947s][info][gc,metaspace   ] GC(2915) Metaspace: 35567K(36352K)->35567K(36352K) NonClass: 29294K(29888K)->29294K(29888K) Class: 6272K(6464K)->6272K(6464K)
[1051.947s][info][gc             ] GC(2915) Pause Young (Allocation Failure) 494M->284M(487M) 2.677ms
[1051.947s][info][gc,cpu         ] GC(2915) User=0.00s Sys=0.00s Real=0.01s
[1052.137s][info][gc,start       ] GC(2916) Pause Young (Allocation Failure)
[1052.139s][info][gc,heap        ] GC(2916) PSYoungGen: 206912K(207360K)->32K(205824K) Eden: 206848K(206848K)->0K(199168K) From: 64K(512K)->32K(6656K)
[1052.139s][info][gc,heap        ] GC(2916) ParOldGen: 291405K(291840K)->291421K(291840K)
[1052.139s][info][gc,metaspace   ] GC(2916) Metaspace: 35567K(36352K)->35567K(36352K) NonClass: 29294K(29888K)->29294K(29888K) Class: 6272K(6464K)->6272K(6464K)
[1052.139s][info][gc             ] GC(2916) Pause Young (Allocation Failure) 486M->284M(486M) 1.766ms
[1052.139s][info][gc,cpu         ] GC(2916) User=0.00s Sys=0.00s Real=0.00s
[1052.441s][info][gc,start       ] GC(2917) Pause Young (Allocation Failure)
[1052.467s][info][gc,heap        ] GC(2917) PSYoungGen: 199200K(205824K)->6144K(244224K) Eden: 199168K(199168K)->0K(238080K) From: 32K(6656K)->6144K(6144K)
[1052.467s][info][gc,heap        ] GC(2917) ParOldGen: 291421K(291840K)->296717K(296960K)
[1052.467s][info][gc,metaspace   ] GC(2917) Metaspace: 35567K(36352K)->35567K(36352K) NonClass: 29294K(29888K)->29294K(29888K) Class: 6272K(6464K)->6272K(6464K)
[1052.467s][info][gc             ] GC(2917) Pause Young (Allocation Failure) 479M->295M(528M) 26.383ms
[1052.467s][info][gc,cpu         ] GC(2917) User=0.04s Sys=0.00s Real=0.03s
[1052.714s][info][gc,start       ] GC(2918) Pause Young (Allocation Failure)
[1052.765s][info][gc,heap        ] GC(2918) PSYoungGen: 244224K(244224K)->9728K(263680K) Eden: 238080K(238080K)->0K(253952K) From: 6144K(6144K)->9728K(9728K)
[1052.765s][info][gc,heap        ] GC(2918) ParOldGen: 296717K(296960K)->312301K(312320K)
[1052.765s][info][gc,metaspace   ] GC(2918) Metaspace: 35567K(36352K)->35567K(36352K) NonClass: 29294K(29888K)->29294K(29888K) Class: 6272K(6464K)->6272K(6464K)
[1052.765s][info][gc             ] GC(2918) Pause Young (Allocation Failure) 528M->314M(562M) 50.395ms
[1052.765s][info][gc,cpu         ] GC(2918) User=0.09s Sys=0.02s Real=0.05s
[1053.031s][info][gc,start       ] GC(2919) Pause Young (Allocation Failure)
[1053.092s][info][gc,heap        ] GC(2919) PSYoungGen: 263680K(263680K)->17920K(295936K) Eden: 253952K(253952K)->0K(278016K) From: 9728K(9728K)->17920K(17920K)
[1053.092s][info][gc,heap        ] GC(2919) ParOldGen: 312301K(312320K)->321725K(322048K)
[1053.092s][info][gc,metaspace   ] GC(2919) Metaspace: 35567K(36352K)->35567K(36352K) NonClass: 29294K(29888K)->29294K(29888K) Class: 6272K(6464K)->6272K(6464K)
[1053.092s][info][gc             ] GC(2919) Pause Young (Allocation Failure) 562M->331M(603M) 60.793ms
[1053.092s][info][gc,cpu         ] GC(2919) User=0.10s Sys=0.02s Real=0.06s
[1053.215s][info][gc,start       ] GC(2920) Pause Young (Allocation Failure)
[1053.230s][info][gc,heap        ] GC(2920) PSYoungGen: 295936K(295936K)->5664K(303104K) Eden: 278016K(278016K)->0K(278016K) From: 17920K(17920K)->5664K(25088K)
[1053.230s][info][gc,heap        ] GC(2920) ParOldGen: 321725K(322048K)->322061K(322560K)
[1053.230s][info][gc,metaspace   ] GC(2920) Metaspace: 35567K(36352K)->35567K(36352K) NonClass: 29294K(29888K)->29294K(29888K) Class: 6272K(6464K)->6272K(6464K)
[1053.230s][info][gc             ] GC(2920) Pause Young (Allocation Failure) 603M->320M(611M) 14.714ms
[1053.230s][info][gc,cpu         ] GC(2920) User=0.02s Sys=0.01s Real=0.02s
[1053.729s][info][gc,start       ] GC(2921) Pause Young (Allocation Failure)
[1053.730s][info][gc,heap        ] GC(2921) PSYoungGen: 283680K(303104K)->64K(305664K) Eden: 278016K(278016K)->0K(285696K) From: 5664K(25088K)->64K(19968K)
[1053.730s][info][gc,heap        ] GC(2921) ParOldGen: 322061K(322560K)->322069K(322560K)
[1053.730s][info][gc,metaspace   ] GC(2921) Metaspace: 35567K(36352K)->35567K(36352K) NonClass: 29294K(29888K)->29294K(29888K) Class: 6272K(6464K)->6272K(6464K)
[1053.730s][info][gc             ] GC(2921) Pause Young (Allocation Failure) 591M->314M(613M) 1.363ms
[1053.730s][info][gc,cpu         ] GC(2921) User=0.00s Sys=0.00s Real=0.00s
[1054.295s][info][gc,start       ] GC(2922) Pause Young (Allocation Failure)
[1054.296s][info][gc,heap        ] GC(2922) PSYoungGen: 285760K(305664K)->64K(308224K) Eden: 285696K(285696K)->0K(285696K) From: 64K(19968K)->64K(22528K)
[1054.296s][info][gc,heap        ] GC(2922) ParOldGen: 322069K(322560K)->322077K(322560K)
[1054.296s][info][gc,metaspace   ] GC(2922) Metaspace: 35567K(36352K)->35567K(36352K) NonClass: 29294K(29888K)->29294K(29888K) Class: 6272K(6464K)->6272K(6464K)
[1054.296s][info][gc             ] GC(2922) Pause Young (Allocation Failure) 593M->314M(616M) 1.433ms
[1054.296s][info][gc,cpu         ] GC(2922) User=0.00s Sys=0.00s Real=0.01s
[1054.737s][info][gc,start       ] GC(2923) Pause Young (Allocation Failure)
[1054.738s][info][gc,heap        ] GC(2923) PSYoungGen: 285760K(308224K)->64K(308736K) Eden: 285696K(285696K)->0K(289280K) From: 64K(22528K)->64K(19456K)
[1054.738s][info][gc,heap        ] GC(2923) ParOldGen: 322077K(322560K)->322093K(322560K)
[1054.738s][info][gc,metaspace   ] GC(2923) Metaspace: 35567K(36352K)->35567K(36352K) NonClass: 29294K(29888K)->29294K(29888K) Class: 6272K(6464K)->6272K(6464K)
[1054.738s][info][gc             ] GC(2923) Pause Young (Allocation Failure) 593M->314M(616M) 1.423ms
[1054.738s][info][gc,cpu         ] GC(2923) User=0.01s Sys=0.00s Real=0.00s
[1054.962s][info][gc,start       ] GC(2924) Pause Young (Allocation Failure)
[1054.963s][info][gc,heap        ] GC(2924) PSYoungGen: 289344K(308736K)->64K(310272K) Eden: 289280K(289280K)->0K(289280K) From: 64K(19456K)->64K(20992K)
[1054.963s][info][gc,heap        ] GC(2924) ParOldGen: 322093K(322560K)->322109K(322560K)
[1054.963s][info][gc,metaspace   ] GC(2924) Metaspace: 35567K(36352K)->35567K(36352K) NonClass: 29294K(29888K)->29294K(29888K) Class: 6272K(6464K)->6272K(6464K)
[1054.963s][info][gc             ] GC(2924) Pause Young (Allocation Failure) 597M->314M(618M) 1.369ms
[1054.963s][info][gc,cpu         ] GC(2924) User=0.01s Sys=0.00s Real=0.00s
[1055.183s][info][gc,start       ] GC(2925) Pause Young (Allocation Failure)
[1055.185s][info][gc,heap        ] GC(2925) PSYoungGen: 289344K(310272K)->32K(310272K) Eden: 289280K(289280K)->0K(292352K) From: 64K(20992K)->32K(17920K)
[1055.185s][info][gc,heap        ] GC(2925) ParOldGen: 322109K(322560K)->322109K(322560K)
[1055.185s][info][gc,metaspace   ] GC(2925) Metaspace: 35567K(36352K)->35567K(36352K) NonClass: 29294K(29888K)->29294K(29888K) Class: 6272K(6464K)->6272K(6464K)
[1055.185s][info][gc             ] GC(2925) Pause Young (Allocation Failure) 597M->314M(618M) 1.351ms
[1055.185s][info][gc,cpu         ] GC(2925) User=0.01s Sys=0.00s Real=0.00s
[1055.548s][info][gc,start       ] GC(2926) Pause Young (Allocation Failure)
[1055.550s][info][gc,heap        ] GC(2926) PSYoungGen: 292384K(310272K)->64K(311808K) Eden: 292352K(292352K)->0K(292352K) From: 32K(17920K)->64K(19456K)
[1055.550s][info][gc,heap        ] GC(2926) ParOldGen: 322109K(322560K)->322109K(322560K)
[1055.550s][info][gc,metaspace   ] GC(2926) Metaspace: 35567K(36352K)->35567K(36352K) NonClass: 29294K(29888K)->29294K(29888K) Class: 6272K(6464K)->6272K(6464K)
[1055.550s][info][gc             ] GC(2926) Pause Young (Allocation Failure) 600M->314M(619M) 1.402ms
[1055.550s][info][gc,cpu         ] GC(2926) User=0.00s Sys=0.00s Real=0.00s
[1055.628s][info][gc,start       ] GC(2927) Pause Young (Allocation Failure)
[1055.630s][info][gc,heap        ] GC(2927) PSYoungGen: 292416K(311808K)->64K(311808K) Eden: 292352K(292352K)->0K(295936K) From: 64K(19456K)->64K(15872K)
[1055.630s][info][gc,heap        ] GC(2927) ParOldGen: 322109K(322560K)->322117K(322560K)
[1055.630s][info][gc,metaspace   ] GC(2927) Metaspace: 35567K(36352K)->35567K(36352K) NonClass: 29294K(29888K)->29294K(29888K) Class: 6272K(6464K)->6272K(6464K)
[1055.630s][info][gc             ] GC(2927) Pause Young (Allocation Failure) 600M->314M(619M) 1.274ms
[1055.630s][info][gc,cpu         ] GC(2927) User=0.00s Sys=0.00s Real=0.00s
[1055.687s][info][gc,start       ] GC(2928) Pause Young (Allocation Failure)
[1055.688s][info][gc,heap        ] GC(2928) PSYoungGen: 296000K(311808K)->64K(313344K) Eden: 295936K(295936K)->0K(295936K) From: 64K(15872K)->64K(17408K)
[1055.688s][info][gc,heap        ] GC(2928) ParOldGen: 322117K(322560K)->322133K(322560K)
[1055.688s][info][gc,metaspace   ] GC(2928) Metaspace: 35567K(36352K)->35567K(36352K) NonClass: 29294K(29888K)->29294K(29888K) Class: 6272K(6464K)->6272K(6464K)
[1055.688s][info][gc             ] GC(2928) Pause Young (Allocation Failure) 603M->314M(621M) 1.263ms
[1055.688s][info][gc,cpu         ] GC(2928) User=0.00s Sys=0.00s Real=0.00s
[1055.934s][info][gc,start       ] GC(2929) Pause Young (Allocation Failure)
[1055.935s][info][gc,heap        ] GC(2929) PSYoungGen: 296000K(313344K)->64K(313856K) Eden: 295936K(295936K)->0K(299520K) From: 64K(17408K)->64K(14336K)
[1055.935s][info][gc,heap        ] GC(2929) ParOldGen: 322133K(322560K)->322133K(322560K)
[1055.935s][info][gc,metaspace   ] GC(2929) Metaspace: 35567K(36352K)->35567K(36352K) NonClass: 29294K(29888K)->29294K(29888K) Class: 6272K(6464K)->6272K(6464K)
[1055.935s][info][gc             ] GC(2929) Pause Young (Allocation Failure) 603M->314M(621M) 1.394ms
[1055.935s][info][gc,cpu         ] GC(2929) User=0.00s Sys=0.00s Real=0.01s
[1056.252s][info][gc,start       ] GC(2930) Pause Young (Allocation Failure)
[1056.253s][info][gc,heap        ] GC(2930) PSYoungGen: 299584K(313856K)->64K(315392K) Eden: 299520K(299520K)->0K(299520K) From: 64K(14336K)->64K(15872K)
[1056.253s][info][gc,heap        ] GC(2930) ParOldGen: 322133K(322560K)->322141K(322560K)
[1056.253s][info][gc,metaspace   ] GC(2930) Metaspace: 35567K(36352K)->35567K(36352K) NonClass: 29294K(29888K)->29294K(29888K) Class: 6272K(6464K)->6272K(6464K)
[1056.253s][info][gc             ] GC(2930) Pause Young (Allocation Failure) 607M->314M(623M) 1.432ms
[1056.253s][info][gc,cpu         ] GC(2930) User=0.01s Sys=0.00s Real=0.00s
[1056.394s][info][gc,start       ] GC(2931) Pause Young (Allocation Failure)
[1056.395s][info][gc,heap        ] GC(2931) PSYoungGen: 299584K(315392K)->64K(315392K) Eden: 299520K(299520K)->0K(303104K) From: 64K(15872K)->64K(12288K)
[1056.395s][info][gc,heap        ] GC(2931) ParOldGen: 322141K(322560K)->322149K(322560K)
[1056.395s][info][gc,metaspace   ] GC(2931) Metaspace: 35567K(36352K)->35567K(36352K) NonClass: 29294K(29888K)->29294K(29888K) Class: 6272K(6464K)->6272K(6464K)
[1056.395s][info][gc             ] GC(2931) Pause Young (Allocation Failure) 607M->314M(623M) 1.367ms
[1056.395s][info][gc,cpu         ] GC(2931) User=0.00s Sys=0.00s Real=0.00s
[1056.490s][info][gc,start       ] GC(2932) Pause Young (Allocation Failure)
[1056.491s][info][gc,heap        ] GC(2932) PSYoungGen: 303168K(315392K)->64K(316928K) Eden: 303104K(303104K)->0K(303104K) From: 64K(12288K)->64K(13824K)
[1056.491s][info][gc,heap        ] GC(2932) ParOldGen: 322149K(322560K)->322157K(322560K)
[1056.491s][info][gc,metaspace   ] GC(2932) Metaspace: 35567K(36352K)->35567K(36352K) NonClass: 29294K(29888K)->29294K(29888K) Class: 6272K(6464K)->6272K(6464K)
[1056.491s][info][gc             ] GC(2932) Pause Young (Allocation Failure) 610M->314M(624M) 1.372ms
[1056.491s][info][gc,cpu         ] GC(2932) User=0.00s Sys=0.00s Real=0.00s
[1056.690s][info][gc,start       ] GC(2933) Pause Young (Allocation Failure)
[1056.691s][info][gc,heap        ] GC(2933) PSYoungGen: 303168K(316928K)->64K(317440K) Eden: 303104K(303104K)->0K(306688K) From: 64K(13824K)->64K(10752K)
[1056.691s][info][gc,heap        ] GC(2933) ParOldGen: 322157K(322560K)->322165K(322560K)
[1056.691s][info][gc,metaspace   ] GC(2933) Metaspace: 35567K(36352K)->35567K(36352K) NonClass: 29294K(29888K)->29294K(29888K) Class: 6272K(6464K)->6272K(6464K)
[1056.691s][info][gc             ] GC(2933) Pause Young (Allocation Failure) 610M->314M(625M) 1.381ms
[1056.691s][info][gc,cpu         ] GC(2933) User=0.00s Sys=0.00s Real=0.00s
[1057.661s][info][gc,start       ] GC(2934) Pause Young (Allocation Failure)
[1057.663s][info][gc,heap        ] GC(2934) PSYoungGen: 306752K(317440K)->83K(294912K) Eden: 306688K(306688K)->0K(294400K) From: 64K(10752K)->83K(512K)
[1057.663s][info][gc,heap        ] GC(2934) ParOldGen: 322165K(322560K)->322173K(322560K)
[1057.663s][info][gc,metaspace   ] GC(2934) Metaspace: 35567K(36352K)->35567K(36352K) NonClass: 29294K(29888K)->29294K(29888K) Class: 6272K(6464K)->6272K(6464K)
[1057.663s][info][gc             ] GC(2934) Pause Young (Allocation Failure) 614M->314M(603M) 1.429ms
[1057.663s][info][gc,cpu         ] GC(2934) User=0.00s Sys=0.00s Real=0.00s
[1058.557s][info][gc,start       ] GC(2935) Pause Young (Allocation Failure)
[1058.559s][info][gc,heap        ] GC(2935) PSYoungGen: 294483K(294912K)->64K(283136K) Eden: 294400K(294400K)->0K(282624K) From: 83K(512K)->64K(512K)
[1058.559s][info][gc,heap        ] GC(2935) ParOldGen: 322173K(322560K)->322181K(322560K)
[1058.559s][info][gc,metaspace   ] GC(2935) Metaspace: 35567K(36352K)->35567K(36352K) NonClass: 29294K(29888K)->29294K(29888K) Class: 6272K(6464K)->6272K(6464K)
[1058.559s][info][gc             ] GC(2935) Pause Young (Allocation Failure) 602M->314M(591M) 2.111ms
[1058.559s][info][gc,cpu         ] GC(2935) User=0.00s Sys=0.01s Real=0.00s
[1058.863s][info][gc,start       ] GC(2936) Pause Young (Allocation Failure)
[1058.864s][info][gc,heap        ] GC(2936) PSYoungGen: 282688K(283136K)->64K(282112K) Eden: 282624K(282624K)->0K(271360K) From: 64K(512K)->64K(10752K)
[1058.864s][info][gc,heap        ] GC(2936) ParOldGen: 322181K(322560K)->322189K(322560K)
[1058.864s][info][gc,metaspace   ] GC(2936) Metaspace: 35567K(36352K)->35567K(36352K) NonClass: 29294K(29888K)->29294K(29888K) Class: 6272K(6464K)->6272K(6464K)
[1058.864s][info][gc             ] GC(2936) Pause Young (Allocation Failure) 590M->314M(590M) 1.296ms
[1058.864s][info][gc,cpu         ] GC(2936) User=0.00s Sys=0.00s Real=0.00s
[1059.282s][info][gc,start       ] GC(2937) Pause Young (Allocation Failure)
[1059.284s][info][gc,heap        ] GC(2937) PSYoungGen: 271424K(282112K)->64K(261632K) Eden: 271360K(271360K)->0K(261120K) From: 64K(10752K)->64K(512K)
[1059.284s][info][gc,heap        ] GC(2937) ParOldGen: 322189K(322560K)->322197K(322560K)
[1059.284s][info][gc,metaspace   ] GC(2937) Metaspace: 35567K(36352K)->35567K(36352K) NonClass: 29294K(29888K)->29294K(29888K) Class: 6272K(6464K)->6272K(6464K)
[1059.284s][info][gc             ] GC(2937) Pause Young (Allocation Failure) 579M->314M(570M) 2.036ms
[1059.284s][info][gc,cpu         ] GC(2937) User=0.01s Sys=0.00s Real=0.00s
[1060.222s][info][gc,start       ] GC(2938) Pause Young (Allocation Failure)
[1060.223s][info][gc,heap        ] GC(2938) PSYoungGen: 261184K(261632K)->64K(260096K) Eden: 261120K(261120K)->0K(250880K) From: 64K(512K)->64K(9216K)
[1060.223s][info][gc,heap        ] GC(2938) ParOldGen: 322197K(322560K)->322205K(322560K)
[1060.223s][info][gc,metaspace   ] GC(2938) Metaspace: 35567K(36352K)->35567K(36352K) NonClass: 29294K(29888K)->29294K(29888K) Class: 6272K(6464K)->6272K(6464K)
[1060.223s][info][gc             ] GC(2938) Pause Young (Allocation Failure) 569M->314M(569M) 1.297ms
[1060.223s][info][gc,cpu         ] GC(2938) User=0.00s Sys=0.00s Real=0.00s
[1060.580s][info][gc,start       ] GC(2939) Pause Young (Allocation Failure)
[1060.582s][info][gc,heap        ] GC(2939) PSYoungGen: 250944K(260096K)->64K(241664K) Eden: 250880K(250880K)->0K(241152K) From: 64K(9216K)->64K(512K)
[1060.582s][info][gc,heap        ] GC(2939) ParOldGen: 322205K(322560K)->322213K(322560K)
[1060.582s][info][gc,metaspace   ] GC(2939) Metaspace: 35567K(36352K)->35567K(36352K) NonClass: 29294K(29888K)->29294K(29888K) Class: 6272K(6464K)->6272K(6464K)
[1060.582s][info][gc             ] GC(2939) Pause Young (Allocation Failure) 559M->314M(551M) 2.301ms
[1060.582s][info][gc,cpu         ] GC(2939) User=0.00s Sys=0.00s Real=0.00s
[1060.740s][info][gc,start       ] GC(2940) Pause Young (Allocation Failure)
[1060.741s][info][gc,heap        ] GC(2940) PSYoungGen: 241216K(241664K)->64K(240128K) Eden: 241152K(241152K)->0K(231936K) From: 64K(512K)->64K(8192K)
[1060.741s][info][gc,heap        ] GC(2940) ParOldGen: 322213K(322560K)->322221K(322560K)
[1060.741s][info][gc,metaspace   ] GC(2940) Metaspace: 35567K(36352K)->35567K(36352K) NonClass: 29294K(29888K)->29294K(29888K) Class: 6272K(6464K)->6272K(6464K)
[1060.741s][info][gc             ] GC(2940) Pause Young (Allocation Failure) 550M->314M(549M) 1.310ms
[1060.741s][info][gc,cpu         ] GC(2940) User=0.00s Sys=0.00s Real=0.00s
[1060.878s][info][gc,start       ] GC(2941) Pause Young (Allocation Failure)
[1060.880s][info][gc,heap        ] GC(2941) PSYoungGen: 232000K(240128K)->64K(223744K) Eden: 231936K(231936K)->0K(223232K) From: 64K(8192K)->64K(512K)
[1060.880s][info][gc,heap        ] GC(2941) ParOldGen: 322221K(322560K)->322229K(322560K)
[1060.880s][info][gc,metaspace   ] GC(2941) Metaspace: 35567K(36352K)->35567K(36352K) NonClass: 29294K(29888K)->29294K(29888K) Class: 6272K(6464K)->6272K(6464K)
[1060.880s][info][gc             ] GC(2941) Pause Young (Allocation Failure) 541M->314M(533M) 1.972ms
[1060.880s][info][gc,cpu         ] GC(2941) User=0.01s Sys=0.00s Real=0.00s
[1061.458s][info][gc,start       ] GC(2942) Pause Young (Allocation Failure)
[1061.459s][info][gc,heap        ] GC(2942) PSYoungGen: 223296K(223744K)->64K(222208K) Eden: 223232K(223232K)->0K(215040K) From: 64K(512K)->64K(7168K)
[1061.459s][info][gc,heap        ] GC(2942) ParOldGen: 322229K(322560K)->322237K(322560K)
[1061.459s][info][gc,metaspace   ] GC(2942) Metaspace: 35567K(36352K)->35567K(36352K) NonClass: 29294K(29888K)->29294K(29888K) Class: 6272K(6464K)->6272K(6464K)
[1061.459s][info][gc             ] GC(2942) Pause Young (Allocation Failure) 532M->314M(532M) 1.336ms
[1061.459s][info][gc,cpu         ] GC(2942) User=0.00s Sys=0.00s Real=0.00s
[1061.650s][info][gc,start       ] GC(2943) Pause Young (Allocation Failure)
[1061.652s][info][gc,heap        ] GC(2943) PSYoungGen: 215103K(222208K)->64K(207872K) Eden: 215039K(215040K)->0K(207360K) From: 64K(7168K)->64K(512K)
[1061.652s][info][gc,heap        ] GC(2943) ParOldGen: 322237K(322560K)->322245K(322560K)
[1061.652s][info][gc,metaspace   ] GC(2943) Metaspace: 35567K(36352K)->35567K(36352K) NonClass: 29294K(29888K)->29294K(29888K) Class: 6272K(6464K)->6272K(6464K)
[1061.652s][info][gc             ] GC(2943) Pause Young (Allocation Failure) 524M->314M(518M) 2.020ms
[1061.652s][info][gc,cpu         ] GC(2943) User=0.01s Sys=0.00s Real=0.00s
[1061.962s][info][gc,start       ] GC(2944) Pause Young (Allocation Failure)
[1061.986s][info][gc,heap        ] GC(2944) PSYoungGen: 207424K(207872K)->6144K(253440K) Eden: 207360K(207360K)->0K(247296K) From: 64K(512K)->6144K(6144K)
[1061.986s][info][gc,heap        ] GC(2944) ParOldGen: 322245K(322560K)->328221K(328704K)
[1061.986s][info][gc,metaspace   ] GC(2944) Metaspace: 35567K(36352K)->35567K(36352K) NonClass: 29294K(29888K)->29294K(29888K) Class: 6272K(6464K)->6272K(6464K)
[1061.986s][info][gc             ] GC(2944) Pause Young (Allocation Failure) 517M->326M(568M) 24.392ms
[1061.986s][info][gc,cpu         ] GC(2944) User=0.04s Sys=0.01s Real=0.03s
[1062.241s][info][gc,start       ] GC(2945) Pause Young (Allocation Failure)
[1062.297s][info][gc,heap        ] GC(2945) PSYoungGen: 253440K(253440K)->6144K(260096K) Eden: 247296K(247296K)->0K(253952K) From: 6144K(6144K)->6144K(6144K)
[1062.297s][info][gc,heap        ] GC(2945) ParOldGen: 328221K(328704K)->348397K(348672K)
[1062.297s][info][gc,metaspace   ] GC(2945) Metaspace: 35567K(36352K)->35567K(36352K) NonClass: 29294K(29888K)->29294K(29888K) Class: 6272K(6464K)->6272K(6464K)
[1062.297s][info][gc             ] GC(2945) Pause Young (Allocation Failure) 568M->346M(594M) 55.474ms
[1062.297s][info][gc,cpu         ] GC(2945) User=0.10s Sys=0.01s Real=0.06s
[1062.559s][info][gc,start       ] GC(2946) Pause Young (Allocation Failure)
[1062.611s][info][gc,heap        ] GC(2946) PSYoungGen: 260096K(260096K)->18432K(272384K) Eden: 253952K(253952K)->0K(253952K) From: 6144K(6144K)->18432K(18432K)
[1062.612s][info][gc,heap        ] GC(2946) ParOldGen: 348397K(348672K)->357477K(357888K)
[1062.612s][info][gc,metaspace   ] GC(2946) Metaspace: 35567K(36352K)->35567K(36352K) NonClass: 29294K(29888K)->29294K(29888K) Class: 6272K(6464K)->6272K(6464K)
[1062.612s][info][gc             ] GC(2946) Pause Young (Allocation Failure) 594M->367M(615M) 52.879ms
[1062.612s][info][gc,cpu         ] GC(2946) User=0.10s Sys=0.01s Real=0.05s
[1062.707s][info][gc,start       ] GC(2947) Pause Young (Allocation Failure)
[1062.719s][info][gc,heap        ] GC(2947) PSYoungGen: 272384K(272384K)->4000K(309760K) Eden: 253952K(253952K)->0K(284160K) From: 18432K(18432K)->4000K(25600K)
[1062.719s][info][gc,heap        ] GC(2947) ParOldGen: 357477K(357888K)->357797K(357888K)
[1062.719s][info][gc,metaspace   ] GC(2947) Metaspace: 35567K(36352K)->35567K(36352K) NonClass: 29294K(29888K)->29294K(29888K) Class: 6272K(6464K)->6272K(6464K)
[1062.719s][info][gc             ] GC(2947) Pause Young (Allocation Failure) 615M->353M(652M) 11.514ms
[1062.719s][info][gc,cpu         ] GC(2947) User=0.02s Sys=0.00s Real=0.01s
[1063.215s][info][gc,start       ] GC(2948) Pause Young (Allocation Failure)
[1063.216s][info][gc,heap        ] GC(2948) PSYoungGen: 288160K(309760K)->64K(284672K) Eden: 284160K(284160K)->0K(284160K) From: 4000K(25600K)->64K(512K)
[1063.216s][info][gc,heap        ] GC(2948) ParOldGen: 357797K(357888K)->357805K(357888K)
[1063.216s][info][gc,metaspace   ] GC(2948) Metaspace: 35567K(36352K)->35567K(36352K) NonClass: 29294K(29888K)->29294K(29888K) Class: 6272K(6464K)->6272K(6464K)
[1063.216s][info][gc             ] GC(2948) Pause Young (Allocation Failure) 630M->349M(627M) 1.468ms
[1063.216s][info][gc,cpu         ] GC(2948) User=0.00s Sys=0.00s Real=0.01s
[1063.769s][info][gc,start       ] GC(2949) Pause Young (Allocation Failure)
[1063.770s][info][gc,heap        ] GC(2949) PSYoungGen: 284224K(284672K)->64K(308736K) Eden: 284160K(284160K)->0K(285184K) From: 64K(512K)->64K(23552K)
[1063.770s][info][gc,heap        ] GC(2949) ParOldGen: 357805K(357888K)->357813K(357888K)
[1063.770s][info][gc,metaspace   ] GC(2949) Metaspace: 35567K(36352K)->35567K(36352K) NonClass: 29294K(29888K)->29294K(29888K) Class: 6272K(6464K)->6272K(6464K)
[1063.770s][info][gc             ] GC(2949) Pause Young (Allocation Failure) 626M->349M(651M) 1.442ms
[1063.770s][info][gc,cpu         ] GC(2949) User=0.00s Sys=0.00s Real=0.00s
[1064.208s][info][gc,start       ] GC(2950) Pause Young (Allocation Failure)
[1064.209s][info][gc,heap        ] GC(2950) PSYoungGen: 285248K(308736K)->64K(307712K) Eden: 285184K(285184K)->0K(285184K) From: 64K(23552K)->64K(22528K)
[1064.209s][info][gc,heap        ] GC(2950) ParOldGen: 357813K(357888K)->357829K(357888K)
[1064.209s][info][gc,metaspace   ] GC(2950) Metaspace: 35567K(36352K)->35567K(36352K) NonClass: 29294K(29888K)->29294K(29888K) Class: 6272K(6464K)->6272K(6464K)
[1064.209s][info][gc             ] GC(2950) Pause Young (Allocation Failure) 627M->349M(650M) 1.462ms
[1064.209s][info][gc,cpu         ] GC(2950) User=0.00s Sys=0.00s Real=0.00s
[1064.426s][info][gc,start       ] GC(2951) Pause Young (Allocation Failure)
[1064.428s][info][gc,heap        ] GC(2951) PSYoungGen: 285248K(307712K)->64K(309760K) Eden: 285184K(285184K)->0K(288256K) From: 64K(22528K)->64K(21504K)
[1064.428s][info][gc,heap        ] GC(2951) ParOldGen: 357829K(357888K)->357845K(357888K)
[1064.428s][info][gc,metaspace   ] GC(2951) Metaspace: 35567K(36352K)->35567K(36352K) NonClass: 29294K(29888K)->29294K(29888K) Class: 6272K(6464K)->6272K(6464K)
[1064.428s][info][gc             ] GC(2951) Pause Young (Allocation Failure) 628M->349M(652M) 1.484ms
[1064.428s][info][gc,cpu         ] GC(2951) User=0.00s Sys=0.00s Real=0.00s
[1064.649s][info][gc,start       ] GC(2952) Pause Young (Allocation Failure)
[1064.650s][info][gc,heap        ] GC(2952) PSYoungGen: 288320K(309760K)->64K(309248K) Eden: 288256K(288256K)->0K(288256K) From: 64K(21504K)->64K(20992K)
[1064.650s][info][gc,heap        ] GC(2952) ParOldGen: 357845K(357888K)->357845K(357888K)
[1064.650s][info][gc,metaspace   ] GC(2952) Metaspace: 35567K(36352K)->35567K(36352K) NonClass: 29294K(29888K)->29294K(29888K) Class: 6272K(6464K)->6272K(6464K)
[1064.650s][info][gc             ] GC(2952) Pause Young (Allocation Failure) 631M->349M(651M) 1.415ms
[1064.650s][info][gc,cpu         ] GC(2952) User=0.00s Sys=0.00s Real=0.00s
[1065.005s][info][gc,start       ] GC(2953) Pause Young (Allocation Failure)
[1065.006s][info][gc,heap        ] GC(2953) PSYoungGen: 288320K(309248K)->64K(311808K) Eden: 288256K(288256K)->0K(292352K) From: 64K(20992K)->64K(19456K)
[1065.006s][info][gc,heap        ] GC(2953) ParOldGen: 357845K(357888K)->357845K(357888K)
[1065.006s][info][gc,metaspace   ] GC(2953) Metaspace: 35567K(36352K)->35567K(36352K) NonClass: 29294K(29888K)->29294K(29888K) Class: 6272K(6464K)->6272K(6464K)
[1065.006s][info][gc             ] GC(2953) Pause Young (Allocation Failure) 631M->349M(654M) 1.412ms
[1065.006s][info][gc,cpu         ] GC(2953) User=0.01s Sys=0.00s Real=0.01s
[1065.100s][info][gc,start       ] GC(2954) Pause Young (Allocation Failure)
[1065.101s][info][gc,heap        ] GC(2954) PSYoungGen: 292416K(311808K)->64K(311296K) Eden: 292352K(292352K)->0K(292352K) From: 64K(19456K)->64K(18944K)
[1065.101s][info][gc,heap        ] GC(2954) ParOldGen: 357845K(357888K)->357853K(357888K)
[1065.101s][info][gc,metaspace   ] GC(2954) Metaspace: 35567K(36352K)->35567K(36352K) NonClass: 29294K(29888K)->29294K(29888K) Class: 6272K(6464K)->6272K(6464K)
[1065.101s][info][gc             ] GC(2954) Pause Young (Allocation Failure) 635M->349M(653M) 1.379ms
[1065.101s][info][gc,cpu         ] GC(2954) User=0.00s Sys=0.00s Real=0.00s
[1065.157s][info][gc,start       ] GC(2955) Pause Young (Allocation Failure)
[1065.158s][info][gc,heap        ] GC(2955) PSYoungGen: 292416K(311296K)->64K(313856K) Eden: 292352K(292352K)->0K(296448K) From: 64K(18944K)->64K(17408K)
[1065.158s][info][gc,heap        ] GC(2955) ParOldGen: 357853K(357888K)->357869K(357888K)
[1065.158s][info][gc,metaspace   ] GC(2955) Metaspace: 35567K(36352K)->35567K(36352K) NonClass: 29294K(29888K)->29294K(29888K) Class: 6272K(6464K)->6272K(6464K)
[1065.158s][info][gc             ] GC(2955) Pause Young (Allocation Failure) 635M->349M(656M) 1.337ms
[1065.158s][info][gc,cpu         ] GC(2955) User=0.01s Sys=0.00s Real=0.00s
[1065.389s][info][gc,start       ] GC(2956) Pause Young (Allocation Failure)
[1065.390s][info][gc,heap        ] GC(2956) PSYoungGen: 296512K(313856K)->64K(313344K) Eden: 296448K(296448K)->0K(296448K) From: 64K(17408K)->64K(16896K)
[1065.390s][info][gc,heap        ] GC(2956) ParOldGen: 357869K(357888K)->357869K(357888K)
[1065.390s][info][gc,metaspace   ] GC(2956) Metaspace: 35567K(36352K)->35567K(36352K) NonClass: 29294K(29888K)->29294K(29888K) Class: 6272K(6464K)->6272K(6464K)
[1065.390s][info][gc             ] GC(2956) Pause Young (Allocation Failure) 639M->349M(655M) 1.407ms
[1065.390s][info][gc,cpu         ] GC(2956) User=0.00s Sys=0.00s Real=0.00s
[1065.708s][info][gc,start       ] GC(2957) Pause Young (Allocation Failure)
[1065.710s][info][gc,heap        ] GC(2957) PSYoungGen: 296512K(313344K)->64K(315904K) Eden: 296448K(296448K)->0K(300544K) From: 64K(16896K)->64K(15360K)
[1065.710s][info][gc,heap        ] GC(2957) ParOldGen: 357869K(357888K)->357877K(357888K)
[1065.710s][info][gc,metaspace   ] GC(2957) Metaspace: 35567K(36352K)->35567K(36352K) NonClass: 29294K(29888K)->29294K(29888K) Class: 6272K(6464K)->6272K(6464K)
[1065.710s][info][gc             ] GC(2957) Pause Young (Allocation Failure) 639M->349M(658M) 1.392ms
[1065.710s][info][gc,cpu         ] GC(2957) User=0.00s Sys=0.00s Real=0.00s
[1065.861s][info][gc,start       ] GC(2958) Pause Young (Allocation Failure)
[1065.863s][info][gc,heap        ] GC(2958) PSYoungGen: 300608K(315904K)->64K(315392K) Eden: 300544K(300544K)->0K(300544K) From: 64K(15360K)->64K(14848K)
[1065.863s][info][gc,heap        ] GC(2958) ParOldGen: 357877K(357888K)->357885K(357888K)
[1065.863s][info][gc,metaspace   ] GC(2958) Metaspace: 35567K(36352K)->35567K(36352K) NonClass: 29294K(29888K)->29294K(29888K) Class: 6272K(6464K)->6272K(6464K)
[1065.863s][info][gc             ] GC(2958) Pause Young (Allocation Failure) 643M->349M(657M) 1.427ms
[1065.863s][info][gc,cpu         ] GC(2958) User=0.01s Sys=0.00s Real=0.00s
[1065.944s][info][gc,start       ] GC(2959) Pause Young (Allocation Failure)
[1065.945s][info][gc,heap        ] GC(2959) PSYoungGen: 300608K(315392K)->64K(317952K) Eden: 300544K(300544K)->0K(304640K) From: 64K(14848K)->64K(13312K)
[1065.945s][info][gc,heap        ] GC(2959) ParOldGen: 357885K(357888K)->357901K(358400K)
[1065.945s][info][gc,metaspace   ] GC(2959) Metaspace: 35567K(36352K)->35567K(36352K) NonClass: 29294K(29888K)->29294K(29888K) Class: 6272K(6464K)->6272K(6464K)
[1065.945s][info][gc             ] GC(2959) Pause Young (Allocation Failure) 643M->349M(660M) 1.458ms
[1065.945s][info][gc,cpu         ] GC(2959) User=0.00s Sys=0.00s Real=0.00s
[1066.149s][info][gc,start       ] GC(2960) Pause Young (Allocation Failure)
[1066.150s][info][gc,heap        ] GC(2960) PSYoungGen: 304704K(317952K)->64K(317952K) Eden: 304640K(304640K)->0K(304640K) From: 64K(13312K)->64K(13312K)
[1066.150s][info][gc,heap        ] GC(2960) ParOldGen: 357901K(358400K)->357901K(358400K)
[1066.150s][info][gc,metaspace   ] GC(2960) Metaspace: 35567K(36352K)->35567K(36352K) NonClass: 29294K(29888K)->29294K(29888K) Class: 6272K(6464K)->6272K(6464K)
[1066.150s][info][gc             ] GC(2960) Pause Young (Allocation Failure) 647M->349M(660M) 1.428ms
[1066.150s][info][gc,cpu         ] GC(2960) User=0.00s Sys=0.00s Real=0.00s
[1067.126s][info][gc,start       ] GC(2961) Pause Young (Allocation Failure)
[1067.127s][info][gc,heap        ] GC(2961) PSYoungGen: 304704K(317952K)->64K(292864K) Eden: 304640K(304640K)->0K(292352K) From: 64K(13312K)->64K(512K)
[1067.127s][info][gc,heap        ] GC(2961) ParOldGen: 357901K(358400K)->357909K(358400K)
[1067.127s][info][gc,metaspace   ] GC(2961) Metaspace: 35567K(36352K)->35567K(36352K) NonClass: 29294K(29888K)->29294K(29888K) Class: 6272K(6464K)->6272K(6464K)
[1067.127s][info][gc             ] GC(2961) Pause Young (Allocation Failure) 647M->349M(636M) 1.449ms
[1067.127s][info][gc,cpu         ] GC(2961) User=0.00s Sys=0.00s Real=0.00s
[1067.993s][info][gc,start       ] GC(2962) Pause Young (Allocation Failure)
[1067.994s][info][gc,heap        ] GC(2962) PSYoungGen: 292416K(292864K)->64K(292864K) Eden: 292352K(292352K)->0K(281088K) From: 64K(512K)->64K(11776K)
[1067.994s][info][gc,heap        ] GC(2962) ParOldGen: 357909K(358400K)->357917K(358400K)
[1067.994s][info][gc,metaspace   ] GC(2962) Metaspace: 35567K(36352K)->35567K(36352K) NonClass: 29294K(29888K)->29294K(29888K) Class: 6272K(6464K)->6272K(6464K)
[1067.994s][info][gc             ] GC(2962) Pause Young (Allocation Failure) 635M->349M(636M) 1.358ms
[1067.994s][info][gc,cpu         ] GC(2962) User=0.01s Sys=0.00s Real=0.00s
[1068.255s][info][gc,start       ] GC(2963) Pause Young (Allocation Failure)
[1068.257s][info][gc,heap        ] GC(2963) PSYoungGen: 281152K(292864K)->64K(270848K) Eden: 281088K(281088K)->0K(270336K) From: 64K(11776K)->64K(512K)
[1068.257s][info][gc,heap        ] GC(2963) ParOldGen: 357917K(358400K)->357925K(358400K)
[1068.257s][info][gc,metaspace   ] GC(2963) Metaspace: 35567K(36352K)->35567K(36352K) NonClass: 29294K(29888K)->29294K(29888K) Class: 6272K(6464K)->6272K(6464K)
[1068.257s][info][gc             ] GC(2963) Pause Young (Allocation Failure) 624M->349M(614M) 1.619ms
[1068.257s][info][gc,cpu         ] GC(2963) User=0.00s Sys=0.00s Real=0.00s
[1068.689s][info][gc,start       ] GC(2964) Pause Young (Allocation Failure)
[1068.691s][info][gc,heap        ] GC(2964) PSYoungGen: 270400K(270848K)->64K(270336K) Eden: 270336K(270336K)->0K(260096K) From: 64K(512K)->64K(10240K)
[1068.691s][info][gc,heap        ] GC(2964) ParOldGen: 357925K(358400K)->357933K(358400K)
[1068.691s][info][gc,metaspace   ] GC(2964) Metaspace: 35567K(36352K)->35567K(36352K) NonClass: 29294K(29888K)->29294K(29888K) Class: 6272K(6464K)->6272K(6464K)
[1068.691s][info][gc             ] GC(2964) Pause Young (Allocation Failure) 613M->349M(614M) 1.398ms
[1068.691s][info][gc,cpu         ] GC(2964) User=0.00s Sys=0.00s Real=0.00s
[1069.637s][info][gc,start       ] GC(2965) Pause Young (Allocation Failure)
[1069.639s][info][gc,heap        ] GC(2965) PSYoungGen: 260160K(270336K)->64K(250880K) Eden: 260096K(260096K)->0K(250368K) From: 64K(10240K)->64K(512K)
[1069.639s][info][gc,heap        ] GC(2965) ParOldGen: 357933K(358400K)->357941K(358400K)
[1069.639s][info][gc,metaspace   ] GC(2965) Metaspace: 35567K(36352K)->35567K(36352K) NonClass: 29294K(29888K)->29294K(29888K) Class: 6272K(6464K)->6272K(6464K)
[1069.639s][info][gc             ] GC(2965) Pause Young (Allocation Failure) 603M->349M(595M) 1.840ms
[1069.639s][info][gc,cpu         ] GC(2965) User=0.01s Sys=0.00s Real=0.00s
[1070.010s][info][gc,start       ] GC(2966) Pause Young (Allocation Failure)
[1070.012s][info][gc,heap        ] GC(2966) PSYoungGen: 250432K(250880K)->64K(249344K) Eden: 250368K(250368K)->0K(240640K) From: 64K(512K)->64K(8704K)
[1070.012s][info][gc,heap        ] GC(2966) ParOldGen: 357941K(358400K)->357949K(358400K)
[1070.012s][info][gc,metaspace   ] GC(2966) Metaspace: 35567K(36352K)->35567K(36352K) NonClass: 29294K(29888K)->29294K(29888K) Class: 6272K(6464K)->6272K(6464K)
[1070.012s][info][gc             ] GC(2966) Pause Young (Allocation Failure) 594M->349M(593M) 1.399ms
[1070.012s][info][gc,cpu         ] GC(2966) User=0.01s Sys=0.00s Real=0.00s
[1070.180s][info][gc,start       ] GC(2967) Pause Young (Allocation Failure)
[1070.182s][info][gc,heap        ] GC(2967) PSYoungGen: 240704K(249344K)->64K(231936K) Eden: 240640K(240640K)->0K(231424K) From: 64K(8704K)->64K(512K)
[1070.182s][info][gc,heap        ] GC(2967) ParOldGen: 357949K(358400K)->357957K(358400K)
[1070.182s][info][gc,metaspace   ] GC(2967) Metaspace: 35567K(36352K)->35567K(36352K) NonClass: 29294K(29888K)->29294K(29888K) Class: 6272K(6464K)->6272K(6464K)
[1070.182s][info][gc             ] GC(2967) Pause Young (Allocation Failure) 584M->349M(576M) 1.953ms
[1070.182s][info][gc,cpu         ] GC(2967) User=0.01s Sys=0.00s Real=0.00s
[1070.270s][info][gc,start       ] GC(2968) Pause Young (Allocation Failure)
[1070.271s][info][gc,heap        ] GC(2968) PSYoungGen: 231488K(231936K)->64K(230400K) Eden: 231424K(231424K)->0K(222720K) From: 64K(512K)->64K(7680K)
[1070.271s][info][gc,heap        ] GC(2968) ParOldGen: 357957K(358400K)->357965K(358400K)
[1070.271s][info][gc,metaspace   ] GC(2968) Metaspace: 35567K(36352K)->35567K(36352K) NonClass: 29294K(29888K)->29294K(29888K) Class: 6272K(6464K)->6272K(6464K)
[1070.271s][info][gc             ] GC(2968) Pause Young (Allocation Failure) 575M->349M(575M) 1.385ms
[1070.271s][info][gc,cpu         ] GC(2968) User=0.01s Sys=0.00s Real=0.00s
[1070.834s][info][gc,start       ] GC(2969) Pause Young (Allocation Failure)
[1070.836s][info][gc,heap        ] GC(2969) PSYoungGen: 222784K(230400K)->64K(215040K) Eden: 222720K(222720K)->0K(214528K) From: 64K(7680K)->64K(512K)
[1070.836s][info][gc,heap        ] GC(2969) ParOldGen: 357965K(358400K)->357973K(358400K)
[1070.836s][info][gc,metaspace   ] GC(2969) Metaspace: 35567K(36352K)->35567K(36352K) NonClass: 29294K(29888K)->29294K(29888K) Class: 6272K(6464K)->6272K(6464K)
[1070.836s][info][gc             ] GC(2969) Pause Young (Allocation Failure) 567M->349M(560M) 1.919ms
[1070.836s][info][gc,cpu         ] GC(2969) User=0.00s Sys=0.00s Real=0.01s
[1071.022s][info][gc,start       ] GC(2970) Pause Young (Allocation Failure)
[1071.024s][info][gc,heap        ] GC(2970) PSYoungGen: 214592K(215040K)->64K(213504K) Eden: 214528K(214528K)->0K(206848K) From: 64K(512K)->64K(6656K)
[1071.024s][info][gc,heap        ] GC(2970) ParOldGen: 357973K(358400K)->357981K(358400K)
[1071.024s][info][gc,metaspace   ] GC(2970) Metaspace: 35567K(36352K)->35567K(36352K) NonClass: 29294K(29888K)->29294K(29888K) Class: 6272K(6464K)->6272K(6464K)
[1071.024s][info][gc             ] GC(2970) Pause Young (Allocation Failure) 559M->349M(558M) 1.480ms
[1071.024s][info][gc,cpu         ] GC(2970) User=0.01s Sys=0.00s Real=0.00s
[1071.346s][info][gc,start       ] GC(2971) Pause Young (Allocation Failure)
[1071.368s][info][gc,heap        ] GC(2971) PSYoungGen: 206912K(213504K)->6144K(252928K) Eden: 206848K(206848K)->0K(246784K) From: 64K(6656K)->6144K(6144K)
[1071.368s][info][gc,heap        ] GC(2971) ParOldGen: 357981K(358400K)->360741K(360960K)
[1071.368s][info][gc,metaspace   ] GC(2971) Metaspace: 35567K(36352K)->35567K(36352K) NonClass: 29294K(29888K)->29294K(29888K) Class: 6272K(6464K)->6272K(6464K)
[1071.368s][info][gc             ] GC(2971) Pause Young (Allocation Failure) 551M->358M(599M) 21.930ms
[1071.368s][info][gc,cpu         ] GC(2971) User=0.03s Sys=0.00s Real=0.02s
[1071.616s][info][gc,start       ] GC(2972) Pause Young (Allocation Failure)
[1071.667s][info][gc,heap        ] GC(2972) PSYoungGen: 252928K(252928K)->8704K(277504K) Eden: 246784K(246784K)->0K(268800K) From: 6144K(6144K)->8704K(8704K)
[1071.667s][info][gc,heap        ] GC(2972) ParOldGen: 360741K(360960K)->378173K(378368K)
[1071.667s][info][gc,metaspace   ] GC(2972) Metaspace: 35567K(36352K)->35567K(36352K) NonClass: 29294K(29888K)->29294K(29888K) Class: 6272K(6464K)->6272K(6464K)
[1071.667s][info][gc             ] GC(2972) Pause Young (Allocation Failure) 599M->377M(640M) 51.657ms
[1071.667s][info][gc,cpu         ] GC(2972) User=0.08s Sys=0.02s Real=0.05s
[1071.936s][info][gc,start       ] GC(2973) Pause Young (Allocation Failure)
[1072.001s][info][gc,heap        ] GC(2973) PSYoungGen: 277504K(277504K)->17408K(301056K) Eden: 268800K(268800K)->0K(283648K) From: 8704K(8704K)->17408K(17408K)
[1072.001s][info][gc,heap        ] GC(2973) ParOldGen: 378173K(378368K)->389749K(390144K)
[1072.001s][info][gc,metaspace   ] GC(2973) Metaspace: 35567K(36352K)->35567K(36352K) NonClass: 29294K(29888K)->29294K(29888K) Class: 6272K(6464K)->6272K(6464K)
[1072.001s][info][gc             ] GC(2973) Pause Young (Allocation Failure) 640M->397M(675M) 64.674ms
[1072.001s][info][gc,cpu         ] GC(2973) User=0.11s Sys=0.02s Real=0.06s
[1072.114s][info][gc,start       ] GC(2974) Pause Young (Allocation Failure)
[1072.128s][info][gc,heap        ] GC(2974) PSYoungGen: 301056K(301056K)->5728K(308736K) Eden: 283648K(283648K)->0K(283648K) From: 17408K(17408K)->5728K(25088K)
[1072.128s][info][gc,heap        ] GC(2974) ParOldGen: 389749K(390144K)->390165K(390656K)
[1072.128s][info][gc,metaspace   ] GC(2974) Metaspace: 35567K(36352K)->35567K(36352K) NonClass: 29294K(29888K)->29294K(29888K) Class: 6272K(6464K)->6272K(6464K)
[1072.128s][info][gc             ] GC(2974) Pause Young (Allocation Failure) 674M->386M(683M) 14.228ms
[1072.128s][info][gc,cpu         ] GC(2974) User=0.02s Sys=0.00s Real=0.02s
[1072.638s][info][gc,start       ] GC(2975) Pause Young (Allocation Failure)
[1072.640s][info][gc,heap        ] GC(2975) PSYoungGen: 289376K(308736K)->64K(306176K) Eden: 283648K(283648K)->0K(285184K) From: 5728K(25088K)->64K(20992K)
[1072.640s][info][gc,heap        ] GC(2975) ParOldGen: 390165K(390656K)->390173K(390656K)
[1072.640s][info][gc,metaspace   ] GC(2975) Metaspace: 35567K(36352K)->35567K(36352K) NonClass: 29294K(29888K)->29294K(29888K) Class: 6272K(6464K)->6272K(6464K)
[1072.640s][info][gc             ] GC(2975) Pause Young (Allocation Failure) 663M->381M(680M) 1.546ms
[1072.640s][info][gc,cpu         ] GC(2975) User=0.00s Sys=0.00s Real=0.00s
[1073.164s][info][gc,start       ] GC(2976) Pause Young (Allocation Failure)
[1073.166s][info][gc,heap        ] GC(2976) PSYoungGen: 285248K(306176K)->64K(308224K) Eden: 285184K(285184K)->0K(285184K) From: 64K(20992K)->64K(23040K)
[1073.166s][info][gc,heap        ] GC(2976) ParOldGen: 390173K(390656K)->390181K(390656K)
[1073.166s][info][gc,metaspace   ] GC(2976) Metaspace: 35567K(36352K)->35567K(36352K) NonClass: 29294K(29888K)->29294K(29888K) Class: 6272K(6464K)->6272K(6464K)
[1073.166s][info][gc             ] GC(2976) Pause Young (Allocation Failure) 659M->381M(682M) 1.509ms
[1073.166s][info][gc,cpu         ] GC(2976) User=0.00s Sys=0.00s Real=0.01s
[1073.604s][info][gc,start       ] GC(2977) Pause Young (Allocation Failure)
[1073.605s][info][gc,heap        ] GC(2977) PSYoungGen: 285248K(308224K)->64K(308736K) Eden: 285184K(285184K)->0K(288768K) From: 64K(23040K)->64K(19968K)
[1073.605s][info][gc,heap        ] GC(2977) ParOldGen: 390181K(390656K)->390197K(390656K)
[1073.605s][info][gc,metaspace   ] GC(2977) Metaspace: 35567K(36352K)->35567K(36352K) NonClass: 29294K(29888K)->29294K(29888K) Class: 6272K(6464K)->6272K(6464K)
[1073.605s][info][gc             ] GC(2977) Pause Young (Allocation Failure) 659M->381M(683M) 1.569ms
[1073.605s][info][gc,cpu         ] GC(2977) User=0.01s Sys=0.01s Real=0.01s
[1073.826s][info][gc,start       ] GC(2978) Pause Young (Allocation Failure)
[1073.827s][info][gc,heap        ] GC(2978) PSYoungGen: 288832K(308736K)->64K(310272K) Eden: 288768K(288768K)->0K(288768K) From: 64K(19968K)->64K(21504K)
[1073.827s][info][gc,heap        ] GC(2978) ParOldGen: 390197K(390656K)->390213K(390656K)
[1073.827s][info][gc,metaspace   ] GC(2978) Metaspace: 35567K(36352K)->35567K(36352K) NonClass: 29294K(29888K)->29294K(29888K) Class: 6272K(6464K)->6272K(6464K)
[1073.827s][info][gc             ] GC(2978) Pause Young (Allocation Failure) 663M->381M(684M) 1.667ms
[1073.827s][info][gc,cpu         ] GC(2978) User=0.00s Sys=0.00s Real=0.00s
[1074.048s][info][gc,start       ] GC(2979) Pause Young (Allocation Failure)
[1074.049s][info][gc,heap        ] GC(2979) PSYoungGen: 288832K(310272K)->64K(309760K) Eden: 288768K(288768K)->0K(291840K) From: 64K(21504K)->64K(17920K)
[1074.049s][info][gc,heap        ] GC(2979) ParOldGen: 390213K(390656K)->390213K(390656K)
[1074.049s][info][gc,metaspace   ] GC(2979) Metaspace: 35567K(36352K)->35567K(36352K) NonClass: 29294K(29888K)->29294K(29888K) Class: 6272K(6464K)->6272K(6464K)
[1074.049s][info][gc             ] GC(2979) Pause Young (Allocation Failure) 663M->381M(684M) 1.540ms
[1074.049s][info][gc,cpu         ] GC(2979) User=0.00s Sys=0.00s Real=0.00s
[1074.417s][info][gc,start       ] GC(2980) Pause Young (Allocation Failure)
[1074.418s][info][gc,heap        ] GC(2980) PSYoungGen: 291904K(309760K)->64K(311296K) Eden: 291840K(291840K)->0K(291840K) From: 64K(17920K)->64K(19456K)
[1074.418s][info][gc,heap        ] GC(2980) ParOldGen: 390213K(390656K)->390213K(390656K)
[1074.418s][info][gc,metaspace   ] GC(2980) Metaspace: 35567K(36352K)->35567K(36352K) NonClass: 29294K(29888K)->29294K(29888K) Class: 6272K(6464K)->6272K(6464K)
[1074.418s][info][gc             ] GC(2980) Pause Young (Allocation Failure) 666M->381M(685M) 1.526ms
[1074.418s][info][gc,cpu         ] GC(2980) User=0.00s Sys=0.00s Real=0.00s
[1074.491s][info][gc,start       ] GC(2981) Pause Young (Allocation Failure)
[1074.492s][info][gc,heap        ] GC(2981) PSYoungGen: 291904K(311296K)->64K(312832K) Eden: 291840K(291840K)->0K(295936K) From: 64K(19456K)->64K(16896K)
[1074.492s][info][gc,heap        ] GC(2981) ParOldGen: 390213K(390656K)->390221K(390656K)
[1074.492s][info][gc,metaspace   ] GC(2981) Metaspace: 35567K(36352K)->35567K(36352K) NonClass: 29294K(29888K)->29294K(29888K) Class: 6272K(6464K)->6272K(6464K)
[1074.492s][info][gc             ] GC(2981) Pause Young (Allocation Failure) 666M->381M(687M) 1.554ms
[1074.492s][info][gc,cpu         ] GC(2981) User=0.00s Sys=0.00s Real=0.00s
[1074.551s][info][gc,start       ] GC(2982) Pause Young (Allocation Failure)
[1074.553s][info][gc,heap        ] GC(2982) PSYoungGen: 296000K(312832K)->64K(313856K) Eden: 295936K(295936K)->0K(295936K) From: 64K(16896K)->64K(17920K)
[1074.553s][info][gc,heap        ] GC(2982) ParOldGen: 390221K(390656K)->390237K(390656K)
[1074.553s][info][gc,metaspace   ] GC(2982) Metaspace: 35567K(36352K)->35567K(36352K) NonClass: 29294K(29888K)->29294K(29888K) Class: 6272K(6464K)->6272K(6464K)
[1074.553s][info][gc             ] GC(2982) Pause Young (Allocation Failure) 670M->381M(688M) 1.464ms
[1074.553s][info][gc,cpu         ] GC(2982) User=0.01s Sys=0.00s Real=0.00s
[1074.802s][info][gc,start       ] GC(2983) Pause Young (Allocation Failure)
[1074.803s][info][gc,heap        ] GC(2983) PSYoungGen: 296000K(313856K)->64K(313856K) Eden: 295936K(295936K)->0K(299008K) From: 64K(17920K)->64K(14848K)
[1074.803s][info][gc,heap        ] GC(2983) ParOldGen: 390237K(390656K)->390237K(390656K)
[1074.803s][info][gc,metaspace   ] GC(2983) Metaspace: 35567K(36352K)->35567K(36352K) NonClass: 29294K(29888K)->29294K(29888K) Class: 6272K(6464K)->6272K(6464K)
[1074.803s][info][gc             ] GC(2983) Pause Young (Allocation Failure) 670M->381M(688M) 1.587ms
[1074.803s][info][gc,cpu         ] GC(2983) User=0.01s Sys=0.00s Real=0.00s
[1075.110s][info][gc,start       ] GC(2984) Pause Young (Allocation Failure)
[1075.111s][info][gc,heap        ] GC(2984) PSYoungGen: 299072K(313856K)->64K(314880K) Eden: 299008K(299008K)->0K(299008K) From: 64K(14848K)->64K(15872K)
[1075.111s][info][gc,heap        ] GC(2984) ParOldGen: 390237K(390656K)->390245K(390656K)
[1075.111s][info][gc,metaspace   ] GC(2984) Metaspace: 35567K(36352K)->35567K(36352K) NonClass: 29294K(29888K)->29294K(29888K) Class: 6272K(6464K)->6272K(6464K)
[1075.111s][info][gc             ] GC(2984) Pause Young (Allocation Failure) 673M->381M(689M) 1.577ms
[1075.111s][info][gc,cpu         ] GC(2984) User=0.00s Sys=0.01s Real=0.00s
[1075.246s][info][gc,start       ] GC(2985) Pause Young (Allocation Failure)
[1075.247s][info][gc,heap        ] GC(2985) PSYoungGen: 299072K(314880K)->64K(316928K) Eden: 299008K(299008K)->0K(303104K) From: 64K(15872K)->64K(13824K)
[1075.247s][info][gc,heap        ] GC(2985) ParOldGen: 390245K(390656K)->390253K(390656K)
[1075.247s][info][gc,metaspace   ] GC(2985) Metaspace: 35567K(36352K)->35567K(36352K) NonClass: 29294K(29888K)->29294K(29888K) Class: 6272K(6464K)->6272K(6464K)
[1075.247s][info][gc             ] GC(2985) Pause Young (Allocation Failure) 673M->381M(691M) 1.577ms
[1075.247s][info][gc,cpu         ] GC(2985) User=0.00s Sys=0.00s Real=0.00s
[1075.344s][info][gc,start       ] GC(2986) Pause Young (Allocation Failure)
[1075.345s][info][gc,heap        ] GC(2986) PSYoungGen: 303168K(316928K)->64K(317440K) Eden: 303104K(303104K)->0K(303104K) From: 64K(13824K)->64K(14336K)
[1075.345s][info][gc,heap        ] GC(2986) ParOldGen: 390253K(390656K)->390261K(390656K)
[1075.345s][info][gc,metaspace   ] GC(2986) Metaspace: 35567K(36352K)->35567K(36352K) NonClass: 29294K(29888K)->29294K(29888K) Class: 6272K(6464K)->6272K(6464K)
[1075.345s][info][gc             ] GC(2986) Pause Young (Allocation Failure) 677M->381M(691M) 1.544ms
[1075.345s][info][gc,cpu         ] GC(2986) User=0.01s Sys=0.00s Real=0.01s
[1075.541s][info][gc,start       ] GC(2987) Pause Young (Allocation Failure)
[1075.542s][info][gc,heap        ] GC(2987) PSYoungGen: 303168K(317440K)->64K(317952K) Eden: 303104K(303104K)->0K(306176K) From: 64K(14336K)->64K(11776K)
[1075.542s][info][gc,heap        ] GC(2987) ParOldGen: 390261K(390656K)->390269K(390656K)
[1075.542s][info][gc,metaspace   ] GC(2987) Metaspace: 35567K(36352K)->35567K(36352K) NonClass: 29294K(29888K)->29294K(29888K) Class: 6272K(6464K)->6272K(6464K)
[1075.542s][info][gc             ] GC(2987) Pause Young (Allocation Failure) 677M->381M(692M) 1.480ms
[1075.542s][info][gc,cpu         ] GC(2987) User=0.00s Sys=0.00s Real=0.00s
[1076.596s][info][gc,start       ] GC(2988) Pause Young (Allocation Failure)
[1076.598s][info][gc,heap        ] GC(2988) PSYoungGen: 306240K(317952K)->83K(294400K) Eden: 306176K(306176K)->0K(293888K) From: 64K(11776K)->83K(512K)
[1076.598s][info][gc,heap        ] GC(2988) ParOldGen: 390269K(390656K)->390277K(390656K)
[1076.598s][info][gc,metaspace   ] GC(2988) Metaspace: 35567K(36352K)->35567K(36352K) NonClass: 29294K(29888K)->29294K(29888K) Class: 6272K(6464K)->6272K(6464K)
[1076.598s][info][gc             ] GC(2988) Pause Young (Allocation Failure) 680M->381M(669M) 2.342ms
[1076.598s][info][gc,cpu         ] GC(2988) User=0.00s Sys=0.00s Real=0.00s
[1077.487s][info][gc,start       ] GC(2989) Pause Young (Allocation Failure)
[1077.489s][info][gc,heap        ] GC(2989) PSYoungGen: 293971K(294400K)->64K(282624K) Eden: 293888K(293888K)->0K(282112K) From: 83K(512K)->64K(512K)
[1077.489s][info][gc,heap        ] GC(2989) ParOldGen: 390277K(390656K)->390285K(390656K)
[1077.489s][info][gc,metaspace   ] GC(2989) Metaspace: 35567K(36352K)->35567K(36352K) NonClass: 29294K(29888K)->29294K(29888K) Class: 6272K(6464K)->6272K(6464K)
[1077.489s][info][gc             ] GC(2989) Pause Young (Allocation Failure) 668M->381M(657M) 1.927ms
[1077.489s][info][gc,cpu         ] GC(2989) User=0.00s Sys=0.00s Real=0.00s
[1077.797s][info][gc,start       ] GC(2990) Pause Young (Allocation Failure)
[1077.798s][info][gc,heap        ] GC(2990) PSYoungGen: 282176K(282624K)->64K(281600K) Eden: 282112K(282112K)->0K(270848K) From: 64K(512K)->64K(10752K)
[1077.798s][info][gc,heap        ] GC(2990) ParOldGen: 390285K(390656K)->390293K(390656K)
[1077.798s][info][gc,metaspace   ] GC(2990) Metaspace: 35567K(36352K)->35567K(36352K) NonClass: 29294K(29888K)->29294K(29888K) Class: 6272K(6464K)->6272K(6464K)
[1077.798s][info][gc             ] GC(2990) Pause Young (Allocation Failure) 656M->381M(656M) 1.556ms
[1077.798s][info][gc,cpu         ] GC(2990) User=0.00s Sys=0.00s Real=0.00s
[1078.207s][info][gc,start       ] GC(2991) Pause Young (Allocation Failure)
[1078.209s][info][gc,heap        ] GC(2991) PSYoungGen: 270912K(281600K)->64K(261120K) Eden: 270848K(270848K)->0K(260608K) From: 64K(10752K)->64K(512K)
[1078.209s][info][gc,heap        ] GC(2991) ParOldGen: 390293K(390656K)->390301K(390656K)
[1078.209s][info][gc,metaspace   ] GC(2991) Metaspace: 35567K(36352K)->35567K(36352K) NonClass: 29294K(29888K)->29294K(29888K) Class: 6272K(6464K)->6272K(6464K)
[1078.209s][info][gc             ] GC(2991) Pause Young (Allocation Failure) 645M->381M(636M) 2.135ms
[1078.209s][info][gc,cpu         ] GC(2991) User=0.00s Sys=0.00s Real=0.00s
[1079.229s][info][gc,start       ] GC(2992) Pause Young (Allocation Failure)
[1079.231s][info][gc,heap        ] GC(2992) PSYoungGen: 260672K(261120K)->64K(260608K) Eden: 260608K(260608K)->0K(250880K) From: 64K(512K)->64K(9728K)
[1079.231s][info][gc,heap        ] GC(2992) ParOldGen: 390301K(390656K)->390309K(390656K)
[1079.231s][info][gc,metaspace   ] GC(2992) Metaspace: 35567K(36352K)->35567K(36352K) NonClass: 29294K(29888K)->29294K(29888K) Class: 6272K(6464K)->6272K(6464K)
[1079.231s][info][gc             ] GC(2992) Pause Young (Allocation Failure) 635M->381M(636M) 2.199ms
[1079.231s][info][gc,cpu         ] GC(2992) User=0.01s Sys=0.00s Real=0.00s
[1079.581s][info][gc,start       ] GC(2993) Pause Young (Allocation Failure)
[1079.584s][info][gc,heap        ] GC(2993) PSYoungGen: 250944K(260608K)->64K(241664K) Eden: 250880K(250880K)->0K(241152K) From: 64K(9728K)->64K(512K)
[1079.584s][info][gc,heap        ] GC(2993) ParOldGen: 390309K(390656K)->390317K(390656K)
[1079.584s][info][gc,metaspace   ] GC(2993) Metaspace: 35567K(36352K)->35567K(36352K) NonClass: 29294K(29888K)->29294K(29888K) Class: 6272K(6464K)->6272K(6464K)
[1079.584s][info][gc             ] GC(2993) Pause Young (Allocation Failure) 626M->381M(617M) 3.375ms
[1079.584s][info][gc,cpu         ] GC(2993) User=0.01s Sys=0.00s Real=0.00s
[1079.739s][info][gc,start       ] GC(2994) Pause Young (Allocation Failure)
[1079.742s][info][gc,heap        ] GC(2994) PSYoungGen: 241216K(241664K)->64K(240128K) Eden: 241152K(241152K)->0K(231936K) From: 64K(512K)->64K(8192K)
[1079.742s][info][gc,heap        ] GC(2994) ParOldGen: 390317K(390656K)->390325K(390656K)
[1079.742s][info][gc,metaspace   ] GC(2994) Metaspace: 35567K(36352K)->35567K(36352K) NonClass: 29294K(29888K)->29294K(29888K) Class: 6272K(6464K)->6272K(6464K)
[1079.742s][info][gc             ] GC(2994) Pause Young (Allocation Failure) 616M->381M(616M) 2.647ms
[1079.742s][info][gc,cpu         ] GC(2994) User=0.01s Sys=0.00s Real=0.00s
[1079.921s][info][gc,start       ] GC(2995) Pause Young (Allocation Failure)
[1079.924s][info][gc,heap        ] GC(2995) PSYoungGen: 232000K(240128K)->64K(280576K) Eden: 231936K(231936K)->0K(274432K) From: 64K(8192K)->64K(6144K)
[1079.924s][info][gc,heap        ] GC(2995) ParOldGen: 390325K(390656K)->390333K(390656K)
[1079.924s][info][gc,metaspace   ] GC(2995) Metaspace: 35567K(36352K)->35567K(36352K) NonClass: 29294K(29888K)->29294K(29888K) Class: 6272K(6464K)->6272K(6464K)
[1079.924s][info][gc             ] GC(2995) Pause Young (Allocation Failure) 607M->381M(655M) 3.118ms
[1079.924s][info][gc,cpu         ] GC(2995) User=0.01s Sys=0.00s Real=0.00s
[1080.518s][info][gc,start       ] GC(2996) Pause Young (Allocation Failure)
[1080.522s][info][gc,heap        ] GC(2996) PSYoungGen: 274496K(280576K)->64K(264192K) Eden: 274432K(274432K)->0K(263680K) From: 64K(6144K)->64K(512K)
[1080.522s][info][gc,heap        ] GC(2996) ParOldGen: 390333K(390656K)->390341K(390656K)
[1080.522s][info][gc,metaspace   ] GC(2996) Metaspace: 35567K(36352K)->35567K(36352K) NonClass: 29294K(29888K)->29294K(29888K) Class: 6272K(6464K)->6272K(6464K)
[1080.522s][info][gc             ] GC(2996) Pause Young (Allocation Failure) 649M->381M(639M) 3.405ms
[1080.522s][info][gc,cpu         ] GC(2996) User=0.00s Sys=0.00s Real=0.00s
[1080.899s][info][gc,start       ] GC(2997) Pause Young (Allocation Failure)
[1080.905s][info][gc,heap        ] GC(2997) PSYoungGen: 263744K(264192K)->1216K(276992K) Eden: 263680K(263680K)->0K(270336K) From: 64K(512K)->1216K(6656K)
[1080.905s][info][gc,heap        ] GC(2997) ParOldGen: 390341K(390656K)->390349K(390656K)
[1080.905s][info][gc,metaspace   ] GC(2997) Metaspace: 35567K(36352K)->35567K(36352K) NonClass: 29294K(29888K)->29294K(29888K) Class: 6272K(6464K)->6272K(6464K)
[1080.905s][info][gc             ] GC(2997) Pause Young (Allocation Failure) 638M->382M(652M) 6.079ms
[1080.905s][info][gc,cpu         ] GC(2997) User=0.01s Sys=0.00s Real=0.00s
[1081.182s][info][gc,start       ] GC(2998) Pause Young (Allocation Failure)
[1081.269s][info][gc,heap        ] GC(2998) PSYoungGen: 271552K(276992K)->6144K(276480K) Eden: 270336K(270336K)->0K(270336K) From: 1216K(6656K)->6144K(6144K)
[1081.269s][info][gc,heap        ] GC(2998) ParOldGen: 390349K(390656K)->412733K(413184K)
[1081.269s][info][gc,metaspace   ] GC(2998) Metaspace: 35567K(36352K)->35567K(36352K) NonClass: 29294K(29888K)->29294K(29888K) Class: 6272K(6464K)->6272K(6464K)
[1081.269s][info][gc             ] GC(2998) Pause Young (Allocation Failure) 646M->409M(673M) 87.224ms
[1081.269s][info][gc,cpu         ] GC(2998) User=0.11s Sys=0.01s Real=0.09s
[1081.553s][info][gc,start       ] GC(2999) Pause Young (Allocation Failure)
[1081.648s][info][gc,heap        ] GC(2999) PSYoungGen: 276480K(276480K)->15872K(300544K) Eden: 270336K(270336K)->0K(284672K) From: 6144K(6144K)->15872K(15872K)
[1081.648s][info][gc,heap        ] GC(2999) ParOldGen: 412733K(413184K)->426205K(426496K)
[1081.648s][info][gc,metaspace   ] GC(2999) Metaspace: 35567K(36352K)->35567K(36352K) NonClass: 29294K(29888K)->29294K(29888K) Class: 6272K(6464K)->6272K(6464K)
[1081.648s][info][gc             ] GC(2999) Pause Young (Allocation Failure) 673M->431M(710M) 94.440ms
[1081.648s][info][gc,cpu         ] GC(2999) User=0.16s Sys=0.03s Real=0.10s
[1081.803s][info][gc,start       ] GC(3000) Pause Young (Allocation Failure)
[1081.829s][info][gc,heap        ] GC(3000) PSYoungGen: 300544K(300544K)->10720K(309248K) Eden: 284672K(284672K)->0K(284672K) From: 15872K(15872K)->10720K(24576K)
[1081.829s][info][gc,heap        ] GC(3000) ParOldGen: 426205K(426496K)->426685K(427008K)
[1081.829s][info][gc,metaspace   ] GC(3000) Metaspace: 35567K(36352K)->35567K(36352K) NonClass: 29294K(29888K)->29294K(29888K) Class: 6272K(6464K)->6272K(6464K)
[1081.829s][info][gc             ] GC(3000) Pause Young (Allocation Failure) 709M->427M(719M) 26.376ms
[1081.829s][info][gc,cpu         ] GC(3000) User=0.05s Sys=0.00s Real=0.03s
[1082.243s][info][gc,start       ] GC(3001) Pause Young (Allocation Failure)
[1082.244s][info][gc,heap        ] GC(3001) PSYoungGen: 295392K(309248K)->64K(307712K) Eden: 284672K(284672K)->0K(285184K) From: 10720K(24576K)->64K(22528K)
[1082.244s][info][gc,heap        ] GC(3001) ParOldGen: 426685K(427008K)->426693K(427008K)
[1082.244s][info][gc,metaspace   ] GC(3001) Metaspace: 35567K(36352K)->35567K(36352K) NonClass: 29294K(29888K)->29294K(29888K) Class: 6272K(6464K)->6272K(6464K)
[1082.245s][info][gc             ] GC(3001) Pause Young (Allocation Failure) 705M->416M(717M) 1.796ms
[1082.245s][info][gc,cpu         ] GC(3001) User=0.01s Sys=0.00s Real=0.00s
[1082.835s][info][gc,start       ] GC(3002) Pause Young (Allocation Failure)
[1082.837s][info][gc,heap        ] GC(3002) PSYoungGen: 285248K(307712K)->64K(308736K) Eden: 285184K(285184K)->0K(285184K) From: 64K(22528K)->64K(23552K)
[1082.837s][info][gc,heap        ] GC(3002) ParOldGen: 426693K(427008K)->426701K(427008K)
[1082.837s][info][gc,metaspace   ] GC(3002) Metaspace: 35569K(36352K)->35569K(36352K) NonClass: 29296K(29888K)->29296K(29888K) Class: 6272K(6464K)->6272K(6464K)
[1082.837s][info][gc             ] GC(3002) Pause Young (Allocation Failure) 695M->416M(718M) 1.710ms
[1082.837s][info][gc,cpu         ] GC(3002) User=0.00s Sys=0.00s Real=0.01s
[1083.285s][info][gc,start       ] GC(3003) Pause Young (Allocation Failure)
[1083.287s][info][gc,heap        ] GC(3003) PSYoungGen: 285248K(308736K)->64K(307712K) Eden: 285184K(285184K)->0K(287232K) From: 64K(23552K)->64K(20480K)
[1083.287s][info][gc,heap        ] GC(3003) ParOldGen: 426701K(427008K)->426717K(427008K)
[1083.287s][info][gc,metaspace   ] GC(3003) Metaspace: 35569K(36352K)->35569K(36352K) NonClass: 29296K(29888K)->29296K(29888K) Class: 6272K(6464K)->6272K(6464K)
[1083.287s][info][gc             ] GC(3003) Pause Young (Allocation Failure) 695M->416M(717M) 1.782ms
[1083.287s][info][gc,cpu         ] GC(3003) User=0.00s Sys=0.00s Real=0.01s
[1083.502s][info][gc,start       ] GC(3004) Pause Young (Allocation Failure)
[1083.504s][info][gc,heap        ] GC(3004) PSYoungGen: 287296K(307712K)->64K(309248K) Eden: 287232K(287232K)->0K(287232K) From: 64K(20480K)->64K(22016K)
[1083.504s][info][gc,heap        ] GC(3004) ParOldGen: 426717K(427008K)->426733K(427008K)
[1083.504s][info][gc,metaspace   ] GC(3004) Metaspace: 35569K(36352K)->35569K(36352K) NonClass: 29296K(29888K)->29296K(29888K) Class: 6272K(6464K)->6272K(6464K)
[1083.504s][info][gc             ] GC(3004) Pause Young (Allocation Failure) 697M->416M(719M) 1.569ms
[1083.504s][info][gc,cpu         ] GC(3004) User=0.01s Sys=0.00s Real=0.00s
[1083.719s][info][gc,start       ] GC(3005) Pause Young (Allocation Failure)
[1083.721s][info][gc,heap        ] GC(3005) PSYoungGen: 287296K(309248K)->32K(310272K) Eden: 287232K(287232K)->0K(290816K) From: 64K(22016K)->32K(19456K)
[1083.721s][info][gc,heap        ] GC(3005) ParOldGen: 426733K(427008K)->426733K(427008K)
[1083.721s][info][gc,metaspace   ] GC(3005) Metaspace: 35569K(36352K)->35569K(36352K) NonClass: 29296K(29888K)->29296K(29888K) Class: 6272K(6464K)->6272K(6464K)
[1083.721s][info][gc             ] GC(3005) Pause Young (Allocation Failure) 697M->416M(720M) 1.579ms
[1083.721s][info][gc,cpu         ] GC(3005) User=0.00s Sys=0.00s Real=0.00s
[1084.067s][info][gc,start       ] GC(3006) Pause Young (Allocation Failure)
[1084.068s][info][gc,heap        ] GC(3006) PSYoungGen: 290848K(310272K)->64K(311296K) Eden: 290816K(290816K)->0K(290816K) From: 32K(19456K)->64K(20480K)
[1084.068s][info][gc,heap        ] GC(3006) ParOldGen: 426733K(427008K)->426733K(427008K)
[1084.068s][info][gc,metaspace   ] GC(3006) Metaspace: 35569K(36352K)->35569K(36352K) NonClass: 29296K(29888K)->29296K(29888K) Class: 6272K(6464K)->6272K(6464K)
[1084.068s][info][gc             ] GC(3006) Pause Young (Allocation Failure) 700M->416M(721M) 1.590ms
[1084.068s][info][gc,cpu         ] GC(3006) User=0.00s Sys=0.00s Real=0.00s
[1084.204s][info][gc,start       ] GC(3007) Pause Young (Allocation Failure)
[1084.205s][info][gc,heap        ] GC(3007) PSYoungGen: 290880K(311296K)->64K(311296K) Eden: 290816K(290816K)->0K(293888K) From: 64K(20480K)->64K(17408K)
[1084.205s][info][gc,heap        ] GC(3007) ParOldGen: 426733K(427008K)->426741K(427008K)
[1084.205s][info][gc,metaspace   ] GC(3007) Metaspace: 35569K(36352K)->35569K(36352K) NonClass: 29296K(29888K)->29296K(29888K) Class: 6272K(6464K)->6272K(6464K)
[1084.205s][info][gc             ] GC(3007) Pause Young (Allocation Failure) 700M->416M(721M) 1.697ms
[1084.205s][info][gc,cpu         ] GC(3007) User=0.01s Sys=0.00s Real=0.01s
[1084.261s][info][gc,start       ] GC(3008) Pause Young (Allocation Failure)
[1084.263s][info][gc,heap        ] GC(3008) PSYoungGen: 293952K(311296K)->64K(312320K) Eden: 293888K(293888K)->0K(293888K) From: 64K(17408K)->64K(18432K)
[1084.263s][info][gc,heap        ] GC(3008) ParOldGen: 426741K(427008K)->426757K(427008K)
[1084.263s][info][gc,metaspace   ] GC(3008) Metaspace: 35569K(36352K)->35569K(36352K) NonClass: 29296K(29888K)->29296K(29888K) Class: 6272K(6464K)->6272K(6464K)
[1084.263s][info][gc             ] GC(3008) Pause Young (Allocation Failure) 703M->416M(722M) 1.655ms
[1084.263s][info][gc,cpu         ] GC(3008) User=0.00s Sys=0.00s Real=0.00s
[1084.458s][info][gc,start       ] GC(3009) Pause Young (Allocation Failure)
[1084.460s][info][gc,heap        ] GC(3009) PSYoungGen: 293952K(312320K)->64K(313344K) Eden: 293888K(293888K)->0K(297984K) From: 64K(18432K)->64K(15360K)
[1084.460s][info][gc,heap        ] GC(3009) ParOldGen: 426757K(427008K)->426757K(427008K)
[1084.460s][info][gc,metaspace   ] GC(3009) Metaspace: 35569K(36352K)->35569K(36352K) NonClass: 29296K(29888K)->29296K(29888K) Class: 6272K(6464K)->6272K(6464K)
[1084.460s][info][gc             ] GC(3009) Pause Young (Allocation Failure) 703M->416M(723M) 1.685ms
[1084.460s][info][gc,cpu         ] GC(3009) User=0.00s Sys=0.00s Real=0.00s
[1084.797s][info][gc,start       ] GC(3010) Pause Young (Allocation Failure)
[1084.799s][info][gc,heap        ] GC(3010) PSYoungGen: 298048K(313344K)->64K(314368K) Eden: 297984K(297984K)->0K(297984K) From: 64K(15360K)->64K(16384K)
[1084.799s][info][gc,heap        ] GC(3010) ParOldGen: 426757K(427008K)->426765K(427008K)
[1084.799s][info][gc,metaspace   ] GC(3010) Metaspace: 35569K(36352K)->35569K(36352K) NonClass: 29296K(29888K)->29296K(29888K) Class: 6272K(6464K)->6272K(6464K)
[1084.799s][info][gc             ] GC(3010) Pause Young (Allocation Failure) 707M->416M(724M) 1.659ms
[1084.799s][info][gc,cpu         ] GC(3010) User=0.01s Sys=0.00s Real=0.00s
[1084.960s][info][gc,start       ] GC(3011) Pause Young (Allocation Failure)
[1084.961s][info][gc,heap        ] GC(3011) PSYoungGen: 298048K(314368K)->64K(315392K) Eden: 297984K(297984K)->0K(302080K) From: 64K(16384K)->64K(13312K)
[1084.961s][info][gc,heap        ] GC(3011) ParOldGen: 426765K(427008K)->426773K(427008K)
[1084.961s][info][gc,metaspace   ] GC(3011) Metaspace: 35569K(36352K)->35569K(36352K) NonClass: 29296K(29888K)->29296K(29888K) Class: 6272K(6464K)->6272K(6464K)
[1084.961s][info][gc             ] GC(3011) Pause Young (Allocation Failure) 707M->416M(725M) 1.674ms
[1084.961s][info][gc,cpu         ] GC(3011) User=0.00s Sys=0.00s Real=0.00s
[1085.045s][info][gc,start       ] GC(3012) Pause Young (Allocation Failure)
[1085.047s][info][gc,heap        ] GC(3012) PSYoungGen: 302144K(315392K)->64K(316416K) Eden: 302080K(302080K)->0K(302080K) From: 64K(13312K)->64K(14336K)
[1085.047s][info][gc,heap        ] GC(3012) ParOldGen: 426773K(427008K)->426789K(427008K)
[1085.047s][info][gc,metaspace   ] GC(3012) Metaspace: 35569K(36352K)->35569K(36352K) NonClass: 29296K(29888K)->29296K(29888K) Class: 6272K(6464K)->6272K(6464K)
[1085.047s][info][gc             ] GC(3012) Pause Young (Allocation Failure) 711M->416M(726M) 1.662ms
[1085.047s][info][gc,cpu         ] GC(3012) User=0.00s Sys=0.00s Real=0.01s
[1085.231s][info][gc,start       ] GC(3013) Pause Young (Allocation Failure)
[1085.232s][info][gc,heap        ] GC(3013) PSYoungGen: 302144K(316416K)->64K(316928K) Eden: 302080K(302080K)->0K(305664K) From: 64K(14336K)->64K(11264K)
[1085.232s][info][gc,heap        ] GC(3013) ParOldGen: 426789K(427008K)->426789K(427008K)
[1085.232s][info][gc,metaspace   ] GC(3013) Metaspace: 35569K(36352K)->35569K(36352K) NonClass: 29296K(29888K)->29296K(29888K) Class: 6272K(6464K)->6272K(6464K)
[1085.232s][info][gc             ] GC(3013) Pause Young (Allocation Failure) 711M->416M(726M) 1.664ms
[1085.232s][info][gc,cpu         ] GC(3013) User=0.00s Sys=0.00s Real=0.00s
[1086.209s][info][gc,start       ] GC(3014) Pause Young (Allocation Failure)
[1086.212s][info][gc,heap        ] GC(3014) PSYoungGen: 305728K(316928K)->64K(318464K) Eden: 305664K(305664K)->0K(305664K) From: 64K(11264K)->64K(12800K)
[1086.212s][info][gc,heap        ] GC(3014) ParOldGen: 426789K(427008K)->426797K(427008K)
[1086.212s][info][gc,metaspace   ] GC(3014) Metaspace: 35569K(36352K)->35569K(36352K) NonClass: 29296K(29888K)->29296K(29888K) Class: 6272K(6464K)->6272K(6464K)
[1086.212s][info][gc             ] GC(3014) Pause Young (Allocation Failure) 715M->416M(728M) 2.320ms
[1086.212s][info][gc,cpu         ] GC(3014) User=0.00s Sys=0.00s Real=0.00s
[1087.149s][info][gc,start       ] GC(3015) Pause Young (Allocation Failure)
[1087.153s][info][gc,heap        ] GC(3015) PSYoungGen: 305728K(318464K)->64K(293888K) Eden: 305664K(305664K)->0K(293376K) From: 64K(12800K)->64K(512K)
[1087.153s][info][gc,heap        ] GC(3015) ParOldGen: 426797K(427008K)->426805K(427008K)
[1087.153s][info][gc,metaspace   ] GC(3015) Metaspace: 35569K(36352K)->35569K(36352K) NonClass: 29296K(29888K)->29296K(29888K) Class: 6272K(6464K)->6272K(6464K)
[1087.153s][info][gc             ] GC(3015) Pause Young (Allocation Failure) 715M->416M(704M) 3.741ms
[1087.153s][info][gc,cpu         ] GC(3015) User=0.01s Sys=0.00s Real=0.00s
[1087.489s][info][gc,start       ] GC(3016) Pause Young (Allocation Failure)
[1087.492s][info][gc,heap        ] GC(3016) PSYoungGen: 293440K(293888K)->64K(292864K) Eden: 293376K(293376K)->0K(281600K) From: 64K(512K)->64K(11264K)
[1087.492s][info][gc,heap        ] GC(3016) ParOldGen: 426805K(427008K)->426821K(427008K)
[1087.492s][info][gc,metaspace   ] GC(3016) Metaspace: 35569K(36352K)->35569K(36352K) NonClass: 29296K(29888K)->29296K(29888K) Class: 6272K(6464K)->6272K(6464K)
[1087.492s][info][gc             ] GC(3016) Pause Young (Allocation Failure) 703M->416M(703M) 2.913ms
[1087.492s][info][gc,cpu         ] GC(3016) User=0.00s Sys=0.00s Real=0.00s
[1087.949s][info][gc,start       ] GC(3017) Pause Young (Allocation Failure)
[1087.952s][info][gc,heap        ] GC(3017) PSYoungGen: 281664K(292864K)->64K(271360K) Eden: 281600K(281600K)->0K(270848K) From: 64K(11264K)->64K(512K)
[1087.952s][info][gc,heap        ] GC(3017) ParOldGen: 426821K(427008K)->426829K(427008K)
[1087.952s][info][gc,metaspace   ] GC(3017) Metaspace: 35569K(36352K)->35569K(36352K) NonClass: 29296K(29888K)->29296K(29888K) Class: 6272K(6464K)->6272K(6464K)
[1087.952s][info][gc             ] GC(3017) Pause Young (Allocation Failure) 691M->416M(682M) 3.227ms
[1087.952s][info][gc,cpu         ] GC(3017) User=0.00s Sys=0.00s Real=0.00s
[1088.911s][info][gc,start       ] GC(3018) Pause Young (Allocation Failure)
[1088.914s][info][gc,heap        ] GC(3018) PSYoungGen: 270912K(271360K)->64K(270336K) Eden: 270848K(270848K)->0K(260608K) From: 64K(512K)->64K(9728K)
[1088.914s][info][gc,heap        ] GC(3018) ParOldGen: 426829K(427008K)->426837K(427008K)
[1088.914s][info][gc,metaspace   ] GC(3018) Metaspace: 35569K(36352K)->35569K(36352K) NonClass: 29296K(29888K)->29296K(29888K) Class: 6272K(6464K)->6272K(6464K)
[1088.914s][info][gc             ] GC(3018) Pause Young (Allocation Failure) 681M->416M(681M) 2.839ms
[1088.914s][info][gc,cpu         ] GC(3018) User=0.00s Sys=0.00s Real=0.00s
[1089.290s][info][gc,start       ] GC(3019) Pause Young (Allocation Failure)
[1089.293s][info][gc,heap        ] GC(3019) PSYoungGen: 260672K(270336K)->64K(251392K) Eden: 260608K(260608K)->0K(250880K) From: 64K(9728K)->64K(512K)
[1089.293s][info][gc,heap        ] GC(3019) ParOldGen: 426837K(427008K)->426853K(427008K)
[1089.293s][info][gc,metaspace   ] GC(3019) Metaspace: 35569K(36352K)->35569K(36352K) NonClass: 29296K(29888K)->29296K(29888K) Class: 6272K(6464K)->6272K(6464K)
[1089.293s][info][gc             ] GC(3019) Pause Young (Allocation Failure) 671M->416M(662M) 3.410ms
[1089.293s][info][gc,cpu         ] GC(3019) User=0.01s Sys=0.00s Real=0.00s
[1089.454s][info][gc,start       ] GC(3020) Pause Young (Allocation Failure)
[1089.457s][info][gc,heap        ] GC(3020) PSYoungGen: 250944K(251392K)->64K(294400K) Eden: 250880K(250880K)->0K(285696K) From: 64K(512K)->64K(8704K)
[1089.457s][info][gc,heap        ] GC(3020) ParOldGen: 426853K(427008K)->426861K(427008K)
[1089.457s][info][gc,metaspace   ] GC(3020) Metaspace: 35569K(36352K)->35569K(36352K) NonClass: 29296K(29888K)->29296K(29888K) Class: 6272K(6464K)->6272K(6464K)
[1089.457s][info][gc             ] GC(3020) Pause Young (Allocation Failure) 661M->416M(704M) 2.862ms
[1089.457s][info][gc,cpu         ] GC(3020) User=0.00s Sys=0.00s Real=0.01s
[1089.766s][info][gc,start       ] GC(3021) Pause Young (Allocation Failure)
[1089.769s][info][gc,heap        ] GC(3021) PSYoungGen: 285760K(294400K)->64K(274944K) Eden: 285696K(285696K)->0K(274432K) From: 64K(8704K)->64K(512K)
[1089.769s][info][gc,heap        ] GC(3021) ParOldGen: 426861K(427008K)->426869K(427008K)
[1089.769s][info][gc,metaspace   ] GC(3021) Metaspace: 35569K(36352K)->35569K(36352K) NonClass: 29296K(29888K)->29296K(29888K) Class: 6272K(6464K)->6272K(6464K)
[1089.769s][info][gc             ] GC(3021) Pause Young (Allocation Failure) 695M->416M(685M) 2.896ms
[1089.769s][info][gc,cpu         ] GC(3021) User=0.00s Sys=0.00s Real=0.00s
[1090.218s][info][gc,start       ] GC(3022) Pause Young (Allocation Failure)
[1090.221s][info][gc,heap        ] GC(3022) PSYoungGen: 274496K(274944K)->64K(270848K) Eden: 274432K(274432K)->0K(263680K) From: 64K(512K)->64K(7168K)
[1090.221s][info][gc,heap        ] GC(3022) ParOldGen: 426869K(427008K)->426877K(427008K)
[1090.221s][info][gc,metaspace   ] GC(3022) Metaspace: 35569K(36352K)->35569K(36352K) NonClass: 29296K(29888K)->29296K(29888K) Class: 6272K(6464K)->6272K(6464K)
[1090.221s][info][gc             ] GC(3022) Pause Young (Allocation Failure) 684M->416M(681M) 2.870ms
[1090.221s][info][gc,cpu         ] GC(3022) User=0.01s Sys=0.00s Real=0.00s
[1090.641s][info][gc,start       ] GC(3023) Pause Young (Allocation Failure)
[1090.666s][info][gc,heap        ] GC(3023) PSYoungGen: 263744K(270848K)->6656K(296448K) Eden: 263680K(263680K)->0K(289792K) From: 64K(7168K)->6656K(6656K)
[1090.666s][info][gc,heap        ] GC(3023) ParOldGen: 426877K(427008K)->427509K(427520K)
[1090.666s][info][gc,metaspace   ] GC(3023) Metaspace: 35569K(36352K)->35569K(36352K) NonClass: 29296K(29888K)->29296K(29888K) Class: 6272K(6464K)->6272K(6464K)
[1090.666s][info][gc             ] GC(3023) Pause Young (Allocation Failure) 674M->423M(707M) 25.281ms
[1090.666s][info][gc,cpu         ] GC(3023) User=0.03s Sys=0.01s Real=0.03s
[1090.972s][info][gc,start       ] GC(3024) Pause Young (Allocation Failure)
[1091.035s][info][gc,heap        ] GC(3024) PSYoungGen: 296448K(296448K)->8704K(298496K) Eden: 289792K(289792K)->0K(289792K) From: 6656K(6656K)->8704K(8704K)
[1091.035s][info][gc,heap        ] GC(3024) ParOldGen: 427509K(427520K)->449405K(449536K)
[1091.035s][info][gc,metaspace   ] GC(3024) Metaspace: 35569K(36352K)->35569K(36352K) NonClass: 29296K(29888K)->29296K(29888K) Class: 6272K(6464K)->6272K(6464K)
[1091.035s][info][gc             ] GC(3024) Pause Young (Allocation Failure) 706M->447M(730M) 62.823ms
[1091.035s][info][gc,cpu         ] GC(3024) User=0.10s Sys=0.01s Real=0.06s
[1091.338s][info][gc,start       ] GC(3025) Pause Young (Allocation Failure)
[1091.409s][info][gc,heap        ] GC(3025) PSYoungGen: 298496K(298496K)->18944K(297472K) Eden: 289792K(289792K)->0K(278528K) From: 8704K(8704K)->18944K(18944K)
[1091.409s][info][gc,heap        ] GC(3025) ParOldGen: 449405K(449536K)->461829K(462336K)
[1091.409s][info][gc,metaspace   ] GC(3025) Metaspace: 35569K(36352K)->35569K(36352K) NonClass: 29296K(29888K)->29296K(29888K) Class: 6272K(6464K)->6272K(6464K)
[1091.409s][info][gc             ] GC(3025) Pause Young (Allocation Failure) 730M->469M(742M) 71.352ms
[1091.409s][info][gc,cpu         ] GC(3025) User=0.13s Sys=0.02s Real=0.07s
[1091.501s][info][gc,start       ] GC(3026) Pause Young (Allocation Failure)
[1091.507s][info][gc,heap        ] GC(3026) PSYoungGen: 297472K(297472K)->576K(306176K) Eden: 278528K(278528K)->0K(278528K) From: 18944K(18944K)->576K(27648K)
[1091.507s][info][gc,heap        ] GC(3026) ParOldGen: 461829K(462336K)->462277K(462336K)
[1091.507s][info][gc,metaspace   ] GC(3026) Metaspace: 35569K(36352K)->35569K(36352K) NonClass: 29296K(29888K)->29296K(29888K) Class: 6272K(6464K)->6272K(6464K)
[1091.507s][info][gc             ] GC(3026) Pause Young (Allocation Failure) 741M->452M(750M) 6.008ms
[1091.507s][info][gc,cpu         ] GC(3026) User=0.02s Sys=0.00s Real=0.01s
[1092.099s][info][gc,start       ] GC(3027) Pause Young (Allocation Failure)
[1092.101s][info][gc,heap        ] GC(3027) PSYoungGen: 279104K(306176K)->64K(303104K) Eden: 278528K(278528K)->0K(279552K) From: 576K(27648K)->64K(23552K)
[1092.101s][info][gc,heap        ] GC(3027) ParOldGen: 462277K(462336K)->462285K(462336K)
[1092.101s][info][gc,metaspace   ] GC(3027) Metaspace: 35569K(36352K)->35569K(36352K) NonClass: 29296K(29888K)->29296K(29888K) Class: 6272K(6464K)->6272K(6464K)
[1092.101s][info][gc             ] GC(3027) Pause Young (Allocation Failure) 724M->451M(747M) 1.957ms
[1092.101s][info][gc,cpu         ] GC(3027) User=0.00s Sys=0.00s Real=0.00s
[1092.594s][info][gc,start       ] GC(3028) Pause Young (Allocation Failure)
[1092.596s][info][gc,heap        ] GC(3028) PSYoungGen: 279616K(303104K)->128K(305152K) Eden: 279552K(279552K)->0K(279552K) From: 64K(23552K)->128K(25600K)
[1092.596s][info][gc,heap        ] GC(3028) ParOldGen: 462285K(462336K)->462293K(462336K)
[1092.596s][info][gc,metaspace   ] GC(3028) Metaspace: 35635K(36352K)->35635K(36352K) NonClass: 29361K(29888K)->29361K(29888K) Class: 6273K(6464K)->6273K(6464K)
[1092.596s][info][gc             ] GC(3028) Pause Young (Allocation Failure) 724M->451M(749M) 2.387ms
[1092.596s][info][gc,cpu         ] GC(3028) User=0.01s Sys=0.00s Real=0.01s
[1093.035s][info][gc,start       ] GC(3029) Pause Young (Allocation Failure)
[1093.037s][info][gc,heap        ] GC(3029) PSYoungGen: 279680K(305152K)->64K(305152K) Eden: 279552K(279552K)->0K(283648K) From: 128K(25600K)->64K(21504K)
[1093.037s][info][gc,heap        ] GC(3029) ParOldGen: 462293K(462336K)->462389K(462848K)
[1093.037s][info][gc,metaspace   ] GC(3029) Metaspace: 35635K(36352K)->35635K(36352K) NonClass: 29361K(29888K)->29361K(29888K) Class: 6273K(6464K)->6273K(6464K)
[1093.037s][info][gc             ] GC(3029) Pause Young (Allocation Failure) 724M->451M(750M) 1.882ms
[1093.037s][info][gc,cpu         ] GC(3029) User=0.00s Sys=0.00s Real=0.01s
[1093.253s][info][gc,start       ] GC(3030) Pause Young (Allocation Failure)
[1093.254s][info][gc,heap        ] GC(3030) PSYoungGen: 283712K(305152K)->64K(307200K) Eden: 283648K(283648K)->0K(283648K) From: 64K(21504K)->64K(23552K)
[1093.254s][info][gc,heap        ] GC(3030) ParOldGen: 462389K(462848K)->462405K(462848K)
[1093.254s][info][gc,metaspace   ] GC(3030) Metaspace: 35635K(36352K)->35635K(36352K) NonClass: 29361K(29888K)->29361K(29888K) Class: 6273K(6464K)->6273K(6464K)
[1093.254s][info][gc             ] GC(3030) Pause Young (Allocation Failure) 728M->451M(752M) 1.759ms
[1093.254s][info][gc,cpu         ] GC(3030) User=0.01s Sys=0.00s Real=0.00s
[1093.472s][info][gc,start       ] GC(3031) Pause Young (Allocation Failure)
[1093.473s][info][gc,heap        ] GC(3031) PSYoungGen: 283712K(307200K)->64K(307200K) Eden: 283648K(283648K)->0K(287744K) From: 64K(23552K)->64K(19456K)
[1093.473s][info][gc,heap        ] GC(3031) ParOldGen: 462405K(462848K)->462405K(462848K)
[1093.473s][info][gc,metaspace   ] GC(3031) Metaspace: 35635K(36352K)->35635K(36352K) NonClass: 29361K(29888K)->29361K(29888K) Class: 6273K(6464K)->6273K(6464K)
[1093.473s][info][gc             ] GC(3031) Pause Young (Allocation Failure) 728M->451M(752M) 1.761ms
[1093.473s][info][gc,cpu         ] GC(3031) User=0.00s Sys=0.00s Real=0.00s
[1093.825s][info][gc,start       ] GC(3032) Pause Young (Allocation Failure)
[1093.827s][info][gc,heap        ] GC(3032) PSYoungGen: 287808K(307200K)->64K(309248K) Eden: 287744K(287744K)->0K(287744K) From: 64K(19456K)->64K(21504K)
[1093.827s][info][gc,heap        ] GC(3032) ParOldGen: 462405K(462848K)->462405K(462848K)
[1093.827s][info][gc,metaspace   ] GC(3032) Metaspace: 35635K(36352K)->35635K(36352K) NonClass: 29361K(29888K)->29361K(29888K) Class: 6273K(6464K)->6273K(6464K)
[1093.827s][info][gc             ] GC(3032) Pause Young (Allocation Failure) 732M->451M(754M) 1.830ms
[1093.827s][info][gc,cpu         ] GC(3032) User=0.01s Sys=0.00s Real=0.01s
[1093.906s][info][gc,start       ] GC(3033) Pause Young (Allocation Failure)
[1093.907s][info][gc,heap        ] GC(3033) PSYoungGen: 287808K(309248K)->64K(308224K) Eden: 287744K(287744K)->0K(291840K) From: 64K(21504K)->64K(16384K)
[1093.907s][info][gc,heap        ] GC(3033) ParOldGen: 462405K(462848K)->462413K(462848K)
[1093.907s][info][gc,metaspace   ] GC(3033) Metaspace: 35635K(36352K)->35635K(36352K) NonClass: 29361K(29888K)->29361K(29888K) Class: 6273K(6464K)->6273K(6464K)
[1093.907s][info][gc             ] GC(3033) Pause Young (Allocation Failure) 732M->451M(753M) 1.876ms
[1093.907s][info][gc,cpu         ] GC(3033) User=0.00s Sys=0.00s Real=0.00s
[1093.962s][info][gc,start       ] GC(3034) Pause Young (Allocation Failure)
[1093.965s][info][gc,heap        ] GC(3034) PSYoungGen: 291904K(308224K)->32K(310784K) Eden: 291840K(291840K)->0K(291840K) From: 64K(16384K)->32K(18944K)
[1093.965s][info][gc,heap        ] GC(3034) ParOldGen: 462413K(462848K)->462421K(462848K)
[1093.965s][info][gc,metaspace   ] GC(3034) Metaspace: 35635K(36352K)->35635K(36352K) NonClass: 29361K(29888K)->29361K(29888K) Class: 6273K(6464K)->6273K(6464K)
[1093.965s][info][gc             ] GC(3034) Pause Young (Allocation Failure) 736M->451M(755M) 2.281ms
[1093.965s][info][gc,cpu         ] GC(3034) User=0.01s Sys=0.00s Real=0.00s
[1094.195s][info][gc,start       ] GC(3035) Pause Young (Allocation Failure)
[1094.197s][info][gc,heap        ] GC(3035) PSYoungGen: 291872K(310784K)->64K(311808K) Eden: 291840K(291840K)->0K(296960K) From: 32K(18944K)->64K(14848K)
[1094.197s][info][gc,heap        ] GC(3035) ParOldGen: 462421K(462848K)->462421K(462848K)
[1094.197s][info][gc,metaspace   ] GC(3035) Metaspace: 35635K(36352K)->35635K(36352K) NonClass: 29361K(29888K)->29361K(29888K) Class: 6273K(6464K)->6273K(6464K)
[1094.197s][info][gc             ] GC(3035) Pause Young (Allocation Failure) 736M->451M(756M) 1.850ms
[1094.197s][info][gc,cpu         ] GC(3035) User=0.00s Sys=0.00s Real=0.01s
[1094.509s][info][gc,start       ] GC(3036) Pause Young (Allocation Failure)
[1094.512s][info][gc,heap        ] GC(3036) PSYoungGen: 297024K(311808K)->32K(313856K) Eden: 296960K(296960K)->0K(296960K) From: 64K(14848K)->32K(16896K)
[1094.512s][info][gc,heap        ] GC(3036) ParOldGen: 462421K(462848K)->462429K(462848K)
[1094.512s][info][gc,metaspace   ] GC(3036) Metaspace: 35635K(36352K)->35635K(36352K) NonClass: 29361K(29888K)->29361K(29888K) Class: 6273K(6464K)->6273K(6464K)
[1094.512s][info][gc             ] GC(3036) Pause Young (Allocation Failure) 741M->451M(758M) 2.244ms
[1094.512s][info][gc,cpu         ] GC(3036) User=0.00s Sys=0.00s Real=0.00s
[1094.654s][info][gc,start       ] GC(3037) Pause Young (Allocation Failure)
[1094.657s][info][gc,heap        ] GC(3037) PSYoungGen: 296992K(313856K)->32K(313856K) Eden: 296960K(296960K)->0K(301056K) From: 32K(16896K)->32K(12800K)
[1094.657s][info][gc,heap        ] GC(3037) ParOldGen: 462429K(462848K)->462445K(462848K)
[1094.657s][info][gc,metaspace   ] GC(3037) Metaspace: 35635K(36352K)->35635K(36352K) NonClass: 29361K(29888K)->29361K(29888K) Class: 6273K(6464K)->6273K(6464K)
[1094.657s][info][gc             ] GC(3037) Pause Young (Allocation Failure) 741M->451M(758M) 2.222ms
[1094.657s][info][gc,cpu         ] GC(3037) User=0.00s Sys=0.00s Real=0.01s
[1094.737s][info][gc,start       ] GC(3038) Pause Young (Allocation Failure)
[1094.739s][info][gc,heap        ] GC(3038) PSYoungGen: 301088K(313856K)->32K(315904K) Eden: 301056K(301056K)->0K(301056K) From: 32K(12800K)->32K(14848K)
[1094.739s][info][gc,heap        ] GC(3038) ParOldGen: 462445K(462848K)->462461K(462848K)
[1094.739s][info][gc,metaspace   ] GC(3038) Metaspace: 35635K(36352K)->35635K(36352K) NonClass: 29361K(29888K)->29361K(29888K) Class: 6273K(6464K)->6273K(6464K)
[1094.739s][info][gc             ] GC(3038) Pause Young (Allocation Failure) 745M->451M(760M) 2.220ms
[1094.739s][info][gc,cpu         ] GC(3038) User=0.00s Sys=0.00s Real=0.00s
[1094.933s][info][gc,start       ] GC(3039) Pause Young (Allocation Failure)
[1094.935s][info][gc,heap        ] GC(3039) PSYoungGen: 301088K(315904K)->64K(316416K) Eden: 301056K(301056K)->0K(304640K) From: 32K(14848K)->64K(11776K)
[1094.935s][info][gc,heap        ] GC(3039) ParOldGen: 462461K(462848K)->462461K(462848K)
[1094.935s][info][gc,metaspace   ] GC(3039) Metaspace: 35635K(36352K)->35635K(36352K) NonClass: 29361K(29888K)->29361K(29888K) Class: 6273K(6464K)->6273K(6464K)
[1094.935s][info][gc             ] GC(3039) Pause Young (Allocation Failure) 745M->451M(761M) 2.260ms
[1094.935s][info][gc,cpu         ] GC(3039) User=0.00s Sys=0.00s Real=0.01s
[1095.890s][info][gc,start       ] GC(3040) Pause Young (Allocation Failure)
[1095.893s][info][gc,heap        ] GC(3040) PSYoungGen: 304704K(316416K)->32K(317952K) Eden: 304640K(304640K)->0K(304640K) From: 64K(11776K)->32K(13312K)
[1095.893s][info][gc,heap        ] GC(3040) ParOldGen: 462461K(462848K)->462469K(462848K)
[1095.893s][info][gc,metaspace   ] GC(3040) Metaspace: 35635K(36352K)->35635K(36352K) NonClass: 29361K(29888K)->29361K(29888K) Class: 6273K(6464K)->6273K(6464K)
[1095.893s][info][gc             ] GC(3040) Pause Young (Allocation Failure) 749M->451M(762M) 2.294ms
[1095.893s][info][gc,cpu         ] GC(3040) User=0.00s Sys=0.00s Real=0.00s
[1096.768s][info][gc,start       ] GC(3041) Pause Young (Allocation Failure)
[1096.769s][info][gc,heap        ] GC(3041) PSYoungGen: 304672K(317952K)->64K(318976K) Eden: 304640K(304640K)->0K(308224K) From: 32K(13312K)->64K(10752K)
[1096.769s][info][gc,heap        ] GC(3041) ParOldGen: 462469K(462848K)->462477K(462848K)
[1096.769s][info][gc,metaspace   ] GC(3041) Metaspace: 35635K(36352K)->35635K(36352K) NonClass: 29361K(29888K)->29361K(29888K) Class: 6273K(6464K)->6273K(6464K)
[1096.769s][info][gc             ] GC(3041) Pause Young (Allocation Failure) 749M->451M(763M) 1.652ms
[1096.769s][info][gc,cpu         ] GC(3041) User=0.01s Sys=0.00s Real=0.00s
[1097.100s][info][gc,start       ] GC(3042) Pause Young (Allocation Failure)
[1097.102s][info][gc,heap        ] GC(3042) PSYoungGen: 308288K(318976K)->64K(296448K) Eden: 308224K(308224K)->0K(295936K) From: 64K(10752K)->64K(512K)
[1097.102s][info][gc,heap        ] GC(3042) ParOldGen: 462477K(462848K)->462485K(462848K)
[1097.102s][info][gc,metaspace   ] GC(3042) Metaspace: 35635K(36352K)->35635K(36352K) NonClass: 29361K(29888K)->29361K(29888K) Class: 6273K(6464K)->6273K(6464K)
[1097.102s][info][gc             ] GC(3042) Pause Young (Allocation Failure) 752M->451M(741M) 2.284ms
[1097.102s][info][gc,cpu         ] GC(3042) User=0.01s Sys=0.00s Real=0.00s
[1097.521s][info][gc,start       ] GC(3043) Pause Young (Allocation Failure)
[1097.523s][info][gc,heap        ] GC(3043) PSYoungGen: 296000K(296448K)->64K(284672K) Eden: 295936K(295936K)->0K(284160K) From: 64K(512K)->64K(512K)
[1097.523s][info][gc,heap        ] GC(3043) ParOldGen: 462485K(462848K)->462493K(462848K)
[1097.523s][info][gc,metaspace   ] GC(3043) Metaspace: 35635K(36352K)->35635K(36352K) NonClass: 29361K(29888K)->29361K(29888K) Class: 6273K(6464K)->6273K(6464K)
[1097.523s][info][gc             ] GC(3043) Pause Young (Allocation Failure) 740M->451M(730M) 2.664ms
[1097.523s][info][gc,cpu         ] GC(3043) User=0.01s Sys=0.00s Real=0.00s
[1098.477s][info][gc,start       ] GC(3044) Pause Young (Allocation Failure)
[1098.479s][info][gc,heap        ] GC(3044) PSYoungGen: 284224K(284672K)->32K(283136K) Eden: 284160K(284160K)->0K(272896K) From: 64K(512K)->32K(10240K)
[1098.479s][info][gc,heap        ] GC(3044) ParOldGen: 462493K(462848K)->462509K(462848K)
[1098.479s][info][gc,metaspace   ] GC(3044) Metaspace: 35635K(36352K)->35635K(36352K) NonClass: 29361K(29888K)->29361K(29888K) Class: 6273K(6464K)->6273K(6464K)
[1098.479s][info][gc             ] GC(3044) Pause Young (Allocation Failure) 729M->451M(728M) 2.300ms
[1098.479s][info][gc,cpu         ] GC(3044) User=0.01s Sys=0.00s Real=0.00s
[1098.861s][info][gc,start       ] GC(3045) Pause Young (Allocation Failure)
[1098.863s][info][gc,heap        ] GC(3045) PSYoungGen: 272928K(283136K)->64K(262656K) Eden: 272896K(272896K)->0K(262144K) From: 32K(10240K)->64K(512K)
[1098.863s][info][gc,heap        ] GC(3045) ParOldGen: 462509K(462848K)->462517K(462848K)
[1098.863s][info][gc,metaspace   ] GC(3045) Metaspace: 35635K(36352K)->35635K(36352K) NonClass: 29361K(29888K)->29361K(29888K) Class: 6273K(6464K)->6273K(6464K)
[1098.863s][info][gc             ] GC(3045) Pause Young (Allocation Failure) 718M->451M(708M) 2.016ms
[1098.863s][info][gc,cpu         ] GC(3045) User=0.00s Sys=0.00s Real=0.00s
[1098.956s][info][gc,start       ] GC(3046) Pause Young (Allocation Failure)
[1098.957s][info][gc,heap        ] GC(3046) PSYoungGen: 262208K(262656K)->64K(260608K) Eden: 262144K(262144K)->0K(251904K) From: 64K(512K)->64K(8704K)
[1098.957s][info][gc,heap        ] GC(3046) ParOldGen: 462517K(462848K)->462525K(462848K)
[1098.957s][info][gc,metaspace   ] GC(3046) Metaspace: 35635K(36352K)->35635K(36352K) NonClass: 29361K(29888K)->29361K(29888K) Class: 6273K(6464K)->6273K(6464K)
[1098.957s][info][gc             ] GC(3046) Pause Young (Allocation Failure) 707M->451M(706M) 1.504ms
[1098.957s][info][gc,cpu         ] GC(3046) User=0.01s Sys=0.00s Real=0.00s
[1099.392s][info][gc,start       ] GC(3047) Pause Young (Allocation Failure)
[1099.394s][info][gc,heap        ] GC(3047) PSYoungGen: 251968K(260608K)->64K(242688K) Eden: 251904K(251904K)->0K(242176K) From: 64K(8704K)->64K(512K)
[1099.394s][info][gc,heap        ] GC(3047) ParOldGen: 462525K(462848K)->462533K(462848K)
[1099.394s][info][gc,metaspace   ] GC(3047) Metaspace: 35635K(36352K)->35635K(36352K) NonClass: 29361K(29888K)->29361K(29888K) Class: 6273K(6464K)->6273K(6464K)
[1099.394s][info][gc             ] GC(3047) Pause Young (Allocation Failure) 697M->451M(689M) 2.206ms
[1099.394s][info][gc,cpu         ] GC(3047) User=0.00s Sys=0.00s Real=0.00s
[1099.710s][info][gc,start       ] GC(3048) Pause Young (Allocation Failure)
[1099.711s][info][gc,heap        ] GC(3048) PSYoungGen: 242240K(242688K)->64K(240640K) Eden: 242176K(242176K)->0K(232960K) From: 64K(512K)->64K(7680K)
[1099.711s][info][gc,heap        ] GC(3048) ParOldGen: 462533K(462848K)->462541K(462848K)
[1099.711s][info][gc,metaspace   ] GC(3048) Metaspace: 35635K(36352K)->35635K(36352K) NonClass: 29361K(29888K)->29361K(29888K) Class: 6273K(6464K)->6273K(6464K)
[1099.711s][info][gc             ] GC(3048) Pause Young (Allocation Failure) 688M->451M(687M) 1.627ms
[1099.711s][info][gc,cpu         ] GC(3048) User=0.00s Sys=0.00s Real=0.00s
[1100.090s][info][gc,start       ] GC(3049) Pause Young (Allocation Failure)
[1100.101s][info][gc,heap        ] GC(3049) PSYoungGen: 233024K(240640K)->7008K(283136K) Eden: 232960K(232960K)->0K(275968K) From: 64K(7680K)->7008K(7168K)
[1100.101s][info][gc,heap        ] GC(3049) ParOldGen: 462541K(462848K)->462549K(462848K)
[1100.101s][info][gc,metaspace   ] GC(3049) Metaspace: 35635K(36352K)->35635K(36352K) NonClass: 29361K(29888K)->29361K(29888K) Class: 6273K(6464K)->6273K(6464K)
[1100.101s][info][gc             ] GC(3049) Pause Young (Allocation Failure) 679M->458M(728M) 11.177ms
[1100.101s][info][gc,cpu         ] GC(3049) User=0.02s Sys=0.00s Real=0.01s
[1100.381s][info][gc,start       ] GC(3050) Pause Young (Allocation Failure)
[1100.438s][info][gc,heap        ] GC(3050) PSYoungGen: 282976K(283136K)->8704K(286208K) Eden: 275968K(275968K)->0K(277504K) From: 7008K(7168K)->8704K(8704K)
[1100.438s][info][gc,heap        ] GC(3050) ParOldGen: 462549K(462848K)->482957K(483328K)
[1100.438s][info][gc,metaspace   ] GC(3050) Metaspace: 35635K(36352K)->35635K(36352K) NonClass: 29361K(29888K)->29361K(29888K) Class: 6273K(6464K)->6273K(6464K)
[1100.438s][info][gc             ] GC(3050) Pause Young (Allocation Failure) 728M->480M(751M) 57.441ms
[1100.438s][info][gc,cpu         ] GC(3050) User=0.10s Sys=0.01s Real=0.06s
[1100.720s][info][gc,start       ] GC(3051) Pause Young (Allocation Failure)
[1100.787s][info][gc,heap        ] GC(3051) PSYoungGen: 286208K(286208K)->18432K(299008K) Eden: 277504K(277504K)->0K(280576K) From: 8704K(8704K)->18432K(18432K)
[1100.787s][info][gc,heap        ] GC(3051) ParOldGen: 482957K(483328K)->494541K(494592K)
[1100.787s][info][gc,metaspace   ] GC(3051) Metaspace: 35635K(36352K)->35635K(36352K) NonClass: 29361K(29888K)->29361K(29888K) Class: 6273K(6464K)->6273K(6464K)
[1100.787s][info][gc             ] GC(3051) Pause Young (Allocation Failure) 751M->500M(775M) 67.125ms
[1100.787s][info][gc,cpu         ] GC(3051) User=0.11s Sys=0.03s Real=0.07s
[1100.890s][info][gc,start       ] GC(3052) Pause Young (Allocation Failure)
[1100.900s][info][gc,heap        ] GC(3052) PSYoungGen: 299008K(299008K)->3616K(307200K) Eden: 280576K(280576K)->0K(280576K) From: 18432K(18432K)->3616K(26624K)
[1100.900s][info][gc,heap        ] GC(3052) ParOldGen: 494541K(494592K)->494957K(495104K)
[1100.900s][info][gc,metaspace   ] GC(3052) Metaspace: 35635K(36352K)->35635K(36352K) NonClass: 29361K(29888K)->29361K(29888K) Class: 6273K(6464K)->6273K(6464K)
[1100.900s][info][gc             ] GC(3052) Pause Young (Allocation Failure) 774M->486M(783M) 10.006ms
[1100.900s][info][gc,cpu         ] GC(3052) User=0.02s Sys=0.00s Real=0.01s
[1101.429s][info][gc,start       ] GC(3053) Pause Young (Allocation Failure)
[1101.431s][info][gc,heap        ] GC(3053) PSYoungGen: 284192K(307200K)->64K(303616K) Eden: 280576K(280576K)->0K(282112K) From: 3616K(26624K)->64K(21504K)
[1101.431s][info][gc,heap        ] GC(3053) ParOldGen: 494957K(495104K)->494965K(495104K)
[1101.431s][info][gc,metaspace   ] GC(3053) Metaspace: 35635K(36352K)->35635K(36352K) NonClass: 29361K(29888K)->29361K(29888K) Class: 6273K(6464K)->6273K(6464K)
