[0.002s][info][metaspace]  - commit_granule_bytes: 65536.
[0.002s][info][metaspace]  - commit_granule_words: 8192.
[0.002s][info][metaspace]  - virtual_space_node_default_size: 8388608.
[0.002s][info][metaspace]  - enlarge_chunks_in_place: 1.
[0.005s][info][gc,init  ] CardTable entry size: 512
[0.005s][info][gc       ] Using Parallel
[0.006s][info][gc,init  ] Version: 24-internal-adhoc.root.jdk (release)
[0.006s][info][gc,init  ] CPUs: 2 total, 2 available
[0.006s][info][gc,init  ] Memory: 3908M
[0.006s][info][gc,init  ] Large Page Support: Disabled
[0.006s][info][gc,init  ] NUMA Support: Disabled
[0.006s][info][gc,init  ] Compressed Oops: Enabled (32-bit)
[0.006s][info][gc,init  ] Alignments: Space 512K, Generation 512K, Heap 2M
[0.006s][info][gc,init  ] Heap Min Capacity: 256M
[0.006s][info][gc,init  ] Heap Initial Capacity: 256M
[0.006s][info][gc,init  ] Heap Max Capacity: 978M
[0.006s][info][gc,init  ] Pre-touch: Disabled
[0.006s][info][gc,init  ] Parallel Workers: 2
[0.020s][info][gc,metaspace] CDS archive(s) mapped at: [0x00007febc6000000-0x00007febc6dc0000-0x00007febc6dc0000), size 14417920, SharedBaseAddress: 0x00007febc6000000, ArchiveRelocationMode: 1.
[0.020s][info][gc,metaspace] Compressed class space mapped at: 0x00007febc7000000-0x00007fec07000000, reserved size: 1073741824
[0.020s][info][gc,metaspace] UseCompressedClassPointers 1, UseCompactObjectHeaders 0
[0.020s][info][gc,metaspace] Narrow klass pointer bits 32, Max shift 3
[0.020s][info][gc,metaspace] Narrow klass base: 0x00007febc6000000, Narrow klass shift: 0
[0.020s][info][gc,metaspace] Encoding Range: [0x00007febc6000000 - 0x00007fecc6000000), (4294967296 bytes)
[0.020s][info][gc,metaspace] Klass Range:    [0x00007febc6000000 - 0x00007fec07000000), (1090519040 bytes)
[0.020s][info][gc,metaspace] Klass ID Range:  [8 - 1090519033) (1090519025)
[1.294s][info][gc,start    ] GC(0) Pause Young (Allocation Failure)
[1.304s][info][gc,heap     ] GC(0) PSYoungGen: 65536K(76288K)->8712K(76288K) Eden: 65536K(65536K)->0K(65536K) From: 0K(10752K)->8712K(10752K)
[1.304s][info][gc,heap     ] GC(0) ParOldGen: 1157K(175104K)->1165K(175104K)
[1.305s][info][gc,metaspace] GC(0) Metaspace: 8645K(8832K)->8645K(8832K) NonClass: 7948K(8064K)->7948K(8064K) Class: 697K(768K)->697K(768K)
[1.305s][info][gc          ] GC(0) Pause Young (Allocation Failure) 65M->9M(245M) 10.445ms
[1.305s][info][gc,cpu      ] GC(0) User=0.01s Sys=0.00s Real=0.01s
[2.103s][info][metaspace   ] ChkMgr @0x00007fec2403aa80 (non-class-space): failed to commit 12 words on chunk @0x00007feb78348a70, f, base 0x00007febbd320000, level lv10.
[2.103s][info][metaspace   ] Arena @0x00007fec241f4380 (non-class arena): failed to allocate new chunk for requested word size 12.
[2.103s][info][metaspace   ] Arena @0x00007fec241f4380 (non-class arena): allocation failed, returned null.
[2.103s][info][metaspace   ] ChkMgr @0x00007fec2403aa80 (non-class-space): failed to commit 12 words on chunk @0x00007feb78348a70, f, base 0x00007febbd320000, level lv10.
[2.103s][info][metaspace   ] Arena @0x00007fec241f4380 (non-class arena): failed to allocate new chunk for requested word size 12.
[2.103s][info][metaspace   ] Arena @0x00007fec241f4380 (non-class arena): allocation failed, returned null.
[2.103s][info][metaspace   ] ChkMgr @0x00007fec2403aa80 (non-class-space): failed to commit 12 words on chunk @0x00007feb78348a70, f, base 0x00007febbd320000, level lv10.
[2.103s][info][metaspace   ] Arena @0x00007fec241f4380 (non-class arena): failed to allocate new chunk for requested word size 12.
[2.103s][info][metaspace   ] Arena @0x00007fec241f4380 (non-class arena): allocation failed, returned null.
[2.103s][info][gc,start    ] GC(1) Pause Full (Metadata GC Threshold)
[2.103s][info][gc,phases,start] GC(1) Marking Phase
[2.115s][info][gc,phases      ] GC(1) Marking Phase 12.317ms
[2.115s][info][gc,phases,start] GC(1) Summary Phase
[2.115s][info][gc,phases      ] GC(1) Summary Phase 0.010ms
[2.115s][info][gc,phases,start] GC(1) Forward
[2.117s][info][gc,phases      ] GC(1) Forward 1.885ms
[2.117s][info][gc,phases,start] GC(1) Adjust Pointers
[2.123s][info][gc,phases      ] GC(1) Adjust Pointers 5.574ms
[2.123s][info][gc,phases,start] GC(1) Compaction Phase
[2.130s][info][gc,phases      ] GC(1) Compaction Phase 7.358ms
[2.130s][info][gc,phases,start] GC(1) Post Compact
[2.132s][info][gc,phases      ] GC(1) Post Compact 1.475ms
[2.132s][info][gc,heap        ] GC(1) PSYoungGen: 60300K(76288K)->0K(76288K) Eden: 51587K(65536K)->0K(65536K) From: 8712K(10752K)->0K(10752K)
[2.132s][info][gc,heap        ] GC(1) ParOldGen: 1165K(175104K)->11068K(175104K)
[2.132s][info][gc,metaspace   ] GC(1) Metaspace: 21412K(21504K)->21412K(21504K) NonClass: 19407K(19456K)->19407K(19456K) Class: 2004K(2048K)->2004K(2048K)
[2.132s][info][gc             ] GC(1) Pause Full (Metadata GC Threshold) 60M->10M(245M) 28.910ms
[2.132s][info][gc,cpu         ] GC(1) User=0.04s Sys=0.01s Real=0.03s
[3.340s][info][gc,start       ] GC(2) Pause Young (Allocation Failure)
[3.349s][info][gc,heap        ] GC(2) PSYoungGen: 65536K(76288K)->4160K(76288K) Eden: 65536K(65536K)->0K(65536K) From: 0K(10752K)->4160K(10752K)
[3.349s][info][gc,heap        ] GC(2) ParOldGen: 220265K(253952K)->220273K(253952K)
[3.349s][info][gc,metaspace   ] GC(2) Metaspace: 31859K(32064K)->31859K(32064K) NonClass: 28830K(28928K)->28830K(28928K) Class: 3028K(3136K)->3028K(3136K)
[3.349s][info][gc             ] GC(2) Pause Young (Allocation Failure) 279M->219M(322M) 8.515ms
[3.349s][info][gc,cpu         ] GC(2) User=0.01s Sys=0.00s Real=0.01s
[3.622s][info][metaspace      ] ChkMgr @0x00007fec2403aa80 (non-class-space): failed to commit 15 words on chunk @0x00007fec24756d30, f, base 0x00007febbe0a0000, level lv10.
[3.622s][info][metaspace      ] Arena @0x00007fec241f4380 (non-class arena): failed to allocate new chunk for requested word size 15.
[3.622s][info][metaspace      ] Arena @0x00007fec241f4380 (non-class arena): allocation failed, returned null.
[3.622s][info][metaspace      ] ChkMgr @0x00007fec2403aa80 (non-class-space): failed to commit 15 words on chunk @0x00007fec24756d30, f, base 0x00007febbe0a0000, level lv10.
[3.622s][info][metaspace      ] Arena @0x00007fec241f4380 (non-class arena): failed to allocate new chunk for requested word size 15.
[3.622s][info][metaspace      ] Arena @0x00007fec241f4380 (non-class arena): allocation failed, returned null.
[3.622s][info][metaspace      ] ChkMgr @0x00007fec2403aa80 (non-class-space): failed to commit 15 words on chunk @0x00007fec24756d30, f, base 0x00007febbe0a0000, level lv10.
[3.622s][info][metaspace      ] Arena @0x00007fec241f4380 (non-class arena): failed to allocate new chunk for requested word size 15.
[3.622s][info][metaspace      ] Arena @0x00007fec241f4380 (non-class arena): allocation failed, returned null.
[3.622s][info][gc,start       ] GC(3) Pause Full (Metadata GC Threshold)
[3.622s][info][gc,phases,start] GC(3) Marking Phase
[3.641s][info][gc,phases      ] GC(3) Marking Phase 18.615ms
[3.641s][info][gc,phases,start] GC(3) Summary Phase
[3.641s][info][gc,phases      ] GC(3) Summary Phase 0.014ms
[3.641s][info][gc,phases,start] GC(3) Forward
[3.642s][info][gc,phases      ] GC(3) Forward 1.483ms
[3.642s][info][gc,phases,start] GC(3) Adjust Pointers
[3.651s][info][gc,phases      ] GC(3) Adjust Pointers 8.550ms
[3.651s][info][gc,phases,start] GC(3) Compaction Phase
[3.657s][info][gc,phases      ] GC(3) Compaction Phase 5.866ms
[3.657s][info][gc,phases,start] GC(3) Post Compact
[3.660s][info][gc,phases      ] GC(3) Post Compact 3.325ms
[3.660s][info][gc,heap        ] GC(3) PSYoungGen: 25623K(76288K)->0K(76288K) Eden: 21463K(65536K)->0K(65536K) From: 4160K(10752K)->0K(10752K)
[3.660s][info][gc,heap        ] GC(3) ParOldGen: 220273K(253952K)->225537K(253952K)
[3.660s][info][gc,metaspace   ] GC(3) Metaspace: 35745K(35840K)->35745K(35840K) NonClass: 32375K(32448K)->32375K(32448K) Class: 3370K(3392K)->3370K(3392K)
[3.660s][info][gc             ] GC(3) Pause Full (Metadata GC Threshold) 240M->220M(322M) 38.171ms
[3.660s][info][gc,cpu         ] GC(3) User=0.06s Sys=0.00s Real=0.03s
[4.472s][info][gc,start       ] GC(4) Pause Young (Allocation Failure)
[4.478s][info][gc,heap        ] GC(4) PSYoungGen: 65536K(76288K)->3075K(76288K) Eden: 65536K(65536K)->0K(65536K) From: 0K(10752K)->3075K(10752K)
[4.478s][info][gc,heap        ] GC(4) ParOldGen: 225537K(253952K)->225545K(253952K)
[4.478s][info][gc,metaspace   ] GC(4) Metaspace: 45662K(45888K)->45662K(45888K) NonClass: 41166K(41344K)->41166K(41344K) Class: 4496K(4544K)->4496K(4544K)
[4.478s][info][gc             ] GC(4) Pause Young (Allocation Failure) 284M->223M(322M) 6.562ms
[4.478s][info][gc,cpu         ] GC(4) User=0.01s Sys=0.00s Real=0.00s
[6.701s][info][gc,start       ] GC(5) Pause Young (Allocation Failure)
[6.716s][info][gc,heap        ] GC(5) PSYoungGen: 68611K(76288K)->5376K(76288K) Eden: 65536K(65536K)->0K(65536K) From: 3075K(10752K)->5376K(10752K)
[6.716s][info][gc,heap        ] GC(5) ParOldGen: 225545K(253952K)->225553K(253952K)
[6.716s][info][gc,metaspace   ] GC(5) Metaspace: 52354K(52672K)->52354K(52672K) NonClass: 46980K(47232K)->46980K(47232K) Class: 5373K(5440K)->5373K(5440K)
[6.716s][info][gc             ] GC(5) Pause Young (Allocation Failure) 287M->225M(322M) 14.511ms
[6.716s][info][gc,cpu         ] GC(5) User=0.02s Sys=0.00s Real=0.01s
[7.421s][info][gc,start       ] GC(6) Pause Young (Allocation Failure)
[7.446s][info][gc,heap        ] GC(6) PSYoungGen: 70912K(76288K)->10750K(76288K) Eden: 65536K(65536K)->0K(65536K) From: 5376K(10752K)->10750K(10752K)
[7.446s][info][gc,heap        ] GC(6) ParOldGen: 225553K(253952K)->237641K(253952K)
[7.446s][info][gc,metaspace   ] GC(6) Metaspace: 54221K(54464K)->54221K(54464K) NonClass: 48648K(48832K)->48648K(48832K) Class: 5573K(5632K)->5573K(5632K)
[7.446s][info][gc             ] GC(6) Pause Young (Allocation Failure) 289M->242M(322M) 24.789ms
[7.446s][info][gc,cpu         ] GC(6) User=0.04s Sys=0.01s Real=0.02s
[7.697s][info][gc,start       ] GC(7) Pause Young (Allocation Failure)
[7.738s][info][gc,heap        ] GC(7) PSYoungGen: 76276K(76288K)->20477K(138752K) Eden: 65525K(65536K)->0K(118272K) From: 10750K(10752K)->20477K(20480K)
[7.738s][info][gc,heap        ] GC(7) ParOldGen: 237641K(253952K)->251930K(253952K)
[7.738s][info][gc,metaspace   ] GC(7) Metaspace: 54303K(54592K)->54303K(54592K) NonClass: 48729K(48960K)->48729K(48960K) Class: 5574K(5632K)->5574K(5632K)
[7.738s][info][gc             ] GC(7) Pause Young (Allocation Failure) 306M->266M(383M) 40.482ms
[7.738s][info][gc,cpu         ] GC(7) User=0.05s Sys=0.03s Real=0.04s
[8.506s][info][gc,start       ] GC(8) Pause Young (Allocation Failure)
[8.560s][info][gc,heap        ] GC(8) PSYoungGen: 138749K(138752K)->33270K(151552K) Eden: 118272K(118272K)->0K(118272K) From: 20477K(20480K)->33270K(33280K)
[8.560s][info][gc,heap        ] GC(8) ParOldGen: 251930K(253952K)->254994K(255488K)
[8.560s][info][gc,metaspace   ] GC(8) Metaspace: 54804K(55104K)->54804K(55104K) NonClass: 49230K(49472K)->49230K(49472K) Class: 5574K(5632K)->5574K(5632K)
[8.560s][info][gc             ] GC(8) Pause Young (Allocation Failure) 381M->281M(397M) 53.692ms
[8.560s][info][gc,cpu         ] GC(8) User=0.08s Sys=0.03s Real=0.05s
[9.046s][info][gc,start       ] GC(9) Pause Young (Allocation Failure)
[9.115s][info][gc,heap        ] GC(9) PSYoungGen: 151542K(151552K)->41357K(270848K) Eden: 118272K(118272K)->0K(228864K) From: 33270K(33280K)->41357K(41984K)
[9.115s][info][gc,heap        ] GC(9) ParOldGen: 254994K(255488K)->259529K(259584K)
[9.115s][info][gc,metaspace   ] GC(9) Metaspace: 54884K(55168K)->54884K(55168K) NonClass: 49310K(49536K)->49310K(49536K) Class: 5574K(5632K)->5574K(5632K)
[9.115s][info][gc             ] GC(9) Pause Young (Allocation Failure) 397M->293M(518M) 68.881ms
[9.115s][info][gc,cpu         ] GC(9) User=0.10s Sys=0.04s Real=0.07s
[9.918s][info][gc,start       ] GC(10) Pause Young (Allocation Failure)
[9.983s][info][gc,heap        ] GC(10) PSYoungGen: 269928K(270848K)->33296K(278528K) Eden: 228571K(228864K)->0K(228864K) From: 41357K(41984K)->33296K(49664K)
[9.983s][info][gc,heap        ] GC(10) ParOldGen: 259529K(259584K)->273154K(273408K)
[9.983s][info][gc,metaspace   ] GC(10) Metaspace: 55074K(55424K)->55074K(55424K) NonClass: 49489K(49728K)->49489K(49728K) Class: 5584K(5696K)->5584K(5696K)
[9.983s][info][gc             ] GC(10) Pause Young (Allocation Failure) 517M->299M(539M) 65.487ms
[9.983s][info][gc,cpu         ] GC(10) User=0.09s Sys=0.05s Real=0.07s
[10.719s][info][gc,start       ] GC(11) Pause Young (Allocation Failure)
[10.759s][info][gc,heap        ] GC(11) PSYoungGen: 262160K(278528K)->14879K(282112K) Eden: 228864K(228864K)->0K(231424K) From: 33296K(49664K)->14879K(50688K)
[10.759s][info][gc,heap        ] GC(11) ParOldGen: 273154K(273408K)->292070K(292352K)
[10.759s][info][gc,metaspace   ] GC(11) Metaspace: 55253K(55616K)->55253K(55616K) NonClass: 49668K(49920K)->49668K(49920K) Class: 5584K(5696K)->5584K(5696K)
[10.759s][info][gc             ] GC(11) Pause Young (Allocation Failure) 522M->299M(561M) 40.604ms
[10.759s][info][gc,cpu         ] GC(11) User=0.06s Sys=0.01s Real=0.04s
[11.372s][info][gc,start       ] GC(12) Pause Young (Allocation Failure)
[11.401s][info][gc,heap        ] GC(12) PSYoungGen: 246303K(282112K)->13152K(244736K) Eden: 231424K(231424K)->0K(231424K) From: 14879K(50688K)->13152K(13312K)
[11.401s][info][gc,heap        ] GC(12) ParOldGen: 292070K(292352K)->293438K(293888K)
[11.401s][info][gc,metaspace   ] GC(12) Metaspace: 55370K(55744K)->55370K(55744K) NonClass: 49786K(50048K)->49786K(50048K) Class: 5584K(5696K)->5584K(5696K)
[11.401s][info][gc             ] GC(12) Pause Young (Allocation Failure) 525M->299M(526M) 29.126ms
[11.401s][info][gc,cpu         ] GC(12) User=0.06s Sys=0.00s Real=0.03s
[11.981s][info][gc,start       ] GC(13) Pause Young (Allocation Failure)
[12.007s][info][gc,heap        ] GC(13) PSYoungGen: 244576K(244736K)->13950K(282624K) Eden: 231424K(231424K)->0K(234496K) From: 13152K(13312K)->13950K(48128K)
[12.007s][info][gc,heap        ] GC(13) ParOldGen: 293438K(293888K)->293558K(293888K)
[12.007s][info][gc,metaspace   ] GC(13) Metaspace: 55376K(55744K)->55376K(55744K) NonClass: 49791K(50048K)->49791K(50048K) Class: 5584K(5696K)->5584K(5696K)
[12.007s][info][gc             ] GC(13) Pause Young (Allocation Failure) 525M->300M(563M) 26.262ms
[12.007s][info][gc,cpu         ] GC(13) User=0.05s Sys=0.00s Real=0.02s
[12.744s][info][gc,start       ] GC(14) Pause Young (Allocation Failure)
[12.765s][info][gc,heap        ] GC(14) PSYoungGen: 248446K(282624K)->13599K(281088K) Eden: 234496K(234496K)->0K(234496K) From: 13950K(48128K)->13599K(46592K)
[12.765s][info][gc,heap        ] GC(14) ParOldGen: 293558K(293888K)->293670K(293888K)
[12.765s][info][gc,metaspace   ] GC(14) Metaspace: 55378K(55744K)->55378K(55744K) NonClass: 49793K(50048K)->49793K(50048K) Class: 5584K(5696K)->5584K(5696K)
[12.766s][info][gc             ] GC(14) Pause Young (Allocation Failure) 529M->300M(561M) 21.181ms
[12.766s][info][gc,cpu         ] GC(14) User=0.04s Sys=0.00s Real=0.02s
[13.409s][info][gc,start       ] GC(15) Pause Young (Allocation Failure)
[13.429s][info][gc,heap        ] GC(15) PSYoungGen: 248095K(281088K)->13663K(285184K) Eden: 234496K(234496K)->0K(240640K) From: 13599K(46592K)->13663K(44544K)
[13.429s][info][gc,heap        ] GC(15) ParOldGen: 293670K(293888K)->293814K(293888K)
[13.429s][info][gc,metaspace   ] GC(15) Metaspace: 55378K(55744K)->55378K(55744K) NonClass: 49793K(50048K)->49793K(50048K) Class: 5584K(5696K)->5584K(5696K)
[13.429s][info][gc             ] GC(15) Pause Young (Allocation Failure) 529M->300M(565M) 20.155ms
[13.429s][info][gc,cpu         ] GC(15) User=0.04s Sys=0.00s Real=0.02s
[14.022s][info][gc,start       ] GC(16) Pause Young (Allocation Failure)
[14.079s][info][gc,heap        ] GC(16) PSYoungGen: 254020K(285184K)->13312K(283648K) Eden: 240356K(240640K)->0K(240640K) From: 13663K(44544K)->13312K(43008K)
[14.079s][info][gc,heap        ] GC(16) ParOldGen: 293814K(293888K)->293958K(294400K)
[14.079s][info][gc,metaspace   ] GC(16) Metaspace: 55393K(55744K)->55393K(55744K) NonClass: 49805K(50048K)->49805K(50048K) Class: 5588K(5696K)->5588K(5696K)
[14.079s][info][gc             ] GC(16) Pause Young (Allocation Failure) 534M->300M(564M) 56.800ms
[14.079s][info][gc,cpu         ] GC(16) User=0.04s Sys=0.00s Real=0.05s
[14.713s][info][gc,start       ] GC(17) Pause Young (Allocation Failure)
[14.719s][info][gc,heap        ] GC(17) PSYoungGen: 253952K(283648K)->480K(286720K) Eden: 240640K(240640K)->0K(245760K) From: 13312K(43008K)->480K(40960K)
[14.719s][info][gc,heap        ] GC(17) ParOldGen: 293958K(294400K)->294094K(294400K)
[14.719s][info][gc,metaspace   ] GC(17) Metaspace: 55399K(55744K)->55399K(55744K) NonClass: 49810K(50048K)->49810K(50048K) Class: 5588K(5696K)->5588K(5696K)
[14.719s][info][gc             ] GC(17) Pause Young (Allocation Failure) 535M->287M(567M) 5.874ms
[14.719s][info][gc,cpu         ] GC(17) User=0.01s Sys=0.00s Real=0.00s
[15.412s][info][gc,start       ] GC(18) Pause Young (Allocation Failure)
[15.421s][info][gc,heap        ] GC(18) PSYoungGen: 246240K(286720K)->3199K(287232K) Eden: 245760K(245760K)->0K(245760K) From: 480K(40960K)->3199K(41472K)
[15.421s][info][gc,heap        ] GC(18) ParOldGen: 294094K(294400K)->294265K(294400K)
[15.421s][info][gc,metaspace   ] GC(18) Metaspace: 55399K(55744K)->55399K(55744K) NonClass: 49810K(50048K)->49810K(50048K) Class: 5588K(5696K)->5588K(5696K)
[15.421s][info][gc             ] GC(18) Pause Young (Allocation Failure) 527M->290M(568M) 9.558ms
[15.421s][info][gc,cpu         ] GC(18) User=0.02s Sys=0.00s Real=0.01s
[16.007s][info][gc,start       ] GC(19) Pause Young (Allocation Failure)
[16.014s][info][gc,heap        ] GC(19) PSYoungGen: 248688K(287232K)->3776K(290304K) Eden: 245489K(245760K)->0K(250880K) From: 3199K(41472K)->3776K(39424K)
[16.014s][info][gc,heap        ] GC(19) ParOldGen: 294265K(294400K)->294377K(294400K)
[16.014s][info][gc,metaspace   ] GC(19) Metaspace: 55399K(55744K)->55399K(55744K) NonClass: 49810K(50048K)->49810K(50048K) Class: 5588K(5696K)->5588K(5696K)
[16.015s][info][gc             ] GC(19) Pause Young (Allocation Failure) 530M->291M(571M) 7.035ms
[16.015s][info][gc,cpu         ] GC(19) User=0.02s Sys=0.00s Real=0.01s
[16.676s][info][gc,start       ] GC(20) Pause Young (Allocation Failure)
[16.681s][info][gc,heap        ] GC(20) PSYoungGen: 254656K(290304K)->1566K(291328K) Eden: 250880K(250880K)->0K(250880K) From: 3776K(39424K)->1566K(40448K)
[16.681s][info][gc,heap        ] GC(20) ParOldGen: 294377K(294400K)->294481K(294912K)
[16.681s][info][gc,metaspace   ] GC(20) Metaspace: 55399K(55744K)->55399K(55744K) NonClass: 49810K(50048K)->49810K(50048K) Class: 5588K(5696K)->5588K(5696K)
[16.681s][info][gc             ] GC(20) Pause Young (Allocation Failure) 536M->289M(572M) 5.085ms
[16.681s][info][gc,cpu         ] GC(20) User=0.01s Sys=0.00s Real=0.00s
[17.306s][info][gc,start       ] GC(21) Pause Young (Allocation Failure)
[17.312s][info][gc,heap        ] GC(21) PSYoungGen: 252446K(291328K)->1567K(290816K) Eden: 250880K(250880K)->0K(253440K) From: 1566K(40448K)->1567K(37376K)
[17.312s][info][gc,heap        ] GC(21) ParOldGen: 294481K(294912K)->294585K(294912K)
[17.312s][info][gc,metaspace   ] GC(21) Metaspace: 55400K(55744K)->55400K(55744K) NonClass: 49811K(50048K)->49811K(50048K) Class: 5588K(5696K)->5588K(5696K)
[17.312s][info][gc             ] GC(21) Pause Young (Allocation Failure) 534M->289M(572M) 5.801ms
[17.312s][info][gc,cpu         ] GC(21) User=0.01s Sys=0.00s Real=0.01s
[18.002s][info][gc,start       ] GC(22) Pause Young (Allocation Failure)
[18.007s][info][gc,heap        ] GC(22) PSYoungGen: 255007K(290816K)->2208K(292352K) Eden: 253440K(253440K)->0K(253440K) From: 1567K(37376K)->2208K(38912K)
[18.007s][info][gc,heap        ] GC(22) ParOldGen: 294585K(294912K)->294673K(294912K)
[18.007s][info][gc,metaspace   ] GC(22) Metaspace: 55400K(55744K)->55400K(55744K) NonClass: 49811K(50048K)->49811K(50048K) Class: 5588K(5696K)->5588K(5696K)
[18.007s][info][gc             ] GC(22) Pause Young (Allocation Failure) 536M->289M(573M) 5.052ms
[18.007s][info][gc,cpu         ] GC(22) User=0.01s Sys=0.00s Real=0.00s
[18.669s][info][gc,start       ] GC(23) Pause Young (Allocation Failure)
[18.691s][info][gc,heap        ] GC(23) PSYoungGen: 255648K(292352K)->3071K(291328K) Eden: 253440K(253440K)->0K(257024K) From: 2208K(38912K)->3071K(34304K)
[18.691s][info][gc,heap        ] GC(23) ParOldGen: 294673K(294912K)->294753K(294912K)
[18.691s][info][gc,metaspace   ] GC(23) Metaspace: 55417K(55744K)->55417K(55744K) NonClass: 49825K(50048K)->49825K(50048K) Class: 5591K(5696K)->5591K(5696K)
[18.691s][info][gc             ] GC(23) Pause Young (Allocation Failure) 537M->290M(572M) 21.994ms
[18.691s][info][gc,cpu         ] GC(23) User=0.02s Sys=0.00s Real=0.03s
[19.272s][info][gc,start       ] GC(24) Pause Young (Allocation Failure)
[19.275s][info][gc,heap        ] GC(24) PSYoungGen: 260095K(291328K)->341K(293376K) Eden: 257024K(257024K)->0K(257024K) From: 3071K(34304K)->341K(36352K)
[19.275s][info][gc,heap        ] GC(24) ParOldGen: 294753K(294912K)->294841K(294912K)
[19.275s][info][gc,metaspace   ] GC(24) Metaspace: 55417K(55744K)->55417K(55744K) NonClass: 49825K(50048K)->49825K(50048K) Class: 5591K(5696K)->5591K(5696K)
[19.275s][info][gc             ] GC(24) Pause Young (Allocation Failure) 541M->288M(574M) 2.990ms
[19.275s][info][gc,cpu         ] GC(24) User=0.01s Sys=0.00s Real=0.00s
[19.931s][info][gc,start       ] GC(25) Pause Young (Allocation Failure)
[19.936s][info][gc,heap        ] GC(25) PSYoungGen: 257365K(293376K)->1152K(293376K) Eden: 257024K(257024K)->0K(262144K) From: 341K(36352K)->1152K(31232K)
[19.936s][info][gc,heap        ] GC(25) ParOldGen: 294841K(294912K)->294921K(295424K)
[19.936s][info][gc,metaspace   ] GC(25) Metaspace: 55419K(55744K)->55419K(55744K) NonClass: 49827K(50048K)->49827K(50048K) Class: 5592K(5696K)->5592K(5696K)
[19.936s][info][gc             ] GC(25) Pause Young (Allocation Failure) 539M->289M(575M) 4.976ms
[19.936s][info][gc,cpu         ] GC(25) User=0.00s Sys=0.01s Real=0.00s
[20.515s][info][gc,start       ] GC(26) Pause Young (Allocation Failure)
[20.525s][info][gc,heap        ] GC(26) PSYoungGen: 263050K(293376K)->1920K(295936K) Eden: 261898K(262144K)->0K(262144K) From: 1152K(31232K)->1920K(33792K)
[20.525s][info][gc,heap        ] GC(26) ParOldGen: 294921K(295424K)->295001K(295424K)
[20.525s][info][gc,metaspace   ] GC(26) Metaspace: 55419K(55744K)->55419K(55744K) NonClass: 49827K(50048K)->49827K(50048K) Class: 5592K(5696K)->5592K(5696K)
[20.525s][info][gc             ] GC(26) Pause Young (Allocation Failure) 544M->289M(577M) 9.786ms
[20.525s][info][gc,cpu         ] GC(26) User=0.02s Sys=0.00s Real=0.01s
[21.273s][info][gc,start       ] GC(27) Pause Young (Allocation Failure)
[21.276s][info][gc,heap        ] GC(27) PSYoungGen: 264064K(295936K)->737K(295936K) Eden: 262144K(262144K)->0K(267776K) From: 1920K(33792K)->737K(28160K)
[21.276s][info][gc,heap        ] GC(27) ParOldGen: 295001K(295424K)->295065K(295424K)
[21.276s][info][gc,metaspace   ] GC(27) Metaspace: 55419K(55744K)->55419K(55744K) NonClass: 49827K(50048K)->49827K(50048K) Class: 5592K(5696K)->5592K(5696K)
[21.276s][info][gc             ] GC(27) Pause Young (Allocation Failure) 545M->288M(577M) 2.937ms
[21.276s][info][gc,cpu         ] GC(27) User=0.00s Sys=0.00s Real=0.00s
[21.955s][info][gc,start       ] GC(28) Pause Young (Allocation Failure)
[21.962s][info][gc,heap        ] GC(28) PSYoungGen: 268513K(295936K)->3103K(298496K) Eden: 267776K(267776K)->0K(267776K) From: 737K(28160K)->3103K(30720K)
[21.962s][info][gc,heap        ] GC(28) ParOldGen: 295065K(295424K)->295137K(295424K)
[21.962s][info][gc,metaspace   ] GC(28) Metaspace: 55429K(55744K)->55429K(55744K) NonClass: 49837K(50048K)->49837K(50048K) Class: 5592K(5696K)->5592K(5696K)
[21.962s][info][gc             ] GC(28) Pause Young (Allocation Failure) 550M->291M(580M) 6.923ms
[21.962s][info][gc,cpu         ] GC(28) User=0.01s Sys=0.00s Real=0.01s
[22.525s][info][gc,start       ] GC(29) Pause Young (Allocation Failure)
[22.527s][info][gc,heap        ] GC(29) PSYoungGen: 270879K(298496K)->96K(265216K) Eden: 267776K(267776K)->0K(257024K) From: 3103K(30720K)->96K(8192K)
[22.527s][info][gc,heap        ] GC(29) ParOldGen: 295137K(295424K)->295201K(295424K)
[22.527s][info][gc,metaspace   ] GC(29) Metaspace: 55429K(55744K)->55429K(55744K) NonClass: 49837K(50048K)->49837K(50048K) Class: 5592K(5696K)->5592K(5696K)
[22.527s][info][gc             ] GC(29) Pause Young (Allocation Failure) 552M->288M(547M) 2.765ms
[22.527s][info][gc,cpu         ] GC(29) User=0.01s Sys=0.00s Real=0.00s
[23.175s][info][gc,start       ] GC(30) Pause Young (Allocation Failure)
[23.178s][info][gc,heap        ] GC(30) PSYoungGen: 257120K(265216K)->1164K(248320K) Eden: 257024K(257024K)->0K(246784K) From: 96K(8192K)->1164K(1536K)
[23.178s][info][gc,heap        ] GC(30) ParOldGen: 295201K(295424K)->295265K(295424K)
[23.178s][info][gc,metaspace   ] GC(30) Metaspace: 55429K(55744K)->55429K(55744K) NonClass: 49837K(50048K)->49837K(50048K) Class: 5592K(5696K)->5592K(5696K)
[23.178s][info][gc             ] GC(30) Pause Young (Allocation Failure) 539M->289M(531M) 3.619ms
[23.178s][info][gc,cpu         ] GC(30) User=0.00s Sys=0.00s Real=0.00s
[23.777s][info][gc,start       ] GC(31) Pause Young (Allocation Failure)
[23.782s][info][gc,heap        ] GC(31) PSYoungGen: 247948K(248320K)->1312K(246272K) Eden: 246784K(246784K)->0K(237056K) From: 1164K(1536K)->1312K(9216K)
[23.782s][info][gc,heap        ] GC(31) ParOldGen: 295265K(295424K)->295321K(295424K)
[23.782s][info][gc,metaspace   ] GC(31) Metaspace: 55430K(55744K)->55430K(55744K) NonClass: 49838K(50048K)->49838K(50048K) Class: 5592K(5696K)->5592K(5696K)
[23.782s][info][gc             ] GC(31) Pause Young (Allocation Failure) 530M->289M(529M) 5.108ms
[23.782s][info][gc,cpu         ] GC(31) User=0.01s Sys=0.00s Real=0.01s
[24.321s][info][gc,start       ] GC(32) Pause Young (Allocation Failure)
[24.324s][info][gc,heap        ] GC(32) PSYoungGen: 238368K(246272K)->832K(228864K) Eden: 237056K(237056K)->0K(227840K) From: 1312K(9216K)->832K(1024K)
[24.324s][info][gc,heap        ] GC(32) ParOldGen: 295321K(295424K)->295377K(295424K)
[24.324s][info][gc,metaspace   ] GC(32) Metaspace: 55430K(55744K)->55430K(55744K) NonClass: 49838K(50048K)->49838K(50048K) Class: 5592K(5696K)->5592K(5696K)
[24.324s][info][gc             ] GC(32) Pause Young (Allocation Failure) 521M->289M(512M) 3.607ms
[24.324s][info][gc,cpu         ] GC(32) User=0.01s Sys=0.00s Real=0.01s
[24.890s][info][gc,start       ] GC(33) Pause Young (Allocation Failure)
[24.894s][info][gc,heap        ] GC(33) PSYoungGen: 228672K(228864K)->1280K(228352K) Eden: 227840K(227840K)->0K(219136K) From: 832K(1024K)->1280K(9216K)
[24.894s][info][gc,heap        ] GC(33) ParOldGen: 295377K(295424K)->295425K(295936K)
[24.894s][info][gc,metaspace   ] GC(33) Metaspace: 55431K(55744K)->55431K(55744K) NonClass: 49839K(50048K)->49839K(50048K) Class: 5592K(5696K)->5592K(5696K)
[24.894s][info][gc             ] GC(33) Pause Young (Allocation Failure) 511M->289M(512M) 3.949ms
[24.894s][info][gc,cpu         ] GC(33) User=0.01s Sys=0.00s Real=0.01s
[25.441s][info][gc,start       ] GC(34) Pause Young (Allocation Failure)
[25.447s][info][gc,heap        ] GC(34) PSYoungGen: 220389K(228352K)->2720K(214016K) Eden: 219109K(219136K)->0K(210944K) From: 1280K(9216K)->2720K(3072K)
[25.447s][info][gc,heap        ] GC(34) ParOldGen: 295425K(295936K)->295465K(295936K)
[25.447s][info][gc,metaspace   ] GC(34) Metaspace: 55431K(55744K)->55431K(55744K) NonClass: 49839K(50048K)->49839K(50048K) Class: 5592K(5696K)->5592K(5696K)
[25.447s][info][gc             ] GC(34) Pause Young (Allocation Failure) 503M->291M(498M) 6.097ms
[25.447s][info][gc,cpu         ] GC(34) User=0.02s Sys=0.00s Real=0.01s
[25.911s][info][gc,start       ] GC(35) Pause Young (Allocation Failure)
[25.919s][info][gc,heap        ] GC(35) PSYoungGen: 213525K(214016K)->2816K(210944K) Eden: 210805K(210944K)->0K(203264K) From: 2720K(3072K)->2816K(7680K)
[25.919s][info][gc,heap        ] GC(35) ParOldGen: 295465K(295936K)->295505K(295936K)
[25.919s][info][gc,metaspace   ] GC(35) Metaspace: 55431K(55744K)->55431K(55744K) NonClass: 49839K(50048K)->49839K(50048K) Class: 5592K(5696K)->5592K(5696K)
[25.919s][info][gc             ] GC(35) Pause Young (Allocation Failure) 497M->291M(495M) 8.154ms
[25.919s][info][gc,cpu         ] GC(35) User=0.01s Sys=0.00s Real=0.01s
[26.519s][info][gc,start       ] GC(36) Pause Young (Allocation Failure)
[26.528s][info][gc,heap        ] GC(36) PSYoungGen: 206080K(210944K)->3455K(222720K) Eden: 203264K(203264K)->0K(203264K) From: 2816K(7680K)->3455K(19456K)
[26.528s][info][gc,heap        ] GC(36) ParOldGen: 295505K(295936K)->295545K(295936K)
[26.528s][info][gc,metaspace   ] GC(36) Metaspace: 55431K(55744K)->55431K(55744K) NonClass: 49839K(50048K)->49839K(50048K) Class: 5592K(5696K)->5592K(5696K)
[26.528s][info][gc             ] GC(36) Pause Young (Allocation Failure) 489M->291M(506M) 8.306ms
[26.528s][info][gc,cpu         ] GC(36) User=0.01s Sys=0.00s Real=0.01s
[26.911s][info][gc,start       ] GC(37) Pause Young (Allocation Failure)
[26.921s][info][gc,heap        ] GC(37) PSYoungGen: 206719K(222720K)->2335K(270336K) Eden: 203264K(203264K)->0K(254464K) From: 3455K(19456K)->2335K(15872K)
[26.921s][info][gc,heap        ] GC(37) ParOldGen: 295545K(295936K)->295585K(295936K)
[26.921s][info][gc,metaspace   ] GC(37) Metaspace: 55431K(55744K)->55431K(55744K) NonClass: 49839K(50048K)->49839K(50048K) Class: 5592K(5696K)->5592K(5696K)
[26.921s][info][gc             ] GC(37) Pause Young (Allocation Failure) 490M->290M(553M) 10.838ms
[26.921s][info][gc,cpu         ] GC(37) User=0.02s Sys=0.00s Real=0.02s
[27.708s][info][gc,start       ] GC(38) Pause Young (Allocation Failure)
[27.715s][info][gc,heap        ] GC(38) PSYoungGen: 256704K(270336K)->2464K(271360K) Eden: 254369K(254464K)->0K(254464K) From: 2335K(15872K)->2464K(16896K)
[27.715s][info][gc,heap        ] GC(38) ParOldGen: 295585K(295936K)->295617K(295936K)
[27.715s][info][gc,metaspace   ] GC(38) Metaspace: 55433K(55744K)->55433K(55744K) NonClass: 49841K(50048K)->49841K(50048K) Class: 5592K(5696K)->5592K(5696K)
[27.715s][info][gc             ] GC(38) Pause Young (Allocation Failure) 539M->291M(554M) 7.058ms
[27.715s][info][gc,cpu         ] GC(38) User=0.01s Sys=0.00s Real=0.01s
[28.322s][info][gc,start       ] GC(39) Pause Young (Allocation Failure)
[28.325s][info][gc,heap        ] GC(39) PSYoungGen: 256928K(271360K)->1215K(314880K) Eden: 254464K(254464K)->0K(301056K) From: 2464K(16896K)->1215K(13824K)
[28.325s][info][gc,heap        ] GC(39) ParOldGen: 295617K(295936K)->295665K(295936K)
[28.325s][info][gc,metaspace   ] GC(39) Metaspace: 55436K(55744K)->55436K(55744K) NonClass: 49842K(50048K)->49842K(50048K) Class: 5593K(5696K)->5593K(5696K)
[28.325s][info][gc             ] GC(39) Pause Young (Allocation Failure) 539M->289M(596M) 3.694ms
[28.325s][info][gc,cpu         ] GC(39) User=0.00s Sys=0.01s Real=0.00s
[29.086s][info][gc,start       ] GC(40) Pause Young (Allocation Failure)
[29.090s][info][gc,heap        ] GC(40) PSYoungGen: 302271K(314880K)->1567K(290816K) Eden: 301056K(301056K)->0K(288768K) From: 1215K(13824K)->1567K(2048K)
[29.090s][info][gc,heap        ] GC(40) ParOldGen: 295665K(295936K)->295705K(295936K)
[29.090s][info][gc,metaspace   ] GC(40) Metaspace: 55436K(55744K)->55436K(55744K) NonClass: 49842K(50048K)->49842K(50048K) Class: 5593K(5696K)->5593K(5696K)
[29.090s][info][gc             ] GC(40) Pause Young (Allocation Failure) 583M->290M(573M) 4.248ms
[29.090s][info][gc,cpu         ] GC(40) User=0.01s Sys=0.00s Real=0.00s
[29.781s][info][gc,start       ] GC(41) Pause Young (Allocation Failure)
[29.786s][info][gc,heap        ] GC(41) PSYoungGen: 290335K(290816K)->1375K(279040K) Eden: 288768K(288768K)->0K(277504K) From: 1567K(2048K)->1375K(1536K)
[29.786s][info][gc,heap        ] GC(41) ParOldGen: 295705K(295936K)->295745K(295936K)
[29.786s][info][gc,metaspace   ] GC(41) Metaspace: 55437K(55744K)->55437K(55744K) NonClass: 49844K(50048K)->49844K(50048K) Class: 5593K(5696K)->5593K(5696K)
[29.786s][info][gc             ] GC(41) Pause Young (Allocation Failure) 572M->290M(561M) 4.649ms
[29.786s][info][gc,cpu         ] GC(41) User=0.01s Sys=0.00s Real=0.00s
[30.412s][info][gc,start       ] GC(42) Pause Young (Allocation Failure)
[30.415s][info][gc,heap        ] GC(42) PSYoungGen: 278879K(279040K)->1631K(280064K) Eden: 277504K(277504K)->0K(266752K) From: 1375K(1536K)->1631K(13312K)
[30.415s][info][gc,heap        ] GC(42) ParOldGen: 295745K(295936K)->295801K(295936K)
[30.415s][info][gc,metaspace   ] GC(42) Metaspace: 55437K(55744K)->55437K(55744K) NonClass: 49844K(50048K)->49844K(50048K) Class: 5593K(5696K)->5593K(5696K)
[30.415s][info][gc             ] GC(42) Pause Young (Allocation Failure) 561M->290M(562M) 3.714ms
[30.415s][info][gc,cpu         ] GC(42) User=0.01s Sys=0.00s Real=0.00s
[31.079s][info][gc,start       ] GC(43) Pause Young (Allocation Failure)
[31.083s][info][gc,heap        ] GC(43) PSYoungGen: 268383K(280064K)->1428K(258048K) Eden: 266752K(266752K)->0K(256512K) From: 1631K(13312K)->1428K(1536K)
[31.083s][info][gc,heap        ] GC(43) ParOldGen: 295801K(295936K)->295841K(295936K)
[31.083s][info][gc,metaspace   ] GC(43) Metaspace: 55437K(55744K)->55437K(55744K) NonClass: 49844K(50048K)->49844K(50048K) Class: 5593K(5696K)->5593K(5696K)
[31.083s][info][gc             ] GC(43) Pause Young (Allocation Failure) 550M->290M(541M) 4.106ms
[31.083s][info][gc,cpu         ] GC(43) User=0.01s Sys=0.00s Real=0.01s
[31.697s][info][gc,start       ] GC(44) Pause Young (Allocation Failure)
[31.702s][info][gc,heap        ] GC(44) PSYoungGen: 257665K(258048K)->1952K(248832K) Eden: 256237K(256512K)->0K(246784K) From: 1428K(1536K)->1952K(2048K)
[31.702s][info][gc,heap        ] GC(44) ParOldGen: 295841K(295936K)->295881K(295936K)
[31.702s][info][gc,metaspace   ] GC(44) Metaspace: 55437K(55744K)->55437K(55744K) NonClass: 49844K(50048K)->49844K(50048K) Class: 5593K(5696K)->5593K(5696K)
[31.702s][info][gc             ] GC(44) Pause Young (Allocation Failure) 540M->290M(532M) 4.564ms
[31.702s][info][gc,cpu         ] GC(44) User=0.01s Sys=0.00s Real=0.01s
[32.285s][info][gc,start       ] GC(45) Pause Young (Allocation Failure)
[32.289s][info][gc,heap        ] GC(45) PSYoungGen: 248736K(248832K)->1599K(239104K) Eden: 246784K(246784K)->0K(237056K) From: 1952K(2048K)->1599K(2048K)
[32.289s][info][gc,heap        ] GC(45) ParOldGen: 295881K(295936K)->295921K(295936K)
[32.289s][info][gc,metaspace   ] GC(45) Metaspace: 55437K(55744K)->55437K(55744K) NonClass: 49844K(50048K)->49844K(50048K) Class: 5593K(5696K)->5593K(5696K)
[32.289s][info][gc             ] GC(45) Pause Young (Allocation Failure) 531M->290M(522M) 4.027ms
[32.289s][info][gc,cpu         ] GC(45) User=0.00s Sys=0.00s Real=0.00s
[32.872s][info][gc,start       ] GC(46) Pause Young (Allocation Failure)
[32.876s][info][gc,heap        ] GC(46) PSYoungGen: 238655K(239104K)->799K(228864K) Eden: 237056K(237056K)->0K(227840K) From: 1599K(2048K)->799K(1024K)
[32.876s][info][gc,heap        ] GC(46) ParOldGen: 295921K(295936K)->295953K(296448K)
[32.876s][info][gc,metaspace   ] GC(46) Metaspace: 55437K(55744K)->55437K(55744K) NonClass: 49844K(50048K)->49844K(50048K) Class: 5593K(5696K)->5593K(5696K)
[32.876s][info][gc             ] GC(46) Pause Young (Allocation Failure) 522M->289M(513M) 4.224ms
[32.876s][info][gc,cpu         ] GC(46) User=0.01s Sys=0.00s Real=0.00s
[33.397s][info][gc,start       ] GC(47) Pause Young (Allocation Failure)
[33.402s][info][gc,heap        ] GC(47) PSYoungGen: 228639K(228864K)->2112K(221696K) Eden: 227840K(227840K)->0K(219136K) From: 799K(1024K)->2112K(2560K)
[33.402s][info][gc,heap        ] GC(47) ParOldGen: 295953K(296448K)->295985K(296448K)
[33.402s][info][gc,metaspace   ] GC(47) Metaspace: 55438K(55744K)->55438K(55744K) NonClass: 49844K(50048K)->49844K(50048K) Class: 5593K(5696K)->5593K(5696K)
[33.402s][info][gc             ] GC(47) Pause Young (Allocation Failure) 512M->291M(506M) 5.091ms
[33.402s][info][gc,cpu         ] GC(47) User=0.01s Sys=0.00s Real=0.01s
[33.912s][info][gc,start       ] GC(48) Pause Young (Allocation Failure)
[33.916s][info][gc,heap        ] GC(48) PSYoungGen: 221204K(221696K)->1728K(212992K) Eden: 219092K(219136K)->0K(210944K) From: 2112K(2560K)->1728K(2048K)
[33.916s][info][gc,heap        ] GC(48) ParOldGen: 295985K(296448K)->296017K(296448K)
[33.916s][info][gc,metaspace   ] GC(48) Metaspace: 55438K(55744K)->55438K(55744K) NonClass: 49844K(50048K)->49844K(50048K) Class: 5593K(5696K)->5593K(5696K)
[33.916s][info][gc             ] GC(48) Pause Young (Allocation Failure) 505M->290M(497M) 4.226ms
[33.916s][info][gc,cpu         ] GC(48) User=0.01s Sys=0.00s Real=0.00s
[34.431s][info][gc,start       ] GC(49) Pause Young (Allocation Failure)
[34.436s][info][gc,heap        ] GC(49) PSYoungGen: 212533K(212992K)->1632K(205312K) Eden: 210805K(210944K)->0K(203264K) From: 1728K(2048K)->1632K(2048K)
[34.436s][info][gc,heap        ] GC(49) ParOldGen: 296017K(296448K)->296041K(296448K)
[34.436s][info][gc,metaspace   ] GC(49) Metaspace: 55440K(55744K)->55440K(55744K) NonClass: 49847K(50048K)->49847K(50048K) Class: 5593K(5696K)->5593K(5696K)
[34.436s][info][gc             ] GC(49) Pause Young (Allocation Failure) 496M->290M(490M) 4.616ms
[34.436s][info][gc,cpu         ] GC(49) User=0.00s Sys=0.01s Real=0.00s
[34.907s][info][gc,start       ] GC(50) Pause Young (Allocation Failure)
[34.912s][info][gc,heap        ] GC(50) PSYoungGen: 204878K(205312K)->2752K(198656K) Eden: 203246K(203264K)->0K(195584K) From: 1632K(2048K)->2752K(3072K)
[34.912s][info][gc,heap        ] GC(50) ParOldGen: 296041K(296448K)->296073K(296448K)
[34.912s][info][gc,metaspace   ] GC(50) Metaspace: 55440K(55744K)->55440K(55744K) NonClass: 49847K(50048K)->49847K(50048K) Class: 5593K(5696K)->5593K(5696K)
[34.912s][info][gc             ] GC(50) Pause Young (Allocation Failure) 489M->291M(483M) 5.298ms
[34.912s][info][gc,cpu         ] GC(50) User=0.01s Sys=0.00s Real=0.01s
[35.391s][info][gc,start       ] GC(51) Pause Young (Allocation Failure)
[35.396s][info][gc,heap        ] GC(51) PSYoungGen: 198336K(198656K)->2208K(190976K) Eden: 195584K(195584K)->0K(188416K) From: 2752K(3072K)->2208K(2560K)
[35.396s][info][gc,heap        ] GC(51) ParOldGen: 296073K(296448K)->296097K(296448K)
[35.396s][info][gc,metaspace   ] GC(51) Metaspace: 55440K(55744K)->55440K(55744K) NonClass: 49847K(50048K)->49847K(50048K) Class: 5593K(5696K)->5593K(5696K)
[35.396s][info][gc             ] GC(51) Pause Young (Allocation Failure) 482M->291M(476M) 4.867ms
[35.396s][info][gc,cpu         ] GC(51) User=0.01s Sys=0.00s Real=0.00s
[35.830s][info][gc,start       ] GC(52) Pause Young (Allocation Failure)
[35.833s][info][gc,heap        ] GC(52) PSYoungGen: 190607K(190976K)->1312K(183296K) Eden: 188399K(188416K)->0K(181760K) From: 2208K(2560K)->1312K(1536K)
[35.833s][info][gc,heap        ] GC(52) ParOldGen: 296097K(296448K)->296121K(296448K)
[35.833s][info][gc,metaspace   ] GC(52) Metaspace: 55440K(55744K)->55440K(55744K) NonClass: 49847K(50048K)->49847K(50048K) Class: 5593K(5696K)->5593K(5696K)
[35.833s][info][gc             ] GC(52) Pause Young (Allocation Failure) 475M->290M(468M) 3.923ms
[35.833s][info][gc,cpu         ] GC(52) User=0.01s Sys=0.00s Real=0.01s
[36.279s][info][gc,start       ] GC(53) Pause Young (Allocation Failure)
[36.282s][info][gc,heap        ] GC(53) PSYoungGen: 183072K(183296K)->1663K(177152K) Eden: 181760K(181760K)->0K(175104K) From: 1312K(1536K)->1663K(2048K)
[36.282s][info][gc,heap        ] GC(53) ParOldGen: 296121K(296448K)->296145K(296448K)
[36.282s][info][gc,metaspace   ] GC(53) Metaspace: 55440K(55744K)->55440K(55744K) NonClass: 49847K(50048K)->49847K(50048K) Class: 5593K(5696K)->5593K(5696K)
[36.282s][info][gc             ] GC(53) Pause Young (Allocation Failure) 467M->290M(462M) 3.653ms
[36.282s][info][gc,cpu         ] GC(53) User=0.00s Sys=0.01s Real=0.01s
[36.734s][info][gc,start       ] GC(54) Pause Young (Allocation Failure)
[36.737s][info][gc,heap        ] GC(54) PSYoungGen: 176767K(177152K)->991K(169984K) Eden: 175104K(175104K)->0K(168960K) From: 1663K(2048K)->991K(1024K)
[36.737s][info][gc,heap        ] GC(54) ParOldGen: 296145K(296448K)->296177K(296448K)
[36.737s][info][gc,metaspace   ] GC(54) Metaspace: 55440K(55744K)->55440K(55744K) NonClass: 49847K(50048K)->49847K(50048K) Class: 5593K(5696K)->5593K(5696K)
[36.737s][info][gc             ] GC(54) Pause Young (Allocation Failure) 461M->290M(455M) 2.666ms
[36.737s][info][gc,cpu         ] GC(54) User=0.00s Sys=0.00s Real=0.00s
[37.107s][info][gc,start       ] GC(55) Pause Young (Allocation Failure)
[37.112s][info][gc,heap        ] GC(55) PSYoungGen: 169951K(169984K)->1887K(165376K) Eden: 168960K(168960K)->0K(163328K) From: 991K(1024K)->1887K(2048K)
[37.112s][info][gc,heap        ] GC(55) ParOldGen: 296177K(296448K)->296193K(296448K)
[37.112s][info][gc,metaspace   ] GC(55) Metaspace: 55462K(55808K)->55462K(55808K) NonClass: 49867K(50112K)->49867K(50112K) Class: 5594K(5696K)->5594K(5696K)
[37.112s][info][gc             ] GC(55) Pause Young (Allocation Failure) 455M->291M(451M) 5.144ms
[37.112s][info][gc,cpu         ] GC(55) User=0.01s Sys=0.00s Real=0.01s
[37.500s][info][gc,start       ] GC(56) Pause Young (Allocation Failure)
[37.506s][info][gc,heap        ] GC(56) PSYoungGen: 165215K(165376K)->3679K(201728K) Eden: 163328K(163328K)->0K(197632K) From: 1887K(2048K)->3679K(4096K)
[37.506s][info][gc,heap        ] GC(56) ParOldGen: 296193K(296448K)->296249K(296448K)
[37.506s][info][gc,metaspace   ] GC(56) Metaspace: 55462K(55808K)->55462K(55808K) NonClass: 49867K(50112K)->49867K(50112K) Class: 5594K(5696K)->5594K(5696K)
[37.506s][info][gc             ] GC(56) Pause Young (Allocation Failure) 450M->292M(486M) 6.145ms
[37.506s][info][gc,cpu         ] GC(56) User=0.01s Sys=0.00s Real=0.01s
[37.983s][info][gc,start       ] GC(57) Pause Young (Allocation Failure)
[37.987s][info][gc,heap        ] GC(57) PSYoungGen: 201311K(201728K)->2111K(193024K) Eden: 197632K(197632K)->0K(190464K) From: 3679K(4096K)->2111K(2560K)
[37.987s][info][gc,heap        ] GC(57) ParOldGen: 296249K(296448K)->296273K(296448K)
[37.987s][info][gc,metaspace   ] GC(57) Metaspace: 55462K(55808K)->55462K(55808K) NonClass: 49867K(50112K)->49867K(50112K) Class: 5594K(5696K)->5594K(5696K)
[37.987s][info][gc             ] GC(57) Pause Young (Allocation Failure) 485M->291M(478M) 4.397ms
[37.987s][info][gc,cpu         ] GC(57) User=0.00s Sys=0.00s Real=0.00s
[38.413s][info][gc,start       ] GC(58) Pause Young (Allocation Failure)
[38.416s][info][gc,heap        ] GC(58) PSYoungGen: 192554K(193024K)->832K(184832K) Eden: 190443K(190464K)->0K(183808K) From: 2111K(2560K)->832K(1024K)
[38.416s][info][gc,heap        ] GC(58) ParOldGen: 296273K(296448K)->296297K(296448K)
[38.416s][info][gc,metaspace   ] GC(58) Metaspace: 55462K(55808K)->55462K(55808K) NonClass: 49867K(50112K)->49867K(50112K) Class: 5594K(5696K)->5594K(5696K)
[38.416s][info][gc             ] GC(58) Pause Young (Allocation Failure) 477M->290M(470M) 2.920ms
[38.416s][info][gc,cpu         ] GC(58) User=0.01s Sys=0.00s Real=0.00s
[38.908s][info][gc,start       ] GC(59) Pause Young (Allocation Failure)
[38.914s][info][gc,heap        ] GC(59) PSYoungGen: 184640K(184832K)->2015K(179200K) Eden: 183808K(183808K)->0K(177152K) From: 832K(1024K)->2015K(2048K)
[38.914s][info][gc,heap        ] GC(59) ParOldGen: 296297K(296448K)->296321K(296448K)
[38.914s][info][gc,metaspace   ] GC(59) Metaspace: 55462K(55808K)->55462K(55808K) NonClass: 49867K(50112K)->49867K(50112K) Class: 5594K(5696K)->5594K(5696K)
[38.914s][info][gc             ] GC(59) Pause Young (Allocation Failure) 469M->291M(464M) 5.754ms
[38.914s][info][gc,cpu         ] GC(59) User=0.01s Sys=0.00s Real=0.01s
[39.292s][info][gc,start       ] GC(60) Pause Young (Allocation Failure)
[39.296s][info][gc,heap        ] GC(60) PSYoungGen: 179167K(179200K)->2495K(173568K) Eden: 177152K(177152K)->0K(171008K) From: 2015K(2048K)->2495K(2560K)
[39.296s][info][gc,heap        ] GC(60) ParOldGen: 296321K(296448K)->296345K(296448K)
[39.296s][info][gc,metaspace   ] GC(60) Metaspace: 55462K(55808K)->55462K(55808K) NonClass: 49867K(50112K)->49867K(50112K) Class: 5594K(5696K)->5594K(5696K)
[39.296s][info][gc             ] GC(60) Pause Young (Allocation Failure) 464M->291M(459M) 4.616ms
[39.296s][info][gc,cpu         ] GC(60) User=0.00s Sys=0.00s Real=0.00s
[39.699s][info][gc,start       ] GC(61) Pause Young (Allocation Failure)
[39.704s][info][gc,heap        ] GC(61) PSYoungGen: 173420K(173568K)->2752K(208384K) Eden: 170925K(171008K)->0K(205312K) From: 2495K(2560K)->2752K(3072K)
[39.704s][info][gc,heap        ] GC(61) ParOldGen: 296345K(296448K)->296369K(296448K)
[39.704s][info][gc,metaspace   ] GC(61) Metaspace: 55462K(55808K)->55462K(55808K) NonClass: 49867K(50112K)->49867K(50112K) Class: 5594K(5696K)->5594K(5696K)
[39.704s][info][gc             ] GC(61) Pause Young (Allocation Failure) 458M->292M(493M) 5.281ms
[39.704s][info][gc,cpu         ] GC(61) User=0.01s Sys=0.00s Real=0.01s
[40.199s][info][gc,start       ] GC(62) Pause Young (Allocation Failure)
[40.204s][info][gc,heap        ] GC(62) PSYoungGen: 208064K(208384K)->3071K(226816K) Eden: 205312K(205312K)->0K(221696K) From: 2752K(3072K)->3071K(5120K)
[40.204s][info][gc,heap        ] GC(62) ParOldGen: 296369K(296448K)->296385K(296448K)
[40.204s][info][gc,metaspace   ] GC(62) Metaspace: 55462K(55808K)->55462K(55808K) NonClass: 49867K(50112K)->49867K(50112K) Class: 5594K(5696K)->5594K(5696K)
[40.204s][info][gc             ] GC(62) Pause Young (Allocation Failure) 492M->292M(511M) 5.195ms
[40.204s][info][gc,cpu         ] GC(62) User=0.01s Sys=0.01s Real=0.01s
[40.719s][info][gc,start       ] GC(63) Pause Young (Allocation Failure)
[40.721s][info][gc,heap        ] GC(63) PSYoungGen: 224767K(226816K)->434K(214016K) Eden: 221696K(221696K)->0K(213504K) From: 3071K(5120K)->434K(512K)
[40.721s][info][gc,heap        ] GC(63) ParOldGen: 296385K(296448K)->296417K(296448K)
[40.721s][info][gc,metaspace   ] GC(63) Metaspace: 55462K(55808K)->55462K(55808K) NonClass: 49867K(50112K)->49867K(50112K) Class: 5594K(5696K)->5594K(5696K)
[40.721s][info][gc             ] GC(63) Pause Young (Allocation Failure) 508M->289M(498M) 2.304ms
[40.721s][info][gc,cpu         ] GC(63) User=0.00s Sys=0.00s Real=0.01s
[41.278s][info][gc,start       ] GC(64) Pause Young (Allocation Failure)
[41.282s][info][gc,heap        ] GC(64) PSYoungGen: 213938K(214016K)->1567K(210944K) Eden: 213504K(213504K)->0K(205824K) From: 434K(512K)->1567K(5120K)
[41.282s][info][gc,heap        ] GC(64) ParOldGen: 296417K(296448K)->296449K(296960K)
[41.282s][info][gc,metaspace   ] GC(64) Metaspace: 55462K(55808K)->55462K(55808K) NonClass: 49867K(50112K)->49867K(50112K) Class: 5594K(5696K)->5594K(5696K)
[41.282s][info][gc             ] GC(64) Pause Young (Allocation Failure) 498M->291M(496M) 3.968ms
[41.282s][info][gc,cpu         ] GC(64) User=0.01s Sys=0.00s Real=0.01s
[41.776s][info][gc,start       ] GC(65) Pause Young (Allocation Failure)
[41.779s][info][gc,heap        ] GC(65) PSYoungGen: 207391K(210944K)->1019K(199168K) Eden: 205824K(205824K)->0K(198144K) From: 1567K(5120K)->1019K(1024K)
[41.780s][info][gc,heap        ] GC(65) ParOldGen: 296449K(296960K)->296481K(296960K)
[41.780s][info][gc,metaspace   ] GC(65) Metaspace: 55462K(55808K)->55462K(55808K) NonClass: 49867K(50112K)->49867K(50112K) Class: 5594K(5696K)->5594K(5696K)
[41.780s][info][gc             ] GC(65) Pause Young (Allocation Failure) 492M->290M(484M) 3.221ms
[41.780s][info][gc,cpu         ] GC(65) User=0.00s Sys=0.00s Real=0.00s
[42.284s][info][gc,start       ] GC(66) Pause Young (Allocation Failure)
[42.291s][info][gc,heap        ] GC(66) PSYoungGen: 199163K(199168K)->3231K(194560K) Eden: 198144K(198144K)->0K(190976K) From: 1019K(1024K)->3231K(3584K)
[42.291s][info][gc,heap        ] GC(66) ParOldGen: 296481K(296960K)->296505K(296960K)
[42.291s][info][gc,metaspace   ] GC(66) Metaspace: 55463K(55808K)->55463K(55808K) NonClass: 49868K(50112K)->49868K(50112K) Class: 5594K(5696K)->5594K(5696K)
[42.291s][info][gc             ] GC(66) Pause Young (Allocation Failure) 484M->292M(480M) 6.679ms
[42.291s][info][gc,cpu         ] GC(66) User=0.01s Sys=0.00s Real=0.00s
[42.694s][info][gc,start       ] GC(67) Pause Young (Allocation Failure)
[42.701s][info][gc,heap        ] GC(67) PSYoungGen: 194207K(194560K)->3487K(232960K) Eden: 190976K(190976K)->0K(229376K) From: 3231K(3584K)->3487K(3584K)
[42.701s][info][gc,heap        ] GC(67) ParOldGen: 296505K(296960K)->296521K(296960K)
[42.701s][info][gc,metaspace   ] GC(67) Metaspace: 55463K(55808K)->55463K(55808K) NonClass: 49868K(50112K)->49868K(50112K) Class: 5594K(5696K)->5594K(5696K)
[42.701s][info][gc             ] GC(67) Pause Young (Allocation Failure) 479M->292M(517M) 6.733ms
[42.701s][info][gc,cpu         ] GC(67) User=0.01s Sys=0.01s Real=0.01s
[43.277s][info][gc,start       ] GC(68) Pause Young (Allocation Failure)
[43.281s][info][gc,heap        ] GC(68) PSYoungGen: 232863K(232960K)->1279K(222208K) Eden: 229376K(229376K)->0K(220672K) From: 3487K(3584K)->1279K(1536K)
[43.281s][info][gc,heap        ] GC(68) ParOldGen: 296521K(296960K)->296537K(296960K)
[43.281s][info][gc,metaspace   ] GC(68) Metaspace: 55466K(55808K)->55466K(55808K) NonClass: 49871K(50112K)->49871K(50112K) Class: 5594K(5696K)->5594K(5696K)
[43.281s][info][gc             ] GC(68) Pause Young (Allocation Failure) 516M->290M(507M) 3.728ms
[43.281s][info][gc,cpu         ] GC(68) User=0.01s Sys=0.00s Real=0.01s
[43.793s][info][gc,start       ] GC(69) Pause Young (Allocation Failure)
[43.801s][info][gc,heap        ] GC(69) PSYoungGen: 221951K(222208K)->2687K(238080K) Eden: 220672K(220672K)->0K(232960K) From: 1279K(1536K)->2687K(5120K)
[43.801s][info][gc,heap        ] GC(69) ParOldGen: 296537K(296960K)->296569K(296960K)
[43.801s][info][gc,metaspace   ] GC(69) Metaspace: 55466K(55808K)->55466K(55808K) NonClass: 49871K(50112K)->49871K(50112K) Class: 5594K(5696K)->5594K(5696K)
[43.801s][info][gc             ] GC(69) Pause Young (Allocation Failure) 506M->292M(522M) 7.816ms
[43.801s][info][gc,cpu         ] GC(69) User=0.01s Sys=0.00s Real=0.00s
[44.331s][info][gc,start       ] GC(70) Pause Young (Allocation Failure)
[44.334s][info][gc,heap        ] GC(70) PSYoungGen: 235521K(238080K)->448K(224768K) Eden: 232834K(232960K)->0K(224256K) From: 2687K(5120K)->448K(512K)
[44.334s][info][gc,heap        ] GC(70) ParOldGen: 296569K(296960K)->296601K(296960K)
[44.334s][info][gc,metaspace   ] GC(70) Metaspace: 55466K(55808K)->55466K(55808K) NonClass: 49871K(50112K)->49871K(50112K) Class: 5594K(5696K)->5594K(5696K)
[44.334s][info][gc             ] GC(70) Pause Young (Allocation Failure) 519M->290M(509M) 2.790ms
[44.334s][info][gc,cpu         ] GC(70) User=0.00s Sys=0.00s Real=0.00s
[45.084s][info][gc,start       ] GC(71) Pause Young (Allocation Failure)
[45.088s][info][gc,heap        ] GC(71) PSYoungGen: 224704K(224768K)->1440K(217600K) Eden: 224256K(224256K)->0K(216064K) From: 448K(512K)->1440K(1536K)
[45.088s][info][gc,heap        ] GC(71) ParOldGen: 296601K(296960K)->296625K(296960K)
[45.088s][info][gc,metaspace   ] GC(71) Metaspace: 55466K(55808K)->55466K(55808K) NonClass: 49871K(50112K)->49871K(50112K) Class: 5594K(5696K)->5594K(5696K)
[45.088s][info][gc             ] GC(71) Pause Young (Allocation Failure) 509M->291M(502M) 4.209ms
[45.088s][info][gc,cpu         ] GC(71) User=0.01s Sys=0.00s Real=0.00s
[45.598s][info][gc,start       ] GC(72) Pause Young (Allocation Failure)
[45.603s][info][gc,heap        ] GC(72) PSYoungGen: 217504K(217600K)->3008K(210944K) Eden: 216064K(216064K)->0K(207872K) From: 1440K(1536K)->3008K(3072K)
[45.603s][info][gc,heap        ] GC(72) ParOldGen: 296625K(296960K)->296641K(296960K)
[45.603s][info][gc,metaspace   ] GC(72) Metaspace: 55466K(55808K)->55466K(55808K) NonClass: 49871K(50112K)->49871K(50112K) Class: 5594K(5696K)->5594K(5696K)
[45.603s][info][gc             ] GC(72) Pause Young (Allocation Failure) 502M->292M(496M) 5.517ms
[45.603s][info][gc,cpu         ] GC(72) User=0.01s Sys=0.00s Real=0.01s
[46.098s][info][gc,start       ] GC(73) Pause Young (Allocation Failure)
[46.104s][info][gc,heap        ] GC(73) PSYoungGen: 210880K(210944K)->3519K(203776K) Eden: 207872K(207872K)->0K(200192K) From: 3008K(3072K)->3519K(3584K)
[46.104s][info][gc,heap        ] GC(73) ParOldGen: 296641K(296960K)->296657K(296960K)
[46.104s][info][gc,metaspace   ] GC(73) Metaspace: 55466K(55808K)->55466K(55808K) NonClass: 49871K(50112K)->49871K(50112K) Class: 5594K(5696K)->5594K(5696K)
[46.104s][info][gc             ] GC(73) Pause Young (Allocation Failure) 495M->293M(489M) 5.938ms
[46.104s][info][gc,cpu         ] GC(73) User=0.01s Sys=0.01s Real=0.01s
[46.592s][info][gc,start       ] GC(74) Pause Young (Allocation Failure)
[46.597s][info][gc,heap        ] GC(74) PSYoungGen: 203711K(203776K)->2080K(195584K) Eden: 200192K(200192K)->0K(193024K) From: 3519K(3584K)->2080K(2560K)
[46.597s][info][gc,heap        ] GC(74) ParOldGen: 296657K(296960K)->296673K(296960K)
[46.597s][info][gc,metaspace   ] GC(74) Metaspace: 55466K(55808K)->55466K(55808K) NonClass: 49871K(50112K)->49871K(50112K) Class: 5594K(5696K)->5594K(5696K)
[46.597s][info][gc             ] GC(74) Pause Young (Allocation Failure) 488M->291M(481M) 4.622ms
[46.597s][info][gc,cpu         ] GC(74) User=0.01s Sys=0.00s Real=0.00s
[47.076s][info][gc,start       ] GC(75) Pause Young (Allocation Failure)
[47.080s][info][gc,heap        ] GC(75) PSYoungGen: 195104K(195584K)->1503K(187392K) Eden: 193024K(193024K)->0K(185856K) From: 2080K(2560K)->1503K(1536K)
[47.080s][info][gc,heap        ] GC(75) ParOldGen: 296673K(296960K)->296697K(296960K)
[47.080s][info][gc,metaspace   ] GC(75) Metaspace: 55466K(55808K)->55466K(55808K) NonClass: 49871K(50112K)->49871K(50112K) Class: 5594K(5696K)->5594K(5696K)
[47.080s][info][gc             ] GC(75) Pause Young (Allocation Failure) 480M->291M(473M) 3.444ms
[47.080s][info][gc,cpu         ] GC(75) User=0.01s Sys=0.00s Real=0.00s
[47.507s][info][gc,start       ] GC(76) Pause Young (Allocation Failure)
[47.514s][info][gc,heap        ] GC(76) PSYoungGen: 187359K(187392K)->2943K(220672K) Eden: 185856K(185856K)->0K(215552K) From: 1503K(1536K)->2943K(5120K)
[47.514s][info][gc,heap        ] GC(76) ParOldGen: 296697K(296960K)->296713K(296960K)
[47.514s][info][gc,metaspace   ] GC(76) Metaspace: 55466K(55808K)->55466K(55808K) NonClass: 49871K(50112K)->49871K(50112K) Class: 5594K(5696K)->5594K(5696K)
[47.514s][info][gc             ] GC(76) Pause Young (Allocation Failure) 472M->292M(505M) 6.769ms
[47.514s][info][gc,cpu         ] GC(76) User=0.01s Sys=0.00s Real=0.01s
[48.013s][info][gc,start       ] GC(77) Pause Young (Allocation Failure)
[48.017s][info][gc,heap        ] GC(77) PSYoungGen: 218495K(220672K)->2079K(209920K) Eden: 215552K(215552K)->0K(207360K) From: 2943K(5120K)->2079K(2560K)
[48.017s][info][gc,heap        ] GC(77) ParOldGen: 296713K(296960K)->296729K(296960K)
[48.017s][info][gc,metaspace   ] GC(77) Metaspace: 55466K(55808K)->55466K(55808K) NonClass: 49871K(50112K)->49871K(50112K) Class: 5594K(5696K)->5594K(5696K)
[48.018s][info][gc             ] GC(77) Pause Young (Allocation Failure) 503M->291M(495M) 4.968ms
[48.018s][info][gc,cpu         ] GC(77) User=0.01s Sys=0.00s Real=0.00s
[48.526s][info][gc,start       ] GC(78) Pause Young (Allocation Failure)
[48.530s][info][gc,heap        ] GC(78) PSYoungGen: 209250K(209920K)->1984K(201728K) Eden: 207171K(207360K)->0K(199680K) From: 2079K(2560K)->1984K(2048K)
[48.530s][info][gc,heap        ] GC(78) ParOldGen: 296729K(296960K)->296753K(296960K)
[48.530s][info][gc,metaspace   ] GC(78) Metaspace: 55466K(55808K)->55466K(55808K) NonClass: 49871K(50112K)->49871K(50112K) Class: 5594K(5696K)->5594K(5696K)
[48.530s][info][gc             ] GC(78) Pause Young (Allocation Failure) 494M->291M(487M) 4.506ms
[48.530s][info][gc,cpu         ] GC(78) User=0.01s Sys=0.00s Real=0.00s
[48.993s][info][gc,start       ] GC(79) Pause Young (Allocation Failure)
[48.999s][info][gc,heap        ] GC(79) PSYoungGen: 201664K(201728K)->2368K(195072K) Eden: 199680K(199680K)->0K(192512K) From: 1984K(2048K)->2368K(2560K)
[48.999s][info][gc,heap        ] GC(79) ParOldGen: 296753K(296960K)->296777K(296960K)
[48.999s][info][gc,metaspace   ] GC(79) Metaspace: 55466K(55808K)->55466K(55808K) NonClass: 49871K(50112K)->49871K(50112K) Class: 5594K(5696K)->5594K(5696K)
[48.999s][info][gc             ] GC(79) Pause Young (Allocation Failure) 486M->292M(480M) 5.255ms
[48.999s][info][gc,cpu         ] GC(79) User=0.01s Sys=0.00s Real=0.00s
[49.538s][info][gc,start       ] GC(80) Pause Young (Allocation Failure)
[49.542s][info][gc,heap        ] GC(80) PSYoungGen: 194880K(195072K)->1536K(186880K) Eden: 192512K(192512K)->0K(185344K) From: 2368K(2560K)->1536K(1536K)
[49.542s][info][gc,heap        ] GC(80) ParOldGen: 296777K(296960K)->296801K(296960K)
[49.542s][info][gc,metaspace   ] GC(80) Metaspace: 55467K(55808K)->55467K(55808K) NonClass: 49873K(50112K)->49873K(50112K) Class: 5594K(5696K)->5594K(5696K)
[49.542s][info][gc             ] GC(80) Pause Young (Allocation Failure) 480M->291M(472M) 3.851ms
[49.542s][info][gc,cpu         ] GC(80) User=0.01s Sys=0.00s Real=0.01s
[49.911s][info][gc,start       ] GC(81) Pause Young (Allocation Failure)
[49.916s][info][gc,heap        ] GC(81) PSYoungGen: 186763K(186880K)->2656K(220672K) Eden: 185227K(185344K)->0K(216576K) From: 1536K(1536K)->2656K(4096K)
[49.916s][info][gc,heap        ] GC(81) ParOldGen: 296801K(296960K)->296817K(296960K)
[49.916s][info][gc,metaspace   ] GC(81) Metaspace: 55467K(55808K)->55467K(55808K) NonClass: 49873K(50112K)->49873K(50112K) Class: 5594K(5696K)->5594K(5696K)
[49.916s][info][gc             ] GC(81) Pause Young (Allocation Failure) 472M->292M(505M) 5.292ms
[49.916s][info][gc,cpu         ] GC(81) User=0.01s Sys=0.00s Real=0.01s
[50.482s][info][gc,start       ] GC(82) Pause Young (Allocation Failure)
[50.485s][info][gc,heap        ] GC(82) PSYoungGen: 219232K(220672K)->1023K(209408K) Eden: 216576K(216576K)->0K(208384K) From: 2656K(4096K)->1023K(1024K)
[50.486s][info][gc,heap        ] GC(82) ParOldGen: 296817K(296960K)->296833K(296960K)
[50.486s][info][gc,metaspace   ] GC(82) Metaspace: 55469K(55808K)->55469K(55808K) NonClass: 49874K(50112K)->49874K(50112K) Class: 5594K(5696K)->5594K(5696K)
[50.486s][info][gc             ] GC(82) Pause Young (Allocation Failure) 503M->290M(494M) 3.500ms
[50.486s][info][gc,cpu         ] GC(82) User=0.00s Sys=0.00s Real=0.00s
[50.973s][info][gc,start       ] GC(83) Pause Young (Allocation Failure)
[50.976s][info][gc,heap        ] GC(83) PSYoungGen: 209407K(209408K)->832K(201728K) Eden: 208384K(208384K)->0K(200704K) From: 1023K(1024K)->832K(1024K)
[50.976s][info][gc,heap        ] GC(83) ParOldGen: 296833K(296960K)->296857K(296960K)
[50.976s][info][gc,metaspace   ] GC(83) Metaspace: 55469K(55808K)->55469K(55808K) NonClass: 49874K(50112K)->49874K(50112K) Class: 5594K(5696K)->5594K(5696K)
[50.976s][info][gc             ] GC(83) Pause Young (Allocation Failure) 494M->290M(487M) 3.000ms
[50.976s][info][gc,cpu         ] GC(83) User=0.00s Sys=0.00s Real=0.00s
[51.424s][info][gc,start       ] GC(84) Pause Young (Allocation Failure)
[51.427s][info][gc,heap        ] GC(84) PSYoungGen: 201398K(201728K)->864K(198144K) Eden: 200566K(200704K)->0K(193536K) From: 832K(1024K)->864K(4608K)
[51.427s][info][gc,heap        ] GC(84) ParOldGen: 296857K(296960K)->296873K(296960K)
[51.427s][info][gc,metaspace   ] GC(84) Metaspace: 55469K(55808K)->55469K(55808K) NonClass: 49874K(50112K)->49874K(50112K) Class: 5594K(5696K)->5594K(5696K)
[51.427s][info][gc             ] GC(84) Pause Young (Allocation Failure) 486M->290M(483M) 2.936ms
[51.427s][info][gc,cpu         ] GC(84) User=0.01s Sys=0.00s Real=0.00s
[51.897s][info][gc,start       ] GC(85) Pause Young (Allocation Failure)
[51.903s][info][gc,heap        ] GC(85) PSYoungGen: 194400K(198144K)->3136K(189952K) Eden: 193536K(193536K)->0K(186368K) From: 864K(4608K)->3136K(3584K)
[51.903s][info][gc,heap        ] GC(85) ParOldGen: 296873K(296960K)->296889K(296960K)
[51.903s][info][gc,metaspace   ] GC(85) Metaspace: 55469K(55808K)->55469K(55808K) NonClass: 49874K(50112K)->49874K(50112K) Class: 5594K(5696K)->5594K(5696K)
[51.903s][info][gc             ] GC(85) Pause Young (Allocation Failure) 479M->292M(475M) 5.854ms
[51.903s][info][gc,cpu         ] GC(85) User=0.01s Sys=0.00s Real=0.01s
[52.378s][info][gc,start       ] GC(86) Pause Young (Allocation Failure)
[52.381s][info][gc,heap        ] GC(86) PSYoungGen: 189504K(189952K)->1407K(181248K) Eden: 186368K(186368K)->0K(179712K) From: 3136K(3584K)->1407K(1536K)
[52.381s][info][gc,heap        ] GC(86) ParOldGen: 296889K(296960K)->296913K(296960K)
[52.381s][info][gc,metaspace   ] GC(86) Metaspace: 55469K(55808K)->55469K(55808K) NonClass: 49874K(50112K)->49874K(50112K) Class: 5594K(5696K)->5594K(5696K)
[52.381s][info][gc             ] GC(86) Pause Young (Allocation Failure) 474M->291M(467M) 3.279ms
[52.381s][info][gc,cpu         ] GC(86) User=0.01s Sys=0.00s Real=0.01s
[52.799s][info][gc,start       ] GC(87) Pause Young (Allocation Failure)
[52.804s][info][gc,heap        ] GC(87) PSYoungGen: 181119K(181248K)->2464K(176128K) Eden: 179712K(179712K)->0K(173568K) From: 1407K(1536K)->2464K(2560K)
[52.804s][info][gc,heap        ] GC(87) ParOldGen: 296913K(296960K)->296929K(296960K)
[52.804s][info][gc,metaspace   ] GC(87) Metaspace: 55469K(55808K)->55469K(55808K) NonClass: 49874K(50112K)->49874K(50112K) Class: 5594K(5696K)->5594K(5696K)
[52.804s][info][gc             ] GC(87) Pause Young (Allocation Failure) 466M->292M(462M) 5.068ms
[52.804s][info][gc,cpu         ] GC(87) User=0.01s Sys=0.00s Real=0.01s
[53.199s][info][gc,start       ] GC(88) Pause Young (Allocation Failure)
[53.204s][info][gc,heap        ] GC(88) PSYoungGen: 175851K(176128K)->2592K(170496K) Eden: 173387K(173568K)->0K(167424K) From: 2464K(2560K)->2592K(3072K)
[53.204s][info][gc,heap        ] GC(88) ParOldGen: 296929K(296960K)->296945K(296960K)
[53.204s][info][gc,metaspace   ] GC(88) Metaspace: 55473K(55808K)->55473K(55808K) NonClass: 49878K(50112K)->49878K(50112K) Class: 5594K(5696K)->5594K(5696K)
[53.204s][info][gc             ] GC(88) Pause Young (Allocation Failure) 461M->292M(456M) 5.147ms
[53.204s][info][gc,cpu         ] GC(88) User=0.01s Sys=0.00s Real=0.01s
[53.609s][info][gc,start       ] GC(89) Pause Young (Allocation Failure)
[53.613s][info][gc,heap        ] GC(89) PSYoungGen: 170016K(170496K)->1887K(163840K) Eden: 167424K(167424K)->0K(161792K) From: 2592K(3072K)->1887K(2048K)
[53.613s][info][gc,heap        ] GC(89) ParOldGen: 296945K(296960K)->296969K(297472K)
[53.613s][info][gc,metaspace   ] GC(89) Metaspace: 55473K(55808K)->55473K(55808K) NonClass: 49878K(50112K)->49878K(50112K) Class: 5594K(5696K)->5594K(5696K)
[53.613s][info][gc             ] GC(89) Pause Young (Allocation Failure) 456M->291M(450M) 3.976ms
[53.613s][info][gc,cpu         ] GC(89) User=0.01s Sys=0.00s Real=0.01s
[54.009s][info][gc,start       ] GC(90) Pause Young (Allocation Failure)
[54.014s][info][gc,heap        ] GC(90) PSYoungGen: 163679K(163840K)->2239K(158720K) Eden: 161792K(161792K)->0K(156160K) From: 1887K(2048K)->2239K(2560K)
[54.014s][info][gc,heap        ] GC(90) ParOldGen: 296969K(297472K)->296985K(297472K)
[54.014s][info][gc,metaspace   ] GC(90) Metaspace: 55473K(55808K)->55473K(55808K) NonClass: 49878K(50112K)->49878K(50112K) Class: 5594K(5696K)->5594K(5696K)
[54.014s][info][gc             ] GC(90) Pause Young (Allocation Failure) 449M->292M(445M) 4.245ms
[54.014s][info][gc,cpu         ] GC(90) User=0.01s Sys=0.00s Real=0.01s
[54.395s][info][gc,start       ] GC(91) Pause Young (Allocation Failure)
[54.399s][info][gc,heap        ] GC(91) PSYoungGen: 158399K(158720K)->2176K(153600K) Eden: 156160K(156160K)->0K(151040K) From: 2239K(2560K)->2176K(2560K)
[54.399s][info][gc,heap        ] GC(91) ParOldGen: 296985K(297472K)->297001K(297472K)
[54.399s][info][gc,metaspace   ] GC(91) Metaspace: 55473K(55808K)->55473K(55808K) NonClass: 49878K(50112K)->49878K(50112K) Class: 5594K(5696K)->5594K(5696K)
[54.399s][info][gc             ] GC(91) Pause Young (Allocation Failure) 444M->292M(440M) 4.600ms
[54.399s][info][gc,cpu         ] GC(91) User=0.01s Sys=0.00s Real=0.00s
[54.799s][info][gc,start       ] GC(92) Pause Young (Allocation Failure)
[54.802s][info][gc,heap        ] GC(92) PSYoungGen: 153216K(153600K)->544K(146944K) Eden: 151040K(151040K)->0K(145920K) From: 2176K(2560K)->544K(1024K)
[54.802s][info][gc,heap        ] GC(92) ParOldGen: 297001K(297472K)->297017K(297472K)
[54.802s][info][gc,metaspace   ] GC(92) Metaspace: 55473K(55808K)->55473K(55808K) NonClass: 49878K(50112K)->49878K(50112K) Class: 5594K(5696K)->5594K(5696K)
[54.802s][info][gc             ] GC(92) Pause Young (Allocation Failure) 439M->290M(434M) 2.380ms
[54.802s][info][gc,cpu         ] GC(92) User=0.00s Sys=0.00s Real=0.01s
[55.097s][info][gc,start       ] GC(93) Pause Young (Allocation Failure)
[55.103s][info][gc,heap        ] GC(93) PSYoungGen: 146464K(146944K)->2783K(178176K) Eden: 145920K(145920K)->0K(175104K) From: 544K(1024K)->2783K(3072K)
[55.103s][info][gc,heap        ] GC(93) ParOldGen: 297017K(297472K)->297041K(297472K)
[55.103s][info][gc,metaspace   ] GC(93) Metaspace: 55473K(55808K)->55473K(55808K) NonClass: 49878K(50112K)->49878K(50112K) Class: 5594K(5696K)->5594K(5696K)
[55.103s][info][gc             ] GC(93) Pause Young (Allocation Failure) 433M->292M(464M) 5.631ms
[55.103s][info][gc,cpu         ] GC(93) User=0.01s Sys=0.00s Real=0.01s
[55.525s][info][gc,start       ] GC(94) Pause Young (Allocation Failure)
[55.529s][info][gc,heap        ] GC(94) PSYoungGen: 177887K(178176K)->1951K(198144K) Eden: 175104K(175104K)->0K(194048K) From: 2783K(3072K)->1951K(4096K)
[55.529s][info][gc,heap        ] GC(94) ParOldGen: 297041K(297472K)->297057K(297472K)
[55.529s][info][gc,metaspace   ] GC(94) Metaspace: 55473K(55808K)->55473K(55808K) NonClass: 49878K(50112K)->49878K(50112K) Class: 5594K(5696K)->5594K(5696K)
[55.529s][info][gc             ] GC(94) Pause Young (Allocation Failure) 463M->292M(484M) 4.476ms
[55.529s][info][gc,cpu         ] GC(94) User=0.01s Sys=0.00s Real=0.00s
[55.992s][info][gc,start       ] GC(95) Pause Young (Allocation Failure)
[55.998s][info][gc,heap        ] GC(95) PSYoungGen: 195999K(198144K)->2719K(214528K) Eden: 194048K(194048K)->0K(210432K) From: 1951K(4096K)->2719K(4096K)
[55.998s][info][gc,heap        ] GC(95) ParOldGen: 297057K(297472K)->297073K(297472K)
[55.998s][info][gc,metaspace   ] GC(95) Metaspace: 55473K(55808K)->55473K(55808K) NonClass: 49878K(50112K)->49878K(50112K) Class: 5594K(5696K)->5594K(5696K)
[55.998s][info][gc             ] GC(95) Pause Young (Allocation Failure) 481M->292M(500M) 6.077ms
[55.998s][info][gc,cpu         ] GC(95) User=0.01s Sys=0.00s Real=0.00s
[56.507s][info][gc,start       ] GC(96) Pause Young (Allocation Failure)
[56.513s][info][gc,heap        ] GC(96) PSYoungGen: 213137K(214528K)->2528K(214528K) Eden: 210418K(210432K)->0K(210432K) From: 2719K(4096K)->2528K(4096K)
[56.513s][info][gc,heap        ] GC(96) ParOldGen: 297073K(297472K)->297097K(297472K)
[56.513s][info][gc,metaspace   ] GC(96) Metaspace: 55473K(55808K)->55473K(55808K) NonClass: 49878K(50112K)->49878K(50112K) Class: 5594K(5696K)->5594K(5696K)
[56.513s][info][gc             ] GC(96) Pause Young (Allocation Failure) 498M->292M(500M) 5.992ms
[56.513s][info][gc,cpu         ] GC(96) User=0.01s Sys=0.01s Real=0.01s
[56.999s][info][gc,start       ] GC(97) Pause Young (Allocation Failure)
[57.005s][info][gc,heap        ] GC(97) PSYoungGen: 212776K(214528K)->2944K(257024K) Eden: 210248K(210432K)->0K(252928K) From: 2528K(4096K)->2944K(4096K)
[57.005s][info][gc,heap        ] GC(97) ParOldGen: 297097K(297472K)->297113K(297472K)
[57.005s][info][gc,metaspace   ] GC(97) Metaspace: 55474K(55808K)->55474K(55808K) NonClass: 49879K(50112K)->49879K(50112K) Class: 5594K(5696K)->5594K(5696K)
[57.005s][info][gc             ] GC(97) Pause Young (Allocation Failure) 497M->293M(541M) 6.510ms
[57.005s][info][gc,cpu         ] GC(97) User=0.01s Sys=0.00s Real=0.01s
[57.629s][info][gc,start       ] GC(98) Pause Young (Allocation Failure)
[57.634s][info][gc,heap        ] GC(98) PSYoungGen: 255872K(257024K)->2079K(257024K) Eden: 252928K(252928K)->0K(252928K) From: 2944K(4096K)->2079K(4096K)
[57.634s][info][gc,heap        ] GC(98) ParOldGen: 297113K(297472K)->297137K(297472K)
[57.634s][info][gc,metaspace   ] GC(98) Metaspace: 55474K(55808K)->55474K(55808K) NonClass: 49879K(50112K)->49879K(50112K) Class: 5594K(5696K)->5594K(5696K)
[57.634s][info][gc             ] GC(98) Pause Young (Allocation Failure) 540M->292M(541M) 4.946ms
[57.634s][info][gc,cpu         ] GC(98) User=0.01s Sys=0.00s Real=0.01s
[58.218s][info][gc,start       ] GC(99) Pause Young (Allocation Failure)
[58.221s][info][gc,heap        ] GC(99) PSYoungGen: 255007K(257024K)->1119K(244736K) Eden: 252928K(252928K)->0K(243200K) From: 2079K(4096K)->1119K(1536K)
[58.221s][info][gc,heap        ] GC(99) ParOldGen: 297137K(297472K)->297161K(297472K)
[58.221s][info][gc,metaspace   ] GC(99) Metaspace: 55474K(55808K)->55474K(55808K) NonClass: 49879K(50112K)->49879K(50112K) Class: 5594K(5696K)->5594K(5696K)
[58.221s][info][gc             ] GC(99) Pause Young (Allocation Failure) 539M->291M(529M) 3.234ms
[58.221s][info][gc,cpu         ] GC(99) User=0.01s Sys=0.00s Real=0.01s
[58.812s][info][gc,start       ] GC(100) Pause Young (Allocation Failure)
[58.816s][info][gc,heap        ] GC(100) PSYoungGen: 244142K(244736K)->1344K(235520K) Eden: 243023K(243200K)->0K(233984K) From: 1119K(1536K)->1344K(1536K)
[58.816s][info][gc,heap        ] GC(100) ParOldGen: 297161K(297472K)->297177K(297472K)
[58.816s][info][gc,metaspace   ] GC(100) Metaspace: 55474K(55808K)->55474K(55808K) NonClass: 49879K(50112K)->49879K(50112K) Class: 5594K(5696K)->5594K(5696K)
[58.816s][info][gc             ] GC(100) Pause Young (Allocation Failure) 528M->291M(520M) 4.038ms
[58.816s][info][gc,cpu         ] GC(100) User=0.01s Sys=0.00s Real=0.00s
[59.397s][info][gc,start       ] GC(101) Pause Young (Allocation Failure)
[59.402s][info][gc,heap        ] GC(101) PSYoungGen: 235328K(235520K)->1952K(227328K) Eden: 233984K(233984K)->0K(225280K) From: 1344K(1536K)->1952K(2048K)
[59.402s][info][gc,heap        ] GC(101) ParOldGen: 297177K(297472K)->297193K(297472K)
[59.402s][info][gc,metaspace   ] GC(101) Metaspace: 55474K(55808K)->55474K(55808K) NonClass: 49879K(50112K)->49879K(50112K) Class: 5594K(5696K)->5594K(5696K)
[59.402s][info][gc             ] GC(101) Pause Young (Allocation Failure) 520M->292M(512M) 5.003ms
[59.402s][info][gc,cpu         ] GC(101) User=0.00s Sys=0.00s Real=0.01s
[59.928s][info][gc,start       ] GC(102) Pause Young (Allocation Failure)
[59.933s][info][gc,heap        ] GC(102) PSYoungGen: 227232K(227328K)->1598K(218624K) Eden: 225280K(225280K)->0K(216576K) From: 1952K(2048K)->1598K(2048K)
[59.933s][info][gc,heap        ] GC(102) ParOldGen: 297193K(297472K)->297217K(297472K)
[59.933s][info][gc,metaspace   ] GC(102) Metaspace: 55474K(55808K)->55474K(55808K) NonClass: 49879K(50112K)->49879K(50112K) Class: 5594K(5696K)->5594K(5696K)
[59.933s][info][gc             ] GC(102) Pause Young (Allocation Failure) 512M->291M(504M) 4.617ms
[59.933s][info][gc,cpu         ] GC(102) User=0.01s Sys=0.00s Real=0.01s
[60.863s][info][gc,start       ] GC(103) Pause Young (Allocation Failure)
[60.913s][info][gc,heap        ] GC(103) PSYoungGen: 215249K(218624K)->128K(260608K) Eden: 213651K(216576K)->0K(260096K) From: 1598K(2048K)->128K(512K)
[60.913s][info][gc,heap        ] GC(103) ParOldGen: 297217K(297472K)->336296K(336896K)
[60.913s][info][gc,metaspace   ] GC(103) Metaspace: 55675K(56000K)->55675K(56000K) NonClass: 50058K(50304K)->50058K(50304K) Class: 5617K(5696K)->5617K(5696K)
[60.913s][info][gc             ] GC(103) Pause Young (Allocation Failure) 500M->328M(583M) 50.541ms
[60.913s][info][gc,cpu         ] GC(103) User=0.07s Sys=0.02s Real=0.05s
[64.229s][info][gc,start       ] GC(104) Pause Young (Allocation Failure)
[64.322s][info][gc,heap        ] GC(104) PSYoungGen: 260224K(260608K)->4087K(297472K) Eden: 260096K(260096K)->0K(293376K) From: 128K(512K)->4087K(4096K)
[64.322s][info][gc,heap        ] GC(104) ParOldGen: 336296K(336896K)->437432K(438272K)
[64.322s][info][gc,metaspace   ] GC(104) Metaspace: 56046K(56320K)->56046K(56320K) NonClass: 50428K(50624K)->50428K(50624K) Class: 5617K(5696K)->5617K(5696K)
[64.322s][info][gc             ] GC(104) Pause Young (Allocation Failure) 582M->431M(718M) 93.937ms
[64.323s][info][gc,cpu         ] GC(104) User=0.12s Sys=0.07s Real=0.10s
[64.973s][info][gc,start       ] GC(105) Pause Young (Allocation Failure)
[65.004s][info][gc,heap        ] GC(105) PSYoungGen: 297463K(297472K)->19193K(287232K) Eden: 293376K(293376K)->0K(250880K) From: 4087K(4096K)->19193K(36352K)
[65.004s][info][gc,heap        ] GC(105) ParOldGen: 437432K(438272K)->441192K(441344K)
[65.004s][info][gc,metaspace   ] GC(105) Metaspace: 56047K(56320K)->56047K(56320K) NonClass: 50430K(50624K)->50430K(50624K) Class: 5617K(5696K)->5617K(5696K)
[65.004s][info][gc             ] GC(105) Pause Young (Allocation Failure) 717M->449M(711M) 30.866ms
[65.004s][info][gc,cpu         ] GC(105) User=0.05s Sys=0.01s Real=0.03s
[65.519s][info][gc,start       ] GC(106) Pause Young (Allocation Failure)
[65.539s][info][gc,heap        ] GC(106) PSYoungGen: 270073K(287232K)->2847K(292352K) Eden: 250880K(250880K)->0K(250880K) From: 19193K(36352K)->2847K(41472K)
[65.539s][info][gc,heap        ] GC(106) ParOldGen: 441192K(441344K)->458738K(458752K)
[65.539s][info][gc,metaspace   ] GC(106) Metaspace: 56047K(56320K)->56047K(56320K) NonClass: 50430K(50624K)->50430K(50624K) Class: 5617K(5696K)->5617K(5696K)
[65.539s][info][gc             ] GC(106) Pause Young (Allocation Failure) 694M->450M(733M) 20.437ms
[65.539s][info][gc,cpu         ] GC(106) User=0.02s Sys=0.01s Real=0.02s
[66.125s][info][gc,start       ] GC(107) Pause Young (Allocation Failure)
[66.128s][info][gc,heap        ] GC(107) PSYoungGen: 253727K(292352K)->1631K(289280K) Eden: 250880K(250880K)->0K(251904K) From: 2847K(41472K)->1631K(37376K)
[66.128s][info][gc,heap        ] GC(107) ParOldGen: 458738K(458752K)->458770K(459264K)
[66.128s][info][gc,metaspace   ] GC(107) Metaspace: 56047K(56320K)->56047K(56320K) NonClass: 50430K(50624K)->50430K(50624K) Class: 5617K(5696K)->5617K(5696K)
[66.128s][info][gc             ] GC(107) Pause Young (Allocation Failure) 695M->449M(731M) 3.907ms
[66.128s][info][gc,cpu         ] GC(107) User=0.01s Sys=0.00s Real=0.00s
[66.838s][info][gc,start       ] GC(108) Pause Young (Allocation Failure)
[66.844s][info][gc,heap        ] GC(108) PSYoungGen: 253535K(289280K)->576K(291328K) Eden: 251904K(251904K)->0K(251904K) From: 1631K(37376K)->576K(39424K)
[66.844s][info][gc,heap        ] GC(108) ParOldGen: 458770K(459264K)->458802K(459264K)
[66.844s][info][gc,metaspace   ] GC(108) Metaspace: 56047K(56320K)->56047K(56320K) NonClass: 50430K(50624K)->50430K(50624K) Class: 5617K(5696K)->5617K(5696K)
[66.844s][info][gc             ] GC(108) Pause Young (Allocation Failure) 695M->448M(733M) 5.739ms
[66.844s][info][gc,cpu         ] GC(108) User=0.01s Sys=0.00s Real=0.01s
[67.522s][info][gc,start       ] GC(109) Pause Young (Allocation Failure)
[67.535s][info][gc,heap        ] GC(109) PSYoungGen: 252480K(291328K)->2847K(290304K) Eden: 251904K(251904K)->0K(256000K) From: 576K(39424K)->2847K(34304K)
[67.535s][info][gc,heap        ] GC(109) ParOldGen: 458802K(459264K)->458818K(459264K)
[67.535s][info][gc,metaspace   ] GC(109) Metaspace: 56047K(56320K)->56047K(56320K) NonClass: 50430K(50624K)->50430K(50624K) Class: 5617K(5696K)->5617K(5696K)
[67.535s][info][gc             ] GC(109) Pause Young (Allocation Failure) 694M->450M(732M) 13.216ms
[67.535s][info][gc,cpu         ] GC(109) User=0.01s Sys=0.00s Real=0.01s
[68.196s][info][gc,start       ] GC(110) Pause Young (Allocation Failure)
[68.202s][info][gc,heap        ] GC(110) PSYoungGen: 258847K(290304K)->2240K(292864K) Eden: 256000K(256000K)->0K(256000K) From: 2847K(34304K)->2240K(36864K)
[68.202s][info][gc,heap        ] GC(110) ParOldGen: 458818K(459264K)->458842K(459264K)
[68.202s][info][gc,metaspace   ] GC(110) Metaspace: 56047K(56320K)->56047K(56320K) NonClass: 50430K(50624K)->50430K(50624K) Class: 5617K(5696K)->5617K(5696K)
[68.202s][info][gc             ] GC(110) Pause Young (Allocation Failure) 700M->450M(734M) 6.335ms
[68.202s][info][gc,cpu         ] GC(110) User=0.01s Sys=0.00s Real=0.01s
[68.813s][info][gc,start       ] GC(111) Pause Young (Allocation Failure)
[68.822s][info][gc,heap        ] GC(111) PSYoungGen: 257992K(292864K)->2239K(291840K) Eden: 255752K(256000K)->0K(261632K) From: 2240K(36864K)->2239K(30208K)
[68.822s][info][gc,heap        ] GC(111) ParOldGen: 458842K(459264K)->458866K(459264K)
[68.822s][info][gc,metaspace   ] GC(111) Metaspace: 56047K(56320K)->56047K(56320K) NonClass: 50430K(50624K)->50430K(50624K) Class: 5617K(5696K)->5617K(5696K)
[68.822s][info][gc             ] GC(111) Pause Young (Allocation Failure) 700M->450M(733M) 9.161ms
[68.822s][info][gc,cpu         ] GC(111) User=0.02s Sys=0.00s Real=0.01s
[69.436s][info][gc,start       ] GC(112) Pause Young (Allocation Failure)
[69.439s][info][gc,heap        ] GC(112) PSYoungGen: 263871K(291840K)->608K(294912K) Eden: 261632K(261632K)->0K(261632K) From: 2239K(30208K)->608K(33280K)
[69.439s][info][gc,heap        ] GC(112) ParOldGen: 458866K(459264K)->458890K(459264K)
[69.439s][info][gc,metaspace   ] GC(112) Metaspace: 56049K(56320K)->56049K(56320K) NonClass: 50432K(50624K)->50432K(50624K) Class: 5617K(5696K)->5617K(5696K)
[69.439s][info][gc             ] GC(112) Pause Young (Allocation Failure) 705M->448M(736M) 2.945ms
[69.439s][info][gc,cpu         ] GC(112) User=0.00s Sys=0.00s Real=0.00s
[70.167s][info][gc,start       ] GC(113) Pause Young (Allocation Failure)
[70.171s][info][gc,heap        ] GC(113) PSYoungGen: 262240K(294912K)->1279K(296448K) Eden: 261632K(261632K)->0K(268288K) From: 608K(33280K)->1279K(28160K)
[70.171s][info][gc,heap        ] GC(113) ParOldGen: 458890K(459264K)->458914K(459264K)
[70.171s][info][gc,metaspace   ] GC(113) Metaspace: 56049K(56320K)->56049K(56320K) NonClass: 50432K(50624K)->50432K(50624K) Class: 5617K(5696K)->5617K(5696K)
[70.171s][info][gc             ] GC(113) Pause Young (Allocation Failure) 704M->449M(738M) 3.588ms
[70.171s][info][gc,cpu         ] GC(113) User=0.01s Sys=0.00s Real=0.00s
[70.722s][info][gc,start       ] GC(114) Pause Young (Allocation Failure)
[70.732s][info][gc,heap        ] GC(114) PSYoungGen: 269567K(296448K)->2430K(299008K) Eden: 268288K(268288K)->0K(268288K) From: 1279K(28160K)->2430K(30720K)
[70.732s][info][gc,heap        ] GC(114) ParOldGen: 458914K(459264K)->458946K(459264K)
[70.732s][info][gc,metaspace   ] GC(114) Metaspace: 56049K(56320K)->56049K(56320K) NonClass: 50432K(50624K)->50432K(50624K) Class: 5617K(5696K)->5617K(5696K)
[70.732s][info][gc             ] GC(114) Pause Young (Allocation Failure) 711M->450M(740M) 10.256ms
[70.732s][info][gc,cpu         ] GC(114) User=0.01s Sys=0.00s Real=0.01s
[71.380s][info][gc,start       ] GC(115) Pause Young (Allocation Failure)
[71.385s][info][gc,heap        ] GC(115) PSYoungGen: 270718K(299008K)->2015K(299008K) Eden: 268288K(268288K)->0K(273920K) From: 2430K(30720K)->2015K(25088K)
[71.385s][info][gc,heap        ] GC(115) ParOldGen: 458946K(459264K)->458970K(459264K)
[71.385s][info][gc,metaspace   ] GC(115) Metaspace: 56049K(56320K)->56049K(56320K) NonClass: 50432K(50624K)->50432K(50624K) Class: 5617K(5696K)->5617K(5696K)
[71.385s][info][gc             ] GC(115) Pause Young (Allocation Failure) 712M->450M(740M) 5.210ms
[71.385s][info][gc,cpu         ] GC(115) User=0.01s Sys=0.00s Real=0.01s
[72.018s][info][gc,start       ] GC(116) Pause Young (Allocation Failure)
[72.021s][info][gc,heap        ] GC(116) PSYoungGen: 275621K(299008K)->1312K(301568K) Eden: 273606K(273920K)->0K(273920K) From: 2015K(25088K)->1312K(27648K)
[72.021s][info][gc,heap        ] GC(116) ParOldGen: 458970K(459264K)->459002K(459264K)
[72.021s][info][gc,metaspace   ] GC(116) Metaspace: 56051K(56320K)->56051K(56320K) NonClass: 50433K(50624K)->50433K(50624K) Class: 5617K(5696K)->5617K(5696K)
[72.021s][info][gc             ] GC(116) Pause Young (Allocation Failure) 717M->449M(743M) 3.689ms
[72.021s][info][gc,cpu         ] GC(116) User=0.01s Sys=0.00s Real=0.01s
[72.719s][info][gc,start       ] GC(117) Pause Young (Allocation Failure)
[72.724s][info][gc,heap        ] GC(117) PSYoungGen: 275232K(301568K)->2112K(268288K) Eden: 273920K(273920K)->0K(263168K) From: 1312K(27648K)->2112K(5120K)
[72.724s][info][gc,heap        ] GC(117) ParOldGen: 459002K(459264K)->459026K(459264K)
[72.724s][info][gc,metaspace   ] GC(117) Metaspace: 56051K(56320K)->56051K(56320K) NonClass: 50433K(50624K)->50433K(50624K) Class: 5617K(5696K)->5617K(5696K)
[72.724s][info][gc             ] GC(117) Pause Young (Allocation Failure) 717M->450M(710M) 4.850ms
[72.724s][info][gc,cpu         ] GC(117) User=0.01s Sys=0.00s Real=0.01s
[73.292s][info][gc,start       ] GC(118) Pause Young (Allocation Failure)
[73.298s][info][gc,heap        ] GC(118) PSYoungGen: 265280K(268288K)->3040K(256000K) Eden: 263168K(263168K)->0K(252928K) From: 2112K(5120K)->3040K(3072K)
[73.298s][info][gc,heap        ] GC(118) ParOldGen: 459026K(459264K)->459050K(459264K)
[73.298s][info][gc,metaspace   ] GC(118) Metaspace: 56051K(56320K)->56051K(56320K) NonClass: 50433K(50624K)->50433K(50624K) Class: 5617K(5696K)->5617K(5696K)
[73.298s][info][gc             ] GC(118) Pause Young (Allocation Failure) 707M->451M(698M) 5.891ms
[73.298s][info][gc,cpu         ] GC(118) User=0.01s Sys=0.00s Real=0.00s
[73.945s][info][gc,start       ] GC(119) Pause Young (Allocation Failure)
[73.950s][info][gc,heap        ] GC(119) PSYoungGen: 255968K(256000K)->1503K(244736K) Eden: 252928K(252928K)->0K(243200K) From: 3040K(3072K)->1503K(1536K)
[73.950s][info][gc,heap        ] GC(119) ParOldGen: 459050K(459264K)->459074K(459264K)
[73.950s][info][gc,metaspace   ] GC(119) Metaspace: 56051K(56320K)->56051K(56320K) NonClass: 50433K(50624K)->50433K(50624K) Class: 5617K(5696K)->5617K(5696K)
[73.950s][info][gc             ] GC(119) Pause Young (Allocation Failure) 698M->449M(687M) 5.144ms
[73.950s][info][gc,cpu         ] GC(119) User=0.01s Sys=0.00s Real=0.00s
[74.495s][info][gc,start       ] GC(120) Pause Young (Allocation Failure)
[74.499s][info][gc,heap        ] GC(120) PSYoungGen: 244703K(244736K)->1663K(255488K) Eden: 243200K(243200K)->0K(233984K) From: 1503K(1536K)->1663K(21504K)
[74.499s][info][gc,heap        ] GC(120) ParOldGen: 459074K(459264K)->459098K(459264K)
[74.499s][info][gc,metaspace   ] GC(120) Metaspace: 56057K(56384K)->56057K(56384K) NonClass: 50439K(50688K)->50439K(50688K) Class: 5617K(5696K)->5617K(5696K)
[74.499s][info][gc             ] GC(120) Pause Young (Allocation Failure) 687M->449M(698M) 4.668ms
[74.499s][info][gc,cpu         ] GC(120) User=0.01s Sys=0.00s Real=0.00s
[75.077s][info][gc,start       ] GC(121) Pause Young (Allocation Failure)
[75.081s][info][gc,heap        ] GC(121) PSYoungGen: 235647K(255488K)->777K(226304K) Eden: 233984K(233984K)->0K(225280K) From: 1663K(21504K)->777K(1024K)
[75.081s][info][gc,heap        ] GC(121) ParOldGen: 459098K(459264K)->459114K(459264K)
[75.081s][info][gc,metaspace   ] GC(121) Metaspace: 56057K(56384K)->56057K(56384K) NonClass: 50439K(50688K)->50439K(50688K) Class: 5617K(5696K)->5617K(5696K)
[75.081s][info][gc             ] GC(121) Pause Young (Allocation Failure) 678M->449M(669M) 4.233ms
[75.081s][info][gc,cpu         ] GC(121) User=0.01s Sys=0.00s Real=0.01s
[75.587s][info][gc,start       ] GC(122) Pause Young (Allocation Failure)
[75.590s][info][gc,heap        ] GC(122) PSYoungGen: 226057K(226304K)->1791K(236032K) Eden: 225280K(225280K)->0K(216576K) From: 777K(1024K)->1791K(19456K)
[75.590s][info][gc,heap        ] GC(122) ParOldGen: 459114K(459264K)->459130K(459264K)
[75.590s][info][gc,metaspace   ] GC(122) Metaspace: 56057K(56384K)->56057K(56384K) NonClass: 50439K(50688K)->50439K(50688K) Class: 5617K(5696K)->5617K(5696K)
[75.590s][info][gc             ] GC(122) Pause Young (Allocation Failure) 669M->450M(679M) 3.845ms
[75.590s][info][gc,cpu         ] GC(122) User=0.00s Sys=0.00s Real=0.00s
[76.090s][info][gc,start       ] GC(123) Pause Young (Allocation Failure)
[76.096s][info][gc,heap        ] GC(123) PSYoungGen: 218367K(236032K)->2432K(210944K) Eden: 216576K(216576K)->0K(208384K) From: 1791K(19456K)->2432K(2560K)
[76.096s][info][gc,heap        ] GC(123) ParOldGen: 459130K(459264K)->459146K(459264K)
[76.096s][info][gc,metaspace   ] GC(123) Metaspace: 56057K(56384K)->56057K(56384K) NonClass: 50439K(50688K)->50439K(50688K) Class: 5617K(5696K)->5617K(5696K)
[76.096s][info][gc             ] GC(123) Pause Young (Allocation Failure) 661M->450M(654M) 6.031ms
[76.096s][info][gc,cpu         ] GC(123) User=0.01s Sys=0.01s Real=0.01s
[76.590s][info][gc,start       ] GC(124) Pause Young (Allocation Failure)
[76.594s][info][gc,heap        ] GC(124) PSYoungGen: 210816K(210944K)->2111K(203264K) Eden: 208384K(208384K)->0K(200704K) From: 2432K(2560K)->2111K(2560K)
[76.594s][info][gc,heap        ] GC(124) ParOldGen: 459146K(459264K)->459162K(459264K)
[76.594s][info][gc,metaspace   ] GC(124) Metaspace: 56057K(56384K)->56057K(56384K) NonClass: 50439K(50688K)->50439K(50688K) Class: 5617K(5696K)->5617K(5696K)
[76.594s][info][gc             ] GC(124) Pause Young (Allocation Failure) 654M->450M(647M) 4.395ms
[76.594s][info][gc,cpu         ] GC(124) User=0.00s Sys=0.00s Real=0.01s
[77.081s][info][gc,start       ] GC(125) Pause Young (Allocation Failure)
[77.086s][info][gc,heap        ] GC(125) PSYoungGen: 202815K(203264K)->1513K(195072K) Eden: 200704K(200704K)->0K(193536K) From: 2111K(2560K)->1513K(1536K)
[77.086s][info][gc,heap        ] GC(125) ParOldGen: 459162K(459264K)->459178K(459264K)
[77.086s][info][gc,metaspace   ] GC(125) Metaspace: 56057K(56384K)->56057K(56384K) NonClass: 50439K(50688K)->50439K(50688K) Class: 5617K(5696K)->5617K(5696K)
[77.086s][info][gc             ] GC(125) Pause Young (Allocation Failure) 646M->449M(639M) 4.801ms
[77.086s][info][gc,cpu         ] GC(125) User=0.01s Sys=0.00s Real=0.00s
[77.509s][info][gc,start       ] GC(126) Pause Young (Allocation Failure)
[77.513s][info][gc,heap        ] GC(126) PSYoungGen: 195044K(195072K)->1920K(201216K) Eden: 193530K(193536K)->0K(186368K) From: 1513K(1536K)->1920K(14848K)
[77.513s][info][gc,heap        ] GC(126) ParOldGen: 459178K(459264K)->459194K(459264K)
[77.513s][info][gc,metaspace   ] GC(126) Metaspace: 56057K(56384K)->56057K(56384K) NonClass: 50439K(50688K)->50439K(50688K) Class: 5617K(5696K)->5617K(5696K)
[77.513s][info][gc             ] GC(126) Pause Young (Allocation Failure) 638M->450M(645M) 4.519ms
[77.513s][info][gc,cpu         ] GC(126) User=0.01s Sys=0.00s Real=0.01s
[77.981s][info][gc,start       ] GC(127) Pause Young (Allocation Failure)
[77.993s][info][gc,heap        ] GC(127) PSYoungGen: 188288K(201216K)->1435K(218624K) Eden: 186368K(186368K)->0K(204800K) From: 1920K(14848K)->1435K(13824K)
[77.993s][info][gc,heap        ] GC(127) ParOldGen: 459194K(459264K)->459210K(459264K)
[77.993s][info][gc,metaspace   ] GC(127) Metaspace: 56057K(56384K)->56057K(56384K) NonClass: 50439K(50688K)->50439K(50688K) Class: 5617K(5696K)->5617K(5696K)
[77.993s][info][gc             ] GC(127) Pause Young (Allocation Failure) 632M->449M(662M) 12.228ms
[77.993s][info][gc,cpu         ] GC(127) User=0.01s Sys=0.00s Real=0.01s
[78.471s][info][gc,start       ] GC(128) Pause Young (Allocation Failure)
[78.474s][info][gc,heap        ] GC(128) PSYoungGen: 206235K(218624K)->320K(218112K) Eden: 204800K(204800K)->0K(204800K) From: 1435K(13824K)->320K(13312K)
[78.474s][info][gc,heap        ] GC(128) ParOldGen: 459210K(459264K)->459226K(459264K)
[78.474s][info][gc,metaspace   ] GC(128) Metaspace: 56057K(56384K)->56057K(56384K) NonClass: 50439K(50688K)->50439K(50688K) Class: 5617K(5696K)->5617K(5696K)
[78.474s][info][gc             ] GC(128) Pause Young (Allocation Failure) 649M->448M(661M) 2.925ms
[78.474s][info][gc,cpu         ] GC(128) User=0.01s Sys=0.00s Real=0.01s
[78.929s][info][gc,start       ] GC(129) Pause Young (Allocation Failure)
[78.933s][info][gc,heap        ] GC(129) PSYoungGen: 205120K(218112K)->1215K(256512K) Eden: 204800K(204800K)->0K(245760K) From: 320K(13312K)->1215K(10752K)
[78.933s][info][gc,heap        ] GC(129) ParOldGen: 459226K(459264K)->459242K(459264K)
[78.933s][info][gc,metaspace   ] GC(129) Metaspace: 56057K(56384K)->56057K(56384K) NonClass: 50439K(50688K)->50439K(50688K) Class: 5617K(5696K)->5617K(5696K)
[78.933s][info][gc             ] GC(129) Pause Young (Allocation Failure) 648M->449M(699M) 4.833ms
[78.933s][info][gc,cpu         ] GC(129) User=0.00s Sys=0.00s Real=0.01s
[79.509s][info][gc,start       ] GC(130) Pause Young (Allocation Failure)
[79.515s][info][gc,heap        ] GC(130) PSYoungGen: 246975K(256512K)->2590K(257536K) Eden: 245760K(245760K)->0K(245760K) From: 1215K(10752K)->2590K(11776K)
[79.515s][info][gc,heap        ] GC(130) ParOldGen: 459242K(459264K)->459258K(459264K)
[79.515s][info][gc,metaspace   ] GC(130) Metaspace: 56057K(56384K)->56057K(56384K) NonClass: 50440K(50688K)->50440K(50688K) Class: 5617K(5696K)->5617K(5696K)
[79.515s][info][gc             ] GC(130) Pause Young (Allocation Failure) 689M->451M(700M) 5.622ms
[79.515s][info][gc,cpu         ] GC(130) User=0.01s Sys=0.01s Real=0.01s
[80.167s][info][gc,start       ] GC(131) Pause Young (Allocation Failure)
[80.171s][info][gc,heap        ] GC(131) PSYoungGen: 248350K(257536K)->1216K(238080K) Eden: 245760K(245760K)->0K(236544K) From: 2590K(11776K)->1216K(1536K)
[80.171s][info][gc,heap        ] GC(131) ParOldGen: 459258K(459264K)->459274K(459776K)
[80.171s][info][gc,metaspace   ] GC(131) Metaspace: 56057K(56384K)->56057K(56384K) NonClass: 50440K(50688K)->50440K(50688K) Class: 5617K(5696K)->5617K(5696K)
[80.171s][info][gc             ] GC(131) Pause Young (Allocation Failure) 691M->449M(681M) 4.071ms
[80.171s][info][gc,cpu         ] GC(131) User=0.01s Sys=0.00s Real=0.00s
[80.691s][info][gc,start       ] GC(132) Pause Young (Allocation Failure)
[80.696s][info][gc,heap        ] GC(132) PSYoungGen: 237760K(238080K)->2432K(229888K) Eden: 236544K(236544K)->0K(227328K) From: 1216K(1536K)->2432K(2560K)
[80.696s][info][gc,heap        ] GC(132) ParOldGen: 459274K(459776K)->459290K(459776K)
[80.696s][info][gc,metaspace   ] GC(132) Metaspace: 56057K(56384K)->56057K(56384K) NonClass: 50440K(50688K)->50440K(50688K) Class: 5617K(5696K)->5617K(5696K)
[80.696s][info][gc             ] GC(132) Pause Young (Allocation Failure) 680M->450M(673M) 5.781ms
[80.697s][info][gc,cpu         ] GC(132) User=0.01s Sys=0.00s Real=0.01s
[81.251s][info][gc,start       ] GC(133) Pause Young (Allocation Failure)
[81.253s][info][gc,heap        ] GC(133) PSYoungGen: 229760K(229888K)->320K(219136K) Eden: 227328K(227328K)->0K(218624K) From: 2432K(2560K)->320K(512K)
[81.253s][info][gc,heap        ] GC(133) ParOldGen: 459290K(459776K)->459306K(459776K)
[81.253s][info][gc,metaspace   ] GC(133) Metaspace: 56057K(56384K)->56057K(56384K) NonClass: 50440K(50688K)->50440K(50688K) Class: 5617K(5696K)->5617K(5696K)
[81.253s][info][gc             ] GC(133) Pause Young (Allocation Failure) 672M->448M(663M) 2.574ms
[81.253s][info][gc,cpu         ] GC(133) User=0.01s Sys=0.00s Real=0.01s
[81.783s][info][gc,start       ] GC(134) Pause Young (Allocation Failure)
[81.787s][info][gc,heap        ] GC(134) PSYoungGen: 218944K(219136K)->2174K(219648K) Eden: 218624K(218624K)->0K(210432K) From: 320K(512K)->2174K(9216K)
[81.787s][info][gc,heap        ] GC(134) ParOldGen: 459306K(459776K)->459322K(459776K)
[81.787s][info][gc,metaspace   ] GC(134) Metaspace: 56057K(56384K)->56057K(56384K) NonClass: 50440K(50688K)->50440K(50688K) Class: 5617K(5696K)->5617K(5696K)
[81.787s][info][gc             ] GC(134) Pause Young (Allocation Failure) 662M->450M(663M) 4.738ms
[81.787s][info][gc,cpu         ] GC(134) User=0.00s Sys=0.00s Real=0.00s
[82.314s][info][gc,start       ] GC(135) Pause Young (Allocation Failure)
[82.322s][info][gc,heap        ] GC(135) PSYoungGen: 212606K(219648K)->3679K(206848K) Eden: 210432K(210432K)->0K(202752K) From: 2174K(9216K)->3679K(4096K)
[82.322s][info][gc,heap        ] GC(135) ParOldGen: 459322K(459776K)->459346K(459776K)
[82.322s][info][gc,metaspace   ] GC(135) Metaspace: 56057K(56384K)->56057K(56384K) NonClass: 50440K(50688K)->50440K(50688K) Class: 5617K(5696K)->5617K(5696K)
[82.322s][info][gc             ] GC(135) Pause Young (Allocation Failure) 656M->452M(651M) 7.982ms
[82.322s][info][gc,cpu         ] GC(135) User=0.01s Sys=0.00s Real=0.01s
[82.777s][info][gc,start       ] GC(136) Pause Young (Allocation Failure)
[82.781s][info][gc,heap        ] GC(136) PSYoungGen: 206431K(206848K)->1352K(197120K) Eden: 202752K(202752K)->0K(195584K) From: 3679K(4096K)->1352K(1536K)
[82.781s][info][gc,heap        ] GC(136) ParOldGen: 459346K(459776K)->459362K(459776K)
[82.781s][info][gc,metaspace   ] GC(136) Metaspace: 56057K(56384K)->56057K(56384K) NonClass: 50440K(50688K)->50440K(50688K) Class: 5617K(5696K)->5617K(5696K)
[82.781s][info][gc             ] GC(136) Pause Young (Allocation Failure) 650M->449M(641M) 4.344ms
[82.781s][info][gc,cpu         ] GC(136) User=0.00s Sys=0.00s Real=0.01s
[83.391s][info][gc,start       ] GC(137) Pause Young (Allocation Failure)
[83.397s][info][gc,heap        ] GC(137) PSYoungGen: 196765K(197120K)->2400K(190976K) Eden: 195412K(195584K)->0K(188416K) From: 1352K(1536K)->2400K(2560K)
[83.398s][info][gc,heap        ] GC(137) ParOldGen: 459362K(459776K)->459378K(459776K)
[83.398s][info][gc,metaspace   ] GC(137) Metaspace: 56057K(56384K)->56057K(56384K) NonClass: 50440K(50688K)->50440K(50688K) Class: 5617K(5696K)->5617K(5696K)
[83.398s][info][gc             ] GC(137) Pause Young (Allocation Failure) 640M->450M(635M) 6.763ms
[83.398s][info][gc,cpu         ] GC(137) User=0.01s Sys=0.00s Real=0.01s
[83.777s][info][gc,start       ] GC(138) Pause Young (Allocation Failure)
[83.782s][info][gc,heap        ] GC(138) PSYoungGen: 190816K(190976K)->1918K(228352K) Eden: 188416K(188416K)->0K(226304K) From: 2400K(2560K)->1918K(2048K)
[83.782s][info][gc,heap        ] GC(138) ParOldGen: 459378K(459776K)->459394K(459776K)
[83.782s][info][gc,metaspace   ] GC(138) Metaspace: 56057K(56384K)->56057K(56384K) NonClass: 50440K(50688K)->50440K(50688K) Class: 5617K(5696K)->5617K(5696K)
[83.782s][info][gc             ] GC(138) Pause Young (Allocation Failure) 634M->450M(672M) 4.849ms
[83.782s][info][gc,cpu         ] GC(138) User=0.01s Sys=0.00s Real=0.01s
[84.301s][info][gc,start       ] GC(139) Pause Young (Allocation Failure)
[84.307s][info][gc,heap        ] GC(139) PSYoungGen: 228222K(228352K)->3710K(274432K) Eden: 226304K(226304K)->0K(267264K) From: 1918K(2048K)->3710K(7168K)
[84.307s][info][gc,heap        ] GC(139) ParOldGen: 459394K(459776K)->459410K(459776K)
[84.307s][info][gc,metaspace   ] GC(139) Metaspace: 56057K(56384K)->56057K(56384K) NonClass: 50440K(50688K)->50440K(50688K) Class: 5617K(5696K)->5617K(5696K)
[84.307s][info][gc             ] GC(139) Pause Young (Allocation Failure) 671M->452M(717M) 6.869ms
[84.308s][info][gc,cpu         ] GC(139) User=0.01s Sys=0.00s Real=0.01s
[84.932s][info][gc,start       ] GC(140) Pause Young (Allocation Failure)
[84.935s][info][gc,heap        ] GC(140) PSYoungGen: 270974K(274432K)->438K(257536K) Eden: 267264K(267264K)->0K(257024K) From: 3710K(7168K)->438K(512K)
[84.935s][info][gc,heap        ] GC(140) ParOldGen: 459410K(459776K)->459426K(459776K)
[84.935s][info][gc,metaspace   ] GC(140) Metaspace: 56058K(56384K)->56058K(56384K) NonClass: 50440K(50688K)->50440K(50688K) Class: 5617K(5696K)->5617K(5696K)
[84.935s][info][gc             ] GC(140) Pause Young (Allocation Failure) 713M->449M(700M) 2.939ms
[84.935s][info][gc,cpu         ] GC(140) User=0.01s Sys=0.01s Real=0.00s
[85.578s][info][gc,start       ] GC(141) Pause Young (Allocation Failure)
[85.581s][info][gc,heap        ] GC(141) PSYoungGen: 257462K(257536K)->1138K(248320K) Eden: 257024K(257024K)->0K(246784K) From: 438K(512K)->1138K(1536K)
[85.581s][info][gc,heap        ] GC(141) ParOldGen: 459426K(459776K)->459442K(459776K)
[85.581s][info][gc,metaspace   ] GC(141) Metaspace: 56058K(56384K)->56058K(56384K) NonClass: 50440K(50688K)->50440K(50688K) Class: 5617K(5696K)->5617K(5696K)
[85.581s][info][gc             ] GC(141) Pause Young (Allocation Failure) 700M->449M(691M) 3.631ms
[85.581s][info][gc,cpu         ] GC(141) User=0.01s Sys=0.00s Real=0.01s
[86.124s][info][gc,start       ] GC(142) Pause Young (Allocation Failure)
[86.127s][info][gc,heap        ] GC(142) PSYoungGen: 247780K(248320K)->512K(237568K) Eden: 246641K(246784K)->0K(237056K) From: 1138K(1536K)->512K(512K)
[86.127s][info][gc,heap        ] GC(142) ParOldGen: 459442K(459776K)->459458K(459776K)
[86.127s][info][gc,metaspace   ] GC(142) Metaspace: 56058K(56384K)->56058K(56384K) NonClass: 50440K(50688K)->50440K(50688K) Class: 5617K(5696K)->5617K(5696K)
[86.127s][info][gc             ] GC(142) Pause Young (Allocation Failure) 690M->449M(681M) 2.768ms
[86.127s][info][gc,cpu         ] GC(142) User=0.00s Sys=0.00s Real=0.00s
[86.717s][info][gc,start       ] GC(143) Pause Young (Allocation Failure)
[86.722s][info][gc,heap        ] GC(143) PSYoungGen: 237568K(237568K)->2335K(230400K) Eden: 237056K(237056K)->0K(227840K) From: 512K(512K)->2335K(2560K)
[86.722s][info][gc,heap        ] GC(143) ParOldGen: 459458K(459776K)->459474K(459776K)
[86.722s][info][gc,metaspace   ] GC(143) Metaspace: 56058K(56384K)->56058K(56384K) NonClass: 50440K(50688K)->50440K(50688K) Class: 5617K(5696K)->5617K(5696K)
[86.722s][info][gc             ] GC(143) Pause Young (Allocation Failure) 680M->450M(674M) 4.838ms
[86.722s][info][gc,cpu         ] GC(143) User=0.01s Sys=0.00s Real=0.01s
[87.273s][info][gc,start       ] GC(144) Pause Young (Allocation Failure)
[87.276s][info][gc,heap        ] GC(144) PSYoungGen: 230175K(230400K)->809K(220160K) Eden: 227840K(227840K)->0K(219136K) From: 2335K(2560K)->809K(1024K)
[87.276s][info][gc,heap        ] GC(144) ParOldGen: 459474K(459776K)->459490K(459776K)
[87.276s][info][gc,metaspace   ] GC(144) Metaspace: 56058K(56384K)->56058K(56384K) NonClass: 50440K(50688K)->50440K(50688K) Class: 5617K(5696K)->5617K(5696K)
[87.276s][info][gc             ] GC(144) Pause Young (Allocation Failure) 673M->449M(664M) 3.128ms
[87.276s][info][gc,cpu         ] GC(144) User=0.01s Sys=0.00s Real=0.00s
[87.839s][info][gc,start       ] GC(145) Pause Young (Allocation Failure)
[87.843s][info][gc,heap        ] GC(145) PSYoungGen: 219945K(220160K)->1695K(212992K) Eden: 219136K(219136K)->0K(210944K) From: 809K(1024K)->1695K(2048K)
[87.843s][info][gc,heap        ] GC(145) ParOldGen: 459490K(459776K)->459506K(459776K)
[87.843s][info][gc,metaspace   ] GC(145) Metaspace: 56058K(56384K)->56058K(56384K) NonClass: 50440K(50688K)->50440K(50688K) Class: 5617K(5696K)->5617K(5696K)
[87.843s][info][gc             ] GC(145) Pause Young (Allocation Failure) 663M->450M(657M) 4.073ms
[87.843s][info][gc,cpu         ] GC(145) User=0.01s Sys=0.00s Real=0.01s
[88.283s][info][gc,start       ] GC(146) Pause Young (Allocation Failure)
[88.286s][info][gc,heap        ] GC(146) PSYoungGen: 212639K(212992K)->1408K(204800K) Eden: 210944K(210944K)->0K(203264K) From: 1695K(2048K)->1408K(1536K)
[88.287s][info][gc,heap        ] GC(146) ParOldGen: 459506K(459776K)->459522K(459776K)
[88.287s][info][gc,metaspace   ] GC(146) Metaspace: 56059K(56384K)->56059K(56384K) NonClass: 50442K(50688K)->50442K(50688K) Class: 5617K(5696K)->5617K(5696K)
[88.287s][info][gc             ] GC(146) Pause Young (Allocation Failure) 656M->450M(649M) 3.798ms
[88.287s][info][gc,cpu         ] GC(146) User=0.01s Sys=0.00s Real=0.00s
[88.775s][info][gc,start       ] GC(147) Pause Young (Allocation Failure)
[88.779s][info][gc,heap        ] GC(147) PSYoungGen: 204672K(204800K)->1393K(197120K) Eden: 203264K(203264K)->0K(195584K) From: 1408K(1536K)->1393K(1536K)
[88.779s][info][gc,heap        ] GC(147) ParOldGen: 459522K(459776K)->459538K(459776K)
[88.779s][info][gc,metaspace   ] GC(147) Metaspace: 56059K(56384K)->56059K(56384K) NonClass: 50442K(50688K)->50442K(50688K) Class: 5617K(5696K)->5617K(5696K)
[88.779s][info][gc             ] GC(147) Pause Young (Allocation Failure) 648M->450M(641M) 3.756ms
[88.779s][info][gc,cpu         ] GC(147) User=0.01s Sys=0.00s Real=0.00s
[89.205s][info][gc,start       ] GC(148) Pause Young (Allocation Failure)
[89.209s][info][gc,heap        ] GC(148) PSYoungGen: 196977K(197120K)->1568K(190464K) Eden: 195584K(195584K)->0K(188416K) From: 1393K(1536K)->1568K(2048K)
[89.209s][info][gc,heap        ] GC(148) ParOldGen: 459538K(459776K)->459554K(459776K)
[89.209s][info][gc,metaspace   ] GC(148) Metaspace: 56059K(56384K)->56059K(56384K) NonClass: 50442K(50688K)->50442K(50688K) Class: 5617K(5696K)->5617K(5696K)
[89.209s][info][gc             ] GC(148) Pause Young (Allocation Failure) 641M->450M(635M) 3.918ms
[89.209s][info][gc,cpu         ] GC(148) User=0.01s Sys=0.00s Real=0.00s
[89.722s][info][gc,start       ] GC(149) Pause Young (Allocation Failure)
[89.738s][info][gc,heap        ] GC(149) PSYoungGen: 189984K(190464K)->3838K(230400K) Eden: 188416K(188416K)->0K(226304K) From: 1568K(2048K)->3838K(4096K)
[89.738s][info][gc,heap        ] GC(149) ParOldGen: 459554K(459776K)->459570K(459776K)
[89.738s][info][gc,metaspace   ] GC(149) Metaspace: 56059K(56384K)->56059K(56384K) NonClass: 50442K(50688K)->50442K(50688K) Class: 5617K(5696K)->5617K(5696K)
[89.738s][info][gc             ] GC(149) Pause Young (Allocation Failure) 634M->452M(674M) 15.784ms
[89.738s][info][gc,cpu         ] GC(149) User=0.01s Sys=0.00s Real=0.01s
[90.205s][info][gc,start       ] GC(150) Pause Young (Allocation Failure)
[90.211s][info][gc,heap        ] GC(150) PSYoungGen: 229994K(230400K)->2879K(244736K) Eden: 226156K(226304K)->0K(239104K) From: 3838K(4096K)->2879K(5632K)
[90.211s][info][gc,heap        ] GC(150) ParOldGen: 459570K(459776K)->459586K(459776K)
[90.211s][info][gc,metaspace   ] GC(150) Metaspace: 56059K(56384K)->56059K(56384K) NonClass: 50442K(50688K)->50442K(50688K) Class: 5617K(5696K)->5617K(5696K)
[90.211s][info][gc             ] GC(150) Pause Young (Allocation Failure) 673M->451M(688M) 5.258ms
[90.211s][info][gc,cpu         ] GC(150) User=0.01s Sys=0.00s Real=0.00s
[90.794s][info][gc,start       ] GC(151) Pause Young (Allocation Failure)
[90.800s][info][gc,heap        ] GC(151) PSYoungGen: 241982K(244736K)->1760K(278016K) Eden: 239103K(239104K)->0K(272384K) From: 2879K(5632K)->1760K(5632K)
[90.800s][info][gc,heap        ] GC(151) ParOldGen: 459586K(459776K)->459602K(459776K)
[90.800s][info][gc,metaspace   ] GC(151) Metaspace: 56059K(56384K)->56059K(56384K) NonClass: 50442K(50688K)->50442K(50688K) Class: 5617K(5696K)->5617K(5696K)
[90.800s][info][gc             ] GC(151) Pause Young (Allocation Failure) 685M->450M(720M) 6.166ms
[90.800s][info][gc,cpu         ] GC(151) User=0.01s Sys=0.00s Real=0.00s
[91.423s][info][gc,start       ] GC(152) Pause Young (Allocation Failure)
[91.427s][info][gc,heap        ] GC(152) PSYoungGen: 273857K(278016K)->1344K(277504K) Eden: 272097K(272384K)->0K(272384K) From: 1760K(5632K)->1344K(5120K)
[91.427s][info][gc,heap        ] GC(152) ParOldGen: 459602K(459776K)->459618K(459776K)
[91.427s][info][gc,metaspace   ] GC(152) Metaspace: 56059K(56384K)->56059K(56384K) NonClass: 50442K(50688K)->50442K(50688K) Class: 5617K(5696K)->5617K(5696K)
[91.427s][info][gc             ] GC(152) Pause Young (Allocation Failure) 716M->450M(720M) 4.119ms
[91.427s][info][gc,cpu         ] GC(152) User=0.01s Sys=0.00s Real=0.00s
[92.089s][info][gc,start       ] GC(153) Pause Young (Allocation Failure)
[92.093s][info][gc,heap        ] GC(153) PSYoungGen: 273728K(277504K)->1312K(263168K) Eden: 272384K(272384K)->0K(261632K) From: 1344K(5120K)->1312K(1536K)
[92.093s][info][gc,heap        ] GC(153) ParOldGen: 459618K(459776K)->459634K(459776K)
[92.093s][info][gc,metaspace   ] GC(153) Metaspace: 56059K(56384K)->56059K(56384K) NonClass: 50442K(50688K)->50442K(50688K) Class: 5617K(5696K)->5617K(5696K)
[92.093s][info][gc             ] GC(153) Pause Young (Allocation Failure) 716M->450M(706M) 4.057ms
[92.093s][info][gc,cpu         ] GC(153) User=0.01s Sys=0.00s Real=0.01s
[92.695s][info][gc,start       ] GC(154) Pause Young (Allocation Failure)
[92.700s][info][gc,heap        ] GC(154) PSYoungGen: 262944K(263168K)->2462K(253952K) Eden: 261632K(261632K)->0K(251392K) From: 1312K(1536K)->2462K(2560K)
[92.700s][info][gc,heap        ] GC(154) ParOldGen: 459634K(459776K)->459650K(459776K)
[92.700s][info][gc,metaspace   ] GC(154) Metaspace: 56059K(56384K)->56059K(56384K) NonClass: 50442K(50688K)->50442K(50688K) Class: 5617K(5696K)->5617K(5696K)
[92.700s][info][gc             ] GC(154) Pause Young (Allocation Failure) 705M->451M(697M) 5.251ms
[92.700s][info][gc,cpu         ] GC(154) User=0.00s Sys=0.00s Real=0.00s
[93.301s][info][gc,start       ] GC(155) Pause Young (Allocation Failure)
[93.309s][info][gc,heap        ] GC(155) PSYoungGen: 253854K(253952K)->2752K(244736K) Eden: 251392K(251392K)->0K(241664K) From: 2462K(2560K)->2752K(3072K)
[93.309s][info][gc,heap        ] GC(155) ParOldGen: 459650K(459776K)->459674K(459776K)
[93.309s][info][gc,metaspace   ] GC(155) Metaspace: 56059K(56384K)->56059K(56384K) NonClass: 50442K(50688K)->50442K(50688K) Class: 5617K(5696K)->5617K(5696K)
[93.309s][info][gc             ] GC(155) Pause Young (Allocation Failure) 696M->451M(688M) 7.594ms
[93.309s][info][gc,cpu         ] GC(155) User=0.01s Sys=0.00s Real=0.00s
[93.958s][info][gc,start       ] GC(156) Pause Young (Allocation Failure)
[93.964s][info][gc,heap        ] GC(156) PSYoungGen: 244416K(244736K)->2368K(235008K) Eden: 241664K(241664K)->0K(232448K) From: 2752K(3072K)->2368K(2560K)
[93.964s][info][gc,heap        ] GC(156) ParOldGen: 459674K(459776K)->459690K(459776K)
[93.964s][info][gc,metaspace   ] GC(156) Metaspace: 56059K(56384K)->56059K(56384K) NonClass: 50442K(50688K)->50442K(50688K) Class: 5617K(5696K)->5617K(5696K)
[93.964s][info][gc             ] GC(156) Pause Young (Allocation Failure) 687M->451M(678M) 5.900ms
[93.964s][info][gc,cpu         ] GC(156) User=0.01s Sys=0.00s Real=0.01s
[94.417s][info][gc,start       ] GC(157) Pause Young (Allocation Failure)
[94.421s][info][gc,heap        ] GC(157) PSYoungGen: 234816K(235008K)->1535K(225280K) Eden: 232448K(232448K)->0K(223744K) From: 2368K(2560K)->1535K(1536K)
[94.421s][info][gc,heap        ] GC(157) ParOldGen: 459690K(459776K)->459714K(459776K)
[94.421s][info][gc,metaspace   ] GC(157) Metaspace: 56062K(56384K)->56062K(56384K) NonClass: 50444K(50688K)->50444K(50688K) Class: 5617K(5696K)->5617K(5696K)
[94.421s][info][gc             ] GC(157) Pause Young (Allocation Failure) 678M->450M(669M) 3.891ms
[94.421s][info][gc,cpu         ] GC(157) User=0.00s Sys=0.00s Real=0.01s
[95.022s][info][gc,start       ] GC(158) Pause Young (Allocation Failure)
[95.025s][info][gc,heap        ] GC(158) PSYoungGen: 225003K(225280K)->416K(216064K) Eden: 223468K(223744K)->0K(215552K) From: 1535K(1536K)->416K(512K)
[95.025s][info][gc,heap        ] GC(158) ParOldGen: 459714K(459776K)->459730K(459776K)
[95.025s][info][gc,metaspace   ] GC(158) Metaspace: 56062K(56384K)->56062K(56384K) NonClass: 50444K(50688K)->50444K(50688K) Class: 5617K(5696K)->5617K(5696K)
[95.025s][info][gc             ] GC(158) Pause Young (Allocation Failure) 668M->449M(660M) 2.745ms
[95.025s][info][gc,cpu         ] GC(158) User=0.00s Sys=0.00s Real=0.00s
[95.483s][info][gc,start       ] GC(159) Pause Young (Allocation Failure)
[95.487s][info][gc,heap        ] GC(159) PSYoungGen: 215968K(216064K)->1599K(209408K) Eden: 215552K(215552K)->0K(207360K) From: 416K(512K)->1599K(2048K)
[95.487s][info][gc,heap        ] GC(159) ParOldGen: 459730K(459776K)->459746K(459776K)
[95.487s][info][gc,metaspace   ] GC(159) Metaspace: 56062K(56384K)->56062K(56384K) NonClass: 50444K(50688K)->50444K(50688K) Class: 5617K(5696K)->5617K(5696K)
[95.487s][info][gc             ] GC(159) Pause Young (Allocation Failure) 659M->450M(653M) 4.249ms
[95.487s][info][gc,cpu         ] GC(159) User=0.01s Sys=0.00s Real=0.00s
[96.005s][info][gc,start       ] GC(160) Pause Young (Allocation Failure)
[96.021s][info][gc,heap        ] GC(160) PSYoungGen: 208959K(209408K)->1319K(250368K) Eden: 207360K(207360K)->0K(248832K) From: 1599K(2048K)->1319K(1536K)
[96.021s][info][gc,heap        ] GC(160) ParOldGen: 459746K(459776K)->459762K(459776K)
[96.021s][info][gc,metaspace   ] GC(160) Metaspace: 56062K(56384K)->56062K(56384K) NonClass: 50444K(50688K)->50444K(50688K) Class: 5617K(5696K)->5617K(5696K)
[96.021s][info][gc             ] GC(160) Pause Young (Allocation Failure) 653M->450M(693M) 15.437ms
[96.021s][info][gc,cpu         ] GC(160) User=0.01s Sys=0.01s Real=0.02s
[96.574s][info][gc,start       ] GC(161) Pause Young (Allocation Failure)
[96.583s][info][gc,heap        ] GC(161) PSYoungGen: 250151K(250368K)->1054K(300544K) Eden: 248832K(248832K)->0K(299008K) From: 1319K(1536K)->1054K(1536K)
[96.583s][info][gc,heap        ] GC(161) ParOldGen: 459762K(459776K)->459778K(460288K)
[96.583s][info][gc,metaspace   ] GC(161) Metaspace: 56062K(56384K)->56062K(56384K) NonClass: 50444K(50688K)->50444K(50688K) Class: 5617K(5696K)->5617K(5696K)
[96.583s][info][gc             ] GC(161) Pause Young (Allocation Failure) 693M->450M(743M) 9.070ms
[96.583s][info][gc,cpu         ] GC(161) User=0.01s Sys=0.00s Real=0.01s
[97.279s][info][gc,start       ] GC(162) Pause Young (Allocation Failure)
[97.282s][info][gc,heap        ] GC(162) PSYoungGen: 300062K(300544K)->1106K(310272K) Eden: 299008K(299008K)->0K(306176K) From: 1054K(1536K)->1106K(4096K)
[97.282s][info][gc,heap        ] GC(162) ParOldGen: 459778K(460288K)->459794K(460288K)
[97.282s][info][gc,metaspace   ] GC(162) Metaspace: 56062K(56384K)->56062K(56384K) NonClass: 50444K(50688K)->50444K(50688K) Class: 5617K(5696K)->5617K(5696K)
[97.282s][info][gc             ] GC(162) Pause Young (Allocation Failure) 742M->450M(752M) 3.483ms
[97.282s][info][gc,cpu         ] GC(162) User=0.00s Sys=0.00s Real=0.01s
[97.997s][info][gc,start       ] GC(163) Pause Young (Allocation Failure)
[98.002s][info][gc,heap        ] GC(163) PSYoungGen: 307049K(310272K)->1696K(328704K) Eden: 305943K(306176K)->0K(325632K) From: 1106K(4096K)->1696K(3072K)
[98.002s][info][gc,heap        ] GC(163) ParOldGen: 459794K(460288K)->459810K(460288K)
[98.002s][info][gc,metaspace   ] GC(163) Metaspace: 56062K(56384K)->56062K(56384K) NonClass: 50444K(50688K)->50444K(50688K) Class: 5617K(5696K)->5617K(5696K)
[98.002s][info][gc             ] GC(163) Pause Young (Allocation Failure) 748M->450M(770M) 4.608ms
[98.002s][info][gc,cpu         ] GC(163) User=0.01s Sys=0.00s Real=0.01s
[98.785s][info][gc,start       ] GC(164) Pause Young (Allocation Failure)
[98.790s][info][gc,heap        ] GC(164) PSYoungGen: 327328K(328704K)->1726K(314368K) Eden: 325632K(325632K)->0K(312320K) From: 1696K(3072K)->1726K(2048K)
[98.790s][info][gc,heap        ] GC(164) ParOldGen: 459810K(460288K)->459826K(460288K)
[98.790s][info][gc,metaspace   ] GC(164) Metaspace: 56062K(56384K)->56062K(56384K) NonClass: 50444K(50688K)->50444K(50688K) Class: 5617K(5696K)->5617K(5696K)
[98.790s][info][gc             ] GC(164) Pause Young (Allocation Failure) 768M->450M(756M) 4.267ms
[98.790s][info][gc,cpu         ] GC(164) User=0.01s Sys=0.00s Real=0.00s
[99.604s][info][gc,start       ] GC(165) Pause Young (Allocation Failure)
[99.610s][info][gc,heap        ] GC(165) PSYoungGen: 314046K(314368K)->2368K(302080K) Eden: 312320K(312320K)->0K(299520K) From: 1726K(2048K)->2368K(2560K)
[99.610s][info][gc,heap        ] GC(165) ParOldGen: 459826K(460288K)->460480K(460800K)
[99.610s][info][gc,metaspace   ] GC(165) Metaspace: 56063K(56384K)->56063K(56384K) NonClass: 50446K(50688K)->50446K(50688K) Class: 5617K(5696K)->5617K(5696K)
[99.610s][info][gc             ] GC(165) Pause Young (Allocation Failure) 755M->452M(745M) 6.299ms
[99.610s][info][gc,cpu         ] GC(165) User=0.01s Sys=0.00s Real=0.00s
[100.310s][info][gc,start       ] GC(166) Pause Young (Allocation Failure)
[100.314s][info][gc,heap        ] GC(166) PSYoungGen: 301823K(302080K)->1376K(289280K) Eden: 299455K(299520K)->0K(287744K) From: 2368K(2560K)->1376K(1536K)
[100.314s][info][gc,heap        ] GC(166) ParOldGen: 460480K(460800K)->460504K(460800K)
[100.314s][info][gc,metaspace   ] GC(166) Metaspace: 56063K(56384K)->56063K(56384K) NonClass: 50446K(50688K)->50446K(50688K) Class: 5617K(5696K)->5617K(5696K)
[100.314s][info][gc             ] GC(166) Pause Young (Allocation Failure) 744M->451M(732M) 3.747ms
[100.314s][info][gc,cpu         ] GC(166) User=0.00s Sys=0.00s Real=0.01s
[100.998s][info][gc,start       ] GC(167) Pause Young (Allocation Failure)
[101.004s][info][gc,heap        ] GC(167) PSYoungGen: 289120K(289280K)->3104K(280064K) Eden: 287744K(287744K)->0K(276480K) From: 1376K(1536K)->3104K(3584K)
[101.004s][info][gc,heap        ] GC(167) ParOldGen: 460504K(460800K)->460520K(460800K)
[101.004s][info][gc,metaspace   ] GC(167) Metaspace: 56063K(56384K)->56063K(56384K) NonClass: 50446K(50688K)->50446K(50688K) Class: 5617K(5696K)->5617K(5696K)
[101.004s][info][gc             ] GC(167) Pause Young (Allocation Failure) 732M->452M(723M) 6.057ms
[101.004s][info][gc,cpu         ] GC(167) User=0.01s Sys=0.00s Real=0.01s
[101.684s][info][gc,start       ] GC(168) Pause Young (Allocation Failure)
[101.693s][info][gc,heap        ] GC(168) PSYoungGen: 279582K(280064K)->1664K(267776K) Eden: 276478K(276480K)->0K(265728K) From: 3104K(3584K)->1664K(2048K)
[101.693s][info][gc,heap        ] GC(168) ParOldGen: 460520K(460800K)->460544K(460800K)
[101.693s][info][gc,metaspace   ] GC(168) Metaspace: 56063K(56384K)->56063K(56384K) NonClass: 50446K(50688K)->50446K(50688K) Class: 5617K(5696K)->5617K(5696K)
[101.693s][info][gc             ] GC(168) Pause Young (Allocation Failure) 722M->451M(711M) 9.039ms
[101.693s][info][gc,cpu         ] GC(168) User=0.01s Sys=0.00s Real=0.01s
[102.298s][info][gc,start       ] GC(169) Pause Young (Allocation Failure)
[102.304s][info][gc,heap        ] GC(169) PSYoungGen: 267392K(267776K)->3072K(258560K) Eden: 265728K(265728K)->0K(255488K) From: 1664K(2048K)->3072K(3072K)
[102.304s][info][gc,heap        ] GC(169) ParOldGen: 460544K(460800K)->460600K(460800K)
[102.304s][info][gc,metaspace   ] GC(169) Metaspace: 56063K(56384K)->56063K(56384K) NonClass: 50446K(50688K)->50446K(50688K) Class: 5617K(5696K)->5617K(5696K)
[102.304s][info][gc             ] GC(169) Pause Young (Allocation Failure) 710M->452M(702M) 6.511ms
[102.304s][info][gc,cpu         ] GC(169) User=0.01s Sys=0.00s Real=0.01s
[102.897s][info][gc,start       ] GC(170) Pause Young (Allocation Failure)
[102.903s][info][gc,heap        ] GC(170) PSYoungGen: 258454K(258560K)->3168K(249344K) Eden: 255382K(255488K)->0K(245760K) From: 3072K(3072K)->3168K(3584K)
[102.903s][info][gc,heap        ] GC(170) ParOldGen: 460600K(460800K)->460624K(460800K)
[102.903s][info][gc,metaspace   ] GC(170) Metaspace: 56063K(56384K)->56063K(56384K) NonClass: 50446K(50688K)->50446K(50688K) Class: 5617K(5696K)->5617K(5696K)
[102.903s][info][gc             ] GC(170) Pause Young (Allocation Failure) 702M->452M(693M) 5.933ms
[102.903s][info][gc,cpu         ] GC(170) User=0.01s Sys=0.00s Real=0.01s
[103.547s][info][gc,start       ] GC(171) Pause Young (Allocation Failure)
[103.551s][info][gc,heap        ] GC(171) PSYoungGen: 248928K(249344K)->1759K(238592K) Eden: 245760K(245760K)->0K(236544K) From: 3168K(3584K)->1759K(2048K)
[103.551s][info][gc,heap        ] GC(171) ParOldGen: 460624K(460800K)->460640K(460800K)
[103.551s][info][gc,metaspace   ] GC(171) Metaspace: 56063K(56384K)->56063K(56384K) NonClass: 50446K(50688K)->50446K(50688K) Class: 5617K(5696K)->5617K(5696K)
[103.551s][info][gc             ] GC(171) Pause Young (Allocation Failure) 692M->451M(683M) 3.685ms
[103.551s][info][gc,cpu         ] GC(171) User=0.00s Sys=0.00s Real=0.00s
[104.075s][info][gc,start       ] GC(172) Pause Young (Allocation Failure)
[104.078s][info][gc,heap        ] GC(172) PSYoungGen: 238303K(238592K)->1106K(228864K) Eden: 236544K(236544K)->0K(227328K) From: 1759K(2048K)->1106K(1536K)
[104.078s][info][gc,heap        ] GC(172) ParOldGen: 460640K(460800K)->460656K(460800K)
[104.078s][info][gc,metaspace   ] GC(172) Metaspace: 56063K(56384K)->56063K(56384K) NonClass: 50446K(50688K)->50446K(50688K) Class: 5617K(5696K)->5617K(5696K)
[104.078s][info][gc             ] GC(172) Pause Young (Allocation Failure) 682M->450M(673M) 3.164ms
[104.078s][info][gc,cpu         ] GC(172) User=0.01s Sys=0.00s Real=0.00s
[104.607s][info][gc,start       ] GC(173) Pause Young (Allocation Failure)
[104.612s][info][gc,heap        ] GC(173) PSYoungGen: 228434K(228864K)->2912K(221696K) Eden: 227328K(227328K)->0K(218624K) From: 1106K(1536K)->2912K(3072K)
[104.612s][info][gc,heap        ] GC(173) ParOldGen: 460656K(460800K)->460672K(460800K)
[104.612s][info][gc,metaspace   ] GC(173) Metaspace: 56063K(56384K)->56063K(56384K) NonClass: 50446K(50688K)->50446K(50688K) Class: 5617K(5696K)->5617K(5696K)
[104.612s][info][gc             ] GC(173) Pause Young (Allocation Failure) 672M->452M(666M) 5.431ms
[104.612s][info][gc,cpu         ] GC(173) User=0.01s Sys=0.00s Real=0.01s
[105.102s][info][gc,start       ] GC(174) Pause Young (Allocation Failure)
[105.108s][info][gc,heap        ] GC(174) PSYoungGen: 221502K(221696K)->2752K(213504K) Eden: 218590K(218624K)->0K(210432K) From: 2912K(3072K)->2752K(3072K)
[105.108s][info][gc,heap        ] GC(174) ParOldGen: 460672K(460800K)->460688K(460800K)
[105.108s][info][gc,metaspace   ] GC(174) Metaspace: 56063K(56384K)->56063K(56384K) NonClass: 50446K(50688K)->50446K(50688K) Class: 5617K(5696K)->5617K(5696K)
[105.108s][info][gc             ] GC(174) Pause Young (Allocation Failure) 666M->452M(658M) 5.489ms
[105.108s][info][gc,cpu         ] GC(174) User=0.01s Sys=0.00s Real=0.00s
[105.599s][info][gc,start       ] GC(175) Pause Young (Allocation Failure)
[105.604s][info][gc,heap        ] GC(175) PSYoungGen: 213184K(213504K)->3326K(206336K) Eden: 210432K(210432K)->0K(202752K) From: 2752K(3072K)->3326K(3584K)
[105.604s][info][gc,heap        ] GC(175) ParOldGen: 460688K(460800K)->460704K(460800K)
[105.604s][info][gc,metaspace   ] GC(175) Metaspace: 56063K(56384K)->56063K(56384K) NonClass: 50446K(50688K)->50446K(50688K) Class: 5617K(5696K)->5617K(5696K)
[105.604s][info][gc             ] GC(175) Pause Young (Allocation Failure) 658M->453M(651M) 5.296ms
[105.604s][info][gc,cpu         ] GC(175) User=0.01s Sys=0.00s Real=0.01s
[106.089s][info][gc,start       ] GC(176) Pause Young (Allocation Failure)
[106.094s][info][gc,heap        ] GC(176) PSYoungGen: 206078K(206336K)->2495K(198144K) Eden: 202752K(202752K)->0K(195584K) From: 3326K(3584K)->2495K(2560K)
[106.094s][info][gc,heap        ] GC(176) ParOldGen: 460704K(460800K)->460720K(460800K)
[106.094s][info][gc,metaspace   ] GC(176) Metaspace: 56063K(56384K)->56063K(56384K) NonClass: 50446K(50688K)->50446K(50688K) Class: 5617K(5696K)->5617K(5696K)
[106.094s][info][gc             ] GC(176) Pause Young (Allocation Failure) 651M->452M(643M) 4.892ms
[106.094s][info][gc,cpu         ] GC(176) User=0.01s Sys=0.00s Real=0.01s
[106.572s][info][gc,start       ] GC(177) Pause Young (Allocation Failure)
[106.574s][info][gc,heap        ] GC(177) PSYoungGen: 198079K(198144K)->799K(189440K) Eden: 195584K(195584K)->0K(188416K) From: 2495K(2560K)->799K(1024K)
[106.575s][info][gc,heap        ] GC(177) ParOldGen: 460720K(460800K)->460736K(460800K)
[106.575s][info][gc,metaspace   ] GC(177) Metaspace: 56063K(56384K)->56063K(56384K) NonClass: 50446K(50688K)->50446K(50688K) Class: 5617K(5696K)->5617K(5696K)
[106.575s][info][gc             ] GC(177) Pause Young (Allocation Failure) 643M->450M(635M) 2.709ms
[106.575s][info][gc,cpu         ] GC(177) User=0.00s Sys=0.00s Real=0.00s
[106.995s][info][gc,start       ] GC(178) Pause Young (Allocation Failure)
[106.999s][info][gc,heap        ] GC(178) PSYoungGen: 189215K(189440K)->2048K(183808K) Eden: 188416K(188416K)->0K(181760K) From: 799K(1024K)->2048K(2048K)
[106.999s][info][gc,heap        ] GC(178) ParOldGen: 460736K(460800K)->460752K(460800K)
[106.999s][info][gc,metaspace   ] GC(178) Metaspace: 56063K(56384K)->56063K(56384K) NonClass: 50446K(50688K)->50446K(50688K) Class: 5617K(5696K)->5617K(5696K)
[106.999s][info][gc             ] GC(178) Pause Young (Allocation Failure) 634M->451M(629M) 4.274ms
[106.999s][info][gc,cpu         ] GC(178) User=0.01s Sys=0.00s Real=0.00s
[107.414s][info][gc,start       ] GC(179) Pause Young (Allocation Failure)
[107.418s][info][gc,heap        ] GC(179) PSYoungGen: 183808K(183808K)->1535K(176640K) Eden: 181760K(181760K)->0K(175104K) From: 2048K(2048K)->1535K(1536K)
[107.418s][info][gc,heap        ] GC(179) ParOldGen: 460752K(460800K)->460768K(460800K)
[107.418s][info][gc,metaspace   ] GC(179) Metaspace: 56063K(56384K)->56063K(56384K) NonClass: 50446K(50688K)->50446K(50688K) Class: 5617K(5696K)->5617K(5696K)
[107.418s][info][gc             ] GC(179) Pause Young (Allocation Failure) 629M->451M(622M) 3.654ms
[107.418s][info][gc,cpu         ] GC(179) User=0.01s Sys=0.00s Real=0.00s
[107.872s][info][gc,start       ] GC(180) Pause Young (Allocation Failure)
[107.874s][info][gc,heap        ] GC(180) PSYoungGen: 176320K(176640K)->448K(169472K) Eden: 174785K(175104K)->0K(168960K) From: 1535K(1536K)->448K(512K)
[107.874s][info][gc,heap        ] GC(180) ParOldGen: 460768K(460800K)->460784K(460800K)
[107.874s][info][gc,metaspace   ] GC(180) Metaspace: 56063K(56384K)->56063K(56384K) NonClass: 50446K(50688K)->50446K(50688K) Class: 5617K(5696K)->5617K(5696K)
[107.874s][info][gc             ] GC(180) Pause Young (Allocation Failure) 622M->450M(615M) 2.446ms
[107.874s][info][gc,cpu         ] GC(180) User=0.00s Sys=0.00s Real=0.00s
[108.275s][info][gc,start       ] GC(181) Pause Young (Allocation Failure)
[108.278s][info][gc,heap        ] GC(181) PSYoungGen: 169374K(169472K)->928K(164352K) Eden: 168926K(168960K)->0K(163328K) From: 448K(512K)->928K(1024K)
[108.278s][info][gc,heap        ] GC(181) ParOldGen: 460784K(460800K)->460800K(461312K)
[108.278s][info][gc,metaspace   ] GC(181) Metaspace: 56063K(56384K)->56063K(56384K) NonClass: 50446K(50688K)->50446K(50688K) Class: 5617K(5696K)->5617K(5696K)
[108.278s][info][gc             ] GC(181) Pause Young (Allocation Failure) 615M->450M(611M) 3.224ms
[108.278s][info][gc,cpu         ] GC(181) User=0.00s Sys=0.00s Real=0.00s
[108.672s][info][gc,start       ] GC(182) Pause Young (Allocation Failure)
[108.675s][info][gc,heap        ] GC(182) PSYoungGen: 164256K(164352K)->530K(158720K) Eden: 163328K(163328K)->0K(157696K) From: 928K(1024K)->530K(1024K)
[108.675s][info][gc,heap        ] GC(182) ParOldGen: 460800K(461312K)->460816K(461312K)
[108.675s][info][gc,metaspace   ] GC(182) Metaspace: 56063K(56384K)->56063K(56384K) NonClass: 50446K(50688K)->50446K(50688K) Class: 5617K(5696K)->5617K(5696K)
[108.675s][info][gc             ] GC(182) Pause Young (Allocation Failure) 610M->450M(605M) 2.496ms
[108.675s][info][gc,cpu         ] GC(182) User=0.00s Sys=0.00s Real=0.00s
[109.013s][info][gc,start       ] GC(183) Pause Young (Allocation Failure)
[109.017s][info][gc,heap        ] GC(183) PSYoungGen: 158187K(158720K)->2143K(155136K) Eden: 157656K(157696K)->0K(152576K) From: 530K(1024K)->2143K(2560K)
[109.017s][info][gc,heap        ] GC(183) ParOldGen: 460816K(461312K)->460832K(461312K)
[109.017s][info][gc,metaspace   ] GC(183) Metaspace: 56063K(56384K)->56063K(56384K) NonClass: 50446K(50688K)->50446K(50688K) Class: 5617K(5696K)->5617K(5696K)
[109.017s][info][gc             ] GC(183) Pause Young (Allocation Failure) 604M->452M(602M) 4.265ms
[109.017s][info][gc,cpu         ] GC(183) User=0.00s Sys=0.00s Real=0.00s
[109.387s][info][gc,start       ] GC(184) Pause Young (Allocation Failure)
[109.392s][info][gc,heap        ] GC(184) PSYoungGen: 154719K(155136K)->2591K(150528K) Eden: 152576K(152576K)->0K(147456K) From: 2143K(2560K)->2591K(3072K)
[109.392s][info][gc,heap        ] GC(184) ParOldGen: 460832K(461312K)->460848K(461312K)
[109.392s][info][gc,metaspace   ] GC(184) Metaspace: 56063K(56384K)->56063K(56384K) NonClass: 50446K(50688K)->50446K(50688K) Class: 5617K(5696K)->5617K(5696K)
[109.392s][info][gc             ] GC(184) Pause Young (Allocation Failure) 601M->452M(597M) 4.767ms
[109.392s][info][gc,cpu         ] GC(184) User=0.01s Sys=0.00s Real=0.01s
[109.715s][info][gc,start       ] GC(185) Pause Young (Allocation Failure)
[109.718s][info][gc,heap        ] GC(185) PSYoungGen: 150047K(150528K)->1663K(144896K) Eden: 147456K(147456K)->0K(142848K) From: 2591K(3072K)->1663K(2048K)
[109.718s][info][gc,heap        ] GC(185) ParOldGen: 460848K(461312K)->460864K(461312K)
[109.718s][info][gc,metaspace   ] GC(185) Metaspace: 56063K(56384K)->56063K(56384K) NonClass: 50446K(50688K)->50446K(50688K) Class: 5617K(5696K)->5617K(5696K)
[109.718s][info][gc             ] GC(185) Pause Young (Allocation Failure) 596M->451M(592M) 3.671ms
[109.718s][info][gc,cpu         ] GC(185) User=0.00s Sys=0.00s Real=0.00s
[110.084s][info][gc,start       ] GC(186) Pause Young (Allocation Failure)
[110.088s][info][gc,heap        ] GC(186) PSYoungGen: 144511K(144896K)->2079K(140800K) Eden: 142848K(142848K)->0K(138240K) From: 1663K(2048K)->2079K(2560K)
[110.088s][info][gc,heap        ] GC(186) ParOldGen: 460864K(461312K)->460880K(461312K)
[110.088s][info][gc,metaspace   ] GC(186) Metaspace: 56063K(56384K)->56063K(56384K) NonClass: 50446K(50688K)->50446K(50688K) Class: 5617K(5696K)->5617K(5696K)
[110.088s][info][gc             ] GC(186) Pause Young (Allocation Failure) 591M->452M(588M) 4.106ms
[110.088s][info][gc,cpu         ] GC(186) User=0.00s Sys=0.00s Real=0.00s
[110.394s][info][gc,start       ] GC(187) Pause Young (Allocation Failure)
[110.398s][info][gc,heap        ] GC(187) PSYoungGen: 140056K(140800K)->2176K(168448K) Eden: 137977K(138240K)->0K(165888K) From: 2079K(2560K)->2176K(2560K)
[110.399s][info][gc,heap        ] GC(187) ParOldGen: 460880K(461312K)->460896K(461312K)
[110.399s][info][gc,metaspace   ] GC(187) Metaspace: 56063K(56384K)->56063K(56384K) NonClass: 50446K(50688K)->50446K(50688K) Class: 5617K(5696K)->5617K(5696K)
[110.399s][info][gc             ] GC(187) Pause Young (Allocation Failure) 586M->452M(615M) 4.476ms
[110.399s][info][gc,cpu         ] GC(187) User=0.01s Sys=0.00s Real=0.00s
[110.893s][info][gc,start       ] GC(188) Pause Young (Allocation Failure)
[110.898s][info][gc,heap        ] GC(188) PSYoungGen: 168064K(168448K)->2303K(201728K) Eden: 165888K(165888K)->0K(199168K) From: 2176K(2560K)->2303K(2560K)
[110.898s][info][gc,heap        ] GC(188) ParOldGen: 460896K(461312K)->460912K(461312K)
[110.898s][info][gc,metaspace   ] GC(188) Metaspace: 56063K(56384K)->56063K(56384K) NonClass: 50446K(50688K)->50446K(50688K) Class: 5617K(5696K)->5617K(5696K)
[110.898s][info][gc             ] GC(188) Pause Young (Allocation Failure) 614M->452M(647M) 4.429ms
[110.898s][info][gc,cpu         ] GC(188) User=0.00s Sys=0.00s Real=0.00s
[111.379s][info][gc,start       ] GC(189) Pause Young (Allocation Failure)
[111.382s][info][gc,heap        ] GC(189) PSYoungGen: 201471K(201728K)->1184K(193536K) Eden: 199168K(199168K)->0K(192000K) From: 2303K(2560K)->1184K(1536K)
[111.382s][info][gc,heap        ] GC(189) ParOldGen: 460912K(461312K)->460928K(461312K)
[111.382s][info][gc,metaspace   ] GC(189) Metaspace: 56063K(56384K)->56063K(56384K) NonClass: 50446K(50688K)->50446K(50688K) Class: 5617K(5696K)->5617K(5696K)
[111.382s][info][gc             ] GC(189) Pause Young (Allocation Failure) 646M->451M(639M) 3.374ms
[111.382s][info][gc,cpu         ] GC(189) User=0.01s Sys=0.00s Real=0.01s
[111.811s][info][gc,start       ] GC(190) Pause Young (Allocation Failure)
[111.815s][info][gc,heap        ] GC(190) PSYoungGen: 193107K(193536K)->2176K(187904K) Eden: 191923K(192000K)->0K(185344K) From: 1184K(1536K)->2176K(2560K)
[111.815s][info][gc,heap        ] GC(190) ParOldGen: 460928K(461312K)->460944K(461312K)
[111.815s][info][gc,metaspace   ] GC(190) Metaspace: 56063K(56384K)->56063K(56384K) NonClass: 50446K(50688K)->50446K(50688K) Class: 5617K(5696K)->5617K(5696K)
[111.815s][info][gc             ] GC(190) Pause Young (Allocation Failure) 638M->452M(634M) 4.562ms
[111.816s][info][gc,cpu         ] GC(190) User=0.01s Sys=0.00s Real=0.00s
[112.278s][info][gc,start       ] GC(191) Pause Young (Allocation Failure)
[112.281s][info][gc,heap        ] GC(191) PSYoungGen: 187520K(187904K)->1311K(180224K) Eden: 185344K(185344K)->0K(178688K) From: 2176K(2560K)->1311K(1536K)
[112.281s][info][gc,heap        ] GC(191) ParOldGen: 460944K(461312K)->460960K(461312K)
[112.281s][info][gc,metaspace   ] GC(191) Metaspace: 56063K(56384K)->56063K(56384K) NonClass: 50446K(50688K)->50446K(50688K) Class: 5617K(5696K)->5617K(5696K)
[112.281s][info][gc             ] GC(191) Pause Young (Allocation Failure) 633M->451M(626M) 3.296ms
[112.281s][info][gc,cpu         ] GC(191) User=0.00s Sys=0.00s Real=0.01s
[112.687s][info][gc,start       ] GC(192) Pause Young (Allocation Failure)
[112.690s][info][gc,heap        ] GC(192) PSYoungGen: 179999K(180224K)->1311K(174080K) Eden: 178688K(178688K)->0K(172544K) From: 1311K(1536K)->1311K(1536K)
[112.691s][info][gc,heap        ] GC(192) ParOldGen: 460960K(461312K)->460976K(461312K)
[112.691s][info][gc,metaspace   ] GC(192) Metaspace: 56063K(56384K)->56063K(56384K) NonClass: 50446K(50688K)->50446K(50688K) Class: 5617K(5696K)->5617K(5696K)
[112.691s][info][gc             ] GC(192) Pause Young (Allocation Failure) 625M->451M(620M) 3.210ms
[112.691s][info][gc,cpu         ] GC(192) User=0.01s Sys=0.00s Real=0.00s
[113.100s][info][gc,start       ] GC(193) Pause Young (Allocation Failure)
[113.104s][info][gc,heap        ] GC(193) PSYoungGen: 173855K(174080K)->1952K(168448K) Eden: 172544K(172544K)->0K(166400K) From: 1311K(1536K)->1952K(2048K)
[113.104s][info][gc,heap        ] GC(193) ParOldGen: 460976K(461312K)->460992K(461312K)
[113.104s][info][gc,metaspace   ] GC(193) Metaspace: 56063K(56384K)->56063K(56384K) NonClass: 50446K(50688K)->50446K(50688K) Class: 5617K(5696K)->5617K(5696K)
[113.104s][info][gc             ] GC(193) Pause Young (Allocation Failure) 619M->452M(615M) 4.271ms
[113.104s][info][gc,cpu         ] GC(193) User=0.01s Sys=0.01s Real=0.01s
[113.492s][info][gc,start       ] GC(194) Pause Young (Allocation Failure)
[113.497s][info][gc,heap        ] GC(194) PSYoungGen: 168352K(168448K)->2367K(163328K) Eden: 166400K(166400K)->0K(160768K) From: 1952K(2048K)->2367K(2560K)
[113.497s][info][gc,heap        ] GC(194) ParOldGen: 460992K(461312K)->461008K(461312K)
[113.497s][info][gc,metaspace   ] GC(194) Metaspace: 56063K(56384K)->56063K(56384K) NonClass: 50446K(50688K)->50446K(50688K) Class: 5617K(5696K)->5617K(5696K)
[113.497s][info][gc             ] GC(194) Pause Young (Allocation Failure) 614M->452M(610M) 4.567ms
[113.497s][info][gc,cpu         ] GC(194) User=0.01s Sys=0.00s Real=0.00s
[113.882s][info][gc,start       ] GC(195) Pause Young (Allocation Failure)
[113.886s][info][gc,heap        ] GC(195) PSYoungGen: 163135K(163328K)->1631K(157184K) Eden: 160768K(160768K)->0K(155136K) From: 2367K(2560K)->1631K(2048K)
[113.886s][info][gc,heap        ] GC(195) ParOldGen: 461008K(461312K)->461024K(461312K)
[113.886s][info][gc,metaspace   ] GC(195) Metaspace: 56063K(56384K)->56063K(56384K) NonClass: 50446K(50688K)->50446K(50688K) Class: 5617K(5696K)->5617K(5696K)
[113.886s][info][gc             ] GC(195) Pause Young (Allocation Failure) 609M->451M(604M) 3.614ms
[113.886s][info][gc,cpu         ] GC(195) User=0.00s Sys=0.00s Real=0.00s
[114.228s][info][gc,start       ] GC(196) Pause Young (Allocation Failure)
[114.232s][info][gc,heap        ] GC(196) PSYoungGen: 156767K(157184K)->1343K(151552K) Eden: 155136K(155136K)->0K(150016K) From: 1631K(2048K)->1343K(1536K)
[114.232s][info][gc,heap        ] GC(196) ParOldGen: 461024K(461312K)->461040K(461312K)
[114.232s][info][gc,metaspace   ] GC(196) Metaspace: 56063K(56384K)->56063K(56384K) NonClass: 50446K(50688K)->50446K(50688K) Class: 5617K(5696K)->5617K(5696K)
[114.232s][info][gc             ] GC(196) Pause Young (Allocation Failure) 603M->451M(598M) 3.263ms
[114.232s][info][gc,cpu         ] GC(196) User=0.01s Sys=0.00s Real=0.01s
[114.539s][info][gc,start       ] GC(197) Pause Young (Allocation Failure)
[114.543s][info][gc,heap        ] GC(197) PSYoungGen: 135430K(151552K)->64K(145408K) Eden: 134086K(150016K)->0K(144896K) From: 1343K(1536K)->64K(512K)
[114.543s][info][gc,heap        ] GC(197) ParOldGen: 461040K(461312K)->461056K(461312K)
[114.543s][info][gc,metaspace   ] GC(197) Metaspace: 56074K(56384K)->56074K(56384K) NonClass: 50456K(50688K)->50456K(50688K) Class: 5617K(5696K)->5617K(5696K)
[114.543s][info][gc             ] GC(197) Pause Young (Allocation Failure) 582M->450M(592M) 4.322ms
[114.543s][info][gc,cpu         ] GC(197) User=0.01s Sys=0.00s Real=0.01s
[115.760s][info][gc,start       ] GC(198) Pause Young (Allocation Failure)
[115.802s][info][gc,heap        ] GC(198) PSYoungGen: 126047K(145408K)->64K(177664K) Eden: 125983K(144896K)->0K(174080K) From: 64K(512K)->64K(3584K)
[115.802s][info][gc,heap        ] GC(198) ParOldGen: 461056K(461312K)->500167K(500736K)
[115.802s][info][gc,metaspace   ] GC(198) Metaspace: 56074K(56384K)->56074K(56384K) NonClass: 50456K(50688K)->50456K(50688K) Class: 5617K(5696K)->5617K(5696K)
[115.802s][info][gc             ] GC(198) Pause Young (Allocation Failure) 573M->488M(662M) 42.588ms
[115.802s][info][gc,cpu         ] GC(198) User=0.05s Sys=0.03s Real=0.05s
[117.809s][info][gc,start       ] GC(199) Pause Young (Allocation Failure)
[117.867s][info][gc,heap        ] GC(199) PSYoungGen: 174115K(177664K)->3577K(212480K) Eden: 174051K(174080K)->0K(208896K) From: 64K(3584K)->3577K(3584K)
[117.867s][info][gc,heap        ] GC(199) ParOldGen: 500167K(500736K)->559593K(559616K)
[117.867s][info][gc,metaspace   ] GC(199) Metaspace: 56358K(56704K)->56358K(56704K) NonClass: 50739K(51008K)->50739K(51008K) Class: 5618K(5696K)->5618K(5696K)
[117.867s][info][gc             ] GC(199) Pause Young (Allocation Failure) 658M->549M(754M) 57.895ms
[117.867s][info][gc,cpu         ] GC(199) User=0.07s Sys=0.04s Real=0.06s
[118.371s][info][gc,start       ] GC(200) Pause Young (Allocation Failure)
[118.378s][info][gc,heap        ] GC(200) PSYoungGen: 212473K(212480K)->1150K(252928K) Eden: 208896K(208896K)->0K(226816K) From: 3577K(3584K)->1150K(26112K)
[118.378s][info][gc,heap        ] GC(200) ParOldGen: 559593K(559616K)->563170K(563200K)
[118.378s][info][gc,metaspace   ] GC(200) Metaspace: 56358K(56704K)->56358K(56704K) NonClass: 50739K(51008K)->50739K(51008K) Class: 5618K(5696K)->5618K(5696K)
[118.378s][info][gc             ] GC(200) Pause Young (Allocation Failure) 753M->551M(797M) 6.681ms
[118.378s][info][gc,cpu         ] GC(200) User=0.01s Sys=0.00s Real=0.00s
[118.909s][info][gc,start       ] GC(201) Pause Young (Allocation Failure)
[118.919s][info][gc,heap        ] GC(201) PSYoungGen: 227966K(252928K)->2303K(277504K) Eden: 226816K(226816K)->0K(251904K) From: 1150K(26112K)->2303K(25600K)
[118.919s][info][gc,heap        ] GC(201) ParOldGen: 563170K(563200K)->563529K(563712K)
[118.919s][info][gc,metaspace   ] GC(201) Metaspace: 56358K(56704K)->56358K(56704K) NonClass: 50739K(51008K)->50739K(51008K) Class: 5618K(5696K)->5618K(5696K)
[118.919s][info][gc             ] GC(201) Pause Young (Allocation Failure) 772M->552M(821M) 9.816ms
[118.919s][info][gc,cpu         ] GC(201) User=0.01s Sys=0.00s Real=0.01s
[119.499s][info][gc,start       ] GC(202) Pause Young (Allocation Failure)
[119.505s][info][gc,heap        ] GC(202) PSYoungGen: 254207K(277504K)->3742K(276480K) Eden: 251904K(251904K)->0K(251904K) From: 2303K(25600K)->3742K(24576K)
[119.505s][info][gc,heap        ] GC(202) ParOldGen: 563529K(563712K)->563545K(563712K)
[119.505s][info][gc,metaspace   ] GC(202) Metaspace: 56358K(56704K)->56358K(56704K) NonClass: 50739K(51008K)->50739K(51008K) Class: 5618K(5696K)->5618K(5696K)
[119.505s][info][gc             ] GC(202) Pause Young (Allocation Failure) 798M->553M(820M) 6.063ms
[119.505s][info][gc,cpu         ] GC(202) User=0.01s Sys=0.00s Real=0.01s
[120.099s][info][gc,start       ] GC(203) Pause Young (Allocation Failure)
[120.106s][info][gc,heap        ] GC(203) PSYoungGen: 255335K(276480K)->2848K(307712K) Eden: 251592K(251904K)->0K(284672K) From: 3742K(24576K)->2848K(23040K)
[120.106s][info][gc,heap        ] GC(203) ParOldGen: 563545K(563712K)->563561K(563712K)
[120.106s][info][gc,metaspace   ] GC(203) Metaspace: 56358K(56704K)->56358K(56704K) NonClass: 50739K(51008K)->50739K(51008K) Class: 5618K(5696K)->5618K(5696K)
[120.106s][info][gc             ] GC(203) Pause Young (Allocation Failure) 799M->553M(851M) 6.812ms
[120.106s][info][gc,cpu         ] GC(203) User=0.01s Sys=0.01s Real=0.01s
[120.792s][info][gc,start       ] GC(204) Pause Young (Allocation Failure)
[120.798s][info][gc,heap        ] GC(204) PSYoungGen: 287520K(307712K)->2975K(306688K) Eden: 284672K(284672K)->0K(284672K) From: 2848K(23040K)->2975K(22016K)
[120.798s][info][gc,heap        ] GC(204) ParOldGen: 563561K(563712K)->563577K(563712K)
[120.798s][info][gc,metaspace   ] GC(204) Metaspace: 56358K(56704K)->56358K(56704K) NonClass: 50739K(51008K)->50739K(51008K) Class: 5618K(5696K)->5618K(5696K)
[120.798s][info][gc             ] GC(204) Pause Young (Allocation Failure) 831M->553M(850M) 6.542ms
[120.798s][info][gc,cpu         ] GC(204) User=0.01s Sys=0.01s Real=0.00s
[121.492s][info][gc,start       ] GC(205) Pause Young (Allocation Failure)
[121.498s][info][gc,heap        ] GC(205) PSYoungGen: 287647K(306688K)->2654K(310784K) Eden: 284672K(284672K)->0K(289792K) From: 2975K(22016K)->2654K(20992K)
[121.498s][info][gc,heap        ] GC(205) ParOldGen: 563577K(563712K)->563593K(563712K)
[121.498s][info][gc,metaspace   ] GC(205) Metaspace: 56358K(56704K)->56358K(56704K) NonClass: 50739K(51008K)->50739K(51008K) Class: 5618K(5696K)->5618K(5696K)
[121.498s][info][gc             ] GC(205) Pause Young (Allocation Failure) 831M->552M(854M) 5.905ms
[121.498s][info][gc,cpu         ] GC(205) User=0.01s Sys=0.01s Real=0.00s
[122.285s][info][gc,start       ] GC(206) Pause Young (Allocation Failure)
[122.290s][info][gc,heap        ] GC(206) PSYoungGen: 292446K(310784K)->2015K(309760K) Eden: 289792K(289792K)->0K(289792K) From: 2654K(20992K)->2015K(19968K)
[122.290s][info][gc,heap        ] GC(206) ParOldGen: 563593K(563712K)->563609K(563712K)
[122.290s][info][gc,metaspace   ] GC(206) Metaspace: 56358K(56704K)->56358K(56704K) NonClass: 50739K(51008K)->50739K(51008K) Class: 5618K(5696K)->5618K(5696K)
[122.290s][info][gc             ] GC(206) Pause Young (Allocation Failure) 835M->552M(853M) 5.065ms
[122.290s][info][gc,cpu         ] GC(206) User=0.01s Sys=0.00s Real=0.00s
[122.976s][info][gc,start       ] GC(207) Pause Young (Allocation Failure)
[122.980s][info][gc,heap        ] GC(207) PSYoungGen: 291807K(309760K)->1320K(281088K) Eden: 289792K(289792K)->0K(278016K) From: 2015K(19968K)->1320K(3072K)
[122.980s][info][gc,heap        ] GC(207) ParOldGen: 563609K(563712K)->563625K(563712K)
[122.980s][info][gc,metaspace   ] GC(207) Metaspace: 56358K(56704K)->56358K(56704K) NonClass: 50739K(51008K)->50739K(51008K) Class: 5618K(5696K)->5618K(5696K)
[122.980s][info][gc             ] GC(207) Pause Young (Allocation Failure) 835M->551M(825M) 3.794ms
[122.980s][info][gc,cpu         ] GC(207) User=0.00s Sys=0.00s Real=0.00s
[123.605s][info][gc,start       ] GC(208) Pause Young (Allocation Failure)
[123.610s][info][gc,heap        ] GC(208) PSYoungGen: 279336K(281088K)->2783K(270336K) Eden: 278016K(278016K)->0K(267264K) From: 1320K(3072K)->2783K(3072K)
[123.610s][info][gc,heap        ] GC(208) ParOldGen: 563625K(563712K)->563641K(563712K)
[123.610s][info][gc,metaspace   ] GC(208) Metaspace: 56362K(56704K)->56362K(56704K) NonClass: 50743K(51008K)->50743K(51008K) Class: 5618K(5696K)->5618K(5696K)
[123.611s][info][gc             ] GC(208) Pause Young (Allocation Failure) 823M->553M(814M) 5.392ms
[123.611s][info][gc,cpu         ] GC(208) User=0.01s Sys=0.00s Real=0.00s
[124.274s][info][gc,start       ] GC(209) Pause Young (Allocation Failure)
[124.278s][info][gc,heap        ] GC(209) PSYoungGen: 270047K(270336K)->901K(258048K) Eden: 267264K(267264K)->0K(257024K) From: 2783K(3072K)->901K(1024K)
[124.278s][info][gc,heap        ] GC(209) ParOldGen: 563641K(563712K)->563657K(563712K)
[124.278s][info][gc,metaspace   ] GC(209) Metaspace: 56362K(56704K)->56362K(56704K) NonClass: 50743K(51008K)->50743K(51008K) Class: 5618K(5696K)->5618K(5696K)
[124.278s][info][gc             ] GC(209) Pause Young (Allocation Failure) 814M->551M(802M) 3.957ms
[124.278s][info][gc,cpu         ] GC(209) User=0.01s Sys=0.00s Real=0.00s
[124.926s][info][gc,start       ] GC(210) Pause Young (Allocation Failure)
[124.929s][info][gc,heap        ] GC(210) PSYoungGen: 257925K(258048K)->863K(263168K) Eden: 257024K(257024K)->0K(246784K) From: 901K(1024K)->863K(16384K)
[124.929s][info][gc,heap        ] GC(210) ParOldGen: 563657K(563712K)->563673K(563712K)
[124.929s][info][gc,metaspace   ] GC(210) Metaspace: 56362K(56704K)->56362K(56704K) NonClass: 50743K(51008K)->50743K(51008K) Class: 5618K(5696K)->5618K(5696K)
[124.929s][info][gc             ] GC(210) Pause Young (Allocation Failure) 802M->551M(807M) 3.136ms
[124.930s][info][gc,cpu         ] GC(210) User=0.01s Sys=0.00s Real=0.00s
[125.415s][info][gc,start       ] GC(211) Pause Young (Allocation Failure)
[125.420s][info][gc,heap        ] GC(211) PSYoungGen: 247647K(263168K)->1503K(238592K) Eden: 246784K(246784K)->0K(237056K) From: 863K(16384K)->1503K(1536K)
[125.420s][info][gc,heap        ] GC(211) ParOldGen: 563673K(563712K)->563689K(563712K)
[125.420s][info][gc,metaspace   ] GC(211) Metaspace: 56362K(56704K)->56362K(56704K) NonClass: 50743K(51008K)->50743K(51008K) Class: 5618K(5696K)->5618K(5696K)
[125.420s][info][gc             ] GC(211) Pause Young (Allocation Failure) 792M->551M(783M) 4.345ms
[125.420s][info][gc,cpu         ] GC(211) User=0.01s Sys=0.00s Real=0.00s
[126.001s][info][gc,start       ] GC(212) Pause Young (Allocation Failure)
[126.006s][info][gc,heap        ] GC(212) PSYoungGen: 238559K(238592K)->2592K(243200K) Eden: 237056K(237056K)->0K(227840K) From: 1503K(1536K)->2592K(15360K)
[126.006s][info][gc,heap        ] GC(212) ParOldGen: 563689K(563712K)->563705K(563712K)
[126.006s][info][gc,metaspace   ] GC(212) Metaspace: 56362K(56704K)->56362K(56704K) NonClass: 50744K(51008K)->50744K(51008K) Class: 5618K(5696K)->5618K(5696K)
[126.006s][info][gc             ] GC(212) Pause Young (Allocation Failure) 783M->553M(788M) 5.323ms
[126.006s][info][gc,cpu         ] GC(212) User=0.01s Sys=0.00s Real=0.01s
[126.571s][info][gc,start       ] GC(213) Pause Young (Allocation Failure)
[126.575s][info][gc,heap        ] GC(213) PSYoungGen: 230432K(243200K)->541K(220160K) Eden: 227840K(227840K)->0K(219136K) From: 2592K(15360K)->541K(1024K)
[126.575s][info][gc,heap        ] GC(213) ParOldGen: 563705K(563712K)->563721K(564224K)
[126.575s][info][gc,metaspace   ] GC(213) Metaspace: 56367K(56704K)->56367K(56704K) NonClass: 50748K(51008K)->50748K(51008K) Class: 5618K(5696K)->5618K(5696K)
[126.575s][info][gc             ] GC(213) Pause Young (Allocation Failure) 775M->551M(766M) 3.638ms
[126.575s][info][gc,cpu         ] GC(213) User=0.00s Sys=0.00s Real=0.00s
[127.084s][info][gc,start       ] GC(214) Pause Young (Allocation Failure)
[127.087s][info][gc,heap        ] GC(214) PSYoungGen: 219677K(220160K)->863K(224768K) Eden: 219136K(219136K)->0K(210944K) From: 541K(1024K)->863K(13824K)
[127.087s][info][gc,heap        ] GC(214) ParOldGen: 563721K(564224K)->563737K(564224K)
[127.087s][info][gc,metaspace   ] GC(214) Metaspace: 56372K(56704K)->56372K(56704K) NonClass: 50753K(51008K)->50753K(51008K) Class: 5618K(5696K)->5618K(5696K)
[127.087s][info][gc             ] GC(214) Pause Young (Allocation Failure) 765M->551M(770M) 3.059ms
[127.087s][info][gc,cpu         ] GC(214) User=0.00s Sys=0.00s Real=0.00s
[127.588s][info][gc,start       ] GC(215) Pause Young (Allocation Failure)
[127.593s][info][gc,heap        ] GC(215) PSYoungGen: 211807K(224768K)->2143K(205824K) Eden: 210944K(210944K)->0K(203264K) From: 863K(13824K)->2143K(2560K)
[127.594s][info][gc,heap        ] GC(215) ParOldGen: 563737K(564224K)->563753K(564224K)
[127.594s][info][gc,metaspace   ] GC(215) Metaspace: 56372K(56704K)->56372K(56704K) NonClass: 50753K(51008K)->50753K(51008K) Class: 5618K(5696K)->5618K(5696K)
[127.594s][info][gc             ] GC(215) Pause Young (Allocation Failure) 757M->552M(752M) 5.126ms
[127.594s][info][gc,cpu         ] GC(215) User=0.01s Sys=0.00s Real=0.01s
[128.081s][info][gc,start       ] GC(216) Pause Young (Allocation Failure)
[128.084s][info][gc,heap        ] GC(216) PSYoungGen: 205407K(205824K)->1183K(197120K) Eden: 203264K(203264K)->0K(195584K) From: 2143K(2560K)->1183K(1536K)
[128.084s][info][gc,heap        ] GC(216) ParOldGen: 563753K(564224K)->563769K(564224K)
[128.084s][info][gc,metaspace   ] GC(216) Metaspace: 56372K(56704K)->56372K(56704K) NonClass: 50753K(51008K)->50753K(51008K) Class: 5618K(5696K)->5618K(5696K)
[128.084s][info][gc             ] GC(216) Pause Young (Allocation Failure) 751M->551M(743M) 3.412ms
[128.084s][info][gc,cpu         ] GC(216) User=0.01s Sys=0.00s Real=0.01s
[128.514s][info][gc,start       ] GC(217) Pause Young (Allocation Failure)
[128.518s][info][gc,heap        ] GC(217) PSYoungGen: 196452K(197120K)->1471K(189952K) Eden: 195269K(195584K)->0K(188416K) From: 1183K(1536K)->1471K(1536K)
[128.518s][info][gc,heap        ] GC(217) ParOldGen: 563769K(564224K)->563785K(564224K)
[128.518s][info][gc,metaspace   ] GC(217) Metaspace: 56372K(56704K)->56372K(56704K) NonClass: 50753K(51008K)->50753K(51008K) Class: 5618K(5696K)->5618K(5696K)
[128.518s][info][gc             ] GC(217) Pause Young (Allocation Failure) 742M->552M(736M) 4.274ms
[128.518s][info][gc,cpu         ] GC(217) User=0.01s Sys=0.00s Real=0.00s
[128.993s][info][gc,start       ] GC(218) Pause Young (Allocation Failure)
[128.998s][info][gc,heap        ] GC(218) PSYoungGen: 189887K(189952K)->2623K(184832K) Eden: 188416K(188416K)->0K(181760K) From: 1471K(1536K)->2623K(3072K)
[128.998s][info][gc,heap        ] GC(218) ParOldGen: 563785K(564224K)->563801K(564224K)
[128.998s][info][gc,metaspace   ] GC(218) Metaspace: 56372K(56704K)->56372K(56704K) NonClass: 50753K(51008K)->50753K(51008K) Class: 5618K(5696K)->5618K(5696K)
[128.998s][info][gc             ] GC(218) Pause Young (Allocation Failure) 736M->553M(731M) 5.106ms
[128.998s][info][gc,cpu         ] GC(218) User=0.01s Sys=0.00s Real=0.00s
[129.406s][info][gc,start       ] GC(219) Pause Young (Allocation Failure)
[129.412s][info][gc,heap        ] GC(219) PSYoungGen: 184073K(184832K)->2544K(177664K) Eden: 181450K(181760K)->0K(175104K) From: 2623K(3072K)->2544K(2560K)
[129.412s][info][gc,heap        ] GC(219) ParOldGen: 563801K(564224K)->563817K(564224K)
[129.412s][info][gc,metaspace   ] GC(219) Metaspace: 56372K(56704K)->56372K(56704K) NonClass: 50753K(51008K)->50753K(51008K) Class: 5618K(5696K)->5618K(5696K)
[129.412s][info][gc             ] GC(219) Pause Young (Allocation Failure) 730M->553M(724M) 5.943ms
[129.412s][info][gc,cpu         ] GC(219) User=0.01s Sys=0.00s Real=0.01s
[129.813s][info][gc,start       ] GC(220) Pause Young (Allocation Failure)
[129.817s][info][gc,heap        ] GC(220) PSYoungGen: 177371K(177664K)->1056K(170496K) Eden: 174827K(175104K)->0K(168960K) From: 2544K(2560K)->1056K(1536K)
[129.817s][info][gc,heap        ] GC(220) ParOldGen: 563817K(564224K)->563833K(564224K)
[129.817s][info][gc,metaspace   ] GC(220) Metaspace: 56372K(56704K)->56372K(56704K) NonClass: 50753K(51008K)->50753K(51008K) Class: 5618K(5696K)->5618K(5696K)
[129.817s][info][gc             ] GC(220) Pause Young (Allocation Failure) 723M->551M(717M) 3.760ms
[129.817s][info][gc,cpu         ] GC(220) User=0.00s Sys=0.00s Real=0.00s
[130.217s][info][gc,start       ] GC(221) Pause Young (Allocation Failure)
[130.221s][info][gc,heap        ] GC(221) PSYoungGen: 169849K(170496K)->1376K(164864K) Eden: 168793K(168960K)->0K(163328K) From: 1056K(1536K)->1376K(1536K)
[130.221s][info][gc,heap        ] GC(221) ParOldGen: 563833K(564224K)->563849K(564224K)
[130.221s][info][gc,metaspace   ] GC(221) Metaspace: 56372K(56704K)->56372K(56704K) NonClass: 50753K(51008K)->50753K(51008K) Class: 5618K(5696K)->5618K(5696K)
[130.221s][info][gc             ] GC(221) Pause Young (Allocation Failure) 716M->551M(712M) 4.365ms
[130.221s][info][gc,cpu         ] GC(221) User=0.01s Sys=0.00s Real=0.01s
[130.605s][info][gc,start       ] GC(222) Pause Young (Allocation Failure)
[130.610s][info][gc,heap        ] GC(222) PSYoungGen: 164698K(164864K)->2688K(199168K) Eden: 163322K(163328K)->0K(196096K) From: 1376K(1536K)->2688K(3072K)
[130.610s][info][gc,heap        ] GC(222) ParOldGen: 563849K(564224K)->563865K(564224K)
[130.610s][info][gc,metaspace   ] GC(222) Metaspace: 56372K(56704K)->56372K(56704K) NonClass: 50753K(51008K)->50753K(51008K) Class: 5618K(5696K)->5618K(5696K)
[130.610s][info][gc             ] GC(222) Pause Young (Allocation Failure) 711M->553M(745M) 5.535ms
[130.610s][info][gc,cpu         ] GC(222) User=0.01s Sys=0.00s Real=0.00s
[131.085s][info][gc,start       ] GC(223) Pause Young (Allocation Failure)
[131.090s][info][gc,heap        ] GC(223) PSYoungGen: 198784K(199168K)->1280K(190464K) Eden: 196096K(196096K)->0K(188928K) From: 2688K(3072K)->1280K(1536K)
[131.090s][info][gc,heap        ] GC(223) ParOldGen: 563865K(564224K)->563881K(564224K)
[131.090s][info][gc,metaspace   ] GC(223) Metaspace: 56372K(56704K)->56372K(56704K) NonClass: 50753K(51008K)->50753K(51008K) Class: 5618K(5696K)->5618K(5696K)
[131.090s][info][gc             ] GC(223) Pause Young (Allocation Failure) 744M->551M(737M) 4.219ms
[131.090s][info][gc,cpu         ] GC(223) User=0.00s Sys=0.00s Real=0.00s
[131.516s][info][gc,start       ] GC(224) Pause Young (Allocation Failure)
[131.521s][info][gc,heap        ] GC(224) PSYoungGen: 190195K(190464K)->1600K(184320K) Eden: 188915K(188928K)->0K(182272K) From: 1280K(1536K)->1600K(2048K)
[131.521s][info][gc,heap        ] GC(224) ParOldGen: 563881K(564224K)->563897K(564224K)
[131.521s][info][gc,metaspace   ] GC(224) Metaspace: 56372K(56704K)->56372K(56704K) NonClass: 50753K(51008K)->50753K(51008K) Class: 5618K(5696K)->5618K(5696K)
[131.521s][info][gc             ] GC(224) Pause Young (Allocation Failure) 736M->552M(731M) 4.291ms
[131.521s][info][gc,cpu         ] GC(224) User=0.00s Sys=0.00s Real=0.00s
[131.984s][info][gc,start       ] GC(225) Pause Young (Allocation Failure)
[131.989s][info][gc,heap        ] GC(225) PSYoungGen: 183872K(184320K)->1983K(177664K) Eden: 182272K(182272K)->0K(175616K) From: 1600K(2048K)->1983K(2048K)
[131.989s][info][gc,heap        ] GC(225) ParOldGen: 563897K(564224K)->563913K(564224K)
[131.989s][info][gc,metaspace   ] GC(225) Metaspace: 56372K(56704K)->56372K(56704K) NonClass: 50753K(51008K)->50753K(51008K) Class: 5618K(5696K)->5618K(5696K)
[131.989s][info][gc             ] GC(225) Pause Young (Allocation Failure) 730M->552M(724M) 4.775ms
[131.989s][info][gc,cpu         ] GC(225) User=0.01s Sys=0.00s Real=0.00s
[132.387s][info][gc,start       ] GC(226) Pause Young (Allocation Failure)
[132.392s][info][gc,heap        ] GC(226) PSYoungGen: 177599K(177664K)->2367K(172032K) Eden: 175616K(175616K)->0K(169472K) From: 1983K(2048K)->2367K(2560K)
[132.392s][info][gc,heap        ] GC(226) ParOldGen: 563913K(564224K)->563929K(564224K)
[132.392s][info][gc,metaspace   ] GC(226) Metaspace: 56372K(56704K)->56372K(56704K) NonClass: 50753K(51008K)->50753K(51008K) Class: 5618K(5696K)->5618K(5696K)
[132.392s][info][gc             ] GC(226) Pause Young (Allocation Failure) 724M->553M(719M) 5.043ms
[132.392s][info][gc,cpu         ] GC(226) User=0.01s Sys=0.00s Real=0.01s
[132.785s][info][gc,start       ] GC(227) Pause Young (Allocation Failure)
[132.790s][info][gc,heap        ] GC(227) PSYoungGen: 171839K(172032K)->2207K(204800K) Eden: 169472K(169472K)->0K(198144K) From: 2367K(2560K)->2207K(6656K)
[132.790s][info][gc,heap        ] GC(227) ParOldGen: 563929K(564224K)->563945K(564224K)
[132.790s][info][gc,metaspace   ] GC(227) Metaspace: 56372K(56704K)->56372K(56704K) NonClass: 50753K(51008K)->50753K(51008K) Class: 5618K(5696K)->5618K(5696K)
[132.790s][info][gc             ] GC(227) Pause Young (Allocation Failure) 718M->552M(751M) 4.540ms
[132.790s][info][gc,cpu         ] GC(227) User=0.01s Sys=0.00s Real=0.00s
[133.376s][info][gc,start       ] GC(228) Pause Young (Allocation Failure)
[133.380s][info][gc,heap        ] GC(228) PSYoungGen: 200351K(204800K)->1083K(192512K) Eden: 198144K(198144K)->0K(190976K) From: 2207K(6656K)->1083K(1536K)
[133.380s][info][gc,heap        ] GC(228) ParOldGen: 563945K(564224K)->563961K(564224K)
[133.380s][info][gc,metaspace   ] GC(228) Metaspace: 56372K(56704K)->56372K(56704K) NonClass: 50753K(51008K)->50753K(51008K) Class: 5618K(5696K)->5618K(5696K)
[133.380s][info][gc             ] GC(228) Pause Young (Allocation Failure) 746M->551M(739M) 3.834ms
[133.380s][info][gc,cpu         ] GC(228) User=0.00s Sys=0.00s Real=0.00s
[133.794s][info][gc,start       ] GC(229) Pause Young (Allocation Failure)
[133.800s][info][gc,heap        ] GC(229) PSYoungGen: 192059K(192512K)->3487K(198656K) Eden: 190976K(190976K)->0K(193536K) From: 1083K(1536K)->3487K(5120K)
[133.800s][info][gc,heap        ] GC(229) ParOldGen: 563961K(564224K)->563977K(564224K)
[133.800s][info][gc,metaspace   ] GC(229) Metaspace: 56372K(56704K)->56372K(56704K) NonClass: 50753K(51008K)->50753K(51008K) Class: 5618K(5696K)->5618K(5696K)
[133.800s][info][gc             ] GC(229) Pause Young (Allocation Failure) 738M->554M(745M) 6.181ms
[133.800s][info][gc,cpu         ] GC(229) User=0.01s Sys=0.00s Real=0.00s
[134.282s][info][gc,start       ] GC(230) Pause Young (Allocation Failure)
[134.287s][info][gc,heap        ] GC(230) PSYoungGen: 197023K(198656K)->2207K(188928K) Eden: 193536K(193536K)->0K(186368K) From: 3487K(5120K)->2207K(2560K)
[134.287s][info][gc,heap        ] GC(230) ParOldGen: 563977K(564224K)->563993K(564224K)
[134.287s][info][gc,metaspace   ] GC(230) Metaspace: 56372K(56704K)->56372K(56704K) NonClass: 50753K(51008K)->50753K(51008K) Class: 5618K(5696K)->5618K(5696K)
[134.287s][info][gc             ] GC(230) Pause Young (Allocation Failure) 743M->552M(735M) 4.749ms
[134.287s][info][gc,cpu         ] GC(230) User=0.01s Sys=0.00s Real=0.00s
[134.704s][info][gc,start       ] GC(231) Pause Young (Allocation Failure)
[134.709s][info][gc,heap        ] GC(231) PSYoungGen: 188357K(188928K)->2240K(194560K) Eden: 186149K(186368K)->0K(190464K) From: 2207K(2560K)->2240K(4096K)
[134.709s][info][gc,heap        ] GC(231) ParOldGen: 563993K(564224K)->564009K(564224K)
[134.709s][info][gc,metaspace   ] GC(231) Metaspace: 56372K(56704K)->56372K(56704K) NonClass: 50753K(51008K)->50753K(51008K) Class: 5618K(5696K)->5618K(5696K)
[134.709s][info][gc             ] GC(231) Pause Young (Allocation Failure) 734M->552M(741M) 4.836ms
[134.709s][info][gc,cpu         ] GC(231) User=0.01s Sys=0.00s Real=0.00s
[135.182s][info][gc,start       ] GC(232) Pause Young (Allocation Failure)
[135.187s][info][gc,heap        ] GC(232) PSYoungGen: 192704K(194560K)->1472K(185344K) Eden: 190464K(190464K)->0K(183808K) From: 2240K(4096K)->1472K(1536K)
[135.187s][info][gc,heap        ] GC(232) ParOldGen: 564009K(564224K)->564025K(564224K)
[135.187s][info][gc,metaspace   ] GC(232) Metaspace: 56372K(56704K)->56372K(56704K) NonClass: 50753K(51008K)->50753K(51008K) Class: 5618K(5696K)->5618K(5696K)
[135.187s][info][gc             ] GC(232) Pause Young (Allocation Failure) 738M->552M(732M) 4.336ms
[135.187s][info][gc,cpu         ] GC(232) User=0.01s Sys=0.00s Real=0.00s
[135.602s][info][gc,start       ] GC(233) Pause Young (Allocation Failure)
[135.608s][info][gc,heap        ] GC(233) PSYoungGen: 185280K(185344K)->3007K(191488K) Eden: 183808K(183808K)->0K(186880K) From: 1472K(1536K)->3007K(4608K)
[135.608s][info][gc,heap        ] GC(233) ParOldGen: 564025K(564224K)->564041K(564224K)
[135.608s][info][gc,metaspace   ] GC(233) Metaspace: 56372K(56704K)->56372K(56704K) NonClass: 50753K(51008K)->50753K(51008K) Class: 5618K(5696K)->5618K(5696K)
[135.608s][info][gc             ] GC(233) Pause Young (Allocation Failure) 731M->553M(738M) 5.764ms
[135.608s][info][gc,cpu         ] GC(233) User=0.02s Sys=0.00s Real=0.00s
[136.077s][info][gc,start       ] GC(234) Pause Young (Allocation Failure)
[136.081s][info][gc,heap        ] GC(234) PSYoungGen: 189887K(191488K)->1447K(181760K) Eden: 186880K(186880K)->0K(180224K) From: 3007K(4608K)->1447K(1536K)
[136.081s][info][gc,heap        ] GC(234) ParOldGen: 564041K(564224K)->564057K(564224K)
[136.081s][info][gc,metaspace   ] GC(234) Metaspace: 56372K(56704K)->56372K(56704K) NonClass: 50753K(51008K)->50753K(51008K) Class: 5618K(5696K)->5618K(5696K)
[136.081s][info][gc             ] GC(234) Pause Young (Allocation Failure) 736M->552M(728M) 4.055ms
[136.081s][info][gc,cpu         ] GC(234) User=0.01s Sys=0.00s Real=0.01s
[136.538s][info][gc,start       ] GC(235) Pause Young (Allocation Failure)
[136.541s][info][gc,heap        ] GC(235) PSYoungGen: 181671K(181760K)->544K(175104K) Eden: 180224K(180224K)->0K(174080K) From: 1447K(1536K)->544K(1024K)
[136.541s][info][gc,heap        ] GC(235) ParOldGen: 564057K(564224K)->564073K(564224K)
[136.541s][info][gc,metaspace   ] GC(235) Metaspace: 56372K(56704K)->56372K(56704K) NonClass: 50753K(51008K)->50753K(51008K) Class: 5618K(5696K)->5618K(5696K)
[136.541s][info][gc             ] GC(235) Pause Young (Allocation Failure) 728M->551M(722M) 3.178ms
[136.541s][info][gc,cpu         ] GC(235) User=0.01s Sys=0.00s Real=0.01s
[136.896s][info][gc,start       ] GC(236) Pause Young (Allocation Failure)
[136.902s][info][gc,heap        ] GC(236) PSYoungGen: 174624K(175104K)->2752K(184320K) Eden: 174080K(174080K)->0K(179200K) From: 544K(1024K)->2752K(5120K)
[136.902s][info][gc,heap        ] GC(236) ParOldGen: 564073K(564224K)->564089K(564224K)
[136.902s][info][gc,metaspace   ] GC(236) Metaspace: 56372K(56704K)->56372K(56704K) NonClass: 50753K(51008K)->50753K(51008K) Class: 5618K(5696K)->5618K(5696K)
[136.902s][info][gc             ] GC(236) Pause Young (Allocation Failure) 721M->553M(731M) 5.473ms
[136.902s][info][gc,cpu         ] GC(236) User=0.01s Sys=0.00s Real=0.01s
[137.316s][info][gc,start       ] GC(237) Pause Young (Allocation Failure)
[137.320s][info][gc,heap        ] GC(237) PSYoungGen: 181643K(184320K)->1184K(174592K) Eden: 178891K(179200K)->0K(173056K) From: 2752K(5120K)->1184K(1536K)
[137.320s][info][gc,heap        ] GC(237) ParOldGen: 564089K(564224K)->564105K(564224K)
[137.320s][info][gc,metaspace   ] GC(237) Metaspace: 56372K(56704K)->56372K(56704K) NonClass: 50753K(51008K)->50753K(51008K) Class: 5618K(5696K)->5618K(5696K)
[137.320s][info][gc             ] GC(237) Pause Young (Allocation Failure) 728M->552M(721M) 4.000ms
[137.320s][info][gc,cpu         ] GC(237) User=0.01s Sys=0.00s Real=0.00s
[137.778s][info][gc,start       ] GC(238) Pause Young (Allocation Failure)
[137.780s][info][gc,heap        ] GC(238) PSYoungGen: 174240K(174592K)->288K(167424K) Eden: 173056K(173056K)->0K(166912K) From: 1184K(1536K)->288K(512K)
[137.780s][info][gc,heap        ] GC(238) ParOldGen: 564105K(564224K)->564121K(564224K)
[137.780s][info][gc,metaspace   ] GC(238) Metaspace: 56372K(56704K)->56372K(56704K) NonClass: 50753K(51008K)->50753K(51008K) Class: 5618K(5696K)->5618K(5696K)
[137.780s][info][gc             ] GC(238) Pause Young (Allocation Failure) 721M->551M(714M) 2.532ms
[137.780s][info][gc,cpu         ] GC(238) User=0.00s Sys=0.01s Real=0.00s
[138.119s][info][gc,start       ] GC(239) Pause Young (Allocation Failure)
[138.122s][info][gc,heap        ] GC(239) PSYoungGen: 167200K(167424K)->576K(162304K) Eden: 166912K(166912K)->0K(161280K) From: 288K(512K)->576K(1024K)
[138.122s][info][gc,heap        ] GC(239) ParOldGen: 564121K(564224K)->564137K(564224K)
[138.122s][info][gc,metaspace   ] GC(239) Metaspace: 56372K(56704K)->56372K(56704K) NonClass: 50753K(51008K)->50753K(51008K) Class: 5618K(5696K)->5618K(5696K)
[138.122s][info][gc             ] GC(239) Pause Young (Allocation Failure) 714M->551M(709M) 3.148ms
[138.122s][info][gc,cpu         ] GC(239) User=0.00s Sys=0.00s Real=0.01s
[138.513s][info][gc,start       ] GC(240) Pause Young (Allocation Failure)
[138.519s][info][gc,heap        ] GC(240) PSYoungGen: 161856K(162304K)->2590K(196608K) Eden: 161280K(161280K)->0K(193536K) From: 576K(1024K)->2590K(3072K)
[138.519s][info][gc,heap        ] GC(240) ParOldGen: 564137K(564224K)->564153K(564224K)
[138.519s][info][gc,metaspace   ] GC(240) Metaspace: 56372K(56704K)->56372K(56704K) NonClass: 50753K(51008K)->50753K(51008K) Class: 5618K(5696K)->5618K(5696K)
[138.519s][info][gc             ] GC(240) Pause Young (Allocation Failure) 708M->553M(743M) 5.842ms
[138.519s][info][gc,cpu         ] GC(240) User=0.01s Sys=0.00s Real=0.00s
[138.990s][info][gc,start       ] GC(241) Pause Young (Allocation Failure)
[138.995s][info][gc,heap        ] GC(241) PSYoungGen: 196126K(196608K)->2590K(204800K) Eden: 193536K(193536K)->0K(199680K) From: 2590K(3072K)->2590K(5120K)
[138.995s][info][gc,heap        ] GC(241) ParOldGen: 564153K(564224K)->564169K(564224K)
[138.995s][info][gc,metaspace   ] GC(241) Metaspace: 56372K(56704K)->56372K(56704K) NonClass: 50753K(51008K)->50753K(51008K) Class: 5618K(5696K)->5618K(5696K)
[138.995s][info][gc             ] GC(241) Pause Young (Allocation Failure) 742M->553M(751M) 5.518ms
[138.995s][info][gc,cpu         ] GC(241) User=0.01s Sys=0.01s Real=0.01s
[139.483s][info][gc,start       ] GC(242) Pause Young (Allocation Failure)
[139.486s][info][gc,heap        ] GC(242) PSYoungGen: 202270K(204800K)->1120K(194048K) Eden: 199680K(199680K)->0K(192512K) From: 2590K(5120K)->1120K(1536K)
[139.486s][info][gc,heap        ] GC(242) ParOldGen: 564169K(564224K)->564185K(564224K)
[139.486s][info][gc,metaspace   ] GC(242) Metaspace: 56372K(56704K)->56372K(56704K) NonClass: 50753K(51008K)->50753K(51008K) Class: 5618K(5696K)->5618K(5696K)
[139.486s][info][gc             ] GC(242) Pause Young (Allocation Failure) 748M->552M(740M) 3.711ms
[139.486s][info][gc,cpu         ] GC(242) User=0.00s Sys=0.00s Real=0.00s
[139.909s][info][gc,start       ] GC(243) Pause Young (Allocation Failure)
[139.914s][info][gc,heap        ] GC(243) PSYoungGen: 193554K(194048K)->1920K(187392K) Eden: 192434K(192512K)->0K(185344K) From: 1120K(1536K)->1920K(2048K)
[139.914s][info][gc,heap        ] GC(243) ParOldGen: 564185K(564224K)->564201K(564224K)
[139.914s][info][gc,metaspace   ] GC(243) Metaspace: 56372K(56704K)->56372K(56704K) NonClass: 50753K(51008K)->50753K(51008K) Class: 5618K(5696K)->5618K(5696K)
[139.914s][info][gc             ] GC(243) Pause Young (Allocation Failure) 739M->552M(734M) 4.655ms
[139.914s][info][gc,cpu         ] GC(243) User=0.01s Sys=0.00s Real=0.01s
[140.377s][info][gc,start       ] GC(244) Pause Young (Allocation Failure)
[140.381s][info][gc,heap        ] GC(244) PSYoungGen: 187264K(187392K)->1168K(180224K) Eden: 185344K(185344K)->0K(178688K) From: 1920K(2048K)->1168K(1536K)
[140.381s][info][gc,heap        ] GC(244) ParOldGen: 564201K(564224K)->564217K(564224K)
[140.381s][info][gc,metaspace   ] GC(244) Metaspace: 56372K(56704K)->56372K(56704K) NonClass: 50753K(51008K)->50753K(51008K) Class: 5618K(5696K)->5618K(5696K)
[140.381s][info][gc             ] GC(244) Pause Young (Allocation Failure) 733M->552M(727M) 3.452ms
[140.381s][info][gc,cpu         ] GC(244) User=0.01s Sys=0.00s Real=0.01s
[140.792s][info][gc,start       ] GC(245) Pause Young (Allocation Failure)
[140.798s][info][gc,heap        ] GC(245) PSYoungGen: 179856K(180224K)->2718K(175616K) Eden: 178688K(178688K)->0K(172544K) From: 1168K(1536K)->2718K(3072K)
[140.798s][info][gc,heap        ] GC(245) ParOldGen: 564217K(564224K)->564233K(564736K)
[140.798s][info][gc,metaspace   ] GC(245) Metaspace: 56372K(56704K)->56372K(56704K) NonClass: 50753K(51008K)->50753K(51008K) Class: 5618K(5696K)->5618K(5696K)
[140.798s][info][gc             ] GC(245) Pause Young (Allocation Failure) 726M->553M(723M) 5.339ms
[140.798s][info][gc,cpu         ] GC(245) User=0.00s Sys=0.00s Real=0.00s
[141.191s][info][gc,start       ] GC(246) Pause Young (Allocation Failure)
[141.196s][info][gc,heap        ] GC(246) PSYoungGen: 175262K(175616K)->2496K(195584K) Eden: 172544K(172544K)->0K(190976K) From: 2718K(3072K)->2496K(4608K)
[141.196s][info][gc,heap        ] GC(246) ParOldGen: 564233K(564736K)->564249K(564736K)
[141.196s][info][gc,metaspace   ] GC(246) Metaspace: 56372K(56704K)->56372K(56704K) NonClass: 50753K(51008K)->50753K(51008K) Class: 5618K(5696K)->5618K(5696K)
[141.196s][info][gc             ] GC(246) Pause Young (Allocation Failure) 722M->553M(742M) 5.052ms
[141.196s][info][gc,cpu         ] GC(246) User=0.01s Sys=0.00s Real=0.00s
[141.620s][info][gc,start       ] GC(247) Pause Young (Allocation Failure)
[141.622s][info][gc,heap        ] GC(247) PSYoungGen: 193472K(195584K)->512K(184832K) Eden: 190976K(190976K)->0K(184320K) From: 2496K(4608K)->512K(512K)
[141.622s][info][gc,heap        ] GC(247) ParOldGen: 564249K(564736K)->564265K(564736K)
[141.622s][info][gc,metaspace   ] GC(247) Metaspace: 56372K(56704K)->56372K(56704K) NonClass: 50753K(51008K)->50753K(51008K) Class: 5618K(5696K)->5618K(5696K)
[141.622s][info][gc             ] GC(247) Pause Young (Allocation Failure) 739M->551M(732M) 2.932ms
[141.623s][info][gc,cpu         ] GC(247) User=0.01s Sys=0.00s Real=0.01s
[142.084s][info][gc,start       ] GC(248) Pause Young (Allocation Failure)
[142.089s][info][gc,heap        ] GC(248) PSYoungGen: 184832K(184832K)->2558K(182272K) Eden: 184320K(184320K)->0K(177664K) From: 512K(512K)->2558K(4608K)
[142.089s][info][gc,heap        ] GC(248) ParOldGen: 564265K(564736K)->564281K(564736K)
[142.089s][info][gc,metaspace   ] GC(248) Metaspace: 56372K(56704K)->56372K(56704K) NonClass: 50753K(51008K)->50753K(51008K) Class: 5618K(5696K)->5618K(5696K)
[142.089s][info][gc             ] GC(248) Pause Young (Allocation Failure) 731M->553M(729M) 5.464ms
[142.089s][info][gc,cpu         ] GC(248) User=0.01s Sys=0.00s Real=0.00s
[142.510s][info][gc,start       ] GC(249) Pause Young (Allocation Failure)
[142.516s][info][gc,heap        ] GC(249) PSYoungGen: 180222K(182272K)->2112K(207872K) Eden: 177664K(177664K)->0K(203264K) From: 2558K(4608K)->2112K(4608K)
[142.516s][info][gc,heap        ] GC(249) ParOldGen: 564281K(564736K)->564297K(564736K)
[142.516s][info][gc,metaspace   ] GC(249) Metaspace: 56372K(56704K)->56372K(56704K) NonClass: 50753K(51008K)->50753K(51008K) Class: 5618K(5696K)->5618K(5696K)
[142.516s][info][gc             ] GC(249) Pause Young (Allocation Failure) 727M->553M(754M) 5.389ms
[142.516s][info][gc,cpu         ] GC(249) User=0.01s Sys=0.00s Real=0.01s
[142.993s][info][gc,start       ] GC(250) Pause Young (Allocation Failure)
[142.997s][info][gc,heap        ] GC(250) PSYoungGen: 205376K(207872K)->2015K(197632K) Eden: 203264K(203264K)->0K(195584K) From: 2112K(4608K)->2015K(2048K)
[142.997s][info][gc,heap        ] GC(250) ParOldGen: 564297K(564736K)->564313K(564736K)
[142.997s][info][gc,metaspace   ] GC(250) Metaspace: 56372K(56704K)->56372K(56704K) NonClass: 50753K(51008K)->50753K(51008K) Class: 5618K(5696K)->5618K(5696K)
[142.997s][info][gc             ] GC(250) Pause Young (Allocation Failure) 751M->553M(744M) 4.235ms
[142.997s][info][gc,cpu         ] GC(250) User=0.00s Sys=0.00s Real=0.00s
[143.523s][info][gc,start       ] GC(251) Pause Young (Allocation Failure)
[143.526s][info][gc,heap        ] GC(251) PSYoungGen: 197599K(197632K)->650K(189440K) Eden: 195584K(195584K)->0K(188416K) From: 2015K(2048K)->650K(1024K)
[143.526s][info][gc,heap        ] GC(251) ParOldGen: 564313K(564736K)->564329K(564736K)
[143.526s][info][gc,metaspace   ] GC(251) Metaspace: 56372K(56704K)->56372K(56704K) NonClass: 50753K(51008K)->50753K(51008K) Class: 5618K(5696K)->5618K(5696K)
[143.526s][info][gc             ] GC(251) Pause Young (Allocation Failure) 744M->551M(736M) 2.970ms
[143.526s][info][gc,cpu         ] GC(251) User=0.00s Sys=0.00s Real=0.00s
[143.893s][info][gc,start       ] GC(252) Pause Young (Allocation Failure)
[143.897s][info][gc,heap        ] GC(252) PSYoungGen: 189066K(189440K)->2016K(183808K) Eden: 188416K(188416K)->0K(181760K) From: 650K(1024K)->2016K(2048K)
[143.897s][info][gc,heap        ] GC(252) ParOldGen: 564329K(564736K)->564345K(564736K)
[143.898s][info][gc,metaspace   ] GC(252) Metaspace: 56372K(56704K)->56372K(56704K) NonClass: 50753K(51008K)->50753K(51008K) Class: 5618K(5696K)->5618K(5696K)
[143.898s][info][gc             ] GC(252) Pause Young (Allocation Failure) 735M->553M(731M) 4.524ms
[143.898s][info][gc,cpu         ] GC(252) User=0.00s Sys=0.00s Real=0.00s
[144.303s][info][gc,start       ] GC(253) Pause Young (Allocation Failure)
[144.308s][info][gc,heap        ] GC(253) PSYoungGen: 183657K(183808K)->2208K(177664K) Eden: 181641K(181760K)->0K(175104K) From: 2016K(2048K)->2208K(2560K)
[144.308s][info][gc,heap        ] GC(253) ParOldGen: 564345K(564736K)->564361K(564736K)
[144.308s][info][gc,metaspace   ] GC(253) Metaspace: 56372K(56704K)->56372K(56704K) NonClass: 50753K(51008K)->50753K(51008K) Class: 5618K(5696K)->5618K(5696K)
[144.308s][info][gc             ] GC(253) Pause Young (Allocation Failure) 730M->553M(725M) 4.872ms
[144.308s][info][gc,cpu         ] GC(253) User=0.01s Sys=0.00s Real=0.00s
[144.822s][info][gc,start       ] GC(254) Pause Young (Allocation Failure)
[144.826s][info][gc,heap        ] GC(254) PSYoungGen: 177302K(177664K)->1823K(171008K) Eden: 175094K(175104K)->0K(168960K) From: 2208K(2560K)->1823K(2048K)
[144.826s][info][gc,heap        ] GC(254) ParOldGen: 564361K(564736K)->564377K(564736K)
[144.826s][info][gc,metaspace   ] GC(254) Metaspace: 56373K(56704K)->56373K(56704K) NonClass: 50754K(51008K)->50754K(51008K) Class: 5618K(5696K)->5618K(5696K)
[144.827s][info][gc             ] GC(254) Pause Young (Allocation Failure) 724M->552M(718M) 4.243ms
[144.827s][info][gc,cpu         ] GC(254) User=0.01s Sys=0.00s Real=0.00s
[145.211s][info][gc,start       ] GC(255) Pause Young (Allocation Failure)
[145.215s][info][gc,heap        ] GC(255) PSYoungGen: 170774K(171008K)->1536K(164864K) Eden: 168950K(168960K)->0K(163328K) From: 1823K(2048K)->1536K(1536K)
[145.215s][info][gc,heap        ] GC(255) ParOldGen: 564377K(564736K)->564393K(564736K)
[145.215s][info][gc,metaspace   ] GC(255) Metaspace: 56373K(56704K)->56373K(56704K) NonClass: 50754K(51008K)->50754K(51008K) Class: 5618K(5696K)->5618K(5696K)
[145.215s][info][gc             ] GC(255) Pause Young (Allocation Failure) 717M->552M(712M) 4.192ms
[145.215s][info][gc,cpu         ] GC(255) User=0.01s Sys=0.00s Real=0.00s
[145.608s][info][gc,start       ] GC(256) Pause Young (Allocation Failure)
[145.613s][info][gc,heap        ] GC(256) PSYoungGen: 164864K(164864K)->2623K(196096K) Eden: 163328K(163328K)->0K(192512K) From: 1536K(1536K)->2623K(3584K)
[145.613s][info][gc,heap        ] GC(256) ParOldGen: 564393K(564736K)->564409K(564736K)
[145.613s][info][gc,metaspace   ] GC(256) Metaspace: 56373K(56704K)->56373K(56704K) NonClass: 50754K(51008K)->50754K(51008K) Class: 5618K(5696K)->5618K(5696K)
[145.613s][info][gc             ] GC(256) Pause Young (Allocation Failure) 712M->553M(743M) 4.952ms
[145.613s][info][gc,cpu         ] GC(256) User=0.01s Sys=0.00s Real=0.01s
[146.083s][info][gc,start       ] GC(257) Pause Young (Allocation Failure)
[146.090s][info][gc,heap        ] GC(257) PSYoungGen: 195135K(196096K)->1854K(200704K) Eden: 192512K(192512K)->0K(196608K) From: 2623K(3584K)->1854K(4096K)
[146.090s][info][gc,heap        ] GC(257) ParOldGen: 564409K(564736K)->564425K(564736K)
[146.090s][info][gc,metaspace   ] GC(257) Metaspace: 56373K(56704K)->56373K(56704K) NonClass: 50754K(51008K)->50754K(51008K) Class: 5618K(5696K)->5618K(5696K)
[146.090s][info][gc             ] GC(257) Pause Young (Allocation Failure) 741M->553M(747M) 7.699ms
[146.090s][info][gc,cpu         ] GC(257) User=0.01s Sys=0.00s Real=0.00s
[146.572s][info][gc,start       ] GC(258) Pause Young (Allocation Failure)
[146.575s][info][gc,heap        ] GC(258) PSYoungGen: 198462K(200704K)->927K(190464K) Eden: 196608K(196608K)->0K(189440K) From: 1854K(4096K)->927K(1024K)
[146.575s][info][gc,heap        ] GC(258) ParOldGen: 564425K(564736K)->564441K(564736K)
[146.575s][info][gc,metaspace   ] GC(258) Metaspace: 56373K(56704K)->56373K(56704K) NonClass: 50754K(51008K)->50754K(51008K) Class: 5618K(5696K)->5618K(5696K)
[146.575s][info][gc             ] GC(258) Pause Young (Allocation Failure) 745M->552M(737M) 2.968ms
[146.575s][info][gc,cpu         ] GC(258) User=0.00s Sys=0.01s Real=0.00s
[146.995s][info][gc,start       ] GC(259) Pause Young (Allocation Failure)
[147.000s][info][gc,heap        ] GC(259) PSYoungGen: 190249K(190464K)->2432K(197120K) Eden: 189322K(189440K)->0K(194048K) From: 927K(1024K)->2432K(3072K)
[147.000s][info][gc,heap        ] GC(259) ParOldGen: 564441K(564736K)->564457K(564736K)
[147.000s][info][gc,metaspace   ] GC(259) Metaspace: 56373K(56704K)->56373K(56704K) NonClass: 50754K(51008K)->50754K(51008K) Class: 5618K(5696K)->5618K(5696K)
[147.000s][info][gc             ] GC(259) Pause Young (Allocation Failure) 737M->553M(744M) 5.554ms
[147.000s][info][gc,cpu         ] GC(259) User=0.01s Sys=0.00s Real=0.00s
[147.483s][info][gc,start       ] GC(260) Pause Young (Allocation Failure)
[147.487s][info][gc,heap        ] GC(260) PSYoungGen: 196480K(197120K)->1823K(188928K) Eden: 194048K(194048K)->0K(186880K) From: 2432K(3072K)->1823K(2048K)
[147.487s][info][gc,heap        ] GC(260) ParOldGen: 564457K(564736K)->564473K(564736K)
[147.487s][info][gc,metaspace   ] GC(260) Metaspace: 56373K(56704K)->56373K(56704K) NonClass: 50754K(51008K)->50754K(51008K) Class: 5618K(5696K)->5618K(5696K)
[147.487s][info][gc             ] GC(260) Pause Young (Allocation Failure) 743M->553M(736M) 4.189ms
[147.487s][info][gc,cpu         ] GC(260) User=0.00s Sys=0.00s Real=0.00s
[147.923s][info][gc,start       ] GC(261) Pause Young (Allocation Failure)
[147.929s][info][gc,heap        ] GC(261) PSYoungGen: 188703K(188928K)->2048K(194048K) Eden: 186880K(186880K)->0K(192000K) From: 1823K(2048K)->2048K(2048K)
[147.929s][info][gc,heap        ] GC(261) ParOldGen: 564473K(564736K)->565656K(565760K)
[147.929s][info][gc,metaspace   ] GC(261) Metaspace: 56373K(56704K)->56373K(56704K) NonClass: 50754K(51008K)->50754K(51008K) Class: 5618K(5696K)->5618K(5696K)
[147.929s][info][gc             ] GC(261) Pause Young (Allocation Failure) 735M->554M(742M) 6.032ms
[147.929s][info][gc,cpu         ] GC(261) User=0.01s Sys=0.00s Real=0.00s
[148.375s][info][gc,start       ] GC(262) Pause Young (Allocation Failure)
[148.380s][info][gc,heap        ] GC(262) PSYoungGen: 194048K(194048K)->1001K(196096K) Eden: 192000K(192000K)->0K(192000K) From: 2048K(2048K)->1001K(4096K)
[148.380s][info][gc,heap        ] GC(262) ParOldGen: 565656K(565760K)->567712K(567808K)
[148.380s][info][gc,metaspace   ] GC(262) Metaspace: 56373K(56704K)->56373K(56704K) NonClass: 50754K(51008K)->50754K(51008K) Class: 5618K(5696K)->5618K(5696K)
[148.380s][info][gc             ] GC(262) Pause Young (Allocation Failure) 741M->555M(746M) 5.679ms
[148.380s][info][gc,cpu         ] GC(262) User=0.01s Sys=0.01s Real=0.00s
[148.800s][info][gc,start       ] GC(263) Pause Young (Allocation Failure)
[148.806s][info][gc,heap        ] GC(263) PSYoungGen: 192883K(196096K)->2848K(234496K) Eden: 191881K(192000K)->0K(230400K) From: 1001K(4096K)->2848K(4096K)
[148.807s][info][gc,heap        ] GC(263) ParOldGen: 567712K(567808K)->567904K(568320K)
[148.807s][info][gc,metaspace   ] GC(263) Metaspace: 56373K(56704K)->56373K(56704K) NonClass: 50754K(51008K)->50754K(51008K) Class: 5618K(5696K)->5618K(5696K)
[148.807s][info][gc             ] GC(263) Pause Young (Allocation Failure) 742M->557M(784M) 7.000ms
[148.807s][info][gc,cpu         ] GC(263) User=0.01s Sys=0.00s Real=0.01s
[149.381s][info][gc,start       ] GC(264) Pause Young (Allocation Failure)
[149.383s][info][gc,heap        ] GC(264) PSYoungGen: 233248K(234496K)->770K(234496K) Eden: 230400K(230400K)->0K(230400K) From: 2848K(4096K)->770K(4096K)
[149.384s][info][gc,heap        ] GC(264) ParOldGen: 567904K(568320K)->567920K(568320K)
[149.384s][info][gc,metaspace   ] GC(264) Metaspace: 56373K(56704K)->56373K(56704K) NonClass: 50754K(51008K)->50754K(51008K) Class: 5618K(5696K)->5618K(5696K)
[149.384s][info][gc             ] GC(264) Pause Young (Allocation Failure) 782M->555M(784M) 2.998ms
[149.384s][info][gc,cpu         ] GC(264) User=0.00s Sys=0.00s Real=0.01s
[149.901s][info][gc,start       ] GC(265) Pause Young (Allocation Failure)
[149.908s][info][gc,heap        ] GC(265) PSYoungGen: 231170K(234496K)->3390K(280064K) Eden: 230400K(230400K)->0K(275968K) From: 770K(4096K)->3390K(4096K)
[149.908s][info][gc,heap        ] GC(265) ParOldGen: 567920K(568320K)->567936K(568320K)
[149.908s][info][gc,metaspace   ] GC(265) Metaspace: 56373K(56704K)->56373K(56704K) NonClass: 50754K(51008K)->50754K(51008K) Class: 5618K(5696K)->5618K(5696K)
[149.908s][info][gc             ] GC(265) Pause Young (Allocation Failure) 780M->557M(828M) 6.740ms
[149.908s][info][gc,cpu         ] GC(265) User=0.01s Sys=0.00s Real=0.00s
[150.584s][info][gc,start       ] GC(266) Pause Young (Allocation Failure)
[150.591s][info][gc,heap        ] GC(266) PSYoungGen: 279358K(280064K)->2046K(280576K) Eden: 275968K(275968K)->0K(275968K) From: 3390K(4096K)->2046K(4608K)
[150.591s][info][gc,heap        ] GC(266) ParOldGen: 567936K(568320K)->567952K(568320K)
[150.591s][info][gc,metaspace   ] GC(266) Metaspace: 56373K(56704K)->56373K(56704K) NonClass: 50754K(51008K)->50754K(51008K) Class: 5618K(5696K)->5618K(5696K)
[150.591s][info][gc             ] GC(266) Pause Young (Allocation Failure) 827M->556M(829M) 7.277ms
[150.591s][info][gc,cpu         ] GC(266) User=0.01s Sys=0.00s Real=0.01s
[151.209s][info][gc,start       ] GC(267) Pause Young (Allocation Failure)
[151.216s][info][gc,heap        ] GC(267) PSYoungGen: 278014K(280576K)->2750K(328704K) Eden: 275968K(275968K)->0K(324608K) From: 2046K(4608K)->2750K(4096K)
[151.216s][info][gc,heap        ] GC(267) ParOldGen: 567952K(568320K)->567968K(568320K)
[151.216s][info][gc,metaspace   ] GC(267) Metaspace: 56373K(56704K)->56373K(56704K) NonClass: 50754K(51008K)->50754K(51008K) Class: 5618K(5696K)->5618K(5696K)
[151.216s][info][gc             ] GC(267) Pause Young (Allocation Failure) 826M->557M(876M) 6.720ms
[151.216s][info][gc,cpu         ] GC(267) User=0.01s Sys=0.00s Real=0.01s
[152.019s][info][gc,start       ] GC(268) Pause Young (Allocation Failure)
[152.024s][info][gc,heap        ] GC(268) PSYoungGen: 327358K(328704K)->703K(312320K) Eden: 324608K(324608K)->0K(311296K) From: 2750K(4096K)->703K(1024K)
[152.024s][info][gc,heap        ] GC(268) ParOldGen: 567968K(568320K)->567984K(568320K)
[152.024s][info][gc,metaspace   ] GC(268) Metaspace: 56373K(56704K)->56373K(56704K) NonClass: 50754K(51008K)->50754K(51008K) Class: 5618K(5696K)->5618K(5696K)
[152.024s][info][gc             ] GC(268) Pause Young (Allocation Failure) 874M->555M(860M) 5.673ms
[152.024s][info][gc,cpu         ] GC(268) User=0.01s Sys=0.00s Real=0.01s
[152.830s][info][gc,start       ] GC(269) Pause Young (Allocation Failure)
[152.833s][info][gc,heap        ] GC(269) PSYoungGen: 311999K(312320K)->128K(299008K) Eden: 311296K(311296K)->0K(298496K) From: 703K(1024K)->128K(512K)
[152.833s][info][gc,heap        ] GC(269) ParOldGen: 567984K(568320K)->568000K(568320K)
[152.833s][info][gc,metaspace   ] GC(269) Metaspace: 56373K(56704K)->56373K(56704K) NonClass: 50754K(51008K)->50754K(51008K) Class: 5618K(5696K)->5618K(5696K)
[152.833s][info][gc             ] GC(269) Pause Young (Allocation Failure) 859M->554M(847M) 2.527ms
[152.833s][info][gc,cpu         ] GC(269) User=0.01s Sys=0.00s Real=0.01s
[153.420s][info][gc,start       ] GC(270) Pause Young (Allocation Failure)
[153.423s][info][gc,heap        ] GC(270) PSYoungGen: 298624K(299008K)->639K(291328K) Eden: 298496K(298496K)->0K(286720K) From: 128K(512K)->639K(4608K)
[153.423s][info][gc,heap        ] GC(270) ParOldGen: 568000K(568320K)->568016K(568320K)
[153.423s][info][gc,metaspace   ] GC(270) Metaspace: 56374K(56704K)->56374K(56704K) NonClass: 50755K(51008K)->50755K(51008K) Class: 5618K(5696K)->5618K(5696K)
[153.423s][info][gc             ] GC(270) Pause Young (Allocation Failure) 846M->555M(839M) 2.638ms
[153.423s][info][gc,cpu         ] GC(270) User=0.00s Sys=0.00s Real=0.01s
[154.111s][info][gc,start       ] GC(271) Pause Young (Allocation Failure)
[154.116s][info][gc,heap        ] GC(271) PSYoungGen: 287359K(291328K)->2462K(278016K) Eden: 286720K(286720K)->0K(275456K) From: 639K(4608K)->2462K(2560K)
[154.116s][info][gc,heap        ] GC(271) ParOldGen: 568016K(568320K)->568032K(568320K)
[154.116s][info][gc,metaspace   ] GC(271) Metaspace: 56374K(56704K)->56374K(56704K) NonClass: 50756K(51008K)->50756K(51008K) Class: 5618K(5696K)->5618K(5696K)
[154.116s][info][gc             ] GC(271) Pause Young (Allocation Failure) 835M->557M(826M) 5.299ms
[154.116s][info][gc,cpu         ] GC(271) User=0.01s Sys=0.00s Real=0.00s
[154.785s][info][gc,start       ] GC(272) Pause Young (Allocation Failure)
[154.789s][info][gc,heap        ] GC(272) PSYoungGen: 277918K(278016K)->2334K(267264K) Eden: 275456K(275456K)->0K(264704K) From: 2462K(2560K)->2334K(2560K)
[154.789s][info][gc,heap        ] GC(272) ParOldGen: 568032K(568320K)->568048K(568320K)
[154.789s][info][gc,metaspace   ] GC(272) Metaspace: 56374K(56704K)->56374K(56704K) NonClass: 50756K(51008K)->50756K(51008K) Class: 5618K(5696K)->5618K(5696K)
[154.789s][info][gc             ] GC(272) Pause Young (Allocation Failure) 826M->557M(816M) 4.365ms
[154.789s][info][gc,cpu         ] GC(272) User=0.00s Sys=0.00s Real=0.00s
[155.394s][info][gc,start       ] GC(273) Pause Young (Allocation Failure)
[155.399s][info][gc,heap        ] GC(273) PSYoungGen: 267038K(267264K)->3359K(258048K) Eden: 264704K(264704K)->0K(254464K) From: 2334K(2560K)->3359K(3584K)
[155.399s][info][gc,heap        ] GC(273) ParOldGen: 568048K(568320K)->568064K(568320K)
[155.399s][info][gc,metaspace   ] GC(273) Metaspace: 56374K(56704K)->56374K(56704K) NonClass: 50756K(51008K)->50756K(51008K) Class: 5618K(5696K)->5618K(5696K)
[155.399s][info][gc             ] GC(273) Pause Young (Allocation Failure) 815M->558M(807M) 5.898ms
[155.400s][info][gc,cpu         ] GC(273) User=0.01s Sys=0.00s Real=0.00s
[156.100s][info][gc,start       ] GC(274) Pause Young (Allocation Failure)
[156.105s][info][gc,heap        ] GC(274) PSYoungGen: 257823K(258048K)->2015K(246784K) Eden: 254464K(254464K)->0K(244736K) From: 3359K(3584K)->2015K(2048K)
[156.105s][info][gc,heap        ] GC(274) ParOldGen: 568064K(568320K)->568080K(568320K)
[156.105s][info][gc,metaspace   ] GC(274) Metaspace: 56374K(56704K)->56374K(56704K) NonClass: 50756K(51008K)->50756K(51008K) Class: 5618K(5696K)->5618K(5696K)
[156.105s][info][gc             ] GC(274) Pause Young (Allocation Failure) 806M->556M(796M) 4.324ms
[156.105s][info][gc,cpu         ] GC(274) User=0.01s Sys=0.00s Real=0.01s
[156.694s][info][gc,start       ] GC(275) Pause Young (Allocation Failure)
[156.699s][info][gc,heap        ] GC(275) PSYoungGen: 246751K(246784K)->3263K(239104K) Eden: 244736K(244736K)->0K(235520K) From: 2015K(2048K)->3263K(3584K)
[156.699s][info][gc,heap        ] GC(275) ParOldGen: 568080K(568320K)->568096K(568320K)
[156.699s][info][gc,metaspace   ] GC(275) Metaspace: 56374K(56704K)->56374K(56704K) NonClass: 50756K(51008K)->50756K(51008K) Class: 5618K(5696K)->5618K(5696K)
[156.699s][info][gc             ] GC(275) Pause Young (Allocation Failure) 795M->557M(788M) 5.632ms
[156.699s][info][gc,cpu         ] GC(275) User=0.01s Sys=0.00s Real=0.00s
[157.277s][info][gc,start       ] GC(276) Pause Young (Allocation Failure)
[157.280s][info][gc,heap        ] GC(276) PSYoungGen: 238783K(239104K)->1246K(228352K) Eden: 235519K(235520K)->0K(226816K) From: 3263K(3584K)->1246K(1536K)
[157.280s][info][gc,heap        ] GC(276) ParOldGen: 568096K(568320K)->568112K(568320K)
[157.280s][info][gc,metaspace   ] GC(276) Metaspace: 56374K(56704K)->56374K(56704K) NonClass: 50756K(51008K)->50756K(51008K) Class: 5618K(5696K)->5618K(5696K)
[157.280s][info][gc             ] GC(276) Pause Young (Allocation Failure) 787M->556M(778M) 3.660ms
[157.280s][info][gc,cpu         ] GC(276) User=0.01s Sys=0.00s Real=0.00s
[157.791s][info][gc,start       ] GC(277) Pause Young (Allocation Failure)
[157.796s][info][gc,heap        ] GC(277) PSYoungGen: 228062K(228352K)->2432K(220672K) Eden: 226816K(226816K)->0K(218112K) From: 1246K(1536K)->2432K(2560K)
[157.796s][info][gc,heap        ] GC(277) ParOldGen: 568112K(568320K)->568128K(568320K)
[157.796s][info][gc,metaspace   ] GC(277) Metaspace: 56374K(56704K)->56374K(56704K) NonClass: 50756K(51008K)->50756K(51008K) Class: 5618K(5696K)->5618K(5696K)
[157.796s][info][gc             ] GC(277) Pause Young (Allocation Failure) 777M->557M(770M) 5.076ms
[157.796s][info][gc,cpu         ] GC(277) User=0.01s Sys=0.00s Real=0.01s
[158.311s][info][gc,start       ] GC(278) Pause Young (Allocation Failure)
[158.315s][info][gc,heap        ] GC(278) PSYoungGen: 220544K(220672K)->2047K(211968K) Eden: 218112K(218112K)->0K(209920K) From: 2432K(2560K)->2047K(2048K)
[158.315s][info][gc,heap        ] GC(278) ParOldGen: 568128K(568320K)->568144K(568320K)
[158.315s][info][gc,metaspace   ] GC(278) Metaspace: 56374K(56704K)->56374K(56704K) NonClass: 50756K(51008K)->50756K(51008K) Class: 5618K(5696K)->5618K(5696K)
[158.315s][info][gc             ] GC(278) Pause Young (Allocation Failure) 770M->556M(762M) 4.461ms
[158.315s][info][gc,cpu         ] GC(278) User=0.01s Sys=0.00s Real=0.01s
[158.807s][info][gc,start       ] GC(279) Pause Young (Allocation Failure)
[158.811s][info][gc,heap        ] GC(279) PSYoungGen: 211706K(211968K)->1792K(204288K) Eden: 209659K(209920K)->0K(202240K) From: 2047K(2048K)->1792K(2048K)
[158.811s][info][gc,heap        ] GC(279) ParOldGen: 568144K(568320K)->568160K(568320K)
[158.811s][info][gc,metaspace   ] GC(279) Metaspace: 56374K(56704K)->56374K(56704K) NonClass: 50756K(51008K)->50756K(51008K) Class: 5618K(5696K)->5618K(5696K)
[158.811s][info][gc             ] GC(279) Pause Young (Allocation Failure) 761M->556M(754M) 4.531ms
[158.811s][info][gc,cpu         ] GC(279) User=0.01s Sys=0.00s Real=0.01s
[159.298s][info][gc,start       ] GC(280) Pause Young (Allocation Failure)
[159.303s][info][gc,heap        ] GC(280) PSYoungGen: 204032K(204288K)->2815K(198144K) Eden: 202240K(202240K)->0K(195072K) From: 1792K(2048K)->2815K(3072K)
[159.303s][info][gc,heap        ] GC(280) ParOldGen: 568160K(568320K)->568176K(568320K)
[159.303s][info][gc,metaspace   ] GC(280) Metaspace: 56374K(56704K)->56374K(56704K) NonClass: 50756K(51008K)->50756K(51008K) Class: 5618K(5696K)->5618K(5696K)
[159.303s][info][gc             ] GC(280) Pause Young (Allocation Failure) 754M->557M(748M) 5.218ms
[159.303s][info][gc,cpu         ] GC(280) User=0.01s Sys=0.00s Real=0.01s
[159.784s][info][gc,start       ] GC(281) Pause Young (Allocation Failure)
[159.787s][info][gc,heap        ] GC(281) PSYoungGen: 197887K(198144K)->1120K(189440K) Eden: 195072K(195072K)->0K(187904K) From: 2815K(3072K)->1120K(1536K)
[159.787s][info][gc,heap        ] GC(281) ParOldGen: 568176K(568320K)->568192K(568320K)
[159.787s][info][gc,metaspace   ] GC(281) Metaspace: 56374K(56704K)->56374K(56704K) NonClass: 50756K(51008K)->50756K(51008K) Class: 5618K(5696K)->5618K(5696K)
[159.787s][info][gc             ] GC(281) Pause Young (Allocation Failure) 748M->555M(740M) 3.600ms
[159.787s][info][gc,cpu         ] GC(281) User=0.01s Sys=0.00s Real=0.00s
[160.259s][info][gc,start       ] GC(282) Pause Young (Allocation Failure)
[160.264s][info][gc,heap        ] GC(282) PSYoungGen: 188714K(189440K)->2368K(183808K) Eden: 187594K(187904K)->0K(181248K) From: 1120K(1536K)->2368K(2560K)
[160.264s][info][gc,heap        ] GC(282) ParOldGen: 568192K(568320K)->568208K(568320K)
[160.264s][info][gc,metaspace   ] GC(282) Metaspace: 56374K(56704K)->56374K(56704K) NonClass: 50756K(51008K)->50756K(51008K) Class: 5618K(5696K)->5618K(5696K)
[160.264s][info][gc             ] GC(282) Pause Young (Allocation Failure) 739M->557M(734M) 5.232ms
[160.264s][info][gc,cpu         ] GC(282) User=0.01s Sys=0.01s Real=0.01s
[160.670s][info][gc,start       ] GC(283) Pause Young (Allocation Failure)
[160.673s][info][gc,heap        ] GC(283) PSYoungGen: 183616K(183808K)->341K(175616K) Eden: 181248K(181248K)->0K(175104K) From: 2368K(2560K)->341K(512K)
[160.673s][info][gc,heap        ] GC(283) ParOldGen: 568208K(568320K)->568224K(568320K)
[160.673s][info][gc,metaspace   ] GC(283) Metaspace: 56374K(56704K)->56374K(56704K) NonClass: 50756K(51008K)->50756K(51008K) Class: 5618K(5696K)->5618K(5696K)
[160.673s][info][gc             ] GC(283) Pause Young (Allocation Failure) 734M->555M(726M) 2.775ms
[160.673s][info][gc,cpu         ] GC(283) User=0.00s Sys=0.00s Real=0.01s
[161.079s][info][gc,start       ] GC(284) Pause Young (Allocation Failure)
[161.082s][info][gc,heap        ] GC(284) PSYoungGen: 175445K(175616K)->1183K(173056K) Eden: 175104K(175104K)->0K(168960K) From: 341K(512K)->1183K(4096K)
[161.082s][info][gc,heap        ] GC(284) ParOldGen: 568224K(568320K)->568240K(568320K)
[161.082s][info][gc,metaspace   ] GC(284) Metaspace: 56374K(56704K)->56374K(56704K) NonClass: 50756K(51008K)->50756K(51008K) Class: 5618K(5696K)->5618K(5696K)
[161.082s][info][gc             ] GC(284) Pause Young (Allocation Failure) 726M->556M(724M) 3.129ms
[161.082s][info][gc,cpu         ] GC(284) User=0.00s Sys=0.00s Real=0.01s
[161.481s][info][gc,start       ] GC(285) Pause Young (Allocation Failure)
[161.485s][info][gc,heap        ] GC(285) PSYoungGen: 170143K(173056K)->1919K(165376K) Eden: 168960K(168960K)->0K(163328K) From: 1183K(4096K)->1919K(2048K)
[161.485s][info][gc,heap        ] GC(285) ParOldGen: 568240K(568320K)->568256K(568320K)
[161.485s][info][gc,metaspace   ] GC(285) Metaspace: 56374K(56704K)->56374K(56704K) NonClass: 50756K(51008K)->50756K(51008K) Class: 5618K(5696K)->5618K(5696K)
[161.485s][info][gc             ] GC(285) Pause Young (Allocation Failure) 721M->556M(716M) 4.126ms
[161.485s][info][gc,cpu         ] GC(285) User=0.01s Sys=0.00s Real=0.00s
[161.879s][info][gc,start       ] GC(286) Pause Young (Allocation Failure)
[161.882s][info][gc,heap        ] GC(286) PSYoungGen: 165247K(165376K)->1247K(159232K) Eden: 163328K(163328K)->0K(157696K) From: 1919K(2048K)->1247K(1536K)
[161.882s][info][gc,heap        ] GC(286) ParOldGen: 568256K(568320K)->568272K(568320K)
[161.882s][info][gc,metaspace   ] GC(286) Metaspace: 56374K(56704K)->56374K(56704K) NonClass: 50756K(51008K)->50756K(51008K) Class: 5618K(5696K)->5618K(5696K)
[161.882s][info][gc             ] GC(286) Pause Young (Allocation Failure) 716M->556M(710M) 3.382ms
[161.882s][info][gc,cpu         ] GC(286) User=0.01s Sys=0.00s Real=0.01s
[162.222s][info][gc,start       ] GC(287) Pause Young (Allocation Failure)
[162.226s][info][gc,heap        ] GC(287) PSYoungGen: 158943K(159232K)->1279K(154112K) Eden: 157696K(157696K)->0K(152576K) From: 1247K(1536K)->1279K(1536K)
[162.226s][info][gc,heap        ] GC(287) ParOldGen: 568272K(568320K)->568288K(568320K)
[162.226s][info][gc,metaspace   ] GC(287) Metaspace: 56374K(56704K)->56374K(56704K) NonClass: 50756K(51008K)->50756K(51008K) Class: 5618K(5696K)->5618K(5696K)
[162.226s][info][gc             ] GC(287) Pause Young (Allocation Failure) 710M->556M(705M) 3.815ms
[162.226s][info][gc,cpu         ] GC(287) User=0.01s Sys=0.00s Real=0.00s
[162.593s][info][gc,start       ] GC(288) Pause Young (Allocation Failure)
[162.600s][info][gc,heap        ] GC(288) PSYoungGen: 153855K(154112K)->3423K(186880K) Eden: 152576K(152576K)->0K(183296K) From: 1279K(1536K)->3423K(3584K)
[162.600s][info][gc,heap        ] GC(288) ParOldGen: 568288K(568320K)->568304K(568320K)
[162.600s][info][gc,metaspace   ] GC(288) Metaspace: 56374K(56704K)->56374K(56704K) NonClass: 50756K(51008K)->50756K(51008K) Class: 5618K(5696K)->5618K(5696K)
[162.600s][info][gc             ] GC(288) Pause Young (Allocation Failure) 705M->558M(737M) 7.478ms
[162.600s][info][gc,cpu         ] GC(288) User=0.01s Sys=0.00s Real=0.00s
[163.071s][info][gc,start       ] GC(289) Pause Young (Allocation Failure)
[163.074s][info][gc,heap        ] GC(289) PSYoungGen: 186719K(186880K)->384K(177152K) Eden: 183296K(183296K)->0K(176640K) From: 3423K(3584K)->384K(512K)
[163.074s][info][gc,heap        ] GC(289) ParOldGen: 568304K(568320K)->568320K(568832K)
[163.074s][info][gc,metaspace   ] GC(289) Metaspace: 56374K(56704K)->56374K(56704K) NonClass: 50756K(51008K)->50756K(51008K) Class: 5618K(5696K)->5618K(5696K)
[163.074s][info][gc             ] GC(289) Pause Young (Allocation Failure) 737M->555M(728M) 2.653ms
[163.074s][info][gc,cpu         ] GC(289) User=0.01s Sys=0.00s Real=0.00s
[163.483s][info][gc,start       ] GC(290) Pause Young (Allocation Failure)
[163.487s][info][gc,heap        ] GC(290) PSYoungGen: 177024K(177152K)->1759K(174592K) Eden: 176640K(176640K)->0K(170496K) From: 384K(512K)->1759K(4096K)
[163.487s][info][gc,heap        ] GC(290) ParOldGen: 568320K(568832K)->568336K(568832K)
[163.487s][info][gc,metaspace   ] GC(290) Metaspace: 56374K(56704K)->56374K(56704K) NonClass: 50756K(51008K)->50756K(51008K) Class: 5618K(5696K)->5618K(5696K)
[163.487s][info][gc             ] GC(290) Pause Young (Allocation Failure) 727M->556M(726M) 3.833ms
[163.487s][info][gc,cpu         ] GC(290) User=0.00s Sys=0.00s Real=0.00s
[163.888s][info][gc,start       ] GC(291) Pause Young (Allocation Failure)
[163.892s][info][gc,heap        ] GC(291) PSYoungGen: 172255K(174592K)->2239K(166912K) Eden: 170496K(170496K)->0K(164352K) From: 1759K(4096K)->2239K(2560K)
[163.893s][info][gc,heap        ] GC(291) ParOldGen: 568336K(568832K)->568352K(568832K)
[163.893s][info][gc,metaspace   ] GC(291) Metaspace: 56374K(56704K)->56374K(56704K) NonClass: 50756K(51008K)->50756K(51008K) Class: 5618K(5696K)->5618K(5696K)
[163.893s][info][gc             ] GC(291) Pause Young (Allocation Failure) 723M->557M(718M) 4.644ms
[163.893s][info][gc,cpu         ] GC(291) User=0.00s Sys=0.00s Real=0.01s
[164.284s][info][gc,start       ] GC(292) Pause Young (Allocation Failure)
[164.288s][info][gc,heap        ] GC(292) PSYoungGen: 166591K(166912K)->1855K(160768K) Eden: 164352K(164352K)->0K(158720K) From: 2239K(2560K)->1855K(2048K)
[164.288s][info][gc,heap        ] GC(292) ParOldGen: 568352K(568832K)->568368K(568832K)
[164.288s][info][gc,metaspace   ] GC(292) Metaspace: 56374K(56704K)->56374K(56704K) NonClass: 50756K(51008K)->50756K(51008K) Class: 5618K(5696K)->5618K(5696K)
[164.288s][info][gc             ] GC(292) Pause Young (Allocation Failure) 717M->556M(712M) 4.005ms
[164.288s][info][gc,cpu         ] GC(292) User=0.00s Sys=0.00s Real=0.00s
[164.666s][info][gc,start       ] GC(293) Pause Young (Allocation Failure)
[164.668s][info][gc,heap        ] GC(293) PSYoungGen: 160561K(160768K)->64K(154112K) Eden: 158706K(158720K)->0K(153600K) From: 1855K(2048K)->64K(512K)
[164.668s][info][gc,heap        ] GC(293) ParOldGen: 568368K(568832K)->568384K(568832K)
[164.668s][info][gc,metaspace   ] GC(293) Metaspace: 56377K(56704K)->56377K(56704K) NonClass: 50758K(51008K)->50758K(51008K) Class: 5618K(5696K)->5618K(5696K)
[164.668s][info][gc             ] GC(293) Pause Young (Allocation Failure) 711M->555M(706M) 2.399ms
[164.668s][info][gc,cpu         ] GC(293) User=0.00s Sys=0.00s Real=0.00s
[165.002s][info][gc,start       ] GC(294) Pause Young (Allocation Failure)
[165.007s][info][gc,heap        ] GC(294) PSYoungGen: 153664K(154112K)->3231K(187904K) Eden: 153600K(153600K)->0K(184320K) From: 64K(512K)->3231K(3584K)
[165.007s][info][gc,heap        ] GC(294) ParOldGen: 568384K(568832K)->568400K(568832K)
[165.007s][info][gc,metaspace   ] GC(294) Metaspace: 56377K(56704K)->56377K(56704K) NonClass: 50758K(51008K)->50758K(51008K) Class: 5618K(5696K)->5618K(5696K)
[165.007s][info][gc             ] GC(294) Pause Young (Allocation Failure) 705M->558M(739M) 5.641ms
[165.007s][info][gc,cpu         ] GC(294) User=0.01s Sys=0.00s Real=0.00s
[165.422s][info][gc,start       ] GC(295) Pause Young (Allocation Failure)
[165.425s][info][gc,heap        ] GC(295) PSYoungGen: 187551K(187904K)->703K(178688K) Eden: 184320K(184320K)->0K(177664K) From: 3231K(3584K)->703K(1024K)
[165.425s][info][gc,heap        ] GC(295) ParOldGen: 568400K(568832K)->568416K(568832K)
[165.425s][info][gc,metaspace   ] GC(295) Metaspace: 56377K(56704K)->56377K(56704K) NonClass: 50758K(51008K)->50758K(51008K) Class: 5618K(5696K)->5618K(5696K)
[165.425s][info][gc             ] GC(295) Pause Young (Allocation Failure) 738M->555M(730M) 2.934ms
[165.425s][info][gc,cpu         ] GC(295) User=0.00s Sys=0.00s Real=0.00s
[165.879s][info][gc,start       ] GC(296) Pause Young (Allocation Failure)
[165.883s][info][gc,heap        ] GC(296) PSYoungGen: 178367K(178688K)->1695K(173568K) Eden: 177664K(177664K)->0K(171520K) From: 703K(1024K)->1695K(2048K)
[165.883s][info][gc,heap        ] GC(296) ParOldGen: 568416K(568832K)->568432K(568832K)
[165.883s][info][gc,metaspace   ] GC(296) Metaspace: 56377K(56704K)->56377K(56704K) NonClass: 50758K(51008K)->50758K(51008K) Class: 5618K(5696K)->5618K(5696K)
[165.883s][info][gc             ] GC(296) Pause Young (Allocation Failure) 729M->556M(725M) 3.875ms
[165.883s][info][gc,cpu         ] GC(296) User=0.01s Sys=0.00s Real=0.01s
[166.283s][info][gc,start       ] GC(297) Pause Young (Allocation Failure)
[166.288s][info][gc,heap        ] GC(297) PSYoungGen: 173215K(173568K)->2143K(167936K) Eden: 171520K(171520K)->0K(165376K) From: 1695K(2048K)->2143K(2560K)
[166.288s][info][gc,heap        ] GC(297) ParOldGen: 568432K(568832K)->568448K(568832K)
[166.288s][info][gc,metaspace   ] GC(297) Metaspace: 56377K(56704K)->56377K(56704K) NonClass: 50758K(51008K)->50758K(51008K) Class: 5618K(5696K)->5618K(5696K)
[166.288s][info][gc             ] GC(297) Pause Young (Allocation Failure) 724M->557M(719M) 4.413ms
[166.288s][info][gc,cpu         ] GC(297) User=0.01s Sys=0.00s Real=0.00s
[166.733s][info][gc,start       ] GC(298) Pause Young (Allocation Failure)
[166.760s][info][gc,heap        ] GC(298) PSYoungGen: 167519K(167936K)->1949K(200704K) Eden: 165376K(165376K)->0K(198656K) From: 2143K(2560K)->1949K(2048K)
[166.760s][info][gc,heap        ] GC(298) ParOldGen: 568448K(568832K)->568464K(568832K)
[166.760s][info][gc,metaspace   ] GC(298) Metaspace: 56377K(56704K)->56377K(56704K) NonClass: 50758K(51008K)->50758K(51008K) Class: 5618K(5696K)->5618K(5696K)
[166.760s][info][gc             ] GC(298) Pause Young (Allocation Failure) 718M->557M(751M) 27.257ms
[166.760s][info][gc,cpu         ] GC(298) User=0.01s Sys=0.01s Real=0.02s
[167.218s][info][gc,start       ] GC(299) Pause Young (Allocation Failure)
[167.222s][info][gc,heap        ] GC(299) PSYoungGen: 200605K(200704K)->2255K(241152K) Eden: 198656K(198656K)->0K(238592K) From: 1949K(2048K)->2255K(2560K)
[167.222s][info][gc,heap        ] GC(299) ParOldGen: 568464K(568832K)->568480K(568832K)
[167.222s][info][gc,metaspace   ] GC(299) Metaspace: 56377K(56704K)->56377K(56704K) NonClass: 50758K(51008K)->50758K(51008K) Class: 5618K(5696K)->5618K(5696K)
[167.222s][info][gc             ] GC(299) Pause Young (Allocation Failure) 751M->557M(791M) 3.963ms
[167.222s][info][gc,cpu         ] GC(299) User=0.01s Sys=0.00s Real=0.01s
[167.795s][info][gc,start       ] GC(300) Pause Young (Allocation Failure)
[167.801s][info][gc,heap        ] GC(300) PSYoungGen: 240847K(241152K)->3295K(269824K) Eden: 238592K(238592K)->0K(265728K) From: 2255K(2560K)->3295K(4096K)
[167.801s][info][gc,heap        ] GC(300) ParOldGen: 568480K(568832K)->569136K(569344K)
[167.801s][info][gc,metaspace   ] GC(300) Metaspace: 56377K(56704K)->56377K(56704K) NonClass: 50758K(51008K)->50758K(51008K) Class: 5618K(5696K)->5618K(5696K)
[167.801s][info][gc             ] GC(300) Pause Young (Allocation Failure) 790M->559M(819M) 6.024ms
[167.801s][info][gc,cpu         ] GC(300) User=0.01s Sys=0.00s Real=0.00s
[169.220s][info][gc,start       ] GC(301) Pause Young (Allocation Failure)
[169.222s][info][gc,heap        ] GC(301) PSYoungGen: 240442K(269824K)->64K(290304K) Eden: 237147K(265728K)->0K(286208K) From: 3295K(4096K)->64K(4096K)
[169.222s][info][gc,heap        ] GC(301) ParOldGen: 569136K(569344K)->569152K(569344K)
[169.222s][info][gc,metaspace   ] GC(301) Metaspace: 56385K(56704K)->56385K(56704K) NonClass: 50767K(51008K)->50767K(51008K) Class: 5618K(5696K)->5618K(5696K)
[169.222s][info][gc             ] GC(301) Pause Young (Allocation Failure) 790M->555M(839M) 2.500ms
[169.222s][info][gc,cpu         ] GC(301) User=0.01s Sys=0.00s Real=0.01s
[171.034s][info][gc,start       ] GC(302) Pause Young (Allocation Failure)
[171.098s][info][gc,heap        ] GC(302) PSYoungGen: 285956K(290304K)->4601K(290816K) Eden: 285892K(286208K)->0K(286208K) From: 64K(4096K)->4601K(4608K)
[171.098s][info][gc,heap        ] GC(302) ParOldGen: 569152K(569344K)->667031K(667648K)
[171.098s][info][gc,metaspace   ] GC(302) Metaspace: 56645K(56960K)->56645K(56960K) NonClass: 51026K(51264K)->51026K(51264K) Class: 5618K(5696K)->5618K(5696K)
[171.099s][info][gc             ] GC(302) Pause Young (Allocation Failure) 835M->655M(936M) 64.028ms
[171.099s][info][gc,cpu         ] GC(302) User=0.06s Sys=0.06s Real=0.06s
[171.695s][info][gc,start       ] GC(303) Pause Full (Allocation Failure)
[171.695s][info][gc,phases,start] GC(303) Marking Phase
[171.745s][info][gc,phases      ] GC(303) Marking Phase 49.637ms
[171.745s][info][gc,phases,start] GC(303) Summary Phase
[171.745s][info][gc,phases      ] GC(303) Summary Phase 0.055ms
[171.745s][info][gc,phases,start] GC(303) Forward
[171.753s][info][gc,phases      ] GC(303) Forward 7.864ms
[171.753s][info][gc,phases,start] GC(303) Adjust Pointers
[171.779s][info][gc,phases      ] GC(303) Adjust Pointers 26.554ms
[171.779s][info][gc,phases,start] GC(303) Compaction Phase
[171.802s][info][gc,phases      ] GC(303) Compaction Phase 22.273ms
[171.802s][info][gc,phases,start] GC(303) Post Compact
[171.817s][info][gc,phases      ] GC(303) Post Compact 14.925ms
[171.843s][info][gc,heap        ] GC(303) PSYoungGen: 290789K(290816K)->0K(292352K) Eden: 286188K(286208K)->0K(250880K) From: 4601K(4608K)->0K(41472K)
[171.843s][info][gc,heap        ] GC(303) ParOldGen: 667031K(667648K)->287891K(393216K)
[171.843s][info][gc,metaspace   ] GC(303) Metaspace: 56646K(56960K)->56646K(56960K) NonClass: 51027K(51264K)->51027K(51264K) Class: 5618K(5696K)->5618K(5696K)
[171.843s][info][gc             ] GC(303) Pause Full (Allocation Failure) 935M->281M(669M) 147.705ms
[171.843s][info][gc,cpu         ] GC(303) User=0.17s Sys=0.04s Real=0.15s
[172.291s][info][gc,start       ] GC(304) Pause Young (Allocation Failure)
[172.295s][info][gc,heap        ] GC(304) PSYoungGen: 250880K(292352K)->3166K(254464K) Eden: 250880K(250880K)->0K(250880K) From: 0K(41472K)->3166K(3584K)
[172.295s][info][gc,heap        ] GC(304) ParOldGen: 287891K(393216K)->287891K(393216K)
[172.295s][info][gc,metaspace   ] GC(304) Metaspace: 56646K(56960K)->56646K(56960K) NonClass: 51027K(51264K)->51027K(51264K) Class: 5618K(5696K)->5618K(5696K)
[172.295s][info][gc             ] GC(304) Pause Young (Allocation Failure) 526M->284M(632M) 4.650ms
[172.295s][info][gc,cpu         ] GC(304) User=0.01s Sys=0.00s Real=0.01s
[172.888s][info][gc,start       ] GC(305) Pause Young (Allocation Failure)
[172.892s][info][gc,heap        ] GC(305) PSYoungGen: 254046K(254464K)->1440K(291840K) Eden: 250880K(250880K)->0K(251904K) From: 3166K(3584K)->1440K(39936K)
[172.892s][info][gc,heap        ] GC(305) ParOldGen: 287891K(393216K)->288570K(393216K)
[172.892s][info][gc,metaspace   ] GC(305) Metaspace: 56646K(56960K)->56646K(56960K) NonClass: 51027K(51264K)->51027K(51264K) Class: 5618K(5696K)->5618K(5696K)
[172.892s][info][gc             ] GC(305) Pause Young (Allocation Failure) 529M->283M(669M) 4.177ms
[172.892s][info][gc,cpu         ] GC(305) User=0.01s Sys=0.00s Real=0.01s
[173.506s][info][gc,start       ] GC(306) Pause Young (Allocation Failure)
[173.511s][info][gc,heap        ] GC(306) PSYoungGen: 253344K(291840K)->2304K(290816K) Eden: 251904K(251904K)->0K(251904K) From: 1440K(39936K)->2304K(38912K)
[173.511s][info][gc,heap        ] GC(306) ParOldGen: 288570K(393216K)->288586K(393216K)
[173.511s][info][gc,metaspace   ] GC(306) Metaspace: 56646K(56960K)->56646K(56960K) NonClass: 51027K(51264K)->51027K(51264K) Class: 5618K(5696K)->5618K(5696K)
[173.511s][info][gc             ] GC(306) Pause Young (Allocation Failure) 529M->284M(668M) 4.346ms
[173.511s][info][gc,cpu         ] GC(306) User=0.01s Sys=0.00s Real=0.01s
[174.093s][info][gc,start       ] GC(307) Pause Young (Allocation Failure)
[174.099s][info][gc,heap        ] GC(307) PSYoungGen: 254208K(290816K)->2623K(292864K) Eden: 251904K(251904K)->0K(257024K) From: 2304K(38912K)->2623K(35840K)
[174.099s][info][gc,heap        ] GC(307) ParOldGen: 288586K(393216K)->288602K(393216K)
[174.099s][info][gc,metaspace   ] GC(307) Metaspace: 56646K(56960K)->56646K(56960K) NonClass: 51027K(51264K)->51027K(51264K) Class: 5618K(5696K)->5618K(5696K)
[174.099s][info][gc             ] GC(307) Pause Young (Allocation Failure) 530M->284M(670M) 5.568ms
[174.099s][info][gc,cpu         ] GC(307) User=0.01s Sys=0.00s Real=0.00s
[174.704s][info][gc,start       ] GC(308) Pause Young (Allocation Failure)
[174.709s][info][gc,heap        ] GC(308) PSYoungGen: 259647K(292864K)->2432K(292352K) Eden: 257024K(257024K)->0K(257024K) From: 2623K(35840K)->2432K(35328K)
[174.709s][info][gc,heap        ] GC(308) ParOldGen: 288602K(393216K)->288618K(393216K)
[174.709s][info][gc,metaspace   ] GC(308) Metaspace: 56646K(56960K)->56646K(56960K) NonClass: 51027K(51264K)->51027K(51264K) Class: 5618K(5696K)->5618K(5696K)
[174.709s][info][gc             ] GC(308) Pause Young (Allocation Failure) 535M->284M(669M) 4.652ms
[174.709s][info][gc,cpu         ] GC(308) User=0.01s Sys=0.00s Real=0.00s
[175.302s][info][gc,start       ] GC(309) Pause Young (Allocation Failure)
[175.308s][info][gc,heap        ] GC(309) PSYoungGen: 259456K(292352K)->2688K(296960K) Eden: 257024K(257024K)->0K(264192K) From: 2432K(35328K)->2688K(32768K)
[175.309s][info][gc,heap        ] GC(309) ParOldGen: 288618K(393216K)->288634K(393216K)
[175.309s][info][gc,metaspace   ] GC(309) Metaspace: 56646K(56960K)->56646K(56960K) NonClass: 51027K(51264K)->51027K(51264K) Class: 5618K(5696K)->5618K(5696K)
[175.309s][info][gc             ] GC(309) Pause Young (Allocation Failure) 535M->284M(674M) 6.217ms
[175.309s][info][gc,cpu         ] GC(309) User=0.01s Sys=0.01s Real=0.00s
[175.925s][info][gc,start       ] GC(310) Pause Young (Allocation Failure)
[175.927s][info][gc,heap        ] GC(310) PSYoungGen: 266880K(296960K)->799K(254976K) Eden: 264192K(264192K)->0K(253952K) From: 2688K(32768K)->799K(1024K)
[175.927s][info][gc,heap        ] GC(310) ParOldGen: 288634K(393216K)->288650K(393216K)
[175.927s][info][gc,metaspace   ] GC(310) Metaspace: 56646K(56960K)->56646K(56960K) NonClass: 51027K(51264K)->51027K(51264K) Class: 5618K(5696K)->5618K(5696K)
[175.927s][info][gc             ] GC(310) Pause Young (Allocation Failure) 542M->282M(633M) 2.221ms
[175.927s][info][gc,cpu         ] GC(310) User=0.00s Sys=0.00s Real=0.00s
[176.574s][info][gc,start       ] GC(311) Pause Young (Allocation Failure)
[176.576s][info][gc,heap        ] GC(311) PSYoungGen: 254751K(254976K)->991K(263168K) Eden: 253952K(253952K)->0K(244224K) From: 799K(1024K)->991K(18944K)
[176.576s][info][gc,heap        ] GC(311) ParOldGen: 288650K(393216K)->288666K(393216K)
[176.576s][info][gc,metaspace   ] GC(311) Metaspace: 56646K(56960K)->56646K(56960K) NonClass: 51027K(51264K)->51027K(51264K) Class: 5618K(5696K)->5618K(5696K)
[176.576s][info][gc             ] GC(311) Pause Young (Allocation Failure) 530M->282M(641M) 2.365ms
[176.576s][info][gc,cpu         ] GC(311) User=0.00s Sys=0.00s Real=0.00s
[177.126s][info][gc,start       ] GC(312) Pause Young (Allocation Failure)
[177.134s][info][gc,heap        ] GC(312) PSYoungGen: 245189K(263168K)->992K(236032K) Eden: 244198K(244224K)->0K(235008K) From: 991K(18944K)->992K(1024K)
[177.134s][info][gc,heap        ] GC(312) ParOldGen: 288666K(393216K)->288682K(393216K)
[177.134s][info][gc,metaspace   ] GC(312) Metaspace: 56646K(56960K)->56646K(56960K) NonClass: 51027K(51264K)->51027K(51264K) Class: 5618K(5696K)->5618K(5696K)
[177.134s][info][gc             ] GC(312) Pause Young (Allocation Failure) 521M->282M(614M) 7.455ms
[177.134s][info][gc,cpu         ] GC(312) User=0.01s Sys=0.00s Real=0.01s
[177.690s][info][gc,start       ] GC(313) Pause Young (Allocation Failure)
[177.696s][info][gc,heap        ] GC(313) PSYoungGen: 236000K(236032K)->2527K(242688K) Eden: 235008K(235008K)->0K(226304K) From: 992K(1024K)->2527K(16384K)
[177.696s][info][gc,heap        ] GC(313) ParOldGen: 288682K(393216K)->288698K(393216K)
[177.696s][info][gc,metaspace   ] GC(313) Metaspace: 56646K(56960K)->56646K(56960K) NonClass: 51027K(51264K)->51027K(51264K) Class: 5618K(5696K)->5618K(5696K)
[177.696s][info][gc             ] GC(313) Pause Young (Allocation Failure) 512M->284M(621M) 6.156ms
[177.696s][info][gc,cpu         ] GC(313) User=0.01s Sys=0.01s Real=0.01s
[178.267s][info][gc,start       ] GC(314) Pause Young (Allocation Failure)
[178.271s][info][gc,heap        ] GC(314) PSYoungGen: 228831K(242688K)->1375K(219648K) Eden: 226304K(226304K)->0K(218112K) From: 2527K(16384K)->1375K(1536K)
[178.271s][info][gc,heap        ] GC(314) ParOldGen: 288698K(393216K)->288714K(393216K)
[178.271s][info][gc,metaspace   ] GC(314) Metaspace: 56646K(56960K)->56646K(56960K) NonClass: 51027K(51264K)->51027K(51264K) Class: 5618K(5696K)->5618K(5696K)
[178.271s][info][gc             ] GC(314) Pause Young (Allocation Failure) 505M->283M(598M) 3.686ms
[178.271s][info][gc,cpu         ] GC(314) User=0.00s Sys=0.00s Real=0.01s
[178.777s][info][gc,start       ] GC(315) Pause Young (Allocation Failure)
[178.780s][info][gc,heap        ] GC(315) PSYoungGen: 219487K(219648K)->1375K(223744K) Eden: 218112K(218112K)->0K(209920K) From: 1375K(1536K)->1375K(13824K)
[178.780s][info][gc,heap        ] GC(315) ParOldGen: 288714K(393216K)->288730K(393216K)
[178.780s][info][gc,metaspace   ] GC(315) Metaspace: 56646K(56960K)->56646K(56960K) NonClass: 51027K(51264K)->51027K(51264K) Class: 5618K(5696K)->5618K(5696K)
[178.780s][info][gc             ] GC(315) Pause Young (Allocation Failure) 496M->283M(602M) 3.810ms
[178.780s][info][gc,cpu         ] GC(315) User=0.01s Sys=0.00s Real=0.00s
[179.340s][info][gc,start       ] GC(316) Pause Young (Allocation Failure)
[179.343s][info][gc,heap        ] GC(316) PSYoungGen: 211295K(223744K)->512K(202752K) Eden: 209920K(209920K)->0K(202240K) From: 1375K(13824K)->512K(512K)
[179.343s][info][gc,heap        ] GC(316) ParOldGen: 288730K(393216K)->288746K(393216K)
[179.343s][info][gc,metaspace   ] GC(316) Metaspace: 56646K(56960K)->56646K(56960K) NonClass: 51027K(51264K)->51027K(51264K) Class: 5618K(5696K)->5618K(5696K)
[179.343s][info][gc             ] GC(316) Pause Young (Allocation Failure) 488M->282M(582M) 2.935ms
[179.343s][info][gc,cpu         ] GC(316) User=0.00s Sys=0.00s Real=0.01s
[179.771s][info][gc,start       ] GC(317) Pause Young (Allocation Failure)
[179.773s][info][gc,heap        ] GC(317) PSYoungGen: 202752K(202752K)->288K(208384K) Eden: 202240K(202240K)->0K(195072K) From: 512K(512K)->288K(13312K)
[179.773s][info][gc,heap        ] GC(317) ParOldGen: 288746K(393216K)->288762K(393216K)
[179.773s][info][gc,metaspace   ] GC(317) Metaspace: 56646K(56960K)->56646K(56960K) NonClass: 51027K(51264K)->51027K(51264K) Class: 5618K(5696K)->5618K(5696K)
[179.773s][info][gc             ] GC(317) Pause Young (Allocation Failure) 479M->282M(587M) 2.436ms
[179.773s][info][gc,cpu         ] GC(317) User=0.00s Sys=0.00s Real=0.00s
[180.202s][info][gc,start       ] GC(318) Pause Young (Allocation Failure)
[180.206s][info][gc,heap        ] GC(318) PSYoungGen: 195360K(208384K)->2335K(190464K) Eden: 195072K(195072K)->0K(187904K) From: 288K(13312K)->2335K(2560K)
[180.206s][info][gc,heap        ] GC(318) ParOldGen: 288762K(393216K)->288778K(393216K)
[180.206s][info][gc,metaspace   ] GC(318) Metaspace: 56646K(56960K)->56646K(56960K) NonClass: 51027K(51264K)->51027K(51264K) Class: 5618K(5696K)->5618K(5696K)
[180.206s][info][gc             ] GC(318) Pause Young (Allocation Failure) 472M->284M(570M) 4.739ms
[180.207s][info][gc,cpu         ] GC(318) User=0.01s Sys=0.00s Real=0.00s
[180.679s][info][gc,start       ] GC(319) Pause Young (Allocation Failure)
[180.682s][info][gc,heap        ] GC(319) PSYoungGen: 190239K(190464K)->928K(192512K) Eden: 187904K(187904K)->0K(181248K) From: 2335K(2560K)->928K(11264K)
[180.682s][info][gc,heap        ] GC(319) ParOldGen: 288778K(393216K)->288794K(393216K)
[180.682s][info][gc,metaspace   ] GC(319) Metaspace: 56646K(56960K)->56646K(56960K) NonClass: 51027K(51264K)->51027K(51264K) Class: 5618K(5696K)->5618K(5696K)
[180.682s][info][gc             ] GC(319) Pause Young (Allocation Failure) 467M->282M(572M) 3.196ms
[180.682s][info][gc,cpu         ] GC(319) User=0.00s Sys=0.00s Real=0.01s
[181.095s][info][gc,start       ] GC(320) Pause Young (Allocation Failure)
[181.101s][info][gc,heap        ] GC(320) PSYoungGen: 181156K(192512K)->2751K(178176K) Eden: 180228K(181248K)->0K(175104K) From: 928K(11264K)->2751K(3072K)
[181.101s][info][gc,heap        ] GC(320) ParOldGen: 288794K(393216K)->288810K(393216K)
[181.101s][info][gc,metaspace   ] GC(320) Metaspace: 56646K(56960K)->56646K(56960K) NonClass: 51027K(51264K)->51027K(51264K) Class: 5618K(5696K)->5618K(5696K)
[181.101s][info][gc             ] GC(320) Pause Young (Allocation Failure) 458M->284M(558M) 5.176ms
[181.101s][info][gc,cpu         ] GC(320) User=0.01s Sys=0.00s Real=0.00s
[181.498s][info][gc,start       ] GC(321) Pause Young (Allocation Failure)
[181.502s][info][gc,heap        ] GC(321) PSYoungGen: 177855K(178176K)->2303K(177152K) Eden: 175104K(175104K)->0K(168960K) From: 2751K(3072K)->2303K(8192K)
[181.502s][info][gc,heap        ] GC(321) ParOldGen: 288810K(393216K)->288826K(393216K)
[181.502s][info][gc,metaspace   ] GC(321) Metaspace: 56646K(56960K)->56646K(56960K) NonClass: 51027K(51264K)->51027K(51264K) Class: 5618K(5696K)->5618K(5696K)
[181.502s][info][gc             ] GC(321) Pause Young (Allocation Failure) 455M->284M(557M) 4.492ms
[181.502s][info][gc,cpu         ] GC(321) User=0.00s Sys=0.01s Real=0.01s
[181.894s][info][gc,start       ] GC(322) Pause Young (Allocation Failure)
[181.899s][info][gc,heap        ] GC(322) PSYoungGen: 171178K(177152K)->2975K(166400K) Eden: 168874K(168960K)->0K(163328K) From: 2303K(8192K)->2975K(3072K)
[181.899s][info][gc,heap        ] GC(322) ParOldGen: 288826K(393216K)->288842K(393216K)
[181.899s][info][gc,metaspace   ] GC(322) Metaspace: 56646K(56960K)->56646K(56960K) NonClass: 51027K(51264K)->51027K(51264K) Class: 5618K(5696K)->5618K(5696K)
[181.899s][info][gc             ] GC(322) Pause Young (Allocation Failure) 449M->284M(546M) 5.339ms
[181.899s][info][gc,cpu         ] GC(322) User=0.01s Sys=0.00s Real=0.00s
[182.350s][info][gc,start       ] GC(323) Pause Young (Allocation Failure)
[182.354s][info][gc,heap        ] GC(323) PSYoungGen: 166303K(166400K)->1855K(164864K) Eden: 163328K(163328K)->0K(157696K) From: 2975K(3072K)->1855K(7168K)
[182.354s][info][gc,heap        ] GC(323) ParOldGen: 288842K(393216K)->288858K(393216K)
[182.354s][info][gc,metaspace   ] GC(323) Metaspace: 56646K(56960K)->56646K(56960K) NonClass: 51027K(51264K)->51027K(51264K) Class: 5618K(5696K)->5618K(5696K)
[182.354s][info][gc             ] GC(323) Pause Young (Allocation Failure) 444M->283M(545M) 3.901ms
[182.354s][info][gc,cpu         ] GC(323) User=0.01s Sys=0.00s Real=0.01s
[182.680s][info][gc,start       ] GC(324) Pause Young (Allocation Failure)
[182.683s][info][gc,heap        ] GC(324) PSYoungGen: 159551K(164864K)->1295K(154112K) Eden: 157696K(157696K)->0K(152576K) From: 1855K(7168K)->1295K(1536K)
[182.683s][info][gc,heap        ] GC(324) ParOldGen: 288858K(393216K)->288874K(393216K)
[182.683s][info][gc,metaspace   ] GC(324) Metaspace: 56646K(56960K)->56646K(56960K) NonClass: 51027K(51264K)->51027K(51264K) Class: 5618K(5696K)->5618K(5696K)
[182.683s][info][gc             ] GC(324) Pause Young (Allocation Failure) 437M->283M(534M) 3.188ms
[182.683s][info][gc,cpu         ] GC(324) User=0.01s Sys=0.00s Real=0.01s
[183.009s][info][gc,start       ] GC(325) Pause Young (Allocation Failure)
[183.014s][info][gc,heap        ] GC(325) PSYoungGen: 153871K(154112K)->2304K(153600K) Eden: 152576K(152576K)->0K(147456K) From: 1295K(1536K)->2304K(6144K)
[183.014s][info][gc,heap        ] GC(325) ParOldGen: 288874K(393216K)->288890K(393216K)
[183.014s][info][gc,metaspace   ] GC(325) Metaspace: 56646K(56960K)->56646K(56960K) NonClass: 51027K(51264K)->51027K(51264K) Class: 5618K(5696K)->5618K(5696K)
[183.014s][info][gc             ] GC(325) Pause Young (Allocation Failure) 432M->284M(534M) 4.839ms
[183.014s][info][gc,cpu         ] GC(325) User=0.01s Sys=0.00s Real=0.01s
[183.447s][info][gc,start       ] GC(326) Pause Young (Allocation Failure)
[183.451s][info][gc,heap        ] GC(326) PSYoungGen: 149728K(153600K)->960K(143872K) Eden: 147424K(147456K)->0K(142848K) From: 2304K(6144K)->960K(1024K)
[183.451s][info][gc,heap        ] GC(326) ParOldGen: 288890K(393216K)->288906K(393216K)
[183.451s][info][gc,metaspace   ] GC(326) Metaspace: 56646K(56960K)->56646K(56960K) NonClass: 51027K(51264K)->51027K(51264K) Class: 5618K(5696K)->5618K(5696K)
[183.451s][info][gc             ] GC(326) Pause Young (Allocation Failure) 428M->283M(524M) 3.225ms
[183.451s][info][gc,cpu         ] GC(326) User=0.00s Sys=0.00s Real=0.00s
[183.697s][info][gc,start       ] GC(327) Pause Young (Allocation Failure)
[183.701s][info][gc,heap        ] GC(327) PSYoungGen: 143808K(143872K)->1856K(155648K) Eden: 142848K(142848K)->0K(143872K) From: 960K(1024K)->1856K(11776K)
[183.701s][info][gc,heap        ] GC(327) ParOldGen: 288906K(393216K)->288922K(393216K)
[183.701s][info][gc,metaspace   ] GC(327) Metaspace: 56646K(56960K)->56646K(56960K) NonClass: 51027K(51264K)->51027K(51264K) Class: 5618K(5696K)->5618K(5696K)
[183.701s][info][gc             ] GC(327) Pause Young (Allocation Failure) 422M->283M(536M) 3.826ms
[183.701s][info][gc,cpu         ] GC(327) User=0.00s Sys=0.00s Real=0.01s
[184.017s][info][gc,start       ] GC(328) Pause Young (Allocation Failure)
[184.020s][info][gc,heap        ] GC(328) PSYoungGen: 145673K(155648K)->608K(140288K) Eden: 143817K(143872K)->0K(139264K) From: 1856K(11776K)->608K(1024K)
[184.020s][info][gc,heap        ] GC(328) ParOldGen: 288922K(393216K)->288938K(393216K)
[184.020s][info][gc,metaspace   ] GC(328) Metaspace: 56646K(56960K)->56646K(56960K) NonClass: 51027K(51264K)->51027K(51264K) Class: 5618K(5696K)->5618K(5696K)
[184.020s][info][gc             ] GC(328) Pause Young (Allocation Failure) 424M->282M(521M) 2.801ms
[184.020s][info][gc,cpu         ] GC(328) User=0.00s Sys=0.00s Real=0.00s
[184.381s][info][gc,start       ] GC(329) Pause Young (Allocation Failure)
[184.385s][info][gc,heap        ] GC(329) PSYoungGen: 139816K(140288K)->1983K(139264K) Eden: 139208K(139264K)->0K(134656K) From: 608K(1024K)->1983K(4608K)
[184.385s][info][gc,heap        ] GC(329) ParOldGen: 288938K(393216K)->288954K(393216K)
[184.385s][info][gc,metaspace   ] GC(329) Metaspace: 56646K(56960K)->56646K(56960K) NonClass: 51027K(51264K)->51027K(51264K) Class: 5618K(5696K)->5618K(5696K)
[184.385s][info][gc             ] GC(329) Pause Young (Allocation Failure) 418M->284M(520M) 4.019ms
[184.385s][info][gc,cpu         ] GC(329) User=0.01s Sys=0.00s Real=0.00s
[184.731s][info][gc,start       ] GC(330) Pause Young (Allocation Failure)
[184.735s][info][gc,heap        ] GC(330) PSYoungGen: 136639K(139264K)->1728K(132608K) Eden: 134656K(134656K)->0K(130560K) From: 1983K(4608K)->1728K(2048K)
[184.735s][info][gc,heap        ] GC(330) ParOldGen: 288954K(393216K)->288970K(393216K)
[184.735s][info][gc,metaspace   ] GC(330) Metaspace: 56646K(56960K)->56646K(56960K) NonClass: 51027K(51264K)->51027K(51264K) Class: 5618K(5696K)->5618K(5696K)
[184.735s][info][gc             ] GC(330) Pause Young (Allocation Failure) 415M->283M(513M) 3.942ms
[184.735s][info][gc,cpu         ] GC(330) User=0.01s Sys=0.00s Real=0.00s
[184.992s][info][gc,start       ] GC(331) Pause Young (Allocation Failure)
[184.997s][info][gc,heap        ] GC(331) PSYoungGen: 132288K(132608K)->3135K(141312K) Eden: 130560K(130560K)->0K(132096K) From: 1728K(2048K)->3135K(9216K)
[184.997s][info][gc,heap        ] GC(331) ParOldGen: 288970K(393216K)->288986K(393216K)
[184.997s][info][gc,metaspace   ] GC(331) Metaspace: 56646K(56960K)->56646K(56960K) NonClass: 51027K(51264K)->51027K(51264K) Class: 5618K(5696K)->5618K(5696K)
[184.997s][info][gc             ] GC(331) Pause Young (Allocation Failure) 411M->285M(522M) 4.970ms
[184.997s][info][gc,cpu         ] GC(331) User=0.00s Sys=0.00s Real=0.00s
[185.303s][info][gc,start       ] GC(332) Pause Young (Allocation Failure)
[185.307s][info][gc,heap        ] GC(332) PSYoungGen: 135035K(141312K)->1952K(140800K) Eden: 131900K(132096K)->0K(132096K) From: 3135K(9216K)->1952K(8704K)
[185.307s][info][gc,heap        ] GC(332) ParOldGen: 288986K(393216K)->289002K(393216K)
[185.307s][info][gc,metaspace   ] GC(332) Metaspace: 56646K(56960K)->56646K(56960K) NonClass: 51027K(51264K)->51027K(51264K) Class: 5618K(5696K)->5618K(5696K)
[185.307s][info][gc             ] GC(332) Pause Young (Allocation Failure) 414M->284M(521M) 3.816ms
[185.307s][info][gc,cpu         ] GC(332) User=0.01s Sys=0.00s Real=0.00s
[185.625s][info][gc,start       ] GC(333) Pause Young (Allocation Failure)
[185.627s][info][gc,heap        ] GC(333) PSYoungGen: 133989K(140800K)->736K(165376K) Eden: 132037K(132096K)->0K(157184K) From: 1952K(8704K)->736K(8192K)
[185.627s][info][gc,heap        ] GC(333) ParOldGen: 289002K(393216K)->289018K(393216K)
[185.627s][info][gc,metaspace   ] GC(333) Metaspace: 56646K(56960K)->56646K(56960K) NonClass: 51027K(51264K)->51027K(51264K) Class: 5618K(5696K)->5618K(5696K)
[185.627s][info][gc             ] GC(333) Pause Young (Allocation Failure) 413M->282M(545M) 2.557ms
[185.627s][info][gc,cpu         ] GC(333) User=0.00s Sys=0.00s Real=0.00s
[186.007s][info][gc,start       ] GC(334) Pause Young (Allocation Failure)
[186.013s][info][gc,heap        ] GC(334) PSYoungGen: 157920K(165376K)->3135K(165376K) Eden: 157184K(157184K)->0K(157184K) From: 736K(8192K)->3135K(8192K)
[186.013s][info][gc,heap        ] GC(334) ParOldGen: 289018K(393216K)->289034K(393216K)
[186.013s][info][gc,metaspace   ] GC(334) Metaspace: 56646K(56960K)->56646K(56960K) NonClass: 51027K(51264K)->51027K(51264K) Class: 5618K(5696K)->5618K(5696K)
[186.014s][info][gc             ] GC(334) Pause Young (Allocation Failure) 436M->285M(545M) 6.257ms
[186.014s][info][gc,cpu         ] GC(334) User=0.01s Sys=0.01s Real=0.01s
[186.391s][info][gc,start       ] GC(335) Pause Young (Allocation Failure)
[186.395s][info][gc,heap        ] GC(335) PSYoungGen: 160319K(165376K)->1919K(194048K) Eden: 157184K(157184K)->0K(187392K) From: 3135K(8192K)->1919K(6656K)
[186.395s][info][gc,heap        ] GC(335) ParOldGen: 289034K(393216K)->289050K(393216K)
[186.395s][info][gc,metaspace   ] GC(335) Metaspace: 56646K(56960K)->56646K(56960K) NonClass: 51027K(51264K)->51027K(51264K) Class: 5618K(5696K)->5618K(5696K)
[186.395s][info][gc             ] GC(335) Pause Young (Allocation Failure) 438M->284M(573M) 4.187ms
[186.395s][info][gc,cpu         ] GC(335) User=0.01s Sys=0.00s Real=0.01s
[186.838s][info][gc,start       ] GC(336) Pause Young (Allocation Failure)
[186.840s][info][gc,heap        ] GC(336) PSYoungGen: 189275K(194048K)->288K(194560K) Eden: 187355K(187392K)->0K(187392K) From: 1919K(6656K)->288K(7168K)
[186.840s][info][gc,heap        ] GC(336) ParOldGen: 289050K(393216K)->289066K(393216K)
[186.840s][info][gc,metaspace   ] GC(336) Metaspace: 56646K(56960K)->56646K(56960K) NonClass: 51027K(51264K)->51027K(51264K) Class: 5618K(5696K)->5618K(5696K)
[186.840s][info][gc             ] GC(336) Pause Young (Allocation Failure) 467M->282M(574M) 2.104ms
[186.840s][info][gc,cpu         ] GC(336) User=0.00s Sys=0.00s Real=0.00s
[187.291s][info][gc,start       ] GC(337) Pause Young (Allocation Failure)
[187.296s][info][gc,heap        ] GC(337) PSYoungGen: 187680K(194560K)->2783K(229888K) Eden: 187392K(187392K)->0K(222720K) From: 288K(7168K)->2783K(7168K)
[187.296s][info][gc,heap        ] GC(337) ParOldGen: 289066K(393216K)->289082K(393216K)
[187.296s][info][gc,metaspace   ] GC(337) Metaspace: 56646K(56960K)->56646K(56960K) NonClass: 51027K(51264K)->51027K(51264K) Class: 5618K(5696K)->5618K(5696K)
[187.296s][info][gc             ] GC(337) Pause Young (Allocation Failure) 465M->285M(608M) 5.630ms
[187.296s][info][gc,cpu         ] GC(337) User=0.00s Sys=0.01s Real=0.01s
[187.837s][info][gc,start       ] GC(338) Pause Young (Allocation Failure)
[187.839s][info][gc,heap        ] GC(338) PSYoungGen: 225503K(229888K)->957K(215552K) Eden: 222720K(222720K)->0K(214528K) From: 2783K(7168K)->957K(1024K)
[187.839s][info][gc,heap        ] GC(338) ParOldGen: 289082K(393216K)->289098K(393216K)
[187.839s][info][gc,metaspace   ] GC(338) Metaspace: 56646K(56960K)->56646K(56960K) NonClass: 51027K(51264K)->51027K(51264K) Class: 5618K(5696K)->5618K(5696K)
[187.839s][info][gc             ] GC(338) Pause Young (Allocation Failure) 502M->283M(594M) 2.535ms
[187.839s][info][gc,cpu         ] GC(338) User=0.01s Sys=0.00s Real=0.00s
[188.316s][info][gc,start       ] GC(339) Pause Young (Allocation Failure)
[188.319s][info][gc,heap        ] GC(339) PSYoungGen: 215485K(215552K)->1279K(208384K) Eden: 214528K(214528K)->0K(206848K) From: 957K(1024K)->1279K(1536K)
[188.319s][info][gc,heap        ] GC(339) ParOldGen: 289098K(393216K)->289114K(393216K)
[188.319s][info][gc,metaspace   ] GC(339) Metaspace: 56646K(56960K)->56646K(56960K) NonClass: 51027K(51264K)->51027K(51264K) Class: 5618K(5696K)->5618K(5696K)
[188.319s][info][gc             ] GC(339) Pause Young (Allocation Failure) 492M->283M(587M) 3.261ms
[188.319s][info][gc,cpu         ] GC(339) User=0.01s Sys=0.00s Real=0.00s
[188.816s][info][gc,start       ] GC(340) Pause Young (Allocation Failure)
[188.819s][info][gc,heap        ] GC(340) PSYoungGen: 208033K(208384K)->1312K(200704K) Eden: 206754K(206848K)->0K(199168K) From: 1279K(1536K)->1312K(1536K)
[188.819s][info][gc,heap        ] GC(340) ParOldGen: 289114K(393216K)->289130K(393216K)
[188.819s][info][gc,metaspace   ] GC(340) Metaspace: 56646K(56960K)->56646K(56960K) NonClass: 51027K(51264K)->51027K(51264K) Class: 5618K(5696K)->5618K(5696K)
[188.819s][info][gc             ] GC(340) Pause Young (Allocation Failure) 485M->283M(580M) 3.141ms
[188.819s][info][gc,cpu         ] GC(340) User=0.01s Sys=0.00s Real=0.00s
[189.293s][info][gc,start       ] GC(341) Pause Young (Allocation Failure)
[189.298s][info][gc,heap        ] GC(341) PSYoungGen: 200480K(200704K)->3263K(195584K) Eden: 199168K(199168K)->0K(192000K) From: 1312K(1536K)->3263K(3584K)
[189.298s][info][gc,heap        ] GC(341) ParOldGen: 289130K(393216K)->289146K(393216K)
[189.298s][info][gc,metaspace   ] GC(341) Metaspace: 56646K(56960K)->56646K(56960K) NonClass: 51027K(51264K)->51027K(51264K) Class: 5618K(5696K)->5618K(5696K)
[189.298s][info][gc             ] GC(341) Pause Young (Allocation Failure) 478M->285M(575M) 5.312ms
[189.298s][info][gc,cpu         ] GC(341) User=0.01s Sys=0.00s Real=0.00s
[189.777s][info][gc,start       ] GC(342) Pause Young (Allocation Failure)
[189.780s][info][gc,heap        ] GC(342) PSYoungGen: 195263K(195584K)->1024K(186368K) Eden: 192000K(192000K)->0K(185344K) From: 3263K(3584K)->1024K(1024K)
[189.780s][info][gc,heap        ] GC(342) ParOldGen: 289146K(393216K)->289162K(393216K)
[189.780s][info][gc,metaspace   ] GC(342) Metaspace: 56646K(56960K)->56646K(56960K) NonClass: 51027K(51264K)->51027K(51264K) Class: 5618K(5696K)->5618K(5696K)
[189.780s][info][gc             ] GC(342) Pause Young (Allocation Failure) 473M->283M(566M) 2.922ms
[189.780s][info][gc,cpu         ] GC(342) User=0.00s Sys=0.00s Real=0.00s
[190.196s][info][gc,start       ] GC(343) Pause Young (Allocation Failure)
[190.200s][info][gc,heap        ] GC(343) PSYoungGen: 186368K(186368K)->3039K(181760K) Eden: 185344K(185344K)->0K(178688K) From: 1024K(1024K)->3039K(3072K)
[190.200s][info][gc,heap        ] GC(343) ParOldGen: 289162K(393216K)->289178K(393216K)
[190.200s][info][gc,metaspace   ] GC(343) Metaspace: 56646K(56960K)->56646K(56960K) NonClass: 51027K(51264K)->51027K(51264K) Class: 5618K(5696K)->5618K(5696K)
[190.200s][info][gc             ] GC(343) Pause Young (Allocation Failure) 464M->285M(561M) 4.929ms
[190.200s][info][gc,cpu         ] GC(343) User=0.01s Sys=0.00s Real=0.00s
[190.608s][info][gc,start       ] GC(344) Pause Young (Allocation Failure)
[190.612s][info][gc,heap        ] GC(344) PSYoungGen: 181475K(181760K)->1472K(174080K) Eden: 178436K(178688K)->0K(172544K) From: 3039K(3072K)->1472K(1536K)
[190.612s][info][gc,heap        ] GC(344) ParOldGen: 289178K(393216K)->289194K(393216K)
[190.612s][info][gc,metaspace   ] GC(344) Metaspace: 56646K(56960K)->56646K(56960K) NonClass: 51027K(51264K)->51027K(51264K) Class: 5618K(5696K)->5618K(5696K)
[190.612s][info][gc             ] GC(344) Pause Young (Allocation Failure) 459M->283M(554M) 3.450ms
[190.612s][info][gc,cpu         ] GC(344) User=0.00s Sys=0.00s Real=0.01s
[191.015s][info][gc,start       ] GC(345) Pause Young (Allocation Failure)
[191.018s][info][gc,heap        ] GC(345) PSYoungGen: 173853K(174080K)->1152K(167936K) Eden: 172381K(172544K)->0K(166400K) From: 1472K(1536K)->1152K(1536K)
[191.018s][info][gc,heap        ] GC(345) ParOldGen: 289194K(393216K)->289210K(393216K)
[191.018s][info][gc,metaspace   ] GC(345) Metaspace: 56646K(56960K)->56646K(56960K) NonClass: 51027K(51264K)->51027K(51264K) Class: 5618K(5696K)->5618K(5696K)
[191.018s][info][gc             ] GC(345) Pause Young (Allocation Failure) 452M->283M(548M) 3.171ms
[191.018s][info][gc,cpu         ] GC(345) User=0.00s Sys=0.00s Real=0.00s
[191.412s][info][gc,start       ] GC(346) Pause Young (Allocation Failure)
[191.416s][info][gc,heap        ] GC(346) PSYoungGen: 167280K(167936K)->2159K(163328K) Eden: 166128K(166400K)->0K(160768K) From: 1152K(1536K)->2159K(2560K)
[191.416s][info][gc,heap        ] GC(346) ParOldGen: 289210K(393216K)->289226K(393216K)
[191.416s][info][gc,metaspace   ] GC(346) Metaspace: 56646K(56960K)->56646K(56960K) NonClass: 51027K(51264K)->51027K(51264K) Class: 5618K(5696K)->5618K(5696K)
[191.416s][info][gc             ] GC(346) Pause Young (Allocation Failure) 445M->284M(543M) 3.796ms
[191.416s][info][gc,cpu         ] GC(346) User=0.01s Sys=0.00s Real=0.00s
[191.797s][info][gc,start       ] GC(347) Pause Young (Allocation Failure)
[191.802s][info][gc,heap        ] GC(347) PSYoungGen: 162927K(163328K)->2816K(158208K) Eden: 160768K(160768K)->0K(155136K) From: 2159K(2560K)->2816K(3072K)
[191.802s][info][gc,heap        ] GC(347) ParOldGen: 289226K(393216K)->289242K(393216K)
[191.802s][info][gc,metaspace   ] GC(347) Metaspace: 56646K(56960K)->56646K(56960K) NonClass: 51027K(51264K)->51027K(51264K) Class: 5618K(5696K)->5618K(5696K)
[191.802s][info][gc             ] GC(347) Pause Young (Allocation Failure) 441M->285M(538M) 4.926ms
[191.802s][info][gc,cpu         ] GC(347) User=0.01s Sys=0.00s Real=0.01s
[192.217s][info][gc,start       ] GC(348) Pause Young (Allocation Failure)
[192.230s][info][gc,heap        ] GC(348) PSYoungGen: 157952K(158208K)->2910K(187904K) Eden: 155136K(155136K)->0K(184832K) From: 2816K(3072K)->2910K(3072K)
[192.230s][info][gc,heap        ] GC(348) ParOldGen: 289242K(393216K)->289258K(393216K)
[192.230s][info][gc,metaspace   ] GC(348) Metaspace: 56646K(56960K)->56646K(56960K) NonClass: 51027K(51264K)->51027K(51264K) Class: 5618K(5696K)->5618K(5696K)
[192.230s][info][gc             ] GC(348) Pause Young (Allocation Failure) 436M->285M(567M) 12.662ms
[192.230s][info][gc,cpu         ] GC(348) User=0.01s Sys=0.00s Real=0.01s
[192.605s][info][gc,start       ] GC(349) Pause Young (Allocation Failure)
[192.610s][info][gc,heap        ] GC(349) PSYoungGen: 187622K(187904K)->2080K(198144K) Eden: 184711K(184832K)->0K(193536K) From: 2910K(3072K)->2080K(4608K)
[192.610s][info][gc,heap        ] GC(349) ParOldGen: 289258K(393216K)->289274K(393216K)
[192.610s][info][gc,metaspace   ] GC(349) Metaspace: 56646K(56960K)->56646K(56960K) NonClass: 51027K(51264K)->51027K(51264K) Class: 5618K(5696K)->5618K(5696K)
[192.610s][info][gc             ] GC(349) Pause Young (Allocation Failure) 465M->284M(577M) 4.830ms
[192.610s][info][gc,cpu         ] GC(349) User=0.01s Sys=0.00s Real=0.00s
[193.090s][info][gc,start       ] GC(350) Pause Young (Allocation Failure)
[193.092s][info][gc,heap        ] GC(350) PSYoungGen: 195616K(198144K)->1118K(198656K) Eden: 193536K(193536K)->0K(193536K) From: 2080K(4608K)->1118K(5120K)
[193.092s][info][gc,heap        ] GC(350) ParOldGen: 289274K(393216K)->289290K(393216K)
[193.093s][info][gc,metaspace   ] GC(350) Metaspace: 56646K(56960K)->56646K(56960K) NonClass: 51027K(51264K)->51027K(51264K) Class: 5618K(5696K)->5618K(5696K)
[193.093s][info][gc             ] GC(350) Pause Young (Allocation Failure) 473M->283M(578M) 2.804ms
[193.093s][info][gc,cpu         ] GC(350) User=0.00s Sys=0.00s Real=0.01s
[193.566s][info][gc,start       ] GC(351) Pause Young (Allocation Failure)
[193.568s][info][gc,heap        ] GC(351) PSYoungGen: 194647K(198656K)->352K(234496K) Eden: 193529K(193536K)->0K(229888K) From: 1118K(5120K)->352K(4608K)
[193.568s][info][gc,heap        ] GC(351) ParOldGen: 289290K(393216K)->289306K(393216K)
[193.568s][info][gc,metaspace   ] GC(351) Metaspace: 56646K(56960K)->56646K(56960K) NonClass: 51027K(51264K)->51027K(51264K) Class: 5618K(5696K)->5618K(5696K)
[193.568s][info][gc             ] GC(351) Pause Young (Allocation Failure) 472M->282M(613M) 2.123ms
[193.568s][info][gc,cpu         ] GC(351) User=0.01s Sys=0.00s Real=0.00s
[194.108s][info][gc,start       ] GC(352) Pause Young (Allocation Failure)
[194.113s][info][gc,heap        ] GC(352) PSYoungGen: 230240K(234496K)->2462K(223744K) Eden: 229888K(229888K)->0K(221184K) From: 352K(4608K)->2462K(2560K)
[194.113s][info][gc,heap        ] GC(352) ParOldGen: 289306K(393216K)->289322K(393216K)
[194.113s][info][gc,metaspace   ] GC(352) Metaspace: 56646K(56960K)->56646K(56960K) NonClass: 51027K(51264K)->51027K(51264K) Class: 5618K(5696K)->5618K(5696K)
[194.113s][info][gc             ] GC(352) Pause Young (Allocation Failure) 507M->284M(602M) 4.672ms
[194.113s][info][gc,cpu         ] GC(352) User=0.01s Sys=0.00s Real=0.01s
[194.606s][info][gc,start       ] GC(353) Pause Young (Allocation Failure)
[194.611s][info][gc,heap        ] GC(353) PSYoungGen: 223646K(223744K)->2399K(231424K) Eden: 221184K(221184K)->0K(227840K) From: 2462K(2560K)->2399K(3584K)
[194.611s][info][gc,heap        ] GC(353) ParOldGen: 289322K(393216K)->289338K(393216K)
[194.611s][info][gc,metaspace   ] GC(353) Metaspace: 56646K(56960K)->56646K(56960K) NonClass: 51027K(51264K)->51027K(51264K) Class: 5618K(5696K)->5618K(5696K)
[194.611s][info][gc             ] GC(353) Pause Young (Allocation Failure) 500M->284M(610M) 5.120ms
[194.611s][info][gc,cpu         ] GC(353) User=0.00s Sys=0.01s Real=0.01s
[195.178s][info][gc,start       ] GC(354) Pause Young (Allocation Failure)
[195.181s][info][gc,heap        ] GC(354) PSYoungGen: 230239K(231424K)->1599K(221184K) Eden: 227840K(227840K)->0K(219136K) From: 2399K(3584K)->1599K(2048K)
[195.181s][info][gc,heap        ] GC(354) ParOldGen: 289338K(393216K)->289354K(393216K)
[195.181s][info][gc,metaspace   ] GC(354) Metaspace: 56646K(56960K)->56646K(56960K) NonClass: 51027K(51264K)->51027K(51264K) Class: 5618K(5696K)->5618K(5696K)
[195.181s][info][gc             ] GC(354) Pause Young (Allocation Failure) 507M->284M(600M) 3.239ms
[195.181s][info][gc,cpu         ] GC(354) User=0.01s Sys=0.00s Real=0.01s
[195.794s][info][gc,start       ] GC(355) Pause Young (Allocation Failure)
[195.798s][info][gc,heap        ] GC(355) PSYoungGen: 220735K(221184K)->2719K(214016K) Eden: 219136K(219136K)->0K(210944K) From: 1599K(2048K)->2719K(3072K)
[195.798s][info][gc,heap        ] GC(355) ParOldGen: 289354K(393216K)->289370K(393216K)
[195.798s][info][gc,metaspace   ] GC(355) Metaspace: 56646K(56960K)->56646K(56960K) NonClass: 51027K(51264K)->51027K(51264K) Class: 5618K(5696K)->5618K(5696K)
[195.798s][info][gc             ] GC(355) Pause Young (Allocation Failure) 498M->285M(593M) 4.581ms
[195.798s][info][gc,cpu         ] GC(355) User=0.01s Sys=0.00s Real=0.00s
[196.290s][info][gc,start       ] GC(356) Pause Young (Allocation Failure)
[196.294s][info][gc,heap        ] GC(356) PSYoungGen: 213663K(214016K)->1855K(205312K) Eden: 210944K(210944K)->0K(203264K) From: 2719K(3072K)->1855K(2048K)
[196.294s][info][gc,heap        ] GC(356) ParOldGen: 289370K(393216K)->289386K(393216K)
[196.294s][info][gc,metaspace   ] GC(356) Metaspace: 56646K(56960K)->56646K(56960K) NonClass: 51027K(51264K)->51027K(51264K) Class: 5618K(5696K)->5618K(5696K)
[196.294s][info][gc             ] GC(356) Pause Young (Allocation Failure) 491M->284M(584M) 3.620ms
[196.294s][info][gc,cpu         ] GC(356) User=0.00s Sys=0.00s Real=0.01s
[196.781s][info][gc,start       ] GC(357) Pause Young (Allocation Failure)
[196.784s][info][gc,heap        ] GC(357) PSYoungGen: 205119K(205312K)->1535K(197632K) Eden: 203264K(203264K)->0K(196096K) From: 1855K(2048K)->1535K(1536K)
[196.784s][info][gc,heap        ] GC(357) ParOldGen: 289386K(393216K)->289402K(393216K)
[196.784s][info][gc,metaspace   ] GC(357) Metaspace: 56646K(56960K)->56646K(56960K) NonClass: 51027K(51264K)->51027K(51264K) Class: 5618K(5696K)->5618K(5696K)
[196.784s][info][gc             ] GC(357) Pause Young (Allocation Failure) 482M->284M(577M) 3.285ms
[196.784s][info][gc,cpu         ] GC(357) User=0.01s Sys=0.00s Real=0.00s
[197.213s][info][gc,start       ] GC(358) Pause Young (Allocation Failure)
[197.216s][info][gc,heap        ] GC(358) PSYoungGen: 197631K(197632K)->1854K(190976K) Eden: 196096K(196096K)->0K(188928K) From: 1535K(1536K)->1854K(2048K)
[197.216s][info][gc,heap        ] GC(358) ParOldGen: 289402K(393216K)->289418K(393216K)
[197.216s][info][gc,metaspace   ] GC(358) Metaspace: 56646K(56960K)->56646K(56960K) NonClass: 51027K(51264K)->51027K(51264K) Class: 5618K(5696K)->5618K(5696K)
[197.216s][info][gc             ] GC(358) Pause Young (Allocation Failure) 475M->284M(570M) 3.176ms
[197.216s][info][gc,cpu         ] GC(358) User=0.01s Sys=0.00s Real=0.00s
[197.686s][info][gc,start       ] GC(359) Pause Young (Allocation Failure)
[197.689s][info][gc,heap        ] GC(359) PSYoungGen: 190582K(190976K)->2238K(184832K) Eden: 188728K(188928K)->0K(182272K) From: 1854K(2048K)->2238K(2560K)
[197.690s][info][gc,heap        ] GC(359) ParOldGen: 289418K(393216K)->289434K(393216K)
[197.690s][info][gc,metaspace   ] GC(359) Metaspace: 56646K(56960K)->56646K(56960K) NonClass: 51027K(51264K)->51027K(51264K) Class: 5618K(5696K)->5618K(5696K)
[197.690s][info][gc             ] GC(359) Pause Young (Allocation Failure) 468M->284M(564M) 3.616ms
[197.690s][info][gc,cpu         ] GC(359) User=0.01s Sys=0.00s Real=0.00s
[198.120s][info][gc,start       ] GC(360) Pause Young (Allocation Failure)
[198.125s][info][gc,heap        ] GC(360) PSYoungGen: 184510K(184832K)->2400K(178688K) Eden: 182272K(182272K)->0K(176128K) From: 2238K(2560K)->2400K(2560K)
[198.125s][info][gc,heap        ] GC(360) ParOldGen: 289434K(393216K)->289450K(393216K)
[198.125s][info][gc,metaspace   ] GC(360) Metaspace: 56646K(56960K)->56646K(56960K) NonClass: 51027K(51264K)->51027K(51264K) Class: 5618K(5696K)->5618K(5696K)
[198.125s][info][gc             ] GC(360) Pause Young (Allocation Failure) 462M->285M(558M) 4.612ms
[198.125s][info][gc,cpu         ] GC(360) User=0.01s Sys=0.00s Real=0.01s
[198.526s][info][gc,start       ] GC(361) Pause Young (Allocation Failure)
[198.530s][info][gc,heap        ] GC(361) PSYoungGen: 178528K(178688K)->1855K(172032K) Eden: 176128K(176128K)->0K(169984K) From: 2400K(2560K)->1855K(2048K)
[198.530s][info][gc,heap        ] GC(361) ParOldGen: 289450K(393216K)->289466K(393216K)
[198.530s][info][gc,metaspace   ] GC(361) Metaspace: 56646K(56960K)->56646K(56960K) NonClass: 51027K(51264K)->51027K(51264K) Class: 5618K(5696K)->5618K(5696K)
[198.530s][info][gc             ] GC(361) Pause Young (Allocation Failure) 457M->284M(552M) 4.001ms
[198.530s][info][gc,cpu         ] GC(361) User=0.01s Sys=0.00s Real=0.00s
[198.980s][info][gc,start       ] GC(362) Pause Young (Allocation Failure)
[198.994s][info][gc,heap        ] GC(362) PSYoungGen: 171839K(172032K)->1503K(204288K) Eden: 169984K(169984K)->0K(202752K) From: 1855K(2048K)->1503K(1536K)
[198.994s][info][gc,heap        ] GC(362) ParOldGen: 289466K(393216K)->289482K(393216K)
[198.994s][info][gc,metaspace   ] GC(362) Metaspace: 56646K(56960K)->56646K(56960K) NonClass: 51027K(51264K)->51027K(51264K) Class: 5618K(5696K)->5618K(5696K)
[198.994s][info][gc             ] GC(362) Pause Young (Allocation Failure) 450M->284M(583M) 13.829ms
[198.994s][info][gc,cpu         ] GC(362) User=0.01s Sys=0.00s Real=0.02s
[199.406s][info][gc,start       ] GC(363) Pause Young (Allocation Failure)
[199.410s][info][gc,heap        ] GC(363) PSYoungGen: 204255K(204288K)->2943K(215552K) Eden: 202752K(202752K)->0K(211968K) From: 1503K(1536K)->2943K(3584K)
[199.411s][info][gc,heap        ] GC(363) ParOldGen: 289482K(393216K)->289498K(393216K)
[199.411s][info][gc,metaspace   ] GC(363) Metaspace: 56646K(56960K)->56646K(56960K) NonClass: 51027K(51264K)->51027K(51264K) Class: 5618K(5696K)->5618K(5696K)
[199.411s][info][gc             ] GC(363) Pause Young (Allocation Failure) 482M->285M(594M) 4.941ms
[199.411s][info][gc,cpu         ] GC(363) User=0.01s Sys=0.00s Real=0.00s
[199.900s][info][gc,start       ] GC(364) Pause Young (Allocation Failure)
[199.905s][info][gc,heap        ] GC(364) PSYoungGen: 214911K(215552K)->2879K(216064K) Eden: 211968K(211968K)->0K(211968K) From: 2943K(3584K)->2879K(4096K)
[199.905s][info][gc,heap        ] GC(364) ParOldGen: 289498K(393216K)->289514K(393216K)
[199.905s][info][gc,metaspace   ] GC(364) Metaspace: 56646K(56960K)->56646K(56960K) NonClass: 51027K(51264K)->51027K(51264K) Class: 5618K(5696K)->5618K(5696K)
[199.905s][info][gc             ] GC(364) Pause Young (Allocation Failure) 492M->285M(595M) 4.727ms
[199.905s][info][gc,cpu         ] GC(364) User=0.01s Sys=0.00s Real=0.01s
[200.414s][info][gc,start       ] GC(365) Pause Young (Allocation Failure)
[200.421s][info][gc,heap        ] GC(365) PSYoungGen: 214847K(216064K)->2207K(256512K) Eden: 211968K(211968K)->0K(252416K) From: 2879K(4096K)->2207K(4096K)
[200.421s][info][gc,heap        ] GC(365) ParOldGen: 289514K(393216K)->289530K(393216K)
[200.421s][info][gc,metaspace   ] GC(365) Metaspace: 56646K(56960K)->56646K(56960K) NonClass: 51027K(51264K)->51027K(51264K) Class: 5618K(5696K)->5618K(5696K)
[200.421s][info][gc             ] GC(365) Pause Young (Allocation Failure) 492M->284M(634M) 6.751ms
[200.421s][info][gc,cpu         ] GC(365) User=0.01s Sys=0.00s Real=0.00s
[201.027s][info][gc,start       ] GC(366) Pause Young (Allocation Failure)
[201.032s][info][gc,heap        ] GC(366) PSYoungGen: 254602K(256512K)->2144K(256512K) Eden: 252395K(252416K)->0K(252416K) From: 2207K(4096K)->2144K(4096K)
[201.032s][info][gc,heap        ] GC(366) ParOldGen: 289530K(393216K)->289546K(393216K)
[201.032s][info][gc,metaspace   ] GC(366) Metaspace: 56646K(56960K)->56646K(56960K) NonClass: 51027K(51264K)->51027K(51264K) Class: 5618K(5696K)->5618K(5696K)
[201.032s][info][gc             ] GC(366) Pause Young (Allocation Failure) 531M->284M(634M) 5.222ms
[201.032s][info][gc,cpu         ] GC(366) User=0.01s Sys=0.00s Real=0.01s
[201.600s][info][gc,start       ] GC(367) Pause Young (Allocation Failure)
[201.606s][info][gc,heap        ] GC(367) PSYoungGen: 254560K(256512K)->3423K(303104K) Eden: 252416K(252416K)->0K(299520K) From: 2144K(4096K)->3423K(3584K)
[201.606s][info][gc,heap        ] GC(367) ParOldGen: 289546K(393216K)->289570K(393216K)
[201.606s][info][gc,metaspace   ] GC(367) Metaspace: 56646K(56960K)->56646K(56960K) NonClass: 51027K(51264K)->51027K(51264K) Class: 5618K(5696K)->5618K(5696K)
[201.606s][info][gc             ] GC(367) Pause Young (Allocation Failure) 531M->286M(680M) 6.444ms
[201.606s][info][gc,cpu         ] GC(367) User=0.01s Sys=0.00s Real=0.01s
[202.331s][info][gc,start       ] GC(368) Pause Young (Allocation Failure)
[202.335s][info][gc,heap        ] GC(368) PSYoungGen: 302943K(303104K)->1536K(303616K) Eden: 299520K(299520K)->0K(299520K) From: 3423K(3584K)->1536K(4096K)
[202.335s][info][gc,heap        ] GC(368) ParOldGen: 289570K(393216K)->289586K(393216K)
[202.335s][info][gc,metaspace   ] GC(368) Metaspace: 56648K(56960K)->56648K(56960K) NonClass: 51029K(51264K)->51029K(51264K) Class: 5618K(5696K)->5618K(5696K)
[202.335s][info][gc             ] GC(368) Pause Young (Allocation Failure) 578M->284M(680M) 3.892ms
[202.335s][info][gc,cpu         ] GC(368) User=0.00s Sys=0.00s Real=0.01s
[203.018s][info][gc,start       ] GC(369) Pause Young (Allocation Failure)
[203.022s][info][gc,heap        ] GC(369) PSYoungGen: 301056K(303616K)->1919K(289792K) Eden: 299520K(299520K)->0K(287744K) From: 1536K(4096K)->1919K(2048K)
[203.022s][info][gc,heap        ] GC(369) ParOldGen: 289586K(393216K)->289602K(393216K)
[203.022s][info][gc,metaspace   ] GC(369) Metaspace: 56648K(56960K)->56648K(56960K) NonClass: 51029K(51264K)->51029K(51264K) Class: 5618K(5696K)->5618K(5696K)
[203.022s][info][gc             ] GC(369) Pause Young (Allocation Failure) 576M->284M(667M) 4.660ms
[203.022s][info][gc,cpu         ] GC(369) User=0.00s Sys=0.00s Real=0.01s
[203.700s][info][gc,start       ] GC(370) Pause Young (Allocation Failure)
[203.705s][info][gc,heap        ] GC(370) PSYoungGen: 289663K(289792K)->2783K(279552K) Eden: 287744K(287744K)->0K(276480K) From: 1919K(2048K)->2783K(3072K)
[203.705s][info][gc,heap        ] GC(370) ParOldGen: 289602K(393216K)->289618K(393216K)
[203.705s][info][gc,metaspace   ] GC(370) Metaspace: 56648K(56960K)->56648K(56960K) NonClass: 51029K(51264K)->51029K(51264K) Class: 5618K(5696K)->5618K(5696K)
[203.705s][info][gc             ] GC(370) Pause Young (Allocation Failure) 565M->285M(657M) 5.829ms
[203.705s][info][gc,cpu         ] GC(370) User=0.01s Sys=0.01s Real=0.01s
[204.387s][info][gc,start       ] GC(371) Pause Young (Allocation Failure)
[204.405s][info][gc,heap        ] GC(371) PSYoungGen: 279263K(279552K)->1592K(326144K) Eden: 276480K(276480K)->0K(322560K) From: 2783K(3072K)->1592K(3584K)
[204.405s][info][gc,heap        ] GC(371) ParOldGen: 289618K(393216K)->289634K(393216K)
[204.405s][info][gc,metaspace   ] GC(371) Metaspace: 56648K(56960K)->56648K(56960K) NonClass: 51029K(51264K)->51029K(51264K) Class: 5618K(5696K)->5618K(5696K)
[204.405s][info][gc             ] GC(371) Pause Young (Allocation Failure) 555M->284M(702M) 17.998ms
[204.405s][info][gc,cpu         ] GC(371) User=0.01s Sys=0.00s Real=0.02s
[205.123s][info][gc,start       ] GC(372) Pause Young (Allocation Failure)
[205.127s][info][gc,heap        ] GC(372) PSYoungGen: 324152K(326144K)->671K(326656K) Eden: 322560K(322560K)->0K(322560K) From: 1592K(3584K)->671K(4096K)
[205.127s][info][gc,heap        ] GC(372) ParOldGen: 289634K(393216K)->289650K(393216K)
[205.127s][info][gc,metaspace   ] GC(372) Metaspace: 56648K(56960K)->56648K(56960K) NonClass: 51029K(51264K)->51029K(51264K) Class: 5618K(5696K)->5618K(5696K)
[205.127s][info][gc             ] GC(372) Pause Young (Allocation Failure) 599M->283M(703M) 4.360ms
[205.127s][info][gc,cpu         ] GC(372) User=0.00s Sys=0.01s Real=0.00s
[205.897s][info][gc,start       ] GC(373) Pause Young (Allocation Failure)
[205.902s][info][gc,heap        ] GC(373) PSYoungGen: 323231K(326656K)->2238K(329728K) Eden: 322560K(322560K)->0K(325632K) From: 671K(4096K)->2238K(4096K)
[205.902s][info][gc,heap        ] GC(373) ParOldGen: 289650K(393216K)->289666K(393216K)
[205.902s][info][gc,metaspace   ] GC(373) Metaspace: 56648K(56960K)->56648K(56960K) NonClass: 51029K(51264K)->51029K(51264K) Class: 5618K(5696K)->5618K(5696K)
[205.902s][info][gc             ] GC(373) Pause Young (Allocation Failure) 598M->285M(706M) 4.817ms
[205.902s][info][gc,cpu         ] GC(373) User=0.00s Sys=0.00s Real=0.01s
[206.682s][info][gc,start       ] GC(374) Pause Young (Allocation Failure)
[206.686s][info][gc,heap        ] GC(374) PSYoungGen: 327870K(329728K)->2494K(314880K) Eden: 325632K(325632K)->0K(312320K) From: 2238K(4096K)->2494K(2560K)
[206.686s][info][gc,heap        ] GC(374) ParOldGen: 289666K(393216K)->289682K(393216K)
[206.686s][info][gc,metaspace   ] GC(374) Metaspace: 56648K(56960K)->56648K(56960K) NonClass: 51029K(51264K)->51029K(51264K) Class: 5618K(5696K)->5618K(5696K)
[206.686s][info][gc             ] GC(374) Pause Young (Allocation Failure) 603M->285M(691M) 4.192ms
[206.687s][info][gc,cpu         ] GC(374) User=0.01s Sys=0.00s Real=0.00s
[207.503s][info][gc,start       ] GC(375) Pause Young (Allocation Failure)
[207.508s][info][gc,heap        ] GC(375) PSYoungGen: 314500K(314880K)->2048K(301568K) Eden: 312005K(312320K)->0K(299520K) From: 2494K(2560K)->2048K(2048K)
[207.508s][info][gc,heap        ] GC(375) ParOldGen: 289682K(393216K)->290314K(393216K)
[207.508s][info][gc,metaspace   ] GC(375) Metaspace: 56648K(56960K)->56648K(56960K) NonClass: 51029K(51264K)->51029K(51264K) Class: 5618K(5696K)->5618K(5696K)
[207.508s][info][gc             ] GC(375) Pause Young (Allocation Failure) 590M->285M(678M) 5.391ms
[207.508s][info][gc,cpu         ] GC(375) User=0.01s Sys=0.01s Real=0.00s
[208.203s][info][gc,start       ] GC(376) Pause Young (Allocation Failure)
[208.210s][info][gc,heap        ] GC(376) PSYoungGen: 301252K(301568K)->2719K(290816K) Eden: 299204K(299520K)->0K(287744K) From: 2048K(2048K)->2719K(3072K)
[208.210s][info][gc,heap        ] GC(376) ParOldGen: 290314K(393216K)->292370K(393216K)
[208.210s][info][gc,metaspace   ] GC(376) Metaspace: 56648K(56960K)->56648K(56960K) NonClass: 51029K(51264K)->51029K(51264K) Class: 5618K(5696K)->5618K(5696K)
[208.210s][info][gc             ] GC(376) Pause Young (Allocation Failure) 577M->288M(668M) 6.248ms
[208.210s][info][gc,cpu         ] GC(376) User=0.01s Sys=0.00s Real=0.00s
[208.898s][info][gc,start       ] GC(377) Pause Young (Allocation Failure)
[208.904s][info][gc,heap        ] GC(377) PSYoungGen: 290463K(290816K)->3551K(280064K) Eden: 287744K(287744K)->0K(276480K) From: 2719K(3072K)->3551K(3584K)
[208.904s][info][gc,heap        ] GC(377) ParOldGen: 292370K(393216K)->292762K(393216K)
[208.904s][info][gc,metaspace   ] GC(377) Metaspace: 56648K(56960K)->56648K(56960K) NonClass: 51029K(51264K)->51029K(51264K) Class: 5618K(5696K)->5618K(5696K)
[208.904s][info][gc             ] GC(377) Pause Young (Allocation Failure) 569M->289M(657M) 5.607ms
[208.904s][info][gc,cpu         ] GC(377) User=0.01s Sys=0.00s Real=0.01s
[209.578s][info][gc,start       ] GC(378) Pause Young (Allocation Failure)
[209.581s][info][gc,heap        ] GC(378) PSYoungGen: 280031K(280064K)->1118K(267264K) Eden: 276480K(276480K)->0K(265728K) From: 3551K(3584K)->1118K(1536K)
[209.581s][info][gc,heap        ] GC(378) ParOldGen: 292762K(393216K)->292778K(393216K)
[209.581s][info][gc,metaspace   ] GC(378) Metaspace: 56648K(56960K)->56648K(56960K) NonClass: 51029K(51264K)->51029K(51264K) Class: 5618K(5696K)->5618K(5696K)
[209.581s][info][gc             ] GC(378) Pause Young (Allocation Failure) 559M->287M(645M) 3.012ms
[209.581s][info][gc,cpu         ] GC(378) User=0.01s Sys=0.00s Real=0.01s
[210.190s][info][gc,start       ] GC(379) Pause Young (Allocation Failure)
[210.194s][info][gc,heap        ] GC(379) PSYoungGen: 266846K(267264K)->1951K(257536K) Eden: 265728K(265728K)->0K(255488K) From: 1118K(1536K)->1951K(2048K)
[210.194s][info][gc,heap        ] GC(379) ParOldGen: 292778K(393216K)->292802K(393216K)
[210.194s][info][gc,metaspace   ] GC(379) Metaspace: 56648K(56960K)->56648K(56960K) NonClass: 51029K(51264K)->51029K(51264K) Class: 5618K(5696K)->5618K(5696K)
[210.194s][info][gc             ] GC(379) Pause Young (Allocation Failure) 546M->287M(635M) 3.671ms
[210.194s][info][gc,cpu         ] GC(379) User=0.00s Sys=0.00s Real=0.01s
[210.823s][info][gc,start       ] GC(380) Pause Young (Allocation Failure)
[210.839s][info][gc,heap        ] GC(380) PSYoungGen: 257439K(257536K)->3564K(307200K) Eden: 255488K(255488K)->0K(303616K) From: 1951K(2048K)->3564K(3584K)
[210.839s][info][gc,heap        ] GC(380) ParOldGen: 292802K(393216K)->292818K(393216K)
[210.839s][info][gc,metaspace   ] GC(380) Metaspace: 56648K(56960K)->56648K(56960K) NonClass: 51029K(51264K)->51029K(51264K) Class: 5618K(5696K)->5618K(5696K)
[210.839s][info][gc             ] GC(380) Pause Young (Allocation Failure) 537M->289M(684M) 15.917ms
[210.839s][info][gc,cpu         ] GC(380) User=0.02s Sys=0.00s Real=0.01s
[211.494s][info][gc,start       ] GC(381) Pause Young (Allocation Failure)
[211.499s][info][gc,heap        ] GC(381) PSYoungGen: 307180K(307200K)->3008K(316928K) Eden: 303616K(303616K)->0K(313856K) From: 3564K(3584K)->3008K(3072K)
[211.499s][info][gc,heap        ] GC(381) ParOldGen: 292818K(393216K)->293153K(393216K)
[211.499s][info][gc,metaspace   ] GC(381) Metaspace: 56648K(56960K)->56648K(56960K) NonClass: 51029K(51264K)->51029K(51264K) Class: 5618K(5696K)->5618K(5696K)
[211.499s][info][gc             ] GC(381) Pause Young (Allocation Failure) 585M->289M(693M) 5.197ms
[211.499s][info][gc,cpu         ] GC(381) User=0.01s Sys=0.00s Real=0.00s
[212.272s][info][gc,start       ] GC(382) Pause Young (Allocation Failure)
[212.275s][info][gc,heap        ] GC(382) PSYoungGen: 316864K(316928K)->544K(302080K) Eden: 313856K(313856K)->0K(301056K) From: 3008K(3072K)->544K(1024K)
[212.275s][info][gc,heap        ] GC(382) ParOldGen: 293153K(393216K)->293169K(393216K)
[212.275s][info][gc,metaspace   ] GC(382) Metaspace: 56648K(56960K)->56648K(56960K) NonClass: 51029K(51264K)->51029K(51264K) Class: 5618K(5696K)->5618K(5696K)
[212.275s][info][gc             ] GC(382) Pause Young (Allocation Failure) 595M->286M(679M) 2.300ms
[212.275s][info][gc,cpu         ] GC(382) User=0.01s Sys=0.00s Real=0.00s
[212.974s][info][gc,start       ] GC(383) Pause Young (Allocation Failure)
[212.977s][info][gc,heap        ] GC(383) PSYoungGen: 301600K(302080K)->832K(290304K) Eden: 301056K(301056K)->0K(289280K) From: 544K(1024K)->832K(1024K)
[212.977s][info][gc,heap        ] GC(383) ParOldGen: 293169K(393216K)->293185K(393216K)
[212.977s][info][gc,metaspace   ] GC(383) Metaspace: 56648K(56960K)->56648K(56960K) NonClass: 51029K(51264K)->51029K(51264K) Class: 5618K(5696K)->5618K(5696K)
[212.977s][info][gc             ] GC(383) Pause Young (Allocation Failure) 580M->287M(667M) 2.543ms
[212.977s][info][gc,cpu         ] GC(383) User=0.00s Sys=0.00s Real=0.00s
[213.639s][info][gc,start       ] GC(384) Pause Young (Allocation Failure)
[213.642s][info][gc,heap        ] GC(384) PSYoungGen: 289972K(290304K)->1535K(279552K) Eden: 289140K(289280K)->0K(278016K) From: 832K(1024K)->1535K(1536K)
[213.642s][info][gc,heap        ] GC(384) ParOldGen: 293185K(393216K)->293209K(393216K)
[213.642s][info][gc,metaspace   ] GC(384) Metaspace: 56650K(56960K)->56650K(56960K) NonClass: 51031K(51264K)->51031K(51264K) Class: 5618K(5696K)->5618K(5696K)
[213.642s][info][gc             ] GC(384) Pause Young (Allocation Failure) 569M->287M(657M) 3.081ms
[213.642s][info][gc,cpu         ] GC(384) User=0.01s Sys=0.00s Real=0.01s
[214.290s][info][gc,start       ] GC(385) Pause Young (Allocation Failure)
[214.295s][info][gc,heap        ] GC(385) PSYoungGen: 279551K(279552K)->2336K(269824K) Eden: 278016K(278016K)->0K(267264K) From: 1535K(1536K)->2336K(2560K)
[214.295s][info][gc,heap        ] GC(385) ParOldGen: 293209K(393216K)->293225K(393216K)
[214.295s][info][gc,metaspace   ] GC(385) Metaspace: 56650K(56960K)->56650K(56960K) NonClass: 51031K(51264K)->51031K(51264K) Class: 5618K(5696K)->5618K(5696K)
[214.295s][info][gc             ] GC(385) Pause Young (Allocation Failure) 559M->288M(647M) 5.279ms
[214.295s][info][gc,cpu         ] GC(385) User=0.01s Sys=0.00s Real=0.01s
[214.910s][info][gc,start       ] GC(386) Pause Young (Allocation Failure)
[214.914s][info][gc,heap        ] GC(386) PSYoungGen: 269600K(269824K)->2015K(259072K) Eden: 267264K(267264K)->0K(257024K) From: 2336K(2560K)->2015K(2048K)
[214.914s][info][gc,heap        ] GC(386) ParOldGen: 293225K(393216K)->293241K(393216K)
[214.914s][info][gc,metaspace   ] GC(386) Metaspace: 56650K(56960K)->56650K(56960K) NonClass: 51031K(51264K)->51031K(51264K) Class: 5618K(5696K)->5618K(5696K)
[214.914s][info][gc             ] GC(386) Pause Young (Allocation Failure) 549M->288M(637M) 3.526ms
[214.914s][info][gc,cpu         ] GC(386) User=0.01s Sys=0.00s Real=0.01s
[215.520s][info][gc,start       ] GC(387) Pause Young (Allocation Failure)
[215.523s][info][gc,heap        ] GC(387) PSYoungGen: 259039K(259072K)->1407K(248832K) Eden: 257024K(257024K)->0K(247296K) From: 2015K(2048K)->1407K(1536K)
[215.523s][info][gc,heap        ] GC(387) ParOldGen: 293241K(393216K)->293257K(393216K)
[215.523s][info][gc,metaspace   ] GC(387) Metaspace: 56650K(56960K)->56650K(56960K) NonClass: 51031K(51264K)->51031K(51264K) Class: 5618K(5696K)->5618K(5696K)
[215.523s][info][gc             ] GC(387) Pause Young (Allocation Failure) 539M->287M(627M) 3.569ms
[215.523s][info][gc,cpu         ] GC(387) User=0.01s Sys=0.00s Real=0.01s
[216.107s][info][gc,start       ] GC(388) Pause Young (Allocation Failure)
[216.111s][info][gc,heap        ] GC(388) PSYoungGen: 248660K(248832K)->2240K(240640K) Eden: 247252K(247296K)->0K(238080K) From: 1407K(1536K)->2240K(2560K)
[216.111s][info][gc,heap        ] GC(388) ParOldGen: 293257K(393216K)->293281K(393216K)
[216.111s][info][gc,metaspace   ] GC(388) Metaspace: 56650K(56960K)->56650K(56960K) NonClass: 51031K(51264K)->51031K(51264K) Class: 5618K(5696K)->5618K(5696K)
[216.111s][info][gc             ] GC(388) Pause Young (Allocation Failure) 529M->288M(619M) 4.184ms
[216.111s][info][gc,cpu         ] GC(388) User=0.00s Sys=0.00s Real=0.01s
[216.686s][info][gc,start       ] GC(389) Pause Young (Allocation Failure)
[216.690s][info][gc,heap        ] GC(389) PSYoungGen: 240320K(240640K)->1760K(230912K) Eden: 238080K(238080K)->0K(228864K) From: 2240K(2560K)->1760K(2048K)
[216.690s][info][gc,heap        ] GC(389) ParOldGen: 293281K(393216K)->293297K(393216K)
[216.690s][info][gc,metaspace   ] GC(389) Metaspace: 56650K(56960K)->56650K(56960K) NonClass: 51031K(51264K)->51031K(51264K) Class: 5618K(5696K)->5618K(5696K)
[216.690s][info][gc             ] GC(389) Pause Young (Allocation Failure) 521M->288M(609M) 3.741ms
[216.690s][info][gc,cpu         ] GC(389) User=0.00s Sys=0.00s Real=0.00s
[217.205s][info][gc,start       ] GC(390) Pause Young (Allocation Failure)
[217.209s][info][gc,heap        ] GC(390) PSYoungGen: 230624K(230912K)->2687K(223232K) Eden: 228864K(228864K)->0K(220160K) From: 1760K(2048K)->2687K(3072K)
[217.209s][info][gc,heap        ] GC(390) ParOldGen: 293297K(393216K)->293313K(393216K)
[217.209s][info][gc,metaspace   ] GC(390) Metaspace: 56650K(56960K)->56650K(56960K) NonClass: 51031K(51264K)->51031K(51264K) Class: 5618K(5696K)->5618K(5696K)
[217.209s][info][gc             ] GC(390) Pause Young (Allocation Failure) 511M->289M(602M) 4.433ms
[217.209s][info][gc,cpu         ] GC(390) User=0.01s Sys=0.00s Real=0.00s
[217.769s][info][gc,start       ] GC(391) Pause Young (Allocation Failure)
[217.771s][info][gc,heap        ] GC(391) PSYoungGen: 222847K(223232K)->863K(212992K) Eden: 220160K(220160K)->0K(211968K) From: 2687K(3072K)->863K(1024K)
[217.771s][info][gc,heap        ] GC(391) ParOldGen: 293313K(393216K)->293329K(393216K)
[217.771s][info][gc,metaspace   ] GC(391) Metaspace: 56650K(56960K)->56650K(56960K) NonClass: 51031K(51264K)->51031K(51264K) Class: 5618K(5696K)->5618K(5696K)
[217.771s][info][gc             ] GC(391) Pause Young (Allocation Failure) 504M->287M(592M) 2.410ms
[217.771s][info][gc,cpu         ] GC(391) User=0.00s Sys=0.00s Real=0.01s
[218.215s][info][gc,start       ] GC(392) Pause Young (Allocation Failure)
[218.218s][info][gc,heap        ] GC(392) PSYoungGen: 212831K(212992K)->991K(205312K) Eden: 211968K(211968K)->0K(204288K) From: 863K(1024K)->991K(1024K)
[218.218s][info][gc,heap        ] GC(392) ParOldGen: 293329K(393216K)->293345K(393216K)
[218.218s][info][gc,metaspace   ] GC(392) Metaspace: 56650K(56960K)->56650K(56960K) NonClass: 51031K(51264K)->51031K(51264K) Class: 5618K(5696K)->5618K(5696K)
[218.218s][info][gc             ] GC(392) Pause Young (Allocation Failure) 494M->287M(584M) 2.436ms
[218.218s][info][gc,cpu         ] GC(392) User=0.00s Sys=0.00s Real=0.00s
[218.808s][info][gc,start       ] GC(393) Pause Young (Allocation Failure)
[218.830s][info][gc,heap        ] GC(393) PSYoungGen: 205279K(205312K)->4096K(247296K) Eden: 204288K(204288K)->0K(243200K) From: 991K(1024K)->4096K(4096K)
[218.830s][info][gc,heap        ] GC(393) ParOldGen: 293345K(393216K)->295176K(393216K)
[218.830s][info][gc,metaspace   ] GC(393) Metaspace: 56650K(56960K)->56650K(56960K) NonClass: 51031K(51264K)->51031K(51264K) Class: 5618K(5696K)->5618K(5696K)
[218.830s][info][gc             ] GC(393) Pause Young (Allocation Failure) 486M->292M(625M) 22.787ms
[218.830s][info][gc,cpu         ] GC(393) User=0.02s Sys=0.00s Real=0.02s
[219.300s][info][gc,start       ] GC(394) Pause Young (Allocation Failure)
[219.309s][info][gc,heap        ] GC(394) PSYoungGen: 247296K(247296K)->3648K(293888K) Eden: 243200K(243200K)->0K(289792K) From: 4096K(4096K)->3648K(4096K)
[219.309s][info][gc,heap        ] GC(394) ParOldGen: 295176K(393216K)->299288K(393216K)
[219.309s][info][gc,metaspace   ] GC(394) Metaspace: 56650K(56960K)->56650K(56960K) NonClass: 51031K(51264K)->51031K(51264K) Class: 5618K(5696K)->5618K(5696K)
[219.309s][info][gc             ] GC(394) Pause Young (Allocation Failure) 529M->295M(671M) 8.997ms
[219.309s][info][gc,cpu         ] GC(394) User=0.02s Sys=0.00s Real=0.01s
[219.995s][info][gc,start       ] GC(395) Pause Young (Allocation Failure)
[220.000s][info][gc,heap        ] GC(395) PSYoungGen: 293440K(293888K)->2527K(295936K) Eden: 289792K(289792K)->0K(290304K) From: 3648K(4096K)->2527K(5632K)
[220.000s][info][gc,heap        ] GC(395) ParOldGen: 299288K(393216K)->300152K(393216K)
[220.000s][info][gc,metaspace   ] GC(395) Metaspace: 56650K(56960K)->56650K(56960K) NonClass: 51031K(51264K)->51031K(51264K) Class: 5618K(5696K)->5618K(5696K)
[220.000s][info][gc             ] GC(395) Pause Young (Allocation Failure) 578M->295M(673M) 5.387ms
[220.000s][info][gc,cpu         ] GC(395) User=0.01s Sys=0.00s Real=0.00s
[220.685s][info][gc,start       ] GC(396) Pause Young (Allocation Failure)
[220.689s][info][gc,heap        ] GC(396) PSYoungGen: 292777K(295936K)->2335K(295424K) Eden: 290250K(290304K)->0K(290304K) From: 2527K(5632K)->2335K(5120K)
[220.689s][info][gc,heap        ] GC(396) ParOldGen: 300152K(393216K)->300168K(393216K)
[220.689s][info][gc,metaspace   ] GC(396) Metaspace: 56650K(56960K)->56650K(56960K) NonClass: 51031K(51264K)->51031K(51264K) Class: 5618K(5696K)->5618K(5696K)
[220.689s][info][gc             ] GC(396) Pause Young (Allocation Failure) 579M->295M(672M) 3.951ms
[220.689s][info][gc,cpu         ] GC(396) User=0.00s Sys=0.00s Real=0.00s
[223.361s][info][gc,start       ] GC(397) Pause Young (Allocation Failure)
[223.385s][info][gc,heap        ] GC(397) PSYoungGen: 292639K(295424K)->5111K(265216K) Eden: 290304K(290304K)->0K(260096K) From: 2335K(5120K)->5111K(5120K)
[223.385s][info][gc,heap        ] GC(397) ParOldGen: 300168K(393216K)->384017K(393216K)
[223.385s][info][gc,metaspace   ] GC(397) Metaspace: 56863K(57152K)->56863K(57152K) NonClass: 51245K(51456K)->51245K(51456K) Class: 5618K(5696K)->5618K(5696K)
[223.385s][info][gc             ] GC(397) Pause Young (Allocation Failure) 578M->380M(643M) 24.167ms
[223.385s][info][gc,cpu         ] GC(397) User=0.04s Sys=0.00s Real=0.03s
[223.882s][info][gc,start       ] GC(398) Pause Young (Allocation Failure)
[223.893s][info][gc,heap        ] GC(398) PSYoungGen: 265207K(265216K)->17325K(296960K) Eden: 260096K(260096K)->0K(260096K) From: 5111K(5120K)->17325K(36864K)
[223.893s][info][gc,heap        ] GC(398) ParOldGen: 384017K(393216K)->388786K(393216K)
[223.893s][info][gc,metaspace   ] GC(398) Metaspace: 56863K(57152K)->56863K(57152K) NonClass: 51245K(51456K)->51245K(51456K) Class: 5618K(5696K)->5618K(5696K)
[223.893s][info][gc             ] GC(398) Pause Young (Allocation Failure) 634M->396M(674M) 11.374ms
[223.893s][info][gc,cpu         ] GC(398) User=0.02s Sys=0.00s Real=0.01s
[224.485s][info][gc,start       ] GC(399) Pause Young (Allocation Failure)
[224.497s][info][gc,heap        ] GC(399) PSYoungGen: 277421K(296960K)->2206K(294912K) Eden: 260096K(260096K)->0K(260096K) From: 17325K(36864K)->2206K(34816K)
[224.497s][info][gc,heap        ] GC(399) ParOldGen: 388786K(393216K)->404559K(404992K)
[224.497s][info][gc,metaspace   ] GC(399) Metaspace: 56863K(57152K)->56863K(57152K) NonClass: 51245K(51456K)->51245K(51456K) Class: 5618K(5696K)->5618K(5696K)
[224.497s][info][gc             ] GC(399) Pause Young (Allocation Failure) 650M->397M(683M) 12.109ms
[224.497s][info][gc,cpu         ] GC(399) User=0.02s Sys=0.01s Real=0.01s
[225.094s][info][gc,start       ] GC(400) Pause Young (Allocation Failure)
[225.098s][info][gc,heap        ] GC(400) PSYoungGen: 262302K(294912K)->2079K(295936K) Eden: 260096K(260096K)->0K(260096K) From: 2206K(34816K)->2079K(35840K)
[225.098s][info][gc,heap        ] GC(400) ParOldGen: 404559K(404992K)->404575K(404992K)
[225.098s][info][gc,metaspace   ] GC(400) Metaspace: 56863K(57152K)->56863K(57152K) NonClass: 51245K(51456K)->51245K(51456K) Class: 5618K(5696K)->5618K(5696K)
[225.098s][info][gc             ] GC(400) Pause Young (Allocation Failure) 651M->397M(684M) 3.928ms
[225.098s][info][gc,cpu         ] GC(400) User=0.01s Sys=0.00s Real=0.00s
[225.708s][info][gc,start       ] GC(401) Pause Young (Allocation Failure)
[225.713s][info][gc,heap        ] GC(401) PSYoungGen: 262175K(295936K)->2015K(295936K) Eden: 260096K(260096K)->0K(263168K) From: 2079K(35840K)->2015K(32768K)
[225.713s][info][gc,heap        ] GC(401) ParOldGen: 404575K(404992K)->404591K(404992K)
[225.713s][info][gc,metaspace   ] GC(401) Metaspace: 56863K(57152K)->56863K(57152K) NonClass: 51245K(51456K)->51245K(51456K) Class: 5618K(5696K)->5618K(5696K)
[225.713s][info][gc             ] GC(401) Pause Young (Allocation Failure) 651M->397M(684M) 4.172ms
[225.713s][info][gc,cpu         ] GC(401) User=0.00s Sys=0.00s Real=0.01s
[226.370s][info][gc,start       ] GC(402) Pause Young (Allocation Failure)
[226.373s][info][gc,heap        ] GC(402) PSYoungGen: 265183K(295936K)->288K(253440K) Eden: 263168K(263168K)->0K(252928K) From: 2015K(32768K)->288K(512K)
[226.373s][info][gc,heap        ] GC(402) ParOldGen: 404591K(404992K)->404607K(404992K)
[226.373s][info][gc,metaspace   ] GC(402) Metaspace: 56863K(57152K)->56863K(57152K) NonClass: 51245K(51456K)->51245K(51456K) Class: 5618K(5696K)->5618K(5696K)
[226.373s][info][gc             ] GC(402) Pause Young (Allocation Failure) 654M->395M(643M) 2.284ms
[226.373s][info][gc,cpu         ] GC(402) User=0.00s Sys=0.00s Real=0.01s
[226.971s][info][gc,start       ] GC(403) Pause Young (Allocation Failure)
[226.974s][info][gc,heap        ] GC(403) PSYoungGen: 253216K(253440K)->644K(264192K) Eden: 252928K(252928K)->0K(243200K) From: 288K(512K)->644K(20992K)
[226.974s][info][gc,heap        ] GC(403) ParOldGen: 404607K(404992K)->404623K(404992K)
[226.974s][info][gc,metaspace   ] GC(403) Metaspace: 56863K(57152K)->56863K(57152K) NonClass: 51245K(51456K)->51245K(51456K) Class: 5618K(5696K)->5618K(5696K)
[226.974s][info][gc             ] GC(403) Pause Young (Allocation Failure) 642M->395M(653M) 2.353ms
[226.974s][info][gc,cpu         ] GC(403) User=0.00s Sys=0.00s Real=0.00s
[227.513s][info][gc,start       ] GC(404) Pause Young (Allocation Failure)
[227.517s][info][gc,heap        ] GC(404) PSYoungGen: 243844K(264192K)->1439K(235520K) Eden: 243200K(243200K)->0K(233984K) From: 644K(20992K)->1439K(1536K)
[227.517s][info][gc,heap        ] GC(404) ParOldGen: 404623K(404992K)->404639K(404992K)
[227.517s][info][gc,metaspace   ] GC(404) Metaspace: 56863K(57152K)->56863K(57152K) NonClass: 51245K(51456K)->51245K(51456K) Class: 5618K(5696K)->5618K(5696K)
[227.517s][info][gc             ] GC(404) Pause Young (Allocation Failure) 633M->396M(625M) 3.767ms
[227.517s][info][gc,cpu         ] GC(404) User=0.01s Sys=0.00s Real=0.00s
[228.091s][info][gc,start       ] GC(405) Pause Young (Allocation Failure)
[228.096s][info][gc,heap        ] GC(405) PSYoungGen: 235423K(235520K)->2272K(243712K) Eden: 233984K(233984K)->0K(225280K) From: 1439K(1536K)->2272K(18432K)
[228.096s][info][gc,heap        ] GC(405) ParOldGen: 404639K(404992K)->404655K(404992K)
[228.096s][info][gc,metaspace   ] GC(405) Metaspace: 56863K(57152K)->56863K(57152K) NonClass: 51245K(51456K)->51245K(51456K) Class: 5618K(5696K)->5618K(5696K)
[228.096s][info][gc             ] GC(405) Pause Young (Allocation Failure) 625M->397M(633M) 5.124ms
[228.096s][info][gc,cpu         ] GC(405) User=0.01s Sys=0.00s Real=0.01s
[228.606s][info][gc,start       ] GC(406) Pause Young (Allocation Failure)
[228.611s][info][gc,heap        ] GC(406) PSYoungGen: 227324K(243712K)->2464K(219648K) Eden: 225052K(225280K)->0K(217088K) From: 2272K(18432K)->2464K(2560K)
[228.611s][info][gc,heap        ] GC(406) ParOldGen: 404655K(404992K)->404671K(404992K)
[228.611s][info][gc,metaspace   ] GC(406) Metaspace: 56864K(57152K)->56864K(57152K) NonClass: 51245K(51456K)->51245K(51456K) Class: 5618K(5696K)->5618K(5696K)
[228.611s][info][gc             ] GC(406) Pause Young (Allocation Failure) 617M->397M(610M) 5.542ms
[228.611s][info][gc,cpu         ] GC(406) User=0.01s Sys=0.00s Real=0.01s
[229.109s][info][gc,start       ] GC(407) Pause Young (Allocation Failure)
[229.113s][info][gc,heap        ] GC(407) PSYoungGen: 219257K(219648K)->1264K(224768K) Eden: 216793K(217088K)->0K(208896K) From: 2464K(2560K)->1264K(15872K)
[229.113s][info][gc,heap        ] GC(407) ParOldGen: 404671K(404992K)->404687K(404992K)
[229.113s][info][gc,metaspace   ] GC(407) Metaspace: 56864K(57152K)->56864K(57152K) NonClass: 51245K(51456K)->51245K(51456K) Class: 5618K(5696K)->5618K(5696K)
[229.113s][info][gc             ] GC(407) Pause Young (Allocation Failure) 609M->396M(615M) 4.034ms
[229.114s][info][gc,cpu         ] GC(407) User=0.01s Sys=0.00s Real=0.01s
[229.610s][info][gc,start       ] GC(408) Pause Young (Allocation Failure)
[229.614s][info][gc,heap        ] GC(408) PSYoungGen: 210075K(224768K)->1536K(202752K) Eden: 208811K(208896K)->0K(201216K) From: 1264K(15872K)->1536K(1536K)
[229.614s][info][gc,heap        ] GC(408) ParOldGen: 404687K(404992K)->404703K(404992K)
[229.614s][info][gc,metaspace   ] GC(408) Metaspace: 56864K(57152K)->56864K(57152K) NonClass: 51245K(51456K)->51245K(51456K) Class: 5618K(5696K)->5618K(5696K)
[229.614s][info][gc             ] GC(408) Pause Young (Allocation Failure) 600M->396M(593M) 4.434ms
[229.614s][info][gc,cpu         ] GC(408) User=0.01s Sys=0.00s Real=0.01s
[230.097s][info][gc,start       ] GC(409) Pause Young (Allocation Failure)
[230.102s][info][gc,heap        ] GC(409) PSYoungGen: 202752K(202752K)->3167K(208384K) Eden: 201216K(201216K)->0K(194048K) From: 1536K(1536K)->3167K(14336K)
[230.103s][info][gc,heap        ] GC(409) ParOldGen: 404703K(404992K)->404719K(404992K)
[230.103s][info][gc,metaspace   ] GC(409) Metaspace: 56864K(57152K)->56864K(57152K) NonClass: 51245K(51456K)->51245K(51456K) Class: 5618K(5696K)->5618K(5696K)
[230.103s][info][gc             ] GC(409) Pause Young (Allocation Failure) 593M->398M(599M) 6.004ms
[230.103s][info][gc,cpu         ] GC(409) User=0.01s Sys=0.00s Real=0.01s
[230.583s][info][gc,start       ] GC(410) Pause Young (Allocation Failure)
[230.587s][info][gc,heap        ] GC(410) PSYoungGen: 197215K(208384K)->2207K(189440K) Eden: 194048K(194048K)->0K(186880K) From: 3167K(14336K)->2207K(2560K)
[230.587s][info][gc,heap        ] GC(410) ParOldGen: 404719K(404992K)->404735K(404992K)
[230.587s][info][gc,metaspace   ] GC(410) Metaspace: 56864K(57152K)->56864K(57152K) NonClass: 51245K(51456K)->51245K(51456K) Class: 5618K(5696K)->5618K(5696K)
[230.587s][info][gc             ] GC(410) Pause Young (Allocation Failure) 587M->397M(580M) 4.557ms
[230.587s][info][gc,cpu         ] GC(410) User=0.01s Sys=0.00s Real=0.00s
[231.100s][info][gc,start       ] GC(411) Pause Young (Allocation Failure)
[231.134s][info][gc,heap        ] GC(411) PSYoungGen: 189087K(189440K)->5919K(209408K) Eden: 186880K(186880K)->0K(187904K) From: 2207K(2560K)->5919K(21504K)
[231.134s][info][gc,heap        ] GC(411) ParOldGen: 404735K(404992K)->404751K(404992K)
[231.134s][info][gc,metaspace   ] GC(411) Metaspace: 56864K(57152K)->56864K(57152K) NonClass: 51245K(51456K)->51245K(51456K) Class: 5618K(5696K)->5618K(5696K)
[231.134s][info][gc             ] GC(411) Pause Young (Allocation Failure) 579M->401M(600M) 34.360ms
[231.134s][info][gc,cpu         ] GC(411) User=0.01s Sys=0.00s Real=0.04s
[231.482s][info][gc,start       ] GC(412) Pause Young (Allocation Failure)
[231.485s][info][gc,heap        ] GC(412) PSYoungGen: 193823K(209408K)->1664K(208384K) Eden: 187904K(187904K)->0K(187904K) From: 5919K(21504K)->1664K(20480K)
[231.485s][info][gc,heap        ] GC(412) ParOldGen: 404751K(404992K)->404767K(404992K)
[231.485s][info][gc,metaspace   ] GC(412) Metaspace: 56864K(57152K)->56864K(57152K) NonClass: 51245K(51456K)->51245K(51456K) Class: 5618K(5696K)->5618K(5696K)
[231.485s][info][gc             ] GC(412) Pause Young (Allocation Failure) 584M->396M(599M) 3.516ms
[231.486s][info][gc,cpu         ] GC(412) User=0.01s Sys=0.00s Real=0.00s
[231.904s][info][gc,start       ] GC(413) Pause Young (Allocation Failure)
[231.911s][info][gc,heap        ] GC(413) PSYoungGen: 189568K(208384K)->3040K(242176K) Eden: 187904K(187904K)->0K(224768K) From: 1664K(20480K)->3040K(17408K)
[231.911s][info][gc,heap        ] GC(413) ParOldGen: 404767K(404992K)->404783K(404992K)
[231.911s][info][gc,metaspace   ] GC(413) Metaspace: 56864K(57152K)->56864K(57152K) NonClass: 51245K(51456K)->51245K(51456K) Class: 5618K(5696K)->5618K(5696K)
[231.911s][info][gc             ] GC(413) Pause Young (Allocation Failure) 580M->398M(632M) 6.570ms
[231.911s][info][gc,cpu         ] GC(413) User=0.01s Sys=0.00s Real=0.00s
[232.424s][info][gc,start       ] GC(414) Pause Young (Allocation Failure)
[232.426s][info][gc,heap        ] GC(414) PSYoungGen: 227808K(242176K)->735K(243200K) Eden: 224768K(224768K)->0K(224768K) From: 3040K(17408K)->735K(18432K)
[232.426s][info][gc,heap        ] GC(414) ParOldGen: 404783K(404992K)->404799K(404992K)
[232.426s][info][gc,metaspace   ] GC(414) Metaspace: 56864K(57152K)->56864K(57152K) NonClass: 51245K(51456K)->51245K(51456K) Class: 5618K(5696K)->5618K(5696K)
[232.426s][info][gc             ] GC(414) Pause Young (Allocation Failure) 617M->396M(633M) 2.403ms
[232.426s][info][gc,cpu         ] GC(414) User=0.00s Sys=0.00s Real=0.00s
[232.983s][info][gc,start       ] GC(415) Pause Young (Allocation Failure)
[232.988s][info][gc,heap        ] GC(415) PSYoungGen: 225503K(243200K)->2494K(283136K) Eden: 224768K(224768K)->0K(267776K) From: 735K(18432K)->2494K(15360K)
[232.988s][info][gc,heap        ] GC(415) ParOldGen: 404799K(404992K)->404815K(404992K)
[232.988s][info][gc,metaspace   ] GC(415) Metaspace: 56864K(57152K)->56864K(57152K) NonClass: 51245K(51456K)->51245K(51456K) Class: 5618K(5696K)->5618K(5696K)
[232.988s][info][gc             ] GC(415) Pause Young (Allocation Failure) 615M->397M(672M) 4.969ms
[232.988s][info][gc,cpu         ] GC(415) User=0.01s Sys=0.01s Real=0.00s
[233.613s][info][gc,start       ] GC(416) Pause Young (Allocation Failure)
[233.618s][info][gc,heap        ] GC(416) PSYoungGen: 269987K(283136K)->2016K(284160K) Eden: 267492K(267776K)->0K(267776K) From: 2494K(15360K)->2016K(16384K)
[233.618s][info][gc,heap        ] GC(416) ParOldGen: 404815K(404992K)->404831K(404992K)
[233.618s][info][gc,metaspace   ] GC(416) Metaspace: 56864K(57152K)->56864K(57152K) NonClass: 51245K(51456K)->51245K(51456K) Class: 5618K(5696K)->5618K(5696K)
[233.618s][info][gc             ] GC(416) Pause Young (Allocation Failure) 658M->397M(673M) 4.857ms
[233.618s][info][gc,cpu         ] GC(416) User=0.01s Sys=0.01s Real=0.00s
[234.272s][info][gc,start       ] GC(417) Pause Young (Allocation Failure)
[234.275s][info][gc,heap        ] GC(417) PSYoungGen: 269792K(284160K)->594K(316416K) Eden: 267776K(267776K)->0K(302080K) From: 2016K(16384K)->594K(14336K)
[234.275s][info][gc,heap        ] GC(417) ParOldGen: 404831K(404992K)->404847K(404992K)
[234.275s][info][gc,metaspace   ] GC(417) Metaspace: 56864K(57152K)->56864K(57152K) NonClass: 51245K(51456K)->51245K(51456K) Class: 5618K(5696K)->5618K(5696K)
[234.275s][info][gc             ] GC(417) Pause Young (Allocation Failure) 658M->395M(704M) 2.622ms
[234.275s][info][gc,cpu         ] GC(417) User=0.00s Sys=0.00s Real=0.00s
[234.981s][info][gc,start       ] GC(418) Pause Young (Allocation Failure)
[234.985s][info][gc,heap        ] GC(418) PSYoungGen: 302674K(316416K)->1310K(291328K) Eden: 302080K(302080K)->0K(289792K) From: 594K(14336K)->1310K(1536K)
[234.985s][info][gc,heap        ] GC(418) ParOldGen: 404847K(404992K)->404863K(404992K)
[234.985s][info][gc,metaspace   ] GC(418) Metaspace: 56864K(57152K)->56864K(57152K) NonClass: 51245K(51456K)->51245K(51456K) Class: 5618K(5696K)->5618K(5696K)
[234.985s][info][gc             ] GC(418) Pause Young (Allocation Failure) 690M->396M(680M) 3.150ms
[234.985s][info][gc,cpu         ] GC(418) User=0.01s Sys=0.00s Real=0.00s
[235.687s][info][gc,start       ] GC(419) Pause Young (Allocation Failure)
[235.690s][info][gc,heap        ] GC(419) PSYoungGen: 291102K(291328K)->703K(279552K) Eden: 289792K(289792K)->0K(278528K) From: 1310K(1536K)->703K(1024K)
[235.690s][info][gc,heap        ] GC(419) ParOldGen: 404863K(404992K)->404879K(404992K)
[235.690s][info][gc,metaspace   ] GC(419) Metaspace: 56864K(57152K)->56864K(57152K) NonClass: 51245K(51456K)->51245K(51456K) Class: 5618K(5696K)->5618K(5696K)
[235.690s][info][gc             ] GC(419) Pause Young (Allocation Failure) 679M->396M(668M) 2.886ms
[235.690s][info][gc,cpu         ] GC(419) User=0.00s Sys=0.00s Real=0.00s
[236.297s][info][gc,start       ] GC(420) Pause Young (Allocation Failure)
[236.303s][info][gc,heap        ] GC(420) PSYoungGen: 279231K(279552K)->3263K(281088K) Eden: 278528K(278528K)->0K(267776K) From: 703K(1024K)->3263K(13312K)
[236.303s][info][gc,heap        ] GC(420) ParOldGen: 404879K(404992K)->404895K(404992K)
[236.303s][info][gc,metaspace   ] GC(420) Metaspace: 56864K(57152K)->56864K(57152K) NonClass: 51245K(51456K)->51245K(51456K) Class: 5618K(5696K)->5618K(5696K)
[236.303s][info][gc             ] GC(420) Pause Young (Allocation Failure) 668M->398M(670M) 5.370ms
[236.303s][info][gc,cpu         ] GC(420) User=0.01s Sys=0.00s Real=0.01s
[236.912s][info][gc,start       ] GC(421) Pause Young (Allocation Failure)
[236.916s][info][gc,heap        ] GC(421) PSYoungGen: 271039K(281088K)->1375K(259072K) Eden: 267776K(267776K)->0K(257536K) From: 3263K(13312K)->1375K(1536K)
[236.916s][info][gc,heap        ] GC(421) ParOldGen: 404895K(404992K)->404911K(404992K)
[236.916s][info][gc,metaspace   ] GC(421) Metaspace: 56864K(57152K)->56864K(57152K) NonClass: 51245K(51456K)->51245K(51456K) Class: 5618K(5696K)->5618K(5696K)
[236.916s][info][gc             ] GC(421) Pause Young (Allocation Failure) 660M->396M(648M) 3.634ms
[236.916s][info][gc,cpu         ] GC(421) User=0.00s Sys=0.00s Real=0.00s
[237.571s][info][gc,start       ] GC(422) Pause Young (Allocation Failure)
[237.574s][info][gc,heap        ] GC(422) PSYoungGen: 258911K(259072K)->448K(248320K) Eden: 257536K(257536K)->0K(247808K) From: 1375K(1536K)->448K(512K)
[237.574s][info][gc,heap        ] GC(422) ParOldGen: 404911K(404992K)->404927K(404992K)
[237.574s][info][gc,metaspace   ] GC(422) Metaspace: 56864K(57152K)->56864K(57152K) NonClass: 51245K(51456K)->51245K(51456K) Class: 5618K(5696K)->5618K(5696K)
[237.574s][info][gc             ] GC(422) Pause Young (Allocation Failure) 648M->395M(638M) 2.328ms
[237.574s][info][gc,cpu         ] GC(422) User=0.00s Sys=0.00s Real=0.00s
[238.120s][info][gc,start       ] GC(423) Pause Young (Allocation Failure)
[238.124s][info][gc,heap        ] GC(423) PSYoungGen: 248256K(248320K)->1247K(240128K) Eden: 247808K(247808K)->0K(238592K) From: 448K(512K)->1247K(1536K)
[238.124s][info][gc,heap        ] GC(423) ParOldGen: 404927K(404992K)->404943K(404992K)
[238.124s][info][gc,metaspace   ] GC(423) Metaspace: 56864K(57152K)->56864K(57152K) NonClass: 51245K(51456K)->51245K(51456K) Class: 5618K(5696K)->5618K(5696K)
[238.124s][info][gc             ] GC(423) Pause Young (Allocation Failure) 637M->396M(630M) 3.585ms
[238.124s][info][gc,cpu         ] GC(423) User=0.01s Sys=0.00s Real=0.01s
[238.697s][info][gc,start       ] GC(424) Pause Young (Allocation Failure)
[238.701s][info][gc,heap        ] GC(424) PSYoungGen: 239839K(240128K)->2048K(240128K) Eden: 238592K(238592K)->0K(229376K) From: 1247K(1536K)->2048K(10752K)
[238.701s][info][gc,heap        ] GC(424) ParOldGen: 404943K(404992K)->404959K(404992K)
[238.701s][info][gc,metaspace   ] GC(424) Metaspace: 56864K(57152K)->56864K(57152K) NonClass: 51245K(51456K)->51245K(51456K) Class: 5618K(5696K)->5618K(5696K)
[238.701s][info][gc             ] GC(424) Pause Young (Allocation Failure) 629M->397M(630M) 4.168ms
[238.701s][info][gc,cpu         ] GC(424) User=0.00s Sys=0.00s Real=0.01s
[239.221s][info][gc,start       ] GC(425) Pause Young (Allocation Failure)
[239.223s][info][gc,heap        ] GC(425) PSYoungGen: 231424K(240128K)->799K(221696K) Eden: 229376K(229376K)->0K(220672K) From: 2048K(10752K)->799K(1024K)
[239.223s][info][gc,heap        ] GC(425) ParOldGen: 404959K(404992K)->404975K(404992K)
[239.223s][info][gc,metaspace   ] GC(425) Metaspace: 56864K(57152K)->56864K(57152K) NonClass: 51245K(51456K)->51245K(51456K) Class: 5618K(5696K)->5618K(5696K)
[239.224s][info][gc             ] GC(425) Pause Young (Allocation Failure) 621M->396M(612M) 2.937ms
[239.224s][info][gc,cpu         ] GC(425) User=0.01s Sys=0.01s Real=0.01s
[239.779s][info][gc,start       ] GC(426) Pause Young (Allocation Failure)
[239.783s][info][gc,heap        ] GC(426) PSYoungGen: 221471K(221696K)->1433K(222208K) Eden: 220672K(220672K)->0K(212480K) From: 799K(1024K)->1433K(9728K)
[239.783s][info][gc,heap        ] GC(426) ParOldGen: 404975K(404992K)->404991K(404992K)
[239.783s][info][gc,metaspace   ] GC(426) Metaspace: 56864K(57152K)->56864K(57152K) NonClass: 51245K(51456K)->51245K(51456K) Class: 5618K(5696K)->5618K(5696K)
[239.783s][info][gc             ] GC(426) Pause Young (Allocation Failure) 611M->396M(612M) 3.699ms
[239.783s][info][gc,cpu         ] GC(426) User=0.01s Sys=0.00s Real=0.01s
[240.277s][info][gc,start       ] GC(427) Pause Young (Allocation Failure)
[240.280s][info][gc,heap        ] GC(427) PSYoungGen: 213913K(222208K)->617K(205824K) Eden: 212480K(212480K)->0K(204800K) From: 1433K(9728K)->617K(1024K)
[240.280s][info][gc,heap        ] GC(427) ParOldGen: 404991K(404992K)->405007K(405504K)
[240.280s][info][gc,metaspace   ] GC(427) Metaspace: 56864K(57152K)->56864K(57152K) NonClass: 51245K(51456K)->51245K(51456K) Class: 5618K(5696K)->5618K(5696K)
[240.280s][info][gc             ] GC(427) Pause Young (Allocation Failure) 604M->396M(597M) 2.897ms
[240.280s][info][gc,cpu         ] GC(427) User=0.00s Sys=0.00s Real=0.00s
[240.774s][info][gc,start       ] GC(428) Pause Young (Allocation Failure)
[240.777s][info][gc,heap        ] GC(428) PSYoungGen: 205417K(205824K)->864K(206336K) Eden: 204800K(204800K)->0K(197632K) From: 617K(1024K)->864K(8704K)
[240.777s][info][gc,heap        ] GC(428) ParOldGen: 405007K(405504K)->405023K(405504K)
[240.777s][info][gc,metaspace   ] GC(428) Metaspace: 56864K(57152K)->56864K(57152K) NonClass: 51245K(51456K)->51245K(51456K) Class: 5618K(5696K)->5618K(5696K)
[240.777s][info][gc             ] GC(428) Pause Young (Allocation Failure) 596M->396M(597M) 2.812ms
[240.777s][info][gc,cpu         ] GC(428) User=0.00s Sys=0.00s Real=0.00s
[241.203s][info][gc,start       ] GC(429) Pause Young (Allocation Failure)
[241.209s][info][gc,heap        ] GC(429) PSYoungGen: 198496K(206336K)->2783K(193536K) Eden: 197632K(197632K)->0K(190464K) From: 864K(8704K)->2783K(3072K)
[241.209s][info][gc,heap        ] GC(429) ParOldGen: 405023K(405504K)->405039K(405504K)
[241.209s][info][gc,metaspace   ] GC(429) Metaspace: 56864K(57152K)->56864K(57152K) NonClass: 51245K(51456K)->51245K(51456K) Class: 5618K(5696K)->5618K(5696K)
[241.209s][info][gc             ] GC(429) Pause Young (Allocation Failure) 589M->398M(585M) 5.151ms
[241.209s][info][gc,cpu         ] GC(429) User=0.01s Sys=0.00s Real=0.00s
[241.678s][info][gc,start       ] GC(430) Pause Young (Allocation Failure)
[241.681s][info][gc,heap        ] GC(430) PSYoungGen: 193247K(193536K)->1151K(185344K) Eden: 190464K(190464K)->0K(183808K) From: 2783K(3072K)->1151K(1536K)
[241.681s][info][gc,heap        ] GC(430) ParOldGen: 405039K(405504K)->405055K(405504K)
[241.681s][info][gc,metaspace   ] GC(430) Metaspace: 56864K(57152K)->56864K(57152K) NonClass: 51245K(51456K)->51245K(51456K) Class: 5618K(5696K)->5618K(5696K)
[241.681s][info][gc             ] GC(430) Pause Young (Allocation Failure) 584M->396M(577M) 3.156ms
[241.681s][info][gc,cpu         ] GC(430) User=0.01s Sys=0.00s Real=0.01s
[242.095s][info][gc,start       ] GC(431) Pause Young (Allocation Failure)
[242.099s][info][gc,heap        ] GC(431) PSYoungGen: 184737K(185344K)->2208K(179712K) Eden: 183585K(183808K)->0K(177152K) From: 1151K(1536K)->2208K(2560K)
[242.099s][info][gc,heap        ] GC(431) ParOldGen: 405055K(405504K)->405071K(405504K)
[242.099s][info][gc,metaspace   ] GC(431) Metaspace: 56864K(57152K)->56864K(57152K) NonClass: 51245K(51456K)->51245K(51456K) Class: 5618K(5696K)->5618K(5696K)
[242.099s][info][gc             ] GC(431) Pause Young (Allocation Failure) 575M->397M(571M) 4.615ms
[242.099s][info][gc,cpu         ] GC(431) User=0.00s Sys=0.01s Real=0.00s
[242.661s][info][gc,start       ] GC(432) Pause Young (Allocation Failure)
[242.673s][info][gc,heap        ] GC(432) PSYoungGen: 179360K(179712K)->2591K(214016K) Eden: 177152K(177152K)->0K(210944K) From: 2208K(2560K)->2591K(3072K)
[242.673s][info][gc,heap        ] GC(432) ParOldGen: 405071K(405504K)->405087K(405504K)
[242.673s][info][gc,metaspace   ] GC(432) Metaspace: 56864K(57152K)->56864K(57152K) NonClass: 51245K(51456K)->51245K(51456K) Class: 5618K(5696K)->5618K(5696K)
[242.673s][info][gc             ] GC(432) Pause Young (Allocation Failure) 570M->398M(605M) 11.436ms
[242.673s][info][gc,cpu         ] GC(432) User=0.01s Sys=0.00s Real=0.01s
[243.101s][info][gc,start       ] GC(433) Pause Young (Allocation Failure)
[243.107s][info][gc,heap        ] GC(433) PSYoungGen: 213535K(214016K)->2367K(243712K) Eden: 210944K(210944K)->0K(237056K) From: 2591K(3072K)->2367K(6656K)
[243.107s][info][gc,heap        ] GC(433) ParOldGen: 405087K(405504K)->405103K(405504K)
[243.107s][info][gc,metaspace   ] GC(433) Metaspace: 56864K(57152K)->56864K(57152K) NonClass: 51245K(51456K)->51245K(51456K) Class: 5618K(5696K)->5618K(5696K)
[243.107s][info][gc             ] GC(433) Pause Young (Allocation Failure) 604M->397M(634M) 6.156ms
[243.107s][info][gc,cpu         ] GC(433) User=0.01s Sys=0.00s Real=0.00s
[243.686s][info][gc,start       ] GC(434) Pause Young (Allocation Failure)
[243.690s][info][gc,heap        ] GC(434) PSYoungGen: 239423K(243712K)->2048K(243712K) Eden: 237056K(237056K)->0K(237056K) From: 2367K(6656K)->2048K(6656K)
[243.690s][info][gc,heap        ] GC(434) ParOldGen: 405103K(405504K)->405119K(405504K)
[243.690s][info][gc,metaspace   ] GC(434) Metaspace: 56864K(57152K)->56864K(57152K) NonClass: 51245K(51456K)->51245K(51456K) Class: 5618K(5696K)->5618K(5696K)
[243.690s][info][gc             ] GC(434) Pause Young (Allocation Failure) 629M->397M(634M) 4.191ms
[243.690s][info][gc,cpu         ] GC(434) User=0.00s Sys=0.00s Real=0.00s
[244.270s][info][gc,start       ] GC(435) Pause Young (Allocation Failure)
[244.272s][info][gc,heap        ] GC(435) PSYoungGen: 239104K(243712K)->128K(228864K) Eden: 237056K(237056K)->0K(228352K) From: 2048K(6656K)->128K(512K)
[244.272s][info][gc,heap        ] GC(435) ParOldGen: 405119K(405504K)->405135K(405504K)
[244.272s][info][gc,metaspace   ] GC(435) Metaspace: 56864K(57152K)->56864K(57152K) NonClass: 51245K(51456K)->51245K(51456K) Class: 5618K(5696K)->5618K(5696K)
[244.272s][info][gc             ] GC(435) Pause Young (Allocation Failure) 629M->395M(619M) 1.895ms
[244.272s][info][gc,cpu         ] GC(435) User=0.00s Sys=0.00s Real=0.01s
[244.784s][info][gc,start       ] GC(436) Pause Young (Allocation Failure)
[244.789s][info][gc,heap        ] GC(436) PSYoungGen: 228480K(228864K)->2302K(225792K) Eden: 228352K(228352K)->0K(219648K) From: 128K(512K)->2302K(6144K)
[244.789s][info][gc,heap        ] GC(436) ParOldGen: 405135K(405504K)->405151K(405504K)
[244.789s][info][gc,metaspace   ] GC(436) Metaspace: 56864K(57152K)->56864K(57152K) NonClass: 51245K(51456K)->51245K(51456K) Class: 5618K(5696K)->5618K(5696K)
[244.789s][info][gc             ] GC(436) Pause Young (Allocation Failure) 618M->397M(616M) 4.647ms
[244.789s][info][gc,cpu         ] GC(436) User=0.01s Sys=0.00s Real=0.00s
[245.292s][info][gc,start       ] GC(437) Pause Young (Allocation Failure)
[245.298s][info][gc,heap        ] GC(437) PSYoungGen: 221950K(225792K)->2720K(263680K) Eden: 219648K(219648K)->0K(260608K) From: 2302K(6144K)->2720K(3072K)
[245.298s][info][gc,heap        ] GC(437) ParOldGen: 405151K(405504K)->405167K(405504K)
[245.298s][info][gc,metaspace   ] GC(437) Metaspace: 56864K(57152K)->56864K(57152K) NonClass: 51245K(51456K)->51245K(51456K) Class: 5618K(5696K)->5618K(5696K)
[245.298s][info][gc             ] GC(437) Pause Young (Allocation Failure) 612M->398M(653M) 6.627ms
[245.298s][info][gc,cpu         ] GC(437) User=0.01s Sys=0.00s Real=0.00s
[245.907s][info][gc,start       ] GC(438) Pause Young (Allocation Failure)
[245.914s][info][gc,heap        ] GC(438) PSYoungGen: 263328K(263680K)->2815K(280064K) Eden: 260608K(260608K)->0K(274432K) From: 2720K(3072K)->2815K(5632K)
[245.914s][info][gc,heap        ] GC(438) ParOldGen: 405167K(405504K)->405183K(405504K)
[245.914s][info][gc,metaspace   ] GC(438) Metaspace: 56864K(57152K)->56864K(57152K) NonClass: 51245K(51456K)->51245K(51456K) Class: 5618K(5696K)->5618K(5696K)
[245.914s][info][gc             ] GC(438) Pause Young (Allocation Failure) 652M->398M(669M) 7.247ms
[245.914s][info][gc,cpu         ] GC(438) User=0.00s Sys=0.00s Real=0.01s
[246.585s][info][gc,start       ] GC(439) Pause Young (Allocation Failure)
[246.588s][info][gc,heap        ] GC(439) PSYoungGen: 277247K(280064K)->1726K(265728K) Eden: 274432K(274432K)->0K(263680K) From: 2815K(5632K)->1726K(2048K)
[246.588s][info][gc,heap        ] GC(439) ParOldGen: 405183K(405504K)->405199K(405504K)
[246.588s][info][gc,metaspace   ] GC(439) Metaspace: 56864K(57152K)->56864K(57152K) NonClass: 51245K(51456K)->51245K(51456K) Class: 5618K(5696K)->5618K(5696K)
[246.588s][info][gc             ] GC(439) Pause Young (Allocation Failure) 666M->397M(655M) 3.720ms
[246.588s][info][gc,cpu         ] GC(439) User=0.01s Sys=0.00s Real=0.00s
[247.233s][info][gc,start       ] GC(440) Pause Young (Allocation Failure)
[247.236s][info][gc,heap        ] GC(440) PSYoungGen: 265406K(265728K)->1470K(254976K) Eden: 263680K(263680K)->0K(253440K) From: 1726K(2048K)->1470K(1536K)
[247.236s][info][gc,heap        ] GC(440) ParOldGen: 405199K(405504K)->405215K(405504K)
[247.236s][info][gc,metaspace   ] GC(440) Metaspace: 56864K(57152K)->56864K(57152K) NonClass: 51245K(51456K)->51245K(51456K) Class: 5618K(5696K)->5618K(5696K)
[247.236s][info][gc             ] GC(440) Pause Young (Allocation Failure) 654M->397M(645M) 3.513ms
[247.236s][info][gc,cpu         ] GC(440) User=0.00s Sys=0.00s Real=0.00s
[247.793s][info][gc,start       ] GC(441) Pause Young (Allocation Failure)
[247.798s][info][gc,heap        ] GC(441) PSYoungGen: 254910K(254976K)->2048K(245760K) Eden: 253440K(253440K)->0K(243712K) From: 1470K(1536K)->2048K(2048K)
[247.798s][info][gc,heap        ] GC(441) ParOldGen: 405215K(405504K)->405231K(405504K)
[247.798s][info][gc,metaspace   ] GC(441) Metaspace: 56864K(57152K)->56864K(57152K) NonClass: 51245K(51456K)->51245K(51456K) Class: 5618K(5696K)->5618K(5696K)
[247.798s][info][gc             ] GC(441) Pause Young (Allocation Failure) 644M->397M(636M) 5.042ms
[247.798s][info][gc,cpu         ] GC(441) User=0.00s Sys=0.00s Real=0.00s
[248.379s][info][gc,start       ] GC(442) Pause Young (Allocation Failure)
[248.382s][info][gc,heap        ] GC(442) PSYoungGen: 245760K(245760K)->1630K(236544K) Eden: 243712K(243712K)->0K(234496K) From: 2048K(2048K)->1630K(2048K)
[248.382s][info][gc,heap        ] GC(442) ParOldGen: 405231K(405504K)->405247K(405504K)
[248.382s][info][gc,metaspace   ] GC(442) Metaspace: 56864K(57152K)->56864K(57152K) NonClass: 51245K(51456K)->51245K(51456K) Class: 5618K(5696K)->5618K(5696K)
[248.382s][info][gc             ] GC(442) Pause Young (Allocation Failure) 635M->397M(627M) 3.718ms
[248.382s][info][gc,cpu         ] GC(442) User=0.01s Sys=0.00s Real=0.01s
[248.900s][info][gc,start       ] GC(443) Pause Young (Allocation Failure)
[248.905s][info][gc,heap        ] GC(443) PSYoungGen: 236126K(236544K)->2750K(228864K) Eden: 234496K(234496K)->0K(225792K) From: 1630K(2048K)->2750K(3072K)
[248.905s][info][gc,heap        ] GC(443) ParOldGen: 405247K(405504K)->405263K(405504K)
[248.905s][info][gc,metaspace   ] GC(443) Metaspace: 56864K(57152K)->56864K(57152K) NonClass: 51245K(51456K)->51245K(51456K) Class: 5618K(5696K)->5618K(5696K)
[248.905s][info][gc             ] GC(443) Pause Young (Allocation Failure) 626M->398M(619M) 5.105ms
[248.905s][info][gc,cpu         ] GC(443) User=0.01s Sys=0.00s Real=0.01s
[249.478s][info][gc,start       ] GC(444) Pause Young (Allocation Failure)
[249.483s][info][gc,heap        ] GC(444) PSYoungGen: 228542K(228864K)->1009K(218624K) Eden: 225792K(225792K)->0K(217600K) From: 2750K(3072K)->1009K(1024K)
[249.483s][info][gc,heap        ] GC(444) ParOldGen: 405263K(405504K)->405279K(405504K)
[249.483s][info][gc,metaspace   ] GC(444) Metaspace: 56864K(57152K)->56864K(57152K) NonClass: 51245K(51456K)->51245K(51456K) Class: 5618K(5696K)->5618K(5696K)
[249.483s][info][gc             ] GC(444) Pause Young (Allocation Failure) 618M->396M(609M) 5.730ms
[249.483s][info][gc,cpu         ] GC(444) User=0.01s Sys=0.00s Real=0.01s
[249.983s][info][gc,start       ] GC(445) Pause Young (Allocation Failure)
[249.988s][info][gc,heap        ] GC(445) PSYoungGen: 218609K(218624K)->2526K(211968K) Eden: 217600K(217600K)->0K(209408K) From: 1009K(1024K)->2526K(2560K)
[249.988s][info][gc,heap        ] GC(445) ParOldGen: 405279K(405504K)->405295K(405504K)
[249.988s][info][gc,metaspace   ] GC(445) Metaspace: 56864K(57152K)->56864K(57152K) NonClass: 51245K(51456K)->51245K(51456K) Class: 5618K(5696K)->5618K(5696K)
[249.988s][info][gc             ] GC(445) Pause Young (Allocation Failure) 609M->398M(603M) 5.170ms
[249.988s][info][gc,cpu         ] GC(445) User=0.01s Sys=0.00s Real=0.00s
[250.482s][info][gc,start       ] GC(446) Pause Young (Allocation Failure)
[250.487s][info][gc,heap        ] GC(446) PSYoungGen: 211934K(211968K)->2430K(204288K) Eden: 209408K(209408K)->0K(201728K) From: 2526K(2560K)->2430K(2560K)
[250.487s][info][gc,heap        ] GC(446) ParOldGen: 405295K(405504K)->405311K(405504K)
[250.487s][info][gc,metaspace   ] GC(446) Metaspace: 56864K(57152K)->56864K(57152K) NonClass: 51245K(51456K)->51245K(51456K) Class: 5618K(5696K)->5618K(5696K)
[250.487s][info][gc             ] GC(446) Pause Young (Allocation Failure) 602M->398M(595M) 5.018ms
[250.487s][info][gc,cpu         ] GC(446) User=0.00s Sys=0.00s Real=0.00s
[250.973s][info][gc,start       ] GC(447) Pause Young (Allocation Failure)
[250.975s][info][gc,heap        ] GC(447) PSYoungGen: 204158K(204288K)->448K(195072K) Eden: 201728K(201728K)->0K(194560K) From: 2430K(2560K)->448K(512K)
[250.975s][info][gc,heap        ] GC(447) ParOldGen: 405311K(405504K)->405327K(405504K)
[250.975s][info][gc,metaspace   ] GC(447) Metaspace: 56864K(57152K)->56864K(57152K) NonClass: 51245K(51456K)->51245K(51456K) Class: 5618K(5696K)->5618K(5696K)
[250.975s][info][gc             ] GC(447) Pause Young (Allocation Failure) 595M->396M(586M) 2.499ms
[250.975s][info][gc,cpu         ] GC(447) User=0.00s Sys=0.00s Real=0.00s
[251.444s][info][gc,start       ] GC(448) Pause Young (Allocation Failure)
[251.447s][info][gc,heap        ] GC(448) PSYoungGen: 194893K(195072K)->928K(192000K) Eden: 194445K(194560K)->0K(187392K) From: 448K(512K)->928K(4608K)
[251.447s][info][gc,heap        ] GC(448) ParOldGen: 405327K(405504K)->405343K(405504K)
[251.447s][info][gc,metaspace   ] GC(448) Metaspace: 56864K(57152K)->56864K(57152K) NonClass: 51245K(51456K)->51245K(51456K) Class: 5618K(5696K)->5618K(5696K)
[251.447s][info][gc             ] GC(448) Pause Young (Allocation Failure) 586M->396M(583M) 3.083ms
[251.447s][info][gc,cpu         ] GC(448) User=0.01s Sys=0.00s Real=0.00s
[251.878s][info][gc,start       ] GC(449) Pause Young (Allocation Failure)
[251.883s][info][gc,heap        ] GC(449) PSYoungGen: 188320K(192000K)->2046K(182784K) Eden: 187392K(187392K)->0K(180736K) From: 928K(4608K)->2046K(2048K)
[251.883s][info][gc,heap        ] GC(449) ParOldGen: 405343K(405504K)->405359K(405504K)
[251.883s][info][gc,metaspace   ] GC(449) Metaspace: 56864K(57152K)->56864K(57152K) NonClass: 51245K(51456K)->51245K(51456K) Class: 5618K(5696K)->5618K(5696K)
[251.884s][info][gc             ] GC(449) Pause Young (Allocation Failure) 579M->397M(574M) 5.371ms
[251.884s][info][gc,cpu         ] GC(449) User=0.01s Sys=0.00s Real=0.01s
[252.291s][info][gc,start       ] GC(450) Pause Young (Allocation Failure)
[252.297s][info][gc,heap        ] GC(450) PSYoungGen: 182782K(182784K)->2622K(177664K) Eden: 180736K(180736K)->0K(174592K) From: 2046K(2048K)->2622K(3072K)
[252.297s][info][gc,heap        ] GC(450) ParOldGen: 405359K(405504K)->405375K(405504K)
[252.297s][info][gc,metaspace   ] GC(450) Metaspace: 56864K(57152K)->56864K(57152K) NonClass: 51245K(51456K)->51245K(51456K) Class: 5618K(5696K)->5618K(5696K)
[252.297s][info][gc             ] GC(450) Pause Young (Allocation Failure) 574M->398M(569M) 6.505ms
[252.297s][info][gc,cpu         ] GC(450) User=0.01s Sys=0.00s Real=0.01s
[252.701s][info][gc,start       ] GC(451) Pause Young (Allocation Failure)
[252.707s][info][gc,heap        ] GC(451) PSYoungGen: 177214K(177664K)->3102K(211456K) Eden: 174591K(174592K)->0K(207872K) From: 2622K(3072K)->3102K(3584K)
[252.707s][info][gc,heap        ] GC(451) ParOldGen: 405375K(405504K)->405391K(405504K)
[252.707s][info][gc,metaspace   ] GC(451) Metaspace: 56864K(57152K)->56864K(57152K) NonClass: 51245K(51456K)->51245K(51456K) Class: 5618K(5696K)->5618K(5696K)
[252.707s][info][gc             ] GC(451) Pause Young (Allocation Failure) 568M->398M(602M) 5.851ms
[252.707s][info][gc,cpu         ] GC(451) User=0.01s Sys=0.01s Real=0.00s
[253.198s][info][gc,start       ] GC(452) Pause Young (Allocation Failure)
[253.204s][info][gc,heap        ] GC(452) PSYoungGen: 210871K(211456K)->2688K(250368K) Eden: 207768K(207872K)->0K(247296K) From: 3102K(3584K)->2688K(3072K)
[253.204s][info][gc,heap        ] GC(452) ParOldGen: 405391K(405504K)->405407K(405504K)
[253.204s][info][gc,metaspace   ] GC(452) Metaspace: 56864K(57152K)->56864K(57152K) NonClass: 51245K(51456K)->51245K(51456K) Class: 5618K(5696K)->5618K(5696K)
[253.204s][info][gc             ] GC(452) Pause Young (Allocation Failure) 601M->398M(640M) 5.743ms
[253.204s][info][gc,cpu         ] GC(452) User=0.01s Sys=0.01s Real=0.01s
[253.798s][info][gc,start       ] GC(453) Pause Young (Allocation Failure)
[253.802s][info][gc,heap        ] GC(453) PSYoungGen: 249984K(250368K)->1824K(286208K) Eden: 247296K(247296K)->0K(283136K) From: 2688K(3072K)->1824K(3072K)
[253.802s][info][gc,heap        ] GC(453) ParOldGen: 405407K(405504K)->405423K(405504K)
[253.802s][info][gc,metaspace   ] GC(453) Metaspace: 56864K(57152K)->56864K(57152K) NonClass: 51245K(51456K)->51245K(51456K) Class: 5618K(5696K)->5618K(5696K)
[253.802s][info][gc             ] GC(453) Pause Young (Allocation Failure) 640M->397M(675M) 4.015ms
[253.802s][info][gc,cpu         ] GC(453) User=0.01s Sys=0.00s Real=0.01s
[254.499s][info][gc,start       ] GC(454) Pause Young (Allocation Failure)
[254.503s][info][gc,heap        ] GC(454) PSYoungGen: 284960K(286208K)->1983K(273920K) Eden: 283136K(283136K)->0K(271872K) From: 1824K(3072K)->1983K(2048K)
[254.503s][info][gc,heap        ] GC(454) ParOldGen: 405423K(405504K)->405439K(405504K)
[254.503s][info][gc,metaspace   ] GC(454) Metaspace: 56864K(57152K)->56864K(57152K) NonClass: 51245K(51456K)->51245K(51456K) Class: 5618K(5696K)->5618K(5696K)
[254.503s][info][gc             ] GC(454) Pause Young (Allocation Failure) 674M->397M(663M) 3.987ms
[254.503s][info][gc,cpu         ] GC(454) User=0.01s Sys=0.00s Real=0.01s
[255.102s][info][gc,start       ] GC(455) Pause Young (Allocation Failure)
[255.106s][info][gc,heap        ] GC(455) PSYoungGen: 273855K(273920K)->2208K(263680K) Eden: 271872K(271872K)->0K(261120K) From: 1983K(2048K)->2208K(2560K)
[255.106s][info][gc,heap        ] GC(455) ParOldGen: 405439K(405504K)->405455K(405504K)
[255.106s][info][gc,metaspace   ] GC(455) Metaspace: 56864K(57152K)->56864K(57152K) NonClass: 51245K(51456K)->51245K(51456K) Class: 5618K(5696K)->5618K(5696K)
[255.106s][info][gc             ] GC(455) Pause Young (Allocation Failure) 663M->398M(653M) 4.529ms
[255.106s][info][gc,cpu         ] GC(455) User=0.01s Sys=0.00s Real=0.00s
[255.763s][info][gc,start       ] GC(456) Pause Young (Allocation Failure)
[255.766s][info][gc,heap        ] GC(456) PSYoungGen: 263328K(263680K)->1247K(252416K) Eden: 261120K(261120K)->0K(250880K) From: 2208K(2560K)->1247K(1536K)
[255.766s][info][gc,heap        ] GC(456) ParOldGen: 405455K(405504K)->405471K(405504K)
[255.766s][info][gc,metaspace   ] GC(456) Metaspace: 56864K(57152K)->56864K(57152K) NonClass: 51245K(51456K)->51245K(51456K) Class: 5618K(5696K)->5618K(5696K)
[255.766s][info][gc             ] GC(456) Pause Young (Allocation Failure) 653M->397M(642M) 3.149ms
[255.766s][info][gc,cpu         ] GC(456) User=0.00s Sys=0.00s Real=0.00s
[256.311s][info][gc,start       ] GC(457) Pause Young (Allocation Failure)
[256.315s][info][gc,heap        ] GC(457) PSYoungGen: 252127K(252416K)->1023K(242176K) Eden: 250880K(250880K)->0K(241152K) From: 1247K(1536K)->1023K(1024K)
[256.315s][info][gc,heap        ] GC(457) ParOldGen: 405471K(405504K)->405487K(405504K)
[256.315s][info][gc,metaspace   ] GC(457) Metaspace: 56864K(57152K)->56864K(57152K) NonClass: 51245K(51456K)->51245K(51456K) Class: 5618K(5696K)->5618K(5696K)
[256.315s][info][gc             ] GC(457) Pause Young (Allocation Failure) 642M->396M(632M) 3.210ms
[256.315s][info][gc,cpu         ] GC(457) User=0.00s Sys=0.01s Real=0.00s
[256.898s][info][gc,start       ] GC(458) Pause Young (Allocation Failure)
[256.903s][info][gc,heap        ] GC(458) PSYoungGen: 242175K(242176K)->2623K(235008K) Eden: 241152K(241152K)->0K(231936K) From: 1023K(1024K)->2623K(3072K)
[256.903s][info][gc,heap        ] GC(458) ParOldGen: 405487K(405504K)->405503K(405504K)
[256.903s][info][gc,metaspace   ] GC(458) Metaspace: 56864K(57152K)->56864K(57152K) NonClass: 51245K(51456K)->51245K(51456K) Class: 5618K(5696K)->5618K(5696K)
[256.903s][info][gc             ] GC(458) Pause Young (Allocation Failure) 632M->398M(625M) 4.494ms
[256.903s][info][gc,cpu         ] GC(458) User=0.00s Sys=0.00s Real=0.01s
[257.423s][info][gc,start       ] GC(459) Pause Young (Allocation Failure)
[257.425s][info][gc,heap        ] GC(459) PSYoungGen: 234559K(235008K)->327K(223744K) Eden: 231936K(231936K)->0K(223232K) From: 2623K(3072K)->327K(512K)
[257.425s][info][gc,heap        ] GC(459) ParOldGen: 405503K(405504K)->405519K(406016K)
[257.425s][info][gc,metaspace   ] GC(459) Metaspace: 56864K(57152K)->56864K(57152K) NonClass: 51245K(51456K)->51245K(51456K) Class: 5618K(5696K)->5618K(5696K)
[257.425s][info][gc             ] GC(459) Pause Young (Allocation Failure) 625M->396M(615M) 2.482ms
[257.425s][info][gc,cpu         ] GC(459) User=0.01s Sys=0.00s Real=0.00s
[257.983s][info][gc,start       ] GC(460) Pause Young (Allocation Failure)
[257.987s][info][gc,heap        ] GC(460) PSYoungGen: 223559K(223744K)->1919K(219136K) Eden: 223232K(223232K)->0K(215040K) From: 327K(512K)->1919K(4096K)
[257.987s][info][gc,heap        ] GC(460) ParOldGen: 405519K(406016K)->405535K(406016K)
[257.987s][info][gc,metaspace   ] GC(460) Metaspace: 56864K(57152K)->56864K(57152K) NonClass: 51245K(51456K)->51245K(51456K) Class: 5618K(5696K)->5618K(5696K)
[257.987s][info][gc             ] GC(460) Pause Young (Allocation Failure) 614M->397M(610M) 3.599ms
[257.987s][info][gc,cpu         ] GC(460) User=0.01s Sys=0.00s Real=0.00s
[258.490s][info][gc,start       ] GC(461) Pause Young (Allocation Failure)
[258.495s][info][gc,heap        ] GC(461) PSYoungGen: 216959K(219136K)->2783K(210432K) Eden: 215040K(215040K)->0K(207360K) From: 1919K(4096K)->2783K(3072K)
[258.495s][info][gc,heap        ] GC(461) ParOldGen: 405535K(406016K)->405551K(406016K)
[258.495s][info][gc,metaspace   ] GC(461) Metaspace: 56864K(57152K)->56864K(57152K) NonClass: 51245K(51456K)->51245K(51456K) Class: 5618K(5696K)->5618K(5696K)
[258.495s][info][gc             ] GC(461) Pause Young (Allocation Failure) 607M->398M(602M) 4.756ms
[258.495s][info][gc,cpu         ] GC(461) User=0.00s Sys=0.00s Real=0.01s
[259.000s][info][gc,start       ] GC(462) Pause Young (Allocation Failure)
[259.004s][info][gc,heap        ] GC(462) PSYoungGen: 210143K(210432K)->2463K(202240K) Eden: 207360K(207360K)->0K(199680K) From: 2783K(3072K)->2463K(2560K)
[259.005s][info][gc,heap        ] GC(462) ParOldGen: 405551K(406016K)->405567K(406016K)
[259.005s][info][gc,metaspace   ] GC(462) Metaspace: 56864K(57152K)->56864K(57152K) NonClass: 51245K(51456K)->51245K(51456K) Class: 5618K(5696K)->5618K(5696K)
[259.005s][info][gc             ] GC(462) Pause Young (Allocation Failure) 601M->398M(594M) 4.535ms
[259.005s][info][gc,cpu         ] GC(462) User=0.01s Sys=0.01s Real=0.01s
[259.474s][info][gc,start       ] GC(463) Pause Young (Allocation Failure)
[259.477s][info][gc,heap        ] GC(463) PSYoungGen: 202143K(202240K)->958K(193536K) Eden: 199680K(199680K)->0K(192512K) From: 2463K(2560K)->958K(1024K)
[259.477s][info][gc,heap        ] GC(463) ParOldGen: 405567K(406016K)->405583K(406016K)
[259.477s][info][gc,metaspace   ] GC(463) Metaspace: 56864K(57152K)->56864K(57152K) NonClass: 51245K(51456K)->51245K(51456K) Class: 5618K(5696K)->5618K(5696K)
[259.477s][info][gc             ] GC(463) Pause Young (Allocation Failure) 593M->397M(585M) 2.980ms
[259.477s][info][gc,cpu         ] GC(463) User=0.01s Sys=0.00s Real=0.00s
[259.896s][info][gc,start       ] GC(464) Pause Young (Allocation Failure)
[259.902s][info][gc,heap        ] GC(464) PSYoungGen: 193470K(193536K)->2976K(188928K) Eden: 192512K(192512K)->0K(185856K) From: 958K(1024K)->2976K(3072K)
[259.902s][info][gc,heap        ] GC(464) ParOldGen: 405583K(406016K)->405599K(406016K)
[259.902s][info][gc,metaspace   ] GC(464) Metaspace: 56864K(57152K)->56864K(57152K) NonClass: 51245K(51456K)->51245K(51456K) Class: 5618K(5696K)->5618K(5696K)
[259.902s][info][gc             ] GC(464) Pause Young (Allocation Failure) 585M->398M(581M) 5.645ms
[259.902s][info][gc,cpu         ] GC(464) User=0.01s Sys=0.00s Real=0.01s
[260.374s][info][gc,start       ] GC(465) Pause Young (Allocation Failure)
[260.377s][info][gc,heap        ] GC(465) PSYoungGen: 188832K(188928K)->836K(180224K) Eden: 185856K(185856K)->0K(179200K) From: 2976K(3072K)->836K(1024K)
[260.377s][info][gc,heap        ] GC(465) ParOldGen: 405599K(406016K)->405615K(406016K)
[260.377s][info][gc,metaspace   ] GC(465) Metaspace: 56864K(57152K)->56864K(57152K) NonClass: 51245K(51456K)->51245K(51456K) Class: 5618K(5696K)->5618K(5696K)
[260.377s][info][gc             ] GC(465) Pause Young (Allocation Failure) 580M->396M(572M) 2.675ms
[260.377s][info][gc,cpu         ] GC(465) User=0.00s Sys=0.00s Real=0.00s
[260.788s][info][gc,start       ] GC(466) Pause Young (Allocation Failure)
[260.792s][info][gc,heap        ] GC(466) PSYoungGen: 180036K(180224K)->2207K(177664K) Eden: 179200K(179200K)->0K(173056K) From: 836K(1024K)->2207K(4608K)
[260.792s][info][gc,heap        ] GC(466) ParOldGen: 405615K(406016K)->405631K(406016K)
[260.792s][info][gc,metaspace   ] GC(466) Metaspace: 56864K(57152K)->56864K(57152K) NonClass: 51245K(51456K)->51245K(51456K) Class: 5618K(5696K)->5618K(5696K)
[260.792s][info][gc             ] GC(466) Pause Young (Allocation Failure) 571M->398M(570M) 4.030ms
[260.792s][info][gc,cpu         ] GC(466) User=0.00s Sys=0.00s Real=0.01s
[261.245s][info][gc,start       ] GC(467) Pause Young (Allocation Failure)
[261.249s][info][gc,heap        ] GC(467) PSYoungGen: 175263K(177664K)->2463K(169472K) Eden: 173056K(173056K)->0K(166912K) From: 2207K(4608K)->2463K(2560K)
[261.249s][info][gc,heap        ] GC(467) ParOldGen: 405631K(406016K)->405647K(406016K)
[261.249s][info][gc,metaspace   ] GC(467) Metaspace: 56864K(57152K)->56864K(57152K) NonClass: 51245K(51456K)->51245K(51456K) Class: 5618K(5696K)->5618K(5696K)
[261.249s][info][gc             ] GC(467) Pause Young (Allocation Failure) 567M->398M(562M) 4.384ms
[261.249s][info][gc,cpu         ] GC(467) User=0.00s Sys=0.00s Real=0.00s
[261.589s][info][gc,start       ] GC(468) Pause Young (Allocation Failure)
[261.593s][info][gc,heap        ] GC(468) PSYoungGen: 169137K(169472K)->1984K(163328K) Eden: 166674K(166912K)->0K(161280K) From: 2463K(2560K)->1984K(2048K)
[261.593s][info][gc,heap        ] GC(468) ParOldGen: 405647K(406016K)->405663K(406016K)
[261.593s][info][gc,metaspace   ] GC(468) Metaspace: 56864K(57152K)->56864K(57152K) NonClass: 51245K(51456K)->51245K(51456K) Class: 5618K(5696K)->5618K(5696K)
[261.593s][info][gc             ] GC(468) Pause Young (Allocation Failure) 561M->398M(556M) 4.138ms
[261.593s][info][gc,cpu         ] GC(468) User=0.01s Sys=0.00s Real=0.01s
[261.978s][info][gc,start       ] GC(469) Pause Young (Allocation Failure)
[261.982s][info][gc,heap        ] GC(469) PSYoungGen: 163264K(163328K)->1906K(157696K) Eden: 161280K(161280K)->0K(155648K) From: 1984K(2048K)->1906K(2048K)
[261.982s][info][gc,heap        ] GC(469) ParOldGen: 405663K(406016K)->405679K(406016K)
[261.982s][info][gc,metaspace   ] GC(469) Metaspace: 56864K(57152K)->56864K(57152K) NonClass: 51245K(51456K)->51245K(51456K) Class: 5618K(5696K)->5618K(5696K)
[261.982s][info][gc             ] GC(469) Pause Young (Allocation Failure) 555M->398M(550M) 3.515ms
[261.982s][info][gc,cpu         ] GC(469) User=0.01s Sys=0.00s Real=0.01s
[262.380s][info][gc,start       ] GC(470) Pause Young (Allocation Failure)
[262.383s][info][gc,heap        ] GC(470) PSYoungGen: 157554K(157696K)->1695K(152576K) Eden: 155648K(155648K)->0K(150528K) From: 1906K(2048K)->1695K(2048K)
[262.383s][info][gc,heap        ] GC(470) ParOldGen: 405679K(406016K)->405695K(406016K)
[262.383s][info][gc,metaspace   ] GC(470) Metaspace: 56864K(57152K)->56864K(57152K) NonClass: 51245K(51456K)->51245K(51456K) Class: 5618K(5696K)->5618K(5696K)
[262.383s][info][gc             ] GC(470) Pause Young (Allocation Failure) 550M->397M(545M) 3.512ms
[262.383s][info][gc,cpu         ] GC(470) User=0.00s Sys=0.00s Real=0.01s
[262.686s][info][gc,start       ] GC(471) Pause Young (Allocation Failure)
[262.690s][info][gc,heap        ] GC(471) PSYoungGen: 152223K(152576K)->2271K(181248K) Eden: 150528K(150528K)->0K(178688K) From: 1695K(2048K)->2271K(2560K)
[262.690s][info][gc,heap        ] GC(471) ParOldGen: 405695K(406016K)->405711K(406016K)
[262.690s][info][gc,metaspace   ] GC(471) Metaspace: 56864K(57152K)->56864K(57152K) NonClass: 51245K(51456K)->51245K(51456K) Class: 5618K(5696K)->5618K(5696K)
[262.690s][info][gc             ] GC(471) Pause Young (Allocation Failure) 544M->398M(573M) 4.184ms
[262.690s][info][gc,cpu         ] GC(471) User=0.01s Sys=0.00s Real=0.00s
[263.098s][info][gc,start       ] GC(472) Pause Young (Allocation Failure)
[263.103s][info][gc,heap        ] GC(472) PSYoungGen: 180959K(181248K)->2847K(215552K) Eden: 178688K(178688K)->0K(212480K) From: 2271K(2560K)->2847K(3072K)
[263.103s][info][gc,heap        ] GC(472) ParOldGen: 405711K(406016K)->405727K(406016K)
[263.103s][info][gc,metaspace   ] GC(472) Metaspace: 56864K(57152K)->56864K(57152K) NonClass: 51245K(51456K)->51245K(51456K) Class: 5618K(5696K)->5618K(5696K)
[263.103s][info][gc             ] GC(472) Pause Young (Allocation Failure) 572M->398M(607M) 4.862ms
[263.103s][info][gc,cpu         ] GC(472) User=0.01s Sys=0.00s Real=0.01s
[263.597s][info][gc,start       ] GC(473) Pause Young (Allocation Failure)
[263.600s][info][gc,heap        ] GC(473) PSYoungGen: 215320K(215552K)->1088K(206336K) Eden: 212473K(212480K)->0K(204800K) From: 2847K(3072K)->1088K(1536K)
[263.600s][info][gc,heap        ] GC(473) ParOldGen: 405727K(406016K)->405743K(406016K)
[263.600s][info][gc,metaspace   ] GC(473) Metaspace: 56864K(57152K)->56864K(57152K) NonClass: 51245K(51456K)->51245K(51456K) Class: 5618K(5696K)->5618K(5696K)
[263.600s][info][gc             ] GC(473) Pause Young (Allocation Failure) 606M->397M(598M) 3.070ms
[263.600s][info][gc,cpu         ] GC(473) User=0.00s Sys=0.00s Real=0.00s
[264.095s][info][gc,start       ] GC(474) Pause Young (Allocation Failure)
[264.099s][info][gc,heap        ] GC(474) PSYoungGen: 205888K(206336K)->2112K(200192K) Eden: 204800K(204800K)->0K(197632K) From: 1088K(1536K)->2112K(2560K)
[264.099s][info][gc,heap        ] GC(474) ParOldGen: 405743K(406016K)->405759K(406016K)
[264.099s][info][gc,metaspace   ] GC(474) Metaspace: 56864K(57152K)->56864K(57152K) NonClass: 51245K(51456K)->51245K(51456K) Class: 5618K(5696K)->5618K(5696K)
[264.099s][info][gc             ] GC(474) Pause Young (Allocation Failure) 597M->398M(592M) 4.302ms
[264.099s][info][gc,cpu         ] GC(474) User=0.01s Sys=0.00s Real=0.00s
[264.584s][info][gc,start       ] GC(475) Pause Young (Allocation Failure)
[264.587s][info][gc,heap        ] GC(475) PSYoungGen: 199744K(200192K)->960K(191488K) Eden: 197632K(197632K)->0K(190464K) From: 2112K(2560K)->960K(1024K)
[264.587s][info][gc,heap        ] GC(475) ParOldGen: 405759K(406016K)->405775K(406016K)
[264.587s][info][gc,metaspace   ] GC(475) Metaspace: 56864K(57152K)->56864K(57152K) NonClass: 51245K(51456K)->51245K(51456K) Class: 5618K(5696K)->5618K(5696K)
[264.587s][info][gc             ] GC(475) Pause Young (Allocation Failure) 591M->397M(583M) 3.028ms
[264.587s][info][gc,cpu         ] GC(475) User=0.01s Sys=0.00s Real=0.00s
[265.033s][info][gc,start       ] GC(476) Pause Young (Allocation Failure)
[265.047s][info][gc,heap        ] GC(476) PSYoungGen: 191424K(191488K)->2272K(229888K) Eden: 190464K(190464K)->0K(227328K) From: 960K(1024K)->2272K(2560K)
[265.048s][info][gc,heap        ] GC(476) ParOldGen: 405775K(406016K)->405791K(406016K)
[265.048s][info][gc,metaspace   ] GC(476) Metaspace: 56864K(57152K)->56864K(57152K) NonClass: 51245K(51456K)->51245K(51456K) Class: 5618K(5696K)->5618K(5696K)
[265.048s][info][gc             ] GC(476) Pause Young (Allocation Failure) 583M->398M(621M) 14.144ms
[265.048s][info][gc,cpu         ] GC(476) User=0.01s Sys=0.00s Real=0.01s
[265.576s][info][gc,start       ] GC(477) Pause Young (Allocation Failure)
[265.579s][info][gc,heap        ] GC(477) PSYoungGen: 229600K(229888K)->993K(249856K) Eden: 227328K(227328K)->0K(246272K) From: 2272K(2560K)->993K(3584K)
[265.579s][info][gc,heap        ] GC(477) ParOldGen: 405791K(406016K)->405807K(406016K)
[265.579s][info][gc,metaspace   ] GC(477) Metaspace: 56864K(57152K)->56864K(57152K) NonClass: 51245K(51456K)->51245K(51456K) Class: 5618K(5696K)->5618K(5696K)
[265.579s][info][gc             ] GC(477) Pause Young (Allocation Failure) 620M->397M(640M) 3.475ms
[265.579s][info][gc,cpu         ] GC(477) User=0.00s Sys=0.00s Real=0.00s
[266.125s][info][gc,start       ] GC(478) Pause Young (Allocation Failure)
[266.128s][info][gc,heap        ] GC(478) PSYoungGen: 247265K(249856K)->767K(249856K) Eden: 246272K(246272K)->0K(246272K) From: 993K(3584K)->767K(3584K)
[266.128s][info][gc,heap        ] GC(478) ParOldGen: 405807K(406016K)->405823K(406016K)
[266.128s][info][gc,metaspace   ] GC(478) Metaspace: 56864K(57152K)->56864K(57152K) NonClass: 51245K(51456K)->51245K(51456K) Class: 5618K(5696K)->5618K(5696K)
[266.128s][info][gc             ] GC(478) Pause Young (Allocation Failure) 637M->397M(640M) 2.437ms
[266.128s][info][gc,cpu         ] GC(478) User=0.01s Sys=0.00s Real=0.00s
[266.704s][info][gc,start       ] GC(479) Pause Young (Allocation Failure)
[266.709s][info][gc,heap        ] GC(479) PSYoungGen: 246778K(249856K)->2272K(296448K) Eden: 246011K(246272K)->0K(292864K) From: 767K(3584K)->2272K(3584K)
[266.709s][info][gc,heap        ] GC(479) ParOldGen: 405823K(406016K)->405839K(406016K)
[266.709s][info][gc,metaspace   ] GC(479) Metaspace: 56864K(57152K)->56864K(57152K) NonClass: 51245K(51456K)->51245K(51456K) Class: 5618K(5696K)->5618K(5696K)
[266.709s][info][gc             ] GC(479) Pause Young (Allocation Failure) 637M->398M(686M) 5.453ms
[266.709s][info][gc,cpu         ] GC(479) User=0.01s Sys=0.00s Real=0.00s
[267.427s][info][gc,start       ] GC(480) Pause Young (Allocation Failure)
[267.433s][info][gc,heap        ] GC(480) PSYoungGen: 295028K(296448K)->2304K(283648K) Eden: 292756K(292864K)->0K(281088K) From: 2272K(3584K)->2304K(2560K)
[267.433s][info][gc,heap        ] GC(480) ParOldGen: 405839K(406016K)->405855K(406016K)
[267.433s][info][gc,metaspace   ] GC(480) Metaspace: 56864K(57152K)->56864K(57152K) NonClass: 51245K(51456K)->51245K(51456K) Class: 5618K(5696K)->5618K(5696K)
[267.433s][info][gc             ] GC(480) Pause Young (Allocation Failure) 684M->398M(673M) 6.038ms
[267.433s][info][gc,cpu         ] GC(480) User=0.00s Sys=0.01s Real=0.01s
[268.093s][info][gc,start       ] GC(481) Pause Young (Allocation Failure)
[268.099s][info][gc,heap        ] GC(481) PSYoungGen: 283392K(283648K)->1536K(271360K) Eden: 281088K(281088K)->0K(269824K) From: 2304K(2560K)->1536K(1536K)
[268.099s][info][gc,heap        ] GC(481) ParOldGen: 405855K(406016K)->406647K(407040K)
[268.099s][info][gc,metaspace   ] GC(481) Metaspace: 56864K(57152K)->56864K(57152K) NonClass: 51245K(51456K)->51245K(51456K) Class: 5618K(5696K)->5618K(5696K)
[268.099s][info][gc             ] GC(481) Pause Young (Allocation Failure) 673M->398M(662M) 5.304ms
[268.099s][info][gc,cpu         ] GC(481) User=0.01s Sys=0.00s Real=0.00s
[268.715s][info][gc,start       ] GC(482) Pause Young (Allocation Failure)
[268.721s][info][gc,heap        ] GC(482) PSYoungGen: 271360K(271360K)->2206K(261632K) Eden: 269824K(269824K)->0K(259072K) From: 1536K(1536K)->2206K(2560K)
[268.721s][info][gc,heap        ] GC(482) ParOldGen: 406647K(407040K)->407551K(407552K)
[268.721s][info][gc,metaspace   ] GC(482) Metaspace: 56864K(57152K)->56864K(57152K) NonClass: 51245K(51456K)->51245K(51456K) Class: 5618K(5696K)->5618K(5696K)
[268.721s][info][gc             ] GC(482) Pause Young (Allocation Failure) 662M->400M(653M) 5.467ms
[268.721s][info][gc,cpu         ] GC(482) User=0.01s Sys=0.00s Real=0.00s
[269.373s][info][gc,start       ] GC(483) Pause Young (Allocation Failure)
[269.377s][info][gc,heap        ] GC(483) PSYoungGen: 261278K(261632K)->640K(249856K) Eden: 259072K(259072K)->0K(248832K) From: 2206K(2560K)->640K(1024K)
[269.377s][info][gc,heap        ] GC(483) ParOldGen: 407551K(407552K)->408047K(408064K)
[269.377s][info][gc,metaspace   ] GC(483) Metaspace: 56864K(57152K)->56864K(57152K) NonClass: 51245K(51456K)->51245K(51456K) Class: 5618K(5696K)->5618K(5696K)
[269.377s][info][gc             ] GC(483) Pause Young (Allocation Failure) 653M->399M(642M) 3.672ms
[269.377s][info][gc,cpu         ] GC(483) User=0.00s Sys=0.00s Real=0.00s
[269.923s][info][gc,start       ] GC(484) Pause Young (Allocation Failure)
[269.926s][info][gc,heap        ] GC(484) PSYoungGen: 249472K(249856K)->1343K(243200K) Eden: 248832K(248832K)->0K(239104K) From: 640K(1024K)->1343K(4096K)
[269.926s][info][gc,heap        ] GC(484) ParOldGen: 408047K(408064K)->408063K(408064K)
[269.926s][info][gc,metaspace   ] GC(484) Metaspace: 56864K(57152K)->56864K(57152K) NonClass: 51245K(51456K)->51245K(51456K) Class: 5618K(5696K)->5618K(5696K)
[269.926s][info][gc             ] GC(484) Pause Young (Allocation Failure) 642M->399M(636M) 3.179ms
[269.926s][info][gc,cpu         ] GC(484) User=0.01s Sys=0.00s Real=0.00s
[270.597s][info][gc,start       ] GC(485) Pause Young (Allocation Failure)
[270.602s][info][gc,heap        ] GC(485) PSYoungGen: 240447K(243200K)->3199K(233472K) Eden: 239104K(239104K)->0K(229888K) From: 1343K(4096K)->3199K(3584K)
[270.602s][info][gc,heap        ] GC(485) ParOldGen: 408063K(408064K)->408079K(408576K)
[270.602s][info][gc,metaspace   ] GC(485) Metaspace: 56864K(57152K)->56864K(57152K) NonClass: 51245K(51456K)->51245K(51456K) Class: 5618K(5696K)->5618K(5696K)
[270.602s][info][gc             ] GC(485) Pause Young (Allocation Failure) 633M->401M(627M) 5.436ms
[270.602s][info][gc,cpu         ] GC(485) User=0.01s Sys=0.00s Real=0.01s
[271.177s][info][gc,start       ] GC(486) Pause Young (Allocation Failure)
[271.181s][info][gc,heap        ] GC(486) PSYoungGen: 233087K(233472K)->1215K(222720K) Eden: 229888K(229888K)->0K(221184K) From: 3199K(3584K)->1215K(1536K)
[271.181s][info][gc,heap        ] GC(486) ParOldGen: 408079K(408576K)->408095K(408576K)
[271.181s][info][gc,metaspace   ] GC(486) Metaspace: 56864K(57152K)->56864K(57152K) NonClass: 51245K(51456K)->51245K(51456K) Class: 5618K(5696K)->5618K(5696K)
[271.181s][info][gc             ] GC(486) Pause Young (Allocation Failure) 626M->399M(616M) 3.129ms
[271.181s][info][gc,cpu         ] GC(486) User=0.00s Sys=0.00s Real=0.00s
[271.689s][info][gc,start       ] GC(487) Pause Young (Allocation Failure)
[271.694s][info][gc,heap        ] GC(487) PSYoungGen: 222399K(222720K)->2910K(216064K) Eden: 221184K(221184K)->0K(212992K) From: 1215K(1536K)->2910K(3072K)
[271.694s][info][gc,heap        ] GC(487) ParOldGen: 408095K(408576K)->408111K(408576K)
[271.694s][info][gc,metaspace   ] GC(487) Metaspace: 56866K(57152K)->56866K(57152K) NonClass: 51248K(51456K)->51248K(51456K) Class: 5618K(5696K)->5618K(5696K)
[271.694s][info][gc             ] GC(487) Pause Young (Allocation Failure) 615M->401M(610M) 5.019ms
[271.694s][info][gc,cpu         ] GC(487) User=0.01s Sys=0.00s Real=0.01s
[272.189s][info][gc,start       ] GC(488) Pause Young (Allocation Failure)
[272.194s][info][gc,heap        ] GC(488) PSYoungGen: 215591K(216064K)->2720K(208384K) Eden: 212680K(212992K)->0K(205312K) From: 2910K(3072K)->2720K(3072K)
[272.194s][info][gc,heap        ] GC(488) ParOldGen: 408111K(408576K)->408127K(408576K)
[272.194s][info][gc,metaspace   ] GC(488) Metaspace: 56866K(57152K)->56866K(57152K) NonClass: 51248K(51456K)->51248K(51456K) Class: 5618K(5696K)->5618K(5696K)
[272.195s][info][gc             ] GC(488) Pause Young (Allocation Failure) 609M->401M(602M) 5.233ms
[272.195s][info][gc,cpu         ] GC(488) User=0.01s Sys=0.00s Real=0.01s
[272.692s][info][gc,start       ] GC(489) Pause Young (Allocation Failure)
[272.697s][info][gc,heap        ] GC(489) PSYoungGen: 208032K(208384K)->2432K(200192K) Eden: 205312K(205312K)->0K(197632K) From: 2720K(3072K)->2432K(2560K)
[272.697s][info][gc,heap        ] GC(489) ParOldGen: 408127K(408576K)->408781K(409088K)
[272.697s][info][gc,metaspace   ] GC(489) Metaspace: 56866K(57152K)->56866K(57152K) NonClass: 51248K(51456K)->51248K(51456K) Class: 5618K(5696K)->5618K(5696K)
[272.697s][info][gc             ] GC(489) Pause Young (Allocation Failure) 601M->401M(595M) 5.002ms
[272.697s][info][gc,cpu         ] GC(489) User=0.01s Sys=0.00s Real=0.00s
[273.176s][info][gc,start       ] GC(490) Pause Young (Allocation Failure)
[273.179s][info][gc,heap        ] GC(490) PSYoungGen: 200064K(200192K)->1184K(192000K) Eden: 197632K(197632K)->0K(190464K) From: 2432K(2560K)->1184K(1536K)
[273.179s][info][gc,heap        ] GC(490) ParOldGen: 408781K(409088K)->408797K(409088K)
[273.179s][info][gc,metaspace   ] GC(490) Metaspace: 56866K(57152K)->56866K(57152K) NonClass: 51248K(51456K)->51248K(51456K) Class: 5618K(5696K)->5618K(5696K)
[273.179s][info][gc             ] GC(490) Pause Young (Allocation Failure) 594M->400M(587M) 3.135ms
[273.179s][info][gc,cpu         ] GC(490) User=0.01s Sys=0.00s Real=0.00s
[273.572s][info][gc,start       ] GC(491) Pause Young (Allocation Failure)
[273.623s][info][gc,heap        ] GC(491) PSYoungGen: 161196K(192000K)->64K(228864K) Eden: 160012K(190464K)->0K(228352K) From: 1184K(1536K)->64K(512K)
[273.623s][info][gc,heap        ] GC(491) ParOldGen: 408797K(409088K)->447876K(448512K)
[273.623s][info][gc,metaspace   ] GC(491) Metaspace: 56868K(57152K)->56868K(57152K) NonClass: 51250K(51456K)->51250K(51456K) Class: 5618K(5696K)->5618K(5696K)
[273.623s][info][gc             ] GC(491) Pause Young (Allocation Failure) 556M->437M(661M) 51.206ms
[273.623s][info][gc,cpu         ] GC(491) User=0.07s Sys=0.02s Real=0.05s
[276.320s][info][gc,start       ] GC(492) Pause Young (Allocation Failure)
[276.445s][info][gc,heap        ] GC(492) PSYoungGen: 228416K(228864K)->4089K(276992K) Eden: 228352K(228352K)->0K(272896K) From: 64K(512K)->4089K(4096K)
[276.445s][info][gc,heap        ] GC(492) ParOldGen: 447876K(448512K)->551517K(551936K)
[276.445s][info][gc,metaspace   ] GC(492) Metaspace: 57068K(57344K)->57068K(57344K) NonClass: 51449K(51648K)->51449K(51648K) Class: 5618K(5696K)->5618K(5696K)
[276.445s][info][gc             ] GC(492) Pause Young (Allocation Failure) 660M->542M(809M) 124.684ms
[276.445s][info][gc,cpu         ] GC(492) User=0.17s Sys=0.07s Real=0.13s
[277.004s][info][gc,start       ] GC(493) Pause Young (Allocation Failure)
[277.015s][info][gc,heap        ] GC(493) PSYoungGen: 276985K(276992K)->2206K(291840K) Eden: 272896K(272896K)->0K(248320K) From: 4089K(4096K)->2206K(43520K)
[277.015s][info][gc,heap        ] GC(493) ParOldGen: 551517K(551936K)->555606K(556032K)
[277.015s][info][gc,metaspace   ] GC(493) Metaspace: 57068K(57344K)->57068K(57344K) NonClass: 51449K(51648K)->51449K(51648K) Class: 5618K(5696K)->5618K(5696K)
[277.015s][info][gc             ] GC(493) Pause Young (Allocation Failure) 809M->544M(828M) 10.992ms
[277.015s][info][gc,cpu         ] GC(493) User=0.01s Sys=0.01s Real=0.01s
[277.592s][info][gc,start       ] GC(494) Pause Young (Allocation Failure)
[277.598s][info][gc,heap        ] GC(494) PSYoungGen: 250526K(291840K)->3007K(251392K) Eden: 248320K(248320K)->0K(248320K) From: 2206K(43520K)->3007K(3072K)
[277.598s][info][gc,heap        ] GC(494) ParOldGen: 555606K(556032K)->555774K(556032K)
[277.598s][info][gc,metaspace   ] GC(494) Metaspace: 57068K(57344K)->57068K(57344K) NonClass: 51449K(51648K)->51449K(51648K) Class: 5618K(5696K)->5618K(5696K)
[277.598s][info][gc             ] GC(494) Pause Young (Allocation Failure) 787M->545M(788M) 5.885ms
[277.598s][info][gc,cpu         ] GC(494) User=0.01s Sys=0.00s Real=0.00s
[278.187s][info][gc,start       ] GC(495) Pause Young (Allocation Failure)
[278.192s][info][gc,heap        ] GC(495) PSYoungGen: 251327K(251392K)->2432K(290304K) Eden: 248320K(248320K)->0K(249856K) From: 3007K(3072K)->2432K(40448K)
[278.192s][info][gc,heap        ] GC(495) ParOldGen: 555774K(556032K)->555790K(556032K)
[278.192s][info][gc,metaspace   ] GC(495) Metaspace: 57068K(57344K)->57068K(57344K) NonClass: 51449K(51648K)->51449K(51648K) Class: 5618K(5696K)->5618K(5696K)
[278.192s][info][gc             ] GC(495) Pause Young (Allocation Failure) 788M->545M(826M) 5.507ms
[278.192s][info][gc,cpu         ] GC(495) User=0.01s Sys=0.00s Real=0.01s
[278.789s][info][gc,start       ] GC(496) Pause Young (Allocation Failure)
[278.793s][info][gc,heap        ] GC(496) PSYoungGen: 252288K(290304K)->1728K(288768K) Eden: 249856K(249856K)->0K(249856K) From: 2432K(40448K)->1728K(38912K)
[278.793s][info][gc,heap        ] GC(496) ParOldGen: 555790K(556032K)->555806K(556032K)
[278.793s][info][gc,metaspace   ] GC(496) Metaspace: 57068K(57344K)->57068K(57344K) NonClass: 51449K(51648K)->51449K(51648K) Class: 5618K(5696K)->5618K(5696K)
[278.793s][info][gc             ] GC(496) Pause Young (Allocation Failure) 789M->544M(825M) 3.902ms
[278.793s][info][gc,cpu         ] GC(496) User=0.01s Sys=0.00s Real=0.01s
[279.383s][info][gc,start       ] GC(497) Pause Young (Allocation Failure)
[279.387s][info][gc,heap        ] GC(497) PSYoungGen: 251584K(288768K)->1919K(293376K) Eden: 249856K(249856K)->0K(256000K) From: 1728K(38912K)->1919K(37376K)
[279.387s][info][gc,heap        ] GC(497) ParOldGen: 555806K(556032K)->555822K(556032K)
[279.387s][info][gc,metaspace   ] GC(497) Metaspace: 57068K(57344K)->57068K(57344K) NonClass: 51449K(51648K)->51449K(51648K) Class: 5618K(5696K)->5618K(5696K)
[279.387s][info][gc             ] GC(497) Pause Young (Allocation Failure) 788M->544M(829M) 4.507ms
[279.387s][info][gc,cpu         ] GC(497) User=0.01s Sys=0.00s Real=0.00s
[280.000s][info][gc,start       ] GC(498) Pause Young (Allocation Failure)
[280.005s][info][gc,heap        ] GC(498) PSYoungGen: 257919K(293376K)->2559K(291840K) Eden: 256000K(256000K)->0K(256000K) From: 1919K(37376K)->2559K(35840K)
[280.005s][info][gc,heap        ] GC(498) ParOldGen: 555822K(556032K)->555838K(556032K)
[280.005s][info][gc,metaspace   ] GC(498) Metaspace: 57068K(57344K)->57068K(57344K) NonClass: 51449K(51648K)->51449K(51648K) Class: 5618K(5696K)->5618K(5696K)
[280.005s][info][gc             ] GC(498) Pause Young (Allocation Failure) 794M->545M(828M) 4.732ms
[280.005s][info][gc,cpu         ] GC(498) User=0.01s Sys=0.00s Real=0.01s
[280.593s][info][gc,start       ] GC(499) Pause Young (Allocation Failure)
[280.600s][info][gc,heap        ] GC(499) PSYoungGen: 258559K(291840K)->3134K(295936K) Eden: 256000K(256000K)->0K(262144K) From: 2559K(35840K)->3134K(33792K)
[280.600s][info][gc,heap        ] GC(499) ParOldGen: 555838K(556032K)->555854K(556032K)
[280.600s][info][gc,metaspace   ] GC(499) Metaspace: 57068K(57344K)->57068K(57344K) NonClass: 51449K(51648K)->51449K(51648K) Class: 5618K(5696K)->5618K(5696K)
[280.600s][info][gc             ] GC(499) Pause Young (Allocation Failure) 795M->545M(832M) 7.049ms
[280.600s][info][gc,cpu         ] GC(499) User=0.01s Sys=0.00s Real=0.00s
[281.196s][info][gc,start       ] GC(500) Pause Young (Allocation Failure)
[281.201s][info][gc,heap        ] GC(500) PSYoungGen: 265278K(295936K)->3007K(294400K) Eden: 262144K(262144K)->0K(262144K) From: 3134K(33792K)->3007K(32256K)
[281.201s][info][gc,heap        ] GC(500) ParOldGen: 555854K(556032K)->555870K(556032K)
[281.201s][info][gc,metaspace   ] GC(500) Metaspace: 57068K(57344K)->57068K(57344K) NonClass: 51449K(51648K)->51449K(51648K) Class: 5618K(5696K)->5618K(5696K)
[281.201s][info][gc             ] GC(500) Pause Young (Allocation Failure) 801M->545M(830M) 5.151ms
[281.201s][info][gc,cpu         ] GC(500) User=0.01s Sys=0.00s Real=0.01s
[281.804s][info][gc,start       ] GC(501) Pause Young (Allocation Failure)
[281.809s][info][gc,heap        ] GC(501) PSYoungGen: 265049K(294400K)->2368K(299520K) Eden: 262042K(262144K)->0K(269312K) From: 3007K(32256K)->2368K(30208K)
[281.810s][info][gc,heap        ] GC(501) ParOldGen: 555870K(556032K)->555886K(556032K)
[281.810s][info][gc,metaspace   ] GC(501) Metaspace: 57068K(57344K)->57068K(57344K) NonClass: 51449K(51648K)->51449K(51648K) Class: 5618K(5696K)->5618K(5696K)
[281.810s][info][gc             ] GC(501) Pause Young (Allocation Failure) 801M->545M(835M) 5.848ms
[281.810s][info][gc,cpu         ] GC(501) User=0.02s Sys=0.00s Real=0.00s
[282.478s][info][gc,start       ] GC(502) Pause Young (Allocation Failure)
[282.481s][info][gc,heap        ] GC(502) PSYoungGen: 271680K(299520K)->1343K(297984K) Eden: 269312K(269312K)->0K(269312K) From: 2368K(30208K)->1343K(28672K)
[282.481s][info][gc,heap        ] GC(502) ParOldGen: 555886K(556032K)->555902K(556032K)
[282.481s][info][gc,metaspace   ] GC(502) Metaspace: 57068K(57344K)->57068K(57344K) NonClass: 51449K(51648K)->51449K(51648K) Class: 5618K(5696K)->5618K(5696K)
[282.481s][info][gc             ] GC(502) Pause Young (Allocation Failure) 808M->544M(834M) 3.330ms
[282.481s][info][gc,cpu         ] GC(502) User=0.01s Sys=0.00s Real=0.01s
[283.094s][info][gc,start       ] GC(503) Pause Young (Allocation Failure)
[283.101s][info][gc,heap        ] GC(503) PSYoungGen: 270655K(297984K)->3294K(303616K) Eden: 269312K(269312K)->0K(276480K) From: 1343K(28672K)->3294K(27136K)
[283.101s][info][gc,heap        ] GC(503) ParOldGen: 555902K(556032K)->555918K(556032K)
[283.101s][info][gc,metaspace   ] GC(503) Metaspace: 57068K(57344K)->57068K(57344K) NonClass: 51449K(51648K)->51449K(51648K) Class: 5618K(5696K)->5618K(5696K)
[283.101s][info][gc             ] GC(503) Pause Young (Allocation Failure) 807M->546M(839M) 6.885ms
[283.101s][info][gc,cpu         ] GC(503) User=0.01s Sys=0.01s Real=0.00s
[283.775s][info][gc,start       ] GC(504) Pause Young (Allocation Failure)
[283.778s][info][gc,heap        ] GC(504) PSYoungGen: 279774K(303616K)->905K(266752K) Eden: 276480K(276480K)->0K(265728K) From: 3294K(27136K)->905K(1024K)
[283.778s][info][gc,heap        ] GC(504) ParOldGen: 555918K(556032K)->555934K(556032K)
[283.778s][info][gc,metaspace   ] GC(504) Metaspace: 57068K(57344K)->57068K(57344K) NonClass: 51449K(51648K)->51449K(51648K) Class: 5618K(5696K)->5618K(5696K)
[283.778s][info][gc             ] GC(504) Pause Young (Allocation Failure) 816M->543M(803M) 3.019ms
[283.778s][info][gc,cpu         ] GC(504) User=0.00s Sys=0.00s Real=0.00s
[284.390s][info][gc,start       ] GC(505) Pause Young (Allocation Failure)
[284.395s][info][gc,heap        ] GC(505) PSYoungGen: 266633K(266752K)->2367K(266752K) Eden: 265728K(265728K)->0K(255488K) From: 905K(1024K)->2367K(11264K)
[284.395s][info][gc,heap        ] GC(505) ParOldGen: 555934K(556032K)->555950K(556032K)
[284.395s][info][gc,metaspace   ] GC(505) Metaspace: 57068K(57344K)->57068K(57344K) NonClass: 51449K(51648K)->51449K(51648K) Class: 5618K(5696K)->5618K(5696K)
[284.395s][info][gc             ] GC(505) Pause Young (Allocation Failure) 803M->545M(803M) 4.674ms
[284.395s][info][gc,cpu         ] GC(505) User=0.00s Sys=0.00s Real=0.01s
[284.991s][info][gc,start       ] GC(506) Pause Young (Allocation Failure)
[284.996s][info][gc,heap        ] GC(506) PSYoungGen: 257855K(266752K)->2207K(248320K) Eden: 255488K(255488K)->0K(245760K) From: 2367K(11264K)->2207K(2560K)
[284.996s][info][gc,heap        ] GC(506) ParOldGen: 555950K(556032K)->555966K(556032K)
[284.996s][info][gc,metaspace   ] GC(506) Metaspace: 57068K(57344K)->57068K(57344K) NonClass: 51449K(51648K)->51449K(51648K) Class: 5618K(5696K)->5618K(5696K)
[284.996s][info][gc             ] GC(506) Pause Young (Allocation Failure) 794M->545M(785M) 4.881ms
[284.996s][info][gc,cpu         ] GC(506) User=0.01s Sys=0.00s Real=0.00s
[285.582s][info][gc,start       ] GC(507) Pause Young (Allocation Failure)
[285.586s][info][gc,heap        ] GC(507) PSYoungGen: 247967K(248320K)->1600K(244736K) Eden: 245760K(245760K)->0K(236544K) From: 2207K(2560K)->1600K(8192K)
[285.586s][info][gc,heap        ] GC(507) ParOldGen: 555966K(556032K)->555982K(556032K)
[285.586s][info][gc,metaspace   ] GC(507) Metaspace: 57068K(57344K)->57068K(57344K) NonClass: 51449K(51648K)->51449K(51648K) Class: 5618K(5696K)->5618K(5696K)
[285.586s][info][gc             ] GC(507) Pause Young (Allocation Failure) 785M->544M(782M) 4.286ms
[285.586s][info][gc,cpu         ] GC(507) User=0.01s Sys=0.00s Real=0.00s
[286.172s][info][gc,start       ] GC(508) Pause Young (Allocation Failure)
[286.175s][info][gc,heap        ] GC(508) PSYoungGen: 238144K(244736K)->521K(228864K) Eden: 236544K(236544K)->0K(227840K) From: 1600K(8192K)->521K(1024K)
[286.175s][info][gc,heap        ] GC(508) ParOldGen: 555982K(556032K)->555998K(556032K)
[286.175s][info][gc,metaspace   ] GC(508) Metaspace: 57068K(57344K)->57068K(57344K) NonClass: 51449K(51648K)->51449K(51648K) Class: 5618K(5696K)->5618K(5696K)
[286.175s][info][gc             ] GC(508) Pause Young (Allocation Failure) 775M->543M(766M) 3.183ms
[286.175s][info][gc,cpu         ] GC(508) User=0.01s Sys=0.00s Real=0.00s
[286.689s][info][gc,start       ] GC(509) Pause Young (Allocation Failure)
[286.694s][info][gc,heap        ] GC(509) PSYoungGen: 228361K(228864K)->1663K(224768K) Eden: 227840K(227840K)->0K(219136K) From: 521K(1024K)->1663K(5632K)
[286.694s][info][gc,heap        ] GC(509) ParOldGen: 555998K(556032K)->556014K(556032K)
[286.694s][info][gc,metaspace   ] GC(509) Metaspace: 57068K(57344K)->57068K(57344K) NonClass: 51449K(51648K)->51449K(51648K) Class: 5618K(5696K)->5618K(5696K)
[286.694s][info][gc             ] GC(509) Pause Young (Allocation Failure) 765M->544M(762M) 5.041ms
[286.694s][info][gc,cpu         ] GC(509) User=0.01s Sys=0.00s Real=0.01s
[287.197s][info][gc,start       ] GC(510) Pause Young (Allocation Failure)
[287.202s][info][gc,heap        ] GC(510) PSYoungGen: 220799K(224768K)->2974K(214016K) Eden: 219136K(219136K)->0K(210944K) From: 1663K(5632K)->2974K(3072K)
[287.202s][info][gc,heap        ] GC(510) ParOldGen: 556014K(556032K)->556030K(556032K)
[287.202s][info][gc,metaspace   ] GC(510) Metaspace: 57068K(57344K)->57068K(57344K) NonClass: 51449K(51648K)->51449K(51648K) Class: 5618K(5696K)->5618K(5696K)
[287.202s][info][gc             ] GC(510) Pause Young (Allocation Failure) 758M->545M(752M) 5.233ms
[287.202s][info][gc,cpu         ] GC(510) User=0.01s Sys=0.00s Real=0.01s
[287.699s][info][gc,start       ] GC(511) Pause Young (Allocation Failure)
[287.705s][info][gc,heap        ] GC(511) PSYoungGen: 213918K(214016K)->2239K(205824K) Eden: 210944K(210944K)->0K(203264K) From: 2974K(3072K)->2239K(2560K)
[287.705s][info][gc,heap        ] GC(511) ParOldGen: 556030K(556032K)->556046K(556544K)
[287.705s][info][gc,metaspace   ] GC(511) Metaspace: 57068K(57344K)->57068K(57344K) NonClass: 51449K(51648K)->51449K(51648K) Class: 5618K(5696K)->5618K(5696K)
[287.705s][info][gc             ] GC(511) Pause Young (Allocation Failure) 751M->545M(744M) 5.260ms
[287.705s][info][gc,cpu         ] GC(511) User=0.01s Sys=0.01s Real=0.01s
[288.186s][info][gc,start       ] GC(512) Pause Young (Allocation Failure)
[288.191s][info][gc,heap        ] GC(512) PSYoungGen: 205503K(205824K)->2495K(198656K) Eden: 203264K(203264K)->0K(196096K) From: 2239K(2560K)->2495K(2560K)
[288.191s][info][gc,heap        ] GC(512) ParOldGen: 556046K(556544K)->556062K(556544K)
[288.191s][info][gc,metaspace   ] GC(512) Metaspace: 57068K(57344K)->57068K(57344K) NonClass: 51449K(51648K)->51449K(51648K) Class: 5618K(5696K)->5618K(5696K)
[288.191s][info][gc             ] GC(512) Pause Young (Allocation Failure) 743M->545M(737M) 4.625ms
[288.191s][info][gc,cpu         ] GC(512) User=0.01s Sys=0.00s Real=0.01s
[288.671s][info][gc,start       ] GC(513) Pause Young (Allocation Failure)
[288.674s][info][gc,heap        ] GC(513) PSYoungGen: 198591K(198656K)->288K(189440K) Eden: 196096K(196096K)->0K(188928K) From: 2495K(2560K)->288K(512K)
[288.674s][info][gc,heap        ] GC(513) ParOldGen: 556062K(556544K)->556078K(556544K)
[288.674s][info][gc,metaspace   ] GC(513) Metaspace: 57068K(57344K)->57068K(57344K) NonClass: 51449K(51648K)->51449K(51648K) Class: 5618K(5696K)->5618K(5696K)
[288.674s][info][gc             ] GC(513) Pause Young (Allocation Failure) 736M->543M(728M) 3.351ms
[288.674s][info][gc,cpu         ] GC(513) User=0.01s Sys=0.00s Real=0.01s
[289.091s][info][gc,start       ] GC(514) Pause Young (Allocation Failure)
[289.096s][info][gc,heap        ] GC(514) PSYoungGen: 188978K(189440K)->2560K(196608K) Eden: 188690K(188928K)->0K(182272K) From: 288K(512K)->2560K(14336K)
[289.096s][info][gc,heap        ] GC(514) ParOldGen: 556078K(556544K)->556094K(556544K)
[289.096s][info][gc,metaspace   ] GC(514) Metaspace: 57068K(57344K)->57068K(57344K) NonClass: 51449K(51648K)->51449K(51648K) Class: 5618K(5696K)->5618K(5696K)
[289.096s][info][gc             ] GC(514) Pause Young (Allocation Failure) 727M->545M(735M) 4.983ms
[289.096s][info][gc,cpu         ] GC(514) User=0.01s Sys=0.00s Real=0.00s
[289.511s][info][gc,start       ] GC(515) Pause Young (Allocation Failure)
[289.515s][info][gc,heap        ] GC(515) PSYoungGen: 184832K(196608K)->2206K(178688K) Eden: 182272K(182272K)->0K(176128K) From: 2560K(14336K)->2206K(2560K)
[289.516s][info][gc,heap        ] GC(515) ParOldGen: 556094K(556544K)->556110K(556544K)
[289.516s][info][gc,metaspace   ] GC(515) Metaspace: 57068K(57344K)->57068K(57344K) NonClass: 51449K(51648K)->51449K(51648K) Class: 5618K(5696K)->5618K(5696K)
[289.516s][info][gc             ] GC(515) Pause Young (Allocation Failure) 723M->545M(718M) 5.039ms
[289.516s][info][gc,cpu         ] GC(515) User=0.01s Sys=0.00s Real=0.01s
[289.970s][info][gc,start       ] GC(516) Pause Young (Allocation Failure)
[289.972s][info][gc,heap        ] GC(516) PSYoungGen: 178334K(178688K)->128K(170496K) Eden: 176128K(176128K)->0K(169984K) From: 2206K(2560K)->128K(512K)
[289.972s][info][gc,heap        ] GC(516) ParOldGen: 556110K(556544K)->556126K(556544K)
[289.972s][info][gc,metaspace   ] GC(516) Metaspace: 57068K(57344K)->57068K(57344K) NonClass: 51449K(51648K)->51449K(51648K) Class: 5618K(5696K)->5618K(5696K)
[289.972s][info][gc             ] GC(516) Pause Young (Allocation Failure) 717M->543M(710M) 2.265ms
[289.972s][info][gc,cpu         ] GC(516) User=0.00s Sys=0.00s Real=0.01s
[290.374s][info][gc,start       ] GC(517) Pause Young (Allocation Failure)
[290.378s][info][gc,heap        ] GC(517) PSYoungGen: 170112K(170496K)->927K(165376K) Eden: 169984K(169984K)->0K(164352K) From: 128K(512K)->927K(1024K)
[290.378s][info][gc,heap        ] GC(517) ParOldGen: 556126K(556544K)->556142K(556544K)
[290.378s][info][gc,metaspace   ] GC(517) Metaspace: 57068K(57344K)->57068K(57344K) NonClass: 51449K(51648K)->51449K(51648K) Class: 5618K(5696K)->5618K(5696K)
[290.378s][info][gc             ] GC(517) Pause Young (Allocation Failure) 709M->544M(705M) 3.403ms
[290.378s][info][gc,cpu         ] GC(517) User=0.00s Sys=0.00s Real=0.00s
[290.771s][info][gc,start       ] GC(518) Pause Young (Allocation Failure)
[290.773s][info][gc,heap        ] GC(518) PSYoungGen: 165279K(165376K)->384K(169984K) Eden: 164352K(164352K)->0K(158720K) From: 927K(1024K)->384K(11264K)
[290.773s][info][gc,heap        ] GC(518) ParOldGen: 556142K(556544K)->556158K(556544K)
[290.773s][info][gc,metaspace   ] GC(518) Metaspace: 57068K(57344K)->57068K(57344K) NonClass: 51449K(51648K)->51449K(51648K) Class: 5618K(5696K)->5618K(5696K)
[290.773s][info][gc             ] GC(518) Pause Young (Allocation Failure) 704M->543M(709M) 2.481ms
[290.773s][info][gc,cpu         ] GC(518) User=0.00s Sys=0.00s Real=0.01s
[291.111s][info][gc,start       ] GC(519) Pause Young (Allocation Failure)
[291.115s][info][gc,heap        ] GC(519) PSYoungGen: 159016K(169984K)->1568K(155648K) Eden: 158632K(158720K)->0K(153600K) From: 384K(11264K)->1568K(2048K)
[291.115s][info][gc,heap        ] GC(519) ParOldGen: 556158K(556544K)->556174K(556544K)
[291.115s][info][gc,metaspace   ] GC(519) Metaspace: 57068K(57344K)->57068K(57344K) NonClass: 51449K(51648K)->51449K(51648K) Class: 5618K(5696K)->5618K(5696K)
[291.115s][info][gc             ] GC(519) Pause Young (Allocation Failure) 698M->544M(695M) 4.426ms
[291.115s][info][gc,cpu         ] GC(519) User=0.01s Sys=0.00s Real=0.01s
[291.600s][info][gc,start       ] GC(520) Pause Young (Allocation Failure)
[291.603s][info][gc,heap        ] GC(520) PSYoungGen: 155168K(155648K)->736K(149504K) Eden: 153600K(153600K)->0K(148480K) From: 1568K(2048K)->736K(1024K)
[291.603s][info][gc,heap        ] GC(520) ParOldGen: 556174K(556544K)->556190K(556544K)
[291.603s][info][gc,metaspace   ] GC(520) Metaspace: 57068K(57344K)->57068K(57344K) NonClass: 51449K(51648K)->51449K(51648K) Class: 5618K(5696K)->5618K(5696K)
[291.603s][info][gc             ] GC(520) Pause Young (Allocation Failure) 694M->543M(689M) 2.884ms
[291.603s][info][gc,cpu         ] GC(520) User=0.00s Sys=0.00s Real=0.01s
[291.971s][info][gc,start       ] GC(521) Pause Young (Allocation Failure)
[291.973s][info][gc,heap        ] GC(521) PSYoungGen: 149216K(149504K)->224K(144384K) Eden: 148480K(148480K)->0K(143872K) From: 736K(1024K)->224K(512K)
[291.973s][info][gc,heap        ] GC(521) ParOldGen: 556190K(556544K)->556206K(556544K)
[291.973s][info][gc,metaspace   ] GC(521) Metaspace: 57068K(57344K)->57068K(57344K) NonClass: 51449K(51648K)->51449K(51648K) Class: 5618K(5696K)->5618K(5696K)
[291.974s][info][gc             ] GC(521) Pause Young (Allocation Failure) 688M->543M(684M) 2.878ms
[291.974s][info][gc,cpu         ] GC(521) User=0.00s Sys=0.00s Real=0.01s
[292.291s][info][gc,start       ] GC(522) Pause Young (Allocation Failure)
[292.295s][info][gc,heap        ] GC(522) PSYoungGen: 144096K(144384K)->1759K(148480K) Eden: 143872K(143872K)->0K(139264K) From: 224K(512K)->1759K(9216K)
[292.295s][info][gc,heap        ] GC(522) ParOldGen: 556206K(556544K)->556222K(556544K)
[292.295s][info][gc,metaspace   ] GC(522) Metaspace: 57068K(57344K)->57068K(57344K) NonClass: 51449K(51648K)->51449K(51648K) Class: 5618K(5696K)->5618K(5696K)
[292.295s][info][gc             ] GC(522) Pause Young (Allocation Failure) 683M->544M(688M) 3.600ms
[292.295s][info][gc,cpu         ] GC(522) User=0.01s Sys=0.00s Real=0.00s
[292.607s][info][gc,start       ] GC(523) Pause Young (Allocation Failure)
[292.612s][info][gc,heap        ] GC(523) PSYoungGen: 141023K(148480K)->2271K(137216K) Eden: 139264K(139264K)->0K(134656K) From: 1759K(9216K)->2271K(2560K)
[292.612s][info][gc,heap        ] GC(523) ParOldGen: 556222K(556544K)->556238K(556544K)
[292.612s][info][gc,metaspace   ] GC(523) Metaspace: 57068K(57344K)->57068K(57344K) NonClass: 51449K(51648K)->51449K(51648K) Class: 5618K(5696K)->5618K(5696K)
[292.612s][info][gc             ] GC(523) Pause Young (Allocation Failure) 680M->545M(677M) 4.869ms
[292.612s][info][gc,cpu         ] GC(523) User=0.01s Sys=0.00s Real=0.01s
[292.919s][info][gc,start       ] GC(524) Pause Young (Allocation Failure)
[292.921s][info][gc,heap        ] GC(524) PSYoungGen: 136927K(137216K)->352K(131072K) Eden: 134656K(134656K)->0K(130560K) From: 2271K(2560K)->352K(512K)
[292.921s][info][gc,heap        ] GC(524) ParOldGen: 556238K(556544K)->556254K(556544K)
[292.921s][info][gc,metaspace   ] GC(524) Metaspace: 57068K(57344K)->57068K(57344K) NonClass: 51450K(51648K)->51450K(51648K) Class: 5618K(5696K)->5618K(5696K)
[292.921s][info][gc             ] GC(524) Pause Young (Allocation Failure) 676M->543M(671M) 2.557ms
[292.921s][info][gc,cpu         ] GC(524) User=0.01s Sys=0.00s Real=0.01s
[293.274s][info][gc,start       ] GC(525) Pause Young (Allocation Failure)
[293.277s][info][gc,heap        ] GC(525) PSYoungGen: 130912K(131072K)->1055K(128000K) Eden: 130560K(130560K)->0K(126464K) From: 352K(512K)->1055K(1536K)
[293.277s][info][gc,heap        ] GC(525) ParOldGen: 556254K(556544K)->556270K(556544K)
[293.277s][info][gc,metaspace   ] GC(525) Metaspace: 57068K(57344K)->57068K(57344K) NonClass: 51450K(51648K)->51450K(51648K) Class: 5618K(5696K)->5618K(5696K)
[293.277s][info][gc             ] GC(525) Pause Young (Allocation Failure) 671M->544M(668M) 3.340ms
[293.277s][info][gc,cpu         ] GC(525) User=0.01s Sys=0.00s Real=0.00s
[293.575s][info][gc,start       ] GC(526) Pause Young (Allocation Failure)
[293.578s][info][gc,heap        ] GC(526) PSYoungGen: 127519K(128000K)->1247K(123904K) Eden: 126464K(126464K)->0K(122368K) From: 1055K(1536K)->1247K(1536K)
[293.578s][info][gc,heap        ] GC(526) ParOldGen: 556270K(556544K)->556286K(556544K)
[293.578s][info][gc,metaspace   ] GC(526) Metaspace: 57068K(57344K)->57068K(57344K) NonClass: 51450K(51648K)->51450K(51648K) Class: 5618K(5696K)->5618K(5696K)
[293.578s][info][gc             ] GC(526) Pause Young (Allocation Failure) 667M->544M(664M) 3.090ms
[293.578s][info][gc,cpu         ] GC(526) User=0.01s Sys=0.00s Real=0.00s
[293.875s][info][gc,start       ] GC(527) Pause Young (Allocation Failure)
[293.878s][info][gc,heap        ] GC(527) PSYoungGen: 123615K(123904K)->352K(119296K) Eden: 122368K(122368K)->0K(118784K) From: 1247K(1536K)->352K(512K)
[293.878s][info][gc,heap        ] GC(527) ParOldGen: 556286K(556544K)->556302K(556544K)
[293.878s][info][gc,metaspace   ] GC(527) Metaspace: 57068K(57344K)->57068K(57344K) NonClass: 51450K(51648K)->51450K(51648K) Class: 5618K(5696K)->5618K(5696K)
[293.878s][info][gc             ] GC(527) Pause Young (Allocation Failure) 663M->543M(660M) 2.827ms
[293.878s][info][gc,cpu         ] GC(527) User=0.00s Sys=0.01s Real=0.00s
[294.112s][info][gc,start       ] GC(528) Pause Young (Allocation Failure)
[294.116s][info][gc,heap        ] GC(528) PSYoungGen: 119136K(119296K)->2303K(148480K) Eden: 118784K(118784K)->0K(141824K) From: 352K(512K)->2303K(6656K)
[294.116s][info][gc,heap        ] GC(528) ParOldGen: 556302K(556544K)->556318K(556544K)
[294.116s][info][gc,metaspace   ] GC(528) Metaspace: 57068K(57344K)->57068K(57344K) NonClass: 51450K(51648K)->51450K(51648K) Class: 5618K(5696K)->5618K(5696K)
[294.116s][info][gc             ] GC(528) Pause Young (Allocation Failure) 659M->545M(688M) 4.453ms
[294.116s][info][gc,cpu         ] GC(528) User=0.01s Sys=0.00s Real=0.00s
[294.477s][info][gc,start       ] GC(529) Pause Young (Allocation Failure)
[294.480s][info][gc,heap        ] GC(529) PSYoungGen: 144033K(148480K)->1193K(148992K) Eden: 141730K(141824K)->0K(142848K) From: 2303K(6656K)->1193K(6144K)
[294.480s][info][gc,heap        ] GC(529) ParOldGen: 556318K(556544K)->556334K(556544K)
[294.480s][info][gc,metaspace   ] GC(529) Metaspace: 57068K(57344K)->57068K(57344K) NonClass: 51450K(51648K)->51450K(51648K) Class: 5618K(5696K)->5618K(5696K)
[294.480s][info][gc             ] GC(529) Pause Young (Allocation Failure) 683M->544M(689M) 3.383ms
[294.481s][info][gc,cpu         ] GC(529) User=0.00s Sys=0.00s Real=0.00s
[294.793s][info][gc,start       ] GC(530) Pause Young (Allocation Failure)
[294.798s][info][gc,heap        ] GC(530) PSYoungGen: 144041K(148992K)->3103K(148992K) Eden: 142848K(142848K)->0K(142848K) From: 1193K(6144K)->3103K(6144K)
[294.798s][info][gc,heap        ] GC(530) ParOldGen: 556334K(556544K)->556350K(556544K)
[294.798s][info][gc,metaspace   ] GC(530) Metaspace: 57068K(57344K)->57068K(57344K) NonClass: 51450K(51648K)->51450K(51648K) Class: 5618K(5696K)->5618K(5696K)
[294.798s][info][gc             ] GC(530) Pause Young (Allocation Failure) 683M->546M(689M) 5.610ms
[294.798s][info][gc,cpu         ] GC(530) User=0.01s Sys=0.00s Real=0.00s
[295.115s][info][gc,start       ] GC(531) Pause Young (Allocation Failure)
[295.119s][info][gc,heap        ] GC(531) PSYoungGen: 145672K(148992K)->1184K(175104K) Eden: 142569K(142848K)->0K(169984K) From: 3103K(6144K)->1184K(5120K)
[295.119s][info][gc,heap        ] GC(531) ParOldGen: 556350K(556544K)->556366K(556544K)
[295.119s][info][gc,metaspace   ] GC(531) Metaspace: 57068K(57344K)->57068K(57344K) NonClass: 51450K(51648K)->51450K(51648K) Class: 5618K(5696K)->5618K(5696K)
[295.119s][info][gc             ] GC(531) Pause Young (Allocation Failure) 685M->544M(714M) 3.875ms
[295.119s][info][gc,cpu         ] GC(531) User=0.00s Sys=0.01s Real=0.00s
[295.535s][info][gc,start       ] GC(532) Pause Young (Allocation Failure)
[295.538s][info][gc,heap        ] GC(532) PSYoungGen: 171168K(175104K)->160K(175616K) Eden: 169984K(169984K)->0K(169984K) From: 1184K(5120K)->160K(5632K)
[295.538s][info][gc,heap        ] GC(532) ParOldGen: 556366K(556544K)->556382K(556544K)
[295.538s][info][gc,metaspace   ] GC(532) Metaspace: 57068K(57344K)->57068K(57344K) NonClass: 51450K(51648K)->51450K(51648K) Class: 5618K(5696K)->5618K(5696K)
[295.538s][info][gc             ] GC(532) Pause Young (Allocation Failure) 710M->543M(715M) 2.321ms
[295.538s][info][gc,cpu         ] GC(532) User=0.01s Sys=0.00s Real=0.00s
[296.000s][info][gc,start       ] GC(533) Pause Young (Allocation Failure)
[296.014s][info][gc,heap        ] GC(533) PSYoungGen: 170144K(175616K)->721K(207872K) Eden: 169984K(169984K)->0K(202240K) From: 160K(5632K)->721K(5632K)
[296.014s][info][gc,heap        ] GC(533) ParOldGen: 556382K(556544K)->556398K(556544K)
[296.014s][info][gc,metaspace   ] GC(533) Metaspace: 57068K(57344K)->57068K(57344K) NonClass: 51450K(51648K)->51450K(51648K) Class: 5618K(5696K)->5618K(5696K)
[296.014s][info][gc             ] GC(533) Pause Young (Allocation Failure) 709M->544M(746M) 13.983ms
[296.014s][info][gc,cpu         ] GC(533) User=0.00s Sys=0.00s Real=0.02s
[296.424s][info][gc,start       ] GC(534) Pause Young (Allocation Failure)
[296.428s][info][gc,heap        ] GC(534) PSYoungGen: 202961K(207872K)->1376K(207872K) Eden: 202240K(202240K)->0K(202240K) From: 721K(5632K)->1376K(5632K)
[296.428s][info][gc,heap        ] GC(534) ParOldGen: 556398K(556544K)->556414K(556544K)
[296.428s][info][gc,metaspace   ] GC(534) Metaspace: 57068K(57344K)->57068K(57344K) NonClass: 51450K(51648K)->51450K(51648K) Class: 5618K(5696K)->5618K(5696K)
[296.428s][info][gc             ] GC(534) Pause Young (Allocation Failure) 741M->544M(746M) 4.165ms
[296.428s][info][gc,cpu         ] GC(534) User=0.01s Sys=0.00s Real=0.00s
[296.902s][info][gc,start       ] GC(535) Pause Young (Allocation Failure)
[296.907s][info][gc,heap        ] GC(535) PSYoungGen: 203616K(207872K)->2782K(245760K) Eden: 202240K(202240K)->0K(240640K) From: 1376K(5632K)->2782K(5120K)
[296.908s][info][gc,heap        ] GC(535) ParOldGen: 556414K(556544K)->556430K(556544K)
[296.908s][info][gc,metaspace   ] GC(535) Metaspace: 57068K(57344K)->57068K(57344K) NonClass: 51450K(51648K)->51450K(51648K) Class: 5618K(5696K)->5618K(5696K)
[296.908s][info][gc             ] GC(535) Pause Young (Allocation Failure) 742M->546M(783M) 5.571ms
[296.908s][info][gc,cpu         ] GC(535) User=0.01s Sys=0.01s Real=0.00s
[297.505s][info][gc,start       ] GC(536) Pause Young (Allocation Failure)
[297.509s][info][gc,heap        ] GC(536) PSYoungGen: 243422K(245760K)->1024K(245760K) Eden: 240640K(240640K)->0K(240640K) From: 2782K(5120K)->1024K(5120K)
[297.509s][info][gc,heap        ] GC(536) ParOldGen: 556430K(556544K)->556446K(556544K)
[297.509s][info][gc,metaspace   ] GC(536) Metaspace: 57068K(57344K)->57068K(57344K) NonClass: 51450K(51648K)->51450K(51648K) Class: 5618K(5696K)->5618K(5696K)
[297.509s][info][gc             ] GC(536) Pause Young (Allocation Failure) 781M->544M(783M) 4.031ms
[297.509s][info][gc,cpu         ] GC(536) User=0.00s Sys=0.00s Real=0.00s
[298.073s][info][gc,start       ] GC(537) Pause Young (Allocation Failure)
[298.076s][info][gc,heap        ] GC(537) PSYoungGen: 241664K(245760K)->639K(289280K) Eden: 240640K(240640K)->0K(285696K) From: 1024K(5120K)->639K(3584K)
[298.076s][info][gc,heap        ] GC(537) ParOldGen: 556446K(556544K)->556462K(556544K)
[298.076s][info][gc,metaspace   ] GC(537) Metaspace: 57068K(57344K)->57068K(57344K) NonClass: 51450K(51648K)->51450K(51648K) Class: 5618K(5696K)->5618K(5696K)
[298.076s][info][gc             ] GC(537) Pause Young (Allocation Failure) 779M->544M(826M) 2.985ms
[298.076s][info][gc,cpu         ] GC(537) User=0.00s Sys=0.00s Real=0.00s
[298.830s][info][gc,start       ] GC(538) Pause Young (Allocation Failure)
[298.836s][info][gc,heap        ] GC(538) PSYoungGen: 286335K(289280K)->1599K(276480K) Eden: 285696K(285696K)->0K(274432K) From: 639K(3584K)->1599K(2048K)
[298.836s][info][gc,heap        ] GC(538) ParOldGen: 556462K(556544K)->556478K(556544K)
[298.836s][info][gc,metaspace   ] GC(538) Metaspace: 57068K(57344K)->57068K(57344K) NonClass: 51450K(51648K)->51450K(51648K) Class: 5618K(5696K)->5618K(5696K)
[298.836s][info][gc             ] GC(538) Pause Young (Allocation Failure) 823M->544M(813M) 5.281ms
[298.836s][info][gc,cpu         ] GC(538) User=0.01s Sys=0.00s Real=0.01s
[299.396s][info][gc,start       ] GC(539) Pause Young (Allocation Failure)
[299.402s][info][gc,heap        ] GC(539) PSYoungGen: 276031K(276480K)->2526K(287232K) Eden: 274432K(274432K)->0K(283136K) From: 1599K(2048K)->2526K(4096K)
[299.402s][info][gc,heap        ] GC(539) ParOldGen: 556478K(556544K)->556494K(556544K)
[299.402s][info][gc,metaspace   ] GC(539) Metaspace: 57068K(57344K)->57068K(57344K) NonClass: 51450K(51648K)->51450K(51648K) Class: 5618K(5696K)->5618K(5696K)
[299.402s][info][gc             ] GC(539) Pause Young (Allocation Failure) 812M->545M(824M) 6.707ms
[299.402s][info][gc,cpu         ] GC(539) User=0.01s Sys=0.00s Real=0.01s
[300.087s][info][gc,start       ] GC(540) Pause Young (Allocation Failure)
[300.091s][info][gc,heap        ] GC(540) PSYoungGen: 285662K(287232K)->1950K(273920K) Eden: 283136K(283136K)->0K(271872K) From: 2526K(4096K)->1950K(2048K)
[300.091s][info][gc,heap        ] GC(540) ParOldGen: 556494K(556544K)->556510K(556544K)
[300.091s][info][gc,metaspace   ] GC(540) Metaspace: 57068K(57344K)->57068K(57344K) NonClass: 51450K(51648K)->51450K(51648K) Class: 5618K(5696K)->5618K(5696K)
[300.091s][info][gc             ] GC(540) Pause Young (Allocation Failure) 822M->545M(811M) 3.983ms
[300.091s][info][gc,cpu         ] GC(540) User=0.00s Sys=0.00s Real=0.01s
[300.701s][info][gc,start       ] GC(541) Pause Young (Allocation Failure)
[300.707s][info][gc,heap        ] GC(541) PSYoungGen: 273822K(273920K)->2688K(264192K) Eden: 271872K(271872K)->0K(261120K) From: 1950K(2048K)->2688K(3072K)
[300.707s][info][gc,heap        ] GC(541) ParOldGen: 556510K(556544K)->556526K(556544K)
[300.707s][info][gc,metaspace   ] GC(541) Metaspace: 57068K(57344K)->57068K(57344K) NonClass: 51450K(51648K)->51450K(51648K) Class: 5618K(5696K)->5618K(5696K)
[300.707s][info][gc             ] GC(541) Pause Young (Allocation Failure) 810M->546M(801M) 5.667ms
[300.707s][info][gc,cpu         ] GC(541) User=0.01s Sys=0.00s Real=0.00s
[301.324s][info][gc,start       ] GC(542) Pause Young (Allocation Failure)
[301.328s][info][gc,heap        ] GC(542) PSYoungGen: 263808K(264192K)->672K(251904K) Eden: 261120K(261120K)->0K(250880K) From: 2688K(3072K)->672K(1024K)
[301.328s][info][gc,heap        ] GC(542) ParOldGen: 556526K(556544K)->556542K(556544K)
[301.328s][info][gc,metaspace   ] GC(542) Metaspace: 57068K(57344K)->57068K(57344K) NonClass: 51450K(51648K)->51450K(51648K) Class: 5618K(5696K)->5618K(5696K)
[301.328s][info][gc             ] GC(542) Pause Young (Allocation Failure) 801M->544M(789M) 4.653ms
[301.329s][info][gc,cpu         ] GC(542) User=0.01s Sys=0.00s Real=0.00s
[301.912s][info][gc,start       ] GC(543) Pause Young (Allocation Failure)
[301.916s][info][gc,heap        ] GC(543) PSYoungGen: 251308K(251904K)->1887K(243200K) Eden: 250636K(250880K)->0K(241152K) From: 672K(1024K)->1887K(2048K)
[301.916s][info][gc,heap        ] GC(543) ParOldGen: 556542K(556544K)->556558K(557056K)
[301.916s][info][gc,metaspace   ] GC(543) Metaspace: 57068K(57344K)->57068K(57344K) NonClass: 51450K(51648K)->51450K(51648K) Class: 5618K(5696K)->5618K(5696K)
[301.916s][info][gc             ] GC(543) Pause Young (Allocation Failure) 788M->545M(781M) 4.156ms
[301.916s][info][gc,cpu         ] GC(543) User=0.00s Sys=0.00s Real=0.00s
[302.495s][info][gc,start       ] GC(544) Pause Young (Allocation Failure)
[302.500s][info][gc,heap        ] GC(544) PSYoungGen: 242922K(243200K)->2752K(235008K) Eden: 241035K(241152K)->0K(231936K) From: 1887K(2048K)->2752K(3072K)
[302.500s][info][gc,heap        ] GC(544) ParOldGen: 556558K(557056K)->556574K(557056K)
[302.500s][info][gc,metaspace   ] GC(544) Metaspace: 57068K(57344K)->57068K(57344K) NonClass: 51450K(51648K)->51450K(51648K) Class: 5618K(5696K)->5618K(5696K)
[302.500s][info][gc             ] GC(544) Pause Young (Allocation Failure) 780M->546M(773M) 5.251ms
[302.500s][info][gc,cpu         ] GC(544) User=0.00s Sys=0.01s Real=0.00s
[303.179s][info][gc,start       ] GC(545) Pause Young (Allocation Failure)
[303.182s][info][gc,heap        ] GC(545) PSYoungGen: 234688K(235008K)->1161K(224768K) Eden: 231936K(231936K)->0K(223232K) From: 2752K(3072K)->1161K(1536K)
[303.182s][info][gc,heap        ] GC(545) ParOldGen: 556574K(557056K)->556590K(557056K)
[303.182s][info][gc,metaspace   ] GC(545) Metaspace: 57072K(57344K)->57072K(57344K) NonClass: 51453K(51648K)->51453K(51648K) Class: 5618K(5696K)->5618K(5696K)
[303.182s][info][gc             ] GC(545) Pause Young (Allocation Failure) 772M->544M(763M) 3.506ms
[303.182s][info][gc,cpu         ] GC(545) User=0.01s Sys=0.00s Real=0.01s
[303.690s][info][gc,start       ] GC(546) Pause Young (Allocation Failure)
[303.693s][info][gc,heap        ] GC(546) PSYoungGen: 224393K(224768K)->1567K(217088K) Eden: 223232K(223232K)->0K(215040K) From: 1161K(1536K)->1567K(2048K)
[303.693s][info][gc,heap        ] GC(546) ParOldGen: 556590K(557056K)->556606K(557056K)
[303.693s][info][gc,metaspace   ] GC(546) Metaspace: 57072K(57344K)->57072K(57344K) NonClass: 51453K(51648K)->51453K(51648K) Class: 5618K(5696K)->5618K(5696K)
[303.693s][info][gc             ] GC(546) Pause Young (Allocation Failure) 762M->545M(756M) 3.494ms
[303.693s][info][gc,cpu         ] GC(546) User=0.00s Sys=0.00s Real=0.01s
[304.189s][info][gc,start       ] GC(547) Pause Young (Allocation Failure)
[304.194s][info][gc,heap        ] GC(547) PSYoungGen: 216607K(217088K)->2591K(210432K) Eden: 215040K(215040K)->0K(207360K) From: 1567K(2048K)->2591K(3072K)
[304.194s][info][gc,heap        ] GC(547) ParOldGen: 556606K(557056K)->556622K(557056K)
[304.194s][info][gc,metaspace   ] GC(547) Metaspace: 57072K(57344K)->57072K(57344K) NonClass: 51453K(51648K)->51453K(51648K) Class: 5618K(5696K)->5618K(5696K)
[304.194s][info][gc             ] GC(547) Pause Young (Allocation Failure) 755M->546M(749M) 4.724ms
[304.194s][info][gc,cpu         ] GC(547) User=0.01s Sys=0.00s Real=0.01s
[304.688s][info][gc,start       ] GC(548) Pause Young (Allocation Failure)
[304.693s][info][gc,heap        ] GC(548) PSYoungGen: 209951K(210432K)->2719K(202752K) Eden: 207360K(207360K)->0K(199680K) From: 2591K(3072K)->2719K(3072K)
[304.693s][info][gc,heap        ] GC(548) ParOldGen: 556622K(557056K)->556638K(557056K)
[304.693s][info][gc,metaspace   ] GC(548) Metaspace: 57072K(57344K)->57072K(57344K) NonClass: 51453K(51648K)->51453K(51648K) Class: 5618K(5696K)->5618K(5696K)
[304.693s][info][gc             ] GC(548) Pause Young (Allocation Failure) 748M->546M(742M) 5.013ms
[304.693s][info][gc,cpu         ] GC(548) User=0.01s Sys=0.00s Real=0.01s
[305.185s][info][gc,start       ] GC(549) Pause Young (Allocation Failure)
[305.189s][info][gc,heap        ] GC(549) PSYoungGen: 202399K(202752K)->1343K(194048K) Eden: 199680K(199680K)->0K(192512K) From: 2719K(3072K)->1343K(1536K)
[305.189s][info][gc,heap        ] GC(549) ParOldGen: 556638K(557056K)->556654K(557056K)
[305.189s][info][gc,metaspace   ] GC(549) Metaspace: 57072K(57344K)->57072K(57344K) NonClass: 51453K(51648K)->51453K(51648K) Class: 5618K(5696K)->5618K(5696K)
[305.189s][info][gc             ] GC(549) Pause Young (Allocation Failure) 741M->544M(733M) 3.956ms
[305.189s][info][gc,cpu         ] GC(549) User=0.01s Sys=0.00s Real=0.00s
[305.609s][info][gc,start       ] GC(550) Pause Young (Allocation Failure)
[305.613s][info][gc,heap        ] GC(550) PSYoungGen: 193543K(194048K)->2208K(188416K) Eden: 192200K(192512K)->0K(185856K) From: 1343K(1536K)->2208K(2560K)
[305.613s][info][gc,heap        ] GC(550) ParOldGen: 556654K(557056K)->556670K(557056K)
[305.613s][info][gc,metaspace   ] GC(550) Metaspace: 57072K(57344K)->57072K(57344K) NonClass: 51453K(51648K)->51453K(51648K) Class: 5618K(5696K)->5618K(5696K)
[305.613s][info][gc             ] GC(550) Pause Young (Allocation Failure) 732M->545M(728M) 4.660ms
[305.613s][info][gc,cpu         ] GC(550) User=0.01s Sys=0.00s Real=0.01s
[306.127s][info][gc,start       ] GC(551) Pause Young (Allocation Failure)
[306.130s][info][gc,heap        ] GC(551) PSYoungGen: 188064K(188416K)->959K(180224K) Eden: 185856K(185856K)->0K(179200K) From: 2208K(2560K)->959K(1024K)
[306.130s][info][gc,heap        ] GC(551) ParOldGen: 556670K(557056K)->556686K(557056K)
[306.130s][info][gc,metaspace   ] GC(551) Metaspace: 57072K(57344K)->57072K(57344K) NonClass: 51453K(51648K)->51453K(51648K) Class: 5618K(5696K)->5618K(5696K)
[306.130s][info][gc             ] GC(551) Pause Young (Allocation Failure) 727M->544M(720M) 3.244ms
[306.130s][info][gc,cpu         ] GC(551) User=0.00s Sys=0.00s Real=0.00s
[306.483s][info][gc,start       ] GC(552) Pause Young (Allocation Failure)
[306.487s][info][gc,heap        ] GC(552) PSYoungGen: 180159K(180224K)->1568K(175104K) Eden: 179200K(179200K)->0K(173056K) From: 959K(1024K)->1568K(2048K)
[306.487s][info][gc,heap        ] GC(552) ParOldGen: 556686K(557056K)->556702K(557056K)
[306.487s][info][gc,metaspace   ] GC(552) Metaspace: 57072K(57344K)->57072K(57344K) NonClass: 51453K(51648K)->51453K(51648K) Class: 5618K(5696K)->5618K(5696K)
[306.487s][info][gc             ] GC(552) Pause Young (Allocation Failure) 719M->545M(715M) 3.811ms
[306.487s][info][gc,cpu         ] GC(552) User=0.01s Sys=0.00s Real=0.00s
[306.882s][info][gc,start       ] GC(553) Pause Young (Allocation Failure)
[306.886s][info][gc,heap        ] GC(553) PSYoungGen: 174624K(175104K)->2047K(168960K) Eden: 173056K(173056K)->0K(166912K) From: 1568K(2048K)->2047K(2048K)
[306.886s][info][gc,heap        ] GC(553) ParOldGen: 556702K(557056K)->556718K(557056K)
[306.887s][info][gc,metaspace   ] GC(553) Metaspace: 57072K(57344K)->57072K(57344K) NonClass: 51453K(51648K)->51453K(51648K) Class: 5618K(5696K)->5618K(5696K)
[306.887s][info][gc             ] GC(553) Pause Young (Allocation Failure) 714M->545M(709M) 4.173ms
[306.887s][info][gc,cpu         ] GC(553) User=0.01s Sys=0.00s Real=0.00s
[307.298s][info][gc,start       ] GC(554) Pause Young (Allocation Failure)
[307.302s][info][gc,heap        ] GC(554) PSYoungGen: 168893K(168960K)->1824K(163328K) Eden: 166845K(166912K)->0K(161280K) From: 2047K(2048K)->1824K(2048K)
[307.302s][info][gc,heap        ] GC(554) ParOldGen: 556718K(557056K)->556734K(557056K)
[307.302s][info][gc,metaspace   ] GC(554) Metaspace: 57072K(57344K)->57072K(57344K) NonClass: 51453K(51648K)->51453K(51648K) Class: 5618K(5696K)->5618K(5696K)
[307.302s][info][gc             ] GC(554) Pause Young (Allocation Failure) 708M->545M(703M) 4.153ms
[307.302s][info][gc,cpu         ] GC(554) User=0.01s Sys=0.00s Real=0.01s
[307.676s][info][gc,start       ] GC(555) Pause Young (Allocation Failure)
[307.679s][info][gc,heap        ] GC(555) PSYoungGen: 163104K(163328K)->1054K(157184K) Eden: 161280K(161280K)->0K(155648K) From: 1824K(2048K)->1054K(1536K)
[307.679s][info][gc,heap        ] GC(555) ParOldGen: 556734K(557056K)->556750K(557056K)
[307.679s][info][gc,metaspace   ] GC(555) Metaspace: 57072K(57344K)->57072K(57344K) NonClass: 51453K(51648K)->51453K(51648K) Class: 5618K(5696K)->5618K(5696K)
[307.679s][info][gc             ] GC(555) Pause Young (Allocation Failure) 702M->544M(697M) 3.273ms
[307.679s][info][gc,cpu         ] GC(555) User=0.01s Sys=0.00s Real=0.00s
[308.009s][info][gc,start       ] GC(556) Pause Young (Allocation Failure)
[308.013s][info][gc,heap        ] GC(556) PSYoungGen: 156702K(157184K)->1887K(152576K) Eden: 155648K(155648K)->0K(150528K) From: 1054K(1536K)->1887K(2048K)
[308.013s][info][gc,heap        ] GC(556) ParOldGen: 556750K(557056K)->556766K(557056K)
[308.013s][info][gc,metaspace   ] GC(556) Metaspace: 57072K(57344K)->57072K(57344K) NonClass: 51453K(51648K)->51453K(51648K) Class: 5618K(5696K)->5618K(5696K)
[308.013s][info][gc             ] GC(556) Pause Young (Allocation Failure) 696M->545M(693M) 3.866ms
[308.013s][info][gc,cpu         ] GC(556) User=0.01s Sys=0.00s Real=0.01s
[308.391s][info][gc,start       ] GC(557) Pause Young (Allocation Failure)
[308.396s][info][gc,heap        ] GC(557) PSYoungGen: 152415K(152576K)->2942K(181760K) Eden: 150528K(150528K)->0K(178688K) From: 1887K(2048K)->2942K(3072K)
[308.396s][info][gc,heap        ] GC(557) ParOldGen: 556766K(557056K)->556782K(557056K)
[308.396s][info][gc,metaspace   ] GC(557) Metaspace: 57072K(57344K)->57072K(57344K) NonClass: 51453K(51648K)->51453K(51648K) Class: 5618K(5696K)->5618K(5696K)
[308.396s][info][gc             ] GC(557) Pause Young (Allocation Failure) 692M->546M(721M) 4.714ms
[308.396s][info][gc,cpu         ] GC(557) User=0.01s Sys=0.00s Real=0.00s
[308.863s][info][gc,start       ] GC(558) Pause Young (Allocation Failure)
[308.867s][info][gc,heap        ] GC(558) PSYoungGen: 181630K(181760K)->1663K(174592K) Eden: 178688K(178688K)->0K(172544K) From: 2942K(3072K)->1663K(2048K)
[308.867s][info][gc,heap        ] GC(558) ParOldGen: 556782K(557056K)->556798K(557056K)
[308.867s][info][gc,metaspace   ] GC(558) Metaspace: 57072K(57344K)->57072K(57344K) NonClass: 51453K(51648K)->51453K(51648K) Class: 5618K(5696K)->5618K(5696K)
[308.867s][info][gc             ] GC(558) Pause Young (Allocation Failure) 721M->545M(714M) 3.772ms
[308.867s][info][gc,cpu         ] GC(558) User=0.01s Sys=0.00s Real=0.00s
[309.202s][info][gc,start       ] GC(559) Pause Young (Allocation Failure)
[309.208s][info][gc,heap        ] GC(559) PSYoungGen: 174207K(174592K)->3486K(208896K) Eden: 172544K(172544K)->0K(205312K) From: 1663K(2048K)->3486K(3584K)
[309.208s][info][gc,heap        ] GC(559) ParOldGen: 556798K(557056K)->556814K(557056K)
[309.208s][info][gc,metaspace   ] GC(559) Metaspace: 57073K(57344K)->57073K(57344K) NonClass: 51454K(51648K)->51454K(51648K) Class: 5618K(5696K)->5618K(5696K)
[309.208s][info][gc             ] GC(559) Pause Young (Allocation Failure) 713M->547M(748M) 5.432ms
[309.208s][info][gc,cpu         ] GC(559) User=0.01s Sys=0.00s Real=0.00s
[309.697s][info][gc,start       ] GC(560) Pause Young (Allocation Failure)
[309.702s][info][gc,heap        ] GC(560) PSYoungGen: 208798K(208896K)->2527K(246784K) Eden: 205312K(205312K)->0K(244224K) From: 3486K(3584K)->2527K(2560K)
[309.702s][info][gc,heap        ] GC(560) ParOldGen: 556814K(557056K)->556830K(557056K)
[309.702s][info][gc,metaspace   ] GC(560) Metaspace: 57073K(57344K)->57073K(57344K) NonClass: 51454K(51648K)->51454K(51648K) Class: 5618K(5696K)->5618K(5696K)
[309.702s][info][gc             ] GC(560) Pause Young (Allocation Failure) 747M->546M(785M) 4.936ms
[309.702s][info][gc,cpu         ] GC(560) User=0.01s Sys=0.00s Real=0.01s
[310.281s][info][gc,start       ] GC(561) Pause Young (Allocation Failure)
[310.284s][info][gc,heap        ] GC(561) PSYoungGen: 246751K(246784K)->1599K(237056K) Eden: 244224K(244224K)->0K(235008K) From: 2527K(2560K)->1599K(2048K)
[310.284s][info][gc,heap        ] GC(561) ParOldGen: 556830K(557056K)->556846K(557056K)
[310.284s][info][gc,metaspace   ] GC(561) Metaspace: 57073K(57344K)->57073K(57344K) NonClass: 51454K(51648K)->51454K(51648K) Class: 5618K(5696K)->5618K(5696K)
[310.284s][info][gc             ] GC(561) Pause Young (Allocation Failure) 784M->545M(775M) 3.562ms
[310.284s][info][gc,cpu         ] GC(561) User=0.01s Sys=0.00s Real=0.01s
[310.805s][info][gc,start       ] GC(562) Pause Young (Allocation Failure)
[310.809s][info][gc,heap        ] GC(562) PSYoungGen: 236607K(237056K)->2495K(228864K) Eden: 235008K(235008K)->0K(226304K) From: 1599K(2048K)->2495K(2560K)
[310.809s][info][gc,heap        ] GC(562) ParOldGen: 556846K(557056K)->556862K(557056K)
[310.809s][info][gc,metaspace   ] GC(562) Metaspace: 57073K(57344K)->57073K(57344K) NonClass: 51454K(51648K)->51454K(51648K) Class: 5618K(5696K)->5618K(5696K)
[310.809s][info][gc             ] GC(562) Pause Young (Allocation Failure) 774M->546M(767M) 4.821ms
[310.809s][info][gc,cpu         ] GC(562) User=0.01s Sys=0.00s Real=0.00s
[311.382s][info][gc,start       ] GC(563) Pause Young (Allocation Failure)
[311.385s][info][gc,heap        ] GC(563) PSYoungGen: 228799K(228864K)->896K(219136K) Eden: 226304K(226304K)->0K(218112K) From: 2495K(2560K)->896K(1024K)
[311.385s][info][gc,heap        ] GC(563) ParOldGen: 556862K(557056K)->556878K(557056K)
[311.385s][info][gc,metaspace   ] GC(563) Metaspace: 57073K(57344K)->57073K(57344K) NonClass: 51454K(51648K)->51454K(51648K) Class: 5618K(5696K)->5618K(5696K)
[311.385s][info][gc             ] GC(563) Pause Young (Allocation Failure) 767M->544M(758M) 3.221ms
[311.385s][info][gc,cpu         ] GC(563) User=0.00s Sys=0.00s Real=0.00s
[311.885s][info][gc,start       ] GC(564) Pause Young (Allocation Failure)
[311.889s][info][gc,heap        ] GC(564) PSYoungGen: 219008K(219136K)->1791K(211968K) Eden: 218112K(218112K)->0K(209920K) From: 896K(1024K)->1791K(2048K)
[311.889s][info][gc,heap        ] GC(564) ParOldGen: 556878K(557056K)->556894K(557056K)
[311.889s][info][gc,metaspace   ] GC(564) Metaspace: 57073K(57344K)->57073K(57344K) NonClass: 51454K(51648K)->51454K(51648K) Class: 5618K(5696K)->5618K(5696K)
[311.889s][info][gc             ] GC(564) Pause Young (Allocation Failure) 757M->545M(751M) 3.821ms
[311.889s][info][gc,cpu         ] GC(564) User=0.01s Sys=0.00s Real=0.00s
[312.381s][info][gc,start       ] GC(565) Pause Young (Allocation Failure)
[312.384s][info][gc,heap        ] GC(565) PSYoungGen: 211711K(211968K)->1503K(203776K) Eden: 209920K(209920K)->0K(202240K) From: 1791K(2048K)->1503K(1536K)
[312.384s][info][gc,heap        ] GC(565) ParOldGen: 556894K(557056K)->556910K(557056K)
[312.384s][info][gc,metaspace   ] GC(565) Metaspace: 57073K(57344K)->57073K(57344K) NonClass: 51454K(51648K)->51454K(51648K) Class: 5618K(5696K)->5618K(5696K)
[312.384s][info][gc             ] GC(565) Pause Young (Allocation Failure) 750M->545M(743M) 3.569ms
[312.384s][info][gc,cpu         ] GC(565) User=0.01s Sys=0.00s Real=0.00s
[312.871s][info][gc,start       ] GC(566) Pause Young (Allocation Failure)
[312.873s][info][gc,heap        ] GC(566) PSYoungGen: 203743K(203776K)->426K(195584K) Eden: 202240K(202240K)->0K(195072K) From: 1503K(1536K)->426K(512K)
[312.873s][info][gc,heap        ] GC(566) ParOldGen: 556910K(557056K)->556926K(557056K)
[312.873s][info][gc,metaspace   ] GC(566) Metaspace: 57073K(57344K)->57073K(57344K) NonClass: 51454K(51648K)->51454K(51648K) Class: 5618K(5696K)->5618K(5696K)
[312.873s][info][gc             ] GC(566) Pause Young (Allocation Failure) 742M->544M(735M) 2.454ms
[312.874s][info][gc,cpu         ] GC(566) User=0.01s Sys=0.00s Real=0.00s
[313.300s][info][gc,start       ] GC(567) Pause Young (Allocation Failure)
[313.306s][info][gc,heap        ] GC(567) PSYoungGen: 195275K(195584K)->2080K(190464K) Eden: 194848K(195072K)->0K(187904K) From: 426K(512K)->2080K(2560K)
[313.306s][info][gc,heap        ] GC(567) ParOldGen: 556926K(557056K)->556942K(557056K)
[313.306s][info][gc,metaspace   ] GC(567) Metaspace: 57073K(57344K)->57073K(57344K) NonClass: 51454K(51648K)->51454K(51648K) Class: 5618K(5696K)->5618K(5696K)
[313.306s][info][gc             ] GC(567) Pause Young (Allocation Failure) 734M->545M(730M) 5.646ms
[313.306s][info][gc,cpu         ] GC(567) User=0.01s Sys=0.00s Real=0.01s
[313.735s][info][gc,start       ] GC(568) Pause Young (Allocation Failure)
[313.742s][info][gc,heap        ] GC(568) PSYoungGen: 189984K(190464K)->192K(223744K) Eden: 187904K(187904K)->0K(223232K) From: 2080K(2560K)->192K(512K)
[313.742s][info][gc,heap        ] GC(568) ParOldGen: 556942K(557056K)->556958K(557056K)
[313.742s][info][gc,metaspace   ] GC(568) Metaspace: 57073K(57344K)->57073K(57344K) NonClass: 51454K(51648K)->51454K(51648K) Class: 5618K(5696K)->5618K(5696K)
[313.742s][info][gc             ] GC(568) Pause Young (Allocation Failure) 729M->544M(762M) 7.275ms
[313.742s][info][gc,cpu         ] GC(568) User=0.00s Sys=0.00s Real=0.01s
[314.384s][info][gc,start       ] GC(569) Pause Young (Allocation Failure)
[314.388s][info][gc,heap        ] GC(569) PSYoungGen: 223424K(223744K)->1887K(217088K) Eden: 223232K(223232K)->0K(215040K) From: 192K(512K)->1887K(2048K)
[314.388s][info][gc,heap        ] GC(569) ParOldGen: 556958K(557056K)->556974K(557056K)
[314.388s][info][gc,metaspace   ] GC(569) Metaspace: 57073K(57344K)->57073K(57344K) NonClass: 51454K(51648K)->51454K(51648K) Class: 5618K(5696K)->5618K(5696K)
[314.388s][info][gc             ] GC(569) Pause Young (Allocation Failure) 762M->545M(756M) 4.079ms
[314.388s][info][gc,cpu         ] GC(569) User=0.00s Sys=0.00s Real=0.00s
[314.888s][info][gc,start       ] GC(570) Pause Young (Allocation Failure)
[314.892s][info][gc,heap        ] GC(570) PSYoungGen: 216927K(217088K)->2048K(209408K) Eden: 215040K(215040K)->0K(207360K) From: 1887K(2048K)->2048K(2048K)
[314.892s][info][gc,heap        ] GC(570) ParOldGen: 556974K(557056K)->556990K(557056K)
[314.892s][info][gc,metaspace   ] GC(570) Metaspace: 57073K(57344K)->57073K(57344K) NonClass: 51454K(51648K)->51454K(51648K) Class: 5618K(5696K)->5618K(5696K)
[314.892s][info][gc             ] GC(570) Pause Young (Allocation Failure) 755M->545M(748M) 4.464ms
[314.892s][info][gc,cpu         ] GC(570) User=0.01s Sys=0.00s Real=0.01s
[315.383s][info][gc,start       ] GC(571) Pause Young (Allocation Failure)
[315.387s][info][gc,heap        ] GC(571) PSYoungGen: 209408K(209408K)->1503K(201216K) Eden: 207360K(207360K)->0K(199680K) From: 2048K(2048K)->1503K(1536K)
[315.387s][info][gc,heap        ] GC(571) ParOldGen: 556990K(557056K)->557006K(557056K)
[315.387s][info][gc,metaspace   ] GC(571) Metaspace: 57073K(57344K)->57073K(57344K) NonClass: 51454K(51648K)->51454K(51648K) Class: 5618K(5696K)->5618K(5696K)
[315.387s][info][gc             ] GC(571) Pause Young (Allocation Failure) 748M->545M(740M) 3.778ms
[315.387s][info][gc,cpu         ] GC(571) User=0.01s Sys=0.00s Real=0.00s
[315.874s][info][gc,start       ] GC(572) Pause Young (Allocation Failure)
[315.877s][info][gc,heap        ] GC(572) PSYoungGen: 201183K(201216K)->831K(193536K) Eden: 199680K(199680K)->0K(192512K) From: 1503K(1536K)->831K(1024K)
[315.877s][info][gc,heap        ] GC(572) ParOldGen: 557006K(557056K)->557022K(557056K)
[315.877s][info][gc,metaspace   ] GC(572) Metaspace: 57073K(57344K)->57073K(57344K) NonClass: 51454K(51648K)->51454K(51648K) Class: 5618K(5696K)->5618K(5696K)
[315.877s][info][gc             ] GC(572) Pause Young (Allocation Failure) 740M->544M(733M) 2.690ms
[315.877s][info][gc,cpu         ] GC(572) User=0.00s Sys=0.00s Real=0.00s
[316.310s][info][gc,start       ] GC(573) Pause Young (Allocation Failure)
[316.315s][info][gc,heap        ] GC(573) PSYoungGen: 193343K(193536K)->2080K(188416K) Eden: 192512K(192512K)->0K(185856K) From: 831K(1024K)->2080K(2560K)
[316.315s][info][gc,heap        ] GC(573) ParOldGen: 557022K(557056K)->557038K(557056K)
[316.315s][info][gc,metaspace   ] GC(573) Metaspace: 57073K(57344K)->57073K(57344K) NonClass: 51454K(51648K)->51454K(51648K) Class: 5618K(5696K)->5618K(5696K)
[316.315s][info][gc             ] GC(573) Pause Young (Allocation Failure) 732M->546M(728M) 4.858ms
[316.315s][info][gc,cpu         ] GC(573) User=0.01s Sys=0.00s Real=0.01s
[316.775s][info][gc,start       ] GC(574) Pause Young (Allocation Failure)
[316.779s][info][gc,heap        ] GC(574) PSYoungGen: 187936K(188416K)->1375K(180736K) Eden: 185856K(185856K)->0K(179200K) From: 2080K(2560K)->1375K(1536K)
[316.779s][info][gc,heap        ] GC(574) ParOldGen: 557038K(557056K)->557054K(557056K)
[316.779s][info][gc,metaspace   ] GC(574) Metaspace: 57073K(57344K)->57073K(57344K) NonClass: 51454K(51648K)->51454K(51648K) Class: 5618K(5696K)->5618K(5696K)
[316.779s][info][gc             ] GC(574) Pause Young (Allocation Failure) 727M->545M(720M) 3.366ms
[316.779s][info][gc,cpu         ] GC(574) User=0.00s Sys=0.00s Real=0.00s
[317.191s][info][gc,start       ] GC(575) Pause Young (Allocation Failure)
[317.195s][info][gc,heap        ] GC(575) PSYoungGen: 180575K(180736K)->2431K(175616K) Eden: 179200K(179200K)->0K(173056K) From: 1375K(1536K)->2431K(2560K)
[317.195s][info][gc,heap        ] GC(575) ParOldGen: 557054K(557056K)->557070K(557568K)
[317.195s][info][gc,metaspace   ] GC(575) Metaspace: 57073K(57344K)->57073K(57344K) NonClass: 51454K(51648K)->51454K(51648K) Class: 5618K(5696K)->5618K(5696K)
[317.195s][info][gc             ] GC(575) Pause Young (Allocation Failure) 720M->546M(716M) 4.581ms
[317.195s][info][gc,cpu         ] GC(575) User=0.00s Sys=0.00s Real=0.01s
[317.592s][info][gc,start       ] GC(576) Pause Young (Allocation Failure)
[317.597s][info][gc,heap        ] GC(576) PSYoungGen: 175487K(175616K)->2431K(169472K) Eden: 173056K(173056K)->0K(166912K) From: 2431K(2560K)->2431K(2560K)
[317.597s][info][gc,heap        ] GC(576) ParOldGen: 557070K(557568K)->557086K(557568K)
[317.597s][info][gc,metaspace   ] GC(576) Metaspace: 57073K(57344K)->57073K(57344K) NonClass: 51454K(51648K)->51454K(51648K) Class: 5618K(5696K)->5618K(5696K)
[317.597s][info][gc             ] GC(576) Pause Young (Allocation Failure) 715M->546M(710M) 4.601ms
[317.597s][info][gc,cpu         ] GC(576) User=0.01s Sys=0.00s Real=0.00s
[317.986s][info][gc,start       ] GC(577) Pause Young (Allocation Failure)
[317.991s][info][gc,heap        ] GC(577) PSYoungGen: 169343K(169472K)->1984K(200704K) Eden: 166912K(166912K)->0K(198656K) From: 2431K(2560K)->1984K(2048K)
[317.991s][info][gc,heap        ] GC(577) ParOldGen: 557086K(557568K)->557102K(557568K)
[317.991s][info][gc,metaspace   ] GC(577) Metaspace: 57073K(57344K)->57073K(57344K) NonClass: 51454K(51648K)->51454K(51648K) Class: 5618K(5696K)->5618K(5696K)
[317.991s][info][gc             ] GC(577) Pause Young (Allocation Failure) 709M->545M(740M) 4.250ms
[317.991s][info][gc,cpu         ] GC(577) User=0.01s Sys=0.00s Real=0.00s
[318.530s][info][gc,start       ] GC(578) Pause Young (Allocation Failure)
[318.533s][info][gc,heap        ] GC(578) PSYoungGen: 200640K(200704K)->959K(192512K) Eden: 198656K(198656K)->0K(191488K) From: 1984K(2048K)->959K(1024K)
[318.533s][info][gc,heap        ] GC(578) ParOldGen: 557102K(557568K)->557118K(557568K)
[318.533s][info][gc,metaspace   ] GC(578) Metaspace: 57073K(57344K)->57073K(57344K) NonClass: 51454K(51648K)->51454K(51648K) Class: 5618K(5696K)->5618K(5696K)
[318.533s][info][gc             ] GC(578) Pause Young (Allocation Failure) 739M->544M(732M) 2.894ms
[318.533s][info][gc,cpu         ] GC(578) User=0.00s Sys=0.00s Real=0.01s
[318.894s][info][gc,start       ] GC(579) Pause Young (Allocation Failure)
[318.899s][info][gc,heap        ] GC(579) PSYoungGen: 192447K(192512K)->2815K(223744K) Eden: 191488K(191488K)->0K(220160K) From: 959K(1024K)->2815K(3584K)
[318.899s][info][gc,heap        ] GC(579) ParOldGen: 557118K(557568K)->557134K(557568K)
[318.899s][info][gc,metaspace   ] GC(579) Metaspace: 57073K(57344K)->57073K(57344K) NonClass: 51454K(51648K)->51454K(51648K) Class: 5618K(5696K)->5618K(5696K)
[318.899s][info][gc             ] GC(579) Pause Young (Allocation Failure) 731M->546M(763M) 4.907ms
[318.899s][info][gc,cpu         ] GC(579) User=0.01s Sys=0.00s Real=0.00s
[319.412s][info][gc,start       ] GC(580) Pause Young (Allocation Failure)
[319.420s][info][gc,heap        ] GC(580) PSYoungGen: 222975K(223744K)->1567K(224256K) Eden: 220160K(220160K)->0K(220160K) From: 2815K(3584K)->1567K(4096K)
[319.420s][info][gc,heap        ] GC(580) ParOldGen: 557134K(557568K)->557150K(557568K)
[319.420s][info][gc,metaspace   ] GC(580) Metaspace: 57073K(57344K)->57073K(57344K) NonClass: 51454K(51648K)->51454K(51648K) Class: 5618K(5696K)->5618K(5696K)
[319.420s][info][gc             ] GC(580) Pause Young (Allocation Failure) 761M->545M(763M) 8.539ms
[319.421s][info][gc,cpu         ] GC(580) User=0.01s Sys=0.00s Real=0.00s
[319.992s][info][gc,start       ] GC(581) Pause Young (Allocation Failure)
[319.995s][info][gc,heap        ] GC(581) PSYoungGen: 221727K(224256K)->937K(265216K) Eden: 220160K(220160K)->0K(261632K) From: 1567K(4096K)->937K(3584K)
[319.995s][info][gc,heap        ] GC(581) ParOldGen: 557150K(557568K)->557166K(557568K)
[319.995s][info][gc,metaspace   ] GC(581) Metaspace: 57073K(57344K)->57073K(57344K) NonClass: 51454K(51648K)->51454K(51648K) Class: 5618K(5696K)->5618K(5696K)
[319.995s][info][gc             ] GC(581) Pause Young (Allocation Failure) 760M->545M(803M) 3.531ms
[319.995s][info][gc,cpu         ] GC(581) User=0.00s Sys=0.00s Real=0.00s
[320.586s][info][gc,start       ] GC(582) Pause Young (Allocation Failure)
[320.592s][info][gc,heap        ] GC(582) PSYoungGen: 262569K(265216K)->1790K(265216K) Eden: 261632K(261632K)->0K(261632K) From: 937K(3584K)->1790K(3584K)
[320.592s][info][gc,heap        ] GC(582) ParOldGen: 557166K(557568K)->557182K(557568K)
[320.592s][info][gc,metaspace   ] GC(582) Metaspace: 57073K(57344K)->57073K(57344K) NonClass: 51454K(51648K)->51454K(51648K) Class: 5618K(5696K)->5618K(5696K)
[320.592s][info][gc             ] GC(582) Pause Young (Allocation Failure) 800M->545M(803M) 6.449ms
[320.592s][info][gc,cpu         ] GC(582) User=0.00s Sys=0.00s Real=0.01s
[321.189s][info][gc,start       ] GC(583) Pause Young (Allocation Failure)
[321.192s][info][gc,heap        ] GC(583) PSYoungGen: 263422K(265216K)->1056K(252928K) Eden: 261632K(261632K)->0K(251392K) From: 1790K(3584K)->1056K(1536K)
[321.192s][info][gc,heap        ] GC(583) ParOldGen: 557182K(557568K)->557198K(557568K)
[321.192s][info][gc,metaspace   ] GC(583) Metaspace: 57073K(57344K)->57073K(57344K) NonClass: 51454K(51648K)->51454K(51648K) Class: 5618K(5696K)->5618K(5696K)
[321.192s][info][gc             ] GC(583) Pause Young (Allocation Failure) 801M->545M(791M) 3.871ms
[321.192s][info][gc,cpu         ] GC(583) User=0.00s Sys=0.00s Real=0.01s
[321.787s][info][gc,start       ] GC(584) Pause Young (Allocation Failure)
[321.793s][info][gc,heap        ] GC(584) PSYoungGen: 252448K(252928K)->2174K(244224K) Eden: 251392K(251392K)->0K(241664K) From: 1056K(1536K)->2174K(2560K)
[321.793s][info][gc,heap        ] GC(584) ParOldGen: 557198K(557568K)->557214K(557568K)
[321.793s][info][gc,metaspace   ] GC(584) Metaspace: 57073K(57344K)->57073K(57344K) NonClass: 51454K(51648K)->51454K(51648K) Class: 5618K(5696K)->5618K(5696K)
[321.793s][info][gc             ] GC(584) Pause Young (Allocation Failure) 790M->546M(783M) 5.592ms
[321.793s][info][gc,cpu         ] GC(584) User=0.00s Sys=0.01s Real=0.01s
[322.374s][info][gc,start       ] GC(585) Pause Young (Allocation Failure)
[322.378s][info][gc,heap        ] GC(585) PSYoungGen: 243838K(244224K)->1406K(233984K) Eden: 241664K(241664K)->0K(232448K) From: 2174K(2560K)->1406K(1536K)
[322.378s][info][gc,heap        ] GC(585) ParOldGen: 557214K(557568K)->557230K(557568K)
[322.378s][info][gc,metaspace   ] GC(585) Metaspace: 57073K(57344K)->57073K(57344K) NonClass: 51454K(51648K)->51454K(51648K) Class: 5618K(5696K)->5618K(5696K)
[322.378s][info][gc             ] GC(585) Pause Young (Allocation Failure) 782M->545M(773M) 3.654ms
[322.378s][info][gc,cpu         ] GC(585) User=0.00s Sys=0.01s Real=0.00s
[322.902s][info][gc,start       ] GC(586) Pause Young (Allocation Failure)
[322.908s][info][gc,heap        ] GC(586) PSYoungGen: 233854K(233984K)->2848K(226816K) Eden: 232448K(232448K)->0K(223744K) From: 1406K(1536K)->2848K(3072K)
[322.908s][info][gc,heap        ] GC(586) ParOldGen: 557230K(557568K)->557246K(557568K)
[322.908s][info][gc,metaspace   ] GC(586) Metaspace: 57073K(57344K)->57073K(57344K) NonClass: 51454K(51648K)->51454K(51648K) Class: 5618K(5696K)->5618K(5696K)
[322.908s][info][gc             ] GC(586) Pause Young (Allocation Failure) 772M->546M(766M) 6.633ms
[322.908s][info][gc,cpu         ] GC(586) User=0.01s Sys=0.00s Real=0.00s
[323.423s][info][gc,start       ] GC(587) Pause Young (Allocation Failure)
[323.426s][info][gc,heap        ] GC(587) PSYoungGen: 226592K(226816K)->799K(216576K) Eden: 223744K(223744K)->0K(215552K) From: 2848K(3072K)->799K(1024K)
[323.426s][info][gc,heap        ] GC(587) ParOldGen: 557246K(557568K)->557262K(557568K)
[323.426s][info][gc,metaspace   ] GC(587) Metaspace: 57073K(57344K)->57073K(57344K) NonClass: 51454K(51648K)->51454K(51648K) Class: 5618K(5696K)->5618K(5696K)
[323.426s][info][gc             ] GC(587) Pause Young (Allocation Failure) 765M->544M(756M) 2.693ms
[323.426s][info][gc,cpu         ] GC(587) User=0.01s Sys=0.00s Real=0.00s
[323.971s][info][gc,start       ] GC(588) Pause Young (Allocation Failure)
[323.974s][info][gc,heap        ] GC(588) PSYoungGen: 216351K(216576K)->464K(208384K) Eden: 215552K(215552K)->0K(207872K) From: 799K(1024K)->464K(512K)
[323.974s][info][gc,heap        ] GC(588) ParOldGen: 557262K(557568K)->557278K(557568K)
[323.974s][info][gc,metaspace   ] GC(588) Metaspace: 57073K(57344K)->57073K(57344K) NonClass: 51454K(51648K)->51454K(51648K) Class: 5618K(5696K)->5618K(5696K)
[323.974s][info][gc             ] GC(588) Pause Young (Allocation Failure) 755M->544M(748M) 2.619ms
[323.974s][info][gc,cpu         ] GC(588) User=0.01s Sys=0.01s Real=0.00s
[324.417s][info][gc,start       ] GC(589) Pause Young (Allocation Failure)
[324.420s][info][gc,heap        ] GC(589) PSYoungGen: 208336K(208384K)->1023K(201216K) Eden: 207872K(207872K)->0K(200192K) From: 464K(512K)->1023K(1024K)
[324.420s][info][gc,heap        ] GC(589) ParOldGen: 557278K(557568K)->557294K(557568K)
[324.420s][info][gc,metaspace   ] GC(589) Metaspace: 57073K(57344K)->57073K(57344K) NonClass: 51454K(51648K)->51454K(51648K) Class: 5618K(5696K)->5618K(5696K)
[324.420s][info][gc             ] GC(589) Pause Young (Allocation Failure) 747M->545M(741M) 3.028ms
[324.420s][info][gc,cpu         ] GC(589) User=0.01s Sys=0.00s Real=0.00s
[324.895s][info][gc,start       ] GC(590) Pause Young (Allocation Failure)
[324.902s][info][gc,heap        ] GC(590) PSYoungGen: 201215K(201216K)->3423K(196608K) Eden: 200192K(200192K)->0K(193024K) From: 1023K(1024K)->3423K(3584K)
[324.902s][info][gc,heap        ] GC(590) ParOldGen: 557294K(557568K)->557310K(557568K)
[324.902s][info][gc,metaspace   ] GC(590) Metaspace: 57073K(57344K)->57073K(57344K) NonClass: 51454K(51648K)->51454K(51648K) Class: 5618K(5696K)->5618K(5696K)
[324.902s][info][gc             ] GC(590) Pause Young (Allocation Failure) 740M->547M(736M) 7.017ms
[324.902s][info][gc,cpu         ] GC(590) User=0.01s Sys=0.00s Real=0.01s
[325.482s][info][gc,start       ] GC(591) Pause Young (Allocation Failure)
[325.486s][info][gc,heap        ] GC(591) PSYoungGen: 196191K(196608K)->1056K(187904K) Eden: 192768K(193024K)->0K(186368K) From: 3423K(3584K)->1056K(1536K)
[325.486s][info][gc,heap        ] GC(591) ParOldGen: 557310K(557568K)->557326K(557568K)
[325.486s][info][gc,metaspace   ] GC(591) Metaspace: 57073K(57344K)->57073K(57344K) NonClass: 51454K(51648K)->51454K(51648K) Class: 5618K(5696K)->5618K(5696K)
[325.486s][info][gc             ] GC(591) Pause Young (Allocation Failure) 735M->545M(728M) 4.094ms
[325.486s][info][gc,cpu         ] GC(591) User=0.01s Sys=0.00s Real=0.00s
[325.901s][info][gc,start       ] GC(592) Pause Young (Allocation Failure)
[325.909s][info][gc,heap        ] GC(592) PSYoungGen: 187424K(187904K)->3295K(225280K) Eden: 186368K(186368K)->0K(221696K) From: 1056K(1536K)->3295K(3584K)
[325.909s][info][gc,heap        ] GC(592) ParOldGen: 557326K(557568K)->557342K(557568K)
[325.909s][info][gc,metaspace   ] GC(592) Metaspace: 57073K(57344K)->57073K(57344K) NonClass: 51454K(51648K)->51454K(51648K) Class: 5618K(5696K)->5618K(5696K)
[325.909s][info][gc             ] GC(592) Pause Young (Allocation Failure) 727M->547M(764M) 8.198ms
[325.910s][info][gc,cpu         ] GC(592) User=0.01s Sys=0.00s Real=0.00s
[326.419s][info][gc,start       ] GC(593) Pause Young (Allocation Failure)
[326.424s][info][gc,heap        ] GC(593) PSYoungGen: 224991K(225280K)->1599K(265728K) Eden: 221696K(221696K)->0K(263680K) From: 3295K(3584K)->1599K(2048K)
[326.424s][info][gc,heap        ] GC(593) ParOldGen: 557342K(557568K)->557358K(557568K)
[326.424s][info][gc,metaspace   ] GC(593) Metaspace: 57073K(57344K)->57073K(57344K) NonClass: 51454K(51648K)->51454K(51648K) Class: 5618K(5696K)->5618K(5696K)
[326.424s][info][gc             ] GC(593) Pause Young (Allocation Failure) 763M->545M(804M) 4.622ms
[326.424s][info][gc,cpu         ] GC(593) User=0.01s Sys=0.00s Real=0.01s
[327.897s][info][gc,start       ] GC(594) Pause Young (Allocation Failure)
[327.953s][info][gc,heap        ] GC(594) PSYoungGen: 265279K(265728K)->832K(297984K) Eden: 263680K(263680K)->0K(293888K) From: 1599K(2048K)->832K(4096K)
[327.953s][info][gc,heap        ] GC(594) ParOldGen: 557358K(557568K)->635499K(636416K)
[327.953s][info][gc,metaspace   ] GC(594) Metaspace: 57131K(57472K)->57131K(57472K) NonClass: 51513K(51776K)->51513K(51776K) Class: 5618K(5696K)->5618K(5696K)
[327.953s][info][gc             ] GC(594) Pause Young (Allocation Failure) 803M->621M(912M) 55.932ms
[327.953s][info][gc,cpu         ] GC(594) User=0.05s Sys=0.04s Real=0.06s
[329.875s][info][gc,start       ] GC(595) Pause Young (Allocation Failure)
[329.887s][info][gc,heap        ] GC(595) PSYoungGen: 294720K(297984K)->4090K(314368K) Eden: 293888K(293888K)->0K(310272K) From: 832K(4096K)->4090K(4096K)
[329.887s][info][gc,heap        ] GC(595) ParOldGen: 635499K(636416K)->644093K(644096K)
[329.887s][info][gc,metaspace   ] GC(595) Metaspace: 57281K(57600K)->57281K(57600K) NonClass: 51663K(51904K)->51663K(51904K) Class: 5618K(5696K)->5618K(5696K)
[329.887s][info][gc             ] GC(595) Pause Young (Allocation Failure) 908M->632M(936M) 12.159ms
[329.887s][info][gc,cpu         ] GC(595) User=0.01s Sys=0.01s Real=0.01s
[330.595s][info][gc,start       ] GC(596) Pause Full (Allocation Failure)
[330.595s][info][gc,phases,start] GC(596) Marking Phase
[330.644s][info][gc,phases      ] GC(596) Marking Phase 49.606ms
[330.644s][info][gc,phases,start] GC(596) Summary Phase
[330.644s][info][gc,phases      ] GC(596) Summary Phase 0.034ms
[330.644s][info][gc,phases,start] GC(596) Forward
[330.651s][info][gc,phases      ] GC(596) Forward 6.224ms
[330.651s][info][gc,phases,start] GC(596) Adjust Pointers
[330.675s][info][gc,phases      ] GC(596) Adjust Pointers 23.820ms
[330.675s][info][gc,phases,start] GC(596) Compaction Phase
[330.694s][info][gc,phases      ] GC(596) Compaction Phase 19.245ms
[330.694s][info][gc,phases,start] GC(596) Post Compact
[330.698s][info][gc,phases      ] GC(596) Post Compact 3.499ms
[330.721s][info][gc,heap        ] GC(596) PSYoungGen: 314362K(314368K)->0K(318464K) Eden: 310272K(310272K)->0K(310272K) From: 4090K(4096K)->0K(8192K)
[330.721s][info][gc,heap        ] GC(596) ParOldGen: 644093K(644096K)->276645K(376320K)
[330.721s][info][gc,metaspace   ] GC(596) Metaspace: 57281K(57600K)->57281K(57600K) NonClass: 51663K(51904K)->51663K(51904K) Class: 5618K(5696K)->5618K(5696K)
[330.722s][info][gc             ] GC(596) Pause Full (Allocation Failure) 935M->270M(678M) 126.828ms
[330.722s][info][gc,cpu         ] GC(596) User=0.16s Sys=0.02s Real=0.13s
[331.309s][info][gc,start       ] GC(597) Pause Young (Allocation Failure)
[331.324s][info][gc,heap        ] GC(597) PSYoungGen: 310272K(318464K)->8176K(320512K) Eden: 310272K(310272K)->0K(312320K) From: 0K(8192K)->8176K(8192K)
[331.324s][info][gc,heap        ] GC(597) ParOldGen: 276645K(376320K)->280263K(376320K)
[331.324s][info][gc,metaspace   ] GC(597) Metaspace: 57281K(57600K)->57281K(57600K) NonClass: 51663K(51904K)->51663K(51904K) Class: 5618K(5696K)->5618K(5696K)
[331.324s][info][gc             ] GC(597) Pause Young (Allocation Failure) 573M->281M(680M) 15.089ms
[331.324s][info][gc,cpu         ] GC(597) User=0.02s Sys=0.01s Real=0.02s
[332.092s][info][gc,start       ] GC(598) Pause Young (Allocation Failure)
[332.099s][info][gc,heap        ] GC(598) PSYoungGen: 320496K(320512K)->1664K(323072K) Eden: 312320K(312320K)->0K(312320K) From: 8176K(8192K)->1664K(10752K)
[332.099s][info][gc,heap        ] GC(598) ParOldGen: 280263K(376320K)->286401K(376320K)
[332.099s][info][gc,metaspace   ] GC(598) Metaspace: 57281K(57600K)->57281K(57600K) NonClass: 51663K(51904K)->51663K(51904K) Class: 5618K(5696K)->5618K(5696K)
[332.099s][info][gc             ] GC(598) Pause Young (Allocation Failure) 586M->281M(683M) 7.295ms
[332.099s][info][gc,cpu         ] GC(598) User=0.02s Sys=0.00s Real=0.00s
[332.807s][info][gc,start       ] GC(599) Pause Young (Allocation Failure)
[332.811s][info][gc,heap        ] GC(599) PSYoungGen: 313984K(323072K)->1760K(322048K) Eden: 312320K(312320K)->0K(312320K) From: 1664K(10752K)->1760K(9728K)
[332.811s][info][gc,heap        ] GC(599) ParOldGen: 286401K(376320K)->286417K(376320K)
[332.811s][info][gc,metaspace   ] GC(599) Metaspace: 57281K(57600K)->57281K(57600K) NonClass: 51663K(51904K)->51663K(51904K) Class: 5618K(5696K)->5618K(5696K)
[332.811s][info][gc             ] GC(599) Pause Young (Allocation Failure) 586M->281M(682M) 4.511ms
[332.811s][info][gc,cpu         ] GC(599) User=0.01s Sys=0.00s Real=0.01s
[333.579s][info][gc,start       ] GC(600) Pause Young (Allocation Failure)
[333.582s][info][gc,heap        ] GC(600) PSYoungGen: 314080K(322048K)->1502K(301568K) Eden: 312320K(312320K)->0K(300032K) From: 1760K(9728K)->1502K(1536K)
[333.582s][info][gc,heap        ] GC(600) ParOldGen: 286417K(376320K)->286433K(376320K)
[333.582s][info][gc,metaspace   ] GC(600) Metaspace: 57281K(57600K)->57281K(57600K) NonClass: 51663K(51904K)->51663K(51904K) Class: 5618K(5696K)->5618K(5696K)
[333.582s][info][gc             ] GC(600) Pause Young (Allocation Failure) 586M->281M(662M) 3.343ms
[333.582s][info][gc,cpu         ] GC(600) User=0.01s Sys=0.00s Real=0.01s
[334.316s][info][gc,start       ] GC(601) Pause Young (Allocation Failure)
[334.341s][info][gc,heap        ] GC(601) PSYoungGen: 301534K(301568K)->3134K(314368K) Eden: 300032K(300032K)->0K(304640K) From: 1502K(1536K)->3134K(9728K)
[334.341s][info][gc,heap        ] GC(601) ParOldGen: 286433K(376320K)->286449K(376320K)
[334.341s][info][gc,metaspace   ] GC(601) Metaspace: 57281K(57600K)->57281K(57600K) NonClass: 51663K(51904K)->51663K(51904K) Class: 5618K(5696K)->5618K(5696K)
[334.341s][info][gc             ] GC(601) Pause Young (Allocation Failure) 574M->282M(674M) 24.690ms
[334.341s][info][gc,cpu         ] GC(601) User=0.01s Sys=0.00s Real=0.02s
[334.992s][info][gc,start       ] GC(602) Pause Young (Allocation Failure)
[334.996s][info][gc,heap        ] GC(602) PSYoungGen: 307774K(314368K)->2784K(313856K) Eden: 304640K(304640K)->0K(304640K) From: 3134K(9728K)->2784K(9216K)
[334.996s][info][gc,heap        ] GC(602) ParOldGen: 286449K(376320K)->286465K(376320K)
[334.996s][info][gc,metaspace   ] GC(602) Metaspace: 57281K(57600K)->57281K(57600K) NonClass: 51663K(51904K)->51663K(51904K) Class: 5618K(5696K)->5618K(5696K)
[334.996s][info][gc             ] GC(602) Pause Young (Allocation Failure) 580M->282M(674M) 4.708ms
[334.996s][info][gc,cpu         ] GC(602) User=0.01s Sys=0.00s Real=0.00s
[335.724s][info][gc,start       ] GC(603) Pause Young (Allocation Failure)
[335.726s][info][gc,heap        ] GC(603) PSYoungGen: 307350K(313856K)->416K(323584K) Eden: 304566K(304640K)->0K(314880K) From: 2784K(9216K)->416K(8704K)
[335.726s][info][gc,heap        ] GC(603) ParOldGen: 286465K(376320K)->286481K(376320K)
[335.726s][info][gc,metaspace   ] GC(603) Metaspace: 57281K(57600K)->57281K(57600K) NonClass: 51663K(51904K)->51663K(51904K) Class: 5618K(5696K)->5618K(5696K)
[335.726s][info][gc             ] GC(603) Pause Young (Allocation Failure) 579M->280M(683M) 2.247ms
[335.726s][info][gc,cpu         ] GC(603) User=0.00s Sys=0.00s Real=0.00s
[336.491s][info][gc,start       ] GC(604) Pause Young (Allocation Failure)
[336.496s][info][gc,heap        ] GC(604) PSYoungGen: 315296K(323584K)->2911K(305152K) Eden: 314880K(314880K)->0K(302080K) From: 416K(8704K)->2911K(3072K)
[336.496s][info][gc,heap        ] GC(604) ParOldGen: 286481K(376320K)->286497K(376320K)
[336.496s][info][gc,metaspace   ] GC(604) Metaspace: 57281K(57600K)->57281K(57600K) NonClass: 51663K(51904K)->51663K(51904K) Class: 5618K(5696K)->5618K(5696K)
[336.496s][info][gc             ] GC(604) Pause Young (Allocation Failure) 587M->282M(665M) 4.966ms
[336.496s][info][gc,cpu         ] GC(604) User=0.01s Sys=0.00s Real=0.00s
[337.193s][info][gc,start       ] GC(605) Pause Young (Allocation Failure)
[337.199s][info][gc,heap        ] GC(605) PSYoungGen: 304991K(305152K)->3263K(293888K) Eden: 302080K(302080K)->0K(290304K) From: 2911K(3072K)->3263K(3584K)
[337.199s][info][gc,heap        ] GC(605) ParOldGen: 286497K(376320K)->286513K(376320K)
[337.199s][info][gc,metaspace   ] GC(605) Metaspace: 57281K(57600K)->57281K(57600K) NonClass: 51663K(51904K)->51663K(51904K) Class: 5618K(5696K)->5618K(5696K)
[337.199s][info][gc             ] GC(605) Pause Young (Allocation Failure) 577M->282M(654M) 6.077ms
[337.199s][info][gc,cpu         ] GC(605) User=0.01s Sys=0.00s Real=0.00s
[337.892s][info][gc,start       ] GC(606) Pause Young (Allocation Failure)
[337.896s][info][gc,heap        ] GC(606) PSYoungGen: 293567K(293888K)->2303K(281600K) Eden: 290304K(290304K)->0K(279040K) From: 3263K(3584K)->2303K(2560K)
[337.896s][info][gc,heap        ] GC(606) ParOldGen: 286513K(376320K)->286529K(376320K)
[337.896s][info][gc,metaspace   ] GC(606) Metaspace: 57281K(57600K)->57281K(57600K) NonClass: 51663K(51904K)->51663K(51904K) Class: 5618K(5696K)->5618K(5696K)
[337.896s][info][gc             ] GC(606) Pause Young (Allocation Failure) 566M->282M(642M) 4.127ms
[337.896s][info][gc,cpu         ] GC(606) User=0.00s Sys=0.00s Real=0.00s
[338.571s][info][gc,start       ] GC(607) Pause Young (Allocation Failure)
[338.573s][info][gc,heap        ] GC(607) PSYoungGen: 281343K(281600K)->278K(268800K) Eden: 279040K(279040K)->0K(268288K) From: 2303K(2560K)->278K(512K)
[338.573s][info][gc,heap        ] GC(607) ParOldGen: 286529K(376320K)->286545K(376320K)
[338.573s][info][gc,metaspace   ] GC(607) Metaspace: 57281K(57600K)->57281K(57600K) NonClass: 51663K(51904K)->51663K(51904K) Class: 5618K(5696K)->5618K(5696K)
[338.573s][info][gc             ] GC(607) Pause Young (Allocation Failure) 554M->280M(630M) 2.348ms
[338.573s][info][gc,cpu         ] GC(607) User=0.00s Sys=0.00s Real=0.01s
[339.185s][info][gc,start       ] GC(608) Pause Young (Allocation Failure)
[339.189s][info][gc,heap        ] GC(608) PSYoungGen: 268566K(268800K)->2591K(265216K) Eden: 268288K(268288K)->0K(258048K) From: 278K(512K)->2591K(7168K)
[339.189s][info][gc,heap        ] GC(608) ParOldGen: 286545K(376320K)->286561K(376320K)
[339.189s][info][gc,metaspace   ] GC(608) Metaspace: 57281K(57600K)->57281K(57600K) NonClass: 51663K(51904K)->51663K(51904K) Class: 5618K(5696K)->5618K(5696K)
[339.190s][info][gc             ] GC(608) Pause Young (Allocation Failure) 542M->282M(626M) 4.144ms
[339.190s][info][gc,cpu         ] GC(608) User=0.01s Sys=0.00s Real=0.00s
[339.790s][info][gc,start       ] GC(609) Pause Young (Allocation Failure)
[339.794s][info][gc,heap        ] GC(609) PSYoungGen: 260639K(265216K)->3039K(251392K) Eden: 258048K(258048K)->0K(248320K) From: 2591K(7168K)->3039K(3072K)
[339.794s][info][gc,heap        ] GC(609) ParOldGen: 286561K(376320K)->286577K(376320K)
[339.794s][info][gc,metaspace   ] GC(609) Metaspace: 57281K(57600K)->57281K(57600K) NonClass: 51663K(51904K)->51663K(51904K) Class: 5618K(5696K)->5618K(5696K)
[339.795s][info][gc             ] GC(609) Pause Young (Allocation Failure) 534M->282M(613M) 4.781ms
[339.795s][info][gc,cpu         ] GC(609) User=0.01s Sys=0.00s Real=0.01s
[340.391s][info][gc,start       ] GC(610) Pause Young (Allocation Failure)
[340.396s][info][gc,heap        ] GC(610) PSYoungGen: 251359K(251392K)->2624K(242176K) Eden: 248320K(248320K)->0K(239104K) From: 3039K(3072K)->2624K(3072K)
[340.396s][info][gc,heap        ] GC(610) ParOldGen: 286577K(376320K)->286593K(376320K)
[340.396s][info][gc,metaspace   ] GC(610) Metaspace: 57283K(57600K)->57283K(57600K) NonClass: 51665K(51904K)->51665K(51904K) Class: 5618K(5696K)->5618K(5696K)
[340.396s][info][gc             ] GC(610) Pause Young (Allocation Failure) 525M->282M(604M) 4.786ms
[340.396s][info][gc,cpu         ] GC(610) User=0.00s Sys=0.01s Real=0.00s
[340.983s][info][gc,start       ] GC(611) Pause Young (Allocation Failure)
[340.987s][info][gc,heap        ] GC(611) PSYoungGen: 241728K(242176K)->2175K(232960K) Eden: 239104K(239104K)->0K(230400K) From: 2624K(3072K)->2175K(2560K)
[340.987s][info][gc,heap        ] GC(611) ParOldGen: 286593K(376320K)->286609K(376320K)
[340.987s][info][gc,metaspace   ] GC(611) Metaspace: 57283K(57600K)->57283K(57600K) NonClass: 51665K(51904K)->51665K(51904K) Class: 5618K(5696K)->5618K(5696K)
[340.987s][info][gc             ] GC(611) Pause Young (Allocation Failure) 515M->282M(595M) 4.040ms
[340.987s][info][gc,cpu         ] GC(611) User=0.00s Sys=0.00s Real=0.00s
[341.501s][info][gc,start       ] GC(612) Pause Young (Allocation Failure)
[341.506s][info][gc,heap        ] GC(612) PSYoungGen: 232575K(232960K)->2527K(224256K) Eden: 230400K(230400K)->0K(221696K) From: 2175K(2560K)->2527K(2560K)
[341.506s][info][gc,heap        ] GC(612) ParOldGen: 286609K(376320K)->286625K(376320K)
[341.506s][info][gc,metaspace   ] GC(612) Metaspace: 57283K(57600K)->57283K(57600K) NonClass: 51665K(51904K)->51665K(51904K) Class: 5618K(5696K)->5618K(5696K)
[341.506s][info][gc             ] GC(612) Pause Young (Allocation Failure) 507M->282M(586M) 4.191ms
[341.506s][info][gc,cpu         ] GC(612) User=0.01s Sys=0.00s Real=0.00s
[342.071s][info][gc,start       ] GC(613) Pause Young (Allocation Failure)
[342.073s][info][gc,heap        ] GC(613) PSYoungGen: 224223K(224256K)->320K(214016K) Eden: 221696K(221696K)->0K(213504K) From: 2527K(2560K)->320K(512K)
[342.073s][info][gc,heap        ] GC(613) ParOldGen: 286625K(376320K)->286641K(376320K)
[342.073s][info][gc,metaspace   ] GC(613) Metaspace: 57283K(57600K)->57283K(57600K) NonClass: 51665K(51904K)->51665K(51904K) Class: 5618K(5696K)->5618K(5696K)
[342.073s][info][gc             ] GC(613) Pause Young (Allocation Failure) 498M->280M(576M) 2.232ms
[342.073s][info][gc,cpu         ] GC(613) User=0.01s Sys=0.00s Real=0.01s
[342.575s][info][gc,start       ] GC(614) Pause Young (Allocation Failure)
[342.577s][info][gc,heap        ] GC(614) PSYoungGen: 213824K(214016K)->1151K(211456K) Eden: 213504K(213504K)->0K(205824K) From: 320K(512K)->1151K(5632K)
[342.577s][info][gc,heap        ] GC(614) ParOldGen: 286641K(376320K)->286657K(376320K)
[342.577s][info][gc,metaspace   ] GC(614) Metaspace: 57287K(57600K)->57287K(57600K) NonClass: 51668K(51904K)->51668K(51904K) Class: 5618K(5696K)->5618K(5696K)
[342.577s][info][gc             ] GC(614) Pause Young (Allocation Failure) 488M->281M(574M) 2.413ms
[342.577s][info][gc,cpu         ] GC(614) User=0.01s Sys=0.00s Real=0.00s
[343.072s][info][gc,start       ] GC(615) Pause Young (Allocation Failure)
[343.075s][info][gc,heap        ] GC(615) PSYoungGen: 206975K(211456K)->648K(199680K) Eden: 205824K(205824K)->0K(198656K) From: 1151K(5632K)->648K(1024K)
[343.075s][info][gc,heap        ] GC(615) ParOldGen: 286657K(376320K)->286673K(376320K)
[343.075s][info][gc,metaspace   ] GC(615) Metaspace: 57287K(57600K)->57287K(57600K) NonClass: 51668K(51904K)->51668K(51904K) Class: 5618K(5696K)->5618K(5696K)
[343.075s][info][gc             ] GC(615) Pause Young (Allocation Failure) 482M->280M(562M) 2.574ms
[343.075s][info][gc,cpu         ] GC(615) User=0.00s Sys=0.00s Real=0.00s
[343.504s][info][gc,start       ] GC(616) Pause Young (Allocation Failure)
[343.508s][info][gc,heap        ] GC(616) PSYoungGen: 199165K(199680K)->2783K(194560K) Eden: 198516K(198656K)->0K(191488K) From: 648K(1024K)->2783K(3072K)
[343.508s][info][gc,heap        ] GC(616) ParOldGen: 286673K(376320K)->286689K(376320K)
[343.508s][info][gc,metaspace   ] GC(616) Metaspace: 57287K(57600K)->57287K(57600K) NonClass: 51668K(51904K)->51668K(51904K) Class: 5618K(5696K)->5618K(5696K)
[343.508s][info][gc             ] GC(616) Pause Young (Allocation Failure) 474M->282M(557M) 4.324ms
[343.508s][info][gc,cpu         ] GC(616) User=0.01s Sys=0.00s Real=0.00s
[343.978s][info][gc,start       ] GC(617) Pause Young (Allocation Failure)
[343.981s][info][gc,heap        ] GC(617) PSYoungGen: 194271K(194560K)->1207K(186368K) Eden: 191488K(191488K)->0K(184832K) From: 2783K(3072K)->1207K(1536K)
[343.981s][info][gc,heap        ] GC(617) ParOldGen: 286689K(376320K)->286705K(376320K)
[343.981s][info][gc,metaspace   ] GC(617) Metaspace: 57287K(57600K)->57287K(57600K) NonClass: 51668K(51904K)->51668K(51904K) Class: 5618K(5696K)->5618K(5696K)
[343.981s][info][gc             ] GC(617) Pause Young (Allocation Failure) 469M->281M(549M) 3.059ms
[343.981s][info][gc,cpu         ] GC(617) User=0.00s Sys=0.01s Real=0.01s
[344.392s][info][gc,start       ] GC(618) Pause Young (Allocation Failure)
[344.396s][info][gc,heap        ] GC(618) PSYoungGen: 186039K(186368K)->2591K(181760K) Eden: 184832K(184832K)->0K(178688K) From: 1207K(1536K)->2591K(3072K)
[344.396s][info][gc,heap        ] GC(618) ParOldGen: 286705K(376320K)->286721K(376320K)
[344.396s][info][gc,metaspace   ] GC(618) Metaspace: 57287K(57600K)->57287K(57600K) NonClass: 51668K(51904K)->51668K(51904K) Class: 5618K(5696K)->5618K(5696K)
[344.396s][info][gc             ] GC(618) Pause Young (Allocation Failure) 461M->282M(545M) 4.181ms
[344.396s][info][gc,cpu         ] GC(618) User=0.01s Sys=0.00s Real=0.00s
[344.802s][info][gc,start       ] GC(619) Pause Young (Allocation Failure)
[344.806s][info][gc,heap        ] GC(619) PSYoungGen: 181279K(181760K)->1951K(174592K) Eden: 178688K(178688K)->0K(172544K) From: 2591K(3072K)->1951K(2048K)
[344.806s][info][gc,heap        ] GC(619) ParOldGen: 286721K(376320K)->286737K(376320K)
[344.806s][info][gc,metaspace   ] GC(619) Metaspace: 57287K(57600K)->57287K(57600K) NonClass: 51668K(51904K)->51668K(51904K) Class: 5618K(5696K)->5618K(5696K)
[344.806s][info][gc             ] GC(619) Pause Young (Allocation Failure) 457M->281M(538M) 3.651ms
[344.806s][info][gc,cpu         ] GC(619) User=0.01s Sys=0.00s Real=0.00s
[345.209s][info][gc,start       ] GC(620) Pause Young (Allocation Failure)
[345.211s][info][gc,heap        ] GC(620) PSYoungGen: 174408K(174592K)->448K(167424K) Eden: 172457K(172544K)->0K(166912K) From: 1951K(2048K)->448K(512K)
[345.211s][info][gc,heap        ] GC(620) ParOldGen: 286737K(376320K)->286753K(376320K)
[345.211s][info][gc,metaspace   ] GC(620) Metaspace: 57287K(57600K)->57287K(57600K) NonClass: 51668K(51904K)->51668K(51904K) Class: 5618K(5696K)->5618K(5696K)
[345.211s][info][gc             ] GC(620) Pause Young (Allocation Failure) 450M->280M(531M) 2.092ms
[345.211s][info][gc,cpu         ] GC(620) User=0.01s Sys=0.00s Real=0.01s
[345.672s][info][gc,start       ] GC(621) Pause Young (Allocation Failure)
[345.674s][info][gc,heap        ] GC(621) PSYoungGen: 167360K(167424K)->480K(161792K) Eden: 166912K(166912K)->0K(161280K) From: 448K(512K)->480K(512K)
[345.674s][info][gc,heap        ] GC(621) ParOldGen: 286753K(376320K)->286769K(376320K)
[345.674s][info][gc,metaspace   ] GC(621) Metaspace: 57287K(57600K)->57287K(57600K) NonClass: 51668K(51904K)->51668K(51904K) Class: 5618K(5696K)->5618K(5696K)
[345.674s][info][gc             ] GC(621) Pause Young (Allocation Failure) 443M->280M(525M) 2.280ms
[345.674s][info][gc,cpu         ] GC(621) User=0.00s Sys=0.00s Real=0.00s
[346.010s][info][gc,start       ] GC(622) Pause Young (Allocation Failure)
[346.013s][info][gc,heap        ] GC(622) PSYoungGen: 161760K(161792K)->1695K(161280K) Eden: 161280K(161280K)->0K(156160K) From: 480K(512K)->1695K(5120K)
[346.013s][info][gc,heap        ] GC(622) ParOldGen: 286769K(376320K)->286785K(376320K)
[346.013s][info][gc,metaspace   ] GC(622) Metaspace: 57287K(57600K)->57287K(57600K) NonClass: 51668K(51904K)->51668K(51904K) Class: 5618K(5696K)->5618K(5696K)
[346.013s][info][gc             ] GC(622) Pause Young (Allocation Failure) 438M->281M(525M) 3.067ms
[346.013s][info][gc,cpu         ] GC(622) User=0.00s Sys=0.00s Real=0.01s
[346.391s][info][gc,start       ] GC(623) Pause Young (Allocation Failure)
[346.396s][info][gc,heap        ] GC(623) PSYoungGen: 157855K(161280K)->3168K(154624K) Eden: 156160K(156160K)->0K(151040K) From: 1695K(5120K)->3168K(3584K)
[346.396s][info][gc,heap        ] GC(623) ParOldGen: 286785K(376320K)->286801K(376320K)
[346.396s][info][gc,metaspace   ] GC(623) Metaspace: 57287K(57600K)->57287K(57600K) NonClass: 51668K(51904K)->51668K(51904K) Class: 5618K(5696K)->5618K(5696K)
[346.396s][info][gc             ] GC(623) Pause Young (Allocation Failure) 434M->283M(518M) 5.072ms
[346.396s][info][gc,cpu         ] GC(623) User=0.01s Sys=0.00s Real=0.01s
[346.835s][info][gc,start       ] GC(624) Pause Young (Allocation Failure)
[346.837s][info][gc,heap        ] GC(624) PSYoungGen: 154208K(154624K)->775K(147456K) Eden: 151040K(151040K)->0K(146432K) From: 3168K(3584K)->775K(1024K)
[346.837s][info][gc,heap        ] GC(624) ParOldGen: 286801K(376320K)->286817K(376320K)
[346.837s][info][gc,metaspace   ] GC(624) Metaspace: 57287K(57600K)->57287K(57600K) NonClass: 51668K(51904K)->51668K(51904K) Class: 5618K(5696K)->5618K(5696K)
[346.837s][info][gc             ] GC(624) Pause Young (Allocation Failure) 430M->280M(511M) 2.497ms
[346.837s][info][gc,cpu         ] GC(624) User=0.01s Sys=0.00s Real=0.00s
[347.100s][info][gc,start       ] GC(625) Pause Young (Allocation Failure)
[347.105s][info][gc,heap        ] GC(625) PSYoungGen: 147207K(147456K)->3071K(177664K) Eden: 146432K(146432K)->0K(174592K) From: 775K(1024K)->3071K(3072K)
[347.105s][info][gc,heap        ] GC(625) ParOldGen: 286817K(376320K)->286833K(376320K)
[347.105s][info][gc,metaspace   ] GC(625) Metaspace: 57287K(57600K)->57287K(57600K) NonClass: 51668K(51904K)->51668K(51904K) Class: 5618K(5696K)->5618K(5696K)
[347.105s][info][gc             ] GC(625) Pause Young (Allocation Failure) 423M->283M(541M) 4.813ms
[347.105s][info][gc,cpu         ] GC(625) User=0.01s Sys=0.00s Real=0.01s
[347.513s][info][gc,start       ] GC(626) Pause Young (Allocation Failure)
[347.516s][info][gc,heap        ] GC(626) PSYoungGen: 177663K(177664K)->1566K(170496K) Eden: 174592K(174592K)->0K(168448K) From: 3071K(3072K)->1566K(2048K)
[347.516s][info][gc,heap        ] GC(626) ParOldGen: 286833K(376320K)->286849K(376320K)
[347.516s][info][gc,metaspace   ] GC(626) Metaspace: 57287K(57600K)->57287K(57600K) NonClass: 51668K(51904K)->51668K(51904K) Class: 5618K(5696K)->5618K(5696K)
[347.516s][info][gc             ] GC(626) Pause Young (Allocation Failure) 453M->281M(534M) 2.979ms
[347.516s][info][gc,cpu         ] GC(626) User=0.01s Sys=0.00s Real=0.00s
[347.908s][info][gc,start       ] GC(627) Pause Young (Allocation Failure)
[347.911s][info][gc,heap        ] GC(627) PSYoungGen: 169729K(170496K)->896K(163840K) Eden: 168163K(168448K)->0K(162816K) From: 1566K(2048K)->896K(1024K)
[347.911s][info][gc,heap        ] GC(627) ParOldGen: 286849K(376320K)->286865K(376320K)
[347.911s][info][gc,metaspace   ] GC(627) Metaspace: 57287K(57600K)->57287K(57600K) NonClass: 51668K(51904K)->51668K(51904K) Class: 5618K(5696K)->5618K(5696K)
[347.911s][info][gc             ] GC(627) Pause Young (Allocation Failure) 445M->281M(527M) 2.822ms
[347.911s][info][gc,cpu         ] GC(627) User=0.00s Sys=0.00s Real=0.01s
[348.306s][info][gc,start       ] GC(628) Pause Young (Allocation Failure)
[348.310s][info][gc,heap        ] GC(628) PSYoungGen: 163712K(163840K)->2559K(159744K) Eden: 162816K(162816K)->0K(157184K) From: 896K(1024K)->2559K(2560K)
[348.310s][info][gc,heap        ] GC(628) ParOldGen: 286865K(376320K)->286881K(376320K)
[348.310s][info][gc,metaspace   ] GC(628) Metaspace: 57287K(57600K)->57287K(57600K) NonClass: 51668K(51904K)->51668K(51904K) Class: 5618K(5696K)->5618K(5696K)
[348.310s][info][gc             ] GC(628) Pause Young (Allocation Failure) 440M->282M(523M) 4.200ms
[348.310s][info][gc,cpu         ] GC(628) User=0.01s Sys=0.00s Real=0.00s
[348.695s][info][gc,start       ] GC(629) Pause Young (Allocation Failure)
[348.700s][info][gc,heap        ] GC(629) PSYoungGen: 159743K(159744K)->3167K(190464K) Eden: 157184K(157184K)->0K(186880K) From: 2559K(2560K)->3167K(3584K)
[348.700s][info][gc,heap        ] GC(629) ParOldGen: 286881K(376320K)->286897K(376320K)
[348.700s][info][gc,metaspace   ] GC(629) Metaspace: 57287K(57600K)->57287K(57600K) NonClass: 51668K(51904K)->51668K(51904K) Class: 5618K(5696K)->5618K(5696K)
[348.700s][info][gc             ] GC(629) Pause Young (Allocation Failure) 436M->283M(553M) 4.951ms
[348.700s][info][gc,cpu         ] GC(629) User=0.01s Sys=0.00s Real=0.00s
[349.298s][info][gc,start       ] GC(630) Pause Young (Allocation Failure)
[349.300s][info][gc,heap        ] GC(630) PSYoungGen: 190047K(190464K)->522K(181248K) Eden: 186880K(186880K)->0K(180224K) From: 3167K(3584K)->522K(1024K)
[349.300s][info][gc,heap        ] GC(630) ParOldGen: 286897K(376320K)->286913K(376320K)
[349.300s][info][gc,metaspace   ] GC(630) Metaspace: 57287K(57600K)->57287K(57600K) NonClass: 51668K(51904K)->51668K(51904K) Class: 5618K(5696K)->5618K(5696K)
[349.300s][info][gc             ] GC(630) Pause Young (Allocation Failure) 465M->280M(544M) 2.244ms
[349.301s][info][gc,cpu         ] GC(630) User=0.01s Sys=0.00s Real=0.00s
[349.681s][info][gc,start       ] GC(631) Pause Young (Allocation Failure)
[349.685s][info][gc,heap        ] GC(631) PSYoungGen: 180746K(181248K)->1759K(176128K) Eden: 180224K(180224K)->0K(174080K) From: 522K(1024K)->1759K(2048K)
[349.685s][info][gc,heap        ] GC(631) ParOldGen: 286913K(376320K)->286929K(376320K)
[349.685s][info][gc,metaspace   ] GC(631) Metaspace: 57287K(57600K)->57287K(57600K) NonClass: 51668K(51904K)->51668K(51904K) Class: 5618K(5696K)->5618K(5696K)
[349.685s][info][gc             ] GC(631) Pause Young (Allocation Failure) 456M->281M(539M) 3.537ms
[349.685s][info][gc,cpu         ] GC(631) User=0.00s Sys=0.00s Real=0.00s
[350.088s][info][gc,start       ] GC(632) Pause Young (Allocation Failure)
[350.093s][info][gc,heap        ] GC(632) PSYoungGen: 175839K(176128K)->2623K(171008K) Eden: 174080K(174080K)->0K(167936K) From: 1759K(2048K)->2623K(3072K)
[350.093s][info][gc,heap        ] GC(632) ParOldGen: 286929K(376320K)->286945K(376320K)
[350.093s][info][gc,metaspace   ] GC(632) Metaspace: 57287K(57600K)->57287K(57600K) NonClass: 51668K(51904K)->51668K(51904K) Class: 5618K(5696K)->5618K(5696K)
[350.093s][info][gc             ] GC(632) Pause Young (Allocation Failure) 451M->282M(534M) 4.402ms
[350.093s][info][gc,cpu         ] GC(632) User=0.01s Sys=0.00s Real=0.01s
[350.492s][info][gc,start       ] GC(633) Pause Young (Allocation Failure)
[350.496s][info][gc,heap        ] GC(633) PSYoungGen: 170559K(171008K)->1920K(164352K) Eden: 167936K(167936K)->0K(162304K) From: 2623K(3072K)->1920K(2048K)
[350.496s][info][gc,heap        ] GC(633) ParOldGen: 286945K(376320K)->286961K(376320K)
[350.496s][info][gc,metaspace   ] GC(633) Metaspace: 57287K(57600K)->57287K(57600K) NonClass: 51668K(51904K)->51668K(51904K) Class: 5618K(5696K)->5618K(5696K)
[350.496s][info][gc             ] GC(633) Pause Young (Allocation Failure) 446M->282M(528M) 3.893ms
[350.496s][info][gc,cpu         ] GC(633) User=0.00s Sys=0.00s Real=0.00s
[350.881s][info][gc,start       ] GC(634) Pause Young (Allocation Failure)
[350.884s][info][gc,heap        ] GC(634) PSYoungGen: 164224K(164352K)->1919K(159232K) Eden: 162304K(162304K)->0K(157184K) From: 1920K(2048K)->1919K(2048K)
[350.884s][info][gc,heap        ] GC(634) ParOldGen: 286961K(376320K)->286977K(376320K)
[350.884s][info][gc,metaspace   ] GC(634) Metaspace: 57287K(57600K)->57287K(57600K) NonClass: 51668K(51904K)->51668K(51904K) Class: 5618K(5696K)->5618K(5696K)
[350.884s][info][gc             ] GC(634) Pause Young (Allocation Failure) 440M->282M(523M) 3.504ms
[350.884s][info][gc,cpu         ] GC(634) User=0.00s Sys=0.00s Real=0.00s
[351.273s][info][gc,start       ] GC(635) Pause Young (Allocation Failure)
[351.276s][info][gc,heap        ] GC(635) PSYoungGen: 159103K(159232K)->736K(153088K) Eden: 157184K(157184K)->0K(152064K) From: 1919K(2048K)->736K(1024K)
[351.276s][info][gc,heap        ] GC(635) ParOldGen: 286977K(376320K)->286993K(376320K)
[351.276s][info][gc,metaspace   ] GC(635) Metaspace: 57287K(57600K)->57287K(57600K) NonClass: 51668K(51904K)->51668K(51904K) Class: 5618K(5696K)->5618K(5696K)
[351.276s][info][gc             ] GC(635) Pause Young (Allocation Failure) 435M->280M(517M) 2.462ms
[351.276s][info][gc,cpu         ] GC(635) User=0.01s Sys=0.00s Real=0.00s
[351.603s][info][gc,start       ] GC(636) Pause Young (Allocation Failure)
[351.606s][info][gc,heap        ] GC(636) PSYoungGen: 152800K(153088K)->1184K(148480K) Eden: 152064K(152064K)->0K(146944K) From: 736K(1024K)->1184K(1536K)
[351.606s][info][gc,heap        ] GC(636) ParOldGen: 286993K(376320K)->287009K(376320K)
[351.606s][info][gc,metaspace   ] GC(636) Metaspace: 57287K(57600K)->57287K(57600K) NonClass: 51668K(51904K)->51668K(51904K) Class: 5618K(5696K)->5618K(5696K)
[351.606s][info][gc             ] GC(636) Pause Young (Allocation Failure) 429M->281M(512M) 2.942ms
[351.606s][info][gc,cpu         ] GC(636) User=0.00s Sys=0.00s Real=0.00s
[351.984s][info][gc,start       ] GC(637) Pause Young (Allocation Failure)
[351.987s][info][gc,heap        ] GC(637) PSYoungGen: 148043K(148480K)->1248K(143872K) Eden: 146859K(146944K)->0K(142336K) From: 1184K(1536K)->1248K(1536K)
[351.987s][info][gc,heap        ] GC(637) ParOldGen: 287009K(376320K)->287025K(376320K)
[351.987s][info][gc,metaspace   ] GC(637) Metaspace: 57287K(57600K)->57287K(57600K) NonClass: 51668K(51904K)->51668K(51904K) Class: 5618K(5696K)->5618K(5696K)
[351.987s][info][gc             ] GC(637) Pause Young (Allocation Failure) 424M->281M(508M) 3.203ms
[351.987s][info][gc,cpu         ] GC(637) User=0.00s Sys=0.00s Real=0.00s
[352.294s][info][gc,start       ] GC(638) Pause Young (Allocation Failure)
[352.298s][info][gc,heap        ] GC(638) PSYoungGen: 143569K(143872K)->2400K(140288K) Eden: 142321K(142336K)->0K(137728K) From: 1248K(1536K)->2400K(2560K)
[352.298s][info][gc,heap        ] GC(638) ParOldGen: 287025K(376320K)->287041K(376320K)
[352.298s][info][gc,metaspace   ] GC(638) Metaspace: 57287K(57600K)->57287K(57600K) NonClass: 51668K(51904K)->51668K(51904K) Class: 5618K(5696K)->5618K(5696K)
[352.298s][info][gc             ] GC(638) Pause Young (Allocation Failure) 420M->282M(504M) 4.342ms
[352.298s][info][gc,cpu         ] GC(638) User=0.01s Sys=0.00s Real=0.00s
[352.615s][info][gc,start       ] GC(639) Pause Young (Allocation Failure)
[352.618s][info][gc,heap        ] GC(639) PSYoungGen: 140128K(140288K)->1407K(135168K) Eden: 137728K(137728K)->0K(133632K) From: 2400K(2560K)->1407K(1536K)
[352.618s][info][gc,heap        ] GC(639) ParOldGen: 287041K(376320K)->287057K(376320K)
[352.618s][info][gc,metaspace   ] GC(639) Metaspace: 57287K(57600K)->57287K(57600K) NonClass: 51668K(51904K)->51668K(51904K) Class: 5618K(5696K)->5618K(5696K)
[352.618s][info][gc             ] GC(639) Pause Young (Allocation Failure) 417M->281M(499M) 3.096ms
[352.618s][info][gc,cpu         ] GC(639) User=0.01s Sys=0.00s Real=0.00s
[352.972s][info][gc,start       ] GC(640) Pause Young (Allocation Failure)
[352.974s][info][gc,heap        ] GC(640) PSYoungGen: 135039K(135168K)->690K(130560K) Eden: 133632K(133632K)->0K(129536K) From: 1407K(1536K)->690K(1024K)
[352.974s][info][gc,heap        ] GC(640) ParOldGen: 287057K(376320K)->287073K(376320K)
[352.974s][info][gc,metaspace   ] GC(640) Metaspace: 57287K(57600K)->57287K(57600K) NonClass: 51668K(51904K)->51668K(51904K) Class: 5618K(5696K)->5618K(5696K)
[352.974s][info][gc             ] GC(640) Pause Young (Allocation Failure) 412M->281M(495M) 2.130ms
[352.974s][info][gc,cpu         ] GC(640) User=0.00s Sys=0.00s Real=0.00s
[353.306s][info][gc,start       ] GC(641) Pause Young (Allocation Failure)
[353.321s][info][gc,heap        ] GC(641) PSYoungGen: 130226K(130560K)->1856K(156672K) Eden: 129536K(129536K)->0K(154624K) From: 690K(1024K)->1856K(2048K)
[353.321s][info][gc,heap        ] GC(641) ParOldGen: 287073K(376320K)->287089K(376320K)
[353.321s][info][gc,metaspace   ] GC(641) Metaspace: 57287K(57600K)->57287K(57600K) NonClass: 51668K(51904K)->51668K(51904K) Class: 5618K(5696K)->5618K(5696K)
[353.321s][info][gc             ] GC(641) Pause Young (Allocation Failure) 407M->282M(520M) 14.831ms
[353.321s][info][gc,cpu         ] GC(641) User=0.01s Sys=0.00s Real=0.02s
[353.612s][info][gc,start       ] GC(642) Pause Young (Allocation Failure)
[353.615s][info][gc,heap        ] GC(642) PSYoungGen: 156239K(156672K)->1728K(186880K) Eden: 154383K(154624K)->0K(184832K) From: 1856K(2048K)->1728K(2048K)
[353.615s][info][gc,heap        ] GC(642) ParOldGen: 287089K(376320K)->287105K(376320K)
[353.615s][info][gc,metaspace   ] GC(642) Metaspace: 57287K(57600K)->57287K(57600K) NonClass: 51668K(51904K)->51668K(51904K) Class: 5618K(5696K)->5618K(5696K)
[353.615s][info][gc             ] GC(642) Pause Young (Allocation Failure) 432M->282M(550M) 3.662ms
[353.615s][info][gc,cpu         ] GC(642) User=0.00s Sys=0.00s Real=0.00s
[354.083s][info][gc,start       ] GC(643) Pause Young (Allocation Failure)
[354.086s][info][gc,heap        ] GC(643) PSYoungGen: 186560K(186880K)->2047K(222720K) Eden: 184832K(184832K)->0K(220672K) From: 1728K(2048K)->2047K(2048K)
[354.086s][info][gc,heap        ] GC(643) ParOldGen: 287105K(376320K)->287121K(376320K)
[354.086s][info][gc,metaspace   ] GC(643) Metaspace: 57287K(57600K)->57287K(57600K) NonClass: 51668K(51904K)->51668K(51904K) Class: 5618K(5696K)->5618K(5696K)
[354.086s][info][gc             ] GC(643) Pause Young (Allocation Failure) 462M->282M(585M) 3.701ms
[354.086s][info][gc,cpu         ] GC(643) User=0.00s Sys=0.00s Real=0.00s
[354.597s][info][gc,start       ] GC(644) Pause Young (Allocation Failure)
[354.602s][info][gc,heap        ] GC(644) PSYoungGen: 222719K(222720K)->2960K(230400K) Eden: 220672K(220672K)->0K(226816K) From: 2047K(2048K)->2960K(3584K)
[354.602s][info][gc,heap        ] GC(644) ParOldGen: 287121K(376320K)->287137K(376320K)
[354.602s][info][gc,metaspace   ] GC(644) Metaspace: 57287K(57600K)->57287K(57600K) NonClass: 51668K(51904K)->51668K(51904K) Class: 5618K(5696K)->5618K(5696K)
[354.602s][info][gc             ] GC(644) Pause Young (Allocation Failure) 497M->283M(592M) 4.812ms
[354.602s][info][gc,cpu         ] GC(644) User=0.00s Sys=0.00s Real=0.01s
[355.117s][info][gc,start       ] GC(645) Pause Young (Allocation Failure)
[355.120s][info][gc,heap        ] GC(645) PSYoungGen: 229776K(230400K)->1119K(267776K) Eden: 226816K(226816K)->0K(263680K) From: 2960K(3584K)->1119K(4096K)
[355.120s][info][gc,heap        ] GC(645) ParOldGen: 287137K(376320K)->287474K(376320K)
[355.120s][info][gc,metaspace   ] GC(645) Metaspace: 57287K(57600K)->57287K(57600K) NonClass: 51668K(51904K)->51668K(51904K) Class: 5618K(5696K)->5618K(5696K)
[355.120s][info][gc             ] GC(645) Pause Young (Allocation Failure) 504M->281M(629M) 3.019ms
[355.120s][info][gc,cpu         ] GC(645) User=0.00s Sys=0.00s Real=0.00s
[355.795s][info][gc,start       ] GC(646) Pause Young (Allocation Failure)
[355.815s][info][gc,heap        ] GC(646) PSYoungGen: 264799K(267776K)->2336K(267264K) Eden: 263680K(263680K)->0K(263680K) From: 1119K(4096K)->2336K(3584K)
[355.815s][info][gc,heap        ] GC(646) ParOldGen: 287474K(376320K)->287490K(376320K)
[355.815s][info][gc,metaspace   ] GC(646) Metaspace: 57287K(57600K)->57287K(57600K) NonClass: 51668K(51904K)->51668K(51904K) Class: 5618K(5696K)->5618K(5696K)
[355.815s][info][gc             ] GC(646) Pause Young (Allocation Failure) 539M->283M(628M) 19.860ms
[355.815s][info][gc,cpu         ] GC(646) User=0.03s Sys=0.00s Real=0.02s
[356.397s][info][gc,start       ] GC(647) Pause Young (Allocation Failure)
[356.403s][info][gc,heap        ] GC(647) PSYoungGen: 265932K(267264K)->2944K(318464K) Eden: 263596K(263680K)->0K(314368K) From: 2336K(3584K)->2944K(4096K)
[356.403s][info][gc,heap        ] GC(647) ParOldGen: 287490K(376320K)->287506K(376320K)
[356.403s][info][gc,metaspace   ] GC(647) Metaspace: 57287K(57600K)->57287K(57600K) NonClass: 51668K(51904K)->51668K(51904K) Class: 5618K(5696K)->5618K(5696K)
[356.403s][info][gc             ] GC(647) Pause Young (Allocation Failure) 540M->283M(678M) 6.215ms
[356.403s][info][gc,cpu         ] GC(647) User=0.01s Sys=0.01s Real=0.01s
[357.182s][info][gc,start       ] GC(648) Pause Young (Allocation Failure)
[357.185s][info][gc,heap        ] GC(648) PSYoungGen: 317312K(318464K)->1108K(318464K) Eden: 314368K(314368K)->0K(314368K) From: 2944K(4096K)->1108K(4096K)
[357.185s][info][gc,heap        ] GC(648) ParOldGen: 287506K(376320K)->287522K(376320K)
[357.185s][info][gc,metaspace   ] GC(648) Metaspace: 57287K(57600K)->57287K(57600K) NonClass: 51668K(51904K)->51668K(51904K) Class: 5618K(5696K)->5618K(5696K)
[357.185s][info][gc             ] GC(648) Pause Young (Allocation Failure) 590M->281M(678M) 3.255ms
[357.185s][info][gc,cpu         ] GC(648) User=0.00s Sys=0.00s Real=0.00s
[357.901s][info][gc,start       ] GC(649) Pause Young (Allocation Failure)
[357.907s][info][gc,heap        ] GC(649) PSYoungGen: 315476K(318464K)->3135K(329728K) Eden: 314368K(314368K)->0K(325632K) From: 1108K(4096K)->3135K(4096K)
[357.907s][info][gc,heap        ] GC(649) ParOldGen: 287522K(376320K)->287538K(376320K)
[357.907s][info][gc,metaspace   ] GC(649) Metaspace: 57287K(57600K)->57287K(57600K) NonClass: 51668K(51904K)->51668K(51904K) Class: 5618K(5696K)->5618K(5696K)
[357.907s][info][gc             ] GC(649) Pause Young (Allocation Failure) 588M->283M(689M) 6.180ms
[357.907s][info][gc,cpu         ] GC(649) User=0.01s Sys=0.01s Real=0.00s
[358.714s][info][gc,start       ] GC(650) Pause Young (Allocation Failure)
[358.744s][info][gc,heap        ] GC(650) PSYoungGen: 328767K(329728K)->4096K(329728K) Eden: 325632K(325632K)->0K(325632K) From: 3135K(4096K)->4096K(4096K)
[358.744s][info][gc,heap        ] GC(650) ParOldGen: 287538K(376320K)->288017K(376320K)
[358.744s][info][gc,metaspace   ] GC(650) Metaspace: 57287K(57600K)->57287K(57600K) NonClass: 51668K(51904K)->51668K(51904K) Class: 5618K(5696K)->5618K(5696K)
[358.745s][info][gc             ] GC(650) Pause Young (Allocation Failure) 601M->285M(689M) 30.987ms
[358.745s][info][gc,cpu         ] GC(650) User=0.03s Sys=0.00s Real=0.03s
[359.490s][info][gc,start       ] GC(651) Pause Young (Allocation Failure)
[359.495s][info][gc,heap        ] GC(651) PSYoungGen: 329728K(329728K)->2335K(327680K) Eden: 325632K(325632K)->0K(323584K) From: 4096K(4096K)->2335K(4096K)
[359.495s][info][gc,heap        ] GC(651) ParOldGen: 288017K(376320K)->288113K(376320K)
[359.495s][info][gc,metaspace   ] GC(651) Metaspace: 57287K(57600K)->57287K(57600K) NonClass: 51668K(51904K)->51668K(51904K) Class: 5618K(5696K)->5618K(5696K)
[359.495s][info][gc             ] GC(651) Pause Young (Allocation Failure) 603M->283M(687M) 4.546ms
[359.495s][info][gc,cpu         ] GC(651) User=0.01s Sys=0.01s Real=0.01s
[360.278s][info][gc,start       ] GC(652) Pause Young (Allocation Failure)
[360.280s][info][gc,heap        ] GC(652) PSYoungGen: 325654K(327680K)->1024K(328704K) Eden: 323319K(323584K)->0K(323584K) From: 2335K(4096K)->1024K(5120K)
[360.280s][info][gc,heap        ] GC(652) ParOldGen: 288113K(376320K)->288161K(376320K)
[360.280s][info][gc,metaspace   ] GC(652) Metaspace: 57287K(57600K)->57287K(57600K) NonClass: 51668K(51904K)->51668K(51904K) Class: 5618K(5696K)->5618K(5696K)
[360.281s][info][gc             ] GC(652) Pause Young (Allocation Failure) 599M->282M(688M) 2.754ms
[360.281s][info][gc,cpu         ] GC(652) User=0.00s Sys=0.00s Real=0.00s
[361.040s][info][gc,start       ] GC(653) Pause Young (Allocation Failure)
[361.054s][info][gc,heap        ] GC(653) PSYoungGen: 324608K(328704K)->1471K(328192K) Eden: 323584K(323584K)->0K(324096K) From: 1024K(5120K)->1471K(4096K)
[361.054s][info][gc,heap        ] GC(653) ParOldGen: 288161K(376320K)->288177K(376320K)
[361.054s][info][gc,metaspace   ] GC(653) Metaspace: 57287K(57600K)->57287K(57600K) NonClass: 51668K(51904K)->51668K(51904K) Class: 5618K(5696K)->5618K(5696K)
[361.054s][info][gc             ] GC(653) Pause Young (Allocation Failure) 598M->282M(688M) 13.990ms
[361.054s][info][gc,cpu         ] GC(653) User=0.01s Sys=0.00s Real=0.02s
[361.800s][info][gc,start       ] GC(654) Pause Young (Allocation Failure)
[361.806s][info][gc,heap        ] GC(654) PSYoungGen: 325567K(328192K)->2527K(328704K) Eden: 324096K(324096K)->0K(324096K) From: 1471K(4096K)->2527K(4608K)
[361.806s][info][gc,heap        ] GC(654) ParOldGen: 288177K(376320K)->288193K(376320K)
[361.806s][info][gc,metaspace   ] GC(654) Metaspace: 57287K(57600K)->57287K(57600K) NonClass: 51668K(51904K)->51668K(51904K) Class: 5618K(5696K)->5618K(5696K)
[361.806s][info][gc             ] GC(654) Pause Young (Allocation Failure) 599M->283M(688M) 5.633ms
[361.806s][info][gc,cpu         ] GC(654) User=0.01s Sys=0.00s Real=0.01s
[362.588s][info][gc,start       ] GC(655) Pause Young (Allocation Failure)
[362.592s][info][gc,heap        ] GC(655) PSYoungGen: 326623K(328704K)->2080K(329216K) Eden: 324096K(324096K)->0K(324608K) From: 2527K(4608K)->2080K(4608K)
[362.592s][info][gc,heap        ] GC(655) ParOldGen: 288193K(376320K)->288209K(376320K)
[362.592s][info][gc,metaspace   ] GC(655) Metaspace: 57287K(57600K)->57287K(57600K) NonClass: 51668K(51904K)->51668K(51904K) Class: 5618K(5696K)->5618K(5696K)
[362.592s][info][gc             ] GC(655) Pause Young (Allocation Failure) 600M->283M(689M) 3.940ms
[362.592s][info][gc,cpu         ] GC(655) User=0.01s Sys=0.00s Real=0.01s
[363.379s][info][gc,start       ] GC(656) Pause Young (Allocation Failure)
[363.382s][info][gc,heap        ] GC(656) PSYoungGen: 326688K(329216K)->799K(312832K) Eden: 324608K(324608K)->0K(311808K) From: 2080K(4608K)->799K(1024K)
[363.382s][info][gc,heap        ] GC(656) ParOldGen: 288209K(376320K)->288225K(376320K)
[363.382s][info][gc,metaspace   ] GC(656) Metaspace: 57287K(57600K)->57287K(57600K) NonClass: 51668K(51904K)->51668K(51904K) Class: 5618K(5696K)->5618K(5696K)
[363.382s][info][gc             ] GC(656) Pause Young (Allocation Failure) 600M->282M(673M) 3.498ms
[363.382s][info][gc,cpu         ] GC(656) User=0.00s Sys=0.00s Real=0.01s
[364.094s][info][gc,start       ] GC(657) Pause Young (Allocation Failure)
[364.100s][info][gc,heap        ] GC(657) PSYoungGen: 312607K(312832K)->2655K(302592K) Eden: 311808K(311808K)->0K(299520K) From: 799K(1024K)->2655K(3072K)
[364.100s][info][gc,heap        ] GC(657) ParOldGen: 288225K(376320K)->288241K(376320K)
[364.100s][info][gc,metaspace   ] GC(657) Metaspace: 57287K(57600K)->57287K(57600K) NonClass: 51668K(51904K)->51668K(51904K) Class: 5618K(5696K)->5618K(5696K)
[364.100s][info][gc             ] GC(657) Pause Young (Allocation Failure) 586M->284M(663M) 5.286ms
[364.100s][info][gc,cpu         ] GC(657) User=0.01s Sys=0.01s Real=0.00s
[364.804s][info][gc,start       ] GC(658) Pause Young (Allocation Failure)
[364.809s][info][gc,heap        ] GC(658) PSYoungGen: 302175K(302592K)->2335K(290304K) Eden: 299520K(299520K)->0K(287744K) From: 2655K(3072K)->2335K(2560K)
[364.809s][info][gc,heap        ] GC(658) ParOldGen: 288241K(376320K)->288257K(376320K)
[364.809s][info][gc,metaspace   ] GC(658) Metaspace: 57287K(57600K)->57287K(57600K) NonClass: 51668K(51904K)->51668K(51904K) Class: 5618K(5696K)->5618K(5696K)
[364.809s][info][gc             ] GC(658) Pause Young (Allocation Failure) 576M->283M(651M) 4.188ms
[364.809s][info][gc,cpu         ] GC(658) User=0.01s Sys=0.00s Real=0.00s
[365.629s][info][gc,start       ] GC(659) Pause Young (Allocation Failure)
[365.634s][info][gc,heap        ] GC(659) PSYoungGen: 289887K(290304K)->2560K(279040K) Eden: 287552K(287744K)->0K(276480K) From: 2335K(2560K)->2560K(2560K)
[365.634s][info][gc,heap        ] GC(659) ParOldGen: 288257K(376320K)->288273K(376320K)
[365.634s][info][gc,metaspace   ] GC(659) Metaspace: 57287K(57600K)->57287K(57600K) NonClass: 51668K(51904K)->51668K(51904K) Class: 5618K(5696K)->5618K(5696K)
[365.634s][info][gc             ] GC(659) Pause Young (Allocation Failure) 564M->284M(640M) 5.070ms
[365.634s][info][gc,cpu         ] GC(659) User=0.01s Sys=0.00s Real=0.01s
[366.285s][info][gc,start       ] GC(660) Pause Young (Allocation Failure)
[366.290s][info][gc,heap        ] GC(660) PSYoungGen: 279040K(279040K)->1952K(267776K) Eden: 276480K(276480K)->0K(265728K) From: 2560K(2560K)->1952K(2048K)
[366.290s][info][gc,heap        ] GC(660) ParOldGen: 288273K(376320K)->288289K(376320K)
[366.290s][info][gc,metaspace   ] GC(660) Metaspace: 57287K(57600K)->57287K(57600K) NonClass: 51668K(51904K)->51668K(51904K) Class: 5618K(5696K)->5618K(5696K)
[366.290s][info][gc             ] GC(660) Pause Young (Allocation Failure) 554M->283M(629M) 4.126ms
[366.290s][info][gc,cpu         ] GC(660) User=0.01s Sys=0.00s Real=0.00s
[366.907s][info][gc,start       ] GC(661) Pause Young (Allocation Failure)
[366.911s][info][gc,heap        ] GC(661) PSYoungGen: 267680K(267776K)->2303K(258048K) Eden: 265728K(265728K)->0K(255488K) From: 1952K(2048K)->2303K(2560K)
[366.911s][info][gc,heap        ] GC(661) ParOldGen: 288289K(376320K)->288305K(376320K)
[366.911s][info][gc,metaspace   ] GC(661) Metaspace: 57287K(57600K)->57287K(57600K) NonClass: 51668K(51904K)->51668K(51904K) Class: 5618K(5696K)->5618K(5696K)
[366.911s][info][gc             ] GC(661) Pause Young (Allocation Failure) 542M->283M(619M) 4.135ms
[366.911s][info][gc,cpu         ] GC(661) User=0.01s Sys=0.00s Real=0.01s
[367.511s][info][gc,start       ] GC(662) Pause Young (Allocation Failure)
[367.514s][info][gc,heap        ] GC(662) PSYoungGen: 257791K(258048K)->1727K(247808K) Eden: 255488K(255488K)->0K(245760K) From: 2303K(2560K)->1727K(2048K)
[367.514s][info][gc,heap        ] GC(662) ParOldGen: 288305K(376320K)->288321K(376320K)
[367.514s][info][gc,metaspace   ] GC(662) Metaspace: 57287K(57600K)->57287K(57600K) NonClass: 51668K(51904K)->51668K(51904K) Class: 5618K(5696K)->5618K(5696K)
[367.514s][info][gc             ] GC(662) Pause Young (Allocation Failure) 533M->283M(609M) 3.459ms
[367.514s][info][gc,cpu         ] GC(662) User=0.01s Sys=0.00s Real=0.01s
[368.104s][info][gc,start       ] GC(663) Pause Young (Allocation Failure)
[368.109s][info][gc,heap        ] GC(663) PSYoungGen: 247487K(247808K)->3071K(239616K) Eden: 245760K(245760K)->0K(236544K) From: 1727K(2048K)->3071K(3072K)
[368.109s][info][gc,heap        ] GC(663) ParOldGen: 288321K(376320K)->288337K(376320K)
[368.109s][info][gc,metaspace   ] GC(663) Metaspace: 57287K(57600K)->57287K(57600K) NonClass: 51668K(51904K)->51668K(51904K) Class: 5618K(5696K)->5618K(5696K)
[368.109s][info][gc             ] GC(663) Pause Young (Allocation Failure) 523M->284M(601M) 4.995ms
[368.109s][info][gc,cpu         ] GC(663) User=0.01s Sys=0.00s Real=0.00s
[368.699s][info][gc,start       ] GC(664) Pause Young (Allocation Failure)
[368.703s][info][gc,heap        ] GC(664) PSYoungGen: 239615K(239616K)->2207K(230400K) Eden: 236544K(236544K)->0K(227840K) From: 3071K(3072K)->2207K(2560K)
[368.703s][info][gc,heap        ] GC(664) ParOldGen: 288337K(376320K)->288353K(376320K)
[368.703s][info][gc,metaspace   ] GC(664) Metaspace: 57287K(57600K)->57287K(57600K) NonClass: 51668K(51904K)->51668K(51904K) Class: 5618K(5696K)->5618K(5696K)
[368.703s][info][gc             ] GC(664) Pause Young (Allocation Failure) 515M->283M(592M) 4.200ms
[368.703s][info][gc,cpu         ] GC(664) User=0.00s Sys=0.00s Real=0.01s
[369.203s][info][gc,start       ] GC(665) Pause Young (Allocation Failure)
[369.208s][info][gc,heap        ] GC(665) PSYoungGen: 229800K(230400K)->2560K(222208K) Eden: 227593K(227840K)->0K(219648K) From: 2207K(2560K)->2560K(2560K)
[369.208s][info][gc,heap        ] GC(665) ParOldGen: 288353K(376320K)->288369K(376320K)
[369.208s][info][gc,metaspace   ] GC(665) Metaspace: 57287K(57600K)->57287K(57600K) NonClass: 51668K(51904K)->51668K(51904K) Class: 5618K(5696K)->5618K(5696K)
[369.208s][info][gc             ] GC(665) Pause Young (Allocation Failure) 506M->284M(584M) 4.880ms
[369.208s][info][gc,cpu         ] GC(665) User=0.01s Sys=0.00s Real=0.00s
[369.813s][info][gc,start       ] GC(666) Pause Young (Allocation Failure)
[369.815s][info][gc,heap        ] GC(666) PSYoungGen: 222208K(222208K)->256K(211968K) Eden: 219648K(219648K)->0K(211456K) From: 2560K(2560K)->256K(512K)
[369.815s][info][gc,heap        ] GC(666) ParOldGen: 288369K(376320K)->288385K(376320K)
[369.815s][info][gc,metaspace   ] GC(666) Metaspace: 57287K(57600K)->57287K(57600K) NonClass: 51668K(51904K)->51668K(51904K) Class: 5618K(5696K)->5618K(5696K)
[369.815s][info][gc             ] GC(666) Pause Young (Allocation Failure) 498M->281M(574M) 1.976ms
[369.815s][info][gc,cpu         ] GC(666) User=0.00s Sys=0.00s Real=0.00s
[370.278s][info][gc,start       ] GC(667) Pause Young (Allocation Failure)
[370.281s][info][gc,heap        ] GC(667) PSYoungGen: 211712K(211968K)->1343K(205312K) Eden: 211456K(211456K)->0K(203776K) From: 256K(512K)->1343K(1536K)
[370.281s][info][gc,heap        ] GC(667) ParOldGen: 288385K(376320K)->288401K(376320K)
[370.281s][info][gc,metaspace   ] GC(667) Metaspace: 57287K(57600K)->57287K(57600K) NonClass: 51668K(51904K)->51668K(51904K) Class: 5618K(5696K)->5618K(5696K)
[370.281s][info][gc             ] GC(667) Pause Young (Allocation Failure) 488M->282M(568M) 3.061ms
[370.281s][info][gc,cpu         ] GC(667) User=0.00s Sys=0.00s Real=0.00s
[370.821s][info][gc,start       ] GC(668) Pause Young (Allocation Failure)
[370.823s][info][gc,heap        ] GC(668) PSYoungGen: 205119K(205312K)->863K(197632K) Eden: 203776K(203776K)->0K(196608K) From: 1343K(1536K)->863K(1024K)
[370.823s][info][gc,heap        ] GC(668) ParOldGen: 288401K(376320K)->288417K(376320K)
[370.823s][info][gc,metaspace   ] GC(668) Metaspace: 57287K(57600K)->57287K(57600K) NonClass: 51668K(51904K)->51668K(51904K) Class: 5618K(5696K)->5618K(5696K)
[370.823s][info][gc             ] GC(668) Pause Young (Allocation Failure) 481M->282M(560M) 2.341ms
[370.823s][info][gc,cpu         ] GC(668) User=0.00s Sys=0.00s Real=0.01s
[371.205s][info][gc,start       ] GC(669) Pause Young (Allocation Failure)
[371.209s][info][gc,heap        ] GC(669) PSYoungGen: 197471K(197632K)->2783K(192512K) Eden: 196608K(196608K)->0K(189440K) From: 863K(1024K)->2783K(3072K)
[371.209s][info][gc,heap        ] GC(669) ParOldGen: 288417K(376320K)->288433K(376320K)
[371.209s][info][gc,metaspace   ] GC(669) Metaspace: 57287K(57600K)->57287K(57600K) NonClass: 51668K(51904K)->51668K(51904K) Class: 5618K(5696K)->5618K(5696K)
[371.209s][info][gc             ] GC(669) Pause Young (Allocation Failure) 474M->284M(555M) 4.723ms
[371.209s][info][gc,cpu         ] GC(669) User=0.01s Sys=0.00s Real=0.00s
[371.680s][info][gc,start       ] GC(670) Pause Young (Allocation Failure)
[371.683s][info][gc,heap        ] GC(670) PSYoungGen: 192223K(192512K)->1983K(184832K) Eden: 189440K(189440K)->0K(182784K) From: 2783K(3072K)->1983K(2048K)
[371.683s][info][gc,heap        ] GC(670) ParOldGen: 288433K(376320K)->288449K(376320K)
[371.683s][info][gc,metaspace   ] GC(670) Metaspace: 57287K(57600K)->57287K(57600K) NonClass: 51668K(51904K)->51668K(51904K) Class: 5618K(5696K)->5618K(5696K)
[371.683s][info][gc             ] GC(670) Pause Young (Allocation Failure) 469M->283M(548M) 3.921ms
[371.684s][info][gc,cpu         ] GC(670) User=0.01s Sys=0.00s Real=0.01s
[372.102s][info][gc,start       ] GC(671) Pause Young (Allocation Failure)
[372.107s][info][gc,heap        ] GC(671) PSYoungGen: 184767K(184832K)->2752K(179712K) Eden: 182784K(182784K)->0K(176640K) From: 1983K(2048K)->2752K(3072K)
[372.107s][info][gc,heap        ] GC(671) ParOldGen: 288449K(376320K)->288465K(376320K)
[372.107s][info][gc,metaspace   ] GC(671) Metaspace: 57289K(57600K)->57289K(57600K) NonClass: 51671K(51904K)->51671K(51904K) Class: 5618K(5696K)->5618K(5696K)
[372.107s][info][gc             ] GC(671) Pause Young (Allocation Failure) 462M->284M(543M) 5.161ms
[372.107s][info][gc,cpu         ] GC(671) User=0.01s Sys=0.00s Real=0.00s
[372.510s][info][gc,start       ] GC(672) Pause Young (Allocation Failure)
[372.514s][info][gc,heap        ] GC(672) PSYoungGen: 179227K(179712K)->1824K(172544K) Eden: 176475K(176640K)->0K(170496K) From: 2752K(3072K)->1824K(2048K)
[372.514s][info][gc,heap        ] GC(672) ParOldGen: 288465K(376320K)->288481K(376320K)
[372.514s][info][gc,metaspace   ] GC(672) Metaspace: 57289K(57600K)->57289K(57600K) NonClass: 51671K(51904K)->51671K(51904K) Class: 5618K(5696K)->5618K(5696K)
[372.514s][info][gc             ] GC(672) Pause Young (Allocation Failure) 456M->283M(536M) 3.984ms
[372.514s][info][gc,cpu         ] GC(672) User=0.01s Sys=0.00s Real=0.01s
[372.976s][info][gc,start       ] GC(673) Pause Young (Allocation Failure)
[372.982s][info][gc,heap        ] GC(673) PSYoungGen: 172320K(172544K)->2527K(205312K) Eden: 170496K(170496K)->0K(202752K) From: 1824K(2048K)->2527K(2560K)
[372.982s][info][gc,heap        ] GC(673) ParOldGen: 288481K(376320K)->288497K(376320K)
[372.982s][info][gc,metaspace   ] GC(673) Metaspace: 57289K(57600K)->57289K(57600K) NonClass: 51671K(51904K)->51671K(51904K) Class: 5618K(5696K)->5618K(5696K)
[372.982s][info][gc             ] GC(673) Pause Young (Allocation Failure) 450M->284M(568M) 6.142ms
[372.982s][info][gc,cpu         ] GC(673) User=0.01s Sys=0.00s Real=0.01s
[373.394s][info][gc,start       ] GC(674) Pause Young (Allocation Failure)
[373.399s][info][gc,heap        ] GC(674) PSYoungGen: 205279K(205312K)->3231K(244736K) Eden: 202752K(202752K)->0K(241152K) From: 2527K(2560K)->3231K(3584K)
[373.399s][info][gc,heap        ] GC(674) ParOldGen: 288497K(376320K)->288513K(376320K)
[373.399s][info][gc,metaspace   ] GC(674) Metaspace: 57289K(57600K)->57289K(57600K) NonClass: 51671K(51904K)->51671K(51904K) Class: 5618K(5696K)->5618K(5696K)
[373.399s][info][gc             ] GC(674) Pause Young (Allocation Failure) 482M->284M(606M) 5.444ms
[373.399s][info][gc,cpu         ] GC(674) User=0.01s Sys=0.00s Real=0.00s
[374.033s][info][gc,start       ] GC(675) Pause Young (Allocation Failure)
[374.036s][info][gc,heap        ] GC(675) PSYoungGen: 244383K(244736K)->1183K(233472K) Eden: 241152K(241152K)->0K(231936K) From: 3231K(3584K)->1183K(1536K)
[374.036s][info][gc,heap        ] GC(675) ParOldGen: 288513K(376320K)->288529K(376320K)
[374.036s][info][gc,metaspace   ] GC(675) Metaspace: 57289K(57600K)->57289K(57600K) NonClass: 51671K(51904K)->51671K(51904K) Class: 5618K(5696K)->5618K(5696K)
[374.036s][info][gc             ] GC(675) Pause Young (Allocation Failure) 520M->282M(595M) 2.715ms
[374.036s][info][gc,cpu         ] GC(675) User=0.00s Sys=0.00s Real=0.00s
[374.581s][info][gc,start       ] GC(676) Pause Young (Allocation Failure)
[374.588s][info][gc,heap        ] GC(676) PSYoungGen: 232950K(233472K)->1344K(276992K) Eden: 231766K(231936K)->0K(275456K) From: 1183K(1536K)->1344K(1536K)
[374.588s][info][gc,heap        ] GC(676) ParOldGen: 288529K(376320K)->288545K(376320K)
[374.588s][info][gc,metaspace   ] GC(676) Metaspace: 57289K(57600K)->57289K(57600K) NonClass: 51671K(51904K)->51671K(51904K) Class: 5618K(5696K)->5618K(5696K)
[374.589s][info][gc             ] GC(676) Pause Young (Allocation Failure) 509M->283M(638M) 7.267ms
[374.589s][info][gc,cpu         ] GC(676) User=0.00s Sys=0.00s Real=0.00s
[375.187s][info][gc,start       ] GC(677) Pause Young (Allocation Failure)
[375.192s][info][gc,heap        ] GC(677) PSYoungGen: 276800K(276992K)->1952K(266752K) Eden: 275456K(275456K)->0K(264704K) From: 1344K(1536K)->1952K(2048K)
[375.192s][info][gc,heap        ] GC(677) ParOldGen: 288545K(376320K)->288561K(376320K)
[375.192s][info][gc,metaspace   ] GC(677) Metaspace: 57289K(57600K)->57289K(57600K) NonClass: 51671K(51904K)->51671K(51904K) Class: 5618K(5696K)->5618K(5696K)
[375.192s][info][gc             ] GC(677) Pause Young (Allocation Failure) 552M->283M(628M) 4.893ms
[375.192s][info][gc,cpu         ] GC(677) User=0.01s Sys=0.00s Real=0.01s
[375.798s][info][gc,start       ] GC(678) Pause Young (Allocation Failure)
[375.804s][info][gc,heap        ] GC(678) PSYoungGen: 266656K(266752K)->3519K(258048K) Eden: 264704K(264704K)->0K(254464K) From: 1952K(2048K)->3519K(3584K)
[375.804s][info][gc,heap        ] GC(678) ParOldGen: 288561K(376320K)->288577K(376320K)
[375.804s][info][gc,metaspace   ] GC(678) Metaspace: 57289K(57600K)->57289K(57600K) NonClass: 51671K(51904K)->51671K(51904K) Class: 5618K(5696K)->5618K(5696K)
[375.804s][info][gc             ] GC(678) Pause Young (Allocation Failure) 542M->285M(619M) 5.451ms
[375.804s][info][gc,cpu         ] GC(678) User=0.01s Sys=0.00s Real=0.01s
[376.399s][info][gc,start       ] GC(679) Pause Young (Allocation Failure)
[376.405s][info][gc,heap        ] GC(679) PSYoungGen: 257983K(258048K)->3072K(247808K) Eden: 254464K(254464K)->0K(244736K) From: 3519K(3584K)->3072K(3072K)
[376.405s][info][gc,heap        ] GC(679) ParOldGen: 288577K(376320K)->288729K(376320K)
[376.405s][info][gc,metaspace   ] GC(679) Metaspace: 57289K(57600K)->57289K(57600K) NonClass: 51671K(51904K)->51671K(51904K) Class: 5618K(5696K)->5618K(5696K)
[376.405s][info][gc             ] GC(679) Pause Young (Allocation Failure) 533M->284M(609M) 5.395ms
[376.405s][info][gc,cpu         ] GC(679) User=0.01s Sys=0.00s Real=0.01s
[376.983s][info][gc,start       ] GC(680) Pause Young (Allocation Failure)
[376.990s][info][gc,heap        ] GC(680) PSYoungGen: 247808K(247808K)->2548K(289280K) Eden: 244736K(244736K)->0K(284672K) From: 3072K(3072K)->2548K(4608K)
[376.990s][info][gc,heap        ] GC(680) ParOldGen: 288729K(376320K)->288977K(376320K)
[376.990s][info][gc,metaspace   ] GC(680) Metaspace: 57289K(57600K)->57289K(57600K) NonClass: 51671K(51904K)->51671K(51904K) Class: 5618K(5696K)->5618K(5696K)
[376.990s][info][gc             ] GC(680) Pause Young (Allocation Failure) 523M->284M(650M) 7.109ms
[376.990s][info][gc,cpu         ] GC(680) User=0.01s Sys=0.00s Real=0.00s
[377.619s][info][gc,start       ] GC(681) Pause Young (Allocation Failure)
[377.622s][info][gc,heap        ] GC(681) PSYoungGen: 287220K(289280K)->1630K(275456K) Eden: 284672K(284672K)->0K(273408K) From: 2548K(4608K)->1630K(2048K)
[377.622s][info][gc,heap        ] GC(681) ParOldGen: 288977K(376320K)->289009K(376320K)
[377.622s][info][gc,metaspace   ] GC(681) Metaspace: 57289K(57600K)->57289K(57600K) NonClass: 51671K(51904K)->51671K(51904K) Class: 5618K(5696K)->5618K(5696K)
[377.622s][info][gc             ] GC(681) Pause Young (Allocation Failure) 562M->283M(636M) 3.663ms
[377.622s][info][gc,cpu         ] GC(681) User=0.00s Sys=0.00s Real=0.01s
[378.288s][info][gc,start       ] GC(682) Pause Young (Allocation Failure)
[378.293s][info][gc,heap        ] GC(682) PSYoungGen: 275038K(275456K)->2624K(265728K) Eden: 273408K(273408K)->0K(262656K) From: 1630K(2048K)->2624K(3072K)
[378.293s][info][gc,heap        ] GC(682) ParOldGen: 289009K(376320K)->289025K(376320K)
[378.293s][info][gc,metaspace   ] GC(682) Metaspace: 57289K(57600K)->57289K(57600K) NonClass: 51671K(51904K)->51671K(51904K) Class: 5618K(5696K)->5618K(5696K)
[378.293s][info][gc             ] GC(682) Pause Young (Allocation Failure) 550M->284M(627M) 4.894ms
[378.293s][info][gc,cpu         ] GC(682) User=0.01s Sys=0.00s Real=0.01s
[378.898s][info][gc,start       ] GC(683) Pause Young (Allocation Failure)
[378.904s][info][gc,heap        ] GC(683) PSYoungGen: 265280K(265728K)->3263K(256000K) Eden: 262656K(262656K)->0K(252416K) From: 2624K(3072K)->3263K(3584K)
[378.904s][info][gc,heap        ] GC(683) ParOldGen: 289025K(376320K)->289041K(376320K)
[378.904s][info][gc,metaspace   ] GC(683) Metaspace: 57289K(57600K)->57289K(57600K) NonClass: 51671K(51904K)->51671K(51904K) Class: 5618K(5696K)->5618K(5696K)
[378.904s][info][gc             ] GC(683) Pause Young (Allocation Failure) 541M->285M(617M) 5.632ms
[378.904s][info][gc,cpu         ] GC(683) User=0.01s Sys=0.00s Real=0.01s
[379.489s][info][gc,start       ] GC(684) Pause Young (Allocation Failure)
[379.491s][info][gc,heap        ] GC(684) PSYoungGen: 230036K(256000K)->64K(243200K) Eden: 226773K(252416K)->0K(242688K) From: 3263K(3584K)->64K(512K)
[379.491s][info][gc,heap        ] GC(684) ParOldGen: 289041K(376320K)->289057K(376320K)
[379.491s][info][gc,metaspace   ] GC(684) Metaspace: 57304K(57600K)->57304K(57600K) NonClass: 51686K(51904K)->51686K(51904K) Class: 5618K(5696K)->5618K(5696K)
[379.491s][info][gc             ] GC(684) Pause Young (Allocation Failure) 506M->282M(605M) 1.923ms
[379.491s][info][gc,cpu         ] GC(684) User=0.00s Sys=0.00s Real=0.01s
[381.965s][info][gc,start       ] GC(685) Pause Young (Allocation Failure)
[381.984s][info][gc,heap        ] GC(685) PSYoungGen: 242716K(243200K)->4602K(238080K) Eden: 242652K(242688K)->0K(233472K) From: 64K(512K)->4602K(4608K)
[381.984s][info][gc,heap        ] GC(685) ParOldGen: 289057K(376320K)->376133K(376320K)
[381.984s][info][gc,metaspace   ] GC(685) Metaspace: 57417K(57728K)->57417K(57728K) NonClass: 51798K(52032K)->51798K(52032K) Class: 5618K(5696K)->5618K(5696K)
[381.984s][info][gc             ] GC(685) Pause Young (Allocation Failure) 519M->371M(600M) 19.367ms
[381.984s][info][gc,cpu         ] GC(685) User=0.03s Sys=0.00s Real=0.02s
[382.498s][info][gc,start       ] GC(686) Pause Young (Allocation Failure)
[382.507s][info][gc,heap        ] GC(686) PSYoungGen: 238074K(238080K)->2623K(271360K) Eden: 233472K(233472K)->0K(233472K) From: 4602K(4608K)->2623K(37888K)
[382.507s][info][gc,heap        ] GC(686) ParOldGen: 376133K(376320K)->380743K(380928K)
[382.507s][info][gc,metaspace   ] GC(686) Metaspace: 57417K(57728K)->57417K(57728K) NonClass: 51798K(52032K)->51798K(52032K) Class: 5618K(5696K)->5618K(5696K)
[382.507s][info][gc             ] GC(686) Pause Young (Allocation Failure) 599M->374M(637M) 9.076ms
[382.507s][info][gc,cpu         ] GC(686) User=0.01s Sys=0.00s Real=0.01s
[383.073s][info][gc,start       ] GC(687) Pause Young (Allocation Failure)
[383.077s][info][gc,heap        ] GC(687) PSYoungGen: 236095K(271360K)->1436K(226304K) Eden: 233472K(233472K)->0K(224768K) From: 2623K(37888K)->1436K(1536K)
[383.077s][info][gc,heap        ] GC(687) ParOldGen: 380743K(380928K)->381102K(381440K)
[383.077s][info][gc,metaspace   ] GC(687) Metaspace: 57417K(57728K)->57417K(57728K) NonClass: 51798K(52032K)->51798K(52032K) Class: 5618K(5696K)->5618K(5696K)
[383.077s][info][gc             ] GC(687) Pause Young (Allocation Failure) 602M->373M(593M) 3.627ms
[383.077s][info][gc,cpu         ] GC(687) User=0.01s Sys=0.00s Real=0.00s
[383.590s][info][gc,start       ] GC(688) Pause Young (Allocation Failure)
[383.593s][info][gc,heap        ] GC(688) PSYoungGen: 225903K(226304K)->1216K(251904K) Eden: 224466K(224768K)->0K(216576K) From: 1436K(1536K)->1216K(35328K)
[383.593s][info][gc,heap        ] GC(688) ParOldGen: 381102K(381440K)->381118K(381440K)
[383.593s][info][gc,metaspace   ] GC(688) Metaspace: 57417K(57728K)->57417K(57728K) NonClass: 51798K(52032K)->51798K(52032K) Class: 5618K(5696K)->5618K(5696K)
[383.593s][info][gc             ] GC(688) Pause Young (Allocation Failure) 592M->373M(618M) 3.078ms
[383.593s][info][gc,cpu         ] GC(688) User=0.01s Sys=0.00s Real=0.01s
[384.094s][info][gc,start       ] GC(689) Pause Young (Allocation Failure)
[384.101s][info][gc,heap        ] GC(689) PSYoungGen: 217536K(251904K)->3072K(219648K) Eden: 216320K(216576K)->0K(208896K) From: 1216K(35328K)->3072K(10752K)
[384.101s][info][gc,heap        ] GC(689) ParOldGen: 381118K(381440K)->381134K(381440K)
[384.101s][info][gc,metaspace   ] GC(689) Metaspace: 57417K(57728K)->57417K(57728K) NonClass: 51798K(52032K)->51798K(52032K) Class: 5618K(5696K)->5618K(5696K)
[384.101s][info][gc             ] GC(689) Pause Young (Allocation Failure) 584M->375M(587M) 6.704ms
[384.101s][info][gc,cpu         ] GC(689) User=0.01s Sys=0.00s Real=0.01s
[384.681s][info][gc,start       ] GC(690) Pause Young (Allocation Failure)
[384.687s][info][gc,heap        ] GC(690) PSYoungGen: 211968K(219648K)->3423K(204800K) Eden: 208896K(208896K)->0K(201216K) From: 3072K(10752K)->3423K(3584K)
[384.687s][info][gc,heap        ] GC(690) ParOldGen: 381134K(381440K)->381150K(381440K)
[384.687s][info][gc,metaspace   ] GC(690) Metaspace: 57417K(57728K)->57417K(57728K) NonClass: 51798K(52032K)->51798K(52032K) Class: 5618K(5696K)->5618K(5696K)
[384.687s][info][gc             ] GC(690) Pause Young (Allocation Failure) 579M->375M(572M) 6.473ms
[384.687s][info][gc,cpu         ] GC(690) User=0.01s Sys=0.00s Real=0.00s
[385.086s][info][gc,start       ] GC(691) Pause Young (Allocation Failure)
[385.091s][info][gc,heap        ] GC(691) PSYoungGen: 204639K(204800K)->2463K(214016K) Eden: 201216K(201216K)->0K(194048K) From: 3423K(3584K)->2463K(19968K)
[385.091s][info][gc,heap        ] GC(691) ParOldGen: 381150K(381440K)->381166K(381440K)
[385.091s][info][gc,metaspace   ] GC(691) Metaspace: 57417K(57728K)->57417K(57728K) NonClass: 51798K(52032K)->51798K(52032K) Class: 5618K(5696K)->5618K(5696K)
[385.091s][info][gc             ] GC(691) Pause Young (Allocation Failure) 572M->374M(581M) 5.233ms
[385.091s][info][gc,cpu         ] GC(691) User=0.00s Sys=0.00s Real=0.00s
[385.617s][info][gc,start       ] GC(692) Pause Young (Allocation Failure)
[385.629s][info][gc,heap        ] GC(692) PSYoungGen: 196511K(214016K)->1025K(223744K) Eden: 194048K(194048K)->0K(194048K) From: 2463K(19968K)->1025K(29696K)
[385.629s][info][gc,heap        ] GC(692) ParOldGen: 381166K(381440K)->381182K(381440K)
[385.629s][info][gc,metaspace   ] GC(692) Metaspace: 57417K(57728K)->57417K(57728K) NonClass: 51798K(52032K)->51798K(52032K) Class: 5618K(5696K)->5618K(5696K)
[385.629s][info][gc             ] GC(692) Pause Young (Allocation Failure) 564M->373M(591M) 12.029ms
[385.629s][info][gc,cpu         ] GC(692) User=0.01s Sys=0.00s Real=0.01s
[386.006s][info][gc,start       ] GC(693) Pause Young (Allocation Failure)
[386.011s][info][gc,heap        ] GC(693) PSYoungGen: 194906K(223744K)->2176K(257024K) Eden: 193881K(194048K)->0K(231424K) From: 1025K(29696K)->2176K(25600K)
[386.011s][info][gc,heap        ] GC(693) ParOldGen: 381182K(381440K)->381198K(381440K)
[386.011s][info][gc,metaspace   ] GC(693) Metaspace: 57417K(57728K)->57417K(57728K) NonClass: 51798K(52032K)->51798K(52032K) Class: 5618K(5696K)->5618K(5696K)
[386.011s][info][gc             ] GC(693) Pause Young (Allocation Failure) 562M->374M(623M) 5.380ms
[386.011s][info][gc,cpu         ] GC(693) User=0.01s Sys=0.00s Real=0.01s
[386.582s][info][gc,start       ] GC(694) Pause Young (Allocation Failure)
[386.586s][info][gc,heap        ] GC(694) PSYoungGen: 233600K(257024K)->2047K(258048K) Eden: 231424K(231424K)->0K(231424K) From: 2176K(25600K)->2047K(26624K)
[386.586s][info][gc,heap        ] GC(694) ParOldGen: 381198K(381440K)->381214K(381440K)
[386.586s][info][gc,metaspace   ] GC(694) Metaspace: 57417K(57728K)->57417K(57728K) NonClass: 51798K(52032K)->51798K(52032K) Class: 5618K(5696K)->5618K(5696K)
[386.586s][info][gc             ] GC(694) Pause Young (Allocation Failure) 600M->374M(624M) 3.853ms
[386.586s][info][gc,cpu         ] GC(694) User=0.01s Sys=0.00s Real=0.00s
[387.112s][info][gc,start       ] GC(695) Pause Young (Allocation Failure)
[387.116s][info][gc,heap        ] GC(695) PSYoungGen: 233471K(258048K)->1695K(297984K) Eden: 231424K(231424K)->0K(275456K) From: 2047K(26624K)->1695K(22528K)
[387.116s][info][gc,heap        ] GC(695) ParOldGen: 381214K(381440K)->381230K(381440K)
[387.116s][info][gc,metaspace   ] GC(695) Metaspace: 57417K(57728K)->57417K(57728K) NonClass: 51798K(52032K)->51798K(52032K) Class: 5618K(5696K)->5618K(5696K)
[387.116s][info][gc             ] GC(695) Pause Young (Allocation Failure) 600M->373M(663M) 3.939ms
[387.116s][info][gc,cpu         ] GC(695) User=0.01s Sys=0.00s Real=0.00s
[387.786s][info][gc,start       ] GC(696) Pause Young (Allocation Failure)
[387.789s][info][gc,heap        ] GC(696) PSYoungGen: 277151K(297984K)->1342K(266240K) Eden: 275456K(275456K)->0K(264704K) From: 1695K(22528K)->1342K(1536K)
[387.789s][info][gc,heap        ] GC(696) ParOldGen: 381230K(381440K)->381246K(381440K)
[387.789s][info][gc,metaspace   ] GC(696) Metaspace: 57417K(57728K)->57417K(57728K) NonClass: 51798K(52032K)->51798K(52032K) Class: 5618K(5696K)->5618K(5696K)
[387.789s][info][gc             ] GC(696) Pause Young (Allocation Failure) 642M->373M(632M) 3.084ms
[387.789s][info][gc,cpu         ] GC(696) User=0.01s Sys=0.00s Real=0.00s
[388.391s][info][gc,start       ] GC(697) Pause Young (Allocation Failure)
[388.397s][info][gc,heap        ] GC(697) PSYoungGen: 266046K(266240K)->2975K(264192K) Eden: 264704K(264704K)->0K(254464K) From: 1342K(1536K)->2975K(9728K)
[388.397s][info][gc,heap        ] GC(697) ParOldGen: 381246K(381440K)->381262K(381440K)
[388.397s][info][gc,metaspace   ] GC(697) Metaspace: 57417K(57728K)->57417K(57728K) NonClass: 51798K(52032K)->51798K(52032K) Class: 5618K(5696K)->5618K(5696K)
[388.397s][info][gc             ] GC(697) Pause Young (Allocation Failure) 632M->375M(630M) 6.267ms
[388.397s][info][gc,cpu         ] GC(697) User=0.01s Sys=0.00s Real=0.00s
[388.991s][info][gc,start       ] GC(698) Pause Young (Allocation Failure)
[388.996s][info][gc,heap        ] GC(698) PSYoungGen: 257439K(264192K)->3199K(248320K) Eden: 254464K(254464K)->0K(244736K) From: 2975K(9728K)->3199K(3584K)
[388.996s][info][gc,heap        ] GC(698) ParOldGen: 381262K(381440K)->381278K(381440K)
[388.996s][info][gc,metaspace   ] GC(698) Metaspace: 57417K(57728K)->57417K(57728K) NonClass: 51798K(52032K)->51798K(52032K) Class: 5618K(5696K)->5618K(5696K)
[388.996s][info][gc             ] GC(698) Pause Young (Allocation Failure) 623M->375M(615M) 5.567ms
[388.996s][info][gc,cpu         ] GC(698) User=0.01s Sys=0.00s Real=0.01s
[389.650s][info][gc,start       ] GC(699) Pause Young (Allocation Failure)
[389.656s][info][gc,heap        ] GC(699) PSYoungGen: 247935K(248320K)->3007K(240640K) Eden: 244736K(244736K)->0K(235520K) From: 3199K(3584K)->3007K(5120K)
[389.656s][info][gc,heap        ] GC(699) ParOldGen: 381278K(381440K)->381294K(381440K)
[389.656s][info][gc,metaspace   ] GC(699) Metaspace: 57418K(57728K)->57418K(57728K) NonClass: 51800K(52032K)->51800K(52032K) Class: 5618K(5696K)->5618K(5696K)
[389.656s][info][gc             ] GC(699) Pause Young (Allocation Failure) 614M->375M(607M) 6.781ms
[389.656s][info][gc,cpu         ] GC(699) User=0.01s Sys=0.00s Real=0.01s
[390.174s][info][gc,start       ] GC(700) Pause Young (Allocation Failure)
[390.177s][info][gc,heap        ] GC(700) PSYoungGen: 238527K(240640K)->766K(227840K) Eden: 235520K(235520K)->0K(226816K) From: 3007K(5120K)->766K(1024K)
[390.177s][info][gc,heap        ] GC(700) ParOldGen: 381294K(381440K)->381310K(381440K)
[390.177s][info][gc,metaspace   ] GC(700) Metaspace: 57418K(57728K)->57418K(57728K) NonClass: 51800K(52032K)->51800K(52032K) Class: 5618K(5696K)->5618K(5696K)
[390.177s][info][gc             ] GC(700) Pause Young (Allocation Failure) 605M->373M(595M) 2.802ms
[390.177s][info][gc,cpu         ] GC(700) User=0.00s Sys=0.00s Real=0.00s
[390.689s][info][gc,start       ] GC(701) Pause Young (Allocation Failure)
[390.695s][info][gc,heap        ] GC(701) PSYoungGen: 227582K(227840K)->2399K(221184K) Eden: 226816K(226816K)->0K(218624K) From: 766K(1024K)->2399K(2560K)
[390.695s][info][gc,heap        ] GC(701) ParOldGen: 381310K(381440K)->381326K(381440K)
[390.695s][info][gc,metaspace   ] GC(701) Metaspace: 57418K(57728K)->57418K(57728K) NonClass: 51800K(52032K)->51800K(52032K) Class: 5618K(5696K)->5618K(5696K)
[390.695s][info][gc             ] GC(701) Pause Young (Allocation Failure) 594M->374M(588M) 5.225ms
[390.695s][info][gc,cpu         ] GC(701) User=0.01s Sys=0.00s Real=0.01s
[391.205s][info][gc,start       ] GC(702) Pause Young (Allocation Failure)
[391.210s][info][gc,heap        ] GC(702) PSYoungGen: 220783K(221184K)->2783K(213504K) Eden: 218384K(218624K)->0K(210432K) From: 2399K(2560K)->2783K(3072K)
[391.210s][info][gc,heap        ] GC(702) ParOldGen: 381326K(381440K)->381342K(381440K)
[391.210s][info][gc,metaspace   ] GC(702) Metaspace: 57418K(57728K)->57418K(57728K) NonClass: 51800K(52032K)->51800K(52032K) Class: 5618K(5696K)->5618K(5696K)
[391.210s][info][gc             ] GC(702) Pause Young (Allocation Failure) 587M->375M(581M) 4.816ms
[391.210s][info][gc,cpu         ] GC(702) User=0.01s Sys=0.00s Real=0.00s
[391.704s][info][gc,start       ] GC(703) Pause Young (Allocation Failure)
[391.710s][info][gc,heap        ] GC(703) PSYoungGen: 213215K(213504K)->2719K(205824K) Eden: 210432K(210432K)->0K(202752K) From: 2783K(3072K)->2719K(3072K)
[391.710s][info][gc,heap        ] GC(703) ParOldGen: 381342K(381440K)->381358K(381440K)
[391.710s][info][gc,metaspace   ] GC(703) Metaspace: 57418K(57728K)->57418K(57728K) NonClass: 51800K(52032K)->51800K(52032K) Class: 5618K(5696K)->5618K(5696K)
[391.710s][info][gc             ] GC(703) Pause Young (Allocation Failure) 580M->375M(573M) 5.612ms
[391.710s][info][gc,cpu         ] GC(703) User=0.01s Sys=0.00s Real=0.00s
[392.199s][info][gc,start       ] GC(704) Pause Young (Allocation Failure)
[392.204s][info][gc,heap        ] GC(704) PSYoungGen: 205471K(205824K)->2624K(198656K) Eden: 202752K(202752K)->0K(195584K) From: 2719K(3072K)->2624K(3072K)
[392.204s][info][gc,heap        ] GC(704) ParOldGen: 381358K(381440K)->381374K(381440K)
[392.204s][info][gc,metaspace   ] GC(704) Metaspace: 57418K(57728K)->57418K(57728K) NonClass: 51800K(52032K)->51800K(52032K) Class: 5618K(5696K)->5618K(5696K)
[392.204s][info][gc             ] GC(704) Pause Young (Allocation Failure) 573M->374M(566M) 5.376ms
[392.204s][info][gc,cpu         ] GC(704) User=0.01s Sys=0.00s Real=0.01s
[392.722s][info][gc,start       ] GC(705) Pause Young (Allocation Failure)
[392.740s][info][gc,heap        ] GC(705) PSYoungGen: 198208K(198656K)->1305K(222720K) Eden: 195584K(195584K)->0K(208896K) From: 2624K(3072K)->1305K(13824K)
[392.740s][info][gc,heap        ] GC(705) ParOldGen: 381374K(381440K)->381390K(381440K)
[392.740s][info][gc,metaspace   ] GC(705) Metaspace: 57418K(57728K)->57418K(57728K) NonClass: 51800K(52032K)->51800K(52032K) Class: 5618K(5696K)->5618K(5696K)
[392.740s][info][gc             ] GC(705) Pause Young (Allocation Failure) 565M->373M(590M) 18.282ms
[392.740s][info][gc,cpu         ] GC(705) User=0.01s Sys=0.00s Real=0.01s
[393.173s][info][gc,start       ] GC(706) Pause Young (Allocation Failure)
[393.176s][info][gc,heap        ] GC(706) PSYoungGen: 210201K(222720K)->895K(222208K) Eden: 208896K(208896K)->0K(208896K) From: 1305K(13824K)->895K(13312K)
[393.176s][info][gc,heap        ] GC(706) ParOldGen: 381390K(381440K)->381406K(381440K)
[393.176s][info][gc,metaspace   ] GC(706) Metaspace: 57418K(57728K)->57418K(57728K) NonClass: 51800K(52032K)->51800K(52032K) Class: 5618K(5696K)->5618K(5696K)
[393.176s][info][gc             ] GC(706) Pause Young (Allocation Failure) 577M->373M(589M) 2.458ms
[393.176s][info][gc,cpu         ] GC(706) User=0.01s Sys=0.00s Real=0.00s
[393.671s][info][gc,start       ] GC(707) Pause Young (Allocation Failure)
[393.674s][info][gc,heap        ] GC(707) PSYoungGen: 209791K(222208K)->505K(259584K) Eden: 208896K(208896K)->0K(248320K) From: 895K(13312K)->505K(11264K)
[393.674s][info][gc,heap        ] GC(707) ParOldGen: 381406K(381440K)->381422K(381440K)
[393.674s][info][gc,metaspace   ] GC(707) Metaspace: 57418K(57728K)->57418K(57728K) NonClass: 51800K(52032K)->51800K(52032K) Class: 5618K(5696K)->5618K(5696K)
[393.674s][info][gc             ] GC(707) Pause Young (Allocation Failure) 577M->372M(626M) 2.417ms
[393.674s][info][gc,cpu         ] GC(707) User=0.01s Sys=0.00s Real=0.00s
[394.372s][info][gc,start       ] GC(708) Pause Young (Allocation Failure)
[394.374s][info][gc,heap        ] GC(708) PSYoungGen: 248825K(259584K)->384K(239616K) Eden: 248320K(248320K)->0K(239104K) From: 505K(11264K)->384K(512K)
[394.374s][info][gc,heap        ] GC(708) ParOldGen: 381422K(381440K)->381438K(381440K)
[394.374s][info][gc,metaspace   ] GC(708) Metaspace: 57418K(57728K)->57418K(57728K) NonClass: 51800K(52032K)->51800K(52032K) Class: 5618K(5696K)->5618K(5696K)
[394.374s][info][gc             ] GC(708) Pause Young (Allocation Failure) 615M->372M(606M) 2.160ms
[394.374s][info][gc,cpu         ] GC(708) User=0.01s Sys=0.00s Real=0.00s
[394.899s][info][gc,start       ] GC(709) Pause Young (Allocation Failure)
[394.906s][info][gc,heap        ] GC(709) PSYoungGen: 239278K(239616K)->2624K(233472K) Eden: 238894K(239104K)->0K(230400K) From: 384K(512K)->2624K(3072K)
[394.906s][info][gc,heap        ] GC(709) ParOldGen: 381438K(381440K)->381454K(381952K)
[394.906s][info][gc,metaspace   ] GC(709) Metaspace: 57418K(57728K)->57418K(57728K) NonClass: 51800K(52032K)->51800K(52032K) Class: 5618K(5696K)->5618K(5696K)
[394.906s][info][gc             ] GC(709) Pause Young (Allocation Failure) 606M->375M(601M) 6.105ms
[394.906s][info][gc,cpu         ] GC(709) User=0.01s Sys=0.00s Real=0.01s
[395.476s][info][gc,start       ] GC(710) Pause Young (Allocation Failure)
[395.479s][info][gc,heap        ] GC(710) PSYoungGen: 233024K(233472K)->1000K(222720K) Eden: 230400K(230400K)->0K(221696K) From: 2624K(3072K)->1000K(1024K)
[395.479s][info][gc,heap        ] GC(710) ParOldGen: 381454K(381952K)->381470K(381952K)
[395.479s][info][gc,metaspace   ] GC(710) Metaspace: 57418K(57728K)->57418K(57728K) NonClass: 51800K(52032K)->51800K(52032K) Class: 5618K(5696K)->5618K(5696K)
[395.479s][info][gc             ] GC(710) Pause Young (Allocation Failure) 600M->373M(590M) 2.884ms
[395.479s][info][gc,cpu         ] GC(710) User=0.00s Sys=0.00s Real=0.00s
[395.987s][info][gc,start       ] GC(711) Pause Young (Allocation Failure)
[395.991s][info][gc,heap        ] GC(711) PSYoungGen: 222696K(222720K)->2080K(216064K) Eden: 221696K(221696K)->0K(213504K) From: 1000K(1024K)->2080K(2560K)
[395.991s][info][gc,heap        ] GC(711) ParOldGen: 381470K(381952K)->381486K(381952K)
[395.991s][info][gc,metaspace   ] GC(711) Metaspace: 57418K(57728K)->57418K(57728K) NonClass: 51800K(52032K)->51800K(52032K) Class: 5618K(5696K)->5618K(5696K)
[395.991s][info][gc             ] GC(711) Pause Young (Allocation Failure) 590M->374M(584M) 4.281ms
[395.991s][info][gc,cpu         ] GC(711) User=0.00s Sys=0.00s Real=0.01s
[396.535s][info][gc,start       ] GC(712) Pause Young (Allocation Failure)
[396.539s][info][gc,heap        ] GC(712) PSYoungGen: 215369K(216064K)->2080K(208384K) Eden: 213289K(213504K)->0K(205824K) From: 2080K(2560K)->2080K(2560K)
[396.539s][info][gc,heap        ] GC(712) ParOldGen: 381486K(381952K)->381502K(381952K)
[396.539s][info][gc,metaspace   ] GC(712) Metaspace: 57418K(57728K)->57418K(57728K) NonClass: 51800K(52032K)->51800K(52032K) Class: 5618K(5696K)->5618K(5696K)
[396.539s][info][gc             ] GC(712) Pause Young (Allocation Failure) 582M->374M(576M) 4.204ms
[396.539s][info][gc,cpu         ] GC(712) User=0.00s Sys=0.00s Real=0.00s
[396.985s][info][gc,start       ] GC(713) Pause Young (Allocation Failure)
[396.989s][info][gc,heap        ] GC(713) PSYoungGen: 207904K(208384K)->2239K(201216K) Eden: 205824K(205824K)->0K(198656K) From: 2080K(2560K)->2239K(2560K)
[396.989s][info][gc,heap        ] GC(713) ParOldGen: 381502K(381952K)->381518K(381952K)
[396.989s][info][gc,metaspace   ] GC(713) Metaspace: 57418K(57728K)->57418K(57728K) NonClass: 51800K(52032K)->51800K(52032K) Class: 5618K(5696K)->5618K(5696K)
[396.989s][info][gc             ] GC(713) Pause Young (Allocation Failure) 575M->374M(569M) 4.515ms
[396.989s][info][gc,cpu         ] GC(713) User=0.00s Sys=0.00s Real=0.00s
[397.474s][info][gc,start       ] GC(714) Pause Young (Allocation Failure)
[397.477s][info][gc,heap        ] GC(714) PSYoungGen: 200895K(201216K)->832K(192512K) Eden: 198656K(198656K)->0K(191488K) From: 2239K(2560K)->832K(1024K)
[397.477s][info][gc,heap        ] GC(714) ParOldGen: 381518K(381952K)->381534K(381952K)
[397.477s][info][gc,metaspace   ] GC(714) Metaspace: 57418K(57728K)->57418K(57728K) NonClass: 51800K(52032K)->51800K(52032K) Class: 5618K(5696K)->5618K(5696K)
[397.477s][info][gc             ] GC(714) Pause Young (Allocation Failure) 568M->373M(561M) 2.817ms
[397.477s][info][gc,cpu         ] GC(714) User=0.00s Sys=0.00s Real=0.00s
[397.899s][info][gc,start       ] GC(715) Pause Young (Allocation Failure)
[397.904s][info][gc,heap        ] GC(715) PSYoungGen: 192320K(192512K)->2623K(187904K) Eden: 191488K(191488K)->0K(184832K) From: 832K(1024K)->2623K(3072K)
[397.904s][info][gc,heap        ] GC(715) ParOldGen: 381534K(381952K)->381550K(381952K)
[397.904s][info][gc,metaspace   ] GC(715) Metaspace: 57418K(57728K)->57418K(57728K) NonClass: 51800K(52032K)->51800K(52032K) Class: 5618K(5696K)->5618K(5696K)
[397.904s][info][gc             ] GC(715) Pause Young (Allocation Failure) 560M->375M(556M) 4.794ms
[397.904s][info][gc,cpu         ] GC(715) User=0.01s Sys=0.00s Real=0.01s
[398.374s][info][gc,start       ] GC(716) Pause Young (Allocation Failure)
[398.376s][info][gc,heap        ] GC(716) PSYoungGen: 187455K(187904K)->800K(179712K) Eden: 184832K(184832K)->0K(178688K) From: 2623K(3072K)->800K(1024K)
[398.376s][info][gc,heap        ] GC(716) ParOldGen: 381550K(381952K)->381566K(381952K)
[398.376s][info][gc,metaspace   ] GC(716) Metaspace: 57418K(57728K)->57418K(57728K) NonClass: 51800K(52032K)->51800K(52032K) Class: 5618K(5696K)->5618K(5696K)
[398.376s][info][gc             ] GC(716) Pause Young (Allocation Failure) 555M->373M(548M) 2.686ms
[398.376s][info][gc,cpu         ] GC(716) User=0.00s Sys=0.00s Real=0.00s
[398.791s][info][gc,start       ] GC(717) Pause Young (Allocation Failure)
[398.795s][info][gc,heap        ] GC(717) PSYoungGen: 179488K(179712K)->2367K(175104K) Eden: 178688K(178688K)->0K(172544K) From: 800K(1024K)->2367K(2560K)
[398.795s][info][gc,heap        ] GC(717) ParOldGen: 381566K(381952K)->381582K(381952K)
[398.795s][info][gc,metaspace   ] GC(717) Metaspace: 57418K(57728K)->57418K(57728K) NonClass: 51800K(52032K)->51800K(52032K) Class: 5618K(5696K)->5618K(5696K)
[398.795s][info][gc             ] GC(717) Pause Young (Allocation Failure) 547M->374M(544M) 4.518ms
[398.795s][info][gc,cpu         ] GC(717) User=0.01s Sys=0.00s Real=0.01s
[399.189s][info][gc,start       ] GC(718) Pause Young (Allocation Failure)
[399.193s][info][gc,heap        ] GC(718) PSYoungGen: 174911K(175104K)->2431K(169472K) Eden: 172544K(172544K)->0K(166912K) From: 2367K(2560K)->2431K(2560K)
[399.193s][info][gc,heap        ] GC(718) ParOldGen: 381582K(381952K)->381598K(381952K)
[399.193s][info][gc,metaspace   ] GC(718) Metaspace: 57418K(57728K)->57418K(57728K) NonClass: 51800K(52032K)->51800K(52032K) Class: 5618K(5696K)->5618K(5696K)
[399.193s][info][gc             ] GC(718) Pause Young (Allocation Failure) 543M->375M(538M) 4.366ms
[399.193s][info][gc,cpu         ] GC(718) User=0.01s Sys=0.00s Real=0.01s
[399.588s][info][gc,start       ] GC(719) Pause Young (Allocation Failure)
[399.592s][info][gc,heap        ] GC(719) PSYoungGen: 169343K(169472K)->2239K(163840K) Eden: 166912K(166912K)->0K(161280K) From: 2431K(2560K)->2239K(2560K)
[399.592s][info][gc,heap        ] GC(719) ParOldGen: 381598K(381952K)->381614K(381952K)
[399.593s][info][gc,metaspace   ] GC(719) Metaspace: 57418K(57728K)->57418K(57728K) NonClass: 51800K(52032K)->51800K(52032K) Class: 5618K(5696K)->5618K(5696K)
[399.593s][info][gc             ] GC(719) Pause Young (Allocation Failure) 538M->374M(533M) 4.295ms
[399.593s][info][gc,cpu         ] GC(719) User=0.01s Sys=0.00s Real=0.01s
[399.981s][info][gc,start       ] GC(720) Pause Young (Allocation Failure)
[399.984s][info][gc,heap        ] GC(720) PSYoungGen: 163519K(163840K)->1663K(158208K) Eden: 161280K(161280K)->0K(156160K) From: 2239K(2560K)->1663K(2048K)
[399.984s][info][gc,heap        ] GC(720) ParOldGen: 381614K(381952K)->381630K(381952K)
[399.984s][info][gc,metaspace   ] GC(720) Metaspace: 57418K(57728K)->57418K(57728K) NonClass: 51800K(52032K)->51800K(52032K) Class: 5618K(5696K)->5618K(5696K)
[399.984s][info][gc             ] GC(720) Pause Young (Allocation Failure) 532M->374M(527M) 3.327ms
[399.984s][info][gc,cpu         ] GC(720) User=0.01s Sys=0.00s Real=0.00s
[400.317s][info][gc,start       ] GC(721) Pause Young (Allocation Failure)
[400.320s][info][gc,heap        ] GC(721) PSYoungGen: 157823K(158208K)->1023K(152064K) Eden: 156160K(156160K)->0K(151040K) From: 1663K(2048K)->1023K(1024K)
[400.320s][info][gc,heap        ] GC(721) ParOldGen: 381630K(381952K)->381646K(381952K)
[400.320s][info][gc,metaspace   ] GC(721) Metaspace: 57418K(57728K)->57418K(57728K) NonClass: 51800K(52032K)->51800K(52032K) Class: 5618K(5696K)->5618K(5696K)
[400.320s][info][gc             ] GC(721) Pause Young (Allocation Failure) 526M->373M(521M) 2.878ms
[400.320s][info][gc,cpu         ] GC(721) User=0.00s Sys=0.00s Real=0.00s
[400.709s][info][gc,start       ] GC(722) Pause Young (Allocation Failure)
[400.714s][info][gc,heap        ] GC(722) PSYoungGen: 151980K(152064K)->2400K(148992K) Eden: 150957K(151040K)->0K(146432K) From: 1023K(1024K)->2400K(2560K)
[400.714s][info][gc,heap        ] GC(722) ParOldGen: 381646K(381952K)->381662K(381952K)
[400.714s][info][gc,metaspace   ] GC(722) Metaspace: 57418K(57728K)->57418K(57728K) NonClass: 51800K(52032K)->51800K(52032K) Class: 5618K(5696K)->5618K(5696K)
[400.714s][info][gc             ] GC(722) Pause Young (Allocation Failure) 521M->375M(518M) 4.541ms
[400.714s][info][gc,cpu         ] GC(722) User=0.00s Sys=0.00s Real=0.01s
[401.018s][info][gc,start       ] GC(723) Pause Young (Allocation Failure)
[401.020s][info][gc,heap        ] GC(723) PSYoungGen: 148832K(148992K)->831K(142848K) Eden: 146432K(146432K)->0K(141824K) From: 2400K(2560K)->831K(1024K)
[401.020s][info][gc,heap        ] GC(723) ParOldGen: 381662K(381952K)->381678K(381952K)
[401.020s][info][gc,metaspace   ] GC(723) Metaspace: 57418K(57728K)->57418K(57728K) NonClass: 51800K(52032K)->51800K(52032K) Class: 5618K(5696K)->5618K(5696K)
[401.020s][info][gc             ] GC(723) Pause Young (Allocation Failure) 518M->373M(512M) 2.685ms
[401.021s][info][gc,cpu         ] GC(723) User=0.01s Sys=0.00s Real=0.00s
[401.387s][info][gc,start       ] GC(724) Pause Young (Allocation Failure)
[401.391s][info][gc,heap        ] GC(724) PSYoungGen: 142353K(142848K)->1920K(142848K) Eden: 141522K(141824K)->0K(137216K) From: 831K(1024K)->1920K(5632K)
[401.391s][info][gc,heap        ] GC(724) ParOldGen: 381678K(381952K)->381694K(381952K)
[401.391s][info][gc,metaspace   ] GC(724) Metaspace: 57418K(57728K)->57418K(57728K) NonClass: 51800K(52032K)->51800K(52032K) Class: 5618K(5696K)->5618K(5696K)
[401.391s][info][gc             ] GC(724) Pause Young (Allocation Failure) 511M->374M(512M) 3.951ms
[401.391s][info][gc,cpu         ] GC(724) User=0.01s Sys=0.00s Real=0.01s
[401.690s][info][gc,start       ] GC(725) Pause Young (Allocation Failure)
[401.695s][info][gc,heap        ] GC(725) PSYoungGen: 139136K(142848K)->2592K(166400K) Eden: 137216K(137216K)->0K(163328K) From: 1920K(5632K)->2592K(3072K)
[401.695s][info][gc,heap        ] GC(725) ParOldGen: 381694K(381952K)->381710K(381952K)
[401.695s][info][gc,metaspace   ] GC(725) Metaspace: 57418K(57728K)->57418K(57728K) NonClass: 51800K(52032K)->51800K(52032K) Class: 5618K(5696K)->5618K(5696K)
[401.695s][info][gc             ] GC(725) Pause Young (Allocation Failure) 508M->375M(535M) 4.964ms
[401.695s][info][gc,cpu         ] GC(725) User=0.01s Sys=0.00s Real=0.01s
[402.094s][info][gc,start       ] GC(726) Pause Young (Allocation Failure)
[402.098s][info][gc,heap        ] GC(726) PSYoungGen: 165739K(166400K)->2208K(195072K) Eden: 163147K(163328K)->0K(189952K) From: 2592K(3072K)->2208K(5120K)
[402.098s][info][gc,heap        ] GC(726) ParOldGen: 381710K(381952K)->381726K(381952K)
[402.098s][info][gc,metaspace   ] GC(726) Metaspace: 57418K(57728K)->57418K(57728K) NonClass: 51800K(52032K)->51800K(52032K) Class: 5618K(5696K)->5618K(5696K)
[402.098s][info][gc             ] GC(726) Pause Young (Allocation Failure) 534M->374M(563M) 4.260ms
[402.098s][info][gc,cpu         ] GC(726) User=0.01s Sys=0.00s Real=0.00s
[402.527s][info][gc,start       ] GC(727) Pause Young (Allocation Failure)
[402.529s][info][gc,heap        ] GC(727) PSYoungGen: 192160K(195072K)->278K(183808K) Eden: 189952K(189952K)->0K(183296K) From: 2208K(5120K)->278K(512K)
[402.529s][info][gc,heap        ] GC(727) ParOldGen: 381726K(381952K)->381742K(381952K)
[402.529s][info][gc,metaspace   ] GC(727) Metaspace: 57418K(57728K)->57418K(57728K) NonClass: 51800K(52032K)->51800K(52032K) Class: 5618K(5696K)->5618K(5696K)
[402.529s][info][gc             ] GC(727) Pause Young (Allocation Failure) 560M->373M(552M) 2.501ms
[402.529s][info][gc,cpu         ] GC(727) User=0.00s Sys=0.00s Real=0.00s
[402.988s][info][gc,start       ] GC(728) Pause Young (Allocation Failure)
[402.994s][info][gc,heap        ] GC(728) PSYoungGen: 183369K(183808K)->1568K(194048K) Eden: 183090K(183296K)->0K(188928K) From: 278K(512K)->1568K(5120K)
[402.994s][info][gc,heap        ] GC(728) ParOldGen: 381742K(381952K)->381758K(381952K)
[402.994s][info][gc,metaspace   ] GC(728) Metaspace: 57418K(57728K)->57418K(57728K) NonClass: 51800K(52032K)->51800K(52032K) Class: 5618K(5696K)->5618K(5696K)
[402.994s][info][gc             ] GC(728) Pause Young (Allocation Failure) 551M->374M(562M) 6.227ms
[402.994s][info][gc,cpu         ] GC(728) User=0.01s Sys=0.00s Real=0.01s
[403.411s][info][gc,start       ] GC(729) Pause Young (Allocation Failure)
[403.415s][info][gc,heap        ] GC(729) PSYoungGen: 190496K(194048K)->1408K(222720K) Eden: 188928K(188928K)->0K(218112K) From: 1568K(5120K)->1408K(4608K)
[403.415s][info][gc,heap        ] GC(729) ParOldGen: 381758K(381952K)->381774K(381952K)
[403.415s][info][gc,metaspace   ] GC(729) Metaspace: 57418K(57728K)->57418K(57728K) NonClass: 51800K(52032K)->51800K(52032K) Class: 5618K(5696K)->5618K(5696K)
[403.415s][info][gc             ] GC(729) Pause Young (Allocation Failure) 558M->374M(590M) 4.929ms
[403.416s][info][gc,cpu         ] GC(729) User=0.01s Sys=0.00s Real=0.01s
[403.973s][info][gc,start       ] GC(730) Pause Young (Allocation Failure)
[403.976s][info][gc,heap        ] GC(730) PSYoungGen: 219520K(222720K)->456K(210432K) Eden: 218112K(218112K)->0K(209920K) From: 1408K(4608K)->456K(512K)
[403.976s][info][gc,heap        ] GC(730) ParOldGen: 381774K(381952K)->381790K(381952K)
[403.976s][info][gc,metaspace   ] GC(730) Metaspace: 57418K(57728K)->57418K(57728K) NonClass: 51800K(52032K)->51800K(52032K) Class: 5618K(5696K)->5618K(5696K)
[403.976s][info][gc             ] GC(730) Pause Young (Allocation Failure) 587M->373M(578M) 2.281ms
[403.976s][info][gc,cpu         ] GC(730) User=0.01s Sys=0.00s Real=0.00s
[404.473s][info][gc,start       ] GC(731) Pause Young (Allocation Failure)
[404.476s][info][gc,heap        ] GC(731) PSYoungGen: 210376K(210432K)->1182K(203776K) Eden: 209920K(209920K)->0K(202240K) From: 456K(512K)->1182K(1536K)
[404.476s][info][gc,heap        ] GC(731) ParOldGen: 381790K(381952K)->381806K(381952K)
[404.476s][info][gc,metaspace   ] GC(731) Metaspace: 57418K(57728K)->57418K(57728K) NonClass: 51800K(52032K)->51800K(52032K) Class: 5618K(5696K)->5618K(5696K)
[404.476s][info][gc             ] GC(731) Pause Young (Allocation Failure) 578M->374M(572M) 3.148ms
[404.476s][info][gc,cpu         ] GC(731) User=0.00s Sys=0.00s Real=0.00s
[404.978s][info][gc,start       ] GC(732) Pause Young (Allocation Failure)
[404.980s][info][gc,heap        ] GC(732) PSYoungGen: 203150K(203776K)->704K(196096K) Eden: 201967K(202240K)->0K(195072K) From: 1182K(1536K)->704K(1024K)
[404.980s][info][gc,heap        ] GC(732) ParOldGen: 381806K(381952K)->381822K(381952K)
[404.980s][info][gc,metaspace   ] GC(732) Metaspace: 57418K(57728K)->57418K(57728K) NonClass: 51800K(52032K)->51800K(52032K) Class: 5618K(5696K)->5618K(5696K)
[404.980s][info][gc             ] GC(732) Pause Young (Allocation Failure) 571M->373M(564M) 2.747ms
[404.980s][info][gc,cpu         ] GC(732) User=0.00s Sys=0.00s Real=0.00s
[405.392s][info][gc,start       ] GC(733) Pause Young (Allocation Failure)
[405.397s][info][gc,heap        ] GC(733) PSYoungGen: 195776K(196096K)->2464K(190976K) Eden: 195072K(195072K)->0K(188416K) From: 704K(1024K)->2464K(2560K)
[405.397s][info][gc,heap        ] GC(733) ParOldGen: 381822K(381952K)->381838K(381952K)
[405.397s][info][gc,metaspace   ] GC(733) Metaspace: 57418K(57728K)->57418K(57728K) NonClass: 51800K(52032K)->51800K(52032K) Class: 5618K(5696K)->5618K(5696K)
[405.397s][info][gc             ] GC(733) Pause Young (Allocation Failure) 564M->375M(559M) 5.090ms
[405.397s][info][gc,cpu         ] GC(733) User=0.01s Sys=0.00s Real=0.00s
[405.825s][info][gc,start       ] GC(734) Pause Young (Allocation Failure)
[405.828s][info][gc,heap        ] GC(734) PSYoungGen: 190880K(190976K)->991K(182784K) Eden: 188416K(188416K)->0K(181760K) From: 2464K(2560K)->991K(1024K)
[405.828s][info][gc,heap        ] GC(734) ParOldGen: 381838K(381952K)->381854K(381952K)
[405.828s][info][gc,metaspace   ] GC(734) Metaspace: 57418K(57728K)->57418K(57728K) NonClass: 51800K(52032K)->51800K(52032K) Class: 5618K(5696K)->5618K(5696K)
[405.828s][info][gc             ] GC(734) Pause Young (Allocation Failure) 559M->373M(551M) 3.236ms
[405.828s][info][gc,cpu         ] GC(734) User=0.01s Sys=0.00s Real=0.00s
[406.393s][info][gc,start       ] GC(735) Pause Young (Allocation Failure)
[406.405s][info][gc,heap        ] GC(735) PSYoungGen: 182751K(182784K)->4080K(208384K) Eden: 181760K(181760K)->0K(204288K) From: 991K(1024K)->4080K(4096K)
[406.405s][info][gc,heap        ] GC(735) ParOldGen: 381854K(381952K)->387976K(388096K)
[406.405s][info][gc,metaspace   ] GC(735) Metaspace: 57418K(57728K)->57418K(57728K) NonClass: 51800K(52032K)->51800K(52032K) Class: 5618K(5696K)->5618K(5696K)
[406.405s][info][gc             ] GC(735) Pause Young (Allocation Failure) 551M->382M(582M) 12.579ms
[406.405s][info][gc,cpu         ] GC(735) User=0.02s Sys=0.00s Real=0.01s
[406.820s][info][gc,start       ] GC(736) Pause Young (Allocation Failure)
[406.826s][info][gc,heap        ] GC(736) PSYoungGen: 208368K(208384K)->1328K(211456K) Eden: 204288K(204288K)->0K(204288K) From: 4080K(4096K)->1328K(7168K)
[406.826s][info][gc,heap        ] GC(736) ParOldGen: 387976K(388096K)->392050K(392192K)
[406.826s][info][gc,metaspace   ] GC(736) Metaspace: 57418K(57728K)->57418K(57728K) NonClass: 51800K(52032K)->51800K(52032K) Class: 5618K(5696K)->5618K(5696K)
[406.826s][info][gc             ] GC(736) Pause Young (Allocation Failure) 582M->384M(589M) 6.700ms
[406.827s][info][gc,cpu         ] GC(736) User=0.01s Sys=0.00s Real=0.01s
[407.312s][info][gc,start       ] GC(737) Pause Young (Allocation Failure)
[407.318s][info][gc,heap        ] GC(737) PSYoungGen: 205616K(211456K)->1696K(249856K) Eden: 204288K(204288K)->0K(243200K) From: 1328K(7168K)->1696K(6656K)
[407.318s][info][gc,heap        ] GC(737) ParOldGen: 392050K(392192K)->393066K(393216K)
[407.318s][info][gc,metaspace   ] GC(737) Metaspace: 57418K(57728K)->57418K(57728K) NonClass: 51800K(52032K)->51800K(52032K) Class: 5618K(5696K)->5618K(5696K)
[407.318s][info][gc             ] GC(737) Pause Young (Allocation Failure) 583M->385M(628M) 6.049ms
[407.318s][info][gc,cpu         ] GC(737) User=0.00s Sys=0.00s Real=0.00s
[407.912s][info][gc,start       ] GC(738) Pause Young (Allocation Failure)
[407.921s][info][gc,heap        ] GC(738) PSYoungGen: 244896K(249856K)->2847K(249856K) Eden: 243200K(243200K)->0K(243200K) From: 1696K(6656K)->2847K(6656K)
[407.921s][info][gc,heap        ] GC(738) ParOldGen: 393066K(393216K)->393082K(393216K)
[407.921s][info][gc,metaspace   ] GC(738) Metaspace: 57418K(57728K)->57418K(57728K) NonClass: 51800K(52032K)->51800K(52032K) Class: 5618K(5696K)->5618K(5696K)
[407.921s][info][gc             ] GC(738) Pause Young (Allocation Failure) 623M->386M(628M) 9.249ms
[407.921s][info][gc,cpu         ] GC(738) User=0.01s Sys=0.00s Real=0.01s
[408.483s][info][gc,start       ] GC(739) Pause Young (Allocation Failure)
[408.488s][info][gc,heap        ] GC(739) PSYoungGen: 246047K(249856K)->1919K(294912K) Eden: 243200K(243200K)->0K(289280K) From: 2847K(6656K)->1919K(5632K)
[408.488s][info][gc,heap        ] GC(739) ParOldGen: 393082K(393216K)->393098K(393216K)
[408.488s][info][gc,metaspace   ] GC(739) Metaspace: 57418K(57728K)->57418K(57728K) NonClass: 51800K(52032K)->51800K(52032K) Class: 5618K(5696K)->5618K(5696K)
[408.488s][info][gc             ] GC(739) Pause Young (Allocation Failure) 624M->385M(672M) 4.597ms
[408.488s][info][gc,cpu         ] GC(739) User=0.00s Sys=0.00s Real=0.00s
[409.179s][info][gc,start       ] GC(740) Pause Young (Allocation Failure)
[409.182s][info][gc,heap        ] GC(740) PSYoungGen: 291199K(294912K)->1311K(295424K) Eden: 289280K(289280K)->0K(289280K) From: 1919K(5632K)->1311K(6144K)
[409.182s][info][gc,heap        ] GC(740) ParOldGen: 393098K(393216K)->393114K(393216K)
[409.182s][info][gc,metaspace   ] GC(740) Metaspace: 57418K(57728K)->57418K(57728K) NonClass: 51800K(52032K)->51800K(52032K) Class: 5618K(5696K)->5618K(5696K)
[409.182s][info][gc             ] GC(740) Pause Young (Allocation Failure) 668M->385M(672M) 3.434ms
[409.182s][info][gc,cpu         ] GC(740) User=0.01s Sys=0.00s Real=0.01s
[409.829s][info][gc,start       ] GC(741) Pause Young (Allocation Failure)
[409.832s][info][gc,heap        ] GC(741) PSYoungGen: 290591K(295424K)->992K(279040K) Eden: 289280K(289280K)->0K(278016K) From: 1311K(6144K)->992K(1024K)
[409.832s][info][gc,heap        ] GC(741) ParOldGen: 393114K(393216K)->393130K(393216K)
[409.832s][info][gc,metaspace   ] GC(741) Metaspace: 57418K(57728K)->57418K(57728K) NonClass: 51800K(52032K)->51800K(52032K) Class: 5618K(5696K)->5618K(5696K)
[409.832s][info][gc             ] GC(741) Pause Young (Allocation Failure) 667M->384M(656M) 3.250ms
[409.832s][info][gc,cpu         ] GC(741) User=0.00s Sys=0.00s Real=0.01s
[410.491s][info][gc,start       ] GC(742) Pause Young (Allocation Failure)
[410.496s][info][gc,heap        ] GC(742) PSYoungGen: 279008K(279040K)->2623K(270336K) Eden: 278016K(278016K)->0K(267264K) From: 992K(1024K)->2623K(3072K)
[410.496s][info][gc,heap        ] GC(742) ParOldGen: 393130K(393216K)->393146K(393216K)
[410.496s][info][gc,metaspace   ] GC(742) Metaspace: 57418K(57728K)->57418K(57728K) NonClass: 51800K(52032K)->51800K(52032K) Class: 5618K(5696K)->5618K(5696K)
[410.496s][info][gc             ] GC(742) Pause Young (Allocation Failure) 656M->386M(648M) 5.618ms
[410.496s][info][gc,cpu         ] GC(742) User=0.01s Sys=0.00s Real=0.01s
[411.098s][info][gc,start       ] GC(743) Pause Young (Allocation Failure)
[411.104s][info][gc,heap        ] GC(743) PSYoungGen: 269887K(270336K)->3199K(260608K) Eden: 267264K(267264K)->0K(257024K) From: 2623K(3072K)->3199K(3584K)
[411.104s][info][gc,heap        ] GC(743) ParOldGen: 393146K(393216K)->393162K(393216K)
[411.104s][info][gc,metaspace   ] GC(743) Metaspace: 57418K(57728K)->57418K(57728K) NonClass: 51800K(52032K)->51800K(52032K) Class: 5618K(5696K)->5618K(5696K)
[411.104s][info][gc             ] GC(743) Pause Young (Allocation Failure) 647M->387M(638M) 6.621ms
[411.105s][info][gc,cpu         ] GC(743) User=0.01s Sys=0.00s Real=0.01s
[411.704s][info][gc,start       ] GC(744) Pause Young (Allocation Failure)
[411.710s][info][gc,heap        ] GC(744) PSYoungGen: 260223K(260608K)->2592K(250368K) Eden: 257024K(257024K)->0K(247296K) From: 3199K(3584K)->2592K(3072K)
[411.710s][info][gc,heap        ] GC(744) ParOldGen: 393162K(393216K)->393178K(393216K)
[411.710s][info][gc,metaspace   ] GC(744) Metaspace: 57418K(57728K)->57418K(57728K) NonClass: 51800K(52032K)->51800K(52032K) Class: 5618K(5696K)->5618K(5696K)
[411.710s][info][gc             ] GC(744) Pause Young (Allocation Failure) 638M->386M(628M) 6.248ms
[411.710s][info][gc,cpu         ] GC(744) User=0.01s Sys=0.00s Real=0.00s
[412.293s][info][gc,start       ] GC(745) Pause Young (Allocation Failure)
[412.298s][info][gc,heap        ] GC(745) PSYoungGen: 249888K(250368K)->2591K(241152K) Eden: 247296K(247296K)->0K(238080K) From: 2592K(3072K)->2591K(3072K)
[412.298s][info][gc,heap        ] GC(745) ParOldGen: 393178K(393216K)->393194K(393216K)
[412.298s][info][gc,metaspace   ] GC(745) Metaspace: 57421K(57728K)->57421K(57728K) NonClass: 51803K(52032K)->51803K(52032K) Class: 5618K(5696K)->5618K(5696K)
[412.298s][info][gc             ] GC(745) Pause Young (Allocation Failure) 627M->386M(619M) 5.077ms
[412.298s][info][gc,cpu         ] GC(745) User=0.01s Sys=0.00s Real=0.00s
[412.875s][info][gc,start       ] GC(746) Pause Young (Allocation Failure)
[412.878s][info][gc,heap        ] GC(746) PSYoungGen: 240671K(241152K)->914K(230400K) Eden: 238080K(238080K)->0K(229376K) From: 2591K(3072K)->914K(1024K)
[412.878s][info][gc,heap        ] GC(746) ParOldGen: 393194K(393216K)->393210K(393216K)
[412.878s][info][gc,metaspace   ] GC(746) Metaspace: 57421K(57728K)->57421K(57728K) NonClass: 51803K(52032K)->51803K(52032K) Class: 5618K(5696K)->5618K(5696K)
[412.878s][info][gc             ] GC(746) Pause Young (Allocation Failure) 619M->384M(609M) 3.191ms
[412.878s][info][gc,cpu         ] GC(746) User=0.00s Sys=0.00s Real=0.00s
[413.395s][info][gc,start       ] GC(747) Pause Young (Allocation Failure)
[413.400s][info][gc,heap        ] GC(747) PSYoungGen: 230290K(230400K)->2559K(223232K) Eden: 229376K(229376K)->0K(220672K) From: 914K(1024K)->2559K(2560K)
[413.400s][info][gc,heap        ] GC(747) ParOldGen: 393210K(393216K)->393226K(393728K)
[413.400s][info][gc,metaspace   ] GC(747) Metaspace: 57421K(57728K)->57421K(57728K) NonClass: 51803K(52032K)->51803K(52032K) Class: 5618K(5696K)->5618K(5696K)
[413.400s][info][gc             ] GC(747) Pause Young (Allocation Failure) 608M->386M(602M) 5.444ms
[413.400s][info][gc,cpu         ] GC(747) User=0.01s Sys=0.00s Real=0.00s
[413.903s][info][gc,start       ] GC(748) Pause Young (Allocation Failure)
[413.910s][info][gc,heap        ] GC(748) PSYoungGen: 223231K(223232K)->3167K(266240K) Eden: 220672K(220672K)->0K(262656K) From: 2559K(2560K)->3167K(3584K)
[413.910s][info][gc,heap        ] GC(748) ParOldGen: 393226K(393728K)->393242K(393728K)
[413.910s][info][gc,metaspace   ] GC(748) Metaspace: 57421K(57728K)->57421K(57728K) NonClass: 51803K(52032K)->51803K(52032K) Class: 5618K(5696K)->5618K(5696K)
[413.910s][info][gc             ] GC(748) Pause Young (Allocation Failure) 602M->387M(644M) 6.850ms
[413.910s][info][gc,cpu         ] GC(748) User=0.01s Sys=0.00s Real=0.00s
[414.584s][info][gc,start       ] GC(749) Pause Young (Allocation Failure)
[414.590s][info][gc,heap        ] GC(749) PSYoungGen: 265712K(266240K)->576K(253440K) Eden: 262545K(262656K)->0K(252416K) From: 3167K(3584K)->576K(1024K)
[414.590s][info][gc,heap        ] GC(749) ParOldGen: 393242K(393728K)->393258K(393728K)
[414.590s][info][gc,metaspace   ] GC(749) Metaspace: 57423K(57728K)->57423K(57728K) NonClass: 51804K(52032K)->51804K(52032K) Class: 5618K(5696K)->5618K(5696K)
[414.590s][info][gc             ] GC(749) Pause Young (Allocation Failure) 643M->384M(632M) 6.281ms
[414.590s][info][gc,cpu         ] GC(749) User=0.01s Sys=0.00s Real=0.00s
[415.173s][info][gc,start       ] GC(750) Pause Young (Allocation Failure)
[415.176s][info][gc,heap        ] GC(750) PSYoungGen: 252992K(253440K)->756K(243712K) Eden: 252416K(252416K)->0K(242688K) From: 576K(1024K)->756K(1024K)
[415.176s][info][gc,heap        ] GC(750) ParOldGen: 393258K(393728K)->393274K(393728K)
[415.176s][info][gc,metaspace   ] GC(750) Metaspace: 57423K(57728K)->57423K(57728K) NonClass: 51804K(52032K)->51804K(52032K) Class: 5618K(5696K)->5618K(5696K)
[415.176s][info][gc             ] GC(750) Pause Young (Allocation Failure) 631M->384M(622M) 2.765ms
[415.176s][info][gc,cpu         ] GC(750) User=0.00s Sys=0.00s Real=0.00s
[415.759s][info][gc,start       ] GC(751) Pause Young (Allocation Failure)
[415.763s][info][gc,heap        ] GC(751) PSYoungGen: 243238K(243712K)->1600K(235520K) Eden: 242482K(242688K)->0K(233472K) From: 756K(1024K)->1600K(2048K)
[415.763s][info][gc,heap        ] GC(751) ParOldGen: 393274K(393728K)->393290K(393728K)
[415.763s][info][gc,metaspace   ] GC(751) Metaspace: 57423K(57728K)->57423K(57728K) NonClass: 51804K(52032K)->51804K(52032K) Class: 5618K(5696K)->5618K(5696K)
[415.763s][info][gc             ] GC(751) Pause Young (Allocation Failure) 621M->385M(614M) 4.307ms
[415.763s][info][gc,cpu         ] GC(751) User=0.01s Sys=0.00s Real=0.01s
[416.287s][info][gc,start       ] GC(752) Pause Young (Allocation Failure)
[416.292s][info][gc,heap        ] GC(752) PSYoungGen: 235072K(235520K)->2367K(227328K) Eden: 233472K(233472K)->0K(224768K) From: 1600K(2048K)->2367K(2560K)
[416.292s][info][gc,heap        ] GC(752) ParOldGen: 393290K(393728K)->393306K(393728K)
[416.292s][info][gc,metaspace   ] GC(752) Metaspace: 57423K(57728K)->57423K(57728K) NonClass: 51804K(52032K)->51804K(52032K) Class: 5618K(5696K)->5618K(5696K)
[416.292s][info][gc             ] GC(752) Pause Young (Allocation Failure) 613M->386M(606M) 4.657ms
[416.292s][info][gc,cpu         ] GC(752) User=0.00s Sys=0.00s Real=0.01s
[416.839s][info][gc,start       ] GC(753) Pause Young (Allocation Failure)
[416.844s][info][gc,heap        ] GC(753) PSYoungGen: 227135K(227328K)->2304K(219136K) Eden: 224768K(224768K)->0K(216576K) From: 2367K(2560K)->2304K(2560K)
[416.844s][info][gc,heap        ] GC(753) ParOldGen: 393306K(393728K)->393322K(393728K)
[416.844s][info][gc,metaspace   ] GC(753) Metaspace: 57423K(57728K)->57423K(57728K) NonClass: 51804K(52032K)->51804K(52032K) Class: 5618K(5696K)->5618K(5696K)
[416.844s][info][gc             ] GC(753) Pause Young (Allocation Failure) 605M->386M(598M) 5.360ms
[416.844s][info][gc,cpu         ] GC(753) User=0.00s Sys=0.00s Real=0.01s
[417.312s][info][gc,start       ] GC(754) Pause Young (Allocation Failure)
[417.316s][info][gc,heap        ] GC(754) PSYoungGen: 218880K(219136K)->2142K(211456K) Eden: 216576K(216576K)->0K(208896K) From: 2304K(2560K)->2142K(2560K)
[417.316s][info][gc,heap        ] GC(754) ParOldGen: 393322K(393728K)->393338K(393728K)
[417.316s][info][gc,metaspace   ] GC(754) Metaspace: 57423K(57728K)->57423K(57728K) NonClass: 51804K(52032K)->51804K(52032K) Class: 5618K(5696K)->5618K(5696K)
[417.316s][info][gc             ] GC(754) Pause Young (Allocation Failure) 597M->386M(591M) 4.500ms
[417.316s][info][gc,cpu         ] GC(754) User=0.01s Sys=0.00s Real=0.00s
[417.915s][info][gc,start       ] GC(755) Pause Young (Allocation Failure)
[417.938s][info][gc,heap        ] GC(755) PSYoungGen: 211038K(211456K)->4593K(253952K) Eden: 208896K(208896K)->0K(249344K) From: 2142K(2560K)->4593K(4608K)
[417.938s][info][gc,heap        ] GC(755) ParOldGen: 393338K(393728K)->404590K(404992K)
[417.938s][info][gc,metaspace   ] GC(755) Metaspace: 57423K(57728K)->57423K(57728K) NonClass: 51804K(52032K)->51804K(52032K) Class: 5618K(5696K)->5618K(5696K)
[417.938s][info][gc             ] GC(755) Pause Young (Allocation Failure) 590M->399M(643M) 23.427ms
[417.938s][info][gc,cpu         ] GC(755) User=0.02s Sys=0.01s Real=0.02s
[418.395s][info][gc,start       ] GC(756) Pause Young (Allocation Failure)
[418.407s][info][gc,heap        ] GC(756) PSYoungGen: 253937K(253952K)->6481K(291840K) Eden: 249344K(249344K)->0K(282624K) From: 4593K(4608K)->6481K(9216K)
[418.407s][info][gc,heap        ] GC(756) ParOldGen: 404590K(404992K)->409168K(409600K)
[418.407s][info][gc,metaspace   ] GC(756) Metaspace: 57423K(57728K)->57423K(57728K) NonClass: 51804K(52032K)->51804K(52032K) Class: 5618K(5696K)->5618K(5696K)
[418.407s][info][gc             ] GC(756) Pause Young (Allocation Failure) 643M->405M(685M) 11.854ms
[418.407s][info][gc,cpu         ] GC(756) User=0.02s Sys=0.00s Real=0.01s
[419.085s][info][gc,start       ] GC(757) Pause Young (Allocation Failure)
[419.093s][info][gc,heap        ] GC(757) PSYoungGen: 289105K(291840K)->2302K(307712K) Eden: 282624K(282624K)->0K(297984K) From: 6481K(9216K)->2302K(9728K)
[419.093s][info][gc,heap        ] GC(757) ParOldGen: 409168K(409600K)->412554K(412672K)
[419.093s][info][gc,metaspace   ] GC(757) Metaspace: 57423K(57728K)->57423K(57728K) NonClass: 51804K(52032K)->51804K(52032K) Class: 5618K(5696K)->5618K(5696K)
[419.093s][info][gc             ] GC(757) Pause Young (Allocation Failure) 681M->405M(703M) 7.795ms
[419.093s][info][gc,cpu         ] GC(757) User=0.00s Sys=0.01s Real=0.01s
[419.786s][info][gc,start       ] GC(758) Pause Young (Allocation Failure)
[419.791s][info][gc,heap        ] GC(758) PSYoungGen: 300286K(307712K)->2527K(307712K) Eden: 297984K(297984K)->0K(297984K) From: 2302K(9728K)->2527K(9728K)
[419.791s][info][gc,heap        ] GC(758) ParOldGen: 412554K(412672K)->412570K(412672K)
[419.791s][info][gc,metaspace   ] GC(758) Metaspace: 57423K(57728K)->57423K(57728K) NonClass: 51804K(52032K)->51804K(52032K) Class: 5618K(5696K)->5618K(5696K)
[419.791s][info][gc             ] GC(758) Pause Young (Allocation Failure) 696M->405M(703M) 4.547ms
[419.791s][info][gc,cpu         ] GC(758) User=0.01s Sys=0.00s Real=0.01s
[420.492s][info][gc,start       ] GC(759) Pause Young (Allocation Failure)
[420.499s][info][gc,heap        ] GC(759) PSYoungGen: 300511K(307712K)->3039K(323584K) Eden: 297984K(297984K)->0K(314880K) From: 2527K(9728K)->3039K(8704K)
[420.499s][info][gc,heap        ] GC(759) ParOldGen: 412570K(412672K)->412586K(412672K)
[420.499s][info][gc,metaspace   ] GC(759) Metaspace: 57423K(57728K)->57423K(57728K) NonClass: 51804K(52032K)->51804K(52032K) Class: 5618K(5696K)->5618K(5696K)
[420.499s][info][gc             ] GC(759) Pause Young (Allocation Failure) 696M->405M(719M) 7.060ms
[420.499s][info][gc,cpu         ] GC(759) User=0.01s Sys=0.00s Real=0.00s
[421.258s][info][gc,start       ] GC(760) Pause Young (Allocation Failure)
[421.262s][info][gc,heap        ] GC(760) PSYoungGen: 317766K(323584K)->992K(323584K) Eden: 314726K(314880K)->0K(314880K) From: 3039K(8704K)->992K(8704K)
[421.262s][info][gc,heap        ] GC(760) ParOldGen: 412586K(412672K)->412602K(412672K)
[421.262s][info][gc,metaspace   ] GC(760) Metaspace: 57423K(57728K)->57423K(57728K) NonClass: 51804K(52032K)->51804K(52032K) Class: 5618K(5696K)->5618K(5696K)
[421.262s][info][gc             ] GC(760) Pause Young (Allocation Failure) 713M->403M(719M) 3.278ms
[421.262s][info][gc,cpu         ] GC(760) User=0.01s Sys=0.00s Real=0.01s
[421.986s][info][gc,start       ] GC(761) Pause Young (Allocation Failure)
[421.990s][info][gc,heap        ] GC(761) PSYoungGen: 315872K(323584K)->1918K(304128K) Eden: 314880K(314880K)->0K(302080K) From: 992K(8704K)->1918K(2048K)
[421.990s][info][gc,heap        ] GC(761) ParOldGen: 412602K(412672K)->412618K(412672K)
[421.990s][info][gc,metaspace   ] GC(761) Metaspace: 57423K(57728K)->57423K(57728K) NonClass: 51804K(52032K)->51804K(52032K) Class: 5618K(5696K)->5618K(5696K)
[421.990s][info][gc             ] GC(761) Pause Young (Allocation Failure) 711M->404M(700M) 3.634ms
[421.990s][info][gc,cpu         ] GC(761) User=0.01s Sys=0.00s Real=0.00s
[422.701s][info][gc,start       ] GC(762) Pause Young (Allocation Failure)
[422.705s][info][gc,heap        ] GC(762) PSYoungGen: 303998K(304128K)->2974K(293376K) Eden: 302080K(302080K)->0K(290304K) From: 1918K(2048K)->2974K(3072K)
[422.706s][info][gc,heap        ] GC(762) ParOldGen: 412618K(412672K)->412634K(412672K)
[422.706s][info][gc,metaspace   ] GC(762) Metaspace: 57424K(57792K)->57424K(57792K) NonClass: 51805K(52096K)->51805K(52096K) Class: 5618K(5696K)->5618K(5696K)
[422.706s][info][gc             ] GC(762) Pause Young (Allocation Failure) 699M->405M(689M) 4.965ms
[422.706s][info][gc,cpu         ] GC(762) User=0.01s Sys=0.00s Real=0.01s
[423.401s][info][gc,start       ] GC(763) Pause Young (Allocation Failure)
[423.410s][info][gc,heap        ] GC(763) PSYoungGen: 293278K(293376K)->2271K(281600K) Eden: 290304K(290304K)->0K(279040K) From: 2974K(3072K)->2271K(2560K)
[423.410s][info][gc,heap        ] GC(763) ParOldGen: 412634K(412672K)->412650K(412672K)
[423.410s][info][gc,metaspace   ] GC(763) Metaspace: 57424K(57792K)->57424K(57792K) NonClass: 51805K(52096K)->51805K(52096K) Class: 5618K(5696K)->5618K(5696K)
[423.410s][info][gc             ] GC(763) Pause Young (Allocation Failure) 689M->405M(678M) 8.302ms
[423.410s][info][gc,cpu         ] GC(763) User=0.01s Sys=0.00s Real=0.00s
[424.098s][info][gc,start       ] GC(764) Pause Young (Allocation Failure)
[424.106s][info][gc,heap        ] GC(764) PSYoungGen: 281311K(281600K)->1311K(312832K) Eden: 279040K(279040K)->0K(305152K) From: 2271K(2560K)->1311K(7680K)
[424.106s][info][gc,heap        ] GC(764) ParOldGen: 412650K(412672K)->412666K(412672K)
[424.106s][info][gc,metaspace   ] GC(764) Metaspace: 57424K(57792K)->57424K(57792K) NonClass: 51805K(52096K)->51805K(52096K) Class: 5618K(5696K)->5618K(5696K)
[424.106s][info][gc             ] GC(764) Pause Young (Allocation Failure) 677M->404M(708M) 8.144ms
[424.106s][info][gc,cpu         ] GC(764) User=0.01s Sys=0.00s Real=0.01s
[424.792s][info][gc,start       ] GC(765) Pause Young (Allocation Failure)
[424.799s][info][gc,heap        ] GC(765) PSYoungGen: 306463K(312832K)->2752K(325632K) Eden: 305152K(305152K)->0K(318976K) From: 1311K(7680K)->2752K(6656K)
[424.799s][info][gc,heap        ] GC(765) ParOldGen: 412666K(412672K)->412682K(413184K)
[424.799s][info][gc,metaspace   ] GC(765) Metaspace: 57424K(57792K)->57424K(57792K) NonClass: 51805K(52096K)->51805K(52096K) Class: 5618K(5696K)->5618K(5696K)
[424.799s][info][gc             ] GC(765) Pause Young (Allocation Failure) 702M->405M(721M) 6.854ms
[424.799s][info][gc,cpu         ] GC(765) User=0.00s Sys=0.00s Real=0.00s
[425.575s][info][gc,start       ] GC(766) Pause Young (Allocation Failure)
[425.578s][info][gc,heap        ] GC(766) PSYoungGen: 321728K(325632K)->768K(307200K) Eden: 318976K(318976K)->0K(306176K) From: 2752K(6656K)->768K(1024K)
[425.578s][info][gc,heap        ] GC(766) ParOldGen: 412682K(413184K)->412698K(413184K)
[425.578s][info][gc,metaspace   ] GC(766) Metaspace: 57424K(57792K)->57424K(57792K) NonClass: 51805K(52096K)->51805K(52096K) Class: 5618K(5696K)->5618K(5696K)
[425.578s][info][gc             ] GC(766) Pause Young (Allocation Failure) 717M->403M(703M) 3.065ms
[425.578s][info][gc,cpu         ] GC(766) User=0.01s Sys=0.00s Real=0.00s
[426.292s][info][gc,start       ] GC(767) Pause Young (Allocation Failure)
[426.298s][info][gc,heap        ] GC(767) PSYoungGen: 306944K(307200K)->2336K(296448K) Eden: 306176K(306176K)->0K(293888K) From: 768K(1024K)->2336K(2560K)
[426.298s][info][gc,heap        ] GC(767) ParOldGen: 412698K(413184K)->412714K(413184K)
[426.298s][info][gc,metaspace   ] GC(767) Metaspace: 57424K(57792K)->57424K(57792K) NonClass: 51805K(52096K)->51805K(52096K) Class: 5618K(5696K)->5618K(5696K)
[426.298s][info][gc             ] GC(767) Pause Young (Allocation Failure) 702M->405M(693M) 5.857ms
[426.298s][info][gc,cpu         ] GC(767) User=0.01s Sys=0.00s Real=0.00s
[426.990s][info][gc,start       ] GC(768) Pause Young (Allocation Failure)
[426.994s][info][gc,heap        ] GC(768) PSYoungGen: 296224K(296448K)->1919K(284160K) Eden: 293888K(293888K)->0K(282112K) From: 2336K(2560K)->1919K(2048K)
[426.994s][info][gc,heap        ] GC(768) ParOldGen: 412714K(413184K)->412730K(413184K)
[426.994s][info][gc,metaspace   ] GC(768) Metaspace: 57424K(57792K)->57424K(57792K) NonClass: 51805K(52096K)->51805K(52096K) Class: 5618K(5696K)->5618K(5696K)
[426.994s][info][gc             ] GC(768) Pause Young (Allocation Failure) 692M->404M(681M) 3.897ms
[426.994s][info][gc,cpu         ] GC(768) User=0.01s Sys=0.00s Real=0.01s
[427.683s][info][gc,start       ] GC(769) Pause Young (Allocation Failure)
[427.687s][info][gc,heap        ] GC(769) PSYoungGen: 284031K(284160K)->1662K(273408K) Eden: 282112K(282112K)->0K(271360K) From: 1919K(2048K)->1662K(2048K)
[427.687s][info][gc,heap        ] GC(769) ParOldGen: 412730K(413184K)->412746K(413184K)
[427.687s][info][gc,metaspace   ] GC(769) Metaspace: 57424K(57792K)->57424K(57792K) NonClass: 51805K(52096K)->51805K(52096K) Class: 5618K(5696K)->5618K(5696K)
[427.687s][info][gc             ] GC(769) Pause Young (Allocation Failure) 680M->404M(670M) 3.588ms
[427.687s][info][gc,cpu         ] GC(769) User=0.00s Sys=0.00s Real=0.00s
[428.314s][info][gc,start       ] GC(770) Pause Young (Allocation Failure)
[428.317s][info][gc,heap        ] GC(770) PSYoungGen: 272809K(273408K)->960K(262144K) Eden: 271146K(271360K)->0K(261120K) From: 1662K(2048K)->960K(1024K)
[428.317s][info][gc,heap        ] GC(770) ParOldGen: 412746K(413184K)->412762K(413184K)
[428.317s][info][gc,metaspace   ] GC(770) Metaspace: 57424K(57792K)->57424K(57792K) NonClass: 51805K(52096K)->51805K(52096K) Class: 5618K(5696K)->5618K(5696K)
[428.317s][info][gc             ] GC(770) Pause Young (Allocation Failure) 669M->404M(659M) 3.125ms
[428.317s][info][gc,cpu         ] GC(770) User=0.00s Sys=0.00s Real=0.00s
[428.912s][info][gc,start       ] GC(771) Pause Young (Allocation Failure)
[428.915s][info][gc,heap        ] GC(771) PSYoungGen: 262080K(262144K)->1055K(252928K) Eden: 261120K(261120K)->0K(251392K) From: 960K(1024K)->1055K(1536K)
[428.915s][info][gc,heap        ] GC(771) ParOldGen: 412762K(413184K)->412778K(413184K)
[428.915s][info][gc,metaspace   ] GC(771) Metaspace: 57424K(57792K)->57424K(57792K) NonClass: 51805K(52096K)->51805K(52096K) Class: 5618K(5696K)->5618K(5696K)
[428.915s][info][gc             ] GC(771) Pause Young (Allocation Failure) 659M->404M(650M) 3.085ms
[428.915s][info][gc,cpu         ] GC(771) User=0.00s Sys=0.00s Real=0.00s
[429.624s][info][gc,start       ] GC(772) Pause Young (Allocation Failure)
[429.630s][info][gc,heap        ] GC(772) PSYoungGen: 252430K(252928K)->640K(242688K) Eden: 251374K(251392K)->0K(241664K) From: 1055K(1536K)->640K(1024K)
[429.630s][info][gc,heap        ] GC(772) ParOldGen: 412778K(413184K)->412794K(413184K)
[429.630s][info][gc,metaspace   ] GC(772) Metaspace: 57424K(57792K)->57424K(57792K) NonClass: 51805K(52096K)->51805K(52096K) Class: 5618K(5696K)->5618K(5696K)
[429.630s][info][gc             ] GC(772) Pause Young (Allocation Failure) 649M->403M(640M) 5.727ms
[429.630s][info][gc,cpu         ] GC(772) User=0.01s Sys=0.00s Real=0.00s
[430.195s][info][gc,start       ] GC(773) Pause Young (Allocation Failure)
[430.202s][info][gc,heap        ] GC(773) PSYoungGen: 242304K(242688K)->3167K(236032K) Eden: 241664K(241664K)->0K(232448K) From: 640K(1024K)->3167K(3584K)
[430.202s][info][gc,heap        ] GC(773) ParOldGen: 412794K(413184K)->412810K(413184K)
[430.202s][info][gc,metaspace   ] GC(773) Metaspace: 57424K(57792K)->57424K(57792K) NonClass: 51805K(52096K)->51805K(52096K) Class: 5618K(5696K)->5618K(5696K)
[430.202s][info][gc             ] GC(773) Pause Young (Allocation Failure) 639M->406M(634M) 7.490ms
[430.202s][info][gc,cpu         ] GC(773) User=0.01s Sys=0.00s Real=0.01s
[430.777s][info][gc,start       ] GC(774) Pause Young (Allocation Failure)
[430.780s][info][gc,heap        ] GC(774) PSYoungGen: 235615K(236032K)->1471K(225280K) Eden: 232448K(232448K)->0K(223744K) From: 3167K(3584K)->1471K(1536K)
[430.780s][info][gc,heap        ] GC(774) ParOldGen: 412810K(413184K)->412826K(413184K)
[430.780s][info][gc,metaspace   ] GC(774) Metaspace: 57424K(57792K)->57424K(57792K) NonClass: 51805K(52096K)->51805K(52096K) Class: 5618K(5696K)->5618K(5696K)
[430.780s][info][gc             ] GC(774) Pause Young (Allocation Failure) 633M->404M(623M) 3.222ms
[430.780s][info][gc,cpu         ] GC(774) User=0.01s Sys=0.00s Real=0.00s
[431.288s][info][gc,start       ] GC(775) Pause Young (Allocation Failure)
[431.293s][info][gc,heap        ] GC(775) PSYoungGen: 225215K(225280K)->2655K(218624K) Eden: 223744K(223744K)->0K(215552K) From: 1471K(1536K)->2655K(3072K)
[431.293s][info][gc,heap        ] GC(775) ParOldGen: 412826K(413184K)->412842K(413184K)
[431.293s][info][gc,metaspace   ] GC(775) Metaspace: 57424K(57792K)->57424K(57792K) NonClass: 51805K(52096K)->51805K(52096K) Class: 5618K(5696K)->5618K(5696K)
[431.293s][info][gc             ] GC(775) Pause Young (Allocation Failure) 623M->405M(617M) 4.819ms
[431.293s][info][gc,cpu         ] GC(775) User=0.01s Sys=0.00s Real=0.01s
[431.789s][info][gc,start       ] GC(776) Pause Young (Allocation Failure)
[431.793s][info][gc,heap        ] GC(776) PSYoungGen: 218207K(218624K)->1919K(209920K) Eden: 215552K(215552K)->0K(207872K) From: 2655K(3072K)->1919K(2048K)
[431.793s][info][gc,heap        ] GC(776) ParOldGen: 412842K(413184K)->412858K(413184K)
[431.793s][info][gc,metaspace   ] GC(776) Metaspace: 57424K(57792K)->57424K(57792K) NonClass: 51805K(52096K)->51805K(52096K) Class: 5618K(5696K)->5618K(5696K)
[431.793s][info][gc             ] GC(776) Pause Young (Allocation Failure) 616M->405M(608M) 3.788ms
[431.793s][info][gc,cpu         ] GC(776) User=0.00s Sys=0.00s Real=0.01s
[432.276s][info][gc,start       ] GC(777) Pause Young (Allocation Failure)
[432.316s][info][gc,heap        ] GC(777) PSYoungGen: 190523K(209920K)->64K(249344K) Eden: 188604K(207872K)->0K(248832K) From: 1919K(2048K)->64K(512K)
[432.316s][info][gc,heap        ] GC(777) ParOldGen: 412858K(413184K)->451936K(452608K)
[432.316s][info][gc,metaspace   ] GC(777) Metaspace: 57430K(57792K)->57430K(57792K) NonClass: 51811K(52096K)->51811K(52096K) Class: 5618K(5696K)->5618K(5696K)
[432.316s][info][gc             ] GC(777) Pause Young (Allocation Failure) 589M->441M(685M) 40.384ms
[432.316s][info][gc,cpu         ] GC(777) User=0.04s Sys=0.02s Real=0.04s
[434.813s][info][gc,start       ] GC(778) Pause Young (Allocation Failure)
[434.886s][info][gc,heap        ] GC(778) PSYoungGen: 248891K(249344K)->5114K(289792K) Eden: 248827K(248832K)->0K(284672K) From: 64K(512K)->5114K(5120K)
[434.886s][info][gc,heap        ] GC(778) ParOldGen: 451936K(452608K)->550805K(551424K)
[434.886s][info][gc,metaspace   ] GC(778) Metaspace: 57556K(57856K)->57556K(57856K) NonClass: 51937K(52160K)->51937K(52160K) Class: 5619K(5696K)->5619K(5696K)
[434.886s][info][gc             ] GC(778) Pause Young (Allocation Failure) 684M->542M(821M) 73.422ms
[434.886s][info][gc,cpu         ] GC(778) User=0.07s Sys=0.07s Real=0.07s
[435.484s][info][gc,start       ] GC(779) Pause Young (Allocation Failure)
[435.493s][info][gc,heap        ] GC(779) PSYoungGen: 289786K(289792K)->2014K(292352K) Eden: 284672K(284672K)->0K(249856K) From: 5114K(5120K)->2014K(42496K)
[435.493s][info][gc,heap        ] GC(779) ParOldGen: 550805K(551424K)->555928K(556032K)
[435.493s][info][gc,metaspace   ] GC(779) Metaspace: 57556K(57856K)->57556K(57856K) NonClass: 51937K(52160K)->51937K(52160K) Class: 5619K(5696K)->5619K(5696K)
[435.493s][info][gc             ] GC(779) Pause Young (Allocation Failure) 820M->544M(828M) 9.224ms
[435.493s][info][gc,cpu         ] GC(779) User=0.01s Sys=0.01s Real=0.01s
[436.081s][info][gc,start       ] GC(780) Pause Young (Allocation Failure)
[436.085s][info][gc,heap        ] GC(780) PSYoungGen: 251870K(292352K)->1951K(251904K) Eden: 249856K(249856K)->0K(249856K) From: 2014K(42496K)->1951K(2048K)
[436.085s][info][gc,heap        ] GC(780) ParOldGen: 555928K(556032K)->556334K(556544K)
[436.085s][info][gc,metaspace   ] GC(780) Metaspace: 57556K(57856K)->57556K(57856K) NonClass: 51937K(52160K)->51937K(52160K) Class: 5619K(5696K)->5619K(5696K)
[436.085s][info][gc             ] GC(780) Pause Young (Allocation Failure) 788M->545M(789M) 4.465ms
[436.085s][info][gc,cpu         ] GC(780) User=0.01s Sys=0.00s Real=0.01s
[436.679s][info][gc,start       ] GC(781) Pause Young (Allocation Failure)
[436.682s][info][gc,heap        ] GC(781) PSYoungGen: 251807K(251904K)->1376K(291328K) Eden: 249856K(249856K)->0K(251392K) From: 1951K(2048K)->1376K(39936K)
[436.682s][info][gc,heap        ] GC(781) ParOldGen: 556334K(556544K)->556350K(556544K)
[436.682s][info][gc,metaspace   ] GC(781) Metaspace: 57558K(57856K)->57558K(57856K) NonClass: 51939K(52160K)->51939K(52160K) Class: 5619K(5696K)->5619K(5696K)
[436.682s][info][gc             ] GC(781) Pause Young (Allocation Failure) 789M->544M(828M) 3.639ms
[436.682s][info][gc,cpu         ] GC(781) User=0.00s Sys=0.00s Real=0.01s
[437.273s][info][gc,start       ] GC(782) Pause Young (Allocation Failure)
[437.276s][info][gc,heap        ] GC(782) PSYoungGen: 252768K(291328K)->745K(289792K) Eden: 251392K(251392K)->0K(251392K) From: 1376K(39936K)->745K(38400K)
[437.276s][info][gc,heap        ] GC(782) ParOldGen: 556350K(556544K)->556366K(556544K)
[437.276s][info][gc,metaspace   ] GC(782) Metaspace: 57558K(57856K)->57558K(57856K) NonClass: 51939K(52160K)->51939K(52160K) Class: 5619K(5696K)->5619K(5696K)
[437.276s][info][gc             ] GC(782) Pause Young (Allocation Failure) 790M->544M(826M) 2.911ms
[437.276s][info][gc,cpu         ] GC(782) User=0.01s Sys=0.00s Real=0.00s
[437.908s][info][gc,start       ] GC(783) Pause Young (Allocation Failure)
[437.911s][info][gc,heap        ] GC(783) PSYoungGen: 252119K(289792K)->704K(293888K) Eden: 251373K(251392K)->0K(257024K) From: 745K(38400K)->704K(36864K)
[437.911s][info][gc,heap        ] GC(783) ParOldGen: 556366K(556544K)->556382K(556544K)
[437.911s][info][gc,metaspace   ] GC(783) Metaspace: 57558K(57856K)->57558K(57856K) NonClass: 51939K(52160K)->51939K(52160K) Class: 5619K(5696K)->5619K(5696K)
[437.911s][info][gc             ] GC(783) Pause Young (Allocation Failure) 789M->544M(830M) 2.753ms
[437.911s][info][gc,cpu         ] GC(783) User=0.01s Sys=0.00s Real=0.01s
[438.422s][info][gc,start       ] GC(784) Pause Young (Allocation Failure)
[438.425s][info][gc,heap        ] GC(784) PSYoungGen: 257728K(293888K)->243K(247808K) Eden: 257024K(257024K)->0K(247296K) From: 704K(36864K)->243K(512K)
[438.425s][info][gc,heap        ] GC(784) ParOldGen: 556382K(556544K)->556398K(556544K)
[438.425s][info][gc,metaspace   ] GC(784) Metaspace: 57558K(57856K)->57558K(57856K) NonClass: 51939K(52160K)->51939K(52160K) Class: 5619K(5696K)->5619K(5696K)
[438.425s][info][gc             ] GC(784) Pause Young (Allocation Failure) 795M->543M(785M) 2.233ms
[438.425s][info][gc,cpu         ] GC(784) User=0.01s Sys=0.00s Real=0.00s
[439.052s][info][gc,start       ] GC(785) Pause Young (Allocation Failure)
[439.054s][info][gc,heap        ] GC(785) PSYoungGen: 247303K(247808K)->416K(259584K) Eden: 247060K(247296K)->0K(238080K) From: 243K(512K)->416K(21504K)
[439.054s][info][gc,heap        ] GC(785) ParOldGen: 556398K(556544K)->556414K(556544K)
[439.054s][info][gc,metaspace   ] GC(785) Metaspace: 57558K(57856K)->57558K(57856K) NonClass: 51939K(52160K)->51939K(52160K) Class: 5619K(5696K)->5619K(5696K)
[439.054s][info][gc             ] GC(785) Pause Young (Allocation Failure) 784M->543M(797M) 2.593ms
[439.054s][info][gc,cpu         ] GC(785) User=0.00s Sys=0.00s Real=0.00s
[439.594s][info][gc,start       ] GC(786) Pause Young (Allocation Failure)
[439.600s][info][gc,heap        ] GC(786) PSYoungGen: 238496K(259584K)->3328K(232960K) Eden: 238080K(238080K)->0K(229376K) From: 416K(21504K)->3328K(3584K)
[439.600s][info][gc,heap        ] GC(786) ParOldGen: 556414K(556544K)->556430K(556544K)
[439.600s][info][gc,metaspace   ] GC(786) Metaspace: 57558K(57856K)->57558K(57856K) NonClass: 51939K(52160K)->51939K(52160K) Class: 5619K(5696K)->5619K(5696K)
[439.600s][info][gc             ] GC(786) Pause Young (Allocation Failure) 776M->546M(771M) 6.208ms
[439.600s][info][gc,cpu         ] GC(786) User=0.01s Sys=0.00s Real=0.00s
[440.155s][info][gc,start       ] GC(787) Pause Young (Allocation Failure)
[440.157s][info][gc,heap        ] GC(787) PSYoungGen: 232703K(232960K)->64K(240128K) Eden: 229375K(229376K)->0K(220672K) From: 3328K(3584K)->64K(19456K)
[440.158s][info][gc,heap        ] GC(787) ParOldGen: 556430K(556544K)->556446K(556544K)
[440.158s][info][gc,metaspace   ] GC(787) Metaspace: 57558K(57856K)->57558K(57856K) NonClass: 51939K(52160K)->51939K(52160K) Class: 5619K(5696K)->5619K(5696K)
[440.158s][info][gc             ] GC(787) Pause Young (Allocation Failure) 770M->543M(778M) 2.816ms
[440.158s][info][gc,cpu         ] GC(787) User=0.00s Sys=0.00s Real=0.00s
[440.678s][info][gc,start       ] GC(788) Pause Young (Allocation Failure)
[440.681s][info][gc,heap        ] GC(788) PSYoungGen: 220736K(240128K)->704K(213504K) Eden: 220672K(220672K)->0K(212480K) From: 64K(19456K)->704K(1024K)
[440.681s][info][gc,heap        ] GC(788) ParOldGen: 556446K(556544K)->556462K(556544K)
[440.682s][info][gc,metaspace   ] GC(788) Metaspace: 57558K(57856K)->57558K(57856K) NonClass: 51939K(52160K)->51939K(52160K) Class: 5619K(5696K)->5619K(5696K)
[440.682s][info][gc             ] GC(788) Pause Young (Allocation Failure) 758M->544M(752M) 3.512ms
[440.682s][info][gc,cpu         ] GC(788) User=0.01s Sys=0.00s Real=0.01s
[441.176s][info][gc,start       ] GC(789) Pause Young (Allocation Failure)
[441.180s][info][gc,heap        ] GC(789) PSYoungGen: 213184K(213504K)->1343K(220672K) Eden: 212480K(212480K)->0K(204800K) From: 704K(1024K)->1343K(15872K)
[441.180s][info][gc,heap        ] GC(789) ParOldGen: 556462K(556544K)->556478K(556544K)
[441.180s][info][gc,metaspace   ] GC(789) Metaspace: 57558K(57856K)->57558K(57856K) NonClass: 51939K(52160K)->51939K(52160K) Class: 5619K(5696K)->5619K(5696K)
[441.180s][info][gc             ] GC(789) Pause Young (Allocation Failure) 751M->544M(759M) 3.971ms
[441.180s][info][gc,cpu         ] GC(789) User=0.01s Sys=0.00s Real=0.00s
[441.616s][info][gc,start       ] GC(790) Pause Young (Allocation Failure)
[441.619s][info][gc,heap        ] GC(790) PSYoungGen: 205895K(220672K)->768K(198656K) Eden: 204552K(204800K)->0K(197632K) From: 1343K(15872K)->768K(1024K)
[441.619s][info][gc,heap        ] GC(790) ParOldGen: 556478K(556544K)->556494K(556544K)
[441.619s][info][gc,metaspace   ] GC(790) Metaspace: 57558K(57856K)->57558K(57856K) NonClass: 51939K(52160K)->51939K(52160K) Class: 5619K(5696K)->5619K(5696K)
[441.619s][info][gc             ] GC(790) Pause Young (Allocation Failure) 744M->544M(737M) 3.543ms
[441.619s][info][gc,cpu         ] GC(790) User=0.00s Sys=0.00s Real=0.00s
[442.100s][info][gc,start       ] GC(791) Pause Young (Allocation Failure)
[442.104s][info][gc,heap        ] GC(791) PSYoungGen: 198400K(198656K)->1727K(203776K) Eden: 197632K(197632K)->0K(190464K) From: 768K(1024K)->1727K(13312K)
[442.104s][info][gc,heap        ] GC(791) ParOldGen: 556494K(556544K)->556510K(556544K)
[442.104s][info][gc,metaspace   ] GC(791) Metaspace: 57558K(57856K)->57558K(57856K) NonClass: 51939K(52160K)->51939K(52160K) Class: 5619K(5696K)->5619K(5696K)
[442.104s][info][gc             ] GC(791) Pause Young (Allocation Failure) 737M->545M(742M) 4.563ms
[442.104s][info][gc,cpu         ] GC(791) User=0.01s Sys=0.00s Real=0.01s
[442.574s][info][gc,start       ] GC(792) Pause Young (Allocation Failure)
[442.578s][info][gc,heap        ] GC(792) PSYoungGen: 192191K(203776K)->864K(184832K) Eden: 190464K(190464K)->0K(183808K) From: 1727K(13312K)->864K(1024K)
[442.578s][info][gc,heap        ] GC(792) ParOldGen: 556510K(556544K)->556526K(556544K)
[442.578s][info][gc,metaspace   ] GC(792) Metaspace: 57558K(57856K)->57558K(57856K) NonClass: 51939K(52160K)->51939K(52160K) Class: 5619K(5696K)->5619K(5696K)
[442.578s][info][gc             ] GC(792) Pause Young (Allocation Failure) 731M->544M(724M) 3.614ms
[442.578s][info][gc,cpu         ] GC(792) User=0.01s Sys=0.00s Real=0.00s
[442.991s][info][gc,start       ] GC(793) Pause Young (Allocation Failure)
[442.996s][info][gc,heap        ] GC(793) PSYoungGen: 184508K(184832K)->2048K(189952K) Eden: 183644K(183808K)->0K(177664K) From: 864K(1024K)->2048K(12288K)
[442.996s][info][gc,heap        ] GC(793) ParOldGen: 556526K(556544K)->556542K(556544K)
[442.996s][info][gc,metaspace   ] GC(793) Metaspace: 57558K(57856K)->57558K(57856K) NonClass: 51939K(52160K)->51939K(52160K) Class: 5619K(5696K)->5619K(5696K)
[442.996s][info][gc             ] GC(793) Pause Young (Allocation Failure) 723M->545M(729M) 5.045ms
[442.996s][info][gc,cpu         ] GC(793) User=0.01s Sys=0.00s Real=0.01s
[443.399s][info][gc,start       ] GC(794) Pause Young (Allocation Failure)
[443.405s][info][gc,heap        ] GC(794) PSYoungGen: 179712K(189952K)->2975K(174592K) Eden: 177664K(177664K)->0K(171520K) From: 2048K(12288K)->2975K(3072K)
[443.405s][info][gc,heap        ] GC(794) ParOldGen: 556542K(556544K)->556558K(557056K)
[443.405s][info][gc,metaspace   ] GC(794) Metaspace: 57558K(57856K)->57558K(57856K) NonClass: 51939K(52160K)->51939K(52160K) Class: 5619K(5696K)->5619K(5696K)
[443.405s][info][gc             ] GC(794) Pause Young (Allocation Failure) 718M->546M(714M) 5.891ms
[443.405s][info][gc,cpu         ] GC(794) User=0.01s Sys=0.00s Real=0.01s
[443.799s][info][gc,start       ] GC(795) Pause Young (Allocation Failure)
[443.805s][info][gc,heap        ] GC(795) PSYoungGen: 174495K(174592K)->2879K(191488K) Eden: 171520K(171520K)->0K(173056K) From: 2975K(3072K)->2879K(18432K)
[443.805s][info][gc,heap        ] GC(795) ParOldGen: 556558K(557056K)->556574K(557056K)
[443.805s][info][gc,metaspace   ] GC(795) Metaspace: 57558K(57856K)->57558K(57856K) NonClass: 51939K(52160K)->51939K(52160K) Class: 5619K(5696K)->5619K(5696K)
[443.805s][info][gc             ] GC(795) Pause Young (Allocation Failure) 713M->546M(731M) 5.337ms
[443.805s][info][gc,cpu         ] GC(795) User=0.01s Sys=0.00s Real=0.01s
[444.211s][info][gc,start       ] GC(796) Pause Young (Allocation Failure)
[444.215s][info][gc,heap        ] GC(796) PSYoungGen: 175935K(191488K)->2367K(189952K) Eden: 173056K(173056K)->0K(173056K) From: 2879K(18432K)->2367K(16896K)
[444.215s][info][gc,heap        ] GC(796) ParOldGen: 556574K(557056K)->556590K(557056K)
[444.215s][info][gc,metaspace   ] GC(796) Metaspace: 57558K(57856K)->57558K(57856K) NonClass: 51939K(52160K)->51939K(52160K) Class: 5619K(5696K)->5619K(5696K)
[444.215s][info][gc             ] GC(796) Pause Young (Allocation Failure) 715M->545M(729M) 4.434ms
[444.216s][info][gc,cpu         ] GC(796) User=0.01s Sys=0.00s Real=0.00s
[444.613s][info][gc,start       ] GC(797) Pause Young (Allocation Failure)
[444.617s][info][gc,heap        ] GC(797) PSYoungGen: 175296K(189952K)->1120K(219648K) Eden: 172929K(173056K)->0K(205824K) From: 2367K(16896K)->1120K(13824K)
[444.617s][info][gc,heap        ] GC(797) ParOldGen: 556590K(557056K)->556606K(557056K)
[444.617s][info][gc,metaspace   ] GC(797) Metaspace: 57558K(57856K)->57558K(57856K) NonClass: 51939K(52160K)->51939K(52160K) Class: 5619K(5696K)->5619K(5696K)
[444.617s][info][gc             ] GC(797) Pause Young (Allocation Failure) 714M->544M(758M) 3.714ms
[444.617s][info][gc,cpu         ] GC(797) User=0.01s Sys=0.00s Real=0.00s
[445.099s][info][gc,start       ] GC(798) Pause Young (Allocation Failure)
[445.105s][info][gc,heap        ] GC(798) PSYoungGen: 206944K(219648K)->3263K(220672K) Eden: 205824K(205824K)->0K(205824K) From: 1120K(13824K)->3263K(14848K)
[445.105s][info][gc,heap        ] GC(798) ParOldGen: 556606K(557056K)->556622K(557056K)
[445.105s][info][gc,metaspace   ] GC(798) Metaspace: 57558K(57856K)->57558K(57856K) NonClass: 51939K(52160K)->51939K(52160K) Class: 5619K(5696K)->5619K(5696K)
[445.105s][info][gc             ] GC(798) Pause Young (Allocation Failure) 745M->546M(759M) 5.965ms
[445.105s][info][gc,cpu         ] GC(798) User=0.01s Sys=0.00s Real=0.01s
[445.591s][info][gc,start       ] GC(799) Pause Young (Allocation Failure)
[445.598s][info][gc,heap        ] GC(799) PSYoungGen: 209087K(220672K)->3550K(257536K) Eden: 205824K(205824K)->0K(245248K) From: 3263K(14848K)->3550K(12288K)
[445.598s][info][gc,heap        ] GC(799) ParOldGen: 556622K(557056K)->556638K(557056K)
[445.598s][info][gc,metaspace   ] GC(799) Metaspace: 57558K(57856K)->57558K(57856K) NonClass: 51939K(52160K)->51939K(52160K) Class: 5619K(5696K)->5619K(5696K)
[445.598s][info][gc             ] GC(799) Pause Young (Allocation Failure) 747M->547M(795M) 6.930ms
[445.598s][info][gc,cpu         ] GC(799) User=0.01s Sys=0.00s Real=0.00s
[446.190s][info][gc,start       ] GC(800) Pause Young (Allocation Failure)
[446.195s][info][gc,heap        ] GC(800) PSYoungGen: 248798K(257536K)->2046K(258048K) Eden: 245248K(245248K)->0K(245248K) From: 3550K(12288K)->2046K(12800K)
[446.195s][info][gc,heap        ] GC(800) ParOldGen: 556638K(557056K)->556654K(557056K)
[446.195s][info][gc,metaspace   ] GC(800) Metaspace: 57558K(57856K)->57558K(57856K) NonClass: 51939K(52160K)->51939K(52160K) Class: 5619K(5696K)->5619K(5696K)
[446.195s][info][gc             ] GC(800) Pause Young (Allocation Failure) 786M->545M(796M) 4.453ms
[446.195s][info][gc,cpu         ] GC(800) User=0.01s Sys=0.00s Real=0.01s
[446.774s][info][gc,start       ] GC(801) Pause Young (Allocation Failure)
[446.776s][info][gc,heap        ] GC(801) PSYoungGen: 247294K(258048K)->544K(237056K) Eden: 245248K(245248K)->0K(236032K) From: 2046K(12800K)->544K(1024K)
[446.776s][info][gc,heap        ] GC(801) ParOldGen: 556654K(557056K)->556670K(557056K)
[446.776s][info][gc,metaspace   ] GC(801) Metaspace: 57558K(57856K)->57558K(57856K) NonClass: 51939K(52160K)->51939K(52160K) Class: 5619K(5696K)->5619K(5696K)
[446.777s][info][gc             ] GC(801) Pause Young (Allocation Failure) 785M->544M(775M) 2.784ms
[446.777s][info][gc,cpu         ] GC(801) User=0.00s Sys=0.00s Real=0.00s
[447.295s][info][gc,start       ] GC(802) Pause Young (Allocation Failure)
[447.303s][info][gc,heap        ] GC(802) PSYoungGen: 236576K(237056K)->3200K(292864K) Eden: 236032K(236032K)->0K(281088K) From: 544K(1024K)->3200K(11776K)
[447.303s][info][gc,heap        ] GC(802) ParOldGen: 556670K(557056K)->556686K(557056K)
[447.303s][info][gc,metaspace   ] GC(802) Metaspace: 57558K(57856K)->57558K(57856K) NonClass: 51939K(52160K)->51939K(52160K) Class: 5619K(5696K)->5619K(5696K)
[447.303s][info][gc             ] GC(802) Pause Young (Allocation Failure) 774M->546M(830M) 8.673ms
[447.303s][info][gc,cpu         ] GC(802) User=0.01s Sys=0.00s Real=0.01s
[447.984s][info][gc,start       ] GC(803) Pause Young (Allocation Failure)
[447.987s][info][gc,heap        ] GC(803) PSYoungGen: 284288K(292864K)->674K(271360K) Eden: 281088K(281088K)->0K(270336K) From: 3200K(11776K)->674K(1024K)
[447.987s][info][gc,heap        ] GC(803) ParOldGen: 556686K(557056K)->556702K(557056K)
[447.987s][info][gc,metaspace   ] GC(803) Metaspace: 57558K(57856K)->57558K(57856K) NonClass: 51939K(52160K)->51939K(52160K) Class: 5619K(5696K)->5619K(5696K)
[447.987s][info][gc             ] GC(803) Pause Young (Allocation Failure) 821M->544M(809M) 2.742ms
[447.987s][info][gc,cpu         ] GC(803) User=0.00s Sys=0.00s Real=0.00s
[448.596s][info][gc,start       ] GC(804) Pause Young (Allocation Failure)
[448.602s][info][gc,heap        ] GC(804) PSYoungGen: 271010K(271360K)->3486K(270848K) Eden: 270336K(270336K)->0K(260096K) From: 674K(1024K)->3486K(10752K)
[448.602s][info][gc,heap        ] GC(804) ParOldGen: 556702K(557056K)->556718K(557056K)
[448.602s][info][gc,metaspace   ] GC(804) Metaspace: 57558K(57856K)->57558K(57856K) NonClass: 51939K(52160K)->51939K(52160K) Class: 5619K(5696K)->5619K(5696K)
[448.602s][info][gc             ] GC(804) Pause Young (Allocation Failure) 808M->547M(808M) 5.649ms
[448.602s][info][gc,cpu         ] GC(804) User=0.01s Sys=0.00s Real=0.01s
[449.197s][info][gc,start       ] GC(805) Pause Young (Allocation Failure)
[449.203s][info][gc,heap        ] GC(805) PSYoungGen: 263582K(270848K)->2464K(252928K) Eden: 260096K(260096K)->0K(250368K) From: 3486K(10752K)->2464K(2560K)
[449.203s][info][gc,heap        ] GC(805) ParOldGen: 556718K(557056K)->556734K(557056K)
[449.203s][info][gc,metaspace   ] GC(805) Metaspace: 57558K(57856K)->57558K(57856K) NonClass: 51939K(52160K)->51939K(52160K) Class: 5619K(5696K)->5619K(5696K)
[449.203s][info][gc             ] GC(805) Pause Young (Allocation Failure) 801M->546M(791M) 5.445ms
[449.203s][info][gc,cpu         ] GC(805) User=0.01s Sys=0.00s Real=0.01s
[449.799s][info][gc,start       ] GC(806) Pause Young (Allocation Failure)
[449.804s][info][gc,heap        ] GC(806) PSYoungGen: 252832K(252928K)->2879K(244224K) Eden: 250368K(250368K)->0K(241152K) From: 2464K(2560K)->2879K(3072K)
[449.804s][info][gc,heap        ] GC(806) ParOldGen: 556734K(557056K)->556750K(557056K)
[449.804s][info][gc,metaspace   ] GC(806) Metaspace: 57558K(57856K)->57558K(57856K) NonClass: 51939K(52160K)->51939K(52160K) Class: 5619K(5696K)->5619K(5696K)
[449.804s][info][gc             ] GC(806) Pause Young (Allocation Failure) 790M->546M(782M) 5.097ms
[449.804s][info][gc,cpu         ] GC(806) User=0.01s Sys=0.00s Real=0.01s
[450.383s][info][gc,start       ] GC(807) Pause Young (Allocation Failure)
[450.387s][info][gc,heap        ] GC(807) PSYoungGen: 244031K(244224K)->2462K(234496K) Eden: 241152K(241152K)->0K(231936K) From: 2879K(3072K)->2462K(2560K)
[450.387s][info][gc,heap        ] GC(807) ParOldGen: 556750K(557056K)->556766K(557056K)
[450.387s][info][gc,metaspace   ] GC(807) Metaspace: 57558K(57856K)->57558K(57856K) NonClass: 51939K(52160K)->51939K(52160K) Class: 5619K(5696K)->5619K(5696K)
[450.387s][info][gc             ] GC(807) Pause Young (Allocation Failure) 782M->546M(773M) 4.825ms
[450.387s][info][gc,cpu         ] GC(807) User=0.00s Sys=0.01s Real=0.00s
[450.906s][info][gc,start       ] GC(808) Pause Young (Allocation Failure)
[450.909s][info][gc,heap        ] GC(808) PSYoungGen: 234185K(234496K)->1280K(224768K) Eden: 231723K(231936K)->0K(223232K) From: 2462K(2560K)->1280K(1536K)
[450.909s][info][gc,heap        ] GC(808) ParOldGen: 556766K(557056K)->556782K(557056K)
[450.909s][info][gc,metaspace   ] GC(808) Metaspace: 57558K(57856K)->57558K(57856K) NonClass: 51939K(52160K)->51939K(52160K) Class: 5619K(5696K)->5619K(5696K)
[450.910s][info][gc             ] GC(808) Pause Young (Allocation Failure) 772M->544M(763M) 3.629ms
[450.910s][info][gc,cpu         ] GC(808) User=0.01s Sys=0.00s Real=0.00s
[451.475s][info][gc,start       ] GC(809) Pause Young (Allocation Failure)
[451.479s][info][gc,heap        ] GC(809) PSYoungGen: 224512K(224768K)->992K(216064K) Eden: 223232K(223232K)->0K(215040K) From: 1280K(1536K)->992K(1024K)
[451.479s][info][gc,heap        ] GC(809) ParOldGen: 556782K(557056K)->556798K(557056K)
[451.479s][info][gc,metaspace   ] GC(809) Metaspace: 57558K(57856K)->57558K(57856K) NonClass: 51939K(52160K)->51939K(52160K) Class: 5619K(5696K)->5619K(5696K)
[451.479s][info][gc             ] GC(809) Pause Young (Allocation Failure) 762M->544M(755M) 3.519ms
[451.479s][info][gc,cpu         ] GC(809) User=0.00s Sys=0.00s Real=0.00s
[451.976s][info][gc,start       ] GC(810) Pause Young (Allocation Failure)
[451.980s][info][gc,heap        ] GC(810) PSYoungGen: 216032K(216064K)->1663K(215040K) Eden: 215040K(215040K)->0K(207360K) From: 992K(1024K)->1663K(7680K)
[451.980s][info][gc,heap        ] GC(810) ParOldGen: 556798K(557056K)->556814K(557056K)
[451.980s][info][gc,metaspace   ] GC(810) Metaspace: 57558K(57856K)->57558K(57856K) NonClass: 51939K(52160K)->51939K(52160K) Class: 5619K(5696K)->5619K(5696K)
[451.980s][info][gc             ] GC(810) Pause Young (Allocation Failure) 754M->545M(754M) 3.661ms
[451.980s][info][gc,cpu         ] GC(810) User=0.01s Sys=0.00s Real=0.00s
[452.474s][info][gc,start       ] GC(811) Pause Young (Allocation Failure)
[452.477s][info][gc,heap        ] GC(811) PSYoungGen: 209023K(215040K)->754K(200704K) Eden: 207360K(207360K)->0K(199680K) From: 1663K(7680K)->754K(1024K)
[452.477s][info][gc,heap        ] GC(811) ParOldGen: 556814K(557056K)->556830K(557056K)
[452.477s][info][gc,metaspace   ] GC(811) Metaspace: 57558K(57856K)->57558K(57856K) NonClass: 51939K(52160K)->51939K(52160K) Class: 5619K(5696K)->5619K(5696K)
[452.477s][info][gc             ] GC(811) Pause Young (Allocation Failure) 747M->544M(740M) 3.228ms
[452.477s][info][gc,cpu         ] GC(811) User=0.00s Sys=0.00s Real=0.00s
[452.914s][info][gc,start       ] GC(812) Pause Young (Allocation Failure)
[452.918s][info][gc,heap        ] GC(812) PSYoungGen: 200434K(200704K)->2271K(199680K) Eden: 199680K(199680K)->0K(192512K) From: 754K(1024K)->2271K(7168K)
[452.918s][info][gc,heap        ] GC(812) ParOldGen: 556830K(557056K)->556846K(557056K)
[452.918s][info][gc,metaspace   ] GC(812) Metaspace: 57558K(57856K)->57558K(57856K) NonClass: 51939K(52160K)->51939K(52160K) Class: 5619K(5696K)->5619K(5696K)
[452.918s][info][gc             ] GC(812) Pause Young (Allocation Failure) 739M->546M(739M) 4.413ms
[452.918s][info][gc,cpu         ] GC(812) User=0.01s Sys=0.00s Real=0.00s
[453.384s][info][gc,start       ] GC(813) Pause Young (Allocation Failure)
[453.388s][info][gc,heap        ] GC(813) PSYoungGen: 194783K(199680K)->2303K(188416K) Eden: 192512K(192512K)->0K(185856K) From: 2271K(7168K)->2303K(2560K)
[453.388s][info][gc,heap        ] GC(813) ParOldGen: 556846K(557056K)->556862K(557056K)
[453.388s][info][gc,metaspace   ] GC(813) Metaspace: 57558K(57856K)->57558K(57856K) NonClass: 51939K(52160K)->51939K(52160K) Class: 5619K(5696K)->5619K(5696K)
[453.388s][info][gc             ] GC(813) Pause Young (Allocation Failure) 734M->546M(728M) 4.683ms
[453.389s][info][gc,cpu         ] GC(813) User=0.01s Sys=0.00s Real=0.00s
[453.814s][info][gc,start       ] GC(814) Pause Young (Allocation Failure)
[453.818s][info][gc,heap        ] GC(814) PSYoungGen: 187948K(188416K)->1472K(180736K) Eden: 185645K(185856K)->0K(179200K) From: 2303K(2560K)->1472K(1536K)
[453.819s][info][gc,heap        ] GC(814) ParOldGen: 556862K(557056K)->556878K(557056K)
[453.819s][info][gc,metaspace   ] GC(814) Metaspace: 57558K(57856K)->57558K(57856K) NonClass: 51939K(52160K)->51939K(52160K) Class: 5619K(5696K)->5619K(5696K)
[453.819s][info][gc             ] GC(814) Pause Young (Allocation Failure) 727M->545M(720M) 4.099ms
[453.819s][info][gc,cpu         ] GC(814) User=0.00s Sys=0.00s Real=0.00s
[454.325s][info][gc,start       ] GC(815) Pause Young (Allocation Failure)
[454.328s][info][gc,heap        ] GC(815) PSYoungGen: 180672K(180736K)->704K(174080K) Eden: 179200K(179200K)->0K(173056K) From: 1472K(1536K)->704K(1024K)
[454.328s][info][gc,heap        ] GC(815) ParOldGen: 556878K(557056K)->556894K(557056K)
[454.328s][info][gc,metaspace   ] GC(815) Metaspace: 57558K(57856K)->57558K(57856K) NonClass: 51939K(52160K)->51939K(52160K) Class: 5619K(5696K)->5619K(5696K)
[454.328s][info][gc             ] GC(815) Pause Young (Allocation Failure) 720M->544M(714M) 3.269ms
[454.328s][info][gc,cpu         ] GC(815) User=0.00s Sys=0.00s Real=0.00s
[454.771s][info][gc,start       ] GC(816) Pause Young (Allocation Failure)
[454.774s][info][gc,heap        ] GC(816) PSYoungGen: 173760K(174080K)->432K(173568K) Eden: 173056K(173056K)->0K(167424K) From: 704K(1024K)->432K(6144K)
[454.774s][info][gc,heap        ] GC(816) ParOldGen: 556894K(557056K)->556910K(557056K)
[454.774s][info][gc,metaspace   ] GC(816) Metaspace: 57558K(57856K)->57558K(57856K) NonClass: 51939K(52160K)->51939K(52160K) Class: 5619K(5696K)->5619K(5696K)
[454.774s][info][gc             ] GC(816) Pause Young (Allocation Failure) 713M->544M(713M) 2.460ms
[454.774s][info][gc,cpu         ] GC(816) User=0.01s Sys=0.00s Real=0.00s
[455.137s][info][gc,start       ] GC(817) Pause Young (Allocation Failure)
[455.139s][info][gc,heap        ] GC(817) PSYoungGen: 167856K(173568K)->64K(162304K) Eden: 167424K(167424K)->0K(161792K) From: 432K(6144K)->64K(512K)
[455.139s][info][gc,heap        ] GC(817) ParOldGen: 556910K(557056K)->556926K(557056K)
[455.139s][info][gc,metaspace   ] GC(817) Metaspace: 57558K(57856K)->57558K(57856K) NonClass: 51939K(52160K)->51939K(52160K) Class: 5619K(5696K)->5619K(5696K)
[455.139s][info][gc             ] GC(817) Pause Young (Allocation Failure) 707M->543M(702M) 2.379ms
[455.139s][info][gc,cpu         ] GC(817) User=0.00s Sys=0.00s Real=0.00s
[455.512s][info][gc,start       ] GC(818) Pause Young (Allocation Failure)
[455.516s][info][gc,heap        ] GC(818) PSYoungGen: 161598K(162304K)->1536K(162304K) Eden: 161534K(161792K)->0K(156672K) From: 64K(512K)->1536K(5632K)
[455.516s][info][gc,heap        ] GC(818) ParOldGen: 556926K(557056K)->556942K(557056K)
[455.516s][info][gc,metaspace   ] GC(818) Metaspace: 57558K(57856K)->57558K(57856K) NonClass: 51939K(52160K)->51939K(52160K) Class: 5619K(5696K)->5619K(5696K)
[455.516s][info][gc             ] GC(818) Pause Young (Allocation Failure) 701M->545M(702M) 3.878ms
[455.516s][info][gc,cpu         ] GC(818) User=0.00s Sys=0.00s Real=0.00s
[455.896s][info][gc,start       ] GC(819) Pause Young (Allocation Failure)
[455.901s][info][gc,heap        ] GC(819) PSYoungGen: 158208K(162304K)->2943K(154624K) Eden: 156672K(156672K)->0K(151552K) From: 1536K(5632K)->2943K(3072K)
[455.901s][info][gc,heap        ] GC(819) ParOldGen: 556942K(557056K)->556958K(557056K)
[455.901s][info][gc,metaspace   ] GC(819) Metaspace: 57558K(57856K)->57558K(57856K) NonClass: 51939K(52160K)->51939K(52160K) Class: 5619K(5696K)->5619K(5696K)
[455.901s][info][gc             ] GC(819) Pause Young (Allocation Failure) 698M->546M(695M) 5.376ms
[455.901s][info][gc,cpu         ] GC(819) User=0.01s Sys=0.00s Real=0.01s
[456.329s][info][gc,start       ] GC(820) Pause Young (Allocation Failure)
[456.331s][info][gc,heap        ] GC(820) PSYoungGen: 154495K(154624K)->512K(146944K) Eden: 151552K(151552K)->0K(146432K) From: 2943K(3072K)->512K(512K)
[456.331s][info][gc,heap        ] GC(820) ParOldGen: 556958K(557056K)->556974K(557056K)
[456.331s][info][gc,metaspace   ] GC(820) Metaspace: 57558K(57856K)->57558K(57856K) NonClass: 51939K(52160K)->51939K(52160K) Class: 5619K(5696K)->5619K(5696K)
[456.331s][info][gc             ] GC(820) Pause Young (Allocation Failure) 694M->544M(687M) 2.829ms
[456.331s][info][gc,cpu         ] GC(820) User=0.00s Sys=0.00s Real=0.01s
[456.600s][info][gc,start       ] GC(821) Pause Young (Allocation Failure)
[456.605s][info][gc,heap        ] GC(821) PSYoungGen: 146944K(146944K)->2496K(177152K) Eden: 146432K(146432K)->0K(174592K) From: 512K(512K)->2496K(2560K)
[456.605s][info][gc,heap        ] GC(821) ParOldGen: 556974K(557056K)->556990K(557056K)
[456.605s][info][gc,metaspace   ] GC(821) Metaspace: 57558K(57856K)->57558K(57856K) NonClass: 51939K(52160K)->51939K(52160K) Class: 5619K(5696K)->5619K(5696K)
[456.605s][info][gc             ] GC(821) Pause Young (Allocation Failure) 687M->546M(717M) 5.170ms
[456.605s][info][gc,cpu         ] GC(821) User=0.01s Sys=0.00s Real=0.01s
[457.004s][info][gc,start       ] GC(822) Pause Young (Allocation Failure)
[457.009s][info][gc,heap        ] GC(822) PSYoungGen: 177088K(177152K)->2846K(210944K) Eden: 174592K(174592K)->0K(207872K) From: 2496K(2560K)->2846K(3072K)
[457.009s][info][gc,heap        ] GC(822) ParOldGen: 556990K(557056K)->557006K(557056K)
[457.009s][info][gc,metaspace   ] GC(822) Metaspace: 57558K(57856K)->57558K(57856K) NonClass: 51939K(52160K)->51939K(52160K) Class: 5619K(5696K)->5619K(5696K)
[457.009s][info][gc             ] GC(822) Pause Young (Allocation Failure) 716M->546M(750M) 4.848ms
[457.009s][info][gc,cpu         ] GC(822) User=0.01s Sys=0.00s Real=0.00s
[457.497s][info][gc,start       ] GC(823) Pause Young (Allocation Failure)
[457.502s][info][gc,heap        ] GC(823) PSYoungGen: 210718K(210944K)->2336K(228864K) Eden: 207872K(207872K)->0K(223744K) From: 2846K(3072K)->2336K(5120K)
[457.502s][info][gc,heap        ] GC(823) ParOldGen: 557006K(557056K)->557022K(557056K)
[457.502s][info][gc,metaspace   ] GC(823) Metaspace: 57558K(57856K)->57558K(57856K) NonClass: 51939K(52160K)->51939K(52160K) Class: 5619K(5696K)->5619K(5696K)
[457.502s][info][gc             ] GC(823) Pause Young (Allocation Failure) 749M->546M(767M) 4.961ms
[457.502s][info][gc,cpu         ] GC(823) User=0.01s Sys=0.00s Real=0.01s
[458.018s][info][gc,start       ] GC(824) Pause Young (Allocation Failure)
[458.021s][info][gc,heap        ] GC(824) PSYoungGen: 226080K(228864K)->927K(216576K) Eden: 223744K(223744K)->0K(215552K) From: 2336K(5120K)->927K(1024K)
[458.021s][info][gc,heap        ] GC(824) ParOldGen: 557022K(557056K)->557038K(557056K)
[458.021s][info][gc,metaspace   ] GC(824) Metaspace: 57561K(57856K)->57561K(57856K) NonClass: 51942K(52160K)->51942K(52160K) Class: 5619K(5696K)->5619K(5696K)
[458.021s][info][gc             ] GC(824) Pause Young (Allocation Failure) 764M->544M(755M) 3.102ms
[458.021s][info][gc,cpu         ] GC(824) User=0.00s Sys=0.00s Real=0.01s
[458.582s][info][gc,start       ] GC(825) Pause Young (Allocation Failure)
[458.585s][info][gc,heap        ] GC(825) PSYoungGen: 216479K(216576K)->959K(208896K) Eden: 215552K(215552K)->0K(207872K) From: 927K(1024K)->959K(1024K)
[458.585s][info][gc,heap        ] GC(825) ParOldGen: 557038K(557056K)->557054K(557056K)
[458.585s][info][gc,metaspace   ] GC(825) Metaspace: 57561K(57856K)->57561K(57856K) NonClass: 51942K(52160K)->51942K(52160K) Class: 5619K(5696K)->5619K(5696K)
[458.585s][info][gc             ] GC(825) Pause Young (Allocation Failure) 755M->544M(748M) 2.975ms
[458.585s][info][gc,cpu         ] GC(825) User=0.01s Sys=0.00s Real=0.00s
[459.008s][info][gc,start       ] GC(826) Pause Young (Allocation Failure)
[459.012s][info][gc,heap        ] GC(826) PSYoungGen: 208687K(208896K)->2176K(205312K) Eden: 207727K(207872K)->0K(200192K) From: 959K(1024K)->2176K(5120K)
[459.012s][info][gc,heap        ] GC(826) ParOldGen: 557054K(557056K)->557070K(557568K)
[459.012s][info][gc,metaspace   ] GC(826) Metaspace: 57561K(57856K)->57561K(57856K) NonClass: 51942K(52160K)->51942K(52160K) Class: 5619K(5696K)->5619K(5696K)
[459.012s][info][gc             ] GC(826) Pause Young (Allocation Failure) 747M->546M(745M) 4.704ms
[459.012s][info][gc,cpu         ] GC(826) User=0.01s Sys=0.00s Real=0.01s
[459.500s][info][gc,start       ] GC(827) Pause Young (Allocation Failure)
[459.515s][info][gc,heap        ] GC(827) PSYoungGen: 202368K(205312K)->3985K(219648K) Eden: 200192K(200192K)->0K(215040K) From: 2176K(5120K)->3985K(4608K)
[459.515s][info][gc,heap        ] GC(827) ParOldGen: 557070K(557568K)->557086K(557568K)
[459.515s][info][gc,metaspace   ] GC(827) Metaspace: 57561K(57856K)->57561K(57856K) NonClass: 51942K(52160K)->51942K(52160K) Class: 5619K(5696K)->5619K(5696K)
[459.516s][info][gc             ] GC(827) Pause Young (Allocation Failure) 741M->547M(759M) 15.478ms
[459.516s][info][gc,cpu         ] GC(827) User=0.01s Sys=0.00s Real=0.02s
[459.997s][info][gc,start       ] GC(828) Pause Young (Allocation Failure)
[460.003s][info][gc,heap        ] GC(828) PSYoungGen: 219025K(219648K)->3263K(220672K) Eden: 215040K(215040K)->0K(215040K) From: 3985K(4608K)->3263K(5632K)
[460.004s][info][gc,heap        ] GC(828) ParOldGen: 557086K(557568K)->557102K(557568K)
[460.004s][info][gc,metaspace   ] GC(828) Metaspace: 57561K(57856K)->57561K(57856K) NonClass: 51942K(52160K)->51942K(52160K) Class: 5619K(5696K)->5619K(5696K)
[460.004s][info][gc             ] GC(828) Pause Young (Allocation Failure) 757M->547M(760M) 6.544ms
[460.004s][info][gc,cpu         ] GC(828) User=0.01s Sys=0.00s Real=0.01s
[460.504s][info][gc,start       ] GC(829) Pause Young (Allocation Failure)
[460.510s][info][gc,heap        ] GC(829) PSYoungGen: 218303K(220672K)->2814K(261632K) Eden: 215040K(215040K)->0K(256000K) From: 3263K(5632K)->2814K(5632K)
[460.510s][info][gc,heap        ] GC(829) ParOldGen: 557102K(557568K)->557118K(557568K)
[460.510s][info][gc,metaspace   ] GC(829) Metaspace: 57561K(57856K)->57561K(57856K) NonClass: 51942K(52160K)->51942K(52160K) Class: 5619K(5696K)->5619K(5696K)
[460.510s][info][gc             ] GC(829) Pause Young (Allocation Failure) 757M->546M(800M) 6.087ms
[460.510s][info][gc,cpu         ] GC(829) User=0.01s Sys=0.00s Real=0.00s
[461.119s][info][gc,start       ] GC(830) Pause Young (Allocation Failure)
[461.125s][info][gc,heap        ] GC(830) PSYoungGen: 258755K(261632K)->2080K(261632K) Eden: 255940K(256000K)->0K(256000K) From: 2814K(5632K)->2080K(5632K)
[461.125s][info][gc,heap        ] GC(830) ParOldGen: 557118K(557568K)->557134K(557568K)
[461.125s][info][gc,metaspace   ] GC(830) Metaspace: 57561K(57856K)->57561K(57856K) NonClass: 51942K(52160K)->51942K(52160K) Class: 5619K(5696K)->5619K(5696K)
[461.125s][info][gc             ] GC(830) Pause Young (Allocation Failure) 796M->546M(800M) 5.430ms
[461.125s][info][gc,cpu         ] GC(830) User=0.01s Sys=0.00s Real=0.01s
[461.716s][info][gc,start       ] GC(831) Pause Young (Allocation Failure)
[461.720s][info][gc,heap        ] GC(831) PSYoungGen: 258027K(261632K)->1568K(309760K) Eden: 255947K(256000K)->0K(304640K) From: 2080K(5632K)->1568K(5120K)
[461.720s][info][gc,heap        ] GC(831) ParOldGen: 557134K(557568K)->557150K(557568K)
[461.720s][info][gc,metaspace   ] GC(831) Metaspace: 57561K(57856K)->57561K(57856K) NonClass: 51942K(52160K)->51942K(52160K) Class: 5619K(5696K)->5619K(5696K)
[461.720s][info][gc             ] GC(831) Pause Young (Allocation Failure) 796M->545M(847M) 4.518ms
[461.720s][info][gc,cpu         ] GC(831) User=0.01s Sys=0.00s Real=0.00s
[462.482s][info][gc,start       ] GC(832) Pause Young (Allocation Failure)
[462.493s][info][gc,heap        ] GC(832) PSYoungGen: 306127K(309760K)->896K(309760K) Eden: 304559K(304640K)->0K(304640K) From: 1568K(5120K)->896K(5120K)
[462.493s][info][gc,heap        ] GC(832) ParOldGen: 557150K(557568K)->557166K(557568K)
[462.493s][info][gc,metaspace   ] GC(832) Metaspace: 57561K(57856K)->57561K(57856K) NonClass: 51942K(52160K)->51942K(52160K) Class: 5619K(5696K)->5619K(5696K)
[462.493s][info][gc             ] GC(832) Pause Young (Allocation Failure) 843M->544M(847M) 10.895ms
[462.493s][info][gc,cpu         ] GC(832) User=0.00s Sys=0.00s Real=0.01s
[463.178s][info][gc,start       ] GC(833) Pause Young (Allocation Failure)
[463.183s][info][gc,heap        ] GC(833) PSYoungGen: 305536K(309760K)->1216K(327680K) Eden: 304640K(304640K)->0K(323584K) From: 896K(5120K)->1216K(4096K)
[463.183s][info][gc,heap        ] GC(833) ParOldGen: 557166K(557568K)->557182K(557568K)
[463.183s][info][gc,metaspace   ] GC(833) Metaspace: 57561K(57856K)->57561K(57856K) NonClass: 51942K(52160K)->51942K(52160K) Class: 5619K(5696K)->5619K(5696K)
[463.183s][info][gc             ] GC(833) Pause Young (Allocation Failure) 842M->545M(864M) 4.994ms
[463.183s][info][gc,cpu         ] GC(833) User=0.01s Sys=0.00s Real=0.01s
[463.988s][info][gc,start       ] GC(834) Pause Young (Allocation Failure)
[463.992s][info][gc,heap        ] GC(834) PSYoungGen: 324800K(327680K)->1183K(312320K) Eden: 323584K(323584K)->0K(310784K) From: 1216K(4096K)->1183K(1536K)
[463.992s][info][gc,heap        ] GC(834) ParOldGen: 557182K(557568K)->557198K(557568K)
[463.992s][info][gc,metaspace   ] GC(834) Metaspace: 57561K(57856K)->57561K(57856K) NonClass: 51942K(52160K)->51942K(52160K) Class: 5619K(5696K)->5619K(5696K)
[463.992s][info][gc             ] GC(834) Pause Young (Allocation Failure) 861M->545M(849M) 3.708ms
[463.992s][info][gc,cpu         ] GC(834) User=0.01s Sys=0.00s Real=0.01s
[464.684s][info][gc,start       ] GC(835) Pause Young (Allocation Failure)
[464.689s][info][gc,heap        ] GC(835) PSYoungGen: 311967K(312320K)->2366K(301056K) Eden: 310784K(310784K)->0K(298496K) From: 1183K(1536K)->2366K(2560K)
[464.689s][info][gc,heap        ] GC(835) ParOldGen: 557198K(557568K)->557214K(557568K)
[464.689s][info][gc,metaspace   ] GC(835) Metaspace: 57561K(57856K)->57561K(57856K) NonClass: 51942K(52160K)->51942K(52160K) Class: 5619K(5696K)->5619K(5696K)
[464.689s][info][gc             ] GC(835) Pause Young (Allocation Failure) 848M->546M(838M) 5.305ms
[464.689s][info][gc,cpu         ] GC(835) User=0.01s Sys=0.00s Real=0.00s
[465.489s][info][gc,start       ] GC(836) Pause Young (Allocation Failure)
[465.493s][info][gc,heap        ] GC(836) PSYoungGen: 300862K(301056K)->2335K(289280K) Eden: 298496K(298496K)->0K(286720K) From: 2366K(2560K)->2335K(2560K)
[465.493s][info][gc,heap        ] GC(836) ParOldGen: 557214K(557568K)->557230K(557568K)
[465.493s][info][gc,metaspace   ] GC(836) Metaspace: 57561K(57856K)->57561K(57856K) NonClass: 51942K(52160K)->51942K(52160K) Class: 5619K(5696K)->5619K(5696K)
[465.493s][info][gc             ] GC(836) Pause Young (Allocation Failure) 837M->546M(827M) 4.702ms
[465.493s][info][gc,cpu         ] GC(836) User=0.01s Sys=0.00s Real=0.01s
[466.175s][info][gc,start       ] GC(837) Pause Young (Allocation Failure)
[466.178s][info][gc,heap        ] GC(837) PSYoungGen: 289055K(289280K)->1051K(276992K) Eden: 286720K(286720K)->0K(275456K) From: 2335K(2560K)->1051K(1536K)
[466.179s][info][gc,heap        ] GC(837) ParOldGen: 557230K(557568K)->557246K(557568K)
[466.179s][info][gc,metaspace   ] GC(837) Metaspace: 57561K(57856K)->57561K(57856K) NonClass: 51942K(52160K)->51942K(52160K) Class: 5619K(5696K)->5619K(5696K)
[466.179s][info][gc             ] GC(837) Pause Young (Allocation Failure) 826M->545M(815M) 3.318ms
[466.179s][info][gc,cpu         ] GC(837) User=0.00s Sys=0.00s Real=0.00s
[466.801s][info][gc,start       ] GC(838) Pause Young (Allocation Failure)
[466.807s][info][gc,heap        ] GC(838) PSYoungGen: 276507K(276992K)->2880K(267776K) Eden: 275456K(275456K)->0K(264704K) From: 1051K(1536K)->2880K(3072K)
[466.807s][info][gc,heap        ] GC(838) ParOldGen: 557246K(557568K)->557262K(557568K)
[466.807s][info][gc,metaspace   ] GC(838) Metaspace: 57561K(57856K)->57561K(57856K) NonClass: 51942K(52160K)->51942K(52160K) Class: 5619K(5696K)->5619K(5696K)
[466.807s][info][gc             ] GC(838) Pause Young (Allocation Failure) 814M->547M(806M) 5.383ms
[466.807s][info][gc,cpu         ] GC(838) User=0.01s Sys=0.00s Real=0.00s
[467.457s][info][gc,start       ] GC(839) Pause Young (Allocation Failure)
[467.461s][info][gc,heap        ] GC(839) PSYoungGen: 267584K(267776K)->1439K(256000K) Eden: 264704K(264704K)->0K(254464K) From: 2880K(3072K)->1439K(1536K)
[467.461s][info][gc,heap        ] GC(839) ParOldGen: 557262K(557568K)->557278K(557568K)
[467.461s][info][gc,metaspace   ] GC(839) Metaspace: 57561K(57856K)->57561K(57856K) NonClass: 51942K(52160K)->51942K(52160K) Class: 5619K(5696K)->5619K(5696K)
[467.461s][info][gc             ] GC(839) Pause Young (Allocation Failure) 805M->545M(794M) 3.697ms
[467.461s][info][gc,cpu         ] GC(839) User=0.00s Sys=0.00s Real=0.01s
[468.015s][info][gc,start       ] GC(840) Pause Young (Allocation Failure)
[468.023s][info][gc,heap        ] GC(840) PSYoungGen: 255903K(256000K)->2559K(247296K) Eden: 254464K(254464K)->0K(244736K) From: 1439K(1536K)->2559K(2560K)
[468.023s][info][gc,heap        ] GC(840) ParOldGen: 557278K(557568K)->557294K(557568K)
[468.023s][info][gc,metaspace   ] GC(840) Metaspace: 57561K(57856K)->57561K(57856K) NonClass: 51942K(52160K)->51942K(52160K) Class: 5619K(5696K)->5619K(5696K)
[468.023s][info][gc             ] GC(840) Pause Young (Allocation Failure) 794M->546M(786M) 8.355ms
[468.023s][info][gc,cpu         ] GC(840) User=0.01s Sys=0.00s Real=0.01s
[468.592s][info][gc,start       ] GC(841) Pause Young (Allocation Failure)
[468.596s][info][gc,heap        ] GC(841) PSYoungGen: 247295K(247296K)->2622K(238592K) Eden: 244736K(244736K)->0K(235520K) From: 2559K(2560K)->2622K(3072K)
[468.596s][info][gc,heap        ] GC(841) ParOldGen: 557294K(557568K)->557310K(557568K)
[468.596s][info][gc,metaspace   ] GC(841) Metaspace: 57561K(57856K)->57561K(57856K) NonClass: 51942K(52160K)->51942K(52160K) Class: 5619K(5696K)->5619K(5696K)
[468.596s][info][gc             ] GC(841) Pause Young (Allocation Failure) 785M->546M(777M) 4.336ms
[468.596s][info][gc,cpu         ] GC(841) User=0.01s Sys=0.00s Real=0.00s
[469.175s][info][gc,start       ] GC(842) Pause Young (Allocation Failure)
[469.178s][info][gc,heap        ] GC(842) PSYoungGen: 238142K(238592K)->1471K(228352K) Eden: 235520K(235520K)->0K(226816K) From: 2622K(3072K)->1471K(1536K)
[469.178s][info][gc,heap        ] GC(842) ParOldGen: 557310K(557568K)->557326K(557568K)
[469.178s][info][gc,metaspace   ] GC(842) Metaspace: 57561K(57856K)->57561K(57856K) NonClass: 51942K(52160K)->51942K(52160K) Class: 5619K(5696K)->5619K(5696K)
[469.178s][info][gc             ] GC(842) Pause Young (Allocation Failure) 776M->545M(767M) 3.408ms
[469.178s][info][gc,cpu         ] GC(842) User=0.01s Sys=0.00s Real=0.00s
[469.698s][info][gc,start       ] GC(843) Pause Young (Allocation Failure)
[469.702s][info][gc,heap        ] GC(843) PSYoungGen: 228287K(228352K)->2303K(221184K) Eden: 226816K(226816K)->0K(218624K) From: 1471K(1536K)->2303K(2560K)
[469.702s][info][gc,heap        ] GC(843) ParOldGen: 557326K(557568K)->557342K(557568K)
[469.702s][info][gc,metaspace   ] GC(843) Metaspace: 57561K(57856K)->57561K(57856K) NonClass: 51942K(52160K)->51942K(52160K) Class: 5619K(5696K)->5619K(5696K)
[469.702s][info][gc             ] GC(843) Pause Young (Allocation Failure) 767M->546M(760M) 4.412ms
[469.702s][info][gc,cpu         ] GC(843) User=0.01s Sys=0.00s Real=0.01s
[470.203s][info][gc,start       ] GC(844) Pause Young (Allocation Failure)
[470.207s][info][gc,heap        ] GC(844) PSYoungGen: 220927K(221184K)->1920K(212480K) Eden: 218624K(218624K)->0K(210432K) From: 2303K(2560K)->1920K(2048K)
[470.207s][info][gc,heap        ] GC(844) ParOldGen: 557342K(557568K)->557358K(557568K)
[470.207s][info][gc,metaspace   ] GC(844) Metaspace: 57561K(57856K)->57561K(57856K) NonClass: 51942K(52160K)->51942K(52160K) Class: 5619K(5696K)->5619K(5696K)
[470.207s][info][gc             ] GC(844) Pause Young (Allocation Failure) 760M->546M(752M) 4.394ms
[470.207s][info][gc,cpu         ] GC(844) User=0.01s Sys=0.00s Real=0.00s
[470.702s][info][gc,start       ] GC(845) Pause Young (Allocation Failure)
[470.707s][info][gc,heap        ] GC(845) PSYoungGen: 212352K(212480K)->2944K(205824K) Eden: 210432K(210432K)->0K(202752K) From: 1920K(2048K)->2944K(3072K)
[470.707s][info][gc,heap        ] GC(845) ParOldGen: 557358K(557568K)->557374K(557568K)
[470.707s][info][gc,metaspace   ] GC(845) Metaspace: 57561K(57856K)->57561K(57856K) NonClass: 51942K(52160K)->51942K(52160K) Class: 5619K(5696K)->5619K(5696K)
[470.707s][info][gc             ] GC(845) Pause Young (Allocation Failure) 751M->547M(745M) 5.530ms
[470.707s][info][gc,cpu         ] GC(845) User=0.01s Sys=0.00s Real=0.00s
[471.188s][info][gc,start       ] GC(846) Pause Young (Allocation Failure)
[471.193s][info][gc,heap        ] GC(846) PSYoungGen: 205696K(205824K)->2719K(198656K) Eden: 202752K(202752K)->0K(195584K) From: 2944K(3072K)->2719K(3072K)
[471.193s][info][gc,heap        ] GC(846) ParOldGen: 557374K(557568K)->557390K(557568K)
[471.193s][info][gc,metaspace   ] GC(846) Metaspace: 57561K(57856K)->57561K(57856K) NonClass: 51942K(52160K)->51942K(52160K) Class: 5619K(5696K)->5619K(5696K)
[471.193s][info][gc             ] GC(846) Pause Young (Allocation Failure) 745M->546M(738M) 5.009ms
[471.193s][info][gc,cpu         ] GC(846) User=0.01s Sys=0.00s Real=0.01s
[471.672s][info][gc,start       ] GC(847) Pause Young (Allocation Failure)
[471.674s][info][gc,heap        ] GC(847) PSYoungGen: 198303K(198656K)->679K(189952K) Eden: 195584K(195584K)->0K(188928K) From: 2719K(3072K)->679K(1024K)
[471.674s][info][gc,heap        ] GC(847) ParOldGen: 557390K(557568K)->557406K(557568K)
[471.674s][info][gc,metaspace   ] GC(847) Metaspace: 57561K(57856K)->57561K(57856K) NonClass: 51942K(52160K)->51942K(52160K) Class: 5619K(5696K)->5619K(5696K)
[471.674s][info][gc             ] GC(847) Pause Young (Allocation Failure) 737M->545M(730M) 2.751ms
[471.674s][info][gc,cpu         ] GC(847) User=0.01s Sys=0.00s Real=0.00s
[472.138s][info][gc,start       ] GC(848) Pause Young (Allocation Failure)
[472.142s][info][gc,heap        ] GC(848) PSYoungGen: 189607K(189952K)->1920K(184320K) Eden: 188928K(188928K)->0K(182272K) From: 679K(1024K)->1920K(2048K)
[472.142s][info][gc,heap        ] GC(848) ParOldGen: 557406K(557568K)->557422K(557568K)
[472.142s][info][gc,metaspace   ] GC(848) Metaspace: 57561K(57856K)->57561K(57856K) NonClass: 51942K(52160K)->51942K(52160K) Class: 5619K(5696K)->5619K(5696K)
[472.142s][info][gc             ] GC(848) Pause Young (Allocation Failure) 729M->546M(724M) 4.197ms
[472.142s][info][gc,cpu         ] GC(848) User=0.00s Sys=0.00s Real=0.01s
[472.503s][info][gc,start       ] GC(849) Pause Young (Allocation Failure)
[472.508s][info][gc,heap        ] GC(849) PSYoungGen: 184192K(184320K)->3263K(220672K) Eden: 182272K(182272K)->0K(217088K) From: 1920K(2048K)->3263K(3584K)
[472.508s][info][gc,heap        ] GC(849) ParOldGen: 557422K(557568K)->557438K(557568K)
[472.508s][info][gc,metaspace   ] GC(849) Metaspace: 57561K(57856K)->57561K(57856K) NonClass: 51942K(52160K)->51942K(52160K) Class: 5619K(5696K)->5619K(5696K)
[472.508s][info][gc             ] GC(849) Pause Young (Allocation Failure) 724M->547M(760M) 5.615ms
[472.508s][info][gc,cpu         ] GC(849) User=0.01s Sys=0.00s Real=0.00s
[473.007s][info][gc,start       ] GC(850) Pause Young (Allocation Failure)
[473.011s][info][gc,heap        ] GC(850) PSYoungGen: 220061K(220672K)->2112K(260608K) Eden: 216797K(217088K)->0K(258048K) From: 3263K(3584K)->2112K(2560K)
[473.011s][info][gc,heap        ] GC(850) ParOldGen: 557438K(557568K)->557454K(557568K)
[473.011s][info][gc,metaspace   ] GC(850) Metaspace: 57561K(57856K)->57561K(57856K) NonClass: 51942K(52160K)->51942K(52160K) Class: 5619K(5696K)->5619K(5696K)
[473.011s][info][gc             ] GC(850) Pause Young (Allocation Failure) 759M->546M(799M) 4.706ms
[473.011s][info][gc,cpu         ] GC(850) User=0.01s Sys=0.00s Real=0.01s
[473.619s][info][gc,start       ] GC(851) Pause Young (Allocation Failure)
[473.622s][info][gc,heap        ] GC(851) PSYoungGen: 260160K(260608K)->735K(249344K) Eden: 258048K(258048K)->0K(248320K) From: 2112K(2560K)->735K(1024K)
[473.622s][info][gc,heap        ] GC(851) ParOldGen: 557454K(557568K)->557470K(557568K)
[473.622s][info][gc,metaspace   ] GC(851) Metaspace: 57561K(57856K)->57561K(57856K) NonClass: 51942K(52160K)->51942K(52160K) Class: 5619K(5696K)->5619K(5696K)
[473.622s][info][gc             ] GC(851) Pause Young (Allocation Failure) 798M->545M(788M) 2.707ms
[473.622s][info][gc,cpu         ] GC(851) User=0.01s Sys=0.00s Real=0.01s
[474.235s][info][gc,start       ] GC(852) Pause Young (Allocation Failure)
[474.237s][info][gc,heap        ] GC(852) PSYoungGen: 249055K(249344K)->64K(239616K) Eden: 248320K(248320K)->0K(239104K) From: 735K(1024K)->64K(512K)
[474.237s][info][gc,heap        ] GC(852) ParOldGen: 557470K(557568K)->557486K(557568K)
[474.237s][info][gc,metaspace   ] GC(852) Metaspace: 57561K(57856K)->57561K(57856K) NonClass: 51942K(52160K)->51942K(52160K) Class: 5619K(5696K)->5619K(5696K)
[474.237s][info][gc             ] GC(852) Pause Young (Allocation Failure) 787M->544M(778M) 2.073ms
[474.237s][info][gc,cpu         ] GC(852) User=0.00s Sys=0.00s Real=0.00s
[474.795s][info][gc,start       ] GC(853) Pause Young (Allocation Failure)
[474.800s][info][gc,heap        ] GC(853) PSYoungGen: 239168K(239616K)->2655K(233472K) Eden: 239104K(239104K)->0K(230400K) From: 64K(512K)->2655K(3072K)
[474.800s][info][gc,heap        ] GC(853) ParOldGen: 557486K(557568K)->557502K(557568K)
[474.800s][info][gc,metaspace   ] GC(853) Metaspace: 57561K(57856K)->57561K(57856K) NonClass: 51942K(52160K)->51942K(52160K) Class: 5619K(5696K)->5619K(5696K)
[474.800s][info][gc             ] GC(853) Pause Young (Allocation Failure) 777M->547M(772M) 4.920ms
[474.800s][info][gc,cpu         ] GC(853) User=0.01s Sys=0.00s Real=0.00s
[475.375s][info][gc,start       ] GC(854) Pause Young (Allocation Failure)
[475.378s][info][gc,heap        ] GC(854) PSYoungGen: 233055K(233472K)->1087K(223232K) Eden: 230400K(230400K)->0K(221696K) From: 2655K(3072K)->1087K(1536K)
[475.378s][info][gc,heap        ] GC(854) ParOldGen: 557502K(557568K)->557518K(557568K)
[475.378s][info][gc,metaspace   ] GC(854) Metaspace: 57561K(57856K)->57561K(57856K) NonClass: 51942K(52160K)->51942K(52160K) Class: 5619K(5696K)->5619K(5696K)
[475.378s][info][gc             ] GC(854) Pause Young (Allocation Failure) 772M->545M(762M) 3.150ms
[475.378s][info][gc,cpu         ] GC(854) User=0.01s Sys=0.00s Real=0.00s
[475.889s][info][gc,start       ] GC(855) Pause Young (Allocation Failure)
[475.893s][info][gc,heap        ] GC(855) PSYoungGen: 222783K(223232K)->1856K(215552K) Eden: 221696K(221696K)->0K(213504K) From: 1087K(1536K)->1856K(2048K)
[475.893s][info][gc,heap        ] GC(855) ParOldGen: 557518K(557568K)->557534K(557568K)
[475.893s][info][gc,metaspace   ] GC(855) Metaspace: 57561K(57856K)->57561K(57856K) NonClass: 51942K(52160K)->51942K(52160K) Class: 5619K(5696K)->5619K(5696K)
[475.893s][info][gc             ] GC(855) Pause Young (Allocation Failure) 762M->546M(755M) 4.374ms
[475.893s][info][gc,cpu         ] GC(855) User=0.00s Sys=0.00s Real=0.01s
[476.494s][info][gc,start       ] GC(856) Pause Young (Allocation Failure)
[476.499s][info][gc,heap        ] GC(856) PSYoungGen: 215360K(215552K)->2431K(208384K) Eden: 213504K(213504K)->0K(205824K) From: 1856K(2048K)->2431K(2560K)
[476.499s][info][gc,heap        ] GC(856) ParOldGen: 557534K(557568K)->557550K(557568K)
[476.499s][info][gc,metaspace   ] GC(856) Metaspace: 57561K(57856K)->57561K(57856K) NonClass: 51942K(52160K)->51942K(52160K) Class: 5619K(5696K)->5619K(5696K)
[476.499s][info][gc             ] GC(856) Pause Young (Allocation Failure) 754M->546M(748M) 4.638ms
[476.499s][info][gc,cpu         ] GC(856) User=0.01s Sys=0.00s Real=0.00s
[476.986s][info][gc,start       ] GC(857) Pause Young (Allocation Failure)
[476.990s][info][gc,heap        ] GC(857) PSYoungGen: 208255K(208384K)->1568K(200704K) Eden: 205824K(205824K)->0K(198656K) From: 2431K(2560K)->1568K(2048K)
[476.990s][info][gc,heap        ] GC(857) ParOldGen: 557550K(557568K)->557566K(557568K)
[476.990s][info][gc,metaspace   ] GC(857) Metaspace: 57561K(57856K)->57561K(57856K) NonClass: 51942K(52160K)->51942K(52160K) Class: 5619K(5696K)->5619K(5696K)
[476.990s][info][gc             ] GC(857) Pause Young (Allocation Failure) 747M->546M(740M) 3.967ms
[476.990s][info][gc,cpu         ] GC(857) User=0.01s Sys=0.00s Real=0.00s
[477.475s][info][gc,start       ] GC(858) Pause Young (Allocation Failure)
[477.477s][info][gc,heap        ] GC(858) PSYoungGen: 200212K(200704K)->603K(192512K) Eden: 198644K(198656K)->0K(191488K) From: 1568K(2048K)->603K(1024K)
[477.477s][info][gc,heap        ] GC(858) ParOldGen: 557566K(557568K)->557582K(558080K)
[477.477s][info][gc,metaspace   ] GC(858) Metaspace: 57561K(57856K)->57561K(57856K) NonClass: 51942K(52160K)->51942K(52160K) Class: 5619K(5696K)->5619K(5696K)
[477.477s][info][gc             ] GC(858) Pause Young (Allocation Failure) 740M->545M(733M) 2.777ms
[477.477s][info][gc,cpu         ] GC(858) User=0.01s Sys=0.00s Real=0.00s
[477.895s][info][gc,start       ] GC(859) Pause Young (Allocation Failure)
[477.899s][info][gc,heap        ] GC(859) PSYoungGen: 192091K(192512K)->2687K(187904K) Eden: 191488K(191488K)->0K(184832K) From: 603K(1024K)->2687K(3072K)
[477.899s][info][gc,heap        ] GC(859) ParOldGen: 557582K(558080K)->557598K(558080K)
[477.899s][info][gc,metaspace   ] GC(859) Metaspace: 57561K(57856K)->57561K(57856K) NonClass: 51942K(52160K)->51942K(52160K) Class: 5619K(5696K)->5619K(5696K)
[477.899s][info][gc             ] GC(859) Pause Young (Allocation Failure) 732M->547M(728M) 4.841ms
[477.899s][info][gc,cpu         ] GC(859) User=0.01s Sys=0.00s Real=0.00s
[478.421s][info][gc,start       ] GC(860) Pause Young (Allocation Failure)
[478.424s][info][gc,heap        ] GC(860) PSYoungGen: 187519K(187904K)->609K(179712K) Eden: 184832K(184832K)->0K(178688K) From: 2687K(3072K)->609K(1024K)
[478.424s][info][gc,heap        ] GC(860) ParOldGen: 557598K(558080K)->557614K(558080K)
[478.424s][info][gc,metaspace   ] GC(860) Metaspace: 57561K(57856K)->57561K(57856K) NonClass: 51942K(52160K)->51942K(52160K) Class: 5619K(5696K)->5619K(5696K)
[478.424s][info][gc             ] GC(860) Pause Young (Allocation Failure) 727M->545M(720M) 2.811ms
[478.424s][info][gc,cpu         ] GC(860) User=0.01s Sys=0.00s Real=0.01s
[478.781s][info][gc,start       ] GC(861) Pause Young (Allocation Failure)
[478.785s][info][gc,heap        ] GC(861) PSYoungGen: 179297K(179712K)->2079K(175104K) Eden: 178688K(178688K)->0K(172544K) From: 609K(1024K)->2079K(2560K)
[478.785s][info][gc,heap        ] GC(861) ParOldGen: 557614K(558080K)->557630K(558080K)
[478.785s][info][gc,metaspace   ] GC(861) Metaspace: 57561K(57856K)->57561K(57856K) NonClass: 51942K(52160K)->51942K(52160K) Class: 5619K(5696K)->5619K(5696K)
[478.786s][info][gc             ] GC(861) Pause Young (Allocation Failure) 719M->546M(716M) 4.194ms
[478.786s][info][gc,cpu         ] GC(861) User=0.00s Sys=0.00s Real=0.00s
[479.184s][info][gc,start       ] GC(862) Pause Young (Allocation Failure)
[479.188s][info][gc,heap        ] GC(862) PSYoungGen: 174430K(175104K)->1312K(168448K) Eden: 172351K(172544K)->0K(166912K) From: 2079K(2560K)->1312K(1536K)
[479.188s][info][gc,heap        ] GC(862) ParOldGen: 557630K(558080K)->557646K(558080K)
[479.188s][info][gc,metaspace   ] GC(862) Metaspace: 57561K(57856K)->57561K(57856K) NonClass: 51942K(52160K)->51942K(52160K) Class: 5619K(5696K)->5619K(5696K)
[479.188s][info][gc             ] GC(862) Pause Young (Allocation Failure) 714M->545M(709M) 3.575ms
[479.188s][info][gc,cpu         ] GC(862) User=0.01s Sys=0.00s Real=0.00s
[479.587s][info][gc,start       ] GC(863) Pause Young (Allocation Failure)
[479.591s][info][gc,heap        ] GC(863) PSYoungGen: 168224K(168448K)->2431K(163840K) Eden: 166912K(166912K)->0K(161280K) From: 1312K(1536K)->2431K(2560K)
[479.591s][info][gc,heap        ] GC(863) ParOldGen: 557646K(558080K)->557662K(558080K)
[479.591s][info][gc,metaspace   ] GC(863) Metaspace: 57561K(57856K)->57561K(57856K) NonClass: 51942K(52160K)->51942K(52160K) Class: 5619K(5696K)->5619K(5696K)
[479.591s][info][gc             ] GC(863) Pause Young (Allocation Failure) 708M->546M(705M) 4.654ms
[479.591s][info][gc,cpu         ] GC(863) User=0.01s Sys=0.00s Real=0.01s
[479.975s][info][gc,start       ] GC(864) Pause Young (Allocation Failure)
[479.978s][info][gc,heap        ] GC(864) PSYoungGen: 163711K(163840K)->1318K(157696K) Eden: 161280K(161280K)->0K(156160K) From: 2431K(2560K)->1318K(1536K)
[479.978s][info][gc,heap        ] GC(864) ParOldGen: 557662K(558080K)->557678K(558080K)
[479.978s][info][gc,metaspace   ] GC(864) Metaspace: 57561K(57856K)->57561K(57856K) NonClass: 51942K(52160K)->51942K(52160K) Class: 5619K(5696K)->5619K(5696K)
[479.978s][info][gc             ] GC(864) Pause Young (Allocation Failure) 704M->545M(699M) 3.453ms
[479.978s][info][gc,cpu         ] GC(864) User=0.01s Sys=0.00s Real=0.00s
[480.310s][info][gc,start       ] GC(865) Pause Young (Allocation Failure)
[480.314s][info][gc,heap        ] GC(865) PSYoungGen: 157478K(157696K)->2015K(153088K) Eden: 156160K(156160K)->0K(151040K) From: 1318K(1536K)->2015K(2048K)
[480.314s][info][gc,heap        ] GC(865) ParOldGen: 557678K(558080K)->557694K(558080K)
[480.314s][info][gc,metaspace   ] GC(865) Metaspace: 57561K(57856K)->57561K(57856K) NonClass: 51942K(52160K)->51942K(52160K) Class: 5619K(5696K)->5619K(5696K)
[480.314s][info][gc             ] GC(865) Pause Young (Allocation Failure) 698M->546M(694M) 4.296ms
[480.314s][info][gc,cpu         ] GC(865) User=0.01s Sys=0.00s Real=0.01s
[480.691s][info][gc,start       ] GC(866) Pause Young (Allocation Failure)
[480.695s][info][gc,heap        ] GC(866) PSYoungGen: 153055K(153088K)->2463K(182272K) Eden: 151040K(151040K)->0K(179712K) From: 2015K(2048K)->2463K(2560K)
[480.695s][info][gc,heap        ] GC(866) ParOldGen: 557694K(558080K)->557710K(558080K)
[480.695s][info][gc,metaspace   ] GC(866) Metaspace: 57561K(57856K)->57561K(57856K) NonClass: 51942K(52160K)->51942K(52160K) Class: 5619K(5696K)->5619K(5696K)
[480.695s][info][gc             ] GC(866) Pause Young (Allocation Failure) 694M->547M(723M) 4.645ms
[480.695s][info][gc,cpu         ] GC(866) User=0.01s Sys=0.00s Real=0.01s
[481.098s][info][gc,start       ] GC(867) Pause Young (Allocation Failure)
[481.104s][info][gc,heap        ] GC(867) PSYoungGen: 182175K(182272K)->3071K(217088K) Eden: 179712K(179712K)->0K(214016K) From: 2463K(2560K)->3071K(3072K)
[481.104s][info][gc,heap        ] GC(867) ParOldGen: 557710K(558080K)->557726K(558080K)
[481.104s][info][gc,metaspace   ] GC(867) Metaspace: 57561K(57856K)->57561K(57856K) NonClass: 51942K(52160K)->51942K(52160K) Class: 5619K(5696K)->5619K(5696K)
[481.104s][info][gc             ] GC(867) Pause Young (Allocation Failure) 722M->547M(757M) 5.232ms
[481.104s][info][gc,cpu         ] GC(867) User=0.01s Sys=0.00s Real=0.01s
[481.609s][info][gc,start       ] GC(868) Pause Young (Allocation Failure)
[481.613s][info][gc,heap        ] GC(868) PSYoungGen: 217087K(217088K)->1855K(256512K) Eden: 214016K(214016K)->0K(254464K) From: 3071K(3072K)->1855K(2048K)
[481.613s][info][gc,heap        ] GC(868) ParOldGen: 557726K(558080K)->557742K(558080K)
[481.613s][info][gc,metaspace   ] GC(868) Metaspace: 57561K(57856K)->57561K(57856K) NonClass: 51942K(52160K)->51942K(52160K) Class: 5619K(5696K)->5619K(5696K)
[481.613s][info][gc             ] GC(868) Pause Young (Allocation Failure) 756M->546M(795M) 4.041ms
[481.613s][info][gc,cpu         ] GC(868) User=0.01s Sys=0.00s Real=0.01s
[482.207s][info][gc,start       ] GC(869) Pause Young (Allocation Failure)
[482.212s][info][gc,heap        ] GC(869) PSYoungGen: 256319K(256512K)->2815K(264192K) Eden: 254464K(254464K)->0K(260608K) From: 1855K(2048K)->2815K(3584K)
[482.212s][info][gc,heap        ] GC(869) ParOldGen: 557742K(558080K)->557758K(558080K)
[482.212s][info][gc,metaspace   ] GC(869) Metaspace: 57561K(57856K)->57561K(57856K) NonClass: 51942K(52160K)->51942K(52160K) Class: 5619K(5696K)->5619K(5696K)
[482.212s][info][gc             ] GC(869) Pause Young (Allocation Failure) 794M->547M(803M) 5.283ms
[482.212s][info][gc,cpu         ] GC(869) User=0.01s Sys=0.00s Real=0.01s
[482.819s][info][gc,start       ] GC(870) Pause Young (Allocation Failure)
[482.823s][info][gc,heap        ] GC(870) PSYoungGen: 263423K(264192K)->1279K(252416K) Eden: 260608K(260608K)->0K(250880K) From: 2815K(3584K)->1279K(1536K)
[482.823s][info][gc,heap        ] GC(870) ParOldGen: 557758K(558080K)->557774K(558080K)
[482.823s][info][gc,metaspace   ] GC(870) Metaspace: 57561K(57856K)->57561K(57856K) NonClass: 51942K(52160K)->51942K(52160K) Class: 5619K(5696K)->5619K(5696K)
[482.823s][info][gc             ] GC(870) Pause Young (Allocation Failure) 801M->545M(791M) 3.486ms
[482.823s][info][gc,cpu         ] GC(870) User=0.01s Sys=0.00s Real=0.01s
[483.418s][info][gc,start       ] GC(871) Pause Young (Allocation Failure)
[483.421s][info][gc,heap        ] GC(871) PSYoungGen: 251966K(252416K)->960K(242176K) Eden: 250687K(250880K)->0K(241152K) From: 1279K(1536K)->960K(1024K)
[483.421s][info][gc,heap        ] GC(871) ParOldGen: 557774K(558080K)->557790K(558080K)
[483.421s][info][gc,metaspace   ] GC(871) Metaspace: 57561K(57856K)->57561K(57856K) NonClass: 51942K(52160K)->51942K(52160K) Class: 5619K(5696K)->5619K(5696K)
[483.421s][info][gc             ] GC(871) Pause Young (Allocation Failure) 790M->545M(781M) 3.369ms
[483.421s][info][gc,cpu         ] GC(871) User=0.01s Sys=0.00s Real=0.01s
[483.999s][info][gc,start       ] GC(872) Pause Young (Allocation Failure)
[484.004s][info][gc,heap        ] GC(872) PSYoungGen: 242111K(242176K)->2623K(235008K) Eden: 241151K(241152K)->0K(231936K) From: 960K(1024K)->2623K(3072K)
[484.004s][info][gc,heap        ] GC(872) ParOldGen: 557790K(558080K)->557806K(558080K)
[484.004s][info][gc,metaspace   ] GC(872) Metaspace: 57561K(57856K)->57561K(57856K) NonClass: 51942K(52160K)->51942K(52160K) Class: 5619K(5696K)->5619K(5696K)
[484.004s][info][gc             ] GC(872) Pause Young (Allocation Failure) 781M->547M(774M) 4.767ms
[484.004s][info][gc,cpu         ] GC(872) User=0.01s Sys=0.00s Real=0.01s
[484.571s][info][gc,start       ] GC(873) Pause Young (Allocation Failure)
[484.573s][info][gc,heap        ] GC(873) PSYoungGen: 234559K(235008K)->473K(223744K) Eden: 231936K(231936K)->0K(223232K) From: 2623K(3072K)->473K(512K)
[484.573s][info][gc,heap        ] GC(873) ParOldGen: 557806K(558080K)->557822K(558080K)
[484.573s][info][gc,metaspace   ] GC(873) Metaspace: 57561K(57856K)->57561K(57856K) NonClass: 51942K(52160K)->51942K(52160K) Class: 5619K(5696K)->5619K(5696K)
[484.573s][info][gc             ] GC(873) Pause Young (Allocation Failure) 773M->545M(763M) 2.731ms
[484.573s][info][gc,cpu         ] GC(873) User=0.00s Sys=0.00s Real=0.01s
[485.086s][info][gc,start       ] GC(874) Pause Young (Allocation Failure)
[485.131s][info][gc,heap        ] GC(874) PSYoungGen: 213055K(223744K)->64K(254976K) Eden: 212582K(223232K)->0K(250880K) From: 473K(512K)->64K(4096K)
[485.131s][info][gc,heap        ] GC(874) ParOldGen: 557822K(558080K)->596901K(597504K)
[485.131s][info][gc,metaspace   ] GC(874) Metaspace: 57563K(57856K)->57563K(57856K) NonClass: 51944K(52160K)->51944K(52160K) Class: 5619K(5696K)->5619K(5696K)
[485.131s][info][gc             ] GC(874) Pause Young (Allocation Failure) 752M->582M(832M) 45.191ms
[485.131s][info][gc,cpu         ] GC(874) User=0.06s Sys=0.02s Real=0.05s
[487.695s][info][gc,start       ] GC(875) Pause Young (Allocation Failure)
[487.750s][info][gc,promotion   ] GC(875) Promotion failed
[487.750s][info][gc,heap        ] GC(875) PSYoungGen: 250685K(254976K)->250685K(254976K) Eden: 250621K(250880K)->250621K(250880K) From: 64K(4096K)->64K(4096K)
[487.750s][info][gc,heap        ] GC(875) ParOldGen: 596901K(597504K)->656985K(667648K)
[487.750s][info][gc,metaspace   ] GC(875) Metaspace: 57718K(58048K)->57718K(58048K) NonClass: 52098K(52352K)->52098K(52352K) Class: 5619K(5696K)->5619K(5696K)
[487.751s][info][gc             ] GC(875) Pause Young (Allocation Failure) 827M->886M(901M) 55.346ms
[487.751s][info][gc,cpu         ] GC(875) User=0.06s Sys=0.05s Real=0.05s
[487.751s][info][gc,start       ] GC(876) Pause Full (Allocation Failure)
[487.751s][info][gc,phases,start] GC(876) Marking Phase
[487.791s][info][gc,phases      ] GC(876) Marking Phase 40.128ms
[487.791s][info][gc,phases,start] GC(876) Summary Phase
[487.791s][info][gc,phases      ] GC(876) Summary Phase 0.042ms
[487.791s][info][gc,phases,start] GC(876) Forward
[487.794s][info][gc,phases      ] GC(876) Forward 3.123ms
[487.794s][info][gc,phases,start] GC(876) Adjust Pointers
[487.817s][info][gc,phases      ] GC(876) Adjust Pointers 23.301ms
[487.817s][info][gc,phases,start] GC(876) Compaction Phase
[487.837s][info][gc,phases      ] GC(876) Compaction Phase 19.763ms
[487.837s][info][gc,phases,start] GC(876) Post Compact
[487.840s][info][gc,phases      ] GC(876) Post Compact 2.824ms
[487.865s][info][gc,heap        ] GC(876) PSYoungGen: 250685K(254976K)->0K(271360K) Eden: 250621K(250880K)->0K(267264K) From: 64K(4096K)->0K(4096K)
[487.865s][info][gc,heap        ] GC(876) ParOldGen: 656985K(667648K)->288557K(376832K)
[487.865s][info][gc,metaspace   ] GC(876) Metaspace: 57718K(58048K)->57718K(58048K) NonClass: 52098K(52352K)->52098K(52352K) Class: 5619K(5696K)->5619K(5696K)
[487.865s][info][gc             ] GC(876) Pause Full (Allocation Failure) 886M->281M(633M) 114.034ms
[487.865s][info][gc,cpu         ] GC(876) User=0.14s Sys=0.02s Real=0.12s
[488.475s][info][gc,start       ] GC(877) Pause Young (Allocation Failure)
[488.478s][info][gc,heap        ] GC(877) PSYoungGen: 267264K(271360K)->922K(271360K) Eden: 267264K(267264K)->0K(267264K) From: 0K(4096K)->922K(4096K)
[488.478s][info][gc,heap        ] GC(877) ParOldGen: 288557K(376832K)->288557K(376832K)
[488.478s][info][gc,metaspace   ] GC(877) Metaspace: 57718K(58048K)->57718K(58048K) NonClass: 52098K(52352K)->52098K(52352K) Class: 5619K(5696K)->5619K(5696K)
[488.478s][info][gc             ] GC(877) Pause Young (Allocation Failure) 542M->282M(633M) 2.762ms
[488.478s][info][gc,cpu         ] GC(877) User=0.01s Sys=0.00s Real=0.00s
[489.089s][info][gc,start       ] GC(878) Pause Young (Allocation Failure)
[489.095s][info][gc,heap        ] GC(878) PSYoungGen: 268186K(271360K)->2622K(323584K) Eden: 267264K(267264K)->0K(319488K) From: 922K(4096K)->2622K(4096K)
[489.095s][info][gc,heap        ] GC(878) ParOldGen: 288557K(376832K)->288948K(376832K)
[489.095s][info][gc,metaspace   ] GC(878) Metaspace: 57718K(58048K)->57718K(58048K) NonClass: 52098K(52352K)->52098K(52352K) Class: 5619K(5696K)->5619K(5696K)
[489.095s][info][gc             ] GC(878) Pause Young (Allocation Failure) 543M->284M(684M) 5.556ms
[489.095s][info][gc,cpu         ] GC(878) User=0.01s Sys=0.00s Real=0.01s
[489.876s][info][gc,start       ] GC(879) Pause Young (Allocation Failure)
[489.879s][info][gc,heap        ] GC(879) PSYoungGen: 322110K(323584K)->1246K(323584K) Eden: 319488K(319488K)->0K(319488K) From: 2622K(4096K)->1246K(4096K)
[489.879s][info][gc,heap        ] GC(879) ParOldGen: 288948K(376832K)->288964K(376832K)
[489.879s][info][gc,metaspace   ] GC(879) Metaspace: 57718K(58048K)->57718K(58048K) NonClass: 52098K(52352K)->52098K(52352K) Class: 5619K(5696K)->5619K(5696K)
[489.879s][info][gc             ] GC(879) Pause Young (Allocation Failure) 596M->283M(684M) 2.714ms
[489.879s][info][gc,cpu         ] GC(879) User=0.00s Sys=0.00s Real=0.00s
[490.601s][info][gc,start       ] GC(880) Pause Young (Allocation Failure)
[490.607s][info][gc,heap        ] GC(880) PSYoungGen: 320734K(323584K)->3487K(328704K) Eden: 319488K(319488K)->0K(324608K) From: 1246K(4096K)->3487K(4096K)
[490.607s][info][gc,heap        ] GC(880) ParOldGen: 288964K(376832K)->288980K(376832K)
[490.607s][info][gc,metaspace   ] GC(880) Metaspace: 57719K(58048K)->57719K(58048K) NonClass: 52099K(52352K)->52099K(52352K) Class: 5619K(5696K)->5619K(5696K)
[490.607s][info][gc             ] GC(880) Pause Young (Allocation Failure) 595M->285M(689M) 6.889ms
[490.607s][info][gc,cpu         ] GC(880) User=0.01s Sys=0.00s Real=0.01s
[491.388s][info][gc,start       ] GC(881) Pause Young (Allocation Failure)
[491.408s][info][gc,heap        ] GC(881) PSYoungGen: 328095K(328704K)->2239K(329216K) Eden: 324608K(324608K)->0K(324608K) From: 3487K(4096K)->2239K(4608K)
[491.408s][info][gc,heap        ] GC(881) ParOldGen: 288980K(376832K)->288996K(376832K)
[491.408s][info][gc,metaspace   ] GC(881) Metaspace: 57719K(58048K)->57719K(58048K) NonClass: 52099K(52352K)->52099K(52352K) Class: 5619K(5696K)->5619K(5696K)
[491.408s][info][gc             ] GC(881) Pause Young (Allocation Failure) 602M->284M(689M) 19.697ms
[491.408s][info][gc,cpu         ] GC(881) User=0.01s Sys=0.00s Real=0.02s
[492.114s][info][gc,start       ] GC(882) Pause Young (Allocation Failure)
[492.117s][info][gc,heap        ] GC(882) PSYoungGen: 326777K(329216K)->928K(329216K) Eden: 324538K(324608K)->0K(324608K) From: 2239K(4608K)->928K(4608K)
[492.117s][info][gc,heap        ] GC(882) ParOldGen: 288996K(376832K)->289012K(376832K)
[492.117s][info][gc,metaspace   ] GC(882) Metaspace: 57719K(58048K)->57719K(58048K) NonClass: 52099K(52352K)->52099K(52352K) Class: 5619K(5696K)->5619K(5696K)
[492.117s][info][gc             ] GC(882) Pause Young (Allocation Failure) 601M->283M(689M) 2.930ms
[492.117s][info][gc,cpu         ] GC(882) User=0.01s Sys=0.00s Real=0.00s
[492.899s][info][gc,start       ] GC(883) Pause Young (Allocation Failure)
[492.904s][info][gc,heap        ] GC(883) PSYoungGen: 325536K(329216K)->2496K(329216K) Eden: 324608K(324608K)->0K(324608K) From: 928K(4608K)->2496K(4608K)
[492.904s][info][gc,heap        ] GC(883) ParOldGen: 289012K(376832K)->289028K(376832K)
[492.904s][info][gc,metaspace   ] GC(883) Metaspace: 57719K(58048K)->57719K(58048K) NonClass: 52099K(52352K)->52099K(52352K) Class: 5619K(5696K)->5619K(5696K)
[492.904s][info][gc             ] GC(883) Pause Young (Allocation Failure) 600M->284M(689M) 4.567ms
[492.904s][info][gc,cpu         ] GC(883) User=0.01s Sys=0.00s Real=0.01s
[493.683s][info][gc,start       ] GC(884) Pause Young (Allocation Failure)
[493.687s][info][gc,heap        ] GC(884) PSYoungGen: 327104K(329216K)->1887K(313856K) Eden: 324608K(324608K)->0K(311808K) From: 2496K(4608K)->1887K(2048K)
[493.687s][info][gc,heap        ] GC(884) ParOldGen: 289028K(376832K)->289044K(376832K)
[493.687s][info][gc,metaspace   ] GC(884) Metaspace: 57719K(58048K)->57719K(58048K) NonClass: 52099K(52352K)->52099K(52352K) Class: 5619K(5696K)->5619K(5696K)
[493.687s][info][gc             ] GC(884) Pause Young (Allocation Failure) 601M->284M(674M) 3.560ms
[493.687s][info][gc,cpu         ] GC(884) User=0.01s Sys=0.00s Real=0.00s
[494.401s][info][gc,start       ] GC(885) Pause Young (Allocation Failure)
[494.406s][info][gc,heap        ] GC(885) PSYoungGen: 313434K(313856K)->2688K(302592K) Eden: 311547K(311808K)->0K(299520K) From: 1887K(2048K)->2688K(3072K)
[494.406s][info][gc,heap        ] GC(885) ParOldGen: 289044K(376832K)->289060K(376832K)
[494.406s][info][gc,metaspace   ] GC(885) Metaspace: 57719K(58048K)->57719K(58048K) NonClass: 52099K(52352K)->52099K(52352K) Class: 5619K(5696K)->5619K(5696K)
[494.406s][info][gc             ] GC(885) Pause Young (Allocation Failure) 588M->284M(663M) 5.003ms
[494.406s][info][gc,cpu         ] GC(885) User=0.01s Sys=0.00s Real=0.01s
[495.139s][info][gc,start       ] GC(886) Pause Young (Allocation Failure)
[495.143s][info][gc,heap        ] GC(886) PSYoungGen: 302208K(302592K)->1824K(289792K) Eden: 299520K(299520K)->0K(287744K) From: 2688K(3072K)->1824K(2048K)
[495.143s][info][gc,heap        ] GC(886) ParOldGen: 289060K(376832K)->289076K(376832K)
[495.143s][info][gc,metaspace   ] GC(886) Metaspace: 57719K(58048K)->57719K(58048K) NonClass: 52099K(52352K)->52099K(52352K) Class: 5619K(5696K)->5619K(5696K)
[495.143s][info][gc             ] GC(886) Pause Young (Allocation Failure) 577M->284M(651M) 4.090ms
[495.143s][info][gc,cpu         ] GC(886) User=0.01s Sys=0.00s Real=0.01s
[495.800s][info][gc,start       ] GC(887) Pause Young (Allocation Failure)
[495.804s][info][gc,heap        ] GC(887) PSYoungGen: 289568K(289792K)->2591K(279552K) Eden: 287744K(287744K)->0K(276480K) From: 1824K(2048K)->2591K(3072K)
[495.804s][info][gc,heap        ] GC(887) ParOldGen: 289076K(376832K)->289092K(376832K)
[495.804s][info][gc,metaspace   ] GC(887) Metaspace: 57719K(58048K)->57719K(58048K) NonClass: 52099K(52352K)->52099K(52352K) Class: 5619K(5696K)->5619K(5696K)
[495.804s][info][gc             ] GC(887) Pause Young (Allocation Failure) 565M->284M(641M) 4.416ms
[495.804s][info][gc,cpu         ] GC(887) User=0.01s Sys=0.00s Real=0.01s
[496.477s][info][gc,start       ] GC(888) Pause Young (Allocation Failure)
[496.480s][info][gc,heap        ] GC(888) PSYoungGen: 278897K(279552K)->1056K(267264K) Eden: 276306K(276480K)->0K(265728K) From: 2591K(3072K)->1056K(1536K)
[496.480s][info][gc,heap        ] GC(888) ParOldGen: 289092K(376832K)->289108K(376832K)
[496.480s][info][gc,metaspace   ] GC(888) Metaspace: 57719K(58048K)->57719K(58048K) NonClass: 52099K(52352K)->52099K(52352K) Class: 5619K(5696K)->5619K(5696K)
[496.480s][info][gc             ] GC(888) Pause Young (Allocation Failure) 554M->283M(629M) 2.960ms
[496.480s][info][gc,cpu         ] GC(888) User=0.00s Sys=0.00s Real=0.00s
[497.087s][info][gc,start       ] GC(889) Pause Young (Allocation Failure)
[497.091s][info][gc,heap        ] GC(889) PSYoungGen: 266475K(267264K)->2208K(258048K) Eden: 265419K(265728K)->0K(255488K) From: 1056K(1536K)->2208K(2560K)
[497.091s][info][gc,heap        ] GC(889) ParOldGen: 289108K(376832K)->289124K(376832K)
[497.091s][info][gc,metaspace   ] GC(889) Metaspace: 57720K(58048K)->57720K(58048K) NonClass: 52100K(52352K)->52100K(52352K) Class: 5619K(5696K)->5619K(5696K)
[497.091s][info][gc             ] GC(889) Pause Young (Allocation Failure) 542M->284M(620M) 4.368ms
[497.091s][info][gc,cpu         ] GC(889) User=0.01s Sys=0.00s Real=0.01s
[497.690s][info][gc,start       ] GC(890) Pause Young (Allocation Failure)
[497.694s][info][gc,heap        ] GC(890) PSYoungGen: 257696K(258048K)->2272K(248320K) Eden: 255488K(255488K)->0K(245760K) From: 2208K(2560K)->2272K(2560K)
[497.694s][info][gc,heap        ] GC(890) ParOldGen: 289124K(376832K)->289140K(376832K)
[497.694s][info][gc,metaspace   ] GC(890) Metaspace: 57720K(58048K)->57720K(58048K) NonClass: 52100K(52352K)->52100K(52352K) Class: 5619K(5696K)->5619K(5696K)
[497.695s][info][gc             ] GC(890) Pause Young (Allocation Failure) 534M->284M(610M) 4.354ms
[497.695s][info][gc,cpu         ] GC(890) User=0.01s Sys=0.00s Real=0.01s
[498.280s][info][gc,start       ] GC(891) Pause Young (Allocation Failure)
[498.283s][info][gc,heap        ] GC(891) PSYoungGen: 248032K(248320K)->1727K(238592K) Eden: 245760K(245760K)->0K(236544K) From: 2272K(2560K)->1727K(2048K)
[498.283s][info][gc,heap        ] GC(891) ParOldGen: 289140K(376832K)->289156K(376832K)
[498.283s][info][gc,metaspace   ] GC(891) Metaspace: 57720K(58048K)->57720K(58048K) NonClass: 52100K(52352K)->52100K(52352K) Class: 5619K(5696K)->5619K(5696K)
[498.283s][info][gc             ] GC(891) Pause Young (Allocation Failure) 524M->284M(601M) 3.389ms
[498.283s][info][gc,cpu         ] GC(891) User=0.01s Sys=0.00s Real=0.01s
[498.804s][info][gc,start       ] GC(892) Pause Young (Allocation Failure)
[498.808s][info][gc,heap        ] GC(892) PSYoungGen: 238271K(238592K)->2239K(230400K) Eden: 236544K(236544K)->0K(227840K) From: 1727K(2048K)->2239K(2560K)
[498.808s][info][gc,heap        ] GC(892) ParOldGen: 289156K(376832K)->289172K(376832K)
[498.808s][info][gc,metaspace   ] GC(892) Metaspace: 57720K(58048K)->57720K(58048K) NonClass: 52100K(52352K)->52100K(52352K) Class: 5619K(5696K)->5619K(5696K)
[498.808s][info][gc             ] GC(892) Pause Young (Allocation Failure) 515M->284M(593M) 4.049ms
[498.808s][info][gc,cpu         ] GC(892) User=0.00s Sys=0.00s Real=0.00s
[499.432s][info][gc,start       ] GC(893) Pause Young (Allocation Failure)
[499.434s][info][gc,heap        ] GC(893) PSYoungGen: 230079K(230400K)->704K(220672K) Eden: 227840K(227840K)->0K(219648K) From: 2239K(2560K)->704K(1024K)
[499.435s][info][gc,heap        ] GC(893) ParOldGen: 289172K(376832K)->289188K(376832K)
[499.435s][info][gc,metaspace   ] GC(893) Metaspace: 57720K(58048K)->57720K(58048K) NonClass: 52100K(52352K)->52100K(52352K) Class: 5619K(5696K)->5619K(5696K)
[499.435s][info][gc             ] GC(893) Pause Young (Allocation Failure) 507M->283M(583M) 2.373ms
[499.435s][info][gc,cpu         ] GC(893) User=0.00s Sys=0.00s Real=0.00s
[499.884s][info][gc,start       ] GC(894) Pause Young (Allocation Failure)
[499.888s][info][gc,heap        ] GC(894) PSYoungGen: 220352K(220672K)->2143K(214016K) Eden: 219648K(219648K)->0K(211456K) From: 704K(1024K)->2143K(2560K)
[499.888s][info][gc,heap        ] GC(894) ParOldGen: 289188K(376832K)->289204K(376832K)
[499.888s][info][gc,metaspace   ] GC(894) Metaspace: 57720K(58048K)->57720K(58048K) NonClass: 52100K(52352K)->52100K(52352K) Class: 5619K(5696K)->5619K(5696K)
[499.888s][info][gc             ] GC(894) Pause Young (Allocation Failure) 497M->284M(577M) 3.798ms
[499.888s][info][gc,cpu         ] GC(894) User=0.01s Sys=0.00s Real=0.00s
[500.426s][info][gc,start       ] GC(895) Pause Young (Allocation Failure)
[500.429s][info][gc,heap        ] GC(895) PSYoungGen: 213599K(214016K)->1023K(204800K) Eden: 211456K(211456K)->0K(203776K) From: 2143K(2560K)->1023K(1024K)
[500.429s][info][gc,heap        ] GC(895) ParOldGen: 289204K(376832K)->289220K(376832K)
[500.429s][info][gc,metaspace   ] GC(895) Metaspace: 57720K(58048K)->57720K(58048K) NonClass: 52100K(52352K)->52100K(52352K) Class: 5619K(5696K)->5619K(5696K)
[500.429s][info][gc             ] GC(895) Pause Young (Allocation Failure) 491M->283M(568M) 2.547ms
[500.429s][info][gc,cpu         ] GC(895) User=0.01s Sys=0.00s Real=0.00s
[500.887s][info][gc,start       ] GC(896) Pause Young (Allocation Failure)
[500.891s][info][gc,heap        ] GC(896) PSYoungGen: 204799K(204800K)->1888K(198656K) Eden: 203776K(203776K)->0K(196608K) From: 1023K(1024K)->1888K(2048K)
[500.891s][info][gc,heap        ] GC(896) ParOldGen: 289220K(376832K)->289236K(376832K)
[500.891s][info][gc,metaspace   ] GC(896) Metaspace: 57720K(58048K)->57720K(58048K) NonClass: 52100K(52352K)->52100K(52352K) Class: 5619K(5696K)->5619K(5696K)
[500.891s][info][gc             ] GC(896) Pause Young (Allocation Failure) 482M->284M(562M) 3.856ms
[500.891s][info][gc,cpu         ] GC(896) User=0.01s Sys=0.00s Real=0.01s
[501.323s][info][gc,start       ] GC(897) Pause Young (Allocation Failure)
[501.325s][info][gc,heap        ] GC(897) PSYoungGen: 198496K(198656K)->475K(190464K) Eden: 196608K(196608K)->0K(189952K) From: 1888K(2048K)->475K(512K)
[501.325s][info][gc,heap        ] GC(897) ParOldGen: 289236K(376832K)->289252K(376832K)
[501.325s][info][gc,metaspace   ] GC(897) Metaspace: 57720K(58048K)->57720K(58048K) NonClass: 52100K(52352K)->52100K(52352K) Class: 5619K(5696K)->5619K(5696K)
[501.325s][info][gc             ] GC(897) Pause Young (Allocation Failure) 476M->282M(554M) 2.004ms
[501.325s][info][gc,cpu         ] GC(897) User=0.00s Sys=0.00s Real=0.00s
[501.795s][info][gc,start       ] GC(898) Pause Young (Allocation Failure)
[501.799s][info][gc,heap        ] GC(898) PSYoungGen: 190427K(190464K)->2592K(186368K) Eden: 189952K(189952K)->0K(183296K) From: 475K(512K)->2592K(3072K)
[501.799s][info][gc,heap        ] GC(898) ParOldGen: 289252K(376832K)->289268K(376832K)
[501.799s][info][gc,metaspace   ] GC(898) Metaspace: 57720K(58048K)->57720K(58048K) NonClass: 52100K(52352K)->52100K(52352K) Class: 5619K(5696K)->5619K(5696K)
[501.799s][info][gc             ] GC(898) Pause Young (Allocation Failure) 468M->285M(550M) 4.631ms
[501.799s][info][gc,cpu         ] GC(898) User=0.01s Sys=0.00s Real=0.00s
[502.207s][info][gc,start       ] GC(899) Pause Young (Allocation Failure)
[502.211s][info][gc,heap        ] GC(899) PSYoungGen: 185742K(186368K)->1952K(179200K) Eden: 183150K(183296K)->0K(177152K) From: 2592K(3072K)->1952K(2048K)
[502.211s][info][gc,heap        ] GC(899) ParOldGen: 289268K(376832K)->289284K(376832K)
[502.211s][info][gc,metaspace   ] GC(899) Metaspace: 57720K(58048K)->57720K(58048K) NonClass: 52100K(52352K)->52100K(52352K) Class: 5619K(5696K)->5619K(5696K)
[502.211s][info][gc             ] GC(899) Pause Young (Allocation Failure) 463M->284M(543M) 4.208ms
[502.212s][info][gc,cpu         ] GC(899) User=0.01s Sys=0.00s Real=0.01s
[502.636s][info][gc,start       ] GC(900) Pause Young (Allocation Failure)
[502.638s][info][gc,heap        ] GC(900) PSYoungGen: 179104K(179200K)->799K(172032K) Eden: 177152K(177152K)->0K(171008K) From: 1952K(2048K)->799K(1024K)
[502.638s][info][gc,heap        ] GC(900) ParOldGen: 289284K(376832K)->289300K(376832K)
[502.638s][info][gc,metaspace   ] GC(900) Metaspace: 57720K(58048K)->57720K(58048K) NonClass: 52100K(52352K)->52100K(52352K) Class: 5619K(5696K)->5619K(5696K)
[502.638s][info][gc             ] GC(900) Pause Young (Allocation Failure) 457M->283M(536M) 2.417ms
[502.638s][info][gc,cpu         ] GC(900) User=0.00s Sys=0.00s Real=0.00s
[503.015s][info][gc,start       ] GC(901) Pause Young (Allocation Failure)
[503.017s][info][gc,heap        ] GC(901) PSYoungGen: 171807K(172032K)->671K(166400K) Eden: 171008K(171008K)->0K(165376K) From: 799K(1024K)->671K(1024K)
[503.017s][info][gc,heap        ] GC(901) ParOldGen: 289300K(376832K)->289316K(376832K)
[503.017s][info][gc,metaspace   ] GC(901) Metaspace: 57720K(58048K)->57720K(58048K) NonClass: 52100K(52352K)->52100K(52352K) Class: 5619K(5696K)->5619K(5696K)
[503.017s][info][gc             ] GC(901) Pause Young (Allocation Failure) 450M->283M(530M) 2.006ms
[503.017s][info][gc,cpu         ] GC(901) User=0.00s Sys=0.00s Real=0.00s
[503.628s][info][gc,start       ] GC(902) Pause Young (Allocation Failure)
[503.630s][info][gc,heap        ] GC(902) PSYoungGen: 166047K(166400K)->320K(160256K) Eden: 165376K(165376K)->0K(159744K) From: 671K(1024K)->320K(512K)
[503.630s][info][gc,heap        ] GC(902) ParOldGen: 289316K(376832K)->289332K(376832K)
[503.630s][info][gc,metaspace   ] GC(902) Metaspace: 57720K(58048K)->57720K(58048K) NonClass: 52100K(52352K)->52100K(52352K) Class: 5619K(5696K)->5619K(5696K)
[503.630s][info][gc             ] GC(902) Pause Young (Allocation Failure) 444M->282M(524M) 2.182ms
[503.630s][info][gc,cpu         ] GC(902) User=0.01s Sys=0.00s Real=0.00s
[503.904s][info][gc,start       ] GC(903) Pause Young (Allocation Failure)
[503.909s][info][gc,heap        ] GC(903) PSYoungGen: 159931K(160256K)->2432K(157184K) Eden: 159611K(159744K)->0K(154624K) From: 320K(512K)->2432K(2560K)
[503.909s][info][gc,heap        ] GC(903) ParOldGen: 289332K(376832K)->289348K(376832K)
[503.909s][info][gc,metaspace   ] GC(903) Metaspace: 57720K(58048K)->57720K(58048K) NonClass: 52100K(52352K)->52100K(52352K) Class: 5619K(5696K)->5619K(5696K)
[503.909s][info][gc             ] GC(903) Pause Young (Allocation Failure) 438M->284M(521M) 4.334ms
[503.909s][info][gc,cpu         ] GC(903) User=0.01s Sys=0.00s Real=0.00s
[504.289s][info][gc,start       ] GC(904) Pause Young (Allocation Failure)
[504.293s][info][gc,heap        ] GC(904) PSYoungGen: 157056K(157184K)->2655K(152576K) Eden: 154624K(154624K)->0K(149504K) From: 2432K(2560K)->2655K(3072K)
[504.293s][info][gc,heap        ] GC(904) ParOldGen: 289348K(376832K)->289364K(376832K)
[504.293s][info][gc,metaspace   ] GC(904) Metaspace: 57720K(58048K)->57720K(58048K) NonClass: 52100K(52352K)->52100K(52352K) Class: 5619K(5696K)->5619K(5696K)
[504.293s][info][gc             ] GC(904) Pause Young (Allocation Failure) 435M->285M(517M) 4.304ms
[504.293s][info][gc,cpu         ] GC(904) User=0.01s Sys=0.00s Real=0.01s
[504.618s][info][gc,start       ] GC(905) Pause Young (Allocation Failure)
[504.621s][info][gc,heap        ] GC(905) PSYoungGen: 152159K(152576K)->1119K(146432K) Eden: 149504K(149504K)->0K(144896K) From: 2655K(3072K)->1119K(1536K)
[504.621s][info][gc,heap        ] GC(905) ParOldGen: 289364K(376832K)->289380K(376832K)
[504.621s][info][gc,metaspace   ] GC(905) Metaspace: 57720K(58048K)->57720K(58048K) NonClass: 52100K(52352K)->52100K(52352K) Class: 5619K(5696K)->5619K(5696K)
[504.621s][info][gc             ] GC(905) Pause Young (Allocation Failure) 431M->283M(511M) 2.748ms
[504.621s][info][gc,cpu         ] GC(905) User=0.00s Sys=0.00s Real=0.01s
[504.988s][info][gc,start       ] GC(906) Pause Young (Allocation Failure)
[504.992s][info][gc,heap        ] GC(906) PSYoungGen: 146015K(146432K)->2559K(142848K) Eden: 144896K(144896K)->0K(140288K) From: 1119K(1536K)->2559K(2560K)
[504.992s][info][gc,heap        ] GC(906) ParOldGen: 289380K(376832K)->289396K(376832K)
[504.992s][info][gc,metaspace   ] GC(906) Metaspace: 57720K(58048K)->57720K(58048K) NonClass: 52100K(52352K)->52100K(52352K) Class: 5619K(5696K)->5619K(5696K)
[504.992s][info][gc             ] GC(906) Pause Young (Allocation Failure) 425M->285M(507M) 4.414ms
[504.992s][info][gc,cpu         ] GC(906) User=0.01s Sys=0.00s Real=0.01s
[505.307s][info][gc,start       ] GC(907) Pause Young (Allocation Failure)
[505.311s][info][gc,heap        ] GC(907) PSYoungGen: 142847K(142848K)->1983K(168960K) Eden: 140288K(140288K)->0K(166912K) From: 2559K(2560K)->1983K(2048K)
[505.311s][info][gc,heap        ] GC(907) ParOldGen: 289396K(376832K)->289412K(376832K)
[505.311s][info][gc,metaspace   ] GC(907) Metaspace: 57720K(58048K)->57720K(58048K) NonClass: 52100K(52352K)->52100K(52352K) Class: 5619K(5696K)->5619K(5696K)
[505.311s][info][gc             ] GC(907) Pause Young (Allocation Failure) 422M->284M(533M) 3.832ms
[505.311s][info][gc,cpu         ] GC(907) User=0.01s Sys=0.00s Real=0.00s
[505.703s][info][gc,start       ] GC(908) Pause Young (Allocation Failure)
[505.708s][info][gc,heap        ] GC(908) PSYoungGen: 168895K(168960K)->2815K(201728K) Eden: 166912K(166912K)->0K(198656K) From: 1983K(2048K)->2815K(3072K)
[505.708s][info][gc,heap        ] GC(908) ParOldGen: 289412K(376832K)->289428K(376832K)
[505.708s][info][gc,metaspace   ] GC(908) Metaspace: 57720K(58048K)->57720K(58048K) NonClass: 52100K(52352K)->52100K(52352K) Class: 5619K(5696K)->5619K(5696K)
[505.708s][info][gc             ] GC(908) Pause Young (Allocation Failure) 447M->285M(565M) 4.678ms
[505.708s][info][gc,cpu         ] GC(908) User=0.01s Sys=0.00s Real=0.00s
[506.189s][info][gc,start       ] GC(909) Pause Young (Allocation Failure)
[506.193s][info][gc,heap        ] GC(909) PSYoungGen: 201471K(201728K)->2303K(194048K) Eden: 198656K(198656K)->0K(191488K) From: 2815K(3072K)->2303K(2560K)
[506.193s][info][gc,heap        ] GC(909) ParOldGen: 289428K(376832K)->289444K(376832K)
[506.193s][info][gc,metaspace   ] GC(909) Metaspace: 57720K(58048K)->57720K(58048K) NonClass: 52100K(52352K)->52100K(52352K) Class: 5619K(5696K)->5619K(5696K)
[506.194s][info][gc             ] GC(909) Pause Young (Allocation Failure) 479M->284M(557M) 4.094ms
[506.194s][info][gc,cpu         ] GC(909) User=0.00s Sys=0.00s Real=0.01s
[506.619s][info][gc,start       ] GC(910) Pause Young (Allocation Failure)
[506.622s][info][gc,heap        ] GC(910) PSYoungGen: 193791K(194048K)->1151K(186368K) Eden: 191488K(191488K)->0K(184832K) From: 2303K(2560K)->1151K(1536K)
[506.622s][info][gc,heap        ] GC(910) ParOldGen: 289444K(376832K)->289460K(376832K)
[506.622s][info][gc,metaspace   ] GC(910) Metaspace: 57720K(58048K)->57720K(58048K) NonClass: 52100K(52352K)->52100K(52352K) Class: 5619K(5696K)->5619K(5696K)
[506.622s][info][gc             ] GC(910) Pause Young (Allocation Failure) 471M->283M(550M) 2.738ms
[506.622s][info][gc,cpu         ] GC(910) User=0.01s Sys=0.00s Real=0.01s
[507.087s][info][gc,start       ] GC(911) Pause Young (Allocation Failure)
[507.091s][info][gc,heap        ] GC(911) PSYoungGen: 185983K(186368K)->1632K(180736K) Eden: 184832K(184832K)->0K(178688K) From: 1151K(1536K)->1632K(2048K)
[507.091s][info][gc,heap        ] GC(911) ParOldGen: 289460K(376832K)->289476K(376832K)
[507.091s][info][gc,metaspace   ] GC(911) Metaspace: 57720K(58048K)->57720K(58048K) NonClass: 52100K(52352K)->52100K(52352K) Class: 5619K(5696K)->5619K(5696K)
[507.091s][info][gc             ] GC(911) Pause Young (Allocation Failure) 464M->284M(544M) 3.592ms
[507.091s][info][gc,cpu         ] GC(911) User=0.00s Sys=0.00s Real=0.01s
[507.498s][info][gc,start       ] GC(912) Pause Young (Allocation Failure)
[507.503s][info][gc,heap        ] GC(912) PSYoungGen: 180320K(180736K)->3551K(176128K) Eden: 178688K(178688K)->0K(172544K) From: 1632K(2048K)->3551K(3584K)
[507.503s][info][gc,heap        ] GC(912) ParOldGen: 289476K(376832K)->289492K(376832K)
[507.503s][info][gc,metaspace   ] GC(912) Metaspace: 57720K(58048K)->57720K(58048K) NonClass: 52100K(52352K)->52100K(52352K) Class: 5619K(5696K)->5619K(5696K)
[507.503s][info][gc             ] GC(912) Pause Young (Allocation Failure) 458M->286M(540M) 5.628ms
[507.503s][info][gc,cpu         ] GC(912) User=0.01s Sys=0.00s Real=0.01s
[507.909s][info][gc,start       ] GC(913) Pause Young (Allocation Failure)
[507.913s][info][gc,heap        ] GC(913) PSYoungGen: 176095K(176128K)->1888K(168960K) Eden: 172544K(172544K)->0K(166912K) From: 3551K(3584K)->1888K(2048K)
[507.913s][info][gc,heap        ] GC(913) ParOldGen: 289492K(376832K)->289508K(376832K)
[507.913s][info][gc,metaspace   ] GC(913) Metaspace: 57720K(58048K)->57720K(58048K) NonClass: 52100K(52352K)->52100K(52352K) Class: 5619K(5696K)->5619K(5696K)
[507.913s][info][gc             ] GC(913) Pause Young (Allocation Failure) 454M->284M(533M) 4.074ms
[507.913s][info][gc,cpu         ] GC(913) User=0.01s Sys=0.00s Real=0.01s
[508.409s][info][gc,start       ] GC(914) Pause Young (Allocation Failure)
[508.413s][info][gc,heap        ] GC(914) PSYoungGen: 168597K(168960K)->2335K(163840K) Eden: 166709K(166912K)->0K(161280K) From: 1888K(2048K)->2335K(2560K)
[508.413s][info][gc,heap        ] GC(914) ParOldGen: 289508K(376832K)->289524K(376832K)
[508.413s][info][gc,metaspace   ] GC(914) Metaspace: 57720K(58048K)->57720K(58048K) NonClass: 52100K(52352K)->52100K(52352K) Class: 5619K(5696K)->5619K(5696K)
[508.413s][info][gc             ] GC(914) Pause Young (Allocation Failure) 447M->285M(528M) 4.114ms
[508.413s][info][gc,cpu         ] GC(914) User=0.01s Sys=0.00s Real=0.01s
[508.697s][info][gc,start       ] GC(915) Pause Young (Allocation Failure)
[508.701s][info][gc,heap        ] GC(915) PSYoungGen: 163615K(163840K)->2111K(194560K) Eden: 161280K(161280K)->0K(192000K) From: 2335K(2560K)->2111K(2560K)
[508.701s][info][gc,heap        ] GC(915) ParOldGen: 289524K(376832K)->289540K(376832K)
[508.701s][info][gc,metaspace   ] GC(915) Metaspace: 57720K(58048K)->57720K(58048K) NonClass: 52100K(52352K)->52100K(52352K) Class: 5619K(5696K)->5619K(5696K)
[508.701s][info][gc             ] GC(915) Pause Young (Allocation Failure) 442M->284M(558M) 3.818ms
[508.701s][info][gc,cpu         ] GC(915) User=0.01s Sys=0.00s Real=0.00s
[509.178s][info][gc,start       ] GC(916) Pause Young (Allocation Failure)
[509.181s][info][gc,heap        ] GC(916) PSYoungGen: 194111K(194560K)->1225K(186880K) Eden: 192000K(192000K)->0K(185344K) From: 2111K(2560K)->1225K(1536K)
[509.181s][info][gc,heap        ] GC(916) ParOldGen: 289540K(376832K)->289556K(376832K)
[509.181s][info][gc,metaspace   ] GC(916) Metaspace: 57720K(58048K)->57720K(58048K) NonClass: 52100K(52352K)->52100K(52352K) Class: 5619K(5696K)->5619K(5696K)
[509.181s][info][gc             ] GC(916) Pause Young (Allocation Failure) 472M->283M(550M) 2.966ms
[509.181s][info][gc,cpu         ] GC(916) User=0.00s Sys=0.00s Real=0.01s
[509.594s][info][gc,start       ] GC(917) Pause Young (Allocation Failure)
[509.597s][info][gc,heap        ] GC(917) PSYoungGen: 186500K(186880K)->1344K(180736K) Eden: 185274K(185344K)->0K(179200K) From: 1225K(1536K)->1344K(1536K)
[509.597s][info][gc,heap        ] GC(917) ParOldGen: 289556K(376832K)->289572K(376832K)
[509.597s][info][gc,metaspace   ] GC(917) Metaspace: 57720K(58048K)->57720K(58048K) NonClass: 52100K(52352K)->52100K(52352K) Class: 5619K(5696K)->5619K(5696K)
[509.597s][info][gc             ] GC(917) Pause Young (Allocation Failure) 464M->284M(544M) 3.099ms
[509.597s][info][gc,cpu         ] GC(917) User=0.01s Sys=0.00s Real=0.00s
[510.019s][info][gc,start       ] GC(918) Pause Young (Allocation Failure)
[510.023s][info][gc,heap        ] GC(918) PSYoungGen: 180544K(180736K)->1888K(175104K) Eden: 179200K(179200K)->0K(173056K) From: 1344K(1536K)->1888K(2048K)
[510.023s][info][gc,heap        ] GC(918) ParOldGen: 289572K(376832K)->289588K(376832K)
[510.023s][info][gc,metaspace   ] GC(918) Metaspace: 57720K(58048K)->57720K(58048K) NonClass: 52100K(52352K)->52100K(52352K) Class: 5619K(5696K)->5619K(5696K)
[510.023s][info][gc             ] GC(918) Pause Young (Allocation Failure) 459M->284M(539M) 3.965ms
[510.023s][info][gc,cpu         ] GC(918) User=0.00s Sys=0.00s Real=0.01s
[510.410s][info][gc,start       ] GC(919) Pause Young (Allocation Failure)
[510.414s][info][gc,heap        ] GC(919) PSYoungGen: 174738K(175104K)->1760K(169472K) Eden: 172850K(173056K)->0K(167424K) From: 1888K(2048K)->1760K(2048K)
[510.414s][info][gc,heap        ] GC(919) ParOldGen: 289588K(376832K)->289604K(376832K)
[510.414s][info][gc,metaspace   ] GC(919) Metaspace: 57720K(58048K)->57720K(58048K) NonClass: 52100K(52352K)->52100K(52352K) Class: 5619K(5696K)->5619K(5696K)
[510.414s][info][gc             ] GC(919) Pause Young (Allocation Failure) 453M->284M(533M) 3.625ms
[510.414s][info][gc,cpu         ] GC(919) User=0.00s Sys=0.00s Real=0.01s
[510.814s][info][gc,start       ] GC(920) Pause Young (Allocation Failure)
[510.818s][info][gc,heap        ] GC(920) PSYoungGen: 169138K(169472K)->2048K(163840K) Eden: 167378K(167424K)->0K(161792K) From: 1760K(2048K)->2048K(2048K)
[510.818s][info][gc,heap        ] GC(920) ParOldGen: 289604K(376832K)->289620K(376832K)
[510.818s][info][gc,metaspace   ] GC(920) Metaspace: 57720K(58048K)->57720K(58048K) NonClass: 52100K(52352K)->52100K(52352K) Class: 5619K(5696K)->5619K(5696K)
[510.818s][info][gc             ] GC(920) Pause Young (Allocation Failure) 447M->284M(528M) 4.160ms
[510.818s][info][gc,cpu         ] GC(920) User=0.01s Sys=0.00s Real=0.00s
[511.194s][info][gc,start       ] GC(921) Pause Young (Allocation Failure)
[511.198s][info][gc,heap        ] GC(921) PSYoungGen: 163840K(163840K)->2271K(159232K) Eden: 161792K(161792K)->0K(156672K) From: 2048K(2048K)->2271K(2560K)
[511.198s][info][gc,heap        ] GC(921) ParOldGen: 289620K(376832K)->289636K(376832K)
[511.198s][info][gc,metaspace   ] GC(921) Metaspace: 57720K(58048K)->57720K(58048K) NonClass: 52100K(52352K)->52100K(52352K) Class: 5619K(5696K)->5619K(5696K)
[511.198s][info][gc             ] GC(921) Pause Young (Allocation Failure) 442M->285M(523M) 3.995ms
[511.198s][info][gc,cpu         ] GC(921) User=0.01s Sys=0.00s Real=0.00s
[511.589s][info][gc,start       ] GC(922) Pause Young (Allocation Failure)
[511.593s][info][gc,heap        ] GC(922) PSYoungGen: 158943K(159232K)->2559K(154112K) Eden: 156672K(156672K)->0K(151552K) From: 2271K(2560K)->2559K(2560K)
[511.593s][info][gc,heap        ] GC(922) ParOldGen: 289636K(376832K)->289652K(376832K)
[511.593s][info][gc,metaspace   ] GC(922) Metaspace: 57720K(58048K)->57720K(58048K) NonClass: 52100K(52352K)->52100K(52352K) Class: 5619K(5696K)->5619K(5696K)
[511.593s][info][gc             ] GC(922) Pause Young (Allocation Failure) 438M->285M(518M) 4.443ms
[511.594s][info][gc,cpu         ] GC(922) User=0.01s Sys=0.00s Real=0.01s
[511.966s][info][gc,start       ] GC(923) Pause Young (Allocation Failure)
[511.968s][info][gc,heap        ] GC(923) PSYoungGen: 154105K(154112K)->64K(147456K) Eden: 151545K(151552K)->0K(146944K) From: 2559K(2560K)->64K(512K)
[511.968s][info][gc,heap        ] GC(923) ParOldGen: 289652K(376832K)->289668K(376832K)
[511.968s][info][gc,metaspace   ] GC(923) Metaspace: 57720K(58048K)->57720K(58048K) NonClass: 52100K(52352K)->52100K(52352K) Class: 5619K(5696K)->5619K(5696K)
[511.968s][info][gc             ] GC(923) Pause Young (Allocation Failure) 433M->282M(512M) 1.774ms
[511.968s][info][gc,cpu         ] GC(923) User=0.01s Sys=0.00s Real=0.00s
[512.289s][info][gc,start       ] GC(924) Pause Young (Allocation Failure)
[512.294s][info][gc,heap        ] GC(924) PSYoungGen: 147008K(147456K)->2752K(178176K) Eden: 146944K(146944K)->0K(175104K) From: 64K(512K)->2752K(3072K)
[512.294s][info][gc,heap        ] GC(924) ParOldGen: 289668K(376832K)->289684K(376832K)
[512.294s][info][gc,metaspace   ] GC(924) Metaspace: 57720K(58048K)->57720K(58048K) NonClass: 52100K(52352K)->52100K(52352K) Class: 5619K(5696K)->5619K(5696K)
[512.294s][info][gc             ] GC(924) Pause Young (Allocation Failure) 426M->285M(542M) 4.892ms
[512.294s][info][gc,cpu         ] GC(924) User=0.01s Sys=0.00s Real=0.01s
[512.701s][info][gc,start       ] GC(925) Pause Young (Allocation Failure)
[512.706s][info][gc,heap        ] GC(925) PSYoungGen: 177856K(178176K)->2623K(211456K) Eden: 175104K(175104K)->0K(208384K) From: 2752K(3072K)->2623K(3072K)
[512.706s][info][gc,heap        ] GC(925) ParOldGen: 289684K(376832K)->289700K(376832K)
[512.706s][info][gc,metaspace   ] GC(925) Metaspace: 57720K(58048K)->57720K(58048K) NonClass: 52100K(52352K)->52100K(52352K) Class: 5619K(5696K)->5619K(5696K)
[512.706s][info][gc             ] GC(925) Pause Young (Allocation Failure) 456M->285M(574M) 4.646ms
[512.706s][info][gc,cpu         ] GC(925) User=0.01s Sys=0.00s Real=0.00s
[513.231s][info][gc,start       ] GC(926) Pause Young (Allocation Failure)
[513.236s][info][gc,heap        ] GC(926) PSYoungGen: 211007K(211456K)->2560K(250368K) Eden: 208384K(208384K)->0K(247808K) From: 2623K(3072K)->2560K(2560K)
[513.236s][info][gc,heap        ] GC(926) ParOldGen: 289700K(376832K)->290083K(376832K)
[513.236s][info][gc,metaspace   ] GC(926) Metaspace: 57720K(58048K)->57720K(58048K) NonClass: 52100K(52352K)->52100K(52352K) Class: 5619K(5696K)->5619K(5696K)
[513.236s][info][gc             ] GC(926) Pause Young (Allocation Failure) 488M->285M(612M) 4.765ms
[513.236s][info][gc,cpu         ] GC(926) User=0.01s Sys=0.00s Real=0.00s
[513.787s][info][gc,start       ] GC(927) Pause Young (Allocation Failure)
[513.791s][info][gc,heap        ] GC(927) PSYoungGen: 250368K(250368K)->2431K(241152K) Eden: 247808K(247808K)->0K(238592K) From: 2560K(2560K)->2431K(2560K)
[513.791s][info][gc,heap        ] GC(927) ParOldGen: 290083K(376832K)->290147K(376832K)
[513.791s][info][gc,metaspace   ] GC(927) Metaspace: 57720K(58048K)->57720K(58048K) NonClass: 52100K(52352K)->52100K(52352K) Class: 5619K(5696K)->5619K(5696K)
[513.791s][info][gc             ] GC(927) Pause Young (Allocation Failure) 527M->285M(603M) 4.337ms
[513.791s][info][gc,cpu         ] GC(927) User=0.01s Sys=0.00s Real=0.01s
[514.374s][info][gc,start       ] GC(928) Pause Young (Allocation Failure)
[514.377s][info][gc,heap        ] GC(928) PSYoungGen: 241023K(241152K)->1279K(231424K) Eden: 238592K(238592K)->0K(229888K) From: 2431K(2560K)->1279K(1536K)
[514.377s][info][gc,heap        ] GC(928) ParOldGen: 290147K(376832K)->290163K(376832K)
[514.377s][info][gc,metaspace   ] GC(928) Metaspace: 57720K(58048K)->57720K(58048K) NonClass: 52100K(52352K)->52100K(52352K) Class: 5619K(5696K)->5619K(5696K)
[514.377s][info][gc             ] GC(928) Pause Young (Allocation Failure) 518M->284M(594M) 2.872ms
[514.377s][info][gc,cpu         ] GC(928) User=0.00s Sys=0.00s Real=0.00s
[514.906s][info][gc,start       ] GC(929) Pause Young (Allocation Failure)
[514.910s][info][gc,heap        ] GC(929) PSYoungGen: 231167K(231424K)->2464K(224256K) Eden: 229888K(229888K)->0K(221696K) From: 1279K(1536K)->2464K(2560K)
[514.910s][info][gc,heap        ] GC(929) ParOldGen: 290163K(376832K)->290179K(376832K)
[514.910s][info][gc,metaspace   ] GC(929) Metaspace: 57720K(58048K)->57720K(58048K) NonClass: 52100K(52352K)->52100K(52352K) Class: 5619K(5696K)->5619K(5696K)
[514.910s][info][gc             ] GC(929) Pause Young (Allocation Failure) 509M->285M(587M) 4.633ms
[514.910s][info][gc,cpu         ] GC(929) User=0.00s Sys=0.01s Real=0.00s
[515.481s][info][gc,start       ] GC(930) Pause Young (Allocation Failure)
[515.486s][info][gc,heap        ] GC(930) PSYoungGen: 224160K(224256K)->2783K(216576K) Eden: 221696K(221696K)->0K(213504K) From: 2464K(2560K)->2783K(3072K)
[515.486s][info][gc,heap        ] GC(930) ParOldGen: 290179K(376832K)->290195K(376832K)
[515.486s][info][gc,metaspace   ] GC(930) Metaspace: 57720K(58048K)->57720K(58048K) NonClass: 52100K(52352K)->52100K(52352K) Class: 5619K(5696K)->5619K(5696K)
[515.486s][info][gc             ] GC(930) Pause Young (Allocation Failure) 502M->286M(579M) 4.716ms
[515.486s][info][gc,cpu         ] GC(930) User=0.01s Sys=0.00s Real=0.00s
[515.977s][info][gc,start       ] GC(931) Pause Young (Allocation Failure)
[515.980s][info][gc,heap        ] GC(931) PSYoungGen: 216287K(216576K)->1289K(207360K) Eden: 213504K(213504K)->0K(205824K) From: 2783K(3072K)->1289K(1536K)
[515.980s][info][gc,heap        ] GC(931) ParOldGen: 290195K(376832K)->290211K(376832K)
[515.980s][info][gc,metaspace   ] GC(931) Metaspace: 57720K(58048K)->57720K(58048K) NonClass: 52100K(52352K)->52100K(52352K) Class: 5619K(5696K)->5619K(5696K)
[515.980s][info][gc             ] GC(931) Pause Young (Allocation Failure) 494M->284M(570M) 3.159ms
[515.980s][info][gc,cpu         ] GC(931) User=0.00s Sys=0.00s Real=0.00s
[516.416s][info][gc,start       ] GC(932) Pause Young (Allocation Failure)
[516.418s][info][gc,heap        ] GC(932) PSYoungGen: 207113K(207360K)->1023K(199680K) Eden: 205824K(205824K)->0K(198656K) From: 1289K(1536K)->1023K(1024K)
[516.418s][info][gc,heap        ] GC(932) ParOldGen: 290211K(376832K)->290227K(376832K)
[516.418s][info][gc,metaspace   ] GC(932) Metaspace: 57720K(58048K)->57720K(58048K) NonClass: 52100K(52352K)->52100K(52352K) Class: 5619K(5696K)->5619K(5696K)
[516.418s][info][gc             ] GC(932) Pause Young (Allocation Failure) 485M->284M(563M) 2.641ms
[516.418s][info][gc,cpu         ] GC(932) User=0.01s Sys=0.00s Real=0.00s
[516.898s][info][gc,start       ] GC(933) Pause Young (Allocation Failure)
[516.903s][info][gc,heap        ] GC(933) PSYoungGen: 199438K(199680K)->3295K(195072K) Eden: 198414K(198656K)->0K(191488K) From: 1023K(1024K)->3295K(3584K)
[516.903s][info][gc,heap        ] GC(933) ParOldGen: 290227K(376832K)->290243K(376832K)
[516.903s][info][gc,metaspace   ] GC(933) Metaspace: 57720K(58048K)->57720K(58048K) NonClass: 52100K(52352K)->52100K(52352K) Class: 5619K(5696K)->5619K(5696K)
[516.903s][info][gc             ] GC(933) Pause Young (Allocation Failure) 478M->286M(558M) 5.109ms
[516.903s][info][gc,cpu         ] GC(933) User=0.01s Sys=0.00s Real=0.01s
[517.379s][info][gc,start       ] GC(934) Pause Young (Allocation Failure)
[517.382s][info][gc,heap        ] GC(934) PSYoungGen: 194783K(195072K)->1663K(186880K) Eden: 191488K(191488K)->0K(184832K) From: 3295K(3584K)->1663K(2048K)
[517.382s][info][gc,heap        ] GC(934) ParOldGen: 290243K(376832K)->290259K(376832K)
[517.382s][info][gc,metaspace   ] GC(934) Metaspace: 57720K(58048K)->57720K(58048K) NonClass: 52100K(52352K)->52100K(52352K) Class: 5619K(5696K)->5619K(5696K)
[517.382s][info][gc             ] GC(934) Pause Young (Allocation Failure) 473M->285M(550M) 3.242ms
[517.382s][info][gc,cpu         ] GC(934) User=0.00s Sys=0.00s Real=0.01s
[517.798s][info][gc,start       ] GC(935) Pause Young (Allocation Failure)
[517.803s][info][gc,heap        ] GC(935) PSYoungGen: 186495K(186880K)->2879K(181760K) Eden: 184832K(184832K)->0K(178688K) From: 1663K(2048K)->2879K(3072K)
[517.803s][info][gc,heap        ] GC(935) ParOldGen: 290259K(376832K)->290275K(376832K)
[517.803s][info][gc,metaspace   ] GC(935) Metaspace: 57720K(58048K)->57720K(58048K) NonClass: 52100K(52352K)->52100K(52352K) Class: 5619K(5696K)->5619K(5696K)
[517.803s][info][gc             ] GC(935) Pause Young (Allocation Failure) 465M->286M(545M) 5.106ms
[517.803s][info][gc,cpu         ] GC(935) User=0.01s Sys=0.00s Real=0.01s
[518.206s][info][gc,start       ] GC(936) Pause Young (Allocation Failure)
[518.211s][info][gc,heap        ] GC(936) PSYoungGen: 181348K(181760K)->2239K(175104K) Eden: 178469K(178688K)->0K(172544K) From: 2879K(3072K)->2239K(2560K)
[518.211s][info][gc,heap        ] GC(936) ParOldGen: 290275K(376832K)->290291K(376832K)
[518.211s][info][gc,metaspace   ] GC(936) Metaspace: 57720K(58048K)->57720K(58048K) NonClass: 52100K(52352K)->52100K(52352K) Class: 5619K(5696K)->5619K(5696K)
[518.211s][info][gc             ] GC(936) Pause Young (Allocation Failure) 460M->285M(539M) 4.274ms
[518.211s][info][gc,cpu         ] GC(936) User=0.01s Sys=0.00s Real=0.00s
[518.652s][info][gc,start       ] GC(937) Pause Young (Allocation Failure)
[518.662s][info][gc,heap        ] GC(937) PSYoungGen: 174744K(175104K)->608K(206848K) Eden: 172504K(172544K)->0K(205824K) From: 2239K(2560K)->608K(1024K)
[518.662s][info][gc,heap        ] GC(937) ParOldGen: 290291K(376832K)->290307K(376832K)
[518.662s][info][gc,metaspace   ] GC(937) Metaspace: 57720K(58048K)->57720K(58048K) NonClass: 52100K(52352K)->52100K(52352K) Class: 5619K(5696K)->5619K(5696K)
[518.662s][info][gc             ] GC(937) Pause Young (Allocation Failure) 454M->284M(570M) 10.603ms
[518.662s][info][gc,cpu         ] GC(937) User=0.00s Sys=0.00s Real=0.01s
[519.109s][info][gc,start       ] GC(938) Pause Young (Allocation Failure)
[519.114s][info][gc,heap        ] GC(938) PSYoungGen: 206317K(206848K)->1504K(241664K) Eden: 205709K(205824K)->0K(237568K) From: 608K(1024K)->1504K(4096K)
[519.114s][info][gc,heap        ] GC(938) ParOldGen: 290307K(376832K)->290323K(376832K)
[519.114s][info][gc,metaspace   ] GC(938) Metaspace: 57720K(58048K)->57720K(58048K) NonClass: 52100K(52352K)->52100K(52352K) Class: 5619K(5696K)->5619K(5696K)
[519.114s][info][gc             ] GC(938) Pause Young (Allocation Failure) 484M->284M(604M) 5.228ms
[519.114s][info][gc,cpu         ] GC(938) User=0.00s Sys=0.00s Real=0.01s
[519.694s][info][gc,start       ] GC(939) Pause Young (Allocation Failure)
[519.699s][info][gc,heap        ] GC(939) PSYoungGen: 239072K(241664K)->3038K(241664K) Eden: 237568K(237568K)->0K(237568K) From: 1504K(4096K)->3038K(4096K)
[519.699s][info][gc,heap        ] GC(939) ParOldGen: 290323K(376832K)->290339K(376832K)
[519.699s][info][gc,metaspace   ] GC(939) Metaspace: 57720K(58048K)->57720K(58048K) NonClass: 52100K(52352K)->52100K(52352K) Class: 5619K(5696K)->5619K(5696K)
[519.699s][info][gc             ] GC(939) Pause Young (Allocation Failure) 516M->286M(604M) 4.710ms
[519.699s][info][gc,cpu         ] GC(939) User=0.00s Sys=0.00s Real=0.00s
[520.278s][info][gc,start       ] GC(940) Pause Young (Allocation Failure)
[520.282s][info][gc,heap        ] GC(940) PSYoungGen: 240606K(241664K)->1024K(286208K) Eden: 237568K(237568K)->0K(282112K) From: 3038K(4096K)->1024K(4096K)
[520.282s][info][gc,heap        ] GC(940) ParOldGen: 290339K(376832K)->290355K(376832K)
[520.282s][info][gc,metaspace   ] GC(940) Metaspace: 57720K(58048K)->57720K(58048K) NonClass: 52100K(52352K)->52100K(52352K) Class: 5619K(5696K)->5619K(5696K)
[520.282s][info][gc             ] GC(940) Pause Young (Allocation Failure) 518M->284M(647M) 3.208ms
[520.282s][info][gc,cpu         ] GC(940) User=0.00s Sys=0.00s Real=0.01s
[520.968s][info][gc,start       ] GC(941) Pause Young (Allocation Failure)
[520.971s][info][gc,heap        ] GC(941) PSYoungGen: 282891K(286208K)->1152K(272896K) Eden: 281867K(282112K)->0K(271360K) From: 1024K(4096K)->1152K(1536K)
[520.971s][info][gc,heap        ] GC(941) ParOldGen: 290355K(376832K)->290371K(376832K)
[520.971s][info][gc,metaspace   ] GC(941) Metaspace: 57720K(58048K)->57720K(58048K) NonClass: 52100K(52352K)->52100K(52352K) Class: 5619K(5696K)->5619K(5696K)
[520.971s][info][gc             ] GC(941) Pause Young (Allocation Failure) 559M->284M(634M) 3.480ms
[520.971s][info][gc,cpu         ] GC(941) User=0.01s Sys=0.00s Real=0.01s
[521.593s][info][gc,start       ] GC(942) Pause Young (Allocation Failure)
[521.598s][info][gc,heap        ] GC(942) PSYoungGen: 272512K(272896K)->2432K(263680K) Eden: 271360K(271360K)->0K(261120K) From: 1152K(1536K)->2432K(2560K)
[521.598s][info][gc,heap        ] GC(942) ParOldGen: 290371K(376832K)->290387K(376832K)
[521.598s][info][gc,metaspace   ] GC(942) Metaspace: 57720K(58048K)->57720K(58048K) NonClass: 52100K(52352K)->52100K(52352K) Class: 5619K(5696K)->5619K(5696K)
[521.598s][info][gc             ] GC(942) Pause Young (Allocation Failure) 549M->285M(625M) 5.541ms
[521.598s][info][gc,cpu         ] GC(942) User=0.01s Sys=0.00s Real=0.00s
[522.200s][info][gc,start       ] GC(943) Pause Young (Allocation Failure)
[522.205s][info][gc,heap        ] GC(943) PSYoungGen: 263552K(263680K)->3263K(254976K) Eden: 261120K(261120K)->0K(251392K) From: 2432K(2560K)->3263K(3584K)
[522.205s][info][gc,heap        ] GC(943) ParOldGen: 290387K(376832K)->290403K(376832K)
[522.205s][info][gc,metaspace   ] GC(943) Metaspace: 57720K(58048K)->57720K(58048K) NonClass: 52100K(52352K)->52100K(52352K) Class: 5619K(5696K)->5619K(5696K)
[522.205s][info][gc             ] GC(943) Pause Young (Allocation Failure) 540M->286M(617M) 5.738ms
[522.205s][info][gc,cpu         ] GC(943) User=0.01s Sys=0.01s Real=0.01s
[522.799s][info][gc,start       ] GC(944) Pause Young (Allocation Failure)
[522.801s][info][gc,heap        ] GC(944) PSYoungGen: 254655K(254976K)->1183K(243712K) Eden: 251392K(251392K)->0K(242176K) From: 3263K(3584K)->1183K(1536K)
[522.801s][info][gc,heap        ] GC(944) ParOldGen: 290403K(376832K)->290419K(376832K)
[522.801s][info][gc,metaspace   ] GC(944) Metaspace: 57720K(58048K)->57720K(58048K) NonClass: 52100K(52352K)->52100K(52352K) Class: 5619K(5696K)->5619K(5696K)
[522.801s][info][gc             ] GC(944) Pause Young (Allocation Failure) 532M->284M(606M) 2.869ms
[522.801s][info][gc,cpu         ] GC(944) User=0.01s Sys=0.00s Real=0.01s
[523.396s][info][gc,start       ] GC(945) Pause Young (Allocation Failure)
[523.402s][info][gc,heap        ] GC(945) PSYoungGen: 243359K(243712K)->2943K(236032K) Eden: 242176K(242176K)->0K(232960K) From: 1183K(1536K)->2943K(3072K)
[523.402s][info][gc,heap        ] GC(945) ParOldGen: 290419K(376832K)->290435K(376832K)
[523.402s][info][gc,metaspace   ] GC(945) Metaspace: 57720K(58048K)->57720K(58048K) NonClass: 52100K(52352K)->52100K(52352K) Class: 5619K(5696K)->5619K(5696K)
[523.402s][info][gc             ] GC(945) Pause Young (Allocation Failure) 521M->286M(598M) 6.273ms
[523.403s][info][gc,cpu         ] GC(945) User=0.01s Sys=0.00s Real=0.01s
[523.971s][info][gc,start       ] GC(946) Pause Young (Allocation Failure)
[523.974s][info][gc,heap        ] GC(946) PSYoungGen: 235903K(236032K)->480K(224768K) Eden: 232960K(232960K)->0K(224256K) From: 2943K(3072K)->480K(512K)
[523.974s][info][gc,heap        ] GC(946) ParOldGen: 290435K(376832K)->290451K(376832K)
[523.974s][info][gc,metaspace   ] GC(946) Metaspace: 57720K(58048K)->57720K(58048K) NonClass: 52100K(52352K)->52100K(52352K) Class: 5619K(5696K)->5619K(5696K)
[523.974s][info][gc             ] GC(946) Pause Young (Allocation Failure) 514M->284M(587M) 2.379ms
[523.974s][info][gc,cpu         ] GC(946) User=0.00s Sys=0.00s Real=0.00s
[524.493s][info][gc,start       ] GC(947) Pause Young (Allocation Failure)
[524.497s][info][gc,heap        ] GC(947) PSYoungGen: 224736K(224768K)->2527K(220672K) Eden: 224256K(224256K)->0K(216064K) From: 480K(512K)->2527K(4608K)
[524.497s][info][gc,heap        ] GC(947) ParOldGen: 290451K(376832K)->290467K(376832K)
[524.497s][info][gc,metaspace   ] GC(947) Metaspace: 57720K(58048K)->57720K(58048K) NonClass: 52100K(52352K)->52100K(52352K) Class: 5619K(5696K)->5619K(5696K)
[524.497s][info][gc             ] GC(947) Pause Young (Allocation Failure) 503M->286M(583M) 4.193ms
[524.497s][info][gc,cpu         ] GC(947) User=0.01s Sys=0.00s Real=0.00s
[524.998s][info][gc,start       ] GC(948) Pause Young (Allocation Failure)
[525.002s][info][gc,heap        ] GC(948) PSYoungGen: 218591K(220672K)->2527K(210944K) Eden: 216064K(216064K)->0K(208384K) From: 2527K(4608K)->2527K(2560K)
[525.002s][info][gc,heap        ] GC(948) ParOldGen: 290467K(376832K)->290483K(376832K)
[525.002s][info][gc,metaspace   ] GC(948) Metaspace: 57720K(58048K)->57720K(58048K) NonClass: 52100K(52352K)->52100K(52352K) Class: 5619K(5696K)->5619K(5696K)
[525.002s][info][gc             ] GC(948) Pause Young (Allocation Failure) 497M->286M(574M) 4.277ms
[525.002s][info][gc,cpu         ] GC(948) User=0.01s Sys=0.00s Real=0.01s
[525.493s][info][gc,start       ] GC(949) Pause Young (Allocation Failure)
[525.498s][info][gc,heap        ] GC(949) PSYoungGen: 210911K(210944K)->2815K(203776K) Eden: 208384K(208384K)->0K(200704K) From: 2527K(2560K)->2815K(3072K)
[525.498s][info][gc,heap        ] GC(949) ParOldGen: 290483K(376832K)->290499K(376832K)
[525.498s][info][gc,metaspace   ] GC(949) Metaspace: 57720K(58048K)->57720K(58048K) NonClass: 52100K(52352K)->52100K(52352K) Class: 5619K(5696K)->5619K(5696K)
[525.498s][info][gc             ] GC(949) Pause Young (Allocation Failure) 489M->286M(567M) 4.727ms
[525.498s][info][gc,cpu         ] GC(949) User=0.01s Sys=0.00s Real=0.00s
[526.054s][info][gc,start       ] GC(950) Pause Young (Allocation Failure)
[526.057s][info][gc,heap        ] GC(950) PSYoungGen: 203519K(203776K)->1024K(194560K) Eden: 200704K(200704K)->0K(193536K) From: 2815K(3072K)->1024K(1024K)
[526.057s][info][gc,heap        ] GC(950) ParOldGen: 290499K(376832K)->290515K(376832K)
[526.057s][info][gc,metaspace   ] GC(950) Metaspace: 57720K(58048K)->57720K(58048K) NonClass: 52100K(52352K)->52100K(52352K) Class: 5619K(5696K)->5619K(5696K)
[526.057s][info][gc             ] GC(950) Pause Young (Allocation Failure) 482M->284M(558M) 2.939ms
[526.057s][info][gc,cpu         ] GC(950) User=0.00s Sys=0.00s Real=0.00s
[526.418s][info][gc,start       ] GC(951) Pause Young (Allocation Failure)
[526.420s][info][gc,heap        ] GC(951) PSYoungGen: 194560K(194560K)->767K(187904K) Eden: 193536K(193536K)->0K(186880K) From: 1024K(1024K)->767K(1024K)
[526.420s][info][gc,heap        ] GC(951) ParOldGen: 290515K(376832K)->290531K(376832K)
[526.420s][info][gc,metaspace   ] GC(951) Metaspace: 57720K(58048K)->57720K(58048K) NonClass: 52100K(52352K)->52100K(52352K) Class: 5619K(5696K)->5619K(5696K)
[526.420s][info][gc             ] GC(951) Pause Young (Allocation Failure) 473M->284M(551M) 2.263ms
[526.420s][info][gc,cpu         ] GC(951) User=0.00s Sys=0.00s Real=0.00s
[526.890s][info][gc,start       ] GC(952) Pause Young (Allocation Failure)
[526.898s][info][gc,heap        ] GC(952) PSYoungGen: 187647K(187904K)->1952K(182272K) Eden: 186880K(186880K)->0K(180224K) From: 767K(1024K)->1952K(2048K)
[526.898s][info][gc,heap        ] GC(952) ParOldGen: 290531K(376832K)->290547K(376832K)
[526.898s][info][gc,metaspace   ] GC(952) Metaspace: 57720K(58048K)->57720K(58048K) NonClass: 52100K(52352K)->52100K(52352K) Class: 5619K(5696K)->5619K(5696K)
[526.898s][info][gc             ] GC(952) Pause Young (Allocation Failure) 466M->285M(546M) 7.727ms
[526.898s][info][gc,cpu         ] GC(952) User=0.01s Sys=0.00s Real=0.01s
[527.353s][info][gc,start       ] GC(953) Pause Young (Allocation Failure)
[527.356s][info][gc,heap        ] GC(953) PSYoungGen: 182176K(182272K)->1408K(175616K) Eden: 180224K(180224K)->0K(174080K) From: 1952K(2048K)->1408K(1536K)
[527.356s][info][gc,heap        ] GC(953) ParOldGen: 290547K(376832K)->290563K(376832K)
[527.356s][info][gc,metaspace   ] GC(953) Metaspace: 57720K(58048K)->57720K(58048K) NonClass: 52100K(52352K)->52100K(52352K) Class: 5619K(5696K)->5619K(5696K)
[527.356s][info][gc             ] GC(953) Pause Young (Allocation Failure) 461M->285M(539M) 3.324ms
[527.357s][info][gc,cpu         ] GC(953) User=0.00s Sys=0.00s Real=0.00s
[527.717s][info][gc,start       ] GC(954) Pause Young (Allocation Failure)
[527.720s][info][gc,heap        ] GC(954) PSYoungGen: 175488K(175616K)->1631K(170496K) Eden: 174080K(174080K)->0K(168448K) From: 1408K(1536K)->1631K(2048K)
[527.720s][info][gc,heap        ] GC(954) ParOldGen: 290563K(376832K)->290579K(376832K)
[527.720s][info][gc,metaspace   ] GC(954) Metaspace: 57720K(58048K)->57720K(58048K) NonClass: 52100K(52352K)->52100K(52352K) Class: 5619K(5696K)->5619K(5696K)
[527.720s][info][gc             ] GC(954) Pause Young (Allocation Failure) 455M->285M(534M) 3.448ms
[527.720s][info][gc,cpu         ] GC(954) User=0.01s Sys=0.00s Real=0.00s
[528.112s][info][gc,start       ] GC(955) Pause Young (Allocation Failure)
[528.115s][info][gc,heap        ] GC(955) PSYoungGen: 170022K(170496K)->1184K(164352K) Eden: 168391K(168448K)->0K(162816K) From: 1631K(2048K)->1184K(1536K)
[528.115s][info][gc,heap        ] GC(955) ParOldGen: 290579K(376832K)->290595K(376832K)
[528.115s][info][gc,metaspace   ] GC(955) Metaspace: 57720K(58048K)->57720K(58048K) NonClass: 52100K(52352K)->52100K(52352K) Class: 5619K(5696K)->5619K(5696K)
[528.115s][info][gc             ] GC(955) Pause Young (Allocation Failure) 449M->284M(528M) 3.035ms
[528.115s][info][gc,cpu         ] GC(955) User=0.00s Sys=0.00s Real=0.00s
[528.512s][info][gc,start       ] GC(956) Pause Young (Allocation Failure)
[528.517s][info][gc,heap        ] GC(956) PSYoungGen: 164000K(164352K)->2655K(160768K) Eden: 162816K(162816K)->0K(157696K) From: 1184K(1536K)->2655K(3072K)
[528.517s][info][gc,heap        ] GC(956) ParOldGen: 290595K(376832K)->290611K(376832K)
[528.517s][info][gc,metaspace   ] GC(956) Metaspace: 57720K(58048K)->57720K(58048K) NonClass: 52100K(52352K)->52100K(52352K) Class: 5619K(5696K)->5619K(5696K)
[528.517s][info][gc             ] GC(956) Pause Young (Allocation Failure) 443M->286M(525M) 4.517ms
[528.517s][info][gc,cpu         ] GC(956) User=0.01s Sys=0.00s Real=0.00s
[528.892s][info][gc,start       ] GC(957) Pause Young (Allocation Failure)
[528.896s][info][gc,heap        ] GC(957) PSYoungGen: 160351K(160768K)->3102K(156160K) Eden: 157696K(157696K)->0K(152576K) From: 2655K(3072K)->3102K(3584K)
[528.896s][info][gc,heap        ] GC(957) ParOldGen: 290611K(376832K)->290627K(376832K)
[528.896s][info][gc,metaspace   ] GC(957) Metaspace: 57720K(58048K)->57720K(58048K) NonClass: 52100K(52352K)->52100K(52352K) Class: 5619K(5696K)->5619K(5696K)
[528.897s][info][gc             ] GC(957) Pause Young (Allocation Failure) 440M->286M(520M) 4.693ms
[528.897s][info][gc,cpu         ] GC(957) User=0.01s Sys=0.00s Real=0.00s
[529.276s][info][gc,start       ] GC(958) Pause Young (Allocation Failure)
[529.279s][info][gc,heap        ] GC(958) PSYoungGen: 155678K(156160K)->1630K(149504K) Eden: 152576K(152576K)->0K(147456K) From: 3102K(3584K)->1630K(2048K)
[529.279s][info][gc,heap        ] GC(958) ParOldGen: 290627K(376832K)->290643K(376832K)
[529.279s][info][gc,metaspace   ] GC(958) Metaspace: 57720K(58048K)->57720K(58048K) NonClass: 52100K(52352K)->52100K(52352K) Class: 5619K(5696K)->5619K(5696K)
[529.279s][info][gc             ] GC(958) Pause Young (Allocation Failure) 435M->285M(514M) 2.744ms
[529.279s][info][gc,cpu         ] GC(958) User=0.00s Sys=0.00s Real=0.00s
[529.620s][info][gc,start       ] GC(959) Pause Young (Allocation Failure)
[529.624s][info][gc,heap        ] GC(959) PSYoungGen: 149086K(149504K)->1279K(144384K) Eden: 147456K(147456K)->0K(142848K) From: 1630K(2048K)->1279K(1536K)
[529.624s][info][gc,heap        ] GC(959) ParOldGen: 290643K(376832K)->290659K(376832K)
[529.624s][info][gc,metaspace   ] GC(959) Metaspace: 57720K(58048K)->57720K(58048K) NonClass: 52100K(52352K)->52100K(52352K) Class: 5619K(5696K)->5619K(5696K)
[529.624s][info][gc             ] GC(959) Pause Young (Allocation Failure) 429M->285M(509M) 3.592ms
[529.624s][info][gc,cpu         ] GC(959) User=0.01s Sys=0.00s Real=0.01s
[529.976s][info][gc,start       ] GC(960) Pause Young (Allocation Failure)
[529.979s][info][gc,heap        ] GC(960) PSYoungGen: 144127K(144384K)->1309K(139776K) Eden: 142848K(142848K)->0K(138240K) From: 1279K(1536K)->1309K(1536K)
[529.979s][info][gc,heap        ] GC(960) ParOldGen: 290659K(376832K)->290675K(376832K)
[529.979s][info][gc,metaspace   ] GC(960) Metaspace: 57720K(58048K)->57720K(58048K) NonClass: 52100K(52352K)->52100K(52352K) Class: 5619K(5696K)->5619K(5696K)
[529.979s][info][gc             ] GC(960) Pause Young (Allocation Failure) 424M->285M(504M) 2.874ms
[529.979s][info][gc,cpu         ] GC(960) User=0.00s Sys=0.00s Real=0.00s
[530.308s][info][gc,start       ] GC(961) Pause Young (Allocation Failure)
[530.330s][info][gc,heap        ] GC(961) PSYoungGen: 139549K(139776K)->3647K(169472K) Eden: 138240K(138240K)->0K(165376K) From: 1309K(1536K)->3647K(4096K)
[530.330s][info][gc,heap        ] GC(961) ParOldGen: 290675K(376832K)->290691K(376832K)
[530.330s][info][gc,metaspace   ] GC(961) Metaspace: 57720K(58048K)->57720K(58048K) NonClass: 52100K(52352K)->52100K(52352K) Class: 5619K(5696K)->5619K(5696K)
[530.330s][info][gc             ] GC(961) Pause Young (Allocation Failure) 420M->287M(533M) 21.533ms
[530.330s][info][gc,cpu         ] GC(961) User=0.01s Sys=0.00s Real=0.02s
[530.687s][info][gc,start       ] GC(962) Pause Young (Allocation Failure)
[530.690s][info][gc,heap        ] GC(962) PSYoungGen: 169023K(169472K)->1728K(199680K) Eden: 165376K(165376K)->0K(197632K) From: 3647K(4096K)->1728K(2048K)
[530.690s][info][gc,heap        ] GC(962) ParOldGen: 290691K(376832K)->290707K(376832K)
[530.690s][info][gc,metaspace   ] GC(962) Metaspace: 57720K(58048K)->57720K(58048K) NonClass: 52100K(52352K)->52100K(52352K) Class: 5619K(5696K)->5619K(5696K)
[530.690s][info][gc             ] GC(962) Pause Young (Allocation Failure) 448M->285M(563M) 3.627ms
[530.690s][info][gc,cpu         ] GC(962) User=0.01s Sys=0.00s Real=0.00s
[531.176s][info][gc,start       ] GC(963) Pause Young (Allocation Failure)
[531.178s][info][gc,heap        ] GC(963) PSYoungGen: 199360K(199680K)->1151K(237568K) Eden: 197632K(197632K)->0K(236032K) From: 1728K(2048K)->1151K(1536K)
[531.178s][info][gc,heap        ] GC(963) ParOldGen: 290707K(376832K)->290723K(376832K)
[531.178s][info][gc,metaspace   ] GC(963) Metaspace: 57720K(58048K)->57720K(58048K) NonClass: 52100K(52352K)->52100K(52352K) Class: 5619K(5696K)->5619K(5696K)
[531.178s][info][gc             ] GC(963) Pause Young (Allocation Failure) 478M->285M(600M) 2.649ms
[531.178s][info][gc,cpu         ] GC(963) User=0.00s Sys=0.00s Real=0.00s
[531.805s][info][gc,start       ] GC(964) Pause Young (Allocation Failure)
[531.809s][info][gc,heap        ] GC(964) PSYoungGen: 237160K(237568K)->2623K(247296K) Eden: 236009K(236032K)->0K(243200K) From: 1151K(1536K)->2623K(4096K)
[531.809s][info][gc,heap        ] GC(964) ParOldGen: 290723K(376832K)->290739K(376832K)
[531.809s][info][gc,metaspace   ] GC(964) Metaspace: 57720K(58048K)->57720K(58048K) NonClass: 52100K(52352K)->52100K(52352K) Class: 5619K(5696K)->5619K(5696K)
[531.809s][info][gc             ] GC(964) Pause Young (Allocation Failure) 515M->286M(609M) 4.486ms
[531.809s][info][gc,cpu         ] GC(964) User=0.01s Sys=0.00s Real=0.00s
[532.392s][info][gc,start       ] GC(965) Pause Young (Allocation Failure)
[532.396s][info][gc,heap        ] GC(965) PSYoungGen: 245823K(247296K)->2623K(247296K) Eden: 243200K(243200K)->0K(243200K) From: 2623K(4096K)->2623K(4096K)
[532.396s][info][gc,heap        ] GC(965) ParOldGen: 290739K(376832K)->290755K(376832K)
[532.396s][info][gc,metaspace   ] GC(965) Metaspace: 57720K(58048K)->57720K(58048K) NonClass: 52100K(52352K)->52100K(52352K) Class: 5619K(5696K)->5619K(5696K)
[532.396s][info][gc             ] GC(965) Pause Young (Allocation Failure) 523M->286M(609M) 4.253ms
[532.396s][info][gc,cpu         ] GC(965) User=0.01s Sys=0.00s Real=0.00s
[532.982s][info][gc,start       ] GC(966) Pause Young (Allocation Failure)
[532.985s][info][gc,heap        ] GC(966) PSYoungGen: 245823K(247296K)->1382K(293376K) Eden: 243200K(243200K)->0K(289280K) From: 2623K(4096K)->1382K(4096K)
[532.985s][info][gc,heap        ] GC(966) ParOldGen: 290755K(376832K)->290771K(376832K)
[532.985s][info][gc,metaspace   ] GC(966) Metaspace: 57720K(58048K)->57720K(58048K) NonClass: 52100K(52352K)->52100K(52352K) Class: 5619K(5696K)->5619K(5696K)
[532.985s][info][gc             ] GC(966) Pause Young (Allocation Failure) 524M->285M(654M) 3.496ms
[532.985s][info][gc,cpu         ] GC(966) User=0.01s Sys=0.00s Real=0.00s
[533.637s][info][gc,start       ] GC(967) Pause Young (Allocation Failure)
[533.642s][info][gc,heap        ] GC(967) PSYoungGen: 290504K(293376K)->640K(279040K) Eden: 289121K(289280K)->0K(278016K) From: 1382K(4096K)->640K(1024K)
[533.642s][info][gc,heap        ] GC(967) ParOldGen: 290771K(376832K)->290787K(376832K)
[533.642s][info][gc,metaspace   ] GC(967) Metaspace: 57720K(58048K)->57720K(58048K) NonClass: 52100K(52352K)->52100K(52352K) Class: 5619K(5696K)->5619K(5696K)
[533.642s][info][gc             ] GC(967) Pause Young (Allocation Failure) 567M->284M(640M) 5.123ms
[533.642s][info][gc,cpu         ] GC(967) User=0.00s Sys=0.00s Real=0.01s
[534.291s][info][gc,start       ] GC(968) Pause Young (Allocation Failure)
[534.298s][info][gc,heap        ] GC(968) PSYoungGen: 278656K(279040K)->3134K(289280K) Eden: 278016K(278016K)->0K(285696K) From: 640K(1024K)->3134K(3584K)
[534.298s][info][gc,heap        ] GC(968) ParOldGen: 290787K(376832K)->290803K(376832K)
[534.298s][info][gc,metaspace   ] GC(968) Metaspace: 57720K(58048K)->57720K(58048K) NonClass: 52100K(52352K)->52100K(52352K) Class: 5619K(5696K)->5619K(5696K)
[534.298s][info][gc             ] GC(968) Pause Young (Allocation Failure) 556M->287M(650M) 6.750ms
[534.298s][info][gc,cpu         ] GC(968) User=0.01s Sys=0.00s Real=0.00s
[535.053s][info][gc,start       ] GC(969) Pause Young (Allocation Failure)
[535.055s][info][gc,heap        ] GC(969) PSYoungGen: 288830K(289280K)->766K(275456K) Eden: 285696K(285696K)->0K(274432K) From: 3134K(3584K)->766K(1024K)
[535.055s][info][gc,heap        ] GC(969) ParOldGen: 290803K(376832K)->290819K(376832K)
[535.055s][info][gc,metaspace   ] GC(969) Metaspace: 57720K(58048K)->57720K(58048K) NonClass: 52100K(52352K)->52100K(52352K) Class: 5619K(5696K)->5619K(5696K)
[535.055s][info][gc             ] GC(969) Pause Young (Allocation Failure) 566M->284M(637M) 2.549ms
[535.055s][info][gc,cpu         ] GC(969) User=0.00s Sys=0.00s Real=0.00s
[535.625s][info][gc,start       ] GC(970) Pause Young (Allocation Failure)
[535.627s][info][gc,heap        ] GC(970) PSYoungGen: 275198K(275456K)->863K(264704K) Eden: 274432K(274432K)->0K(263680K) From: 766K(1024K)->863K(1024K)
[535.627s][info][gc,heap        ] GC(970) ParOldGen: 290819K(376832K)->290835K(376832K)
[535.627s][info][gc,metaspace   ] GC(970) Metaspace: 57720K(58048K)->57720K(58048K) NonClass: 52100K(52352K)->52100K(52352K) Class: 5619K(5696K)->5619K(5696K)
[535.627s][info][gc             ] GC(970) Pause Young (Allocation Failure) 552M->284M(626M) 2.522ms
[535.627s][info][gc,cpu         ] GC(970) User=0.00s Sys=0.00s Real=0.00s
[536.297s][info][gc,start       ] GC(971) Pause Young (Allocation Failure)
[536.300s][info][gc,heap        ] GC(971) PSYoungGen: 264543K(264704K)->1759K(258048K) Eden: 263680K(263680K)->0K(253440K) From: 863K(1024K)->1759K(4608K)
[536.300s][info][gc,heap        ] GC(971) ParOldGen: 290835K(376832K)->290851K(376832K)
[536.300s][info][gc,metaspace   ] GC(971) Metaspace: 57720K(58048K)->57720K(58048K) NonClass: 52100K(52352K)->52100K(52352K) Class: 5619K(5696K)->5619K(5696K)
[536.300s][info][gc             ] GC(971) Pause Young (Allocation Failure) 542M->285M(620M) 3.242ms
[536.300s][info][gc,cpu         ] GC(971) User=0.00s Sys=0.00s Real=0.00s
[536.875s][info][gc,start       ] GC(972) Pause Young (Allocation Failure)
[536.878s][info][gc,heap        ] GC(972) PSYoungGen: 255199K(258048K)->1467K(245248K) Eden: 253440K(253440K)->0K(243712K) From: 1759K(4608K)->1467K(1536K)
[536.878s][info][gc,heap        ] GC(972) ParOldGen: 290851K(376832K)->290867K(376832K)
[536.878s][info][gc,metaspace   ] GC(972) Metaspace: 57720K(58048K)->57720K(58048K) NonClass: 52100K(52352K)->52100K(52352K) Class: 5619K(5696K)->5619K(5696K)
[536.878s][info][gc             ] GC(972) Pause Young (Allocation Failure) 533M->285M(607M) 2.949ms
[536.878s][info][gc,cpu         ] GC(972) User=0.01s Sys=0.00s Real=0.00s
[537.420s][info][gc,start       ] GC(973) Pause Young (Allocation Failure)
[537.422s][info][gc,heap        ] GC(973) PSYoungGen: 245179K(245248K)->1311K(236032K) Eden: 243712K(243712K)->0K(234496K) From: 1467K(1536K)->1311K(1536K)
[537.422s][info][gc,heap        ] GC(973) ParOldGen: 290867K(376832K)->290883K(376832K)
[537.423s][info][gc,metaspace   ] GC(973) Metaspace: 57720K(58048K)->57720K(58048K) NonClass: 52100K(52352K)->52100K(52352K) Class: 5619K(5696K)->5619K(5696K)
[537.423s][info][gc             ] GC(973) Pause Young (Allocation Failure) 523M->285M(598M) 2.855ms
[537.423s][info][gc,cpu         ] GC(973) User=0.01s Sys=0.00s Real=0.01s
[538.076s][info][gc,start       ] GC(974) Pause Young (Allocation Failure)
[538.086s][info][gc,heap        ] GC(974) PSYoungGen: 218842K(236032K)->64K(226304K) Eden: 217530K(234496K)->0K(225792K) From: 1311K(1536K)->64K(512K)
[538.086s][info][gc,heap        ] GC(974) ParOldGen: 290883K(376832K)->329961K(376832K)
[538.086s][info][gc,metaspace   ] GC(974) Metaspace: 57723K(58048K)->57723K(58048K) NonClass: 52103K(52352K)->52103K(52352K) Class: 5619K(5696K)->5619K(5696K)
[538.086s][info][gc             ] GC(974) Pause Young (Allocation Failure) 497M->322M(589M) 10.423ms
[538.086s][info][gc,cpu         ] GC(974) User=0.02s Sys=0.00s Real=0.01s
[540.499s][info][gc,start       ] GC(975) Pause Young (Allocation Failure)
[540.558s][info][gc,heap        ] GC(975) PSYoungGen: 225856K(226304K)->4089K(273408K) Eden: 225792K(225792K)->0K(269312K) From: 64K(512K)->4089K(4096K)
[540.558s][info][gc,heap        ] GC(975) ParOldGen: 329961K(376832K)->434350K(434688K)
[540.558s][info][gc,metaspace   ] GC(975) Metaspace: 57801K(58112K)->57801K(58112K) NonClass: 52181K(52416K)->52181K(52416K) Class: 5619K(5696K)->5619K(5696K)
[540.558s][info][gc             ] GC(975) Pause Young (Allocation Failure) 542M->428M(691M) 58.527ms
[540.558s][info][gc,cpu         ] GC(975) User=0.08s Sys=0.04s Real=0.06s
[541.098s][info][gc,start       ] GC(976) Pause Young (Allocation Failure)
[541.113s][info][gc,heap        ] GC(976) PSYoungGen: 273341K(273408K)->2624K(291840K) Eden: 269251K(269312K)->0K(248320K) From: 4089K(4096K)->2624K(43520K)
[541.113s][info][gc,heap        ] GC(976) ParOldGen: 434350K(434688K)->438448K(438784K)
[541.113s][info][gc,metaspace   ] GC(976) Metaspace: 57801K(58112K)->57801K(58112K) NonClass: 52181K(52416K)->52181K(52416K) Class: 5619K(5696K)->5619K(5696K)
[541.113s][info][gc             ] GC(976) Pause Young (Allocation Failure) 691M->430M(713M) 14.590ms
[541.113s][info][gc,cpu         ] GC(976) User=0.02s Sys=0.01s Real=0.02s
[541.690s][info][gc,start       ] GC(977) Pause Young (Allocation Failure)
[541.695s][info][gc,heap        ] GC(977) PSYoungGen: 250944K(291840K)->2591K(251392K) Eden: 248320K(248320K)->0K(248320K) From: 2624K(43520K)->2591K(3072K)
[541.695s][info][gc,heap        ] GC(977) ParOldGen: 438448K(438784K)->438631K(438784K)
[541.695s][info][gc,metaspace   ] GC(977) Metaspace: 57801K(58112K)->57801K(58112K) NonClass: 52181K(52416K)->52181K(52416K) Class: 5619K(5696K)->5619K(5696K)
[541.695s][info][gc             ] GC(977) Pause Young (Allocation Failure) 673M->430M(674M) 5.237ms
[541.695s][info][gc,cpu         ] GC(977) User=0.01s Sys=0.01s Real=0.01s
[542.279s][info][gc,start       ] GC(978) Pause Young (Allocation Failure)
[542.283s][info][gc,heap        ] GC(978) PSYoungGen: 250911K(251392K)->1504K(290304K) Eden: 248320K(248320K)->0K(249856K) From: 2591K(3072K)->1504K(40448K)
[542.283s][info][gc,heap        ] GC(978) ParOldGen: 438631K(438784K)->438647K(438784K)
[542.283s][info][gc,metaspace   ] GC(978) Metaspace: 57801K(58112K)->57801K(58112K) NonClass: 52181K(52416K)->52181K(52416K) Class: 5619K(5696K)->5619K(5696K)
[542.283s][info][gc             ] GC(978) Pause Young (Allocation Failure) 673M->429M(712M) 4.034ms
[542.283s][info][gc,cpu         ] GC(978) User=0.01s Sys=0.00s Real=0.01s
[542.880s][info][gc,start       ] GC(979) Pause Young (Allocation Failure)
[542.883s][info][gc,heap        ] GC(979) PSYoungGen: 251360K(290304K)->1183K(288768K) Eden: 249856K(249856K)->0K(249856K) From: 1504K(40448K)->1183K(38912K)
[542.883s][info][gc,heap        ] GC(979) ParOldGen: 438647K(438784K)->438663K(438784K)
[542.883s][info][gc,metaspace   ] GC(979) Metaspace: 57801K(58112K)->57801K(58112K) NonClass: 52181K(52416K)->52181K(52416K) Class: 5619K(5696K)->5619K(5696K)
[542.883s][info][gc             ] GC(979) Pause Young (Allocation Failure) 673M->429M(710M) 2.825ms
[542.883s][info][gc,cpu         ] GC(979) User=0.01s Sys=0.00s Real=0.01s
[543.473s][info][gc,start       ] GC(980) Pause Young (Allocation Failure)
[543.475s][info][gc,heap        ] GC(980) PSYoungGen: 251039K(288768K)->640K(261120K) Eden: 249856K(249856K)->0K(240640K) From: 1183K(38912K)->640K(20480K)
[543.475s][info][gc,heap        ] GC(980) ParOldGen: 438663K(438784K)->438679K(438784K)
[543.475s][info][gc,metaspace   ] GC(980) Metaspace: 57801K(58112K)->57801K(58112K) NonClass: 52181K(52416K)->52181K(52416K) Class: 5619K(5696K)->5619K(5696K)
[543.475s][info][gc             ] GC(980) Pause Young (Allocation Failure) 673M->429M(683M) 2.506ms
[543.475s][info][gc,cpu         ] GC(980) User=0.00s Sys=0.00s Real=0.00s
[544.002s][info][gc,start       ] GC(981) Pause Young (Allocation Failure)
[544.007s][info][gc,heap        ] GC(981) PSYoungGen: 241251K(261120K)->2624K(235008K) Eden: 240611K(240640K)->0K(231936K) From: 640K(20480K)->2624K(3072K)
[544.007s][info][gc,heap        ] GC(981) ParOldGen: 438679K(438784K)->438695K(438784K)
[544.007s][info][gc,metaspace   ] GC(981) Metaspace: 57801K(58112K)->57801K(58112K) NonClass: 52181K(52416K)->52181K(52416K) Class: 5619K(5696K)->5619K(5696K)
[544.007s][info][gc             ] GC(981) Pause Young (Allocation Failure) 663M->430M(658M) 4.926ms
[544.007s][info][gc,cpu         ] GC(981) User=0.01s Sys=0.00s Real=0.00s
[544.577s][info][gc,start       ] GC(982) Pause Young (Allocation Failure)
[544.581s][info][gc,heap        ] GC(982) PSYoungGen: 234560K(235008K)->1599K(245248K) Eden: 231936K(231936K)->0K(223232K) From: 2624K(3072K)->1599K(22016K)
[544.581s][info][gc,heap        ] GC(982) ParOldGen: 438695K(438784K)->438711K(438784K)
[544.581s][info][gc,metaspace   ] GC(982) Metaspace: 57801K(58112K)->57801K(58112K) NonClass: 52181K(52416K)->52181K(52416K) Class: 5619K(5696K)->5619K(5696K)
[544.581s][info][gc             ] GC(982) Pause Young (Allocation Failure) 657M->429M(668M) 3.782ms
[544.581s][info][gc,cpu         ] GC(982) User=0.01s Sys=0.00s Real=0.01s
[545.093s][info][gc,start       ] GC(983) Pause Young (Allocation Failure)
[545.097s][info][gc,heap        ] GC(983) PSYoungGen: 224831K(245248K)->2399K(217600K) Eden: 223232K(223232K)->0K(215040K) From: 1599K(22016K)->2399K(2560K)
[545.098s][info][gc,heap        ] GC(983) ParOldGen: 438711K(438784K)->438727K(438784K)
[545.098s][info][gc,metaspace   ] GC(983) Metaspace: 57801K(58112K)->57801K(58112K) NonClass: 52181K(52416K)->52181K(52416K) Class: 5619K(5696K)->5619K(5696K)
[545.098s][info][gc             ] GC(983) Pause Young (Allocation Failure) 647M->430M(641M) 4.964ms
[545.098s][info][gc,cpu         ] GC(983) User=0.01s Sys=0.00s Real=0.00s
[545.594s][info][gc,start       ] GC(984) Pause Young (Allocation Failure)
[545.600s][info][gc,heap        ] GC(984) PSYoungGen: 217439K(217600K)->3007K(226304K) Eden: 215040K(215040K)->0K(207360K) From: 2399K(2560K)->3007K(18944K)
[545.600s][info][gc,heap        ] GC(984) ParOldGen: 438727K(438784K)->438743K(438784K)
[545.600s][info][gc,metaspace   ] GC(984) Metaspace: 57801K(58112K)->57801K(58112K) NonClass: 52181K(52416K)->52181K(52416K) Class: 5619K(5696K)->5619K(5696K)
[545.600s][info][gc             ] GC(984) Pause Young (Allocation Failure) 640M->431M(649M) 5.928ms
[545.600s][info][gc,cpu         ] GC(984) User=0.01s Sys=0.00s Real=0.00s
[546.093s][info][gc,start       ] GC(985) Pause Young (Allocation Failure)
[546.099s][info][gc,heap        ] GC(985) PSYoungGen: 210367K(226304K)->2815K(203264K) Eden: 207360K(207360K)->0K(200192K) From: 3007K(18944K)->2815K(3072K)
[546.099s][info][gc,heap        ] GC(985) ParOldGen: 438743K(438784K)->438759K(438784K)
[546.099s][info][gc,metaspace   ] GC(985) Metaspace: 57801K(58112K)->57801K(58112K) NonClass: 52181K(52416K)->52181K(52416K) Class: 5619K(5696K)->5619K(5696K)
[546.099s][info][gc             ] GC(985) Pause Young (Allocation Failure) 633M->431M(627M) 5.625ms
[546.099s][info][gc,cpu         ] GC(985) User=0.01s Sys=0.00s Real=0.00s
[546.587s][info][gc,start       ] GC(986) Pause Young (Allocation Failure)
[546.592s][info][gc,heap        ] GC(986) PSYoungGen: 203007K(203264K)->2431K(209920K) Eden: 200192K(200192K)->0K(193024K) From: 2815K(3072K)->2431K(16896K)
[546.592s][info][gc,heap        ] GC(986) ParOldGen: 438759K(438784K)->438775K(438784K)
[546.592s][info][gc,metaspace   ] GC(986) Metaspace: 57801K(58112K)->57801K(58112K) NonClass: 52181K(52416K)->52181K(52416K) Class: 5619K(5696K)->5619K(5696K)
[546.592s][info][gc             ] GC(986) Pause Young (Allocation Failure) 626M->430M(633M) 5.121ms
[546.592s][info][gc,cpu         ] GC(986) User=0.00s Sys=0.00s Real=0.01s
[547.023s][info][gc,start       ] GC(987) Pause Young (Allocation Failure)
[547.027s][info][gc,heap        ] GC(987) PSYoungGen: 195262K(209920K)->1120K(187904K) Eden: 192831K(193024K)->0K(186368K) From: 2431K(16896K)->1120K(1536K)
[547.027s][info][gc,heap        ] GC(987) ParOldGen: 438775K(438784K)->438791K(439296K)
[547.027s][info][gc,metaspace   ] GC(987) Metaspace: 57801K(58112K)->57801K(58112K) NonClass: 52181K(52416K)->52181K(52416K) Class: 5619K(5696K)->5619K(5696K)
[547.027s][info][gc             ] GC(987) Pause Young (Allocation Failure) 619M->429M(612M) 3.929ms
[547.027s][info][gc,cpu         ] GC(987) User=0.00s Sys=0.00s Real=0.00s
[547.484s][info][gc,start       ] GC(988) Pause Young (Allocation Failure)
[547.489s][info][gc,heap        ] GC(988) PSYoungGen: 187488K(187904K)->1983K(195072K) Eden: 186368K(186368K)->0K(179712K) From: 1120K(1536K)->1983K(15360K)
[547.489s][info][gc,heap        ] GC(988) ParOldGen: 438791K(439296K)->438807K(439296K)
[547.489s][info][gc,metaspace   ] GC(988) Metaspace: 57801K(58112K)->57801K(58112K) NonClass: 52181K(52416K)->52181K(52416K) Class: 5619K(5696K)->5619K(5696K)
[547.489s][info][gc             ] GC(988) Pause Young (Allocation Failure) 611M->430M(619M) 5.132ms
[547.489s][info][gc,cpu         ] GC(988) User=0.01s Sys=0.00s Real=0.00s
[547.941s][info][gc,start       ] GC(989) Pause Young (Allocation Failure)
[547.947s][info][gc,heap        ] GC(989) PSYoungGen: 181695K(195072K)->2719K(176640K) Eden: 179712K(179712K)->0K(173568K) From: 1983K(15360K)->2719K(3072K)
[547.947s][info][gc,heap        ] GC(989) ParOldGen: 438807K(439296K)->438823K(439296K)
[547.947s][info][gc,metaspace   ] GC(989) Metaspace: 57801K(58112K)->57801K(58112K) NonClass: 52181K(52416K)->52181K(52416K) Class: 5619K(5696K)->5619K(5696K)
[547.947s][info][gc             ] GC(989) Pause Young (Allocation Failure) 605M->431M(601M) 5.204ms
[547.947s][info][gc,cpu         ] GC(989) User=0.01s Sys=0.00s Real=0.00s
[548.298s][info][gc,start       ] GC(990) Pause Young (Allocation Failure)
[548.303s][info][gc,heap        ] GC(990) PSYoungGen: 176287K(176640K)->3199K(196608K) Eden: 173568K(173568K)->0K(175104K) From: 2719K(3072K)->3199K(21504K)
[548.303s][info][gc,heap        ] GC(990) ParOldGen: 438823K(439296K)->438839K(439296K)
[548.303s][info][gc,metaspace   ] GC(990) Metaspace: 57801K(58112K)->57801K(58112K) NonClass: 52181K(52416K)->52181K(52416K) Class: 5619K(5696K)->5619K(5696K)
[548.303s][info][gc             ] GC(990) Pause Young (Allocation Failure) 600M->431M(621M) 5.391ms
[548.303s][info][gc,cpu         ] GC(990) User=0.01s Sys=0.00s Real=0.01s
[548.707s][info][gc,start       ] GC(991) Pause Young (Allocation Failure)
[548.711s][info][gc,heap        ] GC(991) PSYoungGen: 178303K(196608K)->1887K(195072K) Eden: 175104K(175104K)->0K(175104K) From: 3199K(21504K)->1887K(19968K)
[548.711s][info][gc,heap        ] GC(991) ParOldGen: 438839K(439296K)->438855K(439296K)
[548.711s][info][gc,metaspace   ] GC(991) Metaspace: 57801K(58112K)->57801K(58112K) NonClass: 52181K(52416K)->52181K(52416K) Class: 5619K(5696K)->5619K(5696K)
[548.711s][info][gc             ] GC(991) Pause Young (Allocation Failure) 602M->430M(619M) 3.566ms
[548.711s][info][gc,cpu         ] GC(991) User=0.01s Sys=0.00s Real=0.00s
[549.170s][info][gc,start       ] GC(992) Pause Young (Allocation Failure)
[549.172s][info][gc,heap        ] GC(992) PSYoungGen: 176991K(195072K)->224K(169472K) Eden: 175104K(175104K)->0K(168960K) From: 1887K(19968K)->224K(512K)
[549.172s][info][gc,heap        ] GC(992) ParOldGen: 438855K(439296K)->438871K(439296K)
[549.172s][info][gc,metaspace   ] GC(992) Metaspace: 57801K(58112K)->57801K(58112K) NonClass: 52181K(52416K)->52181K(52416K) Class: 5619K(5696K)->5619K(5696K)
[549.172s][info][gc             ] GC(992) Pause Young (Allocation Failure) 601M->428M(594M) 2.025ms
[549.172s][info][gc,cpu         ] GC(992) User=0.00s Sys=0.00s Real=0.01s
[549.573s][info][gc,start       ] GC(993) Pause Young (Allocation Failure)
[549.575s][info][gc,heap        ] GC(993) PSYoungGen: 169184K(169472K)->671K(181248K) Eden: 168960K(168960K)->0K(163328K) From: 224K(512K)->671K(17920K)
[549.575s][info][gc,heap        ] GC(993) ParOldGen: 438871K(439296K)->438887K(439296K)
[549.575s][info][gc,metaspace   ] GC(993) Metaspace: 57801K(58112K)->57801K(58112K) NonClass: 52181K(52416K)->52181K(52416K) Class: 5619K(5696K)->5619K(5696K)
[549.575s][info][gc             ] GC(993) Pause Young (Allocation Failure) 593M->429M(606M) 2.134ms
[549.575s][info][gc,cpu         ] GC(993) User=0.01s Sys=0.00s Real=0.00s
[549.920s][info][gc,start       ] GC(994) Pause Young (Allocation Failure)
[549.922s][info][gc,heap        ] GC(994) PSYoungGen: 163999K(181248K)->435K(158720K) Eden: 163327K(163328K)->0K(158208K) From: 671K(17920K)->435K(512K)
[549.922s][info][gc,heap        ] GC(994) ParOldGen: 438887K(439296K)->438903K(439296K)
[549.922s][info][gc,metaspace   ] GC(994) Metaspace: 57801K(58112K)->57801K(58112K) NonClass: 52181K(52416K)->52181K(52416K) Class: 5619K(5696K)->5619K(5696K)
[549.922s][info][gc             ] GC(994) Pause Young (Allocation Failure) 588M->429M(584M) 2.478ms
[549.922s][info][gc,cpu         ] GC(994) User=0.00s Sys=0.00s Real=0.01s
[550.300s][info][gc,start       ] GC(995) Pause Young (Allocation Failure)
[550.304s][info][gc,heap        ] GC(995) PSYoungGen: 158643K(158720K)->2304K(169472K) Eden: 158208K(158208K)->0K(153088K) From: 435K(512K)->2304K(16384K)
[550.304s][info][gc,heap        ] GC(995) ParOldGen: 438903K(439296K)->438919K(439296K)
[550.304s][info][gc,metaspace   ] GC(995) Metaspace: 57801K(58112K)->57801K(58112K) NonClass: 52181K(52416K)->52181K(52416K) Class: 5619K(5696K)->5619K(5696K)
[550.304s][info][gc             ] GC(995) Pause Young (Allocation Failure) 583M->430M(594M) 4.297ms
[550.304s][info][gc,cpu         ] GC(995) User=0.01s Sys=0.00s Real=0.01s
[550.687s][info][gc,start       ] GC(996) Pause Young (Allocation Failure)
[550.692s][info][gc,heap        ] GC(996) PSYoungGen: 155392K(169472K)->1440K(149504K) Eden: 153088K(153088K)->0K(147968K) From: 2304K(16384K)->1440K(1536K)
[550.692s][info][gc,heap        ] GC(996) ParOldGen: 438919K(439296K)->438935K(439296K)
[550.692s][info][gc,metaspace   ] GC(996) Metaspace: 57801K(58112K)->57801K(58112K) NonClass: 52181K(52416K)->52181K(52416K) Class: 5619K(5696K)->5619K(5696K)
[550.692s][info][gc             ] GC(996) Pause Young (Allocation Failure) 580M->430M(575M) 5.250ms
[550.692s][info][gc,cpu         ] GC(996) User=0.01s Sys=0.01s Real=0.01s
[551.017s][info][gc,start       ] GC(997) Pause Young (Allocation Failure)
[551.021s][info][gc,heap        ] GC(997) PSYoungGen: 149355K(149504K)->1056K(157696K) Eden: 147915K(147968K)->0K(143360K) From: 1440K(1536K)->1056K(14336K)
[551.021s][info][gc,heap        ] GC(997) ParOldGen: 438935K(439296K)->438951K(439296K)
[551.021s][info][gc,metaspace   ] GC(997) Metaspace: 57801K(58112K)->57801K(58112K) NonClass: 52181K(52416K)->52181K(52416K) Class: 5619K(5696K)->5619K(5696K)
[551.021s][info][gc             ] GC(997) Pause Young (Allocation Failure) 574M->429M(583M) 3.120ms
[551.021s][info][gc,cpu         ] GC(997) User=0.01s Sys=0.00s Real=0.00s
[551.383s][info][gc,start       ] GC(998) Pause Young (Allocation Failure)
[551.387s][info][gc,heap        ] GC(998) PSYoungGen: 144416K(157696K)->1887K(140800K) Eden: 143360K(143360K)->0K(138752K) From: 1056K(14336K)->1887K(2048K)
[551.388s][info][gc,heap        ] GC(998) ParOldGen: 438951K(439296K)->438967K(439296K)
[551.388s][info][gc,metaspace   ] GC(998) Metaspace: 57801K(58112K)->57801K(58112K) NonClass: 52181K(52416K)->52181K(52416K) Class: 5619K(5696K)->5619K(5696K)
[551.388s][info][gc             ] GC(998) Pause Young (Allocation Failure) 569M->430M(566M) 4.521ms
[551.388s][info][gc,cpu         ] GC(998) User=0.00s Sys=0.00s Real=0.00s
[551.693s][info][gc,start       ] GC(999) Pause Young (Allocation Failure)
[551.698s][info][gc,heap        ] GC(999) PSYoungGen: 140639K(140800K)->3519K(173568K) Eden: 138752K(138752K)->0K(161280K) From: 1887K(2048K)->3519K(12288K)
[551.698s][info][gc,heap        ] GC(999) ParOldGen: 438967K(439296K)->438983K(439296K)
[551.698s][info][gc,metaspace   ] GC(999) Metaspace: 57801K(58112K)->57801K(58112K) NonClass: 52181K(52416K)->52181K(52416K) Class: 5619K(5696K)->5619K(5696K)
[551.698s][info][gc             ] GC(999) Pause Young (Allocation Failure) 566M->432M(598M) 5.740ms
[551.698s][info][gc,cpu         ] GC(999) User=0.01s Sys=0.00s Real=0.00s
[552.091s][info][gc,start       ] GC(1000) Pause Young (Allocation Failure)
[552.095s][info][gc,heap        ] GC(1000) PSYoungGen: 164762K(173568K)->2336K(177664K) Eden: 161243K(161280K)->0K(165888K) From: 3519K(12288K)->2336K(11776K)
[552.095s][info][gc,heap        ] GC(1000) ParOldGen: 438983K(439296K)->438999K(439296K)
[552.095s][info][gc,metaspace   ] GC(1000) Metaspace: 57801K(58112K)->57801K(58112K) NonClass: 52181K(52416K)->52181K(52416K) Class: 5619K(5696K)->5619K(5696K)
[552.095s][info][gc             ] GC(1000) Pause Young (Allocation Failure) 589M->430M(602M) 4.474ms
[552.095s][info][gc,cpu         ] GC(1000) User=0.01s Sys=0.00s Real=0.01s
[552.483s][info][gc,start       ] GC(1001) Pause Young (Allocation Failure)
[552.487s][info][gc,heap        ] GC(1001) PSYoungGen: 168224K(177664K)->2015K(177152K) Eden: 165888K(165888K)->0K(165888K) From: 2336K(11776K)->2015K(11264K)
[552.487s][info][gc,heap        ] GC(1001) ParOldGen: 438999K(439296K)->439015K(439296K)
[552.487s][info][gc,metaspace   ] GC(1001) Metaspace: 57801K(58112K)->57801K(58112K) NonClass: 52181K(52416K)->52181K(52416K) Class: 5619K(5696K)->5619K(5696K)
[552.487s][info][gc             ] GC(1001) Pause Young (Allocation Failure) 592M->430M(602M) 3.605ms
[552.487s][info][gc,cpu         ] GC(1001) User=0.01s Sys=0.00s Real=0.00s
[552.884s][info][gc,start       ] GC(1002) Pause Young (Allocation Failure)
[552.888s][info][gc,heap        ] GC(1002) PSYoungGen: 167903K(177152K)->1664K(206848K) Eden: 165888K(165888K)->0K(197632K) From: 2015K(11264K)->1664K(9216K)
[552.888s][info][gc,heap        ] GC(1002) ParOldGen: 439015K(439296K)->439031K(439296K)
[552.888s][info][gc,metaspace   ] GC(1002) Metaspace: 57801K(58112K)->57801K(58112K) NonClass: 52181K(52416K)->52181K(52416K) Class: 5619K(5696K)->5619K(5696K)
[552.888s][info][gc             ] GC(1002) Pause Young (Allocation Failure) 592M->430M(631M) 4.547ms
[552.889s][info][gc,cpu         ] GC(1002) User=0.01s Sys=0.00s Real=0.00s
[553.326s][info][gc,start       ] GC(1003) Pause Young (Allocation Failure)
[553.329s][info][gc,heap        ] GC(1003) PSYoungGen: 199296K(206848K)->863K(207360K) Eden: 197632K(197632K)->0K(197632K) From: 1664K(9216K)->863K(9728K)
[553.329s][info][gc,heap        ] GC(1003) ParOldGen: 439031K(439296K)->439047K(439296K)
[553.329s][info][gc,metaspace   ] GC(1003) Metaspace: 57801K(58112K)->57801K(58112K) NonClass: 52181K(52416K)->52181K(52416K) Class: 5619K(5696K)->5619K(5696K)
[553.329s][info][gc             ] GC(1003) Pause Young (Allocation Failure) 623M->429M(631M) 2.873ms
[553.329s][info][gc,cpu         ] GC(1003) User=0.00s Sys=0.00s Real=0.00s
[553.801s][info][gc,start       ] GC(1004) Pause Young (Allocation Failure)
[553.807s][info][gc,heap        ] GC(1004) PSYoungGen: 198495K(207360K)->2400K(244224K) Eden: 197632K(197632K)->0K(235520K) From: 863K(9728K)->2400K(8704K)
[553.807s][info][gc,heap        ] GC(1004) ParOldGen: 439047K(439296K)->439063K(439296K)
[553.807s][info][gc,metaspace   ] GC(1004) Metaspace: 57801K(58112K)->57801K(58112K) NonClass: 52181K(52416K)->52181K(52416K) Class: 5619K(5696K)->5619K(5696K)
[553.807s][info][gc             ] GC(1004) Pause Young (Allocation Failure) 622M->431M(667M) 5.695ms
[553.807s][info][gc,cpu         ] GC(1004) User=0.01s Sys=0.00s Real=0.00s
[554.372s][info][gc,start       ] GC(1005) Pause Young (Allocation Failure)
[554.375s][info][gc,heap        ] GC(1005) PSYoungGen: 237920K(244224K)->385K(227328K) Eden: 235520K(235520K)->0K(226816K) From: 2400K(8704K)->385K(512K)
[554.375s][info][gc,heap        ] GC(1005) ParOldGen: 439063K(439296K)->439079K(439296K)
[554.375s][info][gc,metaspace   ] GC(1005) Metaspace: 57801K(58112K)->57801K(58112K) NonClass: 52181K(52416K)->52181K(52416K) Class: 5619K(5696K)->5619K(5696K)
[554.375s][info][gc             ] GC(1005) Pause Young (Allocation Failure) 661M->429M(651M) 2.337ms
[554.375s][info][gc,cpu         ] GC(1005) User=0.00s Sys=0.00s Real=0.00s
[554.888s][info][gc,start       ] GC(1006) Pause Young (Allocation Failure)
[554.893s][info][gc,heap        ] GC(1006) PSYoungGen: 227201K(227328K)->2526K(221184K) Eden: 226816K(226816K)->0K(218624K) From: 385K(512K)->2526K(2560K)
[554.893s][info][gc,heap        ] GC(1006) ParOldGen: 439079K(439296K)->439095K(439296K)
[554.893s][info][gc,metaspace   ] GC(1006) Metaspace: 57801K(58112K)->57801K(58112K) NonClass: 52181K(52416K)->52181K(52416K) Class: 5619K(5696K)->5619K(5696K)
[554.893s][info][gc             ] GC(1006) Pause Young (Allocation Failure) 650M->431M(645M) 5.135ms
[554.893s][info][gc,cpu         ] GC(1006) User=0.01s Sys=0.00s Real=0.01s
[555.396s][info][gc,start       ] GC(1007) Pause Young (Allocation Failure)
[555.402s][info][gc,heap        ] GC(1007) PSYoungGen: 221150K(221184K)->3391K(214528K) Eden: 218624K(218624K)->0K(210944K) From: 2526K(2560K)->3391K(3584K)
[555.402s][info][gc,heap        ] GC(1007) ParOldGen: 439095K(439296K)->439111K(439296K)
[555.402s][info][gc,metaspace   ] GC(1007) Metaspace: 57801K(58112K)->57801K(58112K) NonClass: 52181K(52416K)->52181K(52416K) Class: 5619K(5696K)->5619K(5696K)
[555.402s][info][gc             ] GC(1007) Pause Young (Allocation Failure) 644M->432M(638M) 5.678ms
[555.402s][info][gc,cpu         ] GC(1007) User=0.01s Sys=0.00s Real=0.01s
[555.895s][info][gc,start       ] GC(1008) Pause Young (Allocation Failure)
[555.900s][info][gc,heap        ] GC(1008) PSYoungGen: 214335K(214528K)->2688K(229376K) Eden: 210944K(210944K)->0K(221696K) From: 3391K(3584K)->2688K(7680K)
[555.900s][info][gc,heap        ] GC(1008) ParOldGen: 439111K(439296K)->439127K(439296K)
[555.900s][info][gc,metaspace   ] GC(1008) Metaspace: 57801K(58112K)->57801K(58112K) NonClass: 52181K(52416K)->52181K(52416K) Class: 5619K(5696K)->5619K(5696K)
[555.900s][info][gc             ] GC(1008) Pause Young (Allocation Failure) 638M->431M(653M) 5.398ms
[555.900s][info][gc,cpu         ] GC(1008) User=0.01s Sys=0.01s Real=0.00s
[556.404s][info][gc,start       ] GC(1009) Pause Young (Allocation Failure)
[556.409s][info][gc,heap        ] GC(1009) PSYoungGen: 224384K(229376K)->2687K(216576K) Eden: 221696K(221696K)->0K(213504K) From: 2688K(7680K)->2687K(3072K)
[556.409s][info][gc,heap        ] GC(1009) ParOldGen: 439127K(439296K)->439143K(439296K)
[556.409s][info][gc,metaspace   ] GC(1009) Metaspace: 57801K(58112K)->57801K(58112K) NonClass: 52181K(52416K)->52181K(52416K) Class: 5619K(5696K)->5619K(5696K)
[556.409s][info][gc             ] GC(1009) Pause Young (Allocation Failure) 647M->431M(640M) 5.054ms
[556.409s][info][gc,cpu         ] GC(1009) User=0.01s Sys=0.00s Real=0.00s
[556.911s][info][gc,start       ] GC(1010) Pause Young (Allocation Failure)
[556.916s][info][gc,heap        ] GC(1010) PSYoungGen: 216102K(216576K)->2367K(208384K) Eden: 213414K(213504K)->0K(205824K) From: 2687K(3072K)->2367K(2560K)
[556.916s][info][gc,heap        ] GC(1010) ParOldGen: 439143K(439296K)->439159K(439296K)
[556.916s][info][gc,metaspace   ] GC(1010) Metaspace: 57801K(58112K)->57801K(58112K) NonClass: 52181K(52416K)->52181K(52416K) Class: 5619K(5696K)->5619K(5696K)
[556.916s][info][gc             ] GC(1010) Pause Young (Allocation Failure) 639M->431M(632M) 4.406ms
[556.916s][info][gc,cpu         ] GC(1010) User=0.01s Sys=0.00s Real=0.00s
[557.447s][info][gc,start       ] GC(1011) Pause Young (Allocation Failure)
[557.453s][info][gc,heap        ] GC(1011) PSYoungGen: 207909K(208384K)->2688K(201728K) Eden: 205542K(205824K)->0K(198656K) From: 2367K(2560K)->2688K(3072K)
[557.453s][info][gc,heap        ] GC(1011) ParOldGen: 439159K(439296K)->439175K(439296K)
[557.453s][info][gc,metaspace   ] GC(1011) Metaspace: 57801K(58112K)->57801K(58112K) NonClass: 52181K(52416K)->52181K(52416K) Class: 5619K(5696K)->5619K(5696K)
[557.453s][info][gc             ] GC(1011) Pause Young (Allocation Failure) 631M->431M(626M) 5.331ms
[557.453s][info][gc,cpu         ] GC(1011) User=0.01s Sys=0.00s Real=0.01s
[557.892s][info][gc,start       ] GC(1012) Pause Young (Allocation Failure)
[557.896s][info][gc,heap        ] GC(1012) PSYoungGen: 201344K(201728K)->1984K(193536K) Eden: 198656K(198656K)->0K(191488K) From: 2688K(3072K)->1984K(2048K)
[557.896s][info][gc,heap        ] GC(1012) ParOldGen: 439175K(439296K)->439191K(439296K)
[557.896s][info][gc,metaspace   ] GC(1012) Metaspace: 57801K(58112K)->57801K(58112K) NonClass: 52181K(52416K)->52181K(52416K) Class: 5619K(5696K)->5619K(5696K)
[557.896s][info][gc             ] GC(1012) Pause Young (Allocation Failure) 625M->430M(618M) 4.485ms
[557.896s][info][gc,cpu         ] GC(1012) User=0.00s Sys=0.00s Real=0.00s
[558.309s][info][gc,start       ] GC(1013) Pause Young (Allocation Failure)
[558.313s][info][gc,heap        ] GC(1013) PSYoungGen: 193472K(193536K)->2047K(186880K) Eden: 191488K(191488K)->0K(184832K) From: 1984K(2048K)->2047K(2048K)
[558.313s][info][gc,heap        ] GC(1013) ParOldGen: 439191K(439296K)->439207K(439296K)
[558.313s][info][gc,metaspace   ] GC(1013) Metaspace: 57801K(58112K)->57801K(58112K) NonClass: 52181K(52416K)->52181K(52416K) Class: 5619K(5696K)->5619K(5696K)
[558.313s][info][gc             ] GC(1013) Pause Young (Allocation Failure) 617M->430M(611M) 4.033ms
[558.313s][info][gc,cpu         ] GC(1013) User=0.01s Sys=0.00s Real=0.01s
[558.778s][info][gc,start       ] GC(1014) Pause Young (Allocation Failure)
[558.781s][info][gc,heap        ] GC(1014) PSYoungGen: 186879K(186880K)->1304K(180224K) Eden: 184832K(184832K)->0K(178688K) From: 2047K(2048K)->1304K(1536K)
[558.781s][info][gc,heap        ] GC(1014) ParOldGen: 439207K(439296K)->439223K(439296K)
[558.781s][info][gc,metaspace   ] GC(1014) Metaspace: 57801K(58112K)->57801K(58112K) NonClass: 52181K(52416K)->52181K(52416K) Class: 5619K(5696K)->5619K(5696K)
[558.781s][info][gc             ] GC(1014) Pause Young (Allocation Failure) 611M->430M(605M) 3.495ms
[558.781s][info][gc,cpu         ] GC(1014) User=0.00s Sys=0.01s Real=0.01s
[559.186s][info][gc,start       ] GC(1015) Pause Young (Allocation Failure)
[559.190s][info][gc,heap        ] GC(1015) PSYoungGen: 179992K(180224K)->2399K(175104K) Eden: 178688K(178688K)->0K(172544K) From: 1304K(1536K)->2399K(2560K)
[559.190s][info][gc,heap        ] GC(1015) ParOldGen: 439223K(439296K)->439239K(439296K)
[559.190s][info][gc,metaspace   ] GC(1015) Metaspace: 57801K(58112K)->57801K(58112K) NonClass: 52181K(52416K)->52181K(52416K) Class: 5619K(5696K)->5619K(5696K)
[559.190s][info][gc             ] GC(1015) Pause Young (Allocation Failure) 604M->431M(600M) 4.245ms
[559.190s][info][gc,cpu         ] GC(1015) User=0.01s Sys=0.00s Real=0.00s
[559.597s][info][gc,start       ] GC(1016) Pause Young (Allocation Failure)
[559.601s][info][gc,heap        ] GC(1016) PSYoungGen: 174943K(175104K)->2048K(168960K) Eden: 172544K(172544K)->0K(166912K) From: 2399K(2560K)->2048K(2048K)
[559.601s][info][gc,heap        ] GC(1016) ParOldGen: 439239K(439296K)->439255K(439296K)
[559.601s][info][gc,metaspace   ] GC(1016) Metaspace: 57801K(58112K)->57801K(58112K) NonClass: 52181K(52416K)->52181K(52416K) Class: 5619K(5696K)->5619K(5696K)
[559.601s][info][gc             ] GC(1016) Pause Young (Allocation Failure) 599M->430M(594M) 4.395ms
[559.601s][info][gc,cpu         ] GC(1016) User=0.01s Sys=0.01s Real=0.01s
[559.988s][info][gc,start       ] GC(1017) Pause Young (Allocation Failure)
[559.998s][info][gc,heap        ] GC(1017) PSYoungGen: 168960K(168960K)->3295K(202752K) Eden: 166912K(166912K)->0K(199168K) From: 2048K(2048K)->3295K(3584K)
[559.998s][info][gc,heap        ] GC(1017) ParOldGen: 439255K(439296K)->439271K(439296K)
[559.999s][info][gc,metaspace   ] GC(1017) Metaspace: 57801K(58112K)->57801K(58112K) NonClass: 52181K(52416K)->52181K(52416K) Class: 5619K(5696K)->5619K(5696K)
[559.999s][info][gc             ] GC(1017) Pause Young (Allocation Failure) 593M->432M(627M) 10.478ms
[559.999s][info][gc,cpu         ] GC(1017) User=0.01s Sys=0.00s Real=0.01s
[560.478s][info][gc,start       ] GC(1018) Pause Young (Allocation Failure)
[560.480s][info][gc,heap        ] GC(1018) PSYoungGen: 202463K(202752K)->882K(204800K) Eden: 199168K(199168K)->0K(199680K) From: 3295K(3584K)->882K(5120K)
[560.481s][info][gc,heap        ] GC(1018) ParOldGen: 439271K(439296K)->439287K(439296K)
[560.481s][info][gc,metaspace   ] GC(1018) Metaspace: 57801K(58112K)->57801K(58112K) NonClass: 52181K(52416K)->52181K(52416K) Class: 5619K(5696K)->5619K(5696K)
[560.481s][info][gc             ] GC(1018) Pause Young (Allocation Failure) 626M->429M(629M) 3.032ms
[560.481s][info][gc,cpu         ] GC(1018) User=0.01s Sys=0.00s Real=0.00s
[560.909s][info][gc,start       ] GC(1019) Pause Young (Allocation Failure)
[560.912s][info][gc,heap        ] GC(1019) PSYoungGen: 200562K(204800K)->1791K(204800K) Eden: 199680K(199680K)->0K(199680K) From: 882K(5120K)->1791K(5120K)
[560.912s][info][gc,heap        ] GC(1019) ParOldGen: 439287K(439296K)->439303K(439808K)
[560.912s][info][gc,metaspace   ] GC(1019) Metaspace: 57801K(58112K)->57801K(58112K) NonClass: 52181K(52416K)->52181K(52416K) Class: 5619K(5696K)->5619K(5696K)
[560.912s][info][gc             ] GC(1019) Pause Young (Allocation Failure) 624M->430M(629M) 3.618ms
[560.912s][info][gc,cpu         ] GC(1019) User=0.01s Sys=0.00s Real=0.01s
[561.391s][info][gc,start       ] GC(1020) Pause Young (Allocation Failure)
[561.397s][info][gc,heap        ] GC(1020) PSYoungGen: 201471K(204800K)->3358K(242688K) Eden: 199680K(199680K)->0K(237568K) From: 1791K(5120K)->3358K(5120K)
[561.397s][info][gc,heap        ] GC(1020) ParOldGen: 439303K(439808K)->439319K(439808K)
[561.397s][info][gc,metaspace   ] GC(1020) Metaspace: 57801K(58112K)->57801K(58112K) NonClass: 52181K(52416K)->52181K(52416K) Class: 5619K(5696K)->5619K(5696K)
[561.397s][info][gc             ] GC(1020) Pause Young (Allocation Failure) 625M->432M(666M) 6.294ms
[561.397s][info][gc,cpu         ] GC(1020) User=0.01s Sys=0.00s Real=0.01s
[561.980s][info][gc,start       ] GC(1021) Pause Young (Allocation Failure)
[561.985s][info][gc,heap        ] GC(1021) PSYoungGen: 240926K(242688K)->1088K(242688K) Eden: 237568K(237568K)->0K(237568K) From: 3358K(5120K)->1088K(5120K)
[561.985s][info][gc,heap        ] GC(1021) ParOldGen: 439319K(439808K)->439335K(439808K)
[561.985s][info][gc,metaspace   ] GC(1021) Metaspace: 57801K(58112K)->57801K(58112K) NonClass: 52181K(52416K)->52181K(52416K) Class: 5619K(5696K)->5619K(5696K)
[561.985s][info][gc             ] GC(1021) Pause Young (Allocation Failure) 664M->430M(666M) 4.403ms
[561.985s][info][gc,cpu         ] GC(1021) User=0.00s Sys=0.00s Real=0.01s
[562.507s][info][gc,start       ] GC(1022) Pause Young (Allocation Failure)
[562.513s][info][gc,heap        ] GC(1022) PSYoungGen: 238472K(242688K)->2176K(287744K) Eden: 237384K(237568K)->0K(282624K) From: 1088K(5120K)->2176K(5120K)
[562.513s][info][gc,heap        ] GC(1022) ParOldGen: 439335K(439808K)->439351K(439808K)
[562.513s][info][gc,metaspace   ] GC(1022) Metaspace: 57801K(58112K)->57801K(58112K) NonClass: 52181K(52416K)->52181K(52416K) Class: 5619K(5696K)->5619K(5696K)
[562.513s][info][gc             ] GC(1022) Pause Young (Allocation Failure) 661M->431M(710M) 6.119ms
[562.513s][info][gc,cpu         ] GC(1022) User=0.01s Sys=0.00s Real=0.01s
[563.205s][info][gc,start       ] GC(1023) Pause Young (Allocation Failure)
[563.210s][info][gc,heap        ] GC(1023) PSYoungGen: 284800K(287744K)->2558K(287744K) Eden: 282624K(282624K)->0K(282624K) From: 2176K(5120K)->2558K(5120K)
[563.210s][info][gc,heap        ] GC(1023) ParOldGen: 439351K(439808K)->439367K(439808K)
[563.210s][info][gc,metaspace   ] GC(1023) Metaspace: 57801K(58112K)->57801K(58112K) NonClass: 52181K(52416K)->52181K(52416K) Class: 5619K(5696K)->5619K(5696K)
[563.210s][info][gc             ] GC(1023) Pause Young (Allocation Failure) 707M->431M(710M) 5.188ms
[563.210s][info][gc,cpu         ] GC(1023) User=0.01s Sys=0.00s Real=0.00s
[563.879s][info][gc,start       ] GC(1024) Pause Young (Allocation Failure)
[563.883s][info][gc,heap        ] GC(1024) PSYoungGen: 285182K(287744K)->1918K(273920K) Eden: 282624K(282624K)->0K(271872K) From: 2558K(5120K)->1918K(2048K)
[563.883s][info][gc,heap        ] GC(1024) ParOldGen: 439367K(439808K)->439383K(439808K)
[563.883s][info][gc,metaspace   ] GC(1024) Metaspace: 57801K(58112K)->57801K(58112K) NonClass: 52181K(52416K)->52181K(52416K) Class: 5619K(5696K)->5619K(5696K)
[563.883s][info][gc             ] GC(1024) Pause Young (Allocation Failure) 707M->430M(697M) 4.364ms
[563.883s][info][gc,cpu         ] GC(1024) User=0.01s Sys=0.00s Real=0.01s
[564.528s][info][gc,start       ] GC(1025) Pause Young (Allocation Failure)
[564.551s][info][gc,heap        ] GC(1025) PSYoungGen: 273790K(273920K)->2815K(325632K) Eden: 271872K(271872K)->0K(321024K) From: 1918K(2048K)->2815K(4608K)
[564.551s][info][gc,heap        ] GC(1025) ParOldGen: 439383K(439808K)->439399K(439808K)
[564.551s][info][gc,metaspace   ] GC(1025) Metaspace: 57801K(58112K)->57801K(58112K) NonClass: 52181K(52416K)->52181K(52416K) Class: 5619K(5696K)->5619K(5696K)
[564.551s][info][gc             ] GC(1025) Pause Young (Allocation Failure) 696M->431M(747M) 23.720ms
[564.551s][info][gc,cpu         ] GC(1025) User=0.01s Sys=0.00s Real=0.03s
[565.384s][info][gc,start       ] GC(1026) Pause Young (Allocation Failure)
[565.390s][info][gc,heap        ] GC(1026) PSYoungGen: 323839K(325632K)->1309K(329216K) Eden: 321024K(321024K)->0K(324608K) From: 2815K(4608K)->1309K(4608K)
[565.390s][info][gc,heap        ] GC(1026) ParOldGen: 439399K(439808K)->439415K(439808K)
[565.390s][info][gc,metaspace   ] GC(1026) Metaspace: 57801K(58112K)->57801K(58112K) NonClass: 52181K(52416K)->52181K(52416K) Class: 5619K(5696K)->5619K(5696K)
[565.390s][info][gc             ] GC(1026) Pause Young (Allocation Failure) 745M->430M(751M) 5.803ms
[565.390s][info][gc,cpu         ] GC(1026) User=0.01s Sys=0.00s Real=0.00s
[566.118s][info][gc,start       ] GC(1027) Pause Young (Allocation Failure)
[566.121s][info][gc,heap        ] GC(1027) PSYoungGen: 325917K(329216K)->1151K(329216K) Eden: 324608K(324608K)->0K(324608K) From: 1309K(4608K)->1151K(4608K)
[566.121s][info][gc,heap        ] GC(1027) ParOldGen: 439415K(439808K)->439431K(439808K)
[566.121s][info][gc,metaspace   ] GC(1027) Metaspace: 57801K(58112K)->57801K(58112K) NonClass: 52181K(52416K)->52181K(52416K) Class: 5619K(5696K)->5619K(5696K)
[566.121s][info][gc             ] GC(1027) Pause Young (Allocation Failure) 747M->430M(751M) 3.359ms
[566.121s][info][gc,cpu         ] GC(1027) User=0.01s Sys=0.01s Real=0.01s
[566.898s][info][gc,start       ] GC(1028) Pause Young (Allocation Failure)
[566.903s][info][gc,heap        ] GC(1028) PSYoungGen: 325759K(329216K)->2462K(329216K) Eden: 324608K(324608K)->0K(324608K) From: 1151K(4608K)->2462K(4608K)
[566.903s][info][gc,heap        ] GC(1028) ParOldGen: 439431K(439808K)->439447K(439808K)
[566.903s][info][gc,metaspace   ] GC(1028) Metaspace: 57801K(58112K)->57801K(58112K) NonClass: 52181K(52416K)->52181K(52416K) Class: 5619K(5696K)->5619K(5696K)
[566.903s][info][gc             ] GC(1028) Pause Young (Allocation Failure) 747M->431M(751M) 4.496ms
[566.903s][info][gc,cpu         ] GC(1028) User=0.01s Sys=0.00s Real=0.01s
[567.690s][info][gc,start       ] GC(1029) Pause Young (Allocation Failure)
[567.701s][info][gc,heap        ] GC(1029) PSYoungGen: 327070K(329216K)->1536K(326144K) Eden: 324608K(324608K)->0K(324608K) From: 2462K(4608K)->1536K(1536K)
[567.701s][info][gc,heap        ] GC(1029) ParOldGen: 439447K(439808K)->439463K(439808K)
[567.701s][info][gc,metaspace   ] GC(1029) Metaspace: 57801K(58112K)->57801K(58112K) NonClass: 52181K(52416K)->52181K(52416K) Class: 5619K(5696K)->5619K(5696K)
[567.701s][info][gc             ] GC(1029) Pause Young (Allocation Failure) 748M->430M(748M) 11.514ms
[567.701s][info][gc,cpu         ] GC(1029) User=0.01s Sys=0.00s Real=0.02s
[568.475s][info][gc,start       ] GC(1030) Pause Young (Allocation Failure)
[568.478s][info][gc,heap        ] GC(1030) PSYoungGen: 326144K(326144K)->997K(312832K) Eden: 324608K(324608K)->0K(311808K) From: 1536K(1536K)->997K(1024K)
[568.478s][info][gc,heap        ] GC(1030) ParOldGen: 439463K(439808K)->439479K(439808K)
[568.478s][info][gc,metaspace   ] GC(1030) Metaspace: 57801K(58112K)->57801K(58112K) NonClass: 52181K(52416K)->52181K(52416K) Class: 5619K(5696K)->5619K(5696K)
[568.478s][info][gc             ] GC(1030) Pause Young (Allocation Failure) 747M->430M(735M) 3.032ms
[568.478s][info][gc,cpu         ] GC(1030) User=0.01s Sys=0.00s Real=0.00s
[569.189s][info][gc,start       ] GC(1031) Pause Young (Allocation Failure)
[569.194s][info][gc,heap        ] GC(1031) PSYoungGen: 312805K(312832K)->3422K(303104K) Eden: 311808K(311808K)->0K(299520K) From: 997K(1024K)->3422K(3584K)
[569.194s][info][gc,heap        ] GC(1031) ParOldGen: 439479K(439808K)->439495K(439808K)
[569.194s][info][gc,metaspace   ] GC(1031) Metaspace: 57801K(58112K)->57801K(58112K) NonClass: 52181K(52416K)->52181K(52416K) Class: 5619K(5696K)->5619K(5696K)
[569.194s][info][gc             ] GC(1031) Pause Young (Allocation Failure) 734M->432M(725M) 5.377ms
[569.194s][info][gc,cpu         ] GC(1031) User=0.01s Sys=0.00s Real=0.01s
[569.891s][info][gc,start       ] GC(1032) Pause Young (Allocation Failure)
[569.896s][info][gc,heap        ] GC(1032) PSYoungGen: 302942K(303104K)->2400K(290304K) Eden: 299520K(299520K)->0K(287744K) From: 3422K(3584K)->2400K(2560K)
[569.896s][info][gc,heap        ] GC(1032) ParOldGen: 439495K(439808K)->439511K(439808K)
[569.896s][info][gc,metaspace   ] GC(1032) Metaspace: 57801K(58112K)->57801K(58112K) NonClass: 52181K(52416K)->52181K(52416K) Class: 5619K(5696K)->5619K(5696K)
[569.896s][info][gc             ] GC(1032) Pause Young (Allocation Failure) 725M->431M(713M) 5.460ms
[569.896s][info][gc,cpu         ] GC(1032) User=0.00s Sys=0.00s Real=0.00s
[570.583s][info][gc,start       ] GC(1033) Pause Young (Allocation Failure)
[570.587s][info][gc,heap        ] GC(1033) PSYoungGen: 290144K(290304K)->2367K(279040K) Eden: 287744K(287744K)->0K(276480K) From: 2400K(2560K)->2367K(2560K)
[570.587s][info][gc,heap        ] GC(1033) ParOldGen: 439511K(439808K)->439527K(439808K)
[570.587s][info][gc,metaspace   ] GC(1033) Metaspace: 57801K(58112K)->57801K(58112K) NonClass: 52181K(52416K)->52181K(52416K) Class: 5619K(5696K)->5619K(5696K)
[570.587s][info][gc             ] GC(1033) Pause Young (Allocation Failure) 712M->431M(702M) 4.396ms
[570.587s][info][gc,cpu         ] GC(1033) User=0.00s Sys=0.00s Real=0.00s
[571.208s][info][gc,start       ] GC(1034) Pause Young (Allocation Failure)
[571.214s][info][gc,heap        ] GC(1034) PSYoungGen: 278704K(279040K)->1440K(267264K) Eden: 276336K(276480K)->0K(265728K) From: 2367K(2560K)->1440K(1536K)
[571.214s][info][gc,heap        ] GC(1034) ParOldGen: 439527K(439808K)->439543K(439808K)
[571.214s][info][gc,metaspace   ] GC(1034) Metaspace: 57801K(58112K)->57801K(58112K) NonClass: 52181K(52416K)->52181K(52416K) Class: 5619K(5696K)->5619K(5696K)
[571.214s][info][gc             ] GC(1034) Pause Young (Allocation Failure) 701M->430M(690M) 6.220ms
[571.214s][info][gc,cpu         ] GC(1034) User=0.00s Sys=0.00s Real=0.01s
[571.879s][info][gc,start       ] GC(1035) Pause Young (Allocation Failure)
[571.882s][info][gc,heap        ] GC(1035) PSYoungGen: 267168K(267264K)->1279K(257024K) Eden: 265728K(265728K)->0K(255488K) From: 1440K(1536K)->1279K(1536K)
[571.882s][info][gc,heap        ] GC(1035) ParOldGen: 439543K(439808K)->439559K(439808K)
[571.882s][info][gc,metaspace   ] GC(1035) Metaspace: 57801K(58112K)->57801K(58112K) NonClass: 52181K(52416K)->52181K(52416K) Class: 5619K(5696K)->5619K(5696K)
[571.882s][info][gc             ] GC(1035) Pause Young (Allocation Failure) 690M->430M(680M) 3.189ms
[571.882s][info][gc,cpu         ] GC(1035) User=0.01s Sys=0.00s Real=0.01s
[572.478s][info][gc,start       ] GC(1036) Pause Young (Allocation Failure)
[572.481s][info][gc,heap        ] GC(1036) PSYoungGen: 256767K(257024K)->1343K(247296K) Eden: 255488K(255488K)->0K(245760K) From: 1279K(1536K)->1343K(1536K)
[572.481s][info][gc,heap        ] GC(1036) ParOldGen: 439559K(439808K)->439575K(439808K)
[572.481s][info][gc,metaspace   ] GC(1036) Metaspace: 57801K(58112K)->57801K(58112K) NonClass: 52181K(52416K)->52181K(52416K) Class: 5619K(5696K)->5619K(5696K)
[572.481s][info][gc             ] GC(1036) Pause Young (Allocation Failure) 680M->430M(671M) 3.121ms
[572.481s][info][gc,cpu         ] GC(1036) User=0.00s Sys=0.00s Real=0.00s
[573.072s][info][gc,start       ] GC(1037) Pause Young (Allocation Failure)
[573.074s][info][gc,heap        ] GC(1037) PSYoungGen: 247103K(247296K)->448K(237056K) Eden: 245760K(245760K)->0K(236544K) From: 1343K(1536K)->448K(512K)
[573.074s][info][gc,heap        ] GC(1037) ParOldGen: 439575K(439808K)->439591K(439808K)
[573.074s][info][gc,metaspace   ] GC(1037) Metaspace: 57801K(58112K)->57801K(58112K) NonClass: 52181K(52416K)->52181K(52416K) Class: 5619K(5696K)->5619K(5696K)
[573.074s][info][gc             ] GC(1037) Pause Young (Allocation Failure) 670M->429M(661M) 2.340ms
[573.074s][info][gc,cpu         ] GC(1037) User=0.00s Sys=0.00s Real=0.00s
[573.601s][info][gc,start       ] GC(1038) Pause Young (Allocation Failure)
[573.606s][info][gc,heap        ] GC(1038) PSYoungGen: 236992K(237056K)->2975K(230912K) Eden: 236544K(236544K)->0K(227840K) From: 448K(512K)->2975K(3072K)
[573.606s][info][gc,heap        ] GC(1038) ParOldGen: 439591K(439808K)->439607K(439808K)
[573.606s][info][gc,metaspace   ] GC(1038) Metaspace: 57801K(58112K)->57801K(58112K) NonClass: 52181K(52416K)->52181K(52416K) Class: 5619K(5696K)->5619K(5696K)
[573.606s][info][gc             ] GC(1038) Pause Young (Allocation Failure) 660M->432M(655M) 5.224ms
[573.606s][info][gc,cpu         ] GC(1038) User=0.01s Sys=0.00s Real=0.00s
[574.173s][info][gc,start       ] GC(1039) Pause Young (Allocation Failure)
[574.175s][info][gc,heap        ] GC(1039) PSYoungGen: 230815K(230912K)->671K(220672K) Eden: 227840K(227840K)->0K(219648K) From: 2975K(3072K)->671K(1024K)
[574.175s][info][gc,heap        ] GC(1039) ParOldGen: 439607K(439808K)->439623K(439808K)
[574.175s][info][gc,metaspace   ] GC(1039) Metaspace: 57801K(58112K)->57801K(58112K) NonClass: 52181K(52416K)->52181K(52416K) Class: 5619K(5696K)->5619K(5696K)
[574.176s][info][gc             ] GC(1039) Pause Young (Allocation Failure) 654M->429M(645M) 2.455ms
[574.176s][info][gc,cpu         ] GC(1039) User=0.01s Sys=0.00s Real=0.00s
[574.678s][info][gc,start       ] GC(1040) Pause Young (Allocation Failure)
[574.681s][info][gc,heap        ] GC(1040) PSYoungGen: 220319K(220672K)->1343K(212992K) Eden: 219648K(219648K)->0K(211456K) From: 671K(1024K)->1343K(1536K)
[574.681s][info][gc,heap        ] GC(1040) ParOldGen: 439623K(439808K)->439639K(439808K)
[574.681s][info][gc,metaspace   ] GC(1040) Metaspace: 57801K(58112K)->57801K(58112K) NonClass: 52181K(52416K)->52181K(52416K) Class: 5619K(5696K)->5619K(5696K)
[574.681s][info][gc             ] GC(1040) Pause Young (Allocation Failure) 644M->430M(637M) 3.357ms
[574.681s][info][gc,cpu         ] GC(1040) User=0.01s Sys=0.00s Real=0.01s
[575.182s][info][gc,start       ] GC(1041) Pause Young (Allocation Failure)
[575.186s][info][gc,heap        ] GC(1041) PSYoungGen: 212799K(212992K)->1855K(205824K) Eden: 211456K(211456K)->0K(203776K) From: 1343K(1536K)->1855K(2048K)
[575.186s][info][gc,heap        ] GC(1041) ParOldGen: 439639K(439808K)->439655K(439808K)
[575.186s][info][gc,metaspace   ] GC(1041) Metaspace: 57801K(58112K)->57801K(58112K) NonClass: 52181K(52416K)->52181K(52416K) Class: 5619K(5696K)->5619K(5696K)
[575.186s][info][gc             ] GC(1041) Pause Young (Allocation Failure) 637M->431M(630M) 3.561ms
[575.186s][info][gc,cpu         ] GC(1041) User=0.00s Sys=0.00s Real=0.00s
[575.629s][info][gc,start       ] GC(1042) Pause Young (Allocation Failure)
[575.632s][info][gc,heap        ] GC(1042) PSYoungGen: 205563K(205824K)->480K(197120K) Eden: 203708K(203776K)->0K(196608K) From: 1855K(2048K)->480K(512K)
[575.632s][info][gc,heap        ] GC(1042) ParOldGen: 439655K(439808K)->439671K(439808K)
[575.632s][info][gc,metaspace   ] GC(1042) Metaspace: 57801K(58112K)->57801K(58112K) NonClass: 52181K(52416K)->52181K(52416K) Class: 5619K(5696K)->5619K(5696K)
[575.632s][info][gc             ] GC(1042) Pause Young (Allocation Failure) 630M->429M(622M) 2.659ms
[575.632s][info][gc,cpu         ] GC(1042) User=0.01s Sys=0.00s Real=0.01s
[576.214s][info][gc,start       ] GC(1043) Pause Young (Allocation Failure)
[576.218s][info][gc,heap        ] GC(1043) PSYoungGen: 197088K(197120K)->2016K(194048K) Eden: 196608K(196608K)->0K(189952K) From: 480K(512K)->2016K(4096K)
[576.218s][info][gc,heap        ] GC(1043) ParOldGen: 439671K(439808K)->439687K(439808K)
[576.218s][info][gc,metaspace   ] GC(1043) Metaspace: 57801K(58112K)->57801K(58112K) NonClass: 52181K(52416K)->52181K(52416K) Class: 5619K(5696K)->5619K(5696K)
[576.218s][info][gc             ] GC(1043) Pause Young (Allocation Failure) 621M->431M(619M) 4.120ms
[576.218s][info][gc,cpu         ] GC(1043) User=0.01s Sys=0.00s Real=0.00s
[576.676s][info][gc,start       ] GC(1044) Pause Young (Allocation Failure)
[576.679s][info][gc,heap        ] GC(1044) PSYoungGen: 191968K(194048K)->864K(184320K) Eden: 189952K(189952K)->0K(183296K) From: 2016K(4096K)->864K(1024K)
[576.679s][info][gc,heap        ] GC(1044) ParOldGen: 439687K(439808K)->439703K(439808K)
[576.679s][info][gc,metaspace   ] GC(1044) Metaspace: 57801K(58112K)->57801K(58112K) NonClass: 52181K(52416K)->52181K(52416K) Class: 5619K(5696K)->5619K(5696K)
[576.679s][info][gc             ] GC(1044) Pause Young (Allocation Failure) 616M->430M(609M) 2.943ms
[576.679s][info][gc,cpu         ] GC(1044) User=0.01s Sys=0.00s Real=0.00s
[577.090s][info][gc,start       ] GC(1045) Pause Young (Allocation Failure)
[577.094s][info][gc,heap        ] GC(1045) PSYoungGen: 184160K(184320K)->1887K(181248K) Eden: 183296K(183296K)->0K(177152K) From: 864K(1024K)->1887K(4096K)
[577.094s][info][gc,heap        ] GC(1045) ParOldGen: 439703K(439808K)->439719K(439808K)
[577.094s][info][gc,metaspace   ] GC(1045) Metaspace: 57801K(58112K)->57801K(58112K) NonClass: 52181K(52416K)->52181K(52416K) Class: 5619K(5696K)->5619K(5696K)
[577.094s][info][gc             ] GC(1045) Pause Young (Allocation Failure) 609M->431M(606M) 3.643ms
[577.094s][info][gc,cpu         ] GC(1045) User=0.00s Sys=0.00s Real=0.01s
[577.501s][info][gc,start       ] GC(1046) Pause Young (Allocation Failure)
[577.507s][info][gc,heap        ] GC(1046) PSYoungGen: 178857K(181248K)->2976K(174080K) Eden: 176970K(177152K)->0K(171008K) From: 1887K(4096K)->2976K(3072K)
[577.507s][info][gc,heap        ] GC(1046) ParOldGen: 439719K(439808K)->439735K(439808K)
[577.507s][info][gc,metaspace   ] GC(1046) Metaspace: 57801K(58112K)->57801K(58112K) NonClass: 52181K(52416K)->52181K(52416K) Class: 5619K(5696K)->5619K(5696K)
[577.507s][info][gc             ] GC(1046) Pause Young (Allocation Failure) 604M->432M(599M) 5.563ms
[577.507s][info][gc,cpu         ] GC(1046) User=0.01s Sys=0.00s Real=0.00s
[577.897s][info][gc,start       ] GC(1047) Pause Young (Allocation Failure)
[577.902s][info][gc,heap        ] GC(1047) PSYoungGen: 173984K(174080K)->2815K(168448K) Eden: 171008K(171008K)->0K(165376K) From: 2976K(3072K)->2815K(3072K)
[577.902s][info][gc,heap        ] GC(1047) ParOldGen: 439735K(439808K)->439751K(439808K)
[577.902s][info][gc,metaspace   ] GC(1047) Metaspace: 57801K(58112K)->57801K(58112K) NonClass: 52181K(52416K)->52181K(52416K) Class: 5619K(5696K)->5619K(5696K)
[577.903s][info][gc             ] GC(1047) Pause Young (Allocation Failure) 599M->432M(594M) 5.114ms
[577.903s][info][gc,cpu         ] GC(1047) User=0.01s Sys=0.00s Real=0.01s
[578.302s][info][gc,start       ] GC(1048) Pause Young (Allocation Failure)
[578.307s][info][gc,heap        ] GC(1048) PSYoungGen: 168148K(168448K)->2336K(199168K) Eden: 165332K(165376K)->0K(196608K) From: 2815K(3072K)->2336K(2560K)
[578.307s][info][gc,heap        ] GC(1048) ParOldGen: 439751K(439808K)->440406K(440832K)
[578.307s][info][gc,metaspace   ] GC(1048) Metaspace: 57801K(58112K)->57801K(58112K) NonClass: 52181K(52416K)->52181K(52416K) Class: 5619K(5696K)->5619K(5696K)
[578.307s][info][gc             ] GC(1048) Pause Young (Allocation Failure) 593M->432M(625M) 5.013ms
[578.307s][info][gc,cpu         ] GC(1048) User=0.01s Sys=0.00s Real=0.00s
[578.787s][info][gc,start       ] GC(1049) Pause Young (Allocation Failure)
[578.791s][info][gc,heap        ] GC(1049) PSYoungGen: 198631K(199168K)->1408K(191488K) Eden: 196295K(196608K)->0K(189952K) From: 2336K(2560K)->1408K(1536K)
[578.791s][info][gc,heap        ] GC(1049) ParOldGen: 440406K(440832K)->440422K(440832K)
[578.791s][info][gc,metaspace   ] GC(1049) Metaspace: 57801K(58112K)->57801K(58112K) NonClass: 52181K(52416K)->52181K(52416K) Class: 5619K(5696K)->5619K(5696K)
[578.791s][info][gc             ] GC(1049) Pause Young (Allocation Failure) 624M->431M(617M) 3.496ms
[578.791s][info][gc,cpu         ] GC(1049) User=0.01s Sys=0.00s Real=0.00s
[579.216s][info][gc,start       ] GC(1050) Pause Young (Allocation Failure)
[579.219s][info][gc,heap        ] GC(1050) PSYoungGen: 191360K(191488K)->1247K(184832K) Eden: 189952K(189952K)->0K(183296K) From: 1408K(1536K)->1247K(1536K)
[579.219s][info][gc,heap        ] GC(1050) ParOldGen: 440422K(440832K)->440438K(440832K)
[579.219s][info][gc,metaspace   ] GC(1050) Metaspace: 57801K(58112K)->57801K(58112K) NonClass: 52181K(52416K)->52181K(52416K) Class: 5619K(5696K)->5619K(5696K)
[579.219s][info][gc             ] GC(1050) Pause Young (Allocation Failure) 616M->431M(611M) 3.218ms
[579.219s][info][gc,cpu         ] GC(1050) User=0.00s Sys=0.01s Real=0.00s
[579.680s][info][gc,start       ] GC(1051) Pause Young (Allocation Failure)
[579.683s][info][gc,heap        ] GC(1051) PSYoungGen: 184543K(184832K)->1279K(178688K) Eden: 183296K(183296K)->0K(177152K) From: 1247K(1536K)->1279K(1536K)
[579.683s][info][gc,heap        ] GC(1051) ParOldGen: 440438K(440832K)->440454K(440832K)
[579.683s][info][gc,metaspace   ] GC(1051) Metaspace: 57801K(58112K)->57801K(58112K) NonClass: 52181K(52416K)->52181K(52416K) Class: 5619K(5696K)->5619K(5696K)
[579.683s][info][gc             ] GC(1051) Pause Young (Allocation Failure) 610M->431M(605M) 2.972ms
[579.683s][info][gc,cpu         ] GC(1051) User=0.01s Sys=0.00s Real=0.01s
[580.090s][info][gc,start       ] GC(1052) Pause Young (Allocation Failure)
[580.093s][info][gc,heap        ] GC(1052) PSYoungGen: 178431K(178688K)->1695K(173056K) Eden: 177152K(177152K)->0K(171008K) From: 1279K(1536K)->1695K(2048K)
[580.093s][info][gc,heap        ] GC(1052) ParOldGen: 440454K(440832K)->440470K(440832K)
[580.093s][info][gc,metaspace   ] GC(1052) Metaspace: 57801K(58112K)->57801K(58112K) NonClass: 52181K(52416K)->52181K(52416K) Class: 5619K(5696K)->5619K(5696K)
[580.093s][info][gc             ] GC(1052) Pause Young (Allocation Failure) 604M->431M(599M) 3.568ms
[580.093s][info][gc,cpu         ] GC(1052) User=0.00s Sys=0.00s Real=0.01s
[580.485s][info][gc,start       ] GC(1053) Pause Young (Allocation Failure)
[580.489s][info][gc,heap        ] GC(1053) PSYoungGen: 172703K(173056K)->2495K(167936K) Eden: 171008K(171008K)->0K(165376K) From: 1695K(2048K)->2495K(2560K)
[580.489s][info][gc,heap        ] GC(1053) ParOldGen: 440470K(440832K)->440486K(440832K)
[580.489s][info][gc,metaspace   ] GC(1053) Metaspace: 57801K(58112K)->57801K(58112K) NonClass: 52181K(52416K)->52181K(52416K) Class: 5619K(5696K)->5619K(5696K)
[580.489s][info][gc             ] GC(1053) Pause Young (Allocation Failure) 598M->432M(594M) 4.527ms
[580.489s][info][gc,cpu         ] GC(1053) User=0.01s Sys=0.00s Real=0.00s
[580.893s][info][gc,start       ] GC(1054) Pause Young (Allocation Failure)
[580.898s][info][gc,heap        ] GC(1054) PSYoungGen: 167871K(167936K)->2655K(162816K) Eden: 165376K(165376K)->0K(159744K) From: 2495K(2560K)->2655K(3072K)
[580.898s][info][gc,heap        ] GC(1054) ParOldGen: 440486K(440832K)->440502K(440832K)
[580.898s][info][gc,metaspace   ] GC(1054) Metaspace: 57801K(58112K)->57801K(58112K) NonClass: 52181K(52416K)->52181K(52416K) Class: 5619K(5696K)->5619K(5696K)
[580.898s][info][gc             ] GC(1054) Pause Young (Allocation Failure) 594M->432M(589M) 4.597ms
[580.898s][info][gc,cpu         ] GC(1054) User=0.01s Sys=0.00s Real=0.00s
[581.277s][info][gc,start       ] GC(1055) Pause Young (Allocation Failure)
[581.280s][info][gc,heap        ] GC(1055) PSYoungGen: 162394K(162816K)->1056K(156160K) Eden: 159739K(159744K)->0K(154624K) From: 2655K(3072K)->1056K(1536K)
[581.280s][info][gc,heap        ] GC(1055) ParOldGen: 440502K(440832K)->440518K(440832K)
[581.280s][info][gc,metaspace   ] GC(1055) Metaspace: 57801K(58112K)->57801K(58112K) NonClass: 52181K(52416K)->52181K(52416K) Class: 5619K(5696K)->5619K(5696K)
[581.280s][info][gc             ] GC(1055) Pause Young (Allocation Failure) 588M->431M(583M) 3.123ms
[581.280s][info][gc,cpu         ] GC(1055) User=0.00s Sys=0.00s Real=0.00s
[581.612s][info][gc,start       ] GC(1056) Pause Young (Allocation Failure)
[581.617s][info][gc,heap        ] GC(1056) PSYoungGen: 155571K(156160K)->2016K(186368K) Eden: 154515K(154624K)->0K(184320K) From: 1056K(1536K)->2016K(2048K)
[581.617s][info][gc,heap        ] GC(1056) ParOldGen: 440518K(440832K)->440534K(440832K)
[581.617s][info][gc,metaspace   ] GC(1056) Metaspace: 57801K(58112K)->57801K(58112K) NonClass: 52181K(52416K)->52181K(52416K) Class: 5619K(5696K)->5619K(5696K)
[581.617s][info][gc             ] GC(1056) Pause Young (Allocation Failure) 582M->432M(612M) 4.370ms
[581.617s][info][gc,cpu         ] GC(1056) User=0.01s Sys=0.00s Real=0.00s
[582.078s][info][gc,start       ] GC(1057) Pause Young (Allocation Failure)
[582.082s][info][gc,heap        ] GC(1057) PSYoungGen: 186336K(186368K)->1567K(180224K) Eden: 184320K(184320K)->0K(178176K) From: 2016K(2048K)->1567K(2048K)
[582.082s][info][gc,heap        ] GC(1057) ParOldGen: 440534K(440832K)->440550K(440832K)
[582.082s][info][gc,metaspace   ] GC(1057) Metaspace: 57801K(58112K)->57801K(58112K) NonClass: 52181K(52416K)->52181K(52416K) Class: 5619K(5696K)->5619K(5696K)
[582.082s][info][gc             ] GC(1057) Pause Young (Allocation Failure) 612M->431M(606M) 3.380ms
[582.082s][info][gc,cpu         ] GC(1057) User=0.01s Sys=0.00s Real=0.01s
[582.495s][info][gc,start       ] GC(1058) Pause Young (Allocation Failure)
[582.499s][info][gc,heap        ] GC(1058) PSYoungGen: 179743K(180224K)->2336K(174592K) Eden: 178176K(178176K)->0K(172032K) From: 1567K(2048K)->2336K(2560K)
[582.499s][info][gc,heap        ] GC(1058) ParOldGen: 440550K(440832K)->440566K(440832K)
[582.499s][info][gc,metaspace   ] GC(1058) Metaspace: 57801K(58112K)->57801K(58112K) NonClass: 52181K(52416K)->52181K(52416K) Class: 5619K(5696K)->5619K(5696K)
[582.500s][info][gc             ] GC(1058) Pause Young (Allocation Failure) 605M->432M(601M) 4.735ms
[582.500s][info][gc,cpu         ] GC(1058) User=0.01s Sys=0.00s Real=0.00s
[582.897s][info][gc,start       ] GC(1059) Pause Young (Allocation Failure)
[582.902s][info][gc,heap        ] GC(1059) PSYoungGen: 174368K(174592K)->3231K(208384K) Eden: 172032K(172032K)->0K(204800K) From: 2336K(2560K)->3231K(3584K)
[582.902s][info][gc,heap        ] GC(1059) ParOldGen: 440566K(440832K)->440582K(440832K)
[582.902s][info][gc,metaspace   ] GC(1059) Metaspace: 57801K(58112K)->57801K(58112K) NonClass: 52181K(52416K)->52181K(52416K) Class: 5619K(5696K)->5619K(5696K)
[582.902s][info][gc             ] GC(1059) Pause Young (Allocation Failure) 600M->433M(634M) 5.423ms
[582.902s][info][gc,cpu         ] GC(1059) User=0.00s Sys=0.00s Real=0.01s
[583.446s][info][gc,start       ] GC(1060) Pause Young (Allocation Failure)
[583.450s][info][gc,heap        ] GC(1060) PSYoungGen: 208031K(208384K)->1440K(199168K) Eden: 204800K(204800K)->0K(197632K) From: 3231K(3584K)->1440K(1536K)
[583.450s][info][gc,heap        ] GC(1060) ParOldGen: 440582K(440832K)->441236K(441344K)
[583.450s][info][gc,metaspace   ] GC(1060) Metaspace: 57801K(58112K)->57801K(58112K) NonClass: 52181K(52416K)->52181K(52416K) Class: 5619K(5696K)->5619K(5696K)
[583.450s][info][gc             ] GC(1060) Pause Young (Allocation Failure) 633M->432M(625M) 3.841ms
[583.450s][info][gc,cpu         ] GC(1060) User=0.01s Sys=0.00s Real=0.00s
[583.871s][info][gc,start       ] GC(1061) Pause Young (Allocation Failure)
[583.873s][info][gc,heap        ] GC(1061) PSYoungGen: 199072K(199168K)->671K(191488K) Eden: 197632K(197632K)->0K(190464K) From: 1440K(1536K)->671K(1024K)
[583.873s][info][gc,heap        ] GC(1061) ParOldGen: 441236K(441344K)->441252K(441344K)
[583.873s][info][gc,metaspace   ] GC(1061) Metaspace: 57801K(58112K)->57801K(58112K) NonClass: 52181K(52416K)->52181K(52416K) Class: 5619K(5696K)->5619K(5696K)
[583.873s][info][gc             ] GC(1061) Pause Young (Allocation Failure) 625M->431M(618M) 2.456ms
[583.873s][info][gc,cpu         ] GC(1061) User=0.00s Sys=0.00s Real=0.00s
[584.297s][info][gc,start       ] GC(1062) Pause Young (Allocation Failure)
[584.303s][info][gc,heap        ] GC(1062) PSYoungGen: 191135K(191488K)->3264K(187392K) Eden: 190464K(190464K)->0K(183808K) From: 671K(1024K)->3264K(3584K)
[584.303s][info][gc,heap        ] GC(1062) ParOldGen: 441252K(441344K)->441268K(441344K)
[584.303s][info][gc,metaspace   ] GC(1062) Metaspace: 57801K(58112K)->57801K(58112K) NonClass: 52181K(52416K)->52181K(52416K) Class: 5619K(5696K)->5619K(5696K)
[584.303s][info][gc             ] GC(1062) Pause Young (Allocation Failure) 617M->434M(614M) 5.610ms
[584.303s][info][gc,cpu         ] GC(1062) User=0.01s Sys=0.00s Real=0.01s
[584.718s][info][gc,start       ] GC(1063) Pause Young (Allocation Failure)
[584.722s][info][gc,heap        ] GC(1063) PSYoungGen: 186756K(187392K)->1088K(179200K) Eden: 183492K(183808K)->0K(177664K) From: 3264K(3584K)->1088K(1536K)
[584.722s][info][gc,heap        ] GC(1063) ParOldGen: 441268K(441344K)->441284K(441344K)
[584.722s][info][gc,metaspace   ] GC(1063) Metaspace: 57801K(58112K)->57801K(58112K) NonClass: 52181K(52416K)->52181K(52416K) Class: 5619K(5696K)->5619K(5696K)
[584.722s][info][gc             ] GC(1063) Pause Young (Allocation Failure) 613M->432M(606M) 3.251ms
[584.722s][info][gc,cpu         ] GC(1063) User=0.01s Sys=0.00s Real=0.01s
[585.172s][info][gc,start       ] GC(1064) Pause Young (Allocation Failure)
[585.175s][info][gc,heap        ] GC(1064) PSYoungGen: 178665K(179200K)->512K(172032K) Eden: 177577K(177664K)->0K(171520K) From: 1088K(1536K)->512K(512K)
[585.175s][info][gc,heap        ] GC(1064) ParOldGen: 441284K(441344K)->441300K(441344K)
[585.175s][info][gc,metaspace   ] GC(1064) Metaspace: 57801K(58112K)->57801K(58112K) NonClass: 52181K(52416K)->52181K(52416K) Class: 5619K(5696K)->5619K(5696K)
[585.175s][info][gc             ] GC(1064) Pause Young (Allocation Failure) 605M->431M(599M) 2.657ms
[585.175s][info][gc,cpu         ] GC(1064) User=0.00s Sys=0.00s Real=0.00s
[585.592s][info][gc,start       ] GC(1065) Pause Young (Allocation Failure)
[585.594s][info][gc,heap        ] GC(1065) PSYoungGen: 172032K(172032K)->544K(169984K) Eden: 171520K(171520K)->0K(165888K) From: 512K(512K)->544K(4096K)
[585.594s][info][gc,heap        ] GC(1065) ParOldGen: 441300K(441344K)->441316K(441344K)
[585.594s][info][gc,metaspace   ] GC(1065) Metaspace: 57801K(58112K)->57801K(58112K) NonClass: 52181K(52416K)->52181K(52416K) Class: 5619K(5696K)->5619K(5696K)
[585.594s][info][gc             ] GC(1065) Pause Young (Allocation Failure) 598M->431M(597M) 2.294ms
[585.594s][info][gc,cpu         ] GC(1065) User=0.01s Sys=0.00s Real=0.00s
[585.923s][info][gc,start       ] GC(1066) Pause Young (Allocation Failure)
[585.926s][info][gc,heap        ] GC(1066) PSYoungGen: 166376K(169984K)->544K(161280K) Eden: 165832K(165888K)->0K(160256K) From: 544K(4096K)->544K(1024K)
[585.926s][info][gc,heap        ] GC(1066) ParOldGen: 441316K(441344K)->441332K(441344K)
[585.926s][info][gc,metaspace   ] GC(1066) Metaspace: 57801K(58112K)->57801K(58112K) NonClass: 52181K(52416K)->52181K(52416K) Class: 5619K(5696K)->5619K(5696K)
[585.926s][info][gc             ] GC(1066) Pause Young (Allocation Failure) 593M->431M(588M) 2.669ms
[585.926s][info][gc,cpu         ] GC(1066) User=0.01s Sys=0.01s Real=0.00s
[586.316s][info][gc,start       ] GC(1067) Pause Young (Allocation Failure)
[586.322s][info][gc,heap        ] GC(1067) PSYoungGen: 160800K(161280K)->2495K(157696K) Eden: 160256K(160256K)->0K(155136K) From: 544K(1024K)->2495K(2560K)
[586.322s][info][gc,heap        ] GC(1067) ParOldGen: 441332K(441344K)->441348K(441856K)
[586.322s][info][gc,metaspace   ] GC(1067) Metaspace: 57801K(58112K)->57801K(58112K) NonClass: 52181K(52416K)->52181K(52416K) Class: 5619K(5696K)->5619K(5696K)
[586.322s][info][gc             ] GC(1067) Pause Young (Allocation Failure) 588M->433M(585M) 5.858ms
[586.322s][info][gc,cpu         ] GC(1067) User=0.01s Sys=0.00s Real=0.01s
[586.696s][info][gc,start       ] GC(1068) Pause Young (Allocation Failure)
[586.698s][info][gc,heap        ] GC(1068) PSYoungGen: 157631K(157696K)->799K(151040K) Eden: 155136K(155136K)->0K(150016K) From: 2495K(2560K)->799K(1024K)
[586.698s][info][gc,heap        ] GC(1068) ParOldGen: 441348K(441856K)->441364K(441856K)
[586.698s][info][gc,metaspace   ] GC(1068) Metaspace: 57801K(58112K)->57801K(58112K) NonClass: 52181K(52416K)->52181K(52416K) Class: 5619K(5696K)->5619K(5696K)
[586.698s][info][gc             ] GC(1068) Pause Young (Allocation Failure) 584M->431M(579M) 2.621ms
[586.698s][info][gc,cpu         ] GC(1068) User=0.01s Sys=0.00s Real=0.00s
[587.074s][info][gc,start       ] GC(1069) Pause Young (Allocation Failure)
[587.077s][info][gc,heap        ] GC(1069) PSYoungGen: 150815K(151040K)->926K(146432K) Eden: 150016K(150016K)->0K(145408K) From: 799K(1024K)->926K(1024K)
[587.077s][info][gc,heap        ] GC(1069) ParOldGen: 441364K(441856K)->441380K(441856K)
[587.077s][info][gc,metaspace   ] GC(1069) Metaspace: 57801K(58112K)->57801K(58112K) NonClass: 52181K(52416K)->52181K(52416K) Class: 5619K(5696K)->5619K(5696K)
[587.077s][info][gc             ] GC(1069) Pause Young (Allocation Failure) 578M->431M(574M) 2.804ms
[587.077s][info][gc,cpu         ] GC(1069) User=0.00s Sys=0.00s Real=0.00s
[587.409s][info][gc,start       ] GC(1070) Pause Young (Allocation Failure)
[587.423s][info][gc,heap        ] GC(1070) PSYoungGen: 146334K(146432K)->3935K(177664K) Eden: 145408K(145408K)->0K(173568K) From: 926K(1024K)->3935K(4096K)
[587.423s][info][gc,heap        ] GC(1070) ParOldGen: 441380K(441856K)->441396K(441856K)
[587.423s][info][gc,metaspace   ] GC(1070) Metaspace: 57801K(58112K)->57801K(58112K) NonClass: 52181K(52416K)->52181K(52416K) Class: 5619K(5696K)->5619K(5696K)
[587.423s][info][gc             ] GC(1070) Pause Young (Allocation Failure) 573M->434M(605M) 14.320ms
[587.423s][info][gc,cpu         ] GC(1070) User=0.01s Sys=0.00s Real=0.02s
[587.898s][info][gc,start       ] GC(1071) Pause Young (Allocation Failure)
[587.906s][info][gc,heap        ] GC(1071) PSYoungGen: 177295K(177664K)->2592K(210432K) Eden: 173360K(173568K)->0K(207360K) From: 3935K(4096K)->2592K(3072K)
[587.906s][info][gc,heap        ] GC(1071) ParOldGen: 441396K(441856K)->441412K(441856K)
[587.906s][info][gc,metaspace   ] GC(1071) Metaspace: 57801K(58112K)->57801K(58112K) NonClass: 52181K(52416K)->52181K(52416K) Class: 5619K(5696K)->5619K(5696K)
[587.906s][info][gc             ] GC(1071) Pause Young (Allocation Failure) 604M->433M(637M) 7.520ms
[587.906s][info][gc,cpu         ] GC(1071) User=0.00s Sys=0.00s Real=0.01s
[588.396s][info][gc,start       ] GC(1072) Pause Young (Allocation Failure)
[588.401s][info][gc,heap        ] GC(1072) PSYoungGen: 209952K(210432K)->2560K(249856K) Eden: 207360K(207360K)->0K(247296K) From: 2592K(3072K)->2560K(2560K)
[588.401s][info][gc,heap        ] GC(1072) ParOldGen: 441412K(441856K)->441428K(441856K)
[588.401s][info][gc,metaspace   ] GC(1072) Metaspace: 57801K(58112K)->57801K(58112K) NonClass: 52181K(52416K)->52181K(52416K) Class: 5619K(5696K)->5619K(5696K)
[588.401s][info][gc             ] GC(1072) Pause Young (Allocation Failure) 636M->433M(675M) 4.694ms
[588.401s][info][gc,cpu         ] GC(1072) User=0.01s Sys=0.00s Real=0.00s
[588.986s][info][gc,start       ] GC(1073) Pause Young (Allocation Failure)
[588.991s][info][gc,heap        ] GC(1073) PSYoungGen: 249856K(249856K)->2431K(258048K) Eden: 247296K(247296K)->0K(253440K) From: 2560K(2560K)->2431K(4608K)
[588.991s][info][gc,heap        ] GC(1073) ParOldGen: 441428K(441856K)->441444K(441856K)
[588.991s][info][gc,metaspace   ] GC(1073) Metaspace: 57801K(58112K)->57801K(58112K) NonClass: 52181K(52416K)->52181K(52416K) Class: 5619K(5696K)->5619K(5696K)
[588.991s][info][gc             ] GC(1073) Pause Young (Allocation Failure) 675M->433M(683M) 4.610ms
[588.991s][info][gc,cpu         ] GC(1073) User=0.01s Sys=0.00s Real=0.01s
[589.588s][info][gc,start       ] GC(1074) Pause Young (Allocation Failure)
[589.594s][info][gc,heap        ] GC(1074) PSYoungGen: 255871K(258048K)->2464K(299520K) Eden: 253440K(253440K)->0K(294912K) From: 2431K(4608K)->2464K(4608K)
[589.594s][info][gc,heap        ] GC(1074) ParOldGen: 441444K(441856K)->441460K(441856K)
[589.594s][info][gc,metaspace   ] GC(1074) Metaspace: 57801K(58112K)->57801K(58112K) NonClass: 52181K(52416K)->52181K(52416K) Class: 5619K(5696K)->5619K(5696K)
[589.594s][info][gc             ] GC(1074) Pause Young (Allocation Failure) 680M->433M(724M) 5.734ms
[589.594s][info][gc,cpu         ] GC(1074) User=0.01s Sys=0.01s Real=0.01s
[590.302s][info][gc,start       ] GC(1075) Pause Young (Allocation Failure)
[590.310s][info][gc,heap        ] GC(1075) PSYoungGen: 297376K(299520K)->2462K(299520K) Eden: 294912K(294912K)->0K(294912K) From: 2464K(4608K)->2462K(4608K)
[590.310s][info][gc,heap        ] GC(1075) ParOldGen: 441460K(441856K)->441476K(441856K)
[590.310s][info][gc,metaspace   ] GC(1075) Metaspace: 57802K(58112K)->57802K(58112K) NonClass: 52182K(52416K)->52182K(52416K) Class: 5619K(5696K)->5619K(5696K)
[590.310s][info][gc             ] GC(1075) Pause Young (Allocation Failure) 721M->433M(724M) 8.087ms
[590.310s][info][gc,cpu         ] GC(1075) User=0.01s Sys=0.00s Real=0.00s
[592.282s][info][gc,heap,exit   ] Heap
[592.282s][info][gc,heap,exit   ]  PSYoungGen      total 299520K, used 252122K [0x00000000eba00000, 0x0000000100000000, 0x0000000100000000)
[592.282s][info][gc,heap,exit   ]   eden space 294912K, 84% used [0x00000000eba00000,0x00000000fadceea8,0x00000000fda00000)
[592.282s][info][gc,heap,exit   ]   from space 4608K, 53% used [0x00000000fda00000,0x00000000fdc67a30,0x00000000fde80000)
[592.282s][info][gc,heap,exit   ]   to   space 4608K, 0% used [0x00000000ffb80000,0x00000000ffb80000,0x0000000100000000)
[592.282s][info][gc,heap,exit   ]  ParOldGen       total 441856K, used 441476K [0x00000000c2e00000, 0x00000000ddd80000, 0x00000000eba00000)
[592.282s][info][gc,heap,exit   ]   object space 441856K, 99% used [0x00000000c2e00000,0x00000000ddd213e8,0x00000000ddd80000)
[592.282s][info][gc,heap,exit   ]  Metaspace       used 58348K, committed 58624K, reserved 1114112K
[592.282s][info][gc,heap,exit   ]   class space    used 5769K, committed 5824K, reserved 1048576K
