[0.002s][info][metaspace]  - commit_granule_bytes: 65536.
[0.002s][info][metaspace]  - commit_granule_words: 8192.
[0.002s][info][metaspace]  - virtual_space_node_default_size: 8388608.
[0.002s][info][metaspace]  - enlarge_chunks_in_place: 1.
[0.004s][info][gc,init  ] CardTable entry size: 512
[0.005s][info][gc       ] Using Parallel
[0.005s][info][gc,init  ] Version: 24-internal-adhoc.root.jdk (release)
[0.005s][info][gc,init  ] CPUs: 2 total, 2 available
[0.005s][info][gc,init  ] Memory: 3908M
[0.005s][info][gc,init  ] Large Page Support: Disabled
[0.005s][info][gc,init  ] NUMA Support: Disabled
[0.005s][info][gc,init  ] Compressed Oops: Enabled (32-bit)
[0.005s][info][gc,init  ] Alignments: Space 512K, Generation 512K, Heap 2M
[0.005s][info][gc,init  ] Heap Min Capacity: 256M
[0.005s][info][gc,init  ] Heap Initial Capacity: 256M
[0.005s][info][gc,init  ] Heap Max Capacity: 978M
[0.005s][info][gc,init  ] Pre-touch: Disabled
[0.005s][info][gc,init  ] Parallel Workers: 2
[0.022s][info][gc,metaspace] CDS archive(s) mapped at: [0x00007f88aa000000-0x00007f88aadc0000-0x00007f88aadc0000), size 14417920, SharedBaseAddress: 0x00007f88aa000000, ArchiveRelocationMode: 1.
[0.022s][info][gc,metaspace] Compressed class space mapped at: 0x00007f88ab000000-0x00007f88eb000000, reserved size: 1073741824
[0.022s][info][gc,metaspace] UseCompressedClassPointers 1, UseCompactObjectHeaders 0
[0.022s][info][gc,metaspace] Narrow klass pointer bits 32, Max shift 3
[0.022s][info][gc,metaspace] Narrow klass base: 0x00007f88aa000000, Narrow klass shift: 0
[0.022s][info][gc,metaspace] Encoding Range: [0x00007f88aa000000 - 0x00007f89aa000000), (4294967296 bytes)
[0.022s][info][gc,metaspace] Klass Range:    [0x00007f88aa000000 - 0x00007f88eb000000), (1090519040 bytes)
[0.022s][info][gc,metaspace] Klass ID Range:  [8 - 1090519033) (1090519025)
[1.526s][info][gc,start    ] GC(0) Pause Young (Allocation Failure)
[1.538s][info][gc,heap     ] GC(0) PSYoungGen: 65536K(76288K)->8774K(76288K) Eden: 65536K(65536K)->0K(65536K) From: 0K(10752K)->8774K(10752K)
[1.538s][info][gc,heap     ] GC(0) ParOldGen: 1157K(175104K)->1165K(175104K)
[1.538s][info][gc,metaspace] GC(0) Metaspace: 11780K(12032K)->11780K(12032K) NonClass: 10696K(10816K)->10696K(10816K) Class: 1083K(1216K)->1083K(1216K)
[1.538s][info][gc          ] GC(0) Pause Young (Allocation Failure) 65M->9M(245M) 11.645ms
[1.538s][info][gc,cpu      ] GC(0) User=0.02s Sys=0.00s Real=0.01s
[2.115s][info][metaspace   ] Arena @0x00007f8908055780 (non-class arena): commit failure (requested size: 154)
[2.115s][info][metaspace   ] ChkMgr @0x00007f890803ab00 (non-class-space): failed to commit 154 words on chunk @0x00007f885c30a748, f, base 0x00007f88a1380000, level lv05.
[2.115s][info][metaspace   ] Arena @0x00007f8908055780 (non-class arena): failed to allocate new chunk for requested word size 154.
[2.115s][info][metaspace   ] Arena @0x00007f8908055780 (non-class arena): allocation failed, returned null.
[2.115s][info][metaspace   ] Arena @0x00007f8908055780 (non-class arena): commit failure (requested size: 154)
[2.115s][info][metaspace   ] ChkMgr @0x00007f890803ab00 (non-class-space): failed to commit 154 words on chunk @0x00007f885c30a748, f, base 0x00007f88a1380000, level lv05.
[2.115s][info][metaspace   ] Arena @0x00007f8908055780 (non-class arena): failed to allocate new chunk for requested word size 154.
[2.115s][info][metaspace   ] Arena @0x00007f8908055780 (non-class arena): allocation failed, returned null.
[2.118s][info][metaspace   ] Arena @0x00007f8908055780 (non-class arena): commit failure (requested size: 154)
[2.118s][info][metaspace   ] ChkMgr @0x00007f890803ab00 (non-class-space): failed to commit 154 words on chunk @0x00007f885c30a748, f, base 0x00007f88a1380000, level lv05.
[2.118s][info][metaspace   ] Arena @0x00007f8908055780 (non-class arena): failed to allocate new chunk for requested word size 154.
[2.118s][info][metaspace   ] Arena @0x00007f8908055780 (non-class arena): allocation failed, returned null.
[2.118s][info][gc,start    ] GC(1) Pause Full (Metadata GC Threshold)
[2.118s][info][gc,phases,start] GC(1) Marking Phase
[2.130s][info][gc,phases      ] GC(1) Marking Phase 12.221ms
[2.130s][info][gc,phases,start] GC(1) Summary Phase
[2.130s][info][gc,phases      ] GC(1) Summary Phase 0.010ms
[2.130s][info][gc,phases,start] GC(1) Forward
[2.132s][info][gc,phases      ] GC(1) Forward 2.035ms
[2.132s][info][gc,phases,start] GC(1) Adjust Pointers
[2.138s][info][gc,phases      ] GC(1) Adjust Pointers 5.466ms
[2.138s][info][gc,phases,start] GC(1) Compaction Phase
[2.145s][info][gc,phases      ] GC(1) Compaction Phase 6.842ms
[2.145s][info][gc,phases,start] GC(1) Post Compact
[2.146s][info][gc,phases      ] GC(1) Post Compact 1.432ms
[2.146s][info][gc,heap        ] GC(1) PSYoungGen: 55507K(76288K)->0K(76288K) Eden: 46733K(65536K)->0K(65536K) From: 8774K(10752K)->0K(10752K)
[2.146s][info][gc,heap        ] GC(1) ParOldGen: 1165K(175104K)->11072K(175104K)
[2.146s][info][gc,metaspace   ] GC(1) Metaspace: 21382K(21504K)->21382K(21504K) NonClass: 19382K(19456K)->19382K(19456K) Class: 2000K(2048K)->2000K(2048K)
[2.146s][info][gc             ] GC(1) Pause Full (Metadata GC Threshold) 55M->10M(245M) 28.294ms
[2.146s][info][gc,cpu         ] GC(1) User=0.05s Sys=0.01s Real=0.03s
[3.726s][info][gc,start       ] GC(2) Pause Young (Allocation Failure)
[3.742s][info][gc,heap        ] GC(2) PSYoungGen: 65536K(76288K)->4208K(76288K) Eden: 65536K(65536K)->0K(65536K) From: 0K(10752K)->4208K(10752K)
[3.742s][info][gc,heap        ] GC(2) ParOldGen: 142144K(175104K)->142152K(175104K)
[3.742s][info][gc,metaspace   ] GC(2) Metaspace: 31940K(32128K)->31940K(32128K) NonClass: 28898K(28992K)->28898K(28992K) Class: 3041K(3136K)->3041K(3136K)
[3.742s][info][gc             ] GC(2) Pause Young (Allocation Failure) 202M->142M(245M) 16.400ms
[3.742s][info][gc,cpu         ] GC(2) User=0.03s Sys=0.00s Real=0.01s
[4.025s][info][metaspace      ] Arena @0x00007f8908055780 (non-class arena): commit failure (requested size: 59)
[4.025s][info][metaspace      ] ChkMgr @0x00007f890803ab00 (non-class-space): failed to commit 59 words on chunk @0x00007f890879a5f8, f, base 0x00007f88a1fe0000, level lv07.
[4.025s][info][metaspace      ] Arena @0x00007f8908055780 (non-class arena): failed to allocate new chunk for requested word size 59.
[4.025s][info][metaspace      ] Arena @0x00007f8908055780 (non-class arena): allocation failed, returned null.
[4.025s][info][metaspace      ] Arena @0x00007f8908055780 (non-class arena): commit failure (requested size: 59)
[4.025s][info][metaspace      ] ChkMgr @0x00007f890803ab00 (non-class-space): failed to commit 59 words on chunk @0x00007f890879a5f8, f, base 0x00007f88a1fe0000, level lv07.
[4.025s][info][metaspace      ] Arena @0x00007f8908055780 (non-class arena): failed to allocate new chunk for requested word size 59.
[4.025s][info][metaspace      ] Arena @0x00007f8908055780 (non-class arena): allocation failed, returned null.
[4.025s][info][metaspace      ] Arena @0x00007f8908055780 (non-class arena): commit failure (requested size: 59)
[4.025s][info][metaspace      ] ChkMgr @0x00007f890803ab00 (non-class-space): failed to commit 59 words on chunk @0x00007f890879a5f8, f, base 0x00007f88a1fe0000, level lv07.
[4.025s][info][metaspace      ] Arena @0x00007f8908055780 (non-class arena): failed to allocate new chunk for requested word size 59.
[4.025s][info][metaspace      ] Arena @0x00007f8908055780 (non-class arena): allocation failed, returned null.
[4.025s][info][metaspace      ] Arena @0x00007f8908055780 (non-class arena): commit failure (requested size: 59)
[4.025s][info][metaspace      ] ChkMgr @0x00007f890803ab00 (non-class-space): failed to commit 59 words on chunk @0x00007f890879a5f8, f, base 0x00007f88a1fe0000, level lv07.
[4.025s][info][metaspace      ] Arena @0x00007f8908055780 (non-class arena): failed to allocate new chunk for requested word size 59.
[4.025s][info][metaspace      ] Arena @0x00007f8908055780 (non-class arena): allocation failed, returned null.
[4.025s][info][metaspace      ] CLMS @0x00007f8908055750 : GC threshold increased: 36700160->37027840.
[4.026s][info][gc,start       ] GC(3) Pause Young (GCLocker Initiated GC)
[4.069s][info][gc,heap        ] GC(3) PSYoungGen: 63375K(76288K)->5722K(76288K) Eden: 59167K(65536K)->0K(65536K) From: 4208K(10752K)->5722K(10752K)
[4.069s][info][gc,heap        ] GC(3) ParOldGen: 181215K(214528K)->220285K(253952K)
[4.069s][info][gc,metaspace   ] GC(3) Metaspace: 35730K(35904K)->35730K(35904K) NonClass: 32363K(32512K)->32363K(32512K) Class: 3366K(3392K)->3366K(3392K)
[4.069s][info][gc             ] GC(3) Pause Young (GCLocker Initiated GC) 238M->220M(322M) 43.034ms
[4.069s][info][gc,cpu         ] GC(3) User=0.06s Sys=0.03s Real=0.04s
[4.088s][info][metaspace      ] ChkMgr @0x00007f890803ab00 (non-class-space): failed to commit 14 words on chunk @0x00007f890879ad00, f, base 0x00007f88a2010000, level lv10.
[4.088s][info][metaspace      ] Arena @0x00007f89082bc5a0 (non-class arena): failed to allocate new chunk for requested word size 14.
[4.088s][info][metaspace      ] Arena @0x00007f89082bc5a0 (non-class arena): allocation failed, returned null.
[4.088s][info][metaspace      ] ChkMgr @0x00007f890803ab00 (non-class-space): failed to commit 14 words on chunk @0x00007f890879ad00, f, base 0x00007f88a2010000, level lv10.
[4.088s][info][metaspace      ] Arena @0x00007f89082bc5a0 (non-class arena): failed to allocate new chunk for requested word size 14.
[4.088s][info][metaspace      ] Arena @0x00007f89082bc5a0 (non-class arena): allocation failed, returned null.
[4.088s][info][metaspace      ] ChkMgr @0x00007f890803ab00 (non-class-space): failed to commit 14 words on chunk @0x00007f890879ad00, f, base 0x00007f88a2010000, level lv10.
[4.088s][info][metaspace      ] Arena @0x00007f89082bc5a0 (non-class arena): failed to allocate new chunk for requested word size 14.
[4.088s][info][metaspace      ] Arena @0x00007f89082bc5a0 (non-class arena): allocation failed, returned null.
[4.088s][info][gc,start       ] GC(4) Pause Full (Metadata GC Threshold)
[4.088s][info][gc,phases,start] GC(4) Marking Phase
[4.104s][info][gc,phases      ] GC(4) Marking Phase 16.711ms
[4.105s][info][gc,phases,start] GC(4) Summary Phase
[4.105s][info][gc,phases      ] GC(4) Summary Phase 0.012ms
[4.105s][info][gc,phases,start] GC(4) Forward
[4.106s][info][gc,phases      ] GC(4) Forward 1.148ms
[4.106s][info][gc,phases,start] GC(4) Adjust Pointers
[4.114s][info][gc,phases      ] GC(4) Adjust Pointers 8.014ms
[4.114s][info][gc,phases,start] GC(4) Compaction Phase
[4.119s][info][gc,phases      ] GC(4) Compaction Phase 5.285ms
[4.119s][info][gc,phases,start] GC(4) Post Compact
[4.122s][info][gc,phases      ] GC(4) Post Compact 3.042ms
[4.122s][info][gc,heap        ] GC(4) PSYoungGen: 8784K(76288K)->0K(76288K) Eden: 3061K(65536K)->0K(65536K) From: 5722K(10752K)->0K(10752K)
[4.122s][info][gc,heap        ] GC(4) ParOldGen: 220285K(253952K)->225941K(253952K)
[4.122s][info][gc,metaspace   ] GC(4) Metaspace: 36011K(36160K)->36011K(36160K) NonClass: 32625K(32704K)->32625K(32704K) Class: 3385K(3456K)->3385K(3456K)
[4.122s][info][gc             ] GC(4) Pause Full (Metadata GC Threshold) 223M->220M(322M) 34.483ms
[4.122s][info][gc,cpu         ] GC(4) User=0.05s Sys=0.01s Real=0.03s
[4.920s][info][gc,start       ] GC(5) Pause Young (Allocation Failure)
[4.927s][info][gc,heap        ] GC(5) PSYoungGen: 65536K(76288K)->2983K(76288K) Eden: 65536K(65536K)->0K(65536K) From: 0K(10752K)->2983K(10752K)
[4.927s][info][gc,heap        ] GC(5) ParOldGen: 225941K(253952K)->225949K(253952K)
[4.927s][info][gc,metaspace   ] GC(5) Metaspace: 46687K(46912K)->46687K(46912K) NonClass: 42077K(42240K)->42077K(42240K) Class: 4610K(4672K)->4610K(4672K)
[4.927s][info][gc             ] GC(5) Pause Young (Allocation Failure) 284M->223M(322M) 6.720ms
[4.927s][info][gc,cpu         ] GC(5) User=0.01s Sys=0.00s Real=0.01s
[7.085s][info][gc,start       ] GC(6) Pause Young (Allocation Failure)
[7.095s][info][gc,heap        ] GC(6) PSYoungGen: 68519K(76288K)->5319K(76288K) Eden: 65536K(65536K)->0K(65536K) From: 2983K(10752K)->5319K(10752K)
[7.095s][info][gc,heap        ] GC(6) ParOldGen: 225949K(253952K)->225957K(253952K)
[7.095s][info][gc,metaspace   ] GC(6) Metaspace: 52509K(52800K)->52509K(52800K) NonClass: 47124K(47296K)->47124K(47296K) Class: 5385K(5504K)->5385K(5504K)
[7.095s][info][gc             ] GC(6) Pause Young (Allocation Failure) 287M->225M(322M) 9.871ms
[7.095s][info][gc,cpu         ] GC(6) User=0.02s Sys=0.00s Real=0.01s
[7.595s][info][gc,start       ] GC(7) Pause Young (Allocation Failure)
[7.622s][info][gc,heap        ] GC(7) PSYoungGen: 70855K(76288K)->8685K(130048K) Eden: 65536K(65536K)->0K(121344K) From: 5319K(10752K)->8685K(8704K)
[7.622s][info][gc,heap        ] GC(7) ParOldGen: 225957K(253952K)->240739K(253952K)
[7.622s][info][gc,metaspace   ] GC(7) Metaspace: 54320K(54656K)->54320K(54656K) NonClass: 48737K(48960K)->48737K(48960K) Class: 5583K(5696K)->5583K(5696K)
[7.622s][info][gc             ] GC(7) Pause Young (Allocation Failure) 289M->243M(375M) 26.799ms
[7.622s][info][gc,cpu         ] GC(7) User=0.04s Sys=0.01s Real=0.03s
[8.225s][info][gc,start       ] GC(8) Pause Young (Allocation Failure)
[8.275s][info][gc,heap        ] GC(8) PSYoungGen: 130029K(130048K)->18419K(139776K) Eden: 121344K(121344K)->0K(121344K) From: 8685K(8704K)->18419K(18432K)
[8.275s][info][gc,heap        ] GC(8) ParOldGen: 240739K(253952K)->263427K(263680K)
[8.275s][info][gc,metaspace   ] GC(8) Metaspace: 54687K(55040K)->54687K(55040K) NonClass: 49102K(49344K)->49102K(49344K) Class: 5584K(5696K)->5584K(5696K)
[8.275s][info][gc             ] GC(8) Pause Young (Allocation Failure) 362M->275M(394M) 49.721ms
[8.275s][info][gc,cpu         ] GC(8) User=0.07s Sys=0.03s Real=0.05s
[8.830s][info][gc,start       ] GC(9) Pause Young (Allocation Failure)
[8.877s][info][gc,heap        ] GC(9) PSYoungGen: 139763K(139776K)->28074K(272384K) Eden: 121344K(121344K)->0K(238592K) From: 18419K(18432K)->28074K(33792K)
[8.877s][info][gc,heap        ] GC(9) ParOldGen: 263427K(263680K)->265586K(265728K)
[8.877s][info][gc,metaspace   ] GC(9) Metaspace: 54941K(55296K)->54941K(55296K) NonClass: 49356K(49600K)->49356K(49600K) Class: 5584K(5696K)->5584K(5696K)
[8.877s][info][gc             ] GC(9) Pause Young (Allocation Failure) 393M->286M(525M) 47.441ms
[8.878s][info][gc,cpu         ] GC(9) User=0.08s Sys=0.02s Real=0.05s
[9.793s][info][gc,start       ] GC(10) Pause Young (Allocation Failure)
[9.851s][info][gc,heap        ] GC(10) PSYoungGen: 266666K(272384K)->29074K(276480K) Eden: 238592K(238592K)->0K(238592K) From: 28074K(33792K)->29074K(37888K)
[9.851s][info][gc,heap        ] GC(10) ParOldGen: 265586K(265728K)->270743K(270848K)
[9.851s][info][gc,metaspace   ] GC(10) Metaspace: 55162K(55488K)->55162K(55488K) NonClass: 49567K(49792K)->49567K(49792K) Class: 5594K(5696K)->5594K(5696K)
[9.851s][info][gc             ] GC(10) Pause Young (Allocation Failure) 519M->292M(534M) 57.872ms
[9.851s][info][gc,cpu         ] GC(10) User=0.09s Sys=0.03s Real=0.06s
[10.458s][info][gc,start       ] GC(11) Pause Young (Allocation Failure)
[10.494s][info][gc,heap        ] GC(11) PSYoungGen: 267666K(276480K)->14815K(293888K) Eden: 238592K(238592K)->0K(253952K) From: 29074K(37888K)->14815K(39936K)
[10.494s][info][gc,heap        ] GC(11) ParOldGen: 270743K(270848K)->285490K(285696K)
[10.494s][info][gc,metaspace   ] GC(11) Metaspace: 55243K(55552K)->55243K(55552K) NonClass: 49648K(49856K)->49648K(49856K) Class: 5594K(5696K)->5594K(5696K)
[10.494s][info][gc             ] GC(11) Pause Young (Allocation Failure) 525M->293M(566M) 36.633ms
[10.494s][info][gc,cpu         ] GC(11) User=0.06s Sys=0.01s Real=0.03s
[11.151s][info][gc,start       ] GC(12) Pause Young (Allocation Failure)
[11.171s][info][gc,heap        ] GC(12) PSYoungGen: 268767K(293888K)->13535K(267776K) Eden: 253952K(253952K)->0K(253952K) From: 14815K(39936K)->13535K(13824K)
[11.171s][info][gc,heap        ] GC(12) ParOldGen: 285490K(285696K)->286850K(287232K)
[11.171s][info][gc,metaspace   ] GC(12) Metaspace: 55461K(55744K)->55461K(55744K) NonClass: 49866K(50048K)->49866K(50048K) Class: 5594K(5696K)->5594K(5696K)
[11.171s][info][gc             ] GC(12) Pause Young (Allocation Failure) 541M->293M(542M) 20.308ms
[11.171s][info][gc,cpu         ] GC(12) User=0.04s Sys=0.00s Real=0.02s
[11.781s][info][gc,start       ] GC(13) Pause Young (Allocation Failure)
[11.799s][info][gc,heap        ] GC(13) PSYoungGen: 267487K(267776K)->13631K(293376K) Eden: 253952K(253952K)->0K(256512K) From: 13535K(13824K)->13631K(36864K)
[11.799s][info][gc,heap        ] GC(13) ParOldGen: 286850K(287232K)->286978K(287232K)
[11.799s][info][gc,metaspace   ] GC(13) Metaspace: 55463K(55744K)->55463K(55744K) NonClass: 49869K(50048K)->49869K(50048K) Class: 5594K(5696K)->5594K(5696K)
[11.799s][info][gc             ] GC(13) Pause Young (Allocation Failure) 541M->293M(567M) 18.181ms
[11.799s][info][gc,cpu         ] GC(13) User=0.03s Sys=0.00s Real=0.02s
[12.469s][info][gc,start       ] GC(14) Pause Young (Allocation Failure)
[12.489s][info][gc,heap        ] GC(14) PSYoungGen: 270143K(293376K)->13663K(291840K) Eden: 256512K(256512K)->0K(256512K) From: 13631K(36864K)->13663K(35328K)
[12.489s][info][gc,heap        ] GC(14) ParOldGen: 286978K(287232K)->287138K(287232K)
[12.489s][info][gc,metaspace   ] GC(14) Metaspace: 55465K(55744K)->55465K(55744K) NonClass: 49870K(50048K)->49870K(50048K) Class: 5594K(5696K)->5594K(5696K)
[12.489s][info][gc             ] GC(14) Pause Young (Allocation Failure) 544M->293M(565M) 19.619ms
[12.489s][info][gc,cpu         ] GC(14) User=0.04s Sys=0.00s Real=0.02s
[13.213s][info][gc,start       ] GC(15) Pause Young (Allocation Failure)
[13.225s][info][gc,heap        ] GC(15) PSYoungGen: 270175K(291840K)->7007K(295936K) Eden: 256512K(256512K)->0K(262144K) From: 13663K(35328K)->7007K(33792K)
[13.225s][info][gc,heap        ] GC(15) ParOldGen: 287138K(287232K)->287282K(287744K)
[13.225s][info][gc,metaspace   ] GC(15) Metaspace: 55466K(55744K)->55466K(55744K) NonClass: 49871K(50048K)->49871K(50048K) Class: 5595K(5696K)->5595K(5696K)
[13.225s][info][gc             ] GC(15) Pause Young (Allocation Failure) 544M->287M(570M) 11.741ms
[13.225s][info][gc,cpu         ] GC(15) User=0.03s Sys=0.00s Real=0.01s
[13.829s][info][gc,start       ] GC(16) Pause Young (Allocation Failure)
[13.836s][info][gc,heap        ] GC(16) PSYoungGen: 269151K(295936K)->2750K(295424K) Eden: 262144K(262144K)->0K(262144K) From: 7007K(33792K)->2750K(33280K)
[13.836s][info][gc,heap        ] GC(16) ParOldGen: 287282K(287744K)->287466K(287744K)
[13.836s][info][gc,metaspace   ] GC(16) Metaspace: 55470K(55744K)->55470K(55744K) NonClass: 49874K(50048K)->49874K(50048K) Class: 5595K(5696K)->5595K(5696K)
[13.836s][info][gc             ] GC(16) Pause Young (Allocation Failure) 543M->283M(569M) 7.195ms
[13.836s][info][gc,cpu         ] GC(16) User=0.01s Sys=0.00s Real=0.01s
[14.546s][info][gc,start       ] GC(17) Pause Young (Allocation Failure)
[14.555s][info][gc,heap        ] GC(17) PSYoungGen: 264894K(295424K)->1888K(300032K) Eden: 262144K(262144K)->0K(266752K) From: 2750K(33280K)->1888K(33280K)
[14.555s][info][gc,heap        ] GC(17) ParOldGen: 287466K(287744K)->287645K(287744K)
[14.555s][info][gc,metaspace   ] GC(17) Metaspace: 55486K(55808K)->55486K(55808K) NonClass: 49887K(50112K)->49887K(50112K) Class: 5599K(5696K)->5599K(5696K)
[14.555s][info][gc             ] GC(17) Pause Young (Allocation Failure) 539M->282M(574M) 8.934ms
[14.555s][info][gc,cpu         ] GC(17) User=0.01s Sys=0.00s Real=0.00s
[15.183s][info][gc,start       ] GC(18) Pause Young (Allocation Failure)
[15.189s][info][gc,heap        ] GC(18) PSYoungGen: 268640K(300032K)->1695K(300032K) Eden: 266752K(266752K)->0K(266752K) From: 1888K(33280K)->1695K(33280K)
[15.189s][info][gc,heap        ] GC(18) ParOldGen: 287645K(287744K)->287781K(288256K)
[15.189s][info][gc,metaspace   ] GC(18) Metaspace: 55487K(55808K)->55487K(55808K) NonClass: 49888K(50112K)->49888K(50112K) Class: 5599K(5696K)->5599K(5696K)
[15.189s][info][gc             ] GC(18) Pause Young (Allocation Failure) 543M->282M(574M) 5.611ms
[15.189s][info][gc,cpu         ] GC(18) User=0.01s Sys=0.00s Real=0.01s
[15.962s][info][gc,start       ] GC(19) Pause Young (Allocation Failure)
[15.966s][info][gc,heap        ] GC(19) PSYoungGen: 268447K(300032K)->1887K(299520K) Eden: 266752K(266752K)->0K(267264K) From: 1695K(33280K)->1887K(32256K)
[15.966s][info][gc,heap        ] GC(19) ParOldGen: 287781K(288256K)->287901K(288256K)
[15.966s][info][gc,metaspace   ] GC(19) Metaspace: 55487K(55808K)->55487K(55808K) NonClass: 49888K(50112K)->49888K(50112K) Class: 5599K(5696K)->5599K(5696K)
[15.966s][info][gc             ] GC(19) Pause Young (Allocation Failure) 543M->282M(574M) 3.904ms
[15.966s][info][gc,cpu         ] GC(19) User=0.00s Sys=0.00s Real=0.00s
[16.589s][info][gc,start       ] GC(20) Pause Young (Allocation Failure)
[16.593s][info][gc,heap        ] GC(20) PSYoungGen: 269151K(299520K)->2111K(300032K) Eden: 267264K(267264K)->0K(267264K) From: 1887K(32256K)->2111K(32768K)
[16.593s][info][gc,heap        ] GC(20) ParOldGen: 287901K(288256K)->288005K(288256K)
[16.593s][info][gc,metaspace   ] GC(20) Metaspace: 55487K(55808K)->55487K(55808K) NonClass: 49888K(50112K)->49888K(50112K) Class: 5599K(5696K)->5599K(5696K)
[16.593s][info][gc             ] GC(20) Pause Young (Allocation Failure) 543M->283M(574M) 4.400ms
[16.593s][info][gc,cpu         ] GC(20) User=0.01s Sys=0.00s Real=0.00s
[17.563s][info][gc,start       ] GC(21) Pause Young (Allocation Failure)
[17.569s][info][gc,heap        ] GC(21) PSYoungGen: 269375K(300032K)->1119K(300544K) Eden: 267264K(267264K)->0K(269312K) From: 2111K(32768K)->1119K(31232K)
[17.569s][info][gc,heap        ] GC(21) ParOldGen: 288005K(288256K)->288109K(288256K)
[17.569s][info][gc,metaspace   ] GC(21) Metaspace: 55488K(55808K)->55488K(55808K) NonClass: 49889K(50112K)->49889K(50112K) Class: 5599K(5696K)->5599K(5696K)
[17.569s][info][gc             ] GC(21) Pause Young (Allocation Failure) 544M->282M(575M) 6.473ms
[17.569s][info][gc,cpu         ] GC(21) User=0.01s Sys=0.00s Real=0.01s
[18.200s][info][gc,start       ] GC(22) Pause Young (Allocation Failure)
[18.208s][info][gc,heap        ] GC(22) PSYoungGen: 270431K(300544K)->1824K(300544K) Eden: 269312K(269312K)->0K(269312K) From: 1119K(31232K)->1824K(31232K)
[18.208s][info][gc,heap        ] GC(22) ParOldGen: 288109K(288256K)->288197K(288256K)
[18.208s][info][gc,metaspace   ] GC(22) Metaspace: 55489K(55808K)->55489K(55808K) NonClass: 49889K(50112K)->49889K(50112K) Class: 5599K(5696K)->5599K(5696K)
[18.208s][info][gc             ] GC(22) Pause Young (Allocation Failure) 545M->283M(575M) 7.800ms
[18.208s][info][gc,cpu         ] GC(22) User=0.00s Sys=0.00s Real=0.01s
[18.873s][info][gc,start       ] GC(23) Pause Young (Allocation Failure)
[18.876s][info][gc,heap        ] GC(23) PSYoungGen: 271136K(300544K)->1137K(301568K) Eden: 269312K(269312K)->0K(272384K) From: 1824K(31232K)->1137K(29184K)
[18.877s][info][gc,heap        ] GC(23) ParOldGen: 288197K(288256K)->288285K(288768K)
[18.877s][info][gc,metaspace   ] GC(23) Metaspace: 55506K(55808K)->55506K(55808K) NonClass: 49903K(50112K)->49903K(50112K) Class: 5602K(5696K)->5602K(5696K)
[18.877s][info][gc             ] GC(23) Pause Young (Allocation Failure) 546M->282M(576M) 3.259ms
[18.877s][info][gc,cpu         ] GC(23) User=0.00s Sys=0.00s Real=0.01s
[19.525s][info][gc,start       ] GC(24) Pause Young (Allocation Failure)
[19.529s][info][gc,heap        ] GC(24) PSYoungGen: 273458K(301568K)->1216K(263168K) Eden: 272321K(272384K)->0K(261632K) From: 1137K(29184K)->1216K(1536K)
[19.529s][info][gc,heap        ] GC(24) ParOldGen: 288285K(288768K)->288373K(288768K)
[19.529s][info][gc,metaspace   ] GC(24) Metaspace: 55506K(55808K)->55506K(55808K) NonClass: 49903K(50112K)->49903K(50112K) Class: 5602K(5696K)->5602K(5696K)
[19.529s][info][gc             ] GC(24) Pause Young (Allocation Failure) 548M->282M(539M) 4.116ms
[19.529s][info][gc,cpu         ] GC(24) User=0.00s Sys=0.00s Real=0.01s
[20.173s][info][gc,start       ] GC(25) Pause Young (Allocation Failure)
[20.177s][info][gc,heap        ] GC(25) PSYoungGen: 262848K(263168K)->1343K(266752K) Eden: 261632K(261632K)->0K(251392K) From: 1216K(1536K)->1343K(15360K)
[20.177s][info][gc,heap        ] GC(25) ParOldGen: 288373K(288768K)->288445K(288768K)
[20.177s][info][gc,metaspace   ] GC(25) Metaspace: 55508K(55808K)->55508K(55808K) NonClass: 49905K(50112K)->49905K(50112K) Class: 5602K(5696K)->5602K(5696K)
[20.177s][info][gc             ] GC(25) Pause Young (Allocation Failure) 538M->282M(542M) 3.418ms
[20.177s][info][gc,cpu         ] GC(25) User=0.00s Sys=0.00s Real=0.01s
[20.780s][info][gc,start       ] GC(26) Pause Young (Allocation Failure)
[20.784s][info][gc,heap        ] GC(26) PSYoungGen: 252735K(266752K)->1312K(243200K) Eden: 251392K(251392K)->0K(241664K) From: 1343K(15360K)->1312K(1536K)
[20.784s][info][gc,heap        ] GC(26) ParOldGen: 288445K(288768K)->288509K(288768K)
[20.784s][info][gc,metaspace   ] GC(26) Metaspace: 55508K(55808K)->55508K(55808K) NonClass: 49905K(50112K)->49905K(50112K) Class: 5602K(5696K)->5602K(5696K)
[20.784s][info][gc             ] GC(26) Pause Young (Allocation Failure) 528M->283M(519M) 4.550ms
[20.784s][info][gc,cpu         ] GC(26) User=0.01s Sys=0.00s Real=0.00s
[21.327s][info][gc,start       ] GC(27) Pause Young (Allocation Failure)
[21.330s][info][gc,heap        ] GC(27) PSYoungGen: 242976K(243200K)->325K(246784K) Eden: 241664K(241664K)->0K(232448K) From: 1312K(1536K)->325K(14336K)
[21.330s][info][gc,heap        ] GC(27) ParOldGen: 288509K(288768K)->288573K(288768K)
[21.330s][info][gc,metaspace   ] GC(27) Metaspace: 55508K(55808K)->55508K(55808K) NonClass: 49905K(50112K)->49905K(50112K) Class: 5602K(5696K)->5602K(5696K)
[21.330s][info][gc             ] GC(27) Pause Young (Allocation Failure) 519M->282M(523M) 3.037ms
[21.330s][info][gc,cpu         ] GC(27) User=0.01s Sys=0.01s Real=0.00s
[21.901s][info][gc,start       ] GC(28) Pause Young (Allocation Failure)
[21.910s][info][gc,heap        ] GC(28) PSYoungGen: 232523K(246784K)->2879K(226816K) Eden: 232198K(232448K)->0K(223744K) From: 325K(14336K)->2879K(3072K)
[21.910s][info][gc,heap        ] GC(28) ParOldGen: 288573K(288768K)->288629K(288768K)
[21.910s][info][gc,metaspace   ] GC(28) Metaspace: 55517K(55808K)->55517K(55808K) NonClass: 49915K(50112K)->49915K(50112K) Class: 5602K(5696K)->5602K(5696K)
[21.910s][info][gc             ] GC(28) Pause Young (Allocation Failure) 508M->284M(503M) 9.316ms
[21.910s][info][gc,cpu         ] GC(28) User=0.02s Sys=0.00s Real=0.01s
[22.412s][info][gc,start       ] GC(29) Pause Young (Allocation Failure)
[22.417s][info][gc,heap        ] GC(29) PSYoungGen: 226623K(226816K)->1663K(227328K) Eden: 223744K(223744K)->0K(215552K) From: 2879K(3072K)->1663K(11776K)
[22.417s][info][gc,heap        ] GC(29) ParOldGen: 288629K(288768K)->288685K(288768K)
[22.417s][info][gc,metaspace   ] GC(29) Metaspace: 55517K(55808K)->55517K(55808K) NonClass: 49915K(50112K)->49915K(50112K) Class: 5602K(5696K)->5602K(5696K)
[22.417s][info][gc             ] GC(29) Pause Young (Allocation Failure) 503M->283M(504M) 4.366ms
[22.417s][info][gc,cpu         ] GC(29) User=0.01s Sys=0.00s Real=0.01s
[23.018s][info][gc,start       ] GC(30) Pause Young (Allocation Failure)
[23.022s][info][gc,heap        ] GC(30) PSYoungGen: 217215K(227328K)->767K(208384K) Eden: 215552K(215552K)->0K(207360K) From: 1663K(11776K)->767K(1024K)
[23.022s][info][gc,heap        ] GC(30) ParOldGen: 288685K(288768K)->288741K(288768K)
[23.022s][info][gc,metaspace   ] GC(30) Metaspace: 55517K(55808K)->55517K(55808K) NonClass: 49915K(50112K)->49915K(50112K) Class: 5602K(5696K)->5602K(5696K)
[23.022s][info][gc             ] GC(30) Pause Young (Allocation Failure) 494M->282M(485M) 3.135ms
[23.022s][info][gc,cpu         ] GC(30) User=0.00s Sys=0.00s Real=0.00s
[23.517s][info][gc,start       ] GC(31) Pause Young (Allocation Failure)
[23.520s][info][gc,heap        ] GC(31) PSYoungGen: 208127K(208384K)->991K(210432K) Eden: 207360K(207360K)->0K(199680K) From: 767K(1024K)->991K(10752K)
[23.520s][info][gc,heap        ] GC(31) ParOldGen: 288741K(288768K)->288797K(289280K)
[23.520s][info][gc,metaspace   ] GC(31) Metaspace: 55517K(55808K)->55517K(55808K) NonClass: 49915K(50112K)->49915K(50112K) Class: 5602K(5696K)->5602K(5696K)
[23.520s][info][gc             ] GC(31) Pause Young (Allocation Failure) 485M->282M(488M) 3.318ms
[23.520s][info][gc,cpu         ] GC(31) User=0.00s Sys=0.00s Real=0.00s
[23.998s][info][gc,start       ] GC(32) Pause Young (Allocation Failure)
[24.007s][info][gc,heap        ] GC(32) PSYoungGen: 200671K(210432K)->3391K(196096K) Eden: 199680K(199680K)->0K(192512K) From: 991K(10752K)->3391K(3584K)
[24.007s][info][gc,heap        ] GC(32) ParOldGen: 288797K(289280K)->288837K(289280K)
[24.007s][info][gc,metaspace   ] GC(32) Metaspace: 55518K(55808K)->55518K(55808K) NonClass: 49915K(50112K)->49915K(50112K) Class: 5602K(5696K)->5602K(5696K)
[24.007s][info][gc             ] GC(32) Pause Young (Allocation Failure) 477M->285M(474M) 8.706ms
[24.007s][info][gc,cpu         ] GC(32) User=0.01s Sys=0.00s Real=0.01s
[24.475s][info][gc,start       ] GC(33) Pause Young (Allocation Failure)
[24.480s][info][gc,heap        ] GC(33) PSYoungGen: 195903K(196096K)->2462K(194048K) Eden: 192512K(192512K)->0K(185344K) From: 3391K(3584K)->2462K(8704K)
[24.480s][info][gc,heap        ] GC(33) ParOldGen: 288837K(289280K)->288877K(289280K)
[24.480s][info][gc,metaspace   ] GC(33) Metaspace: 55520K(55808K)->55520K(55808K) NonClass: 49917K(50112K)->49917K(50112K) Class: 5602K(5696K)->5602K(5696K)
[24.480s][info][gc             ] GC(33) Pause Young (Allocation Failure) 473M->284M(472M) 4.839ms
[24.480s][info][gc,cpu         ] GC(33) User=0.01s Sys=0.00s Real=0.01s
[24.903s][info][gc,start       ] GC(34) Pause Young (Allocation Failure)
[24.907s][info][gc,heap        ] GC(34) PSYoungGen: 187649K(194048K)->1056K(180224K) Eden: 185187K(185344K)->0K(178688K) From: 2462K(8704K)->1056K(1536K)
[24.907s][info][gc,heap        ] GC(34) ParOldGen: 288877K(289280K)->288909K(289280K)
[24.907s][info][gc,metaspace   ] GC(34) Metaspace: 55521K(55808K)->55521K(55808K) NonClass: 49918K(50112K)->49918K(50112K) Class: 5602K(5696K)->5602K(5696K)
[24.907s][info][gc             ] GC(34) Pause Young (Allocation Failure) 465M->283M(458M) 3.771ms
[24.907s][info][gc,cpu         ] GC(34) User=0.00s Sys=0.00s Real=0.01s
[25.371s][info][gc,start       ] GC(35) Pause Young (Allocation Failure)
[25.375s][info][gc,heap        ] GC(35) PSYoungGen: 179744K(180224K)->1280K(180736K) Eden: 178688K(178688K)->0K(172544K) From: 1056K(1536K)->1280K(8192K)
[25.375s][info][gc,heap        ] GC(35) ParOldGen: 288909K(289280K)->288949K(289280K)
[25.375s][info][gc,metaspace   ] GC(35) Metaspace: 55521K(55808K)->55521K(55808K) NonClass: 49918K(50112K)->49918K(50112K) Class: 5602K(5696K)->5602K(5696K)
[25.375s][info][gc             ] GC(35) Pause Young (Allocation Failure) 457M->283M(459M) 3.876ms
[25.375s][info][gc,cpu         ] GC(35) User=0.00s Sys=0.01s Real=0.00s
[25.843s][info][gc,start       ] GC(36) Pause Young (Allocation Failure)
[25.846s][info][gc,heap        ] GC(36) PSYoungGen: 173739K(180736K)->896K(167424K) Eden: 172459K(172544K)->0K(166400K) From: 1280K(8192K)->896K(1024K)
[25.846s][info][gc,heap        ] GC(36) ParOldGen: 288949K(289280K)->288989K(289280K)
[25.846s][info][gc,metaspace   ] GC(36) Metaspace: 55521K(55808K)->55521K(55808K) NonClass: 49918K(50112K)->49918K(50112K) Class: 5602K(5696K)->5602K(5696K)
[25.846s][info][gc             ] GC(36) Pause Young (Allocation Failure) 451M->283M(446M) 3.301ms
[25.847s][info][gc,cpu         ] GC(36) User=0.01s Sys=0.00s Real=0.01s
[26.179s][info][gc,start       ] GC(37) Pause Young (Allocation Failure)
[26.184s][info][gc,heap        ] GC(37) PSYoungGen: 167050K(167424K)->2112K(166912K) Eden: 166154K(166400K)->0K(160768K) From: 896K(1024K)->2112K(6144K)
[26.184s][info][gc,heap        ] GC(37) ParOldGen: 288989K(289280K)->289021K(289280K)
[26.184s][info][gc,metaspace   ] GC(37) Metaspace: 55521K(55808K)->55521K(55808K) NonClass: 49918K(50112K)->49918K(50112K) Class: 5602K(5696K)->5602K(5696K)
[26.184s][info][gc             ] GC(37) Pause Young (Allocation Failure) 445M->284M(445M) 4.879ms
[26.184s][info][gc,cpu         ] GC(37) User=0.01s Sys=0.00s Real=0.00s
[26.577s][info][gc,start       ] GC(38) Pause Young (Allocation Failure)
[26.581s][info][gc,heap        ] GC(38) PSYoungGen: 162880K(166912K)->1568K(157184K) Eden: 160768K(160768K)->0K(155136K) From: 2112K(6144K)->1568K(2048K)
[26.581s][info][gc,heap        ] GC(38) ParOldGen: 289021K(289280K)->289053K(289280K)
[26.581s][info][gc,metaspace   ] GC(38) Metaspace: 55521K(55808K)->55521K(55808K) NonClass: 49918K(50112K)->49918K(50112K) Class: 5602K(5696K)->5602K(5696K)
[26.581s][info][gc             ] GC(38) Pause Young (Allocation Failure) 441M->283M(436M) 4.132ms
[26.581s][info][gc,cpu         ] GC(38) User=0.01s Sys=0.00s Real=0.00s
[26.929s][info][gc,start       ] GC(39) Pause Young (Allocation Failure)
[26.932s][info][gc,heap        ] GC(39) PSYoungGen: 156436K(157184K)->672K(154624K) Eden: 154868K(155136K)->0K(150016K) From: 1568K(2048K)->672K(4608K)
[26.932s][info][gc,heap        ] GC(39) ParOldGen: 289053K(289280K)->289077K(289280K)
[26.932s][info][gc,metaspace   ] GC(39) Metaspace: 55521K(55808K)->55521K(55808K) NonClass: 49918K(50112K)->49918K(50112K) Class: 5602K(5696K)->5602K(5696K)
[26.932s][info][gc             ] GC(39) Pause Young (Allocation Failure) 435M->282M(433M) 3.490ms
[26.932s][info][gc,cpu         ] GC(39) User=0.00s Sys=0.00s Real=0.00s
[27.288s][info][gc,start       ] GC(40) Pause Young (Allocation Failure)
[27.293s][info][gc,heap        ] GC(40) PSYoungGen: 150493K(154624K)->2943K(147968K) Eden: 149821K(150016K)->0K(144896K) From: 672K(4608K)->2943K(3072K)
[27.293s][info][gc,heap        ] GC(40) ParOldGen: 289077K(289280K)->289101K(289280K)
[27.293s][info][gc,metaspace   ] GC(40) Metaspace: 55524K(55808K)->55524K(55808K) NonClass: 49920K(50112K)->49920K(50112K) Class: 5603K(5696K)->5603K(5696K)
[27.293s][info][gc             ] GC(40) Pause Young (Allocation Failure) 429M->285M(427M) 5.376ms
[27.294s][info][gc,cpu         ] GC(40) User=0.01s Sys=0.00s Real=0.00s
[27.625s][info][gc,start       ] GC(41) Pause Young (Allocation Failure)
[27.628s][info][gc,heap        ] GC(41) PSYoungGen: 147839K(147968K)->767K(143872K) Eden: 144896K(144896K)->0K(140288K) From: 2943K(3072K)->767K(3584K)
[27.628s][info][gc,heap        ] GC(41) ParOldGen: 289101K(289280K)->289133K(289280K)
[27.628s][info][gc,metaspace   ] GC(41) Metaspace: 55524K(55808K)->55524K(55808K) NonClass: 49920K(50112K)->49920K(50112K) Class: 5603K(5696K)->5603K(5696K)
[27.628s][info][gc             ] GC(41) Pause Young (Allocation Failure) 426M->283M(423M) 2.957ms
[27.628s][info][gc,cpu         ] GC(41) User=0.01s Sys=0.00s Real=0.01s
[27.996s][info][gc,start       ] GC(42) Pause Young (Allocation Failure)
[28.004s][info][gc,heap        ] GC(42) PSYoungGen: 141055K(143872K)->5055K(151040K) Eden: 140288K(140288K)->0K(140288K) From: 767K(3584K)->5055K(10752K)
[28.004s][info][gc,heap        ] GC(42) ParOldGen: 289133K(289280K)->289157K(289280K)
[28.004s][info][gc,metaspace   ] GC(42) Metaspace: 55524K(55808K)->55524K(55808K) NonClass: 49920K(50112K)->49920K(50112K) Class: 5603K(5696K)->5603K(5696K)
[28.004s][info][gc             ] GC(42) Pause Young (Allocation Failure) 420M->287M(430M) 7.639ms
[28.004s][info][gc,cpu         ] GC(42) User=0.02s Sys=0.00s Real=0.00s
[28.308s][info][gc,start       ] GC(43) Pause Young (Allocation Failure)
[28.322s][info][gc,heap        ] GC(43) PSYoungGen: 145343K(151040K)->3071K(181248K) Eden: 140288K(140288K)->0K(171520K) From: 5055K(10752K)->3071K(9728K)
[28.322s][info][gc,heap        ] GC(43) ParOldGen: 289157K(289280K)->289181K(289280K)
[28.322s][info][gc,metaspace   ] GC(43) Metaspace: 55524K(55808K)->55524K(55808K) NonClass: 49920K(50112K)->49920K(50112K) Class: 5603K(5696K)->5603K(5696K)
[28.322s][info][gc             ] GC(43) Pause Young (Allocation Failure) 424M->285M(459M) 14.367ms
[28.322s][info][gc,cpu         ] GC(43) User=0.01s Sys=0.00s Real=0.01s
[28.711s][info][gc,start       ] GC(44) Pause Young (Allocation Failure)
[28.715s][info][gc,heap        ] GC(44) PSYoungGen: 174591K(181248K)->1919K(181760K) Eden: 171520K(171520K)->0K(171520K) From: 3071K(9728K)->1919K(10240K)
[28.715s][info][gc,heap        ] GC(44) ParOldGen: 289181K(289280K)->289205K(289280K)
[28.715s][info][gc,metaspace   ] GC(44) Metaspace: 55524K(55808K)->55524K(55808K) NonClass: 49920K(50112K)->49920K(50112K) Class: 5603K(5696K)->5603K(5696K)
[28.715s][info][gc             ] GC(44) Pause Young (Allocation Failure) 452M->284M(460M) 4.668ms
[28.715s][info][gc,cpu         ] GC(44) User=0.01s Sys=0.00s Real=0.00s
[29.201s][info][gc,start       ] GC(45) Pause Young (Allocation Failure)
[29.208s][info][gc,heap        ] GC(45) PSYoungGen: 173186K(181760K)->3616K(218112K) Eden: 171267K(171520K)->0K(209408K) From: 1919K(10240K)->3616K(8704K)
[29.208s][info][gc,heap        ] GC(45) ParOldGen: 289205K(289280K)->289229K(289280K)
[29.208s][info][gc,metaspace   ] GC(45) Metaspace: 55524K(55808K)->55524K(55808K) NonClass: 49920K(50112K)->49920K(50112K) Class: 5603K(5696K)->5603K(5696K)
[29.208s][info][gc             ] GC(45) Pause Young (Allocation Failure) 451M->285M(495M) 7.803ms
[29.208s][info][gc,cpu         ] GC(45) User=0.01s Sys=0.00s Real=0.01s
[29.670s][info][gc,start       ] GC(46) Pause Young (Allocation Failure)
[29.674s][info][gc,heap        ] GC(46) PSYoungGen: 213024K(218112K)->501K(218624K) Eden: 209408K(209408K)->0K(209408K) From: 3616K(8704K)->501K(9216K)
[29.674s][info][gc,heap        ] GC(46) ParOldGen: 289229K(289280K)->289253K(289280K)
[29.674s][info][gc,metaspace   ] GC(46) Metaspace: 55524K(55808K)->55524K(55808K) NonClass: 49920K(50112K)->49920K(50112K) Class: 5603K(5696K)->5603K(5696K)
[29.674s][info][gc             ] GC(46) Pause Young (Allocation Failure) 490M->282M(496M) 3.707ms
[29.674s][info][gc,cpu         ] GC(46) User=0.01s Sys=0.01s Real=0.00s
[30.218s][info][gc,start       ] GC(47) Pause Young (Allocation Failure)
[30.221s][info][gc,heap        ] GC(47) PSYoungGen: 209909K(218624K)->649K(263680K) Eden: 209408K(209408K)->0K(255488K) From: 501K(9216K)->649K(8192K)
[30.221s][info][gc,heap        ] GC(47) ParOldGen: 289253K(289280K)->289285K(289792K)
[30.221s][info][gc,metaspace   ] GC(47) Metaspace: 55525K(55808K)->55525K(55808K) NonClass: 49922K(50112K)->49922K(50112K) Class: 5603K(5696K)->5603K(5696K)
[30.221s][info][gc             ] GC(47) Pause Young (Allocation Failure) 487M->283M(540M) 2.770ms
[30.221s][info][gc,cpu         ] GC(47) User=0.01s Sys=0.00s Real=0.00s
[30.778s][info][gc,start       ] GC(48) Pause Young (Allocation Failure)
[30.783s][info][gc,heap        ] GC(48) PSYoungGen: 256137K(263680K)->959K(264192K) Eden: 255488K(255488K)->0K(255488K) From: 649K(8192K)->959K(8704K)
[30.783s][info][gc,heap        ] GC(48) ParOldGen: 289285K(289792K)->289317K(289792K)
[30.783s][info][gc,metaspace   ] GC(48) Metaspace: 55526K(55808K)->55526K(55808K) NonClass: 49922K(50112K)->49922K(50112K) Class: 5603K(5696K)->5603K(5696K)
[30.783s][info][gc             ] GC(48) Pause Young (Allocation Failure) 532M->283M(541M) 4.452ms
[30.783s][info][gc,cpu         ] GC(48) User=0.01s Sys=0.00s Real=0.00s
[31.389s][info][gc,start       ] GC(49) Pause Young (Allocation Failure)
[31.394s][info][gc,heap        ] GC(49) PSYoungGen: 256447K(264192K)->1823K(318976K) Eden: 255488K(255488K)->0K(311808K) From: 959K(8704K)->1823K(7168K)
[31.394s][info][gc,heap        ] GC(49) ParOldGen: 289317K(289792K)->289365K(289792K)
[31.394s][info][gc,metaspace   ] GC(49) Metaspace: 55526K(55808K)->55526K(55808K) NonClass: 49922K(50112K)->49922K(50112K) Class: 5603K(5696K)->5603K(5696K)
[31.394s][info][gc             ] GC(49) Pause Young (Allocation Failure) 532M->284M(594M) 4.512ms
[31.394s][info][gc,cpu         ] GC(49) User=0.01s Sys=0.00s Real=0.00s
[32.134s][info][gc,start       ] GC(50) Pause Young (Allocation Failure)
[32.138s][info][gc,heap        ] GC(50) PSYoungGen: 313328K(318976K)->928K(300032K) Eden: 311505K(311808K)->0K(299008K) From: 1823K(7168K)->928K(1024K)
[32.138s][info][gc,heap        ] GC(50) ParOldGen: 289365K(289792K)->289413K(289792K)
[32.138s][info][gc,metaspace   ] GC(50) Metaspace: 55526K(55808K)->55526K(55808K) NonClass: 49922K(50112K)->49922K(50112K) Class: 5603K(5696K)->5603K(5696K)
[32.138s][info][gc             ] GC(50) Pause Young (Allocation Failure) 588M->283M(576M) 3.514ms
[32.138s][info][gc,cpu         ] GC(50) User=0.01s Sys=0.00s Real=0.01s
[32.866s][info][gc,start       ] GC(51) Pause Young (Allocation Failure)
[32.868s][info][gc,heap        ] GC(51) PSYoungGen: 299936K(300032K)->352K(287744K) Eden: 299008K(299008K)->0K(287232K) From: 928K(1024K)->352K(512K)
[32.868s][info][gc,heap        ] GC(51) ParOldGen: 289413K(289792K)->289461K(289792K)
[32.868s][info][gc,metaspace   ] GC(51) Metaspace: 55526K(55808K)->55526K(55808K) NonClass: 49922K(50112K)->49922K(50112K) Class: 5603K(5696K)->5603K(5696K)
[32.868s][info][gc             ] GC(51) Pause Young (Allocation Failure) 575M->283M(564M) 2.438ms
[32.868s][info][gc,cpu         ] GC(51) User=0.00s Sys=0.01s Real=0.00s
[33.521s][info][gc,start       ] GC(52) Pause Young (Allocation Failure)
[33.524s][info][gc,heap        ] GC(52) PSYoungGen: 287584K(287744K)->1151K(283136K) Eden: 287232K(287232K)->0K(275968K) From: 352K(512K)->1151K(7168K)
[33.524s][info][gc,heap        ] GC(52) ParOldGen: 289461K(289792K)->289501K(289792K)
[33.524s][info][gc,metaspace   ] GC(52) Metaspace: 55526K(55808K)->55526K(55808K) NonClass: 49922K(50112K)->49922K(50112K) Class: 5603K(5696K)->5603K(5696K)
[33.524s][info][gc             ] GC(52) Pause Young (Allocation Failure) 563M->283M(559M) 2.949ms
[33.524s][info][gc,cpu         ] GC(52) User=0.01s Sys=0.00s Real=0.00s
[34.191s][info][gc,start       ] GC(53) Pause Young (Allocation Failure)
[34.197s][info][gc,heap        ] GC(53) PSYoungGen: 277119K(283136K)->3103K(268800K) Eden: 275968K(275968K)->0K(265216K) From: 1151K(7168K)->3103K(3584K)
[34.197s][info][gc,heap        ] GC(53) ParOldGen: 289501K(289792K)->289533K(289792K)
[34.197s][info][gc,metaspace   ] GC(53) Metaspace: 55526K(55808K)->55526K(55808K) NonClass: 49922K(50112K)->49922K(50112K) Class: 5603K(5696K)->5603K(5696K)
[34.197s][info][gc             ] GC(53) Pause Young (Allocation Failure) 553M->285M(545M) 5.694ms
[34.197s][info][gc,cpu         ] GC(53) User=0.01s Sys=0.00s Real=0.01s
[34.898s][info][gc,start       ] GC(54) Pause Young (Allocation Failure)
[34.901s][info][gc,heap        ] GC(54) PSYoungGen: 268015K(268800K)->1183K(256512K) Eden: 264912K(265216K)->0K(254976K) From: 3103K(3584K)->1183K(1536K)
[34.901s][info][gc,heap        ] GC(54) ParOldGen: 289533K(289792K)->289573K(289792K)
[34.901s][info][gc,metaspace   ] GC(54) Metaspace: 55531K(55808K)->55531K(55808K) NonClass: 49927K(50112K)->49927K(50112K) Class: 5603K(5696K)->5603K(5696K)
[34.902s][info][gc             ] GC(54) Pause Young (Allocation Failure) 544M->283M(533M) 3.142ms
[34.902s][info][gc,cpu         ] GC(54) User=0.01s Sys=0.00s Real=0.00s
[35.468s][info][gc,start       ] GC(55) Pause Young (Allocation Failure)
[35.471s][info][gc,heap        ] GC(55) PSYoungGen: 256159K(256512K)->959K(246272K) Eden: 254976K(254976K)->0K(245248K) From: 1183K(1536K)->959K(1024K)
[35.471s][info][gc,heap        ] GC(55) ParOldGen: 289573K(289792K)->289605K(289792K)
[35.471s][info][gc,metaspace   ] GC(55) Metaspace: 55531K(55808K)->55531K(55808K) NonClass: 49927K(50112K)->49927K(50112K) Class: 5603K(5696K)->5603K(5696K)
[35.471s][info][gc             ] GC(55) Pause Young (Allocation Failure) 532M->283M(523M) 2.995ms
[35.471s][info][gc,cpu         ] GC(55) User=0.00s Sys=0.00s Real=0.00s
[36.012s][info][gc,start       ] GC(56) Pause Young (Allocation Failure)
[36.015s][info][gc,heap        ] GC(56) PSYoungGen: 246207K(246272K)->1184K(237568K) Eden: 245248K(245248K)->0K(236032K) From: 959K(1024K)->1184K(1536K)
[36.015s][info][gc,heap        ] GC(56) ParOldGen: 289605K(289792K)->289637K(289792K)
[36.015s][info][gc,metaspace   ] GC(56) Metaspace: 55531K(55808K)->55531K(55808K) NonClass: 49927K(50112K)->49927K(50112K) Class: 5603K(5696K)->5603K(5696K)
[36.015s][info][gc             ] GC(56) Pause Young (Allocation Failure) 523M->284M(515M) 3.305ms
[36.015s][info][gc,cpu         ] GC(56) User=0.00s Sys=0.00s Real=0.00s
[36.597s][info][gc,start       ] GC(57) Pause Young (Allocation Failure)
[36.602s][info][gc,heap        ] GC(57) PSYoungGen: 237216K(237568K)->3103K(230400K) Eden: 236032K(236032K)->0K(226816K) From: 1184K(1536K)->3103K(3584K)
[36.602s][info][gc,heap        ] GC(57) ParOldGen: 289637K(289792K)->289669K(289792K)
[36.602s][info][gc,metaspace   ] GC(57) Metaspace: 55531K(55808K)->55531K(55808K) NonClass: 49927K(50112K)->49927K(50112K) Class: 5603K(5696K)->5603K(5696K)
[36.602s][info][gc             ] GC(57) Pause Young (Allocation Failure) 514M->285M(508M) 5.516ms
[36.602s][info][gc,cpu         ] GC(57) User=0.01s Sys=0.00s Real=0.00s
[37.170s][info][gc,start       ] GC(58) Pause Young (Allocation Failure)
[37.173s][info][gc,heap        ] GC(58) PSYoungGen: 229919K(230400K)->1247K(219648K) Eden: 226816K(226816K)->0K(218112K) From: 3103K(3584K)->1247K(1536K)
[37.173s][info][gc,heap        ] GC(58) ParOldGen: 289669K(289792K)->289693K(289792K)
[37.173s][info][gc,metaspace   ] GC(58) Metaspace: 55531K(55808K)->55531K(55808K) NonClass: 49927K(50112K)->49927K(50112K) Class: 5603K(5696K)->5603K(5696K)
[37.173s][info][gc             ] GC(58) Pause Young (Allocation Failure) 507M->284M(497M) 3.285ms
[37.173s][info][gc,cpu         ] GC(58) User=0.01s Sys=0.00s Real=0.00s
[37.721s][info][gc,start       ] GC(59) Pause Young (Allocation Failure)
[37.731s][info][gc,heap        ] GC(59) PSYoungGen: 219359K(219648K)->3039K(212992K) Eden: 218112K(218112K)->0K(209920K) From: 1247K(1536K)->3039K(3072K)
[37.731s][info][gc,heap        ] GC(59) ParOldGen: 289693K(289792K)->289725K(289792K)
[37.731s][info][gc,metaspace   ] GC(59) Metaspace: 55552K(55872K)->55552K(55872K) NonClass: 49946K(50176K)->49946K(50176K) Class: 5605K(5696K)->5605K(5696K)
[37.731s][info][gc             ] GC(59) Pause Young (Allocation Failure) 497M->285M(491M) 9.761ms
[37.731s][info][gc,cpu         ] GC(59) User=0.01s Sys=0.00s Real=0.01s
[38.192s][info][gc,start       ] GC(60) Pause Young (Allocation Failure)
[38.199s][info][gc,heap        ] GC(60) PSYoungGen: 212959K(212992K)->3135K(205824K) Eden: 209920K(209920K)->0K(202240K) From: 3039K(3072K)->3135K(3584K)
[38.199s][info][gc,heap        ] GC(60) ParOldGen: 289725K(289792K)->289781K(289792K)
[38.199s][info][gc,metaspace   ] GC(60) Metaspace: 55552K(55872K)->55552K(55872K) NonClass: 49946K(50176K)->49946K(50176K) Class: 5605K(5696K)->5605K(5696K)
[38.199s][info][gc             ] GC(60) Pause Young (Allocation Failure) 490M->286M(484M) 6.261ms
[38.199s][info][gc,cpu         ] GC(60) User=0.01s Sys=0.00s Real=0.01s
[38.691s][info][gc,start       ] GC(61) Pause Young (Allocation Failure)
[38.698s][info][gc,heap        ] GC(61) PSYoungGen: 205375K(205824K)->3360K(246272K) Eden: 202240K(202240K)->0K(242688K) From: 3135K(3584K)->3360K(3584K)
[38.698s][info][gc,heap        ] GC(61) ParOldGen: 289781K(289792K)->289813K(290304K)
[38.698s][info][gc,metaspace   ] GC(61) Metaspace: 55552K(55872K)->55552K(55872K) NonClass: 49946K(50176K)->49946K(50176K) Class: 5605K(5696K)->5605K(5696K)
[38.698s][info][gc             ] GC(61) Pause Young (Allocation Failure) 483M->286M(524M) 6.587ms
[38.698s][info][gc,cpu         ] GC(61) User=0.01s Sys=0.00s Real=0.01s
[39.277s][info][gc,start       ] GC(62) Pause Young (Allocation Failure)
[39.281s][info][gc,heap        ] GC(62) PSYoungGen: 246048K(246272K)->2399K(236032K) Eden: 242688K(242688K)->0K(233472K) From: 3360K(3584K)->2399K(2560K)
[39.281s][info][gc,heap        ] GC(62) ParOldGen: 289813K(290304K)->289845K(290304K)
[39.281s][info][gc,metaspace   ] GC(62) Metaspace: 55552K(55872K)->55552K(55872K) NonClass: 49947K(50176K)->49947K(50176K) Class: 5605K(5696K)->5605K(5696K)
[39.281s][info][gc             ] GC(62) Pause Young (Allocation Failure) 523M->285M(514M) 4.476ms
[39.281s][info][gc,cpu         ] GC(62) User=0.01s Sys=0.00s Real=0.00s
[39.966s][info][gc,start       ] GC(63) Pause Young (Allocation Failure)
[39.969s][info][gc,heap        ] GC(63) PSYoungGen: 235871K(236032K)->546K(225792K) Eden: 233472K(233472K)->0K(224768K) From: 2399K(2560K)->546K(1024K)
[39.969s][info][gc,heap        ] GC(63) ParOldGen: 289845K(290304K)->289877K(290304K)
[39.969s][info][gc,metaspace   ] GC(63) Metaspace: 55552K(55872K)->55552K(55872K) NonClass: 49947K(50176K)->49947K(50176K) Class: 5605K(5696K)->5605K(5696K)
[39.969s][info][gc             ] GC(63) Pause Young (Allocation Failure) 513M->283M(504M) 2.629ms
[39.969s][info][gc,cpu         ] GC(63) User=0.00s Sys=0.00s Real=0.00s
[40.482s][info][gc,start       ] GC(64) Pause Young (Allocation Failure)
[40.486s][info][gc,heap        ] GC(64) PSYoungGen: 225314K(225792K)->1728K(218624K) Eden: 224768K(224768K)->0K(216576K) From: 546K(1024K)->1728K(2048K)
[40.486s][info][gc,heap        ] GC(64) ParOldGen: 289877K(290304K)->289901K(290304K)
[40.486s][info][gc,metaspace   ] GC(64) Metaspace: 55552K(55872K)->55552K(55872K) NonClass: 49947K(50176K)->49947K(50176K) Class: 5605K(5696K)->5605K(5696K)
[40.486s][info][gc             ] GC(64) Pause Young (Allocation Failure) 503M->284M(497M) 3.825ms
[40.486s][info][gc,cpu         ] GC(64) User=0.01s Sys=0.00s Real=0.00s
[40.992s][info][gc,start       ] GC(65) Pause Young (Allocation Failure)
[40.998s][info][gc,heap        ] GC(65) PSYoungGen: 218304K(218624K)->2239K(210944K) Eden: 216576K(216576K)->0K(208384K) From: 1728K(2048K)->2239K(2560K)
[40.998s][info][gc,heap        ] GC(65) ParOldGen: 289901K(290304K)->289925K(290304K)
[40.998s][info][gc,metaspace   ] GC(65) Metaspace: 55555K(55872K)->55555K(55872K) NonClass: 49950K(50176K)->49950K(50176K) Class: 5605K(5696K)->5605K(5696K)
[40.998s][info][gc             ] GC(65) Pause Young (Allocation Failure) 496M->285M(489M) 5.944ms
[40.998s][info][gc,cpu         ] GC(65) User=0.01s Sys=0.00s Real=0.01s
[41.488s][info][gc,start       ] GC(66) Pause Young (Allocation Failure)
[41.495s][info][gc,heap        ] GC(66) PSYoungGen: 210623K(210944K)->3135K(204288K) Eden: 208384K(208384K)->0K(200704K) From: 2239K(2560K)->3135K(3584K)
[41.495s][info][gc,heap        ] GC(66) ParOldGen: 289925K(290304K)->289949K(290304K)
[41.495s][info][gc,metaspace   ] GC(66) Metaspace: 55555K(55872K)->55555K(55872K) NonClass: 49950K(50176K)->49950K(50176K) Class: 5605K(5696K)->5605K(5696K)
[41.495s][info][gc             ] GC(66) Pause Young (Allocation Failure) 488M->286M(483M) 6.183ms
[41.495s][info][gc,cpu         ] GC(66) User=0.01s Sys=0.00s Real=0.00s
[41.990s][info][gc,start       ] GC(67) Pause Young (Allocation Failure)
[41.995s][info][gc,heap        ] GC(67) PSYoungGen: 203839K(204288K)->2463K(196096K) Eden: 200704K(200704K)->0K(193536K) From: 3135K(3584K)->2463K(2560K)
[41.995s][info][gc,heap        ] GC(67) ParOldGen: 289949K(290304K)->289973K(290304K)
[41.995s][info][gc,metaspace   ] GC(67) Metaspace: 55555K(55872K)->55555K(55872K) NonClass: 49950K(50176K)->49950K(50176K) Class: 5605K(5696K)->5605K(5696K)
[41.995s][info][gc             ] GC(67) Pause Young (Allocation Failure) 482M->285M(475M) 5.314ms
[41.995s][info][gc,cpu         ] GC(67) User=0.01s Sys=0.01s Real=0.00s
[42.465s][info][gc,start       ] GC(68) Pause Young (Allocation Failure)
[42.467s][info][gc,heap        ] GC(68) PSYoungGen: 195999K(196096K)->224K(186880K) Eden: 193536K(193536K)->0K(186368K) From: 2463K(2560K)->224K(512K)
[42.467s][info][gc,heap        ] GC(68) ParOldGen: 289973K(290304K)->289997K(290304K)
[42.467s][info][gc,metaspace   ] GC(68) Metaspace: 55555K(55872K)->55555K(55872K) NonClass: 49950K(50176K)->49950K(50176K) Class: 5605K(5696K)->5605K(5696K)
[42.467s][info][gc             ] GC(68) Pause Young (Allocation Failure) 474M->283M(466M) 2.088ms
[42.467s][info][gc,cpu         ] GC(68) User=0.00s Sys=0.00s Real=0.01s
[42.906s][info][gc,start       ] GC(69) Pause Young (Allocation Failure)
[42.913s][info][gc,heap        ] GC(69) PSYoungGen: 186592K(186880K)->2080K(182272K) Eden: 186368K(186368K)->0K(179712K) From: 224K(512K)->2080K(2560K)
[42.913s][info][gc,heap        ] GC(69) ParOldGen: 289997K(290304K)->290021K(290304K)
[42.913s][info][gc,metaspace   ] GC(69) Metaspace: 55555K(55872K)->55555K(55872K) NonClass: 49950K(50176K)->49950K(50176K) Class: 5605K(5696K)->5605K(5696K)
[42.913s][info][gc             ] GC(69) Pause Young (Allocation Failure) 465M->285M(461M) 6.645ms
[42.913s][info][gc,cpu         ] GC(69) User=0.01s Sys=0.00s Real=0.00s
[43.365s][info][gc,start       ] GC(70) Pause Young (Allocation Failure)
[43.367s][info][gc,heap        ] GC(70) PSYoungGen: 181792K(182272K)->192K(174080K) Eden: 179712K(179712K)->0K(173568K) From: 2080K(2560K)->192K(512K)
[43.367s][info][gc,heap        ] GC(70) ParOldGen: 290021K(290304K)->290045K(290304K)
[43.367s][info][gc,metaspace   ] GC(70) Metaspace: 55555K(55872K)->55555K(55872K) NonClass: 49950K(50176K)->49950K(50176K) Class: 5605K(5696K)->5605K(5696K)
[43.367s][info][gc             ] GC(70) Pause Young (Allocation Failure) 460M->283M(453M) 2.185ms
[43.367s][info][gc,cpu         ] GC(70) User=0.00s Sys=0.00s Real=0.01s
[43.772s][info][gc,start       ] GC(71) Pause Young (Allocation Failure)
[43.776s][info][gc,heap        ] GC(71) PSYoungGen: 173760K(174080K)->1183K(168960K) Eden: 173568K(173568K)->0K(167424K) From: 192K(512K)->1183K(1536K)
[43.776s][info][gc,heap        ] GC(71) ParOldGen: 290045K(290304K)->290069K(290304K)
[43.776s][info][gc,metaspace   ] GC(71) Metaspace: 55555K(55872K)->55555K(55872K) NonClass: 49950K(50176K)->49950K(50176K) Class: 5605K(5696K)->5605K(5696K)
[43.776s][info][gc             ] GC(71) Pause Young (Allocation Failure) 452M->284M(448M) 4.161ms
[43.776s][info][gc,cpu         ] GC(71) User=0.00s Sys=0.01s Real=0.01s
[44.177s][info][gc,start       ] GC(72) Pause Young (Allocation Failure)
[44.181s][info][gc,heap        ] GC(72) PSYoungGen: 168607K(168960K)->1727K(163840K) Eden: 167424K(167424K)->0K(161792K) From: 1183K(1536K)->1727K(2048K)
[44.181s][info][gc,heap        ] GC(72) ParOldGen: 290069K(290304K)->290085K(290304K)
[44.181s][info][gc,metaspace   ] GC(72) Metaspace: 55555K(55872K)->55555K(55872K) NonClass: 49950K(50176K)->49950K(50176K) Class: 5605K(5696K)->5605K(5696K)
[44.181s][info][gc             ] GC(72) Pause Young (Allocation Failure) 447M->284M(443M) 3.589ms
[44.181s][info][gc,cpu         ] GC(72) User=0.01s Sys=0.00s Real=0.00s
[44.568s][info][gc,start       ] GC(73) Pause Young (Allocation Failure)
[44.571s][info][gc,heap        ] GC(73) PSYoungGen: 163519K(163840K)->736K(157184K) Eden: 161792K(161792K)->0K(156160K) From: 1727K(2048K)->736K(1024K)
[44.571s][info][gc,heap        ] GC(73) ParOldGen: 290085K(290304K)->290101K(290304K)
[44.571s][info][gc,metaspace   ] GC(73) Metaspace: 55555K(55872K)->55555K(55872K) NonClass: 49950K(50176K)->49950K(50176K) Class: 5605K(5696K)->5605K(5696K)
[44.571s][info][gc             ] GC(73) Pause Young (Allocation Failure) 442M->284M(437M) 2.905ms
[44.571s][info][gc,cpu         ] GC(73) User=0.01s Sys=0.00s Real=0.00s
[44.905s][info][gc,start       ] GC(74) Pause Young (Allocation Failure)
[44.909s][info][gc,heap        ] GC(74) PSYoungGen: 156874K(157184K)->1728K(155648K) Eden: 156138K(156160K)->0K(151040K) From: 736K(1024K)->1728K(4608K)
[44.909s][info][gc,heap        ] GC(74) ParOldGen: 290101K(290304K)->290117K(290304K)
[44.909s][info][gc,metaspace   ] GC(74) Metaspace: 55555K(55872K)->55555K(55872K) NonClass: 49950K(50176K)->49950K(50176K) Class: 5605K(5696K)->5605K(5696K)
[44.909s][info][gc             ] GC(74) Pause Young (Allocation Failure) 436M->285M(435M) 4.059ms
[44.909s][info][gc,cpu         ] GC(74) User=0.01s Sys=0.00s Real=0.01s
[45.285s][info][gc,start       ] GC(75) Pause Young (Allocation Failure)
[45.290s][info][gc,heap        ] GC(75) PSYoungGen: 152768K(155648K)->2399K(148480K) Eden: 151040K(151040K)->0K(145920K) From: 1728K(4608K)->2399K(2560K)
[45.290s][info][gc,heap        ] GC(75) ParOldGen: 290117K(290304K)->290133K(290304K)
[45.290s][info][gc,metaspace   ] GC(75) Metaspace: 55555K(55872K)->55555K(55872K) NonClass: 49950K(50176K)->49950K(50176K) Class: 5605K(5696K)->5605K(5696K)
[45.290s][info][gc             ] GC(75) Pause Young (Allocation Failure) 432M->285M(428M) 4.843ms
[45.290s][info][gc,cpu         ] GC(75) User=0.01s Sys=0.00s Real=0.01s
[45.638s][info][gc,start       ] GC(76) Pause Young (Allocation Failure)
[45.643s][info][gc,heap        ] GC(76) PSYoungGen: 148319K(148480K)->895K(176128K) Eden: 145920K(145920K)->0K(175104K) From: 2399K(2560K)->895K(1024K)
[45.643s][info][gc,heap        ] GC(76) ParOldGen: 290133K(290304K)->290149K(290304K)
[45.643s][info][gc,metaspace   ] GC(76) Metaspace: 55555K(55872K)->55555K(55872K) NonClass: 49950K(50176K)->49950K(50176K) Class: 5605K(5696K)->5605K(5696K)
[45.643s][info][gc             ] GC(76) Pause Young (Allocation Failure) 428M->284M(455M) 5.140ms
[45.643s][info][gc,cpu         ] GC(76) User=0.01s Sys=0.00s Real=0.00s
[46.073s][info][gc,start       ] GC(77) Pause Young (Allocation Failure)
[46.078s][info][gc,heap        ] GC(77) PSYoungGen: 175999K(176128K)->1695K(212480K) Eden: 175104K(175104K)->0K(210432K) From: 895K(1024K)->1695K(2048K)
[46.078s][info][gc,heap        ] GC(77) ParOldGen: 290149K(290304K)->290173K(290304K)
[46.078s][info][gc,metaspace   ] GC(77) Metaspace: 55555K(55872K)->55555K(55872K) NonClass: 49950K(50176K)->49950K(50176K) Class: 5605K(5696K)->5605K(5696K)
[46.078s][info][gc             ] GC(77) Pause Young (Allocation Failure) 455M->285M(491M) 4.236ms
[46.078s][info][gc,cpu         ] GC(77) User=0.00s Sys=0.00s Real=0.01s
[46.578s][info][gc,start       ] GC(78) Pause Young (Allocation Failure)
[46.582s][info][gc,heap        ] GC(78) PSYoungGen: 212127K(212480K)->2015K(204800K) Eden: 210432K(210432K)->0K(202752K) From: 1695K(2048K)->2015K(2048K)
[46.582s][info][gc,heap        ] GC(78) ParOldGen: 290173K(290304K)->290189K(290304K)
[46.582s][info][gc,metaspace   ] GC(78) Metaspace: 55555K(55872K)->55555K(55872K) NonClass: 49950K(50176K)->49950K(50176K) Class: 5605K(5696K)->5605K(5696K)
[46.582s][info][gc             ] GC(78) Pause Young (Allocation Failure) 490M->285M(483M) 3.987ms
[46.582s][info][gc,cpu         ] GC(78) User=0.01s Sys=0.00s Real=0.00s
[47.072s][info][gc,start       ] GC(79) Pause Young (Allocation Failure)
[47.075s][info][gc,heap        ] GC(79) PSYoungGen: 204767K(204800K)->1343K(197120K) Eden: 202752K(202752K)->0K(195584K) From: 2015K(2048K)->1343K(1536K)
[47.075s][info][gc,heap        ] GC(79) ParOldGen: 290189K(290304K)->290205K(290304K)
[47.075s][info][gc,metaspace   ] GC(79) Metaspace: 55555K(55872K)->55555K(55872K) NonClass: 49950K(50176K)->49950K(50176K) Class: 5605K(5696K)->5605K(5696K)
[47.075s][info][gc             ] GC(79) Pause Young (Allocation Failure) 483M->284M(476M) 3.209ms
[47.075s][info][gc,cpu         ] GC(79) User=0.01s Sys=0.00s Real=0.00s
[47.517s][info][gc,start       ] GC(80) Pause Young (Allocation Failure)
[47.521s][info][gc,heap        ] GC(80) PSYoungGen: 196759K(197120K)->1856K(190464K) Eden: 195416K(195584K)->0K(188416K) From: 1343K(1536K)->1856K(2048K)
[47.521s][info][gc,heap        ] GC(80) ParOldGen: 290205K(290304K)->290221K(290304K)
[47.521s][info][gc,metaspace   ] GC(80) Metaspace: 55555K(55872K)->55555K(55872K) NonClass: 49950K(50176K)->49950K(50176K) Class: 5605K(5696K)->5605K(5696K)
[47.521s][info][gc             ] GC(80) Pause Young (Allocation Failure) 475M->285M(469M) 4.248ms
[47.521s][info][gc,cpu         ] GC(80) User=0.00s Sys=0.01s Real=0.00s
[47.981s][info][gc,start       ] GC(81) Pause Young (Allocation Failure)
[47.985s][info][gc,heap        ] GC(81) PSYoungGen: 190272K(190464K)->2527K(184320K) Eden: 188416K(188416K)->0K(181760K) From: 1856K(2048K)->2527K(2560K)
[47.985s][info][gc,heap        ] GC(81) ParOldGen: 290221K(290304K)->290237K(290304K)
[47.985s][info][gc,metaspace   ] GC(81) Metaspace: 55555K(55872K)->55555K(55872K) NonClass: 49950K(50176K)->49950K(50176K) Class: 5605K(5696K)->5605K(5696K)
[47.985s][info][gc             ] GC(81) Pause Young (Allocation Failure) 469M->285M(463M) 4.475ms
[47.986s][info][gc,cpu         ] GC(81) User=0.01s Sys=0.00s Real=0.00s
[48.419s][info][gc,start       ] GC(82) Pause Young (Allocation Failure)
[48.424s][info][gc,heap        ] GC(82) PSYoungGen: 184194K(184320K)->2496K(177664K) Eden: 181666K(181760K)->0K(175104K) From: 2527K(2560K)->2496K(2560K)
[48.424s][info][gc,heap        ] GC(82) ParOldGen: 290237K(290304K)->290253K(290304K)
[48.424s][info][gc,metaspace   ] GC(82) Metaspace: 55555K(55872K)->55555K(55872K) NonClass: 49950K(50176K)->49950K(50176K) Class: 5605K(5696K)->5605K(5696K)
[48.424s][info][gc             ] GC(82) Pause Young (Allocation Failure) 463M->285M(457M) 4.987ms
[48.424s][info][gc,cpu         ] GC(82) User=0.01s Sys=0.00s Real=0.00s
[48.820s][info][gc,start       ] GC(83) Pause Young (Allocation Failure)
[48.822s][info][gc,heap        ] GC(83) PSYoungGen: 177600K(177664K)->405K(169472K) Eden: 175104K(175104K)->0K(168960K) From: 2496K(2560K)->405K(512K)
[48.822s][info][gc,heap        ] GC(83) ParOldGen: 290253K(290304K)->290277K(290304K)
[48.822s][info][gc,metaspace   ] GC(83) Metaspace: 55555K(55872K)->55555K(55872K) NonClass: 49950K(50176K)->49950K(50176K) Class: 5605K(5696K)->5605K(5696K)
[48.822s][info][gc             ] GC(83) Pause Young (Allocation Failure) 456M->283M(449M) 2.220ms
[48.822s][info][gc,cpu         ] GC(83) User=0.00s Sys=0.00s Real=0.00s
[49.318s][info][gc,start       ] GC(84) Pause Young (Allocation Failure)
[49.320s][info][gc,heap        ] GC(84) PSYoungGen: 169365K(169472K)->576K(167424K) Eden: 168960K(168960K)->0K(163328K) From: 405K(512K)->576K(4096K)
[49.320s][info][gc,heap        ] GC(84) ParOldGen: 290277K(290304K)->290293K(290304K)
[49.320s][info][gc,metaspace   ] GC(84) Metaspace: 55555K(55872K)->55555K(55872K) NonClass: 49950K(50176K)->49950K(50176K) Class: 5605K(5696K)->5605K(5696K)
[49.320s][info][gc             ] GC(84) Pause Young (Allocation Failure) 448M->284M(447M) 2.330ms
[49.320s][info][gc,cpu         ] GC(84) User=0.00s Sys=0.00s Real=0.00s
[49.666s][info][gc,start       ] GC(85) Pause Young (Allocation Failure)
[49.669s][info][gc,heap        ] GC(85) PSYoungGen: 163904K(167424K)->345K(158208K) Eden: 163328K(163328K)->0K(157696K) From: 576K(4096K)->345K(512K)
[49.670s][info][gc,heap        ] GC(85) ParOldGen: 290293K(290304K)->290309K(290816K)
[49.670s][info][gc,metaspace   ] GC(85) Metaspace: 55555K(55872K)->55555K(55872K) NonClass: 49950K(50176K)->49950K(50176K) Class: 5605K(5696K)->5605K(5696K)
[49.670s][info][gc             ] GC(85) Pause Young (Allocation Failure) 443M->283M(438M) 3.424ms
[49.670s][info][gc,cpu         ] GC(85) User=0.00s Sys=0.00s Real=0.00s
[50.007s][info][gc,start       ] GC(86) Pause Young (Allocation Failure)
[50.011s][info][gc,heap        ] GC(86) PSYoungGen: 158041K(158208K)->1792K(156672K) Eden: 157696K(157696K)->0K(152576K) From: 345K(512K)->1792K(4096K)
[50.011s][info][gc,heap        ] GC(86) ParOldGen: 290309K(290816K)->290325K(290816K)
[50.011s][info][gc,metaspace   ] GC(86) Metaspace: 55556K(55872K)->55556K(55872K) NonClass: 49951K(50176K)->49951K(50176K) Class: 5605K(5696K)->5605K(5696K)
[50.012s][info][gc             ] GC(86) Pause Young (Allocation Failure) 437M->285M(437M) 4.366ms
[50.012s][info][gc,cpu         ] GC(86) User=0.01s Sys=0.00s Real=0.00s
[50.385s][info][gc,start       ] GC(87) Pause Young (Allocation Failure)
[50.391s][info][gc,heap        ] GC(87) PSYoungGen: 154368K(156672K)->2528K(185856K) Eden: 152576K(152576K)->0K(183296K) From: 1792K(4096K)->2528K(2560K)
[50.391s][info][gc,heap        ] GC(87) ParOldGen: 290325K(290816K)->290341K(290816K)
[50.391s][info][gc,metaspace   ] GC(87) Metaspace: 55556K(55872K)->55556K(55872K) NonClass: 49951K(50176K)->49951K(50176K) Class: 5605K(5696K)->5605K(5696K)
[50.391s][info][gc             ] GC(87) Pause Young (Allocation Failure) 434M->286M(465M) 6.206ms
[50.392s][info][gc,cpu         ] GC(87) User=0.01s Sys=0.00s Real=0.01s
[50.813s][info][gc,start       ] GC(88) Pause Young (Allocation Failure)
[50.816s][info][gc,heap        ] GC(88) PSYoungGen: 185591K(185856K)->1056K(178176K) Eden: 183063K(183296K)->0K(176640K) From: 2528K(2560K)->1056K(1536K)
[50.816s][info][gc,heap        ] GC(88) ParOldGen: 290341K(290816K)->290357K(290816K)
[50.816s][info][gc,metaspace   ] GC(88) Metaspace: 55556K(55872K)->55556K(55872K) NonClass: 49951K(50176K)->49951K(50176K) Class: 5605K(5696K)->5605K(5696K)
[50.816s][info][gc             ] GC(88) Pause Young (Allocation Failure) 464M->284M(458M) 3.196ms
[50.816s][info][gc,cpu         ] GC(88) User=0.01s Sys=0.00s Real=0.01s
[51.274s][info][gc,start       ] GC(89) Pause Young (Allocation Failure)
[51.276s][info][gc,heap        ] GC(89) PSYoungGen: 177696K(178176K)->959K(171520K) Eden: 176640K(176640K)->0K(170496K) From: 1056K(1536K)->959K(1024K)
[51.276s][info][gc,heap        ] GC(89) ParOldGen: 290357K(290816K)->290373K(290816K)
[51.276s][info][gc,metaspace   ] GC(89) Metaspace: 55556K(55872K)->55556K(55872K) NonClass: 49951K(50176K)->49951K(50176K) Class: 5605K(5696K)->5605K(5696K)
[51.276s][info][gc             ] GC(89) Pause Young (Allocation Failure) 457M->284M(451M) 2.569ms
[51.276s][info][gc,cpu         ] GC(89) User=0.00s Sys=0.01s Real=0.01s
[51.676s][info][gc,start       ] GC(90) Pause Young (Allocation Failure)
[51.681s][info][gc,heap        ] GC(90) PSYoungGen: 171455K(171520K)->2239K(166912K) Eden: 170496K(170496K)->0K(164352K) From: 959K(1024K)->2239K(2560K)
[51.681s][info][gc,heap        ] GC(90) ParOldGen: 290373K(290816K)->290389K(290816K)
[51.681s][info][gc,metaspace   ] GC(90) Metaspace: 55556K(55872K)->55556K(55872K) NonClass: 49951K(50176K)->49951K(50176K) Class: 5605K(5696K)->5605K(5696K)
[51.681s][info][gc             ] GC(90) Pause Young (Allocation Failure) 451M->285M(447M) 4.145ms
[51.681s][info][gc,cpu         ] GC(90) User=0.01s Sys=0.00s Real=0.00s
[52.116s][info][gc,start       ] GC(91) Pause Young (Allocation Failure)
[52.120s][info][gc,heap        ] GC(91) PSYoungGen: 166404K(166912K)->1920K(160768K) Eden: 164165K(164352K)->0K(158720K) From: 2239K(2560K)->1920K(2048K)
[52.120s][info][gc,heap        ] GC(91) ParOldGen: 290389K(290816K)->290405K(290816K)
[52.120s][info][gc,metaspace   ] GC(91) Metaspace: 55556K(55872K)->55556K(55872K) NonClass: 49951K(50176K)->49951K(50176K) Class: 5605K(5696K)->5605K(5696K)
[52.120s][info][gc             ] GC(91) Pause Young (Allocation Failure) 446M->285M(441M) 4.344ms
[52.120s][info][gc,cpu         ] GC(91) User=0.01s Sys=0.00s Real=0.00s
[52.468s][info][gc,start       ] GC(92) Pause Young (Allocation Failure)
[52.471s][info][gc,heap        ] GC(92) PSYoungGen: 160640K(160768K)->576K(154624K) Eden: 158720K(158720K)->0K(153600K) From: 1920K(2048K)->576K(1024K)
[52.471s][info][gc,heap        ] GC(92) ParOldGen: 290405K(290816K)->290429K(290816K)
[52.471s][info][gc,metaspace   ] GC(92) Metaspace: 55560K(55872K)->55560K(55872K) NonClass: 49955K(50176K)->49955K(50176K) Class: 5605K(5696K)->5605K(5696K)
[52.471s][info][gc             ] GC(92) Pause Young (Allocation Failure) 440M->284M(435M) 2.386ms
[52.471s][info][gc,cpu         ] GC(92) User=0.01s Sys=0.00s Real=0.00s
[52.797s][info][gc,start       ] GC(93) Pause Young (Allocation Failure)
[52.801s][info][gc,heap        ] GC(93) PSYoungGen: 153856K(154624K)->2080K(151040K) Eden: 153280K(153600K)->0K(148480K) From: 576K(1024K)->2080K(2560K)
[52.801s][info][gc,heap        ] GC(93) ParOldGen: 290429K(290816K)->290445K(290816K)
[52.801s][info][gc,metaspace   ] GC(93) Metaspace: 55560K(55872K)->55560K(55872K) NonClass: 49955K(50176K)->49955K(50176K) Class: 5605K(5696K)->5605K(5696K)
[52.801s][info][gc             ] GC(93) Pause Young (Allocation Failure) 433M->285M(431M) 4.202ms
[52.801s][info][gc,cpu         ] GC(93) User=0.01s Sys=0.00s Real=0.00s
[53.181s][info][gc,start       ] GC(94) Pause Young (Allocation Failure)
[53.185s][info][gc,heap        ] GC(94) PSYoungGen: 150560K(151040K)->2175K(145920K) Eden: 148480K(148480K)->0K(143360K) From: 2080K(2560K)->2175K(2560K)
[53.185s][info][gc,heap        ] GC(94) ParOldGen: 290445K(290816K)->290461K(290816K)
[53.185s][info][gc,metaspace   ] GC(94) Metaspace: 55560K(55872K)->55560K(55872K) NonClass: 49955K(50176K)->49955K(50176K) Class: 5605K(5696K)->5605K(5696K)
[53.185s][info][gc             ] GC(94) Pause Young (Allocation Failure) 430M->285M(426M) 4.084ms
[53.185s][info][gc,cpu         ] GC(94) User=0.00s Sys=0.00s Real=0.00s
[53.506s][info][gc,start       ] GC(95) Pause Young (Allocation Failure)
[53.511s][info][gc,heap        ] GC(95) PSYoungGen: 145535K(145920K)->2400K(174592K) Eden: 143360K(143360K)->0K(172032K) From: 2175K(2560K)->2400K(2560K)
[53.511s][info][gc,heap        ] GC(95) ParOldGen: 290461K(290816K)->290796K(290816K)
[53.511s][info][gc,metaspace   ] GC(95) Metaspace: 55560K(55872K)->55560K(55872K) NonClass: 49955K(50176K)->49955K(50176K) Class: 5605K(5696K)->5605K(5696K)
[53.511s][info][gc             ] GC(95) Pause Young (Allocation Failure) 425M->286M(454M) 5.174ms
[53.511s][info][gc,cpu         ] GC(95) User=0.01s Sys=0.00s Real=0.00s
[53.909s][info][gc,start       ] GC(96) Pause Young (Allocation Failure)
[53.913s][info][gc,heap        ] GC(96) PSYoungGen: 174432K(174592K)->1632K(208896K) Eden: 172032K(172032K)->0K(206848K) From: 2400K(2560K)->1632K(2048K)
[53.913s][info][gc,heap        ] GC(96) ParOldGen: 290796K(290816K)->290812K(290816K)
[53.913s][info][gc,metaspace   ] GC(96) Metaspace: 55560K(55872K)->55560K(55872K) NonClass: 49955K(50176K)->49955K(50176K) Class: 5605K(5696K)->5605K(5696K)
[53.913s][info][gc             ] GC(96) Pause Young (Allocation Failure) 454M->285M(488M) 4.293ms
[53.913s][info][gc,cpu         ] GC(96) User=0.01s Sys=0.00s Real=0.00s
[54.410s][info][gc,start       ] GC(97) Pause Young (Allocation Failure)
[54.414s][info][gc,heap        ] GC(97) PSYoungGen: 208480K(208896K)->2175K(201728K) Eden: 206848K(206848K)->0K(199168K) From: 1632K(2048K)->2175K(2560K)
[54.414s][info][gc,heap        ] GC(97) ParOldGen: 290812K(290816K)->290828K(291328K)
[54.414s][info][gc,metaspace   ] GC(97) Metaspace: 55561K(55872K)->55561K(55872K) NonClass: 49956K(50176K)->49956K(50176K) Class: 5605K(5696K)->5605K(5696K)
[54.414s][info][gc             ] GC(97) Pause Young (Allocation Failure) 487M->286M(481M) 4.274ms
[54.414s][info][gc,cpu         ] GC(97) User=0.01s Sys=0.00s Real=0.00s
[54.891s][info][gc,start       ] GC(98) Pause Young (Allocation Failure)
[54.896s][info][gc,heap        ] GC(98) PSYoungGen: 201343K(201728K)->2079K(194560K) Eden: 199168K(199168K)->0K(192000K) From: 2175K(2560K)->2079K(2560K)
[54.896s][info][gc,heap        ] GC(98) ParOldGen: 290828K(291328K)->290844K(291328K)
[54.896s][info][gc,metaspace   ] GC(98) Metaspace: 55561K(55872K)->55561K(55872K) NonClass: 49956K(50176K)->49956K(50176K) Class: 5605K(5696K)->5605K(5696K)
[54.896s][info][gc             ] GC(98) Pause Young (Allocation Failure) 480M->286M(474M) 5.137ms
[54.896s][info][gc,cpu         ] GC(98) User=0.01s Sys=0.00s Real=0.01s
[55.375s][info][gc,start       ] GC(99) Pause Young (Allocation Failure)
[55.378s][info][gc,heap        ] GC(99) PSYoungGen: 194079K(194560K)->1216K(186880K) Eden: 192000K(192000K)->0K(185344K) From: 2079K(2560K)->1216K(1536K)
[55.378s][info][gc,heap        ] GC(99) ParOldGen: 290844K(291328K)->290860K(291328K)
[55.378s][info][gc,metaspace   ] GC(99) Metaspace: 55561K(55872K)->55561K(55872K) NonClass: 49956K(50176K)->49956K(50176K) Class: 5605K(5696K)->5605K(5696K)
[55.378s][info][gc             ] GC(99) Pause Young (Allocation Failure) 473M->285M(467M) 3.212ms
[55.379s][info][gc,cpu         ] GC(99) User=0.01s Sys=0.00s Real=0.01s
[55.802s][info][gc,start       ] GC(100) Pause Young (Allocation Failure)
[55.807s][info][gc,heap        ] GC(100) PSYoungGen: 186242K(186880K)->2720K(181760K) Eden: 185026K(185344K)->0K(178688K) From: 1216K(1536K)->2720K(3072K)
[55.807s][info][gc,heap        ] GC(100) ParOldGen: 290860K(291328K)->290884K(291328K)
[55.807s][info][gc,metaspace   ] GC(100) Metaspace: 55561K(55872K)->55561K(55872K) NonClass: 49956K(50176K)->49956K(50176K) Class: 5605K(5696K)->5605K(5696K)
[55.807s][info][gc             ] GC(100) Pause Young (Allocation Failure) 465M->286M(462M) 5.335ms
[55.807s][info][gc,cpu         ] GC(100) User=0.01s Sys=0.00s Real=0.01s
[56.212s][info][gc,start       ] GC(101) Pause Young (Allocation Failure)
[56.214s][info][gc,heap        ] GC(101) PSYoungGen: 181408K(181760K)->544K(173568K) Eden: 178688K(178688K)->0K(172544K) From: 2720K(3072K)->544K(1024K)
[56.214s][info][gc,heap        ] GC(101) ParOldGen: 290884K(291328K)->290908K(291328K)
[56.214s][info][gc,metaspace   ] GC(101) Metaspace: 55561K(55872K)->55561K(55872K) NonClass: 49956K(50176K)->49956K(50176K) Class: 5605K(5696K)->5605K(5696K)
[56.214s][info][gc             ] GC(101) Pause Young (Allocation Failure) 461M->284M(454M) 2.582ms
[56.214s][info][gc,cpu         ] GC(101) User=0.00s Sys=0.00s Real=0.00s
[56.683s][info][gc,start       ] GC(102) Pause Young (Allocation Failure)
[56.686s][info][gc,heap        ] GC(102) PSYoungGen: 173088K(173568K)->1151K(170496K) Eden: 172544K(172544K)->0K(166400K) From: 544K(1024K)->1151K(4096K)
[56.686s][info][gc,heap        ] GC(102) ParOldGen: 290908K(291328K)->290924K(291328K)
[56.686s][info][gc,metaspace   ] GC(102) Metaspace: 55561K(55872K)->55561K(55872K) NonClass: 49956K(50176K)->49956K(50176K) Class: 5605K(5696K)->5605K(5696K)
[56.686s][info][gc             ] GC(102) Pause Young (Allocation Failure) 453M->285M(451M) 3.065ms
[56.686s][info][gc,cpu         ] GC(102) User=0.01s Sys=0.00s Real=0.00s
[57.071s][info][gc,start       ] GC(103) Pause Young (Allocation Failure)
[57.074s][info][gc,heap        ] GC(103) PSYoungGen: 167551K(170496K)->575K(161792K) Eden: 166400K(166400K)->0K(160768K) From: 1151K(4096K)->575K(1024K)
[57.074s][info][gc,heap        ] GC(103) ParOldGen: 290924K(291328K)->290940K(291328K)
[57.074s][info][gc,metaspace   ] GC(103) Metaspace: 55561K(55872K)->55561K(55872K) NonClass: 49956K(50176K)->49956K(50176K) Class: 5605K(5696K)->5605K(5696K)
[57.074s][info][gc             ] GC(103) Pause Young (Allocation Failure) 447M->284M(442M) 2.999ms
[57.074s][info][gc,cpu         ] GC(103) User=0.01s Sys=0.00s Real=0.00s
[57.465s][info][gc,start       ] GC(104) Pause Young (Allocation Failure)
[57.467s][info][gc,heap        ] GC(104) PSYoungGen: 161343K(161792K)->160K(155648K) Eden: 160768K(160768K)->0K(155136K) From: 575K(1024K)->160K(512K)
[57.467s][info][gc,heap        ] GC(104) ParOldGen: 290940K(291328K)->290956K(291328K)
[57.467s][info][gc,metaspace   ] GC(104) Metaspace: 55561K(55872K)->55561K(55872K) NonClass: 49956K(50176K)->49956K(50176K) Class: 5605K(5696K)->5605K(5696K)
[57.467s][info][gc             ] GC(104) Pause Young (Allocation Failure) 441M->284M(436M) 1.843ms
[57.467s][info][gc,cpu         ] GC(104) User=0.01s Sys=0.00s Real=0.01s
[57.831s][info][gc,start       ] GC(105) Pause Young (Allocation Failure)
[57.835s][info][gc,heap        ] GC(105) PSYoungGen: 155296K(155648K)->2463K(152576K) Eden: 155136K(155136K)->0K(150016K) From: 160K(512K)->2463K(2560K)
[57.835s][info][gc,heap        ] GC(105) ParOldGen: 290956K(291328K)->290972K(291328K)
[57.835s][info][gc,metaspace   ] GC(105) Metaspace: 55561K(55872K)->55561K(55872K) NonClass: 49956K(50176K)->49956K(50176K) Class: 5605K(5696K)->5605K(5696K)
[57.835s][info][gc             ] GC(105) Pause Young (Allocation Failure) 435M->286M(433M) 4.359ms
[57.835s][info][gc,cpu         ] GC(105) User=0.00s Sys=0.00s Real=0.00s
[58.180s][info][gc,start       ] GC(106) Pause Young (Allocation Failure)
[58.184s][info][gc,heap        ] GC(106) PSYoungGen: 152479K(152576K)->2367K(147456K) Eden: 150016K(150016K)->0K(144896K) From: 2463K(2560K)->2367K(2560K)
[58.184s][info][gc,heap        ] GC(106) ParOldGen: 290972K(291328K)->290988K(291328K)
[58.184s][info][gc,metaspace   ] GC(106) Metaspace: 55561K(55872K)->55561K(55872K) NonClass: 49956K(50176K)->49956K(50176K) Class: 5605K(5696K)->5605K(5696K)
[58.184s][info][gc             ] GC(106) Pause Young (Allocation Failure) 433M->286M(428M) 4.241ms
[58.184s][info][gc,cpu         ] GC(106) User=0.01s Sys=0.00s Real=0.00s
[58.508s][info][gc,start       ] GC(107) Pause Young (Allocation Failure)
[58.511s][info][gc,heap        ] GC(107) PSYoungGen: 147263K(147456K)->1695K(142336K) Eden: 144896K(144896K)->0K(140288K) From: 2367K(2560K)->1695K(2048K)
[58.511s][info][gc,heap        ] GC(107) ParOldGen: 290988K(291328K)->291012K(291328K)
[58.511s][info][gc,metaspace   ] GC(107) Metaspace: 55561K(55872K)->55561K(55872K) NonClass: 49956K(50176K)->49956K(50176K) Class: 5605K(5696K)->5605K(5696K)
[58.511s][info][gc             ] GC(107) Pause Young (Allocation Failure) 427M->285M(423M) 3.625ms
[58.511s][info][gc,cpu         ] GC(107) User=0.01s Sys=0.00s Real=0.00s
[58.922s][info][gc,start       ] GC(108) Pause Young (Allocation Failure)
[58.927s][info][gc,heap        ] GC(108) PSYoungGen: 141983K(142336K)->1577K(137728K) Eden: 140288K(140288K)->0K(135680K) From: 1695K(2048K)->1577K(2048K)
[58.927s][info][gc,heap        ] GC(108) ParOldGen: 291012K(291328K)->291028K(291328K)
[58.927s][info][gc,metaspace   ] GC(108) Metaspace: 55561K(55872K)->55561K(55872K) NonClass: 49956K(50176K)->49956K(50176K) Class: 5605K(5696K)->5605K(5696K)
[58.927s][info][gc             ] GC(108) Pause Young (Allocation Failure) 422M->285M(419M) 4.610ms
[58.927s][info][gc,cpu         ] GC(108) User=0.00s Sys=0.00s Real=0.01s
[59.189s][info][gc,start       ] GC(109) Pause Young (Allocation Failure)
[59.195s][info][gc,heap        ] GC(109) PSYoungGen: 137257K(137728K)->2623K(165888K) Eden: 135680K(135680K)->0K(162816K) From: 1577K(2048K)->2623K(3072K)
[59.195s][info][gc,heap        ] GC(109) ParOldGen: 291028K(291328K)->291044K(291328K)
[59.195s][info][gc,metaspace   ] GC(109) Metaspace: 55562K(55872K)->55562K(55872K) NonClass: 49956K(50176K)->49956K(50176K) Class: 5605K(5696K)->5605K(5696K)
[59.195s][info][gc             ] GC(109) Pause Young (Allocation Failure) 418M->286M(446M) 6.014ms
[59.195s][info][gc,cpu         ] GC(109) User=0.01s Sys=0.00s Real=0.00s
[59.580s][info][gc,start       ] GC(110) Pause Young (Allocation Failure)
[59.583s][info][gc,heap        ] GC(110) PSYoungGen: 165439K(165888K)->1631K(197632K) Eden: 162816K(162816K)->0K(195584K) From: 2623K(3072K)->1631K(2048K)
[59.583s][info][gc,heap        ] GC(110) ParOldGen: 291044K(291328K)->291060K(291328K)
[59.583s][info][gc,metaspace   ] GC(110) Metaspace: 55562K(55872K)->55562K(55872K) NonClass: 49956K(50176K)->49956K(50176K) Class: 5605K(5696K)->5605K(5696K)
[59.583s][info][gc             ] GC(110) Pause Young (Allocation Failure) 445M->285M(477M) 3.467ms
[59.583s][info][gc,cpu         ] GC(110) User=0.00s Sys=0.00s Real=0.00s
[60.402s][info][gc,start       ] GC(111) Pause Young (Allocation Failure)
[60.444s][info][gc,heap        ] GC(111) PSYoungGen: 158322K(197632K)->96K(199168K) Eden: 156690K(195584K)->0K(195584K) From: 1631K(2048K)->96K(3584K)
[60.444s][info][gc,heap        ] GC(111) ParOldGen: 291060K(291328K)->330138K(330752K)
[60.444s][info][gc,metaspace   ] GC(111) Metaspace: 55769K(56064K)->55769K(56064K) NonClass: 50141K(50368K)->50141K(50368K) Class: 5627K(5696K)->5627K(5696K)
[60.444s][info][gc             ] GC(111) Pause Young (Allocation Failure) 438M->322M(517M) 42.445ms
[60.444s][info][gc,cpu         ] GC(111) User=0.06s Sys=0.03s Real=0.04s
[63.567s][info][gc,start       ] GC(112) Pause Young (Allocation Failure)
[63.626s][info][gc,heap        ] GC(112) PSYoungGen: 195680K(199168K)->3559K(199168K) Eden: 195584K(195584K)->0K(195584K) From: 96K(3584K)->3559K(3584K)
[63.626s][info][gc,heap        ] GC(112) ParOldGen: 330138K(330752K)->420434K(421376K)
[63.626s][info][gc,metaspace   ] GC(112) Metaspace: 56120K(56448K)->56120K(56448K) NonClass: 50492K(50752K)->50492K(50752K) Class: 5627K(5696K)->5627K(5696K)
[63.627s][info][gc             ] GC(112) Pause Young (Allocation Failure) 513M->414M(606M) 59.914ms
[63.627s][info][gc,cpu         ] GC(112) User=0.06s Sys=0.06s Real=0.06s
[64.107s][info][gc,start       ] GC(113) Pause Young (Allocation Failure)
[64.140s][info][gc,heap        ] GC(113) PSYoungGen: 199081K(199168K)->30977K(268288K) Eden: 195521K(195584K)->0K(230400K) From: 3559K(3584K)->30977K(37888K)
[64.140s][info][gc,heap        ] GC(113) ParOldGen: 420434K(421376K)->423983K(424448K)
[64.140s][info][gc,metaspace   ] GC(113) Metaspace: 56122K(56448K)->56122K(56448K) NonClass: 50494K(50752K)->50494K(50752K) Class: 5627K(5696K)->5627K(5696K)
[64.140s][info][gc             ] GC(113) Pause Young (Allocation Failure) 604M->444M(676M) 33.240ms
[64.140s][info][gc,cpu         ] GC(113) User=0.05s Sys=0.02s Real=0.03s
[64.667s][info][gc,start       ] GC(114) Pause Young (Allocation Failure)
[64.688s][info][gc,heap        ] GC(114) PSYoungGen: 261377K(268288K)->352K(272896K) Eden: 230400K(230400K)->0K(230400K) From: 30977K(37888K)->352K(42496K)
[64.688s][info][gc,heap        ] GC(114) ParOldGen: 423983K(424448K)->450390K(450560K)
[64.688s][info][gc,metaspace   ] GC(114) Metaspace: 56122K(56448K)->56122K(56448K) NonClass: 50494K(50752K)->50494K(50752K) Class: 5627K(5696K)->5627K(5696K)
[64.689s][info][gc             ] GC(114) Pause Young (Allocation Failure) 669M->440M(706M) 21.280ms
[64.689s][info][gc,cpu         ] GC(114) User=0.02s Sys=0.02s Real=0.02s
[65.201s][info][gc,start       ] GC(115) Pause Young (Allocation Failure)
[65.207s][info][gc,heap        ] GC(115) PSYoungGen: 230752K(272896K)->2271K(288256K) Eden: 230400K(230400K)->0K(249856K) From: 352K(42496K)->2271K(38400K)
[65.208s][info][gc,heap        ] GC(115) ParOldGen: 450390K(450560K)->450433K(450560K)
[65.208s][info][gc,metaspace   ] GC(115) Metaspace: 56122K(56448K)->56122K(56448K) NonClass: 50494K(50752K)->50494K(50752K) Class: 5627K(5696K)->5627K(5696K)
[65.208s][info][gc             ] GC(115) Pause Young (Allocation Failure) 665M->442M(721M) 6.383ms
[65.208s][info][gc,cpu         ] GC(115) User=0.01s Sys=0.00s Real=0.01s
[65.820s][info][gc,start       ] GC(116) Pause Young (Allocation Failure)
[65.827s][info][gc,heap        ] GC(116) PSYoungGen: 252127K(288256K)->1088K(290304K) Eden: 249856K(249856K)->0K(249856K) From: 2271K(38400K)->1088K(40448K)
[65.827s][info][gc,heap        ] GC(116) ParOldGen: 450433K(450560K)->450449K(450560K)
[65.827s][info][gc,metaspace   ] GC(116) Metaspace: 56123K(56448K)->56123K(56448K) NonClass: 50495K(50752K)->50495K(50752K) Class: 5627K(5696K)->5627K(5696K)
[65.827s][info][gc             ] GC(116) Pause Young (Allocation Failure) 686M->440M(723M) 6.541ms
[65.827s][info][gc,cpu         ] GC(116) User=0.01s Sys=0.00s Real=0.01s
[66.493s][info][gc,start       ] GC(117) Pause Young (Allocation Failure)
[66.499s][info][gc,heap        ] GC(117) PSYoungGen: 250944K(290304K)->3071K(289792K) Eden: 249856K(249856K)->0K(254464K) From: 1088K(40448K)->3071K(35328K)
[66.499s][info][gc,heap        ] GC(117) ParOldGen: 450449K(450560K)->450473K(450560K)
[66.499s][info][gc,metaspace   ] GC(117) Metaspace: 56123K(56448K)->56123K(56448K) NonClass: 50495K(50752K)->50495K(50752K) Class: 5627K(5696K)->5627K(5696K)
[66.499s][info][gc             ] GC(117) Pause Young (Allocation Failure) 684M->442M(723M) 5.641ms
[66.499s][info][gc,cpu         ] GC(117) User=0.01s Sys=0.00s Real=0.01s
[67.257s][info][gc,start       ] GC(118) Pause Young (Allocation Failure)
[67.260s][info][gc,heap        ] GC(118) PSYoungGen: 257535K(289792K)->863K(291840K) Eden: 254464K(254464K)->0K(254464K) From: 3071K(35328K)->863K(37376K)
[67.260s][info][gc,heap        ] GC(118) ParOldGen: 450473K(450560K)->450489K(450560K)
[67.260s][info][gc,metaspace   ] GC(118) Metaspace: 56123K(56448K)->56123K(56448K) NonClass: 50495K(50752K)->50495K(50752K) Class: 5627K(5696K)->5627K(5696K)
[67.260s][info][gc             ] GC(118) Pause Young (Allocation Failure) 691M->440M(725M) 2.889ms
[67.260s][info][gc,cpu         ] GC(118) User=0.00s Sys=0.00s Real=0.00s
[67.769s][info][gc,start       ] GC(119) Pause Young (Allocation Failure)
[67.772s][info][gc,heap        ] GC(119) PSYoungGen: 255327K(291840K)->608K(292864K) Eden: 254464K(254464K)->0K(260608K) From: 863K(37376K)->608K(32256K)
[67.772s][info][gc,heap        ] GC(119) ParOldGen: 450489K(450560K)->450513K(450560K)
[67.772s][info][gc,metaspace   ] GC(119) Metaspace: 56123K(56448K)->56123K(56448K) NonClass: 50495K(50752K)->50495K(50752K) Class: 5627K(5696K)->5627K(5696K)
[67.772s][info][gc             ] GC(119) Pause Young (Allocation Failure) 689M->440M(726M) 2.606ms
[67.772s][info][gc,cpu         ] GC(119) User=0.00s Sys=0.00s Real=0.00s
[68.394s][info][gc,start       ] GC(120) Pause Young (Allocation Failure)
[68.398s][info][gc,heap        ] GC(120) PSYoungGen: 261216K(292864K)->1567K(294912K) Eden: 260608K(260608K)->0K(260608K) From: 608K(32256K)->1567K(34304K)
[68.398s][info][gc,heap        ] GC(120) ParOldGen: 450513K(450560K)->450529K(450560K)
[68.398s][info][gc,metaspace   ] GC(120) Metaspace: 56123K(56448K)->56123K(56448K) NonClass: 50495K(50752K)->50495K(50752K) Class: 5627K(5696K)->5627K(5696K)
[68.398s][info][gc             ] GC(120) Pause Young (Allocation Failure) 695M->441M(728M) 4.053ms
[68.398s][info][gc,cpu         ] GC(120) User=0.01s Sys=0.00s Real=0.01s
[68.991s][info][gc,start       ] GC(121) Pause Young (Allocation Failure)
[68.996s][info][gc,heap        ] GC(121) PSYoungGen: 262175K(294912K)->2975K(294912K) Eden: 260608K(260608K)->0K(266752K) From: 1567K(34304K)->2975K(28160K)
[68.996s][info][gc,heap        ] GC(121) ParOldGen: 450529K(450560K)->450553K(450560K)
[68.996s][info][gc,metaspace   ] GC(121) Metaspace: 56123K(56448K)->56123K(56448K) NonClass: 50495K(50752K)->50495K(50752K) Class: 5627K(5696K)->5627K(5696K)
[68.996s][info][gc             ] GC(121) Pause Young (Allocation Failure) 696M->442M(728M) 5.198ms
[68.996s][info][gc,cpu         ] GC(121) User=0.01s Sys=0.00s Real=0.01s
[69.703s][info][gc,start       ] GC(122) Pause Young (Allocation Failure)
[69.706s][info][gc,heap        ] GC(122) PSYoungGen: 269568K(294912K)->544K(257536K) Eden: 266593K(266752K)->0K(256512K) From: 2975K(28160K)->544K(1024K)
[69.706s][info][gc,heap        ] GC(122) ParOldGen: 450553K(450560K)->450577K(451072K)
[69.706s][info][gc,metaspace   ] GC(122) Metaspace: 56123K(56448K)->56123K(56448K) NonClass: 50495K(50752K)->50495K(50752K) Class: 5627K(5696K)->5627K(5696K)
[69.706s][info][gc             ] GC(122) Pause Young (Allocation Failure) 703M->440M(692M) 2.901ms
[69.706s][info][gc,cpu         ] GC(122) User=0.00s Sys=0.00s Real=0.01s
[70.267s][info][gc,start       ] GC(123) Pause Young (Allocation Failure)
[70.269s][info][gc,heap        ] GC(123) PSYoungGen: 257056K(257536K)->416K(264192K) Eden: 256512K(256512K)->0K(246784K) From: 544K(1024K)->416K(17408K)
[70.269s][info][gc,heap        ] GC(123) ParOldGen: 450577K(451072K)->450593K(451072K)
[70.269s][info][gc,metaspace   ] GC(123) Metaspace: 56125K(56448K)->56125K(56448K) NonClass: 50497K(50752K)->50497K(50752K) Class: 5627K(5696K)->5627K(5696K)
[70.269s][info][gc             ] GC(123) Pause Young (Allocation Failure) 691M->440M(698M) 2.520ms
[70.269s][info][gc,cpu         ] GC(123) User=0.01s Sys=0.00s Real=0.00s
[70.866s][info][gc,start       ] GC(124) Pause Young (Allocation Failure)
[70.871s][info][gc,heap        ] GC(124) PSYoungGen: 247200K(264192K)->224K(237568K) Eden: 246784K(246784K)->0K(237056K) From: 416K(17408K)->224K(512K)
[70.871s][info][gc,heap        ] GC(124) ParOldGen: 450593K(451072K)->450617K(451072K)
[70.871s][info][gc,metaspace   ] GC(124) Metaspace: 56125K(56448K)->56125K(56448K) NonClass: 50497K(50752K)->50497K(50752K) Class: 5627K(5696K)->5627K(5696K)
[70.872s][info][gc             ] GC(124) Pause Young (Allocation Failure) 681M->440M(672M) 5.202ms
[70.872s][info][gc,cpu         ] GC(124) User=0.01s Sys=0.01s Real=0.00s
[71.403s][info][gc,start       ] GC(125) Pause Young (Allocation Failure)
[71.408s][info][gc,heap        ] GC(125) PSYoungGen: 237096K(237568K)->1600K(242176K) Eden: 236872K(237056K)->0K(227840K) From: 224K(512K)->1600K(14336K)
[71.408s][info][gc,heap        ] GC(125) ParOldGen: 450617K(451072K)->450641K(451072K)
[71.408s][info][gc,metaspace   ] GC(125) Metaspace: 56126K(56448K)->56126K(56448K) NonClass: 50498K(50752K)->50498K(50752K) Class: 5627K(5696K)->5627K(5696K)
[71.408s][info][gc             ] GC(125) Pause Young (Allocation Failure) 671M->441M(677M) 4.773ms
[71.408s][info][gc,cpu         ] GC(125) User=0.00s Sys=0.00s Real=0.01s
[71.977s][info][gc,start       ] GC(126) Pause Young (Allocation Failure)
[71.981s][info][gc,heap        ] GC(126) PSYoungGen: 229440K(242176K)->1696K(221184K) Eden: 227840K(227840K)->0K(219136K) From: 1600K(14336K)->1696K(2048K)
[71.981s][info][gc,heap        ] GC(126) ParOldGen: 450641K(451072K)->450657K(451072K)
[71.981s][info][gc,metaspace   ] GC(126) Metaspace: 56126K(56448K)->56126K(56448K) NonClass: 50498K(50752K)->50498K(50752K) Class: 5627K(5696K)->5627K(5696K)
[71.981s][info][gc             ] GC(126) Pause Young (Allocation Failure) 664M->441M(656M) 4.221ms
[71.981s][info][gc,cpu         ] GC(126) User=0.01s Sys=0.00s Real=0.00s
[72.493s][info][gc,start       ] GC(127) Pause Young (Allocation Failure)
[72.498s][info][gc,heap        ] GC(127) PSYoungGen: 220819K(221184K)->1568K(223232K) Eden: 219123K(219136K)->0K(210944K) From: 1696K(2048K)->1568K(12288K)
[72.498s][info][gc,heap        ] GC(127) ParOldGen: 450657K(451072K)->450673K(451072K)
[72.498s][info][gc,metaspace   ] GC(127) Metaspace: 56126K(56448K)->56126K(56448K) NonClass: 50498K(50752K)->50498K(50752K) Class: 5627K(5696K)->5627K(5696K)
[72.498s][info][gc             ] GC(127) Pause Young (Allocation Failure) 655M->441M(658M) 4.580ms
[72.498s][info][gc,cpu         ] GC(127) User=0.00s Sys=0.00s Real=0.01s
[72.984s][info][gc,start       ] GC(128) Pause Young (Allocation Failure)
[72.989s][info][gc,heap        ] GC(128) PSYoungGen: 212512K(223232K)->2303K(205824K) Eden: 210944K(210944K)->0K(203264K) From: 1568K(12288K)->2303K(2560K)
[72.989s][info][gc,heap        ] GC(128) ParOldGen: 450673K(451072K)->450689K(451072K)
[72.989s][info][gc,metaspace   ] GC(128) Metaspace: 56126K(56448K)->56126K(56448K) NonClass: 50498K(50752K)->50498K(50752K) Class: 5627K(5696K)->5627K(5696K)
[72.989s][info][gc             ] GC(128) Pause Young (Allocation Failure) 647M->442M(641M) 5.176ms
[72.989s][info][gc,cpu         ] GC(128) User=0.01s Sys=0.00s Real=0.01s
[73.476s][info][gc,start       ] GC(129) Pause Young (Allocation Failure)
[73.481s][info][gc,heap        ] GC(129) PSYoungGen: 205567K(205824K)->1951K(205312K) Eden: 203264K(203264K)->0K(195584K) From: 2303K(2560K)->1951K(9728K)
[73.481s][info][gc,heap        ] GC(129) ParOldGen: 450689K(451072K)->450705K(451072K)
[73.481s][info][gc,metaspace   ] GC(129) Metaspace: 56126K(56448K)->56126K(56448K) NonClass: 50498K(50752K)->50498K(50752K) Class: 5627K(5696K)->5627K(5696K)
[73.481s][info][gc             ] GC(129) Pause Young (Allocation Failure) 640M->442M(641M) 4.733ms
[73.481s][info][gc,cpu         ] GC(129) User=0.01s Sys=0.00s Real=0.00s
[73.901s][info][gc,start       ] GC(130) Pause Young (Allocation Failure)
[73.905s][info][gc,heap        ] GC(130) PSYoungGen: 197535K(205312K)->1343K(189952K) Eden: 195584K(195584K)->0K(188416K) From: 1951K(9728K)->1343K(1536K)
[73.905s][info][gc,heap        ] GC(130) ParOldGen: 450705K(451072K)->450721K(451072K)
[73.905s][info][gc,metaspace   ] GC(130) Metaspace: 56128K(56448K)->56128K(56448K) NonClass: 50500K(50752K)->50500K(50752K) Class: 5627K(5696K)->5627K(5696K)
[73.905s][info][gc             ] GC(130) Pause Young (Allocation Failure) 633M->441M(626M) 4.331ms
[73.905s][info][gc,cpu         ] GC(130) User=0.01s Sys=0.00s Real=0.00s
[74.383s][info][gc,start       ] GC(131) Pause Young (Allocation Failure)
[74.388s][info][gc,heap        ] GC(131) PSYoungGen: 189759K(189952K)->2495K(190976K) Eden: 188416K(188416K)->0K(181760K) From: 1343K(1536K)->2495K(9216K)
[74.388s][info][gc,heap        ] GC(131) ParOldGen: 450721K(451072K)->450745K(451072K)
[74.388s][info][gc,metaspace   ] GC(131) Metaspace: 56128K(56448K)->56128K(56448K) NonClass: 50500K(50752K)->50500K(50752K) Class: 5627K(5696K)->5627K(5696K)
[74.388s][info][gc             ] GC(131) Pause Young (Allocation Failure) 625M->442M(627M) 5.197ms
[74.388s][info][gc,cpu         ] GC(131) User=0.01s Sys=0.00s Real=0.01s
[74.803s][info][gc,start       ] GC(132) Pause Young (Allocation Failure)
[74.808s][info][gc,heap        ] GC(132) PSYoungGen: 184255K(190976K)->2048K(177152K) Eden: 181760K(181760K)->0K(175104K) From: 2495K(9216K)->2048K(2048K)
[74.808s][info][gc,heap        ] GC(132) ParOldGen: 450745K(451072K)->450761K(451072K)
[74.808s][info][gc,metaspace   ] GC(132) Metaspace: 56131K(56448K)->56131K(56448K) NonClass: 50503K(50752K)->50503K(50752K) Class: 5627K(5696K)->5627K(5696K)
[74.808s][info][gc             ] GC(132) Pause Young (Allocation Failure) 620M->442M(613M) 4.969ms
[74.808s][info][gc,cpu         ] GC(132) User=0.01s Sys=0.00s Real=0.01s
[75.202s][info][gc,start       ] GC(133) Pause Young (Allocation Failure)
[75.205s][info][gc,heap        ] GC(133) PSYoungGen: 177152K(177152K)->1119K(176640K) Eden: 175104K(175104K)->0K(168960K) From: 2048K(2048K)->1119K(7680K)
[75.205s][info][gc,heap        ] GC(133) ParOldGen: 450761K(451072K)->450777K(451072K)
[75.205s][info][gc,metaspace   ] GC(133) Metaspace: 56131K(56448K)->56131K(56448K) NonClass: 50503K(50752K)->50503K(50752K) Class: 5627K(5696K)->5627K(5696K)
[75.205s][info][gc             ] GC(133) Pause Young (Allocation Failure) 613M->441M(613M) 3.391ms
[75.205s][info][gc,cpu         ] GC(133) User=0.00s Sys=0.01s Real=0.00s
[75.717s][info][gc,start       ] GC(134) Pause Young (Allocation Failure)
[75.722s][info][gc,heap        ] GC(134) PSYoungGen: 169838K(176640K)->1695K(165376K) Eden: 168718K(168960K)->0K(163328K) From: 1119K(7680K)->1695K(2048K)
[75.722s][info][gc,heap        ] GC(134) ParOldGen: 450777K(451072K)->450793K(451072K)
[75.722s][info][gc,metaspace   ] GC(134) Metaspace: 56131K(56448K)->56131K(56448K) NonClass: 50503K(50752K)->50503K(50752K) Class: 5627K(5696K)->5627K(5696K)
[75.722s][info][gc             ] GC(134) Pause Young (Allocation Failure) 606M->441M(602M) 4.174ms
[75.722s][info][gc,cpu         ] GC(134) User=0.01s Sys=0.00s Real=0.00s
[75.995s][info][gc,start       ] GC(135) Pause Young (Allocation Failure)
[76.001s][info][gc,heap        ] GC(135) PSYoungGen: 164757K(165376K)->2496K(178688K) Eden: 163062K(163328K)->0K(164864K) From: 1695K(2048K)->2496K(13824K)
[76.001s][info][gc,heap        ] GC(135) ParOldGen: 450793K(451072K)->450809K(451072K)
[76.001s][info][gc,metaspace   ] GC(135) Metaspace: 56131K(56448K)->56131K(56448K) NonClass: 50503K(50752K)->50503K(50752K) Class: 5627K(5696K)->5627K(5696K)
[76.001s][info][gc             ] GC(135) Pause Young (Allocation Failure) 601M->442M(615M) 5.319ms
[76.001s][info][gc,cpu         ] GC(135) User=0.01s Sys=0.00s Real=0.01s
[76.394s][info][gc,start       ] GC(136) Pause Young (Allocation Failure)
[76.400s][info][gc,heap        ] GC(136) PSYoungGen: 167360K(178688K)->3071K(177664K) Eden: 164864K(164864K)->0K(164864K) From: 2496K(13824K)->3071K(12800K)
[76.400s][info][gc,heap        ] GC(136) ParOldGen: 450809K(451072K)->450825K(451072K)
[76.400s][info][gc,metaspace   ] GC(136) Metaspace: 56131K(56448K)->56131K(56448K) NonClass: 50503K(50752K)->50503K(50752K) Class: 5627K(5696K)->5627K(5696K)
[76.400s][info][gc             ] GC(136) Pause Young (Allocation Failure) 603M->443M(614M) 5.391ms
[76.400s][info][gc,cpu         ] GC(136) User=0.01s Sys=0.00s Real=0.01s
[76.786s][info][gc,start       ] GC(137) Pause Young (Allocation Failure)
[76.792s][info][gc,heap        ] GC(137) PSYoungGen: 167935K(177664K)->2527K(208896K) Eden: 164864K(164864K)->0K(198144K) From: 3071K(12800K)->2527K(10752K)
[76.792s][info][gc,heap        ] GC(137) ParOldGen: 450825K(451072K)->450841K(451072K)
[76.792s][info][gc,metaspace   ] GC(137) Metaspace: 56131K(56448K)->56131K(56448K) NonClass: 50503K(50752K)->50503K(50752K) Class: 5627K(5696K)->5627K(5696K)
[76.792s][info][gc             ] GC(137) Pause Young (Allocation Failure) 604M->442M(644M) 5.481ms
[76.792s][info][gc,cpu         ] GC(137) User=0.00s Sys=0.01s Real=0.00s
[77.276s][info][gc,start       ] GC(138) Pause Young (Allocation Failure)
[77.279s][info][gc,heap        ] GC(138) PSYoungGen: 200671K(208896K)->1247K(209408K) Eden: 198144K(198144K)->0K(198144K) From: 2527K(10752K)->1247K(11264K)
[77.280s][info][gc,heap        ] GC(138) ParOldGen: 450841K(451072K)->450857K(451072K)
[77.280s][info][gc,metaspace   ] GC(138) Metaspace: 56131K(56448K)->56131K(56448K) NonClass: 50503K(50752K)->50503K(50752K) Class: 5627K(5696K)->5627K(5696K)
[77.280s][info][gc             ] GC(138) Pause Young (Allocation Failure) 636M->441M(645M) 3.429ms
[77.280s][info][gc,cpu         ] GC(138) User=0.00s Sys=0.00s Real=0.00s
[77.715s][info][gc,start       ] GC(139) Pause Young (Allocation Failure)
[77.718s][info][gc,heap        ] GC(139) PSYoungGen: 199391K(209408K)->895K(192000K) Eden: 198144K(198144K)->0K(190976K) From: 1247K(11264K)->895K(1024K)
[77.718s][info][gc,heap        ] GC(139) ParOldGen: 450857K(451072K)->450873K(451072K)
[77.718s][info][gc,metaspace   ] GC(139) Metaspace: 56131K(56448K)->56131K(56448K) NonClass: 50503K(50752K)->50503K(50752K) Class: 5627K(5696K)->5627K(5696K)
[77.718s][info][gc             ] GC(139) Pause Young (Allocation Failure) 635M->441M(628M) 3.021ms
[77.718s][info][gc,cpu         ] GC(139) User=0.01s Sys=0.00s Real=0.01s
[78.187s][info][gc,start       ] GC(140) Pause Young (Allocation Failure)
[78.193s][info][gc,heap        ] GC(140) PSYoungGen: 191871K(192000K)->2527K(194560K) Eden: 190976K(190976K)->0K(184320K) From: 895K(1024K)->2527K(10240K)
[78.193s][info][gc,heap        ] GC(140) ParOldGen: 450873K(451072K)->450889K(451072K)
[78.193s][info][gc,metaspace   ] GC(140) Metaspace: 56131K(56448K)->56131K(56448K) NonClass: 50503K(50752K)->50503K(50752K) Class: 5627K(5696K)->5627K(5696K)
[78.193s][info][gc             ] GC(140) Pause Young (Allocation Failure) 627M->442M(630M) 5.470ms
[78.193s][info][gc,cpu         ] GC(140) User=0.01s Sys=0.01s Real=0.00s
[78.651s][info][gc,start       ] GC(141) Pause Young (Allocation Failure)
[78.668s][info][gc,heap        ] GC(141) PSYoungGen: 186847K(194560K)->324K(221696K) Eden: 184320K(184320K)->0K(221184K) From: 2527K(10240K)->324K(512K)
[78.668s][info][gc,heap        ] GC(141) ParOldGen: 450889K(451072K)->450905K(451072K)
[78.669s][info][gc,metaspace   ] GC(141) Metaspace: 56131K(56448K)->56131K(56448K) NonClass: 50503K(50752K)->50503K(50752K) Class: 5627K(5696K)->5627K(5696K)
[78.669s][info][gc             ] GC(141) Pause Young (Allocation Failure) 622M->440M(657M) 18.026ms
[78.669s][info][gc,cpu         ] GC(141) User=0.01s Sys=0.00s Real=0.02s
[79.180s][info][gc,start       ] GC(142) Pause Young (Allocation Failure)
[79.185s][info][gc,heap        ] GC(142) PSYoungGen: 221508K(221696K)->1887K(231424K) Eden: 221184K(221184K)->0K(222208K) From: 324K(512K)->1887K(9216K)
[79.185s][info][gc,heap        ] GC(142) ParOldGen: 450905K(451072K)->450929K(451072K)
[79.185s][info][gc,metaspace   ] GC(142) Metaspace: 56131K(56448K)->56131K(56448K) NonClass: 50503K(50752K)->50503K(50752K) Class: 5627K(5696K)->5627K(5696K)
[79.185s][info][gc             ] GC(142) Pause Young (Allocation Failure) 656M->442M(666M) 4.929ms
[79.185s][info][gc,cpu         ] GC(142) User=0.01s Sys=0.00s Real=0.00s
[79.684s][info][gc,start       ] GC(143) Pause Young (Allocation Failure)
[79.690s][info][gc,heap        ] GC(143) PSYoungGen: 223842K(231424K)->2560K(274944K) Eden: 221955K(222208K)->0K(266240K) From: 1887K(9216K)->2560K(8704K)
[79.690s][info][gc,heap        ] GC(143) ParOldGen: 450929K(451072K)->450945K(451072K)
[79.690s][info][gc,metaspace   ] GC(143) Metaspace: 56131K(56448K)->56131K(56448K) NonClass: 50503K(50752K)->50503K(50752K) Class: 5627K(5696K)->5627K(5696K)
[79.690s][info][gc             ] GC(143) Pause Young (Allocation Failure) 658M->442M(709M) 5.637ms
[79.690s][info][gc,cpu         ] GC(143) User=0.01s Sys=0.01s Real=0.01s
[80.316s][info][gc,start       ] GC(144) Pause Young (Allocation Failure)
[80.319s][info][gc,heap        ] GC(144) PSYoungGen: 268800K(274944K)->1311K(274432K) Eden: 266240K(266240K)->0K(266240K) From: 2560K(8704K)->1311K(8192K)
[80.319s][info][gc,heap        ] GC(144) ParOldGen: 450945K(451072K)->450961K(451072K)
[80.319s][info][gc,metaspace   ] GC(144) Metaspace: 56131K(56448K)->56131K(56448K) NonClass: 50504K(50752K)->50504K(50752K) Class: 5627K(5696K)->5627K(5696K)
[80.319s][info][gc             ] GC(144) Pause Young (Allocation Failure) 702M->441M(708M) 3.531ms
[80.319s][info][gc,cpu         ] GC(144) User=0.01s Sys=0.00s Real=0.01s
[80.977s][info][gc,start       ] GC(145) Pause Young (Allocation Failure)
[80.982s][info][gc,heap        ] GC(145) PSYoungGen: 267551K(274432K)->2303K(325120K) Eden: 266240K(266240K)->0K(317440K) From: 1311K(8192K)->2303K(7680K)
[80.982s][info][gc,heap        ] GC(145) ParOldGen: 450961K(451072K)->450985K(451072K)
[80.982s][info][gc,metaspace   ] GC(145) Metaspace: 56131K(56448K)->56131K(56448K) NonClass: 50504K(50752K)->50504K(50752K) Class: 5627K(5696K)->5627K(5696K)
[80.982s][info][gc             ] GC(145) Pause Young (Allocation Failure) 701M->442M(758M) 5.020ms
[80.982s][info][gc,cpu         ] GC(145) User=0.01s Sys=0.00s Real=0.00s
[81.732s][info][gc,start       ] GC(146) Pause Young (Allocation Failure)
[81.735s][info][gc,heap        ] GC(146) PSYoungGen: 319464K(325120K)->1152K(306176K) Eden: 317160K(317440K)->0K(304640K) From: 2303K(7680K)->1152K(1536K)
[81.735s][info][gc,heap        ] GC(146) ParOldGen: 450985K(451072K)->451009K(451072K)
[81.735s][info][gc,metaspace   ] GC(146) Metaspace: 56131K(56448K)->56131K(56448K) NonClass: 50504K(50752K)->50504K(50752K) Class: 5627K(5696K)->5627K(5696K)
[81.735s][info][gc             ] GC(146) Pause Young (Allocation Failure) 752M->441M(739M) 3.630ms
[81.735s][info][gc,cpu         ] GC(146) User=0.01s Sys=0.00s Real=0.00s
[82.467s][info][gc,start       ] GC(147) Pause Young (Allocation Failure)
[82.470s][info][gc,heap        ] GC(147) PSYoungGen: 305792K(306176K)->647K(293376K) Eden: 304640K(304640K)->0K(292352K) From: 1152K(1536K)->647K(1024K)
[82.470s][info][gc,heap        ] GC(147) ParOldGen: 451009K(451072K)->451033K(451072K)
[82.470s][info][gc,metaspace   ] GC(147) Metaspace: 56131K(56448K)->56131K(56448K) NonClass: 50504K(50752K)->50504K(50752K) Class: 5627K(5696K)->5627K(5696K)
[82.470s][info][gc             ] GC(147) Pause Young (Allocation Failure) 739M->441M(727M) 2.940ms
[82.470s][info][gc,cpu         ] GC(147) User=0.00s Sys=0.00s Real=0.00s
[83.112s][info][gc,start       ] GC(148) Pause Young (Allocation Failure)
[83.129s][info][gc,heap        ] GC(148) PSYoungGen: 292994K(293376K)->767K(313344K) Eden: 292346K(292352K)->0K(306688K) From: 647K(1024K)->767K(6656K)
[83.129s][info][gc,heap        ] GC(148) ParOldGen: 451033K(451072K)->451057K(451072K)
[83.129s][info][gc,metaspace   ] GC(148) Metaspace: 56131K(56448K)->56131K(56448K) NonClass: 50504K(50752K)->50504K(50752K) Class: 5627K(5696K)->5627K(5696K)
[83.129s][info][gc             ] GC(148) Pause Young (Allocation Failure) 726M->441M(746M) 17.534ms
[83.129s][info][gc,cpu         ] GC(148) User=0.01s Sys=0.00s Real=0.02s
[83.973s][info][gc,start       ] GC(149) Pause Young (Allocation Failure)
[83.977s][info][gc,heap        ] GC(149) PSYoungGen: 307455K(313344K)->1539K(326656K) Eden: 306688K(306688K)->0K(321024K) From: 767K(6656K)->1539K(5632K)
[83.977s][info][gc,heap        ] GC(149) ParOldGen: 451057K(451072K)->451081K(451584K)
[83.977s][info][gc,metaspace   ] GC(149) Metaspace: 56131K(56448K)->56131K(56448K) NonClass: 50504K(50752K)->50504K(50752K) Class: 5627K(5696K)->5627K(5696K)
[83.977s][info][gc             ] GC(149) Pause Young (Allocation Failure) 740M->442M(760M) 3.843ms
[83.977s][info][gc,cpu         ] GC(149) User=0.00s Sys=0.00s Real=0.01s
[84.708s][info][gc,start       ] GC(150) Pause Young (Allocation Failure)
[84.714s][info][gc,heap        ] GC(150) PSYoungGen: 322563K(326656K)->2079K(310272K) Eden: 321024K(321024K)->0K(307712K) From: 1539K(5632K)->2079K(2560K)
[84.714s][info][gc,heap        ] GC(150) ParOldGen: 451081K(451584K)->451105K(451584K)
[84.714s][info][gc,metaspace   ] GC(150) Metaspace: 56131K(56448K)->56131K(56448K) NonClass: 50504K(50752K)->50504K(50752K) Class: 5627K(5696K)->5627K(5696K)
[84.714s][info][gc             ] GC(150) Pause Young (Allocation Failure) 755M->442M(744M) 5.195ms
[84.714s][info][gc,cpu         ] GC(150) User=0.01s Sys=0.00s Real=0.00s
[85.473s][info][gc,start       ] GC(151) Pause Young (Allocation Failure)
[85.477s][info][gc,heap        ] GC(151) PSYoungGen: 309791K(310272K)->1599K(297472K) Eden: 307712K(307712K)->0K(295424K) From: 2079K(2560K)->1599K(2048K)
[85.478s][info][gc,heap        ] GC(151) ParOldGen: 451105K(451584K)->451129K(451584K)
[85.478s][info][gc,metaspace   ] GC(151) Metaspace: 56135K(56448K)->56135K(56448K) NonClass: 50507K(50752K)->50507K(50752K) Class: 5627K(5696K)->5627K(5696K)
[85.478s][info][gc             ] GC(151) Pause Young (Allocation Failure) 743M->442M(731M) 4.317ms
[85.478s][info][gc,cpu         ] GC(151) User=0.01s Sys=0.00s Real=0.01s
[86.172s][info][gc,start       ] GC(152) Pause Young (Allocation Failure)
[86.175s][info][gc,heap        ] GC(152) PSYoungGen: 297023K(297472K)->1247K(285184K) Eden: 295424K(295424K)->0K(283648K) From: 1599K(2048K)->1247K(1536K)
[86.175s][info][gc,heap        ] GC(152) ParOldGen: 451129K(451584K)->451153K(451584K)
[86.175s][info][gc,metaspace   ] GC(152) Metaspace: 56135K(56448K)->56135K(56448K) NonClass: 50507K(50752K)->50507K(50752K) Class: 5627K(5696K)->5627K(5696K)
[86.175s][info][gc             ] GC(152) Pause Young (Allocation Failure) 730M->441M(719M) 2.995ms
[86.175s][info][gc,cpu         ] GC(152) User=0.00s Sys=0.00s Real=0.00s
[86.813s][info][gc,start       ] GC(153) Pause Young (Allocation Failure)
[86.818s][info][gc,heap        ] GC(153) PSYoungGen: 284895K(285184K)->2782K(275456K) Eden: 283648K(283648K)->0K(272384K) From: 1247K(1536K)->2782K(3072K)
[86.819s][info][gc,heap        ] GC(153) ParOldGen: 451153K(451584K)->451177K(451584K)
[86.819s][info][gc,metaspace   ] GC(153) Metaspace: 56135K(56448K)->56135K(56448K) NonClass: 50507K(50752K)->50507K(50752K) Class: 5627K(5696K)->5627K(5696K)
[86.819s][info][gc             ] GC(153) Pause Young (Allocation Failure) 718M->443M(710M) 5.535ms
[86.819s][info][gc,cpu         ] GC(153) User=0.01s Sys=0.00s Real=0.01s
[87.478s][info][gc,start       ] GC(154) Pause Young (Allocation Failure)
[87.482s][info][gc,heap        ] GC(154) PSYoungGen: 275166K(275456K)->2303K(264192K) Eden: 272384K(272384K)->0K(261632K) From: 2782K(3072K)->2303K(2560K)
[87.482s][info][gc,heap        ] GC(154) ParOldGen: 451177K(451584K)->451201K(451584K)
[87.482s][info][gc,metaspace   ] GC(154) Metaspace: 56135K(56448K)->56135K(56448K) NonClass: 50507K(50752K)->50507K(50752K) Class: 5627K(5696K)->5627K(5696K)
[87.482s][info][gc             ] GC(154) Pause Young (Allocation Failure) 709M->442M(699M) 4.660ms
[87.482s][info][gc,cpu         ] GC(154) User=0.01s Sys=0.00s Real=0.00s
[88.085s][info][gc,start       ] GC(155) Pause Young (Allocation Failure)
[88.090s][info][gc,heap        ] GC(155) PSYoungGen: 263935K(264192K)->2303K(253952K) Eden: 261632K(261632K)->0K(251392K) From: 2303K(2560K)->2303K(2560K)
[88.090s][info][gc,heap        ] GC(155) ParOldGen: 451201K(451584K)->451225K(451584K)
[88.090s][info][gc,metaspace   ] GC(155) Metaspace: 56135K(56448K)->56135K(56448K) NonClass: 50507K(50752K)->50507K(50752K) Class: 5627K(5696K)->5627K(5696K)
[88.090s][info][gc             ] GC(155) Pause Young (Allocation Failure) 698M->442M(689M) 4.243ms
[88.090s][info][gc,cpu         ] GC(155) User=0.00s Sys=0.00s Real=0.01s
[88.678s][info][gc,start       ] GC(156) Pause Young (Allocation Failure)
[88.682s][info][gc,heap        ] GC(156) PSYoungGen: 253695K(253952K)->2431K(244224K) Eden: 251392K(251392K)->0K(241664K) From: 2303K(2560K)->2431K(2560K)
[88.682s][info][gc,heap        ] GC(156) ParOldGen: 451225K(451584K)->451249K(451584K)
[88.682s][info][gc,metaspace   ] GC(156) Metaspace: 56136K(56448K)->56136K(56448K) NonClass: 50508K(50752K)->50508K(50752K) Class: 5627K(5696K)->5627K(5696K)
[88.682s][info][gc             ] GC(156) Pause Young (Allocation Failure) 688M->443M(679M) 4.392ms
[88.682s][info][gc,cpu         ] GC(156) User=0.01s Sys=0.00s Real=0.00s
[89.271s][info][gc,start       ] GC(157) Pause Young (Allocation Failure)
[89.274s][info][gc,heap        ] GC(157) PSYoungGen: 244095K(244224K)->1247K(233984K) Eden: 241664K(241664K)->0K(232448K) From: 2431K(2560K)->1247K(1536K)
[89.274s][info][gc,heap        ] GC(157) ParOldGen: 451249K(451584K)->451273K(451584K)
[89.274s][info][gc,metaspace   ] GC(157) Metaspace: 56136K(56448K)->56136K(56448K) NonClass: 50508K(50752K)->50508K(50752K) Class: 5627K(5696K)->5627K(5696K)
[89.274s][info][gc             ] GC(157) Pause Young (Allocation Failure) 679M->441M(669M) 3.192ms
[89.274s][info][gc,cpu         ] GC(157) User=0.00s Sys=0.00s Real=0.00s
[89.799s][info][gc,start       ] GC(158) Pause Young (Allocation Failure)
[89.804s][info][gc,heap        ] GC(158) PSYoungGen: 233588K(233984K)->2752K(226816K) Eden: 232341K(232448K)->0K(223744K) From: 1247K(1536K)->2752K(3072K)
[89.804s][info][gc,heap        ] GC(158) ParOldGen: 451273K(451584K)->451297K(451584K)
[89.804s][info][gc,metaspace   ] GC(158) Metaspace: 56139K(56448K)->56139K(56448K) NonClass: 50511K(50752K)->50511K(50752K) Class: 5627K(5696K)->5627K(5696K)
[89.804s][info][gc             ] GC(158) Pause Young (Allocation Failure) 668M->443M(662M) 5.110ms
[89.804s][info][gc,cpu         ] GC(158) User=0.01s Sys=0.00s Real=0.00s
[90.366s][info][gc,start       ] GC(159) Pause Young (Allocation Failure)
[90.368s][info][gc,heap        ] GC(159) PSYoungGen: 226496K(226816K)->224K(216064K) Eden: 223744K(223744K)->0K(215552K) From: 2752K(3072K)->224K(512K)
[90.368s][info][gc,heap        ] GC(159) ParOldGen: 451297K(451584K)->451313K(451584K)
[90.368s][info][gc,metaspace   ] GC(159) Metaspace: 56139K(56448K)->56139K(56448K) NonClass: 50511K(50752K)->50511K(50752K) Class: 5627K(5696K)->5627K(5696K)
[90.368s][info][gc             ] GC(159) Pause Young (Allocation Failure) 661M->440M(652M) 2.322ms
[90.368s][info][gc,cpu         ] GC(159) User=0.00s Sys=0.00s Real=0.00s
[90.869s][info][gc,start       ] GC(160) Pause Young (Allocation Failure)
[90.871s][info][gc,heap        ] GC(160) PSYoungGen: 215776K(216064K)->893K(211968K) Eden: 215552K(215552K)->0K(207360K) From: 224K(512K)->893K(4608K)
[90.871s][info][gc,heap        ] GC(160) ParOldGen: 451313K(451584K)->451329K(451584K)
[90.871s][info][gc,metaspace   ] GC(160) Metaspace: 56139K(56448K)->56139K(56448K) NonClass: 50511K(50752K)->50511K(50752K) Class: 5627K(5696K)->5627K(5696K)
[90.871s][info][gc             ] GC(160) Pause Young (Allocation Failure) 651M->441M(648M) 2.585ms
[90.871s][info][gc,cpu         ] GC(160) User=0.01s Sys=0.00s Real=0.00s
[91.307s][info][gc,start       ] GC(161) Pause Young (Allocation Failure)
[91.311s][info][gc,heap        ] GC(161) PSYoungGen: 208027K(211968K)->1120K(201216K) Eden: 207134K(207360K)->0K(199680K) From: 893K(4608K)->1120K(1536K)
[91.311s][info][gc,heap        ] GC(161) ParOldGen: 451329K(451584K)->451353K(451584K)
[91.311s][info][gc,metaspace   ] GC(161) Metaspace: 56139K(56448K)->56139K(56448K) NonClass: 50511K(50752K)->50511K(50752K) Class: 5627K(5696K)->5627K(5696K)
[91.311s][info][gc             ] GC(161) Pause Young (Allocation Failure) 643M->441M(637M) 4.456ms
[91.311s][info][gc,cpu         ] GC(161) User=0.01s Sys=0.00s Real=0.00s
[91.790s][info][gc,start       ] GC(162) Pause Young (Allocation Failure)
[91.795s][info][gc,heap        ] GC(162) PSYoungGen: 200664K(201216K)->3423K(196096K) Eden: 199544K(199680K)->0K(192512K) From: 1120K(1536K)->3423K(3584K)
[91.795s][info][gc,heap        ] GC(162) ParOldGen: 451353K(451584K)->451377K(451584K)
[91.795s][info][gc,metaspace   ] GC(162) Metaspace: 56139K(56448K)->56139K(56448K) NonClass: 50511K(50752K)->50511K(50752K) Class: 5627K(5696K)->5627K(5696K)
[91.795s][info][gc             ] GC(162) Pause Young (Allocation Failure) 636M->444M(632M) 5.685ms
[91.795s][info][gc,cpu         ] GC(162) User=0.02s Sys=0.00s Real=0.00s
[92.271s][info][gc,start       ] GC(163) Pause Young (Allocation Failure)
[92.274s][info][gc,heap        ] GC(163) PSYoungGen: 195935K(196096K)->1272K(186880K) Eden: 192512K(192512K)->0K(185344K) From: 3423K(3584K)->1272K(1536K)
[92.274s][info][gc,heap        ] GC(163) ParOldGen: 451377K(451584K)->451393K(451584K)
[92.274s][info][gc,metaspace   ] GC(163) Metaspace: 56139K(56448K)->56139K(56448K) NonClass: 50511K(50752K)->50511K(50752K) Class: 5627K(5696K)->5627K(5696K)
[92.274s][info][gc             ] GC(163) Pause Young (Allocation Failure) 632M->442M(623M) 3.334ms
[92.274s][info][gc,cpu         ] GC(163) User=0.00s Sys=0.00s Real=0.00s
[92.686s][info][gc,start       ] GC(164) Pause Young (Allocation Failure)
[92.691s][info][gc,heap        ] GC(164) PSYoungGen: 186616K(186880K)->3071K(181760K) Eden: 185344K(185344K)->0K(178688K) From: 1272K(1536K)->3071K(3072K)
[92.691s][info][gc,heap        ] GC(164) ParOldGen: 451393K(451584K)->451417K(451584K)
[92.691s][info][gc,metaspace   ] GC(164) Metaspace: 56139K(56448K)->56139K(56448K) NonClass: 50511K(50752K)->50511K(50752K) Class: 5627K(5696K)->5627K(5696K)
[92.691s][info][gc             ] GC(164) Pause Young (Allocation Failure) 623M->443M(618M) 5.234ms
[92.691s][info][gc,cpu         ] GC(164) User=0.01s Sys=0.01s Real=0.00s
[93.100s][info][gc,start       ] GC(165) Pause Young (Allocation Failure)
[93.105s][info][gc,heap        ] GC(165) PSYoungGen: 181484K(181760K)->2431K(175104K) Eden: 178412K(178688K)->0K(172544K) From: 3071K(3072K)->2431K(2560K)
[93.105s][info][gc,heap        ] GC(165) ParOldGen: 451417K(451584K)->451433K(451584K)
[93.105s][info][gc,metaspace   ] GC(165) Metaspace: 56139K(56448K)->56139K(56448K) NonClass: 50511K(50752K)->50511K(50752K) Class: 5627K(5696K)->5627K(5696K)
[93.105s][info][gc             ] GC(165) Pause Young (Allocation Failure) 618M->443M(612M) 4.376ms
[93.105s][info][gc,cpu         ] GC(165) User=0.01s Sys=0.00s Real=0.00s
[93.501s][info][gc,start       ] GC(166) Pause Young (Allocation Failure)
[93.505s][info][gc,heap        ] GC(166) PSYoungGen: 174923K(175104K)->2240K(168960K) Eden: 172492K(172544K)->0K(166400K) From: 2431K(2560K)->2240K(2560K)
[93.505s][info][gc,heap        ] GC(166) ParOldGen: 451433K(451584K)->451449K(451584K)
[93.505s][info][gc,metaspace   ] GC(166) Metaspace: 56139K(56448K)->56139K(56448K) NonClass: 50511K(50752K)->50511K(50752K) Class: 5627K(5696K)->5627K(5696K)
[93.505s][info][gc             ] GC(166) Pause Young (Allocation Failure) 611M->443M(606M) 4.715ms
[93.505s][info][gc,cpu         ] GC(166) User=0.01s Sys=0.00s Real=0.00s
[93.897s][info][gc,start       ] GC(167) Pause Young (Allocation Failure)
[93.902s][info][gc,heap        ] GC(167) PSYoungGen: 168470K(168960K)->2880K(202752K) Eden: 166230K(166400K)->0K(199680K) From: 2240K(2560K)->2880K(3072K)
[93.902s][info][gc,heap        ] GC(167) ParOldGen: 451449K(451584K)->451473K(451584K)
[93.902s][info][gc,metaspace   ] GC(167) Metaspace: 56139K(56448K)->56139K(56448K) NonClass: 50511K(50752K)->50511K(50752K) Class: 5627K(5696K)->5627K(5696K)
[93.902s][info][gc             ] GC(167) Pause Young (Allocation Failure) 605M->443M(639M) 5.408ms
[93.902s][info][gc,cpu         ] GC(167) User=0.01s Sys=0.00s Real=0.00s
[94.377s][info][gc,start       ] GC(168) Pause Young (Allocation Failure)
[94.381s][info][gc,heap        ] GC(168) PSYoungGen: 202560K(202752K)->1920K(194560K) Eden: 199680K(199680K)->0K(192512K) From: 2880K(3072K)->1920K(2048K)
[94.381s][info][gc,heap        ] GC(168) ParOldGen: 451473K(451584K)->451489K(451584K)
[94.381s][info][gc,metaspace   ] GC(168) Metaspace: 56139K(56448K)->56139K(56448K) NonClass: 50511K(50752K)->50511K(50752K) Class: 5627K(5696K)->5627K(5696K)
[94.381s][info][gc             ] GC(168) Pause Young (Allocation Failure) 638M->442M(631M) 4.052ms
[94.381s][info][gc,cpu         ] GC(168) User=0.01s Sys=0.00s Real=0.00s
[94.939s][info][gc,start       ] GC(169) Pause Young (Allocation Failure)
[94.942s][info][gc,heap        ] GC(169) PSYoungGen: 194432K(194560K)->1503K(186880K) Eden: 192512K(192512K)->0K(185344K) From: 1920K(2048K)->1503K(1536K)
[94.942s][info][gc,heap        ] GC(169) ParOldGen: 451489K(451584K)->451505K(451584K)
[94.942s][info][gc,metaspace   ] GC(169) Metaspace: 56140K(56448K)->56140K(56448K) NonClass: 50512K(50752K)->50512K(50752K) Class: 5627K(5696K)->5627K(5696K)
[94.942s][info][gc             ] GC(169) Pause Young (Allocation Failure) 630M->442M(623M) 3.447ms
[94.942s][info][gc,cpu         ] GC(169) User=0.00s Sys=0.00s Real=0.00s
[95.275s][info][gc,start       ] GC(170) Pause Young (Allocation Failure)
[95.278s][info][gc,heap        ] GC(170) PSYoungGen: 186847K(186880K)->1804K(180736K) Eden: 185344K(185344K)->0K(178688K) From: 1503K(1536K)->1804K(2048K)
[95.278s][info][gc,heap        ] GC(170) ParOldGen: 451505K(451584K)->451521K(451584K)
[95.278s][info][gc,metaspace   ] GC(170) Metaspace: 56140K(56448K)->56140K(56448K) NonClass: 50512K(50752K)->50512K(50752K) Class: 5627K(5696K)->5627K(5696K)
[95.278s][info][gc             ] GC(170) Pause Young (Allocation Failure) 623M->442M(617M) 3.517ms
[95.278s][info][gc,cpu         ] GC(170) User=0.01s Sys=0.00s Real=0.01s
[95.686s][info][gc,start       ] GC(171) Pause Young (Allocation Failure)
[95.691s][info][gc,heap        ] GC(171) PSYoungGen: 180492K(180736K)->2751K(175616K) Eden: 178688K(178688K)->0K(172544K) From: 1804K(2048K)->2751K(3072K)
[95.691s][info][gc,heap        ] GC(171) ParOldGen: 451521K(451584K)->451537K(451584K)
[95.691s][info][gc,metaspace   ] GC(171) Metaspace: 56140K(56448K)->56140K(56448K) NonClass: 50512K(50752K)->50512K(50752K) Class: 5627K(5696K)->5627K(5696K)
[95.691s][info][gc             ] GC(171) Pause Young (Allocation Failure) 617M->443M(612M) 4.744ms
[95.691s][info][gc,cpu         ] GC(171) User=0.01s Sys=0.00s Real=0.00s
[96.083s][info][gc,start       ] GC(172) Pause Young (Allocation Failure)
[96.088s][info][gc,heap        ] GC(172) PSYoungGen: 175295K(175616K)->3071K(210432K) Eden: 172544K(172544K)->0K(207360K) From: 2751K(3072K)->3071K(3072K)
[96.088s][info][gc,heap        ] GC(172) ParOldGen: 451537K(451584K)->451553K(451584K)
[96.088s][info][gc,metaspace   ] GC(172) Metaspace: 56140K(56448K)->56140K(56448K) NonClass: 50512K(50752K)->50512K(50752K) Class: 5627K(5696K)->5627K(5696K)
[96.088s][info][gc             ] GC(172) Pause Young (Allocation Failure) 612M->443M(646M) 5.198ms
[96.088s][info][gc,cpu         ] GC(172) User=0.01s Sys=0.00s Real=0.01s
[96.582s][info][gc,start       ] GC(173) Pause Young (Allocation Failure)
[96.587s][info][gc,heap        ] GC(173) PSYoungGen: 210431K(210432K)->2495K(202240K) Eden: 207360K(207360K)->0K(199680K) From: 3071K(3072K)->2495K(2560K)
[96.587s][info][gc,heap        ] GC(173) ParOldGen: 451553K(451584K)->451569K(451584K)
[96.587s][info][gc,metaspace   ] GC(173) Metaspace: 56140K(56448K)->56140K(56448K) NonClass: 50512K(50752K)->50512K(50752K) Class: 5627K(5696K)->5627K(5696K)
[96.587s][info][gc             ] GC(173) Pause Young (Allocation Failure) 646M->443M(638M) 4.406ms
[96.587s][info][gc,cpu         ] GC(173) User=0.00s Sys=0.00s Real=0.01s
[97.071s][info][gc,start       ] GC(174) Pause Young (Allocation Failure)
[97.082s][info][gc,heap        ] GC(174) PSYoungGen: 202175K(202240K)->960K(240640K) Eden: 199680K(199680K)->0K(239616K) From: 2495K(2560K)->960K(1024K)
[97.083s][info][gc,heap        ] GC(174) ParOldGen: 451569K(451584K)->451585K(452096K)
[97.083s][info][gc,metaspace   ] GC(174) Metaspace: 56140K(56448K)->56140K(56448K) NonClass: 50512K(50752K)->50512K(50752K) Class: 5627K(5696K)->5627K(5696K)
[97.083s][info][gc             ] GC(174) Pause Young (Allocation Failure) 638M->441M(676M) 11.788ms
[97.083s][info][gc,cpu         ] GC(174) User=0.01s Sys=0.00s Real=0.01s
[97.600s][info][gc,start       ] GC(175) Pause Young (Allocation Failure)
[97.605s][info][gc,heap        ] GC(175) PSYoungGen: 240576K(240640K)->2559K(275456K) Eden: 239616K(239616K)->0K(270848K) From: 960K(1024K)->2559K(4608K)
[97.605s][info][gc,heap        ] GC(175) ParOldGen: 451585K(452096K)->451601K(452096K)
[97.605s][info][gc,metaspace   ] GC(175) Metaspace: 56140K(56448K)->56140K(56448K) NonClass: 50512K(50752K)->50512K(50752K) Class: 5627K(5696K)->5627K(5696K)
[97.605s][info][gc             ] GC(175) Pause Young (Allocation Failure) 675M->443M(710M) 4.895ms
[97.605s][info][gc,cpu         ] GC(175) User=0.00s Sys=0.00s Real=0.00s
[98.269s][info][gc,start       ] GC(176) Pause Young (Allocation Failure)
[98.272s][info][gc,heap        ] GC(176) PSYoungGen: 273407K(275456K)->863K(275456K) Eden: 270848K(270848K)->0K(270848K) From: 2559K(4608K)->863K(4608K)
[98.272s][info][gc,heap        ] GC(176) ParOldGen: 451601K(452096K)->451625K(452096K)
[98.272s][info][gc,metaspace   ] GC(176) Metaspace: 56140K(56448K)->56140K(56448K) NonClass: 50512K(50752K)->50512K(50752K) Class: 5627K(5696K)->5627K(5696K)
[98.272s][info][gc             ] GC(176) Pause Young (Allocation Failure) 708M->441M(710M) 2.966ms
[98.272s][info][gc,cpu         ] GC(176) User=0.01s Sys=0.00s Real=0.00s
[98.883s][info][gc,start       ] GC(177) Pause Young (Allocation Failure)
[98.889s][info][gc,heap        ] GC(177) PSYoungGen: 271711K(275456K)->2911K(263168K) Eden: 270848K(270848K)->0K(260096K) From: 863K(4608K)->2911K(3072K)
[98.889s][info][gc,heap        ] GC(177) ParOldGen: 451625K(452096K)->451649K(452096K)
[98.889s][info][gc,metaspace   ] GC(177) Metaspace: 56140K(56448K)->56140K(56448K) NonClass: 50512K(50752K)->50512K(50752K) Class: 5627K(5696K)->5627K(5696K)
[98.889s][info][gc             ] GC(177) Pause Young (Allocation Failure) 706M->443M(698M) 5.876ms
[98.889s][info][gc,cpu         ] GC(177) User=0.01s Sys=0.00s Real=0.01s
[99.493s][info][gc,start       ] GC(178) Pause Young (Allocation Failure)
[99.500s][info][gc,heap        ] GC(178) PSYoungGen: 263007K(263168K)->3135K(253440K) Eden: 260096K(260096K)->0K(249856K) From: 2911K(3072K)->3135K(3584K)
[99.500s][info][gc,heap        ] GC(178) ParOldGen: 451649K(452096K)->451673K(452096K)
[99.500s][info][gc,metaspace   ] GC(178) Metaspace: 56140K(56448K)->56140K(56448K) NonClass: 50512K(50752K)->50512K(50752K) Class: 5627K(5696K)->5627K(5696K)
[99.500s][info][gc             ] GC(178) Pause Young (Allocation Failure) 697M->444M(689M) 6.574ms
[99.500s][info][gc,cpu         ] GC(178) User=0.00s Sys=0.00s Real=0.01s
[100.085s][info][gc,start       ] GC(179) Pause Young (Allocation Failure)
[100.090s][info][gc,heap        ] GC(179) PSYoungGen: 252991K(253440K)->2656K(243200K) Eden: 249856K(249856K)->0K(240128K) From: 3135K(3584K)->2656K(3072K)
[100.090s][info][gc,heap        ] GC(179) ParOldGen: 451673K(452096K)->451697K(452096K)
[100.090s][info][gc,metaspace   ] GC(179) Metaspace: 56141K(56448K)->56141K(56448K) NonClass: 50513K(50752K)->50513K(50752K) Class: 5627K(5696K)->5627K(5696K)
[100.090s][info][gc             ] GC(179) Pause Young (Allocation Failure) 688M->443M(679M) 5.665ms
[100.090s][info][gc,cpu         ] GC(179) User=0.01s Sys=0.00s Real=0.01s
[100.677s][info][gc,start       ] GC(180) Pause Young (Allocation Failure)
[100.684s][info][gc,heap        ] GC(180) PSYoungGen: 242784K(243200K)->2752K(233984K) Eden: 240128K(240128K)->0K(230912K) From: 2656K(3072K)->2752K(3072K)
[100.684s][info][gc,heap        ] GC(180) ParOldGen: 451697K(452096K)->451721K(452096K)
[100.684s][info][gc,metaspace   ] GC(180) Metaspace: 56141K(56448K)->56141K(56448K) NonClass: 50513K(50752K)->50513K(50752K) Class: 5627K(5696K)->5627K(5696K)
[100.684s][info][gc             ] GC(180) Pause Young (Allocation Failure) 678M->443M(670M) 6.431ms
[100.684s][info][gc,cpu         ] GC(180) User=0.02s Sys=0.00s Real=0.00s
[101.211s][info][gc,start       ] GC(181) Pause Young (Allocation Failure)
[101.214s][info][gc,heap        ] GC(181) PSYoungGen: 233573K(233984K)->1312K(223744K) Eden: 230821K(230912K)->0K(222208K) From: 2752K(3072K)->1312K(1536K)
[101.214s][info][gc,heap        ] GC(181) ParOldGen: 451721K(452096K)->451745K(452096K)
[101.214s][info][gc,metaspace   ] GC(181) Metaspace: 56141K(56448K)->56141K(56448K) NonClass: 50513K(50752K)->50513K(50752K) Class: 5627K(5696K)->5627K(5696K)
[101.214s][info][gc             ] GC(181) Pause Young (Allocation Failure) 669M->442M(660M) 3.521ms
[101.214s][info][gc,cpu         ] GC(181) User=0.01s Sys=0.00s Real=0.00s
[101.766s][info][gc,start       ] GC(182) Pause Young (Allocation Failure)
[101.768s][info][gc,heap        ] GC(182) PSYoungGen: 223520K(223744K)->288K(214528K) Eden: 222208K(222208K)->0K(214016K) From: 1312K(1536K)->288K(512K)
[101.768s][info][gc,heap        ] GC(182) ParOldGen: 451745K(452096K)->451761K(452096K)
[101.768s][info][gc,metaspace   ] GC(182) Metaspace: 56141K(56448K)->56141K(56448K) NonClass: 50513K(50752K)->50513K(50752K) Class: 5627K(5696K)->5627K(5696K)
[101.768s][info][gc             ] GC(182) Pause Young (Allocation Failure) 659M->441M(651M) 2.276ms
[101.768s][info][gc,cpu         ] GC(182) User=0.01s Sys=0.00s Real=0.01s
[102.269s][info][gc,start       ] GC(183) Pause Young (Allocation Failure)
[102.272s][info][gc,heap        ] GC(183) PSYoungGen: 214304K(214528K)->776K(206848K) Eden: 214016K(214016K)->0K(205824K) From: 288K(512K)->776K(1024K)
[102.272s][info][gc,heap        ] GC(183) ParOldGen: 451761K(452096K)->451785K(452096K)
[102.272s][info][gc,metaspace   ] GC(183) Metaspace: 56141K(56448K)->56141K(56448K) NonClass: 50513K(50752K)->50513K(50752K) Class: 5627K(5696K)->5627K(5696K)
[102.272s][info][gc             ] GC(183) Pause Young (Allocation Failure) 650M->441M(643M) 3.196ms
[102.272s][info][gc,cpu         ] GC(183) User=0.00s Sys=0.00s Real=0.00s
[102.710s][info][gc,start       ] GC(184) Pause Young (Allocation Failure)
[102.713s][info][gc,heap        ] GC(184) PSYoungGen: 206600K(206848K)->1247K(199680K) Eden: 205824K(205824K)->0K(198144K) From: 776K(1024K)->1247K(1536K)
[102.713s][info][gc,heap        ] GC(184) ParOldGen: 451785K(452096K)->451801K(452096K)
[102.713s][info][gc,metaspace   ] GC(184) Metaspace: 56141K(56448K)->56141K(56448K) NonClass: 50513K(50752K)->50513K(50752K) Class: 5627K(5696K)->5627K(5696K)
[102.713s][info][gc             ] GC(184) Pause Young (Allocation Failure) 642M->442M(636M) 3.379ms
[102.713s][info][gc,cpu         ] GC(184) User=0.01s Sys=0.00s Real=0.00s
[103.208s][info][gc,start       ] GC(185) Pause Young (Allocation Failure)
[103.213s][info][gc,heap        ] GC(185) PSYoungGen: 199391K(199680K)->2143K(193536K) Eden: 198144K(198144K)->0K(190976K) From: 1247K(1536K)->2143K(2560K)
[103.213s][info][gc,heap        ] GC(185) ParOldGen: 451801K(452096K)->451817K(452096K)
[103.213s][info][gc,metaspace   ] GC(185) Metaspace: 56141K(56448K)->56141K(56448K) NonClass: 50513K(50752K)->50513K(50752K) Class: 5627K(5696K)->5627K(5696K)
[103.213s][info][gc             ] GC(185) Pause Young (Allocation Failure) 635M->443M(630M) 4.813ms
[103.213s][info][gc,cpu         ] GC(185) User=0.01s Sys=0.00s Real=0.00s
[103.668s][info][gc,start       ] GC(186) Pause Young (Allocation Failure)
[103.671s][info][gc,heap        ] GC(186) PSYoungGen: 193119K(193536K)->768K(185344K) Eden: 190976K(190976K)->0K(184320K) From: 2143K(2560K)->768K(1024K)
[103.671s][info][gc,heap        ] GC(186) ParOldGen: 451817K(452096K)->451833K(452096K)
[103.671s][info][gc,metaspace   ] GC(186) Metaspace: 56141K(56448K)->56141K(56448K) NonClass: 50513K(50752K)->50513K(50752K) Class: 5627K(5696K)->5627K(5696K)
[103.671s][info][gc             ] GC(186) Pause Young (Allocation Failure) 629M->441M(622M) 3.161ms
[103.671s][info][gc,cpu         ] GC(186) User=0.01s Sys=0.01s Real=0.00s
[104.087s][info][gc,start       ] GC(187) Pause Young (Allocation Failure)
[104.092s][info][gc,heap        ] GC(187) PSYoungGen: 185088K(185344K)->2336K(180224K) Eden: 184320K(184320K)->0K(177664K) From: 768K(1024K)->2336K(2560K)
[104.092s][info][gc,heap        ] GC(187) ParOldGen: 451833K(452096K)->451849K(452096K)
[104.092s][info][gc,metaspace   ] GC(187) Metaspace: 56141K(56448K)->56141K(56448K) NonClass: 50513K(50752K)->50513K(50752K) Class: 5627K(5696K)->5627K(5696K)
[104.092s][info][gc             ] GC(187) Pause Young (Allocation Failure) 621M->443M(617M) 5.374ms
[104.092s][info][gc,cpu         ] GC(187) User=0.01s Sys=0.00s Real=0.00s
[104.497s][info][gc,start       ] GC(188) Pause Young (Allocation Failure)
[104.503s][info][gc,heap        ] GC(188) PSYoungGen: 180000K(180224K)->3135K(217088K) Eden: 177664K(177664K)->0K(213504K) From: 2336K(2560K)->3135K(3584K)
[104.503s][info][gc,heap        ] GC(188) ParOldGen: 451849K(452096K)->451865K(452096K)
[104.503s][info][gc,metaspace   ] GC(188) Metaspace: 56141K(56448K)->56141K(56448K) NonClass: 50513K(50752K)->50513K(50752K) Class: 5627K(5696K)->5627K(5696K)
[104.503s][info][gc             ] GC(188) Pause Young (Allocation Failure) 617M->444M(653M) 6.731ms
[104.503s][info][gc,cpu         ] GC(188) User=0.01s Sys=0.00s Real=0.00s
[104.996s][info][gc,start       ] GC(189) Pause Young (Allocation Failure)
[105.001s][info][gc,heap        ] GC(189) PSYoungGen: 216639K(217088K)->2495K(259072K) Eden: 213504K(213504K)->0K(256512K) From: 3135K(3584K)->2495K(2560K)
[105.001s][info][gc,heap        ] GC(189) ParOldGen: 451865K(452096K)->451881K(452096K)
[105.001s][info][gc,metaspace   ] GC(189) Metaspace: 56141K(56448K)->56141K(56448K) NonClass: 50513K(50752K)->50513K(50752K) Class: 5627K(5696K)->5627K(5696K)
[105.001s][info][gc             ] GC(189) Pause Young (Allocation Failure) 652M->443M(694M) 5.035ms
[105.001s][info][gc,cpu         ] GC(189) User=0.01s Sys=0.00s Real=0.00s
[105.603s][info][gc,start       ] GC(190) Pause Young (Allocation Failure)
[105.609s][info][gc,heap        ] GC(190) PSYoungGen: 258843K(259072K)->2176K(249344K) Eden: 256347K(256512K)->0K(246784K) From: 2495K(2560K)->2176K(2560K)
[105.609s][info][gc,heap        ] GC(190) ParOldGen: 451881K(452096K)->451905K(452096K)
[105.609s][info][gc,metaspace   ] GC(190) Metaspace: 56141K(56448K)->56141K(56448K) NonClass: 50513K(50752K)->50513K(50752K) Class: 5627K(5696K)->5627K(5696K)
[105.609s][info][gc             ] GC(190) Pause Young (Allocation Failure) 694M->443M(685M) 5.615ms
[105.609s][info][gc,cpu         ] GC(190) User=0.01s Sys=0.01s Real=0.01s
[106.333s][info][gc,start       ] GC(191) Pause Young (Allocation Failure)
[106.354s][info][gc,heap        ] GC(191) PSYoungGen: 248740K(249344K)->3008K(299520K) Eden: 246564K(246784K)->0K(296448K) From: 2176K(2560K)->3008K(3072K)
[106.354s][info][gc,heap        ] GC(191) ParOldGen: 451905K(452096K)->451921K(452096K)
[106.354s][info][gc,metaspace   ] GC(191) Metaspace: 56141K(56448K)->56141K(56448K) NonClass: 50513K(50752K)->50513K(50752K) Class: 5627K(5696K)->5627K(5696K)
[106.354s][info][gc             ] GC(191) Pause Young (Allocation Failure) 684M->444M(734M) 20.337ms
[106.354s][info][gc,cpu         ] GC(191) User=0.02s Sys=0.00s Real=0.02s
[107.112s][info][gc,start       ] GC(192) Pause Young (Allocation Failure)
[107.122s][info][gc,heap        ] GC(192) PSYoungGen: 299456K(299520K)->2527K(304128K) Eden: 296448K(296448K)->0K(299520K) From: 3008K(3072K)->2527K(4608K)
[107.122s][info][gc,heap        ] GC(192) ParOldGen: 451921K(452096K)->451937K(452096K)
[107.122s][info][gc,metaspace   ] GC(192) Metaspace: 56141K(56448K)->56141K(56448K) NonClass: 50513K(50752K)->50513K(50752K) Class: 5627K(5696K)->5627K(5696K)
[107.122s][info][gc             ] GC(192) Pause Young (Allocation Failure) 733M->443M(738M) 10.734ms
[107.123s][info][gc,cpu         ] GC(192) User=0.00s Sys=0.00s Real=0.01s
[107.804s][info][gc,start       ] GC(193) Pause Young (Allocation Failure)
[107.809s][info][gc,heap        ] GC(193) PSYoungGen: 302047K(304128K)->1887K(328192K) Eden: 299520K(299520K)->0K(324608K) From: 2527K(4608K)->1887K(3584K)
[107.809s][info][gc,heap        ] GC(193) ParOldGen: 451937K(452096K)->451961K(452096K)
[107.809s][info][gc,metaspace   ] GC(193) Metaspace: 56141K(56448K)->56141K(56448K) NonClass: 50513K(50752K)->50513K(50752K) Class: 5627K(5696K)->5627K(5696K)
[107.809s][info][gc             ] GC(193) Pause Young (Allocation Failure) 736M->443M(762M) 5.135ms
[107.809s][info][gc,cpu         ] GC(193) User=0.01s Sys=0.00s Real=0.01s
[108.596s][info][gc,start       ] GC(194) Pause Young (Allocation Failure)
[108.601s][info][gc,heap        ] GC(194) PSYoungGen: 326495K(328192K)->2271K(328704K) Eden: 324608K(324608K)->0K(324608K) From: 1887K(3584K)->2271K(4096K)
[108.601s][info][gc,heap        ] GC(194) ParOldGen: 451961K(452096K)->451985K(452096K)
[108.601s][info][gc,metaspace   ] GC(194) Metaspace: 56141K(56448K)->56141K(56448K) NonClass: 50513K(50752K)->50513K(50752K) Class: 5627K(5696K)->5627K(5696K)
[108.601s][info][gc             ] GC(194) Pause Young (Allocation Failure) 760M->443M(762M) 5.058ms
[108.601s][info][gc,cpu         ] GC(194) User=0.01s Sys=0.00s Real=0.00s
[109.374s][info][gc,start       ] GC(195) Pause Young (Allocation Failure)
[109.377s][info][gc,heap        ] GC(195) PSYoungGen: 326879K(328704K)->576K(312320K) Eden: 324608K(324608K)->0K(311296K) From: 2271K(4096K)->576K(1024K)
[109.377s][info][gc,heap        ] GC(195) ParOldGen: 451985K(452096K)->452009K(452096K)
[109.377s][info][gc,metaspace   ] GC(195) Metaspace: 56142K(56448K)->56142K(56448K) NonClass: 50514K(50752K)->50514K(50752K) Class: 5627K(5696K)->5627K(5696K)
[109.377s][info][gc             ] GC(195) Pause Young (Allocation Failure) 760M->441M(746M) 2.681ms
[109.377s][info][gc,cpu         ] GC(195) User=0.01s Sys=0.00s Real=0.01s
[110.091s][info][gc,start       ] GC(196) Pause Young (Allocation Failure)
[110.098s][info][gc,heap        ] GC(196) PSYoungGen: 311872K(312320K)->3423K(302080K) Eden: 311296K(311296K)->0K(298496K) From: 576K(1024K)->3423K(3584K)
[110.098s][info][gc,heap        ] GC(196) ParOldGen: 452009K(452096K)->452033K(452096K)
[110.098s][info][gc,metaspace   ] GC(196) Metaspace: 56142K(56448K)->56142K(56448K) NonClass: 50514K(50752K)->50514K(50752K) Class: 5627K(5696K)->5627K(5696K)
[110.098s][info][gc             ] GC(196) Pause Young (Allocation Failure) 745M->444M(736M) 6.327ms
[110.098s][info][gc,cpu         ] GC(196) User=0.02s Sys=0.00s Real=0.01s
[110.844s][info][gc,start       ] GC(197) Pause Young (Allocation Failure)
[110.850s][info][gc,heap        ] GC(197) PSYoungGen: 301919K(302080K)->3199K(290304K) Eden: 298496K(298496K)->0K(286720K) From: 3423K(3584K)->3199K(3584K)
[110.850s][info][gc,heap        ] GC(197) ParOldGen: 452033K(452096K)->452057K(452096K)
[110.851s][info][gc,metaspace   ] GC(197) Metaspace: 56142K(56448K)->56142K(56448K) NonClass: 50514K(50752K)->50514K(50752K) Class: 5627K(5696K)->5627K(5696K)
[110.851s][info][gc             ] GC(197) Pause Young (Allocation Failure) 736M->444M(725M) 6.748ms
[110.851s][info][gc,cpu         ] GC(197) User=0.01s Sys=0.00s Real=0.01s
[111.486s][info][gc,start       ] GC(198) Pause Young (Allocation Failure)
[111.491s][info][gc,heap        ] GC(198) PSYoungGen: 289919K(290304K)->2592K(278528K) Eden: 286720K(286720K)->0K(275456K) From: 3199K(3584K)->2592K(3072K)
[111.491s][info][gc,heap        ] GC(198) ParOldGen: 452057K(452096K)->452081K(452096K)
[111.491s][info][gc,metaspace   ] GC(198) Metaspace: 56142K(56448K)->56142K(56448K) NonClass: 50514K(50752K)->50514K(50752K) Class: 5627K(5696K)->5627K(5696K)
[111.491s][info][gc             ] GC(198) Pause Young (Allocation Failure) 724M->444M(713M) 5.291ms
[111.491s][info][gc,cpu         ] GC(198) User=0.01s Sys=0.00s Real=0.00s
[112.117s][info][gc,start       ] GC(199) Pause Young (Allocation Failure)
[112.119s][info][gc,heap        ] GC(199) PSYoungGen: 278048K(278528K)->480K(265216K) Eden: 275456K(275456K)->0K(264704K) From: 2592K(3072K)->480K(512K)
[112.119s][info][gc,heap        ] GC(199) ParOldGen: 452081K(452096K)->452097K(452608K)
[112.119s][info][gc,metaspace   ] GC(199) Metaspace: 56142K(56448K)->56142K(56448K) NonClass: 50514K(50752K)->50514K(50752K) Class: 5627K(5696K)->5627K(5696K)
[112.119s][info][gc             ] GC(199) Pause Young (Allocation Failure) 713M->441M(701M) 2.725ms
[112.119s][info][gc,cpu         ] GC(199) User=0.01s Sys=0.00s Real=0.00s
[112.782s][info][gc,start       ] GC(200) Pause Young (Allocation Failure)
[112.786s][info][gc,heap        ] GC(200) PSYoungGen: 265184K(265216K)->1919K(259072K) Eden: 264704K(264704K)->0K(254464K) From: 480K(512K)->1919K(4608K)
[112.786s][info][gc,heap        ] GC(200) ParOldGen: 452097K(452608K)->452121K(452608K)
[112.786s][info][gc,metaspace   ] GC(200) Metaspace: 56142K(56448K)->56142K(56448K) NonClass: 50514K(50752K)->50514K(50752K) Class: 5627K(5696K)->5627K(5696K)
[112.786s][info][gc             ] GC(200) Pause Young (Allocation Failure) 700M->443M(695M) 3.759ms
[112.786s][info][gc,cpu         ] GC(200) User=0.01s Sys=0.00s Real=0.00s
[113.373s][info][gc,start       ] GC(201) Pause Young (Allocation Failure)
[113.376s][info][gc,heap        ] GC(201) PSYoungGen: 256383K(259072K)->1408K(246272K) Eden: 254464K(254464K)->0K(244736K) From: 1919K(4608K)->1408K(1536K)
[113.377s][info][gc,heap        ] GC(201) ParOldGen: 452121K(452608K)->452145K(452608K)
[113.377s][info][gc,metaspace   ] GC(201) Metaspace: 56142K(56448K)->56142K(56448K) NonClass: 50514K(50752K)->50514K(50752K) Class: 5627K(5696K)->5627K(5696K)
[113.377s][info][gc             ] GC(201) Pause Young (Allocation Failure) 691M->442M(682M) 3.769ms
[113.377s][info][gc,cpu         ] GC(201) User=0.01s Sys=0.00s Real=0.01s
[113.969s][info][gc,start       ] GC(202) Pause Young (Allocation Failure)
[113.972s][info][gc,heap        ] GC(202) PSYoungGen: 246095K(246272K)->800K(236544K) Eden: 244687K(244736K)->0K(235520K) From: 1408K(1536K)->800K(1024K)
[113.972s][info][gc,heap        ] GC(202) ParOldGen: 452145K(452608K)->452169K(452608K)
[113.972s][info][gc,metaspace   ] GC(202) Metaspace: 56142K(56448K)->56142K(56448K) NonClass: 50514K(50752K)->50514K(50752K) Class: 5627K(5696K)->5627K(5696K)
[113.972s][info][gc             ] GC(202) Pause Young (Allocation Failure) 681M->442M(673M) 2.909ms
[113.972s][info][gc,cpu         ] GC(202) User=0.00s Sys=0.00s Real=0.00s
[116.388s][info][gc,start       ] GC(203) Pause Young (Allocation Failure)
[116.459s][info][gc,heap        ] GC(203) PSYoungGen: 236320K(236544K)->1568K(284672K) Eden: 235520K(235520K)->0K(282624K) From: 800K(1024K)->1568K(2048K)
[116.459s][info][gc,heap        ] GC(203) ParOldGen: 452169K(452608K)->530310K(531456K)
[116.459s][info][gc,metaspace   ] GC(203) Metaspace: 56376K(56704K)->56376K(56704K) NonClass: 50749K(51008K)->50749K(51008K) Class: 5627K(5696K)->5627K(5696K)
[116.459s][info][gc             ] GC(203) Pause Young (Allocation Failure) 672M->519M(797M) 71.040ms
[116.459s][info][gc,cpu         ] GC(203) User=0.05s Sys=0.06s Real=0.07s
[117.383s][info][gc,start       ] GC(204) Pause Young (Allocation Failure)
[117.406s][info][gc,heap        ] GC(204) PSYoungGen: 284192K(284672K)->4090K(313344K) Eden: 282624K(282624K)->0K(309248K) From: 1568K(2048K)->4090K(4096K)
[117.406s][info][gc,heap        ] GC(204) ParOldGen: 530310K(531456K)->540876K(541184K)
[117.406s][info][gc,metaspace   ] GC(204) Metaspace: 56437K(56704K)->56437K(56704K) NonClass: 50809K(51008K)->50809K(51008K) Class: 5627K(5696K)->5627K(5696K)
[117.406s][info][gc             ] GC(204) Pause Young (Allocation Failure) 795M->532M(834M) 23.170ms
[117.406s][info][gc,cpu         ] GC(204) User=0.02s Sys=0.01s Real=0.02s
[118.104s][info][gc,start       ] GC(205) Pause Young (Allocation Failure)
[118.114s][info][gc,heap        ] GC(205) PSYoungGen: 313338K(313344K)->2782K(325632K) Eden: 309248K(309248K)->0K(316928K) From: 4090K(4096K)->2782K(8704K)
[118.114s][info][gc,heap        ] GC(205) ParOldGen: 540876K(541184K)->544967K(545280K)
[118.114s][info][gc,metaspace   ] GC(205) Metaspace: 56437K(56704K)->56437K(56704K) NonClass: 50809K(51008K)->50809K(51008K) Class: 5627K(5696K)->5627K(5696K)
[118.114s][info][gc             ] GC(205) Pause Young (Allocation Failure) 834M->534M(850M) 9.740ms
[118.114s][info][gc,cpu         ] GC(205) User=0.01s Sys=0.01s Real=0.01s
[118.880s][info][gc,start       ] GC(206) Pause Young (Allocation Failure)
[118.886s][info][gc,heap        ] GC(206) PSYoungGen: 319710K(325632K)->2368K(319488K) Eden: 316928K(316928K)->0K(316928K) From: 2782K(8704K)->2368K(2560K)
[118.886s][info][gc,heap        ] GC(206) ParOldGen: 544967K(545280K)->545399K(545792K)
[118.886s][info][gc,metaspace   ] GC(206) Metaspace: 56437K(56704K)->56437K(56704K) NonClass: 50809K(51008K)->50809K(51008K) Class: 5627K(5696K)->5627K(5696K)
[118.886s][info][gc             ] GC(206) Pause Young (Allocation Failure) 844M->534M(845M) 6.309ms
[118.886s][info][gc,cpu         ] GC(206) User=0.01s Sys=0.00s Real=0.01s
[119.608s][info][gc,start       ] GC(207) Pause Young (Allocation Failure)
[119.611s][info][gc,heap        ] GC(207) PSYoungGen: 319296K(319488K)->735K(324608K) Eden: 316928K(316928K)->0K(316928K) From: 2368K(2560K)->735K(7680K)
[119.611s][info][gc,heap        ] GC(207) ParOldGen: 545399K(545792K)->545415K(545792K)
[119.611s][info][gc,metaspace   ] GC(207) Metaspace: 56437K(56704K)->56437K(56704K) NonClass: 50809K(51008K)->50809K(51008K) Class: 5627K(5696K)->5627K(5696K)
[119.611s][info][gc             ] GC(207) Pause Young (Allocation Failure) 844M->533M(850M) 2.773ms
[119.611s][info][gc,cpu         ] GC(207) User=0.01s Sys=0.00s Real=0.00s
[120.433s][info][gc,start       ] GC(208) Pause Young (Allocation Failure)
[120.436s][info][gc,heap        ] GC(208) PSYoungGen: 317663K(324608K)->1343K(305664K) Eden: 316928K(316928K)->0K(304128K) From: 735K(7680K)->1343K(1536K)
[120.436s][info][gc,heap        ] GC(208) ParOldGen: 545415K(545792K)->545431K(545792K)
[120.436s][info][gc,metaspace   ] GC(208) Metaspace: 56437K(56704K)->56437K(56704K) NonClass: 50809K(51008K)->50809K(51008K) Class: 5627K(5696K)->5627K(5696K)
[120.436s][info][gc             ] GC(208) Pause Young (Allocation Failure) 842M->533M(831M) 3.631ms
[120.436s][info][gc,cpu         ] GC(208) User=0.01s Sys=0.00s Real=0.01s
[121.093s][info][gc,start       ] GC(209) Pause Young (Allocation Failure)
[121.099s][info][gc,heap        ] GC(209) PSYoungGen: 305471K(305664K)->2848K(294912K) Eden: 304128K(304128K)->0K(291840K) From: 1343K(1536K)->2848K(3072K)
[121.099s][info][gc,heap        ] GC(209) ParOldGen: 545431K(545792K)->545447K(545792K)
[121.099s][info][gc,metaspace   ] GC(209) Metaspace: 56437K(56704K)->56437K(56704K) NonClass: 50809K(51008K)->50809K(51008K) Class: 5627K(5696K)->5627K(5696K)
[121.099s][info][gc             ] GC(209) Pause Young (Allocation Failure) 830M->535M(821M) 6.215ms
[121.099s][info][gc,cpu         ] GC(209) User=0.01s Sys=0.00s Real=0.01s
[121.789s][info][gc,start       ] GC(210) Pause Young (Allocation Failure)
[121.796s][info][gc,heap        ] GC(210) PSYoungGen: 294688K(294912K)->3711K(284160K) Eden: 291840K(291840K)->0K(280064K) From: 2848K(3072K)->3711K(4096K)
[121.796s][info][gc,heap        ] GC(210) ParOldGen: 545447K(545792K)->545463K(545792K)
[121.796s][info][gc,metaspace   ] GC(210) Metaspace: 56437K(56704K)->56437K(56704K) NonClass: 50809K(51008K)->50809K(51008K) Class: 5627K(5696K)->5627K(5696K)
[121.796s][info][gc             ] GC(210) Pause Young (Allocation Failure) 820M->536M(810M) 6.352ms
[121.796s][info][gc,cpu         ] GC(210) User=0.01s Sys=0.00s Real=0.00s
[122.479s][info][gc,start       ] GC(211) Pause Young (Allocation Failure)
[122.484s][info][gc,heap        ] GC(211) PSYoungGen: 283775K(284160K)->2623K(271872K) Eden: 280064K(280064K)->0K(268800K) From: 3711K(4096K)->2623K(3072K)
[122.484s][info][gc,heap        ] GC(211) ParOldGen: 545463K(545792K)->545479K(545792K)
[122.484s][info][gc,metaspace   ] GC(211) Metaspace: 56437K(56704K)->56437K(56704K) NonClass: 50809K(51008K)->50809K(51008K) Class: 5627K(5696K)->5627K(5696K)
[122.484s][info][gc             ] GC(211) Pause Young (Allocation Failure) 809M->535M(798M) 5.080ms
[122.484s][info][gc,cpu         ] GC(211) User=0.01s Sys=0.00s Real=0.00s
[123.098s][info][gc,start       ] GC(212) Pause Young (Allocation Failure)
[123.103s][info][gc,heap        ] GC(212) PSYoungGen: 271423K(271872K)->2271K(260608K) Eden: 268800K(268800K)->0K(258048K) From: 2623K(3072K)->2271K(2560K)
[123.103s][info][gc,heap        ] GC(212) ParOldGen: 545479K(545792K)->545495K(545792K)
[123.103s][info][gc,metaspace   ] GC(212) Metaspace: 56437K(56704K)->56437K(56704K) NonClass: 50809K(51008K)->50809K(51008K) Class: 5627K(5696K)->5627K(5696K)
[123.103s][info][gc             ] GC(212) Pause Young (Allocation Failure) 797M->534M(787M) 4.613ms
[123.103s][info][gc,cpu         ] GC(212) User=0.01s Sys=0.01s Real=0.00s
[123.703s][info][gc,start       ] GC(213) Pause Young (Allocation Failure)
[123.707s][info][gc,heap        ] GC(213) PSYoungGen: 260319K(260608K)->1790K(249856K) Eden: 258048K(258048K)->0K(247808K) From: 2271K(2560K)->1790K(2048K)
[123.707s][info][gc,heap        ] GC(213) ParOldGen: 545495K(545792K)->545511K(545792K)
[123.707s][info][gc,metaspace   ] GC(213) Metaspace: 56438K(56704K)->56438K(56704K) NonClass: 50810K(51008K)->50810K(51008K) Class: 5627K(5696K)->5627K(5696K)
[123.707s][info][gc             ] GC(213) Pause Young (Allocation Failure) 786M->534M(777M) 3.703ms
[123.707s][info][gc,cpu         ] GC(213) User=0.00s Sys=0.01s Real=0.01s
[124.304s][info][gc,start       ] GC(214) Pause Young (Allocation Failure)
[124.309s][info][gc,heap        ] GC(214) PSYoungGen: 249598K(249856K)->2687K(241152K) Eden: 247808K(247808K)->0K(238080K) From: 1790K(2048K)->2687K(3072K)
[124.309s][info][gc,heap        ] GC(214) ParOldGen: 545511K(545792K)->545527K(545792K)
[124.309s][info][gc,metaspace   ] GC(214) Metaspace: 56438K(56704K)->56438K(56704K) NonClass: 50810K(51008K)->50810K(51008K) Class: 5627K(5696K)->5627K(5696K)
[124.309s][info][gc             ] GC(214) Pause Young (Allocation Failure) 776M->535M(768M) 5.008ms
[124.309s][info][gc,cpu         ] GC(214) User=0.01s Sys=0.00s Real=0.01s
[124.880s][info][gc,start       ] GC(215) Pause Young (Allocation Failure)
[124.885s][info][gc,heap        ] GC(215) PSYoungGen: 240767K(241152K)->2751K(231936K) Eden: 238080K(238080K)->0K(228864K) From: 2687K(3072K)->2751K(3072K)
[124.885s][info][gc,heap        ] GC(215) ParOldGen: 545527K(545792K)->545543K(545792K)
[124.885s][info][gc,metaspace   ] GC(215) Metaspace: 56438K(56704K)->56438K(56704K) NonClass: 50810K(51008K)->50810K(51008K) Class: 5627K(5696K)->5627K(5696K)
[124.885s][info][gc             ] GC(215) Pause Young (Allocation Failure) 767M->535M(759M) 4.951ms
[124.885s][info][gc,cpu         ] GC(215) User=0.00s Sys=0.00s Real=0.00s
[125.409s][info][gc,start       ] GC(216) Pause Young (Allocation Failure)
[125.413s][info][gc,heap        ] GC(216) PSYoungGen: 231460K(231936K)->1472K(221696K) Eden: 228708K(228864K)->0K(220160K) From: 2751K(3072K)->1472K(1536K)
[125.413s][info][gc,heap        ] GC(216) ParOldGen: 545543K(545792K)->545559K(545792K)
[125.413s][info][gc,metaspace   ] GC(216) Metaspace: 56438K(56704K)->56438K(56704K) NonClass: 50810K(51008K)->50810K(51008K) Class: 5627K(5696K)->5627K(5696K)
[125.413s][info][gc             ] GC(216) Pause Young (Allocation Failure) 758M->534M(749M) 3.848ms
[125.413s][info][gc,cpu         ] GC(216) User=0.01s Sys=0.00s Real=0.00s
[125.969s][info][gc,start       ] GC(217) Pause Young (Allocation Failure)
[125.972s][info][gc,heap        ] GC(217) PSYoungGen: 221632K(221696K)->544K(212992K) Eden: 220160K(220160K)->0K(211968K) From: 1472K(1536K)->544K(1024K)
[125.972s][info][gc,heap        ] GC(217) ParOldGen: 545559K(545792K)->545575K(545792K)
[125.972s][info][gc,metaspace   ] GC(217) Metaspace: 56438K(56704K)->56438K(56704K) NonClass: 50810K(51008K)->50810K(51008K) Class: 5627K(5696K)->5627K(5696K)
[125.972s][info][gc             ] GC(217) Pause Young (Allocation Failure) 749M->533M(741M) 2.970ms
[125.972s][info][gc,cpu         ] GC(217) User=0.00s Sys=0.00s Real=0.00s
[126.466s][info][gc,start       ] GC(218) Pause Young (Allocation Failure)
[126.469s][info][gc,heap        ] GC(218) PSYoungGen: 212512K(212992K)->767K(205312K) Eden: 211968K(211968K)->0K(204288K) From: 544K(1024K)->767K(1024K)
[126.469s][info][gc,heap        ] GC(218) ParOldGen: 545575K(545792K)->545591K(545792K)
[126.469s][info][gc,metaspace   ] GC(218) Metaspace: 56438K(56704K)->56438K(56704K) NonClass: 50810K(51008K)->50810K(51008K) Class: 5627K(5696K)->5627K(5696K)
[126.469s][info][gc             ] GC(218) Pause Young (Allocation Failure) 740M->533M(733M) 2.538ms
[126.469s][info][gc,cpu         ] GC(218) User=0.01s Sys=0.00s Real=0.00s
[126.907s][info][gc,start       ] GC(219) Pause Young (Allocation Failure)
[126.912s][info][gc,heap        ] GC(219) PSYoungGen: 204917K(205312K)->1472K(198144K) Eden: 204150K(204288K)->0K(196608K) From: 767K(1024K)->1472K(1536K)
[126.912s][info][gc,heap        ] GC(219) ParOldGen: 545591K(545792K)->545607K(545792K)
[126.912s][info][gc,metaspace   ] GC(219) Metaspace: 56442K(56704K)->56442K(56704K) NonClass: 50814K(51008K)->50814K(51008K) Class: 5627K(5696K)->5627K(5696K)
[126.912s][info][gc             ] GC(219) Pause Young (Allocation Failure) 732M->534M(726M) 4.215ms
[126.912s][info][gc,cpu         ] GC(219) User=0.01s Sys=0.00s Real=0.00s
[127.383s][info][gc,start       ] GC(220) Pause Young (Allocation Failure)
[127.388s][info][gc,heap        ] GC(220) PSYoungGen: 198080K(198144K)->2463K(192000K) Eden: 196608K(196608K)->0K(189440K) From: 1472K(1536K)->2463K(2560K)
[127.388s][info][gc,heap        ] GC(220) ParOldGen: 545607K(545792K)->545623K(545792K)
[127.388s][info][gc,metaspace   ] GC(220) Metaspace: 56447K(56704K)->56447K(56704K) NonClass: 50819K(51008K)->50819K(51008K) Class: 5627K(5696K)->5627K(5696K)
[127.388s][info][gc             ] GC(220) Pause Young (Allocation Failure) 726M->535M(720M) 4.612ms
[127.388s][info][gc,cpu         ] GC(220) User=0.01s Sys=0.00s Real=0.01s
[127.865s][info][gc,start       ] GC(221) Pause Young (Allocation Failure)
[127.868s][info][gc,heap        ] GC(221) PSYoungGen: 191903K(192000K)->272K(183296K) Eden: 189440K(189440K)->0K(182784K) From: 2463K(2560K)->272K(512K)
[127.868s][info][gc,heap        ] GC(221) ParOldGen: 545623K(545792K)->545639K(545792K)
[127.868s][info][gc,metaspace   ] GC(221) Metaspace: 56447K(56704K)->56447K(56704K) NonClass: 50819K(51008K)->50819K(51008K) Class: 5627K(5696K)->5627K(5696K)
[127.868s][info][gc             ] GC(221) Pause Young (Allocation Failure) 720M->533M(712M) 2.598ms
[127.868s][info][gc,cpu         ] GC(221) User=0.00s Sys=0.00s Real=0.01s
[128.278s][info][gc,start       ] GC(222) Pause Young (Allocation Failure)
[128.282s][info][gc,heap        ] GC(222) PSYoungGen: 183056K(183296K)->2399K(181248K) Eden: 182784K(182784K)->0K(176128K) From: 272K(512K)->2399K(5120K)
[128.282s][info][gc,heap        ] GC(222) ParOldGen: 545639K(545792K)->545655K(545792K)
[128.282s][info][gc,metaspace   ] GC(222) Metaspace: 56447K(56704K)->56447K(56704K) NonClass: 50819K(51008K)->50819K(51008K) Class: 5627K(5696K)->5627K(5696K)
[128.282s][info][gc             ] GC(222) Pause Young (Allocation Failure) 711M->535M(710M) 4.247ms
[128.282s][info][gc,cpu         ] GC(222) User=0.01s Sys=0.00s Real=0.00s
[128.689s][info][gc,start       ] GC(223) Pause Young (Allocation Failure)
[128.694s][info][gc,heap        ] GC(223) PSYoungGen: 178527K(181248K)->3104K(173568K) Eden: 176128K(176128K)->0K(169984K) From: 2399K(5120K)->3104K(3584K)
[128.694s][info][gc,heap        ] GC(223) ParOldGen: 545655K(545792K)->545671K(545792K)
[128.695s][info][gc,metaspace   ] GC(223) Metaspace: 56447K(56704K)->56447K(56704K) NonClass: 50819K(51008K)->50819K(51008K) Class: 5627K(5696K)->5627K(5696K)
[128.695s][info][gc             ] GC(223) Pause Young (Allocation Failure) 707M->535M(702M) 5.786ms
[128.695s][info][gc,cpu         ] GC(223) User=0.01s Sys=0.00s Real=0.00s
[129.089s][info][gc,start       ] GC(224) Pause Young (Allocation Failure)
[129.094s][info][gc,heap        ] GC(224) PSYoungGen: 173088K(173568K)->3167K(167936K) Eden: 169984K(169984K)->0K(164352K) From: 3104K(3584K)->3167K(3584K)
[129.094s][info][gc,heap        ] GC(224) ParOldGen: 545671K(545792K)->545687K(545792K)
[129.094s][info][gc,metaspace   ] GC(224) Metaspace: 56447K(56704K)->56447K(56704K) NonClass: 50820K(51008K)->50820K(51008K) Class: 5627K(5696K)->5627K(5696K)
[129.094s][info][gc             ] GC(224) Pause Young (Allocation Failure) 701M->535M(697M) 5.506ms
[129.094s][info][gc,cpu         ] GC(224) User=0.00s Sys=0.00s Real=0.00s
[129.482s][info][gc,start       ] GC(225) Pause Young (Allocation Failure)
[129.487s][info][gc,heap        ] GC(225) PSYoungGen: 167519K(167936K)->2336K(200192K) Eden: 164352K(164352K)->0K(197632K) From: 3167K(3584K)->2336K(2560K)
[129.487s][info][gc,heap        ] GC(225) ParOldGen: 545687K(545792K)->545703K(545792K)
[129.487s][info][gc,metaspace   ] GC(225) Metaspace: 56447K(56704K)->56447K(56704K) NonClass: 50820K(51008K)->50820K(51008K) Class: 5627K(5696K)->5627K(5696K)
[129.487s][info][gc             ] GC(225) Pause Young (Allocation Failure) 696M->535M(728M) 4.701ms
[129.487s][info][gc,cpu         ] GC(225) User=0.01s Sys=0.00s Real=0.01s
[129.975s][info][gc,start       ] GC(226) Pause Young (Allocation Failure)
[129.979s][info][gc,heap        ] GC(226) PSYoungGen: 199968K(200192K)->1695K(192512K) Eden: 197632K(197632K)->0K(190464K) From: 2336K(2560K)->1695K(2048K)
[129.979s][info][gc,heap        ] GC(226) ParOldGen: 545703K(545792K)->545719K(545792K)
[129.979s][info][gc,metaspace   ] GC(226) Metaspace: 56447K(56704K)->56447K(56704K) NonClass: 50820K(51008K)->50820K(51008K) Class: 5627K(5696K)->5627K(5696K)
[129.979s][info][gc             ] GC(226) Pause Young (Allocation Failure) 728M->534M(721M) 3.657ms
[129.979s][info][gc,cpu         ] GC(226) User=0.01s Sys=0.00s Real=0.01s
[130.392s][info][gc,start       ] GC(227) Pause Young (Allocation Failure)
[130.397s][info][gc,heap        ] GC(227) PSYoungGen: 192159K(192512K)->2496K(186368K) Eden: 190464K(190464K)->0K(183808K) From: 1695K(2048K)->2496K(2560K)
[130.397s][info][gc,heap        ] GC(227) ParOldGen: 545719K(545792K)->545735K(545792K)
[130.397s][info][gc,metaspace   ] GC(227) Metaspace: 56447K(56704K)->56447K(56704K) NonClass: 50820K(51008K)->50820K(51008K) Class: 5627K(5696K)->5627K(5696K)
[130.397s][info][gc             ] GC(227) Pause Young (Allocation Failure) 720M->535M(715M) 5.015ms
[130.397s][info][gc,cpu         ] GC(227) User=0.01s Sys=0.00s Real=0.01s
[130.867s][info][gc,start       ] GC(228) Pause Young (Allocation Failure)
[130.869s][info][gc,heap        ] GC(228) PSYoungGen: 186304K(186368K)->520K(178176K) Eden: 183808K(183808K)->0K(177152K) From: 2496K(2560K)->520K(1024K)
[130.869s][info][gc,heap        ] GC(228) ParOldGen: 545735K(545792K)->545751K(545792K)
[130.869s][info][gc,metaspace   ] GC(228) Metaspace: 56447K(56704K)->56447K(56704K) NonClass: 50820K(51008K)->50820K(51008K) Class: 5627K(5696K)->5627K(5696K)
[130.869s][info][gc             ] GC(228) Pause Young (Allocation Failure) 714M->533M(707M) 2.486ms
[130.869s][info][gc,cpu         ] GC(228) User=0.00s Sys=0.00s Real=0.00s
[131.275s][info][gc,start       ] GC(229) Pause Young (Allocation Failure)
[131.279s][info][gc,heap        ] GC(229) PSYoungGen: 177672K(178176K)->1688K(173056K) Eden: 177152K(177152K)->0K(171008K) From: 520K(1024K)->1688K(2048K)
[131.279s][info][gc,heap        ] GC(229) ParOldGen: 545751K(545792K)->545767K(545792K)
[131.279s][info][gc,metaspace   ] GC(229) Metaspace: 56447K(56704K)->56447K(56704K) NonClass: 50820K(51008K)->50820K(51008K) Class: 5627K(5696K)->5627K(5696K)
[131.279s][info][gc             ] GC(229) Pause Young (Allocation Failure) 706M->534M(702M) 3.720ms
[131.279s][info][gc,cpu         ] GC(229) User=0.01s Sys=0.00s Real=0.01s
[131.680s][info][gc,start       ] GC(230) Pause Young (Allocation Failure)
[131.684s][info][gc,heap        ] GC(230) PSYoungGen: 172696K(173056K)->2366K(167424K) Eden: 171008K(171008K)->0K(164864K) From: 1688K(2048K)->2366K(2560K)
[131.684s][info][gc,heap        ] GC(230) ParOldGen: 545767K(545792K)->545783K(545792K)
[131.684s][info][gc,metaspace   ] GC(230) Metaspace: 56447K(56704K)->56447K(56704K) NonClass: 50820K(51008K)->50820K(51008K) Class: 5627K(5696K)->5627K(5696K)
[131.684s][info][gc             ] GC(230) Pause Young (Allocation Failure) 701M->535M(696M) 4.027ms
[131.684s][info][gc,cpu         ] GC(230) User=0.01s Sys=0.00s Real=0.00s
[132.072s][info][gc,start       ] GC(231) Pause Young (Allocation Failure)
[132.075s][info][gc,heap        ] GC(231) PSYoungGen: 167230K(167424K)->1215K(160768K) Eden: 164864K(164864K)->0K(159232K) From: 2366K(2560K)->1215K(1536K)
[132.075s][info][gc,heap        ] GC(231) ParOldGen: 545783K(545792K)->545799K(546304K)
[132.075s][info][gc,metaspace   ] GC(231) Metaspace: 56447K(56704K)->56447K(56704K) NonClass: 50820K(51008K)->50820K(51008K) Class: 5627K(5696K)->5627K(5696K)
[132.075s][info][gc             ] GC(231) Pause Young (Allocation Failure) 696M->534M(690M) 3.065ms
[132.075s][info][gc,cpu         ] GC(231) User=0.01s Sys=0.00s Real=0.00s
[132.405s][info][gc,start       ] GC(232) Pause Young (Allocation Failure)
[132.408s][info][gc,heap        ] GC(232) PSYoungGen: 160162K(160768K)->608K(154624K) Eden: 158947K(159232K)->0K(153600K) From: 1215K(1536K)->608K(1024K)
[132.408s][info][gc,heap        ] GC(232) ParOldGen: 545799K(546304K)->545815K(546304K)
[132.408s][info][gc,metaspace   ] GC(232) Metaspace: 56447K(56704K)->56447K(56704K) NonClass: 50820K(51008K)->50820K(51008K) Class: 5627K(5696K)->5627K(5696K)
[132.408s][info][gc             ] GC(232) Pause Young (Allocation Failure) 689M->533M(684M) 2.641ms
[132.408s][info][gc,cpu         ] GC(232) User=0.00s Sys=0.00s Real=0.01s
[132.786s][info][gc,start       ] GC(233) Pause Young (Allocation Failure)
[132.792s][info][gc,heap        ] GC(233) PSYoungGen: 154208K(154624K)->2880K(151552K) Eden: 153600K(153600K)->0K(148480K) From: 608K(1024K)->2880K(3072K)
[132.792s][info][gc,heap        ] GC(233) ParOldGen: 545815K(546304K)->545831K(546304K)
[132.792s][info][gc,metaspace   ] GC(233) Metaspace: 56447K(56704K)->56447K(56704K) NonClass: 50820K(51008K)->50820K(51008K) Class: 5627K(5696K)->5627K(5696K)
[132.792s][info][gc             ] GC(233) Pause Young (Allocation Failure) 683M->535M(681M) 5.361ms
[132.792s][info][gc,cpu         ] GC(233) User=0.01s Sys=0.00s Real=0.00s
[133.172s][info][gc,start       ] GC(234) Pause Young (Allocation Failure)
[133.175s][info][gc,heap        ] GC(234) PSYoungGen: 151360K(151552K)->1651K(145408K) Eden: 148480K(148480K)->0K(143360K) From: 2880K(3072K)->1651K(2048K)
[133.175s][info][gc,heap        ] GC(234) ParOldGen: 545831K(546304K)->545847K(546304K)
[133.175s][info][gc,metaspace   ] GC(234) Metaspace: 56447K(56704K)->56447K(56704K) NonClass: 50820K(51008K)->50820K(51008K) Class: 5627K(5696K)->5627K(5696K)
[133.175s][info][gc             ] GC(234) Pause Young (Allocation Failure) 680M->534M(675M) 3.507ms
[133.175s][info][gc,cpu         ] GC(234) User=0.01s Sys=0.00s Real=0.00s
[133.491s][info][gc,start       ] GC(235) Pause Young (Allocation Failure)
[133.496s][info][gc,heap        ] GC(235) PSYoungGen: 145011K(145408K)->2751K(175104K) Eden: 143360K(143360K)->0K(172032K) From: 1651K(2048K)->2751K(3072K)
[133.496s][info][gc,heap        ] GC(235) ParOldGen: 545847K(546304K)->546183K(546304K)
[133.496s][info][gc,metaspace   ] GC(235) Metaspace: 56447K(56704K)->56447K(56704K) NonClass: 50820K(51008K)->50820K(51008K) Class: 5627K(5696K)->5627K(5696K)
[133.496s][info][gc             ] GC(235) Pause Young (Allocation Failure) 674M->536M(704M) 5.116ms
[133.496s][info][gc,cpu         ] GC(235) User=0.01s Sys=0.00s Real=0.01s
[133.888s][info][gc,start       ] GC(236) Pause Young (Allocation Failure)
[133.893s][info][gc,heap        ] GC(236) PSYoungGen: 174482K(175104K)->2720K(209920K) Eden: 171731K(172032K)->0K(206848K) From: 2751K(3072K)->2720K(3072K)
[133.893s][info][gc,heap        ] GC(236) ParOldGen: 546183K(546304K)->546199K(546304K)
[133.893s][info][gc,metaspace   ] GC(236) Metaspace: 56447K(56704K)->56447K(56704K) NonClass: 50820K(51008K)->50820K(51008K) Class: 5627K(5696K)->5627K(5696K)
[133.893s][info][gc             ] GC(236) Pause Young (Allocation Failure) 703M->536M(738M) 5.375ms
[133.893s][info][gc,cpu         ] GC(236) User=0.01s Sys=0.01s Real=0.00s
[134.386s][info][gc,start       ] GC(237) Pause Young (Allocation Failure)
[134.390s][info][gc,heap        ] GC(237) PSYoungGen: 209568K(209920K)->2687K(251904K) Eden: 206848K(206848K)->0K(248320K) From: 2720K(3072K)->2687K(3584K)
[134.390s][info][gc,heap        ] GC(237) ParOldGen: 546199K(546304K)->546215K(546304K)
[134.390s][info][gc,metaspace   ] GC(237) Metaspace: 56447K(56704K)->56447K(56704K) NonClass: 50820K(51008K)->50820K(51008K) Class: 5627K(5696K)->5627K(5696K)
[134.390s][info][gc             ] GC(237) Pause Young (Allocation Failure) 738M->536M(779M) 4.660ms
[134.390s][info][gc,cpu         ] GC(237) User=0.01s Sys=0.00s Real=0.01s
[134.980s][info][gc,start       ] GC(238) Pause Young (Allocation Failure)
[134.985s][info][gc,heap        ] GC(238) PSYoungGen: 251007K(251904K)->2239K(241152K) Eden: 248320K(248320K)->0K(238592K) From: 2687K(3584K)->2239K(2560K)
[134.985s][info][gc,heap        ] GC(238) ParOldGen: 546215K(546304K)->546231K(546304K)
[134.985s][info][gc,metaspace   ] GC(238) Metaspace: 56447K(56704K)->56447K(56704K) NonClass: 50820K(51008K)->50820K(51008K) Class: 5627K(5696K)->5627K(5696K)
[134.985s][info][gc             ] GC(238) Pause Young (Allocation Failure) 778M->535M(769M) 4.395ms
[134.985s][info][gc,cpu         ] GC(238) User=0.01s Sys=0.00s Real=0.00s
[135.514s][info][gc,start       ] GC(239) Pause Young (Allocation Failure)
[135.517s][info][gc,heap        ] GC(239) PSYoungGen: 240831K(241152K)->1246K(230912K) Eden: 238592K(238592K)->0K(229376K) From: 2239K(2560K)->1246K(1536K)
[135.517s][info][gc,heap        ] GC(239) ParOldGen: 546231K(546304K)->546247K(546304K)
[135.517s][info][gc,metaspace   ] GC(239) Metaspace: 56447K(56704K)->56447K(56704K) NonClass: 50820K(51008K)->50820K(51008K) Class: 5627K(5696K)->5627K(5696K)
[135.517s][info][gc             ] GC(239) Pause Young (Allocation Failure) 768M->534M(759M) 2.835ms
[135.517s][info][gc,cpu         ] GC(239) User=0.00s Sys=0.00s Real=0.01s
[136.184s][info][gc,start       ] GC(240) Pause Young (Allocation Failure)
[136.188s][info][gc,heap        ] GC(240) PSYoungGen: 230622K(230912K)->2239K(223232K) Eden: 229376K(229376K)->0K(220672K) From: 1246K(1536K)->2239K(2560K)
[136.188s][info][gc,heap        ] GC(240) ParOldGen: 546247K(546304K)->546263K(546304K)
[136.188s][info][gc,metaspace   ] GC(240) Metaspace: 56447K(56704K)->56447K(56704K) NonClass: 50820K(51008K)->50820K(51008K) Class: 5627K(5696K)->5627K(5696K)
[136.188s][info][gc             ] GC(240) Pause Young (Allocation Failure) 758M->535M(751M) 4.219ms
[136.188s][info][gc,cpu         ] GC(240) User=0.00s Sys=0.00s Real=0.01s
[136.689s][info][gc,start       ] GC(241) Pause Young (Allocation Failure)
[136.693s][info][gc,heap        ] GC(241) PSYoungGen: 222911K(223232K)->2495K(215040K) Eden: 220672K(220672K)->0K(212480K) From: 2239K(2560K)->2495K(2560K)
[136.693s][info][gc,heap        ] GC(241) ParOldGen: 546263K(546304K)->546279K(546304K)
[136.693s][info][gc,metaspace   ] GC(241) Metaspace: 56447K(56704K)->56447K(56704K) NonClass: 50820K(51008K)->50820K(51008K) Class: 5627K(5696K)->5627K(5696K)
[136.693s][info][gc             ] GC(241) Pause Young (Allocation Failure) 751M->535M(743M) 4.593ms
[136.693s][info][gc,cpu         ] GC(241) User=0.01s Sys=0.00s Real=0.00s
[137.193s][info][gc,start       ] GC(242) Pause Young (Allocation Failure)
[137.198s][info][gc,heap        ] GC(242) PSYoungGen: 214975K(215040K)->3423K(208384K) Eden: 212480K(212480K)->0K(204800K) From: 2495K(2560K)->3423K(3584K)
[137.198s][info][gc,heap        ] GC(242) ParOldGen: 546279K(546304K)->546295K(546304K)
[137.198s][info][gc,metaspace   ] GC(242) Metaspace: 56447K(56704K)->56447K(56704K) NonClass: 50820K(51008K)->50820K(51008K) Class: 5627K(5696K)->5627K(5696K)
[137.198s][info][gc             ] GC(242) Pause Young (Allocation Failure) 743M->536M(737M) 5.815ms
[137.198s][info][gc,cpu         ] GC(242) User=0.01s Sys=0.00s Real=0.01s
[137.684s][info][gc,start       ] GC(243) Pause Young (Allocation Failure)
[137.690s][info][gc,heap        ] GC(243) PSYoungGen: 208223K(208384K)->2560K(199680K) Eden: 204800K(204800K)->0K(197120K) From: 3423K(3584K)->2560K(2560K)
[137.690s][info][gc,heap        ] GC(243) ParOldGen: 546295K(546304K)->547094K(547328K)
[137.690s][info][gc,metaspace   ] GC(243) Metaspace: 56447K(56704K)->56447K(56704K) NonClass: 50820K(51008K)->50820K(51008K) Class: 5627K(5696K)->5627K(5696K)
[137.690s][info][gc             ] GC(243) Pause Young (Allocation Failure) 736M->536M(729M) 5.680ms
[137.690s][info][gc,cpu         ] GC(243) User=0.01s Sys=0.00s Real=0.01s
[138.185s][info][gc,start       ] GC(244) Pause Young (Allocation Failure)
[138.201s][info][gc,heap        ] GC(244) PSYoungGen: 199680K(199680K)->2096K(239104K) Eden: 197120K(197120K)->0K(236544K) From: 2560K(2560K)->2096K(2560K)
[138.202s][info][gc,heap        ] GC(244) ParOldGen: 547094K(547328K)->547702K(547840K)
[138.202s][info][gc,metaspace   ] GC(244) Metaspace: 56447K(56704K)->56447K(56704K) NonClass: 50820K(51008K)->50820K(51008K) Class: 5627K(5696K)->5627K(5696K)
[138.202s][info][gc             ] GC(244) Pause Young (Allocation Failure) 729M->536M(768M) 16.602ms
[138.202s][info][gc,cpu         ] GC(244) User=0.01s Sys=0.00s Real=0.02s
[138.704s][info][gc,start       ] GC(245) Pause Young (Allocation Failure)
[138.708s][info][gc,heap        ] GC(245) PSYoungGen: 238640K(239104K)->1471K(241152K) Eden: 236544K(236544K)->0K(236544K) From: 2096K(2560K)->1471K(4608K)
[138.708s][info][gc,heap        ] GC(245) ParOldGen: 547702K(547840K)->547790K(547840K)
[138.708s][info][gc,metaspace   ] GC(245) Metaspace: 56447K(56704K)->56447K(56704K) NonClass: 50820K(51008K)->50820K(51008K) Class: 5627K(5696K)->5627K(5696K)
[138.708s][info][gc             ] GC(245) Pause Young (Allocation Failure) 767M->536M(770M) 3.896ms
[138.708s][info][gc,cpu         ] GC(245) User=0.01s Sys=0.00s Real=0.01s
[139.341s][info][gc,start       ] GC(246) Pause Young (Allocation Failure)
[139.346s][info][gc,heap        ] GC(246) PSYoungGen: 238015K(241152K)->2783K(241152K) Eden: 236544K(236544K)->0K(236544K) From: 1471K(4608K)->2783K(4608K)
[139.346s][info][gc,heap        ] GC(246) ParOldGen: 547790K(547840K)->547806K(547840K)
[139.346s][info][gc,metaspace   ] GC(246) Metaspace: 56447K(56704K)->56447K(56704K) NonClass: 50820K(51008K)->50820K(51008K) Class: 5627K(5696K)->5627K(5696K)
[139.346s][info][gc             ] GC(246) Pause Young (Allocation Failure) 767M->537M(770M) 4.961ms
[139.346s][info][gc,cpu         ] GC(246) User=0.00s Sys=0.00s Real=0.01s
[139.870s][info][gc,start       ] GC(247) Pause Young (Allocation Failure)
[139.874s][info][gc,heap        ] GC(247) PSYoungGen: 239327K(241152K)->927K(288768K) Eden: 236544K(236544K)->0K(284160K) From: 2783K(4608K)->927K(4608K)
[139.874s][info][gc,heap        ] GC(247) ParOldGen: 547806K(547840K)->547822K(547840K)
[139.874s][info][gc,metaspace   ] GC(247) Metaspace: 56447K(56704K)->56447K(56704K) NonClass: 50820K(51008K)->50820K(51008K) Class: 5627K(5696K)->5627K(5696K)
[139.874s][info][gc             ] GC(247) Pause Young (Allocation Failure) 768M->535M(817M) 3.308ms
[139.874s][info][gc,cpu         ] GC(247) User=0.00s Sys=0.01s Real=0.00s
[140.529s][info][gc,start       ] GC(248) Pause Young (Allocation Failure)
[140.537s][info][gc,heap        ] GC(248) PSYoungGen: 284991K(288768K)->1856K(288768K) Eden: 284063K(284160K)->0K(284160K) From: 927K(4608K)->1856K(4608K)
[140.537s][info][gc,heap        ] GC(248) ParOldGen: 547822K(547840K)->547838K(547840K)
[140.537s][info][gc,metaspace   ] GC(248) Metaspace: 56447K(56704K)->56447K(56704K) NonClass: 50820K(51008K)->50820K(51008K) Class: 5627K(5696K)->5627K(5696K)
[140.537s][info][gc             ] GC(248) Pause Young (Allocation Failure) 813M->536M(817M) 7.270ms
[140.537s][info][gc,cpu         ] GC(248) User=0.01s Sys=0.00s Real=0.01s
[141.192s][info][gc,start       ] GC(249) Pause Young (Allocation Failure)
[141.197s][info][gc,heap        ] GC(249) PSYoungGen: 286016K(288768K)->1984K(274944K) Eden: 284160K(284160K)->0K(272896K) From: 1856K(4608K)->1984K(2048K)
[141.197s][info][gc,heap        ] GC(249) ParOldGen: 547838K(547840K)->547854K(548352K)
[141.197s][info][gc,metaspace   ] GC(249) Metaspace: 56447K(56704K)->56447K(56704K) NonClass: 50820K(51008K)->50820K(51008K) Class: 5627K(5696K)->5627K(5696K)
[141.197s][info][gc             ] GC(249) Pause Young (Allocation Failure) 814M->536M(804M) 5.155ms
[141.197s][info][gc,cpu         ] GC(249) User=0.01s Sys=0.01s Real=0.01s
[141.812s][info][gc,start       ] GC(250) Pause Young (Allocation Failure)
[141.815s][info][gc,heap        ] GC(250) PSYoungGen: 274612K(274944K)->448K(262656K) Eden: 272628K(272896K)->0K(262144K) From: 1984K(2048K)->448K(512K)
[141.815s][info][gc,heap        ] GC(250) ParOldGen: 547854K(548352K)->547870K(548352K)
[141.815s][info][gc,metaspace   ] GC(250) Metaspace: 56447K(56704K)->56447K(56704K) NonClass: 50820K(51008K)->50820K(51008K) Class: 5627K(5696K)->5627K(5696K)
[141.815s][info][gc             ] GC(250) Pause Young (Allocation Failure) 803M->535M(792M) 3.024ms
[141.815s][info][gc,cpu         ] GC(250) User=0.01s Sys=0.00s Real=0.00s
[142.474s][info][gc,start       ] GC(251) Pause Young (Allocation Failure)
[142.479s][info][gc,heap        ] GC(251) PSYoungGen: 262592K(262656K)->2206K(254464K) Eden: 262144K(262144K)->0K(251904K) From: 448K(512K)->2206K(2560K)
[142.479s][info][gc,heap        ] GC(251) ParOldGen: 547870K(548352K)->547886K(548352K)
[142.479s][info][gc,metaspace   ] GC(251) Metaspace: 56447K(56704K)->56447K(56704K) NonClass: 50820K(51008K)->50820K(51008K) Class: 5627K(5696K)->5627K(5696K)
[142.479s][info][gc             ] GC(251) Pause Young (Allocation Failure) 791M->537M(784M) 4.921ms
[142.479s][info][gc,cpu         ] GC(251) User=0.01s Sys=0.01s Real=0.01s
[143.073s][info][gc,start       ] GC(252) Pause Young (Allocation Failure)
[143.077s][info][gc,heap        ] GC(252) PSYoungGen: 254110K(254464K)->1254K(243712K) Eden: 251904K(251904K)->0K(242176K) From: 2206K(2560K)->1254K(1536K)
[143.077s][info][gc,heap        ] GC(252) ParOldGen: 547886K(548352K)->547902K(548352K)
[143.077s][info][gc,metaspace   ] GC(252) Metaspace: 56447K(56704K)->56447K(56704K) NonClass: 50820K(51008K)->50820K(51008K) Class: 5627K(5696K)->5627K(5696K)
[143.077s][info][gc             ] GC(252) Pause Young (Allocation Failure) 783M->536M(773M) 4.102ms
[143.077s][info][gc,cpu         ] GC(252) User=0.01s Sys=0.00s Real=0.01s
[143.615s][info][gc,start       ] GC(253) Pause Young (Allocation Failure)
[143.618s][info][gc,heap        ] GC(253) PSYoungGen: 243430K(243712K)->863K(233984K) Eden: 242176K(242176K)->0K(232960K) From: 1254K(1536K)->863K(1024K)
[143.618s][info][gc,heap        ] GC(253) ParOldGen: 547902K(548352K)->547918K(548352K)
[143.618s][info][gc,metaspace   ] GC(253) Metaspace: 56447K(56704K)->56447K(56704K) NonClass: 50820K(51008K)->50820K(51008K) Class: 5627K(5696K)->5627K(5696K)
[143.618s][info][gc             ] GC(253) Pause Young (Allocation Failure) 772M->535M(764M) 3.154ms
[143.618s][info][gc,cpu         ] GC(253) User=0.01s Sys=0.00s Real=0.01s
[144.186s][info][gc,start       ] GC(254) Pause Young (Allocation Failure)
[144.191s][info][gc,heap        ] GC(254) PSYoungGen: 233823K(233984K)->2080K(226816K) Eden: 232960K(232960K)->0K(224256K) From: 863K(1024K)->2080K(2560K)
[144.191s][info][gc,heap        ] GC(254) ParOldGen: 547918K(548352K)->547934K(548352K)
[144.191s][info][gc,metaspace   ] GC(254) Metaspace: 56447K(56704K)->56447K(56704K) NonClass: 50820K(51008K)->50820K(51008K) Class: 5627K(5696K)->5627K(5696K)
[144.191s][info][gc             ] GC(254) Pause Young (Allocation Failure) 763M->537M(757M) 5.360ms
[144.191s][info][gc,cpu         ] GC(254) User=0.01s Sys=0.00s Real=0.01s
[144.708s][info][gc,start       ] GC(255) Pause Young (Allocation Failure)
[144.712s][info][gc,heap        ] GC(255) PSYoungGen: 226256K(226816K)->1472K(217600K) Eden: 224176K(224256K)->0K(216064K) From: 2080K(2560K)->1472K(1536K)
[144.712s][info][gc,heap        ] GC(255) ParOldGen: 547934K(548352K)->547950K(548352K)
[144.712s][info][gc,metaspace   ] GC(255) Metaspace: 56447K(56704K)->56447K(56704K) NonClass: 50820K(51008K)->50820K(51008K) Class: 5627K(5696K)->5627K(5696K)
[144.712s][info][gc             ] GC(255) Pause Young (Allocation Failure) 756M->536M(748M) 4.362ms
[144.712s][info][gc,cpu         ] GC(255) User=0.00s Sys=0.00s Real=0.00s
[145.268s][info][gc,start       ] GC(256) Pause Young (Allocation Failure)
[145.271s][info][gc,heap        ] GC(256) PSYoungGen: 217536K(217600K)->704K(208896K) Eden: 216064K(216064K)->0K(207872K) From: 1472K(1536K)->704K(1024K)
[145.271s][info][gc,heap        ] GC(256) ParOldGen: 547950K(548352K)->547966K(548352K)
[145.271s][info][gc,metaspace   ] GC(256) Metaspace: 56448K(56704K)->56448K(56704K) NonClass: 50820K(51008K)->50820K(51008K) Class: 5627K(5696K)->5627K(5696K)
[145.271s][info][gc             ] GC(256) Pause Young (Allocation Failure) 747M->535M(739M) 3.161ms
[145.271s][info][gc,cpu         ] GC(256) User=0.01s Sys=0.00s Real=0.00s
[145.709s][info][gc,start       ] GC(257) Pause Young (Allocation Failure)
[145.712s][info][gc,heap        ] GC(257) PSYoungGen: 208576K(208896K)->735K(201216K) Eden: 207872K(207872K)->0K(200192K) From: 704K(1024K)->735K(1024K)
[145.712s][info][gc,heap        ] GC(257) ParOldGen: 547966K(548352K)->547982K(548352K)
[145.712s][info][gc,metaspace   ] GC(257) Metaspace: 56448K(56704K)->56448K(56704K) NonClass: 50820K(51008K)->50820K(51008K) Class: 5627K(5696K)->5627K(5696K)
[145.712s][info][gc             ] GC(257) Pause Young (Allocation Failure) 738M->535M(732M) 2.665ms
[145.712s][info][gc,cpu         ] GC(257) User=0.01s Sys=0.00s Real=0.00s
[146.256s][info][gc,start       ] GC(258) Pause Young (Allocation Failure)
[146.261s][info][gc,heap        ] GC(258) PSYoungGen: 200927K(201216K)->2238K(195584K) Eden: 200192K(200192K)->0K(193024K) From: 735K(1024K)->2238K(2560K)
[146.261s][info][gc,heap        ] GC(258) ParOldGen: 547982K(548352K)->547998K(548352K)
[146.261s][info][gc,metaspace   ] GC(258) Metaspace: 56448K(56704K)->56448K(56704K) NonClass: 50820K(51008K)->50820K(51008K) Class: 5627K(5696K)->5627K(5696K)
[146.261s][info][gc             ] GC(258) Pause Young (Allocation Failure) 731M->537M(726M) 4.927ms
[146.261s][info][gc,cpu         ] GC(258) User=0.01s Sys=0.01s Real=0.01s
[146.677s][info][gc,start       ] GC(259) Pause Young (Allocation Failure)
[146.682s][info][gc,heap        ] GC(259) PSYoungGen: 195262K(195584K)->1728K(187904K) Eden: 193024K(193024K)->0K(185856K) From: 2238K(2560K)->1728K(2048K)
[146.682s][info][gc,heap        ] GC(259) ParOldGen: 547998K(548352K)->548014K(548352K)
[146.682s][info][gc,metaspace   ] GC(259) Metaspace: 56448K(56704K)->56448K(56704K) NonClass: 50820K(51008K)->50820K(51008K) Class: 5627K(5696K)->5627K(5696K)
[146.682s][info][gc             ] GC(259) Pause Young (Allocation Failure) 725M->536M(719M) 4.513ms
[146.682s][info][gc,cpu         ] GC(259) User=0.01s Sys=0.00s Real=0.00s
[147.129s][info][gc,start       ] GC(260) Pause Young (Allocation Failure)
[147.146s][info][gc,heap        ] GC(260) PSYoungGen: 187510K(187904K)->2815K(226304K) Eden: 185782K(185856K)->0K(223232K) From: 1728K(2048K)->2815K(3072K)
[147.146s][info][gc,heap        ] GC(260) ParOldGen: 548014K(548352K)->548030K(548352K)
[147.146s][info][gc,metaspace   ] GC(260) Metaspace: 56448K(56704K)->56448K(56704K) NonClass: 50821K(51008K)->50821K(51008K) Class: 5627K(5696K)->5627K(5696K)
[147.146s][info][gc             ] GC(260) Pause Young (Allocation Failure) 718M->537M(756M) 16.927ms
[147.146s][info][gc,cpu         ] GC(260) User=0.01s Sys=0.00s Real=0.01s
[147.717s][info][gc,start       ] GC(261) Pause Young (Allocation Failure)
[147.720s][info][gc,heap        ] GC(261) PSYoungGen: 226047K(226304K)->266K(268800K) Eden: 223232K(223232K)->0K(268288K) From: 2815K(3072K)->266K(512K)
[147.720s][info][gc,heap        ] GC(261) ParOldGen: 548030K(548352K)->548054K(548352K)
[147.720s][info][gc,metaspace   ] GC(261) Metaspace: 56448K(56704K)->56448K(56704K) NonClass: 50821K(51008K)->50821K(51008K) Class: 5627K(5696K)->5627K(5696K)
[147.720s][info][gc             ] GC(261) Pause Young (Allocation Failure) 755M->535M(798M) 3.810ms
[147.720s][info][gc,cpu         ] GC(261) User=0.00s Sys=0.01s Real=0.00s
[148.380s][info][gc,start       ] GC(262) Pause Young (Allocation Failure)
[148.386s][info][gc,heap        ] GC(262) PSYoungGen: 268554K(268800K)->2558K(305664K) Eden: 268288K(268288K)->0K(301568K) From: 266K(512K)->2558K(4096K)
[148.386s][info][gc,heap        ] GC(262) ParOldGen: 548054K(548352K)->548070K(548352K)
[148.386s][info][gc,metaspace   ] GC(262) Metaspace: 56448K(56704K)->56448K(56704K) NonClass: 50821K(51008K)->50821K(51008K) Class: 5627K(5696K)->5627K(5696K)
[148.386s][info][gc             ] GC(262) Pause Young (Allocation Failure) 797M->537M(834M) 5.392ms
[148.386s][info][gc,cpu         ] GC(262) User=0.00s Sys=0.00s Real=0.00s
[149.087s][info][gc,start       ] GC(263) Pause Young (Allocation Failure)
[149.092s][info][gc,heap        ] GC(263) PSYoungGen: 304126K(305664K)->2366K(326144K) Eden: 301568K(301568K)->0K(322048K) From: 2558K(4096K)->2366K(4096K)
[149.092s][info][gc,heap        ] GC(263) ParOldGen: 548070K(548352K)->548086K(548352K)
[149.092s][info][gc,metaspace   ] GC(263) Metaspace: 56448K(56704K)->56448K(56704K) NonClass: 50821K(51008K)->50821K(51008K) Class: 5627K(5696K)->5627K(5696K)
[149.092s][info][gc             ] GC(263) Pause Young (Allocation Failure) 832M->537M(854M) 4.955ms
[149.092s][info][gc,cpu         ] GC(263) User=0.01s Sys=0.01s Real=0.00s
[149.873s][info][gc,start       ] GC(264) Pause Young (Allocation Failure)
[149.877s][info][gc,heap        ] GC(264) PSYoungGen: 324414K(326144K)->714K(309760K) Eden: 322048K(322048K)->0K(308736K) From: 2366K(4096K)->714K(1024K)
[149.877s][info][gc,heap        ] GC(264) ParOldGen: 548086K(548352K)->548102K(548352K)
[149.877s][info][gc,metaspace   ] GC(264) Metaspace: 56448K(56704K)->56448K(56704K) NonClass: 50821K(51008K)->50821K(51008K) Class: 5627K(5696K)->5627K(5696K)
[149.877s][info][gc             ] GC(264) Pause Young (Allocation Failure) 852M->535M(838M) 3.149ms
[149.877s][info][gc,cpu         ] GC(264) User=0.00s Sys=0.00s Real=0.01s
[150.620s][info][gc,start       ] GC(265) Pause Young (Allocation Failure)
[150.629s][info][gc,heap        ] GC(265) PSYoungGen: 309450K(309760K)->3584K(300032K) Eden: 308736K(308736K)->0K(296448K) From: 714K(1024K)->3584K(3584K)
[150.629s][info][gc,heap        ] GC(265) ParOldGen: 548102K(548352K)->548900K(549376K)
[150.629s][info][gc,metaspace   ] GC(265) Metaspace: 56448K(56704K)->56448K(56704K) NonClass: 50821K(51008K)->50821K(51008K) Class: 5627K(5696K)->5627K(5696K)
[150.629s][info][gc             ] GC(265) Pause Young (Allocation Failure) 837M->539M(829M) 9.227ms
[150.629s][info][gc,cpu         ] GC(265) User=0.02s Sys=0.00s Real=0.01s
[151.290s][info][gc,start       ] GC(266) Pause Young (Allocation Failure)
[151.296s][info][gc,heap        ] GC(266) PSYoungGen: 300032K(300032K)->2464K(287232K) Eden: 296448K(296448K)->0K(284672K) From: 3584K(3584K)->2464K(2560K)
[151.297s][info][gc,heap        ] GC(266) ParOldGen: 548900K(549376K)->549612K(549888K)
[151.297s][info][gc,metaspace   ] GC(266) Metaspace: 56448K(56704K)->56448K(56704K) NonClass: 50821K(51008K)->50821K(51008K) Class: 5627K(5696K)->5627K(5696K)
[151.297s][info][gc             ] GC(266) Pause Young (Allocation Failure) 829M->539M(817M) 6.149ms
[151.297s][info][gc,cpu         ] GC(266) User=0.01s Sys=0.00s Real=0.01s
[151.978s][info][gc,start       ] GC(267) Pause Young (Allocation Failure)
[151.983s][info][gc,heap        ] GC(267) PSYoungGen: 287136K(287232K)->1824K(275456K) Eden: 284672K(284672K)->0K(273408K) From: 2464K(2560K)->1824K(2048K)
[151.983s][info][gc,heap        ] GC(267) ParOldGen: 549612K(549888K)->549716K(549888K)
[151.983s][info][gc,metaspace   ] GC(267) Metaspace: 56448K(56704K)->56448K(56704K) NonClass: 50821K(51008K)->50821K(51008K) Class: 5627K(5696K)->5627K(5696K)
[151.983s][info][gc             ] GC(267) Pause Young (Allocation Failure) 817M->538M(806M) 4.526ms
[151.983s][info][gc,cpu         ] GC(267) User=0.01s Sys=0.00s Real=0.00s
[152.603s][info][gc,start       ] GC(268) Pause Young (Allocation Failure)
[152.608s][info][gc,heap        ] GC(268) PSYoungGen: 275232K(275456K)->1984K(264704K) Eden: 273408K(273408K)->0K(262656K) From: 1824K(2048K)->1984K(2048K)
[152.608s][info][gc,heap        ] GC(268) ParOldGen: 549716K(549888K)->549732K(549888K)
[152.608s][info][gc,metaspace   ] GC(268) Metaspace: 56448K(56704K)->56448K(56704K) NonClass: 50821K(51008K)->50821K(51008K) Class: 5627K(5696K)->5627K(5696K)
[152.608s][info][gc             ] GC(268) Pause Young (Allocation Failure) 805M->538M(795M) 4.598ms
[152.608s][info][gc,cpu         ] GC(268) User=0.01s Sys=0.00s Real=0.01s
[153.267s][info][gc,start       ] GC(269) Pause Young (Allocation Failure)
[153.270s][info][gc,heap        ] GC(269) PSYoungGen: 264640K(264704K)->799K(253440K) Eden: 262656K(262656K)->0K(252416K) From: 1984K(2048K)->799K(1024K)
[153.270s][info][gc,heap        ] GC(269) ParOldGen: 549732K(549888K)->549748K(549888K)
[153.270s][info][gc,metaspace   ] GC(269) Metaspace: 56448K(56704K)->56448K(56704K) NonClass: 50821K(51008K)->50821K(51008K) Class: 5627K(5696K)->5627K(5696K)
[153.270s][info][gc             ] GC(269) Pause Young (Allocation Failure) 795M->537M(784M) 2.987ms
[153.270s][info][gc,cpu         ] GC(269) User=0.01s Sys=0.00s Real=0.00s
[153.807s][info][gc,start       ] GC(270) Pause Young (Allocation Failure)
[153.811s][info][gc,heap        ] GC(270) PSYoungGen: 252961K(253440K)->1568K(247296K) Eden: 252162K(252416K)->0K(242688K) From: 799K(1024K)->1568K(4608K)
[153.811s][info][gc,heap        ] GC(270) ParOldGen: 549748K(549888K)->549764K(549888K)
[153.811s][info][gc,metaspace   ] GC(270) Metaspace: 56454K(56704K)->56454K(56704K) NonClass: 50826K(51008K)->50826K(51008K) Class: 5627K(5696K)->5627K(5696K)
[153.811s][info][gc             ] GC(270) Pause Young (Allocation Failure) 783M->538M(778M) 3.882ms
[153.811s][info][gc,cpu         ] GC(270) User=0.01s Sys=0.01s Real=0.00s
[154.392s][info][gc,start       ] GC(271) Pause Young (Allocation Failure)
[154.397s][info][gc,heap        ] GC(271) PSYoungGen: 244256K(247296K)->2528K(236032K) Eden: 242688K(242688K)->0K(233472K) From: 1568K(4608K)->2528K(2560K)
[154.397s][info][gc,heap        ] GC(271) ParOldGen: 549764K(549888K)->549780K(549888K)
[154.397s][info][gc,metaspace   ] GC(271) Metaspace: 56454K(56704K)->56454K(56704K) NonClass: 50826K(51008K)->50826K(51008K) Class: 5627K(5696K)->5627K(5696K)
[154.397s][info][gc             ] GC(271) Pause Young (Allocation Failure) 775M->539M(767M) 4.977ms
[154.397s][info][gc,cpu         ] GC(271) User=0.01s Sys=0.00s Real=0.01s
[154.965s][info][gc,start       ] GC(272) Pause Young (Allocation Failure)
[154.968s][info][gc,heap        ] GC(272) PSYoungGen: 235969K(236032K)->256K(225280K) Eden: 233441K(233472K)->0K(224768K) From: 2528K(2560K)->256K(512K)
[154.968s][info][gc,heap        ] GC(272) ParOldGen: 549780K(549888K)->549796K(549888K)
[154.968s][info][gc,metaspace   ] GC(272) Metaspace: 56454K(56704K)->56454K(56704K) NonClass: 50826K(51008K)->50826K(51008K) Class: 5627K(5696K)->5627K(5696K)
[154.968s][info][gc             ] GC(272) Pause Young (Allocation Failure) 767M->537M(757M) 2.313ms
[154.968s][info][gc,cpu         ] GC(272) User=0.00s Sys=0.00s Real=0.01s
[155.488s][info][gc,start       ] GC(273) Pause Young (Allocation Failure)
[155.492s][info][gc,heap        ] GC(273) PSYoungGen: 225024K(225280K)->1760K(218624K) Eden: 224768K(224768K)->0K(216576K) From: 256K(512K)->1760K(2048K)
[155.492s][info][gc,heap        ] GC(273) ParOldGen: 549796K(549888K)->549812K(549888K)
[155.492s][info][gc,metaspace   ] GC(273) Metaspace: 56454K(56704K)->56454K(56704K) NonClass: 50826K(51008K)->50826K(51008K) Class: 5627K(5696K)->5627K(5696K)
[155.492s][info][gc             ] GC(273) Pause Young (Allocation Failure) 756M->538M(750M) 3.999ms
[155.492s][info][gc,cpu         ] GC(273) User=0.01s Sys=0.00s Real=0.00s
[155.981s][info][gc,start       ] GC(274) Pause Young (Allocation Failure)
[155.985s][info][gc,heap        ] GC(274) PSYoungGen: 218336K(218624K)->2560K(210944K) Eden: 216576K(216576K)->0K(208384K) From: 1760K(2048K)->2560K(2560K)
[155.985s][info][gc,heap        ] GC(274) ParOldGen: 549812K(549888K)->549828K(549888K)
[155.985s][info][gc,metaspace   ] GC(274) Metaspace: 56454K(56704K)->56454K(56704K) NonClass: 50826K(51008K)->50826K(51008K) Class: 5627K(5696K)->5627K(5696K)
[155.985s][info][gc             ] GC(274) Pause Young (Allocation Failure) 750M->539M(743M) 4.834ms
[155.985s][info][gc,cpu         ] GC(274) User=0.01s Sys=0.00s Real=0.00s
[156.479s][info][gc,start       ] GC(275) Pause Young (Allocation Failure)
[156.483s][info][gc,heap        ] GC(275) PSYoungGen: 210944K(210944K)->1823K(202752K) Eden: 208384K(208384K)->0K(200704K) From: 2560K(2560K)->1823K(2048K)
[156.483s][info][gc,heap        ] GC(275) ParOldGen: 549828K(549888K)->549844K(549888K)
[156.483s][info][gc,metaspace   ] GC(275) Metaspace: 56454K(56704K)->56454K(56704K) NonClass: 50826K(51008K)->50826K(51008K) Class: 5627K(5696K)->5627K(5696K)
[156.483s][info][gc             ] GC(275) Pause Young (Allocation Failure) 742M->538M(735M) 3.850ms
[156.483s][info][gc,cpu         ] GC(275) User=0.01s Sys=0.00s Real=0.00s
[156.968s][info][gc,start       ] GC(276) Pause Young (Allocation Failure)
[156.970s][info][gc,heap        ] GC(276) PSYoungGen: 202527K(202752K)->831K(194560K) Eden: 200704K(200704K)->0K(193536K) From: 1823K(2048K)->831K(1024K)
[156.970s][info][gc,heap        ] GC(276) ParOldGen: 549844K(549888K)->549860K(549888K)
[156.970s][info][gc,metaspace   ] GC(276) Metaspace: 56454K(56704K)->56454K(56704K) NonClass: 50826K(51008K)->50826K(51008K) Class: 5627K(5696K)->5627K(5696K)
[156.970s][info][gc             ] GC(276) Pause Young (Allocation Failure) 734M->537M(727M) 2.684ms
[156.970s][info][gc,cpu         ] GC(276) User=0.00s Sys=0.00s Real=0.00s
[157.393s][info][gc,start       ] GC(277) Pause Young (Allocation Failure)
[157.397s][info][gc,heap        ] GC(277) PSYoungGen: 194367K(194560K)->2783K(189440K) Eden: 193536K(193536K)->0K(186368K) From: 831K(1024K)->2783K(3072K)
[157.397s][info][gc,heap        ] GC(277) ParOldGen: 549860K(549888K)->549876K(549888K)
[157.397s][info][gc,metaspace   ] GC(277) Metaspace: 56454K(56704K)->56454K(56704K) NonClass: 50826K(51008K)->50826K(51008K) Class: 5627K(5696K)->5627K(5696K)
[157.397s][info][gc             ] GC(277) Pause Young (Allocation Failure) 726M->539M(722M) 4.702ms
[157.397s][info][gc,cpu         ] GC(277) User=0.01s Sys=0.00s Real=0.01s
[157.867s][info][gc,start       ] GC(278) Pause Young (Allocation Failure)
[157.869s][info][gc,heap        ] GC(278) PSYoungGen: 189151K(189440K)->448K(180224K) Eden: 186368K(186368K)->0K(179712K) From: 2783K(3072K)->448K(512K)
[157.869s][info][gc,heap        ] GC(278) ParOldGen: 549876K(549888K)->549892K(550400K)
[157.869s][info][gc,metaspace   ] GC(278) Metaspace: 56454K(56704K)->56454K(56704K) NonClass: 50826K(51008K)->50826K(51008K) Class: 5627K(5696K)->5627K(5696K)
[157.869s][info][gc             ] GC(278) Pause Young (Allocation Failure) 721M->537M(713M) 2.627ms
[157.869s][info][gc,cpu         ] GC(278) User=0.00s Sys=0.00s Real=0.00s
[158.380s][info][gc,start       ] GC(279) Pause Young (Allocation Failure)
[158.384s][info][gc,heap        ] GC(279) PSYoungGen: 180160K(180224K)->2175K(176128K) Eden: 179712K(179712K)->0K(173568K) From: 448K(512K)->2175K(2560K)
[158.384s][info][gc,heap        ] GC(279) ParOldGen: 549892K(550400K)->549908K(550400K)
[158.384s][info][gc,metaspace   ] GC(279) Metaspace: 56454K(56704K)->56454K(56704K) NonClass: 50826K(51008K)->50826K(51008K) Class: 5627K(5696K)->5627K(5696K)
[158.384s][info][gc             ] GC(279) Pause Young (Allocation Failure) 712M->539M(709M) 4.119ms
[158.384s][info][gc,cpu         ] GC(279) User=0.00s Sys=0.01s Real=0.00s
[158.782s][info][gc,start       ] GC(280) Pause Young (Allocation Failure)
[158.787s][info][gc,heap        ] GC(280) PSYoungGen: 175743K(176128K)->2239K(169984K) Eden: 173568K(173568K)->0K(167424K) From: 2175K(2560K)->2239K(2560K)
[158.787s][info][gc,heap        ] GC(280) ParOldGen: 549908K(550400K)->549924K(550400K)
[158.787s][info][gc,metaspace   ] GC(280) Metaspace: 56454K(56704K)->56454K(56704K) NonClass: 50826K(51008K)->50826K(51008K) Class: 5627K(5696K)->5627K(5696K)
[158.787s][info][gc             ] GC(280) Pause Young (Allocation Failure) 708M->539M(703M) 4.474ms
[158.787s][info][gc,cpu         ] GC(280) User=0.01s Sys=0.00s Real=0.01s
[159.175s][info][gc,start       ] GC(281) Pause Young (Allocation Failure)
[159.178s][info][gc,heap        ] GC(281) PSYoungGen: 169663K(169984K)->1695K(163840K) Eden: 167424K(167424K)->0K(161792K) From: 2239K(2560K)->1695K(2048K)
[159.178s][info][gc,heap        ] GC(281) ParOldGen: 549924K(550400K)->549940K(550400K)
[159.178s][info][gc,metaspace   ] GC(281) Metaspace: 56454K(56704K)->56454K(56704K) NonClass: 50826K(51008K)->50826K(51008K) Class: 5627K(5696K)->5627K(5696K)
[159.178s][info][gc             ] GC(281) Pause Young (Allocation Failure) 702M->538M(697M) 3.594ms
[159.178s][info][gc,cpu         ] GC(281) User=0.01s Sys=0.01s Real=0.01s
[159.570s][info][gc,start       ] GC(282) Pause Young (Allocation Failure)
[159.573s][info][gc,heap        ] GC(282) PSYoungGen: 163487K(163840K)->841K(157184K) Eden: 161792K(161792K)->0K(156160K) From: 1695K(2048K)->841K(1024K)
[159.573s][info][gc,heap        ] GC(282) ParOldGen: 549940K(550400K)->549956K(550400K)
[159.573s][info][gc,metaspace   ] GC(282) Metaspace: 56454K(56704K)->56454K(56704K) NonClass: 50826K(51008K)->50826K(51008K) Class: 5627K(5696K)->5627K(5696K)
[159.573s][info][gc             ] GC(282) Pause Young (Allocation Failure) 696M->537M(691M) 2.903ms
[159.573s][info][gc,cpu         ] GC(282) User=0.01s Sys=0.00s Real=0.00s
[159.903s][info][gc,start       ] GC(283) Pause Young (Allocation Failure)
[159.907s][info][gc,heap        ] GC(283) PSYoungGen: 156895K(157184K)->2144K(153600K) Eden: 156054K(156160K)->0K(151040K) From: 841K(1024K)->2144K(2560K)
[159.907s][info][gc,heap        ] GC(283) ParOldGen: 549956K(550400K)->549972K(550400K)
[159.907s][info][gc,metaspace   ] GC(283) Metaspace: 56454K(56704K)->56454K(56704K) NonClass: 50826K(51008K)->50826K(51008K) Class: 5627K(5696K)->5627K(5696K)
[159.907s][info][gc             ] GC(283) Pause Young (Allocation Failure) 690M->539M(687M) 4.482ms
[159.907s][info][gc,cpu         ] GC(283) User=0.01s Sys=0.00s Real=0.01s
[160.279s][info][gc,start       ] GC(284) Pause Young (Allocation Failure)
[160.283s][info][gc,heap        ] GC(284) PSYoungGen: 153184K(153600K)->1887K(147968K) Eden: 151040K(151040K)->0K(145920K) From: 2144K(2560K)->1887K(2048K)
[160.283s][info][gc,heap        ] GC(284) ParOldGen: 549972K(550400K)->549988K(550400K)
[160.283s][info][gc,metaspace   ] GC(284) Metaspace: 56454K(56704K)->56454K(56704K) NonClass: 50826K(51008K)->50826K(51008K) Class: 5627K(5696K)->5627K(5696K)
[160.283s][info][gc             ] GC(284) Pause Young (Allocation Failure) 686M->538M(682M) 3.808ms
[160.283s][info][gc,cpu         ] GC(284) User=0.01s Sys=0.00s Real=0.00s
[160.601s][info][gc,start       ] GC(285) Pause Young (Allocation Failure)
[160.606s][info][gc,heap        ] GC(285) PSYoungGen: 147731K(147968K)->2336K(177664K) Eden: 145844K(145920K)->0K(175104K) From: 1887K(2048K)->2336K(2560K)
[160.606s][info][gc,heap        ] GC(285) ParOldGen: 549988K(550400K)->550004K(550400K)
[160.606s][info][gc,metaspace   ] GC(285) Metaspace: 56454K(56704K)->56454K(56704K) NonClass: 50826K(51008K)->50826K(51008K) Class: 5627K(5696K)->5627K(5696K)
[160.606s][info][gc             ] GC(285) Pause Young (Allocation Failure) 681M->539M(711M) 4.706ms
[160.606s][info][gc,cpu         ] GC(285) User=0.01s Sys=0.00s Real=0.00s
[161.006s][info][gc,start       ] GC(286) Pause Young (Allocation Failure)
[161.010s][info][gc,heap        ] GC(286) PSYoungGen: 177440K(177664K)->1280K(170496K) Eden: 175104K(175104K)->0K(168960K) From: 2336K(2560K)->1280K(1536K)
[161.010s][info][gc,heap        ] GC(286) ParOldGen: 550004K(550400K)->550020K(550400K)
[161.010s][info][gc,metaspace   ] GC(286) Metaspace: 56454K(56704K)->56454K(56704K) NonClass: 50826K(51008K)->50826K(51008K) Class: 5627K(5696K)->5627K(5696K)
[161.010s][info][gc             ] GC(286) Pause Young (Allocation Failure) 710M->538M(704M) 3.675ms
[161.010s][info][gc,cpu         ] GC(286) User=0.01s Sys=0.00s Real=0.00s
[161.415s][info][gc,start       ] GC(287) Pause Young (Allocation Failure)
[161.418s][info][gc,heap        ] GC(287) PSYoungGen: 169933K(170496K)->1312K(164864K) Eden: 168653K(168960K)->0K(163328K) From: 1280K(1536K)->1312K(1536K)
[161.418s][info][gc,heap        ] GC(287) ParOldGen: 550020K(550400K)->550036K(550400K)
[161.418s][info][gc,metaspace   ] GC(287) Metaspace: 56454K(56704K)->56454K(56704K) NonClass: 50826K(51008K)->50826K(51008K) Class: 5627K(5696K)->5627K(5696K)
[161.418s][info][gc             ] GC(287) Pause Young (Allocation Failure) 703M->538M(698M) 3.581ms
[161.418s][info][gc,cpu         ] GC(287) User=0.01s Sys=0.01s Real=0.01s
[161.792s][info][gc,start       ] GC(288) Pause Young (Allocation Failure)
[161.797s][info][gc,heap        ] GC(288) PSYoungGen: 164332K(164864K)->2624K(199168K) Eden: 163020K(163328K)->0K(196096K) From: 1312K(1536K)->2624K(3072K)
[161.797s][info][gc,heap        ] GC(288) ParOldGen: 550036K(550400K)->550052K(550400K)
[161.797s][info][gc,metaspace   ] GC(288) Metaspace: 56454K(56704K)->56454K(56704K) NonClass: 50826K(51008K)->50826K(51008K) Class: 5627K(5696K)->5627K(5696K)
[161.797s][info][gc             ] GC(288) Pause Young (Allocation Failure) 697M->539M(732M) 5.047ms
[161.797s][info][gc,cpu         ] GC(288) User=0.01s Sys=0.00s Real=0.01s
[162.281s][info][gc,start       ] GC(289) Pause Young (Allocation Failure)
[162.285s][info][gc,heap        ] GC(289) PSYoungGen: 198720K(199168K)->1663K(190976K) Eden: 196096K(196096K)->0K(188928K) From: 2624K(3072K)->1663K(2048K)
[162.285s][info][gc,heap        ] GC(289) ParOldGen: 550052K(550400K)->550068K(550400K)
[162.285s][info][gc,metaspace   ] GC(289) Metaspace: 56454K(56704K)->56454K(56704K) NonClass: 50826K(51008K)->50826K(51008K) Class: 5627K(5696K)->5627K(5696K)
[162.285s][info][gc             ] GC(289) Pause Young (Allocation Failure) 731M->538M(724M) 3.520ms
[162.285s][info][gc,cpu         ] GC(289) User=0.00s Sys=0.00s Real=0.00s
[162.707s][info][gc,start       ] GC(290) Pause Young (Allocation Failure)
[162.711s][info][gc,heap        ] GC(290) PSYoungGen: 190578K(190976K)->1600K(184320K) Eden: 188915K(188928K)->0K(182272K) From: 1663K(2048K)->1600K(2048K)
[162.711s][info][gc,heap        ] GC(290) ParOldGen: 550068K(550400K)->550084K(550400K)
[162.711s][info][gc,metaspace   ] GC(290) Metaspace: 56454K(56704K)->56454K(56704K) NonClass: 50826K(51008K)->50826K(51008K) Class: 5627K(5696K)->5627K(5696K)
[162.711s][info][gc             ] GC(290) Pause Young (Allocation Failure) 723M->538M(717M) 4.018ms
[162.711s][info][gc,cpu         ] GC(290) User=0.01s Sys=0.00s Real=0.00s
[163.171s][info][gc,start       ] GC(291) Pause Young (Allocation Failure)
[163.174s][info][gc,heap        ] GC(291) PSYoungGen: 183872K(184320K)->1107K(177152K) Eden: 182272K(182272K)->0K(175616K) From: 1600K(2048K)->1107K(1536K)
[163.174s][info][gc,heap        ] GC(291) ParOldGen: 550084K(550400K)->550100K(550400K)
[163.174s][info][gc,metaspace   ] GC(291) Metaspace: 56454K(56704K)->56454K(56704K) NonClass: 50826K(51008K)->50826K(51008K) Class: 5627K(5696K)->5627K(5696K)
[163.174s][info][gc             ] GC(291) Pause Young (Allocation Failure) 716M->538M(710M) 3.237ms
[163.174s][info][gc,cpu         ] GC(291) User=0.01s Sys=0.00s Real=0.00s
[163.576s][info][gc,start       ] GC(292) Pause Young (Allocation Failure)
[163.581s][info][gc,heap        ] GC(292) PSYoungGen: 176723K(177152K)->2175K(172032K) Eden: 175616K(175616K)->0K(169472K) From: 1107K(1536K)->2175K(2560K)
[163.581s][info][gc,heap        ] GC(292) ParOldGen: 550100K(550400K)->550116K(550400K)
[163.581s][info][gc,metaspace   ] GC(292) Metaspace: 56454K(56704K)->56454K(56704K) NonClass: 50826K(51008K)->50826K(51008K) Class: 5627K(5696K)->5627K(5696K)
[163.581s][info][gc             ] GC(292) Pause Young (Allocation Failure) 709M->539M(705M) 4.132ms
[163.581s][info][gc,cpu         ] GC(292) User=0.01s Sys=0.00s Real=0.00s
[163.976s][info][gc,start       ] GC(293) Pause Young (Allocation Failure)
[163.980s][info][gc,heap        ] GC(293) PSYoungGen: 171647K(172032K)->2463K(166400K) Eden: 169472K(169472K)->0K(163840K) From: 2175K(2560K)->2463K(2560K)
[163.980s][info][gc,heap        ] GC(293) ParOldGen: 550116K(550400K)->550132K(550400K)
[163.980s][info][gc,metaspace   ] GC(293) Metaspace: 56454K(56704K)->56454K(56704K) NonClass: 50826K(51008K)->50826K(51008K) Class: 5627K(5696K)->5627K(5696K)
[163.980s][info][gc             ] GC(293) Pause Young (Allocation Failure) 704M->539M(700M) 4.532ms
[163.980s][info][gc,cpu         ] GC(293) User=0.00s Sys=0.00s Real=0.01s
[164.385s][info][gc,start       ] GC(294) Pause Young (Allocation Failure)
[164.389s][info][gc,heap        ] GC(294) PSYoungGen: 166057K(166400K)->1536K(159744K) Eden: 163594K(163840K)->0K(158208K) From: 2463K(2560K)->1536K(1536K)
[164.389s][info][gc,heap        ] GC(294) ParOldGen: 550132K(550400K)->550148K(550400K)
[164.389s][info][gc,metaspace   ] GC(294) Metaspace: 56454K(56704K)->56454K(56704K) NonClass: 50826K(51008K)->50826K(51008K) Class: 5627K(5696K)->5627K(5696K)
[164.389s][info][gc             ] GC(294) Pause Young (Allocation Failure) 699M->538M(693M) 3.939ms
[164.389s][info][gc,cpu         ] GC(294) User=0.00s Sys=0.00s Real=0.01s
[164.716s][info][gc,start       ] GC(295) Pause Young (Allocation Failure)
[164.720s][info][gc,heap        ] GC(295) PSYoungGen: 159504K(159744K)->704K(154112K) Eden: 157968K(158208K)->0K(153088K) From: 1536K(1536K)->704K(1024K)
[164.720s][info][gc,heap        ] GC(295) ParOldGen: 550148K(550400K)->550164K(550400K)
[164.720s][info][gc,metaspace   ] GC(295) Metaspace: 56456K(56704K)->56456K(56704K) NonClass: 50829K(51008K)->50829K(51008K) Class: 5627K(5696K)->5627K(5696K)
[164.720s][info][gc             ] GC(295) Pause Young (Allocation Failure) 693M->537M(688M) 3.964ms
[164.720s][info][gc,cpu         ] GC(295) User=0.00s Sys=0.00s Real=0.00s
[165.091s][info][gc,start       ] GC(296) Pause Young (Allocation Failure)
[165.096s][info][gc,heap        ] GC(296) PSYoungGen: 153792K(154112K)->3487K(187392K) Eden: 153088K(153088K)->0K(183808K) From: 704K(1024K)->3487K(3584K)
[165.096s][info][gc,heap        ] GC(296) ParOldGen: 550164K(550400K)->550180K(550400K)
[165.096s][info][gc,metaspace   ] GC(296) Metaspace: 56456K(56704K)->56456K(56704K) NonClass: 50829K(51008K)->50829K(51008K) Class: 5627K(5696K)->5627K(5696K)
[165.096s][info][gc             ] GC(296) Pause Young (Allocation Failure) 687M->540M(720M) 5.754ms
[165.096s][info][gc,cpu         ] GC(296) User=0.01s Sys=0.00s Real=0.01s
[165.568s][info][gc,start       ] GC(297) Pause Young (Allocation Failure)
[165.571s][info][gc,heap        ] GC(297) PSYoungGen: 187295K(187392K)->576K(178176K) Eden: 183808K(183808K)->0K(177152K) From: 3487K(3584K)->576K(1024K)
[165.571s][info][gc,heap        ] GC(297) ParOldGen: 550180K(550400K)->550196K(550400K)
[165.571s][info][gc,metaspace   ] GC(297) Metaspace: 56456K(56704K)->56456K(56704K) NonClass: 50829K(51008K)->50829K(51008K) Class: 5627K(5696K)->5627K(5696K)
[165.571s][info][gc             ] GC(297) Pause Young (Allocation Failure) 720M->537M(711M) 2.937ms
[165.571s][info][gc,cpu         ] GC(297) User=0.00s Sys=0.00s Real=0.00s
[165.975s][info][gc,start       ] GC(298) Pause Young (Allocation Failure)
[165.978s][info][gc,heap        ] GC(298) PSYoungGen: 177728K(178176K)->1279K(172544K) Eden: 177152K(177152K)->0K(171008K) From: 576K(1024K)->1279K(1536K)
[165.978s][info][gc,heap        ] GC(298) ParOldGen: 550196K(550400K)->550212K(550400K)
[165.978s][info][gc,metaspace   ] GC(298) Metaspace: 56456K(56704K)->56456K(56704K) NonClass: 50829K(51008K)->50829K(51008K) Class: 5627K(5696K)->5627K(5696K)
[165.978s][info][gc             ] GC(298) Pause Young (Allocation Failure) 710M->538M(706M) 3.313ms
[165.978s][info][gc,cpu         ] GC(298) User=0.01s Sys=0.00s Real=0.01s
[166.419s][info][gc,start       ] GC(299) Pause Young (Allocation Failure)
[166.426s][info][gc,heap        ] GC(299) PSYoungGen: 172241K(172544K)->2175K(207872K) Eden: 170962K(171008K)->0K(205312K) From: 1279K(1536K)->2175K(2560K)
[166.426s][info][gc,heap        ] GC(299) ParOldGen: 550212K(550400K)->550228K(550400K)
[166.426s][info][gc,metaspace   ] GC(299) Metaspace: 56456K(56704K)->56456K(56704K) NonClass: 50829K(51008K)->50829K(51008K) Class: 5627K(5696K)->5627K(5696K)
[166.426s][info][gc             ] GC(299) Pause Young (Allocation Failure) 705M->539M(740M) 6.258ms
[166.426s][info][gc,cpu         ] GC(299) User=0.01s Sys=0.00s Real=0.00s
[166.873s][info][gc,start       ] GC(300) Pause Young (Allocation Failure)
[166.876s][info][gc,heap        ] GC(300) PSYoungGen: 207487K(207872K)->1215K(199168K) Eden: 205312K(205312K)->0K(197632K) From: 2175K(2560K)->1215K(1536K)
[166.876s][info][gc,heap        ] GC(300) ParOldGen: 550228K(550400K)->550244K(550400K)
[166.876s][info][gc,metaspace   ] GC(300) Metaspace: 56456K(56704K)->56456K(56704K) NonClass: 50829K(51008K)->50829K(51008K) Class: 5627K(5696K)->5627K(5696K)
[166.876s][info][gc             ] GC(300) Pause Young (Allocation Failure) 739M->538M(732M) 3.216ms
[166.876s][info][gc,cpu         ] GC(300) User=0.00s Sys=0.00s Real=0.01s
[168.019s][info][gc,start       ] GC(301) Pause Young (Allocation Failure)
[168.022s][info][gc,heap        ] GC(301) PSYoungGen: 162040K(199168K)->64K(190976K) Eden: 160825K(197632K)->0K(190464K) From: 1215K(1536K)->64K(512K)
[168.022s][info][gc,heap        ] GC(301) ParOldGen: 550244K(550400K)->550260K(550400K)
[168.022s][info][gc,metaspace   ] GC(301) Metaspace: 56462K(56704K)->56462K(56704K) NonClass: 50833K(51008K)->50833K(51008K) Class: 5628K(5696K)->5628K(5696K)
[168.022s][info][gc             ] GC(301) Pause Young (Allocation Failure) 695M->537M(724M) 2.463ms
[168.022s][info][gc,cpu         ] GC(301) User=0.00s Sys=0.00s Real=0.00s
[169.763s][info][gc,start       ] GC(302) Pause Young (Allocation Failure)
[169.844s][info][gc,heap        ] GC(302) PSYoungGen: 190484K(190976K)->4089K(232960K) Eden: 190420K(190464K)->0K(228864K) From: 64K(512K)->4089K(4096K)
[169.844s][info][gc,heap        ] GC(302) ParOldGen: 550260K(550400K)->652957K(653824K)
[169.844s][info][gc,metaspace   ] GC(302) Metaspace: 56706K(57024K)->56706K(57024K) NonClass: 51077K(51328K)->51077K(51328K) Class: 5628K(5696K)->5628K(5696K)
[169.844s][info][gc             ] GC(302) Pause Young (Allocation Failure) 723M->641M(866M) 80.562ms
[169.844s][info][gc,cpu         ] GC(302) User=0.09s Sys=0.07s Real=0.08s
[170.292s][info][gc,start       ] GC(303) Pause Full (Allocation Failure)
[170.292s][info][gc,phases,start] GC(303) Marking Phase
[170.338s][info][gc,phases      ] GC(303) Marking Phase 46.308ms
[170.338s][info][gc,phases,start] GC(303) Summary Phase
[170.338s][info][gc,phases      ] GC(303) Summary Phase 0.042ms
[170.338s][info][gc,phases,start] GC(303) Forward
[170.345s][info][gc,phases      ] GC(303) Forward 6.921ms
[170.345s][info][gc,phases,start] GC(303) Adjust Pointers
[170.370s][info][gc,phases      ] GC(303) Adjust Pointers 25.256ms
[170.370s][info][gc,phases,start] GC(303) Compaction Phase
[170.393s][info][gc,phases      ] GC(303) Compaction Phase 22.132ms
[170.393s][info][gc,phases,start] GC(303) Post Compact
[170.404s][info][gc,phases      ] GC(303) Post Compact 11.485ms
[170.426s][info][gc,heap        ] GC(303) PSYoungGen: 232700K(232960K)->0K(271360K) Eden: 228610K(228864K)->0K(228864K) From: 4089K(4096K)->0K(42496K)
[170.426s][info][gc,heap        ] GC(303) ParOldGen: 652957K(653824K)->287971K(394752K)
[170.426s][info][gc,metaspace   ] GC(303) Metaspace: 56706K(57024K)->56706K(57024K) NonClass: 51077K(51328K)->51077K(51328K) Class: 5628K(5696K)->5628K(5696K)
[170.426s][info][gc             ] GC(303) Pause Full (Allocation Failure) 864M->281M(650M) 133.989ms
[170.426s][info][gc,cpu         ] GC(303) User=0.17s Sys=0.03s Real=0.13s
[170.869s][info][gc,start       ] GC(304) Pause Young (Allocation Failure)
[170.871s][info][gc,heap        ] GC(304) PSYoungGen: 228864K(271360K)->1406K(271360K) Eden: 228864K(228864K)->0K(228864K) From: 0K(42496K)->1406K(42496K)
[170.871s][info][gc,heap        ] GC(304) ParOldGen: 287971K(394752K)->287971K(394752K)
[170.871s][info][gc,metaspace   ] GC(304) Metaspace: 56706K(57024K)->56706K(57024K) NonClass: 51077K(51328K)->51077K(51328K) Class: 5628K(5696K)->5628K(5696K)
[170.871s][info][gc             ] GC(304) Pause Young (Allocation Failure) 504M->282M(650M) 2.458ms
[170.871s][info][gc,cpu         ] GC(304) User=0.01s Sys=0.00s Real=0.00s
[171.389s][info][gc,start       ] GC(305) Pause Young (Allocation Failure)
[171.395s][info][gc,heap        ] GC(305) PSYoungGen: 230270K(271360K)->3646K(288256K) Eden: 228864K(228864K)->0K(249856K) From: 1406K(42496K)->3646K(38400K)
[171.395s][info][gc,heap        ] GC(305) ParOldGen: 287971K(394752K)->288362K(394752K)
[171.395s][info][gc,metaspace   ] GC(305) Metaspace: 56706K(57024K)->56706K(57024K) NonClass: 51077K(51328K)->51077K(51328K) Class: 5628K(5696K)->5628K(5696K)
[171.395s][info][gc             ] GC(305) Pause Young (Allocation Failure) 506M->285M(667M) 6.574ms
[171.395s][info][gc,cpu         ] GC(305) User=0.01s Sys=0.00s Real=0.00s
[171.981s][info][gc,start       ] GC(306) Pause Young (Allocation Failure)
[171.985s][info][gc,heap        ] GC(306) PSYoungGen: 253502K(288256K)->2304K(289280K) Eden: 249856K(249856K)->0K(249856K) From: 3646K(38400K)->2304K(39424K)
[171.985s][info][gc,heap        ] GC(306) ParOldGen: 288362K(394752K)->288378K(394752K)
[171.985s][info][gc,metaspace   ] GC(306) Metaspace: 56706K(57024K)->56706K(57024K) NonClass: 51077K(51328K)->51077K(51328K) Class: 5628K(5696K)->5628K(5696K)
[171.985s][info][gc             ] GC(306) Pause Young (Allocation Failure) 529M->283M(668M) 4.030ms
[171.985s][info][gc,cpu         ] GC(306) User=0.01s Sys=0.00s Real=0.00s
[172.585s][info][gc,start       ] GC(307) Pause Young (Allocation Failure)
[172.590s][info][gc,heap        ] GC(307) PSYoungGen: 252160K(289280K)->2814K(291840K) Eden: 249856K(249856K)->0K(256512K) From: 2304K(39424K)->2814K(35328K)
[172.590s][info][gc,heap        ] GC(307) ParOldGen: 288378K(394752K)->288394K(394752K)
[172.590s][info][gc,metaspace   ] GC(307) Metaspace: 56706K(57024K)->56706K(57024K) NonClass: 51077K(51328K)->51077K(51328K) Class: 5628K(5696K)->5628K(5696K)
[172.590s][info][gc             ] GC(307) Pause Young (Allocation Failure) 527M->284M(670M) 4.917ms
[172.590s][info][gc,cpu         ] GC(307) User=0.01s Sys=0.00s Real=0.01s
[173.187s][info][gc,start       ] GC(308) Pause Young (Allocation Failure)
[173.191s][info][gc,heap        ] GC(308) PSYoungGen: 259326K(291840K)->2624K(292864K) Eden: 256512K(256512K)->0K(256512K) From: 2814K(35328K)->2624K(36352K)
[173.192s][info][gc,heap        ] GC(308) ParOldGen: 288394K(394752K)->288410K(394752K)
[173.192s][info][gc,metaspace   ] GC(308) Metaspace: 56706K(57024K)->56706K(57024K) NonClass: 51077K(51328K)->51077K(51328K) Class: 5628K(5696K)->5628K(5696K)
[173.192s][info][gc             ] GC(308) Pause Young (Allocation Failure) 534M->284M(671M) 4.485ms
[173.192s][info][gc,cpu         ] GC(308) User=0.01s Sys=0.00s Real=0.00s
[173.796s][info][gc,start       ] GC(309) Pause Young (Allocation Failure)
[173.801s][info][gc,heap        ] GC(309) PSYoungGen: 259136K(292864K)->3294K(293888K) Eden: 256512K(256512K)->0K(262656K) From: 2624K(36352K)->3294K(31232K)
[173.801s][info][gc,heap        ] GC(309) ParOldGen: 288410K(394752K)->288426K(394752K)
[173.801s][info][gc,metaspace   ] GC(309) Metaspace: 56706K(57024K)->56706K(57024K) NonClass: 51077K(51328K)->51077K(51328K) Class: 5628K(5696K)->5628K(5696K)
[173.801s][info][gc             ] GC(309) Pause Young (Allocation Failure) 534M->284M(672M) 5.835ms
[173.801s][info][gc,cpu         ] GC(309) User=0.01s Sys=0.01s Real=0.01s
[174.420s][info][gc,start       ] GC(310) Pause Young (Allocation Failure)
[174.422s][info][gc,heap        ] GC(310) PSYoungGen: 265950K(293888K)->1087K(253952K) Eden: 262656K(262656K)->0K(252416K) From: 3294K(31232K)->1087K(1536K)
[174.422s][info][gc,heap        ] GC(310) ParOldGen: 288426K(394752K)->288442K(394752K)
[174.422s][info][gc,metaspace   ] GC(310) Metaspace: 56706K(57024K)->56706K(57024K) NonClass: 51077K(51328K)->51077K(51328K) Class: 5628K(5696K)->5628K(5696K)
[174.422s][info][gc             ] GC(310) Pause Young (Allocation Failure) 541M->282M(633M) 2.425ms
[174.422s][info][gc,cpu         ] GC(310) User=0.00s Sys=0.00s Real=0.00s
[175.002s][info][gc,start       ] GC(311) Pause Young (Allocation Failure)
[175.005s][info][gc,heap        ] GC(311) PSYoungGen: 253503K(253952K)->1279K(261632K) Eden: 252416K(252416K)->0K(242688K) From: 1087K(1536K)->1279K(18944K)
[175.005s][info][gc,heap        ] GC(311) ParOldGen: 288442K(394752K)->288458K(394752K)
[175.005s][info][gc,metaspace   ] GC(311) Metaspace: 56706K(57024K)->56706K(57024K) NonClass: 51077K(51328K)->51077K(51328K) Class: 5628K(5696K)->5628K(5696K)
[175.005s][info][gc             ] GC(311) Pause Young (Allocation Failure) 529M->282M(641M) 3.115ms
[175.005s][info][gc,cpu         ] GC(311) User=0.01s Sys=0.00s Real=0.00s
[175.598s][info][gc,start       ] GC(312) Pause Young (Allocation Failure)
[175.602s][info][gc,heap        ] GC(312) PSYoungGen: 243967K(261632K)->2336K(236032K) Eden: 242688K(242688K)->0K(233472K) From: 1279K(18944K)->2336K(2560K)
[175.602s][info][gc,heap        ] GC(312) ParOldGen: 288458K(394752K)->288474K(394752K)
[175.602s][info][gc,metaspace   ] GC(312) Metaspace: 56706K(57024K)->56706K(57024K) NonClass: 51077K(51328K)->51077K(51328K) Class: 5628K(5696K)->5628K(5696K)
[175.602s][info][gc             ] GC(312) Pause Young (Allocation Failure) 519M->283M(616M) 4.679ms
[175.602s][info][gc,cpu         ] GC(312) User=0.01s Sys=0.00s Real=0.00s
[176.175s][info][gc,start       ] GC(313) Pause Young (Allocation Failure)
[176.179s][info][gc,heap        ] GC(313) PSYoungGen: 235808K(236032K)->1696K(241664K) Eden: 233472K(233472K)->0K(224768K) From: 2336K(2560K)->1696K(16896K)
[176.179s][info][gc,heap        ] GC(313) ParOldGen: 288474K(394752K)->288490K(394752K)
[176.179s][info][gc,metaspace   ] GC(313) Metaspace: 56706K(57024K)->56706K(57024K) NonClass: 51077K(51328K)->51077K(51328K) Class: 5628K(5696K)->5628K(5696K)
[176.179s][info][gc             ] GC(313) Pause Young (Allocation Failure) 511M->283M(621M) 3.488ms
[176.179s][info][gc,cpu         ] GC(313) User=0.00s Sys=0.00s Real=0.01s
[176.694s][info][gc,start       ] GC(314) Pause Young (Allocation Failure)
[176.699s][info][gc,heap        ] GC(314) PSYoungGen: 226464K(241664K)->2496K(219136K) Eden: 224768K(224768K)->0K(216576K) From: 1696K(16896K)->2496K(2560K)
[176.699s][info][gc,heap        ] GC(314) ParOldGen: 288490K(394752K)->288506K(394752K)
[176.699s][info][gc,metaspace   ] GC(314) Metaspace: 56706K(57024K)->56706K(57024K) NonClass: 51077K(51328K)->51077K(51328K) Class: 5628K(5696K)->5628K(5696K)
[176.699s][info][gc             ] GC(314) Pause Young (Allocation Failure) 502M->284M(599M) 4.418ms
[176.699s][info][gc,cpu         ] GC(314) User=0.01s Sys=0.00s Real=0.01s
[177.305s][info][gc,start       ] GC(315) Pause Young (Allocation Failure)
[177.308s][info][gc,heap        ] GC(315) PSYoungGen: 219020K(219136K)->1440K(222720K) Eden: 216524K(216576K)->0K(208384K) From: 2496K(2560K)->1440K(14336K)
[177.308s][info][gc,heap        ] GC(315) ParOldGen: 288506K(394752K)->288522K(394752K)
[177.308s][info][gc,metaspace   ] GC(315) Metaspace: 56706K(57024K)->56706K(57024K) NonClass: 51077K(51328K)->51077K(51328K) Class: 5628K(5696K)->5628K(5696K)
[177.308s][info][gc             ] GC(315) Pause Young (Allocation Failure) 495M->283M(603M) 3.670ms
[177.308s][info][gc,cpu         ] GC(315) User=0.00s Sys=0.00s Real=0.01s
[177.693s][info][gc,start       ] GC(316) Pause Young (Allocation Failure)
[177.699s][info][gc,heap        ] GC(316) PSYoungGen: 209824K(222720K)->3007K(203776K) Eden: 208384K(208384K)->0K(200704K) From: 1440K(14336K)->3007K(3072K)
[177.699s][info][gc,heap        ] GC(316) ParOldGen: 288522K(394752K)->288538K(394752K)
[177.699s][info][gc,metaspace   ] GC(316) Metaspace: 56706K(57024K)->56706K(57024K) NonClass: 51077K(51328K)->51077K(51328K) Class: 5628K(5696K)->5628K(5696K)
[177.699s][info][gc             ] GC(316) Pause Young (Allocation Failure) 486M->284M(584M) 5.417ms
[177.699s][info][gc,cpu         ] GC(316) User=0.00s Sys=0.00s Real=0.01s
[178.184s][info][gc,start       ] GC(317) Pause Young (Allocation Failure)
[178.189s][info][gc,heap        ] GC(317) PSYoungGen: 203711K(203776K)->2623K(205824K) Eden: 200704K(200704K)->0K(193536K) From: 3007K(3072K)->2623K(12288K)
[178.189s][info][gc,heap        ] GC(317) ParOldGen: 288538K(394752K)->288554K(394752K)
[178.189s][info][gc,metaspace   ] GC(317) Metaspace: 56706K(57024K)->56706K(57024K) NonClass: 51077K(51328K)->51077K(51328K) Class: 5628K(5696K)->5628K(5696K)
[178.189s][info][gc             ] GC(317) Pause Young (Allocation Failure) 480M->284M(586M) 4.807ms
[178.189s][info][gc,cpu         ] GC(317) User=0.01s Sys=0.00s Real=0.01s
[178.722s][info][gc,start       ] GC(318) Pause Young (Allocation Failure)
[178.725s][info][gc,heap        ] GC(318) PSYoungGen: 196159K(205824K)->1407K(188416K) Eden: 193536K(193536K)->0K(186880K) From: 2623K(12288K)->1407K(1536K)
[178.725s][info][gc,heap        ] GC(318) ParOldGen: 288554K(394752K)->288570K(394752K)
[178.725s][info][gc,metaspace   ] GC(318) Metaspace: 56706K(57024K)->56706K(57024K) NonClass: 51077K(51328K)->51077K(51328K) Class: 5628K(5696K)->5628K(5696K)
[178.725s][info][gc             ] GC(318) Pause Young (Allocation Failure) 473M->283M(569M) 3.355ms
[178.725s][info][gc,cpu         ] GC(318) User=0.00s Sys=0.00s Real=0.00s
[179.183s][info][gc,start       ] GC(319) Pause Young (Allocation Failure)
[179.188s][info][gc,heap        ] GC(319) PSYoungGen: 188287K(188416K)->1824K(191488K) Eden: 186879K(186880K)->0K(180224K) From: 1407K(1536K)->1824K(11264K)
[179.188s][info][gc,heap        ] GC(319) ParOldGen: 288570K(394752K)->288586K(394752K)
[179.188s][info][gc,metaspace   ] GC(319) Metaspace: 56706K(57024K)->56706K(57024K) NonClass: 51077K(51328K)->51077K(51328K) Class: 5628K(5696K)->5628K(5696K)
[179.188s][info][gc             ] GC(319) Pause Young (Allocation Failure) 465M->283M(572M) 4.109ms
[179.188s][info][gc,cpu         ] GC(319) User=0.01s Sys=0.00s Real=0.01s
[179.590s][info][gc,start       ] GC(320) Pause Young (Allocation Failure)
[179.595s][info][gc,heap        ] GC(320) PSYoungGen: 182048K(191488K)->2880K(177152K) Eden: 180224K(180224K)->0K(174080K) From: 1824K(11264K)->2880K(3072K)
[179.595s][info][gc,heap        ] GC(320) ParOldGen: 288586K(394752K)->288602K(394752K)
[179.595s][info][gc,metaspace   ] GC(320) Metaspace: 56706K(57024K)->56706K(57024K) NonClass: 51077K(51328K)->51077K(51328K) Class: 5628K(5696K)->5628K(5696K)
[179.595s][info][gc             ] GC(320) Pause Young (Allocation Failure) 459M->284M(558M) 5.209ms
[179.595s][info][gc,cpu         ] GC(320) User=0.01s Sys=0.00s Real=0.00s
[179.994s][info][gc,start       ] GC(321) Pause Young (Allocation Failure)
[179.999s][info][gc,heap        ] GC(321) PSYoungGen: 176960K(177152K)->2399K(177152K) Eden: 174080K(174080K)->0K(167936K) From: 2880K(3072K)->2399K(9216K)
[179.999s][info][gc,heap        ] GC(321) ParOldGen: 288602K(394752K)->288618K(394752K)
[179.999s][info][gc,metaspace   ] GC(321) Metaspace: 56706K(57024K)->56706K(57024K) NonClass: 51077K(51328K)->51077K(51328K) Class: 5628K(5696K)->5628K(5696K)
[179.999s][info][gc             ] GC(321) Pause Young (Allocation Failure) 454M->284M(558M) 4.522ms
[179.999s][info][gc,cpu         ] GC(321) User=0.01s Sys=0.00s Real=0.01s
[180.392s][info][gc,start       ] GC(322) Pause Young (Allocation Failure)
[180.398s][info][gc,heap        ] GC(322) PSYoungGen: 170335K(177152K)->3167K(165888K) Eden: 167936K(167936K)->0K(162304K) From: 2399K(9216K)->3167K(3584K)
[180.398s][info][gc,heap        ] GC(322) ParOldGen: 288618K(394752K)->288634K(394752K)
[180.398s][info][gc,metaspace   ] GC(322) Metaspace: 56706K(57024K)->56706K(57024K) NonClass: 51077K(51328K)->51077K(51328K) Class: 5628K(5696K)->5628K(5696K)
[180.398s][info][gc             ] GC(322) Pause Young (Allocation Failure) 448M->284M(547M) 5.240ms
[180.398s][info][gc,cpu         ] GC(322) User=0.01s Sys=0.00s Real=0.01s
[180.786s][info][gc,start       ] GC(323) Pause Young (Allocation Failure)
[180.791s][info][gc,heap        ] GC(323) PSYoungGen: 165471K(165888K)->3039K(178688K) Eden: 162304K(162304K)->0K(163328K) From: 3167K(3584K)->3039K(15360K)
[180.791s][info][gc,heap        ] GC(323) ParOldGen: 288634K(394752K)->288650K(394752K)
[180.791s][info][gc,metaspace   ] GC(323) Metaspace: 56706K(57024K)->56706K(57024K) NonClass: 51077K(51328K)->51077K(51328K) Class: 5628K(5696K)->5628K(5696K)
[180.791s][info][gc             ] GC(323) Pause Young (Allocation Failure) 443M->284M(560M) 4.585ms
[180.791s][info][gc,cpu         ] GC(323) User=0.01s Sys=0.00s Real=0.00s
[181.180s][info][gc,start       ] GC(324) Pause Young (Allocation Failure)
[181.184s][info][gc,heap        ] GC(324) PSYoungGen: 166367K(178688K)->2335K(177664K) Eden: 163328K(163328K)->0K(163328K) From: 3039K(15360K)->2335K(14336K)
[181.184s][info][gc,heap        ] GC(324) ParOldGen: 288650K(394752K)->288666K(394752K)
[181.184s][info][gc,metaspace   ] GC(324) Metaspace: 56708K(57024K)->56708K(57024K) NonClass: 51079K(51328K)->51079K(51328K) Class: 5628K(5696K)->5628K(5696K)
[181.184s][info][gc             ] GC(324) Pause Young (Allocation Failure) 444M->284M(559M) 3.913ms
[181.184s][info][gc,cpu         ] GC(324) User=0.01s Sys=0.00s Real=0.00s
[181.600s][info][gc,start       ] GC(325) Pause Young (Allocation Failure)
[181.604s][info][gc,heap        ] GC(325) PSYoungGen: 165663K(177664K)->1598K(159744K) Eden: 163328K(163328K)->0K(157696K) From: 2335K(14336K)->1598K(2048K)
[181.604s][info][gc,heap        ] GC(325) ParOldGen: 288666K(394752K)->288682K(394752K)
[181.604s][info][gc,metaspace   ] GC(325) Metaspace: 56708K(57024K)->56708K(57024K) NonClass: 51079K(51328K)->51079K(51328K) Class: 5628K(5696K)->5628K(5696K)
[181.604s][info][gc             ] GC(325) Pause Young (Allocation Failure) 443M->283M(541M) 3.425ms
[181.604s][info][gc,cpu         ] GC(325) User=0.01s Sys=0.00s Real=0.00s
[181.902s][info][gc,start       ] GC(326) Pause Young (Allocation Failure)
[181.906s][info][gc,heap        ] GC(326) PSYoungGen: 159278K(159744K)->2272K(196608K) Eden: 157679K(157696K)->0K(183808K) From: 1598K(2048K)->2272K(12800K)
[181.906s][info][gc,heap        ] GC(326) ParOldGen: 288682K(394752K)->288698K(394752K)
[181.906s][info][gc,metaspace   ] GC(326) Metaspace: 56708K(57024K)->56708K(57024K) NonClass: 51079K(51328K)->51079K(51328K) Class: 5628K(5696K)->5628K(5696K)
[181.906s][info][gc             ] GC(326) Pause Young (Allocation Failure) 437M->284M(577M) 4.093ms
[181.906s][info][gc,cpu         ] GC(326) User=0.00s Sys=0.00s Real=0.01s
[182.370s][info][gc,start       ] GC(327) Pause Young (Allocation Failure)
[182.374s][info][gc,heap        ] GC(327) PSYoungGen: 186080K(196608K)->1726K(201216K) Eden: 183808K(183808K)->0K(188928K) From: 2272K(12800K)->1726K(12288K)
[182.374s][info][gc,heap        ] GC(327) ParOldGen: 288698K(394752K)->288714K(394752K)
[182.374s][info][gc,metaspace   ] GC(327) Metaspace: 56708K(57024K)->56708K(57024K) NonClass: 51079K(51328K)->51079K(51328K) Class: 5628K(5696K)->5628K(5696K)
[182.374s][info][gc             ] GC(327) Pause Young (Allocation Failure) 463M->283M(582M) 3.563ms
[182.374s][info][gc,cpu         ] GC(327) User=0.01s Sys=0.00s Real=0.00s
[182.790s][info][gc,start       ] GC(328) Pause Young (Allocation Failure)
[182.794s][info][gc,heap        ] GC(328) PSYoungGen: 190654K(201216K)->2751K(200192K) Eden: 188928K(188928K)->0K(188928K) From: 1726K(12288K)->2751K(11264K)
[182.794s][info][gc,heap        ] GC(328) ParOldGen: 288714K(394752K)->288730K(394752K)
[182.794s][info][gc,metaspace   ] GC(328) Metaspace: 56708K(57024K)->56708K(57024K) NonClass: 51079K(51328K)->51079K(51328K) Class: 5628K(5696K)->5628K(5696K)
[182.794s][info][gc             ] GC(328) Pause Young (Allocation Failure) 468M->284M(581M) 4.416ms
[182.794s][info][gc,cpu         ] GC(328) User=0.00s Sys=0.00s Real=0.00s
[183.266s][info][gc,start       ] GC(329) Pause Young (Allocation Failure)
[183.268s][info][gc,heap        ] GC(329) PSYoungGen: 191679K(200192K)->466K(182784K) Eden: 188928K(188928K)->0K(182272K) From: 2751K(11264K)->466K(512K)
[183.268s][info][gc,heap        ] GC(329) ParOldGen: 288730K(394752K)->288746K(394752K)
[183.268s][info][gc,metaspace   ] GC(329) Metaspace: 56708K(57024K)->56708K(57024K) NonClass: 51079K(51328K)->51079K(51328K) Class: 5628K(5696K)->5628K(5696K)
[183.268s][info][gc             ] GC(329) Pause Young (Allocation Failure) 469M->282M(564M) 1.989ms
[183.268s][info][gc,cpu         ] GC(329) User=0.01s Sys=0.00s Real=0.00s
[183.679s][info][gc,start       ] GC(330) Pause Young (Allocation Failure)
[183.682s][info][gc,heap        ] GC(330) PSYoungGen: 182723K(182784K)->992K(186368K) Eden: 182256K(182272K)->0K(176128K) From: 466K(512K)->992K(10240K)
[183.682s][info][gc,heap        ] GC(330) ParOldGen: 288746K(394752K)->288762K(394752K)
[183.682s][info][gc,metaspace   ] GC(330) Metaspace: 56708K(57024K)->56708K(57024K) NonClass: 51079K(51328K)->51079K(51328K) Class: 5628K(5696K)->5628K(5696K)
[183.682s][info][gc             ] GC(330) Pause Young (Allocation Failure) 460M->282M(567M) 2.855ms
[183.682s][info][gc,cpu         ] GC(330) User=0.01s Sys=0.00s Real=0.00s
[184.086s][info][gc,start       ] GC(331) Pause Young (Allocation Failure)
[184.091s][info][gc,heap        ] GC(331) PSYoungGen: 177120K(186368K)->2592K(173056K) Eden: 176128K(176128K)->0K(169984K) From: 992K(10240K)->2592K(3072K)
[184.092s][info][gc,heap        ] GC(331) ParOldGen: 288762K(394752K)->288778K(394752K)
[184.092s][info][gc,metaspace   ] GC(331) Metaspace: 56708K(57024K)->56708K(57024K) NonClass: 51079K(51328K)->51079K(51328K) Class: 5628K(5696K)->5628K(5696K)
[184.092s][info][gc             ] GC(331) Pause Young (Allocation Failure) 454M->284M(554M) 5.333ms
[184.092s][info][gc,cpu         ] GC(331) User=0.01s Sys=0.00s Real=0.00s
[184.486s][info][gc,start       ] GC(332) Pause Young (Allocation Failure)
[184.491s][info][gc,heap        ] GC(332) PSYoungGen: 172576K(173056K)->2624K(205312K) Eden: 169984K(169984K)->0K(202240K) From: 2592K(3072K)->2624K(3072K)
[184.491s][info][gc,heap        ] GC(332) ParOldGen: 288778K(394752K)->288794K(394752K)
[184.491s][info][gc,metaspace   ] GC(332) Metaspace: 56708K(57024K)->56708K(57024K) NonClass: 51079K(51328K)->51079K(51328K) Class: 5628K(5696K)->5628K(5696K)
[184.491s][info][gc             ] GC(332) Pause Young (Allocation Failure) 450M->284M(586M) 5.501ms
[184.491s][info][gc,cpu         ] GC(332) User=0.00s Sys=0.00s Real=0.01s
[184.985s][info][gc,start       ] GC(333) Pause Young (Allocation Failure)
[184.989s][info][gc,heap        ] GC(333) PSYoungGen: 204864K(205312K)->2142K(218624K) Eden: 202240K(202240K)->0K(209920K) From: 2624K(3072K)->2142K(8704K)
[184.989s][info][gc,heap        ] GC(333) ParOldGen: 288794K(394752K)->288810K(394752K)
[184.989s][info][gc,metaspace   ] GC(333) Metaspace: 56708K(57024K)->56708K(57024K) NonClass: 51079K(51328K)->51079K(51328K) Class: 5628K(5696K)->5628K(5696K)
[184.989s][info][gc             ] GC(333) Pause Young (Allocation Failure) 482M->284M(599M) 4.121ms
[184.989s][info][gc,cpu         ] GC(333) User=0.00s Sys=0.00s Real=0.01s
[185.483s][info][gc,start       ] GC(334) Pause Young (Allocation Failure)
[185.486s][info][gc,heap        ] GC(334) PSYoungGen: 212062K(218624K)->2015K(204288K) Eden: 209920K(209920K)->0K(202240K) From: 2142K(8704K)->2015K(2048K)
[185.486s][info][gc,heap        ] GC(334) ParOldGen: 288810K(394752K)->288826K(394752K)
[185.486s][info][gc,metaspace   ] GC(334) Metaspace: 56708K(57024K)->56708K(57024K) NonClass: 51079K(51328K)->51079K(51328K) Class: 5628K(5696K)->5628K(5696K)
[185.487s][info][gc             ] GC(334) Pause Young (Allocation Failure) 489M->284M(585M) 3.991ms
[185.487s][info][gc,cpu         ] GC(334) User=0.00s Sys=0.00s Real=0.01s
[185.968s][info][gc,start       ] GC(335) Pause Young (Allocation Failure)
[185.971s][info][gc,heap        ] GC(335) PSYoungGen: 204255K(204288K)->713K(196096K) Eden: 202240K(202240K)->0K(195072K) From: 2015K(2048K)->713K(1024K)
[185.971s][info][gc,heap        ] GC(335) ParOldGen: 288826K(394752K)->288842K(394752K)
[185.971s][info][gc,metaspace   ] GC(335) Metaspace: 56708K(57024K)->56708K(57024K) NonClass: 51079K(51328K)->51079K(51328K) Class: 5628K(5696K)->5628K(5696K)
[185.971s][info][gc             ] GC(335) Pause Young (Allocation Failure) 481M->282M(577M) 2.273ms
[185.971s][info][gc,cpu         ] GC(335) User=0.00s Sys=0.00s Real=0.00s
[186.389s][info][gc,start       ] GC(336) Pause Young (Allocation Failure)
[186.394s][info][gc,heap        ] GC(336) PSYoungGen: 195682K(196096K)->3104K(195584K) Eden: 194968K(195072K)->0K(187904K) From: 713K(1024K)->3104K(7680K)
[186.394s][info][gc,heap        ] GC(336) ParOldGen: 288842K(394752K)->288858K(394752K)
[186.394s][info][gc,metaspace   ] GC(336) Metaspace: 56708K(57024K)->56708K(57024K) NonClass: 51079K(51328K)->51079K(51328K) Class: 5628K(5696K)->5628K(5696K)
[186.394s][info][gc             ] GC(336) Pause Young (Allocation Failure) 473M->285M(576M) 5.060ms
[186.394s][info][gc,cpu         ] GC(336) User=0.01s Sys=0.00s Real=0.00s
[186.866s][info][gc,start       ] GC(337) Pause Young (Allocation Failure)
[186.868s][info][gc,heap        ] GC(337) PSYoungGen: 191008K(195584K)->288K(181760K) Eden: 187904K(187904K)->0K(181248K) From: 3104K(7680K)->288K(512K)
[186.868s][info][gc,heap        ] GC(337) ParOldGen: 288858K(394752K)->288874K(394752K)
[186.868s][info][gc,metaspace   ] GC(337) Metaspace: 56708K(57024K)->56708K(57024K) NonClass: 51079K(51328K)->51079K(51328K) Class: 5628K(5696K)->5628K(5696K)
[186.868s][info][gc             ] GC(337) Pause Young (Allocation Failure) 468M->282M(563M) 2.032ms
[186.868s][info][gc,cpu         ] GC(337) User=0.00s Sys=0.00s Real=0.01s
[187.281s][info][gc,start       ] GC(338) Pause Young (Allocation Failure)
[187.285s][info][gc,heap        ] GC(338) PSYoungGen: 181536K(181760K)->2207K(182272K) Eden: 181248K(181248K)->0K(175104K) From: 288K(512K)->2207K(7168K)
[187.285s][info][gc,heap        ] GC(338) ParOldGen: 288874K(394752K)->288890K(394752K)
[187.285s][info][gc,metaspace   ] GC(338) Metaspace: 56709K(57024K)->56709K(57024K) NonClass: 51081K(51328K)->51081K(51328K) Class: 5628K(5696K)->5628K(5696K)
[187.285s][info][gc             ] GC(338) Pause Young (Allocation Failure) 459M->284M(563M) 3.583ms
[187.285s][info][gc,cpu         ] GC(338) User=0.01s Sys=0.00s Real=0.00s
[187.684s][info][gc,start       ] GC(339) Pause Young (Allocation Failure)
[187.689s][info][gc,heap        ] GC(339) PSYoungGen: 177311K(182272K)->3135K(172544K) Eden: 175104K(175104K)->0K(168960K) From: 2207K(7168K)->3135K(3584K)
[187.689s][info][gc,heap        ] GC(339) ParOldGen: 288890K(394752K)->288906K(394752K)
[187.689s][info][gc,metaspace   ] GC(339) Metaspace: 56709K(57024K)->56709K(57024K) NonClass: 51081K(51328K)->51081K(51328K) Class: 5628K(5696K)->5628K(5696K)
[187.689s][info][gc             ] GC(339) Pause Young (Allocation Failure) 455M->285M(554M) 5.023ms
[187.689s][info][gc,cpu         ] GC(339) User=0.01s Sys=0.01s Real=0.01s
[188.089s][info][gc,start       ] GC(340) Pause Young (Allocation Failure)
[188.094s][info][gc,heap        ] GC(340) PSYoungGen: 172095K(172544K)->3071K(166400K) Eden: 168960K(168960K)->0K(163328K) From: 3135K(3584K)->3071K(3072K)
[188.094s][info][gc,heap        ] GC(340) ParOldGen: 288906K(394752K)->288922K(394752K)
[188.094s][info][gc,metaspace   ] GC(340) Metaspace: 56709K(57024K)->56709K(57024K) NonClass: 51081K(51328K)->51081K(51328K) Class: 5628K(5696K)->5628K(5696K)
[188.094s][info][gc             ] GC(340) Pause Young (Allocation Failure) 450M->285M(548M) 4.910ms
[188.094s][info][gc,cpu         ] GC(340) User=0.01s Sys=0.00s Real=0.00s
[188.477s][info][gc,start       ] GC(341) Pause Young (Allocation Failure)
[188.481s][info][gc,heap        ] GC(341) PSYoungGen: 166399K(166400K)->2271K(160256K) Eden: 163328K(163328K)->0K(157696K) From: 3071K(3072K)->2271K(2560K)
[188.481s][info][gc,heap        ] GC(341) ParOldGen: 288922K(394752K)->288938K(394752K)
[188.481s][info][gc,metaspace   ] GC(341) Metaspace: 56709K(57024K)->56709K(57024K) NonClass: 51081K(51328K)->51081K(51328K) Class: 5628K(5696K)->5628K(5696K)
[188.481s][info][gc             ] GC(341) Pause Young (Allocation Failure) 444M->284M(542M) 3.980ms
[188.481s][info][gc,cpu         ] GC(341) User=0.00s Sys=0.00s Real=0.00s
[188.870s][info][gc,start       ] GC(342) Pause Young (Allocation Failure)
[188.872s][info][gc,heap        ] GC(342) PSYoungGen: 159967K(160256K)->1183K(154112K) Eden: 157696K(157696K)->0K(152576K) From: 2271K(2560K)->1183K(1536K)
[188.872s][info][gc,heap        ] GC(342) ParOldGen: 288938K(394752K)->288954K(394752K)
[188.872s][info][gc,metaspace   ] GC(342) Metaspace: 56709K(57024K)->56709K(57024K) NonClass: 51081K(51328K)->51081K(51328K) Class: 5628K(5696K)->5628K(5696K)
[188.872s][info][gc             ] GC(342) Pause Young (Allocation Failure) 438M->283M(536M) 2.586ms
[188.872s][info][gc,cpu         ] GC(342) User=0.01s Sys=0.00s Real=0.00s
[189.251s][info][gc,start       ] GC(343) Pause Young (Allocation Failure)
[189.256s][info][gc,heap        ] GC(343) PSYoungGen: 153759K(154112K)->3071K(150528K) Eden: 152576K(152576K)->0K(147456K) From: 1183K(1536K)->3071K(3072K)
[189.256s][info][gc,heap        ] GC(343) ParOldGen: 288954K(394752K)->288970K(394752K)
[189.256s][info][gc,metaspace   ] GC(343) Metaspace: 56709K(57024K)->56709K(57024K) NonClass: 51081K(51328K)->51081K(51328K) Class: 5628K(5696K)->5628K(5696K)
[189.256s][info][gc             ] GC(343) Pause Young (Allocation Failure) 432M->285M(532M) 4.884ms
[189.256s][info][gc,cpu         ] GC(343) User=0.00s Sys=0.00s Real=0.01s
[189.574s][info][gc,start       ] GC(344) Pause Young (Allocation Failure)
[189.577s][info][gc,heap        ] GC(344) PSYoungGen: 150527K(150528K)->1663K(144896K) Eden: 147456K(147456K)->0K(142848K) From: 3071K(3072K)->1663K(2048K)
[189.577s][info][gc,heap        ] GC(344) ParOldGen: 288970K(394752K)->288986K(394752K)
[189.578s][info][gc,metaspace   ] GC(344) Metaspace: 56709K(57024K)->56709K(57024K) NonClass: 51081K(51328K)->51081K(51328K) Class: 5628K(5696K)->5628K(5696K)
[189.578s][info][gc             ] GC(344) Pause Young (Allocation Failure) 429M->283M(527M) 3.221ms
[189.578s][info][gc,cpu         ] GC(344) User=0.01s Sys=0.00s Real=0.01s
[189.888s][info][gc,start       ] GC(345) Pause Young (Allocation Failure)
[189.893s][info][gc,heap        ] GC(345) PSYoungGen: 144511K(144896K)->3455K(173568K) Eden: 142848K(142848K)->0K(169984K) From: 1663K(2048K)->3455K(3584K)
[189.893s][info][gc,heap        ] GC(345) ParOldGen: 288986K(394752K)->289002K(394752K)
[189.893s][info][gc,metaspace   ] GC(345) Metaspace: 56709K(57024K)->56709K(57024K) NonClass: 51081K(51328K)->51081K(51328K) Class: 5628K(5696K)->5628K(5696K)
[189.893s][info][gc             ] GC(345) Pause Young (Allocation Failure) 423M->285M(555M) 5.214ms
[189.893s][info][gc,cpu         ] GC(345) User=0.01s Sys=0.00s Real=0.00s
[190.344s][info][gc,start       ] GC(346) Pause Young (Allocation Failure)
[190.349s][info][gc,heap        ] GC(346) PSYoungGen: 173439K(173568K)->3327K(180224K) Eden: 169984K(169984K)->0K(174592K) From: 3455K(3584K)->3327K(5632K)
[190.349s][info][gc,heap        ] GC(346) ParOldGen: 289002K(394752K)->289018K(394752K)
[190.349s][info][gc,metaspace   ] GC(346) Metaspace: 56709K(57024K)->56709K(57024K) NonClass: 51081K(51328K)->51081K(51328K) Class: 5628K(5696K)->5628K(5696K)
[190.349s][info][gc             ] GC(346) Pause Young (Allocation Failure) 451M->285M(561M) 5.034ms
[190.349s][info][gc,cpu         ] GC(346) User=0.01s Sys=0.00s Real=0.01s
[190.691s][info][gc,start       ] GC(347) Pause Young (Allocation Failure)
[190.696s][info][gc,heap        ] GC(347) PSYoungGen: 177911K(180224K)->2560K(207872K) Eden: 174583K(174592K)->0K(202240K) From: 3327K(5632K)->2560K(5632K)
[190.696s][info][gc,heap        ] GC(347) ParOldGen: 289018K(394752K)->289034K(394752K)
[190.696s][info][gc,metaspace   ] GC(347) Metaspace: 56709K(57024K)->56709K(57024K) NonClass: 51081K(51328K)->51081K(51328K) Class: 5628K(5696K)->5628K(5696K)
[190.696s][info][gc             ] GC(347) Pause Young (Allocation Failure) 455M->284M(588M) 5.346ms
[190.696s][info][gc,cpu         ] GC(347) User=0.01s Sys=0.01s Real=0.01s
[191.190s][info][gc,start       ] GC(348) Pause Young (Allocation Failure)
[191.195s][info][gc,heap        ] GC(348) PSYoungGen: 204800K(207872K)->2462K(207872K) Eden: 202240K(202240K)->0K(202240K) From: 2560K(5632K)->2462K(5632K)
[191.195s][info][gc,heap        ] GC(348) ParOldGen: 289034K(394752K)->289050K(394752K)
[191.195s][info][gc,metaspace   ] GC(348) Metaspace: 56709K(57024K)->56709K(57024K) NonClass: 51081K(51328K)->51081K(51328K) Class: 5628K(5696K)->5628K(5696K)
[191.195s][info][gc             ] GC(348) Pause Young (Allocation Failure) 482M->284M(588M) 4.265ms
[191.195s][info][gc,cpu         ] GC(348) User=0.00s Sys=0.00s Real=0.00s
[191.678s][info][gc,start       ] GC(349) Pause Young (Allocation Failure)
[191.681s][info][gc,heap        ] GC(349) PSYoungGen: 204702K(207872K)->1216K(244736K) Eden: 202240K(202240K)->0K(240128K) From: 2462K(5632K)->1216K(4608K)
[191.681s][info][gc,heap        ] GC(349) ParOldGen: 289050K(394752K)->289066K(394752K)
[191.681s][info][gc,metaspace   ] GC(349) Metaspace: 56709K(57024K)->56709K(57024K) NonClass: 51081K(51328K)->51081K(51328K) Class: 5628K(5696K)->5628K(5696K)
[191.681s][info][gc             ] GC(349) Pause Young (Allocation Failure) 482M->283M(624M) 3.109ms
[191.681s][info][gc,cpu         ] GC(349) User=0.01s Sys=0.00s Real=0.00s
[192.270s][info][gc,start       ] GC(350) Pause Young (Allocation Failure)
[192.273s][info][gc,heap        ] GC(350) PSYoungGen: 241344K(244736K)->863K(231936K) Eden: 240128K(240128K)->0K(230912K) From: 1216K(4608K)->863K(1024K)
[192.273s][info][gc,heap        ] GC(350) ParOldGen: 289066K(394752K)->289082K(394752K)
[192.273s][info][gc,metaspace   ] GC(350) Metaspace: 56709K(57024K)->56709K(57024K) NonClass: 51081K(51328K)->51081K(51328K) Class: 5628K(5696K)->5628K(5696K)
[192.273s][info][gc             ] GC(350) Pause Young (Allocation Failure) 517M->283M(612M) 2.418ms
[192.273s][info][gc,cpu         ] GC(350) User=0.01s Sys=0.00s Real=0.00s
[192.793s][info][gc,start       ] GC(351) Pause Young (Allocation Failure)
[192.798s][info][gc,heap        ] GC(351) PSYoungGen: 231775K(231936K)->2304K(224768K) Eden: 230912K(230912K)->0K(222208K) From: 863K(1024K)->2304K(2560K)
[192.798s][info][gc,heap        ] GC(351) ParOldGen: 289082K(394752K)->289098K(394752K)
[192.798s][info][gc,metaspace   ] GC(351) Metaspace: 56709K(57024K)->56709K(57024K) NonClass: 51081K(51328K)->51081K(51328K) Class: 5628K(5696K)->5628K(5696K)
[192.798s][info][gc             ] GC(351) Pause Young (Allocation Failure) 508M->284M(605M) 4.987ms
[192.798s][info][gc,cpu         ] GC(351) User=0.01s Sys=0.00s Real=0.01s
[193.299s][info][gc,start       ] GC(352) Pause Young (Allocation Failure)
[193.302s][info][gc,heap        ] GC(352) PSYoungGen: 224512K(224768K)->1727K(216064K) Eden: 222208K(222208K)->0K(214016K) From: 2304K(2560K)->1727K(2048K)
[193.302s][info][gc,heap        ] GC(352) ParOldGen: 289098K(394752K)->289114K(394752K)
[193.302s][info][gc,metaspace   ] GC(352) Metaspace: 56709K(57024K)->56709K(57024K) NonClass: 51081K(51328K)->51081K(51328K) Class: 5628K(5696K)->5628K(5696K)
[193.302s][info][gc             ] GC(352) Pause Young (Allocation Failure) 501M->284M(596M) 3.362ms
[193.302s][info][gc,cpu         ] GC(352) User=0.01s Sys=0.01s Real=0.00s
[193.810s][info][gc,start       ] GC(353) Pause Young (Allocation Failure)
[193.813s][info][gc,heap        ] GC(353) PSYoungGen: 215743K(216064K)->1375K(207872K) Eden: 214016K(214016K)->0K(206336K) From: 1727K(2048K)->1375K(1536K)
[193.813s][info][gc,heap        ] GC(353) ParOldGen: 289114K(394752K)->289130K(394752K)
[193.813s][info][gc,metaspace   ] GC(353) Metaspace: 56709K(57024K)->56709K(57024K) NonClass: 51081K(51328K)->51081K(51328K) Class: 5628K(5696K)->5628K(5696K)
[193.813s][info][gc             ] GC(353) Pause Young (Allocation Failure) 493M->283M(588M) 3.085ms
[193.813s][info][gc,cpu         ] GC(353) User=0.00s Sys=0.00s Real=0.00s
[194.297s][info][gc,start       ] GC(354) Pause Young (Allocation Failure)
[194.301s][info][gc,heap        ] GC(354) PSYoungGen: 207711K(207872K)->3038K(201728K) Eden: 206336K(206336K)->0K(198656K) From: 1375K(1536K)->3038K(3072K)
[194.301s][info][gc,heap        ] GC(354) ParOldGen: 289130K(394752K)->289146K(394752K)
[194.301s][info][gc,metaspace   ] GC(354) Metaspace: 56709K(57024K)->56709K(57024K) NonClass: 51081K(51328K)->51081K(51328K) Class: 5628K(5696K)->5628K(5696K)
[194.301s][info][gc             ] GC(354) Pause Young (Allocation Failure) 485M->285M(582M) 4.375ms
[194.301s][info][gc,cpu         ] GC(354) User=0.01s Sys=0.00s Real=0.00s
[194.883s][info][gc,start       ] GC(355) Pause Young (Allocation Failure)
[194.887s][info][gc,heap        ] GC(355) PSYoungGen: 201694K(201728K)->2495K(194048K) Eden: 198656K(198656K)->0K(191488K) From: 3038K(3072K)->2495K(2560K)
[194.887s][info][gc,heap        ] GC(355) ParOldGen: 289146K(394752K)->289162K(394752K)
[194.887s][info][gc,metaspace   ] GC(355) Metaspace: 56709K(57024K)->56709K(57024K) NonClass: 51081K(51328K)->51081K(51328K) Class: 5628K(5696K)->5628K(5696K)
[194.887s][info][gc             ] GC(355) Pause Young (Allocation Failure) 479M->284M(575M) 4.079ms
[194.887s][info][gc,cpu         ] GC(355) User=0.01s Sys=0.00s Real=0.01s
[195.304s][info][gc,start       ] GC(356) Pause Young (Allocation Failure)
[195.306s][info][gc,heap        ] GC(356) PSYoungGen: 193983K(194048K)->799K(185856K) Eden: 191488K(191488K)->0K(184832K) From: 2495K(2560K)->799K(1024K)
[195.306s][info][gc,heap        ] GC(356) ParOldGen: 289162K(394752K)->289178K(394752K)
[195.306s][info][gc,metaspace   ] GC(356) Metaspace: 56709K(57024K)->56709K(57024K) NonClass: 51081K(51328K)->51081K(51328K) Class: 5628K(5696K)->5628K(5696K)
[195.306s][info][gc             ] GC(356) Pause Young (Allocation Failure) 471M->283M(567M) 2.346ms
[195.306s][info][gc,cpu         ] GC(356) User=0.01s Sys=0.00s Real=0.01s
[195.782s][info][gc,start       ] GC(357) Pause Young (Allocation Failure)
[195.785s][info][gc,heap        ] GC(357) PSYoungGen: 185631K(185856K)->2431K(180736K) Eden: 184832K(184832K)->0K(178176K) From: 799K(1024K)->2431K(2560K)
[195.786s][info][gc,heap        ] GC(357) ParOldGen: 289178K(394752K)->289194K(394752K)
[195.786s][info][gc,metaspace   ] GC(357) Metaspace: 56709K(57024K)->56709K(57024K) NonClass: 51081K(51328K)->51081K(51328K) Class: 5628K(5696K)->5628K(5696K)
[195.786s][info][gc             ] GC(357) Pause Young (Allocation Failure) 463M->284M(562M) 4.037ms
[195.786s][info][gc,cpu         ] GC(357) User=0.01s Sys=0.00s Real=0.00s
[196.194s][info][gc,start       ] GC(358) Pause Young (Allocation Failure)
[196.199s][info][gc,heap        ] GC(358) PSYoungGen: 180607K(180736K)->3327K(175616K) Eden: 178176K(178176K)->0K(172032K) From: 2431K(2560K)->3327K(3584K)
[196.199s][info][gc,heap        ] GC(358) ParOldGen: 289194K(394752K)->289210K(394752K)
[196.199s][info][gc,metaspace   ] GC(358) Metaspace: 56709K(57024K)->56709K(57024K) NonClass: 51081K(51328K)->51081K(51328K) Class: 5628K(5696K)->5628K(5696K)
[196.199s][info][gc             ] GC(358) Pause Young (Allocation Failure) 458M->285M(557M) 5.177ms
[196.199s][info][gc,cpu         ] GC(358) User=0.00s Sys=0.00s Real=0.01s
[196.595s][info][gc,start       ] GC(359) Pause Young (Allocation Failure)
[196.599s][info][gc,heap        ] GC(359) PSYoungGen: 175359K(175616K)->2496K(168448K) Eden: 172032K(172032K)->0K(165888K) From: 3327K(3584K)->2496K(2560K)
[196.599s][info][gc,heap        ] GC(359) ParOldGen: 289210K(394752K)->289226K(394752K)
[196.599s][info][gc,metaspace   ] GC(359) Metaspace: 56709K(57024K)->56709K(57024K) NonClass: 51081K(51328K)->51081K(51328K) Class: 5628K(5696K)->5628K(5696K)
[196.599s][info][gc             ] GC(359) Pause Young (Allocation Failure) 453M->284M(550M) 4.378ms
[196.599s][info][gc,cpu         ] GC(359) User=0.01s Sys=0.00s Real=0.01s
[196.994s][info][gc,start       ] GC(360) Pause Young (Allocation Failure)
[197.003s][info][gc,heap        ] GC(360) PSYoungGen: 168384K(168448K)->2560K(200192K) Eden: 165888K(165888K)->0K(197632K) From: 2496K(2560K)->2560K(2560K)
[197.003s][info][gc,heap        ] GC(360) ParOldGen: 289226K(394752K)->289242K(394752K)
[197.003s][info][gc,metaspace   ] GC(360) Metaspace: 56709K(57024K)->56709K(57024K) NonClass: 51081K(51328K)->51081K(51328K) Class: 5628K(5696K)->5628K(5696K)
[197.003s][info][gc             ] GC(360) Pause Young (Allocation Failure) 446M->284M(581M) 8.979ms
[197.003s][info][gc,cpu         ] GC(360) User=0.01s Sys=0.00s Real=0.01s
[197.475s][info][gc,start       ] GC(361) Pause Young (Allocation Failure)
[197.479s][info][gc,heap        ] GC(361) PSYoungGen: 200192K(200192K)->1919K(221696K) Eden: 197632K(197632K)->0K(217088K) From: 2560K(2560K)->1919K(4608K)
[197.479s][info][gc,heap        ] GC(361) ParOldGen: 289242K(394752K)->289258K(394752K)
[197.479s][info][gc,metaspace   ] GC(361) Metaspace: 56709K(57024K)->56709K(57024K) NonClass: 51081K(51328K)->51081K(51328K) Class: 5628K(5696K)->5628K(5696K)
[197.479s][info][gc             ] GC(361) Pause Young (Allocation Failure) 477M->284M(602M) 4.024ms
[197.479s][info][gc,cpu         ] GC(361) User=0.01s Sys=0.00s Real=0.01s
[197.979s][info][gc,start       ] GC(362) Pause Young (Allocation Failure)
[197.983s][info][gc,heap        ] GC(362) PSYoungGen: 219007K(221696K)->2239K(221696K) Eden: 217088K(217088K)->0K(217088K) From: 1919K(4608K)->2239K(4608K)
[197.983s][info][gc,heap        ] GC(362) ParOldGen: 289258K(394752K)->289274K(394752K)
[197.983s][info][gc,metaspace   ] GC(362) Metaspace: 56709K(57024K)->56709K(57024K) NonClass: 51081K(51328K)->51081K(51328K) Class: 5628K(5696K)->5628K(5696K)
[197.983s][info][gc             ] GC(362) Pause Young (Allocation Failure) 496M->284M(602M) 3.762ms
[197.983s][info][gc,cpu         ] GC(362) User=0.00s Sys=0.00s Real=0.00s
[198.480s][info][gc,start       ] GC(363) Pause Young (Allocation Failure)
[198.484s][info][gc,heap        ] GC(363) PSYoungGen: 219327K(221696K)->2238K(262144K) Eden: 217088K(217088K)->0K(258048K) From: 2239K(4608K)->2238K(4096K)
[198.484s][info][gc,heap        ] GC(363) ParOldGen: 289274K(394752K)->289290K(394752K)
[198.484s][info][gc,metaspace   ] GC(363) Metaspace: 56709K(57024K)->56709K(57024K) NonClass: 51081K(51328K)->51081K(51328K) Class: 5628K(5696K)->5628K(5696K)
[198.484s][info][gc             ] GC(363) Pause Young (Allocation Failure) 496M->284M(641M) 4.053ms
[198.484s][info][gc,cpu         ] GC(363) User=0.00s Sys=0.00s Real=0.00s
[199.103s][info][gc,start       ] GC(364) Pause Young (Allocation Failure)
[199.108s][info][gc,heap        ] GC(364) PSYoungGen: 260286K(262144K)->1920K(250368K) Eden: 258048K(258048K)->0K(248320K) From: 2238K(4096K)->1920K(2048K)
[199.108s][info][gc,heap        ] GC(364) ParOldGen: 289290K(394752K)->289306K(394752K)
[199.108s][info][gc,metaspace   ] GC(364) Metaspace: 56709K(57024K)->56709K(57024K) NonClass: 51081K(51328K)->51081K(51328K) Class: 5628K(5696K)->5628K(5696K)
[199.108s][info][gc             ] GC(364) Pause Young (Allocation Failure) 536M->284M(630M) 4.349ms
[199.108s][info][gc,cpu         ] GC(364) User=0.01s Sys=0.01s Real=0.01s
[199.678s][info][gc,start       ] GC(365) Pause Young (Allocation Failure)
[199.682s][info][gc,heap        ] GC(365) PSYoungGen: 250240K(250368K)->1918K(240640K) Eden: 248320K(248320K)->0K(238592K) From: 1920K(2048K)->1918K(2048K)
[199.682s][info][gc,heap        ] GC(365) ParOldGen: 289306K(394752K)->289322K(394752K)
[199.682s][info][gc,metaspace   ] GC(365) Metaspace: 56709K(57024K)->56709K(57024K) NonClass: 51081K(51328K)->51081K(51328K) Class: 5628K(5696K)->5628K(5696K)
[199.682s][info][gc             ] GC(365) Pause Young (Allocation Failure) 526M->284M(620M) 3.913ms
[199.682s][info][gc,cpu         ] GC(365) User=0.01s Sys=0.00s Real=0.00s
[200.265s][info][gc,start       ] GC(366) Pause Young (Allocation Failure)
[200.267s][info][gc,heap        ] GC(366) PSYoungGen: 240510K(240640K)->241K(229888K) Eden: 238592K(238592K)->0K(229376K) From: 1918K(2048K)->241K(512K)
[200.267s][info][gc,heap        ] GC(366) ParOldGen: 289322K(394752K)->289338K(394752K)
[200.267s][info][gc,metaspace   ] GC(366) Metaspace: 56709K(57024K)->56709K(57024K) NonClass: 51081K(51328K)->51081K(51328K) Class: 5628K(5696K)->5628K(5696K)
[200.267s][info][gc             ] GC(366) Pause Young (Allocation Failure) 517M->282M(610M) 1.902ms
[200.267s][info][gc,cpu         ] GC(366) User=0.01s Sys=0.00s Real=0.01s
[200.780s][info][gc,start       ] GC(367) Pause Young (Allocation Failure)
[200.784s][info][gc,heap        ] GC(367) PSYoungGen: 229617K(229888K)->2176K(223232K) Eden: 229376K(229376K)->0K(220672K) From: 241K(512K)->2176K(2560K)
[200.784s][info][gc,heap        ] GC(367) ParOldGen: 289338K(394752K)->289354K(394752K)
[200.784s][info][gc,metaspace   ] GC(367) Metaspace: 56709K(57024K)->56709K(57024K) NonClass: 51081K(51328K)->51081K(51328K) Class: 5628K(5696K)->5628K(5696K)
[200.784s][info][gc             ] GC(367) Pause Young (Allocation Failure) 506M->284M(603M) 4.120ms
[200.784s][info][gc,cpu         ] GC(367) User=0.01s Sys=0.00s Real=0.00s
[201.297s][info][gc,start       ] GC(368) Pause Young (Allocation Failure)
[201.301s][info][gc,heap        ] GC(368) PSYoungGen: 222848K(223232K)->2367K(215040K) Eden: 220672K(220672K)->0K(212480K) From: 2176K(2560K)->2367K(2560K)
[201.301s][info][gc,heap        ] GC(368) ParOldGen: 289354K(394752K)->289370K(394752K)
[201.301s][info][gc,metaspace   ] GC(368) Metaspace: 56709K(57024K)->56709K(57024K) NonClass: 51081K(51328K)->51081K(51328K) Class: 5628K(5696K)->5628K(5696K)
[201.301s][info][gc             ] GC(368) Pause Young (Allocation Failure) 500M->284M(595M) 4.077ms
[201.301s][info][gc,cpu         ] GC(368) User=0.01s Sys=0.00s Real=0.00s
[201.791s][info][gc,start       ] GC(369) Pause Young (Allocation Failure)
[201.796s][info][gc,heap        ] GC(369) PSYoungGen: 214619K(215040K)->3391K(208384K) Eden: 212252K(212480K)->0K(204800K) From: 2367K(2560K)->3391K(3584K)
[201.796s][info][gc,heap        ] GC(369) ParOldGen: 289370K(394752K)->289386K(394752K)
[201.796s][info][gc,metaspace   ] GC(369) Metaspace: 56709K(57024K)->56709K(57024K) NonClass: 51081K(51328K)->51081K(51328K) Class: 5628K(5696K)->5628K(5696K)
[201.796s][info][gc             ] GC(369) Pause Young (Allocation Failure) 492M->285M(589M) 5.072ms
[201.796s][info][gc,cpu         ] GC(369) User=0.01s Sys=0.00s Real=0.01s
[202.287s][info][gc,start       ] GC(370) Pause Young (Allocation Failure)
[202.292s][info][gc,heap        ] GC(370) PSYoungGen: 208191K(208384K)->2814K(200704K) Eden: 204800K(204800K)->0K(197632K) From: 3391K(3584K)->2814K(3072K)
[202.292s][info][gc,heap        ] GC(370) ParOldGen: 289386K(394752K)->289402K(394752K)
[202.292s][info][gc,metaspace   ] GC(370) Metaspace: 56709K(57024K)->56709K(57024K) NonClass: 51081K(51328K)->51081K(51328K) Class: 5628K(5696K)->5628K(5696K)
[202.292s][info][gc             ] GC(370) Pause Young (Allocation Failure) 485M->285M(581M) 4.316ms
[202.292s][info][gc,cpu         ] GC(370) User=0.01s Sys=0.00s Real=0.00s
[202.773s][info][gc,start       ] GC(371) Pause Young (Allocation Failure)
[202.776s][info][gc,heap        ] GC(371) PSYoungGen: 200446K(200704K)->1727K(192512K) Eden: 197632K(197632K)->0K(190464K) From: 2814K(3072K)->1727K(2048K)
[202.776s][info][gc,heap        ] GC(371) ParOldGen: 289402K(394752K)->289418K(394752K)
[202.776s][info][gc,metaspace   ] GC(371) Metaspace: 56709K(57024K)->56709K(57024K) NonClass: 51081K(51328K)->51081K(51328K) Class: 5628K(5696K)->5628K(5696K)
[202.776s][info][gc             ] GC(371) Pause Young (Allocation Failure) 478M->284M(573M) 2.975ms
[202.776s][info][gc,cpu         ] GC(371) User=0.00s Sys=0.00s Real=0.01s
[203.214s][info][gc,start       ] GC(372) Pause Young (Allocation Failure)
[203.218s][info][gc,heap        ] GC(372) PSYoungGen: 192191K(192512K)->2943K(186880K) Eden: 190464K(190464K)->0K(183808K) From: 1727K(2048K)->2943K(3072K)
[203.218s][info][gc,heap        ] GC(372) ParOldGen: 289418K(394752K)->289434K(394752K)
[203.218s][info][gc,metaspace   ] GC(372) Metaspace: 56709K(57024K)->56709K(57024K) NonClass: 51081K(51328K)->51081K(51328K) Class: 5628K(5696K)->5628K(5696K)
[203.218s][info][gc             ] GC(372) Pause Young (Allocation Failure) 470M->285M(568M) 4.650ms
[203.218s][info][gc,cpu         ] GC(372) User=0.01s Sys=0.00s Real=0.01s
[203.668s][info][gc,start       ] GC(373) Pause Young (Allocation Failure)
[203.671s][info][gc,heap        ] GC(373) PSYoungGen: 186751K(186880K)->895K(178176K) Eden: 183808K(183808K)->0K(177152K) From: 2943K(3072K)->895K(1024K)
[203.671s][info][gc,heap        ] GC(373) ParOldGen: 289434K(394752K)->289450K(394752K)
[203.671s][info][gc,metaspace   ] GC(373) Metaspace: 56709K(57024K)->56709K(57024K) NonClass: 51081K(51328K)->51081K(51328K) Class: 5628K(5696K)->5628K(5696K)
[203.671s][info][gc             ] GC(373) Pause Young (Allocation Failure) 465M->283M(559M) 2.374ms
[203.671s][info][gc,cpu         ] GC(373) User=0.01s Sys=0.00s Real=0.00s
[204.076s][info][gc,start       ] GC(374) Pause Young (Allocation Failure)
[204.079s][info][gc,heap        ] GC(374) PSYoungGen: 178047K(178176K)->1982K(175616K) Eden: 177152K(177152K)->0K(171008K) From: 895K(1024K)->1982K(4608K)
[204.080s][info][gc,heap        ] GC(374) ParOldGen: 289450K(394752K)->289466K(394752K)
[204.080s][info][gc,metaspace   ] GC(374) Metaspace: 56709K(57024K)->56709K(57024K) NonClass: 51081K(51328K)->51081K(51328K) Class: 5628K(5696K)->5628K(5696K)
[204.080s][info][gc             ] GC(374) Pause Young (Allocation Failure) 456M->284M(557M) 3.098ms
[204.080s][info][gc,cpu         ] GC(374) User=0.01s Sys=0.00s Real=0.00s
[204.482s][info][gc,start       ] GC(375) Pause Young (Allocation Failure)
[204.485s][info][gc,heap        ] GC(375) PSYoungGen: 172990K(175616K)->2366K(167936K) Eden: 171008K(171008K)->0K(165376K) From: 1982K(4608K)->2366K(2560K)
[204.486s][info][gc,heap        ] GC(375) ParOldGen: 289466K(394752K)->289482K(394752K)
[204.486s][info][gc,metaspace   ] GC(375) Metaspace: 56709K(57024K)->56709K(57024K) NonClass: 51081K(51328K)->51081K(51328K) Class: 5628K(5696K)->5628K(5696K)
[204.486s][info][gc             ] GC(375) Pause Young (Allocation Failure) 451M->285M(549M) 3.544ms
[204.486s][info][gc,cpu         ] GC(375) User=0.01s Sys=0.00s Real=0.00s
[204.872s][info][gc,start       ] GC(376) Pause Young (Allocation Failure)
[204.875s][info][gc,heap        ] GC(376) PSYoungGen: 167742K(167936K)->1630K(161792K) Eden: 165376K(165376K)->0K(159744K) From: 2366K(2560K)->1630K(2048K)
[204.875s][info][gc,heap        ] GC(376) ParOldGen: 289482K(394752K)->289498K(394752K)
[204.875s][info][gc,metaspace   ] GC(376) Metaspace: 56709K(57024K)->56709K(57024K) NonClass: 51081K(51328K)->51081K(51328K) Class: 5628K(5696K)->5628K(5696K)
[204.875s][info][gc             ] GC(376) Pause Young (Allocation Failure) 446M->284M(543M) 3.133ms
[204.875s][info][gc,cpu         ] GC(376) User=0.00s Sys=0.00s Real=0.00s
[205.265s][info][gc,start       ] GC(377) Pause Young (Allocation Failure)
[205.267s][info][gc,heap        ] GC(377) PSYoungGen: 161374K(161792K)->256K(155136K) Eden: 159744K(159744K)->0K(154624K) From: 1630K(2048K)->256K(512K)
[205.267s][info][gc,heap        ] GC(377) ParOldGen: 289498K(394752K)->289514K(394752K)
[205.267s][info][gc,metaspace   ] GC(377) Metaspace: 56709K(57024K)->56709K(57024K) NonClass: 51081K(51328K)->51081K(51328K) Class: 5628K(5696K)->5628K(5696K)
[205.267s][info][gc             ] GC(377) Pause Young (Allocation Failure) 440M->282M(537M) 1.979ms
[205.267s][info][gc,cpu         ] GC(377) User=0.00s Sys=0.00s Real=0.01s
[205.597s][info][gc,start       ] GC(378) Pause Young (Allocation Failure)
[205.601s][info][gc,heap        ] GC(378) PSYoungGen: 154880K(155136K)->3071K(152576K) Eden: 154624K(154624K)->0K(149504K) From: 256K(512K)->3071K(3072K)
[205.601s][info][gc,heap        ] GC(378) ParOldGen: 289514K(394752K)->289530K(394752K)
[205.601s][info][gc,metaspace   ] GC(378) Metaspace: 56709K(57024K)->56709K(57024K) NonClass: 51081K(51328K)->51081K(51328K) Class: 5628K(5696K)->5628K(5696K)
[205.601s][info][gc             ] GC(378) Pause Young (Allocation Failure) 433M->285M(534M) 4.675ms
[205.601s][info][gc,cpu         ] GC(378) User=0.01s Sys=0.00s Real=0.00s
[205.973s][info][gc,start       ] GC(379) Pause Young (Allocation Failure)
[205.976s][info][gc,heap        ] GC(379) PSYoungGen: 152575K(152576K)->1535K(145920K) Eden: 149504K(149504K)->0K(144384K) From: 3071K(3072K)->1535K(1536K)
[205.976s][info][gc,heap        ] GC(379) ParOldGen: 289530K(394752K)->289546K(394752K)
[205.976s][info][gc,metaspace   ] GC(379) Metaspace: 56709K(57024K)->56709K(57024K) NonClass: 51081K(51328K)->51081K(51328K) Class: 5628K(5696K)->5628K(5696K)
[205.976s][info][gc             ] GC(379) Pause Young (Allocation Failure) 431M->284M(528M) 3.035ms
[205.976s][info][gc,cpu         ] GC(379) User=0.01s Sys=0.00s Real=0.00s
[206.289s][info][gc,start       ] GC(380) Pause Young (Allocation Failure)
[206.294s][info][gc,heap        ] GC(380) PSYoungGen: 145919K(145920K)->3263K(175616K) Eden: 144384K(144384K)->0K(172032K) From: 1535K(1536K)->3263K(3584K)
[206.294s][info][gc,heap        ] GC(380) ParOldGen: 289546K(394752K)->289562K(394752K)
[206.294s][info][gc,metaspace   ] GC(380) Metaspace: 56709K(57024K)->56709K(57024K) NonClass: 51081K(51328K)->51081K(51328K) Class: 5628K(5696K)->5628K(5696K)
[206.294s][info][gc             ] GC(380) Pause Young (Allocation Failure) 425M->285M(557M) 5.180ms
[206.294s][info][gc,cpu         ] GC(380) User=0.01s Sys=0.00s Real=0.00s
[206.712s][info][gc,start       ] GC(381) Pause Young (Allocation Failure)
[206.717s][info][gc,heap        ] GC(381) PSYoungGen: 175295K(175616K)->3327K(208384K) Eden: 172032K(172032K)->0K(204800K) From: 3263K(3584K)->3327K(3584K)
[206.717s][info][gc,heap        ] GC(381) ParOldGen: 289562K(394752K)->289578K(394752K)
[206.717s][info][gc,metaspace   ] GC(381) Metaspace: 56709K(57024K)->56709K(57024K) NonClass: 51081K(51328K)->51081K(51328K) Class: 5628K(5696K)->5628K(5696K)
[206.717s][info][gc             ] GC(381) Pause Young (Allocation Failure) 453M->286M(589M) 4.925ms
[206.717s][info][gc,cpu         ] GC(381) User=0.01s Sys=0.00s Real=0.01s
[207.184s][info][gc,start       ] GC(382) Pause Young (Allocation Failure)
[207.188s][info][gc,heap        ] GC(382) PSYoungGen: 208127K(208384K)->2272K(233472K) Eden: 204800K(204800K)->0K(228864K) From: 3327K(3584K)->2272K(4608K)
[207.188s][info][gc,heap        ] GC(382) ParOldGen: 289578K(394752K)->289594K(394752K)
[207.188s][info][gc,metaspace   ] GC(382) Metaspace: 56709K(57024K)->56709K(57024K) NonClass: 51081K(51328K)->51081K(51328K) Class: 5628K(5696K)->5628K(5696K)
[207.188s][info][gc             ] GC(382) Pause Young (Allocation Failure) 486M->285M(613M) 4.225ms
[207.188s][info][gc,cpu         ] GC(382) User=0.01s Sys=0.00s Real=0.01s
[207.756s][info][gc,start       ] GC(383) Pause Young (Allocation Failure)
[207.763s][info][gc,heap        ] GC(383) PSYoungGen: 231136K(233472K)->1023K(247808K) Eden: 228864K(228864K)->0K(243200K) From: 2272K(4608K)->1023K(4608K)
[207.763s][info][gc,heap        ] GC(383) ParOldGen: 289594K(394752K)->289610K(394752K)
[207.763s][info][gc,metaspace   ] GC(383) Metaspace: 56709K(57024K)->56709K(57024K) NonClass: 51081K(51328K)->51081K(51328K) Class: 5628K(5696K)->5628K(5696K)
[207.763s][info][gc             ] GC(383) Pause Young (Allocation Failure) 508M->283M(627M) 6.990ms
[207.763s][info][gc,cpu         ] GC(383) User=0.01s Sys=0.00s Real=0.00s
[208.294s][info][gc,start       ] GC(384) Pause Young (Allocation Failure)
[208.300s][info][gc,heap        ] GC(384) PSYoungGen: 244052K(247808K)->2848K(247808K) Eden: 243029K(243200K)->0K(243200K) From: 1023K(4608K)->2848K(4608K)
[208.300s][info][gc,heap        ] GC(384) ParOldGen: 289610K(394752K)->289626K(394752K)
[208.300s][info][gc,metaspace   ] GC(384) Metaspace: 56709K(57024K)->56709K(57024K) NonClass: 51081K(51328K)->51081K(51328K) Class: 5628K(5696K)->5628K(5696K)
[208.300s][info][gc             ] GC(384) Pause Young (Allocation Failure) 521M->285M(627M) 6.518ms
[208.300s][info][gc,cpu         ] GC(384) User=0.01s Sys=0.00s Real=0.01s
[208.887s][info][gc,start       ] GC(385) Pause Young (Allocation Failure)
[208.896s][info][gc,heap        ] GC(385) PSYoungGen: 246048K(247808K)->2815K(293888K) Eden: 243200K(243200K)->0K(289280K) From: 2848K(4608K)->2815K(4608K)
[208.896s][info][gc,heap        ] GC(385) ParOldGen: 289626K(394752K)->289642K(394752K)
[208.896s][info][gc,metaspace   ] GC(385) Metaspace: 56709K(57024K)->56709K(57024K) NonClass: 51081K(51328K)->51081K(51328K) Class: 5628K(5696K)->5628K(5696K)
[208.896s][info][gc             ] GC(385) Pause Young (Allocation Failure) 523M->285M(672M) 8.448ms
[208.896s][info][gc,cpu         ] GC(385) User=0.01s Sys=0.00s Real=0.00s
[209.578s][info][gc,start       ] GC(386) Pause Young (Allocation Failure)
[209.581s][info][gc,heap        ] GC(386) PSYoungGen: 292095K(293888K)->1056K(293888K) Eden: 289280K(289280K)->0K(289280K) From: 2815K(4608K)->1056K(4608K)
[209.581s][info][gc,heap        ] GC(386) ParOldGen: 289642K(394752K)->289658K(394752K)
[209.581s][info][gc,metaspace   ] GC(386) Metaspace: 56709K(57024K)->56709K(57024K) NonClass: 51081K(51328K)->51081K(51328K) Class: 5628K(5696K)->5628K(5696K)
[209.581s][info][gc             ] GC(386) Pause Young (Allocation Failure) 568M->283M(672M) 3.000ms
[209.581s][info][gc,cpu         ] GC(386) User=0.00s Sys=0.01s Real=0.00s
[210.269s][info][gc,start       ] GC(387) Pause Young (Allocation Failure)
[210.271s][info][gc,heap        ] GC(387) PSYoungGen: 290336K(293888K)->544K(279040K) Eden: 289280K(289280K)->0K(278016K) From: 1056K(4608K)->544K(1024K)
[210.271s][info][gc,heap        ] GC(387) ParOldGen: 289658K(394752K)->289674K(394752K)
[210.271s][info][gc,metaspace   ] GC(387) Metaspace: 56709K(57024K)->56709K(57024K) NonClass: 51081K(51328K)->51081K(51328K) Class: 5628K(5696K)->5628K(5696K)
[210.271s][info][gc             ] GC(387) Pause Young (Allocation Failure) 566M->283M(658M) 2.298ms
[210.271s][info][gc,cpu         ] GC(387) User=0.00s Sys=0.00s Real=0.00s
[211.069s][info][gc,start       ] GC(388) Pause Young (Allocation Failure)
[211.075s][info][gc,heap        ] GC(388) PSYoungGen: 278560K(279040K)->2656K(270336K) Eden: 278016K(278016K)->0K(267264K) From: 544K(1024K)->2656K(3072K)
[211.075s][info][gc,heap        ] GC(388) ParOldGen: 289674K(394752K)->289690K(394752K)
[211.075s][info][gc,metaspace   ] GC(388) Metaspace: 56709K(57024K)->56709K(57024K) NonClass: 51081K(51328K)->51081K(51328K) Class: 5628K(5696K)->5628K(5696K)
[211.075s][info][gc             ] GC(388) Pause Young (Allocation Failure) 554M->285M(649M) 5.534ms
[211.075s][info][gc,cpu         ] GC(388) User=0.01s Sys=0.00s Real=0.00s
[211.608s][info][gc,start       ] GC(389) Pause Young (Allocation Failure)
[211.610s][info][gc,heap        ] GC(389) PSYoungGen: 269920K(270336K)->275K(257536K) Eden: 267264K(267264K)->0K(257024K) From: 2656K(3072K)->275K(512K)
[211.610s][info][gc,heap        ] GC(389) ParOldGen: 289690K(394752K)->289706K(394752K)
[211.610s][info][gc,metaspace   ] GC(389) Metaspace: 56709K(57024K)->56709K(57024K) NonClass: 51081K(51328K)->51081K(51328K) Class: 5628K(5696K)->5628K(5696K)
[211.610s][info][gc             ] GC(389) Pause Young (Allocation Failure) 546M->283M(637M) 1.796ms
[211.610s][info][gc,cpu         ] GC(389) User=0.00s Sys=0.00s Real=0.00s
[212.266s][info][gc,start       ] GC(390) Pause Young (Allocation Failure)
[212.268s][info][gc,heap        ] GC(390) PSYoungGen: 257299K(257536K)->352K(251904K) Eden: 257024K(257024K)->0K(247296K) From: 275K(512K)->352K(4608K)
[212.268s][info][gc,heap        ] GC(390) ParOldGen: 289706K(394752K)->289722K(394752K)
[212.268s][info][gc,metaspace   ] GC(390) Metaspace: 56709K(57024K)->56709K(57024K) NonClass: 51081K(51328K)->51081K(51328K) Class: 5628K(5696K)->5628K(5696K)
[212.268s][info][gc             ] GC(390) Pause Young (Allocation Failure) 534M->283M(631M) 1.932ms
[212.268s][info][gc,cpu         ] GC(390) User=0.00s Sys=0.00s Real=0.00s
[212.808s][info][gc,start       ] GC(391) Pause Young (Allocation Failure)
[212.811s][info][gc,heap        ] GC(391) PSYoungGen: 247648K(251904K)->1247K(239616K) Eden: 247296K(247296K)->0K(238080K) From: 352K(4608K)->1247K(1536K)
[212.811s][info][gc,heap        ] GC(391) ParOldGen: 289722K(394752K)->289738K(394752K)
[212.811s][info][gc,metaspace   ] GC(391) Metaspace: 56709K(57024K)->56709K(57024K) NonClass: 51081K(51328K)->51081K(51328K) Class: 5628K(5696K)->5628K(5696K)
[212.811s][info][gc             ] GC(391) Pause Young (Allocation Failure) 524M->284M(619M) 2.790ms
[212.811s][info][gc,cpu         ] GC(391) User=0.01s Sys=0.00s Real=0.00s
[213.447s][info][gc,start       ] GC(392) Pause Young (Allocation Failure)
[213.453s][info][gc,heap        ] GC(392) PSYoungGen: 239327K(239616K)->3582K(232448K) Eden: 238080K(238080K)->0K(228864K) From: 1247K(1536K)->3582K(3584K)
[213.453s][info][gc,heap        ] GC(392) ParOldGen: 289738K(394752K)->289754K(394752K)
[213.453s][info][gc,metaspace   ] GC(392) Metaspace: 56709K(57024K)->56709K(57024K) NonClass: 51081K(51328K)->51081K(51328K) Class: 5628K(5696K)->5628K(5696K)
[213.453s][info][gc             ] GC(392) Pause Young (Allocation Failure) 516M->286M(612M) 6.382ms
[213.453s][info][gc,cpu         ] GC(392) User=0.01s Sys=0.01s Real=0.00s
[213.905s][info][gc,start       ] GC(393) Pause Young (Allocation Failure)
[213.909s][info][gc,heap        ] GC(393) PSYoungGen: 232148K(232448K)->1184K(221696K) Eden: 228566K(228864K)->0K(220160K) From: 3582K(3584K)->1184K(1536K)
[213.909s][info][gc,heap        ] GC(393) ParOldGen: 289754K(394752K)->289770K(394752K)
[213.909s][info][gc,metaspace   ] GC(393) Metaspace: 56711K(57024K)->56711K(57024K) NonClass: 51082K(51328K)->51082K(51328K) Class: 5628K(5696K)->5628K(5696K)
[213.909s][info][gc             ] GC(393) Pause Young (Allocation Failure) 509M->284M(602M) 3.407ms
[213.909s][info][gc,cpu         ] GC(393) User=0.00s Sys=0.00s Real=0.01s
[214.468s][info][gc,start       ] GC(394) Pause Young (Allocation Failure)
[214.472s][info][gc,heap        ] GC(394) PSYoungGen: 221344K(221696K)->480K(212480K) Eden: 220160K(220160K)->0K(211968K) From: 1184K(1536K)->480K(512K)
[214.472s][info][gc,heap        ] GC(394) ParOldGen: 289770K(394752K)->289786K(394752K)
[214.472s][info][gc,metaspace   ] GC(394) Metaspace: 56711K(57024K)->56711K(57024K) NonClass: 51082K(51328K)->51082K(51328K) Class: 5628K(5696K)->5628K(5696K)
[214.472s][info][gc             ] GC(394) Pause Young (Allocation Failure) 499M->283M(593M) 4.437ms
[214.472s][info][gc,cpu         ] GC(394) User=0.00s Sys=0.00s Real=0.00s
[214.910s][info][gc,start       ] GC(395) Pause Young (Allocation Failure)
[214.913s][info][gc,heap        ] GC(395) PSYoungGen: 212448K(212480K)->958K(205312K) Eden: 211968K(211968K)->0K(204288K) From: 480K(512K)->958K(1024K)
[214.913s][info][gc,heap        ] GC(395) ParOldGen: 289786K(394752K)->289802K(394752K)
[214.913s][info][gc,metaspace   ] GC(395) Metaspace: 56711K(57024K)->56711K(57024K) NonClass: 51082K(51328K)->51082K(51328K) Class: 5628K(5696K)->5628K(5696K)
[214.913s][info][gc             ] GC(395) Pause Young (Allocation Failure) 490M->283M(586M) 2.624ms
[214.913s][info][gc,cpu         ] GC(395) User=0.01s Sys=0.00s Real=0.00s
[215.405s][info][gc,start       ] GC(396) Pause Young (Allocation Failure)
[215.408s][info][gc,heap        ] GC(396) PSYoungGen: 205151K(205312K)->992K(198144K) Eden: 204192K(204288K)->0K(197120K) From: 958K(1024K)->992K(1024K)
[215.408s][info][gc,heap        ] GC(396) ParOldGen: 289802K(394752K)->289818K(394752K)
[215.408s][info][gc,metaspace   ] GC(396) Metaspace: 56711K(57024K)->56711K(57024K) NonClass: 51082K(51328K)->51082K(51328K) Class: 5628K(5696K)->5628K(5696K)
[215.408s][info][gc             ] GC(396) Pause Young (Allocation Failure) 483M->283M(579M) 3.051ms
[215.408s][info][gc,cpu         ] GC(396) User=0.00s Sys=0.00s Real=0.01s
[215.888s][info][gc,start       ] GC(397) Pause Young (Allocation Failure)
[215.894s][info][gc,heap        ] GC(397) PSYoungGen: 198112K(198144K)->2592K(193024K) Eden: 197120K(197120K)->0K(189952K) From: 992K(1024K)->2592K(3072K)
[215.894s][info][gc,heap        ] GC(397) ParOldGen: 289818K(394752K)->289834K(394752K)
[215.894s][info][gc,metaspace   ] GC(397) Metaspace: 56711K(57024K)->56711K(57024K) NonClass: 51082K(51328K)->51082K(51328K) Class: 5628K(5696K)->5628K(5696K)
[215.894s][info][gc             ] GC(397) Pause Young (Allocation Failure) 476M->285M(574M) 5.353ms
[215.894s][info][gc,cpu         ] GC(397) User=0.00s Sys=0.00s Real=0.00s
[216.313s][info][gc,start       ] GC(398) Pause Young (Allocation Failure)
[216.316s][info][gc,heap        ] GC(398) PSYoungGen: 192544K(193024K)->670K(184320K) Eden: 189952K(189952K)->0K(183296K) From: 2592K(3072K)->670K(1024K)
[216.316s][info][gc,heap        ] GC(398) ParOldGen: 289834K(394752K)->289850K(394752K)
[216.316s][info][gc,metaspace   ] GC(398) Metaspace: 56711K(57024K)->56711K(57024K) NonClass: 51082K(51328K)->51082K(51328K) Class: 5628K(5696K)->5628K(5696K)
[216.316s][info][gc             ] GC(398) Pause Young (Allocation Failure) 471M->283M(565M) 3.348ms
[216.316s][info][gc,cpu         ] GC(398) User=0.00s Sys=0.00s Real=0.01s
[216.779s][info][gc,start       ] GC(399) Pause Young (Allocation Failure)
[216.783s][info][gc,heap        ] GC(399) PSYoungGen: 183966K(184320K)->2494K(179200K) Eden: 183296K(183296K)->0K(176640K) From: 670K(1024K)->2494K(2560K)
[216.783s][info][gc,heap        ] GC(399) ParOldGen: 289850K(394752K)->289866K(394752K)
[216.783s][info][gc,metaspace   ] GC(399) Metaspace: 56711K(57024K)->56711K(57024K) NonClass: 51082K(51328K)->51082K(51328K) Class: 5628K(5696K)->5628K(5696K)
[216.783s][info][gc             ] GC(399) Pause Young (Allocation Failure) 462M->285M(560M) 4.469ms
[216.783s][info][gc,cpu         ] GC(399) User=0.01s Sys=0.00s Real=0.00s
[217.182s][info][gc,start       ] GC(400) Pause Young (Allocation Failure)
[217.187s][info][gc,heap        ] GC(400) PSYoungGen: 179134K(179200K)->2878K(173568K) Eden: 176640K(176640K)->0K(170496K) From: 2494K(2560K)->2878K(3072K)
[217.187s][info][gc,heap        ] GC(400) ParOldGen: 289866K(394752K)->289882K(394752K)
[217.187s][info][gc,metaspace   ] GC(400) Metaspace: 56711K(57024K)->56711K(57024K) NonClass: 51082K(51328K)->51082K(51328K) Class: 5628K(5696K)->5628K(5696K)
[217.187s][info][gc             ] GC(400) Pause Young (Allocation Failure) 458M->285M(555M) 5.538ms
[217.187s][info][gc,cpu         ] GC(400) User=0.01s Sys=0.01s Real=0.01s
[217.588s][info][gc,start       ] GC(401) Pause Young (Allocation Failure)
[217.594s][info][gc,heap        ] GC(401) PSYoungGen: 173374K(173568K)->2816K(205824K) Eden: 170496K(170496K)->0K(202752K) From: 2878K(3072K)->2816K(3072K)
[217.594s][info][gc,heap        ] GC(401) ParOldGen: 289882K(394752K)->289898K(394752K)
[217.594s][info][gc,metaspace   ] GC(401) Metaspace: 56711K(57024K)->56711K(57024K) NonClass: 51082K(51328K)->51082K(51328K) Class: 5628K(5696K)->5628K(5696K)
[217.594s][info][gc             ] GC(401) Pause Young (Allocation Failure) 452M->285M(586M) 5.637ms
[217.594s][info][gc,cpu         ] GC(401) User=0.01s Sys=0.00s Real=0.00s
[218.083s][info][gc,start       ] GC(402) Pause Young (Allocation Failure)
[218.087s][info][gc,heap        ] GC(402) PSYoungGen: 205568K(205824K)->2270K(198144K) Eden: 202752K(202752K)->0K(195584K) From: 2816K(3072K)->2270K(2560K)
[218.087s][info][gc,heap        ] GC(402) ParOldGen: 289898K(394752K)->289914K(394752K)
[218.087s][info][gc,metaspace   ] GC(402) Metaspace: 56711K(57024K)->56711K(57024K) NonClass: 51082K(51328K)->51082K(51328K) Class: 5628K(5696K)->5628K(5696K)
[218.087s][info][gc             ] GC(402) Pause Young (Allocation Failure) 483M->285M(579M) 3.856ms
[218.087s][info][gc,cpu         ] GC(402) User=0.00s Sys=0.00s Real=0.01s
[218.570s][info][gc,start       ] GC(403) Pause Young (Allocation Failure)
[218.572s][info][gc,heap        ] GC(403) PSYoungGen: 197854K(198144K)->937K(189440K) Eden: 195584K(195584K)->0K(188416K) From: 2270K(2560K)->937K(1024K)
[218.573s][info][gc,heap        ] GC(403) ParOldGen: 289914K(394752K)->289930K(394752K)
[218.573s][info][gc,metaspace   ] GC(403) Metaspace: 56711K(57024K)->56711K(57024K) NonClass: 51082K(51328K)->51082K(51328K) Class: 5628K(5696K)->5628K(5696K)
[218.573s][info][gc             ] GC(403) Pause Young (Allocation Failure) 476M->284M(570M) 2.851ms
[218.573s][info][gc,cpu         ] GC(403) User=0.00s Sys=0.00s Real=0.00s
[218.987s][info][gc,start       ] GC(404) Pause Young (Allocation Failure)
[218.992s][info][gc,heap        ] GC(404) PSYoungGen: 189353K(189440K)->2942K(184832K) Eden: 188416K(188416K)->0K(181760K) From: 937K(1024K)->2942K(3072K)
[218.992s][info][gc,heap        ] GC(404) ParOldGen: 289930K(394752K)->289946K(394752K)
[218.992s][info][gc,metaspace   ] GC(404) Metaspace: 56711K(57024K)->56711K(57024K) NonClass: 51082K(51328K)->51082K(51328K) Class: 5628K(5696K)->5628K(5696K)
[218.992s][info][gc             ] GC(404) Pause Young (Allocation Failure) 468M->286M(566M) 4.954ms
[218.992s][info][gc,cpu         ] GC(404) User=0.01s Sys=0.00s Real=0.00s
[219.413s][info][gc,start       ] GC(405) Pause Young (Allocation Failure)
[219.433s][info][gc,heap        ] GC(405) PSYoungGen: 184543K(184832K)->960K(218112K) Eden: 181600K(181760K)->0K(217088K) From: 2942K(3072K)->960K(1024K)
[219.433s][info][gc,heap        ] GC(405) ParOldGen: 289946K(394752K)->289962K(394752K)
[219.433s][info][gc,metaspace   ] GC(405) Metaspace: 56711K(57024K)->56711K(57024K) NonClass: 51082K(51328K)->51082K(51328K) Class: 5628K(5696K)->5628K(5696K)
[219.433s][info][gc             ] GC(405) Pause Young (Allocation Failure) 463M->284M(598M) 19.548ms
[219.433s][info][gc,cpu         ] GC(405) User=0.01s Sys=0.00s Real=0.02s
[219.922s][info][gc,start       ] GC(406) Pause Young (Allocation Failure)
[219.924s][info][gc,heap        ] GC(406) PSYoungGen: 218048K(218112K)->64K(259584K) Eden: 217088K(217088K)->0K(259072K) From: 960K(1024K)->64K(512K)
[219.924s][info][gc,heap        ] GC(406) ParOldGen: 289962K(394752K)->289978K(394752K)
[219.924s][info][gc,metaspace   ] GC(406) Metaspace: 56711K(57024K)->56711K(57024K) NonClass: 51082K(51328K)->51082K(51328K) Class: 5628K(5696K)->5628K(5696K)
[219.924s][info][gc             ] GC(406) Pause Young (Allocation Failure) 496M->283M(639M) 1.887ms
[219.924s][info][gc,cpu         ] GC(406) User=0.01s Sys=0.00s Real=0.00s
[222.570s][info][gc,start       ] GC(407) Pause Young (Allocation Failure)
[222.588s][info][gc,heap        ] GC(407) PSYoungGen: 259113K(259584K)->4601K(256512K) Eden: 259049K(259072K)->0K(251904K) From: 64K(512K)->4601K(4608K)
[222.588s][info][gc,heap        ] GC(407) ParOldGen: 289978K(394752K)->376610K(394752K)
[222.588s][info][gc,metaspace   ] GC(407) Metaspace: 56897K(57216K)->56897K(57216K) NonClass: 51268K(51520K)->51268K(51520K) Class: 5628K(5696K)->5628K(5696K)
[222.588s][info][gc             ] GC(407) Pause Young (Allocation Failure) 536M->372M(636M) 18.204ms
[222.588s][info][gc,cpu         ] GC(407) User=0.04s Sys=0.00s Real=0.02s
[223.017s][info][gc,start       ] GC(408) Pause Young (Allocation Failure)
[223.030s][info][gc,heap        ] GC(408) PSYoungGen: 256505K(256512K)->9394K(289280K) Eden: 251904K(251904K)->0K(251904K) From: 4601K(4608K)->9394K(37376K)
[223.030s][info][gc,heap        ] GC(408) ParOldGen: 376610K(394752K)->381212K(394752K)
[223.030s][info][gc,metaspace   ] GC(408) Metaspace: 56897K(57216K)->56897K(57216K) NonClass: 51268K(51520K)->51268K(51520K) Class: 5628K(5696K)->5628K(5696K)
[223.030s][info][gc             ] GC(408) Pause Young (Allocation Failure) 618M->381M(668M) 12.432ms
[223.030s][info][gc,cpu         ] GC(408) User=0.02s Sys=0.01s Real=0.01s
[223.606s][info][gc,start       ] GC(409) Pause Young (Allocation Failure)
[223.613s][info][gc,heap        ] GC(409) PSYoungGen: 261136K(289280K)->1344K(292352K) Eden: 251741K(251904K)->0K(261120K) From: 9394K(37376K)->1344K(31232K)
[223.613s][info][gc,heap        ] GC(409) ParOldGen: 381212K(394752K)->389740K(394752K)
[223.613s][info][gc,metaspace   ] GC(409) Metaspace: 56897K(57216K)->56897K(57216K) NonClass: 51268K(51520K)->51268K(51520K) Class: 5628K(5696K)->5628K(5696K)
[223.613s][info][gc             ] GC(409) Pause Young (Allocation Failure) 627M->381M(671M) 7.526ms
[223.613s][info][gc,cpu         ] GC(409) User=0.01s Sys=0.00s Real=0.01s
[224.207s][info][gc,start       ] GC(410) Pause Young (Allocation Failure)
[224.209s][info][gc,heap        ] GC(410) PSYoungGen: 262464K(292352K)->512K(295424K) Eden: 261120K(261120K)->0K(261120K) From: 1344K(31232K)->512K(34304K)
[224.209s][info][gc,heap        ] GC(410) ParOldGen: 389740K(394752K)->389756K(394752K)
[224.210s][info][gc,metaspace   ] GC(410) Metaspace: 56897K(57216K)->56897K(57216K) NonClass: 51268K(51520K)->51268K(51520K) Class: 5628K(5696K)->5628K(5696K)
[224.210s][info][gc             ] GC(410) Pause Young (Allocation Failure) 636M->381M(674M) 2.194ms
[224.210s][info][gc,cpu         ] GC(410) User=0.01s Sys=0.00s Real=0.00s
[224.875s][info][gc,start       ] GC(411) Pause Young (Allocation Failure)
[224.878s][info][gc,heap        ] GC(411) PSYoungGen: 261632K(295424K)->1344K(296448K) Eden: 261120K(261120K)->0K(266240K) From: 512K(34304K)->1344K(30208K)
[224.878s][info][gc,heap        ] GC(411) ParOldGen: 389756K(394752K)->389772K(394752K)
[224.878s][info][gc,metaspace   ] GC(411) Metaspace: 56897K(57216K)->56897K(57216K) NonClass: 51268K(51520K)->51268K(51520K) Class: 5628K(5696K)->5628K(5696K)
[224.878s][info][gc             ] GC(411) Pause Young (Allocation Failure) 636M->381M(675M) 3.662ms
[224.878s][info][gc,cpu         ] GC(411) User=0.01s Sys=0.00s Real=0.01s
[225.481s][info][gc,start       ] GC(412) Pause Young (Allocation Failure)
[225.485s][info][gc,heap        ] GC(412) PSYoungGen: 267515K(296448K)->2143K(298496K) Eden: 266171K(266240K)->0K(266240K) From: 1344K(30208K)->2143K(32256K)
[225.485s][info][gc,heap        ] GC(412) ParOldGen: 389772K(394752K)->389788K(394752K)
[225.485s][info][gc,metaspace   ] GC(412) Metaspace: 56897K(57216K)->56897K(57216K) NonClass: 51268K(51520K)->51268K(51520K) Class: 5628K(5696K)->5628K(5696K)
[225.485s][info][gc             ] GC(412) Pause Young (Allocation Failure) 641M->382M(677M) 3.766ms
[225.485s][info][gc,cpu         ] GC(412) User=0.01s Sys=0.00s Real=0.00s
[226.123s][info][gc,start       ] GC(413) Pause Young (Allocation Failure)
[226.138s][info][gc,heap        ] GC(413) PSYoungGen: 268383K(298496K)->1983K(297984K) Eden: 266240K(266240K)->0K(270848K) From: 2143K(32256K)->1983K(27136K)
[226.138s][info][gc,heap        ] GC(413) ParOldGen: 389788K(394752K)->389804K(394752K)
[226.138s][info][gc,metaspace   ] GC(413) Metaspace: 56897K(57216K)->56897K(57216K) NonClass: 51268K(51520K)->51268K(51520K) Class: 5628K(5696K)->5628K(5696K)
[226.138s][info][gc             ] GC(413) Pause Young (Allocation Failure) 642M->382M(676M) 14.132ms
[226.138s][info][gc,cpu         ] GC(413) User=0.02s Sys=0.00s Real=0.02s
[226.770s][info][gc,start       ] GC(414) Pause Young (Allocation Failure)
[226.773s][info][gc,heap        ] GC(414) PSYoungGen: 272831K(297984K)->1327K(300032K) Eden: 270848K(270848K)->0K(270848K) From: 1983K(27136K)->1327K(29184K)
[226.773s][info][gc,heap        ] GC(414) ParOldGen: 389804K(394752K)->389820K(394752K)
[226.773s][info][gc,metaspace   ] GC(414) Metaspace: 56897K(57216K)->56897K(57216K) NonClass: 51268K(51520K)->51268K(51520K) Class: 5628K(5696K)->5628K(5696K)
[226.773s][info][gc             ] GC(414) Pause Young (Allocation Failure) 647M->381M(678M) 2.737ms
[226.773s][info][gc,cpu         ] GC(414) User=0.01s Sys=0.00s Real=0.00s
[227.393s][info][gc,start       ] GC(415) Pause Young (Allocation Failure)
[227.397s][info][gc,heap        ] GC(415) PSYoungGen: 272175K(300032K)->2046K(267776K) Eden: 270848K(270848K)->0K(260096K) From: 1327K(29184K)->2046K(7680K)
[227.397s][info][gc,heap        ] GC(415) ParOldGen: 389820K(394752K)->389836K(394752K)
[227.397s][info][gc,metaspace   ] GC(415) Metaspace: 56897K(57216K)->56897K(57216K) NonClass: 51268K(51520K)->51268K(51520K) Class: 5628K(5696K)->5628K(5696K)
[227.397s][info][gc             ] GC(415) Pause Young (Allocation Failure) 646M->382M(647M) 4.221ms
[227.397s][info][gc,cpu         ] GC(415) User=0.01s Sys=0.00s Real=0.01s
[227.999s][info][gc,start       ] GC(416) Pause Young (Allocation Failure)
[228.003s][info][gc,heap        ] GC(416) PSYoungGen: 261878K(267776K)->2304K(252416K) Eden: 259831K(260096K)->0K(249856K) From: 2046K(7680K)->2304K(2560K)
[228.003s][info][gc,heap        ] GC(416) ParOldGen: 389836K(394752K)->389852K(394752K)
[228.003s][info][gc,metaspace   ] GC(416) Metaspace: 56897K(57216K)->56897K(57216K) NonClass: 51268K(51520K)->51268K(51520K) Class: 5628K(5696K)->5628K(5696K)
[228.003s][info][gc             ] GC(416) Pause Young (Allocation Failure) 636M->382M(632M) 4.494ms
[228.003s][info][gc,cpu         ] GC(416) User=0.01s Sys=0.00s Real=0.00s
[228.594s][info][gc,start       ] GC(417) Pause Young (Allocation Failure)
[228.600s][info][gc,heap        ] GC(417) PSYoungGen: 252160K(252416K)->2720K(246272K) Eden: 249856K(249856K)->0K(240128K) From: 2304K(2560K)->2720K(6144K)
[228.600s][info][gc,heap        ] GC(417) ParOldGen: 389852K(394752K)->389868K(394752K)
[228.600s][info][gc,metaspace   ] GC(417) Metaspace: 56897K(57216K)->56897K(57216K) NonClass: 51268K(51520K)->51268K(51520K) Class: 5628K(5696K)->5628K(5696K)
[228.600s][info][gc             ] GC(417) Pause Young (Allocation Failure) 626M->383M(626M) 5.532ms
[228.600s][info][gc,cpu         ] GC(417) User=0.01s Sys=0.00s Real=0.01s
[229.174s][info][gc,start       ] GC(418) Pause Young (Allocation Failure)
[229.178s][info][gc,heap        ] GC(418) PSYoungGen: 242848K(246272K)->1535K(232448K) Eden: 240128K(240128K)->0K(230912K) From: 2720K(6144K)->1535K(1536K)
[229.178s][info][gc,heap        ] GC(418) ParOldGen: 389868K(394752K)->389884K(394752K)
[229.178s][info][gc,metaspace   ] GC(418) Metaspace: 56899K(57216K)->56899K(57216K) NonClass: 51271K(51520K)->51271K(51520K) Class: 5628K(5696K)->5628K(5696K)
[229.178s][info][gc             ] GC(418) Pause Young (Allocation Failure) 617M->382M(612M) 3.486ms
[229.178s][info][gc,cpu         ] GC(418) User=0.00s Sys=0.00s Real=0.01s
[229.687s][info][gc,start       ] GC(419) Pause Young (Allocation Failure)
[229.694s][info][gc,heap        ] GC(419) PSYoungGen: 232447K(232448K)->3423K(227328K) Eden: 230912K(230912K)->0K(222208K) From: 1535K(1536K)->3423K(5120K)
[229.694s][info][gc,heap        ] GC(419) ParOldGen: 389884K(394752K)->389900K(394752K)
[229.694s][info][gc,metaspace   ] GC(419) Metaspace: 56899K(57216K)->56899K(57216K) NonClass: 51271K(51520K)->51271K(51520K) Class: 5628K(5696K)->5628K(5696K)
[229.694s][info][gc             ] GC(419) Pause Young (Allocation Failure) 607M->384M(607M) 6.975ms
[229.694s][info][gc,cpu         ] GC(419) User=0.01s Sys=0.00s Real=0.00s
[230.209s][info][gc,start       ] GC(420) Pause Young (Allocation Failure)
[230.212s][info][gc,heap        ] GC(420) PSYoungGen: 225631K(227328K)->1024K(215040K) Eden: 222208K(222208K)->0K(214016K) From: 3423K(5120K)->1024K(1024K)
[230.212s][info][gc,heap        ] GC(420) ParOldGen: 389900K(394752K)->389916K(394752K)
[230.212s][info][gc,metaspace   ] GC(420) Metaspace: 56899K(57216K)->56899K(57216K) NonClass: 51271K(51520K)->51271K(51520K) Class: 5628K(5696K)->5628K(5696K)
[230.212s][info][gc             ] GC(420) Pause Young (Allocation Failure) 601M->381M(595M) 3.369ms
[230.212s][info][gc,cpu         ] GC(420) User=0.01s Sys=0.00s Real=0.00s
[230.713s][info][gc,start       ] GC(421) Pause Young (Allocation Failure)
[230.720s][info][gc,heap        ] GC(421) PSYoungGen: 214926K(215040K)->672K(210944K) Eden: 213902K(214016K)->0K(206336K) From: 1024K(1024K)->672K(4608K)
[230.720s][info][gc,heap        ] GC(421) ParOldGen: 389916K(394752K)->389932K(394752K)
[230.720s][info][gc,metaspace   ] GC(421) Metaspace: 56899K(57216K)->56899K(57216K) NonClass: 51271K(51520K)->51271K(51520K) Class: 5628K(5696K)->5628K(5696K)
[230.720s][info][gc             ] GC(421) Pause Young (Allocation Failure) 590M->381M(591M) 6.619ms
[230.720s][info][gc,cpu         ] GC(421) User=0.00s Sys=0.00s Real=0.01s
[231.198s][info][gc,start       ] GC(422) Pause Young (Allocation Failure)
[231.202s][info][gc,heap        ] GC(422) PSYoungGen: 207008K(210944K)->2016K(200704K) Eden: 206336K(206336K)->0K(198656K) From: 672K(4608K)->2016K(2048K)
[231.202s][info][gc,heap        ] GC(422) ParOldGen: 389932K(394752K)->389948K(394752K)
[231.202s][info][gc,metaspace   ] GC(422) Metaspace: 56899K(57216K)->56899K(57216K) NonClass: 51271K(51520K)->51271K(51520K) Class: 5628K(5696K)->5628K(5696K)
[231.202s][info][gc             ] GC(422) Pause Young (Allocation Failure) 582M->382M(581M) 4.277ms
[231.202s][info][gc,cpu         ] GC(422) User=0.00s Sys=0.00s Real=0.00s
[231.684s][info][gc,start       ] GC(423) Pause Young (Allocation Failure)
[231.690s][info][gc,heap        ] GC(423) PSYoungGen: 200672K(200704K)->2111K(194560K) Eden: 198656K(198656K)->0K(191488K) From: 2016K(2048K)->2111K(3072K)
[231.690s][info][gc,heap        ] GC(423) ParOldGen: 389948K(394752K)->389964K(394752K)
[231.690s][info][gc,metaspace   ] GC(423) Metaspace: 56899K(57216K)->56899K(57216K) NonClass: 51271K(51520K)->51271K(51520K) Class: 5628K(5696K)->5628K(5696K)
[231.690s][info][gc             ] GC(423) Pause Young (Allocation Failure) 576M->382M(575M) 5.388ms
[231.690s][info][gc,cpu         ] GC(423) User=0.01s Sys=0.00s Real=0.01s
[232.114s][info][gc,start       ] GC(424) Pause Young (Allocation Failure)
[232.117s][info][gc,heap        ] GC(424) PSYoungGen: 193577K(194560K)->384K(185344K) Eden: 191466K(191488K)->0K(184832K) From: 2111K(3072K)->384K(512K)
[232.117s][info][gc,heap        ] GC(424) ParOldGen: 389964K(394752K)->389980K(394752K)
[232.117s][info][gc,metaspace   ] GC(424) Metaspace: 56899K(57216K)->56899K(57216K) NonClass: 51271K(51520K)->51271K(51520K) Class: 5628K(5696K)->5628K(5696K)
[232.117s][info][gc             ] GC(424) Pause Young (Allocation Failure) 569M->381M(566M) 2.312ms
[232.117s][info][gc,cpu         ] GC(424) User=0.00s Sys=0.00s Real=0.01s
[232.577s][info][gc,start       ] GC(425) Pause Young (Allocation Failure)
[232.582s][info][gc,heap        ] GC(425) PSYoungGen: 185216K(185344K)->2047K(180224K) Eden: 184832K(184832K)->0K(178176K) From: 384K(512K)->2047K(2048K)
[232.582s][info][gc,heap        ] GC(425) ParOldGen: 389980K(394752K)->389996K(394752K)
[232.582s][info][gc,metaspace   ] GC(425) Metaspace: 56899K(57216K)->56899K(57216K) NonClass: 51271K(51520K)->51271K(51520K) Class: 5628K(5696K)->5628K(5696K)
[232.582s][info][gc             ] GC(425) Pause Young (Allocation Failure) 561M->382M(561M) 4.871ms
[232.582s][info][gc,cpu         ] GC(425) User=0.00s Sys=0.00s Real=0.00s
[232.983s][info][gc,start       ] GC(426) Pause Young (Allocation Failure)
[232.988s][info][gc,heap        ] GC(426) PSYoungGen: 180223K(180224K)->2783K(175104K) Eden: 178176K(178176K)->0K(172032K) From: 2047K(2048K)->2783K(3072K)
[232.988s][info][gc,heap        ] GC(426) ParOldGen: 389996K(394752K)->390012K(394752K)
[232.988s][info][gc,metaspace   ] GC(426) Metaspace: 56899K(57216K)->56899K(57216K) NonClass: 51271K(51520K)->51271K(51520K) Class: 5628K(5696K)->5628K(5696K)
[232.988s][info][gc             ] GC(426) Pause Young (Allocation Failure) 556M->383M(556M) 4.527ms
[232.988s][info][gc,cpu         ] GC(426) User=0.01s Sys=0.00s Real=0.01s
[233.392s][info][gc,start       ] GC(427) Pause Young (Allocation Failure)
[233.397s][info][gc,heap        ] GC(427) PSYoungGen: 174815K(175104K)->3358K(169472K) Eden: 172032K(172032K)->0K(165888K) From: 2783K(3072K)->3358K(3584K)
[233.397s][info][gc,heap        ] GC(427) ParOldGen: 390012K(394752K)->390028K(394752K)
[233.397s][info][gc,metaspace   ] GC(427) Metaspace: 56899K(57216K)->56899K(57216K) NonClass: 51271K(51520K)->51271K(51520K) Class: 5628K(5696K)->5628K(5696K)
[233.397s][info][gc             ] GC(427) Pause Young (Allocation Failure) 551M->384M(551M) 5.489ms
[233.397s][info][gc,cpu         ] GC(427) User=0.01s Sys=0.00s Real=0.01s
[233.789s][info][gc,start       ] GC(428) Pause Young (Allocation Failure)
[233.794s][info][gc,heap        ] GC(428) PSYoungGen: 169246K(169472K)->1920K(162304K) Eden: 165888K(165888K)->0K(160256K) From: 3358K(3584K)->1920K(2048K)
[233.794s][info][gc,heap        ] GC(428) ParOldGen: 390028K(394752K)->390044K(394752K)
[233.794s][info][gc,metaspace   ] GC(428) Metaspace: 56899K(57216K)->56899K(57216K) NonClass: 51271K(51520K)->51271K(51520K) Class: 5628K(5696K)->5628K(5696K)
[233.794s][info][gc             ] GC(428) Pause Young (Allocation Failure) 546M->382M(544M) 4.383ms
[233.794s][info][gc,cpu         ] GC(428) User=0.01s Sys=0.00s Real=0.00s
[234.178s][info][gc,start       ] GC(429) Pause Young (Allocation Failure)
[234.182s][info][gc,heap        ] GC(429) PSYoungGen: 162176K(162304K)->2079K(157696K) Eden: 160256K(160256K)->0K(155136K) From: 1920K(2048K)->2079K(2560K)
[234.182s][info][gc,heap        ] GC(429) ParOldGen: 390044K(394752K)->390060K(394752K)
[234.182s][info][gc,metaspace   ] GC(429) Metaspace: 56899K(57216K)->56899K(57216K) NonClass: 51271K(51520K)->51271K(51520K) Class: 5628K(5696K)->5628K(5696K)
[234.182s][info][gc             ] GC(429) Pause Young (Allocation Failure) 539M->382M(539M) 4.195ms
[234.182s][info][gc,cpu         ] GC(429) User=0.00s Sys=0.00s Real=0.00s
[234.618s][info][gc,start       ] GC(430) Pause Young (Allocation Failure)
[234.621s][info][gc,heap        ] GC(430) PSYoungGen: 157182K(157696K)->576K(151040K) Eden: 155103K(155136K)->0K(150016K) From: 2079K(2560K)->576K(1024K)
[234.621s][info][gc,heap        ] GC(430) ParOldGen: 390060K(394752K)->390076K(394752K)
[234.621s][info][gc,metaspace   ] GC(430) Metaspace: 56899K(57216K)->56899K(57216K) NonClass: 51271K(51520K)->51271K(51520K) Class: 5628K(5696K)->5628K(5696K)
[234.621s][info][gc             ] GC(430) Pause Young (Allocation Failure) 534M->381M(533M) 2.377ms
[234.621s][info][gc,cpu         ] GC(430) User=0.00s Sys=0.00s Real=0.00s
[234.983s][info][gc,start       ] GC(431) Pause Young (Allocation Failure)
[234.988s][info][gc,heap        ] GC(431) PSYoungGen: 150592K(151040K)->2527K(147456K) Eden: 150016K(150016K)->0K(144896K) From: 576K(1024K)->2527K(2560K)
[234.988s][info][gc,heap        ] GC(431) ParOldGen: 390076K(394752K)->390092K(394752K)
[234.988s][info][gc,metaspace   ] GC(431) Metaspace: 56899K(57216K)->56899K(57216K) NonClass: 51271K(51520K)->51271K(51520K) Class: 5628K(5696K)->5628K(5696K)
[234.988s][info][gc             ] GC(431) Pause Young (Allocation Failure) 527M->383M(529M) 4.745ms
[234.988s][info][gc,cpu         ] GC(431) User=0.01s Sys=0.00s Real=0.01s
[235.303s][info][gc,start       ] GC(432) Pause Young (Allocation Failure)
[235.307s][info][gc,heap        ] GC(432) PSYoungGen: 147423K(147456K)->1632K(142336K) Eden: 144896K(144896K)->0K(140288K) From: 2527K(2560K)->1632K(2048K)
[235.307s][info][gc,heap        ] GC(432) ParOldGen: 390092K(394752K)->390108K(394752K)
[235.307s][info][gc,metaspace   ] GC(432) Metaspace: 56899K(57216K)->56899K(57216K) NonClass: 51271K(51520K)->51271K(51520K) Class: 5628K(5696K)->5628K(5696K)
[235.307s][info][gc             ] GC(432) Pause Young (Allocation Failure) 524M->382M(524M) 3.772ms
[235.307s][info][gc,cpu         ] GC(432) User=0.01s Sys=0.00s Real=0.01s
[235.668s][info][gc,start       ] GC(433) Pause Young (Allocation Failure)
[235.671s][info][gc,heap        ] GC(433) PSYoungGen: 141920K(142336K)->704K(136704K) Eden: 140288K(140288K)->0K(135680K) From: 1632K(2048K)->704K(1024K)
[235.671s][info][gc,heap        ] GC(433) ParOldGen: 390108K(394752K)->390124K(394752K)
[235.671s][info][gc,metaspace   ] GC(433) Metaspace: 56899K(57216K)->56899K(57216K) NonClass: 51271K(51520K)->51271K(51520K) Class: 5628K(5696K)->5628K(5696K)
[235.671s][info][gc             ] GC(433) Pause Young (Allocation Failure) 519M->381M(519M) 3.059ms
[235.671s][info][gc,cpu         ] GC(433) User=0.00s Sys=0.00s Real=0.00s
[235.978s][info][gc,start       ] GC(434) Pause Young (Allocation Failure)
[235.982s][info][gc,heap        ] GC(434) PSYoungGen: 136384K(136704K)->2048K(140800K) Eden: 135680K(135680K)->0K(131584K) From: 704K(1024K)->2048K(9216K)
[235.982s][info][gc,heap        ] GC(434) ParOldGen: 390124K(394752K)->390140K(394752K)
[235.982s][info][gc,metaspace   ] GC(434) Metaspace: 56899K(57216K)->56899K(57216K) NonClass: 51271K(51520K)->51271K(51520K) Class: 5628K(5696K)->5628K(5696K)
[235.982s][info][gc             ] GC(434) Pause Young (Allocation Failure) 514M->382M(523M) 3.993ms
[235.982s][info][gc,cpu         ] GC(434) User=0.01s Sys=0.00s Real=0.00s
[236.286s][info][gc,start       ] GC(435) Pause Young (Allocation Failure)
[236.290s][info][gc,heap        ] GC(435) PSYoungGen: 133632K(140800K)->2304K(154112K) Eden: 131584K(131584K)->0K(145408K) From: 2048K(9216K)->2304K(8704K)
[236.290s][info][gc,heap        ] GC(435) ParOldGen: 390140K(394752K)->390156K(394752K)
[236.290s][info][gc,metaspace   ] GC(435) Metaspace: 56899K(57216K)->56899K(57216K) NonClass: 51271K(51520K)->51271K(51520K) Class: 5628K(5696K)->5628K(5696K)
[236.290s][info][gc             ] GC(435) Pause Young (Allocation Failure) 511M->383M(536M) 4.148ms
[236.290s][info][gc,cpu         ] GC(435) User=0.01s Sys=0.00s Real=0.01s
[236.604s][info][gc,start       ] GC(436) Pause Young (Allocation Failure)
[236.607s][info][gc,heap        ] GC(436) PSYoungGen: 147712K(154112K)->1440K(153600K) Eden: 145408K(145408K)->0K(145408K) From: 2304K(8704K)->1440K(8192K)
[236.607s][info][gc,heap        ] GC(436) ParOldGen: 390156K(394752K)->390172K(394752K)
[236.607s][info][gc,metaspace   ] GC(436) Metaspace: 56899K(57216K)->56899K(57216K) NonClass: 51271K(51520K)->51271K(51520K) Class: 5628K(5696K)->5628K(5696K)
[236.607s][info][gc             ] GC(436) Pause Young (Allocation Failure) 525M->382M(535M) 3.159ms
[236.607s][info][gc,cpu         ] GC(436) User=0.01s Sys=0.00s Real=0.01s
[237.026s][info][gc,start       ] GC(437) Pause Young (Allocation Failure)
[237.029s][info][gc,heap        ] GC(437) PSYoungGen: 146848K(153600K)->1918K(179712K) Eden: 145408K(145408K)->0K(173056K) From: 1440K(8192K)->1918K(6656K)
[237.029s][info][gc,heap        ] GC(437) ParOldGen: 390172K(394752K)->390188K(394752K)
[237.029s][info][gc,metaspace   ] GC(437) Metaspace: 56899K(57216K)->56899K(57216K) NonClass: 51271K(51520K)->51271K(51520K) Class: 5628K(5696K)->5628K(5696K)
[237.029s][info][gc             ] GC(437) Pause Young (Allocation Failure) 524M->382M(561M) 3.627ms
[237.029s][info][gc,cpu         ] GC(437) User=0.01s Sys=0.00s Real=0.01s
[237.380s][info][gc,start       ] GC(438) Pause Young (Allocation Failure)
[237.384s][info][gc,heap        ] GC(438) PSYoungGen: 174974K(179712K)->1408K(180224K) Eden: 173056K(173056K)->0K(173056K) From: 1918K(6656K)->1408K(7168K)
[237.384s][info][gc,heap        ] GC(438) ParOldGen: 390188K(394752K)->390204K(394752K)
[237.384s][info][gc,metaspace   ] GC(438) Metaspace: 56899K(57216K)->56899K(57216K) NonClass: 51271K(51520K)->51271K(51520K) Class: 5628K(5696K)->5628K(5696K)
[237.384s][info][gc             ] GC(438) Pause Young (Allocation Failure) 551M->382M(561M) 3.516ms
[237.384s][info][gc,cpu         ] GC(438) User=0.01s Sys=0.00s Real=0.00s
[237.779s][info][gc,start       ] GC(439) Pause Young (Allocation Failure)
[237.783s][info][gc,heap        ] GC(439) PSYoungGen: 174464K(180224K)->1759K(168960K) Eden: 173056K(173056K)->0K(166912K) From: 1408K(7168K)->1759K(2048K)
[237.783s][info][gc,heap        ] GC(439) ParOldGen: 390204K(394752K)->390220K(394752K)
[237.783s][info][gc,metaspace   ] GC(439) Metaspace: 56899K(57216K)->56899K(57216K) NonClass: 51271K(51520K)->51271K(51520K) Class: 5628K(5696K)->5628K(5696K)
[237.783s][info][gc             ] GC(439) Pause Young (Allocation Failure) 551M->382M(550M) 3.769ms
[237.783s][info][gc,cpu         ] GC(439) User=0.01s Sys=0.00s Real=0.00s
[238.183s][info][gc,start       ] GC(440) Pause Young (Allocation Failure)
[238.187s][info][gc,heap        ] GC(440) PSYoungGen: 168671K(168960K)->1216K(162816K) Eden: 166912K(166912K)->0K(161280K) From: 1759K(2048K)->1216K(1536K)
[238.187s][info][gc,heap        ] GC(440) ParOldGen: 390220K(394752K)->390236K(394752K)
[238.187s][info][gc,metaspace   ] GC(440) Metaspace: 56899K(57216K)->56899K(57216K) NonClass: 51271K(51520K)->51271K(51520K) Class: 5628K(5696K)->5628K(5696K)
[238.187s][info][gc             ] GC(440) Pause Young (Allocation Failure) 545M->382M(544M) 3.440ms
[238.187s][info][gc,cpu         ] GC(440) User=0.00s Sys=0.00s Real=0.01s
[238.512s][info][gc,start       ] GC(441) Pause Young (Allocation Failure)
[238.514s][info][gc,heap        ] GC(441) PSYoungGen: 162496K(162816K)->767K(156672K) Eden: 161280K(161280K)->0K(155648K) From: 1216K(1536K)->767K(1024K)
[238.514s][info][gc,heap        ] GC(441) ParOldGen: 390236K(394752K)->390252K(394752K)
[238.514s][info][gc,metaspace   ] GC(441) Metaspace: 56899K(57216K)->56899K(57216K) NonClass: 51271K(51520K)->51271K(51520K) Class: 5628K(5696K)->5628K(5696K)
[238.514s][info][gc             ] GC(441) Pause Young (Allocation Failure) 539M->381M(538M) 2.427ms
[238.514s][info][gc,cpu         ] GC(441) User=0.01s Sys=0.00s Real=0.00s
[238.892s][info][gc,start       ] GC(442) Pause Young (Allocation Failure)
[238.897s][info][gc,heap        ] GC(442) PSYoungGen: 156173K(156672K)->2752K(188416K) Eden: 155405K(155648K)->0K(185344K) From: 767K(1024K)->2752K(3072K)
[238.897s][info][gc,heap        ] GC(442) ParOldGen: 390252K(394752K)->390268K(394752K)
[238.897s][info][gc,metaspace   ] GC(442) Metaspace: 56899K(57216K)->56899K(57216K) NonClass: 51271K(51520K)->51271K(51520K) Class: 5628K(5696K)->5628K(5696K)
[238.897s][info][gc             ] GC(442) Pause Young (Allocation Failure) 533M->383M(569M) 5.657ms
[238.897s][info][gc,cpu         ] GC(442) User=0.01s Sys=0.00s Real=0.01s
[239.373s][info][gc,start       ] GC(443) Pause Young (Allocation Failure)
[239.375s][info][gc,heap        ] GC(443) PSYoungGen: 188096K(188416K)->634K(179712K) Eden: 185344K(185344K)->0K(178688K) From: 2752K(3072K)->634K(1024K)
[239.375s][info][gc,heap        ] GC(443) ParOldGen: 390268K(394752K)->390284K(394752K)
[239.375s][info][gc,metaspace   ] GC(443) Metaspace: 56899K(57216K)->56899K(57216K) NonClass: 51271K(51520K)->51271K(51520K) Class: 5628K(5696K)->5628K(5696K)
[239.375s][info][gc             ] GC(443) Pause Young (Allocation Failure) 564M->381M(561M) 1.995ms
[239.376s][info][gc,cpu         ] GC(443) User=0.01s Sys=0.00s Real=0.00s
[239.778s][info][gc,start       ] GC(444) Pause Young (Allocation Failure)
[239.782s][info][gc,heap        ] GC(444) PSYoungGen: 179322K(179712K)->1920K(174592K) Eden: 178688K(178688K)->0K(172544K) From: 634K(1024K)->1920K(2048K)
[239.782s][info][gc,heap        ] GC(444) ParOldGen: 390284K(394752K)->390300K(394752K)
[239.782s][info][gc,metaspace   ] GC(444) Metaspace: 56899K(57216K)->56899K(57216K) NonClass: 51271K(51520K)->51271K(51520K) Class: 5628K(5696K)->5628K(5696K)
[239.782s][info][gc             ] GC(444) Pause Young (Allocation Failure) 556M->383M(556M) 4.301ms
[239.782s][info][gc,cpu         ] GC(444) User=0.00s Sys=0.00s Real=0.00s
[240.181s][info][gc,start       ] GC(445) Pause Young (Allocation Failure)
[240.185s][info][gc,heap        ] GC(445) PSYoungGen: 174464K(174592K)->2432K(168960K) Eden: 172544K(172544K)->0K(166400K) From: 1920K(2048K)->2432K(2560K)
[240.185s][info][gc,heap        ] GC(445) ParOldGen: 390300K(394752K)->390316K(394752K)
[240.185s][info][gc,metaspace   ] GC(445) Metaspace: 56899K(57216K)->56899K(57216K) NonClass: 51271K(51520K)->51271K(51520K) Class: 5628K(5696K)->5628K(5696K)
[240.185s][info][gc             ] GC(445) Pause Young (Allocation Failure) 551M->383M(550M) 4.499ms
[240.185s][info][gc,cpu         ] GC(445) User=0.00s Sys=0.00s Real=0.00s
[240.579s][info][gc,start       ] GC(446) Pause Young (Allocation Failure)
[240.584s][info][gc,heap        ] GC(446) PSYoungGen: 168832K(168960K)->2718K(193536K) Eden: 166400K(166400K)->0K(187904K) From: 2432K(2560K)->2718K(5632K)
[240.584s][info][gc,heap        ] GC(446) ParOldGen: 390316K(394752K)->390332K(394752K)
[240.584s][info][gc,metaspace   ] GC(446) Metaspace: 56899K(57216K)->56899K(57216K) NonClass: 51271K(51520K)->51271K(51520K) Class: 5628K(5696K)->5628K(5696K)
[240.584s][info][gc             ] GC(446) Pause Young (Allocation Failure) 546M->383M(574M) 5.070ms
[240.584s][info][gc,cpu         ] GC(446) User=0.00s Sys=0.01s Real=0.00s
[241.057s][info][gc,start       ] GC(447) Pause Young (Allocation Failure)
[241.077s][info][gc,heap        ] GC(447) PSYoungGen: 190622K(193536K)->2047K(202752K) Eden: 187904K(187904K)->0K(197632K) From: 2718K(5632K)->2047K(5120K)
[241.077s][info][gc,heap        ] GC(447) ParOldGen: 390332K(394752K)->390348K(394752K)
[241.077s][info][gc,metaspace   ] GC(447) Metaspace: 56899K(57216K)->56899K(57216K) NonClass: 51271K(51520K)->51271K(51520K) Class: 5628K(5696K)->5628K(5696K)
[241.077s][info][gc             ] GC(447) Pause Young (Allocation Failure) 567M->383M(583M) 19.615ms
[241.077s][info][gc,cpu         ] GC(447) User=0.01s Sys=0.00s Real=0.02s
[241.488s][info][gc,start       ] GC(448) Pause Young (Allocation Failure)
[241.493s][info][gc,heap        ] GC(448) PSYoungGen: 199679K(202752K)->2974K(202752K) Eden: 197632K(197632K)->0K(197632K) From: 2047K(5120K)->2974K(5120K)
[241.493s][info][gc,heap        ] GC(448) ParOldGen: 390348K(394752K)->390364K(394752K)
[241.493s][info][gc,metaspace   ] GC(448) Metaspace: 56899K(57216K)->56899K(57216K) NonClass: 51271K(51520K)->51271K(51520K) Class: 5628K(5696K)->5628K(5696K)
[241.493s][info][gc             ] GC(448) Pause Young (Allocation Failure) 576M->384M(583M) 5.067ms
[241.493s][info][gc,cpu         ] GC(448) User=0.01s Sys=0.00s Real=0.00s
[241.967s][info][gc,start       ] GC(449) Pause Young (Allocation Failure)
[241.969s][info][gc,heap        ] GC(449) PSYoungGen: 200606K(202752K)->512K(241152K) Eden: 197632K(197632K)->0K(236032K) From: 2974K(5120K)->512K(5120K)
[241.969s][info][gc,heap        ] GC(449) ParOldGen: 390364K(394752K)->390380K(394752K)
[241.969s][info][gc,metaspace   ] GC(449) Metaspace: 56899K(57216K)->56899K(57216K) NonClass: 51271K(51520K)->51271K(51520K) Class: 5628K(5696K)->5628K(5696K)
[241.969s][info][gc             ] GC(449) Pause Young (Allocation Failure) 577M->381M(621M) 2.210ms
[241.969s][info][gc,cpu         ] GC(449) User=0.00s Sys=0.00s Real=0.00s
[242.502s][info][gc,start       ] GC(450) Pause Young (Allocation Failure)
[242.505s][info][gc,heap        ] GC(450) PSYoungGen: 236544K(241152K)->1567K(241152K) Eden: 236032K(236032K)->0K(236032K) From: 512K(5120K)->1567K(5120K)
[242.505s][info][gc,heap        ] GC(450) ParOldGen: 390380K(394752K)->390396K(394752K)
[242.505s][info][gc,metaspace   ] GC(450) Metaspace: 56899K(57216K)->56899K(57216K) NonClass: 51271K(51520K)->51271K(51520K) Class: 5628K(5696K)->5628K(5696K)
[242.505s][info][gc             ] GC(450) Pause Young (Allocation Failure) 612M->382M(621M) 3.488ms
[242.505s][info][gc,cpu         ] GC(450) User=0.01s Sys=0.00s Real=0.00s
[243.070s][info][gc,start       ] GC(451) Pause Young (Allocation Failure)
[243.073s][info][gc,heap        ] GC(451) PSYoungGen: 237599K(241152K)->799K(284160K) Eden: 236032K(236032K)->0K(280576K) From: 1567K(5120K)->799K(3584K)
[243.073s][info][gc,heap        ] GC(451) ParOldGen: 390396K(394752K)->390412K(394752K)
[243.073s][info][gc,metaspace   ] GC(451) Metaspace: 56899K(57216K)->56899K(57216K) NonClass: 51271K(51520K)->51271K(51520K) Class: 5628K(5696K)->5628K(5696K)
[243.073s][info][gc             ] GC(451) Pause Young (Allocation Failure) 613M->382M(663M) 2.796ms
[243.073s][info][gc,cpu         ] GC(451) User=0.00s Sys=0.00s Real=0.00s
[243.717s][info][gc,start       ] GC(452) Pause Young (Allocation Failure)
[243.722s][info][gc,heap        ] GC(452) PSYoungGen: 281375K(284160K)->1952K(271360K) Eden: 280576K(280576K)->0K(269312K) From: 799K(3584K)->1952K(2048K)
[243.722s][info][gc,heap        ] GC(452) ParOldGen: 390412K(394752K)->390428K(394752K)
[243.722s][info][gc,metaspace   ] GC(452) Metaspace: 56899K(57216K)->56899K(57216K) NonClass: 51271K(51520K)->51271K(51520K) Class: 5628K(5696K)->5628K(5696K)
[243.722s][info][gc             ] GC(452) Pause Young (Allocation Failure) 656M->383M(650M) 4.422ms
[243.722s][info][gc,cpu         ] GC(452) User=0.01s Sys=0.00s Real=0.00s
[244.369s][info][gc,start       ] GC(453) Pause Young (Allocation Failure)
[244.372s][info][gc,heap        ] GC(453) PSYoungGen: 271264K(271360K)->864K(260096K) Eden: 269312K(269312K)->0K(259072K) From: 1952K(2048K)->864K(1024K)
[244.372s][info][gc,heap        ] GC(453) ParOldGen: 390428K(394752K)->390444K(394752K)
[244.372s][info][gc,metaspace   ] GC(453) Metaspace: 56899K(57216K)->56899K(57216K) NonClass: 51271K(51520K)->51271K(51520K) Class: 5628K(5696K)->5628K(5696K)
[244.372s][info][gc             ] GC(453) Pause Young (Allocation Failure) 646M->382M(639M) 2.967ms
[244.372s][info][gc,cpu         ] GC(453) User=0.01s Sys=0.00s Real=0.00s
[244.975s][info][gc,start       ] GC(454) Pause Young (Allocation Failure)
[244.978s][info][gc,heap        ] GC(454) PSYoungGen: 259936K(260096K)->1823K(253440K) Eden: 259072K(259072K)->0K(248832K) From: 864K(1024K)->1823K(4608K)
[244.978s][info][gc,heap        ] GC(454) ParOldGen: 390444K(394752K)->390460K(394752K)
[244.978s][info][gc,metaspace   ] GC(454) Metaspace: 56899K(57216K)->56899K(57216K) NonClass: 51271K(51520K)->51271K(51520K) Class: 5628K(5696K)->5628K(5696K)
[244.978s][info][gc             ] GC(454) Pause Young (Allocation Failure) 635M->383M(633M) 3.377ms
[244.978s][info][gc,cpu         ] GC(454) User=0.01s Sys=0.00s Real=0.01s
[245.572s][info][gc,start       ] GC(455) Pause Young (Allocation Failure)
[245.575s][info][gc,heap        ] GC(455) PSYoungGen: 250655K(253440K)->1129K(240640K) Eden: 248832K(248832K)->0K(239104K) From: 1823K(4608K)->1129K(1536K)
[245.575s][info][gc,heap        ] GC(455) ParOldGen: 390460K(394752K)->390476K(394752K)
[245.575s][info][gc,metaspace   ] GC(455) Metaspace: 56899K(57216K)->56899K(57216K) NonClass: 51271K(51520K)->51271K(51520K) Class: 5628K(5696K)->5628K(5696K)
[245.575s][info][gc             ] GC(455) Pause Young (Allocation Failure) 626M->382M(620M) 3.231ms
[245.575s][info][gc,cpu         ] GC(455) User=0.01s Sys=0.00s Real=0.00s
[246.093s][info][gc,start       ] GC(456) Pause Young (Allocation Failure)
[246.098s][info][gc,heap        ] GC(456) PSYoungGen: 240233K(240640K)->2751K(232960K) Eden: 239104K(239104K)->0K(229888K) From: 1129K(1536K)->2751K(3072K)
[246.098s][info][gc,heap        ] GC(456) ParOldGen: 390476K(394752K)->390492K(394752K)
[246.098s][info][gc,metaspace   ] GC(456) Metaspace: 56899K(57216K)->56899K(57216K) NonClass: 51271K(51520K)->51271K(51520K) Class: 5628K(5696K)->5628K(5696K)
[246.098s][info][gc             ] GC(456) Pause Young (Allocation Failure) 615M->384M(613M) 4.524ms
[246.098s][info][gc,cpu         ] GC(456) User=0.01s Sys=0.00s Real=0.01s
[246.737s][info][gc,start       ] GC(457) Pause Young (Allocation Failure)
[246.755s][info][gc,heap        ] GC(457) PSYoungGen: 232639K(232960K)->4064K(270336K) Eden: 229888K(229888K)->0K(266240K) From: 2751K(3072K)->4064K(4096K)
[246.755s][info][gc,heap        ] GC(457) ParOldGen: 390492K(394752K)->401712K(401920K)
[246.755s][info][gc,metaspace   ] GC(457) Metaspace: 56899K(57216K)->56899K(57216K) NonClass: 51271K(51520K)->51271K(51520K) Class: 5628K(5696K)->5628K(5696K)
[246.755s][info][gc             ] GC(457) Pause Young (Allocation Failure) 608M->396M(656M) 18.698ms
[246.755s][info][gc,cpu         ] GC(457) User=0.02s Sys=0.01s Real=0.01s
[247.280s][info][gc,start       ] GC(458) Pause Young (Allocation Failure)
[247.288s][info][gc,heap        ] GC(458) PSYoungGen: 270304K(270336K)->3087K(275456K) Eden: 266240K(266240K)->0K(266240K) From: 4064K(4096K)->3087K(9216K)
[247.288s][info][gc,heap        ] GC(458) ParOldGen: 401712K(401920K)->405761K(406016K)
[247.288s][info][gc,metaspace   ] GC(458) Metaspace: 56899K(57216K)->56899K(57216K) NonClass: 51271K(51520K)->51271K(51520K) Class: 5628K(5696K)->5628K(5696K)
[247.288s][info][gc             ] GC(458) Pause Young (Allocation Failure) 656M->399M(665M) 8.449ms
[247.288s][info][gc,cpu         ] GC(458) User=0.01s Sys=0.00s Real=0.01s
[247.885s][info][gc,start       ] GC(459) Pause Young (Allocation Failure)
[247.892s][info][gc,heap        ] GC(459) PSYoungGen: 269233K(275456K)->2816K(323072K) Eden: 266145K(266240K)->0K(315904K) From: 3087K(9216K)->2816K(7168K)
[247.892s][info][gc,heap        ] GC(459) ParOldGen: 405761K(406016K)->406577K(407040K)
[247.892s][info][gc,metaspace   ] GC(459) Metaspace: 56899K(57216K)->56899K(57216K) NonClass: 51271K(51520K)->51271K(51520K) Class: 5628K(5696K)->5628K(5696K)
[247.892s][info][gc             ] GC(459) Pause Young (Allocation Failure) 659M->399M(713M) 6.990ms
[247.892s][info][gc,cpu         ] GC(459) User=0.01s Sys=0.01s Real=0.01s
[248.669s][info][gc,start       ] GC(460) Pause Young (Allocation Failure)
[248.672s][info][gc,heap        ] GC(460) PSYoungGen: 318720K(323072K)->544K(324096K) Eden: 315904K(315904K)->0K(315904K) From: 2816K(7168K)->544K(8192K)
[248.672s][info][gc,heap        ] GC(460) ParOldGen: 406577K(407040K)->406593K(407040K)
[248.672s][info][gc,metaspace   ] GC(460) Metaspace: 56899K(57216K)->56899K(57216K) NonClass: 51271K(51520K)->51271K(51520K) Class: 5628K(5696K)->5628K(5696K)
[248.672s][info][gc             ] GC(460) Pause Young (Allocation Failure) 708M->397M(714M) 2.331ms
[248.672s][info][gc,cpu         ] GC(460) User=0.00s Sys=0.00s Real=0.00s
[249.383s][info][gc,start       ] GC(461) Pause Young (Allocation Failure)
[249.389s][info][gc,heap        ] GC(461) PSYoungGen: 316448K(324096K)->2687K(324608K) Eden: 315904K(315904K)->0K(317440K) From: 544K(8192K)->2687K(7168K)
[249.389s][info][gc,heap        ] GC(461) ParOldGen: 406593K(407040K)->406609K(407040K)
[249.389s][info][gc,metaspace   ] GC(461) Metaspace: 56899K(57216K)->56899K(57216K) NonClass: 51271K(51520K)->51271K(51520K) Class: 5628K(5696K)->5628K(5696K)
[249.389s][info][gc             ] GC(461) Pause Young (Allocation Failure) 706M->399M(714M) 5.722ms
[249.389s][info][gc,cpu         ] GC(461) User=0.01s Sys=0.00s Real=0.01s
[250.112s][info][gc,start       ] GC(462) Pause Young (Allocation Failure)
[250.116s][info][gc,heap        ] GC(462) PSYoungGen: 320127K(324608K)->1216K(306176K) Eden: 317440K(317440K)->0K(304640K) From: 2687K(7168K)->1216K(1536K)
[250.116s][info][gc,heap        ] GC(462) ParOldGen: 406609K(407040K)->406625K(407040K)
[250.116s][info][gc,metaspace   ] GC(462) Metaspace: 56899K(57216K)->56899K(57216K) NonClass: 51271K(51520K)->51271K(51520K) Class: 5628K(5696K)->5628K(5696K)
[250.116s][info][gc             ] GC(462) Pause Young (Allocation Failure) 709M->398M(696M) 4.357ms
[250.116s][info][gc,cpu         ] GC(462) User=0.00s Sys=0.00s Real=0.01s
[250.867s][info][gc,start       ] GC(463) Pause Young (Allocation Failure)
[250.869s][info][gc,heap        ] GC(463) PSYoungGen: 305856K(306176K)->318K(292864K) Eden: 304640K(304640K)->0K(292352K) From: 1216K(1536K)->318K(512K)
[250.869s][info][gc,heap        ] GC(463) ParOldGen: 406625K(407040K)->406641K(407040K)
[250.869s][info][gc,metaspace   ] GC(463) Metaspace: 56899K(57216K)->56899K(57216K) NonClass: 51271K(51520K)->51271K(51520K) Class: 5628K(5696K)->5628K(5696K)
[250.869s][info][gc             ] GC(463) Pause Young (Allocation Failure) 695M->397M(683M) 2.152ms
[250.869s][info][gc,cpu         ] GC(463) User=0.01s Sys=0.00s Real=0.00s
[251.504s][info][gc,start       ] GC(464) Pause Young (Allocation Failure)
[251.507s][info][gc,heap        ] GC(464) PSYoungGen: 292670K(292864K)->1248K(287744K) Eden: 292352K(292352K)->0K(280576K) From: 318K(512K)->1248K(7168K)
[251.507s][info][gc,heap        ] GC(464) ParOldGen: 406641K(407040K)->406657K(407040K)
[251.507s][info][gc,metaspace   ] GC(464) Metaspace: 56899K(57216K)->56899K(57216K) NonClass: 51271K(51520K)->51271K(51520K) Class: 5628K(5696K)->5628K(5696K)
[251.507s][info][gc             ] GC(464) Pause Young (Allocation Failure) 682M->398M(678M) 3.115ms
[251.507s][info][gc,cpu         ] GC(464) User=0.01s Sys=0.00s Real=0.01s
[252.186s][info][gc,start       ] GC(465) Pause Young (Allocation Failure)
[252.190s][info][gc,heap        ] GC(465) PSYoungGen: 281824K(287744K)->2175K(271872K) Eden: 280576K(280576K)->0K(269312K) From: 1248K(7168K)->2175K(2560K)
[252.190s][info][gc,heap        ] GC(465) ParOldGen: 406657K(407040K)->406673K(407040K)
[252.190s][info][gc,metaspace   ] GC(465) Metaspace: 56899K(57216K)->56899K(57216K) NonClass: 51271K(51520K)->51271K(51520K) Class: 5628K(5696K)->5628K(5696K)
[252.190s][info][gc             ] GC(465) Pause Young (Allocation Failure) 672M->399M(663M) 4.112ms
[252.190s][info][gc,cpu         ] GC(465) User=0.01s Sys=0.00s Real=0.00s
[252.916s][info][gc,start       ] GC(466) Pause Young (Allocation Failure)
[252.918s][info][gc,heap        ] GC(466) PSYoungGen: 271233K(271872K)->288K(259584K) Eden: 269058K(269312K)->0K(259072K) From: 2175K(2560K)->288K(512K)
[252.918s][info][gc,heap        ] GC(466) ParOldGen: 406673K(407040K)->406689K(407040K)
[252.918s][info][gc,metaspace   ] GC(466) Metaspace: 56899K(57216K)->56899K(57216K) NonClass: 51271K(51520K)->51271K(51520K) Class: 5628K(5696K)->5628K(5696K)
[252.918s][info][gc             ] GC(466) Pause Young (Allocation Failure) 662M->397M(651M) 2.276ms
[252.918s][info][gc,cpu         ] GC(466) User=0.00s Sys=0.00s Real=0.01s
[253.470s][info][gc,start       ] GC(467) Pause Young (Allocation Failure)
[253.473s][info][gc,heap        ] GC(467) PSYoungGen: 259360K(259584K)->1012K(249856K) Eden: 259072K(259072K)->0K(248832K) From: 288K(512K)->1012K(1024K)
[253.473s][info][gc,heap        ] GC(467) ParOldGen: 406689K(407040K)->406705K(407040K)
[253.473s][info][gc,metaspace   ] GC(467) Metaspace: 56899K(57216K)->56899K(57216K) NonClass: 51271K(51520K)->51271K(51520K) Class: 5628K(5696K)->5628K(5696K)
[253.473s][info][gc             ] GC(467) Pause Young (Allocation Failure) 650M->398M(641M) 3.217ms
[253.473s][info][gc,cpu         ] GC(467) User=0.01s Sys=0.00s Real=0.00s
[254.110s][info][gc,start       ] GC(468) Pause Young (Allocation Failure)
[254.113s][info][gc,heap        ] GC(468) PSYoungGen: 249844K(249856K)->1120K(240640K) Eden: 248832K(248832K)->0K(239104K) From: 1012K(1024K)->1120K(1536K)
[254.113s][info][gc,heap        ] GC(468) ParOldGen: 406705K(407040K)->406721K(407040K)
[254.113s][info][gc,metaspace   ] GC(468) Metaspace: 56899K(57216K)->56899K(57216K) NonClass: 51271K(51520K)->51271K(51520K) Class: 5628K(5696K)->5628K(5696K)
[254.113s][info][gc             ] GC(468) Pause Young (Allocation Failure) 641M->398M(632M) 3.020ms
[254.113s][info][gc,cpu         ] GC(468) User=0.01s Sys=0.00s Real=0.00s
[254.587s][info][gc,start       ] GC(469) Pause Young (Allocation Failure)
[254.591s][info][gc,heap        ] GC(469) PSYoungGen: 240224K(240640K)->2271K(232448K) Eden: 239104K(239104K)->0K(229888K) From: 1120K(1536K)->2271K(2560K)
[254.591s][info][gc,heap        ] GC(469) ParOldGen: 406721K(407040K)->406737K(407040K)
[254.592s][info][gc,metaspace   ] GC(469) Metaspace: 56899K(57216K)->56899K(57216K) NonClass: 51271K(51520K)->51271K(51520K) Class: 5628K(5696K)->5628K(5696K)
[254.592s][info][gc             ] GC(469) Pause Young (Allocation Failure) 631M->399M(624M) 4.130ms
[254.592s][info][gc,cpu         ] GC(469) User=0.01s Sys=0.00s Real=0.00s
[255.112s][info][gc,start       ] GC(470) Pause Young (Allocation Failure)
[255.114s][info][gc,heap        ] GC(470) PSYoungGen: 232159K(232448K)->1247K(222720K) Eden: 229888K(229888K)->0K(221184K) From: 2271K(2560K)->1247K(1536K)
[255.115s][info][gc,heap        ] GC(470) ParOldGen: 406737K(407040K)->406753K(407040K)
[255.115s][info][gc,metaspace   ] GC(470) Metaspace: 56899K(57216K)->56899K(57216K) NonClass: 51271K(51520K)->51271K(51520K) Class: 5628K(5696K)->5628K(5696K)
[255.115s][info][gc             ] GC(470) Pause Young (Allocation Failure) 623M->398M(615M) 2.956ms
[255.115s][info][gc,cpu         ] GC(470) User=0.00s Sys=0.00s Real=0.00s
[255.671s][info][gc,start       ] GC(471) Pause Young (Allocation Failure)
[255.674s][info][gc,heap        ] GC(471) PSYoungGen: 222431K(222720K)->1129K(214528K) Eden: 221184K(221184K)->0K(212992K) From: 1247K(1536K)->1129K(1536K)
[255.674s][info][gc,heap        ] GC(471) ParOldGen: 406753K(407040K)->406769K(407040K)
[255.674s][info][gc,metaspace   ] GC(471) Metaspace: 56899K(57216K)->56899K(57216K) NonClass: 51271K(51520K)->51271K(51520K) Class: 5628K(5696K)->5628K(5696K)
[255.674s][info][gc             ] GC(471) Pause Young (Allocation Failure) 614M->398M(607M) 3.189ms
[255.674s][info][gc,cpu         ] GC(471) User=0.00s Sys=0.01s Real=0.00s
[256.171s][info][gc,start       ] GC(472) Pause Young (Allocation Failure)
[256.174s][info][gc,heap        ] GC(472) PSYoungGen: 214121K(214528K)->832K(206336K) Eden: 212992K(212992K)->0K(205312K) From: 1129K(1536K)->832K(1024K)
[256.174s][info][gc,heap        ] GC(472) ParOldGen: 406769K(407040K)->406785K(407040K)
[256.174s][info][gc,metaspace   ] GC(472) Metaspace: 56899K(57216K)->56899K(57216K) NonClass: 51271K(51520K)->51271K(51520K) Class: 5628K(5696K)->5628K(5696K)
[256.174s][info][gc             ] GC(472) Pause Young (Allocation Failure) 606M->398M(599M) 2.590ms
[256.174s][info][gc,cpu         ] GC(472) User=0.01s Sys=0.00s Real=0.00s
[256.667s][info][gc,start       ] GC(473) Pause Young (Allocation Failure)
[256.670s][info][gc,heap        ] GC(473) PSYoungGen: 206144K(206336K)->831K(198656K) Eden: 205312K(205312K)->0K(197632K) From: 832K(1024K)->831K(1024K)
[256.670s][info][gc,heap        ] GC(473) ParOldGen: 406785K(407040K)->406801K(407040K)
[256.670s][info][gc,metaspace   ] GC(473) Metaspace: 56899K(57216K)->56899K(57216K) NonClass: 51271K(51520K)->51271K(51520K) Class: 5628K(5696K)->5628K(5696K)
[256.670s][info][gc             ] GC(473) Pause Young (Allocation Failure) 598M->398M(591M) 2.593ms
[256.670s][info][gc,cpu         ] GC(473) User=0.00s Sys=0.00s Real=0.00s
[257.100s][info][gc,start       ] GC(474) Pause Young (Allocation Failure)
[257.104s][info][gc,heap        ] GC(474) PSYoungGen: 198463K(198656K)->2623K(193536K) Eden: 197632K(197632K)->0K(190464K) From: 831K(1024K)->2623K(3072K)
[257.104s][info][gc,heap        ] GC(474) ParOldGen: 406801K(407040K)->406817K(407040K)
[257.104s][info][gc,metaspace   ] GC(474) Metaspace: 56899K(57216K)->56899K(57216K) NonClass: 51271K(51520K)->51271K(51520K) Class: 5628K(5696K)->5628K(5696K)
[257.104s][info][gc             ] GC(474) Pause Young (Allocation Failure) 591M->399M(586M) 4.449ms
[257.104s][info][gc,cpu         ] GC(474) User=0.01s Sys=0.00s Real=0.00s
[257.576s][info][gc,start       ] GC(475) Pause Young (Allocation Failure)
[257.580s][info][gc,heap        ] GC(475) PSYoungGen: 193087K(193536K)->1664K(185856K) Eden: 190464K(190464K)->0K(183808K) From: 2623K(3072K)->1664K(2048K)
[257.580s][info][gc,heap        ] GC(475) ParOldGen: 406817K(407040K)->406833K(407040K)
[257.580s][info][gc,metaspace   ] GC(475) Metaspace: 56899K(57216K)->56899K(57216K) NonClass: 51271K(51520K)->51271K(51520K) Class: 5628K(5696K)->5628K(5696K)
[257.580s][info][gc             ] GC(475) Pause Young (Allocation Failure) 585M->398M(579M) 3.680ms
[257.580s][info][gc,cpu         ] GC(475) User=0.01s Sys=0.00s Real=0.00s
[257.991s][info][gc,start       ] GC(476) Pause Young (Allocation Failure)
[257.996s][info][gc,heap        ] GC(476) PSYoungGen: 185270K(185856K)->3104K(180736K) Eden: 183606K(183808K)->0K(177152K) From: 1664K(2048K)->3104K(3584K)
[257.997s][info][gc,heap        ] GC(476) ParOldGen: 406833K(407040K)->406849K(407040K)
[257.997s][info][gc,metaspace   ] GC(476) Metaspace: 56899K(57216K)->56899K(57216K) NonClass: 51271K(51520K)->51271K(51520K) Class: 5628K(5696K)->5628K(5696K)
[257.997s][info][gc             ] GC(476) Pause Young (Allocation Failure) 578M->400M(574M) 5.342ms
[257.997s][info][gc,cpu         ] GC(476) User=0.01s Sys=0.00s Real=0.01s
[258.420s][info][gc,start       ] GC(477) Pause Young (Allocation Failure)
[258.423s][info][gc,heap        ] GC(477) PSYoungGen: 180134K(180736K)->1584K(173056K) Eden: 177030K(177152K)->0K(171008K) From: 3104K(3584K)->1584K(2048K)
[258.423s][info][gc,heap        ] GC(477) ParOldGen: 406849K(407040K)->406865K(407040K)
[258.423s][info][gc,metaspace   ] GC(477) Metaspace: 56899K(57216K)->56899K(57216K) NonClass: 51271K(51520K)->51271K(51520K) Class: 5628K(5696K)->5628K(5696K)
[258.423s][info][gc             ] GC(477) Pause Young (Allocation Failure) 573M->398M(566M) 3.173ms
[258.423s][info][gc,cpu         ] GC(477) User=0.00s Sys=0.00s Real=0.00s
[258.806s][info][gc,start       ] GC(478) Pause Young (Allocation Failure)
[258.809s][info][gc,heap        ] GC(478) PSYoungGen: 172507K(173056K)->1472K(166912K) Eden: 170923K(171008K)->0K(165376K) From: 1584K(2048K)->1472K(1536K)
[258.810s][info][gc,heap        ] GC(478) ParOldGen: 406865K(407040K)->407362K(407552K)
[258.810s][info][gc,metaspace   ] GC(478) Metaspace: 56899K(57216K)->56899K(57216K) NonClass: 51271K(51520K)->51271K(51520K) Class: 5628K(5696K)->5628K(5696K)
[258.810s][info][gc             ] GC(478) Pause Young (Allocation Failure) 565M->399M(561M) 3.619ms
[258.810s][info][gc,cpu         ] GC(478) User=0.00s Sys=0.00s Real=0.00s
[259.194s][info][gc,start       ] GC(479) Pause Young (Allocation Failure)
[259.198s][info][gc,heap        ] GC(479) PSYoungGen: 166848K(166912K)->2048K(161792K) Eden: 165376K(165376K)->0K(159744K) From: 1472K(1536K)->2048K(2048K)
[259.198s][info][gc,heap        ] GC(479) ParOldGen: 407362K(407552K)->407378K(407552K)
[259.198s][info][gc,metaspace   ] GC(479) Metaspace: 56899K(57216K)->56899K(57216K) NonClass: 51271K(51520K)->51271K(51520K) Class: 5628K(5696K)->5628K(5696K)
[259.198s][info][gc             ] GC(479) Pause Young (Allocation Failure) 560M->399M(556M) 4.235ms
[259.198s][info][gc,cpu         ] GC(479) User=0.01s Sys=0.00s Real=0.01s
[259.586s][info][gc,start       ] GC(480) Pause Young (Allocation Failure)
[259.591s][info][gc,heap        ] GC(480) PSYoungGen: 161792K(161792K)->2752K(157696K) Eden: 159744K(159744K)->0K(154624K) From: 2048K(2048K)->2752K(3072K)
[259.591s][info][gc,heap        ] GC(480) ParOldGen: 407378K(407552K)->407394K(407552K)
[259.591s][info][gc,metaspace   ] GC(480) Metaspace: 56899K(57216K)->56899K(57216K) NonClass: 51271K(51520K)->51271K(51520K) Class: 5628K(5696K)->5628K(5696K)
[259.591s][info][gc             ] GC(480) Pause Young (Allocation Failure) 555M->400M(552M) 4.773ms
[259.591s][info][gc,cpu         ] GC(480) User=0.01s Sys=0.00s Real=0.00s
[259.973s][info][gc,start       ] GC(481) Pause Young (Allocation Failure)
[259.976s][info][gc,heap        ] GC(481) PSYoungGen: 157376K(157696K)->1778K(151552K) Eden: 154624K(154624K)->0K(149504K) From: 2752K(3072K)->1778K(2048K)
[259.976s][info][gc,heap        ] GC(481) ParOldGen: 407394K(407552K)->407410K(407552K)
[259.976s][info][gc,metaspace   ] GC(481) Metaspace: 56899K(57216K)->56899K(57216K) NonClass: 51271K(51520K)->51271K(51520K) Class: 5628K(5696K)->5628K(5696K)
[259.977s][info][gc             ] GC(481) Pause Young (Allocation Failure) 551M->399M(546M) 3.579ms
[259.977s][info][gc,cpu         ] GC(481) User=0.00s Sys=0.00s Real=0.01s
[260.297s][info][gc,start       ] GC(482) Pause Young (Allocation Failure)
[260.301s][info][gc,heap        ] GC(482) PSYoungGen: 151282K(151552K)->2112K(180736K) Eden: 149504K(149504K)->0K(178176K) From: 1778K(2048K)->2112K(2560K)
[260.301s][info][gc,heap        ] GC(482) ParOldGen: 407410K(407552K)->407426K(407552K)
[260.301s][info][gc,metaspace   ] GC(482) Metaspace: 56899K(57216K)->56899K(57216K) NonClass: 51271K(51520K)->51271K(51520K) Class: 5628K(5696K)->5628K(5696K)
[260.301s][info][gc             ] GC(482) Pause Young (Allocation Failure) 545M->399M(574M) 4.096ms
[260.301s][info][gc,cpu         ] GC(482) User=0.01s Sys=0.00s Real=0.00s
[260.710s][info][gc,start       ] GC(483) Pause Young (Allocation Failure)
[260.712s][info][gc,heap        ] GC(483) PSYoungGen: 180288K(180736K)->799K(173056K) Eden: 178176K(178176K)->0K(172032K) From: 2112K(2560K)->799K(1024K)
[260.712s][info][gc,heap        ] GC(483) ParOldGen: 407426K(407552K)->407442K(407552K)
[260.712s][info][gc,metaspace   ] GC(483) Metaspace: 56899K(57216K)->56899K(57216K) NonClass: 51271K(51520K)->51271K(51520K) Class: 5628K(5696K)->5628K(5696K)
[260.712s][info][gc             ] GC(483) Pause Young (Allocation Failure) 573M->398M(567M) 2.505ms
[260.712s][info][gc,cpu         ] GC(483) User=0.00s Sys=0.00s Real=0.00s
[261.169s][info][gc,start       ] GC(484) Pause Young (Allocation Failure)
[261.176s][info][gc,heap        ] GC(484) PSYoungGen: 172784K(173056K)->512K(205312K) Eden: 171985K(172032K)->0K(204800K) From: 799K(1024K)->512K(512K)
[261.176s][info][gc,heap        ] GC(484) ParOldGen: 407442K(407552K)->407458K(407552K)
[261.176s][info][gc,metaspace   ] GC(484) Metaspace: 56899K(57216K)->56899K(57216K) NonClass: 51271K(51520K)->51271K(51520K) Class: 5628K(5696K)->5628K(5696K)
[261.176s][info][gc             ] GC(484) Pause Young (Allocation Failure) 566M->398M(598M) 6.791ms
[261.176s][info][gc,cpu         ] GC(484) User=0.01s Sys=0.00s Real=0.01s
[261.614s][info][gc,start       ] GC(485) Pause Young (Allocation Failure)
[261.616s][info][gc,heap        ] GC(485) PSYoungGen: 205312K(205312K)->283K(198144K) Eden: 204800K(204800K)->0K(197632K) From: 512K(512K)->283K(512K)
[261.616s][info][gc,heap        ] GC(485) ParOldGen: 407458K(407552K)->407474K(407552K)
[261.616s][info][gc,metaspace   ] GC(485) Metaspace: 56899K(57216K)->56899K(57216K) NonClass: 51271K(51520K)->51271K(51520K) Class: 5628K(5696K)->5628K(5696K)
[261.616s][info][gc             ] GC(485) Pause Young (Allocation Failure) 598M->398M(591M) 2.275ms
[261.616s][info][gc,cpu         ] GC(485) User=0.01s Sys=0.00s Real=0.01s
[262.095s][info][gc,start       ] GC(486) Pause Young (Allocation Failure)
[262.100s][info][gc,heap        ] GC(486) PSYoungGen: 197890K(198144K)->3104K(194048K) Eden: 197607K(197632K)->0K(190464K) From: 283K(512K)->3104K(3584K)
[262.100s][info][gc,heap        ] GC(486) ParOldGen: 407474K(407552K)->407490K(407552K)
[262.100s][info][gc,metaspace   ] GC(486) Metaspace: 56899K(57216K)->56899K(57216K) NonClass: 51271K(51520K)->51271K(51520K) Class: 5628K(5696K)->5628K(5696K)
[262.100s][info][gc             ] GC(486) Pause Young (Allocation Failure) 591M->400M(587M) 5.129ms
[262.100s][info][gc,cpu         ] GC(486) User=0.01s Sys=0.00s Real=0.01s
[262.629s][info][gc,start       ] GC(487) Pause Young (Allocation Failure)
[262.633s][info][gc,heap        ] GC(487) PSYoungGen: 193568K(194048K)->2207K(186368K) Eden: 190464K(190464K)->0K(183808K) From: 3104K(3584K)->2207K(2560K)
[262.633s][info][gc,heap        ] GC(487) ParOldGen: 407490K(407552K)->407506K(407552K)
[262.633s][info][gc,metaspace   ] GC(487) Metaspace: 56899K(57216K)->56899K(57216K) NonClass: 51271K(51520K)->51271K(51520K) Class: 5628K(5696K)->5628K(5696K)
[262.633s][info][gc             ] GC(487) Pause Young (Allocation Failure) 586M->400M(580M) 4.035ms
[262.633s][info][gc,cpu         ] GC(487) User=0.01s Sys=0.00s Real=0.00s
[262.990s][info][gc,start       ] GC(488) Pause Young (Allocation Failure)
[262.994s][info][gc,heap        ] GC(488) PSYoungGen: 186015K(186368K)->3326K(222208K) Eden: 183808K(183808K)->0K(218624K) From: 2207K(2560K)->3326K(3584K)
[262.994s][info][gc,heap        ] GC(488) ParOldGen: 407506K(407552K)->407522K(407552K)
[262.994s][info][gc,metaspace   ] GC(488) Metaspace: 56899K(57216K)->56899K(57216K) NonClass: 51271K(51520K)->51271K(51520K) Class: 5628K(5696K)->5628K(5696K)
[262.995s][info][gc             ] GC(488) Pause Young (Allocation Failure) 579M->401M(615M) 4.972ms
[262.995s][info][gc,cpu         ] GC(488) User=0.01s Sys=0.00s Real=0.00s
[263.504s][info][gc,start       ] GC(489) Pause Young (Allocation Failure)
[263.508s][info][gc,heap        ] GC(489) PSYoungGen: 221950K(222208K)->2015K(212480K) Eden: 218624K(218624K)->0K(210432K) From: 3326K(3584K)->2015K(2048K)
[263.508s][info][gc,heap        ] GC(489) ParOldGen: 407522K(407552K)->407538K(407552K)
[263.508s][info][gc,metaspace   ] GC(489) Metaspace: 56899K(57216K)->56899K(57216K) NonClass: 51271K(51520K)->51271K(51520K) Class: 5628K(5696K)->5628K(5696K)
[263.508s][info][gc             ] GC(489) Pause Young (Allocation Failure) 614M->399M(605M) 3.832ms
[263.508s][info][gc,cpu         ] GC(489) User=0.01s Sys=0.00s Real=0.01s
[264.004s][info][gc,start       ] GC(490) Pause Young (Allocation Failure)
[264.007s][info][gc,heap        ] GC(490) PSYoungGen: 212422K(212480K)->1728K(204800K) Eden: 210406K(210432K)->0K(202752K) From: 2015K(2048K)->1728K(2048K)
[264.007s][info][gc,heap        ] GC(490) ParOldGen: 407538K(407552K)->407554K(408064K)
[264.007s][info][gc,metaspace   ] GC(490) Metaspace: 56899K(57216K)->56899K(57216K) NonClass: 51271K(51520K)->51271K(51520K) Class: 5628K(5696K)->5628K(5696K)
[264.007s][info][gc             ] GC(490) Pause Young (Allocation Failure) 605M->399M(598M) 3.818ms
[264.007s][info][gc,cpu         ] GC(490) User=0.01s Sys=0.00s Real=0.01s
[264.549s][info][gc,start       ] GC(491) Pause Young (Allocation Failure)
[264.555s][info][gc,heap        ] GC(491) PSYoungGen: 204480K(204800K)->4095K(199680K) Eden: 202752K(202752K)->0K(195584K) From: 1728K(2048K)->4095K(4096K)
[264.555s][info][gc,heap        ] GC(491) ParOldGen: 407554K(408064K)->407570K(408064K)
[264.555s][info][gc,metaspace   ] GC(491) Metaspace: 56899K(57216K)->56899K(57216K) NonClass: 51271K(51520K)->51271K(51520K) Class: 5628K(5696K)->5628K(5696K)
[264.555s][info][gc             ] GC(491) Pause Young (Allocation Failure) 597M->402M(593M) 6.185ms
[264.556s][info][gc,cpu         ] GC(491) User=0.02s Sys=0.00s Real=0.00s
[264.975s][info][gc,start       ] GC(492) Pause Young (Allocation Failure)
[264.978s][info][gc,heap        ] GC(492) PSYoungGen: 199679K(199680K)->1503K(189952K) Eden: 195584K(195584K)->0K(188416K) From: 4095K(4096K)->1503K(1536K)
[264.978s][info][gc,heap        ] GC(492) ParOldGen: 407570K(408064K)->407586K(408064K)
[264.978s][info][gc,metaspace   ] GC(492) Metaspace: 56899K(57216K)->56899K(57216K) NonClass: 51271K(51520K)->51271K(51520K) Class: 5628K(5696K)->5628K(5696K)
[264.978s][info][gc             ] GC(492) Pause Young (Allocation Failure) 593M->399M(584M) 3.344ms
[264.978s][info][gc,cpu         ] GC(492) User=0.00s Sys=0.00s Real=0.01s
[265.393s][info][gc,start       ] GC(493) Pause Young (Allocation Failure)
[265.397s][info][gc,heap        ] GC(493) PSYoungGen: 189764K(189952K)->2560K(184320K) Eden: 188261K(188416K)->0K(181760K) From: 1503K(1536K)->2560K(2560K)
[265.397s][info][gc,heap        ] GC(493) ParOldGen: 407586K(408064K)->407602K(408064K)
[265.397s][info][gc,metaspace   ] GC(493) Metaspace: 56899K(57216K)->56899K(57216K) NonClass: 51271K(51520K)->51271K(51520K) Class: 5628K(5696K)->5628K(5696K)
[265.397s][info][gc             ] GC(493) Pause Young (Allocation Failure) 583M->400M(578M) 4.840ms
[265.397s][info][gc,cpu         ] GC(493) User=0.01s Sys=0.00s Real=0.01s
[265.867s][info][gc,start       ] GC(494) Pause Young (Allocation Failure)
[265.869s][info][gc,heap        ] GC(494) PSYoungGen: 184320K(184320K)->448K(176128K) Eden: 181760K(181760K)->0K(175616K) From: 2560K(2560K)->448K(512K)
[265.869s][info][gc,heap        ] GC(494) ParOldGen: 407602K(408064K)->407618K(408064K)
[265.869s][info][gc,metaspace   ] GC(494) Metaspace: 56899K(57216K)->56899K(57216K) NonClass: 51271K(51520K)->51271K(51520K) Class: 5628K(5696K)->5628K(5696K)
[265.869s][info][gc             ] GC(494) Pause Young (Allocation Failure) 578M->398M(570M) 2.263ms
[265.869s][info][gc,cpu         ] GC(494) User=0.01s Sys=0.00s Real=0.00s
[266.273s][info][gc,start       ] GC(495) Pause Young (Allocation Failure)
[266.277s][info][gc,heap        ] GC(495) PSYoungGen: 176064K(176128K)->1628K(171520K) Eden: 175616K(175616K)->0K(169472K) From: 448K(512K)->1628K(2048K)
[266.277s][info][gc,heap        ] GC(495) ParOldGen: 407618K(408064K)->407634K(408064K)
[266.277s][info][gc,metaspace   ] GC(495) Metaspace: 56899K(57216K)->56899K(57216K) NonClass: 51271K(51520K)->51271K(51520K) Class: 5628K(5696K)->5628K(5696K)
[266.277s][info][gc             ] GC(495) Pause Young (Allocation Failure) 570M->399M(566M) 3.503ms
[266.277s][info][gc,cpu         ] GC(495) User=0.00s Sys=0.00s Real=0.01s
[266.674s][info][gc,start       ] GC(496) Pause Young (Allocation Failure)
[266.678s][info][gc,heap        ] GC(496) PSYoungGen: 171100K(171520K)->1408K(165376K) Eden: 169472K(169472K)->0K(163840K) From: 1628K(2048K)->1408K(1536K)
[266.678s][info][gc,heap        ] GC(496) ParOldGen: 407634K(408064K)->407650K(408064K)
[266.678s][info][gc,metaspace   ] GC(496) Metaspace: 56899K(57216K)->56899K(57216K) NonClass: 51271K(51520K)->51271K(51520K) Class: 5628K(5696K)->5628K(5696K)
[266.678s][info][gc             ] GC(496) Pause Young (Allocation Failure) 565M->399M(560M) 3.286ms
[266.678s][info][gc,cpu         ] GC(496) User=0.01s Sys=0.00s Real=0.01s
[267.072s][info][gc,start       ] GC(497) Pause Young (Allocation Failure)
[267.075s][info][gc,heap        ] GC(497) PSYoungGen: 165248K(165376K)->1032K(159744K) Eden: 163840K(163840K)->0K(158208K) From: 1408K(1536K)->1032K(1536K)
[267.075s][info][gc,heap        ] GC(497) ParOldGen: 407650K(408064K)->407666K(408064K)
[267.075s][info][gc,metaspace   ] GC(497) Metaspace: 56899K(57216K)->56899K(57216K) NonClass: 51271K(51520K)->51271K(51520K) Class: 5628K(5696K)->5628K(5696K)
[267.075s][info][gc             ] GC(497) Pause Young (Allocation Failure) 559M->399M(554M) 2.833ms
[267.075s][info][gc,cpu         ] GC(497) User=0.01s Sys=0.00s Real=0.00s
[267.405s][info][gc,start       ] GC(498) Pause Young (Allocation Failure)
[267.409s][info][gc,heap        ] GC(498) PSYoungGen: 159042K(159744K)->1600K(155136K) Eden: 158010K(158208K)->0K(153088K) From: 1032K(1536K)->1600K(2048K)
[267.409s][info][gc,heap        ] GC(498) ParOldGen: 407666K(408064K)->407682K(408064K)
[267.409s][info][gc,metaspace   ] GC(498) Metaspace: 56899K(57216K)->56899K(57216K) NonClass: 51271K(51520K)->51271K(51520K) Class: 5628K(5696K)->5628K(5696K)
[267.409s][info][gc             ] GC(498) Pause Young (Allocation Failure) 553M->399M(550M) 3.557ms
[267.409s][info][gc,cpu         ] GC(498) User=0.00s Sys=0.00s Real=0.01s
[267.783s][info][gc,start       ] GC(499) Pause Young (Allocation Failure)
[267.820s][info][gc,heap        ] GC(499) PSYoungGen: 154688K(155136K)->3679K(187392K) Eden: 153088K(153088K)->0K(183296K) From: 1600K(2048K)->3679K(4096K)
[267.821s][info][gc,heap        ] GC(499) ParOldGen: 407682K(408064K)->407698K(408064K)
[267.821s][info][gc,metaspace   ] GC(499) Metaspace: 56899K(57216K)->56899K(57216K) NonClass: 51271K(51520K)->51271K(51520K) Class: 5628K(5696K)->5628K(5696K)
[267.821s][info][gc             ] GC(499) Pause Young (Allocation Failure) 549M->401M(581M) 37.084ms
[267.821s][info][gc,cpu         ] GC(499) User=0.02s Sys=0.00s Real=0.04s
[268.209s][info][gc,start       ] GC(500) Pause Young (Allocation Failure)
[268.212s][info][gc,heap        ] GC(500) PSYoungGen: 186975K(187392K)->1407K(220672K) Eden: 183296K(183296K)->0K(219136K) From: 3679K(4096K)->1407K(1536K)
[268.212s][info][gc,heap        ] GC(500) ParOldGen: 407698K(408064K)->407714K(408064K)
[268.212s][info][gc,metaspace   ] GC(500) Metaspace: 56899K(57216K)->56899K(57216K) NonClass: 51271K(51520K)->51271K(51520K) Class: 5628K(5696K)->5628K(5696K)
[268.212s][info][gc             ] GC(500) Pause Young (Allocation Failure) 580M->399M(614M) 3.829ms
[268.212s][info][gc,cpu         ] GC(500) User=0.01s Sys=0.00s Real=0.00s
[268.774s][info][gc,start       ] GC(501) Pause Young (Allocation Failure)
[268.777s][info][gc,heap        ] GC(501) PSYoungGen: 220543K(220672K)->1183K(236032K) Eden: 219136K(219136K)->0K(231936K) From: 1407K(1536K)->1183K(4096K)
[268.777s][info][gc,heap        ] GC(501) ParOldGen: 407714K(408064K)->407730K(408064K)
[268.777s][info][gc,metaspace   ] GC(501) Metaspace: 56899K(57216K)->56899K(57216K) NonClass: 51271K(51520K)->51271K(51520K) Class: 5628K(5696K)->5628K(5696K)
[268.777s][info][gc             ] GC(501) Pause Young (Allocation Failure) 613M->399M(629M) 2.715ms
[268.777s][info][gc,cpu         ] GC(501) User=0.01s Sys=0.00s Real=0.01s
[269.295s][info][gc,start       ] GC(502) Pause Young (Allocation Failure)
[269.299s][info][gc,heap        ] GC(502) PSYoungGen: 233119K(236032K)->2911K(236544K) Eden: 231936K(231936K)->0K(231936K) From: 1183K(4096K)->2911K(4608K)
[269.299s][info][gc,heap        ] GC(502) ParOldGen: 407730K(408064K)->407746K(408064K)
[269.299s][info][gc,metaspace   ] GC(502) Metaspace: 56899K(57216K)->56899K(57216K) NonClass: 51271K(51520K)->51271K(51520K) Class: 5628K(5696K)->5628K(5696K)
[269.300s][info][gc             ] GC(502) Pause Young (Allocation Failure) 625M->401M(629M) 4.712ms
[269.300s][info][gc,cpu         ] GC(502) User=0.01s Sys=0.00s Real=0.01s
[269.877s][info][gc,start       ] GC(503) Pause Young (Allocation Failure)
[269.880s][info][gc,heap        ] GC(503) PSYoungGen: 234847K(236544K)->1374K(280576K) Eden: 231936K(231936K)->0K(276480K) From: 2911K(4608K)->1374K(4096K)
[269.880s][info][gc,heap        ] GC(503) ParOldGen: 407746K(408064K)->407762K(408064K)
[269.880s][info][gc,metaspace   ] GC(503) Metaspace: 56899K(57216K)->56899K(57216K) NonClass: 51271K(51520K)->51271K(51520K) Class: 5628K(5696K)->5628K(5696K)
[269.880s][info][gc             ] GC(503) Pause Young (Allocation Failure) 627M->399M(672M) 3.086ms
[269.880s][info][gc,cpu         ] GC(503) User=0.00s Sys=0.00s Real=0.00s
[270.537s][info][gc,start       ] GC(504) Pause Young (Allocation Failure)
[270.540s][info][gc,heap        ] GC(504) PSYoungGen: 277632K(280576K)->1055K(281088K) Eden: 276258K(276480K)->0K(276480K) From: 1374K(4096K)->1055K(4608K)
[270.540s][info][gc,heap        ] GC(504) ParOldGen: 407762K(408064K)->407778K(408064K)
[270.540s][info][gc,metaspace   ] GC(504) Metaspace: 56899K(57216K)->56899K(57216K) NonClass: 51271K(51520K)->51271K(51520K) Class: 5628K(5696K)->5628K(5696K)
[270.540s][info][gc             ] GC(504) Pause Young (Allocation Failure) 669M->399M(673M) 3.162ms
[270.540s][info][gc,cpu         ] GC(504) User=0.00s Sys=0.00s Real=0.00s
[271.186s][info][gc,start       ] GC(505) Pause Young (Allocation Failure)
[271.192s][info][gc,heap        ] GC(505) PSYoungGen: 277535K(281088K)->3166K(328704K) Eden: 276480K(276480K)->0K(324608K) From: 1055K(4608K)->3166K(4096K)
[271.192s][info][gc,heap        ] GC(505) ParOldGen: 407778K(408064K)->407794K(408064K)
[271.192s][info][gc,metaspace   ] GC(505) Metaspace: 56899K(57216K)->56899K(57216K) NonClass: 51271K(51520K)->51271K(51520K) Class: 5628K(5696K)->5628K(5696K)
[271.192s][info][gc             ] GC(505) Pause Young (Allocation Failure) 669M->401M(719M) 5.977ms
[271.192s][info][gc,cpu         ] GC(505) User=0.01s Sys=0.00s Real=0.00s
[271.979s][info][gc,start       ] GC(506) Pause Young (Allocation Failure)
[271.983s][info][gc,heap        ] GC(506) PSYoungGen: 327774K(328704K)->1535K(329216K) Eden: 324608K(324608K)->0K(324608K) From: 3166K(4096K)->1535K(4608K)
[271.983s][info][gc,heap        ] GC(506) ParOldGen: 407794K(408064K)->407810K(408064K)
[271.983s][info][gc,metaspace   ] GC(506) Metaspace: 56902K(57216K)->56902K(57216K) NonClass: 51273K(51520K)->51273K(51520K) Class: 5628K(5696K)->5628K(5696K)
[271.983s][info][gc             ] GC(506) Pause Young (Allocation Failure) 718M->399M(720M) 4.573ms
[271.983s][info][gc,cpu         ] GC(506) User=0.00s Sys=0.00s Real=0.00s
[273.427s][info][gc,start       ] GC(507) Pause Young (Allocation Failure)
[273.429s][info][gc,heap        ] GC(507) PSYoungGen: 292512K(329216K)->64K(311808K) Eden: 290977K(324608K)->0K(311296K) From: 1535K(4608K)->64K(512K)
[273.429s][info][gc,heap        ] GC(507) ParOldGen: 407810K(408064K)->407826K(408064K)
[273.429s][info][gc,metaspace   ] GC(507) Metaspace: 56903K(57216K)->56903K(57216K) NonClass: 51275K(51520K)->51275K(51520K) Class: 5628K(5696K)->5628K(5696K)
[273.429s][info][gc             ] GC(507) Pause Young (Allocation Failure) 683M->398M(703M) 2.133ms
[273.429s][info][gc,cpu         ] GC(507) User=0.00s Sys=0.00s Real=0.00s
[275.277s][info][gc,start       ] GC(508) Pause Young (Allocation Failure)
[275.338s][info][gc,heap        ] GC(508) PSYoungGen: 311360K(311808K)->4600K(325120K) Eden: 311296K(311296K)->0K(320512K) From: 64K(512K)->4600K(4608K)
[275.338s][info][gc,heap        ] GC(508) ParOldGen: 407826K(408064K)->504676K(505344K)
[275.338s][info][gc,metaspace   ] GC(508) Metaspace: 57097K(57344K)->57097K(57344K) NonClass: 51468K(51648K)->51468K(51648K) Class: 5629K(5696K)->5629K(5696K)
[275.338s][info][gc             ] GC(508) Pause Young (Allocation Failure) 702M->497M(811M) 60.756ms
[275.338s][info][gc,cpu         ] GC(508) User=0.05s Sys=0.07s Real=0.06s
[275.995s][info][gc,start       ] GC(509) Pause Young (Allocation Failure)
[276.006s][info][gc,heap        ] GC(509) PSYoungGen: 324950K(325120K)->2880K(262656K) Eden: 320350K(320512K)->0K(253952K) From: 4600K(4608K)->2880K(8704K)
[276.006s][info][gc,heap        ] GC(509) ParOldGen: 504676K(505344K)->508957K(509440K)
[276.006s][info][gc,metaspace   ] GC(509) Metaspace: 57097K(57344K)->57097K(57344K) NonClass: 51468K(51648K)->51468K(51648K) Class: 5629K(5696K)->5629K(5696K)
[276.006s][info][gc             ] GC(509) Pause Young (Allocation Failure) 810M->499M(754M) 10.907ms
[276.006s][info][gc,cpu         ] GC(509) User=0.02s Sys=0.01s Real=0.02s
[276.602s][info][gc,start       ] GC(510) Pause Young (Allocation Failure)
[276.607s][info][gc,heap        ] GC(510) PSYoungGen: 256832K(262656K)->3071K(293888K) Eden: 253952K(253952K)->0K(253952K) From: 2880K(8704K)->3071K(39936K)
[276.607s][info][gc,heap        ] GC(510) ParOldGen: 508957K(509440K)->509093K(509440K)
[276.607s][info][gc,metaspace   ] GC(510) Metaspace: 57097K(57344K)->57097K(57344K) NonClass: 51468K(51648K)->51468K(51648K) Class: 5629K(5696K)->5629K(5696K)
[276.607s][info][gc             ] GC(510) Pause Young (Allocation Failure) 747M->500M(784M) 5.302ms
[276.607s][info][gc,cpu         ] GC(510) User=0.01s Sys=0.00s Real=0.01s
[277.200s][info][gc,start       ] GC(511) Pause Young (Allocation Failure)
[277.204s][info][gc,heap        ] GC(511) PSYoungGen: 257023K(293888K)->2303K(289280K) Eden: 253952K(253952K)->0K(255488K) From: 3071K(39936K)->2303K(33792K)
[277.204s][info][gc,heap        ] GC(511) ParOldGen: 509093K(509440K)->509109K(509440K)
[277.204s][info][gc,metaspace   ] GC(511) Metaspace: 57097K(57344K)->57097K(57344K) NonClass: 51468K(51648K)->51468K(51648K) Class: 5629K(5696K)->5629K(5696K)
[277.204s][info][gc             ] GC(511) Pause Young (Allocation Failure) 748M->499M(780M) 4.392ms
[277.204s][info][gc,cpu         ] GC(511) User=0.01s Sys=0.00s Real=0.00s
[277.799s][info][gc,start       ] GC(512) Pause Young (Allocation Failure)
[277.803s][info][gc,heap        ] GC(512) PSYoungGen: 257791K(289280K)->2271K(292352K) Eden: 255488K(255488K)->0K(255488K) From: 2303K(33792K)->2271K(36864K)
[277.803s][info][gc,heap        ] GC(512) ParOldGen: 509109K(509440K)->509125K(509440K)
[277.803s][info][gc,metaspace   ] GC(512) Metaspace: 57097K(57344K)->57097K(57344K) NonClass: 51468K(51648K)->51468K(51648K) Class: 5629K(5696K)->5629K(5696K)
[277.803s][info][gc             ] GC(512) Pause Young (Allocation Failure) 748M->499M(783M) 4.296ms
[277.803s][info][gc,cpu         ] GC(512) User=0.01s Sys=0.00s Real=0.00s
[278.514s][info][gc,start       ] GC(513) Pause Young (Allocation Failure)
[278.518s][info][gc,heap        ] GC(513) PSYoungGen: 257651K(292352K)->928K(260608K) Eden: 255379K(255488K)->0K(245760K) From: 2271K(36864K)->928K(14848K)
[278.518s][info][gc,heap        ] GC(513) ParOldGen: 509125K(509440K)->509141K(509440K)
[278.518s][info][gc,metaspace   ] GC(513) Metaspace: 57097K(57344K)->57097K(57344K) NonClass: 51468K(51648K)->51468K(51648K) Class: 5629K(5696K)->5629K(5696K)
[278.518s][info][gc             ] GC(513) Pause Young (Allocation Failure) 748M->498M(752M) 4.257ms
[278.518s][info][gc,cpu         ] GC(513) User=0.01s Sys=0.00s Real=0.01s
[278.989s][info][gc,start       ] GC(514) Pause Young (Allocation Failure)
[278.995s][info][gc,heap        ] GC(514) PSYoungGen: 246488K(260608K)->2304K(239104K) Eden: 245560K(245760K)->0K(236544K) From: 928K(14848K)->2304K(2560K)
[278.995s][info][gc,heap        ] GC(514) ParOldGen: 509141K(509440K)->509157K(509440K)
[278.995s][info][gc,metaspace   ] GC(514) Metaspace: 57097K(57344K)->57097K(57344K) NonClass: 51468K(51648K)->51468K(51648K) Class: 5629K(5696K)->5629K(5696K)
[278.995s][info][gc             ] GC(514) Pause Young (Allocation Failure) 737M->499M(731M) 5.835ms
[278.995s][info][gc,cpu         ] GC(514) User=0.01s Sys=0.00s Real=0.00s
[279.580s][info][gc,start       ] GC(515) Pause Young (Allocation Failure)
[279.585s][info][gc,heap        ] GC(515) PSYoungGen: 238848K(239104K)->2207K(248320K) Eden: 236544K(236544K)->0K(227840K) From: 2304K(2560K)->2207K(20480K)
[279.585s][info][gc,heap        ] GC(515) ParOldGen: 509157K(509440K)->509173K(509440K)
[279.585s][info][gc,metaspace   ] GC(515) Metaspace: 57097K(57344K)->57097K(57344K) NonClass: 51468K(51648K)->51468K(51648K) Class: 5629K(5696K)->5629K(5696K)
[279.585s][info][gc             ] GC(515) Pause Young (Allocation Failure) 730M->499M(740M) 5.104ms
[279.585s][info][gc,cpu         ] GC(515) User=0.00s Sys=0.00s Real=0.00s
[280.093s][info][gc,start       ] GC(516) Pause Young (Allocation Failure)
[280.100s][info][gc,heap        ] GC(516) PSYoungGen: 230047K(248320K)->3551K(222720K) Eden: 227840K(227840K)->0K(219136K) From: 2207K(20480K)->3551K(3584K)
[280.100s][info][gc,heap        ] GC(516) ParOldGen: 509173K(509440K)->509189K(509440K)
[280.100s][info][gc,metaspace   ] GC(516) Metaspace: 57097K(57344K)->57097K(57344K) NonClass: 51468K(51648K)->51468K(51648K) Class: 5629K(5696K)->5629K(5696K)
[280.100s][info][gc             ] GC(516) Pause Young (Allocation Failure) 721M->500M(715M) 6.891ms
[280.100s][info][gc,cpu         ] GC(516) User=0.01s Sys=0.00s Real=0.01s
[280.602s][info][gc,start       ] GC(517) Pause Young (Allocation Failure)
[280.607s][info][gc,heap        ] GC(517) PSYoungGen: 222684K(222720K)->1824K(228352K) Eden: 219133K(219136K)->0K(210944K) From: 3551K(3584K)->1824K(17408K)
[280.607s][info][gc,heap        ] GC(517) ParOldGen: 509189K(509440K)->509205K(509440K)
[280.607s][info][gc,metaspace   ] GC(517) Metaspace: 57097K(57344K)->57097K(57344K) NonClass: 51468K(51648K)->51468K(51648K) Class: 5629K(5696K)->5629K(5696K)
[280.607s][info][gc             ] GC(517) Pause Young (Allocation Failure) 714M->499M(720M) 4.952ms
[280.607s][info][gc,cpu         ] GC(517) User=0.00s Sys=0.00s Real=0.01s
[281.100s][info][gc,start       ] GC(518) Pause Young (Allocation Failure)
[281.107s][info][gc,heap        ] GC(518) PSYoungGen: 212675K(228352K)->2304K(238080K) Eden: 210851K(210944K)->0K(210944K) From: 1824K(17408K)->2304K(27136K)
[281.107s][info][gc,heap        ] GC(518) ParOldGen: 509205K(509440K)->509221K(509440K)
[281.107s][info][gc,metaspace   ] GC(518) Metaspace: 57097K(57344K)->57097K(57344K) NonClass: 51468K(51648K)->51468K(51648K) Class: 5629K(5696K)->5629K(5696K)
[281.107s][info][gc             ] GC(518) Pause Young (Allocation Failure) 704M->499M(730M) 6.497ms
[281.107s][info][gc,cpu         ] GC(518) User=0.01s Sys=0.00s Real=0.01s
[281.590s][info][gc,start       ] GC(519) Pause Young (Allocation Failure)
[281.597s][info][gc,heap        ] GC(519) PSYoungGen: 213248K(238080K)->3263K(273408K) Eden: 210944K(210944K)->0K(250880K) From: 2304K(27136K)->3263K(22528K)
[281.597s][info][gc,heap        ] GC(519) ParOldGen: 509221K(509440K)->509237K(509440K)
[281.597s][info][gc,metaspace   ] GC(519) Metaspace: 57097K(57344K)->57097K(57344K) NonClass: 51468K(51648K)->51468K(51648K) Class: 5629K(5696K)->5629K(5696K)
[281.597s][info][gc             ] GC(519) Pause Young (Allocation Failure) 705M->500M(764M) 6.529ms
[281.597s][info][gc,cpu         ] GC(519) User=0.01s Sys=0.01s Real=0.01s
[282.193s][info][gc,start       ] GC(520) Pause Young (Allocation Failure)
[282.198s][info][gc,heap        ] GC(520) PSYoungGen: 254143K(273408K)->2976K(274944K) Eden: 250880K(250880K)->0K(250880K) From: 3263K(22528K)->2976K(24064K)
[282.198s][info][gc,heap        ] GC(520) ParOldGen: 509237K(509440K)->509253K(509440K)
[282.198s][info][gc,metaspace   ] GC(520) Metaspace: 57097K(57344K)->57097K(57344K) NonClass: 51468K(51648K)->51468K(51648K) Class: 5629K(5696K)->5629K(5696K)
[282.198s][info][gc             ] GC(520) Pause Young (Allocation Failure) 745M->500M(766M) 5.303ms
[282.198s][info][gc,cpu         ] GC(520) User=0.01s Sys=0.00s Real=0.01s
[282.788s][info][gc,start       ] GC(521) Pause Young (Allocation Failure)
[282.793s][info][gc,heap        ] GC(521) PSYoungGen: 253659K(274944K)->2352K(306176K) Eden: 250683K(250880K)->0K(286720K) From: 2976K(24064K)->2352K(19456K)
[282.793s][info][gc,heap        ] GC(521) ParOldGen: 509253K(509440K)->509269K(509440K)
[282.793s][info][gc,metaspace   ] GC(521) Metaspace: 57097K(57344K)->57097K(57344K) NonClass: 51468K(51648K)->51468K(51648K) Class: 5629K(5696K)->5629K(5696K)
[282.793s][info][gc             ] GC(521) Pause Young (Allocation Failure) 745M->499M(796M) 5.385ms
[282.793s][info][gc,cpu         ] GC(521) User=0.01s Sys=0.00s Real=0.00s
[283.482s][info][gc,start       ] GC(522) Pause Young (Allocation Failure)
[283.485s][info][gc,heap        ] GC(522) PSYoungGen: 289072K(306176K)->1438K(276992K) Eden: 286720K(286720K)->0K(275456K) From: 2352K(19456K)->1438K(1536K)
[283.485s][info][gc,heap        ] GC(522) ParOldGen: 509269K(509440K)->509285K(509440K)
[283.485s][info][gc,metaspace   ] GC(522) Metaspace: 57097K(57344K)->57097K(57344K) NonClass: 51468K(51648K)->51468K(51648K) Class: 5629K(5696K)->5629K(5696K)
[283.485s][info][gc             ] GC(522) Pause Young (Allocation Failure) 779M->498M(768M) 3.281ms
[283.485s][info][gc,cpu         ] GC(522) User=0.00s Sys=0.00s Real=0.00s
[284.103s][info][gc,start       ] GC(523) Pause Young (Allocation Failure)
[284.108s][info][gc,heap        ] GC(523) PSYoungGen: 276662K(276992K)->1920K(272384K) Eden: 275223K(275456K)->0K(264704K) From: 1438K(1536K)->1920K(7680K)
[284.108s][info][gc,heap        ] GC(523) ParOldGen: 509285K(509440K)->509301K(509440K)
[284.108s][info][gc,metaspace   ] GC(523) Metaspace: 57097K(57344K)->57097K(57344K) NonClass: 51468K(51648K)->51468K(51648K) Class: 5629K(5696K)->5629K(5696K)
[284.108s][info][gc             ] GC(523) Pause Young (Allocation Failure) 767M->499M(763M) 4.904ms
[284.108s][info][gc,cpu         ] GC(523) User=0.01s Sys=0.01s Real=0.01s
[284.767s][info][gc,start       ] GC(524) Pause Young (Allocation Failure)
[284.770s][info][gc,heap        ] GC(524) PSYoungGen: 266624K(272384K)->1118K(256000K) Eden: 264704K(264704K)->0K(254464K) From: 1920K(7680K)->1118K(1536K)
[284.770s][info][gc,heap        ] GC(524) ParOldGen: 509301K(509440K)->509317K(509440K)
[284.770s][info][gc,metaspace   ] GC(524) Metaspace: 57097K(57344K)->57097K(57344K) NonClass: 51468K(51648K)->51468K(51648K) Class: 5629K(5696K)->5629K(5696K)
[284.770s][info][gc             ] GC(524) Pause Young (Allocation Failure) 757M->498M(747M) 2.491ms
[284.770s][info][gc,cpu         ] GC(524) User=0.01s Sys=0.00s Real=0.00s
[285.369s][info][gc,start       ] GC(525) Pause Young (Allocation Failure)
[285.372s][info][gc,heap        ] GC(525) PSYoungGen: 255582K(256000K)->893K(246272K) Eden: 254464K(254464K)->0K(244736K) From: 1118K(1536K)->893K(1536K)
[285.372s][info][gc,heap        ] GC(525) ParOldGen: 509317K(509440K)->509333K(509440K)
[285.372s][info][gc,metaspace   ] GC(525) Metaspace: 57097K(57344K)->57097K(57344K) NonClass: 51468K(51648K)->51468K(51648K) Class: 5629K(5696K)->5629K(5696K)
[285.372s][info][gc             ] GC(525) Pause Young (Allocation Failure) 746M->498M(738M) 3.251ms
[285.372s][info][gc,cpu         ] GC(525) User=0.01s Sys=0.00s Real=0.00s
[285.912s][info][gc,start       ] GC(526) Pause Young (Allocation Failure)
[285.916s][info][gc,heap        ] GC(526) PSYoungGen: 245629K(246272K)->1791K(252928K) Eden: 244736K(244736K)->0K(235520K) From: 893K(1536K)->1791K(17408K)
[285.916s][info][gc,heap        ] GC(526) ParOldGen: 509333K(509440K)->509349K(509440K)
[285.916s][info][gc,metaspace   ] GC(526) Metaspace: 57097K(57344K)->57097K(57344K) NonClass: 51468K(51648K)->51468K(51648K) Class: 5629K(5696K)->5629K(5696K)
[285.916s][info][gc             ] GC(526) Pause Young (Allocation Failure) 737M->499M(744M) 3.693ms
[285.916s][info][gc,cpu         ] GC(526) User=0.00s Sys=0.00s Real=0.00s
[286.480s][info][gc,start       ] GC(527) Pause Young (Allocation Failure)
[286.485s][info][gc,heap        ] GC(527) PSYoungGen: 237311K(252928K)->2111K(229376K) Eden: 235520K(235520K)->0K(226816K) From: 1791K(17408K)->2111K(2560K)
[286.485s][info][gc,heap        ] GC(527) ParOldGen: 509349K(509440K)->509365K(509440K)
[286.485s][info][gc,metaspace   ] GC(527) Metaspace: 57097K(57344K)->57097K(57344K) NonClass: 51468K(51648K)->51468K(51648K) Class: 5629K(5696K)->5629K(5696K)
[286.485s][info][gc             ] GC(527) Pause Young (Allocation Failure) 729M->499M(721M) 4.896ms
[286.485s][info][gc,cpu         ] GC(527) User=0.01s Sys=0.00s Real=0.00s
[287.054s][info][gc,start       ] GC(528) Pause Young (Allocation Failure)
[287.068s][info][gc,heap        ] GC(528) PSYoungGen: 228927K(229376K)->2271K(249344K) Eden: 226816K(226816K)->0K(233984K) From: 2111K(2560K)->2271K(15360K)
[287.068s][info][gc,heap        ] GC(528) ParOldGen: 509365K(509440K)->509381K(509440K)
[287.068s][info][gc,metaspace   ] GC(528) Metaspace: 57097K(57344K)->57097K(57344K) NonClass: 51468K(51648K)->51468K(51648K) Class: 5629K(5696K)->5629K(5696K)
[287.068s][info][gc             ] GC(528) Pause Young (Allocation Failure) 720M->499M(741M) 13.704ms
[287.068s][info][gc,cpu         ] GC(528) User=0.01s Sys=0.00s Real=0.02s
[287.576s][info][gc,start       ] GC(529) Pause Young (Allocation Failure)
[287.580s][info][gc,heap        ] GC(529) PSYoungGen: 236255K(249344K)->2047K(285184K) Eden: 233984K(233984K)->0K(270848K) From: 2271K(15360K)->2047K(14336K)
[287.580s][info][gc,heap        ] GC(529) ParOldGen: 509381K(509440K)->509397K(509440K)
[287.580s][info][gc,metaspace   ] GC(529) Metaspace: 57097K(57344K)->57097K(57344K) NonClass: 51468K(51648K)->51468K(51648K) Class: 5629K(5696K)->5629K(5696K)
[287.581s][info][gc             ] GC(529) Pause Young (Allocation Failure) 728M->499M(776M) 4.580ms
[287.581s][info][gc,cpu         ] GC(529) User=0.01s Sys=0.00s Real=0.00s
[288.196s][info][gc,start       ] GC(530) Pause Young (Allocation Failure)
[288.210s][info][gc,heap        ] GC(530) PSYoungGen: 272895K(285184K)->3007K(284160K) Eden: 270848K(270848K)->0K(270848K) From: 2047K(14336K)->3007K(13312K)
[288.210s][info][gc,heap        ] GC(530) ParOldGen: 509397K(509440K)->509413K(509440K)
[288.210s][info][gc,metaspace   ] GC(530) Metaspace: 57097K(57344K)->57097K(57344K) NonClass: 51468K(51648K)->51468K(51648K) Class: 5629K(5696K)->5629K(5696K)
[288.210s][info][gc             ] GC(530) Pause Young (Allocation Failure) 763M->500M(775M) 13.175ms
[288.210s][info][gc,cpu         ] GC(530) User=0.02s Sys=0.00s Real=0.01s
[288.866s][info][gc,start       ] GC(531) Pause Young (Allocation Failure)
[288.868s][info][gc,heap        ] GC(531) PSYoungGen: 273855K(284160K)->389K(318976K) Eden: 270848K(270848K)->0K(306688K) From: 3007K(13312K)->389K(12288K)
[288.868s][info][gc,heap        ] GC(531) ParOldGen: 509413K(509440K)->509429K(509440K)
[288.868s][info][gc,metaspace   ] GC(531) Metaspace: 57097K(57344K)->57097K(57344K) NonClass: 51468K(51648K)->51468K(51648K) Class: 5629K(5696K)->5629K(5696K)
[288.868s][info][gc             ] GC(531) Pause Young (Allocation Failure) 764M->497M(809M) 2.338ms
[288.868s][info][gc,cpu         ] GC(531) User=0.00s Sys=0.00s Real=0.01s
[289.579s][info][gc,start       ] GC(532) Pause Young (Allocation Failure)
[289.582s][info][gc,heap        ] GC(532) PSYoungGen: 307077K(318976K)->1056K(295936K) Eden: 306688K(306688K)->0K(294400K) From: 389K(12288K)->1056K(1536K)
[289.582s][info][gc,heap        ] GC(532) ParOldGen: 509429K(509440K)->509445K(509952K)
[289.582s][info][gc,metaspace   ] GC(532) Metaspace: 57097K(57344K)->57097K(57344K) NonClass: 51468K(51648K)->51468K(51648K) Class: 5629K(5696K)->5629K(5696K)
[289.582s][info][gc             ] GC(532) Pause Young (Allocation Failure) 797M->498M(787M) 3.355ms
[289.582s][info][gc,cpu         ] GC(532) User=0.01s Sys=0.01s Real=0.00s
[290.271s][info][gc,start       ] GC(533) Pause Young (Allocation Failure)
[290.274s][info][gc,heap        ] GC(533) PSYoungGen: 295456K(295936K)->893K(283648K) Eden: 294400K(294400K)->0K(282624K) From: 1056K(1536K)->893K(1024K)
[290.274s][info][gc,heap        ] GC(533) ParOldGen: 509445K(509952K)->509461K(509952K)
[290.274s][info][gc,metaspace   ] GC(533) Metaspace: 57097K(57344K)->57097K(57344K) NonClass: 51468K(51648K)->51468K(51648K) Class: 5629K(5696K)->5629K(5696K)
[290.274s][info][gc             ] GC(533) Pause Young (Allocation Failure) 786M->498M(775M) 3.212ms
[290.274s][info][gc,cpu         ] GC(533) User=0.01s Sys=0.00s Real=0.00s
[290.901s][info][gc,start       ] GC(534) Pause Young (Allocation Failure)
[290.904s][info][gc,heap        ] GC(534) PSYoungGen: 283517K(283648K)->1407K(282112K) Eden: 282624K(282624K)->0K(271360K) From: 893K(1024K)->1407K(10752K)
[290.905s][info][gc,heap        ] GC(534) ParOldGen: 509461K(509952K)->509477K(509952K)
[290.905s][info][gc,metaspace   ] GC(534) Metaspace: 57097K(57344K)->57097K(57344K) NonClass: 51468K(51648K)->51468K(51648K) Class: 5629K(5696K)->5629K(5696K)
[290.905s][info][gc             ] GC(534) Pause Young (Allocation Failure) 774M->498M(773M) 3.243ms
[290.905s][info][gc,cpu         ] GC(534) User=0.00s Sys=0.00s Real=0.00s
[291.576s][info][gc,start       ] GC(535) Pause Young (Allocation Failure)
[291.580s][info][gc,heap        ] GC(535) PSYoungGen: 272767K(282112K)->1919K(262656K) Eden: 271360K(271360K)->0K(260608K) From: 1407K(10752K)->1919K(2048K)
[291.580s][info][gc,heap        ] GC(535) ParOldGen: 509477K(509952K)->509493K(509952K)
[291.580s][info][gc,metaspace   ] GC(535) Metaspace: 57097K(57344K)->57097K(57344K) NonClass: 51468K(51648K)->51468K(51648K) Class: 5629K(5696K)->5629K(5696K)
[291.580s][info][gc             ] GC(535) Pause Young (Allocation Failure) 763M->499M(754M) 4.131ms
[291.581s][info][gc,cpu         ] GC(535) User=0.01s Sys=0.00s Real=0.00s
[292.179s][info][gc,start       ] GC(536) Pause Young (Allocation Failure)
[292.186s][info][gc,heap        ] GC(536) PSYoungGen: 262527K(262656K)->2527K(252928K) Eden: 260608K(260608K)->0K(250368K) From: 1919K(2048K)->2527K(2560K)
[292.186s][info][gc,heap        ] GC(536) ParOldGen: 509493K(509952K)->509509K(509952K)
[292.186s][info][gc,metaspace   ] GC(536) Metaspace: 57097K(57344K)->57097K(57344K) NonClass: 51468K(51648K)->51468K(51648K) Class: 5629K(5696K)->5629K(5696K)
[292.186s][info][gc             ] GC(536) Pause Young (Allocation Failure) 753M->500M(745M) 6.553ms
[292.186s][info][gc,cpu         ] GC(536) User=0.01s Sys=0.00s Real=0.00s
[292.777s][info][gc,start       ] GC(537) Pause Young (Allocation Failure)
[292.781s][info][gc,heap        ] GC(537) PSYoungGen: 252895K(252928K)->2048K(242688K) Eden: 250368K(250368K)->0K(240640K) From: 2527K(2560K)->2048K(2048K)
[292.781s][info][gc,heap        ] GC(537) ParOldGen: 509509K(509952K)->509525K(509952K)
[292.781s][info][gc,metaspace   ] GC(537) Metaspace: 57097K(57344K)->57097K(57344K) NonClass: 51468K(51648K)->51468K(51648K) Class: 5629K(5696K)->5629K(5696K)
[292.781s][info][gc             ] GC(537) Pause Young (Allocation Failure) 744M->499M(735M) 4.840ms
[292.781s][info][gc,cpu         ] GC(537) User=0.00s Sys=0.00s Real=0.00s
[293.369s][info][gc,start       ] GC(538) Pause Young (Allocation Failure)
[293.372s][info][gc,heap        ] GC(538) PSYoungGen: 242688K(242688K)->1183K(232960K) Eden: 240640K(240640K)->0K(231424K) From: 2048K(2048K)->1183K(1536K)
[293.372s][info][gc,heap        ] GC(538) ParOldGen: 509525K(509952K)->509541K(509952K)
[293.372s][info][gc,metaspace   ] GC(538) Metaspace: 57097K(57344K)->57097K(57344K) NonClass: 51468K(51648K)->51468K(51648K) Class: 5629K(5696K)->5629K(5696K)
[293.372s][info][gc             ] GC(538) Pause Young (Allocation Failure) 734M->498M(725M) 3.114ms
[293.372s][info][gc,cpu         ] GC(538) User=0.01s Sys=0.00s Real=0.00s
[293.888s][info][gc,start       ] GC(539) Pause Young (Allocation Failure)
[293.894s][info][gc,heap        ] GC(539) PSYoungGen: 232529K(232960K)->3040K(225792K) Eden: 231346K(231424K)->0K(222720K) From: 1183K(1536K)->3040K(3072K)
[293.894s][info][gc,heap        ] GC(539) ParOldGen: 509541K(509952K)->509557K(509952K)
[293.894s][info][gc,metaspace   ] GC(539) Metaspace: 57097K(57344K)->57097K(57344K) NonClass: 51468K(51648K)->51468K(51648K) Class: 5629K(5696K)->5629K(5696K)
[293.894s][info][gc             ] GC(539) Pause Young (Allocation Failure) 724M->500M(718M) 5.652ms
[293.894s][info][gc,cpu         ] GC(539) User=0.01s Sys=0.00s Real=0.00s
[294.397s][info][gc,start       ] GC(540) Pause Young (Allocation Failure)
[294.400s][info][gc,heap        ] GC(540) PSYoungGen: 225760K(225792K)->1439K(216064K) Eden: 222720K(222720K)->0K(214528K) From: 3040K(3072K)->1439K(1536K)
[294.400s][info][gc,heap        ] GC(540) ParOldGen: 509557K(509952K)->509573K(509952K)
[294.400s][info][gc,metaspace   ] GC(540) Metaspace: 57097K(57344K)->57097K(57344K) NonClass: 51468K(51648K)->51468K(51648K) Class: 5629K(5696K)->5629K(5696K)
[294.400s][info][gc             ] GC(540) Pause Young (Allocation Failure) 718M->499M(709M) 3.321ms
[294.400s][info][gc,cpu         ] GC(540) User=0.01s Sys=0.00s Real=0.00s
[294.912s][info][gc,start       ] GC(541) Pause Young (Allocation Failure)
[294.915s][info][gc,heap        ] GC(541) PSYoungGen: 215892K(216064K)->832K(207872K) Eden: 214453K(214528K)->0K(206848K) From: 1439K(1536K)->832K(1024K)
[294.915s][info][gc,heap        ] GC(541) ParOldGen: 509573K(509952K)->509589K(509952K)
[294.915s][info][gc,metaspace   ] GC(541) Metaspace: 57097K(57344K)->57097K(57344K) NonClass: 51468K(51648K)->51468K(51648K) Class: 5629K(5696K)->5629K(5696K)
[294.915s][info][gc             ] GC(541) Pause Young (Allocation Failure) 708M->498M(701M) 3.325ms
[294.915s][info][gc,cpu         ] GC(541) User=0.01s Sys=0.00s Real=0.00s
[295.399s][info][gc,start       ] GC(542) Pause Young (Allocation Failure)
[295.402s][info][gc,heap        ] GC(542) PSYoungGen: 207680K(207872K)->1471K(206336K) Eden: 206848K(206848K)->0K(199168K) From: 832K(1024K)->1471K(7168K)
[295.402s][info][gc,heap        ] GC(542) ParOldGen: 509589K(509952K)->509605K(509952K)
[295.402s][info][gc,metaspace   ] GC(542) Metaspace: 57097K(57344K)->57097K(57344K) NonClass: 51468K(51648K)->51468K(51648K) Class: 5629K(5696K)->5629K(5696K)
[295.402s][info][gc             ] GC(542) Pause Young (Allocation Failure) 700M->499M(699M) 3.353ms
[295.402s][info][gc,cpu         ] GC(542) User=0.00s Sys=0.00s Real=0.00s
[295.891s][info][gc,start       ] GC(543) Pause Young (Allocation Failure)
[295.896s][info][gc,heap        ] GC(543) PSYoungGen: 200639K(206336K)->3039K(195072K) Eden: 199168K(199168K)->0K(192000K) From: 1471K(7168K)->3039K(3072K)
[295.896s][info][gc,heap        ] GC(543) ParOldGen: 509605K(509952K)->509621K(509952K)
[295.896s][info][gc,metaspace   ] GC(543) Metaspace: 57097K(57344K)->57097K(57344K) NonClass: 51468K(51648K)->51468K(51648K) Class: 5629K(5696K)->5629K(5696K)
[295.896s][info][gc             ] GC(543) Pause Young (Allocation Failure) 693M->500M(688M) 5.219ms
[295.896s][info][gc,cpu         ] GC(543) User=0.01s Sys=0.00s Real=0.00s
[296.377s][info][gc,start       ] GC(544) Pause Young (Allocation Failure)
[296.381s][info][gc,heap        ] GC(544) PSYoungGen: 195039K(195072K)->1695K(187392K) Eden: 192000K(192000K)->0K(185344K) From: 3039K(3072K)->1695K(2048K)
[296.381s][info][gc,heap        ] GC(544) ParOldGen: 509621K(509952K)->509637K(509952K)
[296.381s][info][gc,metaspace   ] GC(544) Metaspace: 57097K(57344K)->57097K(57344K) NonClass: 51468K(51648K)->51468K(51648K) Class: 5629K(5696K)->5629K(5696K)
[296.381s][info][gc             ] GC(544) Pause Young (Allocation Failure) 688M->499M(681M) 3.634ms
[296.381s][info][gc,cpu         ] GC(544) User=0.00s Sys=0.01s Real=0.00s
[296.790s][info][gc,start       ] GC(545) Pause Young (Allocation Failure)
[296.795s][info][gc,heap        ] GC(545) PSYoungGen: 186820K(187392K)->2560K(181248K) Eden: 185125K(185344K)->0K(178688K) From: 1695K(2048K)->2560K(2560K)
[296.795s][info][gc,heap        ] GC(545) ParOldGen: 509637K(509952K)->509653K(509952K)
[296.795s][info][gc,metaspace   ] GC(545) Metaspace: 57097K(57344K)->57097K(57344K) NonClass: 51468K(51648K)->51468K(51648K) Class: 5629K(5696K)->5629K(5696K)
[296.795s][info][gc             ] GC(545) Pause Young (Allocation Failure) 680M->500M(675M) 5.189ms
[296.795s][info][gc,cpu         ] GC(545) User=0.01s Sys=0.00s Real=0.00s
[297.210s][info][gc,start       ] GC(546) Pause Young (Allocation Failure)
[297.213s][info][gc,heap        ] GC(546) PSYoungGen: 181248K(181248K)->960K(173568K) Eden: 178688K(178688K)->0K(172544K) From: 2560K(2560K)->960K(1024K)
[297.213s][info][gc,heap        ] GC(546) ParOldGen: 509653K(509952K)->509669K(509952K)
[297.213s][info][gc,metaspace   ] GC(546) Metaspace: 57097K(57344K)->57097K(57344K) NonClass: 51468K(51648K)->51468K(51648K) Class: 5629K(5696K)->5629K(5696K)
[297.213s][info][gc             ] GC(546) Pause Young (Allocation Failure) 674M->498M(667M) 3.043ms
[297.213s][info][gc,cpu         ] GC(546) User=0.00s Sys=0.00s Real=0.00s
[297.668s][info][gc,start       ] GC(547) Pause Young (Allocation Failure)
[297.671s][info][gc,heap        ] GC(547) PSYoungGen: 173504K(173568K)->789K(167424K) Eden: 172544K(172544K)->0K(166400K) From: 960K(1024K)->789K(1024K)
[297.671s][info][gc,heap        ] GC(547) ParOldGen: 509669K(509952K)->509685K(509952K)
[297.671s][info][gc,metaspace   ] GC(547) Metaspace: 57097K(57344K)->57097K(57344K) NonClass: 51468K(51648K)->51468K(51648K) Class: 5629K(5696K)->5629K(5696K)
[297.671s][info][gc             ] GC(547) Pause Young (Allocation Failure) 667M->498M(661M) 3.056ms
[297.671s][info][gc,cpu         ] GC(547) User=0.00s Sys=0.00s Real=0.00s
[298.067s][info][gc,start       ] GC(548) Pause Young (Allocation Failure)
[298.072s][info][gc,heap        ] GC(548) PSYoungGen: 167189K(167424K)->554K(161792K) Eden: 166400K(166400K)->0K(160768K) From: 789K(1024K)->554K(1024K)
[298.072s][info][gc,heap        ] GC(548) ParOldGen: 509685K(509952K)->509701K(509952K)
[298.072s][info][gc,metaspace   ] GC(548) Metaspace: 57097K(57344K)->57097K(57344K) NonClass: 51468K(51648K)->51468K(51648K) Class: 5629K(5696K)->5629K(5696K)
[298.072s][info][gc             ] GC(548) Pause Young (Allocation Failure) 661M->498M(656M) 5.502ms
[298.072s][info][gc,cpu         ] GC(548) User=0.01s Sys=0.00s Real=0.00s
[298.418s][info][gc,start       ] GC(549) Pause Young (Allocation Failure)
[298.422s][info][gc,heap        ] GC(549) PSYoungGen: 161322K(161792K)->1440K(156672K) Eden: 160768K(160768K)->0K(155136K) From: 554K(1024K)->1440K(1536K)
[298.422s][info][gc,heap        ] GC(549) ParOldGen: 509701K(509952K)->509717K(509952K)
[298.422s][info][gc,metaspace   ] GC(549) Metaspace: 57097K(57344K)->57097K(57344K) NonClass: 51468K(51648K)->51468K(51648K) Class: 5629K(5696K)->5629K(5696K)
[298.422s][info][gc             ] GC(549) Pause Young (Allocation Failure) 655M->499M(651M) 3.747ms
[298.422s][info][gc,cpu         ] GC(549) User=0.01s Sys=0.00s Real=0.00s
[298.783s][info][gc,start       ] GC(550) Pause Young (Allocation Failure)
[298.788s][info][gc,heap        ] GC(550) PSYoungGen: 156576K(156672K)->3039K(187904K) Eden: 155136K(155136K)->0K(184832K) From: 1440K(1536K)->3039K(3072K)
[298.788s][info][gc,heap        ] GC(550) ParOldGen: 509717K(509952K)->509733K(509952K)
[298.788s][info][gc,metaspace   ] GC(550) Metaspace: 57097K(57344K)->57097K(57344K) NonClass: 51468K(51648K)->51468K(51648K) Class: 5629K(5696K)->5629K(5696K)
[298.788s][info][gc             ] GC(550) Pause Young (Allocation Failure) 650M->500M(681M) 5.286ms
[298.788s][info][gc,cpu         ] GC(550) User=0.01s Sys=0.00s Real=0.01s
[299.202s][info][gc,start       ] GC(551) Pause Young (Allocation Failure)
[299.205s][info][gc,heap        ] GC(551) PSYoungGen: 187871K(187904K)->895K(179200K) Eden: 184832K(184832K)->0K(178176K) From: 3039K(3072K)->895K(1024K)
[299.205s][info][gc,heap        ] GC(551) ParOldGen: 509733K(509952K)->509749K(509952K)
[299.205s][info][gc,metaspace   ] GC(551) Metaspace: 57097K(57344K)->57097K(57344K) NonClass: 51468K(51648K)->51468K(51648K) Class: 5629K(5696K)->5629K(5696K)
[299.205s][info][gc             ] GC(551) Pause Young (Allocation Failure) 681M->498M(673M) 3.028ms
[299.205s][info][gc,cpu         ] GC(551) User=0.00s Sys=0.00s Real=0.00s
[299.675s][info][gc,start       ] GC(552) Pause Young (Allocation Failure)
[299.679s][info][gc,heap        ] GC(552) PSYoungGen: 179071K(179200K)->1609K(174080K) Eden: 178176K(178176K)->0K(172032K) From: 895K(1024K)->1609K(2048K)
[299.679s][info][gc,heap        ] GC(552) ParOldGen: 509749K(509952K)->509765K(509952K)
[299.679s][info][gc,metaspace   ] GC(552) Metaspace: 57097K(57344K)->57097K(57344K) NonClass: 51468K(51648K)->51468K(51648K) Class: 5629K(5696K)->5629K(5696K)
[299.679s][info][gc             ] GC(552) Pause Young (Allocation Failure) 672M->499M(668M) 3.520ms
[299.679s][info][gc,cpu         ] GC(552) User=0.00s Sys=0.00s Real=0.01s
[300.079s][info][gc,start       ] GC(553) Pause Young (Allocation Failure)
[300.083s][info][gc,heap        ] GC(553) PSYoungGen: 173641K(174080K)->2047K(167936K) Eden: 172032K(172032K)->0K(165888K) From: 1609K(2048K)->2047K(2048K)
[300.083s][info][gc,heap        ] GC(553) ParOldGen: 509765K(509952K)->509781K(509952K)
[300.083s][info][gc,metaspace   ] GC(553) Metaspace: 57097K(57344K)->57097K(57344K) NonClass: 51468K(51648K)->51468K(51648K) Class: 5629K(5696K)->5629K(5696K)
[300.083s][info][gc             ] GC(553) Pause Young (Allocation Failure) 667M->499M(662M) 3.968ms
[300.083s][info][gc,cpu         ] GC(553) User=0.01s Sys=0.00s Real=0.00s
[300.472s][info][gc,start       ] GC(554) Pause Young (Allocation Failure)
[300.475s][info][gc,heap        ] GC(554) PSYoungGen: 167935K(167936K)->1247K(161792K) Eden: 165888K(165888K)->0K(160256K) From: 2047K(2048K)->1247K(1536K)
[300.475s][info][gc,heap        ] GC(554) ParOldGen: 509781K(509952K)->509797K(509952K)
[300.475s][info][gc,metaspace   ] GC(554) Metaspace: 57097K(57344K)->57097K(57344K) NonClass: 51468K(51648K)->51468K(51648K) Class: 5629K(5696K)->5629K(5696K)
[300.475s][info][gc             ] GC(554) Pause Young (Allocation Failure) 661M->499M(656M) 2.885ms
[300.475s][info][gc,cpu         ] GC(554) User=0.01s Sys=0.00s Real=0.00s
[300.815s][info][gc,start       ] GC(555) Pause Young (Allocation Failure)
[300.818s][info][gc,heap        ] GC(555) PSYoungGen: 161503K(161792K)->639K(156160K) Eden: 160256K(160256K)->0K(155136K) From: 1247K(1536K)->639K(1024K)
[300.818s][info][gc,heap        ] GC(555) ParOldGen: 509797K(509952K)->509813K(509952K)
[300.818s][info][gc,metaspace   ] GC(555) Metaspace: 57097K(57344K)->57097K(57344K) NonClass: 51468K(51648K)->51468K(51648K) Class: 5629K(5696K)->5629K(5696K)
[300.818s][info][gc             ] GC(555) Pause Young (Allocation Failure) 655M->498M(650M) 2.472ms
[300.818s][info][gc,cpu         ] GC(555) User=0.01s Sys=0.00s Real=0.01s
[301.293s][info][gc,start       ] GC(556) Pause Young (Allocation Failure)
[301.297s][info][gc,heap        ] GC(556) PSYoungGen: 155725K(156160K)->2559K(152576K) Eden: 155086K(155136K)->0K(150016K) From: 639K(1024K)->2559K(2560K)
[301.297s][info][gc,heap        ] GC(556) ParOldGen: 509813K(509952K)->509829K(509952K)
[301.297s][info][gc,metaspace   ] GC(556) Metaspace: 57097K(57344K)->57097K(57344K) NonClass: 51468K(51648K)->51468K(51648K) Class: 5629K(5696K)->5629K(5696K)
[301.297s][info][gc             ] GC(556) Pause Young (Allocation Failure) 649M->500M(647M) 4.476ms
[301.297s][info][gc,cpu         ] GC(556) User=0.01s Sys=0.00s Real=0.01s
[301.671s][info][gc,start       ] GC(557) Pause Young (Allocation Failure)
[301.675s][info][gc,heap        ] GC(557) PSYoungGen: 152575K(152576K)->1480K(146432K) Eden: 150016K(150016K)->0K(144896K) From: 2559K(2560K)->1480K(1536K)
[301.675s][info][gc,heap        ] GC(557) ParOldGen: 509829K(509952K)->509845K(509952K)
[301.675s][info][gc,metaspace   ] GC(557) Metaspace: 57097K(57344K)->57097K(57344K) NonClass: 51468K(51648K)->51468K(51648K) Class: 5629K(5696K)->5629K(5696K)
[301.675s][info][gc             ] GC(557) Pause Young (Allocation Failure) 646M->499M(641M) 3.600ms
[301.675s][info][gc,cpu         ] GC(557) User=0.00s Sys=0.00s Real=0.00s
[301.989s][info][gc,start       ] GC(558) Pause Young (Allocation Failure)
[301.994s][info][gc,heap        ] GC(558) PSYoungGen: 146376K(146432K)->3358K(176128K) Eden: 144896K(144896K)->0K(172544K) From: 1480K(1536K)->3358K(3584K)
[301.994s][info][gc,heap        ] GC(558) ParOldGen: 509845K(509952K)->509861K(509952K)
[301.994s][info][gc,metaspace   ] GC(558) Metaspace: 57097K(57344K)->57097K(57344K) NonClass: 51468K(51648K)->51468K(51648K) Class: 5629K(5696K)->5629K(5696K)
[301.994s][info][gc             ] GC(558) Pause Young (Allocation Failure) 640M->501M(670M) 5.046ms
[301.994s][info][gc,cpu         ] GC(558) User=0.00s Sys=0.00s Real=0.00s
[302.407s][info][gc,start       ] GC(559) Pause Young (Allocation Failure)
[302.410s][info][gc,heap        ] GC(559) PSYoungGen: 175902K(176128K)->1791K(207360K) Eden: 172544K(172544K)->0K(205312K) From: 3358K(3584K)->1791K(2048K)
[302.410s][info][gc,heap        ] GC(559) ParOldGen: 509861K(509952K)->509877K(509952K)
[302.410s][info][gc,metaspace   ] GC(559) Metaspace: 57097K(57344K)->57097K(57344K) NonClass: 51468K(51648K)->51468K(51648K) Class: 5629K(5696K)->5629K(5696K)
[302.410s][info][gc             ] GC(559) Pause Young (Allocation Failure) 669M->499M(700M) 3.767ms
[302.410s][info][gc,cpu         ] GC(559) User=0.01s Sys=0.00s Real=0.00s
[302.894s][info][gc,start       ] GC(560) Pause Young (Allocation Failure)
[302.899s][info][gc,heap        ] GC(560) PSYoungGen: 207103K(207360K)->2911K(228864K) Eden: 205312K(205312K)->0K(224256K) From: 1791K(2048K)->2911K(4608K)
[302.899s][info][gc,heap        ] GC(560) ParOldGen: 509877K(509952K)->509893K(509952K)
[302.899s][info][gc,metaspace   ] GC(560) Metaspace: 57097K(57344K)->57097K(57344K) NonClass: 51468K(51648K)->51468K(51648K) Class: 5629K(5696K)->5629K(5696K)
[302.899s][info][gc             ] GC(560) Pause Young (Allocation Failure) 700M->500M(721M) 4.842ms
[302.899s][info][gc,cpu         ] GC(560) User=0.01s Sys=0.00s Real=0.01s
[303.468s][info][gc,start       ] GC(561) Pause Young (Allocation Failure)
[303.470s][info][gc,heap        ] GC(561) PSYoungGen: 227167K(228864K)->672K(217088K) Eden: 224256K(224256K)->0K(216064K) From: 2911K(4608K)->672K(1024K)
[303.470s][info][gc,heap        ] GC(561) ParOldGen: 509893K(509952K)->509909K(509952K)
[303.470s][info][gc,metaspace   ] GC(561) Metaspace: 57098K(57344K)->57098K(57344K) NonClass: 51469K(51648K)->51469K(51648K) Class: 5629K(5696K)->5629K(5696K)
[303.471s][info][gc             ] GC(561) Pause Young (Allocation Failure) 719M->498M(710M) 2.780ms
[303.471s][info][gc,cpu         ] GC(561) User=0.01s Sys=0.00s Real=0.00s
[303.970s][info][gc,start       ] GC(562) Pause Young (Allocation Failure)
[303.974s][info][gc,heap        ] GC(562) PSYoungGen: 216647K(217088K)->1056K(209408K) Eden: 215975K(216064K)->0K(207872K) From: 672K(1024K)->1056K(1536K)
[303.974s][info][gc,heap        ] GC(562) ParOldGen: 509909K(509952K)->509925K(509952K)
[303.974s][info][gc,metaspace   ] GC(562) Metaspace: 57098K(57344K)->57098K(57344K) NonClass: 51469K(51648K)->51469K(51648K) Class: 5629K(5696K)->5629K(5696K)
[303.974s][info][gc             ] GC(562) Pause Young (Allocation Failure) 709M->499M(702M) 3.394ms
[303.974s][info][gc,cpu         ] GC(562) User=0.00s Sys=0.00s Real=0.00s
[304.466s][info][gc,start       ] GC(563) Pause Young (Allocation Failure)
[304.469s][info][gc,heap        ] GC(563) PSYoungGen: 208928K(209408K)->1182K(201728K) Eden: 207872K(207872K)->0K(200192K) From: 1056K(1536K)->1182K(1536K)
[304.469s][info][gc,heap        ] GC(563) ParOldGen: 509925K(509952K)->509941K(509952K)
[304.469s][info][gc,metaspace   ] GC(563) Metaspace: 57098K(57344K)->57098K(57344K) NonClass: 51469K(51648K)->51469K(51648K) Class: 5629K(5696K)->5629K(5696K)
[304.469s][info][gc             ] GC(563) Pause Young (Allocation Failure) 702M->499M(695M) 3.034ms
[304.470s][info][gc,cpu         ] GC(563) User=0.01s Sys=0.00s Real=0.00s
[304.931s][info][gc,start       ] GC(564) Pause Young (Allocation Failure)
[304.936s][info][gc,heap        ] GC(564) PSYoungGen: 201374K(201728K)->1759K(195072K) Eden: 200192K(200192K)->0K(193024K) From: 1182K(1536K)->1759K(2048K)
[304.936s][info][gc,heap        ] GC(564) ParOldGen: 509941K(509952K)->509957K(510464K)
[304.936s][info][gc,metaspace   ] GC(564) Metaspace: 57098K(57344K)->57098K(57344K) NonClass: 51469K(51648K)->51469K(51648K) Class: 5629K(5696K)->5629K(5696K)
[304.936s][info][gc             ] GC(564) Pause Young (Allocation Failure) 694M->499M(689M) 4.521ms
[304.936s][info][gc,cpu         ] GC(564) User=0.01s Sys=0.00s Real=0.00s
[305.380s][info][gc,start       ] GC(565) Pause Young (Allocation Failure)
[305.384s][info][gc,heap        ] GC(565) PSYoungGen: 194783K(195072K)->1599K(188416K) Eden: 193024K(193024K)->0K(186368K) From: 1759K(2048K)->1599K(2048K)
[305.384s][info][gc,heap        ] GC(565) ParOldGen: 509957K(510464K)->509973K(510464K)
[305.384s][info][gc,metaspace   ] GC(565) Metaspace: 57098K(57344K)->57098K(57344K) NonClass: 51469K(51648K)->51469K(51648K) Class: 5629K(5696K)->5629K(5696K)
[305.384s][info][gc             ] GC(565) Pause Young (Allocation Failure) 688M->499M(682M) 4.068ms
[305.384s][info][gc,cpu         ] GC(565) User=0.01s Sys=0.01s Real=0.00s
[305.848s][info][gc,start       ] GC(566) Pause Young (Allocation Failure)
[305.854s][info][gc,heap        ] GC(566) PSYoungGen: 187912K(188416K)->2080K(182272K) Eden: 186313K(186368K)->0K(179712K) From: 1599K(2048K)->2080K(2560K)
[305.854s][info][gc,heap        ] GC(566) ParOldGen: 509973K(510464K)->509989K(510464K)
[305.854s][info][gc,metaspace   ] GC(566) Metaspace: 57098K(57344K)->57098K(57344K) NonClass: 51469K(51648K)->51469K(51648K) Class: 5629K(5696K)->5629K(5696K)
[305.854s][info][gc             ] GC(566) Pause Young (Allocation Failure) 681M->500M(676M) 6.371ms
[305.854s][info][gc,cpu         ] GC(566) User=0.01s Sys=0.00s Real=0.00s
[306.269s][info][gc,start       ] GC(567) Pause Young (Allocation Failure)
[306.272s][info][gc,heap        ] GC(567) PSYoungGen: 181751K(182272K)->736K(174592K) Eden: 179671K(179712K)->0K(173568K) From: 2080K(2560K)->736K(1024K)
[306.272s][info][gc,heap        ] GC(567) ParOldGen: 509989K(510464K)->510005K(510464K)
[306.273s][info][gc,metaspace   ] GC(567) Metaspace: 57098K(57344K)->57098K(57344K) NonClass: 51469K(51648K)->51469K(51648K) Class: 5629K(5696K)->5629K(5696K)
[306.273s][info][gc             ] GC(567) Pause Young (Allocation Failure) 675M->498M(669M) 3.376ms
[306.273s][info][gc,cpu         ] GC(567) User=0.00s Sys=0.00s Real=0.00s
[306.670s][info][gc,start       ] GC(568) Pause Young (Allocation Failure)
[306.674s][info][gc,heap        ] GC(568) PSYoungGen: 174304K(174592K)->1192K(171520K) Eden: 173568K(173568K)->0K(167424K) From: 736K(1024K)->1192K(4096K)
[306.674s][info][gc,heap        ] GC(568) ParOldGen: 510005K(510464K)->510021K(510464K)
[306.674s][info][gc,metaspace   ] GC(568) Metaspace: 57098K(57344K)->57098K(57344K) NonClass: 51469K(51648K)->51469K(51648K) Class: 5629K(5696K)->5629K(5696K)
[306.674s][info][gc             ] GC(568) Pause Young (Allocation Failure) 668M->499M(666M) 3.176ms
[306.674s][info][gc,cpu         ] GC(568) User=0.01s Sys=0.00s Real=0.00s
[307.072s][info][gc,start       ] GC(569) Pause Young (Allocation Failure)
[307.075s][info][gc,heap        ] GC(569) PSYoungGen: 168616K(171520K)->1407K(163328K) Eden: 167424K(167424K)->0K(161792K) From: 1192K(4096K)->1407K(1536K)
[307.075s][info][gc,heap        ] GC(569) ParOldGen: 510021K(510464K)->510037K(510464K)
[307.075s][info][gc,metaspace   ] GC(569) Metaspace: 57098K(57344K)->57098K(57344K) NonClass: 51469K(51648K)->51469K(51648K) Class: 5629K(5696K)->5629K(5696K)
[307.075s][info][gc             ] GC(569) Pause Young (Allocation Failure) 662M->499M(658M) 3.764ms
[307.075s][info][gc,cpu         ] GC(569) User=0.01s Sys=0.01s Real=0.00s
[307.468s][info][gc,start       ] GC(570) Pause Young (Allocation Failure)
[307.470s][info][gc,heap        ] GC(570) PSYoungGen: 163199K(163328K)->818K(157184K) Eden: 161792K(161792K)->0K(156160K) From: 1407K(1536K)->818K(1024K)
[307.470s][info][gc,heap        ] GC(570) ParOldGen: 510037K(510464K)->510053K(510464K)
[307.470s][info][gc,metaspace   ] GC(570) Metaspace: 57098K(57344K)->57098K(57344K) NonClass: 51469K(51648K)->51469K(51648K) Class: 5629K(5696K)->5629K(5696K)
[307.470s][info][gc             ] GC(570) Pause Young (Allocation Failure) 657M->498M(652M) 2.694ms
[307.470s][info][gc,cpu         ] GC(570) User=0.00s Sys=0.00s Real=0.00s
[307.794s][info][gc,start       ] GC(571) Pause Young (Allocation Failure)
[307.799s][info][gc,heap        ] GC(571) PSYoungGen: 156978K(157184K)->2911K(188928K) Eden: 156160K(156160K)->0K(185856K) From: 818K(1024K)->2911K(3072K)
[307.799s][info][gc,heap        ] GC(571) ParOldGen: 510053K(510464K)->510069K(510464K)
[307.799s][info][gc,metaspace   ] GC(571) Metaspace: 57098K(57344K)->57098K(57344K) NonClass: 51469K(51648K)->51469K(51648K) Class: 5629K(5696K)->5629K(5696K)
[307.799s][info][gc             ] GC(571) Pause Young (Allocation Failure) 651M->500M(683M) 5.228ms
[307.799s][info][gc,cpu         ] GC(571) User=0.01s Sys=0.00s Real=0.01s
[308.268s][info][gc,start       ] GC(572) Pause Young (Allocation Failure)
[308.271s][info][gc,heap        ] GC(572) PSYoungGen: 188767K(188928K)->736K(180224K) Eden: 185856K(185856K)->0K(179200K) From: 2911K(3072K)->736K(1024K)
[308.271s][info][gc,heap        ] GC(572) ParOldGen: 510069K(510464K)->510085K(510464K)
[308.271s][info][gc,metaspace   ] GC(572) Metaspace: 57098K(57344K)->57098K(57344K) NonClass: 51469K(51648K)->51469K(51648K) Class: 5629K(5696K)->5629K(5696K)
[308.271s][info][gc             ] GC(572) Pause Young (Allocation Failure) 682M->498M(674M) 2.822ms
[308.271s][info][gc,cpu         ] GC(572) User=0.01s Sys=0.00s Real=0.00s
[308.677s][info][gc,start       ] GC(573) Pause Young (Allocation Failure)
[308.681s][info][gc,heap        ] GC(573) PSYoungGen: 179936K(180224K)->2079K(175616K) Eden: 179200K(179200K)->0K(173056K) From: 736K(1024K)->2079K(2560K)
[308.681s][info][gc,heap        ] GC(573) ParOldGen: 510085K(510464K)->510101K(510464K)
[308.681s][info][gc,metaspace   ] GC(573) Metaspace: 57098K(57344K)->57098K(57344K) NonClass: 51469K(51648K)->51469K(51648K) Class: 5629K(5696K)->5629K(5696K)
[308.681s][info][gc             ] GC(573) Pause Young (Allocation Failure) 673M->500M(670M) 4.000ms
[308.681s][info][gc,cpu         ] GC(573) User=0.01s Sys=0.00s Real=0.00s
[309.080s][info][gc,start       ] GC(574) Pause Young (Allocation Failure)
[309.084s][info][gc,heap        ] GC(574) PSYoungGen: 175135K(175616K)->2623K(169984K) Eden: 173056K(173056K)->0K(166912K) From: 2079K(2560K)->2623K(3072K)
[309.084s][info][gc,heap        ] GC(574) ParOldGen: 510101K(510464K)->510117K(510464K)
[309.084s][info][gc,metaspace   ] GC(574) Metaspace: 57098K(57344K)->57098K(57344K) NonClass: 51469K(51648K)->51469K(51648K) Class: 5629K(5696K)->5629K(5696K)
[309.084s][info][gc             ] GC(574) Pause Young (Allocation Failure) 669M->500M(664M) 4.635ms
[309.084s][info][gc,cpu         ] GC(574) User=0.01s Sys=0.00s Real=0.00s
[309.535s][info][gc,start       ] GC(575) Pause Young (Allocation Failure)
[309.539s][info][gc,heap        ] GC(575) PSYoungGen: 169535K(169984K)->1888K(163328K) Eden: 166912K(166912K)->0K(161280K) From: 2623K(3072K)->1888K(2048K)
[309.539s][info][gc,heap        ] GC(575) ParOldGen: 510117K(510464K)->510133K(510464K)
[309.539s][info][gc,metaspace   ] GC(575) Metaspace: 57098K(57344K)->57098K(57344K) NonClass: 51469K(51648K)->51469K(51648K) Class: 5629K(5696K)->5629K(5696K)
[309.539s][info][gc             ] GC(575) Pause Young (Allocation Failure) 663M->500M(658M) 3.894ms
[309.539s][info][gc,cpu         ] GC(575) User=0.01s Sys=0.00s Real=0.01s
[309.869s][info][gc,start       ] GC(576) Pause Young (Allocation Failure)
[309.872s][info][gc,heap        ] GC(576) PSYoungGen: 163168K(163328K)->926K(156672K) Eden: 161280K(161280K)->0K(155648K) From: 1888K(2048K)->926K(1024K)
[309.872s][info][gc,heap        ] GC(576) ParOldGen: 510133K(510464K)->510149K(510464K)
[309.872s][info][gc,metaspace   ] GC(576) Metaspace: 57098K(57344K)->57098K(57344K) NonClass: 51469K(51648K)->51469K(51648K) Class: 5629K(5696K)->5629K(5696K)
[309.872s][info][gc             ] GC(576) Pause Young (Allocation Failure) 657M->499M(651M) 2.865ms
[309.872s][info][gc,cpu         ] GC(576) User=0.00s Sys=0.00s Real=0.00s
[310.196s][info][gc,start       ] GC(577) Pause Young (Allocation Failure)
[310.200s][info][gc,heap        ] GC(577) PSYoungGen: 156402K(156672K)->2528K(187904K) Eden: 155476K(155648K)->0K(185344K) From: 926K(1024K)->2528K(2560K)
[310.200s][info][gc,heap        ] GC(577) ParOldGen: 510149K(510464K)->510165K(510464K)
[310.200s][info][gc,metaspace   ] GC(577) Metaspace: 57098K(57344K)->57098K(57344K) NonClass: 51469K(51648K)->51469K(51648K) Class: 5629K(5696K)->5629K(5696K)
[310.200s][info][gc             ] GC(577) Pause Young (Allocation Failure) 650M->500M(682M) 4.649ms
[310.200s][info][gc,cpu         ] GC(577) User=0.01s Sys=0.00s Real=0.01s
[310.671s][info][gc,start       ] GC(578) Pause Young (Allocation Failure)
[310.680s][info][gc,heap        ] GC(578) PSYoungGen: 187872K(187904K)->736K(222208K) Eden: 185344K(185344K)->0K(218112K) From: 2528K(2560K)->736K(4096K)
[310.680s][info][gc,heap        ] GC(578) ParOldGen: 510165K(510464K)->510181K(510464K)
[310.680s][info][gc,metaspace   ] GC(578) Metaspace: 57098K(57344K)->57098K(57344K) NonClass: 51469K(51648K)->51469K(51648K) Class: 5629K(5696K)->5629K(5696K)
[310.680s][info][gc             ] GC(578) Pause Young (Allocation Failure) 681M->498M(715M) 9.895ms
[310.680s][info][gc,cpu         ] GC(578) User=0.01s Sys=0.01s Real=0.01s
[311.178s][info][gc,start       ] GC(579) Pause Young (Allocation Failure)
[311.184s][info][gc,heap        ] GC(579) PSYoungGen: 218848K(222208K)->2175K(225280K) Eden: 218112K(218112K)->0K(221184K) From: 736K(4096K)->2175K(4096K)
[311.184s][info][gc,heap        ] GC(579) ParOldGen: 510181K(510464K)->510197K(510464K)
[311.184s][info][gc,metaspace   ] GC(579) Metaspace: 57098K(57344K)->57098K(57344K) NonClass: 51469K(51648K)->51469K(51648K) Class: 5629K(5696K)->5629K(5696K)
[311.184s][info][gc             ] GC(579) Pause Young (Allocation Failure) 711M->500M(718M) 5.352ms
[311.184s][info][gc,cpu         ] GC(579) User=0.00s Sys=0.00s Real=0.00s
[311.684s][info][gc,start       ] GC(580) Pause Young (Allocation Failure)
[311.687s][info][gc,heap        ] GC(580) PSYoungGen: 223359K(225280K)->2175K(225280K) Eden: 221184K(221184K)->0K(221184K) From: 2175K(4096K)->2175K(4096K)
[311.687s][info][gc,heap        ] GC(580) ParOldGen: 510197K(510464K)->510213K(510464K)
[311.687s][info][gc,metaspace   ] GC(580) Metaspace: 57098K(57344K)->57098K(57344K) NonClass: 51469K(51648K)->51469K(51648K) Class: 5629K(5696K)->5629K(5696K)
[311.688s][info][gc             ] GC(580) Pause Young (Allocation Failure) 716M->500M(718M) 3.978ms
[311.688s][info][gc,cpu         ] GC(580) User=0.01s Sys=0.00s Real=0.01s
[312.197s][info][gc,start       ] GC(581) Pause Young (Allocation Failure)
[312.203s][info][gc,heap        ] GC(581) PSYoungGen: 223241K(225280K)->2560K(267264K) Eden: 221066K(221184K)->0K(263168K) From: 2175K(4096K)->2560K(4096K)
[312.203s][info][gc,heap        ] GC(581) ParOldGen: 510213K(510464K)->510229K(510464K)
[312.203s][info][gc,metaspace   ] GC(581) Metaspace: 57098K(57344K)->57098K(57344K) NonClass: 51469K(51648K)->51469K(51648K) Class: 5629K(5696K)->5629K(5696K)
[312.203s][info][gc             ] GC(581) Pause Young (Allocation Failure) 716M->500M(759M) 5.677ms
[312.203s][info][gc,cpu         ] GC(581) User=0.01s Sys=0.00s Real=0.00s
[312.875s][info][gc,start       ] GC(582) Pause Young (Allocation Failure)
[312.877s][info][gc,heap        ] GC(582) PSYoungGen: 265719K(267264K)->256K(253440K) Eden: 263159K(263168K)->0K(252928K) From: 2560K(4096K)->256K(512K)
[312.877s][info][gc,heap        ] GC(582) ParOldGen: 510229K(510464K)->510245K(510464K)
[312.877s][info][gc,metaspace   ] GC(582) Metaspace: 57098K(57344K)->57098K(57344K) NonClass: 51469K(51648K)->51469K(51648K) Class: 5629K(5696K)->5629K(5696K)
[312.877s][info][gc             ] GC(582) Pause Young (Allocation Failure) 757M->498M(746M) 2.412ms
[312.877s][info][gc,cpu         ] GC(582) User=0.01s Sys=0.00s Real=0.01s
[313.469s][info][gc,start       ] GC(583) Pause Young (Allocation Failure)
[313.472s][info][gc,heap        ] GC(583) PSYoungGen: 253183K(253440K)->958K(244224K) Eden: 252927K(252928K)->0K(243200K) From: 256K(512K)->958K(1024K)
[313.472s][info][gc,heap        ] GC(583) ParOldGen: 510245K(510464K)->510261K(510464K)
[313.472s][info][gc,metaspace   ] GC(583) Metaspace: 57098K(57344K)->57098K(57344K) NonClass: 51469K(51648K)->51469K(51648K) Class: 5629K(5696K)->5629K(5696K)
[313.472s][info][gc             ] GC(583) Pause Young (Allocation Failure) 745M->499M(737M) 3.205ms
[313.472s][info][gc,cpu         ] GC(583) User=0.01s Sys=0.00s Real=0.00s
[314.000s][info][gc,start       ] GC(584) Pause Young (Allocation Failure)
[314.004s][info][gc,heap        ] GC(584) PSYoungGen: 244158K(244224K)->1759K(236032K) Eden: 243200K(243200K)->0K(233984K) From: 958K(1024K)->1759K(2048K)
[314.004s][info][gc,heap        ] GC(584) ParOldGen: 510261K(510464K)->510277K(510464K)
[314.004s][info][gc,metaspace   ] GC(584) Metaspace: 57098K(57344K)->57098K(57344K) NonClass: 51469K(51648K)->51469K(51648K) Class: 5629K(5696K)->5629K(5696K)
[314.004s][info][gc             ] GC(584) Pause Young (Allocation Failure) 736M->500M(729M) 3.911ms
[314.004s][info][gc,cpu         ] GC(584) User=0.01s Sys=0.00s Real=0.00s
[314.587s][info][gc,start       ] GC(585) Pause Young (Allocation Failure)
[314.591s][info][gc,heap        ] GC(585) PSYoungGen: 235743K(236032K)->1855K(227328K) Eden: 233984K(233984K)->0K(225280K) From: 1759K(2048K)->1855K(2048K)
[314.591s][info][gc,heap        ] GC(585) ParOldGen: 510277K(510464K)->510293K(510464K)
[314.591s][info][gc,metaspace   ] GC(585) Metaspace: 57098K(57344K)->57098K(57344K) NonClass: 51469K(51648K)->51469K(51648K) Class: 5629K(5696K)->5629K(5696K)
[314.591s][info][gc             ] GC(585) Pause Young (Allocation Failure) 728M->500M(720M) 3.750ms
[314.591s][info][gc,cpu         ] GC(585) User=0.01s Sys=0.00s Real=0.00s
[315.111s][info][gc,start       ] GC(586) Pause Young (Allocation Failure)
[315.115s][info][gc,heap        ] GC(586) PSYoungGen: 227135K(227328K)->1919K(219136K) Eden: 225280K(225280K)->0K(217088K) From: 1855K(2048K)->1919K(2048K)
[315.115s][info][gc,heap        ] GC(586) ParOldGen: 510293K(510464K)->510309K(510464K)
[315.115s][info][gc,metaspace   ] GC(586) Metaspace: 57098K(57344K)->57098K(57344K) NonClass: 51469K(51648K)->51469K(51648K) Class: 5629K(5696K)->5629K(5696K)
[315.115s][info][gc             ] GC(586) Pause Young (Allocation Failure) 720M->500M(712M) 3.801ms
[315.115s][info][gc,cpu         ] GC(586) User=0.00s Sys=0.00s Real=0.00s
[315.622s][info][gc,start       ] GC(587) Pause Young (Allocation Failure)
[315.626s][info][gc,heap        ] GC(587) PSYoungGen: 219007K(219136K)->703K(209920K) Eden: 217088K(217088K)->0K(208896K) From: 1919K(2048K)->703K(1024K)
[315.626s][info][gc,heap        ] GC(587) ParOldGen: 510309K(510464K)->510325K(510464K)
[315.626s][info][gc,metaspace   ] GC(587) Metaspace: 57098K(57344K)->57098K(57344K) NonClass: 51469K(51648K)->51469K(51648K) Class: 5629K(5696K)->5629K(5696K)
[315.626s][info][gc             ] GC(587) Pause Young (Allocation Failure) 712M->499M(703M) 3.757ms
[315.626s][info][gc,cpu         ] GC(587) User=0.01s Sys=0.00s Real=0.01s
[316.106s][info][gc,start       ] GC(588) Pause Young (Allocation Failure)
[316.109s][info][gc,heap        ] GC(588) PSYoungGen: 209599K(209920K)->1663K(203264K) Eden: 208896K(208896K)->0K(201216K) From: 703K(1024K)->1663K(2048K)
[316.109s][info][gc,heap        ] GC(588) ParOldGen: 510325K(510464K)->510341K(510464K)
[316.109s][info][gc,metaspace   ] GC(588) Metaspace: 57098K(57344K)->57098K(57344K) NonClass: 51469K(51648K)->51469K(51648K) Class: 5629K(5696K)->5629K(5696K)
[316.109s][info][gc             ] GC(588) Pause Young (Allocation Failure) 703M->500M(697M) 3.409ms
[316.109s][info][gc,cpu         ] GC(588) User=0.00s Sys=0.00s Real=0.01s
[316.586s][info][gc,start       ] GC(589) Pause Young (Allocation Failure)
[316.591s][info][gc,heap        ] GC(589) PSYoungGen: 202879K(203264K)->2688K(197120K) Eden: 201216K(201216K)->0K(194048K) From: 1663K(2048K)->2688K(3072K)
[316.591s][info][gc,heap        ] GC(589) ParOldGen: 510341K(510464K)->510357K(510464K)
[316.591s][info][gc,metaspace   ] GC(589) Metaspace: 57098K(57344K)->57098K(57344K) NonClass: 51469K(51648K)->51469K(51648K) Class: 5629K(5696K)->5629K(5696K)
[316.591s][info][gc             ] GC(589) Pause Young (Allocation Failure) 696M->501M(691M) 4.828ms
[316.591s][info][gc,cpu         ] GC(589) User=0.01s Sys=0.00s Real=0.00s
[317.131s][info][gc,start       ] GC(590) Pause Young (Allocation Failure)
[317.134s][info][gc,heap        ] GC(590) PSYoungGen: 196736K(197120K)->1279K(188416K) Eden: 194048K(194048K)->0K(186880K) From: 2688K(3072K)->1279K(1536K)
[317.134s][info][gc,heap        ] GC(590) ParOldGen: 510357K(510464K)->510373K(510464K)
[317.134s][info][gc,metaspace   ] GC(590) Metaspace: 57098K(57344K)->57098K(57344K) NonClass: 51469K(51648K)->51469K(51648K) Class: 5629K(5696K)->5629K(5696K)
[317.134s][info][gc             ] GC(590) Pause Young (Allocation Failure) 690M->499M(682M) 3.172ms
[317.134s][info][gc,cpu         ] GC(590) User=0.00s Sys=0.00s Real=0.00s
[317.484s][info][gc,start       ] GC(591) Pause Young (Allocation Failure)
[317.490s][info][gc,heap        ] GC(591) PSYoungGen: 188159K(188416K)->3071K(183296K) Eden: 186880K(186880K)->0K(180224K) From: 1279K(1536K)->3071K(3072K)
[317.490s][info][gc,heap        ] GC(591) ParOldGen: 510373K(510464K)->510533K(510976K)
[317.490s][info][gc,metaspace   ] GC(591) Metaspace: 57098K(57344K)->57098K(57344K) NonClass: 51469K(51648K)->51469K(51648K) Class: 5629K(5696K)->5629K(5696K)
[317.490s][info][gc             ] GC(591) Pause Young (Allocation Failure) 682M->501M(678M) 5.336ms
[317.490s][info][gc,cpu         ] GC(591) User=0.01s Sys=0.00s Real=0.01s
[317.912s][info][gc,start       ] GC(592) Pause Young (Allocation Failure)
[317.917s][info][gc,heap        ] GC(592) PSYoungGen: 183157K(183296K)->1215K(216064K) Eden: 180086K(180224K)->0K(214528K) From: 3071K(3072K)->1215K(1536K)
[317.917s][info][gc,heap        ] GC(592) ParOldGen: 510533K(510976K)->512709K(513024K)
[317.917s][info][gc,metaspace   ] GC(592) Metaspace: 57098K(57344K)->57098K(57344K) NonClass: 51469K(51648K)->51469K(51648K) Class: 5629K(5696K)->5629K(5696K)
[317.917s][info][gc             ] GC(592) Pause Young (Allocation Failure) 677M->501M(712M) 5.518ms
[317.918s][info][gc,cpu         ] GC(592) User=0.00s Sys=0.00s Real=0.01s
[318.407s][info][gc,start       ] GC(593) Pause Young (Allocation Failure)
[318.410s][info][gc,heap        ] GC(593) PSYoungGen: 215743K(216064K)->371K(207360K) Eden: 214528K(214528K)->0K(206848K) From: 1215K(1536K)->371K(512K)
[318.410s][info][gc,heap        ] GC(593) ParOldGen: 512709K(513024K)->512869K(513024K)
[318.410s][info][gc,metaspace   ] GC(593) Metaspace: 57098K(57344K)->57098K(57344K) NonClass: 51469K(51648K)->51469K(51648K) Class: 5629K(5696K)->5629K(5696K)
[318.410s][info][gc             ] GC(593) Pause Young (Allocation Failure) 711M->501M(703M) 2.802ms
[318.410s][info][gc,cpu         ] GC(593) User=0.00s Sys=0.00s Real=0.00s
[318.900s][info][gc,start       ] GC(594) Pause Young (Allocation Failure)
[318.904s][info][gc,heap        ] GC(594) PSYoungGen: 207219K(207360K)->1919K(203264K) Eden: 206848K(206848K)->0K(199168K) From: 371K(512K)->1919K(4096K)
[318.904s][info][gc,heap        ] GC(594) ParOldGen: 512869K(513024K)->512885K(513024K)
[318.904s][info][gc,metaspace   ] GC(594) Metaspace: 57098K(57344K)->57098K(57344K) NonClass: 51469K(51648K)->51469K(51648K) Class: 5629K(5696K)->5629K(5696K)
[318.904s][info][gc             ] GC(594) Pause Young (Allocation Failure) 703M->502M(699M) 3.610ms
[318.904s][info][gc,cpu         ] GC(594) User=0.01s Sys=0.00s Real=0.00s
[319.384s][info][gc,start       ] GC(595) Pause Young (Allocation Failure)
[319.389s][info][gc,heap        ] GC(595) PSYoungGen: 201087K(203264K)->2720K(195072K) Eden: 199168K(199168K)->0K(192000K) From: 1919K(4096K)->2720K(3072K)
[319.389s][info][gc,heap        ] GC(595) ParOldGen: 512885K(513024K)->512901K(513024K)
[319.389s][info][gc,metaspace   ] GC(595) Metaspace: 57098K(57344K)->57098K(57344K) NonClass: 51469K(51648K)->51469K(51648K) Class: 5629K(5696K)->5629K(5696K)
[319.389s][info][gc             ] GC(595) Pause Young (Allocation Failure) 697M->503M(691M) 5.028ms
[319.389s][info][gc,cpu         ] GC(595) User=0.01s Sys=0.01s Real=0.01s
[319.912s][info][gc,start       ] GC(596) Pause Young (Allocation Failure)
[319.914s][info][gc,heap        ] GC(596) PSYoungGen: 194720K(195072K)->288K(185856K) Eden: 192000K(192000K)->0K(185344K) From: 2720K(3072K)->288K(512K)
[319.914s][info][gc,heap        ] GC(596) ParOldGen: 512901K(513024K)->512917K(513024K)
[319.914s][info][gc,metaspace   ] GC(596) Metaspace: 57098K(57344K)->57098K(57344K) NonClass: 51469K(51648K)->51469K(51648K) Class: 5629K(5696K)->5629K(5696K)
[319.914s][info][gc             ] GC(596) Pause Young (Allocation Failure) 691M->501M(682M) 2.315ms
[319.914s][info][gc,cpu         ] GC(596) User=0.01s Sys=0.00s Real=0.00s
[320.282s][info][gc,start       ] GC(597) Pause Young (Allocation Failure)
[320.287s][info][gc,heap        ] GC(597) PSYoungGen: 185632K(185856K)->2048K(180736K) Eden: 185344K(185344K)->0K(178688K) From: 288K(512K)->2048K(2048K)
[320.287s][info][gc,heap        ] GC(597) ParOldGen: 512917K(513024K)->512933K(513024K)
[320.287s][info][gc,metaspace   ] GC(597) Metaspace: 57098K(57344K)->57098K(57344K) NonClass: 51469K(51648K)->51469K(51648K) Class: 5629K(5696K)->5629K(5696K)
[320.287s][info][gc             ] GC(597) Pause Young (Allocation Failure) 682M->502M(677M) 4.480ms
[320.287s][info][gc,cpu         ] GC(597) User=0.01s Sys=0.00s Real=0.01s
[320.687s][info][gc,start       ] GC(598) Pause Young (Allocation Failure)
[320.691s][info][gc,heap        ] GC(598) PSYoungGen: 180736K(180736K)->2367K(175104K) Eden: 178688K(178688K)->0K(172544K) From: 2048K(2048K)->2367K(2560K)
[320.691s][info][gc,heap        ] GC(598) ParOldGen: 512933K(513024K)->512949K(513024K)
[320.691s][info][gc,metaspace   ] GC(598) Metaspace: 57098K(57344K)->57098K(57344K) NonClass: 51469K(51648K)->51469K(51648K) Class: 5629K(5696K)->5629K(5696K)
[320.691s][info][gc             ] GC(598) Pause Young (Allocation Failure) 677M->503M(672M) 4.402ms
[320.691s][info][gc,cpu         ] GC(598) User=0.01s Sys=0.00s Real=0.00s
[321.092s][info][gc,start       ] GC(599) Pause Young (Allocation Failure)
[321.097s][info][gc,heap        ] GC(599) PSYoungGen: 174911K(175104K)->3135K(208896K) Eden: 172544K(172544K)->0K(205312K) From: 2367K(2560K)->3135K(3584K)
[321.097s][info][gc,heap        ] GC(599) ParOldGen: 512949K(513024K)->512965K(513024K)
[321.097s][info][gc,metaspace   ] GC(599) Metaspace: 57098K(57344K)->57098K(57344K) NonClass: 51469K(51648K)->51469K(51648K) Class: 5629K(5696K)->5629K(5696K)
[321.097s][info][gc             ] GC(599) Pause Young (Allocation Failure) 671M->504M(705M) 5.141ms
[321.097s][info][gc,cpu         ] GC(599) User=0.01s Sys=0.00s Real=0.01s
[321.587s][info][gc,start       ] GC(600) Pause Young (Allocation Failure)
[321.591s][info][gc,heap        ] GC(600) PSYoungGen: 208447K(208896K)->2783K(236032K) Eden: 205312K(205312K)->0K(231424K) From: 3135K(3584K)->2783K(4608K)
[321.591s][info][gc,heap        ] GC(600) ParOldGen: 512965K(513024K)->512981K(513024K)
[321.591s][info][gc,metaspace   ] GC(600) Metaspace: 57098K(57344K)->57098K(57344K) NonClass: 51469K(51648K)->51469K(51648K) Class: 5629K(5696K)->5629K(5696K)
[321.591s][info][gc             ] GC(600) Pause Young (Allocation Failure) 704M->503M(731M) 4.715ms
[321.591s][info][gc,cpu         ] GC(600) User=0.01s Sys=0.00s Real=0.00s
[322.115s][info][gc,start       ] GC(601) Pause Young (Allocation Failure)
[322.118s][info][gc,heap        ] GC(601) PSYoungGen: 233926K(236032K)->832K(223744K) Eden: 231143K(231424K)->0K(222720K) From: 2783K(4608K)->832K(1024K)
[322.118s][info][gc,heap        ] GC(601) ParOldGen: 512981K(513024K)->512997K(513024K)
[322.118s][info][gc,metaspace   ] GC(601) Metaspace: 57098K(57344K)->57098K(57344K) NonClass: 51469K(51648K)->51469K(51648K) Class: 5629K(5696K)->5629K(5696K)
[322.118s][info][gc             ] GC(601) Pause Young (Allocation Failure) 729M->501M(719M) 3.043ms
[322.119s][info][gc,cpu         ] GC(601) User=0.01s Sys=0.00s Real=0.01s
[322.669s][info][gc,start       ] GC(602) Pause Young (Allocation Failure)
[322.672s][info][gc,heap        ] GC(602) PSYoungGen: 223552K(223744K)->864K(215552K) Eden: 222720K(222720K)->0K(214528K) From: 832K(1024K)->864K(1024K)
[322.672s][info][gc,heap        ] GC(602) ParOldGen: 512997K(513024K)->513013K(513024K)
[322.672s][info][gc,metaspace   ] GC(602) Metaspace: 57098K(57344K)->57098K(57344K) NonClass: 51469K(51648K)->51469K(51648K) Class: 5629K(5696K)->5629K(5696K)
[322.672s][info][gc             ] GC(602) Pause Young (Allocation Failure) 719M->501M(711M) 3.094ms
[322.672s][info][gc,cpu         ] GC(602) User=0.01s Sys=0.00s Real=0.00s
[323.170s][info][gc,start       ] GC(603) Pause Young (Allocation Failure)
[323.174s][info][gc,heap        ] GC(603) PSYoungGen: 215392K(215552K)->1407K(208384K) Eden: 214528K(214528K)->0K(206848K) From: 864K(1024K)->1407K(1536K)
[323.174s][info][gc,heap        ] GC(603) ParOldGen: 513013K(513024K)->513029K(513536K)
[323.174s][info][gc,metaspace   ] GC(603) Metaspace: 57098K(57344K)->57098K(57344K) NonClass: 51469K(51648K)->51469K(51648K) Class: 5629K(5696K)->5629K(5696K)
[323.174s][info][gc             ] GC(603) Pause Young (Allocation Failure) 711M->502M(705M) 3.607ms
[323.174s][info][gc,cpu         ] GC(603) User=0.01s Sys=0.01s Real=0.00s
[323.608s][info][gc,start       ] GC(604) Pause Young (Allocation Failure)
[323.610s][info][gc,heap        ] GC(604) PSYoungGen: 208255K(208384K)->895K(200192K) Eden: 206848K(206848K)->0K(199168K) From: 1407K(1536K)->895K(1024K)
[323.610s][info][gc,heap        ] GC(604) ParOldGen: 513029K(513536K)->513045K(513536K)
[323.610s][info][gc,metaspace   ] GC(604) Metaspace: 57098K(57344K)->57098K(57344K) NonClass: 51469K(51648K)->51469K(51648K) Class: 5629K(5696K)->5629K(5696K)
[323.610s][info][gc             ] GC(604) Pause Young (Allocation Failure) 704M->501M(697M) 2.580ms
[323.610s][info][gc,cpu         ] GC(604) User=0.01s Sys=0.00s Real=0.00s
[324.196s][info][gc,start       ] GC(605) Pause Young (Allocation Failure)
[324.202s][info][gc,heap        ] GC(605) PSYoungGen: 199861K(200192K)->2912K(195072K) Eden: 198966K(199168K)->0K(192000K) From: 895K(1024K)->2912K(3072K)
[324.202s][info][gc,heap        ] GC(605) ParOldGen: 513045K(513536K)->513061K(513536K)
[324.202s][info][gc,metaspace   ] GC(605) Metaspace: 57098K(57344K)->57098K(57344K) NonClass: 51469K(51648K)->51469K(51648K) Class: 5629K(5696K)->5629K(5696K)
[324.202s][info][gc             ] GC(605) Pause Young (Allocation Failure) 696M->503M(692M) 6.192ms
[324.202s][info][gc,cpu         ] GC(605) User=0.01s Sys=0.00s Real=0.00s
[324.671s][info][gc,start       ] GC(606) Pause Young (Allocation Failure)
[324.674s][info][gc,heap        ] GC(606) PSYoungGen: 194912K(195072K)->1001K(186368K) Eden: 192000K(192000K)->0K(185344K) From: 2912K(3072K)->1001K(1024K)
[324.674s][info][gc,heap        ] GC(606) ParOldGen: 513061K(513536K)->513077K(513536K)
[324.674s][info][gc,metaspace   ] GC(606) Metaspace: 57098K(57344K)->57098K(57344K) NonClass: 51469K(51648K)->51469K(51648K) Class: 5629K(5696K)->5629K(5696K)
[324.674s][info][gc             ] GC(606) Pause Young (Allocation Failure) 691M->502M(683M) 3.022ms
[324.674s][info][gc,cpu         ] GC(606) User=0.01s Sys=0.00s Real=0.00s
[325.021s][info][gc,start       ] GC(607) Pause Young (Allocation Failure)
[325.023s][info][gc,heap        ] GC(607) PSYoungGen: 167792K(186368K)->64K(179200K) Eden: 166791K(185344K)->0K(178688K) From: 1001K(1024K)->64K(512K)
[325.023s][info][gc,heap        ] GC(607) ParOldGen: 513077K(513536K)->513093K(513536K)
[325.023s][info][gc,metaspace   ] GC(607) Metaspace: 57102K(57344K)->57102K(57344K) NonClass: 51473K(51648K)->51473K(51648K) Class: 5629K(5696K)->5629K(5696K)
[325.023s][info][gc             ] GC(607) Pause Young (Allocation Failure) 664M->501M(676M) 2.373ms
[325.023s][info][gc,cpu         ] GC(607) User=0.00s Sys=0.00s Real=0.00s
[326.301s][info][gc,start       ] GC(608) Pause Young (Allocation Failure)
[326.377s][info][gc,heap        ] GC(608) PSYoungGen: 178746K(179200K)->992K(217600K) Eden: 178682K(178688K)->0K(213504K) From: 64K(512K)->992K(4096K)
[326.377s][info][gc,heap        ] GC(608) ParOldGen: 513093K(513536K)->591250K(592384K)
[326.377s][info][gc,metaspace   ] GC(608) Metaspace: 57214K(57536K)->57214K(57536K) NonClass: 51585K(51840K)->51585K(51840K) Class: 5629K(5696K)->5629K(5696K)
[326.377s][info][gc             ] GC(608) Pause Young (Allocation Failure) 675M->578M(791M) 75.788ms
[326.377s][info][gc,cpu         ] GC(608) User=0.04s Sys=0.06s Real=0.08s
[327.780s][info][gc,start       ] GC(609) Pause Young (Allocation Failure)
[327.793s][info][gc,heap        ] GC(609) PSYoungGen: 214496K(217600K)->4089K(229376K) Eden: 213504K(213504K)->0K(225280K) From: 992K(4096K)->4089K(4096K)
[327.793s][info][gc,heap        ] GC(609) ParOldGen: 591250K(592384K)->601802K(602112K)
[327.793s][info][gc,metaspace   ] GC(609) Metaspace: 57295K(57600K)->57295K(57600K) NonClass: 51666K(51904K)->51666K(51904K) Class: 5629K(5696K)->5629K(5696K)
[327.793s][info][gc             ] GC(609) Pause Young (Allocation Failure) 786M->591M(812M) 12.439ms
[327.793s][info][gc,cpu         ] GC(609) User=0.01s Sys=0.01s Real=0.01s
[328.290s][info][gc,start       ] GC(610) Pause Young (Allocation Failure)
[328.299s][info][gc,heap        ] GC(610) PSYoungGen: 229369K(229376K)->3488K(233984K) Eden: 225280K(225280K)->0K(225280K) From: 4089K(4096K)->3488K(8704K)
[328.299s][info][gc,heap        ] GC(610) ParOldGen: 601802K(602112K)->605579K(605696K)
[328.299s][info][gc,metaspace   ] GC(610) Metaspace: 57295K(57600K)->57295K(57600K) NonClass: 51666K(51904K)->51666K(51904K) Class: 5629K(5696K)->5629K(5696K)
[328.299s][info][gc             ] GC(610) Pause Young (Allocation Failure) 811M->594M(820M) 9.843ms
[328.299s][info][gc,cpu         ] GC(610) User=0.02s Sys=0.01s Real=0.01s
[328.811s][info][gc,start       ] GC(611) Pause Young (Allocation Failure)
[328.814s][info][gc,heap        ] GC(611) PSYoungGen: 228603K(233984K)->416K(276480K) Eden: 225115K(225280K)->0K(268800K) From: 3488K(8704K)->416K(7680K)
[328.814s][info][gc,heap        ] GC(611) ParOldGen: 605579K(605696K)->606091K(606208K)
[328.814s][info][gc,metaspace   ] GC(611) Metaspace: 57295K(57600K)->57295K(57600K) NonClass: 51666K(51904K)->51666K(51904K) Class: 5629K(5696K)->5629K(5696K)
[328.814s][info][gc             ] GC(611) Pause Young (Allocation Failure) 814M->592M(862M) 3.327ms
[328.814s][info][gc,cpu         ] GC(611) User=0.00s Sys=0.00s Real=0.00s
[329.478s][info][gc,start       ] GC(612) Pause Young (Allocation Failure)
[329.481s][info][gc,heap        ] GC(612) PSYoungGen: 269143K(276480K)->992K(276992K) Eden: 268727K(268800K)->0K(268800K) From: 416K(7680K)->992K(8192K)
[329.481s][info][gc,heap        ] GC(612) ParOldGen: 606091K(606208K)->606107K(606208K)
[329.481s][info][gc,metaspace   ] GC(612) Metaspace: 57295K(57600K)->57295K(57600K) NonClass: 51666K(51904K)->51666K(51904K) Class: 5629K(5696K)->5629K(5696K)
[329.481s][info][gc             ] GC(612) Pause Young (Allocation Failure) 854M->592M(862M) 3.301ms
[329.481s][info][gc,cpu         ] GC(612) User=0.00s Sys=0.00s Real=0.00s
[330.090s][info][gc,start       ] GC(613) Pause Young (Allocation Failure)
[330.096s][info][gc,heap        ] GC(613) PSYoungGen: 269792K(276992K)->2815K(324608K) Eden: 268800K(268800K)->0K(317440K) From: 992K(8192K)->2815K(7168K)
[330.096s][info][gc,heap        ] GC(613) ParOldGen: 606107K(606208K)->606123K(606208K)
[330.096s][info][gc,metaspace   ] GC(613) Metaspace: 57295K(57600K)->57295K(57600K) NonClass: 51666K(51904K)->51666K(51904K) Class: 5629K(5696K)->5629K(5696K)
[330.096s][info][gc             ] GC(613) Pause Young (Allocation Failure) 855M->594M(909M) 5.973ms
[330.096s][info][gc,cpu         ] GC(613) User=0.01s Sys=0.00s Real=0.01s
[330.936s][info][gc,start       ] GC(614) Pause Young (Allocation Failure)
[330.938s][info][gc,heap        ] GC(614) PSYoungGen: 320189K(324608K)->448K(305152K) Eden: 317373K(317440K)->0K(304640K) From: 2815K(7168K)->448K(512K)
[330.938s][info][gc,heap        ] GC(614) ParOldGen: 606123K(606208K)->606139K(606208K)
[330.938s][info][gc,metaspace   ] GC(614) Metaspace: 57295K(57600K)->57295K(57600K) NonClass: 51666K(51904K)->51666K(51904K) Class: 5629K(5696K)->5629K(5696K)
[330.938s][info][gc             ] GC(614) Pause Young (Allocation Failure) 904M->592M(890M) 2.699ms
[330.938s][info][gc,cpu         ] GC(614) User=0.00s Sys=0.00s Real=0.01s
[331.572s][info][gc,start       ] GC(615) Pause Young (Allocation Failure)
[331.576s][info][gc,heap        ] GC(615) PSYoungGen: 305088K(305152K)->1408K(293888K) Eden: 304640K(304640K)->0K(292352K) From: 448K(512K)->1408K(1536K)
[331.576s][info][gc,heap        ] GC(615) ParOldGen: 606139K(606208K)->606155K(606208K)
[331.576s][info][gc,metaspace   ] GC(615) Metaspace: 57295K(57600K)->57295K(57600K) NonClass: 51666K(51904K)->51666K(51904K) Class: 5629K(5696K)->5629K(5696K)
[331.576s][info][gc             ] GC(615) Pause Young (Allocation Failure) 889M->593M(879M) 4.168ms
[331.576s][info][gc,cpu         ] GC(615) User=0.01s Sys=0.00s Real=0.01s
[332.268s][info][gc,start       ] GC(616) Pause Young (Allocation Failure)
[332.270s][info][gc,heap        ] GC(616) PSYoungGen: 293760K(293888K)->680K(281600K) Eden: 292352K(292352K)->0K(280576K) From: 1408K(1536K)->680K(1024K)
[332.270s][info][gc,heap        ] GC(616) ParOldGen: 606155K(606208K)->606171K(606208K)
[332.270s][info][gc,metaspace   ] GC(616) Metaspace: 57295K(57600K)->57295K(57600K) NonClass: 51666K(51904K)->51666K(51904K) Class: 5629K(5696K)->5629K(5696K)
[332.270s][info][gc             ] GC(616) Pause Young (Allocation Failure) 878M->592M(867M) 2.743ms
[332.270s][info][gc,cpu         ] GC(616) User=0.00s Sys=0.00s Real=0.00s
[332.895s][info][gc,start       ] GC(617) Pause Young (Allocation Failure)
[332.900s][info][gc,heap        ] GC(617) PSYoungGen: 281256K(281600K)->2367K(271872K) Eden: 280576K(280576K)->0K(269312K) From: 680K(1024K)->2367K(2560K)
[332.900s][info][gc,heap        ] GC(617) ParOldGen: 606171K(606208K)->606187K(606208K)
[332.900s][info][gc,metaspace   ] GC(617) Metaspace: 57295K(57600K)->57295K(57600K) NonClass: 51666K(51904K)->51666K(51904K) Class: 5629K(5696K)->5629K(5696K)
[332.900s][info][gc             ] GC(617) Pause Young (Allocation Failure) 866M->594M(857M) 4.788ms
[332.900s][info][gc,cpu         ] GC(617) User=0.00s Sys=0.00s Real=0.01s
[333.568s][info][gc,start       ] GC(618) Pause Young (Allocation Failure)
[333.571s][info][gc,heap        ] GC(618) PSYoungGen: 271679K(271872K)->724K(260096K) Eden: 269312K(269312K)->0K(259072K) From: 2367K(2560K)->724K(1024K)
[333.571s][info][gc,heap        ] GC(618) ParOldGen: 606187K(606208K)->606203K(606208K)
[333.571s][info][gc,metaspace   ] GC(618) Metaspace: 57295K(57600K)->57295K(57600K) NonClass: 51666K(51904K)->51666K(51904K) Class: 5629K(5696K)->5629K(5696K)
[333.571s][info][gc             ] GC(618) Pause Young (Allocation Failure) 857M->592M(846M) 2.848ms
[333.571s][info][gc,cpu         ] GC(618) User=0.01s Sys=0.00s Real=0.00s
[334.169s][info][gc,start       ] GC(619) Pause Young (Allocation Failure)
[334.172s][info][gc,heap        ] GC(619) PSYoungGen: 259796K(260096K)->1080K(250368K) Eden: 259072K(259072K)->0K(248832K) From: 724K(1024K)->1080K(1536K)
[334.172s][info][gc,heap        ] GC(619) ParOldGen: 606203K(606208K)->606219K(606720K)
[334.172s][info][gc,metaspace   ] GC(619) Metaspace: 57295K(57600K)->57295K(57600K) NonClass: 51666K(51904K)->51666K(51904K) Class: 5629K(5696K)->5629K(5696K)
[334.172s][info][gc             ] GC(619) Pause Young (Allocation Failure) 845M->593M(837M) 3.780ms
[334.172s][info][gc,cpu         ] GC(619) User=0.00s Sys=0.00s Real=0.00s
[334.712s][info][gc,start       ] GC(620) Pause Young (Allocation Failure)
[334.715s][info][gc,heap        ] GC(620) PSYoungGen: 249912K(250368K)->1279K(240640K) Eden: 248832K(248832K)->0K(239104K) From: 1080K(1536K)->1279K(1536K)
[334.715s][info][gc,heap        ] GC(620) ParOldGen: 606219K(606720K)->606235K(606720K)
[334.715s][info][gc,metaspace   ] GC(620) Metaspace: 57295K(57600K)->57295K(57600K) NonClass: 51666K(51904K)->51666K(51904K) Class: 5629K(5696K)->5629K(5696K)
[334.716s][info][gc             ] GC(620) Pause Young (Allocation Failure) 836M->593M(827M) 3.213ms
[334.716s][info][gc,cpu         ] GC(620) User=0.00s Sys=0.00s Real=0.00s
[335.287s][info][gc,start       ] GC(621) Pause Young (Allocation Failure)
[335.292s][info][gc,heap        ] GC(621) PSYoungGen: 240383K(240640K)->2816K(232960K) Eden: 239104K(239104K)->0K(229888K) From: 1279K(1536K)->2816K(3072K)
[335.292s][info][gc,heap        ] GC(621) ParOldGen: 606235K(606720K)->606251K(606720K)
[335.292s][info][gc,metaspace   ] GC(621) Metaspace: 57295K(57600K)->57295K(57600K) NonClass: 51666K(51904K)->51666K(51904K) Class: 5629K(5696K)->5629K(5696K)
[335.292s][info][gc             ] GC(621) Pause Young (Allocation Failure) 826M->594M(820M) 5.429ms
[335.292s][info][gc,cpu         ] GC(621) User=0.01s Sys=0.00s Real=0.00s
[335.809s][info][gc,start       ] GC(622) Pause Young (Allocation Failure)
[335.812s][info][gc,heap        ] GC(622) PSYoungGen: 232704K(232960K)->1023K(222208K) Eden: 229888K(229888K)->0K(221184K) From: 2816K(3072K)->1023K(1024K)
[335.812s][info][gc,heap        ] GC(622) ParOldGen: 606251K(606720K)->606267K(606720K)
[335.812s][info][gc,metaspace   ] GC(622) Metaspace: 57295K(57600K)->57295K(57600K) NonClass: 51666K(51904K)->51666K(51904K) Class: 5629K(5696K)->5629K(5696K)
[335.812s][info][gc             ] GC(622) Pause Young (Allocation Failure) 819M->593M(809M) 2.985ms
[335.812s][info][gc,cpu         ] GC(622) User=0.00s Sys=0.00s Real=0.00s
[336.372s][info][gc,start       ] GC(623) Pause Young (Allocation Failure)
[336.375s][info][gc,heap        ] GC(623) PSYoungGen: 222207K(222208K)->1183K(214528K) Eden: 221184K(221184K)->0K(212992K) From: 1023K(1024K)->1183K(1536K)
[336.375s][info][gc,heap        ] GC(623) ParOldGen: 606267K(606720K)->606283K(606720K)
[336.375s][info][gc,metaspace   ] GC(623) Metaspace: 57295K(57600K)->57295K(57600K) NonClass: 51666K(51904K)->51666K(51904K) Class: 5629K(5696K)->5629K(5696K)
[336.375s][info][gc             ] GC(623) Pause Young (Allocation Failure) 809M->593M(802M) 3.455ms
[336.375s][info][gc,cpu         ] GC(623) User=0.01s Sys=0.00s Real=0.00s
[336.876s][info][gc,start       ] GC(624) Pause Young (Allocation Failure)
[336.889s][info][gc,heap        ] GC(624) PSYoungGen: 214175K(214528K)->1631K(255488K) Eden: 212992K(212992K)->0K(253440K) From: 1183K(1536K)->1631K(2048K)
[336.889s][info][gc,heap        ] GC(624) ParOldGen: 606283K(606720K)->606299K(606720K)
[336.889s][info][gc,metaspace   ] GC(624) Metaspace: 57295K(57600K)->57295K(57600K) NonClass: 51666K(51904K)->51666K(51904K) Class: 5629K(5696K)->5629K(5696K)
[336.889s][info][gc             ] GC(624) Pause Young (Allocation Failure) 801M->593M(842M) 12.915ms
[336.889s][info][gc,cpu         ] GC(624) User=0.01s Sys=0.00s Real=0.01s
[337.476s][info][gc,start       ] GC(625) Pause Young (Allocation Failure)
[337.480s][info][gc,heap        ] GC(625) PSYoungGen: 255071K(255488K)->1728K(291328K) Eden: 253440K(253440K)->0K(286208K) From: 1631K(2048K)->1728K(5120K)
[337.480s][info][gc,heap        ] GC(625) ParOldGen: 606299K(606720K)->606315K(606720K)
[337.480s][info][gc,metaspace   ] GC(625) Metaspace: 57295K(57600K)->57295K(57600K) NonClass: 51666K(51904K)->51666K(51904K) Class: 5629K(5696K)->5629K(5696K)
[337.480s][info][gc             ] GC(625) Pause Young (Allocation Failure) 841M->593M(877M) 4.588ms
[337.480s][info][gc,cpu         ] GC(625) User=0.01s Sys=0.00s Real=0.01s
[338.166s][info][gc,start       ] GC(626) Pause Young (Allocation Failure)
[338.169s][info][gc,heap        ] GC(626) PSYoungGen: 287936K(291328K)->430K(275456K) Eden: 286208K(286208K)->0K(274944K) From: 1728K(5120K)->430K(512K)
[338.169s][info][gc,heap        ] GC(626) ParOldGen: 606315K(606720K)->606331K(606720K)
[338.169s][info][gc,metaspace   ] GC(626) Metaspace: 57295K(57600K)->57295K(57600K) NonClass: 51666K(51904K)->51666K(51904K) Class: 5629K(5696K)->5629K(5696K)
[338.169s][info][gc             ] GC(626) Pause Young (Allocation Failure) 873M->592M(861M) 2.772ms
[338.169s][info][gc,cpu         ] GC(626) User=0.01s Sys=0.00s Real=0.01s
[338.784s][info][gc,start       ] GC(627) Pause Young (Allocation Failure)
[338.789s][info][gc,heap        ] GC(627) PSYoungGen: 275374K(275456K)->2271K(266752K) Eden: 274944K(274944K)->0K(264192K) From: 430K(512K)->2271K(2560K)
[338.789s][info][gc,heap        ] GC(627) ParOldGen: 606331K(606720K)->606347K(606720K)
[338.789s][info][gc,metaspace   ] GC(627) Metaspace: 57295K(57600K)->57295K(57600K) NonClass: 51666K(51904K)->51666K(51904K) Class: 5629K(5696K)->5629K(5696K)
[338.789s][info][gc             ] GC(627) Pause Young (Allocation Failure) 861M->594M(853M) 4.338ms
[338.789s][info][gc,cpu         ] GC(627) User=0.01s Sys=0.00s Real=0.01s
[339.394s][info][gc,start       ] GC(628) Pause Young (Allocation Failure)
[339.399s][info][gc,heap        ] GC(628) PSYoungGen: 266463K(266752K)->3007K(257024K) Eden: 264192K(264192K)->0K(253952K) From: 2271K(2560K)->3007K(3072K)
[339.399s][info][gc,heap        ] GC(628) ParOldGen: 606347K(606720K)->606363K(606720K)
[339.399s][info][gc,metaspace   ] GC(628) Metaspace: 57295K(57600K)->57295K(57600K) NonClass: 51666K(51904K)->51666K(51904K) Class: 5629K(5696K)->5629K(5696K)
[339.399s][info][gc             ] GC(628) Pause Young (Allocation Failure) 852M->595M(843M) 5.352ms
[339.399s][info][gc,cpu         ] GC(628) User=0.01s Sys=0.01s Real=0.01s
[339.996s][info][gc,start       ] GC(629) Pause Young (Allocation Failure)
[340.000s][info][gc,heap        ] GC(629) PSYoungGen: 256959K(257024K)->2143K(246784K) Eden: 253952K(253952K)->0K(244224K) From: 3007K(3072K)->2143K(2560K)
[340.000s][info][gc,heap        ] GC(629) ParOldGen: 606363K(606720K)->606379K(606720K)
[340.000s][info][gc,metaspace   ] GC(629) Metaspace: 57295K(57600K)->57295K(57600K) NonClass: 51666K(51904K)->51666K(51904K) Class: 5629K(5696K)->5629K(5696K)
[340.000s][info][gc             ] GC(629) Pause Young (Allocation Failure) 843M->594M(833M) 4.436ms
[340.000s][info][gc,cpu         ] GC(629) User=0.01s Sys=0.00s Real=0.00s
[340.584s][info][gc,start       ] GC(630) Pause Young (Allocation Failure)
[340.589s][info][gc,heap        ] GC(630) PSYoungGen: 246367K(246784K)->2879K(238080K) Eden: 244224K(244224K)->0K(235008K) From: 2143K(2560K)->2879K(3072K)
[340.589s][info][gc,heap        ] GC(630) ParOldGen: 606379K(606720K)->606395K(606720K)
[340.589s][info][gc,metaspace   ] GC(630) Metaspace: 57295K(57600K)->57295K(57600K) NonClass: 51666K(51904K)->51666K(51904K) Class: 5629K(5696K)->5629K(5696K)
[340.589s][info][gc             ] GC(630) Pause Young (Allocation Failure) 832M->594M(825M) 5.226ms
[340.589s][info][gc,cpu         ] GC(630) User=0.01s Sys=0.00s Real=0.01s
[341.166s][info][gc,start       ] GC(631) Pause Young (Allocation Failure)
[341.169s][info][gc,heap        ] GC(631) PSYoungGen: 237887K(238080K)->863K(227328K) Eden: 235008K(235008K)->0K(226304K) From: 2879K(3072K)->863K(1024K)
[341.169s][info][gc,heap        ] GC(631) ParOldGen: 606395K(606720K)->606411K(606720K)
[341.169s][info][gc,metaspace   ] GC(631) Metaspace: 57295K(57600K)->57295K(57600K) NonClass: 51666K(51904K)->51666K(51904K) Class: 5629K(5696K)->5629K(5696K)
[341.169s][info][gc             ] GC(631) Pause Young (Allocation Failure) 824M->593M(814M) 2.929ms
[341.169s][info][gc,cpu         ] GC(631) User=0.01s Sys=0.00s Real=0.00s
[341.727s][info][gc,start       ] GC(632) Pause Young (Allocation Failure)
[341.732s][info][gc,heap        ] GC(632) PSYoungGen: 227167K(227328K)->2623K(221184K) Eden: 226304K(226304K)->0K(218112K) From: 863K(1024K)->2623K(3072K)
[341.732s][info][gc,heap        ] GC(632) ParOldGen: 606411K(606720K)->606427K(606720K)
[341.732s][info][gc,metaspace   ] GC(632) Metaspace: 57295K(57600K)->57295K(57600K) NonClass: 51666K(51904K)->51666K(51904K) Class: 5629K(5696K)->5629K(5696K)
[341.732s][info][gc             ] GC(632) Pause Young (Allocation Failure) 814M->594M(808M) 4.744ms
[341.732s][info][gc,cpu         ] GC(632) User=0.01s Sys=0.00s Real=0.00s
[342.190s][info][gc,start       ] GC(633) Pause Young (Allocation Failure)
[342.195s][info][gc,heap        ] GC(633) PSYoungGen: 220735K(221184K)->2880K(212992K) Eden: 218112K(218112K)->0K(209920K) From: 2623K(3072K)->2880K(3072K)
[342.195s][info][gc,heap        ] GC(633) ParOldGen: 606427K(606720K)->606443K(606720K)
[342.195s][info][gc,metaspace   ] GC(633) Metaspace: 57295K(57600K)->57295K(57600K) NonClass: 51666K(51904K)->51666K(51904K) Class: 5629K(5696K)->5629K(5696K)
[342.196s][info][gc             ] GC(633) Pause Young (Allocation Failure) 807M->595M(800M) 5.407ms
[342.196s][info][gc,cpu         ] GC(633) User=0.01s Sys=0.01s Real=0.00s
[342.688s][info][gc,start       ] GC(634) Pause Young (Allocation Failure)
[342.692s][info][gc,heap        ] GC(634) PSYoungGen: 212800K(212992K)->2431K(204800K) Eden: 209920K(209920K)->0K(202240K) From: 2880K(3072K)->2431K(2560K)
[342.692s][info][gc,heap        ] GC(634) ParOldGen: 606443K(606720K)->606459K(606720K)
[342.692s][info][gc,metaspace   ] GC(634) Metaspace: 57295K(57600K)->57295K(57600K) NonClass: 51666K(51904K)->51666K(51904K) Class: 5629K(5696K)->5629K(5696K)
[342.692s][info][gc             ] GC(634) Pause Young (Allocation Failure) 800M->594M(792M) 4.523ms
[342.692s][info][gc,cpu         ] GC(634) User=0.01s Sys=0.00s Real=0.00s
[343.178s][info][gc,start       ] GC(635) Pause Young (Allocation Failure)
[343.182s][info][gc,heap        ] GC(635) PSYoungGen: 204671K(204800K)->1728K(197120K) Eden: 202240K(202240K)->0K(195072K) From: 2431K(2560K)->1728K(2048K)
[343.182s][info][gc,heap        ] GC(635) ParOldGen: 606459K(606720K)->606475K(606720K)
[343.182s][info][gc,metaspace   ] GC(635) Metaspace: 57295K(57600K)->57295K(57600K) NonClass: 51666K(51904K)->51666K(51904K) Class: 5629K(5696K)->5629K(5696K)
[343.182s][info][gc             ] GC(635) Pause Young (Allocation Failure) 792M->593M(785M) 4.029ms
[343.182s][info][gc,cpu         ] GC(635) User=0.00s Sys=0.01s Real=0.00s
[343.607s][info][gc,start       ] GC(636) Pause Young (Allocation Failure)
[343.610s][info][gc,heap        ] GC(636) PSYoungGen: 196800K(197120K)->1183K(189440K) Eden: 195072K(195072K)->0K(187904K) From: 1728K(2048K)->1183K(1536K)
[343.610s][info][gc,heap        ] GC(636) ParOldGen: 606475K(606720K)->606491K(606720K)
[343.610s][info][gc,metaspace   ] GC(636) Metaspace: 57295K(57600K)->57295K(57600K) NonClass: 51666K(51904K)->51666K(51904K) Class: 5629K(5696K)->5629K(5696K)
[343.610s][info][gc             ] GC(636) Pause Young (Allocation Failure) 784M->593M(777M) 3.146ms
[343.610s][info][gc,cpu         ] GC(636) User=0.01s Sys=0.00s Real=0.00s
[344.079s][info][gc,start       ] GC(637) Pause Young (Allocation Failure)
[344.084s][info][gc,heap        ] GC(637) PSYoungGen: 189087K(189440K)->2431K(183808K) Eden: 187904K(187904K)->0K(181248K) From: 1183K(1536K)->2431K(2560K)
[344.084s][info][gc,heap        ] GC(637) ParOldGen: 606491K(606720K)->606507K(606720K)
[344.084s][info][gc,metaspace   ] GC(637) Metaspace: 57295K(57600K)->57295K(57600K) NonClass: 51666K(51904K)->51666K(51904K) Class: 5629K(5696K)->5629K(5696K)
[344.084s][info][gc             ] GC(637) Pause Young (Allocation Failure) 776M->594M(772M) 4.571ms
[344.084s][info][gc,cpu         ] GC(637) User=0.01s Sys=0.00s Real=0.00s
[344.488s][info][gc,start       ] GC(638) Pause Young (Allocation Failure)
[344.494s][info][gc,heap        ] GC(638) PSYoungGen: 183438K(183808K)->3071K(178176K) Eden: 181007K(181248K)->0K(175104K) From: 2431K(2560K)->3071K(3072K)
[344.494s][info][gc,heap        ] GC(638) ParOldGen: 606507K(606720K)->606523K(606720K)
[344.494s][info][gc,metaspace   ] GC(638) Metaspace: 57295K(57600K)->57295K(57600K) NonClass: 51666K(51904K)->51666K(51904K) Class: 5629K(5696K)->5629K(5696K)
[344.494s][info][gc             ] GC(638) Pause Young (Allocation Failure) 771M->595M(766M) 5.432ms
[344.494s][info][gc,cpu         ] GC(638) User=0.01s Sys=0.00s Real=0.00s
[344.903s][info][gc,start       ] GC(639) Pause Young (Allocation Failure)
[344.907s][info][gc,heap        ] GC(639) PSYoungGen: 177953K(178176K)->1728K(171008K) Eden: 174881K(175104K)->0K(168960K) From: 3071K(3072K)->1728K(2048K)
[344.907s][info][gc,heap        ] GC(639) ParOldGen: 606523K(606720K)->606539K(606720K)
[344.907s][info][gc,metaspace   ] GC(639) Metaspace: 57295K(57600K)->57295K(57600K) NonClass: 51666K(51904K)->51666K(51904K) Class: 5629K(5696K)->5629K(5696K)
[344.907s][info][gc             ] GC(639) Pause Young (Allocation Failure) 766M->594M(759M) 4.243ms
[344.907s][info][gc,cpu         ] GC(639) User=0.01s Sys=0.00s Real=0.01s
[345.297s][info][gc,start       ] GC(640) Pause Young (Allocation Failure)
[345.301s][info][gc,heap        ] GC(640) PSYoungGen: 170688K(171008K)->2175K(203264K) Eden: 168960K(168960K)->0K(200704K) From: 1728K(2048K)->2175K(2560K)
[345.301s][info][gc,heap        ] GC(640) ParOldGen: 606539K(606720K)->606555K(606720K)
[345.301s][info][gc,metaspace   ] GC(640) Metaspace: 57295K(57600K)->57295K(57600K) NonClass: 51666K(51904K)->51666K(51904K) Class: 5629K(5696K)->5629K(5696K)
[345.301s][info][gc             ] GC(640) Pause Young (Allocation Failure) 759M->594M(791M) 4.283ms
[345.301s][info][gc,cpu         ] GC(640) User=0.00s Sys=0.00s Real=0.00s
[345.790s][info][gc,start       ] GC(641) Pause Young (Allocation Failure)
[345.795s][info][gc,heap        ] GC(641) PSYoungGen: 202879K(203264K)->2943K(241664K) Eden: 200704K(200704K)->0K(238592K) From: 2175K(2560K)->2943K(3072K)
[345.795s][info][gc,heap        ] GC(641) ParOldGen: 606555K(606720K)->606571K(606720K)
[345.795s][info][gc,metaspace   ] GC(641) Metaspace: 57295K(57600K)->57295K(57600K) NonClass: 51666K(51904K)->51666K(51904K) Class: 5629K(5696K)->5629K(5696K)
[345.795s][info][gc             ] GC(641) Pause Young (Allocation Failure) 790M->595M(828M) 4.956ms
[345.795s][info][gc,cpu         ] GC(641) User=0.01s Sys=0.00s Real=0.00s
[346.375s][info][gc,start       ] GC(642) Pause Young (Allocation Failure)
[346.379s][info][gc,heap        ] GC(642) PSYoungGen: 241535K(241664K)->1662K(231424K) Eden: 238592K(238592K)->0K(229376K) From: 2943K(3072K)->1662K(2048K)
[346.379s][info][gc,heap        ] GC(642) ParOldGen: 606571K(606720K)->606587K(606720K)
[346.379s][info][gc,metaspace   ] GC(642) Metaspace: 57295K(57600K)->57295K(57600K) NonClass: 51666K(51904K)->51666K(51904K) Class: 5629K(5696K)->5629K(5696K)
[346.379s][info][gc             ] GC(642) Pause Young (Allocation Failure) 828M->593M(818M) 3.736ms
[346.379s][info][gc,cpu         ] GC(642) User=0.01s Sys=0.00s Real=0.01s
[346.987s][info][gc,start       ] GC(643) Pause Young (Allocation Failure)
[346.991s][info][gc,heap        ] GC(643) PSYoungGen: 231038K(231424K)->2751K(223744K) Eden: 229376K(229376K)->0K(220672K) From: 1662K(2048K)->2751K(3072K)
[346.991s][info][gc,heap        ] GC(643) ParOldGen: 606587K(606720K)->606603K(606720K)
[346.991s][info][gc,metaspace   ] GC(643) Metaspace: 57295K(57600K)->57295K(57600K) NonClass: 51666K(51904K)->51666K(51904K) Class: 5629K(5696K)->5629K(5696K)
[346.991s][info][gc             ] GC(643) Pause Young (Allocation Failure) 817M->595M(811M) 4.900ms
[346.991s][info][gc,cpu         ] GC(643) User=0.01s Sys=0.00s Real=0.00s
[347.403s][info][gc,start       ] GC(644) Pause Young (Allocation Failure)
[347.407s][info][gc,heap        ] GC(644) PSYoungGen: 223423K(223744K)->2335K(215040K) Eden: 220672K(220672K)->0K(212480K) From: 2751K(3072K)->2335K(2560K)
[347.407s][info][gc,heap        ] GC(644) ParOldGen: 606603K(606720K)->606619K(606720K)
[347.407s][info][gc,metaspace   ] GC(644) Metaspace: 57295K(57600K)->57295K(57600K) NonClass: 51666K(51904K)->51666K(51904K) Class: 5629K(5696K)->5629K(5696K)
[347.407s][info][gc             ] GC(644) Pause Young (Allocation Failure) 810M->594M(802M) 4.561ms
[347.407s][info][gc,cpu         ] GC(644) User=0.01s Sys=0.00s Real=0.01s
[347.905s][info][gc,start       ] GC(645) Pause Young (Allocation Failure)
[347.908s][info][gc,heap        ] GC(645) PSYoungGen: 214595K(215040K)->1088K(206336K) Eden: 212259K(212480K)->0K(204800K) From: 2335K(2560K)->1088K(1536K)
[347.908s][info][gc,heap        ] GC(645) ParOldGen: 606619K(606720K)->606635K(606720K)
[347.908s][info][gc,metaspace   ] GC(645) Metaspace: 57295K(57600K)->57295K(57600K) NonClass: 51666K(51904K)->51666K(51904K) Class: 5629K(5696K)->5629K(5696K)
[347.908s][info][gc             ] GC(645) Pause Young (Allocation Failure) 801M->593M(794M) 3.293ms
[347.908s][info][gc,cpu         ] GC(645) User=0.00s Sys=0.00s Real=0.01s
[348.397s][info][gc,start       ] GC(646) Pause Young (Allocation Failure)
[348.427s][info][gc,heap        ] GC(646) PSYoungGen: 205888K(206336K)->2623K(247808K) Eden: 204800K(204800K)->0K(244736K) From: 1088K(1536K)->2623K(3072K)
[348.427s][info][gc,heap        ] GC(646) ParOldGen: 606635K(606720K)->606651K(606720K)
[348.427s][info][gc,metaspace   ] GC(646) Metaspace: 57295K(57600K)->57295K(57600K) NonClass: 51666K(51904K)->51666K(51904K) Class: 5629K(5696K)->5629K(5696K)
[348.427s][info][gc             ] GC(646) Pause Young (Allocation Failure) 793M->594M(834M) 30.183ms
[348.427s][info][gc,cpu         ] GC(646) User=0.03s Sys=0.00s Real=0.03s
[348.986s][info][gc,start       ] GC(647) Pause Young (Allocation Failure)
[348.990s][info][gc,heap        ] GC(647) PSYoungGen: 247359K(247808K)->2431K(250368K) Eden: 244736K(244736K)->0K(246272K) From: 2623K(3072K)->2431K(4096K)
[348.990s][info][gc,heap        ] GC(647) ParOldGen: 606651K(606720K)->606667K(606720K)
[348.990s][info][gc,metaspace   ] GC(647) Metaspace: 57295K(57600K)->57295K(57600K) NonClass: 51666K(51904K)->51666K(51904K) Class: 5629K(5696K)->5629K(5696K)
[348.990s][info][gc             ] GC(647) Pause Young (Allocation Failure) 833M->594M(837M) 4.657ms
[348.990s][info][gc,cpu         ] GC(647) User=0.01s Sys=0.00s Real=0.01s
[349.580s][info][gc,start       ] GC(648) Pause Young (Allocation Failure)
[349.584s][info][gc,heap        ] GC(648) PSYoungGen: 248703K(250368K)->2047K(250368K) Eden: 246272K(246272K)->0K(246272K) From: 2431K(4096K)->2047K(4096K)
[349.584s][info][gc,heap        ] GC(648) ParOldGen: 606667K(606720K)->606683K(606720K)
[349.584s][info][gc,metaspace   ] GC(648) Metaspace: 57295K(57600K)->57295K(57600K) NonClass: 51666K(51904K)->51666K(51904K) Class: 5629K(5696K)->5629K(5696K)
[349.584s][info][gc             ] GC(648) Pause Young (Allocation Failure) 835M->594M(837M) 3.991ms
[349.584s][info][gc,cpu         ] GC(648) User=0.00s Sys=0.00s Real=0.00s
[350.168s][info][gc,start       ] GC(649) Pause Young (Allocation Failure)
[350.171s][info][gc,heap        ] GC(649) PSYoungGen: 248319K(250368K)->1278K(296960K) Eden: 246272K(246272K)->0K(293376K) From: 2047K(4096K)->1278K(3584K)
[350.171s][info][gc,heap        ] GC(649) ParOldGen: 606683K(606720K)->606699K(606720K)
[350.171s][info][gc,metaspace   ] GC(649) Metaspace: 57295K(57600K)->57295K(57600K) NonClass: 51666K(51904K)->51666K(51904K) Class: 5629K(5696K)->5629K(5696K)
[350.171s][info][gc             ] GC(649) Pause Young (Allocation Failure) 834M->593M(882M) 3.364ms
[350.171s][info][gc,cpu         ] GC(649) User=0.00s Sys=0.00s Real=0.00s
[350.869s][info][gc,start       ] GC(650) Pause Young (Allocation Failure)
[350.872s][info][gc,heap        ] GC(650) PSYoungGen: 294654K(296960K)->544K(297472K) Eden: 293376K(293376K)->0K(293376K) From: 1278K(3584K)->544K(4096K)
[350.872s][info][gc,heap        ] GC(650) ParOldGen: 606699K(606720K)->606715K(606720K)
[350.872s][info][gc,metaspace   ] GC(650) Metaspace: 57295K(57600K)->57295K(57600K) NonClass: 51666K(51904K)->51666K(51904K) Class: 5629K(5696K)->5629K(5696K)
[350.872s][info][gc             ] GC(650) Pause Young (Allocation Failure) 880M->593M(883M) 2.759ms
[350.872s][info][gc,cpu         ] GC(650) User=0.01s Sys=0.00s Real=0.00s
[351.586s][info][gc,start       ] GC(651) Pause Young (Allocation Failure)
[351.589s][info][gc,heap        ] GC(651) PSYoungGen: 293920K(297472K)->639K(282624K) Eden: 293376K(293376K)->0K(281600K) From: 544K(4096K)->639K(1024K)
[351.589s][info][gc,heap        ] GC(651) ParOldGen: 606715K(606720K)->606731K(607232K)
[351.589s][info][gc,metaspace   ] GC(651) Metaspace: 57295K(57600K)->57295K(57600K) NonClass: 51666K(51904K)->51666K(51904K) Class: 5629K(5696K)->5629K(5696K)
[351.589s][info][gc             ] GC(651) Pause Young (Allocation Failure) 879M->593M(869M) 2.908ms
[351.589s][info][gc,cpu         ] GC(651) User=0.00s Sys=0.00s Real=0.01s
[352.201s][info][gc,start       ] GC(652) Pause Young (Allocation Failure)
[352.207s][info][gc,heap        ] GC(652) PSYoungGen: 282146K(282624K)->2496K(272896K) Eden: 281506K(281600K)->0K(270336K) From: 639K(1024K)->2496K(2560K)
[352.207s][info][gc,heap        ] GC(652) ParOldGen: 606731K(607232K)->606747K(607232K)
[352.207s][info][gc,metaspace   ] GC(652) Metaspace: 57295K(57600K)->57295K(57600K) NonClass: 51666K(51904K)->51666K(51904K) Class: 5629K(5696K)->5629K(5696K)
[352.207s][info][gc             ] GC(652) Pause Young (Allocation Failure) 868M->594M(859M) 5.786ms
[352.207s][info][gc,cpu         ] GC(652) User=0.01s Sys=0.00s Real=0.01s
[352.870s][info][gc,start       ] GC(653) Pause Young (Allocation Failure)
[352.874s][info][gc,heap        ] GC(653) PSYoungGen: 272832K(272896K)->1000K(260608K) Eden: 270336K(270336K)->0K(259584K) From: 2496K(2560K)->1000K(1024K)
[352.874s][info][gc,heap        ] GC(653) ParOldGen: 606747K(607232K)->606763K(607232K)
[352.874s][info][gc,metaspace   ] GC(653) Metaspace: 57295K(57600K)->57295K(57600K) NonClass: 51666K(51904K)->51666K(51904K) Class: 5629K(5696K)->5629K(5696K)
[352.874s][info][gc             ] GC(653) Pause Young (Allocation Failure) 858M->593M(847M) 3.390ms
[352.874s][info][gc,cpu         ] GC(653) User=0.00s Sys=0.00s Real=0.00s
[353.477s][info][gc,start       ] GC(654) Pause Young (Allocation Failure)
[353.482s][info][gc,heap        ] GC(654) PSYoungGen: 260584K(260608K)->1983K(251392K) Eden: 259584K(259584K)->0K(249344K) From: 1000K(1024K)->1983K(2048K)
[353.482s][info][gc,heap        ] GC(654) ParOldGen: 606763K(607232K)->606779K(607232K)
[353.482s][info][gc,metaspace   ] GC(654) Metaspace: 57295K(57600K)->57295K(57600K) NonClass: 51666K(51904K)->51666K(51904K) Class: 5629K(5696K)->5629K(5696K)
[353.482s][info][gc             ] GC(654) Pause Young (Allocation Failure) 847M->594M(838M) 4.570ms
[353.482s][info][gc,cpu         ] GC(654) User=0.01s Sys=0.00s Real=0.00s
[354.072s][info][gc,start       ] GC(655) Pause Young (Allocation Failure)
[354.075s][info][gc,heap        ] GC(655) PSYoungGen: 251327K(251392K)->1184K(241152K) Eden: 249344K(249344K)->0K(239616K) From: 1983K(2048K)->1184K(1536K)
[354.075s][info][gc,heap        ] GC(655) ParOldGen: 606779K(607232K)->606795K(607232K)
[354.075s][info][gc,metaspace   ] GC(655) Metaspace: 57295K(57600K)->57295K(57600K) NonClass: 51666K(51904K)->51666K(51904K) Class: 5629K(5696K)->5629K(5696K)
[354.075s][info][gc             ] GC(655) Pause Young (Allocation Failure) 837M->593M(828M) 3.340ms
[354.075s][info][gc,cpu         ] GC(655) User=0.01s Sys=0.00s Real=0.00s
[354.599s][info][gc,start       ] GC(656) Pause Young (Allocation Failure)
[354.604s][info][gc,heap        ] GC(656) PSYoungGen: 240591K(241152K)->2080K(232960K) Eden: 239407K(239616K)->0K(230400K) From: 1184K(1536K)->2080K(2560K)
[354.604s][info][gc,heap        ] GC(656) ParOldGen: 606795K(607232K)->606811K(607232K)
[354.604s][info][gc,metaspace   ] GC(656) Metaspace: 57295K(57600K)->57295K(57600K) NonClass: 51666K(51904K)->51666K(51904K) Class: 5629K(5696K)->5629K(5696K)
[354.604s][info][gc             ] GC(656) Pause Young (Allocation Failure) 827M->594M(820M) 5.331ms
[354.604s][info][gc,cpu         ] GC(656) User=0.01s Sys=0.00s Real=0.00s
[355.173s][info][gc,start       ] GC(657) Pause Young (Allocation Failure)
[355.176s][info][gc,heap        ] GC(657) PSYoungGen: 232480K(232960K)->1120K(223232K) Eden: 230400K(230400K)->0K(221696K) From: 2080K(2560K)->1120K(1536K)
[355.176s][info][gc,heap        ] GC(657) ParOldGen: 606811K(607232K)->606827K(607232K)
[355.176s][info][gc,metaspace   ] GC(657) Metaspace: 57295K(57600K)->57295K(57600K) NonClass: 51666K(51904K)->51666K(51904K) Class: 5629K(5696K)->5629K(5696K)
[355.176s][info][gc             ] GC(657) Pause Young (Allocation Failure) 819M->593M(811M) 3.323ms
[355.176s][info][gc,cpu         ] GC(657) User=0.00s Sys=0.00s Real=0.01s
[355.678s][info][gc,start       ] GC(658) Pause Young (Allocation Failure)
[355.682s][info][gc,heap        ] GC(658) PSYoungGen: 222816K(223232K)->1663K(215552K) Eden: 221696K(221696K)->0K(213504K) From: 1120K(1536K)->1663K(2048K)
[355.682s][info][gc,heap        ] GC(658) ParOldGen: 606827K(607232K)->606843K(607232K)
[355.682s][info][gc,metaspace   ] GC(658) Metaspace: 57295K(57600K)->57295K(57600K) NonClass: 51666K(51904K)->51666K(51904K) Class: 5629K(5696K)->5629K(5696K)
[355.682s][info][gc             ] GC(658) Pause Young (Allocation Failure) 810M->594M(803M) 4.169ms
[355.682s][info][gc,cpu         ] GC(658) User=0.01s Sys=0.00s Real=0.00s
[356.194s][info][gc,start       ] GC(659) Pause Young (Allocation Failure)
[356.211s][info][gc,heap        ] GC(659) PSYoungGen: 215167K(215552K)->3584K(258048K) Eden: 213504K(213504K)->0K(254464K) From: 1663K(2048K)->3584K(3584K)
[356.211s][info][gc,heap        ] GC(659) ParOldGen: 606843K(607232K)->607811K(608256K)
[356.211s][info][gc,metaspace   ] GC(659) Metaspace: 57295K(57600K)->57295K(57600K) NonClass: 51666K(51904K)->51666K(51904K) Class: 5629K(5696K)->5629K(5696K)
[356.211s][info][gc             ] GC(659) Pause Young (Allocation Failure) 802M->597M(846M) 16.843ms
[356.211s][info][gc,cpu         ] GC(659) User=0.02s Sys=0.00s Real=0.02s
[356.785s][info][gc,start       ] GC(660) Pause Young (Allocation Failure)
[356.793s][info][gc,heap        ] GC(660) PSYoungGen: 258048K(258048K)->2911K(306688K) Eden: 254464K(254464K)->0K(303616K) From: 3584K(3584K)->2911K(3072K)
[356.793s][info][gc,heap        ] GC(660) ParOldGen: 607811K(608256K)->608451K(608768K)
[356.793s][info][gc,metaspace   ] GC(660) Metaspace: 57295K(57600K)->57295K(57600K) NonClass: 51666K(51904K)->51666K(51904K) Class: 5629K(5696K)->5629K(5696K)
[356.793s][info][gc             ] GC(660) Pause Young (Allocation Failure) 845M->597M(894M) 7.929ms
[356.793s][info][gc,cpu         ] GC(660) User=0.01s Sys=0.01s Real=0.01s
[357.491s][info][gc,start       ] GC(661) Pause Young (Allocation Failure)
[357.496s][info][gc,heap        ] GC(661) PSYoungGen: 306527K(306688K)->2559K(312320K) Eden: 303616K(303616K)->0K(309248K) From: 2911K(3072K)->2559K(3072K)
[357.496s][info][gc,heap        ] GC(661) ParOldGen: 608451K(608768K)->608499K(608768K)
[357.496s][info][gc,metaspace   ] GC(661) Metaspace: 57295K(57600K)->57295K(57600K) NonClass: 51666K(51904K)->51666K(51904K) Class: 5629K(5696K)->5629K(5696K)
[357.496s][info][gc             ] GC(661) Pause Young (Allocation Failure) 893M->596M(899M) 5.004ms
[357.496s][info][gc,cpu         ] GC(661) User=0.01s Sys=0.00s Real=0.01s
[358.203s][info][gc,start       ] GC(662) Pause Young (Allocation Failure)
[358.207s][info][gc,heap        ] GC(662) PSYoungGen: 311807K(312320K)->1824K(313856K) Eden: 309248K(309248K)->0K(309248K) From: 2559K(3072K)->1824K(4608K)
[358.207s][info][gc,heap        ] GC(662) ParOldGen: 608499K(608768K)->608523K(608768K)
[358.207s][info][gc,metaspace   ] GC(662) Metaspace: 57295K(57600K)->57295K(57600K) NonClass: 51666K(51904K)->51666K(51904K) Class: 5629K(5696K)->5629K(5696K)
[358.207s][info][gc             ] GC(662) Pause Young (Allocation Failure) 898M->596M(901M) 4.583ms
[358.207s][info][gc,cpu         ] GC(662) User=0.01s Sys=0.00s Real=0.01s
[358.970s][info][gc,start       ] GC(663) Pause Young (Allocation Failure)
[358.975s][info][gc,heap        ] GC(663) PSYoungGen: 311072K(313856K)->1320K(328192K) Eden: 309248K(309248K)->0K(324608K) From: 1824K(4608K)->1320K(3584K)
[358.975s][info][gc,heap        ] GC(663) ParOldGen: 608523K(608768K)->608547K(608768K)
[358.975s][info][gc,metaspace   ] GC(663) Metaspace: 57295K(57600K)->57295K(57600K) NonClass: 51666K(51904K)->51666K(51904K) Class: 5629K(5696K)->5629K(5696K)
[358.975s][info][gc             ] GC(663) Pause Young (Allocation Failure) 898M->595M(915M) 5.398ms
[358.975s][info][gc,cpu         ] GC(663) User=0.00s Sys=0.00s Real=0.00s
[359.714s][info][gc,start       ] GC(664) Pause Young (Allocation Failure)
[359.718s][info][gc,heap        ] GC(664) PSYoungGen: 325928K(328192K)->1503K(312832K) Eden: 324608K(324608K)->0K(311296K) From: 1320K(3584K)->1503K(1536K)
[359.718s][info][gc,heap        ] GC(664) ParOldGen: 608547K(608768K)->608563K(608768K)
[359.718s][info][gc,metaspace   ] GC(664) Metaspace: 57295K(57600K)->57295K(57600K) NonClass: 51666K(51904K)->51666K(51904K) Class: 5629K(5696K)->5629K(5696K)
[359.718s][info][gc             ] GC(664) Pause Young (Allocation Failure) 912M->595M(900M) 4.076ms
[359.718s][info][gc,cpu         ] GC(664) User=0.01s Sys=0.00s Real=0.01s
[360.475s][info][gc,start       ] GC(665) Pause Young (Allocation Failure)
[360.479s][info][gc,heap        ] GC(665) PSYoungGen: 312799K(312832K)->1919K(301056K) Eden: 311296K(311296K)->0K(299008K) From: 1503K(1536K)->1919K(2048K)
[360.479s][info][gc,heap        ] GC(665) ParOldGen: 608563K(608768K)->608579K(608768K)
[360.479s][info][gc,metaspace   ] GC(665) Metaspace: 57295K(57600K)->57295K(57600K) NonClass: 51666K(51904K)->51666K(51904K) Class: 5629K(5696K)->5629K(5696K)
[360.479s][info][gc             ] GC(665) Pause Young (Allocation Failure) 899M->596M(888M) 4.568ms
[360.479s][info][gc,cpu         ] GC(665) User=0.01s Sys=0.00s Real=0.01s
[361.177s][info][gc,start       ] GC(666) Pause Young (Allocation Failure)
[361.182s][info][gc,heap        ] GC(666) PSYoungGen: 300927K(301056K)->2079K(289792K) Eden: 299008K(299008K)->0K(287232K) From: 1919K(2048K)->2079K(2560K)
[361.182s][info][gc,heap        ] GC(666) ParOldGen: 608579K(608768K)->608595K(608768K)
[361.182s][info][gc,metaspace   ] GC(666) Metaspace: 57295K(57600K)->57295K(57600K) NonClass: 51666K(51904K)->51666K(51904K) Class: 5629K(5696K)->5629K(5696K)
[361.182s][info][gc             ] GC(666) Pause Young (Allocation Failure) 888M->596M(877M) 4.326ms
[361.182s][info][gc,cpu         ] GC(666) User=0.00s Sys=0.00s Real=0.00s
[361.866s][info][gc,start       ] GC(667) Pause Young (Allocation Failure)
[361.869s][info][gc,heap        ] GC(667) PSYoungGen: 289311K(289792K)->338K(276480K) Eden: 287232K(287232K)->0K(275968K) From: 2079K(2560K)->338K(512K)
[361.869s][info][gc,heap        ] GC(667) ParOldGen: 608595K(608768K)->608611K(608768K)
[361.869s][info][gc,metaspace   ] GC(667) Metaspace: 57295K(57600K)->57295K(57600K) NonClass: 51666K(51904K)->51666K(51904K) Class: 5629K(5696K)->5629K(5696K)
[361.869s][info][gc             ] GC(667) Pause Young (Allocation Failure) 876M->594M(864M) 2.631ms
[361.869s][info][gc,cpu         ] GC(667) User=0.00s Sys=0.00s Real=0.00s
[362.485s][info][gc,start       ] GC(668) Pause Young (Allocation Failure)
[362.490s][info][gc,heap        ] GC(668) PSYoungGen: 276060K(276480K)->2880K(269312K) Eden: 275722K(275968K)->0K(265216K) From: 338K(512K)->2880K(4096K)
[362.490s][info][gc,heap        ] GC(668) ParOldGen: 608611K(608768K)->608627K(608768K)
[362.490s][info][gc,metaspace   ] GC(668) Metaspace: 57296K(57600K)->57296K(57600K) NonClass: 51667K(51904K)->51667K(51904K) Class: 5629K(5696K)->5629K(5696K)
[362.490s][info][gc             ] GC(668) Pause Young (Allocation Failure) 863M->597M(857M) 5.134ms
[362.490s][info][gc,cpu         ] GC(668) User=0.01s Sys=0.00s Real=0.01s
[363.097s][info][gc,start       ] GC(669) Pause Young (Allocation Failure)
[363.101s][info][gc,heap        ] GC(669) PSYoungGen: 267799K(269312K)->1888K(257024K) Eden: 264919K(265216K)->0K(254976K) From: 2880K(4096K)->1888K(2048K)
[363.101s][info][gc,heap        ] GC(669) ParOldGen: 608627K(608768K)->608643K(608768K)
[363.101s][info][gc,metaspace   ] GC(669) Metaspace: 57296K(57600K)->57296K(57600K) NonClass: 51667K(51904K)->51667K(51904K) Class: 5629K(5696K)->5629K(5696K)
[363.101s][info][gc             ] GC(669) Pause Young (Allocation Failure) 855M->596M(845M) 4.255ms
[363.101s][info][gc,cpu         ] GC(669) User=0.00s Sys=0.00s Real=0.00s
[363.754s][info][gc,start       ] GC(670) Pause Young (Allocation Failure)
[363.758s][info][gc,heap        ] GC(670) PSYoungGen: 256763K(257024K)->1728K(247296K) Eden: 254875K(254976K)->0K(245248K) From: 1888K(2048K)->1728K(2048K)
[363.758s][info][gc,heap        ] GC(670) ParOldGen: 608643K(608768K)->608659K(608768K)
[363.758s][info][gc,metaspace   ] GC(670) Metaspace: 57296K(57600K)->57296K(57600K) NonClass: 51667K(51904K)->51667K(51904K) Class: 5629K(5696K)->5629K(5696K)
[363.758s][info][gc             ] GC(670) Pause Young (Allocation Failure) 845M->596M(836M) 4.214ms
[363.758s][info][gc,cpu         ] GC(670) User=0.01s Sys=0.00s Real=0.01s
[364.292s][info][gc,start       ] GC(671) Pause Young (Allocation Failure)
[364.297s][info][gc,heap        ] GC(671) PSYoungGen: 246976K(247296K)->2591K(239104K) Eden: 245248K(245248K)->0K(236032K) From: 1728K(2048K)->2591K(3072K)
[364.297s][info][gc,heap        ] GC(671) ParOldGen: 608659K(608768K)->608675K(608768K)
[364.297s][info][gc,metaspace   ] GC(671) Metaspace: 57296K(57600K)->57296K(57600K) NonClass: 51667K(51904K)->51667K(51904K) Class: 5629K(5696K)->5629K(5696K)
[364.297s][info][gc             ] GC(671) Pause Young (Allocation Failure) 835M->596M(828M) 4.807ms
[364.297s][info][gc,cpu         ] GC(671) User=0.01s Sys=0.00s Real=0.01s
[364.877s][info][gc,start       ] GC(672) Pause Young (Allocation Failure)
[364.880s][info][gc,heap        ] GC(672) PSYoungGen: 238615K(239104K)->384K(227840K) Eden: 236023K(236032K)->0K(227328K) From: 2591K(3072K)->384K(512K)
[364.880s][info][gc,heap        ] GC(672) ParOldGen: 608675K(608768K)->608691K(608768K)
[364.880s][info][gc,metaspace   ] GC(672) Metaspace: 57296K(57600K)->57296K(57600K) NonClass: 51667K(51904K)->51667K(51904K) Class: 5629K(5696K)->5629K(5696K)
[364.880s][info][gc             ] GC(672) Pause Young (Allocation Failure) 827M->594M(817M) 2.575ms
[364.880s][info][gc,cpu         ] GC(672) User=0.01s Sys=0.00s Real=0.00s
[365.388s][info][gc,start       ] GC(673) Pause Young (Allocation Failure)
[365.393s][info][gc,heap        ] GC(673) PSYoungGen: 227712K(227840K)->2911K(221696K) Eden: 227328K(227328K)->0K(218624K) From: 384K(512K)->2911K(3072K)
[365.393s][info][gc,heap        ] GC(673) ParOldGen: 608691K(608768K)->608707K(608768K)
[365.393s][info][gc,metaspace   ] GC(673) Metaspace: 57296K(57600K)->57296K(57600K) NonClass: 51667K(51904K)->51667K(51904K) Class: 5629K(5696K)->5629K(5696K)
[365.393s][info][gc             ] GC(673) Pause Young (Allocation Failure) 816M->597M(811M) 5.046ms
[365.393s][info][gc,cpu         ] GC(673) User=0.01s Sys=0.00s Real=0.00s
[365.897s][info][gc,start       ] GC(674) Pause Young (Allocation Failure)
[365.902s][info][gc,heap        ] GC(674) PSYoungGen: 221434K(221696K)->2400K(212992K) Eden: 218523K(218624K)->0K(210432K) From: 2911K(3072K)->2400K(2560K)
[365.902s][info][gc,heap        ] GC(674) ParOldGen: 608707K(608768K)->608723K(608768K)
[365.902s][info][gc,metaspace   ] GC(674) Metaspace: 57296K(57600K)->57296K(57600K) NonClass: 51667K(51904K)->51667K(51904K) Class: 5629K(5696K)->5629K(5696K)
[365.902s][info][gc             ] GC(674) Pause Young (Allocation Failure) 810M->596M(802M) 4.878ms
[365.902s][info][gc,cpu         ] GC(674) User=0.01s Sys=0.00s Real=0.00s
[366.388s][info][gc,start       ] GC(675) Pause Young (Allocation Failure)
[366.393s][info][gc,heap        ] GC(675) PSYoungGen: 212636K(212992K)->2880K(205824K) Eden: 210236K(210432K)->0K(202752K) From: 2400K(2560K)->2880K(3072K)
[366.393s][info][gc,heap        ] GC(675) ParOldGen: 608723K(608768K)->608739K(608768K)
[366.393s][info][gc,metaspace   ] GC(675) Metaspace: 57296K(57600K)->57296K(57600K) NonClass: 51667K(51904K)->51667K(51904K) Class: 5629K(5696K)->5629K(5696K)
[366.393s][info][gc             ] GC(675) Pause Young (Allocation Failure) 802M->597M(795M) 5.254ms
[366.393s][info][gc,cpu         ] GC(675) User=0.01s Sys=0.00s Real=0.00s
[366.882s][info][gc,start       ] GC(676) Pause Young (Allocation Failure)
[366.886s][info][gc,heap        ] GC(676) PSYoungGen: 205632K(205824K)->2368K(198144K) Eden: 202752K(202752K)->0K(195584K) From: 2880K(3072K)->2368K(2560K)
[366.886s][info][gc,heap        ] GC(676) ParOldGen: 608739K(608768K)->608755K(608768K)
[366.886s][info][gc,metaspace   ] GC(676) Metaspace: 57296K(57600K)->57296K(57600K) NonClass: 51667K(51904K)->51667K(51904K) Class: 5629K(5696K)->5629K(5696K)
[366.886s][info][gc             ] GC(676) Pause Young (Allocation Failure) 795M->596M(788M) 4.865ms
[366.886s][info][gc,cpu         ] GC(676) User=0.00s Sys=0.00s Real=0.01s
[367.366s][info][gc,start       ] GC(677) Pause Young (Allocation Failure)
[367.369s][info][gc,heap        ] GC(677) PSYoungGen: 197952K(198144K)->367K(188928K) Eden: 195584K(195584K)->0K(188416K) From: 2368K(2560K)->367K(512K)
[367.369s][info][gc,heap        ] GC(677) ParOldGen: 608755K(608768K)->608771K(609280K)
[367.369s][info][gc,metaspace   ] GC(677) Metaspace: 57296K(57600K)->57296K(57600K) NonClass: 51667K(51904K)->51667K(51904K) Class: 5629K(5696K)->5629K(5696K)
[367.369s][info][gc             ] GC(677) Pause Young (Allocation Failure) 787M->594M(779M) 2.486ms
[367.369s][info][gc,cpu         ] GC(677) User=0.01s Sys=0.00s Real=0.00s
[367.782s][info][gc,start       ] GC(678) Pause Young (Allocation Failure)
[367.786s][info][gc,heap        ] GC(678) PSYoungGen: 188783K(188928K)->2272K(186368K) Eden: 188416K(188416K)->0K(181760K) From: 367K(512K)->2272K(4608K)
[367.786s][info][gc,heap        ] GC(678) ParOldGen: 608771K(609280K)->608787K(609280K)
[367.786s][info][gc,metaspace   ] GC(678) Metaspace: 57296K(57600K)->57296K(57600K) NonClass: 51667K(51904K)->51667K(51904K) Class: 5629K(5696K)->5629K(5696K)
[367.786s][info][gc             ] GC(678) Pause Young (Allocation Failure) 778M->596M(777M) 4.536ms
[367.786s][info][gc,cpu         ] GC(678) User=0.01s Sys=0.00s Real=0.01s
[368.198s][info][gc,start       ] GC(679) Pause Young (Allocation Failure)
[368.202s][info][gc,heap        ] GC(679) PSYoungGen: 184032K(186368K)->2655K(178688K) Eden: 181760K(181760K)->0K(175616K) From: 2272K(4608K)->2655K(3072K)
[368.202s][info][gc,heap        ] GC(679) ParOldGen: 608787K(609280K)->608803K(609280K)
[368.202s][info][gc,metaspace   ] GC(679) Metaspace: 57296K(57600K)->57296K(57600K) NonClass: 51667K(51904K)->51667K(51904K) Class: 5629K(5696K)->5629K(5696K)
[368.202s][info][gc             ] GC(679) Pause Young (Allocation Failure) 774M->597M(769M) 4.599ms
[368.202s][info][gc,cpu         ] GC(679) User=0.01s Sys=0.00s Real=0.00s
[368.610s][info][gc,start       ] GC(680) Pause Young (Allocation Failure)
[368.613s][info][gc,heap        ] GC(680) PSYoungGen: 178060K(178688K)->960K(170496K) Eden: 175405K(175616K)->0K(169472K) From: 2655K(3072K)->960K(1024K)
[368.613s][info][gc,heap        ] GC(680) ParOldGen: 608803K(609280K)->608819K(609280K)
[368.613s][info][gc,metaspace   ] GC(680) Metaspace: 57296K(57600K)->57296K(57600K) NonClass: 51667K(51904K)->51667K(51904K) Class: 5629K(5696K)->5629K(5696K)
[368.613s][info][gc             ] GC(680) Pause Young (Allocation Failure) 768M->595M(761M) 3.217ms
[368.613s][info][gc,cpu         ] GC(680) User=0.01s Sys=0.00s Real=0.00s
[369.003s][info][gc,start       ] GC(681) Pause Young (Allocation Failure)
[369.015s][info][gc,heap        ] GC(681) PSYoungGen: 170392K(170496K)->4080K(206336K) Eden: 169432K(169472K)->0K(202240K) From: 960K(1024K)->4080K(4096K)
[369.015s][info][gc,heap        ] GC(681) ParOldGen: 608819K(609280K)->614962K(615424K)
[369.015s][info][gc,metaspace   ] GC(681) Metaspace: 57296K(57600K)->57296K(57600K) NonClass: 51667K(51904K)->51667K(51904K) Class: 5629K(5696K)->5629K(5696K)
[369.015s][info][gc             ] GC(681) Pause Young (Allocation Failure) 760M->604M(802M) 12.583ms
[369.015s][info][gc,cpu         ] GC(681) User=0.02s Sys=0.01s Real=0.01s
[369.493s][info][gc,start       ] GC(682) Pause Young (Allocation Failure)
[369.501s][info][gc,heap        ] GC(682) PSYoungGen: 206079K(206336K)->3359K(244736K) Eden: 201998K(202240K)->0K(241152K) From: 4080K(4096K)->3359K(3584K)
[369.502s][info][gc,heap        ] GC(682) ParOldGen: 614962K(615424K)->618068K(618496K)
[369.502s][info][gc,metaspace   ] GC(682) Metaspace: 57296K(57600K)->57296K(57600K) NonClass: 51667K(51904K)->51667K(51904K) Class: 5629K(5696K)->5629K(5696K)
[369.502s][info][gc             ] GC(682) Pause Young (Allocation Failure) 801M->606M(843M) 8.418ms
[369.502s][info][gc,cpu         ] GC(682) User=0.02s Sys=0.00s Real=0.01s
[370.081s][info][gc,start       ] GC(683) Pause Young (Allocation Failure)
[370.088s][info][gc,heap        ] GC(683) PSYoungGen: 244511K(244736K)->3327K(293376K) Eden: 241152K(241152K)->0K(286208K) From: 3359K(3584K)->3327K(7168K)
[370.088s][info][gc,heap        ] GC(683) ParOldGen: 618068K(618496K)->618419K(618496K)
[370.088s][info][gc,metaspace   ] GC(683) Metaspace: 57299K(57600K)->57299K(57600K) NonClass: 51670K(51904K)->51670K(51904K) Class: 5629K(5696K)->5629K(5696K)
[370.088s][info][gc             ] GC(683) Pause Young (Allocation Failure) 842M->607M(890M) 7.334ms
[370.088s][info][gc,cpu         ] GC(683) User=0.01s Sys=0.00s Real=0.01s
[370.836s][info][gc,start       ] GC(684) Pause Young (Allocation Failure)
[370.839s][info][gc,heap        ] GC(684) PSYoungGen: 289535K(293376K)->1044K(292864K) Eden: 286208K(286208K)->0K(286208K) From: 3327K(7168K)->1044K(6656K)
[370.839s][info][gc,heap        ] GC(684) ParOldGen: 618419K(618496K)->618435K(618496K)
[370.839s][info][gc,metaspace   ] GC(684) Metaspace: 57299K(57600K)->57299K(57600K) NonClass: 51670K(51904K)->51670K(51904K) Class: 5629K(5696K)->5629K(5696K)
[370.839s][info][gc             ] GC(684) Pause Young (Allocation Failure) 886M->604M(890M) 3.464ms
[370.839s][info][gc,cpu         ] GC(684) User=0.01s Sys=0.00s Real=0.00s
[371.399s][info][gc,start       ] GC(685) Pause Young (Allocation Failure)
[371.404s][info][gc,heap        ] GC(685) PSYoungGen: 286967K(292864K)->1760K(326656K) Eden: 285923K(286208K)->0K(320000K) From: 1044K(6656K)->1760K(6656K)
[371.404s][info][gc,heap        ] GC(685) ParOldGen: 618435K(618496K)->618451K(618496K)
[371.404s][info][gc,metaspace   ] GC(685) Metaspace: 57299K(57600K)->57299K(57600K) NonClass: 51670K(51904K)->51670K(51904K) Class: 5629K(5696K)->5629K(5696K)
[371.404s][info][gc             ] GC(685) Pause Young (Allocation Failure) 884M->605M(923M) 4.692ms
[371.404s][info][gc,cpu         ] GC(685) User=0.01s Sys=0.00s Real=0.00s
[372.183s][info][gc,start       ] GC(686) Pause Young (Allocation Failure)
[372.186s][info][gc,heap        ] GC(686) PSYoungGen: 321760K(326656K)->1534K(308736K) Eden: 320000K(320000K)->0K(307200K) From: 1760K(6656K)->1534K(1536K)
[372.186s][info][gc,heap        ] GC(686) ParOldGen: 618451K(618496K)->618467K(618496K)
[372.186s][info][gc,metaspace   ] GC(686) Metaspace: 57299K(57600K)->57299K(57600K) NonClass: 51670K(51904K)->51670K(51904K) Class: 5629K(5696K)->5629K(5696K)
[372.186s][info][gc             ] GC(686) Pause Young (Allocation Failure) 918M->605M(905M) 3.915ms
[372.186s][info][gc,cpu         ] GC(686) User=0.00s Sys=0.01s Real=0.01s
[372.942s][info][gc,start       ] GC(687) Pause Young (Allocation Failure)
[372.946s][info][gc,heap        ] GC(687) PSYoungGen: 308734K(308736K)->1406K(296448K) Eden: 307200K(307200K)->0K(294912K) From: 1534K(1536K)->1406K(1536K)
[372.946s][info][gc,heap        ] GC(687) ParOldGen: 618467K(618496K)->618483K(618496K)
[372.946s][info][gc,metaspace   ] GC(687) Metaspace: 57299K(57600K)->57299K(57600K) NonClass: 51670K(51904K)->51670K(51904K) Class: 5629K(5696K)->5629K(5696K)
[372.946s][info][gc             ] GC(687) Pause Young (Allocation Failure) 905M->605M(893M) 3.859ms
[372.946s][info][gc,cpu         ] GC(687) User=0.01s Sys=0.00s Real=0.00s
[373.589s][info][gc,start       ] GC(688) Pause Young (Allocation Failure)
[373.595s][info][gc,heap        ] GC(688) PSYoungGen: 296318K(296448K)->2880K(286208K) Eden: 294912K(294912K)->0K(283136K) From: 1406K(1536K)->2880K(3072K)
[373.595s][info][gc,heap        ] GC(688) ParOldGen: 618483K(618496K)->618499K(619008K)
[373.595s][info][gc,metaspace   ] GC(688) Metaspace: 57299K(57600K)->57299K(57600K) NonClass: 51670K(51904K)->51670K(51904K) Class: 5629K(5696K)->5629K(5696K)
[373.595s][info][gc             ] GC(688) Pause Young (Allocation Failure) 893M->606M(884M) 5.578ms
[373.595s][info][gc,cpu         ] GC(688) User=0.01s Sys=0.00s Real=0.00s
[374.269s][info][gc,start       ] GC(689) Pause Young (Allocation Failure)
[374.272s][info][gc,heap        ] GC(689) PSYoungGen: 286016K(286208K)->1098K(273408K) Eden: 283136K(283136K)->0K(271872K) From: 2880K(3072K)->1098K(1536K)
[374.272s][info][gc,heap        ] GC(689) ParOldGen: 618499K(619008K)->618515K(619008K)
[374.272s][info][gc,metaspace   ] GC(689) Metaspace: 57299K(57600K)->57299K(57600K) NonClass: 51670K(51904K)->51670K(51904K) Class: 5629K(5696K)->5629K(5696K)
[374.273s][info][gc             ] GC(689) Pause Young (Allocation Failure) 883M->605M(871M) 3.378ms
[374.273s][info][gc,cpu         ] GC(689) User=0.00s Sys=0.00s Real=0.00s
[374.890s][info][gc,start       ] GC(690) Pause Young (Allocation Failure)
[374.895s][info][gc,heap        ] GC(690) PSYoungGen: 272970K(273408K)->2304K(263680K) Eden: 271872K(271872K)->0K(261120K) From: 1098K(1536K)->2304K(2560K)
[374.895s][info][gc,heap        ] GC(690) ParOldGen: 618515K(619008K)->618531K(619008K)
[374.895s][info][gc,metaspace   ] GC(690) Metaspace: 57299K(57600K)->57299K(57600K) NonClass: 51670K(51904K)->51670K(51904K) Class: 5629K(5696K)->5629K(5696K)
[374.895s][info][gc             ] GC(690) Pause Young (Allocation Failure) 870M->606M(862M) 4.791ms
[374.895s][info][gc,cpu         ] GC(690) User=0.01s Sys=0.00s Real=0.00s
[375.529s][info][gc,start       ] GC(691) Pause Young (Allocation Failure)
[375.550s][info][gc,heap        ] GC(691) PSYoungGen: 263130K(263680K)->1952K(311296K) Eden: 260826K(261120K)->0K(305664K) From: 2304K(2560K)->1952K(5632K)
[375.550s][info][gc,heap        ] GC(691) ParOldGen: 618531K(619008K)->618547K(619008K)
[375.550s][info][gc,metaspace   ] GC(691) Metaspace: 57299K(57600K)->57299K(57600K) NonClass: 51670K(51904K)->51670K(51904K) Class: 5629K(5696K)->5629K(5696K)
[375.550s][info][gc             ] GC(691) Pause Young (Allocation Failure) 860M->605M(908M) 20.795ms
[375.550s][info][gc,cpu         ] GC(691) User=0.01s Sys=0.00s Real=0.02s
[376.254s][info][gc,start       ] GC(692) Pause Young (Allocation Failure)
[376.256s][info][gc,heap        ] GC(692) PSYoungGen: 307615K(311296K)->64K(310784K) Eden: 305663K(305664K)->0K(305664K) From: 1952K(5632K)->64K(5120K)
[376.256s][info][gc,heap        ] GC(692) ParOldGen: 618547K(619008K)->618563K(619008K)
[376.256s][info][gc,metaspace   ] GC(692) Metaspace: 57299K(57600K)->57299K(57600K) NonClass: 51670K(51904K)->51670K(51904K) Class: 5629K(5696K)->5629K(5696K)
[376.256s][info][gc             ] GC(692) Pause Young (Allocation Failure) 904M->604M(908M) 2.140ms
[376.257s][info][gc,cpu         ] GC(692) User=0.01s Sys=0.00s Real=0.01s
[376.976s][info][gc,start       ] GC(693) Pause Young (Allocation Failure)
[376.981s][info][gc,heap        ] GC(693) PSYoungGen: 305728K(310784K)->1983K(328192K) Eden: 305664K(305664K)->0K(323072K) From: 64K(5120K)->1983K(5120K)
[376.981s][info][gc,heap        ] GC(693) ParOldGen: 618563K(619008K)->618579K(619008K)
[376.981s][info][gc,metaspace   ] GC(693) Metaspace: 57299K(57600K)->57299K(57600K) NonClass: 51670K(51904K)->51670K(51904K) Class: 5629K(5696K)->5629K(5696K)
[376.981s][info][gc             ] GC(693) Pause Young (Allocation Failure) 902M->606M(925M) 4.676ms
[376.981s][info][gc,cpu         ] GC(693) User=0.00s Sys=0.00s Real=0.00s
[378.312s][info][gc,start       ] GC(694) Pause Young (Allocation Failure)
[378.353s][info][gc,heap        ] GC(694) PSYoungGen: 286967K(328192K)->64K(328192K) Eden: 284983K(323072K)->0K(323072K) From: 1983K(5120K)->64K(5120K)
[378.353s][info][gc,heap        ] GC(694) ParOldGen: 618579K(619008K)->657657K(658432K)
[378.353s][info][gc,metaspace   ] GC(694) Metaspace: 57311K(57600K)->57311K(57600K) NonClass: 51682K(51904K)->51682K(51904K) Class: 5629K(5696K)->5629K(5696K)
[378.353s][info][gc             ] GC(694) Pause Young (Allocation Failure) 884M->642M(963M) 40.267ms
[378.353s][info][gc,cpu         ] GC(694) User=0.05s Sys=0.03s Real=0.04s
[380.085s][info][gc,start       ] GC(695) Pause Full (Allocation Failure)
[380.085s][info][gc,phases,start] GC(695) Marking Phase
[380.131s][info][gc,phases      ] GC(695) Marking Phase 46.725ms
[380.131s][info][gc,phases,start] GC(695) Summary Phase
[380.131s][info][gc,phases      ] GC(695) Summary Phase 0.029ms
[380.131s][info][gc,phases,start] GC(695) Forward
[380.136s][info][gc,phases      ] GC(695) Forward 4.640ms
[380.136s][info][gc,phases,start] GC(695) Adjust Pointers
[380.157s][info][gc,phases      ] GC(695) Adjust Pointers 21.384ms
[380.158s][info][gc,phases,start] GC(695) Compaction Phase
[380.178s][info][gc,phases      ] GC(695) Compaction Phase 20.219ms
[380.178s][info][gc,phases,start] GC(695) Post Compact
[380.182s][info][gc,phases      ] GC(695) Post Compact 4.594ms
[380.207s][info][gc,heap        ] GC(695) PSYoungGen: 323136K(328192K)->0K(328704K) Eden: 323072K(323072K)->0K(323584K) From: 64K(5120K)->0K(5120K)
[380.207s][info][gc,heap        ] GC(695) ParOldGen: 657657K(658432K)->287090K(375296K)
[380.207s][info][gc,metaspace   ] GC(695) Metaspace: 57394K(57664K)->57394K(57664K) NonClass: 51764K(51968K)->51764K(51968K) Class: 5629K(5696K)->5629K(5696K)
[380.207s][info][gc             ] GC(695) Pause Full (Allocation Failure) 957M->280M(687M) 122.108ms
[380.207s][info][gc,cpu         ] GC(695) User=0.15s Sys=0.02s Real=0.13s
[380.870s][info][gc,start       ] GC(696) Pause Young (Allocation Failure)
[380.874s][info][gc,heap        ] GC(696) PSYoungGen: 323584K(328704K)->1428K(328704K) Eden: 323584K(323584K)->0K(323584K) From: 0K(5120K)->1428K(5120K)
[380.874s][info][gc,heap        ] GC(696) ParOldGen: 287090K(375296K)->287090K(375296K)
[380.874s][info][gc,metaspace   ] GC(696) Metaspace: 57394K(57664K)->57394K(57664K) NonClass: 51764K(51968K)->51764K(51968K) Class: 5629K(5696K)->5629K(5696K)
[380.874s][info][gc             ] GC(696) Pause Young (Allocation Failure) 596M->281M(687M) 3.564ms
[380.874s][info][gc,cpu         ] GC(696) User=0.00s Sys=0.00s Real=0.00s
[381.598s][info][gc,start       ] GC(697) Pause Young (Allocation Failure)
[381.601s][info][gc,heap        ] GC(697) PSYoungGen: 324923K(328704K)->1728K(327680K) Eden: 323494K(323584K)->0K(323584K) From: 1428K(5120K)->1728K(4096K)
[381.601s][info][gc,heap        ] GC(697) ParOldGen: 287090K(375296K)->287570K(375296K)
[381.601s][info][gc,metaspace   ] GC(697) Metaspace: 57394K(57664K)->57394K(57664K) NonClass: 51764K(51968K)->51764K(51968K) Class: 5629K(5696K)->5629K(5696K)
[381.601s][info][gc             ] GC(697) Pause Young (Allocation Failure) 597M->282M(686M) 3.903ms
[381.601s][info][gc,cpu         ] GC(697) User=0.01s Sys=0.00s Real=0.00s
[382.385s][info][gc,start       ] GC(698) Pause Young (Allocation Failure)
[382.389s][info][gc,heap        ] GC(698) PSYoungGen: 325312K(327680K)->2368K(313344K) Eden: 323584K(323584K)->0K(310784K) From: 1728K(4096K)->2368K(2560K)
[382.389s][info][gc,heap        ] GC(698) ParOldGen: 287570K(375296K)->287586K(375296K)
[382.390s][info][gc,metaspace   ] GC(698) Metaspace: 57394K(57664K)->57394K(57664K) NonClass: 51764K(51968K)->51764K(51968K) Class: 5629K(5696K)->5629K(5696K)
[382.390s][info][gc             ] GC(698) Pause Young (Allocation Failure) 598M->283M(672M) 4.536ms
[382.390s][info][gc,cpu         ] GC(698) User=0.00s Sys=0.00s Real=0.01s
[383.096s][info][gc,start       ] GC(699) Pause Young (Allocation Failure)
[383.101s][info][gc,heap        ] GC(699) PSYoungGen: 313152K(313344K)->2879K(301568K) Eden: 310784K(310784K)->0K(298496K) From: 2368K(2560K)->2879K(3072K)
[383.101s][info][gc,heap        ] GC(699) ParOldGen: 287586K(375296K)->287602K(375296K)
[383.101s][info][gc,metaspace   ] GC(699) Metaspace: 57394K(57664K)->57394K(57664K) NonClass: 51764K(51968K)->51764K(51968K) Class: 5629K(5696K)->5629K(5696K)
[383.101s][info][gc             ] GC(699) Pause Young (Allocation Failure) 586M->283M(661M) 5.209ms
[383.101s][info][gc,cpu         ] GC(699) User=0.01s Sys=0.00s Real=0.00s
[383.794s][info][gc,start       ] GC(700) Pause Young (Allocation Failure)
[383.799s][info][gc,heap        ] GC(700) PSYoungGen: 301375K(301568K)->2463K(289280K) Eden: 298496K(298496K)->0K(286720K) From: 2879K(3072K)->2463K(2560K)
[383.799s][info][gc,heap        ] GC(700) ParOldGen: 287602K(375296K)->287618K(375296K)
[383.799s][info][gc,metaspace   ] GC(700) Metaspace: 57394K(57664K)->57394K(57664K) NonClass: 51764K(51968K)->51764K(51968K) Class: 5629K(5696K)->5629K(5696K)
[383.799s][info][gc             ] GC(700) Pause Young (Allocation Failure) 575M->283M(649M) 4.178ms
[383.799s][info][gc,cpu         ] GC(700) User=0.00s Sys=0.00s Real=0.01s
[384.560s][info][gc,start       ] GC(701) Pause Young (Allocation Failure)
[384.565s][info][gc,heap        ] GC(701) PSYoungGen: 289183K(289280K)->3103K(279040K) Eden: 286720K(286720K)->0K(275456K) From: 2463K(2560K)->3103K(3584K)
[384.565s][info][gc,heap        ] GC(701) ParOldGen: 287618K(375296K)->287634K(375296K)
[384.565s][info][gc,metaspace   ] GC(701) Metaspace: 57394K(57664K)->57394K(57664K) NonClass: 51764K(51968K)->51764K(51968K) Class: 5629K(5696K)->5629K(5696K)
[384.565s][info][gc             ] GC(701) Pause Young (Allocation Failure) 563M->283M(639M) 4.879ms
[384.565s][info][gc,cpu         ] GC(701) User=0.01s Sys=0.00s Real=0.00s
[385.166s][info][gc,start       ] GC(702) Pause Young (Allocation Failure)
[385.168s][info][gc,heap        ] GC(702) PSYoungGen: 278559K(279040K)->597K(265728K) Eden: 275456K(275456K)->0K(264704K) From: 3103K(3584K)->597K(1024K)
[385.168s][info][gc,heap        ] GC(702) ParOldGen: 287634K(375296K)->287650K(375296K)
[385.168s][info][gc,metaspace   ] GC(702) Metaspace: 57394K(57664K)->57394K(57664K) NonClass: 51764K(51968K)->51764K(51968K) Class: 5629K(5696K)->5629K(5696K)
[385.168s][info][gc             ] GC(702) Pause Young (Allocation Failure) 552M->281M(626M) 2.059ms
[385.168s][info][gc,cpu         ] GC(702) User=0.00s Sys=0.00s Real=0.00s
[385.780s][info][gc,start       ] GC(703) Pause Young (Allocation Failure)
[385.784s][info][gc,heap        ] GC(703) PSYoungGen: 265301K(265728K)->2527K(257024K) Eden: 264704K(264704K)->0K(254464K) From: 597K(1024K)->2527K(2560K)
[385.784s][info][gc,heap        ] GC(703) ParOldGen: 287650K(375296K)->287666K(375296K)
[385.784s][info][gc,metaspace   ] GC(703) Metaspace: 57394K(57664K)->57394K(57664K) NonClass: 51764K(51968K)->51764K(51968K) Class: 5629K(5696K)->5629K(5696K)
[385.784s][info][gc             ] GC(703) Pause Young (Allocation Failure) 539M->283M(617M) 4.238ms
[385.784s][info][gc,cpu         ] GC(703) User=0.00s Sys=0.00s Real=0.00s
[386.380s][info][gc,start       ] GC(704) Pause Young (Allocation Failure)
[386.384s][info][gc,heap        ] GC(704) PSYoungGen: 256991K(257024K)->2623K(247808K) Eden: 254464K(254464K)->0K(244736K) From: 2527K(2560K)->2623K(3072K)
[386.385s][info][gc,heap        ] GC(704) ParOldGen: 287666K(375296K)->287682K(375296K)
[386.385s][info][gc,metaspace   ] GC(704) Metaspace: 57394K(57664K)->57394K(57664K) NonClass: 51764K(51968K)->51764K(51968K) Class: 5629K(5696K)->5629K(5696K)
[386.385s][info][gc             ] GC(704) Pause Young (Allocation Failure) 531M->283M(608M) 4.232ms
[386.385s][info][gc,cpu         ] GC(704) User=0.00s Sys=0.00s Real=0.00s
[386.991s][info][gc,start       ] GC(705) Pause Young (Allocation Failure)
[387.021s][info][gc,heap        ] GC(705) PSYoungGen: 247359K(247808K)->3327K(295936K) Eden: 244736K(244736K)->0K(292352K) From: 2623K(3072K)->3327K(3584K)
[387.021s][info][gc,heap        ] GC(705) ParOldGen: 287682K(375296K)->287698K(375296K)
[387.021s][info][gc,metaspace   ] GC(705) Metaspace: 57394K(57664K)->57394K(57664K) NonClass: 51764K(51968K)->51764K(51968K) Class: 5629K(5696K)->5629K(5696K)
[387.021s][info][gc             ] GC(705) Pause Young (Allocation Failure) 522M->284M(655M) 29.840ms
[387.021s][info][gc,cpu         ] GC(705) User=0.02s Sys=0.00s Real=0.03s
[387.676s][info][gc,start       ] GC(706) Pause Young (Allocation Failure)
[387.680s][info][gc,heap        ] GC(706) PSYoungGen: 295679K(295936K)->2079K(313344K) Eden: 292352K(292352K)->0K(308224K) From: 3327K(3584K)->2079K(5120K)
[387.680s][info][gc,heap        ] GC(706) ParOldGen: 287698K(375296K)->287714K(375296K)
[387.680s][info][gc,metaspace   ] GC(706) Metaspace: 57394K(57664K)->57394K(57664K) NonClass: 51764K(51968K)->51764K(51968K) Class: 5629K(5696K)->5629K(5696K)
[387.680s][info][gc             ] GC(706) Pause Young (Allocation Failure) 569M->283M(672M) 3.876ms
[387.680s][info][gc,cpu         ] GC(706) User=0.01s Sys=0.00s Real=0.00s
[388.392s][info][gc,start       ] GC(707) Pause Young (Allocation Failure)
[388.398s][info][gc,heap        ] GC(707) PSYoungGen: 310303K(313344K)->2847K(328192K) Eden: 308224K(308224K)->0K(324096K) From: 2079K(5120K)->2847K(4096K)
[388.398s][info][gc,heap        ] GC(707) ParOldGen: 287714K(375296K)->287730K(375296K)
[388.398s][info][gc,metaspace   ] GC(707) Metaspace: 57394K(57664K)->57394K(57664K) NonClass: 51764K(51968K)->51764K(51968K) Class: 5629K(5696K)->5629K(5696K)
[388.398s][info][gc             ] GC(707) Pause Young (Allocation Failure) 584M->283M(687M) 5.460ms
[388.398s][info][gc,cpu         ] GC(707) User=0.01s Sys=0.01s Real=0.01s
[389.175s][info][gc,start       ] GC(708) Pause Young (Allocation Failure)
[389.178s][info][gc,heap        ] GC(708) PSYoungGen: 326943K(328192K)->1351K(328704K) Eden: 324096K(324096K)->0K(324096K) From: 2847K(4096K)->1351K(4608K)
[389.178s][info][gc,heap        ] GC(708) ParOldGen: 287730K(375296K)->287746K(375296K)
[389.178s][info][gc,metaspace   ] GC(708) Metaspace: 57394K(57664K)->57394K(57664K) NonClass: 51764K(51968K)->51764K(51968K) Class: 5629K(5696K)->5629K(5696K)
[389.178s][info][gc             ] GC(708) Pause Young (Allocation Failure) 600M->282M(687M) 3.192ms
[389.178s][info][gc,cpu         ] GC(708) User=0.00s Sys=0.00s Real=0.01s
[389.906s][info][gc,start       ] GC(709) Pause Young (Allocation Failure)
[389.909s][info][gc,heap        ] GC(709) PSYoungGen: 325321K(328704K)->1248K(312832K) Eden: 323970K(324096K)->0K(311296K) From: 1351K(4608K)->1248K(1536K)
[389.909s][info][gc,heap        ] GC(709) ParOldGen: 287746K(375296K)->287762K(375296K)
[389.909s][info][gc,metaspace   ] GC(709) Metaspace: 57394K(57664K)->57394K(57664K) NonClass: 51764K(51968K)->51764K(51968K) Class: 5629K(5696K)->5629K(5696K)
[389.909s][info][gc             ] GC(709) Pause Young (Allocation Failure) 598M->282M(672M) 2.955ms
[389.909s][info][gc,cpu         ] GC(709) User=0.01s Sys=0.00s Real=0.00s
[390.672s][info][gc,start       ] GC(710) Pause Young (Allocation Failure)
[390.675s][info][gc,heap        ] GC(710) PSYoungGen: 312544K(312832K)->1171K(300544K) Eden: 311296K(311296K)->0K(299008K) From: 1248K(1536K)->1171K(1536K)
[390.675s][info][gc,heap        ] GC(710) ParOldGen: 287762K(375296K)->287786K(375296K)
[390.675s][info][gc,metaspace   ] GC(710) Metaspace: 57394K(57664K)->57394K(57664K) NonClass: 51764K(51968K)->51764K(51968K) Class: 5629K(5696K)->5629K(5696K)
[390.675s][info][gc             ] GC(710) Pause Young (Allocation Failure) 586M->282M(660M) 2.705ms
[390.675s][info][gc,cpu         ] GC(710) User=0.01s Sys=0.00s Real=0.00s
[391.373s][info][gc,start       ] GC(711) Pause Young (Allocation Failure)
[391.376s][info][gc,heap        ] GC(711) PSYoungGen: 300179K(300544K)->1376K(288768K) Eden: 299008K(299008K)->0K(287232K) From: 1171K(1536K)->1376K(1536K)
[391.376s][info][gc,heap        ] GC(711) ParOldGen: 287786K(375296K)->287802K(375296K)
[391.376s][info][gc,metaspace   ] GC(711) Metaspace: 57394K(57664K)->57394K(57664K) NonClass: 51764K(51968K)->51764K(51968K) Class: 5629K(5696K)->5629K(5696K)
[391.376s][info][gc             ] GC(711) Pause Young (Allocation Failure) 574M->282M(648M) 3.390ms
[391.376s][info][gc,cpu         ] GC(711) User=0.01s Sys=0.00s Real=0.01s
[392.001s][info][gc,start       ] GC(712) Pause Young (Allocation Failure)
[392.004s][info][gc,heap        ] GC(712) PSYoungGen: 288608K(288768K)->1439K(277504K) Eden: 287232K(287232K)->0K(275968K) From: 1376K(1536K)->1439K(1536K)
[392.004s][info][gc,heap        ] GC(712) ParOldGen: 287802K(375296K)->287818K(375296K)
[392.004s][info][gc,metaspace   ] GC(712) Metaspace: 57394K(57664K)->57394K(57664K) NonClass: 51764K(51968K)->51764K(51968K) Class: 5629K(5696K)->5629K(5696K)
[392.004s][info][gc             ] GC(712) Pause Young (Allocation Failure) 562M->282M(637M) 2.909ms
[392.004s][info][gc,cpu         ] GC(712) User=0.00s Sys=0.00s Real=0.00s
[392.677s][info][gc,start       ] GC(713) Pause Young (Allocation Failure)
[392.681s][info][gc,heap        ] GC(713) PSYoungGen: 277407K(277504K)->1856K(267264K) Eden: 275968K(275968K)->0K(265216K) From: 1439K(1536K)->1856K(2048K)
[392.681s][info][gc,heap        ] GC(713) ParOldGen: 287818K(375296K)->287834K(375296K)
[392.681s][info][gc,metaspace   ] GC(713) Metaspace: 57394K(57664K)->57394K(57664K) NonClass: 51764K(51968K)->51764K(51968K) Class: 5629K(5696K)->5629K(5696K)
[392.681s][info][gc             ] GC(713) Pause Young (Allocation Failure) 551M->282M(627M) 3.630ms
[392.681s][info][gc,cpu         ] GC(713) User=0.00s Sys=0.00s Real=0.00s
[393.292s][info][gc,start       ] GC(714) Pause Young (Allocation Failure)
[393.297s][info][gc,heap        ] GC(714) PSYoungGen: 267072K(267264K)->3135K(258560K) Eden: 265216K(265216K)->0K(254976K) From: 1856K(2048K)->3135K(3584K)
[393.297s][info][gc,heap        ] GC(714) ParOldGen: 287834K(375296K)->287850K(375296K)
[393.297s][info][gc,metaspace   ] GC(714) Metaspace: 57394K(57664K)->57394K(57664K) NonClass: 51764K(51968K)->51764K(51968K) Class: 5629K(5696K)->5629K(5696K)
[393.297s][info][gc             ] GC(714) Pause Young (Allocation Failure) 541M->284M(619M) 4.722ms
[393.297s][info][gc,cpu         ] GC(714) User=0.01s Sys=0.00s Real=0.01s
[393.891s][info][gc,start       ] GC(715) Pause Young (Allocation Failure)
[393.895s][info][gc,heap        ] GC(715) PSYoungGen: 258111K(258560K)->2240K(247808K) Eden: 254976K(254976K)->0K(245248K) From: 3135K(3584K)->2240K(2560K)
[393.895s][info][gc,heap        ] GC(715) ParOldGen: 287850K(375296K)->287866K(375296K)
[393.895s][info][gc,metaspace   ] GC(715) Metaspace: 57394K(57664K)->57394K(57664K) NonClass: 51765K(51968K)->51765K(51968K) Class: 5629K(5696K)->5629K(5696K)
[393.895s][info][gc             ] GC(715) Pause Young (Allocation Failure) 533M->283M(608M) 4.024ms
[393.895s][info][gc,cpu         ] GC(715) User=0.00s Sys=0.00s Real=0.00s
[394.480s][info][gc,start       ] GC(716) Pause Young (Allocation Failure)
[394.484s][info][gc,heap        ] GC(716) PSYoungGen: 247488K(247808K)->1887K(238080K) Eden: 245248K(245248K)->0K(236032K) From: 2240K(2560K)->1887K(2048K)
[394.484s][info][gc,heap        ] GC(716) ParOldGen: 287866K(375296K)->287882K(375296K)
[394.484s][info][gc,metaspace   ] GC(716) Metaspace: 57394K(57664K)->57394K(57664K) NonClass: 51765K(51968K)->51765K(51968K) Class: 5629K(5696K)->5629K(5696K)
[394.484s][info][gc             ] GC(716) Pause Young (Allocation Failure) 522M->282M(599M) 3.408ms
[394.484s][info][gc,cpu         ] GC(716) User=0.01s Sys=0.00s Real=0.00s
[395.006s][info][gc,start       ] GC(717) Pause Young (Allocation Failure)
[395.008s][info][gc,heap        ] GC(717) PSYoungGen: 237919K(238080K)->799K(228352K) Eden: 236032K(236032K)->0K(227328K) From: 1887K(2048K)->799K(1024K)
[395.008s][info][gc,heap        ] GC(717) ParOldGen: 287882K(375296K)->287898K(375296K)
[395.008s][info][gc,metaspace   ] GC(717) Metaspace: 57396K(57664K)->57396K(57664K) NonClass: 51766K(51968K)->51766K(51968K) Class: 5629K(5696K)->5629K(5696K)
[395.008s][info][gc             ] GC(717) Pause Young (Allocation Failure) 513M->281M(589M) 2.231ms
[395.008s][info][gc,cpu         ] GC(717) User=0.00s Sys=0.00s Real=0.01s
[395.677s][info][gc,start       ] GC(718) Pause Young (Allocation Failure)
[395.680s][info][gc,heap        ] GC(718) PSYoungGen: 228127K(228352K)->1920K(221184K) Eden: 227328K(227328K)->0K(219136K) From: 799K(1024K)->1920K(2048K)
[395.680s][info][gc,heap        ] GC(718) ParOldGen: 287898K(375296K)->287914K(375296K)
[395.680s][info][gc,metaspace   ] GC(718) Metaspace: 57396K(57664K)->57396K(57664K) NonClass: 51766K(51968K)->51766K(51968K) Class: 5629K(5696K)->5629K(5696K)
[395.680s][info][gc             ] GC(718) Pause Young (Allocation Failure) 503M->283M(582M) 3.710ms
[395.680s][info][gc,cpu         ] GC(718) User=0.01s Sys=0.00s Real=0.00s
[396.183s][info][gc,start       ] GC(719) Pause Young (Allocation Failure)
[396.187s][info][gc,heap        ] GC(719) PSYoungGen: 221056K(221184K)->2879K(214016K) Eden: 219136K(219136K)->0K(210944K) From: 1920K(2048K)->2879K(3072K)
[396.187s][info][gc,heap        ] GC(719) ParOldGen: 287914K(375296K)->287930K(375296K)
[396.187s][info][gc,metaspace   ] GC(719) Metaspace: 57396K(57664K)->57396K(57664K) NonClass: 51766K(51968K)->51766K(51968K) Class: 5629K(5696K)->5629K(5696K)
[396.187s][info][gc             ] GC(719) Pause Young (Allocation Failure) 497M->283M(575M) 4.330ms
[396.187s][info][gc,cpu         ] GC(719) User=0.00s Sys=0.00s Real=0.01s
[396.690s][info][gc,start       ] GC(720) Pause Young (Allocation Failure)
[396.694s][info][gc,heap        ] GC(720) PSYoungGen: 213823K(214016K)->2463K(205824K) Eden: 210944K(210944K)->0K(203264K) From: 2879K(3072K)->2463K(2560K)
[396.694s][info][gc,heap        ] GC(720) ParOldGen: 287930K(375296K)->287946K(375296K)
[396.694s][info][gc,metaspace   ] GC(720) Metaspace: 57396K(57664K)->57396K(57664K) NonClass: 51766K(51968K)->51766K(51968K) Class: 5629K(5696K)->5629K(5696K)
[396.694s][info][gc             ] GC(720) Pause Young (Allocation Failure) 489M->283M(567M) 4.078ms
[396.694s][info][gc,cpu         ] GC(720) User=0.01s Sys=0.00s Real=0.00s
[397.178s][info][gc,start       ] GC(721) Pause Young (Allocation Failure)
[397.181s][info][gc,heap        ] GC(721) PSYoungGen: 205727K(205824K)->2143K(198656K) Eden: 203264K(203264K)->0K(196096K) From: 2463K(2560K)->2143K(2560K)
[397.181s][info][gc,heap        ] GC(721) ParOldGen: 287946K(375296K)->287962K(375296K)
[397.181s][info][gc,metaspace   ] GC(721) Metaspace: 57396K(57664K)->57396K(57664K) NonClass: 51766K(51968K)->51766K(51968K) Class: 5629K(5696K)->5629K(5696K)
[397.181s][info][gc             ] GC(721) Pause Young (Allocation Failure) 482M->283M(560M) 3.529ms
[397.181s][info][gc,cpu         ] GC(721) User=0.01s Sys=0.00s Real=0.00s
[397.609s][info][gc,start       ] GC(722) Pause Young (Allocation Failure)
[397.611s][info][gc,heap        ] GC(722) PSYoungGen: 198239K(198656K)->703K(189952K) Eden: 196096K(196096K)->0K(188928K) From: 2143K(2560K)->703K(1024K)
[397.611s][info][gc,heap        ] GC(722) ParOldGen: 287962K(375296K)->287978K(375296K)
[397.611s][info][gc,metaspace   ] GC(722) Metaspace: 57396K(57664K)->57396K(57664K) NonClass: 51766K(51968K)->51766K(51968K) Class: 5629K(5696K)->5629K(5696K)
[397.611s][info][gc             ] GC(722) Pause Young (Allocation Failure) 474M->281M(552M) 2.012ms
[397.611s][info][gc,cpu         ] GC(722) User=0.01s Sys=0.00s Real=0.00s
[398.083s][info][gc,start       ] GC(723) Pause Young (Allocation Failure)
[398.087s][info][gc,heap        ] GC(723) PSYoungGen: 189631K(189952K)->1855K(184320K) Eden: 188928K(188928K)->0K(182272K) From: 703K(1024K)->1855K(2048K)
[398.087s][info][gc,heap        ] GC(723) ParOldGen: 287978K(375296K)->287994K(375296K)
[398.087s][info][gc,metaspace   ] GC(723) Metaspace: 57396K(57664K)->57396K(57664K) NonClass: 51766K(51968K)->51766K(51968K) Class: 5629K(5696K)->5629K(5696K)
[398.087s][info][gc             ] GC(723) Pause Young (Allocation Failure) 466M->283M(546M) 3.327ms
[398.087s][info][gc,cpu         ] GC(723) User=0.00s Sys=0.00s Real=0.01s
[398.497s][info][gc,start       ] GC(724) Pause Young (Allocation Failure)
[398.502s][info][gc,heap        ] GC(724) PSYoungGen: 184127K(184320K)->3135K(179712K) Eden: 182272K(182272K)->0K(176128K) From: 1855K(2048K)->3135K(3584K)
[398.502s][info][gc,heap        ] GC(724) ParOldGen: 287994K(375296K)->288010K(375296K)
[398.502s][info][gc,metaspace   ] GC(724) Metaspace: 57396K(57664K)->57396K(57664K) NonClass: 51766K(51968K)->51766K(51968K) Class: 5629K(5696K)->5629K(5696K)
[398.502s][info][gc             ] GC(724) Pause Young (Allocation Failure) 461M->284M(542M) 4.903ms
[398.502s][info][gc,cpu         ] GC(724) User=0.01s Sys=0.00s Real=0.00s
[398.909s][info][gc,start       ] GC(725) Pause Young (Allocation Failure)
[398.912s][info][gc,heap        ] GC(725) PSYoungGen: 179001K(179712K)->1248K(171520K) Eden: 175866K(176128K)->0K(169984K) From: 3135K(3584K)->1248K(1536K)
[398.912s][info][gc,heap        ] GC(725) ParOldGen: 288010K(375296K)->288026K(375296K)
[398.912s][info][gc,metaspace   ] GC(725) Metaspace: 57396K(57664K)->57396K(57664K) NonClass: 51766K(51968K)->51766K(51968K) Class: 5629K(5696K)->5629K(5696K)
[398.912s][info][gc             ] GC(725) Pause Young (Allocation Failure) 456M->282M(534M) 2.894ms
[398.912s][info][gc,cpu         ] GC(725) User=0.00s Sys=0.00s Real=0.00s
[399.309s][info][gc,start       ] GC(726) Pause Young (Allocation Failure)
[399.312s][info][gc,heap        ] GC(726) PSYoungGen: 171232K(171520K)->1695K(166400K) Eden: 169984K(169984K)->0K(164352K) From: 1248K(1536K)->1695K(2048K)
[399.312s][info][gc,heap        ] GC(726) ParOldGen: 288026K(375296K)->288042K(375296K)
[399.312s][info][gc,metaspace   ] GC(726) Metaspace: 57396K(57664K)->57396K(57664K) NonClass: 51766K(51968K)->51766K(51968K) Class: 5629K(5696K)->5629K(5696K)
[399.312s][info][gc             ] GC(726) Pause Young (Allocation Failure) 448M->282M(529M) 3.140ms
[399.312s][info][gc,cpu         ] GC(726) User=0.00s Sys=0.00s Real=0.00s
[399.694s][info][gc,start       ] GC(727) Pause Young (Allocation Failure)
[399.698s][info][gc,heap        ] GC(727) PSYoungGen: 166047K(166400K)->2495K(161280K) Eden: 164352K(164352K)->0K(158720K) From: 1695K(2048K)->2495K(2560K)
[399.698s][info][gc,heap        ] GC(727) ParOldGen: 288042K(375296K)->288058K(375296K)
[399.698s][info][gc,metaspace   ] GC(727) Metaspace: 57396K(57664K)->57396K(57664K) NonClass: 51766K(51968K)->51766K(51968K) Class: 5629K(5696K)->5629K(5696K)
[399.698s][info][gc             ] GC(727) Pause Young (Allocation Failure) 443M->283M(524M) 4.071ms
[399.698s][info][gc,cpu         ] GC(727) User=0.01s Sys=0.00s Real=0.01s
[400.083s][info][gc,start       ] GC(728) Pause Young (Allocation Failure)
[400.088s][info][gc,heap        ] GC(728) PSYoungGen: 161215K(161280K)->2751K(156672K) Eden: 158720K(158720K)->0K(153600K) From: 2495K(2560K)->2751K(3072K)
[400.088s][info][gc,heap        ] GC(728) ParOldGen: 288058K(375296K)->288074K(375296K)
[400.088s][info][gc,metaspace   ] GC(728) Metaspace: 57396K(57664K)->57396K(57664K) NonClass: 51766K(51968K)->51766K(51968K) Class: 5629K(5696K)->5629K(5696K)
[400.088s][info][gc             ] GC(728) Pause Young (Allocation Failure) 438M->284M(519M) 4.301ms
[400.088s][info][gc,cpu         ] GC(728) User=0.01s Sys=0.00s Real=0.01s
[400.480s][info][gc,start       ] GC(729) Pause Young (Allocation Failure)
[400.482s][info][gc,heap        ] GC(729) PSYoungGen: 156351K(156672K)->681K(149504K) Eden: 153600K(153600K)->0K(148480K) From: 2751K(3072K)->681K(1024K)
[400.482s][info][gc,heap        ] GC(729) ParOldGen: 288074K(375296K)->288090K(375296K)
[400.482s][info][gc,metaspace   ] GC(729) Metaspace: 57396K(57664K)->57396K(57664K) NonClass: 51766K(51968K)->51766K(51968K) Class: 5629K(5696K)->5629K(5696K)
[400.482s][info][gc             ] GC(729) Pause Young (Allocation Failure) 434M->282M(512M) 2.284ms
[400.482s][info][gc,cpu         ] GC(729) User=0.01s Sys=0.00s Real=0.00s
[400.783s][info][gc,start       ] GC(730) Pause Young (Allocation Failure)
[400.788s][info][gc,heap        ] GC(730) PSYoungGen: 149161K(149504K)->2880K(146944K) Eden: 148480K(148480K)->0K(143872K) From: 681K(1024K)->2880K(3072K)
[400.788s][info][gc,heap        ] GC(730) ParOldGen: 288090K(375296K)->288106K(375296K)
[400.788s][info][gc,metaspace   ] GC(730) Metaspace: 57396K(57664K)->57396K(57664K) NonClass: 51766K(51968K)->51766K(51968K) Class: 5629K(5696K)->5629K(5696K)
[400.788s][info][gc             ] GC(730) Pause Young (Allocation Failure) 427M->284M(510M) 4.669ms
[400.788s][info][gc,cpu         ] GC(730) User=0.01s Sys=0.00s Real=0.01s
[401.113s][info][gc,start       ] GC(731) Pause Young (Allocation Failure)
[401.115s][info][gc,heap        ] GC(731) PSYoungGen: 146752K(146944K)->767K(140288K) Eden: 143872K(143872K)->0K(139264K) From: 2880K(3072K)->767K(1024K)
[401.115s][info][gc,heap        ] GC(731) ParOldGen: 288106K(375296K)->288122K(375296K)
[401.115s][info][gc,metaspace   ] GC(731) Metaspace: 57396K(57664K)->57396K(57664K) NonClass: 51766K(51968K)->51766K(51968K) Class: 5629K(5696K)->5629K(5696K)
[401.115s][info][gc             ] GC(731) Pause Young (Allocation Failure) 424M->282M(503M) 2.142ms
[401.115s][info][gc,cpu         ] GC(731) User=0.01s Sys=0.00s Real=0.00s
[401.480s][info][gc,start       ] GC(732) Pause Young (Allocation Failure)
[401.483s][info][gc,heap        ] GC(732) PSYoungGen: 140031K(140288K)->1983K(137216K) Eden: 139264K(139264K)->0K(135168K) From: 767K(1024K)->1983K(2048K)
[401.483s][info][gc,heap        ] GC(732) ParOldGen: 288122K(375296K)->288138K(375296K)
[401.483s][info][gc,metaspace   ] GC(732) Metaspace: 57396K(57664K)->57396K(57664K) NonClass: 51766K(51968K)->51766K(51968K) Class: 5629K(5696K)->5629K(5696K)
[401.483s][info][gc             ] GC(732) Pause Young (Allocation Failure) 418M->283M(500M) 3.286ms
[401.483s][info][gc,cpu         ] GC(732) User=0.01s Sys=0.00s Real=0.00s
[401.781s][info][gc,start       ] GC(733) Pause Young (Allocation Failure)
[401.786s][info][gc,heap        ] GC(733) PSYoungGen: 137151K(137216K)->2751K(164352K) Eden: 135168K(135168K)->0K(161280K) From: 1983K(2048K)->2751K(3072K)
[401.786s][info][gc,heap        ] GC(733) ParOldGen: 288138K(375296K)->288154K(375296K)
[401.786s][info][gc,metaspace   ] GC(733) Metaspace: 57396K(57664K)->57396K(57664K) NonClass: 51766K(51968K)->51766K(51968K) Class: 5629K(5696K)->5629K(5696K)
[401.786s][info][gc             ] GC(733) Pause Young (Allocation Failure) 415M->284M(527M) 4.291ms
[401.786s][info][gc,cpu         ] GC(733) User=0.01s Sys=0.00s Real=0.00s
[402.178s][info][gc,start       ] GC(734) Pause Young (Allocation Failure)
[402.182s][info][gc,heap        ] GC(734) PSYoungGen: 164031K(164352K)->1952K(158208K) Eden: 161280K(161280K)->0K(156160K) From: 2751K(3072K)->1952K(2048K)
[402.182s][info][gc,heap        ] GC(734) ParOldGen: 288154K(375296K)->288170K(375296K)
[402.182s][info][gc,metaspace   ] GC(734) Metaspace: 57396K(57664K)->57396K(57664K) NonClass: 51766K(51968K)->51766K(51968K) Class: 5629K(5696K)->5629K(5696K)
[402.182s][info][gc             ] GC(734) Pause Young (Allocation Failure) 441M->283M(521M) 3.800ms
[402.182s][info][gc,cpu         ] GC(734) User=0.01s Sys=0.00s Real=0.00s
[402.521s][info][gc,start       ] GC(735) Pause Young (Allocation Failure)
[402.522s][info][gc,heap        ] GC(735) PSYoungGen: 158111K(158208K)->64K(151552K) Eden: 156159K(156160K)->0K(151040K) From: 1952K(2048K)->64K(512K)
[402.522s][info][gc,heap        ] GC(735) ParOldGen: 288170K(375296K)->288186K(375296K)
[402.522s][info][gc,metaspace   ] GC(735) Metaspace: 57396K(57664K)->57396K(57664K) NonClass: 51766K(51968K)->51766K(51968K) Class: 5629K(5696K)->5629K(5696K)
[402.522s][info][gc             ] GC(735) Pause Young (Allocation Failure) 435M->281M(514M) 1.666ms
[402.522s][info][gc,cpu         ] GC(735) User=0.00s Sys=0.00s Real=0.00s
[402.892s][info][gc,start       ] GC(736) Pause Young (Allocation Failure)
[402.896s][info][gc,heap        ] GC(736) PSYoungGen: 151104K(151552K)->2719K(150016K) Eden: 151040K(151040K)->0K(145920K) From: 64K(512K)->2719K(4096K)
[402.896s][info][gc,heap        ] GC(736) ParOldGen: 288186K(375296K)->288202K(375296K)
[402.896s][info][gc,metaspace   ] GC(736) Metaspace: 57396K(57664K)->57396K(57664K) NonClass: 51766K(51968K)->51766K(51968K) Class: 5629K(5696K)->5629K(5696K)
[402.896s][info][gc             ] GC(736) Pause Young (Allocation Failure) 428M->284M(513M) 4.105ms
[402.896s][info][gc,cpu         ] GC(736) User=0.01s Sys=0.00s Real=0.00s
[403.267s][info][gc,start       ] GC(737) Pause Young (Allocation Failure)
[403.269s][info][gc,heap        ] GC(737) PSYoungGen: 148639K(150016K)->659K(142336K) Eden: 145920K(145920K)->0K(141312K) From: 2719K(4096K)->659K(1024K)
[403.269s][info][gc,heap        ] GC(737) ParOldGen: 288202K(375296K)->288218K(375296K)
[403.269s][info][gc,metaspace   ] GC(737) Metaspace: 57396K(57664K)->57396K(57664K) NonClass: 51766K(51968K)->51766K(51968K) Class: 5629K(5696K)->5629K(5696K)
[403.269s][info][gc             ] GC(737) Pause Young (Allocation Failure) 426M->282M(505M) 2.218ms
[403.269s][info][gc,cpu         ] GC(737) User=0.01s Sys=0.00s Real=0.00s
[403.580s][info][gc,start       ] GC(738) Pause Young (Allocation Failure)
[403.584s][info][gc,heap        ] GC(738) PSYoungGen: 141971K(142336K)->2176K(139264K) Eden: 141312K(141312K)->0K(136704K) From: 659K(1024K)->2176K(2560K)
[403.584s][info][gc,heap        ] GC(738) ParOldGen: 288218K(375296K)->288234K(375296K)
[403.584s][info][gc,metaspace   ] GC(738) Metaspace: 57396K(57664K)->57396K(57664K) NonClass: 51766K(51968K)->51766K(51968K) Class: 5629K(5696K)->5629K(5696K)
[403.584s][info][gc             ] GC(738) Pause Young (Allocation Failure) 420M->283M(502M) 4.051ms
[403.584s][info][gc,cpu         ] GC(738) User=0.01s Sys=0.00s Real=0.00s
[403.895s][info][gc,start       ] GC(739) Pause Young (Allocation Failure)
[403.901s][info][gc,heap        ] GC(739) PSYoungGen: 138880K(139264K)->3295K(166912K) Eden: 136704K(136704K)->0K(163328K) From: 2176K(2560K)->3295K(3584K)
[403.901s][info][gc,heap        ] GC(739) ParOldGen: 288234K(375296K)->288250K(375296K)
[403.901s][info][gc,metaspace   ] GC(739) Metaspace: 57396K(57664K)->57396K(57664K) NonClass: 51766K(51968K)->51766K(51968K) Class: 5629K(5696K)->5629K(5696K)
[403.901s][info][gc             ] GC(739) Pause Young (Allocation Failure) 417M->284M(529M) 6.576ms
[403.901s][info][gc,cpu         ] GC(739) User=0.01s Sys=0.01s Real=0.01s
[404.287s][info][gc,start       ] GC(740) Pause Young (Allocation Failure)
[404.291s][info][gc,heap        ] GC(740) PSYoungGen: 166623K(166912K)->2400K(197120K) Eden: 163328K(163328K)->0K(194560K) From: 3295K(3584K)->2400K(2560K)
[404.291s][info][gc,heap        ] GC(740) ParOldGen: 288250K(375296K)->288266K(375296K)
[404.291s][info][gc,metaspace   ] GC(740) Metaspace: 57396K(57664K)->57396K(57664K) NonClass: 51766K(51968K)->51766K(51968K) Class: 5629K(5696K)->5629K(5696K)
[404.291s][info][gc             ] GC(740) Pause Young (Allocation Failure) 444M->283M(559M) 4.254ms
[404.291s][info][gc,cpu         ] GC(740) User=0.01s Sys=0.00s Real=0.00s
[404.768s][info][gc,start       ] GC(741) Pause Young (Allocation Failure)
[404.771s][info][gc,heap        ] GC(741) PSYoungGen: 196960K(197120K)->849K(232448K) Eden: 194560K(194560K)->0K(231424K) From: 2400K(2560K)->849K(1024K)
[404.771s][info][gc,heap        ] GC(741) ParOldGen: 288266K(375296K)->288282K(375296K)
[404.771s][info][gc,metaspace   ] GC(741) Metaspace: 57396K(57664K)->57396K(57664K) NonClass: 51766K(51968K)->51766K(51968K) Class: 5629K(5696K)->5629K(5696K)
[404.771s][info][gc             ] GC(741) Pause Young (Allocation Failure) 473M->282M(593M) 2.458ms
[404.771s][info][gc,cpu         ] GC(741) User=0.00s Sys=0.00s Real=0.00s
[405.288s][info][gc,start       ] GC(742) Pause Young (Allocation Failure)
[405.293s][info][gc,heap        ] GC(742) PSYoungGen: 232273K(232448K)->2815K(225792K) Eden: 231424K(231424K)->0K(222720K) From: 849K(1024K)->2815K(3072K)
[405.293s][info][gc,heap        ] GC(742) ParOldGen: 288282K(375296K)->288298K(375296K)
[405.293s][info][gc,metaspace   ] GC(742) Metaspace: 57396K(57664K)->57396K(57664K) NonClass: 51766K(51968K)->51766K(51968K) Class: 5629K(5696K)->5629K(5696K)
[405.293s][info][gc             ] GC(742) Pause Young (Allocation Failure) 508M->284M(587M) 4.914ms
[405.293s][info][gc,cpu         ] GC(742) User=0.01s Sys=0.01s Real=0.00s
[405.863s][info][gc,start       ] GC(743) Pause Young (Allocation Failure)
[405.866s][info][gc,heap        ] GC(743) PSYoungGen: 225423K(225792K)->1280K(216064K) Eden: 222608K(222720K)->0K(214528K) From: 2815K(3072K)->1280K(1536K)
[405.866s][info][gc,heap        ] GC(743) ParOldGen: 288298K(375296K)->288314K(375296K)
[405.866s][info][gc,metaspace   ] GC(743) Metaspace: 57396K(57664K)->57396K(57664K) NonClass: 51766K(51968K)->51766K(51968K) Class: 5629K(5696K)->5629K(5696K)
[405.866s][info][gc             ] GC(743) Pause Young (Allocation Failure) 501M->282M(577M) 3.093ms
[405.866s][info][gc,cpu         ] GC(743) User=0.00s Sys=0.00s Real=0.00s
[406.311s][info][gc,start       ] GC(744) Pause Young (Allocation Failure)
[406.313s][info][gc,heap        ] GC(744) PSYoungGen: 215712K(216064K)->544K(207872K) Eden: 214432K(214528K)->0K(206848K) From: 1280K(1536K)->544K(1024K)
[406.313s][info][gc,heap        ] GC(744) ParOldGen: 288314K(375296K)->288330K(375296K)
[406.313s][info][gc,metaspace   ] GC(744) Metaspace: 57396K(57664K)->57396K(57664K) NonClass: 51766K(51968K)->51766K(51968K) Class: 5629K(5696K)->5629K(5696K)
[406.313s][info][gc             ] GC(744) Pause Young (Allocation Failure) 492M->282M(569M) 2.157ms
[406.313s][info][gc,cpu         ] GC(744) User=0.00s Sys=0.00s Real=0.00s
[406.854s][info][gc,start       ] GC(745) Pause Young (Allocation Failure)
[406.863s][info][gc,heap        ] GC(745) PSYoungGen: 207392K(207872K)->2655K(202240K) Eden: 206848K(206848K)->0K(199168K) From: 544K(1024K)->2655K(3072K)
[406.863s][info][gc,heap        ] GC(745) ParOldGen: 288330K(375296K)->288346K(375296K)
[406.863s][info][gc,metaspace   ] GC(745) Metaspace: 57396K(57664K)->57396K(57664K) NonClass: 51766K(51968K)->51766K(51968K) Class: 5629K(5696K)->5629K(5696K)
[406.863s][info][gc             ] GC(745) Pause Young (Allocation Failure) 484M->284M(564M) 8.878ms
[406.863s][info][gc,cpu         ] GC(745) User=0.01s Sys=0.00s Real=0.01s
[407.283s][info][gc,start       ] GC(746) Pause Young (Allocation Failure)
[407.289s][info][gc,heap        ] GC(746) PSYoungGen: 201603K(202240K)->1952K(239104K) Eden: 198948K(199168K)->0K(237056K) From: 2655K(3072K)->1952K(2048K)
[407.289s][info][gc,heap        ] GC(746) ParOldGen: 288346K(375296K)->288362K(375296K)
[407.289s][info][gc,metaspace   ] GC(746) Metaspace: 57396K(57664K)->57396K(57664K) NonClass: 51766K(51968K)->51766K(51968K) Class: 5629K(5696K)->5629K(5696K)
[407.289s][info][gc             ] GC(746) Pause Young (Allocation Failure) 478M->283M(600M) 5.922ms
[407.289s][info][gc,cpu         ] GC(746) User=0.00s Sys=0.00s Real=0.01s
[407.831s][info][gc,start       ] GC(747) Pause Young (Allocation Failure)
[407.846s][info][gc,heap        ] GC(747) PSYoungGen: 239008K(239104K)->895K(265728K) Eden: 237056K(237056K)->0K(261632K) From: 1952K(2048K)->895K(4096K)
[407.846s][info][gc,heap        ] GC(747) ParOldGen: 288362K(375296K)->288378K(375296K)
[407.846s][info][gc,metaspace   ] GC(747) Metaspace: 57396K(57664K)->57396K(57664K) NonClass: 51766K(51968K)->51766K(51968K) Class: 5629K(5696K)->5629K(5696K)
[407.846s][info][gc             ] GC(747) Pause Young (Allocation Failure) 515M->282M(626M) 14.730ms
[407.846s][info][gc,cpu         ] GC(747) User=0.01s Sys=0.00s Real=0.01s
[408.469s][info][gc,start       ] GC(748) Pause Young (Allocation Failure)
[408.472s][info][gc,heap        ] GC(748) PSYoungGen: 262527K(265728K)->809K(265728K) Eden: 261632K(261632K)->0K(261632K) From: 895K(4096K)->809K(4096K)
[408.472s][info][gc,heap        ] GC(748) ParOldGen: 288378K(375296K)->288394K(375296K)
[408.472s][info][gc,metaspace   ] GC(748) Metaspace: 57396K(57664K)->57396K(57664K) NonClass: 51766K(51968K)->51766K(51968K) Class: 5629K(5696K)->5629K(5696K)
[408.472s][info][gc             ] GC(748) Pause Young (Allocation Failure) 537M->282M(626M) 2.487ms
[408.472s][info][gc,cpu         ] GC(748) User=0.00s Sys=0.00s Real=0.00s
[409.080s][info][gc,start       ] GC(749) Pause Young (Allocation Failure)
[409.084s][info][gc,heap        ] GC(749) PSYoungGen: 262441K(265728K)->1888K(315392K) Eden: 261632K(261632K)->0K(311808K) From: 809K(4096K)->1888K(3584K)
[409.084s][info][gc,heap        ] GC(749) ParOldGen: 288394K(375296K)->288410K(375296K)
[409.084s][info][gc,metaspace   ] GC(749) Metaspace: 57396K(57664K)->57396K(57664K) NonClass: 51766K(51968K)->51766K(51968K) Class: 5629K(5696K)->5629K(5696K)
[409.084s][info][gc             ] GC(749) Pause Young (Allocation Failure) 537M->283M(674M) 4.292ms
[409.084s][info][gc,cpu         ] GC(749) User=0.00s Sys=0.00s Real=0.00s
[409.847s][info][gc,start       ] GC(750) Pause Young (Allocation Failure)
[409.852s][info][gc,heap        ] GC(750) PSYoungGen: 313696K(315392K)->2015K(301568K) Eden: 311808K(311808K)->0K(299520K) From: 1888K(3584K)->2015K(2048K)
[409.852s][info][gc,heap        ] GC(750) ParOldGen: 288410K(375296K)->288426K(375296K)
[409.852s][info][gc,metaspace   ] GC(750) Metaspace: 57399K(57664K)->57399K(57664K) NonClass: 51770K(51968K)->51770K(51968K) Class: 5629K(5696K)->5629K(5696K)
[409.852s][info][gc             ] GC(750) Pause Young (Allocation Failure) 587M->283M(661M) 4.344ms
[409.852s][info][gc,cpu         ] GC(750) User=0.00s Sys=0.00s Real=0.00s
[410.506s][info][gc,start       ] GC(751) Pause Young (Allocation Failure)
[410.508s][info][gc,heap        ] GC(751) PSYoungGen: 301300K(301568K)->512K(288256K) Eden: 299285K(299520K)->0K(287744K) From: 2015K(2048K)->512K(512K)
[410.508s][info][gc,heap        ] GC(751) ParOldGen: 288426K(375296K)->288450K(375296K)
[410.508s][info][gc,metaspace   ] GC(751) Metaspace: 57399K(57664K)->57399K(57664K) NonClass: 51770K(51968K)->51770K(51968K) Class: 5629K(5696K)->5629K(5696K)
[410.508s][info][gc             ] GC(751) Pause Young (Allocation Failure) 575M->282M(648M) 2.487ms
[410.508s][info][gc,cpu         ] GC(751) User=0.01s Sys=0.00s Real=0.01s
[411.370s][info][gc,start       ] GC(752) Pause Young (Allocation Failure)
[411.378s][info][gc,heap        ] GC(752) PSYoungGen: 288256K(288256K)->2111K(280576K) Eden: 287744K(287744K)->0K(276480K) From: 512K(512K)->2111K(4096K)
[411.378s][info][gc,heap        ] GC(752) ParOldGen: 288450K(375296K)->288466K(375296K)
[411.378s][info][gc,metaspace   ] GC(752) Metaspace: 57399K(57664K)->57399K(57664K) NonClass: 51770K(51968K)->51770K(51968K) Class: 5629K(5696K)->5629K(5696K)
[411.378s][info][gc             ] GC(752) Pause Young (Allocation Failure) 563M->283M(640M) 7.328ms
[411.378s][info][gc,cpu         ] GC(752) User=0.00s Sys=0.00s Real=0.01s
[411.978s][info][gc,start       ] GC(753) Pause Young (Allocation Failure)
[411.983s][info][gc,heap        ] GC(753) PSYoungGen: 278591K(280576K)->2271K(268288K) Eden: 276480K(276480K)->0K(265728K) From: 2111K(4096K)->2271K(2560K)
[411.983s][info][gc,heap        ] GC(753) ParOldGen: 288466K(375296K)->288482K(375296K)
[411.983s][info][gc,metaspace   ] GC(753) Metaspace: 57399K(57664K)->57399K(57664K) NonClass: 51770K(51968K)->51770K(51968K) Class: 5629K(5696K)->5629K(5696K)
[411.983s][info][gc             ] GC(753) Pause Young (Allocation Failure) 553M->283M(628M) 4.983ms
[411.983s][info][gc,cpu         ] GC(753) User=0.00s Sys=0.00s Real=0.00s
[412.592s][info][gc,start       ] GC(754) Pause Young (Allocation Failure)
[412.597s][info][gc,heap        ] GC(754) PSYoungGen: 267999K(268288K)->2528K(258048K) Eden: 265728K(265728K)->0K(255488K) From: 2271K(2560K)->2528K(2560K)
[412.597s][info][gc,heap        ] GC(754) ParOldGen: 288482K(375296K)->288498K(375296K)
[412.597s][info][gc,metaspace   ] GC(754) Metaspace: 57399K(57664K)->57399K(57664K) NonClass: 51770K(51968K)->51770K(51968K) Class: 5629K(5696K)->5629K(5696K)
[412.597s][info][gc             ] GC(754) Pause Young (Allocation Failure) 543M->284M(618M) 4.569ms
[412.597s][info][gc,cpu         ] GC(754) User=0.01s Sys=0.00s Real=0.01s
[413.193s][info][gc,start       ] GC(755) Pause Young (Allocation Failure)
[413.198s][info][gc,heap        ] GC(755) PSYoungGen: 258016K(258048K)->3039K(248832K) Eden: 255488K(255488K)->0K(245760K) From: 2528K(2560K)->3039K(3072K)
[413.198s][info][gc,heap        ] GC(755) ParOldGen: 288498K(375296K)->288514K(375296K)
[413.198s][info][gc,metaspace   ] GC(755) Metaspace: 57399K(57664K)->57399K(57664K) NonClass: 51770K(51968K)->51770K(51968K) Class: 5629K(5696K)->5629K(5696K)
[413.198s][info][gc             ] GC(755) Pause Young (Allocation Failure) 533M->284M(609M) 4.833ms
[413.198s][info][gc,cpu         ] GC(755) User=0.00s Sys=0.00s Real=0.01s
[413.819s][info][gc,start       ] GC(756) Pause Young (Allocation Failure)
[413.823s][info][gc,heap        ] GC(756) PSYoungGen: 248799K(248832K)->2655K(239616K) Eden: 245760K(245760K)->0K(236544K) From: 3039K(3072K)->2655K(3072K)
[413.824s][info][gc,heap        ] GC(756) ParOldGen: 288514K(375296K)->288530K(375296K)
[413.824s][info][gc,metaspace   ] GC(756) Metaspace: 57399K(57664K)->57399K(57664K) NonClass: 51770K(51968K)->51770K(51968K) Class: 5629K(5696K)->5629K(5696K)
[413.824s][info][gc             ] GC(756) Pause Young (Allocation Failure) 524M->284M(600M) 4.463ms
[413.824s][info][gc,cpu         ] GC(756) User=0.01s Sys=0.00s Real=0.00s
[414.370s][info][gc,start       ] GC(757) Pause Young (Allocation Failure)
[414.373s][info][gc,heap        ] GC(757) PSYoungGen: 239199K(239616K)->1054K(229376K) Eden: 236544K(236544K)->0K(227840K) From: 2655K(3072K)->1054K(1536K)
[414.373s][info][gc,heap        ] GC(757) ParOldGen: 288530K(375296K)->288546K(375296K)
[414.373s][info][gc,metaspace   ] GC(757) Metaspace: 57399K(57664K)->57399K(57664K) NonClass: 51770K(51968K)->51770K(51968K) Class: 5629K(5696K)->5629K(5696K)
[414.373s][info][gc             ] GC(757) Pause Young (Allocation Failure) 515M->282M(590M) 2.764ms
[414.373s][info][gc,cpu         ] GC(757) User=0.00s Sys=0.00s Real=0.00s
[414.884s][info][gc,start       ] GC(758) Pause Young (Allocation Failure)
[414.889s][info][gc,heap        ] GC(758) PSYoungGen: 228894K(229376K)->2464K(222208K) Eden: 227840K(227840K)->0K(219648K) From: 1054K(1536K)->2464K(2560K)
[414.889s][info][gc,heap        ] GC(758) ParOldGen: 288546K(375296K)->288562K(375296K)
[414.889s][info][gc,metaspace   ] GC(758) Metaspace: 57399K(57664K)->57399K(57664K) NonClass: 51770K(51968K)->51770K(51968K) Class: 5629K(5696K)->5629K(5696K)
[414.889s][info][gc             ] GC(758) Pause Young (Allocation Failure) 505M->284M(583M) 4.373ms
[414.889s][info][gc,cpu         ] GC(758) User=0.01s Sys=0.00s Real=0.01s
[415.391s][info][gc,start       ] GC(759) Pause Young (Allocation Failure)
[415.395s][info][gc,heap        ] GC(759) PSYoungGen: 222112K(222208K)->3327K(215040K) Eden: 219648K(219648K)->0K(211456K) From: 2464K(2560K)->3327K(3584K)
[415.395s][info][gc,heap        ] GC(759) ParOldGen: 288562K(375296K)->288578K(375296K)
[415.396s][info][gc,metaspace   ] GC(759) Metaspace: 57399K(57664K)->57399K(57664K) NonClass: 51770K(51968K)->51770K(51968K) Class: 5629K(5696K)->5629K(5696K)
[415.396s][info][gc             ] GC(759) Pause Young (Allocation Failure) 498M->285M(576M) 4.925ms
[415.396s][info][gc,cpu         ] GC(759) User=0.01s Sys=0.00s Real=0.00s
[415.896s][info][gc,start       ] GC(760) Pause Young (Allocation Failure)
[415.901s][info][gc,heap        ] GC(760) PSYoungGen: 214783K(215040K)->3072K(206848K) Eden: 211456K(211456K)->0K(203776K) From: 3327K(3584K)->3072K(3072K)
[415.901s][info][gc,heap        ] GC(760) ParOldGen: 288578K(375296K)->288594K(375296K)
[415.901s][info][gc,metaspace   ] GC(760) Metaspace: 57399K(57664K)->57399K(57664K) NonClass: 51770K(51968K)->51770K(51968K) Class: 5629K(5696K)->5629K(5696K)
[415.901s][info][gc             ] GC(760) Pause Young (Allocation Failure) 491M->284M(568M) 5.341ms
[415.901s][info][gc,cpu         ] GC(760) User=0.01s Sys=0.00s Real=0.01s
[416.384s][info][gc,start       ] GC(761) Pause Young (Allocation Failure)
[416.390s][info][gc,heap        ] GC(761) PSYoungGen: 206848K(206848K)->2623K(199680K) Eden: 203776K(203776K)->0K(196608K) From: 3072K(3072K)->2623K(3072K)
[416.390s][info][gc,heap        ] GC(761) ParOldGen: 288594K(375296K)->288610K(375296K)
[416.390s][info][gc,metaspace   ] GC(761) Metaspace: 57399K(57664K)->57399K(57664K) NonClass: 51770K(51968K)->51770K(51968K) Class: 5629K(5696K)->5629K(5696K)
[416.390s][info][gc             ] GC(761) Pause Young (Allocation Failure) 483M->284M(561M) 5.367ms
[416.390s][info][gc,cpu         ] GC(761) User=0.01s Sys=0.00s Real=0.01s
[416.866s][info][gc,start       ] GC(762) Pause Young (Allocation Failure)
[416.868s][info][gc,heap        ] GC(762) PSYoungGen: 199231K(199680K)->352K(189952K) Eden: 196608K(196608K)->0K(189440K) From: 2623K(3072K)->352K(512K)
[416.868s][info][gc,heap        ] GC(762) ParOldGen: 288610K(375296K)->288626K(375296K)
[416.868s][info][gc,metaspace   ] GC(762) Metaspace: 57399K(57664K)->57399K(57664K) NonClass: 51770K(51968K)->51770K(51968K) Class: 5629K(5696K)->5629K(5696K)
[416.868s][info][gc             ] GC(762) Pause Young (Allocation Failure) 476M->282M(552M) 2.051ms
[416.868s][info][gc,cpu         ] GC(762) User=0.00s Sys=0.00s Real=0.01s
[417.286s][info][gc,start       ] GC(763) Pause Young (Allocation Failure)
[417.290s][info][gc,heap        ] GC(763) PSYoungGen: 189792K(189952K)->2655K(185856K) Eden: 189440K(189440K)->0K(182784K) From: 352K(512K)->2655K(3072K)
[417.290s][info][gc,heap        ] GC(763) ParOldGen: 288626K(375296K)->288642K(375296K)
[417.290s][info][gc,metaspace   ] GC(763) Metaspace: 57399K(57664K)->57399K(57664K) NonClass: 51770K(51968K)->51770K(51968K) Class: 5629K(5696K)->5629K(5696K)
[417.291s][info][gc             ] GC(763) Pause Young (Allocation Failure) 467M->284M(548M) 4.262ms
[417.291s][info][gc,cpu         ] GC(763) User=0.00s Sys=0.00s Real=0.00s
[417.711s][info][gc,start       ] GC(764) Pause Young (Allocation Failure)
[417.725s][info][gc,heap        ] GC(764) PSYoungGen: 185439K(185856K)->2303K(221184K) Eden: 182784K(182784K)->0K(218624K) From: 2655K(3072K)->2303K(2560K)
[417.726s][info][gc,heap        ] GC(764) ParOldGen: 288642K(375296K)->288658K(375296K)
[417.726s][info][gc,metaspace   ] GC(764) Metaspace: 57399K(57664K)->57399K(57664K) NonClass: 51770K(51968K)->51770K(51968K) Class: 5629K(5696K)->5629K(5696K)
[417.726s][info][gc             ] GC(764) Pause Young (Allocation Failure) 462M->284M(582M) 15.007ms
[417.726s][info][gc,cpu         ] GC(764) User=0.01s Sys=0.00s Real=0.01s
[418.204s][info][gc,start       ] GC(765) Pause Young (Allocation Failure)
[418.206s][info][gc,heap        ] GC(765) PSYoungGen: 220754K(221184K)->896K(262144K) Eden: 218451K(218624K)->0K(261120K) From: 2303K(2560K)->896K(1024K)
[418.206s][info][gc,heap        ] GC(765) ParOldGen: 288658K(375296K)->288674K(375296K)
[418.206s][info][gc,metaspace   ] GC(765) Metaspace: 57399K(57664K)->57399K(57664K) NonClass: 51770K(51968K)->51770K(51968K) Class: 5629K(5696K)->5629K(5696K)
[418.206s][info][gc             ] GC(765) Pause Young (Allocation Failure) 497M->282M(622M) 2.722ms
[418.206s][info][gc,cpu         ] GC(765) User=0.01s Sys=0.00s Real=0.01s
[418.887s][info][gc,start       ] GC(766) Pause Young (Allocation Failure)
[418.890s][info][gc,heap        ] GC(766) PSYoungGen: 262016K(262144K)->1033K(287744K) Eden: 261120K(261120K)->0K(283136K) From: 896K(1024K)->1033K(4608K)
[418.890s][info][gc,heap        ] GC(766) ParOldGen: 288674K(375296K)->288690K(375296K)
[418.890s][info][gc,metaspace   ] GC(766) Metaspace: 57399K(57664K)->57399K(57664K) NonClass: 51770K(51968K)->51770K(51968K) Class: 5629K(5696K)->5629K(5696K)
[418.890s][info][gc             ] GC(766) Pause Young (Allocation Failure) 537M->282M(647M) 2.644ms
[418.890s][info][gc,cpu         ] GC(766) User=0.01s Sys=0.00s Real=0.00s
[419.501s][info][gc,start       ] GC(767) Pause Young (Allocation Failure)
[419.509s][info][gc,heap        ] GC(767) PSYoungGen: 284077K(287744K)->1823K(315904K) Eden: 283043K(283136K)->0K(311296K) From: 1033K(4608K)->1823K(4608K)
[419.509s][info][gc,heap        ] GC(767) ParOldGen: 288690K(375296K)->288706K(375296K)
[419.509s][info][gc,metaspace   ] GC(767) Metaspace: 57399K(57664K)->57399K(57664K) NonClass: 51770K(51968K)->51770K(51968K) Class: 5629K(5696K)->5629K(5696K)
[419.510s][info][gc             ] GC(767) Pause Young (Allocation Failure) 559M->283M(675M) 8.226ms
[419.510s][info][gc,cpu         ] GC(767) User=0.01s Sys=0.00s Real=0.01s
[420.279s][info][gc,start       ] GC(768) Pause Young (Allocation Failure)
[420.283s][info][gc,heap        ] GC(768) PSYoungGen: 313119K(315904K)->1311K(300544K) Eden: 311296K(311296K)->0K(299008K) From: 1823K(4608K)->1311K(1536K)
[420.283s][info][gc,heap        ] GC(768) ParOldGen: 288706K(375296K)->288730K(375296K)
[420.283s][info][gc,metaspace   ] GC(768) Metaspace: 57399K(57664K)->57399K(57664K) NonClass: 51770K(51968K)->51770K(51968K) Class: 5629K(5696K)->5629K(5696K)
[420.283s][info][gc             ] GC(768) Pause Young (Allocation Failure) 587M->283M(660M) 3.334ms
[420.283s][info][gc,cpu         ] GC(768) User=0.00s Sys=0.00s Real=0.00s
[420.978s][info][gc,start       ] GC(769) Pause Young (Allocation Failure)
[420.982s][info][gc,heap        ] GC(769) PSYoungGen: 300319K(300544K)->1919K(289280K) Eden: 299008K(299008K)->0K(287232K) From: 1311K(1536K)->1919K(2048K)
[420.982s][info][gc,heap        ] GC(769) ParOldGen: 288730K(375296K)->288746K(375296K)
[420.982s][info][gc,metaspace   ] GC(769) Metaspace: 57399K(57664K)->57399K(57664K) NonClass: 51770K(51968K)->51770K(51968K) Class: 5629K(5696K)->5629K(5696K)
[420.982s][info][gc             ] GC(769) Pause Young (Allocation Failure) 575M->283M(649M) 4.001ms
[420.982s][info][gc,cpu         ] GC(769) User=0.01s Sys=0.01s Real=0.00s
[421.668s][info][gc,start       ] GC(770) Pause Young (Allocation Failure)
[421.670s][info][gc,heap        ] GC(770) PSYoungGen: 289151K(289280K)->756K(276992K) Eden: 287232K(287232K)->0K(275968K) From: 1919K(2048K)->756K(1024K)
[421.670s][info][gc,heap        ] GC(770) ParOldGen: 288746K(375296K)->288770K(375296K)
[421.670s][info][gc,metaspace   ] GC(770) Metaspace: 57399K(57664K)->57399K(57664K) NonClass: 51770K(51968K)->51770K(51968K) Class: 5629K(5696K)->5629K(5696K)
[421.670s][info][gc             ] GC(770) Pause Young (Allocation Failure) 564M->282M(637M) 2.333ms
[421.670s][info][gc,cpu         ] GC(770) User=0.01s Sys=0.00s Real=0.00s
[422.295s][info][gc,start       ] GC(771) Pause Young (Allocation Failure)
[422.301s][info][gc,heap        ] GC(771) PSYoungGen: 276652K(276992K)->2976K(268288K) Eden: 275896K(275968K)->0K(265216K) From: 756K(1024K)->2976K(3072K)
[422.301s][info][gc,heap        ] GC(771) ParOldGen: 288770K(375296K)->288786K(375296K)
[422.301s][info][gc,metaspace   ] GC(771) Metaspace: 57399K(57664K)->57399K(57664K) NonClass: 51770K(51968K)->51770K(51968K) Class: 5629K(5696K)->5629K(5696K)
[422.301s][info][gc             ] GC(771) Pause Young (Allocation Failure) 552M->284M(628M) 6.502ms
[422.301s][info][gc,cpu         ] GC(771) User=0.01s Sys=0.00s Real=0.01s
[422.904s][info][gc,start       ] GC(772) Pause Young (Allocation Failure)
[422.907s][info][gc,heap        ] GC(772) PSYoungGen: 268192K(268288K)->1599K(257024K) Eden: 265216K(265216K)->0K(254976K) From: 2976K(3072K)->1599K(2048K)
[422.907s][info][gc,heap        ] GC(772) ParOldGen: 288786K(375296K)->288802K(375296K)
[422.907s][info][gc,metaspace   ] GC(772) Metaspace: 57399K(57664K)->57399K(57664K) NonClass: 51770K(51968K)->51770K(51968K) Class: 5629K(5696K)->5629K(5696K)
[422.907s][info][gc             ] GC(772) Pause Young (Allocation Failure) 543M->283M(617M) 3.309ms
[422.907s][info][gc,cpu         ] GC(772) User=0.01s Sys=0.00s Real=0.01s
[423.511s][info][gc,start       ] GC(773) Pause Young (Allocation Failure)
[423.513s][info][gc,heap        ] GC(773) PSYoungGen: 256575K(257024K)->863K(246272K) Eden: 254976K(254976K)->0K(245248K) From: 1599K(2048K)->863K(1024K)
[423.513s][info][gc,heap        ] GC(773) ParOldGen: 288802K(375296K)->288818K(375296K)
[423.513s][info][gc,metaspace   ] GC(773) Metaspace: 57399K(57664K)->57399K(57664K) NonClass: 51770K(51968K)->51770K(51968K) Class: 5629K(5696K)->5629K(5696K)
[423.513s][info][gc             ] GC(773) Pause Young (Allocation Failure) 532M->282M(607M) 2.362ms
[423.513s][info][gc,cpu         ] GC(773) User=0.00s Sys=0.00s Real=0.00s
[424.108s][info][gc,start       ] GC(774) Pause Young (Allocation Failure)
[424.117s][info][gc,heap        ] GC(774) PSYoungGen: 245840K(246272K)->2111K(238592K) Eden: 244977K(245248K)->0K(236032K) From: 863K(1024K)->2111K(2560K)
[424.117s][info][gc,heap        ] GC(774) ParOldGen: 288818K(375296K)->288834K(375296K)
[424.117s][info][gc,metaspace   ] GC(774) Metaspace: 57401K(57664K)->57401K(57664K) NonClass: 51771K(51968K)->51771K(51968K) Class: 5629K(5696K)->5629K(5696K)
[424.118s][info][gc             ] GC(774) Pause Young (Allocation Failure) 522M->284M(599M) 9.825ms
[424.118s][info][gc,cpu         ] GC(774) User=0.01s Sys=0.00s Real=0.01s
[424.684s][info][gc,start       ] GC(775) Pause Young (Allocation Failure)
[424.688s][info][gc,heap        ] GC(775) PSYoungGen: 238143K(238592K)->2367K(229888K) Eden: 236032K(236032K)->0K(227328K) From: 2111K(2560K)->2367K(2560K)
[424.688s][info][gc,heap        ] GC(775) ParOldGen: 288834K(375296K)->288850K(375296K)
[424.688s][info][gc,metaspace   ] GC(775) Metaspace: 57401K(57664K)->57401K(57664K) NonClass: 51771K(51968K)->51771K(51968K) Class: 5629K(5696K)->5629K(5696K)
[424.688s][info][gc             ] GC(775) Pause Young (Allocation Failure) 514M->284M(591M) 4.341ms
[424.688s][info][gc,cpu         ] GC(775) User=0.01s Sys=0.00s Real=0.01s
[425.196s][info][gc,start       ] GC(776) Pause Young (Allocation Failure)
[425.201s][info][gc,heap        ] GC(776) PSYoungGen: 229695K(229888K)->2432K(221696K) Eden: 227328K(227328K)->0K(219136K) From: 2367K(2560K)->2432K(2560K)
[425.201s][info][gc,heap        ] GC(776) ParOldGen: 288850K(375296K)->288866K(375296K)
[425.201s][info][gc,metaspace   ] GC(776) Metaspace: 57401K(57664K)->57401K(57664K) NonClass: 51771K(51968K)->51771K(51968K) Class: 5629K(5696K)->5629K(5696K)
[425.201s][info][gc             ] GC(776) Pause Young (Allocation Failure) 506M->284M(583M) 4.397ms
[425.201s][info][gc,cpu         ] GC(776) User=0.01s Sys=0.00s Real=0.00s
[425.704s][info][gc,start       ] GC(777) Pause Young (Allocation Failure)
[425.707s][info][gc,heap        ] GC(777) PSYoungGen: 221568K(221696K)->1375K(212480K) Eden: 219136K(219136K)->0K(210944K) From: 2432K(2560K)->1375K(1536K)
[425.707s][info][gc,heap        ] GC(777) ParOldGen: 288866K(375296K)->288882K(375296K)
[425.707s][info][gc,metaspace   ] GC(777) Metaspace: 57401K(57664K)->57401K(57664K) NonClass: 51771K(51968K)->51771K(51968K) Class: 5629K(5696K)->5629K(5696K)
[425.707s][info][gc             ] GC(777) Pause Young (Allocation Failure) 498M->283M(574M) 2.811ms
[425.707s][info][gc,cpu         ] GC(777) User=0.00s Sys=0.00s Real=0.01s
[426.309s][info][gc,start       ] GC(778) Pause Young (Allocation Failure)
[426.315s][info][gc,heap        ] GC(778) PSYoungGen: 212319K(212480K)->1983K(205312K) Eden: 210944K(210944K)->0K(203264K) From: 1375K(1536K)->1983K(2048K)
[426.315s][info][gc,heap        ] GC(778) ParOldGen: 288882K(375296K)->288898K(375296K)
[426.315s][info][gc,metaspace   ] GC(778) Metaspace: 57401K(57664K)->57401K(57664K) NonClass: 51771K(51968K)->51771K(51968K) Class: 5629K(5696K)->5629K(5696K)
[426.315s][info][gc             ] GC(778) Pause Young (Allocation Failure) 489M->284M(567M) 6.198ms
[426.315s][info][gc,cpu         ] GC(778) User=0.00s Sys=0.00s Real=0.00s
[426.684s][info][gc,start       ] GC(779) Pause Young (Allocation Failure)
[426.689s][info][gc,heap        ] GC(779) PSYoungGen: 205247K(205312K)->3519K(199680K) Eden: 203264K(203264K)->0K(196096K) From: 1983K(2048K)->3519K(3584K)
[426.689s][info][gc,heap        ] GC(779) ParOldGen: 288898K(375296K)->288914K(375296K)
[426.689s][info][gc,metaspace   ] GC(779) Metaspace: 57401K(57664K)->57401K(57664K) NonClass: 51771K(51968K)->51771K(51968K) Class: 5629K(5696K)->5629K(5696K)
[426.689s][info][gc             ] GC(779) Pause Young (Allocation Failure) 482M->285M(561M) 5.024ms
[426.689s][info][gc,cpu         ] GC(779) User=0.01s Sys=0.00s Real=0.01s
[427.184s][info][gc,start       ] GC(780) Pause Young (Allocation Failure)
[427.186s][info][gc,heap        ] GC(780) PSYoungGen: 199615K(199680K)->1280K(190464K) Eden: 196096K(196096K)->0K(188928K) From: 3519K(3584K)->1280K(1536K)
[427.186s][info][gc,heap        ] GC(780) ParOldGen: 288914K(375296K)->288930K(375296K)
[427.187s][info][gc,metaspace   ] GC(780) Metaspace: 57401K(57664K)->57401K(57664K) NonClass: 51771K(51968K)->51771K(51968K) Class: 5629K(5696K)->5629K(5696K)
[427.187s][info][gc             ] GC(780) Pause Young (Allocation Failure) 477M->283M(552M) 3.021ms
[427.187s][info][gc,cpu         ] GC(780) User=0.01s Sys=0.00s Real=0.01s
[427.715s][info][gc,start       ] GC(781) Pause Young (Allocation Failure)
[427.717s][info][gc,heap        ] GC(781) PSYoungGen: 190208K(190464K)->1375K(183808K) Eden: 188928K(188928K)->0K(182272K) From: 1280K(1536K)->1375K(1536K)
[427.717s][info][gc,heap        ] GC(781) ParOldGen: 288930K(375296K)->288946K(375296K)
[427.717s][info][gc,metaspace   ] GC(781) Metaspace: 57401K(57664K)->57401K(57664K) NonClass: 51771K(51968K)->51771K(51968K) Class: 5629K(5696K)->5629K(5696K)
[427.717s][info][gc             ] GC(781) Pause Young (Allocation Failure) 467M->283M(546M) 2.885ms
[427.717s][info][gc,cpu         ] GC(781) User=0.01s Sys=0.00s Real=0.01s
[428.173s][info][gc,start       ] GC(782) Pause Young (Allocation Failure)
[428.176s][info][gc,heap        ] GC(782) PSYoungGen: 183384K(183808K)->1440K(177664K) Eden: 182009K(182272K)->0K(176128K) From: 1375K(1536K)->1440K(1536K)
[428.176s][info][gc,heap        ] GC(782) ParOldGen: 288946K(375296K)->288962K(375296K)
[428.176s][info][gc,metaspace   ] GC(782) Metaspace: 57401K(57664K)->57401K(57664K) NonClass: 51771K(51968K)->51771K(51968K) Class: 5629K(5696K)->5629K(5696K)
[428.176s][info][gc             ] GC(782) Pause Young (Allocation Failure) 461M->283M(540M) 3.008ms
[428.176s][info][gc,cpu         ] GC(782) User=0.01s Sys=0.00s Real=0.01s
[428.584s][info][gc,start       ] GC(783) Pause Young (Allocation Failure)
[428.588s][info][gc,heap        ] GC(783) PSYoungGen: 177568K(177664K)->2527K(172544K) Eden: 176128K(176128K)->0K(169984K) From: 1440K(1536K)->2527K(2560K)
[428.588s][info][gc,heap        ] GC(783) ParOldGen: 288962K(375296K)->288978K(375296K)
[428.588s][info][gc,metaspace   ] GC(783) Metaspace: 57401K(57664K)->57401K(57664K) NonClass: 51771K(51968K)->51771K(51968K) Class: 5629K(5696K)->5629K(5696K)
[428.588s][info][gc             ] GC(783) Pause Young (Allocation Failure) 455M->284M(535M) 4.052ms
[428.588s][info][gc,cpu         ] GC(783) User=0.01s Sys=0.00s Real=0.01s
[428.982s][info][gc,start       ] GC(784) Pause Young (Allocation Failure)
[428.986s][info][gc,heap        ] GC(784) PSYoungGen: 172511K(172544K)->2687K(167424K) Eden: 169984K(169984K)->0K(164352K) From: 2527K(2560K)->2687K(3072K)
[428.986s][info][gc,heap        ] GC(784) ParOldGen: 288978K(375296K)->288994K(375296K)
[428.986s][info][gc,metaspace   ] GC(784) Metaspace: 57401K(57664K)->57401K(57664K) NonClass: 51771K(51968K)->51771K(51968K) Class: 5629K(5696K)->5629K(5696K)
[428.987s][info][gc             ] GC(784) Pause Young (Allocation Failure) 450M->284M(530M) 4.325ms
[428.987s][info][gc,cpu         ] GC(784) User=0.01s Sys=0.00s Real=0.01s
[429.380s][info][gc,start       ] GC(785) Pause Young (Allocation Failure)
[429.383s][info][gc,heap        ] GC(785) PSYoungGen: 167039K(167424K)->1503K(160256K) Eden: 164352K(164352K)->0K(158720K) From: 2687K(3072K)->1503K(1536K)
[429.383s][info][gc,heap        ] GC(785) ParOldGen: 288994K(375296K)->289010K(375296K)
[429.383s][info][gc,metaspace   ] GC(785) Metaspace: 57401K(57664K)->57401K(57664K) NonClass: 51771K(51968K)->51771K(51968K) Class: 5629K(5696K)->5629K(5696K)
[429.383s][info][gc             ] GC(785) Pause Young (Allocation Failure) 445M->283M(523M) 3.078ms
[429.383s][info][gc,cpu         ] GC(785) User=0.01s Sys=0.00s Real=0.00s
[429.770s][info][gc,start       ] GC(786) Pause Young (Allocation Failure)
[429.772s][info][gc,heap        ] GC(786) PSYoungGen: 160223K(160256K)->809K(154624K) Eden: 158720K(158720K)->0K(153600K) From: 1503K(1536K)->809K(1024K)
[429.772s][info][gc,heap        ] GC(786) ParOldGen: 289010K(375296K)->289026K(375296K)
[429.772s][info][gc,metaspace   ] GC(786) Metaspace: 57401K(57664K)->57401K(57664K) NonClass: 51771K(51968K)->51771K(51968K) Class: 5629K(5696K)->5629K(5696K)
[429.772s][info][gc             ] GC(786) Pause Young (Allocation Failure) 438M->283M(517M) 2.228ms
[429.772s][info][gc,cpu         ] GC(786) User=0.01s Sys=0.00s Real=0.00s
[430.884s][info][gc,start       ] GC(787) Pause Young (Allocation Failure)
[430.886s][info][gc,heap        ] GC(787) PSYoungGen: 127524K(154624K)->64K(148992K) Eden: 126714K(153600K)->0K(148480K) From: 809K(1024K)->64K(512K)
[430.886s][info][gc,heap        ] GC(787) ParOldGen: 289026K(375296K)->289042K(375296K)
[430.886s][info][gc,metaspace   ] GC(787) Metaspace: 57406K(57664K)->57406K(57664K) NonClass: 51777K(51968K)->51777K(51968K) Class: 5629K(5696K)->5629K(5696K)
[430.886s][info][gc             ] GC(787) Pause Young (Allocation Failure) 406M->282M(512M) 1.918ms
[430.886s][info][gc,cpu         ] GC(787) User=0.00s Sys=0.00s Real=0.00s
[432.218s][info][gc,start       ] GC(788) Pause Young (Allocation Failure)
[432.242s][info][gc,heap        ] GC(788) PSYoungGen: 148544K(148992K)->4073K(147968K) Eden: 148480K(148480K)->0K(143872K) From: 64K(512K)->4073K(4096K)
[432.242s][info][gc,heap        ] GC(788) ParOldGen: 289042K(375296K)->378851K(414720K)
[432.242s][info][gc,metaspace   ] GC(788) Metaspace: 57599K(57920K)->57599K(57920K) NonClass: 51970K(52224K)->51970K(52224K) Class: 5629K(5696K)->5629K(5696K)
[432.242s][info][gc             ] GC(788) Pause Young (Allocation Failure) 427M->373M(549M) 24.790ms
[432.243s][info][gc,cpu         ] GC(788) User=0.04s Sys=0.00s Real=0.02s
[432.511s][info][gc,start       ] GC(789) Pause Young (Allocation Failure)
[432.519s][info][gc,heap        ] GC(789) PSYoungGen: 147945K(147968K)->791K(173056K) Eden: 143872K(143872K)->0K(172032K) From: 4073K(4096K)->791K(1024K)
[432.519s][info][gc,heap        ] GC(789) ParOldGen: 378851K(414720K)->382924K(414720K)
[432.519s][info][gc,metaspace   ] GC(789) Metaspace: 57599K(57920K)->57599K(57920K) NonClass: 51970K(52224K)->51970K(52224K) Class: 5629K(5696K)->5629K(5696K)
[432.519s][info][gc             ] GC(789) Pause Young (Allocation Failure) 514M->374M(574M) 7.506ms
[432.519s][info][gc,cpu         ] GC(789) User=0.01s Sys=0.00s Real=0.01s
[432.965s][info][gc,start       ] GC(790) Pause Young (Allocation Failure)
[432.967s][info][gc,heap        ] GC(790) PSYoungGen: 172823K(173056K)->64K(242176K) Eden: 172032K(172032K)->0K(205312K) From: 791K(1024K)->64K(36864K)
[432.967s][info][gc,heap        ] GC(790) ParOldGen: 382924K(414720K)->383331K(414720K)
[432.967s][info][gc,metaspace   ] GC(790) Metaspace: 57599K(57920K)->57599K(57920K) NonClass: 51970K(52224K)->51970K(52224K) Class: 5629K(5696K)->5629K(5696K)
[432.967s][info][gc             ] GC(790) Pause Young (Allocation Failure) 542M->374M(641M) 2.144ms
[432.967s][info][gc,cpu         ] GC(790) User=0.00s Sys=0.00s Real=0.01s
[433.396s][info][gc,start       ] GC(791) Pause Young (Allocation Failure)
[433.400s][info][gc,heap        ] GC(791) PSYoungGen: 205376K(242176K)->2015K(246272K) Eden: 205312K(205312K)->0K(210432K) From: 64K(36864K)->2015K(35840K)
[433.400s][info][gc,heap        ] GC(791) ParOldGen: 383331K(414720K)->383347K(414720K)
[433.400s][info][gc,metaspace   ] GC(791) Metaspace: 57599K(57920K)->57599K(57920K) NonClass: 51970K(52224K)->51970K(52224K) Class: 5629K(5696K)->5629K(5696K)
[433.400s][info][gc             ] GC(791) Pause Young (Allocation Failure) 574M->376M(645M) 3.687ms
[433.400s][info][gc,cpu         ] GC(791) User=0.01s Sys=0.00s Real=0.00s
[433.900s][info][gc,start       ] GC(792) Pause Young (Allocation Failure)
[433.905s][info][gc,heap        ] GC(792) PSYoungGen: 212206K(246272K)->2016K(204800K) Eden: 210191K(210432K)->0K(202752K) From: 2015K(35840K)->2016K(2048K)
[433.905s][info][gc,heap        ] GC(792) ParOldGen: 383347K(414720K)->383363K(414720K)
[433.905s][info][gc,metaspace   ] GC(792) Metaspace: 57599K(57920K)->57599K(57920K) NonClass: 51970K(52224K)->51970K(52224K) Class: 5629K(5696K)->5629K(5696K)
[433.905s][info][gc             ] GC(792) Pause Young (Allocation Failure) 581M->376M(605M) 5.093ms
[433.905s][info][gc,cpu         ] GC(792) User=0.01s Sys=0.01s Real=0.00s
[434.384s][info][gc,start       ] GC(793) Pause Young (Allocation Failure)
[434.389s][info][gc,heap        ] GC(793) PSYoungGen: 204558K(204800K)->2784K(218112K) Eden: 202542K(202752K)->0K(195584K) From: 2016K(2048K)->2784K(22528K)
[434.389s][info][gc,heap        ] GC(793) ParOldGen: 383363K(414720K)->383379K(414720K)
[434.389s][info][gc,metaspace   ] GC(793) Metaspace: 57599K(57920K)->57599K(57920K) NonClass: 51970K(52224K)->51970K(52224K) Class: 5629K(5696K)->5629K(5696K)
[434.389s][info][gc             ] GC(793) Pause Young (Allocation Failure) 574M->377M(618M) 5.378ms
[434.389s][info][gc,cpu         ] GC(793) User=0.01s Sys=0.00s Real=0.01s
[434.872s][info][gc,start       ] GC(794) Pause Young (Allocation Failure)
[434.876s][info][gc,heap        ] GC(794) PSYoungGen: 198368K(218112K)->1280K(190464K) Eden: 195584K(195584K)->0K(188928K) From: 2784K(22528K)->1280K(1536K)
[434.876s][info][gc,heap        ] GC(794) ParOldGen: 383379K(414720K)->383395K(414720K)
[434.876s][info][gc,metaspace   ] GC(794) Metaspace: 57599K(57920K)->57599K(57920K) NonClass: 51970K(52224K)->51970K(52224K) Class: 5629K(5696K)->5629K(5696K)
[434.876s][info][gc             ] GC(794) Pause Young (Allocation Failure) 568M->375M(591M) 3.776ms
[434.876s][info][gc,cpu         ] GC(794) User=0.00s Sys=0.00s Real=0.00s
[435.288s][info][gc,start       ] GC(795) Pause Young (Allocation Failure)
[435.293s][info][gc,heap        ] GC(795) PSYoungGen: 190208K(190464K)->2399K(202240K) Eden: 188928K(188928K)->0K(182272K) From: 1280K(1536K)->2399K(19968K)
[435.293s][info][gc,heap        ] GC(795) ParOldGen: 383395K(414720K)->383411K(414720K)
[435.293s][info][gc,metaspace   ] GC(795) Metaspace: 57599K(57920K)->57599K(57920K) NonClass: 51970K(52224K)->51970K(52224K) Class: 5629K(5696K)->5629K(5696K)
[435.293s][info][gc             ] GC(795) Pause Young (Allocation Failure) 560M->376M(602M) 4.752ms
[435.293s][info][gc,cpu         ] GC(795) User=0.01s Sys=0.00s Real=0.00s
[435.705s][info][gc,start       ] GC(796) Pause Young (Allocation Failure)
[435.709s][info][gc,heap        ] GC(796) PSYoungGen: 184436K(202240K)->1376K(177664K) Eden: 182037K(182272K)->0K(176128K) From: 2399K(19968K)->1376K(1536K)
[435.709s][info][gc,heap        ] GC(796) ParOldGen: 383411K(414720K)->383427K(414720K)
[435.709s][info][gc,metaspace   ] GC(796) Metaspace: 57599K(57920K)->57599K(57920K) NonClass: 51970K(52224K)->51970K(52224K) Class: 5629K(5696K)->5629K(5696K)
[435.709s][info][gc             ] GC(796) Pause Young (Allocation Failure) 554M->375M(578M) 3.813ms
[435.709s][info][gc,cpu         ] GC(796) User=0.01s Sys=0.00s Real=0.01s
[436.113s][info][gc,start       ] GC(797) Pause Young (Allocation Failure)
[436.116s][info][gc,heap        ] GC(797) PSYoungGen: 177202K(177664K)->864K(188416K) Eden: 175826K(176128K)->0K(169984K) From: 1376K(1536K)->864K(18432K)
[436.116s][info][gc,heap        ] GC(797) ParOldGen: 383427K(414720K)->383443K(414720K)
[436.116s][info][gc,metaspace   ] GC(797) Metaspace: 57599K(57920K)->57599K(57920K) NonClass: 51970K(52224K)->51970K(52224K) Class: 5629K(5696K)->5629K(5696K)
[436.116s][info][gc             ] GC(797) Pause Young (Allocation Failure) 547M->375M(589M) 2.926ms
[436.116s][info][gc,cpu         ] GC(797) User=0.00s Sys=0.00s Real=0.00s
[436.516s][info][gc,start       ] GC(798) Pause Young (Allocation Failure)
[436.519s][info][gc,heap        ] GC(798) PSYoungGen: 170848K(188416K)->342K(164864K) Eden: 169984K(169984K)->0K(164352K) From: 864K(18432K)->342K(512K)
[436.519s][info][gc,heap        ] GC(798) ParOldGen: 383443K(414720K)->383779K(414720K)
[436.519s][info][gc,metaspace   ] GC(798) Metaspace: 57601K(57920K)->57601K(57920K) NonClass: 51972K(52224K)->51972K(52224K) Class: 5629K(5696K)->5629K(5696K)
[436.519s][info][gc             ] GC(798) Pause Young (Allocation Failure) 541M->375M(566M) 2.539ms
[436.519s][info][gc,cpu         ] GC(798) User=0.00s Sys=0.00s Real=0.00s
[436.955s][info][gc,start       ] GC(799) Pause Young (Allocation Failure)
[436.958s][info][gc,heap        ] GC(799) PSYoungGen: 164694K(164864K)->1759K(174592K) Eden: 164352K(164352K)->0K(158720K) From: 342K(512K)->1759K(15872K)
[436.958s][info][gc,heap        ] GC(799) ParOldGen: 383779K(414720K)->383795K(414720K)
[436.958s][info][gc,metaspace   ] GC(799) Metaspace: 57601K(57920K)->57601K(57920K) NonClass: 51972K(52224K)->51972K(52224K) Class: 5629K(5696K)->5629K(5696K)
[436.958s][info][gc             ] GC(799) Pause Young (Allocation Failure) 535M->376M(575M) 3.798ms
[436.958s][info][gc,cpu         ] GC(799) User=0.00s Sys=0.00s Real=0.01s
[437.292s][info][gc,start       ] GC(800) Pause Young (Allocation Failure)
[437.297s][info][gc,heap        ] GC(800) PSYoungGen: 160455K(174592K)->2400K(156160K) Eden: 158696K(158720K)->0K(153600K) From: 1759K(15872K)->2400K(2560K)
[437.297s][info][gc,heap        ] GC(800) ParOldGen: 383795K(414720K)->383811K(414720K)
[437.297s][info][gc,metaspace   ] GC(800) Metaspace: 57601K(57920K)->57601K(57920K) NonClass: 51972K(52224K)->51972K(52224K) Class: 5629K(5696K)->5629K(5696K)
[437.297s][info][gc             ] GC(800) Pause Young (Allocation Failure) 531M->377M(557M) 4.772ms
[437.297s][info][gc,cpu         ] GC(800) User=0.01s Sys=0.00s Real=0.01s
[437.675s][info][gc,start       ] GC(801) Pause Young (Allocation Failure)
[437.679s][info][gc,heap        ] GC(801) PSYoungGen: 156000K(156160K)->1536K(161792K) Eden: 153600K(153600K)->0K(148480K) From: 2400K(2560K)->1536K(13312K)
[437.679s][info][gc,heap        ] GC(801) ParOldGen: 383811K(414720K)->383827K(414720K)
[437.679s][info][gc,metaspace   ] GC(801) Metaspace: 57601K(57920K)->57601K(57920K) NonClass: 51972K(52224K)->51972K(52224K) Class: 5629K(5696K)->5629K(5696K)
[437.679s][info][gc             ] GC(801) Pause Young (Allocation Failure) 527M->376M(563M) 4.112ms
[437.679s][info][gc,cpu         ] GC(801) User=0.01s Sys=0.00s Real=0.01s
[438.008s][info][gc,start       ] GC(802) Pause Young (Allocation Failure)
[438.013s][info][gc,heap        ] GC(802) PSYoungGen: 149831K(161792K)->1856K(145920K) Eden: 148295K(148480K)->0K(143872K) From: 1536K(13312K)->1856K(2048K)
[438.013s][info][gc,heap        ] GC(802) ParOldGen: 383827K(414720K)->383843K(414720K)
[438.013s][info][gc,metaspace   ] GC(802) Metaspace: 57601K(57920K)->57601K(57920K) NonClass: 51972K(52224K)->51972K(52224K) Class: 5629K(5696K)->5629K(5696K)
[438.013s][info][gc             ] GC(802) Pause Young (Allocation Failure) 521M->376M(547M) 4.250ms
[438.013s][info][gc,cpu         ] GC(802) User=0.01s Sys=0.00s Real=0.00s
[438.373s][info][gc,start       ] GC(803) Pause Young (Allocation Failure)
[438.376s][info][gc,heap        ] GC(803) PSYoungGen: 145728K(145920K)->864K(151552K) Eden: 143872K(143872K)->0K(139264K) From: 1856K(2048K)->864K(12288K)
[438.376s][info][gc,heap        ] GC(803) ParOldGen: 383843K(414720K)->383859K(414720K)
[438.376s][info][gc,metaspace   ] GC(803) Metaspace: 57601K(57920K)->57601K(57920K) NonClass: 51972K(52224K)->51972K(52224K) Class: 5629K(5696K)->5629K(5696K)
[438.376s][info][gc             ] GC(803) Pause Young (Allocation Failure) 517M->375M(553M) 3.019ms
[438.376s][info][gc,cpu         ] GC(803) User=0.01s Sys=0.00s Real=0.00s
[438.687s][info][gc,start       ] GC(804) Pause Young (Allocation Failure)
[438.691s][info][gc,heap        ] GC(804) PSYoungGen: 140063K(151552K)->2816K(157184K) Eden: 139199K(139264K)->0K(139264K) From: 864K(12288K)->2816K(17920K)
[438.691s][info][gc,heap        ] GC(804) ParOldGen: 383859K(414720K)->383875K(414720K)
[438.691s][info][gc,metaspace   ] GC(804) Metaspace: 57601K(57920K)->57601K(57920K) NonClass: 51972K(52224K)->51972K(52224K) Class: 5629K(5696K)->5629K(5696K)
[438.692s][info][gc             ] GC(804) Pause Young (Allocation Failure) 511M->377M(558M) 4.698ms
[438.692s][info][gc,cpu         ] GC(804) User=0.01s Sys=0.00s Real=0.00s
[439.032s][info][gc,start       ] GC(805) Pause Young (Allocation Failure)
[439.037s][info][gc,heap        ] GC(805) PSYoungGen: 141909K(157184K)->2160K(181248K) Eden: 139093K(139264K)->0K(166400K) From: 2816K(17920K)->2160K(14848K)
[439.037s][info][gc,heap        ] GC(805) ParOldGen: 383875K(414720K)->383891K(414720K)
[439.037s][info][gc,metaspace   ] GC(805) Metaspace: 57601K(57920K)->57601K(57920K) NonClass: 51972K(52224K)->51972K(52224K) Class: 5629K(5696K)->5629K(5696K)
[439.037s][info][gc             ] GC(805) Pause Young (Allocation Failure) 513M->377M(582M) 4.527ms
[439.037s][info][gc,cpu         ] GC(805) User=0.01s Sys=0.00s Real=0.01s
[439.398s][info][gc,start       ] GC(806) Pause Young (Allocation Failure)
[439.402s][info][gc,heap        ] GC(806) PSYoungGen: 168560K(181248K)->2687K(181760K) Eden: 166400K(166400K)->0K(166400K) From: 2160K(14848K)->2687K(15360K)
[439.402s][info][gc,heap        ] GC(806) ParOldGen: 383891K(414720K)->384292K(414720K)
[439.402s][info][gc,metaspace   ] GC(806) Metaspace: 57601K(57920K)->57601K(57920K) NonClass: 51972K(52224K)->51972K(52224K) Class: 5629K(5696K)->5629K(5696K)
[439.402s][info][gc             ] GC(806) Pause Young (Allocation Failure) 539M->377M(582M) 4.538ms
[439.402s][info][gc,cpu         ] GC(806) User=0.01s Sys=0.00s Real=0.00s
[439.795s][info][gc,start       ] GC(807) Pause Young (Allocation Failure)
[439.801s][info][gc,heap        ] GC(807) PSYoungGen: 169087K(181760K)->2910K(210432K) Eden: 166400K(166400K)->0K(198144K) From: 2687K(15360K)->2910K(12288K)
[439.801s][info][gc,heap        ] GC(807) ParOldGen: 384292K(414720K)->384308K(414720K)
[439.801s][info][gc,metaspace   ] GC(807) Metaspace: 57601K(57920K)->57601K(57920K) NonClass: 51972K(52224K)->51972K(52224K) Class: 5629K(5696K)->5629K(5696K)
[439.801s][info][gc             ] GC(807) Pause Young (Allocation Failure) 540M->378M(610M) 5.199ms
[439.801s][info][gc,cpu         ] GC(807) User=0.01s Sys=0.00s Real=0.01s
[440.393s][info][gc,start       ] GC(808) Pause Young (Allocation Failure)
[440.398s][info][gc,heap        ] GC(808) PSYoungGen: 201054K(210432K)->2526K(211456K) Eden: 198144K(198144K)->0K(198144K) From: 2910K(12288K)->2526K(13312K)
[440.398s][info][gc,heap        ] GC(808) ParOldGen: 384308K(414720K)->384324K(414720K)
[440.398s][info][gc,metaspace   ] GC(808) Metaspace: 57601K(57920K)->57601K(57920K) NonClass: 51972K(52224K)->51972K(52224K) Class: 5629K(5696K)->5629K(5696K)
[440.398s][info][gc             ] GC(808) Pause Young (Allocation Failure) 571M->377M(611M) 4.602ms
[440.398s][info][gc,cpu         ] GC(808) User=0.01s Sys=0.00s Real=0.01s
[440.872s][info][gc,start       ] GC(809) Pause Young (Allocation Failure)
[440.876s][info][gc,heap        ] GC(809) PSYoungGen: 200670K(211456K)->1982K(247296K) Eden: 198144K(198144K)->0K(236032K) From: 2526K(13312K)->1982K(11264K)
[440.876s][info][gc,heap        ] GC(809) ParOldGen: 384324K(414720K)->384340K(414720K)
[440.876s][info][gc,metaspace   ] GC(809) Metaspace: 57601K(57920K)->57601K(57920K) NonClass: 51972K(52224K)->51972K(52224K) Class: 5629K(5696K)->5629K(5696K)
[440.876s][info][gc             ] GC(809) Pause Young (Allocation Failure) 571M->377M(646M) 3.933ms
[440.876s][info][gc,cpu         ] GC(809) User=0.01s Sys=0.00s Real=0.00s
[441.418s][info][gc,start       ] GC(810) Pause Young (Allocation Failure)
[441.422s][info][gc,heap        ] GC(810) PSYoungGen: 238014K(247296K)->1504K(228864K) Eden: 236032K(236032K)->0K(227328K) From: 1982K(11264K)->1504K(1536K)
[441.422s][info][gc,heap        ] GC(810) ParOldGen: 384340K(414720K)->384356K(414720K)
[441.422s][info][gc,metaspace   ] GC(810) Metaspace: 57601K(57920K)->57601K(57920K) NonClass: 51972K(52224K)->51972K(52224K) Class: 5629K(5696K)->5629K(5696K)
[441.422s][info][gc             ] GC(810) Pause Young (Allocation Failure) 607M->376M(628M) 3.847ms
[441.422s][info][gc,cpu         ] GC(810) User=0.01s Sys=0.00s Real=0.00s
[441.976s][info][gc,start       ] GC(811) Pause Young (Allocation Failure)
[441.979s][info][gc,heap        ] GC(811) PSYoungGen: 228832K(228864K)->1088K(221184K) Eden: 227328K(227328K)->0K(219136K) From: 1504K(1536K)->1088K(2048K)
[441.980s][info][gc,heap        ] GC(811) ParOldGen: 384356K(414720K)->384372K(414720K)
[441.980s][info][gc,metaspace   ] GC(811) Metaspace: 57601K(57920K)->57601K(57920K) NonClass: 51972K(52224K)->51972K(52224K) Class: 5629K(5696K)->5629K(5696K)
[441.980s][info][gc             ] GC(811) Pause Young (Allocation Failure) 598M->376M(621M) 3.414ms
[441.980s][info][gc,cpu         ] GC(811) User=0.00s Sys=0.00s Real=0.00s
[442.484s][info][gc,start       ] GC(812) Pause Young (Allocation Failure)
[442.487s][info][gc,heap        ] GC(812) PSYoungGen: 220224K(221184K)->1440K(212480K) Eden: 219136K(219136K)->0K(210944K) From: 1088K(2048K)->1440K(1536K)
[442.487s][info][gc,heap        ] GC(812) ParOldGen: 384372K(414720K)->384388K(414720K)
[442.487s][info][gc,metaspace   ] GC(812) Metaspace: 57601K(57920K)->57601K(57920K) NonClass: 51972K(52224K)->51972K(52224K) Class: 5629K(5696K)->5629K(5696K)
[442.488s][info][gc             ] GC(812) Pause Young (Allocation Failure) 590M->376M(612M) 3.243ms
[442.488s][info][gc,cpu         ] GC(812) User=0.00s Sys=0.00s Real=0.01s
[442.981s][info][gc,start       ] GC(813) Pause Young (Allocation Failure)
[442.986s][info][gc,heap        ] GC(813) PSYoungGen: 212384K(212480K)->2303K(205824K) Eden: 210944K(210944K)->0K(203264K) From: 1440K(1536K)->2303K(2560K)
[442.986s][info][gc,heap        ] GC(813) ParOldGen: 384388K(414720K)->384404K(414720K)
[442.986s][info][gc,metaspace   ] GC(813) Metaspace: 57601K(57920K)->57601K(57920K) NonClass: 51972K(52224K)->51972K(52224K) Class: 5629K(5696K)->5629K(5696K)
[442.986s][info][gc             ] GC(813) Pause Young (Allocation Failure) 582M->377M(606M) 4.253ms
[442.986s][info][gc,cpu         ] GC(813) User=0.01s Sys=0.00s Real=0.00s
[443.469s][info][gc,start       ] GC(814) Pause Young (Allocation Failure)
[443.471s][info][gc,heap        ] GC(814) PSYoungGen: 205567K(205824K)->1114K(197632K) Eden: 203264K(203264K)->0K(196096K) From: 2303K(2560K)->1114K(1536K)
[443.471s][info][gc,heap        ] GC(814) ParOldGen: 384404K(414720K)->384420K(414720K)
[443.471s][info][gc,metaspace   ] GC(814) Metaspace: 57604K(57920K)->57604K(57920K) NonClass: 51975K(52224K)->51975K(52224K) Class: 5629K(5696K)->5629K(5696K)
[443.471s][info][gc             ] GC(814) Pause Young (Allocation Failure) 576M->376M(598M) 2.781ms
[443.471s][info][gc,cpu         ] GC(814) User=0.01s Sys=0.00s Real=0.00s
[443.900s][info][gc,start       ] GC(815) Pause Young (Allocation Failure)
[443.905s][info][gc,heap        ] GC(815) PSYoungGen: 197091K(197632K)->2560K(191488K) Eden: 195977K(196096K)->0K(188928K) From: 1114K(1536K)->2560K(2560K)
[443.905s][info][gc,heap        ] GC(815) ParOldGen: 384420K(414720K)->384436K(414720K)
[443.905s][info][gc,metaspace   ] GC(815) Metaspace: 57604K(57920K)->57604K(57920K) NonClass: 51975K(52224K)->51975K(52224K) Class: 5629K(5696K)->5629K(5696K)
[443.905s][info][gc             ] GC(815) Pause Young (Allocation Failure) 567M->377M(592M) 4.965ms
[443.905s][info][gc,cpu         ] GC(815) User=0.00s Sys=0.00s Real=0.00s
[444.373s][info][gc,start       ] GC(816) Pause Young (Allocation Failure)
[444.377s][info][gc,heap        ] GC(816) PSYoungGen: 191488K(191488K)->1631K(184320K) Eden: 188928K(188928K)->0K(182272K) From: 2560K(2560K)->1631K(2048K)
[444.377s][info][gc,heap        ] GC(816) ParOldGen: 384436K(414720K)->384452K(414720K)
[444.377s][info][gc,metaspace   ] GC(816) Metaspace: 57604K(57920K)->57604K(57920K) NonClass: 51975K(52224K)->51975K(52224K) Class: 5629K(5696K)->5629K(5696K)
[444.377s][info][gc             ] GC(816) Pause Young (Allocation Failure) 562M->377M(585M) 3.250ms
[444.377s][info][gc,cpu         ] GC(816) User=0.01s Sys=0.00s Real=0.01s
[444.830s][info][gc,start       ] GC(817) Pause Young (Allocation Failure)
[444.834s][info][gc,heap        ] GC(817) PSYoungGen: 183903K(184320K)->1983K(178176K) Eden: 182272K(182272K)->0K(176128K) From: 1631K(2048K)->1983K(2048K)
[444.834s][info][gc,heap        ] GC(817) ParOldGen: 384452K(414720K)->384468K(414720K)
[444.834s][info][gc,metaspace   ] GC(817) Metaspace: 57604K(57920K)->57604K(57920K) NonClass: 51975K(52224K)->51975K(52224K) Class: 5629K(5696K)->5629K(5696K)
[444.834s][info][gc             ] GC(817) Pause Young (Allocation Failure) 555M->377M(579M) 4.045ms
[444.834s][info][gc,cpu         ] GC(817) User=0.00s Sys=0.01s Real=0.00s
[445.195s][info][gc,start       ] GC(818) Pause Young (Allocation Failure)
[445.199s][info][gc,heap        ] GC(818) PSYoungGen: 177951K(178176K)->2464K(172544K) Eden: 175968K(176128K)->0K(169984K) From: 1983K(2048K)->2464K(2560K)
[445.200s][info][gc,heap        ] GC(818) ParOldGen: 384468K(414720K)->384484K(414720K)
[445.200s][info][gc,metaspace   ] GC(818) Metaspace: 57604K(57920K)->57604K(57920K) NonClass: 51975K(52224K)->51975K(52224K) Class: 5629K(5696K)->5629K(5696K)
[445.200s][info][gc             ] GC(818) Pause Young (Allocation Failure) 549M->377M(573M) 4.596ms
[445.200s][info][gc,cpu         ] GC(818) User=0.01s Sys=0.00s Real=0.01s
[445.596s][info][gc,start       ] GC(819) Pause Young (Allocation Failure)
[445.601s][info][gc,heap        ] GC(819) PSYoungGen: 172448K(172544K)->2591K(167424K) Eden: 169984K(169984K)->0K(164352K) From: 2464K(2560K)->2591K(3072K)
[445.601s][info][gc,heap        ] GC(819) ParOldGen: 384484K(414720K)->384500K(414720K)
[445.601s][info][gc,metaspace   ] GC(819) Metaspace: 57604K(57920K)->57604K(57920K) NonClass: 51975K(52224K)->51975K(52224K) Class: 5629K(5696K)->5629K(5696K)
[445.601s][info][gc             ] GC(819) Pause Young (Allocation Failure) 543M->378M(568M) 4.443ms
[445.601s][info][gc,cpu         ] GC(819) User=0.01s Sys=0.00s Real=0.00s
[445.990s][info][gc,start       ] GC(820) Pause Young (Allocation Failure)
[445.995s][info][gc,heap        ] GC(820) PSYoungGen: 166943K(167424K)->3199K(202240K) Eden: 164352K(164352K)->0K(195584K) From: 2591K(3072K)->3199K(6656K)
[445.995s][info][gc,heap        ] GC(820) ParOldGen: 384500K(414720K)->384516K(414720K)
[445.995s][info][gc,metaspace   ] GC(820) Metaspace: 57604K(57920K)->57604K(57920K) NonClass: 51975K(52224K)->51975K(52224K) Class: 5629K(5696K)->5629K(5696K)
[445.995s][info][gc             ] GC(820) Pause Young (Allocation Failure) 538M->378M(602M) 4.991ms
[445.995s][info][gc,cpu         ] GC(820) User=0.01s Sys=0.00s Real=0.00s
[446.478s][info][gc,start       ] GC(821) Pause Young (Allocation Failure)
[446.481s][info][gc,heap        ] GC(821) PSYoungGen: 198783K(202240K)->1407K(190464K) Eden: 195584K(195584K)->0K(188928K) From: 3199K(6656K)->1407K(1536K)
[446.481s][info][gc,heap        ] GC(821) ParOldGen: 384516K(414720K)->384532K(414720K)
[446.481s][info][gc,metaspace   ] GC(821) Metaspace: 57604K(57920K)->57604K(57920K) NonClass: 51975K(52224K)->51975K(52224K) Class: 5629K(5696K)->5629K(5696K)
[446.481s][info][gc             ] GC(821) Pause Young (Allocation Failure) 569M->376M(591M) 3.201ms
[446.481s][info][gc,cpu         ] GC(821) User=0.00s Sys=0.00s Real=0.00s
[446.907s][info][gc,start       ] GC(822) Pause Young (Allocation Failure)
[446.912s][info][gc,heap        ] GC(822) PSYoungGen: 190335K(190464K)->2784K(185344K) Eden: 188928K(188928K)->0K(182272K) From: 1407K(1536K)->2784K(3072K)
[446.912s][info][gc,heap        ] GC(822) ParOldGen: 384532K(414720K)->384548K(414720K)
[446.912s][info][gc,metaspace   ] GC(822) Metaspace: 57604K(57920K)->57604K(57920K) NonClass: 51975K(52224K)->51975K(52224K) Class: 5629K(5696K)->5629K(5696K)
[446.912s][info][gc             ] GC(822) Pause Young (Allocation Failure) 561M->378M(586M) 5.041ms
[446.912s][info][gc,cpu         ] GC(822) User=0.01s Sys=0.00s Real=0.00s
[447.308s][info][gc,start       ] GC(823) Pause Young (Allocation Failure)
[447.311s][info][gc,heap        ] GC(823) PSYoungGen: 184885K(185344K)->960K(177152K) Eden: 182101K(182272K)->0K(176128K) From: 2784K(3072K)->960K(1024K)
[447.311s][info][gc,heap        ] GC(823) ParOldGen: 384548K(414720K)->384564K(414720K)
[447.311s][info][gc,metaspace   ] GC(823) Metaspace: 57604K(57920K)->57604K(57920K) NonClass: 51975K(52224K)->51975K(52224K) Class: 5629K(5696K)->5629K(5696K)
[447.311s][info][gc             ] GC(823) Pause Young (Allocation Failure) 556M->376M(578M) 3.040ms
[447.311s][info][gc,cpu         ] GC(823) User=0.01s Sys=0.00s Real=0.00s
[447.769s][info][gc,start       ] GC(824) Pause Young (Allocation Failure)
[447.771s][info][gc,heap        ] GC(824) PSYoungGen: 177088K(177152K)->787K(171008K) Eden: 176128K(176128K)->0K(169984K) From: 960K(1024K)->787K(1024K)
[447.771s][info][gc,heap        ] GC(824) ParOldGen: 384564K(414720K)->384580K(414720K)
[447.771s][info][gc,metaspace   ] GC(824) Metaspace: 57604K(57920K)->57604K(57920K) NonClass: 51975K(52224K)->51975K(52224K) Class: 5629K(5696K)->5629K(5696K)
[447.771s][info][gc             ] GC(824) Pause Young (Allocation Failure) 548M->376M(572M) 2.307ms
[447.771s][info][gc,cpu         ] GC(824) User=0.00s Sys=0.00s Real=0.00s
[448.170s][info][gc,start       ] GC(825) Pause Young (Allocation Failure)
[448.172s][info][gc,heap        ] GC(825) PSYoungGen: 170771K(171008K)->991K(165376K) Eden: 169984K(169984K)->0K(164352K) From: 787K(1024K)->991K(1024K)
[448.172s][info][gc,heap        ] GC(825) ParOldGen: 384580K(414720K)->384596K(414720K)
[448.172s][info][gc,metaspace   ] GC(825) Metaspace: 57604K(57920K)->57604K(57920K) NonClass: 51975K(52224K)->51975K(52224K) Class: 5629K(5696K)->5629K(5696K)
[448.172s][info][gc             ] GC(825) Pause Young (Allocation Failure) 542M->376M(566M) 2.854ms
[448.172s][info][gc,cpu         ] GC(825) User=0.00s Sys=0.00s Real=0.00s
[448.567s][info][gc,start       ] GC(826) Pause Young (Allocation Failure)
[448.569s][info][gc,heap        ] GC(826) PSYoungGen: 165343K(165376K)->544K(159744K) Eden: 164352K(164352K)->0K(158720K) From: 991K(1024K)->544K(1024K)
[448.569s][info][gc,heap        ] GC(826) ParOldGen: 384596K(414720K)->384612K(414720K)
[448.569s][info][gc,metaspace   ] GC(826) Metaspace: 57604K(57920K)->57604K(57920K) NonClass: 51975K(52224K)->51975K(52224K) Class: 5629K(5696K)->5629K(5696K)
[448.569s][info][gc             ] GC(826) Pause Young (Allocation Failure) 537M->376M(561M) 2.050ms
[448.569s][info][gc,cpu         ] GC(826) User=0.00s Sys=0.00s Real=0.00s
[448.901s][info][gc,start       ] GC(827) Pause Young (Allocation Failure)
[448.906s][info][gc,heap        ] GC(827) PSYoungGen: 159137K(159744K)->2432K(156160K) Eden: 158593K(158720K)->0K(153600K) From: 544K(1024K)->2432K(2560K)
[448.906s][info][gc,heap        ] GC(827) ParOldGen: 384612K(414720K)->384628K(414720K)
[448.906s][info][gc,metaspace   ] GC(827) Metaspace: 57604K(57920K)->57604K(57920K) NonClass: 51975K(52224K)->51975K(52224K) Class: 5629K(5696K)->5629K(5696K)
[448.906s][info][gc             ] GC(827) Pause Young (Allocation Failure) 531M->377M(557M) 4.585ms
[448.906s][info][gc,cpu         ] GC(827) User=0.00s Sys=0.00s Real=0.00s
[449.332s][info][gc,start       ] GC(828) Pause Young (Allocation Failure)
[449.335s][info][gc,heap        ] GC(828) PSYoungGen: 156032K(156160K)->1631K(150528K) Eden: 153600K(153600K)->0K(148480K) From: 2432K(2560K)->1631K(2048K)
[449.335s][info][gc,heap        ] GC(828) ParOldGen: 384628K(414720K)->384644K(414720K)
[449.335s][info][gc,metaspace   ] GC(828) Metaspace: 57604K(57920K)->57604K(57920K) NonClass: 51975K(52224K)->51975K(52224K) Class: 5629K(5696K)->5629K(5696K)
[449.335s][info][gc             ] GC(828) Pause Young (Allocation Failure) 527M->377M(552M) 3.171ms
[449.335s][info][gc,cpu         ] GC(828) User=0.00s Sys=0.00s Real=0.00s
[449.594s][info][gc,start       ] GC(829) Pause Young (Allocation Failure)
[449.598s][info][gc,heap        ] GC(829) PSYoungGen: 150111K(150528K)->2399K(146432K) Eden: 148480K(148480K)->0K(143872K) From: 1631K(2048K)->2399K(2560K)
[449.598s][info][gc,heap        ] GC(829) ParOldGen: 384644K(414720K)->384660K(414720K)
[449.598s][info][gc,metaspace   ] GC(829) Metaspace: 57604K(57920K)->57604K(57920K) NonClass: 51975K(52224K)->51975K(52224K) Class: 5629K(5696K)->5629K(5696K)
[449.598s][info][gc             ] GC(829) Pause Young (Allocation Failure) 522M->377M(548M) 4.154ms
[449.598s][info][gc,cpu         ] GC(829) User=0.01s Sys=0.00s Real=0.01s
[449.969s][info][gc,start       ] GC(830) Pause Young (Allocation Failure)
[449.971s][info][gc,heap        ] GC(830) PSYoungGen: 146271K(146432K)->800K(140288K) Eden: 143872K(143872K)->0K(139264K) From: 2399K(2560K)->800K(1024K)
[449.971s][info][gc,heap        ] GC(830) ParOldGen: 384660K(414720K)->384676K(414720K)
[449.971s][info][gc,metaspace   ] GC(830) Metaspace: 57604K(57920K)->57604K(57920K) NonClass: 51975K(52224K)->51975K(52224K) Class: 5629K(5696K)->5629K(5696K)
[449.971s][info][gc             ] GC(830) Pause Young (Allocation Failure) 518M->376M(542M) 2.627ms
[449.971s][info][gc,cpu         ] GC(830) User=0.00s Sys=0.00s Real=0.00s
[450.279s][info][gc,start       ] GC(831) Pause Young (Allocation Failure)
[450.283s][info][gc,heap        ] GC(831) PSYoungGen: 140064K(140288K)->2048K(137216K) Eden: 139264K(139264K)->0K(135168K) From: 800K(1024K)->2048K(2048K)
[450.283s][info][gc,heap        ] GC(831) ParOldGen: 384676K(414720K)->384692K(414720K)
[450.283s][info][gc,metaspace   ] GC(831) Metaspace: 57604K(57920K)->57604K(57920K) NonClass: 51975K(52224K)->51975K(52224K) Class: 5629K(5696K)->5629K(5696K)
[450.283s][info][gc             ] GC(831) Pause Young (Allocation Failure) 512M->377M(539M) 4.130ms
[450.283s][info][gc,cpu         ] GC(831) User=0.01s Sys=0.00s Real=0.00s
[450.590s][info][gc,start       ] GC(832) Pause Young (Allocation Failure)
[450.594s][info][gc,heap        ] GC(832) PSYoungGen: 137216K(137216K)->2783K(164352K) Eden: 135168K(135168K)->0K(161280K) From: 2048K(2048K)->2783K(3072K)
[450.594s][info][gc,heap        ] GC(832) ParOldGen: 384692K(414720K)->384708K(414720K)
[450.594s][info][gc,metaspace   ] GC(832) Metaspace: 57604K(57920K)->57604K(57920K) NonClass: 51975K(52224K)->51975K(52224K) Class: 5629K(5696K)->5629K(5696K)
[450.594s][info][gc             ] GC(832) Pause Young (Allocation Failure) 509M->378M(565M) 4.416ms
[450.595s][info][gc,cpu         ] GC(832) User=0.01s Sys=0.00s Real=0.00s
[450.983s][info][gc,start       ] GC(833) Pause Young (Allocation Failure)
[450.987s][info][gc,heap        ] GC(833) PSYoungGen: 164063K(164352K)->2527K(173056K) Eden: 161280K(161280K)->0K(168448K) From: 2783K(3072K)->2527K(4608K)
[450.987s][info][gc,heap        ] GC(833) ParOldGen: 384708K(414720K)->384724K(414720K)
[450.987s][info][gc,metaspace   ] GC(833) Metaspace: 57604K(57920K)->57604K(57920K) NonClass: 51975K(52224K)->51975K(52224K) Class: 5629K(5696K)->5629K(5696K)
[450.987s][info][gc             ] GC(833) Pause Young (Allocation Failure) 535M->378M(574M) 4.129ms
[450.987s][info][gc,cpu         ] GC(833) User=0.00s Sys=0.00s Real=0.01s
[451.384s][info][gc,start       ] GC(834) Pause Young (Allocation Failure)
[451.388s][info][gc,heap        ] GC(834) PSYoungGen: 170975K(173056K)->2143K(173056K) Eden: 168448K(168448K)->0K(168448K) From: 2527K(4608K)->2143K(4608K)
[451.388s][info][gc,heap        ] GC(834) ParOldGen: 384724K(414720K)->384740K(414720K)
[451.388s][info][gc,metaspace   ] GC(834) Metaspace: 57604K(57920K)->57604K(57920K) NonClass: 51975K(52224K)->51975K(52224K) Class: 5629K(5696K)->5629K(5696K)
[451.388s][info][gc             ] GC(834) Pause Young (Allocation Failure) 542M->377M(574M) 3.591ms
[451.388s][info][gc,cpu         ] GC(834) User=0.01s Sys=0.00s Real=0.01s
[451.783s][info][gc,start       ] GC(835) Pause Young (Allocation Failure)
[451.789s][info][gc,heap        ] GC(835) PSYoungGen: 170591K(173056K)->3134K(205312K) Eden: 168448K(168448K)->0K(200704K) From: 2143K(4608K)->3134K(4608K)
[451.789s][info][gc,heap        ] GC(835) ParOldGen: 384740K(414720K)->384756K(414720K)
[451.789s][info][gc,metaspace   ] GC(835) Metaspace: 57604K(57920K)->57604K(57920K) NonClass: 51975K(52224K)->51975K(52224K) Class: 5629K(5696K)->5629K(5696K)
[451.789s][info][gc             ] GC(835) Pause Young (Allocation Failure) 542M->378M(605M) 5.570ms
[451.789s][info][gc,cpu         ] GC(835) User=0.00s Sys=0.00s Real=0.01s
[452.274s][info][gc,start       ] GC(836) Pause Young (Allocation Failure)
[452.276s][info][gc,heap        ] GC(836) PSYoungGen: 203838K(205312K)->1454K(205312K) Eden: 200704K(200704K)->0K(200704K) From: 3134K(4608K)->1454K(4608K)
[452.276s][info][gc,heap        ] GC(836) ParOldGen: 384756K(414720K)->384772K(414720K)
[452.276s][info][gc,metaspace   ] GC(836) Metaspace: 57604K(57920K)->57604K(57920K) NonClass: 51975K(52224K)->51975K(52224K) Class: 5629K(5696K)->5629K(5696K)
[452.276s][info][gc             ] GC(836) Pause Young (Allocation Failure) 574M->377M(605M) 2.931ms
[452.277s][info][gc,cpu         ] GC(836) User=0.00s Sys=0.00s Real=0.01s
[452.704s][info][gc,start       ] GC(837) Pause Young (Allocation Failure)
[452.708s][info][gc,heap        ] GC(837) PSYoungGen: 202014K(205312K)->1952K(243712K) Eden: 200559K(200704K)->0K(239104K) From: 1454K(4608K)->1952K(4608K)
[452.708s][info][gc,heap        ] GC(837) ParOldGen: 384772K(414720K)->385044K(414720K)
[452.708s][info][gc,metaspace   ] GC(837) Metaspace: 57604K(57920K)->57604K(57920K) NonClass: 51975K(52224K)->51975K(52224K) Class: 5629K(5696K)->5629K(5696K)
[452.708s][info][gc             ] GC(837) Pause Young (Allocation Failure) 573M->377M(643M) 4.499ms
[452.708s][info][gc,cpu         ] GC(837) User=0.00s Sys=0.00s Real=0.01s
[453.339s][info][gc,start       ] GC(838) Pause Young (Allocation Failure)
[453.343s][info][gc,heap        ] GC(838) PSYoungGen: 241056K(243712K)->1184K(231936K) Eden: 239104K(239104K)->0K(230400K) From: 1952K(4608K)->1184K(1536K)
[453.343s][info][gc,heap        ] GC(838) ParOldGen: 385044K(414720K)->385060K(414720K)
[453.343s][info][gc,metaspace   ] GC(838) Metaspace: 57604K(57920K)->57604K(57920K) NonClass: 51975K(52224K)->51975K(52224K) Class: 5629K(5696K)->5629K(5696K)
[453.343s][info][gc             ] GC(838) Pause Young (Allocation Failure) 611M->377M(631M) 3.253ms
[453.343s][info][gc,cpu         ] GC(838) User=0.00s Sys=0.00s Real=0.00s
[453.795s][info][gc,start       ] GC(839) Pause Young (Allocation Failure)
[453.801s][info][gc,heap        ] GC(839) PSYoungGen: 231458K(231936K)->2176K(224256K) Eden: 230274K(230400K)->0K(221696K) From: 1184K(1536K)->2176K(2560K)
[453.801s][info][gc,heap        ] GC(839) ParOldGen: 385060K(414720K)->385076K(414720K)
[453.801s][info][gc,metaspace   ] GC(839) Metaspace: 57604K(57920K)->57604K(57920K) NonClass: 51975K(52224K)->51975K(52224K) Class: 5629K(5696K)->5629K(5696K)
[453.801s][info][gc             ] GC(839) Pause Young (Allocation Failure) 602M->378M(624M) 5.162ms
[453.801s][info][gc,cpu         ] GC(839) User=0.01s Sys=0.00s Real=0.01s
[454.376s][info][gc,start       ] GC(840) Pause Young (Allocation Failure)
[454.380s][info][gc,heap        ] GC(840) PSYoungGen: 223872K(224256K)->960K(214528K) Eden: 221696K(221696K)->0K(213504K) From: 2176K(2560K)->960K(1024K)
[454.380s][info][gc,heap        ] GC(840) ParOldGen: 385076K(414720K)->385092K(414720K)
[454.380s][info][gc,metaspace   ] GC(840) Metaspace: 57604K(57920K)->57604K(57920K) NonClass: 51975K(52224K)->51975K(52224K) Class: 5629K(5696K)->5629K(5696K)
[454.380s][info][gc             ] GC(840) Pause Young (Allocation Failure) 594M->377M(614M) 3.953ms
[454.380s][info][gc,cpu         ] GC(840) User=0.00s Sys=0.00s Real=0.01s
[454.803s][info][gc,start       ] GC(841) Pause Young (Allocation Failure)
[454.806s][info][gc,heap        ] GC(841) PSYoungGen: 214464K(214528K)->1311K(207360K) Eden: 213504K(213504K)->0K(205824K) From: 960K(1024K)->1311K(1536K)
[454.806s][info][gc,heap        ] GC(841) ParOldGen: 385092K(414720K)->385108K(414720K)
[454.806s][info][gc,metaspace   ] GC(841) Metaspace: 57604K(57920K)->57604K(57920K) NonClass: 51975K(52224K)->51975K(52224K) Class: 5629K(5696K)->5629K(5696K)
[454.806s][info][gc             ] GC(841) Pause Young (Allocation Failure) 585M->377M(607M) 3.609ms
[454.806s][info][gc,cpu         ] GC(841) User=0.01s Sys=0.00s Real=0.01s
[455.301s][info][gc,start       ] GC(842) Pause Young (Allocation Failure)
[455.305s][info][gc,heap        ] GC(842) PSYoungGen: 206850K(207360K)->2048K(200704K) Eden: 205539K(205824K)->0K(198656K) From: 1311K(1536K)->2048K(2048K)
[455.305s][info][gc,heap        ] GC(842) ParOldGen: 385108K(414720K)->385124K(414720K)
[455.305s][info][gc,metaspace   ] GC(842) Metaspace: 57604K(57920K)->57604K(57920K) NonClass: 51975K(52224K)->51975K(52224K) Class: 5629K(5696K)->5629K(5696K)
[455.305s][info][gc             ] GC(842) Pause Young (Allocation Failure) 578M->378M(601M) 4.022ms
[455.305s][info][gc,cpu         ] GC(842) User=0.01s Sys=0.00s Real=0.00s
[455.783s][info][gc,start       ] GC(843) Pause Young (Allocation Failure)
[455.787s][info][gc,heap        ] GC(843) PSYoungGen: 200704K(200704K)->2015K(193536K) Eden: 198656K(198656K)->0K(191488K) From: 2048K(2048K)->2015K(2048K)
[455.787s][info][gc,heap        ] GC(843) ParOldGen: 385124K(414720K)->385140K(414720K)
[455.787s][info][gc,metaspace   ] GC(843) Metaspace: 57604K(57920K)->57604K(57920K) NonClass: 51975K(52224K)->51975K(52224K) Class: 5629K(5696K)->5629K(5696K)
[455.787s][info][gc             ] GC(843) Pause Young (Allocation Failure) 572M->378M(594M) 3.678ms
[455.787s][info][gc,cpu         ] GC(843) User=0.01s Sys=0.00s Real=0.01s
[456.208s][info][gc,start       ] GC(844) Pause Young (Allocation Failure)
[456.210s][info][gc,heap        ] GC(844) PSYoungGen: 193503K(193536K)->671K(185856K) Eden: 191488K(191488K)->0K(184832K) From: 2015K(2048K)->671K(1024K)
[456.210s][info][gc,heap        ] GC(844) ParOldGen: 385140K(414720K)->385156K(414720K)
[456.210s][info][gc,metaspace   ] GC(844) Metaspace: 57604K(57920K)->57604K(57920K) NonClass: 51975K(52224K)->51975K(52224K) Class: 5629K(5696K)->5629K(5696K)
[456.210s][info][gc             ] GC(844) Pause Young (Allocation Failure) 565M->376M(586M) 2.089ms
[456.210s][info][gc,cpu         ] GC(844) User=0.01s Sys=0.00s Real=0.00s
[456.791s][info][gc,start       ] GC(845) Pause Young (Allocation Failure)
[456.795s][info][gc,heap        ] GC(845) PSYoungGen: 185503K(185856K)->2271K(180736K) Eden: 184832K(184832K)->0K(178176K) From: 671K(1024K)->2271K(2560K)
[456.795s][info][gc,heap        ] GC(845) ParOldGen: 385156K(414720K)->385172K(414720K)
[456.795s][info][gc,metaspace   ] GC(845) Metaspace: 57604K(57920K)->57604K(57920K) NonClass: 51975K(52224K)->51975K(52224K) Class: 5629K(5696K)->5629K(5696K)
[456.795s][info][gc             ] GC(845) Pause Young (Allocation Failure) 557M->378M(581M) 3.998ms
[456.795s][info][gc,cpu         ] GC(845) User=0.01s Sys=0.00s Real=0.00s
[457.188s][info][gc,start       ] GC(846) Pause Young (Allocation Failure)
[457.192s][info][gc,heap        ] GC(846) PSYoungGen: 180447K(180736K)->2719K(175104K) Eden: 178176K(178176K)->0K(172032K) From: 2271K(2560K)->2719K(3072K)
[457.192s][info][gc,heap        ] GC(846) ParOldGen: 385172K(414720K)->385188K(414720K)
[457.192s][info][gc,metaspace   ] GC(846) Metaspace: 57604K(57920K)->57604K(57920K) NonClass: 51975K(52224K)->51975K(52224K) Class: 5629K(5696K)->5629K(5696K)
[457.192s][info][gc             ] GC(846) Pause Young (Allocation Failure) 552M->378M(576M) 4.430ms
[457.193s][info][gc,cpu         ] GC(846) User=0.01s Sys=0.00s Real=0.00s
[457.591s][info][gc,start       ] GC(847) Pause Young (Allocation Failure)
[457.595s][info][gc,heap        ] GC(847) PSYoungGen: 174631K(175104K)->2336K(168960K) Eden: 171912K(172032K)->0K(166400K) From: 2719K(3072K)->2336K(2560K)
[457.595s][info][gc,heap        ] GC(847) ParOldGen: 385188K(414720K)->385204K(414720K)
[457.595s][info][gc,metaspace   ] GC(847) Metaspace: 57604K(57920K)->57604K(57920K) NonClass: 51975K(52224K)->51975K(52224K) Class: 5629K(5696K)->5629K(5696K)
[457.595s][info][gc             ] GC(847) Pause Young (Allocation Failure) 546M->378M(570M) 4.256ms
[457.595s][info][gc,cpu         ] GC(847) User=0.00s Sys=0.00s Real=0.00s
[457.985s][info][gc,start       ] GC(848) Pause Young (Allocation Failure)
[457.990s][info][gc,heap        ] GC(848) PSYoungGen: 168736K(168960K)->2783K(163840K) Eden: 166400K(166400K)->0K(160768K) From: 2336K(2560K)->2783K(3072K)
[457.990s][info][gc,heap        ] GC(848) ParOldGen: 385204K(414720K)->385220K(414720K)
[457.990s][info][gc,metaspace   ] GC(848) Metaspace: 57604K(57920K)->57604K(57920K) NonClass: 51975K(52224K)->51975K(52224K) Class: 5629K(5696K)->5629K(5696K)
[457.990s][info][gc             ] GC(848) Pause Young (Allocation Failure) 540M->378M(565M) 4.514ms
[457.990s][info][gc,cpu         ] GC(848) User=0.00s Sys=0.00s Real=0.01s
[458.380s][info][gc,start       ] GC(849) Pause Young (Allocation Failure)
[458.384s][info][gc,heap        ] GC(849) PSYoungGen: 163551K(163840K)->2142K(158208K) Eden: 160768K(160768K)->0K(155648K) From: 2783K(3072K)->2142K(2560K)
[458.384s][info][gc,heap        ] GC(849) ParOldGen: 385220K(414720K)->385236K(414720K)
[458.384s][info][gc,metaspace   ] GC(849) Metaspace: 57604K(57920K)->57604K(57920K) NonClass: 51975K(52224K)->51975K(52224K) Class: 5629K(5696K)->5629K(5696K)
[458.384s][info][gc             ] GC(849) Pause Young (Allocation Failure) 535M->378M(559M) 3.454ms
[458.384s][info][gc,cpu         ] GC(849) User=0.00s Sys=0.00s Real=0.00s
[458.769s][info][gc,start       ] GC(850) Pause Young (Allocation Failure)
[458.771s][info][gc,heap        ] GC(850) PSYoungGen: 157790K(158208K)->736K(151552K) Eden: 155648K(155648K)->0K(150528K) From: 2142K(2560K)->736K(1024K)
[458.771s][info][gc,heap        ] GC(850) ParOldGen: 385236K(414720K)->385252K(414720K)
[458.771s][info][gc,metaspace   ] GC(850) Metaspace: 57604K(57920K)->57604K(57920K) NonClass: 51975K(52224K)->51975K(52224K) Class: 5629K(5696K)->5629K(5696K)
[458.771s][info][gc             ] GC(850) Pause Young (Allocation Failure) 530M->376M(553M) 2.426ms
[458.771s][info][gc,cpu         ] GC(850) User=0.00s Sys=0.00s Real=0.00s
[459.090s][info][gc,start       ] GC(851) Pause Young (Allocation Failure)
[459.094s][info][gc,heap        ] GC(851) PSYoungGen: 151264K(151552K)->2431K(148480K) Eden: 150528K(150528K)->0K(145920K) From: 736K(1024K)->2431K(2560K)
[459.094s][info][gc,heap        ] GC(851) ParOldGen: 385252K(414720K)->385268K(414720K)
[459.094s][info][gc,metaspace   ] GC(851) Metaspace: 57604K(57920K)->57604K(57920K) NonClass: 51975K(52224K)->51975K(52224K) Class: 5629K(5696K)->5629K(5696K)
[459.094s][info][gc             ] GC(851) Pause Young (Allocation Failure) 523M->378M(550M) 4.029ms
[459.094s][info][gc,cpu         ] GC(851) User=0.01s Sys=0.00s Real=0.00s
[459.466s][info][gc,start       ] GC(852) Pause Young (Allocation Failure)
[459.468s][info][gc,heap        ] GC(852) PSYoungGen: 148351K(148480K)->623K(142336K) Eden: 145920K(145920K)->0K(141312K) From: 2431K(2560K)->623K(1024K)
[459.468s][info][gc,heap        ] GC(852) ParOldGen: 385268K(414720K)->385284K(414720K)
[459.468s][info][gc,metaspace   ] GC(852) Metaspace: 57604K(57920K)->57604K(57920K) NonClass: 51975K(52224K)->51975K(52224K) Class: 5629K(5696K)->5629K(5696K)
[459.468s][info][gc             ] GC(852) Pause Young (Allocation Failure) 521M->376M(544M) 2.110ms
[459.468s][info][gc,cpu         ] GC(852) User=0.01s Sys=0.00s Real=0.01s
[459.782s][info][gc,start       ] GC(853) Pause Young (Allocation Failure)
[459.786s][info][gc,heap        ] GC(853) PSYoungGen: 141935K(142336K)->2527K(139264K) Eden: 141312K(141312K)->0K(136704K) From: 623K(1024K)->2527K(2560K)
[459.786s][info][gc,heap        ] GC(853) ParOldGen: 385284K(414720K)->385300K(414720K)
[459.786s][info][gc,metaspace   ] GC(853) Metaspace: 57604K(57920K)->57604K(57920K) NonClass: 51975K(52224K)->51975K(52224K) Class: 5629K(5696K)->5629K(5696K)
[459.786s][info][gc             ] GC(853) Pause Young (Allocation Failure) 514M->378M(541M) 4.288ms
[459.786s][info][gc,cpu         ] GC(853) User=0.01s Sys=0.00s Real=0.00s
[460.142s][info][gc,start       ] GC(854) Pause Young (Allocation Failure)
[460.145s][info][gc,heap        ] GC(854) PSYoungGen: 139231K(139264K)->1503K(134144K) Eden: 136704K(136704K)->0K(132608K) From: 2527K(2560K)->1503K(1536K)
[460.145s][info][gc,heap        ] GC(854) ParOldGen: 385300K(414720K)->385316K(414720K)
[460.145s][info][gc,metaspace   ] GC(854) Metaspace: 57604K(57920K)->57604K(57920K) NonClass: 51975K(52224K)->51975K(52224K) Class: 5629K(5696K)->5629K(5696K)
[460.145s][info][gc             ] GC(854) Pause Young (Allocation Failure) 512M->377M(536M) 2.984ms
[460.145s][info][gc,cpu         ] GC(854) User=0.00s Sys=0.00s Real=0.00s
[460.402s][info][gc,start       ] GC(855) Pause Young (Allocation Failure)
[460.405s][info][gc,heap        ] GC(855) PSYoungGen: 134111K(134144K)->2015K(160256K) Eden: 132608K(132608K)->0K(158208K) From: 1503K(1536K)->2015K(2048K)
[460.405s][info][gc,heap        ] GC(855) ParOldGen: 385316K(414720K)->385332K(414720K)
[460.405s][info][gc,metaspace   ] GC(855) Metaspace: 57604K(57920K)->57604K(57920K) NonClass: 51975K(52224K)->51975K(52224K) Class: 5629K(5696K)->5629K(5696K)
[460.405s][info][gc             ] GC(855) Pause Young (Allocation Failure) 507M->378M(561M) 3.713ms
[460.405s][info][gc,cpu         ] GC(855) User=0.01s Sys=0.00s Real=0.00s
[460.787s][info][gc,start       ] GC(856) Pause Young (Allocation Failure)
[460.792s][info][gc,heap        ] GC(856) PSYoungGen: 160223K(160256K)->2943K(191488K) Eden: 158208K(158208K)->0K(188416K) From: 2015K(2048K)->2943K(3072K)
[460.792s][info][gc,heap        ] GC(856) ParOldGen: 385332K(414720K)->385348K(414720K)
[460.792s][info][gc,metaspace   ] GC(856) Metaspace: 57604K(57920K)->57604K(57920K) NonClass: 51975K(52224K)->51975K(52224K) Class: 5629K(5696K)->5629K(5696K)
[460.792s][info][gc             ] GC(856) Pause Young (Allocation Failure) 532M->379M(592M) 4.660ms
[460.792s][info][gc,cpu         ] GC(856) User=0.01s Sys=0.00s Real=0.00s
[461.321s][info][gc,start       ] GC(857) Pause Young (Allocation Failure)
[461.326s][info][gc,heap        ] GC(857) PSYoungGen: 191359K(191488K)->1087K(210432K) Eden: 188416K(188416K)->0K(206848K) From: 2943K(3072K)->1087K(3584K)
[461.326s][info][gc,heap        ] GC(857) ParOldGen: 385348K(414720K)->385364K(414720K)
[461.326s][info][gc,metaspace   ] GC(857) Metaspace: 57604K(57920K)->57604K(57920K) NonClass: 51975K(52224K)->51975K(52224K) Class: 5629K(5696K)->5629K(5696K)
[461.326s][info][gc             ] GC(857) Pause Young (Allocation Failure) 563M->377M(610M) 5.206ms
[461.326s][info][gc,cpu         ] GC(857) User=0.00s Sys=0.00s Real=0.01s
[461.694s][info][gc,start       ] GC(858) Pause Young (Allocation Failure)
[461.698s][info][gc,heap        ] GC(858) PSYoungGen: 207668K(210432K)->2464K(210944K) Eden: 206580K(206848K)->0K(206848K) From: 1087K(3584K)->2464K(4096K)
[461.698s][info][gc,heap        ] GC(858) ParOldGen: 385364K(414720K)->385380K(414720K)
[461.698s][info][gc,metaspace   ] GC(858) Metaspace: 57604K(57920K)->57604K(57920K) NonClass: 51975K(52224K)->51975K(52224K) Class: 5629K(5696K)->5629K(5696K)
[461.698s][info][gc             ] GC(858) Pause Young (Allocation Failure) 579M->378M(611M) 4.371ms
[461.698s][info][gc,cpu         ] GC(858) User=0.01s Sys=0.00s Real=0.01s
[462.188s][info][gc,start       ] GC(859) Pause Young (Allocation Failure)
[462.194s][info][gc,heap        ] GC(859) PSYoungGen: 209312K(210944K)->3199K(249856K) Eden: 206848K(206848K)->0K(245760K) From: 2464K(4096K)->3199K(4096K)
[462.194s][info][gc,heap        ] GC(859) ParOldGen: 385380K(414720K)->385396K(414720K)
[462.194s][info][gc,metaspace   ] GC(859) Metaspace: 57604K(57920K)->57604K(57920K) NonClass: 51975K(52224K)->51975K(52224K) Class: 5629K(5696K)->5629K(5696K)
[462.194s][info][gc             ] GC(859) Pause Young (Allocation Failure) 580M->379M(649M) 5.947ms
[462.194s][info][gc,cpu         ] GC(859) User=0.01s Sys=0.01s Real=0.00s
[462.787s][info][gc,start       ] GC(860) Pause Young (Allocation Failure)
[462.791s][info][gc,heap        ] GC(860) PSYoungGen: 248664K(249856K)->1664K(250368K) Eden: 245464K(245760K)->0K(245760K) From: 3199K(4096K)->1664K(4608K)
[462.791s][info][gc,heap        ] GC(860) ParOldGen: 385396K(414720K)->385412K(414720K)
[462.791s][info][gc,metaspace   ] GC(860) Metaspace: 57604K(57920K)->57604K(57920K) NonClass: 51975K(52224K)->51975K(52224K) Class: 5629K(5696K)->5629K(5696K)
[462.791s][info][gc             ] GC(860) Pause Young (Allocation Failure) 619M->378M(649M) 3.852ms
[462.791s][info][gc,cpu         ] GC(860) User=0.01s Sys=0.00s Real=0.00s
[463.371s][info][gc,start       ] GC(861) Pause Young (Allocation Failure)
[463.374s][info][gc,heap        ] GC(861) PSYoungGen: 247424K(250368K)->927K(237568K) Eden: 245760K(245760K)->0K(236544K) From: 1664K(4608K)->927K(1024K)
[463.374s][info][gc,heap        ] GC(861) ParOldGen: 385412K(414720K)->385428K(414720K)
[463.374s][info][gc,metaspace   ] GC(861) Metaspace: 57604K(57920K)->57604K(57920K) NonClass: 51975K(52224K)->51975K(52224K) Class: 5629K(5696K)->5629K(5696K)
[463.374s][info][gc             ] GC(861) Pause Young (Allocation Failure) 618M->377M(637M) 2.935ms
[463.374s][info][gc,cpu         ] GC(861) User=0.01s Sys=0.00s Real=0.00s
[463.886s][info][gc,start       ] GC(862) Pause Young (Allocation Failure)
[463.894s][info][gc,heap        ] GC(862) PSYoungGen: 237471K(237568K)->3358K(285184K) Eden: 236544K(236544K)->0K(281600K) From: 927K(1024K)->3358K(3584K)
[463.894s][info][gc,heap        ] GC(862) ParOldGen: 385428K(414720K)->385444K(414720K)
[463.894s][info][gc,metaspace   ] GC(862) Metaspace: 57604K(57920K)->57604K(57920K) NonClass: 51975K(52224K)->51975K(52224K) Class: 5629K(5696K)->5629K(5696K)
[463.894s][info][gc             ] GC(862) Pause Young (Allocation Failure) 608M->379M(683M) 7.442ms
[463.894s][info][gc,cpu         ] GC(862) User=0.01s Sys=0.01s Real=0.00s
[464.577s][info][gc,start       ] GC(863) Pause Young (Allocation Failure)
[464.580s][info][gc,heap        ] GC(863) PSYoungGen: 284958K(285184K)->1534K(272384K) Eden: 281600K(281600K)->0K(270848K) From: 3358K(3584K)->1534K(1536K)
[464.580s][info][gc,heap        ] GC(863) ParOldGen: 385444K(414720K)->385460K(414720K)
[464.580s][info][gc,metaspace   ] GC(863) Metaspace: 57604K(57920K)->57604K(57920K) NonClass: 51975K(52224K)->51975K(52224K) Class: 5629K(5696K)->5629K(5696K)
[464.580s][info][gc             ] GC(863) Pause Young (Allocation Failure) 654M->377M(671M) 3.417ms
[464.580s][info][gc,cpu         ] GC(863) User=0.00s Sys=0.00s Real=0.00s
[465.233s][info][gc,start       ] GC(864) Pause Young (Allocation Failure)
[465.266s][info][gc,heap        ] GC(864) PSYoungGen: 272252K(272384K)->3584K(289792K) Eden: 270717K(270848K)->0K(285184K) From: 1534K(1536K)->3584K(4608K)
[465.266s][info][gc,heap        ] GC(864) ParOldGen: 385460K(414720K)->385476K(414720K)
[465.266s][info][gc,metaspace   ] GC(864) Metaspace: 57604K(57920K)->57604K(57920K) NonClass: 51975K(52224K)->51975K(52224K) Class: 5629K(5696K)->5629K(5696K)
[465.266s][info][gc             ] GC(864) Pause Young (Allocation Failure) 642M->379M(688M) 32.559ms
[465.266s][info][gc,cpu         ] GC(864) User=0.02s Sys=0.00s Real=0.03s
[465.884s][info][gc,start       ] GC(865) Pause Young (Allocation Failure)
[465.891s][info][gc,heap        ] GC(865) PSYoungGen: 288691K(289792K)->1568K(328192K) Eden: 285107K(285184K)->0K(323584K) From: 3584K(4608K)->1568K(4608K)
[465.891s][info][gc,heap        ] GC(865) ParOldGen: 385476K(414720K)->385492K(414720K)
[465.891s][info][gc,metaspace   ] GC(865) Metaspace: 57604K(57920K)->57604K(57920K) NonClass: 51975K(52224K)->51975K(52224K) Class: 5629K(5696K)->5629K(5696K)
[465.891s][info][gc             ] GC(865) Pause Young (Allocation Failure) 658M->377M(725M) 7.543ms
[465.891s][info][gc,cpu         ] GC(865) User=0.00s Sys=0.01s Real=0.01s
[466.666s][info][gc,start       ] GC(866) Pause Young (Allocation Failure)
[466.668s][info][gc,heap        ] GC(866) PSYoungGen: 325152K(328192K)->245K(328192K) Eden: 323584K(323584K)->0K(323584K) From: 1568K(4608K)->245K(4608K)
[466.668s][info][gc,heap        ] GC(866) ParOldGen: 385492K(414720K)->385508K(414720K)
[466.668s][info][gc,metaspace   ] GC(866) Metaspace: 57604K(57920K)->57604K(57920K) NonClass: 51975K(52224K)->51975K(52224K) Class: 5629K(5696K)->5629K(5696K)
[466.668s][info][gc             ] GC(866) Pause Young (Allocation Failure) 693M->376M(725M) 1.918ms
[466.668s][info][gc,cpu         ] GC(866) User=0.00s Sys=0.00s Real=0.01s
[467.393s][info][gc,start       ] GC(867) Pause Young (Allocation Failure)
[467.398s][info][gc,heap        ] GC(867) PSYoungGen: 323829K(328192K)->2400K(329216K) Eden: 323583K(323584K)->0K(324608K) From: 245K(4608K)->2400K(4608K)
[467.398s][info][gc,heap        ] GC(867) ParOldGen: 385508K(414720K)->385524K(414720K)
[467.398s][info][gc,metaspace   ] GC(867) Metaspace: 57604K(57920K)->57604K(57920K) NonClass: 51975K(52224K)->51975K(52224K) Class: 5629K(5696K)->5629K(5696K)
[467.398s][info][gc             ] GC(867) Pause Young (Allocation Failure) 692M->378M(726M) 4.945ms
[467.398s][info][gc,cpu         ] GC(867) User=0.01s Sys=0.00s Real=0.01s
[468.173s][info][gc,start       ] GC(868) Pause Young (Allocation Failure)
[468.177s][info][gc,heap        ] GC(868) PSYoungGen: 327008K(329216K)->1950K(329216K) Eden: 324608K(324608K)->0K(324608K) From: 2400K(4608K)->1950K(4608K)
[468.177s][info][gc,heap        ] GC(868) ParOldGen: 385524K(414720K)->385540K(414720K)
[468.177s][info][gc,metaspace   ] GC(868) Metaspace: 57604K(57920K)->57604K(57920K) NonClass: 51975K(52224K)->51975K(52224K) Class: 5629K(5696K)->5629K(5696K)
[468.177s][info][gc             ] GC(868) Pause Young (Allocation Failure) 695M->378M(726M) 3.962ms
[468.177s][info][gc,cpu         ] GC(868) User=0.01s Sys=0.00s Real=0.01s
[469.006s][info][gc,start       ] GC(869) Pause Young (Allocation Failure)
[469.018s][info][gc,heap        ] GC(869) PSYoungGen: 326558K(329216K)->4592K(326144K) Eden: 324608K(324608K)->0K(321536K) From: 1950K(4608K)->4592K(4608K)
[469.018s][info][gc,heap        ] GC(869) ParOldGen: 385540K(414720K)->388795K(414720K)
[469.018s][info][gc,metaspace   ] GC(869) Metaspace: 57604K(57920K)->57604K(57920K) NonClass: 51975K(52224K)->51975K(52224K) Class: 5629K(5696K)->5629K(5696K)
[469.018s][info][gc             ] GC(869) Pause Young (Allocation Failure) 695M->384M(723M) 11.990ms
[469.018s][info][gc,cpu         ] GC(869) User=0.02s Sys=0.01s Real=0.01s
[469.787s][info][gc,start       ] GC(870) Pause Young (Allocation Failure)
[469.796s][info][gc,heap        ] GC(870) PSYoungGen: 326128K(326144K)->2591K(327680K) Eden: 321536K(321536K)->0K(321536K) From: 4592K(4608K)->2591K(6144K)
[469.796s][info][gc,heap        ] GC(870) ParOldGen: 388795K(414720K)->393404K(414720K)
[469.796s][info][gc,metaspace   ] GC(870) Metaspace: 57604K(57920K)->57604K(57920K) NonClass: 51975K(52224K)->51975K(52224K) Class: 5629K(5696K)->5629K(5696K)
[469.796s][info][gc             ] GC(870) Pause Young (Allocation Failure) 698M->386M(725M) 8.865ms
[469.796s][info][gc,cpu         ] GC(870) User=0.01s Sys=0.00s Real=0.01s
[470.510s][info][gc,start       ] GC(871) Pause Young (Allocation Failure)
[470.513s][info][gc,heap        ] GC(871) PSYoungGen: 324127K(327680K)->639K(309760K) Eden: 321536K(321536K)->0K(308736K) From: 2591K(6144K)->639K(1024K)
[470.513s][info][gc,heap        ] GC(871) ParOldGen: 393404K(414720K)->393452K(414720K)
[470.513s][info][gc,metaspace   ] GC(871) Metaspace: 57604K(57920K)->57604K(57920K) NonClass: 51975K(52224K)->51975K(52224K) Class: 5629K(5696K)->5629K(5696K)
[470.513s][info][gc             ] GC(871) Pause Young (Allocation Failure) 700M->384M(707M) 2.889ms
[470.513s][info][gc,cpu         ] GC(871) User=0.00s Sys=0.00s Real=0.00s
[471.271s][info][gc,start       ] GC(872) Pause Young (Allocation Failure)
[471.274s][info][gc,heap        ] GC(872) PSYoungGen: 309375K(309760K)->1086K(297984K) Eden: 308736K(308736K)->0K(296448K) From: 639K(1024K)->1086K(1536K)
[471.274s][info][gc,heap        ] GC(872) ParOldGen: 393452K(414720K)->393468K(414720K)
[471.274s][info][gc,metaspace   ] GC(872) Metaspace: 57604K(57920K)->57604K(57920K) NonClass: 51975K(52224K)->51975K(52224K) Class: 5629K(5696K)->5629K(5696K)
[471.274s][info][gc             ] GC(872) Pause Young (Allocation Failure) 686M->385M(696M) 3.006ms
[471.274s][info][gc,cpu         ] GC(872) User=0.01s Sys=0.00s Real=0.00s
[471.969s][info][gc,start       ] GC(873) Pause Young (Allocation Failure)
[471.971s][info][gc,heap        ] GC(873) PSYoungGen: 297534K(297984K)->1151K(286208K) Eden: 296448K(296448K)->0K(284672K) From: 1086K(1536K)->1151K(1536K)
[471.972s][info][gc,heap        ] GC(873) ParOldGen: 393468K(414720K)->393484K(414720K)
[471.972s][info][gc,metaspace   ] GC(873) Metaspace: 57604K(57920K)->57604K(57920K) NonClass: 51975K(52224K)->51975K(52224K) Class: 5629K(5696K)->5629K(5696K)
[471.972s][info][gc             ] GC(873) Pause Young (Allocation Failure) 674M->385M(684M) 2.834ms
[471.972s][info][gc,cpu         ] GC(873) User=0.00s Sys=0.00s Real=0.00s
[472.595s][info][gc,start       ] GC(874) Pause Young (Allocation Failure)
[472.599s][info][gc,heap        ] GC(874) PSYoungGen: 285592K(286208K)->1824K(275456K) Eden: 284441K(284672K)->0K(273408K) From: 1151K(1536K)->1824K(2048K)
[472.599s][info][gc,heap        ] GC(874) ParOldGen: 393484K(414720K)->393500K(414720K)
[472.599s][info][gc,metaspace   ] GC(874) Metaspace: 57604K(57920K)->57604K(57920K) NonClass: 51975K(52224K)->51975K(52224K) Class: 5629K(5696K)->5629K(5696K)
[472.599s][info][gc             ] GC(874) Pause Young (Allocation Failure) 663M->386M(674M) 3.865ms
[472.599s][info][gc,cpu         ] GC(874) User=0.01s Sys=0.00s Real=0.01s
[473.301s][info][gc,start       ] GC(875) Pause Young (Allocation Failure)
[473.304s][info][gc,heap        ] GC(875) PSYoungGen: 275232K(275456K)->768K(263680K) Eden: 273408K(273408K)->0K(262656K) From: 1824K(2048K)->768K(1024K)
[473.304s][info][gc,heap        ] GC(875) ParOldGen: 393500K(414720K)->393516K(414720K)
[473.304s][info][gc,metaspace   ] GC(875) Metaspace: 57604K(57920K)->57604K(57920K) NonClass: 51975K(52224K)->51975K(52224K) Class: 5629K(5696K)->5629K(5696K)
[473.304s][info][gc             ] GC(875) Pause Young (Allocation Failure) 653M->385M(662M) 2.922ms
[473.304s][info][gc,cpu         ] GC(875) User=0.00s Sys=0.00s Real=0.00s
[473.887s][info][gc,start       ] GC(876) Pause Young (Allocation Failure)
[473.892s][info][gc,heap        ] GC(876) PSYoungGen: 263424K(263680K)->2623K(258048K) Eden: 262656K(262656K)->0K(252416K) From: 768K(1024K)->2623K(5632K)
[473.892s][info][gc,heap        ] GC(876) ParOldGen: 393516K(414720K)->393532K(414720K)
[473.892s][info][gc,metaspace   ] GC(876) Metaspace: 57604K(57920K)->57604K(57920K) NonClass: 51975K(52224K)->51975K(52224K) Class: 5629K(5696K)->5629K(5696K)
[473.892s][info][gc             ] GC(876) Pause Young (Allocation Failure) 641M->386M(657M) 4.979ms
[473.892s][info][gc,cpu         ] GC(876) User=0.01s Sys=0.00s Real=0.00s
[474.481s][info][gc,start       ] GC(877) Pause Young (Allocation Failure)
[474.485s][info][gc,heap        ] GC(877) PSYoungGen: 255039K(258048K)->2047K(244736K) Eden: 252416K(252416K)->0K(242688K) From: 2623K(5632K)->2047K(2048K)
[474.485s][info][gc,heap        ] GC(877) ParOldGen: 393532K(414720K)->393548K(414720K)
[474.485s][info][gc,metaspace   ] GC(877) Metaspace: 57604K(57920K)->57604K(57920K) NonClass: 51975K(52224K)->51975K(52224K) Class: 5629K(5696K)->5629K(5696K)
[474.485s][info][gc             ] GC(877) Pause Young (Allocation Failure) 633M->386M(644M) 4.029ms
[474.485s][info][gc,cpu         ] GC(877) User=0.01s Sys=0.00s Real=0.00s
[475.073s][info][gc,start       ] GC(878) Pause Young (Allocation Failure)
[475.076s][info][gc,heap        ] GC(878) PSYoungGen: 244735K(244736K)->1439K(235008K) Eden: 242688K(242688K)->0K(233472K) From: 2047K(2048K)->1439K(1536K)
[475.076s][info][gc,heap        ] GC(878) ParOldGen: 393548K(414720K)->393564K(414720K)
[475.076s][info][gc,metaspace   ] GC(878) Metaspace: 57604K(57920K)->57604K(57920K) NonClass: 51975K(52224K)->51975K(52224K) Class: 5629K(5696K)->5629K(5696K)
[475.076s][info][gc             ] GC(878) Pause Young (Allocation Failure) 623M->385M(634M) 3.015ms
[475.076s][info][gc,cpu         ] GC(878) User=0.00s Sys=0.00s Real=0.01s
[475.596s][info][gc,start       ] GC(879) Pause Young (Allocation Failure)
[475.600s][info][gc,heap        ] GC(879) PSYoungGen: 234783K(235008K)->2016K(226816K) Eden: 233343K(233472K)->0K(224768K) From: 1439K(1536K)->2016K(2048K)
[475.600s][info][gc,heap        ] GC(879) ParOldGen: 393564K(414720K)->393580K(414720K)
[475.600s][info][gc,metaspace   ] GC(879) Metaspace: 57604K(57920K)->57604K(57920K) NonClass: 51975K(52224K)->51975K(52224K) Class: 5629K(5696K)->5629K(5696K)
[475.600s][info][gc             ] GC(879) Pause Young (Allocation Failure) 613M->386M(626M) 4.124ms
[475.600s][info][gc,cpu         ] GC(879) User=0.01s Sys=0.00s Real=0.00s
[476.167s][info][gc,start       ] GC(880) Pause Young (Allocation Failure)
[476.168s][info][gc,heap        ] GC(880) PSYoungGen: 226784K(226816K)->288K(217088K) Eden: 224768K(224768K)->0K(216576K) From: 2016K(2048K)->288K(512K)
[476.168s][info][gc,heap        ] GC(880) ParOldGen: 393580K(414720K)->393596K(414720K)
[476.168s][info][gc,metaspace   ] GC(880) Metaspace: 57604K(57920K)->57604K(57920K) NonClass: 51975K(52224K)->51975K(52224K) Class: 5629K(5696K)->5629K(5696K)
[476.168s][info][gc             ] GC(880) Pause Young (Allocation Failure) 605M->384M(617M) 1.976ms
[476.169s][info][gc,cpu         ] GC(880) User=0.00s Sys=0.00s Real=0.00s
[476.671s][info][gc,start       ] GC(881) Pause Young (Allocation Failure)
[476.674s][info][gc,heap        ] GC(881) PSYoungGen: 216864K(217088K)->1033K(210432K) Eden: 216576K(216576K)->0K(208896K) From: 288K(512K)->1033K(1536K)
[476.674s][info][gc,heap        ] GC(881) ParOldGen: 393596K(414720K)->393612K(414720K)
[476.674s][info][gc,metaspace   ] GC(881) Metaspace: 57604K(57920K)->57604K(57920K) NonClass: 51975K(52224K)->51975K(52224K) Class: 5629K(5696K)->5629K(5696K)
[476.674s][info][gc             ] GC(881) Pause Young (Allocation Failure) 596M->385M(610M) 2.862ms
[476.674s][info][gc,cpu         ] GC(881) User=0.00s Sys=0.00s Real=0.00s
[477.181s][info][gc,start       ] GC(882) Pause Young (Allocation Failure)
[477.184s][info][gc,heap        ] GC(882) PSYoungGen: 209929K(210432K)->1086K(202752K) Eden: 208896K(208896K)->0K(201216K) From: 1033K(1536K)->1086K(1536K)
[477.184s][info][gc,heap        ] GC(882) ParOldGen: 393612K(414720K)->393628K(414720K)
[477.184s][info][gc,metaspace   ] GC(882) Metaspace: 57604K(57920K)->57604K(57920K) NonClass: 51975K(52224K)->51975K(52224K) Class: 5629K(5696K)->5629K(5696K)
[477.184s][info][gc             ] GC(882) Pause Young (Allocation Failure) 589M->385M(603M) 3.110ms
[477.184s][info][gc,cpu         ] GC(882) User=0.00s Sys=0.00s Real=0.00s
[477.607s][info][gc,start       ] GC(883) Pause Young (Allocation Failure)
[477.611s][info][gc,heap        ] GC(883) PSYoungGen: 202155K(202752K)->1504K(195584K) Eden: 201069K(201216K)->0K(194048K) From: 1086K(1536K)->1504K(1536K)
[477.611s][info][gc,heap        ] GC(883) ParOldGen: 393628K(414720K)->393644K(414720K)
[477.611s][info][gc,metaspace   ] GC(883) Metaspace: 57604K(57920K)->57604K(57920K) NonClass: 51975K(52224K)->51975K(52224K) Class: 5629K(5696K)->5629K(5696K)
[477.611s][info][gc             ] GC(883) Pause Young (Allocation Failure) 581M->385M(596M) 3.997ms
[477.611s][info][gc,cpu         ] GC(883) User=0.01s Sys=0.00s Real=0.00s
[478.079s][info][gc,start       ] GC(884) Pause Young (Allocation Failure)
[478.082s][info][gc,heap        ] GC(884) PSYoungGen: 195552K(195584K)->1983K(189440K) Eden: 194048K(194048K)->0K(187392K) From: 1504K(1536K)->1983K(2048K)
[478.082s][info][gc,heap        ] GC(884) ParOldGen: 393644K(414720K)->393660K(414720K)
[478.082s][info][gc,metaspace   ] GC(884) Metaspace: 57604K(57920K)->57604K(57920K) NonClass: 51975K(52224K)->51975K(52224K) Class: 5629K(5696K)->5629K(5696K)
[478.082s][info][gc             ] GC(884) Pause Young (Allocation Failure) 575M->386M(590M) 3.463ms
[478.083s][info][gc,cpu         ] GC(884) User=0.01s Sys=0.00s Real=0.00s
[478.506s][info][gc,start       ] GC(885) Pause Young (Allocation Failure)
[478.509s][info][gc,heap        ] GC(885) PSYoungGen: 189185K(189440K)->1728K(182784K) Eden: 187201K(187392K)->0K(180736K) From: 1983K(2048K)->1728K(2048K)
[478.509s][info][gc,heap        ] GC(885) ParOldGen: 393660K(414720K)->393676K(414720K)
[478.509s][info][gc,metaspace   ] GC(885) Metaspace: 57604K(57920K)->57604K(57920K) NonClass: 51975K(52224K)->51975K(52224K) Class: 5629K(5696K)->5629K(5696K)
[478.509s][info][gc             ] GC(885) Pause Young (Allocation Failure) 569M->386M(583M) 3.684ms
[478.509s][info][gc,cpu         ] GC(885) User=0.01s Sys=0.00s Real=0.01s
[478.918s][info][gc,start       ] GC(886) Pause Young (Allocation Failure)
[478.920s][info][gc,heap        ] GC(886) PSYoungGen: 182407K(182784K)->448K(175104K) Eden: 180679K(180736K)->0K(174592K) From: 1728K(2048K)->448K(512K)
[478.920s][info][gc,heap        ] GC(886) ParOldGen: 393676K(414720K)->393692K(414720K)
[478.920s][info][gc,metaspace   ] GC(886) Metaspace: 57604K(57920K)->57604K(57920K) NonClass: 51975K(52224K)->51975K(52224K) Class: 5629K(5696K)->5629K(5696K)
[478.920s][info][gc             ] GC(886) Pause Young (Allocation Failure) 562M->384M(576M) 2.196ms
[478.920s][info][gc,cpu         ] GC(886) User=0.00s Sys=0.00s Real=0.00s
[479.370s][info][gc,start       ] GC(887) Pause Young (Allocation Failure)
[479.373s][info][gc,heap        ] GC(887) PSYoungGen: 175040K(175104K)->1118K(169984K) Eden: 174592K(174592K)->0K(168448K) From: 448K(512K)->1118K(1536K)
[479.373s][info][gc,heap        ] GC(887) ParOldGen: 393692K(414720K)->393708K(414720K)
[479.373s][info][gc,metaspace   ] GC(887) Metaspace: 57604K(57920K)->57604K(57920K) NonClass: 51975K(52224K)->51975K(52224K) Class: 5629K(5696K)->5629K(5696K)
[479.373s][info][gc             ] GC(887) Pause Young (Allocation Failure) 555M->385M(571M) 2.794ms
[479.373s][info][gc,cpu         ] GC(887) User=0.00s Sys=0.00s Real=0.00s
[479.767s][info][gc,start       ] GC(888) Pause Young (Allocation Failure)
[479.770s][info][gc,heap        ] GC(888) PSYoungGen: 169566K(169984K)->712K(163840K) Eden: 168448K(168448K)->0K(162816K) From: 1118K(1536K)->712K(1024K)
[479.770s][info][gc,heap        ] GC(888) ParOldGen: 393708K(414720K)->393724K(414720K)
[479.770s][info][gc,metaspace   ] GC(888) Metaspace: 57604K(57920K)->57604K(57920K) NonClass: 51975K(52224K)->51975K(52224K) Class: 5629K(5696K)->5629K(5696K)
[479.770s][info][gc             ] GC(888) Pause Young (Allocation Failure) 550M->385M(565M) 2.337ms
[479.770s][info][gc,cpu         ] GC(888) User=0.00s Sys=0.00s Real=0.00s
[480.158s][info][gc,start       ] GC(889) Pause Young (Allocation Failure)
[480.163s][info][gc,heap        ] GC(889) PSYoungGen: 163338K(163840K)->896K(158208K) Eden: 162625K(162816K)->0K(157184K) From: 712K(1024K)->896K(1024K)
[480.163s][info][gc,heap        ] GC(889) ParOldGen: 393724K(414720K)->393740K(414720K)
[480.163s][info][gc,metaspace   ] GC(889) Metaspace: 57604K(57920K)->57604K(57920K) NonClass: 51975K(52224K)->51975K(52224K) Class: 5629K(5696K)->5629K(5696K)
[480.163s][info][gc             ] GC(889) Pause Young (Allocation Failure) 544M->385M(559M) 4.785ms
[480.163s][info][gc,cpu         ] GC(889) User=0.00s Sys=0.00s Real=0.00s
[480.492s][info][gc,start       ] GC(890) Pause Young (Allocation Failure)
[480.497s][info][gc,heap        ] GC(890) PSYoungGen: 158080K(158208K)->3486K(155648K) Eden: 157184K(157184K)->0K(152064K) From: 896K(1024K)->3486K(3584K)
[480.497s][info][gc,heap        ] GC(890) ParOldGen: 393740K(414720K)->393756K(414720K)
[480.497s][info][gc,metaspace   ] GC(890) Metaspace: 57604K(57920K)->57604K(57920K) NonClass: 51975K(52224K)->51975K(52224K) Class: 5629K(5696K)->5629K(5696K)
[480.497s][info][gc             ] GC(890) Pause Young (Allocation Failure) 538M->387M(557M) 4.885ms
[480.497s][info][gc,cpu         ] GC(890) User=0.01s Sys=0.00s Real=0.01s
[480.875s][info][gc,start       ] GC(891) Pause Young (Allocation Failure)
[480.878s][info][gc,heap        ] GC(891) PSYoungGen: 155550K(155648K)->1800K(148992K) Eden: 152064K(152064K)->0K(146944K) From: 3486K(3584K)->1800K(2048K)
[480.878s][info][gc,heap        ] GC(891) ParOldGen: 393756K(414720K)->393772K(414720K)
[480.878s][info][gc,metaspace   ] GC(891) Metaspace: 57604K(57920K)->57604K(57920K) NonClass: 51975K(52224K)->51975K(52224K) Class: 5629K(5696K)->5629K(5696K)
[480.878s][info][gc             ] GC(891) Pause Young (Allocation Failure) 536M->386M(550M) 3.379ms
[480.878s][info][gc,cpu         ] GC(891) User=0.01s Sys=0.00s Real=0.01s
[481.208s][info][gc,start       ] GC(892) Pause Young (Allocation Failure)
[481.212s][info][gc,heap        ] GC(892) PSYoungGen: 148744K(148992K)->2080K(144896K) Eden: 146944K(146944K)->0K(142336K) From: 1800K(2048K)->2080K(2560K)
[481.212s][info][gc,heap        ] GC(892) ParOldGen: 393772K(414720K)->393788K(414720K)
[481.212s][info][gc,metaspace   ] GC(892) Metaspace: 57604K(57920K)->57604K(57920K) NonClass: 51975K(52224K)->51975K(52224K) Class: 5629K(5696K)->5629K(5696K)
[481.212s][info][gc             ] GC(892) Pause Young (Allocation Failure) 529M->386M(546M) 4.023ms
[481.212s][info][gc,cpu         ] GC(892) User=0.00s Sys=0.00s Real=0.00s
[481.571s][info][gc,start       ] GC(893) Pause Young (Allocation Failure)
[481.573s][info][gc,heap        ] GC(893) PSYoungGen: 144416K(144896K)->1598K(139776K) Eden: 142336K(142336K)->0K(137728K) From: 2080K(2560K)->1598K(2048K)
[481.574s][info][gc,heap        ] GC(893) ParOldGen: 393788K(414720K)->393804K(414720K)
[481.574s][info][gc,metaspace   ] GC(893) Metaspace: 57604K(57920K)->57604K(57920K) NonClass: 51975K(52224K)->51975K(52224K) Class: 5629K(5696K)->5629K(5696K)
[481.574s][info][gc             ] GC(893) Pause Young (Allocation Failure) 525M->386M(541M) 2.755ms
[481.574s][info][gc,cpu         ] GC(893) User=0.01s Sys=0.00s Real=0.00s
[481.881s][info][gc,start       ] GC(894) Pause Young (Allocation Failure)
[481.885s][info][gc,heap        ] GC(894) PSYoungGen: 139326K(139776K)->2847K(167424K) Eden: 137728K(137728K)->0K(164352K) From: 1598K(2048K)->2847K(3072K)
[481.885s][info][gc,heap        ] GC(894) ParOldGen: 393804K(414720K)->393820K(414720K)
[481.885s][info][gc,metaspace   ] GC(894) Metaspace: 57604K(57920K)->57604K(57920K) NonClass: 51975K(52224K)->51975K(52224K) Class: 5629K(5696K)->5629K(5696K)
[481.885s][info][gc             ] GC(894) Pause Young (Allocation Failure) 520M->387M(568M) 4.691ms
[481.885s][info][gc,cpu         ] GC(894) User=0.00s Sys=0.00s Real=0.00s
[482.278s][info][gc,start       ] GC(895) Pause Young (Allocation Failure)
[482.282s][info][gc,heap        ] GC(895) PSYoungGen: 167199K(167424K)->1696K(198144K) Eden: 164352K(164352K)->0K(196096K) From: 2847K(3072K)->1696K(2048K)
[482.282s][info][gc,heap        ] GC(895) ParOldGen: 393820K(414720K)->393836K(414720K)
[482.282s][info][gc,metaspace   ] GC(895) Metaspace: 57604K(57920K)->57604K(57920K) NonClass: 51975K(52224K)->51975K(52224K) Class: 5629K(5696K)->5629K(5696K)
[482.282s][info][gc             ] GC(895) Pause Young (Allocation Failure) 547M->386M(598M) 3.512ms
[482.282s][info][gc,cpu         ] GC(895) User=0.01s Sys=0.00s Real=0.00s
[483.456s][info][gc,start       ] GC(896) Pause Young (Allocation Failure)
[483.458s][info][gc,heap        ] GC(896) PSYoungGen: 161769K(198144K)->64K(189440K) Eden: 160073K(196096K)->0K(188928K) From: 1696K(2048K)->64K(512K)
[483.458s][info][gc,heap        ] GC(896) ParOldGen: 393836K(414720K)->393852K(414720K)
[483.458s][info][gc,metaspace   ] GC(896) Metaspace: 57607K(57920K)->57607K(57920K) NonClass: 51978K(52224K)->51978K(52224K) Class: 5629K(5696K)->5629K(5696K)
[483.458s][info][gc             ] GC(896) Pause Young (Allocation Failure) 542M->384M(590M) 1.835ms
[483.458s][info][gc,cpu         ] GC(896) User=0.00s Sys=0.00s Real=0.00s
[484.861s][info][gc,start       ] GC(897) Pause Young (Allocation Failure)
[484.941s][info][gc,heap        ] GC(897) PSYoungGen: 188992K(189440K)->4089K(229888K) Eden: 188928K(188928K)->0K(225792K) From: 64K(512K)->4089K(4096K)
[484.941s][info][gc,heap        ] GC(897) ParOldGen: 393852K(414720K)->497069K(497664K)
[484.941s][info][gc,metaspace   ] GC(897) Metaspace: 57776K(58048K)->57776K(58048K) NonClass: 52147K(52352K)->52147K(52352K) Class: 5629K(5696K)->5629K(5696K)
[484.941s][info][gc             ] GC(897) Pause Young (Allocation Failure) 569M->489M(710M) 80.223ms
[484.941s][info][gc,cpu         ] GC(897) User=0.09s Sys=0.06s Real=0.08s
[485.387s][info][gc,start       ] GC(898) Pause Young (Allocation Failure)
[485.398s][info][gc,heap        ] GC(898) PSYoungGen: 229881K(229888K)->3231K(268800K) Eden: 225792K(225792K)->0K(225792K) From: 4089K(4096K)->3231K(43008K)
[485.398s][info][gc,heap        ] GC(898) ParOldGen: 497069K(497664K)->501166K(501248K)
[485.398s][info][gc,metaspace   ] GC(898) Metaspace: 57776K(58048K)->57776K(58048K) NonClass: 52147K(52352K)->52147K(52352K) Class: 5629K(5696K)->5629K(5696K)
[485.398s][info][gc             ] GC(898) Pause Young (Allocation Failure) 709M->492M(752M) 11.341ms
[485.398s][info][gc,cpu         ] GC(898) User=0.02s Sys=0.01s Real=0.01s
[485.909s][info][gc,start       ] GC(899) Pause Young (Allocation Failure)
[485.912s][info][gc,heap        ] GC(899) PSYoungGen: 228959K(268800K)->800K(286208K) Eden: 225728K(225792K)->0K(249344K) From: 3231K(43008K)->800K(36864K)
[485.912s][info][gc,heap        ] GC(899) ParOldGen: 501166K(501248K)->501326K(501760K)
[485.912s][info][gc,metaspace   ] GC(899) Metaspace: 57776K(58048K)->57776K(58048K) NonClass: 52147K(52352K)->52147K(52352K) Class: 5629K(5696K)->5629K(5696K)
[485.912s][info][gc             ] GC(899) Pause Young (Allocation Failure) 713M->490M(769M) 3.710ms
[485.912s][info][gc,cpu         ] GC(899) User=0.00s Sys=0.00s Real=0.00s
[486.500s][info][gc,start       ] GC(900) Pause Young (Allocation Failure)
[486.504s][info][gc,heap        ] GC(900) PSYoungGen: 250144K(286208K)->2431K(289280K) Eden: 249344K(249344K)->0K(249344K) From: 800K(36864K)->2431K(39936K)
[486.504s][info][gc,heap        ] GC(900) ParOldGen: 501326K(501760K)->501342K(501760K)
[486.504s][info][gc,metaspace   ] GC(900) Metaspace: 57776K(58048K)->57776K(58048K) NonClass: 52147K(52352K)->52147K(52352K) Class: 5629K(5696K)->5629K(5696K)
[486.504s][info][gc             ] GC(900) Pause Young (Allocation Failure) 733M->491M(772M) 4.430ms
[486.504s][info][gc,cpu         ] GC(900) User=0.00s Sys=0.00s Real=0.00s
[487.088s][info][gc,start       ] GC(901) Pause Young (Allocation Failure)
[487.094s][info][gc,heap        ] GC(901) PSYoungGen: 251540K(289280K)->2784K(289280K) Eden: 249108K(249344K)->0K(255488K) From: 2431K(39936K)->2784K(33792K)
[487.094s][info][gc,heap        ] GC(901) ParOldGen: 501342K(501760K)->501358K(501760K)
[487.094s][info][gc,metaspace   ] GC(901) Metaspace: 57776K(58048K)->57776K(58048K) NonClass: 52147K(52352K)->52147K(52352K) Class: 5629K(5696K)->5629K(5696K)
[487.094s][info][gc             ] GC(901) Pause Young (Allocation Failure) 735M->492M(772M) 6.032ms
[487.094s][info][gc,cpu         ] GC(901) User=0.01s Sys=0.00s Real=0.00s
[487.700s][info][gc,start       ] GC(902) Pause Young (Allocation Failure)
[487.704s][info][gc,heap        ] GC(902) PSYoungGen: 258266K(289280K)->2368K(292352K) Eden: 255482K(255488K)->0K(255488K) From: 2784K(33792K)->2368K(36864K)
[487.704s][info][gc,heap        ] GC(902) ParOldGen: 501358K(501760K)->501374K(501760K)
[487.704s][info][gc,metaspace   ] GC(902) Metaspace: 57777K(58048K)->57777K(58048K) NonClass: 52148K(52352K)->52148K(52352K) Class: 5629K(5696K)->5629K(5696K)
[487.704s][info][gc             ] GC(902) Pause Young (Allocation Failure) 741M->491M(775M) 4.587ms
[487.704s][info][gc,cpu         ] GC(902) User=0.01s Sys=0.00s Real=0.00s
[488.294s][info][gc,start       ] GC(903) Pause Young (Allocation Failure)
[488.298s][info][gc,heap        ] GC(903) PSYoungGen: 257856K(292352K)->2048K(292864K) Eden: 255488K(255488K)->0K(262144K) From: 2368K(36864K)->2048K(30720K)
[488.298s][info][gc,heap        ] GC(903) ParOldGen: 501374K(501760K)->501390K(501760K)
[488.298s][info][gc,metaspace   ] GC(903) Metaspace: 57777K(58048K)->57777K(58048K) NonClass: 52148K(52352K)->52148K(52352K) Class: 5629K(5696K)->5629K(5696K)
[488.298s][info][gc             ] GC(903) Pause Young (Allocation Failure) 741M->491M(776M) 4.879ms
[488.298s][info][gc,cpu         ] GC(903) User=0.00s Sys=0.01s Real=0.01s
[488.918s][info][gc,start       ] GC(904) Pause Young (Allocation Failure)
[488.921s][info][gc,heap        ] GC(904) PSYoungGen: 264192K(292864K)->927K(252928K) Eden: 262144K(262144K)->0K(251904K) From: 2048K(30720K)->927K(1024K)
[488.921s][info][gc,heap        ] GC(904) ParOldGen: 501390K(501760K)->501406K(501760K)
[488.921s][info][gc,metaspace   ] GC(904) Metaspace: 57777K(58048K)->57777K(58048K) NonClass: 52148K(52352K)->52148K(52352K) Class: 5629K(5696K)->5629K(5696K)
[488.921s][info][gc             ] GC(904) Pause Young (Allocation Failure) 747M->490M(737M) 2.906ms
[488.921s][info][gc,cpu         ] GC(904) User=0.01s Sys=0.00s Real=0.00s
[489.544s][info][gc,start       ] GC(905) Pause Young (Allocation Failure)
[489.547s][info][gc,heap        ] GC(905) PSYoungGen: 252831K(252928K)->1215K(262144K) Eden: 251904K(251904K)->0K(242176K) From: 927K(1024K)->1215K(19968K)
[489.547s][info][gc,heap        ] GC(905) ParOldGen: 501406K(501760K)->501422K(501760K)
[489.547s][info][gc,metaspace   ] GC(905) Metaspace: 57777K(58048K)->57777K(58048K) NonClass: 52148K(52352K)->52148K(52352K) Class: 5629K(5696K)->5629K(5696K)
[489.547s][info][gc             ] GC(905) Pause Young (Allocation Failure) 736M->490M(746M) 3.390ms
[489.547s][info][gc,cpu         ] GC(905) User=0.01s Sys=0.01s Real=0.01s
[490.089s][info][gc,start       ] GC(906) Pause Young (Allocation Failure)
[490.093s][info][gc,heap        ] GC(906) PSYoungGen: 243391K(262144K)->2080K(235520K) Eden: 242176K(242176K)->0K(232960K) From: 1215K(19968K)->2080K(2560K)
[490.093s][info][gc,heap        ] GC(906) ParOldGen: 501422K(501760K)->501438K(501760K)
[490.093s][info][gc,metaspace   ] GC(906) Metaspace: 57777K(58048K)->57777K(58048K) NonClass: 52148K(52352K)->52148K(52352K) Class: 5629K(5696K)->5629K(5696K)
[490.094s][info][gc             ] GC(906) Pause Young (Allocation Failure) 727M->491M(720M) 4.559ms
[490.094s][info][gc,cpu         ] GC(906) User=0.01s Sys=0.00s Real=0.00s
[490.667s][info][gc,start       ] GC(907) Pause Young (Allocation Failure)
[490.669s][info][gc,heap        ] GC(907) PSYoungGen: 235040K(235520K)->416K(242176K) Eden: 232960K(232960K)->0K(224256K) From: 2080K(2560K)->416K(17920K)
[490.669s][info][gc,heap        ] GC(907) ParOldGen: 501438K(501760K)->501454K(501760K)
[490.669s][info][gc,metaspace   ] GC(907) Metaspace: 57777K(58048K)->57777K(58048K) NonClass: 52148K(52352K)->52148K(52352K) Class: 5629K(5696K)->5629K(5696K)
[490.669s][info][gc             ] GC(907) Pause Young (Allocation Failure) 719M->490M(726M) 2.459ms
[490.669s][info][gc,cpu         ] GC(907) User=0.00s Sys=0.00s Real=0.00s
[491.174s][info][gc,start       ] GC(908) Pause Young (Allocation Failure)
[491.178s][info][gc,heap        ] GC(908) PSYoungGen: 224672K(242176K)->639K(217088K) Eden: 224256K(224256K)->0K(216064K) From: 416K(17920K)->639K(1024K)
[491.178s][info][gc,heap        ] GC(908) ParOldGen: 501454K(501760K)->501470K(501760K)
[491.178s][info][gc,metaspace   ] GC(908) Metaspace: 57777K(58048K)->57777K(58048K) NonClass: 52148K(52352K)->52148K(52352K) Class: 5629K(5696K)->5629K(5696K)
[491.178s][info][gc             ] GC(908) Pause Young (Allocation Failure) 709M->490M(702M) 3.372ms
[491.178s][info][gc,cpu         ] GC(908) User=0.00s Sys=0.00s Real=0.01s
[491.677s][info][gc,start       ] GC(909) Pause Young (Allocation Failure)
[491.681s][info][gc,heap        ] GC(909) PSYoungGen: 216703K(217088K)->1216K(223744K) Eden: 216064K(216064K)->0K(208384K) From: 639K(1024K)->1216K(15360K)
[491.681s][info][gc,heap        ] GC(909) ParOldGen: 501470K(501760K)->501486K(501760K)
[491.681s][info][gc,metaspace   ] GC(909) Metaspace: 57777K(58048K)->57777K(58048K) NonClass: 52148K(52352K)->52148K(52352K) Class: 5629K(5696K)->5629K(5696K)
[491.681s][info][gc             ] GC(909) Pause Young (Allocation Failure) 701M->490M(708M) 3.980ms
[491.681s][info][gc,cpu         ] GC(909) User=0.00s Sys=0.00s Real=0.00s
[492.175s][info][gc,start       ] GC(910) Pause Young (Allocation Failure)
[492.179s][info][gc,heap        ] GC(910) PSYoungGen: 209600K(223744K)->1119K(202240K) Eden: 208384K(208384K)->0K(200704K) From: 1216K(15360K)->1119K(1536K)
[492.179s][info][gc,heap        ] GC(910) ParOldGen: 501486K(501760K)->501502K(501760K)
[492.179s][info][gc,metaspace   ] GC(910) Metaspace: 57777K(58048K)->57777K(58048K) NonClass: 52148K(52352K)->52148K(52352K) Class: 5629K(5696K)->5629K(5696K)
[492.179s][info][gc             ] GC(910) Pause Young (Allocation Failure) 694M->490M(687M) 3.641ms
[492.179s][info][gc,cpu         ] GC(910) User=0.00s Sys=0.00s Real=0.01s
[492.666s][info][gc,start       ] GC(911) Pause Young (Allocation Failure)
[492.669s][info][gc,heap        ] GC(911) PSYoungGen: 201823K(202240K)->380K(207360K) Eden: 200704K(200704K)->0K(193536K) From: 1119K(1536K)->380K(13824K)
[492.669s][info][gc,heap        ] GC(911) ParOldGen: 501502K(501760K)->501518K(501760K)
[492.669s][info][gc,metaspace   ] GC(911) Metaspace: 57777K(58048K)->57777K(58048K) NonClass: 52148K(52352K)->52148K(52352K) Class: 5629K(5696K)->5629K(5696K)
[492.669s][info][gc             ] GC(911) Pause Young (Allocation Failure) 686M->490M(692M) 2.742ms
[492.669s][info][gc,cpu         ] GC(911) User=0.00s Sys=0.00s Real=0.00s
[493.089s][info][gc,start       ] GC(912) Pause Young (Allocation Failure)
[493.095s][info][gc,heap        ] GC(912) PSYoungGen: 193916K(207360K)->2944K(189952K) Eden: 193536K(193536K)->0K(186880K) From: 380K(13824K)->2944K(3072K)
[493.095s][info][gc,heap        ] GC(912) ParOldGen: 501518K(501760K)->501534K(501760K)
[493.095s][info][gc,metaspace   ] GC(912) Metaspace: 57777K(58048K)->57777K(58048K) NonClass: 52148K(52352K)->52148K(52352K) Class: 5629K(5696K)->5629K(5696K)
[493.095s][info][gc             ] GC(912) Pause Young (Allocation Failure) 679M->492M(675M) 6.178ms
[493.095s][info][gc,cpu         ] GC(912) User=0.01s Sys=0.00s Real=0.00s
[493.572s][info][gc,start       ] GC(913) Pause Young (Allocation Failure)
[493.576s][info][gc,heap        ] GC(913) PSYoungGen: 189824K(189952K)->1193K(190976K) Eden: 186880K(186880K)->0K(180224K) From: 2944K(3072K)->1193K(10752K)
[493.576s][info][gc,heap        ] GC(913) ParOldGen: 501534K(501760K)->501550K(501760K)
[493.576s][info][gc,metaspace   ] GC(913) Metaspace: 57777K(58048K)->57777K(58048K) NonClass: 52148K(52352K)->52148K(52352K) Class: 5629K(5696K)->5629K(5696K)
[493.576s][info][gc             ] GC(913) Pause Young (Allocation Failure) 675M->490M(676M) 4.099ms
[493.576s][info][gc,cpu         ] GC(913) User=0.01s Sys=0.00s Real=0.00s
[493.976s][info][gc,start       ] GC(914) Pause Young (Allocation Failure)
[493.981s][info][gc,heap        ] GC(914) PSYoungGen: 181417K(190976K)->1728K(176128K) Eden: 180224K(180224K)->0K(174080K) From: 1193K(10752K)->1728K(2048K)
[493.981s][info][gc,heap        ] GC(914) ParOldGen: 501550K(501760K)->501566K(501760K)
[493.981s][info][gc,metaspace   ] GC(914) Metaspace: 57777K(58048K)->57777K(58048K) NonClass: 52148K(52352K)->52148K(52352K) Class: 5629K(5696K)->5629K(5696K)
[493.981s][info][gc             ] GC(914) Pause Young (Allocation Failure) 666M->491M(662M) 4.270ms
[493.981s][info][gc,cpu         ] GC(914) User=0.01s Sys=0.00s Real=0.00s
[494.383s][info][gc,start       ] GC(915) Pause Young (Allocation Failure)
[494.389s][info][gc,heap        ] GC(915) PSYoungGen: 175808K(176128K)->2815K(176640K) Eden: 174080K(174080K)->0K(167936K) From: 1728K(2048K)->2815K(8704K)
[494.389s][info][gc,heap        ] GC(915) ParOldGen: 501566K(501760K)->501582K(501760K)
[494.389s][info][gc,metaspace   ] GC(915) Metaspace: 57777K(58048K)->57777K(58048K) NonClass: 52148K(52352K)->52148K(52352K) Class: 5629K(5696K)->5629K(5696K)
[494.389s][info][gc             ] GC(915) Pause Young (Allocation Failure) 661M->492M(662M) 5.352ms
[494.389s][info][gc,cpu         ] GC(915) User=0.01s Sys=0.00s Real=0.01s
[494.786s][info][gc,start       ] GC(916) Pause Young (Allocation Failure)
[494.791s][info][gc,heap        ] GC(916) PSYoungGen: 170751K(176640K)->2496K(164864K) Eden: 167936K(167936K)->0K(162304K) From: 2815K(8704K)->2496K(2560K)
[494.791s][info][gc,heap        ] GC(916) ParOldGen: 501582K(501760K)->501598K(501760K)
[494.791s][info][gc,metaspace   ] GC(916) Metaspace: 57777K(58048K)->57777K(58048K) NonClass: 52148K(52352K)->52148K(52352K) Class: 5629K(5696K)->5629K(5696K)
[494.791s][info][gc             ] GC(916) Pause Young (Allocation Failure) 656M->492M(651M) 5.110ms
[494.791s][info][gc,cpu         ] GC(916) User=0.01s Sys=0.00s Real=0.01s
[495.179s][info][gc,start       ] GC(917) Pause Young (Allocation Failure)
[495.183s][info][gc,heap        ] GC(917) PSYoungGen: 164800K(164864K)->1887K(165376K) Eden: 162304K(162304K)->0K(157184K) From: 2496K(2560K)->1887K(8192K)
[495.183s][info][gc,heap        ] GC(917) ParOldGen: 501598K(501760K)->501614K(501760K)
[495.183s][info][gc,metaspace   ] GC(917) Metaspace: 57777K(58048K)->57777K(58048K) NonClass: 52148K(52352K)->52148K(52352K) Class: 5629K(5696K)->5629K(5696K)
[495.183s][info][gc             ] GC(917) Pause Young (Allocation Failure) 650M->491M(651M) 4.055ms
[495.183s][info][gc,cpu         ] GC(917) User=0.00s Sys=0.00s Real=0.00s
[495.567s][info][gc,start       ] GC(918) Pause Young (Allocation Failure)
[495.570s][info][gc,heap        ] GC(918) PSYoungGen: 159071K(165376K)->585K(153088K) Eden: 157184K(157184K)->0K(152064K) From: 1887K(8192K)->585K(1024K)
[495.570s][info][gc,heap        ] GC(918) ParOldGen: 501614K(501760K)->501630K(501760K)
[495.570s][info][gc,metaspace   ] GC(918) Metaspace: 57777K(58048K)->57777K(58048K) NonClass: 52148K(52352K)->52148K(52352K) Class: 5629K(5696K)->5629K(5696K)
[495.570s][info][gc             ] GC(918) Pause Young (Allocation Failure) 645M->490M(639M) 2.714ms
[495.570s][info][gc,cpu         ] GC(918) User=0.01s Sys=0.00s Real=0.00s
[495.889s][info][gc,start       ] GC(919) Pause Young (Allocation Failure)
[495.894s][info][gc,heap        ] GC(919) PSYoungGen: 152649K(153088K)->2464K(166912K) Eden: 152064K(152064K)->0K(153088K) From: 585K(1024K)->2464K(13824K)
[495.894s][info][gc,heap        ] GC(919) ParOldGen: 501630K(501760K)->501646K(501760K)
[495.894s][info][gc,metaspace   ] GC(919) Metaspace: 57777K(58048K)->57777K(58048K) NonClass: 52148K(52352K)->52148K(52352K) Class: 5629K(5696K)->5629K(5696K)
[495.894s][info][gc             ] GC(919) Pause Young (Allocation Failure) 638M->492M(653M) 4.696ms
[495.894s][info][gc,cpu         ] GC(919) User=0.01s Sys=0.00s Real=0.00s
[496.273s][info][gc,start       ] GC(920) Pause Young (Allocation Failure)
[496.276s][info][gc,heap        ] GC(920) PSYoungGen: 155552K(166912K)->704K(148992K) Eden: 153088K(153088K)->0K(147968K) From: 2464K(13824K)->704K(1024K)
[496.276s][info][gc,heap        ] GC(920) ParOldGen: 501646K(501760K)->501662K(501760K)
[496.276s][info][gc,metaspace   ] GC(920) Metaspace: 57777K(58048K)->57777K(58048K) NonClass: 52148K(52352K)->52148K(52352K) Class: 5629K(5696K)->5629K(5696K)
[496.276s][info][gc             ] GC(920) Pause Young (Allocation Failure) 641M->490M(635M) 3.012ms
[496.276s][info][gc,cpu         ] GC(920) User=0.01s Sys=0.00s Real=0.01s
[496.594s][info][gc,start       ] GC(921) Pause Young (Allocation Failure)
[496.599s][info][gc,heap        ] GC(921) PSYoungGen: 148437K(148992K)->2624K(161280K) Eden: 147733K(147968K)->0K(148992K) From: 704K(1024K)->2624K(12288K)
[496.599s][info][gc,heap        ] GC(921) ParOldGen: 501662K(501760K)->501678K(501760K)
[496.599s][info][gc,metaspace   ] GC(921) Metaspace: 57777K(58048K)->57777K(58048K) NonClass: 52148K(52352K)->52148K(52352K) Class: 5629K(5696K)->5629K(5696K)
[496.599s][info][gc             ] GC(921) Pause Young (Allocation Failure) 634M->492M(647M) 4.814ms
[496.599s][info][gc,cpu         ] GC(921) User=0.01s Sys=0.00s Real=0.01s
[496.976s][info][gc,start       ] GC(922) Pause Young (Allocation Failure)
[496.979s][info][gc,heap        ] GC(922) PSYoungGen: 151616K(161280K)->1535K(160256K) Eden: 148992K(148992K)->0K(148992K) From: 2624K(12288K)->1535K(11264K)
[496.979s][info][gc,heap        ] GC(922) ParOldGen: 501678K(501760K)->501694K(501760K)
[496.979s][info][gc,metaspace   ] GC(922) Metaspace: 57777K(58048K)->57777K(58048K) NonClass: 52148K(52352K)->52148K(52352K) Class: 5629K(5696K)->5629K(5696K)
[496.979s][info][gc             ] GC(922) Pause Young (Allocation Failure) 637M->491M(646M) 3.197ms
[496.979s][info][gc,cpu         ] GC(922) User=0.01s Sys=0.00s Real=0.01s
[497.297s][info][gc,start       ] GC(923) Pause Young (Allocation Failure)
[497.301s][info][gc,heap        ] GC(923) PSYoungGen: 150527K(160256K)->2047K(186880K) Eden: 148992K(148992K)->0K(177664K) From: 1535K(11264K)->2047K(9216K)
[497.301s][info][gc,heap        ] GC(923) ParOldGen: 501694K(501760K)->501710K(501760K)
[497.301s][info][gc,metaspace   ] GC(923) Metaspace: 57777K(58048K)->57777K(58048K) NonClass: 52148K(52352K)->52148K(52352K) Class: 5629K(5696K)->5629K(5696K)
[497.301s][info][gc             ] GC(923) Pause Young (Allocation Failure) 636M->491M(672M) 4.612ms
[497.301s][info][gc,cpu         ] GC(923) User=0.01s Sys=0.01s Real=0.00s
[497.765s][info][gc,start       ] GC(924) Pause Young (Allocation Failure)
[497.767s][info][gc,heap        ] GC(924) PSYoungGen: 179711K(186880K)->174K(172032K) Eden: 177664K(177664K)->0K(171520K) From: 2047K(9216K)->174K(512K)
[497.767s][info][gc,heap        ] GC(924) ParOldGen: 501710K(501760K)->501726K(501760K)
[497.767s][info][gc,metaspace   ] GC(924) Metaspace: 57777K(58048K)->57777K(58048K) NonClass: 52148K(52352K)->52148K(52352K) Class: 5629K(5696K)->5629K(5696K)
[497.767s][info][gc             ] GC(924) Pause Young (Allocation Failure) 665M->490M(658M) 2.035ms
[497.767s][info][gc,cpu         ] GC(924) User=0.01s Sys=0.00s Real=0.01s
[498.166s][info][gc,start       ] GC(925) Pause Young (Allocation Failure)
[498.168s][info][gc,heap        ] GC(925) PSYoungGen: 171694K(172032K)->288K(169472K) Eden: 171520K(171520K)->0K(165888K) From: 174K(512K)->288K(3584K)
[498.168s][info][gc,heap        ] GC(925) ParOldGen: 501726K(501760K)->501742K(501760K)
[498.169s][info][gc,metaspace   ] GC(925) Metaspace: 57777K(58048K)->57777K(58048K) NonClass: 52148K(52352K)->52148K(52352K) Class: 5629K(5696K)->5629K(5696K)
[498.169s][info][gc             ] GC(925) Pause Young (Allocation Failure) 657M->490M(655M) 2.359ms
[498.169s][info][gc,cpu         ] GC(925) User=0.00s Sys=0.00s Real=0.00s
[498.509s][info][gc,start       ] GC(926) Pause Young (Allocation Failure)
[498.512s][info][gc,heap        ] GC(926) PSYoungGen: 165945K(169472K)->992K(161280K) Eden: 165657K(165888K)->0K(160256K) From: 288K(3584K)->992K(1024K)
[498.512s][info][gc,heap        ] GC(926) ParOldGen: 501742K(501760K)->501758K(501760K)
[498.512s][info][gc,metaspace   ] GC(926) Metaspace: 57777K(58048K)->57777K(58048K) NonClass: 52148K(52352K)->52148K(52352K) Class: 5629K(5696K)->5629K(5696K)
[498.512s][info][gc             ] GC(926) Pause Young (Allocation Failure) 652M->490M(647M) 3.027ms
[498.512s][info][gc,cpu         ] GC(926) User=0.00s Sys=0.00s Real=0.00s
[498.891s][info][gc,start       ] GC(927) Pause Young (Allocation Failure)
[498.897s][info][gc,heap        ] GC(927) PSYoungGen: 161248K(161280K)->3295K(173056K) Eden: 160256K(160256K)->0K(164352K) From: 992K(1024K)->3295K(8704K)
[498.897s][info][gc,heap        ] GC(927) ParOldGen: 501758K(501760K)->501774K(502272K)
[498.897s][info][gc,metaspace   ] GC(927) Metaspace: 57777K(58048K)->57777K(58048K) NonClass: 52148K(52352K)->52148K(52352K) Class: 5629K(5696K)->5629K(5696K)
[498.897s][info][gc             ] GC(927) Pause Young (Allocation Failure) 647M->493M(659M) 5.572ms
[498.897s][info][gc,cpu         ] GC(927) User=0.01s Sys=0.00s Real=0.01s
[499.289s][info][gc,start       ] GC(928) Pause Young (Allocation Failure)
[499.294s][info][gc,heap        ] GC(928) PSYoungGen: 167647K(173056K)->2783K(172544K) Eden: 164352K(164352K)->0K(164352K) From: 3295K(8704K)->2783K(8192K)
[499.295s][info][gc,heap        ] GC(928) ParOldGen: 501774K(502272K)->501790K(502272K)
[499.295s][info][gc,metaspace   ] GC(928) Metaspace: 57777K(58048K)->57777K(58048K) NonClass: 52148K(52352K)->52148K(52352K) Class: 5629K(5696K)->5629K(5696K)
[499.295s][info][gc             ] GC(928) Pause Young (Allocation Failure) 653M->492M(659M) 5.935ms
[499.295s][info][gc,cpu         ] GC(928) User=0.00s Sys=0.00s Real=0.00s
[499.685s][info][gc,start       ] GC(929) Pause Young (Allocation Failure)
[499.689s][info][gc,heap        ] GC(929) PSYoungGen: 167135K(172544K)->1823K(203264K) Eden: 164352K(164352K)->0K(196096K) From: 2783K(8192K)->1823K(7168K)
[499.689s][info][gc,heap        ] GC(929) ParOldGen: 501790K(502272K)->501806K(502272K)
[499.689s][info][gc,metaspace   ] GC(929) Metaspace: 57777K(58048K)->57777K(58048K) NonClass: 52148K(52352K)->52148K(52352K) Class: 5629K(5696K)->5629K(5696K)
[499.689s][info][gc             ] GC(929) Pause Young (Allocation Failure) 653M->491M(689M) 4.123ms
[499.689s][info][gc,cpu         ] GC(929) User=0.00s Sys=0.00s Real=0.01s
[500.165s][info][gc,start       ] GC(930) Pause Young (Allocation Failure)
[500.167s][info][gc,heap        ] GC(930) PSYoungGen: 197919K(203264K)->224K(189440K) Eden: 196096K(196096K)->0K(188928K) From: 1823K(7168K)->224K(512K)
[500.167s][info][gc,heap        ] GC(930) ParOldGen: 501806K(502272K)->501822K(502272K)
[500.167s][info][gc,metaspace   ] GC(930) Metaspace: 57777K(58048K)->57777K(58048K) NonClass: 52148K(52352K)->52148K(52352K) Class: 5629K(5696K)->5629K(5696K)
[500.167s][info][gc             ] GC(930) Pause Young (Allocation Failure) 683M->490M(675M) 2.193ms
[500.167s][info][gc,cpu         ] GC(930) User=0.01s Sys=0.00s Real=0.01s
[500.583s][info][gc,start       ] GC(931) Pause Young (Allocation Failure)
[500.588s][info][gc,heap        ] GC(931) PSYoungGen: 189152K(189440K)->2304K(184832K) Eden: 188928K(188928K)->0K(182272K) From: 224K(512K)->2304K(2560K)
[500.588s][info][gc,heap        ] GC(931) ParOldGen: 501822K(502272K)->501838K(502272K)
[500.588s][info][gc,metaspace   ] GC(931) Metaspace: 57777K(58048K)->57777K(58048K) NonClass: 52148K(52352K)->52148K(52352K) Class: 5629K(5696K)->5629K(5696K)
[500.588s][info][gc             ] GC(931) Pause Young (Allocation Failure) 674M->492M(671M) 5.283ms
[500.588s][info][gc,cpu         ] GC(931) User=0.01s Sys=0.00s Real=0.01s
[500.994s][info][gc,start       ] GC(932) Pause Young (Allocation Failure)
[500.999s][info][gc,heap        ] GC(932) PSYoungGen: 184437K(184832K)->2912K(193024K) Eden: 182133K(182272K)->0K(185856K) From: 2304K(2560K)->2912K(7168K)
[500.999s][info][gc,heap        ] GC(932) ParOldGen: 501838K(502272K)->501854K(502272K)
[500.999s][info][gc,metaspace   ] GC(932) Metaspace: 57777K(58048K)->57777K(58048K) NonClass: 52148K(52352K)->52148K(52352K) Class: 5629K(5696K)->5629K(5696K)
[500.999s][info][gc             ] GC(932) Pause Young (Allocation Failure) 670M->492M(679M) 5.134ms
[500.999s][info][gc,cpu         ] GC(932) User=0.00s Sys=0.00s Real=0.01s
[501.471s][info][gc,start       ] GC(933) Pause Young (Allocation Failure)
[501.474s][info][gc,heap        ] GC(933) PSYoungGen: 188768K(193024K)->1065K(180736K) Eden: 185856K(185856K)->0K(179200K) From: 2912K(7168K)->1065K(1536K)
[501.474s][info][gc,heap        ] GC(933) ParOldGen: 501854K(502272K)->501870K(502272K)
[501.474s][info][gc,metaspace   ] GC(933) Metaspace: 57777K(58048K)->57777K(58048K) NonClass: 52148K(52352K)->52148K(52352K) Class: 5629K(5696K)->5629K(5696K)
[501.474s][info][gc             ] GC(933) Pause Young (Allocation Failure) 674M->491M(667M) 3.349ms
[501.474s][info][gc,cpu         ] GC(933) User=0.01s Sys=0.00s Real=0.00s
[501.878s][info][gc,start       ] GC(934) Pause Young (Allocation Failure)
[501.883s][info][gc,heap        ] GC(934) PSYoungGen: 180265K(180736K)->1728K(219136K) Eden: 179200K(179200K)->0K(212480K) From: 1065K(1536K)->1728K(6656K)
[501.883s][info][gc,heap        ] GC(934) ParOldGen: 501870K(502272K)->501886K(502272K)
[501.883s][info][gc,metaspace   ] GC(934) Metaspace: 57777K(58048K)->57777K(58048K) NonClass: 52148K(52352K)->52148K(52352K) Class: 5629K(5696K)->5629K(5696K)
[501.883s][info][gc             ] GC(934) Pause Young (Allocation Failure) 666M->491M(704M) 4.466ms
[501.883s][info][gc,cpu         ] GC(934) User=0.01s Sys=0.00s Real=0.00s
[502.381s][info][gc,start       ] GC(935) Pause Young (Allocation Failure)
[502.385s][info][gc,heap        ] GC(935) PSYoungGen: 214208K(219136K)->1471K(206336K) Eden: 212480K(212480K)->0K(204800K) From: 1728K(6656K)->1471K(1536K)
[502.385s][info][gc,heap        ] GC(935) ParOldGen: 501886K(502272K)->501902K(502272K)
[502.385s][info][gc,metaspace   ] GC(935) Metaspace: 57777K(58048K)->57777K(58048K) NonClass: 52148K(52352K)->52148K(52352K) Class: 5629K(5696K)->5629K(5696K)
[502.385s][info][gc             ] GC(935) Pause Young (Allocation Failure) 699M->491M(692M) 3.483ms
[502.385s][info][gc,cpu         ] GC(935) User=0.00s Sys=0.00s Real=0.00s
[502.871s][info][gc,start       ] GC(936) Pause Young (Allocation Failure)
[502.874s][info][gc,heap        ] GC(936) PSYoungGen: 206271K(206336K)->544K(198656K) Eden: 204800K(204800K)->0K(197632K) From: 1471K(1536K)->544K(1024K)
[502.874s][info][gc,heap        ] GC(936) ParOldGen: 501902K(502272K)->501918K(502272K)
[502.874s][info][gc,metaspace   ] GC(936) Metaspace: 57777K(58048K)->57777K(58048K) NonClass: 52148K(52352K)->52148K(52352K) Class: 5629K(5696K)->5629K(5696K)
[502.874s][info][gc             ] GC(936) Pause Young (Allocation Failure) 691M->490M(684M) 2.521ms
[502.874s][info][gc,cpu         ] GC(936) User=0.00s Sys=0.00s Real=0.00s
[503.417s][info][gc,start       ] GC(937) Pause Young (Allocation Failure)
[503.421s][info][gc,heap        ] GC(937) PSYoungGen: 198013K(198656K)->992K(191488K) Eden: 197469K(197632K)->0K(190464K) From: 544K(1024K)->992K(1024K)
[503.421s][info][gc,heap        ] GC(937) ParOldGen: 501918K(502272K)->501934K(502272K)
[503.421s][info][gc,metaspace   ] GC(937) Metaspace: 57777K(58048K)->57777K(58048K) NonClass: 52148K(52352K)->52148K(52352K) Class: 5629K(5696K)->5629K(5696K)
[503.421s][info][gc             ] GC(937) Pause Young (Allocation Failure) 683M->491M(677M) 3.724ms
[503.421s][info][gc,cpu         ] GC(937) User=0.01s Sys=0.00s Real=0.00s
[503.782s][info][gc,start       ] GC(938) Pause Young (Allocation Failure)
[503.786s][info][gc,heap        ] GC(938) PSYoungGen: 191456K(191488K)->2463K(186368K) Eden: 190464K(190464K)->0K(183808K) From: 992K(1024K)->2463K(2560K)
[503.786s][info][gc,heap        ] GC(938) ParOldGen: 501934K(502272K)->501950K(502272K)
[503.786s][info][gc,metaspace   ] GC(938) Metaspace: 57777K(58048K)->57777K(58048K) NonClass: 52148K(52352K)->52148K(52352K) Class: 5629K(5696K)->5629K(5696K)
[503.786s][info][gc             ] GC(938) Pause Young (Allocation Failure) 677M->492M(672M) 4.420ms
[503.786s][info][gc,cpu         ] GC(938) User=0.01s Sys=0.00s Real=0.01s
[504.205s][info][gc,start       ] GC(939) Pause Young (Allocation Failure)
[504.208s][info][gc,heap        ] GC(939) PSYoungGen: 186121K(186368K)->1312K(179200K) Eden: 183658K(183808K)->0K(177664K) From: 2463K(2560K)->1312K(1536K)
[504.208s][info][gc,heap        ] GC(939) ParOldGen: 501950K(502272K)->501966K(502272K)
[504.208s][info][gc,metaspace   ] GC(939) Metaspace: 57777K(58048K)->57777K(58048K) NonClass: 52148K(52352K)->52148K(52352K) Class: 5629K(5696K)->5629K(5696K)
[504.208s][info][gc             ] GC(939) Pause Young (Allocation Failure) 671M->491M(665M) 3.721ms
[504.208s][info][gc,cpu         ] GC(939) User=0.01s Sys=0.00s Real=0.01s
[504.757s][info][gc,start       ] GC(940) Pause Young (Allocation Failure)
[504.767s][info][gc,heap        ] GC(940) PSYoungGen: 178976K(179200K)->5120K(205824K) Eden: 177664K(177664K)->0K(200704K) From: 1312K(1536K)->5120K(5120K)
[504.767s][info][gc,heap        ] GC(940) ParOldGen: 501966K(502272K)->503094K(503296K)
[504.767s][info][gc,metaspace   ] GC(940) Metaspace: 57777K(58048K)->57777K(58048K) NonClass: 52148K(52352K)->52148K(52352K) Class: 5629K(5696K)->5629K(5696K)
[504.767s][info][gc             ] GC(940) Pause Young (Allocation Failure) 664M->496M(692M) 9.811ms
[504.767s][info][gc,cpu         ] GC(940) User=0.02s Sys=0.00s Real=0.01s
[505.096s][info][gc,start       ] GC(941) Pause Young (Allocation Failure)
[505.113s][info][gc,heap        ] GC(941) PSYoungGen: 205824K(205824K)->4318K(218624K) Eden: 200704K(200704K)->0K(211968K) From: 5120K(5120K)->4318K(6656K)
[505.113s][info][gc,heap        ] GC(941) ParOldGen: 503094K(503296K)->508214K(508416K)
[505.113s][info][gc,metaspace   ] GC(941) Metaspace: 57777K(58048K)->57777K(58048K) NonClass: 52148K(52352K)->52148K(52352K) Class: 5629K(5696K)->5629K(5696K)
[505.113s][info][gc             ] GC(941) Pause Young (Allocation Failure) 692M->500M(710M) 17.230ms
[505.113s][info][gc,cpu         ] GC(941) User=0.02s Sys=0.01s Real=0.01s
[505.605s][info][gc,start       ] GC(942) Pause Young (Allocation Failure)
[505.613s][info][gc,heap        ] GC(942) PSYoungGen: 216286K(218624K)->1631K(218624K) Eden: 211968K(211968K)->0K(211968K) From: 4318K(6656K)->1631K(6656K)
[505.613s][info][gc,heap        ] GC(942) ParOldGen: 508214K(508416K)->510070K(510464K)
[505.613s][info][gc,metaspace   ] GC(942) Metaspace: 57777K(58048K)->57777K(58048K) NonClass: 52148K(52352K)->52148K(52352K) Class: 5629K(5696K)->5629K(5696K)
[505.613s][info][gc             ] GC(942) Pause Young (Allocation Failure) 707M->499M(712M) 8.493ms
[505.613s][info][gc,cpu         ] GC(942) User=0.01s Sys=0.00s Real=0.01s
[506.104s][info][gc,start       ] GC(943) Pause Young (Allocation Failure)
[506.108s][info][gc,heap        ] GC(943) PSYoungGen: 213599K(218624K)->2143K(259072K) Eden: 211968K(211968K)->0K(253440K) From: 1631K(6656K)->2143K(5632K)
[506.108s][info][gc,heap        ] GC(943) ParOldGen: 510070K(510464K)->510086K(510464K)
[506.108s][info][gc,metaspace   ] GC(943) Metaspace: 57777K(58048K)->57777K(58048K) NonClass: 52148K(52352K)->52148K(52352K) Class: 5629K(5696K)->5629K(5696K)
[506.108s][info][gc             ] GC(943) Pause Young (Allocation Failure) 706M->500M(751M) 4.745ms
[506.108s][info][gc,cpu         ] GC(943) User=0.01s Sys=0.00s Real=0.01s
[506.718s][info][gc,start       ] GC(944) Pause Young (Allocation Failure)
[506.721s][info][gc,heap        ] GC(944) PSYoungGen: 255565K(259072K)->1312K(259584K) Eden: 253422K(253440K)->0K(253440K) From: 2143K(5632K)->1312K(6144K)
[506.721s][info][gc,heap        ] GC(944) ParOldGen: 510086K(510464K)->510102K(510464K)
[506.721s][info][gc,metaspace   ] GC(944) Metaspace: 57777K(58048K)->57777K(58048K) NonClass: 52148K(52352K)->52148K(52352K) Class: 5629K(5696K)->5629K(5696K)
[506.722s][info][gc             ] GC(944) Pause Young (Allocation Failure) 747M->499M(752M) 3.874ms
[506.722s][info][gc,cpu         ] GC(944) User=0.01s Sys=0.00s Real=0.00s
[507.296s][info][gc,start       ] GC(945) Pause Young (Allocation Failure)
[507.301s][info][gc,heap        ] GC(945) PSYoungGen: 254752K(259584K)->2559K(306688K) Eden: 253440K(253440K)->0K(302080K) From: 1312K(6144K)->2559K(4608K)
[507.301s][info][gc,heap        ] GC(945) ParOldGen: 510102K(510464K)->510118K(510464K)
[507.301s][info][gc,metaspace   ] GC(945) Metaspace: 57777K(58048K)->57777K(58048K) NonClass: 52148K(52352K)->52148K(52352K) Class: 5629K(5696K)->5629K(5696K)
[507.301s][info][gc             ] GC(945) Pause Young (Allocation Failure) 746M->500M(798M) 5.473ms
[507.301s][info][gc,cpu         ] GC(945) User=0.01s Sys=0.00s Real=0.01s
[508.035s][info][gc,start       ] GC(946) Pause Young (Allocation Failure)
[508.038s][info][gc,heap        ] GC(946) PSYoungGen: 304639K(306688K)->800K(307712K) Eden: 302080K(302080K)->0K(302080K) From: 2559K(4608K)->800K(5632K)
[508.038s][info][gc,heap        ] GC(946) ParOldGen: 510118K(510464K)->510134K(510464K)
[508.038s][info][gc,metaspace   ] GC(946) Metaspace: 57777K(58048K)->57777K(58048K) NonClass: 52148K(52352K)->52148K(52352K) Class: 5629K(5696K)->5629K(5696K)
[508.038s][info][gc             ] GC(946) Pause Young (Allocation Failure) 795M->498M(799M) 3.014ms
[508.038s][info][gc,cpu         ] GC(946) User=0.00s Sys=0.00s Real=0.01s
[508.766s][info][gc,start       ] GC(947) Pause Young (Allocation Failure)
[508.769s][info][gc,heap        ] GC(947) PSYoungGen: 302880K(307712K)->575K(291328K) Eden: 302080K(302080K)->0K(290304K) From: 800K(5632K)->575K(1024K)
[508.769s][info][gc,heap        ] GC(947) ParOldGen: 510134K(510464K)->510150K(510464K)
[508.769s][info][gc,metaspace   ] GC(947) Metaspace: 57777K(58048K)->57777K(58048K) NonClass: 52148K(52352K)->52148K(52352K) Class: 5629K(5696K)->5629K(5696K)
[508.769s][info][gc             ] GC(947) Pause Young (Allocation Failure) 793M->498M(783M) 2.513ms
[508.769s][info][gc,cpu         ] GC(947) User=0.01s Sys=0.00s Real=0.00s
[509.413s][info][gc,start       ] GC(948) Pause Young (Allocation Failure)
[509.416s][info][gc,heap        ] GC(948) PSYoungGen: 290879K(291328K)->831K(280064K) Eden: 290304K(290304K)->0K(279040K) From: 575K(1024K)->831K(1024K)
[509.416s][info][gc,heap        ] GC(948) ParOldGen: 510150K(510464K)->510166K(510464K)
[509.416s][info][gc,metaspace   ] GC(948) Metaspace: 57777K(58048K)->57777K(58048K) NonClass: 52148K(52352K)->52148K(52352K) Class: 5629K(5696K)->5629K(5696K)
[509.416s][info][gc             ] GC(948) Pause Young (Allocation Failure) 782M->499M(772M) 2.857ms
[509.416s][info][gc,cpu         ] GC(948) User=0.00s Sys=0.00s Real=0.00s
[510.095s][info][gc,start       ] GC(949) Pause Young (Allocation Failure)
[510.100s][info][gc,heap        ] GC(949) PSYoungGen: 279871K(280064K)->2207K(270848K) Eden: 279040K(279040K)->0K(268288K) From: 831K(1024K)->2207K(2560K)
[510.100s][info][gc,heap        ] GC(949) ParOldGen: 510166K(510464K)->510182K(510464K)
[510.100s][info][gc,metaspace   ] GC(949) Metaspace: 57777K(58048K)->57777K(58048K) NonClass: 52148K(52352K)->52148K(52352K) Class: 5629K(5696K)->5629K(5696K)
[510.100s][info][gc             ] GC(949) Pause Young (Allocation Failure) 771M->500M(763M) 4.949ms
[510.100s][info][gc,cpu         ] GC(949) User=0.01s Sys=0.00s Real=0.01s
[510.739s][info][gc,start       ] GC(950) Pause Young (Allocation Failure)
[510.745s][info][gc,heap        ] GC(950) PSYoungGen: 270495K(270848K)->2591K(261120K) Eden: 268288K(268288K)->0K(258048K) From: 2207K(2560K)->2591K(3072K)
[510.745s][info][gc,heap        ] GC(950) ParOldGen: 510182K(510464K)->510198K(510464K)
[510.745s][info][gc,metaspace   ] GC(950) Metaspace: 57777K(58048K)->57777K(58048K) NonClass: 52148K(52352K)->52148K(52352K) Class: 5629K(5696K)->5629K(5696K)
[510.745s][info][gc             ] GC(950) Pause Young (Allocation Failure) 762M->500M(753M) 5.533ms
[510.745s][info][gc,cpu         ] GC(950) User=0.01s Sys=0.01s Real=0.00s
[511.308s][info][gc,start       ] GC(951) Pause Young (Allocation Failure)
[511.311s][info][gc,heap        ] GC(951) PSYoungGen: 260639K(261120K)->1023K(249344K) Eden: 258048K(258048K)->0K(248320K) From: 2591K(3072K)->1023K(1024K)
[511.311s][info][gc,heap        ] GC(951) ParOldGen: 510198K(510464K)->510214K(510464K)
[511.311s][info][gc,metaspace   ] GC(951) Metaspace: 57777K(58048K)->57777K(58048K) NonClass: 52148K(52352K)->52148K(52352K) Class: 5629K(5696K)->5629K(5696K)
[511.311s][info][gc             ] GC(951) Pause Young (Allocation Failure) 752M->499M(742M) 3.086ms
[511.311s][info][gc,cpu         ] GC(951) User=0.00s Sys=0.00s Real=0.00s
[511.906s][info][gc,start       ] GC(952) Pause Young (Allocation Failure)
[511.911s][info][gc,heap        ] GC(952) PSYoungGen: 249325K(249344K)->1984K(244224K) Eden: 248302K(248320K)->0K(239104K) From: 1023K(1024K)->1984K(5120K)
[511.911s][info][gc,heap        ] GC(952) ParOldGen: 510214K(510464K)->510230K(510464K)
[511.911s][info][gc,metaspace   ] GC(952) Metaspace: 57777K(58048K)->57777K(58048K) NonClass: 52148K(52352K)->52148K(52352K) Class: 5629K(5696K)->5629K(5696K)
[511.911s][info][gc             ] GC(952) Pause Young (Allocation Failure) 741M->500M(737M) 4.472ms
[511.911s][info][gc,cpu         ] GC(952) User=0.01s Sys=0.00s Real=0.00s
[512.488s][info][gc,start       ] GC(953) Pause Young (Allocation Failure)
[512.493s][info][gc,heap        ] GC(953) PSYoungGen: 241088K(244224K)->2142K(232960K) Eden: 239104K(239104K)->0K(230400K) From: 1984K(5120K)->2142K(2560K)
[512.493s][info][gc,heap        ] GC(953) ParOldGen: 510230K(510464K)->510246K(510464K)
[512.493s][info][gc,metaspace   ] GC(953) Metaspace: 57777K(58048K)->57777K(58048K) NonClass: 52148K(52352K)->52148K(52352K) Class: 5629K(5696K)->5629K(5696K)
[512.493s][info][gc             ] GC(953) Pause Young (Allocation Failure) 733M->500M(726M) 5.311ms
[512.493s][info][gc,cpu         ] GC(953) User=0.01s Sys=0.00s Real=0.00s
[513.047s][info][gc,start       ] GC(954) Pause Young (Allocation Failure)
[513.051s][info][gc,heap        ] GC(954) PSYoungGen: 232542K(232960K)->1407K(223232K) Eden: 230400K(230400K)->0K(221696K) From: 2142K(2560K)->1407K(1536K)
[513.051s][info][gc,heap        ] GC(954) ParOldGen: 510246K(510464K)->510262K(510464K)
[513.051s][info][gc,metaspace   ] GC(954) Metaspace: 57777K(58048K)->57777K(58048K) NonClass: 52148K(52352K)->52148K(52352K) Class: 5629K(5696K)->5629K(5696K)
[513.051s][info][gc             ] GC(954) Pause Young (Allocation Failure) 725M->499M(716M) 3.697ms
[513.051s][info][gc,cpu         ] GC(954) User=0.01s Sys=0.00s Real=0.00s
[513.574s][info][gc,start       ] GC(955) Pause Young (Allocation Failure)
[513.578s][info][gc,heap        ] GC(955) PSYoungGen: 223103K(223232K)->1375K(215040K) Eden: 221696K(221696K)->0K(213504K) From: 1407K(1536K)->1375K(1536K)
[513.578s][info][gc,heap        ] GC(955) ParOldGen: 510262K(510464K)->510278K(510464K)
[513.578s][info][gc,metaspace   ] GC(955) Metaspace: 57777K(58048K)->57777K(58048K) NonClass: 52148K(52352K)->52148K(52352K) Class: 5629K(5696K)->5629K(5696K)
[513.578s][info][gc             ] GC(955) Pause Young (Allocation Failure) 716M->499M(708M) 3.485ms
[513.578s][info][gc,cpu         ] GC(955) User=0.00s Sys=0.00s Real=0.01s
[514.073s][info][gc,start       ] GC(956) Pause Young (Allocation Failure)
[514.077s][info][gc,heap        ] GC(956) PSYoungGen: 214879K(215040K)->1279K(207360K) Eden: 213504K(213504K)->0K(205824K) From: 1375K(1536K)->1279K(1536K)
[514.077s][info][gc,heap        ] GC(956) ParOldGen: 510278K(510464K)->510294K(510464K)
[514.077s][info][gc,metaspace   ] GC(956) Metaspace: 57777K(58048K)->57777K(58048K) NonClass: 52148K(52352K)->52148K(52352K) Class: 5629K(5696K)->5629K(5696K)
[514.077s][info][gc             ] GC(956) Pause Young (Allocation Failure) 708M->499M(701M) 3.810ms
[514.077s][info][gc,cpu         ] GC(956) User=0.01s Sys=0.00s Real=0.01s
[514.531s][info][gc,start       ] GC(957) Pause Young (Allocation Failure)
[514.541s][info][gc,heap        ] GC(957) PSYoungGen: 206988K(207360K)->1024K(246272K) Eden: 205709K(205824K)->0K(245248K) From: 1279K(1536K)->1024K(1024K)
[514.541s][info][gc,heap        ] GC(957) ParOldGen: 510294K(510464K)->510310K(510464K)
[514.541s][info][gc,metaspace   ] GC(957) Metaspace: 57777K(58048K)->57777K(58048K) NonClass: 52148K(52352K)->52148K(52352K) Class: 5629K(5696K)->5629K(5696K)
[514.541s][info][gc             ] GC(957) Pause Young (Allocation Failure) 700M->499M(739M) 9.602ms
[514.541s][info][gc,cpu         ] GC(957) User=0.01s Sys=0.00s Real=0.01s
[515.095s][info][gc,start       ] GC(958) Pause Young (Allocation Failure)
[515.100s][info][gc,heap        ] GC(958) PSYoungGen: 246272K(246272K)->2335K(294400K) Eden: 245248K(245248K)->0K(291840K) From: 1024K(1024K)->2335K(2560K)
[515.100s][info][gc,heap        ] GC(958) ParOldGen: 510310K(510464K)->510326K(510464K)
[515.100s][info][gc,metaspace   ] GC(958) Metaspace: 57777K(58048K)->57777K(58048K) NonClass: 52148K(52352K)->52148K(52352K) Class: 5629K(5696K)->5629K(5696K)
[515.100s][info][gc             ] GC(958) Pause Young (Allocation Failure) 738M->500M(786M) 4.551ms
[515.100s][info][gc,cpu         ] GC(958) User=0.01s Sys=0.00s Real=0.01s
[515.946s][info][gc,start       ] GC(959) Pause Young (Allocation Failure)
[515.957s][info][gc,heap        ] GC(959) PSYoungGen: 294175K(294400K)->2975K(302592K) Eden: 291840K(291840K)->0K(298496K) From: 2335K(2560K)->2975K(4096K)
[515.957s][info][gc,heap        ] GC(959) ParOldGen: 510326K(510464K)->510342K(510464K)
[515.957s][info][gc,metaspace   ] GC(959) Metaspace: 57777K(58048K)->57777K(58048K) NonClass: 52148K(52352K)->52148K(52352K) Class: 5629K(5696K)->5629K(5696K)
[515.957s][info][gc             ] GC(959) Pause Young (Allocation Failure) 785M->501M(794M) 11.247ms
[515.957s][info][gc,cpu         ] GC(959) User=0.01s Sys=0.00s Real=0.01s
[516.592s][info][gc,start       ] GC(960) Pause Young (Allocation Failure)
[516.597s][info][gc,heap        ] GC(960) PSYoungGen: 301152K(302592K)->2400K(303104K) Eden: 298177K(298496K)->0K(298496K) From: 2975K(4096K)->2400K(4608K)
[516.597s][info][gc,heap        ] GC(960) ParOldGen: 510342K(510464K)->510358K(510464K)
[516.597s][info][gc,metaspace   ] GC(960) Metaspace: 57777K(58048K)->57777K(58048K) NonClass: 52148K(52352K)->52148K(52352K) Class: 5629K(5696K)->5629K(5696K)
[516.598s][info][gc             ] GC(960) Pause Young (Allocation Failure) 792M->500M(794M) 5.753ms
[516.598s][info][gc,cpu         ] GC(960) User=0.01s Sys=0.00s Real=0.01s
[517.296s][info][gc,start       ] GC(961) Pause Young (Allocation Failure)
[517.301s][info][gc,heap        ] GC(961) PSYoungGen: 300803K(303104K)->1888K(288768K) Eden: 298403K(298496K)->0K(286720K) From: 2400K(4608K)->1888K(2048K)
[517.301s][info][gc,heap        ] GC(961) ParOldGen: 510358K(510464K)->510382K(510464K)
[517.301s][info][gc,metaspace   ] GC(961) Metaspace: 57777K(58048K)->57777K(58048K) NonClass: 52148K(52352K)->52148K(52352K) Class: 5629K(5696K)->5629K(5696K)
[517.301s][info][gc             ] GC(961) Pause Young (Allocation Failure) 792M->500M(780M) 4.736ms
[517.301s][info][gc,cpu         ] GC(961) User=0.01s Sys=0.00s Real=0.00s
[517.983s][info][gc,start       ] GC(962) Pause Young (Allocation Failure)
[517.989s][info][gc,heap        ] GC(962) PSYoungGen: 288608K(288768K)->3167K(279040K) Eden: 286720K(286720K)->0K(275456K) From: 1888K(2048K)->3167K(3584K)
[517.989s][info][gc,heap        ] GC(962) ParOldGen: 510382K(510464K)->510398K(510464K)
[517.989s][info][gc,metaspace   ] GC(962) Metaspace: 57777K(58048K)->57777K(58048K) NonClass: 52148K(52352K)->52148K(52352K) Class: 5629K(5696K)->5629K(5696K)
[517.989s][info][gc             ] GC(962) Pause Young (Allocation Failure) 780M->501M(771M) 6.503ms
[517.989s][info][gc,cpu         ] GC(962) User=0.01s Sys=0.00s Real=0.01s
[518.671s][info][gc,start       ] GC(963) Pause Young (Allocation Failure)
[518.674s][info][gc,heap        ] GC(963) PSYoungGen: 278623K(279040K)->1055K(266240K) Eden: 275456K(275456K)->0K(264704K) From: 3167K(3584K)->1055K(1536K)
[518.674s][info][gc,heap        ] GC(963) ParOldGen: 510398K(510464K)->510414K(510464K)
[518.674s][info][gc,metaspace   ] GC(963) Metaspace: 57777K(58048K)->57777K(58048K) NonClass: 52148K(52352K)->52148K(52352K) Class: 5629K(5696K)->5629K(5696K)
[518.674s][info][gc             ] GC(963) Pause Young (Allocation Failure) 770M->499M(758M) 3.152ms
[518.674s][info][gc,cpu         ] GC(963) User=0.00s Sys=0.00s Real=0.00s
[519.326s][info][gc,start       ] GC(964) Pause Young (Allocation Failure)
[519.329s][info][gc,heap        ] GC(964) PSYoungGen: 265759K(266240K)->1343K(256000K) Eden: 264704K(264704K)->0K(254464K) From: 1055K(1536K)->1343K(1536K)
[519.329s][info][gc,heap        ] GC(964) ParOldGen: 510414K(510464K)->510430K(510464K)
[519.329s][info][gc,metaspace   ] GC(964) Metaspace: 57777K(58048K)->57777K(58048K) NonClass: 52148K(52352K)->52148K(52352K) Class: 5629K(5696K)->5629K(5696K)
[519.329s][info][gc             ] GC(964) Pause Young (Allocation Failure) 757M->499M(748M) 3.715ms
[519.329s][info][gc,cpu         ] GC(964) User=0.01s Sys=0.00s Real=0.01s
[519.886s][info][gc,start       ] GC(965) Pause Young (Allocation Failure)
[519.890s][info][gc,heap        ] GC(965) PSYoungGen: 255727K(256000K)->2368K(247296K) Eden: 254384K(254464K)->0K(244736K) From: 1343K(1536K)->2368K(2560K)
[519.890s][info][gc,heap        ] GC(965) ParOldGen: 510430K(510464K)->510446K(510464K)
[519.890s][info][gc,metaspace   ] GC(965) Metaspace: 57777K(58048K)->57777K(58048K) NonClass: 52148K(52352K)->52148K(52352K) Class: 5629K(5696K)->5629K(5696K)
[519.890s][info][gc             ] GC(965) Pause Young (Allocation Failure) 748M->500M(740M) 4.662ms
[519.890s][info][gc,cpu         ] GC(965) User=0.00s Sys=0.00s Real=0.01s
[520.480s][info][gc,start       ] GC(966) Pause Young (Allocation Failure)
[520.484s][info][gc,heap        ] GC(966) PSYoungGen: 247104K(247296K)->1855K(237568K) Eden: 244736K(244736K)->0K(235520K) From: 2368K(2560K)->1855K(2048K)
[520.484s][info][gc,heap        ] GC(966) ParOldGen: 510446K(510464K)->510462K(510464K)
[520.484s][info][gc,metaspace   ] GC(966) Metaspace: 57777K(58048K)->57777K(58048K) NonClass: 52148K(52352K)->52148K(52352K) Class: 5629K(5696K)->5629K(5696K)
[520.484s][info][gc             ] GC(966) Pause Young (Allocation Failure) 739M->500M(730M) 4.414ms
[520.484s][info][gc,cpu         ] GC(966) User=0.01s Sys=0.00s Real=0.00s
[521.003s][info][gc,start       ] GC(967) Pause Young (Allocation Failure)
[521.008s][info][gc,heap        ] GC(967) PSYoungGen: 237197K(237568K)->1824K(228864K) Eden: 235341K(235520K)->0K(226816K) From: 1855K(2048K)->1824K(2048K)
[521.008s][info][gc,heap        ] GC(967) ParOldGen: 510462K(510464K)->510478K(510976K)
[521.008s][info][gc,metaspace   ] GC(967) Metaspace: 57777K(58048K)->57777K(58048K) NonClass: 52148K(52352K)->52148K(52352K) Class: 5629K(5696K)->5629K(5696K)
[521.008s][info][gc             ] GC(967) Pause Young (Allocation Failure) 730M->500M(722M) 4.453ms
[521.008s][info][gc,cpu         ] GC(967) User=0.00s Sys=0.00s Real=0.01s
[521.571s][info][gc,start       ] GC(968) Pause Young (Allocation Failure)
[521.575s][info][gc,heap        ] GC(968) PSYoungGen: 228640K(228864K)->1215K(220160K) Eden: 226816K(226816K)->0K(218624K) From: 1824K(2048K)->1215K(1536K)
[521.575s][info][gc,heap        ] GC(968) ParOldGen: 510478K(510976K)->510494K(510976K)
[521.575s][info][gc,metaspace   ] GC(968) Metaspace: 57777K(58048K)->57777K(58048K) NonClass: 52148K(52352K)->52148K(52352K) Class: 5629K(5696K)->5629K(5696K)
[521.575s][info][gc             ] GC(968) Pause Young (Allocation Failure) 721M->499M(714M) 3.517ms
[521.575s][info][gc,cpu         ] GC(968) User=0.01s Sys=0.00s Real=0.00s
[522.075s][info][gc,start       ] GC(969) Pause Young (Allocation Failure)
[522.079s][info][gc,heap        ] GC(969) PSYoungGen: 219839K(220160K)->1951K(212480K) Eden: 218624K(218624K)->0K(210432K) From: 1215K(1536K)->1951K(2048K)
[522.079s][info][gc,heap        ] GC(969) ParOldGen: 510494K(510976K)->510510K(510976K)
[522.079s][info][gc,metaspace   ] GC(969) Metaspace: 57777K(58048K)->57777K(58048K) NonClass: 52148K(52352K)->52148K(52352K) Class: 5629K(5696K)->5629K(5696K)
[522.079s][info][gc             ] GC(969) Pause Young (Allocation Failure) 713M->500M(706M) 4.167ms
[522.079s][info][gc,cpu         ] GC(969) User=0.01s Sys=0.00s Real=0.01s
[522.575s][info][gc,start       ] GC(970) Pause Young (Allocation Failure)
[522.579s][info][gc,heap        ] GC(970) PSYoungGen: 212383K(212480K)->2111K(205312K) Eden: 210432K(210432K)->0K(202752K) From: 1951K(2048K)->2111K(2560K)
[522.579s][info][gc,heap        ] GC(970) ParOldGen: 510510K(510976K)->510526K(510976K)
[522.580s][info][gc,metaspace   ] GC(970) Metaspace: 57777K(58048K)->57777K(58048K) NonClass: 52148K(52352K)->52148K(52352K) Class: 5629K(5696K)->5629K(5696K)
[522.580s][info][gc             ] GC(970) Pause Young (Allocation Failure) 705M->500M(699M) 4.754ms
[522.580s][info][gc,cpu         ] GC(970) User=0.00s Sys=0.00s Real=0.01s
[523.066s][info][gc,start       ] GC(971) Pause Young (Allocation Failure)
[523.069s][info][gc,heap        ] GC(971) PSYoungGen: 204863K(205312K)->380K(196096K) Eden: 202752K(202752K)->0K(195584K) From: 2111K(2560K)->380K(512K)
[523.069s][info][gc,heap        ] GC(971) ParOldGen: 510526K(510976K)->510542K(510976K)
[523.069s][info][gc,metaspace   ] GC(971) Metaspace: 57777K(58048K)->57777K(58048K) NonClass: 52148K(52352K)->52148K(52352K) Class: 5629K(5696K)->5629K(5696K)
[523.069s][info][gc             ] GC(971) Pause Young (Allocation Failure) 698M->498M(690M) 2.155ms
[523.069s][info][gc,cpu         ] GC(971) User=0.01s Sys=0.00s Real=0.00s
[523.487s][info][gc,start       ] GC(972) Pause Young (Allocation Failure)
[523.493s][info][gc,heap        ] GC(972) PSYoungGen: 195886K(196096K)->2848K(192000K) Eden: 195505K(195584K)->0K(188928K) From: 380K(512K)->2848K(3072K)
[523.493s][info][gc,heap        ] GC(972) ParOldGen: 510542K(510976K)->510558K(510976K)
[523.493s][info][gc,metaspace   ] GC(972) Metaspace: 57777K(58048K)->57777K(58048K) NonClass: 52148K(52352K)->52148K(52352K) Class: 5629K(5696K)->5629K(5696K)
[523.493s][info][gc             ] GC(972) Pause Young (Allocation Failure) 689M->501M(686M) 6.111ms
[523.493s][info][gc,cpu         ] GC(972) User=0.01s Sys=0.00s Real=0.00s
[523.971s][info][gc,start       ] GC(973) Pause Young (Allocation Failure)
[523.973s][info][gc,heap        ] GC(973) PSYoungGen: 191776K(192000K)->799K(183296K) Eden: 188928K(188928K)->0K(182272K) From: 2848K(3072K)->799K(1024K)
[523.973s][info][gc,heap        ] GC(973) ParOldGen: 510558K(510976K)->510574K(510976K)
[523.973s][info][gc,metaspace   ] GC(973) Metaspace: 57777K(58048K)->57777K(58048K) NonClass: 52148K(52352K)->52148K(52352K) Class: 5629K(5696K)->5629K(5696K)
[523.973s][info][gc             ] GC(973) Pause Young (Allocation Failure) 685M->499M(678M) 2.798ms
[523.973s][info][gc,cpu         ] GC(973) User=0.01s Sys=0.00s Real=0.00s
[524.380s][info][gc,start       ] GC(974) Pause Young (Allocation Failure)
[524.385s][info][gc,heap        ] GC(974) PSYoungGen: 183071K(183296K)->2463K(178688K) Eden: 182272K(182272K)->0K(176128K) From: 799K(1024K)->2463K(2560K)
[524.385s][info][gc,heap        ] GC(974) ParOldGen: 510574K(510976K)->510590K(510976K)
[524.385s][info][gc,metaspace   ] GC(974) Metaspace: 57777K(58048K)->57777K(58048K) NonClass: 52148K(52352K)->52148K(52352K) Class: 5629K(5696K)->5629K(5696K)
[524.385s][info][gc             ] GC(974) Pause Young (Allocation Failure) 677M->501M(673M) 4.432ms
[524.385s][info][gc,cpu         ] GC(974) User=0.00s Sys=0.00s Real=0.00s
[524.791s][info][gc,start       ] GC(975) Pause Young (Allocation Failure)
[524.796s][info][gc,heap        ] GC(975) PSYoungGen: 178473K(178688K)->3104K(213504K) Eden: 176010K(176128K)->0K(209920K) From: 2463K(2560K)->3104K(3584K)
[524.796s][info][gc,heap        ] GC(975) ParOldGen: 510590K(510976K)->510606K(510976K)
[524.796s][info][gc,metaspace   ] GC(975) Metaspace: 57777K(58048K)->57777K(58048K) NonClass: 52148K(52352K)->52148K(52352K) Class: 5629K(5696K)->5629K(5696K)
[524.796s][info][gc             ] GC(975) Pause Young (Allocation Failure) 672M->501M(707M) 5.494ms
[524.796s][info][gc,cpu         ] GC(975) User=0.01s Sys=0.00s Real=0.01s
[525.285s][info][gc,start       ] GC(976) Pause Young (Allocation Failure)
[525.290s][info][gc,heap        ] GC(976) PSYoungGen: 213024K(213504K)->2608K(252928K) Eden: 209920K(209920K)->0K(249856K) From: 3104K(3584K)->2608K(3072K)
[525.290s][info][gc,heap        ] GC(976) ParOldGen: 510606K(510976K)->510622K(510976K)
[525.290s][info][gc,metaspace   ] GC(976) Metaspace: 57777K(58048K)->57777K(58048K) NonClass: 52148K(52352K)->52148K(52352K) Class: 5629K(5696K)->5629K(5696K)
[525.290s][info][gc             ] GC(976) Pause Young (Allocation Failure) 706M->501M(746M) 5.085ms
[525.290s][info][gc,cpu         ] GC(976) User=0.01s Sys=0.00s Real=0.01s
[525.896s][info][gc,start       ] GC(977) Pause Young (Allocation Failure)
[525.898s][info][gc,heap        ] GC(977) PSYoungGen: 252464K(252928K)->1087K(242176K) Eden: 249856K(249856K)->0K(240640K) From: 2608K(3072K)->1087K(1536K)
[525.898s][info][gc,heap        ] GC(977) ParOldGen: 510622K(510976K)->510638K(510976K)
[525.898s][info][gc,metaspace   ] GC(977) Metaspace: 57777K(58048K)->57777K(58048K) NonClass: 52148K(52352K)->52148K(52352K) Class: 5629K(5696K)->5629K(5696K)
[525.898s][info][gc             ] GC(977) Pause Young (Allocation Failure) 745M->499M(735M) 2.872ms
[525.898s][info][gc,cpu         ] GC(977) User=0.01s Sys=0.00s Real=0.01s
[526.467s][info][gc,start       ] GC(978) Pause Young (Allocation Failure)
[526.469s][info][gc,heap        ] GC(978) PSYoungGen: 241727K(242176K)->735K(232448K) Eden: 240640K(240640K)->0K(231424K) From: 1087K(1536K)->735K(1024K)
[526.469s][info][gc,heap        ] GC(978) ParOldGen: 510638K(510976K)->510654K(510976K)
[526.469s][info][gc,metaspace   ] GC(978) Metaspace: 57777K(58048K)->57777K(58048K) NonClass: 52148K(52352K)->52148K(52352K) Class: 5629K(5696K)->5629K(5696K)
[526.469s][info][gc             ] GC(978) Pause Young (Allocation Failure) 734M->499M(726M) 2.327ms
[526.469s][info][gc,cpu         ] GC(978) User=0.00s Sys=0.00s Real=0.00s
[527.087s][info][gc,start       ] GC(979) Pause Young (Allocation Failure)
[527.115s][info][gc,heap        ] GC(979) PSYoungGen: 232159K(232448K)->4095K(280576K) Eden: 231424K(231424K)->0K(276480K) From: 735K(1024K)->4095K(4096K)
[527.115s][info][gc,heap        ] GC(979) ParOldGen: 510654K(510976K)->511798K(512000K)
[527.115s][info][gc,metaspace   ] GC(979) Metaspace: 57777K(58048K)->57777K(58048K) NonClass: 52148K(52352K)->52148K(52352K) Class: 5629K(5696K)->5629K(5696K)
[527.115s][info][gc             ] GC(979) Pause Young (Allocation Failure) 725M->503M(774M) 27.517ms
[527.115s][info][gc,cpu         ] GC(979) User=0.03s Sys=0.00s Real=0.02s
[527.667s][info][gc,start       ] GC(980) Pause Young (Allocation Failure)
[527.682s][info][gc,heap        ] GC(980) PSYoungGen: 280575K(280576K)->3815K(300544K) Eden: 276480K(276480K)->0K(295424K) From: 4095K(4096K)->3815K(5120K)
[527.682s][info][gc,heap        ] GC(980) ParOldGen: 511798K(512000K)->515550K(515584K)
[527.682s][info][gc,metaspace   ] GC(980) Metaspace: 57777K(58048K)->57777K(58048K) NonClass: 52148K(52352K)->52148K(52352K) Class: 5629K(5696K)->5629K(5696K)
[527.682s][info][gc             ] GC(980) Pause Young (Allocation Failure) 773M->507M(797M) 14.667ms
[527.682s][info][gc,cpu         ] GC(980) User=0.01s Sys=0.00s Real=0.01s
[528.367s][info][gc,start       ] GC(981) Pause Young (Allocation Failure)
[528.372s][info][gc,heap        ] GC(981) PSYoungGen: 299239K(300544K)->456K(328192K) Eden: 295424K(295424K)->0K(322560K) From: 3815K(5120K)->456K(5632K)
[528.372s][info][gc,heap        ] GC(981) ParOldGen: 515550K(515584K)->518791K(519168K)
[528.372s][info][gc,metaspace   ] GC(981) Metaspace: 57777K(58048K)->57777K(58048K) NonClass: 52148K(52352K)->52148K(52352K) Class: 5629K(5696K)->5629K(5696K)
[528.372s][info][gc             ] GC(981) Pause Young (Allocation Failure) 795M->507M(827M) 5.624ms
[528.372s][info][gc,cpu         ] GC(981) User=0.01s Sys=0.00s Real=0.00s
[529.107s][info][gc,start       ] GC(982) Pause Young (Allocation Failure)
[529.125s][info][gc,heap        ] GC(982) PSYoungGen: 323016K(328192K)->2943K(328192K) Eden: 322560K(322560K)->0K(322560K) From: 456K(5632K)->2943K(5632K)
[529.125s][info][gc,heap        ] GC(982) ParOldGen: 518791K(519168K)->518807K(519168K)
[529.125s][info][gc,metaspace   ] GC(982) Metaspace: 57777K(58048K)->57777K(58048K) NonClass: 52148K(52352K)->52148K(52352K) Class: 5629K(5696K)->5629K(5696K)
[529.125s][info][gc             ] GC(982) Pause Young (Allocation Failure) 822M->509M(827M) 17.387ms
[529.125s][info][gc,cpu         ] GC(982) User=0.02s Sys=0.00s Real=0.01s
[529.874s][info][gc,start       ] GC(983) Pause Young (Allocation Failure)
[529.878s][info][gc,heap        ] GC(983) PSYoungGen: 325503K(328192K)->1759K(328192K) Eden: 322560K(322560K)->0K(322560K) From: 2943K(5632K)->1759K(5632K)
[529.878s][info][gc,heap        ] GC(983) ParOldGen: 518807K(519168K)->518823K(519168K)
[529.878s][info][gc,metaspace   ] GC(983) Metaspace: 57777K(58048K)->57777K(58048K) NonClass: 52148K(52352K)->52148K(52352K) Class: 5629K(5696K)->5629K(5696K)
[529.878s][info][gc             ] GC(983) Pause Young (Allocation Failure) 824M->508M(827M) 3.961ms
[529.878s][info][gc,cpu         ] GC(983) User=0.01s Sys=0.00s Real=0.01s
[530.608s][info][gc,start       ] GC(984) Pause Young (Allocation Failure)
[530.611s][info][gc,heap        ] GC(984) PSYoungGen: 324012K(328192K)->896K(323584K) Eden: 322253K(322560K)->0K(322560K) From: 1759K(5632K)->896K(1024K)
[530.611s][info][gc,heap        ] GC(984) ParOldGen: 518823K(519168K)->518847K(519168K)
[530.611s][info][gc,metaspace   ] GC(984) Metaspace: 57777K(58048K)->57777K(58048K) NonClass: 52148K(52352K)->52148K(52352K) Class: 5629K(5696K)->5629K(5696K)
[530.611s][info][gc             ] GC(984) Pause Young (Allocation Failure) 823M->507M(823M) 2.972ms
[530.611s][info][gc,cpu         ] GC(984) User=0.00s Sys=0.00s Real=0.00s
[531.414s][info][gc,start       ] GC(985) Pause Young (Allocation Failure)
[531.418s][info][gc,heap        ] GC(985) PSYoungGen: 323456K(323584K)->2015K(327680K) Eden: 322560K(322560K)->0K(322560K) From: 896K(1024K)->2015K(5120K)
[531.418s][info][gc,heap        ] GC(985) ParOldGen: 518847K(519168K)->518863K(519168K)
[531.418s][info][gc,metaspace   ] GC(985) Metaspace: 57777K(58048K)->57777K(58048K) NonClass: 52148K(52352K)->52148K(52352K) Class: 5629K(5696K)->5629K(5696K)
[531.418s][info][gc             ] GC(985) Pause Young (Allocation Failure) 822M->508M(827M) 4.000ms
[531.418s][info][gc,cpu         ] GC(985) User=0.01s Sys=0.00s Real=0.01s
[532.167s][info][gc,start       ] GC(986) Pause Young (Allocation Failure)
[532.170s][info][gc,heap        ] GC(986) PSYoungGen: 324515K(327680K)->512K(310272K) Eden: 322500K(322560K)->0K(309760K) From: 2015K(5120K)->512K(512K)
[532.170s][info][gc,heap        ] GC(986) ParOldGen: 518863K(519168K)->518879K(519168K)
[532.170s][info][gc,metaspace   ] GC(986) Metaspace: 57777K(58048K)->57777K(58048K) NonClass: 52148K(52352K)->52148K(52352K) Class: 5629K(5696K)->5629K(5696K)
[532.170s][info][gc             ] GC(986) Pause Young (Allocation Failure) 823M->507M(810M) 2.880ms
[532.170s][info][gc,cpu         ] GC(986) User=0.00s Sys=0.01s Real=0.00s
[532.947s][info][gc,start       ] GC(987) Pause Young (Allocation Failure)
[532.951s][info][gc,heap        ] GC(987) PSYoungGen: 310272K(310272K)->1823K(299520K) Eden: 309760K(309760K)->0K(297472K) From: 512K(512K)->1823K(2048K)
[532.951s][info][gc,heap        ] GC(987) ParOldGen: 518879K(519168K)->518895K(519168K)
[532.951s][info][gc,metaspace   ] GC(987) Metaspace: 57777K(58048K)->57777K(58048K) NonClass: 52148K(52352K)->52148K(52352K) Class: 5629K(5696K)->5629K(5696K)
[532.951s][info][gc             ] GC(987) Pause Young (Allocation Failure) 809M->508M(799M) 3.822ms
[532.951s][info][gc,cpu         ] GC(987) User=0.01s Sys=0.00s Real=0.00s
[533.578s][info][gc,start       ] GC(988) Pause Young (Allocation Failure)
[533.582s][info][gc,heap        ] GC(988) PSYoungGen: 299295K(299520K)->2143K(288256K) Eden: 297472K(297472K)->0K(285696K) From: 1823K(2048K)->2143K(2560K)
[533.582s][info][gc,heap        ] GC(988) ParOldGen: 518895K(519168K)->518919K(519168K)
[533.582s][info][gc,metaspace   ] GC(988) Metaspace: 57777K(58048K)->57777K(58048K) NonClass: 52148K(52352K)->52148K(52352K) Class: 5629K(5696K)->5629K(5696K)
[533.582s][info][gc             ] GC(988) Pause Young (Allocation Failure) 799M->508M(788M) 4.107ms
[533.582s][info][gc,cpu         ] GC(988) User=0.01s Sys=0.00s Real=0.00s
[534.266s][info][gc,start       ] GC(989) Pause Young (Allocation Failure)
[534.269s][info][gc,heap        ] GC(989) PSYoungGen: 287839K(288256K)->550K(275456K) Eden: 285696K(285696K)->0K(274432K) From: 2143K(2560K)->550K(1024K)
[534.269s][info][gc,heap        ] GC(989) ParOldGen: 518919K(519168K)->518935K(519168K)
[534.269s][info][gc,metaspace   ] GC(989) Metaspace: 57777K(58048K)->57777K(58048K) NonClass: 52148K(52352K)->52148K(52352K) Class: 5629K(5696K)->5629K(5696K)
[534.269s][info][gc             ] GC(989) Pause Young (Allocation Failure) 787M->507M(776M) 2.697ms
[534.269s][info][gc,cpu         ] GC(989) User=0.01s Sys=0.00s Real=0.00s
[534.821s][info][gc,start       ] GC(990) Pause Young (Allocation Failure)
[534.823s][info][gc,heap        ] GC(990) PSYoungGen: 258489K(275456K)->64K(264192K) Eden: 257938K(274432K)->0K(263680K) From: 550K(1024K)->64K(512K)
[534.824s][info][gc,heap        ] GC(990) ParOldGen: 518935K(519168K)->518951K(519168K)
[534.824s][info][gc,metaspace   ] GC(990) Metaspace: 57779K(58048K)->57779K(58048K) NonClass: 52150K(52352K)->52150K(52352K) Class: 5629K(5696K)->5629K(5696K)
[534.824s][info][gc             ] GC(990) Pause Young (Allocation Failure) 759M->506M(765M) 2.142ms
[534.824s][info][gc,cpu         ] GC(990) User=0.01s Sys=0.00s Real=0.00s
[537.400s][info][gc,start       ] GC(991) Pause Young (Allocation Failure)
[537.478s][info][gc,heap        ] GC(991) PSYoungGen: 263744K(264192K)->4600K(262656K) Eden: 263680K(263680K)->0K(258048K) From: 64K(512K)->4600K(4608K)
[537.478s][info][gc,heap        ] GC(991) ParOldGen: 518951K(519168K)->607240K(607744K)
[537.478s][info][gc,metaspace   ] GC(991) Metaspace: 57851K(58176K)->57851K(58176K) NonClass: 52221K(52480K)->52221K(52480K) Class: 5629K(5696K)->5629K(5696K)
[537.478s][info][gc             ] GC(991) Pause Young (Allocation Failure) 764M->597M(850M) 78.357ms
[537.478s][info][gc,cpu         ] GC(991) User=0.11s Sys=0.05s Real=0.08s
[537.980s][info][gc,start       ] GC(992) Pause Young (Allocation Failure)
[537.991s][info][gc,heap        ] GC(992) PSYoungGen: 262648K(262656K)->4159K(295936K) Eden: 258048K(258048K)->0K(258048K) From: 4600K(4608K)->4159K(37888K)
[537.991s][info][gc,heap        ] GC(992) ParOldGen: 607240K(607744K)->611529K(611840K)
[537.991s][info][gc,metaspace   ] GC(992) Metaspace: 57851K(58176K)->57851K(58176K) NonClass: 52221K(52480K)->52221K(52480K) Class: 5629K(5696K)->5629K(5696K)
[537.991s][info][gc             ] GC(992) Pause Young (Allocation Failure) 849M->601M(886M) 11.386ms
[537.991s][info][gc,cpu         ] GC(992) User=0.02s Sys=0.00s Real=0.01s
[538.587s][info][gc,start       ] GC(993) Pause Young (Allocation Failure)
[538.594s][info][gc,heap        ] GC(993) PSYoungGen: 262207K(295936K)->2783K(292352K) Eden: 258048K(258048K)->0K(259584K) From: 4159K(37888K)->2783K(32768K)
[538.594s][info][gc,heap        ] GC(993) ParOldGen: 611529K(611840K)->612922K(613376K)
[538.594s][info][gc,metaspace   ] GC(993) Metaspace: 57851K(58176K)->57851K(58176K) NonClass: 52221K(52480K)->52221K(52480K) Class: 5629K(5696K)->5629K(5696K)
[538.594s][info][gc             ] GC(993) Pause Young (Allocation Failure) 853M->601M(884M) 6.284ms
[538.594s][info][gc,cpu         ] GC(993) User=0.01s Sys=0.00s Real=0.00s
[539.193s][info][gc,start       ] GC(994) Pause Young (Allocation Failure)
[539.197s][info][gc,heap        ] GC(994) PSYoungGen: 262367K(292352K)->2687K(294912K) Eden: 259584K(259584K)->0K(259584K) From: 2783K(32768K)->2687K(35328K)
[539.197s][info][gc,heap        ] GC(994) ParOldGen: 612922K(613376K)->612938K(613376K)
[539.197s][info][gc,metaspace   ] GC(994) Metaspace: 57851K(58176K)->57851K(58176K) NonClass: 52221K(52480K)->52221K(52480K) Class: 5629K(5696K)->5629K(5696K)
[539.197s][info][gc             ] GC(994) Pause Young (Allocation Failure) 854M->601M(887M) 4.788ms
[539.198s][info][gc,cpu         ] GC(994) User=0.01s Sys=0.00s Real=0.01s
[539.848s][info][gc,start       ] GC(995) Pause Young (Allocation Failure)
[539.851s][info][gc,heap        ] GC(995) PSYoungGen: 262067K(294912K)->1152K(294400K) Eden: 259380K(259584K)->0K(264704K) From: 2687K(35328K)->1152K(29696K)
[539.851s][info][gc,heap        ] GC(995) ParOldGen: 612938K(613376K)->612954K(613376K)
[539.851s][info][gc,metaspace   ] GC(995) Metaspace: 57851K(58176K)->57851K(58176K) NonClass: 52221K(52480K)->52221K(52480K) Class: 5629K(5696K)->5629K(5696K)
[539.851s][info][gc             ] GC(995) Pause Young (Allocation Failure) 854M->599M(886M) 3.249ms
[539.851s][info][gc,cpu         ] GC(995) User=0.01s Sys=0.00s Real=0.00s
[540.469s][info][gc,start       ] GC(996) Pause Young (Allocation Failure)
[540.472s][info][gc,heap        ] GC(996) PSYoungGen: 265856K(294400K)->768K(255488K) Eden: 264704K(264704K)->0K(254464K) From: 1152K(29696K)->768K(1024K)
[540.472s][info][gc,heap        ] GC(996) ParOldGen: 612954K(613376K)->612970K(613376K)
[540.472s][info][gc,metaspace   ] GC(996) Metaspace: 57851K(58176K)->57851K(58176K) NonClass: 52221K(52480K)->52221K(52480K) Class: 5629K(5696K)->5629K(5696K)
[540.472s][info][gc             ] GC(996) Pause Young (Allocation Failure) 858M->599M(848M) 2.973ms
[540.472s][info][gc,cpu         ] GC(996) User=0.01s Sys=0.00s Real=0.00s
[541.072s][info][gc,start       ] GC(997) Pause Young (Allocation Failure)
[541.076s][info][gc,heap        ] GC(997) PSYoungGen: 255232K(255488K)->1172K(263168K) Eden: 254464K(254464K)->0K(244736K) From: 768K(1024K)->1172K(18432K)
[541.076s][info][gc,heap        ] GC(997) ParOldGen: 612970K(613376K)->612986K(613376K)
[541.076s][info][gc,metaspace   ] GC(997) Metaspace: 57851K(58176K)->57851K(58176K) NonClass: 52221K(52480K)->52221K(52480K) Class: 5629K(5696K)->5629K(5696K)
[541.076s][info][gc             ] GC(997) Pause Young (Allocation Failure) 847M->599M(856M) 4.170ms
[541.076s][info][gc,cpu         ] GC(997) User=0.01s Sys=0.00s Real=0.01s
[541.600s][info][gc,start       ] GC(998) Pause Young (Allocation Failure)
[541.605s][info][gc,heap        ] GC(998) PSYoungGen: 245908K(263168K)->1951K(237568K) Eden: 244736K(244736K)->0K(235520K) From: 1172K(18432K)->1951K(2048K)
[541.606s][info][gc,heap        ] GC(998) ParOldGen: 612986K(613376K)->613002K(613376K)
[541.606s][info][gc,metaspace   ] GC(998) Metaspace: 57851K(58176K)->57851K(58176K) NonClass: 52221K(52480K)->52221K(52480K) Class: 5629K(5696K)->5629K(5696K)
[541.606s][info][gc             ] GC(998) Pause Young (Allocation Failure) 838M->600M(831M) 5.073ms
[541.606s][info][gc,cpu         ] GC(998) User=0.01s Sys=0.00s Real=0.00s
[542.182s][info][gc,start       ] GC(999) Pause Young (Allocation Failure)
[542.188s][info][gc,heap        ] GC(999) PSYoungGen: 237471K(237568K)->2399K(243200K) Eden: 235520K(235520K)->0K(226816K) From: 1951K(2048K)->2399K(16384K)
[542.188s][info][gc,heap        ] GC(999) ParOldGen: 613002K(613376K)->613018K(613376K)
[542.188s][info][gc,metaspace   ] GC(999) Metaspace: 57851K(58176K)->57851K(58176K) NonClass: 52221K(52480K)->52221K(52480K) Class: 5629K(5696K)->5629K(5696K)
[542.188s][info][gc             ] GC(999) Pause Young (Allocation Failure) 830M->600M(836M) 5.607ms
[542.188s][info][gc,cpu         ] GC(999) User=0.01s Sys=0.00s Real=0.01s
[542.703s][info][gc,start       ] GC(1000) Pause Young (Allocation Failure)
[542.707s][info][gc,heap        ] GC(1000) PSYoungGen: 229087K(243200K)->1791K(220672K) Eden: 226688K(226816K)->0K(218624K) From: 2399K(16384K)->1791K(2048K)
[542.707s][info][gc,heap        ] GC(1000) ParOldGen: 613018K(613376K)->613034K(613376K)
[542.707s][info][gc,metaspace   ] GC(1000) Metaspace: 57851K(58176K)->57851K(58176K) NonClass: 52221K(52480K)->52221K(52480K) Class: 5629K(5696K)->5629K(5696K)
[542.707s][info][gc             ] GC(1000) Pause Young (Allocation Failure) 822M->600M(814M) 4.539ms
[542.707s][info][gc,cpu         ] GC(1000) User=0.00s Sys=0.00s Real=0.01s
[543.259s][info][gc,start       ] GC(1001) Pause Young (Allocation Failure)
[543.262s][info][gc,heap        ] GC(1001) PSYoungGen: 220415K(220672K)->1023K(224768K) Eden: 218624K(218624K)->0K(210432K) From: 1791K(2048K)->1023K(14336K)
[543.262s][info][gc,heap        ] GC(1001) ParOldGen: 613034K(613376K)->613050K(613376K)
[543.262s][info][gc,metaspace   ] GC(1001) Metaspace: 57851K(58176K)->57851K(58176K) NonClass: 52221K(52480K)->52221K(52480K) Class: 5629K(5696K)->5629K(5696K)
[543.262s][info][gc             ] GC(1001) Pause Young (Allocation Failure) 813M->599M(818M) 3.810ms
[543.262s][info][gc,cpu         ] GC(1001) User=0.01s Sys=0.00s Real=0.00s
[543.703s][info][gc,start       ] GC(1002) Pause Young (Allocation Failure)
[543.707s][info][gc,heap        ] GC(1002) PSYoungGen: 211445K(224768K)->1088K(204288K) Eden: 210422K(210432K)->0K(202752K) From: 1023K(14336K)->1088K(1536K)
[543.707s][info][gc,heap        ] GC(1002) ParOldGen: 613050K(613376K)->613066K(613376K)
[543.707s][info][gc,metaspace   ] GC(1002) Metaspace: 57851K(58176K)->57851K(58176K) NonClass: 52221K(52480K)->52221K(52480K) Class: 5629K(5696K)->5629K(5696K)
[543.707s][info][gc             ] GC(1002) Pause Young (Allocation Failure) 805M->599M(798M) 3.894ms
[543.707s][info][gc,cpu         ] GC(1002) User=0.01s Sys=0.00s Real=0.01s
[544.256s][info][gc,start       ] GC(1003) Pause Young (Allocation Failure)
[544.260s][info][gc,heap        ] GC(1003) PSYoungGen: 203840K(204288K)->1663K(208384K) Eden: 202752K(202752K)->0K(195584K) From: 1088K(1536K)->1663K(12800K)
[544.260s][info][gc,heap        ] GC(1003) ParOldGen: 613066K(613376K)->613082K(613376K)
[544.260s][info][gc,metaspace   ] GC(1003) Metaspace: 57851K(58176K)->57851K(58176K) NonClass: 52221K(52480K)->52221K(52480K) Class: 5629K(5696K)->5629K(5696K)
[544.260s][info][gc             ] GC(1003) Pause Young (Allocation Failure) 797M->600M(802M) 4.345ms
[544.260s][info][gc,cpu         ] GC(1003) User=0.01s Sys=0.00s Real=0.00s
[544.673s][info][gc,start       ] GC(1004) Pause Young (Allocation Failure)
[544.676s][info][gc,heap        ] GC(1004) PSYoungGen: 197247K(208384K)->1343K(190464K) Eden: 195584K(195584K)->0K(188928K) From: 1663K(12800K)->1343K(1536K)
[544.676s][info][gc,heap        ] GC(1004) ParOldGen: 613082K(613376K)->613098K(613376K)
[544.676s][info][gc,metaspace   ] GC(1004) Metaspace: 57851K(58176K)->57851K(58176K) NonClass: 52221K(52480K)->52221K(52480K) Class: 5629K(5696K)->5629K(5696K)
[544.676s][info][gc             ] GC(1004) Pause Young (Allocation Failure) 791M->600M(785M) 3.800ms
[544.676s][info][gc,cpu         ] GC(1004) User=0.01s Sys=0.00s Real=0.01s
[545.092s][info][gc,start       ] GC(1005) Pause Young (Allocation Failure)
[545.097s][info][gc,heap        ] GC(1005) PSYoungGen: 190139K(190464K)->2112K(193024K) Eden: 188795K(188928K)->0K(182272K) From: 1343K(1536K)->2112K(10752K)
[545.097s][info][gc,heap        ] GC(1005) ParOldGen: 613098K(613376K)->613114K(613376K)
[545.097s][info][gc,metaspace   ] GC(1005) Metaspace: 57851K(58176K)->57851K(58176K) NonClass: 52221K(52480K)->52221K(52480K) Class: 5629K(5696K)->5629K(5696K)
[545.097s][info][gc             ] GC(1005) Pause Young (Allocation Failure) 784M->600M(787M) 5.149ms
[545.097s][info][gc,cpu         ] GC(1005) User=0.01s Sys=0.00s Real=0.01s
[545.538s][info][gc,start       ] GC(1006) Pause Young (Allocation Failure)
[545.542s][info][gc,heap        ] GC(1006) PSYoungGen: 184384K(193024K)->2142K(178688K) Eden: 182272K(182272K)->0K(176128K) From: 2112K(10752K)->2142K(2560K)
[545.542s][info][gc,heap        ] GC(1006) ParOldGen: 613114K(613376K)->613130K(613376K)
[545.542s][info][gc,metaspace   ] GC(1006) Metaspace: 57851K(58176K)->57851K(58176K) NonClass: 52221K(52480K)->52221K(52480K) Class: 5629K(5696K)->5629K(5696K)
[545.542s][info][gc             ] GC(1006) Pause Young (Allocation Failure) 778M->600M(773M) 4.423ms
[545.542s][info][gc,cpu         ] GC(1006) User=0.00s Sys=0.00s Real=0.00s
[545.909s][info][gc,start       ] GC(1007) Pause Young (Allocation Failure)
[545.911s][info][gc,heap        ] GC(1007) PSYoungGen: 178165K(178688K)->448K(179712K) Eden: 176022K(176128K)->0K(169984K) From: 2142K(2560K)->448K(9728K)
[545.911s][info][gc,heap        ] GC(1007) ParOldGen: 613130K(613376K)->613146K(613376K)
[545.912s][info][gc,metaspace   ] GC(1007) Metaspace: 57851K(58176K)->57851K(58176K) NonClass: 52221K(52480K)->52221K(52480K) Class: 5629K(5696K)->5629K(5696K)
[545.912s][info][gc             ] GC(1007) Pause Young (Allocation Failure) 772M->599M(774M) 2.982ms
[545.912s][info][gc,cpu         ] GC(1007) User=0.01s Sys=0.00s Real=0.00s
[546.306s][info][gc,start       ] GC(1008) Pause Young (Allocation Failure)
[546.309s][info][gc,heap        ] GC(1008) PSYoungGen: 170432K(179712K)->831K(165376K) Eden: 169984K(169984K)->0K(164352K) From: 448K(9728K)->831K(1024K)
[546.309s][info][gc,heap        ] GC(1008) ParOldGen: 613146K(613376K)->613162K(613376K)
[546.309s][info][gc,metaspace   ] GC(1008) Metaspace: 57851K(58176K)->57851K(58176K) NonClass: 52221K(52480K)->52221K(52480K) Class: 5629K(5696K)->5629K(5696K)
[546.309s][info][gc             ] GC(1008) Pause Young (Allocation Failure) 765M->599M(760M) 3.054ms
[546.309s][info][gc,cpu         ] GC(1008) User=0.00s Sys=0.00s Real=0.00s
[546.702s][info][gc,start       ] GC(1009) Pause Young (Allocation Failure)
[546.706s][info][gc,heap        ] GC(1009) PSYoungGen: 165101K(165376K)->2080K(166912K) Eden: 164269K(164352K)->0K(158720K) From: 831K(1024K)->2080K(8192K)
[546.706s][info][gc,heap        ] GC(1009) ParOldGen: 613162K(613376K)->613178K(613376K)
[546.706s][info][gc,metaspace   ] GC(1009) Metaspace: 57851K(58176K)->57851K(58176K) NonClass: 52221K(52480K)->52221K(52480K) Class: 5629K(5696K)->5629K(5696K)
[546.706s][info][gc             ] GC(1009) Pause Young (Allocation Failure) 760M->600M(762M) 4.759ms
[546.706s][info][gc,cpu         ] GC(1009) User=0.01s Sys=0.00s Real=0.01s
[547.083s][info][gc,start       ] GC(1010) Pause Young (Allocation Failure)
[547.088s][info][gc,heap        ] GC(1010) PSYoungGen: 160800K(166912K)->3039K(156672K) Eden: 158720K(158720K)->0K(153600K) From: 2080K(8192K)->3039K(3072K)
[547.088s][info][gc,heap        ] GC(1010) ParOldGen: 613178K(613376K)->613194K(613376K)
[547.088s][info][gc,metaspace   ] GC(1010) Metaspace: 57851K(58176K)->57851K(58176K) NonClass: 52221K(52480K)->52221K(52480K) Class: 5629K(5696K)->5629K(5696K)
[547.088s][info][gc             ] GC(1010) Pause Young (Allocation Failure) 755M->601M(752M) 5.471ms
[547.088s][info][gc,cpu         ] GC(1010) User=0.01s Sys=0.01s Real=0.01s
[547.472s][info][gc,start       ] GC(1011) Pause Young (Allocation Failure)
[547.475s][info][gc,heap        ] GC(1011) PSYoungGen: 156639K(156672K)->1471K(155136K) Eden: 153600K(153600K)->0K(148480K) From: 3039K(3072K)->1471K(6656K)
[547.475s][info][gc,heap        ] GC(1011) ParOldGen: 613194K(613376K)->613210K(613376K)
[547.475s][info][gc,metaspace   ] GC(1011) Metaspace: 57851K(58176K)->57851K(58176K) NonClass: 52221K(52480K)->52221K(52480K) Class: 5629K(5696K)->5629K(5696K)
[547.475s][info][gc             ] GC(1011) Pause Young (Allocation Failure) 751M->600M(750M) 3.749ms
[547.475s][info][gc,cpu         ] GC(1011) User=0.01s Sys=0.00s Real=0.00s
[547.799s][info][gc,start       ] GC(1012) Pause Young (Allocation Failure)
[547.804s][info][gc,heap        ] GC(1012) PSYoungGen: 149879K(155136K)->2688K(161280K) Eden: 148407K(148480K)->0K(148480K) From: 1471K(6656K)->2688K(12800K)
[547.804s][info][gc,heap        ] GC(1012) ParOldGen: 613210K(613376K)->613226K(613376K)
[547.804s][info][gc,metaspace   ] GC(1012) Metaspace: 57851K(58176K)->57851K(58176K) NonClass: 52221K(52480K)->52221K(52480K) Class: 5629K(5696K)->5629K(5696K)
[547.804s][info][gc             ] GC(1012) Pause Young (Allocation Failure) 745M->601M(756M) 5.145ms
[547.804s][info][gc,cpu         ] GC(1012) User=0.01s Sys=0.00s Real=0.00s
[548.172s][info][gc,start       ] GC(1013) Pause Young (Allocation Failure)
[548.175s][info][gc,heap        ] GC(1013) PSYoungGen: 151168K(161280K)->1470K(186880K) Eden: 148480K(148480K)->0K(176640K) From: 2688K(12800K)->1470K(10240K)
[548.176s][info][gc,heap        ] GC(1013) ParOldGen: 613226K(613376K)->613242K(613376K)
[548.176s][info][gc,metaspace   ] GC(1013) Metaspace: 57851K(58176K)->57851K(58176K) NonClass: 52221K(52480K)->52221K(52480K) Class: 5629K(5696K)->5629K(5696K)
[548.176s][info][gc             ] GC(1013) Pause Young (Allocation Failure) 746M->600M(781M) 3.466ms
[548.176s][info][gc,cpu         ] GC(1013) User=0.00s Sys=0.00s Real=0.00s
[548.578s][info][gc,start       ] GC(1014) Pause Young (Allocation Failure)
[548.583s][info][gc,heap        ] GC(1014) PSYoungGen: 178110K(186880K)->2462K(187904K) Eden: 176640K(176640K)->0K(176640K) From: 1470K(10240K)->2462K(11264K)
[548.583s][info][gc,heap        ] GC(1014) ParOldGen: 613242K(613376K)->613258K(613376K)
[548.583s][info][gc,metaspace   ] GC(1014) Metaspace: 57851K(58176K)->57851K(58176K) NonClass: 52221K(52480K)->52221K(52480K) Class: 5629K(5696K)->5629K(5696K)
[548.583s][info][gc             ] GC(1014) Pause Young (Allocation Failure) 772M->601M(782M) 4.982ms
[548.583s][info][gc,cpu         ] GC(1014) User=0.01s Sys=0.00s Real=0.00s
[548.981s][info][gc,start       ] GC(1015) Pause Young (Allocation Failure)
[548.987s][info][gc,heap        ] GC(1015) PSYoungGen: 179102K(187904K)->2878K(219136K) Eden: 176640K(176640K)->0K(210432K) From: 2462K(11264K)->2878K(8704K)
[548.987s][info][gc,heap        ] GC(1015) ParOldGen: 613258K(613376K)->613274K(613376K)
[548.987s][info][gc,metaspace   ] GC(1015) Metaspace: 57851K(58176K)->57851K(58176K) NonClass: 52221K(52480K)->52221K(52480K) Class: 5629K(5696K)->5629K(5696K)
[548.987s][info][gc             ] GC(1015) Pause Young (Allocation Failure) 773M->601M(813M) 5.700ms
[548.987s][info][gc,cpu         ] GC(1015) User=0.01s Sys=0.00s Real=0.01s
[549.489s][info][gc,start       ] GC(1016) Pause Young (Allocation Failure)
[549.493s][info][gc,heap        ] GC(1016) PSYoungGen: 213310K(219136K)->1408K(220160K) Eden: 210432K(210432K)->0K(210432K) From: 2878K(8704K)->1408K(9728K)
[549.493s][info][gc,heap        ] GC(1016) ParOldGen: 613274K(613376K)->613290K(613376K)
[549.493s][info][gc,metaspace   ] GC(1016) Metaspace: 57851K(58176K)->57851K(58176K) NonClass: 52221K(52480K)->52221K(52480K) Class: 5629K(5696K)->5629K(5696K)
[549.493s][info][gc             ] GC(1016) Pause Young (Allocation Failure) 807M->600M(814M) 4.018ms
[549.493s][info][gc,cpu         ] GC(1016) User=0.01s Sys=0.00s Real=0.00s
[549.980s][info][gc,start       ] GC(1017) Pause Young (Allocation Failure)
[549.985s][info][gc,heap        ] GC(1017) PSYoungGen: 211840K(220160K)->1920K(259072K) Eden: 210432K(210432K)->0K(250880K) From: 1408K(9728K)->1920K(8192K)
[549.985s][info][gc,heap        ] GC(1017) ParOldGen: 613290K(613376K)->613306K(613376K)
[549.985s][info][gc,metaspace   ] GC(1017) Metaspace: 57851K(58176K)->57851K(58176K) NonClass: 52221K(52480K)->52221K(52480K) Class: 5629K(5696K)->5629K(5696K)
[549.985s][info][gc             ] GC(1017) Pause Young (Allocation Failure) 805M->600M(852M) 4.940ms
[549.985s][info][gc,cpu         ] GC(1017) User=0.01s Sys=0.00s Real=0.00s
[550.588s][info][gc,start       ] GC(1018) Pause Young (Allocation Failure)
[550.593s][info][gc,heap        ] GC(1018) PSYoungGen: 252800K(259072K)->2142K(243712K) Eden: 250880K(250880K)->0K(241152K) From: 1920K(8192K)->2142K(2560K)
[550.593s][info][gc,heap        ] GC(1018) ParOldGen: 613306K(613376K)->613322K(613376K)
[550.593s][info][gc,metaspace   ] GC(1018) Metaspace: 57851K(58176K)->57851K(58176K) NonClass: 52221K(52480K)->52221K(52480K) Class: 5629K(5696K)->5629K(5696K)
[550.593s][info][gc             ] GC(1018) Pause Young (Allocation Failure) 845M->601M(837M) 4.474ms
[550.593s][info][gc,cpu         ] GC(1018) User=0.01s Sys=0.00s Real=0.00s
[551.112s][info][gc,start       ] GC(1019) Pause Young (Allocation Failure)
[551.116s][info][gc,heap        ] GC(1019) PSYoungGen: 243294K(243712K)->1374K(233472K) Eden: 241152K(241152K)->0K(231936K) From: 2142K(2560K)->1374K(1536K)
[551.116s][info][gc,heap        ] GC(1019) ParOldGen: 613322K(613376K)->613338K(613376K)
[551.116s][info][gc,metaspace   ] GC(1019) Metaspace: 57851K(58176K)->57851K(58176K) NonClass: 52221K(52480K)->52221K(52480K) Class: 5629K(5696K)->5629K(5696K)
[551.116s][info][gc             ] GC(1019) Pause Young (Allocation Failure) 836M->600M(827M) 3.679ms
[551.116s][info][gc,cpu         ] GC(1019) User=0.01s Sys=0.00s Real=0.01s
[551.683s][info][gc,start       ] GC(1020) Pause Young (Allocation Failure)
[551.688s][info][gc,heap        ] GC(1020) PSYoungGen: 233310K(233472K)->3198K(226816K) Eden: 231936K(231936K)->0K(223232K) From: 1374K(1536K)->3198K(3584K)
[551.688s][info][gc,heap        ] GC(1020) ParOldGen: 613338K(613376K)->613354K(613376K)
[551.688s][info][gc,metaspace   ] GC(1020) Metaspace: 57851K(58176K)->57851K(58176K) NonClass: 52221K(52480K)->52221K(52480K) Class: 5629K(5696K)->5629K(5696K)
[551.688s][info][gc             ] GC(1020) Pause Young (Allocation Failure) 826M->602M(820M) 5.110ms
[551.689s][info][gc,cpu         ] GC(1020) User=0.01s Sys=0.00s Real=0.01s
[552.197s][info][gc,start       ] GC(1021) Pause Young (Allocation Failure)
[552.202s][info][gc,heap        ] GC(1021) PSYoungGen: 226430K(226816K)->2815K(218112K) Eden: 223232K(223232K)->0K(215040K) From: 3198K(3584K)->2815K(3072K)
[552.202s][info][gc,heap        ] GC(1021) ParOldGen: 613354K(613376K)->613370K(613376K)
[552.202s][info][gc,metaspace   ] GC(1021) Metaspace: 57851K(58176K)->57851K(58176K) NonClass: 52221K(52480K)->52221K(52480K) Class: 5629K(5696K)->5629K(5696K)
[552.202s][info][gc             ] GC(1021) Pause Young (Allocation Failure) 820M->601M(812M) 5.067ms
[552.202s][info][gc,cpu         ] GC(1021) User=0.01s Sys=0.00s Real=0.00s
[552.698s][info][gc,start       ] GC(1022) Pause Young (Allocation Failure)
[552.702s][info][gc,heap        ] GC(1022) PSYoungGen: 217855K(218112K)->2078K(209920K) Eden: 215040K(215040K)->0K(207360K) From: 2815K(3072K)->2078K(2560K)
[552.702s][info][gc,heap        ] GC(1022) ParOldGen: 613370K(613376K)->613386K(613888K)
[552.702s][info][gc,metaspace   ] GC(1022) Metaspace: 57851K(58176K)->57851K(58176K) NonClass: 52221K(52480K)->52221K(52480K) Class: 5629K(5696K)->5629K(5696K)
[552.702s][info][gc             ] GC(1022) Pause Young (Allocation Failure) 811M->601M(804M) 3.874ms
[552.702s][info][gc,cpu         ] GC(1022) User=0.00s Sys=0.00s Real=0.00s
[553.198s][info][gc,start       ] GC(1023) Pause Young (Allocation Failure)
[553.203s][info][gc,heap        ] GC(1023) PSYoungGen: 209438K(209920K)->3358K(203264K) Eden: 207360K(207360K)->0K(199680K) From: 2078K(2560K)->3358K(3584K)
[553.203s][info][gc,heap        ] GC(1023) ParOldGen: 613386K(613888K)->613402K(613888K)
[553.203s][info][gc,metaspace   ] GC(1023) Metaspace: 57851K(58176K)->57851K(58176K) NonClass: 52221K(52480K)->52221K(52480K) Class: 5629K(5696K)->5629K(5696K)
[553.203s][info][gc             ] GC(1023) Pause Young (Allocation Failure) 803M->602M(798M) 5.463ms
[553.203s][info][gc,cpu         ] GC(1023) User=0.01s Sys=0.00s Real=0.00s
[553.683s][info][gc,start       ] GC(1024) Pause Young (Allocation Failure)
[553.688s][info][gc,heap        ] GC(1024) PSYoungGen: 203038K(203264K)->2719K(195584K) Eden: 199680K(199680K)->0K(192512K) From: 3358K(3584K)->2719K(3072K)
[553.688s][info][gc,heap        ] GC(1024) ParOldGen: 613402K(613888K)->613418K(613888K)
[553.688s][info][gc,metaspace   ] GC(1024) Metaspace: 57851K(58176K)->57851K(58176K) NonClass: 52221K(52480K)->52221K(52480K) Class: 5629K(5696K)->5629K(5696K)
[553.688s][info][gc             ] GC(1024) Pause Young (Allocation Failure) 797M->601M(790M) 4.784ms
[553.688s][info][gc,cpu         ] GC(1024) User=0.01s Sys=0.00s Real=0.01s
[554.137s][info][gc,start       ] GC(1025) Pause Young (Allocation Failure)
[554.156s][info][gc,heap        ] GC(1025) PSYoungGen: 195231K(195584K)->2015K(233984K) Eden: 192512K(192512K)->0K(227328K) From: 2719K(3072K)->2015K(6656K)
[554.156s][info][gc,heap        ] GC(1025) ParOldGen: 613418K(613888K)->613434K(613888K)
[554.156s][info][gc,metaspace   ] GC(1025) Metaspace: 57851K(58176K)->57851K(58176K) NonClass: 52221K(52480K)->52221K(52480K) Class: 5629K(5696K)->5629K(5696K)
[554.156s][info][gc             ] GC(1025) Pause Young (Allocation Failure) 789M->601M(828M) 19.499ms
[554.156s][info][gc,cpu         ] GC(1025) User=0.01s Sys=0.00s Real=0.02s
[554.673s][info][gc,start       ] GC(1026) Pause Young (Allocation Failure)
[554.677s][info][gc,heap        ] GC(1026) PSYoungGen: 229343K(233984K)->992K(233472K) Eden: 227328K(227328K)->0K(227328K) From: 2015K(6656K)->992K(6144K)
[554.677s][info][gc,heap        ] GC(1026) ParOldGen: 613434K(613888K)->613450K(613888K)
[554.677s][info][gc,metaspace   ] GC(1026) Metaspace: 57851K(58176K)->57851K(58176K) NonClass: 52221K(52480K)->52221K(52480K) Class: 5629K(5696K)->5629K(5696K)
[554.677s][info][gc             ] GC(1026) Pause Young (Allocation Failure) 823M->600M(827M) 4.186ms
[554.677s][info][gc,cpu         ] GC(1026) User=0.01s Sys=0.01s Real=0.01s
[555.186s][info][gc,start       ] GC(1027) Pause Young (Allocation Failure)
[555.192s][info][gc,heap        ] GC(1027) PSYoungGen: 228320K(233472K)->2720K(277504K) Eden: 227328K(227328K)->0K(271360K) From: 992K(6144K)->2720K(6144K)
[555.192s][info][gc,heap        ] GC(1027) ParOldGen: 613450K(613888K)->613466K(613888K)
[555.192s][info][gc,metaspace   ] GC(1027) Metaspace: 57851K(58176K)->57851K(58176K) NonClass: 52221K(52480K)->52221K(52480K) Class: 5629K(5696K)->5629K(5696K)
[555.192s][info][gc             ] GC(1027) Pause Young (Allocation Failure) 822M->601M(870M) 5.925ms
[555.192s][info][gc,cpu         ] GC(1027) User=0.01s Sys=0.00s Real=0.00s
[555.888s][info][gc,start       ] GC(1028) Pause Young (Allocation Failure)
[555.901s][info][gc,heap        ] GC(1028) PSYoungGen: 274080K(277504K)->895K(277504K) Eden: 271360K(271360K)->0K(271360K) From: 2720K(6144K)->895K(6144K)
[555.901s][info][gc,heap        ] GC(1028) ParOldGen: 613466K(613888K)->613482K(613888K)
[555.901s][info][gc,metaspace   ] GC(1028) Metaspace: 57851K(58176K)->57851K(58176K) NonClass: 52221K(52480K)->52221K(52480K) Class: 5629K(5696K)->5629K(5696K)
[555.901s][info][gc             ] GC(1028) Pause Young (Allocation Failure) 866M->599M(870M) 13.808ms
[555.901s][info][gc,cpu         ] GC(1028) User=0.01s Sys=0.01s Real=0.01s
[556.470s][info][gc,start       ] GC(1029) Pause Young (Allocation Failure)
[556.486s][info][gc,heap        ] GC(1029) PSYoungGen: 272255K(277504K)->5600K(320000K) Eden: 271360K(271360K)->0K(314368K) From: 895K(6144K)->5600K(5632K)
[556.486s][info][gc,heap        ] GC(1029) ParOldGen: 613482K(613888K)->621821K(622080K)
[556.486s][info][gc,metaspace   ] GC(1029) Metaspace: 57851K(58176K)->57851K(58176K) NonClass: 52221K(52480K)->52221K(52480K) Class: 5629K(5696K)->5629K(5696K)
[556.486s][info][gc             ] GC(1029) Pause Young (Allocation Failure) 864M->612M(920M) 15.699ms
[556.486s][info][gc,cpu         ] GC(1029) User=0.02s Sys=0.01s Real=0.02s
[557.204s][info][gc,start       ] GC(1030) Pause Young (Allocation Failure)
[557.213s][info][gc,heap        ] GC(1030) PSYoungGen: 319968K(320000K)->1854K(324096K) Eden: 314368K(314368K)->0K(314368K) From: 5600K(5632K)->1854K(9728K)
[557.213s][info][gc,heap        ] GC(1030) ParOldGen: 621821K(622080K)->627423K(627712K)
[557.213s][info][gc,metaspace   ] GC(1030) Metaspace: 57851K(58176K)->57851K(58176K) NonClass: 52221K(52480K)->52221K(52480K) Class: 5629K(5696K)->5629K(5696K)
[557.213s][info][gc             ] GC(1030) Pause Young (Allocation Failure) 919M->614M(929M) 9.468ms
[557.213s][info][gc,cpu         ] GC(1030) User=0.01s Sys=0.01s Real=0.01s
[557.908s][info][gc,start       ] GC(1031) Pause Young (Allocation Failure)
[557.913s][info][gc,heap        ] GC(1031) PSYoungGen: 316222K(324096K)->1982K(323072K) Eden: 314368K(314368K)->0K(314368K) From: 1854K(9728K)->1982K(8704K)
[557.913s][info][gc,heap        ] GC(1031) ParOldGen: 627423K(627712K)->627623K(627712K)
[557.913s][info][gc,metaspace   ] GC(1031) Metaspace: 57851K(58176K)->57851K(58176K) NonClass: 52221K(52480K)->52221K(52480K) Class: 5629K(5696K)->5629K(5696K)
[557.913s][info][gc             ] GC(1031) Pause Young (Allocation Failure) 921M->614M(928M) 4.921ms
[557.913s][info][gc,cpu         ] GC(1031) User=0.01s Sys=0.00s Real=0.00s
[558.679s][info][gc,start       ] GC(1032) Pause Young (Allocation Failure)
[558.684s][info][gc,heap        ] GC(1032) PSYoungGen: 316350K(323072K)->2654K(323584K) Eden: 314368K(314368K)->0K(314368K) From: 1982K(8704K)->2654K(9216K)
[558.684s][info][gc,heap        ] GC(1032) ParOldGen: 627623K(627712K)->627639K(627712K)
[558.684s][info][gc,metaspace   ] GC(1032) Metaspace: 57851K(58176K)->57851K(58176K) NonClass: 52221K(52480K)->52221K(52480K) Class: 5629K(5696K)->5629K(5696K)
[558.684s][info][gc             ] GC(1032) Pause Young (Allocation Failure) 921M->615M(929M) 4.765ms
[558.684s][info][gc,cpu         ] GC(1032) User=0.01s Sys=0.00s Real=0.00s
[559.395s][info][gc,start       ] GC(1033) Pause Young (Allocation Failure)
[559.401s][info][gc,heap        ] GC(1033) PSYoungGen: 317022K(323584K)->3294K(323584K) Eden: 314368K(314368K)->0K(315904K) From: 2654K(9216K)->3294K(7680K)
[559.401s][info][gc,heap        ] GC(1033) ParOldGen: 627639K(627712K)->627655K(627712K)
[559.401s][info][gc,metaspace   ] GC(1033) Metaspace: 57851K(58176K)->57851K(58176K) NonClass: 52221K(52480K)->52221K(52480K) Class: 5629K(5696K)->5629K(5696K)
[559.401s][info][gc             ] GC(1033) Pause Young (Allocation Failure) 922M->616M(929M) 5.713ms
[559.401s][info][gc,cpu         ] GC(1033) User=0.01s Sys=0.00s Real=0.01s
[560.115s][info][gc,start       ] GC(1034) Pause Young (Allocation Failure)
[560.118s][info][gc,heap        ] GC(1034) PSYoungGen: 319198K(323584K)->831K(304128K) Eden: 315904K(315904K)->0K(303104K) From: 3294K(7680K)->831K(1024K)
[560.118s][info][gc,heap        ] GC(1034) ParOldGen: 627655K(627712K)->627671K(627712K)
[560.118s][info][gc,metaspace   ] GC(1034) Metaspace: 57851K(58176K)->57851K(58176K) NonClass: 52221K(52480K)->52221K(52480K) Class: 5629K(5696K)->5629K(5696K)
[560.118s][info][gc             ] GC(1034) Pause Young (Allocation Failure) 924M->613M(910M) 3.394ms
[560.118s][info][gc,cpu         ] GC(1034) User=0.00s Sys=0.01s Real=0.01s
[560.870s][info][gc,start       ] GC(1035) Pause Young (Allocation Failure)
[560.873s][info][gc,heap        ] GC(1035) PSYoungGen: 303935K(304128K)->1418K(292864K) Eden: 303104K(303104K)->0K(291328K) From: 831K(1024K)->1418K(1536K)
[560.873s][info][gc,heap        ] GC(1035) ParOldGen: 627671K(627712K)->627687K(627712K)
[560.873s][info][gc,metaspace   ] GC(1035) Metaspace: 57851K(58176K)->57851K(58176K) NonClass: 52221K(52480K)->52221K(52480K) Class: 5629K(5696K)->5629K(5696K)
[560.873s][info][gc             ] GC(1035) Pause Young (Allocation Failure) 909M->614M(899M) 3.787ms
[560.873s][info][gc,cpu         ] GC(1035) User=0.00s Sys=0.00s Real=0.00s
[561.514s][info][gc,start       ] GC(1036) Pause Young (Allocation Failure)
[561.516s][info][gc,heap        ] GC(1036) PSYoungGen: 292746K(292864K)->927K(281088K) Eden: 291328K(291328K)->0K(280064K) From: 1418K(1536K)->927K(1024K)
[561.516s][info][gc,heap        ] GC(1036) ParOldGen: 627687K(627712K)->627703K(627712K)
[561.516s][info][gc,metaspace   ] GC(1036) Metaspace: 57851K(58176K)->57851K(58176K) NonClass: 52221K(52480K)->52221K(52480K) Class: 5629K(5696K)->5629K(5696K)
[561.517s][info][gc             ] GC(1036) Pause Young (Allocation Failure) 898M->613M(887M) 2.892ms
[561.517s][info][gc,cpu         ] GC(1036) User=0.00s Sys=0.00s Real=0.01s
[562.191s][info][gc,start       ] GC(1037) Pause Young (Allocation Failure)
[562.196s][info][gc,heap        ] GC(1037) PSYoungGen: 280991K(281088K)->2559K(271872K) Eden: 280064K(280064K)->0K(269312K) From: 927K(1024K)->2559K(2560K)
[562.196s][info][gc,heap        ] GC(1037) ParOldGen: 627703K(627712K)->627719K(628224K)
[562.196s][info][gc,metaspace   ] GC(1037) Metaspace: 57851K(58176K)->57851K(58176K) NonClass: 52221K(52480K)->52221K(52480K) Class: 5629K(5696K)->5629K(5696K)
[562.196s][info][gc             ] GC(1037) Pause Young (Allocation Failure) 887M->615M(879M) 5.311ms
[562.196s][info][gc,cpu         ] GC(1037) User=0.01s Sys=0.00s Real=0.01s
[562.799s][info][gc,start       ] GC(1038) Pause Young (Allocation Failure)
[562.803s][info][gc,heap        ] GC(1038) PSYoungGen: 271871K(271872K)->1888K(261120K) Eden: 269312K(269312K)->0K(259072K) From: 2559K(2560K)->1888K(2048K)
[562.803s][info][gc,heap        ] GC(1038) ParOldGen: 627719K(628224K)->627735K(628224K)
[562.803s][info][gc,metaspace   ] GC(1038) Metaspace: 57851K(58176K)->57851K(58176K) NonClass: 52221K(52480K)->52221K(52480K) Class: 5629K(5696K)->5629K(5696K)
[562.803s][info][gc             ] GC(1038) Pause Young (Allocation Failure) 878M->614M(868M) 4.428ms
[562.803s][info][gc,cpu         ] GC(1038) User=0.01s Sys=0.00s Real=0.00s
[563.410s][info][gc,start       ] GC(1039) Pause Young (Allocation Failure)
[563.414s][info][gc,heap        ] GC(1039) PSYoungGen: 260960K(261120K)->1375K(250880K) Eden: 259072K(259072K)->0K(249344K) From: 1888K(2048K)->1375K(1536K)
[563.414s][info][gc,heap        ] GC(1039) ParOldGen: 627735K(628224K)->627751K(628224K)
[563.414s][info][gc,metaspace   ] GC(1039) Metaspace: 57851K(58176K)->57851K(58176K) NonClass: 52221K(52480K)->52221K(52480K) Class: 5629K(5696K)->5629K(5696K)
[563.414s][info][gc             ] GC(1039) Pause Young (Allocation Failure) 867M->614M(858M) 3.753ms
[563.414s][info][gc,cpu         ] GC(1039) User=0.00s Sys=0.00s Real=0.00s
[564.002s][info][gc,start       ] GC(1040) Pause Young (Allocation Failure)
[564.006s][info][gc,heap        ] GC(1040) PSYoungGen: 250719K(250880K)->2047K(242176K) Eden: 249344K(249344K)->0K(240128K) From: 1375K(1536K)->2047K(2048K)
[564.006s][info][gc,heap        ] GC(1040) ParOldGen: 627751K(628224K)->627767K(628224K)
[564.006s][info][gc,metaspace   ] GC(1040) Metaspace: 57851K(58176K)->57851K(58176K) NonClass: 52221K(52480K)->52221K(52480K) Class: 5629K(5696K)->5629K(5696K)
[564.006s][info][gc             ] GC(1040) Pause Young (Allocation Failure) 857M->615M(850M) 4.308ms
[564.007s][info][gc,cpu         ] GC(1040) User=0.01s Sys=0.00s Real=0.01s
[564.590s][info][gc,start       ] GC(1041) Pause Young (Allocation Failure)
[564.596s][info][gc,heap        ] GC(1041) PSYoungGen: 242175K(242176K)->3391K(234496K) Eden: 240128K(240128K)->0K(230912K) From: 2047K(2048K)->3391K(3584K)
[564.596s][info][gc,heap        ] GC(1041) ParOldGen: 627767K(628224K)->627783K(628224K)
[564.596s][info][gc,metaspace   ] GC(1041) Metaspace: 57851K(58176K)->57851K(58176K) NonClass: 52221K(52480K)->52221K(52480K) Class: 5629K(5696K)->5629K(5696K)
[564.596s][info][gc             ] GC(1041) Pause Young (Allocation Failure) 849M->616M(842M) 5.750ms
[564.596s][info][gc,cpu         ] GC(1041) User=0.01s Sys=0.00s Real=0.01s
[565.203s][info][gc,start       ] GC(1042) Pause Young (Allocation Failure)
[565.206s][info][gc,heap        ] GC(1042) PSYoungGen: 234210K(234496K)->608K(223232K) Eden: 230819K(230912K)->0K(222208K) From: 3391K(3584K)->608K(1024K)
[565.207s][info][gc,heap        ] GC(1042) ParOldGen: 627783K(628224K)->627799K(628224K)
[565.207s][info][gc,metaspace   ] GC(1042) Metaspace: 57851K(58176K)->57851K(58176K) NonClass: 52221K(52480K)->52221K(52480K) Class: 5629K(5696K)->5629K(5696K)
[565.207s][info][gc             ] GC(1042) Pause Young (Allocation Failure) 841M->613M(831M) 3.061ms
[565.207s][info][gc,cpu         ] GC(1042) User=0.01s Sys=0.00s Real=0.01s
[565.669s][info][gc,start       ] GC(1043) Pause Young (Allocation Failure)
[565.672s][info][gc,heap        ] GC(1043) PSYoungGen: 222816K(223232K)->800K(215040K) Eden: 222208K(222208K)->0K(214016K) From: 608K(1024K)->800K(1024K)
[565.672s][info][gc,heap        ] GC(1043) ParOldGen: 627799K(628224K)->627815K(628224K)
[565.672s][info][gc,metaspace   ] GC(1043) Metaspace: 57851K(58176K)->57851K(58176K) NonClass: 52221K(52480K)->52221K(52480K) Class: 5629K(5696K)->5629K(5696K)
[565.672s][info][gc             ] GC(1043) Pause Young (Allocation Failure) 830M->613M(823M) 3.356ms
[565.672s][info][gc,cpu         ] GC(1043) User=0.00s Sys=0.00s Real=0.00s
[566.172s][info][gc,start       ] GC(1044) Pause Young (Allocation Failure)
[566.175s][info][gc,heap        ] GC(1044) PSYoungGen: 214816K(215040K)->991K(207360K) Eden: 214016K(214016K)->0K(206336K) From: 800K(1024K)->991K(1024K)
[566.175s][info][gc,heap        ] GC(1044) ParOldGen: 627815K(628224K)->627831K(628224K)
[566.175s][info][gc,metaspace   ] GC(1044) Metaspace: 57851K(58176K)->57851K(58176K) NonClass: 52221K(52480K)->52221K(52480K) Class: 5629K(5696K)->5629K(5696K)
[566.175s][info][gc             ] GC(1044) Pause Young (Allocation Failure) 822M->614M(816M) 3.209ms
[566.175s][info][gc,cpu         ] GC(1044) User=0.01s Sys=0.00s Real=0.00s
[566.611s][info][gc,start       ] GC(1045) Pause Young (Allocation Failure)
[566.615s][info][gc,heap        ] GC(1045) PSYoungGen: 207069K(207360K)->960K(200192K) Eden: 206077K(206336K)->0K(199168K) From: 991K(1024K)->960K(1024K)
[566.615s][info][gc,heap        ] GC(1045) ParOldGen: 627831K(628224K)->627847K(628224K)
[566.615s][info][gc,metaspace   ] GC(1045) Metaspace: 57851K(58176K)->57851K(58176K) NonClass: 52221K(52480K)->52221K(52480K) Class: 5629K(5696K)->5629K(5696K)
[566.615s][info][gc             ] GC(1045) Pause Young (Allocation Failure) 815M->614M(809M) 3.609ms
[566.615s][info][gc,cpu         ] GC(1045) User=0.01s Sys=0.00s Real=0.00s
[567.091s][info][gc,start       ] GC(1046) Pause Young (Allocation Failure)
[567.096s][info][gc,heap        ] GC(1046) PSYoungGen: 200128K(200192K)->2208K(194560K) Eden: 199168K(199168K)->0K(192000K) From: 960K(1024K)->2208K(2560K)
[567.096s][info][gc,heap        ] GC(1046) ParOldGen: 627847K(628224K)->627863K(628224K)
[567.096s][info][gc,metaspace   ] GC(1046) Metaspace: 57851K(58176K)->57851K(58176K) NonClass: 52221K(52480K)->52221K(52480K) Class: 5629K(5696K)->5629K(5696K)
[567.096s][info][gc             ] GC(1046) Pause Young (Allocation Failure) 808M->615M(803M) 4.643ms
[567.096s][info][gc,cpu         ] GC(1046) User=0.01s Sys=0.00s Real=0.01s
[567.587s][info][gc,start       ] GC(1047) Pause Young (Allocation Failure)
[567.595s][info][gc,heap        ] GC(1047) PSYoungGen: 194208K(194560K)->1024K(186368K) Eden: 192000K(192000K)->0K(185344K) From: 2208K(2560K)->1024K(1024K)
[567.595s][info][gc,heap        ] GC(1047) ParOldGen: 627863K(628224K)->627879K(628224K)
[567.595s][info][gc,metaspace   ] GC(1047) Metaspace: 57851K(58176K)->57851K(58176K) NonClass: 52221K(52480K)->52221K(52480K) Class: 5629K(5696K)->5629K(5696K)
[567.595s][info][gc             ] GC(1047) Pause Young (Allocation Failure) 802M->614M(795M) 8.000ms
[567.595s][info][gc,cpu         ] GC(1047) User=0.01s Sys=0.00s Real=0.00s
[567.988s][info][gc,start       ] GC(1048) Pause Young (Allocation Failure)
[567.994s][info][gc,heap        ] GC(1048) PSYoungGen: 186304K(186368K)->2304K(223744K) Eden: 185280K(185344K)->0K(221184K) From: 1024K(1024K)->2304K(2560K)
[567.994s][info][gc,heap        ] GC(1048) ParOldGen: 627879K(628224K)->627895K(628224K)
[567.994s][info][gc,metaspace   ] GC(1048) Metaspace: 57851K(58176K)->57851K(58176K) NonClass: 52221K(52480K)->52221K(52480K) Class: 5629K(5696K)->5629K(5696K)
[567.994s][info][gc             ] GC(1048) Pause Young (Allocation Failure) 795M->615M(832M) 6.045ms
[567.994s][info][gc,cpu         ] GC(1048) User=0.01s Sys=0.00s Real=0.00s
[568.492s][info][gc,start       ] GC(1049) Pause Young (Allocation Failure)
[568.497s][info][gc,heap        ] GC(1049) PSYoungGen: 223488K(223744K)->2688K(266752K) Eden: 221184K(221184K)->0K(263680K) From: 2304K(2560K)->2688K(3072K)
[568.497s][info][gc,heap        ] GC(1049) ParOldGen: 627895K(628224K)->627911K(628224K)
[568.497s][info][gc,metaspace   ] GC(1049) Metaspace: 57851K(58176K)->57851K(58176K) NonClass: 52221K(52480K)->52221K(52480K) Class: 5629K(5696K)->5629K(5696K)
[568.497s][info][gc             ] GC(1049) Pause Young (Allocation Failure) 831M->615M(874M) 5.518ms
[568.497s][info][gc,cpu         ] GC(1049) User=0.01s Sys=0.00s Real=0.01s
[569.099s][info][gc,start       ] GC(1050) Pause Young (Allocation Failure)
[569.103s][info][gc,heap        ] GC(1050) PSYoungGen: 266367K(266752K)->2622K(274944K) Eden: 263679K(263680K)->0K(269824K) From: 2688K(3072K)->2622K(5120K)
[569.103s][info][gc,heap        ] GC(1050) ParOldGen: 627911K(628224K)->627927K(628224K)
[569.103s][info][gc,metaspace   ] GC(1050) Metaspace: 57851K(58176K)->57851K(58176K) NonClass: 52221K(52480K)->52221K(52480K) Class: 5629K(5696K)->5629K(5696K)
[569.104s][info][gc             ] GC(1050) Pause Young (Allocation Failure) 873M->615M(882M) 4.561ms
[569.104s][info][gc,cpu         ] GC(1050) User=0.01s Sys=0.00s Real=0.00s
[569.769s][info][gc,start       ] GC(1051) Pause Young (Allocation Failure)
[569.772s][info][gc,heap        ] GC(1051) PSYoungGen: 272446K(274944K)->942K(260608K) Eden: 269824K(269824K)->0K(259584K) From: 2622K(5120K)->942K(1024K)
[569.772s][info][gc,heap        ] GC(1051) ParOldGen: 627927K(628224K)->627943K(628224K)
[569.772s][info][gc,metaspace   ] GC(1051) Metaspace: 57851K(58176K)->57851K(58176K) NonClass: 52221K(52480K)->52221K(52480K) Class: 5629K(5696K)->5629K(5696K)
[569.772s][info][gc             ] GC(1051) Pause Young (Allocation Failure) 879M->614M(868M) 3.443ms
[569.772s][info][gc,cpu         ] GC(1051) User=0.00s Sys=0.00s Real=0.00s
[570.377s][info][gc,start       ] GC(1052) Pause Young (Allocation Failure)
[570.382s][info][gc,heap        ] GC(1052) PSYoungGen: 260526K(260608K)->2206K(254976K) Eden: 259584K(259584K)->0K(249856K) From: 942K(1024K)->2206K(5120K)
[570.382s][info][gc,heap        ] GC(1052) ParOldGen: 627943K(628224K)->627959K(628224K)
[570.382s][info][gc,metaspace   ] GC(1052) Metaspace: 57851K(58176K)->57851K(58176K) NonClass: 52221K(52480K)->52221K(52480K) Class: 5629K(5696K)->5629K(5696K)
[570.382s][info][gc             ] GC(1052) Pause Young (Allocation Failure) 867M->615M(862M) 4.764ms
[570.382s][info][gc,cpu         ] GC(1052) User=0.01s Sys=0.00s Real=0.00s
[570.970s][info][gc,start       ] GC(1053) Pause Young (Allocation Failure)
[570.975s][info][gc,heap        ] GC(1053) PSYoungGen: 252062K(254976K)->1024K(242176K) Eden: 249856K(249856K)->0K(240640K) From: 2206K(5120K)->1024K(1536K)
[570.975s][info][gc,heap        ] GC(1053) ParOldGen: 627959K(628224K)->627975K(628224K)
[570.975s][info][gc,metaspace   ] GC(1053) Metaspace: 57851K(58176K)->57851K(58176K) NonClass: 52221K(52480K)->52221K(52480K) Class: 5629K(5696K)->5629K(5696K)
[570.975s][info][gc             ] GC(1053) Pause Young (Allocation Failure) 859M->614M(850M) 4.792ms
[570.975s][info][gc,cpu         ] GC(1053) User=0.01s Sys=0.01s Real=0.00s
[571.499s][info][gc,start       ] GC(1054) Pause Young (Allocation Failure)
[571.505s][info][gc,heap        ] GC(1054) PSYoungGen: 241664K(242176K)->2431K(233984K) Eden: 240640K(240640K)->0K(231424K) From: 1024K(1536K)->2431K(2560K)
[571.505s][info][gc,heap        ] GC(1054) ParOldGen: 627975K(628224K)->627991K(628224K)
[571.505s][info][gc,metaspace   ] GC(1054) Metaspace: 57851K(58176K)->57851K(58176K) NonClass: 52221K(52480K)->52221K(52480K) Class: 5629K(5696K)->5629K(5696K)
[571.505s][info][gc             ] GC(1054) Pause Young (Allocation Failure) 849M->615M(842M) 5.572ms
[571.505s][info][gc,cpu         ] GC(1054) User=0.01s Sys=0.00s Real=0.00s
[572.073s][info][gc,start       ] GC(1055) Pause Young (Allocation Failure)
[572.078s][info][gc,heap        ] GC(1055) PSYoungGen: 233855K(233984K)->1535K(224256K) Eden: 231424K(231424K)->0K(222720K) From: 2431K(2560K)->1535K(1536K)
[572.078s][info][gc,heap        ] GC(1055) ParOldGen: 627991K(628224K)->628007K(628224K)
[572.078s][info][gc,metaspace   ] GC(1055) Metaspace: 57851K(58176K)->57851K(58176K) NonClass: 52221K(52480K)->52221K(52480K) Class: 5629K(5696K)->5629K(5696K)
[572.078s][info][gc             ] GC(1055) Pause Young (Allocation Failure) 841M->614M(832M) 4.832ms
[572.078s][info][gc,cpu         ] GC(1055) User=0.00s Sys=0.01s Real=0.01s
[572.620s][info][gc,start       ] GC(1056) Pause Young (Allocation Failure)
[572.628s][info][gc,heap        ] GC(1056) PSYoungGen: 224255K(224256K)->2975K(268288K) Eden: 222720K(222720K)->0K(265216K) From: 1535K(1536K)->2975K(3072K)
[572.628s][info][gc,heap        ] GC(1056) ParOldGen: 628007K(628224K)->628023K(628224K)
[572.628s][info][gc,metaspace   ] GC(1056) Metaspace: 57851K(58176K)->57851K(58176K) NonClass: 52221K(52480K)->52221K(52480K) Class: 5629K(5696K)->5629K(5696K)
[572.628s][info][gc             ] GC(1056) Pause Young (Allocation Failure) 832M->616M(875M) 7.502ms
[572.628s][info][gc,cpu         ] GC(1056) User=0.01s Sys=0.00s Real=0.01s
[573.193s][info][gc,start       ] GC(1057) Pause Young (Allocation Failure)
[573.198s][info][gc,heap        ] GC(1057) PSYoungGen: 268110K(268288K)->3104K(306688K) Eden: 265135K(265216K)->0K(302080K) From: 2975K(3072K)->3104K(4608K)
[573.198s][info][gc,heap        ] GC(1057) ParOldGen: 628023K(628224K)->628039K(628224K)
[573.198s][info][gc,metaspace   ] GC(1057) Metaspace: 57851K(58176K)->57851K(58176K) NonClass: 52221K(52480K)->52221K(52480K) Class: 5629K(5696K)->5629K(5696K)
[573.198s][info][gc             ] GC(1057) Pause Young (Allocation Failure) 875M->616M(913M) 5.776ms
[573.198s][info][gc,cpu         ] GC(1057) User=0.01s Sys=0.00s Real=0.01s
[573.935s][info][gc,start       ] GC(1058) Pause Young (Allocation Failure)
[573.939s][info][gc,heap        ] GC(1058) PSYoungGen: 305184K(306688K)->1310K(291840K) Eden: 302080K(302080K)->0K(290304K) From: 3104K(4608K)->1310K(1536K)
[573.939s][info][gc,heap        ] GC(1058) ParOldGen: 628039K(628224K)->628055K(628224K)
[573.939s][info][gc,metaspace   ] GC(1058) Metaspace: 57851K(58176K)->57851K(58176K) NonClass: 52221K(52480K)->52221K(52480K) Class: 5629K(5696K)->5629K(5696K)
[573.939s][info][gc             ] GC(1058) Pause Young (Allocation Failure) 911M->614M(898M) 3.706ms
[573.939s][info][gc,cpu         ] GC(1058) User=0.01s Sys=0.00s Real=0.01s
[574.597s][info][gc,start       ] GC(1059) Pause Young (Allocation Failure)
[574.602s][info][gc,heap        ] GC(1059) PSYoungGen: 291404K(291840K)->2752K(282112K) Eden: 290093K(290304K)->0K(279040K) From: 1310K(1536K)->2752K(3072K)
[574.602s][info][gc,heap        ] GC(1059) ParOldGen: 628055K(628224K)->628071K(628224K)
[574.602s][info][gc,metaspace   ] GC(1059) Metaspace: 57851K(58176K)->57851K(58176K) NonClass: 52221K(52480K)->52221K(52480K) Class: 5629K(5696K)->5629K(5696K)
[574.602s][info][gc             ] GC(1059) Pause Young (Allocation Failure) 897M->616M(889M) 5.467ms
[574.602s][info][gc,cpu         ] GC(1059) User=0.01s Sys=0.00s Real=0.00s
[575.277s][info][gc,start       ] GC(1060) Pause Young (Allocation Failure)
[575.281s][info][gc,heap        ] GC(1060) PSYoungGen: 281792K(282112K)->1599K(270336K) Eden: 279040K(279040K)->0K(268288K) From: 2752K(3072K)->1599K(2048K)
[575.281s][info][gc,heap        ] GC(1060) ParOldGen: 628071K(628224K)->628087K(628224K)
[575.281s][info][gc,metaspace   ] GC(1060) Metaspace: 57851K(58176K)->57851K(58176K) NonClass: 52221K(52480K)->52221K(52480K) Class: 5629K(5696K)->5629K(5696K)
[575.281s][info][gc             ] GC(1060) Pause Young (Allocation Failure) 888M->614M(877M) 3.701ms
[575.281s][info][gc,cpu         ] GC(1060) User=0.00s Sys=0.00s Real=0.00s
[575.889s][info][gc,start       ] GC(1061) Pause Young (Allocation Failure)
[575.895s][info][gc,heap        ] GC(1061) PSYoungGen: 269719K(270336K)->3135K(261632K) Eden: 268120K(268288K)->0K(258048K) From: 1599K(2048K)->3135K(3584K)
[575.895s][info][gc,heap        ] GC(1061) ParOldGen: 628087K(628224K)->628103K(628224K)
[575.895s][info][gc,metaspace   ] GC(1061) Metaspace: 57851K(58176K)->57851K(58176K) NonClass: 52221K(52480K)->52221K(52480K) Class: 5629K(5696K)->5629K(5696K)
[575.895s][info][gc             ] GC(1061) Pause Young (Allocation Failure) 876M->616M(869M) 6.209ms
[575.895s][info][gc,cpu         ] GC(1061) User=0.01s Sys=0.00s Real=0.00s
[576.500s][info][gc,start       ] GC(1062) Pause Young (Allocation Failure)
[576.505s][info][gc,heap        ] GC(1062) PSYoungGen: 261183K(261632K)->2079K(250880K) Eden: 258048K(258048K)->0K(248320K) From: 3135K(3584K)->2079K(2560K)
[576.505s][info][gc,heap        ] GC(1062) ParOldGen: 628103K(628224K)->628119K(628224K)
[576.505s][info][gc,metaspace   ] GC(1062) Metaspace: 57851K(58176K)->57851K(58176K) NonClass: 52221K(52480K)->52221K(52480K) Class: 5629K(5696K)->5629K(5696K)
[576.505s][info][gc             ] GC(1062) Pause Young (Allocation Failure) 868M->615M(858M) 4.337ms
[576.505s][info][gc,cpu         ] GC(1062) User=0.01s Sys=0.00s Real=0.00s
[577.091s][info][gc,start       ] GC(1063) Pause Young (Allocation Failure)
[577.098s][info][gc,heap        ] GC(1063) PSYoungGen: 250399K(250880K)->3392K(242688K) Eden: 248320K(248320K)->0K(239104K) From: 2079K(2560K)->3392K(3584K)
[577.098s][info][gc,heap        ] GC(1063) ParOldGen: 628119K(628224K)->628135K(628224K)
[577.098s][info][gc,metaspace   ] GC(1063) Metaspace: 57851K(58176K)->57851K(58176K) NonClass: 52221K(52480K)->52221K(52480K) Class: 5629K(5696K)->5629K(5696K)
[577.098s][info][gc             ] GC(1063) Pause Young (Allocation Failure) 857M->616M(850M) 7.363ms
[577.098s][info][gc,cpu         ] GC(1063) User=0.01s Sys=0.00s Real=0.01s
[577.678s][info][gc,start       ] GC(1064) Pause Young (Allocation Failure)
[577.682s][info][gc,heap        ] GC(1064) PSYoungGen: 242496K(242688K)->1568K(232448K) Eden: 239104K(239104K)->0K(230400K) From: 3392K(3584K)->1568K(2048K)
[577.682s][info][gc,heap        ] GC(1064) ParOldGen: 628135K(628224K)->628151K(628224K)
[577.682s][info][gc,metaspace   ] GC(1064) Metaspace: 57851K(58176K)->57851K(58176K) NonClass: 52221K(52480K)->52221K(52480K) Class: 5629K(5696K)->5629K(5696K)
[577.682s][info][gc             ] GC(1064) Pause Young (Allocation Failure) 850M->614M(840M) 3.969ms
[577.682s][info][gc,cpu         ] GC(1064) User=0.00s Sys=0.00s Real=0.00s
[578.198s][info][gc,start       ] GC(1065) Pause Young (Allocation Failure)
[578.203s][info][gc,heap        ] GC(1065) PSYoungGen: 231968K(232448K)->2303K(224256K) Eden: 230400K(230400K)->0K(221696K) From: 1568K(2048K)->2303K(2560K)
[578.203s][info][gc,heap        ] GC(1065) ParOldGen: 628151K(628224K)->628167K(628224K)
[578.203s][info][gc,metaspace   ] GC(1065) Metaspace: 57851K(58176K)->57851K(58176K) NonClass: 52221K(52480K)->52221K(52480K) Class: 5629K(5696K)->5629K(5696K)
[578.203s][info][gc             ] GC(1065) Pause Young (Allocation Failure) 839M->615M(832M) 4.524ms
[578.203s][info][gc,cpu         ] GC(1065) User=0.01s Sys=0.00s Real=0.00s
[578.766s][info][gc,start       ] GC(1066) Pause Young (Allocation Failure)
[578.769s][info][gc,heap        ] GC(1066) PSYoungGen: 223999K(224256K)->500K(214016K) Eden: 221696K(221696K)->0K(213504K) From: 2303K(2560K)->500K(512K)
[578.769s][info][gc,heap        ] GC(1066) ParOldGen: 628167K(628224K)->628183K(628224K)
[578.769s][info][gc,metaspace   ] GC(1066) Metaspace: 57851K(58176K)->57851K(58176K) NonClass: 52221K(52480K)->52221K(52480K) Class: 5629K(5696K)->5629K(5696K)
[578.769s][info][gc             ] GC(1066) Pause Young (Allocation Failure) 832M->613M(822M) 2.548ms
[578.769s][info][gc,cpu         ] GC(1066) User=0.00s Sys=0.00s Real=0.00s
[579.211s][info][gc,start       ] GC(1067) Pause Young (Allocation Failure)
[579.214s][info][gc,heap        ] GC(1067) PSYoungGen: 213914K(214016K)->416K(206336K) Eden: 213413K(213504K)->0K(205824K) From: 500K(512K)->416K(512K)
[579.214s][info][gc,heap        ] GC(1067) ParOldGen: 628183K(628224K)->628199K(628224K)
[579.214s][info][gc,metaspace   ] GC(1067) Metaspace: 57851K(58176K)->57851K(58176K) NonClass: 52221K(52480K)->52221K(52480K) Class: 5629K(5696K)->5629K(5696K)
[579.214s][info][gc             ] GC(1067) Pause Young (Allocation Failure) 822M->613M(815M) 2.790ms
[579.214s][info][gc,cpu         ] GC(1067) User=0.00s Sys=0.00s Real=0.00s
[579.700s][info][gc,start       ] GC(1068) Pause Young (Allocation Failure)
[579.705s][info][gc,heap        ] GC(1068) PSYoungGen: 206230K(206336K)->2240K(203264K) Eden: 205814K(205824K)->0K(198656K) From: 416K(512K)->2240K(4608K)
[579.705s][info][gc,heap        ] GC(1068) ParOldGen: 628199K(628224K)->628215K(628224K)
[579.705s][info][gc,metaspace   ] GC(1068) Metaspace: 57851K(58176K)->57851K(58176K) NonClass: 52221K(52480K)->52221K(52480K) Class: 5629K(5696K)->5629K(5696K)
[579.705s][info][gc             ] GC(1068) Pause Young (Allocation Failure) 814M->615M(812M) 4.691ms
[579.705s][info][gc,cpu         ] GC(1068) User=0.01s Sys=0.00s Real=0.00s
[580.184s][info][gc,start       ] GC(1069) Pause Young (Allocation Failure)
[580.189s][info][gc,heap        ] GC(1069) PSYoungGen: 200896K(203264K)->3007K(194560K) Eden: 198656K(198656K)->0K(191488K) From: 2240K(4608K)->3007K(3072K)
[580.189s][info][gc,heap        ] GC(1069) ParOldGen: 628215K(628224K)->628231K(628736K)
[580.189s][info][gc,metaspace   ] GC(1069) Metaspace: 57851K(58176K)->57851K(58176K) NonClass: 52221K(52480K)->52221K(52480K) Class: 5629K(5696K)->5629K(5696K)
[580.189s][info][gc             ] GC(1069) Pause Young (Allocation Failure) 809M->616M(804M) 5.249ms
[580.189s][info][gc,cpu         ] GC(1069) User=0.01s Sys=0.00s Real=0.01s
[580.620s][info][gc,start       ] GC(1070) Pause Young (Allocation Failure)
[580.623s][info][gc,heap        ] GC(1070) PSYoungGen: 194495K(194560K)->64K(185344K) Eden: 191488K(191488K)->0K(184832K) From: 3007K(3072K)->64K(512K)
[580.623s][info][gc,heap        ] GC(1070) ParOldGen: 628231K(628736K)->628247K(628736K)
[580.623s][info][gc,metaspace   ] GC(1070) Metaspace: 57851K(58176K)->57851K(58176K) NonClass: 52221K(52480K)->52221K(52480K) Class: 5629K(5696K)->5629K(5696K)
[580.623s][info][gc             ] GC(1070) Pause Young (Allocation Failure) 803M->613M(795M) 2.274ms
[580.623s][info][gc,cpu         ] GC(1070) User=0.01s Sys=0.00s Real=0.00s
[581.081s][info][gc,start       ] GC(1071) Pause Young (Allocation Failure)
[581.085s][info][gc,heap        ] GC(1071) PSYoungGen: 184896K(185344K)->2463K(180736K) Eden: 184832K(184832K)->0K(178176K) From: 64K(512K)->2463K(2560K)
[581.085s][info][gc,heap        ] GC(1071) ParOldGen: 628247K(628736K)->628263K(628736K)
[581.085s][info][gc,metaspace   ] GC(1071) Metaspace: 57851K(58176K)->57851K(58176K) NonClass: 52221K(52480K)->52221K(52480K) Class: 5629K(5696K)->5629K(5696K)
[581.085s][info][gc             ] GC(1071) Pause Young (Allocation Failure) 794M->615M(790M) 4.558ms
[581.085s][info][gc,cpu         ] GC(1071) User=0.01s Sys=0.00s Real=0.00s
[581.492s][info][gc,start       ] GC(1072) Pause Young (Allocation Failure)
[581.498s][info][gc,heap        ] GC(1072) PSYoungGen: 180639K(180736K)->3135K(175616K) Eden: 178176K(178176K)->0K(172032K) From: 2463K(2560K)->3135K(3584K)
[581.498s][info][gc,heap        ] GC(1072) ParOldGen: 628263K(628736K)->628279K(628736K)
[581.498s][info][gc,metaspace   ] GC(1072) Metaspace: 57851K(58176K)->57851K(58176K) NonClass: 52221K(52480K)->52221K(52480K) Class: 5629K(5696K)->5629K(5696K)
[581.498s][info][gc             ] GC(1072) Pause Young (Allocation Failure) 789M->616M(785M) 5.410ms
[581.498s][info][gc,cpu         ] GC(1072) User=0.01s Sys=0.00s Real=0.01s
[581.897s][info][gc,start       ] GC(1073) Pause Young (Allocation Failure)
[581.902s][info][gc,heap        ] GC(1073) PSYoungGen: 175167K(175616K)->2911K(208384K) Eden: 172032K(172032K)->0K(205312K) From: 3135K(3584K)->2911K(3072K)
[581.902s][info][gc,heap        ] GC(1073) ParOldGen: 628279K(628736K)->628295K(628736K)
[581.902s][info][gc,metaspace   ] GC(1073) Metaspace: 57851K(58176K)->57851K(58176K) NonClass: 52221K(52480K)->52221K(52480K) Class: 5629K(5696K)->5629K(5696K)
[581.902s][info][gc             ] GC(1073) Pause Young (Allocation Failure) 784M->616M(817M) 5.034ms
[581.902s][info][gc,cpu         ] GC(1073) User=0.01s Sys=0.00s Real=0.00s
[582.382s][info][gc,start       ] GC(1074) Pause Young (Allocation Failure)
[582.387s][info][gc,heap        ] GC(1074) PSYoungGen: 208223K(208384K)->2687K(247808K) Eden: 205312K(205312K)->0K(244736K) From: 2911K(3072K)->2687K(3072K)
[582.387s][info][gc,heap        ] GC(1074) ParOldGen: 628295K(628736K)->628311K(628736K)
[582.387s][info][gc,metaspace   ] GC(1074) Metaspace: 57851K(58176K)->57851K(58176K) NonClass: 52221K(52480K)->52221K(52480K) Class: 5629K(5696K)->5629K(5696K)
[582.387s][info][gc             ] GC(1074) Pause Young (Allocation Failure) 816M->616M(856M) 4.959ms
[582.387s][info][gc,cpu         ] GC(1074) User=0.01s Sys=0.00s Real=0.01s
[582.979s][info][gc,start       ] GC(1075) Pause Young (Allocation Failure)
[582.983s][info][gc,heap        ] GC(1075) PSYoungGen: 247150K(247808K)->1696K(237568K) Eden: 244463K(244736K)->0K(235520K) From: 2687K(3072K)->1696K(2048K)
[582.983s][info][gc,heap        ] GC(1075) ParOldGen: 628311K(628736K)->628327K(628736K)
[582.983s][info][gc,metaspace   ] GC(1075) Metaspace: 57851K(58176K)->57851K(58176K) NonClass: 52221K(52480K)->52221K(52480K) Class: 5629K(5696K)->5629K(5696K)
[582.983s][info][gc             ] GC(1075) Pause Young (Allocation Failure) 854M->615M(846M) 4.096ms
[582.983s][info][gc,cpu         ] GC(1075) User=0.00s Sys=0.00s Real=0.00s
[583.503s][info][gc,start       ] GC(1076) Pause Young (Allocation Failure)
[583.507s][info][gc,heap        ] GC(1076) PSYoungGen: 237216K(237568K)->2367K(229376K) Eden: 235520K(235520K)->0K(226816K) From: 1696K(2048K)->2367K(2560K)
[583.507s][info][gc,heap        ] GC(1076) ParOldGen: 628327K(628736K)->628343K(628736K)
[583.507s][info][gc,metaspace   ] GC(1076) Metaspace: 57851K(58176K)->57851K(58176K) NonClass: 52221K(52480K)->52221K(52480K) Class: 5629K(5696K)->5629K(5696K)
[583.507s][info][gc             ] GC(1076) Pause Young (Allocation Failure) 845M->615M(838M) 4.583ms
[583.507s][info][gc,cpu         ] GC(1076) User=0.01s Sys=0.00s Real=0.01s
[584.074s][info][gc,start       ] GC(1077) Pause Young (Allocation Failure)
[584.077s][info][gc,heap        ] GC(1077) PSYoungGen: 229183K(229376K)->1439K(220160K) Eden: 226816K(226816K)->0K(218624K) From: 2367K(2560K)->1439K(1536K)
[584.077s][info][gc,heap        ] GC(1077) ParOldGen: 628343K(628736K)->628359K(628736K)
[584.077s][info][gc,metaspace   ] GC(1077) Metaspace: 57851K(58176K)->57851K(58176K) NonClass: 52221K(52480K)->52221K(52480K) Class: 5629K(5696K)->5629K(5696K)
[584.077s][info][gc             ] GC(1077) Pause Young (Allocation Failure) 837M->615M(829M) 3.611ms
[584.077s][info][gc,cpu         ] GC(1077) User=0.01s Sys=0.00s Real=0.01s
[584.680s][info][gc,start       ] GC(1078) Pause Young (Allocation Failure)
[584.685s][info][gc,heap        ] GC(1078) PSYoungGen: 220063K(220160K)->1856K(212480K) Eden: 218624K(218624K)->0K(210432K) From: 1439K(1536K)->1856K(2048K)
[584.685s][info][gc,heap        ] GC(1078) ParOldGen: 628359K(628736K)->628375K(628736K)
[584.685s][info][gc,metaspace   ] GC(1078) Metaspace: 57851K(58176K)->57851K(58176K) NonClass: 52221K(52480K)->52221K(52480K) Class: 5629K(5696K)->5629K(5696K)
[584.685s][info][gc             ] GC(1078) Pause Young (Allocation Failure) 828M->615M(821M) 4.301ms
[584.685s][info][gc,cpu         ] GC(1078) User=0.01s Sys=0.00s Real=0.00s
[585.176s][info][gc,start       ] GC(1079) Pause Young (Allocation Failure)
[585.181s][info][gc,heap        ] GC(1079) PSYoungGen: 212288K(212480K)->1920K(204800K) Eden: 210432K(210432K)->0K(202752K) From: 1856K(2048K)->1920K(2048K)
[585.181s][info][gc,heap        ] GC(1079) ParOldGen: 628375K(628736K)->628391K(628736K)
[585.181s][info][gc,metaspace   ] GC(1079) Metaspace: 57851K(58176K)->57851K(58176K) NonClass: 52221K(52480K)->52221K(52480K) Class: 5629K(5696K)->5629K(5696K)
[585.181s][info][gc             ] GC(1079) Pause Young (Allocation Failure) 820M->615M(814M) 4.358ms
[585.181s][info][gc,cpu         ] GC(1079) User=0.01s Sys=0.01s Real=0.00s
[585.671s][info][gc,start       ] GC(1080) Pause Young (Allocation Failure)
[585.674s][info][gc,heap        ] GC(1080) PSYoungGen: 204672K(204800K)->966K(196608K) Eden: 202752K(202752K)->0K(195584K) From: 1920K(2048K)->966K(1024K)
[585.674s][info][gc,heap        ] GC(1080) ParOldGen: 628391K(628736K)->628407K(628736K)
[585.674s][info][gc,metaspace   ] GC(1080) Metaspace: 57851K(58176K)->57851K(58176K) NonClass: 52221K(52480K)->52221K(52480K) Class: 5629K(5696K)->5629K(5696K)
[585.674s][info][gc             ] GC(1080) Pause Young (Allocation Failure) 813M->614M(806M) 3.099ms
[585.674s][info][gc,cpu         ] GC(1080) User=0.01s Sys=0.00s Real=0.00s
[586.093s][info][gc,start       ] GC(1081) Pause Young (Allocation Failure)
[586.098s][info][gc,heap        ] GC(1081) PSYoungGen: 196550K(196608K)->2848K(192000K) Eden: 195584K(195584K)->0K(188928K) From: 966K(1024K)->2848K(3072K)
[586.098s][info][gc,heap        ] GC(1081) ParOldGen: 628407K(628736K)->628423K(628736K)
[586.098s][info][gc,metaspace   ] GC(1081) Metaspace: 57851K(58176K)->57851K(58176K) NonClass: 52221K(52480K)->52221K(52480K) Class: 5629K(5696K)->5629K(5696K)
[586.098s][info][gc             ] GC(1081) Pause Young (Allocation Failure) 805M->616M(801M) 5.239ms
[586.098s][info][gc,cpu         ] GC(1081) User=0.01s Sys=0.01s Real=0.01s
[586.621s][info][gc,start       ] GC(1082) Pause Young (Allocation Failure)
[586.623s][info][gc,heap        ] GC(1082) PSYoungGen: 191776K(192000K)->863K(183296K) Eden: 188928K(188928K)->0K(182272K) From: 2848K(3072K)->863K(1024K)
[586.623s][info][gc,heap        ] GC(1082) ParOldGen: 628423K(628736K)->628439K(628736K)
[586.623s][info][gc,metaspace   ] GC(1082) Metaspace: 57851K(58176K)->57851K(58176K) NonClass: 52221K(52480K)->52221K(52480K) Class: 5629K(5696K)->5629K(5696K)
[586.623s][info][gc             ] GC(1082) Pause Young (Allocation Failure) 800M->614M(793M) 2.922ms
[586.623s][info][gc,cpu         ] GC(1082) User=0.00s Sys=0.00s Real=0.00s
[586.979s][info][gc,start       ] GC(1083) Pause Young (Allocation Failure)
[586.983s][info][gc,heap        ] GC(1083) PSYoungGen: 183135K(183296K)->2335K(178688K) Eden: 182272K(182272K)->0K(176128K) From: 863K(1024K)->2335K(2560K)
[586.984s][info][gc,heap        ] GC(1083) ParOldGen: 628439K(628736K)->628455K(628736K)
[586.984s][info][gc,metaspace   ] GC(1083) Metaspace: 57851K(58176K)->57851K(58176K) NonClass: 52221K(52480K)->52221K(52480K) Class: 5629K(5696K)->5629K(5696K)
[586.984s][info][gc             ] GC(1083) Pause Young (Allocation Failure) 792M->616M(788M) 4.900ms
[586.984s][info][gc,cpu         ] GC(1083) User=0.01s Sys=0.00s Real=0.00s
[587.314s][info][gc,start       ] GC(1084) Pause Young (Allocation Failure)
[587.316s][info][gc,heap        ] GC(1084) PSYoungGen: 157450K(178688K)->64K(170496K) Eden: 155115K(176128K)->0K(169984K) From: 2335K(2560K)->64K(512K)
[587.316s][info][gc,heap        ] GC(1084) ParOldGen: 628455K(628736K)->628471K(628736K)
[587.316s][info][gc,metaspace   ] GC(1084) Metaspace: 57855K(58176K)->57855K(58176K) NonClass: 52225K(52480K)->52225K(52480K) Class: 5629K(5696K)->5629K(5696K)
[587.316s][info][gc             ] GC(1084) Pause Young (Allocation Failure) 767M->613M(780M) 2.252ms
[587.316s][info][gc,cpu         ] GC(1084) User=0.01s Sys=0.00s Real=0.01s
[588.985s][info][gc,heap,exit   ] Heap
[588.985s][info][gc,heap,exit   ]  PSYoungGen      total 170496K, used 99331K [0x00000000eba00000, 0x00000000fb700000, 0x0000000100000000)
[588.985s][info][gc,heap,exit   ]   eden space 169984K, 58% used [0x00000000eba00000,0x00000000f1af0cb0,0x00000000f6000000)
[588.985s][info][gc,heap,exit   ]   from space 512K, 12% used [0x00000000fb100000,0x00000000fb110000,0x00000000fb180000)
[588.985s][info][gc,heap,exit   ]   to   space 4608K, 0% used [0x00000000fb280000,0x00000000fb280000,0x00000000fb700000)
[588.985s][info][gc,heap,exit   ]  ParOldGen       total 628736K, used 628471K [0x00000000c2e00000, 0x00000000e9400000, 0x00000000eba00000)
[588.985s][info][gc,heap,exit   ]   object space 628736K, 99% used [0x00000000c2e00000,0x00000000e93bdc88,0x00000000e9400000)
[588.985s][info][gc,heap,exit   ]  Metaspace       used 58398K, committed 58752K, reserved 1114112K
[588.985s][info][gc,heap,exit   ]   class space    used 5779K, committed 5888K, reserved 1048576K
